c197-081:17182:19011 [3] NCCL INFO channel.cc:23 Cuda Alloc Size 768 pointer 0x2ac59bc0aa00
c197-081:17180:19012 [1] NCCL INFO channel.cc:27 Cuda Alloc Size 4 pointer 0x2b421fc0b800
c197-081:17182:19011 [3] NCCL INFO channel.cc:27 Cuda Alloc Size 4 pointer 0x2ac59bc0ae00
c197-081:17180:19012 [1] NCCL INFO channel.cc:23 Cuda Alloc Size 768 pointer 0x2b421fc0ba00
c197-081:17180:19012 [1] NCCL INFO channel.cc:27 Cuda Alloc Size 4 pointer 0x2b421fc0be00
c197-081:17182:19011 [3] NCCL INFO channel.cc:23 Cuda Alloc Size 768 pointer 0x2ac59bc0b000
c197-081:17180:19012 [1] NCCL INFO channel.cc:23 Cuda Alloc Size 768 pointer 0x2b421fc0c000
c197-081:17182:19011 [3] NCCL INFO channel.cc:27 Cuda Alloc Size 4 pointer 0x2ac59bc0b400
c197-081:17180:19012 [1] NCCL INFO channel.cc:27 Cuda Alloc Size 4 pointer 0x2b421fc0c400
c197-081:17182:19011 [3] NCCL INFO channel.cc:23 Cuda Alloc Size 768 pointer 0x2ac59bc0b600
c197-081:17180:19012 [1] NCCL INFO channel.cc:23 Cuda Alloc Size 768 pointer 0x2b421fc0c600
c197-081:17180:19012 [1] NCCL INFO channel.cc:27 Cuda Alloc Size 4 pointer 0x2b421fc0ca00
c197-081:17182:19011 [3] NCCL INFO channel.cc:27 Cuda Alloc Size 4 pointer 0x2ac59bc0ba00
c197-081:17180:19012 [1] NCCL INFO channel.cc:23 Cuda Alloc Size 768 pointer 0x2b421fc0cc00
c197-081:17182:19011 [3] NCCL INFO channel.cc:23 Cuda Alloc Size 768 pointer 0x2ac59bc0bc00
c197-081:17180:19012 [1] NCCL INFO channel.cc:27 Cuda Alloc Size 4 pointer 0x2b421fc0d000
c197-081:17182:19011 [3] NCCL INFO channel.cc:27 Cuda Alloc Size 4 pointer 0x2ac59bc0c000
c197-081:17180:19012 [1] NCCL INFO channel.cc:23 Cuda Alloc Size 768 pointer 0x2b421fc0d200
c197-081:17180:19012 [1] NCCL INFO channel.cc:27 Cuda Alloc Size 4 pointer 0x2b421fc0d600
c197-081:17182:19011 [3] NCCL INFO channel.cc:23 Cuda Alloc Size 768 pointer 0x2ac59bc0c200
c197-081:17180:19012 [1] NCCL INFO channel.cc:23 Cuda Alloc Size 768 pointer 0x2b421fc0d800
c197-081:17182:19011 [3] NCCL INFO channel.cc:27 Cuda Alloc Size 4 pointer 0x2ac59bc0c600
c197-081:17180:19012 [1] NCCL INFO channel.cc:27 Cuda Alloc Size 4 pointer 0x2b421fc0dc00
c197-081:17182:19011 [3] NCCL INFO channel.cc:23 Cuda Alloc Size 768 pointer 0x2ac59bc0c800
c197-081:17180:19012 [1] NCCL INFO channel.cc:23 Cuda Alloc Size 768 pointer 0x2b421fc0de00
c197-081:17182:19011 [3] NCCL INFO channel.cc:27 Cuda Alloc Size 4 pointer 0x2ac59bc0cc00
c197-081:17180:19012 [1] NCCL INFO channel.cc:27 Cuda Alloc Size 4 pointer 0x2b421fc0e200
c197-081:17180:19012 [1] NCCL INFO channel.cc:23 Cuda Alloc Size 768 pointer 0x2b421fc0e400
c197-081:17182:19011 [3] NCCL INFO channel.cc:23 Cuda Alloc Size 768 pointer 0x2ac59bc0ce00
c197-081:17180:19012 [1] NCCL INFO channel.cc:27 Cuda Alloc Size 4 pointer 0x2b421fc0e800
c197-081:17182:19011 [3] NCCL INFO channel.cc:27 Cuda Alloc Size 4 pointer 0x2ac59bc0d200
c197-081:17180:19012 [1] NCCL INFO channel.cc:23 Cuda Alloc Size 768 pointer 0x2b421fc0ea00
c197-081:17182:19011 [3] NCCL INFO channel.cc:23 Cuda Alloc Size 768 pointer 0x2ac59bc0d400
c197-081:17180:19012 [1] NCCL INFO channel.cc:27 Cuda Alloc Size 4 pointer 0x2b421fc0ee00
c197-081:17182:19011 [3] NCCL INFO channel.cc:27 Cuda Alloc Size 4 pointer 0x2ac59bc0d800
c197-081:17180:19012 [1] NCCL INFO channel.cc:23 Cuda Alloc Size 768 pointer 0x2b421fc0f000
c197-081:17180:19012 [1] NCCL INFO channel.cc:27 Cuda Alloc Size 4 pointer 0x2b421fc0f400
c197-081:17182:19011 [3] NCCL INFO channel.cc:23 Cuda Alloc Size 768 pointer 0x2ac59bc0da00
c197-081:17182:19011 [3] NCCL INFO channel.cc:27 Cuda Alloc Size 4 pointer 0x2ac59bc0de00
c197-081:17182:19011 [3] NCCL INFO channel.cc:23 Cuda Alloc Size 768 pointer 0x2ac59bc0e000
c197-081:17180:19012 [1] NCCL INFO Connected all rings
c197-081:17182:19011 [3] NCCL INFO channel.cc:27 Cuda Alloc Size 4 pointer 0x2ac59bc0e400
c197-081:17180:19012 [1] NCCL INFO Connected all trees
c197-081:17180:19012 [1] NCCL INFO 32 coll channels, 32 p2p channels, 32 p2p channels per peer
c197-081:17182:19011 [3] NCCL INFO channel.cc:23 Cuda Alloc Size 768 pointer 0x2ac59bc0e600
c197-081:17182:19011 [3] NCCL INFO channel.cc:27 Cuda Alloc Size 4 pointer 0x2ac59bc0ea00
c197-081:17182:19011 [3] NCCL INFO channel.cc:23 Cuda Alloc Size 768 pointer 0x2ac59bc0ec00
c197-081:17182:19011 [3] NCCL INFO channel.cc:27 Cuda Alloc Size 4 pointer 0x2ac59bc0f000
c197-081:17182:19011 [3] NCCL INFO channel.cc:23 Cuda Alloc Size 768 pointer 0x2ac59bc0f200
c197-081:17182:19011 [3] NCCL INFO channel.cc:27 Cuda Alloc Size 4 pointer 0x2ac59bc0f600
c197-081:17182:19011 [3] NCCL INFO channel.cc:23 Cuda Alloc Size 768 pointer 0x2ac59bc0f800
c197-081:17182:19011 [3] NCCL INFO channel.cc:27 Cuda Alloc Size 4 pointer 0x2ac59bc0fc00
c197-081:17182:19011 [3] NCCL INFO channel.cc:23 Cuda Alloc Size 768 pointer 0x2ac59bc0fe00
c197-081:17182:19011 [3] NCCL INFO channel.cc:27 Cuda Alloc Size 4 pointer 0x2ac59bc10200
c197-081:17181:19014 [2] NCCL INFO Mem Realloc old size 0, new size 8 pointer 0x2ba2cc0008c0
c197-081:17182:19011 [3] NCCL INFO channel.cc:23 Cuda Alloc Size 768 pointer 0x2ac59bc10400
c197-081:17182:19011 [3] NCCL INFO channel.cc:27 Cuda Alloc Size 4 pointer 0x2ac59bc10800
c197-081:17182:19011 [3] NCCL INFO channel.cc:23 Cuda Alloc Size 768 pointer 0x2ac59bc10a00
c197-081:17182:19011 [3] NCCL INFO channel.cc:27 Cuda Alloc Size 4 pointer 0x2ac59bc10e00
c197-081:17181:19014 [2] NCCL INFO Allocated 4194656 bytes of shared memory in /dev/shm/nccl-6OyXhc

c197-081:17182:19011 [3] NCCL INFO channel.cc:23 Cuda Alloc Size 768 pointer 0x2ac59bc11000
c197-081:17179:19015 [0] NCCL INFO Mem Realloc old size 0, new size 8 pointer 0x2ae5600008c0
c197-081:17182:19011 [3] NCCL INFO channel.cc:27 Cuda Alloc Size 4 pointer 0x2ac59bc11400
c197-081:17182:19011 [3] NCCL INFO channel.cc:23 Cuda Alloc Size 768 pointer 0x2ac59bc11600
c197-081:17182:19011 [3] NCCL INFO channel.cc:27 Cuda Alloc Size 4 pointer 0x2ac59bc11a00
c197-081:17179:19015 [0] NCCL INFO Allocated 4194656 bytes of shared memory in /dev/shm/nccl-ZB8d0V

c197-081:17182:19011 [3] NCCL INFO Connected all rings
c197-081:17182:19011 [3] NCCL INFO Connected all trees
c197-081:17182:19011 [3] NCCL INFO 32 coll channels, 32 p2p channels, 32 p2p channels per peer
c197-081:17180:19016 [1] NCCL INFO Mem Realloc old size 0, new size 8 pointer 0x2b424c0008c0
c197-081:17180:19016 [1] NCCL INFO Allocated 4194656 bytes of shared memory in /dev/shm/nccl-9fkqGc

c197-081:17182:19017 [3] NCCL INFO Mem Realloc old size 0, new size 8 pointer 0x2ac5bc049370
c197-081:17182:19017 [3] NCCL INFO Allocated 4194656 bytes of shared memory in /dev/shm/nccl-dV5XTL

c197-081:17179:19015 [0] NCCL INFO New proxy send connection 0 from local rank 0, transport 2
c197-081:17179:19013 [0] NCCL INFO Connection to proxy localRank 0 -> connection 0x2ae560002010
c197-081:17181:19014 [2] NCCL INFO New proxy send connection 0 from local rank 0, transport 2
c197-081:17181:19010 [2] NCCL INFO Connection to proxy localRank 0 -> connection 0x2ba2cc002010
c197-081:17181:19010 [2] NCCL INFO init.cc:367 Cuda Alloc Size 5168 pointer 0x2ba2a3c0f600
c197-081:17179:19013 [0] NCCL INFO init.cc:367 Cuda Alloc Size 5168 pointer 0x2ae533c0f600
c197-081:17180:19016 [1] NCCL INFO New proxy send connection 0 from local rank 0, transport 2
c197-081:17180:19012 [1] NCCL INFO Connection to proxy localRank 0 -> connection 0x2b424c002010
c197-081:17180:19012 [1] NCCL INFO init.cc:367 Cuda Alloc Size 5168 pointer 0x2b421fc0f600
c197-081:17182:19017 [3] NCCL INFO New proxy send connection 0 from local rank 0, transport 2
c197-081:17182:19011 [3] NCCL INFO Connection to proxy localRank 0 -> connection 0x2ac5bc071010
c197-081:17182:19011 [3] NCCL INFO init.cc:367 Cuda Alloc Size 5168 pointer 0x2ac59bc11c00
c197-081:17179:19015 [0] NCCL INFO transport/net.cc:376 Cuda Alloc Size 67108864 pointer 0x2ae56c000000
c197-081:17181:19014 [2] NCCL INFO transport/net.cc:376 Cuda Alloc Size 67108864 pointer 0x2ba2dc000000
c197-081:17180:19016 [1] NCCL INFO transport/net.cc:376 Cuda Alloc Size 67108864 pointer 0x2b4258000000
c197-081:17182:19017 [3] NCCL INFO transport/net.cc:376 Cuda Alloc Size 67108864 pointer 0x2ac5f4000000
c197-081:17181:19010 [2] NCCL INFO init.cc:392 Cuda Host Alloc Size 33554432 pointer 0x2ba2da000000
c197-081:17181:19010 [2] NCCL INFO init.cc:398 Cuda Host Alloc Size 128 pointer 0x2ba2a3200600
c197-081:17181:19010 [2] NCCL INFO comm 0xf66bec0 rank 0 nranks 1 cudaDev 2 busId 82000 - Init COMPLETE
c197-081:17181:17181 [2] NCCL INFO AllReduce: opCount 0 sendbuff 0x2ba298c00400 recvbuff 0x2ba298c00400 count 1 datatype 4 op 0 root 0 comm 0xf66bec0 [nranks=1] stream 0xb7cd500
c197-081:17181:17181 [2] NCCL INFO init.cc:1147 Cuda Host Alloc Size 4 pointer 0x2ba2a3200800
c197-081:17179:19013 [0] NCCL INFO init.cc:392 Cuda Host Alloc Size 33554432 pointer 0x2ae570000000
c197-081:17179:19013 [0] NCCL INFO init.cc:398 Cuda Host Alloc Size 128 pointer 0x2ae533200600
c197-081:17181:19022 [2] NCCL INFO Using network IB
c197-081:17179:19013 [0] NCCL INFO comm 0xf695230 rank 0 nranks 1 cudaDev 0 busId 2000 - Init COMPLETE
c197-081:17179:17179 [0] NCCL INFO AllReduce: opCount 0 sendbuff 0x2ae528c00400 recvbuff 0x2ae528c00400 count 1 datatype 4 op 0 root 0 comm 0xf695230 [nranks=1] stream 0xbe29460
c197-081:17179:17179 [0] NCCL INFO init.cc:1147 Cuda Host Alloc Size 4 pointer 0x2ae533200800
c197-081:17179:19023 [0] NCCL INFO Using network IB
c197-081:17180:19012 [1] NCCL INFO init.cc:392 Cuda Host Alloc Size 33554432 pointer 0x2b425c000000
c197-081:17180:19012 [1] NCCL INFO init.cc:398 Cuda Host Alloc Size 128 pointer 0x2b421f200600
c197-081:17180:19012 [1] NCCL INFO comm 0xe24c740 rank 0 nranks 1 cudaDev 1 busId 3000 - Init COMPLETE
c197-081:17180:17180 [1] NCCL INFO AllReduce: opCount 0 sendbuff 0x2b4218c00400 recvbuff 0x2b4218c00400 count 1 datatype 4 op 0 root 0 comm 0xe24c740 [nranks=1] stream 0xa3ae150
c197-081:17180:17180 [1] NCCL INFO init.cc:1147 Cuda Host Alloc Size 4 pointer 0x2b421f200800
c197-081:17180:19024 [1] NCCL INFO Using network IB
c197-081:17182:19011 [3] NCCL INFO init.cc:392 Cuda Host Alloc Size 33554432 pointer 0x2ac5f8000000
c197-081:17182:19011 [3] NCCL INFO init.cc:398 Cuda Host Alloc Size 128 pointer 0x2ac59b200a00
c197-081:17182:19011 [3] NCCL INFO comm 0xfdde210 rank 0 nranks 1 cudaDev 3 busId 83000 - Init COMPLETE
c197-081:17182:17182 [3] NCCL INFO AllReduce: opCount 0 sendbuff 0x2ac590c00400 recvbuff 0x2ac590c00400 count 1 datatype 4 op 0 root 0 comm 0xfdde210 [nranks=1] stream 0xb1a1f90
c197-081:17182:17182 [3] NCCL INFO init.cc:1147 Cuda Host Alloc Size 4 pointer 0x2ac59b200c00
c197-081:17182:19025 [3] NCCL INFO Using network IB
c197-081:17182:19025 [3] NCCL INFO NET/IB : GPU Direct RDMA Disabled for HCA 0 'mlx4_0'
c197-081:17182:19025 [3] NCCL INFO === System : maxBw 6.0 totalBw 12.0 ===
c197-081:17182:19025 [3] NCCL INFO CPU/0 (1/1/1)
c197-081:17182:19025 [3] NCCL INFO + PCI[12.0] - GPU/2000 (4)
c197-081:17182:19025 [3] NCCL INFO + PCI[12.0] - GPU/3000 (5)
c197-081:17182:19025 [3] NCCL INFO + PCI[6.0] - NIC/1000
c197-081:17182:19025 [3] NCCL INFO              + NET[7.0] - NET/0 (a3788600034b6b50/1/7.000000)
c197-081:17182:19025 [3] NCCL INFO + SYS[6.0] - CPU/1
c197-081:17182:19025 [3] NCCL INFO CPU/1 (1/1/1)
c197-081:17182:19025 [3] NCCL INFO + PCI[12.0] - GPU/82000 (6)
c197-081:17182:19025 [3] NCCL INFO + PCI[12.0] - GPU/83000 (7)
c197-081:17182:19025 [3] NCCL INFO + SYS[6.0] - CPU/0
c197-081:17182:19025 [3] NCCL INFO ==========================================
c197-081:17182:19025 [3] NCCL INFO GPU/2000 :GPU/2000 (0/5000.000000/LOC) GPU/3000 (2/12.000000/PHB) GPU/82000 (3/6.000000/SYS) GPU/83000 (3/6.000000/SYS) CPU/0 (1/12.000000/PHB) CPU/1 (2/6.000000/SYS) NET/0 (3/6.000000/PHB) 
c197-081:17182:19025 [3] NCCL INFO GPU/3000 :GPU/2000 (2/12.000000/PHB) GPU/3000 (0/5000.000000/LOC) GPU/82000 (3/6.000000/SYS) GPU/83000 (3/6.000000/SYS) CPU/0 (1/12.000000/PHB) CPU/1 (2/6.000000/SYS) NET/0 (3/6.000000/PHB) 
c197-081:17182:19025 [3] NCCL INFO GPU/82000 :GPU/2000 (3/6.000000/SYS) GPU/3000 (3/6.000000/SYS) GPU/82000 (0/5000.000000/LOC) GPU/83000 (2/12.000000/PHB) CPU/0 (2/6.000000/SYS) CPU/1 (1/12.000000/PHB) NET/0 (4/6.000000/SYS) 
c197-081:17182:19025 [3] NCCL INFO GPU/83000 :GPU/2000 (3/6.000000/SYS) GPU/3000 (3/6.000000/SYS) GPU/82000 (2/12.000000/PHB) GPU/83000 (0/5000.000000/LOC) CPU/0 (2/6.000000/SYS) CPU/1 (1/12.000000/PHB) NET/0 (4/6.000000/SYS) 
c197-081:17182:19025 [3] NCCL INFO NET/0 :GPU/2000 (3/6.000000/PHB) GPU/3000 (3/6.000000/PHB) GPU/82000 (4/6.000000/SYS) GPU/83000 (4/6.000000/SYS) CPU/0 (2/6.000000/PHB) CPU/1 (3/6.000000/SYS) NET/0 (0/5000.000000/LOC) 
c197-081:17182:19025 [3] NCCL INFO Setting affinity for GPU 3 to ff00ff00
c197-081:17179:19023 [0] NCCL INFO NET/IB : GPU Direct RDMA Disabled for HCA 0 'mlx4_0'
c197-081:17182:19025 [3] NCCL INFO Pattern 4, crossNic 0, nChannels 1, bw 6.000000/6.000000, type SYS/SYS, sameChannels 1
c197-081:17182:19025 [3] NCCL INFO  0 : NET/0 GPU/4 GPU/5 GPU/6 GPU/7 NET/0
c197-081:17180:19024 [1] NCCL INFO NET/IB : GPU Direct RDMA Disabled for HCA 0 'mlx4_0'
c197-081:17181:19022 [2] NCCL INFO NET/IB : GPU Direct RDMA Disabled for HCA 0 'mlx4_0'
c197-081:17182:19025 [3] NCCL INFO Pattern 1, crossNic 0, nChannels 1, bw 6.000000/5.000000, type SYS/SYS, sameChannels 1
c197-081:17182:19025 [3] NCCL INFO  0 : NET/0 GPU/4 GPU/5 GPU/6 GPU/7 NET/0
c197-081:17182:19025 [3] NCCL INFO Pattern 3, crossNic 0, nChannels 0, bw 0.000000/0.000000, type NVL/PIX, sameChannels 1
c197-081:17179:19023 [0] NCCL INFO === System : maxBw 6.0 totalBw 12.0 ===
c197-081:17179:19023 [0] NCCL INFO CPU/0 (1/1/1)
c197-081:17179:19023 [0] NCCL INFO + PCI[12.0] - GPU/2000 (4)
c197-081:17179:19023 [0] NCCL INFO + PCI[12.0] - GPU/3000 (5)
c197-081:17179:19023 [0] NCCL INFO + PCI[6.0] - NIC/1000
c197-081:17179:19023 [0] NCCL INFO              + NET[7.0] - NET/0 (a3788600034b6b50/1/7.000000)
c197-081:17179:19023 [0] NCCL INFO + SYS[6.0] - CPU/1
c197-081:17179:19023 [0] NCCL INFO CPU/1 (1/1/1)
c197-081:17179:19023 [0] NCCL INFO + PCI[12.0] - GPU/82000 (6)
c197-081:17179:19023 [0] NCCL INFO + PCI[12.0] - GPU/83000 (7)
c197-081:17179:19023 [0] NCCL INFO + SYS[6.0] - CPU/0
c197-081:17179:19023 [0] NCCL INFO ==========================================
c197-081:17179:19023 [0] NCCL INFO GPU/2000 :GPU/2000 (0/5000.000000/LOC) GPU/3000 (2/12.000000/PHB) GPU/82000 (3/6.000000/SYS) GPU/83000 (3/6.000000/SYS) CPU/0 (1/12.000000/PHB) CPU/1 (2/6.000000/SYS) NET/0 (3/6.000000/PHB) 
c197-081:17180:19024 [1] NCCL INFO === System : maxBw 6.0 totalBw 12.0 ===
c197-081:17179:19023 [0] NCCL INFO GPU/3000 :GPU/2000 (2/12.000000/PHB) GPU/3000 (0/5000.000000/LOC) GPU/82000 (3/6.000000/SYS) GPU/83000 (3/6.000000/SYS) CPU/0 (1/12.000000/PHB) CPU/1 (2/6.000000/SYS) NET/0 (3/6.000000/PHB) 
c197-081:17180:19024 [1] NCCL INFO CPU/0 (1/1/1)
c197-081:17179:19023 [0] NCCL INFO GPU/82000 :GPU/2000 (3/6.000000/SYS) GPU/3000 (3/6.000000/SYS) GPU/82000 (0/5000.000000/LOC) GPU/83000 (2/12.000000/PHB) CPU/0 (2/6.000000/SYS) CPU/1 (1/12.000000/PHB) NET/0 (4/6.000000/SYS) 
c197-081:17181:19022 [2] NCCL INFO === System : maxBw 6.0 totalBw 12.0 ===
c197-081:17180:19024 [1] NCCL INFO + PCI[12.0] - GPU/2000 (4)
c197-081:17181:19022 [2] NCCL INFO CPU/0 (1/1/1)
c197-081:17179:19023 [0] NCCL INFO GPU/83000 :GPU/2000 (3/6.000000/SYS) GPU/3000 (3/6.000000/SYS) GPU/82000 (2/12.000000/PHB) GPU/83000 (0/5000.000000/LOC) CPU/0 (2/6.000000/SYS) CPU/1 (1/12.000000/PHB) NET/0 (4/6.000000/SYS) 
c197-081:17180:19024 [1] NCCL INFO + PCI[12.0] - GPU/3000 (5)
c197-081:17181:19022 [2] NCCL INFO + PCI[12.0] - GPU/2000 (4)
c197-081:17180:19024 [1] NCCL INFO + PCI[6.0] - NIC/1000
c197-081:17181:19022 [2] NCCL INFO + PCI[12.0] - GPU/3000 (5)
c197-081:17179:19023 [0] NCCL INFO NET/0 :GPU/2000 (3/6.000000/PHB) GPU/3000 (3/6.000000/PHB) GPU/82000 (4/6.000000/SYS) GPU/83000 (4/6.000000/SYS) CPU/0 (2/6.000000/PHB) CPU/1 (3/6.000000/SYS) NET/0 (0/5000.000000/LOC) 
c197-081:17180:19024 [1] NCCL INFO              + NET[7.0] - NET/0 (a3788600034b6b50/1/7.000000)
c197-081:17181:19022 [2] NCCL INFO + PCI[6.0] - NIC/1000
c197-081:17180:19024 [1] NCCL INFO + SYS[6.0] - CPU/1
c197-081:17181:19022 [2] NCCL INFO              + NET[7.0] - NET/0 (a3788600034b6b50/1/7.000000)
c197-081:17179:19023 [0] NCCL INFO Setting affinity for GPU 0 to ff00ff
c197-081:17180:19024 [1] NCCL INFO CPU/1 (1/1/1)
c197-081:17181:19022 [2] NCCL INFO + SYS[6.0] - CPU/1
c197-081:17180:19024 [1] NCCL INFO + PCI[12.0] - GPU/82000 (6)
c197-081:17181:19022 [2] NCCL INFO CPU/1 (1/1/1)
c197-081:17180:19024 [1] NCCL INFO + PCI[12.0] - GPU/83000 (7)
c197-081:17181:19022 [2] NCCL INFO + PCI[12.0] - GPU/82000 (6)
c197-081:17180:19024 [1] NCCL INFO + SYS[6.0] - CPU/0
c197-081:17181:19022 [2] NCCL INFO + PCI[12.0] - GPU/83000 (7)
c197-081:17180:19024 [1] NCCL INFO ==========================================
c197-081:17181:19022 [2] NCCL INFO + SYS[6.0] - CPU/0
c197-081:17181:19022 [2] NCCL INFO ==========================================
c197-081:17180:19024 [1] NCCL INFO GPU/2000 :GPU/2000 (0/5000.000000/LOC) GPU/3000 (2/12.000000/PHB) GPU/82000 (3/6.000000/SYS) GPU/83000 (3/6.000000/SYS) CPU/0 (1/12.000000/PHB) CPU/1 (2/6.000000/SYS) NET/0 (3/6.000000/PHB) 
c197-081:17181:19022 [2] NCCL INFO GPU/2000 :GPU/2000 (0/5000.000000/LOC) GPU/3000 (2/12.000000/PHB) GPU/82000 (3/6.000000/SYS) GPU/83000 (3/6.000000/SYS) CPU/0 (1/12.000000/PHB) CPU/1 (2/6.000000/SYS) NET/0 (3/6.000000/PHB) 
c197-081:17180:19024 [1] NCCL INFO GPU/3000 :GPU/2000 (2/12.000000/PHB) GPU/3000 (0/5000.000000/LOC) GPU/82000 (3/6.000000/SYS) GPU/83000 (3/6.000000/SYS) CPU/0 (1/12.000000/PHB) CPU/1 (2/6.000000/SYS) NET/0 (3/6.000000/PHB) 
c197-081:17181:19022 [2] NCCL INFO GPU/3000 :GPU/2000 (2/12.000000/PHB) GPU/3000 (0/5000.000000/LOC) GPU/82000 (3/6.000000/SYS) GPU/83000 (3/6.000000/SYS) CPU/0 (1/12.000000/PHB) CPU/1 (2/6.000000/SYS) NET/0 (3/6.000000/PHB) 
c197-081:17180:19024 [1] NCCL INFO GPU/82000 :GPU/2000 (3/6.000000/SYS) GPU/3000 (3/6.000000/SYS) GPU/82000 (0/5000.000000/LOC) GPU/83000 (2/12.000000/PHB) CPU/0 (2/6.000000/SYS) CPU/1 (1/12.000000/PHB) NET/0 (4/6.000000/SYS) 
c197-081:17181:19022 [2] NCCL INFO GPU/82000 :GPU/2000 (3/6.000000/SYS) GPU/3000 (3/6.000000/SYS) GPU/82000 (0/5000.000000/LOC) GPU/83000 (2/12.000000/PHB) CPU/0 (2/6.000000/SYS) CPU/1 (1/12.000000/PHB) NET/0 (4/6.000000/SYS) 
c197-081:17180:19024 [1] NCCL INFO GPU/83000 :GPU/2000 (3/6.000000/SYS) GPU/3000 (3/6.000000/SYS) GPU/82000 (2/12.000000/PHB) GPU/83000 (0/5000.000000/LOC) CPU/0 (2/6.000000/SYS) CPU/1 (1/12.000000/PHB) NET/0 (4/6.000000/SYS) 
c197-081:17181:19022 [2] NCCL INFO GPU/83000 :GPU/2000 (3/6.000000/SYS) GPU/3000 (3/6.000000/SYS) GPU/82000 (2/12.000000/PHB) GPU/83000 (0/5000.000000/LOC) CPU/0 (2/6.000000/SYS) CPU/1 (1/12.000000/PHB) NET/0 (4/6.000000/SYS) 
c197-081:17180:19024 [1] NCCL INFO NET/0 :GPU/2000 (3/6.000000/PHB) GPU/3000 (3/6.000000/PHB) GPU/82000 (4/6.000000/SYS) GPU/83000 (4/6.000000/SYS) CPU/0 (2/6.000000/PHB) CPU/1 (3/6.000000/SYS) NET/0 (0/5000.000000/LOC) 
c197-081:17181:19022 [2] NCCL INFO NET/0 :GPU/2000 (3/6.000000/PHB) GPU/3000 (3/6.000000/PHB) GPU/82000 (4/6.000000/SYS) GPU/83000 (4/6.000000/SYS) CPU/0 (2/6.000000/PHB) CPU/1 (3/6.000000/SYS) NET/0 (0/5000.000000/LOC) 
c197-081:17180:19024 [1] NCCL INFO Setting affinity for GPU 1 to ff00ff
c197-081:17181:19022 [2] NCCL INFO Setting affinity for GPU 2 to ff00ff00
c197-081:17179:19023 [0] NCCL INFO Pattern 4, crossNic 0, nChannels 1, bw 6.000000/6.000000, type SYS/SYS, sameChannels 1
c197-081:17179:19023 [0] NCCL INFO  0 : NET/0 GPU/4 GPU/5 GPU/6 GPU/7 NET/0
c197-081:17181:19022 [2] NCCL INFO Pattern 4, crossNic 0, nChannels 1, bw 6.000000/6.000000, type SYS/SYS, sameChannels 1
c197-081:17180:19024 [1] NCCL INFO Pattern 4, crossNic 0, nChannels 1, bw 6.000000/6.000000, type SYS/SYS, sameChannels 1
c197-081:17181:19022 [2] NCCL INFO  0 : NET/0 GPU/4 GPU/5 GPU/6 GPU/7 NET/0
c197-081:17180:19024 [1] NCCL INFO  0 : NET/0 GPU/4 GPU/5 GPU/6 GPU/7 NET/0
c197-081:17179:19023 [0] NCCL INFO Pattern 1, crossNic 0, nChannels 1, bw 6.000000/5.000000, type SYS/SYS, sameChannels 1
c197-081:17179:19023 [0] NCCL INFO  0 : NET/0 GPU/4 GPU/5 GPU/6 GPU/7 NET/0
c197-081:17181:19022 [2] NCCL INFO Pattern 1, crossNic 0, nChannels 1, bw 6.000000/5.000000, type SYS/SYS, sameChannels 1
c197-081:17181:19022 [2] NCCL INFO  0 : NET/0 GPU/4 GPU/5 GPU/6 GPU/7 NET/0
c197-081:17180:19024 [1] NCCL INFO Pattern 1, crossNic 0, nChannels 1, bw 6.000000/5.000000, type SYS/SYS, sameChannels 1
c197-081:17180:19024 [1] NCCL INFO  0 : NET/0 GPU/4 GPU/5 GPU/6 GPU/7 NET/0
c197-081:17179:19023 [0] NCCL INFO Pattern 3, crossNic 0, nChannels 0, bw 0.000000/0.000000, type NVL/PIX, sameChannels 1
c197-081:17181:19022 [2] NCCL INFO Pattern 3, crossNic 0, nChannels 0, bw 0.000000/0.000000, type NVL/PIX, sameChannels 1
c197-081:17180:19024 [1] NCCL INFO Pattern 3, crossNic 0, nChannels 0, bw 0.000000/0.000000, type NVL/PIX, sameChannels 1
c197-081:17182:19025 [3] NCCL INFO Ring 00 : 6 -> 7 -> 0
c197-081:17182:19025 [3] NCCL INFO Ring 01 : 6 -> 7 -> 0
c197-081:17181:19022 [2] NCCL INFO Ring 00 : 5 -> 6 -> 7
c197-081:17182:19025 [3] NCCL INFO Trees [0] -1/-1/-1->7->6 [1] -1/-1/-1->7->6
c197-081:17180:19024 [1] NCCL INFO Tree 0 : 4 -> 5 -> 6/-1/-1
c197-081:17181:19022 [2] NCCL INFO Ring 01 : 5 -> 6 -> 7
c197-081:17179:19023 [0] NCCL INFO Tree 0 : 0 -> 4 -> 5/-1/-1
c197-081:17182:19025 [3] NCCL INFO misc/utils.cc:235 memory stack hunk malloc(65536)
c197-081:17180:19024 [1] NCCL INFO Tree 1 : 4 -> 5 -> 6/-1/-1
c197-081:17181:19022 [2] NCCL INFO Trees [0] 7/-1/-1->6->5 [1] 7/-1/-1->6->5
c197-081:17179:19023 [0] NCCL INFO Tree 1 : -1 -> 4 -> 5/0/-1
c197-081:17181:19022 [2] NCCL INFO misc/utils.cc:235 memory stack hunk malloc(65536)
c197-081:17180:19024 [1] NCCL INFO Ring 00 : 4 -> 5 -> 6
c197-081:17179:19023 [0] NCCL INFO Ring 00 : 3 -> 4 -> 5
c197-081:17180:19024 [1] NCCL INFO Ring 01 : 4 -> 5 -> 6
c197-081:17179:19023 [0] NCCL INFO Ring 01 : 3 -> 4 -> 5
c197-081:17180:19024 [1] NCCL INFO Trees [0] 6/-1/-1->5->4 [1] 6/-1/-1->5->4
c197-081:17179:19023 [0] NCCL INFO Trees [0] 5/-1/-1->4->0 [1] 5/0/-1->4->-1
c197-081:17180:19024 [1] NCCL INFO misc/utils.cc:235 memory stack hunk malloc(65536)
c197-081:17179:19023 [0] NCCL INFO misc/utils.cc:235 memory stack hunk malloc(65536)
c197-081:17182:19025 [3] NCCL INFO channel.cc:23 Cuda Alloc Size 3456 pointer 0x2ac59bc13200
c197-081:17181:19022 [2] NCCL INFO channel.cc:23 Cuda Alloc Size 3456 pointer 0x2ba2a3c10c00
c197-081:17182:19025 [3] NCCL INFO channel.cc:27 Cuda Alloc Size 32 pointer 0x2ac59bc14000
c197-081:17180:19024 [1] NCCL INFO channel.cc:23 Cuda Alloc Size 3456 pointer 0x2b421fc10c00
c197-081:17182:19025 [3] NCCL INFO channel.cc:23 Cuda Alloc Size 3456 pointer 0x2ac59bc14200
c197-081:17181:19022 [2] NCCL INFO channel.cc:27 Cuda Alloc Size 32 pointer 0x2ba2a3c11a00
c197-081:17179:19023 [0] NCCL INFO channel.cc:23 Cuda Alloc Size 3456 pointer 0x2ae533c10c00
c197-081:17182:19025 [3] NCCL INFO channel.cc:27 Cuda Alloc Size 32 pointer 0x2ac59bc15000
c197-081:17180:19024 [1] NCCL INFO channel.cc:27 Cuda Alloc Size 32 pointer 0x2b421fc11a00
c197-081:17181:19022 [2] NCCL INFO channel.cc:23 Cuda Alloc Size 3456 pointer 0x2ba2a3c11c00
c197-081:17179:19023 [0] NCCL INFO channel.cc:27 Cuda Alloc Size 32 pointer 0x2ae533c11a00
c197-081:17180:19024 [1] NCCL INFO channel.cc:23 Cuda Alloc Size 3456 pointer 0x2b421fc11c00
c197-081:17181:19022 [2] NCCL INFO channel.cc:27 Cuda Alloc Size 32 pointer 0x2ba2a3c12a00
c197-081:17179:19023 [0] NCCL INFO channel.cc:23 Cuda Alloc Size 3456 pointer 0x2ae533c11c00
c197-081:17180:19024 [1] NCCL INFO channel.cc:27 Cuda Alloc Size 32 pointer 0x2b421fc12a00
c197-081:17182:19025 [3] NCCL INFO Allocated 9637888 bytes of shared memory in /dev/shm/nccl-wxOHqD

c197-081:17179:19023 [0] NCCL INFO channel.cc:27 Cuda Alloc Size 32 pointer 0x2ae533c12a00
c197-081:17181:19022 [2] NCCL INFO Allocated 9637888 bytes of shared memory in /dev/shm/nccl-tlrOO3

c197-081:17180:19024 [1] NCCL INFO Allocated 9637888 bytes of shared memory in /dev/shm/nccl-2Nlhd4

c197-081:17179:19027 [0] NCCL INFO Mem Realloc old size 0, new size 8 pointer 0x2ae5740009c0
c197-081:17179:19027 [0] NCCL INFO Allocated 4194656 bytes of shared memory in /dev/shm/nccl-LMMpxN

c197-081:17179:19027 [0] NCCL INFO New proxy recv connection 0 from local rank 0, transport 2
c197-081:17179:19023 [0] NCCL INFO Connection to proxy localRank 0 -> connection 0x2ae574002010
c197-081:17179:19023 [0] NCCL INFO Channel 00/0 : 3[83000] -> 4[2000] [receive] via NET/IB/0
c197-081:17179:19027 [0] NCCL INFO New proxy recv connection 1 from local rank 0, transport 2
c197-081:17182:19025 [3] NCCL INFO Allocated 9637888 bytes of shared memory in /dev/shm/nccl-74UoYu

c197-081:17181:19022 [2] NCCL INFO Allocated 9637888 bytes of shared memory in /dev/shm/nccl-ouqCmV

c197-081:17180:19024 [1] NCCL INFO Allocated 9637888 bytes of shared memory in /dev/shm/nccl-rvkeLV

c197-081:17181:19022 [2] NCCL INFO Allocated 4096 bytes of shared memory in /dev/shm/nccl-G7EnVM

c197-081:17181:19022 [2] NCCL INFO Channel 00 : 6[82000] -> 7[83000] via SHM/direct/direct
c197-081:17181:19022 [2] NCCL INFO Allocated 4096 bytes of shared memory in /dev/shm/nccl-MkPauE

c197-081:17181:19022 [2] NCCL INFO Channel 01 : 6[82000] -> 7[83000] via SHM/direct/direct
c197-081:17182:19026 [3] NCCL INFO Mem Realloc old size 0, new size 8 pointer 0x2ac6000009c0
c197-081:17182:19026 [3] NCCL INFO Allocated 4194656 bytes of shared memory in /dev/shm/nccl-5Nfoxm

c197-081:17180:19024 [1] NCCL INFO Allocated 4096 bytes of shared memory in /dev/shm/nccl-8vXekN

c197-081:17180:19024 [1] NCCL INFO Channel 00 : 5[3000] -> 6[82000] via SHM/direct/direct
c197-081:17180:19024 [1] NCCL INFO Allocated 4096 bytes of shared memory in /dev/shm/nccl-GzfhTE

c197-081:17180:19024 [1] NCCL INFO Channel 01 : 5[3000] -> 6[82000] via SHM/direct/direct
c197-081:17182:19026 [3] NCCL INFO New proxy send connection 0 from local rank 3, transport 2
c197-081:17182:19025 [3] NCCL INFO Connection to proxy localRank 3 -> connection 0x2ac600002010
c197-081:17182:19025 [3] NCCL INFO Channel 00/0 : 7[83000] -> 0[2000] [send] via NET/IB/0
c197-081:17182:19026 [3] NCCL INFO New proxy send connection 1 from local rank 3, transport 2
c197-081:17179:19023 [0] NCCL INFO Connection to proxy localRank 0 -> connection 0x2ae574002050
c197-081:17179:19023 [0] NCCL INFO Channel 01/0 : 3[83000] -> 4[2000] [receive] via NET/IB/0
c197-081:17179:19023 [0] NCCL INFO Allocated 4096 bytes of shared memory in /dev/shm/nccl-U0mEaF

c197-081:17179:19023 [0] NCCL INFO Channel 00 : 4[2000] -> 5[3000] via SHM/direct/direct
c197-081:17179:19023 [0] NCCL INFO Allocated 4096 bytes of shared memory in /dev/shm/nccl-SQyWNw

c197-081:17179:19023 [0] NCCL INFO Channel 01 : 4[2000] -> 5[3000] via SHM/direct/direct
c197-081:17180:19024 [1] NCCL INFO Connected all rings
c197-081:17180:19024 [1] NCCL INFO Allocated 9637888 bytes of shared memory in /dev/shm/nccl-Mc2bxw

c197-081:17180:19024 [1] NCCL INFO Allocated 9637888 bytes of shared memory in /dev/shm/nccl-vqF7bo

c197-081:17182:19025 [3] NCCL INFO Connection to proxy localRank 3 -> connection 0x2ac600002050
c197-081:17182:19025 [3] NCCL INFO Channel 01/0 : 7[83000] -> 0[2000] [send] via NET/IB/0
c197-081:17182:19026 [3] NCCL INFO transport/net_ib.cc:596 Ib Alloc Size 26560 pointer 0x2ac600014000
c197-081:17182:19026 [3] NCCL INFO NET/IB: Dev 0 Port 1 qpn 61779 mtu 5 LID 62
c197-081:17182:19026 [3] NCCL INFO transport/net_ib.cc:653 Ib Alloc Size 552 pointer 0x2ac60001c000
c197-081:17181:19022 [2] NCCL INFO Connected all rings
c197-081:17181:19022 [2] NCCL INFO Allocated 9637888 bytes of shared memory in /dev/shm/nccl-lvJJ9v

c197-081:17180:19024 [1] NCCL INFO Allocated 4096 bytes of shared memory in /dev/shm/nccl-BPI5Rf

c197-081:17180:19024 [1] NCCL INFO Channel 00 : 5[3000] -> 4[2000] via SHM/direct/direct
c197-081:17180:19024 [1] NCCL INFO Allocated 4096 bytes of shared memory in /dev/shm/nccl-7XU5x7

c197-081:17182:19026 [3] NCCL INFO transport/net.cc:571 Cuda Host Alloc Size 9641984 pointer 0x2ac5eb400000
c197-081:17180:19024 [1] NCCL INFO Channel 01 : 5[3000] -> 4[2000] via SHM/direct/direct
c197-081:17182:19026 [3] NCCL INFO transport/net_ib.cc:596 Ib Alloc Size 26560 pointer 0x2ac60001d000
c197-081:17182:19026 [3] NCCL INFO NET/IB: Dev 0 Port 1 qpn 61780 mtu 5 LID 62
c197-081:17182:19026 [3] NCCL INFO transport/net_ib.cc:653 Ib Alloc Size 552 pointer 0x2ac600025000
c197-081:17179:19027 [0] NCCL INFO transport/net_ib.cc:683 Ib Alloc Size 21688 pointer 0x2ae574014000
c197-081:17179:19027 [0] NCCL INFO transport/net_ib.cc:696 Ib Alloc Size 552 pointer 0x2ae57401b000
c197-081:17181:19022 [2] NCCL INFO Allocated 9637888 bytes of shared memory in /dev/shm/nccl-dk5gQn

c197-081:17179:19027 [0] NCCL INFO transport/net_ib.cc:771 Ib Alloc Size 552 pointer 0x2ae57401d000
c197-081:17182:19026 [3] NCCL INFO transport/net.cc:571 Cuda Host Alloc Size 9641984 pointer 0x2ac5dd400000
c197-081:17182:19025 [3] NCCL INFO Connected all rings
c197-081:17182:19025 [3] NCCL INFO Allocated 4096 bytes of shared memory in /dev/shm/nccl-gPJzee

c197-081:17182:19025 [3] NCCL INFO Channel 00 : 7[83000] -> 6[82000] via SHM/direct/direct
c197-081:17182:19025 [3] NCCL INFO Allocated 4096 bytes of shared memory in /dev/shm/nccl-RxK0V5

c197-081:17179:19027 [0] NCCL INFO transport/net.cc:698 Cuda Host Alloc Size 9641984 pointer 0x2ae549400000
c197-081:17182:19025 [3] NCCL INFO Channel 01 : 7[83000] -> 6[82000] via SHM/direct/direct
c197-081:17181:19022 [2] NCCL INFO Allocated 4096 bytes of shared memory in /dev/shm/nccl-RssMxf

c197-081:17181:19022 [2] NCCL INFO Channel 00 : 6[82000] -> 5[3000] via SHM/direct/direct
c197-081:17181:19022 [2] NCCL INFO Allocated 4096 bytes of shared memory in /dev/shm/nccl-bHnjf7

c197-081:17181:19022 [2] NCCL INFO Channel 01 : 6[82000] -> 5[3000] via SHM/direct/direct
c197-081:17179:19027 [0] NCCL INFO transport/net_ib.cc:683 Ib Alloc Size 21688 pointer 0x2ae57401d000
c197-081:17179:19027 [0] NCCL INFO transport/net_ib.cc:696 Ib Alloc Size 552 pointer 0x2ae574024000
c197-081:17179:19027 [0] NCCL INFO transport/net_ib.cc:771 Ib Alloc Size 552 pointer 0x2ae574024000
c197-081:17182:19025 [3] NCCL INFO Connected all trees
c197-081:17182:19025 [3] NCCL INFO threadThresholds 8/8/64 | 64/8/64 | 512 | 512
c197-081:17182:19025 [3] NCCL INFO 2 coll channels, 2 p2p channels, 2 p2p channels per peer
c197-081:17182:19026 [3] NCCL INFO New proxy send connection 2 from local rank 3, transport 2
c197-081:17181:19022 [2] NCCL INFO Connected all trees
c197-081:17181:19022 [2] NCCL INFO threadThresholds 8/8/64 | 64/8/64 | 512 | 512
c197-081:17181:19022 [2] NCCL INFO 2 coll channels, 2 p2p channels, 2 p2p channels per peer
c197-081:17181:19029 [2] NCCL INFO Mem Realloc old size 0, new size 8 pointer 0x2ba2e40009c0
c197-081:17181:19029 [2] NCCL INFO Allocated 4194656 bytes of shared memory in /dev/shm/nccl-wLXJXY

c197-081:17179:19027 [0] NCCL INFO transport/net.cc:698 Cuda Host Alloc Size 9641984 pointer 0x2ae57c000000
c197-081:17179:19023 [0] NCCL INFO Connected all rings
c197-081:17179:19027 [0] NCCL INFO New proxy recv connection 2 from local rank 0, transport 2
c197-081:17181:19029 [2] NCCL INFO New proxy send connection 0 from local rank 2, transport 2
c197-081:17181:19022 [2] NCCL INFO Connection to proxy localRank 2 -> connection 0x2ba2e4002010
c197-081:17181:19029 [2] NCCL INFO transport/net.cc:376 Cuda Alloc Size 4194304 pointer 0x2ba2b5400000
c197-081:17182:19025 [3] NCCL INFO Connection to proxy localRank 3 -> connection 0x2ac600002090
c197-081:17182:19026 [3] NCCL INFO transport/net.cc:376 Cuda Alloc Size 4194304 pointer 0x2ac5e3a00000
c197-081:17179:19023 [0] NCCL INFO Connection to proxy localRank 0 -> connection 0x2ae574002090
c197-081:17179:19023 [0] NCCL INFO Channel 00/0 : 0[2000] -> 4[2000] [receive] via NET/IB/0
c197-081:17179:19027 [0] NCCL INFO New proxy recv connection 3 from local rank 0, transport 2
c197-081:17179:19023 [0] NCCL INFO Connection to proxy localRank 0 -> connection 0x2ae5740020d0
c197-081:17179:19023 [0] NCCL INFO Channel 01/0 : 0[2000] -> 4[2000] [receive] via NET/IB/0
c197-081:17179:19027 [0] NCCL INFO New proxy send connection 4 from local rank 0, transport 2
c197-081:17179:19023 [0] NCCL INFO Connection to proxy localRank 0 -> connection 0x2ae574002110
c197-081:17179:19023 [0] NCCL INFO Channel 00/0 : 4[2000] -> 0[2000] [send] via NET/IB/0
c197-081:17179:19027 [0] NCCL INFO New proxy send connection 5 from local rank 0, transport 2
c197-081:17179:19023 [0] NCCL INFO Connection to proxy localRank 0 -> connection 0x2ae574002150
c197-081:17179:19023 [0] NCCL INFO Channel 01/0 : 4[2000] -> 0[2000] [send] via NET/IB/0
c197-081:17179:19027 [0] NCCL INFO transport/net_ib.cc:596 Ib Alloc Size 26560 pointer 0x2ae57403a000
c197-081:17179:19027 [0] NCCL INFO NET/IB: Dev 0 Port 1 qpn 61783 mtu 5 LID 62
c197-081:17179:19027 [0] NCCL INFO transport/net_ib.cc:653 Ib Alloc Size 552 pointer 0x2ae574042000
c197-081:17179:19027 [0] NCCL INFO transport/net.cc:571 Cuda Host Alloc Size 9641984 pointer 0x2ae57ca00000
c197-081:17179:19027 [0] NCCL INFO transport/net_ib.cc:596 Ib Alloc Size 26560 pointer 0x2ae574044000
c197-081:17179:19027 [0] NCCL INFO NET/IB: Dev 0 Port 1 qpn 61784 mtu 5 LID 62
c197-081:17179:19027 [0] NCCL INFO transport/net_ib.cc:653 Ib Alloc Size 552 pointer 0x2ae57404c000
c197-081:17179:19027 [0] NCCL INFO transport/net.cc:571 Cuda Host Alloc Size 9641984 pointer 0x2ae57d400000
c197-081:17179:19027 [0] NCCL INFO transport/net_ib.cc:683 Ib Alloc Size 21688 pointer 0x2ae57404e000
c197-081:17179:19027 [0] NCCL INFO transport/net_ib.cc:696 Ib Alloc Size 552 pointer 0x2ae574055000
c197-081:17179:19027 [0] NCCL INFO transport/net_ib.cc:771 Ib Alloc Size 552 pointer 0x2ae574055000
c197-081:17179:19027 [0] NCCL INFO transport/net.cc:698 Cuda Host Alloc Size 9641984 pointer 0x2ae57e000000
c197-081:17179:19027 [0] NCCL INFO Mem Realloc old size 768, new size 1536 pointer 0x2ae57404c720
c197-081:17179:19027 [0] NCCL INFO transport/net_ib.cc:683 Ib Alloc Size 21688 pointer 0x2ae574057000
c197-081:17179:19027 [0] NCCL INFO transport/net_ib.cc:696 Ib Alloc Size 552 pointer 0x2ae57405e000
c197-081:17179:19027 [0] NCCL INFO transport/net_ib.cc:771 Ib Alloc Size 552 pointer 0x2ae57405e000
c197-081:17179:19027 [0] NCCL INFO transport/net.cc:698 Cuda Host Alloc Size 9641984 pointer 0x2ae57ea00000
c197-081:17179:19023 [0] NCCL INFO Allocated 9637888 bytes of shared memory in /dev/shm/nccl-KwImXo

c197-081:17179:19023 [0] NCCL INFO Allocated 9637888 bytes of shared memory in /dev/shm/nccl-aKgN7g

c197-081:17179:19023 [0] NCCL INFO Connected all trees
c197-081:17179:19023 [0] NCCL INFO threadThresholds 8/8/64 | 64/8/64 | 512 | 512
c197-081:17179:19023 [0] NCCL INFO 2 coll channels, 2 p2p channels, 2 p2p channels per peer
c197-081:17179:19027 [0] NCCL INFO New proxy send connection 6 from local rank 0, transport 2
c197-081:17180:19024 [1] NCCL INFO Connected all trees
c197-081:17180:19024 [1] NCCL INFO threadThresholds 8/8/64 | 64/8/64 | 512 | 512
c197-081:17180:19024 [1] NCCL INFO 2 coll channels, 2 p2p channels, 2 p2p channels per peer
c197-081:17180:19028 [1] NCCL INFO Mem Realloc old size 0, new size 8 pointer 0x2b42640009c0
c197-081:17180:19028 [1] NCCL INFO Allocated 4194656 bytes of shared memory in /dev/shm/nccl-Dv0kKZ

c197-081:17180:19028 [1] NCCL INFO New proxy send connection 0 from local rank 1, transport 2
c197-081:17180:19024 [1] NCCL INFO Connection to proxy localRank 1 -> connection 0x2b4264002010
c197-081:17180:19028 [1] NCCL INFO transport/net.cc:376 Cuda Alloc Size 4194304 pointer 0x2b4235400000
c197-081:17179:19023 [0] NCCL INFO Connection to proxy localRank 0 -> connection 0x2ae574002190
c197-081:17181:19022 [2] NCCL INFO init.cc:367 Cuda Alloc Size 5168 pointer 0x2ba2a3c12c00
c197-081:17182:19025 [3] NCCL INFO init.cc:367 Cuda Alloc Size 5168 pointer 0x2ac59bc15200
c197-081:17180:19024 [1] NCCL INFO init.cc:367 Cuda Alloc Size 5168 pointer 0x2b421fc12c00
c197-081:17179:19027 [0] NCCL INFO transport/net.cc:376 Cuda Alloc Size 4194304 pointer 0x2ae57f400000
c197-081:17179:19023 [0] NCCL INFO init.cc:367 Cuda Alloc Size 5168 pointer 0x2ae533c12c00
c197-081:17179:19023 [0] NCCL INFO init.cc:392 Cuda Host Alloc Size 33554432 pointer 0x2ae580000000
c197-081:17179:19023 [0] NCCL INFO init.cc:398 Cuda Host Alloc Size 128 pointer 0x2ae533200a00
c197-081:17179:19023 [0] NCCL INFO comm 0xf698c30 rank 4 nranks 8 cudaDev 0 busId 2000 - Init COMPLETE
c197-081:17179:17179 [0] NCCL INFO AllReduce: opCount 0 sendbuff 0x2ae528c00400 recvbuff 0x2ae528c00400 count 1 datatype 4 op 0 root 0 comm 0xf698c30 [nranks=8] stream 0x98dccb0
c197-081:17179:17179 [0] NCCL INFO misc/utils.cc:235 memory stack hunk malloc(65536)
c197-081:17180:19024 [1] NCCL INFO init.cc:392 Cuda Host Alloc Size 33554432 pointer 0x2b426c000000
c197-081:17180:19024 [1] NCCL INFO init.cc:398 Cuda Host Alloc Size 128 pointer 0x2b421f200a00
c197-081:17180:19024 [1] NCCL INFO comm 0xe24f5b0 rank 5 nranks 8 cudaDev 1 busId 3000 - Init COMPLETE
c197-081:17180:17180 [1] NCCL INFO AllReduce: opCount 0 sendbuff 0x2b4218c00400 recvbuff 0x2b4218c00400 count 1 datatype 4 op 0 root 0 comm 0xe24f5b0 [nranks=8] stream 0x9618190
c197-081:17180:17180 [1] NCCL INFO misc/utils.cc:235 memory stack hunk malloc(65536)
c197-081:17182:19025 [3] NCCL INFO init.cc:392 Cuda Host Alloc Size 33554432 pointer 0x2ac60c000000
c197-081:17182:19025 [3] NCCL INFO init.cc:398 Cuda Host Alloc Size 128 pointer 0x2ac59b200e00
c197-081:17182:19025 [3] NCCL INFO comm 0xfde1270 rank 7 nranks 8 cudaDev 3 busId 83000 - Init COMPLETE
c197-081:17181:19022 [2] NCCL INFO init.cc:392 Cuda Host Alloc Size 33554432 pointer 0x2ba2f0000000
c197-081:17181:19022 [2] NCCL INFO init.cc:398 Cuda Host Alloc Size 128 pointer 0x2ba2a3200a00
c197-081:17182:17182 [3] NCCL INFO AllReduce: opCount 0 sendbuff 0x2ac590c00400 recvbuff 0x2ac590c00400 count 1 datatype 4 op 0 root 0 comm 0xfde1270 [nranks=8] stream 0xa0b15f0
c197-081:17182:17182 [3] NCCL INFO misc/utils.cc:235 memory stack hunk malloc(65536)
c197-081:17181:19022 [2] NCCL INFO comm 0xf66ed00 rank 6 nranks 8 cudaDev 2 busId 82000 - Init COMPLETE
c197-081:17181:17181 [2] NCCL INFO AllReduce: opCount 0 sendbuff 0x2ba298c00400 recvbuff 0x2ba298c00400 count 1 datatype 4 op 0 root 0 comm 0xf66ed00 [nranks=8] stream 0xaa37540
c197-081:17181:17181 [2] NCCL INFO misc/utils.cc:235 memory stack hunk malloc(65536)
c197-081:17182:17182 [3] NCCL INFO AllReduce: opCount 0 sendbuff 0x2ac590c00400 recvbuff 0x2ac590c00400 count 1 datatype 4 op 0 root 0 comm 0xfdde210 [nranks=1] stream 0xb1a1f90
c197-081:17182:17182 [3] NCCL INFO AllReduce: opCount 1 sendbuff 0x2ac590c00400 recvbuff 0x2ac590c00400 count 1 datatype 4 op 0 root 0 comm 0xfde1270 [nranks=8] stream 0xa0b15f0
c197-081:17179:17179 [0] NCCL INFO AllReduce: opCount 0 sendbuff 0x2ae528c00400 recvbuff 0x2ae528c00400 count 1 datatype 4 op 0 root 0 comm 0xf695230 [nranks=1] stream 0xbe29460
c197-081:17180:17180 [1] NCCL INFO AllReduce: opCount 0 sendbuff 0x2b4218c00400 recvbuff 0x2b4218c00400 count 1 datatype 4 op 0 root 0 comm 0xe24c740 [nranks=1] stream 0xa3ae150
c197-081:17179:17179 [0] NCCL INFO AllReduce: opCount 1 sendbuff 0x2ae528c00400 recvbuff 0x2ae528c00400 count 1 datatype 4 op 0 root 0 comm 0xf698c30 [nranks=8] stream 0x98dccb0
c197-081:17180:17180 [1] NCCL INFO AllReduce: opCount 1 sendbuff 0x2b4218c00400 recvbuff 0x2b4218c00400 count 1 datatype 4 op 0 root 0 comm 0xe24f5b0 [nranks=8] stream 0x9618190
c197-081:17181:17181 [2] NCCL INFO AllReduce: opCount 0 sendbuff 0x2ba298c00400 recvbuff 0x2ba298c00400 count 1 datatype 4 op 0 root 0 comm 0xf66bec0 [nranks=1] stream 0xb7cd500
c197-081:17181:17181 [2] NCCL INFO AllReduce: opCount 1 sendbuff 0x2ba298c00400 recvbuff 0x2ba298c00400 count 1 datatype 4 op 0 root 0 comm 0xf66ed00 [nranks=8] stream 0xaa37540
c197-081:17180:17180 [1] NCCL INFO init.cc:1147 Cuda Host Alloc Size 4 pointer 0x2b421f200c00
c197-081:17181:17181 [2] NCCL INFO init.cc:1147 Cuda Host Alloc Size 4 pointer 0x2ba2a3200c00
c197-081:17179:17179 [0] NCCL INFO init.cc:1147 Cuda Host Alloc Size 4 pointer 0x2ae533200c00
c197-081:17182:17182 [3] NCCL INFO init.cc:1147 Cuda Host Alloc Size 4 pointer 0x2ac59b201000
c197-081:17180:19040 [1] NCCL INFO Using network IB
c197-081:17179:19041 [0] NCCL INFO Using network IB
c197-081:17182:19042 [3] NCCL INFO Using network IB
c197-081:17181:19043 [2] NCCL INFO Using network IB
c197-081:17179:19041 [0] NCCL INFO NET/IB : GPU Direct RDMA Disabled for HCA 0 'mlx4_0'
c197-081:17181:19043 [2] NCCL INFO NET/IB : GPU Direct RDMA Disabled for HCA 0 'mlx4_0'
c197-081:17179:19041 [0] NCCL INFO === System : maxBw 5000.0 totalBw 0.0 ===
c197-081:17179:19041 [0] NCCL INFO CPU/0 (1/1/1)
c197-081:17179:19041 [0] NCCL INFO + PCI[12.0] - GPU/2000 (0)
c197-081:17179:19041 [0] NCCL INFO + PCI[6.0] - NIC/1000
c197-081:17179:19041 [0] NCCL INFO ==========================================
c197-081:17179:19041 [0] NCCL INFO GPU/2000 :GPU/2000 (0/5000.000000/LOC) CPU/0 (1/12.000000/PHB) 
c197-081:17179:19041 [0] NCCL INFO Setting affinity for GPU 0 to ff00ff
c197-081:17181:19043 [2] NCCL INFO === System : maxBw 5000.0 totalBw 0.0 ===
c197-081:17181:19043 [2] NCCL INFO CPU/1 (1/1/1)
c197-081:17181:19043 [2] NCCL INFO + PCI[12.0] - GPU/82000 (0)
c197-081:17181:19043 [2] NCCL INFO + SYS[6.0] - CPU/0
c197-081:17181:19043 [2] NCCL INFO CPU/0 (1/1/1)
c197-081:17181:19043 [2] NCCL INFO + PCI[6.0] - NIC/1000
c197-081:17181:19043 [2] NCCL INFO + SYS[6.0] - CPU/1
c197-081:17181:19043 [2] NCCL INFO ==========================================
c197-081:17181:19043 [2] NCCL INFO GPU/82000 :GPU/82000 (0/5000.000000/LOC) CPU/1 (1/12.000000/PHB) CPU/0 (2/6.000000/SYS) 
c197-081:17181:19043 [2] NCCL INFO Setting affinity for GPU 2 to ff00ff00
c197-081:17179:19041 [0] NCCL INFO Pattern 4, crossNic 0, nChannels 16, bw 44.000000/44.000000, type LOC/PIX, sameChannels 1
c197-081:17181:19043 [2] NCCL INFO Pattern 4, crossNic 0, nChannels 16, bw 44.000000/44.000000, type LOC/PIX, sameChannels 1
c197-081:17179:19041 [0] NCCL INFO  0 : GPU/0
c197-081:17181:19043 [2] NCCL INFO  0 : GPU/0
c197-081:17179:19041 [0] NCCL INFO  1 : GPU/0
c197-081:17181:19043 [2] NCCL INFO  1 : GPU/0
c197-081:17179:19041 [0] NCCL INFO  2 : GPU/0
c197-081:17181:19043 [2] NCCL INFO  2 : GPU/0
c197-081:17179:19041 [0] NCCL INFO  3 : GPU/0
c197-081:17181:19043 [2] NCCL INFO  3 : GPU/0
c197-081:17179:19041 [0] NCCL INFO  4 : GPU/0
c197-081:17181:19043 [2] NCCL INFO  4 : GPU/0
c197-081:17179:19041 [0] NCCL INFO  5 : GPU/0
c197-081:17181:19043 [2] NCCL INFO  5 : GPU/0
c197-081:17179:19041 [0] NCCL INFO  6 : GPU/0
c197-081:17181:19043 [2] NCCL INFO  6 : GPU/0
c197-081:17179:19041 [0] NCCL INFO  7 : GPU/0
c197-081:17181:19043 [2] NCCL INFO  7 : GPU/0
c197-081:17179:19041 [0] NCCL INFO  8 : GPU/0
c197-081:17181:19043 [2] NCCL INFO  8 : GPU/0
c197-081:17179:19041 [0] NCCL INFO  9 : GPU/0
c197-081:17181:19043 [2] NCCL INFO  9 : GPU/0
c197-081:17179:19041 [0] NCCL INFO 10 : GPU/0
c197-081:17181:19043 [2] NCCL INFO 10 : GPU/0
c197-081:17179:19041 [0] NCCL INFO 11 : GPU/0
c197-081:17181:19043 [2] NCCL INFO 11 : GPU/0
c197-081:17179:19041 [0] NCCL INFO 12 : GPU/0
c197-081:17181:19043 [2] NCCL INFO 12 : GPU/0
c197-081:17179:19041 [0] NCCL INFO 13 : GPU/0
c197-081:17181:19043 [2] NCCL INFO 13 : GPU/0
c197-081:17179:19041 [0] NCCL INFO 14 : GPU/0
c197-081:17181:19043 [2] NCCL INFO 14 : GPU/0
c197-081:17179:19041 [0] NCCL INFO 15 : GPU/0
c197-081:17181:19043 [2] NCCL INFO 15 : GPU/0
c197-081:17179:19041 [0] NCCL INFO Pattern 3, crossNic 0, nChannels 16, bw 44.000000/44.000000, type LOC/PIX, sameChannels 1
c197-081:17179:19041 [0] NCCL INFO  0 : GPU/0
c197-081:17179:19041 [0] NCCL INFO  1 : GPU/0
c197-081:17179:19041 [0] NCCL INFO  2 : GPU/0
c197-081:17179:19041 [0] NCCL INFO  3 : GPU/0
c197-081:17179:19041 [0] NCCL INFO  4 : GPU/0
c197-081:17179:19041 [0] NCCL INFO  5 : GPU/0
c197-081:17179:19041 [0] NCCL INFO  6 : GPU/0
c197-081:17179:19041 [0] NCCL INFO  7 : GPU/0
c197-081:17179:19041 [0] NCCL INFO  8 : GPU/0
c197-081:17179:19041 [0] NCCL INFO  9 : GPU/0
c197-081:17179:19041 [0] NCCL INFO 10 : GPU/0
c197-081:17179:19041 [0] NCCL INFO 11 : GPU/0
c197-081:17179:19041 [0] NCCL INFO 12 : GPU/0
c197-081:17179:19041 [0] NCCL INFO 13 : GPU/0
c197-081:17179:19041 [0] NCCL INFO 14 : GPU/0
c197-081:17179:19041 [0] NCCL INFO 15 : GPU/0
c197-081:17181:19043 [2] NCCL INFO Pattern 3, crossNic 0, nChannels 16, bw 44.000000/44.000000, type LOC/PIX, sameChannels 1
c197-081:17179:19041 [0] NCCL INFO Pattern 3, crossNic 0, nChannels 16, bw 44.000000/44.000000, type LOC/PIX, sameChannels 1
c197-081:17181:19043 [2] NCCL INFO  0 : GPU/0
c197-081:17179:19041 [0] NCCL INFO  0 : GPU/0
c197-081:17181:19043 [2] NCCL INFO  1 : GPU/0
c197-081:17179:19041 [0] NCCL INFO  1 : GPU/0
c197-081:17181:19043 [2] NCCL INFO  2 : GPU/0
c197-081:17179:19041 [0] NCCL INFO  2 : GPU/0
c197-081:17181:19043 [2] NCCL INFO  3 : GPU/0
c197-081:17179:19041 [0] NCCL INFO  3 : GPU/0
c197-081:17181:19043 [2] NCCL INFO  4 : GPU/0
c197-081:17179:19041 [0] NCCL INFO  4 : GPU/0
c197-081:17181:19043 [2] NCCL INFO  5 : GPU/0
c197-081:17179:19041 [0] NCCL INFO  5 : GPU/0
c197-081:17181:19043 [2] NCCL INFO  6 : GPU/0
c197-081:17179:19041 [0] NCCL INFO  6 : GPU/0
c197-081:17181:19043 [2] NCCL INFO  7 : GPU/0
c197-081:17179:19041 [0] NCCL INFO  7 : GPU/0
c197-081:17181:19043 [2] NCCL INFO  8 : GPU/0
c197-081:17179:19041 [0] NCCL INFO  8 : GPU/0
c197-081:17181:19043 [2] NCCL INFO  9 : GPU/0
c197-081:17179:19041 [0] NCCL INFO  9 : GPU/0
c197-081:17181:19043 [2] NCCL INFO 10 : GPU/0
c197-081:17179:19041 [0] NCCL INFO 10 : GPU/0
c197-081:17181:19043 [2] NCCL INFO 11 : GPU/0
c197-081:17179:19041 [0] NCCL INFO 11 : GPU/0
c197-081:17181:19043 [2] NCCL INFO 12 : GPU/0
c197-081:17179:19041 [0] NCCL INFO 12 : GPU/0
c197-081:17181:19043 [2] NCCL INFO 13 : GPU/0
c197-081:17179:19041 [0] NCCL INFO 13 : GPU/0
c197-081:17181:19043 [2] NCCL INFO 14 : GPU/0
c197-081:17179:19041 [0] NCCL INFO 14 : GPU/0
c197-081:17181:19043 [2] NCCL INFO 15 : GPU/0
c197-081:17179:19041 [0] NCCL INFO 15 : GPU/0
c197-081:17179:19041 [0] NCCL INFO Tree 0 : -1 -> 0 -> -1/-1/-1
c197-081:17179:19041 [0] NCCL INFO Tree 16 : -1 -> 0 -> -1/-1/-1
c197-081:17179:19041 [0] NCCL INFO Tree 1 : -1 -> 0 -> -1/-1/-1
c197-081:17179:19041 [0] NCCL INFO Tree 17 : -1 -> 0 -> -1/-1/-1
c197-081:17179:19041 [0] NCCL INFO Tree 2 : -1 -> 0 -> -1/-1/-1
c197-081:17179:19041 [0] NCCL INFO Tree 18 : -1 -> 0 -> -1/-1/-1
c197-081:17179:19041 [0] NCCL INFO Tree 3 : -1 -> 0 -> -1/-1/-1
c197-081:17179:19041 [0] NCCL INFO Tree 19 : -1 -> 0 -> -1/-1/-1
c197-081:17179:19041 [0] NCCL INFO Tree 4 : -1 -> 0 -> -1/-1/-1
c197-081:17179:19041 [0] NCCL INFO Tree 20 : -1 -> 0 -> -1/-1/-1
c197-081:17179:19041 [0] NCCL INFO Tree 5 : -1 -> 0 -> -1/-1/-1
c197-081:17179:19041 [0] NCCL INFO Tree 21 : -1 -> 0 -> -1/-1/-1
c197-081:17179:19041 [0] NCCL INFO Tree 6 : -1 -> 0 -> -1/-1/-1
c197-081:17179:19041 [0] NCCL INFO Tree 22 : -1 -> 0 -> -1/-1/-1
c197-081:17179:19041 [0] NCCL INFO Tree 7 : -1 -> 0 -> -1/-1/-1
c197-081:17179:19041 [0] NCCL INFO Tree 23 : -1 -> 0 -> -1/-1/-1
c197-081:17179:19041 [0] NCCL INFO Tree 8 : -1 -> 0 -> -1/-1/-1
c197-081:17179:19041 [0] NCCL INFO Tree 24 : -1 -> 0 -> -1/-1/-1
c197-081:17181:19043 [2] NCCL INFO Pattern 3, crossNic 0, nChannels 16, bw 44.000000/44.000000, type LOC/PIX, sameChannels 1
c197-081:17179:19041 [0] NCCL INFO Tree 9 : -1 -> 0 -> -1/-1/-1
c197-081:17181:19043 [2] NCCL INFO  0 : GPU/0
c197-081:17179:19041 [0] NCCL INFO Tree 25 : -1 -> 0 -> -1/-1/-1
c197-081:17181:19043 [2] NCCL INFO  1 : GPU/0
c197-081:17179:19041 [0] NCCL INFO Tree 10 : -1 -> 0 -> -1/-1/-1
c197-081:17181:19043 [2] NCCL INFO  2 : GPU/0
c197-081:17179:19041 [0] NCCL INFO Tree 26 : -1 -> 0 -> -1/-1/-1
c197-081:17181:19043 [2] NCCL INFO  3 : GPU/0
c197-081:17179:19041 [0] NCCL INFO Tree 11 : -1 -> 0 -> -1/-1/-1
c197-081:17181:19043 [2] NCCL INFO  4 : GPU/0
c197-081:17179:19041 [0] NCCL INFO Tree 27 : -1 -> 0 -> -1/-1/-1
c197-081:17181:19043 [2] NCCL INFO  5 : GPU/0
c197-081:17179:19041 [0] NCCL INFO Tree 12 : -1 -> 0 -> -1/-1/-1
c197-081:17181:19043 [2] NCCL INFO  6 : GPU/0
c197-081:17179:19041 [0] NCCL INFO Tree 28 : -1 -> 0 -> -1/-1/-1
c197-081:17181:19043 [2] NCCL INFO  7 : GPU/0
c197-081:17179:19041 [0] NCCL INFO Tree 13 : -1 -> 0 -> -1/-1/-1
c197-081:17181:19043 [2] NCCL INFO  8 : GPU/0
c197-081:17179:19041 [0] NCCL INFO Tree 29 : -1 -> 0 -> -1/-1/-1
c197-081:17181:19043 [2] NCCL INFO  9 : GPU/0
c197-081:17179:19041 [0] NCCL INFO Tree 14 : -1 -> 0 -> -1/-1/-1
c197-081:17181:19043 [2] NCCL INFO 10 : GPU/0
c197-081:17179:19041 [0] NCCL INFO Tree 30 : -1 -> 0 -> -1/-1/-1
c197-081:17181:19043 [2] NCCL INFO 11 : GPU/0
c197-081:17179:19041 [0] NCCL INFO Tree 15 : -1 -> 0 -> -1/-1/-1
c197-081:17181:19043 [2] NCCL INFO 12 : GPU/0
c197-081:17179:19041 [0] NCCL INFO Tree 31 : -1 -> 0 -> -1/-1/-1
c197-081:17181:19043 [2] NCCL INFO 13 : GPU/0
c197-081:17181:19043 [2] NCCL INFO 14 : GPU/0
c197-081:17179:19041 [0] NCCL INFO Channel 00/32 :    0
c197-081:17181:19043 [2] NCCL INFO 15 : GPU/0
c197-081:17179:19041 [0] NCCL INFO Channel 01/32 :    0
c197-081:17179:19041 [0] NCCL INFO Channel 02/32 :    0
c197-081:17179:19041 [0] NCCL INFO Channel 03/32 :    0
c197-081:17179:19041 [0] NCCL INFO Channel 04/32 :    0
c197-081:17179:19041 [0] NCCL INFO Channel 05/32 :    0
c197-081:17181:19043 [2] NCCL INFO Tree 0 : -1 -> 0 -> -1/-1/-1
c197-081:17179:19041 [0] NCCL INFO Channel 06/32 :    0
c197-081:17181:19043 [2] NCCL INFO Tree 16 : -1 -> 0 -> -1/-1/-1
c197-081:17179:19041 [0] NCCL INFO Channel 07/32 :    0
c197-081:17181:19043 [2] NCCL INFO Tree 1 : -1 -> 0 -> -1/-1/-1
c197-081:17179:19041 [0] NCCL INFO Channel 08/32 :    0
c197-081:17181:19043 [2] NCCL INFO Tree 17 : -1 -> 0 -> -1/-1/-1
c197-081:17179:19041 [0] NCCL INFO Channel 09/32 :    0
c197-081:17181:19043 [2] NCCL INFO Tree 2 : -1 -> 0 -> -1/-1/-1
c197-081:17179:19041 [0] NCCL INFO Channel 10/32 :    0
c197-081:17181:19043 [2] NCCL INFO Tree 18 : -1 -> 0 -> -1/-1/-1
