c197-091:21807:21807 [3] NCCL INFO cudaDriverVersion 12020
c197-091:21804:21804 [0] NCCL INFO cudaDriverVersion 12020
c197-091:21806:21806 [2] NCCL INFO cudaDriverVersion 12020
c197-091:21805:21805 [1] NCCL INFO cudaDriverVersion 12020
c197-091:21804:21804 [0] NCCL INFO NCCL_SOCKET_IFNAME set by environment to ib0
c197-091:21804:21804 [0] NCCL INFO NCCL_SOCKET_IFNAME set to ib0
c197-091:21807:21807 [3] NCCL INFO NCCL_SOCKET_IFNAME set by environment to ib0
c197-091:21807:21807 [3] NCCL INFO NCCL_SOCKET_IFNAME set to ib0
c197-091:21805:21805 [1] NCCL INFO NCCL_SOCKET_IFNAME set by environment to ib0
c197-091:21805:21805 [1] NCCL INFO NCCL_SOCKET_IFNAME set to ib0
c197-091:21806:21806 [2] NCCL INFO NCCL_SOCKET_IFNAME set by environment to ib0
c197-091:21806:21806 [2] NCCL INFO NCCL_SOCKET_IFNAME set to ib0
c197-091:21804:21804 [0] NCCL INFO Bootstrap : Using ib0:192.168.44.139<0>
c197-091:21807:21807 [3] NCCL INFO Bootstrap : Using ib0:192.168.44.139<0>
c197-091:21806:21806 [2] NCCL INFO Bootstrap : Using ib0:192.168.44.139<0>
c197-091:21805:21805 [1] NCCL INFO Bootstrap : Using ib0:192.168.44.139<0>
c197-091:21806:21806 [2] NCCL INFO NET/Plugin : No plugin found (libnccl-net.so), using internal implementation
c197-091:21805:21805 [1] NCCL INFO NET/Plugin : No plugin found (libnccl-net.so), using internal implementation
c197-091:21807:21807 [3] NCCL INFO NET/Plugin : No plugin found (libnccl-net.so), using internal implementation
c197-091:21804:21804 [0] NCCL INFO NET/Plugin : No plugin found (libnccl-net.so), using internal implementation
c197-091:21806:21806 [2] NCCL INFO init.cc:1147 Cuda Host Alloc Size 4 pointer 0x2b89c7200000
c197-091:21805:21805 [1] NCCL INFO init.cc:1147 Cuda Host Alloc Size 4 pointer 0x2b97c3200000
c197-091:21804:21804 [0] NCCL INFO init.cc:1147 Cuda Host Alloc Size 4 pointer 0x2b1547200000
c197-091:21807:21807 [3] NCCL INFO init.cc:1147 Cuda Host Alloc Size 4 pointer 0x2b0133200000
c197-091:21806:22649 [2] NCCL INFO NCCL_SOCKET_IFNAME set by environment to ib0
c197-091:21807:22652 [3] NCCL INFO NCCL_SOCKET_IFNAME set by environment to ib0
c197-091:21804:22651 [0] NCCL INFO NCCL_SOCKET_IFNAME set by environment to ib0
c197-091:21805:22650 [1] NCCL INFO NCCL_SOCKET_IFNAME set by environment to ib0
c197-091:21806:22649 [2] NCCL INFO NET/IB : Using [0]mlx4_0:1/IB [RO]; OOB ib0:192.168.44.139<0>
c197-091:21806:22649 [2] NCCL INFO Using network IB
c197-091:21807:22652 [3] NCCL INFO NET/IB : Using [0]mlx4_0:1/IB [RO]; OOB ib0:192.168.44.139<0>
c197-091:21807:22652 [3] NCCL INFO Using network IB
c197-091:21805:22650 [1] NCCL INFO NET/IB : Using [0]mlx4_0:1/IB [RO]; OOB ib0:192.168.44.139<0>
c197-091:21805:22650 [1] NCCL INFO Using network IB
c197-091:21804:22651 [0] NCCL INFO NET/IB : Using [0]mlx4_0:1/IB [RO]; OOB ib0:192.168.44.139<0>
c197-091:21804:22651 [0] NCCL INFO Using network IB
c197-091:21807:22652 [3] NCCL INFO NET/IB : GPU Direct RDMA Disabled for HCA 0 'mlx4_0'
c197-091:21804:22651 [0] NCCL INFO NET/IB : GPU Direct RDMA Disabled for HCA 0 'mlx4_0'
c197-091:21807:22652 [3] NCCL INFO === System : maxBw 6.0 totalBw 12.0 ===
c197-091:21807:22652 [3] NCCL INFO CPU/0 (1/1/1)
c197-091:21807:22652 [3] NCCL INFO + PCI[12.0] - GPU/2000 (8)
c197-091:21807:22652 [3] NCCL INFO + PCI[12.0] - GPU/3000 (9)
c197-091:21807:22652 [3] NCCL INFO + PCI[6.0] - NIC/1000
c197-091:21807:22652 [3] NCCL INFO              + NET[7.0] - NET/0 (3e4ce00039b0398/1/7.000000)
c197-091:21807:22652 [3] NCCL INFO + SYS[6.0] - CPU/1
c197-091:21807:22652 [3] NCCL INFO CPU/1 (1/1/1)
c197-091:21807:22652 [3] NCCL INFO + PCI[12.0] - GPU/82000 (10)
c197-091:21807:22652 [3] NCCL INFO + PCI[12.0] - GPU/83000 (11)
c197-091:21807:22652 [3] NCCL INFO + SYS[6.0] - CPU/0
c197-091:21807:22652 [3] NCCL INFO ==========================================
c197-091:21807:22652 [3] NCCL INFO GPU/2000 :GPU/2000 (0/5000.000000/LOC) GPU/3000 (2/12.000000/PHB) GPU/82000 (3/6.000000/SYS) GPU/83000 (3/6.000000/SYS) CPU/0 (1/12.000000/PHB) CPU/1 (2/6.000000/SYS) NET/0 (3/6.000000/PHB) 
c197-091:21807:22652 [3] NCCL INFO GPU/3000 :GPU/2000 (2/12.000000/PHB) GPU/3000 (0/5000.000000/LOC) GPU/82000 (3/6.000000/SYS) GPU/83000 (3/6.000000/SYS) CPU/0 (1/12.000000/PHB) CPU/1 (2/6.000000/SYS) NET/0 (3/6.000000/PHB) 
c197-091:21807:22652 [3] NCCL INFO GPU/82000 :GPU/2000 (3/6.000000/SYS) GPU/3000 (3/6.000000/SYS) GPU/82000 (0/5000.000000/LOC) GPU/83000 (2/12.000000/PHB) CPU/0 (2/6.000000/SYS) CPU/1 (1/12.000000/PHB) NET/0 (4/6.000000/SYS) 
c197-091:21807:22652 [3] NCCL INFO GPU/83000 :GPU/2000 (3/6.000000/SYS) GPU/3000 (3/6.000000/SYS) GPU/82000 (2/12.000000/PHB) GPU/83000 (0/5000.000000/LOC) CPU/0 (2/6.000000/SYS) CPU/1 (1/12.000000/PHB) NET/0 (4/6.000000/SYS) 
c197-091:21807:22652 [3] NCCL INFO NET/0 :GPU/2000 (3/6.000000/PHB) GPU/3000 (3/6.000000/PHB) GPU/82000 (4/6.000000/SYS) GPU/83000 (4/6.000000/SYS) CPU/0 (2/6.000000/PHB) CPU/1 (3/6.000000/SYS) NET/0 (0/5000.000000/LOC) 
c197-091:21807:22652 [3] NCCL INFO Setting affinity for GPU 3 to ff00ff00
c197-091:21804:22651 [0] NCCL INFO === System : maxBw 6.0 totalBw 12.0 ===
c197-091:21804:22651 [0] NCCL INFO CPU/0 (1/1/1)
c197-091:21804:22651 [0] NCCL INFO + PCI[12.0] - GPU/2000 (8)
c197-091:21804:22651 [0] NCCL INFO + PCI[12.0] - GPU/3000 (9)
c197-091:21804:22651 [0] NCCL INFO + PCI[6.0] - NIC/1000
c197-091:21804:22651 [0] NCCL INFO              + NET[7.0] - NET/0 (3e4ce00039b0398/1/7.000000)
c197-091:21804:22651 [0] NCCL INFO + SYS[6.0] - CPU/1
c197-091:21804:22651 [0] NCCL INFO CPU/1 (1/1/1)
c197-091:21804:22651 [0] NCCL INFO + PCI[12.0] - GPU/82000 (10)
c197-091:21804:22651 [0] NCCL INFO + PCI[12.0] - GPU/83000 (11)
c197-091:21804:22651 [0] NCCL INFO + SYS[6.0] - CPU/0
c197-091:21804:22651 [0] NCCL INFO ==========================================
c197-091:21804:22651 [0] NCCL INFO GPU/2000 :GPU/2000 (0/5000.000000/LOC) GPU/3000 (2/12.000000/PHB) GPU/82000 (3/6.000000/SYS) GPU/83000 (3/6.000000/SYS) CPU/0 (1/12.000000/PHB) CPU/1 (2/6.000000/SYS) NET/0 (3/6.000000/PHB) 
c197-091:21804:22651 [0] NCCL INFO GPU/3000 :GPU/2000 (2/12.000000/PHB) GPU/3000 (0/5000.000000/LOC) GPU/82000 (3/6.000000/SYS) GPU/83000 (3/6.000000/SYS) CPU/0 (1/12.000000/PHB) CPU/1 (2/6.000000/SYS) NET/0 (3/6.000000/PHB) 
c197-091:21804:22651 [0] NCCL INFO GPU/82000 :GPU/2000 (3/6.000000/SYS) GPU/3000 (3/6.000000/SYS) GPU/82000 (0/5000.000000/LOC) GPU/83000 (2/12.000000/PHB) CPU/0 (2/6.000000/SYS) CPU/1 (1/12.000000/PHB) NET/0 (4/6.000000/SYS) 
c197-091:21804:22651 [0] NCCL INFO GPU/83000 :GPU/2000 (3/6.000000/SYS) GPU/3000 (3/6.000000/SYS) GPU/82000 (2/12.000000/PHB) GPU/83000 (0/5000.000000/LOC) CPU/0 (2/6.000000/SYS) CPU/1 (1/12.000000/PHB) NET/0 (4/6.000000/SYS) 
c197-091:21804:22651 [0] NCCL INFO NET/0 :GPU/2000 (3/6.000000/PHB) GPU/3000 (3/6.000000/PHB) GPU/82000 (4/6.000000/SYS) GPU/83000 (4/6.000000/SYS) CPU/0 (2/6.000000/PHB) CPU/1 (3/6.000000/SYS) NET/0 (0/5000.000000/LOC) 
c197-091:21804:22651 [0] NCCL INFO Setting affinity for GPU 0 to ff00ff
c197-091:21806:22649 [2] NCCL INFO NET/IB : GPU Direct RDMA Disabled for HCA 0 'mlx4_0'
c197-091:21805:22650 [1] NCCL INFO NET/IB : GPU Direct RDMA Disabled for HCA 0 'mlx4_0'
c197-091:21807:22652 [3] NCCL INFO Pattern 4, crossNic 0, nChannels 1, bw 6.000000/6.000000, type SYS/SYS, sameChannels 1
c197-091:21807:22652 [3] NCCL INFO  0 : NET/0 GPU/8 GPU/9 GPU/10 GPU/11 NET/0
c197-091:21804:22651 [0] NCCL INFO Pattern 4, crossNic 0, nChannels 1, bw 6.000000/6.000000, type SYS/SYS, sameChannels 1
c197-091:21804:22651 [0] NCCL INFO  0 : NET/0 GPU/8 GPU/9 GPU/10 GPU/11 NET/0
c197-091:21807:22652 [3] NCCL INFO Pattern 1, crossNic 0, nChannels 1, bw 6.000000/5.000000, type SYS/SYS, sameChannels 1
c197-091:21807:22652 [3] NCCL INFO  0 : NET/0 GPU/8 GPU/9 GPU/10 GPU/11 NET/0
c197-091:21804:22651 [0] NCCL INFO Pattern 1, crossNic 0, nChannels 1, bw 6.000000/5.000000, type SYS/SYS, sameChannels 1
c197-091:21804:22651 [0] NCCL INFO  0 : NET/0 GPU/8 GPU/9 GPU/10 GPU/11 NET/0
c197-091:21807:22652 [3] NCCL INFO Pattern 3, crossNic 0, nChannels 0, bw 0.000000/0.000000, type NVL/PIX, sameChannels 1
c197-091:21804:22651 [0] NCCL INFO Pattern 3, crossNic 0, nChannels 0, bw 0.000000/0.000000, type NVL/PIX, sameChannels 1
c197-091:21806:22649 [2] NCCL INFO === System : maxBw 6.0 totalBw 12.0 ===
c197-091:21805:22650 [1] NCCL INFO === System : maxBw 6.0 totalBw 12.0 ===
c197-091:21806:22649 [2] NCCL INFO CPU/0 (1/1/1)
c197-091:21805:22650 [1] NCCL INFO CPU/0 (1/1/1)
c197-091:21806:22649 [2] NCCL INFO + PCI[12.0] - GPU/2000 (8)
c197-091:21805:22650 [1] NCCL INFO + PCI[12.0] - GPU/2000 (8)
c197-091:21806:22649 [2] NCCL INFO + PCI[12.0] - GPU/3000 (9)
c197-091:21805:22650 [1] NCCL INFO + PCI[12.0] - GPU/3000 (9)
c197-091:21806:22649 [2] NCCL INFO + PCI[6.0] - NIC/1000
c197-091:21805:22650 [1] NCCL INFO + PCI[6.0] - NIC/1000
c197-091:21806:22649 [2] NCCL INFO              + NET[7.0] - NET/0 (3e4ce00039b0398/1/7.000000)
c197-091:21805:22650 [1] NCCL INFO              + NET[7.0] - NET/0 (3e4ce00039b0398/1/7.000000)
c197-091:21806:22649 [2] NCCL INFO + SYS[6.0] - CPU/1
c197-091:21805:22650 [1] NCCL INFO + SYS[6.0] - CPU/1
c197-091:21806:22649 [2] NCCL INFO CPU/1 (1/1/1)
c197-091:21805:22650 [1] NCCL INFO CPU/1 (1/1/1)
c197-091:21806:22649 [2] NCCL INFO + PCI[12.0] - GPU/82000 (10)
c197-091:21805:22650 [1] NCCL INFO + PCI[12.0] - GPU/82000 (10)
c197-091:21806:22649 [2] NCCL INFO + PCI[12.0] - GPU/83000 (11)
c197-091:21805:22650 [1] NCCL INFO + PCI[12.0] - GPU/83000 (11)
c197-091:21806:22649 [2] NCCL INFO + SYS[6.0] - CPU/0
c197-091:21805:22650 [1] NCCL INFO + SYS[6.0] - CPU/0
c197-091:21806:22649 [2] NCCL INFO ==========================================
c197-091:21805:22650 [1] NCCL INFO ==========================================
c197-091:21806:22649 [2] NCCL INFO GPU/2000 :GPU/2000 (0/5000.000000/LOC) GPU/3000 (2/12.000000/PHB) GPU/82000 (3/6.000000/SYS) GPU/83000 (3/6.000000/SYS) CPU/0 (1/12.000000/PHB) CPU/1 (2/6.000000/SYS) NET/0 (3/6.000000/PHB) 
c197-091:21805:22650 [1] NCCL INFO GPU/2000 :GPU/2000 (0/5000.000000/LOC) GPU/3000 (2/12.000000/PHB) GPU/82000 (3/6.000000/SYS) GPU/83000 (3/6.000000/SYS) CPU/0 (1/12.000000/PHB) CPU/1 (2/6.000000/SYS) NET/0 (3/6.000000/PHB) 
c197-091:21806:22649 [2] NCCL INFO GPU/3000 :GPU/2000 (2/12.000000/PHB) GPU/3000 (0/5000.000000/LOC) GPU/82000 (3/6.000000/SYS) GPU/83000 (3/6.000000/SYS) CPU/0 (1/12.000000/PHB) CPU/1 (2/6.000000/SYS) NET/0 (3/6.000000/PHB) 
c197-091:21805:22650 [1] NCCL INFO GPU/3000 :GPU/2000 (2/12.000000/PHB) GPU/3000 (0/5000.000000/LOC) GPU/82000 (3/6.000000/SYS) GPU/83000 (3/6.000000/SYS) CPU/0 (1/12.000000/PHB) CPU/1 (2/6.000000/SYS) NET/0 (3/6.000000/PHB) 
c197-091:21806:22649 [2] NCCL INFO GPU/82000 :GPU/2000 (3/6.000000/SYS) GPU/3000 (3/6.000000/SYS) GPU/82000 (0/5000.000000/LOC) GPU/83000 (2/12.000000/PHB) CPU/0 (2/6.000000/SYS) CPU/1 (1/12.000000/PHB) NET/0 (4/6.000000/SYS) 
c197-091:21805:22650 [1] NCCL INFO GPU/82000 :GPU/2000 (3/6.000000/SYS) GPU/3000 (3/6.000000/SYS) GPU/82000 (0/5000.000000/LOC) GPU/83000 (2/12.000000/PHB) CPU/0 (2/6.000000/SYS) CPU/1 (1/12.000000/PHB) NET/0 (4/6.000000/SYS) 
c197-091:21806:22649 [2] NCCL INFO GPU/83000 :GPU/2000 (3/6.000000/SYS) GPU/3000 (3/6.000000/SYS) GPU/82000 (2/12.000000/PHB) GPU/83000 (0/5000.000000/LOC) CPU/0 (2/6.000000/SYS) CPU/1 (1/12.000000/PHB) NET/0 (4/6.000000/SYS) 
c197-091:21805:22650 [1] NCCL INFO GPU/83000 :GPU/2000 (3/6.000000/SYS) GPU/3000 (3/6.000000/SYS) GPU/82000 (2/12.000000/PHB) GPU/83000 (0/5000.000000/LOC) CPU/0 (2/6.000000/SYS) CPU/1 (1/12.000000/PHB) NET/0 (4/6.000000/SYS) 
c197-091:21806:22649 [2] NCCL INFO NET/0 :GPU/2000 (3/6.000000/PHB) GPU/3000 (3/6.000000/PHB) GPU/82000 (4/6.000000/SYS) GPU/83000 (4/6.000000/SYS) CPU/0 (2/6.000000/PHB) CPU/1 (3/6.000000/SYS) NET/0 (0/5000.000000/LOC) 
c197-091:21805:22650 [1] NCCL INFO NET/0 :GPU/2000 (3/6.000000/PHB) GPU/3000 (3/6.000000/PHB) GPU/82000 (4/6.000000/SYS) GPU/83000 (4/6.000000/SYS) CPU/0 (2/6.000000/PHB) CPU/1 (3/6.000000/SYS) NET/0 (0/5000.000000/LOC) 
c197-091:21805:22650 [1] NCCL INFO Setting affinity for GPU 1 to ff00ff
c197-091:21806:22649 [2] NCCL INFO Setting affinity for GPU 2 to ff00ff00
c197-091:21805:22650 [1] NCCL INFO Pattern 4, crossNic 0, nChannels 1, bw 6.000000/6.000000, type SYS/SYS, sameChannels 1
c197-091:21805:22650 [1] NCCL INFO  0 : NET/0 GPU/8 GPU/9 GPU/10 GPU/11 NET/0
c197-091:21805:22650 [1] NCCL INFO Pattern 1, crossNic 0, nChannels 1, bw 6.000000/5.000000, type SYS/SYS, sameChannels 1
c197-091:21805:22650 [1] NCCL INFO  0 : NET/0 GPU/8 GPU/9 GPU/10 GPU/11 NET/0
c197-091:21805:22650 [1] NCCL INFO Pattern 3, crossNic 0, nChannels 0, bw 0.000000/0.000000, type NVL/PIX, sameChannels 1
c197-091:21806:22649 [2] NCCL INFO Pattern 4, crossNic 0, nChannels 1, bw 6.000000/6.000000, type SYS/SYS, sameChannels 1
c197-091:21806:22649 [2] NCCL INFO  0 : NET/0 GPU/8 GPU/9 GPU/10 GPU/11 NET/0
c197-091:21806:22649 [2] NCCL INFO Pattern 1, crossNic 0, nChannels 1, bw 6.000000/5.000000, type SYS/SYS, sameChannels 1
c197-091:21806:22649 [2] NCCL INFO  0 : NET/0 GPU/8 GPU/9 GPU/10 GPU/11 NET/0
c197-091:21806:22649 [2] NCCL INFO Pattern 3, crossNic 0, nChannels 0, bw 0.000000/0.000000, type NVL/PIX, sameChannels 1
c197-091:21806:22649 [2] NCCL INFO Ring 00 : 9 -> 10 -> 11
c197-091:21806:22649 [2] NCCL INFO Ring 01 : 9 -> 10 -> 11
c197-091:21806:22649 [2] NCCL INFO Trees [0] 11/-1/-1->10->9 [1] 11/-1/-1->10->9
c197-091:21806:22649 [2] NCCL INFO misc/utils.cc:235 memory stack hunk malloc(65536)
c197-091:21807:22652 [3] NCCL INFO Ring 00 : 10 -> 11 -> 12
c197-091:21807:22652 [3] NCCL INFO Ring 01 : 10 -> 11 -> 12
c197-091:21807:22652 [3] NCCL INFO Trees [0] -1/-1/-1->11->10 [1] -1/-1/-1->11->10
c197-091:21807:22652 [3] NCCL INFO misc/utils.cc:235 memory stack hunk malloc(65536)
c197-091:21805:22650 [1] NCCL INFO Tree 0 : 8 -> 9 -> 10/4/-1
c197-091:21804:22651 [0] NCCL INFO Tree 0 : 0 -> 8 -> 9/12/-1
c197-091:21805:22650 [1] NCCL INFO Tree 1 : 8 -> 9 -> 10/-1/-1
c197-091:21804:22651 [0] NCCL INFO Tree 1 : 5 -> 8 -> 9/-1/-1
c197-091:21805:22650 [1] NCCL INFO Ring 00 : 8 -> 9 -> 10
c197-091:21804:22651 [0] NCCL INFO Ring 00 : 7 -> 8 -> 9
c197-091:21805:22650 [1] NCCL INFO Ring 01 : 8 -> 9 -> 10
c197-091:21804:22651 [0] NCCL INFO Ring 01 : 7 -> 8 -> 9
c197-091:21805:22650 [1] NCCL INFO Trees [0] 10/4/-1->9->8 [1] 10/-1/-1->9->8
c197-091:21804:22651 [0] NCCL INFO Trees [0] 9/12/-1->8->0 [1] 9/-1/-1->8->5
c197-091:21805:22650 [1] NCCL INFO misc/utils.cc:235 memory stack hunk malloc(65536)
c197-091:21804:22651 [0] NCCL INFO misc/utils.cc:235 memory stack hunk malloc(65536)
c197-091:21804:22651 [0] NCCL INFO channel.cc:23 Cuda Alloc Size 6528 pointer 0x2b1547c00000
c197-091:21805:22650 [1] NCCL INFO channel.cc:23 Cuda Alloc Size 6528 pointer 0x2b97c3c00000
c197-091:21806:22649 [2] NCCL INFO channel.cc:23 Cuda Alloc Size 6528 pointer 0x2b89c7c00000
c197-091:21807:22652 [3] NCCL INFO channel.cc:23 Cuda Alloc Size 6528 pointer 0x2b0133c00000
c197-091:21804:22651 [0] NCCL INFO channel.cc:27 Cuda Alloc Size 64 pointer 0x2b1547c01a00
c197-091:21805:22650 [1] NCCL INFO channel.cc:27 Cuda Alloc Size 64 pointer 0x2b97c3c01a00
c197-091:21806:22649 [2] NCCL INFO channel.cc:27 Cuda Alloc Size 64 pointer 0x2b89c7c01a00
c197-091:21807:22652 [3] NCCL INFO channel.cc:27 Cuda Alloc Size 64 pointer 0x2b0133c01a00
c197-091:21804:22651 [0] NCCL INFO channel.cc:23 Cuda Alloc Size 6528 pointer 0x2b1547c01c00
c197-091:21805:22650 [1] NCCL INFO channel.cc:23 Cuda Alloc Size 6528 pointer 0x2b97c3c01c00
c197-091:21806:22649 [2] NCCL INFO channel.cc:23 Cuda Alloc Size 6528 pointer 0x2b89c7c01c00
c197-091:21804:22651 [0] NCCL INFO channel.cc:27 Cuda Alloc Size 64 pointer 0x2b1547c03600
c197-091:21805:22650 [1] NCCL INFO channel.cc:27 Cuda Alloc Size 64 pointer 0x2b97c3c03600
c197-091:21807:22652 [3] NCCL INFO channel.cc:23 Cuda Alloc Size 6528 pointer 0x2b0133c01c00
c197-091:21806:22649 [2] NCCL INFO channel.cc:27 Cuda Alloc Size 64 pointer 0x2b89c7c03600
c197-091:21807:22652 [3] NCCL INFO channel.cc:27 Cuda Alloc Size 64 pointer 0x2b0133c03600
c197-091:21805:22650 [1] NCCL INFO Allocated 9637888 bytes of shared memory in /dev/shm/nccl-hcslLv

c197-091:21806:22649 [2] NCCL INFO Allocated 9637888 bytes of shared memory in /dev/shm/nccl-GIhnLv

c197-091:21807:22652 [3] NCCL INFO Allocated 9637888 bytes of shared memory in /dev/shm/nccl-l5pqLv

c197-091:21807:22652 [3] NCCL INFO Allocated 9637888 bytes of shared memory in /dev/shm/nccl-c3x3PG

c197-091:21806:22649 [2] NCCL INFO Allocated 9637888 bytes of shared memory in /dev/shm/nccl-rWq0PG

c197-091:21805:22650 [1] NCCL INFO Allocated 9637888 bytes of shared memory in /dev/shm/nccl-QfJYPG

c197-091:21804:22735 [0] NCCL INFO Mem Realloc old size 0, new size 8 pointer 0x2b154c0009c0
c197-091:21804:22735 [0] NCCL INFO Allocated 4194656 bytes of shared memory in /dev/shm/nccl-B8TPan

c197-091:21804:22735 [0] NCCL INFO New proxy recv connection 0 from local rank 0, transport 2
c197-091:21804:22651 [0] NCCL INFO Connection to proxy localRank 0 -> connection 0x2b154c002010
c197-091:21804:22651 [0] NCCL INFO Channel 00/0 : 7[83000] -> 8[2000] [receive] via NET/IB/0
c197-091:21804:22735 [0] NCCL INFO New proxy recv connection 1 from local rank 0, transport 2
c197-091:21806:22649 [2] NCCL INFO Allocated 4096 bytes of shared memory in /dev/shm/nccl-U1IJVR

c197-091:21805:22650 [1] NCCL INFO Allocated 4096 bytes of shared memory in /dev/shm/nccl-wREIVR

c197-091:21806:22649 [2] NCCL INFO Channel 00 : 10[82000] -> 11[83000] via SHM/direct/direct
c197-091:21806:22649 [2] NCCL INFO Allocated 4096 bytes of shared memory in /dev/shm/nccl-Lxsv12

c197-091:21805:22650 [1] NCCL INFO Channel 00 : 9[3000] -> 10[82000] via SHM/direct/direct
c197-091:21805:22650 [1] NCCL INFO Allocated 4096 bytes of shared memory in /dev/shm/nccl-b13u12

c197-091:21806:22649 [2] NCCL INFO Channel 01 : 10[82000] -> 11[83000] via SHM/direct/direct
c197-091:21805:22650 [1] NCCL INFO Channel 01 : 9[3000] -> 10[82000] via SHM/direct/direct
c197-091:21807:22734 [3] NCCL INFO Mem Realloc old size 0, new size 8 pointer 0x2b01380009c0
c197-091:21807:22734 [3] NCCL INFO Allocated 4194656 bytes of shared memory in /dev/shm/nccl-2YVkXR

c197-091:21807:22734 [3] NCCL INFO New proxy send connection 0 from local rank 3, transport 2
c197-091:21807:22652 [3] NCCL INFO Connection to proxy localRank 3 -> connection 0x2b0138002010
c197-091:21807:22652 [3] NCCL INFO Channel 00/0 : 11[83000] -> 12[2000] [send] via NET/IB/0
c197-091:21807:22734 [3] NCCL INFO New proxy send connection 1 from local rank 3, transport 2
c197-091:21804:22651 [0] NCCL INFO Connection to proxy localRank 0 -> connection 0x2b154c002050
c197-091:21804:22651 [0] NCCL INFO Channel 01/0 : 7[83000] -> 8[2000] [receive] via NET/IB/0
c197-091:21804:22651 [0] NCCL INFO Allocated 4096 bytes of shared memory in /dev/shm/nccl-aBnfmy

c197-091:21804:22651 [0] NCCL INFO Channel 00 : 8[2000] -> 9[3000] via SHM/direct/direct
c197-091:21804:22651 [0] NCCL INFO Allocated 4096 bytes of shared memory in /dev/shm/nccl-vRlHxJ

c197-091:21804:22651 [0] NCCL INFO Channel 01 : 8[2000] -> 9[3000] via SHM/direct/direct
c197-091:21805:22650 [1] NCCL INFO Connected all rings
c197-091:21807:22652 [3] NCCL INFO Connection to proxy localRank 3 -> connection 0x2b0138002050
c197-091:21807:22652 [3] NCCL INFO Channel 01/0 : 11[83000] -> 12[2000] [send] via NET/IB/0
c197-091:21807:22734 [3] NCCL INFO transport/net_ib.cc:596 Ib Alloc Size 26560 pointer 0x2b0138014000
c197-091:21804:22735 [0] NCCL INFO transport/net_ib.cc:683 Ib Alloc Size 21688 pointer 0x2b154c014000
c197-091:21804:22735 [0] NCCL INFO transport/net_ib.cc:696 Ib Alloc Size 552 pointer 0x2b154c01b000
c197-091:21807:22734 [3] NCCL INFO NET/IB: Dev 0 Port 1 qpn 89724 mtu 5 LID 6
c197-091:21807:22734 [3] NCCL INFO transport/net_ib.cc:653 Ib Alloc Size 552 pointer 0x2b0138020000
c197-091:21805:22736 [1] NCCL INFO Mem Realloc old size 0, new size 8 pointer 0x2b97c80009c0
c197-091:21805:22736 [1] NCCL INFO Allocated 4194656 bytes of shared memory in /dev/shm/nccl-TjgBfe

c197-091:21804:22735 [0] NCCL INFO transport/net_ib.cc:771 Ib Alloc Size 552 pointer 0x2b154c021000
c197-091:21805:22736 [1] NCCL INFO New proxy recv connection 0 from local rank 1, transport 2
c197-091:21805:22650 [1] NCCL INFO Connection to proxy localRank 1 -> connection 0x2b97c8002010
c197-091:21805:22650 [1] NCCL INFO Channel 00/0 : 4[2000] -> 9[3000] [receive] via NET/IB/0
c197-091:21807:22734 [3] NCCL INFO transport/net.cc:571 Cuda Host Alloc Size 9641984 pointer 0x2b0140000000
c197-091:21807:22734 [3] NCCL INFO Mem Realloc old size 0, new size 768 pointer 0x2b01380205d0
c197-091:21807:22734 [3] NCCL INFO transport/net_ib.cc:596 Ib Alloc Size 26560 pointer 0x2b0138021000
c197-091:21804:22735 [0] NCCL INFO transport/net.cc:698 Cuda Host Alloc Size 9641984 pointer 0x2b1554000000
c197-091:21804:22735 [0] NCCL INFO Mem Realloc old size 0, new size 768 pointer 0x2b154c01b730
c197-091:21804:22735 [0] NCCL INFO transport/net_ib.cc:683 Ib Alloc Size 21688 pointer 0x2b154c021000
c197-091:21804:22735 [0] NCCL INFO transport/net_ib.cc:696 Ib Alloc Size 552 pointer 0x2b154c028000
c197-091:21807:22734 [3] NCCL INFO NET/IB: Dev 0 Port 1 qpn 89726 mtu 5 LID 6
c197-091:21807:22734 [3] NCCL INFO transport/net_ib.cc:653 Ib Alloc Size 552 pointer 0x2b0138029000
c197-091:21804:22735 [0] NCCL INFO transport/net_ib.cc:771 Ib Alloc Size 552 pointer 0x2b154c028000
c197-091:21806:22649 [2] NCCL INFO Connected all rings
c197-091:21806:22649 [2] NCCL INFO Allocated 9637888 bytes of shared memory in /dev/shm/nccl-J7Yhhe

c197-091:21807:22734 [3] NCCL INFO transport/net.cc:571 Cuda Host Alloc Size 9641984 pointer 0x2b0140a00000
c197-091:21804:22735 [0] NCCL INFO transport/net.cc:698 Cuda Host Alloc Size 9641984 pointer 0x2b1554a00000
c197-091:21807:22652 [3] NCCL INFO Connected all rings
c197-091:21807:22652 [3] NCCL INFO Allocated 4096 bytes of shared memory in /dev/shm/nccl-ctWid3

c197-091:21807:22652 [3] NCCL INFO Channel 00 : 11[83000] -> 10[82000] via SHM/direct/direct
c197-091:21807:22652 [3] NCCL INFO Allocated 4096 bytes of shared memory in /dev/shm/nccl-Sl9hte

c197-091:21807:22652 [3] NCCL INFO Channel 01 : 11[83000] -> 10[82000] via SHM/direct/direct
c197-091:21804:22651 [0] NCCL INFO Connected all rings
c197-091:21804:22735 [0] NCCL INFO New proxy recv connection 2 from local rank 0, transport 2
c197-091:21806:22649 [2] NCCL INFO Allocated 9637888 bytes of shared memory in /dev/shm/nccl-oWTZxp

c197-091:21806:22649 [2] NCCL INFO Allocated 4096 bytes of shared memory in /dev/shm/nccl-XmgCPA

c197-091:21806:22649 [2] NCCL INFO Channel 00 : 10[82000] -> 9[3000] via SHM/direct/direct
c197-091:21806:22649 [2] NCCL INFO Allocated 4096 bytes of shared memory in /dev/shm/nccl-gfhg7L

c197-091:21806:22649 [2] NCCL INFO Channel 01 : 10[82000] -> 9[3000] via SHM/direct/direct
c197-091:21807:22652 [3] NCCL INFO Connected all trees
c197-091:21807:22652 [3] NCCL INFO threadThresholds 8/8/64 | 128/8/64 | 512 | 512
c197-091:21807:22652 [3] NCCL INFO 2 coll channels, 2 p2p channels, 2 p2p channels per peer
c197-091:21807:22734 [3] NCCL INFO New proxy send connection 2 from local rank 3, transport 2
c197-091:21804:22651 [0] NCCL INFO Connection to proxy localRank 0 -> connection 0x2b154c002090
c197-091:21804:22651 [0] NCCL INFO Channel 01/0 : 5[3000] -> 8[2000] [receive] via NET/IB/0
c197-091:21804:22735 [0] NCCL INFO transport/net_ib.cc:683 Ib Alloc Size 21688 pointer 0x2b154c02f000
c197-091:21804:22735 [0] NCCL INFO transport/net_ib.cc:696 Ib Alloc Size 552 pointer 0x2b154c036000
c197-091:21804:22735 [0] NCCL INFO transport/net_ib.cc:771 Ib Alloc Size 552 pointer 0x2b154c036000
c197-091:21804:22735 [0] NCCL INFO transport/net.cc:698 Cuda Host Alloc Size 9641984 pointer 0x2b1555400000
c197-091:21804:22735 [0] NCCL INFO New proxy send connection 3 from local rank 0, transport 2
c197-091:21807:22652 [3] NCCL INFO Connection to proxy localRank 3 -> connection 0x2b0138002090
c197-091:21807:22734 [3] NCCL INFO transport/net.cc:376 Cuda Alloc Size 4194304 pointer 0x2b0141400000
c197-091:21804:22651 [0] NCCL INFO Connection to proxy localRank 0 -> connection 0x2b154c0020d0
c197-091:21804:22651 [0] NCCL INFO Channel 00/0 : 8[2000] -> 12[2000] [send] via NET/IB/0
c197-091:21804:22735 [0] NCCL INFO transport/net_ib.cc:596 Ib Alloc Size 26560 pointer 0x2b154c03d000
c197-091:21804:22735 [0] NCCL INFO NET/IB: Dev 0 Port 1 qpn 89729 mtu 5 LID 6
c197-091:21804:22735 [0] NCCL INFO transport/net_ib.cc:653 Ib Alloc Size 552 pointer 0x2b154c045000
c197-091:21804:22735 [0] NCCL INFO transport/net.cc:571 Cuda Host Alloc Size 9641984 pointer 0x2b1556000000
c197-091:21804:22735 [0] NCCL INFO New proxy recv connection 4 from local rank 0, transport 2
c197-091:21805:22736 [1] NCCL INFO transport/net_ib.cc:683 Ib Alloc Size 21688 pointer 0x2b97c800f000
c197-091:21805:22736 [1] NCCL INFO transport/net_ib.cc:696 Ib Alloc Size 552 pointer 0x2b97c8016000
c197-091:21805:22736 [1] NCCL INFO transport/net_ib.cc:771 Ib Alloc Size 552 pointer 0x2b97c801c000
c197-091:21805:22736 [1] NCCL INFO transport/net.cc:698 Cuda Host Alloc Size 9641984 pointer 0x2b97d0000000
c197-091:21805:22736 [1] NCCL INFO Mem Realloc old size 0, new size 768 pointer 0x2b97c8016420
c197-091:21805:22736 [1] NCCL INFO New proxy send connection 1 from local rank 1, transport 2
c197-091:21804:22651 [0] NCCL INFO Connection to proxy localRank 0 -> connection 0x2b154c002110
c197-091:21804:22651 [0] NCCL INFO Channel 00/0 : 0[2000] -> 8[2000] [receive] via NET/IB/0
c197-091:21804:22735 [0] NCCL INFO New proxy send connection 5 from local rank 0, transport 2
c197-091:21805:22650 [1] NCCL INFO Connection to proxy localRank 1 -> connection 0x2b97c8002050
c197-091:21805:22650 [1] NCCL INFO Channel 00/0 : 9[3000] -> 4[2000] [send] via NET/IB/0
c197-091:21804:22651 [0] NCCL INFO Connection to proxy localRank 0 -> connection 0x2b154c002150
c197-091:21804:22651 [0] NCCL INFO Channel 00/0 : 8[2000] -> 0[2000] [send] via NET/IB/0
c197-091:21804:22735 [0] NCCL INFO transport/net_ib.cc:596 Ib Alloc Size 26560 pointer 0x2b154c051000
c197-091:21804:22735 [0] NCCL INFO NET/IB: Dev 0 Port 1 qpn 89731 mtu 5 LID 6
c197-091:21804:22735 [0] NCCL INFO transport/net_ib.cc:653 Ib Alloc Size 552 pointer 0x2b154c059000
c197-091:21804:22735 [0] NCCL INFO transport/net.cc:571 Cuda Host Alloc Size 9641984 pointer 0x2b1556a00000
c197-091:21804:22735 [0] NCCL INFO transport/net_ib.cc:683 Ib Alloc Size 21688 pointer 0x2b154c05b000
c197-091:21804:22735 [0] NCCL INFO transport/net_ib.cc:696 Ib Alloc Size 552 pointer 0x2b154c062000
c197-091:21804:22735 [0] NCCL INFO transport/net_ib.cc:771 Ib Alloc Size 552 pointer 0x2b154c062000
c197-091:21804:22735 [0] NCCL INFO transport/net.cc:698 Cuda Host Alloc Size 9641984 pointer 0x2b1557400000
c197-091:21804:22735 [0] NCCL INFO New proxy recv connection 6 from local rank 0, transport 2
c197-091:21804:22651 [0] NCCL INFO Connection to proxy localRank 0 -> connection 0x2b154c002190
c197-091:21804:22651 [0] NCCL INFO Channel 00/0 : 12[2000] -> 8[2000] [receive] via NET/IB/0
c197-091:21804:22735 [0] NCCL INFO transport/net_ib.cc:683 Ib Alloc Size 21688 pointer 0x2b154c069000
c197-091:21804:22735 [0] NCCL INFO transport/net_ib.cc:696 Ib Alloc Size 552 pointer 0x2b154c070000
c197-091:21805:22736 [1] NCCL INFO transport/net_ib.cc:596 Ib Alloc Size 26560 pointer 0x2b97c8021000
c197-091:21804:22735 [0] NCCL INFO transport/net_ib.cc:771 Ib Alloc Size 552 pointer 0x2b154c070000
c197-091:21805:22736 [1] NCCL INFO NET/IB: Dev 0 Port 1 qpn 89734 mtu 5 LID 6
c197-091:21805:22736 [1] NCCL INFO transport/net_ib.cc:653 Ib Alloc Size 552 pointer 0x2b97c8029000
c197-091:21805:22736 [1] NCCL INFO transport/net.cc:571 Cuda Host Alloc Size 9641984 pointer 0x2b97d0a00000
c197-091:21805:22650 [1] NCCL INFO Allocated 9637888 bytes of shared memory in /dev/shm/nccl-o2Vl5p

c197-091:21804:22735 [0] NCCL INFO transport/net.cc:698 Cuda Host Alloc Size 9641984 pointer 0x2b1558000000
c197-091:21804:22735 [0] NCCL INFO New proxy send connection 7 from local rank 0, transport 2
c197-091:21805:22650 [1] NCCL INFO Allocated 9637888 bytes of shared memory in /dev/shm/nccl-5oxlWB

c197-091:21805:22650 [1] NCCL INFO Allocated 4096 bytes of shared memory in /dev/shm/nccl-ceXxON

c197-091:21805:22650 [1] NCCL INFO Channel 00 : 9[3000] -> 8[2000] via SHM/direct/direct
c197-091:21805:22650 [1] NCCL INFO Allocated 4096 bytes of shared memory in /dev/shm/nccl-R5eMGZ

c197-091:21805:22650 [1] NCCL INFO Channel 01 : 9[3000] -> 8[2000] via SHM/direct/direct
c197-091:21806:22649 [2] NCCL INFO Connected all trees
c197-091:21806:22649 [2] NCCL INFO threadThresholds 8/8/64 | 128/8/64 | 512 | 512
c197-091:21806:22649 [2] NCCL INFO 2 coll channels, 2 p2p channels, 2 p2p channels per peer
c197-091:21806:22737 [2] NCCL INFO Mem Realloc old size 0, new size 8 pointer 0x2b89cc0009c0
c197-091:21806:22737 [2] NCCL INFO Allocated 4194656 bytes of shared memory in /dev/shm/nccl-q5Al0X

c197-091:21806:22737 [2] NCCL INFO New proxy send connection 0 from local rank 2, transport 2
c197-091:21806:22649 [2] NCCL INFO Connection to proxy localRank 2 -> connection 0x2b89cc002010
c197-091:21806:22737 [2] NCCL INFO transport/net.cc:376 Cuda Alloc Size 4194304 pointer 0x2b89d8000000
c197-091:21804:22651 [0] NCCL INFO Connection to proxy localRank 0 -> connection 0x2b154c0021d0
c197-091:21804:22651 [0] NCCL INFO Channel 01/0 : 8[2000] -> 5[3000] [send] via NET/IB/0
c197-091:21804:22735 [0] NCCL INFO transport/net_ib.cc:596 Ib Alloc Size 26560 pointer 0x2b154c077000
c197-091:21804:22735 [0] NCCL INFO NET/IB: Dev 0 Port 1 qpn 89735 mtu 5 LID 6
c197-091:21804:22735 [0] NCCL INFO transport/net_ib.cc:653 Ib Alloc Size 552 pointer 0x2b154c07f000
c197-091:21804:22735 [0] NCCL INFO transport/net.cc:571 Cuda Host Alloc Size 9641984 pointer 0x2b1558a00000
c197-091:21804:22651 [0] NCCL INFO Allocated 9637888 bytes of shared memory in /dev/shm/nccl-hrdevV

c197-091:21804:22651 [0] NCCL INFO Allocated 9637888 bytes of shared memory in /dev/shm/nccl-VaFJt7

c197-091:21804:22651 [0] NCCL INFO Connected all trees
c197-091:21804:22651 [0] NCCL INFO threadThresholds 8/8/64 | 128/8/64 | 512 | 512
c197-091:21804:22651 [0] NCCL INFO 2 coll channels, 2 p2p channels, 2 p2p channels per peer
c197-091:21804:22735 [0] NCCL INFO New proxy send connection 8 from local rank 0, transport 2
c197-091:21805:22650 [1] NCCL INFO Connected all trees
c197-091:21805:22650 [1] NCCL INFO threadThresholds 8/8/64 | 128/8/64 | 512 | 512
c197-091:21805:22650 [1] NCCL INFO 2 coll channels, 2 p2p channels, 2 p2p channels per peer
c197-091:21805:22736 [1] NCCL INFO New proxy send connection 2 from local rank 1, transport 2
c197-091:21805:22650 [1] NCCL INFO Connection to proxy localRank 1 -> connection 0x2b97c8002090
c197-091:21805:22736 [1] NCCL INFO transport/net.cc:376 Cuda Alloc Size 4194304 pointer 0x2b97d1400000
c197-091:21804:22651 [0] NCCL INFO Connection to proxy localRank 0 -> connection 0x2b154c002210
c197-091:21807:22652 [3] NCCL INFO init.cc:367 Cuda Alloc Size 5168 pointer 0x2b0133c03800
c197-091:21805:22650 [1] NCCL INFO init.cc:367 Cuda Alloc Size 5168 pointer 0x2b97c3c03800
c197-091:21806:22649 [2] NCCL INFO init.cc:367 Cuda Alloc Size 5168 pointer 0x2b89c7c03800
c197-091:21804:22651 [0] NCCL INFO init.cc:367 Cuda Alloc Size 5168 pointer 0x2b1547c03800
c197-091:21804:22735 [0] NCCL INFO transport/net.cc:376 Cuda Alloc Size 4194304 pointer 0x2b1559400000
c197-091:21806:22649 [2] NCCL INFO init.cc:392 Cuda Host Alloc Size 33554432 pointer 0x2b89da000000
c197-091:21806:22649 [2] NCCL INFO init.cc:398 Cuda Host Alloc Size 128 pointer 0x2b89c7200200
c197-091:21806:22649 [2] NCCL INFO comm 0xbb7e130 rank 10 nranks 16 cudaDev 2 busId 82000 - Init COMPLETE
c197-091:21807:22652 [3] NCCL INFO init.cc:392 Cuda Host Alloc Size 33554432 pointer 0x2b0144000000
c197-091:21807:22652 [3] NCCL INFO init.cc:398 Cuda Host Alloc Size 128 pointer 0x2b0133200200
c197-091:21804:22651 [0] NCCL INFO init.cc:392 Cuda Host Alloc Size 33554432 pointer 0x2b155a000000
c197-091:21807:22652 [3] NCCL INFO comm 0xc7bcb70 rank 11 nranks 16 cudaDev 3 busId 83000 - Init COMPLETE
c197-091:21804:22651 [0] NCCL INFO init.cc:398 Cuda Host Alloc Size 128 pointer 0x2b1547200200
c197-091:21804:22651 [0] NCCL INFO comm 0xbc8ef00 rank 8 nranks 16 cudaDev 0 busId 2000 - Init COMPLETE
c197-091:21805:22650 [1] NCCL INFO init.cc:392 Cuda Host Alloc Size 33554432 pointer 0x2b97d6000000
c197-091:21805:22650 [1] NCCL INFO init.cc:398 Cuda Host Alloc Size 128 pointer 0x2b97c3200200
c197-091:21805:22650 [1] NCCL INFO comm 0xc5f1020 rank 9 nranks 16 cudaDev 1 busId 3000 - Init COMPLETE
c197-091:21806:21806 [2] NCCL INFO AllReduce: opCount 0 sendbuff 0x2b89bcc00200 recvbuff 0x2b89bcc00200 count 1 datatype 1 op 0 root 0 comm 0xbb7e130 [nranks=16] stream 0x7d04cc0
c197-091:21806:21806 [2] NCCL INFO misc/utils.cc:235 memory stack hunk malloc(65536)
c197-091:21807:21807 [3] NCCL INFO AllReduce: opCount 0 sendbuff 0x2b012cc00200 recvbuff 0x2b012cc00200 count 1 datatype 1 op 0 root 0 comm 0xc7bcb70 [nranks=16] stream 0xab20840
c197-091:21804:21804 [0] NCCL INFO AllReduce: opCount 0 sendbuff 0x2b153cc00200 recvbuff 0x2b153cc00200 count 1 datatype 1 op 0 root 0 comm 0xbc8ef00 [nranks=16] stream 0x9ff2bd0
c197-091:21805:21805 [1] NCCL INFO AllReduce: opCount 0 sendbuff 0x2b97b8c00200 recvbuff 0x2b97b8c00200 count 1 datatype 1 op 0 root 0 comm 0xc5f1020 [nranks=16] stream 0xa954cf0
c197-091:21807:21807 [3] NCCL INFO misc/utils.cc:235 memory stack hunk malloc(65536)
c197-091:21804:21804 [0] NCCL INFO misc/utils.cc:235 memory stack hunk malloc(65536)
c197-091:21805:21805 [1] NCCL INFO misc/utils.cc:235 memory stack hunk malloc(65536)
c197-091:21807:21807 [3] NCCL INFO AllReduce: opCount 1 sendbuff 0x2b012cc00000 recvbuff 0x2b012cc00000 count 1 datatype 1 op 0 root 0 comm 0xc7bcb70 [nranks=16] stream 0xab20840
c197-091:21806:21806 [2] NCCL INFO AllReduce: opCount 1 sendbuff 0x2b89bcc00000 recvbuff 0x2b89bcc00000 count 1 datatype 1 op 0 root 0 comm 0xbb7e130 [nranks=16] stream 0x7d04cc0
c197-091:21804:21804 [0] NCCL INFO AllReduce: opCount 1 sendbuff 0x2b153cc00000 recvbuff 0x2b153cc00000 count 1 datatype 1 op 0 root 0 comm 0xbc8ef00 [nranks=16] stream 0x9ff2bd0
c197-091:21805:21805 [1] NCCL INFO AllReduce: opCount 1 sendbuff 0x2b97b8c00000 recvbuff 0x2b97b8c00000 count 1 datatype 1 op 0 root 0 comm 0xc5f1020 [nranks=16] stream 0xa954cf0
c197-091:21807:21807 [3] NCCL INFO AllReduce: opCount 2 sendbuff 0x2b012cc00000 recvbuff 0x2b012cc00000 count 1 datatype 8 op 3 root 0 comm 0xc7bcb70 [nranks=16] stream 0xab20840
c197-091:21805:21805 [1] NCCL INFO AllReduce: opCount 2 sendbuff 0x2b97b8c00000 recvbuff 0x2b97b8c00000 count 1 datatype 8 op 3 root 0 comm 0xc5f1020 [nranks=16] stream 0xa954cf0
c197-091:21806:21806 [2] NCCL INFO AllReduce: opCount 2 sendbuff 0x2b89bcc00000 recvbuff 0x2b89bcc00000 count 1 datatype 8 op 3 root 0 comm 0xbb7e130 [nranks=16] stream 0x7d04cc0
c197-091:21804:21804 [0] NCCL INFO AllReduce: opCount 2 sendbuff 0x2b153cc00000 recvbuff 0x2b153cc00000 count 1 datatype 8 op 3 root 0 comm 0xbc8ef00 [nranks=16] stream 0x9ff2bd0
c197-091:21805:21805 [1] NCCL INFO AllReduce: opCount 3 sendbuff 0x2b97b8c00200 recvbuff 0x2b97b8c00200 count 1 datatype 1 op 0 root 0 comm 0xc5f1020 [nranks=16] stream 0xa954cf0
c197-091:21807:21807 [3] NCCL INFO AllReduce: opCount 3 sendbuff 0x2b012cc00200 recvbuff 0x2b012cc00200 count 1 datatype 1 op 0 root 0 comm 0xc7bcb70 [nranks=16] stream 0xab20840
c197-091:21804:21804 [0] NCCL INFO AllReduce: opCount 3 sendbuff 0x2b153cc00200 recvbuff 0x2b153cc00200 count 1 datatype 1 op 0 root 0 comm 0xbc8ef00 [nranks=16] stream 0x9ff2bd0
c197-091:21806:21806 [2] NCCL INFO AllReduce: opCount 3 sendbuff 0x2b89bcc00200 recvbuff 0x2b89bcc00200 count 1 datatype 1 op 0 root 0 comm 0xbb7e130 [nranks=16] stream 0x7d04cc0
 > number of parameters on (tensor, pipeline) model parallel rank (1, 2): 37807104 > number of parameters on (tensor, pipeline) model parallel rank (0, 2): 37807104

c197-091:21806:21806 [2] NCCL INFO AllReduce: opCount 4 sendbuff 0x2b89bcc00400 recvbuff 0x2b89bcc00400 count 1 datatype 1 op 0 root 0 comm 0xbb7e130 [nranks=16] stream 0x7d04cc0
c197-091:21807:21807 [3] NCCL INFO AllReduce: opCount 4 sendbuff 0x2b012cc00400 recvbuff 0x2b012cc00400 count 1 datatype 1 op 0 root 0 comm 0xc7bcb70 [nranks=16] stream 0xab20840
c197-091:21805:21805 [1] NCCL INFO AllReduce: opCount 4 sendbuff 0x2b97b8c00400 recvbuff 0x2b97b8c00400 count 1 datatype 1 op 0 root 0 comm 0xc5f1020 [nranks=16] stream 0xa954cf0
c197-091:21804:21804 [0] NCCL INFO AllReduce: opCount 4 sendbuff 0x2b153cc00400 recvbuff 0x2b153cc00400 count 1 datatype 1 op 0 root 0 comm 0xbc8ef00 [nranks=16] stream 0x9ff2bd0
c197-091:21805:21805 [1] NCCL INFO AllReduce: opCount 5 sendbuff 0x2b97b8d1d200 recvbuff 0x2b97b8d1d200 count 1 datatype 1 op 0 root 0 comm 0xc5f1020 [nranks=16] stream 0xa954cf0
c197-091:21806:21806 [2] NCCL INFO AllReduce: opCount 5 sendbuff 0x2b89bcd1d200 recvbuff 0x2b89bcd1d200 count 1 datatype 1 op 0 root 0 comm 0xbb7e130 [nranks=16] stream 0x7d04cc0
c197-091:21807:21807 [3] NCCL INFO AllReduce: opCount 5 sendbuff 0x2b012cd1d200 recvbuff 0x2b012cd1d200 count 1 datatype 1 op 0 root 0 comm 0xc7bcb70 [nranks=16] stream 0xab20840
c197-091:21804:21804 [0] NCCL INFO AllReduce: opCount 5 sendbuff 0x2b153cd1d200 recvbuff 0x2b153cd1d200 count 1 datatype 1 op 0 root 0 comm 0xbc8ef00 [nranks=16] stream 0x9ff2bd0
c197-091:21807:21807 [3] NCCL INFO AllReduce: opCount 6 sendbuff 0x2b012cc00400 recvbuff 0x2b012cc00400 count 1 datatype 1 op 0 root 0 comm 0xc7bcb70 [nranks=16] stream 0xab20840
c197-091:21806:21806 [2] NCCL INFO AllReduce: opCount 6 sendbuff 0x2b89bcc00400 recvbuff 0x2b89bcc00400 count 1 datatype 1 op 0 root 0 comm 0xbb7e130 [nranks=16] stream 0x7d04cc0
c197-091:21805:21805 [1] NCCL INFO AllReduce: opCount 6 sendbuff 0x2b97b8c00400 recvbuff 0x2b97b8c00400 count 1 datatype 1 op 0 root 0 comm 0xc5f1020 [nranks=16] stream 0xa954cf0
c197-091:21804:21804 [0] NCCL INFO AllReduce: opCount 6 sendbuff 0x2b153cc00400 recvbuff 0x2b153cc00400 count 1 datatype 1 op 0 root 0 comm 0xbc8ef00 [nranks=16] stream 0x9ff2bd0
NCCL version 2.14.3+cuda11.8
c197-091:21804:21804 [0] NCCL INFO init.cc:1147 Cuda Host Alloc Size 4 pointer 0x2b1547200400
c197-091:21804:23461 [0] NCCL INFO Using network IB
c197-091:21806:21806 [2] NCCL INFO init.cc:1147 Cuda Host Alloc Size 4 pointer 0x2b89c7200400
c197-091:21806:23462 [2] NCCL INFO Using network IB
c197-091:21804:23461 [0] NCCL INFO NET/IB : GPU Direct RDMA Disabled for HCA 0 'mlx4_0'
c197-091:21806:23462 [2] NCCL INFO NET/IB : GPU Direct RDMA Disabled for HCA 0 'mlx4_0'
c197-091:21806:23462 [2] NCCL INFO === System : maxBw 6.0 totalBw 12.0 ===
c197-091:21804:23461 [0] NCCL INFO === System : maxBw 6.0 totalBw 12.0 ===
c197-091:21806:23462 [2] NCCL INFO CPU/0 (1/1/1)
c197-091:21804:23461 [0] NCCL INFO CPU/0 (1/1/1)
c197-091:21806:23462 [2] NCCL INFO + PCI[12.0] - GPU/2000 (0)
c197-091:21804:23461 [0] NCCL INFO + PCI[12.0] - GPU/2000 (0)
c197-091:21806:23462 [2] NCCL INFO + PCI[6.0] - NIC/1000
c197-091:21804:23461 [0] NCCL INFO + PCI[6.0] - NIC/1000
c197-091:21806:23462 [2] NCCL INFO + SYS[6.0] - CPU/1
c197-091:21804:23461 [0] NCCL INFO + SYS[6.0] - CPU/1
c197-091:21806:23462 [2] NCCL INFO CPU/1 (1/1/1)
c197-091:21804:23461 [0] NCCL INFO CPU/1 (1/1/1)
c197-091:21806:23462 [2] NCCL INFO + PCI[12.0] - GPU/82000 (1)
c197-091:21804:23461 [0] NCCL INFO + PCI[12.0] - GPU/82000 (1)
c197-091:21806:23462 [2] NCCL INFO + SYS[6.0] - CPU/0
c197-091:21804:23461 [0] NCCL INFO + SYS[6.0] - CPU/0
c197-091:21806:23462 [2] NCCL INFO ==========================================
c197-091:21804:23461 [0] NCCL INFO ==========================================
c197-091:21806:23462 [2] NCCL INFO GPU/2000 :GPU/2000 (0/5000.000000/LOC) GPU/82000 (3/6.000000/SYS) CPU/0 (1/12.000000/PHB) CPU/1 (2/6.000000/SYS) 
c197-091:21804:23461 [0] NCCL INFO GPU/2000 :GPU/2000 (0/5000.000000/LOC) GPU/82000 (3/6.000000/SYS) CPU/0 (1/12.000000/PHB) CPU/1 (2/6.000000/SYS) 
c197-091:21806:23462 [2] NCCL INFO GPU/82000 :GPU/2000 (3/6.000000/SYS) GPU/82000 (0/5000.000000/LOC) CPU/0 (2/6.000000/SYS) CPU/1 (1/12.000000/PHB) 
c197-091:21804:23461 [0] NCCL INFO GPU/82000 :GPU/2000 (3/6.000000/SYS) GPU/82000 (0/5000.000000/LOC) CPU/0 (2/6.000000/SYS) CPU/1 (1/12.000000/PHB) 
c197-091:21804:23461 [0] NCCL INFO Setting affinity for GPU 0 to ff00ff
c197-091:21806:23462 [2] NCCL INFO Setting affinity for GPU 2 to ff00ff00
c197-091:21806:23462 [2] NCCL INFO Pattern 4, crossNic 0, nChannels 1, bw 6.000000/6.000000, type SYS/PIX, sameChannels 1
c197-091:21804:23461 [0] NCCL INFO Pattern 4, crossNic 0, nChannels 1, bw 6.000000/6.000000, type SYS/PIX, sameChannels 1
c197-091:21806:23462 [2] NCCL INFO  0 : GPU/0 GPU/1
c197-091:21804:23461 [0] NCCL INFO  0 : GPU/0 GPU/1
c197-091:21806:23462 [2] NCCL INFO Pattern 1, crossNic 0, nChannels 1, bw 6.000000/6.000000, type SYS/PIX, sameChannels 1
c197-091:21804:23461 [0] NCCL INFO Pattern 1, crossNic 0, nChannels 1, bw 6.000000/6.000000, type SYS/PIX, sameChannels 1
c197-091:21806:23462 [2] NCCL INFO  0 : GPU/0 GPU/1
c197-091:21804:23461 [0] NCCL INFO  0 : GPU/0 GPU/1
c197-091:21804:23461 [0] NCCL INFO Pattern 3, crossNic 0, nChannels 1, bw 6.000000/6.000000, type SYS/PIX, sameChannels 1
c197-091:21804:23461 [0] NCCL INFO  0 : GPU/0 GPU/1
c197-091:21806:23462 [2] NCCL INFO Pattern 3, crossNic 0, nChannels 1, bw 6.000000/6.000000, type SYS/PIX, sameChannels 1
c197-091:21806:23462 [2] NCCL INFO  0 : GPU/0 GPU/1
c197-091:21804:23461 [0] NCCL INFO Tree 0 : -1 -> 0 -> 1/-1/-1
c197-091:21806:23462 [2] NCCL INFO Tree 0 : 0 -> 1 -> -1/-1/-1
c197-091:21804:23461 [0] NCCL INFO Tree 1 : -1 -> 0 -> 1/-1/-1
c197-091:21806:23462 [2] NCCL INFO Tree 1 : 0 -> 1 -> -1/-1/-1
c197-091:21804:23461 [0] NCCL INFO Channel 00/02 :    0   1
c197-091:21806:23462 [2] NCCL INFO Ring 00 : 0 -> 1 -> 0
c197-091:21804:23461 [0] NCCL INFO Channel 01/02 :    0   1
c197-091:21806:23462 [2] NCCL INFO Ring 01 : 0 -> 1 -> 0
c197-091:21806:23462 [2] NCCL INFO Trees [0] -1/-1/-1->1->0 [1] -1/-1/-1->1->0
c197-091:21804:23461 [0] NCCL INFO Ring 00 : 1 -> 0 -> 1
c197-091:21806:23462 [2] NCCL INFO misc/utils.cc:235 memory stack hunk malloc(65536)
c197-091:21804:23461 [0] NCCL INFO Ring 01 : 1 -> 0 -> 1
c197-091:21804:23461 [0] NCCL INFO Trees [0] 1/-1/-1->0->-1 [1] 1/-1/-1->0->-1
c197-091:21804:23461 [0] NCCL INFO misc/utils.cc:235 memory stack hunk malloc(65536)
c197-091:21804:23461 [0] NCCL INFO channel.cc:23 Cuda Alloc Size 1152 pointer 0x2b1547c04e00
c197-091:21804:23461 [0] NCCL INFO channel.cc:27 Cuda Alloc Size 8 pointer 0x2b1547c05400
c197-091:21806:23462 [2] NCCL INFO channel.cc:23 Cuda Alloc Size 1152 pointer 0x2b89c7c04e00
c197-091:21804:23461 [0] NCCL INFO channel.cc:23 Cuda Alloc Size 1152 pointer 0x2b1547c05600
c197-091:21806:23462 [2] NCCL INFO channel.cc:27 Cuda Alloc Size 8 pointer 0x2b89c7c05400
c197-091:21804:23461 [0] NCCL INFO channel.cc:27 Cuda Alloc Size 8 pointer 0x2b1547c05c00
c197-091:21806:23462 [2] NCCL INFO channel.cc:23 Cuda Alloc Size 1152 pointer 0x2b89c7c05600
c197-091:21806:23462 [2] NCCL INFO channel.cc:27 Cuda Alloc Size 8 pointer 0x2b89c7c05c00
c197-091:21804:23461 [0] NCCL INFO Allocated 9637888 bytes of shared memory in /dev/shm/nccl-Gd5Ibz

c197-091:21806:23462 [2] NCCL INFO Allocated 9637888 bytes of shared memory in /dev/shm/nccl-Tj8kIp

c197-091:21806:23462 [2] NCCL INFO Allocated 9637888 bytes of shared memory in /dev/shm/nccl-Ay3grR

c197-091:21804:23461 [0] NCCL INFO Allocated 9637888 bytes of shared memory in /dev/shm/nccl-uHTGU0

c197-091:21806:23462 [2] NCCL INFO Allocated 4096 bytes of shared memory in /dev/shm/nccl-xpb6aj

c197-091:21806:23462 [2] NCCL INFO Channel 00 : 1[82000] -> 0[2000] via SHM/direct/direct
c197-091:21806:23462 [2] NCCL INFO Allocated 4096 bytes of shared memory in /dev/shm/nccl-mfKWUK

c197-091:21806:23462 [2] NCCL INFO Channel 01 : 1[82000] -> 0[2000] via SHM/direct/direct
c197-091:21804:23461 [0] NCCL INFO Allocated 4096 bytes of shared memory in /dev/shm/nccl-mwkAEs

c197-091:21804:23461 [0] NCCL INFO Channel 00 : 0[2000] -> 1[82000] via SHM/direct/direct
c197-091:21804:23461 [0] NCCL INFO Allocated 4096 bytes of shared memory in /dev/shm/nccl-BesvoU

c197-091:21804:23461 [0] NCCL INFO Channel 01 : 0[2000] -> 1[82000] via SHM/direct/direct
c197-091:21804:23461 [0] NCCL INFO Connected all rings
c197-091:21804:23461 [0] NCCL INFO Connected all trees
c197-091:21804:23461 [0] NCCL INFO Latency/AlgBw |    Tree/    LL |    Tree/ LL128 |    Tree/Simple |    Ring/    LL |    Ring/ LL128 |    Ring/Simple | CollNetDirect/    LL | CollNetDirect/ LL128 | CollNetDirect/Simple | CollNetChain/    LL | CollNetChain/ LL128 | CollNetChain/Simple |
c197-091:21804:23461 [0] NCCL INFO  Max NThreads |            512 |            640 |            512 |            512 |            640 |            256 |              0 |              0 |            512 |              0 |              0 |            512 |
c197-091:21804:23461 [0] NCCL INFO     Broadcast |     0.0/   0.0 |     0.0/   0.0 |     0.0/   0.0 |     4.6/   2.0 |    12.5/   0.0 |    14.1/   6.0 |     0.0/   0.0 |     0.0/   0.0 |     0.0/   0.0 |     0.0/   0.0 |     0.0/   0.0 |     0.0/   0.0 |
c197-091:21806:23462 [2] NCCL INFO Connected all rings
c197-091:21804:23461 [0] NCCL INFO        Reduce |     0.0/   0.0 |     0.0/   0.0 |     0.0/   0.0 |     4.6/   1.5 |    12.5/   0.0 |    14.1/   6.0 |     0.0/   0.0 |     0.0/   0.0 |     0.0/   0.0 |     0.0/   0.0 |     0.0/   0.0 |     0.0/   0.0 |
c197-091:21806:23462 [2] NCCL INFO Connected all trees
c197-091:21804:23461 [0] NCCL INFO     AllGather |     0.0/   0.0 |     0.0/   0.0 |     0.0/   0.0 |     4.6/   4.0 |    12.5/   0.0 |    14.1/  12.0 |     0.0/   0.0 |     0.0/   0.0 |     0.0/   0.0 |     0.0/   0.0 |     0.0/   0.0 |     0.0/   0.0 |
c197-091:21806:23462 [2] NCCL INFO threadThresholds 8/8/64 | 16/8/64 | 512 | 512
c197-091:21804:23461 [0] NCCL INFO ReduceScatter |     0.0/   0.0 |     0.0/   0.0 |     0.0/   0.0 |     4.6/   4.0 |    12.5/   0.0 |    14.1/  12.0 |     0.0/   0.0 |     0.0/   0.0 |     0.0/   0.0 |     0.0/   0.0 |     0.0/   0.0 |     0.0/   0.0 |
c197-091:21806:23462 [2] NCCL INFO 2 coll channels, 2 p2p channels, 2 p2p channels per peer
c197-091:21804:23461 [0] NCCL INFO     AllReduce |     6.4/   0.7 |     8.2/   0.0 |    56.0/   2.8 |     5.6/   1.5 |    15.0/   0.0 |    19.8/   6.0 |     5.4/   0.0 |     5.4/   0.0 |    27.7/   0.0 |     4.4/   0.0 |     4.4/   0.0 |    16.0/   0.0 |
c197-091:21804:23461 [0] NCCL INFO threadThresholds 8/8/64 | 16/8/64 | 512 | 512
c197-091:21804:23461 [0] NCCL INFO 2 coll channels, 2 p2p channels, 2 p2p channels per peer
c197-091:21804:23464 [0] NCCL INFO Mem Realloc old size 0, new size 8 pointer 0x2b157c0008c0
c197-091:21806:23463 [2] NCCL INFO Mem Realloc old size 0, new size 8 pointer 0x2b89fc0009c0
c197-091:21804:23464 [0] NCCL INFO Allocated 4194656 bytes of shared memory in /dev/shm/nccl-ArTh9l

c197-091:21806:23463 [2] NCCL INFO Allocated 4194656 bytes of shared memory in /dev/shm/nccl-i53IFc

c197-091:21806:23463 [2] NCCL INFO New proxy send connection 0 from local rank 1, transport 2
c197-091:21806:23462 [2] NCCL INFO Connection to proxy localRank 1 -> connection 0x2b89fc002010
c197-091:21804:23464 [0] NCCL INFO New proxy send connection 0 from local rank 0, transport 2
c197-091:21804:23461 [0] NCCL INFO Connection to proxy localRank 0 -> connection 0x2b157c002010
c197-091:21806:23463 [2] NCCL INFO transport/net.cc:376 Cuda Alloc Size 4194304 pointer 0x2b89f7400000
c197-091:21806:23462 [2] NCCL INFO init.cc:367 Cuda Alloc Size 5168 pointer 0x2b89c7c05e00
c197-091:21804:23464 [0] NCCL INFO transport/net.cc:376 Cuda Alloc Size 4194304 pointer 0x2b1579400000
c197-091:21804:23461 [0] NCCL INFO init.cc:367 Cuda Alloc Size 5168 pointer 0x2b1547c05e00
c197-091:21806:23462 [2] NCCL INFO init.cc:392 Cuda Host Alloc Size 33554432 pointer 0x2b8a04000000
c197-091:21806:23462 [2] NCCL INFO init.cc:398 Cuda Host Alloc Size 128 pointer 0x2b89c7200600
c197-091:21806:23462 [2] NCCL INFO comm 0xebb2b50 rank 1 nranks 2 cudaDev 2 busId 82000 - Init COMPLETE
c197-091:21806:21806 [2] NCCL INFO AllReduce: opCount 0 sendbuff 0x2b89bcc00400 recvbuff 0x2b89bcc00400 count 1 datatype 4 op 0 root 0 comm 0xebb2b50 [nranks=2] stream 0xb331430
c197-091:21806:21806 [2] NCCL INFO misc/utils.cc:235 memory stack hunk malloc(65536)
c197-091:21804:23461 [0] NCCL INFO init.cc:392 Cuda Host Alloc Size 33554432 pointer 0x2b1588000000
c197-091:21804:23461 [0] NCCL INFO init.cc:398 Cuda Host Alloc Size 128 pointer 0x2b1547200600
c197-091:21804:23461 [0] NCCL INFO comm 0xecc4420 rank 0 nranks 2 cudaDev 0 busId 2000 - Init COMPLETE
c197-091:21804:21804 [0] NCCL INFO AllReduce: opCount 0 sendbuff 0x2b153cc00400 recvbuff 0x2b153cc00400 count 1 datatype 4 op 0 root 0 comm 0xecc4420 [nranks=2] stream 0xae16330
c197-091:21804:21804 [0] NCCL INFO misc/utils.cc:235 memory stack hunk malloc(65536)
c197-091:21806:21806 [2] NCCL INFO init.cc:1147 Cuda Host Alloc Size 4 pointer 0x2b89c7200800
c197-091:21804:21804 [0] NCCL INFO init.cc:1147 Cuda Host Alloc Size 4 pointer 0x2b1547200800
c197-091:21806:23467 [2] NCCL INFO Using network IB
c197-091:21804:23468 [0] NCCL INFO Using network IB
c197-091:21806:23467 [2] NCCL INFO NET/IB : GPU Direct RDMA Disabled for HCA 0 'mlx4_0'
c197-091:21804:23468 [0] NCCL INFO NET/IB : GPU Direct RDMA Disabled for HCA 0 'mlx4_0'
c197-091:21806:23467 [2] NCCL INFO === System : maxBw 6.0 totalBw 12.0 ===
c197-091:21806:23467 [2] NCCL INFO CPU/1 (1/1/1)
c197-091:21806:23467 [2] NCCL INFO + PCI[12.0] - GPU/82000 (2)
c197-091:21806:23467 [2] NCCL INFO + SYS[6.0] - CPU/0
c197-091:21804:23468 [0] NCCL INFO === System : maxBw 6.0 totalBw 12.0 ===
c197-091:21806:23467 [2] NCCL INFO CPU/0 (1/1/1)
c197-091:21804:23468 [0] NCCL INFO CPU/0 (1/1/1)
c197-091:21806:23467 [2] NCCL INFO + PCI[6.0] - NIC/1000
c197-091:21804:23468 [0] NCCL INFO + PCI[12.0] - GPU/2000 (2)
