using world size: 16, data-parallel-size: 2, tensor-model-parallel size: 2, pipeline-model-parallel size: 4 
using torch.float16 for parameters ...
Gradient accumulation fusion to linear layer weight gradient computation is supported only with fp32 gradient accumulation. Setting gradient_accumulation_fusion to False
------------------------ arguments ------------------------
  accumulate_allreduce_grads_in_fp32 .............. False
  adam_beta1 ...................................... 0.9
  adam_beta2 ...................................... 0.999
  adam_eps ........................................ 1e-08
  adlr_autoresume ................................. False
  adlr_autoresume_interval ........................ 1000
  apply_query_key_layer_scaling ................... True
  apply_residual_connection_post_layernorm ........ False
  async_tensor_model_parallel_allreduce ........... True
  attention_dropout ............................... 0.1
  attention_softmax_in_fp32 ....................... False
  bert_binary_head ................................ True
  bert_load ....................................... None
  bf16 ............................................ False
  bias_dropout_fusion ............................. True
  bias_gelu_fusion ................................ True
  biencoder_projection_dim ........................ 0
  biencoder_shared_query_context_model ............ False
  block_data_path ................................. None
  classes_fraction ................................ 1.0
  clip_grad ....................................... 1.0
  consumed_train_samples .......................... 0
  consumed_valid_samples .......................... 0
  data_impl ....................................... infer
  data_parallel_random_init ....................... False
  data_parallel_size .............................. 2
  data_path ....................................... ['/work2/08664/tg879638/frontera/lyd/Megatron-LM/my-bert_text_sentence']
  data_per_class_fraction ......................... 1.0
  data_sharding ................................... True
  dataloader_type ................................. single
  DDP_impl ........................................ local
  decoder_seq_length .............................. None
  dino_bottleneck_size ............................ 256
  dino_freeze_last_layer .......................... 1
  dino_head_hidden_size ........................... 2048
  dino_local_crops_number ......................... 10
  dino_local_img_size ............................. 96
  dino_norm_last_layer ............................ False
  dino_teacher_temp ............................... 0.07
  dino_warmup_teacher_temp ........................ 0.04
  dino_warmup_teacher_temp_epochs ................. 30
  distribute_saved_activations .................... False
  distributed_backend ............................. nccl
  embedding_path .................................. None
  empty_unused_memory_level ....................... 0
  encoder_seq_length .............................. 512
  end_weight_decay ................................ 0.01
  eod_mask_loss ................................... False
  eval_interval ................................... 10
  eval_iters ...................................... 1
  evidence_data_path .............................. None
  exit_duration_in_mins ........................... None
  exit_interval ................................... None
  exit_signal_handler ............................. False
  ffn_hidden_size ................................. 4096
  finetune ........................................ False
  fp16 ............................................ True
  fp16_lm_cross_entropy ........................... False
  fp32_residual_connection ........................ False
  global_batch_size ............................... 16
  gradient_accumulation_fusion .................... False
  head_lr_mult .................................... 1.0
  hidden_dropout .................................. 0.1
  hidden_size ..................................... 1024
  hysteresis ...................................... 2
  ict_head_size ................................... None
  ict_load ........................................ None
  img_h ........................................... 224
  img_w ........................................... 224
  indexer_batch_size .............................. 128
  indexer_log_interval ............................ 1000
  inference_batch_times_seqlen_threshold .......... 512
  init_method_std ................................. 0.02
  init_method_xavier_uniform ...................... False
  initial_loss_scale .............................. 4294967296
  iter_per_epoch .................................. 1250
  kv_channels ..................................... 64
  layernorm_epsilon ............................... 1e-05
  lazy_mpu_init ................................... None
  load ............................................ /work2/08664/tg879638/frontera/lyd/Megatron-LM/checkpoints/bert_345m
  local_rank ...................................... 0
  log_batch_size_to_tensorboard ................... False
  log_interval .................................... 1
  log_learning_rate_to_tensorboard ................ True
  log_loss_scale_to_tensorboard ................... True
  log_memory_to_tensorboard ....................... False
  log_num_zeros_in_grad ........................... False
  log_params_norm ................................. False
  log_timers_to_tensorboard ....................... False
  log_validation_ppl_to_tensorboard ............... False
  log_world_size_to_tensorboard ................... False
  loss_scale ...................................... None
  loss_scale_window ............................... 1000
  lr .............................................. 0.0001
  lr_decay_iters .................................. 49
  lr_decay_samples ................................ None
  lr_decay_style .................................. linear
  lr_warmup_fraction .............................. 0.01
  lr_warmup_iters ................................. 0
  lr_warmup_samples ............................... 0
  make_vocab_size_divisible_by .................... 128
  mask_factor ..................................... 1.0
  mask_prob ....................................... 0.15
  mask_type ....................................... random
  masked_softmax_fusion ........................... True
  max_position_embeddings ......................... 512
  merge_file ...................................... None
  micro_batch_size ................................ 8
  min_loss_scale .................................. 1.0
  min_lr .......................................... 1e-05
  mmap_warmup ..................................... False
  no_load_optim ................................... None
  no_load_rng ..................................... None
  no_persist_layer_norm ........................... False
  no_save_optim ................................... None
  no_save_rng ..................................... None
  num_attention_heads ............................. 16
  num_channels .................................... 3
  num_classes ..................................... 1000
  num_experts ..................................... None
  num_layers ...................................... 24
  num_layers_per_virtual_pipeline_stage ........... None
  num_workers ..................................... 2
  onnx_safe ....................................... None
  openai_gelu ..................................... False
  optimizer ....................................... adam
  override_opt_param_scheduler .................... False
  params_dtype .................................... torch.float16
  patch_dim ....................................... 16
  pipeline_model_parallel_size .................... 4
  pipeline_model_parallel_split_rank .............. None
  query_in_block_prob ............................. 0.1
  rampup_batch_size ............................... None
  rank ............................................ 0
  recompute_granularity ........................... None
  recompute_method ................................ uniform
  recompute_num_layers ............................ 1
  reset_attention_mask ............................ False
  reset_position_ids .............................. False
  retriever_report_topk_accuracies ................ []
  retriever_score_scaling ......................... False
  retriever_seq_length ............................ 256
  sample_rate ..................................... 1.0
  save ............................................ /work2/08664/tg879638/frontera/lyd/Megatron-LM/checkpoints/bert_345m
  save_interval ................................... 50
  scatter_gather_tensors_in_pipeline .............. True
  seed ............................................ 1234
  seq_length ...................................... 512
  sequence_parallel ............................... False
  sgd_momentum .................................... 0.9
  short_seq_prob .................................. 0.1
  split ........................................... 949,50,1
  standalone_embedding_stage ...................... False
  start_weight_decay .............................. 0.01
  swin_backbone_type .............................. tiny
  tensor_model_parallel_size ...................... 2
  tensorboard_dir ................................. None
  tensorboard_log_interval ........................ 1
  tensorboard_queue_size .......................... 1000
  titles_data_path ................................ None
  tokenizer_type .................................. BertWordPieceLowerCase
  train_iters ..................................... 100
  train_samples ................................... None
  transformer_pipeline_model_parallel_size ........ 4
  use_checkpoint_opt_param_scheduler .............. False
  use_contiguous_buffers_in_local_ddp ............. True
  use_cpu_initialization .......................... None
  use_one_sent_docs ............................... False
  virtual_pipeline_model_parallel_size ............ None
  vision_backbone_type ............................ vit
  vision_pretraining .............................. False
  vision_pretraining_type ......................... classify
  vocab_extra_ids ................................. 0
  vocab_file ...................................... /work2/08664/tg879638/frontera/lyd/Megatron-LM/model/bert-large-cased-vocab.txt
  weight_decay .................................... 0.01
  weight_decay_incr_style ......................... constant
  world_size ...................................... 16
-------------------- end of arguments ---------------------
setting number of micro-batches to constant 1
> building BertWordPieceLowerCase tokenizer ...
 > padded vocab (size: 28998) with 186 dummy tokens (new size: 29184)
> initializing torch distributed ...
> initializing tensor model parallel with size 2
> initializing pipeline model parallel with size 4
> setting random seeds to 1234 ...
> initializing model parallel cuda seeds on global rank 0, model parallel rank 0, and data parallel rank 0 with model parallel seed: 3952 and data parallel seed: 1234
> compiling dataset index builder ...
make: Entering directory `/work2/08664/tg879638/frontera/lyd/Megatron-LM/megatron/data'
make: Nothing to be done for `default'.
make: Leaving directory `/work2/08664/tg879638/frontera/lyd/Megatron-LM/megatron/data'
>>> done with dataset index builder. Compilation time: 0.536 seconds
> compiling and loading fused kernels ...
ninja: no work to do.
ninja: no work to do.
ninja: no work to do.
ninja: no work to do.
c197-081:8283:8283 [0] NCCL INFO NCCL_SOCKET_IFNAME set by environment to ib0
c197-081:8283:8283 [0] NCCL INFO NCCL_SOCKET_IFNAME set to ib0
c197-081:8283:8283 [0] NCCL INFO Bootstrap : Using ib0:192.168.44.137<0>
c197-081:8283:8283 [0] NCCL INFO NET/Plugin : No plugin found (libnccl-net.so), using internal implementation
c197-081:8283:8283 [0] NCCL INFO cudaDriverVersion 12020
c197-081:8286:8286 [3] NCCL INFO cudaDriverVersion 12020
NCCL version 2.14.3+cuda11.8c197-081:8285:8285 [2] NCCL INFO cudaDriverVersion 12020

c197-081:8284:8284 [1] NCCL INFO cudaDriverVersion 12020
c197-081:8283:8283 [0] NCCL INFO init.cc:1147 Cuda Host Alloc Size 4 pointer 0x2b9eb5200000
c197-081:8283:9219 [0] NCCL INFO NCCL_SOCKET_IFNAME set by environment to ib0
c197-081:8283:9219 [0] NCCL INFO NET/IB : Using [0]mlx4_0:1/IB [RO]; OOB ib0:192.168.44.137<0>
c197-081:8283:9219 [0] NCCL INFO Using network IB
c197-081:8286:8286 [3] NCCL INFO NCCL_SOCKET_IFNAME set by environment to ib0
c197-081:8286:8286 [3] NCCL INFO NCCL_SOCKET_IFNAME set to ib0
c197-081:8286:8286 [3] NCCL INFO Bootstrap : Using ib0:192.168.44.137<0>
c197-081:8286:8286 [3] NCCL INFO NET/Plugin : No plugin found (libnccl-net.so), using internal implementation
c197-081:8286:8286 [3] NCCL INFO init.cc:1147 Cuda Host Alloc Size 4 pointer 0x2b09e7200000
c197-081:8284:8284 [1] NCCL INFO NCCL_SOCKET_IFNAME set by environment to ib0
c197-081:8284:8284 [1] NCCL INFO NCCL_SOCKET_IFNAME set to ib0
c197-081:8285:8285 [2] NCCL INFO NCCL_SOCKET_IFNAME set by environment to ib0
c197-081:8285:8285 [2] NCCL INFO NCCL_SOCKET_IFNAME set to ib0
c197-081:8286:9236 [3] NCCL INFO NCCL_SOCKET_IFNAME set by environment to ib0
c197-081:8284:8284 [1] NCCL INFO Bootstrap : Using ib0:192.168.44.137<0>
c197-081:8285:8285 [2] NCCL INFO Bootstrap : Using ib0:192.168.44.137<0>
c197-081:8285:8285 [2] NCCL INFO NET/Plugin : No plugin found (libnccl-net.so), using internal implementation
c197-081:8284:8284 [1] NCCL INFO NET/Plugin : No plugin found (libnccl-net.so), using internal implementation
c197-081:8286:9236 [3] NCCL INFO NET/IB : Using [0]mlx4_0:1/IB [RO]; OOB ib0:192.168.44.137<0>
c197-081:8286:9236 [3] NCCL INFO Using network IB
c197-081:8284:8284 [1] NCCL INFO init.cc:1147 Cuda Host Alloc Size 4 pointer 0x2ad23b200000
c197-081:8285:8285 [2] NCCL INFO init.cc:1147 Cuda Host Alloc Size 4 pointer 0x2b33cf200000
c197-081:8284:9238 [1] NCCL INFO NCCL_SOCKET_IFNAME set by environment to ib0
c197-081:8285:9239 [2] NCCL INFO NCCL_SOCKET_IFNAME set by environment to ib0
c197-081:8284:9238 [1] NCCL INFO NET/IB : Using [0]mlx4_0:1/IB [RO]; OOB ib0:192.168.44.137<0>
c197-081:8284:9238 [1] NCCL INFO Using network IB
c197-081:8285:9239 [2] NCCL INFO NET/IB : Using [0]mlx4_0:1/IB [RO]; OOB ib0:192.168.44.137<0>
c197-081:8285:9239 [2] NCCL INFO Using network IB
c197-081:8286:9236 [3] NCCL INFO NET/IB : GPU Direct RDMA Disabled for HCA 0 'mlx4_0'
c197-081:8284:9238 [1] NCCL INFO NET/IB : GPU Direct RDMA Disabled for HCA 0 'mlx4_0'
c197-081:8286:9236 [3] NCCL INFO === System : maxBw 6.0 totalBw 12.0 ===
c197-081:8286:9236 [3] NCCL INFO CPU/0 (1/1/1)
c197-081:8285:9239 [2] NCCL INFO NET/IB : GPU Direct RDMA Disabled for HCA 0 'mlx4_0'
c197-081:8286:9236 [3] NCCL INFO + PCI[12.0] - GPU/2000 (0)
c197-081:8284:9238 [1] NCCL INFO === System : maxBw 6.0 totalBw 12.0 ===
c197-081:8286:9236 [3] NCCL INFO + PCI[12.0] - GPU/3000 (1)
c197-081:8284:9238 [1] NCCL INFO CPU/0 (1/1/1)
c197-081:8286:9236 [3] NCCL INFO + PCI[6.0] - NIC/1000
c197-081:8284:9238 [1] NCCL INFO + PCI[12.0] - GPU/2000 (0)
c197-081:8286:9236 [3] NCCL INFO              + NET[7.0] - NET/0 (a3788600034b6b50/1/7.000000)
c197-081:8284:9238 [1] NCCL INFO + PCI[12.0] - GPU/3000 (1)
c197-081:8286:9236 [3] NCCL INFO + SYS[6.0] - CPU/1
c197-081:8284:9238 [1] NCCL INFO + PCI[6.0] - NIC/1000
c197-081:8286:9236 [3] NCCL INFO CPU/1 (1/1/1)
c197-081:8284:9238 [1] NCCL INFO              + NET[7.0] - NET/0 (a3788600034b6b50/1/7.000000)
c197-081:8286:9236 [3] NCCL INFO + PCI[12.0] - GPU/82000 (2)
c197-081:8284:9238 [1] NCCL INFO + SYS[6.0] - CPU/1
c197-081:8286:9236 [3] NCCL INFO + PCI[12.0] - GPU/83000 (3)
c197-081:8284:9238 [1] NCCL INFO CPU/1 (1/1/1)
c197-081:8286:9236 [3] NCCL INFO + SYS[6.0] - CPU/0
c197-081:8286:9236 [3] NCCL INFO ==========================================
c197-081:8284:9238 [1] NCCL INFO + PCI[12.0] - GPU/82000 (2)
c197-081:8284:9238 [1] NCCL INFO + PCI[12.0] - GPU/83000 (3)
c197-081:8284:9238 [1] NCCL INFO + SYS[6.0] - CPU/0
c197-081:8284:9238 [1] NCCL INFO ==========================================
c197-081:8286:9236 [3] NCCL INFO GPU/2000 :GPU/2000 (0/5000.000000/LOC) GPU/3000 (2/12.000000/PHB) GPU/82000 (3/6.000000/SYS) GPU/83000 (3/6.000000/SYS) CPU/0 (1/12.000000/PHB) CPU/1 (2/6.000000/SYS) NET/0 (3/6.000000/PHB) 
c197-081:8284:9238 [1] NCCL INFO GPU/2000 :GPU/2000 (0/5000.000000/LOC) GPU/3000 (2/12.000000/PHB) GPU/82000 (3/6.000000/SYS) GPU/83000 (3/6.000000/SYS) CPU/0 (1/12.000000/PHB) CPU/1 (2/6.000000/SYS) NET/0 (3/6.000000/PHB) 
c197-081:8284:9238 [1] NCCL INFO GPU/3000 :GPU/2000 (2/12.000000/PHB) GPU/3000 (0/5000.000000/LOC) GPU/82000 (3/6.000000/SYS) GPU/83000 (3/6.000000/SYS) CPU/0 (1/12.000000/PHB) CPU/1 (2/6.000000/SYS) NET/0 (3/6.000000/PHB) 
c197-081:8286:9236 [3] NCCL INFO GPU/3000 :GPU/2000 (2/12.000000/PHB) GPU/3000 (0/5000.000000/LOC) GPU/82000 (3/6.000000/SYS) GPU/83000 (3/6.000000/SYS) CPU/0 (1/12.000000/PHB) CPU/1 (2/6.000000/SYS) NET/0 (3/6.000000/PHB) 
c197-081:8284:9238 [1] NCCL INFO GPU/82000 :GPU/2000 (3/6.000000/SYS) GPU/3000 (3/6.000000/SYS) GPU/82000 (0/5000.000000/LOC) GPU/83000 (2/12.000000/PHB) CPU/0 (2/6.000000/SYS) CPU/1 (1/12.000000/PHB) NET/0 (4/6.000000/SYS) 
c197-081:8286:9236 [3] NCCL INFO GPU/82000 :GPU/2000 (3/6.000000/SYS) GPU/3000 (3/6.000000/SYS) GPU/82000 (0/5000.000000/LOC) GPU/83000 (2/12.000000/PHB) CPU/0 (2/6.000000/SYS) CPU/1 (1/12.000000/PHB) NET/0 (4/6.000000/SYS) 
c197-081:8284:9238 [1] NCCL INFO GPU/83000 :GPU/2000 (3/6.000000/SYS) GPU/3000 (3/6.000000/SYS) GPU/82000 (2/12.000000/PHB) GPU/83000 (0/5000.000000/LOC) CPU/0 (2/6.000000/SYS) CPU/1 (1/12.000000/PHB) NET/0 (4/6.000000/SYS) 
c197-081:8286:9236 [3] NCCL INFO GPU/83000 :GPU/2000 (3/6.000000/SYS) GPU/3000 (3/6.000000/SYS) GPU/82000 (2/12.000000/PHB) GPU/83000 (0/5000.000000/LOC) CPU/0 (2/6.000000/SYS) CPU/1 (1/12.000000/PHB) NET/0 (4/6.000000/SYS) 
c197-081:8284:9238 [1] NCCL INFO NET/0 :GPU/2000 (3/6.000000/PHB) GPU/3000 (3/6.000000/PHB) GPU/82000 (4/6.000000/SYS) GPU/83000 (4/6.000000/SYS) CPU/0 (2/6.000000/PHB) CPU/1 (3/6.000000/SYS) NET/0 (0/5000.000000/LOC) 
c197-081:8286:9236 [3] NCCL INFO NET/0 :GPU/2000 (3/6.000000/PHB) GPU/3000 (3/6.000000/PHB) GPU/82000 (4/6.000000/SYS) GPU/83000 (4/6.000000/SYS) CPU/0 (2/6.000000/PHB) CPU/1 (3/6.000000/SYS) NET/0 (0/5000.000000/LOC) 
c197-081:8284:9238 [1] NCCL INFO Setting affinity for GPU 1 to ff00ff
c197-081:8286:9236 [3] NCCL INFO Setting affinity for GPU 3 to ff00ff00
c197-081:8283:9219 [0] NCCL INFO NET/IB : GPU Direct RDMA Disabled for HCA 0 'mlx4_0'
c197-081:8284:9238 [1] NCCL INFO Pattern 4, crossNic 0, nChannels 1, bw 6.000000/6.000000, type SYS/SYS, sameChannels 1
c197-081:8284:9238 [1] NCCL INFO  0 : NET/0 GPU/0 GPU/1 GPU/2 GPU/3 NET/0
c197-081:8286:9236 [3] NCCL INFO Pattern 4, crossNic 0, nChannels 1, bw 6.000000/6.000000, type SYS/SYS, sameChannels 1
c197-081:8286:9236 [3] NCCL INFO  0 : NET/0 GPU/0 GPU/1 GPU/2 GPU/3 NET/0
c197-081:8284:9238 [1] NCCL INFO Pattern 1, crossNic 0, nChannels 1, bw 6.000000/5.000000, type SYS/SYS, sameChannels 1
c197-081:8284:9238 [1] NCCL INFO  0 : NET/0 GPU/0 GPU/1 GPU/2 GPU/3 NET/0
c197-081:8286:9236 [3] NCCL INFO Pattern 1, crossNic 0, nChannels 1, bw 6.000000/5.000000, type SYS/SYS, sameChannels 1
c197-081:8286:9236 [3] NCCL INFO  0 : NET/0 GPU/0 GPU/1 GPU/2 GPU/3 NET/0
c197-081:8284:9238 [1] NCCL INFO Pattern 3, crossNic 0, nChannels 0, bw 0.000000/0.000000, type NVL/PIX, sameChannels 1
c197-081:8286:9236 [3] NCCL INFO Pattern 3, crossNic 0, nChannels 0, bw 0.000000/0.000000, type NVL/PIX, sameChannels 1
c197-081:8285:9239 [2] NCCL INFO === System : maxBw 6.0 totalBw 12.0 ===
c197-081:8285:9239 [2] NCCL INFO CPU/0 (1/1/1)
c197-081:8285:9239 [2] NCCL INFO + PCI[12.0] - GPU/2000 (0)
c197-081:8285:9239 [2] NCCL INFO + PCI[12.0] - GPU/3000 (1)
c197-081:8285:9239 [2] NCCL INFO + PCI[6.0] - NIC/1000
c197-081:8285:9239 [2] NCCL INFO              + NET[7.0] - NET/0 (a3788600034b6b50/1/7.000000)
c197-081:8285:9239 [2] NCCL INFO + SYS[6.0] - CPU/1
c197-081:8285:9239 [2] NCCL INFO CPU/1 (1/1/1)
c197-081:8285:9239 [2] NCCL INFO + PCI[12.0] - GPU/82000 (2)
c197-081:8285:9239 [2] NCCL INFO + PCI[12.0] - GPU/83000 (3)
c197-081:8285:9239 [2] NCCL INFO + SYS[6.0] - CPU/0
c197-081:8285:9239 [2] NCCL INFO ==========================================
c197-081:8285:9239 [2] NCCL INFO GPU/2000 :GPU/2000 (0/5000.000000/LOC) GPU/3000 (2/12.000000/PHB) GPU/82000 (3/6.000000/SYS) GPU/83000 (3/6.000000/SYS) CPU/0 (1/12.000000/PHB) CPU/1 (2/6.000000/SYS) NET/0 (3/6.000000/PHB) 
c197-081:8285:9239 [2] NCCL INFO GPU/3000 :GPU/2000 (2/12.000000/PHB) GPU/3000 (0/5000.000000/LOC) GPU/82000 (3/6.000000/SYS) GPU/83000 (3/6.000000/SYS) CPU/0 (1/12.000000/PHB) CPU/1 (2/6.000000/SYS) NET/0 (3/6.000000/PHB) 
c197-081:8285:9239 [2] NCCL INFO GPU/82000 :GPU/2000 (3/6.000000/SYS) GPU/3000 (3/6.000000/SYS) GPU/82000 (0/5000.000000/LOC) GPU/83000 (2/12.000000/PHB) CPU/0 (2/6.000000/SYS) CPU/1 (1/12.000000/PHB) NET/0 (4/6.000000/SYS) 
c197-081:8285:9239 [2] NCCL INFO GPU/83000 :GPU/2000 (3/6.000000/SYS) GPU/3000 (3/6.000000/SYS) GPU/82000 (2/12.000000/PHB) GPU/83000 (0/5000.000000/LOC) CPU/0 (2/6.000000/SYS) CPU/1 (1/12.000000/PHB) NET/0 (4/6.000000/SYS) 
c197-081:8285:9239 [2] NCCL INFO NET/0 :GPU/2000 (3/6.000000/PHB) GPU/3000 (3/6.000000/PHB) GPU/82000 (4/6.000000/SYS) GPU/83000 (4/6.000000/SYS) CPU/0 (2/6.000000/PHB) CPU/1 (3/6.000000/SYS) NET/0 (0/5000.000000/LOC) 
c197-081:8285:9239 [2] NCCL INFO Setting affinity for GPU 2 to ff00ff00
c197-081:8283:9219 [0] NCCL INFO === System : maxBw 6.0 totalBw 12.0 ===
c197-081:8283:9219 [0] NCCL INFO CPU/0 (1/1/1)
c197-081:8283:9219 [0] NCCL INFO + PCI[12.0] - GPU/2000 (0)
c197-081:8283:9219 [0] NCCL INFO + PCI[12.0] - GPU/3000 (1)
c197-081:8283:9219 [0] NCCL INFO + PCI[6.0] - NIC/1000
c197-081:8283:9219 [0] NCCL INFO              + NET[7.0] - NET/0 (a3788600034b6b50/1/7.000000)
c197-081:8283:9219 [0] NCCL INFO + SYS[6.0] - CPU/1
c197-081:8283:9219 [0] NCCL INFO CPU/1 (1/1/1)
c197-081:8283:9219 [0] NCCL INFO + PCI[12.0] - GPU/82000 (2)
c197-081:8283:9219 [0] NCCL INFO + PCI[12.0] - GPU/83000 (3)
c197-081:8283:9219 [0] NCCL INFO + SYS[6.0] - CPU/0
c197-081:8283:9219 [0] NCCL INFO ==========================================
c197-081:8283:9219 [0] NCCL INFO GPU/2000 :GPU/2000 (0/5000.000000/LOC) GPU/3000 (2/12.000000/PHB) GPU/82000 (3/6.000000/SYS) GPU/83000 (3/6.000000/SYS) CPU/0 (1/12.000000/PHB) CPU/1 (2/6.000000/SYS) NET/0 (3/6.000000/PHB) 
c197-081:8283:9219 [0] NCCL INFO GPU/3000 :GPU/2000 (2/12.000000/PHB) GPU/3000 (0/5000.000000/LOC) GPU/82000 (3/6.000000/SYS) GPU/83000 (3/6.000000/SYS) CPU/0 (1/12.000000/PHB) CPU/1 (2/6.000000/SYS) NET/0 (3/6.000000/PHB) 
c197-081:8283:9219 [0] NCCL INFO GPU/82000 :GPU/2000 (3/6.000000/SYS) GPU/3000 (3/6.000000/SYS) GPU/82000 (0/5000.000000/LOC) GPU/83000 (2/12.000000/PHB) CPU/0 (2/6.000000/SYS) CPU/1 (1/12.000000/PHB) NET/0 (4/6.000000/SYS) 
c197-081:8283:9219 [0] NCCL INFO GPU/83000 :GPU/2000 (3/6.000000/SYS) GPU/3000 (3/6.000000/SYS) GPU/82000 (2/12.000000/PHB) GPU/83000 (0/5000.000000/LOC) CPU/0 (2/6.000000/SYS) CPU/1 (1/12.000000/PHB) NET/0 (4/6.000000/SYS) 
c197-081:8283:9219 [0] NCCL INFO NET/0 :GPU/2000 (3/6.000000/PHB) GPU/3000 (3/6.000000/PHB) GPU/82000 (4/6.000000/SYS) GPU/83000 (4/6.000000/SYS) CPU/0 (2/6.000000/PHB) CPU/1 (3/6.000000/SYS) NET/0 (0/5000.000000/LOC) 
c197-081:8283:9219 [0] NCCL INFO Setting affinity for GPU 0 to ff00ff
c197-081:8283:9219 [0] NCCL INFO Pattern 4, crossNic 0, nChannels 1, bw 6.000000/6.000000, type SYS/SYS, sameChannels 1
c197-081:8283:9219 [0] NCCL INFO  0 : NET/0 GPU/0 GPU/1 GPU/2 GPU/3 NET/0
c197-081:8283:9219 [0] NCCL INFO Pattern 1, crossNic 0, nChannels 1, bw 6.000000/5.000000, type SYS/SYS, sameChannels 1
c197-081:8283:9219 [0] NCCL INFO  0 : NET/0 GPU/0 GPU/1 GPU/2 GPU/3 NET/0
c197-081:8283:9219 [0] NCCL INFO Pattern 3, crossNic 0, nChannels 0, bw 0.000000/0.000000, type NVL/PIX, sameChannels 1
c197-081:8285:9239 [2] NCCL INFO Pattern 4, crossNic 0, nChannels 1, bw 6.000000/6.000000, type SYS/SYS, sameChannels 1
c197-081:8285:9239 [2] NCCL INFO  0 : NET/0 GPU/0 GPU/1 GPU/2 GPU/3 NET/0
c197-081:8285:9239 [2] NCCL INFO Pattern 1, crossNic 0, nChannels 1, bw 6.000000/5.000000, type SYS/SYS, sameChannels 1
c197-081:8285:9239 [2] NCCL INFO  0 : NET/0 GPU/0 GPU/1 GPU/2 GPU/3 NET/0
c197-081:8285:9239 [2] NCCL INFO Pattern 3, crossNic 0, nChannels 0, bw 0.000000/0.000000, type NVL/PIX, sameChannels 1
c197-081:8283:9219 [0] NCCL INFO Tree 0 : -1 -> 0 -> 1/8/-1
c197-081:8284:9238 [1] NCCL INFO Tree 0 : 0 -> 1 -> 2/-1/-1
c197-081:8283:9219 [0] NCCL INFO Tree 1 : 4 -> 0 -> 1/-1/-1
c197-081:8284:9238 [1] NCCL INFO Tree 1 : 0 -> 1 -> 2/-1/-1
c197-081:8283:9219 [0] NCCL INFO Channel 00/02 :    0   1   2   3   4   5   6   7   8   9  10  11  12  13  14  15
c197-081:8284:9238 [1] NCCL INFO Ring 00 : 0 -> 1 -> 2
c197-081:8284:9238 [1] NCCL INFO Ring 01 : 0 -> 1 -> 2
c197-081:8283:9219 [0] NCCL INFO Channel 01/02 :    0   1   2   3   4   5   6   7   8   9  10  11  12  13  14  15
c197-081:8284:9238 [1] NCCL INFO Trees [0] 2/-1/-1->1->0 [1] 2/-1/-1->1->0
c197-081:8283:9219 [0] NCCL INFO Ring 00 : 15 -> 0 -> 1
c197-081:8283:9219 [0] NCCL INFO Ring 01 : 15 -> 0 -> 1
c197-081:8284:9238 [1] NCCL INFO misc/utils.cc:235 memory stack hunk malloc(65536)
c197-081:8283:9219 [0] NCCL INFO Trees [0] 1/8/-1->0->-1 [1] 1/-1/-1->0->4
c197-081:8285:9239 [2] NCCL INFO Ring 00 : 1 -> 2 -> 3
c197-081:8286:9236 [3] NCCL INFO Ring 00 : 2 -> 3 -> 4
c197-081:8283:9219 [0] NCCL INFO misc/utils.cc:235 memory stack hunk malloc(65536)
c197-081:8285:9239 [2] NCCL INFO Ring 01 : 1 -> 2 -> 3
c197-081:8286:9236 [3] NCCL INFO Ring 01 : 2 -> 3 -> 4
c197-081:8285:9239 [2] NCCL INFO Trees [0] 3/-1/-1->2->1 [1] 3/-1/-1->2->1
c197-081:8286:9236 [3] NCCL INFO Trees [0] -1/-1/-1->3->2 [1] -1/-1/-1->3->2
c197-081:8286:9236 [3] NCCL INFO misc/utils.cc:235 memory stack hunk malloc(65536)
c197-081:8285:9239 [2] NCCL INFO misc/utils.cc:235 memory stack hunk malloc(65536)
c197-081:8286:9236 [3] NCCL INFO channel.cc:23 Cuda Alloc Size 6528 pointer 0x2b09e7c00000
c197-081:8283:9219 [0] NCCL INFO channel.cc:23 Cuda Alloc Size 6528 pointer 0x2b9eb5c00000
c197-081:8284:9238 [1] NCCL INFO channel.cc:23 Cuda Alloc Size 6528 pointer 0x2ad23bc00000
c197-081:8285:9239 [2] NCCL INFO channel.cc:23 Cuda Alloc Size 6528 pointer 0x2b33cfc00000
c197-081:8286:9236 [3] NCCL INFO channel.cc:27 Cuda Alloc Size 64 pointer 0x2b09e7c01a00
c197-081:8283:9219 [0] NCCL INFO channel.cc:27 Cuda Alloc Size 64 pointer 0x2b9eb5c01a00
c197-081:8284:9238 [1] NCCL INFO channel.cc:27 Cuda Alloc Size 64 pointer 0x2ad23bc01a00
c197-081:8285:9239 [2] NCCL INFO channel.cc:27 Cuda Alloc Size 64 pointer 0x2b33cfc01a00
c197-081:8286:9236 [3] NCCL INFO channel.cc:23 Cuda Alloc Size 6528 pointer 0x2b09e7c01c00
c197-081:8283:9219 [0] NCCL INFO channel.cc:23 Cuda Alloc Size 6528 pointer 0x2b9eb5c01c00
c197-081:8286:9236 [3] NCCL INFO channel.cc:27 Cuda Alloc Size 64 pointer 0x2b09e7c03600
c197-081:8284:9238 [1] NCCL INFO channel.cc:23 Cuda Alloc Size 6528 pointer 0x2ad23bc01c00
c197-081:8283:9219 [0] NCCL INFO channel.cc:27 Cuda Alloc Size 64 pointer 0x2b9eb5c03600
c197-081:8285:9239 [2] NCCL INFO channel.cc:23 Cuda Alloc Size 6528 pointer 0x2b33cfc01c00
c197-081:8284:9238 [1] NCCL INFO channel.cc:27 Cuda Alloc Size 64 pointer 0x2ad23bc03600
c197-081:8285:9239 [2] NCCL INFO channel.cc:27 Cuda Alloc Size 64 pointer 0x2b33cfc03600
c197-081:8286:9236 [3] NCCL INFO Allocated 9637888 bytes of shared memory in /dev/shm/nccl-jnf4w4

c197-081:8284:9238 [1] NCCL INFO Allocated 9637888 bytes of shared memory in /dev/shm/nccl-qh76w4

c197-081:8285:9239 [2] NCCL INFO Allocated 9637888 bytes of shared memory in /dev/shm/nccl-3co9w4

c197-081:8283:9244 [0] NCCL INFO Mem Realloc old size 0, new size 8 pointer 0x2b9eb80008c0
c197-081:8283:9244 [0] NCCL INFO Allocated 4194656 bytes of shared memory in /dev/shm/nccl-ZM58p3

c197-081:8283:9244 [0] NCCL INFO New proxy recv connection 0 from local rank 0, transport 2
c197-081:8283:9219 [0] NCCL INFO Connection to proxy localRank 0 -> connection 0x2b9eb8002010
c197-081:8283:9219 [0] NCCL INFO Channel 00/0 : 15[83000] -> 0[2000] [receive] via NET/IB/0
c197-081:8283:9244 [0] NCCL INFO New proxy recv connection 1 from local rank 0, transport 2
c197-081:8284:9238 [1] NCCL INFO Allocated 9637888 bytes of shared memory in /dev/shm/nccl-FlrAhO

c197-081:8286:9236 [3] NCCL INFO Allocated 9637888 bytes of shared memory in /dev/shm/nccl-5WBxhO

c197-081:8285:9239 [2] NCCL INFO Allocated 9637888 bytes of shared memory in /dev/shm/nccl-lsZChO

c197-081:8285:9239 [2] NCCL INFO Allocated 4096 bytes of shared memory in /dev/shm/nccl-5j5a3x

c197-081:8284:9238 [1] NCCL INFO Allocated 4096 bytes of shared memory in /dev/shm/nccl-RS982x

c197-081:8285:9239 [2] NCCL INFO Channel 00 : 2[82000] -> 3[83000] via SHM/direct/direct
c197-081:8285:9239 [2] NCCL INFO Allocated 4096 bytes of shared memory in /dev/shm/nccl-je6KOh

c197-081:8284:9238 [1] NCCL INFO Channel 00 : 1[3000] -> 2[82000] via SHM/direct/direct
c197-081:8284:9238 [1] NCCL INFO Allocated 4096 bytes of shared memory in /dev/shm/nccl-tIPJOh

c197-081:8285:9239 [2] NCCL INFO Channel 01 : 2[82000] -> 3[83000] via SHM/direct/direct
c197-081:8284:9238 [1] NCCL INFO Channel 01 : 1[3000] -> 2[82000] via SHM/direct/direct
c197-081:8286:9243 [3] NCCL INFO Mem Realloc old size 0, new size 8 pointer 0x2b09ec0009c0
c197-081:8286:9243 [3] NCCL INFO Allocated 4194656 bytes of shared memory in /dev/shm/nccl-wKtp3x

c197-081:8286:9243 [3] NCCL INFO New proxy send connection 0 from local rank 3, transport 2
c197-081:8286:9236 [3] NCCL INFO Connection to proxy localRank 3 -> connection 0x2b09ec002010
c197-081:8286:9236 [3] NCCL INFO Channel 00/0 : 3[83000] -> 4[2000] [send] via NET/IB/0
c197-081:8286:9243 [3] NCCL INFO New proxy send connection 1 from local rank 3, transport 2
c197-081:8283:9219 [0] NCCL INFO Connection to proxy localRank 0 -> connection 0x2b9eb8002050
c197-081:8283:9219 [0] NCCL INFO Channel 01/0 : 15[83000] -> 0[2000] [receive] via NET/IB/0
c197-081:8283:9219 [0] NCCL INFO Allocated 4096 bytes of shared memory in /dev/shm/nccl-2ilDfN

c197-081:8283:9219 [0] NCCL INFO Channel 00 : 0[2000] -> 1[3000] via SHM/direct/direct
c197-081:8283:9219 [0] NCCL INFO Allocated 4096 bytes of shared memory in /dev/shm/nccl-HuM94w

c197-081:8283:9219 [0] NCCL INFO Channel 01 : 0[2000] -> 1[3000] via SHM/direct/direct
c197-081:8284:9238 [1] NCCL INFO Connected all rings
c197-081:8284:9238 [1] NCCL INFO Allocated 9637888 bytes of shared memory in /dev/shm/nccl-5wwoF1

c197-081:8284:9238 [1] NCCL INFO Allocated 9637888 bytes of shared memory in /dev/shm/nccl-SEM1wL

c197-081:8286:9236 [3] NCCL INFO Connection to proxy localRank 3 -> connection 0x2b09ec002050
c197-081:8286:9236 [3] NCCL INFO Channel 01/0 : 3[83000] -> 4[2000] [send] via NET/IB/0
c197-081:8286:9243 [3] NCCL INFO transport/net_ib.cc:596 Ib Alloc Size 26560 pointer 0x2b09ec014000
c197-081:8284:9238 [1] NCCL INFO Allocated 4096 bytes of shared memory in /dev/shm/nccl-spQFpv

c197-081:8284:9238 [1] NCCL INFO Channel 00 : 1[3000] -> 0[2000] via SHM/direct/direct
c197-081:8284:9238 [1] NCCL INFO Allocated 4096 bytes of shared memory in /dev/shm/nccl-Vrxlif

c197-081:8284:9238 [1] NCCL INFO Channel 01 : 1[3000] -> 0[2000] via SHM/direct/direct
c197-081:8285:9239 [2] NCCL INFO Connected all rings
c197-081:8285:9239 [2] NCCL INFO Allocated 9637888 bytes of shared memory in /dev/shm/nccl-RiltH1

c197-081:8286:9243 [3] NCCL INFO NET/IB: Dev 0 Port 1 qpn 61831 mtu 5 LID 62
c197-081:8286:9243 [3] NCCL INFO transport/net_ib.cc:653 Ib Alloc Size 552 pointer 0x2b09ec020000
c197-081:8285:9239 [2] NCCL INFO Allocated 9637888 bytes of shared memory in /dev/shm/nccl-BeS8AL

c197-081:8286:9243 [3] NCCL INFO transport/net.cc:571 Cuda Host Alloc Size 9641984 pointer 0x2b09f4000000
c197-081:8286:9243 [3] NCCL INFO Mem Realloc old size 0, new size 768 pointer 0x2b09ec0205f0
c197-081:8286:9243 [3] NCCL INFO transport/net_ib.cc:596 Ib Alloc Size 26560 pointer 0x2b09ec021000
c197-081:8283:9244 [0] NCCL INFO transport/net_ib.cc:683 Ib Alloc Size 21688 pointer 0x2b9eb8014000
c197-081:8283:9244 [0] NCCL INFO transport/net_ib.cc:696 Ib Alloc Size 552 pointer 0x2b9eb801b000
c197-081:8285:9239 [2] NCCL INFO Allocated 4096 bytes of shared memory in /dev/shm/nccl-R0TMvv

c197-081:8285:9239 [2] NCCL INFO Channel 00 : 2[82000] -> 1[3000] via SHM/direct/direct
c197-081:8285:9239 [2] NCCL INFO Allocated 4096 bytes of shared memory in /dev/shm/nccl-CqHsqf

c197-081:8285:9239 [2] NCCL INFO Channel 01 : 2[82000] -> 1[3000] via SHM/direct/direct
c197-081:8286:9243 [3] NCCL INFO NET/IB: Dev 0 Port 1 qpn 61832 mtu 5 LID 62
c197-081:8286:9243 [3] NCCL INFO transport/net_ib.cc:653 Ib Alloc Size 552 pointer 0x2b09ec029000
c197-081:8283:9244 [0] NCCL INFO transport/net_ib.cc:771 Ib Alloc Size 552 pointer 0x2b9eb8021000
c197-081:8283:9244 [0] NCCL INFO transport/net.cc:698 Cuda Host Alloc Size 9641984 pointer 0x2b9ec4000000
c197-081:8283:9244 [0] NCCL INFO Mem Realloc old size 0, new size 768 pointer 0x2b9eb801b730
c197-081:8283:9244 [0] NCCL INFO transport/net_ib.cc:683 Ib Alloc Size 21688 pointer 0x2b9eb8021000
c197-081:8283:9244 [0] NCCL INFO transport/net_ib.cc:696 Ib Alloc Size 552 pointer 0x2b9eb8028000
c197-081:8283:9244 [0] NCCL INFO transport/net_ib.cc:771 Ib Alloc Size 552 pointer 0x2b9eb802a000
c197-081:8286:9243 [3] NCCL INFO transport/net.cc:571 Cuda Host Alloc Size 9641984 pointer 0x2b09f4a00000
c197-081:8286:9236 [3] NCCL INFO Connected all rings
c197-081:8286:9236 [3] NCCL INFO Allocated 4096 bytes of shared memory in /dev/shm/nccl-DjRxZh

c197-081:8286:9236 [3] NCCL INFO Channel 00 : 3[83000] -> 2[82000] via SHM/direct/direct
c197-081:8286:9236 [3] NCCL INFO Allocated 4096 bytes of shared memory in /dev/shm/nccl-PPuHV1

c197-081:8286:9236 [3] NCCL INFO Channel 01 : 3[83000] -> 2[82000] via SHM/direct/direct
c197-081:8283:9244 [0] NCCL INFO transport/net.cc:698 Cuda Host Alloc Size 9641984 pointer 0x2b9ec4a00000
c197-081:8286:9236 [3] NCCL INFO Connected all trees
c197-081:8286:9236 [3] NCCL INFO threadThresholds 8/8/64 | 128/8/64 | 512 | 512
c197-081:8286:9236 [3] NCCL INFO 2 coll channels, 2 p2p channels, 2 p2p channels per peer
c197-081:8286:9243 [3] NCCL INFO New proxy send connection 2 from local rank 3, transport 2
c197-081:8283:9219 [0] NCCL INFO Connected all rings
c197-081:8283:9244 [0] NCCL INFO New proxy send connection 2 from local rank 0, transport 2
c197-081:8285:9239 [2] NCCL INFO Connected all trees
c197-081:8285:9239 [2] NCCL INFO threadThresholds 8/8/64 | 128/8/64 | 512 | 512
c197-081:8285:9239 [2] NCCL INFO 2 coll channels, 2 p2p channels, 2 p2p channels per peer
c197-081:8285:9245 [2] NCCL INFO Mem Realloc old size 0, new size 8 pointer 0x2b33d40009c0
c197-081:8285:9245 [2] NCCL INFO Allocated 4194656 bytes of shared memory in /dev/shm/nccl-S0hAnZ

c197-081:8285:9245 [2] NCCL INFO New proxy send connection 0 from local rank 2, transport 2
c197-081:8285:9239 [2] NCCL INFO Connection to proxy localRank 2 -> connection 0x2b33d4002010
c197-081:8285:9245 [2] NCCL INFO transport/net.cc:376 Cuda Alloc Size 4194304 pointer 0x2b33e0000000
c197-081:8286:9236 [3] NCCL INFO Connection to proxy localRank 3 -> connection 0x2b09ec002090
c197-081:8283:9219 [0] NCCL INFO Connection to proxy localRank 0 -> connection 0x2b9eb8002090
c197-081:8283:9219 [0] NCCL INFO Channel 01/0 : 0[2000] -> 4[2000] [send] via NET/IB/0
c197-081:8283:9244 [0] NCCL INFO transport/net_ib.cc:596 Ib Alloc Size 26560 pointer 0x2b9eb802f000
c197-081:8286:9243 [3] NCCL INFO transport/net.cc:376 Cuda Alloc Size 4194304 pointer 0x2b09f5400000
c197-081:8283:9244 [0] NCCL INFO NET/IB: Dev 0 Port 1 qpn 61835 mtu 5 LID 62
c197-081:8283:9244 [0] NCCL INFO transport/net_ib.cc:653 Ib Alloc Size 552 pointer 0x2b9eb8037000
c197-081:8283:9244 [0] NCCL INFO transport/net.cc:571 Cuda Host Alloc Size 9641984 pointer 0x2b9ec5400000
c197-081:8283:9244 [0] NCCL INFO New proxy recv connection 3 from local rank 0, transport 2
c197-081:8283:9219 [0] NCCL INFO Connection to proxy localRank 0 -> connection 0x2b9eb80020d0
c197-081:8283:9219 [0] NCCL INFO Channel 00/0 : 8[2000] -> 0[2000] [receive] via NET/IB/0
c197-081:8283:9244 [0] NCCL INFO New proxy send connection 4 from local rank 0, transport 2
c197-081:8283:9219 [0] NCCL INFO Connection to proxy localRank 0 -> connection 0x2b9eb8002110
c197-081:8283:9219 [0] NCCL INFO Channel 00/0 : 0[2000] -> 8[2000] [send] via NET/IB/0
c197-081:8283:9244 [0] NCCL INFO transport/net_ib.cc:596 Ib Alloc Size 26560 pointer 0x2b9eb8043000
c197-081:8283:9244 [0] NCCL INFO NET/IB: Dev 0 Port 1 qpn 61836 mtu 5 LID 62
c197-081:8283:9244 [0] NCCL INFO transport/net_ib.cc:653 Ib Alloc Size 552 pointer 0x2b9eb804b000
c197-081:8283:9244 [0] NCCL INFO transport/net.cc:571 Cuda Host Alloc Size 9641984 pointer 0x2b9ec6000000
c197-081:8283:9244 [0] NCCL INFO transport/net_ib.cc:683 Ib Alloc Size 21688 pointer 0x2b9eb804d000
c197-081:8283:9244 [0] NCCL INFO transport/net_ib.cc:696 Ib Alloc Size 552 pointer 0x2b9eb8054000
c197-081:8283:9244 [0] NCCL INFO transport/net_ib.cc:771 Ib Alloc Size 552 pointer 0x2b9eb8054000
c197-081:8283:9244 [0] NCCL INFO transport/net.cc:698 Cuda Host Alloc Size 9641984 pointer 0x2b9ec6a00000
c197-081:8283:9244 [0] NCCL INFO New proxy recv connection 5 from local rank 0, transport 2
c197-081:8283:9219 [0] NCCL INFO Connection to proxy localRank 0 -> connection 0x2b9eb8002150
c197-081:8283:9219 [0] NCCL INFO Channel 01/0 : 4[2000] -> 0[2000] [receive] via NET/IB/0
c197-081:8283:9244 [0] NCCL INFO transport/net_ib.cc:683 Ib Alloc Size 21688 pointer 0x2b9eb805b000
c197-081:8283:9244 [0] NCCL INFO transport/net_ib.cc:696 Ib Alloc Size 552 pointer 0x2b9eb8062000
c197-081:8283:9244 [0] NCCL INFO transport/net_ib.cc:771 Ib Alloc Size 552 pointer 0x2b9eb8062000
c197-081:8283:9244 [0] NCCL INFO transport/net.cc:698 Cuda Host Alloc Size 9641984 pointer 0x2b9ec7400000
c197-081:8283:9219 [0] NCCL INFO Allocated 9637888 bytes of shared memory in /dev/shm/nccl-F2lwHh

c197-081:8283:9219 [0] NCCL INFO Allocated 9637888 bytes of shared memory in /dev/shm/nccl-evNRk2

c197-081:8283:9219 [0] NCCL INFO Connected all trees
c197-081:8283:9219 [0] NCCL INFO Latency/AlgBw |    Tree/    LL |    Tree/ LL128 |    Tree/Simple |    Ring/    LL |    Ring/ LL128 |    Ring/Simple | CollNetDirect/    LL | CollNetDirect/ LL128 | CollNetDirect/Simple | CollNetChain/    LL | CollNetChain/ LL128 | CollNetChain/Simple |
c197-081:8283:9219 [0] NCCL INFO  Max NThreads |            512 |            640 |            512 |            512 |            640 |            256 |              0 |              0 |            512 |              0 |              0 |            512 |
c197-081:8283:9219 [0] NCCL INFO     Broadcast |     0.0/   0.0 |     0.0/   0.0 |     0.0/   0.0 |     6.3/   1.5 |    14.0/   0.0 |    18.0/   6.0 |     0.0/   0.0 |     0.0/   0.0 |     0.0/   0.0 |     0.0/   0.0 |     0.0/   0.0 |     0.0/   0.0 |
c197-081:8283:9219 [0] NCCL INFO        Reduce |     0.0/   0.0 |     0.0/   0.0 |     0.0/   0.0 |     6.3/   1.5 |    14.0/   0.0 |    18.0/   6.0 |     0.0/   0.0 |     0.0/   0.0 |     0.0/   0.0 |     0.0/   0.0 |     0.0/   0.0 |     0.0/   0.0 |
c197-081:8283:9219 [0] NCCL INFO     AllGather |     0.0/   0.0 |     0.0/   0.0 |     0.0/   0.0 |    33.3/   1.6 |    52.0/   0.0 |   105.6/   6.4 |     0.0/   0.0 |     0.0/   0.0 |     0.0/   0.0 |     0.0/   0.0 |     0.0/   0.0 |     0.0/   0.0 |
c197-081:8283:9219 [0] NCCL INFO ReduceScatter |     0.0/   0.0 |     0.0/   0.0 |     0.0/   0.0 |    33.3/   1.6 |    52.0/   0.0 |   105.6/   6.4 |     0.0/   0.0 |     0.0/   0.0 |     0.0/   0.0 |     0.0/   0.0 |     0.0/   0.0 |     0.0/   0.0 |
c197-081:8283:9219 [0] NCCL INFO     AllReduce |    35.2/   0.6 |    49.8/   0.0 |   280.0/   2.3 |    64.8/   0.8 |    97.0/   0.0 |   210.6/   3.2 |     7.4/   0.0 |     7.4/   0.0 |    29.7/   0.0 |     4.4/   0.0 |     4.4/   0.0 |    48.0/   0.0 |
c197-081:8283:9219 [0] NCCL INFO threadThresholds 8/8/64 | 128/8/64 | 512 | 512
c197-081:8283:9219 [0] NCCL INFO 2 coll channels, 2 p2p channels, 2 p2p channels per peer
c197-081:8283:9244 [0] NCCL INFO New proxy send connection 6 from local rank 0, transport 2
c197-081:8284:9238 [1] NCCL INFO Connected all trees
c197-081:8284:9238 [1] NCCL INFO threadThresholds 8/8/64 | 128/8/64 | 512 | 512
c197-081:8284:9238 [1] NCCL INFO 2 coll channels, 2 p2p channels, 2 p2p channels per peer
c197-081:8284:9242 [1] NCCL INFO Mem Realloc old size 0, new size 8 pointer 0x2ad2400009c0
c197-081:8284:9242 [1] NCCL INFO Allocated 4194656 bytes of shared memory in /dev/shm/nccl-GWstXZ

c197-081:8284:9242 [1] NCCL INFO New proxy send connection 0 from local rank 1, transport 2
c197-081:8284:9238 [1] NCCL INFO Connection to proxy localRank 1 -> connection 0x2ad240002010
c197-081:8284:9242 [1] NCCL INFO transport/net.cc:376 Cuda Alloc Size 4194304 pointer 0x2ad24c000000
c197-081:8283:9219 [0] NCCL INFO Connection to proxy localRank 0 -> connection 0x2b9eb8002190
c197-081:8284:9238 [1] NCCL INFO init.cc:367 Cuda Alloc Size 5168 pointer 0x2ad23bc03800
c197-081:8285:9239 [2] NCCL INFO init.cc:367 Cuda Alloc Size 5168 pointer 0x2b33cfc03800
c197-081:8283:9219 [0] NCCL INFO init.cc:367 Cuda Alloc Size 5168 pointer 0x2b9eb5c03800
c197-081:8286:9236 [3] NCCL INFO init.cc:367 Cuda Alloc Size 5168 pointer 0x2b09e7c03800
c197-081:8283:9244 [0] NCCL INFO transport/net.cc:376 Cuda Alloc Size 4194304 pointer 0x2b9ec8000000
c197-081:8285:9239 [2] NCCL INFO init.cc:392 Cuda Host Alloc Size 33554432 pointer 0x2b33e2000000
c197-081:8285:9239 [2] NCCL INFO init.cc:398 Cuda Host Alloc Size 128 pointer 0x2b33cf200200
c197-081:8285:9239 [2] NCCL INFO comm 0xb3d2770 rank 2 nranks 16 cudaDev 2 busId 82000 - Init COMPLETE
c197-081:8284:9238 [1] NCCL INFO init.cc:392 Cuda Host Alloc Size 33554432 pointer 0x2ad24e000000
c197-081:8284:9238 [1] NCCL INFO init.cc:398 Cuda Host Alloc Size 128 pointer 0x2ad23b200200
c197-081:8284:9238 [1] NCCL INFO comm 0xc847b80 rank 1 nranks 16 cudaDev 1 busId 3000 - Init COMPLETE
c197-081:8283:9219 [0] NCCL INFO init.cc:392 Cuda Host Alloc Size 33554432 pointer 0x2b9eca000000
c197-081:8283:9219 [0] NCCL INFO init.cc:398 Cuda Host Alloc Size 128 pointer 0x2b9eb5200200
c197-081:8283:9219 [0] NCCL INFO comm 0xcc8dbf0 rank 0 nranks 16 cudaDev 0 busId 2000 - Init COMPLETE
c197-081:8286:9236 [3] NCCL INFO init.cc:392 Cuda Host Alloc Size 33554432 pointer 0x2b09f6000000
c197-081:8286:9236 [3] NCCL INFO init.cc:398 Cuda Host Alloc Size 128 pointer 0x2b09e7200200
c197-081:8286:9236 [3] NCCL INFO comm 0xb86f7e0 rank 3 nranks 16 cudaDev 3 busId 83000 - Init COMPLETE
c197-081:8285:8285 [2] NCCL INFO AllReduce: opCount 0 sendbuff 0x2b33c4c00200 recvbuff 0x2b33c4c00200 count 1 datatype 1 op 0 root 0 comm 0xb3d2770 [nranks=16] stream 0x9736440
c197-081:8286:8286 [3] NCCL INFO AllReduce: opCount 0 sendbuff 0x2b09dcc00200 recvbuff 0x2b09dcc00200 count 1 datatype 1 op 0 root 0 comm 0xb86f7e0 [nranks=16] stream 0xb022ae0
c197-081:8285:8285 [2] NCCL INFO misc/utils.cc:235 memory stack hunk malloc(65536)
c197-081:8283:8283 [0] NCCL INFO AllReduce: opCount 0 sendbuff 0x2b9eaac00200 recvbuff 0x2b9eaac00200 count 1 datatype 1 op 0 root 0 comm 0xcc8dbf0 [nranks=16] stream 0xa23dd20
c197-081:8284:8284 [1] NCCL INFO AllReduce: opCount 0 sendbuff 0x2ad230c00200 recvbuff 0x2ad230c00200 count 1 datatype 1 op 0 root 0 comm 0xc847b80 [nranks=16] stream 0x89ceb60
c197-081:8286:8286 [3] NCCL INFO misc/utils.cc:235 memory stack hunk malloc(65536)
c197-081:8283:8283 [0] NCCL INFO misc/utils.cc:235 memory stack hunk malloc(65536)
c197-081:8284:8284 [1] NCCL INFO misc/utils.cc:235 memory stack hunk malloc(65536)
c197-081:8283:8283 [0] NCCL INFO AllReduce: opCount 1 sendbuff 0x2b9eaac00000 recvbuff 0x2b9eaac00000 count 1 datatype 1 op 0 root 0 comm 0xcc8dbf0 [nranks=16] stream 0xa23dd20
c197-081:8285:8285 [2] NCCL INFO AllReduce: opCount 1 sendbuff 0x2b33c4c00000 recvbuff 0x2b33c4c00000 count 1 datatype 1 op 0 root 0 comm 0xb3d2770 [nranks=16] stream 0x9736440
c197-081:8286:8286 [3] NCCL INFO AllReduce: opCount 1 sendbuff 0x2b09dcc00000 recvbuff 0x2b09dcc00000 count 1 datatype 1 op 0 root 0 comm 0xb86f7e0 [nranks=16] stream 0xb022ae0
c197-081:8284:8284 [1] NCCL INFO AllReduce: opCount 1 sendbuff 0x2ad230c00000 recvbuff 0x2ad230c00000 count 1 datatype 1 op 0 root 0 comm 0xc847b80 [nranks=16] stream 0x89ceb60
>>> done with compiling and loading fused kernels. Compilation time: 6.920 seconds
c197-081:8285:8285 [2] NCCL INFO AllReduce: opCount 2 sendbuff 0x2b33c4c00000 recvbuff 0x2b33c4c00000 count 1 datatype 8 op 3 root 0 comm 0xb3d2770 [nranks=16] stream 0x9736440
c197-081:8286:8286 [3] NCCL INFO AllReduce: opCount 2 sendbuff 0x2b09dcc00000 recvbuff 0x2b09dcc00000 count 1 datatype 8 op 3 root 0 comm 0xb86f7e0 [nranks=16] stream 0xb022ae0
c197-081:8284:8284 [1] NCCL INFO AllReduce: opCount 2 sendbuff 0x2ad230c00000 recvbuff 0x2ad230c00000 count 1 datatype 8 op 3 root 0 comm 0xc847b80 [nranks=16] stream 0x89ceb60
c197-081:8283:8283 [0] NCCL INFO AllReduce: opCount 2 sendbuff 0x2b9eaac00000 recvbuff 0x2b9eaac00000 count 1 datatype 8 op 3 root 0 comm 0xcc8dbf0 [nranks=16] stream 0xa23dd20
c197-081:8285:8285 [2] NCCL INFO AllReduce: opCount 3 sendbuff 0x2b33c4c00200 recvbuff 0x2b33c4c00200 count 1 datatype 1 op 0 root 0 comm 0xb3d2770 [nranks=16] stream 0x9736440
c197-081:8286:8286 [3] NCCL INFO AllReduce: opCount 3 sendbuff 0x2b09dcc00200 recvbuff 0x2b09dcc00200 count 1 datatype 1 op 0 root 0 comm 0xb86f7e0 [nranks=16] stream 0xb022ae0
time to initialize megatron (seconds): 10.862
c197-081:8284:8284 [1] NCCL INFO AllReduce: opCount 3 sendbuff 0x2ad230c00200 recvbuff 0x2ad230c00200 count 1 datatype 1 op 0 root 0 comm 0xc847b80 [nranks=16] stream 0x89ceb60
c197-081:8283:8283 [0] NCCL INFO AllReduce: opCount 3 sendbuff 0x2b9eaac00200 recvbuff 0x2b9eaac00200 count 1 datatype 1 op 0 root 0 comm 0xcc8dbf0 [nranks=16] stream 0xa23dd20
[after megatron is initialized] datetime: 2023-12-19 18:54:10 
building BERT model ...
c197-081:8283:8283 [0] NCCL INFO init.cc:1147 Cuda Host Alloc Size 4 pointer 0x2b9eb5200400
c197-081:8283:9911 [0] NCCL INFO Using network IB
NCCL version 2.14.3+cuda11.8
c197-081:8286:8286 [3] NCCL INFO init.cc:1147 Cuda Host Alloc Size 4 pointer 0x2b09e7200400
c197-081:8286:9915 [3] NCCL INFO Using network IB
NCCL version 2.14.3+cuda11.8
c197-081:8285:8285 [2] NCCL INFO init.cc:1147 Cuda Host Alloc Size 4 pointer 0x2b33cf200400
c197-081:8285:9919 [2] NCCL INFO Using network IB
NCCL version 2.14.3+cuda11.8
c197-081:8284:8284 [1] NCCL INFO init.cc:1147 Cuda Host Alloc Size 4 pointer 0x2ad23b200400
c197-081:8284:9922 [1] NCCL INFO Using network IB
c197-081:8283:9911 [0] NCCL INFO NET/IB : GPU Direct RDMA Disabled for HCA 0 'mlx4_0'
c197-081:8283:9911 [0] NCCL INFO === System : maxBw 6.0 totalBw 12.0 ===
c197-081:8283:9911 [0] NCCL INFO CPU/0 (1/1/1)
c197-081:8283:9911 [0] NCCL INFO + PCI[12.0] - GPU/2000 (0)
c197-081:8283:9911 [0] NCCL INFO + PCI[6.0] - NIC/1000
c197-081:8283:9911 [0] NCCL INFO              + NET[7.0] - NET/0 (a3788600034b6b50/1/7.000000)
c197-081:8283:9911 [0] NCCL INFO ==========================================
c197-081:8283:9911 [0] NCCL INFO GPU/2000 :GPU/2000 (0/5000.000000/LOC) CPU/0 (1/12.000000/PHB) NET/0 (3/6.000000/PHB) 
c197-081:8283:9911 [0] NCCL INFO NET/0 :GPU/2000 (3/6.000000/PHB) CPU/0 (2/6.000000/PHB) NET/0 (0/5000.000000/LOC) 
c197-081:8283:9911 [0] NCCL INFO Setting affinity for GPU 0 to ff00ff
c197-081:8283:9911 [0] NCCL INFO Pattern 4, crossNic 0, nChannels 1, bw 5.000000/5.000000, type LOC/PHB, sameChannels 1
c197-081:8283:9911 [0] NCCL INFO  0 : NET/0 GPU/0 NET/0
c197-081:8283:9911 [0] NCCL INFO Pattern 3, crossNic 0, nChannels 1, bw 10.000000/5.000000, type LOC/PHB, sameChannels 1
c197-081:8283:9911 [0] NCCL INFO  0 : NET/0 GPU/0 NET/0
c197-081:8283:9911 [0] NCCL INFO Pattern 3, crossNic 0, nChannels 0, bw 0.000000/0.000000, type LOC/PIX, sameChannels 1
c197-081:8283:9911 [0] NCCL INFO Tree 0 : -1 -> 0 -> 1/-1/-1
c197-081:8283:9911 [0] NCCL INFO Tree 1 : 1 -> 0 -> -1/-1/-1
c197-081:8283:9911 [0] NCCL INFO Channel 00/02 :    0   1
c197-081:8283:9911 [0] NCCL INFO Channel 01/02 :    0   1
c197-081:8283:9911 [0] NCCL INFO Ring 00 : 1 -> 0 -> 1
c197-081:8283:9911 [0] NCCL INFO Ring 01 : 1 -> 0 -> 1
c197-081:8283:9911 [0] NCCL INFO Trees [0] 1/-1/-1->0->-1 [1] -1/-1/-1->0->1
c197-081:8283:9911 [0] NCCL INFO misc/utils.cc:235 memory stack hunk malloc(65536)
c197-081:8283:9911 [0] NCCL INFO channel.cc:23 Cuda Alloc Size 1152 pointer 0x2b9eb5c04e00
c197-081:8283:9911 [0] NCCL INFO channel.cc:27 Cuda Alloc Size 8 pointer 0x2b9eb5c05400
c197-081:8283:9911 [0] NCCL INFO channel.cc:23 Cuda Alloc Size 1152 pointer 0x2b9eb5c05600
c197-081:8283:9911 [0] NCCL INFO channel.cc:27 Cuda Alloc Size 8 pointer 0x2b9eb5c05c00
c197-081:8286:9915 [3] NCCL INFO NET/IB : GPU Direct RDMA Disabled for HCA 0 'mlx4_0'
c197-081:8286:9915 [3] NCCL INFO === System : maxBw 6.0 totalBw 12.0 ===
c197-081:8286:9915 [3] NCCL INFO CPU/1 (1/1/1)
c197-081:8286:9915 [3] NCCL INFO + PCI[12.0] - GPU/83000 (0)
c197-081:8286:9915 [3] NCCL INFO + SYS[6.0] - CPU/0
c197-081:8286:9915 [3] NCCL INFO CPU/0 (1/1/1)
c197-081:8286:9915 [3] NCCL INFO + PCI[6.0] - NIC/1000
c197-081:8286:9915 [3] NCCL INFO              + NET[7.0] - NET/0 (a3788600034b6b50/1/7.000000)
c197-081:8286:9915 [3] NCCL INFO + SYS[6.0] - CPU/1
c197-081:8286:9915 [3] NCCL INFO ==========================================
c197-081:8286:9915 [3] NCCL INFO GPU/83000 :GPU/83000 (0/5000.000000/LOC) CPU/1 (1/12.000000/PHB) CPU/0 (2/6.000000/SYS) NET/0 (4/6.000000/SYS) 
c197-081:8286:9915 [3] NCCL INFO NET/0 :GPU/83000 (4/6.000000/SYS) CPU/1 (3/6.000000/SYS) CPU/0 (2/6.000000/PHB) NET/0 (0/5000.000000/LOC) 
