c197-092:14054:16424 [1] NCCL INFO AllReduce: opCount 19 sendbuff 0x2b22c7000000 recvbuff 0x2b22c7000000 count 4194304 datatype 6 op 0 root 0 comm 0xfda54e0 [nranks=2] stream 0xb1633f0
c197-092:14056:16425 [3] NCCL INFO AllReduce: opCount 19 sendbuff 0x2ac95b000000 recvbuff 0x2ac95b000000 count 4194304 datatype 6 op 0 root 0 comm 0xfc9c9c0 [nranks=2] stream 0xb0ae2d0
c197-092:14054:16424 [1] NCCL INFO AllReduce: opCount 1a sendbuff 0x2b22c7800000 recvbuff 0x2b22c7800000 count 4194304 datatype 6 op 0 root 0 comm 0xfda54e0 [nranks=2] stream 0xb1633f0
c197-092:14056:16425 [3] NCCL INFO AllReduce: opCount 1a sendbuff 0x2ac95b800000 recvbuff 0x2ac95b800000 count 4194304 datatype 6 op 0 root 0 comm 0xfc9c9c0 [nranks=2] stream 0xb0ae2d0
c197-092:14053:16409 [0] NCCL INFO AllReduce: opCount 18 sendbuff 0x2b8b38000000 recvbuff 0x2b8b38000000 count 4194304 datatype 6 op 0 root 0 comm 0xf6c43e0 [nranks=2] stream 0x8d77840
c197-092:14054:16424 [1] NCCL INFO AllReduce: opCount 1b sendbuff 0x2b22c2800000 recvbuff 0x2b22c2800000 count 4194304 datatype 6 op 0 root 0 comm 0xfda54e0 [nranks=2] stream 0xb1633f0
c197-092:14056:16425 [3] NCCL INFO AllReduce: opCount 1b sendbuff 0x2ac956800000 recvbuff 0x2ac956800000 count 4194304 datatype 6 op 0 root 0 comm 0xfc9c9c0 [nranks=2] stream 0xb0ae2d0
c197-092:14053:16409 [0] NCCL INFO AllReduce: opCount 19 sendbuff 0x2b8b27000000 recvbuff 0x2b8b27000000 count 4194304 datatype 6 op 0 root 0 comm 0xf6c43e0 [nranks=2] stream 0x8d77840
c197-092:14054:16424 [1] NCCL INFO AllReduce: opCount 1c sendbuff 0x2b22e4000000 recvbuff 0x2b22e4000000 count 4194304 datatype 6 op 0 root 0 comm 0xfda54e0 [nranks=2] stream 0xb1633f0
c197-092:14056:16425 [3] NCCL INFO AllReduce: opCount 1c sendbuff 0x2ac96c800000 recvbuff 0x2ac96c800000 count 4194304 datatype 6 op 0 root 0 comm 0xfc9c9c0 [nranks=2] stream 0xb0ae2d0
c197-092:14053:16409 [0] NCCL INFO AllReduce: opCount 1a sendbuff 0x2b8b27800000 recvbuff 0x2b8b27800000 count 4194304 datatype 6 op 0 root 0 comm 0xf6c43e0 [nranks=2] stream 0x8d77840
c197-092:14054:16424 [1] NCCL INFO AllReduce: opCount 1d sendbuff 0x2b22be000000 recvbuff 0x2b22be000000 count 4194304 datatype 6 op 0 root 0 comm 0xfda54e0 [nranks=2] stream 0xb1633f0
c197-092:14056:16425 [3] NCCL INFO AllReduce: opCount 1d sendbuff 0x2ac952000000 recvbuff 0x2ac952000000 count 4194304 datatype 6 op 0 root 0 comm 0xfc9c9c0 [nranks=2] stream 0xb0ae2d0
c197-092:14054:16424 [1] NCCL INFO AllReduce: opCount 1e sendbuff 0x2b22be800000 recvbuff 0x2b22be800000 count 4194304 datatype 6 op 0 root 0 comm 0xfda54e0 [nranks=2] stream 0xb1633f0
c197-092:14053:16409 [0] NCCL INFO AllReduce: opCount 1b sendbuff 0x2b8b22800000 recvbuff 0x2b8b22800000 count 4194304 datatype 6 op 0 root 0 comm 0xf6c43e0 [nranks=2] stream 0x8d77840
c197-092:14056:16425 [3] NCCL INFO AllReduce: opCount 1e sendbuff 0x2ac952800000 recvbuff 0x2ac952800000 count 4194304 datatype 6 op 0 root 0 comm 0xfc9c9c0 [nranks=2] stream 0xb0ae2d0
c197-092:14054:16424 [1] NCCL INFO AllReduce: opCount 1f sendbuff 0x2b22c2000000 recvbuff 0x2b22c2000000 count 4194304 datatype 6 op 0 root 0 comm 0xfda54e0 [nranks=2] stream 0xb1633f0
c197-092:14053:16409 [0] NCCL INFO AllReduce: opCount 1c sendbuff 0x2b8b23000000 recvbuff 0x2b8b23000000 count 4194304 datatype 6 op 0 root 0 comm 0xf6c43e0 [nranks=2] stream 0x8d77840
c197-092:14056:16425 [3] NCCL INFO AllReduce: opCount 1f sendbuff 0x2ac956000000 recvbuff 0x2ac956000000 count 4194304 datatype 6 op 0 root 0 comm 0xfc9c9c0 [nranks=2] stream 0xb0ae2d0
c197-092:14053:16409 [0] NCCL INFO AllReduce: opCount 1d sendbuff 0x2b8b1e000000 recvbuff 0x2b8b1e000000 count 4194304 datatype 6 op 0 root 0 comm 0xf6c43e0 [nranks=2] stream 0x8d77840
c197-092:14053:16409 [0] NCCL INFO AllReduce: opCount 1e sendbuff 0x2b8b1e800000 recvbuff 0x2b8b1e800000 count 4194304 datatype 6 op 0 root 0 comm 0xf6c43e0 [nranks=2] stream 0x8d77840
c197-092:14053:16409 [0] NCCL INFO AllReduce: opCount 1f sendbuff 0x2b8b22000000 recvbuff 0x2b8b22000000 count 4194304 datatype 6 op 0 root 0 comm 0xf6c43e0 [nranks=2] stream 0x8d77840
c197-092:14056:14056 [3] NCCL INFO Send: opCount a sendbuff (nil) recvbuff 0x2ac92f000000 count 2097152 datatype 6 op 0 root 11 comm 0xcc66160 [nranks=16] stream 0xcad5fc0
c197-092:14055:14055 [2] NCCL INFO Send: opCount a sendbuff (nil) recvbuff 0x2b76c7000000 count 2097152 datatype 6 op 0 root 10 comm 0xafc0e40 [nranks=16] stream 0x9324b10
c197-092:14056:14973 [3] NCCL INFO New proxy send connection 5 from local rank 3, transport 2
c197-092:14056:16546 [3] NCCL INFO Connection to proxy localRank 3 -> connection 0x2ac8f0002150
c197-092:14056:16546 [3] NCCL INFO Channel 00/1 : 15[83000] -> 11[83000] [send] via NET/IB/0/Shared
c197-092:14056:14973 [3] NCCL INFO New proxy send connection 6 from local rank 3, transport 2
c197-092:14054:14054 [1] NCCL INFO Send: opCount a sendbuff (nil) recvbuff 0x2b2297000000 count 2097152 datatype 6 op 0 root 9 comm 0xcd71f80 [nranks=16] stream 0xb0d5c50
c197-092:14053:14053 [0] NCCL INFO Send: opCount a sendbuff (nil) recvbuff 0x2b8abec00000 count 2097152 datatype 6 op 0 root 8 comm 0xb8e7e70 [nranks=16] stream 0x9c4bb40
c197-092:14054:14975 [1] NCCL INFO New proxy send connection 3 from local rank 1, transport 2
c197-092:14054:16548 [1] NCCL INFO Connection to proxy localRank 1 -> connection 0x2b22540020d0
c197-092:14054:16548 [1] NCCL INFO Channel 00/1 : 13[3000] -> 9[3000] [send] via NET/IB/0/Shared
c197-092:14054:14975 [1] NCCL INFO New proxy send connection 4 from local rank 1, transport 2
c197-092:14053:14971 [0] NCCL INFO New proxy send connection 9 from local rank 0, transport 2
c197-092:14053:16549 [0] NCCL INFO Connection to proxy localRank 0 -> connection 0x2b8a7c002250
c197-092:14055:14972 [2] NCCL INFO New proxy send connection 3 from local rank 2, transport 2
c197-092:14055:16547 [2] NCCL INFO Connection to proxy localRank 2 -> connection 0x2b76080020d0
c197-092:14053:16549 [0] NCCL INFO Channel 00/1 : 12[2000] -> 8[2000] [send] via NET/IB/0/Shared
c197-092:14055:16547 [2] NCCL INFO Channel 00/1 : 14[82000] -> 10[82000] [send] via NET/IB/0/Shared
c197-092:14053:14971 [0] NCCL INFO New proxy send connection 10 from local rank 0, transport 2
c197-092:14055:14972 [2] NCCL INFO New proxy send connection 4 from local rank 2, transport 2
c197-092:14056:16546 [3] NCCL INFO Connection to proxy localRank 3 -> connection 0x2ac8f0002190
c197-092:14056:16546 [3] NCCL INFO Channel 01/1 : 15[83000] -> 11[83000] [send] via NET/IB/0/Shared
c197-092:14056:14973 [3] NCCL INFO transport/net_ib.cc:596 Ib Alloc Size 26560 pointer 0x2ac8f0054000
c197-092:14056:14973 [3] NCCL INFO NET/IB: Dev 0 Port 1 qpn 71868 mtu 5 LID 4
c197-092:14056:14973 [3] NCCL INFO transport/net_ib.cc:653 Ib Alloc Size 552 pointer 0x2ac8f005c000
c197-092:14054:16548 [1] NCCL INFO Connection to proxy localRank 1 -> connection 0x2b2254002110
c197-092:14053:16549 [0] NCCL INFO Connection to proxy localRank 0 -> connection 0x2b8a7c002290
c197-092:14055:16547 [2] NCCL INFO Connection to proxy localRank 2 -> connection 0x2b7608002110
c197-092:14054:16548 [1] NCCL INFO Channel 01/1 : 13[3000] -> 9[3000] [send] via NET/IB/0/Shared
c197-092:14053:16549 [0] NCCL INFO Channel 01/1 : 12[2000] -> 8[2000] [send] via NET/IB/0/Shared
c197-092:14055:16547 [2] NCCL INFO Channel 01/1 : 14[82000] -> 10[82000] [send] via NET/IB/0/Shared
c197-092:14053:14971 [0] NCCL INFO transport/net_ib.cc:596 Ib Alloc Size 26560 pointer 0x2b8a7c08b000
c197-092:14054:14975 [1] NCCL INFO transport/net_ib.cc:596 Ib Alloc Size 26560 pointer 0x2b2254032000
c197-092:14055:14972 [2] NCCL INFO transport/net_ib.cc:596 Ib Alloc Size 26560 pointer 0x2b7608032000
c197-092:14055:14972 [2] NCCL INFO NET/IB: Dev 0 Port 1 qpn 71869 mtu 5 LID 4
c197-092:14055:14972 [2] NCCL INFO transport/net_ib.cc:653 Ib Alloc Size 552 pointer 0x2b760803a000
c197-092:14056:14973 [3] NCCL INFO transport/net.cc:382 Cuda Host Alloc Size 4194304 pointer 0x2ac9ad000000
c197-092:14056:14973 [3] NCCL INFO transport/net.cc:571 Cuda Host Alloc Size 8192 pointer 0x2ac8e9205000
c197-092:14053:14971 [0] NCCL INFO NET/IB: Dev 0 Port 1 qpn 71870 mtu 5 LID 4
c197-092:14053:14971 [0] NCCL INFO transport/net_ib.cc:653 Ib Alloc Size 552 pointer 0x2b8a7c093000
c197-092:14054:14975 [1] NCCL INFO NET/IB: Dev 0 Port 1 qpn 71871 mtu 5 LID 4
c197-092:14054:14975 [1] NCCL INFO transport/net_ib.cc:653 Ib Alloc Size 552 pointer 0x2b225403a000
c197-092:14056:14973 [3] NCCL INFO transport/net_ib.cc:596 Ib Alloc Size 26560 pointer 0x2ac8f005e000
c197-092:14056:14973 [3] NCCL INFO NET/IB: Dev 0 Port 1 qpn 71872 mtu 5 LID 4
c197-092:14056:14973 [3] NCCL INFO transport/net_ib.cc:653 Ib Alloc Size 552 pointer 0x2ac8f0066000
c197-092:14056:14973 [3] NCCL INFO transport/net.cc:571 Cuda Host Alloc Size 8192 pointer 0x2ac8e9207000
c197-092:14055:14972 [2] NCCL INFO transport/net.cc:382 Cuda Host Alloc Size 4194304 pointer 0x2b7706c00000
c197-092:14055:14972 [2] NCCL INFO transport/net.cc:571 Cuda Host Alloc Size 8192 pointer 0x2b7603347400
c197-092:14053:14971 [0] NCCL INFO transport/net.cc:382 Cuda Host Alloc Size 4194304 pointer 0x2b8b78c00000
c197-092:14054:14975 [1] NCCL INFO transport/net.cc:382 Cuda Host Alloc Size 4194304 pointer 0x2b2319000000
c197-092:14053:14971 [0] NCCL INFO transport/net.cc:571 Cuda Host Alloc Size 8192 pointer 0x2b8a75347400
c197-092:14054:14975 [1] NCCL INFO transport/net.cc:571 Cuda Host Alloc Size 8192 pointer 0x2b224f205000
c197-092:14055:14972 [2] NCCL INFO transport/net_ib.cc:596 Ib Alloc Size 26560 pointer 0x2b760803c000
c197-092:14054:14975 [1] NCCL INFO transport/net_ib.cc:596 Ib Alloc Size 26560 pointer 0x2b225403c000
c197-092:14053:14971 [0] NCCL INFO transport/net_ib.cc:596 Ib Alloc Size 26560 pointer 0x2b8a7c095000
c197-092:14055:14972 [2] NCCL INFO NET/IB: Dev 0 Port 1 qpn 71873 mtu 5 LID 4
c197-092:14055:14972 [2] NCCL INFO transport/net_ib.cc:653 Ib Alloc Size 552 pointer 0x2b7608044000
c197-092:14055:14972 [2] NCCL INFO transport/net.cc:571 Cuda Host Alloc Size 8192 pointer 0x2b7603349400
c197-092:14053:14971 [0] NCCL INFO NET/IB: Dev 0 Port 1 qpn 71874 mtu 5 LID 4
c197-092:14054:14975 [1] NCCL INFO NET/IB: Dev 0 Port 1 qpn 71875 mtu 5 LID 4
c197-092:14054:14975 [1] NCCL INFO transport/net_ib.cc:653 Ib Alloc Size 552 pointer 0x2b2254044000
c197-092:14053:14971 [0] NCCL INFO transport/net_ib.cc:653 Ib Alloc Size 552 pointer 0x2b8a7c09d000
c197-092:14054:14975 [1] NCCL INFO transport/net.cc:571 Cuda Host Alloc Size 8192 pointer 0x2b224f207000
c197-092:14053:14971 [0] NCCL INFO transport/net.cc:571 Cuda Host Alloc Size 8192 pointer 0x2b8a75349400
c197-092:14055:14055 [2] NCCL INFO AllReduce: opCount 3 sendbuff 0x2b7634000000 recvbuff 0x2b7634000000 count 54869250 datatype 6 op 0 root 0 comm 0xdffd6b0 [nranks=2] stream 0x93b22b0
c197-092:14053:14053 [0] NCCL INFO AllReduce: opCount 3 sendbuff 0x2b8aa8000000 recvbuff 0x2b8aa8000000 count 54869250 datatype 6 op 0 root 0 comm 0xe924690 [nranks=2] stream 0x9cd92e0
c197-092:14054:14054 [1] NCCL INFO AllReduce: opCount 1 sendbuff 0x2b2280000000 recvbuff 0x2b2280000000 count 54869250 datatype 6 op 0 root 0 comm 0x1cc8b370 [nranks=2] stream 0xa072a50
c197-092:14056:14056 [3] NCCL INFO AllReduce: opCount 1 sendbuff 0x2ac918000000 recvbuff 0x2ac918000000 count 54869250 datatype 6 op 0 root 0 comm 0x1cb825c0 [nranks=2] stream 0xb0e4940
c197-092:14056:14056 [3] NCCL INFO AllReduce: opCount 1 sendbuff 0x2ac918209a04 recvbuff 0x2ac918209a04 count 14942208 datatype 6 op 0 root 0 comm 0xf6497a0 [nranks=2] stream 0xbdef200
c197-092:14054:14054 [1] NCCL INFO AllReduce: opCount 1 sendbuff 0x2b2280209a04 recvbuff 0x2b2280209a04 count 14942208 datatype 6 op 0 root 0 comm 0xf74e980 [nranks=2] stream 0xbef93b0
c197-092:14053:14053 [0] NCCL INFO AllReduce: opCount 1 sendbuff 0x2b8aa8209a04 recvbuff 0x2b8aa8209a04 count 14942208 datatype 6 op 0 root 0 comm 0xe2d5970 [nranks=2] stream 0xaa6f2a0
c197-092:14055:14055 [2] NCCL INFO AllReduce: opCount 1 sendbuff 0x2b7634209a04 recvbuff 0x2b7634209a04 count 14942208 datatype 6 op 0 root 0 comm 0xd99e760 [nranks=2] stream 0xa148270
c197-092:14055:14055 [2] NCCL INFO init.cc:1147 Cuda Host Alloc Size 4 pointer 0x2b760334b400
c197-092:14053:14053 [0] NCCL INFO init.cc:1147 Cuda Host Alloc Size 4 pointer 0x2b8a7534b400
c197-092:14055:16901 [2] NCCL INFO Using network IB
c197-092:14053:16902 [0] NCCL INFO Using network IB
c197-092:14056:14056 [3] NCCL INFO init.cc:1147 Cuda Host Alloc Size 4 pointer 0x2ac8e9209000
c197-092:14056:16903 [3] NCCL INFO Using network IB
c197-092:14054:14054 [1] NCCL INFO init.cc:1147 Cuda Host Alloc Size 4 pointer 0x2b224f209000
c197-092:14054:16904 [1] NCCL INFO Using network IB
c197-092:14056:16903 [3] NCCL INFO NET/IB : GPU Direct RDMA Disabled for HCA 0 'mlx4_0'
c197-092:14055:16901 [2] NCCL INFO NET/IB : GPU Direct RDMA Disabled for HCA 0 'mlx4_0'
c197-092:14056:16903 [3] NCCL INFO === System : maxBw 6.0 totalBw 12.0 ===
c197-092:14056:16903 [3] NCCL INFO CPU/1 (1/1/1)
c197-092:14056:16903 [3] NCCL INFO + PCI[12.0] - GPU/82000 (6)
c197-092:14056:16903 [3] NCCL INFO + PCI[12.0] - GPU/83000 (7)
c197-092:14056:16903 [3] NCCL INFO + SYS[6.0] - CPU/0
c197-092:14056:16903 [3] NCCL INFO CPU/0 (1/1/1)
c197-092:14056:16903 [3] NCCL INFO + PCI[6.0] - NIC/1000
c197-092:14056:16903 [3] NCCL INFO              + NET[7.0] - NET/0 (3827f00034b6b50/1/7.000000)
c197-092:14056:16903 [3] NCCL INFO + SYS[6.0] - CPU/1
c197-092:14056:16903 [3] NCCL INFO ==========================================
c197-092:14056:16903 [3] NCCL INFO GPU/82000 :GPU/82000 (0/5000.000000/LOC) GPU/83000 (2/12.000000/PHB) CPU/1 (1/12.000000/PHB) CPU/0 (2/6.000000/SYS) NET/0 (4/6.000000/SYS) 
c197-092:14056:16903 [3] NCCL INFO GPU/83000 :GPU/82000 (2/12.000000/PHB) GPU/83000 (0/5000.000000/LOC) CPU/1 (1/12.000000/PHB) CPU/0 (2/6.000000/SYS) NET/0 (4/6.000000/SYS) 
c197-092:14056:16903 [3] NCCL INFO NET/0 :GPU/82000 (4/6.000000/SYS) GPU/83000 (4/6.000000/SYS) CPU/1 (3/6.000000/SYS) CPU/0 (2/6.000000/PHB) NET/0 (0/5000.000000/LOC) 
c197-092:14056:16903 [3] NCCL INFO Setting affinity for GPU 3 to ff00ff00
c197-092:14055:16901 [2] NCCL INFO === System : maxBw 6.0 totalBw 12.0 ===
c197-092:14055:16901 [2] NCCL INFO CPU/1 (1/1/1)
c197-092:14055:16901 [2] NCCL INFO + PCI[12.0] - GPU/82000 (6)
c197-092:14055:16901 [2] NCCL INFO + PCI[12.0] - GPU/83000 (7)
c197-092:14055:16901 [2] NCCL INFO + SYS[6.0] - CPU/0
c197-092:14055:16901 [2] NCCL INFO CPU/0 (1/1/1)
c197-092:14055:16901 [2] NCCL INFO + PCI[6.0] - NIC/1000
c197-092:14055:16901 [2] NCCL INFO              + NET[7.0] - NET/0 (3827f00034b6b50/1/7.000000)
c197-092:14055:16901 [2] NCCL INFO + SYS[6.0] - CPU/1
c197-092:14055:16901 [2] NCCL INFO ==========================================
c197-092:14055:16901 [2] NCCL INFO GPU/82000 :GPU/82000 (0/5000.000000/LOC) GPU/83000 (2/12.000000/PHB) CPU/1 (1/12.000000/PHB) CPU/0 (2/6.000000/SYS) NET/0 (4/6.000000/SYS) 
c197-092:14055:16901 [2] NCCL INFO GPU/83000 :GPU/82000 (2/12.000000/PHB) GPU/83000 (0/5000.000000/LOC) CPU/1 (1/12.000000/PHB) CPU/0 (2/6.000000/SYS) NET/0 (4/6.000000/SYS) 
c197-092:14055:16901 [2] NCCL INFO NET/0 :GPU/82000 (4/6.000000/SYS) GPU/83000 (4/6.000000/SYS) CPU/1 (3/6.000000/SYS) CPU/0 (2/6.000000/PHB) NET/0 (0/5000.000000/LOC) 
c197-092:14055:16901 [2] NCCL INFO Setting affinity for GPU 2 to ff00ff00
c197-092:14056:16903 [3] NCCL INFO Pattern 4, crossNic 0, nChannels 1, bw 6.000000/6.000000, type PHB/SYS, sameChannels 1
c197-092:14056:16903 [3] NCCL INFO  0 : NET/0 GPU/6 GPU/7 NET/0
c197-092:14056:16903 [3] NCCL INFO Pattern 1, crossNic 0, nChannels 1, bw 6.000000/6.000000, type PHB/SYS, sameChannels 1
c197-092:14056:16903 [3] NCCL INFO  0 : NET/0 GPU/6 GPU/7 NET/0
c197-092:14054:16904 [1] NCCL INFO NET/IB : GPU Direct RDMA Disabled for HCA 0 'mlx4_0'
c197-092:14056:16903 [3] NCCL INFO Pattern 3, crossNic 0, nChannels 0, bw 0.000000/0.000000, type NVL/PIX, sameChannels 1
c197-092:14053:16902 [0] NCCL INFO NET/IB : GPU Direct RDMA Disabled for HCA 0 'mlx4_0'
c197-092:14054:16904 [1] NCCL INFO === System : maxBw 6.0 totalBw 12.0 ===
c197-092:14054:16904 [1] NCCL INFO CPU/0 (1/1/1)
c197-092:14054:16904 [1] NCCL INFO + PCI[12.0] - GPU/2000 (6)
c197-092:14054:16904 [1] NCCL INFO + PCI[12.0] - GPU/3000 (7)
c197-092:14054:16904 [1] NCCL INFO + PCI[6.0] - NIC/1000
c197-092:14054:16904 [1] NCCL INFO              + NET[7.0] - NET/0 (3827f00034b6b50/1/7.000000)
c197-092:14054:16904 [1] NCCL INFO ==========================================
c197-092:14053:16902 [0] NCCL INFO === System : maxBw 6.0 totalBw 12.0 ===
c197-092:14054:16904 [1] NCCL INFO GPU/2000 :GPU/2000 (0/5000.000000/LOC) GPU/3000 (2/12.000000/PHB) CPU/0 (1/12.000000/PHB) NET/0 (3/6.000000/PHB) 
c197-092:14053:16902 [0] NCCL INFO CPU/0 (1/1/1)
c197-092:14054:16904 [1] NCCL INFO GPU/3000 :GPU/2000 (2/12.000000/PHB) GPU/3000 (0/5000.000000/LOC) CPU/0 (1/12.000000/PHB) NET/0 (3/6.000000/PHB) 
c197-092:14053:16902 [0] NCCL INFO + PCI[12.0] - GPU/2000 (6)
c197-092:14053:16902 [0] NCCL INFO + PCI[12.0] - GPU/3000 (7)
c197-092:14054:16904 [1] NCCL INFO NET/0 :GPU/2000 (3/6.000000/PHB) GPU/3000 (3/6.000000/PHB) CPU/0 (2/6.000000/PHB) NET/0 (0/5000.000000/LOC) 
c197-092:14053:16902 [0] NCCL INFO + PCI[6.0] - NIC/1000
c197-092:14054:16904 [1] NCCL INFO Setting affinity for GPU 1 to ff00ff
c197-092:14053:16902 [0] NCCL INFO              + NET[7.0] - NET/0 (3827f00034b6b50/1/7.000000)
c197-092:14053:16902 [0] NCCL INFO ==========================================
c197-092:14053:16902 [0] NCCL INFO GPU/2000 :GPU/2000 (0/5000.000000/LOC) GPU/3000 (2/12.000000/PHB) CPU/0 (1/12.000000/PHB) NET/0 (3/6.000000/PHB) 
c197-092:14053:16902 [0] NCCL INFO GPU/3000 :GPU/2000 (2/12.000000/PHB) GPU/3000 (0/5000.000000/LOC) CPU/0 (1/12.000000/PHB) NET/0 (3/6.000000/PHB) 
c197-092:14053:16902 [0] NCCL INFO NET/0 :GPU/2000 (3/6.000000/PHB) GPU/3000 (3/6.000000/PHB) CPU/0 (2/6.000000/PHB) NET/0 (0/5000.000000/LOC) 
c197-092:14053:16902 [0] NCCL INFO Setting affinity for GPU 0 to ff00ff
c197-092:14054:16904 [1] NCCL INFO Pattern 4, crossNic 0, nChannels 1, bw 5.000000/5.000000, type PHB/PHB, sameChannels 1
c197-092:14054:16904 [1] NCCL INFO  0 : NET/0 GPU/6 GPU/7 NET/0
c197-092:14054:16904 [1] NCCL INFO Pattern 1, crossNic 0, nChannels 1, bw 6.000000/5.000000, type PHB/PHB, sameChannels 1
c197-092:14053:16902 [0] NCCL INFO Pattern 4, crossNic 0, nChannels 1, bw 5.000000/5.000000, type PHB/PHB, sameChannels 1
c197-092:14054:16904 [1] NCCL INFO  0 : NET/0 GPU/6 GPU/7 NET/0
c197-092:14053:16902 [0] NCCL INFO  0 : NET/0 GPU/6 GPU/7 NET/0
c197-092:14054:16904 [1] NCCL INFO Pattern 3, crossNic 0, nChannels 0, bw 0.000000/0.000000, type NVL/PIX, sameChannels 1
c197-092:14053:16902 [0] NCCL INFO Pattern 1, crossNic 0, nChannels 1, bw 6.000000/5.000000, type PHB/PHB, sameChannels 1
c197-092:14053:16902 [0] NCCL INFO  0 : NET/0 GPU/6 GPU/7 NET/0
c197-092:14053:16902 [0] NCCL INFO Pattern 3, crossNic 0, nChannels 0, bw 0.000000/0.000000, type NVL/PIX, sameChannels 1
c197-092:14055:16901 [2] NCCL INFO Pattern 4, crossNic 0, nChannels 1, bw 6.000000/6.000000, type PHB/SYS, sameChannels 1
c197-092:14055:16901 [2] NCCL INFO  0 : NET/0 GPU/6 GPU/7 NET/0
c197-092:14055:16901 [2] NCCL INFO Pattern 1, crossNic 0, nChannels 1, bw 6.000000/6.000000, type PHB/SYS, sameChannels 1
c197-092:14055:16901 [2] NCCL INFO  0 : NET/0 GPU/6 GPU/7 NET/0
c197-092:14055:16901 [2] NCCL INFO Pattern 3, crossNic 0, nChannels 0, bw 0.000000/0.000000, type NVL/PIX, sameChannels 1
c197-092:14054:16904 [1] NCCL INFO Tree 0 : 6 -> 7 -> -1/-1/-1
c197-092:14053:16902 [0] NCCL INFO Tree 0 : 4 -> 6 -> 7/-1/-1
c197-092:14054:16904 [1] NCCL INFO Tree 1 : 6 -> 7 -> -1/-1/-1
c197-092:14053:16902 [0] NCCL INFO Tree 1 : -1 -> 6 -> 7/2/-1
c197-092:14054:16904 [1] NCCL INFO Ring 00 : 6 -> 7 -> 0
c197-092:14054:16904 [1] NCCL INFO Ring 01 : 6 -> 7 -> 0
c197-092:14053:16902 [0] NCCL INFO Ring 00 : 5 -> 6 -> 7
c197-092:14054:16904 [1] NCCL INFO Trees [0] -1/-1/-1->7->6 [1] -1/-1/-1->7->6
c197-092:14053:16902 [0] NCCL INFO Ring 01 : 5 -> 6 -> 7
c197-092:14054:16904 [1] NCCL INFO misc/utils.cc:235 memory stack hunk malloc(65536)
c197-092:14053:16902 [0] NCCL INFO Trees [0] 7/-1/-1->6->4 [1] 7/2/-1->6->-1
c197-092:14053:16902 [0] NCCL INFO misc/utils.cc:235 memory stack hunk malloc(65536)
c197-092:14054:16904 [1] NCCL INFO channel.cc:23 Cuda Alloc Size 3456 pointer 0x2b224fc4c800
c197-092:14054:16904 [1] NCCL INFO channel.cc:27 Cuda Alloc Size 32 pointer 0x2b224fc4d600
c197-092:14054:16904 [1] NCCL INFO channel.cc:23 Cuda Alloc Size 3456 pointer 0x2b224fc4d800
c197-092:14054:16904 [1] NCCL INFO channel.cc:27 Cuda Alloc Size 32 pointer 0x2b224fc4e600
c197-092:14054:16904 [1] NCCL INFO Allocated 9637888 bytes of shared memory in /dev/shm/nccl-J8VKCA

c197-092:14053:16902 [0] NCCL INFO channel.cc:23 Cuda Alloc Size 3456 pointer 0x2b8a75c4f200
c197-092:14053:16902 [0] NCCL INFO channel.cc:27 Cuda Alloc Size 32 pointer 0x2b8a75c50000
c197-092:14053:16902 [0] NCCL INFO channel.cc:23 Cuda Alloc Size 3456 pointer 0x2b8a75c50200
c197-092:14053:16902 [0] NCCL INFO channel.cc:27 Cuda Alloc Size 32 pointer 0x2b8a75c51000
c197-092:14053:16907 [0] NCCL INFO Mem Realloc old size 0, new size 8 pointer 0x2b8b900009c0
c197-092:14053:16907 [0] NCCL INFO Allocated 4194656 bytes of shared memory in /dev/shm/nccl-jTTGGt

c197-092:14055:16901 [2] NCCL INFO Tree 0 : 4 -> 6 -> 7/-1/-1
c197-092:14056:16903 [3] NCCL INFO Tree 0 : 6 -> 7 -> -1/-1/-1
c197-092:14055:16901 [2] NCCL INFO Tree 1 : -1 -> 6 -> 7/2/-1
c197-092:14056:16903 [3] NCCL INFO Tree 1 : 6 -> 7 -> -1/-1/-1
c197-092:14055:16901 [2] NCCL INFO Ring 00 : 5 -> 6 -> 7
c197-092:14055:16901 [2] NCCL INFO Ring 01 : 5 -> 6 -> 7
c197-092:14056:16903 [3] NCCL INFO Ring 00 : 6 -> 7 -> 0
c197-092:14055:16901 [2] NCCL INFO Trees [0] 7/-1/-1->6->4 [1] 7/2/-1->6->-1
c197-092:14056:16903 [3] NCCL INFO Ring 01 : 6 -> 7 -> 0
c197-092:14055:16901 [2] NCCL INFO misc/utils.cc:235 memory stack hunk malloc(65536)
c197-092:14056:16903 [3] NCCL INFO Trees [0] -1/-1/-1->7->6 [1] -1/-1/-1->7->6
c197-092:14056:16903 [3] NCCL INFO misc/utils.cc:235 memory stack hunk malloc(65536)
c197-092:14056:16903 [3] NCCL INFO channel.cc:23 Cuda Alloc Size 3456 pointer 0x2ac8e9c4c800
c197-092:14055:16901 [2] NCCL INFO channel.cc:23 Cuda Alloc Size 3456 pointer 0x2b7603c4f200
c197-092:14055:16901 [2] NCCL INFO channel.cc:27 Cuda Alloc Size 32 pointer 0x2b7603c50000
c197-092:14056:16903 [3] NCCL INFO channel.cc:27 Cuda Alloc Size 32 pointer 0x2ac8e9c4d600
c197-092:14055:16901 [2] NCCL INFO channel.cc:23 Cuda Alloc Size 3456 pointer 0x2b7603c50200
c197-092:14056:16903 [3] NCCL INFO channel.cc:23 Cuda Alloc Size 3456 pointer 0x2ac8e9c4d800
c197-092:14055:16901 [2] NCCL INFO channel.cc:27 Cuda Alloc Size 32 pointer 0x2b7603c51000
c197-092:14056:16903 [3] NCCL INFO channel.cc:27 Cuda Alloc Size 32 pointer 0x2ac8e9c4e600
c197-092:14056:16903 [3] NCCL INFO Allocated 9637888 bytes of shared memory in /dev/shm/nccl-tGFXRq

c197-092:14053:16907 [0] NCCL INFO New proxy recv connection 0 from local rank 0, transport 2
c197-092:14053:16902 [0] NCCL INFO Connection to proxy localRank 0 -> connection 0x2b8b90002010
c197-092:14053:16902 [0] NCCL INFO Channel 00/0 : 5[3000] -> 6[2000] [receive] via NET/IB/0
c197-092:14053:16907 [0] NCCL INFO New proxy recv connection 1 from local rank 0, transport 2
c197-092:14055:16908 [2] NCCL INFO Mem Realloc old size 0, new size 8 pointer 0x2b77200009c0
c197-092:14055:16908 [2] NCCL INFO Allocated 4194656 bytes of shared memory in /dev/shm/nccl-6BMfjJ

c197-092:14054:16904 [1] NCCL INFO Allocated 9637888 bytes of shared memory in /dev/shm/nccl-klANNq

c197-092:14055:16908 [2] NCCL INFO New proxy recv connection 0 from local rank 0, transport 2
c197-092:14055:16901 [2] NCCL INFO Connection to proxy localRank 0 -> connection 0x2b7720002010
c197-092:14055:16901 [2] NCCL INFO Channel 00/0 : 5[83000] -> 6[82000] [receive] via NET/IB/0
c197-092:14055:16908 [2] NCCL INFO New proxy recv connection 1 from local rank 0, transport 2
c197-092:14056:16903 [3] NCCL INFO Allocated 9637888 bytes of shared memory in /dev/shm/nccl-MBPU3g

c197-092:14054:16906 [1] NCCL INFO Mem Realloc old size 0, new size 8 pointer 0x2b23400009c0
c197-092:14054:16906 [1] NCCL INFO Allocated 4194656 bytes of shared memory in /dev/shm/nccl-u789Zg

c197-092:14054:16906 [1] NCCL INFO New proxy send connection 0 from local rank 1, transport 2
c197-092:14054:16904 [1] NCCL INFO Connection to proxy localRank 1 -> connection 0x2b2340002010
c197-092:14054:16904 [1] NCCL INFO Channel 00/0 : 7[3000] -> 0[2000] [send] via NET/IB/0
c197-092:14054:16906 [1] NCCL INFO New proxy send connection 1 from local rank 1, transport 2
c197-092:14056:16905 [3] NCCL INFO Mem Realloc old size 0, new size 8 pointer 0x2ac9d40009c0
c197-092:14056:16905 [3] NCCL INFO Allocated 4194656 bytes of shared memory in /dev/shm/nccl-V27ih7

c197-092:14056:16905 [3] NCCL INFO New proxy send connection 0 from local rank 1, transport 2
c197-092:14056:16903 [3] NCCL INFO Connection to proxy localRank 1 -> connection 0x2ac9d4002010
c197-092:14056:16903 [3] NCCL INFO Channel 00/0 : 7[83000] -> 0[82000] [send] via NET/IB/0
c197-092:14056:16905 [3] NCCL INFO New proxy send connection 1 from local rank 1, transport 2
c197-092:14053:16902 [0] NCCL INFO Connection to proxy localRank 0 -> connection 0x2b8b90002050
c197-092:14053:16902 [0] NCCL INFO Channel 01/0 : 5[3000] -> 6[2000] [receive] via NET/IB/0
c197-092:14053:16902 [0] NCCL INFO Allocated 4096 bytes of shared memory in /dev/shm/nccl-vWL4Wj

c197-092:14053:16902 [0] NCCL INFO Channel 00 : 6[2000] -> 7[3000] via SHM/direct/direct
c197-092:14053:16902 [0] NCCL INFO Allocated 4096 bytes of shared memory in /dev/shm/nccl-ug1wda

c197-092:14053:16902 [0] NCCL INFO Channel 01 : 6[2000] -> 7[3000] via SHM/direct/direct
c197-092:14055:16901 [2] NCCL INFO Connection to proxy localRank 0 -> connection 0x2b7720002050
c197-092:14055:16901 [2] NCCL INFO Channel 01/0 : 5[83000] -> 6[82000] [receive] via NET/IB/0
c197-092:14055:16901 [2] NCCL INFO Allocated 4096 bytes of shared memory in /dev/shm/nccl-8kwcAz

c197-092:14055:16901 [2] NCCL INFO Channel 00 : 6[82000] -> 7[83000] via SHM/direct/direct
c197-092:14055:16901 [2] NCCL INFO Allocated 4096 bytes of shared memory in /dev/shm/nccl-Ed8bRp

c197-092:14055:16901 [2] NCCL INFO Channel 01 : 6[82000] -> 7[83000] via SHM/direct/direct
c197-092:14054:16904 [1] NCCL INFO Connection to proxy localRank 1 -> connection 0x2b2340002050
c197-092:14054:16904 [1] NCCL INFO Channel 01/0 : 7[3000] -> 0[2000] [send] via NET/IB/0
c197-092:14054:16906 [1] NCCL INFO transport/net_ib.cc:596 Ib Alloc Size 26560 pointer 0x2b2340014000
c197-092:14054:16906 [1] NCCL INFO NET/IB: Dev 0 Port 1 qpn 71876 mtu 5 LID 4
c197-092:14054:16906 [1] NCCL INFO transport/net_ib.cc:653 Ib Alloc Size 552 pointer 0x2b234001c000
c197-092:14056:16903 [3] NCCL INFO Connection to proxy localRank 1 -> connection 0x2ac9d4002050
c197-092:14056:16903 [3] NCCL INFO Channel 01/0 : 7[83000] -> 0[82000] [send] via NET/IB/0
c197-092:14054:16906 [1] NCCL INFO transport/net.cc:571 Cuda Host Alloc Size 9641984 pointer 0x2b2319400000
c197-092:14056:16905 [3] NCCL INFO transport/net_ib.cc:596 Ib Alloc Size 26560 pointer 0x2ac9d4014000
c197-092:14053:16907 [0] NCCL INFO transport/net_ib.cc:683 Ib Alloc Size 21688 pointer 0x2b8b90014000
c197-092:14053:16907 [0] NCCL INFO transport/net_ib.cc:696 Ib Alloc Size 552 pointer 0x2b8b9001b000
c197-092:14054:16906 [1] NCCL INFO transport/net_ib.cc:596 Ib Alloc Size 26560 pointer 0x2b234001c000
c197-092:14053:16907 [0] NCCL INFO transport/net_ib.cc:771 Ib Alloc Size 552 pointer 0x2b8b9001d000
c197-092:14056:16905 [3] NCCL INFO NET/IB: Dev 0 Port 1 qpn 71877 mtu 5 LID 4
c197-092:14056:16905 [3] NCCL INFO transport/net_ib.cc:653 Ib Alloc Size 552 pointer 0x2ac9d401c000
c197-092:14054:16906 [1] NCCL INFO NET/IB: Dev 0 Port 1 qpn 71879 mtu 5 LID 4
c197-092:14054:16906 [1] NCCL INFO transport/net_ib.cc:653 Ib Alloc Size 552 pointer 0x2b2340024000
c197-092:14055:16908 [2] NCCL INFO transport/net_ib.cc:683 Ib Alloc Size 21688 pointer 0x2b7720014000
c197-092:14055:16908 [2] NCCL INFO transport/net_ib.cc:696 Ib Alloc Size 552 pointer 0x2b772001b000
c197-092:14055:16908 [2] NCCL INFO transport/net_ib.cc:771 Ib Alloc Size 552 pointer 0x2b772001d000
c197-092:14053:16907 [0] NCCL INFO transport/net.cc:698 Cuda Host Alloc Size 9641984 pointer 0x2b8b79000000
c197-092:14054:16906 [1] NCCL INFO transport/net.cc:571 Cuda Host Alloc Size 9641984 pointer 0x2b2309200000
c197-092:14055:16908 [2] NCCL INFO transport/net.cc:698 Cuda Host Alloc Size 9641984 pointer 0x2b7707000000
c197-092:14053:16907 [0] NCCL INFO transport/net_ib.cc:683 Ib Alloc Size 21688 pointer 0x2b8b9001d000
c197-092:14053:16907 [0] NCCL INFO transport/net_ib.cc:696 Ib Alloc Size 552 pointer 0x2b8b90024000
c197-092:14055:16908 [2] NCCL INFO transport/net_ib.cc:683 Ib Alloc Size 21688 pointer 0x2b772001d000
c197-092:14055:16908 [2] NCCL INFO transport/net_ib.cc:696 Ib Alloc Size 552 pointer 0x2b7720024000
c197-092:14054:16904 [1] NCCL INFO Connected all rings
c197-092:14054:16904 [1] NCCL INFO Allocated 4096 bytes of shared memory in /dev/shm/nccl-F4z5k7

c197-092:14054:16904 [1] NCCL INFO Channel 00 : 7[3000] -> 6[2000] via SHM/direct/direct
c197-092:14054:16904 [1] NCCL INFO Allocated 4096 bytes of shared memory in /dev/shm/nccl-b0o2FX

c197-092:14054:16904 [1] NCCL INFO Channel 01 : 7[3000] -> 6[2000] via SHM/direct/direct
c197-092:14053:16907 [0] NCCL INFO transport/net_ib.cc:771 Ib Alloc Size 552 pointer 0x2b8b90024000
c197-092:14056:16905 [3] NCCL INFO transport/net.cc:571 Cuda Host Alloc Size 9641984 pointer 0x2ac9ad400000
c197-092:14055:16908 [2] NCCL INFO transport/net_ib.cc:771 Ib Alloc Size 552 pointer 0x2b7720024000
c197-092:14056:16905 [3] NCCL INFO transport/net_ib.cc:596 Ib Alloc Size 26560 pointer 0x2ac9d401c000
c197-092:14056:16905 [3] NCCL INFO NET/IB: Dev 0 Port 1 qpn 71883 mtu 5 LID 4
c197-092:14056:16905 [3] NCCL INFO transport/net_ib.cc:653 Ib Alloc Size 552 pointer 0x2ac9d4024000
c197-092:14053:16907 [0] NCCL INFO transport/net.cc:698 Cuda Host Alloc Size 9641984 pointer 0x2b8b69200000
c197-092:14055:16908 [2] NCCL INFO transport/net.cc:698 Cuda Host Alloc Size 9641984 pointer 0x2b76f7200000
c197-092:14053:16902 [0] NCCL INFO Connected all rings
c197-092:14053:16907 [0] NCCL INFO New proxy recv connection 2 from local rank 0, transport 2
c197-092:14055:16901 [2] NCCL INFO Connected all rings
c197-092:14055:16908 [2] NCCL INFO New proxy recv connection 2 from local rank 0, transport 2
c197-092:14056:16905 [3] NCCL INFO transport/net.cc:571 Cuda Host Alloc Size 9641984 pointer 0x2ac99d200000
c197-092:14056:16903 [3] NCCL INFO Connected all rings
c197-092:14056:16903 [3] NCCL INFO Allocated 4096 bytes of shared memory in /dev/shm/nccl-HiefEX

c197-092:14056:16903 [3] NCCL INFO Channel 00 : 7[83000] -> 6[82000] via SHM/direct/direct
c197-092:14056:16903 [3] NCCL INFO Allocated 4096 bytes of shared memory in /dev/shm/nccl-lQAc1N

c197-092:14056:16903 [3] NCCL INFO Channel 01 : 7[83000] -> 6[82000] via SHM/direct/direct
c197-092:14053:16902 [0] NCCL INFO Connection to proxy localRank 0 -> connection 0x2b8b90002090
c197-092:14053:16902 [0] NCCL INFO Channel 00/0 : 4[2000] -> 6[2000] [receive] via NET/IB/0
c197-092:14055:16901 [2] NCCL INFO Connection to proxy localRank 0 -> connection 0x2b7720002090
c197-092:14055:16901 [2] NCCL INFO Channel 00/0 : 4[82000] -> 6[82000] [receive] via NET/IB/0
c197-092:14055:16908 [2] NCCL INFO transport/net_ib.cc:683 Ib Alloc Size 21688 pointer 0x2b7720029000
c197-092:14055:16908 [2] NCCL INFO transport/net_ib.cc:696 Ib Alloc Size 552 pointer 0x2b7720030000
c197-092:14055:16908 [2] NCCL INFO transport/net_ib.cc:771 Ib Alloc Size 552 pointer 0x2b7720030000
c197-092:14053:16907 [0] NCCL INFO transport/net_ib.cc:683 Ib Alloc Size 21688 pointer 0x2b8b90029000
c197-092:14053:16907 [0] NCCL INFO transport/net_ib.cc:696 Ib Alloc Size 552 pointer 0x2b8b90030000
c197-092:14053:16907 [0] NCCL INFO transport/net_ib.cc:771 Ib Alloc Size 552 pointer 0x2b8b90030000
c197-092:14055:16908 [2] NCCL INFO transport/net.cc:698 Cuda Host Alloc Size 9641984 pointer 0x2b76ef200000
c197-092:14055:16908 [2] NCCL INFO New proxy recv connection 3 from local rank 0, transport 2
c197-092:14053:16907 [0] NCCL INFO transport/net.cc:698 Cuda Host Alloc Size 9641984 pointer 0x2b8b61200000
c197-092:14053:16907 [0] NCCL INFO New proxy recv connection 3 from local rank 0, transport 2
c197-092:14055:16901 [2] NCCL INFO Connection to proxy localRank 0 -> connection 0x2b77200020d0
c197-092:14055:16901 [2] NCCL INFO Channel 01/0 : 2[82000] -> 6[82000] [receive] via NET/IB/0
c197-092:14055:16908 [2] NCCL INFO New proxy send connection 4 from local rank 0, transport 2
c197-092:14053:16902 [0] NCCL INFO Connection to proxy localRank 0 -> connection 0x2b8b900020d0
c197-092:14053:16902 [0] NCCL INFO Channel 01/0 : 2[2000] -> 6[2000] [receive] via NET/IB/0
c197-092:14053:16907 [0] NCCL INFO New proxy send connection 4 from local rank 0, transport 2
c197-092:14055:16901 [2] NCCL INFO Connection to proxy localRank 0 -> connection 0x2b7720002110
c197-092:14055:16901 [2] NCCL INFO Channel 01/0 : 6[82000] -> 2[82000] [send] via NET/IB/0
c197-092:14053:16902 [0] NCCL INFO Connection to proxy localRank 0 -> connection 0x2b8b90002110
c197-092:14053:16902 [0] NCCL INFO Channel 01/0 : 6[2000] -> 2[2000] [send] via NET/IB/0
c197-092:14053:16907 [0] NCCL INFO transport/net_ib.cc:596 Ib Alloc Size 26560 pointer 0x2b8b9003a000
c197-092:14053:16907 [0] NCCL INFO NET/IB: Dev 0 Port 1 qpn 71886 mtu 5 LID 4
c197-092:14053:16907 [0] NCCL INFO transport/net_ib.cc:653 Ib Alloc Size 552 pointer 0x2b8b90042000
c197-092:14055:16908 [2] NCCL INFO transport/net_ib.cc:596 Ib Alloc Size 26560 pointer 0x2b772003a000
c197-092:14055:16908 [2] NCCL INFO NET/IB: Dev 0 Port 1 qpn 71887 mtu 5 LID 4
c197-092:14055:16908 [2] NCCL INFO transport/net_ib.cc:653 Ib Alloc Size 552 pointer 0x2b7720042000
c197-092:14053:16907 [0] NCCL INFO transport/net.cc:571 Cuda Host Alloc Size 9641984 pointer 0x2b8b98000000
c197-092:14053:16907 [0] NCCL INFO Mem Realloc old size 1536, new size 3072 pointer 0x2b8b90042ca0
c197-092:14053:16907 [0] NCCL INFO transport/net_ib.cc:683 Ib Alloc Size 21688 pointer 0x2b8b90044000
c197-092:14053:16907 [0] NCCL INFO transport/net_ib.cc:696 Ib Alloc Size 552 pointer 0x2b8b9004b000
c197-092:14053:16907 [0] NCCL INFO transport/net_ib.cc:771 Ib Alloc Size 552 pointer 0x2b8b9004b000
c197-092:14055:16908 [2] NCCL INFO transport/net.cc:571 Cuda Host Alloc Size 9641984 pointer 0x2b76e7200000
c197-092:14055:16908 [2] NCCL INFO transport/net_ib.cc:683 Ib Alloc Size 21688 pointer 0x2b7720043000
c197-092:14055:16908 [2] NCCL INFO transport/net_ib.cc:696 Ib Alloc Size 552 pointer 0x2b772004a000
c197-092:14055:16908 [2] NCCL INFO transport/net_ib.cc:771 Ib Alloc Size 552 pointer 0x2b772004a000
c197-092:14053:16907 [0] NCCL INFO transport/net.cc:698 Cuda Host Alloc Size 9641984 pointer 0x2b8b98a00000
c197-092:14053:16907 [0] NCCL INFO New proxy send connection 5 from local rank 0, transport 2
c197-092:14055:16908 [2] NCCL INFO transport/net.cc:698 Cuda Host Alloc Size 9641984 pointer 0x2b7710000000
c197-092:14055:16908 [2] NCCL INFO New proxy send connection 5 from local rank 0, transport 2
c197-092:14053:16902 [0] NCCL INFO Connection to proxy localRank 0 -> connection 0x2b8b90002150
c197-092:14053:16902 [0] NCCL INFO Channel 00/0 : 6[2000] -> 4[2000] [send] via NET/IB/0
c197-092:14053:16907 [0] NCCL INFO transport/net_ib.cc:596 Ib Alloc Size 26560 pointer 0x2b8b90056000
c197-092:14053:16907 [0] NCCL INFO NET/IB: Dev 0 Port 1 qpn 71890 mtu 5 LID 4
c197-092:14053:16907 [0] NCCL INFO transport/net_ib.cc:653 Ib Alloc Size 552 pointer 0x2b8b9000f000
c197-092:14055:16901 [2] NCCL INFO Connection to proxy localRank 0 -> connection 0x2b7720002150
c197-092:14055:16901 [2] NCCL INFO Channel 00/0 : 6[82000] -> 4[82000] [send] via NET/IB/0
c197-092:14055:16908 [2] NCCL INFO transport/net_ib.cc:596 Ib Alloc Size 26560 pointer 0x2b7720055000
c197-092:14055:16908 [2] NCCL INFO NET/IB: Dev 0 Port 1 qpn 71891 mtu 5 LID 4
c197-092:14055:16908 [2] NCCL INFO transport/net_ib.cc:653 Ib Alloc Size 552 pointer 0x2b772000f000
c197-092:14053:16907 [0] NCCL INFO transport/net.cc:571 Cuda Host Alloc Size 9641984 pointer 0x2b8b99400000
c197-092:14053:16902 [0] NCCL INFO Allocated 9637888 bytes of shared memory in /dev/shm/nccl-SMN760

c197-092:14055:16908 [2] NCCL INFO transport/net.cc:571 Cuda Host Alloc Size 9641984 pointer 0x2b7710a00000
c197-092:14055:16901 [2] NCCL INFO Allocated 9637888 bytes of shared memory in /dev/shm/nccl-wxgsLg

c197-092:14053:16902 [0] NCCL INFO Allocated 9637888 bytes of shared memory in /dev/shm/nccl-xI6D1R

c197-092:14055:16901 [2] NCCL INFO Allocated 9637888 bytes of shared memory in /dev/shm/nccl-8thGG7

c197-092:14053:16902 [0] NCCL INFO Connected all trees
c197-092:14053:16902 [0] NCCL INFO threadThresholds 8/8/64 | 64/8/64 | 512 | 512
c197-092:14053:16902 [0] NCCL INFO 2 coll channels, 2 p2p channels, 2 p2p channels per peer
c197-092:14053:16907 [0] NCCL INFO New proxy send connection 6 from local rank 0, transport 2
c197-092:14054:16904 [1] NCCL INFO Connected all trees
c197-092:14054:16904 [1] NCCL INFO threadThresholds 8/8/64 | 64/8/64 | 512 | 512
c197-092:14054:16904 [1] NCCL INFO 2 coll channels, 2 p2p channels, 2 p2p channels per peer
c197-092:14054:16904 [1] NCCL INFO Connection to proxy localRank 1 -> connection 0x2b2340002090
c197-092:14054:16906 [1] NCCL INFO New proxy send connection 2 from local rank 1, transport 2
c197-092:14054:16906 [1] NCCL INFO transport/net.cc:376 Cuda Alloc Size 4194304 pointer 0x2b2309c00000
c197-092:14055:16901 [2] NCCL INFO Connected all trees
c197-092:14055:16901 [2] NCCL INFO threadThresholds 8/8/64 | 64/8/64 | 512 | 512
c197-092:14055:16901 [2] NCCL INFO 2 coll channels, 2 p2p channels, 2 p2p channels per peer
c197-092:14055:16908 [2] NCCL INFO New proxy send connection 6 from local rank 0, transport 2
c197-092:14056:16903 [3] NCCL INFO Connected all trees
c197-092:14056:16903 [3] NCCL INFO threadThresholds 8/8/64 | 64/8/64 | 512 | 512
c197-092:14056:16903 [3] NCCL INFO 2 coll channels, 2 p2p channels, 2 p2p channels per peer
c197-092:14056:16903 [3] NCCL INFO Connection to proxy localRank 1 -> connection 0x2ac9d4002090
c197-092:14056:16905 [3] NCCL INFO New proxy send connection 2 from local rank 1, transport 2
c197-092:14056:16905 [3] NCCL INFO transport/net.cc:376 Cuda Alloc Size 4194304 pointer 0x2ac99dc00000
c197-092:14053:16902 [0] NCCL INFO Connection to proxy localRank 0 -> connection 0x2b8b90002190
c197-092:14054:16904 [1] NCCL INFO init.cc:367 Cuda Alloc Size 5168 pointer 0x2b224fc4e800
c197-092:14053:16907 [0] NCCL INFO transport/net.cc:376 Cuda Alloc Size 4194304 pointer 0x2b8b79a00000
c197-092:14053:16902 [0] NCCL INFO init.cc:367 Cuda Alloc Size 5168 pointer 0x2b8a75c51200
c197-092:14055:16901 [2] NCCL INFO Connection to proxy localRank 0 -> connection 0x2b7720002190
c197-092:14056:16903 [3] NCCL INFO init.cc:367 Cuda Alloc Size 5168 pointer 0x2ac8e9c4e800
c197-092:14055:16908 [2] NCCL INFO transport/net.cc:376 Cuda Alloc Size 4194304 pointer 0x2b7711400000
c197-092:14055:16901 [2] NCCL INFO init.cc:367 Cuda Alloc Size 5168 pointer 0x2b7603c51200
c197-092:14054:16904 [1] NCCL INFO init.cc:392 Cuda Host Alloc Size 33554432 pointer 0x2b232c000000
c197-092:14054:16904 [1] NCCL INFO init.cc:398 Cuda Host Alloc Size 128 pointer 0x2b224f209200
c197-092:14054:16904 [1] NCCL INFO comm 0x1e59b890 rank 7 nranks 8 cudaDev 1 busId 3000 - Init COMPLETE
c197-092:14053:16902 [0] NCCL INFO init.cc:392 Cuda Host Alloc Size 33554432 pointer 0x2b8b9a000000
c197-092:14053:16902 [0] NCCL INFO init.cc:398 Cuda Host Alloc Size 128 pointer 0x2b8a7534b600
c197-092:14054:14054 [1] NCCL INFO AllReduce: opCount 0 sendbuff 0x2b2248d28200 recvbuff 0x2b2248d28200 count 1 datatype 7 op 2 root 0 comm 0x1e59b890 [nranks=8] stream 0xa4ca340
c197-092:14054:14054 [1] NCCL INFO misc/utils.cc:235 memory stack hunk malloc(65536)
c197-092:14053:16902 [0] NCCL INFO comm 0x1d1bfce0 rank 6 nranks 8 cudaDev 0 busId 2000 - Init COMPLETE
c197-092:14053:14053 [0] NCCL INFO AllReduce: opCount 0 sendbuff 0x2b8a6ad28200 recvbuff 0x2b8a6ad28200 count 1 datatype 7 op 2 root 0 comm 0x1d1bfce0 [nranks=8] stream 0x9258270
c197-092:14053:14053 [0] NCCL INFO misc/utils.cc:235 memory stack hunk malloc(65536)
c197-092:14056:16903 [3] NCCL INFO init.cc:392 Cuda Host Alloc Size 33554432 pointer 0x2ac9dc000000
c197-092:14056:16903 [3] NCCL INFO init.cc:398 Cuda Host Alloc Size 128 pointer 0x2ac8e9209200
c197-092:14056:16903 [3] NCCL INFO comm 0x1e492ba0 rank 7 nranks 8 cudaDev 3 busId 83000 - Init COMPLETE
c197-092:14055:16901 [2] NCCL INFO init.cc:392 Cuda Host Alloc Size 33554432 pointer 0x2b7728000000
c197-092:14056:14056 [3] NCCL INFO AllReduce: opCount 0 sendbuff 0x2ac8ded28200 recvbuff 0x2ac8ded28200 count 1 datatype 7 op 2 root 0 comm 0x1e492ba0 [nranks=8] stream 0xa3d5380
c197-092:14056:14056 [3] NCCL INFO misc/utils.cc:235 memory stack hunk malloc(65536)
c197-092:14055:16901 [2] NCCL INFO init.cc:398 Cuda Host Alloc Size 128 pointer 0x2b760334b600
c197-092:14055:16901 [2] NCCL INFO comm 0x1c89a4d0 rank 6 nranks 8 cudaDev 2 busId 82000 - Init COMPLETE
c197-092:14055:14055 [2] NCCL INFO AllReduce: opCount 0 sendbuff 0x2b75f8d28200 recvbuff 0x2b75f8d28200 count 1 datatype 7 op 2 root 0 comm 0x1c89a4d0 [nranks=8] stream 0x8931240
c197-092:14055:14055 [2] NCCL INFO misc/utils.cc:235 memory stack hunk malloc(65536)
 iteration        1/     100 | consumed samples:           16 | elapsed time per iteration (ms): 7436.8 | learning rate: 0.000E+00 | global batch size:    16 | loss scale: 4294967296.0 | number of skipped iterations:   1 | number of nan iterations:   0 |
time (ms) | forward-compute: 750.50 | forward-recv: 1974.71 | backward-compute: 1049.99 | backward-send: 48.44 | backward-params-all-reduce: 22.05 | backward-embedding-all-reduce: 3083.98 | optimizer-copy-to-main-grad: 1.63 | optimizer-unscale-and-check-inf: 498.30 | optimizer: 500.14 | batch-generator: 23.84
c197-092:14056:14056 [3] NCCL INFO Recv: opCount b sendbuff (nil) recvbuff 0x2ac925000000 count 2097152 datatype 6 op 0 root 11 comm 0xcc66160 [nranks=16] stream 0xcad5fc0
c197-092:14055:14055 [2] NCCL INFO Recv: opCount b sendbuff (nil) recvbuff 0x2b7641000000 count 2097152 datatype 6 op 0 root 10 comm 0xafc0e40 [nranks=16] stream 0x9324b10
c197-092:14054:14054 [1] NCCL INFO Recv: opCount b sendbuff (nil) recvbuff 0x2b228d000000 count 2097152 datatype 6 op 0 root 9 comm 0xcd71f80 [nranks=16] stream 0xb0d5c50
c197-092:14053:14053 [0] NCCL INFO Recv: opCount b sendbuff (nil) recvbuff 0x2b8ab5000000 count 2097152 datatype 6 op 0 root 8 comm 0xb8e7e70 [nranks=16] stream 0x9c4bb40
c197-092:14055:14055 [2] NCCL INFO AllGather: opCount 20 sendbuff 0x2b7641000000 recvbuff 0x2b76c7800000 count 4194304 datatype 0 op 0 root 0 comm 0xed9d140 [nranks=2] stream 0x8450810
c197-092:14056:14056 [3] NCCL INFO AllGather: opCount 20 sendbuff 0x2ac925000000 recvbuff 0x2ac92b400000 count 4194304 datatype 0 op 0 root 0 comm 0xfc9c9c0 [nranks=2] stream 0xb0ae2d0
c197-092:14056:14056 [3] NCCL INFO Broadcast: opCount 21 sendbuff 0x2ac8dec00400 recvbuff 0x2ac8dec00400 count 240 datatype 0 op 0 root 0 comm 0xfc9c9c0 [nranks=2] stream 0xb0ae2d0
c197-092:14055:14055 [2] NCCL INFO Broadcast: opCount 21 sendbuff 0x2b75f8c00400 recvbuff 0x2b75f8c00400 count 240 datatype 0 op 0 root 0 comm 0xed9d140 [nranks=2] stream 0x8450810
c197-092:14056:14056 [3] NCCL INFO Broadcast: opCount 22 sendbuff 0x2ac8ded7d000 recvbuff 0x2ac8ded7d000 count 163904 datatype 0 op 0 root 0 comm 0xfc9c9c0 [nranks=2] stream 0xb0ae2d0
c197-092:14055:14055 [2] NCCL INFO Broadcast: opCount 22 sendbuff 0x2b75f8d7d000 recvbuff 0x2b75f8d7d000 count 163904 datatype 0 op 0 root 0 comm 0xed9d140 [nranks=2] stream 0x8450810
c197-092:14056:14056 [3] NCCL INFO AllReduce: opCount 23 sendbuff 0x2ac952000000 recvbuff 0x2ac952000000 count 4194304 datatype 6 op 0 root 0 comm 0xfc9c9c0 [nranks=2] stream 0xb0ae2d0
c197-092:14055:14055 [2] NCCL INFO AllReduce: opCount 23 sendbuff 0x2b7671200000 recvbuff 0x2b7671200000 count 4194304 datatype 6 op 0 root 0 comm 0xed9d140 [nranks=2] stream 0x8450810
c197-092:14056:14056 [3] NCCL INFO AllReduce: opCount 24 sendbuff 0x2ac953800000 recvbuff 0x2ac953800000 count 4194304 datatype 6 op 0 root 0 comm 0xfc9c9c0 [nranks=2] stream 0xb0ae2d0
c197-092:14055:14055 [2] NCCL INFO AllReduce: opCount 24 sendbuff 0x2b76ad000000 recvbuff 0x2b76ad000000 count 4194304 datatype 6 op 0 root 0 comm 0xed9d140 [nranks=2] stream 0x8450810
c197-092:14056:14056 [3] NCCL INFO AllReduce: opCount 25 sendbuff 0x2ac959000000 recvbuff 0x2ac959000000 count 4194304 datatype 6 op 0 root 0 comm 0xfc9c9c0 [nranks=2] stream 0xb0ae2d0
c197-092:14056:14056 [3] NCCL INFO AllReduce: opCount 26 sendbuff 0x2ac960800000 recvbuff 0x2ac960800000 count 4194304 datatype 6 op 0 root 0 comm 0xfc9c9c0 [nranks=2] stream 0xb0ae2d0
c197-092:14055:14055 [2] NCCL INFO AllReduce: opCount 25 sendbuff 0x2b76ae800000 recvbuff 0x2b76ae800000 count 4194304 datatype 6 op 0 root 0 comm 0xed9d140 [nranks=2] stream 0x8450810
c197-092:14055:14055 [2] NCCL INFO AllReduce: opCount 26 sendbuff 0x2b76ba000000 recvbuff 0x2b76ba000000 count 4194304 datatype 6 op 0 root 0 comm 0xed9d140 [nranks=2] stream 0x8450810
c197-092:14056:14056 [3] NCCL INFO AllReduce: opCount 27 sendbuff 0x2ac968800000 recvbuff 0x2ac968800000 count 4194304 datatype 6 op 0 root 0 comm 0xfc9c9c0 [nranks=2] stream 0xb0ae2d0
c197-092:14056:14056 [3] NCCL INFO AllReduce: opCount 28 sendbuff 0x2ac96d000000 recvbuff 0x2ac96d000000 count 4194304 datatype 6 op 0 root 0 comm 0xfc9c9c0 [nranks=2] stream 0xb0ae2d0
c197-092:14053:14053 [0] NCCL INFO AllGather: opCount 20 sendbuff 0x2b8ab5000000 recvbuff 0x2b8abe000000 count 4194304 datatype 0 op 0 root 0 comm 0xf6c43e0 [nranks=2] stream 0x8d77840
c197-092:14054:14054 [1] NCCL INFO AllGather: opCount 20 sendbuff 0x2b228d000000 recvbuff 0x2b2293400000 count 4194304 datatype 0 op 0 root 0 comm 0xfda54e0 [nranks=2] stream 0xb1633f0
c197-092:14055:14055 [2] NCCL INFO AllReduce: opCount 27 sendbuff 0x2b7671200000 recvbuff 0x2b7671200000 count 4194304 datatype 6 op 0 root 0 comm 0xed9d140 [nranks=2] stream 0x8450810
c197-092:14055:14055 [2] NCCL INFO AllReduce: opCount 28 sendbuff 0x2b76c2800000 recvbuff 0x2b76c2800000 count 4194304 datatype 6 op 0 root 0 comm 0xed9d140 [nranks=2] stream 0x8450810
c197-092:14056:14056 [3] NCCL INFO AllReduce: opCount 29 sendbuff 0x2ac977000000 recvbuff 0x2ac977000000 count 4194304 datatype 6 op 0 root 0 comm 0xfc9c9c0 [nranks=2] stream 0xb0ae2d0
c197-092:14054:14054 [1] NCCL INFO Broadcast: opCount 21 sendbuff 0x2b2248c00400 recvbuff 0x2b2248c00400 count 240 datatype 0 op 0 root 0 comm 0xfda54e0 [nranks=2] stream 0xb1633f0
c197-092:14053:14053 [0] NCCL INFO Broadcast: opCount 21 sendbuff 0x2b8a6ac00400 recvbuff 0x2b8a6ac00400 count 240 datatype 0 op 0 root 0 comm 0xf6c43e0 [nranks=2] stream 0x8d77840
c197-092:14056:14056 [3] NCCL INFO AllReduce: opCount 2a sendbuff 0x2ac978800000 recvbuff 0x2ac978800000 count 4194304 datatype 6 op 0 root 0 comm 0xfc9c9c0 [nranks=2] stream 0xb0ae2d0
c197-092:14055:14055 [2] NCCL INFO AllReduce: opCount 29 sendbuff 0x2b76cc800000 recvbuff 0x2b76cc800000 count 4194304 datatype 6 op 0 root 0 comm 0xed9d140 [nranks=2] stream 0x8450810
c197-092:14054:14054 [1] NCCL INFO Broadcast: opCount 22 sendbuff 0x2b2248d7d000 recvbuff 0x2b2248d7d000 count 163904 datatype 0 op 0 root 0 comm 0xfda54e0 [nranks=2] stream 0xb1633f0
c197-092:14053:14053 [0] NCCL INFO Broadcast: opCount 22 sendbuff 0x2b8a6ad7d000 recvbuff 0x2b8a6ad7d000 count 163904 datatype 0 op 0 root 0 comm 0xf6c43e0 [nranks=2] stream 0x8d77840
c197-092:14055:14055 [2] NCCL INFO AllReduce: opCount 2a sendbuff 0x2b76d6000000 recvbuff 0x2b76d6000000 count 4194304 datatype 6 op 0 root 0 comm 0xed9d140 [nranks=2] stream 0x8450810
c197-092:14056:14056 [3] NCCL INFO AllReduce: opCount 2b sendbuff 0x2ac980800000 recvbuff 0x2ac980800000 count 4194304 datatype 6 op 0 root 0 comm 0xfc9c9c0 [nranks=2] stream 0xb0ae2d0
c197-092:14056:14056 [3] NCCL INFO AllReduce: opCount 2c sendbuff 0x2ac98d000000 recvbuff 0x2ac98d000000 count 4194304 datatype 6 op 0 root 0 comm 0xfc9c9c0 [nranks=2] stream 0xb0ae2d0
c197-092:14055:14055 [2] NCCL INFO AllReduce: opCount 2b sendbuff 0x2b76ae800000 recvbuff 0x2b76ae800000 count 4194304 datatype 6 op 0 root 0 comm 0xed9d140 [nranks=2] stream 0x8450810
c197-092:14053:14053 [0] NCCL INFO AllReduce: opCount 23 sendbuff 0x2b8abe800000 recvbuff 0x2b8abe800000 count 4194304 datatype 6 op 0 root 0 comm 0xf6c43e0 [nranks=2] stream 0x8d77840
c197-092:14054:14054 [1] NCCL INFO AllReduce: opCount 23 sendbuff 0x2b22be000000 recvbuff 0x2b22be000000 count 4194304 datatype 6 op 0 root 0 comm 0xfda54e0 [nranks=2] stream 0xb1633f0
c197-092:14055:14055 [2] NCCL INFO AllReduce: opCount 2c sendbuff 0x2b76da800000 recvbuff 0x2b76da800000 count 4194304 datatype 6 op 0 root 0 comm 0xed9d140 [nranks=2] stream 0x8450810
c197-092:14056:14056 [3] NCCL INFO AllReduce: opCount 2d sendbuff 0x2ac94ac00000 recvbuff 0x2ac94ac00000 count 4194304 datatype 6 op 0 root 0 comm 0xfc9c9c0 [nranks=2] stream 0xb0ae2d0
c197-092:14053:14053 [0] NCCL INFO AllReduce: opCount 24 sendbuff 0x2b8b20000000 recvbuff 0x2b8b20000000 count 4194304 datatype 6 op 0 root 0 comm 0xf6c43e0 [nranks=2] stream 0x8d77840
c197-092:14054:14054 [1] NCCL INFO AllReduce: opCount 24 sendbuff 0x2b22bf800000 recvbuff 0x2b22bf800000 count 4194304 datatype 6 op 0 root 0 comm 0xfda54e0 [nranks=2] stream 0xb1633f0
c197-092:14056:14056 [3] NCCL INFO AllReduce: opCount 2e sendbuff 0x2ac97b800000 recvbuff 0x2ac97b800000 count 4194304 datatype 6 op 0 root 0 comm 0xfc9c9c0 [nranks=2] stream 0xb0ae2d0
c197-092:14055:14055 [2] NCCL INFO AllReduce: opCount 2d sendbuff 0x2b76e3800000 recvbuff 0x2b76e3800000 count 4194304 datatype 6 op 0 root 0 comm 0xed9d140 [nranks=2] stream 0x8450810
