c197-081:17182:19042 [3] NCCL INFO channel.cc:27 Cuda Alloc Size 4 pointer 0x2ac59bc20200
c197-081:17180:19040 [1] NCCL INFO channel.cc:27 Cuda Alloc Size 4 pointer 0x2b421fc1c400
c197-081:17182:19042 [3] NCCL INFO channel.cc:23 Cuda Alloc Size 768 pointer 0x2ac59bc20400
c197-081:17180:19040 [1] NCCL INFO channel.cc:23 Cuda Alloc Size 768 pointer 0x2b421fc1c600
c197-081:17182:19042 [3] NCCL INFO channel.cc:27 Cuda Alloc Size 4 pointer 0x2ac59bc20800
c197-081:17180:19040 [1] NCCL INFO channel.cc:27 Cuda Alloc Size 4 pointer 0x2b421fc1ca00
c197-081:17182:19042 [3] NCCL INFO channel.cc:23 Cuda Alloc Size 768 pointer 0x2ac59bc20a00
c197-081:17182:19042 [3] NCCL INFO channel.cc:27 Cuda Alloc Size 4 pointer 0x2ac59bc20e00
c197-081:17180:19040 [1] NCCL INFO channel.cc:23 Cuda Alloc Size 768 pointer 0x2b421fc1cc00
c197-081:17182:19042 [3] NCCL INFO channel.cc:23 Cuda Alloc Size 768 pointer 0x2ac59bc21000
c197-081:17180:19040 [1] NCCL INFO channel.cc:27 Cuda Alloc Size 4 pointer 0x2b421fc1d000
c197-081:17180:19040 [1] NCCL INFO channel.cc:23 Cuda Alloc Size 768 pointer 0x2b421fc1d200
c197-081:17182:19042 [3] NCCL INFO channel.cc:27 Cuda Alloc Size 4 pointer 0x2ac59bc21400
c197-081:17180:19040 [1] NCCL INFO channel.cc:27 Cuda Alloc Size 4 pointer 0x2b421fc1d600
c197-081:17179:19044 [0] NCCL INFO Mem Realloc old size 0, new size 8 pointer 0x2ae5640013f0
c197-081:17182:19042 [3] NCCL INFO channel.cc:23 Cuda Alloc Size 768 pointer 0x2ac59bc21600
c197-081:17180:19040 [1] NCCL INFO channel.cc:23 Cuda Alloc Size 768 pointer 0x2b421fc1d800
c197-081:17182:19042 [3] NCCL INFO channel.cc:27 Cuda Alloc Size 4 pointer 0x2ac59bc21a00
c197-081:17180:19040 [1] NCCL INFO channel.cc:27 Cuda Alloc Size 4 pointer 0x2b421fc1dc00
c197-081:17182:19042 [3] NCCL INFO channel.cc:23 Cuda Alloc Size 768 pointer 0x2ac59bc21c00
c197-081:17180:19040 [1] NCCL INFO channel.cc:23 Cuda Alloc Size 768 pointer 0x2b421fc1de00
c197-081:17182:19042 [3] NCCL INFO channel.cc:27 Cuda Alloc Size 4 pointer 0x2ac59bc22000
c197-081:17180:19040 [1] NCCL INFO channel.cc:27 Cuda Alloc Size 4 pointer 0x2b421fc1e200
c197-081:17182:19042 [3] NCCL INFO channel.cc:23 Cuda Alloc Size 768 pointer 0x2ac59bc22200
c197-081:17180:19040 [1] NCCL INFO channel.cc:23 Cuda Alloc Size 768 pointer 0x2b421fc1e400
c197-081:17182:19042 [3] NCCL INFO channel.cc:27 Cuda Alloc Size 4 pointer 0x2ac59bc22600
c197-081:17180:19040 [1] NCCL INFO channel.cc:27 Cuda Alloc Size 4 pointer 0x2b421fc1e800
c197-081:17179:19044 [0] NCCL INFO Allocated 4194656 bytes of shared memory in /dev/shm/nccl-6fHQx9

c197-081:17180:19040 [1] NCCL INFO channel.cc:23 Cuda Alloc Size 768 pointer 0x2b421fc1ea00
c197-081:17180:19040 [1] NCCL INFO channel.cc:27 Cuda Alloc Size 4 pointer 0x2b421fc1ee00
c197-081:17182:19042 [3] NCCL INFO Connected all rings
c197-081:17180:19040 [1] NCCL INFO channel.cc:23 Cuda Alloc Size 768 pointer 0x2b421fc1f000
c197-081:17180:19040 [1] NCCL INFO channel.cc:27 Cuda Alloc Size 4 pointer 0x2b421fc1f400
c197-081:17180:19040 [1] NCCL INFO channel.cc:23 Cuda Alloc Size 768 pointer 0x2b421fc1f600
c197-081:17182:19042 [3] NCCL INFO Connected all trees
c197-081:17180:19040 [1] NCCL INFO channel.cc:27 Cuda Alloc Size 4 pointer 0x2b421fc1fa00
c197-081:17182:19042 [3] NCCL INFO 32 coll channels, 32 p2p channels, 32 p2p channels per peer
c197-081:17180:19040 [1] NCCL INFO channel.cc:23 Cuda Alloc Size 768 pointer 0x2b421fc1fc00
c197-081:17180:19040 [1] NCCL INFO channel.cc:27 Cuda Alloc Size 4 pointer 0x2b421fc20000
c197-081:17180:19040 [1] NCCL INFO Connected all rings
c197-081:17180:19040 [1] NCCL INFO Connected all trees
c197-081:17181:19045 [2] NCCL INFO Mem Realloc old size 0, new size 8 pointer 0x2ba2d0279240
c197-081:17180:19040 [1] NCCL INFO 32 coll channels, 32 p2p channels, 32 p2p channels per peer
c197-081:17181:19045 [2] NCCL INFO Allocated 4194656 bytes of shared memory in /dev/shm/nccl-NvoPnR

c197-081:17182:19046 [3] NCCL INFO Mem Realloc old size 0, new size 8 pointer 0x2ac5ec001ad0
c197-081:17180:19048 [1] NCCL INFO Mem Realloc old size 0, new size 8 pointer 0x2b4250017690
c197-081:17182:19046 [3] NCCL INFO Allocated 4194656 bytes of shared memory in /dev/shm/nccl-pCVpmY

c197-081:17180:19048 [1] NCCL INFO Allocated 4194656 bytes of shared memory in /dev/shm/nccl-ONvKaS

c197-081:17181:19045 [2] NCCL INFO New proxy send connection 0 from local rank 0, transport 2
c197-081:17181:19043 [2] NCCL INFO Connection to proxy localRank 0 -> connection 0x2ba2d028a010
c197-081:17181:19043 [2] NCCL INFO init.cc:367 Cuda Alloc Size 5168 pointer 0x2ba2a3c20200
c197-081:17179:19044 [0] NCCL INFO New proxy send connection 0 from local rank 0, transport 2
c197-081:17179:19041 [0] NCCL INFO Connection to proxy localRank 0 -> connection 0x2ae56428c010
c197-081:17180:19048 [1] NCCL INFO New proxy send connection 0 from local rank 0, transport 2
c197-081:17180:19040 [1] NCCL INFO Connection to proxy localRank 0 -> connection 0x2b4250275010
c197-081:17182:19046 [3] NCCL INFO New proxy send connection 0 from local rank 0, transport 2
c197-081:17182:19042 [3] NCCL INFO Connection to proxy localRank 0 -> connection 0x2ac5ec28e010
c197-081:17179:19041 [0] NCCL INFO init.cc:367 Cuda Alloc Size 5168 pointer 0x2ae533c20200
c197-081:17180:19040 [1] NCCL INFO init.cc:367 Cuda Alloc Size 5168 pointer 0x2b421fc20200
c197-081:17182:19042 [3] NCCL INFO init.cc:367 Cuda Alloc Size 5168 pointer 0x2ac59bc22800
c197-081:17181:19045 [2] NCCL INFO transport/net.cc:376 Cuda Alloc Size 67108864 pointer 0x2ba2fc000000
c197-081:17179:19044 [0] NCCL INFO transport/net.cc:376 Cuda Alloc Size 67108864 pointer 0x2ae58c000000
c197-081:17182:19046 [3] NCCL INFO transport/net.cc:376 Cuda Alloc Size 67108864 pointer 0x2ac618000000
c197-081:17180:19048 [1] NCCL INFO transport/net.cc:376 Cuda Alloc Size 67108864 pointer 0x2b4278000000
c197-081:17181:19043 [2] NCCL INFO init.cc:392 Cuda Host Alloc Size 33554432 pointer 0x2ba300000000
c197-081:17181:19043 [2] NCCL INFO init.cc:398 Cuda Host Alloc Size 128 pointer 0x2ba2a3200e00
c197-081:17181:19043 [2] NCCL INFO comm 0x10437a50 rank 0 nranks 1 cudaDev 2 busId 82000 - Init COMPLETE
c197-081:17181:17181 [2] NCCL INFO Broadcast: opCount 0 sendbuff 0x2ba298c00400 recvbuff 0x2ba298c00400 count 24 datatype 0 op 0 root 0 comm 0x10437a50 [nranks=1] stream 0x9946ba0
c197-081:17182:19042 [3] NCCL INFO init.cc:392 Cuda Host Alloc Size 33554432 pointer 0x2ac61c000000
c197-081:17182:19042 [3] NCCL INFO init.cc:398 Cuda Host Alloc Size 128 pointer 0x2ac59b201200
c197-081:17182:19042 [3] NCCL INFO comm 0x10b82b30 rank 0 nranks 1 cudaDev 3 busId 83000 - Init COMPLETE
c197-081:17179:19041 [0] NCCL INFO init.cc:392 Cuda Host Alloc Size 33554432 pointer 0x2ae590000000
c197-081:17179:19041 [0] NCCL INFO init.cc:398 Cuda Host Alloc Size 128 pointer 0x2ae533200e00
c197-081:17182:17182 [3] NCCL INFO Broadcast: opCount 0 sendbuff 0x2ac590c00400 recvbuff 0x2ac590c00400 count 24 datatype 0 op 0 root 0 comm 0x10b82b30 [nranks=1] stream 0xa6e81e0
c197-081:17179:19041 [0] NCCL INFO comm 0x104294b0 rank 0 nranks 1 cudaDev 0 busId 2000 - Init COMPLETE
c197-081:17179:17179 [0] NCCL INFO Broadcast: opCount 0 sendbuff 0x2ae528c00400 recvbuff 0x2ae528c00400 count 24 datatype 0 op 0 root 0 comm 0x104294b0 [nranks=1] stream 0xbe86700
c197-081:17180:19040 [1] NCCL INFO init.cc:392 Cuda Host Alloc Size 33554432 pointer 0x2b427c000000
c197-081:17180:19040 [1] NCCL INFO init.cc:398 Cuda Host Alloc Size 128 pointer 0x2b421f200e00
c197-081:17180:19040 [1] NCCL INFO comm 0xefdf960 rank 0 nranks 1 cudaDev 1 busId 3000 - Init COMPLETE
c197-081:17180:17180 [1] NCCL INFO Broadcast: opCount 0 sendbuff 0x2b4218c00400 recvbuff 0x2b4218c00400 count 24 datatype 0 op 0 root 0 comm 0xefdf960 [nranks=1] stream 0x85277f0
c197-081:17182:17182 [3] NCCL INFO AllReduce: opCount 7 sendbuff 0x2ac590c1e400 recvbuff 0x2ac590c1e400 count 1 datatype 1 op 0 root 0 comm 0xcdb0b20 [nranks=8] stream 0xb1147f0
c197-081:17179:17179 [0] NCCL INFO AllReduce: opCount 7 sendbuff 0x2ae528c19a00 recvbuff 0x2ae528c19a00 count 1 datatype 1 op 0 root 0 comm 0xc676160 [nranks=8] stream 0x87fcba0
c197-081:17180:17180 [1] NCCL INFO AllReduce: opCount 7 sendbuff 0x2b4218c19a00 recvbuff 0x2b4218c19a00 count 1 datatype 1 op 0 root 0 comm 0xb226d20 [nranks=8] stream 0x958a9f0
c197-081:17181:17181 [2] NCCL INFO AllReduce: opCount 7 sendbuff 0x2ba298c19a00 recvbuff 0x2ba298c19a00 count 1 datatype 1 op 0 root 0 comm 0xc6460d0 [nranks=8] stream 0xa9a9da0
time (ms) | model-and-optimizer-setup: 347.19 | train/valid/test-data-iterators-setup: 666.01
c197-081:17181:17181 [2] NCCL INFO AllReduce: opCount 8 sendbuff 0x2ba298c00400 recvbuff 0x2ba298c00400 count 1 datatype 1 op 0 root 0 comm 0xc6460d0 [nranks=8] stream 0xa9a9da0
c197-081:17179:17179 [0] NCCL INFO AllReduce: opCount 8 sendbuff 0x2ae528c00400 recvbuff 0x2ae528c00400 count 1 datatype 1 op 0 root 0 comm 0xc676160 [nranks=8] stream 0x87fcba0
c197-081:17180:17180 [1] NCCL INFO AllReduce: opCount 8 sendbuff 0x2b4218c00400 recvbuff 0x2b4218c00400 count 1 datatype 1 op 0 root 0 comm 0xb226d20 [nranks=8] stream 0x958a9f0
c197-081:17182:17182 [3] NCCL INFO AllReduce: opCount 8 sendbuff 0x2ac590c00400 recvbuff 0x2ac590c00400 count 1 datatype 1 op 0 root 0 comm 0xcdb0b20 [nranks=8] stream 0xb1147f0
c197-081:17182:17182 [3] NCCL INFO Recv: opCount 9 sendbuff (nil) recvbuff 0x2ac5dc400000 count 4194304 datatype 6 op 0 root 6 comm 0xcdb0b20 [nranks=8] stream 0xb1147f0
c197-081:17181:17181 [2] NCCL INFO Recv: opCount 9 sendbuff (nil) recvbuff 0x2ba2b4c00000 count 4194304 datatype 6 op 0 root 5 comm 0xc6460d0 [nranks=8] stream 0xa9a9da0
c197-081:17179:17179 [0] NCCL INFO Recv: opCount 9 sendbuff (nil) recvbuff 0x2ae548c00000 count 4194304 datatype 6 op 0 root 3 comm 0xc676160 [nranks=8] stream 0x87fcba0
c197-081:17180:17180 [1] NCCL INFO Recv: opCount 9 sendbuff (nil) recvbuff 0x2b4234c00000 count 4194304 datatype 6 op 0 root 4 comm 0xb226d20 [nranks=8] stream 0x958a9f0
c197-081:17182:19472 [3] NCCL INFO Allocated 9637888 bytes of shared memory in /dev/shm/nccl-e1d5Vw

c197-081:17180:19471 [1] NCCL INFO Allocated 9637888 bytes of shared memory in /dev/shm/nccl-JczgOq

c197-081:17181:19469 [2] NCCL INFO Allocated 9637888 bytes of shared memory in /dev/shm/nccl-udUp7p

c197-081:17179:18102 [0] NCCL INFO New proxy recv connection 7 from local rank 0, transport 2
c197-081:17182:19472 [3] NCCL INFO Allocated 9637888 bytes of shared memory in /dev/shm/nccl-q0tzSp

c197-081:17180:19471 [1] NCCL INFO Allocated 9637888 bytes of shared memory in /dev/shm/nccl-FDxUKj

c197-081:17181:19469 [2] NCCL INFO Allocated 9637888 bytes of shared memory in /dev/shm/nccl-Tz7g4i

c197-081:17179:19470 [0] NCCL INFO Connection to proxy localRank 0 -> connection 0x2ae5380021d0
c197-081:17179:19470 [0] NCCL INFO Channel 00/1 : 3[83000] -> 4[2000] [receive] via NET/IB/0/Shared
c197-081:17179:18102 [0] NCCL INFO New proxy recv connection 8 from local rank 0, transport 2
c197-081:17179:19470 [0] NCCL INFO Connection to proxy localRank 0 -> connection 0x2ae538002210
c197-081:17179:19470 [0] NCCL INFO Channel 01/1 : 3[83000] -> 4[2000] [receive] via NET/IB/0/Shared
c197-081:17179:18102 [0] NCCL INFO transport/net_ib.cc:683 Ib Alloc Size 21688 pointer 0x2ae53806e000
c197-081:17179:18102 [0] NCCL INFO transport/net_ib.cc:696 Ib Alloc Size 552 pointer 0x2ae538075000
c197-081:17179:18102 [0] NCCL INFO transport/net_ib.cc:771 Ib Alloc Size 552 pointer 0x2ae538077000
c197-081:17179:18102 [0] NCCL INFO transport/net.cc:382 Cuda Host Alloc Size 4194304 pointer 0x2ae57f800000
c197-081:17179:18102 [0] NCCL INFO transport/net.cc:698 Cuda Host Alloc Size 8192 pointer 0x2ae533343000
c197-081:17179:18102 [0] NCCL INFO transport/net_ib.cc:683 Ib Alloc Size 21688 pointer 0x2ae538078000
c197-081:17179:18102 [0] NCCL INFO transport/net_ib.cc:696 Ib Alloc Size 552 pointer 0x2ae53807f000
c197-081:17179:18102 [0] NCCL INFO transport/net_ib.cc:771 Ib Alloc Size 552 pointer 0x2ae53807f000
c197-081:17179:18102 [0] NCCL INFO transport/net.cc:698 Cuda Host Alloc Size 8192 pointer 0x2ae533345000
c197-081:17179:17179 [0] NCCL INFO AllGather: opCount 0 sendbuff 0x2ae548c00000 recvbuff 0x2ae5b8000000 count 8388608 datatype 0 op 0 root 0 comm 0x104294b0 [nranks=1] stream 0xbe86700
c197-081:17179:17179 [0] NCCL INFO Broadcast: opCount 0 sendbuff 0x2ae528c00400 recvbuff 0x2ae528c00400 count 240 datatype 0 op 0 root 0 comm 0x104294b0 [nranks=1] stream 0xbe86700
c197-081:17179:17179 [0] NCCL INFO Broadcast: opCount 0 sendbuff 0x2ae528c3e600 recvbuff 0x2ae528c3e600 count 163904 datatype 0 op 0 root 0 comm 0x104294b0 [nranks=1] stream 0xbe86700
c197-081:17179:17179 [0] NCCL INFO Send: opCount a sendbuff (nil) recvbuff 0x2ae5ef400000 count 4194304 datatype 6 op 0 root 5 comm 0xc676160 [nranks=8] stream 0x87fcba0
c197-081:17179:19740 [0] NCCL INFO Allocated 4096 bytes of shared memory in /dev/shm/nccl-vVEqvM

c197-081:17179:19740 [0] NCCL INFO Channel 00 : 4[2000] -> 5[3000] via SHM/direct/direct
c197-081:17179:19740 [0] NCCL INFO Allocated 4096 bytes of shared memory in /dev/shm/nccl-GAzJLJ

c197-081:17179:19740 [0] NCCL INFO Channel 01 : 4[2000] -> 5[3000] via SHM/direct/direct
c197-081:17179:17179 [0] NCCL INFO Recv: opCount b sendbuff (nil) recvbuff 0x2ae5d8800000 count 4194304 datatype 6 op 0 root 5 comm 0xc676160 [nranks=8] stream 0x87fcba0
c197-081:17179:19741 [0] NCCL INFO Allocated 9637888 bytes of shared memory in /dev/shm/nccl-wXOF2G

c197-081:17180:17180 [1] NCCL INFO AllGather: opCount 0 sendbuff 0x2b4234c00000 recvbuff 0x2b42a4000000 count 8388608 datatype 0 op 0 root 0 comm 0xefdf960 [nranks=1] stream 0x85277f0
c197-081:17180:17180 [1] NCCL INFO Broadcast: opCount 0 sendbuff 0x2b4218c00400 recvbuff 0x2b4218c00400 count 240 datatype 0 op 0 root 0 comm 0xefdf960 [nranks=1] stream 0x85277f0
c197-081:17180:17180 [1] NCCL INFO Broadcast: opCount 0 sendbuff 0x2b4218c3e600 recvbuff 0x2b4218c3e600 count 163904 datatype 0 op 0 root 0 comm 0xefdf960 [nranks=1] stream 0x85277f0
c197-081:17179:19741 [0] NCCL INFO Allocated 9637888 bytes of shared memory in /dev/shm/nccl-uaqEkE

c197-081:17180:17180 [1] NCCL INFO Send: opCount a sendbuff (nil) recvbuff 0x2b42db400000 count 4194304 datatype 6 op 0 root 6 comm 0xb226d20 [nranks=8] stream 0x958a9f0
c197-081:17180:19743 [1] NCCL INFO Allocated 4096 bytes of shared memory in /dev/shm/nccl-H2RNdh

c197-081:17180:19743 [1] NCCL INFO Channel 00 : 5[3000] -> 6[82000] via SHM/direct/direct
c197-081:17180:19743 [1] NCCL INFO Allocated 4096 bytes of shared memory in /dev/shm/nccl-XUfJGe

c197-081:17180:19743 [1] NCCL INFO Channel 01 : 5[3000] -> 6[82000] via SHM/direct/direct
c197-081:17180:17180 [1] NCCL INFO Recv: opCount b sendbuff (nil) recvbuff 0x2b42c4800000 count 4194304 datatype 6 op 0 root 6 comm 0xb226d20 [nranks=8] stream 0x958a9f0
c197-081:17180:19744 [1] NCCL INFO Allocated 9637888 bytes of shared memory in /dev/shm/nccl-HoNiac

c197-081:17181:17181 [2] NCCL INFO AllGather: opCount 0 sendbuff 0x2ba2b4c00000 recvbuff 0x2ba324000000 count 8388608 datatype 0 op 0 root 0 comm 0x10437a50 [nranks=1] stream 0x9946ba0
c197-081:17181:17181 [2] NCCL INFO Broadcast: opCount 0 sendbuff 0x2ba298c00400 recvbuff 0x2ba298c00400 count 240 datatype 0 op 0 root 0 comm 0x10437a50 [nranks=1] stream 0x9946ba0
c197-081:17181:17181 [2] NCCL INFO Broadcast: opCount 0 sendbuff 0x2ba298c3e600 recvbuff 0x2ba298c3e600 count 163904 datatype 0 op 0 root 0 comm 0x10437a50 [nranks=1] stream 0x9946ba0
c197-081:17180:19744 [1] NCCL INFO Allocated 9637888 bytes of shared memory in /dev/shm/nccl-rxMRE9

c197-081:17181:17181 [2] NCCL INFO Send: opCount a sendbuff (nil) recvbuff 0x2ba35b400000 count 4194304 datatype 6 op 0 root 7 comm 0xc6460d0 [nranks=8] stream 0xa9a9da0
c197-081:17181:19745 [2] NCCL INFO Allocated 4096 bytes of shared memory in /dev/shm/nccl-WmKeKg

c197-081:17181:19745 [2] NCCL INFO Channel 00 : 6[82000] -> 7[83000] via SHM/direct/direct
c197-081:17181:19745 [2] NCCL INFO Allocated 4096 bytes of shared memory in /dev/shm/nccl-STeeqe

c197-081:17181:19745 [2] NCCL INFO Channel 01 : 6[82000] -> 7[83000] via SHM/direct/direct
c197-081:17181:17181 [2] NCCL INFO Recv: opCount b sendbuff (nil) recvbuff 0x2ba344800000 count 4194304 datatype 6 op 0 root 7 comm 0xc6460d0 [nranks=8] stream 0xa9a9da0
c197-081:17181:19746 [2] NCCL INFO Allocated 9637888 bytes of shared memory in /dev/shm/nccl-pmTS6b

c197-081:17182:17182 [3] NCCL INFO AllGather: opCount 0 sendbuff 0x2ac5dc400000 recvbuff 0x2ac5dcc00000 count 8388608 datatype 0 op 0 root 0 comm 0x10b82b30 [nranks=1] stream 0xa6e81e0
c197-081:17182:17182 [3] NCCL INFO Broadcast: opCount 0 sendbuff 0x2ac590c00400 recvbuff 0x2ac590c00400 count 240 datatype 0 op 0 root 0 comm 0x10b82b30 [nranks=1] stream 0xa6e81e0
c197-081:17182:17182 [3] NCCL INFO Broadcast: opCount 0 sendbuff 0x2ac590c7fa00 recvbuff 0x2ac590c7fa00 count 163904 datatype 0 op 0 root 0 comm 0x10b82b30 [nranks=1] stream 0xa6e81e0
c197-081:17181:19746 [2] NCCL INFO Allocated 9637888 bytes of shared memory in /dev/shm/nccl-L2txO9

c197-081:17182:17182 [3] NCCL INFO AllReduce: opCount 0 sendbuff 0x2ac590cefc00 recvbuff 0x2ac590cefc00 count 4096 datatype 7 op 2 root 0 comm 0x10b82b30 [nranks=1] stream 0xa6e81e0
c197-081:17182:17182 [3] NCCL INFO AllReduce: opCount 0 sendbuff 0x2ac590d08c00 recvbuff 0x2ac590d08c00 count 4096 datatype 7 op 0 root 0 comm 0x10b82b30 [nranks=1] stream 0xa6e81e0
c197-081:17182:17182 [3] NCCL INFO AllReduce: opCount 0 sendbuff 0x2ac590d04c00 recvbuff 0x2ac590d04c00 count 4096 datatype 7 op 0 root 0 comm 0x10b82b30 [nranks=1] stream 0xa6e81e0
c197-081:17182:17182 [3] NCCL INFO AllReduce: opCount 0 sendbuff 0x2ac590c38800 recvbuff 0x2ac590c38800 count 2 datatype 7 op 0 root 0 comm 0xfdde210 [nranks=1] stream 0xb1a1f90
c197-081:17182:17182 [3] NCCL INFO Send: opCount a sendbuff (nil) recvbuff 0x2ac659400000 count 4194304 datatype 6 op 0 root 6 comm 0xcdb0b20 [nranks=8] stream 0xb1147f0
c197-081:17182:19868 [3] NCCL INFO Allocated 4096 bytes of shared memory in /dev/shm/nccl-IDNDxq

c197-081:17182:19868 [3] NCCL INFO Channel 00 : 7[83000] -> 6[82000] via SHM/direct/direct
c197-081:17182:19868 [3] NCCL INFO Allocated 4096 bytes of shared memory in /dev/shm/nccl-zqIKcr

c197-081:17182:19868 [3] NCCL INFO Channel 01 : 7[83000] -> 6[82000] via SHM/direct/direct
c197-081:17181:17181 [2] NCCL INFO AllGather: opCount 0 sendbuff 0x2ba344800000 recvbuff 0x2ba35ac00000 count 8388608 datatype 0 op 0 root 0 comm 0x10437a50 [nranks=1] stream 0x9946ba0
c197-081:17182:17182 [3] NCCL INFO AllReduce: opCount 0 sendbuff 0x2ac5ce000000 recvbuff 0x2ac5ce000000 count 69676418 datatype 6 op 0 root 0 comm 0xfdde210 [nranks=1] stream 0xb1a1f90
c197-081:17182:17182 [3] NCCL INFO AllReduce: opCount 1 sendbuff 0x2ac5ce210b04 recvbuff 0x2ac5ce210b04 count 29753344 datatype 6 op 0 root 0 comm 0xf783730 [nranks=2] stream 0xbf37f50
c197-081:17181:17181 [2] NCCL INFO Send: opCount c sendbuff (nil) recvbuff 0x2ba344800000 count 4194304 datatype 6 op 0 root 5 comm 0xc6460d0 [nranks=8] stream 0xa9a9da0
c197-081:17181:19989 [2] NCCL INFO Allocated 4096 bytes of shared memory in /dev/shm/nccl-hArBwc

c197-081:17181:19989 [2] NCCL INFO Channel 00 : 6[82000] -> 5[3000] via SHM/direct/direct
c197-081:17181:19989 [2] NCCL INFO Allocated 4096 bytes of shared memory in /dev/shm/nccl-OdMIef

c197-081:17181:19989 [2] NCCL INFO Channel 01 : 6[82000] -> 5[3000] via SHM/direct/direct
c197-081:17180:17180 [1] NCCL INFO AllGather: opCount 0 sendbuff 0x2b42c4800000 recvbuff 0x2b42dac00000 count 8388608 datatype 0 op 0 root 0 comm 0xefdf960 [nranks=1] stream 0x85277f0
c197-081:17181:17181 [2] NCCL INFO AllReduce: opCount 0 sendbuff 0x2ba2be000000 recvbuff 0x2ba2be000000 count 37788672 datatype 6 op 0 root 0 comm 0xf66bec0 [nranks=1] stream 0xb7cd500
c197-081:17180:17180 [1] NCCL INFO Send: opCount c sendbuff (nil) recvbuff 0x2b42c4800000 count 4194304 datatype 6 op 0 root 4 comm 0xb226d20 [nranks=8] stream 0x958a9f0
c197-081:17180:20112 [1] NCCL INFO Allocated 4096 bytes of shared memory in /dev/shm/nccl-yW7hie

c197-081:17180:20112 [1] NCCL INFO Channel 00 : 5[3000] -> 4[2000] via SHM/direct/direct
c197-081:17180:20112 [1] NCCL INFO Allocated 4096 bytes of shared memory in /dev/shm/nccl-U9jLVi

c197-081:17180:20112 [1] NCCL INFO Channel 01 : 5[3000] -> 4[2000] via SHM/direct/direct
c197-081:17179:17179 [0] NCCL INFO AllGather: opCount 0 sendbuff 0x2ae5d8800000 recvbuff 0x2ae5eec00000 count 8388608 datatype 0 op 0 root 0 comm 0x104294b0 [nranks=1] stream 0xbe86700
c197-081:17180:17180 [1] NCCL INFO AllReduce: opCount 0 sendbuff 0x2b423e000000 recvbuff 0x2b423e000000 count 37788672 datatype 6 op 0 root 0 comm 0xe24c740 [nranks=1] stream 0xa3ae150
c197-081:17179:17179 [0] NCCL INFO Send: opCount c sendbuff (nil) recvbuff 0x2ae5d8800000 count 4194304 datatype 6 op 0 root 3 comm 0xc676160 [nranks=8] stream 0x87fcba0
c197-081:17179:18102 [0] NCCL INFO New proxy send connection 9 from local rank 0, transport 2
c197-081:17179:20235 [0] NCCL INFO Connection to proxy localRank 0 -> connection 0x2ae538002250
c197-081:17179:20235 [0] NCCL INFO Channel 00/1 : 4[2000] -> 3[83000] [send] via NET/IB/0/Shared
c197-081:17179:18102 [0] NCCL INFO New proxy send connection 10 from local rank 0, transport 2
c197-081:17179:20235 [0] NCCL INFO Connection to proxy localRank 0 -> connection 0x2ae538002290
c197-081:17179:20235 [0] NCCL INFO Channel 01/1 : 4[2000] -> 3[83000] [send] via NET/IB/0/Shared
c197-081:17179:18102 [0] NCCL INFO transport/net_ib.cc:596 Ib Alloc Size 26560 pointer 0x2ae538089000
c197-081:17179:18102 [0] NCCL INFO NET/IB: Dev 0 Port 1 qpn 61789 mtu 5 LID 62
c197-081:17179:18102 [0] NCCL INFO transport/net_ib.cc:653 Ib Alloc Size 552 pointer 0x2ae538091000
c197-081:17179:18102 [0] NCCL INFO transport/net.cc:382 Cuda Host Alloc Size 4194304 pointer 0x2ae5bfa00000
c197-081:17179:18102 [0] NCCL INFO transport/net.cc:571 Cuda Host Alloc Size 8192 pointer 0x2ae533347000
c197-081:17179:18102 [0] NCCL INFO transport/net_ib.cc:596 Ib Alloc Size 26560 pointer 0x2ae538093000
c197-081:17179:18102 [0] NCCL INFO NET/IB: Dev 0 Port 1 qpn 61790 mtu 5 LID 62
c197-081:17179:18102 [0] NCCL INFO transport/net_ib.cc:653 Ib Alloc Size 552 pointer 0x2ae53809b000
c197-081:17179:18102 [0] NCCL INFO transport/net.cc:571 Cuda Host Alloc Size 8192 pointer 0x2ae533349000
c197-081:17179:17179 [0] NCCL INFO AllReduce: opCount 0 sendbuff 0x2ae552000000 recvbuff 0x2ae552000000 count 37788672 datatype 6 op 0 root 0 comm 0xf695230 [nranks=1] stream 0xbe29460
c197-081:17180:17180 [1] NCCL INFO init.cc:1147 Cuda Host Alloc Size 4 pointer 0x2b421f343000
c197-081:17179:17179 [0] NCCL INFO init.cc:1147 Cuda Host Alloc Size 4 pointer 0x2ae53334b000
c197-081:17181:17181 [2] NCCL INFO init.cc:1147 Cuda Host Alloc Size 4 pointer 0x2ba2a3343000
c197-081:17180:20588 [1] NCCL INFO Using network IB
c197-081:17181:20590 [2] NCCL INFO Using network IB
c197-081:17179:20589 [0] NCCL INFO Using network IB
c197-081:17182:17182 [3] NCCL INFO init.cc:1147 Cuda Host Alloc Size 4 pointer 0x2ac59b343400
c197-081:17182:20591 [3] NCCL INFO Using network IB
c197-081:17181:20590 [2] NCCL INFO NET/IB : GPU Direct RDMA Disabled for HCA 0 'mlx4_0'
c197-081:17181:20590 [2] NCCL INFO === System : maxBw 6.0 totalBw 12.0 ===
c197-081:17181:20590 [2] NCCL INFO CPU/0 (1/1/1)
c197-081:17181:20590 [2] NCCL INFO + PCI[12.0] - GPU/2000 (4)
c197-081:17181:20590 [2] NCCL INFO + PCI[12.0] - GPU/3000 (5)
c197-081:17181:20590 [2] NCCL INFO + PCI[6.0] - NIC/1000
c197-081:17181:20590 [2] NCCL INFO              + NET[7.0] - NET/0 (a3788600034b6b50/1/7.000000)
c197-081:17181:20590 [2] NCCL INFO + SYS[6.0] - CPU/1
c197-081:17181:20590 [2] NCCL INFO CPU/1 (1/1/1)
c197-081:17181:20590 [2] NCCL INFO + PCI[12.0] - GPU/82000 (6)
c197-081:17181:20590 [2] NCCL INFO + PCI[12.0] - GPU/83000 (7)
c197-081:17181:20590 [2] NCCL INFO + SYS[6.0] - CPU/0
c197-081:17181:20590 [2] NCCL INFO ==========================================
c197-081:17181:20590 [2] NCCL INFO GPU/2000 :GPU/2000 (0/5000.000000/LOC) GPU/3000 (2/12.000000/PHB) GPU/82000 (3/6.000000/SYS) GPU/83000 (3/6.000000/SYS) CPU/0 (1/12.000000/PHB) CPU/1 (2/6.000000/SYS) NET/0 (3/6.000000/PHB) 
c197-081:17181:20590 [2] NCCL INFO GPU/3000 :GPU/2000 (2/12.000000/PHB) GPU/3000 (0/5000.000000/LOC) GPU/82000 (3/6.000000/SYS) GPU/83000 (3/6.000000/SYS) CPU/0 (1/12.000000/PHB) CPU/1 (2/6.000000/SYS) NET/0 (3/6.000000/PHB) 
c197-081:17181:20590 [2] NCCL INFO GPU/82000 :GPU/2000 (3/6.000000/SYS) GPU/3000 (3/6.000000/SYS) GPU/82000 (0/5000.000000/LOC) GPU/83000 (2/12.000000/PHB) CPU/0 (2/6.000000/SYS) CPU/1 (1/12.000000/PHB) NET/0 (4/6.000000/SYS) 
c197-081:17181:20590 [2] NCCL INFO GPU/83000 :GPU/2000 (3/6.000000/SYS) GPU/3000 (3/6.000000/SYS) GPU/82000 (2/12.000000/PHB) GPU/83000 (0/5000.000000/LOC) CPU/0 (2/6.000000/SYS) CPU/1 (1/12.000000/PHB) NET/0 (4/6.000000/SYS) 
c197-081:17181:20590 [2] NCCL INFO NET/0 :GPU/2000 (3/6.000000/PHB) GPU/3000 (3/6.000000/PHB) GPU/82000 (4/6.000000/SYS) GPU/83000 (4/6.000000/SYS) CPU/0 (2/6.000000/PHB) CPU/1 (3/6.000000/SYS) NET/0 (0/5000.000000/LOC) 
c197-081:17181:20590 [2] NCCL INFO Setting affinity for GPU 2 to ff00ff00
c197-081:17180:20588 [1] NCCL INFO NET/IB : GPU Direct RDMA Disabled for HCA 0 'mlx4_0'
c197-081:17179:20589 [0] NCCL INFO NET/IB : GPU Direct RDMA Disabled for HCA 0 'mlx4_0'
c197-081:17181:20590 [2] NCCL INFO Pattern 4, crossNic 0, nChannels 1, bw 6.000000/6.000000, type SYS/SYS, sameChannels 1
c197-081:17181:20590 [2] NCCL INFO  0 : NET/0 GPU/4 GPU/5 GPU/6 GPU/7 NET/0
c197-081:17182:20591 [3] NCCL INFO NET/IB : GPU Direct RDMA Disabled for HCA 0 'mlx4_0'
c197-081:17181:20590 [2] NCCL INFO Pattern 1, crossNic 0, nChannels 1, bw 6.000000/5.000000, type SYS/SYS, sameChannels 1
c197-081:17181:20590 [2] NCCL INFO  0 : NET/0 GPU/4 GPU/5 GPU/6 GPU/7 NET/0
c197-081:17180:20588 [1] NCCL INFO === System : maxBw 6.0 totalBw 12.0 ===
c197-081:17180:20588 [1] NCCL INFO CPU/0 (1/1/1)
c197-081:17181:20590 [2] NCCL INFO Pattern 3, crossNic 0, nChannels 0, bw 0.000000/0.000000, type NVL/PIX, sameChannels 1
c197-081:17180:20588 [1] NCCL INFO + PCI[12.0] - GPU/2000 (4)
c197-081:17180:20588 [1] NCCL INFO + PCI[12.0] - GPU/3000 (5)
c197-081:17180:20588 [1] NCCL INFO + PCI[6.0] - NIC/1000
c197-081:17180:20588 [1] NCCL INFO              + NET[7.0] - NET/0 (a3788600034b6b50/1/7.000000)
c197-081:17180:20588 [1] NCCL INFO + SYS[6.0] - CPU/1
c197-081:17180:20588 [1] NCCL INFO CPU/1 (1/1/1)
c197-081:17180:20588 [1] NCCL INFO + PCI[12.0] - GPU/82000 (6)
c197-081:17180:20588 [1] NCCL INFO + PCI[12.0] - GPU/83000 (7)
c197-081:17180:20588 [1] NCCL INFO + SYS[6.0] - CPU/0
c197-081:17180:20588 [1] NCCL INFO ==========================================
c197-081:17180:20588 [1] NCCL INFO GPU/2000 :GPU/2000 (0/5000.000000/LOC) GPU/3000 (2/12.000000/PHB) GPU/82000 (3/6.000000/SYS) GPU/83000 (3/6.000000/SYS) CPU/0 (1/12.000000/PHB) CPU/1 (2/6.000000/SYS) NET/0 (3/6.000000/PHB) 
c197-081:17180:20588 [1] NCCL INFO GPU/3000 :GPU/2000 (2/12.000000/PHB) GPU/3000 (0/5000.000000/LOC) GPU/82000 (3/6.000000/SYS) GPU/83000 (3/6.000000/SYS) CPU/0 (1/12.000000/PHB) CPU/1 (2/6.000000/SYS) NET/0 (3/6.000000/PHB) 
c197-081:17180:20588 [1] NCCL INFO GPU/82000 :GPU/2000 (3/6.000000/SYS) GPU/3000 (3/6.000000/SYS) GPU/82000 (0/5000.000000/LOC) GPU/83000 (2/12.000000/PHB) CPU/0 (2/6.000000/SYS) CPU/1 (1/12.000000/PHB) NET/0 (4/6.000000/SYS) 
c197-081:17180:20588 [1] NCCL INFO GPU/83000 :GPU/2000 (3/6.000000/SYS) GPU/3000 (3/6.000000/SYS) GPU/82000 (2/12.000000/PHB) GPU/83000 (0/5000.000000/LOC) CPU/0 (2/6.000000/SYS) CPU/1 (1/12.000000/PHB) NET/0 (4/6.000000/SYS) 
c197-081:17180:20588 [1] NCCL INFO NET/0 :GPU/2000 (3/6.000000/PHB) GPU/3000 (3/6.000000/PHB) GPU/82000 (4/6.000000/SYS) GPU/83000 (4/6.000000/SYS) CPU/0 (2/6.000000/PHB) CPU/1 (3/6.000000/SYS) NET/0 (0/5000.000000/LOC) 
c197-081:17180:20588 [1] NCCL INFO Setting affinity for GPU 1 to ff00ff
c197-081:17179:20589 [0] NCCL INFO === System : maxBw 6.0 totalBw 12.0 ===
c197-081:17179:20589 [0] NCCL INFO CPU/0 (1/1/1)
c197-081:17179:20589 [0] NCCL INFO + PCI[12.0] - GPU/2000 (4)
c197-081:17179:20589 [0] NCCL INFO + PCI[12.0] - GPU/3000 (5)
c197-081:17179:20589 [0] NCCL INFO + PCI[6.0] - NIC/1000
c197-081:17179:20589 [0] NCCL INFO              + NET[7.0] - NET/0 (a3788600034b6b50/1/7.000000)
c197-081:17179:20589 [0] NCCL INFO + SYS[6.0] - CPU/1
c197-081:17179:20589 [0] NCCL INFO CPU/1 (1/1/1)
c197-081:17179:20589 [0] NCCL INFO + PCI[12.0] - GPU/82000 (6)
c197-081:17179:20589 [0] NCCL INFO + PCI[12.0] - GPU/83000 (7)
c197-081:17179:20589 [0] NCCL INFO + SYS[6.0] - CPU/0
c197-081:17179:20589 [0] NCCL INFO ==========================================
c197-081:17179:20589 [0] NCCL INFO GPU/2000 :GPU/2000 (0/5000.000000/LOC) GPU/3000 (2/12.000000/PHB) GPU/82000 (3/6.000000/SYS) GPU/83000 (3/6.000000/SYS) CPU/0 (1/12.000000/PHB) CPU/1 (2/6.000000/SYS) NET/0 (3/6.000000/PHB) 
c197-081:17179:20589 [0] NCCL INFO GPU/3000 :GPU/2000 (2/12.000000/PHB) GPU/3000 (0/5000.000000/LOC) GPU/82000 (3/6.000000/SYS) GPU/83000 (3/6.000000/SYS) CPU/0 (1/12.000000/PHB) CPU/1 (2/6.000000/SYS) NET/0 (3/6.000000/PHB) 
c197-081:17179:20589 [0] NCCL INFO GPU/82000 :GPU/2000 (3/6.000000/SYS) GPU/3000 (3/6.000000/SYS) GPU/82000 (0/5000.000000/LOC) GPU/83000 (2/12.000000/PHB) CPU/0 (2/6.000000/SYS) CPU/1 (1/12.000000/PHB) NET/0 (4/6.000000/SYS) 
c197-081:17179:20589 [0] NCCL INFO GPU/83000 :GPU/2000 (3/6.000000/SYS) GPU/3000 (3/6.000000/SYS) GPU/82000 (2/12.000000/PHB) GPU/83000 (0/5000.000000/LOC) CPU/0 (2/6.000000/SYS) CPU/1 (1/12.000000/PHB) NET/0 (4/6.000000/SYS) 
c197-081:17179:20589 [0] NCCL INFO NET/0 :GPU/2000 (3/6.000000/PHB) GPU/3000 (3/6.000000/PHB) GPU/82000 (4/6.000000/SYS) GPU/83000 (4/6.000000/SYS) CPU/0 (2/6.000000/PHB) CPU/1 (3/6.000000/SYS) NET/0 (0/5000.000000/LOC) 
c197-081:17179:20589 [0] NCCL INFO Setting affinity for GPU 0 to ff00ff
c197-081:17182:20591 [3] NCCL INFO === System : maxBw 6.0 totalBw 12.0 ===
c197-081:17182:20591 [3] NCCL INFO CPU/0 (1/1/1)
c197-081:17182:20591 [3] NCCL INFO + PCI[12.0] - GPU/2000 (4)
c197-081:17182:20591 [3] NCCL INFO + PCI[12.0] - GPU/3000 (5)
c197-081:17182:20591 [3] NCCL INFO + PCI[6.0] - NIC/1000
c197-081:17182:20591 [3] NCCL INFO              + NET[7.0] - NET/0 (a3788600034b6b50/1/7.000000)
c197-081:17182:20591 [3] NCCL INFO + SYS[6.0] - CPU/1
c197-081:17182:20591 [3] NCCL INFO CPU/1 (1/1/1)
c197-081:17182:20591 [3] NCCL INFO + PCI[12.0] - GPU/82000 (6)
c197-081:17182:20591 [3] NCCL INFO + PCI[12.0] - GPU/83000 (7)
c197-081:17182:20591 [3] NCCL INFO + SYS[6.0] - CPU/0
c197-081:17182:20591 [3] NCCL INFO ==========================================
c197-081:17182:20591 [3] NCCL INFO GPU/2000 :GPU/2000 (0/5000.000000/LOC) GPU/3000 (2/12.000000/PHB) GPU/82000 (3/6.000000/SYS) GPU/83000 (3/6.000000/SYS) CPU/0 (1/12.000000/PHB) CPU/1 (2/6.000000/SYS) NET/0 (3/6.000000/PHB) 
c197-081:17182:20591 [3] NCCL INFO GPU/3000 :GPU/2000 (2/12.000000/PHB) GPU/3000 (0/5000.000000/LOC) GPU/82000 (3/6.000000/SYS) GPU/83000 (3/6.000000/SYS) CPU/0 (1/12.000000/PHB) CPU/1 (2/6.000000/SYS) NET/0 (3/6.000000/PHB) 
c197-081:17182:20591 [3] NCCL INFO GPU/82000 :GPU/2000 (3/6.000000/SYS) GPU/3000 (3/6.000000/SYS) GPU/82000 (0/5000.000000/LOC) GPU/83000 (2/12.000000/PHB) CPU/0 (2/6.000000/SYS) CPU/1 (1/12.000000/PHB) NET/0 (4/6.000000/SYS) 
c197-081:17182:20591 [3] NCCL INFO GPU/83000 :GPU/2000 (3/6.000000/SYS) GPU/3000 (3/6.000000/SYS) GPU/82000 (2/12.000000/PHB) GPU/83000 (0/5000.000000/LOC) CPU/0 (2/6.000000/SYS) CPU/1 (1/12.000000/PHB) NET/0 (4/6.000000/SYS) 
c197-081:17182:20591 [3] NCCL INFO NET/0 :GPU/2000 (3/6.000000/PHB) GPU/3000 (3/6.000000/PHB) GPU/82000 (4/6.000000/SYS) GPU/83000 (4/6.000000/SYS) CPU/0 (2/6.000000/PHB) CPU/1 (3/6.000000/SYS) NET/0 (0/5000.000000/LOC) 
c197-081:17182:20591 [3] NCCL INFO Setting affinity for GPU 3 to ff00ff00
c197-081:17180:20588 [1] NCCL INFO Pattern 4, crossNic 0, nChannels 1, bw 6.000000/6.000000, type SYS/SYS, sameChannels 1
c197-081:17180:20588 [1] NCCL INFO  0 : NET/0 GPU/4 GPU/5 GPU/6 GPU/7 NET/0
c197-081:17179:20589 [0] NCCL INFO Pattern 4, crossNic 0, nChannels 1, bw 6.000000/6.000000, type SYS/SYS, sameChannels 1
c197-081:17180:20588 [1] NCCL INFO Pattern 1, crossNic 0, nChannels 1, bw 6.000000/5.000000, type SYS/SYS, sameChannels 1
c197-081:17179:20589 [0] NCCL INFO  0 : NET/0 GPU/4 GPU/5 GPU/6 GPU/7 NET/0
c197-081:17180:20588 [1] NCCL INFO  0 : NET/0 GPU/4 GPU/5 GPU/6 GPU/7 NET/0
c197-081:17180:20588 [1] NCCL INFO Pattern 3, crossNic 0, nChannels 0, bw 0.000000/0.000000, type NVL/PIX, sameChannels 1
c197-081:17179:20589 [0] NCCL INFO Pattern 1, crossNic 0, nChannels 1, bw 6.000000/5.000000, type SYS/SYS, sameChannels 1
c197-081:17179:20589 [0] NCCL INFO  0 : NET/0 GPU/4 GPU/5 GPU/6 GPU/7 NET/0
c197-081:17179:20589 [0] NCCL INFO Pattern 3, crossNic 0, nChannels 0, bw 0.000000/0.000000, type NVL/PIX, sameChannels 1
c197-081:17182:20591 [3] NCCL INFO Pattern 4, crossNic 0, nChannels 1, bw 6.000000/6.000000, type SYS/SYS, sameChannels 1
c197-081:17182:20591 [3] NCCL INFO  0 : NET/0 GPU/4 GPU/5 GPU/6 GPU/7 NET/0
c197-081:17182:20591 [3] NCCL INFO Pattern 1, crossNic 0, nChannels 1, bw 6.000000/5.000000, type SYS/SYS, sameChannels 1
c197-081:17182:20591 [3] NCCL INFO  0 : NET/0 GPU/4 GPU/5 GPU/6 GPU/7 NET/0
c197-081:17182:20591 [3] NCCL INFO Pattern 3, crossNic 0, nChannels 0, bw 0.000000/0.000000, type NVL/PIX, sameChannels 1
c197-081:17179:20589 [0] NCCL INFO Tree 0 : 0 -> 4 -> 5/-1/-1
c197-081:17179:20589 [0] NCCL INFO Tree 1 : -1 -> 4 -> 5/0/-1
c197-081:17180:20588 [1] NCCL INFO Tree 0 : 4 -> 5 -> 6/-1/-1
c197-081:17180:20588 [1] NCCL INFO Tree 1 : 4 -> 5 -> 6/-1/-1
c197-081:17179:20589 [0] NCCL INFO Ring 00 : 3 -> 4 -> 5
c197-081:17180:20588 [1] NCCL INFO Ring 00 : 4 -> 5 -> 6
c197-081:17182:20591 [3] NCCL INFO Ring 00 : 6 -> 7 -> 0
c197-081:17181:20590 [2] NCCL INFO Ring 00 : 5 -> 6 -> 7
c197-081:17179:20589 [0] NCCL INFO Ring 01 : 3 -> 4 -> 5
c197-081:17180:20588 [1] NCCL INFO Ring 01 : 4 -> 5 -> 6
c197-081:17182:20591 [3] NCCL INFO Ring 01 : 6 -> 7 -> 0
c197-081:17181:20590 [2] NCCL INFO Ring 01 : 5 -> 6 -> 7
c197-081:17179:20589 [0] NCCL INFO Trees [0] 5/-1/-1->4->0 [1] 5/0/-1->4->-1
c197-081:17180:20588 [1] NCCL INFO Trees [0] 6/-1/-1->5->4 [1] 6/-1/-1->5->4
c197-081:17182:20591 [3] NCCL INFO Trees [0] -1/-1/-1->7->6 [1] -1/-1/-1->7->6
c197-081:17181:20590 [2] NCCL INFO Trees [0] 7/-1/-1->6->5 [1] 7/-1/-1->6->5
c197-081:17179:20589 [0] NCCL INFO misc/utils.cc:235 memory stack hunk malloc(65536)
c197-081:17180:20588 [1] NCCL INFO misc/utils.cc:235 memory stack hunk malloc(65536)
c197-081:17182:20591 [3] NCCL INFO misc/utils.cc:235 memory stack hunk malloc(65536)
c197-081:17181:20590 [2] NCCL INFO misc/utils.cc:235 memory stack hunk malloc(65536)
c197-081:17180:20588 [1] NCCL INFO channel.cc:23 Cuda Alloc Size 3456 pointer 0x2b421fc62000
c197-081:17179:20589 [0] NCCL INFO channel.cc:23 Cuda Alloc Size 3456 pointer 0x2ae533c62000
c197-081:17181:20590 [2] NCCL INFO channel.cc:23 Cuda Alloc Size 3456 pointer 0x2ba2a3c62000
c197-081:17180:20588 [1] NCCL INFO channel.cc:27 Cuda Alloc Size 32 pointer 0x2b421fc62e00
c197-081:17179:20589 [0] NCCL INFO channel.cc:27 Cuda Alloc Size 32 pointer 0x2ae533c62e00
c197-081:17181:20590 [2] NCCL INFO channel.cc:27 Cuda Alloc Size 32 pointer 0x2ba2a3c62e00
c197-081:17180:20588 [1] NCCL INFO channel.cc:23 Cuda Alloc Size 3456 pointer 0x2b421fc63000
c197-081:17182:20591 [3] NCCL INFO channel.cc:23 Cuda Alloc Size 3456 pointer 0x2ac59bc64600
c197-081:17180:20588 [1] NCCL INFO channel.cc:27 Cuda Alloc Size 32 pointer 0x2b421fc63e00
c197-081:17179:20589 [0] NCCL INFO channel.cc:23 Cuda Alloc Size 3456 pointer 0x2ae533c63000
c197-081:17181:20590 [2] NCCL INFO channel.cc:23 Cuda Alloc Size 3456 pointer 0x2ba2a3c63000
c197-081:17179:20589 [0] NCCL INFO channel.cc:27 Cuda Alloc Size 32 pointer 0x2ae533c63e00
c197-081:17182:20591 [3] NCCL INFO channel.cc:27 Cuda Alloc Size 32 pointer 0x2ac59bc65400
c197-081:17180:20588 [1] NCCL INFO Allocated 9637888 bytes of shared memory in /dev/shm/nccl-Cvv7Qx

c197-081:17181:20590 [2] NCCL INFO channel.cc:27 Cuda Alloc Size 32 pointer 0x2ba2a3c63e00
c197-081:17182:20591 [3] NCCL INFO channel.cc:23 Cuda Alloc Size 3456 pointer 0x2ac59bc65600
c197-081:17182:20591 [3] NCCL INFO channel.cc:27 Cuda Alloc Size 32 pointer 0x2ac59bc66400
c197-081:17181:20590 [2] NCCL INFO Allocated 9637888 bytes of shared memory in /dev/shm/nccl-MuG59t

c197-081:17182:20591 [3] NCCL INFO Allocated 9637888 bytes of shared memory in /dev/shm/nccl-oT677F

c197-081:17179:20594 [0] NCCL INFO Mem Realloc old size 0, new size 8 pointer 0x2ae61c0009c0
c197-081:17179:20594 [0] NCCL INFO Allocated 4194656 bytes of shared memory in /dev/shm/nccl-mzHlgT

c197-081:17179:20594 [0] NCCL INFO New proxy recv connection 0 from local rank 0, transport 2
c197-081:17179:20589 [0] NCCL INFO Connection to proxy localRank 0 -> connection 0x2ae61c002010
c197-081:17179:20589 [0] NCCL INFO Channel 00/0 : 3[83000] -> 4[2000] [receive] via NET/IB/0
c197-081:17179:20594 [0] NCCL INFO New proxy recv connection 1 from local rank 0, transport 2
c197-081:17180:20588 [1] NCCL INFO Allocated 9637888 bytes of shared memory in /dev/shm/nccl-jgRwNM

c197-081:17181:20590 [2] NCCL INFO Allocated 9637888 bytes of shared memory in /dev/shm/nccl-8EmN6I

c197-081:17182:20591 [3] NCCL INFO Allocated 9637888 bytes of shared memory in /dev/shm/nccl-DV3Q4U

c197-081:17180:20588 [1] NCCL INFO Allocated 4096 bytes of shared memory in /dev/shm/nccl-UjVUK1

c197-081:17180:20588 [1] NCCL INFO Channel 00 : 5[3000] -> 6[82000] via SHM/direct/direct
c197-081:17180:20588 [1] NCCL INFO Allocated 4096 bytes of shared memory in /dev/shm/nccl-l6lkIg

c197-081:17180:20588 [1] NCCL INFO Channel 01 : 5[3000] -> 6[82000] via SHM/direct/direct
c197-081:17181:20590 [2] NCCL INFO Allocated 4096 bytes of shared memory in /dev/shm/nccl-WwuN4X

c197-081:17181:20590 [2] NCCL INFO Channel 00 : 6[82000] -> 7[83000] via SHM/direct/direct
c197-081:17181:20590 [2] NCCL INFO Allocated 4096 bytes of shared memory in /dev/shm/nccl-nZwQ2c

c197-081:17181:20590 [2] NCCL INFO Channel 01 : 6[82000] -> 7[83000] via SHM/direct/direct
c197-081:17182:20595 [3] NCCL INFO Mem Realloc old size 0, new size 8 pointer 0x2ac6d80009c0
c197-081:17182:20595 [3] NCCL INFO Allocated 4194656 bytes of shared memory in /dev/shm/nccl-Sf1c39

c197-081:17182:20595 [3] NCCL INFO New proxy send connection 0 from local rank 3, transport 2
c197-081:17182:20591 [3] NCCL INFO Connection to proxy localRank 3 -> connection 0x2ac6d8002010
c197-081:17182:20591 [3] NCCL INFO Channel 00/0 : 7[83000] -> 0[2000] [send] via NET/IB/0
c197-081:17182:20595 [3] NCCL INFO New proxy send connection 1 from local rank 3, transport 2
c197-081:17179:20589 [0] NCCL INFO Connection to proxy localRank 0 -> connection 0x2ae61c002050
c197-081:17179:20589 [0] NCCL INFO Channel 01/0 : 3[83000] -> 4[2000] [receive] via NET/IB/0
c197-081:17179:20589 [0] NCCL INFO Allocated 4096 bytes of shared memory in /dev/shm/nccl-UNYbi8

c197-081:17179:20589 [0] NCCL INFO Channel 00 : 4[2000] -> 5[3000] via SHM/direct/direct
c197-081:17179:20589 [0] NCCL INFO Allocated 4096 bytes of shared memory in /dev/shm/nccl-2SM4jn

c197-081:17179:20589 [0] NCCL INFO Channel 01 : 4[2000] -> 5[3000] via SHM/direct/direct
c197-081:17180:20588 [1] NCCL INFO Connected all rings
c197-081:17180:20588 [1] NCCL INFO Allocated 9637888 bytes of shared memory in /dev/shm/nccl-8QlPKv

c197-081:17180:20588 [1] NCCL INFO Allocated 9637888 bytes of shared memory in /dev/shm/nccl-EqpjOK

c197-081:17182:20591 [3] NCCL INFO Connection to proxy localRank 3 -> connection 0x2ac6d8002050
c197-081:17182:20591 [3] NCCL INFO Channel 01/0 : 7[83000] -> 0[2000] [send] via NET/IB/0
c197-081:17182:20595 [3] NCCL INFO transport/net_ib.cc:596 Ib Alloc Size 26560 pointer 0x2ac6d8014000
c197-081:17179:20594 [0] NCCL INFO transport/net_ib.cc:683 Ib Alloc Size 21688 pointer 0x2ae61c014000
c197-081:17180:20588 [1] NCCL INFO Allocated 4096 bytes of shared memory in /dev/shm/nccl-r0FQSZ

c197-081:17179:20594 [0] NCCL INFO transport/net_ib.cc:696 Ib Alloc Size 552 pointer 0x2ae61c01b000
c197-081:17180:20588 [1] NCCL INFO Channel 00 : 5[3000] -> 4[2000] via SHM/direct/direct
c197-081:17180:20588 [1] NCCL INFO Allocated 4096 bytes of shared memory in /dev/shm/nccl-Y0kpXe

c197-081:17180:20588 [1] NCCL INFO Channel 01 : 5[3000] -> 4[2000] via SHM/direct/direct
c197-081:17182:20595 [3] NCCL INFO NET/IB: Dev 0 Port 1 qpn 61791 mtu 5 LID 62
c197-081:17182:20595 [3] NCCL INFO transport/net_ib.cc:653 Ib Alloc Size 552 pointer 0x2ac6d801c000
c197-081:17179:20594 [0] NCCL INFO transport/net_ib.cc:771 Ib Alloc Size 552 pointer 0x2ae61c01d000
c197-081:17181:20590 [2] NCCL INFO Connected all rings
c197-081:17181:20590 [2] NCCL INFO Allocated 9637888 bytes of shared memory in /dev/shm/nccl-bdgc8r

c197-081:17182:20595 [3] NCCL INFO transport/net.cc:571 Cuda Host Alloc Size 9641984 pointer 0x2ac6c2e00000
c197-081:17182:20595 [3] NCCL INFO transport/net_ib.cc:596 Ib Alloc Size 26560 pointer 0x2ac6d801e000
c197-081:17182:20595 [3] NCCL INFO NET/IB: Dev 0 Port 1 qpn 61793 mtu 5 LID 62
c197-081:17182:20595 [3] NCCL INFO transport/net_ib.cc:653 Ib Alloc Size 552 pointer 0x2ac6d8026000
c197-081:17179:20594 [0] NCCL INFO transport/net.cc:698 Cuda Host Alloc Size 9641984 pointer 0x2ae5b9400000
c197-081:17179:20594 [0] NCCL INFO transport/net_ib.cc:683 Ib Alloc Size 21688 pointer 0x2ae61c01d000
c197-081:17179:20594 [0] NCCL INFO transport/net_ib.cc:696 Ib Alloc Size 552 pointer 0x2ae61c024000
c197-081:17179:20594 [0] NCCL INFO transport/net_ib.cc:771 Ib Alloc Size 552 pointer 0x2ae61c024000
c197-081:17182:20595 [3] NCCL INFO transport/net.cc:571 Cuda Host Alloc Size 9641984 pointer 0x2ac6a4400000
c197-081:17182:20591 [3] NCCL INFO Connected all rings
c197-081:17182:20591 [3] NCCL INFO Allocated 4096 bytes of shared memory in /dev/shm/nccl-36UK9o

c197-081:17182:20591 [3] NCCL INFO Channel 00 : 7[83000] -> 6[82000] via SHM/direct/direct
c197-081:17182:20591 [3] NCCL INFO Allocated 4096 bytes of shared memory in /dev/shm/nccl-QAZlgE

c197-081:17182:20591 [3] NCCL INFO Channel 01 : 7[83000] -> 6[82000] via SHM/direct/direct
c197-081:17181:20590 [2] NCCL INFO Allocated 9637888 bytes of shared memory in /dev/shm/nccl-Nl3WeH

c197-081:17179:20594 [0] NCCL INFO transport/net.cc:698 Cuda Host Alloc Size 9641984 pointer 0x2ae624000000
c197-081:17179:20589 [0] NCCL INFO Connected all rings
c197-081:17179:20594 [0] NCCL INFO New proxy recv connection 2 from local rank 0, transport 2
c197-081:17181:20590 [2] NCCL INFO Allocated 4096 bytes of shared memory in /dev/shm/nccl-P7KzmW

c197-081:17181:20590 [2] NCCL INFO Channel 00 : 6[82000] -> 5[3000] via SHM/direct/direct
c197-081:17181:20590 [2] NCCL INFO Allocated 4096 bytes of shared memory in /dev/shm/nccl-bTQdub

c197-081:17181:20590 [2] NCCL INFO Channel 01 : 6[82000] -> 5[3000] via SHM/direct/direct
c197-081:17182:20591 [3] NCCL INFO Connected all trees
c197-081:17182:20591 [3] NCCL INFO threadThresholds 8/8/64 | 64/8/64 | 512 | 512
c197-081:17182:20591 [3] NCCL INFO 2 coll channels, 2 p2p channels, 2 p2p channels per peer
c197-081:17182:20595 [3] NCCL INFO New proxy send connection 2 from local rank 3, transport 2
c197-081:17181:20590 [2] NCCL INFO Connected all trees
c197-081:17181:20590 [2] NCCL INFO threadThresholds 8/8/64 | 64/8/64 | 512 | 512
c197-081:17181:20590 [2] NCCL INFO 2 coll channels, 2 p2p channels, 2 p2p channels per peer
c197-081:17181:20592 [2] NCCL INFO Mem Realloc old size 0, new size 8 pointer 0x2ba3880009c0
c197-081:17181:20592 [2] NCCL INFO Allocated 4194656 bytes of shared memory in /dev/shm/nccl-Q3T1Cq

c197-081:17181:20592 [2] NCCL INFO New proxy send connection 0 from local rank 2, transport 2
c197-081:17181:20590 [2] NCCL INFO Connection to proxy localRank 2 -> connection 0x2ba388002010
c197-081:17181:20592 [2] NCCL INFO transport/net.cc:376 Cuda Alloc Size 4194304 pointer 0x2ba32ba00000
c197-081:17179:20589 [0] NCCL INFO Connection to proxy localRank 0 -> connection 0x2ae61c002090
c197-081:17179:20589 [0] NCCL INFO Channel 00/0 : 0[2000] -> 4[2000] [receive] via NET/IB/0
c197-081:17179:20594 [0] NCCL INFO New proxy recv connection 3 from local rank 0, transport 2
c197-081:17182:20591 [3] NCCL INFO Connection to proxy localRank 3 -> connection 0x2ac6d8002090
c197-081:17182:20595 [3] NCCL INFO transport/net.cc:376 Cuda Alloc Size 4194304 pointer 0x2ac6c3800000
c197-081:17179:20589 [0] NCCL INFO Connection to proxy localRank 0 -> connection 0x2ae61c0020d0
c197-081:17179:20589 [0] NCCL INFO Channel 01/0 : 0[2000] -> 4[2000] [receive] via NET/IB/0
c197-081:17179:20594 [0] NCCL INFO New proxy send connection 4 from local rank 0, transport 2
c197-081:17179:20589 [0] NCCL INFO Connection to proxy localRank 0 -> connection 0x2ae61c002110
c197-081:17179:20589 [0] NCCL INFO Channel 00/0 : 4[2000] -> 0[2000] [send] via NET/IB/0
c197-081:17179:20594 [0] NCCL INFO New proxy send connection 5 from local rank 0, transport 2
c197-081:17179:20589 [0] NCCL INFO Connection to proxy localRank 0 -> connection 0x2ae61c002150
c197-081:17179:20589 [0] NCCL INFO Channel 01/0 : 4[2000] -> 0[2000] [send] via NET/IB/0
c197-081:17179:20594 [0] NCCL INFO transport/net_ib.cc:596 Ib Alloc Size 26560 pointer 0x2ae61c039000
c197-081:17179:20594 [0] NCCL INFO NET/IB: Dev 0 Port 1 qpn 61795 mtu 5 LID 62
c197-081:17179:20594 [0] NCCL INFO transport/net_ib.cc:653 Ib Alloc Size 552 pointer 0x2ae61c041000
c197-081:17179:20594 [0] NCCL INFO transport/net.cc:571 Cuda Host Alloc Size 9641984 pointer 0x2ae624a00000
c197-081:17179:20594 [0] NCCL INFO transport/net_ib.cc:596 Ib Alloc Size 26560 pointer 0x2ae61c043000
c197-081:17179:20594 [0] NCCL INFO NET/IB: Dev 0 Port 1 qpn 61796 mtu 5 LID 62
c197-081:17179:20594 [0] NCCL INFO transport/net_ib.cc:653 Ib Alloc Size 552 pointer 0x2ae61c04b000
c197-081:17179:20594 [0] NCCL INFO transport/net.cc:571 Cuda Host Alloc Size 9641984 pointer 0x2ae625400000
c197-081:17179:20594 [0] NCCL INFO transport/net_ib.cc:683 Ib Alloc Size 21688 pointer 0x2ae61c04d000
c197-081:17179:20594 [0] NCCL INFO transport/net_ib.cc:696 Ib Alloc Size 552 pointer 0x2ae61c054000
c197-081:17179:20594 [0] NCCL INFO transport/net_ib.cc:771 Ib Alloc Size 552 pointer 0x2ae61c054000
c197-081:17179:20594 [0] NCCL INFO transport/net.cc:698 Cuda Host Alloc Size 9641984 pointer 0x2ae626000000
c197-081:17179:20594 [0] NCCL INFO transport/net_ib.cc:683 Ib Alloc Size 21688 pointer 0x2ae61c056000
c197-081:17179:20594 [0] NCCL INFO transport/net_ib.cc:696 Ib Alloc Size 552 pointer 0x2ae61c05d000
c197-081:17179:20594 [0] NCCL INFO transport/net_ib.cc:771 Ib Alloc Size 552 pointer 0x2ae61c05d000
c197-081:17179:20594 [0] NCCL INFO transport/net.cc:698 Cuda Host Alloc Size 9641984 pointer 0x2ae626a00000
c197-081:17179:20589 [0] NCCL INFO Allocated 9637888 bytes of shared memory in /dev/shm/nccl-2MhzSC

c197-081:17179:20589 [0] NCCL INFO Allocated 9637888 bytes of shared memory in /dev/shm/nccl-Y8r1rS

c197-081:17179:20589 [0] NCCL INFO Connected all trees
c197-081:17179:20589 [0] NCCL INFO threadThresholds 8/8/64 | 64/8/64 | 512 | 512
c197-081:17179:20589 [0] NCCL INFO 2 coll channels, 2 p2p channels, 2 p2p channels per peer
c197-081:17179:20594 [0] NCCL INFO New proxy send connection 6 from local rank 0, transport 2
c197-081:17180:20588 [1] NCCL INFO Connected all trees
c197-081:17180:20588 [1] NCCL INFO threadThresholds 8/8/64 | 64/8/64 | 512 | 512
c197-081:17180:20588 [1] NCCL INFO 2 coll channels, 2 p2p channels, 2 p2p channels per peer
c197-081:17180:20593 [1] NCCL INFO Mem Realloc old size 0, new size 8 pointer 0x2b43080009c0
c197-081:17180:20593 [1] NCCL INFO Allocated 4194656 bytes of shared memory in /dev/shm/nccl-O1sDyu

c197-081:17180:20593 [1] NCCL INFO New proxy send connection 0 from local rank 1, transport 2
c197-081:17180:20588 [1] NCCL INFO Connection to proxy localRank 1 -> connection 0x2b4308002010
c197-081:17180:20593 [1] NCCL INFO transport/net.cc:376 Cuda Alloc Size 4194304 pointer 0x2b42aba00000
c197-081:17179:20589 [0] NCCL INFO Connection to proxy localRank 0 -> connection 0x2ae61c002190
c197-081:17180:20588 [1] NCCL INFO init.cc:367 Cuda Alloc Size 5168 pointer 0x2b421fc64000
c197-081:17181:20590 [2] NCCL INFO init.cc:367 Cuda Alloc Size 5168 pointer 0x2ba2a3c64000
c197-081:17182:20591 [3] NCCL INFO init.cc:367 Cuda Alloc Size 5168 pointer 0x2ac59bc66600
c197-081:17179:20594 [0] NCCL INFO transport/net.cc:376 Cuda Alloc Size 4194304 pointer 0x2ae627400000
c197-081:17179:20589 [0] NCCL INFO init.cc:367 Cuda Alloc Size 5168 pointer 0x2ae533c64000
c197-081:17180:20588 [1] NCCL INFO init.cc:392 Cuda Host Alloc Size 33554432 pointer 0x2b4310000000
c197-081:17180:20588 [1] NCCL INFO init.cc:398 Cuda Host Alloc Size 128 pointer 0x2b421f343200
c197-081:17180:20588 [1] NCCL INFO comm 0x12b1a4e0 rank 5 nranks 8 cudaDev 1 busId 3000 - Init COMPLETE
c197-081:17179:20589 [0] NCCL INFO init.cc:392 Cuda Host Alloc Size 33554432 pointer 0x2ae628000000
c197-081:17179:20589 [0] NCCL INFO init.cc:398 Cuda Host Alloc Size 128 pointer 0x2ae53334b200
c197-081:17179:20589 [0] NCCL INFO comm 0x13f63e30 rank 4 nranks 8 cudaDev 0 busId 2000 - Init COMPLETE
c197-081:17180:17180 [1] NCCL INFO AllReduce: opCount 0 sendbuff 0x2b4218c13e00 recvbuff 0x2b4218c13e00 count 1 datatype 7 op 2 root 0 comm 0x12b1a4e0 [nranks=8] stream 0x83eb990
c197-081:17180:17180 [1] NCCL INFO misc/utils.cc:235 memory stack hunk malloc(65536)
c197-081:17179:17179 [0] NCCL INFO AllReduce: opCount 0 sendbuff 0x2ae528c13e00 recvbuff 0x2ae528c13e00 count 1 datatype 7 op 2 root 0 comm 0x13f63e30 [nranks=8] stream 0x9fad820
c197-081:17179:17179 [0] NCCL INFO misc/utils.cc:235 memory stack hunk malloc(65536)
c197-081:17181:20590 [2] NCCL INFO init.cc:392 Cuda Host Alloc Size 33554432 pointer 0x2ba390000000
c197-081:17181:20590 [2] NCCL INFO init.cc:398 Cuda Host Alloc Size 128 pointer 0x2ba2a3343200
c197-081:17181:20590 [2] NCCL INFO comm 0x13f39ea0 rank 6 nranks 8 cudaDev 2 busId 82000 - Init COMPLETE
