c197-091:21807:21807 [3] NCCL INFO AllGather: opCount 1 sendbuff 0x2b015d000000 recvbuff 0x2b0162800000 count 4194304 datatype 0 op 0 root 0 comm 0xf7ec880 [nranks=2] stream 0xb943fa0
c197-091:21807:21807 [3] NCCL INFO Broadcast: opCount 2 sendbuff 0x2b012cc00400 recvbuff 0x2b012cc00400 count 240 datatype 0 op 0 root 0 comm 0xf7ec880 [nranks=2] stream 0xb943fa0
c197-091:21806:21806 [2] NCCL INFO Broadcast: opCount 2 sendbuff 0x2b89bcc00400 recvbuff 0x2b89bcc00400 count 240 datatype 0 op 0 root 0 comm 0xec4c510 [nranks=2] stream 0xb38e6d0
c197-091:21805:21805 [1] NCCL INFO Broadcast: opCount 3 sendbuff 0x2b97b8d57e00 recvbuff 0x2b97b8d57e00 count 163904 datatype 0 op 0 root 0 comm 0xf6200c0 [nranks=2] stream 0xb778450
c197-091:21807:21807 [3] NCCL INFO Broadcast: opCount 3 sendbuff 0x2b012cd57e00 recvbuff 0x2b012cd57e00 count 163904 datatype 0 op 0 root 0 comm 0xf7ec880 [nranks=2] stream 0xb943fa0
c197-091:21804:21804 [0] NCCL INFO Broadcast: opCount 3 sendbuff 0x2b153cd57e00 recvbuff 0x2b153cd57e00 count 163904 datatype 0 op 0 root 0 comm 0xed23170 [nranks=2] stream 0x8f8f9d0
c197-091:21806:21806 [2] NCCL INFO Broadcast: opCount 3 sendbuff 0x2b89bcd57e00 recvbuff 0x2b89bcd57e00 count 163904 datatype 0 op 0 root 0 comm 0xec4c510 [nranks=2] stream 0xb38e6d0
c197-091:21804:21804 [0] NCCL INFO AllReduce: opCount 4 sendbuff 0x2b15cc800000 recvbuff 0x2b15cc800000 count 4194304 datatype 6 op 0 root 0 comm 0xed23170 [nranks=2] stream 0x8f8f9d0
c197-091:21807:21807 [3] NCCL INFO AllReduce: opCount 4 sendbuff 0x2b012c400000 recvbuff 0x2b012c400000 count 4194304 datatype 6 op 0 root 0 comm 0xf7ec880 [nranks=2] stream 0xb943fa0
c197-091:21805:21805 [1] NCCL INFO AllReduce: opCount 4 sendbuff 0x2b97b8400000 recvbuff 0x2b97b8400000 count 4194304 datatype 6 op 0 root 0 comm 0xf6200c0 [nranks=2] stream 0xb778450
c197-091:21806:21806 [2] NCCL INFO AllReduce: opCount 4 sendbuff 0x2b8a48800000 recvbuff 0x2b8a48800000 count 4194304 datatype 6 op 0 root 0 comm 0xec4c510 [nranks=2] stream 0xb38e6d0
c197-091:21804:21804 [0] NCCL INFO AllReduce: opCount 5 sendbuff 0x2b15da000000 recvbuff 0x2b15da000000 count 4194304 datatype 6 op 0 root 0 comm 0xed23170 [nranks=2] stream 0x8f8f9d0
c197-091:21807:21807 [3] NCCL INFO AllReduce: opCount 5 sendbuff 0x2b0185000000 recvbuff 0x2b0185000000 count 4194304 datatype 6 op 0 root 0 comm 0xf7ec880 [nranks=2] stream 0xb943fa0
c197-091:21805:21805 [1] NCCL INFO AllReduce: opCount 5 sendbuff 0x2b9815000000 recvbuff 0x2b9815000000 count 4194304 datatype 6 op 0 root 0 comm 0xf6200c0 [nranks=2] stream 0xb778450
c197-091:21806:21806 [2] NCCL INFO AllReduce: opCount 5 sendbuff 0x2b8a56000000 recvbuff 0x2b8a56000000 count 4194304 datatype 6 op 0 root 0 comm 0xec4c510 [nranks=2] stream 0xb38e6d0
c197-091:21807:21807 [3] NCCL INFO AllReduce: opCount 6 sendbuff 0x2b012c400000 recvbuff 0x2b012c400000 count 4194304 datatype 6 op 0 root 0 comm 0xf7ec880 [nranks=2] stream 0xb943fa0
c197-091:21804:21804 [0] NCCL INFO AllReduce: opCount 6 sendbuff 0x2b15cc800000 recvbuff 0x2b15cc800000 count 4194304 datatype 6 op 0 root 0 comm 0xed23170 [nranks=2] stream 0x8f8f9d0
c197-091:21805:21805 [1] NCCL INFO AllReduce: opCount 6 sendbuff 0x2b97b8400000 recvbuff 0x2b97b8400000 count 4194304 datatype 6 op 0 root 0 comm 0xf6200c0 [nranks=2] stream 0xb778450
c197-091:21806:21806 [2] NCCL INFO AllReduce: opCount 6 sendbuff 0x2b8a48800000 recvbuff 0x2b8a48800000 count 4194304 datatype 6 op 0 root 0 comm 0xec4c510 [nranks=2] stream 0xb38e6d0
c197-091:21804:21804 [0] NCCL INFO AllReduce: opCount 7 sendbuff 0x2b15e0000000 recvbuff 0x2b15e0000000 count 4194304 datatype 6 op 0 root 0 comm 0xed23170 [nranks=2] stream 0x8f8f9d0
c197-091:21806:21806 [2] NCCL INFO AllReduce: opCount 7 sendbuff 0x2b8a5c000000 recvbuff 0x2b8a5c000000 count 4194304 datatype 6 op 0 root 0 comm 0xec4c510 [nranks=2] stream 0xb38e6d0
c197-091:21805:21805 [1] NCCL INFO AllReduce: opCount 7 sendbuff 0x2b981d000000 recvbuff 0x2b981d000000 count 4194304 datatype 6 op 0 root 0 comm 0xf6200c0 [nranks=2] stream 0xb778450
c197-091:21807:21807 [3] NCCL INFO AllReduce: opCount 7 sendbuff 0x2b018d000000 recvbuff 0x2b018d000000 count 4194304 datatype 6 op 0 root 0 comm 0xf7ec880 [nranks=2] stream 0xb943fa0
c197-091:21804:21804 [0] NCCL INFO AllReduce: opCount 8 sendbuff 0x2b15e0000000 recvbuff 0x2b15e0000000 count 4194304 datatype 6 op 0 root 0 comm 0xed23170 [nranks=2] stream 0x8f8f9d0
c197-091:21806:21806 [2] NCCL INFO AllReduce: opCount 8 sendbuff 0x2b8a5c000000 recvbuff 0x2b8a5c000000 count 4194304 datatype 6 op 0 root 0 comm 0xec4c510 [nranks=2] stream 0xb38e6d0
c197-091:21805:21805 [1] NCCL INFO AllReduce: opCount 8 sendbuff 0x2b981d000000 recvbuff 0x2b981d000000 count 4194304 datatype 6 op 0 root 0 comm 0xf6200c0 [nranks=2] stream 0xb778450
c197-091:21807:21807 [3] NCCL INFO AllReduce: opCount 8 sendbuff 0x2b018d000000 recvbuff 0x2b018d000000 count 4194304 datatype 6 op 0 root 0 comm 0xf7ec880 [nranks=2] stream 0xb943fa0
c197-091:21804:21804 [0] NCCL INFO AllReduce: opCount 9 sendbuff 0x2b15ea800000 recvbuff 0x2b15ea800000 count 4194304 datatype 6 op 0 root 0 comm 0xed23170 [nranks=2] stream 0x8f8f9d0
c197-091:21806:21806 [2] NCCL INFO AllReduce: opCount 9 sendbuff 0x2b8a66800000 recvbuff 0x2b8a66800000 count 4194304 datatype 6 op 0 root 0 comm 0xec4c510 [nranks=2] stream 0xb38e6d0
c197-091:21805:21805 [1] NCCL INFO AllReduce: opCount 9 sendbuff 0x2b9827800000 recvbuff 0x2b9827800000 count 4194304 datatype 6 op 0 root 0 comm 0xf6200c0 [nranks=2] stream 0xb778450
c197-091:21807:21807 [3] NCCL INFO AllReduce: opCount 9 sendbuff 0x2b0197800000 recvbuff 0x2b0197800000 count 4194304 datatype 6 op 0 root 0 comm 0xf7ec880 [nranks=2] stream 0xb943fa0
c197-091:21804:21804 [0] NCCL INFO AllReduce: opCount a sendbuff 0x2b15ea800000 recvbuff 0x2b15ea800000 count 4194304 datatype 6 op 0 root 0 comm 0xed23170 [nranks=2] stream 0x8f8f9d0
c197-091:21806:21806 [2] NCCL INFO AllReduce: opCount a sendbuff 0x2b8a66800000 recvbuff 0x2b8a66800000 count 4194304 datatype 6 op 0 root 0 comm 0xec4c510 [nranks=2] stream 0xb38e6d0
c197-091:21805:21805 [1] NCCL INFO AllReduce: opCount a sendbuff 0x2b9827800000 recvbuff 0x2b9827800000 count 4194304 datatype 6 op 0 root 0 comm 0xf6200c0 [nranks=2] stream 0xb778450
c197-091:21807:21807 [3] NCCL INFO AllReduce: opCount a sendbuff 0x2b0197800000 recvbuff 0x2b0197800000 count 4194304 datatype 6 op 0 root 0 comm 0xf7ec880 [nranks=2] stream 0xb943fa0
c197-091:21805:21805 [1] NCCL INFO AllReduce: opCount b sendbuff 0x2b9832000000 recvbuff 0x2b9832000000 count 4194304 datatype 6 op 0 root 0 comm 0xf6200c0 [nranks=2] stream 0xb778450
c197-091:21804:21804 [0] NCCL INFO AllReduce: opCount b sendbuff 0x2b15f5000000 recvbuff 0x2b15f5000000 count 4194304 datatype 6 op 0 root 0 comm 0xed23170 [nranks=2] stream 0x8f8f9d0
c197-091:21806:21806 [2] NCCL INFO AllReduce: opCount b sendbuff 0x2b8a71000000 recvbuff 0x2b8a71000000 count 4194304 datatype 6 op 0 root 0 comm 0xec4c510 [nranks=2] stream 0xb38e6d0
c197-091:21807:21807 [3] NCCL INFO AllReduce: opCount b sendbuff 0x2b01a2000000 recvbuff 0x2b01a2000000 count 4194304 datatype 6 op 0 root 0 comm 0xf7ec880 [nranks=2] stream 0xb943fa0
c197-091:21805:21805 [1] NCCL INFO AllReduce: opCount c sendbuff 0x2b9832000000 recvbuff 0x2b9832000000 count 4194304 datatype 6 op 0 root 0 comm 0xf6200c0 [nranks=2] stream 0xb778450
c197-091:21806:21806 [2] NCCL INFO AllReduce: opCount c sendbuff 0x2b8a71000000 recvbuff 0x2b8a71000000 count 4194304 datatype 6 op 0 root 0 comm 0xec4c510 [nranks=2] stream 0xb38e6d0
c197-091:21804:21804 [0] NCCL INFO AllReduce: opCount c sendbuff 0x2b15f5000000 recvbuff 0x2b15f5000000 count 4194304 datatype 6 op 0 root 0 comm 0xed23170 [nranks=2] stream 0x8f8f9d0
c197-091:21807:21807 [3] NCCL INFO AllReduce: opCount c sendbuff 0x2b01a2000000 recvbuff 0x2b01a2000000 count 4194304 datatype 6 op 0 root 0 comm 0xf7ec880 [nranks=2] stream 0xb943fa0
c197-091:21805:21805 [1] NCCL INFO AllReduce: opCount d sendbuff 0x2b983c800000 recvbuff 0x2b983c800000 count 4194304 datatype 6 op 0 root 0 comm 0xf6200c0 [nranks=2] stream 0xb778450
c197-091:21807:21807 [3] NCCL INFO AllReduce: opCount d sendbuff 0x2b01ac800000 recvbuff 0x2b01ac800000 count 4194304 datatype 6 op 0 root 0 comm 0xf7ec880 [nranks=2] stream 0xb943fa0
c197-091:21804:21804 [0] NCCL INFO AllReduce: opCount d sendbuff 0x2b15ff800000 recvbuff 0x2b15ff800000 count 4194304 datatype 6 op 0 root 0 comm 0xed23170 [nranks=2] stream 0x8f8f9d0
c197-091:21806:21806 [2] NCCL INFO AllReduce: opCount d sendbuff 0x2b8a7b800000 recvbuff 0x2b8a7b800000 count 4194304 datatype 6 op 0 root 0 comm 0xec4c510 [nranks=2] stream 0xb38e6d0
c197-091:21805:21805 [1] NCCL INFO AllReduce: opCount e sendbuff 0x2b983c800000 recvbuff 0x2b983c800000 count 4194304 datatype 6 op 0 root 0 comm 0xf6200c0 [nranks=2] stream 0xb778450
c197-091:21807:21807 [3] NCCL INFO AllReduce: opCount e sendbuff 0x2b01ac800000 recvbuff 0x2b01ac800000 count 4194304 datatype 6 op 0 root 0 comm 0xf7ec880 [nranks=2] stream 0xb943fa0
c197-091:21804:21804 [0] NCCL INFO AllReduce: opCount e sendbuff 0x2b15ff800000 recvbuff 0x2b15ff800000 count 4194304 datatype 6 op 0 root 0 comm 0xed23170 [nranks=2] stream 0x8f8f9d0
c197-091:21806:21806 [2] NCCL INFO AllReduce: opCount e sendbuff 0x2b8a7b800000 recvbuff 0x2b8a7b800000 count 4194304 datatype 6 op 0 root 0 comm 0xec4c510 [nranks=2] stream 0xb38e6d0
c197-091:21805:21805 [1] NCCL INFO AllReduce: opCount f sendbuff 0x2b9847000000 recvbuff 0x2b9847000000 count 4194304 datatype 6 op 0 root 0 comm 0xf6200c0 [nranks=2] stream 0xb778450
c197-091:21807:21807 [3] NCCL INFO AllReduce: opCount f sendbuff 0x2b01b7000000 recvbuff 0x2b01b7000000 count 4194304 datatype 6 op 0 root 0 comm 0xf7ec880 [nranks=2] stream 0xb943fa0
c197-091:21806:21806 [2] NCCL INFO AllReduce: opCount f sendbuff 0x2b8a86000000 recvbuff 0x2b8a86000000 count 4194304 datatype 6 op 0 root 0 comm 0xec4c510 [nranks=2] stream 0xb38e6d0
c197-091:21804:21804 [0] NCCL INFO AllReduce: opCount f sendbuff 0x2b160a000000 recvbuff 0x2b160a000000 count 4194304 datatype 6 op 0 root 0 comm 0xed23170 [nranks=2] stream 0x8f8f9d0
c197-091:21804:21804 [0] NCCL INFO Send: opCount a sendbuff (nil) recvbuff 0x2b160a800000 count 2097152 datatype 6 op 0 root 12 comm 0xbc8ef00 [nranks=16] stream 0x9ff2bd0
c197-091:21807:21807 [3] NCCL INFO Send: opCount a sendbuff (nil) recvbuff 0x2b01b7c00000 count 2097152 datatype 6 op 0 root 15 comm 0xc7bcb70 [nranks=16] stream 0xab20840
c197-091:21805:21805 [1] NCCL INFO Send: opCount a sendbuff (nil) recvbuff 0x2b9847c00000 count 2097152 datatype 6 op 0 root 13 comm 0xc5f1020 [nranks=16] stream 0xa954cf0
c197-091:21806:21806 [2] NCCL INFO Send: opCount a sendbuff (nil) recvbuff 0x2b8a86800000 count 2097152 datatype 6 op 0 root 14 comm 0xbb7e130 [nranks=16] stream 0x7d04cc0
c197-091:21804:23995 [0] NCCL INFO Connection to proxy localRank 0 -> connection 0x2b154c0022d0
c197-091:21804:22735 [0] NCCL INFO New proxy send connection 11 from local rank 0, transport 2
c197-091:21804:23995 [0] NCCL INFO Channel 00/1 : 8[2000] -> 12[2000] [send] via NET/IB/0/Shared
c197-091:21805:22736 [1] NCCL INFO New proxy send connection 5 from local rank 1, transport 2
c197-091:21805:23996 [1] NCCL INFO Connection to proxy localRank 1 -> connection 0x2b97c8002150
c197-091:21807:22734 [3] NCCL INFO New proxy send connection 5 from local rank 3, transport 2
c197-091:21805:23996 [1] NCCL INFO Channel 00/1 : 9[3000] -> 13[3000] [send] via NET/IB/0/Shared
c197-091:21804:22735 [0] NCCL INFO New proxy send connection 12 from local rank 0, transport 2
c197-091:21807:23997 [3] NCCL INFO Connection to proxy localRank 3 -> connection 0x2b0138002150
c197-091:21806:22737 [2] NCCL INFO New proxy send connection 3 from local rank 2, transport 2
c197-091:21805:22736 [1] NCCL INFO New proxy send connection 6 from local rank 1, transport 2
c197-091:21806:23998 [2] NCCL INFO Connection to proxy localRank 2 -> connection 0x2b89cc0020d0
c197-091:21807:23997 [3] NCCL INFO Channel 00/1 : 11[83000] -> 15[83000] [send] via NET/IB/0/Shared
c197-091:21806:23998 [2] NCCL INFO Channel 00/1 : 10[82000] -> 14[82000] [send] via NET/IB/0/Shared
c197-091:21807:22734 [3] NCCL INFO New proxy send connection 6 from local rank 3, transport 2
c197-091:21806:22737 [2] NCCL INFO New proxy send connection 4 from local rank 2, transport 2
c197-091:21804:23995 [0] NCCL INFO Connection to proxy localRank 0 -> connection 0x2b154c002310
c197-091:21805:23996 [1] NCCL INFO Connection to proxy localRank 1 -> connection 0x2b97c8002190
c197-091:21806:23998 [2] NCCL INFO Connection to proxy localRank 2 -> connection 0x2b89cc002110
c197-091:21807:23997 [3] NCCL INFO Connection to proxy localRank 3 -> connection 0x2b0138002190
c197-091:21804:23995 [0] NCCL INFO Channel 01/1 : 8[2000] -> 12[2000] [send] via NET/IB/0/Shared
c197-091:21805:23996 [1] NCCL INFO Channel 01/1 : 9[3000] -> 13[3000] [send] via NET/IB/0/Shared
c197-091:21806:23998 [2] NCCL INFO Channel 01/1 : 10[82000] -> 14[82000] [send] via NET/IB/0/Shared
c197-091:21807:23997 [3] NCCL INFO Channel 01/1 : 11[83000] -> 15[83000] [send] via NET/IB/0/Shared
c197-091:21805:22736 [1] NCCL INFO transport/net_ib.cc:596 Ib Alloc Size 26560 pointer 0x2b97c8055000
c197-091:21806:22737 [2] NCCL INFO transport/net_ib.cc:596 Ib Alloc Size 26560 pointer 0x2b89cc032000
c197-091:21804:22735 [0] NCCL INFO transport/net_ib.cc:596 Ib Alloc Size 26560 pointer 0x2b154c0a8000
c197-091:21807:22734 [3] NCCL INFO transport/net_ib.cc:596 Ib Alloc Size 26560 pointer 0x2b0138056000
c197-091:21805:22736 [1] NCCL INFO NET/IB: Dev 0 Port 1 qpn 89763 mtu 5 LID 6
c197-091:21805:22736 [1] NCCL INFO transport/net_ib.cc:653 Ib Alloc Size 552 pointer 0x2b97c805d000
c197-091:21806:22737 [2] NCCL INFO NET/IB: Dev 0 Port 1 qpn 89762 mtu 5 LID 6
c197-091:21806:22737 [2] NCCL INFO transport/net_ib.cc:653 Ib Alloc Size 552 pointer 0x2b89cc03a000
c197-091:21807:22734 [3] NCCL INFO NET/IB: Dev 0 Port 1 qpn 89764 mtu 5 LID 6
c197-091:21807:22734 [3] NCCL INFO transport/net_ib.cc:653 Ib Alloc Size 552 pointer 0x2b013805e000
c197-091:21804:22735 [0] NCCL INFO NET/IB: Dev 0 Port 1 qpn 89765 mtu 5 LID 6
c197-091:21804:22735 [0] NCCL INFO transport/net_ib.cc:653 Ib Alloc Size 552 pointer 0x2b154c0b0000
c197-091:21805:22736 [1] NCCL INFO transport/net.cc:382 Cuda Host Alloc Size 4194304 pointer 0x2b980d800000
c197-091:21805:22736 [1] NCCL INFO transport/net.cc:571 Cuda Host Alloc Size 8192 pointer 0x2b97c3204800
c197-091:21805:22736 [1] NCCL INFO transport/net_ib.cc:596 Ib Alloc Size 26560 pointer 0x2b97c805f000
c197-091:21806:22737 [2] NCCL INFO transport/net.cc:382 Cuda Host Alloc Size 4194304 pointer 0x2b8a91000000
c197-091:21806:22737 [2] NCCL INFO transport/net.cc:571 Cuda Host Alloc Size 8192 pointer 0x2b89c7347000
c197-091:21807:22734 [3] NCCL INFO transport/net.cc:382 Cuda Host Alloc Size 4194304 pointer 0x2b017d800000
c197-091:21804:22735 [0] NCCL INFO transport/net.cc:382 Cuda Host Alloc Size 4194304 pointer 0x2b1615000000
c197-091:21807:22734 [3] NCCL INFO transport/net.cc:571 Cuda Host Alloc Size 8192 pointer 0x2b0133204800
c197-091:21804:22735 [0] NCCL INFO transport/net.cc:571 Cuda Host Alloc Size 8192 pointer 0x2b1547347000
c197-091:21806:22737 [2] NCCL INFO transport/net_ib.cc:596 Ib Alloc Size 26560 pointer 0x2b89cc03c000
c197-091:21804:22735 [0] NCCL INFO transport/net_ib.cc:596 Ib Alloc Size 26560 pointer 0x2b154c0b2000
c197-091:21807:22734 [3] NCCL INFO transport/net_ib.cc:596 Ib Alloc Size 26560 pointer 0x2b0138060000
c197-091:21805:22736 [1] NCCL INFO NET/IB: Dev 0 Port 1 qpn 89766 mtu 5 LID 6
c197-091:21805:22736 [1] NCCL INFO transport/net_ib.cc:653 Ib Alloc Size 552 pointer 0x2b97c8067000
c197-091:21805:22736 [1] NCCL INFO transport/net.cc:571 Cuda Host Alloc Size 8192 pointer 0x2b97c3206800
c197-091:21806:22737 [2] NCCL INFO NET/IB: Dev 0 Port 1 qpn 89767 mtu 5 LID 6
c197-091:21806:22737 [2] NCCL INFO transport/net_ib.cc:653 Ib Alloc Size 552 pointer 0x2b89cc044000
c197-091:21806:22737 [2] NCCL INFO transport/net.cc:571 Cuda Host Alloc Size 8192 pointer 0x2b89c7349000
c197-091:21804:22735 [0] NCCL INFO NET/IB: Dev 0 Port 1 qpn 89768 mtu 5 LID 6
c197-091:21804:22735 [0] NCCL INFO transport/net_ib.cc:653 Ib Alloc Size 552 pointer 0x2b154c0ba000
c197-091:21804:22735 [0] NCCL INFO transport/net.cc:571 Cuda Host Alloc Size 8192 pointer 0x2b1547349000
c197-091:21807:22734 [3] NCCL INFO NET/IB: Dev 0 Port 1 qpn 89769 mtu 5 LID 6
c197-091:21807:22734 [3] NCCL INFO transport/net_ib.cc:653 Ib Alloc Size 552 pointer 0x2b0138068000
c197-091:21807:22734 [3] NCCL INFO transport/net.cc:571 Cuda Host Alloc Size 8192 pointer 0x2b0133206800
c197-091:21805:21805 [1] NCCL INFO Recv: opCount b sendbuff (nil) recvbuff 0x2b983c800000 count 2097152 datatype 6 op 0 root 13 comm 0xc5f1020 [nranks=16] stream 0xa954cf0
c197-091:21805:22736 [1] NCCL INFO New proxy recv connection 7 from local rank 1, transport 2
c197-091:21804:21804 [0] NCCL INFO Recv: opCount b sendbuff (nil) recvbuff 0x2b15ff800000 count 2097152 datatype 6 op 0 root 12 comm 0xbc8ef00 [nranks=16] stream 0x9ff2bd0
c197-091:21804:22735 [0] NCCL INFO New proxy recv connection 13 from local rank 0, transport 2
c197-091:21806:21806 [2] NCCL INFO Recv: opCount b sendbuff (nil) recvbuff 0x2b8a7b800000 count 2097152 datatype 6 op 0 root 14 comm 0xbb7e130 [nranks=16] stream 0x7d04cc0
c197-091:21806:22737 [2] NCCL INFO New proxy recv connection 5 from local rank 2, transport 2
c197-091:21807:21807 [3] NCCL INFO Recv: opCount b sendbuff (nil) recvbuff 0x2b01ac800000 count 2097152 datatype 6 op 0 root 15 comm 0xc7bcb70 [nranks=16] stream 0xab20840
c197-091:21807:22734 [3] NCCL INFO New proxy recv connection 7 from local rank 3, transport 2
c197-091:21805:24043 [1] NCCL INFO Connection to proxy localRank 1 -> connection 0x2b97c80021d0
c197-091:21805:24043 [1] NCCL INFO Channel 00/1 : 13[3000] -> 9[3000] [receive] via NET/IB/0/Shared
c197-091:21805:22736 [1] NCCL INFO New proxy recv connection 8 from local rank 1, transport 2
c197-091:21806:24045 [2] NCCL INFO Connection to proxy localRank 2 -> connection 0x2b89cc002150
c197-091:21804:24044 [0] NCCL INFO Connection to proxy localRank 0 -> connection 0x2b154c002350
c197-091:21806:24045 [2] NCCL INFO Channel 00/1 : 14[82000] -> 10[82000] [receive] via NET/IB/0/Shared
c197-091:21804:24044 [0] NCCL INFO Channel 00/1 : 12[2000] -> 8[2000] [receive] via NET/IB/0/Shared
c197-091:21806:22737 [2] NCCL INFO New proxy recv connection 6 from local rank 2, transport 2
c197-091:21804:22735 [0] NCCL INFO New proxy recv connection 14 from local rank 0, transport 2
c197-091:21807:24046 [3] NCCL INFO Connection to proxy localRank 3 -> connection 0x2b01380021d0
c197-091:21807:24046 [3] NCCL INFO Channel 00/1 : 15[83000] -> 11[83000] [receive] via NET/IB/0/Shared
c197-091:21807:22734 [3] NCCL INFO New proxy recv connection 8 from local rank 3, transport 2
c197-091:21805:24043 [1] NCCL INFO Connection to proxy localRank 1 -> connection 0x2b97c8002210
c197-091:21805:24043 [1] NCCL INFO Channel 01/1 : 13[3000] -> 9[3000] [receive] via NET/IB/0/Shared
c197-091:21804:24044 [0] NCCL INFO Connection to proxy localRank 0 -> connection 0x2b154c002390
c197-091:21806:24045 [2] NCCL INFO Connection to proxy localRank 2 -> connection 0x2b89cc002190
c197-091:21806:24045 [2] NCCL INFO Channel 01/1 : 14[82000] -> 10[82000] [receive] via NET/IB/0/Shared
c197-091:21804:24044 [0] NCCL INFO Channel 01/1 : 12[2000] -> 8[2000] [receive] via NET/IB/0/Shared
c197-091:21807:24046 [3] NCCL INFO Connection to proxy localRank 3 -> connection 0x2b0138002210
c197-091:21807:24046 [3] NCCL INFO Channel 01/1 : 15[83000] -> 11[83000] [receive] via NET/IB/0/Shared
c197-091:21807:22734 [3] NCCL INFO transport/net_ib.cc:683 Ib Alloc Size 21688 pointer 0x2b0138072000
c197-091:21807:22734 [3] NCCL INFO transport/net_ib.cc:696 Ib Alloc Size 552 pointer 0x2b0138079000
c197-091:21805:22736 [1] NCCL INFO transport/net_ib.cc:683 Ib Alloc Size 21688 pointer 0x2b97c8071000
c197-091:21804:22735 [0] NCCL INFO transport/net_ib.cc:683 Ib Alloc Size 21688 pointer 0x2b154c0c4000
c197-091:21806:22737 [2] NCCL INFO transport/net_ib.cc:683 Ib Alloc Size 21688 pointer 0x2b89cc04e000
c197-091:21805:22736 [1] NCCL INFO transport/net_ib.cc:696 Ib Alloc Size 552 pointer 0x2b97c8078000
c197-091:21804:22735 [0] NCCL INFO transport/net_ib.cc:696 Ib Alloc Size 552 pointer 0x2b154c0cb000
c197-091:21806:22737 [2] NCCL INFO transport/net_ib.cc:696 Ib Alloc Size 552 pointer 0x2b89cc055000
c197-091:21807:22734 [3] NCCL INFO transport/net_ib.cc:771 Ib Alloc Size 552 pointer 0x2b0138079000
c197-091:21807:22734 [3] NCCL INFO transport/net.cc:698 Cuda Host Alloc Size 8192 pointer 0x2b0133208800
c197-091:21807:22734 [3] NCCL INFO transport/net_ib.cc:683 Ib Alloc Size 21688 pointer 0x2b0138079000
c197-091:21807:22734 [3] NCCL INFO transport/net_ib.cc:696 Ib Alloc Size 552 pointer 0x2b0138080000
c197-091:21806:22737 [2] NCCL INFO transport/net_ib.cc:771 Ib Alloc Size 552 pointer 0x2b89cc055000
c197-091:21806:22737 [2] NCCL INFO transport/net.cc:698 Cuda Host Alloc Size 8192 pointer 0x2b89c734b000
c197-091:21806:22737 [2] NCCL INFO transport/net_ib.cc:683 Ib Alloc Size 21688 pointer 0x2b89cc055000
c197-091:21804:22735 [0] NCCL INFO transport/net_ib.cc:771 Ib Alloc Size 552 pointer 0x2b154c0cb000
c197-091:21805:22736 [1] NCCL INFO transport/net_ib.cc:771 Ib Alloc Size 552 pointer 0x2b97c8078000
c197-091:21804:22735 [0] NCCL INFO transport/net.cc:698 Cuda Host Alloc Size 8192 pointer 0x2b154734b000
c197-091:21805:22736 [1] NCCL INFO transport/net.cc:698 Cuda Host Alloc Size 8192 pointer 0x2b97c3208800
c197-091:21805:22736 [1] NCCL INFO transport/net_ib.cc:683 Ib Alloc Size 21688 pointer 0x2b97c8078000
c197-091:21804:22735 [0] NCCL INFO transport/net_ib.cc:683 Ib Alloc Size 21688 pointer 0x2b154c0cb000
c197-091:21806:22737 [2] NCCL INFO transport/net_ib.cc:696 Ib Alloc Size 552 pointer 0x2b89cc05c000
c197-091:21807:22734 [3] NCCL INFO transport/net_ib.cc:771 Ib Alloc Size 552 pointer 0x2b0138080000
c197-091:21807:22734 [3] NCCL INFO transport/net.cc:698 Cuda Host Alloc Size 8192 pointer 0x2b013320a800
c197-091:21805:22736 [1] NCCL INFO transport/net_ib.cc:696 Ib Alloc Size 552 pointer 0x2b97c807f000
c197-091:21804:22735 [0] NCCL INFO transport/net_ib.cc:696 Ib Alloc Size 552 pointer 0x2b154c0d2000
c197-091:21807:21807 [3] NCCL INFO AllGather: opCount 10 sendbuff 0x2b01ac800000 recvbuff 0x2b01b7000000 count 4194304 datatype 0 op 0 root 0 comm 0xf7ec880 [nranks=2] stream 0xb943fa0
c197-091:21806:22737 [2] NCCL INFO transport/net_ib.cc:771 Ib Alloc Size 552 pointer 0x2b89cc05c000
c197-091:21806:22737 [2] NCCL INFO transport/net.cc:698 Cuda Host Alloc Size 8192 pointer 0x2b89c734d000
c197-091:21805:22736 [1] NCCL INFO transport/net_ib.cc:771 Ib Alloc Size 552 pointer 0x2b97c807f000
c197-091:21805:22736 [1] NCCL INFO transport/net.cc:698 Cuda Host Alloc Size 8192 pointer 0x2b97c320a800
c197-091:21804:22735 [0] NCCL INFO transport/net_ib.cc:771 Ib Alloc Size 552 pointer 0x2b154c0d2000
c197-091:21804:22735 [0] NCCL INFO transport/net.cc:698 Cuda Host Alloc Size 8192 pointer 0x2b154734d000
c197-091:21806:21806 [2] NCCL INFO AllGather: opCount 10 sendbuff 0x2b8a7b800000 recvbuff 0x2b8a86000000 count 4194304 datatype 0 op 0 root 0 comm 0xec4c510 [nranks=2] stream 0xb38e6d0
c197-091:21804:21804 [0] NCCL INFO AllGather: opCount 10 sendbuff 0x2b15ff800000 recvbuff 0x2b160a000000 count 4194304 datatype 0 op 0 root 0 comm 0xed23170 [nranks=2] stream 0x8f8f9d0
c197-091:21805:21805 [1] NCCL INFO AllGather: opCount 10 sendbuff 0x2b983c800000 recvbuff 0x2b9847000000 count 4194304 datatype 0 op 0 root 0 comm 0xf6200c0 [nranks=2] stream 0xb778450
c197-091:21806:24225 [2] NCCL INFO AllReduce: opCount 11 sendbuff 0x2b8a7b800000 recvbuff 0x2b8a7b800000 count 4194304 datatype 6 op 0 root 0 comm 0xec4c510 [nranks=2] stream 0xb38e6d0
c197-091:21805:24218 [1] NCCL INFO AllReduce: opCount 11 sendbuff 0x2b983c800000 recvbuff 0x2b983c800000 count 4194304 datatype 6 op 0 root 0 comm 0xf6200c0 [nranks=2] stream 0xb778450
c197-091:21804:24213 [0] NCCL INFO AllReduce: opCount 11 sendbuff 0x2b15ff800000 recvbuff 0x2b15ff800000 count 4194304 datatype 6 op 0 root 0 comm 0xed23170 [nranks=2] stream 0x8f8f9d0
c197-091:21807:24229 [3] NCCL INFO AllReduce: opCount 11 sendbuff 0x2b01ac800000 recvbuff 0x2b01ac800000 count 4194304 datatype 6 op 0 root 0 comm 0xf7ec880 [nranks=2] stream 0xb943fa0
c197-091:21804:24213 [0] NCCL INFO AllReduce: opCount 12 sendbuff 0x2b15f5000000 recvbuff 0x2b15f5000000 count 4194304 datatype 6 op 0 root 0 comm 0xed23170 [nranks=2] stream 0x8f8f9d0
c197-091:21805:24218 [1] NCCL INFO AllReduce: opCount 12 sendbuff 0x2b9832000000 recvbuff 0x2b9832000000 count 4194304 datatype 6 op 0 root 0 comm 0xf6200c0 [nranks=2] stream 0xb778450
c197-091:21807:24229 [3] NCCL INFO AllReduce: opCount 12 sendbuff 0x2b01a2000000 recvbuff 0x2b01a2000000 count 4194304 datatype 6 op 0 root 0 comm 0xf7ec880 [nranks=2] stream 0xb943fa0
c197-091:21806:24225 [2] NCCL INFO AllReduce: opCount 12 sendbuff 0x2b8a71000000 recvbuff 0x2b8a71000000 count 4194304 datatype 6 op 0 root 0 comm 0xec4c510 [nranks=2] stream 0xb38e6d0
c197-091:21804:24213 [0] NCCL INFO AllReduce: opCount 13 sendbuff 0x2b15f5000000 recvbuff 0x2b15f5000000 count 4194304 datatype 6 op 0 root 0 comm 0xed23170 [nranks=2] stream 0x8f8f9d0
c197-091:21805:24218 [1] NCCL INFO AllReduce: opCount 13 sendbuff 0x2b9832000000 recvbuff 0x2b9832000000 count 4194304 datatype 6 op 0 root 0 comm 0xf6200c0 [nranks=2] stream 0xb778450
c197-091:21804:24213 [0] NCCL INFO AllReduce: opCount 14 sendbuff 0x2b15ea800000 recvbuff 0x2b15ea800000 count 4194304 datatype 6 op 0 root 0 comm 0xed23170 [nranks=2] stream 0x8f8f9d0
c197-091:21805:24218 [1] NCCL INFO AllReduce: opCount 14 sendbuff 0x2b9827800000 recvbuff 0x2b9827800000 count 4194304 datatype 6 op 0 root 0 comm 0xf6200c0 [nranks=2] stream 0xb778450
c197-091:21804:24213 [0] NCCL INFO AllReduce: opCount 15 sendbuff 0x2b1607800000 recvbuff 0x2b1607800000 count 4194304 datatype 6 op 0 root 0 comm 0xed23170 [nranks=2] stream 0x8f8f9d0
c197-091:21805:24218 [1] NCCL INFO AllReduce: opCount 15 sendbuff 0x2b9844800000 recvbuff 0x2b9844800000 count 4194304 datatype 6 op 0 root 0 comm 0xf6200c0 [nranks=2] stream 0xb778450
c197-091:21804:24213 [0] NCCL INFO AllReduce: opCount 16 sendbuff 0x2b15e0000000 recvbuff 0x2b15e0000000 count 4194304 datatype 6 op 0 root 0 comm 0xed23170 [nranks=2] stream 0x8f8f9d0
c197-091:21805:24218 [1] NCCL INFO AllReduce: opCount 16 sendbuff 0x2b981d000000 recvbuff 0x2b981d000000 count 4194304 datatype 6 op 0 root 0 comm 0xf6200c0 [nranks=2] stream 0xb778450
c197-091:21804:24213 [0] NCCL INFO AllReduce: opCount 17 sendbuff 0x2b160a800000 recvbuff 0x2b160a800000 count 4194304 datatype 6 op 0 root 0 comm 0xed23170 [nranks=2] stream 0x8f8f9d0
c197-091:21805:24218 [1] NCCL INFO AllReduce: opCount 17 sendbuff 0x2b9847800000 recvbuff 0x2b9847800000 count 4194304 datatype 6 op 0 root 0 comm 0xf6200c0 [nranks=2] stream 0xb778450
c197-091:21804:24213 [0] NCCL INFO AllReduce: opCount 18 sendbuff 0x2b15cc800000 recvbuff 0x2b15cc800000 count 4194304 datatype 6 op 0 root 0 comm 0xed23170 [nranks=2] stream 0x8f8f9d0
c197-091:21805:24218 [1] NCCL INFO AllReduce: opCount 18 sendbuff 0x2b97b8400000 recvbuff 0x2b97b8400000 count 4194304 datatype 6 op 0 root 0 comm 0xf6200c0 [nranks=2] stream 0xb778450
c197-091:21804:24213 [0] NCCL INFO AllReduce: opCount 19 sendbuff 0x2b15e0800000 recvbuff 0x2b15e0800000 count 4194304 datatype 6 op 0 root 0 comm 0xed23170 [nranks=2] stream 0x8f8f9d0
c197-091:21805:24218 [1] NCCL INFO AllReduce: opCount 19 sendbuff 0x2b981d800000 recvbuff 0x2b981d800000 count 4194304 datatype 6 op 0 root 0 comm 0xf6200c0 [nranks=2] stream 0xb778450
c197-091:21804:24213 [0] NCCL INFO AllReduce: opCount 1a sendbuff 0x2b15da000000 recvbuff 0x2b15da000000 count 4194304 datatype 6 op 0 root 0 comm 0xed23170 [nranks=2] stream 0x8f8f9d0
c197-091:21805:24218 [1] NCCL INFO AllReduce: opCount 1a sendbuff 0x2b9815000000 recvbuff 0x2b9815000000 count 4194304 datatype 6 op 0 root 0 comm 0xf6200c0 [nranks=2] stream 0xb778450
c197-091:21804:24213 [0] NCCL INFO AllReduce: opCount 1b sendbuff 0x2b15da800000 recvbuff 0x2b15da800000 count 4194304 datatype 6 op 0 root 0 comm 0xed23170 [nranks=2] stream 0x8f8f9d0
c197-091:21805:24218 [1] NCCL INFO AllReduce: opCount 1b sendbuff 0x2b9815800000 recvbuff 0x2b9815800000 count 4194304 datatype 6 op 0 root 0 comm 0xf6200c0 [nranks=2] stream 0xb778450
c197-091:21804:24213 [0] NCCL INFO AllReduce: opCount 1c sendbuff 0x2b1607800000 recvbuff 0x2b1607800000 count 4194304 datatype 6 op 0 root 0 comm 0xed23170 [nranks=2] stream 0x8f8f9d0
c197-091:21805:24218 [1] NCCL INFO AllReduce: opCount 1c sendbuff 0x2b9844800000 recvbuff 0x2b9844800000 count 4194304 datatype 6 op 0 root 0 comm 0xf6200c0 [nranks=2] stream 0xb778450
c197-091:21806:24225 [2] NCCL INFO AllReduce: opCount 13 sendbuff 0x2b8a71000000 recvbuff 0x2b8a71000000 count 4194304 datatype 6 op 0 root 0 comm 0xec4c510 [nranks=2] stream 0xb38e6d0
c197-091:21807:24229 [3] NCCL INFO AllReduce: opCount 13 sendbuff 0x2b01a2000000 recvbuff 0x2b01a2000000 count 4194304 datatype 6 op 0 root 0 comm 0xf7ec880 [nranks=2] stream 0xb943fa0
c197-091:21806:24225 [2] NCCL INFO AllReduce: opCount 14 sendbuff 0x2b8a66800000 recvbuff 0x2b8a66800000 count 4194304 datatype 6 op 0 root 0 comm 0xec4c510 [nranks=2] stream 0xb38e6d0
c197-091:21807:24229 [3] NCCL INFO AllReduce: opCount 14 sendbuff 0x2b0197800000 recvbuff 0x2b0197800000 count 4194304 datatype 6 op 0 root 0 comm 0xf7ec880 [nranks=2] stream 0xb943fa0
c197-091:21806:24225 [2] NCCL INFO AllReduce: opCount 15 sendbuff 0x2b8a83800000 recvbuff 0x2b8a83800000 count 4194304 datatype 6 op 0 root 0 comm 0xec4c510 [nranks=2] stream 0xb38e6d0
c197-091:21807:24229 [3] NCCL INFO AllReduce: opCount 15 sendbuff 0x2b01b4800000 recvbuff 0x2b01b4800000 count 4194304 datatype 6 op 0 root 0 comm 0xf7ec880 [nranks=2] stream 0xb943fa0
c197-091:21806:24225 [2] NCCL INFO AllReduce: opCount 16 sendbuff 0x2b8a5c000000 recvbuff 0x2b8a5c000000 count 4194304 datatype 6 op 0 root 0 comm 0xec4c510 [nranks=2] stream 0xb38e6d0
c197-091:21807:24229 [3] NCCL INFO AllReduce: opCount 16 sendbuff 0x2b018d000000 recvbuff 0x2b018d000000 count 4194304 datatype 6 op 0 root 0 comm 0xf7ec880 [nranks=2] stream 0xb943fa0
c197-091:21807:24229 [3] NCCL INFO AllReduce: opCount 17 sendbuff 0x2b01b7800000 recvbuff 0x2b01b7800000 count 4194304 datatype 6 op 0 root 0 comm 0xf7ec880 [nranks=2] stream 0xb943fa0
c197-091:21806:24225 [2] NCCL INFO AllReduce: opCount 17 sendbuff 0x2b8a66800000 recvbuff 0x2b8a66800000 count 4194304 datatype 6 op 0 root 0 comm 0xec4c510 [nranks=2] stream 0xb38e6d0
c197-091:21807:24229 [3] NCCL INFO AllReduce: opCount 18 sendbuff 0x2b012c400000 recvbuff 0x2b012c400000 count 4194304 datatype 6 op 0 root 0 comm 0xf7ec880 [nranks=2] stream 0xb943fa0
c197-091:21806:24225 [2] NCCL INFO AllReduce: opCount 18 sendbuff 0x2b8a48800000 recvbuff 0x2b8a48800000 count 4194304 datatype 6 op 0 root 0 comm 0xec4c510 [nranks=2] stream 0xb38e6d0
c197-091:21807:24229 [3] NCCL INFO AllReduce: opCount 19 sendbuff 0x2b018d800000 recvbuff 0x2b018d800000 count 4194304 datatype 6 op 0 root 0 comm 0xf7ec880 [nranks=2] stream 0xb943fa0
c197-091:21806:24225 [2] NCCL INFO AllReduce: opCount 19 sendbuff 0x2b8a5c800000 recvbuff 0x2b8a5c800000 count 4194304 datatype 6 op 0 root 0 comm 0xec4c510 [nranks=2] stream 0xb38e6d0
c197-091:21806:24225 [2] NCCL INFO AllReduce: opCount 1a sendbuff 0x2b8a56000000 recvbuff 0x2b8a56000000 count 4194304 datatype 6 op 0 root 0 comm 0xec4c510 [nranks=2] stream 0xb38e6d0
c197-091:21807:24229 [3] NCCL INFO AllReduce: opCount 1a sendbuff 0x2b0185000000 recvbuff 0x2b0185000000 count 4194304 datatype 6 op 0 root 0 comm 0xf7ec880 [nranks=2] stream 0xb943fa0
c197-091:21807:24229 [3] NCCL INFO AllReduce: opCount 1b sendbuff 0x2b0185800000 recvbuff 0x2b0185800000 count 4194304 datatype 6 op 0 root 0 comm 0xf7ec880 [nranks=2] stream 0xb943fa0
c197-091:21806:24225 [2] NCCL INFO AllReduce: opCount 1b sendbuff 0x2b8a56800000 recvbuff 0x2b8a56800000 count 4194304 datatype 6 op 0 root 0 comm 0xec4c510 [nranks=2] stream 0xb38e6d0
c197-091:21807:24229 [3] NCCL INFO AllReduce: opCount 1c sendbuff 0x2b01b4800000 recvbuff 0x2b01b4800000 count 4194304 datatype 6 op 0 root 0 comm 0xf7ec880 [nranks=2] stream 0xb943fa0
c197-091:21806:24225 [2] NCCL INFO AllReduce: opCount 1c sendbuff 0x2b8a66000000 recvbuff 0x2b8a66000000 count 4194304 datatype 6 op 0 root 0 comm 0xec4c510 [nranks=2] stream 0xb38e6d0
c197-091:21805:21805 [1] NCCL INFO Send: opCount c sendbuff (nil) recvbuff 0x2b9844400000 count 2097152 datatype 6 op 0 root 5 comm 0xc5f1020 [nranks=16] stream 0xa954cf0
c197-091:21805:22736 [1] NCCL INFO New proxy send connection 9 from local rank 1, transport 2
c197-091:21805:24348 [1] NCCL INFO Connection to proxy localRank 1 -> connection 0x2b97c8002250
c197-091:21805:24348 [1] NCCL INFO Channel 00/1 : 9[3000] -> 5[3000] [send] via NET/IB/0/Shared
c197-091:21805:22736 [1] NCCL INFO New proxy send connection 10 from local rank 1, transport 2
c197-091:21804:21804 [0] NCCL INFO Send: opCount c sendbuff (nil) recvbuff 0x2b1607000000 count 2097152 datatype 6 op 0 root 4 comm 0xbc8ef00 [nranks=16] stream 0x9ff2bd0
c197-091:21804:22735 [0] NCCL INFO New proxy send connection 15 from local rank 0, transport 2
c197-091:21804:24349 [0] NCCL INFO Connection to proxy localRank 0 -> connection 0x2b154c0023d0
c197-091:21804:24349 [0] NCCL INFO Channel 00/1 : 8[2000] -> 4[2000] [send] via NET/IB/0/Shared
c197-091:21804:22735 [0] NCCL INFO New proxy send connection 16 from local rank 0, transport 2
c197-091:21807:21807 [3] NCCL INFO Send: opCount c sendbuff (nil) recvbuff 0x2b01b4400000 count 2097152 datatype 6 op 0 root 7 comm 0xc7bcb70 [nranks=16] stream 0xab20840
c197-091:21806:21806 [2] NCCL INFO Send: opCount c sendbuff (nil) recvbuff 0x2b8a83000000 count 2097152 datatype 6 op 0 root 6 comm 0xbb7e130 [nranks=16] stream 0x7d04cc0
c197-091:21807:22734 [3] NCCL INFO New proxy send connection 9 from local rank 3, transport 2
c197-091:21807:24350 [3] NCCL INFO Connection to proxy localRank 3 -> connection 0x2b0138002250
c197-091:21807:24350 [3] NCCL INFO Channel 00/1 : 11[83000] -> 7[83000] [send] via NET/IB/0/Shared
c197-091:21807:22734 [3] NCCL INFO New proxy send connection 10 from local rank 3, transport 2
c197-091:21806:22737 [2] NCCL INFO New proxy send connection 7 from local rank 2, transport 2
c197-091:21806:24351 [2] NCCL INFO Connection to proxy localRank 2 -> connection 0x2b89cc0021d0
c197-091:21806:24351 [2] NCCL INFO Channel 00/1 : 10[82000] -> 6[82000] [send] via NET/IB/0/Shared
c197-091:21806:22737 [2] NCCL INFO New proxy send connection 8 from local rank 2, transport 2
c197-091:21805:24348 [1] NCCL INFO Connection to proxy localRank 1 -> connection 0x2b97c8002290
c197-091:21805:24348 [1] NCCL INFO Channel 01/1 : 9[3000] -> 5[3000] [send] via NET/IB/0/Shared
c197-091:21805:22736 [1] NCCL INFO transport/net_ib.cc:596 Ib Alloc Size 26560 pointer 0x2b97c808a000
c197-091:21805:22736 [1] NCCL INFO NET/IB: Dev 0 Port 1 qpn 89778 mtu 5 LID 6
c197-091:21805:22736 [1] NCCL INFO transport/net_ib.cc:653 Ib Alloc Size 552 pointer 0x2b97c8092000
c197-091:21805:22736 [1] NCCL INFO transport/net.cc:571 Cuda Host Alloc Size 8192 pointer 0x2b97c320c800
c197-091:21805:22736 [1] NCCL INFO transport/net_ib.cc:596 Ib Alloc Size 26560 pointer 0x2b97c8092000
c197-091:21805:22736 [1] NCCL INFO NET/IB: Dev 0 Port 1 qpn 89779 mtu 5 LID 6
c197-091:21805:22736 [1] NCCL INFO transport/net_ib.cc:653 Ib Alloc Size 552 pointer 0x2b97c809a000
c197-091:21804:24349 [0] NCCL INFO Connection to proxy localRank 0 -> connection 0x2b154c002410
c197-091:21805:22736 [1] NCCL INFO transport/net.cc:571 Cuda Host Alloc Size 8192 pointer 0x2b97c320e800
c197-091:21804:24349 [0] NCCL INFO Channel 01/1 : 8[2000] -> 4[2000] [send] via NET/IB/0/Shared
c197-091:21804:22735 [0] NCCL INFO transport/net_ib.cc:596 Ib Alloc Size 26560 pointer 0x2b154c0dc000
c197-091:21804:22735 [0] NCCL INFO NET/IB: Dev 0 Port 1 qpn 89780 mtu 5 LID 6
c197-091:21804:22735 [0] NCCL INFO transport/net_ib.cc:653 Ib Alloc Size 552 pointer 0x2b154c0e4000
c197-091:21804:22735 [0] NCCL INFO transport/net.cc:571 Cuda Host Alloc Size 8192 pointer 0x2b154734f000
c197-091:21804:22735 [0] NCCL INFO transport/net_ib.cc:596 Ib Alloc Size 26560 pointer 0x2b154c0e4000
c197-091:21804:22735 [0] NCCL INFO NET/IB: Dev 0 Port 1 qpn 89781 mtu 5 LID 6
c197-091:21804:22735 [0] NCCL INFO transport/net_ib.cc:653 Ib Alloc Size 552 pointer 0x2b154c0ec000
c197-091:21804:22735 [0] NCCL INFO transport/net.cc:571 Cuda Host Alloc Size 8192 pointer 0x2b1547351000
c197-091:21806:24351 [2] NCCL INFO Connection to proxy localRank 2 -> connection 0x2b89cc002210
c197-091:21807:24350 [3] NCCL INFO Connection to proxy localRank 3 -> connection 0x2b0138002290
c197-091:21806:24351 [2] NCCL INFO Channel 01/1 : 10[82000] -> 6[82000] [send] via NET/IB/0/Shared
c197-091:21807:24350 [3] NCCL INFO Channel 01/1 : 11[83000] -> 7[83000] [send] via NET/IB/0/Shared
c197-091:21807:22734 [3] NCCL INFO transport/net_ib.cc:596 Ib Alloc Size 26560 pointer 0x2b013808a000
c197-091:21806:22737 [2] NCCL INFO transport/net_ib.cc:596 Ib Alloc Size 26560 pointer 0x2b89cc066000
c197-091:21807:22734 [3] NCCL INFO NET/IB: Dev 0 Port 1 qpn 89782 mtu 5 LID 6
c197-091:21807:22734 [3] NCCL INFO transport/net_ib.cc:653 Ib Alloc Size 552 pointer 0x2b0138092000
c197-091:21807:22734 [3] NCCL INFO transport/net.cc:571 Cuda Host Alloc Size 8192 pointer 0x2b013320c800
c197-091:21806:22737 [2] NCCL INFO NET/IB: Dev 0 Port 1 qpn 89783 mtu 5 LID 6
c197-091:21806:22737 [2] NCCL INFO transport/net_ib.cc:653 Ib Alloc Size 552 pointer 0x2b89cc06e000
c197-091:21807:22734 [3] NCCL INFO transport/net_ib.cc:596 Ib Alloc Size 26560 pointer 0x2b0138092000
c197-091:21806:22737 [2] NCCL INFO transport/net.cc:571 Cuda Host Alloc Size 8192 pointer 0x2b89c734f000
c197-091:21806:22737 [2] NCCL INFO transport/net_ib.cc:596 Ib Alloc Size 26560 pointer 0x2b89cc06e000
c197-091:21807:22734 [3] NCCL INFO NET/IB: Dev 0 Port 1 qpn 89784 mtu 5 LID 6
c197-091:21807:22734 [3] NCCL INFO transport/net_ib.cc:653 Ib Alloc Size 552 pointer 0x2b013809a000
c197-091:21807:22734 [3] NCCL INFO transport/net.cc:571 Cuda Host Alloc Size 8192 pointer 0x2b013320e800
c197-091:21806:22737 [2] NCCL INFO NET/IB: Dev 0 Port 1 qpn 89785 mtu 5 LID 6
c197-091:21806:22737 [2] NCCL INFO transport/net_ib.cc:653 Ib Alloc Size 552 pointer 0x2b89cc076000
c197-091:21806:22737 [2] NCCL INFO transport/net.cc:571 Cuda Host Alloc Size 8192 pointer 0x2b89c7351000
NCCL version 2.14.3+cuda11.8
c197-091:21805:21805 [1] NCCL INFO init.cc:1147 Cuda Host Alloc Size 4 pointer 0x2b97c3210800
c197-091:21805:24353 [1] NCCL INFO Using network IB
c197-091:21804:21804 [0] NCCL INFO AllReduce: opCount 2 sendbuff 0x2b1566000000 recvbuff 0x2b1566000000 count 37807104 datatype 6 op 0 root 0 comm 0xecc4420 [nranks=2] stream 0xae16330
c197-091:21807:21807 [3] NCCL INFO init.cc:1147 Cuda Host Alloc Size 4 pointer 0x2b0133210800
c197-091:21807:24354 [3] NCCL INFO Using network IB
c197-091:21806:21806 [2] NCCL INFO AllReduce: opCount 2 sendbuff 0x2b89e4000000 recvbuff 0x2b89e4000000 count 37807104 datatype 6 op 0 root 0 comm 0xebb2b50 [nranks=2] stream 0xb331430
c197-091:21807:24354 [3] NCCL INFO NET/IB : GPU Direct RDMA Disabled for HCA 0 'mlx4_0'
c197-091:21807:24354 [3] NCCL INFO === System : maxBw 6.0 totalBw 12.0 ===
c197-091:21807:24354 [3] NCCL INFO CPU/0 (1/1/1)
c197-091:21807:24354 [3] NCCL INFO + PCI[12.0] - GPU/3000 (0)
c197-091:21807:24354 [3] NCCL INFO + PCI[6.0] - NIC/1000
c197-091:21807:24354 [3] NCCL INFO + SYS[6.0] - CPU/1
c197-091:21807:24354 [3] NCCL INFO CPU/1 (1/1/1)
c197-091:21807:24354 [3] NCCL INFO + PCI[12.0] - GPU/83000 (1)
c197-091:21807:24354 [3] NCCL INFO + SYS[6.0] - CPU/0
c197-091:21807:24354 [3] NCCL INFO ==========================================
c197-091:21807:24354 [3] NCCL INFO GPU/3000 :GPU/3000 (0/5000.000000/LOC) GPU/83000 (3/6.000000/SYS) CPU/0 (1/12.000000/PHB) CPU/1 (2/6.000000/SYS) 
c197-091:21807:24354 [3] NCCL INFO GPU/83000 :GPU/3000 (3/6.000000/SYS) GPU/83000 (0/5000.000000/LOC) CPU/0 (2/6.000000/SYS) CPU/1 (1/12.000000/PHB) 
c197-091:21807:24354 [3] NCCL INFO Setting affinity for GPU 3 to ff00ff00
c197-091:21807:24354 [3] NCCL INFO Pattern 4, crossNic 0, nChannels 1, bw 6.000000/6.000000, type SYS/PIX, sameChannels 1
c197-091:21807:24354 [3] NCCL INFO  0 : GPU/0 GPU/1
c197-091:21807:24354 [3] NCCL INFO Pattern 1, crossNic 0, nChannels 1, bw 6.000000/6.000000, type SYS/PIX, sameChannels 1
c197-091:21807:24354 [3] NCCL INFO  0 : GPU/0 GPU/1
c197-091:21807:24354 [3] NCCL INFO Pattern 3, crossNic 0, nChannels 1, bw 6.000000/6.000000, type SYS/PIX, sameChannels 1
c197-091:21807:24354 [3] NCCL INFO  0 : GPU/0 GPU/1
c197-091:21805:24353 [1] NCCL INFO NET/IB : GPU Direct RDMA Disabled for HCA 0 'mlx4_0'
c197-091:21805:24353 [1] NCCL INFO === System : maxBw 6.0 totalBw 12.0 ===
c197-091:21805:24353 [1] NCCL INFO CPU/0 (1/1/1)
c197-091:21805:24353 [1] NCCL INFO + PCI[12.0] - GPU/3000 (0)
c197-091:21805:24353 [1] NCCL INFO + PCI[6.0] - NIC/1000
c197-091:21805:24353 [1] NCCL INFO + SYS[6.0] - CPU/1
c197-091:21805:24353 [1] NCCL INFO CPU/1 (1/1/1)
c197-091:21805:24353 [1] NCCL INFO + PCI[12.0] - GPU/83000 (1)
c197-091:21805:24353 [1] NCCL INFO + SYS[6.0] - CPU/0
c197-091:21805:24353 [1] NCCL INFO ==========================================
c197-091:21805:24353 [1] NCCL INFO GPU/3000 :GPU/3000 (0/5000.000000/LOC) GPU/83000 (3/6.000000/SYS) CPU/0 (1/12.000000/PHB) CPU/1 (2/6.000000/SYS) 
c197-091:21805:24353 [1] NCCL INFO GPU/83000 :GPU/3000 (3/6.000000/SYS) GPU/83000 (0/5000.000000/LOC) CPU/0 (2/6.000000/SYS) CPU/1 (1/12.000000/PHB) 
c197-091:21805:24353 [1] NCCL INFO Setting affinity for GPU 1 to ff00ff
c197-091:21805:24353 [1] NCCL INFO Pattern 4, crossNic 0, nChannels 1, bw 6.000000/6.000000, type SYS/PIX, sameChannels 1
c197-091:21805:24353 [1] NCCL INFO  0 : GPU/0 GPU/1
c197-091:21805:24353 [1] NCCL INFO Pattern 1, crossNic 0, nChannels 1, bw 6.000000/6.000000, type SYS/PIX, sameChannels 1
c197-091:21805:24353 [1] NCCL INFO  0 : GPU/0 GPU/1
c197-091:21805:24353 [1] NCCL INFO Pattern 3, crossNic 0, nChannels 1, bw 6.000000/6.000000, type SYS/PIX, sameChannels 1
c197-091:21805:24353 [1] NCCL INFO  0 : GPU/0 GPU/1
c197-091:21805:24353 [1] NCCL INFO Tree 0 : -1 -> 0 -> 1/-1/-1
c197-091:21805:24353 [1] NCCL INFO Tree 1 : -1 -> 0 -> 1/-1/-1
c197-091:21805:24353 [1] NCCL INFO Channel 00/02 :    0   1
c197-091:21805:24353 [1] NCCL INFO Channel 01/02 :    0   1
c197-091:21807:24354 [3] NCCL INFO Tree 0 : 0 -> 1 -> -1/-1/-1
c197-091:21805:24353 [1] NCCL INFO Ring 00 : 1 -> 0 -> 1
c197-091:21807:24354 [3] NCCL INFO Tree 1 : 0 -> 1 -> -1/-1/-1
c197-091:21805:24353 [1] NCCL INFO Ring 01 : 1 -> 0 -> 1
c197-091:21805:24353 [1] NCCL INFO Trees [0] 1/-1/-1->0->-1 [1] 1/-1/-1->0->-1
c197-091:21807:24354 [3] NCCL INFO Ring 00 : 0 -> 1 -> 0
c197-091:21805:24353 [1] NCCL INFO misc/utils.cc:235 memory stack hunk malloc(65536)
c197-091:21807:24354 [3] NCCL INFO Ring 01 : 0 -> 1 -> 0
c197-091:21807:24354 [3] NCCL INFO Trees [0] -1/-1/-1->1->0 [1] -1/-1/-1->1->0
c197-091:21807:24354 [3] NCCL INFO misc/utils.cc:235 memory stack hunk malloc(65536)
c197-091:21807:24354 [3] NCCL INFO channel.cc:23 Cuda Alloc Size 1152 pointer 0x2b0133c47c00
c197-091:21805:24353 [1] NCCL INFO channel.cc:23 Cuda Alloc Size 1152 pointer 0x2b97c3c47c00
c197-091:21807:24354 [3] NCCL INFO channel.cc:27 Cuda Alloc Size 8 pointer 0x2b0133c48200
c197-091:21805:24353 [1] NCCL INFO channel.cc:27 Cuda Alloc Size 8 pointer 0x2b97c3c48200
c197-091:21807:24354 [3] NCCL INFO channel.cc:23 Cuda Alloc Size 1152 pointer 0x2b0133c48400
c197-091:21805:24353 [1] NCCL INFO channel.cc:23 Cuda Alloc Size 1152 pointer 0x2b97c3c48400
c197-091:21805:24353 [1] NCCL INFO channel.cc:27 Cuda Alloc Size 8 pointer 0x2b97c3c48a00
c197-091:21807:24354 [3] NCCL INFO channel.cc:27 Cuda Alloc Size 8 pointer 0x2b0133c48a00
c197-091:21805:24353 [1] NCCL INFO Allocated 9637888 bytes of shared memory in /dev/shm/nccl-CMzFZZ

c197-091:21807:24354 [3] NCCL INFO Allocated 9637888 bytes of shared memory in /dev/shm/nccl-bmqTMe

c197-091:21805:24353 [1] NCCL INFO Allocated 9637888 bytes of shared memory in /dev/shm/nccl-J1feFE

c197-091:21807:24354 [3] NCCL INFO Allocated 9637888 bytes of shared memory in /dev/shm/nccl-mDexsT

c197-091:21805:24353 [1] NCCL INFO Allocated 4096 bytes of shared memory in /dev/shm/nccl-fNeTlj

c197-091:21805:24353 [1] NCCL INFO Channel 00 : 0[3000] -> 1[83000] via SHM/direct/direct
c197-091:21805:24353 [1] NCCL INFO Allocated 4096 bytes of shared memory in /dev/shm/nccl-76yA2X

c197-091:21805:24353 [1] NCCL INFO Channel 01 : 0[3000] -> 1[83000] via SHM/direct/direct
c197-091:21807:24354 [3] NCCL INFO Allocated 4096 bytes of shared memory in /dev/shm/nccl-k3vl9x

c197-091:21807:24354 [3] NCCL INFO Channel 00 : 1[83000] -> 0[3000] via SHM/direct/direct
c197-091:21807:24354 [3] NCCL INFO Allocated 4096 bytes of shared memory in /dev/shm/nccl-OqPbQc

c197-091:21807:24354 [3] NCCL INFO Channel 01 : 1[83000] -> 0[3000] via SHM/direct/direct
c197-091:21807:24354 [3] NCCL INFO Connected all rings
c197-091:21807:24354 [3] NCCL INFO Connected all trees
c197-091:21807:24354 [3] NCCL INFO threadThresholds 8/8/64 | 16/8/64 | 512 | 512
c197-091:21807:24354 [3] NCCL INFO 2 coll channels, 2 p2p channels, 2 p2p channels per peer
c197-091:21805:24353 [1] NCCL INFO Connected all rings
c197-091:21805:24353 [1] NCCL INFO Connected all trees
c197-091:21805:24353 [1] NCCL INFO Latency/AlgBw |    Tree/    LL |    Tree/ LL128 |    Tree/Simple |    Ring/    LL |    Ring/ LL128 |    Ring/Simple | CollNetDirect/    LL | CollNetDirect/ LL128 | CollNetDirect/Simple | CollNetChain/    LL | CollNetChain/ LL128 | CollNetChain/Simple |
c197-091:21805:24353 [1] NCCL INFO  Max NThreads |            512 |            640 |            512 |            512 |            640 |            256 |              0 |              0 |            512 |              0 |              0 |            512 |
c197-091:21805:24353 [1] NCCL INFO     Broadcast |     0.0/   0.0 |     0.0/   0.0 |     0.0/   0.0 |     4.6/   2.0 |    12.5/   0.0 |    14.1/   6.0 |     0.0/   0.0 |     0.0/   0.0 |     0.0/   0.0 |     0.0/   0.0 |     0.0/   0.0 |     0.0/   0.0 |
c197-091:21805:24353 [1] NCCL INFO        Reduce |     0.0/   0.0 |     0.0/   0.0 |     0.0/   0.0 |     4.6/   1.5 |    12.5/   0.0 |    14.1/   6.0 |     0.0/   0.0 |     0.0/   0.0 |     0.0/   0.0 |     0.0/   0.0 |     0.0/   0.0 |     0.0/   0.0 |
c197-091:21805:24353 [1] NCCL INFO     AllGather |     0.0/   0.0 |     0.0/   0.0 |     0.0/   0.0 |     4.6/   4.0 |    12.5/   0.0 |    14.1/  12.0 |     0.0/   0.0 |     0.0/   0.0 |     0.0/   0.0 |     0.0/   0.0 |     0.0/   0.0 |     0.0/   0.0 |
c197-091:21805:24353 [1] NCCL INFO ReduceScatter |     0.0/   0.0 |     0.0/   0.0 |     0.0/   0.0 |     4.6/   4.0 |    12.5/   0.0 |    14.1/  12.0 |     0.0/   0.0 |     0.0/   0.0 |     0.0/   0.0 |     0.0/   0.0 |     0.0/   0.0 |     0.0/   0.0 |
c197-091:21805:24353 [1] NCCL INFO     AllReduce |     6.4/   0.7 |     8.2/   0.0 |    56.0/   2.8 |     5.6/   1.5 |    15.0/   0.0 |    19.8/   6.0 |     5.4/   0.0 |     5.4/   0.0 |    27.7/   0.0 |     4.4/   0.0 |     4.4/   0.0 |    16.0/   0.0 |
c197-091:21805:24353 [1] NCCL INFO threadThresholds 8/8/64 | 16/8/64 | 512 | 512
c197-091:21805:24353 [1] NCCL INFO 2 coll channels, 2 p2p channels, 2 p2p channels per peer
c197-091:21807:24355 [3] NCCL INFO Mem Realloc old size 0, new size 8 pointer 0x2b01d80009c0
c197-091:21807:24355 [3] NCCL INFO Allocated 4194656 bytes of shared memory in /dev/shm/nccl-0Ds0xR

c197-091:21805:24356 [1] NCCL INFO Mem Realloc old size 0, new size 8 pointer 0x2b9864000930
c197-091:21805:24356 [1] NCCL INFO Allocated 4194656 bytes of shared memory in /dev/shm/nccl-ChVpKC

c197-091:21807:24355 [3] NCCL INFO New proxy send connection 0 from local rank 1, transport 2
c197-091:21807:24354 [3] NCCL INFO Connection to proxy localRank 1 -> connection 0x2b01d8002010
c197-091:21805:24356 [1] NCCL INFO New proxy send connection 0 from local rank 0, transport 2
c197-091:21805:24353 [1] NCCL INFO Connection to proxy localRank 0 -> connection 0x2b986400e010
c197-091:21807:24354 [3] NCCL INFO init.cc:367 Cuda Alloc Size 5168 pointer 0x2b0133c48c00
c197-091:21805:24353 [1] NCCL INFO init.cc:367 Cuda Alloc Size 5168 pointer 0x2b97c3c48c00
c197-091:21807:24355 [3] NCCL INFO transport/net.cc:376 Cuda Alloc Size 4194304 pointer 0x2b01d1200000
c197-091:21805:24356 [1] NCCL INFO transport/net.cc:376 Cuda Alloc Size 4194304 pointer 0x2b985d200000
c197-091:21807:24354 [3] NCCL INFO init.cc:392 Cuda Host Alloc Size 33554432 pointer 0x2b01e0000000
c197-091:21807:24354 [3] NCCL INFO init.cc:398 Cuda Host Alloc Size 128 pointer 0x2b0133210a00
c197-091:21807:24354 [3] NCCL INFO comm 0x13871ae0 rank 1 nranks 2 cudaDev 3 busId 83000 - Init COMPLETE
c197-091:21807:21807 [3] NCCL INFO AllReduce: opCount 0 sendbuff 0x2b0150000000 recvbuff 0x2b0150000000 count 37807104 datatype 6 op 0 root 0 comm 0x13871ae0 [nranks=2] stream 0xabadfe0
c197-091:21807:21807 [3] NCCL INFO misc/utils.cc:235 memory stack hunk malloc(65536)
c197-091:21805:24353 [1] NCCL INFO init.cc:392 Cuda Host Alloc Size 33554432 pointer 0x2b9870000000
c197-091:21805:24353 [1] NCCL INFO init.cc:398 Cuda Host Alloc Size 128 pointer 0x2b97c3210a00
c197-091:21805:24353 [1] NCCL INFO comm 0x136a5030 rank 0 nranks 2 cudaDev 1 busId 3000 - Init COMPLETE
c197-091:21805:21805 [1] NCCL INFO AllReduce: opCount 0 sendbuff 0x2b97e2000000 recvbuff 0x2b97e2000000 count 37807104 datatype 6 op 0 root 0 comm 0x136a5030 [nranks=2] stream 0xa9e2490
c197-091:21805:21805 [1] NCCL INFO misc/utils.cc:235 memory stack hunk malloc(65536)
c197-091:21807:21807 [3] NCCL INFO init.cc:1147 Cuda Host Alloc Size 4 pointer 0x2b0133210c00
