c197-092:14054:15926 [1] NCCL INFO channel.cc:27 Cuda Alloc Size 8 pointer 0x2b224fc08200
c197-092:14053:15923 [0] NCCL INFO Allocated 9637888 bytes of shared memory in /dev/shm/nccl-7V8705

c197-092:14056:15927 [3] NCCL INFO Allocated 9637888 bytes of shared memory in /dev/shm/nccl-3WXw4R

c197-092:14054:15926 [1] NCCL INFO Allocated 9637888 bytes of shared memory in /dev/shm/nccl-xsMSP1

c197-092:14053:15923 [0] NCCL INFO Allocated 9637888 bytes of shared memory in /dev/shm/nccl-6TOUKF

c197-092:14055:15925 [2] NCCL INFO Allocated 9637888 bytes of shared memory in /dev/shm/nccl-lPxTzV

c197-092:14056:15927 [3] NCCL INFO Allocated 9637888 bytes of shared memory in /dev/shm/nccl-XyAlOr

c197-092:14054:15926 [1] NCCL INFO Allocated 9637888 bytes of shared memory in /dev/shm/nccl-TB5HzB

c197-092:14053:15923 [0] NCCL INFO Allocated 4096 bytes of shared memory in /dev/shm/nccl-T73Ovf

c197-092:14055:15925 [2] NCCL INFO Allocated 4096 bytes of shared memory in /dev/shm/nccl-0pROkv

c197-092:14056:15927 [3] NCCL INFO Allocated 4096 bytes of shared memory in /dev/shm/nccl-sNFhz1

c197-092:14054:15926 [1] NCCL INFO Allocated 4096 bytes of shared memory in /dev/shm/nccl-DrUEkb

c197-092:14053:15923 [0] NCCL INFO Channel 00 : 0[2000] -> 1[3000] via SHM/direct/direct
c197-092:14053:15923 [0] NCCL INFO Allocated 4096 bytes of shared memory in /dev/shm/nccl-3HGNgP

c197-092:14055:15925 [2] NCCL INFO Channel 00 : 0[82000] -> 1[83000] via SHM/direct/direct
c197-092:14055:15925 [2] NCCL INFO Allocated 4096 bytes of shared memory in /dev/shm/nccl-irLN54

c197-092:14056:15927 [3] NCCL INFO Channel 00 : 1[83000] -> 0[82000] via SHM/direct/direct
c197-092:14056:15927 [3] NCCL INFO Allocated 4096 bytes of shared memory in /dev/shm/nccl-y4BhkB

c197-092:14054:15926 [1] NCCL INFO Channel 00 : 1[3000] -> 0[2000] via SHM/direct/direct
c197-092:14054:15926 [1] NCCL INFO Allocated 4096 bytes of shared memory in /dev/shm/nccl-9S4E5K

c197-092:14053:15923 [0] NCCL INFO Channel 01 : 0[2000] -> 1[3000] via SHM/direct/direct
c197-092:14055:15925 [2] NCCL INFO Channel 01 : 0[82000] -> 1[83000] via SHM/direct/direct
c197-092:14056:15927 [3] NCCL INFO Channel 01 : 1[83000] -> 0[82000] via SHM/direct/direct
c197-092:14054:15926 [1] NCCL INFO Channel 01 : 1[3000] -> 0[2000] via SHM/direct/direct
c197-092:14055:15925 [2] NCCL INFO Connected all rings
c197-092:14055:15925 [2] NCCL INFO Connected all trees
c197-092:14056:15927 [3] NCCL INFO Connected all rings
c197-092:14055:15925 [2] NCCL INFO Latency/AlgBw |    Tree/    LL |    Tree/ LL128 |    Tree/Simple |    Ring/    LL |    Ring/ LL128 |    Ring/Simple | CollNetDirect/    LL | CollNetDirect/ LL128 | CollNetDirect/Simple | CollNetChain/    LL | CollNetChain/ LL128 | CollNetChain/Simple |
c197-092:14056:15927 [3] NCCL INFO Connected all trees
c197-092:14053:15923 [0] NCCL INFO Connected all rings
c197-092:14054:15926 [1] NCCL INFO Connected all rings
c197-092:14055:15925 [2] NCCL INFO  Max NThreads |            512 |            640 |            512 |            512 |            640 |            256 |              0 |              0 |            512 |              0 |              0 |            512 |
c197-092:14056:15927 [3] NCCL INFO threadThresholds 8/8/64 | 16/8/64 | 512 | 512
c197-092:14056:15927 [3] NCCL INFO 2 coll channels, 2 p2p channels, 2 p2p channels per peer
c197-092:14053:15923 [0] NCCL INFO Connected all trees
c197-092:14055:15925 [2] NCCL INFO     Broadcast |     0.0/   0.0 |     0.0/   0.0 |     0.0/   0.0 |     4.6/   3.3 |    12.5/   0.0 |    14.1/  10.0 |     0.0/   0.0 |     0.0/   0.0 |     0.0/   0.0 |     0.0/   0.0 |     0.0/   0.0 |     0.0/   0.0 |
c197-092:14054:15926 [1] NCCL INFO Connected all trees
c197-092:14055:15925 [2] NCCL INFO        Reduce |     0.0/   0.0 |     0.0/   0.0 |     0.0/   0.0 |     4.6/   2.5 |    12.5/   0.0 |    14.1/  10.0 |     0.0/   0.0 |     0.0/   0.0 |     0.0/   0.0 |     0.0/   0.0 |     0.0/   0.0 |     0.0/   0.0 |
c197-092:14053:15923 [0] NCCL INFO Latency/AlgBw |    Tree/    LL |    Tree/ LL128 |    Tree/Simple |    Ring/    LL |    Ring/ LL128 |    Ring/Simple | CollNetDirect/    LL | CollNetDirect/ LL128 | CollNetDirect/Simple | CollNetChain/    LL | CollNetChain/ LL128 | CollNetChain/Simple |
c197-092:14055:15925 [2] NCCL INFO     AllGather |     0.0/   0.0 |     0.0/   0.0 |     0.0/   0.0 |     4.6/   6.7 |    12.5/   0.0 |    14.1/  20.0 |     0.0/   0.0 |     0.0/   0.0 |     0.0/   0.0 |     0.0/   0.0 |     0.0/   0.0 |     0.0/   0.0 |
c197-092:14054:15926 [1] NCCL INFO threadThresholds 8/8/64 | 16/8/64 | 512 | 512
c197-092:14053:15923 [0] NCCL INFO  Max NThreads |            512 |            640 |            512 |            512 |            640 |            256 |              0 |              0 |            512 |              0 |              0 |            512 |
c197-092:14054:15926 [1] NCCL INFO 2 coll channels, 2 p2p channels, 2 p2p channels per peer
c197-092:14055:15925 [2] NCCL INFO ReduceScatter |     0.0/   0.0 |     0.0/   0.0 |     0.0/   0.0 |     4.6/   6.7 |    12.5/   0.0 |    14.1/  20.0 |     0.0/   0.0 |     0.0/   0.0 |     0.0/   0.0 |     0.0/   0.0 |     0.0/   0.0 |     0.0/   0.0 |
c197-092:14055:15925 [2] NCCL INFO     AllReduce |     6.4/   1.2 |     8.2/   0.0 |    56.0/   4.6 |     5.6/   2.5 |    15.0/   0.0 |    19.8/  10.0 |     5.4/   0.0 |     5.4/   0.0 |    27.7/   0.0 |     4.4/   0.0 |     4.4/   0.0 |    16.0/   0.0 |
c197-092:14053:15923 [0] NCCL INFO     Broadcast |     0.0/   0.0 |     0.0/   0.0 |     0.0/   0.0 |     4.6/   3.3 |    12.5/   0.0 |    14.1/  10.0 |     0.0/   0.0 |     0.0/   0.0 |     0.0/   0.0 |     0.0/   0.0 |     0.0/   0.0 |     0.0/   0.0 |
c197-092:14055:15925 [2] NCCL INFO threadThresholds 8/8/64 | 16/8/64 | 512 | 512
c197-092:14053:15923 [0] NCCL INFO        Reduce |     0.0/   0.0 |     0.0/   0.0 |     0.0/   0.0 |     4.6/   2.5 |    12.5/   0.0 |    14.1/  10.0 |     0.0/   0.0 |     0.0/   0.0 |     0.0/   0.0 |     0.0/   0.0 |     0.0/   0.0 |     0.0/   0.0 |
c197-092:14055:15925 [2] NCCL INFO 2 coll channels, 2 p2p channels, 2 p2p channels per peer
c197-092:14053:15923 [0] NCCL INFO     AllGather |     0.0/   0.0 |     0.0/   0.0 |     0.0/   0.0 |     4.6/   6.7 |    12.5/   0.0 |    14.1/  20.0 |     0.0/   0.0 |     0.0/   0.0 |     0.0/   0.0 |     0.0/   0.0 |     0.0/   0.0 |     0.0/   0.0 |
c197-092:14053:15923 [0] NCCL INFO ReduceScatter |     0.0/   0.0 |     0.0/   0.0 |     0.0/   0.0 |     4.6/   6.7 |    12.5/   0.0 |    14.1/  20.0 |     0.0/   0.0 |     0.0/   0.0 |     0.0/   0.0 |     0.0/   0.0 |     0.0/   0.0 |     0.0/   0.0 |
c197-092:14053:15923 [0] NCCL INFO     AllReduce |     6.4/   1.2 |     8.2/   0.0 |    56.0/   4.6 |     5.6/   2.5 |    15.0/   0.0 |    19.8/  10.0 |     5.4/   0.0 |     5.4/   0.0 |    27.7/   0.0 |     4.4/   0.0 |     4.4/   0.0 |    16.0/   0.0 |
c197-092:14053:15923 [0] NCCL INFO threadThresholds 8/8/64 | 16/8/64 | 512 | 512
c197-092:14053:15923 [0] NCCL INFO 2 coll channels, 2 p2p channels, 2 p2p channels per peer
c197-092:14056:15938 [3] NCCL INFO Mem Realloc old size 0, new size 8 pointer 0x2ac9340009c0
c197-092:14054:15937 [1] NCCL INFO Mem Realloc old size 0, new size 8 pointer 0x2b229c0009c0
c197-092:14056:15938 [3] NCCL INFO Allocated 4194656 bytes of shared memory in /dev/shm/nccl-PZYl6a

c197-092:14055:15940 [2] NCCL INFO Mem Realloc old size 0, new size 8 pointer 0x2b7624070f30
c197-092:14054:15937 [1] NCCL INFO Allocated 4194656 bytes of shared memory in /dev/shm/nccl-sLOJRk

c197-092:14055:15940 [2] NCCL INFO Allocated 4194656 bytes of shared memory in /dev/shm/nccl-iPISRE

c197-092:14053:15939 [0] NCCL INFO Mem Realloc old size 0, new size 8 pointer 0x2b8ac4048850
c197-092:14053:15939 [0] NCCL INFO Allocated 4194656 bytes of shared memory in /dev/shm/nccl-dcVT2o

c197-092:14056:15938 [3] NCCL INFO New proxy send connection 0 from local rank 1, transport 2
c197-092:14056:15927 [3] NCCL INFO Connection to proxy localRank 1 -> connection 0x2ac934002010
c197-092:14055:15940 [2] NCCL INFO New proxy send connection 0 from local rank 0, transport 2
c197-092:14055:15925 [2] NCCL INFO Connection to proxy localRank 0 -> connection 0x2b76243e6010
c197-092:14054:15937 [1] NCCL INFO New proxy send connection 0 from local rank 1, transport 2
c197-092:14054:15926 [1] NCCL INFO Connection to proxy localRank 1 -> connection 0x2b229c002010
c197-092:14053:15939 [0] NCCL INFO New proxy send connection 0 from local rank 0, transport 2
c197-092:14053:15923 [0] NCCL INFO Connection to proxy localRank 0 -> connection 0x2b8ac4217010
c197-092:14056:15927 [3] NCCL INFO init.cc:367 Cuda Alloc Size 5168 pointer 0x2ac8e9c08400
c197-092:14056:15938 [3] NCCL INFO transport/net.cc:376 Cuda Alloc Size 4194304 pointer 0x2ac933c00000
c197-092:14055:15940 [2] NCCL INFO transport/net.cc:376 Cuda Alloc Size 4194304 pointer 0x2b7670000000
c197-092:14055:15925 [2] NCCL INFO init.cc:367 Cuda Alloc Size 5168 pointer 0x2b7603c0d400
c197-092:14054:15937 [1] NCCL INFO transport/net.cc:376 Cuda Alloc Size 4194304 pointer 0x2b229bc00000
c197-092:14053:15939 [0] NCCL INFO transport/net.cc:376 Cuda Alloc Size 4194304 pointer 0x2b8ae4000000
c197-092:14054:15926 [1] NCCL INFO init.cc:367 Cuda Alloc Size 5168 pointer 0x2b224fc08400
c197-092:14053:15923 [0] NCCL INFO init.cc:367 Cuda Alloc Size 5168 pointer 0x2b8a75c0d400
c197-092:14056:15927 [3] NCCL INFO init.cc:392 Cuda Host Alloc Size 33554432 pointer 0x2ac93c000000
c197-092:14056:15927 [3] NCCL INFO init.cc:398 Cuda Host Alloc Size 128 pointer 0x2ac8e9200a00
c197-092:14056:15927 [3] NCCL INFO comm 0xfc9c9c0 rank 1 nranks 2 cudaDev 3 busId 83000 - Init COMPLETE
c197-092:14055:15925 [2] NCCL INFO init.cc:392 Cuda Host Alloc Size 33554432 pointer 0x2b7672000000
c197-092:14055:15925 [2] NCCL INFO init.cc:398 Cuda Host Alloc Size 128 pointer 0x2b7603201200
c197-092:14055:15925 [2] NCCL INFO comm 0xed9d140 rank 0 nranks 2 cudaDev 2 busId 82000 - Init COMPLETE
c197-092:14056:14056 [3] NCCL INFO Broadcast: opCount 0 sendbuff 0x2ac8dec00400 recvbuff 0x2ac8dec00400 count 24 datatype 0 op 0 root 0 comm 0xfc9c9c0 [nranks=2] stream 0xb0ae2d0
c197-092:14056:14056 [3] NCCL INFO misc/utils.cc:235 memory stack hunk malloc(65536)
c197-092:14054:15926 [1] NCCL INFO init.cc:392 Cuda Host Alloc Size 33554432 pointer 0x2b22a8000000
c197-092:14055:14055 [2] NCCL INFO Broadcast: opCount 0 sendbuff 0x2b75f8c00400 recvbuff 0x2b75f8c00400 count 24 datatype 0 op 0 root 0 comm 0xed9d140 [nranks=2] stream 0x8450810
c197-092:14055:14055 [2] NCCL INFO misc/utils.cc:235 memory stack hunk malloc(65536)
c197-092:14054:15926 [1] NCCL INFO init.cc:398 Cuda Host Alloc Size 128 pointer 0x2b224f200a00
c197-092:14054:15926 [1] NCCL INFO comm 0xfda54e0 rank 1 nranks 2 cudaDev 1 busId 3000 - Init COMPLETE
c197-092:14053:15923 [0] NCCL INFO init.cc:392 Cuda Host Alloc Size 33554432 pointer 0x2b8ae6000000
c197-092:14053:15923 [0] NCCL INFO init.cc:398 Cuda Host Alloc Size 128 pointer 0x2b8a75201200
c197-092:14054:14054 [1] NCCL INFO Broadcast: opCount 0 sendbuff 0x2b2248c00400 recvbuff 0x2b2248c00400 count 24 datatype 0 op 0 root 0 comm 0xfda54e0 [nranks=2] stream 0xb1633f0
c197-092:14054:14054 [1] NCCL INFO misc/utils.cc:235 memory stack hunk malloc(65536)
c197-092:14053:15923 [0] NCCL INFO comm 0xf6c43e0 rank 0 nranks 2 cudaDev 0 busId 2000 - Init COMPLETE
c197-092:14053:14053 [0] NCCL INFO Broadcast: opCount 0 sendbuff 0x2b8a6ac00400 recvbuff 0x2b8a6ac00400 count 24 datatype 0 op 0 root 0 comm 0xf6c43e0 [nranks=2] stream 0x8d77840
c197-092:14053:14053 [0] NCCL INFO misc/utils.cc:235 memory stack hunk malloc(65536)
c197-092:14056:14056 [3] NCCL INFO AllReduce: opCount 7 sendbuff 0x2ac8ded3e600 recvbuff 0x2ac8ded3e600 count 1 datatype 1 op 0 root 0 comm 0xcc66160 [nranks=16] stream 0xcad5fc0
c197-092:14054:14054 [1] NCCL INFO AllReduce: opCount 7 sendbuff 0x2b2248d3e600 recvbuff 0x2b2248d3e600 count 1 datatype 1 op 0 root 0 comm 0xcd71f80 [nranks=16] stream 0xb0d5c50
c197-092:14055:14055 [2] NCCL INFO AllReduce: opCount 7 sendbuff 0x2b75f8d3e600 recvbuff 0x2b75f8d3e600 count 1 datatype 1 op 0 root 0 comm 0xafc0e40 [nranks=16] stream 0x9324b10
c197-092:14053:14053 [0] NCCL INFO AllReduce: opCount 7 sendbuff 0x2b8a6ad3e600 recvbuff 0x2b8a6ad3e600 count 1 datatype 1 op 0 root 0 comm 0xb8e7e70 [nranks=16] stream 0x9c4bb40
time (ms) | model-and-optimizer-setup: 391.90 | train/valid/test-data-iterators-setup: 710.61
c197-092:14056:14056 [3] NCCL INFO AllReduce: opCount 8 sendbuff 0x2ac8dec00400 recvbuff 0x2ac8dec00400 count 1 datatype 1 op 0 root 0 comm 0xcc66160 [nranks=16] stream 0xcad5fc0
c197-092:14054:14054 [1] NCCL INFO AllReduce: opCount 8 sendbuff 0x2b2248c00400 recvbuff 0x2b2248c00400 count 1 datatype 1 op 0 root 0 comm 0xcd71f80 [nranks=16] stream 0xb0d5c50
c197-092:14053:14053 [0] NCCL INFO AllReduce: opCount 8 sendbuff 0x2b8a6ac00400 recvbuff 0x2b8a6ac00400 count 1 datatype 1 op 0 root 0 comm 0xb8e7e70 [nranks=16] stream 0x9c4bb40
c197-092:14055:14055 [2] NCCL INFO AllReduce: opCount 8 sendbuff 0x2b75f8c00400 recvbuff 0x2b75f8c00400 count 1 datatype 1 op 0 root 0 comm 0xafc0e40 [nranks=16] stream 0x9324b10
c197-092:14055:14055 [2] NCCL INFO Recv: opCount 9 sendbuff (nil) recvbuff 0x2b7641000000 count 2097152 datatype 6 op 0 root 10 comm 0xafc0e40 [nranks=16] stream 0x9324b10
c197-092:14056:14056 [3] NCCL INFO Recv: opCount 9 sendbuff (nil) recvbuff 0x2ac925000000 count 2097152 datatype 6 op 0 root 11 comm 0xcc66160 [nranks=16] stream 0xcad5fc0
c197-092:14054:14054 [1] NCCL INFO Recv: opCount 9 sendbuff (nil) recvbuff 0x2b228d000000 count 2097152 datatype 6 op 0 root 9 comm 0xcd71f80 [nranks=16] stream 0xb0d5c50
c197-092:14053:14053 [0] NCCL INFO Recv: opCount 9 sendbuff (nil) recvbuff 0x2b8ab5000000 count 2097152 datatype 6 op 0 root 8 comm 0xb8e7e70 [nranks=16] stream 0x9c4bb40
c197-092:14054:14975 [1] NCCL INFO New proxy recv connection 1 from local rank 1, transport 2
c197-092:14053:14971 [0] NCCL INFO New proxy recv connection 7 from local rank 0, transport 2
c197-092:14056:14973 [3] NCCL INFO New proxy recv connection 3 from local rank 3, transport 2
c197-092:14055:14972 [2] NCCL INFO New proxy recv connection 1 from local rank 2, transport 2
c197-092:14054:16152 [1] NCCL INFO Connection to proxy localRank 1 -> connection 0x2b2254002050
c197-092:14056:16151 [3] NCCL INFO Connection to proxy localRank 3 -> connection 0x2ac8f00020d0
c197-092:14053:16153 [0] NCCL INFO Connection to proxy localRank 0 -> connection 0x2b8a7c0021d0
c197-092:14054:16152 [1] NCCL INFO Channel 00/1 : 9[3000] -> 13[3000] [receive] via NET/IB/0/Shared
c197-092:14054:14975 [1] NCCL INFO New proxy recv connection 2 from local rank 1, transport 2
c197-092:14056:16151 [3] NCCL INFO Channel 00/1 : 11[83000] -> 15[83000] [receive] via NET/IB/0/Shared
c197-092:14053:16153 [0] NCCL INFO Channel 00/1 : 8[2000] -> 12[2000] [receive] via NET/IB/0/Shared
c197-092:14056:14973 [3] NCCL INFO New proxy recv connection 4 from local rank 3, transport 2
c197-092:14053:14971 [0] NCCL INFO New proxy recv connection 8 from local rank 0, transport 2
c197-092:14055:16154 [2] NCCL INFO Connection to proxy localRank 2 -> connection 0x2b7608002050
c197-092:14055:16154 [2] NCCL INFO Channel 00/1 : 10[82000] -> 14[82000] [receive] via NET/IB/0/Shared
c197-092:14055:14972 [2] NCCL INFO New proxy recv connection 2 from local rank 2, transport 2
c197-092:14054:16152 [1] NCCL INFO Connection to proxy localRank 1 -> connection 0x2b2254002090
c197-092:14053:16153 [0] NCCL INFO Connection to proxy localRank 0 -> connection 0x2b8a7c002210
c197-092:14056:16151 [3] NCCL INFO Connection to proxy localRank 3 -> connection 0x2ac8f0002110
c197-092:14053:16153 [0] NCCL INFO Channel 01/1 : 8[2000] -> 12[2000] [receive] via NET/IB/0/Shared
c197-092:14056:16151 [3] NCCL INFO Channel 01/1 : 11[83000] -> 15[83000] [receive] via NET/IB/0/Shared
c197-092:14054:16152 [1] NCCL INFO Channel 01/1 : 9[3000] -> 13[3000] [receive] via NET/IB/0/Shared
c197-092:14055:16154 [2] NCCL INFO Connection to proxy localRank 2 -> connection 0x2b7608002090
c197-092:14055:16154 [2] NCCL INFO Channel 01/1 : 10[82000] -> 14[82000] [receive] via NET/IB/0/Shared
c197-092:14054:14975 [1] NCCL INFO transport/net_ib.cc:683 Ib Alloc Size 21688 pointer 0x2b2254018000
c197-092:14054:14975 [1] NCCL INFO transport/net_ib.cc:696 Ib Alloc Size 552 pointer 0x2b225401f000
c197-092:14056:14973 [3] NCCL INFO transport/net_ib.cc:683 Ib Alloc Size 21688 pointer 0x2ac8f0039000
c197-092:14055:14972 [2] NCCL INFO transport/net_ib.cc:683 Ib Alloc Size 21688 pointer 0x2b7608018000
c197-092:14056:14973 [3] NCCL INFO transport/net_ib.cc:696 Ib Alloc Size 552 pointer 0x2ac8f0040000
c197-092:14055:14972 [2] NCCL INFO transport/net_ib.cc:696 Ib Alloc Size 552 pointer 0x2b760801f000
c197-092:14053:14971 [0] NCCL INFO transport/net_ib.cc:683 Ib Alloc Size 21688 pointer 0x2b8a7c071000
c197-092:14053:14971 [0] NCCL INFO transport/net_ib.cc:696 Ib Alloc Size 552 pointer 0x2b8a7c078000
c197-092:14054:14975 [1] NCCL INFO transport/net_ib.cc:771 Ib Alloc Size 552 pointer 0x2b2254021000
c197-092:14055:14972 [2] NCCL INFO transport/net_ib.cc:771 Ib Alloc Size 552 pointer 0x2b7608021000
c197-092:14053:14971 [0] NCCL INFO transport/net_ib.cc:771 Ib Alloc Size 552 pointer 0x2b8a7c07a000
c197-092:14056:14973 [3] NCCL INFO transport/net_ib.cc:771 Ib Alloc Size 552 pointer 0x2ac8f0042000
c197-092:14054:14975 [1] NCCL INFO transport/net.cc:382 Cuda Host Alloc Size 4194304 pointer 0x2b2295400000
c197-092:14054:14975 [1] NCCL INFO transport/net.cc:698 Cuda Host Alloc Size 8192 pointer 0x2b224f200c00
c197-092:14054:14975 [1] NCCL INFO transport/net_ib.cc:683 Ib Alloc Size 21688 pointer 0x2b2254021000
c197-092:14054:14975 [1] NCCL INFO transport/net_ib.cc:696 Ib Alloc Size 552 pointer 0x2b2254028000
c197-092:14055:14972 [2] NCCL INFO transport/net.cc:382 Cuda Host Alloc Size 4194304 pointer 0x2b7670400000
c197-092:14055:14972 [2] NCCL INFO transport/net.cc:698 Cuda Host Alloc Size 8192 pointer 0x2b7603343400
c197-092:14055:14972 [2] NCCL INFO transport/net_ib.cc:683 Ib Alloc Size 21688 pointer 0x2b7608021000
c197-092:14055:14972 [2] NCCL INFO transport/net_ib.cc:696 Ib Alloc Size 552 pointer 0x2b7608028000
c197-092:14053:14971 [0] NCCL INFO transport/net.cc:382 Cuda Host Alloc Size 4194304 pointer 0x2b8ae4400000
c197-092:14053:14971 [0] NCCL INFO transport/net.cc:698 Cuda Host Alloc Size 8192 pointer 0x2b8a75343400
c197-092:14054:14975 [1] NCCL INFO transport/net_ib.cc:771 Ib Alloc Size 552 pointer 0x2b2254028000
c197-092:14054:14975 [1] NCCL INFO transport/net.cc:698 Cuda Host Alloc Size 8192 pointer 0x2b224f202c00
c197-092:14056:14973 [3] NCCL INFO transport/net.cc:382 Cuda Host Alloc Size 4194304 pointer 0x2ac92d400000
c197-092:14056:14973 [3] NCCL INFO transport/net.cc:698 Cuda Host Alloc Size 8192 pointer 0x2ac8e9200c00
c197-092:14053:14971 [0] NCCL INFO transport/net_ib.cc:683 Ib Alloc Size 21688 pointer 0x2b8a7c07a000
c197-092:14053:14971 [0] NCCL INFO transport/net_ib.cc:696 Ib Alloc Size 552 pointer 0x2b8a7c081000
c197-092:14056:14973 [3] NCCL INFO transport/net_ib.cc:683 Ib Alloc Size 21688 pointer 0x2ac8f0043000
c197-092:14056:14973 [3] NCCL INFO transport/net_ib.cc:696 Ib Alloc Size 552 pointer 0x2ac8f004a000
c197-092:14055:14972 [2] NCCL INFO transport/net_ib.cc:771 Ib Alloc Size 552 pointer 0x2b7608028000
c197-092:14055:14972 [2] NCCL INFO transport/net.cc:698 Cuda Host Alloc Size 8192 pointer 0x2b7603345400
c197-092:14053:14971 [0] NCCL INFO transport/net_ib.cc:771 Ib Alloc Size 552 pointer 0x2b8a7c081000
c197-092:14053:14971 [0] NCCL INFO transport/net.cc:698 Cuda Host Alloc Size 8192 pointer 0x2b8a75345400
c197-092:14056:14973 [3] NCCL INFO transport/net_ib.cc:771 Ib Alloc Size 552 pointer 0x2ac8f004a000
c197-092:14056:14973 [3] NCCL INFO transport/net.cc:698 Cuda Host Alloc Size 8192 pointer 0x2ac8e9202c00
c197-092:14054:14054 [1] NCCL INFO AllGather: opCount 1 sendbuff 0x2b228d000000 recvbuff 0x2b2294800000 count 4194304 datatype 0 op 0 root 0 comm 0xfda54e0 [nranks=2] stream 0xb1633f0
c197-092:14056:14056 [3] NCCL INFO AllGather: opCount 1 sendbuff 0x2ac925000000 recvbuff 0x2ac92c800000 count 4194304 datatype 0 op 0 root 0 comm 0xfc9c9c0 [nranks=2] stream 0xb0ae2d0
c197-092:14055:14055 [2] NCCL INFO AllGather: opCount 1 sendbuff 0x2b7641000000 recvbuff 0x2b7648800000 count 4194304 datatype 0 op 0 root 0 comm 0xed9d140 [nranks=2] stream 0x8450810
c197-092:14053:14053 [0] NCCL INFO AllGather: opCount 1 sendbuff 0x2b8ab5000000 recvbuff 0x2b8abc800000 count 4194304 datatype 0 op 0 root 0 comm 0xf6c43e0 [nranks=2] stream 0x8d77840
c197-092:14056:14056 [3] NCCL INFO Broadcast: opCount 2 sendbuff 0x2ac8dec00400 recvbuff 0x2ac8dec00400 count 240 datatype 0 op 0 root 0 comm 0xfc9c9c0 [nranks=2] stream 0xb0ae2d0
c197-092:14054:14054 [1] NCCL INFO Broadcast: opCount 2 sendbuff 0x2b2248c00400 recvbuff 0x2b2248c00400 count 240 datatype 0 op 0 root 0 comm 0xfda54e0 [nranks=2] stream 0xb1633f0
c197-092:14055:14055 [2] NCCL INFO Broadcast: opCount 2 sendbuff 0x2b75f8c00400 recvbuff 0x2b75f8c00400 count 240 datatype 0 op 0 root 0 comm 0xed9d140 [nranks=2] stream 0x8450810
c197-092:14053:14053 [0] NCCL INFO Broadcast: opCount 2 sendbuff 0x2b8a6ac00400 recvbuff 0x2b8a6ac00400 count 240 datatype 0 op 0 root 0 comm 0xf6c43e0 [nranks=2] stream 0x8d77840
c197-092:14054:14054 [1] NCCL INFO Broadcast: opCount 3 sendbuff 0x2b2248d7d000 recvbuff 0x2b2248d7d000 count 163904 datatype 0 op 0 root 0 comm 0xfda54e0 [nranks=2] stream 0xb1633f0
c197-092:14056:14056 [3] NCCL INFO Broadcast: opCount 3 sendbuff 0x2ac8ded7d000 recvbuff 0x2ac8ded7d000 count 163904 datatype 0 op 0 root 0 comm 0xfc9c9c0 [nranks=2] stream 0xb0ae2d0
c197-092:14053:14053 [0] NCCL INFO Broadcast: opCount 3 sendbuff 0x2b8a6ad7d000 recvbuff 0x2b8a6ad7d000 count 163904 datatype 0 op 0 root 0 comm 0xf6c43e0 [nranks=2] stream 0x8d77840
c197-092:14055:14055 [2] NCCL INFO Broadcast: opCount 3 sendbuff 0x2b75f8d7d000 recvbuff 0x2b75f8d7d000 count 163904 datatype 0 op 0 root 0 comm 0xed9d140 [nranks=2] stream 0x8450810
c197-092:14055:14055 [2] NCCL INFO AllReduce: opCount 4 sendbuff 0x2b764ac00000 recvbuff 0x2b764ac00000 count 4194304 datatype 6 op 0 root 0 comm 0xed9d140 [nranks=2] stream 0x8450810
c197-092:14053:14053 [0] NCCL INFO AllReduce: opCount 4 sendbuff 0x2b8abec00000 recvbuff 0x2b8abec00000 count 4194304 datatype 6 op 0 root 0 comm 0xf6c43e0 [nranks=2] stream 0x8d77840
c197-092:14056:14056 [3] NCCL INFO AllReduce: opCount 4 sendbuff 0x2ac92ec00000 recvbuff 0x2ac92ec00000 count 4194304 datatype 6 op 0 root 0 comm 0xfc9c9c0 [nranks=2] stream 0xb0ae2d0
c197-092:14054:14054 [1] NCCL INFO AllReduce: opCount 4 sendbuff 0x2b2296c00000 recvbuff 0x2b2296c00000 count 4194304 datatype 6 op 0 root 0 comm 0xfda54e0 [nranks=2] stream 0xb1633f0
c197-092:14055:14055 [2] NCCL INFO AllReduce: opCount 5 sendbuff 0x2b76aa000000 recvbuff 0x2b76aa000000 count 4194304 datatype 6 op 0 root 0 comm 0xed9d140 [nranks=2] stream 0x8450810
c197-092:14054:14054 [1] NCCL INFO AllReduce: opCount 5 sendbuff 0x2b22be000000 recvbuff 0x2b22be000000 count 4194304 datatype 6 op 0 root 0 comm 0xfda54e0 [nranks=2] stream 0xb1633f0
c197-092:14056:14056 [3] NCCL INFO AllReduce: opCount 5 sendbuff 0x2ac952000000 recvbuff 0x2ac952000000 count 4194304 datatype 6 op 0 root 0 comm 0xfc9c9c0 [nranks=2] stream 0xb0ae2d0
c197-092:14053:14053 [0] NCCL INFO AllReduce: opCount 5 sendbuff 0x2b8b1e000000 recvbuff 0x2b8b1e000000 count 4194304 datatype 6 op 0 root 0 comm 0xf6c43e0 [nranks=2] stream 0x8d77840
c197-092:14055:14055 [2] NCCL INFO AllReduce: opCount 6 sendbuff 0x2b764ac00000 recvbuff 0x2b764ac00000 count 4194304 datatype 6 op 0 root 0 comm 0xed9d140 [nranks=2] stream 0x8450810
c197-092:14054:14054 [1] NCCL INFO AllReduce: opCount 6 sendbuff 0x2b2296c00000 recvbuff 0x2b2296c00000 count 4194304 datatype 6 op 0 root 0 comm 0xfda54e0 [nranks=2] stream 0xb1633f0
c197-092:14056:14056 [3] NCCL INFO AllReduce: opCount 6 sendbuff 0x2ac92ec00000 recvbuff 0x2ac92ec00000 count 4194304 datatype 6 op 0 root 0 comm 0xfc9c9c0 [nranks=2] stream 0xb0ae2d0
c197-092:14053:14053 [0] NCCL INFO AllReduce: opCount 6 sendbuff 0x2b8abec00000 recvbuff 0x2b8abec00000 count 4194304 datatype 6 op 0 root 0 comm 0xf6c43e0 [nranks=2] stream 0x8d77840
c197-092:14055:14055 [2] NCCL INFO AllReduce: opCount 7 sendbuff 0x2b76ae800000 recvbuff 0x2b76ae800000 count 4194304 datatype 6 op 0 root 0 comm 0xed9d140 [nranks=2] stream 0x8450810
c197-092:14054:14054 [1] NCCL INFO AllReduce: opCount 7 sendbuff 0x2b22c2800000 recvbuff 0x2b22c2800000 count 4194304 datatype 6 op 0 root 0 comm 0xfda54e0 [nranks=2] stream 0xb1633f0
c197-092:14056:14056 [3] NCCL INFO AllReduce: opCount 7 sendbuff 0x2ac956800000 recvbuff 0x2ac956800000 count 4194304 datatype 6 op 0 root 0 comm 0xfc9c9c0 [nranks=2] stream 0xb0ae2d0
c197-092:14053:14053 [0] NCCL INFO AllReduce: opCount 7 sendbuff 0x2b8b22800000 recvbuff 0x2b8b22800000 count 4194304 datatype 6 op 0 root 0 comm 0xf6c43e0 [nranks=2] stream 0x8d77840
c197-092:14055:14055 [2] NCCL INFO AllReduce: opCount 8 sendbuff 0x2b764ac00000 recvbuff 0x2b764ac00000 count 4194304 datatype 6 op 0 root 0 comm 0xed9d140 [nranks=2] stream 0x8450810
c197-092:14054:14054 [1] NCCL INFO AllReduce: opCount 8 sendbuff 0x2b2296c00000 recvbuff 0x2b2296c00000 count 4194304 datatype 6 op 0 root 0 comm 0xfda54e0 [nranks=2] stream 0xb1633f0
c197-092:14056:14056 [3] NCCL INFO AllReduce: opCount 8 sendbuff 0x2ac92ec00000 recvbuff 0x2ac92ec00000 count 4194304 datatype 6 op 0 root 0 comm 0xfc9c9c0 [nranks=2] stream 0xb0ae2d0
c197-092:14053:14053 [0] NCCL INFO AllReduce: opCount 8 sendbuff 0x2b8abec00000 recvbuff 0x2b8abec00000 count 4194304 datatype 6 op 0 root 0 comm 0xf6c43e0 [nranks=2] stream 0x8d77840
c197-092:14055:14055 [2] NCCL INFO AllReduce: opCount 9 sendbuff 0x2b76b3000000 recvbuff 0x2b76b3000000 count 4194304 datatype 6 op 0 root 0 comm 0xed9d140 [nranks=2] stream 0x8450810
c197-092:14054:14054 [1] NCCL INFO AllReduce: opCount 9 sendbuff 0x2b22c7000000 recvbuff 0x2b22c7000000 count 4194304 datatype 6 op 0 root 0 comm 0xfda54e0 [nranks=2] stream 0xb1633f0
c197-092:14056:14056 [3] NCCL INFO AllReduce: opCount 9 sendbuff 0x2ac95b000000 recvbuff 0x2ac95b000000 count 4194304 datatype 6 op 0 root 0 comm 0xfc9c9c0 [nranks=2] stream 0xb0ae2d0
c197-092:14053:14053 [0] NCCL INFO AllReduce: opCount 9 sendbuff 0x2b8b27000000 recvbuff 0x2b8b27000000 count 4194304 datatype 6 op 0 root 0 comm 0xf6c43e0 [nranks=2] stream 0x8d77840
c197-092:14055:14055 [2] NCCL INFO AllReduce: opCount a sendbuff 0x2b764ac00000 recvbuff 0x2b764ac00000 count 4194304 datatype 6 op 0 root 0 comm 0xed9d140 [nranks=2] stream 0x8450810
c197-092:14054:14054 [1] NCCL INFO AllReduce: opCount a sendbuff 0x2b2296c00000 recvbuff 0x2b2296c00000 count 4194304 datatype 6 op 0 root 0 comm 0xfda54e0 [nranks=2] stream 0xb1633f0
c197-092:14056:14056 [3] NCCL INFO AllReduce: opCount a sendbuff 0x2ac92ec00000 recvbuff 0x2ac92ec00000 count 4194304 datatype 6 op 0 root 0 comm 0xfc9c9c0 [nranks=2] stream 0xb0ae2d0
c197-092:14053:14053 [0] NCCL INFO AllReduce: opCount a sendbuff 0x2b8abec00000 recvbuff 0x2b8abec00000 count 4194304 datatype 6 op 0 root 0 comm 0xf6c43e0 [nranks=2] stream 0x8d77840
c197-092:14055:14055 [2] NCCL INFO AllReduce: opCount b sendbuff 0x2b76c3800000 recvbuff 0x2b76c3800000 count 4194304 datatype 6 op 0 root 0 comm 0xed9d140 [nranks=2] stream 0x8450810
c197-092:14054:14054 [1] NCCL INFO AllReduce: opCount b sendbuff 0x2b22d7800000 recvbuff 0x2b22d7800000 count 4194304 datatype 6 op 0 root 0 comm 0xfda54e0 [nranks=2] stream 0xb1633f0
c197-092:14056:14056 [3] NCCL INFO AllReduce: opCount b sendbuff 0x2ac96b800000 recvbuff 0x2ac96b800000 count 4194304 datatype 6 op 0 root 0 comm 0xfc9c9c0 [nranks=2] stream 0xb0ae2d0
c197-092:14053:14053 [0] NCCL INFO AllReduce: opCount b sendbuff 0x2b8b37800000 recvbuff 0x2b8b37800000 count 4194304 datatype 6 op 0 root 0 comm 0xf6c43e0 [nranks=2] stream 0x8d77840
c197-092:14055:14055 [2] NCCL INFO AllReduce: opCount c sendbuff 0x2b76cd800000 recvbuff 0x2b76cd800000 count 4194304 datatype 6 op 0 root 0 comm 0xed9d140 [nranks=2] stream 0x8450810
c197-092:14054:14054 [1] NCCL INFO AllReduce: opCount c sendbuff 0x2b2296c00000 recvbuff 0x2b2296c00000 count 4194304 datatype 6 op 0 root 0 comm 0xfda54e0 [nranks=2] stream 0xb1633f0
c197-092:14056:14056 [3] NCCL INFO AllReduce: opCount c sendbuff 0x2ac92ec00000 recvbuff 0x2ac92ec00000 count 4194304 datatype 6 op 0 root 0 comm 0xfc9c9c0 [nranks=2] stream 0xb0ae2d0
c197-092:14053:14053 [0] NCCL INFO AllReduce: opCount c sendbuff 0x2b8abec00000 recvbuff 0x2b8abec00000 count 4194304 datatype 6 op 0 root 0 comm 0xf6c43e0 [nranks=2] stream 0x8d77840
c197-092:14055:14055 [2] NCCL INFO AllReduce: opCount d sendbuff 0x2b76c7000000 recvbuff 0x2b76c7000000 count 4194304 datatype 6 op 0 root 0 comm 0xed9d140 [nranks=2] stream 0x8450810
c197-092:14054:14054 [1] NCCL INFO AllReduce: opCount d sendbuff 0x2b22db000000 recvbuff 0x2b22db000000 count 4194304 datatype 6 op 0 root 0 comm 0xfda54e0 [nranks=2] stream 0xb1633f0
c197-092:14056:14056 [3] NCCL INFO AllReduce: opCount d sendbuff 0x2ac96f000000 recvbuff 0x2ac96f000000 count 4194304 datatype 6 op 0 root 0 comm 0xfc9c9c0 [nranks=2] stream 0xb0ae2d0
c197-092:14053:14053 [0] NCCL INFO AllReduce: opCount d sendbuff 0x2b8b3b000000 recvbuff 0x2b8b3b000000 count 4194304 datatype 6 op 0 root 0 comm 0xf6c43e0 [nranks=2] stream 0x8d77840
c197-092:14055:14055 [2] NCCL INFO AllReduce: opCount e sendbuff 0x2b76d8000000 recvbuff 0x2b76d8000000 count 4194304 datatype 6 op 0 root 0 comm 0xed9d140 [nranks=2] stream 0x8450810
c197-092:14054:14054 [1] NCCL INFO AllReduce: opCount e sendbuff 0x2b2296c00000 recvbuff 0x2b2296c00000 count 4194304 datatype 6 op 0 root 0 comm 0xfda54e0 [nranks=2] stream 0xb1633f0
c197-092:14056:14056 [3] NCCL INFO AllReduce: opCount e sendbuff 0x2ac92ec00000 recvbuff 0x2ac92ec00000 count 4194304 datatype 6 op 0 root 0 comm 0xfc9c9c0 [nranks=2] stream 0xb0ae2d0
c197-092:14053:14053 [0] NCCL INFO AllReduce: opCount e sendbuff 0x2b8abec00000 recvbuff 0x2b8abec00000 count 4194304 datatype 6 op 0 root 0 comm 0xf6c43e0 [nranks=2] stream 0x8d77840
c197-092:14055:14055 [2] NCCL INFO AllReduce: opCount f sendbuff 0x2b76c7000000 recvbuff 0x2b76c7000000 count 4194304 datatype 6 op 0 root 0 comm 0xed9d140 [nranks=2] stream 0x8450810
c197-092:14054:14054 [1] NCCL INFO AllReduce: opCount f sendbuff 0x2b22ec800000 recvbuff 0x2b22ec800000 count 4194304 datatype 6 op 0 root 0 comm 0xfda54e0 [nranks=2] stream 0xb1633f0
c197-092:14056:14056 [3] NCCL INFO AllReduce: opCount f sendbuff 0x2ac980800000 recvbuff 0x2ac980800000 count 4194304 datatype 6 op 0 root 0 comm 0xfc9c9c0 [nranks=2] stream 0xb0ae2d0
c197-092:14053:14053 [0] NCCL INFO AllReduce: opCount f sendbuff 0x2b8b4c800000 recvbuff 0x2b8b4c800000 count 4194304 datatype 6 op 0 root 0 comm 0xf6c43e0 [nranks=2] stream 0x8d77840
c197-092:14053:14053 [0] NCCL INFO AllReduce: opCount 10 sendbuff 0x2b8a89b24000 recvbuff 0x2b8a89b24000 count 4096 datatype 7 op 2 root 0 comm 0xf6c43e0 [nranks=2] stream 0x8d77840
c197-092:14054:14054 [1] NCCL INFO AllReduce: opCount 10 sendbuff 0x2b2261b24000 recvbuff 0x2b2261b24000 count 4096 datatype 7 op 2 root 0 comm 0xfda54e0 [nranks=2] stream 0xb1633f0
c197-092:14055:14055 [2] NCCL INFO AllReduce: opCount 10 sendbuff 0x2b7615b24000 recvbuff 0x2b7615b24000 count 4096 datatype 7 op 2 root 0 comm 0xed9d140 [nranks=2] stream 0x8450810
c197-092:14056:14056 [3] NCCL INFO AllReduce: opCount 10 sendbuff 0x2ac905524000 recvbuff 0x2ac905524000 count 4096 datatype 7 op 2 root 0 comm 0xfc9c9c0 [nranks=2] stream 0xb0ae2d0
c197-092:14056:14056 [3] NCCL INFO AllReduce: opCount 11 sendbuff 0x2ac90553e000 recvbuff 0x2ac90553e000 count 4096 datatype 7 op 0 root 0 comm 0xfc9c9c0 [nranks=2] stream 0xb0ae2d0
c197-092:14054:14054 [1] NCCL INFO AllReduce: opCount 11 sendbuff 0x2b2261b3e000 recvbuff 0x2b2261b3e000 count 4096 datatype 7 op 0 root 0 comm 0xfda54e0 [nranks=2] stream 0xb1633f0
c197-092:14053:14053 [0] NCCL INFO AllReduce: opCount 11 sendbuff 0x2b8a89b3e000 recvbuff 0x2b8a89b3e000 count 4096 datatype 7 op 0 root 0 comm 0xf6c43e0 [nranks=2] stream 0x8d77840
c197-092:14055:14055 [2] NCCL INFO AllReduce: opCount 11 sendbuff 0x2b7615b3e000 recvbuff 0x2b7615b3e000 count 4096 datatype 7 op 0 root 0 comm 0xed9d140 [nranks=2] stream 0x8450810
c197-092:14055:14055 [2] NCCL INFO AllReduce: opCount 12 sendbuff 0x2b7615b3a000 recvbuff 0x2b7615b3a000 count 4096 datatype 7 op 0 root 0 comm 0xed9d140 [nranks=2] stream 0x8450810
c197-092:14053:14053 [0] NCCL INFO AllReduce: opCount 12 sendbuff 0x2b8a89b3a000 recvbuff 0x2b8a89b3a000 count 4096 datatype 7 op 0 root 0 comm 0xf6c43e0 [nranks=2] stream 0x8d77840
c197-092:14054:14054 [1] NCCL INFO AllReduce: opCount 12 sendbuff 0x2b2261b3a000 recvbuff 0x2b2261b3a000 count 4096 datatype 7 op 0 root 0 comm 0xfda54e0 [nranks=2] stream 0xb1633f0
c197-092:14056:14056 [3] NCCL INFO AllReduce: opCount 12 sendbuff 0x2ac90553a000 recvbuff 0x2ac90553a000 count 4096 datatype 7 op 0 root 0 comm 0xfc9c9c0 [nranks=2] stream 0xb0ae2d0
c197-092:14055:14055 [2] NCCL INFO AllReduce: opCount 2 sendbuff 0x2b75f8da5800 recvbuff 0x2b75f8da5800 count 2 datatype 7 op 0 root 0 comm 0xdffd6b0 [nranks=2] stream 0x93b22b0
c197-092:14053:14053 [0] NCCL INFO AllReduce: opCount 2 sendbuff 0x2b8a6ada5800 recvbuff 0x2b8a6ada5800 count 2 datatype 7 op 0 root 0 comm 0xe924690 [nranks=2] stream 0x9cd92e0
NCCL version 2.14.3+cuda11.8
c197-092:14054:14054 [1] NCCL INFO init.cc:1147 Cuda Host Alloc Size 4 pointer 0x2b224f204c00
c197-092:14054:16406 [1] NCCL INFO Using network IB
c197-092:14056:14056 [3] NCCL INFO init.cc:1147 Cuda Host Alloc Size 4 pointer 0x2ac8e9204c00
c197-092:14056:16407 [3] NCCL INFO Using network IB
c197-092:14056:16407 [3] NCCL INFO NET/IB : GPU Direct RDMA Disabled for HCA 0 'mlx4_0'
c197-092:14056:16407 [3] NCCL INFO === System : maxBw 6.0 totalBw 12.0 ===
c197-092:14056:16407 [3] NCCL INFO CPU/0 (1/1/1)
c197-092:14056:16407 [3] NCCL INFO + PCI[12.0] - GPU/3000 (0)
c197-092:14056:16407 [3] NCCL INFO + PCI[6.0] - NIC/1000
c197-092:14056:16407 [3] NCCL INFO + SYS[6.0] - CPU/1
c197-092:14056:16407 [3] NCCL INFO CPU/1 (1/1/1)
c197-092:14056:16407 [3] NCCL INFO + PCI[12.0] - GPU/83000 (1)
c197-092:14056:16407 [3] NCCL INFO + SYS[6.0] - CPU/0
c197-092:14056:16407 [3] NCCL INFO ==========================================
c197-092:14056:16407 [3] NCCL INFO GPU/3000 :GPU/3000 (0/5000.000000/LOC) GPU/83000 (3/6.000000/SYS) CPU/0 (1/12.000000/PHB) CPU/1 (2/6.000000/SYS) 
c197-092:14056:16407 [3] NCCL INFO GPU/83000 :GPU/3000 (3/6.000000/SYS) GPU/83000 (0/5000.000000/LOC) CPU/0 (2/6.000000/SYS) CPU/1 (1/12.000000/PHB) 
c197-092:14056:16407 [3] NCCL INFO Setting affinity for GPU 3 to ff00ff00
c197-092:14056:16407 [3] NCCL INFO Pattern 4, crossNic 0, nChannels 1, bw 6.000000/6.000000, type SYS/PIX, sameChannels 1
c197-092:14056:16407 [3] NCCL INFO  0 : GPU/0 GPU/1
c197-092:14056:16407 [3] NCCL INFO Pattern 1, crossNic 0, nChannels 1, bw 6.000000/6.000000, type SYS/PIX, sameChannels 1
c197-092:14056:16407 [3] NCCL INFO  0 : GPU/0 GPU/1
c197-092:14056:16407 [3] NCCL INFO Pattern 3, crossNic 0, nChannels 1, bw 6.000000/6.000000, type SYS/PIX, sameChannels 1
c197-092:14056:16407 [3] NCCL INFO  0 : GPU/0 GPU/1
c197-092:14054:16406 [1] NCCL INFO NET/IB : GPU Direct RDMA Disabled for HCA 0 'mlx4_0'
c197-092:14054:16406 [1] NCCL INFO === System : maxBw 6.0 totalBw 12.0 ===
c197-092:14054:16406 [1] NCCL INFO CPU/0 (1/1/1)
c197-092:14054:16406 [1] NCCL INFO + PCI[12.0] - GPU/3000 (0)
c197-092:14054:16406 [1] NCCL INFO + PCI[6.0] - NIC/1000
c197-092:14054:16406 [1] NCCL INFO + SYS[6.0] - CPU/1
c197-092:14054:16406 [1] NCCL INFO CPU/1 (1/1/1)
c197-092:14054:16406 [1] NCCL INFO + PCI[12.0] - GPU/83000 (1)
c197-092:14054:16406 [1] NCCL INFO + SYS[6.0] - CPU/0
c197-092:14054:16406 [1] NCCL INFO ==========================================
c197-092:14054:16406 [1] NCCL INFO GPU/3000 :GPU/3000 (0/5000.000000/LOC) GPU/83000 (3/6.000000/SYS) CPU/0 (1/12.000000/PHB) CPU/1 (2/6.000000/SYS) 
c197-092:14054:16406 [1] NCCL INFO GPU/83000 :GPU/3000 (3/6.000000/SYS) GPU/83000 (0/5000.000000/LOC) CPU/0 (2/6.000000/SYS) CPU/1 (1/12.000000/PHB) 
c197-092:14054:16406 [1] NCCL INFO Setting affinity for GPU 1 to ff00ff
c197-092:14054:16406 [1] NCCL INFO Pattern 4, crossNic 0, nChannels 1, bw 6.000000/6.000000, type SYS/PIX, sameChannels 1
c197-092:14054:16406 [1] NCCL INFO  0 : GPU/0 GPU/1
c197-092:14054:16406 [1] NCCL INFO Pattern 1, crossNic 0, nChannels 1, bw 6.000000/6.000000, type SYS/PIX, sameChannels 1
c197-092:14054:16406 [1] NCCL INFO  0 : GPU/0 GPU/1
c197-092:14054:16406 [1] NCCL INFO Pattern 3, crossNic 0, nChannels 1, bw 6.000000/6.000000, type SYS/PIX, sameChannels 1
c197-092:14054:16406 [1] NCCL INFO  0 : GPU/0 GPU/1
c197-092:14056:16407 [3] NCCL INFO Tree 0 : 0 -> 1 -> -1/-1/-1
c197-092:14054:16406 [1] NCCL INFO Tree 0 : -1 -> 0 -> 1/-1/-1
c197-092:14056:16407 [3] NCCL INFO Tree 1 : 0 -> 1 -> -1/-1/-1
c197-092:14054:16406 [1] NCCL INFO Tree 1 : -1 -> 0 -> 1/-1/-1
c197-092:14056:16407 [3] NCCL INFO Ring 00 : 0 -> 1 -> 0
c197-092:14054:16406 [1] NCCL INFO Channel 00/02 :    0   1
c197-092:14056:16407 [3] NCCL INFO Ring 01 : 0 -> 1 -> 0
c197-092:14054:16406 [1] NCCL INFO Channel 01/02 :    0   1
c197-092:14056:16407 [3] NCCL INFO Trees [0] -1/-1/-1->1->0 [1] -1/-1/-1->1->0
c197-092:14054:16406 [1] NCCL INFO Ring 00 : 1 -> 0 -> 1
c197-092:14056:16407 [3] NCCL INFO misc/utils.cc:235 memory stack hunk malloc(65536)
c197-092:14054:16406 [1] NCCL INFO Ring 01 : 1 -> 0 -> 1
c197-092:14054:16406 [1] NCCL INFO Trees [0] 1/-1/-1->0->-1 [1] 1/-1/-1->0->-1
c197-092:14054:16406 [1] NCCL INFO misc/utils.cc:235 memory stack hunk malloc(65536)
c197-092:14054:16406 [1] NCCL INFO channel.cc:23 Cuda Alloc Size 1152 pointer 0x2b224fc29e00
c197-092:14054:16406 [1] NCCL INFO channel.cc:27 Cuda Alloc Size 8 pointer 0x2b224fc2a400
c197-092:14056:16407 [3] NCCL INFO channel.cc:23 Cuda Alloc Size 1152 pointer 0x2ac8e9c29e00
c197-092:14054:16406 [1] NCCL INFO channel.cc:23 Cuda Alloc Size 1152 pointer 0x2b224fc2a600
c197-092:14054:16406 [1] NCCL INFO channel.cc:27 Cuda Alloc Size 8 pointer 0x2b224fc2ac00
c197-092:14056:16407 [3] NCCL INFO channel.cc:27 Cuda Alloc Size 8 pointer 0x2ac8e9c2a400
c197-092:14056:16407 [3] NCCL INFO channel.cc:23 Cuda Alloc Size 1152 pointer 0x2ac8e9c2a600
c197-092:14054:16406 [1] NCCL INFO Allocated 9637888 bytes of shared memory in /dev/shm/nccl-09zF90

c197-092:14056:16407 [3] NCCL INFO channel.cc:27 Cuda Alloc Size 8 pointer 0x2ac8e9c2ac00
c197-092:14056:16407 [3] NCCL INFO Allocated 9637888 bytes of shared memory in /dev/shm/nccl-Z0gioR

c197-092:14054:16406 [1] NCCL INFO Allocated 9637888 bytes of shared memory in /dev/shm/nccl-5GGMsH

c197-092:14056:16407 [3] NCCL INFO Allocated 9637888 bytes of shared memory in /dev/shm/nccl-dMAqHx

c197-092:14053:16409 [0] NCCL INFO AllReduce: opCount 13 sendbuff 0x2b8b58000000 recvbuff 0x2b8b58000000 count 4194304 datatype 6 op 0 root 0 comm 0xf6c43e0 [nranks=2] stream 0x8d77840
c197-092:14055:16411 [2] NCCL INFO AllReduce: opCount 13 sendbuff 0x2b76e2000000 recvbuff 0x2b76e2000000 count 4194304 datatype 6 op 0 root 0 comm 0xed9d140 [nranks=2] stream 0x8450810
c197-092:14054:16406 [1] NCCL INFO Allocated 4096 bytes of shared memory in /dev/shm/nccl-fbU2Mn

c197-092:14056:16407 [3] NCCL INFO Allocated 4096 bytes of shared memory in /dev/shm/nccl-X3bI1d

c197-092:14054:16406 [1] NCCL INFO Channel 00 : 0[3000] -> 1[83000] via SHM/direct/direct
c197-092:14054:16406 [1] NCCL INFO Allocated 4096 bytes of shared memory in /dev/shm/nccl-VKMl73

c197-092:14054:16406 [1] NCCL INFO Channel 01 : 0[3000] -> 1[83000] via SHM/direct/direct
c197-092:14056:16407 [3] NCCL INFO Channel 00 : 1[83000] -> 0[3000] via SHM/direct/direct
c197-092:14056:16407 [3] NCCL INFO Allocated 4096 bytes of shared memory in /dev/shm/nccl-SaG3lU

c197-092:14056:16407 [3] NCCL INFO Channel 01 : 1[83000] -> 0[3000] via SHM/direct/direct
c197-092:14056:16407 [3] NCCL INFO Connected all rings
c197-092:14056:16407 [3] NCCL INFO Connected all trees
c197-092:14056:16407 [3] NCCL INFO threadThresholds 8/8/64 | 16/8/64 | 512 | 512
c197-092:14056:16407 [3] NCCL INFO 2 coll channels, 2 p2p channels, 2 p2p channels per peer
c197-092:14054:16406 [1] NCCL INFO Connected all rings
c197-092:14054:16406 [1] NCCL INFO Connected all trees
c197-092:14054:16406 [1] NCCL INFO Latency/AlgBw |    Tree/    LL |    Tree/ LL128 |    Tree/Simple |    Ring/    LL |    Ring/ LL128 |    Ring/Simple | CollNetDirect/    LL | CollNetDirect/ LL128 | CollNetDirect/Simple | CollNetChain/    LL | CollNetChain/ LL128 | CollNetChain/Simple |
c197-092:14054:16406 [1] NCCL INFO  Max NThreads |            512 |            640 |            512 |            512 |            640 |            256 |              0 |              0 |            512 |              0 |              0 |            512 |
c197-092:14054:16406 [1] NCCL INFO     Broadcast |     0.0/   0.0 |     0.0/   0.0 |     0.0/   0.0 |     4.6/   2.0 |    12.5/   0.0 |    14.1/   6.0 |     0.0/   0.0 |     0.0/   0.0 |     0.0/   0.0 |     0.0/   0.0 |     0.0/   0.0 |     0.0/   0.0 |
c197-092:14054:16406 [1] NCCL INFO        Reduce |     0.0/   0.0 |     0.0/   0.0 |     0.0/   0.0 |     4.6/   1.5 |    12.5/   0.0 |    14.1/   6.0 |     0.0/   0.0 |     0.0/   0.0 |     0.0/   0.0 |     0.0/   0.0 |     0.0/   0.0 |     0.0/   0.0 |
c197-092:14054:16406 [1] NCCL INFO     AllGather |     0.0/   0.0 |     0.0/   0.0 |     0.0/   0.0 |     4.6/   4.0 |    12.5/   0.0 |    14.1/  12.0 |     0.0/   0.0 |     0.0/   0.0 |     0.0/   0.0 |     0.0/   0.0 |     0.0/   0.0 |     0.0/   0.0 |
c197-092:14054:16406 [1] NCCL INFO ReduceScatter |     0.0/   0.0 |     0.0/   0.0 |     0.0/   0.0 |     4.6/   4.0 |    12.5/   0.0 |    14.1/  12.0 |     0.0/   0.0 |     0.0/   0.0 |     0.0/   0.0 |     0.0/   0.0 |     0.0/   0.0 |     0.0/   0.0 |
c197-092:14054:16406 [1] NCCL INFO     AllReduce |     6.4/   0.7 |     8.2/   0.0 |    56.0/   2.8 |     5.6/   1.5 |    15.0/   0.0 |    19.8/   6.0 |     5.4/   0.0 |     5.4/   0.0 |    27.7/   0.0 |     4.4/   0.0 |     4.4/   0.0 |    16.0/   0.0 |
c197-092:14054:16406 [1] NCCL INFO threadThresholds 8/8/64 | 16/8/64 | 512 | 512
c197-092:14054:16406 [1] NCCL INFO 2 coll channels, 2 p2p channels, 2 p2p channels per peer
c197-092:14056:16416 [3] NCCL INFO Mem Realloc old size 0, new size 8 pointer 0x2ac9b40009c0
c197-092:14056:16416 [3] NCCL INFO Allocated 4194656 bytes of shared memory in /dev/shm/nccl-ZrHlHA

c197-092:14054:16417 [1] NCCL INFO Mem Realloc old size 0, new size 8 pointer 0x2b22b0000930
c197-092:14054:16417 [1] NCCL INFO Allocated 4194656 bytes of shared memory in /dev/shm/nccl-hSQLsK

c197-092:14056:16416 [3] NCCL INFO New proxy send connection 0 from local rank 1, transport 2
c197-092:14056:16407 [3] NCCL INFO Connection to proxy localRank 1 -> connection 0x2ac9b4002010
c197-092:14056:16416 [3] NCCL INFO transport/net.cc:376 Cuda Alloc Size 4194304 pointer 0x2ac9ac400000
c197-092:14054:16417 [1] NCCL INFO New proxy send connection 0 from local rank 0, transport 2
c197-092:14054:16406 [1] NCCL INFO Connection to proxy localRank 0 -> connection 0x2b22b000e010
c197-092:14056:16407 [3] NCCL INFO init.cc:367 Cuda Alloc Size 5168 pointer 0x2ac8e9c2ae00
c197-092:14054:16417 [1] NCCL INFO transport/net.cc:376 Cuda Alloc Size 4194304 pointer 0x2b2318400000
c197-092:14054:16406 [1] NCCL INFO init.cc:367 Cuda Alloc Size 5168 pointer 0x2b224fc2ae00
c197-092:14056:16407 [3] NCCL INFO init.cc:392 Cuda Host Alloc Size 33554432 pointer 0x2ac9bc000000
c197-092:14056:16407 [3] NCCL INFO init.cc:398 Cuda Host Alloc Size 128 pointer 0x2ac8e9204e00
c197-092:14056:16407 [3] NCCL INFO comm 0x1cb825c0 rank 1 nranks 2 cudaDev 3 busId 83000 - Init COMPLETE
c197-092:14056:14056 [3] NCCL INFO AllReduce: opCount 0 sendbuff 0x2ac8deda5800 recvbuff 0x2ac8deda5800 count 2 datatype 7 op 0 root 0 comm 0x1cb825c0 [nranks=2] stream 0xb0e4940
c197-092:14056:14056 [3] NCCL INFO misc/utils.cc:235 memory stack hunk malloc(65536)
c197-092:14054:16406 [1] NCCL INFO init.cc:392 Cuda Host Alloc Size 33554432 pointer 0x2b2324000000
c197-092:14054:16406 [1] NCCL INFO init.cc:398 Cuda Host Alloc Size 128 pointer 0x2b224f204e00
c197-092:14054:16406 [1] NCCL INFO comm 0x1cc8b370 rank 0 nranks 2 cudaDev 1 busId 3000 - Init COMPLETE
c197-092:14054:14054 [1] NCCL INFO AllReduce: opCount 0 sendbuff 0x2b2248da5800 recvbuff 0x2b2248da5800 count 2 datatype 7 op 0 root 0 comm 0x1cc8b370 [nranks=2] stream 0xa072a50
c197-092:14054:14054 [1] NCCL INFO misc/utils.cc:235 memory stack hunk malloc(65536)
c197-092:14054:16424 [1] NCCL INFO AllReduce: opCount 13 sendbuff 0x2b22f8000000 recvbuff 0x2b22f8000000 count 4194304 datatype 6 op 0 root 0 comm 0xfda54e0 [nranks=2] stream 0xb1633f0
c197-092:14056:16425 [3] NCCL INFO AllReduce: opCount 13 sendbuff 0x2ac98c000000 recvbuff 0x2ac98c000000 count 4194304 datatype 6 op 0 root 0 comm 0xfc9c9c0 [nranks=2] stream 0xb0ae2d0
c197-092:14054:16424 [1] NCCL INFO AllReduce: opCount 14 sendbuff 0x2b22ec800000 recvbuff 0x2b22ec800000 count 4194304 datatype 6 op 0 root 0 comm 0xfda54e0 [nranks=2] stream 0xb1633f0
c197-092:14056:16425 [3] NCCL INFO AllReduce: opCount 14 sendbuff 0x2ac980800000 recvbuff 0x2ac980800000 count 4194304 datatype 6 op 0 root 0 comm 0xfc9c9c0 [nranks=2] stream 0xb0ae2d0
c197-092:14053:16409 [0] NCCL INFO AllReduce: opCount 14 sendbuff 0x2b8b4c800000 recvbuff 0x2b8b4c800000 count 4194304 datatype 6 op 0 root 0 comm 0xf6c43e0 [nranks=2] stream 0x8d77840
c197-092:14055:16411 [2] NCCL INFO AllReduce: opCount 14 sendbuff 0x2b76cd800000 recvbuff 0x2b76cd800000 count 4194304 datatype 6 op 0 root 0 comm 0xed9d140 [nranks=2] stream 0x8450810
c197-092:14056:16425 [3] NCCL INFO AllReduce: opCount 15 sendbuff 0x2ac96f000000 recvbuff 0x2ac96f000000 count 4194304 datatype 6 op 0 root 0 comm 0xfc9c9c0 [nranks=2] stream 0xb0ae2d0
c197-092:14054:16424 [1] NCCL INFO AllReduce: opCount 15 sendbuff 0x2b22db000000 recvbuff 0x2b22db000000 count 4194304 datatype 6 op 0 root 0 comm 0xfda54e0 [nranks=2] stream 0xb1633f0
c197-092:14055:16411 [2] NCCL INFO AllReduce: opCount 15 sendbuff 0x2b76cd800000 recvbuff 0x2b76cd800000 count 4194304 datatype 6 op 0 root 0 comm 0xed9d140 [nranks=2] stream 0x8450810
c197-092:14053:16409 [0] NCCL INFO AllReduce: opCount 15 sendbuff 0x2b8b3b000000 recvbuff 0x2b8b3b000000 count 4194304 datatype 6 op 0 root 0 comm 0xf6c43e0 [nranks=2] stream 0x8d77840
c197-092:14055:16411 [2] NCCL INFO AllReduce: opCount 16 sendbuff 0x2b76c7800000 recvbuff 0x2b76c7800000 count 4194304 datatype 6 op 0 root 0 comm 0xed9d140 [nranks=2] stream 0x8450810
c197-092:14055:16411 [2] NCCL INFO AllReduce: opCount 17 sendbuff 0x2b764ac00000 recvbuff 0x2b764ac00000 count 4194304 datatype 6 op 0 root 0 comm 0xed9d140 [nranks=2] stream 0x8450810
c197-092:14055:16411 [2] NCCL INFO AllReduce: opCount 18 sendbuff 0x2b76c3800000 recvbuff 0x2b76c3800000 count 4194304 datatype 6 op 0 root 0 comm 0xed9d140 [nranks=2] stream 0x8450810
c197-092:14055:16411 [2] NCCL INFO AllReduce: opCount 19 sendbuff 0x2b76b3000000 recvbuff 0x2b76b3000000 count 4194304 datatype 6 op 0 root 0 comm 0xed9d140 [nranks=2] stream 0x8450810
c197-092:14055:16411 [2] NCCL INFO AllReduce: opCount 1a sendbuff 0x2b76b3800000 recvbuff 0x2b76b3800000 count 4194304 datatype 6 op 0 root 0 comm 0xed9d140 [nranks=2] stream 0x8450810
c197-092:14055:16411 [2] NCCL INFO AllReduce: opCount 1b sendbuff 0x2b76ae800000 recvbuff 0x2b76ae800000 count 4194304 datatype 6 op 0 root 0 comm 0xed9d140 [nranks=2] stream 0x8450810
c197-092:14055:16411 [2] NCCL INFO AllReduce: opCount 1c sendbuff 0x2b76c3000000 recvbuff 0x2b76c3000000 count 4194304 datatype 6 op 0 root 0 comm 0xed9d140 [nranks=2] stream 0x8450810
c197-092:14055:16411 [2] NCCL INFO AllReduce: opCount 1d sendbuff 0x2b76aa000000 recvbuff 0x2b76aa000000 count 4194304 datatype 6 op 0 root 0 comm 0xed9d140 [nranks=2] stream 0x8450810
c197-092:14055:16411 [2] NCCL INFO AllReduce: opCount 1e sendbuff 0x2b76aa800000 recvbuff 0x2b76aa800000 count 4194304 datatype 6 op 0 root 0 comm 0xed9d140 [nranks=2] stream 0x8450810
c197-092:14055:16411 [2] NCCL INFO AllReduce: opCount 1f sendbuff 0x2b76ae000000 recvbuff 0x2b76ae000000 count 4194304 datatype 6 op 0 root 0 comm 0xed9d140 [nranks=2] stream 0x8450810
c197-092:14054:16424 [1] NCCL INFO AllReduce: opCount 16 sendbuff 0x2b22e4000000 recvbuff 0x2b22e4000000 count 4194304 datatype 6 op 0 root 0 comm 0xfda54e0 [nranks=2] stream 0xb1633f0
c197-092:14056:16425 [3] NCCL INFO AllReduce: opCount 16 sendbuff 0x2ac978000000 recvbuff 0x2ac978000000 count 4194304 datatype 6 op 0 root 0 comm 0xfc9c9c0 [nranks=2] stream 0xb0ae2d0
c197-092:14056:16425 [3] NCCL INFO AllReduce: opCount 17 sendbuff 0x2ac96b800000 recvbuff 0x2ac96b800000 count 4194304 datatype 6 op 0 root 0 comm 0xfc9c9c0 [nranks=2] stream 0xb0ae2d0
c197-092:14054:16424 [1] NCCL INFO AllReduce: opCount 17 sendbuff 0x2b22d7800000 recvbuff 0x2b22d7800000 count 4194304 datatype 6 op 0 root 0 comm 0xfda54e0 [nranks=2] stream 0xb1633f0
c197-092:14053:16409 [0] NCCL INFO AllReduce: opCount 16 sendbuff 0x2b8b44000000 recvbuff 0x2b8b44000000 count 4194304 datatype 6 op 0 root 0 comm 0xf6c43e0 [nranks=2] stream 0x8d77840
c197-092:14054:16424 [1] NCCL INFO AllReduce: opCount 18 sendbuff 0x2b22e4800000 recvbuff 0x2b22e4800000 count 4194304 datatype 6 op 0 root 0 comm 0xfda54e0 [nranks=2] stream 0xb1633f0
c197-092:14056:16425 [3] NCCL INFO AllReduce: opCount 18 sendbuff 0x2ac96c000000 recvbuff 0x2ac96c000000 count 4194304 datatype 6 op 0 root 0 comm 0xfc9c9c0 [nranks=2] stream 0xb0ae2d0
c197-092:14053:16409 [0] NCCL INFO AllReduce: opCount 17 sendbuff 0x2b8b37800000 recvbuff 0x2b8b37800000 count 4194304 datatype 6 op 0 root 0 comm 0xf6c43e0 [nranks=2] stream 0x8d77840
