c197-091:21806:23467 [2] NCCL INFO              + NET[7.0] - NET/0 (3e4ce00039b0398/1/7.000000)
c197-091:21804:23468 [0] NCCL INFO + PCI[6.0] - NIC/1000
c197-091:21806:23467 [2] NCCL INFO + SYS[6.0] - CPU/1
c197-091:21806:23467 [2] NCCL INFO ==========================================
c197-091:21804:23468 [0] NCCL INFO              + NET[7.0] - NET/0 (3e4ce00039b0398/1/7.000000)
c197-091:21804:23468 [0] NCCL INFO ==========================================
c197-091:21806:23467 [2] NCCL INFO GPU/82000 :GPU/82000 (0/5000.000000/LOC) CPU/1 (1/12.000000/PHB) CPU/0 (2/6.000000/SYS) NET/0 (4/6.000000/SYS) 
c197-091:21804:23468 [0] NCCL INFO GPU/2000 :GPU/2000 (0/5000.000000/LOC) CPU/0 (1/12.000000/PHB) NET/0 (3/6.000000/PHB) 
c197-091:21806:23467 [2] NCCL INFO NET/0 :GPU/82000 (4/6.000000/SYS) CPU/1 (3/6.000000/SYS) CPU/0 (2/6.000000/PHB) NET/0 (0/5000.000000/LOC) 
c197-091:21804:23468 [0] NCCL INFO NET/0 :GPU/2000 (3/6.000000/PHB) CPU/0 (2/6.000000/PHB) NET/0 (0/5000.000000/LOC) 
c197-091:21806:23467 [2] NCCL INFO Setting affinity for GPU 2 to ff00ff00
c197-091:21804:23468 [0] NCCL INFO Setting affinity for GPU 0 to ff00ff
c197-091:21804:23468 [0] NCCL INFO Pattern 4, crossNic 0, nChannels 1, bw 5.000000/5.000000, type LOC/PHB, sameChannels 1
c197-091:21804:23468 [0] NCCL INFO  0 : NET/0 GPU/2 NET/0
c197-091:21804:23468 [0] NCCL INFO Pattern 3, crossNic 0, nChannels 1, bw 10.000000/5.000000, type LOC/PHB, sameChannels 1
c197-091:21804:23468 [0] NCCL INFO  0 : NET/0 GPU/2 NET/0
c197-091:21806:23467 [2] NCCL INFO Pattern 4, crossNic 0, nChannels 1, bw 6.000000/6.000000, type LOC/SYS, sameChannels 1
c197-091:21806:23467 [2] NCCL INFO  0 : NET/0 GPU/2 NET/0
c197-091:21804:23468 [0] NCCL INFO Pattern 3, crossNic 0, nChannels 0, bw 0.000000/0.000000, type LOC/PIX, sameChannels 1
c197-091:21806:23467 [2] NCCL INFO Pattern 3, crossNic 0, nChannels 1, bw 12.000000/6.000000, type LOC/SYS, sameChannels 1
c197-091:21806:23467 [2] NCCL INFO  0 : NET/0 GPU/2 NET/0
c197-091:21806:23467 [2] NCCL INFO Pattern 3, crossNic 0, nChannels 0, bw 0.000000/0.000000, type LOC/PIX, sameChannels 1
c197-091:21804:23468 [0] NCCL INFO Tree 0 : 0 -> 2 -> 1/3/-1
c197-091:21804:23468 [0] NCCL INFO Tree 1 : 1 -> 2 -> -1/-1/-1
c197-091:21804:23468 [0] NCCL INFO Ring 00 : 1 -> 2 -> 3
c197-091:21804:23468 [0] NCCL INFO Ring 01 : 1 -> 2 -> 3
c197-091:21804:23468 [0] NCCL INFO Trees [0] 1/3/-1->2->0 [1] -1/-1/-1->2->1
c197-091:21804:23468 [0] NCCL INFO misc/utils.cc:235 memory stack hunk malloc(65536)
c197-091:21804:23468 [0] NCCL INFO channel.cc:23 Cuda Alloc Size 1920 pointer 0x2b1547c07400
c197-091:21804:23468 [0] NCCL INFO channel.cc:27 Cuda Alloc Size 16 pointer 0x2b1547c07c00
c197-091:21804:23468 [0] NCCL INFO channel.cc:23 Cuda Alloc Size 1920 pointer 0x2b1547c07e00
c197-091:21804:23468 [0] NCCL INFO channel.cc:27 Cuda Alloc Size 16 pointer 0x2b1547c08600
c197-091:21806:23467 [2] NCCL INFO Tree 0 : 0 -> 2 -> 1/3/-1
c197-091:21806:23467 [2] NCCL INFO Tree 1 : 1 -> 2 -> -1/-1/-1
c197-091:21806:23467 [2] NCCL INFO Ring 00 : 1 -> 2 -> 3
c197-091:21806:23467 [2] NCCL INFO Ring 01 : 1 -> 2 -> 3
c197-091:21806:23467 [2] NCCL INFO Trees [0] 1/3/-1->2->0 [1] -1/-1/-1->2->1
c197-091:21806:23467 [2] NCCL INFO misc/utils.cc:235 memory stack hunk malloc(65536)
c197-091:21806:23467 [2] NCCL INFO channel.cc:23 Cuda Alloc Size 1920 pointer 0x2b89c7c07400
c197-091:21806:23467 [2] NCCL INFO channel.cc:27 Cuda Alloc Size 16 pointer 0x2b89c7c07c00
c197-091:21806:23467 [2] NCCL INFO channel.cc:23 Cuda Alloc Size 1920 pointer 0x2b89c7c07e00
c197-091:21806:23467 [2] NCCL INFO channel.cc:27 Cuda Alloc Size 16 pointer 0x2b89c7c08600
c197-091:21804:23469 [0] NCCL INFO Mem Realloc old size 0, new size 8 pointer 0x2b158c0009c0
c197-091:21804:23469 [0] NCCL INFO Allocated 4194656 bytes of shared memory in /dev/shm/nccl-UIDw3N

c197-091:21806:23470 [2] NCCL INFO Mem Realloc old size 0, new size 8 pointer 0x2b8a080009c0
c197-091:21806:23470 [2] NCCL INFO Allocated 4194656 bytes of shared memory in /dev/shm/nccl-AcuZzE

c197-091:21806:23470 [2] NCCL INFO New proxy recv connection 0 from local rank 0, transport 2
c197-091:21806:23467 [2] NCCL INFO Connection to proxy localRank 0 -> connection 0x2b8a08002010
c197-091:21804:23469 [0] NCCL INFO New proxy recv connection 0 from local rank 0, transport 2
c197-091:21804:23468 [0] NCCL INFO Connection to proxy localRank 0 -> connection 0x2b158c002010
c197-091:21806:23467 [2] NCCL INFO Channel 00/0 : 1[82000] -> 2[82000] [receive] via NET/IB/0
c197-091:21806:23470 [2] NCCL INFO New proxy recv connection 1 from local rank 0, transport 2
c197-091:21804:23468 [0] NCCL INFO Channel 00/0 : 1[2000] -> 2[2000] [receive] via NET/IB/0
c197-091:21804:23469 [0] NCCL INFO New proxy recv connection 1 from local rank 0, transport 2
c197-091:21804:23468 [0] NCCL INFO Connection to proxy localRank 0 -> connection 0x2b158c002050
c197-091:21806:23467 [2] NCCL INFO Connection to proxy localRank 0 -> connection 0x2b8a08002050
c197-091:21806:23467 [2] NCCL INFO Channel 01/0 : 1[82000] -> 2[82000] [receive] via NET/IB/0
c197-091:21804:23468 [0] NCCL INFO Channel 01/0 : 1[2000] -> 2[2000] [receive] via NET/IB/0
c197-091:21806:23470 [2] NCCL INFO New proxy send connection 2 from local rank 0, transport 2
c197-091:21804:23469 [0] NCCL INFO New proxy send connection 2 from local rank 0, transport 2
c197-091:21806:23467 [2] NCCL INFO Connection to proxy localRank 0 -> connection 0x2b8a08002090
c197-091:21804:23468 [0] NCCL INFO Connection to proxy localRank 0 -> connection 0x2b158c002090
c197-091:21806:23467 [2] NCCL INFO Channel 00/0 : 2[82000] -> 3[82000] [send] via NET/IB/0
c197-091:21804:23468 [0] NCCL INFO Channel 00/0 : 2[2000] -> 3[2000] [send] via NET/IB/0
c197-091:21806:23470 [2] NCCL INFO New proxy send connection 3 from local rank 0, transport 2
c197-091:21804:23469 [0] NCCL INFO New proxy send connection 3 from local rank 0, transport 2
c197-091:21806:23467 [2] NCCL INFO Connection to proxy localRank 0 -> connection 0x2b8a080020d0
c197-091:21804:23468 [0] NCCL INFO Connection to proxy localRank 0 -> connection 0x2b158c0020d0
c197-091:21806:23467 [2] NCCL INFO Channel 01/0 : 2[82000] -> 3[82000] [send] via NET/IB/0
c197-091:21804:23468 [0] NCCL INFO Channel 01/0 : 2[2000] -> 3[2000] [send] via NET/IB/0
c197-091:21806:23470 [2] NCCL INFO transport/net_ib.cc:596 Ib Alloc Size 26560 pointer 0x2b8a0801e000
c197-091:21804:23469 [0] NCCL INFO transport/net_ib.cc:596 Ib Alloc Size 26560 pointer 0x2b158c01e000
c197-091:21806:23470 [2] NCCL INFO NET/IB: Dev 0 Port 1 qpn 89736 mtu 5 LID 6
c197-091:21806:23470 [2] NCCL INFO transport/net_ib.cc:653 Ib Alloc Size 552 pointer 0x2b8a0802a000
c197-091:21804:23469 [0] NCCL INFO NET/IB: Dev 0 Port 1 qpn 89737 mtu 5 LID 6
c197-091:21804:23469 [0] NCCL INFO transport/net_ib.cc:653 Ib Alloc Size 552 pointer 0x2b158c026000
c197-091:21806:23470 [2] NCCL INFO transport/net.cc:571 Cuda Host Alloc Size 9641984 pointer 0x2b89f5400000
c197-091:21806:23470 [2] NCCL INFO Mem Realloc old size 0, new size 768 pointer 0x2b8a0802a4d0
c197-091:21806:23470 [2] NCCL INFO transport/net_ib.cc:596 Ib Alloc Size 26560 pointer 0x2b8a0802b000
c197-091:21806:23470 [2] NCCL INFO NET/IB: Dev 0 Port 1 qpn 89738 mtu 5 LID 6
c197-091:21806:23470 [2] NCCL INFO transport/net_ib.cc:653 Ib Alloc Size 552 pointer 0x2b8a08033000
c197-091:21804:23469 [0] NCCL INFO transport/net.cc:571 Cuda Host Alloc Size 9641984 pointer 0x2b1577400000
c197-091:21804:23469 [0] NCCL INFO transport/net_ib.cc:596 Ib Alloc Size 26560 pointer 0x2b158c027000
c197-091:21806:23470 [2] NCCL INFO transport/net.cc:571 Cuda Host Alloc Size 9641984 pointer 0x2b89f3400000
c197-091:21806:23470 [2] NCCL INFO transport/net_ib.cc:683 Ib Alloc Size 21688 pointer 0x2b8a08034000
c197-091:21804:23469 [0] NCCL INFO NET/IB: Dev 0 Port 1 qpn 89739 mtu 5 LID 6
c197-091:21806:23470 [2] NCCL INFO transport/net_ib.cc:696 Ib Alloc Size 552 pointer 0x2b8a0803b000
c197-091:21804:23469 [0] NCCL INFO transport/net_ib.cc:653 Ib Alloc Size 552 pointer 0x2b158c02f000
c197-091:21806:23470 [2] NCCL INFO transport/net_ib.cc:771 Ib Alloc Size 552 pointer 0x2b8a0803d000
c197-091:21806:23470 [2] NCCL INFO transport/net.cc:698 Cuda Host Alloc Size 9641984 pointer 0x2b89f1400000
c197-091:21806:23470 [2] NCCL INFO transport/net_ib.cc:683 Ib Alloc Size 21688 pointer 0x2b8a0803d000
c197-091:21806:23470 [2] NCCL INFO transport/net_ib.cc:696 Ib Alloc Size 552 pointer 0x2b8a08044000
c197-091:21806:23470 [2] NCCL INFO transport/net_ib.cc:771 Ib Alloc Size 552 pointer 0x2b8a08044000
c197-091:21804:23469 [0] NCCL INFO transport/net.cc:571 Cuda Host Alloc Size 9641984 pointer 0x2b1575400000
c197-091:21804:23469 [0] NCCL INFO transport/net_ib.cc:683 Ib Alloc Size 21688 pointer 0x2b158c030000
c197-091:21804:23469 [0] NCCL INFO transport/net_ib.cc:696 Ib Alloc Size 552 pointer 0x2b158c037000
c197-091:21804:23469 [0] NCCL INFO transport/net_ib.cc:771 Ib Alloc Size 552 pointer 0x2b158c037000
c197-091:21806:23470 [2] NCCL INFO transport/net.cc:698 Cuda Host Alloc Size 9641984 pointer 0x2b89ef400000
c197-091:21806:23467 [2] NCCL INFO Connected all rings
c197-091:21806:23470 [2] NCCL INFO New proxy recv connection 4 from local rank 0, transport 2
c197-091:21804:23469 [0] NCCL INFO transport/net.cc:698 Cuda Host Alloc Size 9641984 pointer 0x2b1573400000
c197-091:21804:23469 [0] NCCL INFO Mem Realloc old size 768, new size 1536 pointer 0x2b158c036e30
c197-091:21804:23469 [0] NCCL INFO transport/net_ib.cc:683 Ib Alloc Size 21688 pointer 0x2b158c038000
c197-091:21804:23469 [0] NCCL INFO transport/net_ib.cc:696 Ib Alloc Size 552 pointer 0x2b158c03f000
c197-091:21804:23469 [0] NCCL INFO transport/net_ib.cc:771 Ib Alloc Size 552 pointer 0x2b158c03f000
c197-091:21804:23469 [0] NCCL INFO transport/net.cc:698 Cuda Host Alloc Size 9641984 pointer 0x2b1571400000
c197-091:21804:23468 [0] NCCL INFO Connected all rings
c197-091:21804:23469 [0] NCCL INFO New proxy recv connection 4 from local rank 0, transport 2
c197-091:21806:23467 [2] NCCL INFO Connection to proxy localRank 0 -> connection 0x2b8a08002110
c197-091:21806:23467 [2] NCCL INFO Channel 00/0 : 0[82000] -> 2[82000] [receive] via NET/IB/0
c197-091:21806:23470 [2] NCCL INFO New proxy send connection 5 from local rank 0, transport 2
c197-091:21804:23468 [0] NCCL INFO Connection to proxy localRank 0 -> connection 0x2b158c002110
c197-091:21804:23468 [0] NCCL INFO Channel 00/0 : 0[2000] -> 2[2000] [receive] via NET/IB/0
c197-091:21804:23469 [0] NCCL INFO New proxy send connection 5 from local rank 0, transport 2
c197-091:21806:23467 [2] NCCL INFO Connection to proxy localRank 0 -> connection 0x2b8a08002150
c197-091:21806:23467 [2] NCCL INFO Channel 00/0 : 2[82000] -> 0[82000] [send] via NET/IB/0
c197-091:21806:23470 [2] NCCL INFO transport/net_ib.cc:596 Ib Alloc Size 26560 pointer 0x2b8a08050000
c197-091:21806:23470 [2] NCCL INFO NET/IB: Dev 0 Port 1 qpn 89744 mtu 5 LID 6
c197-091:21806:23470 [2] NCCL INFO transport/net_ib.cc:653 Ib Alloc Size 552 pointer 0x2b8a08058000
c197-091:21806:23470 [2] NCCL INFO transport/net.cc:571 Cuda Host Alloc Size 9641984 pointer 0x2b89ed400000
c197-091:21806:23470 [2] NCCL INFO transport/net_ib.cc:683 Ib Alloc Size 21688 pointer 0x2b8a0805a000
c197-091:21806:23470 [2] NCCL INFO transport/net_ib.cc:696 Ib Alloc Size 552 pointer 0x2b8a08061000
c197-091:21806:23470 [2] NCCL INFO transport/net_ib.cc:771 Ib Alloc Size 552 pointer 0x2b8a08061000
c197-091:21806:23470 [2] NCCL INFO transport/net.cc:698 Cuda Host Alloc Size 9641984 pointer 0x2b89eb400000
c197-091:21806:23470 [2] NCCL INFO New proxy recv connection 6 from local rank 0, transport 2
c197-091:21804:23468 [0] NCCL INFO Connection to proxy localRank 0 -> connection 0x2b158c002150
c197-091:21804:23468 [0] NCCL INFO Channel 00/0 : 2[2000] -> 0[2000] [send] via NET/IB/0
c197-091:21804:23469 [0] NCCL INFO transport/net_ib.cc:596 Ib Alloc Size 26560 pointer 0x2b158c04f000
c197-091:21804:23469 [0] NCCL INFO NET/IB: Dev 0 Port 1 qpn 89746 mtu 5 LID 6
c197-091:21804:23469 [0] NCCL INFO transport/net_ib.cc:653 Ib Alloc Size 552 pointer 0x2b158c019000
c197-091:21804:23469 [0] NCCL INFO transport/net.cc:571 Cuda Host Alloc Size 9641984 pointer 0x2b156f400000
c197-091:21804:23469 [0] NCCL INFO transport/net_ib.cc:683 Ib Alloc Size 21688 pointer 0x2b158c057000
c197-091:21804:23469 [0] NCCL INFO transport/net_ib.cc:696 Ib Alloc Size 552 pointer 0x2b158c01a000
c197-091:21804:23469 [0] NCCL INFO transport/net_ib.cc:771 Ib Alloc Size 552 pointer 0x2b158c01a000
c197-091:21804:23469 [0] NCCL INFO transport/net.cc:698 Cuda Host Alloc Size 9641984 pointer 0x2b156d400000
c197-091:21804:23469 [0] NCCL INFO New proxy recv connection 6 from local rank 0, transport 2
c197-091:21806:23467 [2] NCCL INFO Connection to proxy localRank 0 -> connection 0x2b8a08002190
c197-091:21806:23467 [2] NCCL INFO Channel 00/0 : 3[82000] -> 2[82000] [receive] via NET/IB/0
c197-091:21806:23470 [2] NCCL INFO New proxy send connection 7 from local rank 0, transport 2
c197-091:21804:23468 [0] NCCL INFO Connection to proxy localRank 0 -> connection 0x2b158c002190
c197-091:21804:23468 [0] NCCL INFO Channel 00/0 : 3[2000] -> 2[2000] [receive] via NET/IB/0
c197-091:21804:23469 [0] NCCL INFO New proxy send connection 7 from local rank 0, transport 2
c197-091:21806:23467 [2] NCCL INFO Connection to proxy localRank 0 -> connection 0x2b8a080021d0
c197-091:21806:23467 [2] NCCL INFO Channel 00/0 : 2[82000] -> 1[82000] [send] via NET/IB/0
c197-091:21806:23470 [2] NCCL INFO New proxy send connection 8 from local rank 0, transport 2
c197-091:21804:23468 [0] NCCL INFO Connection to proxy localRank 0 -> connection 0x2b158c0021d0
c197-091:21804:23468 [0] NCCL INFO Channel 00/0 : 2[2000] -> 1[2000] [send] via NET/IB/0
c197-091:21804:23469 [0] NCCL INFO New proxy send connection 8 from local rank 0, transport 2
c197-091:21806:23467 [2] NCCL INFO Connection to proxy localRank 0 -> connection 0x2b8a08002210
c197-091:21806:23467 [2] NCCL INFO Channel 01/0 : 2[82000] -> 1[82000] [send] via NET/IB/0
c197-091:21806:23470 [2] NCCL INFO transport/net_ib.cc:596 Ib Alloc Size 26560 pointer 0x2b8a08072000
c197-091:21806:23470 [2] NCCL INFO NET/IB: Dev 0 Port 1 qpn 89748 mtu 5 LID 6
c197-091:21806:23470 [2] NCCL INFO transport/net_ib.cc:653 Ib Alloc Size 552 pointer 0x2b8a0807a000
c197-091:21806:23470 [2] NCCL INFO transport/net.cc:571 Cuda Host Alloc Size 9641984 pointer 0x2b89bbc00000
c197-091:21806:23470 [2] NCCL INFO transport/net_ib.cc:596 Ib Alloc Size 26560 pointer 0x2b8a0807c000
c197-091:21806:23470 [2] NCCL INFO NET/IB: Dev 0 Port 1 qpn 89749 mtu 5 LID 6
c197-091:21806:23470 [2] NCCL INFO transport/net_ib.cc:653 Ib Alloc Size 552 pointer 0x2b8a08084000
c197-091:21806:23470 [2] NCCL INFO transport/net.cc:571 Cuda Host Alloc Size 9641984 pointer 0x2b8a10000000
c197-091:21806:23470 [2] NCCL INFO transport/net_ib.cc:683 Ib Alloc Size 21688 pointer 0x2b8a08086000
c197-091:21806:23470 [2] NCCL INFO transport/net_ib.cc:696 Ib Alloc Size 552 pointer 0x2b8a0808d000
c197-091:21806:23470 [2] NCCL INFO transport/net_ib.cc:771 Ib Alloc Size 552 pointer 0x2b8a0808d000
c197-091:21804:23468 [0] NCCL INFO Connection to proxy localRank 0 -> connection 0x2b158c002210
c197-091:21804:23468 [0] NCCL INFO Channel 01/0 : 2[2000] -> 1[2000] [send] via NET/IB/0
c197-091:21804:23469 [0] NCCL INFO transport/net_ib.cc:596 Ib Alloc Size 26560 pointer 0x2b158c06d000
c197-091:21804:23469 [0] NCCL INFO NET/IB: Dev 0 Port 1 qpn 89751 mtu 5 LID 6
c197-091:21804:23469 [0] NCCL INFO transport/net_ib.cc:653 Ib Alloc Size 552 pointer 0x2b158c01b000
c197-091:21806:23470 [2] NCCL INFO transport/net.cc:698 Cuda Host Alloc Size 9641984 pointer 0x2b8a10a00000
c197-091:21806:23467 [2] NCCL INFO Connected all trees
c197-091:21806:23467 [2] NCCL INFO threadThresholds 8/8/64 | 32/8/64 | 512 | 512
c197-091:21806:23467 [2] NCCL INFO 2 coll channels, 2 p2p channels, 2 p2p channels per peer
c197-091:21806:23470 [2] NCCL INFO New proxy send connection 9 from local rank 0, transport 2
c197-091:21804:23469 [0] NCCL INFO transport/net.cc:571 Cuda Host Alloc Size 9641984 pointer 0x2b1565600000
c197-091:21804:23469 [0] NCCL INFO transport/net_ib.cc:596 Ib Alloc Size 26560 pointer 0x2b158c075000
c197-091:21804:23469 [0] NCCL INFO NET/IB: Dev 0 Port 1 qpn 89752 mtu 5 LID 6
c197-091:21804:23469 [0] NCCL INFO transport/net_ib.cc:653 Ib Alloc Size 552 pointer 0x2b158c07d000
c197-091:21804:23469 [0] NCCL INFO transport/net.cc:571 Cuda Host Alloc Size 9641984 pointer 0x2b153bc00000
c197-091:21804:23469 [0] NCCL INFO transport/net_ib.cc:683 Ib Alloc Size 21688 pointer 0x2b158c07f000
c197-091:21804:23469 [0] NCCL INFO transport/net_ib.cc:696 Ib Alloc Size 552 pointer 0x2b158c086000
c197-091:21804:23469 [0] NCCL INFO transport/net_ib.cc:771 Ib Alloc Size 552 pointer 0x2b158c086000
c197-091:21804:23469 [0] NCCL INFO transport/net.cc:698 Cuda Host Alloc Size 9641984 pointer 0x2b1594000000
c197-091:21804:23468 [0] NCCL INFO Connected all trees
c197-091:21804:23468 [0] NCCL INFO threadThresholds 8/8/64 | 32/8/64 | 512 | 512
c197-091:21804:23468 [0] NCCL INFO 2 coll channels, 2 p2p channels, 2 p2p channels per peer
c197-091:21804:23469 [0] NCCL INFO New proxy send connection 9 from local rank 0, transport 2
c197-091:21806:23467 [2] NCCL INFO Connection to proxy localRank 0 -> connection 0x2b8a08002250
c197-091:21806:23470 [2] NCCL INFO transport/net.cc:376 Cuda Alloc Size 4194304 pointer 0x2b8a11400000
c197-091:21806:23467 [2] NCCL INFO init.cc:367 Cuda Alloc Size 5168 pointer 0x2b89c7c08800
c197-091:21806:23467 [2] NCCL INFO init.cc:392 Cuda Host Alloc Size 33554432 pointer 0x2b8a12000000
c197-091:21806:23467 [2] NCCL INFO init.cc:398 Cuda Host Alloc Size 128 pointer 0x2b89c7200a00
c197-091:21806:23467 [2] NCCL INFO comm 0xebc65f0 rank 2 nranks 4 cudaDev 2 busId 82000 - Init COMPLETE
c197-091:21806:21806 [2] NCCL INFO AllReduce: opCount 0 sendbuff 0x2b89bcc00400 recvbuff 0x2b89bcc00400 count 1 datatype 4 op 0 root 0 comm 0xebc65f0 [nranks=4] stream 0x8de4c80
c197-091:21806:21806 [2] NCCL INFO misc/utils.cc:235 memory stack hunk malloc(65536)
c197-091:21804:23468 [0] NCCL INFO Connection to proxy localRank 0 -> connection 0x2b158c002250
c197-091:21804:23468 [0] NCCL INFO init.cc:367 Cuda Alloc Size 5168 pointer 0x2b1547c08800
c197-091:21804:23469 [0] NCCL INFO transport/net.cc:376 Cuda Alloc Size 4194304 pointer 0x2b1594a00000
c197-091:21806:21806 [2] NCCL INFO AllReduce: opCount 1 sendbuff 0x2b89bcc00400 recvbuff 0x2b89bcc00400 count 1 datatype 4 op 0 root 0 comm 0xebb2b50 [nranks=2] stream 0xb331430
c197-091:21806:21806 [2] NCCL INFO AllReduce: opCount 1 sendbuff 0x2b89bcc00400 recvbuff 0x2b89bcc00400 count 1 datatype 4 op 0 root 0 comm 0xebc65f0 [nranks=4] stream 0x8de4c80
c197-091:21804:23468 [0] NCCL INFO init.cc:392 Cuda Host Alloc Size 33554432 pointer 0x2b1596000000
c197-091:21804:23468 [0] NCCL INFO init.cc:398 Cuda Host Alloc Size 128 pointer 0x2b1547200a00
c197-091:21804:23468 [0] NCCL INFO comm 0xecd7440 rank 2 nranks 4 cudaDev 0 busId 2000 - Init COMPLETE
c197-091:21804:21804 [0] NCCL INFO AllReduce: opCount 0 sendbuff 0x2b153cc00400 recvbuff 0x2b153cc00400 count 1 datatype 4 op 0 root 0 comm 0xecd7440 [nranks=4] stream 0xa080370
c197-091:21804:21804 [0] NCCL INFO misc/utils.cc:235 memory stack hunk malloc(65536)
c197-091:21804:21804 [0] NCCL INFO AllReduce: opCount 1 sendbuff 0x2b153cc00400 recvbuff 0x2b153cc00400 count 1 datatype 4 op 0 root 0 comm 0xecc4420 [nranks=2] stream 0xae16330
c197-091:21804:21804 [0] NCCL INFO AllReduce: opCount 1 sendbuff 0x2b153cc00400 recvbuff 0x2b153cc00400 count 1 datatype 4 op 0 root 0 comm 0xecd7440 [nranks=4] stream 0xa080370
c197-091:21804:21804 [0] NCCL INFO init.cc:1147 Cuda Host Alloc Size 4 pointer 0x2b1547200c00
NCCL version 2.14.3+cuda11.8
c197-091:21804:23593 [0] NCCL INFO Using network IB
c197-091:21806:21806 [2] NCCL INFO init.cc:1147 Cuda Host Alloc Size 4 pointer 0x2b89c7200c00
c197-091:21806:23594 [2] NCCL INFO Using network IB
c197-091:21805:21805 [1] NCCL INFO init.cc:1147 Cuda Host Alloc Size 4 pointer 0x2b97c3200400
c197-091:21807:21807 [3] NCCL INFO init.cc:1147 Cuda Host Alloc Size 4 pointer 0x2b0133200400
c197-091:21805:23595 [1] NCCL INFO Using network IB
c197-091:21807:23596 [3] NCCL INFO Using network IB
c197-091:21804:23593 [0] NCCL INFO NET/IB : GPU Direct RDMA Disabled for HCA 0 'mlx4_0'
c197-091:21804:23593 [0] NCCL INFO === System : maxBw 12.0 totalBw 12.0 ===
c197-091:21804:23593 [0] NCCL INFO CPU/0 (1/1/1)
c197-091:21804:23593 [0] NCCL INFO + PCI[12.0] - GPU/2000 (0)
c197-091:21804:23593 [0] NCCL INFO + PCI[12.0] - GPU/3000 (1)
c197-091:21804:23593 [0] NCCL INFO + PCI[6.0] - NIC/1000
c197-091:21804:23593 [0] NCCL INFO ==========================================
c197-091:21804:23593 [0] NCCL INFO GPU/2000 :GPU/2000 (0/5000.000000/LOC) GPU/3000 (2/12.000000/PHB) CPU/0 (1/12.000000/PHB) 
c197-091:21804:23593 [0] NCCL INFO GPU/3000 :GPU/2000 (2/12.000000/PHB) GPU/3000 (0/5000.000000/LOC) CPU/0 (1/12.000000/PHB) 
c197-091:21804:23593 [0] NCCL INFO Setting affinity for GPU 0 to ff00ff
c197-091:21804:23593 [0] NCCL INFO Pattern 4, crossNic 0, nChannels 1, bw 10.000000/10.000000, type PHB/PIX, sameChannels 1
c197-091:21804:23593 [0] NCCL INFO  0 : GPU/0 GPU/1
c197-091:21805:23595 [1] NCCL INFO NET/IB : GPU Direct RDMA Disabled for HCA 0 'mlx4_0'
c197-091:21804:23593 [0] NCCL INFO Pattern 1, crossNic 0, nChannels 1, bw 10.000000/10.000000, type PHB/PIX, sameChannels 1
c197-091:21804:23593 [0] NCCL INFO  0 : GPU/0 GPU/1
c197-091:21804:23593 [0] NCCL INFO Pattern 3, crossNic 0, nChannels 1, bw 10.000000/10.000000, type PHB/PIX, sameChannels 1
c197-091:21804:23593 [0] NCCL INFO  0 : GPU/0 GPU/1
c197-091:21805:23595 [1] NCCL INFO === System : maxBw 12.0 totalBw 12.0 ===
c197-091:21805:23595 [1] NCCL INFO CPU/0 (1/1/1)
c197-091:21805:23595 [1] NCCL INFO + PCI[12.0] - GPU/2000 (0)
c197-091:21805:23595 [1] NCCL INFO + PCI[12.0] - GPU/3000 (1)
c197-091:21805:23595 [1] NCCL INFO + PCI[6.0] - NIC/1000
c197-091:21805:23595 [1] NCCL INFO ==========================================
c197-091:21805:23595 [1] NCCL INFO GPU/2000 :GPU/2000 (0/5000.000000/LOC) GPU/3000 (2/12.000000/PHB) CPU/0 (1/12.000000/PHB) 
c197-091:21805:23595 [1] NCCL INFO GPU/3000 :GPU/2000 (2/12.000000/PHB) GPU/3000 (0/5000.000000/LOC) CPU/0 (1/12.000000/PHB) 
c197-091:21805:23595 [1] NCCL INFO Setting affinity for GPU 1 to ff00ff
c197-091:21805:23595 [1] NCCL INFO Pattern 4, crossNic 0, nChannels 1, bw 10.000000/10.000000, type PHB/PIX, sameChannels 1
c197-091:21805:23595 [1] NCCL INFO  0 : GPU/0 GPU/1
c197-091:21805:23595 [1] NCCL INFO Pattern 1, crossNic 0, nChannels 1, bw 10.000000/10.000000, type PHB/PIX, sameChannels 1
c197-091:21805:23595 [1] NCCL INFO  0 : GPU/0 GPU/1
c197-091:21807:23596 [3] NCCL INFO NET/IB : GPU Direct RDMA Disabled for HCA 0 'mlx4_0'
c197-091:21805:23595 [1] NCCL INFO Pattern 3, crossNic 0, nChannels 1, bw 10.000000/10.000000, type PHB/PIX, sameChannels 1
c197-091:21805:23595 [1] NCCL INFO  0 : GPU/0 GPU/1
c197-091:21806:23594 [2] NCCL INFO NET/IB : GPU Direct RDMA Disabled for HCA 0 'mlx4_0'
c197-091:21804:23593 [0] NCCL INFO Tree 0 : -1 -> 0 -> 1/-1/-1
c197-091:21805:23595 [1] NCCL INFO Tree 0 : 0 -> 1 -> -1/-1/-1
c197-091:21804:23593 [0] NCCL INFO Tree 1 : -1 -> 0 -> 1/-1/-1
c197-091:21805:23595 [1] NCCL INFO Tree 1 : 0 -> 1 -> -1/-1/-1
c197-091:21804:23593 [0] NCCL INFO Channel 00/02 :    0   1
c197-091:21805:23595 [1] NCCL INFO Ring 00 : 0 -> 1 -> 0
c197-091:21804:23593 [0] NCCL INFO Channel 01/02 :    0   1
c197-091:21805:23595 [1] NCCL INFO Ring 01 : 0 -> 1 -> 0
c197-091:21804:23593 [0] NCCL INFO Ring 00 : 1 -> 0 -> 1
c197-091:21805:23595 [1] NCCL INFO Trees [0] -1/-1/-1->1->0 [1] -1/-1/-1->1->0
c197-091:21804:23593 [0] NCCL INFO Ring 01 : 1 -> 0 -> 1
c197-091:21805:23595 [1] NCCL INFO misc/utils.cc:235 memory stack hunk malloc(65536)
c197-091:21804:23593 [0] NCCL INFO Trees [0] 1/-1/-1->0->-1 [1] 1/-1/-1->0->-1
c197-091:21807:23596 [3] NCCL INFO === System : maxBw 12.0 totalBw 12.0 ===
c197-091:21804:23593 [0] NCCL INFO misc/utils.cc:235 memory stack hunk malloc(65536)
c197-091:21806:23594 [2] NCCL INFO === System : maxBw 12.0 totalBw 12.0 ===
c197-091:21807:23596 [3] NCCL INFO CPU/1 (1/1/1)
c197-091:21806:23594 [2] NCCL INFO CPU/1 (1/1/1)
c197-091:21807:23596 [3] NCCL INFO + PCI[12.0] - GPU/82000 (0)
c197-091:21806:23594 [2] NCCL INFO + PCI[12.0] - GPU/82000 (0)
c197-091:21807:23596 [3] NCCL INFO + PCI[12.0] - GPU/83000 (1)
c197-091:21806:23594 [2] NCCL INFO + PCI[12.0] - GPU/83000 (1)
c197-091:21807:23596 [3] NCCL INFO + SYS[6.0] - CPU/0
c197-091:21806:23594 [2] NCCL INFO + SYS[6.0] - CPU/0
c197-091:21807:23596 [3] NCCL INFO CPU/0 (1/1/1)
c197-091:21806:23594 [2] NCCL INFO CPU/0 (1/1/1)
c197-091:21807:23596 [3] NCCL INFO + PCI[6.0] - NIC/1000
c197-091:21806:23594 [2] NCCL INFO + PCI[6.0] - NIC/1000
c197-091:21807:23596 [3] NCCL INFO + SYS[6.0] - CPU/1
c197-091:21806:23594 [2] NCCL INFO + SYS[6.0] - CPU/1
c197-091:21807:23596 [3] NCCL INFO ==========================================
c197-091:21806:23594 [2] NCCL INFO ==========================================
c197-091:21806:23594 [2] NCCL INFO GPU/82000 :GPU/82000 (0/5000.000000/LOC) GPU/83000 (2/12.000000/PHB) CPU/1 (1/12.000000/PHB) CPU/0 (2/6.000000/SYS) 
c197-091:21807:23596 [3] NCCL INFO GPU/82000 :GPU/82000 (0/5000.000000/LOC) GPU/83000 (2/12.000000/PHB) CPU/1 (1/12.000000/PHB) CPU/0 (2/6.000000/SYS) 
c197-091:21806:23594 [2] NCCL INFO GPU/83000 :GPU/82000 (2/12.000000/PHB) GPU/83000 (0/5000.000000/LOC) CPU/1 (1/12.000000/PHB) CPU/0 (2/6.000000/SYS) 
c197-091:21807:23596 [3] NCCL INFO GPU/83000 :GPU/82000 (2/12.000000/PHB) GPU/83000 (0/5000.000000/LOC) CPU/1 (1/12.000000/PHB) CPU/0 (2/6.000000/SYS) 
c197-091:21804:23593 [0] NCCL INFO channel.cc:23 Cuda Alloc Size 1152 pointer 0x2b1547c09e00
c197-091:21805:23595 [1] NCCL INFO channel.cc:23 Cuda Alloc Size 1152 pointer 0x2b97c3c04e00
c197-091:21806:23594 [2] NCCL INFO Setting affinity for GPU 2 to ff00ff00
c197-091:21807:23596 [3] NCCL INFO Setting affinity for GPU 3 to ff00ff00
c197-091:21804:23593 [0] NCCL INFO channel.cc:27 Cuda Alloc Size 8 pointer 0x2b1547c0a400
c197-091:21805:23595 [1] NCCL INFO channel.cc:27 Cuda Alloc Size 8 pointer 0x2b97c3c05400
c197-091:21805:23595 [1] NCCL INFO channel.cc:23 Cuda Alloc Size 1152 pointer 0x2b97c3c05600
c197-091:21804:23593 [0] NCCL INFO channel.cc:23 Cuda Alloc Size 1152 pointer 0x2b1547c0a600
c197-091:21805:23595 [1] NCCL INFO channel.cc:27 Cuda Alloc Size 8 pointer 0x2b97c3c05c00
c197-091:21804:23593 [0] NCCL INFO channel.cc:27 Cuda Alloc Size 8 pointer 0x2b1547c0ac00
c197-091:21805:23595 [1] NCCL INFO Allocated 9637888 bytes of shared memory in /dev/shm/nccl-JU4fNs

c197-091:21804:23593 [0] NCCL INFO Allocated 9637888 bytes of shared memory in /dev/shm/nccl-Nmt09g

c197-091:21807:23596 [3] NCCL INFO Pattern 4, crossNic 0, nChannels 1, bw 10.000000/10.000000, type PHB/PIX, sameChannels 1
c197-091:21806:23594 [2] NCCL INFO Pattern 4, crossNic 0, nChannels 1, bw 10.000000/10.000000, type PHB/PIX, sameChannels 1
c197-091:21807:23596 [3] NCCL INFO  0 : GPU/0 GPU/1
c197-091:21806:23594 [2] NCCL INFO  0 : GPU/0 GPU/1
c197-091:21807:23596 [3] NCCL INFO Pattern 1, crossNic 0, nChannels 1, bw 10.000000/10.000000, type PHB/PIX, sameChannels 1
c197-091:21806:23594 [2] NCCL INFO Pattern 1, crossNic 0, nChannels 1, bw 10.000000/10.000000, type PHB/PIX, sameChannels 1
c197-091:21807:23596 [3] NCCL INFO  0 : GPU/0 GPU/1
c197-091:21806:23594 [2] NCCL INFO  0 : GPU/0 GPU/1
c197-091:21807:23596 [3] NCCL INFO Pattern 3, crossNic 0, nChannels 1, bw 10.000000/10.000000, type PHB/PIX, sameChannels 1
c197-091:21807:23596 [3] NCCL INFO  0 : GPU/0 GPU/1
c197-091:21806:23594 [2] NCCL INFO Pattern 3, crossNic 0, nChannels 1, bw 10.000000/10.000000, type PHB/PIX, sameChannels 1
c197-091:21806:23594 [2] NCCL INFO  0 : GPU/0 GPU/1
c197-091:21807:23596 [3] NCCL INFO Tree 0 : 0 -> 1 -> -1/-1/-1
c197-091:21806:23594 [2] NCCL INFO Tree 0 : -1 -> 0 -> 1/-1/-1
c197-091:21807:23596 [3] NCCL INFO Tree 1 : 0 -> 1 -> -1/-1/-1
c197-091:21806:23594 [2] NCCL INFO Tree 1 : -1 -> 0 -> 1/-1/-1
c197-091:21807:23596 [3] NCCL INFO Ring 00 : 0 -> 1 -> 0
c197-091:21806:23594 [2] NCCL INFO Channel 00/02 :    0   1
c197-091:21807:23596 [3] NCCL INFO Ring 01 : 0 -> 1 -> 0
c197-091:21806:23594 [2] NCCL INFO Channel 01/02 :    0   1
c197-091:21807:23596 [3] NCCL INFO Trees [0] -1/-1/-1->1->0 [1] -1/-1/-1->1->0
c197-091:21806:23594 [2] NCCL INFO Ring 00 : 1 -> 0 -> 1
c197-091:21807:23596 [3] NCCL INFO misc/utils.cc:235 memory stack hunk malloc(65536)
c197-091:21806:23594 [2] NCCL INFO Ring 01 : 1 -> 0 -> 1
c197-091:21806:23594 [2] NCCL INFO Trees [0] 1/-1/-1->0->-1 [1] 1/-1/-1->0->-1
c197-091:21806:23594 [2] NCCL INFO misc/utils.cc:235 memory stack hunk malloc(65536)
c197-091:21807:23596 [3] NCCL INFO channel.cc:23 Cuda Alloc Size 1152 pointer 0x2b0133c04e00
c197-091:21806:23594 [2] NCCL INFO channel.cc:23 Cuda Alloc Size 1152 pointer 0x2b89c7c09e00
c197-091:21807:23596 [3] NCCL INFO channel.cc:27 Cuda Alloc Size 8 pointer 0x2b0133c05400
c197-091:21806:23594 [2] NCCL INFO channel.cc:27 Cuda Alloc Size 8 pointer 0x2b89c7c0a400
c197-091:21807:23596 [3] NCCL INFO channel.cc:23 Cuda Alloc Size 1152 pointer 0x2b0133c05600
c197-091:21806:23594 [2] NCCL INFO channel.cc:23 Cuda Alloc Size 1152 pointer 0x2b89c7c0a600
c197-091:21807:23596 [3] NCCL INFO channel.cc:27 Cuda Alloc Size 8 pointer 0x2b0133c05c00
c197-091:21806:23594 [2] NCCL INFO channel.cc:27 Cuda Alloc Size 8 pointer 0x2b89c7c0ac00
c197-091:21807:23596 [3] NCCL INFO Allocated 9637888 bytes of shared memory in /dev/shm/nccl-NZXRzH

c197-091:21806:23594 [2] NCCL INFO Allocated 9637888 bytes of shared memory in /dev/shm/nccl-wDezG7

c197-091:21805:23595 [1] NCCL INFO Allocated 9637888 bytes of shared memory in /dev/shm/nccl-G8sMUV

c197-091:21804:23593 [0] NCCL INFO Allocated 9637888 bytes of shared memory in /dev/shm/nccl-UkxxhK

c197-091:21807:23596 [3] NCCL INFO Allocated 9637888 bytes of shared memory in /dev/shm/nccl-vYRvHa

c197-091:21806:23594 [2] NCCL INFO Allocated 9637888 bytes of shared memory in /dev/shm/nccl-zeZdOA

c197-091:21805:23595 [1] NCCL INFO Allocated 4096 bytes of shared memory in /dev/shm/nccl-4pii3o

c197-091:21804:23593 [0] NCCL INFO Allocated 4096 bytes of shared memory in /dev/shm/nccl-oP43pd

c197-091:21805:23595 [1] NCCL INFO Channel 00 : 1[3000] -> 0[2000] via SHM/direct/direct
c197-091:21805:23595 [1] NCCL INFO Allocated 4096 bytes of shared memory in /dev/shm/nccl-d5BPbS

c197-091:21804:23593 [0] NCCL INFO Channel 00 : 0[2000] -> 1[3000] via SHM/direct/direct
c197-091:21804:23593 [0] NCCL INFO Allocated 4096 bytes of shared memory in /dev/shm/nccl-Qj8ByG

c197-091:21805:23595 [1] NCCL INFO Channel 01 : 1[3000] -> 0[2000] via SHM/direct/direct
c197-091:21804:23593 [0] NCCL INFO Channel 01 : 0[2000] -> 1[3000] via SHM/direct/direct
c197-091:21807:23596 [3] NCCL INFO Allocated 4096 bytes of shared memory in /dev/shm/nccl-7ApaQD

c197-091:21806:23594 [2] NCCL INFO Allocated 4096 bytes of shared memory in /dev/shm/nccl-TulTW3

c197-091:21807:23596 [3] NCCL INFO Channel 00 : 1[83000] -> 0[82000] via SHM/direct/direct
c197-091:21807:23596 [3] NCCL INFO Allocated 4096 bytes of shared memory in /dev/shm/nccl-8GEQY6

c197-091:21806:23594 [2] NCCL INFO Channel 00 : 0[82000] -> 1[83000] via SHM/direct/direct
c197-091:21806:23594 [2] NCCL INFO Allocated 4096 bytes of shared memory in /dev/shm/nccl-fBHA5w

c197-091:21807:23596 [3] NCCL INFO Channel 01 : 1[83000] -> 0[82000] via SHM/direct/direct
c197-091:21806:23594 [2] NCCL INFO Channel 01 : 0[82000] -> 1[83000] via SHM/direct/direct
c197-091:21805:23595 [1] NCCL INFO Connected all rings
c197-091:21805:23595 [1] NCCL INFO Connected all trees
c197-091:21805:23595 [1] NCCL INFO threadThresholds 8/8/64 | 16/8/64 | 512 | 512
c197-091:21805:23595 [1] NCCL INFO 2 coll channels, 2 p2p channels, 2 p2p channels per peer
c197-091:21804:23593 [0] NCCL INFO Connected all rings
c197-091:21804:23593 [0] NCCL INFO Connected all trees
c197-091:21804:23593 [0] NCCL INFO Latency/AlgBw |    Tree/    LL |    Tree/ LL128 |    Tree/Simple |    Ring/    LL |    Ring/ LL128 |    Ring/Simple | CollNetDirect/    LL | CollNetDirect/ LL128 | CollNetDirect/Simple | CollNetChain/    LL | CollNetChain/ LL128 | CollNetChain/Simple |
c197-091:21804:23593 [0] NCCL INFO  Max NThreads |            512 |            640 |            512 |            512 |            640 |            256 |              0 |              0 |            512 |              0 |              0 |            512 |
c197-091:21804:23593 [0] NCCL INFO     Broadcast |     0.0/   0.0 |     0.0/   0.0 |     0.0/   0.0 |     4.6/   3.3 |    12.5/   0.0 |    14.1/  10.0 |     0.0/   0.0 |     0.0/   0.0 |     0.0/   0.0 |     0.0/   0.0 |     0.0/   0.0 |     0.0/   0.0 |
c197-091:21804:23593 [0] NCCL INFO        Reduce |     0.0/   0.0 |     0.0/   0.0 |     0.0/   0.0 |     4.6/   2.5 |    12.5/   0.0 |    14.1/  10.0 |     0.0/   0.0 |     0.0/   0.0 |     0.0/   0.0 |     0.0/   0.0 |     0.0/   0.0 |     0.0/   0.0 |
c197-091:21804:23593 [0] NCCL INFO     AllGather |     0.0/   0.0 |     0.0/   0.0 |     0.0/   0.0 |     4.6/   6.7 |    12.5/   0.0 |    14.1/  20.0 |     0.0/   0.0 |     0.0/   0.0 |     0.0/   0.0 |     0.0/   0.0 |     0.0/   0.0 |     0.0/   0.0 |
c197-091:21804:23593 [0] NCCL INFO ReduceScatter |     0.0/   0.0 |     0.0/   0.0 |     0.0/   0.0 |     4.6/   6.7 |    12.5/   0.0 |    14.1/  20.0 |     0.0/   0.0 |     0.0/   0.0 |     0.0/   0.0 |     0.0/   0.0 |     0.0/   0.0 |     0.0/   0.0 |
c197-091:21804:23593 [0] NCCL INFO     AllReduce |     6.4/   1.2 |     8.2/   0.0 |    56.0/   4.6 |     5.6/   2.5 |    15.0/   0.0 |    19.8/  10.0 |     5.4/   0.0 |     5.4/   0.0 |    27.7/   0.0 |     4.4/   0.0 |     4.4/   0.0 |    16.0/   0.0 |
c197-091:21804:23593 [0] NCCL INFO threadThresholds 8/8/64 | 16/8/64 | 512 | 512
c197-091:21804:23593 [0] NCCL INFO 2 coll channels, 2 p2p channels, 2 p2p channels per peer
c197-091:21807:23596 [3] NCCL INFO Connected all rings
c197-091:21807:23596 [3] NCCL INFO Connected all trees
c197-091:21807:23596 [3] NCCL INFO threadThresholds 8/8/64 | 16/8/64 | 512 | 512
c197-091:21807:23596 [3] NCCL INFO 2 coll channels, 2 p2p channels, 2 p2p channels per peer
c197-091:21806:23594 [2] NCCL INFO Connected all rings
c197-091:21806:23594 [2] NCCL INFO Connected all trees
c197-091:21806:23594 [2] NCCL INFO Latency/AlgBw |    Tree/    LL |    Tree/ LL128 |    Tree/Simple |    Ring/    LL |    Ring/ LL128 |    Ring/Simple | CollNetDirect/    LL | CollNetDirect/ LL128 | CollNetDirect/Simple | CollNetChain/    LL | CollNetChain/ LL128 | CollNetChain/Simple |
c197-091:21806:23594 [2] NCCL INFO  Max NThreads |            512 |            640 |            512 |            512 |            640 |            256 |              0 |              0 |            512 |              0 |              0 |            512 |
c197-091:21806:23594 [2] NCCL INFO     Broadcast |     0.0/   0.0 |     0.0/   0.0 |     0.0/   0.0 |     4.6/   3.3 |    12.5/   0.0 |    14.1/  10.0 |     0.0/   0.0 |     0.0/   0.0 |     0.0/   0.0 |     0.0/   0.0 |     0.0/   0.0 |     0.0/   0.0 |
c197-091:21806:23594 [2] NCCL INFO        Reduce |     0.0/   0.0 |     0.0/   0.0 |     0.0/   0.0 |     4.6/   2.5 |    12.5/   0.0 |    14.1/  10.0 |     0.0/   0.0 |     0.0/   0.0 |     0.0/   0.0 |     0.0/   0.0 |     0.0/   0.0 |     0.0/   0.0 |
c197-091:21806:23594 [2] NCCL INFO     AllGather |     0.0/   0.0 |     0.0/   0.0 |     0.0/   0.0 |     4.6/   6.7 |    12.5/   0.0 |    14.1/  20.0 |     0.0/   0.0 |     0.0/   0.0 |     0.0/   0.0 |     0.0/   0.0 |     0.0/   0.0 |     0.0/   0.0 |
c197-091:21806:23594 [2] NCCL INFO ReduceScatter |     0.0/   0.0 |     0.0/   0.0 |     0.0/   0.0 |     4.6/   6.7 |    12.5/   0.0 |    14.1/  20.0 |     0.0/   0.0 |     0.0/   0.0 |     0.0/   0.0 |     0.0/   0.0 |     0.0/   0.0 |     0.0/   0.0 |
c197-091:21806:23594 [2] NCCL INFO     AllReduce |     6.4/   1.2 |     8.2/   0.0 |    56.0/   4.6 |     5.6/   2.5 |    15.0/   0.0 |    19.8/  10.0 |     5.4/   0.0 |     5.4/   0.0 |    27.7/   0.0 |     4.4/   0.0 |     4.4/   0.0 |    16.0/   0.0 |
c197-091:21806:23594 [2] NCCL INFO threadThresholds 8/8/64 | 16/8/64 | 512 | 512
c197-091:21806:23594 [2] NCCL INFO 2 coll channels, 2 p2p channels, 2 p2p channels per peer
c197-091:21805:23598 [1] NCCL INFO Mem Realloc old size 0, new size 8 pointer 0x2b97fc0009c0
c197-091:21805:23598 [1] NCCL INFO Allocated 4194656 bytes of shared memory in /dev/shm/nccl-lipgll

c197-091:21804:23597 [0] NCCL INFO Mem Realloc old size 0, new size 8 pointer 0x2b1580001a80
c197-091:21804:23597 [0] NCCL INFO Allocated 4194656 bytes of shared memory in /dev/shm/nccl-kiC5H9

c197-091:21807:23599 [3] NCCL INFO Mem Realloc old size 0, new size 8 pointer 0x2b01680009c0
c197-091:21807:23599 [3] NCCL INFO Allocated 4194656 bytes of shared memory in /dev/shm/nccl-Mkxt8z

c197-091:21806:23600 [2] NCCL INFO Mem Realloc old size 0, new size 8 pointer 0x2b89f8049260
c197-091:21806:23600 [2] NCCL INFO Allocated 4194656 bytes of shared memory in /dev/shm/nccl-ErJff0

c197-091:21805:23598 [1] NCCL INFO New proxy send connection 0 from local rank 1, transport 2
c197-091:21805:23595 [1] NCCL INFO Connection to proxy localRank 1 -> connection 0x2b97fc002010
c197-091:21804:23597 [0] NCCL INFO New proxy send connection 0 from local rank 0, transport 2
c197-091:21804:23593 [0] NCCL INFO Connection to proxy localRank 0 -> connection 0x2b1580221010
c197-091:21805:23595 [1] NCCL INFO init.cc:367 Cuda Alloc Size 5168 pointer 0x2b97c3c05e00
c197-091:21804:23597 [0] NCCL INFO transport/net.cc:376 Cuda Alloc Size 4194304 pointer 0x2b1594e00000
c197-091:21804:23593 [0] NCCL INFO init.cc:367 Cuda Alloc Size 5168 pointer 0x2b1547c0ae00
c197-091:21807:23599 [3] NCCL INFO New proxy send connection 0 from local rank 1, transport 2
c197-091:21807:23596 [3] NCCL INFO Connection to proxy localRank 1 -> connection 0x2b0168002010
c197-091:21806:23600 [2] NCCL INFO New proxy send connection 0 from local rank 0, transport 2
c197-091:21806:23594 [2] NCCL INFO Connection to proxy localRank 0 -> connection 0x2b89f823d010
c197-091:21807:23596 [3] NCCL INFO init.cc:367 Cuda Alloc Size 5168 pointer 0x2b0133c05e00
c197-091:21806:23594 [2] NCCL INFO init.cc:367 Cuda Alloc Size 5168 pointer 0x2b89c7c0ae00
c197-091:21806:23600 [2] NCCL INFO transport/net.cc:376 Cuda Alloc Size 4194304 pointer 0x2b8a11800000
c197-091:21805:23598 [1] NCCL INFO transport/net.cc:376 Cuda Alloc Size 4194304 pointer 0x2b97f5400000
c197-091:21807:23599 [3] NCCL INFO transport/net.cc:376 Cuda Alloc Size 4194304 pointer 0x2b0163400000
c197-091:21805:23595 [1] NCCL INFO init.cc:392 Cuda Host Alloc Size 33554432 pointer 0x2b9804000000
c197-091:21805:23595 [1] NCCL INFO init.cc:398 Cuda Host Alloc Size 128 pointer 0x2b97c3200600
c197-091:21805:23595 [1] NCCL INFO comm 0xf6200c0 rank 1 nranks 2 cudaDev 1 busId 3000 - Init COMPLETE
c197-091:21804:23593 [0] NCCL INFO init.cc:392 Cuda Host Alloc Size 33554432 pointer 0x2b15a8000000
c197-091:21804:23593 [0] NCCL INFO init.cc:398 Cuda Host Alloc Size 128 pointer 0x2b1547200e00
c197-091:21804:23593 [0] NCCL INFO comm 0xed23170 rank 0 nranks 2 cudaDev 0 busId 2000 - Init COMPLETE
c197-091:21805:21805 [1] NCCL INFO Broadcast: opCount 0 sendbuff 0x2b97b8c00400 recvbuff 0x2b97b8c00400 count 24 datatype 0 op 0 root 0 comm 0xf6200c0 [nranks=2] stream 0xb778450
c197-091:21805:21805 [1] NCCL INFO misc/utils.cc:235 memory stack hunk malloc(65536)
c197-091:21804:21804 [0] NCCL INFO Broadcast: opCount 0 sendbuff 0x2b153cc00400 recvbuff 0x2b153cc00400 count 24 datatype 0 op 0 root 0 comm 0xed23170 [nranks=2] stream 0x8f8f9d0
c197-091:21804:21804 [0] NCCL INFO misc/utils.cc:235 memory stack hunk malloc(65536)
c197-091:21805:21805 [1] NCCL INFO AllReduce: opCount 7 sendbuff 0x2b97b8d1d200 recvbuff 0x2b97b8d1d200 count 1 datatype 1 op 0 root 0 comm 0xc5f1020 [nranks=16] stream 0xa954cf0
c197-091:21807:23596 [3] NCCL INFO init.cc:392 Cuda Host Alloc Size 33554432 pointer 0x2b0174000000
c197-091:21807:23596 [3] NCCL INFO init.cc:398 Cuda Host Alloc Size 128 pointer 0x2b0133200600
c197-091:21807:23596 [3] NCCL INFO comm 0xf7ec880 rank 1 nranks 2 cudaDev 3 busId 83000 - Init COMPLETE
c197-091:21806:23594 [2] NCCL INFO init.cc:392 Cuda Host Alloc Size 33554432 pointer 0x2b8a24000000
c197-091:21806:23594 [2] NCCL INFO init.cc:398 Cuda Host Alloc Size 128 pointer 0x2b89c7200e00
c197-091:21806:23594 [2] NCCL INFO comm 0xec4c510 rank 0 nranks 2 cudaDev 2 busId 82000 - Init COMPLETE
c197-091:21807:21807 [3] NCCL INFO Broadcast: opCount 0 sendbuff 0x2b012cc00400 recvbuff 0x2b012cc00400 count 24 datatype 0 op 0 root 0 comm 0xf7ec880 [nranks=2] stream 0xb943fa0
c197-091:21807:21807 [3] NCCL INFO misc/utils.cc:235 memory stack hunk malloc(65536)
c197-091:21806:21806 [2] NCCL INFO Broadcast: opCount 0 sendbuff 0x2b89bcc00400 recvbuff 0x2b89bcc00400 count 24 datatype 0 op 0 root 0 comm 0xec4c510 [nranks=2] stream 0xb38e6d0
c197-091:21806:21806 [2] NCCL INFO misc/utils.cc:235 memory stack hunk malloc(65536)
c197-091:21807:21807 [3] NCCL INFO AllReduce: opCount 7 sendbuff 0x2b012cd1d200 recvbuff 0x2b012cd1d200 count 1 datatype 1 op 0 root 0 comm 0xc7bcb70 [nranks=16] stream 0xab20840
c197-091:21804:21804 [0] NCCL INFO AllReduce: opCount 7 sendbuff 0x2b153cd1d200 recvbuff 0x2b153cd1d200 count 1 datatype 1 op 0 root 0 comm 0xbc8ef00 [nranks=16] stream 0x9ff2bd0
c197-091:21806:21806 [2] NCCL INFO AllReduce: opCount 7 sendbuff 0x2b89bcd1d200 recvbuff 0x2b89bcd1d200 count 1 datatype 1 op 0 root 0 comm 0xbb7e130 [nranks=16] stream 0x7d04cc0
c197-091:21807:21807 [3] NCCL INFO AllReduce: opCount 8 sendbuff 0x2b012cc00400 recvbuff 0x2b012cc00400 count 1 datatype 1 op 0 root 0 comm 0xc7bcb70 [nranks=16] stream 0xab20840
c197-091:21805:21805 [1] NCCL INFO AllReduce: opCount 8 sendbuff 0x2b97b8c00400 recvbuff 0x2b97b8c00400 count 1 datatype 1 op 0 root 0 comm 0xc5f1020 [nranks=16] stream 0xa954cf0
c197-091:21804:21804 [0] NCCL INFO AllReduce: opCount 8 sendbuff 0x2b153cc00400 recvbuff 0x2b153cc00400 count 1 datatype 1 op 0 root 0 comm 0xbc8ef00 [nranks=16] stream 0x9ff2bd0
c197-091:21806:21806 [2] NCCL INFO AllReduce: opCount 8 sendbuff 0x2b89bcc00400 recvbuff 0x2b89bcc00400 count 1 datatype 1 op 0 root 0 comm 0xbb7e130 [nranks=16] stream 0x7d04cc0
c197-091:21804:21804 [0] NCCL INFO Recv: opCount 9 sendbuff (nil) recvbuff 0x2b1573000000 count 2097152 datatype 6 op 0 root 4 comm 0xbc8ef00 [nranks=16] stream 0x9ff2bd0
c197-091:21807:21807 [3] NCCL INFO Recv: opCount 9 sendbuff (nil) recvbuff 0x2b015d000000 count 2097152 datatype 6 op 0 root 7 comm 0xc7bcb70 [nranks=16] stream 0xab20840
c197-091:21805:21805 [1] NCCL INFO Recv: opCount 9 sendbuff (nil) recvbuff 0x2b97ef000000 count 2097152 datatype 6 op 0 root 5 comm 0xc5f1020 [nranks=16] stream 0xa954cf0
c197-091:21806:21806 [2] NCCL INFO Recv: opCount 9 sendbuff (nil) recvbuff 0x2b89f1000000 count 2097152 datatype 6 op 0 root 6 comm 0xbb7e130 [nranks=16] stream 0x7d04cc0
c197-091:21804:22735 [0] NCCL INFO New proxy recv connection 9 from local rank 0, transport 2
c197-091:21805:22736 [1] NCCL INFO New proxy recv connection 3 from local rank 1, transport 2
c197-091:21807:22734 [3] NCCL INFO New proxy recv connection 3 from local rank 3, transport 2
c197-091:21806:22737 [2] NCCL INFO New proxy recv connection 1 from local rank 2, transport 2
c197-091:21805:23833 [1] NCCL INFO Connection to proxy localRank 1 -> connection 0x2b97c80020d0
c197-091:21807:23832 [3] NCCL INFO Connection to proxy localRank 3 -> connection 0x2b01380020d0
c197-091:21806:23834 [2] NCCL INFO Connection to proxy localRank 2 -> connection 0x2b89cc002050
c197-091:21804:23835 [0] NCCL INFO Connection to proxy localRank 0 -> connection 0x2b154c002250
c197-091:21805:23833 [1] NCCL INFO Channel 00/1 : 5[3000] -> 9[3000] [receive] via NET/IB/0/Shared
c197-091:21805:22736 [1] NCCL INFO New proxy recv connection 4 from local rank 1, transport 2
c197-091:21807:23832 [3] NCCL INFO Channel 00/1 : 7[83000] -> 11[83000] [receive] via NET/IB/0/Shared
c197-091:21804:23835 [0] NCCL INFO Channel 00/1 : 4[2000] -> 8[2000] [receive] via NET/IB/0/Shared
c197-091:21807:22734 [3] NCCL INFO New proxy recv connection 4 from local rank 3, transport 2
c197-091:21804:22735 [0] NCCL INFO New proxy recv connection 10 from local rank 0, transport 2
c197-091:21806:23834 [2] NCCL INFO Channel 00/1 : 6[82000] -> 10[82000] [receive] via NET/IB/0/Shared
c197-091:21806:22737 [2] NCCL INFO New proxy recv connection 2 from local rank 2, transport 2
c197-091:21804:23835 [0] NCCL INFO Connection to proxy localRank 0 -> connection 0x2b154c002290
c197-091:21807:23832 [3] NCCL INFO Connection to proxy localRank 3 -> connection 0x2b0138002110
c197-091:21805:23833 [1] NCCL INFO Connection to proxy localRank 1 -> connection 0x2b97c8002110
c197-091:21804:23835 [0] NCCL INFO Channel 01/1 : 4[2000] -> 8[2000] [receive] via NET/IB/0/Shared
c197-091:21805:23833 [1] NCCL INFO Channel 01/1 : 5[3000] -> 9[3000] [receive] via NET/IB/0/Shared
c197-091:21807:23832 [3] NCCL INFO Channel 01/1 : 7[83000] -> 11[83000] [receive] via NET/IB/0/Shared
c197-091:21806:23834 [2] NCCL INFO Connection to proxy localRank 2 -> connection 0x2b89cc002090
c197-091:21806:23834 [2] NCCL INFO Channel 01/1 : 6[82000] -> 10[82000] [receive] via NET/IB/0/Shared
c197-091:21804:22735 [0] NCCL INFO transport/net_ib.cc:683 Ib Alloc Size 21688 pointer 0x2b154c08e000
c197-091:21804:22735 [0] NCCL INFO transport/net_ib.cc:696 Ib Alloc Size 552 pointer 0x2b154c095000
c197-091:21807:22734 [3] NCCL INFO transport/net_ib.cc:683 Ib Alloc Size 21688 pointer 0x2b0138039000
c197-091:21807:22734 [3] NCCL INFO transport/net_ib.cc:696 Ib Alloc Size 552 pointer 0x2b0138040000
c197-091:21805:22736 [1] NCCL INFO transport/net_ib.cc:683 Ib Alloc Size 21688 pointer 0x2b97c8038000
c197-091:21805:22736 [1] NCCL INFO transport/net_ib.cc:696 Ib Alloc Size 552 pointer 0x2b97c803f000
c197-091:21806:22737 [2] NCCL INFO transport/net_ib.cc:683 Ib Alloc Size 21688 pointer 0x2b89cc018000
c197-091:21806:22737 [2] NCCL INFO transport/net_ib.cc:696 Ib Alloc Size 552 pointer 0x2b89cc01f000
c197-091:21804:22735 [0] NCCL INFO transport/net_ib.cc:771 Ib Alloc Size 552 pointer 0x2b154c097000
c197-091:21807:22734 [3] NCCL INFO transport/net_ib.cc:771 Ib Alloc Size 552 pointer 0x2b0138042000
c197-091:21805:22736 [1] NCCL INFO transport/net_ib.cc:771 Ib Alloc Size 552 pointer 0x2b97c8041000
c197-091:21806:22737 [2] NCCL INFO transport/net_ib.cc:771 Ib Alloc Size 552 pointer 0x2b89cc021000
c197-091:21805:22736 [1] NCCL INFO transport/net.cc:382 Cuda Host Alloc Size 4194304 pointer 0x2b97f5800000
c197-091:21805:22736 [1] NCCL INFO transport/net.cc:698 Cuda Host Alloc Size 8192 pointer 0x2b97c3200800
c197-091:21805:22736 [1] NCCL INFO transport/net_ib.cc:683 Ib Alloc Size 21688 pointer 0x2b97c8042000
c197-091:21805:22736 [1] NCCL INFO transport/net_ib.cc:696 Ib Alloc Size 552 pointer 0x2b97c8049000
c197-091:21806:22737 [2] NCCL INFO transport/net.cc:382 Cuda Host Alloc Size 4194304 pointer 0x2b8a11c00000
c197-091:21805:22736 [1] NCCL INFO transport/net_ib.cc:771 Ib Alloc Size 552 pointer 0x2b97c804b000
c197-091:21804:22735 [0] NCCL INFO transport/net.cc:382 Cuda Host Alloc Size 4194304 pointer 0x2b1595200000
c197-091:21805:22736 [1] NCCL INFO transport/net.cc:698 Cuda Host Alloc Size 8192 pointer 0x2b97c3202800
c197-091:21806:22737 [2] NCCL INFO transport/net.cc:698 Cuda Host Alloc Size 8192 pointer 0x2b89c7343000
c197-091:21806:22737 [2] NCCL INFO transport/net_ib.cc:683 Ib Alloc Size 21688 pointer 0x2b89cc021000
c197-091:21806:22737 [2] NCCL INFO transport/net_ib.cc:696 Ib Alloc Size 552 pointer 0x2b89cc028000
c197-091:21804:22735 [0] NCCL INFO transport/net.cc:698 Cuda Host Alloc Size 8192 pointer 0x2b1547343000
c197-091:21804:22735 [0] NCCL INFO transport/net_ib.cc:683 Ib Alloc Size 21688 pointer 0x2b154c097000
c197-091:21804:22735 [0] NCCL INFO transport/net_ib.cc:696 Ib Alloc Size 552 pointer 0x2b154c09e000
c197-091:21807:22734 [3] NCCL INFO transport/net.cc:382 Cuda Host Alloc Size 4194304 pointer 0x2b0163800000
c197-091:21806:22737 [2] NCCL INFO transport/net_ib.cc:771 Ib Alloc Size 552 pointer 0x2b89cc028000
c197-091:21806:22737 [2] NCCL INFO transport/net.cc:698 Cuda Host Alloc Size 8192 pointer 0x2b89c7345000
c197-091:21807:22734 [3] NCCL INFO transport/net.cc:698 Cuda Host Alloc Size 8192 pointer 0x2b0133200800
c197-091:21807:22734 [3] NCCL INFO transport/net_ib.cc:683 Ib Alloc Size 21688 pointer 0x2b0138043000
c197-091:21807:22734 [3] NCCL INFO transport/net_ib.cc:696 Ib Alloc Size 552 pointer 0x2b013804a000
c197-091:21804:22735 [0] NCCL INFO transport/net_ib.cc:771 Ib Alloc Size 552 pointer 0x2b154c09e000
c197-091:21804:22735 [0] NCCL INFO transport/net.cc:698 Cuda Host Alloc Size 8192 pointer 0x2b1547345000
c197-091:21807:22734 [3] NCCL INFO transport/net_ib.cc:771 Ib Alloc Size 552 pointer 0x2b013804c000
c197-091:21807:22734 [3] NCCL INFO transport/net.cc:698 Cuda Host Alloc Size 8192 pointer 0x2b0133202800
c197-091:21805:21805 [1] NCCL INFO AllGather: opCount 1 sendbuff 0x2b97ef000000 recvbuff 0x2b97f4800000 count 4194304 datatype 0 op 0 root 0 comm 0xf6200c0 [nranks=2] stream 0xb778450
c197-091:21804:21804 [0] NCCL INFO AllGather: opCount 1 sendbuff 0x2b1573000000 recvbuff 0x2b1578800000 count 4194304 datatype 0 op 0 root 0 comm 0xed23170 [nranks=2] stream 0x8f8f9d0
c197-091:21805:21805 [1] NCCL INFO Broadcast: opCount 2 sendbuff 0x2b97b8c00400 recvbuff 0x2b97b8c00400 count 240 datatype 0 op 0 root 0 comm 0xf6200c0 [nranks=2] stream 0xb778450
c197-091:21806:21806 [2] NCCL INFO AllGather: opCount 1 sendbuff 0x2b89f1000000 recvbuff 0x2b89f6800000 count 4194304 datatype 0 op 0 root 0 comm 0xec4c510 [nranks=2] stream 0xb38e6d0
c197-091:21804:21804 [0] NCCL INFO Broadcast: opCount 2 sendbuff 0x2b153cc00400 recvbuff 0x2b153cc00400 count 240 datatype 0 op 0 root 0 comm 0xed23170 [nranks=2] stream 0x8f8f9d0
