c197-081:8286:9915 [3] NCCL INFO Setting affinity for GPU 3 to ff00ff00
c197-081:8286:9915 [3] NCCL INFO Pattern 4, crossNic 0, nChannels 1, bw 6.000000/6.000000, type LOC/SYS, sameChannels 1
c197-081:8286:9915 [3] NCCL INFO  0 : NET/0 GPU/0 NET/0
c197-081:8286:9915 [3] NCCL INFO Pattern 3, crossNic 0, nChannels 1, bw 12.000000/6.000000, type LOC/SYS, sameChannels 1
c197-081:8286:9915 [3] NCCL INFO  0 : NET/0 GPU/0 NET/0
c197-081:8286:9915 [3] NCCL INFO Pattern 3, crossNic 0, nChannels 0, bw 0.000000/0.000000, type LOC/PIX, sameChannels 1
c197-081:8286:9915 [3] NCCL INFO Tree 0 : -1 -> 0 -> 1/-1/-1
c197-081:8286:9915 [3] NCCL INFO Tree 1 : 1 -> 0 -> -1/-1/-1
c197-081:8286:9915 [3] NCCL INFO Channel 00/02 :    0   1
c197-081:8286:9915 [3] NCCL INFO Channel 01/02 :    0   1
c197-081:8286:9915 [3] NCCL INFO Ring 00 : 1 -> 0 -> 1
c197-081:8286:9915 [3] NCCL INFO Ring 01 : 1 -> 0 -> 1
c197-081:8286:9915 [3] NCCL INFO Trees [0] 1/-1/-1->0->-1 [1] -1/-1/-1->0->1
c197-081:8286:9915 [3] NCCL INFO misc/utils.cc:235 memory stack hunk malloc(65536)
c197-081:8286:9915 [3] NCCL INFO channel.cc:23 Cuda Alloc Size 1152 pointer 0x2b09e7c04e00
c197-081:8286:9915 [3] NCCL INFO channel.cc:27 Cuda Alloc Size 8 pointer 0x2b09e7c05400
c197-081:8286:9915 [3] NCCL INFO channel.cc:23 Cuda Alloc Size 1152 pointer 0x2b09e7c05600
c197-081:8286:9915 [3] NCCL INFO channel.cc:27 Cuda Alloc Size 8 pointer 0x2b09e7c05c00
c197-081:8283:9928 [0] NCCL INFO Mem Realloc old size 0, new size 8 pointer 0x2b9ed80008c0
c197-081:8283:9928 [0] NCCL INFO Allocated 4194656 bytes of shared memory in /dev/shm/nccl-l1ixU1

c197-081:8286:9929 [3] NCCL INFO Mem Realloc old size 0, new size 8 pointer 0x2b0a040008c0
c197-081:8286:9929 [3] NCCL INFO Allocated 4194656 bytes of shared memory in /dev/shm/nccl-iyyvv1

c197-081:8285:9919 [2] NCCL INFO NET/IB : GPU Direct RDMA Disabled for HCA 0 'mlx4_0'
c197-081:8285:9919 [2] NCCL INFO === System : maxBw 6.0 totalBw 12.0 ===
c197-081:8285:9919 [2] NCCL INFO CPU/1 (1/1/1)
c197-081:8285:9919 [2] NCCL INFO + PCI[12.0] - GPU/82000 (0)
c197-081:8285:9919 [2] NCCL INFO + SYS[6.0] - CPU/0
c197-081:8285:9919 [2] NCCL INFO CPU/0 (1/1/1)
c197-081:8285:9919 [2] NCCL INFO + PCI[6.0] - NIC/1000
c197-081:8285:9919 [2] NCCL INFO              + NET[7.0] - NET/0 (a3788600034b6b50/1/7.000000)
c197-081:8285:9919 [2] NCCL INFO + SYS[6.0] - CPU/1
c197-081:8285:9919 [2] NCCL INFO ==========================================
c197-081:8285:9919 [2] NCCL INFO GPU/82000 :GPU/82000 (0/5000.000000/LOC) CPU/1 (1/12.000000/PHB) CPU/0 (2/6.000000/SYS) NET/0 (4/6.000000/SYS) 
c197-081:8285:9919 [2] NCCL INFO NET/0 :GPU/82000 (4/6.000000/SYS) CPU/1 (3/6.000000/SYS) CPU/0 (2/6.000000/PHB) NET/0 (0/5000.000000/LOC) 
c197-081:8285:9919 [2] NCCL INFO Setting affinity for GPU 2 to ff00ff00
c197-081:8284:9922 [1] NCCL INFO NET/IB : GPU Direct RDMA Disabled for HCA 0 'mlx4_0'
c197-081:8284:9922 [1] NCCL INFO === System : maxBw 6.0 totalBw 12.0 ===
c197-081:8284:9922 [1] NCCL INFO CPU/0 (1/1/1)
c197-081:8284:9922 [1] NCCL INFO + PCI[12.0] - GPU/3000 (0)
c197-081:8284:9922 [1] NCCL INFO + PCI[6.0] - NIC/1000
c197-081:8284:9922 [1] NCCL INFO              + NET[7.0] - NET/0 (a3788600034b6b50/1/7.000000)
c197-081:8284:9922 [1] NCCL INFO ==========================================
c197-081:8284:9922 [1] NCCL INFO GPU/3000 :GPU/3000 (0/5000.000000/LOC) CPU/0 (1/12.000000/PHB) NET/0 (3/6.000000/PHB) 
c197-081:8284:9922 [1] NCCL INFO NET/0 :GPU/3000 (3/6.000000/PHB) CPU/0 (2/6.000000/PHB) NET/0 (0/5000.000000/LOC) 
c197-081:8284:9922 [1] NCCL INFO Setting affinity for GPU 1 to ff00ff
c197-081:8284:9922 [1] NCCL INFO Pattern 4, crossNic 0, nChannels 1, bw 5.000000/5.000000, type LOC/PHB, sameChannels 1
c197-081:8284:9922 [1] NCCL INFO  0 : NET/0 GPU/0 NET/0
c197-081:8284:9922 [1] NCCL INFO Pattern 3, crossNic 0, nChannels 1, bw 10.000000/5.000000, type LOC/PHB, sameChannels 1
c197-081:8284:9922 [1] NCCL INFO  0 : NET/0 GPU/0 NET/0
c197-081:8284:9922 [1] NCCL INFO Pattern 3, crossNic 0, nChannels 0, bw 0.000000/0.000000, type LOC/PIX, sameChannels 1
c197-081:8285:9919 [2] NCCL INFO Pattern 4, crossNic 0, nChannels 1, bw 6.000000/6.000000, type LOC/SYS, sameChannels 1
c197-081:8285:9919 [2] NCCL INFO  0 : NET/0 GPU/0 NET/0
c197-081:8285:9919 [2] NCCL INFO Pattern 3, crossNic 0, nChannels 1, bw 12.000000/6.000000, type LOC/SYS, sameChannels 1
c197-081:8285:9919 [2] NCCL INFO  0 : NET/0 GPU/0 NET/0
c197-081:8285:9919 [2] NCCL INFO Pattern 3, crossNic 0, nChannels 0, bw 0.000000/0.000000, type LOC/PIX, sameChannels 1
c197-081:8284:9922 [1] NCCL INFO Tree 0 : -1 -> 0 -> 1/-1/-1
c197-081:8285:9919 [2] NCCL INFO Tree 0 : -1 -> 0 -> 1/-1/-1
c197-081:8284:9922 [1] NCCL INFO Tree 1 : 1 -> 0 -> -1/-1/-1
c197-081:8285:9919 [2] NCCL INFO Tree 1 : 1 -> 0 -> -1/-1/-1
c197-081:8284:9922 [1] NCCL INFO Channel 00/02 :    0   1
c197-081:8285:9919 [2] NCCL INFO Channel 00/02 :    0   1
c197-081:8284:9922 [1] NCCL INFO Channel 01/02 :    0   1
c197-081:8285:9919 [2] NCCL INFO Channel 01/02 :    0   1
c197-081:8284:9922 [1] NCCL INFO Ring 00 : 1 -> 0 -> 1
c197-081:8285:9919 [2] NCCL INFO Ring 00 : 1 -> 0 -> 1
c197-081:8284:9922 [1] NCCL INFO Ring 01 : 1 -> 0 -> 1
c197-081:8285:9919 [2] NCCL INFO Ring 01 : 1 -> 0 -> 1
c197-081:8284:9922 [1] NCCL INFO Trees [0] 1/-1/-1->0->-1 [1] -1/-1/-1->0->1
c197-081:8285:9919 [2] NCCL INFO Trees [0] 1/-1/-1->0->-1 [1] -1/-1/-1->0->1
c197-081:8284:9922 [1] NCCL INFO misc/utils.cc:235 memory stack hunk malloc(65536)
c197-081:8285:9919 [2] NCCL INFO misc/utils.cc:235 memory stack hunk malloc(65536)
c197-081:8285:9919 [2] NCCL INFO channel.cc:23 Cuda Alloc Size 1152 pointer 0x2b33cfc04e00
c197-081:8285:9919 [2] NCCL INFO channel.cc:27 Cuda Alloc Size 8 pointer 0x2b33cfc05400
c197-081:8284:9922 [1] NCCL INFO channel.cc:23 Cuda Alloc Size 1152 pointer 0x2ad23bc04e00
c197-081:8285:9919 [2] NCCL INFO channel.cc:23 Cuda Alloc Size 1152 pointer 0x2b33cfc05600
c197-081:8285:9919 [2] NCCL INFO channel.cc:27 Cuda Alloc Size 8 pointer 0x2b33cfc05c00
c197-081:8284:9922 [1] NCCL INFO channel.cc:27 Cuda Alloc Size 8 pointer 0x2ad23bc05400
c197-081:8284:9922 [1] NCCL INFO channel.cc:23 Cuda Alloc Size 1152 pointer 0x2ad23bc05600
c197-081:8284:9922 [1] NCCL INFO channel.cc:27 Cuda Alloc Size 8 pointer 0x2ad23bc05c00
c197-081:8283:9928 [0] NCCL INFO New proxy recv connection 0 from local rank 0, transport 2
c197-081:8283:9911 [0] NCCL INFO Connection to proxy localRank 0 -> connection 0x2b9ed8002010
c197-081:8283:9911 [0] NCCL INFO Channel 00/0 : 1[2000] -> 0[2000] [receive] via NET/IB/0
c197-081:8283:9928 [0] NCCL INFO New proxy recv connection 1 from local rank 0, transport 2
c197-081:8286:9929 [3] NCCL INFO New proxy recv connection 0 from local rank 0, transport 2
c197-081:8286:9915 [3] NCCL INFO Connection to proxy localRank 0 -> connection 0x2b0a04002010
c197-081:8286:9915 [3] NCCL INFO Channel 00/0 : 1[83000] -> 0[83000] [receive] via NET/IB/0
c197-081:8286:9929 [3] NCCL INFO New proxy recv connection 1 from local rank 0, transport 2
c197-081:8285:9935 [2] NCCL INFO Mem Realloc old size 0, new size 8 pointer 0x2b33f00008c0
c197-081:8284:9934 [1] NCCL INFO Mem Realloc old size 0, new size 8 pointer 0x2ad25c0008c0
c197-081:8285:9935 [2] NCCL INFO Allocated 4194656 bytes of shared memory in /dev/shm/nccl-2biZXY

c197-081:8284:9934 [1] NCCL INFO Allocated 4194656 bytes of shared memory in /dev/shm/nccl-vtySxZ

c197-081:8285:9935 [2] NCCL INFO New proxy recv connection 0 from local rank 0, transport 2
c197-081:8285:9919 [2] NCCL INFO Connection to proxy localRank 0 -> connection 0x2b33f0002010
c197-081:8285:9919 [2] NCCL INFO Channel 00/0 : 1[82000] -> 0[82000] [receive] via NET/IB/0
c197-081:8285:9935 [2] NCCL INFO New proxy recv connection 1 from local rank 0, transport 2
c197-081:8284:9934 [1] NCCL INFO New proxy recv connection 0 from local rank 0, transport 2
c197-081:8284:9922 [1] NCCL INFO Connection to proxy localRank 0 -> connection 0x2ad25c002010
c197-081:8284:9922 [1] NCCL INFO Channel 00/0 : 1[3000] -> 0[3000] [receive] via NET/IB/0
c197-081:8284:9934 [1] NCCL INFO New proxy recv connection 1 from local rank 0, transport 2
c197-081:8283:9911 [0] NCCL INFO Connection to proxy localRank 0 -> connection 0x2b9ed8002050
c197-081:8283:9911 [0] NCCL INFO Channel 01/0 : 1[2000] -> 0[2000] [receive] via NET/IB/0
c197-081:8283:9928 [0] NCCL INFO New proxy send connection 2 from local rank 0, transport 2
c197-081:8286:9915 [3] NCCL INFO Connection to proxy localRank 0 -> connection 0x2b0a04002050
c197-081:8286:9915 [3] NCCL INFO Channel 01/0 : 1[83000] -> 0[83000] [receive] via NET/IB/0
c197-081:8286:9929 [3] NCCL INFO New proxy send connection 2 from local rank 0, transport 2
c197-081:8284:9922 [1] NCCL INFO Connection to proxy localRank 0 -> connection 0x2ad25c002050
c197-081:8285:9919 [2] NCCL INFO Connection to proxy localRank 0 -> connection 0x2b33f0002050
c197-081:8284:9922 [1] NCCL INFO Channel 01/0 : 1[3000] -> 0[3000] [receive] via NET/IB/0
c197-081:8285:9919 [2] NCCL INFO Channel 01/0 : 1[82000] -> 0[82000] [receive] via NET/IB/0
c197-081:8284:9934 [1] NCCL INFO New proxy send connection 2 from local rank 0, transport 2
c197-081:8285:9935 [2] NCCL INFO New proxy send connection 2 from local rank 0, transport 2
c197-081:8283:9911 [0] NCCL INFO Connection to proxy localRank 0 -> connection 0x2b9ed8002090
c197-081:8283:9911 [0] NCCL INFO Channel 00/0 : 0[2000] -> 1[2000] [send] via NET/IB/0
c197-081:8283:9928 [0] NCCL INFO New proxy send connection 3 from local rank 0, transport 2
c197-081:8286:9915 [3] NCCL INFO Connection to proxy localRank 0 -> connection 0x2b0a04002090
c197-081:8286:9915 [3] NCCL INFO Channel 00/0 : 0[83000] -> 1[83000] [send] via NET/IB/0
c197-081:8286:9929 [3] NCCL INFO New proxy send connection 3 from local rank 0, transport 2
c197-081:8285:9919 [2] NCCL INFO Connection to proxy localRank 0 -> connection 0x2b33f0002090
c197-081:8284:9922 [1] NCCL INFO Connection to proxy localRank 0 -> connection 0x2ad25c002090
c197-081:8285:9919 [2] NCCL INFO Channel 00/0 : 0[82000] -> 1[82000] [send] via NET/IB/0
c197-081:8284:9922 [1] NCCL INFO Channel 00/0 : 0[3000] -> 1[3000] [send] via NET/IB/0
c197-081:8285:9935 [2] NCCL INFO New proxy send connection 3 from local rank 0, transport 2
c197-081:8284:9934 [1] NCCL INFO New proxy send connection 3 from local rank 0, transport 2
c197-081:8283:9911 [0] NCCL INFO Connection to proxy localRank 0 -> connection 0x2b9ed80020d0
c197-081:8283:9911 [0] NCCL INFO Channel 01/0 : 0[2000] -> 1[2000] [send] via NET/IB/0
c197-081:8283:9928 [0] NCCL INFO transport/net_ib.cc:596 Ib Alloc Size 26560 pointer 0x2b9ed801e000
c197-081:8286:9915 [3] NCCL INFO Connection to proxy localRank 0 -> connection 0x2b0a040020d0
c197-081:8286:9915 [3] NCCL INFO Channel 01/0 : 0[83000] -> 1[83000] [send] via NET/IB/0
c197-081:8286:9929 [3] NCCL INFO transport/net_ib.cc:596 Ib Alloc Size 26560 pointer 0x2b0a0401e000
c197-081:8283:9928 [0] NCCL INFO NET/IB: Dev 0 Port 1 qpn 61839 mtu 5 LID 62
c197-081:8283:9928 [0] NCCL INFO transport/net_ib.cc:653 Ib Alloc Size 552 pointer 0x2b9ed8026000
c197-081:8286:9929 [3] NCCL INFO NET/IB: Dev 0 Port 1 qpn 61840 mtu 5 LID 62
c197-081:8286:9929 [3] NCCL INFO transport/net_ib.cc:653 Ib Alloc Size 552 pointer 0x2b0a04026000
c197-081:8284:9922 [1] NCCL INFO Connection to proxy localRank 0 -> connection 0x2ad25c0020d0
c197-081:8285:9919 [2] NCCL INFO Connection to proxy localRank 0 -> connection 0x2b33f00020d0
c197-081:8284:9922 [1] NCCL INFO Channel 01/0 : 0[3000] -> 1[3000] [send] via NET/IB/0
c197-081:8285:9919 [2] NCCL INFO Channel 01/0 : 0[82000] -> 1[82000] [send] via NET/IB/0
c197-081:8283:9928 [0] NCCL INFO transport/net.cc:571 Cuda Host Alloc Size 9641984 pointer 0x2b9ed5600000
c197-081:8284:9934 [1] NCCL INFO transport/net_ib.cc:596 Ib Alloc Size 26560 pointer 0x2ad25c01e000
c197-081:8285:9935 [2] NCCL INFO transport/net_ib.cc:596 Ib Alloc Size 26560 pointer 0x2b33f001e000
c197-081:8283:9928 [0] NCCL INFO transport/net_ib.cc:596 Ib Alloc Size 26560 pointer 0x2b9ed8027000
c197-081:8286:9929 [3] NCCL INFO transport/net.cc:571 Cuda Host Alloc Size 9641984 pointer 0x2b0a03600000
c197-081:8286:9929 [3] NCCL INFO transport/net_ib.cc:596 Ib Alloc Size 26560 pointer 0x2b0a04027000
c197-081:8284:9934 [1] NCCL INFO NET/IB: Dev 0 Port 1 qpn 61841 mtu 5 LID 62
c197-081:8284:9934 [1] NCCL INFO transport/net_ib.cc:653 Ib Alloc Size 552 pointer 0x2ad25c02a000
c197-081:8285:9935 [2] NCCL INFO NET/IB: Dev 0 Port 1 qpn 61842 mtu 5 LID 62
c197-081:8285:9935 [2] NCCL INFO transport/net_ib.cc:653 Ib Alloc Size 552 pointer 0x2b33f002a000
c197-081:8283:9928 [0] NCCL INFO NET/IB: Dev 0 Port 1 qpn 61843 mtu 5 LID 62
c197-081:8283:9928 [0] NCCL INFO transport/net_ib.cc:653 Ib Alloc Size 552 pointer 0x2b9ed802f000
c197-081:8286:9929 [3] NCCL INFO NET/IB: Dev 0 Port 1 qpn 61844 mtu 5 LID 62
c197-081:8286:9929 [3] NCCL INFO transport/net_ib.cc:653 Ib Alloc Size 552 pointer 0x2b0a0402f000
c197-081:8286:9929 [3] NCCL INFO transport/net.cc:571 Cuda Host Alloc Size 9641984 pointer 0x2b0a01400000
c197-081:8284:9934 [1] NCCL INFO transport/net.cc:571 Cuda Host Alloc Size 9641984 pointer 0x2ad259600000
c197-081:8284:9934 [1] NCCL INFO Mem Realloc old size 0, new size 768 pointer 0x2ad25c02a3b0
c197-081:8283:9928 [0] NCCL INFO transport/net.cc:571 Cuda Host Alloc Size 9641984 pointer 0x2b9ee4000000
c197-081:8286:9929 [3] NCCL INFO transport/net_ib.cc:683 Ib Alloc Size 21688 pointer 0x2b0a04030000
c197-081:8286:9929 [3] NCCL INFO transport/net_ib.cc:696 Ib Alloc Size 552 pointer 0x2b0a04037000
c197-081:8283:9928 [0] NCCL INFO transport/net_ib.cc:683 Ib Alloc Size 21688 pointer 0x2b9ed8030000
c197-081:8284:9934 [1] NCCL INFO transport/net_ib.cc:596 Ib Alloc Size 26560 pointer 0x2ad25c02b000
c197-081:8283:9928 [0] NCCL INFO transport/net_ib.cc:696 Ib Alloc Size 552 pointer 0x2b9ed8037000
c197-081:8286:9929 [3] NCCL INFO transport/net_ib.cc:771 Ib Alloc Size 552 pointer 0x2b0a04039000
c197-081:8283:9928 [0] NCCL INFO transport/net_ib.cc:771 Ib Alloc Size 552 pointer 0x2b9ed8037000
c197-081:8284:9934 [1] NCCL INFO NET/IB: Dev 0 Port 1 qpn 61845 mtu 5 LID 62
c197-081:8284:9934 [1] NCCL INFO transport/net_ib.cc:653 Ib Alloc Size 552 pointer 0x2ad25c033000
c197-081:8285:9935 [2] NCCL INFO transport/net.cc:571 Cuda Host Alloc Size 9641984 pointer 0x2b33ed600000
c197-081:8285:9935 [2] NCCL INFO Mem Realloc old size 0, new size 768 pointer 0x2b33f002a3b0
c197-081:8285:9935 [2] NCCL INFO transport/net_ib.cc:596 Ib Alloc Size 26560 pointer 0x2b33f002b000
c197-081:8285:9935 [2] NCCL INFO NET/IB: Dev 0 Port 1 qpn 61848 mtu 5 LID 62
c197-081:8285:9935 [2] NCCL INFO transport/net_ib.cc:653 Ib Alloc Size 552 pointer 0x2b33f0033000
c197-081:8286:9929 [3] NCCL INFO transport/net.cc:698 Cuda Host Alloc Size 9641984 pointer 0x2b0a14000000
c197-081:8286:9929 [3] NCCL INFO transport/net_ib.cc:683 Ib Alloc Size 21688 pointer 0x2b0a0403a000
c197-081:8286:9929 [3] NCCL INFO transport/net_ib.cc:696 Ib Alloc Size 552 pointer 0x2b0a04041000
c197-081:8283:9928 [0] NCCL INFO transport/net.cc:698 Cuda Host Alloc Size 9641984 pointer 0x2b9ee4a00000
c197-081:8284:9934 [1] NCCL INFO transport/net.cc:571 Cuda Host Alloc Size 9641984 pointer 0x2ad268000000
c197-081:8286:9929 [3] NCCL INFO transport/net_ib.cc:771 Ib Alloc Size 552 pointer 0x2b0a04041000
c197-081:8283:9928 [0] NCCL INFO transport/net_ib.cc:683 Ib Alloc Size 21688 pointer 0x2b9ed8038000
c197-081:8283:9928 [0] NCCL INFO transport/net_ib.cc:696 Ib Alloc Size 552 pointer 0x2b9ed803f000
c197-081:8284:9934 [1] NCCL INFO transport/net_ib.cc:683 Ib Alloc Size 21688 pointer 0x2ad25c034000
c197-081:8284:9934 [1] NCCL INFO transport/net_ib.cc:696 Ib Alloc Size 552 pointer 0x2ad25c03b000
c197-081:8283:9928 [0] NCCL INFO transport/net_ib.cc:771 Ib Alloc Size 552 pointer 0x2b9ed803f000
c197-081:8284:9934 [1] NCCL INFO transport/net_ib.cc:771 Ib Alloc Size 552 pointer 0x2ad25c03b000
c197-081:8286:9929 [3] NCCL INFO transport/net.cc:698 Cuda Host Alloc Size 9641984 pointer 0x2b0a14a00000
c197-081:8285:9935 [2] NCCL INFO transport/net.cc:571 Cuda Host Alloc Size 9641984 pointer 0x2b33fc000000
c197-081:8286:9915 [3] NCCL INFO Connected all rings
c197-081:8286:9915 [3] NCCL INFO Connected all trees
c197-081:8286:9915 [3] NCCL INFO Latency/AlgBw |    Tree/    LL |    Tree/ LL128 |    Tree/Simple |    Ring/    LL |    Ring/ LL128 |    Ring/Simple | CollNetDirect/    LL | CollNetDirect/ LL128 | CollNetDirect/Simple | CollNetChain/    LL | CollNetChain/ LL128 | CollNetChain/Simple |
c197-081:8286:9915 [3] NCCL INFO  Max NThreads |            512 |            640 |            512 |            512 |            640 |            256 |              0 |              0 |            512 |              0 |              0 |            512 |
c197-081:8286:9915 [3] NCCL INFO     Broadcast |     0.0/   0.0 |     0.0/   0.0 |     0.0/   0.0 |     6.3/   1.5 |    14.0/   0.0 |    18.0/   6.0 |     0.0/   0.0 |     0.0/   0.0 |     0.0/   0.0 |     0.0/   0.0 |     0.0/   0.0 |     0.0/   0.0 |
c197-081:8286:9915 [3] NCCL INFO        Reduce |     0.0/   0.0 |     0.0/   0.0 |     0.0/   0.0 |     6.3/   1.5 |    14.0/   0.0 |    18.0/   6.0 |     0.0/   0.0 |     0.0/   0.0 |     0.0/   0.0 |     0.0/   0.0 |     0.0/   0.0 |     0.0/   0.0 |
c197-081:8286:9915 [3] NCCL INFO     AllGather |     0.0/   0.0 |     0.0/   0.0 |     0.0/   0.0 |     6.3/   3.0 |    14.0/   0.0 |    18.0/  12.0 |     0.0/   0.0 |     0.0/   0.0 |     0.0/   0.0 |     0.0/   0.0 |     0.0/   0.0 |     0.0/   0.0 |
c197-081:8283:9928 [0] NCCL INFO transport/net.cc:698 Cuda Host Alloc Size 9641984 pointer 0x2b9ee5400000
c197-081:8286:9915 [3] NCCL INFO ReduceScatter |     0.0/   0.0 |     0.0/   0.0 |     0.0/   0.0 |     6.3/   3.0 |    14.0/   0.0 |    18.0/  12.0 |     0.0/   0.0 |     0.0/   0.0 |     0.0/   0.0 |     0.0/   0.0 |     0.0/   0.0 |     0.0/   0.0 |
c197-081:8286:9915 [3] NCCL INFO     AllReduce |    14.4/   1.5 |    21.4/   0.0 |    56.0/   5.5 |    10.8/   1.5 |    21.0/   0.0 |    35.4/   6.0 |     4.4/   0.0 |     4.4/   0.0 |    10.7/   0.0 |     4.4/   0.0 |     4.4/   0.0 |     0.0/   0.0 |
c197-081:8286:9915 [3] NCCL INFO threadThresholds 8/8/64 | 16/8/64 | 512 | 512
c197-081:8286:9915 [3] NCCL INFO 2 coll channels, 2 p2p channels, 2 p2p channels per peer
c197-081:8286:9929 [3] NCCL INFO New proxy send connection 4 from local rank 0, transport 2
c197-081:8284:9934 [1] NCCL INFO transport/net.cc:698 Cuda Host Alloc Size 9641984 pointer 0x2ad268a00000
c197-081:8283:9911 [0] NCCL INFO Connected all rings
c197-081:8285:9935 [2] NCCL INFO transport/net_ib.cc:683 Ib Alloc Size 21688 pointer 0x2b33f0034000
c197-081:8283:9911 [0] NCCL INFO Connected all trees
c197-081:8285:9935 [2] NCCL INFO transport/net_ib.cc:696 Ib Alloc Size 552 pointer 0x2b33f003b000
c197-081:8283:9911 [0] NCCL INFO Latency/AlgBw |    Tree/    LL |    Tree/ LL128 |    Tree/Simple |    Ring/    LL |    Ring/ LL128 |    Ring/Simple | CollNetDirect/    LL | CollNetDirect/ LL128 | CollNetDirect/Simple | CollNetChain/    LL | CollNetChain/ LL128 | CollNetChain/Simple |
c197-081:8283:9911 [0] NCCL INFO  Max NThreads |            512 |            640 |            512 |            512 |            640 |            256 |              0 |              0 |            512 |              0 |              0 |            512 |
c197-081:8283:9911 [0] NCCL INFO     Broadcast |     0.0/   0.0 |     0.0/   0.0 |     0.0/   0.0 |     6.3/   1.2 |    14.0/   0.0 |    18.0/   5.0 |     0.0/   0.0 |     0.0/   0.0 |     0.0/   0.0 |     0.0/   0.0 |     0.0/   0.0 |     0.0/   0.0 |
c197-081:8283:9911 [0] NCCL INFO        Reduce |     0.0/   0.0 |     0.0/   0.0 |     0.0/   0.0 |     6.3/   1.2 |    14.0/   0.0 |    18.0/   5.0 |     0.0/   0.0 |     0.0/   0.0 |     0.0/   0.0 |     0.0/   0.0 |     0.0/   0.0 |     0.0/   0.0 |
c197-081:8284:9934 [1] NCCL INFO transport/net_ib.cc:683 Ib Alloc Size 21688 pointer 0x2ad25c041000
c197-081:8283:9911 [0] NCCL INFO     AllGather |     0.0/   0.0 |     0.0/   0.0 |     0.0/   0.0 |     6.3/   2.5 |    14.0/   0.0 |    18.0/  10.0 |     0.0/   0.0 |     0.0/   0.0 |     0.0/   0.0 |     0.0/   0.0 |     0.0/   0.0 |     0.0/   0.0 |
c197-081:8284:9934 [1] NCCL INFO transport/net_ib.cc:696 Ib Alloc Size 552 pointer 0x2ad25c019000
c197-081:8283:9911 [0] NCCL INFO ReduceScatter |     0.0/   0.0 |     0.0/   0.0 |     0.0/   0.0 |     6.3/   2.5 |    14.0/   0.0 |    18.0/  10.0 |     0.0/   0.0 |     0.0/   0.0 |     0.0/   0.0 |     0.0/   0.0 |     0.0/   0.0 |     0.0/   0.0 |
c197-081:8283:9911 [0] NCCL INFO     AllReduce |    14.4/   1.2 |    21.4/   0.0 |    56.0/   4.6 |    10.8/   1.2 |    21.0/   0.0 |    35.4/   5.0 |     4.4/   0.0 |     4.4/   0.0 |    10.7/   0.0 |     4.4/   0.0 |     4.4/   0.0 |     0.0/   0.0 |
c197-081:8283:9911 [0] NCCL INFO threadThresholds 8/8/64 | 16/8/64 | 512 | 512
c197-081:8283:9911 [0] NCCL INFO 2 coll channels, 2 p2p channels, 2 p2p channels per peer
c197-081:8283:9928 [0] NCCL INFO New proxy send connection 4 from local rank 0, transport 2
c197-081:8285:9935 [2] NCCL INFO transport/net_ib.cc:771 Ib Alloc Size 552 pointer 0x2b33f003b000
c197-081:8284:9934 [1] NCCL INFO transport/net_ib.cc:771 Ib Alloc Size 552 pointer 0x2ad25c019000
c197-081:8284:9934 [1] NCCL INFO transport/net.cc:698 Cuda Host Alloc Size 9641984 pointer 0x2ad269400000
c197-081:8284:9922 [1] NCCL INFO Connected all rings
c197-081:8284:9922 [1] NCCL INFO Connected all trees
c197-081:8284:9922 [1] NCCL INFO Latency/AlgBw |    Tree/    LL |    Tree/ LL128 |    Tree/Simple |    Ring/    LL |    Ring/ LL128 |    Ring/Simple | CollNetDirect/    LL | CollNetDirect/ LL128 | CollNetDirect/Simple | CollNetChain/    LL | CollNetChain/ LL128 | CollNetChain/Simple |
c197-081:8284:9922 [1] NCCL INFO  Max NThreads |            512 |            640 |            512 |            512 |            640 |            256 |              0 |              0 |            512 |              0 |              0 |            512 |
c197-081:8284:9922 [1] NCCL INFO     Broadcast |     0.0/   0.0 |     0.0/   0.0 |     0.0/   0.0 |     6.3/   1.2 |    14.0/   0.0 |    18.0/   5.0 |     0.0/   0.0 |     0.0/   0.0 |     0.0/   0.0 |     0.0/   0.0 |     0.0/   0.0 |     0.0/   0.0 |
c197-081:8284:9922 [1] NCCL INFO        Reduce |     0.0/   0.0 |     0.0/   0.0 |     0.0/   0.0 |     6.3/   1.2 |    14.0/   0.0 |    18.0/   5.0 |     0.0/   0.0 |     0.0/   0.0 |     0.0/   0.0 |     0.0/   0.0 |     0.0/   0.0 |     0.0/   0.0 |
c197-081:8284:9922 [1] NCCL INFO     AllGather |     0.0/   0.0 |     0.0/   0.0 |     0.0/   0.0 |     6.3/   2.5 |    14.0/   0.0 |    18.0/  10.0 |     0.0/   0.0 |     0.0/   0.0 |     0.0/   0.0 |     0.0/   0.0 |     0.0/   0.0 |     0.0/   0.0 |
c197-081:8284:9922 [1] NCCL INFO ReduceScatter |     0.0/   0.0 |     0.0/   0.0 |     0.0/   0.0 |     6.3/   2.5 |    14.0/   0.0 |    18.0/  10.0 |     0.0/   0.0 |     0.0/   0.0 |     0.0/   0.0 |     0.0/   0.0 |     0.0/   0.0 |     0.0/   0.0 |
c197-081:8284:9922 [1] NCCL INFO     AllReduce |    14.4/   1.2 |    21.4/   0.0 |    56.0/   4.6 |    10.8/   1.2 |    21.0/   0.0 |    35.4/   5.0 |     4.4/   0.0 |     4.4/   0.0 |    10.7/   0.0 |     4.4/   0.0 |     4.4/   0.0 |     0.0/   0.0 |
c197-081:8284:9922 [1] NCCL INFO threadThresholds 8/8/64 | 16/8/64 | 512 | 512
c197-081:8284:9922 [1] NCCL INFO 2 coll channels, 2 p2p channels, 2 p2p channels per peer
c197-081:8284:9934 [1] NCCL INFO New proxy send connection 4 from local rank 0, transport 2
c197-081:8285:9935 [2] NCCL INFO transport/net.cc:698 Cuda Host Alloc Size 9641984 pointer 0x2b33fca00000
c197-081:8285:9935 [2] NCCL INFO transport/net_ib.cc:683 Ib Alloc Size 21688 pointer 0x2b33f003c000
c197-081:8285:9935 [2] NCCL INFO transport/net_ib.cc:696 Ib Alloc Size 552 pointer 0x2b33f0043000
c197-081:8285:9935 [2] NCCL INFO transport/net_ib.cc:771 Ib Alloc Size 552 pointer 0x2b33f0045000
c197-081:8285:9935 [2] NCCL INFO transport/net.cc:698 Cuda Host Alloc Size 9641984 pointer 0x2b33fd400000
c197-081:8285:9919 [2] NCCL INFO Connected all rings
c197-081:8285:9919 [2] NCCL INFO Connected all trees
c197-081:8285:9919 [2] NCCL INFO Latency/AlgBw |    Tree/    LL |    Tree/ LL128 |    Tree/Simple |    Ring/    LL |    Ring/ LL128 |    Ring/Simple | CollNetDirect/    LL | CollNetDirect/ LL128 | CollNetDirect/Simple | CollNetChain/    LL | CollNetChain/ LL128 | CollNetChain/Simple |
c197-081:8285:9919 [2] NCCL INFO  Max NThreads |            512 |            640 |            512 |            512 |            640 |            256 |              0 |              0 |            512 |              0 |              0 |            512 |
c197-081:8285:9919 [2] NCCL INFO     Broadcast |     0.0/   0.0 |     0.0/   0.0 |     0.0/   0.0 |     6.3/   1.5 |    14.0/   0.0 |    18.0/   6.0 |     0.0/   0.0 |     0.0/   0.0 |     0.0/   0.0 |     0.0/   0.0 |     0.0/   0.0 |     0.0/   0.0 |
c197-081:8285:9919 [2] NCCL INFO        Reduce |     0.0/   0.0 |     0.0/   0.0 |     0.0/   0.0 |     6.3/   1.5 |    14.0/   0.0 |    18.0/   6.0 |     0.0/   0.0 |     0.0/   0.0 |     0.0/   0.0 |     0.0/   0.0 |     0.0/   0.0 |     0.0/   0.0 |
c197-081:8285:9919 [2] NCCL INFO     AllGather |     0.0/   0.0 |     0.0/   0.0 |     0.0/   0.0 |     6.3/   3.0 |    14.0/   0.0 |    18.0/  12.0 |     0.0/   0.0 |     0.0/   0.0 |     0.0/   0.0 |     0.0/   0.0 |     0.0/   0.0 |     0.0/   0.0 |
c197-081:8285:9919 [2] NCCL INFO ReduceScatter |     0.0/   0.0 |     0.0/   0.0 |     0.0/   0.0 |     6.3/   3.0 |    14.0/   0.0 |    18.0/  12.0 |     0.0/   0.0 |     0.0/   0.0 |     0.0/   0.0 |     0.0/   0.0 |     0.0/   0.0 |     0.0/   0.0 |
c197-081:8285:9919 [2] NCCL INFO     AllReduce |    14.4/   1.5 |    21.4/   0.0 |    56.0/   5.5 |    10.8/   1.5 |    21.0/   0.0 |    35.4/   6.0 |     4.4/   0.0 |     4.4/   0.0 |    10.7/   0.0 |     4.4/   0.0 |     4.4/   0.0 |     0.0/   0.0 |
c197-081:8285:9919 [2] NCCL INFO threadThresholds 8/8/64 | 16/8/64 | 512 | 512
c197-081:8285:9919 [2] NCCL INFO 2 coll channels, 2 p2p channels, 2 p2p channels per peer
c197-081:8285:9935 [2] NCCL INFO New proxy send connection 4 from local rank 0, transport 2
c197-081:8286:9915 [3] NCCL INFO Connection to proxy localRank 0 -> connection 0x2b0a04002110
c197-081:8286:9929 [3] NCCL INFO transport/net.cc:376 Cuda Alloc Size 4194304 pointer 0x2b0a15400000
c197-081:8286:9915 [3] NCCL INFO init.cc:367 Cuda Alloc Size 5168 pointer 0x2b09e7c05e00
c197-081:8283:9911 [0] NCCL INFO Connection to proxy localRank 0 -> connection 0x2b9ed8002110
c197-081:8283:9911 [0] NCCL INFO init.cc:367 Cuda Alloc Size 5168 pointer 0x2b9eb5c05e00
c197-081:8283:9928 [0] NCCL INFO transport/net.cc:376 Cuda Alloc Size 4194304 pointer 0x2b9ec9a00000
c197-081:8284:9922 [1] NCCL INFO Connection to proxy localRank 0 -> connection 0x2ad25c002110
c197-081:8284:9922 [1] NCCL INFO init.cc:367 Cuda Alloc Size 5168 pointer 0x2ad23bc05e00
c197-081:8284:9934 [1] NCCL INFO transport/net.cc:376 Cuda Alloc Size 4194304 pointer 0x2ad24da00000
c197-081:8286:9915 [3] NCCL INFO init.cc:392 Cuda Host Alloc Size 33554432 pointer 0x2b0a16000000
c197-081:8286:9915 [3] NCCL INFO init.cc:398 Cuda Host Alloc Size 128 pointer 0x2b09e7200600
c197-081:8286:9915 [3] NCCL INFO comm 0xe25a160 rank 0 nranks 2 cudaDev 3 busId 83000 - Init COMPLETE
c197-081:8286:8286 [3] NCCL INFO AllReduce: opCount 0 sendbuff 0x2b09d8000000 recvbuff 0x2b09d8000000 count 14942208 datatype 6 op 0 root 0 comm 0xe25a160 [nranks=2] stream 0xb6df640
c197-081:8286:8286 [3] NCCL INFO misc/utils.cc:235 memory stack hunk malloc(65536)
c197-081:8283:9911 [0] NCCL INFO init.cc:392 Cuda Host Alloc Size 33554432 pointer 0x2b9ee6000000
c197-081:8283:9911 [0] NCCL INFO init.cc:398 Cuda Host Alloc Size 128 pointer 0x2b9eb5200600
c197-081:8283:9911 [0] NCCL INFO comm 0xf678f60 rank 0 nranks 2 cudaDev 0 busId 2000 - Init COMPLETE
c197-081:8283:8283 [0] NCCL INFO AllReduce: opCount 0 sendbuff 0x2b9ea6000000 recvbuff 0x2b9ea6000000 count 14942208 datatype 6 op 0 root 0 comm 0xf678f60 [nranks=2] stream 0xb10bf40
c197-081:8283:8283 [0] NCCL INFO misc/utils.cc:235 memory stack hunk malloc(65536)
c197-081:8285:9919 [2] NCCL INFO Connection to proxy localRank 0 -> connection 0x2b33f0002110
c197-081:8285:9919 [2] NCCL INFO init.cc:367 Cuda Alloc Size 5168 pointer 0x2b33cfc05e00
 > number of parameters on (tensor, pipeline) model parallel rank (0, 0): 53275648
c197-081:8284:9922 [1] NCCL INFO init.cc:392 Cuda Host Alloc Size 33554432 pointer 0x2ad26a000000
c197-081:8284:9922 [1] NCCL INFO init.cc:398 Cuda Host Alloc Size 128 pointer 0x2ad23b200600
c197-081:8284:9922 [1] NCCL INFO comm 0xf22fa10 rank 0 nranks 2 cudaDev 1 busId 3000 - Init COMPLETE
c197-081:8284:8284 [1] NCCL INFO AllReduce: opCount 0 sendbuff 0x2ad22c000000 recvbuff 0x2ad22c000000 count 14942208 datatype 6 op 0 root 0 comm 0xf22fa10 [nranks=2] stream 0xbffae80
c197-081:8284:8284 [1] NCCL INFO misc/utils.cc:235 memory stack hunk malloc(65536)
 > number of parameters on (tensor, pipeline) model parallel rank (1, 0): 53275648
c197-081:8285:9935 [2] NCCL INFO transport/net.cc:376 Cuda Alloc Size 4194304 pointer 0x2b33e1a00000
c197-081:8285:9919 [2] NCCL INFO init.cc:392 Cuda Host Alloc Size 33554432 pointer 0x2b33fe000000
c197-081:8285:9919 [2] NCCL INFO init.cc:398 Cuda Host Alloc Size 128 pointer 0x2b33cf200600
c197-081:8285:9919 [2] NCCL INFO comm 0xddb77e0 rank 0 nranks 2 cudaDev 2 busId 82000 - Init COMPLETE
c197-081:8285:8285 [2] NCCL INFO AllReduce: opCount 0 sendbuff 0x2b33c0000000 recvbuff 0x2b33c0000000 count 14942208 datatype 6 op 0 root 0 comm 0xddb77e0 [nranks=2] stream 0xa559ba0
c197-081:8285:8285 [2] NCCL INFO misc/utils.cc:235 memory stack hunk malloc(65536)
> learning rate decay style: linear
c197-081:8283:8283 [0] NCCL INFO AllReduce: opCount 4 sendbuff 0x2b9eaac00400 recvbuff 0x2b9eaac00400 count 1 datatype 1 op 0 root 0 comm 0xcc8dbf0 [nranks=16] stream 0xa23dd20
c197-081:8286:8286 [3] NCCL INFO AllReduce: opCount 4 sendbuff 0x2b09dcc00400 recvbuff 0x2b09dcc00400 count 1 datatype 1 op 0 root 0 comm 0xb86f7e0 [nranks=16] stream 0xb022ae0
c197-081:8285:8285 [2] NCCL INFO AllReduce: opCount 4 sendbuff 0x2b33c4c00400 recvbuff 0x2b33c4c00400 count 1 datatype 1 op 0 root 0 comm 0xb3d2770 [nranks=16] stream 0x9736440
c197-081:8284:8284 [1] NCCL INFO AllReduce: opCount 4 sendbuff 0x2ad230c00400 recvbuff 0x2ad230c00400 count 1 datatype 1 op 0 root 0 comm 0xc847b80 [nranks=16] stream 0x89ceb60
WARNING: could not find the metadata file /work2/08664/tg879638/frontera/lyd/Megatron-LM/checkpoints/bert_345m/latest_checkpointed_iteration.txt 
    will not load any checkpoints and will start from random
c197-081:8285:8285 [2] NCCL INFO AllReduce: opCount 5 sendbuff 0x2b33c4d2a200 recvbuff 0x2b33c4d2a200 count 1 datatype 1 op 0 root 0 comm 0xb3d2770 [nranks=16] stream 0x9736440
c197-081:8286:8286 [3] NCCL INFO AllReduce: opCount 5 sendbuff 0x2b09dcd2a200 recvbuff 0x2b09dcd2a200 count 1 datatype 1 op 0 root 0 comm 0xb86f7e0 [nranks=16] stream 0xb022ae0
c197-081:8284:8284 [1] NCCL INFO AllReduce: opCount 5 sendbuff 0x2ad230d2a200 recvbuff 0x2ad230d2a200 count 1 datatype 1 op 0 root 0 comm 0xc847b80 [nranks=16] stream 0x89ceb60
c197-081:8283:8283 [0] NCCL INFO AllReduce: opCount 5 sendbuff 0x2b9eaad2a200 recvbuff 0x2b9eaad2a200 count 1 datatype 1 op 0 root 0 comm 0xcc8dbf0 [nranks=16] stream 0xa23dd20
c197-081:8285:8285 [2] NCCL INFO AllReduce: opCount 6 sendbuff 0x2b33c4c00400 recvbuff 0x2b33c4c00400 count 1 datatype 1 op 0 root 0 comm 0xb3d2770 [nranks=16] stream 0x9736440
c197-081:8286:8286 [3] NCCL INFO AllReduce: opCount 6 sendbuff 0x2b09dcc00400 recvbuff 0x2b09dcc00400 count 1 datatype 1 op 0 root 0 comm 0xb86f7e0 [nranks=16] stream 0xb022ae0
c197-081:8284:8284 [1] NCCL INFO AllReduce: opCount 6 sendbuff 0x2ad230c00400 recvbuff 0x2ad230c00400 count 1 datatype 1 op 0 root 0 comm 0xc847b80 [nranks=16] stream 0x89ceb60
c197-081:8283:8283 [0] NCCL INFO AllReduce: opCount 6 sendbuff 0x2b9eaac00400 recvbuff 0x2b9eaac00400 count 1 datatype 1 op 0 root 0 comm 0xcc8dbf0 [nranks=16] stream 0xa23dd20
[after model, optimizer, and learning rate scheduler are built] datetime: 2023-12-19 18:54:11 
> building train, validation, and test datasets ...
 > datasets target sizes (minimum size):
    train:      1600
    validation: 176
    test:       16
> building train, validation, and test datasets for BERT ...
 > building dataset index ...
    reading sizes...
    reading pointers...
    reading document index...
    creating numpy buffer of mmap...
    creating memory view of numpy buffer...
 > finished creating indexed dataset in 0.008871 seconds
 > indexed dataset stats:
    number of documents: 35
    number of sentences: 7860
 > dataset split:
    train:
     document indices in [0, 33) total of 33 documents
     sentence indices in [0, 7617) total of 7617 sentences
    validation:
     document indices in [33, 35) total of 2 documents
     sentence indices in [7617, 7860) total of 243 sentences
    test:
     document indices in [35, 35) total of 0 documents
     sentence indices in [7860, 7860) total of 0 sentences
 > WARNING: could not find index map file /work2/08664/tg879638/frontera/lyd/Megatron-LM/my-bert_text_sentence_train_indexmap_1600mns_509msl_0.10ssp_1234s.npy, building the indices on rank 0 ...
 > building samples index mapping for train ...
    using uint32 for data mapping...
    using:
     number of documents:            33
     sentences range:                [0, 7617)
     total number of sentences:      7617
     number of epochs:               2147483646
     maximum number of samples:      1600
     maximum sequence length:        509
     short sequence probability:     0.1
     short sequence ration (1/prob): 10
     seed:                           1234
    reached 1600 samples after 4 epochs ...
   number of empty documents: 0
   number of documents with one sentence: 1
   number of documents with long sentences: 0
   will create mapping for 1829 samples
 > done building samples index maping
 > saved the index mapping in /work2/08664/tg879638/frontera/lyd/Megatron-LM/my-bert_text_sentence_train_indexmap_1600mns_509msl_0.10ssp_1234s.npy
 > elasped time to build and save samples mapping (seconds): 0.017553
c197-081:8283:8283 [0] NCCL INFO init.cc:1147 Cuda Host Alloc Size 4 pointer 0x2b9eb5200800
c197-081:8283:10012 [0] NCCL INFO Using network IB
c197-081:8285:8285 [2] NCCL INFO init.cc:1147 Cuda Host Alloc Size 4 pointer 0x2b33cf200800
c197-081:8285:10013 [2] NCCL INFO Using network IB
c197-081:8285:10013 [2] NCCL INFO NET/IB : GPU Direct RDMA Disabled for HCA 0 'mlx4_0'
c197-081:8285:10013 [2] NCCL INFO === System : maxBw 6.0 totalBw 12.0 ===
c197-081:8285:10013 [2] NCCL INFO CPU/0 (1/1/1)
c197-081:8285:10013 [2] NCCL INFO + PCI[12.0] - GPU/2000 (0)
c197-081:8285:10013 [2] NCCL INFO + PCI[6.0] - NIC/1000
c197-081:8285:10013 [2] NCCL INFO + SYS[6.0] - CPU/1
c197-081:8285:10013 [2] NCCL INFO CPU/1 (1/1/1)
c197-081:8285:10013 [2] NCCL INFO + PCI[12.0] - GPU/82000 (1)
c197-081:8285:10013 [2] NCCL INFO + SYS[6.0] - CPU/0
c197-081:8285:10013 [2] NCCL INFO ==========================================
c197-081:8285:10013 [2] NCCL INFO GPU/2000 :GPU/2000 (0/5000.000000/LOC) GPU/82000 (3/6.000000/SYS) CPU/0 (1/12.000000/PHB) CPU/1 (2/6.000000/SYS) 
c197-081:8285:10013 [2] NCCL INFO GPU/82000 :GPU/2000 (3/6.000000/SYS) GPU/82000 (0/5000.000000/LOC) CPU/0 (2/6.000000/SYS) CPU/1 (1/12.000000/PHB) 
c197-081:8285:10013 [2] NCCL INFO Setting affinity for GPU 2 to ff00ff00
c197-081:8285:10013 [2] NCCL INFO Pattern 4, crossNic 0, nChannels 1, bw 6.000000/6.000000, type SYS/PIX, sameChannels 1
c197-081:8285:10013 [2] NCCL INFO  0 : GPU/0 GPU/1
c197-081:8285:10013 [2] NCCL INFO Pattern 1, crossNic 0, nChannels 1, bw 6.000000/6.000000, type SYS/PIX, sameChannels 1
c197-081:8285:10013 [2] NCCL INFO  0 : GPU/0 GPU/1
c197-081:8285:10013 [2] NCCL INFO Pattern 3, crossNic 0, nChannels 1, bw 6.000000/6.000000, type SYS/PIX, sameChannels 1
c197-081:8285:10013 [2] NCCL INFO  0 : GPU/0 GPU/1
c197-081:8283:10012 [0] NCCL INFO NET/IB : GPU Direct RDMA Disabled for HCA 0 'mlx4_0'
c197-081:8283:10012 [0] NCCL INFO === System : maxBw 6.0 totalBw 12.0 ===
c197-081:8283:10012 [0] NCCL INFO CPU/0 (1/1/1)
c197-081:8283:10012 [0] NCCL INFO + PCI[12.0] - GPU/2000 (0)
c197-081:8283:10012 [0] NCCL INFO + PCI[6.0] - NIC/1000
c197-081:8283:10012 [0] NCCL INFO + SYS[6.0] - CPU/1
c197-081:8283:10012 [0] NCCL INFO CPU/1 (1/1/1)
c197-081:8283:10012 [0] NCCL INFO + PCI[12.0] - GPU/82000 (1)
c197-081:8283:10012 [0] NCCL INFO + SYS[6.0] - CPU/0
c197-081:8283:10012 [0] NCCL INFO ==========================================
c197-081:8283:10012 [0] NCCL INFO GPU/2000 :GPU/2000 (0/5000.000000/LOC) GPU/82000 (3/6.000000/SYS) CPU/0 (1/12.000000/PHB) CPU/1 (2/6.000000/SYS) 
c197-081:8283:10012 [0] NCCL INFO GPU/82000 :GPU/2000 (3/6.000000/SYS) GPU/82000 (0/5000.000000/LOC) CPU/0 (2/6.000000/SYS) CPU/1 (1/12.000000/PHB) 
c197-081:8283:10012 [0] NCCL INFO Setting affinity for GPU 0 to ff00ff
c197-081:8283:10012 [0] NCCL INFO Pattern 4, crossNic 0, nChannels 1, bw 6.000000/6.000000, type SYS/PIX, sameChannels 1
c197-081:8283:10012 [0] NCCL INFO  0 : GPU/0 GPU/1
c197-081:8283:10012 [0] NCCL INFO Pattern 1, crossNic 0, nChannels 1, bw 6.000000/6.000000, type SYS/PIX, sameChannels 1
c197-081:8283:10012 [0] NCCL INFO  0 : GPU/0 GPU/1
c197-081:8283:10012 [0] NCCL INFO Pattern 3, crossNic 0, nChannels 1, bw 6.000000/6.000000, type SYS/PIX, sameChannels 1
c197-081:8283:10012 [0] NCCL INFO  0 : GPU/0 GPU/1
c197-081:8283:10012 [0] NCCL INFO Tree 0 : -1 -> 0 -> 1/-1/-1
c197-081:8283:10012 [0] NCCL INFO Tree 1 : -1 -> 0 -> 1/-1/-1
c197-081:8285:10013 [2] NCCL INFO Tree 0 : 0 -> 1 -> -1/-1/-1
c197-081:8283:10012 [0] NCCL INFO Channel 00/02 :    0   1
c197-081:8285:10013 [2] NCCL INFO Tree 1 : 0 -> 1 -> -1/-1/-1
c197-081:8283:10012 [0] NCCL INFO Channel 01/02 :    0   1
c197-081:8283:10012 [0] NCCL INFO Ring 00 : 1 -> 0 -> 1
c197-081:8285:10013 [2] NCCL INFO Ring 00 : 0 -> 1 -> 0
c197-081:8283:10012 [0] NCCL INFO Ring 01 : 1 -> 0 -> 1
c197-081:8285:10013 [2] NCCL INFO Ring 01 : 0 -> 1 -> 0
c197-081:8283:10012 [0] NCCL INFO Trees [0] 1/-1/-1->0->-1 [1] 1/-1/-1->0->-1
c197-081:8285:10013 [2] NCCL INFO Trees [0] -1/-1/-1->1->0 [1] -1/-1/-1->1->0
c197-081:8283:10012 [0] NCCL INFO misc/utils.cc:235 memory stack hunk malloc(65536)
c197-081:8285:10013 [2] NCCL INFO misc/utils.cc:235 memory stack hunk malloc(65536)
c197-081:8283:10012 [0] NCCL INFO channel.cc:23 Cuda Alloc Size 1152 pointer 0x2b9eb5c07400
c197-081:8285:10013 [2] NCCL INFO channel.cc:23 Cuda Alloc Size 1152 pointer 0x2b33cfc07400
c197-081:8283:10012 [0] NCCL INFO channel.cc:27 Cuda Alloc Size 8 pointer 0x2b9eb5c07a00
c197-081:8285:10013 [2] NCCL INFO channel.cc:27 Cuda Alloc Size 8 pointer 0x2b33cfc07a00
c197-081:8283:10012 [0] NCCL INFO channel.cc:23 Cuda Alloc Size 1152 pointer 0x2b9eb5c07c00
c197-081:8283:10012 [0] NCCL INFO channel.cc:27 Cuda Alloc Size 8 pointer 0x2b9eb5c08200
c197-081:8285:10013 [2] NCCL INFO channel.cc:23 Cuda Alloc Size 1152 pointer 0x2b33cfc07c00
c197-081:8285:10013 [2] NCCL INFO channel.cc:27 Cuda Alloc Size 8 pointer 0x2b33cfc08200
c197-081:8283:10012 [0] NCCL INFO Allocated 9637888 bytes of shared memory in /dev/shm/nccl-k3ZLk2

c197-081:8285:10013 [2] NCCL INFO Allocated 9637888 bytes of shared memory in /dev/shm/nccl-dtfeoZ

c197-081:8285:10013 [2] NCCL INFO Allocated 9637888 bytes of shared memory in /dev/shm/nccl-nqprPZ

c197-081:8283:10012 [0] NCCL INFO Allocated 9637888 bytes of shared memory in /dev/shm/nccl-MiF0L2

c197-081:8285:10013 [2] NCCL INFO Allocated 4096 bytes of shared memory in /dev/shm/nccl-fmvAh0

c197-081:8285:10013 [2] NCCL INFO Channel 00 : 1[82000] -> 0[2000] via SHM/direct/direct
c197-081:8285:10013 [2] NCCL INFO Allocated 4096 bytes of shared memory in /dev/shm/nccl-dnqMJ0

c197-081:8283:10012 [0] NCCL INFO Allocated 4096 bytes of shared memory in /dev/shm/nccl-4Iyde3

c197-081:8285:10013 [2] NCCL INFO Channel 01 : 1[82000] -> 0[2000] via SHM/direct/direct
c197-081:8283:10012 [0] NCCL INFO Channel 00 : 0[2000] -> 1[82000] via SHM/direct/direct
c197-081:8283:10012 [0] NCCL INFO Allocated 4096 bytes of shared memory in /dev/shm/nccl-pi1sG3

c197-081:8283:10012 [0] NCCL INFO Channel 01 : 0[2000] -> 1[82000] via SHM/direct/direct
c197-081:8285:10013 [2] NCCL INFO Connected all rings
c197-081:8285:10013 [2] NCCL INFO Connected all trees
c197-081:8285:10013 [2] NCCL INFO threadThresholds 8/8/64 | 16/8/64 | 512 | 512
c197-081:8285:10013 [2] NCCL INFO 2 coll channels, 2 p2p channels, 2 p2p channels per peer
c197-081:8283:10012 [0] NCCL INFO Connected all rings
c197-081:8283:10012 [0] NCCL INFO Connected all trees
c197-081:8283:10012 [0] NCCL INFO Latency/AlgBw |    Tree/    LL |    Tree/ LL128 |    Tree/Simple |    Ring/    LL |    Ring/ LL128 |    Ring/Simple | CollNetDirect/    LL | CollNetDirect/ LL128 | CollNetDirect/Simple | CollNetChain/    LL | CollNetChain/ LL128 | CollNetChain/Simple |
c197-081:8283:10012 [0] NCCL INFO  Max NThreads |            512 |            640 |            512 |            512 |            640 |            256 |              0 |              0 |            512 |              0 |              0 |            512 |
c197-081:8283:10012 [0] NCCL INFO     Broadcast |     0.0/   0.0 |     0.0/   0.0 |     0.0/   0.0 |     4.6/   2.0 |    12.5/   0.0 |    14.1/   6.0 |     0.0/   0.0 |     0.0/   0.0 |     0.0/   0.0 |     0.0/   0.0 |     0.0/   0.0 |     0.0/   0.0 |
c197-081:8283:10012 [0] NCCL INFO        Reduce |     0.0/   0.0 |     0.0/   0.0 |     0.0/   0.0 |     4.6/   1.5 |    12.5/   0.0 |    14.1/   6.0 |     0.0/   0.0 |     0.0/   0.0 |     0.0/   0.0 |     0.0/   0.0 |     0.0/   0.0 |     0.0/   0.0 |
c197-081:8283:10012 [0] NCCL INFO     AllGather |     0.0/   0.0 |     0.0/   0.0 |     0.0/   0.0 |     4.6/   4.0 |    12.5/   0.0 |    14.1/  12.0 |     0.0/   0.0 |     0.0/   0.0 |     0.0/   0.0 |     0.0/   0.0 |     0.0/   0.0 |     0.0/   0.0 |
c197-081:8283:10012 [0] NCCL INFO ReduceScatter |     0.0/   0.0 |     0.0/   0.0 |     0.0/   0.0 |     4.6/   4.0 |    12.5/   0.0 |    14.1/  12.0 |     0.0/   0.0 |     0.0/   0.0 |     0.0/   0.0 |     0.0/   0.0 |     0.0/   0.0 |     0.0/   0.0 |
c197-081:8283:10012 [0] NCCL INFO     AllReduce |     6.4/   0.7 |     8.2/   0.0 |    56.0/   2.8 |     5.6/   1.5 |    15.0/   0.0 |    19.8/   6.0 |     5.4/   0.0 |     5.4/   0.0 |    27.7/   0.0 |     4.4/   0.0 |     4.4/   0.0 |    16.0/   0.0 |
c197-081:8283:10012 [0] NCCL INFO threadThresholds 8/8/64 | 16/8/64 | 512 | 512
c197-081:8283:10012 [0] NCCL INFO 2 coll channels, 2 p2p channels, 2 p2p channels per peer
c197-081:8285:10014 [2] NCCL INFO Mem Realloc old size 0, new size 8 pointer 0x2b34180009c0
c197-081:8285:10014 [2] NCCL INFO Allocated 4194656 bytes of shared memory in /dev/shm/nccl-Uo7Tc1

c197-081:8283:10015 [0] NCCL INFO Mem Realloc old size 0, new size 8 pointer 0x2b9edc02c7d0
c197-081:8283:10015 [0] NCCL INFO Allocated 4194656 bytes of shared memory in /dev/shm/nccl-cB3B93

c197-081:8285:10014 [2] NCCL INFO New proxy send connection 0 from local rank 1, transport 2
c197-081:8285:10013 [2] NCCL INFO Connection to proxy localRank 1 -> connection 0x2b3418002010
c197-081:8283:10015 [0] NCCL INFO New proxy send connection 0 from local rank 0, transport 2
c197-081:8283:10012 [0] NCCL INFO Connection to proxy localRank 0 -> connection 0x2b9edc055010
c197-081:8285:10014 [2] NCCL INFO transport/net.cc:376 Cuda Alloc Size 4194304 pointer 0x2b3417600000
c197-081:8285:10013 [2] NCCL INFO init.cc:367 Cuda Alloc Size 5168 pointer 0x2b33cfc08400
c197-081:8283:10015 [0] NCCL INFO transport/net.cc:376 Cuda Alloc Size 4194304 pointer 0x2b9eff600000
c197-081:8283:10012 [0] NCCL INFO init.cc:367 Cuda Alloc Size 5168 pointer 0x2b9eb5c08400
c197-081:8285:10013 [2] NCCL INFO init.cc:392 Cuda Host Alloc Size 33554432 pointer 0x2b3420000000
c197-081:8285:10013 [2] NCCL INFO init.cc:398 Cuda Host Alloc Size 128 pointer 0x2b33cf200a00
c197-081:8285:10013 [2] NCCL INFO comm 0xe2410c0 rank 1 nranks 2 cudaDev 2 busId 82000 - Init COMPLETE
c197-081:8283:10012 [0] NCCL INFO init.cc:392 Cuda Host Alloc Size 33554432 pointer 0x2b9f08000000
c197-081:8285:8285 [2] NCCL INFO AllReduce: opCount 0 sendbuff 0x2b33c4c00400 recvbuff 0x2b33c4c00400 count 1 datatype 4 op 0 root 0 comm 0xe2410c0 [nranks=2] stream 0x97c3be0
c197-081:8285:8285 [2] NCCL INFO misc/utils.cc:235 memory stack hunk malloc(65536)
c197-081:8283:10012 [0] NCCL INFO init.cc:398 Cuda Host Alloc Size 128 pointer 0x2b9eb5200a00
c197-081:8283:10012 [0] NCCL INFO comm 0xfaf09d0 rank 0 nranks 2 cudaDev 0 busId 2000 - Init COMPLETE
c197-081:8283:8283 [0] NCCL INFO AllReduce: opCount 0 sendbuff 0x2b9eaac00400 recvbuff 0x2b9eaac00400 count 1 datatype 4 op 0 root 0 comm 0xfaf09d0 [nranks=2] stream 0xbeb2710
c197-081:8283:8283 [0] NCCL INFO misc/utils.cc:235 memory stack hunk malloc(65536)
c197-081:8285:8285 [2] NCCL INFO init.cc:1147 Cuda Host Alloc Size 4 pointer 0x2b33cf200c00
c197-081:8285:10019 [2] NCCL INFO Using network IB
c197-081:8283:8283 [0] NCCL INFO init.cc:1147 Cuda Host Alloc Size 4 pointer 0x2b9eb5200c00
c197-081:8283:10021 [0] NCCL INFO Using network IB
c197-081:8283:10021 [0] NCCL INFO NET/IB : GPU Direct RDMA Disabled for HCA 0 'mlx4_0'
c197-081:8285:10019 [2] NCCL INFO NET/IB : GPU Direct RDMA Disabled for HCA 0 'mlx4_0'
c197-081:8283:10021 [0] NCCL INFO === System : maxBw 6.0 totalBw 12.0 ===
c197-081:8283:10021 [0] NCCL INFO CPU/0 (1/1/1)
c197-081:8283:10021 [0] NCCL INFO + PCI[12.0] - GPU/2000 (0)
c197-081:8283:10021 [0] NCCL INFO + PCI[6.0] - NIC/1000
c197-081:8283:10021 [0] NCCL INFO              + NET[7.0] - NET/0 (a3788600034b6b50/1/7.000000)
c197-081:8283:10021 [0] NCCL INFO ==========================================
c197-081:8283:10021 [0] NCCL INFO GPU/2000 :GPU/2000 (0/5000.000000/LOC) CPU/0 (1/12.000000/PHB) NET/0 (3/6.000000/PHB) 
c197-081:8283:10021 [0] NCCL INFO NET/0 :GPU/2000 (3/6.000000/PHB) CPU/0 (2/6.000000/PHB) NET/0 (0/5000.000000/LOC) 
c197-081:8283:10021 [0] NCCL INFO Setting affinity for GPU 0 to ff00ff
c197-081:8285:10019 [2] NCCL INFO === System : maxBw 6.0 totalBw 12.0 ===
c197-081:8285:10019 [2] NCCL INFO CPU/1 (1/1/1)
c197-081:8285:10019 [2] NCCL INFO + PCI[12.0] - GPU/82000 (0)
c197-081:8285:10019 [2] NCCL INFO + SYS[6.0] - CPU/0
c197-081:8285:10019 [2] NCCL INFO CPU/0 (1/1/1)
c197-081:8285:10019 [2] NCCL INFO + PCI[6.0] - NIC/1000
c197-081:8285:10019 [2] NCCL INFO              + NET[7.0] - NET/0 (a3788600034b6b50/1/7.000000)
c197-081:8285:10019 [2] NCCL INFO + SYS[6.0] - CPU/1
c197-081:8285:10019 [2] NCCL INFO ==========================================
c197-081:8285:10019 [2] NCCL INFO GPU/82000 :GPU/82000 (0/5000.000000/LOC) CPU/1 (1/12.000000/PHB) CPU/0 (2/6.000000/SYS) NET/0 (4/6.000000/SYS) 
c197-081:8285:10019 [2] NCCL INFO NET/0 :GPU/82000 (4/6.000000/SYS) CPU/1 (3/6.000000/SYS) CPU/0 (2/6.000000/PHB) NET/0 (0/5000.000000/LOC) 
c197-081:8285:10019 [2] NCCL INFO Setting affinity for GPU 2 to ff00ff00
c197-081:8283:10021 [0] NCCL INFO Pattern 4, crossNic 0, nChannels 1, bw 5.000000/5.000000, type LOC/PHB, sameChannels 1
c197-081:8283:10021 [0] NCCL INFO  0 : NET/0 GPU/0 NET/0
c197-081:8283:10021 [0] NCCL INFO Pattern 3, crossNic 0, nChannels 1, bw 10.000000/5.000000, type LOC/PHB, sameChannels 1
c197-081:8283:10021 [0] NCCL INFO  0 : NET/0 GPU/0 NET/0
c197-081:8285:10019 [2] NCCL INFO Pattern 4, crossNic 0, nChannels 1, bw 6.000000/6.000000, type LOC/SYS, sameChannels 1
c197-081:8285:10019 [2] NCCL INFO  0 : NET/0 GPU/0 NET/0
c197-081:8285:10019 [2] NCCL INFO Pattern 3, crossNic 0, nChannels 1, bw 12.000000/6.000000, type LOC/SYS, sameChannels 1
c197-081:8283:10021 [0] NCCL INFO Pattern 3, crossNic 0, nChannels 0, bw 0.000000/0.000000, type LOC/PIX, sameChannels 1
c197-081:8285:10019 [2] NCCL INFO  0 : NET/0 GPU/0 NET/0
c197-081:8283:10021 [0] NCCL INFO Tree 0 : -1 -> 0 -> 2/-1/-1
c197-081:8283:10021 [0] NCCL INFO Tree 1 : 1 -> 0 -> -1/-1/-1
c197-081:8283:10021 [0] NCCL INFO Channel 00/02 :    0   1   2   3
c197-081:8283:10021 [0] NCCL INFO Channel 01/02 :    0   1   2   3
c197-081:8283:10021 [0] NCCL INFO Ring 00 : 3 -> 0 -> 1
c197-081:8283:10021 [0] NCCL INFO Ring 01 : 3 -> 0 -> 1
c197-081:8285:10019 [2] NCCL INFO Pattern 3, crossNic 0, nChannels 0, bw 0.000000/0.000000, type LOC/PIX, sameChannels 1
c197-081:8283:10021 [0] NCCL INFO Trees [0] 2/-1/-1->0->-1 [1] -1/-1/-1->0->1
c197-081:8283:10021 [0] NCCL INFO misc/utils.cc:235 memory stack hunk malloc(65536)
c197-081:8285:10019 [2] NCCL INFO Tree 0 : -1 -> 0 -> 2/-1/-1
c197-081:8285:10019 [2] NCCL INFO Tree 1 : 1 -> 0 -> -1/-1/-1
c197-081:8285:10019 [2] NCCL INFO Channel 00/02 :    0   1   2   3
c197-081:8285:10019 [2] NCCL INFO Channel 01/02 :    0   1   2   3
c197-081:8285:10019 [2] NCCL INFO Ring 00 : 3 -> 0 -> 1
c197-081:8285:10019 [2] NCCL INFO Ring 01 : 3 -> 0 -> 1
c197-081:8285:10019 [2] NCCL INFO Trees [0] 2/-1/-1->0->-1 [1] -1/-1/-1->0->1
c197-081:8285:10019 [2] NCCL INFO misc/utils.cc:235 memory stack hunk malloc(65536)
c197-081:8283:10021 [0] NCCL INFO channel.cc:23 Cuda Alloc Size 1920 pointer 0x2b9eb5c09a00
c197-081:8283:10021 [0] NCCL INFO channel.cc:27 Cuda Alloc Size 16 pointer 0x2b9eb5c0a200
c197-081:8283:10021 [0] NCCL INFO channel.cc:23 Cuda Alloc Size 1920 pointer 0x2b9eb5c0a400
c197-081:8285:10019 [2] NCCL INFO channel.cc:23 Cuda Alloc Size 1920 pointer 0x2b33cfc09a00
c197-081:8283:10021 [0] NCCL INFO channel.cc:27 Cuda Alloc Size 16 pointer 0x2b9eb5c0ac00
c197-081:8285:10019 [2] NCCL INFO channel.cc:27 Cuda Alloc Size 16 pointer 0x2b33cfc0a200
c197-081:8285:10019 [2] NCCL INFO channel.cc:23 Cuda Alloc Size 1920 pointer 0x2b33cfc0a400
c197-081:8285:10019 [2] NCCL INFO channel.cc:27 Cuda Alloc Size 16 pointer 0x2b33cfc0ac00
c197-081:8283:10022 [0] NCCL INFO Mem Realloc old size 0, new size 8 pointer 0x2b9f00048830
