c197-082:23102:23102 [1] NCCL INFO init.cc:1147 Cuda Host Alloc Size 4 pointer 0x2b0c67210c00
c197-082:23103:23103 [2] NCCL INFO init.cc:1147 Cuda Host Alloc Size 4 pointer 0x2b7e6f353000
c197-082:23104:25866 [3] NCCL INFO Using network IB
c197-082:23103:25868 [2] NCCL INFO Using network IB
c197-082:23102:25867 [1] NCCL INFO Using network IB
c197-082:23101:25865 [0] NCCL INFO Using network IB
c197-082:23103:25868 [2] NCCL INFO NET/IB : GPU Direct RDMA Disabled for HCA 0 'mlx4_0'
c197-082:23101:25865 [0] NCCL INFO NET/IB : GPU Direct RDMA Disabled for HCA 0 'mlx4_0'
c197-082:23101:25865 [0] NCCL INFO === System : maxBw 6.0 totalBw 12.0 ===
c197-082:23101:25865 [0] NCCL INFO CPU/0 (1/1/1)
c197-082:23101:25865 [0] NCCL INFO + PCI[12.0] - GPU/2000 (2)
c197-082:23101:25865 [0] NCCL INFO + PCI[12.0] - GPU/3000 (3)
c197-082:23101:25865 [0] NCCL INFO + PCI[6.0] - NIC/1000
c197-082:23101:25865 [0] NCCL INFO              + NET[7.0] - NET/0 (83788600034b6b50/1/7.000000)
c197-082:23103:25868 [2] NCCL INFO === System : maxBw 6.0 totalBw 12.0 ===
c197-082:23101:25865 [0] NCCL INFO ==========================================
c197-082:23103:25868 [2] NCCL INFO CPU/1 (1/1/1)
c197-082:23101:25865 [0] NCCL INFO GPU/2000 :GPU/2000 (0/5000.000000/LOC) GPU/3000 (2/12.000000/PHB) CPU/0 (1/12.000000/PHB) NET/0 (3/6.000000/PHB) 
c197-082:23103:25868 [2] NCCL INFO + PCI[12.0] - GPU/82000 (2)
c197-082:23101:25865 [0] NCCL INFO GPU/3000 :GPU/2000 (2/12.000000/PHB) GPU/3000 (0/5000.000000/LOC) CPU/0 (1/12.000000/PHB) NET/0 (3/6.000000/PHB) 
c197-082:23103:25868 [2] NCCL INFO + PCI[12.0] - GPU/83000 (3)
c197-082:23101:25865 [0] NCCL INFO NET/0 :GPU/2000 (3/6.000000/PHB) GPU/3000 (3/6.000000/PHB) CPU/0 (2/6.000000/PHB) NET/0 (0/5000.000000/LOC) 
c197-082:23103:25868 [2] NCCL INFO + SYS[6.0] - CPU/0
c197-082:23103:25868 [2] NCCL INFO CPU/0 (1/1/1)
c197-082:23101:25865 [0] NCCL INFO Setting affinity for GPU 0 to ff00ff
c197-082:23103:25868 [2] NCCL INFO + PCI[6.0] - NIC/1000
c197-082:23103:25868 [2] NCCL INFO              + NET[7.0] - NET/0 (83788600034b6b50/1/7.000000)
c197-082:23103:25868 [2] NCCL INFO + SYS[6.0] - CPU/1
c197-082:23103:25868 [2] NCCL INFO ==========================================
c197-082:23103:25868 [2] NCCL INFO GPU/82000 :GPU/82000 (0/5000.000000/LOC) GPU/83000 (2/12.000000/PHB) CPU/1 (1/12.000000/PHB) CPU/0 (2/6.000000/SYS) NET/0 (4/6.000000/SYS) 
c197-082:23103:25868 [2] NCCL INFO GPU/83000 :GPU/82000 (2/12.000000/PHB) GPU/83000 (0/5000.000000/LOC) CPU/1 (1/12.000000/PHB) CPU/0 (2/6.000000/SYS) NET/0 (4/6.000000/SYS) 
c197-082:23103:25868 [2] NCCL INFO NET/0 :GPU/82000 (4/6.000000/SYS) GPU/83000 (4/6.000000/SYS) CPU/1 (3/6.000000/SYS) CPU/0 (2/6.000000/PHB) NET/0 (0/5000.000000/LOC) 
c197-082:23103:25868 [2] NCCL INFO Setting affinity for GPU 2 to ff00ff00
c197-082:23101:25865 [0] NCCL INFO Pattern 4, crossNic 0, nChannels 1, bw 5.000000/5.000000, type PHB/PHB, sameChannels 1
c197-082:23101:25865 [0] NCCL INFO  0 : NET/0 GPU/2 GPU/3 NET/0
c197-082:23101:25865 [0] NCCL INFO Pattern 1, crossNic 0, nChannels 1, bw 6.000000/5.000000, type PHB/PHB, sameChannels 1
c197-082:23101:25865 [0] NCCL INFO  0 : NET/0 GPU/2 GPU/3 NET/0
c197-082:23103:25868 [2] NCCL INFO Pattern 4, crossNic 0, nChannels 1, bw 6.000000/6.000000, type PHB/SYS, sameChannels 1
c197-082:23103:25868 [2] NCCL INFO  0 : NET/0 GPU/2 GPU/3 NET/0
c197-082:23101:25865 [0] NCCL INFO Pattern 3, crossNic 0, nChannels 0, bw 0.000000/0.000000, type NVL/PIX, sameChannels 1
c197-082:23103:25868 [2] NCCL INFO Pattern 1, crossNic 0, nChannels 1, bw 6.000000/6.000000, type PHB/SYS, sameChannels 1
c197-082:23103:25868 [2] NCCL INFO  0 : NET/0 GPU/2 GPU/3 NET/0
c197-082:23103:25868 [2] NCCL INFO Pattern 3, crossNic 0, nChannels 0, bw 0.000000/0.000000, type NVL/PIX, sameChannels 1
c197-082:23104:25866 [3] NCCL INFO NET/IB : GPU Direct RDMA Disabled for HCA 0 'mlx4_0'
c197-082:23104:25866 [3] NCCL INFO === System : maxBw 6.0 totalBw 12.0 ===
c197-082:23104:25866 [3] NCCL INFO CPU/1 (1/1/1)
c197-082:23104:25866 [3] NCCL INFO + PCI[12.0] - GPU/82000 (2)
c197-082:23104:25866 [3] NCCL INFO + PCI[12.0] - GPU/83000 (3)
c197-082:23104:25866 [3] NCCL INFO + SYS[6.0] - CPU/0
c197-082:23104:25866 [3] NCCL INFO CPU/0 (1/1/1)
c197-082:23104:25866 [3] NCCL INFO + PCI[6.0] - NIC/1000
c197-082:23104:25866 [3] NCCL INFO              + NET[7.0] - NET/0 (83788600034b6b50/1/7.000000)
c197-082:23104:25866 [3] NCCL INFO + SYS[6.0] - CPU/1
c197-082:23104:25866 [3] NCCL INFO ==========================================
c197-082:23104:25866 [3] NCCL INFO GPU/82000 :GPU/82000 (0/5000.000000/LOC) GPU/83000 (2/12.000000/PHB) CPU/1 (1/12.000000/PHB) CPU/0 (2/6.000000/SYS) NET/0 (4/6.000000/SYS) 
c197-082:23104:25866 [3] NCCL INFO GPU/83000 :GPU/82000 (2/12.000000/PHB) GPU/83000 (0/5000.000000/LOC) CPU/1 (1/12.000000/PHB) CPU/0 (2/6.000000/SYS) NET/0 (4/6.000000/SYS) 
c197-082:23104:25866 [3] NCCL INFO NET/0 :GPU/82000 (4/6.000000/SYS) GPU/83000 (4/6.000000/SYS) CPU/1 (3/6.000000/SYS) CPU/0 (2/6.000000/PHB) NET/0 (0/5000.000000/LOC) 
c197-082:23104:25866 [3] NCCL INFO Setting affinity for GPU 3 to ff00ff00
c197-082:23102:25867 [1] NCCL INFO NET/IB : GPU Direct RDMA Disabled for HCA 0 'mlx4_0'
c197-082:23102:25867 [1] NCCL INFO === System : maxBw 6.0 totalBw 12.0 ===
c197-082:23102:25867 [1] NCCL INFO CPU/0 (1/1/1)
c197-082:23102:25867 [1] NCCL INFO + PCI[12.0] - GPU/2000 (2)
c197-082:23102:25867 [1] NCCL INFO + PCI[12.0] - GPU/3000 (3)
c197-082:23102:25867 [1] NCCL INFO + PCI[6.0] - NIC/1000
c197-082:23102:25867 [1] NCCL INFO              + NET[7.0] - NET/0 (83788600034b6b50/1/7.000000)
c197-082:23102:25867 [1] NCCL INFO ==========================================
c197-082:23102:25867 [1] NCCL INFO GPU/2000 :GPU/2000 (0/5000.000000/LOC) GPU/3000 (2/12.000000/PHB) CPU/0 (1/12.000000/PHB) NET/0 (3/6.000000/PHB) 
c197-082:23102:25867 [1] NCCL INFO GPU/3000 :GPU/2000 (2/12.000000/PHB) GPU/3000 (0/5000.000000/LOC) CPU/0 (1/12.000000/PHB) NET/0 (3/6.000000/PHB) 
c197-082:23102:25867 [1] NCCL INFO NET/0 :GPU/2000 (3/6.000000/PHB) GPU/3000 (3/6.000000/PHB) CPU/0 (2/6.000000/PHB) NET/0 (0/5000.000000/LOC) 
c197-082:23102:25867 [1] NCCL INFO Setting affinity for GPU 1 to ff00ff
c197-082:23102:25867 [1] NCCL INFO Pattern 4, crossNic 0, nChannels 1, bw 5.000000/5.000000, type PHB/PHB, sameChannels 1
c197-082:23102:25867 [1] NCCL INFO  0 : NET/0 GPU/2 GPU/3 NET/0
c197-082:23102:25867 [1] NCCL INFO Pattern 1, crossNic 0, nChannels 1, bw 6.000000/5.000000, type PHB/PHB, sameChannels 1
c197-082:23102:25867 [1] NCCL INFO  0 : NET/0 GPU/2 GPU/3 NET/0
c197-082:23102:25867 [1] NCCL INFO Pattern 3, crossNic 0, nChannels 0, bw 0.000000/0.000000, type NVL/PIX, sameChannels 1
c197-082:23102:25867 [1] NCCL INFO Tree 0 : 2 -> 3 -> -1/-1/-1
c197-082:23102:25867 [1] NCCL INFO Tree 1 : 2 -> 3 -> 4/-1/-1
c197-082:23102:25867 [1] NCCL INFO Ring 00 : 2 -> 3 -> 4
c197-082:23102:25867 [1] NCCL INFO Ring 01 : 2 -> 3 -> 4
c197-082:23102:25867 [1] NCCL INFO Trees [0] -1/-1/-1->3->2 [1] 4/-1/-1->3->2
c197-082:23102:25867 [1] NCCL INFO misc/utils.cc:235 memory stack hunk malloc(65536)
c197-082:23101:25865 [0] NCCL INFO Tree 0 : 5 -> 2 -> 3/-1/-1
c197-082:23101:25865 [0] NCCL INFO Tree 1 : 6 -> 2 -> 3/0/-1
c197-082:23101:25865 [0] NCCL INFO Ring 00 : 1 -> 2 -> 3
c197-082:23101:25865 [0] NCCL INFO Ring 01 : 1 -> 2 -> 3
c197-082:23101:25865 [0] NCCL INFO Trees [0] 3/-1/-1->2->5 [1] 3/0/-1->2->6
c197-082:23101:25865 [0] NCCL INFO misc/utils.cc:235 memory stack hunk malloc(65536)
c197-082:23102:25867 [1] NCCL INFO channel.cc:23 Cuda Alloc Size 3456 pointer 0x2b0c67c4a200
c197-082:23102:25867 [1] NCCL INFO channel.cc:27 Cuda Alloc Size 32 pointer 0x2b0c67c4b000
c197-082:23101:25865 [0] NCCL INFO channel.cc:23 Cuda Alloc Size 3456 pointer 0x2ad7bfc4cc00
c197-082:23102:25867 [1] NCCL INFO channel.cc:23 Cuda Alloc Size 3456 pointer 0x2b0c67c4b200
c197-082:23102:25867 [1] NCCL INFO channel.cc:27 Cuda Alloc Size 32 pointer 0x2b0c67c4c000
c197-082:23101:25865 [0] NCCL INFO channel.cc:27 Cuda Alloc Size 32 pointer 0x2ad7bfc4da00
c197-082:23102:25867 [1] NCCL INFO Allocated 9637888 bytes of shared memory in /dev/shm/nccl-h1FdgG

c197-082:23101:25865 [0] NCCL INFO channel.cc:23 Cuda Alloc Size 3456 pointer 0x2ad7bfc4dc00
c197-082:23101:25865 [0] NCCL INFO channel.cc:27 Cuda Alloc Size 32 pointer 0x2ad7bfc4ea00
c197-082:23101:25869 [0] NCCL INFO Mem Realloc old size 0, new size 8 pointer 0x2ad8a40009c0
c197-082:23101:25869 [0] NCCL INFO Allocated 4194656 bytes of shared memory in /dev/shm/nccl-NIqvJo

c197-082:23104:25866 [3] NCCL INFO Pattern 4, crossNic 0, nChannels 1, bw 6.000000/6.000000, type PHB/SYS, sameChannels 1
c197-082:23104:25866 [3] NCCL INFO  0 : NET/0 GPU/2 GPU/3 NET/0
c197-082:23104:25866 [3] NCCL INFO Pattern 1, crossNic 0, nChannels 1, bw 6.000000/6.000000, type PHB/SYS, sameChannels 1
c197-082:23104:25866 [3] NCCL INFO  0 : NET/0 GPU/2 GPU/3 NET/0
c197-082:23104:25866 [3] NCCL INFO Pattern 3, crossNic 0, nChannels 0, bw 0.000000/0.000000, type NVL/PIX, sameChannels 1
c197-082:23104:25866 [3] NCCL INFO Tree 0 : 2 -> 3 -> -1/-1/-1
c197-082:23104:25866 [3] NCCL INFO Tree 1 : 2 -> 3 -> 4/-1/-1
c197-082:23104:25866 [3] NCCL INFO Ring 00 : 2 -> 3 -> 4
c197-082:23104:25866 [3] NCCL INFO Ring 01 : 2 -> 3 -> 4
c197-082:23104:25866 [3] NCCL INFO Trees [0] -1/-1/-1->3->2 [1] 4/-1/-1->3->2
c197-082:23104:25866 [3] NCCL INFO misc/utils.cc:235 memory stack hunk malloc(65536)
c197-082:23103:25868 [2] NCCL INFO Tree 0 : 5 -> 2 -> 3/-1/-1
c197-082:23103:25868 [2] NCCL INFO Tree 1 : 6 -> 2 -> 3/0/-1
c197-082:23103:25868 [2] NCCL INFO Ring 00 : 1 -> 2 -> 3
c197-082:23103:25868 [2] NCCL INFO Ring 01 : 1 -> 2 -> 3
c197-082:23103:25868 [2] NCCL INFO Trees [0] 3/-1/-1->2->5 [1] 3/0/-1->2->6
c197-082:23103:25868 [2] NCCL INFO misc/utils.cc:235 memory stack hunk malloc(65536)
c197-082:23104:25866 [3] NCCL INFO channel.cc:23 Cuda Alloc Size 3456 pointer 0x2b0eb3c4a200
c197-082:23103:25868 [2] NCCL INFO channel.cc:23 Cuda Alloc Size 3456 pointer 0x2b7e6fc4cc00
c197-082:23103:25868 [2] NCCL INFO channel.cc:27 Cuda Alloc Size 32 pointer 0x2b7e6fc4da00
c197-082:23104:25866 [3] NCCL INFO channel.cc:27 Cuda Alloc Size 32 pointer 0x2b0eb3c4b000
c197-082:23104:25866 [3] NCCL INFO channel.cc:23 Cuda Alloc Size 3456 pointer 0x2b0eb3c4b200
c197-082:23103:25868 [2] NCCL INFO channel.cc:23 Cuda Alloc Size 3456 pointer 0x2b7e6fc4dc00
c197-082:23104:25866 [3] NCCL INFO channel.cc:27 Cuda Alloc Size 32 pointer 0x2b0eb3c4c000
c197-082:23103:25868 [2] NCCL INFO channel.cc:27 Cuda Alloc Size 32 pointer 0x2b7e6fc4ea00
c197-082:23104:25866 [3] NCCL INFO Allocated 9637888 bytes of shared memory in /dev/shm/nccl-7duoZS

c197-082:23101:25869 [0] NCCL INFO New proxy recv connection 0 from local rank 0, transport 2
c197-082:23101:25865 [0] NCCL INFO Connection to proxy localRank 0 -> connection 0x2ad8a4002010
c197-082:23101:25865 [0] NCCL INFO Channel 00/0 : 1[3000] -> 2[2000] [receive] via NET/IB/0
c197-082:23101:25869 [0] NCCL INFO New proxy recv connection 1 from local rank 0, transport 2
c197-082:23103:25870 [2] NCCL INFO Mem Realloc old size 0, new size 8 pointer 0x2b7f500009c0
c197-082:23103:25870 [2] NCCL INFO Allocated 4194656 bytes of shared memory in /dev/shm/nccl-vraFRh

c197-082:23102:25867 [1] NCCL INFO Allocated 9637888 bytes of shared memory in /dev/shm/nccl-vQJUcq

c197-082:23103:25870 [2] NCCL INFO New proxy recv connection 0 from local rank 0, transport 2
c197-082:23103:25868 [2] NCCL INFO Connection to proxy localRank 0 -> connection 0x2b7f50002010
c197-082:23103:25868 [2] NCCL INFO Channel 00/0 : 1[83000] -> 2[82000] [receive] via NET/IB/0
c197-082:23103:25870 [2] NCCL INFO New proxy recv connection 1 from local rank 0, transport 2
c197-082:23104:25866 [3] NCCL INFO Allocated 9637888 bytes of shared memory in /dev/shm/nccl-YXUSWC

c197-082:23102:25871 [1] NCCL INFO Mem Realloc old size 0, new size 8 pointer 0x2b0d1c0009c0
c197-082:23102:25871 [1] NCCL INFO Allocated 4194656 bytes of shared memory in /dev/shm/nccl-ADI7aa

c197-082:23102:25871 [1] NCCL INFO New proxy send connection 0 from local rank 1, transport 2
c197-082:23102:25867 [1] NCCL INFO Connection to proxy localRank 1 -> connection 0x2b0d1c002010
c197-082:23102:25867 [1] NCCL INFO Channel 00/0 : 3[3000] -> 4[2000] [send] via NET/IB/0
c197-082:23102:25871 [1] NCCL INFO New proxy send connection 1 from local rank 1, transport 2
c197-082:23104:25872 [3] NCCL INFO Mem Realloc old size 0, new size 8 pointer 0x2b0f640009c0
c197-082:23104:25872 [3] NCCL INFO Allocated 4194656 bytes of shared memory in /dev/shm/nccl-WN6gWm

c197-082:23104:25872 [3] NCCL INFO New proxy send connection 0 from local rank 1, transport 2
c197-082:23104:25866 [3] NCCL INFO Connection to proxy localRank 1 -> connection 0x2b0f64002010
c197-082:23104:25866 [3] NCCL INFO Channel 00/0 : 3[83000] -> 4[82000] [send] via NET/IB/0
c197-082:23104:25872 [3] NCCL INFO New proxy send connection 1 from local rank 1, transport 2
c197-082:23101:25865 [0] NCCL INFO Connection to proxy localRank 0 -> connection 0x2ad8a4002050
c197-082:23101:25865 [0] NCCL INFO Channel 01/0 : 1[3000] -> 2[2000] [receive] via NET/IB/0
c197-082:23101:25865 [0] NCCL INFO Allocated 4096 bytes of shared memory in /dev/shm/nccl-LCyfL8

c197-082:23101:25865 [0] NCCL INFO Channel 00 : 2[2000] -> 3[3000] via SHM/direct/direct
c197-082:23101:25865 [0] NCCL INFO Allocated 4096 bytes of shared memory in /dev/shm/nccl-F9D2MS

c197-082:23101:25865 [0] NCCL INFO Channel 01 : 2[2000] -> 3[3000] via SHM/direct/direct
c197-082:23103:25868 [2] NCCL INFO Connection to proxy localRank 0 -> connection 0x2b7f50002050
c197-082:23103:25868 [2] NCCL INFO Channel 01/0 : 1[83000] -> 2[82000] [receive] via NET/IB/0
c197-082:23103:25868 [2] NCCL INFO Allocated 4096 bytes of shared memory in /dev/shm/nccl-HEtYT1

c197-082:23103:25868 [2] NCCL INFO Channel 00 : 2[82000] -> 3[83000] via SHM/direct/direct
c197-082:23103:25868 [2] NCCL INFO Allocated 4096 bytes of shared memory in /dev/shm/nccl-PXInWL

c197-082:23103:25868 [2] NCCL INFO Channel 01 : 2[82000] -> 3[83000] via SHM/direct/direct
c197-082:23102:25867 [1] NCCL INFO Connection to proxy localRank 1 -> connection 0x2b0d1c002050
c197-082:23102:25867 [1] NCCL INFO Channel 01/0 : 3[3000] -> 4[2000] [send] via NET/IB/0
c197-082:23102:25871 [1] NCCL INFO transport/net_ib.cc:596 Ib Alloc Size 26560 pointer 0x2b0d1c014000
c197-082:23102:25871 [1] NCCL INFO NET/IB: Dev 0 Port 1 qpn 99671 mtu 5 LID 29
c197-082:23102:25871 [1] NCCL INFO transport/net_ib.cc:653 Ib Alloc Size 552 pointer 0x2b0d1c01c000
c197-082:23101:25869 [0] NCCL INFO transport/net_ib.cc:683 Ib Alloc Size 21688 pointer 0x2ad8a4014000
c197-082:23101:25869 [0] NCCL INFO transport/net_ib.cc:696 Ib Alloc Size 552 pointer 0x2ad8a401b000
c197-082:23101:25869 [0] NCCL INFO transport/net_ib.cc:771 Ib Alloc Size 552 pointer 0x2ad8a401d000
c197-082:23104:25866 [3] NCCL INFO Connection to proxy localRank 1 -> connection 0x2b0f64002050
c197-082:23104:25866 [3] NCCL INFO Channel 01/0 : 3[83000] -> 4[82000] [send] via NET/IB/0
c197-082:23102:25871 [1] NCCL INFO transport/net.cc:571 Cuda Host Alloc Size 9641984 pointer 0x2b0cfd600000
c197-082:23104:25872 [3] NCCL INFO transport/net_ib.cc:596 Ib Alloc Size 26560 pointer 0x2b0f64014000
c197-082:23102:25871 [1] NCCL INFO transport/net_ib.cc:596 Ib Alloc Size 26560 pointer 0x2b0d1c01d000
c197-082:23104:25872 [3] NCCL INFO NET/IB: Dev 0 Port 1 qpn 99673 mtu 5 LID 29
c197-082:23104:25872 [3] NCCL INFO transport/net_ib.cc:653 Ib Alloc Size 552 pointer 0x2b0f6401c000
c197-082:23102:25871 [1] NCCL INFO NET/IB: Dev 0 Port 1 qpn 99674 mtu 5 LID 29
c197-082:23102:25871 [1] NCCL INFO transport/net_ib.cc:653 Ib Alloc Size 552 pointer 0x2b0d1c025000
c197-082:23101:25869 [0] NCCL INFO transport/net.cc:698 Cuda Host Alloc Size 9641984 pointer 0x2ad89d000000
c197-082:23101:25869 [0] NCCL INFO transport/net_ib.cc:683 Ib Alloc Size 21688 pointer 0x2ad8a401d000
c197-082:23101:25869 [0] NCCL INFO transport/net_ib.cc:696 Ib Alloc Size 552 pointer 0x2ad8a4024000
c197-082:23101:25869 [0] NCCL INFO transport/net_ib.cc:771 Ib Alloc Size 552 pointer 0x2ad8a4024000
c197-082:23103:25870 [2] NCCL INFO transport/net_ib.cc:683 Ib Alloc Size 21688 pointer 0x2b7f50014000
c197-082:23103:25870 [2] NCCL INFO transport/net_ib.cc:696 Ib Alloc Size 552 pointer 0x2b7f5001b000
c197-082:23103:25870 [2] NCCL INFO transport/net_ib.cc:771 Ib Alloc Size 552 pointer 0x2b7f5001d000
c197-082:23104:25872 [3] NCCL INFO transport/net.cc:571 Cuda Host Alloc Size 9641984 pointer 0x2b0f45600000
c197-082:23104:25872 [3] NCCL INFO transport/net_ib.cc:596 Ib Alloc Size 26560 pointer 0x2b0f6401d000
c197-082:23104:25872 [3] NCCL INFO NET/IB: Dev 0 Port 1 qpn 99677 mtu 5 LID 29
c197-082:23104:25872 [3] NCCL INFO transport/net_ib.cc:653 Ib Alloc Size 552 pointer 0x2b0f64025000
c197-082:23102:25871 [1] NCCL INFO transport/net.cc:571 Cuda Host Alloc Size 9641984 pointer 0x2b0c91400000
c197-082:23103:25870 [2] NCCL INFO transport/net.cc:698 Cuda Host Alloc Size 9641984 pointer 0x2b7f41000000
c197-082:23102:25867 [1] NCCL INFO Connected all rings
c197-082:23102:25871 [1] NCCL INFO New proxy recv connection 2 from local rank 1, transport 2
c197-082:23103:25870 [2] NCCL INFO transport/net_ib.cc:683 Ib Alloc Size 21688 pointer 0x2b7f5001d000
c197-082:23103:25870 [2] NCCL INFO transport/net_ib.cc:696 Ib Alloc Size 552 pointer 0x2b7f50024000
c197-082:23101:25869 [0] NCCL INFO transport/net.cc:698 Cuda Host Alloc Size 9641984 pointer 0x2ad847600000
c197-082:23103:25870 [2] NCCL INFO transport/net_ib.cc:771 Ib Alloc Size 552 pointer 0x2b7f50024000
c197-082:23101:25865 [0] NCCL INFO Connected all rings
c197-082:23101:25869 [0] NCCL INFO New proxy recv connection 2 from local rank 0, transport 2
c197-082:23104:25872 [3] NCCL INFO transport/net.cc:571 Cuda Host Alloc Size 9641984 pointer 0x2b0ed7400000
c197-082:23104:25866 [3] NCCL INFO Connected all rings
c197-082:23104:25872 [3] NCCL INFO New proxy recv connection 2 from local rank 1, transport 2
c197-082:23103:25870 [2] NCCL INFO transport/net.cc:698 Cuda Host Alloc Size 9641984 pointer 0x2b7f58000000
c197-082:23103:25870 [2] NCCL INFO Mem Realloc old size 768, new size 1536 pointer 0x2b7f5001b160
c197-082:23103:25868 [2] NCCL INFO Connected all rings
c197-082:23103:25870 [2] NCCL INFO New proxy recv connection 2 from local rank 0, transport 2
c197-082:23102:25867 [1] NCCL INFO Connection to proxy localRank 1 -> connection 0x2b0d1c002090
c197-082:23102:25867 [1] NCCL INFO Channel 01/0 : 4[2000] -> 3[3000] [receive] via NET/IB/0
c197-082:23102:25867 [1] NCCL INFO Allocated 4096 bytes of shared memory in /dev/shm/nccl-eME5nU

c197-082:23102:25867 [1] NCCL INFO Channel 00 : 3[3000] -> 2[2000] via SHM/direct/direct
c197-082:23102:25867 [1] NCCL INFO Allocated 4096 bytes of shared memory in /dev/shm/nccl-SEf5AE

c197-082:23102:25867 [1] NCCL INFO Channel 01 : 3[3000] -> 2[2000] via SHM/direct/direct
c197-082:23101:25865 [0] NCCL INFO Connection to proxy localRank 0 -> connection 0x2ad8a4002090
c197-082:23101:25865 [0] NCCL INFO Channel 01/0 : 0[2000] -> 2[2000] [receive] via NET/IB/0
c197-082:23101:25869 [0] NCCL INFO transport/net_ib.cc:683 Ib Alloc Size 21688 pointer 0x2ad8a4029000
c197-082:23101:25869 [0] NCCL INFO transport/net_ib.cc:696 Ib Alloc Size 552 pointer 0x2ad8a4030000
c197-082:23104:25866 [3] NCCL INFO Connection to proxy localRank 1 -> connection 0x2b0f64002090
c197-082:23104:25866 [3] NCCL INFO Channel 01/0 : 4[82000] -> 3[83000] [receive] via NET/IB/0
c197-082:23104:25866 [3] NCCL INFO Allocated 4096 bytes of shared memory in /dev/shm/nccl-2G7B96

c197-082:23104:25866 [3] NCCL INFO Channel 00 : 3[83000] -> 2[82000] via SHM/direct/direct
c197-082:23104:25866 [3] NCCL INFO Allocated 4096 bytes of shared memory in /dev/shm/nccl-dSOYmR

c197-082:23104:25866 [3] NCCL INFO Channel 01 : 3[83000] -> 2[82000] via SHM/direct/direct
c197-082:23101:25869 [0] NCCL INFO transport/net_ib.cc:771 Ib Alloc Size 552 pointer 0x2ad8a4030000
c197-082:23103:25868 [2] NCCL INFO Connection to proxy localRank 0 -> connection 0x2b7f50002090
c197-082:23103:25868 [2] NCCL INFO Channel 01/0 : 0[82000] -> 2[82000] [receive] via NET/IB/0
c197-082:23103:25870 [2] NCCL INFO transport/net_ib.cc:683 Ib Alloc Size 21688 pointer 0x2b7f50029000
c197-082:23103:25870 [2] NCCL INFO transport/net_ib.cc:696 Ib Alloc Size 552 pointer 0x2b7f50030000
c197-082:23101:25869 [0] NCCL INFO transport/net.cc:698 Cuda Host Alloc Size 9641984 pointer 0x2ad8ac000000
c197-082:23103:25870 [2] NCCL INFO transport/net_ib.cc:771 Ib Alloc Size 552 pointer 0x2b7f50030000
c197-082:23101:25869 [0] NCCL INFO New proxy send connection 3 from local rank 0, transport 2
c197-082:23103:25870 [2] NCCL INFO transport/net.cc:698 Cuda Host Alloc Size 9641984 pointer 0x2b7f58a00000
c197-082:23103:25870 [2] NCCL INFO New proxy send connection 3 from local rank 0, transport 2
c197-082:23101:25865 [0] NCCL INFO Connection to proxy localRank 0 -> connection 0x2ad8a40020d0
c197-082:23101:25865 [0] NCCL INFO Channel 00/0 : 2[2000] -> 5[3000] [send] via NET/IB/0
c197-082:23101:25869 [0] NCCL INFO transport/net_ib.cc:596 Ib Alloc Size 26560 pointer 0x2ad8a403b000
c197-082:23101:25869 [0] NCCL INFO NET/IB: Dev 0 Port 1 qpn 99681 mtu 5 LID 29
c197-082:23101:25869 [0] NCCL INFO transport/net_ib.cc:653 Ib Alloc Size 552 pointer 0x2ad8a400f000
c197-082:23103:25868 [2] NCCL INFO Connection to proxy localRank 0 -> connection 0x2b7f500020d0
c197-082:23103:25868 [2] NCCL INFO Channel 00/0 : 2[82000] -> 5[83000] [send] via NET/IB/0
c197-082:23103:25870 [2] NCCL INFO transport/net_ib.cc:596 Ib Alloc Size 26560 pointer 0x2b7f5003b000
c197-082:23101:25869 [0] NCCL INFO transport/net.cc:571 Cuda Host Alloc Size 9641984 pointer 0x2ad8aca00000
c197-082:23101:25869 [0] NCCL INFO Mem Realloc old size 1536, new size 3072 pointer 0x2ad8a400f340
c197-082:23101:25869 [0] NCCL INFO New proxy recv connection 4 from local rank 0, transport 2
c197-082:23103:25870 [2] NCCL INFO NET/IB: Dev 0 Port 1 qpn 99682 mtu 5 LID 29
c197-082:23103:25870 [2] NCCL INFO transport/net_ib.cc:653 Ib Alloc Size 552 pointer 0x2b7f5000f000
c197-082:23103:25870 [2] NCCL INFO transport/net.cc:571 Cuda Host Alloc Size 9641984 pointer 0x2b7f59400000
c197-082:23103:25870 [2] NCCL INFO New proxy recv connection 4 from local rank 0, transport 2
c197-082:23101:25865 [0] NCCL INFO Connection to proxy localRank 0 -> connection 0x2ad8a4002110
c197-082:23101:25865 [0] NCCL INFO Channel 01/0 : 6[2000] -> 2[2000] [receive] via NET/IB/0
c197-082:23101:25869 [0] NCCL INFO New proxy send connection 5 from local rank 0, transport 2
c197-082:23103:25868 [2] NCCL INFO Connection to proxy localRank 0 -> connection 0x2b7f50002110
c197-082:23103:25868 [2] NCCL INFO Channel 01/0 : 6[82000] -> 2[82000] [receive] via NET/IB/0
c197-082:23103:25870 [2] NCCL INFO New proxy send connection 5 from local rank 0, transport 2
c197-082:23101:25865 [0] NCCL INFO Connection to proxy localRank 0 -> connection 0x2ad8a4002150
c197-082:23101:25865 [0] NCCL INFO Channel 01/0 : 2[2000] -> 6[2000] [send] via NET/IB/0
c197-082:23101:25869 [0] NCCL INFO transport/net_ib.cc:596 Ib Alloc Size 26560 pointer 0x2ad8a404d000
c197-082:23101:25869 [0] NCCL INFO NET/IB: Dev 0 Port 1 qpn 99683 mtu 5 LID 29
c197-082:23101:25869 [0] NCCL INFO transport/net_ib.cc:653 Ib Alloc Size 552 pointer 0x2ad8a4011000
c197-082:23103:25868 [2] NCCL INFO Connection to proxy localRank 0 -> connection 0x2b7f50002150
c197-082:23103:25868 [2] NCCL INFO Channel 01/0 : 2[82000] -> 6[82000] [send] via NET/IB/0
c197-082:23103:25870 [2] NCCL INFO transport/net_ib.cc:596 Ib Alloc Size 26560 pointer 0x2b7f5004d000
c197-082:23103:25870 [2] NCCL INFO NET/IB: Dev 0 Port 1 qpn 99684 mtu 5 LID 29
c197-082:23103:25870 [2] NCCL INFO transport/net_ib.cc:653 Ib Alloc Size 552 pointer 0x2b7f50010000
c197-082:23101:25869 [0] NCCL INFO transport/net.cc:571 Cuda Host Alloc Size 9641984 pointer 0x2ad8ad400000
c197-082:23101:25869 [0] NCCL INFO transport/net_ib.cc:683 Ib Alloc Size 21688 pointer 0x2ad8a4055000
c197-082:23101:25869 [0] NCCL INFO transport/net_ib.cc:696 Ib Alloc Size 552 pointer 0x2ad8a4012000
c197-082:23101:25869 [0] NCCL INFO transport/net_ib.cc:771 Ib Alloc Size 552 pointer 0x2ad8a405c000
c197-082:23103:25870 [2] NCCL INFO transport/net.cc:571 Cuda Host Alloc Size 9641984 pointer 0x2b7f5a000000
c197-082:23103:25870 [2] NCCL INFO transport/net_ib.cc:683 Ib Alloc Size 21688 pointer 0x2b7f50055000
c197-082:23103:25870 [2] NCCL INFO transport/net_ib.cc:696 Ib Alloc Size 552 pointer 0x2b7f50011000
c197-082:23103:25870 [2] NCCL INFO transport/net_ib.cc:771 Ib Alloc Size 552 pointer 0x2b7f50011000
c197-082:23101:25869 [0] NCCL INFO transport/net.cc:698 Cuda Host Alloc Size 9641984 pointer 0x2ad8ae000000
c197-082:23101:25869 [0] NCCL INFO New proxy recv connection 6 from local rank 0, transport 2
c197-082:23103:25870 [2] NCCL INFO transport/net.cc:698 Cuda Host Alloc Size 9641984 pointer 0x2b7f5aa00000
c197-082:23103:25870 [2] NCCL INFO New proxy recv connection 6 from local rank 0, transport 2
c197-082:23101:25865 [0] NCCL INFO Connection to proxy localRank 0 -> connection 0x2ad8a4002190
c197-082:23101:25865 [0] NCCL INFO Channel 00/0 : 5[3000] -> 2[2000] [receive] via NET/IB/0
c197-082:23101:25869 [0] NCCL INFO transport/net_ib.cc:683 Ib Alloc Size 21688 pointer 0x2ad8a4063000
c197-082:23101:25869 [0] NCCL INFO transport/net_ib.cc:696 Ib Alloc Size 552 pointer 0x2ad8a406a000
c197-082:23103:25868 [2] NCCL INFO Connection to proxy localRank 0 -> connection 0x2b7f50002190
c197-082:23101:25869 [0] NCCL INFO transport/net_ib.cc:771 Ib Alloc Size 552 pointer 0x2ad8a406a000
c197-082:23103:25868 [2] NCCL INFO Channel 00/0 : 5[83000] -> 2[82000] [receive] via NET/IB/0
c197-082:23103:25870 [2] NCCL INFO transport/net_ib.cc:683 Ib Alloc Size 21688 pointer 0x2b7f50061000
c197-082:23103:25870 [2] NCCL INFO transport/net_ib.cc:696 Ib Alloc Size 552 pointer 0x2b7f50068000
c197-082:23103:25870 [2] NCCL INFO transport/net_ib.cc:771 Ib Alloc Size 552 pointer 0x2b7f50068000
c197-082:23101:25869 [0] NCCL INFO transport/net.cc:698 Cuda Host Alloc Size 9641984 pointer 0x2ad8aea00000
c197-082:23101:25869 [0] NCCL INFO New proxy send connection 7 from local rank 0, transport 2
c197-082:23103:25870 [2] NCCL INFO transport/net.cc:698 Cuda Host Alloc Size 9641984 pointer 0x2b7f5b400000
c197-082:23103:25870 [2] NCCL INFO New proxy send connection 7 from local rank 0, transport 2
c197-082:23101:25865 [0] NCCL INFO Connection to proxy localRank 0 -> connection 0x2ad8a40021d0
c197-082:23101:25865 [0] NCCL INFO Channel 01/0 : 2[2000] -> 0[2000] [send] via NET/IB/0
c197-082:23101:25869 [0] NCCL INFO transport/net_ib.cc:596 Ib Alloc Size 26560 pointer 0x2ad8a4071000
c197-082:23101:25869 [0] NCCL INFO NET/IB: Dev 0 Port 1 qpn 99689 mtu 5 LID 29
c197-082:23101:25869 [0] NCCL INFO transport/net_ib.cc:653 Ib Alloc Size 552 pointer 0x2ad8a4079000
c197-082:23103:25868 [2] NCCL INFO Connection to proxy localRank 0 -> connection 0x2b7f500021d0
c197-082:23103:25868 [2] NCCL INFO Channel 01/0 : 2[82000] -> 0[82000] [send] via NET/IB/0
c197-082:23103:25870 [2] NCCL INFO transport/net_ib.cc:596 Ib Alloc Size 26560 pointer 0x2b7f5006f000
c197-082:23103:25870 [2] NCCL INFO NET/IB: Dev 0 Port 1 qpn 99690 mtu 5 LID 29
c197-082:23103:25870 [2] NCCL INFO transport/net_ib.cc:653 Ib Alloc Size 552 pointer 0x2b7f50077000
c197-082:23101:25869 [0] NCCL INFO transport/net.cc:571 Cuda Host Alloc Size 9641984 pointer 0x2ad8af400000
c197-082:23101:25865 [0] NCCL INFO Allocated 9637888 bytes of shared memory in /dev/shm/nccl-ffm8yD

c197-082:23103:25870 [2] NCCL INFO transport/net.cc:571 Cuda Host Alloc Size 9641984 pointer 0x2b7f5c000000
c197-082:23103:25868 [2] NCCL INFO Allocated 9637888 bytes of shared memory in /dev/shm/nccl-lcAFIw

c197-082:23101:25865 [0] NCCL INFO Allocated 9637888 bytes of shared memory in /dev/shm/nccl-DtMdmo

c197-082:23103:25868 [2] NCCL INFO Allocated 9637888 bytes of shared memory in /dev/shm/nccl-pPwQvh

c197-082:23103:25868 [2] NCCL INFO Connected all trees
c197-082:23103:25868 [2] NCCL INFO threadThresholds 8/8/64 | 64/8/64 | 512 | 512
c197-082:23103:25868 [2] NCCL INFO 2 coll channels, 2 p2p channels, 2 p2p channels per peer
c197-082:23103:25870 [2] NCCL INFO New proxy send connection 8 from local rank 0, transport 2
c197-082:23101:25865 [0] NCCL INFO Connected all trees
c197-082:23101:25865 [0] NCCL INFO threadThresholds 8/8/64 | 64/8/64 | 512 | 512
c197-082:23101:25865 [0] NCCL INFO 2 coll channels, 2 p2p channels, 2 p2p channels per peer
c197-082:23101:25869 [0] NCCL INFO New proxy send connection 8 from local rank 0, transport 2
c197-082:23104:25872 [3] NCCL INFO transport/net_ib.cc:683 Ib Alloc Size 21688 pointer 0x2b0f6402c000
c197-082:23104:25872 [3] NCCL INFO transport/net_ib.cc:696 Ib Alloc Size 552 pointer 0x2b0f64033000
c197-082:23104:25872 [3] NCCL INFO transport/net_ib.cc:771 Ib Alloc Size 552 pointer 0x2b0f64035000
c197-082:23102:25871 [1] NCCL INFO transport/net_ib.cc:683 Ib Alloc Size 21688 pointer 0x2b0d1c02c000
c197-082:23102:25871 [1] NCCL INFO transport/net_ib.cc:696 Ib Alloc Size 552 pointer 0x2b0d1c033000
c197-082:23102:25871 [1] NCCL INFO transport/net_ib.cc:771 Ib Alloc Size 552 pointer 0x2b0d1c035000
c197-082:23104:25872 [3] NCCL INFO transport/net.cc:698 Cuda Host Alloc Size 9641984 pointer 0x2b0ed5400000
c197-082:23104:25866 [3] NCCL INFO Connected all trees
c197-082:23104:25866 [3] NCCL INFO threadThresholds 8/8/64 | 64/8/64 | 512 | 512
c197-082:23104:25866 [3] NCCL INFO 2 coll channels, 2 p2p channels, 2 p2p channels per peer
c197-082:23104:25872 [3] NCCL INFO New proxy send connection 3 from local rank 1, transport 2
c197-082:23102:25871 [1] NCCL INFO transport/net.cc:698 Cuda Host Alloc Size 9641984 pointer 0x2b0c8b400000
c197-082:23102:25867 [1] NCCL INFO Connected all trees
c197-082:23102:25867 [1] NCCL INFO threadThresholds 8/8/64 | 64/8/64 | 512 | 512
c197-082:23102:25867 [1] NCCL INFO 2 coll channels, 2 p2p channels, 2 p2p channels per peer
c197-082:23102:25871 [1] NCCL INFO New proxy send connection 3 from local rank 1, transport 2
c197-082:23103:25868 [2] NCCL INFO Connection to proxy localRank 0 -> connection 0x2b7f50002210
c197-082:23103:25870 [2] NCCL INFO transport/net.cc:376 Cuda Alloc Size 4194304 pointer 0x2b7f5ca00000
c197-082:23101:25865 [0] NCCL INFO Connection to proxy localRank 0 -> connection 0x2ad8a4002210
c197-082:23101:25869 [0] NCCL INFO transport/net.cc:376 Cuda Alloc Size 4194304 pointer 0x2ad89da00000
c197-082:23104:25866 [3] NCCL INFO Connection to proxy localRank 1 -> connection 0x2b0f640020d0
c197-082:23103:25868 [2] NCCL INFO init.cc:367 Cuda Alloc Size 5168 pointer 0x2b7e6fc4ec00
c197-082:23104:25866 [3] NCCL INFO init.cc:367 Cuda Alloc Size 5168 pointer 0x2b0eb3c4c200
c197-082:23104:25872 [3] NCCL INFO transport/net.cc:376 Cuda Alloc Size 4194304 pointer 0x2b0ef9c00000
c197-082:23102:25867 [1] NCCL INFO Connection to proxy localRank 1 -> connection 0x2b0d1c0020d0
c197-082:23101:25865 [0] NCCL INFO init.cc:367 Cuda Alloc Size 5168 pointer 0x2ad7bfc4ec00
c197-082:23102:25871 [1] NCCL INFO transport/net.cc:376 Cuda Alloc Size 4194304 pointer 0x2b0cb1c00000
c197-082:23102:25867 [1] NCCL INFO init.cc:367 Cuda Alloc Size 5168 pointer 0x2b0c67c4c200
c197-082:23103:25868 [2] NCCL INFO init.cc:392 Cuda Host Alloc Size 33554432 pointer 0x2b7f5e000000
c197-082:23103:25868 [2] NCCL INFO init.cc:398 Cuda Host Alloc Size 128 pointer 0x2b7e6f353200
c197-082:23103:25868 [2] NCCL INFO comm 0x13728440 rank 2 nranks 8 cudaDev 2 busId 82000 - Init COMPLETE
c197-082:23104:25866 [3] NCCL INFO init.cc:392 Cuda Host Alloc Size 33554432 pointer 0x2b0f6c000000
c197-082:23104:25866 [3] NCCL INFO init.cc:398 Cuda Host Alloc Size 128 pointer 0x2b0eb3210e00
c197-082:23104:25866 [3] NCCL INFO comm 0x143cfdd0 rank 3 nranks 8 cudaDev 3 busId 83000 - Init COMPLETE
c197-082:23103:23103 [2] NCCL INFO AllReduce: opCount 0 sendbuff 0x2b7e64d1ce00 recvbuff 0x2b7e64d1ce00 count 1 datatype 7 op 2 root 0 comm 0x13728440 [nranks=8] stream 0x9718730
c197-082:23103:23103 [2] NCCL INFO misc/utils.cc:235 memory stack hunk malloc(65536)
c197-082:23104:23104 [3] NCCL INFO AllReduce: opCount 0 sendbuff 0x2b0ea8d1ce00 recvbuff 0x2b0ea8d1ce00 count 1 datatype 7 op 2 root 0 comm 0x143cfdd0 [nranks=8] stream 0x9e35aa0
c197-082:23104:23104 [3] NCCL INFO misc/utils.cc:235 memory stack hunk malloc(65536)
c197-082:23104:23104 [3] NCCL INFO Recv: opCount d sendbuff (nil) recvbuff 0x2b0edb000000 count 2097152 datatype 6 op 0 root 3 comm 0xcb34fd0 [nranks=16] stream 0xae98ca0
c197-082:23103:23103 [2] NCCL INFO Recv: opCount d sendbuff (nil) recvbuff 0x2b7e99000000 count 2097152 datatype 6 op 0 root 2 comm 0xbde1070 [nranks=16] stream 0x7f676b0
c197-082:23101:25865 [0] NCCL INFO init.cc:392 Cuda Host Alloc Size 33554432 pointer 0x2ad8b0000000
c197-082:23101:25865 [0] NCCL INFO init.cc:398 Cuda Host Alloc Size 128 pointer 0x2ad7bf353200
c197-082:23101:25865 [0] NCCL INFO comm 0x12b2a420 rank 2 nranks 8 cudaDev 0 busId 2000 - Init COMPLETE
c197-082:23102:25867 [1] NCCL INFO init.cc:392 Cuda Host Alloc Size 33554432 pointer 0x2b0d24000000
c197-082:23102:25867 [1] NCCL INFO init.cc:398 Cuda Host Alloc Size 128 pointer 0x2b0c67210e00
c197-082:23102:25867 [1] NCCL INFO comm 0x12f3d9d0 rank 3 nranks 8 cudaDev 1 busId 3000 - Init COMPLETE
c197-082:23101:23101 [0] NCCL INFO AllReduce: opCount 0 sendbuff 0x2ad7b4d1ce00 recvbuff 0x2ad7b4d1ce00 count 1 datatype 7 op 2 root 0 comm 0x12b2a420 [nranks=8] stream 0x8b1b6b0
c197-082:23102:23102 [1] NCCL INFO AllReduce: opCount 0 sendbuff 0x2b0c5cd1ce00 recvbuff 0x2b0c5cd1ce00 count 1 datatype 7 op 2 root 0 comm 0x12f3d9d0 [nranks=8] stream 0x89a46d0
c197-082:23101:23101 [0] NCCL INFO misc/utils.cc:235 memory stack hunk malloc(65536)
c197-082:23102:23102 [1] NCCL INFO misc/utils.cc:235 memory stack hunk malloc(65536)
c197-082:23102:23102 [1] NCCL INFO Recv: opCount d sendbuff (nil) recvbuff 0x2b0c95000000 count 2097152 datatype 6 op 0 root 1 comm 0xb6a3c00 [nranks=16] stream 0x9a078d0
c197-082:23101:23101 [0] NCCL INFO Recv: opCount d sendbuff (nil) recvbuff 0x2ad7eb000000 count 2097152 datatype 6 op 0 root 0 comm 0xb1e3ff0 [nranks=16] stream 0x736a6b0
c197-082:23104:23104 [3] NCCL INFO AllGather: opCount 1d sendbuff 0x2b0edb000000 recvbuff 0x2b0f30800000 count 4194304 datatype 0 op 0 root 0 comm 0xfb64ad0 [nranks=2] stream 0xbcbc400
c197-082:23103:23103 [2] NCCL INFO AllGather: opCount 1d sendbuff 0x2b7e99000000 recvbuff 0x2b7f2b800000 count 4194304 datatype 0 op 0 root 0 comm 0xfbdd1a0 [nranks=2] stream 0xb5f1610
c197-082:23104:23104 [3] NCCL INFO Broadcast: opCount 1e sendbuff 0x2b0ea8c00400 recvbuff 0x2b0ea8c00400 count 240 datatype 0 op 0 root 0 comm 0xfb64ad0 [nranks=2] stream 0xbcbc400
c197-082:23103:23103 [2] NCCL INFO Broadcast: opCount 1e sendbuff 0x2b7e64c00400 recvbuff 0x2b7e64c00400 count 240 datatype 0 op 0 root 0 comm 0xfbdd1a0 [nranks=2] stream 0xb5f1610
c197-082:23104:23104 [3] NCCL INFO Broadcast: opCount 1f sendbuff 0x2b0ea8d57e00 recvbuff 0x2b0ea8d57e00 count 163904 datatype 0 op 0 root 0 comm 0xfb64ad0 [nranks=2] stream 0xbcbc400
c197-082:23103:23103 [2] NCCL INFO Broadcast: opCount 1f sendbuff 0x2b7e64d57e00 recvbuff 0x2b7e64d57e00 count 163904 datatype 0 op 0 root 0 comm 0xfbdd1a0 [nranks=2] stream 0xb5f1610
c197-082:23104:23104 [3] NCCL INFO AllReduce: opCount 20 sendbuff 0x2b0ef8820000 recvbuff 0x2b0ef8820000 count 4194304 datatype 6 op 0 root 0 comm 0xfb64ad0 [nranks=2] stream 0xbcbc400
c197-082:23104:23104 [3] NCCL INFO AllReduce: opCount 21 sendbuff 0x2b0f04000000 recvbuff 0x2b0f04000000 count 4194304 datatype 6 op 0 root 0 comm 0xfb64ad0 [nranks=2] stream 0xbcbc400
c197-082:23103:23103 [2] NCCL INFO AllReduce: opCount 20 sendbuff 0x2b7ef3020000 recvbuff 0x2b7ef3020000 count 4194304 datatype 6 op 0 root 0 comm 0xfbdd1a0 [nranks=2] stream 0xb5f1610
c197-082:23104:23104 [3] NCCL INFO AllReduce: opCount 22 sendbuff 0x2b0f05800000 recvbuff 0x2b0f05800000 count 4194304 datatype 6 op 0 root 0 comm 0xfb64ad0 [nranks=2] stream 0xbcbc400
c197-082:23104:23104 [3] NCCL INFO AllReduce: opCount 23 sendbuff 0x2b0f11000000 recvbuff 0x2b0f11000000 count 4194304 datatype 6 op 0 root 0 comm 0xfb64ad0 [nranks=2] stream 0xbcbc400
c197-082:23103:23103 [2] NCCL INFO AllReduce: opCount 21 sendbuff 0x2b7eff000000 recvbuff 0x2b7eff000000 count 4194304 datatype 6 op 0 root 0 comm 0xfbdd1a0 [nranks=2] stream 0xb5f1610
c197-082:23103:23103 [2] NCCL INFO AllReduce: opCount 22 sendbuff 0x2b7f00800000 recvbuff 0x2b7f00800000 count 4194304 datatype 6 op 0 root 0 comm 0xfbdd1a0 [nranks=2] stream 0xb5f1610
c197-082:23104:23104 [3] NCCL INFO AllReduce: opCount 24 sendbuff 0x2b0f12800000 recvbuff 0x2b0f12800000 count 4194304 datatype 6 op 0 root 0 comm 0xfb64ad0 [nranks=2] stream 0xbcbc400
c197-082:23103:23103 [2] NCCL INFO AllReduce: opCount 23 sendbuff 0x2b7f05000000 recvbuff 0x2b7f05000000 count 4194304 datatype 6 op 0 root 0 comm 0xfbdd1a0 [nranks=2] stream 0xb5f1610
c197-082:23101:23101 [0] NCCL INFO AllGather: opCount 1d sendbuff 0x2ad7eb000000 recvbuff 0x2ad87f800000 count 4194304 datatype 0 op 0 root 0 comm 0xe2b2980 [nranks=2] stream 0xa9f4590
c197-082:23102:23102 [1] NCCL INFO AllGather: opCount 1d sendbuff 0x2b0c95000000 recvbuff 0x2b0ce8800000 count 4194304 datatype 0 op 0 root 0 comm 0xe6d2c30 [nranks=2] stream 0xa82b030
c197-082:23104:23104 [3] NCCL INFO AllReduce: opCount 25 sendbuff 0x2b0f1b000000 recvbuff 0x2b0f1b000000 count 4194304 datatype 6 op 0 root 0 comm 0xfb64ad0 [nranks=2] stream 0xbcbc400
c197-082:23102:23102 [1] NCCL INFO Broadcast: opCount 1e sendbuff 0x2b0c5cc00400 recvbuff 0x2b0c5cc00400 count 240 datatype 0 op 0 root 0 comm 0xe6d2c30 [nranks=2] stream 0xa82b030
c197-082:23103:23103 [2] NCCL INFO AllReduce: opCount 24 sendbuff 0x2b7f0c800000 recvbuff 0x2b7f0c800000 count 4194304 datatype 6 op 0 root 0 comm 0xfbdd1a0 [nranks=2] stream 0xb5f1610
c197-082:23104:23104 [3] NCCL INFO AllReduce: opCount 26 sendbuff 0x2b0f1f000000 recvbuff 0x2b0f1f000000 count 4194304 datatype 6 op 0 root 0 comm 0xfb64ad0 [nranks=2] stream 0xbcbc400
c197-082:23101:23101 [0] NCCL INFO Broadcast: opCount 1e sendbuff 0x2ad7b4c00400 recvbuff 0x2ad7b4c00400 count 240 datatype 0 op 0 root 0 comm 0xe2b2980 [nranks=2] stream 0xa9f4590
c197-082:23103:23103 [2] NCCL INFO AllReduce: opCount 25 sendbuff 0x2b7f16000000 recvbuff 0x2b7f16000000 count 4194304 datatype 6 op 0 root 0 comm 0xfbdd1a0 [nranks=2] stream 0xb5f1610
c197-082:23102:23102 [1] NCCL INFO Broadcast: opCount 1f sendbuff 0x2b0c5cd57e00 recvbuff 0x2b0c5cd57e00 count 163904 datatype 0 op 0 root 0 comm 0xe6d2c30 [nranks=2] stream 0xa82b030
c197-082:23101:23101 [0] NCCL INFO Broadcast: opCount 1f sendbuff 0x2ad7b4d57e00 recvbuff 0x2ad7b4d57e00 count 163904 datatype 0 op 0 root 0 comm 0xe2b2980 [nranks=2] stream 0xa9f4590
c197-082:23104:23104 [3] NCCL INFO AllReduce: opCount 27 sendbuff 0x2b0f26800000 recvbuff 0x2b0f26800000 count 4194304 datatype 6 op 0 root 0 comm 0xfb64ad0 [nranks=2] stream 0xbcbc400
c197-082:23103:23103 [2] NCCL INFO AllReduce: opCount 26 sendbuff 0x2b7f20000000 recvbuff 0x2b7f20000000 count 4194304 datatype 6 op 0 root 0 comm 0xfbdd1a0 [nranks=2] stream 0xb5f1610
c197-082:23103:23103 [2] NCCL INFO AllReduce: opCount 27 sendbuff 0x2b7f00800000 recvbuff 0x2b7f00800000 count 4194304 datatype 6 op 0 root 0 comm 0xfbdd1a0 [nranks=2] stream 0xb5f1610
c197-082:23104:23104 [3] NCCL INFO AllReduce: opCount 28 sendbuff 0x2b0f05800000 recvbuff 0x2b0f05800000 count 4194304 datatype 6 op 0 root 0 comm 0xfb64ad0 [nranks=2] stream 0xbcbc400
c197-082:23102:23102 [1] NCCL INFO AllReduce: opCount 20 sendbuff 0x2b0cb0820000 recvbuff 0x2b0cb0820000 count 4194304 datatype 6 op 0 root 0 comm 0xe6d2c30 [nranks=2] stream 0xa82b030
c197-082:23101:23101 [0] NCCL INFO AllReduce: opCount 20 sendbuff 0x2ad846820000 recvbuff 0x2ad846820000 count 4194304 datatype 6 op 0 root 0 comm 0xe2b2980 [nranks=2] stream 0xa9f4590
c197-082:23103:23103 [2] NCCL INFO AllReduce: opCount 28 sendbuff 0x2b7f28800000 recvbuff 0x2b7f28800000 count 4194304 datatype 6 op 0 root 0 comm 0xfbdd1a0 [nranks=2] stream 0xb5f1610
c197-082:23102:23102 [1] NCCL INFO AllReduce: opCount 21 sendbuff 0x2b0cbc000000 recvbuff 0x2b0cbc000000 count 4194304 datatype 6 op 0 root 0 comm 0xe6d2c30 [nranks=2] stream 0xa82b030
c197-082:23104:23104 [3] NCCL INFO AllReduce: opCount 29 sendbuff 0x2b0f3a000000 recvbuff 0x2b0f3a000000 count 4194304 datatype 6 op 0 root 0 comm 0xfb64ad0 [nranks=2] stream 0xbcbc400
c197-082:23101:23101 [0] NCCL INFO AllReduce: opCount 21 sendbuff 0x2ad853000000 recvbuff 0x2ad853000000 count 4194304 datatype 6 op 0 root 0 comm 0xe2b2980 [nranks=2] stream 0xa9f4590
c197-082:23103:23103 [2] NCCL INFO AllReduce: opCount 29 sendbuff 0x2b7f2f000000 recvbuff 0x2b7f2f000000 count 4194304 datatype 6 op 0 root 0 comm 0xfbdd1a0 [nranks=2] stream 0xb5f1610
c197-082:23102:23102 [1] NCCL INFO AllReduce: opCount 22 sendbuff 0x2b0cbd800000 recvbuff 0x2b0cbd800000 count 4194304 datatype 6 op 0 root 0 comm 0xe6d2c30 [nranks=2] stream 0xa82b030
c197-082:23101:23101 [0] NCCL INFO AllReduce: opCount 22 sendbuff 0x2ad854800000 recvbuff 0x2ad854800000 count 4194304 datatype 6 op 0 root 0 comm 0xe2b2980 [nranks=2] stream 0xa9f4590
c197-082:23104:23104 [3] NCCL INFO AllReduce: opCount 2a sendbuff 0x2b0efc000000 recvbuff 0x2b0efc000000 count 4194304 datatype 6 op 0 root 0 comm 0xfb64ad0 [nranks=2] stream 0xbcbc400
c197-082:23102:23102 [1] NCCL INFO AllReduce: opCount 23 sendbuff 0x2b0cc9000000 recvbuff 0x2b0cc9000000 count 4194304 datatype 6 op 0 root 0 comm 0xe6d2c30 [nranks=2] stream 0xa82b030
c197-082:23103:23103 [2] NCCL INFO AllReduce: opCount 2a sendbuff 0x2b7ef8000000 recvbuff 0x2b7ef8000000 count 4194304 datatype 6 op 0 root 0 comm 0xfbdd1a0 [nranks=2] stream 0xb5f1610
c197-082:23101:23101 [0] NCCL INFO AllReduce: opCount 23 sendbuff 0x2ad860000000 recvbuff 0x2ad860000000 count 4194304 datatype 6 op 0 root 0 comm 0xe2b2980 [nranks=2] stream 0xa9f4590
c197-082:23102:23102 [1] NCCL INFO AllReduce: opCount 24 sendbuff 0x2b0cca800000 recvbuff 0x2b0cca800000 count 4194304 datatype 6 op 0 root 0 comm 0xe6d2c30 [nranks=2] stream 0xa82b030
c197-082:23101:23101 [0] NCCL INFO AllReduce: opCount 24 sendbuff 0x2ad853000000 recvbuff 0x2ad853000000 count 4194304 datatype 6 op 0 root 0 comm 0xe2b2980 [nranks=2] stream 0xa9f4590
c197-082:23102:23102 [1] NCCL INFO AllReduce: opCount 25 sendbuff 0x2b0cd3000000 recvbuff 0x2b0cd3000000 count 4194304 datatype 6 op 0 root 0 comm 0xe6d2c30 [nranks=2] stream 0xa82b030
c197-082:23101:23101 [0] NCCL INFO AllReduce: opCount 25 sendbuff 0x2ad86a000000 recvbuff 0x2ad86a000000 count 4194304 datatype 6 op 0 root 0 comm 0xe2b2980 [nranks=2] stream 0xa9f4590
c197-082:23102:23102 [1] NCCL INFO AllReduce: opCount 26 sendbuff 0x2b0cd7000000 recvbuff 0x2b0cd7000000 count 4194304 datatype 6 op 0 root 0 comm 0xe6d2c30 [nranks=2] stream 0xa82b030
c197-082:23103:23103 [2] NCCL INFO AllReduce: opCount 2b sendbuff 0x2b7ef9800000 recvbuff 0x2b7ef9800000 count 4194304 datatype 6 op 0 root 0 comm 0xfbdd1a0 [nranks=2] stream 0xb5f1610
c197-082:23104:23104 [3] NCCL INFO AllReduce: opCount 2b sendbuff 0x2b0efd800000 recvbuff 0x2b0efd800000 count 4194304 datatype 6 op 0 root 0 comm 0xfb64ad0 [nranks=2] stream 0xbcbc400
c197-082:23101:23101 [0] NCCL INFO AllReduce: opCount 26 sendbuff 0x2ad874000000 recvbuff 0x2ad874000000 count 4194304 datatype 6 op 0 root 0 comm 0xe2b2980 [nranks=2] stream 0xa9f4590
c197-082:23102:23102 [1] NCCL INFO AllReduce: opCount 27 sendbuff 0x2b0cde800000 recvbuff 0x2b0cde800000 count 4194304 datatype 6 op 0 root 0 comm 0xe6d2c30 [nranks=2] stream 0xa82b030
c197-082:23101:23101 [0] NCCL INFO AllReduce: opCount 27 sendbuff 0x2ad875800000 recvbuff 0x2ad875800000 count 4194304 datatype 6 op 0 root 0 comm 0xe2b2980 [nranks=2] stream 0xa9f4590
c197-082:23102:23102 [1] NCCL INFO AllReduce: opCount 28 sendbuff 0x2b0ce6800000 recvbuff 0x2b0ce6800000 count 4194304 datatype 6 op 0 root 0 comm 0xe6d2c30 [nranks=2] stream 0xa82b030
c197-082:23101:23101 [0] NCCL INFO AllReduce: opCount 28 sendbuff 0x2ad87d800000 recvbuff 0x2ad87d800000 count 4194304 datatype 6 op 0 root 0 comm 0xe2b2980 [nranks=2] stream 0xa9f4590
c197-082:23102:23102 [1] NCCL INFO AllReduce: opCount 29 sendbuff 0x2b0cf4000000 recvbuff 0x2b0cf4000000 count 4194304 datatype 6 op 0 root 0 comm 0xe6d2c30 [nranks=2] stream 0xa82b030
c197-082:23101:23101 [0] NCCL INFO AllReduce: opCount 29 sendbuff 0x2ad854800000 recvbuff 0x2ad854800000 count 4194304 datatype 6 op 0 root 0 comm 0xe2b2980 [nranks=2] stream 0xa9f4590
c197-082:23102:23102 [1] NCCL INFO AllReduce: opCount 2a sendbuff 0x2b0cc9000000 recvbuff 0x2b0cc9000000 count 4194304 datatype 6 op 0 root 0 comm 0xe6d2c30 [nranks=2] stream 0xa82b030
c197-082:23101:23101 [0] NCCL INFO AllReduce: opCount 2a sendbuff 0x2ad84c000000 recvbuff 0x2ad84c000000 count 4194304 datatype 6 op 0 root 0 comm 0xe2b2980 [nranks=2] stream 0xa9f4590
c197-082:23102:23102 [1] NCCL INFO AllReduce: opCount 2b sendbuff 0x2b0d26000000 recvbuff 0x2b0d26000000 count 4194304 datatype 6 op 0 root 0 comm 0xe6d2c30 [nranks=2] stream 0xa82b030
c197-082:23101:23101 [0] NCCL INFO AllReduce: opCount 2b sendbuff 0x2ad84d800000 recvbuff 0x2ad84d800000 count 4194304 datatype 6 op 0 root 0 comm 0xe2b2980 [nranks=2] stream 0xa9f4590
c197-082:23103:23103 [2] NCCL INFO Send: opCount e sendbuff (nil) recvbuff 0x2b7f0c800000 count 2097152 datatype 6 op 0 root 10 comm 0xbde1070 [nranks=16] stream 0x7f676b0
c197-082:23104:23104 [3] NCCL INFO Send: opCount e sendbuff (nil) recvbuff 0x2b0f12c00000 count 2097152 datatype 6 op 0 root 11 comm 0xcb34fd0 [nranks=16] stream 0xae98ca0
c197-082:23103:23103 [2] NCCL INFO Recv: opCount f sendbuff (nil) recvbuff 0x2b7f16400000 count 2097152 datatype 6 op 0 root 10 comm 0xbde1070 [nranks=16] stream 0x7f676b0
c197-082:23104:23104 [3] NCCL INFO Recv: opCount f sendbuff (nil) recvbuff 0x2b0f1b400000 count 2097152 datatype 6 op 0 root 11 comm 0xcb34fd0 [nranks=16] stream 0xae98ca0
c197-082:23101:23101 [0] NCCL INFO Send: opCount e sendbuff (nil) recvbuff 0x2ad8b2000000 count 2097152 datatype 6 op 0 root 8 comm 0xb1e3ff0 [nranks=16] stream 0x736a6b0
c197-082:23102:23102 [1] NCCL INFO Send: opCount e sendbuff (nil) recvbuff 0x2b0d26c00000 count 2097152 datatype 6 op 0 root 9 comm 0xb6a3c00 [nranks=16] stream 0x9a078d0
c197-082:23101:23101 [0] NCCL INFO Recv: opCount f sendbuff (nil) recvbuff 0x2ad8b2c00000 count 2097152 datatype 6 op 0 root 8 comm 0xb1e3ff0 [nranks=16] stream 0x736a6b0
c197-082:23102:23102 [1] NCCL INFO Recv: opCount f sendbuff (nil) recvbuff 0x2b0cf5c00000 count 2097152 datatype 6 op 0 root 9 comm 0xb6a3c00 [nranks=16] stream 0x9a078d0
c197-082:23102:23102 [1] NCCL INFO AllGather: opCount 2c sendbuff 0x2b0cf5c00000 recvbuff 0x2b0cc9000000 count 4194304 datatype 0 op 0 root 0 comm 0xe6d2c30 [nranks=2] stream 0xa82b030
c197-082:23101:23101 [0] NCCL INFO AllGather: opCount 2c sendbuff 0x2ad8b2c00000 recvbuff 0x2ad84c000000 count 4194304 datatype 0 op 0 root 0 comm 0xe2b2980 [nranks=2] stream 0xa9f4590
c197-082:23103:23103 [2] NCCL INFO AllGather: opCount 2c sendbuff 0x2b7f16400000 recvbuff 0x2b7ef8000000 count 4194304 datatype 0 op 0 root 0 comm 0xfbdd1a0 [nranks=2] stream 0xb5f1610
c197-082:23104:23104 [3] NCCL INFO AllGather: opCount 2c sendbuff 0x2b0f1b400000 recvbuff 0x2b0efc000000 count 4194304 datatype 0 op 0 root 0 comm 0xfb64ad0 [nranks=2] stream 0xbcbc400
c197-082:23102:25607 [1] NCCL INFO AllReduce: opCount 2d sendbuff 0x2b0cca800000 recvbuff 0x2b0cca800000 count 4194304 datatype 6 op 0 root 0 comm 0xe6d2c30 [nranks=2] stream 0xa82b030
c197-082:23101:25606 [0] NCCL INFO AllReduce: opCount 2d sendbuff 0x2ad84d800000 recvbuff 0x2ad84d800000 count 4194304 datatype 6 op 0 root 0 comm 0xe2b2980 [nranks=2] stream 0xa9f4590
c197-082:23103:25619 [2] NCCL INFO AllReduce: opCount 2d sendbuff 0x2b7ef9800000 recvbuff 0x2b7ef9800000 count 4194304 datatype 6 op 0 root 0 comm 0xfbdd1a0 [nranks=2] stream 0xb5f1610
c197-082:23104:25616 [3] NCCL INFO AllReduce: opCount 2d sendbuff 0x2b0efd800000 recvbuff 0x2b0efd800000 count 4194304 datatype 6 op 0 root 0 comm 0xfb64ad0 [nranks=2] stream 0xbcbc400
c197-082:23102:25607 [1] NCCL INFO AllReduce: opCount 2e sendbuff 0x2b0cbd800000 recvbuff 0x2b0cbd800000 count 4194304 datatype 6 op 0 root 0 comm 0xe6d2c30 [nranks=2] stream 0xa82b030
c197-082:23101:25606 [0] NCCL INFO AllReduce: opCount 2e sendbuff 0x2ad853000000 recvbuff 0x2ad853000000 count 4194304 datatype 6 op 0 root 0 comm 0xe2b2980 [nranks=2] stream 0xa9f4590
c197-082:23102:25607 [1] NCCL INFO AllReduce: opCount 2f sendbuff 0x2b0cca800000 recvbuff 0x2b0cca800000 count 4194304 datatype 6 op 0 root 0 comm 0xe6d2c30 [nranks=2] stream 0xa82b030
c197-082:23104:25616 [3] NCCL INFO AllReduce: opCount 2e sendbuff 0x2b0f05800000 recvbuff 0x2b0f05800000 count 4194304 datatype 6 op 0 root 0 comm 0xfb64ad0 [nranks=2] stream 0xbcbc400
c197-082:23103:25619 [2] NCCL INFO AllReduce: opCount 2e sendbuff 0x2b7f00800000 recvbuff 0x2b7f00800000 count 4194304 datatype 6 op 0 root 0 comm 0xfbdd1a0 [nranks=2] stream 0xb5f1610
c197-082:23101:25606 [0] NCCL INFO AllReduce: opCount 2f sendbuff 0x2ad854800000 recvbuff 0x2ad854800000 count 4194304 datatype 6 op 0 root 0 comm 0xe2b2980 [nranks=2] stream 0xa9f4590
c197-082:23102:25607 [1] NCCL INFO AllReduce: opCount 30 sendbuff 0x2b0cd3000000 recvbuff 0x2b0cd3000000 count 4194304 datatype 6 op 0 root 0 comm 0xe6d2c30 [nranks=2] stream 0xa82b030
c197-082:23104:25616 [3] NCCL INFO AllReduce: opCount 2f sendbuff 0x2b0f12800000 recvbuff 0x2b0f12800000 count 4194304 datatype 6 op 0 root 0 comm 0xfb64ad0 [nranks=2] stream 0xbcbc400
c197-082:23101:25606 [0] NCCL INFO AllReduce: opCount 30 sendbuff 0x2ad860000000 recvbuff 0x2ad860000000 count 4194304 datatype 6 op 0 root 0 comm 0xe2b2980 [nranks=2] stream 0xa9f4590
c197-082:23102:25607 [1] NCCL INFO AllReduce: opCount 31 sendbuff 0x2b0cbd800000 recvbuff 0x2b0cbd800000 count 4194304 datatype 6 op 0 root 0 comm 0xe6d2c30 [nranks=2] stream 0xa82b030
