c197-081:17182:20591 [3] NCCL INFO init.cc:392 Cuda Host Alloc Size 33554432 pointer 0x2ac6e2000000
c197-081:17181:17181 [2] NCCL INFO AllReduce: opCount 0 sendbuff 0x2ba298c13e00 recvbuff 0x2ba298c13e00 count 1 datatype 7 op 2 root 0 comm 0x13f39ea0 [nranks=8] stream 0x9d9e490
c197-081:17181:17181 [2] NCCL INFO misc/utils.cc:235 memory stack hunk malloc(65536)
c197-081:17182:20591 [3] NCCL INFO init.cc:398 Cuda Host Alloc Size 128 pointer 0x2ac59b343600
c197-081:17182:20591 [3] NCCL INFO comm 0x1e612d10 rank 7 nranks 8 cudaDev 3 busId 83000 - Init COMPLETE
c197-081:17182:17182 [3] NCCL INFO AllReduce: opCount 0 sendbuff 0x2ac590c18000 recvbuff 0x2ac590c18000 count 1 datatype 7 op 2 root 0 comm 0x1e612d10 [nranks=8] stream 0xa38f080
c197-081:17182:17182 [3] NCCL INFO misc/utils.cc:235 memory stack hunk malloc(65536)
c197-081:17180:17180 [1] NCCL INFO Recv: opCount d sendbuff (nil) recvbuff 0x2b4234c00000 count 4194304 datatype 6 op 0 root 4 comm 0xb226d20 [nranks=8] stream 0x958a9f0
c197-081:17179:17179 [0] NCCL INFO Recv: opCount d sendbuff (nil) recvbuff 0x2ae548c00000 count 4194304 datatype 6 op 0 root 3 comm 0xc676160 [nranks=8] stream 0x87fcba0
c197-081:17181:17181 [2] NCCL INFO Recv: opCount d sendbuff (nil) recvbuff 0x2ba2b4c00000 count 4194304 datatype 6 op 0 root 5 comm 0xc6460d0 [nranks=8] stream 0xa9a9da0
 iteration        1/     100 | consumed samples:            8 | elapsed time per iteration (ms): 9975.9 | learning rate: 0.000E+00 | global batch size:     8 | loss scale: 4294967296.0 | number of skipped iterations:   1 | number of nan iterations:   0 |
time (ms) | forward-compute: 412.67 | forward-recv: 2087.51 | backward-compute: 881.89 | backward-send: 5.11 | backward-params-all-reduce: 3.07 | backward-embedding-all-reduce: 6163.02 | optimizer-copy-to-main-grad: 1.65 | optimizer-unscale-and-check-inf: 415.39 | optimizer: 417.27 | batch-generator: 2.56
c197-081:17182:17182 [3] NCCL INFO Recv: opCount b sendbuff (nil) recvbuff 0x2ac5dc400000 count 4194304 datatype 6 op 0 root 6 comm 0xcdb0b20 [nranks=8] stream 0xb1147f0
c197-081:17179:17179 [0] NCCL INFO AllGather: opCount 0 sendbuff 0x2ae548c00000 recvbuff 0x2ae5d8000000 count 8388608 datatype 0 op 0 root 0 comm 0x104294b0 [nranks=1] stream 0xbe86700
c197-081:17179:17179 [0] NCCL INFO Broadcast: opCount 0 sendbuff 0x2ae528c00400 recvbuff 0x2ae528c00400 count 240 datatype 0 op 0 root 0 comm 0x104294b0 [nranks=1] stream 0xbe86700
c197-081:17179:17179 [0] NCCL INFO Broadcast: opCount 0 sendbuff 0x2ae528c3e600 recvbuff 0x2ae528c3e600 count 163904 datatype 0 op 0 root 0 comm 0x104294b0 [nranks=1] stream 0xbe86700
c197-081:17179:17179 [0] NCCL INFO Send: opCount e sendbuff (nil) recvbuff 0x2ae600000000 count 4194304 datatype 6 op 0 root 5 comm 0xc676160 [nranks=8] stream 0x87fcba0
c197-081:17180:17180 [1] NCCL INFO AllGather: opCount 0 sendbuff 0x2b4234c00000 recvbuff 0x2b42c4000000 count 8388608 datatype 0 op 0 root 0 comm 0xefdf960 [nranks=1] stream 0x85277f0
c197-081:17179:17179 [0] NCCL INFO Recv: opCount f sendbuff (nil) recvbuff 0x2ae5d9000000 count 4194304 datatype 6 op 0 root 5 comm 0xc676160 [nranks=8] stream 0x87fcba0
c197-081:17180:17180 [1] NCCL INFO Broadcast: opCount 0 sendbuff 0x2b4218c00400 recvbuff 0x2b4218c00400 count 240 datatype 0 op 0 root 0 comm 0xefdf960 [nranks=1] stream 0x85277f0
c197-081:17180:17180 [1] NCCL INFO Broadcast: opCount 0 sendbuff 0x2b4218c3e600 recvbuff 0x2b4218c3e600 count 163904 datatype 0 op 0 root 0 comm 0xefdf960 [nranks=1] stream 0x85277f0
c197-081:17180:17180 [1] NCCL INFO Send: opCount e sendbuff (nil) recvbuff 0x2b42ec000000 count 4194304 datatype 6 op 0 root 6 comm 0xb226d20 [nranks=8] stream 0x958a9f0
c197-081:17181:17181 [2] NCCL INFO AllGather: opCount 0 sendbuff 0x2ba2b4c00000 recvbuff 0x2ba344000000 count 8388608 datatype 0 op 0 root 0 comm 0x10437a50 [nranks=1] stream 0x9946ba0
c197-081:17180:17180 [1] NCCL INFO Recv: opCount f sendbuff (nil) recvbuff 0x2b42c5000000 count 4194304 datatype 6 op 0 root 6 comm 0xb226d20 [nranks=8] stream 0x958a9f0
c197-081:17181:17181 [2] NCCL INFO Broadcast: opCount 0 sendbuff 0x2ba298c00400 recvbuff 0x2ba298c00400 count 240 datatype 0 op 0 root 0 comm 0x10437a50 [nranks=1] stream 0x9946ba0
c197-081:17181:17181 [2] NCCL INFO Broadcast: opCount 0 sendbuff 0x2ba298c3e600 recvbuff 0x2ba298c3e600 count 163904 datatype 0 op 0 root 0 comm 0x10437a50 [nranks=1] stream 0x9946ba0
c197-081:17181:17181 [2] NCCL INFO Send: opCount e sendbuff (nil) recvbuff 0x2ba36c000000 count 4194304 datatype 6 op 0 root 7 comm 0xc6460d0 [nranks=8] stream 0xa9a9da0
c197-081:17181:17181 [2] NCCL INFO Recv: opCount f sendbuff (nil) recvbuff 0x2ba345000000 count 4194304 datatype 6 op 0 root 7 comm 0xc6460d0 [nranks=8] stream 0xa9a9da0
c197-081:17182:17182 [3] NCCL INFO AllGather: opCount 0 sendbuff 0x2ac5dc400000 recvbuff 0x2ac658000000 count 8388608 datatype 0 op 0 root 0 comm 0x10b82b30 [nranks=1] stream 0xa6e81e0
c197-081:17182:17182 [3] NCCL INFO Broadcast: opCount 0 sendbuff 0x2ac590c00400 recvbuff 0x2ac590c00400 count 240 datatype 0 op 0 root 0 comm 0x10b82b30 [nranks=1] stream 0xa6e81e0
c197-081:17182:17182 [3] NCCL INFO Broadcast: opCount 0 sendbuff 0x2ac590c7fa00 recvbuff 0x2ac590c7fa00 count 163904 datatype 0 op 0 root 0 comm 0x10b82b30 [nranks=1] stream 0xa6e81e0
c197-081:17182:17182 [3] NCCL INFO AllReduce: opCount 0 sendbuff 0x2ac590cefc00 recvbuff 0x2ac590cefc00 count 4096 datatype 7 op 2 root 0 comm 0x10b82b30 [nranks=1] stream 0xa6e81e0
c197-081:17182:17182 [3] NCCL INFO AllReduce: opCount 0 sendbuff 0x2ac590d08c00 recvbuff 0x2ac590d08c00 count 4096 datatype 7 op 0 root 0 comm 0x10b82b30 [nranks=1] stream 0xa6e81e0
c197-081:17182:17182 [3] NCCL INFO AllReduce: opCount 0 sendbuff 0x2ac590d04c00 recvbuff 0x2ac590d04c00 count 4096 datatype 7 op 0 root 0 comm 0x10b82b30 [nranks=1] stream 0xa6e81e0
c197-081:17182:17182 [3] NCCL INFO AllReduce: opCount 0 sendbuff 0x2ac590c38800 recvbuff 0x2ac590c38800 count 2 datatype 7 op 0 root 0 comm 0xfdde210 [nranks=1] stream 0xb1a1f90
c197-081:17182:17182 [3] NCCL INFO Send: opCount c sendbuff (nil) recvbuff 0x2ac660000000 count 4194304 datatype 6 op 0 root 6 comm 0xcdb0b20 [nranks=8] stream 0xb1147f0
c197-081:17181:17181 [2] NCCL INFO AllGather: opCount 0 sendbuff 0x2ba345000000 recvbuff 0x2ba359800000 count 8388608 datatype 0 op 0 root 0 comm 0x10437a50 [nranks=1] stream 0x9946ba0
c197-081:17182:17182 [3] NCCL INFO AllReduce: opCount 0 sendbuff 0x2ac5ce000000 recvbuff 0x2ac5ce000000 count 69676418 datatype 6 op 0 root 0 comm 0xfdde210 [nranks=1] stream 0xb1a1f90
c197-081:17182:17182 [3] NCCL INFO AllReduce: opCount 2 sendbuff 0x2ac5ce210b04 recvbuff 0x2ac5ce210b04 count 29753344 datatype 6 op 0 root 0 comm 0xf783730 [nranks=2] stream 0xbf37f50
c197-081:17181:17181 [2] NCCL INFO Send: opCount 10 sendbuff (nil) recvbuff 0x2ba345000000 count 4194304 datatype 6 op 0 root 5 comm 0xc6460d0 [nranks=8] stream 0xa9a9da0
c197-081:17180:17180 [1] NCCL INFO AllGather: opCount 0 sendbuff 0x2b42c5000000 recvbuff 0x2b42d9800000 count 8388608 datatype 0 op 0 root 0 comm 0xefdf960 [nranks=1] stream 0x85277f0
c197-081:17181:17181 [2] NCCL INFO AllReduce: opCount 0 sendbuff 0x2ba2be000000 recvbuff 0x2ba2be000000 count 37788672 datatype 6 op 0 root 0 comm 0xf66bec0 [nranks=1] stream 0xb7cd500
c197-081:17181:17181 [2] NCCL INFO AllReduce: opCount 1 sendbuff 0x2ba298c13e00 recvbuff 0x2ba298c13e00 count 1 datatype 7 op 2 root 0 comm 0x13f39ea0 [nranks=8] stream 0x9d9e490
c197-081:17180:17180 [1] NCCL INFO Send: opCount 10 sendbuff (nil) recvbuff 0x2b42c5000000 count 4194304 datatype 6 op 0 root 4 comm 0xb226d20 [nranks=8] stream 0x958a9f0
c197-081:17179:17179 [0] NCCL INFO AllGather: opCount 0 sendbuff 0x2ae5d9000000 recvbuff 0x2ae5ed800000 count 8388608 datatype 0 op 0 root 0 comm 0x104294b0 [nranks=1] stream 0xbe86700
c197-081:17180:17180 [1] NCCL INFO AllReduce: opCount 0 sendbuff 0x2b423e000000 recvbuff 0x2b423e000000 count 37788672 datatype 6 op 0 root 0 comm 0xe24c740 [nranks=1] stream 0xa3ae150
c197-081:17180:17180 [1] NCCL INFO AllReduce: opCount 1 sendbuff 0x2b4218c13e00 recvbuff 0x2b4218c13e00 count 1 datatype 7 op 2 root 0 comm 0x12b1a4e0 [nranks=8] stream 0x83eb990
c197-081:17179:17179 [0] NCCL INFO Send: opCount 10 sendbuff (nil) recvbuff 0x2ae5d9000000 count 4194304 datatype 6 op 0 root 3 comm 0xc676160 [nranks=8] stream 0x87fcba0
c197-081:17179:17179 [0] NCCL INFO AllReduce: opCount 0 sendbuff 0x2ae552000000 recvbuff 0x2ae552000000 count 37788672 datatype 6 op 0 root 0 comm 0xf695230 [nranks=1] stream 0xbe29460
c197-081:17179:17179 [0] NCCL INFO AllReduce: opCount 1 sendbuff 0x2ae528c13e00 recvbuff 0x2ae528c13e00 count 1 datatype 7 op 2 root 0 comm 0x13f63e30 [nranks=8] stream 0x9fad820
c197-081:17182:17182 [3] NCCL INFO AllReduce: opCount 1 sendbuff 0x2ac590c18000 recvbuff 0x2ac590c18000 count 1 datatype 7 op 2 root 0 comm 0x1e612d10 [nranks=8] stream 0xa38f080
c197-081:17180:17180 [1] NCCL INFO Recv: opCount 11 sendbuff (nil) recvbuff 0x2b4234c00000 count 4194304 datatype 6 op 0 root 4 comm 0xb226d20 [nranks=8] stream 0x958a9f0
c197-081:17181:17181 [2] NCCL INFO Recv: opCount 11 sendbuff (nil) recvbuff 0x2ba2b4c00000 count 4194304 datatype 6 op 0 root 5 comm 0xc6460d0 [nranks=8] stream 0xa9a9da0
c197-081:17179:17179 [0] NCCL INFO Recv: opCount 11 sendbuff (nil) recvbuff 0x2ae548c00000 count 4194304 datatype 6 op 0 root 3 comm 0xc676160 [nranks=8] stream 0x87fcba0
 iteration        2/     100 | consumed samples:           16 | elapsed time per iteration (ms): 395.2 | learning rate: 0.000E+00 | global batch size:     8 | loss scale: 2147483648.0 | number of skipped iterations:   1 | number of nan iterations:   0 |
time (ms) | forward-compute: 33.83 | forward-recv: 125.98 | backward-compute: 32.38 | backward-send: 0.97 | backward-params-all-reduce: 0.80 | backward-embedding-all-reduce: 167.66 | optimizer-copy-to-main-grad: 2.41 | optimizer-unscale-and-check-inf: 2.02 | optimizer: 31.95 | batch-generator: 2.52
c197-081:17182:17182 [3] NCCL INFO Recv: opCount d sendbuff (nil) recvbuff 0x2ac5dc400000 count 4194304 datatype 6 op 0 root 6 comm 0xcdb0b20 [nranks=8] stream 0xb1147f0
c197-081:17179:17179 [0] NCCL INFO AllGather: opCount 0 sendbuff 0x2ae548c00000 recvbuff 0x2ae5b8000000 count 8388608 datatype 0 op 0 root 0 comm 0x104294b0 [nranks=1] stream 0xbe86700
c197-081:17179:17179 [0] NCCL INFO Broadcast: opCount 0 sendbuff 0x2ae528c00400 recvbuff 0x2ae528c00400 count 240 datatype 0 op 0 root 0 comm 0x104294b0 [nranks=1] stream 0xbe86700
c197-081:17179:17179 [0] NCCL INFO Broadcast: opCount 0 sendbuff 0x2ae528c3e600 recvbuff 0x2ae528c3e600 count 163904 datatype 0 op 0 root 0 comm 0x104294b0 [nranks=1] stream 0xbe86700
c197-081:17179:17179 [0] NCCL INFO Send: opCount 12 sendbuff (nil) recvbuff 0x2ae600000000 count 4194304 datatype 6 op 0 root 5 comm 0xc676160 [nranks=8] stream 0x87fcba0
c197-081:17180:17180 [1] NCCL INFO AllGather: opCount 0 sendbuff 0x2b4234c00000 recvbuff 0x2b42a4000000 count 8388608 datatype 0 op 0 root 0 comm 0xefdf960 [nranks=1] stream 0x85277f0
c197-081:17179:17179 [0] NCCL INFO Recv: opCount 13 sendbuff (nil) recvbuff 0x2ae5db000000 count 4194304 datatype 6 op 0 root 5 comm 0xc676160 [nranks=8] stream 0x87fcba0
c197-081:17180:17180 [1] NCCL INFO Broadcast: opCount 0 sendbuff 0x2b4218c00400 recvbuff 0x2b4218c00400 count 240 datatype 0 op 0 root 0 comm 0xefdf960 [nranks=1] stream 0x85277f0
c197-081:17180:17180 [1] NCCL INFO Broadcast: opCount 0 sendbuff 0x2b4218c3e600 recvbuff 0x2b4218c3e600 count 163904 datatype 0 op 0 root 0 comm 0xefdf960 [nranks=1] stream 0x85277f0
c197-081:17180:17180 [1] NCCL INFO Send: opCount 12 sendbuff (nil) recvbuff 0x2b42ec000000 count 4194304 datatype 6 op 0 root 6 comm 0xb226d20 [nranks=8] stream 0x958a9f0
c197-081:17181:17181 [2] NCCL INFO AllGather: opCount 0 sendbuff 0x2ba2b4c00000 recvbuff 0x2ba324000000 count 8388608 datatype 0 op 0 root 0 comm 0x10437a50 [nranks=1] stream 0x9946ba0
c197-081:17180:17180 [1] NCCL INFO Recv: opCount 13 sendbuff (nil) recvbuff 0x2b42c7000000 count 4194304 datatype 6 op 0 root 6 comm 0xb226d20 [nranks=8] stream 0x958a9f0
c197-081:17181:17181 [2] NCCL INFO Broadcast: opCount 0 sendbuff 0x2ba298c00400 recvbuff 0x2ba298c00400 count 240 datatype 0 op 0 root 0 comm 0x10437a50 [nranks=1] stream 0x9946ba0
c197-081:17181:17181 [2] NCCL INFO Broadcast: opCount 0 sendbuff 0x2ba298c3e600 recvbuff 0x2ba298c3e600 count 163904 datatype 0 op 0 root 0 comm 0x10437a50 [nranks=1] stream 0x9946ba0
c197-081:17181:17181 [2] NCCL INFO Send: opCount 12 sendbuff (nil) recvbuff 0x2ba36c000000 count 4194304 datatype 6 op 0 root 7 comm 0xc6460d0 [nranks=8] stream 0xa9a9da0
c197-081:17182:17182 [3] NCCL INFO AllGather: opCount 0 sendbuff 0x2ac5dc400000 recvbuff 0x2ac5dcc00000 count 8388608 datatype 0 op 0 root 0 comm 0x10b82b30 [nranks=1] stream 0xa6e81e0
c197-081:17181:17181 [2] NCCL INFO Recv: opCount 13 sendbuff (nil) recvbuff 0x2ba347000000 count 4194304 datatype 6 op 0 root 7 comm 0xc6460d0 [nranks=8] stream 0xa9a9da0
c197-081:17182:17182 [3] NCCL INFO Broadcast: opCount 0 sendbuff 0x2ac590c00400 recvbuff 0x2ac590c00400 count 240 datatype 0 op 0 root 0 comm 0x10b82b30 [nranks=1] stream 0xa6e81e0
c197-081:17182:17182 [3] NCCL INFO Broadcast: opCount 0 sendbuff 0x2ac590c7fa00 recvbuff 0x2ac590c7fa00 count 163904 datatype 0 op 0 root 0 comm 0x10b82b30 [nranks=1] stream 0xa6e81e0
c197-081:17182:17182 [3] NCCL INFO AllReduce: opCount 0 sendbuff 0x2ac590cefc00 recvbuff 0x2ac590cefc00 count 4096 datatype 7 op 2 root 0 comm 0x10b82b30 [nranks=1] stream 0xa6e81e0
c197-081:17182:17182 [3] NCCL INFO AllReduce: opCount 0 sendbuff 0x2ac590d08c00 recvbuff 0x2ac590d08c00 count 4096 datatype 7 op 0 root 0 comm 0x10b82b30 [nranks=1] stream 0xa6e81e0
c197-081:17182:17182 [3] NCCL INFO AllReduce: opCount 0 sendbuff 0x2ac590d04c00 recvbuff 0x2ac590d04c00 count 4096 datatype 7 op 0 root 0 comm 0x10b82b30 [nranks=1] stream 0xa6e81e0
c197-081:17182:17182 [3] NCCL INFO AllReduce: opCount 0 sendbuff 0x2ac590c2b200 recvbuff 0x2ac590c2b200 count 2 datatype 7 op 0 root 0 comm 0xfdde210 [nranks=1] stream 0xb1a1f90
c197-081:17182:17182 [3] NCCL INFO Send: opCount e sendbuff (nil) recvbuff 0x2ac660000000 count 4194304 datatype 6 op 0 root 6 comm 0xcdb0b20 [nranks=8] stream 0xb1147f0
c197-081:17181:17181 [2] NCCL INFO AllGather: opCount 0 sendbuff 0x2ba347000000 recvbuff 0x2ba359800000 count 8388608 datatype 0 op 0 root 0 comm 0x10437a50 [nranks=1] stream 0x9946ba0
c197-081:17182:17182 [3] NCCL INFO AllReduce: opCount 0 sendbuff 0x2ac5ce000000 recvbuff 0x2ac5ce000000 count 69676418 datatype 6 op 0 root 0 comm 0xfdde210 [nranks=1] stream 0xb1a1f90
c197-081:17182:17182 [3] NCCL INFO AllReduce: opCount 3 sendbuff 0x2ac5ce210b04 recvbuff 0x2ac5ce210b04 count 29753344 datatype 6 op 0 root 0 comm 0xf783730 [nranks=2] stream 0xbf37f50
c197-081:17181:17181 [2] NCCL INFO Send: opCount 14 sendbuff (nil) recvbuff 0x2ba347000000 count 4194304 datatype 6 op 0 root 5 comm 0xc6460d0 [nranks=8] stream 0xa9a9da0
c197-081:17180:17180 [1] NCCL INFO AllGather: opCount 0 sendbuff 0x2b42c7000000 recvbuff 0x2b42d9800000 count 8388608 datatype 0 op 0 root 0 comm 0xefdf960 [nranks=1] stream 0x85277f0
c197-081:17181:17181 [2] NCCL INFO AllReduce: opCount 0 sendbuff 0x2ba2be000000 recvbuff 0x2ba2be000000 count 37788672 datatype 6 op 0 root 0 comm 0xf66bec0 [nranks=1] stream 0xb7cd500
c197-081:17181:17181 [2] NCCL INFO AllReduce: opCount 2 sendbuff 0x2ba298c13e00 recvbuff 0x2ba298c13e00 count 1 datatype 7 op 2 root 0 comm 0x13f39ea0 [nranks=8] stream 0x9d9e490
c197-081:17180:17180 [1] NCCL INFO Send: opCount 14 sendbuff (nil) recvbuff 0x2b42c7000000 count 4194304 datatype 6 op 0 root 4 comm 0xb226d20 [nranks=8] stream 0x958a9f0
c197-081:17179:17179 [0] NCCL INFO AllGather: opCount 0 sendbuff 0x2ae5db000000 recvbuff 0x2ae5ed800000 count 8388608 datatype 0 op 0 root 0 comm 0x104294b0 [nranks=1] stream 0xbe86700
c197-081:17180:17180 [1] NCCL INFO AllReduce: opCount 0 sendbuff 0x2b423e000000 recvbuff 0x2b423e000000 count 37788672 datatype 6 op 0 root 0 comm 0xe24c740 [nranks=1] stream 0xa3ae150
c197-081:17180:17180 [1] NCCL INFO AllReduce: opCount 2 sendbuff 0x2b4218c13e00 recvbuff 0x2b4218c13e00 count 1 datatype 7 op 2 root 0 comm 0x12b1a4e0 [nranks=8] stream 0x83eb990
c197-081:17179:17179 [0] NCCL INFO Send: opCount 14 sendbuff (nil) recvbuff 0x2ae5db000000 count 4194304 datatype 6 op 0 root 3 comm 0xc676160 [nranks=8] stream 0x87fcba0
c197-081:17179:17179 [0] NCCL INFO AllReduce: opCount 0 sendbuff 0x2ae552000000 recvbuff 0x2ae552000000 count 37788672 datatype 6 op 0 root 0 comm 0xf695230 [nranks=1] stream 0xbe29460
c197-081:17179:17179 [0] NCCL INFO AllReduce: opCount 2 sendbuff 0x2ae528c13e00 recvbuff 0x2ae528c13e00 count 1 datatype 7 op 2 root 0 comm 0x13f63e30 [nranks=8] stream 0x9fad820
c197-081:17182:17182 [3] NCCL INFO AllReduce: opCount 2 sendbuff 0x2ac590c18000 recvbuff 0x2ac590c18000 count 1 datatype 7 op 2 root 0 comm 0x1e612d10 [nranks=8] stream 0xa38f080
 iteration        3/     100 | consumed samples:           24 | elapsed time per iteration (ms): 348.3 | learning rate: 0.000E+00 | global batch size:     8 | loss scale: 1073741824.0 | number of skipped iterations:   1 | number of nan iterations:   0 |
c197-081:17179:17179 [0] NCCL INFO Recv: opCount 15 sendbuff (nil) recvbuff 0x2ae548c00000 count 4194304 datatype 6 op 0 root 3 comm 0xc676160 [nranks=8] stream 0x87fcba0
time (ms) | forward-compute: 32.20 | forward-recv: 113.01 | backward-compute: 32.41 | backward-send: 0.93 | backward-params-all-reduce: 0.80 | backward-embedding-all-reduce: 162.86 | optimizer-copy-to-main-grad: 2.34 | optimizer-unscale-and-check-inf: 2.22 | optimizer: 4.80 | batch-generator: 1.55
c197-081:17180:17180 [1] NCCL INFO Recv: opCount 15 sendbuff (nil) recvbuff 0x2b4234c00000 count 4194304 datatype 6 op 0 root 4 comm 0xb226d20 [nranks=8] stream 0x958a9f0
c197-081:17181:17181 [2] NCCL INFO Recv: opCount 15 sendbuff (nil) recvbuff 0x2ba2b4c00000 count 4194304 datatype 6 op 0 root 5 comm 0xc6460d0 [nranks=8] stream 0xa9a9da0
c197-081:17182:17182 [3] NCCL INFO Recv: opCount f sendbuff (nil) recvbuff 0x2ac5dc400000 count 4194304 datatype 6 op 0 root 6 comm 0xcdb0b20 [nranks=8] stream 0xb1147f0
c197-081:17179:17179 [0] NCCL INFO AllGather: opCount 0 sendbuff 0x2ae548c00000 recvbuff 0x2ae5db800000 count 8388608 datatype 0 op 0 root 0 comm 0x104294b0 [nranks=1] stream 0xbe86700
c197-081:17179:17179 [0] NCCL INFO Broadcast: opCount 0 sendbuff 0x2ae528c00400 recvbuff 0x2ae528c00400 count 240 datatype 0 op 0 root 0 comm 0x104294b0 [nranks=1] stream 0xbe86700
c197-081:17179:17179 [0] NCCL INFO Broadcast: opCount 0 sendbuff 0x2ae528c3e600 recvbuff 0x2ae528c3e600 count 163904 datatype 0 op 0 root 0 comm 0x104294b0 [nranks=1] stream 0xbe86700
c197-081:17179:17179 [0] NCCL INFO Send: opCount 16 sendbuff (nil) recvbuff 0x2ae600000000 count 4194304 datatype 6 op 0 root 5 comm 0xc676160 [nranks=8] stream 0x87fcba0
c197-081:17179:17179 [0] NCCL INFO Recv: opCount 17 sendbuff (nil) recvbuff 0x2ae5da800000 count 4194304 datatype 6 op 0 root 5 comm 0xc676160 [nranks=8] stream 0x87fcba0
c197-081:17180:17180 [1] NCCL INFO AllGather: opCount 0 sendbuff 0x2b4234c00000 recvbuff 0x2b42c7800000 count 8388608 datatype 0 op 0 root 0 comm 0xefdf960 [nranks=1] stream 0x85277f0
c197-081:17180:17180 [1] NCCL INFO Broadcast: opCount 0 sendbuff 0x2b4218c00400 recvbuff 0x2b4218c00400 count 240 datatype 0 op 0 root 0 comm 0xefdf960 [nranks=1] stream 0x85277f0
c197-081:17180:17180 [1] NCCL INFO Broadcast: opCount 0 sendbuff 0x2b4218c3e600 recvbuff 0x2b4218c3e600 count 163904 datatype 0 op 0 root 0 comm 0xefdf960 [nranks=1] stream 0x85277f0
c197-081:17180:17180 [1] NCCL INFO Send: opCount 16 sendbuff (nil) recvbuff 0x2b42ec000000 count 4194304 datatype 6 op 0 root 6 comm 0xb226d20 [nranks=8] stream 0x958a9f0
c197-081:17180:17180 [1] NCCL INFO Recv: opCount 17 sendbuff (nil) recvbuff 0x2b42c6800000 count 4194304 datatype 6 op 0 root 6 comm 0xb226d20 [nranks=8] stream 0x958a9f0
c197-081:17181:17181 [2] NCCL INFO AllGather: opCount 0 sendbuff 0x2ba2b4c00000 recvbuff 0x2ba347800000 count 8388608 datatype 0 op 0 root 0 comm 0x10437a50 [nranks=1] stream 0x9946ba0
c197-081:17181:17181 [2] NCCL INFO Broadcast: opCount 0 sendbuff 0x2ba298c00400 recvbuff 0x2ba298c00400 count 240 datatype 0 op 0 root 0 comm 0x10437a50 [nranks=1] stream 0x9946ba0
c197-081:17181:17181 [2] NCCL INFO Broadcast: opCount 0 sendbuff 0x2ba298c3e600 recvbuff 0x2ba298c3e600 count 163904 datatype 0 op 0 root 0 comm 0x10437a50 [nranks=1] stream 0x9946ba0
c197-081:17181:17181 [2] NCCL INFO Send: opCount 16 sendbuff (nil) recvbuff 0x2ba36c000000 count 4194304 datatype 6 op 0 root 7 comm 0xc6460d0 [nranks=8] stream 0xa9a9da0
c197-081:17182:17182 [3] NCCL INFO AllGather: opCount 0 sendbuff 0x2ac5dc400000 recvbuff 0x2ac67e820000 count 8388608 datatype 0 op 0 root 0 comm 0x10b82b30 [nranks=1] stream 0xa6e81e0
c197-081:17181:17181 [2] NCCL INFO Recv: opCount 17 sendbuff (nil) recvbuff 0x2ba346800000 count 4194304 datatype 6 op 0 root 7 comm 0xc6460d0 [nranks=8] stream 0xa9a9da0
c197-081:17182:17182 [3] NCCL INFO Broadcast: opCount 0 sendbuff 0x2ac590c00400 recvbuff 0x2ac590c00400 count 240 datatype 0 op 0 root 0 comm 0x10b82b30 [nranks=1] stream 0xa6e81e0
c197-081:17182:17182 [3] NCCL INFO Broadcast: opCount 0 sendbuff 0x2ac590c7fa00 recvbuff 0x2ac590c7fa00 count 163904 datatype 0 op 0 root 0 comm 0x10b82b30 [nranks=1] stream 0xa6e81e0
c197-081:17182:17182 [3] NCCL INFO AllReduce: opCount 0 sendbuff 0x2ac590cefc00 recvbuff 0x2ac590cefc00 count 4096 datatype 7 op 2 root 0 comm 0x10b82b30 [nranks=1] stream 0xa6e81e0
c197-081:17182:17182 [3] NCCL INFO AllReduce: opCount 0 sendbuff 0x2ac590d08c00 recvbuff 0x2ac590d08c00 count 4096 datatype 7 op 0 root 0 comm 0x10b82b30 [nranks=1] stream 0xa6e81e0
c197-081:17182:17182 [3] NCCL INFO AllReduce: opCount 0 sendbuff 0x2ac590d04c00 recvbuff 0x2ac590d04c00 count 4096 datatype 7 op 0 root 0 comm 0x10b82b30 [nranks=1] stream 0xa6e81e0
c197-081:17182:17182 [3] NCCL INFO AllReduce: opCount 0 sendbuff 0x2ac590c3dc00 recvbuff 0x2ac590c3dc00 count 2 datatype 7 op 0 root 0 comm 0xfdde210 [nranks=1] stream 0xb1a1f90
c197-081:17182:17182 [3] NCCL INFO Send: opCount 10 sendbuff (nil) recvbuff 0x2ac660000000 count 4194304 datatype 6 op 0 root 6 comm 0xcdb0b20 [nranks=8] stream 0xb1147f0
c197-081:17181:17181 [2] NCCL INFO AllGather: opCount 0 sendbuff 0x2ba346800000 recvbuff 0x2ba359800000 count 8388608 datatype 0 op 0 root 0 comm 0x10437a50 [nranks=1] stream 0x9946ba0
c197-081:17182:17182 [3] NCCL INFO AllReduce: opCount 0 sendbuff 0x2ac5ce000000 recvbuff 0x2ac5ce000000 count 69676418 datatype 6 op 0 root 0 comm 0xfdde210 [nranks=1] stream 0xb1a1f90
c197-081:17182:17182 [3] NCCL INFO AllReduce: opCount 4 sendbuff 0x2ac5ce210b04 recvbuff 0x2ac5ce210b04 count 29753344 datatype 6 op 0 root 0 comm 0xf783730 [nranks=2] stream 0xbf37f50
c197-081:17181:17181 [2] NCCL INFO Send: opCount 18 sendbuff (nil) recvbuff 0x2ba346800000 count 4194304 datatype 6 op 0 root 5 comm 0xc6460d0 [nranks=8] stream 0xa9a9da0
c197-081:17180:17180 [1] NCCL INFO AllGather: opCount 0 sendbuff 0x2b42c6800000 recvbuff 0x2b42d9800000 count 8388608 datatype 0 op 0 root 0 comm 0xefdf960 [nranks=1] stream 0x85277f0
c197-081:17181:17181 [2] NCCL INFO AllReduce: opCount 0 sendbuff 0x2ba2be000000 recvbuff 0x2ba2be000000 count 37788672 datatype 6 op 0 root 0 comm 0xf66bec0 [nranks=1] stream 0xb7cd500
c197-081:17181:17181 [2] NCCL INFO AllReduce: opCount 3 sendbuff 0x2ba298c13e00 recvbuff 0x2ba298c13e00 count 1 datatype 7 op 2 root 0 comm 0x13f39ea0 [nranks=8] stream 0x9d9e490
c197-081:17180:17180 [1] NCCL INFO Send: opCount 18 sendbuff (nil) recvbuff 0x2b42c6800000 count 4194304 datatype 6 op 0 root 4 comm 0xb226d20 [nranks=8] stream 0x958a9f0
c197-081:17180:17180 [1] NCCL INFO AllReduce: opCount 0 sendbuff 0x2b423e000000 recvbuff 0x2b423e000000 count 37788672 datatype 6 op 0 root 0 comm 0xe24c740 [nranks=1] stream 0xa3ae150
c197-081:17179:17179 [0] NCCL INFO AllGather: opCount 0 sendbuff 0x2ae5da800000 recvbuff 0x2ae5ed800000 count 8388608 datatype 0 op 0 root 0 comm 0x104294b0 [nranks=1] stream 0xbe86700
c197-081:17180:17180 [1] NCCL INFO AllReduce: opCount 3 sendbuff 0x2b4218c13e00 recvbuff 0x2b4218c13e00 count 1 datatype 7 op 2 root 0 comm 0x12b1a4e0 [nranks=8] stream 0x83eb990
c197-081:17179:17179 [0] NCCL INFO Send: opCount 18 sendbuff (nil) recvbuff 0x2ae5da800000 count 4194304 datatype 6 op 0 root 3 comm 0xc676160 [nranks=8] stream 0x87fcba0
c197-081:17179:17179 [0] NCCL INFO AllReduce: opCount 0 sendbuff 0x2ae552000000 recvbuff 0x2ae552000000 count 37788672 datatype 6 op 0 root 0 comm 0xf695230 [nranks=1] stream 0xbe29460
c197-081:17179:17179 [0] NCCL INFO AllReduce: opCount 3 sendbuff 0x2ae528c13e00 recvbuff 0x2ae528c13e00 count 1 datatype 7 op 2 root 0 comm 0x13f63e30 [nranks=8] stream 0x9fad820
c197-081:17182:17182 [3] NCCL INFO AllReduce: opCount 3 sendbuff 0x2ac590c18000 recvbuff 0x2ac590c18000 count 1 datatype 7 op 2 root 0 comm 0x1e612d10 [nranks=8] stream 0xa38f080
 iteration        4/     100 | consumed samples:           32 | elapsed time per iteration (ms): 351.8 | learning rate: 0.000E+00 | global batch size:     8 | loss scale: 536870912.0 | number of skipped iterations:   1 | number of nan iterations:   0 |
c197-081:17181:17181 [2] NCCL INFO Recv: opCount 19 sendbuff (nil) recvbuff 0x2ba2b4c00000 count 4194304 datatype 6 op 0 root 5 comm 0xc6460d0 [nranks=8] stream 0xa9a9da0
time (ms) | forward-compute: 32.07 | forward-recv: 116.47 | backward-compute: 32.04 | backward-send: 0.93 | backward-params-all-reduce: 0.79 | backward-embedding-all-reduce: 163.66 | optimizer-copy-to-main-grad: 2.13 | optimizer-unscale-and-check-inf: 2.15 | optimizer: 4.44 | batch-generator: 1.50
c197-081:17179:17179 [0] NCCL INFO Recv: opCount 19 sendbuff (nil) recvbuff 0x2ae548c00000 count 4194304 datatype 6 op 0 root 3 comm 0xc676160 [nranks=8] stream 0x87fcba0
c197-081:17180:17180 [1] NCCL INFO Recv: opCount 19 sendbuff (nil) recvbuff 0x2b4234c00000 count 4194304 datatype 6 op 0 root 4 comm 0xb226d20 [nranks=8] stream 0x958a9f0
c197-081:17182:17182 [3] NCCL INFO Recv: opCount 11 sendbuff (nil) recvbuff 0x2ac67f020000 count 4194304 datatype 6 op 0 root 6 comm 0xcdb0b20 [nranks=8] stream 0xb1147f0
c197-081:17179:17179 [0] NCCL INFO AllGather: opCount 0 sendbuff 0x2ae548c00000 recvbuff 0x2ae5b8000000 count 8388608 datatype 0 op 0 root 0 comm 0x104294b0 [nranks=1] stream 0xbe86700
c197-081:17179:17179 [0] NCCL INFO Broadcast: opCount 0 sendbuff 0x2ae528c00400 recvbuff 0x2ae528c00400 count 240 datatype 0 op 0 root 0 comm 0x104294b0 [nranks=1] stream 0xbe86700
c197-081:17179:17179 [0] NCCL INFO Broadcast: opCount 0 sendbuff 0x2ae528c3e600 recvbuff 0x2ae528c3e600 count 163904 datatype 0 op 0 root 0 comm 0x104294b0 [nranks=1] stream 0xbe86700
c197-081:17179:17179 [0] NCCL INFO Send: opCount 1a sendbuff (nil) recvbuff 0x2ae600000000 count 4194304 datatype 6 op 0 root 5 comm 0xc676160 [nranks=8] stream 0x87fcba0
c197-081:17179:17179 [0] NCCL INFO Recv: opCount 1b sendbuff (nil) recvbuff 0x2ae5db000000 count 4194304 datatype 6 op 0 root 5 comm 0xc676160 [nranks=8] stream 0x87fcba0
c197-081:17180:17180 [1] NCCL INFO AllGather: opCount 0 sendbuff 0x2b4234c00000 recvbuff 0x2b42a4000000 count 8388608 datatype 0 op 0 root 0 comm 0xefdf960 [nranks=1] stream 0x85277f0
c197-081:17180:17180 [1] NCCL INFO Broadcast: opCount 0 sendbuff 0x2b4218c00400 recvbuff 0x2b4218c00400 count 240 datatype 0 op 0 root 0 comm 0xefdf960 [nranks=1] stream 0x85277f0
c197-081:17180:17180 [1] NCCL INFO Broadcast: opCount 0 sendbuff 0x2b4218c3e600 recvbuff 0x2b4218c3e600 count 163904 datatype 0 op 0 root 0 comm 0xefdf960 [nranks=1] stream 0x85277f0
c197-081:17180:17180 [1] NCCL INFO Send: opCount 1a sendbuff (nil) recvbuff 0x2b42ec000000 count 4194304 datatype 6 op 0 root 6 comm 0xb226d20 [nranks=8] stream 0x958a9f0
c197-081:17180:17180 [1] NCCL INFO Recv: opCount 1b sendbuff (nil) recvbuff 0x2b42c7000000 count 4194304 datatype 6 op 0 root 6 comm 0xb226d20 [nranks=8] stream 0x958a9f0
c197-081:17181:17181 [2] NCCL INFO AllGather: opCount 0 sendbuff 0x2ba2b4c00000 recvbuff 0x2ba324000000 count 8388608 datatype 0 op 0 root 0 comm 0x10437a50 [nranks=1] stream 0x9946ba0
c197-081:17181:17181 [2] NCCL INFO Broadcast: opCount 0 sendbuff 0x2ba298c00400 recvbuff 0x2ba298c00400 count 240 datatype 0 op 0 root 0 comm 0x10437a50 [nranks=1] stream 0x9946ba0
c197-081:17181:17181 [2] NCCL INFO Broadcast: opCount 0 sendbuff 0x2ba298c3e600 recvbuff 0x2ba298c3e600 count 163904 datatype 0 op 0 root 0 comm 0x10437a50 [nranks=1] stream 0x9946ba0
c197-081:17181:17181 [2] NCCL INFO Send: opCount 1a sendbuff (nil) recvbuff 0x2ba36c000000 count 4194304 datatype 6 op 0 root 7 comm 0xc6460d0 [nranks=8] stream 0xa9a9da0
c197-081:17182:17182 [3] NCCL INFO AllGather: opCount 0 sendbuff 0x2ac67f020000 recvbuff 0x2ac5dc400000 count 8388608 datatype 0 op 0 root 0 comm 0x10b82b30 [nranks=1] stream 0xa6e81e0
c197-081:17181:17181 [2] NCCL INFO Recv: opCount 1b sendbuff (nil) recvbuff 0x2ba347000000 count 4194304 datatype 6 op 0 root 7 comm 0xc6460d0 [nranks=8] stream 0xa9a9da0
c197-081:17182:17182 [3] NCCL INFO Broadcast: opCount 0 sendbuff 0x2ac590c00400 recvbuff 0x2ac590c00400 count 240 datatype 0 op 0 root 0 comm 0x10b82b30 [nranks=1] stream 0xa6e81e0
c197-081:17182:17182 [3] NCCL INFO Broadcast: opCount 0 sendbuff 0x2ac590c7fa00 recvbuff 0x2ac590c7fa00 count 163904 datatype 0 op 0 root 0 comm 0x10b82b30 [nranks=1] stream 0xa6e81e0
c197-081:17182:17182 [3] NCCL INFO AllReduce: opCount 0 sendbuff 0x2ac590cefc00 recvbuff 0x2ac590cefc00 count 4096 datatype 7 op 2 root 0 comm 0x10b82b30 [nranks=1] stream 0xa6e81e0
c197-081:17182:17182 [3] NCCL INFO AllReduce: opCount 0 sendbuff 0x2ac590d08c00 recvbuff 0x2ac590d08c00 count 4096 datatype 7 op 0 root 0 comm 0x10b82b30 [nranks=1] stream 0xa6e81e0
c197-081:17182:17182 [3] NCCL INFO AllReduce: opCount 0 sendbuff 0x2ac590d04c00 recvbuff 0x2ac590d04c00 count 4096 datatype 7 op 0 root 0 comm 0x10b82b30 [nranks=1] stream 0xa6e81e0
c197-081:17182:17182 [3] NCCL INFO AllReduce: opCount 0 sendbuff 0x2ac590c3dc00 recvbuff 0x2ac590c3dc00 count 2 datatype 7 op 0 root 0 comm 0xfdde210 [nranks=1] stream 0xb1a1f90
c197-081:17182:17182 [3] NCCL INFO Send: opCount 12 sendbuff (nil) recvbuff 0x2ac660000000 count 4194304 datatype 6 op 0 root 6 comm 0xcdb0b20 [nranks=8] stream 0xb1147f0
c197-081:17181:17181 [2] NCCL INFO AllGather: opCount 0 sendbuff 0x2ba347000000 recvbuff 0x2ba359800000 count 8388608 datatype 0 op 0 root 0 comm 0x10437a50 [nranks=1] stream 0x9946ba0
c197-081:17182:17182 [3] NCCL INFO AllReduce: opCount 0 sendbuff 0x2ac5ce000000 recvbuff 0x2ac5ce000000 count 69676418 datatype 6 op 0 root 0 comm 0xfdde210 [nranks=1] stream 0xb1a1f90
c197-081:17182:17182 [3] NCCL INFO AllReduce: opCount 5 sendbuff 0x2ac5ce210b04 recvbuff 0x2ac5ce210b04 count 29753344 datatype 6 op 0 root 0 comm 0xf783730 [nranks=2] stream 0xbf37f50
c197-081:17181:17181 [2] NCCL INFO Send: opCount 1c sendbuff (nil) recvbuff 0x2ba347000000 count 4194304 datatype 6 op 0 root 5 comm 0xc6460d0 [nranks=8] stream 0xa9a9da0
c197-081:17180:17180 [1] NCCL INFO AllGather: opCount 0 sendbuff 0x2b42c7000000 recvbuff 0x2b42d9800000 count 8388608 datatype 0 op 0 root 0 comm 0xefdf960 [nranks=1] stream 0x85277f0
c197-081:17181:17181 [2] NCCL INFO AllReduce: opCount 0 sendbuff 0x2ba2be000000 recvbuff 0x2ba2be000000 count 37788672 datatype 6 op 0 root 0 comm 0xf66bec0 [nranks=1] stream 0xb7cd500
c197-081:17181:17181 [2] NCCL INFO AllReduce: opCount 4 sendbuff 0x2ba298c13e00 recvbuff 0x2ba298c13e00 count 1 datatype 7 op 2 root 0 comm 0x13f39ea0 [nranks=8] stream 0x9d9e490
c197-081:17180:17180 [1] NCCL INFO Send: opCount 1c sendbuff (nil) recvbuff 0x2b42c7000000 count 4194304 datatype 6 op 0 root 4 comm 0xb226d20 [nranks=8] stream 0x958a9f0
c197-081:17179:17179 [0] NCCL INFO AllGather: opCount 0 sendbuff 0x2ae5db000000 recvbuff 0x2ae5ed800000 count 8388608 datatype 0 op 0 root 0 comm 0x104294b0 [nranks=1] stream 0xbe86700
c197-081:17180:17180 [1] NCCL INFO AllReduce: opCount 0 sendbuff 0x2b423e000000 recvbuff 0x2b423e000000 count 37788672 datatype 6 op 0 root 0 comm 0xe24c740 [nranks=1] stream 0xa3ae150
c197-081:17180:17180 [1] NCCL INFO AllReduce: opCount 4 sendbuff 0x2b4218c13e00 recvbuff 0x2b4218c13e00 count 1 datatype 7 op 2 root 0 comm 0x12b1a4e0 [nranks=8] stream 0x83eb990
c197-081:17179:17179 [0] NCCL INFO Send: opCount 1c sendbuff (nil) recvbuff 0x2ae5db000000 count 4194304 datatype 6 op 0 root 3 comm 0xc676160 [nranks=8] stream 0x87fcba0
c197-081:17179:17179 [0] NCCL INFO AllReduce: opCount 0 sendbuff 0x2ae552000000 recvbuff 0x2ae552000000 count 37788672 datatype 6 op 0 root 0 comm 0xf695230 [nranks=1] stream 0xbe29460
c197-081:17179:17179 [0] NCCL INFO AllReduce: opCount 4 sendbuff 0x2ae528c13e00 recvbuff 0x2ae528c13e00 count 1 datatype 7 op 2 root 0 comm 0x13f63e30 [nranks=8] stream 0x9fad820
c197-081:17182:17182 [3] NCCL INFO AllReduce: opCount 4 sendbuff 0x2ac590c18000 recvbuff 0x2ac590c18000 count 1 datatype 7 op 2 root 0 comm 0x1e612d10 [nranks=8] stream 0xa38f080
 iteration        5/     100 | consumed samples:           40 | elapsed time per iteration (ms): 353.6 | learning rate: 0.000E+00 | global batch size:     8 | loss scale: 268435456.0 | number of skipped iterations:   1 | number of nan iterations:   0 |
time (ms) | forward-compute: 32.01 | forward-recv: 116.20 | backward-compute: 32.16 | backward-send: 1.02 | backward-params-all-reduce: 0.80 | backward-embedding-all-reduce: 165.81 | optimizer-copy-to-main-grad: 1.84 | optimizer-unscale-and-check-inf: 2.04 | optimizer: 4.05 | batch-generator: 1.47
c197-081:17179:17179 [0] NCCL INFO Recv: opCount 1d sendbuff (nil) recvbuff 0x2ae548c00000 count 4194304 datatype 6 op 0 root 3 comm 0xc676160 [nranks=8] stream 0x87fcba0
c197-081:17180:17180 [1] NCCL INFO Recv: opCount 1d sendbuff (nil) recvbuff 0x2b4234c00000 count 4194304 datatype 6 op 0 root 4 comm 0xb226d20 [nranks=8] stream 0x958a9f0
c197-081:17182:17182 [3] NCCL INFO Recv: opCount 13 sendbuff (nil) recvbuff 0x2ac5dcc00000 count 4194304 datatype 6 op 0 root 6 comm 0xcdb0b20 [nranks=8] stream 0xb1147f0
c197-081:17181:17181 [2] NCCL INFO Recv: opCount 1d sendbuff (nil) recvbuff 0x2ba2b4c00000 count 4194304 datatype 6 op 0 root 5 comm 0xc6460d0 [nranks=8] stream 0xa9a9da0
c197-081:17179:17179 [0] NCCL INFO AllGather: opCount 0 sendbuff 0x2ae548c00000 recvbuff 0x2ae5db800000 count 8388608 datatype 0 op 0 root 0 comm 0x104294b0 [nranks=1] stream 0xbe86700
c197-081:17179:17179 [0] NCCL INFO Broadcast: opCount 0 sendbuff 0x2ae528c00400 recvbuff 0x2ae528c00400 count 240 datatype 0 op 0 root 0 comm 0x104294b0 [nranks=1] stream 0xbe86700
c197-081:17179:17179 [0] NCCL INFO Broadcast: opCount 0 sendbuff 0x2ae528c3e600 recvbuff 0x2ae528c3e600 count 163904 datatype 0 op 0 root 0 comm 0x104294b0 [nranks=1] stream 0xbe86700
c197-081:17179:17179 [0] NCCL INFO Send: opCount 1e sendbuff (nil) recvbuff 0x2ae600000000 count 4194304 datatype 6 op 0 root 5 comm 0xc676160 [nranks=8] stream 0x87fcba0
c197-081:17179:17179 [0] NCCL INFO Recv: opCount 1f sendbuff (nil) recvbuff 0x2ae5da800000 count 4194304 datatype 6 op 0 root 5 comm 0xc676160 [nranks=8] stream 0x87fcba0
c197-081:17180:17180 [1] NCCL INFO AllGather: opCount 0 sendbuff 0x2b4234c00000 recvbuff 0x2b42c7800000 count 8388608 datatype 0 op 0 root 0 comm 0xefdf960 [nranks=1] stream 0x85277f0
c197-081:17180:17180 [1] NCCL INFO Broadcast: opCount 0 sendbuff 0x2b4218c00400 recvbuff 0x2b4218c00400 count 240 datatype 0 op 0 root 0 comm 0xefdf960 [nranks=1] stream 0x85277f0
c197-081:17180:17180 [1] NCCL INFO Broadcast: opCount 0 sendbuff 0x2b4218c3e600 recvbuff 0x2b4218c3e600 count 163904 datatype 0 op 0 root 0 comm 0xefdf960 [nranks=1] stream 0x85277f0
c197-081:17180:17180 [1] NCCL INFO Send: opCount 1e sendbuff (nil) recvbuff 0x2b42ec000000 count 4194304 datatype 6 op 0 root 6 comm 0xb226d20 [nranks=8] stream 0x958a9f0
c197-081:17180:17180 [1] NCCL INFO Recv: opCount 1f sendbuff (nil) recvbuff 0x2b42c6800000 count 4194304 datatype 6 op 0 root 6 comm 0xb226d20 [nranks=8] stream 0x958a9f0
c197-081:17181:17181 [2] NCCL INFO AllGather: opCount 0 sendbuff 0x2ba2b4c00000 recvbuff 0x2ba347800000 count 8388608 datatype 0 op 0 root 0 comm 0x10437a50 [nranks=1] stream 0x9946ba0
c197-081:17181:17181 [2] NCCL INFO Broadcast: opCount 0 sendbuff 0x2ba298c00400 recvbuff 0x2ba298c00400 count 240 datatype 0 op 0 root 0 comm 0x10437a50 [nranks=1] stream 0x9946ba0
c197-081:17181:17181 [2] NCCL INFO Broadcast: opCount 0 sendbuff 0x2ba298c3e600 recvbuff 0x2ba298c3e600 count 163904 datatype 0 op 0 root 0 comm 0x10437a50 [nranks=1] stream 0x9946ba0
c197-081:17181:17181 [2] NCCL INFO Send: opCount 1e sendbuff (nil) recvbuff 0x2ba36c000000 count 4194304 datatype 6 op 0 root 7 comm 0xc6460d0 [nranks=8] stream 0xa9a9da0
c197-081:17181:17181 [2] NCCL INFO Recv: opCount 1f sendbuff (nil) recvbuff 0x2ba346800000 count 4194304 datatype 6 op 0 root 7 comm 0xc6460d0 [nranks=8] stream 0xa9a9da0
c197-081:17182:17182 [3] NCCL INFO AllGather: opCount 0 sendbuff 0x2ac5dcc00000 recvbuff 0x2ac67e820000 count 8388608 datatype 0 op 0 root 0 comm 0x10b82b30 [nranks=1] stream 0xa6e81e0
c197-081:17182:17182 [3] NCCL INFO Broadcast: opCount 0 sendbuff 0x2ac590c00400 recvbuff 0x2ac590c00400 count 240 datatype 0 op 0 root 0 comm 0x10b82b30 [nranks=1] stream 0xa6e81e0
c197-081:17182:17182 [3] NCCL INFO Broadcast: opCount 0 sendbuff 0x2ac590c7fa00 recvbuff 0x2ac590c7fa00 count 163904 datatype 0 op 0 root 0 comm 0x10b82b30 [nranks=1] stream 0xa6e81e0
c197-081:17182:17182 [3] NCCL INFO AllReduce: opCount 0 sendbuff 0x2ac590cefc00 recvbuff 0x2ac590cefc00 count 4096 datatype 7 op 2 root 0 comm 0x10b82b30 [nranks=1] stream 0xa6e81e0
c197-081:17182:17182 [3] NCCL INFO AllReduce: opCount 0 sendbuff 0x2ac590d08c00 recvbuff 0x2ac590d08c00 count 4096 datatype 7 op 0 root 0 comm 0x10b82b30 [nranks=1] stream 0xa6e81e0
c197-081:17182:17182 [3] NCCL INFO AllReduce: opCount 0 sendbuff 0x2ac590d04c00 recvbuff 0x2ac590d04c00 count 4096 datatype 7 op 0 root 0 comm 0x10b82b30 [nranks=1] stream 0xa6e81e0
c197-081:17182:17182 [3] NCCL INFO AllReduce: opCount 0 sendbuff 0x2ac590c3dc00 recvbuff 0x2ac590c3dc00 count 2 datatype 7 op 0 root 0 comm 0xfdde210 [nranks=1] stream 0xb1a1f90
c197-081:17182:17182 [3] NCCL INFO Send: opCount 14 sendbuff (nil) recvbuff 0x2ac660000000 count 4194304 datatype 6 op 0 root 6 comm 0xcdb0b20 [nranks=8] stream 0xb1147f0
c197-081:17181:17181 [2] NCCL INFO AllGather: opCount 0 sendbuff 0x2ba346800000 recvbuff 0x2ba359800000 count 8388608 datatype 0 op 0 root 0 comm 0x10437a50 [nranks=1] stream 0x9946ba0
c197-081:17182:17182 [3] NCCL INFO AllReduce: opCount 0 sendbuff 0x2ac5ce000000 recvbuff 0x2ac5ce000000 count 69676418 datatype 6 op 0 root 0 comm 0xfdde210 [nranks=1] stream 0xb1a1f90
c197-081:17182:17182 [3] NCCL INFO AllReduce: opCount 6 sendbuff 0x2ac5ce210b04 recvbuff 0x2ac5ce210b04 count 29753344 datatype 6 op 0 root 0 comm 0xf783730 [nranks=2] stream 0xbf37f50
c197-081:17181:17181 [2] NCCL INFO Send: opCount 20 sendbuff (nil) recvbuff 0x2ba346800000 count 4194304 datatype 6 op 0 root 5 comm 0xc6460d0 [nranks=8] stream 0xa9a9da0
c197-081:17180:17180 [1] NCCL INFO AllGather: opCount 0 sendbuff 0x2b42c6800000 recvbuff 0x2b42d9800000 count 8388608 datatype 0 op 0 root 0 comm 0xefdf960 [nranks=1] stream 0x85277f0
c197-081:17181:17181 [2] NCCL INFO AllReduce: opCount 0 sendbuff 0x2ba2be000000 recvbuff 0x2ba2be000000 count 37788672 datatype 6 op 0 root 0 comm 0xf66bec0 [nranks=1] stream 0xb7cd500
c197-081:17181:17181 [2] NCCL INFO AllReduce: opCount 5 sendbuff 0x2ba298c13e00 recvbuff 0x2ba298c13e00 count 1 datatype 7 op 2 root 0 comm 0x13f39ea0 [nranks=8] stream 0x9d9e490
c197-081:17180:17180 [1] NCCL INFO Send: opCount 20 sendbuff (nil) recvbuff 0x2b42c6800000 count 4194304 datatype 6 op 0 root 4 comm 0xb226d20 [nranks=8] stream 0x958a9f0
c197-081:17179:17179 [0] NCCL INFO AllGather: opCount 0 sendbuff 0x2ae5da800000 recvbuff 0x2ae5ed800000 count 8388608 datatype 0 op 0 root 0 comm 0x104294b0 [nranks=1] stream 0xbe86700
c197-081:17180:17180 [1] NCCL INFO AllReduce: opCount 0 sendbuff 0x2b423e000000 recvbuff 0x2b423e000000 count 37788672 datatype 6 op 0 root 0 comm 0xe24c740 [nranks=1] stream 0xa3ae150
c197-081:17180:17180 [1] NCCL INFO AllReduce: opCount 5 sendbuff 0x2b4218c13e00 recvbuff 0x2b4218c13e00 count 1 datatype 7 op 2 root 0 comm 0x12b1a4e0 [nranks=8] stream 0x83eb990
c197-081:17179:17179 [0] NCCL INFO Send: opCount 20 sendbuff (nil) recvbuff 0x2ae5da800000 count 4194304 datatype 6 op 0 root 3 comm 0xc676160 [nranks=8] stream 0x87fcba0
c197-081:17179:17179 [0] NCCL INFO AllReduce: opCount 0 sendbuff 0x2ae552000000 recvbuff 0x2ae552000000 count 37788672 datatype 6 op 0 root 0 comm 0xf695230 [nranks=1] stream 0xbe29460
c197-081:17179:17179 [0] NCCL INFO AllReduce: opCount 5 sendbuff 0x2ae528c13e00 recvbuff 0x2ae528c13e00 count 1 datatype 7 op 2 root 0 comm 0x13f63e30 [nranks=8] stream 0x9fad820
c197-081:17182:17182 [3] NCCL INFO AllReduce: opCount 5 sendbuff 0x2ac590c18000 recvbuff 0x2ac590c18000 count 1 datatype 7 op 2 root 0 comm 0x1e612d10 [nranks=8] stream 0xa38f080
 iteration        6/     100 | consumed samples:           48 | elapsed time per iteration (ms): 355.0 | learning rate: 0.000E+00 | global batch size:     8 | loss scale: 134217728.0 | number of skipped iterations:   1 | number of nan iterations:   0 |
c197-081:17180:17180 [1] NCCL INFO Recv: opCount 21 sendbuff (nil) recvbuff 0x2b4234c00000 count 4194304 datatype 6 op 0 root 4 comm 0xb226d20 [nranks=8] stream 0x958a9f0
time (ms) | forward-compute: 33.05 | forward-recv: 118.93 | backward-compute: 32.35 | backward-send: 0.92 | backward-params-all-reduce: 0.79 | backward-embedding-all-reduce: 163.39 | optimizer-copy-to-main-grad: 1.53 | optimizer-unscale-and-check-inf: 1.98 | optimizer: 3.74 | batch-generator: 2.14
c197-081:17181:17181 [2] NCCL INFO Recv: opCount 21 sendbuff (nil) recvbuff 0x2ba2b4c00000 count 4194304 datatype 6 op 0 root 5 comm 0xc6460d0 [nranks=8] stream 0xa9a9da0
c197-081:17182:17182 [3] NCCL INFO Recv: opCount 15 sendbuff (nil) recvbuff 0x2ac67f020000 count 4194304 datatype 6 op 0 root 6 comm 0xcdb0b20 [nranks=8] stream 0xb1147f0
c197-081:17179:17179 [0] NCCL INFO Recv: opCount 21 sendbuff (nil) recvbuff 0x2ae548c00000 count 4194304 datatype 6 op 0 root 3 comm 0xc676160 [nranks=8] stream 0x87fcba0
c197-081:17179:17179 [0] NCCL INFO AllGather: opCount 0 sendbuff 0x2ae548c00000 recvbuff 0x2ae5b8000000 count 8388608 datatype 0 op 0 root 0 comm 0x104294b0 [nranks=1] stream 0xbe86700
c197-081:17179:17179 [0] NCCL INFO Broadcast: opCount 0 sendbuff 0x2ae528c00400 recvbuff 0x2ae528c00400 count 240 datatype 0 op 0 root 0 comm 0x104294b0 [nranks=1] stream 0xbe86700
c197-081:17179:17179 [0] NCCL INFO Broadcast: opCount 0 sendbuff 0x2ae528c3e600 recvbuff 0x2ae528c3e600 count 163904 datatype 0 op 0 root 0 comm 0x104294b0 [nranks=1] stream 0xbe86700
c197-081:17179:17179 [0] NCCL INFO Send: opCount 22 sendbuff (nil) recvbuff 0x2ae600000000 count 4194304 datatype 6 op 0 root 5 comm 0xc676160 [nranks=8] stream 0x87fcba0
c197-081:17179:17179 [0] NCCL INFO Recv: opCount 23 sendbuff (nil) recvbuff 0x2ae5db000000 count 4194304 datatype 6 op 0 root 5 comm 0xc676160 [nranks=8] stream 0x87fcba0
c197-081:17180:17180 [1] NCCL INFO AllGather: opCount 0 sendbuff 0x2b4234c00000 recvbuff 0x2b42a4000000 count 8388608 datatype 0 op 0 root 0 comm 0xefdf960 [nranks=1] stream 0x85277f0
c197-081:17180:17180 [1] NCCL INFO Broadcast: opCount 0 sendbuff 0x2b4218c00400 recvbuff 0x2b4218c00400 count 240 datatype 0 op 0 root 0 comm 0xefdf960 [nranks=1] stream 0x85277f0
c197-081:17180:17180 [1] NCCL INFO Broadcast: opCount 0 sendbuff 0x2b4218c3e600 recvbuff 0x2b4218c3e600 count 163904 datatype 0 op 0 root 0 comm 0xefdf960 [nranks=1] stream 0x85277f0
c197-081:17180:17180 [1] NCCL INFO Send: opCount 22 sendbuff (nil) recvbuff 0x2b42ec000000 count 4194304 datatype 6 op 0 root 6 comm 0xb226d20 [nranks=8] stream 0x958a9f0
c197-081:17180:17180 [1] NCCL INFO Recv: opCount 23 sendbuff (nil) recvbuff 0x2b42c7000000 count 4194304 datatype 6 op 0 root 6 comm 0xb226d20 [nranks=8] stream 0x958a9f0
c197-081:17181:17181 [2] NCCL INFO AllGather: opCount 0 sendbuff 0x2ba2b4c00000 recvbuff 0x2ba324000000 count 8388608 datatype 0 op 0 root 0 comm 0x10437a50 [nranks=1] stream 0x9946ba0
c197-081:17181:17181 [2] NCCL INFO Broadcast: opCount 0 sendbuff 0x2ba298c00400 recvbuff 0x2ba298c00400 count 240 datatype 0 op 0 root 0 comm 0x10437a50 [nranks=1] stream 0x9946ba0
c197-081:17181:17181 [2] NCCL INFO Broadcast: opCount 0 sendbuff 0x2ba298c3e600 recvbuff 0x2ba298c3e600 count 163904 datatype 0 op 0 root 0 comm 0x10437a50 [nranks=1] stream 0x9946ba0
c197-081:17181:17181 [2] NCCL INFO Send: opCount 22 sendbuff (nil) recvbuff 0x2ba36c000000 count 4194304 datatype 6 op 0 root 7 comm 0xc6460d0 [nranks=8] stream 0xa9a9da0
c197-081:17181:17181 [2] NCCL INFO Recv: opCount 23 sendbuff (nil) recvbuff 0x2ba347000000 count 4194304 datatype 6 op 0 root 7 comm 0xc6460d0 [nranks=8] stream 0xa9a9da0
c197-081:17182:17182 [3] NCCL INFO AllGather: opCount 0 sendbuff 0x2ac67f020000 recvbuff 0x2ac5dc400000 count 8388608 datatype 0 op 0 root 0 comm 0x10b82b30 [nranks=1] stream 0xa6e81e0
c197-081:17182:17182 [3] NCCL INFO Broadcast: opCount 0 sendbuff 0x2ac590c00400 recvbuff 0x2ac590c00400 count 240 datatype 0 op 0 root 0 comm 0x10b82b30 [nranks=1] stream 0xa6e81e0
c197-081:17182:17182 [3] NCCL INFO Broadcast: opCount 0 sendbuff 0x2ac590c7fa00 recvbuff 0x2ac590c7fa00 count 163904 datatype 0 op 0 root 0 comm 0x10b82b30 [nranks=1] stream 0xa6e81e0
c197-081:17182:17182 [3] NCCL INFO AllReduce: opCount 0 sendbuff 0x2ac590cefc00 recvbuff 0x2ac590cefc00 count 4096 datatype 7 op 2 root 0 comm 0x10b82b30 [nranks=1] stream 0xa6e81e0
c197-081:17182:17182 [3] NCCL INFO AllReduce: opCount 0 sendbuff 0x2ac590d08c00 recvbuff 0x2ac590d08c00 count 4096 datatype 7 op 0 root 0 comm 0x10b82b30 [nranks=1] stream 0xa6e81e0
c197-081:17182:17182 [3] NCCL INFO AllReduce: opCount 0 sendbuff 0x2ac590d04c00 recvbuff 0x2ac590d04c00 count 4096 datatype 7 op 0 root 0 comm 0x10b82b30 [nranks=1] stream 0xa6e81e0
c197-081:17182:17182 [3] NCCL INFO AllReduce: opCount 0 sendbuff 0x2ac590c3dc00 recvbuff 0x2ac590c3dc00 count 2 datatype 7 op 0 root 0 comm 0xfdde210 [nranks=1] stream 0xb1a1f90
c197-081:17182:17182 [3] NCCL INFO Send: opCount 16 sendbuff (nil) recvbuff 0x2ac660000000 count 4194304 datatype 6 op 0 root 6 comm 0xcdb0b20 [nranks=8] stream 0xb1147f0
c197-081:17181:17181 [2] NCCL INFO AllGather: opCount 0 sendbuff 0x2ba347000000 recvbuff 0x2ba359800000 count 8388608 datatype 0 op 0 root 0 comm 0x10437a50 [nranks=1] stream 0x9946ba0
c197-081:17182:17182 [3] NCCL INFO AllReduce: opCount 0 sendbuff 0x2ac5ce000000 recvbuff 0x2ac5ce000000 count 69676418 datatype 6 op 0 root 0 comm 0xfdde210 [nranks=1] stream 0xb1a1f90
c197-081:17182:17182 [3] NCCL INFO AllReduce: opCount 7 sendbuff 0x2ac5ce210b04 recvbuff 0x2ac5ce210b04 count 29753344 datatype 6 op 0 root 0 comm 0xf783730 [nranks=2] stream 0xbf37f50
c197-081:17181:17181 [2] NCCL INFO Send: opCount 24 sendbuff (nil) recvbuff 0x2ba347000000 count 4194304 datatype 6 op 0 root 5 comm 0xc6460d0 [nranks=8] stream 0xa9a9da0
c197-081:17180:17180 [1] NCCL INFO AllGather: opCount 0 sendbuff 0x2b42c7000000 recvbuff 0x2b42d9800000 count 8388608 datatype 0 op 0 root 0 comm 0xefdf960 [nranks=1] stream 0x85277f0
c197-081:17181:17181 [2] NCCL INFO AllReduce: opCount 0 sendbuff 0x2ba2be000000 recvbuff 0x2ba2be000000 count 37788672 datatype 6 op 0 root 0 comm 0xf66bec0 [nranks=1] stream 0xb7cd500
c197-081:17181:17181 [2] NCCL INFO AllReduce: opCount 6 sendbuff 0x2ba298c13e00 recvbuff 0x2ba298c13e00 count 1 datatype 7 op 2 root 0 comm 0x13f39ea0 [nranks=8] stream 0x9d9e490
c197-081:17180:17180 [1] NCCL INFO Send: opCount 24 sendbuff (nil) recvbuff 0x2b42c7000000 count 4194304 datatype 6 op 0 root 4 comm 0xb226d20 [nranks=8] stream 0x958a9f0
c197-081:17180:17180 [1] NCCL INFO AllReduce: opCount 0 sendbuff 0x2b423e000000 recvbuff 0x2b423e000000 count 37788672 datatype 6 op 0 root 0 comm 0xe24c740 [nranks=1] stream 0xa3ae150
c197-081:17179:17179 [0] NCCL INFO AllGather: opCount 0 sendbuff 0x2ae5db000000 recvbuff 0x2ae5ed800000 count 8388608 datatype 0 op 0 root 0 comm 0x104294b0 [nranks=1] stream 0xbe86700
c197-081:17180:17180 [1] NCCL INFO AllReduce: opCount 6 sendbuff 0x2b4218c13e00 recvbuff 0x2b4218c13e00 count 1 datatype 7 op 2 root 0 comm 0x12b1a4e0 [nranks=8] stream 0x83eb990
c197-081:17179:17179 [0] NCCL INFO Send: opCount 24 sendbuff (nil) recvbuff 0x2ae5db000000 count 4194304 datatype 6 op 0 root 3 comm 0xc676160 [nranks=8] stream 0x87fcba0
c197-081:17179:17179 [0] NCCL INFO AllReduce: opCount 0 sendbuff 0x2ae552000000 recvbuff 0x2ae552000000 count 37788672 datatype 6 op 0 root 0 comm 0xf695230 [nranks=1] stream 0xbe29460
c197-081:17179:17179 [0] NCCL INFO AllReduce: opCount 6 sendbuff 0x2ae528c13e00 recvbuff 0x2ae528c13e00 count 1 datatype 7 op 2 root 0 comm 0x13f63e30 [nranks=8] stream 0x9fad820
c197-081:17182:17182 [3] NCCL INFO AllReduce: opCount 6 sendbuff 0x2ac590c18000 recvbuff 0x2ac590c18000 count 1 datatype 7 op 2 root 0 comm 0x1e612d10 [nranks=8] stream 0xa38f080
 iteration        7/     100 | consumed samples:           56 | elapsed time per iteration (ms): 349.1 | learning rate: 0.000E+00 | global batch size:     8 | loss scale: 67108864.0 | number of skipped iterations:   1 | number of nan iterations:   0 |
time (ms) | forward-compute: 31.77 | forward-recv: 116.26 | backward-compute: 32.02 | backward-send: 0.91 | backward-params-all-reduce: 0.79 | backward-embedding-all-reduce: 161.94 | optimizer-copy-to-main-grad: 1.63 | optimizer-unscale-and-check-inf: 2.06 | optimizer: 3.87 | batch-generator: 1.22
c197-081:17179:17179 [0] NCCL INFO Recv: opCount 25 sendbuff (nil) recvbuff 0x2ae548c00000 count 4194304 datatype 6 op 0 root 3 comm 0xc676160 [nranks=8] stream 0x87fcba0
