c197-081:29163:29163 [3] NCCL INFO misc/utils.cc:235 memory stack hunk malloc(65536)
c197-081:29162:29162 [2] NCCL INFO AllReduce: opCount 0 sendbuff 0x2aff1cc13e00 recvbuff 0x2aff1cc13e00 count 1 datatype 7 op 2 root 0 comm 0x12fc5610 [nranks=8] stream 0x90085c0
c197-081:29162:29162 [2] NCCL INFO misc/utils.cc:235 memory stack hunk malloc(65536)
c197-081:29161:32557 [1] NCCL INFO init.cc:392 Cuda Host Alloc Size 33554432 pointer 0x2b7e64000000
c197-081:29161:32557 [1] NCCL INFO init.cc:398 Cuda Host Alloc Size 128 pointer 0x2b7d77343200
c197-081:29161:32557 [1] NCCL INFO comm 0x12d4fa00 rank 5 nranks 8 cudaDev 1 busId 3000 - Init COMPLETE
c197-081:29161:29161 [1] NCCL INFO AllReduce: opCount 0 sendbuff 0x2b7d6cc13e00 recvbuff 0x2b7d6cc13e00 count 1 datatype 7 op 2 root 0 comm 0x12d4fa00 [nranks=8] stream 0x8d96290
c197-081:29161:29161 [1] NCCL INFO misc/utils.cc:235 memory stack hunk malloc(65536)
c197-081:29161:29161 [1] NCCL INFO Recv: opCount d sendbuff (nil) recvbuff 0x2b7d88c00000 count 4194304 datatype 6 op 0 root 4 comm 0xb45ebd0 [nranks=8] stream 0x97c28a0
c197-081:29160:29160 [0] NCCL INFO Recv: opCount d sendbuff (nil) recvbuff 0x2b40aac00000 count 4194304 datatype 6 op 0 root 3 comm 0xbd3cbd0 [nranks=8] stream 0xa0a08a0
 iteration        1/     100 | consumed samples:            8 | elapsed time per iteration (ms): 9850.4 | learning rate: 0.000E+00 | global batch size:     8 | loss scale: 4294967296.0 | number of skipped iterations:   1 | number of nan iterations:   0 |
c197-081:29162:29162 [2] NCCL INFO Recv: opCount d sendbuff (nil) recvbuff 0x2aff38c00000 count 4194304 datatype 6 op 0 root 5 comm 0xb6d1b30 [nranks=8] stream 0x7858950
time (ms) | forward-compute: 413.57 | forward-recv: 1977.03 | backward-compute: 874.27 | backward-send: 6.98 | backward-params-all-reduce: 2.81 | backward-embedding-all-reduce: 6175.68 | optimizer-copy-to-main-grad: 2.21 | optimizer-unscale-and-check-inf: 392.60 | optimizer: 395.06 | batch-generator: 2.72
c197-081:29163:29163 [3] NCCL INFO Recv: opCount b sendbuff (nil) recvbuff 0x2b3018400000 count 4194304 datatype 6 op 0 root 6 comm 0xc5f4c50 [nranks=8] stream 0xa958920
c197-081:29160:29160 [0] NCCL INFO AllGather: opCount 0 sendbuff 0x2b40aac00000 recvbuff 0x2b413c000000 count 8388608 datatype 0 op 0 root 0 comm 0xfb2f150 [nranks=1] stream 0x903d6a0
c197-081:29160:29160 [0] NCCL INFO Broadcast: opCount 0 sendbuff 0x2b4088c00400 recvbuff 0x2b4088c00400 count 240 datatype 0 op 0 root 0 comm 0xfb2f150 [nranks=1] stream 0x903d6a0
c197-081:29160:29160 [0] NCCL INFO Broadcast: opCount 0 sendbuff 0x2b4088c3e600 recvbuff 0x2b4088c3e600 count 163904 datatype 0 op 0 root 0 comm 0xfb2f150 [nranks=1] stream 0x903d6a0
c197-081:29160:29160 [0] NCCL INFO Send: opCount e sendbuff (nil) recvbuff 0x2b4164000000 count 4194304 datatype 6 op 0 root 5 comm 0xbd3cbd0 [nranks=8] stream 0xa0a08a0
c197-081:29161:29161 [1] NCCL INFO AllGather: opCount 0 sendbuff 0x2b7d88c00000 recvbuff 0x2b7e18000000 count 8388608 datatype 0 op 0 root 0 comm 0xf24db40 [nranks=1] stream 0x875f6a0
c197-081:29160:29160 [0] NCCL INFO Recv: opCount f sendbuff (nil) recvbuff 0x2b413d000000 count 4194304 datatype 6 op 0 root 5 comm 0xbd3cbd0 [nranks=8] stream 0xa0a08a0
c197-081:29161:29161 [1] NCCL INFO Broadcast: opCount 0 sendbuff 0x2b7d6cc00400 recvbuff 0x2b7d6cc00400 count 240 datatype 0 op 0 root 0 comm 0xf24db40 [nranks=1] stream 0x875f6a0
c197-081:29161:29161 [1] NCCL INFO Broadcast: opCount 0 sendbuff 0x2b7d6cc3e600 recvbuff 0x2b7d6cc3e600 count 163904 datatype 0 op 0 root 0 comm 0xf24db40 [nranks=1] stream 0x875f6a0
c197-081:29161:29161 [1] NCCL INFO Send: opCount e sendbuff (nil) recvbuff 0x2b7e40000000 count 4194304 datatype 6 op 0 root 6 comm 0xb45ebd0 [nranks=8] stream 0x97c28a0
c197-081:29161:29161 [1] NCCL INFO Recv: opCount f sendbuff (nil) recvbuff 0x2b7e19000000 count 4194304 datatype 6 op 0 root 6 comm 0xb45ebd0 [nranks=8] stream 0x97c28a0
c197-081:29162:29162 [2] NCCL INFO AllGather: opCount 0 sendbuff 0x2aff38c00000 recvbuff 0x2affc8000000 count 8388608 datatype 0 op 0 root 0 comm 0xf1158c0 [nranks=1] stream 0xaee20d0
c197-081:29162:29162 [2] NCCL INFO Broadcast: opCount 0 sendbuff 0x2aff1cc00400 recvbuff 0x2aff1cc00400 count 240 datatype 0 op 0 root 0 comm 0xf1158c0 [nranks=1] stream 0xaee20d0
c197-081:29162:29162 [2] NCCL INFO Broadcast: opCount 0 sendbuff 0x2aff1cc3e600 recvbuff 0x2aff1cc3e600 count 163904 datatype 0 op 0 root 0 comm 0xf1158c0 [nranks=1] stream 0xaee20d0
c197-081:29162:29162 [2] NCCL INFO Send: opCount e sendbuff (nil) recvbuff 0x2afff0000000 count 4194304 datatype 6 op 0 root 7 comm 0xb6d1b30 [nranks=8] stream 0x7858950
c197-081:29162:29162 [2] NCCL INFO Recv: opCount f sendbuff (nil) recvbuff 0x2affc9000000 count 4194304 datatype 6 op 0 root 7 comm 0xb6d1b30 [nranks=8] stream 0x7858950
c197-081:29163:29163 [3] NCCL INFO AllGather: opCount 0 sendbuff 0x2b3018400000 recvbuff 0x2b3098000000 count 8388608 datatype 0 op 0 root 0 comm 0x103ff8f0 [nranks=1] stream 0x9f2c310
c197-081:29163:29163 [3] NCCL INFO Broadcast: opCount 0 sendbuff 0x2b2fccc00400 recvbuff 0x2b2fccc00400 count 240 datatype 0 op 0 root 0 comm 0x103ff8f0 [nranks=1] stream 0x9f2c310
c197-081:29163:29163 [3] NCCL INFO Broadcast: opCount 0 sendbuff 0x2b2fccc7fa00 recvbuff 0x2b2fccc7fa00 count 163904 datatype 0 op 0 root 0 comm 0x103ff8f0 [nranks=1] stream 0x9f2c310
c197-081:29163:29163 [3] NCCL INFO AllReduce: opCount 0 sendbuff 0x2b2fcccefc00 recvbuff 0x2b2fcccefc00 count 4096 datatype 7 op 2 root 0 comm 0x103ff8f0 [nranks=1] stream 0x9f2c310
c197-081:29163:29163 [3] NCCL INFO AllReduce: opCount 0 sendbuff 0x2b2fccd08c00 recvbuff 0x2b2fccd08c00 count 4096 datatype 7 op 0 root 0 comm 0x103ff8f0 [nranks=1] stream 0x9f2c310
c197-081:29163:29163 [3] NCCL INFO AllReduce: opCount 0 sendbuff 0x2b2fccd04c00 recvbuff 0x2b2fccd04c00 count 4096 datatype 7 op 0 root 0 comm 0x103ff8f0 [nranks=1] stream 0x9f2c310
c197-081:29163:29163 [3] NCCL INFO AllReduce: opCount 0 sendbuff 0x2b2fccc38800 recvbuff 0x2b2fccc38800 count 2 datatype 7 op 0 root 0 comm 0xf624b10 [nranks=1] stream 0xa9e60c0
c197-081:29163:29163 [3] NCCL INFO Send: opCount c sendbuff (nil) recvbuff 0x2b30a0000000 count 4194304 datatype 6 op 0 root 6 comm 0xc5f4c50 [nranks=8] stream 0xa958920
c197-081:29162:29162 [2] NCCL INFO AllGather: opCount 0 sendbuff 0x2affc9000000 recvbuff 0x2affdd800000 count 8388608 datatype 0 op 0 root 0 comm 0xf1158c0 [nranks=1] stream 0xaee20d0
c197-081:29163:29163 [3] NCCL INFO AllReduce: opCount 0 sendbuff 0x2b300a000000 recvbuff 0x2b300a000000 count 69676418 datatype 6 op 0 root 0 comm 0xf624b10 [nranks=1] stream 0xa9e60c0
c197-081:29163:29163 [3] NCCL INFO AllReduce: opCount 2 sendbuff 0x2b300a210b04 recvbuff 0x2b300a210b04 count 29753344 datatype 6 op 0 root 0 comm 0xefe3f00 [nranks=2] stream 0xb77c080
c197-081:29162:29162 [2] NCCL INFO Send: opCount 10 sendbuff (nil) recvbuff 0x2affc9000000 count 4194304 datatype 6 op 0 root 5 comm 0xb6d1b30 [nranks=8] stream 0x7858950
c197-081:29161:29161 [1] NCCL INFO AllGather: opCount 0 sendbuff 0x2b7e19000000 recvbuff 0x2b7e2d800000 count 8388608 datatype 0 op 0 root 0 comm 0xf24db40 [nranks=1] stream 0x875f6a0
c197-081:29162:29162 [2] NCCL INFO AllReduce: opCount 0 sendbuff 0x2aff42000000 recvbuff 0x2aff42000000 count 37788672 datatype 6 op 0 root 0 comm 0xf08d3e0 [nranks=1] stream 0xae84e30
c197-081:29162:29162 [2] NCCL INFO AllReduce: opCount 1 sendbuff 0x2aff1cc13e00 recvbuff 0x2aff1cc13e00 count 1 datatype 7 op 2 root 0 comm 0x12fc5610 [nranks=8] stream 0x90085c0
c197-081:29161:29161 [1] NCCL INFO Send: opCount 10 sendbuff (nil) recvbuff 0x2b7e19000000 count 4194304 datatype 6 op 0 root 4 comm 0xb45ebd0 [nranks=8] stream 0x97c28a0
c197-081:29160:29160 [0] NCCL INFO AllGather: opCount 0 sendbuff 0x2b413d000000 recvbuff 0x2b4151800000 count 8388608 datatype 0 op 0 root 0 comm 0xfb2f150 [nranks=1] stream 0x903d6a0
c197-081:29161:29161 [1] NCCL INFO AllReduce: opCount 0 sendbuff 0x2b7d92000000 recvbuff 0x2b7d92000000 count 37788672 datatype 6 op 0 root 0 comm 0xe482200 [nranks=1] stream 0xa5e6000
c197-081:29161:29161 [1] NCCL INFO AllReduce: opCount 1 sendbuff 0x2b7d6cc13e00 recvbuff 0x2b7d6cc13e00 count 1 datatype 7 op 2 root 0 comm 0x12d4fa00 [nranks=8] stream 0x8d96290
c197-081:29160:29160 [0] NCCL INFO Send: opCount 10 sendbuff (nil) recvbuff 0x2b413d000000 count 4194304 datatype 6 op 0 root 3 comm 0xbd3cbd0 [nranks=8] stream 0xa0a08a0
c197-081:29160:29160 [0] NCCL INFO AllReduce: opCount 0 sendbuff 0x2b40b4000000 recvbuff 0x2b40b4000000 count 37788672 datatype 6 op 0 root 0 comm 0xed63ca0 [nranks=1] stream 0xaec4000
c197-081:29160:29160 [0] NCCL INFO AllReduce: opCount 1 sendbuff 0x2b4088c13e00 recvbuff 0x2b4088c13e00 count 1 datatype 7 op 2 root 0 comm 0x136310d0 [nranks=8] stream 0x9674290
c197-081:29163:29163 [3] NCCL INFO AllReduce: opCount 1 sendbuff 0x2b2fccc18000 recvbuff 0x2b2fccc18000 count 1 datatype 7 op 2 root 0 comm 0x1de57ff0 [nranks=8] stream 0x9bd31b0
c197-081:29161:29161 [1] NCCL INFO Recv: opCount 11 sendbuff (nil) recvbuff 0x2b7d88c00000 count 4194304 datatype 6 op 0 root 4 comm 0xb45ebd0 [nranks=8] stream 0x97c28a0
 iteration        2/     100 | consumed samples:           16 | elapsed time per iteration (ms): 392.9 | learning rate: 0.000E+00 | global batch size:     8 | loss scale: 2147483648.0 | number of skipped iterations:   1 | number of nan iterations:   0 |
time (ms) | forward-compute: 33.74 | forward-recv: 126.48 | backward-compute: 32.59 | backward-send: 0.95 | backward-params-all-reduce: 0.81 | backward-embedding-all-reduce: 166.98 | optimizer-copy-to-main-grad: 1.75 | optimizer-unscale-and-check-inf: 2.01 | optimizer: 29.76 | batch-generator: 2.41
c197-081:29162:29162 [2] NCCL INFO Recv: opCount 11 sendbuff (nil) recvbuff 0x2aff38c00000 count 4194304 datatype 6 op 0 root 5 comm 0xb6d1b30 [nranks=8] stream 0x7858950
c197-081:29160:29160 [0] NCCL INFO Recv: opCount 11 sendbuff (nil) recvbuff 0x2b40aac00000 count 4194304 datatype 6 op 0 root 3 comm 0xbd3cbd0 [nranks=8] stream 0xa0a08a0
c197-081:29163:29163 [3] NCCL INFO Recv: opCount d sendbuff (nil) recvbuff 0x2b3018400000 count 4194304 datatype 6 op 0 root 6 comm 0xc5f4c50 [nranks=8] stream 0xa958920
c197-081:29160:29160 [0] NCCL INFO AllGather: opCount 0 sendbuff 0x2b40aac00000 recvbuff 0x2b411c000000 count 8388608 datatype 0 op 0 root 0 comm 0xfb2f150 [nranks=1] stream 0x903d6a0
c197-081:29160:29160 [0] NCCL INFO Broadcast: opCount 0 sendbuff 0x2b4088c00400 recvbuff 0x2b4088c00400 count 240 datatype 0 op 0 root 0 comm 0xfb2f150 [nranks=1] stream 0x903d6a0
c197-081:29160:29160 [0] NCCL INFO Broadcast: opCount 0 sendbuff 0x2b4088c3e600 recvbuff 0x2b4088c3e600 count 163904 datatype 0 op 0 root 0 comm 0xfb2f150 [nranks=1] stream 0x903d6a0
c197-081:29160:29160 [0] NCCL INFO Send: opCount 12 sendbuff (nil) recvbuff 0x2b4164000000 count 4194304 datatype 6 op 0 root 5 comm 0xbd3cbd0 [nranks=8] stream 0xa0a08a0
c197-081:29161:29161 [1] NCCL INFO AllGather: opCount 0 sendbuff 0x2b7d88c00000 recvbuff 0x2b7df8000000 count 8388608 datatype 0 op 0 root 0 comm 0xf24db40 [nranks=1] stream 0x875f6a0
c197-081:29160:29160 [0] NCCL INFO Recv: opCount 13 sendbuff (nil) recvbuff 0x2b413f000000 count 4194304 datatype 6 op 0 root 5 comm 0xbd3cbd0 [nranks=8] stream 0xa0a08a0
c197-081:29161:29161 [1] NCCL INFO Broadcast: opCount 0 sendbuff 0x2b7d6cc00400 recvbuff 0x2b7d6cc00400 count 240 datatype 0 op 0 root 0 comm 0xf24db40 [nranks=1] stream 0x875f6a0
c197-081:29161:29161 [1] NCCL INFO Broadcast: opCount 0 sendbuff 0x2b7d6cc3e600 recvbuff 0x2b7d6cc3e600 count 163904 datatype 0 op 0 root 0 comm 0xf24db40 [nranks=1] stream 0x875f6a0
c197-081:29161:29161 [1] NCCL INFO Send: opCount 12 sendbuff (nil) recvbuff 0x2b7e40000000 count 4194304 datatype 6 op 0 root 6 comm 0xb45ebd0 [nranks=8] stream 0x97c28a0
c197-081:29161:29161 [1] NCCL INFO Recv: opCount 13 sendbuff (nil) recvbuff 0x2b7e1b000000 count 4194304 datatype 6 op 0 root 6 comm 0xb45ebd0 [nranks=8] stream 0x97c28a0
c197-081:29162:29162 [2] NCCL INFO AllGather: opCount 0 sendbuff 0x2aff38c00000 recvbuff 0x2affa8000000 count 8388608 datatype 0 op 0 root 0 comm 0xf1158c0 [nranks=1] stream 0xaee20d0
c197-081:29162:29162 [2] NCCL INFO Broadcast: opCount 0 sendbuff 0x2aff1cc00400 recvbuff 0x2aff1cc00400 count 240 datatype 0 op 0 root 0 comm 0xf1158c0 [nranks=1] stream 0xaee20d0
c197-081:29162:29162 [2] NCCL INFO Broadcast: opCount 0 sendbuff 0x2aff1cc3e600 recvbuff 0x2aff1cc3e600 count 163904 datatype 0 op 0 root 0 comm 0xf1158c0 [nranks=1] stream 0xaee20d0
c197-081:29162:29162 [2] NCCL INFO Send: opCount 12 sendbuff (nil) recvbuff 0x2afff0000000 count 4194304 datatype 6 op 0 root 7 comm 0xb6d1b30 [nranks=8] stream 0x7858950
c197-081:29163:29163 [3] NCCL INFO AllGather: opCount 0 sendbuff 0x2b3018400000 recvbuff 0x2b3018c00000 count 8388608 datatype 0 op 0 root 0 comm 0x103ff8f0 [nranks=1] stream 0x9f2c310
c197-081:29162:29162 [2] NCCL INFO Recv: opCount 13 sendbuff (nil) recvbuff 0x2affcb000000 count 4194304 datatype 6 op 0 root 7 comm 0xb6d1b30 [nranks=8] stream 0x7858950
c197-081:29163:29163 [3] NCCL INFO Broadcast: opCount 0 sendbuff 0x2b2fccc00400 recvbuff 0x2b2fccc00400 count 240 datatype 0 op 0 root 0 comm 0x103ff8f0 [nranks=1] stream 0x9f2c310
c197-081:29163:29163 [3] NCCL INFO Broadcast: opCount 0 sendbuff 0x2b2fccc7fa00 recvbuff 0x2b2fccc7fa00 count 163904 datatype 0 op 0 root 0 comm 0x103ff8f0 [nranks=1] stream 0x9f2c310
c197-081:29163:29163 [3] NCCL INFO AllReduce: opCount 0 sendbuff 0x2b2fcccefc00 recvbuff 0x2b2fcccefc00 count 4096 datatype 7 op 2 root 0 comm 0x103ff8f0 [nranks=1] stream 0x9f2c310
c197-081:29163:29163 [3] NCCL INFO AllReduce: opCount 0 sendbuff 0x2b2fccd08c00 recvbuff 0x2b2fccd08c00 count 4096 datatype 7 op 0 root 0 comm 0x103ff8f0 [nranks=1] stream 0x9f2c310
c197-081:29163:29163 [3] NCCL INFO AllReduce: opCount 0 sendbuff 0x2b2fccd04c00 recvbuff 0x2b2fccd04c00 count 4096 datatype 7 op 0 root 0 comm 0x103ff8f0 [nranks=1] stream 0x9f2c310
c197-081:29163:29163 [3] NCCL INFO AllReduce: opCount 0 sendbuff 0x2b2fccc2b200 recvbuff 0x2b2fccc2b200 count 2 datatype 7 op 0 root 0 comm 0xf624b10 [nranks=1] stream 0xa9e60c0
c197-081:29163:29163 [3] NCCL INFO Send: opCount e sendbuff (nil) recvbuff 0x2b30a0000000 count 4194304 datatype 6 op 0 root 6 comm 0xc5f4c50 [nranks=8] stream 0xa958920
c197-081:29162:29162 [2] NCCL INFO AllGather: opCount 0 sendbuff 0x2affcb000000 recvbuff 0x2affdd800000 count 8388608 datatype 0 op 0 root 0 comm 0xf1158c0 [nranks=1] stream 0xaee20d0
c197-081:29163:29163 [3] NCCL INFO AllReduce: opCount 0 sendbuff 0x2b300a000000 recvbuff 0x2b300a000000 count 69676418 datatype 6 op 0 root 0 comm 0xf624b10 [nranks=1] stream 0xa9e60c0
c197-081:29163:29163 [3] NCCL INFO AllReduce: opCount 3 sendbuff 0x2b300a210b04 recvbuff 0x2b300a210b04 count 29753344 datatype 6 op 0 root 0 comm 0xefe3f00 [nranks=2] stream 0xb77c080
c197-081:29162:29162 [2] NCCL INFO Send: opCount 14 sendbuff (nil) recvbuff 0x2affcb000000 count 4194304 datatype 6 op 0 root 5 comm 0xb6d1b30 [nranks=8] stream 0x7858950
c197-081:29161:29161 [1] NCCL INFO AllGather: opCount 0 sendbuff 0x2b7e1b000000 recvbuff 0x2b7e2d800000 count 8388608 datatype 0 op 0 root 0 comm 0xf24db40 [nranks=1] stream 0x875f6a0
c197-081:29162:29162 [2] NCCL INFO AllReduce: opCount 0 sendbuff 0x2aff42000000 recvbuff 0x2aff42000000 count 37788672 datatype 6 op 0 root 0 comm 0xf08d3e0 [nranks=1] stream 0xae84e30
c197-081:29162:29162 [2] NCCL INFO AllReduce: opCount 2 sendbuff 0x2aff1cc13e00 recvbuff 0x2aff1cc13e00 count 1 datatype 7 op 2 root 0 comm 0x12fc5610 [nranks=8] stream 0x90085c0
c197-081:29161:29161 [1] NCCL INFO Send: opCount 14 sendbuff (nil) recvbuff 0x2b7e1b000000 count 4194304 datatype 6 op 0 root 4 comm 0xb45ebd0 [nranks=8] stream 0x97c28a0
c197-081:29160:29160 [0] NCCL INFO AllGather: opCount 0 sendbuff 0x2b413f000000 recvbuff 0x2b4151800000 count 8388608 datatype 0 op 0 root 0 comm 0xfb2f150 [nranks=1] stream 0x903d6a0
c197-081:29161:29161 [1] NCCL INFO AllReduce: opCount 0 sendbuff 0x2b7d92000000 recvbuff 0x2b7d92000000 count 37788672 datatype 6 op 0 root 0 comm 0xe482200 [nranks=1] stream 0xa5e6000
c197-081:29161:29161 [1] NCCL INFO AllReduce: opCount 2 sendbuff 0x2b7d6cc13e00 recvbuff 0x2b7d6cc13e00 count 1 datatype 7 op 2 root 0 comm 0x12d4fa00 [nranks=8] stream 0x8d96290
c197-081:29160:29160 [0] NCCL INFO Send: opCount 14 sendbuff (nil) recvbuff 0x2b413f000000 count 4194304 datatype 6 op 0 root 3 comm 0xbd3cbd0 [nranks=8] stream 0xa0a08a0
c197-081:29160:29160 [0] NCCL INFO AllReduce: opCount 0 sendbuff 0x2b40b4000000 recvbuff 0x2b40b4000000 count 37788672 datatype 6 op 0 root 0 comm 0xed63ca0 [nranks=1] stream 0xaec4000
c197-081:29160:29160 [0] NCCL INFO AllReduce: opCount 2 sendbuff 0x2b4088c13e00 recvbuff 0x2b4088c13e00 count 1 datatype 7 op 2 root 0 comm 0x136310d0 [nranks=8] stream 0x9674290
c197-081:29163:29163 [3] NCCL INFO AllReduce: opCount 2 sendbuff 0x2b2fccc18000 recvbuff 0x2b2fccc18000 count 1 datatype 7 op 2 root 0 comm 0x1de57ff0 [nranks=8] stream 0x9bd31b0
c197-081:29160:29160 [0] NCCL INFO Recv: opCount 15 sendbuff (nil) recvbuff 0x2b40aac00000 count 4194304 datatype 6 op 0 root 3 comm 0xbd3cbd0 [nranks=8] stream 0xa0a08a0
c197-081:29161:29161 [1] NCCL INFO Recv: opCount 15 sendbuff (nil) recvbuff 0x2b7d88c00000 count 4194304 datatype 6 op 0 root 4 comm 0xb45ebd0 [nranks=8] stream 0x97c28a0
 iteration        3/     100 | consumed samples:           24 | elapsed time per iteration (ms): 349.1 | learning rate: 0.000E+00 | global batch size:     8 | loss scale: 1073741824.0 | number of skipped iterations:   1 | number of nan iterations:   0 |
time (ms) | forward-compute: 31.85 | forward-recv: 116.09 | backward-compute: 32.11 | backward-send: 0.93 | backward-params-all-reduce: 0.79 | backward-embedding-all-reduce: 161.64 | optimizer-copy-to-main-grad: 1.59 | optimizer-unscale-and-check-inf: 2.22 | optimizer: 4.04 | batch-generator: 1.27
c197-081:29162:29162 [2] NCCL INFO Recv: opCount 15 sendbuff (nil) recvbuff 0x2aff38c00000 count 4194304 datatype 6 op 0 root 5 comm 0xb6d1b30 [nranks=8] stream 0x7858950
c197-081:29163:29163 [3] NCCL INFO Recv: opCount f sendbuff (nil) recvbuff 0x2b3018400000 count 4194304 datatype 6 op 0 root 6 comm 0xc5f4c50 [nranks=8] stream 0xa958920
c197-081:29160:29160 [0] NCCL INFO AllGather: opCount 0 sendbuff 0x2b40aac00000 recvbuff 0x2b413f800000 count 8388608 datatype 0 op 0 root 0 comm 0xfb2f150 [nranks=1] stream 0x903d6a0
c197-081:29160:29160 [0] NCCL INFO Broadcast: opCount 0 sendbuff 0x2b4088c00400 recvbuff 0x2b4088c00400 count 240 datatype 0 op 0 root 0 comm 0xfb2f150 [nranks=1] stream 0x903d6a0
c197-081:29160:29160 [0] NCCL INFO Broadcast: opCount 0 sendbuff 0x2b4088c3e600 recvbuff 0x2b4088c3e600 count 163904 datatype 0 op 0 root 0 comm 0xfb2f150 [nranks=1] stream 0x903d6a0
c197-081:29160:29160 [0] NCCL INFO Send: opCount 16 sendbuff (nil) recvbuff 0x2b4164000000 count 4194304 datatype 6 op 0 root 5 comm 0xbd3cbd0 [nranks=8] stream 0xa0a08a0
c197-081:29160:29160 [0] NCCL INFO Recv: opCount 17 sendbuff (nil) recvbuff 0x2b413e800000 count 4194304 datatype 6 op 0 root 5 comm 0xbd3cbd0 [nranks=8] stream 0xa0a08a0
c197-081:29161:29161 [1] NCCL INFO AllGather: opCount 0 sendbuff 0x2b7d88c00000 recvbuff 0x2b7e1b800000 count 8388608 datatype 0 op 0 root 0 comm 0xf24db40 [nranks=1] stream 0x875f6a0
c197-081:29161:29161 [1] NCCL INFO Broadcast: opCount 0 sendbuff 0x2b7d6cc00400 recvbuff 0x2b7d6cc00400 count 240 datatype 0 op 0 root 0 comm 0xf24db40 [nranks=1] stream 0x875f6a0
c197-081:29161:29161 [1] NCCL INFO Broadcast: opCount 0 sendbuff 0x2b7d6cc3e600 recvbuff 0x2b7d6cc3e600 count 163904 datatype 0 op 0 root 0 comm 0xf24db40 [nranks=1] stream 0x875f6a0
c197-081:29161:29161 [1] NCCL INFO Send: opCount 16 sendbuff (nil) recvbuff 0x2b7e40000000 count 4194304 datatype 6 op 0 root 6 comm 0xb45ebd0 [nranks=8] stream 0x97c28a0
c197-081:29161:29161 [1] NCCL INFO Recv: opCount 17 sendbuff (nil) recvbuff 0x2b7e1a800000 count 4194304 datatype 6 op 0 root 6 comm 0xb45ebd0 [nranks=8] stream 0x97c28a0
c197-081:29162:29162 [2] NCCL INFO AllGather: opCount 0 sendbuff 0x2aff38c00000 recvbuff 0x2affcb800000 count 8388608 datatype 0 op 0 root 0 comm 0xf1158c0 [nranks=1] stream 0xaee20d0
c197-081:29162:29162 [2] NCCL INFO Broadcast: opCount 0 sendbuff 0x2aff1cc00400 recvbuff 0x2aff1cc00400 count 240 datatype 0 op 0 root 0 comm 0xf1158c0 [nranks=1] stream 0xaee20d0
c197-081:29162:29162 [2] NCCL INFO Broadcast: opCount 0 sendbuff 0x2aff1cc3e600 recvbuff 0x2aff1cc3e600 count 163904 datatype 0 op 0 root 0 comm 0xf1158c0 [nranks=1] stream 0xaee20d0
c197-081:29162:29162 [2] NCCL INFO Send: opCount 16 sendbuff (nil) recvbuff 0x2afff0000000 count 4194304 datatype 6 op 0 root 7 comm 0xb6d1b30 [nranks=8] stream 0x7858950
c197-081:29162:29162 [2] NCCL INFO Recv: opCount 17 sendbuff (nil) recvbuff 0x2affca800000 count 4194304 datatype 6 op 0 root 7 comm 0xb6d1b30 [nranks=8] stream 0x7858950
c197-081:29163:29163 [3] NCCL INFO AllGather: opCount 0 sendbuff 0x2b3018400000 recvbuff 0x2b30be820000 count 8388608 datatype 0 op 0 root 0 comm 0x103ff8f0 [nranks=1] stream 0x9f2c310
c197-081:29163:29163 [3] NCCL INFO Broadcast: opCount 0 sendbuff 0x2b2fccc00400 recvbuff 0x2b2fccc00400 count 240 datatype 0 op 0 root 0 comm 0x103ff8f0 [nranks=1] stream 0x9f2c310
c197-081:29163:29163 [3] NCCL INFO Broadcast: opCount 0 sendbuff 0x2b2fccc7fa00 recvbuff 0x2b2fccc7fa00 count 163904 datatype 0 op 0 root 0 comm 0x103ff8f0 [nranks=1] stream 0x9f2c310
c197-081:29163:29163 [3] NCCL INFO AllReduce: opCount 0 sendbuff 0x2b2fcccefc00 recvbuff 0x2b2fcccefc00 count 4096 datatype 7 op 2 root 0 comm 0x103ff8f0 [nranks=1] stream 0x9f2c310
c197-081:29163:29163 [3] NCCL INFO AllReduce: opCount 0 sendbuff 0x2b2fccd08c00 recvbuff 0x2b2fccd08c00 count 4096 datatype 7 op 0 root 0 comm 0x103ff8f0 [nranks=1] stream 0x9f2c310
c197-081:29163:29163 [3] NCCL INFO AllReduce: opCount 0 sendbuff 0x2b2fccd04c00 recvbuff 0x2b2fccd04c00 count 4096 datatype 7 op 0 root 0 comm 0x103ff8f0 [nranks=1] stream 0x9f2c310
c197-081:29163:29163 [3] NCCL INFO AllReduce: opCount 0 sendbuff 0x2b2fccc3dc00 recvbuff 0x2b2fccc3dc00 count 2 datatype 7 op 0 root 0 comm 0xf624b10 [nranks=1] stream 0xa9e60c0
c197-081:29163:29163 [3] NCCL INFO Send: opCount 10 sendbuff (nil) recvbuff 0x2b30a0000000 count 4194304 datatype 6 op 0 root 6 comm 0xc5f4c50 [nranks=8] stream 0xa958920
c197-081:29162:29162 [2] NCCL INFO AllGather: opCount 0 sendbuff 0x2affca800000 recvbuff 0x2affdd800000 count 8388608 datatype 0 op 0 root 0 comm 0xf1158c0 [nranks=1] stream 0xaee20d0
c197-081:29163:29163 [3] NCCL INFO AllReduce: opCount 0 sendbuff 0x2b300a000000 recvbuff 0x2b300a000000 count 69676418 datatype 6 op 0 root 0 comm 0xf624b10 [nranks=1] stream 0xa9e60c0
c197-081:29163:29163 [3] NCCL INFO AllReduce: opCount 4 sendbuff 0x2b300a210b04 recvbuff 0x2b300a210b04 count 29753344 datatype 6 op 0 root 0 comm 0xefe3f00 [nranks=2] stream 0xb77c080
c197-081:29162:29162 [2] NCCL INFO Send: opCount 18 sendbuff (nil) recvbuff 0x2affca800000 count 4194304 datatype 6 op 0 root 5 comm 0xb6d1b30 [nranks=8] stream 0x7858950
c197-081:29161:29161 [1] NCCL INFO AllGather: opCount 0 sendbuff 0x2b7e1a800000 recvbuff 0x2b7e2d800000 count 8388608 datatype 0 op 0 root 0 comm 0xf24db40 [nranks=1] stream 0x875f6a0
c197-081:29162:29162 [2] NCCL INFO AllReduce: opCount 0 sendbuff 0x2aff42000000 recvbuff 0x2aff42000000 count 37788672 datatype 6 op 0 root 0 comm 0xf08d3e0 [nranks=1] stream 0xae84e30
c197-081:29162:29162 [2] NCCL INFO AllReduce: opCount 3 sendbuff 0x2aff1cc13e00 recvbuff 0x2aff1cc13e00 count 1 datatype 7 op 2 root 0 comm 0x12fc5610 [nranks=8] stream 0x90085c0
c197-081:29161:29161 [1] NCCL INFO Send: opCount 18 sendbuff (nil) recvbuff 0x2b7e1a800000 count 4194304 datatype 6 op 0 root 4 comm 0xb45ebd0 [nranks=8] stream 0x97c28a0
c197-081:29161:29161 [1] NCCL INFO AllReduce: opCount 0 sendbuff 0x2b7d92000000 recvbuff 0x2b7d92000000 count 37788672 datatype 6 op 0 root 0 comm 0xe482200 [nranks=1] stream 0xa5e6000
c197-081:29160:29160 [0] NCCL INFO AllGather: opCount 0 sendbuff 0x2b413e800000 recvbuff 0x2b4151800000 count 8388608 datatype 0 op 0 root 0 comm 0xfb2f150 [nranks=1] stream 0x903d6a0
c197-081:29161:29161 [1] NCCL INFO AllReduce: opCount 3 sendbuff 0x2b7d6cc13e00 recvbuff 0x2b7d6cc13e00 count 1 datatype 7 op 2 root 0 comm 0x12d4fa00 [nranks=8] stream 0x8d96290
c197-081:29160:29160 [0] NCCL INFO Send: opCount 18 sendbuff (nil) recvbuff 0x2b413e800000 count 4194304 datatype 6 op 0 root 3 comm 0xbd3cbd0 [nranks=8] stream 0xa0a08a0
c197-081:29160:29160 [0] NCCL INFO AllReduce: opCount 0 sendbuff 0x2b40b4000000 recvbuff 0x2b40b4000000 count 37788672 datatype 6 op 0 root 0 comm 0xed63ca0 [nranks=1] stream 0xaec4000
c197-081:29160:29160 [0] NCCL INFO AllReduce: opCount 3 sendbuff 0x2b4088c13e00 recvbuff 0x2b4088c13e00 count 1 datatype 7 op 2 root 0 comm 0x136310d0 [nranks=8] stream 0x9674290
c197-081:29163:29163 [3] NCCL INFO AllReduce: opCount 3 sendbuff 0x2b2fccc18000 recvbuff 0x2b2fccc18000 count 1 datatype 7 op 2 root 0 comm 0x1de57ff0 [nranks=8] stream 0x9bd31b0
c197-081:29160:29160 [0] NCCL INFO Recv: opCount 19 sendbuff (nil) recvbuff 0x2b40aac00000 count 4194304 datatype 6 op 0 root 3 comm 0xbd3cbd0 [nranks=8] stream 0xa0a08a0
 iteration        4/     100 | consumed samples:           32 | elapsed time per iteration (ms): 349.9 | learning rate: 0.000E+00 | global batch size:     8 | loss scale: 536870912.0 | number of skipped iterations:   1 | number of nan iterations:   0 |
time (ms) | forward-compute: 31.76 | forward-recv: 116.18 | backward-compute: 32.21 | backward-send: 0.91 | backward-params-all-reduce: 0.79 | backward-embedding-all-reduce: 162.84 | optimizer-copy-to-main-grad: 1.47 | optimizer-unscale-and-check-inf: 1.97 | optimizer: 3.62 | batch-generator: 1.20
c197-081:29161:29161 [1] NCCL INFO Recv: opCount 19 sendbuff (nil) recvbuff 0x2b7d88c00000 count 4194304 datatype 6 op 0 root 4 comm 0xb45ebd0 [nranks=8] stream 0x97c28a0
c197-081:29163:29163 [3] NCCL INFO Recv: opCount 11 sendbuff (nil) recvbuff 0x2b30bf020000 count 4194304 datatype 6 op 0 root 6 comm 0xc5f4c50 [nranks=8] stream 0xa958920
c197-081:29162:29162 [2] NCCL INFO Recv: opCount 19 sendbuff (nil) recvbuff 0x2aff38c00000 count 4194304 datatype 6 op 0 root 5 comm 0xb6d1b30 [nranks=8] stream 0x7858950
c197-081:29160:29160 [0] NCCL INFO AllGather: opCount 0 sendbuff 0x2b40aac00000 recvbuff 0x2b411c000000 count 8388608 datatype 0 op 0 root 0 comm 0xfb2f150 [nranks=1] stream 0x903d6a0
c197-081:29160:29160 [0] NCCL INFO Broadcast: opCount 0 sendbuff 0x2b4088c00400 recvbuff 0x2b4088c00400 count 240 datatype 0 op 0 root 0 comm 0xfb2f150 [nranks=1] stream 0x903d6a0
c197-081:29160:29160 [0] NCCL INFO Broadcast: opCount 0 sendbuff 0x2b4088c3e600 recvbuff 0x2b4088c3e600 count 163904 datatype 0 op 0 root 0 comm 0xfb2f150 [nranks=1] stream 0x903d6a0
c197-081:29160:29160 [0] NCCL INFO Send: opCount 1a sendbuff (nil) recvbuff 0x2b4164000000 count 4194304 datatype 6 op 0 root 5 comm 0xbd3cbd0 [nranks=8] stream 0xa0a08a0
c197-081:29160:29160 [0] NCCL INFO Recv: opCount 1b sendbuff (nil) recvbuff 0x2b413f000000 count 4194304 datatype 6 op 0 root 5 comm 0xbd3cbd0 [nranks=8] stream 0xa0a08a0
c197-081:29161:29161 [1] NCCL INFO AllGather: opCount 0 sendbuff 0x2b7d88c00000 recvbuff 0x2b7df8000000 count 8388608 datatype 0 op 0 root 0 comm 0xf24db40 [nranks=1] stream 0x875f6a0
c197-081:29161:29161 [1] NCCL INFO Broadcast: opCount 0 sendbuff 0x2b7d6cc00400 recvbuff 0x2b7d6cc00400 count 240 datatype 0 op 0 root 0 comm 0xf24db40 [nranks=1] stream 0x875f6a0
c197-081:29161:29161 [1] NCCL INFO Broadcast: opCount 0 sendbuff 0x2b7d6cc3e600 recvbuff 0x2b7d6cc3e600 count 163904 datatype 0 op 0 root 0 comm 0xf24db40 [nranks=1] stream 0x875f6a0
c197-081:29161:29161 [1] NCCL INFO Send: opCount 1a sendbuff (nil) recvbuff 0x2b7e40000000 count 4194304 datatype 6 op 0 root 6 comm 0xb45ebd0 [nranks=8] stream 0x97c28a0
c197-081:29161:29161 [1] NCCL INFO Recv: opCount 1b sendbuff (nil) recvbuff 0x2b7e1b000000 count 4194304 datatype 6 op 0 root 6 comm 0xb45ebd0 [nranks=8] stream 0x97c28a0
c197-081:29162:29162 [2] NCCL INFO AllGather: opCount 0 sendbuff 0x2aff38c00000 recvbuff 0x2affa8000000 count 8388608 datatype 0 op 0 root 0 comm 0xf1158c0 [nranks=1] stream 0xaee20d0
c197-081:29162:29162 [2] NCCL INFO Broadcast: opCount 0 sendbuff 0x2aff1cc00400 recvbuff 0x2aff1cc00400 count 240 datatype 0 op 0 root 0 comm 0xf1158c0 [nranks=1] stream 0xaee20d0
c197-081:29162:29162 [2] NCCL INFO Broadcast: opCount 0 sendbuff 0x2aff1cc3e600 recvbuff 0x2aff1cc3e600 count 163904 datatype 0 op 0 root 0 comm 0xf1158c0 [nranks=1] stream 0xaee20d0
c197-081:29162:29162 [2] NCCL INFO Send: opCount 1a sendbuff (nil) recvbuff 0x2afff0000000 count 4194304 datatype 6 op 0 root 7 comm 0xb6d1b30 [nranks=8] stream 0x7858950
c197-081:29163:29163 [3] NCCL INFO AllGather: opCount 0 sendbuff 0x2b30bf020000 recvbuff 0x2b3018400000 count 8388608 datatype 0 op 0 root 0 comm 0x103ff8f0 [nranks=1] stream 0x9f2c310
c197-081:29162:29162 [2] NCCL INFO Recv: opCount 1b sendbuff (nil) recvbuff 0x2affcb000000 count 4194304 datatype 6 op 0 root 7 comm 0xb6d1b30 [nranks=8] stream 0x7858950
c197-081:29163:29163 [3] NCCL INFO Broadcast: opCount 0 sendbuff 0x2b2fccc00400 recvbuff 0x2b2fccc00400 count 240 datatype 0 op 0 root 0 comm 0x103ff8f0 [nranks=1] stream 0x9f2c310
c197-081:29163:29163 [3] NCCL INFO Broadcast: opCount 0 sendbuff 0x2b2fccc7fa00 recvbuff 0x2b2fccc7fa00 count 163904 datatype 0 op 0 root 0 comm 0x103ff8f0 [nranks=1] stream 0x9f2c310
c197-081:29163:29163 [3] NCCL INFO AllReduce: opCount 0 sendbuff 0x2b2fcccefc00 recvbuff 0x2b2fcccefc00 count 4096 datatype 7 op 2 root 0 comm 0x103ff8f0 [nranks=1] stream 0x9f2c310
c197-081:29163:29163 [3] NCCL INFO AllReduce: opCount 0 sendbuff 0x2b2fccd08c00 recvbuff 0x2b2fccd08c00 count 4096 datatype 7 op 0 root 0 comm 0x103ff8f0 [nranks=1] stream 0x9f2c310
c197-081:29163:29163 [3] NCCL INFO AllReduce: opCount 0 sendbuff 0x2b2fccd04c00 recvbuff 0x2b2fccd04c00 count 4096 datatype 7 op 0 root 0 comm 0x103ff8f0 [nranks=1] stream 0x9f2c310
c197-081:29163:29163 [3] NCCL INFO AllReduce: opCount 0 sendbuff 0x2b2fccc3dc00 recvbuff 0x2b2fccc3dc00 count 2 datatype 7 op 0 root 0 comm 0xf624b10 [nranks=1] stream 0xa9e60c0
c197-081:29163:29163 [3] NCCL INFO Send: opCount 12 sendbuff (nil) recvbuff 0x2b30a0000000 count 4194304 datatype 6 op 0 root 6 comm 0xc5f4c50 [nranks=8] stream 0xa958920
c197-081:29162:29162 [2] NCCL INFO AllGather: opCount 0 sendbuff 0x2affcb000000 recvbuff 0x2affdd800000 count 8388608 datatype 0 op 0 root 0 comm 0xf1158c0 [nranks=1] stream 0xaee20d0
c197-081:29163:29163 [3] NCCL INFO AllReduce: opCount 0 sendbuff 0x2b300a000000 recvbuff 0x2b300a000000 count 69676418 datatype 6 op 0 root 0 comm 0xf624b10 [nranks=1] stream 0xa9e60c0
c197-081:29163:29163 [3] NCCL INFO AllReduce: opCount 5 sendbuff 0x2b300a210b04 recvbuff 0x2b300a210b04 count 29753344 datatype 6 op 0 root 0 comm 0xefe3f00 [nranks=2] stream 0xb77c080
c197-081:29162:29162 [2] NCCL INFO Send: opCount 1c sendbuff (nil) recvbuff 0x2affcb000000 count 4194304 datatype 6 op 0 root 5 comm 0xb6d1b30 [nranks=8] stream 0x7858950
c197-081:29161:29161 [1] NCCL INFO AllGather: opCount 0 sendbuff 0x2b7e1b000000 recvbuff 0x2b7e2d800000 count 8388608 datatype 0 op 0 root 0 comm 0xf24db40 [nranks=1] stream 0x875f6a0
c197-081:29162:29162 [2] NCCL INFO AllReduce: opCount 0 sendbuff 0x2aff42000000 recvbuff 0x2aff42000000 count 37788672 datatype 6 op 0 root 0 comm 0xf08d3e0 [nranks=1] stream 0xae84e30
c197-081:29162:29162 [2] NCCL INFO AllReduce: opCount 4 sendbuff 0x2aff1cc13e00 recvbuff 0x2aff1cc13e00 count 1 datatype 7 op 2 root 0 comm 0x12fc5610 [nranks=8] stream 0x90085c0
c197-081:29161:29161 [1] NCCL INFO Send: opCount 1c sendbuff (nil) recvbuff 0x2b7e1b000000 count 4194304 datatype 6 op 0 root 4 comm 0xb45ebd0 [nranks=8] stream 0x97c28a0
c197-081:29160:29160 [0] NCCL INFO AllGather: opCount 0 sendbuff 0x2b413f000000 recvbuff 0x2b4151800000 count 8388608 datatype 0 op 0 root 0 comm 0xfb2f150 [nranks=1] stream 0x903d6a0
c197-081:29161:29161 [1] NCCL INFO AllReduce: opCount 0 sendbuff 0x2b7d92000000 recvbuff 0x2b7d92000000 count 37788672 datatype 6 op 0 root 0 comm 0xe482200 [nranks=1] stream 0xa5e6000
c197-081:29161:29161 [1] NCCL INFO AllReduce: opCount 4 sendbuff 0x2b7d6cc13e00 recvbuff 0x2b7d6cc13e00 count 1 datatype 7 op 2 root 0 comm 0x12d4fa00 [nranks=8] stream 0x8d96290
c197-081:29160:29160 [0] NCCL INFO Send: opCount 1c sendbuff (nil) recvbuff 0x2b413f000000 count 4194304 datatype 6 op 0 root 3 comm 0xbd3cbd0 [nranks=8] stream 0xa0a08a0
c197-081:29160:29160 [0] NCCL INFO AllReduce: opCount 0 sendbuff 0x2b40b4000000 recvbuff 0x2b40b4000000 count 37788672 datatype 6 op 0 root 0 comm 0xed63ca0 [nranks=1] stream 0xaec4000
c197-081:29160:29160 [0] NCCL INFO AllReduce: opCount 4 sendbuff 0x2b4088c13e00 recvbuff 0x2b4088c13e00 count 1 datatype 7 op 2 root 0 comm 0x136310d0 [nranks=8] stream 0x9674290
c197-081:29163:29163 [3] NCCL INFO AllReduce: opCount 4 sendbuff 0x2b2fccc18000 recvbuff 0x2b2fccc18000 count 1 datatype 7 op 2 root 0 comm 0x1de57ff0 [nranks=8] stream 0x9bd31b0
 iteration        5/     100 | consumed samples:           40 | elapsed time per iteration (ms): 351.4 | learning rate: 0.000E+00 | global batch size:     8 | loss scale: 268435456.0 | number of skipped iterations:   1 | number of nan iterations:   0 |
time (ms) | forward-compute: 32.22 | forward-recv: 116.09 | backward-compute: 32.41 | backward-send: 0.93 | backward-params-all-reduce: 0.79 | backward-embedding-all-reduce: 163.50 | optimizer-copy-to-main-grad: 1.65 | optimizer-unscale-and-check-inf: 2.01 | optimizer: 3.86 | batch-generator: 1.56
c197-081:29161:29161 [1] NCCL INFO Recv: opCount 1d sendbuff (nil) recvbuff 0x2b7d88c00000 count 4194304 datatype 6 op 0 root 4 comm 0xb45ebd0 [nranks=8] stream 0x97c28a0
c197-081:29160:29160 [0] NCCL INFO Recv: opCount 1d sendbuff (nil) recvbuff 0x2b40aac00000 count 4194304 datatype 6 op 0 root 3 comm 0xbd3cbd0 [nranks=8] stream 0xa0a08a0
c197-081:29162:29162 [2] NCCL INFO Recv: opCount 1d sendbuff (nil) recvbuff 0x2aff38c00000 count 4194304 datatype 6 op 0 root 5 comm 0xb6d1b30 [nranks=8] stream 0x7858950
c197-081:29163:29163 [3] NCCL INFO Recv: opCount 13 sendbuff (nil) recvbuff 0x2b3018c00000 count 4194304 datatype 6 op 0 root 6 comm 0xc5f4c50 [nranks=8] stream 0xa958920
c197-081:29160:29160 [0] NCCL INFO AllGather: opCount 0 sendbuff 0x2b40aac00000 recvbuff 0x2b413f800000 count 8388608 datatype 0 op 0 root 0 comm 0xfb2f150 [nranks=1] stream 0x903d6a0
c197-081:29160:29160 [0] NCCL INFO Broadcast: opCount 0 sendbuff 0x2b4088c00400 recvbuff 0x2b4088c00400 count 240 datatype 0 op 0 root 0 comm 0xfb2f150 [nranks=1] stream 0x903d6a0
c197-081:29160:29160 [0] NCCL INFO Broadcast: opCount 0 sendbuff 0x2b4088c3e600 recvbuff 0x2b4088c3e600 count 163904 datatype 0 op 0 root 0 comm 0xfb2f150 [nranks=1] stream 0x903d6a0
c197-081:29160:29160 [0] NCCL INFO Send: opCount 1e sendbuff (nil) recvbuff 0x2b4164000000 count 4194304 datatype 6 op 0 root 5 comm 0xbd3cbd0 [nranks=8] stream 0xa0a08a0
c197-081:29160:29160 [0] NCCL INFO Recv: opCount 1f sendbuff (nil) recvbuff 0x2b413e800000 count 4194304 datatype 6 op 0 root 5 comm 0xbd3cbd0 [nranks=8] stream 0xa0a08a0
c197-081:29161:29161 [1] NCCL INFO AllGather: opCount 0 sendbuff 0x2b7d88c00000 recvbuff 0x2b7e1b800000 count 8388608 datatype 0 op 0 root 0 comm 0xf24db40 [nranks=1] stream 0x875f6a0
c197-081:29161:29161 [1] NCCL INFO Broadcast: opCount 0 sendbuff 0x2b7d6cc00400 recvbuff 0x2b7d6cc00400 count 240 datatype 0 op 0 root 0 comm 0xf24db40 [nranks=1] stream 0x875f6a0
c197-081:29161:29161 [1] NCCL INFO Broadcast: opCount 0 sendbuff 0x2b7d6cc3e600 recvbuff 0x2b7d6cc3e600 count 163904 datatype 0 op 0 root 0 comm 0xf24db40 [nranks=1] stream 0x875f6a0
c197-081:29161:29161 [1] NCCL INFO Send: opCount 1e sendbuff (nil) recvbuff 0x2b7e40000000 count 4194304 datatype 6 op 0 root 6 comm 0xb45ebd0 [nranks=8] stream 0x97c28a0
c197-081:29161:29161 [1] NCCL INFO Recv: opCount 1f sendbuff (nil) recvbuff 0x2b7e1a800000 count 4194304 datatype 6 op 0 root 6 comm 0xb45ebd0 [nranks=8] stream 0x97c28a0
c197-081:29162:29162 [2] NCCL INFO AllGather: opCount 0 sendbuff 0x2aff38c00000 recvbuff 0x2affcb800000 count 8388608 datatype 0 op 0 root 0 comm 0xf1158c0 [nranks=1] stream 0xaee20d0
c197-081:29162:29162 [2] NCCL INFO Broadcast: opCount 0 sendbuff 0x2aff1cc00400 recvbuff 0x2aff1cc00400 count 240 datatype 0 op 0 root 0 comm 0xf1158c0 [nranks=1] stream 0xaee20d0
c197-081:29162:29162 [2] NCCL INFO Broadcast: opCount 0 sendbuff 0x2aff1cc3e600 recvbuff 0x2aff1cc3e600 count 163904 datatype 0 op 0 root 0 comm 0xf1158c0 [nranks=1] stream 0xaee20d0
c197-081:29162:29162 [2] NCCL INFO Send: opCount 1e sendbuff (nil) recvbuff 0x2afff0000000 count 4194304 datatype 6 op 0 root 7 comm 0xb6d1b30 [nranks=8] stream 0x7858950
c197-081:29162:29162 [2] NCCL INFO Recv: opCount 1f sendbuff (nil) recvbuff 0x2affca800000 count 4194304 datatype 6 op 0 root 7 comm 0xb6d1b30 [nranks=8] stream 0x7858950
c197-081:29163:29163 [3] NCCL INFO AllGather: opCount 0 sendbuff 0x2b3018c00000 recvbuff 0x2b30be820000 count 8388608 datatype 0 op 0 root 0 comm 0x103ff8f0 [nranks=1] stream 0x9f2c310
c197-081:29163:29163 [3] NCCL INFO Broadcast: opCount 0 sendbuff 0x2b2fccc00400 recvbuff 0x2b2fccc00400 count 240 datatype 0 op 0 root 0 comm 0x103ff8f0 [nranks=1] stream 0x9f2c310
c197-081:29163:29163 [3] NCCL INFO Broadcast: opCount 0 sendbuff 0x2b2fccc7fa00 recvbuff 0x2b2fccc7fa00 count 163904 datatype 0 op 0 root 0 comm 0x103ff8f0 [nranks=1] stream 0x9f2c310
c197-081:29163:29163 [3] NCCL INFO AllReduce: opCount 0 sendbuff 0x2b2fcccefc00 recvbuff 0x2b2fcccefc00 count 4096 datatype 7 op 2 root 0 comm 0x103ff8f0 [nranks=1] stream 0x9f2c310
c197-081:29163:29163 [3] NCCL INFO AllReduce: opCount 0 sendbuff 0x2b2fccd08c00 recvbuff 0x2b2fccd08c00 count 4096 datatype 7 op 0 root 0 comm 0x103ff8f0 [nranks=1] stream 0x9f2c310
c197-081:29163:29163 [3] NCCL INFO AllReduce: opCount 0 sendbuff 0x2b2fccd04c00 recvbuff 0x2b2fccd04c00 count 4096 datatype 7 op 0 root 0 comm 0x103ff8f0 [nranks=1] stream 0x9f2c310
c197-081:29163:29163 [3] NCCL INFO AllReduce: opCount 0 sendbuff 0x2b2fccc3dc00 recvbuff 0x2b2fccc3dc00 count 2 datatype 7 op 0 root 0 comm 0xf624b10 [nranks=1] stream 0xa9e60c0
c197-081:29163:29163 [3] NCCL INFO Send: opCount 14 sendbuff (nil) recvbuff 0x2b30a0000000 count 4194304 datatype 6 op 0 root 6 comm 0xc5f4c50 [nranks=8] stream 0xa958920
c197-081:29162:29162 [2] NCCL INFO AllGather: opCount 0 sendbuff 0x2affca800000 recvbuff 0x2affdd800000 count 8388608 datatype 0 op 0 root 0 comm 0xf1158c0 [nranks=1] stream 0xaee20d0
c197-081:29163:29163 [3] NCCL INFO AllReduce: opCount 0 sendbuff 0x2b300a000000 recvbuff 0x2b300a000000 count 69676418 datatype 6 op 0 root 0 comm 0xf624b10 [nranks=1] stream 0xa9e60c0
c197-081:29163:29163 [3] NCCL INFO AllReduce: opCount 6 sendbuff 0x2b300a210b04 recvbuff 0x2b300a210b04 count 29753344 datatype 6 op 0 root 0 comm 0xefe3f00 [nranks=2] stream 0xb77c080
c197-081:29162:29162 [2] NCCL INFO Send: opCount 20 sendbuff (nil) recvbuff 0x2affca800000 count 4194304 datatype 6 op 0 root 5 comm 0xb6d1b30 [nranks=8] stream 0x7858950
c197-081:29161:29161 [1] NCCL INFO AllGather: opCount 0 sendbuff 0x2b7e1a800000 recvbuff 0x2b7e2d800000 count 8388608 datatype 0 op 0 root 0 comm 0xf24db40 [nranks=1] stream 0x875f6a0
c197-081:29162:29162 [2] NCCL INFO AllReduce: opCount 0 sendbuff 0x2aff42000000 recvbuff 0x2aff42000000 count 37788672 datatype 6 op 0 root 0 comm 0xf08d3e0 [nranks=1] stream 0xae84e30
c197-081:29162:29162 [2] NCCL INFO AllReduce: opCount 5 sendbuff 0x2aff1cc13e00 recvbuff 0x2aff1cc13e00 count 1 datatype 7 op 2 root 0 comm 0x12fc5610 [nranks=8] stream 0x90085c0
c197-081:29161:29161 [1] NCCL INFO Send: opCount 20 sendbuff (nil) recvbuff 0x2b7e1a800000 count 4194304 datatype 6 op 0 root 4 comm 0xb45ebd0 [nranks=8] stream 0x97c28a0
c197-081:29160:29160 [0] NCCL INFO AllGather: opCount 0 sendbuff 0x2b413e800000 recvbuff 0x2b4151800000 count 8388608 datatype 0 op 0 root 0 comm 0xfb2f150 [nranks=1] stream 0x903d6a0
c197-081:29161:29161 [1] NCCL INFO AllReduce: opCount 0 sendbuff 0x2b7d92000000 recvbuff 0x2b7d92000000 count 37788672 datatype 6 op 0 root 0 comm 0xe482200 [nranks=1] stream 0xa5e6000
c197-081:29161:29161 [1] NCCL INFO AllReduce: opCount 5 sendbuff 0x2b7d6cc13e00 recvbuff 0x2b7d6cc13e00 count 1 datatype 7 op 2 root 0 comm 0x12d4fa00 [nranks=8] stream 0x8d96290
c197-081:29160:29160 [0] NCCL INFO Send: opCount 20 sendbuff (nil) recvbuff 0x2b413e800000 count 4194304 datatype 6 op 0 root 3 comm 0xbd3cbd0 [nranks=8] stream 0xa0a08a0
c197-081:29160:29160 [0] NCCL INFO AllReduce: opCount 0 sendbuff 0x2b40b4000000 recvbuff 0x2b40b4000000 count 37788672 datatype 6 op 0 root 0 comm 0xed63ca0 [nranks=1] stream 0xaec4000
c197-081:29160:29160 [0] NCCL INFO AllReduce: opCount 5 sendbuff 0x2b4088c13e00 recvbuff 0x2b4088c13e00 count 1 datatype 7 op 2 root 0 comm 0x136310d0 [nranks=8] stream 0x9674290
c197-081:29163:29163 [3] NCCL INFO AllReduce: opCount 5 sendbuff 0x2b2fccc18000 recvbuff 0x2b2fccc18000 count 1 datatype 7 op 2 root 0 comm 0x1de57ff0 [nranks=8] stream 0x9bd31b0
c197-081:29160:29160 [0] NCCL INFO Recv: opCount 21 sendbuff (nil) recvbuff 0x2b40aac00000 count 4194304 datatype 6 op 0 root 3 comm 0xbd3cbd0 [nranks=8] stream 0xa0a08a0
 iteration        6/     100 | consumed samples:           48 | elapsed time per iteration (ms): 356.0 | learning rate: 0.000E+00 | global batch size:     8 | loss scale: 134217728.0 | number of skipped iterations:   1 | number of nan iterations:   0 |
time (ms) | forward-compute: 31.73 | forward-recv: 120.49 | backward-compute: 32.23 | backward-send: 0.90 | backward-params-all-reduce: 0.79 | backward-embedding-all-reduce: 164.51 | optimizer-copy-to-main-grad: 1.58 | optimizer-unscale-and-check-inf: 1.98 | optimizer: 3.74 | batch-generator: 1.18
c197-081:29161:29161 [1] NCCL INFO Recv: opCount 21 sendbuff (nil) recvbuff 0x2b7d88c00000 count 4194304 datatype 6 op 0 root 4 comm 0xb45ebd0 [nranks=8] stream 0x97c28a0
c197-081:29162:29162 [2] NCCL INFO Recv: opCount 21 sendbuff (nil) recvbuff 0x2aff38c00000 count 4194304 datatype 6 op 0 root 5 comm 0xb6d1b30 [nranks=8] stream 0x7858950
c197-081:29163:29163 [3] NCCL INFO Recv: opCount 15 sendbuff (nil) recvbuff 0x2b30bf020000 count 4194304 datatype 6 op 0 root 6 comm 0xc5f4c50 [nranks=8] stream 0xa958920
c197-081:29160:29160 [0] NCCL INFO AllGather: opCount 0 sendbuff 0x2b40aac00000 recvbuff 0x2b411c000000 count 8388608 datatype 0 op 0 root 0 comm 0xfb2f150 [nranks=1] stream 0x903d6a0
c197-081:29160:29160 [0] NCCL INFO Broadcast: opCount 0 sendbuff 0x2b4088c00400 recvbuff 0x2b4088c00400 count 240 datatype 0 op 0 root 0 comm 0xfb2f150 [nranks=1] stream 0x903d6a0
c197-081:29160:29160 [0] NCCL INFO Broadcast: opCount 0 sendbuff 0x2b4088c3e600 recvbuff 0x2b4088c3e600 count 163904 datatype 0 op 0 root 0 comm 0xfb2f150 [nranks=1] stream 0x903d6a0
c197-081:29160:29160 [0] NCCL INFO Send: opCount 22 sendbuff (nil) recvbuff 0x2b4164000000 count 4194304 datatype 6 op 0 root 5 comm 0xbd3cbd0 [nranks=8] stream 0xa0a08a0
c197-081:29160:29160 [0] NCCL INFO Recv: opCount 23 sendbuff (nil) recvbuff 0x2b413f000000 count 4194304 datatype 6 op 0 root 5 comm 0xbd3cbd0 [nranks=8] stream 0xa0a08a0
c197-081:29161:29161 [1] NCCL INFO AllGather: opCount 0 sendbuff 0x2b7d88c00000 recvbuff 0x2b7df8000000 count 8388608 datatype 0 op 0 root 0 comm 0xf24db40 [nranks=1] stream 0x875f6a0
c197-081:29161:29161 [1] NCCL INFO Broadcast: opCount 0 sendbuff 0x2b7d6cc00400 recvbuff 0x2b7d6cc00400 count 240 datatype 0 op 0 root 0 comm 0xf24db40 [nranks=1] stream 0x875f6a0
c197-081:29161:29161 [1] NCCL INFO Broadcast: opCount 0 sendbuff 0x2b7d6cc3e600 recvbuff 0x2b7d6cc3e600 count 163904 datatype 0 op 0 root 0 comm 0xf24db40 [nranks=1] stream 0x875f6a0
c197-081:29161:29161 [1] NCCL INFO Send: opCount 22 sendbuff (nil) recvbuff 0x2b7e40000000 count 4194304 datatype 6 op 0 root 6 comm 0xb45ebd0 [nranks=8] stream 0x97c28a0
c197-081:29161:29161 [1] NCCL INFO Recv: opCount 23 sendbuff (nil) recvbuff 0x2b7e1b000000 count 4194304 datatype 6 op 0 root 6 comm 0xb45ebd0 [nranks=8] stream 0x97c28a0
c197-081:29162:29162 [2] NCCL INFO AllGather: opCount 0 sendbuff 0x2aff38c00000 recvbuff 0x2affa8000000 count 8388608 datatype 0 op 0 root 0 comm 0xf1158c0 [nranks=1] stream 0xaee20d0
c197-081:29162:29162 [2] NCCL INFO Broadcast: opCount 0 sendbuff 0x2aff1cc00400 recvbuff 0x2aff1cc00400 count 240 datatype 0 op 0 root 0 comm 0xf1158c0 [nranks=1] stream 0xaee20d0
c197-081:29162:29162 [2] NCCL INFO Broadcast: opCount 0 sendbuff 0x2aff1cc3e600 recvbuff 0x2aff1cc3e600 count 163904 datatype 0 op 0 root 0 comm 0xf1158c0 [nranks=1] stream 0xaee20d0
c197-081:29162:29162 [2] NCCL INFO Send: opCount 22 sendbuff (nil) recvbuff 0x2afff0000000 count 4194304 datatype 6 op 0 root 7 comm 0xb6d1b30 [nranks=8] stream 0x7858950
c197-081:29162:29162 [2] NCCL INFO Recv: opCount 23 sendbuff (nil) recvbuff 0x2affcb000000 count 4194304 datatype 6 op 0 root 7 comm 0xb6d1b30 [nranks=8] stream 0x7858950
c197-081:29163:29163 [3] NCCL INFO AllGather: opCount 0 sendbuff 0x2b30bf020000 recvbuff 0x2b3018400000 count 8388608 datatype 0 op 0 root 0 comm 0x103ff8f0 [nranks=1] stream 0x9f2c310
c197-081:29163:29163 [3] NCCL INFO Broadcast: opCount 0 sendbuff 0x2b2fccc00400 recvbuff 0x2b2fccc00400 count 240 datatype 0 op 0 root 0 comm 0x103ff8f0 [nranks=1] stream 0x9f2c310
c197-081:29163:29163 [3] NCCL INFO Broadcast: opCount 0 sendbuff 0x2b2fccc7fa00 recvbuff 0x2b2fccc7fa00 count 163904 datatype 0 op 0 root 0 comm 0x103ff8f0 [nranks=1] stream 0x9f2c310
c197-081:29163:29163 [3] NCCL INFO AllReduce: opCount 0 sendbuff 0x2b2fcccefc00 recvbuff 0x2b2fcccefc00 count 4096 datatype 7 op 2 root 0 comm 0x103ff8f0 [nranks=1] stream 0x9f2c310
c197-081:29163:29163 [3] NCCL INFO AllReduce: opCount 0 sendbuff 0x2b2fccd08c00 recvbuff 0x2b2fccd08c00 count 4096 datatype 7 op 0 root 0 comm 0x103ff8f0 [nranks=1] stream 0x9f2c310
c197-081:29163:29163 [3] NCCL INFO AllReduce: opCount 0 sendbuff 0x2b2fccd04c00 recvbuff 0x2b2fccd04c00 count 4096 datatype 7 op 0 root 0 comm 0x103ff8f0 [nranks=1] stream 0x9f2c310
c197-081:29163:29163 [3] NCCL INFO AllReduce: opCount 0 sendbuff 0x2b2fccc3dc00 recvbuff 0x2b2fccc3dc00 count 2 datatype 7 op 0 root 0 comm 0xf624b10 [nranks=1] stream 0xa9e60c0
c197-081:29163:29163 [3] NCCL INFO Send: opCount 16 sendbuff (nil) recvbuff 0x2b30a0000000 count 4194304 datatype 6 op 0 root 6 comm 0xc5f4c50 [nranks=8] stream 0xa958920
c197-081:29162:29162 [2] NCCL INFO AllGather: opCount 0 sendbuff 0x2affcb000000 recvbuff 0x2affdd800000 count 8388608 datatype 0 op 0 root 0 comm 0xf1158c0 [nranks=1] stream 0xaee20d0
c197-081:29163:29163 [3] NCCL INFO AllReduce: opCount 0 sendbuff 0x2b300a000000 recvbuff 0x2b300a000000 count 69676418 datatype 6 op 0 root 0 comm 0xf624b10 [nranks=1] stream 0xa9e60c0
c197-081:29163:29163 [3] NCCL INFO AllReduce: opCount 7 sendbuff 0x2b300a210b04 recvbuff 0x2b300a210b04 count 29753344 datatype 6 op 0 root 0 comm 0xefe3f00 [nranks=2] stream 0xb77c080
c197-081:29162:29162 [2] NCCL INFO Send: opCount 24 sendbuff (nil) recvbuff 0x2affcb000000 count 4194304 datatype 6 op 0 root 5 comm 0xb6d1b30 [nranks=8] stream 0x7858950
c197-081:29161:29161 [1] NCCL INFO AllGather: opCount 0 sendbuff 0x2b7e1b000000 recvbuff 0x2b7e2d800000 count 8388608 datatype 0 op 0 root 0 comm 0xf24db40 [nranks=1] stream 0x875f6a0
c197-081:29162:29162 [2] NCCL INFO AllReduce: opCount 0 sendbuff 0x2aff42000000 recvbuff 0x2aff42000000 count 37788672 datatype 6 op 0 root 0 comm 0xf08d3e0 [nranks=1] stream 0xae84e30
c197-081:29162:29162 [2] NCCL INFO AllReduce: opCount 6 sendbuff 0x2aff1cc13e00 recvbuff 0x2aff1cc13e00 count 1 datatype 7 op 2 root 0 comm 0x12fc5610 [nranks=8] stream 0x90085c0
c197-081:29161:29161 [1] NCCL INFO Send: opCount 24 sendbuff (nil) recvbuff 0x2b7e1b000000 count 4194304 datatype 6 op 0 root 4 comm 0xb45ebd0 [nranks=8] stream 0x97c28a0
c197-081:29160:29160 [0] NCCL INFO AllGather: opCount 0 sendbuff 0x2b413f000000 recvbuff 0x2b4151800000 count 8388608 datatype 0 op 0 root 0 comm 0xfb2f150 [nranks=1] stream 0x903d6a0
c197-081:29161:29161 [1] NCCL INFO AllReduce: opCount 0 sendbuff 0x2b7d92000000 recvbuff 0x2b7d92000000 count 37788672 datatype 6 op 0 root 0 comm 0xe482200 [nranks=1] stream 0xa5e6000
c197-081:29161:29161 [1] NCCL INFO AllReduce: opCount 6 sendbuff 0x2b7d6cc13e00 recvbuff 0x2b7d6cc13e00 count 1 datatype 7 op 2 root 0 comm 0x12d4fa00 [nranks=8] stream 0x8d96290
c197-081:29160:29160 [0] NCCL INFO Send: opCount 24 sendbuff (nil) recvbuff 0x2b413f000000 count 4194304 datatype 6 op 0 root 3 comm 0xbd3cbd0 [nranks=8] stream 0xa0a08a0
c197-081:29160:29160 [0] NCCL INFO AllReduce: opCount 0 sendbuff 0x2b40b4000000 recvbuff 0x2b40b4000000 count 37788672 datatype 6 op 0 root 0 comm 0xed63ca0 [nranks=1] stream 0xaec4000
c197-081:29160:29160 [0] NCCL INFO AllReduce: opCount 6 sendbuff 0x2b4088c13e00 recvbuff 0x2b4088c13e00 count 1 datatype 7 op 2 root 0 comm 0x136310d0 [nranks=8] stream 0x9674290
c197-081:29163:29163 [3] NCCL INFO AllReduce: opCount 6 sendbuff 0x2b2fccc18000 recvbuff 0x2b2fccc18000 count 1 datatype 7 op 2 root 0 comm 0x1de57ff0 [nranks=8] stream 0x9bd31b0
 iteration        7/     100 | consumed samples:           56 | elapsed time per iteration (ms): 348.9 | learning rate: 0.000E+00 | global batch size:     8 | loss scale: 67108864.0 | number of skipped iterations:   1 | number of nan iterations:   0 |
time (ms) | forward-compute: 31.68 | forward-recv: 115.32 | backward-compute: 32.12 | backward-send: 0.89 | backward-params-all-reduce: 0.78 | backward-embedding-all-reduce: 162.76 | optimizer-copy-to-main-grad: 1.43 | optimizer-unscale-and-check-inf: 2.29 | optimizer: 3.90 | batch-generator: 1.18
c197-081:29160:29160 [0] NCCL INFO Recv: opCount 25 sendbuff (nil) recvbuff 0x2b40aac00000 count 4194304 datatype 6 op 0 root 3 comm 0xbd3cbd0 [nranks=8] stream 0xa0a08a0
