x3004c0s25b0n0:12839:16911 [3] NCCL INFO === System : maxBw 12.0 totalBw 264.0 ===
x3004c0s25b0n0:12839:16911 [3] NCCL INFO CPU/3 (1/2/-1)
x3004c0s25b0n0:12839:16911 [3] NCCL INFO + SYS[5000.0] - CPU/2
x3004c0s25b0n0:12839:16911 [3] NCCL INFO + SYS[5000.0] - CPU/1
x3004c0s25b0n0:12839:16911 [3] NCCL INFO + SYS[5000.0] - CPU/0
x3004c0s25b0n0:12839:16911 [3] NCCL INFO + PCI[24.0] - PCI/5000 (11f8406811f8beef)
x3004c0s25b0n0:12839:16911 [3] NCCL INFO               + PCI[24.0] - GPU/7000 (8)
x3004c0s25b0n0:12839:16911 [3] NCCL INFO                             + NVL[88.0] - GPU/85000
x3004c0s25b0n0:12839:16911 [3] NCCL INFO                             + NVL[88.0] - GPU/C7000
x3004c0s25b0n0:12839:16911 [3] NCCL INFO                             + NVL[88.0] - GPU/46000
x3004c0s25b0n0:12839:16911 [3] NCCL INFO CPU/2 (1/2/-1)
x3004c0s25b0n0:12839:16911 [3] NCCL INFO + SYS[5000.0] - CPU/3
x3004c0s25b0n0:12839:16911 [3] NCCL INFO + SYS[5000.0] - CPU/1
x3004c0s25b0n0:12839:16911 [3] NCCL INFO + SYS[5000.0] - CPU/0
x3004c0s25b0n0:12839:16911 [3] NCCL INFO + PCI[24.0] - PCI/44000 (11f8406811f8beef)
x3004c0s25b0n0:12839:16911 [3] NCCL INFO               + PCI[24.0] - GPU/46000 (9)
x3004c0s25b0n0:12839:16911 [3] NCCL INFO                             + NVL[88.0] - GPU/85000
x3004c0s25b0n0:12839:16911 [3] NCCL INFO                             + NVL[88.0] - GPU/C7000
x3004c0s25b0n0:12839:16911 [3] NCCL INFO                             + NVL[88.0] - GPU/7000
x3004c0s25b0n0:12839:16911 [3] NCCL INFO + PCI[12.0] - NIC/43000
x3004c0s25b0n0:12839:16911 [3] NCCL INFO               + NET[12.5] - NET/1 (d84b02ffffa4e988/1/12.500000)
x3004c0s25b0n0:12839:16911 [3] NCCL INFO CPU/1 (1/2/-1)
x3004c0s25b0n0:12839:16911 [3] NCCL INFO + SYS[5000.0] - CPU/3
x3004c0s25b0n0:12839:16911 [3] NCCL INFO + SYS[5000.0] - CPU/2
x3004c0s25b0n0:12839:16911 [3] NCCL INFO + SYS[5000.0] - CPU/0
x3004c0s25b0n0:12839:16911 [3] NCCL INFO + PCI[24.0] - PCI/83000 (11f8406811f8beef)
x3004c0s25b0n0:12839:16911 [3] NCCL INFO               + PCI[24.0] - GPU/85000 (10)
x3004c0s25b0n0:12839:16911 [3] NCCL INFO                             + NVL[88.0] - GPU/C7000
x3004c0s25b0n0:12839:16911 [3] NCCL INFO                             + NVL[88.0] - GPU/46000
x3004c0s25b0n0:12839:16911 [3] NCCL INFO                             + NVL[88.0] - GPU/7000
x3004c0s25b0n0:12839:16911 [3] NCCL INFO CPU/0 (1/2/-1)
x3004c0s25b0n0:12839:16911 [3] NCCL INFO + SYS[5000.0] - CPU/3
x3004c0s25b0n0:12839:16911 [3] NCCL INFO + SYS[5000.0] - CPU/2
x3004c0s25b0n0:12839:16911 [3] NCCL INFO + SYS[5000.0] - CPU/1
x3004c0s25b0n0:12839:16911 [3] NCCL INFO + PCI[24.0] - PCI/C5000 (11f8406811f8beef)
x3004c0s25b0n0:12839:16911 [3] NCCL INFO               + PCI[24.0] - GPU/C7000 (11)
x3004c0s25b0n0:12839:16911 [3] NCCL INFO                             + NVL[88.0] - GPU/85000
x3004c0s25b0n0:12839:16911 [3] NCCL INFO                             + NVL[88.0] - GPU/46000
x3004c0s25b0n0:12839:16911 [3] NCCL INFO                             + NVL[88.0] - GPU/7000
x3004c0s25b0n0:12839:16911 [3] NCCL INFO + PCI[12.0] - NIC/C8000
x3004c0s25b0n0:12839:16911 [3] NCCL INFO               + NET[12.5] - NET/0 (680704ffffa4e988/1/12.500000)
x3004c0s25b0n0:12839:16911 [3] NCCL INFO ==========================================
x3004c0s25b0n0:12839:16911 [3] NCCL INFO GPU/7000 :GPU/7000 (0/5000.000000/LOC) GPU/46000 (1/88.000000/NVL) GPU/85000 (1/88.000000/NVL) GPU/C7000 (1/88.000000/NVL) CPU/3 (2/24.000000/PHB) CPU/2 (3/24.000000/SYS) CPU/1 (3/24.000000/SYS) CPU/0 (3/24.000000/SYS) NET/1 (5/12.000000/SYS) NET/0 (5/12.000000/SYS) 
x3004c0s25b0n0:12839:16911 [3] NCCL INFO GPU/46000 :GPU/7000 (1/88.000000/NVL) GPU/46000 (0/5000.000000/LOC) GPU/85000 (1/88.000000/NVL) GPU/C7000 (1/88.000000/NVL) CPU/3 (3/24.000000/SYS) CPU/2 (2/24.000000/PHB) CPU/1 (3/24.000000/SYS) CPU/0 (3/24.000000/SYS) NET/1 (4/12.000000/PHB) NET/0 (5/12.000000/SYS) 
x3004c0s25b0n0:12839:16911 [3] NCCL INFO GPU/85000 :GPU/7000 (1/88.000000/NVL) GPU/46000 (1/88.000000/NVL) GPU/85000 (0/5000.000000/LOC) GPU/C7000 (1/88.000000/NVL) CPU/3 (3/24.000000/SYS) CPU/2 (3/24.000000/SYS) CPU/1 (2/24.000000/PHB) CPU/0 (3/24.000000/SYS) NET/1 (5/12.000000/SYS) NET/0 (5/12.000000/SYS) 
x3004c0s25b0n0:12839:16911 [3] NCCL INFO GPU/C7000 :GPU/7000 (1/88.000000/NVL) GPU/46000 (1/88.000000/NVL) GPU/85000 (1/88.000000/NVL) GPU/C7000 (0/5000.000000/LOC) CPU/3 (3/24.000000/SYS) CPU/2 (3/24.000000/SYS) CPU/1 (3/24.000000/SYS) CPU/0 (2/24.000000/PHB) NET/1 (5/12.000000/SYS) NET/0 (4/12.000000/PHB) 
x3004c0s25b0n0:12839:16911 [3] NCCL INFO NET/1 :GPU/7000 (5/12.000000/SYS) GPU/46000 (4/12.000000/PHB) GPU/85000 (5/12.000000/SYS) GPU/C7000 (5/12.000000/SYS) CPU/3 (3/12.000000/SYS) CPU/2 (2/12.000000/PHB) CPU/1 (3/12.000000/SYS) CPU/0 (3/12.000000/SYS) NET/1 (0/5000.000000/LOC) NET/0 (5/12.000000/SYS) 
x3004c0s25b0n0:12839:16911 [3] NCCL INFO NET/0 :GPU/7000 (5/12.000000/SYS) GPU/46000 (5/12.000000/SYS) GPU/85000 (5/12.000000/SYS) GPU/C7000 (4/12.000000/PHB) CPU/3 (3/12.000000/SYS) CPU/2 (3/12.000000/SYS) CPU/1 (3/12.000000/SYS) CPU/0 (2/12.000000/PHB) NET/1 (5/12.000000/SYS) NET/0 (0/5000.000000/LOC) 
x3004c0s25b0n0:12839:16911 [3] NCCL INFO Setting affinity for GPU 3 to 01
x3004c0s25b0n0:12839:16911 [3] NCCL INFO Pattern 4, crossNic 0, nChannels 2, bw 12.000000/12.000000, type NVL/SYS, sameChannels 1
x3004c0s25b0n0:12839:16911 [3] NCCL INFO  0 : NET/1 GPU/9 GPU/8 GPU/10 GPU/11 NET/1
x3004c0s25b0n0:12839:16911 [3] NCCL INFO  1 : NET/0 GPU/9 GPU/8 GPU/10 GPU/11 NET/0
x3004c0s25b0n0:12839:16911 [3] NCCL INFO Pattern 1, crossNic 0, nChannels 2, bw 24.000000/12.000000, type NVL/SYS, sameChannels 1
x3004c0s25b0n0:12839:16911 [3] NCCL INFO  0 : NET/1 GPU/8 GPU/9 GPU/10 GPU/11 NET/1
x3004c0s25b0n0:12839:16911 [3] NCCL INFO  1 : NET/0 GPU/8 GPU/9 GPU/10 GPU/11 NET/0
x3004c0s25b0n0:12839:16911 [3] NCCL INFO Pattern 3, crossNic 0, nChannels 0, bw 0.000000/0.000000, type NVL/PIX, sameChannels 1
x3004c0s25b0n0:12836:16913 [0] NCCL INFO Tree 0 : 17 -> 8 -> 9/12/-1
x3004c0s25b0n0:12836:16913 [0] NCCL INFO Tree 2 : 13 -> 8 -> 9/-1/-1
x3004c0s25b0n0:12836:16913 [0] NCCL INFO Tree 1 : 17 -> 8 -> 9/12/-1
x3004c0s25b0n0:12836:16913 [0] NCCL INFO Tree 3 : 13 -> 8 -> 9/-1/-1
x3004c0s25b0n0:12836:16913 [0] NCCL INFO Ring 00 : 9 -> 8 -> 10
x3004c0s25b0n0:12836:16913 [0] NCCL INFO Ring 01 : 9 -> 8 -> 10
x3004c0s25b0n0:12836:16913 [0] NCCL INFO Ring 02 : 9 -> 8 -> 10
x3004c0s25b0n0:12836:16913 [0] NCCL INFO Ring 03 : 9 -> 8 -> 10
x3004c0s25b0n0:12836:16913 [0] NCCL INFO Trees [0] 9/12/-1->8->17 [1] 9/12/-1->8->17 [2] 9/-1/-1->8->13 [3] 9/-1/-1->8->13
x3004c0s25b0n0:12836:16913 [0] NCCL INFO misc/utils.cc:235 memory stack hunk malloc(65536)
x3004c0s25b0n0:12836:16913 [0] NCCL INFO channel.cc:23 Cuda Alloc Size 8064 pointer 0x1483e7817400
x3004c0s25b0n0:12836:16913 [0] NCCL INFO channel.cc:27 Cuda Alloc Size 80 pointer 0x1483e7819400
x3004c0s25b0n0:12836:16913 [0] NCCL INFO channel.cc:23 Cuda Alloc Size 8064 pointer 0x1483e7819600
x3004c0s25b0n0:12836:16913 [0] NCCL INFO channel.cc:27 Cuda Alloc Size 80 pointer 0x1483e781b600
x3004c0s25b0n0:12836:16913 [0] NCCL INFO channel.cc:23 Cuda Alloc Size 8064 pointer 0x1483e781b800
x3004c0s25b0n0:12836:16913 [0] NCCL INFO channel.cc:27 Cuda Alloc Size 80 pointer 0x1483e781d800
x3004c0s25b0n0:12836:16913 [0] NCCL INFO channel.cc:23 Cuda Alloc Size 8064 pointer 0x1483e781da00
x3004c0s25b0n0:12836:16913 [0] NCCL INFO channel.cc:27 Cuda Alloc Size 80 pointer 0x1483e781fa00
x3004c0s25b0n0:12836:16913 [0] NCCL INFO Channel 00/0 : 8[7000] -> 10[85000] via P2P/IPC/read
x3004c0s25b0n0:12836:17079 [0] NCCL INFO Mem Realloc old size 0, new size 8 pointer 0x148390000c60
x3004c0s25b0n0:12836:17079 [0] NCCL INFO New proxy send connection 0 from local rank 0, transport 0
x3004c0s25b0n0:12837:16912 [1] NCCL INFO Tree 0 : 8 -> 9 -> 10/4/-1
x3004c0s25b0n0:12837:16912 [1] NCCL INFO Tree 2 : 8 -> 9 -> 10/-1/-1
x3004c0s25b0n0:12837:16912 [1] NCCL INFO Tree 1 : 8 -> 9 -> 10/4/-1
x3004c0s25b0n0:12837:16912 [1] NCCL INFO Tree 3 : 8 -> 9 -> 10/-1/-1
x3004c0s25b0n0:12837:16912 [1] NCCL INFO Ring 00 : 7 -> 9 -> 8
x3004c0s25b0n0:12837:16912 [1] NCCL INFO Ring 01 : 7 -> 9 -> 8
x3004c0s25b0n0:12837:16912 [1] NCCL INFO Ring 02 : 7 -> 9 -> 8
x3004c0s25b0n0:12837:16912 [1] NCCL INFO Ring 03 : 7 -> 9 -> 8
x3004c0s25b0n0:12837:16912 [1] NCCL INFO Trees [0] 10/4/-1->9->8 [1] 10/4/-1->9->8 [2] 10/-1/-1->9->8 [3] 10/-1/-1->9->8
x3004c0s25b0n0:12837:16912 [1] NCCL INFO misc/utils.cc:235 memory stack hunk malloc(65536)
x3004c0s25b0n0:12837:16912 [1] NCCL INFO channel.cc:23 Cuda Alloc Size 8064 pointer 0x145b5f817400
x3004c0s25b0n0:12837:16912 [1] NCCL INFO channel.cc:27 Cuda Alloc Size 80 pointer 0x145b5f819400
x3004c0s25b0n0:12837:16912 [1] NCCL INFO channel.cc:23 Cuda Alloc Size 8064 pointer 0x145b5f819600
x3004c0s25b0n0:12837:16912 [1] NCCL INFO channel.cc:27 Cuda Alloc Size 80 pointer 0x145b5f81b600
x3004c0s25b0n0:12837:16912 [1] NCCL INFO channel.cc:23 Cuda Alloc Size 8064 pointer 0x145b5f81b800
x3004c0s25b0n0:12837:16912 [1] NCCL INFO channel.cc:27 Cuda Alloc Size 80 pointer 0x145b5f81d800
x3004c0s25b0n0:12837:16912 [1] NCCL INFO channel.cc:23 Cuda Alloc Size 8064 pointer 0x145b5f81da00
x3004c0s25b0n0:12837:16912 [1] NCCL INFO channel.cc:27 Cuda Alloc Size 80 pointer 0x145b5f81fa00
x3004c0s25b0n0:12837:16912 [1] NCCL INFO GPU Direct RDMA Disabled for GPU 46000 / HCA 1 (distance 6 > 4)
x3004c0s25b0n0:12838:16910 [2] NCCL INFO Ring 00 : 8 -> 10 -> 11
x3004c0s25b0n0:12838:16910 [2] NCCL INFO Ring 01 : 8 -> 10 -> 11
x3004c0s25b0n0:12838:16910 [2] NCCL INFO Ring 02 : 8 -> 10 -> 11
x3004c0s25b0n0:12838:16910 [2] NCCL INFO Ring 03 : 8 -> 10 -> 11
x3004c0s25b0n0:12838:16910 [2] NCCL INFO Trees [0] 11/-1/-1->10->9 [1] 11/-1/-1->10->9 [2] 11/-1/-1->10->9 [3] 11/-1/-1->10->9
x3004c0s25b0n0:12838:16910 [2] NCCL INFO misc/utils.cc:235 memory stack hunk malloc(65536)
x3004c0s25b0n0:12838:16910 [2] NCCL INFO channel.cc:23 Cuda Alloc Size 8064 pointer 0x154681817400
x3004c0s25b0n0:12838:16910 [2] NCCL INFO channel.cc:27 Cuda Alloc Size 80 pointer 0x154681819400
x3004c0s25b0n0:12838:16910 [2] NCCL INFO channel.cc:23 Cuda Alloc Size 8064 pointer 0x154681819600
x3004c0s25b0n0:12838:16910 [2] NCCL INFO channel.cc:27 Cuda Alloc Size 80 pointer 0x15468181b600
x3004c0s25b0n0:12838:16910 [2] NCCL INFO channel.cc:23 Cuda Alloc Size 8064 pointer 0x15468181b800
x3004c0s25b0n0:12838:16910 [2] NCCL INFO channel.cc:27 Cuda Alloc Size 80 pointer 0x15468181d800
x3004c0s25b0n0:12838:16910 [2] NCCL INFO channel.cc:23 Cuda Alloc Size 8064 pointer 0x15468181da00
x3004c0s25b0n0:12838:16910 [2] NCCL INFO channel.cc:27 Cuda Alloc Size 80 pointer 0x15468181fa00
x3004c0s25b0n0:12838:16910 [2] NCCL INFO Channel 00/0 : 10[85000] -> 11[c7000] via P2P/IPC/read
x3004c0s25b0n0:12837:17086 [1] NCCL INFO Mem Realloc old size 0, new size 8 pointer 0x145b08000c60
x3004c0s25b0n0:12837:17086 [1] NCCL INFO Allocated 4194656 bytes of shared memory in /dev/shm/nccl-WYN2eS

x3004c0s25b0n0:12837:17086 [1] NCCL INFO New proxy recv connection 0 from local rank 1, transport 2
x3004c0s25b0n0:12838:17089 [2] NCCL INFO Mem Realloc old size 0, new size 8 pointer 0x15462c000c60
x3004c0s25b0n0:12838:17089 [2] NCCL INFO New proxy send connection 0 from local rank 2, transport 0
x3004c0s25b0n0:12838:16910 [2] NCCL INFO Connection to proxy localRank 2 -> connection 0x15462c000c80
x3004c0s25b0n0:12836:16913 [0] NCCL INFO Connection to proxy localRank 0 -> connection 0x148390000c80
x3004c0s25b0n0:12836:17079 [0] NCCL INFO transport/p2p.cc:430 Cuda Alloc Size 6291456 pointer 0x14840c000000
x3004c0s25b0n0:12838:17089 [2] NCCL INFO transport/p2p.cc:430 Cuda Alloc Size 6291456 pointer 0x1546a4000000
x3004c0s25b0n0:12839:16911 [3] NCCL INFO Ring 00 : 10 -> 11 -> 13
x3004c0s25b0n0:12839:16911 [3] NCCL INFO Ring 01 : 10 -> 11 -> 13
x3004c0s25b0n0:12839:16911 [3] NCCL INFO Ring 02 : 10 -> 11 -> 13
x3004c0s25b0n0:12839:16911 [3] NCCL INFO Ring 03 : 10 -> 11 -> 13
x3004c0s25b0n0:12839:16911 [3] NCCL INFO Trees [0] -1/-1/-1->11->10 [1] -1/-1/-1->11->10 [2] -1/-1/-1->11->10 [3] -1/-1/-1->11->10
x3004c0s25b0n0:12839:16911 [3] NCCL INFO misc/utils.cc:235 memory stack hunk malloc(65536)
x3004c0s25b0n0:12839:16911 [3] NCCL INFO channel.cc:23 Cuda Alloc Size 8064 pointer 0x15300f817400
x3004c0s25b0n0:12839:16911 [3] NCCL INFO channel.cc:27 Cuda Alloc Size 80 pointer 0x15300f819400
x3004c0s25b0n0:12839:16911 [3] NCCL INFO channel.cc:23 Cuda Alloc Size 8064 pointer 0x15300f819600
x3004c0s25b0n0:12839:16911 [3] NCCL INFO channel.cc:27 Cuda Alloc Size 80 pointer 0x15300f81b600
x3004c0s25b0n0:12839:16911 [3] NCCL INFO channel.cc:23 Cuda Alloc Size 8064 pointer 0x15300f81b800
x3004c0s25b0n0:12839:16911 [3] NCCL INFO channel.cc:27 Cuda Alloc Size 80 pointer 0x15300f81d800
x3004c0s25b0n0:12839:16911 [3] NCCL INFO channel.cc:23 Cuda Alloc Size 8064 pointer 0x15300f81da00
x3004c0s25b0n0:12839:16911 [3] NCCL INFO channel.cc:27 Cuda Alloc Size 80 pointer 0x15300f81fa00
x3004c0s25b0n0:12837:16912 [1] NCCL INFO Connection to proxy localRank 1 -> connection 0x145b08000c80
x3004c0s25b0n0:12839:17090 [3] NCCL INFO Mem Realloc old size 0, new size 8 pointer 0x152fb8000c60
x3004c0s25b0n0:12839:17090 [3] NCCL INFO New proxy recv connection 0 from local rank 3, transport 0
x3004c0s25b0n0:12836:16913 [0] NCCL INFO Channel 01/0 : 8[7000] -> 10[85000] via P2P/IPC/read
x3004c0s25b0n0:12836:17079 [0] NCCL INFO New proxy send connection 1 from local rank 0, transport 0
x3004c0s25b0n0:12837:16912 [1] NCCL INFO Channel 00/0 : 7[c7000] -> 9[46000] [receive] via NET/IB/1
x3004c0s25b0n0:12837:16912 [1] NCCL INFO GPU Direct RDMA Disabled for GPU 46000 / HCA 0 (distance 7 > 4)
x3004c0s25b0n0:12837:17086 [1] NCCL INFO New proxy recv connection 1 from local rank 1, transport 2
x3004c0s25b0n0:12839:16911 [3] NCCL INFO Connection to proxy localRank 3 -> connection 0x152fb8000c80
x3004c0s25b0n0:12839:17090 [3] NCCL INFO transport/p2p.cc:449 Cuda Alloc Size 6291456 pointer 0x152ff3600000
x3004c0s25b0n0:12839:17090 [3] NCCL INFO New proxy recv connection 1 from local rank 3, transport 0
x3004c0s25b0n0:12839:16911 [3] NCCL INFO Connection to proxy localRank 3 -> connection 0x152fb8000cc0
x3004c0s25b0n0:12838:16910 [2] NCCL INFO Channel 01/0 : 10[85000] -> 11[c7000] via P2P/IPC/read
x3004c0s25b0n0:12838:17089 [2] NCCL INFO New proxy send connection 1 from local rank 2, transport 0
x3004c0s25b0n0:12837:16912 [1] NCCL INFO Connection to proxy localRank 1 -> connection 0x145b08000cc0
x3004c0s25b0n0:12836:16913 [0] NCCL INFO Connection to proxy localRank 0 -> connection 0x148390000cc0
x3004c0s25b0n0:12836:17079 [0] NCCL INFO transport/p2p.cc:430 Cuda Alloc Size 6291456 pointer 0x14840c600000
x3004c0s25b0n0:12839:17090 [3] NCCL INFO transport/p2p.cc:449 Cuda Alloc Size 6291456 pointer 0x153033800000
x3004c0s25b0n0:12837:16912 [1] NCCL INFO Channel 01/0 : 7[c7000] -> 9[46000] [receive] via NET/IB/0
x3004c0s25b0n0:12837:16912 [1] NCCL INFO GPU Direct RDMA Disabled for GPU 46000 / HCA 1 (distance 6 > 4)
x3004c0s25b0n0:12837:17086 [1] NCCL INFO New proxy recv connection 2 from local rank 1, transport 2
x3004c0s25b0n0:12838:16910 [2] NCCL INFO Connection to proxy localRank 2 -> connection 0x15462c000cc0
x3004c0s25b0n0:12838:17089 [2] NCCL INFO transport/p2p.cc:430 Cuda Alloc Size 6291456 pointer 0x1546a4600000
x3004c0s25b0n0:12838:16910 [2] NCCL INFO Channel 02/0 : 10[85000] -> 11[c7000] via P2P/IPC/read
x3004c0s25b0n0:12838:17089 [2] NCCL INFO New proxy send connection 2 from local rank 2, transport 0
x3004c0s25b0n0:12837:16912 [1] NCCL INFO Connection to proxy localRank 1 -> connection 0x145b08000d00
x3004c0s25b0n0:12836:16913 [0] NCCL INFO Channel 02/0 : 8[7000] -> 10[85000] via P2P/IPC/read
x3004c0s25b0n0:12836:17079 [0] NCCL INFO New proxy send connection 2 from local rank 0, transport 0
x3004c0s25b0n0:12839:17090 [3] NCCL INFO New proxy recv connection 2 from local rank 3, transport 0
x3004c0s25b0n0:12838:16910 [2] NCCL INFO Connection to proxy localRank 2 -> connection 0x15462c000d00
x3004c0s25b0n0:12838:17089 [2] NCCL INFO transport/p2p.cc:430 Cuda Alloc Size 6291456 pointer 0x1546a4c00000
x3004c0s25b0n0:12837:16912 [1] NCCL INFO Channel 02/0 : 7[c7000] -> 9[46000] [receive] via NET/IB/1
x3004c0s25b0n0:12837:16912 [1] NCCL INFO GPU Direct RDMA Disabled for GPU 46000 / HCA 0 (distance 7 > 4)
x3004c0s25b0n0:12837:17086 [1] NCCL INFO New proxy recv connection 3 from local rank 1, transport 2
x3004c0s25b0n0:12836:16913 [0] NCCL INFO Connection to proxy localRank 0 -> connection 0x148390000d00
x3004c0s25b0n0:12836:17079 [0] NCCL INFO transport/p2p.cc:430 Cuda Alloc Size 6291456 pointer 0x14840cc00000
x3004c0s25b0n0:12839:16911 [3] NCCL INFO Connection to proxy localRank 3 -> connection 0x152fb8000d00
x3004c0s25b0n0:12839:17090 [3] NCCL INFO transport/p2p.cc:449 Cuda Alloc Size 6291456 pointer 0x153033e00000
x3004c0s25b0n0:12837:16912 [1] NCCL INFO Connection to proxy localRank 1 -> connection 0x145b08000d40
x3004c0s25b0n0:12838:16910 [2] NCCL INFO Channel 03/0 : 10[85000] -> 11[c7000] via P2P/IPC/read
x3004c0s25b0n0:12838:17089 [2] NCCL INFO New proxy send connection 3 from local rank 2, transport 0
x3004c0s25b0n0:12836:16913 [0] NCCL INFO Channel 03/0 : 8[7000] -> 10[85000] via P2P/IPC/read
x3004c0s25b0n0:12836:17079 [0] NCCL INFO New proxy send connection 3 from local rank 0, transport 0
x3004c0s25b0n0:12837:16912 [1] NCCL INFO Channel 03/0 : 7[c7000] -> 9[46000] [receive] via NET/IB/0
x3004c0s25b0n0:12839:17090 [3] NCCL INFO New proxy recv connection 3 from local rank 3, transport 0
x3004c0s25b0n0:12838:16910 [2] NCCL INFO Connection to proxy localRank 2 -> connection 0x15462c000d40
x3004c0s25b0n0:12838:17089 [2] NCCL INFO transport/p2p.cc:430 Cuda Alloc Size 6291456 pointer 0x1546a5200000
x3004c0s25b0n0:12836:16913 [0] NCCL INFO Connection to proxy localRank 0 -> connection 0x148390000d40
x3004c0s25b0n0:12836:17079 [0] NCCL INFO transport/p2p.cc:430 Cuda Alloc Size 6291456 pointer 0x14840d200000
x3004c0s25b0n0:12839:16911 [3] NCCL INFO Connection to proxy localRank 3 -> connection 0x152fb8000d40
x3004c0s25b0n0:12839:17090 [3] NCCL INFO transport/p2p.cc:449 Cuda Alloc Size 6291456 pointer 0x153034400000
x3004c0s25b0n0:12838:17089 [2] NCCL INFO New proxy recv connection 4 from local rank 2, transport 0
x3004c0s25b0n0:12838:16910 [2] NCCL INFO Connection to proxy localRank 2 -> connection 0x15462c000d80
x3004c0s25b0n0:12838:17089 [2] NCCL INFO transport/p2p.cc:449 Cuda Alloc Size 6291456 pointer 0x154627800000
x3004c0s25b0n0:12839:16911 [3] NCCL INFO GPU Direct RDMA Disabled for GPU c7000 / HCA 1 (distance 7 > 4)
x3004c0s25b0n0:12839:17090 [3] NCCL INFO Allocated 4194656 bytes of shared memory in /dev/shm/nccl-WDuoJ0

x3004c0s25b0n0:12839:17090 [3] NCCL INFO New proxy send connection 4 from local rank 3, transport 2
x3004c0s25b0n0:12838:17089 [2] NCCL INFO New proxy recv connection 5 from local rank 2, transport 0
x3004c0s25b0n0:12839:16911 [3] NCCL INFO Connection to proxy localRank 3 -> connection 0x152fb8000d80
x3004c0s25b0n0:12839:16911 [3] NCCL INFO Channel 00/0 : 11[c7000] -> 13[46000] [send] via NET/IB/1
x3004c0s25b0n0:12839:16911 [3] NCCL INFO GPU Direct RDMA Disabled for GPU c7000 / HCA 0 (distance 6 > 4)
x3004c0s25b0n0:12839:17090 [3] NCCL INFO New proxy send connection 5 from local rank 3, transport 2
x3004c0s25b0n0:12839:16911 [3] NCCL INFO Connection to proxy localRank 3 -> connection 0x152fb8000dc0
x3004c0s25b0n0:12839:16911 [3] NCCL INFO Channel 01/0 : 11[c7000] -> 13[46000] [send] via NET/IB/0
x3004c0s25b0n0:12839:16911 [3] NCCL INFO GPU Direct RDMA Disabled for GPU c7000 / HCA 1 (distance 7 > 4)
x3004c0s25b0n0:12839:17090 [3] NCCL INFO New proxy send connection 6 from local rank 3, transport 2
x3004c0s25b0n0:12838:16910 [2] NCCL INFO Connection to proxy localRank 2 -> connection 0x15462c000dc0
x3004c0s25b0n0:12838:17089 [2] NCCL INFO transport/p2p.cc:449 Cuda Alloc Size 6291456 pointer 0x154624000000
x3004c0s25b0n0:12839:16911 [3] NCCL INFO Connection to proxy localRank 3 -> connection 0x152fb8000e00
x3004c0s25b0n0:12839:16911 [3] NCCL INFO Channel 02/0 : 11[c7000] -> 13[46000] [send] via NET/IB/1
x3004c0s25b0n0:12839:16911 [3] NCCL INFO GPU Direct RDMA Disabled for GPU c7000 / HCA 0 (distance 6 > 4)
x3004c0s25b0n0:12839:17090 [3] NCCL INFO New proxy send connection 7 from local rank 3, transport 2
x3004c0s25b0n0:12838:17089 [2] NCCL INFO New proxy recv connection 6 from local rank 2, transport 0
x3004c0s25b0n0:12838:16910 [2] NCCL INFO Connection to proxy localRank 2 -> connection 0x15462c000e00
x3004c0s25b0n0:12837:17086 [1] NCCL INFO transport/net_ib.cc:683 Ib Alloc Size 21688 pointer 0x145b0801d000
x3004c0s25b0n0:12838:17089 [2] NCCL INFO transport/p2p.cc:449 Cuda Alloc Size 6291456 pointer 0x154624600000
x3004c0s25b0n0:12837:17086 [1] NCCL INFO transport/net_ib.cc:696 Ib Alloc Size 552 pointer 0x145b08024000
x3004c0s25b0n0:12839:16911 [3] NCCL INFO Connection to proxy localRank 3 -> connection 0x152fb8000e40
x3004c0s25b0n0:12839:16911 [3] NCCL INFO Channel 03/0 : 11[c7000] -> 13[46000] [send] via NET/IB/0
x3004c0s25b0n0:12839:17090 [3] NCCL INFO transport/net_ib.cc:596 Ib Alloc Size 26560 pointer 0x152fb8020000
x3004c0s25b0n0:12839:17090 [3] NCCL INFO NET/IB: Dev 1 Port 1 qpn 12402 mtu 5 GID 0 (80FE/9F0100FEFF000000)
x3004c0s25b0n0:12839:17090 [3] NCCL INFO transport/net_ib.cc:653 Ib Alloc Size 552 pointer 0x152fb8038000
x3004c0s25b0n0:12839:17090 [3] NCCL INFO transport/net.cc:571 Cuda Host Alloc Size 9641984 pointer 0x152fbec00000
x3004c0s25b0n0:12837:17086 [1] NCCL INFO transport/net_ib.cc:771 Ib Alloc Size 552 pointer 0x145b08041000
x3004c0s25b0n0:12837:17086 [1] NCCL INFO transport/net.cc:698 Cuda Host Alloc Size 9641984 pointer 0x145b82a00000
x3004c0s25b0n0:12839:17090 [3] NCCL INFO transport/net_ib.cc:596 Ib Alloc Size 26560 pointer 0x152fb803a000
x3004c0s25b0n0:12839:17090 [3] NCCL INFO NET/IB: Dev 0 Port 1 qpn 12426 mtu 5 GID 0 (80FE/FC0100FEFF000000)
x3004c0s25b0n0:12839:17090 [3] NCCL INFO transport/net_ib.cc:653 Ib Alloc Size 552 pointer 0x152fb8051000
x3004c0s25b0n0:12839:17090 [3] NCCL INFO transport/net.cc:571 Cuda Host Alloc Size 9641984 pointer 0x152fbf600000
x3004c0s25b0n0:12837:17086 [1] NCCL INFO transport/net_ib.cc:683 Ib Alloc Size 21688 pointer 0x145b08043000
x3004c0s25b0n0:12837:17086 [1] NCCL INFO transport/net_ib.cc:696 Ib Alloc Size 552 pointer 0x145b0804a000
x3004c0s25b0n0:12837:17086 [1] NCCL INFO transport/net_ib.cc:771 Ib Alloc Size 552 pointer 0x145b08065000
x3004c0s25b0n0:12837:17086 [1] NCCL INFO transport/net.cc:698 Cuda Host Alloc Size 9641984 pointer 0x145b83400000
x3004c0s25b0n0:12838:17089 [2] NCCL INFO New proxy recv connection 7 from local rank 2, transport 0
x3004c0s25b0n0:12838:16910 [2] NCCL INFO Connection to proxy localRank 2 -> connection 0x15462c000e40
x3004c0s25b0n0:12838:17089 [2] NCCL INFO transport/p2p.cc:449 Cuda Alloc Size 6291456 pointer 0x154624c00000
x3004c0s25b0n0:12837:17086 [1] NCCL INFO transport/net_ib.cc:683 Ib Alloc Size 21688 pointer 0x145b08067000
x3004c0s25b0n0:12839:17090 [3] NCCL INFO transport/net_ib.cc:596 Ib Alloc Size 26560 pointer 0x152fb8053000
x3004c0s25b0n0:12838:16910 [2] NCCL INFO Connected all rings
x3004c0s25b0n0:12838:17089 [2] NCCL INFO New proxy recv connection 8 from local rank 2, transport 0
x3004c0s25b0n0:12836:17079 [0] NCCL INFO New proxy recv connection 4 from local rank 0, transport 0
x3004c0s25b0n0:12839:17090 [3] NCCL INFO NET/IB: Dev 1 Port 1 qpn 12405 mtu 5 GID 0 (80FE/9F0100FEFF000000)
x3004c0s25b0n0:12839:17090 [3] NCCL INFO transport/net_ib.cc:653 Ib Alloc Size 552 pointer 0x152fb806a000
x3004c0s25b0n0:12839:17090 [3] NCCL INFO transport/net.cc:571 Cuda Host Alloc Size 9641984 pointer 0x152fb2000000
x3004c0s25b0n0:12837:17086 [1] NCCL INFO transport/net_ib.cc:696 Ib Alloc Size 552 pointer 0x145b0806e000
x3004c0s25b0n0:12837:17086 [1] NCCL INFO transport/net_ib.cc:771 Ib Alloc Size 552 pointer 0x145b08089000
x3004c0s25b0n0:12837:17086 [1] NCCL INFO transport/net.cc:698 Cuda Host Alloc Size 9641984 pointer 0x145b83e00000
x3004c0s25b0n0:12836:16913 [0] NCCL INFO Connection to proxy localRank 0 -> connection 0x148390000d80
x3004c0s25b0n0:12836:17079 [0] NCCL INFO transport/p2p.cc:449 Cuda Alloc Size 6291456 pointer 0x14838b800000
x3004c0s25b0n0:12838:16910 [2] NCCL INFO Connection to proxy localRank 2 -> connection 0x15462c000e80
x3004c0s25b0n0:12838:17089 [2] NCCL INFO transport/p2p.cc:449 Cuda Alloc Size 6291456 pointer 0x154622c00000
x3004c0s25b0n0:12839:17090 [3] NCCL INFO transport/net_ib.cc:596 Ib Alloc Size 26560 pointer 0x152fb806c000
x3004c0s25b0n0:12836:17079 [0] NCCL INFO New proxy recv connection 5 from local rank 0, transport 0
x3004c0s25b0n0:12837:17086 [1] NCCL INFO transport/net_ib.cc:683 Ib Alloc Size 21688 pointer 0x145b0808b000
x3004c0s25b0n0:12837:17086 [1] NCCL INFO transport/net_ib.cc:696 Ib Alloc Size 552 pointer 0x145b08092000
x3004c0s25b0n0:12839:17090 [3] NCCL INFO NET/IB: Dev 0 Port 1 qpn 12429 mtu 5 GID 0 (80FE/FC0100FEFF000000)
x3004c0s25b0n0:12839:17090 [3] NCCL INFO transport/net_ib.cc:653 Ib Alloc Size 552 pointer 0x152fb8083000
x3004c0s25b0n0:12839:17090 [3] NCCL INFO transport/net.cc:571 Cuda Host Alloc Size 9641984 pointer 0x152fb2a00000
x3004c0s25b0n0:12837:17086 [1] NCCL INFO transport/net_ib.cc:771 Ib Alloc Size 552 pointer 0x145b080ad000
x3004c0s25b0n0:12837:17086 [1] NCCL INFO transport/net.cc:698 Cuda Host Alloc Size 9641984 pointer 0x145b84800000
x3004c0s25b0n0:12838:17089 [2] NCCL INFO New proxy recv connection 9 from local rank 2, transport 0
x3004c0s25b0n0:12837:16912 [1] NCCL INFO Channel 00/0 : 9[46000] -> 8[7000] via P2P/IPC/read
x3004c0s25b0n0:12837:17086 [1] NCCL INFO New proxy send connection 4 from local rank 1, transport 0
x3004c0s25b0n0:12839:16911 [3] NCCL INFO Connected all rings
x3004c0s25b0n0:12839:16911 [3] NCCL INFO Channel 00/0 : 11[c7000] -> 10[85000] via P2P/IPC/read
x3004c0s25b0n0:12839:17090 [3] NCCL INFO New proxy send connection 8 from local rank 3, transport 0
x3004c0s25b0n0:12839:16911 [3] NCCL INFO Connection to proxy localRank 3 -> connection 0x152fb8000e80
x3004c0s25b0n0:12836:16913 [0] NCCL INFO Connection to proxy localRank 0 -> connection 0x148390000dc0
x3004c0s25b0n0:12836:17079 [0] NCCL INFO transport/p2p.cc:449 Cuda Alloc Size 6291456 pointer 0x148388000000
x3004c0s25b0n0:12839:17090 [3] NCCL INFO transport/p2p.cc:430 Cuda Alloc Size 6291456 pointer 0x152fb3400000
x3004c0s25b0n0:12839:16911 [3] NCCL INFO Channel 01/0 : 11[c7000] -> 10[85000] via P2P/IPC/read
x3004c0s25b0n0:12839:17090 [3] NCCL INFO New proxy send connection 9 from local rank 3, transport 0
x3004c0s25b0n0:12836:17079 [0] NCCL INFO New proxy recv connection 6 from local rank 0, transport 0
x3004c0s25b0n0:12837:16912 [1] NCCL INFO Connection to proxy localRank 1 -> connection 0x145b08000d80
x3004c0s25b0n0:12837:17086 [1] NCCL INFO transport/p2p.cc:430 Cuda Alloc Size 6291456 pointer 0x145b85200000
x3004c0s25b0n0:12838:16910 [2] NCCL INFO Connection to proxy localRank 2 -> connection 0x15462c000ec0
x3004c0s25b0n0:12838:17089 [2] NCCL INFO transport/p2p.cc:449 Cuda Alloc Size 6291456 pointer 0x154623200000
x3004c0s25b0n0:12839:16911 [3] NCCL INFO Connection to proxy localRank 3 -> connection 0x152fb8000ec0
x3004c0s25b0n0:12839:17090 [3] NCCL INFO transport/p2p.cc:430 Cuda Alloc Size 6291456 pointer 0x152fb3a00000
x3004c0s25b0n0:12836:16913 [0] NCCL INFO Connection to proxy localRank 0 -> connection 0x148390000e00
x3004c0s25b0n0:12838:17089 [2] NCCL INFO New proxy recv connection 10 from local rank 2, transport 0
x3004c0s25b0n0:12837:16912 [1] NCCL INFO Channel 01/0 : 9[46000] -> 8[7000] via P2P/IPC/read
x3004c0s25b0n0:12837:17086 [1] NCCL INFO New proxy send connection 5 from local rank 1, transport 0
x3004c0s25b0n0:12836:17079 [0] NCCL INFO transport/p2p.cc:449 Cuda Alloc Size 6291456 pointer 0x148388600000
x3004c0s25b0n0:12839:16911 [3] NCCL INFO Channel 02/0 : 11[c7000] -> 10[85000] via P2P/IPC/read
x3004c0s25b0n0:12839:17090 [3] NCCL INFO New proxy send connection 10 from local rank 3, transport 0
x3004c0s25b0n0:12838:16910 [2] NCCL INFO Connection to proxy localRank 2 -> connection 0x15462c000f00
x3004c0s25b0n0:12838:17089 [2] NCCL INFO transport/p2p.cc:449 Cuda Alloc Size 6291456 pointer 0x154623800000
x3004c0s25b0n0:12837:16912 [1] NCCL INFO Connection to proxy localRank 1 -> connection 0x145b08000dc0
x3004c0s25b0n0:12837:17086 [1] NCCL INFO transport/p2p.cc:430 Cuda Alloc Size 6291456 pointer 0x145b02000000
x3004c0s25b0n0:12838:17089 [2] NCCL INFO New proxy recv connection 11 from local rank 2, transport 0
x3004c0s25b0n0:12839:16911 [3] NCCL INFO Connection to proxy localRank 3 -> connection 0x152fb8000f00
x3004c0s25b0n0:12839:17090 [3] NCCL INFO transport/p2p.cc:430 Cuda Alloc Size 6291456 pointer 0x152fb0000000
x3004c0s25b0n0:12836:17079 [0] NCCL INFO New proxy recv connection 7 from local rank 0, transport 0
x3004c0s25b0n0:12837:16912 [1] NCCL INFO Channel 02/0 : 9[46000] -> 8[7000] via P2P/IPC/read
x3004c0s25b0n0:12837:17086 [1] NCCL INFO New proxy send connection 6 from local rank 1, transport 0
x3004c0s25b0n0:12836:16913 [0] NCCL INFO Connection to proxy localRank 0 -> connection 0x148390000e40
x3004c0s25b0n0:12836:17079 [0] NCCL INFO transport/p2p.cc:449 Cuda Alloc Size 6291456 pointer 0x148388c00000
x3004c0s25b0n0:12839:16911 [3] NCCL INFO Channel 03/0 : 11[c7000] -> 10[85000] via P2P/IPC/read
x3004c0s25b0n0:12839:17090 [3] NCCL INFO New proxy send connection 11 from local rank 3, transport 0
x3004c0s25b0n0:12839:16911 [3] NCCL INFO Connection to proxy localRank 3 -> connection 0x152fb8000f40
x3004c0s25b0n0:12838:16910 [2] NCCL INFO Connection to proxy localRank 2 -> connection 0x15462c000f40
x3004c0s25b0n0:12838:17089 [2] NCCL INFO transport/p2p.cc:449 Cuda Alloc Size 6291456 pointer 0x154620000000
x3004c0s25b0n0:12837:16912 [1] NCCL INFO Connection to proxy localRank 1 -> connection 0x145b08000e00
x3004c0s25b0n0:12837:17086 [1] NCCL INFO transport/p2p.cc:430 Cuda Alloc Size 6291456 pointer 0x145b02600000
x3004c0s25b0n0:12837:16912 [1] NCCL INFO Channel 03/0 : 9[46000] -> 8[7000] via P2P/IPC/read
x3004c0s25b0n0:12837:17086 [1] NCCL INFO New proxy send connection 7 from local rank 1, transport 0
x3004c0s25b0n0:12839:17090 [3] NCCL INFO transport/p2p.cc:430 Cuda Alloc Size 6291456 pointer 0x152fb0600000
x3004c0s25b0n0:12837:16912 [1] NCCL INFO Connection to proxy localRank 1 -> connection 0x145b08000e40
x3004c0s25b0n0:12837:17086 [1] NCCL INFO transport/p2p.cc:430 Cuda Alloc Size 6291456 pointer 0x145b02c00000
x3004c0s25b0n0:12837:16912 [1] NCCL INFO Connected all rings
x3004c0s25b0n0:12837:17086 [1] NCCL INFO New proxy recv connection 8 from local rank 1, transport 0
x3004c0s25b0n0:12836:16913 [0] NCCL INFO Connected all rings
x3004c0s25b0n0:12836:16913 [0] NCCL INFO Channel 00/0 : 8[7000] -> 9[46000] via P2P/IPC/read
x3004c0s25b0n0:12836:17079 [0] NCCL INFO New proxy send connection 8 from local rank 0, transport 0
x3004c0s25b0n0:12837:16912 [1] NCCL INFO Connection to proxy localRank 1 -> connection 0x145b08000e80
x3004c0s25b0n0:12837:17086 [1] NCCL INFO transport/p2p.cc:449 Cuda Alloc Size 6291456 pointer 0x145afac00000
x3004c0s25b0n0:12836:16913 [0] NCCL INFO Connection to proxy localRank 0 -> connection 0x148390000e80
x3004c0s25b0n0:12836:17079 [0] NCCL INFO transport/p2p.cc:430 Cuda Alloc Size 6291456 pointer 0x148386c00000
x3004c0s25b0n0:12837:17086 [1] NCCL INFO New proxy recv connection 9 from local rank 1, transport 0
x3004c0s25b0n0:12837:16912 [1] NCCL INFO Connection to proxy localRank 1 -> connection 0x145b08000ec0
x3004c0s25b0n0:12837:17086 [1] NCCL INFO transport/p2p.cc:449 Cuda Alloc Size 6291456 pointer 0x145afb200000
x3004c0s25b0n0:12837:17086 [1] NCCL INFO New proxy recv connection 10 from local rank 1, transport 0
x3004c0s25b0n0:12836:16913 [0] NCCL INFO Channel 01/0 : 8[7000] -> 9[46000] via P2P/IPC/read
x3004c0s25b0n0:12836:17079 [0] NCCL INFO New proxy send connection 9 from local rank 0, transport 0
x3004c0s25b0n0:12836:16913 [0] NCCL INFO Connection to proxy localRank 0 -> connection 0x148390000ec0
x3004c0s25b0n0:12836:17079 [0] NCCL INFO transport/p2p.cc:430 Cuda Alloc Size 6291456 pointer 0x148387200000
x3004c0s25b0n0:12837:16912 [1] NCCL INFO Connection to proxy localRank 1 -> connection 0x145b08000f00
x3004c0s25b0n0:12837:17086 [1] NCCL INFO transport/p2p.cc:449 Cuda Alloc Size 6291456 pointer 0x145afb800000
x3004c0s25b0n0:12836:16913 [0] NCCL INFO Channel 02/0 : 8[7000] -> 9[46000] via P2P/IPC/read
x3004c0s25b0n0:12836:17079 [0] NCCL INFO New proxy send connection 10 from local rank 0, transport 0
x3004c0s25b0n0:12837:17086 [1] NCCL INFO New proxy recv connection 11 from local rank 1, transport 0
x3004c0s25b0n0:12836:16913 [0] NCCL INFO Connection to proxy localRank 0 -> connection 0x148390000f00
x3004c0s25b0n0:12836:17079 [0] NCCL INFO transport/p2p.cc:430 Cuda Alloc Size 6291456 pointer 0x148387800000
x3004c0s25b0n0:12837:16912 [1] NCCL INFO Connection to proxy localRank 1 -> connection 0x145b08000f40
x3004c0s25b0n0:12837:17086 [1] NCCL INFO transport/p2p.cc:449 Cuda Alloc Size 6291456 pointer 0x145af8000000
x3004c0s25b0n0:12836:16913 [0] NCCL INFO Channel 03/0 : 8[7000] -> 9[46000] via P2P/IPC/read
x3004c0s25b0n0:12836:17079 [0] NCCL INFO New proxy send connection 11 from local rank 0, transport 0
x3004c0s25b0n0:12837:16912 [1] NCCL INFO Channel 00/0 : 9[46000] -> 10[85000] via P2P/IPC/read
x3004c0s25b0n0:12837:17086 [1] NCCL INFO New proxy send connection 12 from local rank 1, transport 0
x3004c0s25b0n0:12836:16913 [0] NCCL INFO Connection to proxy localRank 0 -> connection 0x148390000f40
x3004c0s25b0n0:12836:17079 [0] NCCL INFO transport/p2p.cc:430 Cuda Alloc Size 6291456 pointer 0x148384000000
x3004c0s25b0n0:12837:16912 [1] NCCL INFO Connection to proxy localRank 1 -> connection 0x145b08000f80
x3004c0s25b0n0:12837:17086 [1] NCCL INFO transport/p2p.cc:430 Cuda Alloc Size 6291456 pointer 0x145af8600000
x3004c0s25b0n0:12837:16912 [1] NCCL INFO Channel 01/0 : 9[46000] -> 10[85000] via P2P/IPC/read
x3004c0s25b0n0:12837:17086 [1] NCCL INFO New proxy send connection 13 from local rank 1, transport 0
x3004c0s25b0n0:12837:16912 [1] NCCL INFO Connection to proxy localRank 1 -> connection 0x145b08000fc0
x3004c0s25b0n0:12837:17086 [1] NCCL INFO transport/p2p.cc:430 Cuda Alloc Size 6291456 pointer 0x145af8c00000
x3004c0s25b0n0:12837:16912 [1] NCCL INFO Channel 02/0 : 9[46000] -> 10[85000] via P2P/IPC/read
x3004c0s25b0n0:12837:17086 [1] NCCL INFO New proxy send connection 14 from local rank 1, transport 0
x3004c0s25b0n0:12837:16912 [1] NCCL INFO Connection to proxy localRank 1 -> connection 0x145b08001000
x3004c0s25b0n0:12837:17086 [1] NCCL INFO transport/p2p.cc:430 Cuda Alloc Size 6291456 pointer 0x145af9200000
x3004c0s25b0n0:12837:16912 [1] NCCL INFO Channel 03/0 : 9[46000] -> 10[85000] via P2P/IPC/read
x3004c0s25b0n0:12837:17086 [1] NCCL INFO New proxy send connection 15 from local rank 1, transport 0
x3004c0s25b0n0:12837:16912 [1] NCCL INFO Connection to proxy localRank 1 -> connection 0x145b08001040
x3004c0s25b0n0:12837:17086 [1] NCCL INFO transport/p2p.cc:430 Cuda Alloc Size 6291456 pointer 0x145af9800000
x3004c0s25b0n0:12837:16912 [1] NCCL INFO GPU Direct RDMA Disabled for GPU 46000 / HCA 1 (distance 6 > 4)
x3004c0s25b0n0:12836:16913 [0] NCCL INFO GPU Direct RDMA Disabled for GPU 7000 / HCA 1 (distance 7 > 4)
x3004c0s25b0n0:12836:17079 [0] NCCL INFO Allocated 4194656 bytes of shared memory in /dev/shm/nccl-7cGO8M

x3004c0s25b0n0:12836:17079 [0] NCCL INFO New proxy send connection 12 from local rank 0, transport 2
x3004c0s25b0n0:12838:17089 [2] NCCL INFO New proxy recv connection 12 from local rank 2, transport 0
x3004c0s25b0n0:12836:16913 [0] NCCL INFO Connection to proxy localRank 0 -> connection 0x148390000f80
x3004c0s25b0n0:12836:16913 [0] NCCL INFO Channel 00/0 : 8[7000] -> 12[7000] [send] via NET/IB/1
x3004c0s25b0n0:12836:16913 [0] NCCL INFO GPU Direct RDMA Disabled for GPU 7000 / HCA 0 (distance 7 > 4)
x3004c0s25b0n0:12836:17079 [0] NCCL INFO New proxy send connection 13 from local rank 0, transport 2
x3004c0s25b0n0:12837:17086 [1] NCCL INFO New proxy recv connection 16 from local rank 1, transport 2
x3004c0s25b0n0:12838:16910 [2] NCCL INFO Connection to proxy localRank 2 -> connection 0x15462c000f80
x3004c0s25b0n0:12838:17089 [2] NCCL INFO transport/p2p.cc:449 Cuda Alloc Size 6291456 pointer 0x15461e000000
x3004c0s25b0n0:12837:16912 [1] NCCL INFO Connection to proxy localRank 1 -> connection 0x145b08001080
x3004c0s25b0n0:12838:17089 [2] NCCL INFO New proxy recv connection 13 from local rank 2, transport 0
x3004c0s25b0n0:12836:16913 [0] NCCL INFO Connection to proxy localRank 0 -> connection 0x148390000fc0
x3004c0s25b0n0:12836:16913 [0] NCCL INFO Channel 01/0 : 8[7000] -> 12[7000] [send] via NET/IB/0
x3004c0s25b0n0:12838:16910 [2] NCCL INFO Connection to proxy localRank 2 -> connection 0x15462c000fc0
x3004c0s25b0n0:12838:17089 [2] NCCL INFO transport/p2p.cc:449 Cuda Alloc Size 6291456 pointer 0x15461e600000
x3004c0s25b0n0:12837:16912 [1] NCCL INFO Channel 00/0 : 4[7000] -> 9[46000] [receive] via NET/IB/1
x3004c0s25b0n0:12837:16912 [1] NCCL INFO GPU Direct RDMA Disabled for GPU 46000 / HCA 0 (distance 7 > 4)
x3004c0s25b0n0:12837:17086 [1] NCCL INFO New proxy recv connection 17 from local rank 1, transport 2
x3004c0s25b0n0:12837:16912 [1] NCCL INFO Connection to proxy localRank 1 -> connection 0x145b080010c0
x3004c0s25b0n0:12838:17089 [2] NCCL INFO New proxy recv connection 14 from local rank 2, transport 0
x3004c0s25b0n0:12837:16912 [1] NCCL INFO Channel 01/0 : 4[7000] -> 9[46000] [receive] via NET/IB/0
x3004c0s25b0n0:12838:16910 [2] NCCL INFO Connection to proxy localRank 2 -> connection 0x15462c001000
x3004c0s25b0n0:12838:17089 [2] NCCL INFO transport/p2p.cc:449 Cuda Alloc Size 6291456 pointer 0x15461ec00000
x3004c0s25b0n0:12838:17089 [2] NCCL INFO New proxy recv connection 15 from local rank 2, transport 0
x3004c0s25b0n0:12838:16910 [2] NCCL INFO Connection to proxy localRank 2 -> connection 0x15462c001040
x3004c0s25b0n0:12838:17089 [2] NCCL INFO transport/p2p.cc:449 Cuda Alloc Size 6291456 pointer 0x15461f200000
x3004c0s25b0n0:12836:17079 [0] NCCL INFO transport/net_ib.cc:596 Ib Alloc Size 26560 pointer 0x14839001b000
x3004c0s25b0n0:12836:17079 [0] NCCL INFO NET/IB: Dev 1 Port 1 qpn 12408 mtu 5 GID 0 (80FE/9F0100FEFF000000)
x3004c0s25b0n0:12836:17079 [0] NCCL INFO transport/net_ib.cc:653 Ib Alloc Size 552 pointer 0x148390033000
x3004c0s25b0n0:12836:17079 [0] NCCL INFO transport/net.cc:571 Cuda Host Alloc Size 9641984 pointer 0x148382000000
x3004c0s25b0n0:12836:17079 [0] NCCL INFO transport/net_ib.cc:596 Ib Alloc Size 26560 pointer 0x148390035000
x3004c0s25b0n0:12838:16910 [2] NCCL INFO Channel 00/0 : 10[85000] -> 9[46000] via P2P/IPC/read
x3004c0s25b0n0:12838:17089 [2] NCCL INFO New proxy send connection 16 from local rank 2, transport 0
x3004c0s25b0n0:12838:16910 [2] NCCL INFO Connection to proxy localRank 2 -> connection 0x15462c001080
x3004c0s25b0n0:12836:17079 [0] NCCL INFO NET/IB: Dev 0 Port 1 qpn 12432 mtu 5 GID 0 (80FE/FC0100FEFF000000)
x3004c0s25b0n0:12836:17079 [0] NCCL INFO transport/net_ib.cc:653 Ib Alloc Size 552 pointer 0x14839004d000
x3004c0s25b0n0:12836:17079 [0] NCCL INFO transport/net.cc:571 Cuda Host Alloc Size 9641984 pointer 0x148382a00000
x3004c0s25b0n0:12838:17089 [2] NCCL INFO transport/p2p.cc:430 Cuda Alloc Size 6291456 pointer 0x15461f800000
x3004c0s25b0n0:12836:16913 [0] NCCL INFO GPU Direct RDMA Disabled for GPU 7000 / HCA 1 (distance 7 > 4)
x3004c0s25b0n0:12836:17079 [0] NCCL INFO New proxy send connection 14 from local rank 0, transport 2
x3004c0s25b0n0:12836:16913 [0] NCCL INFO Connection to proxy localRank 0 -> connection 0x148390001000
x3004c0s25b0n0:12836:16913 [0] NCCL INFO Channel 02/0 : 8[7000] -> 13[46000] [send] via NET/IB/1
x3004c0s25b0n0:12836:16913 [0] NCCL INFO GPU Direct RDMA Disabled for GPU 7000 / HCA 0 (distance 7 > 4)
x3004c0s25b0n0:12838:16910 [2] NCCL INFO Channel 01/0 : 10[85000] -> 9[46000] via P2P/IPC/read
x3004c0s25b0n0:12838:17089 [2] NCCL INFO New proxy send connection 17 from local rank 2, transport 0
x3004c0s25b0n0:12836:17079 [0] NCCL INFO New proxy send connection 15 from local rank 0, transport 2
x3004c0s25b0n0:12838:16910 [2] NCCL INFO Connection to proxy localRank 2 -> connection 0x15462c0010c0
x3004c0s25b0n0:12838:17089 [2] NCCL INFO transport/p2p.cc:430 Cuda Alloc Size 6291456 pointer 0x15461c000000
x3004c0s25b0n0:12838:16910 [2] NCCL INFO Channel 02/0 : 10[85000] -> 9[46000] via P2P/IPC/read
x3004c0s25b0n0:12838:17089 [2] NCCL INFO New proxy send connection 18 from local rank 2, transport 0
x3004c0s25b0n0:12836:16913 [0] NCCL INFO Connection to proxy localRank 0 -> connection 0x148390001040
x3004c0s25b0n0:12836:16913 [0] NCCL INFO Channel 03/0 : 8[7000] -> 13[46000] [send] via NET/IB/0
x3004c0s25b0n0:12836:17079 [0] NCCL INFO transport/net_ib.cc:596 Ib Alloc Size 26560 pointer 0x148390059000
x3004c0s25b0n0:12836:17079 [0] NCCL INFO NET/IB: Dev 1 Port 1 qpn 12409 mtu 5 GID 0 (80FE/9F0100FEFF000000)
x3004c0s25b0n0:12836:17079 [0] NCCL INFO transport/net_ib.cc:653 Ib Alloc Size 552 pointer 0x148390070000
x3004c0s25b0n0:12836:17079 [0] NCCL INFO transport/net.cc:571 Cuda Host Alloc Size 9641984 pointer 0x148383400000
x3004c0s25b0n0:12838:16910 [2] NCCL INFO Connection to proxy localRank 2 -> connection 0x15462c001100
x3004c0s25b0n0:12838:17089 [2] NCCL INFO transport/p2p.cc:430 Cuda Alloc Size 6291456 pointer 0x15461c600000
x3004c0s25b0n0:12838:16910 [2] NCCL INFO Channel 03/0 : 10[85000] -> 9[46000] via P2P/IPC/read
x3004c0s25b0n0:12838:17089 [2] NCCL INFO New proxy send connection 19 from local rank 2, transport 0
x3004c0s25b0n0:12836:17079 [0] NCCL INFO transport/net_ib.cc:596 Ib Alloc Size 26560 pointer 0x148390072000
x3004c0s25b0n0:12836:17079 [0] NCCL INFO NET/IB: Dev 0 Port 1 qpn 12433 mtu 5 GID 0 (80FE/FC0100FEFF000000)
x3004c0s25b0n0:12836:17079 [0] NCCL INFO transport/net_ib.cc:653 Ib Alloc Size 552 pointer 0x148390089000
x3004c0s25b0n0:12836:17079 [0] NCCL INFO transport/net.cc:571 Cuda Host Alloc Size 9641984 pointer 0x14837a000000
x3004c0s25b0n0:12838:16910 [2] NCCL INFO Connection to proxy localRank 2 -> connection 0x15462c001140
x3004c0s25b0n0:12838:17089 [2] NCCL INFO transport/p2p.cc:430 Cuda Alloc Size 6291456 pointer 0x15461cc00000
x3004c0s25b0n0:12836:16913 [0] NCCL INFO GPU Direct RDMA Disabled for GPU 7000 / HCA 1 (distance 7 > 4)
x3004c0s25b0n0:12836:17079 [0] NCCL INFO New proxy send connection 16 from local rank 0, transport 2
x3004c0s25b0n0:12836:16913 [0] NCCL INFO Connection to proxy localRank 0 -> connection 0x148390001080
x3004c0s25b0n0:12836:16913 [0] NCCL INFO Channel 00/0 : 8[7000] -> 17[46000] [send] via NET/IB/1
x3004c0s25b0n0:12836:16913 [0] NCCL INFO GPU Direct RDMA Disabled for GPU 7000 / HCA 0 (distance 7 > 4)
x3004c0s25b0n0:12836:17079 [0] NCCL INFO New proxy send connection 17 from local rank 0, transport 2
x3004c0s25b0n0:12837:17086 [1] NCCL INFO transport/net_ib.cc:683 Ib Alloc Size 21688 pointer 0x145b080be000
x3004c0s25b0n0:12839:16911 [3] NCCL INFO Connected all trees by HAO
x3004c0s25b0n0:12839:16911 [3] NCCL INFO threadThresholds 8/8/64 | 160/8/64 | 512 | 512
x3004c0s25b0n0:12839:16911 [3] NCCL INFO 4 coll channels, 4 p2p channels, 2 p2p channels per peer
x3004c0s25b0n0:12839:17090 [3] NCCL INFO New proxy send connection 12 from local rank 3, transport 2
x3004c0s25b0n0:12836:16913 [0] NCCL INFO Connection to proxy localRank 0 -> connection 0x1483900010c0
x3004c0s25b0n0:12836:16913 [0] NCCL INFO Channel 01/0 : 8[7000] -> 17[46000] [send] via NET/IB/0
x3004c0s25b0n0:12836:17079 [0] NCCL INFO transport/net_ib.cc:596 Ib Alloc Size 26560 pointer 0x148390095000
x3004c0s25b0n0:12836:17079 [0] NCCL INFO NET/IB: Dev 1 Port 1 qpn 12410 mtu 5 GID 0 (80FE/9F0100FEFF000000)
x3004c0s25b0n0:12836:17079 [0] NCCL INFO transport/net_ib.cc:653 Ib Alloc Size 552 pointer 0x1483900ac000
x3004c0s25b0n0:12836:17079 [0] NCCL INFO transport/net.cc:571 Cuda Host Alloc Size 9641984 pointer 0x14837aa00000
x3004c0s25b0n0:12837:17086 [1] NCCL INFO transport/net_ib.cc:696 Ib Alloc Size 552 pointer 0x145b0801a000
x3004c0s25b0n0:12839:16911 [3] NCCL INFO Connection to proxy localRank 3 -> connection 0x152fb8000f80
x3004c0s25b0n0:12837:17086 [1] NCCL INFO transport/net_ib.cc:771 Ib Alloc Size 552 pointer 0x145b080df000
x3004c0s25b0n0:12837:17086 [1] NCCL INFO transport/net.cc:698 Cuda Host Alloc Size 9641984 pointer 0x145af5200000
x3004c0s25b0n0:12839:17090 [3] NCCL INFO transport/net.cc:376 Cuda Alloc Size 8388608 pointer 0x152fae600000
x3004c0s25b0n0:12836:17079 [0] NCCL INFO transport/net_ib.cc:596 Ib Alloc Size 26560 pointer 0x1483900ae000
x3004c0s25b0n0:12836:17079 [0] NCCL INFO NET/IB: Dev 0 Port 1 qpn 12434 mtu 5 GID 0 (80FE/FC0100FEFF000000)
x3004c0s25b0n0:12836:17079 [0] NCCL INFO transport/net_ib.cc:653 Ib Alloc Size 552 pointer 0x1483900c5000
x3004c0s25b0n0:12836:17079 [0] NCCL INFO transport/net.cc:571 Cuda Host Alloc Size 9641984 pointer 0x14837b400000
x3004c0s25b0n0:12836:16913 [0] NCCL INFO GPU Direct RDMA Disabled for GPU 7000 / HCA 1 (distance 7 > 4)
x3004c0s25b0n0:12836:17079 [0] NCCL INFO New proxy recv connection 18 from local rank 0, transport 2
x3004c0s25b0n0:12837:17086 [1] NCCL INFO transport/net_ib.cc:683 Ib Alloc Size 21688 pointer 0x145b080e1000
x3004c0s25b0n0:12837:17086 [1] NCCL INFO transport/net_ib.cc:696 Ib Alloc Size 552 pointer 0x145b080e8000
x3004c0s25b0n0:12837:17086 [1] NCCL INFO transport/net_ib.cc:771 Ib Alloc Size 552 pointer 0x145b08103000
x3004c0s25b0n0:12837:17086 [1] NCCL INFO transport/net.cc:698 Cuda Host Alloc Size 9641984 pointer 0x145af2000000
x3004c0s25b0n0:12837:16912 [1] NCCL INFO GPU Direct RDMA Disabled for GPU 46000 / HCA 1 (distance 6 > 4)
x3004c0s25b0n0:12837:17086 [1] NCCL INFO New proxy send connection 18 from local rank 1, transport 2
x3004c0s25b0n0:12836:16913 [0] NCCL INFO Connection to proxy localRank 0 -> connection 0x148390001100
x3004c0s25b0n0:12837:16912 [1] NCCL INFO Connection to proxy localRank 1 -> connection 0x145b08001100
x3004c0s25b0n0:12837:16912 [1] NCCL INFO Channel 00/0 : 9[46000] -> 4[7000] [send] via NET/IB/1
x3004c0s25b0n0:12837:16912 [1] NCCL INFO GPU Direct RDMA Disabled for GPU 46000 / HCA 0 (distance 7 > 4)
x3004c0s25b0n0:12837:17086 [1] NCCL INFO New proxy send connection 19 from local rank 1, transport 2
x3004c0s25b0n0:12836:16913 [0] NCCL INFO Channel 00/0 : 17[46000] -> 8[7000] [receive] via NET/IB/1
x3004c0s25b0n0:12836:16913 [0] NCCL INFO GPU Direct RDMA Disabled for GPU 7000 / HCA 0 (distance 7 > 4)
x3004c0s25b0n0:12836:17079 [0] NCCL INFO New proxy recv connection 19 from local rank 0, transport 2
x3004c0s25b0n0:12837:16912 [1] NCCL INFO Connection to proxy localRank 1 -> connection 0x145b08001140
x3004c0s25b0n0:12837:16912 [1] NCCL INFO Channel 01/0 : 9[46000] -> 4[7000] [send] via NET/IB/0
x3004c0s25b0n0:12836:16913 [0] NCCL INFO Connection to proxy localRank 0 -> connection 0x148390001140
x3004c0s25b0n0:12837:17086 [1] NCCL INFO transport/net_ib.cc:596 Ib Alloc Size 26560 pointer 0x145b0810f000
x3004c0s25b0n0:12837:17086 [1] NCCL INFO NET/IB: Dev 1 Port 1 qpn 12413 mtu 5 GID 0 (80FE/9F0100FEFF000000)
x3004c0s25b0n0:12837:17086 [1] NCCL INFO transport/net_ib.cc:653 Ib Alloc Size 552 pointer 0x145b08126000
x3004c0s25b0n0:12837:17086 [1] NCCL INFO transport/net.cc:571 Cuda Host Alloc Size 9641984 pointer 0x145af2a00000
x3004c0s25b0n0:12837:17086 [1] NCCL INFO transport/net_ib.cc:596 Ib Alloc Size 26560 pointer 0x145b08128000
x3004c0s25b0n0:12837:17086 [1] NCCL INFO NET/IB: Dev 0 Port 1 qpn 12437 mtu 5 GID 0 (80FE/FC0100FEFF000000)
x3004c0s25b0n0:12837:17086 [1] NCCL INFO transport/net_ib.cc:653 Ib Alloc Size 552 pointer 0x145b0813f000
x3004c0s25b0n0:12837:17086 [1] NCCL INFO transport/net.cc:571 Cuda Host Alloc Size 9641984 pointer 0x145af3400000
x3004c0s25b0n0:12836:16913 [0] NCCL INFO Channel 01/0 : 17[46000] -> 8[7000] [receive] via NET/IB/0
x3004c0s25b0n0:12836:17079 [0] NCCL INFO transport/net_ib.cc:683 Ib Alloc Size 21688 pointer 0x1483900d1000
x3004c0s25b0n0:12836:17079 [0] NCCL INFO transport/net_ib.cc:696 Ib Alloc Size 552 pointer 0x1483900d8000
x3004c0s25b0n0:12837:17086 [1] NCCL INFO New proxy recv connection 20 from local rank 1, transport 0
x3004c0s25b0n0:12836:17079 [0] NCCL INFO transport/net_ib.cc:771 Ib Alloc Size 552 pointer 0x1483900f4000
x3004c0s25b0n0:12836:17079 [0] NCCL INFO transport/net.cc:698 Cuda Host Alloc Size 9641984 pointer 0x148378000000
x3004c0s25b0n0:12837:16912 [1] NCCL INFO Connection to proxy localRank 1 -> connection 0x145b08001180
x3004c0s25b0n0:12837:17086 [1] NCCL INFO transport/p2p.cc:449 Cuda Alloc Size 6291456 pointer 0x145af0000000
x3004c0s25b0n0:12836:17079 [0] NCCL INFO transport/net_ib.cc:683 Ib Alloc Size 21688 pointer 0x1483900f6000
x3004c0s25b0n0:12836:17079 [0] NCCL INFO transport/net_ib.cc:696 Ib Alloc Size 552 pointer 0x1483900fd000
x3004c0s25b0n0:12837:17086 [1] NCCL INFO New proxy recv connection 21 from local rank 1, transport 0
x3004c0s25b0n0:12836:17079 [0] NCCL INFO transport/net_ib.cc:771 Ib Alloc Size 552 pointer 0x148390118000
x3004c0s25b0n0:12836:17079 [0] NCCL INFO transport/net.cc:698 Cuda Host Alloc Size 9641984 pointer 0x148378a00000
x3004c0s25b0n0:12837:16912 [1] NCCL INFO Connection to proxy localRank 1 -> connection 0x145b080011c0
x3004c0s25b0n0:12837:17086 [1] NCCL INFO transport/p2p.cc:449 Cuda Alloc Size 6291456 pointer 0x145af0600000
x3004c0s25b0n0:12836:16913 [0] NCCL INFO GPU Direct RDMA Disabled for GPU 7000 / HCA 1 (distance 7 > 4)
x3004c0s25b0n0:12836:17079 [0] NCCL INFO New proxy recv connection 20 from local rank 0, transport 2
x3004c0s25b0n0:12837:17086 [1] NCCL INFO New proxy recv connection 22 from local rank 1, transport 0
x3004c0s25b0n0:12836:16913 [0] NCCL INFO Connection to proxy localRank 0 -> connection 0x148390001180
x3004c0s25b0n0:12837:16912 [1] NCCL INFO Connection to proxy localRank 1 -> connection 0x145b08001200
x3004c0s25b0n0:12837:17086 [1] NCCL INFO transport/p2p.cc:449 Cuda Alloc Size 6291456 pointer 0x145af0c00000
