x3012c0s13b0n0:54485:57844 [3] NCCL INFO Connection to proxy localRank 3 -> connection 0x153458000c80
x3012c0s13b0n0:54485:57997 [3] NCCL INFO transport/p2p.cc:449 Cuda Alloc Size 6291456 pointer 0x1534b8000000
x3012c0s13b0n0:54483:57842 [1] NCCL INFO Connection to proxy localRank 1 -> connection 0x146b4c000cc0
x3012c0s13b0n0:54482:57841 [0] NCCL INFO Channel 02/0 : 0[7000] -> 2[85000] via P2P/IPC/read
x3012c0s13b0n0:54482:57993 [0] NCCL INFO New proxy send connection 2 from local rank 0, transport 0
x3012c0s13b0n0:54485:57997 [3] NCCL INFO New proxy recv connection 1 from local rank 3, transport 0
x3012c0s13b0n0:54485:57844 [3] NCCL INFO Connection to proxy localRank 3 -> connection 0x153458000cc0
x3012c0s13b0n0:54485:57997 [3] NCCL INFO transport/p2p.cc:449 Cuda Alloc Size 6291456 pointer 0x1534b8600000
x3012c0s13b0n0:54484:57845 [2] NCCL INFO Connection to proxy localRank 2 -> connection 0x152eb8000cc0
x3012c0s13b0n0:54484:57996 [2] NCCL INFO transport/p2p.cc:430 Cuda Alloc Size 6291456 pointer 0x152f34600000
x3012c0s13b0n0:54483:57842 [1] NCCL INFO Channel 01/0 : 19[c7000] -> 1[46000] [receive] via NET/IB/0
x3012c0s13b0n0:54483:57842 [1] NCCL INFO GPU Direct RDMA Disabled for GPU 46000 / HCA 1 (distance 6 > 4)
x3012c0s13b0n0:54483:57995 [1] NCCL INFO New proxy recv connection 2 from local rank 1, transport 2
x3012c0s13b0n0:54482:57841 [0] NCCL INFO Connection to proxy localRank 0 -> connection 0x1553340910b0
x3012c0s13b0n0:54482:57993 [0] NCCL INFO transport/p2p.cc:430 Cuda Alloc Size 6291456 pointer 0x15532ee00000
x3012c0s13b0n0:54484:57845 [2] NCCL INFO Channel 02/0 : 2[85000] -> 3[c7000] via P2P/IPC/read
x3012c0s13b0n0:54484:57996 [2] NCCL INFO New proxy send connection 2 from local rank 2, transport 0
x3012c0s13b0n0:54483:57842 [1] NCCL INFO Connection to proxy localRank 1 -> connection 0x146b4c000d00
x3012c0s13b0n0:54485:57997 [3] NCCL INFO New proxy recv connection 2 from local rank 3, transport 0
x3012c0s13b0n0:54484:57845 [2] NCCL INFO Connection to proxy localRank 2 -> connection 0x152eb8000d00
x3012c0s13b0n0:54484:57996 [2] NCCL INFO transport/p2p.cc:430 Cuda Alloc Size 6291456 pointer 0x152f34c00000
x3012c0s13b0n0:54482:57841 [0] NCCL INFO Channel 03/0 : 0[7000] -> 2[85000] via P2P/IPC/read
x3012c0s13b0n0:54482:57993 [0] NCCL INFO New proxy send connection 3 from local rank 0, transport 0
x3012c0s13b0n0:54483:57842 [1] NCCL INFO Channel 02/0 : 19[c7000] -> 1[46000] [receive] via NET/IB/1
x3012c0s13b0n0:54483:57842 [1] NCCL INFO GPU Direct RDMA Disabled for GPU 46000 / HCA 0 (distance 7 > 4)
x3012c0s13b0n0:54483:57995 [1] NCCL INFO New proxy recv connection 3 from local rank 1, transport 2
x3012c0s13b0n0:54485:57844 [3] NCCL INFO Connection to proxy localRank 3 -> connection 0x153458000d00
x3012c0s13b0n0:54485:57997 [3] NCCL INFO transport/p2p.cc:449 Cuda Alloc Size 6291456 pointer 0x1534b8c00000
x3012c0s13b0n0:54484:57845 [2] NCCL INFO Channel 03/0 : 2[85000] -> 3[c7000] via P2P/IPC/read
x3012c0s13b0n0:54484:57996 [2] NCCL INFO New proxy send connection 3 from local rank 2, transport 0
x3012c0s13b0n0:54484:57845 [2] NCCL INFO Connection to proxy localRank 2 -> connection 0x152eb8000d40
x3012c0s13b0n0:54482:57841 [0] NCCL INFO Connection to proxy localRank 0 -> connection 0x1553340910f0
x3012c0s13b0n0:54482:57993 [0] NCCL INFO transport/p2p.cc:430 Cuda Alloc Size 6291456 pointer 0x15532f400000
x3012c0s13b0n0:54483:57842 [1] NCCL INFO Connection to proxy localRank 1 -> connection 0x146b4c000d40
x3012c0s13b0n0:54485:57997 [3] NCCL INFO New proxy recv connection 3 from local rank 3, transport 0
x3012c0s13b0n0:54484:57996 [2] NCCL INFO transport/p2p.cc:430 Cuda Alloc Size 6291456 pointer 0x152f35200000
x3012c0s13b0n0:54483:57842 [1] NCCL INFO Channel 03/0 : 19[c7000] -> 1[46000] [receive] via NET/IB/0
x3012c0s13b0n0:54485:57844 [3] NCCL INFO Connection to proxy localRank 3 -> connection 0x153458000d40
x3012c0s13b0n0:54485:57997 [3] NCCL INFO transport/p2p.cc:449 Cuda Alloc Size 6291456 pointer 0x1534b9200000
x3012c0s13b0n0:54485:57844 [3] NCCL INFO GPU Direct RDMA Disabled for GPU c7000 / HCA 1 (distance 7 > 4)
x3012c0s13b0n0:54485:57997 [3] NCCL INFO Allocated 4194656 bytes of shared memory in /dev/shm/nccl-GXlxK5

x3012c0s13b0n0:54485:57997 [3] NCCL INFO New proxy send connection 4 from local rank 3, transport 2
x3012c0s13b0n0:54484:57996 [2] NCCL INFO New proxy recv connection 4 from local rank 2, transport 0
x3012c0s13b0n0:54484:57845 [2] NCCL INFO Connection to proxy localRank 2 -> connection 0x152eb8000d80
x3012c0s13b0n0:54484:57996 [2] NCCL INFO transport/p2p.cc:449 Cuda Alloc Size 6291456 pointer 0x152eb3800000
x3012c0s13b0n0:54485:57844 [3] NCCL INFO Connection to proxy localRank 3 -> connection 0x153458000d80
x3012c0s13b0n0:54485:57844 [3] NCCL INFO Channel 00/0 : 3[c7000] -> 5[46000] [send] via NET/IB/1
x3012c0s13b0n0:54485:57844 [3] NCCL INFO GPU Direct RDMA Disabled for GPU c7000 / HCA 0 (distance 6 > 4)
x3012c0s13b0n0:54485:57997 [3] NCCL INFO New proxy send connection 5 from local rank 3, transport 2
x3012c0s13b0n0:54484:57996 [2] NCCL INFO New proxy recv connection 5 from local rank 2, transport 0
x3012c0s13b0n0:54485:57844 [3] NCCL INFO Connection to proxy localRank 3 -> connection 0x153458000dc0
x3012c0s13b0n0:54485:57844 [3] NCCL INFO Channel 01/0 : 3[c7000] -> 5[46000] [send] via NET/IB/0
x3012c0s13b0n0:54485:57844 [3] NCCL INFO GPU Direct RDMA Disabled for GPU c7000 / HCA 1 (distance 7 > 4)
x3012c0s13b0n0:54485:57997 [3] NCCL INFO New proxy send connection 6 from local rank 3, transport 2
x3012c0s13b0n0:54484:57845 [2] NCCL INFO Connection to proxy localRank 2 -> connection 0x152eb8000dc0
x3012c0s13b0n0:54484:57996 [2] NCCL INFO transport/p2p.cc:449 Cuda Alloc Size 6291456 pointer 0x152eb0000000
x3012c0s13b0n0:54485:57844 [3] NCCL INFO Connection to proxy localRank 3 -> connection 0x153458000e00
x3012c0s13b0n0:54485:57844 [3] NCCL INFO Channel 02/0 : 3[c7000] -> 5[46000] [send] via NET/IB/1
x3012c0s13b0n0:54485:57844 [3] NCCL INFO GPU Direct RDMA Disabled for GPU c7000 / HCA 0 (distance 6 > 4)
x3012c0s13b0n0:54485:57997 [3] NCCL INFO New proxy send connection 7 from local rank 3, transport 2
x3012c0s13b0n0:54483:57995 [1] NCCL INFO transport/net_ib.cc:683 Ib Alloc Size 21688 pointer 0x146b4c01d000
x3012c0s13b0n0:54483:57995 [1] NCCL INFO transport/net_ib.cc:696 Ib Alloc Size 552 pointer 0x146b4c024000
x3012c0s13b0n0:54484:57996 [2] NCCL INFO New proxy recv connection 6 from local rank 2, transport 0
x3012c0s13b0n0:54484:57845 [2] NCCL INFO Connection to proxy localRank 2 -> connection 0x152eb8000e00
x3012c0s13b0n0:54483:57995 [1] NCCL INFO transport/net_ib.cc:771 Ib Alloc Size 552 pointer 0x146b4c041000
x3012c0s13b0n0:54483:57995 [1] NCCL INFO transport/net.cc:698 Cuda Host Alloc Size 9641984 pointer 0x146bc2a00000
x3012c0s13b0n0:54485:57844 [3] NCCL INFO Connection to proxy localRank 3 -> connection 0x153458000e40
x3012c0s13b0n0:54485:57844 [3] NCCL INFO Channel 03/0 : 3[c7000] -> 5[46000] [send] via NET/IB/0
x3012c0s13b0n0:54485:57997 [3] NCCL INFO transport/net_ib.cc:596 Ib Alloc Size 26560 pointer 0x153458020000
x3012c0s13b0n0:54484:57996 [2] NCCL INFO transport/p2p.cc:449 Cuda Alloc Size 6291456 pointer 0x152eb0600000
x3012c0s13b0n0:54485:57997 [3] NCCL INFO NET/IB: Dev 1 Port 1 qpn 23985 mtu 5 GID 0 (80FE/9A1100FEFF000000)
x3012c0s13b0n0:54485:57997 [3] NCCL INFO transport/net_ib.cc:653 Ib Alloc Size 552 pointer 0x153458038000
x3012c0s13b0n0:54483:57995 [1] NCCL INFO transport/net_ib.cc:683 Ib Alloc Size 21688 pointer 0x146b4c043000
x3012c0s13b0n0:54483:57995 [1] NCCL INFO transport/net_ib.cc:696 Ib Alloc Size 552 pointer 0x146b4c04a000
x3012c0s13b0n0:54485:57997 [3] NCCL INFO transport/net.cc:571 Cuda Host Alloc Size 9641984 pointer 0x1534e4800000
x3012c0s13b0n0:54485:57997 [3] NCCL INFO transport/net_ib.cc:596 Ib Alloc Size 26560 pointer 0x15345803a000
x3012c0s13b0n0:54485:57997 [3] NCCL INFO NET/IB: Dev 0 Port 1 qpn 25127 mtu 5 GID 0 (80FE/DF1100FEFF000000)
x3012c0s13b0n0:54485:57997 [3] NCCL INFO transport/net_ib.cc:653 Ib Alloc Size 552 pointer 0x153458051000
x3012c0s13b0n0:54485:57997 [3] NCCL INFO transport/net.cc:571 Cuda Host Alloc Size 9641984 pointer 0x1534e5200000
x3012c0s13b0n0:54484:57996 [2] NCCL INFO New proxy recv connection 7 from local rank 2, transport 0
x3012c0s13b0n0:54485:57997 [3] NCCL INFO transport/net_ib.cc:596 Ib Alloc Size 26560 pointer 0x153458053000
x3012c0s13b0n0:54483:57995 [1] NCCL INFO transport/net_ib.cc:771 Ib Alloc Size 552 pointer 0x146b4c065000
x3012c0s13b0n0:54483:57995 [1] NCCL INFO transport/net.cc:698 Cuda Host Alloc Size 9641984 pointer 0x146bc3400000
x3012c0s13b0n0:54485:57997 [3] NCCL INFO NET/IB: Dev 1 Port 1 qpn 23986 mtu 5 GID 0 (80FE/9A1100FEFF000000)
x3012c0s13b0n0:54485:57997 [3] NCCL INFO transport/net_ib.cc:653 Ib Alloc Size 552 pointer 0x15345806a000
x3012c0s13b0n0:54485:57997 [3] NCCL INFO transport/net.cc:571 Cuda Host Alloc Size 9641984 pointer 0x1534e5c00000
x3012c0s13b0n0:54484:57845 [2] NCCL INFO Connection to proxy localRank 2 -> connection 0x152eb8000e40
x3012c0s13b0n0:54484:57996 [2] NCCL INFO transport/p2p.cc:449 Cuda Alloc Size 6291456 pointer 0x152eb0c00000
x3012c0s13b0n0:54485:57997 [3] NCCL INFO transport/net_ib.cc:596 Ib Alloc Size 26560 pointer 0x15345806c000
x3012c0s13b0n0:54485:57997 [3] NCCL INFO NET/IB: Dev 0 Port 1 qpn 25130 mtu 5 GID 0 (80FE/DF1100FEFF000000)
x3012c0s13b0n0:54485:57997 [3] NCCL INFO transport/net_ib.cc:653 Ib Alloc Size 552 pointer 0x153458083000
x3012c0s13b0n0:54485:57997 [3] NCCL INFO transport/net.cc:571 Cuda Host Alloc Size 9641984 pointer 0x1534e6600000
x3012c0s13b0n0:54485:57844 [3] NCCL INFO Connected all rings
x3012c0s13b0n0:54485:57844 [3] NCCL INFO Channel 00/0 : 3[c7000] -> 2[85000] via P2P/IPC/read
x3012c0s13b0n0:54485:57997 [3] NCCL INFO New proxy send connection 8 from local rank 3, transport 0
x3012c0s13b0n0:54483:57995 [1] NCCL INFO transport/net_ib.cc:683 Ib Alloc Size 21688 pointer 0x146b4c067000
x3012c0s13b0n0:54483:57995 [1] NCCL INFO transport/net_ib.cc:696 Ib Alloc Size 552 pointer 0x146b4c06e000
x3012c0s13b0n0:54484:57845 [2] NCCL INFO Connected all rings
x3012c0s13b0n0:54484:57996 [2] NCCL INFO New proxy recv connection 8 from local rank 2, transport 0
x3012c0s13b0n0:54482:57993 [0] NCCL INFO New proxy recv connection 4 from local rank 0, transport 0
x3012c0s13b0n0:54483:57995 [1] NCCL INFO transport/net_ib.cc:771 Ib Alloc Size 552 pointer 0x146b4c089000
x3012c0s13b0n0:54483:57995 [1] NCCL INFO transport/net.cc:698 Cuda Host Alloc Size 9641984 pointer 0x146bc3e00000
x3012c0s13b0n0:54485:57844 [3] NCCL INFO Connection to proxy localRank 3 -> connection 0x153458000e80
x3012c0s13b0n0:54485:57997 [3] NCCL INFO transport/p2p.cc:430 Cuda Alloc Size 6291456 pointer 0x1534eb400000
x3012c0s13b0n0:54485:57844 [3] NCCL INFO Channel 01/0 : 3[c7000] -> 2[85000] via P2P/IPC/read
x3012c0s13b0n0:54483:57995 [1] NCCL INFO transport/net_ib.cc:683 Ib Alloc Size 21688 pointer 0x146b4c08b000
x3012c0s13b0n0:54483:57995 [1] NCCL INFO transport/net_ib.cc:696 Ib Alloc Size 552 pointer 0x146b4c092000
x3012c0s13b0n0:54483:57995 [1] NCCL INFO transport/net_ib.cc:771 Ib Alloc Size 552 pointer 0x146b4c0ad000
x3012c0s13b0n0:54483:57995 [1] NCCL INFO transport/net.cc:698 Cuda Host Alloc Size 9641984 pointer 0x146bc4800000
x3012c0s13b0n0:54483:57842 [1] NCCL INFO Channel 00/0 : 1[46000] -> 0[7000] via P2P/IPC/read
x3012c0s13b0n0:54482:57841 [0] NCCL INFO Connection to proxy localRank 0 -> connection 0x155334091130
x3012c0s13b0n0:54482:57993 [0] NCCL INFO transport/p2p.cc:449 Cuda Alloc Size 6291456 pointer 0x1553a4a00000
x3012c0s13b0n0:54484:57845 [2] NCCL INFO Connection to proxy localRank 2 -> connection 0x152eb8000e80
x3012c0s13b0n0:54484:57996 [2] NCCL INFO transport/p2p.cc:449 Cuda Alloc Size 6291456 pointer 0x152eaec00000
x3012c0s13b0n0:54485:57997 [3] NCCL INFO New proxy send connection 9 from local rank 3, transport 0
x3012c0s13b0n0:54482:57993 [0] NCCL INFO New proxy recv connection 5 from local rank 0, transport 0
x3012c0s13b0n0:54483:57995 [1] NCCL INFO New proxy send connection 4 from local rank 1, transport 0
x3012c0s13b0n0:54484:57996 [2] NCCL INFO New proxy recv connection 9 from local rank 2, transport 0
x3012c0s13b0n0:54483:57842 [1] NCCL INFO Connection to proxy localRank 1 -> connection 0x146b4c000d80
x3012c0s13b0n0:54483:57995 [1] NCCL INFO transport/p2p.cc:430 Cuda Alloc Size 6291456 pointer 0x146bc5200000
x3012c0s13b0n0:54484:57845 [2] NCCL INFO Connection to proxy localRank 2 -> connection 0x152eb8000ec0
x3012c0s13b0n0:54484:57996 [2] NCCL INFO transport/p2p.cc:449 Cuda Alloc Size 6291456 pointer 0x152eaf200000
x3012c0s13b0n0:54485:57844 [3] NCCL INFO Connection to proxy localRank 3 -> connection 0x153458000ec0
x3012c0s13b0n0:54485:57997 [3] NCCL INFO transport/p2p.cc:430 Cuda Alloc Size 6291456 pointer 0x1534eba00000
x3012c0s13b0n0:54485:57844 [3] NCCL INFO Channel 02/0 : 3[c7000] -> 2[85000] via P2P/IPC/read
x3012c0s13b0n0:54485:57997 [3] NCCL INFO New proxy send connection 10 from local rank 3, transport 0
x3012c0s13b0n0:54482:57841 [0] NCCL INFO Connection to proxy localRank 0 -> connection 0x155334091170
x3012c0s13b0n0:54482:57993 [0] NCCL INFO transport/p2p.cc:449 Cuda Alloc Size 6291456 pointer 0x1553a5000000
x3012c0s13b0n0:54483:57842 [1] NCCL INFO Channel 01/0 : 1[46000] -> 0[7000] via P2P/IPC/read
x3012c0s13b0n0:54483:57995 [1] NCCL INFO New proxy send connection 5 from local rank 1, transport 0
x3012c0s13b0n0:54484:57996 [2] NCCL INFO New proxy recv connection 10 from local rank 2, transport 0
x3012c0s13b0n0:54485:57844 [3] NCCL INFO Connection to proxy localRank 3 -> connection 0x153458000f00
x3012c0s13b0n0:54485:57997 [3] NCCL INFO transport/p2p.cc:430 Cuda Alloc Size 6291456 pointer 0x1534f5800000
x3012c0s13b0n0:54485:57844 [3] NCCL INFO Channel 03/0 : 3[c7000] -> 2[85000] via P2P/IPC/read
x3012c0s13b0n0:54485:57997 [3] NCCL INFO New proxy send connection 11 from local rank 3, transport 0
x3012c0s13b0n0:54483:57842 [1] NCCL INFO Connection to proxy localRank 1 -> connection 0x146b4c000dc0
x3012c0s13b0n0:54483:57995 [1] NCCL INFO transport/p2p.cc:430 Cuda Alloc Size 6291456 pointer 0x146b46000000
x3012c0s13b0n0:54484:57845 [2] NCCL INFO Connection to proxy localRank 2 -> connection 0x152eb8000f00
x3012c0s13b0n0:54484:57996 [2] NCCL INFO transport/p2p.cc:449 Cuda Alloc Size 6291456 pointer 0x152eaf800000
x3012c0s13b0n0:54482:57993 [0] NCCL INFO New proxy recv connection 6 from local rank 0, transport 0
x3012c0s13b0n0:54482:57841 [0] NCCL INFO Connection to proxy localRank 0 -> connection 0x1553340911b0
x3012c0s13b0n0:54482:57993 [0] NCCL INFO transport/p2p.cc:449 Cuda Alloc Size 6291456 pointer 0x1552f6000000
x3012c0s13b0n0:54485:57844 [3] NCCL INFO Connection to proxy localRank 3 -> connection 0x153458000f40
x3012c0s13b0n0:54485:57997 [3] NCCL INFO transport/p2p.cc:430 Cuda Alloc Size 6291456 pointer 0x153456000000
x3012c0s13b0n0:54483:57842 [1] NCCL INFO Channel 02/0 : 1[46000] -> 0[7000] via P2P/IPC/read
x3012c0s13b0n0:54483:57995 [1] NCCL INFO New proxy send connection 6 from local rank 1, transport 0
x3012c0s13b0n0:54484:57996 [2] NCCL INFO New proxy recv connection 11 from local rank 2, transport 0
x3012c0s13b0n0:54482:57993 [0] NCCL INFO New proxy recv connection 7 from local rank 0, transport 0
x3012c0s13b0n0:54483:57842 [1] NCCL INFO Connection to proxy localRank 1 -> connection 0x146b4c000e00
x3012c0s13b0n0:54483:57995 [1] NCCL INFO transport/p2p.cc:430 Cuda Alloc Size 6291456 pointer 0x146b46600000
x3012c0s13b0n0:54482:57841 [0] NCCL INFO Connection to proxy localRank 0 -> connection 0x1553340911f0
x3012c0s13b0n0:54482:57993 [0] NCCL INFO transport/p2p.cc:449 Cuda Alloc Size 6291456 pointer 0x1552f6600000
x3012c0s13b0n0:54484:57845 [2] NCCL INFO Connection to proxy localRank 2 -> connection 0x152eb8000f40
x3012c0s13b0n0:54484:57996 [2] NCCL INFO transport/p2p.cc:449 Cuda Alloc Size 6291456 pointer 0x152eac000000
x3012c0s13b0n0:54483:57842 [1] NCCL INFO Channel 03/0 : 1[46000] -> 0[7000] via P2P/IPC/read
x3012c0s13b0n0:54483:57995 [1] NCCL INFO New proxy send connection 7 from local rank 1, transport 0
x3012c0s13b0n0:54483:57842 [1] NCCL INFO Connection to proxy localRank 1 -> connection 0x146b4c000e40
x3012c0s13b0n0:54483:57995 [1] NCCL INFO transport/p2p.cc:430 Cuda Alloc Size 6291456 pointer 0x146b46c00000
x3012c0s13b0n0:54483:57842 [1] NCCL INFO Connected all rings
x3012c0s13b0n0:54483:57995 [1] NCCL INFO New proxy recv connection 8 from local rank 1, transport 0
x3012c0s13b0n0:54483:57842 [1] NCCL INFO Connection to proxy localRank 1 -> connection 0x146b4c000e80
x3012c0s13b0n0:54482:57841 [0] NCCL INFO Connected all rings
x3012c0s13b0n0:54482:57841 [0] NCCL INFO Channel 00/0 : 0[7000] -> 1[46000] via P2P/IPC/read
x3012c0s13b0n0:54482:57993 [0] NCCL INFO New proxy send connection 8 from local rank 0, transport 0
x3012c0s13b0n0:54483:57995 [1] NCCL INFO transport/p2p.cc:449 Cuda Alloc Size 6291456 pointer 0x146b3ec00000
x3012c0s13b0n0:54483:57995 [1] NCCL INFO New proxy recv connection 9 from local rank 1, transport 0
x3012c0s13b0n0:54482:57841 [0] NCCL INFO Connection to proxy localRank 0 -> connection 0x155334091230
x3012c0s13b0n0:54482:57993 [0] NCCL INFO transport/p2p.cc:430 Cuda Alloc Size 6291456 pointer 0x1552ee600000
x3012c0s13b0n0:54482:57841 [0] NCCL INFO Channel 01/0 : 0[7000] -> 1[46000] via P2P/IPC/read
x3012c0s13b0n0:54482:57993 [0] NCCL INFO New proxy send connection 9 from local rank 0, transport 0
x3012c0s13b0n0:54483:57842 [1] NCCL INFO Connection to proxy localRank 1 -> connection 0x146b4c000ec0
x3012c0s13b0n0:54483:57995 [1] NCCL INFO transport/p2p.cc:449 Cuda Alloc Size 6291456 pointer 0x146b3f200000
x3012c0s13b0n0:54483:57995 [1] NCCL INFO New proxy recv connection 10 from local rank 1, transport 0
x3012c0s13b0n0:54482:57841 [0] NCCL INFO Connection to proxy localRank 0 -> connection 0x155334091270
x3012c0s13b0n0:54482:57993 [0] NCCL INFO transport/p2p.cc:430 Cuda Alloc Size 6291456 pointer 0x1552eec00000
x3012c0s13b0n0:54483:57842 [1] NCCL INFO Connection to proxy localRank 1 -> connection 0x146b4c000f00
x3012c0s13b0n0:54483:57995 [1] NCCL INFO transport/p2p.cc:449 Cuda Alloc Size 6291456 pointer 0x146b3f800000
x3012c0s13b0n0:54482:57841 [0] NCCL INFO Channel 02/0 : 0[7000] -> 1[46000] via P2P/IPC/read
x3012c0s13b0n0:54482:57993 [0] NCCL INFO New proxy send connection 10 from local rank 0, transport 0
x3012c0s13b0n0:54483:57995 [1] NCCL INFO New proxy recv connection 11 from local rank 1, transport 0
x3012c0s13b0n0:54482:57841 [0] NCCL INFO Connection to proxy localRank 0 -> connection 0x1553340912b0
x3012c0s13b0n0:54482:57993 [0] NCCL INFO transport/p2p.cc:430 Cuda Alloc Size 6291456 pointer 0x1552ef200000
x3012c0s13b0n0:54483:57842 [1] NCCL INFO Connection to proxy localRank 1 -> connection 0x146b4c000f40
x3012c0s13b0n0:54483:57995 [1] NCCL INFO transport/p2p.cc:449 Cuda Alloc Size 6291456 pointer 0x146b3c000000
x3012c0s13b0n0:54482:57841 [0] NCCL INFO Channel 03/0 : 0[7000] -> 1[46000] via P2P/IPC/read
x3012c0s13b0n0:54482:57993 [0] NCCL INFO New proxy send connection 11 from local rank 0, transport 0
x3012c0s13b0n0:54483:57842 [1] NCCL INFO Channel 00/0 : 1[46000] -> 2[85000] via P2P/IPC/read
x3012c0s13b0n0:54483:57995 [1] NCCL INFO New proxy send connection 12 from local rank 1, transport 0
x3012c0s13b0n0:54482:57841 [0] NCCL INFO Connection to proxy localRank 0 -> connection 0x1553340912f0
x3012c0s13b0n0:54482:57993 [0] NCCL INFO transport/p2p.cc:430 Cuda Alloc Size 6291456 pointer 0x1552ef800000
x3012c0s13b0n0:54483:57842 [1] NCCL INFO Connection to proxy localRank 1 -> connection 0x146b4c000f80
x3012c0s13b0n0:54483:57995 [1] NCCL INFO transport/p2p.cc:430 Cuda Alloc Size 6291456 pointer 0x146b3c600000
x3012c0s13b0n0:54483:57842 [1] NCCL INFO Channel 01/0 : 1[46000] -> 2[85000] via P2P/IPC/read
x3012c0s13b0n0:54483:57995 [1] NCCL INFO New proxy send connection 13 from local rank 1, transport 0
x3012c0s13b0n0:54483:57842 [1] NCCL INFO Connection to proxy localRank 1 -> connection 0x146b4c000fc0
x3012c0s13b0n0:54483:57995 [1] NCCL INFO transport/p2p.cc:430 Cuda Alloc Size 6291456 pointer 0x146b3cc00000
x3012c0s13b0n0:54483:57842 [1] NCCL INFO Channel 02/0 : 1[46000] -> 2[85000] via P2P/IPC/read
x3012c0s13b0n0:54483:57995 [1] NCCL INFO New proxy send connection 14 from local rank 1, transport 0
x3012c0s13b0n0:54483:57842 [1] NCCL INFO Connection to proxy localRank 1 -> connection 0x146b4c001000
x3012c0s13b0n0:54483:57995 [1] NCCL INFO transport/p2p.cc:430 Cuda Alloc Size 6291456 pointer 0x146b3d200000
x3012c0s13b0n0:54483:57842 [1] NCCL INFO Channel 03/0 : 1[46000] -> 2[85000] via P2P/IPC/read
x3012c0s13b0n0:54483:57995 [1] NCCL INFO New proxy send connection 15 from local rank 1, transport 0
x3012c0s13b0n0:54483:57842 [1] NCCL INFO Connection to proxy localRank 1 -> connection 0x146b4c001040
x3012c0s13b0n0:54483:57995 [1] NCCL INFO transport/p2p.cc:430 Cuda Alloc Size 6291456 pointer 0x146b3d800000
x3012c0s13b0n0:54483:57842 [1] NCCL INFO GPU Direct RDMA Disabled for GPU 46000 / HCA 1 (distance 6 > 4)
x3012c0s13b0n0:54483:57995 [1] NCCL INFO New proxy recv connection 16 from local rank 1, transport 2
x3012c0s13b0n0:54484:57996 [2] NCCL INFO New proxy recv connection 12 from local rank 2, transport 0
x3012c0s13b0n0:54482:57841 [0] NCCL INFO GPU Direct RDMA Disabled for GPU 7000 / HCA 1 (distance 7 > 4)
x3012c0s13b0n0:54482:57993 [0] NCCL INFO Allocated 4194656 bytes of shared memory in /dev/shm/nccl-SJRb5S

x3012c0s13b0n0:54482:57993 [0] NCCL INFO New proxy recv connection 12 from local rank 0, transport 2
x3012c0s13b0n0:54482:57841 [0] NCCL INFO Connection to proxy localRank 0 -> connection 0x155334091330
x3012c0s13b0n0:54483:57842 [1] NCCL INFO Connection to proxy localRank 1 -> connection 0x146b4c001080
x3012c0s13b0n0:54484:57845 [2] NCCL INFO Connection to proxy localRank 2 -> connection 0x152eb8000f80
x3012c0s13b0n0:54484:57996 [2] NCCL INFO transport/p2p.cc:449 Cuda Alloc Size 6291456 pointer 0x152eaa000000
x3012c0s13b0n0:54482:57841 [0] NCCL INFO Channel 00/0 : 16[7000] -> 0[7000] [receive] via NET/IB/1
x3012c0s13b0n0:54482:57841 [0] NCCL INFO GPU Direct RDMA Disabled for GPU 7000 / HCA 0 (distance 7 > 4)
x3012c0s13b0n0:54482:57993 [0] NCCL INFO New proxy recv connection 13 from local rank 0, transport 2
x3012c0s13b0n0:54483:57842 [1] NCCL INFO Channel 02/0 : 12[7000] -> 1[46000] [receive] via NET/IB/1
x3012c0s13b0n0:54483:57842 [1] NCCL INFO GPU Direct RDMA Disabled for GPU 46000 / HCA 0 (distance 7 > 4)
x3012c0s13b0n0:54483:57995 [1] NCCL INFO New proxy recv connection 17 from local rank 1, transport 2
x3012c0s13b0n0:54484:57996 [2] NCCL INFO New proxy recv connection 13 from local rank 2, transport 0
x3012c0s13b0n0:54482:57841 [0] NCCL INFO Connection to proxy localRank 0 -> connection 0x155334091370
x3012c0s13b0n0:54483:57842 [1] NCCL INFO Connection to proxy localRank 1 -> connection 0x146b4c0010c0
x3012c0s13b0n0:54484:57845 [2] NCCL INFO Connection to proxy localRank 2 -> connection 0x152eb8000fc0
x3012c0s13b0n0:54484:57996 [2] NCCL INFO transport/p2p.cc:449 Cuda Alloc Size 6291456 pointer 0x152eaa600000
x3012c0s13b0n0:54482:57841 [0] NCCL INFO Channel 01/0 : 16[7000] -> 0[7000] [receive] via NET/IB/0
x3012c0s13b0n0:54482:57841 [0] NCCL INFO GPU Direct RDMA Disabled for GPU 7000 / HCA 1 (distance 7 > 4)
x3012c0s13b0n0:54482:57993 [0] NCCL INFO New proxy send connection 14 from local rank 0, transport 2
x3012c0s13b0n0:54483:57842 [1] NCCL INFO Channel 03/0 : 12[7000] -> 1[46000] [receive] via NET/IB/0
x3012c0s13b0n0:54482:57841 [0] NCCL INFO Connection to proxy localRank 0 -> connection 0x1553340913b0
x3012c0s13b0n0:54482:57841 [0] NCCL INFO Channel 02/0 : 0[7000] -> 4[7000] [send] via NET/IB/1
x3012c0s13b0n0:54482:57841 [0] NCCL INFO GPU Direct RDMA Disabled for GPU 7000 / HCA 0 (distance 7 > 4)
x3012c0s13b0n0:54482:57993 [0] NCCL INFO New proxy send connection 15 from local rank 0, transport 2
x3012c0s13b0n0:54484:57996 [2] NCCL INFO New proxy recv connection 14 from local rank 2, transport 0
x3012c0s13b0n0:54482:57841 [0] NCCL INFO Connection to proxy localRank 0 -> connection 0x1553340913f0
x3012c0s13b0n0:54482:57841 [0] NCCL INFO Channel 03/0 : 0[7000] -> 4[7000] [send] via NET/IB/0
x3012c0s13b0n0:54482:57993 [0] NCCL INFO transport/net_ib.cc:596 Ib Alloc Size 26560 pointer 0x1553340b5000
x3012c0s13b0n0:54482:57993 [0] NCCL INFO NET/IB: Dev 1 Port 1 qpn 23989 mtu 5 GID 0 (80FE/9A1100FEFF000000)
x3012c0s13b0n0:54482:57993 [0] NCCL INFO transport/net_ib.cc:653 Ib Alloc Size 552 pointer 0x1553340ce000
x3012c0s13b0n0:54482:57993 [0] NCCL INFO transport/net.cc:571 Cuda Host Alloc Size 9641984 pointer 0x1552e6000000
x3012c0s13b0n0:54482:57993 [0] NCCL INFO transport/net_ib.cc:596 Ib Alloc Size 26560 pointer 0x1553340d0000
x3012c0s13b0n0:54482:57993 [0] NCCL INFO NET/IB: Dev 0 Port 1 qpn 25133 mtu 5 GID 0 (80FE/DF1100FEFF000000)
x3012c0s13b0n0:54482:57993 [0] NCCL INFO transport/net_ib.cc:653 Ib Alloc Size 552 pointer 0x1553340e7000
x3012c0s13b0n0:54482:57993 [0] NCCL INFO transport/net.cc:571 Cuda Host Alloc Size 9641984 pointer 0x1552e6a00000
x3012c0s13b0n0:54484:57845 [2] NCCL INFO Connection to proxy localRank 2 -> connection 0x152eb8001000
x3012c0s13b0n0:54484:57996 [2] NCCL INFO transport/p2p.cc:449 Cuda Alloc Size 6291456 pointer 0x152eaac00000
x3012c0s13b0n0:54482:57993 [0] NCCL INFO transport/net_ib.cc:683 Ib Alloc Size 21688 pointer 0x1553340e9000
x3012c0s13b0n0:54482:57993 [0] NCCL INFO transport/net_ib.cc:696 Ib Alloc Size 552 pointer 0x1553340f0000
x3012c0s13b0n0:54482:57993 [0] NCCL INFO transport/net_ib.cc:771 Ib Alloc Size 552 pointer 0x15533410b000
x3012c0s13b0n0:54482:57993 [0] NCCL INFO transport/net.cc:698 Cuda Host Alloc Size 9641984 pointer 0x1552e7400000
x3012c0s13b0n0:54484:57996 [2] NCCL INFO New proxy recv connection 15 from local rank 2, transport 0
x3012c0s13b0n0:54482:57993 [0] NCCL INFO transport/net_ib.cc:683 Ib Alloc Size 21688 pointer 0x15533410d000
x3012c0s13b0n0:54482:57993 [0] NCCL INFO transport/net_ib.cc:696 Ib Alloc Size 552 pointer 0x155334114000
x3012c0s13b0n0:54482:57993 [0] NCCL INFO transport/net_ib.cc:771 Ib Alloc Size 552 pointer 0x15533412f000
x3012c0s13b0n0:54482:57993 [0] NCCL INFO transport/net.cc:698 Cuda Host Alloc Size 9641984 pointer 0x1552e4000000
x3012c0s13b0n0:54482:57841 [0] NCCL INFO GPU Direct RDMA Disabled for GPU 7000 / HCA 1 (distance 7 > 4)
x3012c0s13b0n0:54484:57845 [2] NCCL INFO Connection to proxy localRank 2 -> connection 0x152eb8001040
x3012c0s13b0n0:54484:57996 [2] NCCL INFO transport/p2p.cc:449 Cuda Alloc Size 6291456 pointer 0x152eab200000
x3012c0s13b0n0:54482:57993 [0] NCCL INFO New proxy recv connection 16 from local rank 0, transport 2
x3012c0s13b0n0:54484:57845 [2] NCCL INFO Channel 00/0 : 2[85000] -> 1[46000] via P2P/IPC/read
x3012c0s13b0n0:54484:57996 [2] NCCL INFO New proxy send connection 16 from local rank 2, transport 0
x3012c0s13b0n0:54482:57841 [0] NCCL INFO Connection to proxy localRank 0 -> connection 0x155334091430
x3012c0s13b0n0:54484:57845 [2] NCCL INFO Connection to proxy localRank 2 -> connection 0x152eb8001080
x3012c0s13b0n0:54484:57996 [2] NCCL INFO transport/p2p.cc:430 Cuda Alloc Size 6291456 pointer 0x152eab800000
x3012c0s13b0n0:54482:57841 [0] NCCL INFO Channel 02/0 : 4[7000] -> 0[7000] [receive] via NET/IB/1
x3012c0s13b0n0:54482:57841 [0] NCCL INFO GPU Direct RDMA Disabled for GPU 7000 / HCA 0 (distance 7 > 4)
x3012c0s13b0n0:54482:57993 [0] NCCL INFO New proxy recv connection 17 from local rank 0, transport 2
x3012c0s13b0n0:54484:57845 [2] NCCL INFO Channel 01/0 : 2[85000] -> 1[46000] via P2P/IPC/read
x3012c0s13b0n0:54484:57996 [2] NCCL INFO New proxy send connection 17 from local rank 2, transport 0
x3012c0s13b0n0:54483:57995 [1] NCCL INFO transport/net_ib.cc:683 Ib Alloc Size 21688 pointer 0x146b4c0be000
x3012c0s13b0n0:54483:57995 [1] NCCL INFO transport/net_ib.cc:696 Ib Alloc Size 552 pointer 0x146b4c01a000
x3012c0s13b0n0:54482:57841 [0] NCCL INFO Connection to proxy localRank 0 -> connection 0x155334091470
x3012c0s13b0n0:54482:57841 [0] NCCL INFO Channel 03/0 : 4[7000] -> 0[7000] [receive] via NET/IB/0
x3012c0s13b0n0:54482:57841 [0] NCCL INFO GPU Direct RDMA Disabled for GPU 7000 / HCA 1 (distance 7 > 4)
x3012c0s13b0n0:54484:57845 [2] NCCL INFO Connection to proxy localRank 2 -> connection 0x152eb80010c0
x3012c0s13b0n0:54484:57996 [2] NCCL INFO transport/p2p.cc:430 Cuda Alloc Size 6291456 pointer 0x152ea8000000
x3012c0s13b0n0:54482:57993 [0] NCCL INFO New proxy send connection 18 from local rank 0, transport 2
x3012c0s13b0n0:54483:57995 [1] NCCL INFO transport/net_ib.cc:771 Ib Alloc Size 552 pointer 0x146b4c0df000
x3012c0s13b0n0:54483:57995 [1] NCCL INFO transport/net.cc:698 Cuda Host Alloc Size 9641984 pointer 0x146b39200000
x3012c0s13b0n0:54482:57841 [0] NCCL INFO Connection to proxy localRank 0 -> connection 0x1553340914b0
x3012c0s13b0n0:54482:57841 [0] NCCL INFO Channel 00/0 : 0[7000] -> 16[7000] [send] via NET/IB/1
x3012c0s13b0n0:54482:57841 [0] NCCL INFO GPU Direct RDMA Disabled for GPU 7000 / HCA 0 (distance 7 > 4)
x3012c0s13b0n0:54482:57993 [0] NCCL INFO New proxy send connection 19 from local rank 0, transport 2
x3012c0s13b0n0:54484:57845 [2] NCCL INFO Channel 02/0 : 2[85000] -> 1[46000] via P2P/IPC/read
x3012c0s13b0n0:54484:57996 [2] NCCL INFO New proxy send connection 18 from local rank 2, transport 0
x3012c0s13b0n0:54484:57845 [2] NCCL INFO Connection to proxy localRank 2 -> connection 0x152eb8001100
x3012c0s13b0n0:54483:57995 [1] NCCL INFO transport/net_ib.cc:683 Ib Alloc Size 21688 pointer 0x146b4c0e1000
x3012c0s13b0n0:54483:57995 [1] NCCL INFO transport/net_ib.cc:696 Ib Alloc Size 552 pointer 0x146b4c0e8000
x3012c0s13b0n0:54484:57996 [2] NCCL INFO transport/p2p.cc:430 Cuda Alloc Size 6291456 pointer 0x152ea8600000
x3012c0s13b0n0:54483:57995 [1] NCCL INFO transport/net_ib.cc:771 Ib Alloc Size 552 pointer 0x146b4c103000
x3012c0s13b0n0:54483:57995 [1] NCCL INFO transport/net.cc:698 Cuda Host Alloc Size 9641984 pointer 0x146b36000000
x3012c0s13b0n0:54482:57841 [0] NCCL INFO Connection to proxy localRank 0 -> connection 0x1553340914f0
x3012c0s13b0n0:54482:57841 [0] NCCL INFO Channel 01/0 : 0[7000] -> 16[7000] [send] via NET/IB/0
x3012c0s13b0n0:54483:57842 [1] NCCL INFO GPU Direct RDMA Disabled for GPU 46000 / HCA 1 (distance 6 > 4)
x3012c0s13b0n0:54484:57845 [2] NCCL INFO Channel 03/0 : 2[85000] -> 1[46000] via P2P/IPC/read
x3012c0s13b0n0:54484:57996 [2] NCCL INFO New proxy send connection 19 from local rank 2, transport 0
x3012c0s13b0n0:54483:57995 [1] NCCL INFO New proxy send connection 18 from local rank 1, transport 2
x3012c0s13b0n0:54484:57845 [2] NCCL INFO Connection to proxy localRank 2 -> connection 0x152eb8001140
x3012c0s13b0n0:54484:57996 [2] NCCL INFO transport/p2p.cc:430 Cuda Alloc Size 6291456 pointer 0x152ea8c00000
x3012c0s13b0n0:54483:57842 [1] NCCL INFO Connection to proxy localRank 1 -> connection 0x146b4c001100
x3012c0s13b0n0:54483:57842 [1] NCCL INFO Channel 02/0 : 1[46000] -> 12[7000] [send] via NET/IB/1
x3012c0s13b0n0:54483:57842 [1] NCCL INFO GPU Direct RDMA Disabled for GPU 46000 / HCA 0 (distance 7 > 4)
x3012c0s13b0n0:54483:57995 [1] NCCL INFO New proxy send connection 19 from local rank 1, transport 2
x3012c0s13b0n0:54485:57844 [3] NCCL INFO Connected all trees by HAO
x3012c0s13b0n0:54485:57844 [3] NCCL INFO threadThresholds 8/8/64 | 160/8/64 | 512 | 512
x3012c0s13b0n0:54485:57844 [3] NCCL INFO 4 coll channels, 4 p2p channels, 2 p2p channels per peer
x3012c0s13b0n0:54482:57993 [0] NCCL INFO transport/net_ib.cc:596 Ib Alloc Size 26560 pointer 0x155334145000
x3012c0s13b0n0:54482:57993 [0] NCCL INFO NET/IB: Dev 1 Port 1 qpn 23994 mtu 5 GID 0 (80FE/9A1100FEFF000000)
x3012c0s13b0n0:54482:57993 [0] NCCL INFO transport/net_ib.cc:653 Ib Alloc Size 552 pointer 0x15533415c000
x3012c0s13b0n0:54482:57993 [0] NCCL INFO transport/net.cc:571 Cuda Host Alloc Size 9641984 pointer 0x1552e4a00000
x3012c0s13b0n0:54485:57997 [3] NCCL INFO New proxy send connection 12 from local rank 3, transport 2
x3012c0s13b0n0:54482:57993 [0] NCCL INFO transport/net_ib.cc:596 Ib Alloc Size 26560 pointer 0x15533415e000
x3012c0s13b0n0:54482:57993 [0] NCCL INFO NET/IB: Dev 0 Port 1 qpn 25138 mtu 5 GID 0 (80FE/DF1100FEFF000000)
x3012c0s13b0n0:54482:57993 [0] NCCL INFO transport/net_ib.cc:653 Ib Alloc Size 552 pointer 0x155334175000
x3012c0s13b0n0:54482:57993 [0] NCCL INFO transport/net.cc:571 Cuda Host Alloc Size 9641984 pointer 0x1552e5400000
x3012c0s13b0n0:54485:57844 [3] NCCL INFO Connection to proxy localRank 3 -> connection 0x153458000f80
x3012c0s13b0n0:54485:57997 [3] NCCL INFO transport/net.cc:376 Cuda Alloc Size 8388608 pointer 0x153454000000
x3012c0s13b0n0:54483:57842 [1] NCCL INFO Connection to proxy localRank 1 -> connection 0x146b4c001140
x3012c0s13b0n0:54483:57842 [1] NCCL INFO Channel 03/0 : 1[46000] -> 12[7000] [send] via NET/IB/0
x3012c0s13b0n0:54482:57993 [0] NCCL INFO Mem Realloc old size 768, new size 1536 pointer 0x15533416a150
x3012c0s13b0n0:54483:57995 [1] NCCL INFO transport/net_ib.cc:596 Ib Alloc Size 26560 pointer 0x146b4c10f000
x3012c0s13b0n0:54483:57995 [1] NCCL INFO NET/IB: Dev 1 Port 1 qpn 23995 mtu 5 GID 0 (80FE/9A1100FEFF000000)
x3012c0s13b0n0:54483:57995 [1] NCCL INFO transport/net_ib.cc:653 Ib Alloc Size 552 pointer 0x146b4c126000
x3012c0s13b0n0:54483:57995 [1] NCCL INFO transport/net.cc:571 Cuda Host Alloc Size 9641984 pointer 0x146b36a00000
x3012c0s13b0n0:54483:57995 [1] NCCL INFO transport/net_ib.cc:596 Ib Alloc Size 26560 pointer 0x146b4c128000
x3012c0s13b0n0:54482:57993 [0] NCCL INFO transport/net_ib.cc:683 Ib Alloc Size 21688 pointer 0x155334177000
x3012c0s13b0n0:54482:57993 [0] NCCL INFO transport/net_ib.cc:696 Ib Alloc Size 552 pointer 0x15533417e000
x3012c0s13b0n0:54483:57995 [1] NCCL INFO NET/IB: Dev 0 Port 1 qpn 25139 mtu 5 GID 0 (80FE/DF1100FEFF000000)
x3012c0s13b0n0:54483:57995 [1] NCCL INFO transport/net_ib.cc:653 Ib Alloc Size 552 pointer 0x146b4c13f000
x3012c0s13b0n0:54483:57995 [1] NCCL INFO transport/net.cc:571 Cuda Host Alloc Size 9641984 pointer 0x146b37400000
x3012c0s13b0n0:54482:57993 [0] NCCL INFO transport/net_ib.cc:771 Ib Alloc Size 552 pointer 0x155334199000
x3012c0s13b0n0:54482:57993 [0] NCCL INFO transport/net.cc:698 Cuda Host Alloc Size 9641984 pointer 0x1552e2000000
x3012c0s13b0n0:54483:57995 [1] NCCL INFO New proxy recv connection 20 from local rank 1, transport 0
x3012c0s13b0n0:54482:57993 [0] NCCL INFO transport/net_ib.cc:683 Ib Alloc Size 21688 pointer 0x15533419b000
x3012c0s13b0n0:54482:57993 [0] NCCL INFO transport/net_ib.cc:696 Ib Alloc Size 552 pointer 0x1553341a2000
x3012c0s13b0n0:54482:57993 [0] NCCL INFO transport/net_ib.cc:771 Ib Alloc Size 552 pointer 0x1553341bd000
x3012c0s13b0n0:54482:57993 [0] NCCL INFO transport/net.cc:698 Cuda Host Alloc Size 9641984 pointer 0x1552e2a00000
x3012c0s13b0n0:54483:57842 [1] NCCL INFO Connection to proxy localRank 1 -> connection 0x146b4c001180
x3012c0s13b0n0:54483:57995 [1] NCCL INFO transport/p2p.cc:449 Cuda Alloc Size 6291456 pointer 0x146b34000000
x3012c0s13b0n0:54482:57841 [0] NCCL INFO Connected all trees by HAO
x3012c0s13b0n0:54482:57841 [0] NCCL INFO Latency/AlgBw |    Tree/    LL |    Tree/ LL128 |    Tree/Simple |    Ring/    LL |    Ring/ LL128 |    Ring/Simple | CollNetDirect/    LL | CollNetDirect/ LL128 | CollNetDirect/Simple | CollNetChain/    LL | CollNetChain/ LL128 | CollNetChain/Simple |
x3012c0s13b0n0:54482:57841 [0] NCCL INFO  Max NThreads |            512 |            640 |            512 |            512 |            640 |            512 |              0 |              0 |            512 |              0 |              0 |            512 |
x3012c0s13b0n0:54482:57841 [0] NCCL INFO     Broadcast |     0.0/   0.0 |     0.0/   0.0 |     0.0/   0.0 |     6.3/   6.0 |    14.0/   0.0 |    18.0/  24.0 |     0.0/   0.0 |     0.0/   0.0 |     0.0/   0.0 |     0.0/   0.0 |     0.0/   0.0 |     0.0/   0.0 |
x3012c0s13b0n0:54482:57841 [0] NCCL INFO        Reduce |     0.0/   0.0 |     0.0/   0.0 |     0.0/   0.0 |     6.3/   6.0 |    14.0/   0.0 |    18.0/  24.0 |     0.0/   0.0 |     0.0/   0.0 |     0.0/   0.0 |     0.0/   0.0 |     0.0/   0.0 |     0.0/   0.0 |
x3012c0s13b0n0:54482:57841 [0] NCCL INFO     AllGather |     0.0/   0.0 |     0.0/   0.0 |     0.0/   0.0 |    27.1/   6.3 |    54.5/   0.0 |    97.8/  25.3 |     0.0/   0.0 |     0.0/   0.0 |     0.0/   0.0 |     0.0/   0.0 |     0.0/   0.0 |     0.0/   0.0 |
x3012c0s13b0n0:54482:57841 [0] NCCL INFO ReduceScatter |     0.0/   0.0 |     0.0/   0.0 |     0.0/   0.0 |    27.1/   6.3 |    54.5/   0.0 |    97.8/  25.3 |     0.0/   0.0 |     0.0/   0.0 |     0.0/   0.0 |     0.0/   0.0 |     0.0/   0.0 |     0.0/   0.0 |
x3012c0s13b0n0:54482:57841 [0] NCCL INFO     AllReduce |    30.0/   2.9 |    45.9/   0.0 |   280.0/  11.0 |    54.3/   3.2 |   103.2/   0.0 |   199.6/  12.6 |     7.4/   0.0 |     7.4/   0.0 |    29.7/   0.0 |     4.4/   0.0 |     4.4/   0.0 |    48.0/   0.0 |
x3012c0s13b0n0:54482:57841 [0] NCCL INFO threadThresholds 8/8/64 | 160/8/64 | 512 | 512
x3012c0s13b0n0:54482:57841 [0] NCCL INFO 4 coll channels, 4 p2p channels, 2 p2p channels per peer
x3012c0s13b0n0:54482:57993 [0] NCCL INFO New proxy send connection 20 from local rank 0, transport 2
x3012c0s13b0n0:54483:57995 [1] NCCL INFO New proxy recv connection 21 from local rank 1, transport 0
x3012c0s13b0n0:54482:57841 [0] NCCL INFO Connection to proxy localRank 0 -> connection 0x155334091530
x3012c0s13b0n0:54482:57993 [0] NCCL INFO transport/net.cc:376 Cuda Alloc Size 8388608 pointer 0x1552e3400000
x3012c0s13b0n0:54483:57842 [1] NCCL INFO Connection to proxy localRank 1 -> connection 0x146b4c0011c0
x3012c0s13b0n0:54483:57995 [1] NCCL INFO transport/p2p.cc:449 Cuda Alloc Size 6291456 pointer 0x146b34600000
x3012c0s13b0n0:54483:57995 [1] NCCL INFO New proxy recv connection 22 from local rank 1, transport 0
x3012c0s13b0n0:54483:57842 [1] NCCL INFO Connection to proxy localRank 1 -> connection 0x146b4c001200
x3012c0s13b0n0:54483:57995 [1] NCCL INFO transport/p2p.cc:449 Cuda Alloc Size 6291456 pointer 0x146b34c00000
x3012c0s13b0n0:54483:57995 [1] NCCL INFO New proxy recv connection 23 from local rank 1, transport 0
x3012c0s13b0n0:54483:57842 [1] NCCL INFO Connection to proxy localRank 1 -> connection 0x146b4c001240
x3012c0s13b0n0:54483:57995 [1] NCCL INFO transport/p2p.cc:449 Cuda Alloc Size 6291456 pointer 0x146b35200000
x3012c0s13b0n0:54483:57842 [1] NCCL INFO Connected all trees by HAO
x3012c0s13b0n0:54483:57842 [1] NCCL INFO threadThresholds 8/8/64 | 160/8/64 | 512 | 512
x3012c0s13b0n0:54483:57842 [1] NCCL INFO 4 coll channels, 4 p2p channels, 2 p2p channels per peer
x3012c0s13b0n0:54483:57995 [1] NCCL INFO New proxy send connection 24 from local rank 1, transport 2
x3012c0s13b0n0:54484:57845 [2] NCCL INFO Connected all trees by HAO
x3012c0s13b0n0:54484:57845 [2] NCCL INFO threadThresholds 8/8/64 | 160/8/64 | 512 | 512
x3012c0s13b0n0:54484:57845 [2] NCCL INFO 4 coll channels, 4 p2p channels, 2 p2p channels per peer
x3012c0s13b0n0:54484:57996 [2] NCCL INFO Allocated 4194656 bytes of shared memory in /dev/shm/nccl-BK4vX3

x3012c0s13b0n0:54484:57996 [2] NCCL INFO New proxy send connection 20 from local rank 2, transport 2
x3012c0s13b0n0:54484:57845 [2] NCCL INFO Connection to proxy localRank 2 -> connection 0x152eb8001180
x3012c0s13b0n0:54484:57996 [2] NCCL INFO transport/net.cc:376 Cuda Alloc Size 8388608 pointer 0x152ea4600000
x3012c0s13b0n0:54483:57842 [1] NCCL INFO Connection to proxy localRank 1 -> connection 0x146b4c001280
x3012c0s13b0n0:54483:57842 [1] NCCL INFO init.cc:367 Cuda Alloc Size 5168 pointer 0x146ba181fc00
x3012c0s13b0n0:54485:57844 [3] NCCL INFO init.cc:367 Cuda Alloc Size 5168 pointer 0x1534d3e1fc00
x3012c0s13b0n0:54484:57845 [2] NCCL INFO init.cc:367 Cuda Alloc Size 5168 pointer 0x152f0f81fc00
x3012c0s13b0n0:54482:57841 [0] NCCL INFO init.cc:367 Cuda Alloc Size 5168 pointer 0x15537fa22200
x3012c0s13b0n0:54482:57841 [0] NCCL INFO init.cc:392 Cuda Host Alloc Size 33554432 pointer 0x1552e0000000
x3012c0s13b0n0:54482:57841 [0] NCCL INFO init.cc:398 Cuda Host Alloc Size 128 pointer 0x15537f000e00
x3012c0s13b0n0:54482:57841 [0] NCCL INFO comm 0x55c0cbc02570 rank 0 nranks 20 cudaDev 0 busId 7000 - Init COMPLETE
x3012c0s13b0n0:54485:57844 [3] NCCL INFO init.cc:392 Cuda Host Alloc Size 33554432 pointer 0x153452000000
x3012c0s13b0n0:54485:57844 [3] NCCL INFO init.cc:398 Cuda Host Alloc Size 128 pointer 0x1534d3400a00
x3012c0s13b0n0:54485:57844 [3] NCCL INFO comm 0x55cdae164f00 rank 3 nranks 20 cudaDev 3 busId c7000 - Init COMPLETE
x3012c0s13b0n0:54484:57845 [2] NCCL INFO init.cc:392 Cuda Host Alloc Size 33554432 pointer 0x152ea2000000
x3012c0s13b0n0:54484:57845 [2] NCCL INFO init.cc:398 Cuda Host Alloc Size 128 pointer 0x152f0ee00a00
x3012c0s13b0n0:54484:57845 [2] NCCL INFO comm 0x5650c1445ff0 rank 2 nranks 20 cudaDev 2 busId 85000 - Init COMPLETE
x3012c0s13b0n0:54483:57842 [1] NCCL INFO init.cc:392 Cuda Host Alloc Size 33554432 pointer 0x146b30000000
x3012c0s13b0n0:54483:57842 [1] NCCL INFO init.cc:398 Cuda Host Alloc Size 128 pointer 0x146ba0e00a00
x3012c0s13b0n0:54483:57842 [1] NCCL INFO comm 0x55e36279e5a0 rank 1 nranks 20 cudaDev 1 busId 46000 - Init COMPLETE
x3012c0s13b0n0:54483:57995 [1] NCCL INFO transport/net.cc:376 Cuda Alloc Size 8388608 pointer 0x146b33200000
[Hao INFO in ncclAllReduce (all_reduce.cc)] rank 0 ncclAllReduce: count: 1, datatype: ncclInt64, message size: 8 Bytes
x3012c0s13b0n0:54482:54482 [0] NCCL INFO AllReduce: opCount 0 sendbuff 0x1553bf600400 recvbuff 0x1553bf600400 count 1 datatype 4 op 0 root 0 comm 0x55c0cbc02570 [nranks=20] stream 0x55c0c9113b80
x3012c0s13b0n0:54482:54482 [0] NCCL INFO misc/utils.cc:235 memory stack hunk malloc(65536)

[LYD INFO in ncclAllReduce (all_reduce.cc)] rank 0 AllReduce Time: 0.000038000 seconds

[LYD INFO in getAlgoInfo (enqueue.cc)] algorithm a is: 0

[LYD INFO in getAlgoInfo (enqueue.cc)] algorithm a is: 1

[LYD INFO in getAlgoInfo (enqueue.cc)] rank: 0, Duration between Point 1 and Point 2: 0.000014000 seconds

[LYD INFO in getAlgoInfo (enqueue.cc)] rank 0, Duration between Point 2 and Point 3: 0.000000000 seconds
[LYD INFO in getAlgoInfo (enqueue.cc)] out rank: 0
[LYD INFO in getAlgoInfo (enqueue.cc)] out coll: 4
[LYD INFO in getAlgoInfo (enqueue.cc)] out sendbuff address: 0x1553bf600400
[LYD INFO in getAlgoInfo (enqueue.cc)] out recvbuff address: 0x1553bf600400
[LYD INFO in getAlgoInfo (enqueue.cc)] out count: 1
[LYD INFO in getAlgoInfo (enqueue.cc)] out datatype: 4
[LYD INFO in getAlgoInfo (enqueue.cc)] out chunkSteps: 4
[LYD INFO in getAlgoInfo (enqueue.cc)] out sliceSteps: 2
[LYD INFO in getAlgoInfo (enqueue.cc)] out algorithm: 0
[LYD INFO in getAlgoInfo (enqueue.cc)] out protocol: 0
[LYD INFO in getAlgoInfo (enqueue.cc)] out nChannels: 1
[LYD INFO in getAlgoInfo (enqueue.cc)] out nThreads: 96
[LYD INFO in getAlgoInfo (enqueue.cc)] out nBytes: 8
[LYD INFO in getAlgoInfo (enqueue.cc)] out nstepsPerLoop: 0
[LYD INFO in getAlgoInfo (enqueue.cc)] out nchunksPerLoop: 0
[LYD INFO in getAlgoInfo (enqueue.cc)] out chunkSize: 0
[LYD INFO in ncclLaunchKernel (enqueue.cc)] NCHANNELS is: 4x3012c0s13b0n0:54485:54485 [3] NCCL INFO AllReduce: opCount 0 sendbuff 0x1534cfc00400 recvbuff 0x1534cfc00400 count 1 datatype 4 op 0 root 0 comm 0x55cdae164f00 [nranks=20] stream 0x55cdac8c9230
x3012c0s13b0n0:54485:54485 [3] NCCL INFO misc/utils.cc:235 memory stack hunk malloc(65536)
[LYD INFO in ncclLaunchKernel (enqueue.cc)] NCHANNELS is: 4x3012c0s13b0n0:54484:54484 [2] NCCL INFO AllReduce: opCount 0 sendbuff 0x152f4f600400 recvbuff 0x152f4f600400 count 1 datatype 4 op 0 root 0 comm 0x5650c1445ff0 [nranks=20] stream 0x5650bf39a9c0
x3012c0s13b0n0:54484:54484 [2] NCCL INFO misc/utils.cc:235 memory stack hunk malloc(65536)
[LYD INFO in ncclLaunchKernel (enqueue.cc)] NCHANNELS is: 4x3012c0s13b0n0:54483:54483 [1] NCCL INFO AllReduce: opCount 0 sendbuff 0x146bdf600400 recvbuff 0x146bdf600400 count 1 datatype 4 op 0 root 0 comm 0x55e36279e5a0 [nranks=20] stream 0x55e36091c040
x3012c0s13b0n0:54483:54483 [1] NCCL INFO misc/utils.cc:235 memory stack hunk malloc(65536)
[LYD INFO in ncclLaunchKernel (enqueue.cc)] NCHANNELS is: 4
[LYD INFO in NCCL_KERN_NAME (common.h)] 0 AllReduce TREE LL Sum int64_t Elapsed time: 1054090 us
 > loading doc-idx mapping from /home/yuke/lyd/Megatron-LM/my-gpt2_text_document_train_indexmap_12800ns_512sl_1234s_doc_idx.npy

[LYD INFO in NCCL_KERN_NAME (common.h)] 1 AllReduce TREE LL Sum int64_t Elapsed time: 1011810 us

[LYD INFO in NCCL_KERN_NAME (common.h)] 3 AllReduce TREE LL Sum int64_t Elapsed time: 1030120 us
[Hao INFO in ncclAllReduce (all_reduce.cc)] rank 1 ncclAllReduce: count: 1, datatype: ncclInt64, message size: 8 Bytes
x3012c0s13b0n0:54483:54483 [1] NCCL INFO AllReduce: opCount 0 sendbuff 0x146bdf600400 recvbuff 0x146bdf600400 count 1 datatype 4 op 0 root 0 comm 0x55e361ef4580 [nranks=1] stream 0x55e36091bf00

[LYD INFO in ncclAllReduce (all_reduce.cc)] rank 0 AllReduce Time: 0.000040000 seconds
x3012c0s13b0n0:54483:54483 [1] NCCL INFO AllReduce: opCount 1 sendbuff 0x146bdf600400 recvbuff 0x146bdf600400 count 1 datatype 4 op 0 root 0 comm 0x55e36279e5a0 [nranks=20] stream 0x55e36091c040
[LYD INFO in ncclLaunchKernel (enqueue.cc)] NCHANNELS is: 4
[LYD INFO in NCCL_KERN_NAME (common.h)] 2 AllReduce TREE LL Sum int64_t Elapsed time: 1008836 us
[Hao INFO in ncclAllReduce (all_reduce.cc)] rank 3 ncclAllReduce: count: 1, datatype: ncclInt64, message size: 8 Bytes
x3012c0s13b0n0:54485:54485 [3] NCCL INFO AllReduce: opCount 0 sendbuff 0x1534cfc00400 recvbuff 0x1534cfc00400 count 1 datatype 4 op 0 root 0 comm 0x55cdae13b270 [nranks=1] stream 0x55cdac8c90f0

[LYD INFO in ncclAllReduce (all_reduce.cc)] rank 0 AllReduce Time: 0.000040000 seconds
x3012c0s13b0n0:54485:54485 [3] NCCL INFO AllReduce: opCount 1 sendbuff 0x1534cfc00400 recvbuff 0x1534cfc00400 count 1 datatype 4 op 0 root 0 comm 0x55cdae164f00 [nranks=20] stream 0x55cdac8c9230
[LYD INFO in ncclLaunchKernel (enqueue.cc)] NCHANNELS is: 4 > loading sample-idx mapping from /home/yuke/lyd/Megatron-LM/my-gpt2_text_document_train_indexmap_12800ns_512sl_1234s_sample_idx.npy
[Hao INFO in ncclAllReduce (all_reduce.cc)] rank 2 ncclAllReduce: count: 1, datatype: ncclInt64, message size: 8 Bytes
x3012c0s13b0n0:54484:54484 [2] NCCL INFO AllReduce: opCount 0 sendbuff 0x152f4f600400 recvbuff 0x152f4f600400 count 1 datatype 4 op 0 root 0 comm 0x5650c0afc500 [nranks=1] stream 0x5650bf39a880

[LYD INFO in ncclAllReduce (all_reduce.cc)] rank 0 AllReduce Time: 0.000038000 seconds
x3012c0s13b0n0:54484:54484 [2] NCCL INFO AllReduce: opCount 1 sendbuff 0x152f4f600400 recvbuff 0x152f4f600400 count 1 datatype 4 op 0 root 0 comm 0x5650c1445ff0 [nranks=20] stream 0x5650bf39a9c0
[LYD INFO in ncclLaunchKernel (enqueue.cc)] NCHANNELS is: 4 > loading shuffle-idx mapping from /home/yuke/lyd/Megatron-LM/my-gpt2_text_document_train_indexmap_12800ns_512sl_1234s_shuffle_idx.npy
    loaded indexed file in 0.052 seconds
    total number of samples: 13112
    total number of epochs: 32
 > WARNING: could not find index map files, building the indices on rank 0 ...
x3012c0s13b0n0:54482:55783 [0] NCCL INFO [Service thread] Connection closed by localRank 0
x3012c0s13b0n0:54482:54482 [0] NCCL INFO comm 0x55c0c4c2f9d0 rank 0 nranks 20 cudaDev 0 busId 7000 - Abort COMPLETE
x3012c0s13b0n0:54482:57993 [0] NCCL INFO [Service thread] Connection closed by localRank 0
x3012c0s13b0n0:54482:54482 [0] NCCL INFO comm 0x55c0cbc02570 rank 0 nranks 20 cudaDev 0 busId 7000 - Abort COMPLETE
x3012c0s13b0n0:54482:57720 [0] NCCL INFO [Service thread] Connection closed by localRank 0
x3012c0s13b0n0:54482:54482 [0] NCCL INFO comm 0x55c0cbefee40 rank 0 nranks 2 cudaDev 0 busId 7000 - Abort COMPLETE
x3012c0s13b0n0:54482:57827 [0] NCCL INFO [Service thread] Connection closed by localRank 0
x3012c0s13b0n0:54482:54482 [0] NCCL INFO comm 0x55c0ca6a2f50 rank 0 nranks 1 cudaDev 0 busId 7000 - Abort COMPLETE
