x3012c0s19b0n0:37025:38050 [3] NCCL INFO Channel 03/0 : 11[c7000] -> 13[46000] [send] via NET/IB/0
x3012c0s19b0n0:37025:38220 [3] NCCL INFO transport/net_ib.cc:596 Ib Alloc Size 26560 pointer 0x14a8bc020000
x3012c0s19b0n0:37024:38224 [2] NCCL INFO New proxy recv connection 5 from local rank 2, transport 0
x3012c0s19b0n0:37024:38053 [2] NCCL INFO Connection to proxy localRank 2 -> connection 0x152cf8000dc0
x3012c0s19b0n0:37024:38224 [2] NCCL INFO transport/p2p.cc:449 Cuda Alloc Size 6291456 pointer 0x152cf7200000
x3012c0s19b0n0:37025:38220 [3] NCCL INFO NET/IB: Dev 1 Port 1 qpn 3251 mtu 5 GID 0 (80FE/CD1100FEFF000000)
x3012c0s19b0n0:37025:38220 [3] NCCL INFO transport/net_ib.cc:653 Ib Alloc Size 552 pointer 0x14a8bc042000
x3012c0s19b0n0:37025:38220 [3] NCCL INFO transport/net.cc:571 Cuda Host Alloc Size 9641984 pointer 0x14a8bac00000
x3012c0s19b0n0:37025:38220 [3] NCCL INFO Mem Realloc old size 0, new size 768 pointer 0x14a8bc02f0a0
x3012c0s19b0n0:37023:38222 [1] NCCL INFO transport/net_ib.cc:771 Ib Alloc Size 552 pointer 0x14bb3c09d000
x3012c0s19b0n0:37023:38222 [1] NCCL INFO transport/net.cc:698 Cuda Host Alloc Size 9641984 pointer 0x14bb89400000
x3012c0s19b0n0:37023:38222 [1] NCCL INFO transport/net_ib.cc:683 Ib Alloc Size 21688 pointer 0x14bb3c09f000
x3012c0s19b0n0:37023:38222 [1] NCCL INFO transport/net_ib.cc:696 Ib Alloc Size 552 pointer 0x14bb3c0a6000
x3012c0s19b0n0:37024:38224 [2] NCCL INFO New proxy recv connection 6 from local rank 2, transport 0
x3012c0s19b0n0:37025:38220 [3] NCCL INFO transport/net_ib.cc:596 Ib Alloc Size 26560 pointer 0x14a8bc044000
x3012c0s19b0n0:37025:38220 [3] NCCL INFO NET/IB: Dev 0 Port 1 qpn 3481 mtu 5 GID 0 (80FE/9B1100FEFF000000)
x3012c0s19b0n0:37025:38220 [3] NCCL INFO transport/net_ib.cc:653 Ib Alloc Size 552 pointer 0x14a8bc065000
x3012c0s19b0n0:37025:38220 [3] NCCL INFO transport/net.cc:571 Cuda Host Alloc Size 9641984 pointer 0x14a8bb600000
x3012c0s19b0n0:37025:38220 [3] NCCL INFO Mem Realloc old size 0, new size 768 pointer 0x14a8bc0521f0
x3012c0s19b0n0:37024:38053 [2] NCCL INFO Connection to proxy localRank 2 -> connection 0x152cf8000e00
x3012c0s19b0n0:37024:38224 [2] NCCL INFO transport/p2p.cc:449 Cuda Alloc Size 6291456 pointer 0x152cf7800000
x3012c0s19b0n0:37025:38220 [3] NCCL INFO transport/net_ib.cc:596 Ib Alloc Size 26560 pointer 0x14a8bc067000
x3012c0s19b0n0:37023:38222 [1] NCCL INFO transport/net_ib.cc:771 Ib Alloc Size 552 pointer 0x14bb3c0c1000
x3012c0s19b0n0:37023:38222 [1] NCCL INFO transport/net.cc:698 Cuda Host Alloc Size 9641984 pointer 0x14bb89e00000
x3012c0s19b0n0:37025:38220 [3] NCCL INFO NET/IB: Dev 1 Port 1 qpn 3254 mtu 5 GID 0 (80FE/CD1100FEFF000000)
x3012c0s19b0n0:37025:38220 [3] NCCL INFO transport/net_ib.cc:653 Ib Alloc Size 552 pointer 0x14a8bc07e000
x3012c0s19b0n0:37025:38220 [3] NCCL INFO transport/net.cc:571 Cuda Host Alloc Size 9641984 pointer 0x14a8b2000000
x3012c0s19b0n0:37024:38224 [2] NCCL INFO New proxy recv connection 7 from local rank 2, transport 0
x3012c0s19b0n0:37023:38054 [1] NCCL INFO Channel 00/0 : 9[46000] -> 8[7000] via P2P/IPC/read
x3012c0s19b0n0:37023:38222 [1] NCCL INFO New proxy send connection 4 from local rank 1, transport 0
x3012c0s19b0n0:37025:38220 [3] NCCL INFO transport/net_ib.cc:596 Ib Alloc Size 26560 pointer 0x14a8bc080000
x3012c0s19b0n0:37024:38053 [2] NCCL INFO Connection to proxy localRank 2 -> connection 0x152cf8000e40
x3012c0s19b0n0:37025:38220 [3] NCCL INFO NET/IB: Dev 0 Port 1 qpn 3484 mtu 5 GID 0 (80FE/9B1100FEFF000000)
x3012c0s19b0n0:37025:38220 [3] NCCL INFO transport/net_ib.cc:653 Ib Alloc Size 552 pointer 0x14a8bc097000
x3012c0s19b0n0:37025:38220 [3] NCCL INFO transport/net.cc:571 Cuda Host Alloc Size 9641984 pointer 0x14a8b2a00000
x3012c0s19b0n0:37024:38224 [2] NCCL INFO transport/p2p.cc:449 Cuda Alloc Size 6291456 pointer 0x152cf4000000
x3012c0s19b0n0:37024:38053 [2] NCCL INFO Connected all rings
x3012c0s19b0n0:37024:38224 [2] NCCL INFO New proxy recv connection 8 from local rank 2, transport 0
x3012c0s19b0n0:37022:38219 [0] NCCL INFO New proxy recv connection 4 from local rank 0, transport 0
x3012c0s19b0n0:37023:38054 [1] NCCL INFO Connection to proxy localRank 1 -> connection 0x14bb3c000d80
x3012c0s19b0n0:37023:38222 [1] NCCL INFO transport/p2p.cc:430 Cuda Alloc Size 6291456 pointer 0x14bb8a800000
x3012c0s19b0n0:37025:38050 [3] NCCL INFO Connected all rings
x3012c0s19b0n0:37025:38050 [3] NCCL INFO Channel 00/0 : 11[c7000] -> 10[85000] via P2P/IPC/read
x3012c0s19b0n0:37025:38220 [3] NCCL INFO New proxy send connection 8 from local rank 3, transport 0
x3012c0s19b0n0:37022:38055 [0] NCCL INFO Connection to proxy localRank 0 -> connection 0x14c254000d80
x3012c0s19b0n0:37022:38219 [0] NCCL INFO transport/p2p.cc:449 Cuda Alloc Size 6291456 pointer 0x14c24cc00000
x3012c0s19b0n0:37024:38053 [2] NCCL INFO Connection to proxy localRank 2 -> connection 0x152cf8000e80
x3012c0s19b0n0:37024:38224 [2] NCCL INFO transport/p2p.cc:449 Cuda Alloc Size 6291456 pointer 0x152cf2000000
x3012c0s19b0n0:37025:38050 [3] NCCL INFO Connection to proxy localRank 3 -> connection 0x14a8bc000e80
x3012c0s19b0n0:37025:38220 [3] NCCL INFO transport/p2p.cc:430 Cuda Alloc Size 6291456 pointer 0x14a8b3400000
x3012c0s19b0n0:37023:38054 [1] NCCL INFO Channel 01/0 : 9[46000] -> 8[7000] via P2P/IPC/read
x3012c0s19b0n0:37023:38222 [1] NCCL INFO New proxy send connection 5 from local rank 1, transport 0
x3012c0s19b0n0:37024:38224 [2] NCCL INFO New proxy recv connection 9 from local rank 2, transport 0
x3012c0s19b0n0:37025:38050 [3] NCCL INFO Channel 01/0 : 11[c7000] -> 10[85000] via P2P/IPC/read
x3012c0s19b0n0:37025:38220 [3] NCCL INFO New proxy send connection 9 from local rank 3, transport 0
x3012c0s19b0n0:37022:38219 [0] NCCL INFO New proxy recv connection 5 from local rank 0, transport 0
x3012c0s19b0n0:37023:38054 [1] NCCL INFO Connection to proxy localRank 1 -> connection 0x14bb3c000dc0
x3012c0s19b0n0:37023:38222 [1] NCCL INFO transport/p2p.cc:430 Cuda Alloc Size 6291456 pointer 0x14bb8ae00000
x3012c0s19b0n0:37025:38050 [3] NCCL INFO Connection to proxy localRank 3 -> connection 0x14a8bc000ec0
x3012c0s19b0n0:37025:38220 [3] NCCL INFO transport/p2p.cc:430 Cuda Alloc Size 6291456 pointer 0x14a8b3a00000
x3012c0s19b0n0:37022:38055 [0] NCCL INFO Connection to proxy localRank 0 -> connection 0x14c254000dc0
x3012c0s19b0n0:37022:38219 [0] NCCL INFO transport/p2p.cc:449 Cuda Alloc Size 6291456 pointer 0x14c24d200000
x3012c0s19b0n0:37024:38053 [2] NCCL INFO Connection to proxy localRank 2 -> connection 0x152cf8000ec0
x3012c0s19b0n0:37024:38224 [2] NCCL INFO transport/p2p.cc:449 Cuda Alloc Size 6291456 pointer 0x152cf2600000
x3012c0s19b0n0:37022:38219 [0] NCCL INFO New proxy recv connection 6 from local rank 0, transport 0
x3012c0s19b0n0:37023:38054 [1] NCCL INFO Channel 02/0 : 9[46000] -> 8[7000] via P2P/IPC/read
x3012c0s19b0n0:37023:38222 [1] NCCL INFO New proxy send connection 6 from local rank 1, transport 0
x3012c0s19b0n0:37025:38050 [3] NCCL INFO Channel 02/0 : 11[c7000] -> 10[85000] via P2P/IPC/read
x3012c0s19b0n0:37025:38220 [3] NCCL INFO New proxy send connection 10 from local rank 3, transport 0
x3012c0s19b0n0:37024:38224 [2] NCCL INFO New proxy recv connection 10 from local rank 2, transport 0
x3012c0s19b0n0:37022:38055 [0] NCCL INFO Connection to proxy localRank 0 -> connection 0x14c254000e00
x3012c0s19b0n0:37022:38219 [0] NCCL INFO transport/p2p.cc:449 Cuda Alloc Size 6291456 pointer 0x14c24d800000
x3012c0s19b0n0:37023:38054 [1] NCCL INFO Connection to proxy localRank 1 -> connection 0x14bb3c000e00
x3012c0s19b0n0:37023:38222 [1] NCCL INFO transport/p2p.cc:430 Cuda Alloc Size 6291456 pointer 0x14bb8b400000
x3012c0s19b0n0:37025:38050 [3] NCCL INFO Connection to proxy localRank 3 -> connection 0x14a8bc000f00
x3012c0s19b0n0:37025:38220 [3] NCCL INFO transport/p2p.cc:430 Cuda Alloc Size 6291456 pointer 0x14a8b0000000
x3012c0s19b0n0:37025:38050 [3] NCCL INFO Channel 03/0 : 11[c7000] -> 10[85000] via P2P/IPC/read
x3012c0s19b0n0:37025:38220 [3] NCCL INFO New proxy send connection 11 from local rank 3, transport 0
x3012c0s19b0n0:37024:38053 [2] NCCL INFO Connection to proxy localRank 2 -> connection 0x152cf8000f00
x3012c0s19b0n0:37024:38224 [2] NCCL INFO transport/p2p.cc:449 Cuda Alloc Size 6291456 pointer 0x152cf2c00000
x3012c0s19b0n0:37023:38054 [1] NCCL INFO Channel 03/0 : 9[46000] -> 8[7000] via P2P/IPC/read
x3012c0s19b0n0:37023:38222 [1] NCCL INFO New proxy send connection 7 from local rank 1, transport 0
x3012c0s19b0n0:37022:38219 [0] NCCL INFO New proxy recv connection 7 from local rank 0, transport 0
x3012c0s19b0n0:37022:38055 [0] NCCL INFO Connection to proxy localRank 0 -> connection 0x14c254000e40
x3012c0s19b0n0:37023:38054 [1] NCCL INFO Connection to proxy localRank 1 -> connection 0x14bb3c000e40
x3012c0s19b0n0:37022:38219 [0] NCCL INFO transport/p2p.cc:449 Cuda Alloc Size 6291456 pointer 0x14c24a000000
x3012c0s19b0n0:37023:38222 [1] NCCL INFO transport/p2p.cc:430 Cuda Alloc Size 6291456 pointer 0x14bb8ba00000
x3012c0s19b0n0:37025:38050 [3] NCCL INFO Connection to proxy localRank 3 -> connection 0x14a8bc000f40
x3012c0s19b0n0:37025:38220 [3] NCCL INFO transport/p2p.cc:430 Cuda Alloc Size 6291456 pointer 0x14a8b0600000
x3012c0s19b0n0:37024:38224 [2] NCCL INFO New proxy recv connection 11 from local rank 2, transport 0
x3012c0s19b0n0:37023:38054 [1] NCCL INFO Connected all rings
x3012c0s19b0n0:37023:38222 [1] NCCL INFO New proxy recv connection 8 from local rank 1, transport 0
x3012c0s19b0n0:37022:38055 [0] NCCL INFO Connected all rings
x3012c0s19b0n0:37022:38055 [0] NCCL INFO Channel 00/0 : 8[7000] -> 9[46000] via P2P/IPC/read
x3012c0s19b0n0:37022:38219 [0] NCCL INFO New proxy send connection 8 from local rank 0, transport 0
x3012c0s19b0n0:37024:38053 [2] NCCL INFO Connection to proxy localRank 2 -> connection 0x152cf8000f40
x3012c0s19b0n0:37024:38224 [2] NCCL INFO transport/p2p.cc:449 Cuda Alloc Size 6291456 pointer 0x152cf3200000
x3012c0s19b0n0:37023:38054 [1] NCCL INFO Connection to proxy localRank 1 -> connection 0x14bb3c000e80
x3012c0s19b0n0:37023:38222 [1] NCCL INFO transport/p2p.cc:449 Cuda Alloc Size 6291456 pointer 0x14bb8d800000
x3012c0s19b0n0:37022:38055 [0] NCCL INFO Connection to proxy localRank 0 -> connection 0x14c254000e80
x3012c0s19b0n0:37022:38219 [0] NCCL INFO transport/p2p.cc:430 Cuda Alloc Size 6291456 pointer 0x14c248000000
x3012c0s19b0n0:37023:38222 [1] NCCL INFO New proxy recv connection 9 from local rank 1, transport 0
x3012c0s19b0n0:37022:38055 [0] NCCL INFO Channel 01/0 : 8[7000] -> 9[46000] via P2P/IPC/read
x3012c0s19b0n0:37022:38219 [0] NCCL INFO New proxy send connection 9 from local rank 0, transport 0
x3012c0s19b0n0:37023:38054 [1] NCCL INFO Connection to proxy localRank 1 -> connection 0x14bb3c000ec0
x3012c0s19b0n0:37023:38222 [1] NCCL INFO transport/p2p.cc:449 Cuda Alloc Size 6291456 pointer 0x14bb8de00000
x3012c0s19b0n0:37023:38222 [1] NCCL INFO New proxy recv connection 10 from local rank 1, transport 0
x3012c0s19b0n0:37022:38055 [0] NCCL INFO Connection to proxy localRank 0 -> connection 0x14c254000ec0
x3012c0s19b0n0:37022:38219 [0] NCCL INFO transport/p2p.cc:430 Cuda Alloc Size 6291456 pointer 0x14c248600000
x3012c0s19b0n0:37022:38055 [0] NCCL INFO Channel 02/0 : 8[7000] -> 9[46000] via P2P/IPC/read
x3012c0s19b0n0:37022:38219 [0] NCCL INFO New proxy send connection 10 from local rank 0, transport 0
x3012c0s19b0n0:37023:38054 [1] NCCL INFO Connection to proxy localRank 1 -> connection 0x14bb3c000f00
x3012c0s19b0n0:37023:38222 [1] NCCL INFO transport/p2p.cc:449 Cuda Alloc Size 6291456 pointer 0x14bb8e400000
x3012c0s19b0n0:37022:38055 [0] NCCL INFO Connection to proxy localRank 0 -> connection 0x14c254000f00
x3012c0s19b0n0:37022:38219 [0] NCCL INFO transport/p2p.cc:430 Cuda Alloc Size 6291456 pointer 0x14c248c00000
x3012c0s19b0n0:37023:38222 [1] NCCL INFO New proxy recv connection 11 from local rank 1, transport 0
x3012c0s19b0n0:37022:38055 [0] NCCL INFO Channel 03/0 : 8[7000] -> 9[46000] via P2P/IPC/read
x3012c0s19b0n0:37022:38219 [0] NCCL INFO New proxy send connection 11 from local rank 0, transport 0
x3012c0s19b0n0:37023:38054 [1] NCCL INFO Connection to proxy localRank 1 -> connection 0x14bb3c000f40
x3012c0s19b0n0:37023:38222 [1] NCCL INFO transport/p2p.cc:449 Cuda Alloc Size 6291456 pointer 0x14bb8ea00000
x3012c0s19b0n0:37022:38055 [0] NCCL INFO Connection to proxy localRank 0 -> connection 0x14c254000f40
x3012c0s19b0n0:37022:38219 [0] NCCL INFO transport/p2p.cc:430 Cuda Alloc Size 6291456 pointer 0x14c249200000
x3012c0s19b0n0:37023:38054 [1] NCCL INFO Channel 00/0 : 9[46000] -> 10[85000] via P2P/IPC/read
x3012c0s19b0n0:37023:38222 [1] NCCL INFO New proxy send connection 12 from local rank 1, transport 0
x3012c0s19b0n0:37023:38054 [1] NCCL INFO Connection to proxy localRank 1 -> connection 0x14bb3c000f80
x3012c0s19b0n0:37023:38222 [1] NCCL INFO transport/p2p.cc:430 Cuda Alloc Size 6291456 pointer 0x14bb8f000000
x3012c0s19b0n0:37023:38054 [1] NCCL INFO Channel 01/0 : 9[46000] -> 10[85000] via P2P/IPC/read
x3012c0s19b0n0:37023:38222 [1] NCCL INFO New proxy send connection 13 from local rank 1, transport 0
x3012c0s19b0n0:37023:38054 [1] NCCL INFO Connection to proxy localRank 1 -> connection 0x14bb3c000fc0
x3012c0s19b0n0:37023:38222 [1] NCCL INFO transport/p2p.cc:430 Cuda Alloc Size 6291456 pointer 0x14bb8f600000
x3012c0s19b0n0:37023:38054 [1] NCCL INFO Channel 02/0 : 9[46000] -> 10[85000] via P2P/IPC/read
x3012c0s19b0n0:37023:38222 [1] NCCL INFO New proxy send connection 14 from local rank 1, transport 0
x3012c0s19b0n0:37023:38054 [1] NCCL INFO Connection to proxy localRank 1 -> connection 0x14bb3c001000
x3012c0s19b0n0:37023:38222 [1] NCCL INFO transport/p2p.cc:430 Cuda Alloc Size 6291456 pointer 0x14bb8fc00000
x3012c0s19b0n0:37023:38054 [1] NCCL INFO Channel 03/0 : 9[46000] -> 10[85000] via P2P/IPC/read
x3012c0s19b0n0:37023:38222 [1] NCCL INFO New proxy send connection 15 from local rank 1, transport 0
x3012c0s19b0n0:37023:38054 [1] NCCL INFO Connection to proxy localRank 1 -> connection 0x14bb3c001040
x3012c0s19b0n0:37023:38222 [1] NCCL INFO transport/p2p.cc:430 Cuda Alloc Size 6291456 pointer 0x14bb90200000
x3012c0s19b0n0:37023:38054 [1] NCCL INFO GPU Direct RDMA Disabled for GPU 46000 / HCA 1 (distance 6 > 4)
x3012c0s19b0n0:37023:38222 [1] NCCL INFO New proxy recv connection 16 from local rank 1, transport 2
x3012c0s19b0n0:37022:38055 [0] NCCL INFO GPU Direct RDMA Disabled for GPU 7000 / HCA 1 (distance 7 > 4)
x3012c0s19b0n0:37022:38219 [0] NCCL INFO Allocated 4194656 bytes of shared memory in /dev/shm/nccl-mAdjeB

x3012c0s19b0n0:37022:38219 [0] NCCL INFO New proxy send connection 12 from local rank 0, transport 2
x3012c0s19b0n0:37024:38224 [2] NCCL INFO New proxy recv connection 12 from local rank 2, transport 0
x3012c0s19b0n0:37024:38053 [2] NCCL INFO Connection to proxy localRank 2 -> connection 0x152cf8000f80
x3012c0s19b0n0:37024:38224 [2] NCCL INFO transport/p2p.cc:449 Cuda Alloc Size 6291456 pointer 0x152cf1200000
x3012c0s19b0n0:37022:38055 [0] NCCL INFO Connection to proxy localRank 0 -> connection 0x14c254000f80
x3012c0s19b0n0:37022:38055 [0] NCCL INFO Channel 00/0 : 8[7000] -> 12[7000] [send] via NET/IB/1
x3012c0s19b0n0:37022:38055 [0] NCCL INFO GPU Direct RDMA Disabled for GPU 7000 / HCA 0 (distance 7 > 4)
x3012c0s19b0n0:37022:38219 [0] NCCL INFO New proxy send connection 13 from local rank 0, transport 2
x3012c0s19b0n0:37023:38054 [1] NCCL INFO Connection to proxy localRank 1 -> connection 0x14bb3c001080
x3012c0s19b0n0:37024:38224 [2] NCCL INFO New proxy recv connection 13 from local rank 2, transport 0
x3012c0s19b0n0:37022:38055 [0] NCCL INFO Connection to proxy localRank 0 -> connection 0x14c254000fc0
x3012c0s19b0n0:37022:38055 [0] NCCL INFO Channel 01/0 : 8[7000] -> 12[7000] [send] via NET/IB/0
x3012c0s19b0n0:37023:38054 [1] NCCL INFO Channel 00/0 : 4[7000] -> 9[46000] [receive] via NET/IB/1
x3012c0s19b0n0:37023:38054 [1] NCCL INFO GPU Direct RDMA Disabled for GPU 46000 / HCA 0 (distance 7 > 4)
x3012c0s19b0n0:37023:38222 [1] NCCL INFO New proxy recv connection 17 from local rank 1, transport 2
x3012c0s19b0n0:37024:38053 [2] NCCL INFO Connection to proxy localRank 2 -> connection 0x152cf8000fc0
x3012c0s19b0n0:37024:38224 [2] NCCL INFO transport/p2p.cc:449 Cuda Alloc Size 6291456 pointer 0x152cf1800000
x3012c0s19b0n0:37024:38224 [2] NCCL INFO New proxy recv connection 14 from local rank 2, transport 0
x3012c0s19b0n0:37023:38054 [1] NCCL INFO Connection to proxy localRank 1 -> connection 0x14bb3c0010c0
x3012c0s19b0n0:37024:38053 [2] NCCL INFO Connection to proxy localRank 2 -> connection 0x152cf8001000
x3012c0s19b0n0:37024:38224 [2] NCCL INFO transport/p2p.cc:449 Cuda Alloc Size 6291456 pointer 0x152cee000000
x3012c0s19b0n0:37023:38054 [1] NCCL INFO Channel 01/0 : 4[7000] -> 9[46000] [receive] via NET/IB/0
x3012c0s19b0n0:37024:38224 [2] NCCL INFO New proxy recv connection 15 from local rank 2, transport 0
x3012c0s19b0n0:37022:38219 [0] NCCL INFO transport/net_ib.cc:596 Ib Alloc Size 26560 pointer 0x14c25401b000
x3012c0s19b0n0:37022:38219 [0] NCCL INFO NET/IB: Dev 1 Port 1 qpn 3255 mtu 5 GID 0 (80FE/CD1100FEFF000000)
x3012c0s19b0n0:37022:38219 [0] NCCL INFO transport/net_ib.cc:653 Ib Alloc Size 552 pointer 0x14c25403d000
x3012c0s19b0n0:37022:38219 [0] NCCL INFO transport/net.cc:571 Cuda Host Alloc Size 9641984 pointer 0x14c247200000
x3012c0s19b0n0:37022:38219 [0] NCCL INFO Mem Realloc old size 0, new size 768 pointer 0x14c25403c3b0
x3012c0s19b0n0:37022:38219 [0] NCCL INFO transport/net_ib.cc:596 Ib Alloc Size 26560 pointer 0x14c25403f000
x3012c0s19b0n0:37024:38053 [2] NCCL INFO Connection to proxy localRank 2 -> connection 0x152cf8001040
x3012c0s19b0n0:37024:38224 [2] NCCL INFO transport/p2p.cc:449 Cuda Alloc Size 6291456 pointer 0x152cee600000
x3012c0s19b0n0:37022:38219 [0] NCCL INFO NET/IB: Dev 0 Port 1 qpn 3485 mtu 5 GID 0 (80FE/9B1100FEFF000000)
x3012c0s19b0n0:37022:38219 [0] NCCL INFO transport/net_ib.cc:653 Ib Alloc Size 552 pointer 0x14c254060000
x3012c0s19b0n0:37022:38219 [0] NCCL INFO transport/net.cc:571 Cuda Host Alloc Size 9641984 pointer 0x14c23e000000
x3012c0s19b0n0:37022:38219 [0] NCCL INFO Mem Realloc old size 0, new size 768 pointer 0x14c2540468c0
x3012c0s19b0n0:37024:38053 [2] NCCL INFO Channel 00/0 : 10[85000] -> 9[46000] via P2P/IPC/read
x3012c0s19b0n0:37024:38224 [2] NCCL INFO New proxy send connection 16 from local rank 2, transport 0
x3012c0s19b0n0:37022:38055 [0] NCCL INFO GPU Direct RDMA Disabled for GPU 7000 / HCA 1 (distance 7 > 4)
x3012c0s19b0n0:37024:38053 [2] NCCL INFO Connection to proxy localRank 2 -> connection 0x152cf8001080
x3012c0s19b0n0:37024:38224 [2] NCCL INFO transport/p2p.cc:430 Cuda Alloc Size 6291456 pointer 0x152ceec00000
x3012c0s19b0n0:37022:38219 [0] NCCL INFO New proxy send connection 14 from local rank 0, transport 2
x3012c0s19b0n0:37024:38053 [2] NCCL INFO Channel 01/0 : 10[85000] -> 9[46000] via P2P/IPC/read
x3012c0s19b0n0:37024:38224 [2] NCCL INFO New proxy send connection 17 from local rank 2, transport 0
x3012c0s19b0n0:37024:38053 [2] NCCL INFO Connection to proxy localRank 2 -> connection 0x152cf80010c0
x3012c0s19b0n0:37024:38224 [2] NCCL INFO transport/p2p.cc:430 Cuda Alloc Size 6291456 pointer 0x152cef200000
x3012c0s19b0n0:37022:38055 [0] NCCL INFO Connection to proxy localRank 0 -> connection 0x14c254001000
x3012c0s19b0n0:37022:38055 [0] NCCL INFO Channel 02/0 : 8[7000] -> 13[46000] [send] via NET/IB/1
x3012c0s19b0n0:37022:38055 [0] NCCL INFO GPU Direct RDMA Disabled for GPU 7000 / HCA 0 (distance 7 > 4)
x3012c0s19b0n0:37022:38219 [0] NCCL INFO New proxy send connection 15 from local rank 0, transport 2
x3012c0s19b0n0:37024:38053 [2] NCCL INFO Channel 02/0 : 10[85000] -> 9[46000] via P2P/IPC/read
x3012c0s19b0n0:37024:38224 [2] NCCL INFO New proxy send connection 18 from local rank 2, transport 0
x3012c0s19b0n0:37022:38055 [0] NCCL INFO Connection to proxy localRank 0 -> connection 0x14c254001040
x3012c0s19b0n0:37022:38055 [0] NCCL INFO Channel 03/0 : 8[7000] -> 13[46000] [send] via NET/IB/0
x3012c0s19b0n0:37022:38219 [0] NCCL INFO transport/net_ib.cc:596 Ib Alloc Size 26560 pointer 0x14c25406c000
x3012c0s19b0n0:37022:38219 [0] NCCL INFO NET/IB: Dev 1 Port 1 qpn 3256 mtu 5 GID 0 (80FE/CD1100FEFF000000)
x3012c0s19b0n0:37022:38219 [0] NCCL INFO transport/net_ib.cc:653 Ib Alloc Size 552 pointer 0x14c254083000
x3012c0s19b0n0:37022:38219 [0] NCCL INFO transport/net.cc:571 Cuda Host Alloc Size 9641984 pointer 0x14c23ea00000
x3012c0s19b0n0:37024:38053 [2] NCCL INFO Connection to proxy localRank 2 -> connection 0x152cf8001100
x3012c0s19b0n0:37023:38222 [1] NCCL INFO transport/net_ib.cc:683 Ib Alloc Size 21688 pointer 0x14bb3c0d2000
x3012c0s19b0n0:37023:38222 [1] NCCL INFO transport/net_ib.cc:696 Ib Alloc Size 552 pointer 0x14bb3c018000
x3012c0s19b0n0:37024:38224 [2] NCCL INFO transport/p2p.cc:430 Cuda Alloc Size 6291456 pointer 0x152cef800000
x3012c0s19b0n0:37023:38222 [1] NCCL INFO transport/net_ib.cc:771 Ib Alloc Size 552 pointer 0x14bb3c0f2000
x3012c0s19b0n0:37023:38222 [1] NCCL INFO transport/net.cc:698 Cuda Host Alloc Size 9641984 pointer 0x14bb93800000
x3012c0s19b0n0:37024:38053 [2] NCCL INFO Channel 03/0 : 10[85000] -> 9[46000] via P2P/IPC/read
x3012c0s19b0n0:37024:38224 [2] NCCL INFO New proxy send connection 19 from local rank 2, transport 0
x3012c0s19b0n0:37023:38222 [1] NCCL INFO transport/net_ib.cc:683 Ib Alloc Size 21688 pointer 0x14bb3c0f4000
x3012c0s19b0n0:37023:38222 [1] NCCL INFO transport/net_ib.cc:696 Ib Alloc Size 552 pointer 0x14bb3c0fb000
x3012c0s19b0n0:37022:38219 [0] NCCL INFO transport/net_ib.cc:596 Ib Alloc Size 26560 pointer 0x14c254085000
x3012c0s19b0n0:37024:38053 [2] NCCL INFO Connection to proxy localRank 2 -> connection 0x152cf8001140
x3012c0s19b0n0:37023:38222 [1] NCCL INFO transport/net_ib.cc:771 Ib Alloc Size 552 pointer 0x14bb3c116000
x3012c0s19b0n0:37023:38222 [1] NCCL INFO transport/net.cc:698 Cuda Host Alloc Size 9641984 pointer 0x14bb94200000
x3012c0s19b0n0:37024:38224 [2] NCCL INFO transport/p2p.cc:430 Cuda Alloc Size 6291456 pointer 0x152cec000000
x3012c0s19b0n0:37023:38054 [1] NCCL INFO GPU Direct RDMA Disabled for GPU 46000 / HCA 1 (distance 6 > 4)
x3012c0s19b0n0:37022:38219 [0] NCCL INFO NET/IB: Dev 0 Port 1 qpn 3487 mtu 5 GID 0 (80FE/9B1100FEFF000000)
x3012c0s19b0n0:37022:38219 [0] NCCL INFO transport/net_ib.cc:653 Ib Alloc Size 552 pointer 0x14c25409c000
x3012c0s19b0n0:37022:38219 [0] NCCL INFO transport/net.cc:571 Cuda Host Alloc Size 9641984 pointer 0x14c23f400000
x3012c0s19b0n0:37023:38222 [1] NCCL INFO New proxy send connection 18 from local rank 1, transport 2
x3012c0s19b0n0:37022:38055 [0] NCCL INFO GPU Direct RDMA Disabled for GPU 7000 / HCA 1 (distance 7 > 4)
x3012c0s19b0n0:37022:38219 [0] NCCL INFO New proxy send connection 16 from local rank 0, transport 2
x3012c0s19b0n0:37025:38050 [3] NCCL INFO Connected all trees by HAO
x3012c0s19b0n0:37025:38050 [3] NCCL INFO threadThresholds 8/8/64 | 160/8/64 | 512 | 512
x3012c0s19b0n0:37025:38050 [3] NCCL INFO 4 coll channels, 4 p2p channels, 2 p2p channels per peer
x3012c0s19b0n0:37025:38220 [3] NCCL INFO New proxy send connection 12 from local rank 3, transport 2
x3012c0s19b0n0:37025:38050 [3] NCCL INFO Connection to proxy localRank 3 -> connection 0x14a8bc000f80
x3012c0s19b0n0:37025:38220 [3] NCCL INFO transport/net.cc:376 Cuda Alloc Size 8388608 pointer 0x14a8ae600000
x3012c0s19b0n0:37022:38055 [0] NCCL INFO Connection to proxy localRank 0 -> connection 0x14c254001080
x3012c0s19b0n0:37022:38055 [0] NCCL INFO Channel 00/0 : 8[7000] -> 17[46000] [send] via NET/IB/1
x3012c0s19b0n0:37022:38055 [0] NCCL INFO GPU Direct RDMA Disabled for GPU 7000 / HCA 0 (distance 7 > 4)
x3012c0s19b0n0:37022:38219 [0] NCCL INFO New proxy send connection 17 from local rank 0, transport 2
x3012c0s19b0n0:37023:38054 [1] NCCL INFO Connection to proxy localRank 1 -> connection 0x14bb3c001100
x3012c0s19b0n0:37023:38054 [1] NCCL INFO Channel 00/0 : 9[46000] -> 4[7000] [send] via NET/IB/1
x3012c0s19b0n0:37023:38054 [1] NCCL INFO GPU Direct RDMA Disabled for GPU 46000 / HCA 0 (distance 7 > 4)
x3012c0s19b0n0:37023:38222 [1] NCCL INFO New proxy send connection 19 from local rank 1, transport 2
x3012c0s19b0n0:37022:38055 [0] NCCL INFO Connection to proxy localRank 0 -> connection 0x14c2540010c0
x3012c0s19b0n0:37022:38055 [0] NCCL INFO Channel 01/0 : 8[7000] -> 17[46000] [send] via NET/IB/0
x3012c0s19b0n0:37022:38219 [0] NCCL INFO transport/net_ib.cc:596 Ib Alloc Size 26560 pointer 0x14c2540a8000
x3012c0s19b0n0:37023:38054 [1] NCCL INFO Connection to proxy localRank 1 -> connection 0x14bb3c001140
x3012c0s19b0n0:37023:38054 [1] NCCL INFO Channel 01/0 : 9[46000] -> 4[7000] [send] via NET/IB/0
x3012c0s19b0n0:37023:38222 [1] NCCL INFO transport/net_ib.cc:596 Ib Alloc Size 26560 pointer 0x14bb3c122000
x3012c0s19b0n0:37022:38219 [0] NCCL INFO NET/IB: Dev 1 Port 1 qpn 3259 mtu 5 GID 0 (80FE/CD1100FEFF000000)
x3012c0s19b0n0:37022:38219 [0] NCCL INFO transport/net_ib.cc:653 Ib Alloc Size 552 pointer 0x14c2540bf000
x3012c0s19b0n0:37023:38222 [1] NCCL INFO NET/IB: Dev 1 Port 1 qpn 3260 mtu 5 GID 0 (80FE/CD1100FEFF000000)
x3012c0s19b0n0:37023:38222 [1] NCCL INFO transport/net_ib.cc:653 Ib Alloc Size 552 pointer 0x14bb3c139000
x3012c0s19b0n0:37022:38219 [0] NCCL INFO transport/net.cc:571 Cuda Host Alloc Size 9641984 pointer 0x14c23c000000
x3012c0s19b0n0:37023:38222 [1] NCCL INFO transport/net.cc:571 Cuda Host Alloc Size 9641984 pointer 0x14bb94c00000
x3012c0s19b0n0:37022:38219 [0] NCCL INFO transport/net_ib.cc:596 Ib Alloc Size 26560 pointer 0x14c2540c1000
x3012c0s19b0n0:37022:38219 [0] NCCL INFO NET/IB: Dev 0 Port 1 qpn 3489 mtu 5 GID 0 (80FE/9B1100FEFF000000)
x3012c0s19b0n0:37022:38219 [0] NCCL INFO transport/net_ib.cc:653 Ib Alloc Size 552 pointer 0x14c2540d8000
x3012c0s19b0n0:37022:38219 [0] NCCL INFO transport/net.cc:571 Cuda Host Alloc Size 9641984 pointer 0x14c23ca00000
x3012c0s19b0n0:37023:38222 [1] NCCL INFO transport/net_ib.cc:596 Ib Alloc Size 26560 pointer 0x14bb3c13b000
x3012c0s19b0n0:37022:38055 [0] NCCL INFO GPU Direct RDMA Disabled for GPU 7000 / HCA 1 (distance 7 > 4)
x3012c0s19b0n0:37022:38219 [0] NCCL INFO New proxy recv connection 18 from local rank 0, transport 2
x3012c0s19b0n0:37023:38222 [1] NCCL INFO NET/IB: Dev 0 Port 1 qpn 3490 mtu 5 GID 0 (80FE/9B1100FEFF000000)
x3012c0s19b0n0:37023:38222 [1] NCCL INFO transport/net_ib.cc:653 Ib Alloc Size 552 pointer 0x14bb3c152000
x3012c0s19b0n0:37023:38222 [1] NCCL INFO transport/net.cc:571 Cuda Host Alloc Size 9641984 pointer 0x14bb95600000
x3012c0s19b0n0:37022:38055 [0] NCCL INFO Connection to proxy localRank 0 -> connection 0x14c254001100
x3012c0s19b0n0:37023:38222 [1] NCCL INFO New proxy recv connection 20 from local rank 1, transport 0
x3012c0s19b0n0:37023:38054 [1] NCCL INFO Connection to proxy localRank 1 -> connection 0x14bb3c001180
x3012c0s19b0n0:37023:38222 [1] NCCL INFO transport/p2p.cc:449 Cuda Alloc Size 6291456 pointer 0x14bb96000000
x3012c0s19b0n0:37022:38055 [0] NCCL INFO Channel 00/0 : 17[46000] -> 8[7000] [receive] via NET/IB/1
x3012c0s19b0n0:37022:38055 [0] NCCL INFO GPU Direct RDMA Disabled for GPU 7000 / HCA 0 (distance 7 > 4)
x3012c0s19b0n0:37022:38219 [0] NCCL INFO New proxy recv connection 19 from local rank 0, transport 2
x3012c0s19b0n0:37023:38222 [1] NCCL INFO New proxy recv connection 21 from local rank 1, transport 0
x3012c0s19b0n0:37022:38055 [0] NCCL INFO Connection to proxy localRank 0 -> connection 0x14c254001140
x3012c0s19b0n0:37023:38054 [1] NCCL INFO Connection to proxy localRank 1 -> connection 0x14bb3c0011c0
x3012c0s19b0n0:37023:38222 [1] NCCL INFO transport/p2p.cc:449 Cuda Alloc Size 6291456 pointer 0x14bb96600000
x3012c0s19b0n0:37022:38055 [0] NCCL INFO Channel 01/0 : 17[46000] -> 8[7000] [receive] via NET/IB/0
x3012c0s19b0n0:37022:38219 [0] NCCL INFO transport/net_ib.cc:683 Ib Alloc Size 21688 pointer 0x14c2540e4000
x3012c0s19b0n0:37022:38219 [0] NCCL INFO transport/net_ib.cc:696 Ib Alloc Size 552 pointer 0x14c2540eb000
x3012c0s19b0n0:37023:38222 [1] NCCL INFO New proxy recv connection 22 from local rank 1, transport 0
x3012c0s19b0n0:37023:38054 [1] NCCL INFO Connection to proxy localRank 1 -> connection 0x14bb3c001200
x3012c0s19b0n0:37022:38219 [0] NCCL INFO transport/net_ib.cc:771 Ib Alloc Size 552 pointer 0x14c254107000
x3012c0s19b0n0:37022:38219 [0] NCCL INFO transport/net.cc:698 Cuda Host Alloc Size 9641984 pointer 0x14c23d400000
x3012c0s19b0n0:37023:38222 [1] NCCL INFO transport/p2p.cc:449 Cuda Alloc Size 6291456 pointer 0x14bb96c00000
x3012c0s19b0n0:37022:38219 [0] NCCL INFO transport/net_ib.cc:683 Ib Alloc Size 21688 pointer 0x14c254109000
x3012c0s19b0n0:37022:38219 [0] NCCL INFO transport/net_ib.cc:696 Ib Alloc Size 552 pointer 0x14c254110000
x3012c0s19b0n0:37023:38222 [1] NCCL INFO New proxy recv connection 23 from local rank 1, transport 0
x3012c0s19b0n0:37023:38054 [1] NCCL INFO Connection to proxy localRank 1 -> connection 0x14bb3c001240
x3012c0s19b0n0:37023:38222 [1] NCCL INFO transport/p2p.cc:449 Cuda Alloc Size 6291456 pointer 0x14bb97200000
x3012c0s19b0n0:37024:38053 [2] NCCL INFO Connected all trees by HAO
x3012c0s19b0n0:37024:38053 [2] NCCL INFO threadThresholds 8/8/64 | 160/8/64 | 512 | 512
x3012c0s19b0n0:37024:38053 [2] NCCL INFO 4 coll channels, 4 p2p channels, 2 p2p channels per peer
x3012c0s19b0n0:37024:38224 [2] NCCL INFO Allocated 4194656 bytes of shared memory in /dev/shm/nccl-sJUhEK

x3012c0s19b0n0:37024:38224 [2] NCCL INFO New proxy send connection 20 from local rank 2, transport 2
x3012c0s19b0n0:37022:38219 [0] NCCL INFO transport/net_ib.cc:771 Ib Alloc Size 552 pointer 0x14c25412b000
x3012c0s19b0n0:37022:38219 [0] NCCL INFO transport/net.cc:698 Cuda Host Alloc Size 9641984 pointer 0x14c23a000000
x3012c0s19b0n0:37023:38054 [1] NCCL INFO Connected all trees by HAO
x3012c0s19b0n0:37023:38054 [1] NCCL INFO threadThresholds 8/8/64 | 160/8/64 | 512 | 512
x3012c0s19b0n0:37023:38054 [1] NCCL INFO 4 coll channels, 4 p2p channels, 2 p2p channels per peer
x3012c0s19b0n0:37023:38222 [1] NCCL INFO New proxy send connection 24 from local rank 1, transport 2
x3012c0s19b0n0:37024:38053 [2] NCCL INFO Connection to proxy localRank 2 -> connection 0x152cf8001180
x3012c0s19b0n0:37024:38224 [2] NCCL INFO transport/net.cc:376 Cuda Alloc Size 8388608 pointer 0x152ceb800000
x3012c0s19b0n0:37022:38055 [0] NCCL INFO GPU Direct RDMA Disabled for GPU 7000 / HCA 1 (distance 7 > 4)
x3012c0s19b0n0:37022:38219 [0] NCCL INFO New proxy recv connection 20 from local rank 0, transport 2
x3012c0s19b0n0:37023:38054 [1] NCCL INFO Connection to proxy localRank 1 -> connection 0x14bb3c001280
x3012c0s19b0n0:37023:38222 [1] NCCL INFO transport/net.cc:376 Cuda Alloc Size 8388608 pointer 0x14bb99000000
x3012c0s19b0n0:37022:38055 [0] NCCL INFO Connection to proxy localRank 0 -> connection 0x14c254001180
x3012c0s19b0n0:37022:38055 [0] NCCL INFO Channel 02/0 : 13[46000] -> 8[7000] [receive] via NET/IB/1
x3012c0s19b0n0:37022:38055 [0] NCCL INFO GPU Direct RDMA Disabled for GPU 7000 / HCA 0 (distance 7 > 4)
x3012c0s19b0n0:37022:38219 [0] NCCL INFO New proxy recv connection 21 from local rank 0, transport 2
x3012c0s19b0n0:37022:38055 [0] NCCL INFO Connection to proxy localRank 0 -> connection 0x14c2540011c0
x3012c0s19b0n0:37022:38055 [0] NCCL INFO Channel 03/0 : 13[46000] -> 8[7000] [receive] via NET/IB/0
x3012c0s19b0n0:37022:38219 [0] NCCL INFO transport/net_ib.cc:683 Ib Alloc Size 21688 pointer 0x14c254137000
x3012c0s19b0n0:37022:38219 [0] NCCL INFO transport/net_ib.cc:696 Ib Alloc Size 552 pointer 0x14c25413e000
x3012c0s19b0n0:37022:38219 [0] NCCL INFO transport/net_ib.cc:771 Ib Alloc Size 552 pointer 0x14c254159000
x3012c0s19b0n0:37022:38219 [0] NCCL INFO transport/net.cc:698 Cuda Host Alloc Size 9641984 pointer 0x14c23aa00000
x3012c0s19b0n0:37022:38219 [0] NCCL INFO transport/net_ib.cc:683 Ib Alloc Size 21688 pointer 0x14c25415b000
x3012c0s19b0n0:37022:38219 [0] NCCL INFO transport/net_ib.cc:696 Ib Alloc Size 552 pointer 0x14c254162000
x3012c0s19b0n0:37022:38219 [0] NCCL INFO transport/net_ib.cc:771 Ib Alloc Size 552 pointer 0x14c25417d000
x3012c0s19b0n0:37022:38219 [0] NCCL INFO transport/net.cc:698 Cuda Host Alloc Size 9641984 pointer 0x14c23b400000
x3012c0s19b0n0:37022:38055 [0] NCCL INFO GPU Direct RDMA Disabled for GPU 7000 / HCA 1 (distance 7 > 4)
x3012c0s19b0n0:37022:38219 [0] NCCL INFO New proxy recv connection 22 from local rank 0, transport 2
x3012c0s19b0n0:37022:38055 [0] NCCL INFO Connection to proxy localRank 0 -> connection 0x14c254001200
x3012c0s19b0n0:37022:38055 [0] NCCL INFO Channel 00/0 : 12[7000] -> 8[7000] [receive] via NET/IB/1
x3012c0s19b0n0:37022:38055 [0] NCCL INFO GPU Direct RDMA Disabled for GPU 7000 / HCA 0 (distance 7 > 4)
x3012c0s19b0n0:37022:38219 [0] NCCL INFO New proxy recv connection 23 from local rank 0, transport 2
x3012c0s19b0n0:37022:38055 [0] NCCL INFO Connection to proxy localRank 0 -> connection 0x14c254001240
x3012c0s19b0n0:37022:38055 [0] NCCL INFO Channel 01/0 : 12[7000] -> 8[7000] [receive] via NET/IB/0
x3012c0s19b0n0:37022:38219 [0] NCCL INFO transport/net_ib.cc:683 Ib Alloc Size 21688 pointer 0x14c254189000
x3012c0s19b0n0:37022:38219 [0] NCCL INFO transport/net_ib.cc:696 Ib Alloc Size 552 pointer 0x14c254190000
x3012c0s19b0n0:37022:38219 [0] NCCL INFO transport/net_ib.cc:771 Ib Alloc Size 552 pointer 0x14c2541ab000
x3012c0s19b0n0:37022:38219 [0] NCCL INFO transport/net.cc:698 Cuda Host Alloc Size 9641984 pointer 0x14c238000000
x3012c0s19b0n0:37022:38219 [0] NCCL INFO transport/net_ib.cc:683 Ib Alloc Size 21688 pointer 0x14c2541ad000
x3012c0s19b0n0:37022:38219 [0] NCCL INFO transport/net_ib.cc:696 Ib Alloc Size 552 pointer 0x14c2541b4000
x3012c0s19b0n0:37022:38219 [0] NCCL INFO transport/net_ib.cc:771 Ib Alloc Size 552 pointer 0x14c2541cf000
x3012c0s19b0n0:37022:38219 [0] NCCL INFO transport/net.cc:698 Cuda Host Alloc Size 9641984 pointer 0x14c238a00000
x3012c0s19b0n0:37022:38055 [0] NCCL INFO Connected all trees by HAO
x3012c0s19b0n0:37022:38055 [0] NCCL INFO threadThresholds 8/8/64 | 160/8/64 | 512 | 512
x3012c0s19b0n0:37022:38055 [0] NCCL INFO 4 coll channels, 4 p2p channels, 2 p2p channels per peer
x3012c0s19b0n0:37022:38219 [0] NCCL INFO New proxy send connection 24 from local rank 0, transport 2
x3012c0s19b0n0:37022:38055 [0] NCCL INFO Connection to proxy localRank 0 -> connection 0x14c254001280
x3012c0s19b0n0:37022:38055 [0] NCCL INFO init.cc:367 Cuda Alloc Size 5168 pointer 0x14c259808800
x3012c0s19b0n0:37024:38053 [2] NCCL INFO init.cc:367 Cuda Alloc Size 5168 pointer 0x152d07808800
x3012c0s19b0n0:37023:38054 [1] NCCL INFO init.cc:367 Cuda Alloc Size 5168 pointer 0x14bb87e08800
x3012c0s19b0n0:37025:38050 [3] NCCL INFO init.cc:367 Cuda Alloc Size 5168 pointer 0x14a8cb808800
x3012c0s19b0n0:37025:38050 [3] NCCL INFO init.cc:392 Cuda Host Alloc Size 33554432 pointer 0x14a8ac000000
x3012c0s19b0n0:37025:38050 [3] NCCL INFO init.cc:398 Cuda Host Alloc Size 128 pointer 0x14a8cae00200
x3012c0s19b0n0:37025:38050 [3] NCCL INFO comm 0x5600575e1e30 rank 11 nranks 20 cudaDev 3 busId c7000 - Init COMPLETE
x3012c0s19b0n0:37024:38053 [2] NCCL INFO init.cc:392 Cuda Host Alloc Size 33554432 pointer 0x152ce2000000
x3012c0s19b0n0:37024:38053 [2] NCCL INFO init.cc:398 Cuda Host Alloc Size 128 pointer 0x152d06e00200
x3012c0s19b0n0:37024:38053 [2] NCCL INFO comm 0x55942d4e0a10 rank 10 nranks 20 cudaDev 2 busId 85000 - Init COMPLETE
x3012c0s19b0n0:37022:38055 [0] NCCL INFO init.cc:392 Cuda Host Alloc Size 33554432 pointer 0x14c236000000
x3012c0s19b0n0:37022:38055 [0] NCCL INFO init.cc:398 Cuda Host Alloc Size 128 pointer 0x14c258e00200
x3012c0s19b0n0:37022:38055 [0] NCCL INFO comm 0x56450e373f30 rank 8 nranks 20 cudaDev 0 busId 7000 - Init COMPLETE
x3012c0s19b0n0:37022:38219 [0] NCCL INFO transport/net.cc:376 Cuda Alloc Size 8388608 pointer 0x14c239400000
x3012c0s19b0n0:37023:38054 [1] NCCL INFO init.cc:392 Cuda Host Alloc Size 33554432 pointer 0x14bb3a000000
x3012c0s19b0n0:37023:38054 [1] NCCL INFO init.cc:398 Cuda Host Alloc Size 128 pointer 0x14bb87400200
x3012c0s19b0n0:37023:38054 [1] NCCL INFO comm 0x557cb55f3d10 rank 9 nranks 20 cudaDev 1 busId 46000 - Init COMPLETE
x3012c0s19b0n0:37025:37025 [3] NCCL INFO AllReduce: opCount 0 sendbuff 0x14a90b600200 recvbuff 0x14a90b600200 count 1 datatype 1 op 0 root 0 comm 0x5600575e1e30 [nranks=20] stream 0x560077abfdc0
x3012c0s19b0n0:37025:37025 [3] NCCL INFO misc/utils.cc:235 memory stack hunk malloc(65536)
[LYD INFO in ncclLaunchKernel (enqueue.cc)] NCHANNELS is: 4x3012c0s19b0n0:37023:37023 [1] NCCL INFO AllReduce: opCount 0 sendbuff 0x14bb83a00200 recvbuff 0x14bb83a00200 count 1 datatype 1 op 0 root 0 comm 0x557cb55f3d10 [nranks=20] stream 0x557cd0927c30
x3012c0s19b0n0:37023:37023 [1] NCCL INFO misc/utils.cc:235 memory stack hunk malloc(65536)
[LYD INFO in ncclLaunchKernel (enqueue.cc)] NCHANNELS is: 4x3012c0s19b0n0:37022:37022 [0] NCCL INFO AllReduce: opCount 0 sendbuff 0x14c29b600200 recvbuff 0x14c29b600200 count 1 datatype 1 op 0 root 0 comm 0x56450e373f30 [nranks=20] stream 0x56452bd145d0
x3012c0s19b0n0:37022:37022 [0] NCCL INFO misc/utils.cc:235 memory stack hunk malloc(65536)
[LYD INFO in ncclLaunchKernel (enqueue.cc)] NCHANNELS is: 4x3012c0s19b0n0:37024:37024 [2] NCCL INFO AllReduce: opCount 0 sendbuff 0x152d47600200 recvbuff 0x152d47600200 count 1 datatype 1 op 0 root 0 comm 0x55942d4e0a10 [nranks=20] stream 0x559445705fc0
x3012c0s19b0n0:37024:37024 [2] NCCL INFO misc/utils.cc:235 memory stack hunk malloc(65536)
[LYD INFO in ncclLaunchKernel (enqueue.cc)] NCHANNELS is: 4
[LYD INFO in NCCL_KERN_NAME (common.h)] 10 AllReduce TREE LL Sum uint8_t Elapsed time: 227775 us

[LYD INFO in NCCL_KERN_NAME (common.h)] 8 AllReduce TREE LL Sum uint8_t Elapsed time: 276721 us

[LYD INFO in NCCL_KERN_NAME (common.h)] 11 AllReduce TREE LL Sum uint8_t Elapsed time: 311698 us

[LYD INFO in NCCL_KERN_NAME (common.h)] 9 AllReduce TREE LL Sum uint8_t Elapsed time: 293590 us
x3012c0s19b0n0:37023:37023 [1] NCCL INFO AllReduce: opCount 1 sendbuff 0x14bb83a00000 recvbuff 0x14bb83a00000 count 1 datatype 1 op 0 root 0 comm 0x557cb55f3d10 [nranks=20] stream 0x557cd0927c30
[LYD INFO in ncclLaunchKernel (enqueue.cc)] NCHANNELS is: 4x3012c0s19b0n0:37022:37022 [0] NCCL INFO AllReduce: opCount 1 sendbuff 0x14c29b600000 recvbuff 0x14c29b600000 count 1 datatype 1 op 0 root 0 comm 0x56450e373f30 [nranks=20] stream 0x56452bd145d0
[LYD INFO in ncclLaunchKernel (enqueue.cc)] NCHANNELS is: 4x3012c0s19b0n0:37024:37024 [2] NCCL INFO AllReduce: opCount 1 sendbuff 0x152d47600000 recvbuff 0x152d47600000 count 1 datatype 1 op 0 root 0 comm 0x55942d4e0a10 [nranks=20] stream 0x559445705fc0
[LYD INFO in ncclLaunchKernel (enqueue.cc)] NCHANNELS is: 4x3012c0s19b0n0:37025:37025 [3] NCCL INFO AllReduce: opCount 1 sendbuff 0x14a90b600000 recvbuff 0x14a90b600000 count 1 datatype 1 op 0 root 0 comm 0x5600575e1e30 [nranks=20] stream 0x560077abfdc0
[LYD INFO in ncclLaunchKernel (enqueue.cc)] NCHANNELS is: 4
[LYD INFO in NCCL_KERN_NAME (common.h)] 11 AllReduce TREE LL Sum uint8_t Elapsed time: 8998078 us

[LYD INFO in NCCL_KERN_NAME (common.h)] 8 AllReduce TREE LL Sum uint8_t Elapsed time: 12299880 us

[LYD INFO in NCCL_KERN_NAME (common.h)] 9 AllReduce TREE LL Sum uint8_t Elapsed time: 14050032 us

[LYD INFO in NCCL_KERN_NAME (common.h)] 10 AllReduce TREE LL Sum uint8_t Elapsed time: 10327774 us
x3012c0s19b0n0:37023:37023 [1] NCCL INFO AllReduce: opCount 2 sendbuff 0x14bb83a00000 recvbuff 0x14bb83a00000 count 1 datatype 8 op 3 root 0 comm 0x557cb55f3d10 [nranks=20] stream 0x557cd0927c30
[LYD INFO in ncclLaunchKernel (enqueue.cc)] NCHANNELS is: 4x3012c0s19b0n0:37025:37025 [3] NCCL INFO AllReduce: opCount 2 sendbuff 0x14a90b600000 recvbuff 0x14a90b600000 count 1 datatype 8 op 3 root 0 comm 0x5600575e1e30 [nranks=20] stream 0x560077abfdc0
[LYD INFO in ncclLaunchKernel (enqueue.cc)] NCHANNELS is: 4x3012c0s19b0n0:37024:37024 [2] NCCL INFO AllReduce: opCount 2 sendbuff 0x152d47600000 recvbuff 0x152d47600000 count 1 datatype 8 op 3 root 0 comm 0x55942d4e0a10 [nranks=20] stream 0x559445705fc0
[LYD INFO in ncclLaunchKernel (enqueue.cc)] NCHANNELS is: 4x3012c0s19b0n0:37022:37022 [0] NCCL INFO AllReduce: opCount 2 sendbuff 0x14c29b600000 recvbuff 0x14c29b600000 count 1 datatype 8 op 3 root 0 comm 0x56450e373f30 [nranks=20] stream 0x56452bd145d0
[LYD INFO in ncclLaunchKernel (enqueue.cc)] NCHANNELS is: 4
[LYD INFO in NCCL_FUNC_NAME (common.h)] 9 AllReduce TREE LL Min double Elapsed time: 25006 us

[LYD INFO in NCCL_FUNC_NAME (common.h)] 10 AllReduce TREE LL Min double Elapsed time: 5 us

[LYD INFO in NCCL_FUNC_NAME (common.h)] 11 AllReduce TREE LL Min double Elapsed time: 5 us

[LYD INFO in NCCL_KERN_NAME (common.h)] 10 AllReduce TREE LL Sum double Elapsed time: 92289 us
x3012c0s19b0n0:37024:37024 [2] NCCL INFO AllReduce: opCount 3 sendbuff 0x152d47600200 recvbuff 0x152d47600200 count 1 datatype 1 op 0 root 0 comm 0x55942d4e0a10 [nranks=20] stream 0x559445705fc0
[LYD INFO in ncclLaunchKernel (enqueue.cc)] NCHANNELS is: 4
[LYD INFO in NCCL_KERN_NAME (common.h)] 9 AllReduce TREE LL Sum double Elapsed time: 117634 us
x3012c0s19b0n0:37023:37023 [1] NCCL INFO AllReduce: opCount 3 sendbuff 0x14bb83a00200 recvbuff 0x14bb83a00200 count 1 datatype 1 op 0 root 0 comm 0x557cb55f3d10 [nranks=20] stream 0x557cd0927c30
[LYD INFO in ncclLaunchKernel (enqueue.cc)] NCHANNELS is: 4
[LYD INFO in NCCL_FUNC_NAME (common.h)] 8 AllReduce TREE LL Min double Elapsed time: 42060 us

[LYD INFO in NCCL_KERN_NAME (common.h)] 8 AllReduce TREE LL Sum double Elapsed time: 72581 us
x3012c0s19b0n0:37022:37022 [0] NCCL INFO AllReduce: opCount 3 sendbuff 0x14c29b600200 recvbuff 0x14c29b600200 count 1 datatype 1 op 0 root 0 comm 0x56450e373f30 [nranks=20] stream 0x56452bd145d0
[LYD INFO in ncclLaunchKernel (enqueue.cc)] NCHANNELS is: 4
[LYD INFO in NCCL_KERN_NAME (common.h)] 11 AllReduce TREE LL Sum double Elapsed time: 111040 us
x3012c0s19b0n0:37025:37025 [3] NCCL INFO AllReduce: opCount 3 sendbuff 0x14a90b600200 recvbuff 0x14a90b600200 count 1 datatype 1 op 0 root 0 comm 0x5600575e1e30 [nranks=20] stream 0x560077abfdc0
[LYD INFO in ncclLaunchKernel (enqueue.cc)] NCHANNELS is: 4
[LYD INFO in NCCL_KERN_NAME (common.h)] 8 AllReduce TREE LL Sum uint8_t Elapsed time: 72721 us

[LYD INFO in NCCL_KERN_NAME (common.h)] 9 AllReduce TREE LL Sum uint8_t Elapsed time: 88844 us
 > number of parameters on (tensor, pipeline) model parallel rank (0, 9): 39354880
x3012c0s19b0n0:37023:37023 [1] NCCL INFO AllReduce: opCount 4 sendbuff 0x14bb83a00400 recvbuff 0x14bb83a00400 count 1 datatype 1 op 0 root 0 comm 0x557cb55f3d10 [nranks=20] stream 0x557cd0927c30
[LYD INFO in ncclLaunchKernel (enqueue.cc)] NCHANNELS is: 4
[LYD INFO in NCCL_KERN_NAME (common.h)] 11 AllReduce TREE LL Sum uint8_t Elapsed time: 60497 us

[LYD INFO in NCCL_KERN_NAME (common.h)] 10 AllReduce TREE LL Sum uint8_t Elapsed time: 112075 us
 > number of parameters on (tensor, pipeline) model parallel rank (0, 10): 39354880
 > number of parameters on (tensor, pipeline) model parallel rank (0, 8): 39354880
x3012c0s19b0n0:37022:37022 [0] NCCL INFO AllReduce: opCount 4 sendbuff 0x14c29b600400 recvbuff 0x14c29b600400 count 1 datatype 1 op 0 root 0 comm 0x56450e373f30 [nranks=20] stream 0x56452bd145d0
[LYD INFO in ncclLaunchKernel (enqueue.cc)] NCHANNELS is: 4 > number of parameters on (tensor, pipeline) model parallel rank (0, 11): 39354880
x3012c0s19b0n0:37025:37025 [3] NCCL INFO AllReduce: opCount 4 sendbuff 0x14a90b600400 recvbuff 0x14a90b600400 count 1 datatype 1 op 0 root 0 comm 0x5600575e1e30 [nranks=20] stream 0x560077abfdc0
[LYD INFO in ncclLaunchKernel (enqueue.cc)] NCHANNELS is: 4x3012c0s19b0n0:37024:37024 [2] NCCL INFO AllReduce: opCount 4 sendbuff 0x152d47600400 recvbuff 0x152d47600400 count 1 datatype 1 op 0 root 0 comm 0x55942d4e0a10 [nranks=20] stream 0x559445705fc0
[LYD INFO in ncclLaunchKernel (enqueue.cc)] NCHANNELS is: 4
[LYD INFO in NCCL_KERN_NAME (common.h)] 11 AllReduce TREE LL Sum uint8_t Elapsed time: 1693757 us
x3012c0s19b0n0:37025:37025 [3] NCCL INFO AllReduce: opCount 5 sendbuff 0x14a90b615200 recvbuff 0x14a90b615200 count 1 datatype 1 op 0 root 0 comm 0x5600575e1e30 [nranks=20] stream 0x560077abfdc0
[LYD INFO in ncclLaunchKernel (enqueue.cc)] NCHANNELS is: 4
[LYD INFO in NCCL_KERN_NAME (common.h)] 10 AllReduce TREE LL Sum uint8_t Elapsed time: 1672928 us
x3012c0s19b0n0:37024:37024 [2] NCCL INFO AllReduce: opCount 5 sendbuff 0x152d47615200 recvbuff 0x152d47615200 count 1 datatype 1 op 0 root 0 comm 0x55942d4e0a10 [nranks=20] stream 0x559445705fc0
[LYD INFO in ncclLaunchKernel (enqueue.cc)] NCHANNELS is: 4
[LYD INFO in NCCL_KERN_NAME (common.h)] 9 AllReduce TREE LL Sum uint8_t Elapsed time: 1736105 us
x3012c0s19b0n0:37023:37023 [1] NCCL INFO AllReduce: opCount 5 sendbuff 0x14bb83a15200 recvbuff 0x14bb83a15200 count 1 datatype 1 op 0 root 0 comm 0x557cb55f3d10 [nranks=20] stream 0x557cd0927c30
[LYD INFO in ncclLaunchKernel (enqueue.cc)] NCHANNELS is: 4
[LYD INFO in NCCL_KERN_NAME (common.h)] 8 AllReduce TREE LL Sum uint8_t Elapsed time: 1686078 us
x3012c0s19b0n0:37022:37022 [0] NCCL INFO AllReduce: opCount 5 sendbuff 0x14c29b615200 recvbuff 0x14c29b615200 count 1 datatype 1 op 0 root 0 comm 0x56450e373f30 [nranks=20] stream 0x56452bd145d0
[LYD INFO in ncclLaunchKernel (enqueue.cc)] NCHANNELS is: 4
[LYD INFO in NCCL_KERN_NAME (common.h)] 11 AllReduce TREE LL Sum uint8_t Elapsed time: 71519 us
x3012c0s19b0n0:37025:37025 [3] NCCL INFO AllReduce: opCount 6 sendbuff 0x14a90b600400 recvbuff 0x14a90b600400 count 1 datatype 1 op 0 root 0 comm 0x5600575e1e30 [nranks=20] stream 0x560077abfdc0
[LYD INFO in ncclLaunchKernel (enqueue.cc)] NCHANNELS is: 4
[LYD INFO in NCCL_KERN_NAME (common.h)] 9 AllReduce TREE LL Sum uint8_t Elapsed time: 49654 us

[LYD INFO in NCCL_KERN_NAME (common.h)] 10 AllReduce TREE LL Sum uint8_t Elapsed time: 65831 us
x3012c0s19b0n0:37023:37023 [1] NCCL INFO AllReduce: opCount 6 sendbuff 0x14bb83a00400 recvbuff 0x14bb83a00400 count 1 datatype 1 op 0 root 0 comm 0x557cb55f3d10 [nranks=20] stream 0x557cd0927c30
[LYD INFO in ncclLaunchKernel (enqueue.cc)] NCHANNELS is: 4
[LYD INFO in NCCL_KERN_NAME (common.h)] 8 AllReduce TREE LL Sum uint8_t Elapsed time: 38346 us
x3012c0s19b0n0:37024:37024 [2] NCCL INFO AllReduce: opCount 6 sendbuff 0x152d47600400 recvbuff 0x152d47600400 count 1 datatype 1 op 0 root 0 comm 0x55942d4e0a10 [nranks=20] stream 0x559445705fc0
[LYD INFO in ncclLaunchKernel (enqueue.cc)] NCHANNELS is: 4x3012c0s19b0n0:37022:37022 [0] NCCL INFO AllReduce: opCount 6 sendbuff 0x14c29b600400 recvbuff 0x14c29b600400 count 1 datatype 1 op 0 root 0 comm 0x56450e373f30 [nranks=20] stream 0x56452bd145d0
[LYD INFO in ncclLaunchKernel (enqueue.cc)] NCHANNELS is: 4
[LYD INFO in NCCL_KERN_NAME (common.h)] 8 AllReduce TREE LL Sum uint8_t Elapsed time: 23188 us

[LYD INFO in NCCL_KERN_NAME (common.h)] 10 AllReduce TREE LL Sum uint8_t Elapsed time: 128295 us

[LYD INFO in NCCL_KERN_NAME (common.h)] 9 AllReduce TREE LL Sum uint8_t Elapsed time: 142036 us

[LYD INFO in NCCL_KERN_NAME (common.h)] 11 AllReduce TREE LL Sum uint8_t Elapsed time: 157158 us
NCCL version 2.14.3+cuda11.8
x3012c0s19b0n0:37024:37024 [2] NCCL INFO init.cc:1147 Cuda Host Alloc Size 4 pointer 0x152d06e00400
NCCL version 2.14.3+cuda11.8
x3012c0s19b0n0:37023:37023 [1] NCCL INFO init.cc:1147 Cuda Host Alloc Size 4 pointer 0x14bb87400400
NCCL version 2.14.3+cuda11.8
x3012c0s19b0n0:37025:37025 [3] NCCL INFO init.cc:1147 Cuda Host Alloc Size 4 pointer 0x14a8cae00400
NCCL version 2.14.3+cuda11.8
x3012c0s19b0n0:37022:37022 [0] NCCL INFO init.cc:1147 Cuda Host Alloc Size 4 pointer 0x14c258e00400
x3012c0s19b0n0:37024:41684 [2] NCCL INFO Using network IB
x3012c0s19b0n0:37023:41686 [1] NCCL INFO Using network IB
x3012c0s19b0n0:37025:41688 [3] NCCL INFO Using network IB
x3012c0s19b0n0:37022:41693 [0] NCCL INFO Using network IB
x3012c0s19b0n0:37024:41684 [2] NCCL INFO NET/IB : GPU Direct RDMA Enabled for HCA 0 'mlx5_0'
x3012c0s19b0n0:37024:41684 [2] NCCL INFO NET/IB : GPU Direct RDMA Enabled for HCA 1 'mlx5_1'
x3012c0s19b0n0:37024:41684 [2] NCCL INFO GPU Direct RDMA Disabled for GPU 85000 / HCA 0 (distance 7 > 4)
x3012c0s19b0n0:37024:41684 [2] NCCL INFO GPU Direct RDMA Disabled for GPU 85000 / HCA 1 (distance 7 > 4)
x3012c0s19b0n0:37024:41684 [2] NCCL INFO === System : maxBw 5000.0 totalBw 0.0 ===
x3012c0s19b0n0:37024:41684 [2] NCCL INFO CPU/1 (1/2/-1)
x3012c0s19b0n0:37024:41684 [2] NCCL INFO + SYS[5000.0] - CPU/0
x3012c0s19b0n0:37024:41684 [2] NCCL INFO + SYS[5000.0] - CPU/2
x3012c0s19b0n0:37024:41684 [2] NCCL INFO + PCI[24.0] - PCI/83000 (11f8406811f8beef)
x3012c0s19b0n0:37024:41684 [2] NCCL INFO               + PCI[24.0] - GPU/85000 (0)
x3012c0s19b0n0:37024:41684 [2] NCCL INFO CPU/0 (1/2/-1)
x3012c0s19b0n0:37024:41684 [2] NCCL INFO + SYS[5000.0] - CPU/1
x3012c0s19b0n0:37024:41684 [2] NCCL INFO + SYS[5000.0] - CPU/2
x3012c0s19b0n0:37024:41684 [2] NCCL INFO + PCI[12.0] - NIC/C8000
x3012c0s19b0n0:37024:41684 [2] NCCL INFO CPU/2 (1/2/-1)
x3012c0s19b0n0:37024:41684 [2] NCCL INFO + SYS[5000.0] - CPU/1
x3012c0s19b0n0:37024:41684 [2] NCCL INFO + SYS[5000.0] - CPU/0
x3012c0s19b0n0:37024:41684 [2] NCCL INFO + PCI[12.0] - NIC/43000
x3012c0s19b0n0:37024:41684 [2] NCCL INFO ==========================================
x3012c0s19b0n0:37024:41684 [2] NCCL INFO GPU/85000 :GPU/85000 (0/5000.000000/LOC) CPU/1 (2/24.000000/PHB) CPU/0 (3/24.000000/SYS) CPU/2 (3/24.000000/SYS) 
x3012c0s19b0n0:37024:41684 [2] NCCL INFO Pattern 4, crossNic 0, nChannels 16, bw 44.000000/44.000000, type LOC/PIX, sameChannels 1
x3012c0s19b0n0:37024:41684 [2] NCCL INFO  0 : GPU/0
x3012c0s19b0n0:37024:41684 [2] NCCL INFO  1 : GPU/0
x3012c0s19b0n0:37024:41684 [2] NCCL INFO  2 : GPU/0
x3012c0s19b0n0:37024:41684 [2] NCCL INFO  3 : GPU/0
x3012c0s19b0n0:37024:41684 [2] NCCL INFO  4 : GPU/0
x3012c0s19b0n0:37024:41684 [2] NCCL INFO  5 : GPU/0
x3012c0s19b0n0:37024:41684 [2] NCCL INFO  6 : GPU/0
x3012c0s19b0n0:37024:41684 [2] NCCL INFO  7 : GPU/0
x3012c0s19b0n0:37024:41684 [2] NCCL INFO  8 : GPU/0
x3012c0s19b0n0:37024:41684 [2] NCCL INFO  9 : GPU/0
x3012c0s19b0n0:37024:41684 [2] NCCL INFO 10 : GPU/0
x3012c0s19b0n0:37024:41684 [2] NCCL INFO 11 : GPU/0
