x3002c0s37b0n0:3976:5418 [3] NCCL INFO NET/IB: Dev 0 Port 1 qpn 41469 mtu 5 GID 0 (80FE/F80000FEFF000000)
x3002c0s37b0n0:3976:5418 [3] NCCL INFO transport/net_ib.cc:653 Ib Alloc Size 552 pointer 0x14f97c064000
x3002c0s37b0n0:3976:5418 [3] NCCL INFO transport/net.cc:571 Cuda Host Alloc Size 9641984 pointer 0x14f9c7a00000
x3002c0s37b0n0:3976:5418 [3] NCCL INFO Mem Realloc old size 0, new size 768 pointer 0x14f97c051c50
x3002c0s37b0n0:3974:5410 [1] NCCL INFO transport/net_ib.cc:771 Ib Alloc Size 552 pointer 0x14d1fc04b000
x3002c0s37b0n0:3974:5410 [1] NCCL INFO transport/net.cc:698 Cuda Host Alloc Size 9641984 pointer 0x14d1f6000000
x3002c0s37b0n0:3974:5410 [1] NCCL INFO Mem Realloc old size 0, new size 768 pointer 0x14d1fc0406b0
x3002c0s37b0n0:3973:5218 [0] NCCL INFO Connection to proxy localRank 0 -> connection 0x149460000d80
x3002c0s37b0n0:3973:5415 [0] NCCL INFO transport/p2p.cc:449 Cuda Alloc Size 6291456 pointer 0x14945ec00000
x3002c0s37b0n0:3976:5418 [3] NCCL INFO transport/net_ib.cc:596 Ib Alloc Size 26560 pointer 0x14f97c066000
x3002c0s37b0n0:3975:5416 [2] NCCL INFO transport/p2p.cc:449 Cuda Alloc Size 6291456 pointer 0x152766000000
x3002c0s37b0n0:3976:5418 [3] NCCL INFO NET/IB: Dev 1 Port 1 qpn 39417 mtu 5 GID 0 (80FE/C80000FEFF000000)
x3002c0s37b0n0:3976:5418 [3] NCCL INFO transport/net_ib.cc:653 Ib Alloc Size 552 pointer 0x14f97c07d000
x3002c0s37b0n0:3976:5418 [3] NCCL INFO transport/net.cc:571 Cuda Host Alloc Size 9641984 pointer 0x14f9c8400000
x3002c0s37b0n0:3975:5416 [2] NCCL INFO New proxy recv connection 9 from local rank 2, transport 0
x3002c0s37b0n0:3974:5410 [1] NCCL INFO transport/net_ib.cc:683 Ib Alloc Size 21688 pointer 0x14d1fc04d000
x3002c0s37b0n0:3974:5410 [1] NCCL INFO transport/net_ib.cc:696 Ib Alloc Size 552 pointer 0x14d1fc054000
x3002c0s37b0n0:3973:5415 [0] NCCL INFO New proxy recv connection 5 from local rank 0, transport 0
x3002c0s37b0n0:3976:5418 [3] NCCL INFO transport/net_ib.cc:596 Ib Alloc Size 26560 pointer 0x14f97c07f000
x3002c0s37b0n0:3974:5410 [1] NCCL INFO transport/net_ib.cc:771 Ib Alloc Size 552 pointer 0x14d1fc079000
x3002c0s37b0n0:3974:5410 [1] NCCL INFO transport/net.cc:698 Cuda Host Alloc Size 9641984 pointer 0x14d1f6a00000
x3002c0s37b0n0:3974:5410 [1] NCCL INFO Mem Realloc old size 0, new size 768 pointer 0x14d1fc06e880
x3002c0s37b0n0:3976:5418 [3] NCCL INFO NET/IB: Dev 0 Port 1 qpn 41472 mtu 5 GID 0 (80FE/F80000FEFF000000)
x3002c0s37b0n0:3976:5418 [3] NCCL INFO transport/net_ib.cc:653 Ib Alloc Size 552 pointer 0x14f97c096000
x3002c0s37b0n0:3976:5418 [3] NCCL INFO transport/net.cc:571 Cuda Host Alloc Size 9641984 pointer 0x14f9c8e00000
x3002c0s37b0n0:3973:5218 [0] NCCL INFO Connection to proxy localRank 0 -> connection 0x149460000dc0
x3002c0s37b0n0:3974:5410 [1] NCCL INFO transport/net_ib.cc:683 Ib Alloc Size 21688 pointer 0x14d1fc07b000
x3002c0s37b0n0:3974:5410 [1] NCCL INFO transport/net_ib.cc:696 Ib Alloc Size 552 pointer 0x14d1fc082000
x3002c0s37b0n0:3973:5415 [0] NCCL INFO transport/p2p.cc:449 Cuda Alloc Size 6291456 pointer 0x14945f200000
x3002c0s37b0n0:3975:5220 [2] NCCL INFO Connection to proxy localRank 2 -> connection 0x15276c000ec0
x3002c0s37b0n0:3975:5416 [2] NCCL INFO transport/p2p.cc:449 Cuda Alloc Size 6291456 pointer 0x152766600000
x3002c0s37b0n0:3975:5416 [2] NCCL INFO New proxy recv connection 10 from local rank 2, transport 0
x3002c0s37b0n0:3976:5219 [3] NCCL INFO Connected all rings
x3002c0s37b0n0:3976:5219 [3] NCCL INFO Channel 00/0 : 23[c7000] -> 22[85000] via P2P/IPC/read
x3002c0s37b0n0:3976:5418 [3] NCCL INFO New proxy send connection 8 from local rank 3, transport 0
x3002c0s37b0n0:3974:5410 [1] NCCL INFO transport/net_ib.cc:771 Ib Alloc Size 552 pointer 0x14d1fc09d000
x3002c0s37b0n0:3974:5410 [1] NCCL INFO transport/net.cc:698 Cuda Host Alloc Size 9641984 pointer 0x14d1f7400000
x3002c0s37b0n0:3973:5415 [0] NCCL INFO New proxy recv connection 6 from local rank 0, transport 0
x3002c0s37b0n0:3974:5410 [1] NCCL INFO transport/net_ib.cc:683 Ib Alloc Size 21688 pointer 0x14d1fc09f000
x3002c0s37b0n0:3974:5410 [1] NCCL INFO transport/net_ib.cc:696 Ib Alloc Size 552 pointer 0x14d1fc0a6000
x3002c0s37b0n0:3974:5410 [1] NCCL INFO transport/net_ib.cc:771 Ib Alloc Size 552 pointer 0x14d1fc0c1000
x3002c0s37b0n0:3974:5410 [1] NCCL INFO transport/net.cc:698 Cuda Host Alloc Size 9641984 pointer 0x14d1ee000000
x3002c0s37b0n0:3975:5220 [2] NCCL INFO Connection to proxy localRank 2 -> connection 0x15276c000f00
x3002c0s37b0n0:3975:5416 [2] NCCL INFO transport/p2p.cc:449 Cuda Alloc Size 6291456 pointer 0x152766c00000
x3002c0s37b0n0:3976:5219 [3] NCCL INFO Connection to proxy localRank 3 -> connection 0x14f97c000e80
x3002c0s37b0n0:3976:5418 [3] NCCL INFO transport/p2p.cc:430 Cuda Alloc Size 6291456 pointer 0x14f9c9800000
x3002c0s37b0n0:3974:5221 [1] NCCL INFO Channel 00/0 : 21[46000] -> 20[7000] via P2P/IPC/read
x3002c0s37b0n0:3974:5410 [1] NCCL INFO New proxy send connection 4 from local rank 1, transport 0
x3002c0s37b0n0:3974:5221 [1] NCCL INFO Connection to proxy localRank 1 -> connection 0x14d1fc000d80
x3002c0s37b0n0:3973:5218 [0] NCCL INFO Connection to proxy localRank 0 -> connection 0x149460000e00
x3002c0s37b0n0:3973:5415 [0] NCCL INFO transport/p2p.cc:449 Cuda Alloc Size 6291456 pointer 0x14945f800000
x3002c0s37b0n0:3974:5410 [1] NCCL INFO transport/p2p.cc:430 Cuda Alloc Size 6291456 pointer 0x14d1eea00000
x3002c0s37b0n0:3975:5416 [2] NCCL INFO New proxy recv connection 11 from local rank 2, transport 0
x3002c0s37b0n0:3976:5219 [3] NCCL INFO Channel 01/0 : 23[c7000] -> 22[85000] via P2P/IPC/read
x3002c0s37b0n0:3976:5418 [3] NCCL INFO New proxy send connection 9 from local rank 3, transport 0
x3002c0s37b0n0:3973:5415 [0] NCCL INFO New proxy recv connection 7 from local rank 0, transport 0
x3002c0s37b0n0:3974:5221 [1] NCCL INFO Channel 01/0 : 21[46000] -> 20[7000] via P2P/IPC/read
x3002c0s37b0n0:3974:5410 [1] NCCL INFO New proxy send connection 5 from local rank 1, transport 0
x3002c0s37b0n0:3976:5219 [3] NCCL INFO Connection to proxy localRank 3 -> connection 0x14f97c000ec0
x3002c0s37b0n0:3976:5418 [3] NCCL INFO transport/p2p.cc:430 Cuda Alloc Size 6291456 pointer 0x14f9c9e00000
x3002c0s37b0n0:3975:5220 [2] NCCL INFO Connection to proxy localRank 2 -> connection 0x15276c000f40
x3002c0s37b0n0:3975:5416 [2] NCCL INFO transport/p2p.cc:449 Cuda Alloc Size 6291456 pointer 0x152767200000
x3002c0s37b0n0:3973:5218 [0] NCCL INFO Connection to proxy localRank 0 -> connection 0x149460000e40
x3002c0s37b0n0:3973:5415 [0] NCCL INFO transport/p2p.cc:449 Cuda Alloc Size 6291456 pointer 0x14945c000000
x3002c0s37b0n0:3974:5221 [1] NCCL INFO Connection to proxy localRank 1 -> connection 0x14d1fc000dc0
x3002c0s37b0n0:3974:5410 [1] NCCL INFO transport/p2p.cc:430 Cuda Alloc Size 6291456 pointer 0x14d1ef000000
x3002c0s37b0n0:3976:5219 [3] NCCL INFO Channel 02/0 : 23[c7000] -> 22[85000] via P2P/IPC/read
x3002c0s37b0n0:3976:5418 [3] NCCL INFO New proxy send connection 10 from local rank 3, transport 0
x3002c0s37b0n0:3976:5219 [3] NCCL INFO Connection to proxy localRank 3 -> connection 0x14f97c000f00
x3002c0s37b0n0:3976:5418 [3] NCCL INFO transport/p2p.cc:430 Cuda Alloc Size 6291456 pointer 0x14f9ca400000
x3002c0s37b0n0:3976:5219 [3] NCCL INFO Channel 03/0 : 23[c7000] -> 22[85000] via P2P/IPC/read
x3002c0s37b0n0:3976:5418 [3] NCCL INFO New proxy send connection 11 from local rank 3, transport 0
x3002c0s37b0n0:3974:5221 [1] NCCL INFO Channel 02/0 : 21[46000] -> 20[7000] via P2P/IPC/read
x3002c0s37b0n0:3974:5410 [1] NCCL INFO New proxy send connection 6 from local rank 1, transport 0
x3002c0s37b0n0:3976:5219 [3] NCCL INFO Connection to proxy localRank 3 -> connection 0x14f97c000f40
x3002c0s37b0n0:3976:5418 [3] NCCL INFO transport/p2p.cc:430 Cuda Alloc Size 6291456 pointer 0x14f9caa00000
x3002c0s37b0n0:3974:5221 [1] NCCL INFO Connection to proxy localRank 1 -> connection 0x14d1fc000e00
x3002c0s37b0n0:3974:5410 [1] NCCL INFO transport/p2p.cc:430 Cuda Alloc Size 6291456 pointer 0x14d1ef600000
x3002c0s37b0n0:3974:5221 [1] NCCL INFO Channel 03/0 : 21[46000] -> 20[7000] via P2P/IPC/read
x3002c0s37b0n0:3974:5410 [1] NCCL INFO New proxy send connection 7 from local rank 1, transport 0
x3002c0s37b0n0:3974:5221 [1] NCCL INFO Connection to proxy localRank 1 -> connection 0x14d1fc000e40
x3002c0s37b0n0:3974:5410 [1] NCCL INFO transport/p2p.cc:430 Cuda Alloc Size 6291456 pointer 0x14d201a00000
x3002c0s37b0n0:3974:5221 [1] NCCL INFO Connected all rings
x3002c0s37b0n0:3974:5410 [1] NCCL INFO New proxy recv connection 8 from local rank 1, transport 0
x3002c0s37b0n0:3973:5218 [0] NCCL INFO Connected all rings
x3002c0s37b0n0:3973:5218 [0] NCCL INFO Channel 00/0 : 20[7000] -> 21[46000] via P2P/IPC/read
x3002c0s37b0n0:3973:5415 [0] NCCL INFO New proxy send connection 8 from local rank 0, transport 0
x3002c0s37b0n0:3973:5218 [0] NCCL INFO Connection to proxy localRank 0 -> connection 0x149460000e80
x3002c0s37b0n0:3973:5415 [0] NCCL INFO transport/p2p.cc:430 Cuda Alloc Size 6291456 pointer 0x14945a000000
x3002c0s37b0n0:3974:5221 [1] NCCL INFO Connection to proxy localRank 1 -> connection 0x14d1fc000e80
x3002c0s37b0n0:3974:5410 [1] NCCL INFO transport/p2p.cc:449 Cuda Alloc Size 6291456 pointer 0x14d1ed800000
x3002c0s37b0n0:3974:5410 [1] NCCL INFO New proxy recv connection 9 from local rank 1, transport 0
x3002c0s37b0n0:3973:5218 [0] NCCL INFO Channel 01/0 : 20[7000] -> 21[46000] via P2P/IPC/read
x3002c0s37b0n0:3973:5415 [0] NCCL INFO New proxy send connection 9 from local rank 0, transport 0
x3002c0s37b0n0:3973:5218 [0] NCCL INFO Connection to proxy localRank 0 -> connection 0x149460000ec0
x3002c0s37b0n0:3974:5221 [1] NCCL INFO Connection to proxy localRank 1 -> connection 0x14d1fc000ec0
x3002c0s37b0n0:3974:5410 [1] NCCL INFO transport/p2p.cc:449 Cuda Alloc Size 6291456 pointer 0x14d1ea000000
x3002c0s37b0n0:3973:5415 [0] NCCL INFO transport/p2p.cc:430 Cuda Alloc Size 6291456 pointer 0x14945a600000
x3002c0s37b0n0:3974:5410 [1] NCCL INFO New proxy recv connection 10 from local rank 1, transport 0
x3002c0s37b0n0:3973:5218 [0] NCCL INFO Channel 02/0 : 20[7000] -> 21[46000] via P2P/IPC/read
x3002c0s37b0n0:3973:5415 [0] NCCL INFO New proxy send connection 10 from local rank 0, transport 0
x3002c0s37b0n0:3973:5218 [0] NCCL INFO Connection to proxy localRank 0 -> connection 0x149460000f00
x3002c0s37b0n0:3973:5415 [0] NCCL INFO transport/p2p.cc:430 Cuda Alloc Size 6291456 pointer 0x14945ac00000
x3002c0s37b0n0:3974:5221 [1] NCCL INFO Connection to proxy localRank 1 -> connection 0x14d1fc000f00
x3002c0s37b0n0:3974:5410 [1] NCCL INFO transport/p2p.cc:449 Cuda Alloc Size 6291456 pointer 0x14d1ea600000
x3002c0s37b0n0:3973:5218 [0] NCCL INFO Channel 03/0 : 20[7000] -> 21[46000] via P2P/IPC/read
x3002c0s37b0n0:3973:5415 [0] NCCL INFO New proxy send connection 11 from local rank 0, transport 0
x3002c0s37b0n0:3974:5410 [1] NCCL INFO New proxy recv connection 11 from local rank 1, transport 0
x3002c0s37b0n0:3973:5218 [0] NCCL INFO Connection to proxy localRank 0 -> connection 0x149460000f40
x3002c0s37b0n0:3973:5415 [0] NCCL INFO transport/p2p.cc:430 Cuda Alloc Size 6291456 pointer 0x14945b200000
x3002c0s37b0n0:3974:5221 [1] NCCL INFO Connection to proxy localRank 1 -> connection 0x14d1fc000f40
x3002c0s37b0n0:3974:5410 [1] NCCL INFO transport/p2p.cc:449 Cuda Alloc Size 6291456 pointer 0x14d1eac00000
x3002c0s37b0n0:3974:5221 [1] NCCL INFO Channel 00/0 : 21[46000] -> 22[85000] via P2P/IPC/read
x3002c0s37b0n0:3974:5410 [1] NCCL INFO New proxy send connection 12 from local rank 1, transport 0
x3002c0s37b0n0:3974:5221 [1] NCCL INFO Connection to proxy localRank 1 -> connection 0x14d1fc000f80
x3002c0s37b0n0:3974:5410 [1] NCCL INFO transport/p2p.cc:430 Cuda Alloc Size 6291456 pointer 0x14d1eb200000
x3002c0s37b0n0:3974:5221 [1] NCCL INFO Channel 01/0 : 21[46000] -> 22[85000] via P2P/IPC/read
x3002c0s37b0n0:3974:5410 [1] NCCL INFO New proxy send connection 13 from local rank 1, transport 0
x3002c0s37b0n0:3974:5221 [1] NCCL INFO Connection to proxy localRank 1 -> connection 0x14d1fc000fc0
x3002c0s37b0n0:3974:5410 [1] NCCL INFO transport/p2p.cc:430 Cuda Alloc Size 6291456 pointer 0x14d1eb800000
x3002c0s37b0n0:3974:5221 [1] NCCL INFO Channel 02/0 : 21[46000] -> 22[85000] via P2P/IPC/read
x3002c0s37b0n0:3974:5410 [1] NCCL INFO New proxy send connection 14 from local rank 1, transport 0
x3002c0s37b0n0:3974:5221 [1] NCCL INFO Connection to proxy localRank 1 -> connection 0x14d1fc001000
x3002c0s37b0n0:3974:5410 [1] NCCL INFO transport/p2p.cc:430 Cuda Alloc Size 6291456 pointer 0x14d1e8000000
x3002c0s37b0n0:3974:5221 [1] NCCL INFO Channel 03/0 : 21[46000] -> 22[85000] via P2P/IPC/read
x3002c0s37b0n0:3974:5410 [1] NCCL INFO New proxy send connection 15 from local rank 1, transport 0
x3002c0s37b0n0:3974:5221 [1] NCCL INFO Connection to proxy localRank 1 -> connection 0x14d1fc001040
x3002c0s37b0n0:3974:5410 [1] NCCL INFO transport/p2p.cc:430 Cuda Alloc Size 6291456 pointer 0x14d1e8600000
x3002c0s37b0n0:3973:5218 [0] NCCL INFO GPU Direct RDMA Disabled for GPU 7000 / HCA 1 (distance 7 > 4)
x3002c0s37b0n0:3973:5415 [0] NCCL INFO Allocated 4194656 bytes of shared memory in /dev/shm/nccl-dsqxeE

x3002c0s37b0n0:3973:5415 [0] NCCL INFO New proxy recv connection 12 from local rank 0, transport 2
x3002c0s37b0n0:3973:5218 [0] NCCL INFO Connection to proxy localRank 0 -> connection 0x149460000f80
x3002c0s37b0n0:3975:5416 [2] NCCL INFO New proxy recv connection 12 from local rank 2, transport 0
x3002c0s37b0n0:3974:5410 [1] NCCL INFO New proxy recv connection 16 from local rank 1, transport 0
x3002c0s37b0n0:3973:5218 [0] NCCL INFO Channel 00/0 : 16[7000] -> 20[7000] [receive] via NET/IB/1
x3002c0s37b0n0:3973:5218 [0] NCCL INFO GPU Direct RDMA Disabled for GPU 7000 / HCA 0 (distance 7 > 4)
x3002c0s37b0n0:3973:5415 [0] NCCL INFO New proxy recv connection 13 from local rank 0, transport 2
x3002c0s37b0n0:3975:5220 [2] NCCL INFO Connection to proxy localRank 2 -> connection 0x15276c000f80
x3002c0s37b0n0:3975:5416 [2] NCCL INFO transport/p2p.cc:449 Cuda Alloc Size 6291456 pointer 0x152765200000
x3002c0s37b0n0:3973:5218 [0] NCCL INFO Connection to proxy localRank 0 -> connection 0x149460000fc0
x3002c0s37b0n0:3975:5416 [2] NCCL INFO New proxy recv connection 13 from local rank 2, transport 0
x3002c0s37b0n0:3974:5221 [1] NCCL INFO Connection to proxy localRank 1 -> connection 0x14d1fc001080
x3002c0s37b0n0:3974:5410 [1] NCCL INFO transport/p2p.cc:449 Cuda Alloc Size 6291456 pointer 0x14d1e4000000
x3002c0s37b0n0:3973:5218 [0] NCCL INFO Channel 01/0 : 16[7000] -> 20[7000] [receive] via NET/IB/0
x3002c0s37b0n0:3975:5220 [2] NCCL INFO Connection to proxy localRank 2 -> connection 0x15276c000fc0
x3002c0s37b0n0:3975:5416 [2] NCCL INFO transport/p2p.cc:449 Cuda Alloc Size 6291456 pointer 0x152765800000
x3002c0s37b0n0:3974:5410 [1] NCCL INFO New proxy recv connection 17 from local rank 1, transport 0
x3002c0s37b0n0:3975:5416 [2] NCCL INFO New proxy recv connection 14 from local rank 2, transport 0
x3002c0s37b0n0:3975:5220 [2] NCCL INFO Connection to proxy localRank 2 -> connection 0x15276c001000
x3002c0s37b0n0:3975:5416 [2] NCCL INFO transport/p2p.cc:449 Cuda Alloc Size 6291456 pointer 0x152762000000
x3002c0s37b0n0:3975:5416 [2] NCCL INFO New proxy recv connection 15 from local rank 2, transport 0
x3002c0s37b0n0:3974:5221 [1] NCCL INFO Connection to proxy localRank 1 -> connection 0x14d1fc0010c0
x3002c0s37b0n0:3974:5410 [1] NCCL INFO transport/p2p.cc:449 Cuda Alloc Size 6291456 pointer 0x14d1e4600000
x3002c0s37b0n0:3975:5220 [2] NCCL INFO Connection to proxy localRank 2 -> connection 0x15276c001040
x3002c0s37b0n0:3975:5416 [2] NCCL INFO transport/p2p.cc:449 Cuda Alloc Size 6291456 pointer 0x152762600000
x3002c0s37b0n0:3974:5410 [1] NCCL INFO New proxy recv connection 18 from local rank 1, transport 0
x3002c0s37b0n0:3975:5220 [2] NCCL INFO Channel 00/0 : 22[85000] -> 21[46000] via P2P/IPC/read
x3002c0s37b0n0:3975:5416 [2] NCCL INFO New proxy send connection 16 from local rank 2, transport 0
x3002c0s37b0n0:3974:5221 [1] NCCL INFO Connection to proxy localRank 1 -> connection 0x14d1fc001100
x3002c0s37b0n0:3974:5410 [1] NCCL INFO transport/p2p.cc:449 Cuda Alloc Size 6291456 pointer 0x14d1e4c00000
x3002c0s37b0n0:3975:5220 [2] NCCL INFO Connection to proxy localRank 2 -> connection 0x15276c001080
x3002c0s37b0n0:3975:5416 [2] NCCL INFO transport/p2p.cc:430 Cuda Alloc Size 6291456 pointer 0x152762c00000
x3002c0s37b0n0:3974:5410 [1] NCCL INFO New proxy recv connection 19 from local rank 1, transport 0
x3002c0s37b0n0:3975:5220 [2] NCCL INFO Channel 01/0 : 22[85000] -> 21[46000] via P2P/IPC/read
x3002c0s37b0n0:3975:5416 [2] NCCL INFO New proxy send connection 17 from local rank 2, transport 0
x3002c0s37b0n0:3974:5221 [1] NCCL INFO Connection to proxy localRank 1 -> connection 0x14d1fc001140
x3002c0s37b0n0:3974:5410 [1] NCCL INFO transport/p2p.cc:449 Cuda Alloc Size 6291456 pointer 0x14d1e5200000
x3002c0s37b0n0:3975:5220 [2] NCCL INFO Connection to proxy localRank 2 -> connection 0x15276c0010c0
x3002c0s37b0n0:3975:5416 [2] NCCL INFO transport/p2p.cc:430 Cuda Alloc Size 6291456 pointer 0x152763200000
x3002c0s37b0n0:3975:5220 [2] NCCL INFO Channel 02/0 : 22[85000] -> 21[46000] via P2P/IPC/read
x3002c0s37b0n0:3975:5416 [2] NCCL INFO New proxy send connection 18 from local rank 2, transport 0
x3002c0s37b0n0:3975:5220 [2] NCCL INFO Connection to proxy localRank 2 -> connection 0x15276c001100
x3002c0s37b0n0:3975:5416 [2] NCCL INFO transport/p2p.cc:430 Cuda Alloc Size 6291456 pointer 0x152763800000
x3002c0s37b0n0:3975:5220 [2] NCCL INFO Channel 03/0 : 22[85000] -> 21[46000] via P2P/IPC/read
x3002c0s37b0n0:3975:5416 [2] NCCL INFO New proxy send connection 19 from local rank 2, transport 0
x3002c0s37b0n0:3975:5220 [2] NCCL INFO Connection to proxy localRank 2 -> connection 0x15276c001140
x3002c0s37b0n0:3975:5416 [2] NCCL INFO transport/p2p.cc:430 Cuda Alloc Size 6291456 pointer 0x152760000000
x3002c0s37b0n0:3973:5415 [0] NCCL INFO transport/net_ib.cc:683 Ib Alloc Size 21688 pointer 0x14946001c000
x3002c0s37b0n0:3975:5220 [2] NCCL INFO Connected all trees by HAO
x3002c0s37b0n0:3975:5220 [2] NCCL INFO threadThresholds 8/8/64 | 192/8/64 | 512 | 512
x3002c0s37b0n0:3975:5220 [2] NCCL INFO 4 coll channels, 4 p2p channels, 2 p2p channels per peer
x3002c0s37b0n0:3975:5416 [2] NCCL INFO Allocated 4194656 bytes of shared memory in /dev/shm/nccl-71kFGK

x3002c0s37b0n0:3975:5416 [2] NCCL INFO New proxy send connection 20 from local rank 2, transport 2
x3002c0s37b0n0:3976:5219 [3] NCCL INFO Connected all trees by HAO
x3002c0s37b0n0:3976:5219 [3] NCCL INFO threadThresholds 8/8/64 | 192/8/64 | 512 | 512
x3002c0s37b0n0:3976:5219 [3] NCCL INFO 4 coll channels, 4 p2p channels, 2 p2p channels per peer
x3002c0s37b0n0:3976:5418 [3] NCCL INFO New proxy send connection 12 from local rank 3, transport 2
x3002c0s37b0n0:3974:5221 [1] NCCL INFO Connected all trees by HAO
x3002c0s37b0n0:3974:5221 [1] NCCL INFO threadThresholds 8/8/64 | 192/8/64 | 512 | 512
x3002c0s37b0n0:3974:5221 [1] NCCL INFO 4 coll channels, 4 p2p channels, 2 p2p channels per peer
x3002c0s37b0n0:3974:5410 [1] NCCL INFO New proxy send connection 20 from local rank 1, transport 2
x3002c0s37b0n0:3976:5219 [3] NCCL INFO Connection to proxy localRank 3 -> connection 0x14f97c000f80
x3002c0s37b0n0:3976:5418 [3] NCCL INFO transport/net.cc:376 Cuda Alloc Size 8388608 pointer 0x14f9cc800000
x3002c0s37b0n0:3974:5221 [1] NCCL INFO Connection to proxy localRank 1 -> connection 0x14d1fc001180
x3002c0s37b0n0:3975:5220 [2] NCCL INFO Connection to proxy localRank 2 -> connection 0x15276c001180
x3002c0s37b0n0:3974:5410 [1] NCCL INFO transport/net.cc:376 Cuda Alloc Size 8388608 pointer 0x14d1e3200000
x3002c0s37b0n0:3975:5416 [2] NCCL INFO transport/net.cc:376 Cuda Alloc Size 8388608 pointer 0x15275f800000
x3002c0s37b0n0:3973:5415 [0] NCCL INFO transport/net_ib.cc:696 Ib Alloc Size 552 pointer 0x149460023000
x3002c0s37b0n0:3973:5415 [0] NCCL INFO transport/net_ib.cc:771 Ib Alloc Size 552 pointer 0x14946004a000
x3002c0s37b0n0:3973:5415 [0] NCCL INFO transport/net.cc:698 Cuda Host Alloc Size 9641984 pointer 0x149459200000
x3002c0s37b0n0:3973:5415 [0] NCCL INFO Mem Realloc old size 0, new size 768 pointer 0x14946003f4d0
x3002c0s37b0n0:3973:5415 [0] NCCL INFO transport/net_ib.cc:683 Ib Alloc Size 21688 pointer 0x14946004c000
x3002c0s37b0n0:3973:5415 [0] NCCL INFO transport/net_ib.cc:696 Ib Alloc Size 552 pointer 0x149460053000
x3002c0s37b0n0:3973:5415 [0] NCCL INFO transport/net_ib.cc:771 Ib Alloc Size 552 pointer 0x149460078000
x3002c0s37b0n0:3973:5415 [0] NCCL INFO transport/net.cc:698 Cuda Host Alloc Size 9641984 pointer 0x149452000000
x3002c0s37b0n0:3973:5415 [0] NCCL INFO Mem Realloc old size 0, new size 768 pointer 0x14946004b210
x3002c0s37b0n0:3973:5218 [0] NCCL INFO GPU Direct RDMA Disabled for GPU 7000 / HCA 1 (distance 7 > 4)
x3002c0s37b0n0:3973:5415 [0] NCCL INFO New proxy send connection 14 from local rank 0, transport 2
x3002c0s37b0n0:3973:5218 [0] NCCL INFO Connection to proxy localRank 0 -> connection 0x149460001000
x3002c0s37b0n0:3973:5218 [0] NCCL INFO Channel 02/0 : 20[7000] -> 4[7000] [send] via NET/IB/1
x3002c0s37b0n0:3973:5218 [0] NCCL INFO GPU Direct RDMA Disabled for GPU 7000 / HCA 0 (distance 7 > 4)
x3002c0s37b0n0:3973:5415 [0] NCCL INFO New proxy send connection 15 from local rank 0, transport 2
x3002c0s37b0n0:3973:5218 [0] NCCL INFO Connection to proxy localRank 0 -> connection 0x149460001040
x3002c0s37b0n0:3973:5218 [0] NCCL INFO Channel 03/0 : 20[7000] -> 4[7000] [send] via NET/IB/0
x3002c0s37b0n0:3973:5415 [0] NCCL INFO transport/net_ib.cc:596 Ib Alloc Size 26560 pointer 0x149460084000
x3002c0s37b0n0:3973:5415 [0] NCCL INFO NET/IB: Dev 1 Port 1 qpn 39422 mtu 5 GID 0 (80FE/C80000FEFF000000)
x3002c0s37b0n0:3973:5415 [0] NCCL INFO transport/net_ib.cc:653 Ib Alloc Size 552 pointer 0x14946009b000
x3002c0s37b0n0:3973:5415 [0] NCCL INFO transport/net.cc:571 Cuda Host Alloc Size 9641984 pointer 0x149452a00000
x3002c0s37b0n0:3973:5415 [0] NCCL INFO transport/net_ib.cc:596 Ib Alloc Size 26560 pointer 0x14946009d000
x3002c0s37b0n0:3973:5415 [0] NCCL INFO NET/IB: Dev 0 Port 1 qpn 41477 mtu 5 GID 0 (80FE/F80000FEFF000000)
x3002c0s37b0n0:3973:5415 [0] NCCL INFO transport/net_ib.cc:653 Ib Alloc Size 552 pointer 0x1494600b4000
x3002c0s37b0n0:3973:5415 [0] NCCL INFO transport/net.cc:571 Cuda Host Alloc Size 9641984 pointer 0x149453400000
x3002c0s37b0n0:3973:5218 [0] NCCL INFO GPU Direct RDMA Disabled for GPU 7000 / HCA 1 (distance 7 > 4)
x3002c0s37b0n0:3973:5415 [0] NCCL INFO New proxy recv connection 16 from local rank 0, transport 2
x3002c0s37b0n0:3973:5218 [0] NCCL INFO Connection to proxy localRank 0 -> connection 0x149460001080
x3002c0s37b0n0:3973:5218 [0] NCCL INFO Channel 02/0 : 4[7000] -> 20[7000] [receive] via NET/IB/1
x3002c0s37b0n0:3973:5218 [0] NCCL INFO GPU Direct RDMA Disabled for GPU 7000 / HCA 0 (distance 7 > 4)
x3002c0s37b0n0:3973:5415 [0] NCCL INFO New proxy recv connection 17 from local rank 0, transport 2
x3002c0s37b0n0:3973:5218 [0] NCCL INFO Connection to proxy localRank 0 -> connection 0x1494600010c0
x3002c0s37b0n0:3973:5218 [0] NCCL INFO Channel 03/0 : 4[7000] -> 20[7000] [receive] via NET/IB/0
x3002c0s37b0n0:3973:5415 [0] NCCL INFO transport/net_ib.cc:683 Ib Alloc Size 21688 pointer 0x1494600c0000
x3002c0s37b0n0:3973:5415 [0] NCCL INFO transport/net_ib.cc:696 Ib Alloc Size 552 pointer 0x1494600c7000
x3002c0s37b0n0:3973:5415 [0] NCCL INFO transport/net_ib.cc:771 Ib Alloc Size 552 pointer 0x1494600e2000
x3002c0s37b0n0:3973:5415 [0] NCCL INFO transport/net.cc:698 Cuda Host Alloc Size 9641984 pointer 0x149450000000
x3002c0s37b0n0:3973:5415 [0] NCCL INFO transport/net_ib.cc:683 Ib Alloc Size 21688 pointer 0x1494600e4000
x3002c0s37b0n0:3973:5415 [0] NCCL INFO transport/net_ib.cc:696 Ib Alloc Size 552 pointer 0x1494600eb000
x3002c0s37b0n0:3973:5415 [0] NCCL INFO transport/net_ib.cc:771 Ib Alloc Size 552 pointer 0x149460106000
x3002c0s37b0n0:3973:5415 [0] NCCL INFO transport/net.cc:698 Cuda Host Alloc Size 9641984 pointer 0x149450a00000
x3002c0s37b0n0:3973:5218 [0] NCCL INFO GPU Direct RDMA Disabled for GPU 7000 / HCA 1 (distance 7 > 4)
x3002c0s37b0n0:3973:5415 [0] NCCL INFO New proxy send connection 18 from local rank 0, transport 2
x3002c0s37b0n0:3973:5218 [0] NCCL INFO Connection to proxy localRank 0 -> connection 0x149460001100
x3002c0s37b0n0:3973:5218 [0] NCCL INFO Channel 00/0 : 20[7000] -> 16[7000] [send] via NET/IB/1
x3002c0s37b0n0:3973:5218 [0] NCCL INFO GPU Direct RDMA Disabled for GPU 7000 / HCA 0 (distance 7 > 4)
x3002c0s37b0n0:3973:5415 [0] NCCL INFO New proxy send connection 19 from local rank 0, transport 2
x3002c0s37b0n0:3973:5218 [0] NCCL INFO Connection to proxy localRank 0 -> connection 0x149460001140
x3002c0s37b0n0:3973:5218 [0] NCCL INFO Channel 01/0 : 20[7000] -> 16[7000] [send] via NET/IB/0
x3002c0s37b0n0:3973:5415 [0] NCCL INFO transport/net_ib.cc:596 Ib Alloc Size 26560 pointer 0x149460112000
x3002c0s37b0n0:3973:5415 [0] NCCL INFO NET/IB: Dev 1 Port 1 qpn 39425 mtu 5 GID 0 (80FE/C80000FEFF000000)
x3002c0s37b0n0:3973:5415 [0] NCCL INFO transport/net_ib.cc:653 Ib Alloc Size 552 pointer 0x149460129000
x3002c0s37b0n0:3973:5415 [0] NCCL INFO transport/net.cc:571 Cuda Host Alloc Size 9641984 pointer 0x149451400000
x3002c0s37b0n0:3973:5415 [0] NCCL INFO transport/net_ib.cc:596 Ib Alloc Size 26560 pointer 0x14946012b000
x3002c0s37b0n0:3973:5415 [0] NCCL INFO NET/IB: Dev 0 Port 1 qpn 41480 mtu 5 GID 0 (80FE/F80000FEFF000000)
x3002c0s37b0n0:3973:5415 [0] NCCL INFO transport/net_ib.cc:653 Ib Alloc Size 552 pointer 0x149460142000
x3002c0s37b0n0:3973:5415 [0] NCCL INFO transport/net.cc:571 Cuda Host Alloc Size 9641984 pointer 0x14944e000000
x3002c0s37b0n0:3973:5218 [0] NCCL INFO Connected all trees by HAO
x3002c0s37b0n0:3973:5218 [0] NCCL INFO threadThresholds 8/8/64 | 192/8/64 | 512 | 512
x3002c0s37b0n0:3973:5218 [0] NCCL INFO 4 coll channels, 4 p2p channels, 2 p2p channels per peer
x3002c0s37b0n0:3973:5415 [0] NCCL INFO New proxy send connection 20 from local rank 0, transport 2
x3002c0s37b0n0:3973:5218 [0] NCCL INFO Connection to proxy localRank 0 -> connection 0x149460001180
x3002c0s37b0n0:3973:5218 [0] NCCL INFO init.cc:367 Cuda Alloc Size 5168 pointer 0x14946f80a000
x3002c0s37b0n0:3975:5220 [2] NCCL INFO init.cc:367 Cuda Alloc Size 5168 pointer 0x15277980a000
x3002c0s37b0n0:3974:5221 [1] NCCL INFO init.cc:367 Cuda Alloc Size 5168 pointer 0x14d20180a000
x3002c0s37b0n0:3976:5219 [3] NCCL INFO init.cc:367 Cuda Alloc Size 5168 pointer 0x14f9c3e0a000
x3002c0s37b0n0:3976:5219 [3] NCCL INFO init.cc:392 Cuda Host Alloc Size 33554432 pointer 0x14f9cd000000
x3002c0s37b0n0:3976:5219 [3] NCCL INFO init.cc:398 Cuda Host Alloc Size 128 pointer 0x14f9c3400200
x3002c0s37b0n0:3976:5219 [3] NCCL INFO comm 0x55ba141637d0 rank 23 nranks 24 cudaDev 3 busId c7000 - Init COMPLETE
x3002c0s37b0n0:3975:5220 [2] NCCL INFO init.cc:392 Cuda Host Alloc Size 33554432 pointer 0x152756000000
x3002c0s37b0n0:3975:5220 [2] NCCL INFO init.cc:398 Cuda Host Alloc Size 128 pointer 0x152778e00200
x3002c0s37b0n0:3975:5220 [2] NCCL INFO comm 0x55d7012b5350 rank 22 nranks 24 cudaDev 2 busId 85000 - Init COMPLETE
x3002c0s37b0n0:3974:5221 [1] NCCL INFO init.cc:392 Cuda Host Alloc Size 33554432 pointer 0x14d1e0000000
x3002c0s37b0n0:3974:5221 [1] NCCL INFO init.cc:398 Cuda Host Alloc Size 128 pointer 0x14d200e00200
x3002c0s37b0n0:3974:5221 [1] NCCL INFO comm 0x56515e603cc0 rank 21 nranks 24 cudaDev 1 busId 46000 - Init COMPLETE
x3002c0s37b0n0:3973:5218 [0] NCCL INFO init.cc:392 Cuda Host Alloc Size 33554432 pointer 0x14944c000000
x3002c0s37b0n0:3973:5218 [0] NCCL INFO init.cc:398 Cuda Host Alloc Size 128 pointer 0x14946ee00200
x3002c0s37b0n0:3973:5218 [0] NCCL INFO comm 0x55a4747606e0 rank 20 nranks 24 cudaDev 0 busId 7000 - Init COMPLETE
x3002c0s37b0n0:3973:5415 [0] NCCL INFO transport/net.cc:376 Cuda Alloc Size 8388608 pointer 0x14944ea00000
x3002c0s37b0n0:3976:3976 [3] NCCL INFO AllReduce: opCount 0 sendbuff 0x14f9bf000200 recvbuff 0x14f9bf000200 count 1 datatype 1 op 0 root 0 comm 0x55ba141637d0 [nranks=24] stream 0x55ba30214480
x3002c0s37b0n0:3976:3976 [3] NCCL INFO misc/utils.cc:235 memory stack hunk malloc(65536)
[LYD INFO in ncclLaunchKernel (enqueue.cc)] NCHANNELS is: 4x3002c0s37b0n0:3975:3975 [2] NCCL INFO AllReduce: opCount 0 sendbuff 0x1527b7600200 recvbuff 0x1527b7600200 count 1 datatype 1 op 0 root 0 comm 0x55d7012b5350 [nranks=24] stream 0x55d71b5d65a0
x3002c0s37b0n0:3975:3975 [2] NCCL INFO misc/utils.cc:235 memory stack hunk malloc(65536)
[LYD INFO in ncclLaunchKernel (enqueue.cc)] NCHANNELS is: 4x3002c0s37b0n0:3973:3973 [0] NCCL INFO AllReduce: opCount 0 sendbuff 0x1494ab000200 recvbuff 0x1494ab000200 count 1 datatype 1 op 0 root 0 comm 0x55a4747606e0 [nranks=24] stream 0x55a48d0619f0
x3002c0s37b0n0:3973:3973 [0] NCCL INFO misc/utils.cc:235 memory stack hunk malloc(65536)
[LYD INFO in ncclLaunchKernel (enqueue.cc)] NCHANNELS is: 4x3002c0s37b0n0:3974:3974 [1] NCCL INFO AllReduce: opCount 0 sendbuff 0x14d243600200 recvbuff 0x14d243600200 count 1 datatype 1 op 0 root 0 comm 0x56515e603cc0 [nranks=24] stream 0x565161a854a0
x3002c0s37b0n0:3974:3974 [1] NCCL INFO misc/utils.cc:235 memory stack hunk malloc(65536)
[LYD INFO in ncclLaunchKernel (enqueue.cc)] NCHANNELS is: 4
[LYD INFO in NCCL_KERN_NAME (common.h)] 23 AllReduce TREE LL Sum uint8_t Elapsed time: 1016179 us

[LYD INFO in NCCL_KERN_NAME (common.h)] 20 AllReduce TREE LL Sum uint8_t Elapsed time: 964242 us

[LYD INFO in NCCL_KERN_NAME (common.h)] 21 AllReduce TREE LL Sum uint8_t Elapsed time: 960458 us

[LYD INFO in NCCL_KERN_NAME (common.h)] 22 AllReduce TREE LL Sum uint8_t Elapsed time: 1007501 us
x3002c0s37b0n0:3976:3976 [3] NCCL INFO AllReduce: opCount 1 sendbuff 0x14f9bf000000 recvbuff 0x14f9bf000000 count 1 datatype 1 op 0 root 0 comm 0x55ba141637d0 [nranks=24] stream 0x55ba30214480
[LYD INFO in ncclLaunchKernel (enqueue.cc)] NCHANNELS is: 4x3002c0s37b0n0:3974:3974 [1] NCCL INFO AllReduce: opCount 1 sendbuff 0x14d243600000 recvbuff 0x14d243600000 count 1 datatype 1 op 0 root 0 comm 0x56515e603cc0 [nranks=24] stream 0x565161a854a0
[LYD INFO in ncclLaunchKernel (enqueue.cc)] NCHANNELS is: 4x3002c0s37b0n0:3975:3975 [2] NCCL INFO AllReduce: opCount 1 sendbuff 0x1527b7600000 recvbuff 0x1527b7600000 count 1 datatype 1 op 0 root 0 comm 0x55d7012b5350 [nranks=24] stream 0x55d71b5d65a0
[LYD INFO in ncclLaunchKernel (enqueue.cc)] NCHANNELS is: 4x3002c0s37b0n0:3973:3973 [0] NCCL INFO AllReduce: opCount 1 sendbuff 0x1494ab000000 recvbuff 0x1494ab000000 count 1 datatype 1 op 0 root 0 comm 0x55a4747606e0 [nranks=24] stream 0x55a48d0619f0
[LYD INFO in ncclLaunchKernel (enqueue.cc)] NCHANNELS is: 4
[LYD INFO in NCCL_KERN_NAME (common.h)] 20 AllReduce TREE LL Sum uint8_t Elapsed time: 8945 us

[LYD INFO in NCCL_KERN_NAME (common.h)] 22 AllReduce TREE LL Sum uint8_t Elapsed time: 17319 us

[LYD INFO in NCCL_KERN_NAME (common.h)] 21 AllReduce TREE LL Sum uint8_t Elapsed time: 487765 us

[LYD INFO in NCCL_KERN_NAME (common.h)] 23 AllReduce TREE LL Sum uint8_t Elapsed time: 2237998 us
x3002c0s37b0n0:3973:3973 [0] NCCL INFO AllReduce: opCount 2 sendbuff 0x1494ab000000 recvbuff 0x1494ab000000 count 1 datatype 8 op 3 root 0 comm 0x55a4747606e0 [nranks=24] stream 0x55a48d0619f0
[LYD INFO in ncclLaunchKernel (enqueue.cc)] NCHANNELS is: 4x3002c0s37b0n0:3975:3975 [2] NCCL INFO AllReduce: opCount 2 sendbuff 0x1527b7600000 recvbuff 0x1527b7600000 count 1 datatype 8 op 3 root 0 comm 0x55d7012b5350 [nranks=24] stream 0x55d71b5d65a0
[LYD INFO in ncclLaunchKernel (enqueue.cc)] NCHANNELS is: 4x3002c0s37b0n0:3974:3974 [1] NCCL INFO AllReduce: opCount 2 sendbuff 0x14d243600000 recvbuff 0x14d243600000 count 1 datatype 8 op 3 root 0 comm 0x56515e603cc0 [nranks=24] stream 0x565161a854a0
[LYD INFO in ncclLaunchKernel (enqueue.cc)] NCHANNELS is: 4x3002c0s37b0n0:3976:3976 [3] NCCL INFO AllReduce: opCount 2 sendbuff 0x14f9bf000000 recvbuff 0x14f9bf000000 count 1 datatype 8 op 3 root 0 comm 0x55ba141637d0 [nranks=24] stream 0x55ba30214480
[LYD INFO in ncclLaunchKernel (enqueue.cc)] NCHANNELS is: 4
[LYD INFO in NCCL_FUNC_NAME (common.h)] 21 AllReduce TREE LL Min double Elapsed time: 10760 us

[LYD INFO in NCCL_FUNC_NAME (common.h)] 23 AllReduce TREE LL Min double Elapsed time: 4 us

[LYD INFO in NCCL_FUNC_NAME (common.h)] 20 AllReduce TREE LL Min double Elapsed time: 36375 us

[LYD INFO in NCCL_FUNC_NAME (common.h)] 22 AllReduce TREE LL Min double Elapsed time: 31365 us

[LYD INFO in NCCL_KERN_NAME (common.h)] 22 AllReduce TREE LL Sum double Elapsed time: 80857 us
x3002c0s37b0n0:3975:3975 [2] NCCL INFO AllReduce: opCount 3 sendbuff 0x1527b7600200 recvbuff 0x1527b7600200 count 1 datatype 1 op 0 root 0 comm 0x55d7012b5350 [nranks=24] stream 0x55d71b5d65a0
[LYD INFO in ncclLaunchKernel (enqueue.cc)] NCHANNELS is: 4
[LYD INFO in NCCL_KERN_NAME (common.h)] 23 AllReduce TREE LL Sum double Elapsed time: 45669 us
x3002c0s37b0n0:3976:3976 [3] NCCL INFO AllReduce: opCount 3 sendbuff 0x14f9bf000200 recvbuff 0x14f9bf000200 count 1 datatype 1 op 0 root 0 comm 0x55ba141637d0 [nranks=24] stream 0x55ba30214480
[LYD INFO in ncclLaunchKernel (enqueue.cc)] NCHANNELS is: 4
[LYD INFO in NCCL_KERN_NAME (common.h)] 20 AllReduce TREE LL Sum double Elapsed time: 82032 us
x3002c0s37b0n0:3973:3973 [0] NCCL INFO AllReduce: opCount 3 sendbuff 0x1494ab000200 recvbuff 0x1494ab000200 count 1 datatype 1 op 0 root 0 comm 0x55a4747606e0 [nranks=24] stream 0x55a48d0619f0
[LYD INFO in ncclLaunchKernel (enqueue.cc)] NCHANNELS is: 4
[LYD INFO in NCCL_KERN_NAME (common.h)] 21 AllReduce TREE LL Sum double Elapsed time: 56420 us
x3002c0s37b0n0:3974:3974 [1] NCCL INFO AllReduce: opCount 3 sendbuff 0x14d243600200 recvbuff 0x14d243600200 count 1 datatype 1 op 0 root 0 comm 0x56515e603cc0 [nranks=24] stream 0x565161a854a0
[LYD INFO in ncclLaunchKernel (enqueue.cc)] NCHANNELS is: 4
[LYD INFO in NCCL_KERN_NAME (common.h)] 21 AllReduce TREE LL Sum uint8_t Elapsed time: 80428 us

[LYD INFO in NCCL_KERN_NAME (common.h)] 23 AllReduce TREE LL Sum uint8_t Elapsed time: 92191 us

[LYD INFO in NCCL_KERN_NAME (common.h)] 22 AllReduce TREE LL Sum uint8_t Elapsed time: 125368 us

[LYD INFO in NCCL_KERN_NAME (common.h)] 20 AllReduce TREE LL Sum uint8_t Elapsed time: 86714 us
 > number of parameters on (tensor, pipeline) model parallel rank (23, 0): 32330000
 > number of parameters on (tensor, pipeline) model parallel rank (21, 0): 32330000
 > number of parameters on (tensor, pipeline) model parallel rank (22, 0): 32330000
 > number of parameters on (tensor, pipeline) model parallel rank (20, 0): 32330000
x3002c0s37b0n0:3974:3974 [1] NCCL INFO AllReduce: opCount 4 sendbuff 0x14d1e3dffe00 recvbuff 0x14d1e3dffe00 count 1 datatype 1 op 0 root 0 comm 0x56515e603cc0 [nranks=24] stream 0x565161a854a0
[LYD INFO in ncclLaunchKernel (enqueue.cc)] NCHANNELS is: 4x3002c0s37b0n0:3976:3976 [3] NCCL INFO AllReduce: opCount 4 sendbuff 0x14f991fffe00 recvbuff 0x14f991fffe00 count 1 datatype 1 op 0 root 0 comm 0x55ba141637d0 [nranks=24] stream 0x55ba30214480
[LYD INFO in ncclLaunchKernel (enqueue.cc)] NCHANNELS is: 4x3002c0s37b0n0:3975:3975 [2] NCCL INFO AllReduce: opCount 4 sendbuff 0x152763fffe00 recvbuff 0x152763fffe00 count 1 datatype 1 op 0 root 0 comm 0x55d7012b5350 [nranks=24] stream 0x55d71b5d65a0
[LYD INFO in ncclLaunchKernel (enqueue.cc)] NCHANNELS is: 4x3002c0s37b0n0:3973:3973 [0] NCCL INFO AllReduce: opCount 4 sendbuff 0x14944fdffe00 recvbuff 0x14944fdffe00 count 1 datatype 1 op 0 root 0 comm 0x55a4747606e0 [nranks=24] stream 0x55a48d0619f0
[LYD INFO in ncclLaunchKernel (enqueue.cc)] NCHANNELS is: 4
[LYD INFO in NCCL_KERN_NAME (common.h)] 22 AllReduce TREE LL Sum uint8_t Elapsed time: 125965 us
x3002c0s37b0n0:3975:3975 [2] NCCL INFO AllReduce: opCount 5 sendbuff 0x152761ffee00 recvbuff 0x152761ffee00 count 1 datatype 1 op 0 root 0 comm 0x55d7012b5350 [nranks=24] stream 0x55d71b5d65a0
[LYD INFO in ncclLaunchKernel (enqueue.cc)] NCHANNELS is: 4
[LYD INFO in NCCL_KERN_NAME (common.h)] 20 AllReduce TREE LL Sum uint8_t Elapsed time: 114218 us
x3002c0s37b0n0:3973:3973 [0] NCCL INFO AllReduce: opCount 5 sendbuff 0x14944fbfee00 recvbuff 0x14944fbfee00 count 1 datatype 1 op 0 root 0 comm 0x55a4747606e0 [nranks=24] stream 0x55a48d0619f0
[LYD INFO in ncclLaunchKernel (enqueue.cc)] NCHANNELS is: 4
[LYD INFO in NCCL_KERN_NAME (common.h)] 23 AllReduce TREE LL Sum uint8_t Elapsed time: 138401 us
x3002c0s37b0n0:3976:3976 [3] NCCL INFO AllReduce: opCount 5 sendbuff 0x14f991dfee00 recvbuff 0x14f991dfee00 count 1 datatype 1 op 0 root 0 comm 0x55ba141637d0 [nranks=24] stream 0x55ba30214480
[LYD INFO in ncclLaunchKernel (enqueue.cc)] NCHANNELS is: 4
[LYD INFO in NCCL_KERN_NAME (common.h)] 21 AllReduce TREE LL Sum uint8_t Elapsed time: 157739 us
x3002c0s37b0n0:3974:3974 [1] NCCL INFO AllReduce: opCount 5 sendbuff 0x14d1e3bfee00 recvbuff 0x14d1e3bfee00 count 1 datatype 1 op 0 root 0 comm 0x56515e603cc0 [nranks=24] stream 0x565161a854a0
[LYD INFO in ncclLaunchKernel (enqueue.cc)] NCHANNELS is: 4
[LYD INFO in NCCL_KERN_NAME (common.h)] 20 AllReduce TREE LL Sum uint8_t Elapsed time: 41545 us
x3002c0s37b0n0:3973:3973 [0] NCCL INFO AllReduce: opCount 6 sendbuff 0x14944fdffe00 recvbuff 0x14944fdffe00 count 1 datatype 1 op 0 root 0 comm 0x55a4747606e0 [nranks=24] stream 0x55a48d0619f0
[LYD INFO in ncclLaunchKernel (enqueue.cc)] NCHANNELS is: 4
[LYD INFO in NCCL_KERN_NAME (common.h)] 21 AllReduce TREE LL Sum uint8_t Elapsed time: 20258 us

[LYD INFO in NCCL_KERN_NAME (common.h)] 23 AllReduce TREE LL Sum uint8_t Elapsed time: 28511 us

[LYD INFO in NCCL_KERN_NAME (common.h)] 22 AllReduce TREE LL Sum uint8_t Elapsed time: 53139 us
x3002c0s37b0n0:3975:3975 [2] NCCL INFO AllReduce: opCount 6 sendbuff 0x152763fffe00 recvbuff 0x152763fffe00 count 1 datatype 1 op 0 root 0 comm 0x55d7012b5350 [nranks=24] stream 0x55d71b5d65a0
[LYD INFO in ncclLaunchKernel (enqueue.cc)] NCHANNELS is: 4time (ms) | load-checkpoint: 51.47
x3002c0s37b0n0:3976:3976 [3] NCCL INFO AllReduce: opCount 6 sendbuff 0x14f991fffe00 recvbuff 0x14f991fffe00 count 1 datatype 1 op 0 root 0 comm 0x55ba141637d0 [nranks=24] stream 0x55ba30214480
[LYD INFO in ncclLaunchKernel (enqueue.cc)] NCHANNELS is: 4x3002c0s37b0n0:3974:3974 [1] NCCL INFO AllReduce: opCount 6 sendbuff 0x14d1e3dffe00 recvbuff 0x14d1e3dffe00 count 1 datatype 1 op 0 root 0 comm 0x56515e603cc0 [nranks=24] stream 0x565161a854a0
[LYD INFO in ncclLaunchKernel (enqueue.cc)] NCHANNELS is: 4
[LYD INFO in NCCL_KERN_NAME (common.h)] 20 AllReduce TREE LL Sum uint8_t Elapsed time: 118156 us

[LYD INFO in NCCL_KERN_NAME (common.h)] 22 AllReduce TREE LL Sum uint8_t Elapsed time: 107217 us

[LYD INFO in NCCL_KERN_NAME (common.h)] 23 AllReduce TREE LL Sum uint8_t Elapsed time: 95873 us

[LYD INFO in NCCL_KERN_NAME (common.h)] 21 AllReduce TREE LL Sum uint8_t Elapsed time: 11646 us
x3002c0s37b0n0:3976:3976 [3] NCCL INFO init.cc:1147 Cuda Host Alloc Size 4 pointer 0x14f9c3400400
x3002c0s37b0n0:3975:3975 [2] NCCL INFO init.cc:1147 Cuda Host Alloc Size 4 pointer 0x152778e00400
x3002c0s37b0n0:3974:3974 [1] NCCL INFO init.cc:1147 Cuda Host Alloc Size 4 pointer 0x14d200e00400
x3002c0s37b0n0:3973:3973 [0] NCCL INFO init.cc:1147 Cuda Host Alloc Size 4 pointer 0x14946ee00400
x3002c0s37b0n0:3973:8122 [0] NCCL INFO Using network IB
x3002c0s37b0n0:3976:8119 [3] NCCL INFO Using network IB
x3002c0s37b0n0:3975:8120 [2] NCCL INFO Using network IB
x3002c0s37b0n0:3974:8121 [1] NCCL INFO Using network IB
x3002c0s37b0n0:3974:8121 [1] NCCL INFO NET/IB : GPU Direct RDMA Enabled for HCA 0 'mlx5_0'
x3002c0s37b0n0:3974:8121 [1] NCCL INFO NET/IB : GPU Direct RDMA Enabled for HCA 1 'mlx5_1'
x3002c0s37b0n0:3974:8121 [1] NCCL INFO GPU Direct RDMA Disabled for GPU 7000 / HCA 1 (distance 7 > 4)
x3002c0s37b0n0:3974:8121 [1] NCCL INFO GPU Direct RDMA Disabled for GPU 46000 / HCA 1 (distance 6 > 4)
x3002c0s37b0n0:3974:8121 [1] NCCL INFO GPU Direct RDMA Disabled for GPU 85000 / HCA 1 (distance 7 > 4)
x3002c0s37b0n0:3974:8121 [1] NCCL INFO GPU Direct RDMA Disabled for GPU c7000 / HCA 1 (distance 7 > 4)
x3002c0s37b0n0:3974:8121 [1] NCCL INFO GPU Direct RDMA Disabled for GPU 7000 / HCA 0 (distance 7 > 4)
x3002c0s37b0n0:3974:8121 [1] NCCL INFO GPU Direct RDMA Disabled for GPU 46000 / HCA 0 (distance 7 > 4)
x3002c0s37b0n0:3974:8121 [1] NCCL INFO GPU Direct RDMA Disabled for GPU 85000 / HCA 0 (distance 7 > 4)
x3002c0s37b0n0:3974:8121 [1] NCCL INFO GPU Direct RDMA Disabled for GPU c7000 / HCA 0 (distance 6 > 4)
x3002c0s37b0n0:3974:8121 [1] NCCL INFO GPU Direct RDMA Disabled for GPU 7000 / HCA 1 (distance 7 > 4)
x3002c0s37b0n0:3974:8121 [1] NCCL INFO GPU Direct RDMA Disabled for GPU 46000 / HCA 1 (distance 6 > 4)
x3002c0s37b0n0:3974:8121 [1] NCCL INFO GPU Direct RDMA Disabled for GPU 85000 / HCA 1 (distance 7 > 4)
x3002c0s37b0n0:3974:8121 [1] NCCL INFO GPU Direct RDMA Disabled for GPU c7000 / HCA 1 (distance 7 > 4)
x3002c0s37b0n0:3974:8121 [1] NCCL INFO GPU Direct RDMA Disabled for GPU 7000 / HCA 0 (distance 7 > 4)
x3002c0s37b0n0:3974:8121 [1] NCCL INFO GPU Direct RDMA Disabled for GPU 46000 / HCA 0 (distance 7 > 4)
x3002c0s37b0n0:3974:8121 [1] NCCL INFO GPU Direct RDMA Disabled for GPU 85000 / HCA 0 (distance 7 > 4)
x3002c0s37b0n0:3974:8121 [1] NCCL INFO GPU Direct RDMA Disabled for GPU c7000 / HCA 0 (distance 6 > 4)
x3002c0s37b0n0:3974:8121 [1] NCCL INFO === System : maxBw 12.0 totalBw 264.0 ===
x3002c0s37b0n0:3974:8121 [1] NCCL INFO CPU/3 (1/2/-1)
x3002c0s37b0n0:3974:8121 [1] NCCL INFO + SYS[5000.0] - CPU/2
x3002c0s37b0n0:3974:8121 [1] NCCL INFO + SYS[5000.0] - CPU/1
x3002c0s37b0n0:3974:8121 [1] NCCL INFO + SYS[5000.0] - CPU/0
x3002c0s37b0n0:3974:8121 [1] NCCL INFO + PCI[24.0] - PCI/5000 (11f8406811f8beef)
x3002c0s37b0n0:3974:8121 [1] NCCL INFO               + PCI[24.0] - GPU/7000 (20)
x3002c0s37b0n0:3974:8121 [1] NCCL INFO                             + NVL[88.0] - GPU/85000
x3002c0s37b0n0:3974:8121 [1] NCCL INFO                             + NVL[88.0] - GPU/C7000
x3002c0s37b0n0:3974:8121 [1] NCCL INFO                             + NVL[88.0] - GPU/46000
x3002c0s37b0n0:3974:8121 [1] NCCL INFO CPU/2 (1/2/-1)
x3002c0s37b0n0:3974:8121 [1] NCCL INFO + SYS[5000.0] - CPU/3
x3002c0s37b0n0:3974:8121 [1] NCCL INFO + SYS[5000.0] - CPU/1
x3002c0s37b0n0:3974:8121 [1] NCCL INFO + SYS[5000.0] - CPU/0
x3002c0s37b0n0:3974:8121 [1] NCCL INFO + PCI[24.0] - PCI/44000 (11f8406811f8beef)
x3002c0s37b0n0:3974:8121 [1] NCCL INFO               + PCI[24.0] - GPU/46000 (21)
x3002c0s37b0n0:3974:8121 [1] NCCL INFO                             + NVL[88.0] - GPU/85000
x3002c0s37b0n0:3974:8121 [1] NCCL INFO                             + NVL[88.0] - GPU/C7000
x3002c0s37b0n0:3974:8121 [1] NCCL INFO                             + NVL[88.0] - GPU/7000
x3002c0s37b0n0:3974:8121 [1] NCCL INFO + PCI[12.0] - NIC/43000
x3002c0s37b0n0:3974:8121 [1] NCCL INFO               + NET[12.5] - NET/1 (20e604ffffa4e988/1/12.500000)
x3002c0s37b0n0:3974:8121 [1] NCCL INFO CPU/1 (1/2/-1)
x3002c0s37b0n0:3974:8121 [1] NCCL INFO + SYS[5000.0] - CPU/3
x3002c0s37b0n0:3974:8121 [1] NCCL INFO + SYS[5000.0] - CPU/2
x3002c0s37b0n0:3974:8121 [1] NCCL INFO + SYS[5000.0] - CPU/0
x3002c0s37b0n0:3974:8121 [1] NCCL INFO + PCI[24.0] - PCI/83000 (11f8406811f8beef)
x3002c0s37b0n0:3974:8121 [1] NCCL INFO               + PCI[24.0] - GPU/85000 (22)
x3002c0s37b0n0:3974:8121 [1] NCCL INFO                             + NVL[88.0] - GPU/C7000
x3002c0s37b0n0:3974:8121 [1] NCCL INFO                             + NVL[88.0] - GPU/46000
x3002c0s37b0n0:3974:8121 [1] NCCL INFO                             + NVL[88.0] - GPU/7000
x3002c0s37b0n0:3974:8121 [1] NCCL INFO CPU/0 (1/2/-1)
x3002c0s37b0n0:3974:8121 [1] NCCL INFO + SYS[5000.0] - CPU/3
x3002c0s37b0n0:3974:8121 [1] NCCL INFO + SYS[5000.0] - CPU/2
x3002c0s37b0n0:3974:8121 [1] NCCL INFO + SYS[5000.0] - CPU/1
x3002c0s37b0n0:3974:8121 [1] NCCL INFO + PCI[24.0] - PCI/C5000 (11f8406811f8beef)
x3002c0s37b0n0:3974:8121 [1] NCCL INFO               + PCI[24.0] - GPU/C7000 (23)
x3002c0s37b0n0:3974:8121 [1] NCCL INFO                             + NVL[88.0] - GPU/85000
x3002c0s37b0n0:3974:8121 [1] NCCL INFO                             + NVL[88.0] - GPU/46000
x3002c0s37b0n0:3974:8121 [1] NCCL INFO                             + NVL[88.0] - GPU/7000
x3002c0s37b0n0:3974:8121 [1] NCCL INFO + PCI[12.0] - NIC/C8000
x3002c0s37b0n0:3974:8121 [1] NCCL INFO               + NET[12.5] - NET/0 (58e604ffffa4e988/1/12.500000)
x3002c0s37b0n0:3974:8121 [1] NCCL INFO ==========================================
x3002c0s37b0n0:3974:8121 [1] NCCL INFO GPU/7000 :GPU/7000 (0/5000.000000/LOC) GPU/46000 (1/88.000000/NVL) GPU/85000 (1/88.000000/NVL) GPU/C7000 (1/88.000000/NVL) CPU/3 (2/24.000000/PHB) CPU/2 (3/24.000000/SYS) CPU/1 (3/24.000000/SYS) CPU/0 (3/24.000000/SYS) NET/1 (5/12.000000/SYS) NET/0 (5/12.000000/SYS) 
x3002c0s37b0n0:3974:8121 [1] NCCL INFO GPU/46000 :GPU/7000 (1/88.000000/NVL) GPU/46000 (0/5000.000000/LOC) GPU/85000 (1/88.000000/NVL) GPU/C7000 (1/88.000000/NVL) CPU/3 (3/24.000000/SYS) CPU/2 (2/24.000000/PHB) CPU/1 (3/24.000000/SYS) CPU/0 (3/24.000000/SYS) NET/1 (4/12.000000/PHB) NET/0 (5/12.000000/SYS) 
x3002c0s37b0n0:3974:8121 [1] NCCL INFO GPU/85000 :GPU/7000 (1/88.000000/NVL) GPU/46000 (1/88.000000/NVL) GPU/85000 (0/5000.000000/LOC) GPU/C7000 (1/88.000000/NVL) CPU/3 (3/24.000000/SYS) CPU/2 (3/24.000000/SYS) CPU/1 (2/24.000000/PHB) CPU/0 (3/24.000000/SYS) NET/1 (5/12.000000/SYS) NET/0 (5/12.000000/SYS) 
x3002c0s37b0n0:3974:8121 [1] NCCL INFO GPU/C7000 :GPU/7000 (1/88.000000/NVL) GPU/46000 (1/88.000000/NVL) GPU/85000 (1/88.000000/NVL) GPU/C7000 (0/5000.000000/LOC) CPU/3 (3/24.000000/SYS) CPU/2 (3/24.000000/SYS) CPU/1 (3/24.000000/SYS) CPU/0 (2/24.000000/PHB) NET/1 (5/12.000000/SYS) NET/0 (4/12.000000/PHB) 
x3002c0s37b0n0:3974:8121 [1] NCCL INFO NET/1 :GPU/7000 (5/12.000000/SYS) GPU/46000 (4/12.000000/PHB) GPU/85000 (5/12.000000/SYS) GPU/C7000 (5/12.000000/SYS) CPU/3 (3/12.000000/SYS) CPU/2 (2/12.000000/PHB) CPU/1 (3/12.000000/SYS) CPU/0 (3/12.000000/SYS) NET/1 (0/5000.000000/LOC) NET/0 (5/12.000000/SYS) 
x3002c0s37b0n0:3974:8121 [1] NCCL INFO NET/0 :GPU/7000 (5/12.000000/SYS) GPU/46000 (5/12.000000/SYS) GPU/85000 (5/12.000000/SYS) GPU/C7000 (4/12.000000/PHB) CPU/3 (3/12.000000/SYS) CPU/2 (3/12.000000/SYS) CPU/1 (3/12.000000/SYS) CPU/0 (2/12.000000/PHB) NET/1 (5/12.000000/SYS) NET/0 (0/5000.000000/LOC) 
x3002c0s37b0n0:3974:8121 [1] NCCL INFO Pattern 4, crossNic 0, nChannels 2, bw 12.000000/12.000000, type NVL/SYS, sameChannels 1
x3002c0s37b0n0:3974:8121 [1] NCCL INFO  0 : NET/1 GPU/21 GPU/20 GPU/22 GPU/23 NET/1
x3002c0s37b0n0:3974:8121 [1] NCCL INFO  1 : NET/0 GPU/21 GPU/20 GPU/22 GPU/23 NET/0
x3002c0s37b0n0:3974:8121 [1] NCCL INFO Pattern 1, crossNic 0, nChannels 2, bw 24.000000/12.000000, type NVL/SYS, sameChannels 1
x3002c0s37b0n0:3974:8121 [1] NCCL INFO  0 : NET/1 GPU/20 GPU/21 GPU/22 GPU/23 NET/1
x3002c0s37b0n0:3974:8121 [1] NCCL INFO  1 : NET/0 GPU/20 GPU/21 GPU/22 GPU/23 NET/0
x3002c0s37b0n0:3974:8121 [1] NCCL INFO Pattern 3, crossNic 0, nChannels 0, bw 0.000000/0.000000, type NVL/PIX, sameChannels 1
x3002c0s37b0n0:3975:8120 [2] NCCL INFO NET/IB : GPU Direct RDMA Enabled for HCA 0 'mlx5_0'
x3002c0s37b0n0:3975:8120 [2] NCCL INFO NET/IB : GPU Direct RDMA Enabled for HCA 1 'mlx5_1'
x3002c0s37b0n0:3975:8120 [2] NCCL INFO GPU Direct RDMA Disabled for GPU 7000 / HCA 1 (distance 7 > 4)
x3002c0s37b0n0:3975:8120 [2] NCCL INFO GPU Direct RDMA Disabled for GPU 46000 / HCA 1 (distance 6 > 4)
x3002c0s37b0n0:3975:8120 [2] NCCL INFO GPU Direct RDMA Disabled for GPU 85000 / HCA 1 (distance 7 > 4)
x3002c0s37b0n0:3975:8120 [2] NCCL INFO GPU Direct RDMA Disabled for GPU c7000 / HCA 1 (distance 7 > 4)
x3002c0s37b0n0:3975:8120 [2] NCCL INFO GPU Direct RDMA Disabled for GPU 7000 / HCA 0 (distance 7 > 4)
x3002c0s37b0n0:3975:8120 [2] NCCL INFO GPU Direct RDMA Disabled for GPU 46000 / HCA 0 (distance 7 > 4)
x3002c0s37b0n0:3975:8120 [2] NCCL INFO GPU Direct RDMA Disabled for GPU 85000 / HCA 0 (distance 7 > 4)
x3002c0s37b0n0:3975:8120 [2] NCCL INFO GPU Direct RDMA Disabled for GPU c7000 / HCA 0 (distance 6 > 4)
x3002c0s37b0n0:3975:8120 [2] NCCL INFO GPU Direct RDMA Disabled for GPU 7000 / HCA 1 (distance 7 > 4)
x3002c0s37b0n0:3975:8120 [2] NCCL INFO GPU Direct RDMA Disabled for GPU 46000 / HCA 1 (distance 6 > 4)
x3002c0s37b0n0:3975:8120 [2] NCCL INFO GPU Direct RDMA Disabled for GPU 85000 / HCA 1 (distance 7 > 4)
x3002c0s37b0n0:3975:8120 [2] NCCL INFO GPU Direct RDMA Disabled for GPU c7000 / HCA 1 (distance 7 > 4)
x3002c0s37b0n0:3975:8120 [2] NCCL INFO GPU Direct RDMA Disabled for GPU 7000 / HCA 0 (distance 7 > 4)
x3002c0s37b0n0:3975:8120 [2] NCCL INFO GPU Direct RDMA Disabled for GPU 46000 / HCA 0 (distance 7 > 4)
x3002c0s37b0n0:3975:8120 [2] NCCL INFO GPU Direct RDMA Disabled for GPU 85000 / HCA 0 (distance 7 > 4)
x3002c0s37b0n0:3975:8120 [2] NCCL INFO GPU Direct RDMA Disabled for GPU c7000 / HCA 0 (distance 6 > 4)
x3002c0s37b0n0:3975:8120 [2] NCCL INFO === System : maxBw 12.0 totalBw 264.0 ===
x3002c0s37b0n0:3975:8120 [2] NCCL INFO CPU/3 (1/2/-1)
x3002c0s37b0n0:3975:8120 [2] NCCL INFO + SYS[5000.0] - CPU/2
x3002c0s37b0n0:3975:8120 [2] NCCL INFO + SYS[5000.0] - CPU/1
x3002c0s37b0n0:3975:8120 [2] NCCL INFO + SYS[5000.0] - CPU/0
x3002c0s37b0n0:3975:8120 [2] NCCL INFO + PCI[24.0] - PCI/5000 (11f8406811f8beef)
x3002c0s37b0n0:3975:8120 [2] NCCL INFO               + PCI[24.0] - GPU/7000 (20)
x3002c0s37b0n0:3975:8120 [2] NCCL INFO                             + NVL[88.0] - GPU/85000
x3002c0s37b0n0:3975:8120 [2] NCCL INFO                             + NVL[88.0] - GPU/C7000
x3002c0s37b0n0:3975:8120 [2] NCCL INFO                             + NVL[88.0] - GPU/46000
x3002c0s37b0n0:3975:8120 [2] NCCL INFO CPU/2 (1/2/-1)
x3002c0s37b0n0:3975:8120 [2] NCCL INFO + SYS[5000.0] - CPU/3
x3002c0s37b0n0:3975:8120 [2] NCCL INFO + SYS[5000.0] - CPU/1
x3002c0s37b0n0:3975:8120 [2] NCCL INFO + SYS[5000.0] - CPU/0
x3002c0s37b0n0:3975:8120 [2] NCCL INFO + PCI[24.0] - PCI/44000 (11f8406811f8beef)
x3002c0s37b0n0:3975:8120 [2] NCCL INFO               + PCI[24.0] - GPU/46000 (21)
x3002c0s37b0n0:3975:8120 [2] NCCL INFO                             + NVL[88.0] - GPU/85000
