x3012c0s19b1n0:42977:46603 [1] NCCL INFO transport/net_ib.cc:596 Ib Alloc Size 26560 pointer 0x150ff0128000
x3012c0s19b1n0:42977:46603 [1] NCCL INFO NET/IB: Dev 0 Port 1 qpn 3067 mtu 5 GID 0 (80FE/DE1100FEFF000000)
x3012c0s19b1n0:42977:46603 [1] NCCL INFO transport/net_ib.cc:653 Ib Alloc Size 552 pointer 0x150ff013f000
x3012c0s19b1n0:42977:46603 [1] NCCL INFO transport/net.cc:571 Cuda Host Alloc Size 9641984 pointer 0x150fdb400000
x3012c0s19b1n0:42977:46603 [1] NCCL INFO New proxy recv connection 20 from local rank 1, transport 0
x3012c0s19b1n0:42977:46468 [1] NCCL INFO Connection to proxy localRank 1 -> connection 0x150ff0001180
x3012c0s19b1n0:42977:46603 [1] NCCL INFO transport/p2p.cc:449 Cuda Alloc Size 6291456 pointer 0x150fd8000000
x3012c0s19b1n0:42977:46603 [1] NCCL INFO New proxy recv connection 21 from local rank 1, transport 0
x3012c0s19b1n0:42977:46468 [1] NCCL INFO Connection to proxy localRank 1 -> connection 0x150ff00011c0
x3012c0s19b1n0:42977:46603 [1] NCCL INFO transport/p2p.cc:449 Cuda Alloc Size 6291456 pointer 0x150fd8600000
x3012c0s19b1n0:42977:46603 [1] NCCL INFO New proxy recv connection 22 from local rank 1, transport 0
x3012c0s19b1n0:42976:46618 [0] NCCL INFO transport/net_ib.cc:596 Ib Alloc Size 26560 pointer 0x1541d8144000
x3012c0s19b1n0:42977:46468 [1] NCCL INFO Connection to proxy localRank 1 -> connection 0x150ff0001200
x3012c0s19b1n0:42976:46618 [0] NCCL INFO NET/IB: Dev 1 Port 1 qpn 3466 mtu 5 GID 0 (80FE/891100FEFF000000)
x3012c0s19b1n0:42976:46618 [0] NCCL INFO transport/net_ib.cc:653 Ib Alloc Size 552 pointer 0x1541d815b000
x3012c0s19b1n0:42976:46618 [0] NCCL INFO transport/net.cc:571 Cuda Host Alloc Size 9641984 pointer 0x1541c1400000
x3012c0s19b1n0:42976:46618 [0] NCCL INFO Mem Realloc old size 768, new size 1536 pointer 0x1541d80b8050
x3012c0s19b1n0:42977:46603 [1] NCCL INFO transport/p2p.cc:449 Cuda Alloc Size 6291456 pointer 0x150fd8c00000
x3012c0s19b1n0:42977:46603 [1] NCCL INFO New proxy recv connection 23 from local rank 1, transport 0
x3012c0s19b1n0:42976:46618 [0] NCCL INFO transport/net_ib.cc:596 Ib Alloc Size 26560 pointer 0x1541d815d000
x3012c0s19b1n0:42977:46468 [1] NCCL INFO Connection to proxy localRank 1 -> connection 0x150ff0001240
x3012c0s19b1n0:42977:46603 [1] NCCL INFO transport/p2p.cc:449 Cuda Alloc Size 6291456 pointer 0x150fd9200000
x3012c0s19b1n0:42976:46618 [0] NCCL INFO NET/IB: Dev 0 Port 1 qpn 3068 mtu 5 GID 0 (80FE/DE1100FEFF000000)
x3012c0s19b1n0:42976:46618 [0] NCCL INFO transport/net_ib.cc:653 Ib Alloc Size 552 pointer 0x1541d8174000
x3012c0s19b1n0:42976:46618 [0] NCCL INFO transport/net.cc:571 Cuda Host Alloc Size 9641984 pointer 0x1541be000000
x3012c0s19b1n0:42976:46618 [0] NCCL INFO Mem Realloc old size 768, new size 1536 pointer 0x1541d8169150
x3012c0s19b1n0:42977:46468 [1] NCCL INFO Connected all trees by HAO
x3012c0s19b1n0:42977:46468 [1] NCCL INFO threadThresholds 8/8/64 | 160/8/64 | 512 | 512
x3012c0s19b1n0:42977:46468 [1] NCCL INFO 4 coll channels, 4 p2p channels, 2 p2p channels per peer
x3012c0s19b1n0:42977:46603 [1] NCCL INFO New proxy send connection 24 from local rank 1, transport 2
x3012c0s19b1n0:42978:46465 [2] NCCL INFO Connected all trees by HAO
x3012c0s19b1n0:42978:46465 [2] NCCL INFO threadThresholds 8/8/64 | 160/8/64 | 512 | 512
x3012c0s19b1n0:42978:46465 [2] NCCL INFO 4 coll channels, 4 p2p channels, 2 p2p channels per peer
x3012c0s19b1n0:42978:46604 [2] NCCL INFO Allocated 4194656 bytes of shared memory in /dev/shm/nccl-hGp9EY

x3012c0s19b1n0:42978:46604 [2] NCCL INFO New proxy send connection 20 from local rank 2, transport 2
x3012c0s19b1n0:42976:46618 [0] NCCL INFO transport/net_ib.cc:683 Ib Alloc Size 21688 pointer 0x1541d8176000
x3012c0s19b1n0:42976:46618 [0] NCCL INFO transport/net_ib.cc:696 Ib Alloc Size 552 pointer 0x1541d817d000
x3012c0s19b1n0:42976:46618 [0] NCCL INFO transport/net_ib.cc:771 Ib Alloc Size 552 pointer 0x1541d8198000
x3012c0s19b1n0:42976:46618 [0] NCCL INFO transport/net.cc:698 Cuda Host Alloc Size 9641984 pointer 0x1541bea00000
x3012c0s19b1n0:42977:46468 [1] NCCL INFO Connection to proxy localRank 1 -> connection 0x150ff0001280
x3012c0s19b1n0:42977:46603 [1] NCCL INFO transport/net.cc:376 Cuda Alloc Size 8388608 pointer 0x150fd7200000
x3012c0s19b1n0:42978:46465 [2] NCCL INFO Connection to proxy localRank 2 -> connection 0x146698001180
x3012c0s19b1n0:42978:46604 [2] NCCL INFO transport/net.cc:376 Cuda Alloc Size 8388608 pointer 0x146684600000
x3012c0s19b1n0:42976:46618 [0] NCCL INFO transport/net_ib.cc:683 Ib Alloc Size 21688 pointer 0x1541d819a000
x3012c0s19b1n0:42976:46618 [0] NCCL INFO transport/net_ib.cc:696 Ib Alloc Size 552 pointer 0x1541d81a1000
x3012c0s19b1n0:42976:46618 [0] NCCL INFO transport/net_ib.cc:771 Ib Alloc Size 552 pointer 0x1541d81bc000
x3012c0s19b1n0:42976:46618 [0] NCCL INFO transport/net.cc:698 Cuda Host Alloc Size 9641984 pointer 0x1541bf400000
x3012c0s19b1n0:42976:46467 [0] NCCL INFO Connected all trees by HAO
x3012c0s19b1n0:42976:46467 [0] NCCL INFO threadThresholds 8/8/64 | 160/8/64 | 512 | 512
x3012c0s19b1n0:42976:46467 [0] NCCL INFO 4 coll channels, 4 p2p channels, 2 p2p channels per peer
x3012c0s19b1n0:42976:46618 [0] NCCL INFO New proxy send connection 24 from local rank 0, transport 2
x3012c0s19b1n0:42976:46467 [0] NCCL INFO Connection to proxy localRank 0 -> connection 0x1541d8001280
x3012c0s19b1n0:42976:46467 [0] NCCL INFO init.cc:367 Cuda Alloc Size 5168 pointer 0x15422d81fc00
x3012c0s19b1n0:42978:46465 [2] NCCL INFO init.cc:367 Cuda Alloc Size 5168 pointer 0x1466ef81fc00
x3012c0s19b1n0:42977:46468 [1] NCCL INFO init.cc:367 Cuda Alloc Size 5168 pointer 0x15104581fc00
x3012c0s19b1n0:42979:46466 [3] NCCL INFO init.cc:367 Cuda Alloc Size 5168 pointer 0x14d59781fc00
x3012c0s19b1n0:42978:46465 [2] NCCL INFO init.cc:392 Cuda Host Alloc Size 33554432 pointer 0x146682000000
x3012c0s19b1n0:42978:46465 [2] NCCL INFO init.cc:398 Cuda Host Alloc Size 128 pointer 0x1466eee00a00
x3012c0s19b1n0:42978:46465 [2] NCCL INFO comm 0x55a41d4f09e0 rank 14 nranks 20 cudaDev 2 busId 85000 - Init COMPLETE
x3012c0s19b1n0:42979:46466 [3] NCCL INFO init.cc:392 Cuda Host Alloc Size 33554432 pointer 0x14d534000000
x3012c0s19b1n0:42979:46466 [3] NCCL INFO init.cc:398 Cuda Host Alloc Size 128 pointer 0x14d596e00a00
x3012c0s19b1n0:42979:46466 [3] NCCL INFO comm 0x560fe9853ba0 rank 15 nranks 20 cudaDev 3 busId c7000 - Init COMPLETE
x3012c0s19b1n0:42977:46468 [1] NCCL INFO init.cc:392 Cuda Host Alloc Size 33554432 pointer 0x150fd4000000
x3012c0s19b1n0:42977:46468 [1] NCCL INFO init.cc:398 Cuda Host Alloc Size 128 pointer 0x151044e00a00
x3012c0s19b1n0:42977:46468 [1] NCCL INFO comm 0x5589709df3f0 rank 13 nranks 20 cudaDev 1 busId 46000 - Init COMPLETE
x3012c0s19b1n0:42976:46467 [0] NCCL INFO init.cc:392 Cuda Host Alloc Size 33554432 pointer 0x1541bc000000
x3012c0s19b1n0:42976:46467 [0] NCCL INFO init.cc:398 Cuda Host Alloc Size 128 pointer 0x15422ce00a00
x3012c0s19b1n0:42976:46467 [0] NCCL INFO comm 0x555669d79280 rank 12 nranks 20 cudaDev 0 busId 7000 - Init COMPLETE
x3012c0s19b1n0:42976:46618 [0] NCCL INFO transport/net.cc:376 Cuda Alloc Size 8388608 pointer 0x1541ba000000
x3012c0s19b1n0:42978:42978 [2] NCCL INFO AllReduce: opCount 0 sendbuff 0x14672b000400 recvbuff 0x14672b000400 count 1 datatype 4 op 0 root 0 comm 0x55a41d4f09e0 [nranks=20] stream 0x55a41a33d4e0
x3012c0s19b1n0:42978:42978 [2] NCCL INFO misc/utils.cc:235 memory stack hunk malloc(65536)
[LYD INFO in ncclLaunchKernel (enqueue.cc)] NCHANNELS is: 4x3012c0s19b1n0:42977:42977 [1] NCCL INFO AllReduce: opCount 0 sendbuff 0x151087600400 recvbuff 0x151087600400 count 1 datatype 4 op 0 root 0 comm 0x5589709df3f0 [nranks=20] stream 0x55896ecab090
x3012c0s19b1n0:42977:42977 [1] NCCL INFO misc/utils.cc:235 memory stack hunk malloc(65536)
[LYD INFO in ncclLaunchKernel (enqueue.cc)] NCHANNELS is: 4x3012c0s19b1n0:42979:42979 [3] NCCL INFO AllReduce: opCount 0 sendbuff 0x14d5d7600400 recvbuff 0x14d5d7600400 count 1 datatype 4 op 0 root 0 comm 0x560fe9853ba0 [nranks=20] stream 0x560fe669b220
x3012c0s19b1n0:42979:42979 [3] NCCL INFO misc/utils.cc:235 memory stack hunk malloc(65536)
[LYD INFO in ncclLaunchKernel (enqueue.cc)] NCHANNELS is: 4x3012c0s19b1n0:42976:42976 [0] NCCL INFO AllReduce: opCount 0 sendbuff 0x15426d600400 recvbuff 0x15426d600400 count 1 datatype 4 op 0 root 0 comm 0x555669d79280 [nranks=20] stream 0x555666eb9850
x3012c0s19b1n0:42976:42976 [0] NCCL INFO misc/utils.cc:235 memory stack hunk malloc(65536)
[LYD INFO in ncclLaunchKernel (enqueue.cc)] NCHANNELS is: 4
[LYD INFO in NCCL_KERN_NAME (common.h)] 12 AllReduce TREE LL Sum int64_t Elapsed time: 67337 us

[LYD INFO in NCCL_KERN_NAME (common.h)] 14 AllReduce TREE LL Sum int64_t Elapsed time: 93288 us

[LYD INFO in NCCL_KERN_NAME (common.h)] 13 AllReduce TREE LL Sum int64_t Elapsed time: 85975 us

[LYD INFO in NCCL_KERN_NAME (common.h)] 15 AllReduce TREE LL Sum int64_t Elapsed time: 76634 us
[Hao INFO in ncclAllReduce (all_reduce.cc)] rank 3 ncclAllReduce: count: 1, datatype: ncclInt64, message size: 8 Bytes
x3012c0s19b1n0:42979:42979 [3] NCCL INFO AllReduce: opCount 0 sendbuff 0x14d5d7600400 recvbuff 0x14d5d7600400 count 1 datatype 4 op 0 root 0 comm 0x560fe87441e0 [nranks=1] stream 0x560fe669b0e0

[LYD INFO in ncclAllReduce (all_reduce.cc)] rank 0 AllReduce Time: 0.000017000 seconds
x3012c0s19b1n0:42979:42979 [3] NCCL INFO AllReduce: opCount 1 sendbuff 0x14d5d7600400 recvbuff 0x14d5d7600400 count 1 datatype 4 op 0 root 0 comm 0x560fe9853ba0 [nranks=20] stream 0x560fe669b220
[LYD INFO in ncclLaunchKernel (enqueue.cc)] NCHANNELS is: 4[Hao INFO in ncclAllReduce (all_reduce.cc)] rank 0 ncclAllReduce: count: 1, datatype: ncclInt64, message size: 8 Bytes
x3012c0s19b1n0:42976:42976 [0] NCCL INFO AllReduce: opCount 0 sendbuff 0x15426d600400 recvbuff 0x15426d600400 count 1 datatype 4 op 0 root 0 comm 0x5556684c5a10 [nranks=1] stream 0x555666eb9710

[LYD INFO in ncclAllReduce (all_reduce.cc)] rank 0 AllReduce Time: 0.000015000 seconds
x3012c0s19b1n0:42976:42976 [0] NCCL INFO AllReduce: opCount 1 sendbuff 0x15426d600400 recvbuff 0x15426d600400 count 1 datatype 4 op 0 root 0 comm 0x555669d79280 [nranks=20] stream 0x555666eb9850
[LYD INFO in ncclLaunchKernel (enqueue.cc)] NCHANNELS is: 4[Hao INFO in ncclAllReduce (all_reduce.cc)] rank 2 ncclAllReduce: count: 1, datatype: ncclInt64, message size: 8 Bytes
x3012c0s19b1n0:42978:42978 [2] NCCL INFO AllReduce: opCount 0 sendbuff 0x14672b000400 recvbuff 0x14672b000400 count 1 datatype 4 op 0 root 0 comm 0x55a41bad10f0 [nranks=1] stream 0x55a41a33d420

[LYD INFO in ncclAllReduce (all_reduce.cc)] rank 0 AllReduce Time: 0.000016000 seconds
x3012c0s19b1n0:42978:42978 [2] NCCL INFO AllReduce: opCount 1 sendbuff 0x14672b000400 recvbuff 0x14672b000400 count 1 datatype 4 op 0 root 0 comm 0x55a41d4f09e0 [nranks=20] stream 0x55a41a33d4e0
[LYD INFO in ncclLaunchKernel (enqueue.cc)] NCHANNELS is: 4[Hao INFO in ncclAllReduce (all_reduce.cc)] rank 1 ncclAllReduce: count: 1, datatype: ncclInt64, message size: 8 Bytes
x3012c0s19b1n0:42977:42977 [1] NCCL INFO AllReduce: opCount 0 sendbuff 0x151087600400 recvbuff 0x151087600400 count 1 datatype 4 op 0 root 0 comm 0x558971e687e0 [nranks=1] stream 0x55896ecaaf50

[LYD INFO in ncclAllReduce (all_reduce.cc)] rank 0 AllReduce Time: 0.000013000 seconds
x3012c0s19b1n0:42977:42977 [1] NCCL INFO AllReduce: opCount 1 sendbuff 0x151087600400 recvbuff 0x151087600400 count 1 datatype 4 op 0 root 0 comm 0x5589709df3f0 [nranks=20] stream 0x55896ecab090
[LYD INFO in ncclLaunchKernel (enqueue.cc)] NCHANNELS is: 4