x3012c0s1b0n0:42306:45580 [1] NCCL INFO transport/net_ib.cc:596 Ib Alloc Size 26560 pointer 0x151394128000
x3012c0s1b0n0:42306:45580 [1] NCCL INFO NET/IB: Dev 0 Port 1 qpn 3030 mtu 5 GID 0 (80FE/EA1100FEFF000000)
x3012c0s1b0n0:42306:45580 [1] NCCL INFO transport/net_ib.cc:653 Ib Alloc Size 552 pointer 0x15139413f000
x3012c0s1b0n0:42306:45580 [1] NCCL INFO transport/net.cc:571 Cuda Host Alloc Size 9641984 pointer 0x15137e000000
x3012c0s1b0n0:42306:45580 [1] NCCL INFO New proxy recv connection 20 from local rank 1, transport 0
x3012c0s1b0n0:42306:45420 [1] NCCL INFO Connection to proxy localRank 1 -> connection 0x151394001180
x3012c0s1b0n0:42306:45580 [1] NCCL INFO transport/p2p.cc:449 Cuda Alloc Size 6291456 pointer 0x15137ea00000
x3012c0s1b0n0:42306:45580 [1] NCCL INFO New proxy recv connection 21 from local rank 1, transport 0
x3012c0s1b0n0:42306:45420 [1] NCCL INFO Connection to proxy localRank 1 -> connection 0x1513940011c0
x3012c0s1b0n0:42306:45580 [1] NCCL INFO transport/p2p.cc:449 Cuda Alloc Size 6291456 pointer 0x15137f000000
x3012c0s1b0n0:42306:45580 [1] NCCL INFO New proxy recv connection 22 from local rank 1, transport 0
x3012c0s1b0n0:42305:45574 [0] NCCL INFO transport/net_ib.cc:596 Ib Alloc Size 26560 pointer 0x14fbf40b6000
x3012c0s1b0n0:42305:45574 [0] NCCL INFO NET/IB: Dev 1 Port 1 qpn 3465 mtu 5 GID 0 (80FE/AF1100FEFF000000)
x3012c0s1b0n0:42305:45574 [0] NCCL INFO transport/net_ib.cc:653 Ib Alloc Size 552 pointer 0x14fbf40cd000
x3012c0s1b0n0:42305:45574 [0] NCCL INFO transport/net.cc:571 Cuda Host Alloc Size 9641984 pointer 0x14fbe4000000
x3012c0s1b0n0:42305:45574 [0] NCCL INFO transport/net_ib.cc:596 Ib Alloc Size 26560 pointer 0x14fbf40cf000
x3012c0s1b0n0:42305:45574 [0] NCCL INFO NET/IB: Dev 0 Port 1 qpn 3031 mtu 5 GID 0 (80FE/EA1100FEFF000000)
x3012c0s1b0n0:42305:45574 [0] NCCL INFO transport/net_ib.cc:653 Ib Alloc Size 552 pointer 0x14fbf40e6000
x3012c0s1b0n0:42305:45574 [0] NCCL INFO transport/net.cc:571 Cuda Host Alloc Size 9641984 pointer 0x14fbe4a00000
x3012c0s1b0n0:42305:45574 [0] NCCL INFO transport/net_ib.cc:683 Ib Alloc Size 21688 pointer 0x14fbf40e8000
x3012c0s1b0n0:42305:45574 [0] NCCL INFO transport/net_ib.cc:696 Ib Alloc Size 552 pointer 0x14fbf40ef000
x3012c0s1b0n0:42306:45420 [1] NCCL INFO Connection to proxy localRank 1 -> connection 0x151394001200
x3012c0s1b0n0:42306:45580 [1] NCCL INFO transport/p2p.cc:449 Cuda Alloc Size 6291456 pointer 0x15137f600000
x3012c0s1b0n0:42305:45574 [0] NCCL INFO transport/net_ib.cc:771 Ib Alloc Size 552 pointer 0x14fbf410a000
x3012c0s1b0n0:42305:45574 [0] NCCL INFO transport/net.cc:698 Cuda Host Alloc Size 9641984 pointer 0x14fbe5400000
x3012c0s1b0n0:42305:45574 [0] NCCL INFO transport/net_ib.cc:683 Ib Alloc Size 21688 pointer 0x14fbf410c000
x3012c0s1b0n0:42305:45574 [0] NCCL INFO transport/net_ib.cc:696 Ib Alloc Size 552 pointer 0x14fbf4113000
x3012c0s1b0n0:42306:45580 [1] NCCL INFO New proxy recv connection 23 from local rank 1, transport 0
x3012c0s1b0n0:42305:45574 [0] NCCL INFO transport/net_ib.cc:771 Ib Alloc Size 552 pointer 0x14fbf412e000
x3012c0s1b0n0:42305:45574 [0] NCCL INFO transport/net.cc:698 Cuda Host Alloc Size 9641984 pointer 0x14fbe2000000
x3012c0s1b0n0:42306:45420 [1] NCCL INFO Connection to proxy localRank 1 -> connection 0x151394001240
x3012c0s1b0n0:42306:45580 [1] NCCL INFO transport/p2p.cc:449 Cuda Alloc Size 6291456 pointer 0x151383800000
x3012c0s1b0n0:42306:45420 [1] NCCL INFO Connected all trees by HAO
x3012c0s1b0n0:42306:45420 [1] NCCL INFO threadThresholds 8/8/64 | 160/8/64 | 512 | 512
x3012c0s1b0n0:42306:45420 [1] NCCL INFO 4 coll channels, 4 p2p channels, 2 p2p channels per peer
x3012c0s1b0n0:42306:45580 [1] NCCL INFO New proxy send connection 24 from local rank 1, transport 2
x3012c0s1b0n0:42307:45428 [2] NCCL INFO Connected all trees by HAO
x3012c0s1b0n0:42307:45428 [2] NCCL INFO threadThresholds 8/8/64 | 160/8/64 | 512 | 512
x3012c0s1b0n0:42307:45428 [2] NCCL INFO 4 coll channels, 4 p2p channels, 2 p2p channels per peer
x3012c0s1b0n0:42307:45585 [2] NCCL INFO Allocated 4194656 bytes of shared memory in /dev/shm/nccl-TSELOh

x3012c0s1b0n0:42307:45585 [2] NCCL INFO New proxy send connection 20 from local rank 2, transport 2
x3012c0s1b0n0:42305:45426 [0] NCCL INFO Connected all trees by HAO
x3012c0s1b0n0:42305:45426 [0] NCCL INFO threadThresholds 8/8/64 | 160/8/64 | 512 | 512
x3012c0s1b0n0:42305:45426 [0] NCCL INFO 4 coll channels, 4 p2p channels, 2 p2p channels per peer
x3012c0s1b0n0:42305:45574 [0] NCCL INFO New proxy send connection 20 from local rank 0, transport 2
x3012c0s1b0n0:42307:45428 [2] NCCL INFO Connection to proxy localRank 2 -> connection 0x154324001180
x3012c0s1b0n0:42307:45585 [2] NCCL INFO transport/net.cc:376 Cuda Alloc Size 8388608 pointer 0x154310600000
x3012c0s1b0n0:42306:45420 [1] NCCL INFO Connection to proxy localRank 1 -> connection 0x151394001280
x3012c0s1b0n0:42306:45580 [1] NCCL INFO transport/net.cc:376 Cuda Alloc Size 8388608 pointer 0x15137d800000
x3012c0s1b0n0:42305:45426 [0] NCCL INFO Connection to proxy localRank 0 -> connection 0x14fbf4001180
x3012c0s1b0n0:42305:45426 [0] NCCL INFO init.cc:367 Cuda Alloc Size 5168 pointer 0x14fc4f81fc00
x3012c0s1b0n0:42306:45420 [1] NCCL INFO init.cc:367 Cuda Alloc Size 5168 pointer 0x151413e1fc00
x3012c0s1b0n0:42308:45419 [3] NCCL INFO init.cc:367 Cuda Alloc Size 5168 pointer 0x14610be22200
x3012c0s1b0n0:42308:45419 [3] NCCL INFO init.cc:392 Cuda Host Alloc Size 33554432 pointer 0x14604e000000
x3012c0s1b0n0:42308:45419 [3] NCCL INFO init.cc:398 Cuda Host Alloc Size 128 pointer 0x14610b400e00
x3012c0s1b0n0:42308:45419 [3] NCCL INFO comm 0x55cf44ff8190 rank 19 nranks 20 cudaDev 3 busId c7000 - Init COMPLETE
x3012c0s1b0n0:42306:45420 [1] NCCL INFO init.cc:392 Cuda Host Alloc Size 33554432 pointer 0x15137a000000
x3012c0s1b0n0:42306:45420 [1] NCCL INFO init.cc:398 Cuda Host Alloc Size 128 pointer 0x151413400a00
x3012c0s1b0n0:42306:45420 [1] NCCL INFO comm 0x561403c32300 rank 17 nranks 20 cudaDev 1 busId 46000 - Init COMPLETE
x3012c0s1b0n0:42307:45428 [2] NCCL INFO init.cc:367 Cuda Alloc Size 5168 pointer 0x15437b81fc00
x3012c0s1b0n0:42306:42306 [1] NCCL INFO AllReduce: opCount 0 sendbuff 0x15140f200400 recvbuff 0x15140f200400 count 1 datatype 4 op 0 root 0 comm 0x561403c32300 [nranks=20] stream 0x56140273d7f0
x3012c0s1b0n0:42306:42306 [1] NCCL INFO misc/utils.cc:235 memory stack hunk malloc(65536)
[LYD INFO in ncclLaunchKernel (enqueue.cc)] NCHANNELS is: 4x3012c0s1b0n0:42305:45426 [0] NCCL INFO init.cc:392 Cuda Host Alloc Size 33554432 pointer 0x14fbe0000000
x3012c0s1b0n0:42305:45426 [0] NCCL INFO init.cc:398 Cuda Host Alloc Size 128 pointer 0x14fc4ee00a00
x3012c0s1b0n0:42305:45426 [0] NCCL INFO comm 0x55b45c4c1ec0 rank 16 nranks 20 cudaDev 0 busId 7000 - Init COMPLETE
x3012c0s1b0n0:42305:45574 [0] NCCL INFO transport/net.cc:376 Cuda Alloc Size 8388608 pointer 0x14fbe2a00000
x3012c0s1b0n0:42307:45428 [2] NCCL INFO init.cc:392 Cuda Host Alloc Size 33554432 pointer 0x15430e000000
x3012c0s1b0n0:42307:45428 [2] NCCL INFO init.cc:398 Cuda Host Alloc Size 128 pointer 0x15437ae00a00
x3012c0s1b0n0:42307:45428 [2] NCCL INFO comm 0x55b0c3a95200 rank 18 nranks 20 cudaDev 2 busId 85000 - Init COMPLETE
x3012c0s1b0n0:42307:42307 [2] NCCL INFO AllReduce: opCount 0 sendbuff 0x1543bb600400 recvbuff 0x1543bb600400 count 1 datatype 4 op 0 root 0 comm 0x55b0c3a95200 [nranks=20] stream 0x55b0c24f8830
x3012c0s1b0n0:42307:42307 [2] NCCL INFO misc/utils.cc:235 memory stack hunk malloc(65536)
[LYD INFO in ncclLaunchKernel (enqueue.cc)] NCHANNELS is: 4x3012c0s1b0n0:42308:42308 [3] NCCL INFO AllReduce: opCount 0 sendbuff 0x146107c00400 recvbuff 0x146107c00400 count 1 datatype 4 op 0 root 0 comm 0x55cf44ff8190 [nranks=20] stream 0x55cf43940170
x3012c0s1b0n0:42308:42308 [3] NCCL INFO misc/utils.cc:235 memory stack hunk malloc(65536)
[LYD INFO in ncclLaunchKernel (enqueue.cc)] NCHANNELS is: 4x3012c0s1b0n0:42305:42305 [0] NCCL INFO AllReduce: opCount 0 sendbuff 0x14fc8f600400 recvbuff 0x14fc8f600400 count 1 datatype 4 op 0 root 0 comm 0x55b45c4c1ec0 [nranks=20] stream 0x55b45adf95c0
x3012c0s1b0n0:42305:42305 [0] NCCL INFO misc/utils.cc:235 memory stack hunk malloc(65536)
[LYD INFO in ncclLaunchKernel (enqueue.cc)] NCHANNELS is: 4
[LYD INFO in NCCL_KERN_NAME (common.h)] 17 AllReduce TREE LL Sum int64_t Elapsed time: 774188 us

[LYD INFO in NCCL_KERN_NAME (common.h)] 19 AllReduce TREE LL Sum int64_t Elapsed time: 707314 us

[LYD INFO in NCCL_KERN_NAME (common.h)] 18 AllReduce TREE LL Sum int64_t Elapsed time: 703365 us

[LYD INFO in NCCL_KERN_NAME (common.h)] 16 AllReduce TREE LL Sum int64_t Elapsed time: 577352 us
[Hao INFO in ncclAllReduce (all_reduce.cc)] rank 1 ncclAllReduce: count: 1, datatype: ncclInt64, message size: 8 Bytes
x3012c0s1b0n0:42306:42306 [1] NCCL INFO AllReduce: opCount 0 sendbuff 0x15140f200400 recvbuff 0x15140f200400 count 1 datatype 4 op 0 root 0 comm 0x561403ee18d0 [nranks=1] stream 0x56140273d6b0

[LYD INFO in ncclAllReduce (all_reduce.cc)] rank 0 AllReduce Time: 0.000044000 seconds
x3012c0s1b0n0:42306:42306 [1] NCCL INFO AllReduce: opCount 1 sendbuff 0x15140f200400 recvbuff 0x15140f200400 count 1 datatype 4 op 0 root 0 comm 0x561403c32300 [nranks=20] stream 0x56140273d7f0
[LYD INFO in ncclLaunchKernel (enqueue.cc)] NCHANNELS is: 4[Hao INFO in ncclAllReduce (all_reduce.cc)] rank 3 ncclAllReduce: count: 1, datatype: ncclInt64, message size: 8 Bytes
x3012c0s1b0n0:42308:42308 [3] NCCL INFO AllReduce: opCount 0 sendbuff 0x146107c00400 recvbuff 0x146107c00400 count 1 datatype 4 op 0 root 0 comm 0x55cf45138800 [nranks=1] stream 0x55cf439400b0

[LYD INFO in ncclAllReduce (all_reduce.cc)] rank 0 AllReduce Time: 0.000016000 seconds
x3012c0s1b0n0:42308:42308 [3] NCCL INFO AllReduce: opCount 1 sendbuff 0x146107c00400 recvbuff 0x146107c00400 count 1 datatype 4 op 0 root 0 comm 0x55cf44ff8190 [nranks=20] stream 0x55cf43940170
[LYD INFO in ncclLaunchKernel (enqueue.cc)] NCHANNELS is: 4[Hao INFO in ncclAllReduce (all_reduce.cc)] rank 2 ncclAllReduce: count: 1, datatype: ncclInt64, message size: 8 Bytes
x3012c0s1b0n0:42307:42307 [2] NCCL INFO AllReduce: opCount 0 sendbuff 0x1543bb600400 recvbuff 0x1543bb600400 count 1 datatype 4 op 0 root 0 comm 0x55b0c3de6470 [nranks=1] stream 0x55b0c24f86f0

[LYD INFO in ncclAllReduce (all_reduce.cc)] rank 0 AllReduce Time: 0.000017000 seconds
x3012c0s1b0n0:42307:42307 [2] NCCL INFO AllReduce: opCount 1 sendbuff 0x1543bb600400 recvbuff 0x1543bb600400 count 1 datatype 4 op 0 root 0 comm 0x55b0c3a95200 [nranks=20] stream 0x55b0c24f8830
[LYD INFO in ncclLaunchKernel (enqueue.cc)] NCHANNELS is: 4[Hao INFO in ncclAllReduce (all_reduce.cc)] rank 0 ncclAllReduce: count: 1, datatype: ncclInt64, message size: 8 Bytes
x3012c0s1b0n0:42305:42305 [0] NCCL INFO AllReduce: opCount 0 sendbuff 0x14fc8f600400 recvbuff 0x14fc8f600400 count 1 datatype 4 op 0 root 0 comm 0x55b45c4c4b80 [nranks=1] stream 0x55b45adf9480

[LYD INFO in ncclAllReduce (all_reduce.cc)] rank 0 AllReduce Time: 0.000014000 seconds
x3012c0s1b0n0:42305:42305 [0] NCCL INFO AllReduce: opCount 1 sendbuff 0x14fc8f600400 recvbuff 0x14fc8f600400 count 1 datatype 4 op 0 root 0 comm 0x55b45c4c1ec0 [nranks=20] stream 0x55b45adf95c0
[LYD INFO in ncclLaunchKernel (enqueue.cc)] NCHANNELS is: 4