x3002c0s19b0n0:996:4897 [0] NCCL INFO comm 0x5609650719f0 rank 0 nranks 1 cudaDev 0 busId 7000 - Init COMPLETE
[Hao INFO in ncclAllReduce (all_reduce.cc)] rank 0 ncclAllReduce: count: 1, datatype: ncclInt64, message size: 8 Bytes
x3002c0s19b0n0:996:996 [0] NCCL INFO AllReduce: opCount 0 sendbuff 0x1553efdffe00 recvbuff 0x1553efdffe00 count 1 datatype 4 op 0 root 0 comm 0x5609650719f0 [nranks=1] stream 0x560963348ca0

[LYD INFO in ncclAllReduce (all_reduce.cc)] rank 0 AllReduce Time: 0.000027000 seconds
 > loading doc-idx mapping from /home/yuke/lyd/Megatron-LM/my-gpt2_text_document_train_indexmap_19200ns_512sl_1234s_doc_idx.npy
 > loading sample-idx mapping from /home/yuke/lyd/Megatron-LM/my-gpt2_text_document_train_indexmap_19200ns_512sl_1234s_sample_idx.npy
 > loading shuffle-idx mapping from /home/yuke/lyd/Megatron-LM/my-gpt2_text_document_train_indexmap_19200ns_512sl_1234s_shuffle_idx.npy
    loaded indexed file in 0.014 seconds
    total number of samples: 19258
    total number of epochs: 47
[Hao INFO in ncclAllReduce (all_reduce.cc)] rank 0 ncclAllReduce: count: 1, datatype: ncclInt64, message size: 8 Bytes
x3002c0s19b0n0:996:996 [0] NCCL INFO AllReduce: opCount 0 sendbuff 0x1553efdffe00 recvbuff 0x1553efdffe00 count 1 datatype 4 op 0 root 0 comm 0x56096506ef60 [nranks=1] stream 0x560963348b60

[LYD INFO in ncclAllReduce (all_reduce.cc)] rank 0 AllReduce Time: 0.000035000 seconds
[Hao INFO in ncclAllReduce (all_reduce.cc)] rank 0 ncclAllReduce: count: 1, datatype: ncclInt64, message size: 8 Bytes
x3002c0s19b0n0:996:996 [0] NCCL INFO AllReduce: opCount 0 sendbuff 0x1553efdffe00 recvbuff 0x1553efdffe00 count 1 datatype 4 op 0 root 0 comm 0x5609650719f0 [nranks=1] stream 0x560963348ca0

[LYD INFO in ncclAllReduce (all_reduce.cc)] rank 0 AllReduce Time: 0.000030000 seconds
 > loading doc-idx mapping from /home/yuke/lyd/Megatron-LM/my-gpt2_text_document_valid_indexmap_2112ns_512sl_1234s_doc_idx.npy
 > loading sample-idx mapping from /home/yuke/lyd/Megatron-LM/my-gpt2_text_document_valid_indexmap_2112ns_512sl_1234s_sample_idx.npy
 > loading shuffle-idx mapping from /home/yuke/lyd/Megatron-LM/my-gpt2_text_document_valid_indexmap_2112ns_512sl_1234s_shuffle_idx.npy
    loaded indexed file in 0.008 seconds
    total number of samples: 2119
    total number of epochs: 182
> finished creating GPT datasets ...
x3002c0s19b0n0:996:996 [0] NCCL INFO init.cc:1147 Cuda Host Alloc Size 4 pointer 0x15540d000c00
x3002c0s19b0n0:997:997 [1] NCCL INFO init.cc:1147 Cuda Host Alloc Size 4 pointer 0x14c712e00400
x3002c0s19b0n0:999:999 [3] NCCL INFO init.cc:1147 Cuda Host Alloc Size 4 pointer 0x1535bf400400
x3002c0s19b0n0:998:998 [2] NCCL INFO init.cc:1147 Cuda Host Alloc Size 4 pointer 0x14d176e00400
x3002c0s19b0n0:997:4937 [1] NCCL INFO Using network IB
x3002c0s19b0n0:996:4936 [0] NCCL INFO Using network IB
x3002c0s19b0n0:999:4938 [3] NCCL INFO Using network IB
x3002c0s19b0n0:998:4939 [2] NCCL INFO Using network IB
x3002c0s19b0n0:996:4936 [0] NCCL INFO NET/IB : GPU Direct RDMA Enabled for HCA 0 'mlx5_0'
x3002c0s19b0n0:996:4936 [0] NCCL INFO NET/IB : GPU Direct RDMA Enabled for HCA 1 'mlx5_1'
x3002c0s19b0n0:996:4936 [0] NCCL INFO GPU Direct RDMA Disabled for GPU 7000 / HCA 1 (distance 7 > 4)
x3002c0s19b0n0:996:4936 [0] NCCL INFO GPU Direct RDMA Disabled for GPU 46000 / HCA 1 (distance 6 > 4)
x3002c0s19b0n0:996:4936 [0] NCCL INFO GPU Direct RDMA Disabled for GPU 85000 / HCA 1 (distance 7 > 4)
x3002c0s19b0n0:996:4936 [0] NCCL INFO GPU Direct RDMA Disabled for GPU c7000 / HCA 1 (distance 7 > 4)
x3002c0s19b0n0:996:4936 [0] NCCL INFO GPU Direct RDMA Disabled for GPU 7000 / HCA 0 (distance 7 > 4)
x3002c0s19b0n0:996:4936 [0] NCCL INFO GPU Direct RDMA Disabled for GPU 46000 / HCA 0 (distance 7 > 4)
x3002c0s19b0n0:996:4936 [0] NCCL INFO GPU Direct RDMA Disabled for GPU 85000 / HCA 0 (distance 7 > 4)
x3002c0s19b0n0:996:4936 [0] NCCL INFO GPU Direct RDMA Disabled for GPU c7000 / HCA 0 (distance 6 > 4)
x3002c0s19b0n0:996:4936 [0] NCCL INFO GPU Direct RDMA Disabled for GPU 7000 / HCA 1 (distance 7 > 4)
x3002c0s19b0n0:996:4936 [0] NCCL INFO GPU Direct RDMA Disabled for GPU 46000 / HCA 1 (distance 6 > 4)
x3002c0s19b0n0:996:4936 [0] NCCL INFO GPU Direct RDMA Disabled for GPU 85000 / HCA 1 (distance 7 > 4)
x3002c0s19b0n0:996:4936 [0] NCCL INFO GPU Direct RDMA Disabled for GPU c7000 / HCA 1 (distance 7 > 4)
x3002c0s19b0n0:996:4936 [0] NCCL INFO GPU Direct RDMA Disabled for GPU 7000 / HCA 0 (distance 7 > 4)
x3002c0s19b0n0:996:4936 [0] NCCL INFO GPU Direct RDMA Disabled for GPU 46000 / HCA 0 (distance 7 > 4)
x3002c0s19b0n0:996:4936 [0] NCCL INFO GPU Direct RDMA Disabled for GPU 85000 / HCA 0 (distance 7 > 4)
x3002c0s19b0n0:996:4936 [0] NCCL INFO GPU Direct RDMA Disabled for GPU c7000 / HCA 0 (distance 6 > 4)
x3002c0s19b0n0:996:4936 [0] NCCL INFO === System : maxBw 12.0 totalBw 264.0 ===
x3002c0s19b0n0:996:4936 [0] NCCL INFO CPU/3 (1/2/-1)
x3002c0s19b0n0:996:4936 [0] NCCL INFO + SYS[5000.0] - CPU/2
x3002c0s19b0n0:996:4936 [0] NCCL INFO + SYS[5000.0] - CPU/1
x3002c0s19b0n0:996:4936 [0] NCCL INFO + SYS[5000.0] - CPU/0
x3002c0s19b0n0:996:4936 [0] NCCL INFO + PCI[24.0] - PCI/5000 (11f8406811f8beef)
x3002c0s19b0n0:996:4936 [0] NCCL INFO               + PCI[24.0] - GPU/7000 (0)
x3002c0s19b0n0:996:4936 [0] NCCL INFO                             + NVL[88.0] - GPU/85000
x3002c0s19b0n0:996:4936 [0] NCCL INFO                             + NVL[88.0] - GPU/C7000
x3002c0s19b0n0:996:4936 [0] NCCL INFO                             + NVL[88.0] - GPU/46000
x3002c0s19b0n0:996:4936 [0] NCCL INFO CPU/2 (1/2/-1)
x3002c0s19b0n0:996:4936 [0] NCCL INFO + SYS[5000.0] - CPU/3
x3002c0s19b0n0:996:4936 [0] NCCL INFO + SYS[5000.0] - CPU/1
x3002c0s19b0n0:996:4936 [0] NCCL INFO + SYS[5000.0] - CPU/0
x3002c0s19b0n0:996:4936 [0] NCCL INFO + PCI[24.0] - PCI/44000 (11f8406811f8beef)
x3002c0s19b0n0:996:4936 [0] NCCL INFO               + PCI[24.0] - GPU/46000 (1)
x3002c0s19b0n0:996:4936 [0] NCCL INFO                             + NVL[88.0] - GPU/85000
x3002c0s19b0n0:996:4936 [0] NCCL INFO                             + NVL[88.0] - GPU/C7000
x3002c0s19b0n0:996:4936 [0] NCCL INFO                             + NVL[88.0] - GPU/7000
x3002c0s19b0n0:996:4936 [0] NCCL INFO + PCI[12.0] - NIC/43000
x3002c0s19b0n0:996:4936 [0] NCCL INFO               + NET[12.5] - NET/1 (645b02ffffa4e988/1/12.500000)
x3002c0s19b0n0:996:4936 [0] NCCL INFO CPU/1 (1/2/-1)
x3002c0s19b0n0:996:4936 [0] NCCL INFO + SYS[5000.0] - CPU/3
x3002c0s19b0n0:996:4936 [0] NCCL INFO + SYS[5000.0] - CPU/2
x3002c0s19b0n0:996:4936 [0] NCCL INFO + SYS[5000.0] - CPU/0
x3002c0s19b0n0:996:4936 [0] NCCL INFO + PCI[24.0] - PCI/83000 (11f8406811f8beef)
x3002c0s19b0n0:996:4936 [0] NCCL INFO               + PCI[24.0] - GPU/85000 (2)
x3002c0s19b0n0:996:4936 [0] NCCL INFO                             + NVL[88.0] - GPU/C7000
x3002c0s19b0n0:996:4936 [0] NCCL INFO                             + NVL[88.0] - GPU/46000
x3002c0s19b0n0:996:4936 [0] NCCL INFO                             + NVL[88.0] - GPU/7000
x3002c0s19b0n0:996:4936 [0] NCCL INFO CPU/0 (1/2/-1)
x3002c0s19b0n0:996:4936 [0] NCCL INFO + SYS[5000.0] - CPU/3
x3002c0s19b0n0:996:4936 [0] NCCL INFO + SYS[5000.0] - CPU/2
x3002c0s19b0n0:996:4936 [0] NCCL INFO + SYS[5000.0] - CPU/1
x3002c0s19b0n0:996:4936 [0] NCCL INFO + PCI[24.0] - PCI/C5000 (11f8406811f8beef)
x3002c0s19b0n0:996:4936 [0] NCCL INFO               + PCI[24.0] - GPU/C7000 (3)
x3002c0s19b0n0:996:4936 [0] NCCL INFO                             + NVL[88.0] - GPU/85000
x3002c0s19b0n0:996:4936 [0] NCCL INFO                             + NVL[88.0] - GPU/46000
x3002c0s19b0n0:996:4936 [0] NCCL INFO                             + NVL[88.0] - GPU/7000
x3002c0s19b0n0:996:4936 [0] NCCL INFO + PCI[12.0] - NIC/C8000
x3002c0s19b0n0:996:4936 [0] NCCL INFO               + NET[12.5] - NET/0 (f45b02ffffa4e988/1/12.500000)
x3002c0s19b0n0:996:4936 [0] NCCL INFO ==========================================
x3002c0s19b0n0:996:4936 [0] NCCL INFO GPU/7000 :GPU/7000 (0/5000.000000/LOC) GPU/46000 (1/88.000000/NVL) GPU/85000 (1/88.000000/NVL) GPU/C7000 (1/88.000000/NVL) CPU/3 (2/24.000000/PHB) CPU/2 (3/24.000000/SYS) CPU/1 (3/24.000000/SYS) CPU/0 (3/24.000000/SYS) NET/1 (5/12.000000/SYS) NET/0 (5/12.000000/SYS) 
x3002c0s19b0n0:996:4936 [0] NCCL INFO GPU/46000 :GPU/7000 (1/88.000000/NVL) GPU/46000 (0/5000.000000/LOC) GPU/85000 (1/88.000000/NVL) GPU/C7000 (1/88.000000/NVL) CPU/3 (3/24.000000/SYS) CPU/2 (2/24.000000/PHB) CPU/1 (3/24.000000/SYS) CPU/0 (3/24.000000/SYS) NET/1 (4/12.000000/PHB) NET/0 (5/12.000000/SYS) 
x3002c0s19b0n0:996:4936 [0] NCCL INFO GPU/85000 :GPU/7000 (1/88.000000/NVL) GPU/46000 (1/88.000000/NVL) GPU/85000 (0/5000.000000/LOC) GPU/C7000 (1/88.000000/NVL) CPU/3 (3/24.000000/SYS) CPU/2 (3/24.000000/SYS) CPU/1 (2/24.000000/PHB) CPU/0 (3/24.000000/SYS) NET/1 (5/12.000000/SYS) NET/0 (5/12.000000/SYS) 
x3002c0s19b0n0:996:4936 [0] NCCL INFO GPU/C7000 :GPU/7000 (1/88.000000/NVL) GPU/46000 (1/88.000000/NVL) GPU/85000 (1/88.000000/NVL) GPU/C7000 (0/5000.000000/LOC) CPU/3 (3/24.000000/SYS) CPU/2 (3/24.000000/SYS) CPU/1 (3/24.000000/SYS) CPU/0 (2/24.000000/PHB) NET/1 (5/12.000000/SYS) NET/0 (4/12.000000/PHB) 
x3002c0s19b0n0:996:4936 [0] NCCL INFO NET/1 :GPU/7000 (5/12.000000/SYS) GPU/46000 (4/12.000000/PHB) GPU/85000 (5/12.000000/SYS) GPU/C7000 (5/12.000000/SYS) CPU/3 (3/12.000000/SYS) CPU/2 (2/12.000000/PHB) CPU/1 (3/12.000000/SYS) CPU/0 (3/12.000000/SYS) NET/1 (0/5000.000000/LOC) NET/0 (5/12.000000/SYS) 
x3002c0s19b0n0:996:4936 [0] NCCL INFO NET/0 :GPU/7000 (5/12.000000/SYS) GPU/46000 (5/12.000000/SYS) GPU/85000 (5/12.000000/SYS) GPU/C7000 (4/12.000000/PHB) CPU/3 (3/12.000000/SYS) CPU/2 (3/12.000000/SYS) CPU/1 (3/12.000000/SYS) CPU/0 (2/12.000000/PHB) NET/1 (5/12.000000/SYS) NET/0 (0/5000.000000/LOC) 
x3002c0s19b0n0:996:4936 [0] NCCL INFO Pattern 4, crossNic 0, nChannels 2, bw 12.000000/12.000000, type NVL/SYS, sameChannels 1
x3002c0s19b0n0:996:4936 [0] NCCL INFO  0 : NET/1 GPU/1 GPU/0 GPU/2 GPU/3 NET/1
x3002c0s19b0n0:996:4936 [0] NCCL INFO  1 : NET/0 GPU/1 GPU/0 GPU/2 GPU/3 NET/0
x3002c0s19b0n0:996:4936 [0] NCCL INFO Pattern 1, crossNic 0, nChannels 2, bw 24.000000/12.000000, type NVL/SYS, sameChannels 1
x3002c0s19b0n0:996:4936 [0] NCCL INFO  0 : NET/1 GPU/0 GPU/1 GPU/2 GPU/3 NET/1
x3002c0s19b0n0:996:4936 [0] NCCL INFO  1 : NET/0 GPU/0 GPU/1 GPU/2 GPU/3 NET/0
x3002c0s19b0n0:996:4936 [0] NCCL INFO Pattern 3, crossNic 0, nChannels 0, bw 0.000000/0.000000, type NVL/PIX, sameChannels 1
x3002c0s19b0n0:997:4937 [1] NCCL INFO NET/IB : GPU Direct RDMA Enabled for HCA 0 'mlx5_0'
x3002c0s19b0n0:997:4937 [1] NCCL INFO NET/IB : GPU Direct RDMA Enabled for HCA 1 'mlx5_1'
x3002c0s19b0n0:997:4937 [1] NCCL INFO GPU Direct RDMA Disabled for GPU 7000 / HCA 1 (distance 7 > 4)
x3002c0s19b0n0:997:4937 [1] NCCL INFO GPU Direct RDMA Disabled for GPU 46000 / HCA 1 (distance 6 > 4)
x3002c0s19b0n0:997:4937 [1] NCCL INFO GPU Direct RDMA Disabled for GPU 85000 / HCA 1 (distance 7 > 4)
x3002c0s19b0n0:997:4937 [1] NCCL INFO GPU Direct RDMA Disabled for GPU c7000 / HCA 1 (distance 7 > 4)
x3002c0s19b0n0:997:4937 [1] NCCL INFO GPU Direct RDMA Disabled for GPU 7000 / HCA 0 (distance 7 > 4)
x3002c0s19b0n0:997:4937 [1] NCCL INFO GPU Direct RDMA Disabled for GPU 46000 / HCA 0 (distance 7 > 4)
x3002c0s19b0n0:997:4937 [1] NCCL INFO GPU Direct RDMA Disabled for GPU 85000 / HCA 0 (distance 7 > 4)
x3002c0s19b0n0:997:4937 [1] NCCL INFO GPU Direct RDMA Disabled for GPU c7000 / HCA 0 (distance 6 > 4)
x3002c0s19b0n0:997:4937 [1] NCCL INFO GPU Direct RDMA Disabled for GPU 7000 / HCA 1 (distance 7 > 4)
x3002c0s19b0n0:997:4937 [1] NCCL INFO GPU Direct RDMA Disabled for GPU 46000 / HCA 1 (distance 6 > 4)
x3002c0s19b0n0:997:4937 [1] NCCL INFO GPU Direct RDMA Disabled for GPU 85000 / HCA 1 (distance 7 > 4)
x3002c0s19b0n0:997:4937 [1] NCCL INFO GPU Direct RDMA Disabled for GPU c7000 / HCA 1 (distance 7 > 4)
x3002c0s19b0n0:997:4937 [1] NCCL INFO GPU Direct RDMA Disabled for GPU 7000 / HCA 0 (distance 7 > 4)
x3002c0s19b0n0:997:4937 [1] NCCL INFO GPU Direct RDMA Disabled for GPU 46000 / HCA 0 (distance 7 > 4)
x3002c0s19b0n0:997:4937 [1] NCCL INFO GPU Direct RDMA Disabled for GPU 85000 / HCA 0 (distance 7 > 4)
x3002c0s19b0n0:997:4937 [1] NCCL INFO GPU Direct RDMA Disabled for GPU c7000 / HCA 0 (distance 6 > 4)
x3002c0s19b0n0:997:4937 [1] NCCL INFO === System : maxBw 12.0 totalBw 264.0 ===
x3002c0s19b0n0:997:4937 [1] NCCL INFO CPU/3 (1/2/-1)
x3002c0s19b0n0:997:4937 [1] NCCL INFO + SYS[5000.0] - CPU/2
x3002c0s19b0n0:997:4937 [1] NCCL INFO + SYS[5000.0] - CPU/1
x3002c0s19b0n0:997:4937 [1] NCCL INFO + SYS[5000.0] - CPU/0
x3002c0s19b0n0:997:4937 [1] NCCL INFO + PCI[24.0] - PCI/5000 (11f8406811f8beef)
x3002c0s19b0n0:997:4937 [1] NCCL INFO               + PCI[24.0] - GPU/7000 (0)
x3002c0s19b0n0:997:4937 [1] NCCL INFO                             + NVL[88.0] - GPU/85000
x3002c0s19b0n0:997:4937 [1] NCCL INFO                             + NVL[88.0] - GPU/C7000
x3002c0s19b0n0:997:4937 [1] NCCL INFO                             + NVL[88.0] - GPU/46000
x3002c0s19b0n0:997:4937 [1] NCCL INFO CPU/2 (1/2/-1)
x3002c0s19b0n0:997:4937 [1] NCCL INFO + SYS[5000.0] - CPU/3
x3002c0s19b0n0:997:4937 [1] NCCL INFO + SYS[5000.0] - CPU/1
x3002c0s19b0n0:997:4937 [1] NCCL INFO + SYS[5000.0] - CPU/0
x3002c0s19b0n0:997:4937 [1] NCCL INFO + PCI[24.0] - PCI/44000 (11f8406811f8beef)
x3002c0s19b0n0:997:4937 [1] NCCL INFO               + PCI[24.0] - GPU/46000 (1)
x3002c0s19b0n0:997:4937 [1] NCCL INFO                             + NVL[88.0] - GPU/85000
x3002c0s19b0n0:997:4937 [1] NCCL INFO                             + NVL[88.0] - GPU/C7000
x3002c0s19b0n0:997:4937 [1] NCCL INFO                             + NVL[88.0] - GPU/7000
x3002c0s19b0n0:997:4937 [1] NCCL INFO + PCI[12.0] - NIC/43000
x3002c0s19b0n0:997:4937 [1] NCCL INFO               + NET[12.5] - NET/1 (645b02ffffa4e988/1/12.500000)
x3002c0s19b0n0:997:4937 [1] NCCL INFO CPU/1 (1/2/-1)
x3002c0s19b0n0:997:4937 [1] NCCL INFO + SYS[5000.0] - CPU/3
x3002c0s19b0n0:997:4937 [1] NCCL INFO + SYS[5000.0] - CPU/2
x3002c0s19b0n0:997:4937 [1] NCCL INFO + SYS[5000.0] - CPU/0
x3002c0s19b0n0:997:4937 [1] NCCL INFO + PCI[24.0] - PCI/83000 (11f8406811f8beef)
x3002c0s19b0n0:997:4937 [1] NCCL INFO               + PCI[24.0] - GPU/85000 (2)
x3002c0s19b0n0:997:4937 [1] NCCL INFO                             + NVL[88.0] - GPU/C7000
x3002c0s19b0n0:997:4937 [1] NCCL INFO                             + NVL[88.0] - GPU/46000
x3002c0s19b0n0:997:4937 [1] NCCL INFO                             + NVL[88.0] - GPU/7000
x3002c0s19b0n0:997:4937 [1] NCCL INFO CPU/0 (1/2/-1)
x3002c0s19b0n0:997:4937 [1] NCCL INFO + SYS[5000.0] - CPU/3
x3002c0s19b0n0:997:4937 [1] NCCL INFO + SYS[5000.0] - CPU/2
x3002c0s19b0n0:997:4937 [1] NCCL INFO + SYS[5000.0] - CPU/1
x3002c0s19b0n0:997:4937 [1] NCCL INFO + PCI[24.0] - PCI/C5000 (11f8406811f8beef)
x3002c0s19b0n0:997:4937 [1] NCCL INFO               + PCI[24.0] - GPU/C7000 (3)
x3002c0s19b0n0:997:4937 [1] NCCL INFO                             + NVL[88.0] - GPU/85000
x3002c0s19b0n0:997:4937 [1] NCCL INFO                             + NVL[88.0] - GPU/46000
x3002c0s19b0n0:997:4937 [1] NCCL INFO                             + NVL[88.0] - GPU/7000
x3002c0s19b0n0:997:4937 [1] NCCL INFO + PCI[12.0] - NIC/C8000
x3002c0s19b0n0:997:4937 [1] NCCL INFO               + NET[12.5] - NET/0 (f45b02ffffa4e988/1/12.500000)
x3002c0s19b0n0:997:4937 [1] NCCL INFO ==========================================
x3002c0s19b0n0:997:4937 [1] NCCL INFO GPU/7000 :GPU/7000 (0/5000.000000/LOC) GPU/46000 (1/88.000000/NVL) GPU/85000 (1/88.000000/NVL) GPU/C7000 (1/88.000000/NVL) CPU/3 (2/24.000000/PHB) CPU/2 (3/24.000000/SYS) CPU/1 (3/24.000000/SYS) CPU/0 (3/24.000000/SYS) NET/1 (5/12.000000/SYS) NET/0 (5/12.000000/SYS) 
x3002c0s19b0n0:997:4937 [1] NCCL INFO GPU/46000 :GPU/7000 (1/88.000000/NVL) GPU/46000 (0/5000.000000/LOC) GPU/85000 (1/88.000000/NVL) GPU/C7000 (1/88.000000/NVL) CPU/3 (3/24.000000/SYS) CPU/2 (2/24.000000/PHB) CPU/1 (3/24.000000/SYS) CPU/0 (3/24.000000/SYS) NET/1 (4/12.000000/PHB) NET/0 (5/12.000000/SYS) 
x3002c0s19b0n0:997:4937 [1] NCCL INFO GPU/85000 :GPU/7000 (1/88.000000/NVL) GPU/46000 (1/88.000000/NVL) GPU/85000 (0/5000.000000/LOC) GPU/C7000 (1/88.000000/NVL) CPU/3 (3/24.000000/SYS) CPU/2 (3/24.000000/SYS) CPU/1 (2/24.000000/PHB) CPU/0 (3/24.000000/SYS) NET/1 (5/12.000000/SYS) NET/0 (5/12.000000/SYS) 
x3002c0s19b0n0:997:4937 [1] NCCL INFO GPU/C7000 :GPU/7000 (1/88.000000/NVL) GPU/46000 (1/88.000000/NVL) GPU/85000 (1/88.000000/NVL) GPU/C7000 (0/5000.000000/LOC) CPU/3 (3/24.000000/SYS) CPU/2 (3/24.000000/SYS) CPU/1 (3/24.000000/SYS) CPU/0 (2/24.000000/PHB) NET/1 (5/12.000000/SYS) NET/0 (4/12.000000/PHB) 
x3002c0s19b0n0:997:4937 [1] NCCL INFO NET/1 :GPU/7000 (5/12.000000/SYS) GPU/46000 (4/12.000000/PHB) GPU/85000 (5/12.000000/SYS) GPU/C7000 (5/12.000000/SYS) CPU/3 (3/12.000000/SYS) CPU/2 (2/12.000000/PHB) CPU/1 (3/12.000000/SYS) CPU/0 (3/12.000000/SYS) NET/1 (0/5000.000000/LOC) NET/0 (5/12.000000/SYS) 
x3002c0s19b0n0:997:4937 [1] NCCL INFO NET/0 :GPU/7000 (5/12.000000/SYS) GPU/46000 (5/12.000000/SYS) GPU/85000 (5/12.000000/SYS) GPU/C7000 (4/12.000000/PHB) CPU/3 (3/12.000000/SYS) CPU/2 (3/12.000000/SYS) CPU/1 (3/12.000000/SYS) CPU/0 (2/12.000000/PHB) NET/1 (5/12.000000/SYS) NET/0 (0/5000.000000/LOC) 
x3002c0s19b0n0:997:4937 [1] NCCL INFO Pattern 4, crossNic 0, nChannels 2, bw 12.000000/12.000000, type NVL/SYS, sameChannels 1
x3002c0s19b0n0:997:4937 [1] NCCL INFO  0 : NET/1 GPU/1 GPU/0 GPU/2 GPU/3 NET/1
x3002c0s19b0n0:997:4937 [1] NCCL INFO  1 : NET/0 GPU/1 GPU/0 GPU/2 GPU/3 NET/0
x3002c0s19b0n0:997:4937 [1] NCCL INFO Pattern 1, crossNic 0, nChannels 2, bw 24.000000/12.000000, type NVL/SYS, sameChannels 1
x3002c0s19b0n0:997:4937 [1] NCCL INFO  0 : NET/1 GPU/0 GPU/1 GPU/2 GPU/3 NET/1
x3002c0s19b0n0:997:4937 [1] NCCL INFO  1 : NET/0 GPU/0 GPU/1 GPU/2 GPU/3 NET/0
x3002c0s19b0n0:997:4937 [1] NCCL INFO Pattern 3, crossNic 0, nChannels 0, bw 0.000000/0.000000, type NVL/PIX, sameChannels 1
x3002c0s19b0n0:998:4939 [2] NCCL INFO NET/IB : GPU Direct RDMA Enabled for HCA 0 'mlx5_0'
x3002c0s19b0n0:998:4939 [2] NCCL INFO NET/IB : GPU Direct RDMA Enabled for HCA 1 'mlx5_1'
x3002c0s19b0n0:998:4939 [2] NCCL INFO GPU Direct RDMA Disabled for GPU 7000 / HCA 1 (distance 7 > 4)
x3002c0s19b0n0:998:4939 [2] NCCL INFO GPU Direct RDMA Disabled for GPU 46000 / HCA 1 (distance 6 > 4)
x3002c0s19b0n0:998:4939 [2] NCCL INFO GPU Direct RDMA Disabled for GPU 85000 / HCA 1 (distance 7 > 4)
x3002c0s19b0n0:998:4939 [2] NCCL INFO GPU Direct RDMA Disabled for GPU c7000 / HCA 1 (distance 7 > 4)
x3002c0s19b0n0:998:4939 [2] NCCL INFO GPU Direct RDMA Disabled for GPU 7000 / HCA 0 (distance 7 > 4)
x3002c0s19b0n0:998:4939 [2] NCCL INFO GPU Direct RDMA Disabled for GPU 46000 / HCA 0 (distance 7 > 4)
x3002c0s19b0n0:998:4939 [2] NCCL INFO GPU Direct RDMA Disabled for GPU 85000 / HCA 0 (distance 7 > 4)
x3002c0s19b0n0:998:4939 [2] NCCL INFO GPU Direct RDMA Disabled for GPU c7000 / HCA 0 (distance 6 > 4)
x3002c0s19b0n0:998:4939 [2] NCCL INFO GPU Direct RDMA Disabled for GPU 7000 / HCA 1 (distance 7 > 4)
x3002c0s19b0n0:998:4939 [2] NCCL INFO GPU Direct RDMA Disabled for GPU 46000 / HCA 1 (distance 6 > 4)
x3002c0s19b0n0:998:4939 [2] NCCL INFO GPU Direct RDMA Disabled for GPU 85000 / HCA 1 (distance 7 > 4)
x3002c0s19b0n0:998:4939 [2] NCCL INFO GPU Direct RDMA Disabled for GPU c7000 / HCA 1 (distance 7 > 4)
x3002c0s19b0n0:998:4939 [2] NCCL INFO GPU Direct RDMA Disabled for GPU 7000 / HCA 0 (distance 7 > 4)
x3002c0s19b0n0:998:4939 [2] NCCL INFO GPU Direct RDMA Disabled for GPU 46000 / HCA 0 (distance 7 > 4)
x3002c0s19b0n0:998:4939 [2] NCCL INFO GPU Direct RDMA Disabled for GPU 85000 / HCA 0 (distance 7 > 4)
x3002c0s19b0n0:998:4939 [2] NCCL INFO GPU Direct RDMA Disabled for GPU c7000 / HCA 0 (distance 6 > 4)
x3002c0s19b0n0:998:4939 [2] NCCL INFO === System : maxBw 12.0 totalBw 264.0 ===
x3002c0s19b0n0:998:4939 [2] NCCL INFO CPU/3 (1/2/-1)
x3002c0s19b0n0:998:4939 [2] NCCL INFO + SYS[5000.0] - CPU/2
x3002c0s19b0n0:998:4939 [2] NCCL INFO + SYS[5000.0] - CPU/1
x3002c0s19b0n0:998:4939 [2] NCCL INFO + SYS[5000.0] - CPU/0
x3002c0s19b0n0:998:4939 [2] NCCL INFO + PCI[24.0] - PCI/5000 (11f8406811f8beef)
x3002c0s19b0n0:998:4939 [2] NCCL INFO               + PCI[24.0] - GPU/7000 (0)
x3002c0s19b0n0:998:4939 [2] NCCL INFO                             + NVL[88.0] - GPU/85000
x3002c0s19b0n0:998:4939 [2] NCCL INFO                             + NVL[88.0] - GPU/C7000
x3002c0s19b0n0:998:4939 [2] NCCL INFO                             + NVL[88.0] - GPU/46000
x3002c0s19b0n0:998:4939 [2] NCCL INFO CPU/2 (1/2/-1)
x3002c0s19b0n0:998:4939 [2] NCCL INFO + SYS[5000.0] - CPU/3
x3002c0s19b0n0:998:4939 [2] NCCL INFO + SYS[5000.0] - CPU/1
x3002c0s19b0n0:998:4939 [2] NCCL INFO + SYS[5000.0] - CPU/0
x3002c0s19b0n0:998:4939 [2] NCCL INFO + PCI[24.0] - PCI/44000 (11f8406811f8beef)
x3002c0s19b0n0:998:4939 [2] NCCL INFO               + PCI[24.0] - GPU/46000 (1)
x3002c0s19b0n0:998:4939 [2] NCCL INFO                             + NVL[88.0] - GPU/85000
x3002c0s19b0n0:998:4939 [2] NCCL INFO                             + NVL[88.0] - GPU/C7000
x3002c0s19b0n0:998:4939 [2] NCCL INFO                             + NVL[88.0] - GPU/7000
x3002c0s19b0n0:998:4939 [2] NCCL INFO + PCI[12.0] - NIC/43000
x3002c0s19b0n0:998:4939 [2] NCCL INFO               + NET[12.5] - NET/1 (645b02ffffa4e988/1/12.500000)
x3002c0s19b0n0:998:4939 [2] NCCL INFO CPU/1 (1/2/-1)
x3002c0s19b0n0:998:4939 [2] NCCL INFO + SYS[5000.0] - CPU/3
x3002c0s19b0n0:998:4939 [2] NCCL INFO + SYS[5000.0] - CPU/2
x3002c0s19b0n0:998:4939 [2] NCCL INFO + SYS[5000.0] - CPU/0
x3002c0s19b0n0:998:4939 [2] NCCL INFO + PCI[24.0] - PCI/83000 (11f8406811f8beef)
x3002c0s19b0n0:998:4939 [2] NCCL INFO               + PCI[24.0] - GPU/85000 (2)
x3002c0s19b0n0:998:4939 [2] NCCL INFO                             + NVL[88.0] - GPU/C7000
x3002c0s19b0n0:998:4939 [2] NCCL INFO                             + NVL[88.0] - GPU/46000
x3002c0s19b0n0:998:4939 [2] NCCL INFO                             + NVL[88.0] - GPU/7000
x3002c0s19b0n0:998:4939 [2] NCCL INFO CPU/0 (1/2/-1)
x3002c0s19b0n0:998:4939 [2] NCCL INFO + SYS[5000.0] - CPU/3
x3002c0s19b0n0:998:4939 [2] NCCL INFO + SYS[5000.0] - CPU/2
x3002c0s19b0n0:998:4939 [2] NCCL INFO + SYS[5000.0] - CPU/1
x3002c0s19b0n0:998:4939 [2] NCCL INFO + PCI[24.0] - PCI/C5000 (11f8406811f8beef)
x3002c0s19b0n0:998:4939 [2] NCCL INFO               + PCI[24.0] - GPU/C7000 (3)
x3002c0s19b0n0:998:4939 [2] NCCL INFO                             + NVL[88.0] - GPU/85000
x3002c0s19b0n0:998:4939 [2] NCCL INFO                             + NVL[88.0] - GPU/46000
x3002c0s19b0n0:998:4939 [2] NCCL INFO                             + NVL[88.0] - GPU/7000
x3002c0s19b0n0:998:4939 [2] NCCL INFO + PCI[12.0] - NIC/C8000
x3002c0s19b0n0:998:4939 [2] NCCL INFO               + NET[12.5] - NET/0 (f45b02ffffa4e988/1/12.500000)
x3002c0s19b0n0:998:4939 [2] NCCL INFO ==========================================
x3002c0s19b0n0:998:4939 [2] NCCL INFO GPU/7000 :GPU/7000 (0/5000.000000/LOC) GPU/46000 (1/88.000000/NVL) GPU/85000 (1/88.000000/NVL) GPU/C7000 (1/88.000000/NVL) CPU/3 (2/24.000000/PHB) CPU/2 (3/24.000000/SYS) CPU/1 (3/24.000000/SYS) CPU/0 (3/24.000000/SYS) NET/1 (5/12.000000/SYS) NET/0 (5/12.000000/SYS) 
x3002c0s19b0n0:998:4939 [2] NCCL INFO GPU/46000 :GPU/7000 (1/88.000000/NVL) GPU/46000 (0/5000.000000/LOC) GPU/85000 (1/88.000000/NVL) GPU/C7000 (1/88.000000/NVL) CPU/3 (3/24.000000/SYS) CPU/2 (2/24.000000/PHB) CPU/1 (3/24.000000/SYS) CPU/0 (3/24.000000/SYS) NET/1 (4/12.000000/PHB) NET/0 (5/12.000000/SYS) 
x3002c0s19b0n0:998:4939 [2] NCCL INFO GPU/85000 :GPU/7000 (1/88.000000/NVL) GPU/46000 (1/88.000000/NVL) GPU/85000 (0/5000.000000/LOC) GPU/C7000 (1/88.000000/NVL) CPU/3 (3/24.000000/SYS) CPU/2 (3/24.000000/SYS) CPU/1 (2/24.000000/PHB) CPU/0 (3/24.000000/SYS) NET/1 (5/12.000000/SYS) NET/0 (5/12.000000/SYS) 
x3002c0s19b0n0:998:4939 [2] NCCL INFO GPU/C7000 :GPU/7000 (1/88.000000/NVL) GPU/46000 (1/88.000000/NVL) GPU/85000 (1/88.000000/NVL) GPU/C7000 (0/5000.000000/LOC) CPU/3 (3/24.000000/SYS) CPU/2 (3/24.000000/SYS) CPU/1 (3/24.000000/SYS) CPU/0 (2/24.000000/PHB) NET/1 (5/12.000000/SYS) NET/0 (4/12.000000/PHB) 
x3002c0s19b0n0:998:4939 [2] NCCL INFO NET/1 :GPU/7000 (5/12.000000/SYS) GPU/46000 (4/12.000000/PHB) GPU/85000 (5/12.000000/SYS) GPU/C7000 (5/12.000000/SYS) CPU/3 (3/12.000000/SYS) CPU/2 (2/12.000000/PHB) CPU/1 (3/12.000000/SYS) CPU/0 (3/12.000000/SYS) NET/1 (0/5000.000000/LOC) NET/0 (5/12.000000/SYS) 
x3002c0s19b0n0:998:4939 [2] NCCL INFO NET/0 :GPU/7000 (5/12.000000/SYS) GPU/46000 (5/12.000000/SYS) GPU/85000 (5/12.000000/SYS) GPU/C7000 (4/12.000000/PHB) CPU/3 (3/12.000000/SYS) CPU/2 (3/12.000000/SYS) CPU/1 (3/12.000000/SYS) CPU/0 (2/12.000000/PHB) NET/1 (5/12.000000/SYS) NET/0 (0/5000.000000/LOC) 
x3002c0s19b0n0:998:4939 [2] NCCL INFO Pattern 4, crossNic 0, nChannels 2, bw 12.000000/12.000000, type NVL/SYS, sameChannels 1
x3002c0s19b0n0:998:4939 [2] NCCL INFO  0 : NET/1 GPU/1 GPU/0 GPU/2 GPU/3 NET/1
x3002c0s19b0n0:998:4939 [2] NCCL INFO  1 : NET/0 GPU/1 GPU/0 GPU/2 GPU/3 NET/0
x3002c0s19b0n0:998:4939 [2] NCCL INFO Pattern 1, crossNic 0, nChannels 2, bw 24.000000/12.000000, type NVL/SYS, sameChannels 1
x3002c0s19b0n0:998:4939 [2] NCCL INFO  0 : NET/1 GPU/0 GPU/1 GPU/2 GPU/3 NET/1
x3002c0s19b0n0:998:4939 [2] NCCL INFO  1 : NET/0 GPU/0 GPU/1 GPU/2 GPU/3 NET/0
x3002c0s19b0n0:998:4939 [2] NCCL INFO Pattern 3, crossNic 0, nChannels 0, bw 0.000000/0.000000, type NVL/PIX, sameChannels 1
x3002c0s19b0n0:999:4938 [3] NCCL INFO NET/IB : GPU Direct RDMA Enabled for HCA 0 'mlx5_0'
x3002c0s19b0n0:999:4938 [3] NCCL INFO NET/IB : GPU Direct RDMA Enabled for HCA 1 'mlx5_1'
x3002c0s19b0n0:999:4938 [3] NCCL INFO GPU Direct RDMA Disabled for GPU 7000 / HCA 1 (distance 7 > 4)
x3002c0s19b0n0:999:4938 [3] NCCL INFO GPU Direct RDMA Disabled for GPU 46000 / HCA 1 (distance 6 > 4)
x3002c0s19b0n0:999:4938 [3] NCCL INFO GPU Direct RDMA Disabled for GPU 85000 / HCA 1 (distance 7 > 4)
x3002c0s19b0n0:999:4938 [3] NCCL INFO GPU Direct RDMA Disabled for GPU c7000 / HCA 1 (distance 7 > 4)
x3002c0s19b0n0:999:4938 [3] NCCL INFO GPU Direct RDMA Disabled for GPU 7000 / HCA 0 (distance 7 > 4)
x3002c0s19b0n0:999:4938 [3] NCCL INFO GPU Direct RDMA Disabled for GPU 46000 / HCA 0 (distance 7 > 4)
x3002c0s19b0n0:999:4938 [3] NCCL INFO GPU Direct RDMA Disabled for GPU 85000 / HCA 0 (distance 7 > 4)
x3002c0s19b0n0:999:4938 [3] NCCL INFO GPU Direct RDMA Disabled for GPU c7000 / HCA 0 (distance 6 > 4)
x3002c0s19b0n0:999:4938 [3] NCCL INFO GPU Direct RDMA Disabled for GPU 7000 / HCA 1 (distance 7 > 4)
x3002c0s19b0n0:999:4938 [3] NCCL INFO GPU Direct RDMA Disabled for GPU 46000 / HCA 1 (distance 6 > 4)
x3002c0s19b0n0:999:4938 [3] NCCL INFO GPU Direct RDMA Disabled for GPU 85000 / HCA 1 (distance 7 > 4)
x3002c0s19b0n0:999:4938 [3] NCCL INFO GPU Direct RDMA Disabled for GPU c7000 / HCA 1 (distance 7 > 4)
x3002c0s19b0n0:999:4938 [3] NCCL INFO GPU Direct RDMA Disabled for GPU 7000 / HCA 0 (distance 7 > 4)
x3002c0s19b0n0:999:4938 [3] NCCL INFO GPU Direct RDMA Disabled for GPU 46000 / HCA 0 (distance 7 > 4)
x3002c0s19b0n0:999:4938 [3] NCCL INFO GPU Direct RDMA Disabled for GPU 85000 / HCA 0 (distance 7 > 4)
x3002c0s19b0n0:999:4938 [3] NCCL INFO GPU Direct RDMA Disabled for GPU c7000 / HCA 0 (distance 6 > 4)
x3002c0s19b0n0:999:4938 [3] NCCL INFO === System : maxBw 12.0 totalBw 264.0 ===
x3002c0s19b0n0:999:4938 [3] NCCL INFO CPU/3 (1/2/-1)
x3002c0s19b0n0:999:4938 [3] NCCL INFO + SYS[5000.0] - CPU/2
x3002c0s19b0n0:999:4938 [3] NCCL INFO + SYS[5000.0] - CPU/1
x3002c0s19b0n0:999:4938 [3] NCCL INFO + SYS[5000.0] - CPU/0
x3002c0s19b0n0:999:4938 [3] NCCL INFO + PCI[24.0] - PCI/5000 (11f8406811f8beef)
x3002c0s19b0n0:999:4938 [3] NCCL INFO               + PCI[24.0] - GPU/7000 (0)
x3002c0s19b0n0:999:4938 [3] NCCL INFO                             + NVL[88.0] - GPU/85000
x3002c0s19b0n0:999:4938 [3] NCCL INFO                             + NVL[88.0] - GPU/C7000
x3002c0s19b0n0:999:4938 [3] NCCL INFO                             + NVL[88.0] - GPU/46000
x3002c0s19b0n0:999:4938 [3] NCCL INFO CPU/2 (1/2/-1)
x3002c0s19b0n0:999:4938 [3] NCCL INFO + SYS[5000.0] - CPU/3
x3002c0s19b0n0:999:4938 [3] NCCL INFO + SYS[5000.0] - CPU/1
x3002c0s19b0n0:999:4938 [3] NCCL INFO + SYS[5000.0] - CPU/0
x3002c0s19b0n0:999:4938 [3] NCCL INFO + PCI[24.0] - PCI/44000 (11f8406811f8beef)
x3002c0s19b0n0:999:4938 [3] NCCL INFO               + PCI[24.0] - GPU/46000 (1)
x3002c0s19b0n0:999:4938 [3] NCCL INFO                             + NVL[88.0] - GPU/85000
x3002c0s19b0n0:999:4938 [3] NCCL INFO                             + NVL[88.0] - GPU/C7000
x3002c0s19b0n0:999:4938 [3] NCCL INFO                             + NVL[88.0] - GPU/7000
x3002c0s19b0n0:999:4938 [3] NCCL INFO + PCI[12.0] - NIC/43000
x3002c0s19b0n0:999:4938 [3] NCCL INFO               + NET[12.5] - NET/1 (645b02ffffa4e988/1/12.500000)
x3002c0s19b0n0:999:4938 [3] NCCL INFO CPU/1 (1/2/-1)
x3002c0s19b0n0:999:4938 [3] NCCL INFO + SYS[5000.0] - CPU/3
x3002c0s19b0n0:999:4938 [3] NCCL INFO + SYS[5000.0] - CPU/2
x3002c0s19b0n0:999:4938 [3] NCCL INFO + SYS[5000.0] - CPU/0
x3002c0s19b0n0:999:4938 [3] NCCL INFO + PCI[24.0] - PCI/83000 (11f8406811f8beef)
x3002c0s19b0n0:999:4938 [3] NCCL INFO               + PCI[24.0] - GPU/85000 (2)
x3002c0s19b0n0:999:4938 [3] NCCL INFO                             + NVL[88.0] - GPU/C7000
x3002c0s19b0n0:999:4938 [3] NCCL INFO                             + NVL[88.0] - GPU/46000
x3002c0s19b0n0:999:4938 [3] NCCL INFO                             + NVL[88.0] - GPU/7000
x3002c0s19b0n0:999:4938 [3] NCCL INFO CPU/0 (1/2/-1)
x3002c0s19b0n0:999:4938 [3] NCCL INFO + SYS[5000.0] - CPU/3
x3002c0s19b0n0:999:4938 [3] NCCL INFO + SYS[5000.0] - CPU/2
x3002c0s19b0n0:999:4938 [3] NCCL INFO + SYS[5000.0] - CPU/1
x3002c0s19b0n0:999:4938 [3] NCCL INFO + PCI[24.0] - PCI/C5000 (11f8406811f8beef)
x3002c0s19b0n0:999:4938 [3] NCCL INFO               + PCI[24.0] - GPU/C7000 (3)
x3002c0s19b0n0:999:4938 [3] NCCL INFO                             + NVL[88.0] - GPU/85000
x3002c0s19b0n0:999:4938 [3] NCCL INFO                             + NVL[88.0] - GPU/46000
x3002c0s19b0n0:999:4938 [3] NCCL INFO                             + NVL[88.0] - GPU/7000
x3002c0s19b0n0:999:4938 [3] NCCL INFO + PCI[12.0] - NIC/C8000
x3002c0s19b0n0:999:4938 [3] NCCL INFO               + NET[12.5] - NET/0 (f45b02ffffa4e988/1/12.500000)
x3002c0s19b0n0:999:4938 [3] NCCL INFO ==========================================
x3002c0s19b0n0:999:4938 [3] NCCL INFO GPU/7000 :GPU/7000 (0/5000.000000/LOC) GPU/46000 (1/88.000000/NVL) GPU/85000 (1/88.000000/NVL) GPU/C7000 (1/88.000000/NVL) CPU/3 (2/24.000000/PHB) CPU/2 (3/24.000000/SYS) CPU/1 (3/24.000000/SYS) CPU/0 (3/24.000000/SYS) NET/1 (5/12.000000/SYS) NET/0 (5/12.000000/SYS) 
x3002c0s19b0n0:999:4938 [3] NCCL INFO GPU/46000 :GPU/7000 (1/88.000000/NVL) GPU/46000 (0/5000.000000/LOC) GPU/85000 (1/88.000000/NVL) GPU/C7000 (1/88.000000/NVL) CPU/3 (3/24.000000/SYS) CPU/2 (2/24.000000/PHB) CPU/1 (3/24.000000/SYS) CPU/0 (3/24.000000/SYS) NET/1 (4/12.000000/PHB) NET/0 (5/12.000000/SYS) 
x3002c0s19b0n0:999:4938 [3] NCCL INFO GPU/85000 :GPU/7000 (1/88.000000/NVL) GPU/46000 (1/88.000000/NVL) GPU/85000 (0/5000.000000/LOC) GPU/C7000 (1/88.000000/NVL) CPU/3 (3/24.000000/SYS) CPU/2 (3/24.000000/SYS) CPU/1 (2/24.000000/PHB) CPU/0 (3/24.000000/SYS) NET/1 (5/12.000000/SYS) NET/0 (5/12.000000/SYS) 
x3002c0s19b0n0:999:4938 [3] NCCL INFO GPU/C7000 :GPU/7000 (1/88.000000/NVL) GPU/46000 (1/88.000000/NVL) GPU/85000 (1/88.000000/NVL) GPU/C7000 (0/5000.000000/LOC) CPU/3 (3/24.000000/SYS) CPU/2 (3/24.000000/SYS) CPU/1 (3/24.000000/SYS) CPU/0 (2/24.000000/PHB) NET/1 (5/12.000000/SYS) NET/0 (4/12.000000/PHB) 
x3002c0s19b0n0:999:4938 [3] NCCL INFO NET/1 :GPU/7000 (5/12.000000/SYS) GPU/46000 (4/12.000000/PHB) GPU/85000 (5/12.000000/SYS) GPU/C7000 (5/12.000000/SYS) CPU/3 (3/12.000000/SYS) CPU/2 (2/12.000000/PHB) CPU/1 (3/12.000000/SYS) CPU/0 (3/12.000000/SYS) NET/1 (0/5000.000000/LOC) NET/0 (5/12.000000/SYS) 
x3002c0s19b0n0:999:4938 [3] NCCL INFO NET/0 :GPU/7000 (5/12.000000/SYS) GPU/46000 (5/12.000000/SYS) GPU/85000 (5/12.000000/SYS) GPU/C7000 (4/12.000000/PHB) CPU/3 (3/12.000000/SYS) CPU/2 (3/12.000000/SYS) CPU/1 (3/12.000000/SYS) CPU/0 (2/12.000000/PHB) NET/1 (5/12.000000/SYS) NET/0 (0/5000.000000/LOC) 
x3002c0s19b0n0:999:4938 [3] NCCL INFO Setting affinity for GPU 3 to 01
x3002c0s19b0n0:999:4938 [3] NCCL INFO Pattern 4, crossNic 0, nChannels 2, bw 12.000000/12.000000, type NVL/SYS, sameChannels 1
x3002c0s19b0n0:999:4938 [3] NCCL INFO  0 : NET/1 GPU/1 GPU/0 GPU/2 GPU/3 NET/1
x3002c0s19b0n0:999:4938 [3] NCCL INFO  1 : NET/0 GPU/1 GPU/0 GPU/2 GPU/3 NET/0
x3002c0s19b0n0:999:4938 [3] NCCL INFO Pattern 1, crossNic 0, nChannels 2, bw 24.000000/12.000000, type NVL/SYS, sameChannels 1
x3002c0s19b0n0:999:4938 [3] NCCL INFO  0 : NET/1 GPU/0 GPU/1 GPU/2 GPU/3 NET/1
x3002c0s19b0n0:999:4938 [3] NCCL INFO  1 : NET/0 GPU/0 GPU/1 GPU/2 GPU/3 NET/0
x3002c0s19b0n0:999:4938 [3] NCCL INFO Pattern 3, crossNic 0, nChannels 0, bw 0.000000/0.000000, type NVL/PIX, sameChannels 1
x3002c0s19b0n0:996:4936 [0] NCCL INFO Tree 0 : -1 -> 0 -> 1/16/-1
x3002c0s19b0n0:996:4936 [0] NCCL INFO Tree 2 : 4 -> 0 -> 1/-1/-1
x3002c0s19b0n0:996:4936 [0] NCCL INFO Tree 1 : -1 -> 0 -> 1/16/-1
x3002c0s19b0n0:996:4936 [0] NCCL INFO Tree 3 : 4 -> 0 -> 1/-1/-1
x3002c0s19b0n0:996:4936 [0] NCCL INFO Channel 00/04 :    0   2   3   5   4   6   7   9   8  10  11  13  12  14  15  17  16  18  19  21
x3002c0s19b0n0:996:4936 [0] NCCL INFO Channel 01/04 :    0   2   3   5   4   6   7   9   8  10  11  13  12  14  15  17  16  18  19  21
x3002c0s19b0n0:996:4936 [0] NCCL INFO Channel 02/04 :    0   2   3   5   4   6   7   9   8  10  11  13  12  14  15  17  16  18  19  21
x3002c0s19b0n0:996:4936 [0] NCCL INFO Channel 03/04 :    0   2   3   5   4   6   7   9   8  10  11  13  12  14  15  17  16  18  19  21
x3002c0s19b0n0:996:4936 [0] NCCL INFO Ring 00 : 1 -> 0 -> 2
x3002c0s19b0n0:996:4936 [0] NCCL INFO Ring 01 : 1 -> 0 -> 2
x3002c0s19b0n0:996:4936 [0] NCCL INFO Ring 02 : 1 -> 0 -> 2
x3002c0s19b0n0:996:4936 [0] NCCL INFO Ring 03 : 1 -> 0 -> 2
x3002c0s19b0n0:996:4936 [0] NCCL INFO Trees [0] 1/16/-1->0->-1 [1] 1/16/-1->0->-1 [2] 1/-1/-1->0->4 [3] 1/-1/-1->0->4
x3002c0s19b0n0:996:4936 [0] NCCL INFO misc/utils.cc:235 memory stack hunk malloc(65536)
x3002c0s19b0n0:996:4936 [0] NCCL INFO channel.cc:23 Cuda Alloc Size 9600 pointer 0x15540da26200
x3002c0s19b0n0:996:4936 [0] NCCL INFO channel.cc:27 Cuda Alloc Size 96 pointer 0x15540da28800
x3002c0s19b0n0:996:4936 [0] NCCL INFO channel.cc:23 Cuda Alloc Size 9600 pointer 0x15540da28a00
x3002c0s19b0n0:996:4936 [0] NCCL INFO channel.cc:27 Cuda Alloc Size 96 pointer 0x15540da2b000
x3002c0s19b0n0:996:4936 [0] NCCL INFO channel.cc:23 Cuda Alloc Size 9600 pointer 0x15540da2b200
x3002c0s19b0n0:996:4936 [0] NCCL INFO channel.cc:27 Cuda Alloc Size 96 pointer 0x15540da2d800
x3002c0s19b0n0:996:4936 [0] NCCL INFO channel.cc:23 Cuda Alloc Size 9600 pointer 0x15540da2da00
x3002c0s19b0n0:996:4936 [0] NCCL INFO channel.cc:27 Cuda Alloc Size 96 pointer 0x15540da30000
x3002c0s19b0n0:996:4936 [0] NCCL INFO Channel 00/0 : 0[7000] -> 2[85000] via P2P/IPC/read
x3002c0s19b0n0:997:4937 [1] NCCL INFO Tree 0 : 0 -> 1 -> 2/-1/-1
x3002c0s19b0n0:997:4937 [1] NCCL INFO Tree 2 : 0 -> 1 -> 2/-1/-1
x3002c0s19b0n0:997:4937 [1] NCCL INFO Tree 1 : 0 -> 1 -> 2/-1/-1
x3002c0s19b0n0:997:4937 [1] NCCL INFO Tree 3 : 0 -> 1 -> 2/-1/-1
x3002c0s19b0n0:997:4937 [1] NCCL INFO Ring 00 : 23 -> 1 -> 0
x3002c0s19b0n0:997:4937 [1] NCCL INFO Ring 01 : 23 -> 1 -> 0
x3002c0s19b0n0:997:4937 [1] NCCL INFO Ring 02 : 23 -> 1 -> 0
x3002c0s19b0n0:997:4937 [1] NCCL INFO Ring 03 : 23 -> 1 -> 0
x3002c0s19b0n0:997:4937 [1] NCCL INFO Trees [0] 2/-1/-1->1->0 [1] 2/-1/-1->1->0 [2] 2/-1/-1->1->0 [3] 2/-1/-1->1->0
x3002c0s19b0n0:997:4937 [1] NCCL INFO misc/utils.cc:235 memory stack hunk malloc(65536)
x3002c0s19b0n0:997:4937 [1] NCCL INFO channel.cc:23 Cuda Alloc Size 9600 pointer 0x14c71380b600
x3002c0s19b0n0:997:4937 [1] NCCL INFO channel.cc:27 Cuda Alloc Size 96 pointer 0x14c71380dc00
x3002c0s19b0n0:997:4937 [1] NCCL INFO channel.cc:23 Cuda Alloc Size 9600 pointer 0x14c71380de00
x3002c0s19b0n0:997:4937 [1] NCCL INFO channel.cc:27 Cuda Alloc Size 96 pointer 0x14c713810400
x3002c0s19b0n0:997:4937 [1] NCCL INFO channel.cc:23 Cuda Alloc Size 9600 pointer 0x14c713810600
x3002c0s19b0n0:997:4937 [1] NCCL INFO channel.cc:27 Cuda Alloc Size 96 pointer 0x14c713812c00
x3002c0s19b0n0:997:4937 [1] NCCL INFO channel.cc:23 Cuda Alloc Size 9600 pointer 0x14c713812e00
x3002c0s19b0n0:997:4937 [1] NCCL INFO channel.cc:27 Cuda Alloc Size 96 pointer 0x14c713815400
x3002c0s19b0n0:997:4937 [1] NCCL INFO GPU Direct RDMA Disabled for GPU 46000 / HCA 1 (distance 6 > 4)
x3002c0s19b0n0:997:5113 [1] NCCL INFO Mem Realloc old size 0, new size 8 pointer 0x14c6c8000c60
x3002c0s19b0n0:997:5113 [1] NCCL INFO Allocated 4194656 bytes of shared memory in /dev/shm/nccl-079BRB

x3002c0s19b0n0:997:5113 [1] NCCL INFO New proxy recv connection 0 from local rank 1, transport 2
x3002c0s19b0n0:998:4939 [2] NCCL INFO Ring 00 : 0 -> 2 -> 3
x3002c0s19b0n0:998:4939 [2] NCCL INFO Ring 01 : 0 -> 2 -> 3
x3002c0s19b0n0:998:4939 [2] NCCL INFO Ring 02 : 0 -> 2 -> 3
x3002c0s19b0n0:998:4939 [2] NCCL INFO Ring 03 : 0 -> 2 -> 3
x3002c0s19b0n0:998:4939 [2] NCCL INFO Trees [0] 3/-1/-1->2->1 [1] 3/-1/-1->2->1 [2] 3/-1/-1->2->1 [3] 3/-1/-1->2->1
x3002c0s19b0n0:998:4939 [2] NCCL INFO misc/utils.cc:235 memory stack hunk malloc(65536)
x3002c0s19b0n0:998:4939 [2] NCCL INFO channel.cc:23 Cuda Alloc Size 9600 pointer 0x14d17780b600
x3002c0s19b0n0:998:4939 [2] NCCL INFO channel.cc:27 Cuda Alloc Size 96 pointer 0x14d17780dc00
x3002c0s19b0n0:998:4939 [2] NCCL INFO channel.cc:23 Cuda Alloc Size 9600 pointer 0x14d17780de00
x3002c0s19b0n0:998:4939 [2] NCCL INFO channel.cc:27 Cuda Alloc Size 96 pointer 0x14d177810400
x3002c0s19b0n0:998:4939 [2] NCCL INFO channel.cc:23 Cuda Alloc Size 9600 pointer 0x14d177810600
x3002c0s19b0n0:998:4939 [2] NCCL INFO channel.cc:27 Cuda Alloc Size 96 pointer 0x14d177812c00
x3002c0s19b0n0:998:4939 [2] NCCL INFO channel.cc:23 Cuda Alloc Size 9600 pointer 0x14d177812e00
x3002c0s19b0n0:998:4939 [2] NCCL INFO channel.cc:27 Cuda Alloc Size 96 pointer 0x14d177815400
x3002c0s19b0n0:998:4939 [2] NCCL INFO Channel 00/0 : 2[85000] -> 3[c7000] via P2P/IPC/read
x3002c0s19b0n0:996:5108 [0] NCCL INFO Mem Realloc old size 0, new size 8 pointer 0x1553b0000c60
x3002c0s19b0n0:996:5108 [0] NCCL INFO New proxy send connection 0 from local rank 0, transport 0
x3002c0s19b0n0:998:5117 [2] NCCL INFO Mem Realloc old size 0, new size 8 pointer 0x14d128000c60
x3002c0s19b0n0:998:5117 [2] NCCL INFO New proxy send connection 0 from local rank 2, transport 0
x3002c0s19b0n0:997:4937 [1] NCCL INFO Connection to proxy localRank 1 -> connection 0x14c6c8000c80
x3002c0s19b0n0:998:4939 [2] NCCL INFO Connection to proxy localRank 2 -> connection 0x14d128000c80
x3002c0s19b0n0:998:5117 [2] NCCL INFO transport/p2p.cc:430 Cuda Alloc Size 6291456 pointer 0x14d194e00000
x3002c0s19b0n0:999:4938 [3] NCCL INFO Ring 00 : 2 -> 3 -> 5
x3002c0s19b0n0:999:4938 [3] NCCL INFO Ring 01 : 2 -> 3 -> 5
x3002c0s19b0n0:999:4938 [3] NCCL INFO Ring 02 : 2 -> 3 -> 5
x3002c0s19b0n0:999:4938 [3] NCCL INFO Ring 03 : 2 -> 3 -> 5
x3002c0s19b0n0:999:4938 [3] NCCL INFO Trees [0] -1/-1/-1->3->2 [1] -1/-1/-1->3->2 [2] -1/-1/-1->3->2 [3] -1/-1/-1->3->2
x3002c0s19b0n0:999:4938 [3] NCCL INFO misc/utils.cc:235 memory stack hunk malloc(65536)
x3002c0s19b0n0:999:4938 [3] NCCL INFO channel.cc:23 Cuda Alloc Size 9600 pointer 0x1535bfe0b600
x3002c0s19b0n0:999:4938 [3] NCCL INFO channel.cc:27 Cuda Alloc Size 96 pointer 0x1535bfe0dc00
x3002c0s19b0n0:999:4938 [3] NCCL INFO channel.cc:23 Cuda Alloc Size 9600 pointer 0x1535bfe0de00
x3002c0s19b0n0:999:4938 [3] NCCL INFO channel.cc:27 Cuda Alloc Size 96 pointer 0x1535bfe10400
x3002c0s19b0n0:999:4938 [3] NCCL INFO channel.cc:23 Cuda Alloc Size 9600 pointer 0x1535bfe10600
x3002c0s19b0n0:999:4938 [3] NCCL INFO channel.cc:27 Cuda Alloc Size 96 pointer 0x1535bfe12c00
x3002c0s19b0n0:999:4938 [3] NCCL INFO channel.cc:23 Cuda Alloc Size 9600 pointer 0x1535bfe12e00
x3002c0s19b0n0:999:4938 [3] NCCL INFO channel.cc:27 Cuda Alloc Size 96 pointer 0x1535bfe15400
x3002c0s19b0n0:996:4936 [0] NCCL INFO Connection to proxy localRank 0 -> connection 0x1553b0000c80
x3002c0s19b0n0:999:5120 [3] NCCL INFO Mem Realloc old size 0, new size 8 pointer 0x153554000c60
x3002c0s19b0n0:999:5120 [3] NCCL INFO New proxy recv connection 0 from local rank 3, transport 0
x3002c0s19b0n0:996:5108 [0] NCCL INFO transport/p2p.cc:430 Cuda Alloc Size 6291456 pointer 0x155434000000
x3002c0s19b0n0:996:4936 [0] NCCL INFO Channel 01/0 : 0[7000] -> 2[85000] via P2P/IPC/read
x3002c0s19b0n0:999:4938 [3] NCCL INFO Connection to proxy localRank 3 -> connection 0x153554000c80
x3002c0s19b0n0:999:5120 [3] NCCL INFO transport/p2p.cc:449 Cuda Alloc Size 6291456 pointer 0x15359dc00000
x3002c0s19b0n0:997:4937 [1] NCCL INFO Channel 00/0 : 23[c7000] -> 1[46000] [receive] via NET/IB/1
x3002c0s19b0n0:997:4937 [1] NCCL INFO GPU Direct RDMA Disabled for GPU 46000 / HCA 0 (distance 7 > 4)
x3002c0s19b0n0:997:5113 [1] NCCL INFO New proxy recv connection 1 from local rank 1, transport 2
x3002c0s19b0n0:998:4939 [2] NCCL INFO Channel 01/0 : 2[85000] -> 3[c7000] via P2P/IPC/read
x3002c0s19b0n0:998:5117 [2] NCCL INFO New proxy send connection 1 from local rank 2, transport 0
x3002c0s19b0n0:996:5108 [0] NCCL INFO New proxy send connection 1 from local rank 0, transport 0
x3002c0s19b0n0:999:5120 [3] NCCL INFO New proxy recv connection 1 from local rank 3, transport 0
x3002c0s19b0n0:997:4937 [1] NCCL INFO Connection to proxy localRank 1 -> connection 0x14c6c8000cc0
x3002c0s19b0n0:998:4939 [2] NCCL INFO Connection to proxy localRank 2 -> connection 0x14d128000cc0
x3002c0s19b0n0:998:5117 [2] NCCL INFO transport/p2p.cc:430 Cuda Alloc Size 6291456 pointer 0x14d195400000
x3002c0s19b0n0:996:4936 [0] NCCL INFO Connection to proxy localRank 0 -> connection 0x1553b0000cc0
x3002c0s19b0n0:996:5108 [0] NCCL INFO transport/p2p.cc:430 Cuda Alloc Size 6291456 pointer 0x155434600000
x3002c0s19b0n0:998:4939 [2] NCCL INFO Channel 02/0 : 2[85000] -> 3[c7000] via P2P/IPC/read
x3002c0s19b0n0:998:5117 [2] NCCL INFO New proxy send connection 2 from local rank 2, transport 0
x3002c0s19b0n0:998:4939 [2] NCCL INFO Connection to proxy localRank 2 -> connection 0x14d128000d00
x3002c0s19b0n0:999:4938 [3] NCCL INFO Connection to proxy localRank 3 -> connection 0x153554000cc0
x3002c0s19b0n0:999:5120 [3] NCCL INFO transport/p2p.cc:449 Cuda Alloc Size 6291456 pointer 0x15359e200000
x3002c0s19b0n0:998:5117 [2] NCCL INFO transport/p2p.cc:430 Cuda Alloc Size 6291456 pointer 0x14d195a00000
x3002c0s19b0n0:997:4937 [1] NCCL INFO Channel 01/0 : 23[c7000] -> 1[46000] [receive] via NET/IB/0
x3002c0s19b0n0:997:4937 [1] NCCL INFO GPU Direct RDMA Disabled for GPU 46000 / HCA 1 (distance 6 > 4)
x3002c0s19b0n0:997:5113 [1] NCCL INFO New proxy recv connection 2 from local rank 1, transport 2
x3002c0s19b0n0:996:4936 [0] NCCL INFO Channel 02/0 : 0[7000] -> 2[85000] via P2P/IPC/read
x3002c0s19b0n0:999:5120 [3] NCCL INFO New proxy recv connection 2 from local rank 3, transport 0
x3002c0s19b0n0:998:4939 [2] NCCL INFO Channel 03/0 : 2[85000] -> 3[c7000] via P2P/IPC/read
x3002c0s19b0n0:998:5117 [2] NCCL INFO New proxy send connection 3 from local rank 2, transport 0
x3002c0s19b0n0:997:4937 [1] NCCL INFO Connection to proxy localRank 1 -> connection 0x14c6c8000d00
x3002c0s19b0n0:996:5108 [0] NCCL INFO New proxy send connection 2 from local rank 0, transport 0
x3002c0s19b0n0:996:4936 [0] NCCL INFO Connection to proxy localRank 0 -> connection 0x1553b0000d00
x3002c0s19b0n0:996:5108 [0] NCCL INFO transport/p2p.cc:430 Cuda Alloc Size 6291456 pointer 0x155434c00000
x3002c0s19b0n0:998:4939 [2] NCCL INFO Connection to proxy localRank 2 -> connection 0x14d128000d40
x3002c0s19b0n0:998:5117 [2] NCCL INFO transport/p2p.cc:430 Cuda Alloc Size 6291456 pointer 0x14d196000000
x3002c0s19b0n0:997:4937 [1] NCCL INFO Channel 02/0 : 23[c7000] -> 1[46000] [receive] via NET/IB/1
x3002c0s19b0n0:997:4937 [1] NCCL INFO GPU Direct RDMA Disabled for GPU 46000 / HCA 0 (distance 7 > 4)
x3002c0s19b0n0:997:5113 [1] NCCL INFO New proxy recv connection 3 from local rank 1, transport 2
x3002c0s19b0n0:997:4937 [1] NCCL INFO Connection to proxy localRank 1 -> connection 0x14c6c8000d40
x3002c0s19b0n0:996:4936 [0] NCCL INFO Channel 03/0 : 0[7000] -> 2[85000] via P2P/IPC/read
x3002c0s19b0n0:996:5108 [0] NCCL INFO New proxy send connection 3 from local rank 0, transport 0
x3002c0s19b0n0:999:4938 [3] NCCL INFO Connection to proxy localRank 3 -> connection 0x153554000d00
x3002c0s19b0n0:999:5120 [3] NCCL INFO transport/p2p.cc:449 Cuda Alloc Size 6291456 pointer 0x15359e800000
x3002c0s19b0n0:996:4936 [0] NCCL INFO Connection to proxy localRank 0 -> connection 0x1553b0000d40
x3002c0s19b0n0:996:5108 [0] NCCL INFO transport/p2p.cc:430 Cuda Alloc Size 6291456 pointer 0x155435200000
x3002c0s19b0n0:999:5120 [3] NCCL INFO New proxy recv connection 3 from local rank 3, transport 0
x3002c0s19b0n0:999:4938 [3] NCCL INFO Connection to proxy localRank 3 -> connection 0x153554000d40
x3002c0s19b0n0:999:5120 [3] NCCL INFO transport/p2p.cc:449 Cuda Alloc Size 6291456 pointer 0x15359ee00000
x3002c0s19b0n0:997:4937 [1] NCCL INFO Channel 03/0 : 23[c7000] -> 1[46000] [receive] via NET/IB/0
x3002c0s19b0n0:999:4938 [3] NCCL INFO GPU Direct RDMA Disabled for GPU c7000 / HCA 1 (distance 7 > 4)
x3002c0s19b0n0:998:5117 [2] NCCL INFO New proxy recv connection 4 from local rank 2, transport 0
x3002c0s19b0n0:998:4939 [2] NCCL INFO Connection to proxy localRank 2 -> connection 0x14d128000d80
x3002c0s19b0n0:998:5117 [2] NCCL INFO transport/p2p.cc:449 Cuda Alloc Size 6291456 pointer 0x14d197e00000
x3002c0s19b0n0:999:5120 [3] NCCL INFO Allocated 4194656 bytes of shared memory in /dev/shm/nccl-uu8q1I

x3002c0s19b0n0:999:5120 [3] NCCL INFO New proxy send connection 4 from local rank 3, transport 2
x3002c0s19b0n0:998:5117 [2] NCCL INFO New proxy recv connection 5 from local rank 2, transport 0
x3002c0s19b0n0:999:4938 [3] NCCL INFO Connection to proxy localRank 3 -> connection 0x153554000d80
x3002c0s19b0n0:999:4938 [3] NCCL INFO Channel 00/0 : 3[c7000] -> 5[46000] [send] via NET/IB/1
x3002c0s19b0n0:999:4938 [3] NCCL INFO GPU Direct RDMA Disabled for GPU c7000 / HCA 0 (distance 6 > 4)
x3002c0s19b0n0:999:5120 [3] NCCL INFO New proxy send connection 5 from local rank 3, transport 2
x3002c0s19b0n0:998:4939 [2] NCCL INFO Connection to proxy localRank 2 -> connection 0x14d128000dc0
x3002c0s19b0n0:998:5117 [2] NCCL INFO transport/p2p.cc:449 Cuda Alloc Size 6291456 pointer 0x14d198400000
x3002c0s19b0n0:999:4938 [3] NCCL INFO Connection to proxy localRank 3 -> connection 0x153554000dc0
x3002c0s19b0n0:999:4938 [3] NCCL INFO Channel 01/0 : 3[c7000] -> 5[46000] [send] via NET/IB/0
x3002c0s19b0n0:999:4938 [3] NCCL INFO GPU Direct RDMA Disabled for GPU c7000 / HCA 1 (distance 7 > 4)
x3002c0s19b0n0:999:5120 [3] NCCL INFO New proxy send connection 6 from local rank 3, transport 2
x3002c0s19b0n0:998:5117 [2] NCCL INFO New proxy recv connection 6 from local rank 2, transport 0
x3002c0s19b0n0:999:4938 [3] NCCL INFO Connection to proxy localRank 3 -> connection 0x153554000e00
x3002c0s19b0n0:999:4938 [3] NCCL INFO Channel 02/0 : 3[c7000] -> 5[46000] [send] via NET/IB/1
x3002c0s19b0n0:999:4938 [3] NCCL INFO GPU Direct RDMA Disabled for GPU c7000 / HCA 0 (distance 6 > 4)
x3002c0s19b0n0:999:5120 [3] NCCL INFO New proxy send connection 7 from local rank 3, transport 2
x3002c0s19b0n0:998:4939 [2] NCCL INFO Connection to proxy localRank 2 -> connection 0x14d128000e00
x3002c0s19b0n0:998:5117 [2] NCCL INFO transport/p2p.cc:449 Cuda Alloc Size 6291456 pointer 0x14d198a00000
x3002c0s19b0n0:999:4938 [3] NCCL INFO Connection to proxy localRank 3 -> connection 0x153554000e40
x3002c0s19b0n0:999:4938 [3] NCCL INFO Channel 03/0 : 3[c7000] -> 5[46000] [send] via NET/IB/0
x3002c0s19b0n0:999:5120 [3] NCCL INFO transport/net_ib.cc:596 Ib Alloc Size 26560 pointer 0x153554020000
x3002c0s19b0n0:998:5117 [2] NCCL INFO New proxy recv connection 7 from local rank 2, transport 0
x3002c0s19b0n0:997:5113 [1] NCCL INFO transport/net_ib.cc:683 Ib Alloc Size 21688 pointer 0x14c6c801d000
x3002c0s19b0n0:997:5113 [1] NCCL INFO transport/net_ib.cc:696 Ib Alloc Size 552 pointer 0x14c6c8024000
x3002c0s19b0n0:999:5120 [3] NCCL INFO NET/IB: Dev 1 Port 1 qpn 30293 mtu 5 GID 0 (80FE/CD0000FEFF000000)
x3002c0s19b0n0:999:5120 [3] NCCL INFO transport/net_ib.cc:653 Ib Alloc Size 552 pointer 0x153554038000
x3002c0s19b0n0:999:5120 [3] NCCL INFO transport/net.cc:571 Cuda Host Alloc Size 9641984 pointer 0x1535a0c00000
x3002c0s19b0n0:997:5113 [1] NCCL INFO transport/net_ib.cc:771 Ib Alloc Size 552 pointer 0x14c6c8041000
x3002c0s19b0n0:997:5113 [1] NCCL INFO transport/net.cc:698 Cuda Host Alloc Size 9641984 pointer 0x14c734600000
x3002c0s19b0n0:999:5120 [3] NCCL INFO transport/net_ib.cc:596 Ib Alloc Size 26560 pointer 0x15355403a000
x3002c0s19b0n0:998:4939 [2] NCCL INFO Connection to proxy localRank 2 -> connection 0x14d128000e40
x3002c0s19b0n0:999:5120 [3] NCCL INFO NET/IB: Dev 0 Port 1 qpn 32585 mtu 5 GID 0 (80FE/9B0000FEFF000000)
x3002c0s19b0n0:999:5120 [3] NCCL INFO transport/net_ib.cc:653 Ib Alloc Size 552 pointer 0x153554051000
x3002c0s19b0n0:999:5120 [3] NCCL INFO transport/net.cc:571 Cuda Host Alloc Size 9641984 pointer 0x1535a1600000
x3002c0s19b0n0:998:5117 [2] NCCL INFO transport/p2p.cc:449 Cuda Alloc Size 6291456 pointer 0x14d199000000
x3002c0s19b0n0:997:5113 [1] NCCL INFO transport/net_ib.cc:683 Ib Alloc Size 21688 pointer 0x14c6c8043000
x3002c0s19b0n0:997:5113 [1] NCCL INFO transport/net_ib.cc:696 Ib Alloc Size 552 pointer 0x14c6c804a000
x3002c0s19b0n0:997:5113 [1] NCCL INFO transport/net_ib.cc:771 Ib Alloc Size 552 pointer 0x14c6c8065000
x3002c0s19b0n0:997:5113 [1] NCCL INFO transport/net.cc:698 Cuda Host Alloc Size 9641984 pointer 0x14c735000000
x3002c0s19b0n0:999:5120 [3] NCCL INFO transport/net_ib.cc:596 Ib Alloc Size 26560 pointer 0x153554053000
