x3004c0s37b1n0:51853:56014 [1] NCCL INFO New proxy recv connection 20 from local rank 1, transport 0
x3004c0s37b1n0:51850:55847 [0] NCCL INFO Connection to proxy localRank 0 -> connection 0x14ad20001200
x3004c0s37b1n0:51850:55847 [0] NCCL INFO Channel 00/0 : 12[7000] -> 8[7000] [send] via NET/IB/1
x3004c0s37b1n0:51850:55847 [0] NCCL INFO GPU Direct RDMA Disabled for GPU 7000 / HCA 0 (distance 7 > 4)
x3004c0s37b1n0:51850:56011 [0] NCCL INFO New proxy send connection 23 from local rank 0, transport 2
x3004c0s37b1n0:51853:55838 [1] NCCL INFO Connection to proxy localRank 1 -> connection 0x14f578001180
x3004c0s37b1n0:51850:55847 [0] NCCL INFO Connection to proxy localRank 0 -> connection 0x14ad20001240
x3004c0s37b1n0:51850:55847 [0] NCCL INFO Channel 01/0 : 12[7000] -> 8[7000] [send] via NET/IB/0
x3004c0s37b1n0:51853:56014 [1] NCCL INFO transport/p2p.cc:449 Cuda Alloc Size 6291456 pointer 0x14f560000000
x3004c0s37b1n0:51853:56014 [1] NCCL INFO New proxy recv connection 21 from local rank 1, transport 0
x3004c0s37b1n0:51853:55838 [1] NCCL INFO Connection to proxy localRank 1 -> connection 0x14f5780011c0
x3004c0s37b1n0:51853:56014 [1] NCCL INFO transport/p2p.cc:449 Cuda Alloc Size 6291456 pointer 0x14f560600000
x3004c0s37b1n0:51853:56014 [1] NCCL INFO New proxy recv connection 22 from local rank 1, transport 0
x3004c0s37b1n0:51853:55838 [1] NCCL INFO Connection to proxy localRank 1 -> connection 0x14f578001200
x3004c0s37b1n0:51853:56014 [1] NCCL INFO transport/p2p.cc:449 Cuda Alloc Size 6291456 pointer 0x14f560c00000
x3004c0s37b1n0:51853:56014 [1] NCCL INFO New proxy recv connection 23 from local rank 1, transport 0
x3004c0s37b1n0:51853:55838 [1] NCCL INFO Connection to proxy localRank 1 -> connection 0x14f578001240
x3004c0s37b1n0:51850:56011 [0] NCCL INFO transport/net_ib.cc:596 Ib Alloc Size 26560 pointer 0x14ad20143000
x3004c0s37b1n0:51853:56014 [1] NCCL INFO transport/p2p.cc:449 Cuda Alloc Size 6291456 pointer 0x14f561200000
x3004c0s37b1n0:51850:56011 [0] NCCL INFO NET/IB: Dev 1 Port 1 qpn 6086 mtu 5 GID 0 (80FE/AB0100FEFF000000)
x3004c0s37b1n0:51850:56011 [0] NCCL INFO transport/net_ib.cc:653 Ib Alloc Size 552 pointer 0x14ad2015a000
x3004c0s37b1n0:51850:56011 [0] NCCL INFO transport/net.cc:571 Cuda Host Alloc Size 9641984 pointer 0x14ad0e000000
x3004c0s37b1n0:51850:56011 [0] NCCL INFO Mem Realloc old size 768, new size 1536 pointer 0x14ad200ef050
x3004c0s37b1n0:51850:56011 [0] NCCL INFO transport/net_ib.cc:596 Ib Alloc Size 26560 pointer 0x14ad2015c000
x3004c0s37b1n0:51850:56011 [0] NCCL INFO NET/IB: Dev 0 Port 1 qpn 5774 mtu 5 GID 0 (80FE/BD0100FEFF000000)
x3004c0s37b1n0:51850:56011 [0] NCCL INFO transport/net_ib.cc:653 Ib Alloc Size 552 pointer 0x14ad20173000
x3004c0s37b1n0:51850:56011 [0] NCCL INFO transport/net.cc:571 Cuda Host Alloc Size 9641984 pointer 0x14ad0ea00000
x3004c0s37b1n0:51850:56011 [0] NCCL INFO Mem Realloc old size 768, new size 1536 pointer 0x14ad20168270
x3004c0s37b1n0:51850:56011 [0] NCCL INFO transport/net_ib.cc:683 Ib Alloc Size 21688 pointer 0x14ad20175000
x3004c0s37b1n0:51850:56011 [0] NCCL INFO transport/net_ib.cc:696 Ib Alloc Size 552 pointer 0x14ad2017c000
x3004c0s37b1n0:51853:55838 [1] NCCL INFO Connected all trees by HAO
x3004c0s37b1n0:51853:55838 [1] NCCL INFO threadThresholds 8/8/64 | 160/8/64 | 512 | 512
x3004c0s37b1n0:51853:55838 [1] NCCL INFO 4 coll channels, 4 p2p channels, 2 p2p channels per peer
x3004c0s37b1n0:51853:56014 [1] NCCL INFO New proxy send connection 24 from local rank 1, transport 2
x3004c0s37b1n0:51853:55838 [1] NCCL INFO Connection to proxy localRank 1 -> connection 0x14f578001280
x3004c0s37b1n0:51858:55837 [2] NCCL INFO Connected all trees by HAO
x3004c0s37b1n0:51858:55837 [2] NCCL INFO threadThresholds 8/8/64 | 160/8/64 | 512 | 512
x3004c0s37b1n0:51858:55837 [2] NCCL INFO 4 coll channels, 4 p2p channels, 2 p2p channels per peer
x3004c0s37b1n0:51850:56011 [0] NCCL INFO transport/net_ib.cc:771 Ib Alloc Size 552 pointer 0x14ad20197000
x3004c0s37b1n0:51850:56011 [0] NCCL INFO transport/net.cc:698 Cuda Host Alloc Size 9641984 pointer 0x14ad0f400000
x3004c0s37b1n0:51858:56013 [2] NCCL INFO Allocated 4194656 bytes of shared memory in /dev/shm/nccl-NUeN9s

x3004c0s37b1n0:51858:56013 [2] NCCL INFO New proxy send connection 20 from local rank 2, transport 2
x3004c0s37b1n0:51858:55837 [2] NCCL INFO Connection to proxy localRank 2 -> connection 0x153284001180
x3004c0s37b1n0:51858:56013 [2] NCCL INFO transport/net.cc:376 Cuda Alloc Size 8388608 pointer 0x15327b800000
x3004c0s37b1n0:51853:56014 [1] NCCL INFO transport/net.cc:376 Cuda Alloc Size 8388608 pointer 0x14f55f200000
x3004c0s37b1n0:51850:56011 [0] NCCL INFO transport/net_ib.cc:683 Ib Alloc Size 21688 pointer 0x14ad20199000
x3004c0s37b1n0:51850:56011 [0] NCCL INFO transport/net_ib.cc:696 Ib Alloc Size 552 pointer 0x14ad201a0000
x3004c0s37b1n0:51850:56011 [0] NCCL INFO transport/net_ib.cc:771 Ib Alloc Size 552 pointer 0x14ad201bb000
x3004c0s37b1n0:51850:56011 [0] NCCL INFO transport/net.cc:698 Cuda Host Alloc Size 9641984 pointer 0x14ad0c000000
x3004c0s37b1n0:51850:55847 [0] NCCL INFO Connected all trees by HAO
x3004c0s37b1n0:51850:55847 [0] NCCL INFO threadThresholds 8/8/64 | 160/8/64 | 512 | 512
x3004c0s37b1n0:51850:55847 [0] NCCL INFO 4 coll channels, 4 p2p channels, 2 p2p channels per peer
x3004c0s37b1n0:51850:56011 [0] NCCL INFO New proxy send connection 24 from local rank 0, transport 2
x3004c0s37b1n0:51850:55847 [0] NCCL INFO Connection to proxy localRank 0 -> connection 0x14ad20001280
x3004c0s37b1n0:51850:55847 [0] NCCL INFO init.cc:367 Cuda Alloc Size 5168 pointer 0x14ada3e1fc00
x3004c0s37b1n0:51853:55838 [1] NCCL INFO init.cc:367 Cuda Alloc Size 5168 pointer 0x14f5cd81fc00
x3004c0s37b1n0:51862:55851 [3] NCCL INFO init.cc:367 Cuda Alloc Size 5168 pointer 0x14787181fc00
x3004c0s37b1n0:51858:55837 [2] NCCL INFO init.cc:367 Cuda Alloc Size 5168 pointer 0x153307e1fc00
x3004c0s37b1n0:51862:55851 [3] NCCL INFO init.cc:392 Cuda Host Alloc Size 33554432 pointer 0x147810000000
x3004c0s37b1n0:51862:55851 [3] NCCL INFO init.cc:398 Cuda Host Alloc Size 128 pointer 0x147870e00a00
x3004c0s37b1n0:51862:55851 [3] NCCL INFO comm 0x55d02034cea0 rank 15 nranks 20 cudaDev 3 busId c7000 - Init COMPLETE
x3004c0s37b1n0:51858:55837 [2] NCCL INFO init.cc:392 Cuda Host Alloc Size 33554432 pointer 0x153272000000
x3004c0s37b1n0:51858:55837 [2] NCCL INFO init.cc:398 Cuda Host Alloc Size 128 pointer 0x153307400a00
x3004c0s37b1n0:51858:55837 [2] NCCL INFO comm 0x55d21d1c5b70 rank 14 nranks 20 cudaDev 2 busId 85000 - Init COMPLETE
x3004c0s37b1n0:51853:55838 [1] NCCL INFO init.cc:392 Cuda Host Alloc Size 33554432 pointer 0x14f55c000000
x3004c0s37b1n0:51853:55838 [1] NCCL INFO init.cc:398 Cuda Host Alloc Size 128 pointer 0x14f5cce00a00
x3004c0s37b1n0:51853:55838 [1] NCCL INFO comm 0x55e0236b9290 rank 13 nranks 20 cudaDev 1 busId 46000 - Init COMPLETE
x3004c0s37b1n0:51850:56011 [0] NCCL INFO transport/net.cc:376 Cuda Alloc Size 8388608 pointer 0x14ad0ca00000
x3004c0s37b1n0:51850:55847 [0] NCCL INFO init.cc:392 Cuda Host Alloc Size 33554432 pointer 0x14ad0a000000
x3004c0s37b1n0:51850:55847 [0] NCCL INFO init.cc:398 Cuda Host Alloc Size 128 pointer 0x14ada3400a00
x3004c0s37b1n0:51850:55847 [0] NCCL INFO comm 0x56255affc930 rank 12 nranks 20 cudaDev 0 busId 7000 - Init COMPLETE
x3004c0s37b1n0:51853:51853 [1] NCCL INFO AllReduce: opCount 0 sendbuff 0x14f60b600400 recvbuff 0x14f60b600400 count 1 datatype 4 op 0 root 0 comm 0x55e0236b9290 [nranks=20] stream 0x55e0215cd9f0
x3004c0s37b1n0:51853:51853 [1] NCCL INFO misc/utils.cc:235 memory stack hunk malloc(65536)
[LYD INFO in ncclLaunchKernel (enqueue.cc)] NCHANNELS is: 4x3004c0s37b1n0:51862:51862 [3] NCCL INFO AllReduce: opCount 0 sendbuff 0x1478af600400 recvbuff 0x1478af600400 count 1 datatype 4 op 0 root 0 comm 0x55d02034cea0 [nranks=20] stream 0x55d01d1975c0
x3004c0s37b1n0:51862:51862 [3] NCCL INFO misc/utils.cc:235 memory stack hunk malloc(65536)
[LYD INFO in ncclLaunchKernel (enqueue.cc)] NCHANNELS is: 4x3004c0s37b1n0:51858:51858 [2] NCCL INFO AllReduce: opCount 0 sendbuff 0x153303c00400 recvbuff 0x153303c00400 count 1 datatype 4 op 0 root 0 comm 0x55d21d1c5b70 [nranks=20] stream 0x55d219fe5620
x3004c0s37b1n0:51858:51858 [2] NCCL INFO misc/utils.cc:235 memory stack hunk malloc(65536)
[LYD INFO in ncclLaunchKernel (enqueue.cc)] NCHANNELS is: 4x3004c0s37b1n0:51850:51850 [0] NCCL INFO AllReduce: opCount 0 sendbuff 0x14ad9fa00400 recvbuff 0x14ad9fa00400 count 1 datatype 4 op 0 root 0 comm 0x56255affc930 [nranks=20] stream 0x56255801e340
x3004c0s37b1n0:51850:51850 [0] NCCL INFO misc/utils.cc:235 memory stack hunk malloc(65536)
[LYD INFO in ncclLaunchKernel (enqueue.cc)] NCHANNELS is: 4
[LYD INFO in NCCL_KERN_NAME (common.h)] 12 AllReduce TREE LL Sum int64_t Elapsed time: 42452 us

[LYD INFO in NCCL_KERN_NAME (common.h)] 15 AllReduce TREE LL Sum int64_t Elapsed time: 79762 us

[LYD INFO in NCCL_KERN_NAME (common.h)] 13 AllReduce TREE LL Sum int64_t Elapsed time: 83745 us

[LYD INFO in NCCL_KERN_NAME (common.h)] 14 AllReduce TREE LL Sum int64_t Elapsed time: 57779 us
[Hao INFO in ncclAllReduce (all_reduce.cc)] rank 3 ncclAllReduce: count: 1, datatype: ncclInt64, message size: 8 Bytes
x3004c0s37b1n0:51862:51862 [3] NCCL INFO AllReduce: opCount 0 sendbuff 0x1478af600400 recvbuff 0x1478af600400 count 1 datatype 4 op 0 root 0 comm 0x55d01eb5bef0 [nranks=1] stream 0x55d01d197480

[LYD INFO in ncclAllReduce (all_reduce.cc)] rank 0 AllReduce Time: 0.000016000 seconds
x3004c0s37b1n0:51862:51862 [3] NCCL INFO AllReduce: opCount 1 sendbuff 0x1478af600400 recvbuff 0x1478af600400 count 1 datatype 4 op 0 root 0 comm 0x55d02034cea0 [nranks=20] stream 0x55d01d1975c0
[LYD INFO in ncclLaunchKernel (enqueue.cc)] NCHANNELS is: 4[Hao INFO in ncclAllReduce (all_reduce.cc)] rank 0 ncclAllReduce: count: 1, datatype: ncclInt64, message size: 8 Bytes
x3004c0s37b1n0:51850:51850 [0] NCCL INFO AllReduce: opCount 0 sendbuff 0x14ad9fa00400 recvbuff 0x14ad9fa00400 count 1 datatype 4 op 0 root 0 comm 0x56255aff9c70 [nranks=1] stream 0x56255803edb0

[LYD INFO in ncclAllReduce (all_reduce.cc)] rank 0 AllReduce Time: 0.000015000 seconds
x3004c0s37b1n0:51850:51850 [0] NCCL INFO AllReduce: opCount 1 sendbuff 0x14ad9fa00400 recvbuff 0x14ad9fa00400 count 1 datatype 4 op 0 root 0 comm 0x56255affc930 [nranks=20] stream 0x56255801e340
[LYD INFO in ncclLaunchKernel (enqueue.cc)] NCHANNELS is: 4[Hao INFO in ncclAllReduce (all_reduce.cc)] rank 1 ncclAllReduce: count: 1, datatype: ncclInt64, message size: 8 Bytes
x3004c0s37b1n0:51853:51853 [1] NCCL INFO AllReduce: opCount 0 sendbuff 0x14f60b600400 recvbuff 0x14f60b600400 count 1 datatype 4 op 0 root 0 comm 0x55e022ed9620 [nranks=1] stream 0x55e0215cd8b0

[LYD INFO in ncclAllReduce (all_reduce.cc)] rank 0 AllReduce Time: 0.000015000 seconds
x3004c0s37b1n0:51853:51853 [1] NCCL INFO AllReduce: opCount 1 sendbuff 0x14f60b600400 recvbuff 0x14f60b600400 count 1 datatype 4 op 0 root 0 comm 0x55e0236b9290 [nranks=20] stream 0x55e0215cd9f0
[LYD INFO in ncclLaunchKernel (enqueue.cc)] NCHANNELS is: 4[Hao INFO in ncclAllReduce (all_reduce.cc)] rank 2 ncclAllReduce: count: 1, datatype: ncclInt64, message size: 8 Bytes
x3004c0s37b1n0:51858:51858 [2] NCCL INFO AllReduce: opCount 0 sendbuff 0x153303c00400 recvbuff 0x153303c00400 count 1 datatype 4 op 0 root 0 comm 0x55d21b5d07b0 [nranks=1] stream 0x55d219fe54e0

[LYD INFO in ncclAllReduce (all_reduce.cc)] rank 0 AllReduce Time: 0.000014000 seconds
x3004c0s37b1n0:51858:51858 [2] NCCL INFO AllReduce: opCount 1 sendbuff 0x153303c00400 recvbuff 0x153303c00400 count 1 datatype 4 op 0 root 0 comm 0x55d21d1c5b70 [nranks=20] stream 0x55d219fe5620
[LYD INFO in ncclLaunchKernel (enqueue.cc)] NCHANNELS is: 4