x3004c0s1b1n0:14109:15395 [2] NCCL INFO transport/p2p.cc:449 Cuda Alloc Size 6291456 pointer 0x14f9ebc00000
x3004c0s1b1n0:14108:15393 [1] NCCL INFO transport/net_ib.cc:771 Ib Alloc Size 552 pointer 0x154d74079000
x3004c0s1b1n0:14108:15393 [1] NCCL INFO transport/net.cc:698 Cuda Host Alloc Size 9641984 pointer 0x154d72a00000
x3004c0s1b1n0:14108:15393 [1] NCCL INFO Mem Realloc old size 0, new size 768 pointer 0x154d7406e880
x3004c0s1b1n0:14110:15394 [3] NCCL INFO transport/net_ib.cc:596 Ib Alloc Size 26560 pointer 0x146578042000
x3004c0s1b1n0:14110:15394 [3] NCCL INFO NET/IB: Dev 0 Port 1 qpn 11962 mtu 5 GID 0 (80FE/AA0100FEFF000000)
x3004c0s1b1n0:14110:15394 [3] NCCL INFO transport/net_ib.cc:653 Ib Alloc Size 552 pointer 0x146578064000
x3004c0s1b1n0:14110:15394 [3] NCCL INFO transport/net.cc:571 Cuda Host Alloc Size 9641984 pointer 0x1465c7a00000
x3004c0s1b1n0:14110:15394 [3] NCCL INFO Mem Realloc old size 0, new size 768 pointer 0x146578051c50
x3004c0s1b1n0:14109:15395 [2] NCCL INFO New proxy recv connection 7 from local rank 2, transport 0
x3004c0s1b1n0:14110:15394 [3] NCCL INFO transport/net_ib.cc:596 Ib Alloc Size 26560 pointer 0x146578066000
x3004c0s1b1n0:14108:15393 [1] NCCL INFO transport/net_ib.cc:683 Ib Alloc Size 21688 pointer 0x154d7407b000
x3004c0s1b1n0:14108:15393 [1] NCCL INFO transport/net_ib.cc:696 Ib Alloc Size 552 pointer 0x154d74082000
x3004c0s1b1n0:14109:15207 [2] NCCL INFO Connection to proxy localRank 2 -> connection 0x14f99c000e40
x3004c0s1b1n0:14109:15395 [2] NCCL INFO transport/p2p.cc:449 Cuda Alloc Size 6291456 pointer 0x14f9ec200000
x3004c0s1b1n0:14110:15394 [3] NCCL INFO NET/IB: Dev 1 Port 1 qpn 12026 mtu 5 GID 0 (80FE/EF0100FEFF000000)
x3004c0s1b1n0:14110:15394 [3] NCCL INFO transport/net_ib.cc:653 Ib Alloc Size 552 pointer 0x14657807d000
x3004c0s1b1n0:14110:15394 [3] NCCL INFO transport/net.cc:571 Cuda Host Alloc Size 9641984 pointer 0x1465c8400000
x3004c0s1b1n0:14108:15393 [1] NCCL INFO transport/net_ib.cc:771 Ib Alloc Size 552 pointer 0x154d7409d000
x3004c0s1b1n0:14108:15393 [1] NCCL INFO transport/net.cc:698 Cuda Host Alloc Size 9641984 pointer 0x154d73400000
x3004c0s1b1n0:14110:15394 [3] NCCL INFO transport/net_ib.cc:596 Ib Alloc Size 26560 pointer 0x14657807f000
x3004c0s1b1n0:14108:15393 [1] NCCL INFO transport/net_ib.cc:683 Ib Alloc Size 21688 pointer 0x154d7409f000
x3004c0s1b1n0:14108:15393 [1] NCCL INFO transport/net_ib.cc:696 Ib Alloc Size 552 pointer 0x154d740a6000
x3004c0s1b1n0:14110:15394 [3] NCCL INFO NET/IB: Dev 0 Port 1 qpn 11964 mtu 5 GID 0 (80FE/AA0100FEFF000000)
x3004c0s1b1n0:14110:15394 [3] NCCL INFO transport/net_ib.cc:653 Ib Alloc Size 552 pointer 0x146578096000
x3004c0s1b1n0:14110:15394 [3] NCCL INFO transport/net.cc:571 Cuda Host Alloc Size 9641984 pointer 0x1465c8e00000
x3004c0s1b1n0:14108:15393 [1] NCCL INFO transport/net_ib.cc:771 Ib Alloc Size 552 pointer 0x154d740c1000
x3004c0s1b1n0:14108:15393 [1] NCCL INFO transport/net.cc:698 Cuda Host Alloc Size 9641984 pointer 0x154d70000000
x3004c0s1b1n0:14109:15207 [2] NCCL INFO Connected all rings
x3004c0s1b1n0:14109:15395 [2] NCCL INFO New proxy recv connection 8 from local rank 2, transport 0
x3004c0s1b1n0:14107:15384 [0] NCCL INFO New proxy recv connection 4 from local rank 0, transport 0
x3004c0s1b1n0:14110:15210 [3] NCCL INFO Connected all rings
x3004c0s1b1n0:14110:15210 [3] NCCL INFO Channel 00/0 : 7[c7000] -> 6[85000] via P2P/IPC/read
x3004c0s1b1n0:14110:15394 [3] NCCL INFO New proxy send connection 8 from local rank 3, transport 0
x3004c0s1b1n0:14108:15209 [1] NCCL INFO Channel 00/0 : 5[46000] -> 4[7000] via P2P/IPC/read
x3004c0s1b1n0:14108:15393 [1] NCCL INFO New proxy send connection 4 from local rank 1, transport 0
x3004c0s1b1n0:14110:15210 [3] NCCL INFO Connection to proxy localRank 3 -> connection 0x146578000e80
x3004c0s1b1n0:14110:15394 [3] NCCL INFO transport/p2p.cc:430 Cuda Alloc Size 6291456 pointer 0x1465c9800000
x3004c0s1b1n0:14107:15208 [0] NCCL INFO Connection to proxy localRank 0 -> connection 0x150e8c000d80
x3004c0s1b1n0:14107:15384 [0] NCCL INFO transport/p2p.cc:449 Cuda Alloc Size 6291456 pointer 0x150e8ac00000
x3004c0s1b1n0:14109:15207 [2] NCCL INFO Connection to proxy localRank 2 -> connection 0x14f99c000e80
x3004c0s1b1n0:14109:15395 [2] NCCL INFO transport/p2p.cc:449 Cuda Alloc Size 6291456 pointer 0x14f9ee000000
x3004c0s1b1n0:14108:15209 [1] NCCL INFO Connection to proxy localRank 1 -> connection 0x154d74000d80
x3004c0s1b1n0:14108:15393 [1] NCCL INFO transport/p2p.cc:430 Cuda Alloc Size 6291456 pointer 0x154d70a00000
x3004c0s1b1n0:14110:15210 [3] NCCL INFO Channel 01/0 : 7[c7000] -> 6[85000] via P2P/IPC/read
x3004c0s1b1n0:14110:15394 [3] NCCL INFO New proxy send connection 9 from local rank 3, transport 0
x3004c0s1b1n0:14107:15384 [0] NCCL INFO New proxy recv connection 5 from local rank 0, transport 0
x3004c0s1b1n0:14109:15395 [2] NCCL INFO New proxy recv connection 9 from local rank 2, transport 0
x3004c0s1b1n0:14108:15209 [1] NCCL INFO Channel 01/0 : 5[46000] -> 4[7000] via P2P/IPC/read
x3004c0s1b1n0:14108:15393 [1] NCCL INFO New proxy send connection 5 from local rank 1, transport 0
x3004c0s1b1n0:14110:15210 [3] NCCL INFO Connection to proxy localRank 3 -> connection 0x146578000ec0
x3004c0s1b1n0:14110:15394 [3] NCCL INFO transport/p2p.cc:430 Cuda Alloc Size 6291456 pointer 0x1465c9e00000
x3004c0s1b1n0:14107:15208 [0] NCCL INFO Connection to proxy localRank 0 -> connection 0x150e8c000dc0
x3004c0s1b1n0:14107:15384 [0] NCCL INFO transport/p2p.cc:449 Cuda Alloc Size 6291456 pointer 0x150e8b200000
x3004c0s1b1n0:14109:15207 [2] NCCL INFO Connection to proxy localRank 2 -> connection 0x14f99c000ec0
x3004c0s1b1n0:14109:15395 [2] NCCL INFO transport/p2p.cc:449 Cuda Alloc Size 6291456 pointer 0x14f9ee600000
x3004c0s1b1n0:14108:15209 [1] NCCL INFO Connection to proxy localRank 1 -> connection 0x154d74000dc0
x3004c0s1b1n0:14108:15393 [1] NCCL INFO transport/p2p.cc:430 Cuda Alloc Size 6291456 pointer 0x154d71000000
x3004c0s1b1n0:14110:15210 [3] NCCL INFO Channel 02/0 : 7[c7000] -> 6[85000] via P2P/IPC/read
x3004c0s1b1n0:14110:15394 [3] NCCL INFO New proxy send connection 10 from local rank 3, transport 0
x3004c0s1b1n0:14107:15384 [0] NCCL INFO New proxy recv connection 6 from local rank 0, transport 0
x3004c0s1b1n0:14109:15395 [2] NCCL INFO New proxy recv connection 10 from local rank 2, transport 0
x3004c0s1b1n0:14110:15210 [3] NCCL INFO Connection to proxy localRank 3 -> connection 0x146578000f00
x3004c0s1b1n0:14110:15394 [3] NCCL INFO transport/p2p.cc:430 Cuda Alloc Size 6291456 pointer 0x1465ca400000
x3004c0s1b1n0:14108:15209 [1] NCCL INFO Channel 02/0 : 5[46000] -> 4[7000] via P2P/IPC/read
x3004c0s1b1n0:14108:15393 [1] NCCL INFO New proxy send connection 6 from local rank 1, transport 0
x3004c0s1b1n0:14107:15208 [0] NCCL INFO Connection to proxy localRank 0 -> connection 0x150e8c000e00
x3004c0s1b1n0:14107:15384 [0] NCCL INFO transport/p2p.cc:449 Cuda Alloc Size 6291456 pointer 0x150e8b800000
x3004c0s1b1n0:14109:15207 [2] NCCL INFO Connection to proxy localRank 2 -> connection 0x14f99c000f00
x3004c0s1b1n0:14109:15395 [2] NCCL INFO transport/p2p.cc:449 Cuda Alloc Size 6291456 pointer 0x14f9eec00000
x3004c0s1b1n0:14108:15209 [1] NCCL INFO Connection to proxy localRank 1 -> connection 0x154d74000e00
x3004c0s1b1n0:14108:15393 [1] NCCL INFO transport/p2p.cc:430 Cuda Alloc Size 6291456 pointer 0x154d71600000
x3004c0s1b1n0:14110:15210 [3] NCCL INFO Channel 03/0 : 7[c7000] -> 6[85000] via P2P/IPC/read
x3004c0s1b1n0:14110:15394 [3] NCCL INFO New proxy send connection 11 from local rank 3, transport 0
x3004c0s1b1n0:14110:15210 [3] NCCL INFO Connection to proxy localRank 3 -> connection 0x146578000f40
x3004c0s1b1n0:14110:15394 [3] NCCL INFO transport/p2p.cc:430 Cuda Alloc Size 6291456 pointer 0x1465caa00000
x3004c0s1b1n0:14107:15384 [0] NCCL INFO New proxy recv connection 7 from local rank 0, transport 0
x3004c0s1b1n0:14109:15395 [2] NCCL INFO New proxy recv connection 11 from local rank 2, transport 0
x3004c0s1b1n0:14108:15209 [1] NCCL INFO Channel 03/0 : 5[46000] -> 4[7000] via P2P/IPC/read
x3004c0s1b1n0:14108:15393 [1] NCCL INFO New proxy send connection 7 from local rank 1, transport 0
x3004c0s1b1n0:14107:15208 [0] NCCL INFO Connection to proxy localRank 0 -> connection 0x150e8c000e40
x3004c0s1b1n0:14107:15384 [0] NCCL INFO transport/p2p.cc:449 Cuda Alloc Size 6291456 pointer 0x150e88000000
x3004c0s1b1n0:14109:15207 [2] NCCL INFO Connection to proxy localRank 2 -> connection 0x14f99c000f40
x3004c0s1b1n0:14109:15395 [2] NCCL INFO transport/p2p.cc:449 Cuda Alloc Size 6291456 pointer 0x14f9ef200000
x3004c0s1b1n0:14108:15209 [1] NCCL INFO Connection to proxy localRank 1 -> connection 0x154d74000e40
x3004c0s1b1n0:14108:15393 [1] NCCL INFO transport/p2p.cc:430 Cuda Alloc Size 6291456 pointer 0x154d83a00000
x3004c0s1b1n0:14108:15209 [1] NCCL INFO Connected all rings
x3004c0s1b1n0:14108:15393 [1] NCCL INFO New proxy recv connection 8 from local rank 1, transport 0
x3004c0s1b1n0:14107:15208 [0] NCCL INFO Connected all rings
x3004c0s1b1n0:14107:15208 [0] NCCL INFO Channel 00/0 : 4[7000] -> 5[46000] via P2P/IPC/read
x3004c0s1b1n0:14107:15384 [0] NCCL INFO New proxy send connection 8 from local rank 0, transport 0
x3004c0s1b1n0:14107:15208 [0] NCCL INFO Connection to proxy localRank 0 -> connection 0x150e8c000e80
x3004c0s1b1n0:14107:15384 [0] NCCL INFO transport/p2p.cc:430 Cuda Alloc Size 6291456 pointer 0x150e86000000
x3004c0s1b1n0:14108:15209 [1] NCCL INFO Connection to proxy localRank 1 -> connection 0x154d74000e80
x3004c0s1b1n0:14108:15393 [1] NCCL INFO transport/p2p.cc:449 Cuda Alloc Size 6291456 pointer 0x154d6f800000
x3004c0s1b1n0:14107:15208 [0] NCCL INFO Channel 01/0 : 4[7000] -> 5[46000] via P2P/IPC/read
x3004c0s1b1n0:14107:15384 [0] NCCL INFO New proxy send connection 9 from local rank 0, transport 0
x3004c0s1b1n0:14108:15393 [1] NCCL INFO New proxy recv connection 9 from local rank 1, transport 0
x3004c0s1b1n0:14108:15209 [1] NCCL INFO Connection to proxy localRank 1 -> connection 0x154d74000ec0
x3004c0s1b1n0:14108:15393 [1] NCCL INFO transport/p2p.cc:449 Cuda Alloc Size 6291456 pointer 0x154d6c000000
x3004c0s1b1n0:14107:15208 [0] NCCL INFO Connection to proxy localRank 0 -> connection 0x150e8c000ec0
x3004c0s1b1n0:14107:15384 [0] NCCL INFO transport/p2p.cc:430 Cuda Alloc Size 6291456 pointer 0x150e86600000
x3004c0s1b1n0:14108:15393 [1] NCCL INFO New proxy recv connection 10 from local rank 1, transport 0
x3004c0s1b1n0:14107:15208 [0] NCCL INFO Channel 02/0 : 4[7000] -> 5[46000] via P2P/IPC/read
x3004c0s1b1n0:14107:15384 [0] NCCL INFO New proxy send connection 10 from local rank 0, transport 0
x3004c0s1b1n0:14108:15209 [1] NCCL INFO Connection to proxy localRank 1 -> connection 0x154d74000f00
x3004c0s1b1n0:14108:15393 [1] NCCL INFO transport/p2p.cc:449 Cuda Alloc Size 6291456 pointer 0x154d6c600000
x3004c0s1b1n0:14107:15208 [0] NCCL INFO Connection to proxy localRank 0 -> connection 0x150e8c000f00
x3004c0s1b1n0:14107:15384 [0] NCCL INFO transport/p2p.cc:430 Cuda Alloc Size 6291456 pointer 0x150e86c00000
x3004c0s1b1n0:14108:15393 [1] NCCL INFO New proxy recv connection 11 from local rank 1, transport 0
x3004c0s1b1n0:14107:15208 [0] NCCL INFO Channel 03/0 : 4[7000] -> 5[46000] via P2P/IPC/read
x3004c0s1b1n0:14107:15384 [0] NCCL INFO New proxy send connection 11 from local rank 0, transport 0
x3004c0s1b1n0:14108:15209 [1] NCCL INFO Connection to proxy localRank 1 -> connection 0x154d74000f40
x3004c0s1b1n0:14108:15393 [1] NCCL INFO transport/p2p.cc:449 Cuda Alloc Size 6291456 pointer 0x154d6cc00000
x3004c0s1b1n0:14107:15208 [0] NCCL INFO Connection to proxy localRank 0 -> connection 0x150e8c000f40
x3004c0s1b1n0:14107:15384 [0] NCCL INFO transport/p2p.cc:430 Cuda Alloc Size 6291456 pointer 0x150e87200000
x3004c0s1b1n0:14108:15209 [1] NCCL INFO Channel 00/0 : 5[46000] -> 6[85000] via P2P/IPC/read
x3004c0s1b1n0:14108:15393 [1] NCCL INFO New proxy send connection 12 from local rank 1, transport 0
x3004c0s1b1n0:14108:15209 [1] NCCL INFO Connection to proxy localRank 1 -> connection 0x154d74000f80
x3004c0s1b1n0:14108:15393 [1] NCCL INFO transport/p2p.cc:430 Cuda Alloc Size 6291456 pointer 0x154d6d200000
x3004c0s1b1n0:14108:15209 [1] NCCL INFO Channel 01/0 : 5[46000] -> 6[85000] via P2P/IPC/read
x3004c0s1b1n0:14108:15393 [1] NCCL INFO New proxy send connection 13 from local rank 1, transport 0
x3004c0s1b1n0:14108:15209 [1] NCCL INFO Connection to proxy localRank 1 -> connection 0x154d74000fc0
x3004c0s1b1n0:14108:15393 [1] NCCL INFO transport/p2p.cc:430 Cuda Alloc Size 6291456 pointer 0x154d6d800000
x3004c0s1b1n0:14108:15209 [1] NCCL INFO Channel 02/0 : 5[46000] -> 6[85000] via P2P/IPC/read
x3004c0s1b1n0:14108:15393 [1] NCCL INFO New proxy send connection 14 from local rank 1, transport 0
x3004c0s1b1n0:14108:15209 [1] NCCL INFO Connection to proxy localRank 1 -> connection 0x154d74001000
x3004c0s1b1n0:14108:15393 [1] NCCL INFO transport/p2p.cc:430 Cuda Alloc Size 6291456 pointer 0x154d6a000000
x3004c0s1b1n0:14108:15209 [1] NCCL INFO Channel 03/0 : 5[46000] -> 6[85000] via P2P/IPC/read
x3004c0s1b1n0:14108:15393 [1] NCCL INFO New proxy send connection 15 from local rank 1, transport 0
x3004c0s1b1n0:14108:15209 [1] NCCL INFO Connection to proxy localRank 1 -> connection 0x154d74001040
x3004c0s1b1n0:14108:15393 [1] NCCL INFO transport/p2p.cc:430 Cuda Alloc Size 6291456 pointer 0x154d6a600000
x3004c0s1b1n0:14109:15395 [2] NCCL INFO New proxy recv connection 12 from local rank 2, transport 0
x3004c0s1b1n0:14108:15393 [1] NCCL INFO New proxy recv connection 16 from local rank 1, transport 0
x3004c0s1b1n0:14107:15208 [0] NCCL INFO GPU Direct RDMA Disabled for GPU 7000 / HCA 1 (distance 7 > 4)
x3004c0s1b1n0:14107:15384 [0] NCCL INFO Allocated 4194656 bytes of shared memory in /dev/shm/nccl-srL1NS

x3004c0s1b1n0:14107:15384 [0] NCCL INFO New proxy recv connection 12 from local rank 0, transport 2
x3004c0s1b1n0:14109:15207 [2] NCCL INFO Connection to proxy localRank 2 -> connection 0x14f99c000f80
x3004c0s1b1n0:14109:15395 [2] NCCL INFO transport/p2p.cc:449 Cuda Alloc Size 6291456 pointer 0x14f9f1000000
x3004c0s1b1n0:14107:15208 [0] NCCL INFO Connection to proxy localRank 0 -> connection 0x150e8c000f80
x3004c0s1b1n0:14108:15209 [1] NCCL INFO Connection to proxy localRank 1 -> connection 0x154d74001080
x3004c0s1b1n0:14108:15393 [1] NCCL INFO transport/p2p.cc:449 Cuda Alloc Size 6291456 pointer 0x154d66000000
x3004c0s1b1n0:14109:15395 [2] NCCL INFO New proxy recv connection 13 from local rank 2, transport 0
x3004c0s1b1n0:14109:15207 [2] NCCL INFO Connection to proxy localRank 2 -> connection 0x14f99c000fc0
x3004c0s1b1n0:14109:15395 [2] NCCL INFO transport/p2p.cc:449 Cuda Alloc Size 6291456 pointer 0x14f9f1600000
x3004c0s1b1n0:14107:15208 [0] NCCL INFO Channel 02/0 : 0[7000] -> 4[7000] [receive] via NET/IB/1
x3004c0s1b1n0:14107:15208 [0] NCCL INFO GPU Direct RDMA Disabled for GPU 7000 / HCA 0 (distance 7 > 4)
x3004c0s1b1n0:14107:15384 [0] NCCL INFO New proxy recv connection 13 from local rank 0, transport 2
x3004c0s1b1n0:14108:15393 [1] NCCL INFO New proxy recv connection 17 from local rank 1, transport 0
x3004c0s1b1n0:14109:15395 [2] NCCL INFO New proxy recv connection 14 from local rank 2, transport 0
x3004c0s1b1n0:14107:15208 [0] NCCL INFO Connection to proxy localRank 0 -> connection 0x150e8c000fc0
x3004c0s1b1n0:14107:15208 [0] NCCL INFO Channel 03/0 : 0[7000] -> 4[7000] [receive] via NET/IB/0
x3004c0s1b1n0:14107:15384 [0] NCCL INFO transport/net_ib.cc:683 Ib Alloc Size 21688 pointer 0x150e8c01b000
x3004c0s1b1n0:14109:15207 [2] NCCL INFO Connection to proxy localRank 2 -> connection 0x14f99c001000
x3004c0s1b1n0:14109:15395 [2] NCCL INFO transport/p2p.cc:449 Cuda Alloc Size 6291456 pointer 0x14f9f1c00000
x3004c0s1b1n0:14108:15209 [1] NCCL INFO Connection to proxy localRank 1 -> connection 0x154d740010c0
x3004c0s1b1n0:14108:15393 [1] NCCL INFO transport/p2p.cc:449 Cuda Alloc Size 6291456 pointer 0x154d66600000
x3004c0s1b1n0:14107:15384 [0] NCCL INFO transport/net_ib.cc:696 Ib Alloc Size 552 pointer 0x150e8c022000
x3004c0s1b1n0:14108:15393 [1] NCCL INFO New proxy recv connection 18 from local rank 1, transport 0
x3004c0s1b1n0:14109:15395 [2] NCCL INFO New proxy recv connection 15 from local rank 2, transport 0
x3004c0s1b1n0:14107:15384 [0] NCCL INFO transport/net_ib.cc:771 Ib Alloc Size 552 pointer 0x150e8c049000
x3004c0s1b1n0:14107:15384 [0] NCCL INFO transport/net.cc:698 Cuda Host Alloc Size 9641984 pointer 0x150e85200000
x3004c0s1b1n0:14107:15384 [0] NCCL INFO Mem Realloc old size 0, new size 768 pointer 0x150e8c03e280
x3004c0s1b1n0:14108:15209 [1] NCCL INFO Connection to proxy localRank 1 -> connection 0x154d74001100
x3004c0s1b1n0:14108:15393 [1] NCCL INFO transport/p2p.cc:449 Cuda Alloc Size 6291456 pointer 0x154d66c00000
x3004c0s1b1n0:14109:15207 [2] NCCL INFO Connection to proxy localRank 2 -> connection 0x14f99c001040
x3004c0s1b1n0:14107:15384 [0] NCCL INFO transport/net_ib.cc:683 Ib Alloc Size 21688 pointer 0x150e8c04b000
x3004c0s1b1n0:14107:15384 [0] NCCL INFO transport/net_ib.cc:696 Ib Alloc Size 552 pointer 0x150e8c052000
x3004c0s1b1n0:14109:15395 [2] NCCL INFO transport/p2p.cc:449 Cuda Alloc Size 6291456 pointer 0x14f9f2200000
x3004c0s1b1n0:14107:15384 [0] NCCL INFO transport/net_ib.cc:771 Ib Alloc Size 552 pointer 0x150e8c077000
x3004c0s1b1n0:14107:15384 [0] NCCL INFO transport/net.cc:698 Cuda Host Alloc Size 9641984 pointer 0x150e7e000000
x3004c0s1b1n0:14107:15384 [0] NCCL INFO Mem Realloc old size 0, new size 768 pointer 0x150e8c04a1c0
x3004c0s1b1n0:14108:15393 [1] NCCL INFO New proxy recv connection 19 from local rank 1, transport 0
x3004c0s1b1n0:14109:15207 [2] NCCL INFO Channel 00/0 : 6[85000] -> 5[46000] via P2P/IPC/read
x3004c0s1b1n0:14109:15395 [2] NCCL INFO New proxy send connection 16 from local rank 2, transport 0
x3004c0s1b1n0:14108:15209 [1] NCCL INFO Connection to proxy localRank 1 -> connection 0x154d74001140
x3004c0s1b1n0:14108:15393 [1] NCCL INFO transport/p2p.cc:449 Cuda Alloc Size 6291456 pointer 0x154d67200000
x3004c0s1b1n0:14109:15207 [2] NCCL INFO Connection to proxy localRank 2 -> connection 0x14f99c001080
x3004c0s1b1n0:14107:15208 [0] NCCL INFO GPU Direct RDMA Disabled for GPU 7000 / HCA 1 (distance 7 > 4)
x3004c0s1b1n0:14107:15384 [0] NCCL INFO New proxy send connection 14 from local rank 0, transport 2
x3004c0s1b1n0:14109:15395 [2] NCCL INFO transport/p2p.cc:430 Cuda Alloc Size 6291456 pointer 0x14f9f2800000
x3004c0s1b1n0:14109:15207 [2] NCCL INFO Channel 01/0 : 6[85000] -> 5[46000] via P2P/IPC/read
x3004c0s1b1n0:14109:15395 [2] NCCL INFO New proxy send connection 17 from local rank 2, transport 0
x3004c0s1b1n0:14107:15208 [0] NCCL INFO Connection to proxy localRank 0 -> connection 0x150e8c001000
x3004c0s1b1n0:14107:15208 [0] NCCL INFO Channel 00/0 : 4[7000] -> 9[46000] [send] via NET/IB/1
x3004c0s1b1n0:14107:15208 [0] NCCL INFO GPU Direct RDMA Disabled for GPU 7000 / HCA 0 (distance 7 > 4)
x3004c0s1b1n0:14107:15384 [0] NCCL INFO New proxy send connection 15 from local rank 0, transport 2
x3004c0s1b1n0:14109:15207 [2] NCCL INFO Connection to proxy localRank 2 -> connection 0x14f99c0010c0
x3004c0s1b1n0:14109:15395 [2] NCCL INFO transport/p2p.cc:430 Cuda Alloc Size 6291456 pointer 0x14f9f2e00000
x3004c0s1b1n0:14107:15208 [0] NCCL INFO Connection to proxy localRank 0 -> connection 0x150e8c001040
x3004c0s1b1n0:14107:15208 [0] NCCL INFO Channel 01/0 : 4[7000] -> 9[46000] [send] via NET/IB/0
x3004c0s1b1n0:14107:15384 [0] NCCL INFO transport/net_ib.cc:596 Ib Alloc Size 26560 pointer 0x150e8c083000
x3004c0s1b1n0:14107:15384 [0] NCCL INFO NET/IB: Dev 1 Port 1 qpn 12031 mtu 5 GID 0 (80FE/EF0100FEFF000000)
x3004c0s1b1n0:14107:15384 [0] NCCL INFO transport/net_ib.cc:653 Ib Alloc Size 552 pointer 0x150e8c09a000
x3004c0s1b1n0:14107:15384 [0] NCCL INFO transport/net.cc:571 Cuda Host Alloc Size 9641984 pointer 0x150e7ea00000
x3004c0s1b1n0:14109:15207 [2] NCCL INFO Channel 02/0 : 6[85000] -> 5[46000] via P2P/IPC/read
x3004c0s1b1n0:14109:15395 [2] NCCL INFO New proxy send connection 18 from local rank 2, transport 0
x3004c0s1b1n0:14109:15207 [2] NCCL INFO Connection to proxy localRank 2 -> connection 0x14f99c001100
x3004c0s1b1n0:14109:15395 [2] NCCL INFO transport/p2p.cc:430 Cuda Alloc Size 6291456 pointer 0x14f9f3400000
x3004c0s1b1n0:14107:15384 [0] NCCL INFO transport/net_ib.cc:596 Ib Alloc Size 26560 pointer 0x150e8c09c000
x3004c0s1b1n0:14107:15384 [0] NCCL INFO NET/IB: Dev 0 Port 1 qpn 11968 mtu 5 GID 0 (80FE/AA0100FEFF000000)
x3004c0s1b1n0:14107:15384 [0] NCCL INFO transport/net_ib.cc:653 Ib Alloc Size 552 pointer 0x150e8c0b3000
x3004c0s1b1n0:14107:15384 [0] NCCL INFO transport/net.cc:571 Cuda Host Alloc Size 9641984 pointer 0x150e7f400000
x3004c0s1b1n0:14109:15207 [2] NCCL INFO Channel 03/0 : 6[85000] -> 5[46000] via P2P/IPC/read
x3004c0s1b1n0:14107:15208 [0] NCCL INFO GPU Direct RDMA Disabled for GPU 7000 / HCA 1 (distance 7 > 4)
x3004c0s1b1n0:14107:15384 [0] NCCL INFO New proxy recv connection 16 from local rank 0, transport 2
x3004c0s1b1n0:14107:15208 [0] NCCL INFO Connection to proxy localRank 0 -> connection 0x150e8c001080
x3004c0s1b1n0:14109:15395 [2] NCCL INFO New proxy send connection 19 from local rank 2, transport 0
x3004c0s1b1n0:14109:15207 [2] NCCL INFO Connection to proxy localRank 2 -> connection 0x14f99c001140
x3004c0s1b1n0:14109:15395 [2] NCCL INFO transport/p2p.cc:430 Cuda Alloc Size 6291456 pointer 0x14f9f3a00000
x3004c0s1b1n0:14107:15208 [0] NCCL INFO Channel 00/0 : 9[46000] -> 4[7000] [receive] via NET/IB/1
x3004c0s1b1n0:14107:15208 [0] NCCL INFO GPU Direct RDMA Disabled for GPU 7000 / HCA 0 (distance 7 > 4)
x3004c0s1b1n0:14107:15384 [0] NCCL INFO New proxy recv connection 17 from local rank 0, transport 2
x3004c0s1b1n0:14107:15208 [0] NCCL INFO Connection to proxy localRank 0 -> connection 0x150e8c0010c0
x3004c0s1b1n0:14109:15207 [2] NCCL INFO Connected all trees by HAO
x3004c0s1b1n0:14109:15207 [2] NCCL INFO threadThresholds 8/8/64 | 160/8/64 | 512 | 512
x3004c0s1b1n0:14109:15207 [2] NCCL INFO 4 coll channels, 4 p2p channels, 2 p2p channels per peer
x3004c0s1b1n0:14109:15395 [2] NCCL INFO Allocated 4194656 bytes of shared memory in /dev/shm/nccl-v0Jmi5

x3004c0s1b1n0:14109:15395 [2] NCCL INFO New proxy send connection 20 from local rank 2, transport 2
x3004c0s1b1n0:14110:15210 [3] NCCL INFO Connected all trees by HAO
x3004c0s1b1n0:14110:15210 [3] NCCL INFO threadThresholds 8/8/64 | 160/8/64 | 512 | 512
x3004c0s1b1n0:14110:15210 [3] NCCL INFO 4 coll channels, 4 p2p channels, 2 p2p channels per peer
x3004c0s1b1n0:14110:15394 [3] NCCL INFO New proxy send connection 12 from local rank 3, transport 2
x3004c0s1b1n0:14108:15209 [1] NCCL INFO Connected all trees by HAO
x3004c0s1b1n0:14108:15209 [1] NCCL INFO threadThresholds 8/8/64 | 160/8/64 | 512 | 512
x3004c0s1b1n0:14108:15209 [1] NCCL INFO 4 coll channels, 4 p2p channels, 2 p2p channels per peer
x3004c0s1b1n0:14108:15393 [1] NCCL INFO New proxy send connection 20 from local rank 1, transport 2
x3004c0s1b1n0:14107:15208 [0] NCCL INFO Channel 01/0 : 9[46000] -> 4[7000] [receive] via NET/IB/0
x3004c0s1b1n0:14110:15210 [3] NCCL INFO Connection to proxy localRank 3 -> connection 0x146578000f80
x3004c0s1b1n0:14110:15394 [3] NCCL INFO transport/net.cc:376 Cuda Alloc Size 8388608 pointer 0x1465cc800000
x3004c0s1b1n0:14108:15209 [1] NCCL INFO Connection to proxy localRank 1 -> connection 0x154d74001180
x3004c0s1b1n0:14107:15384 [0] NCCL INFO transport/net_ib.cc:683 Ib Alloc Size 21688 pointer 0x150e8c0bf000
x3004c0s1b1n0:14107:15384 [0] NCCL INFO transport/net_ib.cc:696 Ib Alloc Size 552 pointer 0x150e8c0c6000
x3004c0s1b1n0:14108:15393 [1] NCCL INFO transport/net.cc:376 Cuda Alloc Size 8388608 pointer 0x154d65200000
x3004c0s1b1n0:14109:15207 [2] NCCL INFO Connection to proxy localRank 2 -> connection 0x14f99c001180
x3004c0s1b1n0:14109:15395 [2] NCCL INFO transport/net.cc:376 Cuda Alloc Size 8388608 pointer 0x14f9f7000000
x3004c0s1b1n0:14107:15384 [0] NCCL INFO transport/net_ib.cc:771 Ib Alloc Size 552 pointer 0x150e8c0e1000
x3004c0s1b1n0:14107:15384 [0] NCCL INFO transport/net.cc:698 Cuda Host Alloc Size 9641984 pointer 0x150e7c000000
x3004c0s1b1n0:14107:15384 [0] NCCL INFO transport/net_ib.cc:683 Ib Alloc Size 21688 pointer 0x150e8c0e3000
x3004c0s1b1n0:14107:15384 [0] NCCL INFO transport/net_ib.cc:696 Ib Alloc Size 552 pointer 0x150e8c0ea000
x3004c0s1b1n0:14107:15384 [0] NCCL INFO transport/net_ib.cc:771 Ib Alloc Size 552 pointer 0x150e8c105000
x3004c0s1b1n0:14107:15384 [0] NCCL INFO transport/net.cc:698 Cuda Host Alloc Size 9641984 pointer 0x150e7ca00000
x3004c0s1b1n0:14107:15208 [0] NCCL INFO GPU Direct RDMA Disabled for GPU 7000 / HCA 1 (distance 7 > 4)
x3004c0s1b1n0:14107:15384 [0] NCCL INFO New proxy send connection 18 from local rank 0, transport 2
x3004c0s1b1n0:14107:15208 [0] NCCL INFO Connection to proxy localRank 0 -> connection 0x150e8c001100
x3004c0s1b1n0:14107:15208 [0] NCCL INFO Channel 02/0 : 4[7000] -> 0[7000] [send] via NET/IB/1
x3004c0s1b1n0:14107:15208 [0] NCCL INFO GPU Direct RDMA Disabled for GPU 7000 / HCA 0 (distance 7 > 4)
x3004c0s1b1n0:14107:15384 [0] NCCL INFO New proxy send connection 19 from local rank 0, transport 2
x3004c0s1b1n0:14107:15208 [0] NCCL INFO Connection to proxy localRank 0 -> connection 0x150e8c001140
x3004c0s1b1n0:14107:15208 [0] NCCL INFO Channel 03/0 : 4[7000] -> 0[7000] [send] via NET/IB/0
x3004c0s1b1n0:14107:15384 [0] NCCL INFO transport/net_ib.cc:596 Ib Alloc Size 26560 pointer 0x150e8c111000
x3004c0s1b1n0:14107:15384 [0] NCCL INFO NET/IB: Dev 1 Port 1 qpn 12034 mtu 5 GID 0 (80FE/EF0100FEFF000000)
x3004c0s1b1n0:14107:15384 [0] NCCL INFO transport/net_ib.cc:653 Ib Alloc Size 552 pointer 0x150e8c128000
x3004c0s1b1n0:14107:15384 [0] NCCL INFO transport/net.cc:571 Cuda Host Alloc Size 9641984 pointer 0x150e7d400000
x3004c0s1b1n0:14107:15384 [0] NCCL INFO transport/net_ib.cc:596 Ib Alloc Size 26560 pointer 0x150e8c12a000
x3004c0s1b1n0:14107:15384 [0] NCCL INFO NET/IB: Dev 0 Port 1 qpn 11971 mtu 5 GID 0 (80FE/AA0100FEFF000000)
x3004c0s1b1n0:14107:15384 [0] NCCL INFO transport/net_ib.cc:653 Ib Alloc Size 552 pointer 0x150e8c141000
x3004c0s1b1n0:14107:15384 [0] NCCL INFO transport/net.cc:571 Cuda Host Alloc Size 9641984 pointer 0x150e7a000000
x3004c0s1b1n0:14107:15208 [0] NCCL INFO Connected all trees by HAO
x3004c0s1b1n0:14107:15208 [0] NCCL INFO threadThresholds 8/8/64 | 160/8/64 | 512 | 512
x3004c0s1b1n0:14107:15208 [0] NCCL INFO 4 coll channels, 4 p2p channels, 2 p2p channels per peer
x3004c0s1b1n0:14107:15384 [0] NCCL INFO New proxy send connection 20 from local rank 0, transport 2
x3004c0s1b1n0:14107:15208 [0] NCCL INFO Connection to proxy localRank 0 -> connection 0x150e8c001180
x3004c0s1b1n0:14107:15208 [0] NCCL INFO init.cc:367 Cuda Alloc Size 5168 pointer 0x150e95808800
x3004c0s1b1n0:14109:15207 [2] NCCL INFO init.cc:367 Cuda Alloc Size 5168 pointer 0x14f9e7e08800
x3004c0s1b1n0:14108:15209 [1] NCCL INFO init.cc:367 Cuda Alloc Size 5168 pointer 0x154d83808800
x3004c0s1b1n0:14110:15210 [3] NCCL INFO init.cc:367 Cuda Alloc Size 5168 pointer 0x1465c3e08800
x3004c0s1b1n0:14110:15210 [3] NCCL INFO init.cc:392 Cuda Host Alloc Size 33554432 pointer 0x1465cd000000
x3004c0s1b1n0:14110:15210 [3] NCCL INFO init.cc:398 Cuda Host Alloc Size 128 pointer 0x1465c3400200
x3004c0s1b1n0:14110:15210 [3] NCCL INFO comm 0x5654836ae170 rank 7 nranks 20 cudaDev 3 busId c7000 - Init COMPLETE
x3004c0s1b1n0:14109:15207 [2] NCCL INFO init.cc:392 Cuda Host Alloc Size 33554432 pointer 0x14f9f7800000
x3004c0s1b1n0:14109:15207 [2] NCCL INFO init.cc:398 Cuda Host Alloc Size 128 pointer 0x14f9e7400200
x3004c0s1b1n0:14109:15207 [2] NCCL INFO comm 0x55cf056cca10 rank 6 nranks 20 cudaDev 2 busId 85000 - Init COMPLETE
x3004c0s1b1n0:14108:15209 [1] NCCL INFO init.cc:392 Cuda Host Alloc Size 33554432 pointer 0x154d62000000
x3004c0s1b1n0:14108:15209 [1] NCCL INFO init.cc:398 Cuda Host Alloc Size 128 pointer 0x154d82e00200
x3004c0s1b1n0:14108:15209 [1] NCCL INFO comm 0x55888e117080 rank 5 nranks 20 cudaDev 1 busId 46000 - Init COMPLETE
x3004c0s1b1n0:14109:14109 [2] NCCL INFO AllReduce: opCount 0 sendbuff 0x14f9e3800200 recvbuff 0x14f9e3800200 count 1 datatype 1 op 0 root 0 comm 0x55cf056cca10 [nranks=20] stream 0x55cf1dd768f0
x3004c0s1b1n0:14109:14109 [2] NCCL INFO misc/utils.cc:235 memory stack hunk malloc(65536)
[LYD INFO in ncclLaunchKernel (enqueue.cc)] NCHANNELS is: 4x3004c0s1b1n0:14110:14110 [3] NCCL INFO AllReduce: opCount 0 sendbuff 0x1465bfc00200 recvbuff 0x1465bfc00200 count 1 datatype 1 op 0 root 0 comm 0x5654836ae170 [nranks=20] stream 0x56549d98de20
x3004c0s1b1n0:14110:14110 [3] NCCL INFO misc/utils.cc:235 memory stack hunk malloc(65536)
[LYD INFO in ncclLaunchKernel (enqueue.cc)] NCHANNELS is: 4x3004c0s1b1n0:14107:15208 [0] NCCL INFO init.cc:392 Cuda Host Alloc Size 33554432 pointer 0x150e78000000
x3004c0s1b1n0:14107:15208 [0] NCCL INFO init.cc:398 Cuda Host Alloc Size 128 pointer 0x150e94e00200
x3004c0s1b1n0:14107:15208 [0] NCCL INFO comm 0x56156bc51de0 rank 4 nranks 20 cudaDev 0 busId 7000 - Init COMPLETE
x3004c0s1b1n0:14107:15384 [0] NCCL INFO transport/net.cc:376 Cuda Alloc Size 8388608 pointer 0x150e7aa00000
x3004c0s1b1n0:14108:14108 [1] NCCL INFO AllReduce: opCount 0 sendbuff 0x154dc3600200 recvbuff 0x154dc3600200 count 1 datatype 1 op 0 root 0 comm 0x55888e117080 [nranks=20] stream 0x5588ac239550
x3004c0s1b1n0:14108:14108 [1] NCCL INFO misc/utils.cc:235 memory stack hunk malloc(65536)
[LYD INFO in ncclLaunchKernel (enqueue.cc)] NCHANNELS is: 4x3004c0s1b1n0:14107:14107 [0] NCCL INFO AllReduce: opCount 0 sendbuff 0x150ecb000200 recvbuff 0x150ecb000200 count 1 datatype 1 op 0 root 0 comm 0x56156bc51de0 [nranks=20] stream 0x561588e811e0
x3004c0s1b1n0:14107:14107 [0] NCCL INFO misc/utils.cc:235 memory stack hunk malloc(65536)
[LYD INFO in ncclLaunchKernel (enqueue.cc)] NCHANNELS is: 4
[LYD INFO in NCCL_KERN_NAME (common.h)] 6 AllReduce TREE LL Sum uint8_t Elapsed time: 1327196 us

[LYD INFO in NCCL_KERN_NAME (common.h)] 4 AllReduce TREE LL Sum uint8_t Elapsed time: 1282492 us

[LYD INFO in NCCL_KERN_NAME (common.h)] 5 AllReduce TREE LL Sum uint8_t Elapsed time: 1318568 us

[LYD INFO in NCCL_KERN_NAME (common.h)] 7 AllReduce TREE LL Sum uint8_t Elapsed time: 1333432 us
x3004c0s1b1n0:14108:14108 [1] NCCL INFO AllReduce: opCount 1 sendbuff 0x154dc3600000 recvbuff 0x154dc3600000 count 1 datatype 1 op 0 root 0 comm 0x55888e117080 [nranks=20] stream 0x5588ac239550
[LYD INFO in ncclLaunchKernel (enqueue.cc)] NCHANNELS is: 4x3004c0s1b1n0:14110:14110 [3] NCCL INFO AllReduce: opCount 1 sendbuff 0x1465bfc00000 recvbuff 0x1465bfc00000 count 1 datatype 1 op 0 root 0 comm 0x5654836ae170 [nranks=20] stream 0x56549d98de20
[LYD INFO in ncclLaunchKernel (enqueue.cc)] NCHANNELS is: 4x3004c0s1b1n0:14107:14107 [0] NCCL INFO AllReduce: opCount 1 sendbuff 0x150ecb000000 recvbuff 0x150ecb000000 count 1 datatype 1 op 0 root 0 comm 0x56156bc51de0 [nranks=20] stream 0x561588e811e0
[LYD INFO in ncclLaunchKernel (enqueue.cc)] NCHANNELS is: 4x3004c0s1b1n0:14109:14109 [2] NCCL INFO AllReduce: opCount 1 sendbuff 0x14f9e3800000 recvbuff 0x14f9e3800000 count 1 datatype 1 op 0 root 0 comm 0x55cf056cca10 [nranks=20] stream 0x55cf1dd768f0
[LYD INFO in ncclLaunchKernel (enqueue.cc)] NCHANNELS is: 4
[LYD INFO in NCCL_KERN_NAME (common.h)] 6 AllReduce TREE LL Sum uint8_t Elapsed time: 21316 us

[LYD INFO in NCCL_KERN_NAME (common.h)] 7 AllReduce TREE LL Sum uint8_t Elapsed time: 918048 us

[LYD INFO in NCCL_KERN_NAME (common.h)] 5 AllReduce TREE LL Sum uint8_t Elapsed time: 1774381 us

[LYD INFO in NCCL_KERN_NAME (common.h)] 4 AllReduce TREE LL Sum uint8_t Elapsed time: 53005 us
x3004c0s1b1n0:14108:14108 [1] NCCL INFO AllReduce: opCount 2 sendbuff 0x154dc3600000 recvbuff 0x154dc3600000 count 1 datatype 8 op 3 root 0 comm 0x55888e117080 [nranks=20] stream 0x5588ac239550
[LYD INFO in ncclLaunchKernel (enqueue.cc)] NCHANNELS is: 4x3004c0s1b1n0:14107:14107 [0] NCCL INFO AllReduce: opCount 2 sendbuff 0x150ecb000000 recvbuff 0x150ecb000000 count 1 datatype 8 op 3 root 0 comm 0x56156bc51de0 [nranks=20] stream 0x561588e811e0
[LYD INFO in ncclLaunchKernel (enqueue.cc)] NCHANNELS is: 4x3004c0s1b1n0:14110:14110 [3] NCCL INFO AllReduce: opCount 2 sendbuff 0x1465bfc00000 recvbuff 0x1465bfc00000 count 1 datatype 8 op 3 root 0 comm 0x5654836ae170 [nranks=20] stream 0x56549d98de20
[LYD INFO in ncclLaunchKernel (enqueue.cc)] NCHANNELS is: 4
[LYD INFO in NCCL_FUNC_NAME (common.h)] 7 AllReduce TREE LL Min double Elapsed time: 5 us
x3004c0s1b1n0:14109:14109 [2] NCCL INFO AllReduce: opCount 2 sendbuff 0x14f9e3800000 recvbuff 0x14f9e3800000 count 1 datatype 8 op 3 root 0 comm 0x55cf056cca10 [nranks=20] stream 0x55cf1dd768f0
[LYD INFO in ncclLaunchKernel (enqueue.cc)] NCHANNELS is: 4
[LYD INFO in NCCL_FUNC_NAME (common.h)] 6 AllReduce TREE LL Min double Elapsed time: 7 us

[LYD INFO in NCCL_KERN_NAME (common.h)] 6 AllReduce TREE LL Sum double Elapsed time: 26329 us
x3004c0s1b1n0:14109:14109 [2] NCCL INFO AllReduce: opCount 3 sendbuff 0x14f9e3800200 recvbuff 0x14f9e3800200 count 1 datatype 1 op 0 root 0 comm 0x55cf056cca10 [nranks=20] stream 0x55cf1dd768f0
[LYD INFO in ncclLaunchKernel (enqueue.cc)] NCHANNELS is: 4
[LYD INFO in NCCL_KERN_NAME (common.h)] 7 AllReduce TREE LL Sum double Elapsed time: 40100 us
x3004c0s1b1n0:14110:14110 [3] NCCL INFO AllReduce: opCount 3 sendbuff 0x1465bfc00200 recvbuff 0x1465bfc00200 count 1 datatype 1 op 0 root 0 comm 0x5654836ae170 [nranks=20] stream 0x56549d98de20
[LYD INFO in ncclLaunchKernel (enqueue.cc)] NCHANNELS is: 4
[LYD INFO in NCCL_FUNC_NAME (common.h)] 5 AllReduce TREE LL Min double Elapsed time: 30866 us

[LYD INFO in NCCL_KERN_NAME (common.h)] 5 AllReduce TREE LL Sum double Elapsed time: 51763 us
x3004c0s1b1n0:14108:14108 [1] NCCL INFO AllReduce: opCount 3 sendbuff 0x154dc3600200 recvbuff 0x154dc3600200 count 1 datatype 1 op 0 root 0 comm 0x55888e117080 [nranks=20] stream 0x5588ac239550
[LYD INFO in ncclLaunchKernel (enqueue.cc)] NCHANNELS is: 4
[LYD INFO in NCCL_FUNC_NAME (common.h)] 4 AllReduce TREE LL Min double Elapsed time: 21527 us

[LYD INFO in NCCL_KERN_NAME (common.h)] 4 AllReduce TREE LL Sum double Elapsed time: 42346 us
x3004c0s1b1n0:14107:14107 [0] NCCL INFO AllReduce: opCount 3 sendbuff 0x150ecb000200 recvbuff 0x150ecb000200 count 1 datatype 1 op 0 root 0 comm 0x56156bc51de0 [nranks=20] stream 0x561588e811e0
[LYD INFO in ncclLaunchKernel (enqueue.cc)] NCHANNELS is: 4
[LYD INFO in NCCL_KERN_NAME (common.h)] 4 AllReduce TREE LL Sum uint8_t Elapsed time: 37750 us

[LYD INFO in NCCL_KERN_NAME (common.h)] 7 AllReduce TREE LL Sum uint8_t Elapsed time: 69664 us

[LYD INFO in NCCL_KERN_NAME (common.h)] 5 AllReduce TREE LL Sum uint8_t Elapsed time: 47208 us

[LYD INFO in NCCL_KERN_NAME (common.h)] 6 AllReduce TREE LL Sum uint8_t Elapsed time: 76054 us
 > number of parameters on (tensor, pipeline) model parallel rank (0, 5): 39354880
 > number of parameters on (tensor, pipeline) model parallel rank (0, 7): 39354880
x3004c0s1b1n0:14108:14108 [1] NCCL INFO AllReduce: opCount 4 sendbuff 0x154dc3600400 recvbuff 0x154dc3600400 count 1 datatype 1 op 0 root 0 comm 0x55888e117080 [nranks=20] stream 0x5588ac239550
[LYD INFO in ncclLaunchKernel (enqueue.cc)] NCHANNELS is: 4 > number of parameters on (tensor, pipeline) model parallel rank (0, 6): 39354880
 > number of parameters on (tensor, pipeline) model parallel rank (0, 4): 39354880
x3004c0s1b1n0:14110:14110 [3] NCCL INFO AllReduce: opCount 4 sendbuff 0x1465bfc00400 recvbuff 0x1465bfc00400 count 1 datatype 1 op 0 root 0 comm 0x5654836ae170 [nranks=20] stream 0x56549d98de20
[LYD INFO in ncclLaunchKernel (enqueue.cc)] NCHANNELS is: 4x3004c0s1b1n0:14109:14109 [2] NCCL INFO AllReduce: opCount 4 sendbuff 0x14f9e3800400 recvbuff 0x14f9e3800400 count 1 datatype 1 op 0 root 0 comm 0x55cf056cca10 [nranks=20] stream 0x55cf1dd768f0
[LYD INFO in ncclLaunchKernel (enqueue.cc)] NCHANNELS is: 4x3004c0s1b1n0:14107:14107 [0] NCCL INFO AllReduce: opCount 4 sendbuff 0x150ecb000400 recvbuff 0x150ecb000400 count 1 datatype 1 op 0 root 0 comm 0x56156bc51de0 [nranks=20] stream 0x561588e811e0
[LYD INFO in ncclLaunchKernel (enqueue.cc)] NCHANNELS is: 4
[LYD INFO in NCCL_KERN_NAME (common.h)] 4 AllReduce TREE LL Sum uint8_t Elapsed time: 1976251 us
x3004c0s1b1n0:14107:14107 [0] NCCL INFO AllReduce: opCount 5 sendbuff 0x150ecb015200 recvbuff 0x150ecb015200 count 1 datatype 1 op 0 root 0 comm 0x56156bc51de0 [nranks=20] stream 0x561588e811e0
[LYD INFO in ncclLaunchKernel (enqueue.cc)] NCHANNELS is: 4
[LYD INFO in NCCL_KERN_NAME (common.h)] 5 AllReduce TREE LL Sum uint8_t Elapsed time: 2061992 us
x3004c0s1b1n0:14108:14108 [1] NCCL INFO AllReduce: opCount 5 sendbuff 0x154dc3615200 recvbuff 0x154dc3615200 count 1 datatype 1 op 0 root 0 comm 0x55888e117080 [nranks=20] stream 0x5588ac239550
[LYD INFO in ncclLaunchKernel (enqueue.cc)] NCHANNELS is: 4
[LYD INFO in NCCL_KERN_NAME (common.h)] 7 AllReduce TREE LL Sum uint8_t Elapsed time: 2030643 us
x3004c0s1b1n0:14110:14110 [3] NCCL INFO AllReduce: opCount 5 sendbuff 0x1465bfc15200 recvbuff 0x1465bfc15200 count 1 datatype 1 op 0 root 0 comm 0x5654836ae170 [nranks=20] stream 0x56549d98de20
[LYD INFO in ncclLaunchKernel (enqueue.cc)] NCHANNELS is: 4
[LYD INFO in NCCL_KERN_NAME (common.h)] 6 AllReduce TREE LL Sum uint8_t Elapsed time: 2012900 us
x3004c0s1b1n0:14109:14109 [2] NCCL INFO AllReduce: opCount 5 sendbuff 0x14f9e3815200 recvbuff 0x14f9e3815200 count 1 datatype 1 op 0 root 0 comm 0x55cf056cca10 [nranks=20] stream 0x55cf1dd768f0
[LYD INFO in ncclLaunchKernel (enqueue.cc)] NCHANNELS is: 4
[LYD INFO in NCCL_KERN_NAME (common.h)] 4 AllReduce TREE LL Sum uint8_t Elapsed time: 92920 us
x3004c0s1b1n0:14107:14107 [0] NCCL INFO AllReduce: opCount 6 sendbuff 0x150ecb000400 recvbuff 0x150ecb000400 count 1 datatype 1 op 0 root 0 comm 0x56156bc51de0 [nranks=20] stream 0x561588e811e0
[LYD INFO in ncclLaunchKernel (enqueue.cc)] NCHANNELS is: 4
[LYD INFO in NCCL_KERN_NAME (common.h)] 6 AllReduce TREE LL Sum uint8_t Elapsed time: 52767 us
x3004c0s1b1n0:14109:14109 [2] NCCL INFO AllReduce: opCount 6 sendbuff 0x14f9e3800400 recvbuff 0x14f9e3800400 count 1 datatype 1 op 0 root 0 comm 0x55cf056cca10 [nranks=20] stream 0x55cf1dd768f0
[LYD INFO in ncclLaunchKernel (enqueue.cc)] NCHANNELS is: 4
[LYD INFO in NCCL_KERN_NAME (common.h)] 7 AllReduce TREE LL Sum uint8_t Elapsed time: 81080 us
x3004c0s1b1n0:14110:14110 [3] NCCL INFO AllReduce: opCount 6 sendbuff 0x1465bfc00400 recvbuff 0x1465bfc00400 count 1 datatype 1 op 0 root 0 comm 0x5654836ae170 [nranks=20] stream 0x56549d98de20
[LYD INFO in ncclLaunchKernel (enqueue.cc)] NCHANNELS is: 4
[LYD INFO in NCCL_KERN_NAME (common.h)] 5 AllReduce TREE LL Sum uint8_t Elapsed time: 86514 us
x3004c0s1b1n0:14108:14108 [1] NCCL INFO AllReduce: opCount 6 sendbuff 0x154dc3600400 recvbuff 0x154dc3600400 count 1 datatype 1 op 0 root 0 comm 0x55888e117080 [nranks=20] stream 0x5588ac239550
[LYD INFO in ncclLaunchKernel (enqueue.cc)] NCHANNELS is: 4
[LYD INFO in NCCL_KERN_NAME (common.h)] 5 AllReduce TREE LL Sum uint8_t Elapsed time: 50520 us

[LYD INFO in NCCL_KERN_NAME (common.h)] 4 AllReduce TREE LL Sum uint8_t Elapsed time: 80323 us

[LYD INFO in NCCL_KERN_NAME (common.h)] 6 AllReduce TREE LL Sum uint8_t Elapsed time: 70698 us

[LYD INFO in NCCL_KERN_NAME (common.h)] 7 AllReduce TREE LL Sum uint8_t Elapsed time: 63568 us
NCCL version 2.14.3+cuda11.8
x3004c0s1b1n0:14108:14108 [1] NCCL INFO init.cc:1147 Cuda Host Alloc Size 4 pointer 0x154d82e00400
NCCL version 2.14.3+cuda11.8
x3004c0s1b1n0:14107:14107 [0] NCCL INFO init.cc:1147 Cuda Host Alloc Size 4 pointer 0x150e94e00400
NCCL version 2.14.3+cuda11.8
x3004c0s1b1n0:14109:14109 [2] NCCL INFO init.cc:1147 Cuda Host Alloc Size 4 pointer 0x14f9e7400400
NCCL version 2.14.3+cuda11.8
x3004c0s1b1n0:14110:14110 [3] NCCL INFO init.cc:1147 Cuda Host Alloc Size 4 pointer 0x1465c3400400
x3004c0s1b1n0:14107:18131 [0] NCCL INFO Using network IB
x3004c0s1b1n0:14108:18129 [1] NCCL INFO Using network IB
x3004c0s1b1n0:14109:18133 [2] NCCL INFO Using network IB
x3004c0s1b1n0:14110:18135 [3] NCCL INFO Using network IB
x3004c0s1b1n0:14107:18131 [0] NCCL INFO NET/IB : GPU Direct RDMA Enabled for HCA 0 'mlx5_0'
x3004c0s1b1n0:14107:18131 [0] NCCL INFO NET/IB : GPU Direct RDMA Enabled for HCA 1 'mlx5_1'
x3004c0s1b1n0:14107:18131 [0] NCCL INFO GPU Direct RDMA Disabled for GPU 7000 / HCA 0 (distance 7 > 4)
x3004c0s1b1n0:14107:18131 [0] NCCL INFO GPU Direct RDMA Disabled for GPU 7000 / HCA 1 (distance 7 > 4)
x3004c0s1b1n0:14107:18131 [0] NCCL INFO === System : maxBw 5000.0 totalBw 0.0 ===
x3004c0s1b1n0:14107:18131 [0] NCCL INFO CPU/3 (1/2/-1)
x3004c0s1b1n0:14107:18131 [0] NCCL INFO + SYS[5000.0] - CPU/0
x3004c0s1b1n0:14107:18131 [0] NCCL INFO + SYS[5000.0] - CPU/2
x3004c0s1b1n0:14107:18131 [0] NCCL INFO + PCI[24.0] - PCI/5000 (11f8406811f8beef)
x3004c0s1b1n0:14107:18131 [0] NCCL INFO               + PCI[24.0] - GPU/7000 (0)
x3004c0s1b1n0:14107:18131 [0] NCCL INFO CPU/0 (1/2/-1)
x3004c0s1b1n0:14107:18131 [0] NCCL INFO + SYS[5000.0] - CPU/3
x3004c0s1b1n0:14107:18131 [0] NCCL INFO + SYS[5000.0] - CPU/2
x3004c0s1b1n0:14107:18131 [0] NCCL INFO + PCI[12.0] - NIC/C8000
x3004c0s1b1n0:14107:18131 [0] NCCL INFO CPU/2 (1/2/-1)
x3004c0s1b1n0:14107:18131 [0] NCCL INFO + SYS[5000.0] - CPU/3
x3004c0s1b1n0:14107:18131 [0] NCCL INFO + SYS[5000.0] - CPU/0
x3004c0s1b1n0:14107:18131 [0] NCCL INFO + PCI[12.0] - NIC/43000
x3004c0s1b1n0:14107:18131 [0] NCCL INFO ==========================================
x3004c0s1b1n0:14107:18131 [0] NCCL INFO GPU/7000 :GPU/7000 (0/5000.000000/LOC) CPU/3 (2/24.000000/PHB) CPU/0 (3/24.000000/SYS) CPU/2 (3/24.000000/SYS) 
x3004c0s1b1n0:14107:18131 [0] NCCL INFO Pattern 4, crossNic 0, nChannels 16, bw 44.000000/44.000000, type LOC/PIX, sameChannels 1
x3004c0s1b1n0:14107:18131 [0] NCCL INFO  0 : GPU/0
x3004c0s1b1n0:14107:18131 [0] NCCL INFO  1 : GPU/0
x3004c0s1b1n0:14107:18131 [0] NCCL INFO  2 : GPU/0
x3004c0s1b1n0:14107:18131 [0] NCCL INFO  3 : GPU/0
x3004c0s1b1n0:14107:18131 [0] NCCL INFO  4 : GPU/0
x3004c0s1b1n0:14107:18131 [0] NCCL INFO  5 : GPU/0
x3004c0s1b1n0:14107:18131 [0] NCCL INFO  6 : GPU/0
x3004c0s1b1n0:14107:18131 [0] NCCL INFO  7 : GPU/0
x3004c0s1b1n0:14107:18131 [0] NCCL INFO  8 : GPU/0
x3004c0s1b1n0:14107:18131 [0] NCCL INFO  9 : GPU/0
x3004c0s1b1n0:14107:18131 [0] NCCL INFO 10 : GPU/0
x3004c0s1b1n0:14107:18131 [0] NCCL INFO 11 : GPU/0
x3004c0s1b1n0:14107:18131 [0] NCCL INFO 12 : GPU/0
x3004c0s1b1n0:14107:18131 [0] NCCL INFO 13 : GPU/0
x3004c0s1b1n0:14107:18131 [0] NCCL INFO 14 : GPU/0
x3004c0s1b1n0:14107:18131 [0] NCCL INFO 15 : GPU/0
x3004c0s1b1n0:14107:18131 [0] NCCL INFO Pattern 3, crossNic 0, nChannels 16, bw 44.000000/44.000000, type LOC/PIX, sameChannels 1
x3004c0s1b1n0:14107:18131 [0] NCCL INFO  0 : GPU/0
x3004c0s1b1n0:14107:18131 [0] NCCL INFO  1 : GPU/0
x3004c0s1b1n0:14107:18131 [0] NCCL INFO  2 : GPU/0
x3004c0s1b1n0:14107:18131 [0] NCCL INFO  3 : GPU/0
x3004c0s1b1n0:14107:18131 [0] NCCL INFO  4 : GPU/0
x3004c0s1b1n0:14107:18131 [0] NCCL INFO  5 : GPU/0
x3004c0s1b1n0:14107:18131 [0] NCCL INFO  6 : GPU/0
x3004c0s1b1n0:14107:18131 [0] NCCL INFO  7 : GPU/0
x3004c0s1b1n0:14107:18131 [0] NCCL INFO  8 : GPU/0
x3004c0s1b1n0:14107:18131 [0] NCCL INFO  9 : GPU/0
x3004c0s1b1n0:14107:18131 [0] NCCL INFO 10 : GPU/0
x3004c0s1b1n0:14107:18131 [0] NCCL INFO 11 : GPU/0
x3004c0s1b1n0:14107:18131 [0] NCCL INFO 12 : GPU/0
x3004c0s1b1n0:14107:18131 [0] NCCL INFO 13 : GPU/0
x3004c0s1b1n0:14107:18131 [0] NCCL INFO 14 : GPU/0
x3004c0s1b1n0:14107:18131 [0] NCCL INFO 15 : GPU/0
x3004c0s1b1n0:14107:18131 [0] NCCL INFO Pattern 3, crossNic 0, nChannels 16, bw 44.000000/44.000000, type LOC/PIX, sameChannels 1
x3004c0s1b1n0:14107:18131 [0] NCCL INFO  0 : GPU/0
x3004c0s1b1n0:14107:18131 [0] NCCL INFO  1 : GPU/0
x3004c0s1b1n0:14107:18131 [0] NCCL INFO  2 : GPU/0
x3004c0s1b1n0:14107:18131 [0] NCCL INFO  3 : GPU/0
x3004c0s1b1n0:14107:18131 [0] NCCL INFO  4 : GPU/0
x3004c0s1b1n0:14107:18131 [0] NCCL INFO  5 : GPU/0
x3004c0s1b1n0:14107:18131 [0] NCCL INFO  6 : GPU/0
x3004c0s1b1n0:14107:18131 [0] NCCL INFO  7 : GPU/0
x3004c0s1b1n0:14107:18131 [0] NCCL INFO  8 : GPU/0
x3004c0s1b1n0:14107:18131 [0] NCCL INFO  9 : GPU/0
x3004c0s1b1n0:14107:18131 [0] NCCL INFO 10 : GPU/0
x3004c0s1b1n0:14107:18131 [0] NCCL INFO 11 : GPU/0
x3004c0s1b1n0:14107:18131 [0] NCCL INFO 12 : GPU/0
x3004c0s1b1n0:14107:18131 [0] NCCL INFO 13 : GPU/0
x3004c0s1b1n0:14107:18131 [0] NCCL INFO 14 : GPU/0
x3004c0s1b1n0:14107:18131 [0] NCCL INFO 15 : GPU/0
x3004c0s1b1n0:14107:18131 [0] NCCL INFO Tree 0 : -1 -> 0 -> -1/-1/-1
x3004c0s1b1n0:14107:18131 [0] NCCL INFO Tree 16 : -1 -> 0 -> -1/-1/-1
x3004c0s1b1n0:14107:18131 [0] NCCL INFO Tree 1 : -1 -> 0 -> -1/-1/-1
x3004c0s1b1n0:14107:18131 [0] NCCL INFO Tree 17 : -1 -> 0 -> -1/-1/-1
x3004c0s1b1n0:14107:18131 [0] NCCL INFO Tree 2 : -1 -> 0 -> -1/-1/-1
x3004c0s1b1n0:14107:18131 [0] NCCL INFO Tree 18 : -1 -> 0 -> -1/-1/-1
x3004c0s1b1n0:14107:18131 [0] NCCL INFO Tree 3 : -1 -> 0 -> -1/-1/-1
x3004c0s1b1n0:14107:18131 [0] NCCL INFO Tree 19 : -1 -> 0 -> -1/-1/-1
x3004c0s1b1n0:14107:18131 [0] NCCL INFO Tree 4 : -1 -> 0 -> -1/-1/-1
x3004c0s1b1n0:14107:18131 [0] NCCL INFO Tree 20 : -1 -> 0 -> -1/-1/-1
x3004c0s1b1n0:14107:18131 [0] NCCL INFO Tree 5 : -1 -> 0 -> -1/-1/-1
x3004c0s1b1n0:14107:18131 [0] NCCL INFO Tree 21 : -1 -> 0 -> -1/-1/-1
x3004c0s1b1n0:14107:18131 [0] NCCL INFO Tree 6 : -1 -> 0 -> -1/-1/-1
x3004c0s1b1n0:14107:18131 [0] NCCL INFO Tree 22 : -1 -> 0 -> -1/-1/-1
x3004c0s1b1n0:14107:18131 [0] NCCL INFO Tree 7 : -1 -> 0 -> -1/-1/-1
x3004c0s1b1n0:14107:18131 [0] NCCL INFO Tree 23 : -1 -> 0 -> -1/-1/-1
x3004c0s1b1n0:14107:18131 [0] NCCL INFO Tree 8 : -1 -> 0 -> -1/-1/-1
x3004c0s1b1n0:14107:18131 [0] NCCL INFO Tree 24 : -1 -> 0 -> -1/-1/-1
x3004c0s1b1n0:14107:18131 [0] NCCL INFO Tree 9 : -1 -> 0 -> -1/-1/-1
x3004c0s1b1n0:14107:18131 [0] NCCL INFO Tree 25 : -1 -> 0 -> -1/-1/-1
x3004c0s1b1n0:14107:18131 [0] NCCL INFO Tree 10 : -1 -> 0 -> -1/-1/-1
x3004c0s1b1n0:14107:18131 [0] NCCL INFO Tree 26 : -1 -> 0 -> -1/-1/-1
x3004c0s1b1n0:14107:18131 [0] NCCL INFO Tree 11 : -1 -> 0 -> -1/-1/-1
x3004c0s1b1n0:14107:18131 [0] NCCL INFO Tree 27 : -1 -> 0 -> -1/-1/-1
x3004c0s1b1n0:14107:18131 [0] NCCL INFO Tree 12 : -1 -> 0 -> -1/-1/-1
x3004c0s1b1n0:14107:18131 [0] NCCL INFO Tree 28 : -1 -> 0 -> -1/-1/-1
x3004c0s1b1n0:14107:18131 [0] NCCL INFO Tree 13 : -1 -> 0 -> -1/-1/-1
x3004c0s1b1n0:14107:18131 [0] NCCL INFO Tree 29 : -1 -> 0 -> -1/-1/-1
x3004c0s1b1n0:14107:18131 [0] NCCL INFO Tree 14 : -1 -> 0 -> -1/-1/-1
x3004c0s1b1n0:14107:18131 [0] NCCL INFO Tree 30 : -1 -> 0 -> -1/-1/-1
x3004c0s1b1n0:14107:18131 [0] NCCL INFO Tree 15 : -1 -> 0 -> -1/-1/-1
x3004c0s1b1n0:14107:18131 [0] NCCL INFO Tree 31 : -1 -> 0 -> -1/-1/-1
x3004c0s1b1n0:14107:18131 [0] NCCL INFO Channel 00/32 :    0
x3004c0s1b1n0:14107:18131 [0] NCCL INFO Channel 01/32 :    0
x3004c0s1b1n0:14107:18131 [0] NCCL INFO Channel 02/32 :    0
x3004c0s1b1n0:14107:18131 [0] NCCL INFO Channel 03/32 :    0
x3004c0s1b1n0:14107:18131 [0] NCCL INFO Channel 04/32 :    0
x3004c0s1b1n0:14107:18131 [0] NCCL INFO Channel 05/32 :    0
x3004c0s1b1n0:14107:18131 [0] NCCL INFO Channel 06/32 :    0
x3004c0s1b1n0:14107:18131 [0] NCCL INFO Channel 07/32 :    0
x3004c0s1b1n0:14107:18131 [0] NCCL INFO Channel 08/32 :    0
x3004c0s1b1n0:14107:18131 [0] NCCL INFO Channel 09/32 :    0
x3004c0s1b1n0:14107:18131 [0] NCCL INFO Channel 10/32 :    0
x3004c0s1b1n0:14107:18131 [0] NCCL INFO Channel 11/32 :    0
x3004c0s1b1n0:14107:18131 [0] NCCL INFO Channel 12/32 :    0
x3004c0s1b1n0:14107:18131 [0] NCCL INFO Channel 13/32 :    0
x3004c0s1b1n0:14107:18131 [0] NCCL INFO Channel 14/32 :    0
x3004c0s1b1n0:14107:18131 [0] NCCL INFO Channel 15/32 :    0
x3004c0s1b1n0:14107:18131 [0] NCCL INFO Channel 16/32 :    0
x3004c0s1b1n0:14107:18131 [0] NCCL INFO Channel 17/32 :    0
x3004c0s1b1n0:14107:18131 [0] NCCL INFO Channel 18/32 :    0
x3004c0s1b1n0:14107:18131 [0] NCCL INFO Channel 19/32 :    0
x3004c0s1b1n0:14107:18131 [0] NCCL INFO Channel 20/32 :    0
x3004c0s1b1n0:14107:18131 [0] NCCL INFO Channel 21/32 :    0
x3004c0s1b1n0:14107:18131 [0] NCCL INFO Channel 22/32 :    0
x3004c0s1b1n0:14107:18131 [0] NCCL INFO Channel 23/32 :    0
x3004c0s1b1n0:14107:18131 [0] NCCL INFO Channel 24/32 :    0
x3004c0s1b1n0:14107:18131 [0] NCCL INFO Channel 25/32 :    0
x3004c0s1b1n0:14107:18131 [0] NCCL INFO Channel 26/32 :    0
x3004c0s1b1n0:14107:18131 [0] NCCL INFO Channel 27/32 :    0
x3004c0s1b1n0:14107:18131 [0] NCCL INFO Channel 28/32 :    0
x3004c0s1b1n0:14107:18131 [0] NCCL INFO Channel 29/32 :    0
x3004c0s1b1n0:14107:18131 [0] NCCL INFO Channel 30/32 :    0
x3004c0s1b1n0:14107:18131 [0] NCCL INFO Channel 31/32 :    0
x3004c0s1b1n0:14107:18131 [0] NCCL INFO Ring 00 : 0 -> 0 -> 0
x3004c0s1b1n0:14107:18131 [0] NCCL INFO Ring 01 : 0 -> 0 -> 0
x3004c0s1b1n0:14107:18131 [0] NCCL INFO Ring 02 : 0 -> 0 -> 0
x3004c0s1b1n0:14107:18131 [0] NCCL INFO Ring 03 : 0 -> 0 -> 0
x3004c0s1b1n0:14107:18131 [0] NCCL INFO Ring 04 : 0 -> 0 -> 0
x3004c0s1b1n0:14107:18131 [0] NCCL INFO Ring 05 : 0 -> 0 -> 0
x3004c0s1b1n0:14107:18131 [0] NCCL INFO Ring 06 : 0 -> 0 -> 0
x3004c0s1b1n0:14107:18131 [0] NCCL INFO Ring 07 : 0 -> 0 -> 0
x3004c0s1b1n0:14107:18131 [0] NCCL INFO Ring 08 : 0 -> 0 -> 0
x3004c0s1b1n0:14107:18131 [0] NCCL INFO Ring 09 : 0 -> 0 -> 0
x3004c0s1b1n0:14107:18131 [0] NCCL INFO Ring 10 : 0 -> 0 -> 0
x3004c0s1b1n0:14107:18131 [0] NCCL INFO Ring 11 : 0 -> 0 -> 0
x3004c0s1b1n0:14107:18131 [0] NCCL INFO Ring 12 : 0 -> 0 -> 0
x3004c0s1b1n0:14107:18131 [0] NCCL INFO Ring 13 : 0 -> 0 -> 0
x3004c0s1b1n0:14107:18131 [0] NCCL INFO Ring 14 : 0 -> 0 -> 0
x3004c0s1b1n0:14107:18131 [0] NCCL INFO Ring 15 : 0 -> 0 -> 0
x3004c0s1b1n0:14107:18131 [0] NCCL INFO Ring 16 : 0 -> 0 -> 0
x3004c0s1b1n0:14107:18131 [0] NCCL INFO Ring 17 : 0 -> 0 -> 0
x3004c0s1b1n0:14107:18131 [0] NCCL INFO Ring 18 : 0 -> 0 -> 0
x3004c0s1b1n0:14107:18131 [0] NCCL INFO Ring 19 : 0 -> 0 -> 0
x3004c0s1b1n0:14107:18131 [0] NCCL INFO Ring 20 : 0 -> 0 -> 0
x3004c0s1b1n0:14107:18131 [0] NCCL INFO Ring 21 : 0 -> 0 -> 0
x3004c0s1b1n0:14107:18131 [0] NCCL INFO Ring 22 : 0 -> 0 -> 0
