x3004c0s25b1n0:52478:57385 [0] NCCL INFO GPU Direct RDMA Disabled for GPU 85000 / HCA 0 (distance 7 > 4)
x3004c0s25b1n0:52478:57385 [0] NCCL INFO GPU Direct RDMA Disabled for GPU c7000 / HCA 0 (distance 6 > 4)
x3004c0s25b1n0:52478:57385 [0] NCCL INFO === System : maxBw 12.0 totalBw 264.0 ===
x3004c0s25b1n0:52478:57385 [0] NCCL INFO CPU/3 (1/2/-1)
x3004c0s25b1n0:52478:57385 [0] NCCL INFO + SYS[5000.0] - CPU/2
x3004c0s25b1n0:52478:57385 [0] NCCL INFO + SYS[5000.0] - CPU/1
x3004c0s25b1n0:52478:57385 [0] NCCL INFO + SYS[5000.0] - CPU/0
x3004c0s25b1n0:52478:57385 [0] NCCL INFO + PCI[24.0] - PCI/5000 (11f8406811f8beef)
x3004c0s25b1n0:52478:57385 [0] NCCL INFO               + PCI[24.0] - GPU/7000 (12)
x3004c0s25b1n0:52478:57385 [0] NCCL INFO                             + NVL[88.0] - GPU/85000
x3004c0s25b1n0:52478:57385 [0] NCCL INFO                             + NVL[88.0] - GPU/C7000
x3004c0s25b1n0:52478:57385 [0] NCCL INFO                             + NVL[88.0] - GPU/46000
x3004c0s25b1n0:52478:57385 [0] NCCL INFO CPU/2 (1/2/-1)
x3004c0s25b1n0:52478:57385 [0] NCCL INFO + SYS[5000.0] - CPU/3
x3004c0s25b1n0:52478:57385 [0] NCCL INFO + SYS[5000.0] - CPU/1
x3004c0s25b1n0:52478:57385 [0] NCCL INFO + SYS[5000.0] - CPU/0
x3004c0s25b1n0:52478:57385 [0] NCCL INFO + PCI[24.0] - PCI/44000 (11f8406811f8beef)
x3004c0s25b1n0:52478:57385 [0] NCCL INFO               + PCI[24.0] - GPU/46000 (13)
x3004c0s25b1n0:52478:57385 [0] NCCL INFO                             + NVL[88.0] - GPU/85000
x3004c0s25b1n0:52478:57385 [0] NCCL INFO                             + NVL[88.0] - GPU/C7000
x3004c0s25b1n0:52478:57385 [0] NCCL INFO                             + NVL[88.0] - GPU/7000
x3004c0s25b1n0:52478:57385 [0] NCCL INFO + PCI[12.0] - NIC/43000
x3004c0s25b1n0:52478:57385 [0] NCCL INFO               + NET[12.5] - NET/1 (cc7604ffffa4e988/1/12.500000)
x3004c0s25b1n0:52478:57385 [0] NCCL INFO CPU/1 (1/2/-1)
x3004c0s25b1n0:52478:57385 [0] NCCL INFO + SYS[5000.0] - CPU/3
x3004c0s25b1n0:52478:57385 [0] NCCL INFO + SYS[5000.0] - CPU/2
x3004c0s25b1n0:52478:57385 [0] NCCL INFO + SYS[5000.0] - CPU/0
x3004c0s25b1n0:52478:57385 [0] NCCL INFO + PCI[24.0] - PCI/83000 (11f8406811f8beef)
x3004c0s25b1n0:52478:57385 [0] NCCL INFO               + PCI[24.0] - GPU/85000 (14)
x3004c0s25b1n0:52478:57385 [0] NCCL INFO                             + NVL[88.0] - GPU/C7000
x3004c0s25b1n0:52478:57385 [0] NCCL INFO                             + NVL[88.0] - GPU/46000
x3004c0s25b1n0:52478:57385 [0] NCCL INFO                             + NVL[88.0] - GPU/7000
x3004c0s25b1n0:52478:57385 [0] NCCL INFO CPU/0 (1/2/-1)
x3004c0s25b1n0:52478:57385 [0] NCCL INFO + SYS[5000.0] - CPU/3
x3004c0s25b1n0:52478:57385 [0] NCCL INFO + SYS[5000.0] - CPU/2
x3004c0s25b1n0:52478:57385 [0] NCCL INFO + SYS[5000.0] - CPU/1
x3004c0s25b1n0:52478:57385 [0] NCCL INFO + PCI[24.0] - PCI/C5000 (11f8406811f8beef)
x3004c0s25b1n0:52478:57385 [0] NCCL INFO               + PCI[24.0] - GPU/C7000 (15)
x3004c0s25b1n0:52478:57385 [0] NCCL INFO                             + NVL[88.0] - GPU/85000
x3004c0s25b1n0:52478:57385 [0] NCCL INFO                             + NVL[88.0] - GPU/46000
x3004c0s25b1n0:52478:57385 [0] NCCL INFO                             + NVL[88.0] - GPU/7000
x3004c0s25b1n0:52478:57385 [0] NCCL INFO + PCI[12.0] - NIC/C8000
x3004c0s25b1n0:52478:57385 [0] NCCL INFO               + NET[12.5] - NET/0 (e47604ffffa4e988/1/12.500000)
x3004c0s25b1n0:52478:57385 [0] NCCL INFO ==========================================
x3004c0s25b1n0:52478:57385 [0] NCCL INFO GPU/7000 :GPU/7000 (0/5000.000000/LOC) GPU/46000 (1/88.000000/NVL) GPU/85000 (1/88.000000/NVL) GPU/C7000 (1/88.000000/NVL) CPU/3 (2/24.000000/PHB) CPU/2 (3/24.000000/SYS) CPU/1 (3/24.000000/SYS) CPU/0 (3/24.000000/SYS) NET/1 (5/12.000000/SYS) NET/0 (5/12.000000/SYS) 
x3004c0s25b1n0:52478:57385 [0] NCCL INFO GPU/46000 :GPU/7000 (1/88.000000/NVL) GPU/46000 (0/5000.000000/LOC) GPU/85000 (1/88.000000/NVL) GPU/C7000 (1/88.000000/NVL) CPU/3 (3/24.000000/SYS) CPU/2 (2/24.000000/PHB) CPU/1 (3/24.000000/SYS) CPU/0 (3/24.000000/SYS) NET/1 (4/12.000000/PHB) NET/0 (5/12.000000/SYS) 
x3004c0s25b1n0:52478:57385 [0] NCCL INFO GPU/85000 :GPU/7000 (1/88.000000/NVL) GPU/46000 (1/88.000000/NVL) GPU/85000 (0/5000.000000/LOC) GPU/C7000 (1/88.000000/NVL) CPU/3 (3/24.000000/SYS) CPU/2 (3/24.000000/SYS) CPU/1 (2/24.000000/PHB) CPU/0 (3/24.000000/SYS) NET/1 (5/12.000000/SYS) NET/0 (5/12.000000/SYS) 
x3004c0s25b1n0:52478:57385 [0] NCCL INFO GPU/C7000 :GPU/7000 (1/88.000000/NVL) GPU/46000 (1/88.000000/NVL) GPU/85000 (1/88.000000/NVL) GPU/C7000 (0/5000.000000/LOC) CPU/3 (3/24.000000/SYS) CPU/2 (3/24.000000/SYS) CPU/1 (3/24.000000/SYS) CPU/0 (2/24.000000/PHB) NET/1 (5/12.000000/SYS) NET/0 (4/12.000000/PHB) 
x3004c0s25b1n0:52478:57385 [0] NCCL INFO NET/1 :GPU/7000 (5/12.000000/SYS) GPU/46000 (4/12.000000/PHB) GPU/85000 (5/12.000000/SYS) GPU/C7000 (5/12.000000/SYS) CPU/3 (3/12.000000/SYS) CPU/2 (2/12.000000/PHB) CPU/1 (3/12.000000/SYS) CPU/0 (3/12.000000/SYS) NET/1 (0/5000.000000/LOC) NET/0 (5/12.000000/SYS) 
x3004c0s25b1n0:52478:57385 [0] NCCL INFO NET/0 :GPU/7000 (5/12.000000/SYS) GPU/46000 (5/12.000000/SYS) GPU/85000 (5/12.000000/SYS) GPU/C7000 (4/12.000000/PHB) CPU/3 (3/12.000000/SYS) CPU/2 (3/12.000000/SYS) CPU/1 (3/12.000000/SYS) CPU/0 (2/12.000000/PHB) NET/1 (5/12.000000/SYS) NET/0 (0/5000.000000/LOC) 
x3004c0s25b1n0:52478:57385 [0] NCCL INFO Pattern 4, crossNic 0, nChannels 2, bw 12.000000/12.000000, type NVL/SYS, sameChannels 1
x3004c0s25b1n0:52478:57385 [0] NCCL INFO  0 : NET/1 GPU/13 GPU/12 GPU/14 GPU/15 NET/1
x3004c0s25b1n0:52478:57385 [0] NCCL INFO  1 : NET/0 GPU/13 GPU/12 GPU/14 GPU/15 NET/0
x3004c0s25b1n0:52478:57385 [0] NCCL INFO Pattern 1, crossNic 0, nChannels 2, bw 24.000000/12.000000, type NVL/SYS, sameChannels 1
x3004c0s25b1n0:52478:57385 [0] NCCL INFO  0 : NET/1 GPU/12 GPU/13 GPU/14 GPU/15 NET/1
x3004c0s25b1n0:52478:57385 [0] NCCL INFO  1 : NET/0 GPU/12 GPU/13 GPU/14 GPU/15 NET/0
x3004c0s25b1n0:52478:57385 [0] NCCL INFO Pattern 3, crossNic 0, nChannels 0, bw 0.000000/0.000000, type NVL/PIX, sameChannels 1
x3004c0s25b1n0:52478:57385 [0] NCCL INFO Tree 0 : 8 -> 12 -> 13/-1/-1
x3004c0s25b1n0:52478:57385 [0] NCCL INFO Tree 2 : 1 -> 12 -> 13/16/-1
x3004c0s25b1n0:52478:57385 [0] NCCL INFO Tree 1 : 8 -> 12 -> 13/-1/-1
x3004c0s25b1n0:52478:57385 [0] NCCL INFO Tree 3 : 1 -> 12 -> 13/16/-1
x3004c0s25b1n0:52478:57385 [0] NCCL INFO Ring 00 : 13 -> 12 -> 14
x3004c0s25b1n0:52478:57385 [0] NCCL INFO Ring 01 : 13 -> 12 -> 14
x3004c0s25b1n0:52478:57385 [0] NCCL INFO Ring 02 : 13 -> 12 -> 14
x3004c0s25b1n0:52478:57385 [0] NCCL INFO Ring 03 : 13 -> 12 -> 14
x3004c0s25b1n0:52478:57385 [0] NCCL INFO Trees [0] 13/-1/-1->12->8 [1] 13/-1/-1->12->8 [2] 13/16/-1->12->1 [3] 13/16/-1->12->1
x3004c0s25b1n0:52478:57385 [0] NCCL INFO misc/utils.cc:235 memory stack hunk malloc(65536)
x3004c0s25b1n0:52478:57385 [0] NCCL INFO channel.cc:23 Cuda Alloc Size 8064 pointer 0x145c77817400
x3004c0s25b1n0:52478:57385 [0] NCCL INFO channel.cc:27 Cuda Alloc Size 80 pointer 0x145c77819400
x3004c0s25b1n0:52478:57385 [0] NCCL INFO channel.cc:23 Cuda Alloc Size 8064 pointer 0x145c77819600
x3004c0s25b1n0:52478:57385 [0] NCCL INFO channel.cc:27 Cuda Alloc Size 80 pointer 0x145c7781b600
x3004c0s25b1n0:52478:57385 [0] NCCL INFO channel.cc:23 Cuda Alloc Size 8064 pointer 0x145c7781b800
x3004c0s25b1n0:52478:57385 [0] NCCL INFO channel.cc:27 Cuda Alloc Size 80 pointer 0x145c7781d800
x3004c0s25b1n0:52478:57385 [0] NCCL INFO channel.cc:23 Cuda Alloc Size 8064 pointer 0x145c7781da00
x3004c0s25b1n0:52478:57385 [0] NCCL INFO channel.cc:27 Cuda Alloc Size 80 pointer 0x145c7781fa00
x3004c0s25b1n0:52478:57385 [0] NCCL INFO Channel 00/0 : 12[7000] -> 14[85000] via P2P/IPC/read
x3004c0s25b1n0:52478:57534 [0] NCCL INFO Mem Realloc old size 0, new size 8 pointer 0x145c20000c60
x3004c0s25b1n0:52478:57534 [0] NCCL INFO New proxy send connection 0 from local rank 0, transport 0
x3004c0s25b1n0:52479:57383 [1] NCCL INFO Tree 0 : 12 -> 13 -> 14/-1/-1
x3004c0s25b1n0:52479:57383 [1] NCCL INFO Tree 2 : 12 -> 13 -> 14/8/-1
x3004c0s25b1n0:52479:57383 [1] NCCL INFO Tree 1 : 12 -> 13 -> 14/-1/-1
x3004c0s25b1n0:52479:57383 [1] NCCL INFO Tree 3 : 12 -> 13 -> 14/8/-1
x3004c0s25b1n0:52479:57383 [1] NCCL INFO Ring 00 : 11 -> 13 -> 12
x3004c0s25b1n0:52479:57383 [1] NCCL INFO Ring 01 : 11 -> 13 -> 12
x3004c0s25b1n0:52479:57383 [1] NCCL INFO Ring 02 : 11 -> 13 -> 12
x3004c0s25b1n0:52479:57383 [1] NCCL INFO Ring 03 : 11 -> 13 -> 12
x3004c0s25b1n0:52479:57383 [1] NCCL INFO Trees [0] 14/-1/-1->13->12 [1] 14/-1/-1->13->12 [2] 14/8/-1->13->12 [3] 14/8/-1->13->12
x3004c0s25b1n0:52479:57383 [1] NCCL INFO misc/utils.cc:235 memory stack hunk malloc(65536)
x3004c0s25b1n0:52479:57383 [1] NCCL INFO channel.cc:23 Cuda Alloc Size 8064 pointer 0x151a8b817400
x3004c0s25b1n0:52479:57383 [1] NCCL INFO channel.cc:27 Cuda Alloc Size 80 pointer 0x151a8b819400
x3004c0s25b1n0:52479:57383 [1] NCCL INFO channel.cc:23 Cuda Alloc Size 8064 pointer 0x151a8b819600
x3004c0s25b1n0:52479:57383 [1] NCCL INFO channel.cc:27 Cuda Alloc Size 80 pointer 0x151a8b81b600
x3004c0s25b1n0:52479:57383 [1] NCCL INFO channel.cc:23 Cuda Alloc Size 8064 pointer 0x151a8b81b800
x3004c0s25b1n0:52479:57383 [1] NCCL INFO channel.cc:27 Cuda Alloc Size 80 pointer 0x151a8b81d800
x3004c0s25b1n0:52479:57383 [1] NCCL INFO channel.cc:23 Cuda Alloc Size 8064 pointer 0x151a8b81da00
x3004c0s25b1n0:52479:57383 [1] NCCL INFO channel.cc:27 Cuda Alloc Size 80 pointer 0x151a8b81fa00
x3004c0s25b1n0:52479:57383 [1] NCCL INFO GPU Direct RDMA Disabled for GPU 46000 / HCA 1 (distance 6 > 4)
x3004c0s25b1n0:52480:57388 [2] NCCL INFO Ring 00 : 12 -> 14 -> 15
x3004c0s25b1n0:52480:57388 [2] NCCL INFO Ring 01 : 12 -> 14 -> 15
x3004c0s25b1n0:52480:57388 [2] NCCL INFO Ring 02 : 12 -> 14 -> 15
x3004c0s25b1n0:52480:57388 [2] NCCL INFO Ring 03 : 12 -> 14 -> 15
x3004c0s25b1n0:52480:57388 [2] NCCL INFO Trees [0] 15/-1/-1->14->13 [1] 15/-1/-1->14->13 [2] 15/-1/-1->14->13 [3] 15/-1/-1->14->13
x3004c0s25b1n0:52480:57388 [2] NCCL INFO misc/utils.cc:235 memory stack hunk malloc(65536)
x3004c0s25b1n0:52480:57388 [2] NCCL INFO channel.cc:23 Cuda Alloc Size 8064 pointer 0x1455d9817400
x3004c0s25b1n0:52480:57388 [2] NCCL INFO channel.cc:27 Cuda Alloc Size 80 pointer 0x1455d9819400
x3004c0s25b1n0:52480:57388 [2] NCCL INFO channel.cc:23 Cuda Alloc Size 8064 pointer 0x1455d9819600
x3004c0s25b1n0:52480:57388 [2] NCCL INFO channel.cc:27 Cuda Alloc Size 80 pointer 0x1455d981b600
x3004c0s25b1n0:52480:57388 [2] NCCL INFO channel.cc:23 Cuda Alloc Size 8064 pointer 0x1455d981b800
x3004c0s25b1n0:52480:57388 [2] NCCL INFO channel.cc:27 Cuda Alloc Size 80 pointer 0x1455d981d800
x3004c0s25b1n0:52480:57388 [2] NCCL INFO channel.cc:23 Cuda Alloc Size 8064 pointer 0x1455d981da00
x3004c0s25b1n0:52480:57388 [2] NCCL INFO channel.cc:27 Cuda Alloc Size 80 pointer 0x1455d981fa00
x3004c0s25b1n0:52480:57388 [2] NCCL INFO Channel 00/0 : 14[85000] -> 15[c7000] via P2P/IPC/read
x3004c0s25b1n0:52479:57530 [1] NCCL INFO Mem Realloc old size 0, new size 8 pointer 0x151a34000c60
x3004c0s25b1n0:52479:57530 [1] NCCL INFO Allocated 4194656 bytes of shared memory in /dev/shm/nccl-zzzCTn

x3004c0s25b1n0:52479:57530 [1] NCCL INFO New proxy recv connection 0 from local rank 1, transport 2
x3004c0s25b1n0:52480:57532 [2] NCCL INFO Mem Realloc old size 0, new size 8 pointer 0x145588000c60
x3004c0s25b1n0:52480:57532 [2] NCCL INFO New proxy send connection 0 from local rank 2, transport 0
x3004c0s25b1n0:52481:57386 [3] NCCL INFO Ring 00 : 14 -> 15 -> 17
x3004c0s25b1n0:52481:57386 [3] NCCL INFO Ring 01 : 14 -> 15 -> 17
x3004c0s25b1n0:52481:57386 [3] NCCL INFO Ring 02 : 14 -> 15 -> 17
x3004c0s25b1n0:52481:57386 [3] NCCL INFO Ring 03 : 14 -> 15 -> 17
x3004c0s25b1n0:52481:57386 [3] NCCL INFO Trees [0] -1/-1/-1->15->14 [1] -1/-1/-1->15->14 [2] -1/-1/-1->15->14 [3] -1/-1/-1->15->14
x3004c0s25b1n0:52481:57386 [3] NCCL INFO misc/utils.cc:235 memory stack hunk malloc(65536)
x3004c0s25b1n0:52481:57386 [3] NCCL INFO channel.cc:23 Cuda Alloc Size 8064 pointer 0x14ecdb817400
x3004c0s25b1n0:52481:57386 [3] NCCL INFO channel.cc:27 Cuda Alloc Size 80 pointer 0x14ecdb819400
x3004c0s25b1n0:52481:57386 [3] NCCL INFO channel.cc:23 Cuda Alloc Size 8064 pointer 0x14ecdb819600
x3004c0s25b1n0:52481:57386 [3] NCCL INFO channel.cc:27 Cuda Alloc Size 80 pointer 0x14ecdb81b600
x3004c0s25b1n0:52481:57386 [3] NCCL INFO channel.cc:23 Cuda Alloc Size 8064 pointer 0x14ecdb81b800
x3004c0s25b1n0:52481:57386 [3] NCCL INFO channel.cc:27 Cuda Alloc Size 80 pointer 0x14ecdb81d800
x3004c0s25b1n0:52481:57386 [3] NCCL INFO channel.cc:23 Cuda Alloc Size 8064 pointer 0x14ecdb81da00
x3004c0s25b1n0:52481:57386 [3] NCCL INFO channel.cc:27 Cuda Alloc Size 80 pointer 0x14ecdb81fa00
x3004c0s25b1n0:52478:57385 [0] NCCL INFO Connection to proxy localRank 0 -> connection 0x145c20000c80
x3004c0s25b1n0:52478:57534 [0] NCCL INFO transport/p2p.cc:430 Cuda Alloc Size 6291456 pointer 0x145c9c000000
x3004c0s25b1n0:52479:57383 [1] NCCL INFO Connection to proxy localRank 1 -> connection 0x151a34000c80
x3004c0s25b1n0:52481:57531 [3] NCCL INFO Mem Realloc old size 0, new size 8 pointer 0x14ec84000c60
x3004c0s25b1n0:52481:57531 [3] NCCL INFO New proxy recv connection 0 from local rank 3, transport 0
x3004c0s25b1n0:52480:57388 [2] NCCL INFO Connection to proxy localRank 2 -> connection 0x145588000c80
x3004c0s25b1n0:52480:57532 [2] NCCL INFO transport/p2p.cc:430 Cuda Alloc Size 6291456 pointer 0x1455fe000000
x3004c0s25b1n0:52481:57386 [3] NCCL INFO Connection to proxy localRank 3 -> connection 0x14ec84000c80
x3004c0s25b1n0:52478:57385 [0] NCCL INFO Channel 01/0 : 12[7000] -> 14[85000] via P2P/IPC/read
x3004c0s25b1n0:52478:57534 [0] NCCL INFO New proxy send connection 1 from local rank 0, transport 0
x3004c0s25b1n0:52479:57383 [1] NCCL INFO Channel 00/0 : 11[c7000] -> 13[46000] [receive] via NET/IB/1
x3004c0s25b1n0:52479:57383 [1] NCCL INFO GPU Direct RDMA Disabled for GPU 46000 / HCA 0 (distance 7 > 4)
x3004c0s25b1n0:52479:57530 [1] NCCL INFO New proxy recv connection 1 from local rank 1, transport 2
x3004c0s25b1n0:52481:57531 [3] NCCL INFO transport/p2p.cc:449 Cuda Alloc Size 6291456 pointer 0x14ecbf600000
x3004c0s25b1n0:52480:57388 [2] NCCL INFO Channel 01/0 : 14[85000] -> 15[c7000] via P2P/IPC/read
x3004c0s25b1n0:52480:57532 [2] NCCL INFO New proxy send connection 1 from local rank 2, transport 0
x3004c0s25b1n0:52481:57531 [3] NCCL INFO New proxy recv connection 1 from local rank 3, transport 0
x3004c0s25b1n0:52481:57386 [3] NCCL INFO Connection to proxy localRank 3 -> connection 0x14ec84000cc0
x3004c0s25b1n0:52478:57385 [0] NCCL INFO Connection to proxy localRank 0 -> connection 0x145c20000cc0
x3004c0s25b1n0:52478:57534 [0] NCCL INFO transport/p2p.cc:430 Cuda Alloc Size 6291456 pointer 0x145c9c600000
x3004c0s25b1n0:52481:57531 [3] NCCL INFO transport/p2p.cc:449 Cuda Alloc Size 6291456 pointer 0x14ecff800000
x3004c0s25b1n0:52479:57383 [1] NCCL INFO Connection to proxy localRank 1 -> connection 0x151a34000cc0
x3004c0s25b1n0:52480:57388 [2] NCCL INFO Connection to proxy localRank 2 -> connection 0x145588000cc0
x3004c0s25b1n0:52480:57532 [2] NCCL INFO transport/p2p.cc:430 Cuda Alloc Size 6291456 pointer 0x1455fe600000
x3004c0s25b1n0:52479:57383 [1] NCCL INFO Channel 01/0 : 11[c7000] -> 13[46000] [receive] via NET/IB/0
x3004c0s25b1n0:52479:57383 [1] NCCL INFO GPU Direct RDMA Disabled for GPU 46000 / HCA 1 (distance 6 > 4)
x3004c0s25b1n0:52479:57530 [1] NCCL INFO New proxy recv connection 2 from local rank 1, transport 2
x3004c0s25b1n0:52478:57385 [0] NCCL INFO Channel 02/0 : 12[7000] -> 14[85000] via P2P/IPC/read
x3004c0s25b1n0:52478:57534 [0] NCCL INFO New proxy send connection 2 from local rank 0, transport 0
x3004c0s25b1n0:52481:57531 [3] NCCL INFO New proxy recv connection 2 from local rank 3, transport 0
x3004c0s25b1n0:52479:57383 [1] NCCL INFO Connection to proxy localRank 1 -> connection 0x151a34000d00
x3004c0s25b1n0:52478:57385 [0] NCCL INFO Connection to proxy localRank 0 -> connection 0x145c20000d00
x3004c0s25b1n0:52478:57534 [0] NCCL INFO transport/p2p.cc:430 Cuda Alloc Size 6291456 pointer 0x145c9cc00000
x3004c0s25b1n0:52481:57386 [3] NCCL INFO Connection to proxy localRank 3 -> connection 0x14ec84000d00
x3004c0s25b1n0:52481:57531 [3] NCCL INFO transport/p2p.cc:449 Cuda Alloc Size 6291456 pointer 0x14ecffe00000
x3004c0s25b1n0:52480:57388 [2] NCCL INFO Channel 02/0 : 14[85000] -> 15[c7000] via P2P/IPC/read
x3004c0s25b1n0:52480:57532 [2] NCCL INFO New proxy send connection 2 from local rank 2, transport 0
x3004c0s25b1n0:52479:57383 [1] NCCL INFO Channel 02/0 : 11[c7000] -> 13[46000] [receive] via NET/IB/1
x3004c0s25b1n0:52479:57383 [1] NCCL INFO GPU Direct RDMA Disabled for GPU 46000 / HCA 0 (distance 7 > 4)
x3004c0s25b1n0:52479:57530 [1] NCCL INFO New proxy recv connection 3 from local rank 1, transport 2
x3004c0s25b1n0:52478:57385 [0] NCCL INFO Channel 03/0 : 12[7000] -> 14[85000] via P2P/IPC/read
x3004c0s25b1n0:52478:57534 [0] NCCL INFO New proxy send connection 3 from local rank 0, transport 0
x3004c0s25b1n0:52480:57388 [2] NCCL INFO Connection to proxy localRank 2 -> connection 0x145588000d00
x3004c0s25b1n0:52480:57532 [2] NCCL INFO transport/p2p.cc:430 Cuda Alloc Size 6291456 pointer 0x1455fec00000
x3004c0s25b1n0:52480:57388 [2] NCCL INFO Channel 03/0 : 14[85000] -> 15[c7000] via P2P/IPC/read
x3004c0s25b1n0:52480:57532 [2] NCCL INFO New proxy send connection 3 from local rank 2, transport 0
x3004c0s25b1n0:52481:57531 [3] NCCL INFO New proxy recv connection 3 from local rank 3, transport 0
x3004c0s25b1n0:52479:57383 [1] NCCL INFO Connection to proxy localRank 1 -> connection 0x151a34000d40
x3004c0s25b1n0:52478:57385 [0] NCCL INFO Connection to proxy localRank 0 -> connection 0x145c20000d40
x3004c0s25b1n0:52478:57534 [0] NCCL INFO transport/p2p.cc:430 Cuda Alloc Size 6291456 pointer 0x145c9d200000
x3004c0s25b1n0:52481:57386 [3] NCCL INFO Connection to proxy localRank 3 -> connection 0x14ec84000d40
x3004c0s25b1n0:52481:57531 [3] NCCL INFO transport/p2p.cc:449 Cuda Alloc Size 6291456 pointer 0x14ed00400000
x3004c0s25b1n0:52479:57383 [1] NCCL INFO Channel 03/0 : 11[c7000] -> 13[46000] [receive] via NET/IB/0
x3004c0s25b1n0:52480:57388 [2] NCCL INFO Connection to proxy localRank 2 -> connection 0x145588000d40
x3004c0s25b1n0:52480:57532 [2] NCCL INFO transport/p2p.cc:430 Cuda Alloc Size 6291456 pointer 0x1455ff200000
x3004c0s25b1n0:52481:57386 [3] NCCL INFO GPU Direct RDMA Disabled for GPU c7000 / HCA 1 (distance 7 > 4)
x3004c0s25b1n0:52480:57532 [2] NCCL INFO New proxy recv connection 4 from local rank 2, transport 0
x3004c0s25b1n0:52481:57531 [3] NCCL INFO Allocated 4194656 bytes of shared memory in /dev/shm/nccl-5OEKax

x3004c0s25b1n0:52481:57531 [3] NCCL INFO New proxy send connection 4 from local rank 3, transport 2
x3004c0s25b1n0:52479:57530 [1] NCCL INFO transport/net_ib.cc:683 Ib Alloc Size 21688 pointer 0x151a3401d000
x3004c0s25b1n0:52479:57530 [1] NCCL INFO transport/net_ib.cc:696 Ib Alloc Size 552 pointer 0x151a34024000
x3004c0s25b1n0:52480:57388 [2] NCCL INFO Connection to proxy localRank 2 -> connection 0x145588000d80
x3004c0s25b1n0:52480:57532 [2] NCCL INFO transport/p2p.cc:449 Cuda Alloc Size 6291456 pointer 0x145583800000
x3004c0s25b1n0:52481:57386 [3] NCCL INFO Connection to proxy localRank 3 -> connection 0x14ec84000d80
x3004c0s25b1n0:52481:57386 [3] NCCL INFO Channel 00/0 : 15[c7000] -> 17[46000] [send] via NET/IB/1
x3004c0s25b1n0:52481:57386 [3] NCCL INFO GPU Direct RDMA Disabled for GPU c7000 / HCA 0 (distance 6 > 4)
x3004c0s25b1n0:52481:57531 [3] NCCL INFO New proxy send connection 5 from local rank 3, transport 2
x3004c0s25b1n0:52479:57530 [1] NCCL INFO transport/net_ib.cc:771 Ib Alloc Size 552 pointer 0x151a34041000
x3004c0s25b1n0:52479:57530 [1] NCCL INFO transport/net.cc:698 Cuda Host Alloc Size 9641984 pointer 0x151aaea00000
x3004c0s25b1n0:52479:57530 [1] NCCL INFO transport/net_ib.cc:683 Ib Alloc Size 21688 pointer 0x151a34043000
x3004c0s25b1n0:52480:57532 [2] NCCL INFO New proxy recv connection 5 from local rank 2, transport 0
x3004c0s25b1n0:52481:57386 [3] NCCL INFO Connection to proxy localRank 3 -> connection 0x14ec84000dc0
x3004c0s25b1n0:52481:57386 [3] NCCL INFO Channel 01/0 : 15[c7000] -> 17[46000] [send] via NET/IB/0
x3004c0s25b1n0:52481:57386 [3] NCCL INFO GPU Direct RDMA Disabled for GPU c7000 / HCA 1 (distance 7 > 4)
x3004c0s25b1n0:52481:57531 [3] NCCL INFO New proxy send connection 6 from local rank 3, transport 2
x3004c0s25b1n0:52481:57386 [3] NCCL INFO Connection to proxy localRank 3 -> connection 0x14ec84000e00
x3004c0s25b1n0:52481:57386 [3] NCCL INFO Channel 02/0 : 15[c7000] -> 17[46000] [send] via NET/IB/1
x3004c0s25b1n0:52481:57386 [3] NCCL INFO GPU Direct RDMA Disabled for GPU c7000 / HCA 0 (distance 6 > 4)
x3004c0s25b1n0:52481:57531 [3] NCCL INFO New proxy send connection 7 from local rank 3, transport 2
x3004c0s25b1n0:52479:57530 [1] NCCL INFO transport/net_ib.cc:696 Ib Alloc Size 552 pointer 0x151a3404a000
x3004c0s25b1n0:52479:57530 [1] NCCL INFO transport/net_ib.cc:771 Ib Alloc Size 552 pointer 0x151a34065000
x3004c0s25b1n0:52479:57530 [1] NCCL INFO transport/net.cc:698 Cuda Host Alloc Size 9641984 pointer 0x151aaf400000
x3004c0s25b1n0:52479:57530 [1] NCCL INFO transport/net_ib.cc:683 Ib Alloc Size 21688 pointer 0x151a34067000
x3004c0s25b1n0:52480:57388 [2] NCCL INFO Connection to proxy localRank 2 -> connection 0x145588000dc0
x3004c0s25b1n0:52480:57532 [2] NCCL INFO transport/p2p.cc:449 Cuda Alloc Size 6291456 pointer 0x145580000000
x3004c0s25b1n0:52479:57530 [1] NCCL INFO transport/net_ib.cc:696 Ib Alloc Size 552 pointer 0x151a3406e000
x3004c0s25b1n0:52481:57386 [3] NCCL INFO Connection to proxy localRank 3 -> connection 0x14ec84000e40
x3004c0s25b1n0:52481:57386 [3] NCCL INFO Channel 03/0 : 15[c7000] -> 17[46000] [send] via NET/IB/0
x3004c0s25b1n0:52481:57531 [3] NCCL INFO transport/net_ib.cc:596 Ib Alloc Size 26560 pointer 0x14ec84020000
x3004c0s25b1n0:52480:57532 [2] NCCL INFO New proxy recv connection 6 from local rank 2, transport 0
x3004c0s25b1n0:52479:57530 [1] NCCL INFO transport/net_ib.cc:771 Ib Alloc Size 552 pointer 0x151a34089000
x3004c0s25b1n0:52479:57530 [1] NCCL INFO transport/net.cc:698 Cuda Host Alloc Size 9641984 pointer 0x151aafe00000
x3004c0s25b1n0:52481:57531 [3] NCCL INFO NET/IB: Dev 1 Port 1 qpn 10932 mtu 5 GID 0 (80FE/DA0100FEFF000000)
x3004c0s25b1n0:52481:57531 [3] NCCL INFO transport/net_ib.cc:653 Ib Alloc Size 552 pointer 0x14ec84038000
x3004c0s25b1n0:52481:57531 [3] NCCL INFO transport/net.cc:571 Cuda Host Alloc Size 9641984 pointer 0x14ec8ac00000
x3004c0s25b1n0:52480:57388 [2] NCCL INFO Connection to proxy localRank 2 -> connection 0x145588000e00
x3004c0s25b1n0:52481:57531 [3] NCCL INFO transport/net_ib.cc:596 Ib Alloc Size 26560 pointer 0x14ec8403a000
x3004c0s25b1n0:52481:57531 [3] NCCL INFO NET/IB: Dev 0 Port 1 qpn 10699 mtu 5 GID 0 (80FE/880100FEFF000000)
x3004c0s25b1n0:52481:57531 [3] NCCL INFO transport/net_ib.cc:653 Ib Alloc Size 552 pointer 0x14ec84051000
x3004c0s25b1n0:52481:57531 [3] NCCL INFO transport/net.cc:571 Cuda Host Alloc Size 9641984 pointer 0x14ec8b600000
x3004c0s25b1n0:52479:57530 [1] NCCL INFO transport/net_ib.cc:683 Ib Alloc Size 21688 pointer 0x151a3408b000
x3004c0s25b1n0:52479:57530 [1] NCCL INFO transport/net_ib.cc:696 Ib Alloc Size 552 pointer 0x151a34092000
x3004c0s25b1n0:52481:57531 [3] NCCL INFO transport/net_ib.cc:596 Ib Alloc Size 26560 pointer 0x14ec84053000
x3004c0s25b1n0:52479:57530 [1] NCCL INFO transport/net_ib.cc:771 Ib Alloc Size 552 pointer 0x151a340ad000
x3004c0s25b1n0:52479:57530 [1] NCCL INFO transport/net.cc:698 Cuda Host Alloc Size 9641984 pointer 0x151ab0800000
x3004c0s25b1n0:52481:57531 [3] NCCL INFO NET/IB: Dev 1 Port 1 qpn 10934 mtu 5 GID 0 (80FE/DA0100FEFF000000)
x3004c0s25b1n0:52481:57531 [3] NCCL INFO transport/net_ib.cc:653 Ib Alloc Size 552 pointer 0x14ec8406a000
x3004c0s25b1n0:52480:57532 [2] NCCL INFO transport/p2p.cc:449 Cuda Alloc Size 6291456 pointer 0x145580600000
x3004c0s25b1n0:52481:57531 [3] NCCL INFO transport/net.cc:571 Cuda Host Alloc Size 9641984 pointer 0x14ec7e000000
x3004c0s25b1n0:52480:57532 [2] NCCL INFO New proxy recv connection 7 from local rank 2, transport 0
x3004c0s25b1n0:52481:57531 [3] NCCL INFO transport/net_ib.cc:596 Ib Alloc Size 26560 pointer 0x14ec8406c000
x3004c0s25b1n0:52481:57531 [3] NCCL INFO NET/IB: Dev 0 Port 1 qpn 10702 mtu 5 GID 0 (80FE/880100FEFF000000)
x3004c0s25b1n0:52481:57531 [3] NCCL INFO transport/net_ib.cc:653 Ib Alloc Size 552 pointer 0x14ec84083000
x3004c0s25b1n0:52481:57531 [3] NCCL INFO transport/net.cc:571 Cuda Host Alloc Size 9641984 pointer 0x14ec7ea00000
x3004c0s25b1n0:52481:57386 [3] NCCL INFO Connected all rings
x3004c0s25b1n0:52481:57386 [3] NCCL INFO Channel 00/0 : 15[c7000] -> 14[85000] via P2P/IPC/read
x3004c0s25b1n0:52481:57531 [3] NCCL INFO New proxy send connection 8 from local rank 3, transport 0
x3004c0s25b1n0:52480:57388 [2] NCCL INFO Connection to proxy localRank 2 -> connection 0x145588000e40
x3004c0s25b1n0:52480:57532 [2] NCCL INFO transport/p2p.cc:449 Cuda Alloc Size 6291456 pointer 0x145580c00000
x3004c0s25b1n0:52479:57383 [1] NCCL INFO Channel 00/0 : 13[46000] -> 12[7000] via P2P/IPC/read
x3004c0s25b1n0:52479:57530 [1] NCCL INFO New proxy send connection 4 from local rank 1, transport 0
x3004c0s25b1n0:52481:57386 [3] NCCL INFO Connection to proxy localRank 3 -> connection 0x14ec84000e80
x3004c0s25b1n0:52481:57531 [3] NCCL INFO transport/p2p.cc:430 Cuda Alloc Size 6291456 pointer 0x14ec7f400000
x3004c0s25b1n0:52480:57388 [2] NCCL INFO Connected all rings
x3004c0s25b1n0:52478:57534 [0] NCCL INFO New proxy recv connection 4 from local rank 0, transport 0
x3004c0s25b1n0:52480:57532 [2] NCCL INFO New proxy recv connection 8 from local rank 2, transport 0
x3004c0s25b1n0:52479:57383 [1] NCCL INFO Connection to proxy localRank 1 -> connection 0x151a34000d80
x3004c0s25b1n0:52479:57530 [1] NCCL INFO transport/p2p.cc:430 Cuda Alloc Size 6291456 pointer 0x151ab1200000
x3004c0s25b1n0:52481:57386 [3] NCCL INFO Channel 01/0 : 15[c7000] -> 14[85000] via P2P/IPC/read
x3004c0s25b1n0:52481:57531 [3] NCCL INFO New proxy send connection 9 from local rank 3, transport 0
x3004c0s25b1n0:52478:57385 [0] NCCL INFO Connection to proxy localRank 0 -> connection 0x145c20000d80
x3004c0s25b1n0:52478:57534 [0] NCCL INFO transport/p2p.cc:449 Cuda Alloc Size 6291456 pointer 0x145c1b800000
x3004c0s25b1n0:52480:57388 [2] NCCL INFO Connection to proxy localRank 2 -> connection 0x145588000e80
x3004c0s25b1n0:52480:57532 [2] NCCL INFO transport/p2p.cc:449 Cuda Alloc Size 6291456 pointer 0x14557ec00000
x3004c0s25b1n0:52481:57386 [3] NCCL INFO Connection to proxy localRank 3 -> connection 0x14ec84000ec0
x3004c0s25b1n0:52481:57531 [3] NCCL INFO transport/p2p.cc:430 Cuda Alloc Size 6291456 pointer 0x14ec7fa00000
x3004c0s25b1n0:52481:57386 [3] NCCL INFO Channel 02/0 : 15[c7000] -> 14[85000] via P2P/IPC/read
x3004c0s25b1n0:52478:57534 [0] NCCL INFO New proxy recv connection 5 from local rank 0, transport 0
x3004c0s25b1n0:52479:57383 [1] NCCL INFO Channel 01/0 : 13[46000] -> 12[7000] via P2P/IPC/read
x3004c0s25b1n0:52479:57530 [1] NCCL INFO New proxy send connection 5 from local rank 1, transport 0
x3004c0s25b1n0:52480:57532 [2] NCCL INFO New proxy recv connection 9 from local rank 2, transport 0
x3004c0s25b1n0:52481:57531 [3] NCCL INFO New proxy send connection 10 from local rank 3, transport 0
x3004c0s25b1n0:52479:57383 [1] NCCL INFO Connection to proxy localRank 1 -> connection 0x151a34000dc0
x3004c0s25b1n0:52479:57530 [1] NCCL INFO transport/p2p.cc:430 Cuda Alloc Size 6291456 pointer 0x151a2e000000
x3004c0s25b1n0:52479:57383 [1] NCCL INFO Channel 02/0 : 13[46000] -> 12[7000] via P2P/IPC/read
x3004c0s25b1n0:52479:57530 [1] NCCL INFO New proxy send connection 6 from local rank 1, transport 0
x3004c0s25b1n0:52480:57388 [2] NCCL INFO Connection to proxy localRank 2 -> connection 0x145588000ec0
x3004c0s25b1n0:52480:57532 [2] NCCL INFO transport/p2p.cc:449 Cuda Alloc Size 6291456 pointer 0x14557f200000
x3004c0s25b1n0:52478:57385 [0] NCCL INFO Connection to proxy localRank 0 -> connection 0x145c20000dc0
x3004c0s25b1n0:52478:57534 [0] NCCL INFO transport/p2p.cc:449 Cuda Alloc Size 6291456 pointer 0x145c18000000
x3004c0s25b1n0:52481:57386 [3] NCCL INFO Connection to proxy localRank 3 -> connection 0x14ec84000f00
x3004c0s25b1n0:52481:57531 [3] NCCL INFO transport/p2p.cc:430 Cuda Alloc Size 6291456 pointer 0x14ec7c000000
x3004c0s25b1n0:52481:57386 [3] NCCL INFO Channel 03/0 : 15[c7000] -> 14[85000] via P2P/IPC/read
x3004c0s25b1n0:52481:57531 [3] NCCL INFO New proxy send connection 11 from local rank 3, transport 0
x3004c0s25b1n0:52479:57383 [1] NCCL INFO Connection to proxy localRank 1 -> connection 0x151a34000e00
x3004c0s25b1n0:52479:57530 [1] NCCL INFO transport/p2p.cc:430 Cuda Alloc Size 6291456 pointer 0x151a2e600000
x3004c0s25b1n0:52480:57532 [2] NCCL INFO New proxy recv connection 10 from local rank 2, transport 0
x3004c0s25b1n0:52481:57386 [3] NCCL INFO Connection to proxy localRank 3 -> connection 0x14ec84000f40
x3004c0s25b1n0:52481:57531 [3] NCCL INFO transport/p2p.cc:430 Cuda Alloc Size 6291456 pointer 0x14ec7c600000
x3004c0s25b1n0:52479:57383 [1] NCCL INFO Channel 03/0 : 13[46000] -> 12[7000] via P2P/IPC/read
x3004c0s25b1n0:52479:57530 [1] NCCL INFO New proxy send connection 7 from local rank 1, transport 0
x3004c0s25b1n0:52480:57388 [2] NCCL INFO Connection to proxy localRank 2 -> connection 0x145588000f00
x3004c0s25b1n0:52480:57532 [2] NCCL INFO transport/p2p.cc:449 Cuda Alloc Size 6291456 pointer 0x14557f800000
x3004c0s25b1n0:52478:57534 [0] NCCL INFO New proxy recv connection 6 from local rank 0, transport 0
x3004c0s25b1n0:52480:57532 [2] NCCL INFO New proxy recv connection 11 from local rank 2, transport 0
x3004c0s25b1n0:52479:57383 [1] NCCL INFO Connection to proxy localRank 1 -> connection 0x151a34000e40
x3004c0s25b1n0:52479:57530 [1] NCCL INFO transport/p2p.cc:430 Cuda Alloc Size 6291456 pointer 0x151a2ec00000
x3004c0s25b1n0:52478:57385 [0] NCCL INFO Connection to proxy localRank 0 -> connection 0x145c20000e00
x3004c0s25b1n0:52478:57534 [0] NCCL INFO transport/p2p.cc:449 Cuda Alloc Size 6291456 pointer 0x145c18600000
x3004c0s25b1n0:52478:57534 [0] NCCL INFO New proxy recv connection 7 from local rank 0, transport 0
x3004c0s25b1n0:52480:57388 [2] NCCL INFO Connection to proxy localRank 2 -> connection 0x145588000f40
x3004c0s25b1n0:52480:57532 [2] NCCL INFO transport/p2p.cc:449 Cuda Alloc Size 6291456 pointer 0x14557c000000
x3004c0s25b1n0:52478:57385 [0] NCCL INFO Connection to proxy localRank 0 -> connection 0x145c20000e40
x3004c0s25b1n0:52478:57534 [0] NCCL INFO transport/p2p.cc:449 Cuda Alloc Size 6291456 pointer 0x145c18c00000
x3004c0s25b1n0:52478:57385 [0] NCCL INFO Connected all rings
x3004c0s25b1n0:52478:57385 [0] NCCL INFO Channel 00/0 : 12[7000] -> 13[46000] via P2P/IPC/read
x3004c0s25b1n0:52478:57534 [0] NCCL INFO New proxy send connection 8 from local rank 0, transport 0
x3004c0s25b1n0:52479:57383 [1] NCCL INFO Connected all rings
x3004c0s25b1n0:52479:57530 [1] NCCL INFO New proxy recv connection 8 from local rank 1, transport 0
x3004c0s25b1n0:52479:57383 [1] NCCL INFO Connection to proxy localRank 1 -> connection 0x151a34000e80
x3004c0s25b1n0:52478:57385 [0] NCCL INFO Connection to proxy localRank 0 -> connection 0x145c20000e80
x3004c0s25b1n0:52478:57534 [0] NCCL INFO transport/p2p.cc:430 Cuda Alloc Size 6291456 pointer 0x145c16c00000
x3004c0s25b1n0:52479:57530 [1] NCCL INFO transport/p2p.cc:449 Cuda Alloc Size 6291456 pointer 0x151a26c00000
x3004c0s25b1n0:52479:57530 [1] NCCL INFO New proxy recv connection 9 from local rank 1, transport 0
x3004c0s25b1n0:52478:57385 [0] NCCL INFO Channel 01/0 : 12[7000] -> 13[46000] via P2P/IPC/read
x3004c0s25b1n0:52478:57534 [0] NCCL INFO New proxy send connection 9 from local rank 0, transport 0
x3004c0s25b1n0:52479:57383 [1] NCCL INFO Connection to proxy localRank 1 -> connection 0x151a34000ec0
x3004c0s25b1n0:52479:57530 [1] NCCL INFO transport/p2p.cc:449 Cuda Alloc Size 6291456 pointer 0x151a27200000
x3004c0s25b1n0:52478:57385 [0] NCCL INFO Connection to proxy localRank 0 -> connection 0x145c20000ec0
x3004c0s25b1n0:52478:57534 [0] NCCL INFO transport/p2p.cc:430 Cuda Alloc Size 6291456 pointer 0x145c17200000
x3004c0s25b1n0:52479:57530 [1] NCCL INFO New proxy recv connection 10 from local rank 1, transport 0
x3004c0s25b1n0:52478:57385 [0] NCCL INFO Channel 02/0 : 12[7000] -> 13[46000] via P2P/IPC/read
x3004c0s25b1n0:52478:57534 [0] NCCL INFO New proxy send connection 10 from local rank 0, transport 0
x3004c0s25b1n0:52479:57383 [1] NCCL INFO Connection to proxy localRank 1 -> connection 0x151a34000f00
x3004c0s25b1n0:52479:57530 [1] NCCL INFO transport/p2p.cc:449 Cuda Alloc Size 6291456 pointer 0x151a27800000
x3004c0s25b1n0:52479:57530 [1] NCCL INFO New proxy recv connection 11 from local rank 1, transport 0
x3004c0s25b1n0:52478:57385 [0] NCCL INFO Connection to proxy localRank 0 -> connection 0x145c20000f00
x3004c0s25b1n0:52478:57534 [0] NCCL INFO transport/p2p.cc:430 Cuda Alloc Size 6291456 pointer 0x145c17800000
x3004c0s25b1n0:52479:57383 [1] NCCL INFO Connection to proxy localRank 1 -> connection 0x151a34000f40
x3004c0s25b1n0:52479:57530 [1] NCCL INFO transport/p2p.cc:449 Cuda Alloc Size 6291456 pointer 0x151a24000000
x3004c0s25b1n0:52478:57385 [0] NCCL INFO Channel 03/0 : 12[7000] -> 13[46000] via P2P/IPC/read
x3004c0s25b1n0:52478:57534 [0] NCCL INFO New proxy send connection 11 from local rank 0, transport 0
x3004c0s25b1n0:52478:57385 [0] NCCL INFO Connection to proxy localRank 0 -> connection 0x145c20000f40
x3004c0s25b1n0:52478:57534 [0] NCCL INFO transport/p2p.cc:430 Cuda Alloc Size 6291456 pointer 0x145c14000000
x3004c0s25b1n0:52479:57383 [1] NCCL INFO Channel 00/0 : 13[46000] -> 14[85000] via P2P/IPC/read
x3004c0s25b1n0:52479:57530 [1] NCCL INFO New proxy send connection 12 from local rank 1, transport 0
x3004c0s25b1n0:52479:57383 [1] NCCL INFO Connection to proxy localRank 1 -> connection 0x151a34000f80
x3004c0s25b1n0:52479:57530 [1] NCCL INFO transport/p2p.cc:430 Cuda Alloc Size 6291456 pointer 0x151a24600000
x3004c0s25b1n0:52479:57383 [1] NCCL INFO Channel 01/0 : 13[46000] -> 14[85000] via P2P/IPC/read
x3004c0s25b1n0:52479:57530 [1] NCCL INFO New proxy send connection 13 from local rank 1, transport 0
x3004c0s25b1n0:52479:57383 [1] NCCL INFO Connection to proxy localRank 1 -> connection 0x151a34000fc0
x3004c0s25b1n0:52479:57530 [1] NCCL INFO transport/p2p.cc:430 Cuda Alloc Size 6291456 pointer 0x151a24c00000
x3004c0s25b1n0:52479:57383 [1] NCCL INFO Channel 02/0 : 13[46000] -> 14[85000] via P2P/IPC/read
x3004c0s25b1n0:52479:57530 [1] NCCL INFO New proxy send connection 14 from local rank 1, transport 0
x3004c0s25b1n0:52479:57383 [1] NCCL INFO Connection to proxy localRank 1 -> connection 0x151a34001000
x3004c0s25b1n0:52479:57530 [1] NCCL INFO transport/p2p.cc:430 Cuda Alloc Size 6291456 pointer 0x151a25200000
x3004c0s25b1n0:52479:57383 [1] NCCL INFO Channel 03/0 : 13[46000] -> 14[85000] via P2P/IPC/read
x3004c0s25b1n0:52479:57530 [1] NCCL INFO New proxy send connection 15 from local rank 1, transport 0
x3004c0s25b1n0:52479:57383 [1] NCCL INFO Connection to proxy localRank 1 -> connection 0x151a34001040
x3004c0s25b1n0:52479:57530 [1] NCCL INFO transport/p2p.cc:430 Cuda Alloc Size 6291456 pointer 0x151a25800000
x3004c0s25b1n0:52479:57383 [1] NCCL INFO GPU Direct RDMA Disabled for GPU 46000 / HCA 1 (distance 6 > 4)
x3004c0s25b1n0:52478:57385 [0] NCCL INFO GPU Direct RDMA Disabled for GPU 7000 / HCA 1 (distance 7 > 4)
x3004c0s25b1n0:52478:57534 [0] NCCL INFO Allocated 4194656 bytes of shared memory in /dev/shm/nccl-dOf7Kl

x3004c0s25b1n0:52478:57534 [0] NCCL INFO New proxy recv connection 12 from local rank 0, transport 2
x3004c0s25b1n0:52478:57385 [0] NCCL INFO Connection to proxy localRank 0 -> connection 0x145c20000f80
x3004c0s25b1n0:52479:57530 [1] NCCL INFO New proxy recv connection 16 from local rank 1, transport 2
x3004c0s25b1n0:52480:57532 [2] NCCL INFO New proxy recv connection 12 from local rank 2, transport 0
x3004c0s25b1n0:52480:57388 [2] NCCL INFO Connection to proxy localRank 2 -> connection 0x145588000f80
x3004c0s25b1n0:52480:57532 [2] NCCL INFO transport/p2p.cc:449 Cuda Alloc Size 6291456 pointer 0x14557a000000
x3004c0s25b1n0:52479:57383 [1] NCCL INFO Connection to proxy localRank 1 -> connection 0x151a34001080
x3004c0s25b1n0:52478:57385 [0] NCCL INFO Channel 00/0 : 8[7000] -> 12[7000] [receive] via NET/IB/1
x3004c0s25b1n0:52478:57385 [0] NCCL INFO GPU Direct RDMA Disabled for GPU 7000 / HCA 0 (distance 7 > 4)
x3004c0s25b1n0:52478:57534 [0] NCCL INFO New proxy recv connection 13 from local rank 0, transport 2
x3004c0s25b1n0:52480:57532 [2] NCCL INFO New proxy recv connection 13 from local rank 2, transport 0
x3004c0s25b1n0:52478:57385 [0] NCCL INFO Connection to proxy localRank 0 -> connection 0x145c20000fc0
x3004c0s25b1n0:52479:57383 [1] NCCL INFO Channel 02/0 : 8[7000] -> 13[46000] [receive] via NET/IB/1
x3004c0s25b1n0:52479:57383 [1] NCCL INFO GPU Direct RDMA Disabled for GPU 46000 / HCA 0 (distance 7 > 4)
x3004c0s25b1n0:52479:57530 [1] NCCL INFO New proxy recv connection 17 from local rank 1, transport 2
x3004c0s25b1n0:52480:57388 [2] NCCL INFO Connection to proxy localRank 2 -> connection 0x145588000fc0
x3004c0s25b1n0:52480:57532 [2] NCCL INFO transport/p2p.cc:449 Cuda Alloc Size 6291456 pointer 0x14557a600000
x3004c0s25b1n0:52478:57385 [0] NCCL INFO Channel 01/0 : 8[7000] -> 12[7000] [receive] via NET/IB/0
x3004c0s25b1n0:52478:57385 [0] NCCL INFO GPU Direct RDMA Disabled for GPU 7000 / HCA 1 (distance 7 > 4)
x3004c0s25b1n0:52478:57534 [0] NCCL INFO New proxy send connection 14 from local rank 0, transport 2
x3004c0s25b1n0:52478:57385 [0] NCCL INFO Connection to proxy localRank 0 -> connection 0x145c20001000
x3004c0s25b1n0:52478:57385 [0] NCCL INFO Channel 02/0 : 12[7000] -> 16[7000] [send] via NET/IB/1
x3004c0s25b1n0:52478:57385 [0] NCCL INFO GPU Direct RDMA Disabled for GPU 7000 / HCA 0 (distance 7 > 4)
x3004c0s25b1n0:52478:57534 [0] NCCL INFO New proxy send connection 15 from local rank 0, transport 2
x3004c0s25b1n0:52480:57532 [2] NCCL INFO New proxy recv connection 14 from local rank 2, transport 0
x3004c0s25b1n0:52479:57383 [1] NCCL INFO Connection to proxy localRank 1 -> connection 0x151a340010c0
x3004c0s25b1n0:52480:57388 [2] NCCL INFO Connection to proxy localRank 2 -> connection 0x145588001000
x3004c0s25b1n0:52480:57532 [2] NCCL INFO transport/p2p.cc:449 Cuda Alloc Size 6291456 pointer 0x14557ac00000
x3004c0s25b1n0:52478:57385 [0] NCCL INFO Connection to proxy localRank 0 -> connection 0x145c20001040
x3004c0s25b1n0:52478:57385 [0] NCCL INFO Channel 03/0 : 12[7000] -> 16[7000] [send] via NET/IB/0
x3004c0s25b1n0:52480:57532 [2] NCCL INFO New proxy recv connection 15 from local rank 2, transport 0
x3004c0s25b1n0:52479:57383 [1] NCCL INFO Channel 03/0 : 8[7000] -> 13[46000] [receive] via NET/IB/0
x3004c0s25b1n0:52480:57388 [2] NCCL INFO Connection to proxy localRank 2 -> connection 0x145588001040
x3004c0s25b1n0:52480:57532 [2] NCCL INFO transport/p2p.cc:449 Cuda Alloc Size 6291456 pointer 0x14557b200000
x3004c0s25b1n0:52480:57388 [2] NCCL INFO Channel 00/0 : 14[85000] -> 13[46000] via P2P/IPC/read
x3004c0s25b1n0:52478:57534 [0] NCCL INFO transport/net_ib.cc:596 Ib Alloc Size 26560 pointer 0x145c20026000
x3004c0s25b1n0:52480:57532 [2] NCCL INFO New proxy send connection 16 from local rank 2, transport 0
x3004c0s25b1n0:52480:57388 [2] NCCL INFO Connection to proxy localRank 2 -> connection 0x145588001080
x3004c0s25b1n0:52478:57534 [0] NCCL INFO NET/IB: Dev 1 Port 1 qpn 10935 mtu 5 GID 0 (80FE/DA0100FEFF000000)
x3004c0s25b1n0:52478:57534 [0] NCCL INFO transport/net_ib.cc:653 Ib Alloc Size 552 pointer 0x145c2003e000
x3004c0s25b1n0:52478:57534 [0] NCCL INFO transport/net.cc:571 Cuda Host Alloc Size 9641984 pointer 0x145c12000000
x3004c0s25b1n0:52478:57534 [0] NCCL INFO transport/net_ib.cc:596 Ib Alloc Size 26560 pointer 0x145c20040000
x3004c0s25b1n0:52480:57532 [2] NCCL INFO transport/p2p.cc:430 Cuda Alloc Size 6291456 pointer 0x14557b800000
x3004c0s25b1n0:52478:57534 [0] NCCL INFO NET/IB: Dev 0 Port 1 qpn 10703 mtu 5 GID 0 (80FE/880100FEFF000000)
x3004c0s25b1n0:52478:57534 [0] NCCL INFO transport/net_ib.cc:653 Ib Alloc Size 552 pointer 0x145c20057000
x3004c0s25b1n0:52478:57534 [0] NCCL INFO transport/net.cc:571 Cuda Host Alloc Size 9641984 pointer 0x145c12a00000
x3004c0s25b1n0:52478:57534 [0] NCCL INFO transport/net_ib.cc:683 Ib Alloc Size 21688 pointer 0x145c20059000
x3004c0s25b1n0:52478:57534 [0] NCCL INFO transport/net_ib.cc:696 Ib Alloc Size 552 pointer 0x145c20060000
x3004c0s25b1n0:52478:57534 [0] NCCL INFO transport/net_ib.cc:771 Ib Alloc Size 552 pointer 0x145c2007c000
x3004c0s25b1n0:52478:57534 [0] NCCL INFO transport/net.cc:698 Cuda Host Alloc Size 9641984 pointer 0x145c13400000
x3004c0s25b1n0:52479:57530 [1] NCCL INFO transport/net_ib.cc:683 Ib Alloc Size 21688 pointer 0x151a340be000
x3004c0s25b1n0:52479:57530 [1] NCCL INFO transport/net_ib.cc:696 Ib Alloc Size 552 pointer 0x151a3401a000
x3004c0s25b1n0:52480:57388 [2] NCCL INFO Channel 01/0 : 14[85000] -> 13[46000] via P2P/IPC/read
x3004c0s25b1n0:52480:57532 [2] NCCL INFO New proxy send connection 17 from local rank 2, transport 0
x3004c0s25b1n0:52479:57530 [1] NCCL INFO transport/net_ib.cc:771 Ib Alloc Size 552 pointer 0x151a340df000
x3004c0s25b1n0:52479:57530 [1] NCCL INFO transport/net.cc:698 Cuda Host Alloc Size 9641984 pointer 0x151a21200000
x3004c0s25b1n0:52478:57534 [0] NCCL INFO transport/net_ib.cc:683 Ib Alloc Size 21688 pointer 0x145c2007e000
x3004c0s25b1n0:52478:57534 [0] NCCL INFO transport/net_ib.cc:696 Ib Alloc Size 552 pointer 0x145c20085000
x3004c0s25b1n0:52480:57388 [2] NCCL INFO Connection to proxy localRank 2 -> connection 0x1455880010c0
x3004c0s25b1n0:52480:57532 [2] NCCL INFO transport/p2p.cc:430 Cuda Alloc Size 6291456 pointer 0x145578000000
x3004c0s25b1n0:52479:57530 [1] NCCL INFO transport/net_ib.cc:683 Ib Alloc Size 21688 pointer 0x151a340e1000
x3004c0s25b1n0:52479:57530 [1] NCCL INFO transport/net_ib.cc:696 Ib Alloc Size 552 pointer 0x151a340e8000
x3004c0s25b1n0:52478:57534 [0] NCCL INFO transport/net_ib.cc:771 Ib Alloc Size 552 pointer 0x145c200a0000
x3004c0s25b1n0:52478:57534 [0] NCCL INFO transport/net.cc:698 Cuda Host Alloc Size 9641984 pointer 0x145c0a000000
x3004c0s25b1n0:52479:57530 [1] NCCL INFO transport/net_ib.cc:771 Ib Alloc Size 552 pointer 0x151a34103000
x3004c0s25b1n0:52479:57530 [1] NCCL INFO transport/net.cc:698 Cuda Host Alloc Size 9641984 pointer 0x151a1e000000
x3004c0s25b1n0:52478:57385 [0] NCCL INFO GPU Direct RDMA Disabled for GPU 7000 / HCA 1 (distance 7 > 4)
x3004c0s25b1n0:52478:57534 [0] NCCL INFO New proxy send connection 16 from local rank 0, transport 2
x3004c0s25b1n0:52478:57385 [0] NCCL INFO Connection to proxy localRank 0 -> connection 0x145c20001080
x3004c0s25b1n0:52478:57385 [0] NCCL INFO Channel 02/0 : 12[7000] -> 1[46000] [send] via NET/IB/1
x3004c0s25b1n0:52478:57385 [0] NCCL INFO GPU Direct RDMA Disabled for GPU 7000 / HCA 0 (distance 7 > 4)
x3004c0s25b1n0:52480:57388 [2] NCCL INFO Channel 02/0 : 14[85000] -> 13[46000] via P2P/IPC/read
x3004c0s25b1n0:52480:57532 [2] NCCL INFO New proxy send connection 18 from local rank 2, transport 0
x3004c0s25b1n0:52478:57534 [0] NCCL INFO New proxy send connection 17 from local rank 0, transport 2
x3004c0s25b1n0:52479:57383 [1] NCCL INFO GPU Direct RDMA Disabled for GPU 46000 / HCA 1 (distance 6 > 4)
x3004c0s25b1n0:52479:57530 [1] NCCL INFO New proxy send connection 18 from local rank 1, transport 2
x3004c0s25b1n0:52480:57388 [2] NCCL INFO Connection to proxy localRank 2 -> connection 0x145588001100
x3004c0s25b1n0:52480:57532 [2] NCCL INFO transport/p2p.cc:430 Cuda Alloc Size 6291456 pointer 0x145578600000
x3004c0s25b1n0:52479:57383 [1] NCCL INFO Connection to proxy localRank 1 -> connection 0x151a34001100
x3004c0s25b1n0:52479:57383 [1] NCCL INFO Channel 02/0 : 13[46000] -> 8[7000] [send] via NET/IB/1
x3004c0s25b1n0:52479:57383 [1] NCCL INFO GPU Direct RDMA Disabled for GPU 46000 / HCA 0 (distance 7 > 4)
x3004c0s25b1n0:52479:57530 [1] NCCL INFO New proxy send connection 19 from local rank 1, transport 2
x3004c0s25b1n0:52478:57385 [0] NCCL INFO Connection to proxy localRank 0 -> connection 0x145c200010c0
x3004c0s25b1n0:52478:57385 [0] NCCL INFO Channel 03/0 : 12[7000] -> 1[46000] [send] via NET/IB/0
x3004c0s25b1n0:52478:57534 [0] NCCL INFO transport/net_ib.cc:596 Ib Alloc Size 26560 pointer 0x145c200ac000
x3004c0s25b1n0:52480:57388 [2] NCCL INFO Channel 03/0 : 14[85000] -> 13[46000] via P2P/IPC/read
x3004c0s25b1n0:52480:57532 [2] NCCL INFO New proxy send connection 19 from local rank 2, transport 0
x3004c0s25b1n0:52478:57534 [0] NCCL INFO NET/IB: Dev 1 Port 1 qpn 10940 mtu 5 GID 0 (80FE/DA0100FEFF000000)
x3004c0s25b1n0:52478:57534 [0] NCCL INFO transport/net_ib.cc:653 Ib Alloc Size 552 pointer 0x145c200c3000
x3004c0s25b1n0:52478:57534 [0] NCCL INFO transport/net.cc:571 Cuda Host Alloc Size 9641984 pointer 0x145c0aa00000
x3004c0s25b1n0:52479:57383 [1] NCCL INFO Connection to proxy localRank 1 -> connection 0x151a34001140
x3004c0s25b1n0:52479:57383 [1] NCCL INFO Channel 03/0 : 13[46000] -> 8[7000] [send] via NET/IB/0
x3004c0s25b1n0:52478:57534 [0] NCCL INFO transport/net_ib.cc:596 Ib Alloc Size 26560 pointer 0x145c200c5000
x3004c0s25b1n0:52478:57534 [0] NCCL INFO NET/IB: Dev 0 Port 1 qpn 10708 mtu 5 GID 0 (80FE/880100FEFF000000)
x3004c0s25b1n0:52478:57534 [0] NCCL INFO transport/net_ib.cc:653 Ib Alloc Size 552 pointer 0x145c200dc000
x3004c0s25b1n0:52478:57534 [0] NCCL INFO transport/net.cc:571 Cuda Host Alloc Size 9641984 pointer 0x145c0b400000
x3004c0s25b1n0:52480:57388 [2] NCCL INFO Connection to proxy localRank 2 -> connection 0x145588001140
x3004c0s25b1n0:52480:57532 [2] NCCL INFO transport/p2p.cc:430 Cuda Alloc Size 6291456 pointer 0x145578c00000
x3004c0s25b1n0:52478:57385 [0] NCCL INFO GPU Direct RDMA Disabled for GPU 7000 / HCA 1 (distance 7 > 4)
x3004c0s25b1n0:52478:57534 [0] NCCL INFO New proxy recv connection 18 from local rank 0, transport 2
x3004c0s25b1n0:52481:57386 [3] NCCL INFO Connected all trees by HAO
x3004c0s25b1n0:52481:57386 [3] NCCL INFO threadThresholds 8/8/64 | 160/8/64 | 512 | 512
x3004c0s25b1n0:52481:57386 [3] NCCL INFO 4 coll channels, 4 p2p channels, 2 p2p channels per peer
x3004c0s25b1n0:52481:57531 [3] NCCL INFO New proxy send connection 12 from local rank 3, transport 2
x3004c0s25b1n0:52478:57385 [0] NCCL INFO Connection to proxy localRank 0 -> connection 0x145c20001100
x3004c0s25b1n0:52481:57386 [3] NCCL INFO Connection to proxy localRank 3 -> connection 0x14ec84000f80
x3004c0s25b1n0:52481:57531 [3] NCCL INFO transport/net.cc:376 Cuda Alloc Size 8388608 pointer 0x14ec7a600000
x3004c0s25b1n0:52478:57385 [0] NCCL INFO Channel 02/0 : 1[46000] -> 12[7000] [receive] via NET/IB/1
x3004c0s25b1n0:52478:57385 [0] NCCL INFO GPU Direct RDMA Disabled for GPU 7000 / HCA 0 (distance 7 > 4)
x3004c0s25b1n0:52478:57534 [0] NCCL INFO New proxy recv connection 19 from local rank 0, transport 2
x3004c0s25b1n0:52478:57385 [0] NCCL INFO Connection to proxy localRank 0 -> connection 0x145c20001140
x3004c0s25b1n0:52478:57385 [0] NCCL INFO Channel 03/0 : 1[46000] -> 12[7000] [receive] via NET/IB/0
x3004c0s25b1n0:52478:57534 [0] NCCL INFO transport/net_ib.cc:683 Ib Alloc Size 21688 pointer 0x145c200e8000
x3004c0s25b1n0:52478:57534 [0] NCCL INFO transport/net_ib.cc:696 Ib Alloc Size 552 pointer 0x145c200ef000
x3004c0s25b1n0:52478:57534 [0] NCCL INFO transport/net_ib.cc:771 Ib Alloc Size 552 pointer 0x145c2010a000
x3004c0s25b1n0:52478:57534 [0] NCCL INFO transport/net.cc:698 Cuda Host Alloc Size 9641984 pointer 0x145c08000000
x3004c0s25b1n0:52478:57534 [0] NCCL INFO transport/net_ib.cc:683 Ib Alloc Size 21688 pointer 0x145c2010c000
x3004c0s25b1n0:52478:57534 [0] NCCL INFO transport/net_ib.cc:696 Ib Alloc Size 552 pointer 0x145c20113000
x3004c0s25b1n0:52478:57534 [0] NCCL INFO transport/net_ib.cc:771 Ib Alloc Size 552 pointer 0x145c2012e000
x3004c0s25b1n0:52478:57534 [0] NCCL INFO transport/net.cc:698 Cuda Host Alloc Size 9641984 pointer 0x145c08a00000
x3004c0s25b1n0:52478:57385 [0] NCCL INFO GPU Direct RDMA Disabled for GPU 7000 / HCA 1 (distance 7 > 4)
x3004c0s25b1n0:52478:57534 [0] NCCL INFO New proxy recv connection 20 from local rank 0, transport 2
x3004c0s25b1n0:52478:57385 [0] NCCL INFO Connection to proxy localRank 0 -> connection 0x145c20001180
x3004c0s25b1n0:52478:57385 [0] NCCL INFO Channel 02/0 : 16[7000] -> 12[7000] [receive] via NET/IB/1
x3004c0s25b1n0:52478:57385 [0] NCCL INFO GPU Direct RDMA Disabled for GPU 7000 / HCA 0 (distance 7 > 4)
x3004c0s25b1n0:52478:57534 [0] NCCL INFO New proxy recv connection 21 from local rank 0, transport 2
x3004c0s25b1n0:52478:57385 [0] NCCL INFO Connection to proxy localRank 0 -> connection 0x145c200011c0
x3004c0s25b1n0:52478:57385 [0] NCCL INFO Channel 03/0 : 16[7000] -> 12[7000] [receive] via NET/IB/0
x3004c0s25b1n0:52478:57385 [0] NCCL INFO GPU Direct RDMA Disabled for GPU 7000 / HCA 1 (distance 7 > 4)
x3004c0s25b1n0:52478:57534 [0] NCCL INFO New proxy send connection 22 from local rank 0, transport 2
x3004c0s25b1n0:52479:57530 [1] NCCL INFO transport/net_ib.cc:596 Ib Alloc Size 26560 pointer 0x151a3410f000
x3004c0s25b1n0:52479:57530 [1] NCCL INFO NET/IB: Dev 1 Port 1 qpn 10943 mtu 5 GID 0 (80FE/DA0100FEFF000000)
x3004c0s25b1n0:52479:57530 [1] NCCL INFO transport/net_ib.cc:653 Ib Alloc Size 552 pointer 0x151a34126000
x3004c0s25b1n0:52479:57530 [1] NCCL INFO transport/net.cc:571 Cuda Host Alloc Size 9641984 pointer 0x151a1ea00000
x3004c0s25b1n0:52478:57385 [0] NCCL INFO Connection to proxy localRank 0 -> connection 0x145c20001200
x3004c0s25b1n0:52478:57385 [0] NCCL INFO Channel 00/0 : 12[7000] -> 8[7000] [send] via NET/IB/1
x3004c0s25b1n0:52478:57385 [0] NCCL INFO GPU Direct RDMA Disabled for GPU 7000 / HCA 0 (distance 7 > 4)
x3004c0s25b1n0:52478:57534 [0] NCCL INFO New proxy send connection 23 from local rank 0, transport 2
