x3004c0s1b0n0:15738:19962 [3] NCCL INFO Connection to proxy localRank 3 -> connection 0x147c00000d00
x3004c0s1b0n0:15738:20117 [3] NCCL INFO transport/p2p.cc:449 Cuda Alloc Size 6291456 pointer 0x147c60c00000
x3004c0s1b0n0:15736:19961 [1] NCCL INFO Connection to proxy localRank 1 -> connection 0x1508b0000d40
x3004c0s1b0n0:15737:19960 [2] NCCL INFO Channel 02/0 : 2[85000] -> 3[c7000] via P2P/IPC/read
x3004c0s1b0n0:15737:20118 [2] NCCL INFO New proxy send connection 2 from local rank 2, transport 0
x3004c0s1b0n0:15738:20117 [3] NCCL INFO New proxy recv connection 3 from local rank 3, transport 0
x3004c0s1b0n0:15736:19961 [1] NCCL INFO Channel 03/0 : 19[c7000] -> 1[46000] [receive] via NET/IB/0
x3004c0s1b0n0:15737:19960 [2] NCCL INFO Connection to proxy localRank 2 -> connection 0x14849c000d00
x3004c0s1b0n0:15737:20118 [2] NCCL INFO transport/p2p.cc:430 Cuda Alloc Size 6291456 pointer 0x148504c00000
x3004c0s1b0n0:15738:19962 [3] NCCL INFO Connection to proxy localRank 3 -> connection 0x147c00000d40
x3004c0s1b0n0:15738:20117 [3] NCCL INFO transport/p2p.cc:449 Cuda Alloc Size 6291456 pointer 0x147c61200000
x3004c0s1b0n0:15737:19960 [2] NCCL INFO Channel 03/0 : 2[85000] -> 3[c7000] via P2P/IPC/read
x3004c0s1b0n0:15737:20118 [2] NCCL INFO New proxy send connection 3 from local rank 2, transport 0
x3004c0s1b0n0:15737:19960 [2] NCCL INFO Connection to proxy localRank 2 -> connection 0x14849c000d40
x3004c0s1b0n0:15737:20118 [2] NCCL INFO transport/p2p.cc:430 Cuda Alloc Size 6291456 pointer 0x148505200000
x3004c0s1b0n0:15738:19962 [3] NCCL INFO GPU Direct RDMA Disabled for GPU c7000 / HCA 1 (distance 7 > 4)
x3004c0s1b0n0:15738:20117 [3] NCCL INFO Allocated 4194656 bytes of shared memory in /dev/shm/nccl-Yv4g7d

x3004c0s1b0n0:15738:20117 [3] NCCL INFO New proxy send connection 4 from local rank 3, transport 2
x3004c0s1b0n0:15737:20118 [2] NCCL INFO New proxy recv connection 4 from local rank 2, transport 0
x3004c0s1b0n0:15738:19962 [3] NCCL INFO Connection to proxy localRank 3 -> connection 0x147c00000d80
x3004c0s1b0n0:15738:19962 [3] NCCL INFO Channel 00/0 : 3[c7000] -> 5[46000] [send] via NET/IB/1
x3004c0s1b0n0:15738:19962 [3] NCCL INFO GPU Direct RDMA Disabled for GPU c7000 / HCA 0 (distance 6 > 4)
x3004c0s1b0n0:15738:20117 [3] NCCL INFO New proxy send connection 5 from local rank 3, transport 2
x3004c0s1b0n0:15737:19960 [2] NCCL INFO Connection to proxy localRank 2 -> connection 0x14849c000d80
x3004c0s1b0n0:15737:20118 [2] NCCL INFO transport/p2p.cc:449 Cuda Alloc Size 6291456 pointer 0x148537400000
x3004c0s1b0n0:15738:19962 [3] NCCL INFO Connection to proxy localRank 3 -> connection 0x147c00000dc0
x3004c0s1b0n0:15738:19962 [3] NCCL INFO Channel 01/0 : 3[c7000] -> 5[46000] [send] via NET/IB/0
x3004c0s1b0n0:15738:19962 [3] NCCL INFO GPU Direct RDMA Disabled for GPU c7000 / HCA 1 (distance 7 > 4)
x3004c0s1b0n0:15738:20117 [3] NCCL INFO New proxy send connection 6 from local rank 3, transport 2
x3004c0s1b0n0:15737:20118 [2] NCCL INFO New proxy recv connection 5 from local rank 2, transport 0
x3004c0s1b0n0:15738:19962 [3] NCCL INFO Connection to proxy localRank 3 -> connection 0x147c00000e00
x3004c0s1b0n0:15738:19962 [3] NCCL INFO Channel 02/0 : 3[c7000] -> 5[46000] [send] via NET/IB/1
x3004c0s1b0n0:15738:19962 [3] NCCL INFO GPU Direct RDMA Disabled for GPU c7000 / HCA 0 (distance 6 > 4)
x3004c0s1b0n0:15736:20113 [1] NCCL INFO transport/net_ib.cc:683 Ib Alloc Size 21688 pointer 0x1508b001d000
x3004c0s1b0n0:15736:20113 [1] NCCL INFO transport/net_ib.cc:696 Ib Alloc Size 552 pointer 0x1508b0024000
x3004c0s1b0n0:15738:20117 [3] NCCL INFO New proxy send connection 7 from local rank 3, transport 2
x3004c0s1b0n0:15737:19960 [2] NCCL INFO Connection to proxy localRank 2 -> connection 0x14849c000dc0
x3004c0s1b0n0:15737:20118 [2] NCCL INFO transport/p2p.cc:449 Cuda Alloc Size 6291456 pointer 0x148537a00000
x3004c0s1b0n0:15738:19962 [3] NCCL INFO Connection to proxy localRank 3 -> connection 0x147c00000e40
x3004c0s1b0n0:15738:19962 [3] NCCL INFO Channel 03/0 : 3[c7000] -> 5[46000] [send] via NET/IB/0
x3004c0s1b0n0:15738:20117 [3] NCCL INFO transport/net_ib.cc:596 Ib Alloc Size 26560 pointer 0x147c00020000
x3004c0s1b0n0:15737:20118 [2] NCCL INFO New proxy recv connection 6 from local rank 2, transport 0
x3004c0s1b0n0:15738:20117 [3] NCCL INFO NET/IB: Dev 1 Port 1 qpn 11914 mtu 5 GID 0 (80FE/AF0100FEFF000000)
x3004c0s1b0n0:15738:20117 [3] NCCL INFO transport/net_ib.cc:653 Ib Alloc Size 552 pointer 0x147c00038000
x3004c0s1b0n0:15738:20117 [3] NCCL INFO transport/net.cc:571 Cuda Host Alloc Size 9641984 pointer 0x147c8c800000
x3004c0s1b0n0:15736:20113 [1] NCCL INFO transport/net_ib.cc:771 Ib Alloc Size 552 pointer 0x1508b0041000
x3004c0s1b0n0:15736:20113 [1] NCCL INFO transport/net.cc:698 Cuda Host Alloc Size 9641984 pointer 0x15092aa00000
x3004c0s1b0n0:15738:20117 [3] NCCL INFO transport/net_ib.cc:596 Ib Alloc Size 26560 pointer 0x147c0003a000
x3004c0s1b0n0:15738:20117 [3] NCCL INFO NET/IB: Dev 0 Port 1 qpn 12503 mtu 5 GID 0 (80FE/EA0100FEFF000000)
x3004c0s1b0n0:15738:20117 [3] NCCL INFO transport/net_ib.cc:653 Ib Alloc Size 552 pointer 0x147c00051000
x3004c0s1b0n0:15738:20117 [3] NCCL INFO transport/net.cc:571 Cuda Host Alloc Size 9641984 pointer 0x147c8d200000
x3004c0s1b0n0:15737:19960 [2] NCCL INFO Connection to proxy localRank 2 -> connection 0x14849c000e00
x3004c0s1b0n0:15737:20118 [2] NCCL INFO transport/p2p.cc:449 Cuda Alloc Size 6291456 pointer 0x148543800000
x3004c0s1b0n0:15736:20113 [1] NCCL INFO transport/net_ib.cc:683 Ib Alloc Size 21688 pointer 0x1508b0043000
x3004c0s1b0n0:15736:20113 [1] NCCL INFO transport/net_ib.cc:696 Ib Alloc Size 552 pointer 0x1508b004a000
x3004c0s1b0n0:15738:20117 [3] NCCL INFO transport/net_ib.cc:596 Ib Alloc Size 26560 pointer 0x147c00053000
x3004c0s1b0n0:15736:20113 [1] NCCL INFO transport/net_ib.cc:771 Ib Alloc Size 552 pointer 0x1508b0065000
x3004c0s1b0n0:15736:20113 [1] NCCL INFO transport/net.cc:698 Cuda Host Alloc Size 9641984 pointer 0x15092b400000
x3004c0s1b0n0:15738:20117 [3] NCCL INFO NET/IB: Dev 1 Port 1 qpn 11917 mtu 5 GID 0 (80FE/AF0100FEFF000000)
x3004c0s1b0n0:15738:20117 [3] NCCL INFO transport/net_ib.cc:653 Ib Alloc Size 552 pointer 0x147c0006a000
x3004c0s1b0n0:15738:20117 [3] NCCL INFO transport/net.cc:571 Cuda Host Alloc Size 9641984 pointer 0x147c8dc00000
x3004c0s1b0n0:15736:20113 [1] NCCL INFO transport/net_ib.cc:683 Ib Alloc Size 21688 pointer 0x1508b0067000
x3004c0s1b0n0:15736:20113 [1] NCCL INFO transport/net_ib.cc:696 Ib Alloc Size 552 pointer 0x1508b006e000
x3004c0s1b0n0:15736:20113 [1] NCCL INFO transport/net_ib.cc:771 Ib Alloc Size 552 pointer 0x1508b0089000
x3004c0s1b0n0:15736:20113 [1] NCCL INFO transport/net.cc:698 Cuda Host Alloc Size 9641984 pointer 0x15092be00000
x3004c0s1b0n0:15737:20118 [2] NCCL INFO New proxy recv connection 7 from local rank 2, transport 0
x3004c0s1b0n0:15736:20113 [1] NCCL INFO transport/net_ib.cc:683 Ib Alloc Size 21688 pointer 0x1508b008b000
x3004c0s1b0n0:15736:20113 [1] NCCL INFO transport/net_ib.cc:696 Ib Alloc Size 552 pointer 0x1508b0092000
x3004c0s1b0n0:15738:20117 [3] NCCL INFO transport/net_ib.cc:596 Ib Alloc Size 26560 pointer 0x147c0006c000
x3004c0s1b0n0:15737:19960 [2] NCCL INFO Connection to proxy localRank 2 -> connection 0x14849c000e40
x3004c0s1b0n0:15737:20118 [2] NCCL INFO transport/p2p.cc:449 Cuda Alloc Size 6291456 pointer 0x1484a2000000
x3004c0s1b0n0:15738:20117 [3] NCCL INFO NET/IB: Dev 0 Port 1 qpn 12507 mtu 5 GID 0 (80FE/EA0100FEFF000000)
x3004c0s1b0n0:15738:20117 [3] NCCL INFO transport/net_ib.cc:653 Ib Alloc Size 552 pointer 0x147c00083000
x3004c0s1b0n0:15736:20113 [1] NCCL INFO transport/net_ib.cc:771 Ib Alloc Size 552 pointer 0x1508b00ad000
x3004c0s1b0n0:15736:20113 [1] NCCL INFO transport/net.cc:698 Cuda Host Alloc Size 9641984 pointer 0x15092c800000
x3004c0s1b0n0:15738:20117 [3] NCCL INFO transport/net.cc:571 Cuda Host Alloc Size 9641984 pointer 0x147c8e600000
x3004c0s1b0n0:15736:19961 [1] NCCL INFO Channel 00/0 : 1[46000] -> 0[7000] via P2P/IPC/read
x3004c0s1b0n0:15736:20113 [1] NCCL INFO New proxy send connection 4 from local rank 1, transport 0
x3004c0s1b0n0:15737:19960 [2] NCCL INFO Connected all rings
x3004c0s1b0n0:15737:20118 [2] NCCL INFO New proxy recv connection 8 from local rank 2, transport 0
x3004c0s1b0n0:15738:19962 [3] NCCL INFO Connected all rings
x3004c0s1b0n0:15738:19962 [3] NCCL INFO Channel 00/0 : 3[c7000] -> 2[85000] via P2P/IPC/read
x3004c0s1b0n0:15738:20117 [3] NCCL INFO New proxy send connection 8 from local rank 3, transport 0
x3004c0s1b0n0:15735:20116 [0] NCCL INFO New proxy recv connection 4 from local rank 0, transport 0
x3004c0s1b0n0:15735:19959 [0] NCCL INFO Connection to proxy localRank 0 -> connection 0x14e23c000d80
x3004c0s1b0n0:15736:19961 [1] NCCL INFO Connection to proxy localRank 1 -> connection 0x1508b0000d80
x3004c0s1b0n0:15736:20113 [1] NCCL INFO transport/p2p.cc:430 Cuda Alloc Size 6291456 pointer 0x15092d200000
x3004c0s1b0n0:15737:19960 [2] NCCL INFO Connection to proxy localRank 2 -> connection 0x14849c000e80
x3004c0s1b0n0:15737:20118 [2] NCCL INFO transport/p2p.cc:449 Cuda Alloc Size 6291456 pointer 0x14849a000000
x3004c0s1b0n0:15738:19962 [3] NCCL INFO Connection to proxy localRank 3 -> connection 0x147c00000e80
x3004c0s1b0n0:15738:20117 [3] NCCL INFO transport/p2p.cc:430 Cuda Alloc Size 6291456 pointer 0x147c93400000
x3004c0s1b0n0:15735:20116 [0] NCCL INFO transport/p2p.cc:449 Cuda Alloc Size 6291456 pointer 0x14e2dca00000
x3004c0s1b0n0:15736:19961 [1] NCCL INFO Channel 01/0 : 1[46000] -> 0[7000] via P2P/IPC/read
x3004c0s1b0n0:15736:20113 [1] NCCL INFO New proxy send connection 5 from local rank 1, transport 0
x3004c0s1b0n0:15737:20118 [2] NCCL INFO New proxy recv connection 9 from local rank 2, transport 0
x3004c0s1b0n0:15738:19962 [3] NCCL INFO Channel 01/0 : 3[c7000] -> 2[85000] via P2P/IPC/read
x3004c0s1b0n0:15738:20117 [3] NCCL INFO New proxy send connection 9 from local rank 3, transport 0
x3004c0s1b0n0:15735:20116 [0] NCCL INFO New proxy recv connection 5 from local rank 0, transport 0
x3004c0s1b0n0:15736:19961 [1] NCCL INFO Connection to proxy localRank 1 -> connection 0x1508b0000dc0
x3004c0s1b0n0:15736:20113 [1] NCCL INFO transport/p2p.cc:430 Cuda Alloc Size 6291456 pointer 0x1508aa000000
x3004c0s1b0n0:15736:19961 [1] NCCL INFO Channel 02/0 : 1[46000] -> 0[7000] via P2P/IPC/read
x3004c0s1b0n0:15737:19960 [2] NCCL INFO Connection to proxy localRank 2 -> connection 0x14849c000ec0
x3004c0s1b0n0:15737:20118 [2] NCCL INFO transport/p2p.cc:449 Cuda Alloc Size 6291456 pointer 0x14849a600000
x3004c0s1b0n0:15737:20118 [2] NCCL INFO New proxy recv connection 10 from local rank 2, transport 0
x3004c0s1b0n0:15738:19962 [3] NCCL INFO Connection to proxy localRank 3 -> connection 0x147c00000ec0
x3004c0s1b0n0:15738:20117 [3] NCCL INFO transport/p2p.cc:430 Cuda Alloc Size 6291456 pointer 0x147c93a00000
x3004c0s1b0n0:15736:20113 [1] NCCL INFO New proxy send connection 6 from local rank 1, transport 0
x3004c0s1b0n0:15735:19959 [0] NCCL INFO Connection to proxy localRank 0 -> connection 0x14e23c000dc0
x3004c0s1b0n0:15735:20116 [0] NCCL INFO transport/p2p.cc:449 Cuda Alloc Size 6291456 pointer 0x14e2dd000000
x3004c0s1b0n0:15738:19962 [3] NCCL INFO Channel 02/0 : 3[c7000] -> 2[85000] via P2P/IPC/read
x3004c0s1b0n0:15738:20117 [3] NCCL INFO New proxy send connection 10 from local rank 3, transport 0
x3004c0s1b0n0:15736:19961 [1] NCCL INFO Connection to proxy localRank 1 -> connection 0x1508b0000e00
x3004c0s1b0n0:15736:20113 [1] NCCL INFO transport/p2p.cc:430 Cuda Alloc Size 6291456 pointer 0x1508aa600000
x3004c0s1b0n0:15737:19960 [2] NCCL INFO Connection to proxy localRank 2 -> connection 0x14849c000f00
x3004c0s1b0n0:15737:20118 [2] NCCL INFO transport/p2p.cc:449 Cuda Alloc Size 6291456 pointer 0x14849ac00000
x3004c0s1b0n0:15735:20116 [0] NCCL INFO New proxy recv connection 6 from local rank 0, transport 0
x3004c0s1b0n0:15738:19962 [3] NCCL INFO Connection to proxy localRank 3 -> connection 0x147c00000f00
x3004c0s1b0n0:15738:20117 [3] NCCL INFO transport/p2p.cc:430 Cuda Alloc Size 6291456 pointer 0x147c9b800000
x3004c0s1b0n0:15736:19961 [1] NCCL INFO Channel 03/0 : 1[46000] -> 0[7000] via P2P/IPC/read
x3004c0s1b0n0:15736:20113 [1] NCCL INFO New proxy send connection 7 from local rank 1, transport 0
x3004c0s1b0n0:15736:19961 [1] NCCL INFO Connection to proxy localRank 1 -> connection 0x1508b0000e40
x3004c0s1b0n0:15736:20113 [1] NCCL INFO transport/p2p.cc:430 Cuda Alloc Size 6291456 pointer 0x1508aac00000
x3004c0s1b0n0:15735:19959 [0] NCCL INFO Connection to proxy localRank 0 -> connection 0x14e23c000e00
x3004c0s1b0n0:15735:20116 [0] NCCL INFO transport/p2p.cc:449 Cuda Alloc Size 6291456 pointer 0x14e232000000
x3004c0s1b0n0:15737:20118 [2] NCCL INFO New proxy recv connection 11 from local rank 2, transport 0
x3004c0s1b0n0:15738:19962 [3] NCCL INFO Channel 03/0 : 3[c7000] -> 2[85000] via P2P/IPC/read
x3004c0s1b0n0:15738:20117 [3] NCCL INFO New proxy send connection 11 from local rank 3, transport 0
x3004c0s1b0n0:15735:20116 [0] NCCL INFO New proxy recv connection 7 from local rank 0, transport 0
x3004c0s1b0n0:15737:19960 [2] NCCL INFO Connection to proxy localRank 2 -> connection 0x14849c000f40
x3004c0s1b0n0:15738:19962 [3] NCCL INFO Connection to proxy localRank 3 -> connection 0x147c00000f40
x3004c0s1b0n0:15738:20117 [3] NCCL INFO transport/p2p.cc:430 Cuda Alloc Size 6291456 pointer 0x147bfe000000
x3004c0s1b0n0:15737:20118 [2] NCCL INFO transport/p2p.cc:449 Cuda Alloc Size 6291456 pointer 0x14849b200000
x3004c0s1b0n0:15735:19959 [0] NCCL INFO Connection to proxy localRank 0 -> connection 0x14e23c000e40
x3004c0s1b0n0:15735:20116 [0] NCCL INFO transport/p2p.cc:449 Cuda Alloc Size 6291456 pointer 0x14e232600000
x3004c0s1b0n0:15735:19959 [0] NCCL INFO Connected all rings
x3004c0s1b0n0:15735:19959 [0] NCCL INFO Channel 00/0 : 0[7000] -> 1[46000] via P2P/IPC/read
x3004c0s1b0n0:15736:19961 [1] NCCL INFO Connected all rings
x3004c0s1b0n0:15736:20113 [1] NCCL INFO New proxy recv connection 8 from local rank 1, transport 0
x3004c0s1b0n0:15735:20116 [0] NCCL INFO New proxy send connection 8 from local rank 0, transport 0
x3004c0s1b0n0:15736:19961 [1] NCCL INFO Connection to proxy localRank 1 -> connection 0x1508b0000e80
x3004c0s1b0n0:15736:20113 [1] NCCL INFO transport/p2p.cc:449 Cuda Alloc Size 6291456 pointer 0x1508a2c00000
x3004c0s1b0n0:15735:19959 [0] NCCL INFO Connection to proxy localRank 0 -> connection 0x14e23c000e80
x3004c0s1b0n0:15735:20116 [0] NCCL INFO transport/p2p.cc:430 Cuda Alloc Size 6291456 pointer 0x14e22a600000
x3004c0s1b0n0:15736:20113 [1] NCCL INFO New proxy recv connection 9 from local rank 1, transport 0
x3004c0s1b0n0:15735:19959 [0] NCCL INFO Channel 01/0 : 0[7000] -> 1[46000] via P2P/IPC/read
x3004c0s1b0n0:15735:20116 [0] NCCL INFO New proxy send connection 9 from local rank 0, transport 0
x3004c0s1b0n0:15735:19959 [0] NCCL INFO Connection to proxy localRank 0 -> connection 0x14e23c000ec0
x3004c0s1b0n0:15735:20116 [0] NCCL INFO transport/p2p.cc:430 Cuda Alloc Size 6291456 pointer 0x14e22ac00000
x3004c0s1b0n0:15736:19961 [1] NCCL INFO Connection to proxy localRank 1 -> connection 0x1508b0000ec0
x3004c0s1b0n0:15736:20113 [1] NCCL INFO transport/p2p.cc:449 Cuda Alloc Size 6291456 pointer 0x1508a3200000
x3004c0s1b0n0:15735:19959 [0] NCCL INFO Channel 02/0 : 0[7000] -> 1[46000] via P2P/IPC/read
x3004c0s1b0n0:15735:20116 [0] NCCL INFO New proxy send connection 10 from local rank 0, transport 0
x3004c0s1b0n0:15736:20113 [1] NCCL INFO New proxy recv connection 10 from local rank 1, transport 0
x3004c0s1b0n0:15735:19959 [0] NCCL INFO Connection to proxy localRank 0 -> connection 0x14e23c000f00
x3004c0s1b0n0:15735:20116 [0] NCCL INFO transport/p2p.cc:430 Cuda Alloc Size 6291456 pointer 0x14e22b200000
x3004c0s1b0n0:15735:19959 [0] NCCL INFO Channel 03/0 : 0[7000] -> 1[46000] via P2P/IPC/read
x3004c0s1b0n0:15735:20116 [0] NCCL INFO New proxy send connection 11 from local rank 0, transport 0
x3004c0s1b0n0:15736:19961 [1] NCCL INFO Connection to proxy localRank 1 -> connection 0x1508b0000f00
x3004c0s1b0n0:15736:20113 [1] NCCL INFO transport/p2p.cc:449 Cuda Alloc Size 6291456 pointer 0x1508a3800000
x3004c0s1b0n0:15736:20113 [1] NCCL INFO New proxy recv connection 11 from local rank 1, transport 0
x3004c0s1b0n0:15735:19959 [0] NCCL INFO Connection to proxy localRank 0 -> connection 0x14e23c000f40
x3004c0s1b0n0:15735:20116 [0] NCCL INFO transport/p2p.cc:430 Cuda Alloc Size 6291456 pointer 0x14e22b800000
x3004c0s1b0n0:15736:19961 [1] NCCL INFO Connection to proxy localRank 1 -> connection 0x1508b0000f40
x3004c0s1b0n0:15736:20113 [1] NCCL INFO transport/p2p.cc:449 Cuda Alloc Size 6291456 pointer 0x1508a0000000
x3004c0s1b0n0:15736:19961 [1] NCCL INFO Channel 00/0 : 1[46000] -> 2[85000] via P2P/IPC/read
x3004c0s1b0n0:15736:20113 [1] NCCL INFO New proxy send connection 12 from local rank 1, transport 0
x3004c0s1b0n0:15736:19961 [1] NCCL INFO Connection to proxy localRank 1 -> connection 0x1508b0000f80
x3004c0s1b0n0:15736:20113 [1] NCCL INFO transport/p2p.cc:430 Cuda Alloc Size 6291456 pointer 0x1508a0600000
x3004c0s1b0n0:15736:19961 [1] NCCL INFO Channel 01/0 : 1[46000] -> 2[85000] via P2P/IPC/read
x3004c0s1b0n0:15736:20113 [1] NCCL INFO New proxy send connection 13 from local rank 1, transport 0
x3004c0s1b0n0:15736:19961 [1] NCCL INFO Connection to proxy localRank 1 -> connection 0x1508b0000fc0
x3004c0s1b0n0:15736:20113 [1] NCCL INFO transport/p2p.cc:430 Cuda Alloc Size 6291456 pointer 0x1508a0c00000
x3004c0s1b0n0:15736:19961 [1] NCCL INFO Channel 02/0 : 1[46000] -> 2[85000] via P2P/IPC/read
x3004c0s1b0n0:15736:20113 [1] NCCL INFO New proxy send connection 14 from local rank 1, transport 0
x3004c0s1b0n0:15736:19961 [1] NCCL INFO Connection to proxy localRank 1 -> connection 0x1508b0001000
x3004c0s1b0n0:15736:20113 [1] NCCL INFO transport/p2p.cc:430 Cuda Alloc Size 6291456 pointer 0x1508a1200000
x3004c0s1b0n0:15736:19961 [1] NCCL INFO Channel 03/0 : 1[46000] -> 2[85000] via P2P/IPC/read
x3004c0s1b0n0:15736:20113 [1] NCCL INFO New proxy send connection 15 from local rank 1, transport 0
x3004c0s1b0n0:15736:19961 [1] NCCL INFO Connection to proxy localRank 1 -> connection 0x1508b0001040
x3004c0s1b0n0:15736:20113 [1] NCCL INFO transport/p2p.cc:430 Cuda Alloc Size 6291456 pointer 0x1508a1800000
x3004c0s1b0n0:15736:19961 [1] NCCL INFO GPU Direct RDMA Disabled for GPU 46000 / HCA 1 (distance 6 > 4)
x3004c0s1b0n0:15737:20118 [2] NCCL INFO New proxy recv connection 12 from local rank 2, transport 0
x3004c0s1b0n0:15737:19960 [2] NCCL INFO Connection to proxy localRank 2 -> connection 0x14849c000f80
x3004c0s1b0n0:15737:20118 [2] NCCL INFO transport/p2p.cc:449 Cuda Alloc Size 6291456 pointer 0x148499200000
x3004c0s1b0n0:15735:19959 [0] NCCL INFO GPU Direct RDMA Disabled for GPU 7000 / HCA 1 (distance 7 > 4)
x3004c0s1b0n0:15735:20116 [0] NCCL INFO Allocated 4194656 bytes of shared memory in /dev/shm/nccl-F5NTqZ

x3004c0s1b0n0:15735:20116 [0] NCCL INFO New proxy recv connection 12 from local rank 0, transport 2
x3004c0s1b0n0:15737:20118 [2] NCCL INFO New proxy recv connection 13 from local rank 2, transport 0
x3004c0s1b0n0:15736:20113 [1] NCCL INFO New proxy recv connection 16 from local rank 1, transport 2
x3004c0s1b0n0:15736:19961 [1] NCCL INFO Connection to proxy localRank 1 -> connection 0x1508b0001080
x3004c0s1b0n0:15735:19959 [0] NCCL INFO Connection to proxy localRank 0 -> connection 0x14e23c000f80
x3004c0s1b0n0:15737:19960 [2] NCCL INFO Connection to proxy localRank 2 -> connection 0x14849c000fc0
x3004c0s1b0n0:15737:20118 [2] NCCL INFO transport/p2p.cc:449 Cuda Alloc Size 6291456 pointer 0x148499800000
x3004c0s1b0n0:15736:19961 [1] NCCL INFO Channel 02/0 : 12[7000] -> 1[46000] [receive] via NET/IB/1
x3004c0s1b0n0:15736:19961 [1] NCCL INFO GPU Direct RDMA Disabled for GPU 46000 / HCA 0 (distance 7 > 4)
x3004c0s1b0n0:15736:20113 [1] NCCL INFO New proxy recv connection 17 from local rank 1, transport 2
x3004c0s1b0n0:15735:19959 [0] NCCL INFO Channel 00/0 : 16[7000] -> 0[7000] [receive] via NET/IB/1
x3004c0s1b0n0:15735:19959 [0] NCCL INFO GPU Direct RDMA Disabled for GPU 7000 / HCA 0 (distance 7 > 4)
x3004c0s1b0n0:15735:20116 [0] NCCL INFO New proxy recv connection 13 from local rank 0, transport 2
x3004c0s1b0n0:15736:19961 [1] NCCL INFO Connection to proxy localRank 1 -> connection 0x1508b00010c0
x3004c0s1b0n0:15736:19961 [1] NCCL INFO Channel 03/0 : 12[7000] -> 1[46000] [receive] via NET/IB/0
x3004c0s1b0n0:15737:20118 [2] NCCL INFO New proxy recv connection 14 from local rank 2, transport 0
x3004c0s1b0n0:15735:19959 [0] NCCL INFO Connection to proxy localRank 0 -> connection 0x14e23c000fc0
x3004c0s1b0n0:15737:19960 [2] NCCL INFO Connection to proxy localRank 2 -> connection 0x14849c001000
x3004c0s1b0n0:15737:20118 [2] NCCL INFO transport/p2p.cc:449 Cuda Alloc Size 6291456 pointer 0x148496000000
x3004c0s1b0n0:15737:20118 [2] NCCL INFO New proxy recv connection 15 from local rank 2, transport 0
x3004c0s1b0n0:15735:19959 [0] NCCL INFO Channel 01/0 : 16[7000] -> 0[7000] [receive] via NET/IB/0
x3004c0s1b0n0:15735:19959 [0] NCCL INFO GPU Direct RDMA Disabled for GPU 7000 / HCA 1 (distance 7 > 4)
x3004c0s1b0n0:15735:20116 [0] NCCL INFO New proxy send connection 14 from local rank 0, transport 2
x3004c0s1b0n0:15737:19960 [2] NCCL INFO Connection to proxy localRank 2 -> connection 0x14849c001040
x3004c0s1b0n0:15737:20118 [2] NCCL INFO transport/p2p.cc:449 Cuda Alloc Size 6291456 pointer 0x148496600000
x3004c0s1b0n0:15735:19959 [0] NCCL INFO Connection to proxy localRank 0 -> connection 0x14e23c001000
x3004c0s1b0n0:15735:19959 [0] NCCL INFO Channel 02/0 : 0[7000] -> 4[7000] [send] via NET/IB/1
x3004c0s1b0n0:15735:19959 [0] NCCL INFO GPU Direct RDMA Disabled for GPU 7000 / HCA 0 (distance 7 > 4)
x3004c0s1b0n0:15735:20116 [0] NCCL INFO New proxy send connection 15 from local rank 0, transport 2
x3004c0s1b0n0:15735:19959 [0] NCCL INFO Connection to proxy localRank 0 -> connection 0x14e23c001040
x3004c0s1b0n0:15735:19959 [0] NCCL INFO Channel 03/0 : 0[7000] -> 4[7000] [send] via NET/IB/0
x3004c0s1b0n0:15735:20116 [0] NCCL INFO transport/net_ib.cc:596 Ib Alloc Size 26560 pointer 0x14e23c025000
x3004c0s1b0n0:15735:20116 [0] NCCL INFO NET/IB: Dev 1 Port 1 qpn 11920 mtu 5 GID 0 (80FE/AF0100FEFF000000)
x3004c0s1b0n0:15735:20116 [0] NCCL INFO transport/net_ib.cc:653 Ib Alloc Size 552 pointer 0x14e23c03d000
x3004c0s1b0n0:15735:20116 [0] NCCL INFO transport/net.cc:571 Cuda Host Alloc Size 9641984 pointer 0x14e222000000
x3004c0s1b0n0:15737:19960 [2] NCCL INFO Channel 00/0 : 2[85000] -> 1[46000] via P2P/IPC/read
x3004c0s1b0n0:15737:20118 [2] NCCL INFO New proxy send connection 16 from local rank 2, transport 0
x3004c0s1b0n0:15735:20116 [0] NCCL INFO transport/net_ib.cc:596 Ib Alloc Size 26560 pointer 0x14e23c03f000
x3004c0s1b0n0:15737:19960 [2] NCCL INFO Connection to proxy localRank 2 -> connection 0x14849c001080
x3004c0s1b0n0:15737:20118 [2] NCCL INFO transport/p2p.cc:430 Cuda Alloc Size 6291456 pointer 0x148496c00000
x3004c0s1b0n0:15735:20116 [0] NCCL INFO NET/IB: Dev 0 Port 1 qpn 12509 mtu 5 GID 0 (80FE/EA0100FEFF000000)
x3004c0s1b0n0:15735:20116 [0] NCCL INFO transport/net_ib.cc:653 Ib Alloc Size 552 pointer 0x14e23c057000
x3004c0s1b0n0:15735:20116 [0] NCCL INFO transport/net.cc:571 Cuda Host Alloc Size 9641984 pointer 0x14e222a00000
x3004c0s1b0n0:15737:19960 [2] NCCL INFO Channel 01/0 : 2[85000] -> 1[46000] via P2P/IPC/read
x3004c0s1b0n0:15737:20118 [2] NCCL INFO New proxy send connection 17 from local rank 2, transport 0
x3004c0s1b0n0:15735:20116 [0] NCCL INFO transport/net_ib.cc:683 Ib Alloc Size 21688 pointer 0x14e23c059000
x3004c0s1b0n0:15735:20116 [0] NCCL INFO transport/net_ib.cc:696 Ib Alloc Size 552 pointer 0x14e23c060000
x3004c0s1b0n0:15735:20116 [0] NCCL INFO transport/net_ib.cc:771 Ib Alloc Size 552 pointer 0x14e23c07c000
x3004c0s1b0n0:15735:20116 [0] NCCL INFO transport/net.cc:698 Cuda Host Alloc Size 9641984 pointer 0x14e223400000
x3004c0s1b0n0:15737:19960 [2] NCCL INFO Connection to proxy localRank 2 -> connection 0x14849c0010c0
x3004c0s1b0n0:15737:20118 [2] NCCL INFO transport/p2p.cc:430 Cuda Alloc Size 6291456 pointer 0x148497200000
x3004c0s1b0n0:15735:20116 [0] NCCL INFO transport/net_ib.cc:683 Ib Alloc Size 21688 pointer 0x14e23c07e000
x3004c0s1b0n0:15735:20116 [0] NCCL INFO transport/net_ib.cc:696 Ib Alloc Size 552 pointer 0x14e23c085000
x3004c0s1b0n0:15737:19960 [2] NCCL INFO Channel 02/0 : 2[85000] -> 1[46000] via P2P/IPC/read
x3004c0s1b0n0:15737:20118 [2] NCCL INFO New proxy send connection 18 from local rank 2, transport 0
x3004c0s1b0n0:15735:20116 [0] NCCL INFO transport/net_ib.cc:771 Ib Alloc Size 552 pointer 0x14e23c085000
x3004c0s1b0n0:15735:20116 [0] NCCL INFO transport/net.cc:698 Cuda Host Alloc Size 9641984 pointer 0x14e220000000
x3004c0s1b0n0:15735:19959 [0] NCCL INFO GPU Direct RDMA Disabled for GPU 7000 / HCA 1 (distance 7 > 4)
x3004c0s1b0n0:15735:20116 [0] NCCL INFO New proxy recv connection 16 from local rank 0, transport 2
x3004c0s1b0n0:15736:20113 [1] NCCL INFO transport/net_ib.cc:683 Ib Alloc Size 21688 pointer 0x1508b00be000
x3004c0s1b0n0:15736:20113 [1] NCCL INFO transport/net_ib.cc:696 Ib Alloc Size 552 pointer 0x1508b001a000
x3004c0s1b0n0:15737:19960 [2] NCCL INFO Connection to proxy localRank 2 -> connection 0x14849c001100
x3004c0s1b0n0:15737:20118 [2] NCCL INFO transport/p2p.cc:430 Cuda Alloc Size 6291456 pointer 0x148497800000
x3004c0s1b0n0:15735:19959 [0] NCCL INFO Connection to proxy localRank 0 -> connection 0x14e23c001080
x3004c0s1b0n0:15736:20113 [1] NCCL INFO transport/net_ib.cc:771 Ib Alloc Size 552 pointer 0x1508b00df000
x3004c0s1b0n0:15736:20113 [1] NCCL INFO transport/net.cc:698 Cuda Host Alloc Size 9641984 pointer 0x15089d200000
x3004c0s1b0n0:15736:20113 [1] NCCL INFO transport/net_ib.cc:683 Ib Alloc Size 21688 pointer 0x1508b00e1000
x3004c0s1b0n0:15736:20113 [1] NCCL INFO transport/net_ib.cc:696 Ib Alloc Size 552 pointer 0x1508b00e8000
x3004c0s1b0n0:15737:19960 [2] NCCL INFO Channel 03/0 : 2[85000] -> 1[46000] via P2P/IPC/read
x3004c0s1b0n0:15737:20118 [2] NCCL INFO New proxy send connection 19 from local rank 2, transport 0
x3004c0s1b0n0:15735:19959 [0] NCCL INFO Channel 02/0 : 4[7000] -> 0[7000] [receive] via NET/IB/1
x3004c0s1b0n0:15735:19959 [0] NCCL INFO GPU Direct RDMA Disabled for GPU 7000 / HCA 0 (distance 7 > 4)
x3004c0s1b0n0:15735:20116 [0] NCCL INFO New proxy recv connection 17 from local rank 0, transport 2
x3004c0s1b0n0:15736:20113 [1] NCCL INFO transport/net_ib.cc:771 Ib Alloc Size 552 pointer 0x1508b0103000
x3004c0s1b0n0:15736:20113 [1] NCCL INFO transport/net.cc:698 Cuda Host Alloc Size 9641984 pointer 0x15089a000000
x3004c0s1b0n0:15737:19960 [2] NCCL INFO Connection to proxy localRank 2 -> connection 0x14849c001140
x3004c0s1b0n0:15737:20118 [2] NCCL INFO transport/p2p.cc:430 Cuda Alloc Size 6291456 pointer 0x148494000000
x3004c0s1b0n0:15735:19959 [0] NCCL INFO Connection to proxy localRank 0 -> connection 0x14e23c0010c0
x3004c0s1b0n0:15736:19961 [1] NCCL INFO GPU Direct RDMA Disabled for GPU 46000 / HCA 1 (distance 6 > 4)
x3004c0s1b0n0:15736:20113 [1] NCCL INFO New proxy send connection 18 from local rank 1, transport 2
x3004c0s1b0n0:15738:19962 [3] NCCL INFO Connected all trees by HAO
x3004c0s1b0n0:15738:19962 [3] NCCL INFO threadThresholds 8/8/64 | 160/8/64 | 512 | 512
x3004c0s1b0n0:15738:19962 [3] NCCL INFO 4 coll channels, 4 p2p channels, 2 p2p channels per peer
x3004c0s1b0n0:15738:20117 [3] NCCL INFO New proxy send connection 12 from local rank 3, transport 2
x3004c0s1b0n0:15738:19962 [3] NCCL INFO Connection to proxy localRank 3 -> connection 0x147c00000f80
x3004c0s1b0n0:15738:20117 [3] NCCL INFO transport/net.cc:376 Cuda Alloc Size 8388608 pointer 0x147bfc000000
x3004c0s1b0n0:15735:19959 [0] NCCL INFO Channel 03/0 : 4[7000] -> 0[7000] [receive] via NET/IB/0
x3004c0s1b0n0:15735:19959 [0] NCCL INFO GPU Direct RDMA Disabled for GPU 7000 / HCA 1 (distance 7 > 4)
x3004c0s1b0n0:15736:19961 [1] NCCL INFO Connection to proxy localRank 1 -> connection 0x1508b0001100
x3004c0s1b0n0:15736:19961 [1] NCCL INFO Channel 02/0 : 1[46000] -> 12[7000] [send] via NET/IB/1
x3004c0s1b0n0:15736:19961 [1] NCCL INFO GPU Direct RDMA Disabled for GPU 46000 / HCA 0 (distance 7 > 4)
x3004c0s1b0n0:15736:20113 [1] NCCL INFO New proxy send connection 19 from local rank 1, transport 2
x3004c0s1b0n0:15735:20116 [0] NCCL INFO New proxy send connection 18 from local rank 0, transport 2
x3004c0s1b0n0:15736:19961 [1] NCCL INFO Connection to proxy localRank 1 -> connection 0x1508b0001140
x3004c0s1b0n0:15736:19961 [1] NCCL INFO Channel 03/0 : 1[46000] -> 12[7000] [send] via NET/IB/0
x3004c0s1b0n0:15736:20113 [1] NCCL INFO transport/net_ib.cc:596 Ib Alloc Size 26560 pointer 0x1508b010f000
x3004c0s1b0n0:15735:19959 [0] NCCL INFO Connection to proxy localRank 0 -> connection 0x14e23c001100
x3004c0s1b0n0:15735:19959 [0] NCCL INFO Channel 00/0 : 0[7000] -> 16[7000] [send] via NET/IB/1
x3004c0s1b0n0:15735:19959 [0] NCCL INFO GPU Direct RDMA Disabled for GPU 7000 / HCA 0 (distance 7 > 4)
x3004c0s1b0n0:15735:20116 [0] NCCL INFO New proxy send connection 19 from local rank 0, transport 2
x3004c0s1b0n0:15736:20113 [1] NCCL INFO NET/IB: Dev 1 Port 1 qpn 11925 mtu 5 GID 0 (80FE/AF0100FEFF000000)
x3004c0s1b0n0:15736:20113 [1] NCCL INFO transport/net_ib.cc:653 Ib Alloc Size 552 pointer 0x1508b0126000
x3004c0s1b0n0:15736:20113 [1] NCCL INFO transport/net.cc:571 Cuda Host Alloc Size 9641984 pointer 0x15089aa00000
x3004c0s1b0n0:15736:20113 [1] NCCL INFO transport/net_ib.cc:596 Ib Alloc Size 26560 pointer 0x1508b0128000
x3004c0s1b0n0:15736:20113 [1] NCCL INFO NET/IB: Dev 0 Port 1 qpn 12514 mtu 5 GID 0 (80FE/EA0100FEFF000000)
x3004c0s1b0n0:15736:20113 [1] NCCL INFO transport/net_ib.cc:653 Ib Alloc Size 552 pointer 0x1508b013f000
x3004c0s1b0n0:15736:20113 [1] NCCL INFO transport/net.cc:571 Cuda Host Alloc Size 9641984 pointer 0x15089b400000
x3004c0s1b0n0:15735:19959 [0] NCCL INFO Connection to proxy localRank 0 -> connection 0x14e23c001140
x3004c0s1b0n0:15735:19959 [0] NCCL INFO Channel 01/0 : 0[7000] -> 16[7000] [send] via NET/IB/0
x3004c0s1b0n0:15736:20113 [1] NCCL INFO New proxy recv connection 20 from local rank 1, transport 0
x3004c0s1b0n0:15736:19961 [1] NCCL INFO Connection to proxy localRank 1 -> connection 0x1508b0001180
x3004c0s1b0n0:15736:20113 [1] NCCL INFO transport/p2p.cc:449 Cuda Alloc Size 6291456 pointer 0x150898000000
x3004c0s1b0n0:15736:20113 [1] NCCL INFO New proxy recv connection 21 from local rank 1, transport 0
x3004c0s1b0n0:15736:19961 [1] NCCL INFO Connection to proxy localRank 1 -> connection 0x1508b00011c0
x3004c0s1b0n0:15736:20113 [1] NCCL INFO transport/p2p.cc:449 Cuda Alloc Size 6291456 pointer 0x150898600000
x3004c0s1b0n0:15736:20113 [1] NCCL INFO New proxy recv connection 22 from local rank 1, transport 0
x3004c0s1b0n0:15736:19961 [1] NCCL INFO Connection to proxy localRank 1 -> connection 0x1508b0001200
x3004c0s1b0n0:15736:20113 [1] NCCL INFO transport/p2p.cc:449 Cuda Alloc Size 6291456 pointer 0x150898c00000
x3004c0s1b0n0:15736:20113 [1] NCCL INFO New proxy recv connection 23 from local rank 1, transport 0
x3004c0s1b0n0:15736:19961 [1] NCCL INFO Connection to proxy localRank 1 -> connection 0x1508b0001240
x3004c0s1b0n0:15736:20113 [1] NCCL INFO transport/p2p.cc:449 Cuda Alloc Size 6291456 pointer 0x150899200000
x3004c0s1b0n0:15735:20116 [0] NCCL INFO transport/net_ib.cc:596 Ib Alloc Size 26560 pointer 0x14e23c0b4000
x3004c0s1b0n0:15735:20116 [0] NCCL INFO NET/IB: Dev 1 Port 1 qpn 11926 mtu 5 GID 0 (80FE/AF0100FEFF000000)
x3004c0s1b0n0:15735:20116 [0] NCCL INFO transport/net_ib.cc:653 Ib Alloc Size 552 pointer 0x14e23c0cb000
x3004c0s1b0n0:15735:20116 [0] NCCL INFO transport/net.cc:571 Cuda Host Alloc Size 9641984 pointer 0x14e220a00000
x3004c0s1b0n0:15735:20116 [0] NCCL INFO transport/net_ib.cc:596 Ib Alloc Size 26560 pointer 0x14e23c0cd000
x3004c0s1b0n0:15736:19961 [1] NCCL INFO Connected all trees by HAO
x3004c0s1b0n0:15736:19961 [1] NCCL INFO threadThresholds 8/8/64 | 160/8/64 | 512 | 512
x3004c0s1b0n0:15736:19961 [1] NCCL INFO 4 coll channels, 4 p2p channels, 2 p2p channels per peer
x3004c0s1b0n0:15736:20113 [1] NCCL INFO New proxy send connection 24 from local rank 1, transport 2
x3004c0s1b0n0:15736:19961 [1] NCCL INFO Connection to proxy localRank 1 -> connection 0x1508b0001280
x3004c0s1b0n0:15737:19960 [2] NCCL INFO Connected all trees by HAO
x3004c0s1b0n0:15737:19960 [2] NCCL INFO threadThresholds 8/8/64 | 160/8/64 | 512 | 512
x3004c0s1b0n0:15737:19960 [2] NCCL INFO 4 coll channels, 4 p2p channels, 2 p2p channels per peer
x3004c0s1b0n0:15735:20116 [0] NCCL INFO NET/IB: Dev 0 Port 1 qpn 12515 mtu 5 GID 0 (80FE/EA0100FEFF000000)
x3004c0s1b0n0:15735:20116 [0] NCCL INFO transport/net_ib.cc:653 Ib Alloc Size 552 pointer 0x14e23c0e4000
x3004c0s1b0n0:15735:20116 [0] NCCL INFO transport/net.cc:571 Cuda Host Alloc Size 9641984 pointer 0x14e221400000
x3004c0s1b0n0:15735:20116 [0] NCCL INFO Mem Realloc old size 768, new size 1536 pointer 0x14e23c0d9150
x3004c0s1b0n0:15737:20118 [2] NCCL INFO Allocated 4194656 bytes of shared memory in /dev/shm/nccl-VdKBKa

x3004c0s1b0n0:15737:20118 [2] NCCL INFO New proxy send connection 20 from local rank 2, transport 2
x3004c0s1b0n0:15737:19960 [2] NCCL INFO Connection to proxy localRank 2 -> connection 0x14849c001180
x3004c0s1b0n0:15736:20113 [1] NCCL INFO transport/net.cc:376 Cuda Alloc Size 8388608 pointer 0x150897200000
x3004c0s1b0n0:15737:20118 [2] NCCL INFO transport/net.cc:376 Cuda Alloc Size 8388608 pointer 0x148493800000
x3004c0s1b0n0:15735:20116 [0] NCCL INFO transport/net_ib.cc:683 Ib Alloc Size 21688 pointer 0x14e23c0e6000
x3004c0s1b0n0:15735:20116 [0] NCCL INFO transport/net_ib.cc:696 Ib Alloc Size 552 pointer 0x14e23c0ed000
x3004c0s1b0n0:15735:20116 [0] NCCL INFO transport/net_ib.cc:771 Ib Alloc Size 552 pointer 0x14e23c109000
x3004c0s1b0n0:15735:20116 [0] NCCL INFO transport/net.cc:698 Cuda Host Alloc Size 9641984 pointer 0x14e21e000000
x3004c0s1b0n0:15735:20116 [0] NCCL INFO transport/net_ib.cc:683 Ib Alloc Size 21688 pointer 0x14e23c10b000
x3004c0s1b0n0:15735:20116 [0] NCCL INFO transport/net_ib.cc:696 Ib Alloc Size 552 pointer 0x14e23c112000
x3004c0s1b0n0:15735:20116 [0] NCCL INFO transport/net_ib.cc:771 Ib Alloc Size 552 pointer 0x14e23c12d000
x3004c0s1b0n0:15735:20116 [0] NCCL INFO transport/net.cc:698 Cuda Host Alloc Size 9641984 pointer 0x14e21ea00000
x3004c0s1b0n0:15735:19959 [0] NCCL INFO Connected all trees by HAO
x3004c0s1b0n0:15735:19959 [0] NCCL INFO Latency/AlgBw |    Tree/    LL |    Tree/ LL128 |    Tree/Simple |    Ring/    LL |    Ring/ LL128 |    Ring/Simple | CollNetDirect/    LL | CollNetDirect/ LL128 | CollNetDirect/Simple | CollNetChain/    LL | CollNetChain/ LL128 | CollNetChain/Simple |
x3004c0s1b0n0:15735:19959 [0] NCCL INFO  Max NThreads |            512 |            640 |            512 |            512 |            640 |            512 |              0 |              0 |            512 |              0 |              0 |            512 |
x3004c0s1b0n0:15735:19959 [0] NCCL INFO     Broadcast |     0.0/   0.0 |     0.0/   0.0 |     0.0/   0.0 |     6.3/   6.0 |    14.0/   0.0 |    18.0/  24.0 |     0.0/   0.0 |     0.0/   0.0 |     0.0/   0.0 |     0.0/   0.0 |     0.0/   0.0 |     0.0/   0.0 |
x3004c0s1b0n0:15735:19959 [0] NCCL INFO        Reduce |     0.0/   0.0 |     0.0/   0.0 |     0.0/   0.0 |     6.3/   6.0 |    14.0/   0.0 |    18.0/  24.0 |     0.0/   0.0 |     0.0/   0.0 |     0.0/   0.0 |     0.0/   0.0 |     0.0/   0.0 |     0.0/   0.0 |
x3004c0s1b0n0:15735:19959 [0] NCCL INFO     AllGather |     0.0/   0.0 |     0.0/   0.0 |     0.0/   0.0 |    27.1/   6.3 |    54.5/   0.0 |    97.8/  25.3 |     0.0/   0.0 |     0.0/   0.0 |     0.0/   0.0 |     0.0/   0.0 |     0.0/   0.0 |     0.0/   0.0 |
x3004c0s1b0n0:15735:19959 [0] NCCL INFO ReduceScatter |     0.0/   0.0 |     0.0/   0.0 |     0.0/   0.0 |    27.1/   6.3 |    54.5/   0.0 |    97.8/  25.3 |     0.0/   0.0 |     0.0/   0.0 |     0.0/   0.0 |     0.0/   0.0 |     0.0/   0.0 |     0.0/   0.0 |
x3004c0s1b0n0:15735:19959 [0] NCCL INFO     AllReduce |    30.0/   2.9 |    45.9/   0.0 |   280.0/  11.0 |    54.3/   3.2 |   103.2/   0.0 |   199.6/  12.6 |     7.4/   0.0 |     7.4/   0.0 |    29.7/   0.0 |     4.4/   0.0 |     4.4/   0.0 |    48.0/   0.0 |
x3004c0s1b0n0:15735:19959 [0] NCCL INFO threadThresholds 8/8/64 | 160/8/64 | 512 | 512
x3004c0s1b0n0:15735:19959 [0] NCCL INFO 4 coll channels, 4 p2p channels, 2 p2p channels per peer
x3004c0s1b0n0:15735:20116 [0] NCCL INFO New proxy send connection 20 from local rank 0, transport 2
x3004c0s1b0n0:15735:19959 [0] NCCL INFO Connection to proxy localRank 0 -> connection 0x14e23c001180
x3004c0s1b0n0:15735:19959 [0] NCCL INFO init.cc:367 Cuda Alloc Size 5168 pointer 0x14e2b9a22200
x3004c0s1b0n0:15737:19960 [2] NCCL INFO init.cc:367 Cuda Alloc Size 5168 pointer 0x14851fe1fc00
x3004c0s1b0n0:15736:19961 [1] NCCL INFO init.cc:367 Cuda Alloc Size 5168 pointer 0x15090781fc00
x3004c0s1b0n0:15738:19962 [3] NCCL INFO init.cc:367 Cuda Alloc Size 5168 pointer 0x147c7be1fc00
x3004c0s1b0n0:15738:19962 [3] NCCL INFO init.cc:392 Cuda Host Alloc Size 33554432 pointer 0x147bfa000000
x3004c0s1b0n0:15738:19962 [3] NCCL INFO init.cc:398 Cuda Host Alloc Size 128 pointer 0x147c7b400a00
x3004c0s1b0n0:15738:19962 [3] NCCL INFO comm 0x555c9fd79c30 rank 3 nranks 20 cudaDev 3 busId c7000 - Init COMPLETE
x3004c0s1b0n0:15737:19960 [2] NCCL INFO init.cc:392 Cuda Host Alloc Size 33554432 pointer 0x14848a000000
x3004c0s1b0n0:15737:19960 [2] NCCL INFO init.cc:398 Cuda Host Alloc Size 128 pointer 0x14851f400a00
x3004c0s1b0n0:15737:19960 [2] NCCL INFO comm 0x5652e8f89830 rank 2 nranks 20 cudaDev 2 busId 85000 - Init COMPLETE
x3004c0s1b0n0:15736:19961 [1] NCCL INFO init.cc:392 Cuda Host Alloc Size 33554432 pointer 0x150894000000
x3004c0s1b0n0:15736:19961 [1] NCCL INFO init.cc:398 Cuda Host Alloc Size 128 pointer 0x150906e00a00
x3004c0s1b0n0:15736:19961 [1] NCCL INFO comm 0x55755e2c0af0 rank 1 nranks 20 cudaDev 1 busId 46000 - Init COMPLETE
x3004c0s1b0n0:15735:20116 [0] NCCL INFO transport/net.cc:376 Cuda Alloc Size 8388608 pointer 0x14e21f400000
x3004c0s1b0n0:15735:19959 [0] NCCL INFO init.cc:392 Cuda Host Alloc Size 33554432 pointer 0x14e21c000000
x3004c0s1b0n0:15735:19959 [0] NCCL INFO init.cc:398 Cuda Host Alloc Size 128 pointer 0x14e2b9000e00
x3004c0s1b0n0:15735:19959 [0] NCCL INFO comm 0x5585495d6820 rank 0 nranks 20 cudaDev 0 busId 7000 - Init COMPLETE
[Hao INFO in ncclAllReduce (all_reduce.cc)] rank 0 ncclAllReduce: count: 1, datatype: ncclInt64, message size: 8 Bytes
x3004c0s1b0n0:15735:15735 [0] NCCL INFO AllReduce: opCount 0 sendbuff 0x14e2f7600400 recvbuff 0x14e2f7600400 count 1 datatype 4 op 0 root 0 comm 0x5585495d6820 [nranks=20] stream 0x55854787da50
x3004c0s1b0n0:15735:15735 [0] NCCL INFO misc/utils.cc:235 memory stack hunk malloc(65536)

[LYD INFO in ncclAllReduce (all_reduce.cc)] rank 0 AllReduce Time: 0.000038000 seconds

[LYD INFO in getAlgoInfo (enqueue.cc)] algorithm a is: 0

[LYD INFO in getAlgoInfo (enqueue.cc)] algorithm a is: 1

[LYD INFO in getAlgoInfo (enqueue.cc)] rank: 0, Duration between Point 1 and Point 2: 0.000014000 seconds

[LYD INFO in getAlgoInfo (enqueue.cc)] rank 0, Duration between Point 2 and Point 3: 0.000000000 seconds
[LYD INFO in getAlgoInfo (enqueue.cc)] out rank: 0
[LYD INFO in getAlgoInfo (enqueue.cc)] out coll: 4
[LYD INFO in getAlgoInfo (enqueue.cc)] out sendbuff address: 0x14e2f7600400
[LYD INFO in getAlgoInfo (enqueue.cc)] out recvbuff address: 0x14e2f7600400
[LYD INFO in getAlgoInfo (enqueue.cc)] out count: 1
[LYD INFO in getAlgoInfo (enqueue.cc)] out datatype: 4
[LYD INFO in getAlgoInfo (enqueue.cc)] out chunkSteps: 4
[LYD INFO in getAlgoInfo (enqueue.cc)] out sliceSteps: 2
[LYD INFO in getAlgoInfo (enqueue.cc)] out algorithm: 0
[LYD INFO in getAlgoInfo (enqueue.cc)] out protocol: 0
[LYD INFO in getAlgoInfo (enqueue.cc)] out nChannels: 1
[LYD INFO in getAlgoInfo (enqueue.cc)] out nThreads: 96
[LYD INFO in getAlgoInfo (enqueue.cc)] out nBytes: 8
[LYD INFO in getAlgoInfo (enqueue.cc)] out nstepsPerLoop: 0
[LYD INFO in getAlgoInfo (enqueue.cc)] out nchunksPerLoop: 0
[LYD INFO in getAlgoInfo (enqueue.cc)] out chunkSize: 0
[LYD INFO in ncclLaunchKernel (enqueue.cc)] NCHANNELS is: 4x3004c0s1b0n0:15738:15738 [3] NCCL INFO AllReduce: opCount 0 sendbuff 0x147c77c00400 recvbuff 0x147c77c00400 count 1 datatype 4 op 0 root 0 comm 0x555c9fd79c30 [nranks=20] stream 0x555c9e894e10
x3004c0s1b0n0:15738:15738 [3] NCCL INFO misc/utils.cc:235 memory stack hunk malloc(65536)
[LYD INFO in ncclLaunchKernel (enqueue.cc)] NCHANNELS is: 4x3004c0s1b0n0:15737:15737 [2] NCCL INFO AllReduce: opCount 0 sendbuff 0x14851ba00400 recvbuff 0x14851ba00400 count 1 datatype 4 op 0 root 0 comm 0x5652e8f89830 [nranks=20] stream 0x5652e6118a10
x3004c0s1b0n0:15737:15737 [2] NCCL INFO misc/utils.cc:235 memory stack hunk malloc(65536)
[LYD INFO in ncclLaunchKernel (enqueue.cc)] NCHANNELS is: 4x3004c0s1b0n0:15736:15736 [1] NCCL INFO AllReduce: opCount 0 sendbuff 0x150947600400 recvbuff 0x150947600400 count 1 datatype 4 op 0 root 0 comm 0x55755e2c0af0 [nranks=20] stream 0x55755cb25e50
x3004c0s1b0n0:15736:15736 [1] NCCL INFO misc/utils.cc:235 memory stack hunk malloc(65536)
[LYD INFO in ncclLaunchKernel (enqueue.cc)] NCHANNELS is: 4
[LYD INFO in NCCL_KERN_NAME (common.h)] 1 AllReduce TREE LL Sum int64_t Elapsed time: 1141951 us

[LYD INFO in NCCL_KERN_NAME (common.h)] 2 AllReduce TREE LL Sum int64_t Elapsed time: 1165464 us

[LYD INFO in NCCL_KERN_NAME (common.h)] 0 AllReduce TREE LL Sum int64_t Elapsed time: 1171678 us
 > loading doc-idx mapping from /home/yuke/lyd/Megatron-LM/my-gpt2_text_document_train_indexmap_12000ns_512sl_1234s_doc_idx.npy
[Hao INFO in ncclAllReduce (all_reduce.cc)] rank 1 ncclAllReduce: count: 1, datatype: ncclInt64, message size: 8 Bytes
x3004c0s1b0n0:15736:15736 [1] NCCL INFO AllReduce: opCount 0 sendbuff 0x150947600400 recvbuff 0x150947600400 count 1 datatype 4 op 0 root 0 comm 0x55755faf76c0 [nranks=1] stream 0x55755cb95090

[LYD INFO in ncclAllReduce (all_reduce.cc)] rank 0 AllReduce Time: 0.000037000 seconds
x3004c0s1b0n0:15736:15736 [1] NCCL INFO AllReduce: opCount 1 sendbuff 0x150947600400 recvbuff 0x150947600400 count 1 datatype 4 op 0 root 0 comm 0x55755e2c0af0 [nranks=20] stream 0x55755cb25e50
[LYD INFO in ncclLaunchKernel (enqueue.cc)] NCHANNELS is: 4[Hao INFO in ncclAllReduce (all_reduce.cc)] rank 2 ncclAllReduce: count: 1, datatype: ncclInt64, message size: 8 Bytes
x3004c0s1b0n0:15737:15737 [2] NCCL INFO AllReduce: opCount 0 sendbuff 0x14851ba00400 recvbuff 0x14851ba00400 count 1 datatype 4 op 0 root 0 comm 0x5652e79544f0 [nranks=1] stream 0x5652e61188d0

[LYD INFO in ncclAllReduce (all_reduce.cc)] rank 0 AllReduce Time: 0.000036000 seconds
x3004c0s1b0n0:15737:15737 [2] NCCL INFO AllReduce: opCount 1 sendbuff 0x14851ba00400 recvbuff 0x14851ba00400 count 1 datatype 4 op 0 root 0 comm 0x5652e8f89830 [nranks=20] stream 0x5652e6118a10
[LYD INFO in ncclLaunchKernel (enqueue.cc)] NCHANNELS is: 4
[LYD INFO in NCCL_KERN_NAME (common.h)] 3 AllReduce TREE LL Sum int64_t Elapsed time: 1148727 us
 > loading sample-idx mapping from /home/yuke/lyd/Megatron-LM/my-gpt2_text_document_train_indexmap_12000ns_512sl_1234s_sample_idx.npy
 > loading shuffle-idx mapping from /home/yuke/lyd/Megatron-LM/my-gpt2_text_document_train_indexmap_12000ns_512sl_1234s_shuffle_idx.npy
    loaded indexed file in 0.052 seconds
    total number of samples: 12293
    total number of epochs: 30
[Hao INFO in ncclAllReduce (all_reduce.cc)] rank 3 ncclAllReduce: count: 1, datatype: ncclInt64, message size: 8 Bytes
x3004c0s1b0n0:15738:15738 [3] NCCL INFO AllReduce: opCount 0 sendbuff 0x147c77c00400 recvbuff 0x147c77c00400 count 1 datatype 4 op 0 root 0 comm 0x555ca08cc3f0 [nranks=1] stream 0x555c9e894cd0

[LYD INFO in ncclAllReduce (all_reduce.cc)] rank 0 AllReduce Time: 0.000036000 seconds
x3004c0s1b0n0:15738:15738 [3] NCCL INFO AllReduce: opCount 1 sendbuff 0x147c77c00400 recvbuff 0x147c77c00400 count 1 datatype 4 op 0 root 0 comm 0x555c9fd79c30 [nranks=20] stream 0x555c9e894e10
[LYD INFO in ncclLaunchKernel (enqueue.cc)] NCHANNELS is: 4 > WARNING: could not find index map files, building the indices on rank 0 ...
 > last epoch number of samples (5) is smaller than 80% of number of samples per epoch (11), setting separate_last_epoch to True
 > elasped time to build and save doc-idx mapping (seconds): 0.011512
    using:
     number of documents:       1
     number of epochs:          114
     sequence length:           512
     total number of samples:   1326
 > elasped time to build and save sample-idx mapping (seconds): 0.036220
 > building shuffle index with split [0, 1315) and [1315, 1326) ...
 > elasped time to build and save shuffle-idx mapping (seconds): 0.008055
[Hao INFO in ncclAllReduce (all_reduce.cc)] rank 0 ncclAllReduce: count: 1, datatype: ncclInt64, message size: 8 Bytes
x3004c0s1b0n0:15735:15735 [0] NCCL INFO AllReduce: opCount 0 sendbuff 0x14e2f7600400 recvbuff 0x14e2f7600400 count 1 datatype 4 op 0 root 0 comm 0x5585495f0f00 [nranks=1] stream 0x55854787d910

[LYD INFO in ncclAllReduce (all_reduce.cc)] rank 0 AllReduce Time: 0.000035000 seconds
[Hao INFO in ncclAllReduce (all_reduce.cc)] rank 0 ncclAllReduce: count: 1, datatype: ncclInt64, message size: 8 Bytes
x3004c0s1b0n0:15735:15735 [0] NCCL INFO AllReduce: opCount 1 sendbuff 0x14e2f7600400 recvbuff 0x14e2f7600400 count 1 datatype 4 op 0 root 0 comm 0x5585495d6820 [nranks=20] stream 0x55854787da50

[LYD INFO in ncclAllReduce (all_reduce.cc)] rank 0 AllReduce Time: 0.000028000 seconds

[LYD INFO in getAlgoInfo (enqueue.cc)] algorithm a is: 0

[LYD INFO in getAlgoInfo (enqueue.cc)] algorithm a is: 1

[LYD INFO in getAlgoInfo (enqueue.cc)] rank: 0, Duration between Point 1 and Point 2: 0.000014000 seconds

[LYD INFO in getAlgoInfo (enqueue.cc)] rank 0, Duration between Point 2 and Point 3: 0.000000000 seconds
[LYD INFO in getAlgoInfo (enqueue.cc)] out rank: 0
[LYD INFO in getAlgoInfo (enqueue.cc)] out coll: 4
[LYD INFO in getAlgoInfo (enqueue.cc)] out sendbuff address: 0x14e2f7600400
[LYD INFO in getAlgoInfo (enqueue.cc)] out recvbuff address: 0x14e2f7600400
[LYD INFO in getAlgoInfo (enqueue.cc)] out count: 1
[LYD INFO in getAlgoInfo (enqueue.cc)] out datatype: 4
[LYD INFO in getAlgoInfo (enqueue.cc)] out chunkSteps: 4
[LYD INFO in getAlgoInfo (enqueue.cc)] out sliceSteps: 2
[LYD INFO in getAlgoInfo (enqueue.cc)] out algorithm: 0
[LYD INFO in getAlgoInfo (enqueue.cc)] out protocol: 0
[LYD INFO in getAlgoInfo (enqueue.cc)] out nChannels: 1
[LYD INFO in getAlgoInfo (enqueue.cc)] out nThreads: 96
[LYD INFO in getAlgoInfo (enqueue.cc)] out nBytes: 8
[LYD INFO in getAlgoInfo (enqueue.cc)] out nstepsPerLoop: 0
[LYD INFO in getAlgoInfo (enqueue.cc)] out nchunksPerLoop: 0
[LYD INFO in getAlgoInfo (enqueue.cc)] out chunkSize: 0
[LYD INFO in ncclLaunchKernel (enqueue.cc)] NCHANNELS is: 4
[LYD INFO in NCCL_KERN_NAME (common.h)] 1 AllReduce TREE LL Sum int64_t Elapsed time: 128486 us

[LYD INFO in NCCL_KERN_NAME (common.h)] 3 AllReduce TREE LL Sum int64_t Elapsed time: 77900 us

[LYD INFO in NCCL_KERN_NAME (common.h)] 0 AllReduce TREE LL Sum int64_t Elapsed time: 14021 us
 > loading doc-idx mapping from /home/yuke/lyd/Megatron-LM/my-gpt2_text_document_valid_indexmap_1320ns_512sl_1234s_doc_idx.npy

[LYD INFO in NCCL_KERN_NAME (common.h)] 2 AllReduce TREE LL Sum int64_t Elapsed time: 117228 us
 > loading sample-idx mapping from /home/yuke/lyd/Megatron-LM/my-gpt2_text_document_valid_indexmap_1320ns_512sl_1234s_sample_idx.npy
 > loading shuffle-idx mapping from /home/yuke/lyd/Megatron-LM/my-gpt2_text_document_valid_indexmap_1320ns_512sl_1234s_shuffle_idx.npy
    loaded indexed file in 0.007 seconds
    total number of samples: 1327
    total number of epochs: 114
> finished creating GPT datasets ...
x3004c0s1b0n0:15738:15738 [3] NCCL INFO init.cc:1147 Cuda Host Alloc Size 4 pointer 0x147c7b400c00
x3004c0s1b0n0:15736:15736 [1] NCCL INFO init.cc:1147 Cuda Host Alloc Size 4 pointer 0x150906e00c00
x3004c0s1b0n0:15735:15735 [0] NCCL INFO init.cc:1147 Cuda Host Alloc Size 4 pointer 0x14e2b9001000
x3004c0s1b0n0:15737:15737 [2] NCCL INFO init.cc:1147 Cuda Host Alloc Size 4 pointer 0x14851f400c00
x3004c0s1b0n0:15738:20490 [3] NCCL INFO Using network IB
x3004c0s1b0n0:15736:20492 [1] NCCL INFO Using network IB
x3004c0s1b0n0:15735:20494 [0] NCCL INFO Using network IB
x3004c0s1b0n0:15737:20500 [2] NCCL INFO Using network IB
x3004c0s1b0n0:15738:20490 [3] NCCL INFO NET/IB : GPU Direct RDMA Enabled for HCA 0 'mlx5_0'
x3004c0s1b0n0:15738:20490 [3] NCCL INFO NET/IB : GPU Direct RDMA Enabled for HCA 1 'mlx5_1'
x3004c0s1b0n0:15738:20490 [3] NCCL INFO GPU Direct RDMA Disabled for GPU c7000 / HCA 0 (distance 6 > 4)
x3004c0s1b0n0:15738:20490 [3] NCCL INFO GPU Direct RDMA Disabled for GPU c7000 / HCA 1 (distance 7 > 4)
x3004c0s1b0n0:15738:20490 [3] NCCL INFO === System : maxBw 5000.0 totalBw 0.0 ===
x3004c0s1b0n0:15738:20490 [3] NCCL INFO CPU/0 (1/2/-1)
x3004c0s1b0n0:15738:20490 [3] NCCL INFO + SYS[5000.0] - CPU/2
x3004c0s1b0n0:15738:20490 [3] NCCL INFO + PCI[24.0] - PCI/C5000 (11f8406811f8beef)
x3004c0s1b0n0:15738:20490 [3] NCCL INFO               + PCI[24.0] - GPU/C7000 (0)
x3004c0s1b0n0:15738:20490 [3] NCCL INFO + PCI[12.0] - NIC/C8000
x3004c0s1b0n0:15738:20490 [3] NCCL INFO CPU/2 (1/2/-1)
x3004c0s1b0n0:15738:20490 [3] NCCL INFO + SYS[5000.0] - CPU/0
x3004c0s1b0n0:15738:20490 [3] NCCL INFO + PCI[12.0] - NIC/43000
x3004c0s1b0n0:15738:20490 [3] NCCL INFO ==========================================
x3004c0s1b0n0:15738:20490 [3] NCCL INFO GPU/C7000 :GPU/C7000 (0/5000.000000/LOC) CPU/0 (2/24.000000/PHB) CPU/2 (3/24.000000/SYS) 
x3004c0s1b0n0:15738:20490 [3] NCCL INFO Setting affinity for GPU 3 to 01
x3004c0s1b0n0:15738:20490 [3] NCCL INFO Pattern 4, crossNic 0, nChannels 16, bw 44.000000/44.000000, type LOC/PIX, sameChannels 1
x3004c0s1b0n0:15738:20490 [3] NCCL INFO  0 : GPU/0
x3004c0s1b0n0:15738:20490 [3] NCCL INFO  1 : GPU/0
x3004c0s1b0n0:15738:20490 [3] NCCL INFO  2 : GPU/0
