x3004c0s31b0n0:45883:49723 [1] NCCL INFO               + PCI[24.0] - GPU/85000 (18)
x3004c0s31b0n0:45883:49723 [1] NCCL INFO                             + NVL[88.0] - GPU/C7000
x3004c0s31b0n0:45883:49723 [1] NCCL INFO                             + NVL[88.0] - GPU/46000
x3004c0s31b0n0:45883:49723 [1] NCCL INFO                             + NVL[88.0] - GPU/7000
x3004c0s31b0n0:45883:49723 [1] NCCL INFO CPU/0 (1/2/-1)
x3004c0s31b0n0:45883:49723 [1] NCCL INFO + SYS[5000.0] - CPU/3
x3004c0s31b0n0:45883:49723 [1] NCCL INFO + SYS[5000.0] - CPU/2
x3004c0s31b0n0:45883:49723 [1] NCCL INFO + SYS[5000.0] - CPU/1
x3004c0s31b0n0:45883:49723 [1] NCCL INFO + PCI[24.0] - PCI/C5000 (11f8406811f8beef)
x3004c0s31b0n0:45883:49723 [1] NCCL INFO               + PCI[24.0] - GPU/C7000 (19)
x3004c0s31b0n0:45883:49723 [1] NCCL INFO                             + NVL[88.0] - GPU/85000
x3004c0s31b0n0:45883:49723 [1] NCCL INFO                             + NVL[88.0] - GPU/46000
x3004c0s31b0n0:45883:49723 [1] NCCL INFO                             + NVL[88.0] - GPU/7000
x3004c0s31b0n0:45883:49723 [1] NCCL INFO + PCI[12.0] - NIC/C8000
x3004c0s31b0n0:45883:49723 [1] NCCL INFO               + NET[12.5] - NET/0 (ec4b02ffffa4e988/1/12.500000)
x3004c0s31b0n0:45883:49723 [1] NCCL INFO ==========================================
x3004c0s31b0n0:45883:49723 [1] NCCL INFO GPU/7000 :GPU/7000 (0/5000.000000/LOC) GPU/46000 (1/88.000000/NVL) GPU/85000 (1/88.000000/NVL) GPU/C7000 (1/88.000000/NVL) CPU/3 (2/24.000000/PHB) CPU/2 (3/24.000000/SYS) CPU/1 (3/24.000000/SYS) CPU/0 (3/24.000000/SYS) NET/1 (5/12.000000/SYS) NET/0 (5/12.000000/SYS) 
x3004c0s31b0n0:45883:49723 [1] NCCL INFO GPU/46000 :GPU/7000 (1/88.000000/NVL) GPU/46000 (0/5000.000000/LOC) GPU/85000 (1/88.000000/NVL) GPU/C7000 (1/88.000000/NVL) CPU/3 (3/24.000000/SYS) CPU/2 (2/24.000000/PHB) CPU/1 (3/24.000000/SYS) CPU/0 (3/24.000000/SYS) NET/1 (4/12.000000/PHB) NET/0 (5/12.000000/SYS) 
x3004c0s31b0n0:45883:49723 [1] NCCL INFO GPU/85000 :GPU/7000 (1/88.000000/NVL) GPU/46000 (1/88.000000/NVL) GPU/85000 (0/5000.000000/LOC) GPU/C7000 (1/88.000000/NVL) CPU/3 (3/24.000000/SYS) CPU/2 (3/24.000000/SYS) CPU/1 (2/24.000000/PHB) CPU/0 (3/24.000000/SYS) NET/1 (5/12.000000/SYS) NET/0 (5/12.000000/SYS) 
x3004c0s31b0n0:45883:49723 [1] NCCL INFO GPU/C7000 :GPU/7000 (1/88.000000/NVL) GPU/46000 (1/88.000000/NVL) GPU/85000 (1/88.000000/NVL) GPU/C7000 (0/5000.000000/LOC) CPU/3 (3/24.000000/SYS) CPU/2 (3/24.000000/SYS) CPU/1 (3/24.000000/SYS) CPU/0 (2/24.000000/PHB) NET/1 (5/12.000000/SYS) NET/0 (4/12.000000/PHB) 
x3004c0s31b0n0:45883:49723 [1] NCCL INFO NET/1 :GPU/7000 (5/12.000000/SYS) GPU/46000 (4/12.000000/PHB) GPU/85000 (5/12.000000/SYS) GPU/C7000 (5/12.000000/SYS) CPU/3 (3/12.000000/SYS) CPU/2 (2/12.000000/PHB) CPU/1 (3/12.000000/SYS) CPU/0 (3/12.000000/SYS) NET/1 (0/5000.000000/LOC) NET/0 (5/12.000000/SYS) 
x3004c0s31b0n0:45883:49723 [1] NCCL INFO NET/0 :GPU/7000 (5/12.000000/SYS) GPU/46000 (5/12.000000/SYS) GPU/85000 (5/12.000000/SYS) GPU/C7000 (4/12.000000/PHB) CPU/3 (3/12.000000/SYS) CPU/2 (3/12.000000/SYS) CPU/1 (3/12.000000/SYS) CPU/0 (2/12.000000/PHB) NET/1 (5/12.000000/SYS) NET/0 (0/5000.000000/LOC) 
x3004c0s31b0n0:45886:49734 [2] NCCL INFO NET/IB : GPU Direct RDMA Enabled for HCA 0 'mlx5_0'
x3004c0s31b0n0:45886:49734 [2] NCCL INFO NET/IB : GPU Direct RDMA Enabled for HCA 1 'mlx5_1'
x3004c0s31b0n0:45886:49734 [2] NCCL INFO GPU Direct RDMA Disabled for GPU 7000 / HCA 1 (distance 7 > 4)
x3004c0s31b0n0:45886:49734 [2] NCCL INFO GPU Direct RDMA Disabled for GPU 46000 / HCA 1 (distance 6 > 4)
x3004c0s31b0n0:45886:49734 [2] NCCL INFO GPU Direct RDMA Disabled for GPU 85000 / HCA 1 (distance 7 > 4)
x3004c0s31b0n0:45886:49734 [2] NCCL INFO GPU Direct RDMA Disabled for GPU c7000 / HCA 1 (distance 7 > 4)
x3004c0s31b0n0:45886:49734 [2] NCCL INFO GPU Direct RDMA Disabled for GPU 7000 / HCA 0 (distance 7 > 4)
x3004c0s31b0n0:45886:49734 [2] NCCL INFO GPU Direct RDMA Disabled for GPU 46000 / HCA 0 (distance 7 > 4)
x3004c0s31b0n0:45886:49734 [2] NCCL INFO GPU Direct RDMA Disabled for GPU 85000 / HCA 0 (distance 7 > 4)
x3004c0s31b0n0:45886:49734 [2] NCCL INFO GPU Direct RDMA Disabled for GPU c7000 / HCA 0 (distance 6 > 4)
x3004c0s31b0n0:45886:49734 [2] NCCL INFO GPU Direct RDMA Disabled for GPU 7000 / HCA 1 (distance 7 > 4)
x3004c0s31b0n0:45886:49734 [2] NCCL INFO GPU Direct RDMA Disabled for GPU 46000 / HCA 1 (distance 6 > 4)
x3004c0s31b0n0:45886:49734 [2] NCCL INFO GPU Direct RDMA Disabled for GPU 85000 / HCA 1 (distance 7 > 4)
x3004c0s31b0n0:45886:49734 [2] NCCL INFO GPU Direct RDMA Disabled for GPU c7000 / HCA 1 (distance 7 > 4)
x3004c0s31b0n0:45886:49734 [2] NCCL INFO GPU Direct RDMA Disabled for GPU 7000 / HCA 0 (distance 7 > 4)
x3004c0s31b0n0:45886:49734 [2] NCCL INFO GPU Direct RDMA Disabled for GPU 46000 / HCA 0 (distance 7 > 4)
x3004c0s31b0n0:45886:49734 [2] NCCL INFO GPU Direct RDMA Disabled for GPU 85000 / HCA 0 (distance 7 > 4)
x3004c0s31b0n0:45886:49734 [2] NCCL INFO GPU Direct RDMA Disabled for GPU c7000 / HCA 0 (distance 6 > 4)
x3004c0s31b0n0:45886:49734 [2] NCCL INFO === System : maxBw 12.0 totalBw 264.0 ===
x3004c0s31b0n0:45886:49734 [2] NCCL INFO CPU/3 (1/2/-1)
x3004c0s31b0n0:45886:49734 [2] NCCL INFO + SYS[5000.0] - CPU/2
x3004c0s31b0n0:45886:49734 [2] NCCL INFO + SYS[5000.0] - CPU/1
x3004c0s31b0n0:45886:49734 [2] NCCL INFO + SYS[5000.0] - CPU/0
x3004c0s31b0n0:45886:49734 [2] NCCL INFO + PCI[24.0] - PCI/5000 (11f8406811f8beef)
x3004c0s31b0n0:45886:49734 [2] NCCL INFO               + PCI[24.0] - GPU/7000 (16)
x3004c0s31b0n0:45886:49734 [2] NCCL INFO                             + NVL[88.0] - GPU/85000
x3004c0s31b0n0:45886:49734 [2] NCCL INFO                             + NVL[88.0] - GPU/C7000
x3004c0s31b0n0:45886:49734 [2] NCCL INFO                             + NVL[88.0] - GPU/46000
x3004c0s31b0n0:45886:49734 [2] NCCL INFO CPU/2 (1/2/-1)
x3004c0s31b0n0:45886:49734 [2] NCCL INFO + SYS[5000.0] - CPU/3
x3004c0s31b0n0:45886:49734 [2] NCCL INFO + SYS[5000.0] - CPU/1
x3004c0s31b0n0:45886:49734 [2] NCCL INFO + SYS[5000.0] - CPU/0
x3004c0s31b0n0:45886:49734 [2] NCCL INFO + PCI[24.0] - PCI/44000 (11f8406811f8beef)
x3004c0s31b0n0:45886:49734 [2] NCCL INFO               + PCI[24.0] - GPU/46000 (17)
x3004c0s31b0n0:45886:49734 [2] NCCL INFO                             + NVL[88.0] - GPU/85000
x3004c0s31b0n0:45886:49734 [2] NCCL INFO                             + NVL[88.0] - GPU/C7000
x3004c0s31b0n0:45886:49734 [2] NCCL INFO                             + NVL[88.0] - GPU/7000
x3004c0s31b0n0:45886:49734 [2] NCCL INFO + PCI[12.0] - NIC/43000
x3004c0s31b0n0:45886:49734 [2] NCCL INFO               + NET[12.5] - NET/1 (e87604ffffa4e988/1/12.500000)
x3004c0s31b0n0:45886:49734 [2] NCCL INFO CPU/1 (1/2/-1)
x3004c0s31b0n0:45886:49734 [2] NCCL INFO + SYS[5000.0] - CPU/3
x3004c0s31b0n0:45886:49734 [2] NCCL INFO + SYS[5000.0] - CPU/2
x3004c0s31b0n0:45886:49734 [2] NCCL INFO + SYS[5000.0] - CPU/0
x3004c0s31b0n0:45886:49734 [2] NCCL INFO + PCI[24.0] - PCI/83000 (11f8406811f8beef)
x3004c0s31b0n0:45886:49734 [2] NCCL INFO               + PCI[24.0] - GPU/85000 (18)
x3004c0s31b0n0:45886:49734 [2] NCCL INFO                             + NVL[88.0] - GPU/C7000
x3004c0s31b0n0:45886:49734 [2] NCCL INFO                             + NVL[88.0] - GPU/46000
x3004c0s31b0n0:45886:49734 [2] NCCL INFO                             + NVL[88.0] - GPU/7000
x3004c0s31b0n0:45886:49734 [2] NCCL INFO CPU/0 (1/2/-1)
x3004c0s31b0n0:45886:49734 [2] NCCL INFO + SYS[5000.0] - CPU/3
x3004c0s31b0n0:45886:49734 [2] NCCL INFO + SYS[5000.0] - CPU/2
x3004c0s31b0n0:45886:49734 [2] NCCL INFO + SYS[5000.0] - CPU/1
x3004c0s31b0n0:45886:49734 [2] NCCL INFO + PCI[24.0] - PCI/C5000 (11f8406811f8beef)
x3004c0s31b0n0:45886:49734 [2] NCCL INFO               + PCI[24.0] - GPU/C7000 (19)
x3004c0s31b0n0:45886:49734 [2] NCCL INFO                             + NVL[88.0] - GPU/85000
x3004c0s31b0n0:45886:49734 [2] NCCL INFO                             + NVL[88.0] - GPU/46000
x3004c0s31b0n0:45886:49734 [2] NCCL INFO                             + NVL[88.0] - GPU/7000
x3004c0s31b0n0:45886:49734 [2] NCCL INFO + PCI[12.0] - NIC/C8000
x3004c0s31b0n0:45886:49734 [2] NCCL INFO               + NET[12.5] - NET/0 (ec4b02ffffa4e988/1/12.500000)
x3004c0s31b0n0:45886:49734 [2] NCCL INFO ==========================================
x3004c0s31b0n0:45886:49734 [2] NCCL INFO GPU/7000 :GPU/7000 (0/5000.000000/LOC) GPU/46000 (1/88.000000/NVL) GPU/85000 (1/88.000000/NVL) GPU/C7000 (1/88.000000/NVL) CPU/3 (2/24.000000/PHB) CPU/2 (3/24.000000/SYS) CPU/1 (3/24.000000/SYS) CPU/0 (3/24.000000/SYS) NET/1 (5/12.000000/SYS) NET/0 (5/12.000000/SYS) 
x3004c0s31b0n0:45886:49734 [2] NCCL INFO GPU/46000 :GPU/7000 (1/88.000000/NVL) GPU/46000 (0/5000.000000/LOC) GPU/85000 (1/88.000000/NVL) GPU/C7000 (1/88.000000/NVL) CPU/3 (3/24.000000/SYS) CPU/2 (2/24.000000/PHB) CPU/1 (3/24.000000/SYS) CPU/0 (3/24.000000/SYS) NET/1 (4/12.000000/PHB) NET/0 (5/12.000000/SYS) 
x3004c0s31b0n0:45886:49734 [2] NCCL INFO GPU/85000 :GPU/7000 (1/88.000000/NVL) GPU/46000 (1/88.000000/NVL) GPU/85000 (0/5000.000000/LOC) GPU/C7000 (1/88.000000/NVL) CPU/3 (3/24.000000/SYS) CPU/2 (3/24.000000/SYS) CPU/1 (2/24.000000/PHB) CPU/0 (3/24.000000/SYS) NET/1 (5/12.000000/SYS) NET/0 (5/12.000000/SYS) 
x3004c0s31b0n0:45886:49734 [2] NCCL INFO GPU/C7000 :GPU/7000 (1/88.000000/NVL) GPU/46000 (1/88.000000/NVL) GPU/85000 (1/88.000000/NVL) GPU/C7000 (0/5000.000000/LOC) CPU/3 (3/24.000000/SYS) CPU/2 (3/24.000000/SYS) CPU/1 (3/24.000000/SYS) CPU/0 (2/24.000000/PHB) NET/1 (5/12.000000/SYS) NET/0 (4/12.000000/PHB) 
x3004c0s31b0n0:45886:49734 [2] NCCL INFO NET/1 :GPU/7000 (5/12.000000/SYS) GPU/46000 (4/12.000000/PHB) GPU/85000 (5/12.000000/SYS) GPU/C7000 (5/12.000000/SYS) CPU/3 (3/12.000000/SYS) CPU/2 (2/12.000000/PHB) CPU/1 (3/12.000000/SYS) CPU/0 (3/12.000000/SYS) NET/1 (0/5000.000000/LOC) NET/0 (5/12.000000/SYS) 
x3004c0s31b0n0:45886:49734 [2] NCCL INFO NET/0 :GPU/7000 (5/12.000000/SYS) GPU/46000 (5/12.000000/SYS) GPU/85000 (5/12.000000/SYS) GPU/C7000 (4/12.000000/PHB) CPU/3 (3/12.000000/SYS) CPU/2 (3/12.000000/SYS) CPU/1 (3/12.000000/SYS) CPU/0 (2/12.000000/PHB) NET/1 (5/12.000000/SYS) NET/0 (0/5000.000000/LOC) 
x3004c0s31b0n0:45886:49734 [2] NCCL INFO Pattern 4, crossNic 0, nChannels 2, bw 12.000000/12.000000, type NVL/SYS, sameChannels 1
x3004c0s31b0n0:45886:49734 [2] NCCL INFO  0 : NET/1 GPU/17 GPU/16 GPU/18 GPU/19 NET/1
x3004c0s31b0n0:45886:49734 [2] NCCL INFO  1 : NET/0 GPU/17 GPU/16 GPU/18 GPU/19 NET/0
x3004c0s31b0n0:45886:49734 [2] NCCL INFO Pattern 1, crossNic 0, nChannels 2, bw 24.000000/12.000000, type NVL/SYS, sameChannels 1
x3004c0s31b0n0:45886:49734 [2] NCCL INFO  0 : NET/1 GPU/16 GPU/17 GPU/18 GPU/19 NET/1
x3004c0s31b0n0:45886:49734 [2] NCCL INFO  1 : NET/0 GPU/16 GPU/17 GPU/18 GPU/19 NET/0
x3004c0s31b0n0:45886:49734 [2] NCCL INFO Pattern 3, crossNic 0, nChannels 0, bw 0.000000/0.000000, type NVL/PIX, sameChannels 1
x3004c0s31b0n0:45883:49723 [1] NCCL INFO Pattern 4, crossNic 0, nChannels 2, bw 12.000000/12.000000, type NVL/SYS, sameChannels 1
x3004c0s31b0n0:45883:49723 [1] NCCL INFO  0 : NET/1 GPU/17 GPU/16 GPU/18 GPU/19 NET/1
x3004c0s31b0n0:45883:49723 [1] NCCL INFO  1 : NET/0 GPU/17 GPU/16 GPU/18 GPU/19 NET/0
x3004c0s31b0n0:45883:49723 [1] NCCL INFO Pattern 1, crossNic 0, nChannels 2, bw 24.000000/12.000000, type NVL/SYS, sameChannels 1
x3004c0s31b0n0:45883:49723 [1] NCCL INFO  0 : NET/1 GPU/16 GPU/17 GPU/18 GPU/19 NET/1
x3004c0s31b0n0:45883:49723 [1] NCCL INFO  1 : NET/0 GPU/16 GPU/17 GPU/18 GPU/19 NET/0
x3004c0s31b0n0:45883:49723 [1] NCCL INFO Pattern 3, crossNic 0, nChannels 0, bw 0.000000/0.000000, type NVL/PIX, sameChannels 1
x3004c0s31b0n0:45886:49734 [2] NCCL INFO Ring 00 : 16 -> 18 -> 19
x3004c0s31b0n0:45886:49734 [2] NCCL INFO Ring 01 : 16 -> 18 -> 19
x3004c0s31b0n0:45886:49734 [2] NCCL INFO Ring 02 : 16 -> 18 -> 19
x3004c0s31b0n0:45886:49734 [2] NCCL INFO Ring 03 : 16 -> 18 -> 19
x3004c0s31b0n0:45886:49734 [2] NCCL INFO Trees [0] 19/-1/-1->18->17 [1] 19/-1/-1->18->17 [2] 19/-1/-1->18->17 [3] 19/-1/-1->18->17
x3004c0s31b0n0:45886:49734 [2] NCCL INFO misc/utils.cc:235 memory stack hunk malloc(65536)
x3004c0s31b0n0:45886:49734 [2] NCCL INFO channel.cc:23 Cuda Alloc Size 8064 pointer 0x1454b7817400
x3004c0s31b0n0:45886:49734 [2] NCCL INFO channel.cc:27 Cuda Alloc Size 80 pointer 0x1454b7819400
x3004c0s31b0n0:45886:49734 [2] NCCL INFO channel.cc:23 Cuda Alloc Size 8064 pointer 0x1454b7819600
x3004c0s31b0n0:45886:49734 [2] NCCL INFO channel.cc:27 Cuda Alloc Size 80 pointer 0x1454b781b600
x3004c0s31b0n0:45886:49734 [2] NCCL INFO channel.cc:23 Cuda Alloc Size 8064 pointer 0x1454b781b800
x3004c0s31b0n0:45886:49734 [2] NCCL INFO channel.cc:27 Cuda Alloc Size 80 pointer 0x1454b781d800
x3004c0s31b0n0:45886:49734 [2] NCCL INFO channel.cc:23 Cuda Alloc Size 8064 pointer 0x1454b781da00
x3004c0s31b0n0:45886:49734 [2] NCCL INFO channel.cc:27 Cuda Alloc Size 80 pointer 0x1454b781fa00
x3004c0s31b0n0:45886:49734 [2] NCCL INFO Channel 00/0 : 18[85000] -> 19[c7000] via P2P/IPC/read
x3004c0s31b0n0:45886:50023 [2] NCCL INFO Mem Realloc old size 0, new size 8 pointer 0x145460000c60
x3004c0s31b0n0:45886:50023 [2] NCCL INFO New proxy send connection 0 from local rank 2, transport 0
x3004c0s31b0n0:45889:49733 [3] NCCL INFO Ring 00 : 18 -> 19 -> 1
x3004c0s31b0n0:45889:49733 [3] NCCL INFO Ring 01 : 18 -> 19 -> 1
x3004c0s31b0n0:45889:49733 [3] NCCL INFO Ring 02 : 18 -> 19 -> 1
x3004c0s31b0n0:45889:49733 [3] NCCL INFO Ring 03 : 18 -> 19 -> 1
x3004c0s31b0n0:45889:49733 [3] NCCL INFO Trees [0] -1/-1/-1->19->18 [1] -1/-1/-1->19->18 [2] -1/-1/-1->19->18 [3] -1/-1/-1->19->18
x3004c0s31b0n0:45889:49733 [3] NCCL INFO misc/utils.cc:235 memory stack hunk malloc(65536)
x3004c0s31b0n0:45889:49733 [3] NCCL INFO channel.cc:23 Cuda Alloc Size 8064 pointer 0x14d8efe19a00
x3004c0s31b0n0:45889:49733 [3] NCCL INFO channel.cc:27 Cuda Alloc Size 80 pointer 0x14d8efe1ba00
x3004c0s31b0n0:45889:49733 [3] NCCL INFO channel.cc:23 Cuda Alloc Size 8064 pointer 0x14d8efe1bc00
x3004c0s31b0n0:45889:49733 [3] NCCL INFO channel.cc:27 Cuda Alloc Size 80 pointer 0x14d8efe1dc00
x3004c0s31b0n0:45889:49733 [3] NCCL INFO channel.cc:23 Cuda Alloc Size 8064 pointer 0x14d8efe1de00
x3004c0s31b0n0:45889:49733 [3] NCCL INFO channel.cc:27 Cuda Alloc Size 80 pointer 0x14d8efe1fe00
x3004c0s31b0n0:45889:49733 [3] NCCL INFO channel.cc:23 Cuda Alloc Size 8064 pointer 0x14d8efe20000
x3004c0s31b0n0:45889:49733 [3] NCCL INFO channel.cc:27 Cuda Alloc Size 80 pointer 0x14d8efe22000
x3004c0s31b0n0:45889:50021 [3] NCCL INFO Mem Realloc old size 0, new size 8 pointer 0x14d838000c60
x3004c0s31b0n0:45889:50021 [3] NCCL INFO New proxy recv connection 0 from local rank 3, transport 0
x3004c0s31b0n0:45886:49734 [2] NCCL INFO Connection to proxy localRank 2 -> connection 0x145460000c80
x3004c0s31b0n0:45886:50023 [2] NCCL INFO transport/p2p.cc:430 Cuda Alloc Size 6291456 pointer 0x1454dc000000
x3004c0s31b0n0:45889:49733 [3] NCCL INFO Connection to proxy localRank 3 -> connection 0x14d838000c80
x3004c0s31b0n0:45889:50021 [3] NCCL INFO transport/p2p.cc:449 Cuda Alloc Size 6291456 pointer 0x14d861800000
x3004c0s31b0n0:45886:49734 [2] NCCL INFO Channel 01/0 : 18[85000] -> 19[c7000] via P2P/IPC/read
x3004c0s31b0n0:45886:50023 [2] NCCL INFO New proxy send connection 1 from local rank 2, transport 0
x3004c0s31b0n0:45889:50021 [3] NCCL INFO New proxy recv connection 1 from local rank 3, transport 0
x3004c0s31b0n0:45886:49734 [2] NCCL INFO Connection to proxy localRank 2 -> connection 0x145460000cc0
x3004c0s31b0n0:45886:50023 [2] NCCL INFO transport/p2p.cc:430 Cuda Alloc Size 6291456 pointer 0x1454dc600000
x3004c0s31b0n0:45880:49732 [0] NCCL INFO Tree 0 : 0 -> 16 -> 17/-1/-1
x3004c0s31b0n0:45880:49732 [0] NCCL INFO Tree 2 : 12 -> 16 -> 17/-1/-1
x3004c0s31b0n0:45880:49732 [0] NCCL INFO Tree 1 : 0 -> 16 -> 17/-1/-1
x3004c0s31b0n0:45880:49732 [0] NCCL INFO Tree 3 : 12 -> 16 -> 17/-1/-1
x3004c0s31b0n0:45880:49732 [0] NCCL INFO Ring 00 : 17 -> 16 -> 18
x3004c0s31b0n0:45880:49732 [0] NCCL INFO Ring 01 : 17 -> 16 -> 18
x3004c0s31b0n0:45880:49732 [0] NCCL INFO Ring 02 : 17 -> 16 -> 18
x3004c0s31b0n0:45880:49732 [0] NCCL INFO Ring 03 : 17 -> 16 -> 18
x3004c0s31b0n0:45880:49732 [0] NCCL INFO Trees [0] 17/-1/-1->16->0 [1] 17/-1/-1->16->0 [2] 17/-1/-1->16->12 [3] 17/-1/-1->16->12
x3004c0s31b0n0:45880:49732 [0] NCCL INFO misc/utils.cc:235 memory stack hunk malloc(65536)
x3004c0s31b0n0:45880:49732 [0] NCCL INFO channel.cc:23 Cuda Alloc Size 8064 pointer 0x152661817400
x3004c0s31b0n0:45880:49732 [0] NCCL INFO channel.cc:27 Cuda Alloc Size 80 pointer 0x152661819400
x3004c0s31b0n0:45880:49732 [0] NCCL INFO channel.cc:23 Cuda Alloc Size 8064 pointer 0x152661819600
x3004c0s31b0n0:45880:49732 [0] NCCL INFO channel.cc:27 Cuda Alloc Size 80 pointer 0x15266181b600
x3004c0s31b0n0:45880:49732 [0] NCCL INFO channel.cc:23 Cuda Alloc Size 8064 pointer 0x15266181b800
x3004c0s31b0n0:45880:49732 [0] NCCL INFO channel.cc:27 Cuda Alloc Size 80 pointer 0x15266181d800
x3004c0s31b0n0:45880:49732 [0] NCCL INFO channel.cc:23 Cuda Alloc Size 8064 pointer 0x15266181da00
x3004c0s31b0n0:45880:49732 [0] NCCL INFO channel.cc:27 Cuda Alloc Size 80 pointer 0x15266181fa00
x3004c0s31b0n0:45880:49732 [0] NCCL INFO Channel 00/0 : 16[7000] -> 18[85000] via P2P/IPC/read
x3004c0s31b0n0:45889:49733 [3] NCCL INFO Connection to proxy localRank 3 -> connection 0x14d838000cc0
x3004c0s31b0n0:45889:50021 [3] NCCL INFO transport/p2p.cc:449 Cuda Alloc Size 6291456 pointer 0x14d877a00000
x3004c0s31b0n0:45886:49734 [2] NCCL INFO Channel 02/0 : 18[85000] -> 19[c7000] via P2P/IPC/read
x3004c0s31b0n0:45886:50023 [2] NCCL INFO New proxy send connection 2 from local rank 2, transport 0
x3004c0s31b0n0:45883:49723 [1] NCCL INFO Tree 0 : 16 -> 17 -> 18/8/-1
x3004c0s31b0n0:45883:49723 [1] NCCL INFO Tree 2 : 16 -> 17 -> 18/-1/-1
x3004c0s31b0n0:45883:49723 [1] NCCL INFO Tree 1 : 16 -> 17 -> 18/8/-1
x3004c0s31b0n0:45883:49723 [1] NCCL INFO Tree 3 : 16 -> 17 -> 18/-1/-1
x3004c0s31b0n0:45883:49723 [1] NCCL INFO Ring 00 : 15 -> 17 -> 16
x3004c0s31b0n0:45883:49723 [1] NCCL INFO Ring 01 : 15 -> 17 -> 16
x3004c0s31b0n0:45883:49723 [1] NCCL INFO Ring 02 : 15 -> 17 -> 16
x3004c0s31b0n0:45883:49723 [1] NCCL INFO Ring 03 : 15 -> 17 -> 16
x3004c0s31b0n0:45883:49723 [1] NCCL INFO Trees [0] 18/8/-1->17->16 [1] 18/8/-1->17->16 [2] 18/-1/-1->17->16 [3] 18/-1/-1->17->16
x3004c0s31b0n0:45883:49723 [1] NCCL INFO misc/utils.cc:235 memory stack hunk malloc(65536)
x3004c0s31b0n0:45883:49723 [1] NCCL INFO channel.cc:23 Cuda Alloc Size 8064 pointer 0x14c9d1817400
x3004c0s31b0n0:45883:49723 [1] NCCL INFO channel.cc:27 Cuda Alloc Size 80 pointer 0x14c9d1819400
x3004c0s31b0n0:45883:49723 [1] NCCL INFO channel.cc:23 Cuda Alloc Size 8064 pointer 0x14c9d1819600
x3004c0s31b0n0:45883:49723 [1] NCCL INFO channel.cc:27 Cuda Alloc Size 80 pointer 0x14c9d181b600
x3004c0s31b0n0:45883:49723 [1] NCCL INFO channel.cc:23 Cuda Alloc Size 8064 pointer 0x14c9d181b800
x3004c0s31b0n0:45883:49723 [1] NCCL INFO channel.cc:27 Cuda Alloc Size 80 pointer 0x14c9d181d800
x3004c0s31b0n0:45883:49723 [1] NCCL INFO channel.cc:23 Cuda Alloc Size 8064 pointer 0x14c9d181da00
x3004c0s31b0n0:45883:49723 [1] NCCL INFO channel.cc:27 Cuda Alloc Size 80 pointer 0x14c9d181fa00
x3004c0s31b0n0:45883:49723 [1] NCCL INFO GPU Direct RDMA Disabled for GPU 46000 / HCA 1 (distance 6 > 4)
x3004c0s31b0n0:45889:50021 [3] NCCL INFO New proxy recv connection 2 from local rank 3, transport 0
x3004c0s31b0n0:45883:50022 [1] NCCL INFO Mem Realloc old size 0, new size 8 pointer 0x14c97c000c60
x3004c0s31b0n0:45883:50022 [1] NCCL INFO Allocated 4194656 bytes of shared memory in /dev/shm/nccl-b0OLaE

x3004c0s31b0n0:45883:50022 [1] NCCL INFO New proxy recv connection 0 from local rank 1, transport 2
x3004c0s31b0n0:45886:49734 [2] NCCL INFO Connection to proxy localRank 2 -> connection 0x145460000d00
x3004c0s31b0n0:45886:50023 [2] NCCL INFO transport/p2p.cc:430 Cuda Alloc Size 6291456 pointer 0x1454dcc00000
x3004c0s31b0n0:45880:50015 [0] NCCL INFO Mem Realloc old size 0, new size 8 pointer 0x152608000c60
x3004c0s31b0n0:45880:50015 [0] NCCL INFO New proxy send connection 0 from local rank 0, transport 0
x3004c0s31b0n0:45889:49733 [3] NCCL INFO Connection to proxy localRank 3 -> connection 0x14d838000d00
x3004c0s31b0n0:45889:50021 [3] NCCL INFO transport/p2p.cc:449 Cuda Alloc Size 6291456 pointer 0x14d8d5400000
x3004c0s31b0n0:45883:49723 [1] NCCL INFO Connection to proxy localRank 1 -> connection 0x14c97c000c80
x3004c0s31b0n0:45880:49732 [0] NCCL INFO Connection to proxy localRank 0 -> connection 0x152608000c80
x3004c0s31b0n0:45880:50015 [0] NCCL INFO transport/p2p.cc:430 Cuda Alloc Size 6291456 pointer 0x152643a00000
x3004c0s31b0n0:45886:49734 [2] NCCL INFO Channel 03/0 : 18[85000] -> 19[c7000] via P2P/IPC/read
x3004c0s31b0n0:45886:50023 [2] NCCL INFO New proxy send connection 3 from local rank 2, transport 0
x3004c0s31b0n0:45889:50021 [3] NCCL INFO New proxy recv connection 3 from local rank 3, transport 0
x3004c0s31b0n0:45883:49723 [1] NCCL INFO Channel 00/0 : 15[c7000] -> 17[46000] [receive] via NET/IB/1
x3004c0s31b0n0:45883:49723 [1] NCCL INFO GPU Direct RDMA Disabled for GPU 46000 / HCA 0 (distance 7 > 4)
x3004c0s31b0n0:45883:50022 [1] NCCL INFO New proxy recv connection 1 from local rank 1, transport 2
x3004c0s31b0n0:45880:49732 [0] NCCL INFO Channel 01/0 : 16[7000] -> 18[85000] via P2P/IPC/read
x3004c0s31b0n0:45886:49734 [2] NCCL INFO Connection to proxy localRank 2 -> connection 0x145460000d40
x3004c0s31b0n0:45886:50023 [2] NCCL INFO transport/p2p.cc:430 Cuda Alloc Size 6291456 pointer 0x1454dd200000
x3004c0s31b0n0:45889:49733 [3] NCCL INFO Connection to proxy localRank 3 -> connection 0x14d838000d40
x3004c0s31b0n0:45889:50021 [3] NCCL INFO transport/p2p.cc:449 Cuda Alloc Size 6291456 pointer 0x14d900400000
x3004c0s31b0n0:45883:49723 [1] NCCL INFO Connection to proxy localRank 1 -> connection 0x14c97c000cc0
x3004c0s31b0n0:45880:50015 [0] NCCL INFO New proxy send connection 1 from local rank 0, transport 0
x3004c0s31b0n0:45880:49732 [0] NCCL INFO Connection to proxy localRank 0 -> connection 0x152608000cc0
x3004c0s31b0n0:45880:50015 [0] NCCL INFO transport/p2p.cc:430 Cuda Alloc Size 6291456 pointer 0x152683800000
x3004c0s31b0n0:45889:49733 [3] NCCL INFO GPU Direct RDMA Disabled for GPU c7000 / HCA 1 (distance 7 > 4)
x3004c0s31b0n0:45889:50021 [3] NCCL INFO Allocated 4194656 bytes of shared memory in /dev/shm/nccl-1sU5d5

x3004c0s31b0n0:45889:50021 [3] NCCL INFO New proxy send connection 4 from local rank 3, transport 2
x3004c0s31b0n0:45886:50023 [2] NCCL INFO New proxy recv connection 4 from local rank 2, transport 0
x3004c0s31b0n0:45883:49723 [1] NCCL INFO Channel 01/0 : 15[c7000] -> 17[46000] [receive] via NET/IB/0
x3004c0s31b0n0:45883:49723 [1] NCCL INFO GPU Direct RDMA Disabled for GPU 46000 / HCA 1 (distance 6 > 4)
x3004c0s31b0n0:45883:50022 [1] NCCL INFO New proxy recv connection 2 from local rank 1, transport 2
x3004c0s31b0n0:45880:49732 [0] NCCL INFO Channel 02/0 : 16[7000] -> 18[85000] via P2P/IPC/read
x3004c0s31b0n0:45886:49734 [2] NCCL INFO Connection to proxy localRank 2 -> connection 0x145460000d80
x3004c0s31b0n0:45886:50023 [2] NCCL INFO transport/p2p.cc:449 Cuda Alloc Size 6291456 pointer 0x14545b800000
x3004c0s31b0n0:45889:49733 [3] NCCL INFO Connection to proxy localRank 3 -> connection 0x14d838000d80
x3004c0s31b0n0:45889:49733 [3] NCCL INFO Channel 00/0 : 19[c7000] -> 1[46000] [send] via NET/IB/1
x3004c0s31b0n0:45889:49733 [3] NCCL INFO GPU Direct RDMA Disabled for GPU c7000 / HCA 0 (distance 6 > 4)
x3004c0s31b0n0:45883:49723 [1] NCCL INFO Connection to proxy localRank 1 -> connection 0x14c97c000d00
x3004c0s31b0n0:45880:50015 [0] NCCL INFO New proxy send connection 2 from local rank 0, transport 0
x3004c0s31b0n0:45880:49732 [0] NCCL INFO Connection to proxy localRank 0 -> connection 0x152608000d00
x3004c0s31b0n0:45880:50015 [0] NCCL INFO transport/p2p.cc:430 Cuda Alloc Size 6291456 pointer 0x152683e00000
x3004c0s31b0n0:45889:50021 [3] NCCL INFO New proxy send connection 5 from local rank 3, transport 2
x3004c0s31b0n0:45886:50023 [2] NCCL INFO New proxy recv connection 5 from local rank 2, transport 0
x3004c0s31b0n0:45889:49733 [3] NCCL INFO Connection to proxy localRank 3 -> connection 0x14d838000dc0
x3004c0s31b0n0:45889:49733 [3] NCCL INFO Channel 01/0 : 19[c7000] -> 1[46000] [send] via NET/IB/0
x3004c0s31b0n0:45889:49733 [3] NCCL INFO GPU Direct RDMA Disabled for GPU c7000 / HCA 1 (distance 7 > 4)
x3004c0s31b0n0:45889:50021 [3] NCCL INFO New proxy send connection 6 from local rank 3, transport 2
x3004c0s31b0n0:45883:49723 [1] NCCL INFO Channel 02/0 : 15[c7000] -> 17[46000] [receive] via NET/IB/1
x3004c0s31b0n0:45883:49723 [1] NCCL INFO GPU Direct RDMA Disabled for GPU 46000 / HCA 0 (distance 7 > 4)
x3004c0s31b0n0:45883:50022 [1] NCCL INFO New proxy recv connection 3 from local rank 1, transport 2
x3004c0s31b0n0:45880:49732 [0] NCCL INFO Channel 03/0 : 16[7000] -> 18[85000] via P2P/IPC/read
x3004c0s31b0n0:45880:50015 [0] NCCL INFO New proxy send connection 3 from local rank 0, transport 0
x3004c0s31b0n0:45886:49734 [2] NCCL INFO Connection to proxy localRank 2 -> connection 0x145460000dc0
x3004c0s31b0n0:45886:50023 [2] NCCL INFO transport/p2p.cc:449 Cuda Alloc Size 6291456 pointer 0x145458000000
x3004c0s31b0n0:45889:49733 [3] NCCL INFO Connection to proxy localRank 3 -> connection 0x14d838000e00
x3004c0s31b0n0:45889:49733 [3] NCCL INFO Channel 02/0 : 19[c7000] -> 1[46000] [send] via NET/IB/1
x3004c0s31b0n0:45889:49733 [3] NCCL INFO GPU Direct RDMA Disabled for GPU c7000 / HCA 0 (distance 6 > 4)
x3004c0s31b0n0:45889:50021 [3] NCCL INFO New proxy send connection 7 from local rank 3, transport 2
x3004c0s31b0n0:45883:49723 [1] NCCL INFO Connection to proxy localRank 1 -> connection 0x14c97c000d40
x3004c0s31b0n0:45880:49732 [0] NCCL INFO Connection to proxy localRank 0 -> connection 0x152608000d40
x3004c0s31b0n0:45880:50015 [0] NCCL INFO transport/p2p.cc:430 Cuda Alloc Size 6291456 pointer 0x152684400000
x3004c0s31b0n0:45889:49733 [3] NCCL INFO Connection to proxy localRank 3 -> connection 0x14d838000e40
x3004c0s31b0n0:45889:49733 [3] NCCL INFO Channel 03/0 : 19[c7000] -> 1[46000] [send] via NET/IB/0
x3004c0s31b0n0:45889:50021 [3] NCCL INFO transport/net_ib.cc:596 Ib Alloc Size 26560 pointer 0x14d83801f000
x3004c0s31b0n0:45889:50021 [3] NCCL INFO NET/IB: Dev 1 Port 1 qpn 21644 mtu 5 GID 0 (80FE/DB0100FEFF000000)
x3004c0s31b0n0:45889:50021 [3] NCCL INFO transport/net_ib.cc:653 Ib Alloc Size 552 pointer 0x14d838037000
x3004c0s31b0n0:45883:49723 [1] NCCL INFO Channel 03/0 : 15[c7000] -> 17[46000] [receive] via NET/IB/0
x3004c0s31b0n0:45889:50021 [3] NCCL INFO transport/net.cc:571 Cuda Host Alloc Size 9641984 pointer 0x14d902200000
x3004c0s31b0n0:45886:50023 [2] NCCL INFO New proxy recv connection 6 from local rank 2, transport 0
x3004c0s31b0n0:45889:50021 [3] NCCL INFO transport/net_ib.cc:596 Ib Alloc Size 26560 pointer 0x14d838039000
x3004c0s31b0n0:45889:50021 [3] NCCL INFO NET/IB: Dev 0 Port 1 qpn 24018 mtu 5 GID 0 (80FE/9E0100FEFF000000)
x3004c0s31b0n0:45889:50021 [3] NCCL INFO transport/net_ib.cc:653 Ib Alloc Size 552 pointer 0x14d838050000
x3004c0s31b0n0:45889:50021 [3] NCCL INFO transport/net.cc:571 Cuda Host Alloc Size 9641984 pointer 0x14d907400000
x3004c0s31b0n0:45886:49734 [2] NCCL INFO Connection to proxy localRank 2 -> connection 0x145460000e00
x3004c0s31b0n0:45886:50023 [2] NCCL INFO transport/p2p.cc:449 Cuda Alloc Size 6291456 pointer 0x145458600000
x3004c0s31b0n0:45889:50021 [3] NCCL INFO transport/net_ib.cc:596 Ib Alloc Size 26560 pointer 0x14d838052000
x3004c0s31b0n0:45886:50023 [2] NCCL INFO New proxy recv connection 7 from local rank 2, transport 0
x3004c0s31b0n0:45886:49734 [2] NCCL INFO Connection to proxy localRank 2 -> connection 0x145460000e40
x3004c0s31b0n0:45889:50021 [3] NCCL INFO NET/IB: Dev 1 Port 1 qpn 21645 mtu 5 GID 0 (80FE/DB0100FEFF000000)
x3004c0s31b0n0:45889:50021 [3] NCCL INFO transport/net_ib.cc:653 Ib Alloc Size 552 pointer 0x14d838069000
x3004c0s31b0n0:45889:50021 [3] NCCL INFO transport/net.cc:571 Cuda Host Alloc Size 9641984 pointer 0x14d836000000
x3004c0s31b0n0:45886:50023 [2] NCCL INFO transport/p2p.cc:449 Cuda Alloc Size 6291456 pointer 0x145458c00000
x3004c0s31b0n0:45889:50021 [3] NCCL INFO transport/net_ib.cc:596 Ib Alloc Size 26560 pointer 0x14d83806b000
x3004c0s31b0n0:45889:50021 [3] NCCL INFO NET/IB: Dev 0 Port 1 qpn 24019 mtu 5 GID 0 (80FE/9E0100FEFF000000)
x3004c0s31b0n0:45889:50021 [3] NCCL INFO transport/net_ib.cc:653 Ib Alloc Size 552 pointer 0x14d838082000
x3004c0s31b0n0:45889:50021 [3] NCCL INFO transport/net.cc:571 Cuda Host Alloc Size 9641984 pointer 0x14d836a00000
x3004c0s31b0n0:45883:50022 [1] NCCL INFO transport/net_ib.cc:683 Ib Alloc Size 21688 pointer 0x14c97c01d000
x3004c0s31b0n0:45886:49734 [2] NCCL INFO Connected all rings
x3004c0s31b0n0:45883:50022 [1] NCCL INFO transport/net_ib.cc:696 Ib Alloc Size 552 pointer 0x14c97c024000
x3004c0s31b0n0:45886:50023 [2] NCCL INFO New proxy recv connection 8 from local rank 2, transport 0
x3004c0s31b0n0:45880:50015 [0] NCCL INFO New proxy recv connection 4 from local rank 0, transport 0
x3004c0s31b0n0:45889:49733 [3] NCCL INFO Connected all rings
x3004c0s31b0n0:45889:49733 [3] NCCL INFO Channel 00/0 : 19[c7000] -> 18[85000] via P2P/IPC/read
x3004c0s31b0n0:45889:50021 [3] NCCL INFO New proxy send connection 8 from local rank 3, transport 0
x3004c0s31b0n0:45886:49734 [2] NCCL INFO Connection to proxy localRank 2 -> connection 0x145460000e80
x3004c0s31b0n0:45886:50023 [2] NCCL INFO transport/p2p.cc:449 Cuda Alloc Size 6291456 pointer 0x145456c00000
x3004c0s31b0n0:45880:49732 [0] NCCL INFO Connection to proxy localRank 0 -> connection 0x152608000d80
x3004c0s31b0n0:45880:50015 [0] NCCL INFO transport/p2p.cc:449 Cuda Alloc Size 6291456 pointer 0x15260ec00000
x3004c0s31b0n0:45886:50023 [2] NCCL INFO New proxy recv connection 9 from local rank 2, transport 0
x3004c0s31b0n0:45883:50022 [1] NCCL INFO transport/net_ib.cc:771 Ib Alloc Size 552 pointer 0x14c97c041000
x3004c0s31b0n0:45883:50022 [1] NCCL INFO transport/net.cc:698 Cuda Host Alloc Size 9641984 pointer 0x14c9f2a00000
x3004c0s31b0n0:45889:49733 [3] NCCL INFO Connection to proxy localRank 3 -> connection 0x14d838000e80
x3004c0s31b0n0:45889:50021 [3] NCCL INFO transport/p2p.cc:430 Cuda Alloc Size 6291456 pointer 0x14d837400000
x3004c0s31b0n0:45889:49733 [3] NCCL INFO Channel 01/0 : 19[c7000] -> 18[85000] via P2P/IPC/read
x3004c0s31b0n0:45880:50015 [0] NCCL INFO New proxy recv connection 5 from local rank 0, transport 0
x3004c0s31b0n0:45889:50021 [3] NCCL INFO New proxy send connection 9 from local rank 3, transport 0
x3004c0s31b0n0:45886:49734 [2] NCCL INFO Connection to proxy localRank 2 -> connection 0x145460000ec0
x3004c0s31b0n0:45886:50023 [2] NCCL INFO transport/p2p.cc:449 Cuda Alloc Size 6291456 pointer 0x145457200000
x3004c0s31b0n0:45883:50022 [1] NCCL INFO transport/net_ib.cc:683 Ib Alloc Size 21688 pointer 0x14c97c043000
x3004c0s31b0n0:45883:50022 [1] NCCL INFO transport/net_ib.cc:696 Ib Alloc Size 552 pointer 0x14c97c04a000
x3004c0s31b0n0:45880:49732 [0] NCCL INFO Connection to proxy localRank 0 -> connection 0x152608000dc0
x3004c0s31b0n0:45880:50015 [0] NCCL INFO transport/p2p.cc:449 Cuda Alloc Size 6291456 pointer 0x15260f200000
x3004c0s31b0n0:45889:49733 [3] NCCL INFO Connection to proxy localRank 3 -> connection 0x14d838000ec0
x3004c0s31b0n0:45889:50021 [3] NCCL INFO transport/p2p.cc:430 Cuda Alloc Size 6291456 pointer 0x14d837a00000
x3004c0s31b0n0:45883:50022 [1] NCCL INFO transport/net_ib.cc:771 Ib Alloc Size 552 pointer 0x14c97c065000
x3004c0s31b0n0:45883:50022 [1] NCCL INFO transport/net.cc:698 Cuda Host Alloc Size 9641984 pointer 0x14c9f3400000
x3004c0s31b0n0:45886:50023 [2] NCCL INFO New proxy recv connection 10 from local rank 2, transport 0
x3004c0s31b0n0:45880:50015 [0] NCCL INFO New proxy recv connection 6 from local rank 0, transport 0
x3004c0s31b0n0:45883:50022 [1] NCCL INFO transport/net_ib.cc:683 Ib Alloc Size 21688 pointer 0x14c97c067000
x3004c0s31b0n0:45883:50022 [1] NCCL INFO transport/net_ib.cc:696 Ib Alloc Size 552 pointer 0x14c97c06e000
x3004c0s31b0n0:45889:49733 [3] NCCL INFO Channel 02/0 : 19[c7000] -> 18[85000] via P2P/IPC/read
x3004c0s31b0n0:45880:49732 [0] NCCL INFO Connection to proxy localRank 0 -> connection 0x152608000e00
x3004c0s31b0n0:45880:50015 [0] NCCL INFO transport/p2p.cc:449 Cuda Alloc Size 6291456 pointer 0x15260f800000
x3004c0s31b0n0:45883:50022 [1] NCCL INFO transport/net_ib.cc:771 Ib Alloc Size 552 pointer 0x14c97c089000
x3004c0s31b0n0:45883:50022 [1] NCCL INFO transport/net.cc:698 Cuda Host Alloc Size 9641984 pointer 0x14c9f3e00000
x3004c0s31b0n0:45886:49734 [2] NCCL INFO Connection to proxy localRank 2 -> connection 0x145460000f00
x3004c0s31b0n0:45886:50023 [2] NCCL INFO transport/p2p.cc:449 Cuda Alloc Size 6291456 pointer 0x145457800000
x3004c0s31b0n0:45883:50022 [1] NCCL INFO transport/net_ib.cc:683 Ib Alloc Size 21688 pointer 0x14c97c08b000
x3004c0s31b0n0:45883:50022 [1] NCCL INFO transport/net_ib.cc:696 Ib Alloc Size 552 pointer 0x14c97c092000
x3004c0s31b0n0:45889:50021 [3] NCCL INFO New proxy send connection 10 from local rank 3, transport 0
x3004c0s31b0n0:45889:49733 [3] NCCL INFO Connection to proxy localRank 3 -> connection 0x14d838000f00
x3004c0s31b0n0:45883:50022 [1] NCCL INFO transport/net_ib.cc:771 Ib Alloc Size 552 pointer 0x14c97c0ad000
x3004c0s31b0n0:45883:50022 [1] NCCL INFO transport/net.cc:698 Cuda Host Alloc Size 9641984 pointer 0x14c9f4800000
x3004c0s31b0n0:45889:50021 [3] NCCL INFO transport/p2p.cc:430 Cuda Alloc Size 6291456 pointer 0x14d902c00000
x3004c0s31b0n0:45886:50023 [2] NCCL INFO New proxy recv connection 11 from local rank 2, transport 0
x3004c0s31b0n0:45880:50015 [0] NCCL INFO New proxy recv connection 7 from local rank 0, transport 0
x3004c0s31b0n0:45886:49734 [2] NCCL INFO Connection to proxy localRank 2 -> connection 0x145460000f40
x3004c0s31b0n0:45886:50023 [2] NCCL INFO transport/p2p.cc:449 Cuda Alloc Size 6291456 pointer 0x145454000000
x3004c0s31b0n0:45889:49733 [3] NCCL INFO Channel 03/0 : 19[c7000] -> 18[85000] via P2P/IPC/read
x3004c0s31b0n0:45883:49723 [1] NCCL INFO Channel 00/0 : 17[46000] -> 16[7000] via P2P/IPC/read
x3004c0s31b0n0:45883:50022 [1] NCCL INFO New proxy send connection 4 from local rank 1, transport 0
x3004c0s31b0n0:45889:50021 [3] NCCL INFO New proxy send connection 11 from local rank 3, transport 0
x3004c0s31b0n0:45880:49732 [0] NCCL INFO Connection to proxy localRank 0 -> connection 0x152608000e40
x3004c0s31b0n0:45880:50015 [0] NCCL INFO transport/p2p.cc:449 Cuda Alloc Size 6291456 pointer 0x152606000000
x3004c0s31b0n0:45889:49733 [3] NCCL INFO Connection to proxy localRank 3 -> connection 0x14d838000f40
x3004c0s31b0n0:45889:50021 [3] NCCL INFO transport/p2p.cc:430 Cuda Alloc Size 6291456 pointer 0x14d90f800000
x3004c0s31b0n0:45883:49723 [1] NCCL INFO Connection to proxy localRank 1 -> connection 0x14c97c000d80
x3004c0s31b0n0:45883:50022 [1] NCCL INFO transport/p2p.cc:430 Cuda Alloc Size 6291456 pointer 0x14c9f5200000
x3004c0s31b0n0:45883:49723 [1] NCCL INFO Channel 01/0 : 17[46000] -> 16[7000] via P2P/IPC/read
x3004c0s31b0n0:45883:50022 [1] NCCL INFO New proxy send connection 5 from local rank 1, transport 0
x3004c0s31b0n0:45883:49723 [1] NCCL INFO Connection to proxy localRank 1 -> connection 0x14c97c000dc0
x3004c0s31b0n0:45883:50022 [1] NCCL INFO transport/p2p.cc:430 Cuda Alloc Size 6291456 pointer 0x14c976000000
x3004c0s31b0n0:45883:49723 [1] NCCL INFO Channel 02/0 : 17[46000] -> 16[7000] via P2P/IPC/read
x3004c0s31b0n0:45883:50022 [1] NCCL INFO New proxy send connection 6 from local rank 1, transport 0
x3004c0s31b0n0:45883:49723 [1] NCCL INFO Connection to proxy localRank 1 -> connection 0x14c97c000e00
x3004c0s31b0n0:45883:50022 [1] NCCL INFO transport/p2p.cc:430 Cuda Alloc Size 6291456 pointer 0x14c976600000
x3004c0s31b0n0:45883:49723 [1] NCCL INFO Channel 03/0 : 17[46000] -> 16[7000] via P2P/IPC/read
x3004c0s31b0n0:45883:50022 [1] NCCL INFO New proxy send connection 7 from local rank 1, transport 0
x3004c0s31b0n0:45883:49723 [1] NCCL INFO Connection to proxy localRank 1 -> connection 0x14c97c000e40
x3004c0s31b0n0:45883:50022 [1] NCCL INFO transport/p2p.cc:430 Cuda Alloc Size 6291456 pointer 0x14c976c00000
x3004c0s31b0n0:45883:49723 [1] NCCL INFO Connected all rings
x3004c0s31b0n0:45880:49732 [0] NCCL INFO Connected all rings
x3004c0s31b0n0:45880:49732 [0] NCCL INFO Channel 00/0 : 16[7000] -> 17[46000] via P2P/IPC/read
x3004c0s31b0n0:45880:50015 [0] NCCL INFO New proxy send connection 8 from local rank 0, transport 0
x3004c0s31b0n0:45880:49732 [0] NCCL INFO Connection to proxy localRank 0 -> connection 0x152608000e80
x3004c0s31b0n0:45880:50015 [0] NCCL INFO transport/p2p.cc:430 Cuda Alloc Size 6291456 pointer 0x152604000000
x3004c0s31b0n0:45883:50022 [1] NCCL INFO New proxy recv connection 8 from local rank 1, transport 0
x3004c0s31b0n0:45880:49732 [0] NCCL INFO Channel 01/0 : 16[7000] -> 17[46000] via P2P/IPC/read
x3004c0s31b0n0:45880:50015 [0] NCCL INFO New proxy send connection 9 from local rank 0, transport 0
x3004c0s31b0n0:45883:49723 [1] NCCL INFO Connection to proxy localRank 1 -> connection 0x14c97c000e80
x3004c0s31b0n0:45883:50022 [1] NCCL INFO transport/p2p.cc:449 Cuda Alloc Size 6291456 pointer 0x14c96ec00000
x3004c0s31b0n0:45880:49732 [0] NCCL INFO Connection to proxy localRank 0 -> connection 0x152608000ec0
x3004c0s31b0n0:45880:50015 [0] NCCL INFO transport/p2p.cc:430 Cuda Alloc Size 6291456 pointer 0x152604600000
x3004c0s31b0n0:45880:49732 [0] NCCL INFO Channel 02/0 : 16[7000] -> 17[46000] via P2P/IPC/read
x3004c0s31b0n0:45880:50015 [0] NCCL INFO New proxy send connection 10 from local rank 0, transport 0
x3004c0s31b0n0:45883:50022 [1] NCCL INFO New proxy recv connection 9 from local rank 1, transport 0
x3004c0s31b0n0:45880:49732 [0] NCCL INFO Connection to proxy localRank 0 -> connection 0x152608000f00
x3004c0s31b0n0:45880:50015 [0] NCCL INFO transport/p2p.cc:430 Cuda Alloc Size 6291456 pointer 0x152604c00000
x3004c0s31b0n0:45880:49732 [0] NCCL INFO Channel 03/0 : 16[7000] -> 17[46000] via P2P/IPC/read
x3004c0s31b0n0:45880:50015 [0] NCCL INFO New proxy send connection 11 from local rank 0, transport 0
x3004c0s31b0n0:45883:49723 [1] NCCL INFO Connection to proxy localRank 1 -> connection 0x14c97c000ec0
x3004c0s31b0n0:45883:50022 [1] NCCL INFO transport/p2p.cc:449 Cuda Alloc Size 6291456 pointer 0x14c96f200000
x3004c0s31b0n0:45880:49732 [0] NCCL INFO Connection to proxy localRank 0 -> connection 0x152608000f40
x3004c0s31b0n0:45880:50015 [0] NCCL INFO transport/p2p.cc:430 Cuda Alloc Size 6291456 pointer 0x152605200000
x3004c0s31b0n0:45883:50022 [1] NCCL INFO New proxy recv connection 10 from local rank 1, transport 0
x3004c0s31b0n0:45883:49723 [1] NCCL INFO Connection to proxy localRank 1 -> connection 0x14c97c000f00
x3004c0s31b0n0:45883:50022 [1] NCCL INFO transport/p2p.cc:449 Cuda Alloc Size 6291456 pointer 0x14c96f800000
x3004c0s31b0n0:45883:50022 [1] NCCL INFO New proxy recv connection 11 from local rank 1, transport 0
x3004c0s31b0n0:45883:49723 [1] NCCL INFO Connection to proxy localRank 1 -> connection 0x14c97c000f40
x3004c0s31b0n0:45883:50022 [1] NCCL INFO transport/p2p.cc:449 Cuda Alloc Size 6291456 pointer 0x14c96c000000
x3004c0s31b0n0:45883:49723 [1] NCCL INFO Channel 00/0 : 17[46000] -> 18[85000] via P2P/IPC/read
x3004c0s31b0n0:45883:50022 [1] NCCL INFO New proxy send connection 12 from local rank 1, transport 0
x3004c0s31b0n0:45883:49723 [1] NCCL INFO Connection to proxy localRank 1 -> connection 0x14c97c000f80
x3004c0s31b0n0:45883:50022 [1] NCCL INFO transport/p2p.cc:430 Cuda Alloc Size 6291456 pointer 0x14c96c600000
x3004c0s31b0n0:45883:49723 [1] NCCL INFO Channel 01/0 : 17[46000] -> 18[85000] via P2P/IPC/read
x3004c0s31b0n0:45883:50022 [1] NCCL INFO New proxy send connection 13 from local rank 1, transport 0
x3004c0s31b0n0:45883:49723 [1] NCCL INFO Connection to proxy localRank 1 -> connection 0x14c97c000fc0
x3004c0s31b0n0:45883:50022 [1] NCCL INFO transport/p2p.cc:430 Cuda Alloc Size 6291456 pointer 0x14c96cc00000
x3004c0s31b0n0:45883:49723 [1] NCCL INFO Channel 02/0 : 17[46000] -> 18[85000] via P2P/IPC/read
x3004c0s31b0n0:45883:50022 [1] NCCL INFO New proxy send connection 14 from local rank 1, transport 0
x3004c0s31b0n0:45883:49723 [1] NCCL INFO Connection to proxy localRank 1 -> connection 0x14c97c001000
x3004c0s31b0n0:45883:50022 [1] NCCL INFO transport/p2p.cc:430 Cuda Alloc Size 6291456 pointer 0x14c96d200000
x3004c0s31b0n0:45883:49723 [1] NCCL INFO Channel 03/0 : 17[46000] -> 18[85000] via P2P/IPC/read
x3004c0s31b0n0:45883:50022 [1] NCCL INFO New proxy send connection 15 from local rank 1, transport 0
x3004c0s31b0n0:45883:49723 [1] NCCL INFO Connection to proxy localRank 1 -> connection 0x14c97c001040
x3004c0s31b0n0:45883:50022 [1] NCCL INFO transport/p2p.cc:430 Cuda Alloc Size 6291456 pointer 0x14c96d800000
x3004c0s31b0n0:45883:49723 [1] NCCL INFO GPU Direct RDMA Disabled for GPU 46000 / HCA 1 (distance 6 > 4)
x3004c0s31b0n0:45886:50023 [2] NCCL INFO New proxy recv connection 12 from local rank 2, transport 0
x3004c0s31b0n0:45886:49734 [2] NCCL INFO Connection to proxy localRank 2 -> connection 0x145460000f80
x3004c0s31b0n0:45886:50023 [2] NCCL INFO transport/p2p.cc:449 Cuda Alloc Size 6291456 pointer 0x145452000000
x3004c0s31b0n0:45880:49732 [0] NCCL INFO GPU Direct RDMA Disabled for GPU 7000 / HCA 1 (distance 7 > 4)
x3004c0s31b0n0:45880:50015 [0] NCCL INFO Allocated 4194656 bytes of shared memory in /dev/shm/nccl-0ur9np

x3004c0s31b0n0:45880:50015 [0] NCCL INFO New proxy recv connection 12 from local rank 0, transport 2
x3004c0s31b0n0:45880:49732 [0] NCCL INFO Connection to proxy localRank 0 -> connection 0x152608000f80
x3004c0s31b0n0:45886:50023 [2] NCCL INFO New proxy recv connection 13 from local rank 2, transport 0
x3004c0s31b0n0:45883:50022 [1] NCCL INFO New proxy recv connection 16 from local rank 1, transport 2
x3004c0s31b0n0:45886:49734 [2] NCCL INFO Connection to proxy localRank 2 -> connection 0x145460000fc0
x3004c0s31b0n0:45886:50023 [2] NCCL INFO transport/p2p.cc:449 Cuda Alloc Size 6291456 pointer 0x145452600000
x3004c0s31b0n0:45883:49723 [1] NCCL INFO Connection to proxy localRank 1 -> connection 0x14c97c001080
x3004c0s31b0n0:45880:49732 [0] NCCL INFO Channel 02/0 : 12[7000] -> 16[7000] [receive] via NET/IB/1
x3004c0s31b0n0:45880:49732 [0] NCCL INFO GPU Direct RDMA Disabled for GPU 7000 / HCA 0 (distance 7 > 4)
x3004c0s31b0n0:45880:50015 [0] NCCL INFO New proxy recv connection 13 from local rank 0, transport 2
x3004c0s31b0n0:45883:49723 [1] NCCL INFO Channel 00/0 : 8[7000] -> 17[46000] [receive] via NET/IB/1
x3004c0s31b0n0:45883:49723 [1] NCCL INFO GPU Direct RDMA Disabled for GPU 46000 / HCA 0 (distance 7 > 4)
x3004c0s31b0n0:45883:50022 [1] NCCL INFO New proxy recv connection 17 from local rank 1, transport 2
x3004c0s31b0n0:45886:50023 [2] NCCL INFO New proxy recv connection 14 from local rank 2, transport 0
x3004c0s31b0n0:45880:49732 [0] NCCL INFO Connection to proxy localRank 0 -> connection 0x152608000fc0
x3004c0s31b0n0:45886:49734 [2] NCCL INFO Connection to proxy localRank 2 -> connection 0x145460001000
x3004c0s31b0n0:45886:50023 [2] NCCL INFO transport/p2p.cc:449 Cuda Alloc Size 6291456 pointer 0x145452c00000
x3004c0s31b0n0:45883:49723 [1] NCCL INFO Connection to proxy localRank 1 -> connection 0x14c97c0010c0
x3004c0s31b0n0:45880:49732 [0] NCCL INFO Channel 03/0 : 12[7000] -> 16[7000] [receive] via NET/IB/0
x3004c0s31b0n0:45880:49732 [0] NCCL INFO GPU Direct RDMA Disabled for GPU 7000 / HCA 1 (distance 7 > 4)
x3004c0s31b0n0:45880:50015 [0] NCCL INFO New proxy send connection 14 from local rank 0, transport 2
x3004c0s31b0n0:45886:50023 [2] NCCL INFO New proxy recv connection 15 from local rank 2, transport 0
x3004c0s31b0n0:45883:49723 [1] NCCL INFO Channel 01/0 : 8[7000] -> 17[46000] [receive] via NET/IB/0
x3004c0s31b0n0:45880:49732 [0] NCCL INFO Connection to proxy localRank 0 -> connection 0x152608001000
x3004c0s31b0n0:45880:49732 [0] NCCL INFO Channel 00/0 : 16[7000] -> 0[7000] [send] via NET/IB/1
x3004c0s31b0n0:45880:49732 [0] NCCL INFO GPU Direct RDMA Disabled for GPU 7000 / HCA 0 (distance 7 > 4)
x3004c0s31b0n0:45886:49734 [2] NCCL INFO Connection to proxy localRank 2 -> connection 0x145460001040
x3004c0s31b0n0:45886:50023 [2] NCCL INFO transport/p2p.cc:449 Cuda Alloc Size 6291456 pointer 0x145453200000
x3004c0s31b0n0:45880:50015 [0] NCCL INFO New proxy send connection 15 from local rank 0, transport 2
x3004c0s31b0n0:45880:49732 [0] NCCL INFO Connection to proxy localRank 0 -> connection 0x152608001040
x3004c0s31b0n0:45880:49732 [0] NCCL INFO Channel 01/0 : 16[7000] -> 0[7000] [send] via NET/IB/0
x3004c0s31b0n0:45880:50015 [0] NCCL INFO transport/net_ib.cc:596 Ib Alloc Size 26560 pointer 0x152608026000
x3004c0s31b0n0:45886:49734 [2] NCCL INFO Channel 00/0 : 18[85000] -> 17[46000] via P2P/IPC/read
x3004c0s31b0n0:45886:50023 [2] NCCL INFO New proxy send connection 16 from local rank 2, transport 0
x3004c0s31b0n0:45880:50015 [0] NCCL INFO NET/IB: Dev 1 Port 1 qpn 21650 mtu 5 GID 0 (80FE/DB0100FEFF000000)
x3004c0s31b0n0:45880:50015 [0] NCCL INFO transport/net_ib.cc:653 Ib Alloc Size 552 pointer 0x15260803e000
x3004c0s31b0n0:45880:50015 [0] NCCL INFO transport/net.cc:571 Cuda Host Alloc Size 9641984 pointer 0x152603200000
x3004c0s31b0n0:45886:49734 [2] NCCL INFO Connection to proxy localRank 2 -> connection 0x145460001080
x3004c0s31b0n0:45886:50023 [2] NCCL INFO transport/p2p.cc:430 Cuda Alloc Size 6291456 pointer 0x145453800000
x3004c0s31b0n0:45880:50015 [0] NCCL INFO transport/net_ib.cc:596 Ib Alloc Size 26560 pointer 0x152608040000
x3004c0s31b0n0:45880:50015 [0] NCCL INFO NET/IB: Dev 0 Port 1 qpn 24024 mtu 5 GID 0 (80FE/9E0100FEFF000000)
x3004c0s31b0n0:45880:50015 [0] NCCL INFO transport/net_ib.cc:653 Ib Alloc Size 552 pointer 0x152608057000
x3004c0s31b0n0:45880:50015 [0] NCCL INFO transport/net.cc:571 Cuda Host Alloc Size 9641984 pointer 0x1525fa000000
x3004c0s31b0n0:45886:49734 [2] NCCL INFO Channel 01/0 : 18[85000] -> 17[46000] via P2P/IPC/read
x3004c0s31b0n0:45886:50023 [2] NCCL INFO New proxy send connection 17 from local rank 2, transport 0
x3004c0s31b0n0:45880:50015 [0] NCCL INFO transport/net_ib.cc:683 Ib Alloc Size 21688 pointer 0x152608059000
x3004c0s31b0n0:45880:50015 [0] NCCL INFO transport/net_ib.cc:696 Ib Alloc Size 552 pointer 0x152608060000
x3004c0s31b0n0:45880:50015 [0] NCCL INFO transport/net_ib.cc:771 Ib Alloc Size 552 pointer 0x15260807c000
x3004c0s31b0n0:45880:50015 [0] NCCL INFO transport/net.cc:698 Cuda Host Alloc Size 9641984 pointer 0x1525faa00000
x3004c0s31b0n0:45886:49734 [2] NCCL INFO Connection to proxy localRank 2 -> connection 0x1454600010c0
x3004c0s31b0n0:45886:50023 [2] NCCL INFO transport/p2p.cc:430 Cuda Alloc Size 6291456 pointer 0x145450000000
x3004c0s31b0n0:45880:50015 [0] NCCL INFO transport/net_ib.cc:683 Ib Alloc Size 21688 pointer 0x15260807e000
x3004c0s31b0n0:45880:50015 [0] NCCL INFO transport/net_ib.cc:696 Ib Alloc Size 552 pointer 0x152608085000
x3004c0s31b0n0:45880:50015 [0] NCCL INFO transport/net_ib.cc:771 Ib Alloc Size 552 pointer 0x1526080a0000
x3004c0s31b0n0:45880:50015 [0] NCCL INFO transport/net.cc:698 Cuda Host Alloc Size 9641984 pointer 0x1525fb400000
x3004c0s31b0n0:45880:49732 [0] NCCL INFO GPU Direct RDMA Disabled for GPU 7000 / HCA 1 (distance 7 > 4)
x3004c0s31b0n0:45880:50015 [0] NCCL INFO New proxy recv connection 16 from local rank 0, transport 2
x3004c0s31b0n0:45886:49734 [2] NCCL INFO Channel 02/0 : 18[85000] -> 17[46000] via P2P/IPC/read
x3004c0s31b0n0:45886:50023 [2] NCCL INFO New proxy send connection 18 from local rank 2, transport 0
x3004c0s31b0n0:45886:49734 [2] NCCL INFO Connection to proxy localRank 2 -> connection 0x145460001100
x3004c0s31b0n0:45886:50023 [2] NCCL INFO transport/p2p.cc:430 Cuda Alloc Size 6291456 pointer 0x145450600000
x3004c0s31b0n0:45880:49732 [0] NCCL INFO Connection to proxy localRank 0 -> connection 0x152608001080
x3004c0s31b0n0:45886:49734 [2] NCCL INFO Channel 03/0 : 18[85000] -> 17[46000] via P2P/IPC/read
x3004c0s31b0n0:45886:50023 [2] NCCL INFO New proxy send connection 19 from local rank 2, transport 0
x3004c0s31b0n0:45880:49732 [0] NCCL INFO Channel 00/0 : 0[7000] -> 16[7000] [receive] via NET/IB/1
x3004c0s31b0n0:45880:49732 [0] NCCL INFO GPU Direct RDMA Disabled for GPU 7000 / HCA 0 (distance 7 > 4)
x3004c0s31b0n0:45880:50015 [0] NCCL INFO New proxy recv connection 17 from local rank 0, transport 2
x3004c0s31b0n0:45886:49734 [2] NCCL INFO Connection to proxy localRank 2 -> connection 0x145460001140
x3004c0s31b0n0:45886:50023 [2] NCCL INFO transport/p2p.cc:430 Cuda Alloc Size 6291456 pointer 0x145450c00000
x3004c0s31b0n0:45880:49732 [0] NCCL INFO Connection to proxy localRank 0 -> connection 0x1526080010c0
x3004c0s31b0n0:45883:50022 [1] NCCL INFO transport/net_ib.cc:683 Ib Alloc Size 21688 pointer 0x14c97c0be000
x3004c0s31b0n0:45883:50022 [1] NCCL INFO transport/net_ib.cc:696 Ib Alloc Size 552 pointer 0x14c97c01a000
x3004c0s31b0n0:45880:49732 [0] NCCL INFO Channel 01/0 : 0[7000] -> 16[7000] [receive] via NET/IB/0
x3004c0s31b0n0:45880:49732 [0] NCCL INFO GPU Direct RDMA Disabled for GPU 7000 / HCA 1 (distance 7 > 4)
x3004c0s31b0n0:45883:50022 [1] NCCL INFO transport/net_ib.cc:771 Ib Alloc Size 552 pointer 0x14c97c0df000
x3004c0s31b0n0:45880:50015 [0] NCCL INFO New proxy send connection 18 from local rank 0, transport 2
x3004c0s31b0n0:45883:50022 [1] NCCL INFO transport/net.cc:698 Cuda Host Alloc Size 9641984 pointer 0x14c969200000
x3004c0s31b0n0:45889:49733 [3] NCCL INFO Connected all trees by HAO
x3004c0s31b0n0:45889:49733 [3] NCCL INFO threadThresholds 8/8/64 | 160/8/64 | 512 | 512
x3004c0s31b0n0:45889:49733 [3] NCCL INFO 4 coll channels, 4 p2p channels, 2 p2p channels per peer
x3004c0s31b0n0:45889:50021 [3] NCCL INFO New proxy send connection 12 from local rank 3, transport 2
x3004c0s31b0n0:45883:50022 [1] NCCL INFO transport/net_ib.cc:683 Ib Alloc Size 21688 pointer 0x14c97c0e1000
