x3012c0s13b0n0:58481:63803 [0] NCCL INFO Mem Realloc old size 0, new size 8 pointer 0x1475c4000c60
x3012c0s13b0n0:58481:63803 [0] NCCL INFO New proxy send connection 0 from local rank 0, transport 0
x3012c0s13b0n0:58483:63638 [2] NCCL INFO Channel 03/0 : 2[85000] -> 3[c7000] via P2P/IPC/read
x3012c0s13b0n0:58483:63786 [2] NCCL INFO New proxy send connection 3 from local rank 2, transport 0
x3012c0s13b0n0:58481:63634 [0] NCCL INFO Connection to proxy localRank 0 -> connection 0x1475c4000c80
x3012c0s13b0n0:58481:63803 [0] NCCL INFO transport/p2p.cc:430 Cuda Alloc Size 6291456 pointer 0x1475ed800000
x3012c0s13b0n0:58481:63634 [0] NCCL INFO Channel 01/0 : 0[7000] -> 2[85000] via P2P/IPC/read
x3012c0s13b0n0:58481:63803 [0] NCCL INFO New proxy send connection 1 from local rank 0, transport 0
x3012c0s13b0n0:58484:63783 [3] NCCL INFO New proxy recv connection 2 from local rank 3, transport 0
x3012c0s13b0n0:58482:63801 [1] NCCL INFO New proxy recv connection 2 from local rank 1, transport 2
x3012c0s13b0n0:58484:63641 [3] NCCL INFO Connection to proxy localRank 3 -> connection 0x145770000d00
x3012c0s13b0n0:58483:63638 [2] NCCL INFO Connection to proxy localRank 2 -> connection 0x14d154000d40
x3012c0s13b0n0:58484:63783 [3] NCCL INFO transport/p2p.cc:449 Cuda Alloc Size 6291456 pointer 0x1457dfe00000
x3012c0s13b0n0:58482:63640 [1] NCCL INFO Connection to proxy localRank 1 -> connection 0x1544a8000d00
x3012c0s13b0n0:58483:63786 [2] NCCL INFO transport/p2p.cc:430 Cuda Alloc Size 6291456 pointer 0x14d1bd200000
x3012c0s13b0n0:58481:63634 [0] NCCL INFO Connection to proxy localRank 0 -> connection 0x1475c4000cc0
x3012c0s13b0n0:58481:63803 [0] NCCL INFO transport/p2p.cc:430 Cuda Alloc Size 6291456 pointer 0x147602800000
x3012c0s13b0n0:58481:63634 [0] NCCL INFO Channel 02/0 : 0[7000] -> 2[85000] via P2P/IPC/read
x3012c0s13b0n0:58484:63783 [3] NCCL INFO New proxy recv connection 3 from local rank 3, transport 0
x3012c0s13b0n0:58481:63803 [0] NCCL INFO New proxy send connection 2 from local rank 0, transport 0
x3012c0s13b0n0:58482:63640 [1] NCCL INFO Channel 02/0 : 19[c7000] -> 1[46000] [receive] via NET/IB/1
x3012c0s13b0n0:58482:63640 [1] NCCL INFO GPU Direct RDMA Disabled for GPU 46000 / HCA 0 (distance 7 > 4)
x3012c0s13b0n0:58482:63801 [1] NCCL INFO New proxy recv connection 3 from local rank 1, transport 2
x3012c0s13b0n0:58482:63640 [1] NCCL INFO Connection to proxy localRank 1 -> connection 0x1544a8000d40
x3012c0s13b0n0:58484:63641 [3] NCCL INFO Connection to proxy localRank 3 -> connection 0x145770000d40
x3012c0s13b0n0:58484:63783 [3] NCCL INFO transport/p2p.cc:449 Cuda Alloc Size 6291456 pointer 0x1457e0400000
x3012c0s13b0n0:58481:63634 [0] NCCL INFO Connection to proxy localRank 0 -> connection 0x1475c4000d00
x3012c0s13b0n0:58481:63803 [0] NCCL INFO transport/p2p.cc:430 Cuda Alloc Size 6291456 pointer 0x147602e00000
x3012c0s13b0n0:58482:63640 [1] NCCL INFO Channel 03/0 : 19[c7000] -> 1[46000] [receive] via NET/IB/0
x3012c0s13b0n0:58484:63641 [3] NCCL INFO GPU Direct RDMA Disabled for GPU c7000 / HCA 1 (distance 7 > 4)
x3012c0s13b0n0:58484:63783 [3] NCCL INFO Allocated 4194656 bytes of shared memory in /dev/shm/nccl-Sh3U3u

x3012c0s13b0n0:58484:63783 [3] NCCL INFO New proxy send connection 4 from local rank 3, transport 2
x3012c0s13b0n0:58483:63786 [2] NCCL INFO New proxy recv connection 4 from local rank 2, transport 0
x3012c0s13b0n0:58481:63634 [0] NCCL INFO Channel 03/0 : 0[7000] -> 2[85000] via P2P/IPC/read
x3012c0s13b0n0:58481:63803 [0] NCCL INFO New proxy send connection 3 from local rank 0, transport 0
x3012c0s13b0n0:58483:63638 [2] NCCL INFO Connection to proxy localRank 2 -> connection 0x14d154000d80
x3012c0s13b0n0:58484:63641 [3] NCCL INFO Connection to proxy localRank 3 -> connection 0x145770000d80
x3012c0s13b0n0:58484:63641 [3] NCCL INFO Channel 00/0 : 3[c7000] -> 5[46000] [send] via NET/IB/1
x3012c0s13b0n0:58484:63641 [3] NCCL INFO GPU Direct RDMA Disabled for GPU c7000 / HCA 0 (distance 6 > 4)
x3012c0s13b0n0:58484:63783 [3] NCCL INFO New proxy send connection 5 from local rank 3, transport 2
x3012c0s13b0n0:58481:63634 [0] NCCL INFO Connection to proxy localRank 0 -> connection 0x1475c4000d40
x3012c0s13b0n0:58481:63803 [0] NCCL INFO transport/p2p.cc:430 Cuda Alloc Size 6291456 pointer 0x147603400000
x3012c0s13b0n0:58483:63786 [2] NCCL INFO transport/p2p.cc:449 Cuda Alloc Size 6291456 pointer 0x14d1ef400000
x3012c0s13b0n0:58484:63641 [3] NCCL INFO Connection to proxy localRank 3 -> connection 0x145770000dc0
x3012c0s13b0n0:58484:63641 [3] NCCL INFO Channel 01/0 : 3[c7000] -> 5[46000] [send] via NET/IB/0
x3012c0s13b0n0:58484:63641 [3] NCCL INFO GPU Direct RDMA Disabled for GPU c7000 / HCA 1 (distance 7 > 4)
x3012c0s13b0n0:58484:63783 [3] NCCL INFO New proxy send connection 6 from local rank 3, transport 2
x3012c0s13b0n0:58484:63641 [3] NCCL INFO Connection to proxy localRank 3 -> connection 0x145770000e00
x3012c0s13b0n0:58484:63641 [3] NCCL INFO Channel 02/0 : 3[c7000] -> 5[46000] [send] via NET/IB/1
x3012c0s13b0n0:58484:63641 [3] NCCL INFO GPU Direct RDMA Disabled for GPU c7000 / HCA 0 (distance 6 > 4)
x3012c0s13b0n0:58484:63783 [3] NCCL INFO New proxy send connection 7 from local rank 3, transport 2
x3012c0s13b0n0:58483:63786 [2] NCCL INFO New proxy recv connection 5 from local rank 2, transport 0
x3012c0s13b0n0:58484:63641 [3] NCCL INFO Connection to proxy localRank 3 -> connection 0x145770000e40
x3012c0s13b0n0:58484:63641 [3] NCCL INFO Channel 03/0 : 3[c7000] -> 5[46000] [send] via NET/IB/0
x3012c0s13b0n0:58484:63783 [3] NCCL INFO transport/net_ib.cc:596 Ib Alloc Size 26560 pointer 0x145770020000
x3012c0s13b0n0:58484:63783 [3] NCCL INFO NET/IB: Dev 1 Port 1 qpn 24103 mtu 5 GID 0 (80FE/9A1100FEFF000000)
x3012c0s13b0n0:58484:63783 [3] NCCL INFO transport/net_ib.cc:653 Ib Alloc Size 552 pointer 0x145770038000
x3012c0s13b0n0:58484:63783 [3] NCCL INFO transport/net.cc:571 Cuda Host Alloc Size 9641984 pointer 0x14576ac00000
x3012c0s13b0n0:58483:63638 [2] NCCL INFO Connection to proxy localRank 2 -> connection 0x14d154000dc0
x3012c0s13b0n0:58483:63786 [2] NCCL INFO transport/p2p.cc:449 Cuda Alloc Size 6291456 pointer 0x14d1efa00000
x3012c0s13b0n0:58484:63783 [3] NCCL INFO transport/net_ib.cc:596 Ib Alloc Size 26560 pointer 0x14577003a000
x3012c0s13b0n0:58484:63783 [3] NCCL INFO NET/IB: Dev 0 Port 1 qpn 25281 mtu 5 GID 0 (80FE/DF1100FEFF000000)
x3012c0s13b0n0:58484:63783 [3] NCCL INFO transport/net_ib.cc:653 Ib Alloc Size 552 pointer 0x145770051000
x3012c0s13b0n0:58484:63783 [3] NCCL INFO transport/net.cc:571 Cuda Host Alloc Size 9641984 pointer 0x14576b600000
x3012c0s13b0n0:58484:63783 [3] NCCL INFO transport/net_ib.cc:596 Ib Alloc Size 26560 pointer 0x145770053000
x3012c0s13b0n0:58483:63786 [2] NCCL INFO New proxy recv connection 6 from local rank 2, transport 0
x3012c0s13b0n0:58484:63783 [3] NCCL INFO NET/IB: Dev 1 Port 1 qpn 24104 mtu 5 GID 0 (80FE/9A1100FEFF000000)
x3012c0s13b0n0:58484:63783 [3] NCCL INFO transport/net_ib.cc:653 Ib Alloc Size 552 pointer 0x14577006a000
x3012c0s13b0n0:58484:63783 [3] NCCL INFO transport/net.cc:571 Cuda Host Alloc Size 9641984 pointer 0x145762000000
x3012c0s13b0n0:58482:63801 [1] NCCL INFO transport/net_ib.cc:683 Ib Alloc Size 21688 pointer 0x1544a801d000
x3012c0s13b0n0:58482:63801 [1] NCCL INFO transport/net_ib.cc:696 Ib Alloc Size 552 pointer 0x1544a8024000
x3012c0s13b0n0:58484:63783 [3] NCCL INFO transport/net_ib.cc:596 Ib Alloc Size 26560 pointer 0x14577006c000
x3012c0s13b0n0:58484:63783 [3] NCCL INFO NET/IB: Dev 0 Port 1 qpn 25282 mtu 5 GID 0 (80FE/DF1100FEFF000000)
x3012c0s13b0n0:58484:63783 [3] NCCL INFO transport/net_ib.cc:653 Ib Alloc Size 552 pointer 0x145770083000
x3012c0s13b0n0:58484:63783 [3] NCCL INFO transport/net.cc:571 Cuda Host Alloc Size 9641984 pointer 0x145762a00000
x3012c0s13b0n0:58483:63638 [2] NCCL INFO Connection to proxy localRank 2 -> connection 0x14d154000e00
x3012c0s13b0n0:58483:63786 [2] NCCL INFO transport/p2p.cc:449 Cuda Alloc Size 6291456 pointer 0x14d1f7800000
x3012c0s13b0n0:58484:63641 [3] NCCL INFO Connected all rings
x3012c0s13b0n0:58484:63641 [3] NCCL INFO Channel 00/0 : 3[c7000] -> 2[85000] via P2P/IPC/read
x3012c0s13b0n0:58484:63783 [3] NCCL INFO New proxy send connection 8 from local rank 3, transport 0
x3012c0s13b0n0:58482:63801 [1] NCCL INFO transport/net_ib.cc:771 Ib Alloc Size 552 pointer 0x1544a8041000
x3012c0s13b0n0:58482:63801 [1] NCCL INFO transport/net.cc:698 Cuda Host Alloc Size 9641984 pointer 0x15450c000000
x3012c0s13b0n0:58483:63786 [2] NCCL INFO New proxy recv connection 7 from local rank 2, transport 0
x3012c0s13b0n0:58483:63638 [2] NCCL INFO Connection to proxy localRank 2 -> connection 0x14d154000e40
x3012c0s13b0n0:58482:63801 [1] NCCL INFO transport/net_ib.cc:683 Ib Alloc Size 21688 pointer 0x1544a8043000
x3012c0s13b0n0:58482:63801 [1] NCCL INFO transport/net_ib.cc:696 Ib Alloc Size 552 pointer 0x1544a804a000
x3012c0s13b0n0:58483:63786 [2] NCCL INFO transport/p2p.cc:449 Cuda Alloc Size 6291456 pointer 0x14d15a000000
x3012c0s13b0n0:58484:63641 [3] NCCL INFO Connection to proxy localRank 3 -> connection 0x145770000e80
x3012c0s13b0n0:58484:63783 [3] NCCL INFO transport/p2p.cc:430 Cuda Alloc Size 6291456 pointer 0x145763400000
x3012c0s13b0n0:58483:63638 [2] NCCL INFO Connected all rings
x3012c0s13b0n0:58483:63786 [2] NCCL INFO New proxy recv connection 8 from local rank 2, transport 0
x3012c0s13b0n0:58481:63803 [0] NCCL INFO New proxy recv connection 4 from local rank 0, transport 0
x3012c0s13b0n0:58484:63641 [3] NCCL INFO Channel 01/0 : 3[c7000] -> 2[85000] via P2P/IPC/read
x3012c0s13b0n0:58484:63783 [3] NCCL INFO New proxy send connection 9 from local rank 3, transport 0
x3012c0s13b0n0:58481:63634 [0] NCCL INFO Connection to proxy localRank 0 -> connection 0x1475c4000d80
x3012c0s13b0n0:58481:63803 [0] NCCL INFO transport/p2p.cc:449 Cuda Alloc Size 6291456 pointer 0x147678a00000
x3012c0s13b0n0:58482:63801 [1] NCCL INFO transport/net_ib.cc:771 Ib Alloc Size 552 pointer 0x1544a8065000
x3012c0s13b0n0:58482:63801 [1] NCCL INFO transport/net.cc:698 Cuda Host Alloc Size 9641984 pointer 0x15450ca00000
x3012c0s13b0n0:58483:63638 [2] NCCL INFO Connection to proxy localRank 2 -> connection 0x14d154000e80
x3012c0s13b0n0:58483:63786 [2] NCCL INFO transport/p2p.cc:449 Cuda Alloc Size 6291456 pointer 0x14d152000000
x3012c0s13b0n0:58484:63641 [3] NCCL INFO Connection to proxy localRank 3 -> connection 0x145770000ec0
x3012c0s13b0n0:58484:63783 [3] NCCL INFO transport/p2p.cc:430 Cuda Alloc Size 6291456 pointer 0x145763a00000
x3012c0s13b0n0:58481:63803 [0] NCCL INFO New proxy recv connection 5 from local rank 0, transport 0
x3012c0s13b0n0:58482:63801 [1] NCCL INFO transport/net_ib.cc:683 Ib Alloc Size 21688 pointer 0x1544a8067000
x3012c0s13b0n0:58482:63801 [1] NCCL INFO transport/net_ib.cc:696 Ib Alloc Size 552 pointer 0x1544a806e000
x3012c0s13b0n0:58483:63786 [2] NCCL INFO New proxy recv connection 9 from local rank 2, transport 0
x3012c0s13b0n0:58483:63638 [2] NCCL INFO Connection to proxy localRank 2 -> connection 0x14d154000ec0
x3012c0s13b0n0:58483:63786 [2] NCCL INFO transport/p2p.cc:449 Cuda Alloc Size 6291456 pointer 0x14d152600000
x3012c0s13b0n0:58481:63634 [0] NCCL INFO Connection to proxy localRank 0 -> connection 0x1475c4000dc0
x3012c0s13b0n0:58481:63803 [0] NCCL INFO transport/p2p.cc:449 Cuda Alloc Size 6291456 pointer 0x147679000000
x3012c0s13b0n0:58482:63801 [1] NCCL INFO transport/net_ib.cc:771 Ib Alloc Size 552 pointer 0x1544a8089000
x3012c0s13b0n0:58482:63801 [1] NCCL INFO transport/net.cc:698 Cuda Host Alloc Size 9641984 pointer 0x154539800000
x3012c0s13b0n0:58484:63641 [3] NCCL INFO Channel 02/0 : 3[c7000] -> 2[85000] via P2P/IPC/read
x3012c0s13b0n0:58484:63783 [3] NCCL INFO New proxy send connection 10 from local rank 3, transport 0
x3012c0s13b0n0:58483:63786 [2] NCCL INFO New proxy recv connection 10 from local rank 2, transport 0
x3012c0s13b0n0:58483:63638 [2] NCCL INFO Connection to proxy localRank 2 -> connection 0x14d154000f00
x3012c0s13b0n0:58481:63803 [0] NCCL INFO New proxy recv connection 6 from local rank 0, transport 0
x3012c0s13b0n0:58484:63641 [3] NCCL INFO Connection to proxy localRank 3 -> connection 0x145770000f00
x3012c0s13b0n0:58484:63783 [3] NCCL INFO transport/p2p.cc:430 Cuda Alloc Size 6291456 pointer 0x145760000000
x3012c0s13b0n0:58482:63801 [1] NCCL INFO transport/net_ib.cc:683 Ib Alloc Size 21688 pointer 0x1544a808b000
x3012c0s13b0n0:58482:63801 [1] NCCL INFO transport/net_ib.cc:696 Ib Alloc Size 552 pointer 0x1544a8092000
x3012c0s13b0n0:58483:63786 [2] NCCL INFO transport/p2p.cc:449 Cuda Alloc Size 6291456 pointer 0x14d152c00000
x3012c0s13b0n0:58481:63634 [0] NCCL INFO Connection to proxy localRank 0 -> connection 0x1475c4000e00
x3012c0s13b0n0:58481:63803 [0] NCCL INFO transport/p2p.cc:449 Cuda Alloc Size 6291456 pointer 0x1475ca000000
x3012c0s13b0n0:58483:63786 [2] NCCL INFO New proxy recv connection 11 from local rank 2, transport 0
x3012c0s13b0n0:58482:63801 [1] NCCL INFO transport/net_ib.cc:771 Ib Alloc Size 552 pointer 0x1544a80ad000
x3012c0s13b0n0:58482:63801 [1] NCCL INFO transport/net.cc:698 Cuda Host Alloc Size 9641984 pointer 0x15453a200000
x3012c0s13b0n0:58484:63641 [3] NCCL INFO Channel 03/0 : 3[c7000] -> 2[85000] via P2P/IPC/read
x3012c0s13b0n0:58484:63783 [3] NCCL INFO New proxy send connection 11 from local rank 3, transport 0
x3012c0s13b0n0:58482:63640 [1] NCCL INFO Channel 00/0 : 1[46000] -> 0[7000] via P2P/IPC/read
x3012c0s13b0n0:58482:63801 [1] NCCL INFO New proxy send connection 4 from local rank 1, transport 0
x3012c0s13b0n0:58481:63803 [0] NCCL INFO New proxy recv connection 7 from local rank 0, transport 0
x3012c0s13b0n0:58483:63638 [2] NCCL INFO Connection to proxy localRank 2 -> connection 0x14d154000f40
x3012c0s13b0n0:58483:63786 [2] NCCL INFO transport/p2p.cc:449 Cuda Alloc Size 6291456 pointer 0x14d153200000
x3012c0s13b0n0:58484:63641 [3] NCCL INFO Connection to proxy localRank 3 -> connection 0x145770000f40
x3012c0s13b0n0:58484:63783 [3] NCCL INFO transport/p2p.cc:430 Cuda Alloc Size 6291456 pointer 0x145760600000
x3012c0s13b0n0:58482:63640 [1] NCCL INFO Connection to proxy localRank 1 -> connection 0x1544a8000d80
x3012c0s13b0n0:58482:63801 [1] NCCL INFO transport/p2p.cc:430 Cuda Alloc Size 6291456 pointer 0x15450d400000
x3012c0s13b0n0:58481:63634 [0] NCCL INFO Connection to proxy localRank 0 -> connection 0x1475c4000e40
x3012c0s13b0n0:58481:63803 [0] NCCL INFO transport/p2p.cc:449 Cuda Alloc Size 6291456 pointer 0x1475ca600000
x3012c0s13b0n0:58482:63640 [1] NCCL INFO Channel 01/0 : 1[46000] -> 0[7000] via P2P/IPC/read
x3012c0s13b0n0:58482:63801 [1] NCCL INFO New proxy send connection 5 from local rank 1, transport 0
x3012c0s13b0n0:58482:63640 [1] NCCL INFO Connection to proxy localRank 1 -> connection 0x1544a8000dc0
x3012c0s13b0n0:58482:63801 [1] NCCL INFO transport/p2p.cc:430 Cuda Alloc Size 6291456 pointer 0x15453ac00000
x3012c0s13b0n0:58482:63640 [1] NCCL INFO Channel 02/0 : 1[46000] -> 0[7000] via P2P/IPC/read
x3012c0s13b0n0:58482:63801 [1] NCCL INFO New proxy send connection 6 from local rank 1, transport 0
x3012c0s13b0n0:58482:63640 [1] NCCL INFO Connection to proxy localRank 1 -> connection 0x1544a8000e00
x3012c0s13b0n0:58482:63801 [1] NCCL INFO transport/p2p.cc:430 Cuda Alloc Size 6291456 pointer 0x15453f400000
x3012c0s13b0n0:58482:63640 [1] NCCL INFO Channel 03/0 : 1[46000] -> 0[7000] via P2P/IPC/read
x3012c0s13b0n0:58482:63801 [1] NCCL INFO New proxy send connection 7 from local rank 1, transport 0
x3012c0s13b0n0:58482:63640 [1] NCCL INFO Connection to proxy localRank 1 -> connection 0x1544a8000e40
x3012c0s13b0n0:58482:63801 [1] NCCL INFO transport/p2p.cc:430 Cuda Alloc Size 6291456 pointer 0x15453fa00000
x3012c0s13b0n0:58482:63640 [1] NCCL INFO Connected all rings
x3012c0s13b0n0:58482:63801 [1] NCCL INFO New proxy recv connection 8 from local rank 1, transport 0
x3012c0s13b0n0:58481:63634 [0] NCCL INFO Connected all rings
x3012c0s13b0n0:58481:63634 [0] NCCL INFO Channel 00/0 : 0[7000] -> 1[46000] via P2P/IPC/read
x3012c0s13b0n0:58481:63803 [0] NCCL INFO New proxy send connection 8 from local rank 0, transport 0
x3012c0s13b0n0:58482:63640 [1] NCCL INFO Connection to proxy localRank 1 -> connection 0x1544a8000e80
x3012c0s13b0n0:58482:63801 [1] NCCL INFO transport/p2p.cc:449 Cuda Alloc Size 6291456 pointer 0x1544a3200000
x3012c0s13b0n0:58481:63634 [0] NCCL INFO Connection to proxy localRank 0 -> connection 0x1475c4000e80
x3012c0s13b0n0:58482:63801 [1] NCCL INFO New proxy recv connection 9 from local rank 1, transport 0
x3012c0s13b0n0:58481:63803 [0] NCCL INFO transport/p2p.cc:430 Cuda Alloc Size 6291456 pointer 0x1475c2600000
x3012c0s13b0n0:58481:63634 [0] NCCL INFO Channel 01/0 : 0[7000] -> 1[46000] via P2P/IPC/read
x3012c0s13b0n0:58481:63803 [0] NCCL INFO New proxy send connection 9 from local rank 0, transport 0
x3012c0s13b0n0:58482:63640 [1] NCCL INFO Connection to proxy localRank 1 -> connection 0x1544a8000ec0
x3012c0s13b0n0:58482:63801 [1] NCCL INFO transport/p2p.cc:449 Cuda Alloc Size 6291456 pointer 0x1544a3800000
x3012c0s13b0n0:58481:63634 [0] NCCL INFO Connection to proxy localRank 0 -> connection 0x1475c4000ec0
x3012c0s13b0n0:58481:63803 [0] NCCL INFO transport/p2p.cc:430 Cuda Alloc Size 6291456 pointer 0x1475c2c00000
x3012c0s13b0n0:58482:63801 [1] NCCL INFO New proxy recv connection 10 from local rank 1, transport 0
x3012c0s13b0n0:58481:63634 [0] NCCL INFO Channel 02/0 : 0[7000] -> 1[46000] via P2P/IPC/read
x3012c0s13b0n0:58481:63803 [0] NCCL INFO New proxy send connection 10 from local rank 0, transport 0
x3012c0s13b0n0:58482:63640 [1] NCCL INFO Connection to proxy localRank 1 -> connection 0x1544a8000f00
x3012c0s13b0n0:58482:63801 [1] NCCL INFO transport/p2p.cc:449 Cuda Alloc Size 6291456 pointer 0x15449a000000
x3012c0s13b0n0:58481:63634 [0] NCCL INFO Connection to proxy localRank 0 -> connection 0x1475c4000f00
x3012c0s13b0n0:58481:63803 [0] NCCL INFO transport/p2p.cc:430 Cuda Alloc Size 6291456 pointer 0x1475c3200000
x3012c0s13b0n0:58481:63634 [0] NCCL INFO Channel 03/0 : 0[7000] -> 1[46000] via P2P/IPC/read
x3012c0s13b0n0:58481:63803 [0] NCCL INFO New proxy send connection 11 from local rank 0, transport 0
x3012c0s13b0n0:58482:63801 [1] NCCL INFO New proxy recv connection 11 from local rank 1, transport 0
x3012c0s13b0n0:58482:63640 [1] NCCL INFO Connection to proxy localRank 1 -> connection 0x1544a8000f40
x3012c0s13b0n0:58482:63801 [1] NCCL INFO transport/p2p.cc:449 Cuda Alloc Size 6291456 pointer 0x15449a600000
x3012c0s13b0n0:58481:63634 [0] NCCL INFO Connection to proxy localRank 0 -> connection 0x1475c4000f40
x3012c0s13b0n0:58481:63803 [0] NCCL INFO transport/p2p.cc:430 Cuda Alloc Size 6291456 pointer 0x1475c3800000
x3012c0s13b0n0:58482:63640 [1] NCCL INFO Channel 00/0 : 1[46000] -> 2[85000] via P2P/IPC/read
x3012c0s13b0n0:58482:63801 [1] NCCL INFO New proxy send connection 12 from local rank 1, transport 0
x3012c0s13b0n0:58482:63640 [1] NCCL INFO Connection to proxy localRank 1 -> connection 0x1544a8000f80
x3012c0s13b0n0:58482:63801 [1] NCCL INFO transport/p2p.cc:430 Cuda Alloc Size 6291456 pointer 0x15449ac00000
x3012c0s13b0n0:58482:63640 [1] NCCL INFO Channel 01/0 : 1[46000] -> 2[85000] via P2P/IPC/read
x3012c0s13b0n0:58482:63801 [1] NCCL INFO New proxy send connection 13 from local rank 1, transport 0
x3012c0s13b0n0:58482:63640 [1] NCCL INFO Connection to proxy localRank 1 -> connection 0x1544a8000fc0
x3012c0s13b0n0:58482:63801 [1] NCCL INFO transport/p2p.cc:430 Cuda Alloc Size 6291456 pointer 0x15449b200000
x3012c0s13b0n0:58482:63640 [1] NCCL INFO Channel 02/0 : 1[46000] -> 2[85000] via P2P/IPC/read
x3012c0s13b0n0:58482:63801 [1] NCCL INFO New proxy send connection 14 from local rank 1, transport 0
x3012c0s13b0n0:58482:63640 [1] NCCL INFO Connection to proxy localRank 1 -> connection 0x1544a8001000
x3012c0s13b0n0:58482:63801 [1] NCCL INFO transport/p2p.cc:430 Cuda Alloc Size 6291456 pointer 0x15449b800000
x3012c0s13b0n0:58482:63640 [1] NCCL INFO Channel 03/0 : 1[46000] -> 2[85000] via P2P/IPC/read
x3012c0s13b0n0:58482:63801 [1] NCCL INFO New proxy send connection 15 from local rank 1, transport 0
x3012c0s13b0n0:58482:63640 [1] NCCL INFO Connection to proxy localRank 1 -> connection 0x1544a8001040
x3012c0s13b0n0:58482:63801 [1] NCCL INFO transport/p2p.cc:430 Cuda Alloc Size 6291456 pointer 0x154498000000
x3012c0s13b0n0:58482:63640 [1] NCCL INFO GPU Direct RDMA Disabled for GPU 46000 / HCA 1 (distance 6 > 4)
x3012c0s13b0n0:58481:63634 [0] NCCL INFO GPU Direct RDMA Disabled for GPU 7000 / HCA 1 (distance 7 > 4)
x3012c0s13b0n0:58481:63803 [0] NCCL INFO Allocated 4194656 bytes of shared memory in /dev/shm/nccl-Ml2Lli

x3012c0s13b0n0:58481:63803 [0] NCCL INFO New proxy recv connection 12 from local rank 0, transport 2
x3012c0s13b0n0:58483:63786 [2] NCCL INFO New proxy recv connection 12 from local rank 2, transport 0
x3012c0s13b0n0:58482:63801 [1] NCCL INFO New proxy recv connection 16 from local rank 1, transport 2
x3012c0s13b0n0:58482:63640 [1] NCCL INFO Connection to proxy localRank 1 -> connection 0x1544a8001080
x3012c0s13b0n0:58483:63638 [2] NCCL INFO Connection to proxy localRank 2 -> connection 0x14d154000f80
x3012c0s13b0n0:58483:63786 [2] NCCL INFO transport/p2p.cc:449 Cuda Alloc Size 6291456 pointer 0x14d151200000
x3012c0s13b0n0:58481:63634 [0] NCCL INFO Connection to proxy localRank 0 -> connection 0x1475c4000f80
x3012c0s13b0n0:58482:63640 [1] NCCL INFO Channel 02/0 : 12[7000] -> 1[46000] [receive] via NET/IB/1
x3012c0s13b0n0:58482:63640 [1] NCCL INFO GPU Direct RDMA Disabled for GPU 46000 / HCA 0 (distance 7 > 4)
x3012c0s13b0n0:58482:63801 [1] NCCL INFO New proxy recv connection 17 from local rank 1, transport 2
x3012c0s13b0n0:58481:63634 [0] NCCL INFO Channel 00/0 : 16[7000] -> 0[7000] [receive] via NET/IB/1
x3012c0s13b0n0:58481:63634 [0] NCCL INFO GPU Direct RDMA Disabled for GPU 7000 / HCA 0 (distance 7 > 4)
x3012c0s13b0n0:58481:63803 [0] NCCL INFO New proxy recv connection 13 from local rank 0, transport 2
x3012c0s13b0n0:58482:63640 [1] NCCL INFO Connection to proxy localRank 1 -> connection 0x1544a80010c0
x3012c0s13b0n0:58483:63786 [2] NCCL INFO New proxy recv connection 13 from local rank 2, transport 0
x3012c0s13b0n0:58481:63634 [0] NCCL INFO Connection to proxy localRank 0 -> connection 0x1475c4000fc0
x3012c0s13b0n0:58483:63638 [2] NCCL INFO Connection to proxy localRank 2 -> connection 0x14d154000fc0
x3012c0s13b0n0:58483:63786 [2] NCCL INFO transport/p2p.cc:449 Cuda Alloc Size 6291456 pointer 0x14d151800000
x3012c0s13b0n0:58481:63634 [0] NCCL INFO Channel 01/0 : 16[7000] -> 0[7000] [receive] via NET/IB/0
x3012c0s13b0n0:58481:63634 [0] NCCL INFO GPU Direct RDMA Disabled for GPU 7000 / HCA 1 (distance 7 > 4)
x3012c0s13b0n0:58481:63803 [0] NCCL INFO New proxy send connection 14 from local rank 0, transport 2
x3012c0s13b0n0:58482:63640 [1] NCCL INFO Channel 03/0 : 12[7000] -> 1[46000] [receive] via NET/IB/0
x3012c0s13b0n0:58483:63786 [2] NCCL INFO New proxy recv connection 14 from local rank 2, transport 0
x3012c0s13b0n0:58481:63634 [0] NCCL INFO Connection to proxy localRank 0 -> connection 0x1475c4001000
x3012c0s13b0n0:58481:63634 [0] NCCL INFO Channel 02/0 : 0[7000] -> 4[7000] [send] via NET/IB/1
x3012c0s13b0n0:58481:63634 [0] NCCL INFO GPU Direct RDMA Disabled for GPU 7000 / HCA 0 (distance 7 > 4)
x3012c0s13b0n0:58481:63803 [0] NCCL INFO New proxy send connection 15 from local rank 0, transport 2
x3012c0s13b0n0:58483:63638 [2] NCCL INFO Connection to proxy localRank 2 -> connection 0x14d154001000
x3012c0s13b0n0:58483:63786 [2] NCCL INFO transport/p2p.cc:449 Cuda Alloc Size 6291456 pointer 0x14d14e000000
x3012c0s13b0n0:58481:63634 [0] NCCL INFO Connection to proxy localRank 0 -> connection 0x1475c4001040
x3012c0s13b0n0:58481:63634 [0] NCCL INFO Channel 03/0 : 0[7000] -> 4[7000] [send] via NET/IB/0
x3012c0s13b0n0:58483:63786 [2] NCCL INFO New proxy recv connection 15 from local rank 2, transport 0
x3012c0s13b0n0:58483:63638 [2] NCCL INFO Connection to proxy localRank 2 -> connection 0x14d154001040
x3012c0s13b0n0:58483:63786 [2] NCCL INFO transport/p2p.cc:449 Cuda Alloc Size 6291456 pointer 0x14d14e600000
x3012c0s13b0n0:58483:63638 [2] NCCL INFO Channel 00/0 : 2[85000] -> 1[46000] via P2P/IPC/read
x3012c0s13b0n0:58481:63803 [0] NCCL INFO transport/net_ib.cc:596 Ib Alloc Size 26560 pointer 0x1475c4025000
x3012c0s13b0n0:58481:63803 [0] NCCL INFO NET/IB: Dev 1 Port 1 qpn 24109 mtu 5 GID 0 (80FE/9A1100FEFF000000)
x3012c0s13b0n0:58481:63803 [0] NCCL INFO transport/net_ib.cc:653 Ib Alloc Size 552 pointer 0x1475c403d000
x3012c0s13b0n0:58481:63803 [0] NCCL INFO transport/net.cc:571 Cuda Host Alloc Size 9641984 pointer 0x1475ba000000
x3012c0s13b0n0:58481:63803 [0] NCCL INFO transport/net_ib.cc:596 Ib Alloc Size 26560 pointer 0x1475c403f000
x3012c0s13b0n0:58481:63803 [0] NCCL INFO NET/IB: Dev 0 Port 1 qpn 25287 mtu 5 GID 0 (80FE/DF1100FEFF000000)
x3012c0s13b0n0:58481:63803 [0] NCCL INFO transport/net_ib.cc:653 Ib Alloc Size 552 pointer 0x1475c4057000
x3012c0s13b0n0:58481:63803 [0] NCCL INFO transport/net.cc:571 Cuda Host Alloc Size 9641984 pointer 0x1475baa00000
x3012c0s13b0n0:58481:63803 [0] NCCL INFO transport/net_ib.cc:683 Ib Alloc Size 21688 pointer 0x1475c4059000
x3012c0s13b0n0:58481:63803 [0] NCCL INFO transport/net_ib.cc:696 Ib Alloc Size 552 pointer 0x1475c4060000
x3012c0s13b0n0:58483:63786 [2] NCCL INFO New proxy send connection 16 from local rank 2, transport 0
x3012c0s13b0n0:58483:63638 [2] NCCL INFO Connection to proxy localRank 2 -> connection 0x14d154001080
x3012c0s13b0n0:58483:63786 [2] NCCL INFO transport/p2p.cc:430 Cuda Alloc Size 6291456 pointer 0x14d14ec00000
x3012c0s13b0n0:58483:63638 [2] NCCL INFO Channel 01/0 : 2[85000] -> 1[46000] via P2P/IPC/read
x3012c0s13b0n0:58481:63803 [0] NCCL INFO transport/net_ib.cc:771 Ib Alloc Size 552 pointer 0x1475c407c000
x3012c0s13b0n0:58481:63803 [0] NCCL INFO transport/net.cc:698 Cuda Host Alloc Size 9641984 pointer 0x1475bb400000
x3012c0s13b0n0:58483:63786 [2] NCCL INFO New proxy send connection 17 from local rank 2, transport 0
x3012c0s13b0n0:58483:63638 [2] NCCL INFO Connection to proxy localRank 2 -> connection 0x14d1540010c0
x3012c0s13b0n0:58483:63786 [2] NCCL INFO transport/p2p.cc:430 Cuda Alloc Size 6291456 pointer 0x14d14f200000
x3012c0s13b0n0:58481:63803 [0] NCCL INFO transport/net_ib.cc:683 Ib Alloc Size 21688 pointer 0x1475c407e000
x3012c0s13b0n0:58481:63803 [0] NCCL INFO transport/net_ib.cc:696 Ib Alloc Size 552 pointer 0x1475c4085000
x3012c0s13b0n0:58481:63803 [0] NCCL INFO transport/net_ib.cc:771 Ib Alloc Size 552 pointer 0x1475c4085000
x3012c0s13b0n0:58481:63803 [0] NCCL INFO transport/net.cc:698 Cuda Host Alloc Size 9641984 pointer 0x1475b8000000
x3012c0s13b0n0:58483:63638 [2] NCCL INFO Channel 02/0 : 2[85000] -> 1[46000] via P2P/IPC/read
x3012c0s13b0n0:58483:63786 [2] NCCL INFO New proxy send connection 18 from local rank 2, transport 0
x3012c0s13b0n0:58481:63634 [0] NCCL INFO GPU Direct RDMA Disabled for GPU 7000 / HCA 1 (distance 7 > 4)
x3012c0s13b0n0:58481:63803 [0] NCCL INFO New proxy recv connection 16 from local rank 0, transport 2
x3012c0s13b0n0:58483:63638 [2] NCCL INFO Connection to proxy localRank 2 -> connection 0x14d154001100
x3012c0s13b0n0:58483:63786 [2] NCCL INFO transport/p2p.cc:430 Cuda Alloc Size 6291456 pointer 0x14d14f800000
x3012c0s13b0n0:58483:63638 [2] NCCL INFO Channel 03/0 : 2[85000] -> 1[46000] via P2P/IPC/read
x3012c0s13b0n0:58483:63786 [2] NCCL INFO New proxy send connection 19 from local rank 2, transport 0
x3012c0s13b0n0:58481:63634 [0] NCCL INFO Connection to proxy localRank 0 -> connection 0x1475c4001080
x3012c0s13b0n0:58483:63638 [2] NCCL INFO Connection to proxy localRank 2 -> connection 0x14d154001140
x3012c0s13b0n0:58483:63786 [2] NCCL INFO transport/p2p.cc:430 Cuda Alloc Size 6291456 pointer 0x14d14c000000
x3012c0s13b0n0:58482:63801 [1] NCCL INFO transport/net_ib.cc:683 Ib Alloc Size 21688 pointer 0x1544a80be000
x3012c0s13b0n0:58482:63801 [1] NCCL INFO transport/net_ib.cc:696 Ib Alloc Size 552 pointer 0x1544a801a000
x3012c0s13b0n0:58481:63634 [0] NCCL INFO Channel 02/0 : 4[7000] -> 0[7000] [receive] via NET/IB/1
x3012c0s13b0n0:58481:63634 [0] NCCL INFO GPU Direct RDMA Disabled for GPU 7000 / HCA 0 (distance 7 > 4)
x3012c0s13b0n0:58481:63803 [0] NCCL INFO New proxy recv connection 17 from local rank 0, transport 2
x3012c0s13b0n0:58484:63641 [3] NCCL INFO Connected all trees by HAO
x3012c0s13b0n0:58484:63641 [3] NCCL INFO threadThresholds 8/8/64 | 160/8/64 | 512 | 512
x3012c0s13b0n0:58484:63641 [3] NCCL INFO 4 coll channels, 4 p2p channels, 2 p2p channels per peer
x3012c0s13b0n0:58484:63783 [3] NCCL INFO New proxy send connection 12 from local rank 3, transport 2
x3012c0s13b0n0:58482:63801 [1] NCCL INFO transport/net_ib.cc:771 Ib Alloc Size 552 pointer 0x1544a80df000
x3012c0s13b0n0:58482:63801 [1] NCCL INFO transport/net.cc:698 Cuda Host Alloc Size 9641984 pointer 0x154494000000
x3012c0s13b0n0:58481:63634 [0] NCCL INFO Connection to proxy localRank 0 -> connection 0x1475c40010c0
x3012c0s13b0n0:58484:63641 [3] NCCL INFO Connection to proxy localRank 3 -> connection 0x145770000f80
x3012c0s13b0n0:58484:63783 [3] NCCL INFO transport/net.cc:376 Cuda Alloc Size 8388608 pointer 0x14575e600000
x3012c0s13b0n0:58482:63801 [1] NCCL INFO transport/net_ib.cc:683 Ib Alloc Size 21688 pointer 0x1544a80e1000
x3012c0s13b0n0:58482:63801 [1] NCCL INFO transport/net_ib.cc:696 Ib Alloc Size 552 pointer 0x1544a80e8000
x3012c0s13b0n0:58481:63634 [0] NCCL INFO Channel 03/0 : 4[7000] -> 0[7000] [receive] via NET/IB/0
x3012c0s13b0n0:58481:63634 [0] NCCL INFO GPU Direct RDMA Disabled for GPU 7000 / HCA 1 (distance 7 > 4)
x3012c0s13b0n0:58481:63803 [0] NCCL INFO New proxy send connection 18 from local rank 0, transport 2
x3012c0s13b0n0:58482:63801 [1] NCCL INFO transport/net_ib.cc:771 Ib Alloc Size 552 pointer 0x1544a8103000
x3012c0s13b0n0:58482:63801 [1] NCCL INFO transport/net.cc:698 Cuda Host Alloc Size 9641984 pointer 0x154494a00000
x3012c0s13b0n0:58482:63640 [1] NCCL INFO GPU Direct RDMA Disabled for GPU 46000 / HCA 1 (distance 6 > 4)
x3012c0s13b0n0:58482:63801 [1] NCCL INFO New proxy send connection 18 from local rank 1, transport 2
x3012c0s13b0n0:58481:63634 [0] NCCL INFO Connection to proxy localRank 0 -> connection 0x1475c4001100
x3012c0s13b0n0:58481:63634 [0] NCCL INFO Channel 00/0 : 0[7000] -> 16[7000] [send] via NET/IB/1
x3012c0s13b0n0:58481:63634 [0] NCCL INFO GPU Direct RDMA Disabled for GPU 7000 / HCA 0 (distance 7 > 4)
x3012c0s13b0n0:58481:63803 [0] NCCL INFO New proxy send connection 19 from local rank 0, transport 2
x3012c0s13b0n0:58482:63640 [1] NCCL INFO Connection to proxy localRank 1 -> connection 0x1544a8001100
x3012c0s13b0n0:58482:63640 [1] NCCL INFO Channel 02/0 : 1[46000] -> 12[7000] [send] via NET/IB/1
x3012c0s13b0n0:58482:63640 [1] NCCL INFO GPU Direct RDMA Disabled for GPU 46000 / HCA 0 (distance 7 > 4)
x3012c0s13b0n0:58482:63801 [1] NCCL INFO New proxy send connection 19 from local rank 1, transport 2
x3012c0s13b0n0:58481:63634 [0] NCCL INFO Connection to proxy localRank 0 -> connection 0x1475c4001140
x3012c0s13b0n0:58481:63634 [0] NCCL INFO Channel 01/0 : 0[7000] -> 16[7000] [send] via NET/IB/0
x3012c0s13b0n0:58482:63640 [1] NCCL INFO Connection to proxy localRank 1 -> connection 0x1544a8001140
x3012c0s13b0n0:58482:63640 [1] NCCL INFO Channel 03/0 : 1[46000] -> 12[7000] [send] via NET/IB/0
x3012c0s13b0n0:58482:63801 [1] NCCL INFO transport/net_ib.cc:596 Ib Alloc Size 26560 pointer 0x1544a810f000
x3012c0s13b0n0:58482:63801 [1] NCCL INFO NET/IB: Dev 1 Port 1 qpn 24114 mtu 5 GID 0 (80FE/9A1100FEFF000000)
x3012c0s13b0n0:58482:63801 [1] NCCL INFO transport/net_ib.cc:653 Ib Alloc Size 552 pointer 0x1544a8126000
x3012c0s13b0n0:58482:63801 [1] NCCL INFO transport/net.cc:571 Cuda Host Alloc Size 9641984 pointer 0x154495400000
x3012c0s13b0n0:58482:63801 [1] NCCL INFO transport/net_ib.cc:596 Ib Alloc Size 26560 pointer 0x1544a8128000
x3012c0s13b0n0:58482:63801 [1] NCCL INFO NET/IB: Dev 0 Port 1 qpn 25292 mtu 5 GID 0 (80FE/DF1100FEFF000000)
x3012c0s13b0n0:58482:63801 [1] NCCL INFO transport/net_ib.cc:653 Ib Alloc Size 552 pointer 0x1544a813f000
x3012c0s13b0n0:58482:63801 [1] NCCL INFO transport/net.cc:571 Cuda Host Alloc Size 9641984 pointer 0x154492000000
x3012c0s13b0n0:58482:63801 [1] NCCL INFO New proxy recv connection 20 from local rank 1, transport 0
x3012c0s13b0n0:58482:63640 [1] NCCL INFO Connection to proxy localRank 1 -> connection 0x1544a8001180
x3012c0s13b0n0:58482:63801 [1] NCCL INFO transport/p2p.cc:449 Cuda Alloc Size 6291456 pointer 0x154492a00000
x3012c0s13b0n0:58482:63801 [1] NCCL INFO New proxy recv connection 21 from local rank 1, transport 0
x3012c0s13b0n0:58482:63640 [1] NCCL INFO Connection to proxy localRank 1 -> connection 0x1544a80011c0
x3012c0s13b0n0:58482:63801 [1] NCCL INFO transport/p2p.cc:449 Cuda Alloc Size 6291456 pointer 0x154493000000
x3012c0s13b0n0:58482:63801 [1] NCCL INFO New proxy recv connection 22 from local rank 1, transport 0
x3012c0s13b0n0:58482:63640 [1] NCCL INFO Connection to proxy localRank 1 -> connection 0x1544a8001200
x3012c0s13b0n0:58482:63801 [1] NCCL INFO transport/p2p.cc:449 Cuda Alloc Size 6291456 pointer 0x154493600000
x3012c0s13b0n0:58481:63803 [0] NCCL INFO transport/net_ib.cc:596 Ib Alloc Size 26560 pointer 0x1475c40b4000
x3012c0s13b0n0:58481:63803 [0] NCCL INFO NET/IB: Dev 1 Port 1 qpn 24115 mtu 5 GID 0 (80FE/9A1100FEFF000000)
x3012c0s13b0n0:58481:63803 [0] NCCL INFO transport/net_ib.cc:653 Ib Alloc Size 552 pointer 0x1475c40cb000
x3012c0s13b0n0:58481:63803 [0] NCCL INFO transport/net.cc:571 Cuda Host Alloc Size 9641984 pointer 0x1475b8a00000
x3012c0s13b0n0:58481:63803 [0] NCCL INFO transport/net_ib.cc:596 Ib Alloc Size 26560 pointer 0x1475c40cd000
x3012c0s13b0n0:58482:63801 [1] NCCL INFO New proxy recv connection 23 from local rank 1, transport 0
x3012c0s13b0n0:58481:63803 [0] NCCL INFO NET/IB: Dev 0 Port 1 qpn 25293 mtu 5 GID 0 (80FE/DF1100FEFF000000)
x3012c0s13b0n0:58481:63803 [0] NCCL INFO transport/net_ib.cc:653 Ib Alloc Size 552 pointer 0x1475c40e4000
x3012c0s13b0n0:58481:63803 [0] NCCL INFO transport/net.cc:571 Cuda Host Alloc Size 9641984 pointer 0x1475b9400000
x3012c0s13b0n0:58481:63803 [0] NCCL INFO Mem Realloc old size 768, new size 1536 pointer 0x1475c40d9150
x3012c0s13b0n0:58481:63803 [0] NCCL INFO transport/net_ib.cc:683 Ib Alloc Size 21688 pointer 0x1475c40e6000
x3012c0s13b0n0:58481:63803 [0] NCCL INFO transport/net_ib.cc:696 Ib Alloc Size 552 pointer 0x1475c40ed000
x3012c0s13b0n0:58482:63640 [1] NCCL INFO Connection to proxy localRank 1 -> connection 0x1544a8001240
x3012c0s13b0n0:58482:63801 [1] NCCL INFO transport/p2p.cc:449 Cuda Alloc Size 6291456 pointer 0x154497800000
x3012c0s13b0n0:58481:63803 [0] NCCL INFO transport/net_ib.cc:771 Ib Alloc Size 552 pointer 0x1475c4109000
x3012c0s13b0n0:58481:63803 [0] NCCL INFO transport/net.cc:698 Cuda Host Alloc Size 9641984 pointer 0x1475b6000000
x3012c0s13b0n0:58481:63803 [0] NCCL INFO transport/net_ib.cc:683 Ib Alloc Size 21688 pointer 0x1475c410b000
x3012c0s13b0n0:58481:63803 [0] NCCL INFO transport/net_ib.cc:696 Ib Alloc Size 552 pointer 0x1475c4112000
x3012c0s13b0n0:58482:63640 [1] NCCL INFO Connected all trees by HAO
x3012c0s13b0n0:58482:63640 [1] NCCL INFO threadThresholds 8/8/64 | 160/8/64 | 512 | 512
x3012c0s13b0n0:58482:63640 [1] NCCL INFO 4 coll channels, 4 p2p channels, 2 p2p channels per peer
x3012c0s13b0n0:58482:63801 [1] NCCL INFO New proxy send connection 24 from local rank 1, transport 2
x3012c0s13b0n0:58482:63640 [1] NCCL INFO Connection to proxy localRank 1 -> connection 0x1544a8001280
x3012c0s13b0n0:58483:63638 [2] NCCL INFO Connected all trees by HAO
x3012c0s13b0n0:58483:63638 [2] NCCL INFO threadThresholds 8/8/64 | 160/8/64 | 512 | 512
x3012c0s13b0n0:58483:63638 [2] NCCL INFO 4 coll channels, 4 p2p channels, 2 p2p channels per peer
x3012c0s13b0n0:58483:63786 [2] NCCL INFO Allocated 4194656 bytes of shared memory in /dev/shm/nccl-AmoS3n

x3012c0s13b0n0:58483:63786 [2] NCCL INFO New proxy send connection 20 from local rank 2, transport 2
x3012c0s13b0n0:58483:63638 [2] NCCL INFO Connection to proxy localRank 2 -> connection 0x14d154001180
x3012c0s13b0n0:58481:63803 [0] NCCL INFO transport/net_ib.cc:771 Ib Alloc Size 552 pointer 0x1475c412d000
x3012c0s13b0n0:58481:63803 [0] NCCL INFO transport/net.cc:698 Cuda Host Alloc Size 9641984 pointer 0x1475b6a00000
x3012c0s13b0n0:58483:63786 [2] NCCL INFO transport/net.cc:376 Cuda Alloc Size 8388608 pointer 0x14d14b800000
x3012c0s13b0n0:58482:63801 [1] NCCL INFO transport/net.cc:376 Cuda Alloc Size 8388608 pointer 0x154491800000
x3012c0s13b0n0:58481:63634 [0] NCCL INFO Connected all trees by HAO
x3012c0s13b0n0:58481:63634 [0] NCCL INFO Latency/AlgBw |    Tree/    LL |    Tree/ LL128 |    Tree/Simple |    Ring/    LL |    Ring/ LL128 |    Ring/Simple | CollNetDirect/    LL | CollNetDirect/ LL128 | CollNetDirect/Simple | CollNetChain/    LL | CollNetChain/ LL128 | CollNetChain/Simple |
x3012c0s13b0n0:58481:63634 [0] NCCL INFO  Max NThreads |            512 |            640 |            512 |            512 |            640 |            512 |              0 |              0 |            512 |              0 |              0 |            512 |
x3012c0s13b0n0:58481:63634 [0] NCCL INFO     Broadcast |     0.0/   0.0 |     0.0/   0.0 |     0.0/   0.0 |     6.3/   6.0 |    14.0/   0.0 |    18.0/  24.0 |     0.0/   0.0 |     0.0/   0.0 |     0.0/   0.0 |     0.0/   0.0 |     0.0/   0.0 |     0.0/   0.0 |
x3012c0s13b0n0:58481:63634 [0] NCCL INFO        Reduce |     0.0/   0.0 |     0.0/   0.0 |     0.0/   0.0 |     6.3/   6.0 |    14.0/   0.0 |    18.0/  24.0 |     0.0/   0.0 |     0.0/   0.0 |     0.0/   0.0 |     0.0/   0.0 |     0.0/   0.0 |     0.0/   0.0 |
x3012c0s13b0n0:58481:63634 [0] NCCL INFO     AllGather |     0.0/   0.0 |     0.0/   0.0 |     0.0/   0.0 |    27.1/   6.3 |    54.5/   0.0 |    97.8/  25.3 |     0.0/   0.0 |     0.0/   0.0 |     0.0/   0.0 |     0.0/   0.0 |     0.0/   0.0 |     0.0/   0.0 |
x3012c0s13b0n0:58481:63634 [0] NCCL INFO ReduceScatter |     0.0/   0.0 |     0.0/   0.0 |     0.0/   0.0 |    27.1/   6.3 |    54.5/   0.0 |    97.8/  25.3 |     0.0/   0.0 |     0.0/   0.0 |     0.0/   0.0 |     0.0/   0.0 |     0.0/   0.0 |     0.0/   0.0 |
x3012c0s13b0n0:58481:63634 [0] NCCL INFO     AllReduce |    30.0/   2.9 |    45.9/   0.0 |   280.0/  11.0 |    54.3/   3.2 |   103.2/   0.0 |   199.6/  12.6 |     7.4/   0.0 |     7.4/   0.0 |    29.7/   0.0 |     4.4/   0.0 |     4.4/   0.0 |    48.0/   0.0 |
x3012c0s13b0n0:58481:63634 [0] NCCL INFO threadThresholds 8/8/64 | 160/8/64 | 512 | 512
x3012c0s13b0n0:58481:63634 [0] NCCL INFO 4 coll channels, 4 p2p channels, 2 p2p channels per peer
x3012c0s13b0n0:58481:63803 [0] NCCL INFO New proxy send connection 20 from local rank 0, transport 2
x3012c0s13b0n0:58481:63634 [0] NCCL INFO Connection to proxy localRank 0 -> connection 0x1475c4001180
x3012c0s13b0n0:58481:63634 [0] NCCL INFO init.cc:367 Cuda Alloc Size 5168 pointer 0x147653a22200
x3012c0s13b0n0:58483:63638 [2] NCCL INFO init.cc:367 Cuda Alloc Size 5168 pointer 0x14d1d7e1fc00
x3012c0s13b0n0:58482:63640 [1] NCCL INFO init.cc:367 Cuda Alloc Size 5168 pointer 0x154527e1fc00
x3012c0s13b0n0:58484:63641 [3] NCCL INFO init.cc:367 Cuda Alloc Size 5168 pointer 0x1457bd81fc00
x3012c0s13b0n0:58483:63638 [2] NCCL INFO init.cc:392 Cuda Host Alloc Size 33554432 pointer 0x14d142000000
x3012c0s13b0n0:58483:63638 [2] NCCL INFO init.cc:398 Cuda Host Alloc Size 128 pointer 0x14d1d7400a00
x3012c0s13b0n0:58483:63638 [2] NCCL INFO comm 0x561ba4103100 rank 2 nranks 20 cudaDev 2 busId 85000 - Init COMPLETE
x3012c0s13b0n0:58483:58483 [2] NCCL INFO AllReduce: opCount 0 sendbuff 0x14d1d3a00400 recvbuff 0x14d1d3a00400 count 1 datatype 4 op 0 root 0 comm 0x561ba4103100 [nranks=20] stream 0x561ba2492780
x3012c0s13b0n0:58483:58483 [2] NCCL INFO misc/utils.cc:235 memory stack hunk malloc(65536)
[LYD INFO in ncclLaunchKernel (enqueue.cc)] NCHANNELS is: 4x3012c0s13b0n0:58482:63640 [1] NCCL INFO init.cc:392 Cuda Host Alloc Size 33554432 pointer 0x15448e000000
x3012c0s13b0n0:58482:63640 [1] NCCL INFO init.cc:398 Cuda Host Alloc Size 128 pointer 0x154527400a00
x3012c0s13b0n0:58482:63640 [1] NCCL INFO comm 0x5557f9ea2cf0 rank 1 nranks 20 cudaDev 1 busId 46000 - Init COMPLETE
x3012c0s13b0n0:58481:63634 [0] NCCL INFO init.cc:392 Cuda Host Alloc Size 33554432 pointer 0x1475b4000000
x3012c0s13b0n0:58481:63634 [0] NCCL INFO init.cc:398 Cuda Host Alloc Size 128 pointer 0x147653000e00
x3012c0s13b0n0:58481:63634 [0] NCCL INFO comm 0x5575a2bb27f0 rank 0 nranks 20 cudaDev 0 busId 7000 - Init COMPLETE
x3012c0s13b0n0:58481:63803 [0] NCCL INFO transport/net.cc:376 Cuda Alloc Size 8388608 pointer 0x1475b7400000
x3012c0s13b0n0:58484:63641 [3] NCCL INFO init.cc:392 Cuda Host Alloc Size 33554432 pointer 0x14575c000000
x3012c0s13b0n0:58484:63641 [3] NCCL INFO init.cc:398 Cuda Host Alloc Size 128 pointer 0x1457bce00a00
x3012c0s13b0n0:58484:63641 [3] NCCL INFO comm 0x556079063c30 rank 3 nranks 20 cudaDev 3 busId c7000 - Init COMPLETE
x3012c0s13b0n0:58484:58484 [3] NCCL INFO AllReduce: opCount 0 sendbuff 0x1457fb600400 recvbuff 0x1457fb600400 count 1 datatype 4 op 0 root 0 comm 0x556079063c30 [nranks=20] stream 0x5560773c82c0
x3012c0s13b0n0:58484:58484 [3] NCCL INFO misc/utils.cc:235 memory stack hunk malloc(65536)
[LYD INFO in ncclLaunchKernel (enqueue.cc)] NCHANNELS is: 4[Hao INFO in ncclAllReduce (all_reduce.cc)] rank 0 ncclAllReduce: count: 1, datatype: ncclInt64, message size: 8 Bytes
x3012c0s13b0n0:58481:58481 [0] NCCL INFO AllReduce: opCount 0 sendbuff 0x147693800400 recvbuff 0x147693800400 count 1 datatype 4 op 0 root 0 comm 0x5575a2bb27f0 [nranks=20] stream 0x5575a16526a0
x3012c0s13b0n0:58481:58481 [0] NCCL INFO misc/utils.cc:235 memory stack hunk malloc(65536)

[LYD INFO in ncclAllReduce (all_reduce.cc)] rank 0 AllReduce Time: 0.000046000 seconds

[LYD INFO in getAlgoInfo (enqueue.cc)] algorithm a is: 0

[LYD INFO in getAlgoInfo (enqueue.cc)] algorithm a is: 1

[LYD INFO in getAlgoInfo (enqueue.cc)] rank: 0, Duration between Point 1 and Point 2: 0.000013000 seconds

[LYD INFO in getAlgoInfo (enqueue.cc)] rank 0, Duration between Point 2 and Point 3: 0.000001000 seconds
[LYD INFO in getAlgoInfo (enqueue.cc)] out rank: 0
[LYD INFO in getAlgoInfo (enqueue.cc)] out coll: 4
[LYD INFO in getAlgoInfo (enqueue.cc)] out sendbuff address: 0x147693800400
[LYD INFO in getAlgoInfo (enqueue.cc)] out recvbuff address: 0x147693800400
[LYD INFO in getAlgoInfo (enqueue.cc)] out count: 1
[LYD INFO in getAlgoInfo (enqueue.cc)] out datatype: 4
[LYD INFO in getAlgoInfo (enqueue.cc)] out chunkSteps: 4
[LYD INFO in getAlgoInfo (enqueue.cc)] out sliceSteps: 2
[LYD INFO in getAlgoInfo (enqueue.cc)] out algorithm: 0
[LYD INFO in getAlgoInfo (enqueue.cc)] out protocol: 0
[LYD INFO in getAlgoInfo (enqueue.cc)] out nChannels: 1
[LYD INFO in getAlgoInfo (enqueue.cc)] out nThreads: 96
[LYD INFO in getAlgoInfo (enqueue.cc)] out nBytes: 8
[LYD INFO in getAlgoInfo (enqueue.cc)] out nstepsPerLoop: 0
[LYD INFO in getAlgoInfo (enqueue.cc)] out nchunksPerLoop: 0
[LYD INFO in getAlgoInfo (enqueue.cc)] out chunkSize: 0
[LYD INFO in ncclLaunchKernel (enqueue.cc)] NCHANNELS is: 4x3012c0s13b0n0:58482:58482 [1] NCCL INFO AllReduce: opCount 0 sendbuff 0x154523a00400 recvbuff 0x154523a00400 count 1 datatype 4 op 0 root 0 comm 0x5557f9ea2cf0 [nranks=20] stream 0x5557f86962c0
x3012c0s13b0n0:58482:58482 [1] NCCL INFO misc/utils.cc:235 memory stack hunk malloc(65536)
[LYD INFO in ncclLaunchKernel (enqueue.cc)] NCHANNELS is: 4
[LYD INFO in NCCL_KERN_NAME (common.h)] 3 AllReduce TREE LL Sum int64_t Elapsed time: 858339 us

[LYD INFO in NCCL_KERN_NAME (common.h)] 1 AllReduce TREE LL Sum int64_t Elapsed time: 765453 us

[LYD INFO in NCCL_KERN_NAME (common.h)] 0 AllReduce TREE LL Sum int64_t Elapsed time: 828456 us
 > loading doc-idx mapping from /home/yuke/lyd/Megatron-LM/my-gpt2_text_document_train_indexmap_12000ns_512sl_1234s_doc_idx.npy
[Hao INFO in ncclAllReduce (all_reduce.cc)] rank 3 ncclAllReduce: count: 1, datatype: ncclInt64, message size: 8 Bytes
x3012c0s13b0n0:58484:58484 [3] NCCL INFO AllReduce: opCount 0 sendbuff 0x1457fb600400 recvbuff 0x1457fb600400 count 1 datatype 4 op 0 root 0 comm 0x55607a3fb450 [nranks=1] stream 0x5560773c8180

[LYD INFO in ncclAllReduce (all_reduce.cc)] rank 0 AllReduce Time: 0.000038000 seconds
x3012c0s13b0n0:58484:58484 [3] NCCL INFO AllReduce: opCount 1 sendbuff 0x1457fb600400 recvbuff 0x1457fb600400 count 1 datatype 4 op 0 root 0 comm 0x556079063c30 [nranks=20] stream 0x5560773c82c0
[LYD INFO in ncclLaunchKernel (enqueue.cc)] NCHANNELS is: 4 > loading sample-idx mapping from /home/yuke/lyd/Megatron-LM/my-gpt2_text_document_train_indexmap_12000ns_512sl_1234s_sample_idx.npy
 > loading shuffle-idx mapping from /home/yuke/lyd/Megatron-LM/my-gpt2_text_document_train_indexmap_12000ns_512sl_1234s_shuffle_idx.npy
[Hao INFO in ncclAllReduce (all_reduce.cc)] rank 1 ncclAllReduce: count: 1, datatype: ncclInt64, message size: 8 Bytes
x3012c0s13b0n0:58482:58482 [1] NCCL INFO AllReduce: opCount 0 sendbuff 0x154523a00400 recvbuff 0x154523a00400 count 1 datatype 4 op 0 root 0 comm 0x5557fb807620 [nranks=1] stream 0x5557f8696180

[LYD INFO in ncclAllReduce (all_reduce.cc)] rank 0 AllReduce Time: 0.000035000 seconds
x3012c0s13b0n0:58482:58482 [1] NCCL INFO AllReduce: opCount 1 sendbuff 0x154523a00400 recvbuff 0x154523a00400 count 1 datatype 4 op 0 root 0 comm 0x5557f9ea2cf0 [nranks=20] stream 0x5557f86962c0
[LYD INFO in ncclLaunchKernel (enqueue.cc)] NCHANNELS is: 4    loaded indexed file in 0.042 seconds
    total number of samples: 12293
    total number of epochs: 30
[Hao INFO in ncclAllReduce (all_reduce.cc)] rank 0 ncclAllReduce: count: 1, datatype: ncclInt64, message size: 8 Bytes
x3012c0s13b0n0:58481:58481 [0] NCCL INFO AllReduce: opCount 0 sendbuff 0x147693800400 recvbuff 0x147693800400 count 1 datatype 4 op 0 root 0 comm 0x5575a2be1550 [nranks=1] stream 0x5575a1652560

[LYD INFO in ncclAllReduce (all_reduce.cc)] rank 0 AllReduce Time: 0.000034000 seconds
[Hao INFO in ncclAllReduce (all_reduce.cc)] rank 0 ncclAllReduce: count: 1, datatype: ncclInt64, message size: 8 Bytes
x3012c0s13b0n0:58481:58481 [0] NCCL INFO AllReduce: opCount 1 sendbuff 0x147693800400 recvbuff 0x147693800400 count 1 datatype 4 op 0 root 0 comm 0x5575a2bb27f0 [nranks=20] stream 0x5575a16526a0

[LYD INFO in ncclAllReduce (all_reduce.cc)] rank 0 AllReduce Time: 0.000023000 seconds

[LYD INFO in getAlgoInfo (enqueue.cc)] algorithm a is: 0

[LYD INFO in getAlgoInfo (enqueue.cc)] algorithm a is: 1

[LYD INFO in getAlgoInfo (enqueue.cc)] rank: 0, Duration between Point 1 and Point 2: 0.000013000 seconds

[LYD INFO in getAlgoInfo (enqueue.cc)] rank 0, Duration between Point 2 and Point 3: 0.000001000 seconds
[LYD INFO in getAlgoInfo (enqueue.cc)] out rank: 0
[LYD INFO in getAlgoInfo (enqueue.cc)] out coll: 4
[LYD INFO in getAlgoInfo (enqueue.cc)] out sendbuff address: 0x147693800400
[LYD INFO in getAlgoInfo (enqueue.cc)] out recvbuff address: 0x147693800400
[LYD INFO in getAlgoInfo (enqueue.cc)] out count: 1
[LYD INFO in getAlgoInfo (enqueue.cc)] out datatype: 4
[LYD INFO in getAlgoInfo (enqueue.cc)] out chunkSteps: 4
[LYD INFO in getAlgoInfo (enqueue.cc)] out sliceSteps: 2
[LYD INFO in getAlgoInfo (enqueue.cc)] out algorithm: 0
[LYD INFO in getAlgoInfo (enqueue.cc)] out protocol: 0
[LYD INFO in getAlgoInfo (enqueue.cc)] out nChannels: 1
[LYD INFO in getAlgoInfo (enqueue.cc)] out nThreads: 96
[LYD INFO in getAlgoInfo (enqueue.cc)] out nBytes: 8
[LYD INFO in getAlgoInfo (enqueue.cc)] out nstepsPerLoop: 0
[LYD INFO in getAlgoInfo (enqueue.cc)] out nchunksPerLoop: 0
[LYD INFO in getAlgoInfo (enqueue.cc)] out chunkSize: 0
[LYD INFO in ncclLaunchKernel (enqueue.cc)] NCHANNELS is: 4
[LYD INFO in NCCL_KERN_NAME (common.h)] 2 AllReduce TREE LL Sum int64_t Elapsed time: 872309 us
[Hao INFO in ncclAllReduce (all_reduce.cc)] rank 2 ncclAllReduce: count: 1, datatype: ncclInt64, message size: 8 Bytes
x3012c0s13b0n0:58483:58483 [2] NCCL INFO AllReduce: opCount 0 sendbuff 0x14d1d3a00400 recvbuff 0x14d1d3a00400 count 1 datatype 4 op 0 root 0 comm 0x561ba53f9d30 [nranks=1] stream 0x561ba2492640

[LYD INFO in ncclAllReduce (all_reduce.cc)] rank 0 AllReduce Time: 0.000035000 seconds
x3012c0s13b0n0:58483:58483 [2] NCCL INFO AllReduce: opCount 1 sendbuff 0x14d1d3a00400 recvbuff 0x14d1d3a00400 count 1 datatype 4 op 0 root 0 comm 0x561ba4103100 [nranks=20] stream 0x561ba2492780
[LYD INFO in ncclLaunchKernel (enqueue.cc)] NCHANNELS is: 4
[LYD INFO in NCCL_KERN_NAME (common.h)] 1 AllReduce TREE LL Sum int64_t Elapsed time: 108080 us

[LYD INFO in NCCL_KERN_NAME (common.h)] 0 AllReduce TREE LL Sum int64_t Elapsed time: 76857 us
 > loading doc-idx mapping from /home/yuke/lyd/Megatron-LM/my-gpt2_text_document_valid_indexmap_1320ns_512sl_1234s_doc_idx.npy

[LYD INFO in NCCL_KERN_NAME (common.h)] 3 AllReduce TREE LL Sum int64_t Elapsed time: 117395 us

[LYD INFO in NCCL_KERN_NAME (common.h)] 2 AllReduce TREE LL Sum int64_t Elapsed time: 73041 us
 > loading sample-idx mapping from /home/yuke/lyd/Megatron-LM/my-gpt2_text_document_valid_indexmap_1320ns_512sl_1234s_sample_idx.npy
 > loading shuffle-idx mapping from /home/yuke/lyd/Megatron-LM/my-gpt2_text_document_valid_indexmap_1320ns_512sl_1234s_shuffle_idx.npy
    loaded indexed file in 0.002 seconds
    total number of samples: 1327
    total number of epochs: 114
> finished creating GPT datasets ...
x3012c0s13b0n0:58481:58481 [0] NCCL INFO init.cc:1147 Cuda Host Alloc Size 4 pointer 0x147653001000
x3012c0s13b0n0:58484:58484 [3] NCCL INFO init.cc:1147 Cuda Host Alloc Size 4 pointer 0x1457bce00c00
x3012c0s13b0n0:58483:58483 [2] NCCL INFO init.cc:1147 Cuda Host Alloc Size 4 pointer 0x14d1d7400c00
x3012c0s13b0n0:58482:58482 [1] NCCL INFO init.cc:1147 Cuda Host Alloc Size 4 pointer 0x154527400c00
x3012c0s13b0n0:58484:64209 [3] NCCL INFO Using network IB
x3012c0s13b0n0:58481:64207 [0] NCCL INFO Using network IB
x3012c0s13b0n0:58483:64211 [2] NCCL INFO Using network IB
x3012c0s13b0n0:58482:64213 [1] NCCL INFO Using network IB
