x3004c0s31b0n0:10458:11520 [3] NCCL INFO Mem Realloc old size 0, new size 768 pointer 0x14d64c0521f0
x3004c0s31b0n0:10453:11321 [2] NCCL INFO Connection to proxy localRank 2 -> connection 0x145b70000dc0
x3004c0s31b0n0:10453:11519 [2] NCCL INFO transport/p2p.cc:449 Cuda Alloc Size 6291456 pointer 0x145b6f200000
x3004c0s31b0n0:10453:11519 [2] NCCL INFO New proxy recv connection 6 from local rank 2, transport 0
x3004c0s31b0n0:10458:11520 [3] NCCL INFO transport/net_ib.cc:596 Ib Alloc Size 26560 pointer 0x14d64c067000
x3004c0s31b0n0:10458:11520 [3] NCCL INFO NET/IB: Dev 1 Port 1 qpn 21538 mtu 5 GID 0 (80FE/DB0100FEFF000000)
x3004c0s31b0n0:10458:11520 [3] NCCL INFO transport/net_ib.cc:653 Ib Alloc Size 552 pointer 0x14d64c07e000
x3004c0s31b0n0:10458:11520 [3] NCCL INFO transport/net.cc:571 Cuda Host Alloc Size 9641984 pointer 0x14d642000000
x3004c0s31b0n0:10453:11321 [2] NCCL INFO Connection to proxy localRank 2 -> connection 0x145b70000e00
x3004c0s31b0n0:10453:11519 [2] NCCL INFO transport/p2p.cc:449 Cuda Alloc Size 6291456 pointer 0x145b6f800000
x3004c0s31b0n0:10449:11518 [1] NCCL INFO transport/net_ib.cc:683 Ib Alloc Size 21688 pointer 0x14ba3001d000
x3004c0s31b0n0:10449:11518 [1] NCCL INFO transport/net_ib.cc:696 Ib Alloc Size 552 pointer 0x14ba30024000
x3004c0s31b0n0:10458:11520 [3] NCCL INFO transport/net_ib.cc:596 Ib Alloc Size 26560 pointer 0x14d64c080000
x3004c0s31b0n0:10458:11520 [3] NCCL INFO NET/IB: Dev 0 Port 1 qpn 23888 mtu 5 GID 0 (80FE/9E0100FEFF000000)
x3004c0s31b0n0:10458:11520 [3] NCCL INFO transport/net_ib.cc:653 Ib Alloc Size 552 pointer 0x14d64c097000
x3004c0s31b0n0:10458:11520 [3] NCCL INFO transport/net.cc:571 Cuda Host Alloc Size 9641984 pointer 0x14d642a00000
x3004c0s31b0n0:10458:11320 [3] NCCL INFO Connected all rings
x3004c0s31b0n0:10458:11320 [3] NCCL INFO Channel 00/0 : 19[c7000] -> 18[85000] via P2P/IPC/read
x3004c0s31b0n0:10458:11520 [3] NCCL INFO New proxy send connection 8 from local rank 3, transport 0
x3004c0s31b0n0:10453:11519 [2] NCCL INFO New proxy recv connection 7 from local rank 2, transport 0
x3004c0s31b0n0:10449:11518 [1] NCCL INFO transport/net_ib.cc:771 Ib Alloc Size 552 pointer 0x14ba3004b000
x3004c0s31b0n0:10449:11518 [1] NCCL INFO transport/net.cc:698 Cuda Host Alloc Size 9641984 pointer 0x14ba2e000000
x3004c0s31b0n0:10449:11518 [1] NCCL INFO Mem Realloc old size 0, new size 768 pointer 0x14ba300406b0
x3004c0s31b0n0:10449:11518 [1] NCCL INFO transport/net_ib.cc:683 Ib Alloc Size 21688 pointer 0x14ba3004d000
x3004c0s31b0n0:10449:11518 [1] NCCL INFO transport/net_ib.cc:696 Ib Alloc Size 552 pointer 0x14ba30054000
x3004c0s31b0n0:10458:11320 [3] NCCL INFO Connection to proxy localRank 3 -> connection 0x14d64c000e80
x3004c0s31b0n0:10458:11520 [3] NCCL INFO transport/p2p.cc:430 Cuda Alloc Size 6291456 pointer 0x14d643400000
x3004c0s31b0n0:10453:11321 [2] NCCL INFO Connection to proxy localRank 2 -> connection 0x145b70000e40
x3004c0s31b0n0:10453:11519 [2] NCCL INFO transport/p2p.cc:449 Cuda Alloc Size 6291456 pointer 0x145b6c000000
x3004c0s31b0n0:10449:11518 [1] NCCL INFO transport/net_ib.cc:771 Ib Alloc Size 552 pointer 0x14ba30079000
x3004c0s31b0n0:10449:11518 [1] NCCL INFO transport/net.cc:698 Cuda Host Alloc Size 9641984 pointer 0x14ba2ea00000
x3004c0s31b0n0:10449:11518 [1] NCCL INFO Mem Realloc old size 0, new size 768 pointer 0x14ba3006e880
x3004c0s31b0n0:10453:11321 [2] NCCL INFO Connected all rings
x3004c0s31b0n0:10453:11519 [2] NCCL INFO New proxy recv connection 8 from local rank 2, transport 0
x3004c0s31b0n0:10446:11515 [0] NCCL INFO New proxy recv connection 4 from local rank 0, transport 0
x3004c0s31b0n0:10449:11518 [1] NCCL INFO transport/net_ib.cc:683 Ib Alloc Size 21688 pointer 0x14ba3007b000
x3004c0s31b0n0:10449:11518 [1] NCCL INFO transport/net_ib.cc:696 Ib Alloc Size 552 pointer 0x14ba30082000
x3004c0s31b0n0:10453:11321 [2] NCCL INFO Connection to proxy localRank 2 -> connection 0x145b70000e80
x3004c0s31b0n0:10453:11519 [2] NCCL INFO transport/p2p.cc:449 Cuda Alloc Size 6291456 pointer 0x145b6a000000
x3004c0s31b0n0:10449:11518 [1] NCCL INFO transport/net_ib.cc:771 Ib Alloc Size 552 pointer 0x14ba3009d000
x3004c0s31b0n0:10449:11518 [1] NCCL INFO transport/net.cc:698 Cuda Host Alloc Size 9641984 pointer 0x14ba2f400000
x3004c0s31b0n0:10458:11320 [3] NCCL INFO Channel 01/0 : 19[c7000] -> 18[85000] via P2P/IPC/read
x3004c0s31b0n0:10458:11520 [3] NCCL INFO New proxy send connection 9 from local rank 3, transport 0
x3004c0s31b0n0:10446:11319 [0] NCCL INFO Connection to proxy localRank 0 -> connection 0x14f80c000d80
x3004c0s31b0n0:10446:11515 [0] NCCL INFO transport/p2p.cc:449 Cuda Alloc Size 6291456 pointer 0x14f80ac00000
x3004c0s31b0n0:10449:11518 [1] NCCL INFO transport/net_ib.cc:683 Ib Alloc Size 21688 pointer 0x14ba3009f000
x3004c0s31b0n0:10449:11518 [1] NCCL INFO transport/net_ib.cc:696 Ib Alloc Size 552 pointer 0x14ba300a6000
x3004c0s31b0n0:10449:11518 [1] NCCL INFO transport/net_ib.cc:771 Ib Alloc Size 552 pointer 0x14ba300c1000
x3004c0s31b0n0:10449:11518 [1] NCCL INFO transport/net.cc:698 Cuda Host Alloc Size 9641984 pointer 0x14ba2c000000
x3004c0s31b0n0:10453:11519 [2] NCCL INFO New proxy recv connection 9 from local rank 2, transport 0
x3004c0s31b0n0:10458:11320 [3] NCCL INFO Connection to proxy localRank 3 -> connection 0x14d64c000ec0
x3004c0s31b0n0:10458:11520 [3] NCCL INFO transport/p2p.cc:430 Cuda Alloc Size 6291456 pointer 0x14d643a00000
x3004c0s31b0n0:10449:11322 [1] NCCL INFO Channel 00/0 : 17[46000] -> 16[7000] via P2P/IPC/read
x3004c0s31b0n0:10449:11518 [1] NCCL INFO New proxy send connection 4 from local rank 1, transport 0
x3004c0s31b0n0:10446:11515 [0] NCCL INFO New proxy recv connection 5 from local rank 0, transport 0
x3004c0s31b0n0:10453:11321 [2] NCCL INFO Connection to proxy localRank 2 -> connection 0x145b70000ec0
x3004c0s31b0n0:10453:11519 [2] NCCL INFO transport/p2p.cc:449 Cuda Alloc Size 6291456 pointer 0x145b6a600000
x3004c0s31b0n0:10446:11319 [0] NCCL INFO Connection to proxy localRank 0 -> connection 0x14f80c000dc0
x3004c0s31b0n0:10446:11515 [0] NCCL INFO transport/p2p.cc:449 Cuda Alloc Size 6291456 pointer 0x14f80b200000
x3004c0s31b0n0:10458:11320 [3] NCCL INFO Channel 02/0 : 19[c7000] -> 18[85000] via P2P/IPC/read
x3004c0s31b0n0:10458:11520 [3] NCCL INFO New proxy send connection 10 from local rank 3, transport 0
x3004c0s31b0n0:10458:11320 [3] NCCL INFO Connection to proxy localRank 3 -> connection 0x14d64c000f00
x3004c0s31b0n0:10458:11520 [3] NCCL INFO transport/p2p.cc:430 Cuda Alloc Size 6291456 pointer 0x14d63a000000
x3004c0s31b0n0:10449:11322 [1] NCCL INFO Connection to proxy localRank 1 -> connection 0x14ba30000d80
x3004c0s31b0n0:10449:11518 [1] NCCL INFO transport/p2p.cc:430 Cuda Alloc Size 6291456 pointer 0x14ba2ca00000
x3004c0s31b0n0:10446:11515 [0] NCCL INFO New proxy recv connection 6 from local rank 0, transport 0
x3004c0s31b0n0:10453:11519 [2] NCCL INFO New proxy recv connection 10 from local rank 2, transport 0
x3004c0s31b0n0:10458:11320 [3] NCCL INFO Channel 03/0 : 19[c7000] -> 18[85000] via P2P/IPC/read
x3004c0s31b0n0:10458:11520 [3] NCCL INFO New proxy send connection 11 from local rank 3, transport 0
x3004c0s31b0n0:10449:11322 [1] NCCL INFO Channel 01/0 : 17[46000] -> 16[7000] via P2P/IPC/read
x3004c0s31b0n0:10449:11518 [1] NCCL INFO New proxy send connection 5 from local rank 1, transport 0
x3004c0s31b0n0:10446:11319 [0] NCCL INFO Connection to proxy localRank 0 -> connection 0x14f80c000e00
x3004c0s31b0n0:10446:11515 [0] NCCL INFO transport/p2p.cc:449 Cuda Alloc Size 6291456 pointer 0x14f80b800000
x3004c0s31b0n0:10453:11321 [2] NCCL INFO Connection to proxy localRank 2 -> connection 0x145b70000f00
x3004c0s31b0n0:10458:11320 [3] NCCL INFO Connection to proxy localRank 3 -> connection 0x14d64c000f40
x3004c0s31b0n0:10458:11520 [3] NCCL INFO transport/p2p.cc:430 Cuda Alloc Size 6291456 pointer 0x14d63a600000
x3004c0s31b0n0:10446:11515 [0] NCCL INFO New proxy recv connection 7 from local rank 0, transport 0
x3004c0s31b0n0:10453:11519 [2] NCCL INFO transport/p2p.cc:449 Cuda Alloc Size 6291456 pointer 0x145b6ac00000
x3004c0s31b0n0:10449:11322 [1] NCCL INFO Connection to proxy localRank 1 -> connection 0x14ba30000dc0
x3004c0s31b0n0:10449:11518 [1] NCCL INFO transport/p2p.cc:430 Cuda Alloc Size 6291456 pointer 0x14ba2d000000
x3004c0s31b0n0:10446:11319 [0] NCCL INFO Connection to proxy localRank 0 -> connection 0x14f80c000e40
x3004c0s31b0n0:10446:11515 [0] NCCL INFO transport/p2p.cc:449 Cuda Alloc Size 6291456 pointer 0x14f808000000
x3004c0s31b0n0:10453:11519 [2] NCCL INFO New proxy recv connection 11 from local rank 2, transport 0
x3004c0s31b0n0:10449:11322 [1] NCCL INFO Channel 02/0 : 17[46000] -> 16[7000] via P2P/IPC/read
x3004c0s31b0n0:10449:11518 [1] NCCL INFO New proxy send connection 6 from local rank 1, transport 0
x3004c0s31b0n0:10453:11321 [2] NCCL INFO Connection to proxy localRank 2 -> connection 0x145b70000f40
x3004c0s31b0n0:10453:11519 [2] NCCL INFO transport/p2p.cc:449 Cuda Alloc Size 6291456 pointer 0x145b6b200000
x3004c0s31b0n0:10449:11322 [1] NCCL INFO Connection to proxy localRank 1 -> connection 0x14ba30000e00
x3004c0s31b0n0:10449:11518 [1] NCCL INFO transport/p2p.cc:430 Cuda Alloc Size 6291456 pointer 0x14ba2d600000
x3004c0s31b0n0:10449:11322 [1] NCCL INFO Channel 03/0 : 17[46000] -> 16[7000] via P2P/IPC/read
x3004c0s31b0n0:10449:11518 [1] NCCL INFO New proxy send connection 7 from local rank 1, transport 0
x3004c0s31b0n0:10449:11322 [1] NCCL INFO Connection to proxy localRank 1 -> connection 0x14ba30000e40
x3004c0s31b0n0:10449:11518 [1] NCCL INFO transport/p2p.cc:430 Cuda Alloc Size 6291456 pointer 0x14ba3fa00000
x3004c0s31b0n0:10449:11322 [1] NCCL INFO Connected all rings
x3004c0s31b0n0:10449:11518 [1] NCCL INFO New proxy recv connection 8 from local rank 1, transport 0
x3004c0s31b0n0:10446:11319 [0] NCCL INFO Connected all rings
x3004c0s31b0n0:10446:11319 [0] NCCL INFO Channel 00/0 : 16[7000] -> 17[46000] via P2P/IPC/read
x3004c0s31b0n0:10446:11515 [0] NCCL INFO New proxy send connection 8 from local rank 0, transport 0
x3004c0s31b0n0:10449:11322 [1] NCCL INFO Connection to proxy localRank 1 -> connection 0x14ba30000e80
x3004c0s31b0n0:10449:11518 [1] NCCL INFO transport/p2p.cc:449 Cuda Alloc Size 6291456 pointer 0x14ba2b800000
x3004c0s31b0n0:10446:11319 [0] NCCL INFO Connection to proxy localRank 0 -> connection 0x14f80c000e80
x3004c0s31b0n0:10446:11515 [0] NCCL INFO transport/p2p.cc:430 Cuda Alloc Size 6291456 pointer 0x14f806000000
x3004c0s31b0n0:10449:11518 [1] NCCL INFO New proxy recv connection 9 from local rank 1, transport 0
x3004c0s31b0n0:10446:11319 [0] NCCL INFO Channel 01/0 : 16[7000] -> 17[46000] via P2P/IPC/read
x3004c0s31b0n0:10446:11515 [0] NCCL INFO New proxy send connection 9 from local rank 0, transport 0
x3004c0s31b0n0:10449:11322 [1] NCCL INFO Connection to proxy localRank 1 -> connection 0x14ba30000ec0
x3004c0s31b0n0:10449:11518 [1] NCCL INFO transport/p2p.cc:449 Cuda Alloc Size 6291456 pointer 0x14ba28000000
x3004c0s31b0n0:10446:11319 [0] NCCL INFO Connection to proxy localRank 0 -> connection 0x14f80c000ec0
x3004c0s31b0n0:10446:11515 [0] NCCL INFO transport/p2p.cc:430 Cuda Alloc Size 6291456 pointer 0x14f806600000
x3004c0s31b0n0:10449:11518 [1] NCCL INFO New proxy recv connection 10 from local rank 1, transport 0
x3004c0s31b0n0:10446:11319 [0] NCCL INFO Channel 02/0 : 16[7000] -> 17[46000] via P2P/IPC/read
x3004c0s31b0n0:10446:11515 [0] NCCL INFO New proxy send connection 10 from local rank 0, transport 0
x3004c0s31b0n0:10449:11322 [1] NCCL INFO Connection to proxy localRank 1 -> connection 0x14ba30000f00
x3004c0s31b0n0:10449:11518 [1] NCCL INFO transport/p2p.cc:449 Cuda Alloc Size 6291456 pointer 0x14ba28600000
x3004c0s31b0n0:10446:11319 [0] NCCL INFO Connection to proxy localRank 0 -> connection 0x14f80c000f00
x3004c0s31b0n0:10446:11515 [0] NCCL INFO transport/p2p.cc:430 Cuda Alloc Size 6291456 pointer 0x14f806c00000
x3004c0s31b0n0:10449:11518 [1] NCCL INFO New proxy recv connection 11 from local rank 1, transport 0
x3004c0s31b0n0:10446:11319 [0] NCCL INFO Channel 03/0 : 16[7000] -> 17[46000] via P2P/IPC/read
x3004c0s31b0n0:10446:11515 [0] NCCL INFO New proxy send connection 11 from local rank 0, transport 0
x3004c0s31b0n0:10449:11322 [1] NCCL INFO Connection to proxy localRank 1 -> connection 0x14ba30000f40
x3004c0s31b0n0:10449:11518 [1] NCCL INFO transport/p2p.cc:449 Cuda Alloc Size 6291456 pointer 0x14ba28c00000
x3004c0s31b0n0:10446:11319 [0] NCCL INFO Connection to proxy localRank 0 -> connection 0x14f80c000f40
x3004c0s31b0n0:10446:11515 [0] NCCL INFO transport/p2p.cc:430 Cuda Alloc Size 6291456 pointer 0x14f807200000
x3004c0s31b0n0:10449:11322 [1] NCCL INFO Channel 00/0 : 17[46000] -> 18[85000] via P2P/IPC/read
x3004c0s31b0n0:10449:11518 [1] NCCL INFO New proxy send connection 12 from local rank 1, transport 0
x3004c0s31b0n0:10449:11322 [1] NCCL INFO Connection to proxy localRank 1 -> connection 0x14ba30000f80
x3004c0s31b0n0:10449:11518 [1] NCCL INFO transport/p2p.cc:430 Cuda Alloc Size 6291456 pointer 0x14ba29200000
x3004c0s31b0n0:10449:11322 [1] NCCL INFO Channel 01/0 : 17[46000] -> 18[85000] via P2P/IPC/read
x3004c0s31b0n0:10449:11518 [1] NCCL INFO New proxy send connection 13 from local rank 1, transport 0
x3004c0s31b0n0:10449:11322 [1] NCCL INFO Connection to proxy localRank 1 -> connection 0x14ba30000fc0
x3004c0s31b0n0:10449:11518 [1] NCCL INFO transport/p2p.cc:430 Cuda Alloc Size 6291456 pointer 0x14ba29800000
x3004c0s31b0n0:10449:11322 [1] NCCL INFO Channel 02/0 : 17[46000] -> 18[85000] via P2P/IPC/read
x3004c0s31b0n0:10449:11518 [1] NCCL INFO New proxy send connection 14 from local rank 1, transport 0
x3004c0s31b0n0:10449:11322 [1] NCCL INFO Connection to proxy localRank 1 -> connection 0x14ba30001000
x3004c0s31b0n0:10449:11518 [1] NCCL INFO transport/p2p.cc:430 Cuda Alloc Size 6291456 pointer 0x14ba26000000
x3004c0s31b0n0:10449:11322 [1] NCCL INFO Channel 03/0 : 17[46000] -> 18[85000] via P2P/IPC/read
x3004c0s31b0n0:10449:11518 [1] NCCL INFO New proxy send connection 15 from local rank 1, transport 0
x3004c0s31b0n0:10449:11322 [1] NCCL INFO Connection to proxy localRank 1 -> connection 0x14ba30001040
x3004c0s31b0n0:10449:11518 [1] NCCL INFO transport/p2p.cc:430 Cuda Alloc Size 6291456 pointer 0x14ba26600000
x3004c0s31b0n0:10449:11322 [1] NCCL INFO GPU Direct RDMA Disabled for GPU 46000 / HCA 1 (distance 6 > 4)
x3004c0s31b0n0:10449:11518 [1] NCCL INFO New proxy recv connection 16 from local rank 1, transport 2
x3004c0s31b0n0:10446:11319 [0] NCCL INFO GPU Direct RDMA Disabled for GPU 7000 / HCA 1 (distance 7 > 4)
x3004c0s31b0n0:10446:11515 [0] NCCL INFO Allocated 4194656 bytes of shared memory in /dev/shm/nccl-kSeRm6

x3004c0s31b0n0:10446:11515 [0] NCCL INFO New proxy recv connection 12 from local rank 0, transport 2
x3004c0s31b0n0:10453:11519 [2] NCCL INFO New proxy recv connection 12 from local rank 2, transport 0
x3004c0s31b0n0:10453:11321 [2] NCCL INFO Connection to proxy localRank 2 -> connection 0x145b70000f80
x3004c0s31b0n0:10453:11519 [2] NCCL INFO transport/p2p.cc:449 Cuda Alloc Size 6291456 pointer 0x145b69200000
x3004c0s31b0n0:10446:11319 [0] NCCL INFO Connection to proxy localRank 0 -> connection 0x14f80c000f80
x3004c0s31b0n0:10449:11322 [1] NCCL INFO Connection to proxy localRank 1 -> connection 0x14ba30001080
x3004c0s31b0n0:10453:11519 [2] NCCL INFO New proxy recv connection 13 from local rank 2, transport 0
x3004c0s31b0n0:10453:11321 [2] NCCL INFO Connection to proxy localRank 2 -> connection 0x145b70000fc0
x3004c0s31b0n0:10453:11519 [2] NCCL INFO transport/p2p.cc:449 Cuda Alloc Size 6291456 pointer 0x145b69800000
x3004c0s31b0n0:10446:11319 [0] NCCL INFO Channel 02/0 : 12[7000] -> 16[7000] [receive] via NET/IB/1
x3004c0s31b0n0:10446:11319 [0] NCCL INFO GPU Direct RDMA Disabled for GPU 7000 / HCA 0 (distance 7 > 4)
x3004c0s31b0n0:10446:11515 [0] NCCL INFO New proxy recv connection 13 from local rank 0, transport 2
x3004c0s31b0n0:10449:11322 [1] NCCL INFO Channel 00/0 : 8[7000] -> 17[46000] [receive] via NET/IB/1
x3004c0s31b0n0:10449:11322 [1] NCCL INFO GPU Direct RDMA Disabled for GPU 46000 / HCA 0 (distance 7 > 4)
x3004c0s31b0n0:10449:11518 [1] NCCL INFO New proxy recv connection 17 from local rank 1, transport 2
x3004c0s31b0n0:10446:11319 [0] NCCL INFO Connection to proxy localRank 0 -> connection 0x14f80c000fc0
x3004c0s31b0n0:10449:11322 [1] NCCL INFO Connection to proxy localRank 1 -> connection 0x14ba300010c0
x3004c0s31b0n0:10446:11319 [0] NCCL INFO Channel 03/0 : 12[7000] -> 16[7000] [receive] via NET/IB/0
x3004c0s31b0n0:10446:11319 [0] NCCL INFO GPU Direct RDMA Disabled for GPU 7000 / HCA 1 (distance 7 > 4)
x3004c0s31b0n0:10446:11515 [0] NCCL INFO New proxy send connection 14 from local rank 0, transport 2
x3004c0s31b0n0:10453:11519 [2] NCCL INFO New proxy recv connection 14 from local rank 2, transport 0
x3004c0s31b0n0:10449:11322 [1] NCCL INFO Channel 01/0 : 8[7000] -> 17[46000] [receive] via NET/IB/0
x3004c0s31b0n0:10453:11321 [2] NCCL INFO Connection to proxy localRank 2 -> connection 0x145b70001000
x3004c0s31b0n0:10453:11519 [2] NCCL INFO transport/p2p.cc:449 Cuda Alloc Size 6291456 pointer 0x145b66000000
x3004c0s31b0n0:10446:11319 [0] NCCL INFO Connection to proxy localRank 0 -> connection 0x14f80c001000
x3004c0s31b0n0:10446:11319 [0] NCCL INFO Channel 00/0 : 16[7000] -> 0[7000] [send] via NET/IB/1
x3004c0s31b0n0:10446:11319 [0] NCCL INFO GPU Direct RDMA Disabled for GPU 7000 / HCA 0 (distance 7 > 4)
x3004c0s31b0n0:10446:11515 [0] NCCL INFO New proxy send connection 15 from local rank 0, transport 2
x3004c0s31b0n0:10453:11519 [2] NCCL INFO New proxy recv connection 15 from local rank 2, transport 0
x3004c0s31b0n0:10446:11319 [0] NCCL INFO Connection to proxy localRank 0 -> connection 0x14f80c001040
x3004c0s31b0n0:10446:11319 [0] NCCL INFO Channel 01/0 : 16[7000] -> 0[7000] [send] via NET/IB/0
x3004c0s31b0n0:10446:11515 [0] NCCL INFO transport/net_ib.cc:596 Ib Alloc Size 26560 pointer 0x14f80c026000
x3004c0s31b0n0:10446:11515 [0] NCCL INFO NET/IB: Dev 1 Port 1 qpn 21543 mtu 5 GID 0 (80FE/DB0100FEFF000000)
x3004c0s31b0n0:10446:11515 [0] NCCL INFO transport/net_ib.cc:653 Ib Alloc Size 552 pointer 0x14f80c048000
x3004c0s31b0n0:10446:11515 [0] NCCL INFO transport/net.cc:571 Cuda Host Alloc Size 9641984 pointer 0x14f805200000
x3004c0s31b0n0:10446:11515 [0] NCCL INFO Mem Realloc old size 0, new size 768 pointer 0x14f80c0354d0
x3004c0s31b0n0:10453:11321 [2] NCCL INFO Connection to proxy localRank 2 -> connection 0x145b70001040
x3004c0s31b0n0:10453:11519 [2] NCCL INFO transport/p2p.cc:449 Cuda Alloc Size 6291456 pointer 0x145b66600000
x3004c0s31b0n0:10453:11321 [2] NCCL INFO Channel 00/0 : 18[85000] -> 17[46000] via P2P/IPC/read
x3004c0s31b0n0:10446:11515 [0] NCCL INFO transport/net_ib.cc:596 Ib Alloc Size 26560 pointer 0x14f80c04a000
x3004c0s31b0n0:10446:11515 [0] NCCL INFO NET/IB: Dev 0 Port 1 qpn 23893 mtu 5 GID 0 (80FE/9E0100FEFF000000)
x3004c0s31b0n0:10446:11515 [0] NCCL INFO transport/net_ib.cc:653 Ib Alloc Size 552 pointer 0x14f80c06b000
x3004c0s31b0n0:10446:11515 [0] NCCL INFO transport/net.cc:571 Cuda Host Alloc Size 9641984 pointer 0x14f7fe000000
x3004c0s31b0n0:10446:11515 [0] NCCL INFO Mem Realloc old size 0, new size 768 pointer 0x14f80c056050
x3004c0s31b0n0:10453:11519 [2] NCCL INFO New proxy send connection 16 from local rank 2, transport 0
x3004c0s31b0n0:10453:11321 [2] NCCL INFO Connection to proxy localRank 2 -> connection 0x145b70001080
x3004c0s31b0n0:10453:11519 [2] NCCL INFO transport/p2p.cc:430 Cuda Alloc Size 6291456 pointer 0x145b66c00000
x3004c0s31b0n0:10446:11515 [0] NCCL INFO transport/net_ib.cc:683 Ib Alloc Size 21688 pointer 0x14f80c06d000
x3004c0s31b0n0:10446:11515 [0] NCCL INFO transport/net_ib.cc:696 Ib Alloc Size 552 pointer 0x14f80c074000
x3004c0s31b0n0:10453:11321 [2] NCCL INFO Channel 01/0 : 18[85000] -> 17[46000] via P2P/IPC/read
x3004c0s31b0n0:10446:11515 [0] NCCL INFO transport/net_ib.cc:771 Ib Alloc Size 552 pointer 0x14f80c090000
x3004c0s31b0n0:10446:11515 [0] NCCL INFO transport/net.cc:698 Cuda Host Alloc Size 9641984 pointer 0x14f7fea00000
x3004c0s31b0n0:10453:11519 [2] NCCL INFO New proxy send connection 17 from local rank 2, transport 0
x3004c0s31b0n0:10446:11515 [0] NCCL INFO transport/net_ib.cc:683 Ib Alloc Size 21688 pointer 0x14f80c092000
x3004c0s31b0n0:10446:11515 [0] NCCL INFO transport/net_ib.cc:696 Ib Alloc Size 552 pointer 0x14f80c099000
x3004c0s31b0n0:10446:11515 [0] NCCL INFO transport/net_ib.cc:771 Ib Alloc Size 552 pointer 0x14f80c0b4000
x3004c0s31b0n0:10446:11515 [0] NCCL INFO transport/net.cc:698 Cuda Host Alloc Size 9641984 pointer 0x14f7ff400000
x3004c0s31b0n0:10453:11321 [2] NCCL INFO Connection to proxy localRank 2 -> connection 0x145b700010c0
x3004c0s31b0n0:10453:11519 [2] NCCL INFO transport/p2p.cc:430 Cuda Alloc Size 6291456 pointer 0x145b67200000
x3004c0s31b0n0:10453:11321 [2] NCCL INFO Channel 02/0 : 18[85000] -> 17[46000] via P2P/IPC/read
x3004c0s31b0n0:10453:11519 [2] NCCL INFO New proxy send connection 18 from local rank 2, transport 0
x3004c0s31b0n0:10453:11321 [2] NCCL INFO Connection to proxy localRank 2 -> connection 0x145b70001100
x3004c0s31b0n0:10449:11518 [1] NCCL INFO transport/net_ib.cc:683 Ib Alloc Size 21688 pointer 0x14ba300d2000
x3004c0s31b0n0:10449:11518 [1] NCCL INFO transport/net_ib.cc:696 Ib Alloc Size 552 pointer 0x14ba30019000
x3004c0s31b0n0:10446:11319 [0] NCCL INFO GPU Direct RDMA Disabled for GPU 7000 / HCA 1 (distance 7 > 4)
x3004c0s31b0n0:10446:11515 [0] NCCL INFO New proxy recv connection 16 from local rank 0, transport 2
x3004c0s31b0n0:10449:11518 [1] NCCL INFO transport/net_ib.cc:771 Ib Alloc Size 552 pointer 0x14ba300f2000
x3004c0s31b0n0:10449:11518 [1] NCCL INFO transport/net.cc:698 Cuda Host Alloc Size 9641984 pointer 0x14ba22000000
x3004c0s31b0n0:10446:11319 [0] NCCL INFO Connection to proxy localRank 0 -> connection 0x14f80c001080
x3004c0s31b0n0:10453:11519 [2] NCCL INFO transport/p2p.cc:430 Cuda Alloc Size 6291456 pointer 0x145b67800000
x3004c0s31b0n0:10449:11518 [1] NCCL INFO transport/net_ib.cc:683 Ib Alloc Size 21688 pointer 0x14ba300f4000
x3004c0s31b0n0:10449:11518 [1] NCCL INFO transport/net_ib.cc:696 Ib Alloc Size 552 pointer 0x14ba300fb000
x3004c0s31b0n0:10453:11321 [2] NCCL INFO Channel 03/0 : 18[85000] -> 17[46000] via P2P/IPC/read
x3004c0s31b0n0:10453:11519 [2] NCCL INFO New proxy send connection 19 from local rank 2, transport 0
x3004c0s31b0n0:10446:11319 [0] NCCL INFO Channel 00/0 : 0[7000] -> 16[7000] [receive] via NET/IB/1
x3004c0s31b0n0:10446:11319 [0] NCCL INFO GPU Direct RDMA Disabled for GPU 7000 / HCA 0 (distance 7 > 4)
x3004c0s31b0n0:10446:11515 [0] NCCL INFO New proxy recv connection 17 from local rank 0, transport 2
x3004c0s31b0n0:10449:11518 [1] NCCL INFO transport/net_ib.cc:771 Ib Alloc Size 552 pointer 0x14ba30116000
x3004c0s31b0n0:10449:11518 [1] NCCL INFO transport/net.cc:698 Cuda Host Alloc Size 9641984 pointer 0x14ba22a00000
x3004c0s31b0n0:10449:11322 [1] NCCL INFO GPU Direct RDMA Disabled for GPU 46000 / HCA 1 (distance 6 > 4)
x3004c0s31b0n0:10449:11518 [1] NCCL INFO New proxy send connection 18 from local rank 1, transport 2
x3004c0s31b0n0:10446:11319 [0] NCCL INFO Connection to proxy localRank 0 -> connection 0x14f80c0010c0
x3004c0s31b0n0:10453:11321 [2] NCCL INFO Connection to proxy localRank 2 -> connection 0x145b70001140
x3004c0s31b0n0:10453:11519 [2] NCCL INFO transport/p2p.cc:430 Cuda Alloc Size 6291456 pointer 0x145b64000000
x3004c0s31b0n0:10446:11319 [0] NCCL INFO Channel 01/0 : 0[7000] -> 16[7000] [receive] via NET/IB/0
x3004c0s31b0n0:10446:11319 [0] NCCL INFO GPU Direct RDMA Disabled for GPU 7000 / HCA 1 (distance 7 > 4)
x3004c0s31b0n0:10446:11515 [0] NCCL INFO New proxy send connection 18 from local rank 0, transport 2
x3004c0s31b0n0:10449:11322 [1] NCCL INFO Connection to proxy localRank 1 -> connection 0x14ba30001100
x3004c0s31b0n0:10449:11322 [1] NCCL INFO Channel 00/0 : 17[46000] -> 8[7000] [send] via NET/IB/1
x3004c0s31b0n0:10449:11322 [1] NCCL INFO GPU Direct RDMA Disabled for GPU 46000 / HCA 0 (distance 7 > 4)
x3004c0s31b0n0:10449:11518 [1] NCCL INFO New proxy send connection 19 from local rank 1, transport 2
x3004c0s31b0n0:10458:11320 [3] NCCL INFO Connected all trees by HAO
x3004c0s31b0n0:10458:11320 [3] NCCL INFO threadThresholds 8/8/64 | 160/8/64 | 512 | 512
x3004c0s31b0n0:10458:11320 [3] NCCL INFO 4 coll channels, 4 p2p channels, 2 p2p channels per peer
x3004c0s31b0n0:10458:11520 [3] NCCL INFO New proxy send connection 12 from local rank 3, transport 2
x3004c0s31b0n0:10449:11322 [1] NCCL INFO Connection to proxy localRank 1 -> connection 0x14ba30001140
x3004c0s31b0n0:10449:11322 [1] NCCL INFO Channel 01/0 : 17[46000] -> 8[7000] [send] via NET/IB/0
x3004c0s31b0n0:10446:11319 [0] NCCL INFO Connection to proxy localRank 0 -> connection 0x14f80c001100
x3004c0s31b0n0:10446:11319 [0] NCCL INFO Channel 02/0 : 16[7000] -> 12[7000] [send] via NET/IB/1
x3004c0s31b0n0:10446:11319 [0] NCCL INFO GPU Direct RDMA Disabled for GPU 7000 / HCA 0 (distance 7 > 4)
x3004c0s31b0n0:10449:11518 [1] NCCL INFO transport/net_ib.cc:596 Ib Alloc Size 26560 pointer 0x14ba30122000
x3004c0s31b0n0:10446:11515 [0] NCCL INFO New proxy send connection 19 from local rank 0, transport 2
x3004c0s31b0n0:10458:11320 [3] NCCL INFO Connection to proxy localRank 3 -> connection 0x14d64c000f80
x3004c0s31b0n0:10458:11520 [3] NCCL INFO transport/net.cc:376 Cuda Alloc Size 8388608 pointer 0x14d638600000
x3004c0s31b0n0:10449:11518 [1] NCCL INFO NET/IB: Dev 1 Port 1 qpn 21548 mtu 5 GID 0 (80FE/DB0100FEFF000000)
x3004c0s31b0n0:10449:11518 [1] NCCL INFO transport/net_ib.cc:653 Ib Alloc Size 552 pointer 0x14ba30139000
x3004c0s31b0n0:10449:11518 [1] NCCL INFO transport/net.cc:571 Cuda Host Alloc Size 9641984 pointer 0x14ba23400000
x3004c0s31b0n0:10446:11319 [0] NCCL INFO Connection to proxy localRank 0 -> connection 0x14f80c001140
x3004c0s31b0n0:10446:11319 [0] NCCL INFO Channel 03/0 : 16[7000] -> 12[7000] [send] via NET/IB/0
x3004c0s31b0n0:10449:11518 [1] NCCL INFO transport/net_ib.cc:596 Ib Alloc Size 26560 pointer 0x14ba3013b000
x3004c0s31b0n0:10449:11518 [1] NCCL INFO NET/IB: Dev 0 Port 1 qpn 23898 mtu 5 GID 0 (80FE/9E0100FEFF000000)
x3004c0s31b0n0:10449:11518 [1] NCCL INFO transport/net_ib.cc:653 Ib Alloc Size 552 pointer 0x14ba30152000
x3004c0s31b0n0:10449:11518 [1] NCCL INFO transport/net.cc:571 Cuda Host Alloc Size 9641984 pointer 0x14ba20000000
x3004c0s31b0n0:10449:11518 [1] NCCL INFO New proxy recv connection 20 from local rank 1, transport 0
x3004c0s31b0n0:10449:11322 [1] NCCL INFO Connection to proxy localRank 1 -> connection 0x14ba30001180
x3004c0s31b0n0:10449:11518 [1] NCCL INFO transport/p2p.cc:449 Cuda Alloc Size 6291456 pointer 0x14ba20a00000
x3004c0s31b0n0:10449:11518 [1] NCCL INFO New proxy recv connection 21 from local rank 1, transport 0
x3004c0s31b0n0:10449:11322 [1] NCCL INFO Connection to proxy localRank 1 -> connection 0x14ba300011c0
x3004c0s31b0n0:10449:11518 [1] NCCL INFO transport/p2p.cc:449 Cuda Alloc Size 6291456 pointer 0x14ba21000000
x3004c0s31b0n0:10449:11518 [1] NCCL INFO New proxy recv connection 22 from local rank 1, transport 0
x3004c0s31b0n0:10449:11322 [1] NCCL INFO Connection to proxy localRank 1 -> connection 0x14ba30001200
x3004c0s31b0n0:10449:11518 [1] NCCL INFO transport/p2p.cc:449 Cuda Alloc Size 6291456 pointer 0x14ba21600000
x3004c0s31b0n0:10449:11518 [1] NCCL INFO New proxy recv connection 23 from local rank 1, transport 0
x3004c0s31b0n0:10449:11322 [1] NCCL INFO Connection to proxy localRank 1 -> connection 0x14ba30001240
x3004c0s31b0n0:10449:11518 [1] NCCL INFO transport/p2p.cc:449 Cuda Alloc Size 6291456 pointer 0x14ba1e000000
x3004c0s31b0n0:10449:11322 [1] NCCL INFO Connected all trees by HAO
x3004c0s31b0n0:10449:11322 [1] NCCL INFO threadThresholds 8/8/64 | 160/8/64 | 512 | 512
x3004c0s31b0n0:10449:11322 [1] NCCL INFO 4 coll channels, 4 p2p channels, 2 p2p channels per peer
x3004c0s31b0n0:10449:11518 [1] NCCL INFO New proxy send connection 24 from local rank 1, transport 2
x3004c0s31b0n0:10453:11321 [2] NCCL INFO Connected all trees by HAO
x3004c0s31b0n0:10453:11321 [2] NCCL INFO threadThresholds 8/8/64 | 160/8/64 | 512 | 512
x3004c0s31b0n0:10453:11321 [2] NCCL INFO 4 coll channels, 4 p2p channels, 2 p2p channels per peer
x3004c0s31b0n0:10453:11519 [2] NCCL INFO Allocated 4194656 bytes of shared memory in /dev/shm/nccl-FgBXNC

x3004c0s31b0n0:10453:11519 [2] NCCL INFO New proxy send connection 20 from local rank 2, transport 2
x3004c0s31b0n0:10449:11322 [1] NCCL INFO Connection to proxy localRank 1 -> connection 0x14ba30001280
x3004c0s31b0n0:10449:11518 [1] NCCL INFO transport/net.cc:376 Cuda Alloc Size 8388608 pointer 0x14ba1c000000
x3004c0s31b0n0:10453:11321 [2] NCCL INFO Connection to proxy localRank 2 -> connection 0x145b70001180
x3004c0s31b0n0:10453:11519 [2] NCCL INFO transport/net.cc:376 Cuda Alloc Size 8388608 pointer 0x145b63800000
x3004c0s31b0n0:10446:11515 [0] NCCL INFO transport/net_ib.cc:596 Ib Alloc Size 26560 pointer 0x14f80c0c8000
x3004c0s31b0n0:10446:11515 [0] NCCL INFO NET/IB: Dev 1 Port 1 qpn 21549 mtu 5 GID 0 (80FE/DB0100FEFF000000)
x3004c0s31b0n0:10446:11515 [0] NCCL INFO transport/net_ib.cc:653 Ib Alloc Size 552 pointer 0x14f80c0df000
x3004c0s31b0n0:10446:11515 [0] NCCL INFO transport/net.cc:571 Cuda Host Alloc Size 9641984 pointer 0x14f7fc000000
x3004c0s31b0n0:10446:11515 [0] NCCL INFO transport/net_ib.cc:596 Ib Alloc Size 26560 pointer 0x14f80c0e1000
x3004c0s31b0n0:10446:11515 [0] NCCL INFO NET/IB: Dev 0 Port 1 qpn 23899 mtu 5 GID 0 (80FE/9E0100FEFF000000)
x3004c0s31b0n0:10446:11515 [0] NCCL INFO transport/net_ib.cc:653 Ib Alloc Size 552 pointer 0x14f80c0f8000
x3004c0s31b0n0:10446:11515 [0] NCCL INFO transport/net.cc:571 Cuda Host Alloc Size 9641984 pointer 0x14f7fca00000
x3004c0s31b0n0:10446:11515 [0] NCCL INFO transport/net_ib.cc:683 Ib Alloc Size 21688 pointer 0x14f80c0fa000
x3004c0s31b0n0:10446:11515 [0] NCCL INFO transport/net_ib.cc:696 Ib Alloc Size 552 pointer 0x14f80c101000
x3004c0s31b0n0:10446:11515 [0] NCCL INFO transport/net_ib.cc:771 Ib Alloc Size 552 pointer 0x14f80c11d000
x3004c0s31b0n0:10446:11515 [0] NCCL INFO transport/net.cc:698 Cuda Host Alloc Size 9641984 pointer 0x14f7fd400000
x3004c0s31b0n0:10446:11515 [0] NCCL INFO transport/net_ib.cc:683 Ib Alloc Size 21688 pointer 0x14f80c11f000
x3004c0s31b0n0:10446:11515 [0] NCCL INFO transport/net_ib.cc:696 Ib Alloc Size 552 pointer 0x14f80c126000
x3004c0s31b0n0:10446:11515 [0] NCCL INFO transport/net_ib.cc:771 Ib Alloc Size 552 pointer 0x14f80c141000
x3004c0s31b0n0:10446:11515 [0] NCCL INFO transport/net.cc:698 Cuda Host Alloc Size 9641984 pointer 0x14f7fa000000
x3004c0s31b0n0:10446:11319 [0] NCCL INFO Connected all trees by HAO
x3004c0s31b0n0:10446:11319 [0] NCCL INFO threadThresholds 8/8/64 | 160/8/64 | 512 | 512
x3004c0s31b0n0:10446:11319 [0] NCCL INFO 4 coll channels, 4 p2p channels, 2 p2p channels per peer
x3004c0s31b0n0:10446:11515 [0] NCCL INFO New proxy send connection 20 from local rank 0, transport 2
x3004c0s31b0n0:10446:11319 [0] NCCL INFO Connection to proxy localRank 0 -> connection 0x14f80c001180
x3004c0s31b0n0:10446:11319 [0] NCCL INFO init.cc:367 Cuda Alloc Size 5168 pointer 0x14f81b808800
x3004c0s31b0n0:10453:11321 [2] NCCL INFO init.cc:367 Cuda Alloc Size 5168 pointer 0x145b7f808800
x3004c0s31b0n0:10449:11322 [1] NCCL INFO init.cc:367 Cuda Alloc Size 5168 pointer 0x14ba3f808800
x3004c0s31b0n0:10458:11320 [3] NCCL INFO init.cc:367 Cuda Alloc Size 5168 pointer 0x14d651808800
x3004c0s31b0n0:10458:11320 [3] NCCL INFO init.cc:392 Cuda Host Alloc Size 33554432 pointer 0x14d636000000
x3004c0s31b0n0:10458:11320 [3] NCCL INFO init.cc:398 Cuda Host Alloc Size 128 pointer 0x14d650e00200
x3004c0s31b0n0:10458:11320 [3] NCCL INFO comm 0x56352aea2ad0 rank 19 nranks 20 cudaDev 3 busId c7000 - Init COMPLETE
x3004c0s31b0n0:10458:10458 [3] NCCL INFO AllReduce: opCount 0 sendbuff 0x14d693600200 recvbuff 0x14d693600200 count 1 datatype 1 op 0 root 0 comm 0x56352aea2ad0 [nranks=20] stream 0x5635481fc220
x3004c0s31b0n0:10458:10458 [3] NCCL INFO misc/utils.cc:235 memory stack hunk malloc(65536)
[LYD INFO in ncclLaunchKernel (enqueue.cc)] NCHANNELS is: 4x3004c0s31b0n0:10453:11321 [2] NCCL INFO init.cc:392 Cuda Host Alloc Size 33554432 pointer 0x145b5a000000
x3004c0s31b0n0:10453:11321 [2] NCCL INFO init.cc:398 Cuda Host Alloc Size 128 pointer 0x145b7ee00200
x3004c0s31b0n0:10453:11321 [2] NCCL INFO comm 0x55a648540b00 rank 18 nranks 20 cudaDev 2 busId 85000 - Init COMPLETE
x3004c0s31b0n0:10446:11319 [0] NCCL INFO init.cc:392 Cuda Host Alloc Size 33554432 pointer 0x14f7f8000000
x3004c0s31b0n0:10446:11319 [0] NCCL INFO init.cc:398 Cuda Host Alloc Size 128 pointer 0x14f81ae00200
x3004c0s31b0n0:10446:11319 [0] NCCL INFO comm 0x559d3c20fbe0 rank 16 nranks 20 cudaDev 0 busId 7000 - Init COMPLETE
x3004c0s31b0n0:10446:11515 [0] NCCL INFO transport/net.cc:376 Cuda Alloc Size 8388608 pointer 0x14f7faa00000
x3004c0s31b0n0:10449:11322 [1] NCCL INFO init.cc:392 Cuda Host Alloc Size 33554432 pointer 0x14ba1a000000
x3004c0s31b0n0:10449:11322 [1] NCCL INFO init.cc:398 Cuda Host Alloc Size 128 pointer 0x14ba3ee00200
x3004c0s31b0n0:10449:11322 [1] NCCL INFO comm 0x55f7874b6290 rank 17 nranks 20 cudaDev 1 busId 46000 - Init COMPLETE
x3004c0s31b0n0:10446:10446 [0] NCCL INFO AllReduce: opCount 0 sendbuff 0x14f85b600200 recvbuff 0x14f85b600200 count 1 datatype 1 op 0 root 0 comm 0x559d3c20fbe0 [nranks=20] stream 0x559d55148180
x3004c0s31b0n0:10446:10446 [0] NCCL INFO misc/utils.cc:235 memory stack hunk malloc(65536)
[LYD INFO in ncclLaunchKernel (enqueue.cc)] NCHANNELS is: 4x3004c0s31b0n0:10449:10449 [1] NCCL INFO AllReduce: opCount 0 sendbuff 0x14ba7f600200 recvbuff 0x14ba7f600200 count 1 datatype 1 op 0 root 0 comm 0x55f7874b6290 [nranks=20] stream 0x55f7a4107ed0
x3004c0s31b0n0:10449:10449 [1] NCCL INFO misc/utils.cc:235 memory stack hunk malloc(65536)
[LYD INFO in ncclLaunchKernel (enqueue.cc)] NCHANNELS is: 4x3004c0s31b0n0:10453:10453 [2] NCCL INFO AllReduce: opCount 0 sendbuff 0x145bbf600200 recvbuff 0x145bbf600200 count 1 datatype 1 op 0 root 0 comm 0x55a648540b00 [nranks=20] stream 0x55a6618b5020
x3004c0s31b0n0:10453:10453 [2] NCCL INFO misc/utils.cc:235 memory stack hunk malloc(65536)
[LYD INFO in ncclLaunchKernel (enqueue.cc)] NCHANNELS is: 4
[LYD INFO in NCCL_KERN_NAME (common.h)] 16 AllReduce TREE LL Sum uint8_t Elapsed time: 130591 us

[LYD INFO in NCCL_KERN_NAME (common.h)] 19 AllReduce TREE LL Sum uint8_t Elapsed time: 137952 us

[LYD INFO in NCCL_KERN_NAME (common.h)] 17 AllReduce TREE LL Sum uint8_t Elapsed time: 108575 us

[LYD INFO in NCCL_KERN_NAME (common.h)] 18 AllReduce TREE LL Sum uint8_t Elapsed time: 53645 us
x3004c0s31b0n0:10453:10453 [2] NCCL INFO AllReduce: opCount 1 sendbuff 0x145bbf600000 recvbuff 0x145bbf600000 count 1 datatype 1 op 0 root 0 comm 0x55a648540b00 [nranks=20] stream 0x55a6618b5020
[LYD INFO in ncclLaunchKernel (enqueue.cc)] NCHANNELS is: 4x3004c0s31b0n0:10458:10458 [3] NCCL INFO AllReduce: opCount 1 sendbuff 0x14d693600000 recvbuff 0x14d693600000 count 1 datatype 1 op 0 root 0 comm 0x56352aea2ad0 [nranks=20] stream 0x5635481fc220
[LYD INFO in ncclLaunchKernel (enqueue.cc)] NCHANNELS is: 4x3004c0s31b0n0:10449:10449 [1] NCCL INFO AllReduce: opCount 1 sendbuff 0x14ba7f600000 recvbuff 0x14ba7f600000 count 1 datatype 1 op 0 root 0 comm 0x55f7874b6290 [nranks=20] stream 0x55f7a4107ed0
[LYD INFO in ncclLaunchKernel (enqueue.cc)] NCHANNELS is: 4x3004c0s31b0n0:10446:10446 [0] NCCL INFO AllReduce: opCount 1 sendbuff 0x14f85b600000 recvbuff 0x14f85b600000 count 1 datatype 1 op 0 root 0 comm 0x559d3c20fbe0 [nranks=20] stream 0x559d55148180
[LYD INFO in ncclLaunchKernel (enqueue.cc)] NCHANNELS is: 4
[LYD INFO in NCCL_KERN_NAME (common.h)] 19 AllReduce TREE LL Sum uint8_t Elapsed time: 9088774 us

[LYD INFO in NCCL_KERN_NAME (common.h)] 18 AllReduce TREE LL Sum uint8_t Elapsed time: 9758856 us

[LYD INFO in NCCL_KERN_NAME (common.h)] 17 AllReduce TREE LL Sum uint8_t Elapsed time: 6176839 us

[LYD INFO in NCCL_KERN_NAME (common.h)] 16 AllReduce TREE LL Sum uint8_t Elapsed time: 2447654 us
x3004c0s31b0n0:10453:10453 [2] NCCL INFO AllReduce: opCount 2 sendbuff 0x145bbf600000 recvbuff 0x145bbf600000 count 1 datatype 8 op 3 root 0 comm 0x55a648540b00 [nranks=20] stream 0x55a6618b5020
[LYD INFO in ncclLaunchKernel (enqueue.cc)] NCHANNELS is: 4x3004c0s31b0n0:10449:10449 [1] NCCL INFO AllReduce: opCount 2 sendbuff 0x14ba7f600000 recvbuff 0x14ba7f600000 count 1 datatype 8 op 3 root 0 comm 0x55f7874b6290 [nranks=20] stream 0x55f7a4107ed0
[LYD INFO in ncclLaunchKernel (enqueue.cc)] NCHANNELS is: 4x3004c0s31b0n0:10458:10458 [3] NCCL INFO AllReduce: opCount 2 sendbuff 0x14d693600000 recvbuff 0x14d693600000 count 1 datatype 8 op 3 root 0 comm 0x56352aea2ad0 [nranks=20] stream 0x5635481fc220
[LYD INFO in ncclLaunchKernel (enqueue.cc)] NCHANNELS is: 4x3004c0s31b0n0:10446:10446 [0] NCCL INFO AllReduce: opCount 2 sendbuff 0x14f85b600000 recvbuff 0x14f85b600000 count 1 datatype 8 op 3 root 0 comm 0x559d3c20fbe0 [nranks=20] stream 0x559d55148180
[LYD INFO in ncclLaunchKernel (enqueue.cc)] NCHANNELS is: 4
[LYD INFO in NCCL_FUNC_NAME (common.h)] 18 AllReduce TREE LL Min double Elapsed time: 40201 us

[LYD INFO in NCCL_FUNC_NAME (common.h)] 19 AllReduce TREE LL Min double Elapsed time: 4 us

[LYD INFO in NCCL_FUNC_NAME (common.h)] 17 AllReduce TREE LL Min double Elapsed time: 128682 us

[LYD INFO in NCCL_KERN_NAME (common.h)] 17 AllReduce TREE LL Sum double Elapsed time: 138334 us
x3004c0s31b0n0:10449:10449 [1] NCCL INFO AllReduce: opCount 3 sendbuff 0x14ba7f600200 recvbuff 0x14ba7f600200 count 1 datatype 1 op 0 root 0 comm 0x55f7874b6290 [nranks=20] stream 0x55f7a4107ed0
[LYD INFO in ncclLaunchKernel (enqueue.cc)] NCHANNELS is: 4
[LYD INFO in NCCL_FUNC_NAME (common.h)] 16 AllReduce TREE LL Min double Elapsed time: 76961 us

[LYD INFO in NCCL_KERN_NAME (common.h)] 16 AllReduce TREE LL Sum double Elapsed time: 86514 us
x3004c0s31b0n0:10446:10446 [0] NCCL INFO AllReduce: opCount 3 sendbuff 0x14f85b600200 recvbuff 0x14f85b600200 count 1 datatype 1 op 0 root 0 comm 0x559d3c20fbe0 [nranks=20] stream 0x559d55148180
[LYD INFO in ncclLaunchKernel (enqueue.cc)] NCHANNELS is: 4
[LYD INFO in NCCL_KERN_NAME (common.h)] 19 AllReduce TREE LL Sum double Elapsed time: 92093 us
x3004c0s31b0n0:10458:10458 [3] NCCL INFO AllReduce: opCount 3 sendbuff 0x14d693600200 recvbuff 0x14d693600200 count 1 datatype 1 op 0 root 0 comm 0x56352aea2ad0 [nranks=20] stream 0x5635481fc220
[LYD INFO in ncclLaunchKernel (enqueue.cc)] NCHANNELS is: 4
[LYD INFO in NCCL_KERN_NAME (common.h)] 18 AllReduce TREE LL Sum double Elapsed time: 138403 us
x3004c0s31b0n0:10453:10453 [2] NCCL INFO AllReduce: opCount 3 sendbuff 0x145bbf600200 recvbuff 0x145bbf600200 count 1 datatype 1 op 0 root 0 comm 0x55a648540b00 [nranks=20] stream 0x55a6618b5020
[LYD INFO in ncclLaunchKernel (enqueue.cc)] NCHANNELS is: 4
[LYD INFO in NCCL_KERN_NAME (common.h)] 19 AllReduce TREE LL Sum uint8_t Elapsed time: 50410 us

[LYD INFO in NCCL_KERN_NAME (common.h)] 17 AllReduce TREE LL Sum uint8_t Elapsed time: 77075 us

[LYD INFO in NCCL_KERN_NAME (common.h)] 18 AllReduce TREE LL Sum uint8_t Elapsed time: 25121 us

[LYD INFO in NCCL_KERN_NAME (common.h)] 16 AllReduce TREE LL Sum uint8_t Elapsed time: 70357 us
 > number of parameters on (tensor, pipeline) model parallel rank (0, 17): 39354880
 > number of parameters on (tensor, pipeline) model parallel rank (0, 18): 39354880
 > number of parameters on (tensor, pipeline) model parallel rank (0, 16): 39354880
x3004c0s31b0n0:10449:10449 [1] NCCL INFO AllReduce: opCount 4 sendbuff 0x14ba7f600400 recvbuff 0x14ba7f600400 count 1 datatype 1 op 0 root 0 comm 0x55f7874b6290 [nranks=20] stream 0x55f7a4107ed0
[LYD INFO in ncclLaunchKernel (enqueue.cc)] NCHANNELS is: 4x3004c0s31b0n0:10453:10453 [2] NCCL INFO AllReduce: opCount 4 sendbuff 0x145bbf600400 recvbuff 0x145bbf600400 count 1 datatype 1 op 0 root 0 comm 0x55a648540b00 [nranks=20] stream 0x55a6618b5020
[LYD INFO in ncclLaunchKernel (enqueue.cc)] NCHANNELS is: 4x3004c0s31b0n0:10446:10446 [0] NCCL INFO AllReduce: opCount 4 sendbuff 0x14f85b600400 recvbuff 0x14f85b600400 count 1 datatype 1 op 0 root 0 comm 0x559d3c20fbe0 [nranks=20] stream 0x559d55148180
[LYD INFO in ncclLaunchKernel (enqueue.cc)] NCHANNELS is: 4x3004c0s31b0n0:10458:10458 [3] NCCL INFO init.cc:1147 Cuda Host Alloc Size 4 pointer 0x14d650e00400
x3004c0s31b0n0:10458:14263 [3] NCCL INFO Using network IB
x3004c0s31b0n0:10458:14263 [3] NCCL INFO NET/IB : GPU Direct RDMA Enabled for HCA 0 'mlx5_0'
x3004c0s31b0n0:10458:14263 [3] NCCL INFO NET/IB : GPU Direct RDMA Enabled for HCA 1 'mlx5_1'
x3004c0s31b0n0:10458:14263 [3] NCCL INFO GPU Direct RDMA Disabled for GPU c7000 / HCA 0 (distance 6 > 4)
x3004c0s31b0n0:10458:14263 [3] NCCL INFO GPU Direct RDMA Disabled for GPU c7000 / HCA 1 (distance 7 > 4)
x3004c0s31b0n0:10458:14263 [3] NCCL INFO GPU Direct RDMA Disabled for GPU c7000 / HCA 0 (distance 6 > 4)
x3004c0s31b0n0:10458:14263 [3] NCCL INFO GPU Direct RDMA Disabled for GPU c7000 / HCA 1 (distance 7 > 4)
x3004c0s31b0n0:10458:14263 [3] NCCL INFO === System : maxBw 12.0 totalBw 24.0 ===
x3004c0s31b0n0:10458:14263 [3] NCCL INFO CPU/0 (1/2/-1)
x3004c0s31b0n0:10458:14263 [3] NCCL INFO + SYS[5000.0] - CPU/2
x3004c0s31b0n0:10458:14263 [3] NCCL INFO + PCI[24.0] - PCI/C5000 (11f8406811f8beef)
x3004c0s31b0n0:10458:14263 [3] NCCL INFO               + PCI[24.0] - GPU/C7000 (1)
x3004c0s31b0n0:10458:14263 [3] NCCL INFO + PCI[12.0] - NIC/C8000
x3004c0s31b0n0:10458:14263 [3] NCCL INFO               + NET[12.5] - NET/0 (ec4b02ffffa4e988/1/12.500000)
x3004c0s31b0n0:10458:14263 [3] NCCL INFO CPU/2 (1/2/-1)
x3004c0s31b0n0:10458:14263 [3] NCCL INFO + SYS[5000.0] - CPU/0
x3004c0s31b0n0:10458:14263 [3] NCCL INFO + PCI[12.0] - NIC/43000
x3004c0s31b0n0:10458:14263 [3] NCCL INFO               + NET[12.5] - NET/1 (e87604ffffa4e988/1/12.500000)
x3004c0s31b0n0:10458:14263 [3] NCCL INFO ==========================================
x3004c0s31b0n0:10458:14263 [3] NCCL INFO GPU/C7000 :GPU/C7000 (0/5000.000000/LOC) CPU/0 (2/24.000000/PHB) CPU/2 (3/24.000000/SYS) NET/0 (4/12.000000/PHB) NET/1 (5/12.000000/SYS) 
x3004c0s31b0n0:10458:14263 [3] NCCL INFO NET/0 :GPU/C7000 (4/12.000000/PHB) CPU/0 (2/12.000000/PHB) CPU/2 (3/12.000000/SYS) NET/0 (0/5000.000000/LOC) NET/1 (5/12.000000/SYS) 
x3004c0s31b0n0:10458:14263 [3] NCCL INFO NET/1 :GPU/C7000 (5/12.000000/SYS) CPU/0 (3/12.000000/SYS) CPU/2 (2/12.000000/PHB) NET/0 (5/12.000000/SYS) NET/1 (0/5000.000000/LOC) 
x3004c0s31b0n0:10458:14263 [3] NCCL INFO Setting affinity for GPU 3 to 01
x3004c0s31b0n0:10458:14263 [3] NCCL INFO Pattern 4, crossNic 0, nChannels 1, bw 12.000000/12.000000, type LOC/PHB, sameChannels 1
x3004c0s31b0n0:10458:14263 [3] NCCL INFO  0 : NET/0 GPU/1 NET/0
x3004c0s31b0n0:10458:14263 [3] NCCL INFO Pattern 3, crossNic 0, nChannels 1, bw 24.000000/12.000000, type LOC/PHB, sameChannels 1
x3004c0s31b0n0:10458:14263 [3] NCCL INFO  0 : NET/0 GPU/1 NET/0
x3004c0s31b0n0:10458:14263 [3] NCCL INFO Pattern 3, crossNic 0, nChannels 0, bw 0.000000/0.000000, type LOC/PIX, sameChannels 1
x3004c0s31b0n0:10458:14263 [3] NCCL INFO Tree 0 : 0 -> 1 -> -1/-1/-1
x3004c0s31b0n0:10458:14263 [3] NCCL INFO Tree 1 : -1 -> 1 -> 0/-1/-1
x3004c0s31b0n0:10458:14263 [3] NCCL INFO Ring 00 : 0 -> 1 -> 0
x3004c0s31b0n0:10458:14263 [3] NCCL INFO Ring 01 : 0 -> 1 -> 0
x3004c0s31b0n0:10458:14263 [3] NCCL INFO Trees [0] -1/-1/-1->1->0 [1] 0/-1/-1->1->-1
x3004c0s31b0n0:10458:14263 [3] NCCL INFO misc/utils.cc:235 memory stack hunk malloc(65536)
x3004c0s31b0n0:10458:14263 [3] NCCL INFO channel.cc:23 Cuda Alloc Size 1152 pointer 0x14d651809e00
x3004c0s31b0n0:10458:14263 [3] NCCL INFO channel.cc:27 Cuda Alloc Size 8 pointer 0x14d65180a400
x3004c0s31b0n0:10458:14263 [3] NCCL INFO channel.cc:23 Cuda Alloc Size 1152 pointer 0x14d65180a600
x3004c0s31b0n0:10458:14263 [3] NCCL INFO channel.cc:27 Cuda Alloc Size 8 pointer 0x14d65180ac00
x3004c0s31b0n0:10458:14263 [3] NCCL INFO GPU Direct RDMA Disabled for GPU c7000 / HCA 0 (distance 6 > 4)
x3004c0s31b0n0:10458:14264 [3] NCCL INFO Mem Realloc old size 0, new size 8 pointer 0x14d60c000c60
x3004c0s31b0n0:10458:14264 [3] NCCL INFO Allocated 4194656 bytes of shared memory in /dev/shm/nccl-NDm8bX

x3004c0s31b0n0:10458:14264 [3] NCCL INFO New proxy recv connection 0 from local rank 0, transport 2
x3004c0s31b0n0:10458:14263 [3] NCCL INFO Connection to proxy localRank 0 -> connection 0x14d60c000c80
x3004c0s31b0n0:10458:14263 [3] NCCL INFO Channel 00/0 : 0[7000] -> 1[c7000] [receive] via NET/IB/0
x3004c0s31b0n0:10458:14263 [3] NCCL INFO GPU Direct RDMA Disabled for GPU c7000 / HCA 0 (distance 6 > 4)
x3004c0s31b0n0:10458:14264 [3] NCCL INFO New proxy recv connection 1 from local rank 0, transport 2
x3004c0s31b0n0:10458:14263 [3] NCCL INFO Connection to proxy localRank 0 -> connection 0x14d60c000cc0
x3004c0s31b0n0:10458:14263 [3] NCCL INFO Channel 01/0 : 0[7000] -> 1[c7000] [receive] via NET/IB/0
x3004c0s31b0n0:10458:14263 [3] NCCL INFO GPU Direct RDMA Disabled for GPU c7000 / HCA 0 (distance 6 > 4)
x3004c0s31b0n0:10458:14264 [3] NCCL INFO New proxy send connection 2 from local rank 0, transport 2
x3004c0s31b0n0:10458:14263 [3] NCCL INFO Connection to proxy localRank 0 -> connection 0x14d60c000d00
x3004c0s31b0n0:10458:14263 [3] NCCL INFO Channel 00/0 : 1[c7000] -> 0[7000] [send] via NET/IB/0
x3004c0s31b0n0:10458:14263 [3] NCCL INFO GPU Direct RDMA Disabled for GPU c7000 / HCA 0 (distance 6 > 4)
x3004c0s31b0n0:10458:14264 [3] NCCL INFO New proxy send connection 3 from local rank 0, transport 2
x3004c0s31b0n0:10458:14263 [3] NCCL INFO Connection to proxy localRank 0 -> connection 0x14d60c000d40
x3004c0s31b0n0:10458:14263 [3] NCCL INFO Channel 01/0 : 1[c7000] -> 0[7000] [send] via NET/IB/0
x3004c0s31b0n0:10458:14264 [3] NCCL INFO transport/net_ib.cc:596 Ib Alloc Size 26560 pointer 0x14d60c01d000
x3004c0s31b0n0:10458:14264 [3] NCCL INFO NET/IB: Dev 0 Port 1 qpn 23902 mtu 5 GID 0 (80FE/9E0100FEFF000000)
x3004c0s31b0n0:10458:14264 [3] NCCL INFO transport/net_ib.cc:653 Ib Alloc Size 552 pointer 0x14d60c035000
x3004c0s31b0n0:10458:14264 [3] NCCL INFO transport/net.cc:571 Cuda Host Alloc Size 9641984 pointer 0x14d639600000
x3004c0s31b0n0:10458:14264 [3] NCCL INFO transport/net_ib.cc:596 Ib Alloc Size 26560 pointer 0x14d60c037000
x3004c0s31b0n0:10458:14264 [3] NCCL INFO NET/IB: Dev 0 Port 1 qpn 23903 mtu 5 GID 0 (80FE/9E0100FEFF000000)
x3004c0s31b0n0:10458:14264 [3] NCCL INFO transport/net_ib.cc:653 Ib Alloc Size 552 pointer 0x14d60c04e000
x3004c0s31b0n0:10458:14264 [3] NCCL INFO transport/net.cc:571 Cuda Host Alloc Size 9641984 pointer 0x14d66dc00000
x3004c0s31b0n0:10458:14264 [3] NCCL INFO transport/net_ib.cc:683 Ib Alloc Size 21688 pointer 0x14d60c050000
x3004c0s31b0n0:10458:14264 [3] NCCL INFO transport/net_ib.cc:696 Ib Alloc Size 552 pointer 0x14d60c057000
x3004c0s31b0n0:10458:14264 [3] NCCL INFO transport/net_ib.cc:771 Ib Alloc Size 552 pointer 0x14d60c073000
x3004c0s31b0n0:10458:14264 [3] NCCL INFO transport/net.cc:698 Cuda Host Alloc Size 9641984 pointer 0x14d66e600000
x3004c0s31b0n0:10458:14264 [3] NCCL INFO transport/net_ib.cc:683 Ib Alloc Size 21688 pointer 0x14d60c075000
x3004c0s31b0n0:10458:14264 [3] NCCL INFO transport/net_ib.cc:696 Ib Alloc Size 552 pointer 0x14d60c07c000
x3004c0s31b0n0:10458:14264 [3] NCCL INFO transport/net_ib.cc:771 Ib Alloc Size 552 pointer 0x14d60c097000
x3004c0s31b0n0:10458:14264 [3] NCCL INFO transport/net.cc:698 Cuda Host Alloc Size 9641984 pointer 0x14d66f000000
x3004c0s31b0n0:10458:14263 [3] NCCL INFO Connected all rings
x3004c0s31b0n0:10458:14263 [3] NCCL INFO Connected all trees by HAO
x3004c0s31b0n0:10458:14263 [3] NCCL INFO threadThresholds 8/8/64 | 16/8/64 | 512 | 512
x3004c0s31b0n0:10458:14263 [3] NCCL INFO 2 coll channels, 2 p2p channels, 2 p2p channels per peer
x3004c0s31b0n0:10458:14264 [3] NCCL INFO New proxy send connection 4 from local rank 0, transport 2
x3004c0s31b0n0:10458:14263 [3] NCCL INFO Connection to proxy localRank 0 -> connection 0x14d60c000d80
x3004c0s31b0n0:10458:14263 [3] NCCL INFO init.cc:367 Cuda Alloc Size 5168 pointer 0x14d65180ae00
x3004c0s31b0n0:10458:14264 [3] NCCL INFO transport/net.cc:376 Cuda Alloc Size 4194304 pointer 0x14d671a00000
x3004c0s31b0n0:10458:14263 [3] NCCL INFO init.cc:392 Cuda Host Alloc Size 33554432 pointer 0x14d66fa00000
x3004c0s31b0n0:10458:14263 [3] NCCL INFO init.cc:398 Cuda Host Alloc Size 128 pointer 0x14d650e00600
x3004c0s31b0n0:10458:14263 [3] NCCL INFO comm 0x563549a6ec20 rank 1 nranks 2 cudaDev 3 busId c7000 - Init COMPLETE
x3004c0s31b0n0:10458:10458 [3] NCCL INFO AllReduce: opCount 0 sendbuff 0x14d666000000 recvbuff 0x14d666000000 count 64389120 datatype 6 op 0 root 0 comm 0x563549a6ec20 [nranks=2] stream 0x5635481fc360
x3004c0s31b0n0:10458:10458 [3] NCCL INFO misc/utils.cc:235 memory stack hunk malloc(65536)
[LYD INFO in ncclLaunchKernel (enqueue.cc)] NCHANNELS is: 2 > number of parameters on (tensor, pipeline) model parallel rank (0, 19): 103746560

[LYD INFO in NCCL_FUNC_NAME (common.h)] 1 AllReduce RING SIMPLE Sum half Elapsed time: 168154 us

[LYD INFO in NCCL_KERN_NAME (common.h)] 1 AllReduce RING LL Sum half Elapsed time: 168277 us
x3004c0s31b0n0:10458:10458 [3] NCCL INFO AllReduce: opCount 4 sendbuff 0x14d693600400 recvbuff 0x14d693600400 count 1 datatype 1 op 0 root 0 comm 0x56352aea2ad0 [nranks=20] stream 0x5635481fc220
[LYD INFO in ncclLaunchKernel (enqueue.cc)] NCHANNELS is: 4
[LYD INFO in NCCL_KERN_NAME (common.h)] 18 AllReduce TREE LL Sum uint8_t Elapsed time: 1515500 us
x3004c0s31b0n0:10453:10453 [2] NCCL INFO AllReduce: opCount 5 sendbuff 0x145bbf615200 recvbuff 0x145bbf615200 count 1 datatype 1 op 0 root 0 comm 0x55a648540b00 [nranks=20] stream 0x55a6618b5020
[LYD INFO in ncclLaunchKernel (enqueue.cc)] NCHANNELS is: 4
[LYD INFO in NCCL_KERN_NAME (common.h)] 17 AllReduce TREE LL Sum uint8_t Elapsed time: 1527349 us

[LYD INFO in NCCL_KERN_NAME (common.h)] 19 AllReduce TREE LL Sum uint8_t Elapsed time: 3557 us

[LYD INFO in NCCL_KERN_NAME (common.h)] 16 AllReduce TREE LL Sum uint8_t Elapsed time: 1500202 us
