x3006c0s37b0n0:55680:56891 [2] NCCL INFO transport/p2p.cc:449 Cuda Alloc Size 6291456 pointer 0x14b615800000
x3006c0s37b0n0:55681:56892 [3] NCCL INFO NET/IB: Dev 0 Port 1 qpn 3646 mtu 5 GID 0 (80FE/F80800FEFF000000)
x3006c0s37b0n0:55681:56892 [3] NCCL INFO transport/net_ib.cc:653 Ib Alloc Size 552 pointer 0x1491b8065000
x3006c0s37b0n0:55681:56892 [3] NCCL INFO transport/net.cc:571 Cuda Host Alloc Size 9641984 pointer 0x1491b1600000
x3006c0s37b0n0:55681:56892 [3] NCCL INFO Mem Realloc old size 0, new size 768 pointer 0x1491b80521f0
x3006c0s37b0n0:55679:56890 [1] NCCL INFO transport/net_ib.cc:771 Ib Alloc Size 552 pointer 0x1532c004b000
x3006c0s37b0n0:55679:56890 [1] NCCL INFO transport/net.cc:698 Cuda Host Alloc Size 9641984 pointer 0x1532be000000
x3006c0s37b0n0:55679:56890 [1] NCCL INFO Mem Realloc old size 0, new size 768 pointer 0x1532c00406b0
x3006c0s37b0n0:55681:56892 [3] NCCL INFO transport/net_ib.cc:596 Ib Alloc Size 26560 pointer 0x1491b8067000
x3006c0s37b0n0:55681:56892 [3] NCCL INFO NET/IB: Dev 1 Port 1 qpn 3373 mtu 5 GID 0 (80FE/C80800FEFF000000)
x3006c0s37b0n0:55681:56892 [3] NCCL INFO transport/net_ib.cc:653 Ib Alloc Size 552 pointer 0x1491b807e000
x3006c0s37b0n0:55681:56892 [3] NCCL INFO transport/net.cc:571 Cuda Host Alloc Size 9641984 pointer 0x1491ae000000
x3006c0s37b0n0:55680:56891 [2] NCCL INFO New proxy recv connection 7 from local rank 2, transport 0
x3006c0s37b0n0:55679:56890 [1] NCCL INFO transport/net_ib.cc:683 Ib Alloc Size 21688 pointer 0x1532c004d000
x3006c0s37b0n0:55679:56890 [1] NCCL INFO transport/net_ib.cc:696 Ib Alloc Size 552 pointer 0x1532c0054000
x3006c0s37b0n0:55681:56892 [3] NCCL INFO transport/net_ib.cc:596 Ib Alloc Size 26560 pointer 0x1491b8080000
x3006c0s37b0n0:55679:56890 [1] NCCL INFO transport/net_ib.cc:771 Ib Alloc Size 552 pointer 0x1532c0079000
x3006c0s37b0n0:55679:56890 [1] NCCL INFO transport/net.cc:698 Cuda Host Alloc Size 9641984 pointer 0x1532bea00000
x3006c0s37b0n0:55679:56890 [1] NCCL INFO Mem Realloc old size 0, new size 768 pointer 0x1532c006e880
x3006c0s37b0n0:55681:56892 [3] NCCL INFO NET/IB: Dev 0 Port 1 qpn 3649 mtu 5 GID 0 (80FE/F80800FEFF000000)
x3006c0s37b0n0:55681:56892 [3] NCCL INFO transport/net_ib.cc:653 Ib Alloc Size 552 pointer 0x1491b8097000
x3006c0s37b0n0:55681:56892 [3] NCCL INFO transport/net.cc:571 Cuda Host Alloc Size 9641984 pointer 0x1491aea00000
x3006c0s37b0n0:55680:56727 [2] NCCL INFO Connection to proxy localRank 2 -> connection 0x14b61c000e40
x3006c0s37b0n0:55680:56891 [2] NCCL INFO transport/p2p.cc:449 Cuda Alloc Size 6291456 pointer 0x14b612000000
x3006c0s37b0n0:55681:56731 [3] NCCL INFO Connected all rings
x3006c0s37b0n0:55681:56731 [3] NCCL INFO Channel 00/0 : 7[c7000] -> 6[85000] via P2P/IPC/read
x3006c0s37b0n0:55681:56892 [3] NCCL INFO New proxy send connection 8 from local rank 3, transport 0
x3006c0s37b0n0:55681:56731 [3] NCCL INFO Connection to proxy localRank 3 -> connection 0x1491b8000e80
x3006c0s37b0n0:55679:56890 [1] NCCL INFO transport/net_ib.cc:683 Ib Alloc Size 21688 pointer 0x1532c007b000
x3006c0s37b0n0:55679:56890 [1] NCCL INFO transport/net_ib.cc:696 Ib Alloc Size 552 pointer 0x1532c0082000
x3006c0s37b0n0:55680:56727 [2] NCCL INFO Connected all rings
x3006c0s37b0n0:55680:56891 [2] NCCL INFO New proxy recv connection 8 from local rank 2, transport 0
x3006c0s37b0n0:55678:56886 [0] NCCL INFO New proxy recv connection 4 from local rank 0, transport 0
x3006c0s37b0n0:55679:56890 [1] NCCL INFO transport/net_ib.cc:771 Ib Alloc Size 552 pointer 0x1532c009d000
x3006c0s37b0n0:55679:56890 [1] NCCL INFO transport/net.cc:698 Cuda Host Alloc Size 9641984 pointer 0x1532bf400000
x3006c0s37b0n0:55681:56892 [3] NCCL INFO transport/p2p.cc:430 Cuda Alloc Size 6291456 pointer 0x1491af400000
x3006c0s37b0n0:55678:56729 [0] NCCL INFO Connection to proxy localRank 0 -> connection 0x149a44000d80
x3006c0s37b0n0:55678:56886 [0] NCCL INFO transport/p2p.cc:449 Cuda Alloc Size 6291456 pointer 0x149a3cc00000
x3006c0s37b0n0:55681:56731 [3] NCCL INFO Channel 01/0 : 7[c7000] -> 6[85000] via P2P/IPC/read
x3006c0s37b0n0:55681:56892 [3] NCCL INFO New proxy send connection 9 from local rank 3, transport 0
x3006c0s37b0n0:55681:56731 [3] NCCL INFO Connection to proxy localRank 3 -> connection 0x1491b8000ec0
x3006c0s37b0n0:55680:56727 [2] NCCL INFO Connection to proxy localRank 2 -> connection 0x14b61c000e80
x3006c0s37b0n0:55680:56891 [2] NCCL INFO transport/p2p.cc:449 Cuda Alloc Size 6291456 pointer 0x14b610000000
x3006c0s37b0n0:55680:56891 [2] NCCL INFO New proxy recv connection 9 from local rank 2, transport 0
x3006c0s37b0n0:55679:56890 [1] NCCL INFO transport/net_ib.cc:683 Ib Alloc Size 21688 pointer 0x1532c009f000
x3006c0s37b0n0:55679:56890 [1] NCCL INFO transport/net_ib.cc:696 Ib Alloc Size 552 pointer 0x1532c00a6000
x3006c0s37b0n0:55679:56890 [1] NCCL INFO transport/net_ib.cc:771 Ib Alloc Size 552 pointer 0x1532c00c1000
x3006c0s37b0n0:55679:56890 [1] NCCL INFO transport/net.cc:698 Cuda Host Alloc Size 9641984 pointer 0x1532bc000000
x3006c0s37b0n0:55678:56886 [0] NCCL INFO New proxy recv connection 5 from local rank 0, transport 0
x3006c0s37b0n0:55681:56892 [3] NCCL INFO transport/p2p.cc:430 Cuda Alloc Size 6291456 pointer 0x1491afa00000
x3006c0s37b0n0:55679:56728 [1] NCCL INFO Channel 00/0 : 5[46000] -> 4[7000] via P2P/IPC/read
x3006c0s37b0n0:55679:56890 [1] NCCL INFO New proxy send connection 4 from local rank 1, transport 0
x3006c0s37b0n0:55680:56727 [2] NCCL INFO Connection to proxy localRank 2 -> connection 0x14b61c000ec0
x3006c0s37b0n0:55680:56891 [2] NCCL INFO transport/p2p.cc:449 Cuda Alloc Size 6291456 pointer 0x14b610600000
x3006c0s37b0n0:55678:56729 [0] NCCL INFO Connection to proxy localRank 0 -> connection 0x149a44000dc0
x3006c0s37b0n0:55678:56886 [0] NCCL INFO transport/p2p.cc:449 Cuda Alloc Size 6291456 pointer 0x149a3d200000
x3006c0s37b0n0:55681:56731 [3] NCCL INFO Channel 02/0 : 7[c7000] -> 6[85000] via P2P/IPC/read
x3006c0s37b0n0:55681:56892 [3] NCCL INFO New proxy send connection 10 from local rank 3, transport 0
x3006c0s37b0n0:55679:56728 [1] NCCL INFO Connection to proxy localRank 1 -> connection 0x1532c0000d80
x3006c0s37b0n0:55679:56890 [1] NCCL INFO transport/p2p.cc:430 Cuda Alloc Size 6291456 pointer 0x1532bca00000
x3006c0s37b0n0:55679:56728 [1] NCCL INFO Channel 01/0 : 5[46000] -> 4[7000] via P2P/IPC/read
x3006c0s37b0n0:55680:56891 [2] NCCL INFO New proxy recv connection 10 from local rank 2, transport 0
x3006c0s37b0n0:55679:56890 [1] NCCL INFO New proxy send connection 5 from local rank 1, transport 0
x3006c0s37b0n0:55678:56886 [0] NCCL INFO New proxy recv connection 6 from local rank 0, transport 0
x3006c0s37b0n0:55681:56731 [3] NCCL INFO Connection to proxy localRank 3 -> connection 0x1491b8000f00
x3006c0s37b0n0:55681:56892 [3] NCCL INFO transport/p2p.cc:430 Cuda Alloc Size 6291456 pointer 0x1491a6000000
x3006c0s37b0n0:55681:56731 [3] NCCL INFO Channel 03/0 : 7[c7000] -> 6[85000] via P2P/IPC/read
x3006c0s37b0n0:55681:56892 [3] NCCL INFO New proxy send connection 11 from local rank 3, transport 0
x3006c0s37b0n0:55680:56727 [2] NCCL INFO Connection to proxy localRank 2 -> connection 0x14b61c000f00
x3006c0s37b0n0:55680:56891 [2] NCCL INFO transport/p2p.cc:449 Cuda Alloc Size 6291456 pointer 0x14b610c00000
x3006c0s37b0n0:55678:56729 [0] NCCL INFO Connection to proxy localRank 0 -> connection 0x149a44000e00
x3006c0s37b0n0:55678:56886 [0] NCCL INFO transport/p2p.cc:449 Cuda Alloc Size 6291456 pointer 0x149a3d800000
x3006c0s37b0n0:55679:56728 [1] NCCL INFO Connection to proxy localRank 1 -> connection 0x1532c0000dc0
x3006c0s37b0n0:55679:56890 [1] NCCL INFO transport/p2p.cc:430 Cuda Alloc Size 6291456 pointer 0x1532bd000000
x3006c0s37b0n0:55678:56886 [0] NCCL INFO New proxy recv connection 7 from local rank 0, transport 0
x3006c0s37b0n0:55680:56891 [2] NCCL INFO New proxy recv connection 11 from local rank 2, transport 0
x3006c0s37b0n0:55681:56731 [3] NCCL INFO Connection to proxy localRank 3 -> connection 0x1491b8000f40
x3006c0s37b0n0:55681:56892 [3] NCCL INFO transport/p2p.cc:430 Cuda Alloc Size 6291456 pointer 0x1491a6600000
x3006c0s37b0n0:55680:56727 [2] NCCL INFO Connection to proxy localRank 2 -> connection 0x14b61c000f40
x3006c0s37b0n0:55680:56891 [2] NCCL INFO transport/p2p.cc:449 Cuda Alloc Size 6291456 pointer 0x14b611200000
x3006c0s37b0n0:55679:56728 [1] NCCL INFO Channel 02/0 : 5[46000] -> 4[7000] via P2P/IPC/read
x3006c0s37b0n0:55679:56890 [1] NCCL INFO New proxy send connection 6 from local rank 1, transport 0
x3006c0s37b0n0:55678:56729 [0] NCCL INFO Connection to proxy localRank 0 -> connection 0x149a44000e40
x3006c0s37b0n0:55678:56886 [0] NCCL INFO transport/p2p.cc:449 Cuda Alloc Size 6291456 pointer 0x149a3a000000
x3006c0s37b0n0:55679:56728 [1] NCCL INFO Connection to proxy localRank 1 -> connection 0x1532c0000e00
x3006c0s37b0n0:55679:56890 [1] NCCL INFO transport/p2p.cc:430 Cuda Alloc Size 6291456 pointer 0x1532bd600000
x3006c0s37b0n0:55679:56728 [1] NCCL INFO Channel 03/0 : 5[46000] -> 4[7000] via P2P/IPC/read
x3006c0s37b0n0:55679:56890 [1] NCCL INFO New proxy send connection 7 from local rank 1, transport 0
x3006c0s37b0n0:55679:56728 [1] NCCL INFO Connection to proxy localRank 1 -> connection 0x1532c0000e40
x3006c0s37b0n0:55679:56890 [1] NCCL INFO transport/p2p.cc:430 Cuda Alloc Size 6291456 pointer 0x1532cfa00000
x3006c0s37b0n0:55679:56728 [1] NCCL INFO Connected all rings
x3006c0s37b0n0:55679:56890 [1] NCCL INFO New proxy recv connection 8 from local rank 1, transport 0
x3006c0s37b0n0:55678:56729 [0] NCCL INFO Connected all rings
x3006c0s37b0n0:55678:56729 [0] NCCL INFO Channel 00/0 : 4[7000] -> 5[46000] via P2P/IPC/read
x3006c0s37b0n0:55678:56886 [0] NCCL INFO New proxy send connection 8 from local rank 0, transport 0
x3006c0s37b0n0:55679:56728 [1] NCCL INFO Connection to proxy localRank 1 -> connection 0x1532c0000e80
x3006c0s37b0n0:55679:56890 [1] NCCL INFO transport/p2p.cc:449 Cuda Alloc Size 6291456 pointer 0x1532bb800000
x3006c0s37b0n0:55679:56890 [1] NCCL INFO New proxy recv connection 9 from local rank 1, transport 0
x3006c0s37b0n0:55678:56729 [0] NCCL INFO Connection to proxy localRank 0 -> connection 0x149a44000e80
x3006c0s37b0n0:55678:56886 [0] NCCL INFO transport/p2p.cc:430 Cuda Alloc Size 6291456 pointer 0x149a38000000
x3006c0s37b0n0:55678:56729 [0] NCCL INFO Channel 01/0 : 4[7000] -> 5[46000] via P2P/IPC/read
x3006c0s37b0n0:55678:56886 [0] NCCL INFO New proxy send connection 9 from local rank 0, transport 0
x3006c0s37b0n0:55679:56728 [1] NCCL INFO Connection to proxy localRank 1 -> connection 0x1532c0000ec0
x3006c0s37b0n0:55679:56890 [1] NCCL INFO transport/p2p.cc:449 Cuda Alloc Size 6291456 pointer 0x1532b8000000
x3006c0s37b0n0:55678:56729 [0] NCCL INFO Connection to proxy localRank 0 -> connection 0x149a44000ec0
x3006c0s37b0n0:55678:56886 [0] NCCL INFO transport/p2p.cc:430 Cuda Alloc Size 6291456 pointer 0x149a38600000
x3006c0s37b0n0:55679:56890 [1] NCCL INFO New proxy recv connection 10 from local rank 1, transport 0
x3006c0s37b0n0:55678:56729 [0] NCCL INFO Channel 02/0 : 4[7000] -> 5[46000] via P2P/IPC/read
x3006c0s37b0n0:55678:56886 [0] NCCL INFO New proxy send connection 10 from local rank 0, transport 0
x3006c0s37b0n0:55679:56728 [1] NCCL INFO Connection to proxy localRank 1 -> connection 0x1532c0000f00
x3006c0s37b0n0:55679:56890 [1] NCCL INFO transport/p2p.cc:449 Cuda Alloc Size 6291456 pointer 0x1532b8600000
x3006c0s37b0n0:55678:56729 [0] NCCL INFO Connection to proxy localRank 0 -> connection 0x149a44000f00
x3006c0s37b0n0:55678:56886 [0] NCCL INFO transport/p2p.cc:430 Cuda Alloc Size 6291456 pointer 0x149a38c00000
x3006c0s37b0n0:55679:56890 [1] NCCL INFO New proxy recv connection 11 from local rank 1, transport 0
x3006c0s37b0n0:55678:56729 [0] NCCL INFO Channel 03/0 : 4[7000] -> 5[46000] via P2P/IPC/read
x3006c0s37b0n0:55678:56886 [0] NCCL INFO New proxy send connection 11 from local rank 0, transport 0
x3006c0s37b0n0:55679:56728 [1] NCCL INFO Connection to proxy localRank 1 -> connection 0x1532c0000f40
x3006c0s37b0n0:55679:56890 [1] NCCL INFO transport/p2p.cc:449 Cuda Alloc Size 6291456 pointer 0x1532b8c00000
x3006c0s37b0n0:55678:56729 [0] NCCL INFO Connection to proxy localRank 0 -> connection 0x149a44000f40
x3006c0s37b0n0:55678:56886 [0] NCCL INFO transport/p2p.cc:430 Cuda Alloc Size 6291456 pointer 0x149a39200000
x3006c0s37b0n0:55679:56728 [1] NCCL INFO Channel 00/0 : 5[46000] -> 6[85000] via P2P/IPC/read
x3006c0s37b0n0:55679:56890 [1] NCCL INFO New proxy send connection 12 from local rank 1, transport 0
x3006c0s37b0n0:55679:56728 [1] NCCL INFO Connection to proxy localRank 1 -> connection 0x1532c0000f80
x3006c0s37b0n0:55679:56890 [1] NCCL INFO transport/p2p.cc:430 Cuda Alloc Size 6291456 pointer 0x1532b9200000
x3006c0s37b0n0:55679:56728 [1] NCCL INFO Channel 01/0 : 5[46000] -> 6[85000] via P2P/IPC/read
x3006c0s37b0n0:55679:56890 [1] NCCL INFO New proxy send connection 13 from local rank 1, transport 0
x3006c0s37b0n0:55679:56728 [1] NCCL INFO Connection to proxy localRank 1 -> connection 0x1532c0000fc0
x3006c0s37b0n0:55679:56890 [1] NCCL INFO transport/p2p.cc:430 Cuda Alloc Size 6291456 pointer 0x1532b9800000
x3006c0s37b0n0:55679:56728 [1] NCCL INFO Channel 02/0 : 5[46000] -> 6[85000] via P2P/IPC/read
x3006c0s37b0n0:55679:56890 [1] NCCL INFO New proxy send connection 14 from local rank 1, transport 0
x3006c0s37b0n0:55679:56728 [1] NCCL INFO Connection to proxy localRank 1 -> connection 0x1532c0001000
x3006c0s37b0n0:55679:56890 [1] NCCL INFO transport/p2p.cc:430 Cuda Alloc Size 6291456 pointer 0x1532b6000000
x3006c0s37b0n0:55679:56728 [1] NCCL INFO Channel 03/0 : 5[46000] -> 6[85000] via P2P/IPC/read
x3006c0s37b0n0:55679:56890 [1] NCCL INFO New proxy send connection 15 from local rank 1, transport 0
x3006c0s37b0n0:55679:56728 [1] NCCL INFO Connection to proxy localRank 1 -> connection 0x1532c0001040
x3006c0s37b0n0:55679:56890 [1] NCCL INFO transport/p2p.cc:430 Cuda Alloc Size 6291456 pointer 0x1532b6600000
x3006c0s37b0n0:55680:56891 [2] NCCL INFO New proxy recv connection 12 from local rank 2, transport 0
x3006c0s37b0n0:55680:56727 [2] NCCL INFO Connection to proxy localRank 2 -> connection 0x14b61c000f80
x3006c0s37b0n0:55680:56891 [2] NCCL INFO transport/p2p.cc:449 Cuda Alloc Size 6291456 pointer 0x14b60f200000
x3006c0s37b0n0:55679:56890 [1] NCCL INFO New proxy recv connection 16 from local rank 1, transport 0
x3006c0s37b0n0:55678:56729 [0] NCCL INFO GPU Direct RDMA Disabled for GPU 7000 / HCA 1 (distance 7 > 4)
x3006c0s37b0n0:55678:56886 [0] NCCL INFO Allocated 4194656 bytes of shared memory in /dev/shm/nccl-XcBrXj

x3006c0s37b0n0:55678:56886 [0] NCCL INFO New proxy recv connection 12 from local rank 0, transport 2
x3006c0s37b0n0:55680:56891 [2] NCCL INFO New proxy recv connection 13 from local rank 2, transport 0
x3006c0s37b0n0:55678:56729 [0] NCCL INFO Connection to proxy localRank 0 -> connection 0x149a44000f80
x3006c0s37b0n0:55679:56728 [1] NCCL INFO Connection to proxy localRank 1 -> connection 0x1532c0001080
x3006c0s37b0n0:55679:56890 [1] NCCL INFO transport/p2p.cc:449 Cuda Alloc Size 6291456 pointer 0x1532b2000000
x3006c0s37b0n0:55680:56727 [2] NCCL INFO Connection to proxy localRank 2 -> connection 0x14b61c000fc0
x3006c0s37b0n0:55680:56891 [2] NCCL INFO transport/p2p.cc:449 Cuda Alloc Size 6291456 pointer 0x14b60f800000
x3006c0s37b0n0:55678:56729 [0] NCCL INFO Channel 02/0 : 0[7000] -> 4[7000] [receive] via NET/IB/1
x3006c0s37b0n0:55678:56729 [0] NCCL INFO GPU Direct RDMA Disabled for GPU 7000 / HCA 0 (distance 7 > 4)
x3006c0s37b0n0:55678:56886 [0] NCCL INFO New proxy recv connection 13 from local rank 0, transport 2
x3006c0s37b0n0:55678:56729 [0] NCCL INFO Connection to proxy localRank 0 -> connection 0x149a44000fc0
x3006c0s37b0n0:55679:56890 [1] NCCL INFO New proxy recv connection 17 from local rank 1, transport 0
x3006c0s37b0n0:55680:56891 [2] NCCL INFO New proxy recv connection 14 from local rank 2, transport 0
x3006c0s37b0n0:55678:56729 [0] NCCL INFO Channel 03/0 : 0[7000] -> 4[7000] [receive] via NET/IB/0
x3006c0s37b0n0:55679:56728 [1] NCCL INFO Connection to proxy localRank 1 -> connection 0x1532c00010c0
x3006c0s37b0n0:55679:56890 [1] NCCL INFO transport/p2p.cc:449 Cuda Alloc Size 6291456 pointer 0x1532b2600000
x3006c0s37b0n0:55680:56727 [2] NCCL INFO Connection to proxy localRank 2 -> connection 0x14b61c001000
x3006c0s37b0n0:55680:56891 [2] NCCL INFO transport/p2p.cc:449 Cuda Alloc Size 6291456 pointer 0x14b60c000000
x3006c0s37b0n0:55679:56890 [1] NCCL INFO New proxy recv connection 18 from local rank 1, transport 0
x3006c0s37b0n0:55679:56728 [1] NCCL INFO Connection to proxy localRank 1 -> connection 0x1532c0001100
x3006c0s37b0n0:55679:56890 [1] NCCL INFO transport/p2p.cc:449 Cuda Alloc Size 6291456 pointer 0x1532b2c00000
x3006c0s37b0n0:55680:56891 [2] NCCL INFO New proxy recv connection 15 from local rank 2, transport 0
x3006c0s37b0n0:55679:56890 [1] NCCL INFO New proxy recv connection 19 from local rank 1, transport 0
x3006c0s37b0n0:55680:56727 [2] NCCL INFO Connection to proxy localRank 2 -> connection 0x14b61c001040
x3006c0s37b0n0:55680:56891 [2] NCCL INFO transport/p2p.cc:449 Cuda Alloc Size 6291456 pointer 0x14b60c600000
x3006c0s37b0n0:55679:56728 [1] NCCL INFO Connection to proxy localRank 1 -> connection 0x1532c0001140
x3006c0s37b0n0:55679:56890 [1] NCCL INFO transport/p2p.cc:449 Cuda Alloc Size 6291456 pointer 0x1532b3200000
x3006c0s37b0n0:55680:56727 [2] NCCL INFO Channel 00/0 : 6[85000] -> 5[46000] via P2P/IPC/read
x3006c0s37b0n0:55680:56891 [2] NCCL INFO New proxy send connection 16 from local rank 2, transport 0
x3006c0s37b0n0:55680:56727 [2] NCCL INFO Connection to proxy localRank 2 -> connection 0x14b61c001080
x3006c0s37b0n0:55680:56891 [2] NCCL INFO transport/p2p.cc:430 Cuda Alloc Size 6291456 pointer 0x14b60cc00000
x3006c0s37b0n0:55678:56886 [0] NCCL INFO transport/net_ib.cc:683 Ib Alloc Size 21688 pointer 0x149a4401c000
x3006c0s37b0n0:55678:56886 [0] NCCL INFO transport/net_ib.cc:696 Ib Alloc Size 552 pointer 0x149a44023000
x3006c0s37b0n0:55680:56727 [2] NCCL INFO Channel 01/0 : 6[85000] -> 5[46000] via P2P/IPC/read
x3006c0s37b0n0:55680:56891 [2] NCCL INFO New proxy send connection 17 from local rank 2, transport 0
x3006c0s37b0n0:55678:56886 [0] NCCL INFO transport/net_ib.cc:771 Ib Alloc Size 552 pointer 0x149a4404a000
x3006c0s37b0n0:55678:56886 [0] NCCL INFO transport/net.cc:698 Cuda Host Alloc Size 9641984 pointer 0x149a37200000
x3006c0s37b0n0:55678:56886 [0] NCCL INFO Mem Realloc old size 0, new size 768 pointer 0x149a4401bbd0
x3006c0s37b0n0:55678:56886 [0] NCCL INFO transport/net_ib.cc:683 Ib Alloc Size 21688 pointer 0x149a4404c000
x3006c0s37b0n0:55680:56727 [2] NCCL INFO Connection to proxy localRank 2 -> connection 0x14b61c0010c0
x3006c0s37b0n0:55680:56891 [2] NCCL INFO transport/p2p.cc:430 Cuda Alloc Size 6291456 pointer 0x14b60d200000
x3006c0s37b0n0:55680:56727 [2] NCCL INFO Channel 02/0 : 6[85000] -> 5[46000] via P2P/IPC/read
x3006c0s37b0n0:55680:56891 [2] NCCL INFO New proxy send connection 18 from local rank 2, transport 0
x3006c0s37b0n0:55680:56727 [2] NCCL INFO Connection to proxy localRank 2 -> connection 0x14b61c001100
x3006c0s37b0n0:55680:56891 [2] NCCL INFO transport/p2p.cc:430 Cuda Alloc Size 6291456 pointer 0x14b60d800000
x3006c0s37b0n0:55678:56886 [0] NCCL INFO transport/net_ib.cc:696 Ib Alloc Size 552 pointer 0x149a44053000
x3006c0s37b0n0:55678:56886 [0] NCCL INFO transport/net_ib.cc:771 Ib Alloc Size 552 pointer 0x149a44078000
x3006c0s37b0n0:55678:56886 [0] NCCL INFO transport/net.cc:698 Cuda Host Alloc Size 9641984 pointer 0x149a2e000000
x3006c0s37b0n0:55678:56886 [0] NCCL INFO Mem Realloc old size 0, new size 768 pointer 0x149a4406d460
x3006c0s37b0n0:55678:56729 [0] NCCL INFO GPU Direct RDMA Disabled for GPU 7000 / HCA 1 (distance 7 > 4)
x3006c0s37b0n0:55678:56886 [0] NCCL INFO New proxy send connection 14 from local rank 0, transport 2
x3006c0s37b0n0:55680:56727 [2] NCCL INFO Channel 03/0 : 6[85000] -> 5[46000] via P2P/IPC/read
x3006c0s37b0n0:55680:56891 [2] NCCL INFO New proxy send connection 19 from local rank 2, transport 0
x3006c0s37b0n0:55678:56729 [0] NCCL INFO Connection to proxy localRank 0 -> connection 0x149a44001000
x3006c0s37b0n0:55678:56729 [0] NCCL INFO Channel 00/0 : 4[7000] -> 9[46000] [send] via NET/IB/1
x3006c0s37b0n0:55678:56729 [0] NCCL INFO GPU Direct RDMA Disabled for GPU 7000 / HCA 0 (distance 7 > 4)
x3006c0s37b0n0:55678:56886 [0] NCCL INFO New proxy send connection 15 from local rank 0, transport 2
x3006c0s37b0n0:55680:56727 [2] NCCL INFO Connection to proxy localRank 2 -> connection 0x14b61c001140
x3006c0s37b0n0:55680:56891 [2] NCCL INFO transport/p2p.cc:430 Cuda Alloc Size 6291456 pointer 0x14b60a000000
x3006c0s37b0n0:55680:56727 [2] NCCL INFO Connected all trees by HAO
x3006c0s37b0n0:55680:56727 [2] NCCL INFO threadThresholds 8/8/64 | 160/8/64 | 512 | 512
x3006c0s37b0n0:55680:56727 [2] NCCL INFO 4 coll channels, 4 p2p channels, 2 p2p channels per peer
x3006c0s37b0n0:55680:56891 [2] NCCL INFO Allocated 4194656 bytes of shared memory in /dev/shm/nccl-ol9vQq

x3006c0s37b0n0:55680:56891 [2] NCCL INFO New proxy send connection 20 from local rank 2, transport 2
x3006c0s37b0n0:55681:56731 [3] NCCL INFO Connected all trees by HAO
x3006c0s37b0n0:55681:56731 [3] NCCL INFO threadThresholds 8/8/64 | 160/8/64 | 512 | 512
x3006c0s37b0n0:55681:56731 [3] NCCL INFO 4 coll channels, 4 p2p channels, 2 p2p channels per peer
x3006c0s37b0n0:55681:56892 [3] NCCL INFO New proxy send connection 12 from local rank 3, transport 2
x3006c0s37b0n0:55679:56728 [1] NCCL INFO Connected all trees by HAO
x3006c0s37b0n0:55679:56728 [1] NCCL INFO threadThresholds 8/8/64 | 160/8/64 | 512 | 512
x3006c0s37b0n0:55679:56728 [1] NCCL INFO 4 coll channels, 4 p2p channels, 2 p2p channels per peer
x3006c0s37b0n0:55679:56890 [1] NCCL INFO New proxy send connection 20 from local rank 1, transport 2
x3006c0s37b0n0:55678:56729 [0] NCCL INFO Connection to proxy localRank 0 -> connection 0x149a44001040
x3006c0s37b0n0:55678:56729 [0] NCCL INFO Channel 01/0 : 4[7000] -> 9[46000] [send] via NET/IB/0
x3006c0s37b0n0:55678:56886 [0] NCCL INFO transport/net_ib.cc:596 Ib Alloc Size 26560 pointer 0x149a44082000
x3006c0s37b0n0:55678:56886 [0] NCCL INFO NET/IB: Dev 1 Port 1 qpn 3379 mtu 5 GID 0 (80FE/C80800FEFF000000)
x3006c0s37b0n0:55678:56886 [0] NCCL INFO transport/net_ib.cc:653 Ib Alloc Size 552 pointer 0x149a44099000
x3006c0s37b0n0:55678:56886 [0] NCCL INFO transport/net.cc:571 Cuda Host Alloc Size 9641984 pointer 0x149a2ea00000
x3006c0s37b0n0:55679:56728 [1] NCCL INFO Connection to proxy localRank 1 -> connection 0x1532c0001180
x3006c0s37b0n0:55679:56890 [1] NCCL INFO transport/net.cc:376 Cuda Alloc Size 8388608 pointer 0x1532b1200000
x3006c0s37b0n0:55678:56886 [0] NCCL INFO transport/net_ib.cc:596 Ib Alloc Size 26560 pointer 0x149a4409b000
x3006c0s37b0n0:55681:56731 [3] NCCL INFO Connection to proxy localRank 3 -> connection 0x1491b8000f80
x3006c0s37b0n0:55681:56892 [3] NCCL INFO transport/net.cc:376 Cuda Alloc Size 8388608 pointer 0x1491a4600000
x3006c0s37b0n0:55680:56727 [2] NCCL INFO Connection to proxy localRank 2 -> connection 0x14b61c001180
x3006c0s37b0n0:55680:56891 [2] NCCL INFO transport/net.cc:376 Cuda Alloc Size 8388608 pointer 0x14b609800000
x3006c0s37b0n0:55678:56886 [0] NCCL INFO NET/IB: Dev 0 Port 1 qpn 3654 mtu 5 GID 0 (80FE/F80800FEFF000000)
x3006c0s37b0n0:55678:56886 [0] NCCL INFO transport/net_ib.cc:653 Ib Alloc Size 552 pointer 0x149a440b2000
x3006c0s37b0n0:55678:56886 [0] NCCL INFO transport/net.cc:571 Cuda Host Alloc Size 9641984 pointer 0x149a2f400000
x3006c0s37b0n0:55678:56729 [0] NCCL INFO GPU Direct RDMA Disabled for GPU 7000 / HCA 1 (distance 7 > 4)
x3006c0s37b0n0:55678:56886 [0] NCCL INFO New proxy recv connection 16 from local rank 0, transport 2
x3006c0s37b0n0:55678:56729 [0] NCCL INFO Connection to proxy localRank 0 -> connection 0x149a44001080
x3006c0s37b0n0:55678:56729 [0] NCCL INFO Channel 00/0 : 9[46000] -> 4[7000] [receive] via NET/IB/1
x3006c0s37b0n0:55678:56729 [0] NCCL INFO GPU Direct RDMA Disabled for GPU 7000 / HCA 0 (distance 7 > 4)
x3006c0s37b0n0:55678:56886 [0] NCCL INFO New proxy recv connection 17 from local rank 0, transport 2
x3006c0s37b0n0:55678:56729 [0] NCCL INFO Connection to proxy localRank 0 -> connection 0x149a440010c0
x3006c0s37b0n0:55678:56729 [0] NCCL INFO Channel 01/0 : 9[46000] -> 4[7000] [receive] via NET/IB/0
x3006c0s37b0n0:55678:56886 [0] NCCL INFO transport/net_ib.cc:683 Ib Alloc Size 21688 pointer 0x149a440be000
x3006c0s37b0n0:55678:56886 [0] NCCL INFO transport/net_ib.cc:696 Ib Alloc Size 552 pointer 0x149a440c5000
x3006c0s37b0n0:55678:56886 [0] NCCL INFO transport/net_ib.cc:771 Ib Alloc Size 552 pointer 0x149a440e1000
x3006c0s37b0n0:55678:56886 [0] NCCL INFO transport/net.cc:698 Cuda Host Alloc Size 9641984 pointer 0x149a2c000000
x3006c0s37b0n0:55678:56886 [0] NCCL INFO transport/net_ib.cc:683 Ib Alloc Size 21688 pointer 0x149a440e3000
x3006c0s37b0n0:55678:56886 [0] NCCL INFO transport/net_ib.cc:696 Ib Alloc Size 552 pointer 0x149a440ea000
x3006c0s37b0n0:55678:56886 [0] NCCL INFO transport/net_ib.cc:771 Ib Alloc Size 552 pointer 0x149a44105000
x3006c0s37b0n0:55678:56886 [0] NCCL INFO transport/net.cc:698 Cuda Host Alloc Size 9641984 pointer 0x149a2ca00000
x3006c0s37b0n0:55678:56729 [0] NCCL INFO GPU Direct RDMA Disabled for GPU 7000 / HCA 1 (distance 7 > 4)
x3006c0s37b0n0:55678:56886 [0] NCCL INFO New proxy send connection 18 from local rank 0, transport 2
x3006c0s37b0n0:55678:56729 [0] NCCL INFO Connection to proxy localRank 0 -> connection 0x149a44001100
x3006c0s37b0n0:55678:56729 [0] NCCL INFO Channel 02/0 : 4[7000] -> 0[7000] [send] via NET/IB/1
x3006c0s37b0n0:55678:56729 [0] NCCL INFO GPU Direct RDMA Disabled for GPU 7000 / HCA 0 (distance 7 > 4)
x3006c0s37b0n0:55678:56886 [0] NCCL INFO New proxy send connection 19 from local rank 0, transport 2
x3006c0s37b0n0:55678:56729 [0] NCCL INFO Connection to proxy localRank 0 -> connection 0x149a44001140
x3006c0s37b0n0:55678:56729 [0] NCCL INFO Channel 03/0 : 4[7000] -> 0[7000] [send] via NET/IB/0
x3006c0s37b0n0:55678:56886 [0] NCCL INFO transport/net_ib.cc:596 Ib Alloc Size 26560 pointer 0x149a44111000
x3006c0s37b0n0:55678:56886 [0] NCCL INFO NET/IB: Dev 1 Port 1 qpn 3382 mtu 5 GID 0 (80FE/C80800FEFF000000)
x3006c0s37b0n0:55678:56886 [0] NCCL INFO transport/net_ib.cc:653 Ib Alloc Size 552 pointer 0x149a44128000
x3006c0s37b0n0:55678:56886 [0] NCCL INFO transport/net.cc:571 Cuda Host Alloc Size 9641984 pointer 0x149a2d400000
x3006c0s37b0n0:55678:56886 [0] NCCL INFO transport/net_ib.cc:596 Ib Alloc Size 26560 pointer 0x149a4412a000
x3006c0s37b0n0:55678:56886 [0] NCCL INFO NET/IB: Dev 0 Port 1 qpn 3657 mtu 5 GID 0 (80FE/F80800FEFF000000)
x3006c0s37b0n0:55678:56886 [0] NCCL INFO transport/net_ib.cc:653 Ib Alloc Size 552 pointer 0x149a44141000
x3006c0s37b0n0:55678:56886 [0] NCCL INFO transport/net.cc:571 Cuda Host Alloc Size 9641984 pointer 0x149a2a000000
x3006c0s37b0n0:55678:56729 [0] NCCL INFO Connected all trees by HAO
x3006c0s37b0n0:55678:56729 [0] NCCL INFO threadThresholds 8/8/64 | 160/8/64 | 512 | 512
x3006c0s37b0n0:55678:56729 [0] NCCL INFO 4 coll channels, 4 p2p channels, 2 p2p channels per peer
x3006c0s37b0n0:55678:56886 [0] NCCL INFO New proxy send connection 20 from local rank 0, transport 2
x3006c0s37b0n0:55678:56729 [0] NCCL INFO Connection to proxy localRank 0 -> connection 0x149a44001180
x3006c0s37b0n0:55678:56729 [0] NCCL INFO init.cc:367 Cuda Alloc Size 5168 pointer 0x149a49808800
x3006c0s37b0n0:55680:56727 [2] NCCL INFO init.cc:367 Cuda Alloc Size 5168 pointer 0x14b621808800
x3006c0s37b0n0:55679:56728 [1] NCCL INFO init.cc:367 Cuda Alloc Size 5168 pointer 0x1532cf808800
x3006c0s37b0n0:55681:56731 [3] NCCL INFO init.cc:367 Cuda Alloc Size 5168 pointer 0x1491bd808800
x3006c0s37b0n0:55681:56731 [3] NCCL INFO init.cc:392 Cuda Host Alloc Size 33554432 pointer 0x1491a2000000
x3006c0s37b0n0:55681:56731 [3] NCCL INFO init.cc:398 Cuda Host Alloc Size 128 pointer 0x1491bce00200
x3006c0s37b0n0:55681:56731 [3] NCCL INFO comm 0x555c8e80f130 rank 7 nranks 20 cudaDev 3 busId c7000 - Init COMPLETE
x3006c0s37b0n0:55680:56727 [2] NCCL INFO init.cc:392 Cuda Host Alloc Size 33554432 pointer 0x14b606000000
x3006c0s37b0n0:55680:56727 [2] NCCL INFO init.cc:398 Cuda Host Alloc Size 128 pointer 0x14b620e00200
x3006c0s37b0n0:55680:56727 [2] NCCL INFO comm 0x55a38b6d4830 rank 6 nranks 20 cudaDev 2 busId 85000 - Init COMPLETE
x3006c0s37b0n0:55679:56728 [1] NCCL INFO init.cc:392 Cuda Host Alloc Size 33554432 pointer 0x1532ae000000
x3006c0s37b0n0:55679:56728 [1] NCCL INFO init.cc:398 Cuda Host Alloc Size 128 pointer 0x1532cee00200
x3006c0s37b0n0:55679:56728 [1] NCCL INFO comm 0x55c9a0e22310 rank 5 nranks 20 cudaDev 1 busId 46000 - Init COMPLETE
x3006c0s37b0n0:55678:56729 [0] NCCL INFO init.cc:392 Cuda Host Alloc Size 33554432 pointer 0x149a28000000
x3006c0s37b0n0:55678:56729 [0] NCCL INFO init.cc:398 Cuda Host Alloc Size 128 pointer 0x149a48e00200
x3006c0s37b0n0:55678:56729 [0] NCCL INFO comm 0x55c8b33f45c0 rank 4 nranks 20 cudaDev 0 busId 7000 - Init COMPLETE
x3006c0s37b0n0:55678:56886 [0] NCCL INFO transport/net.cc:376 Cuda Alloc Size 8388608 pointer 0x149a2aa00000
x3006c0s37b0n0:55680:55680 [2] NCCL INFO AllReduce: opCount 0 sendbuff 0x14b65f600200 recvbuff 0x14b65f600200 count 1 datatype 1 op 0 root 0 comm 0x55a38b6d4830 [nranks=20] stream 0x55a3a7ae0200
x3006c0s37b0n0:55680:55680 [2] NCCL INFO misc/utils.cc:235 memory stack hunk malloc(65536)
[LYD INFO in ncclLaunchKernel (enqueue.cc)] NCHANNELS is: 4x3006c0s37b0n0:55678:55678 [0] NCCL INFO AllReduce: opCount 0 sendbuff 0x149a8b600200 recvbuff 0x149a8b600200 count 1 datatype 1 op 0 root 0 comm 0x55c8b33f45c0 [nranks=20] stream 0x55c8cba82c40
x3006c0s37b0n0:55678:55678 [0] NCCL INFO misc/utils.cc:235 memory stack hunk malloc(65536)
[LYD INFO in ncclLaunchKernel (enqueue.cc)] NCHANNELS is: 4x3006c0s37b0n0:55681:55681 [3] NCCL INFO AllReduce: opCount 0 sendbuff 0x1491ff600200 recvbuff 0x1491ff600200 count 1 datatype 1 op 0 root 0 comm 0x555c8e80f130 [nranks=20] stream 0x555ca5a00370
x3006c0s37b0n0:55681:55681 [3] NCCL INFO misc/utils.cc:235 memory stack hunk malloc(65536)
[LYD INFO in ncclLaunchKernel (enqueue.cc)] NCHANNELS is: 4x3006c0s37b0n0:55679:55679 [1] NCCL INFO AllReduce: opCount 0 sendbuff 0x15330f600200 recvbuff 0x15330f600200 count 1 datatype 1 op 0 root 0 comm 0x55c9a0e22310 [nranks=20] stream 0x55c9a8ce1910
x3006c0s37b0n0:55679:55679 [1] NCCL INFO misc/utils.cc:235 memory stack hunk malloc(65536)
[LYD INFO in ncclLaunchKernel (enqueue.cc)] NCHANNELS is: 4
[LYD INFO in NCCL_KERN_NAME (common.h)] 7 AllReduce TREE LL Sum uint8_t Elapsed time: 1283777 us

[LYD INFO in NCCL_KERN_NAME (common.h)] 4 AllReduce TREE LL Sum uint8_t Elapsed time: 1337669 us

[LYD INFO in NCCL_KERN_NAME (common.h)] 5 AllReduce TREE LL Sum uint8_t Elapsed time: 1289580 us

[LYD INFO in NCCL_KERN_NAME (common.h)] 6 AllReduce TREE LL Sum uint8_t Elapsed time: 1344030 us
x3006c0s37b0n0:55679:55679 [1] NCCL INFO AllReduce: opCount 1 sendbuff 0x15330f600000 recvbuff 0x15330f600000 count 1 datatype 1 op 0 root 0 comm 0x55c9a0e22310 [nranks=20] stream 0x55c9a8ce1910
[LYD INFO in ncclLaunchKernel (enqueue.cc)] NCHANNELS is: 4x3006c0s37b0n0:55680:55680 [2] NCCL INFO AllReduce: opCount 1 sendbuff 0x14b65f600000 recvbuff 0x14b65f600000 count 1 datatype 1 op 0 root 0 comm 0x55a38b6d4830 [nranks=20] stream 0x55a3a7ae0200
[LYD INFO in ncclLaunchKernel (enqueue.cc)] NCHANNELS is: 4x3006c0s37b0n0:55678:55678 [0] NCCL INFO AllReduce: opCount 1 sendbuff 0x149a8b600000 recvbuff 0x149a8b600000 count 1 datatype 1 op 0 root 0 comm 0x55c8b33f45c0 [nranks=20] stream 0x55c8cba82c40
[LYD INFO in ncclLaunchKernel (enqueue.cc)] NCHANNELS is: 4x3006c0s37b0n0:55681:55681 [3] NCCL INFO AllReduce: opCount 1 sendbuff 0x1491ff600000 recvbuff 0x1491ff600000 count 1 datatype 1 op 0 root 0 comm 0x555c8e80f130 [nranks=20] stream 0x555ca5a00370
[LYD INFO in ncclLaunchKernel (enqueue.cc)] NCHANNELS is: 4
[LYD INFO in NCCL_KERN_NAME (common.h)] 4 AllReduce TREE LL Sum uint8_t Elapsed time: 2950850 us

[LYD INFO in NCCL_KERN_NAME (common.h)] 6 AllReduce TREE LL Sum uint8_t Elapsed time: 4900361 us

[LYD INFO in NCCL_KERN_NAME (common.h)] 5 AllReduce TREE LL Sum uint8_t Elapsed time: 6182110 us

[LYD INFO in NCCL_KERN_NAME (common.h)] 7 AllReduce TREE LL Sum uint8_t Elapsed time: 1887581 us
x3006c0s37b0n0:55679:55679 [1] NCCL INFO AllReduce: opCount 2 sendbuff 0x15330f600000 recvbuff 0x15330f600000 count 1 datatype 8 op 3 root 0 comm 0x55c9a0e22310 [nranks=20] stream 0x55c9a8ce1910
[LYD INFO in ncclLaunchKernel (enqueue.cc)] NCHANNELS is: 4x3006c0s37b0n0:55681:55681 [3] NCCL INFO AllReduce: opCount 2 sendbuff 0x1491ff600000 recvbuff 0x1491ff600000 count 1 datatype 8 op 3 root 0 comm 0x555c8e80f130 [nranks=20] stream 0x555ca5a00370
[LYD INFO in ncclLaunchKernel (enqueue.cc)] NCHANNELS is: 4
[LYD INFO in NCCL_FUNC_NAME (common.h)] 7 AllReduce TREE LL Min double Elapsed time: 4 us
x3006c0s37b0n0:55680:55680 [2] NCCL INFO AllReduce: opCount 2 sendbuff 0x14b65f600000 recvbuff 0x14b65f600000 count 1 datatype 8 op 3 root 0 comm 0x55a38b6d4830 [nranks=20] stream 0x55a3a7ae0200
[LYD INFO in ncclLaunchKernel (enqueue.cc)] NCHANNELS is: 4x3006c0s37b0n0:55678:55678 [0] NCCL INFO AllReduce: opCount 2 sendbuff 0x149a8b600000 recvbuff 0x149a8b600000 count 1 datatype 8 op 3 root 0 comm 0x55c8b33f45c0 [nranks=20] stream 0x55c8cba82c40
[LYD INFO in ncclLaunchKernel (enqueue.cc)] NCHANNELS is: 4
[LYD INFO in NCCL_FUNC_NAME (common.h)] 6 AllReduce TREE LL Min double Elapsed time: 7 us

[LYD INFO in NCCL_FUNC_NAME (common.h)] 5 AllReduce TREE LL Min double Elapsed time: 23016 us

[LYD INFO in NCCL_FUNC_NAME (common.h)] 4 AllReduce TREE LL Min double Elapsed time: 8 us

[LYD INFO in NCCL_KERN_NAME (common.h)] 7 AllReduce TREE LL Sum double Elapsed time: 104739 us
x3006c0s37b0n0:55681:55681 [3] NCCL INFO AllReduce: opCount 3 sendbuff 0x1491ff600200 recvbuff 0x1491ff600200 count 1 datatype 1 op 0 root 0 comm 0x555c8e80f130 [nranks=20] stream 0x555ca5a00370
[LYD INFO in ncclLaunchKernel (enqueue.cc)] NCHANNELS is: 4
[LYD INFO in NCCL_KERN_NAME (common.h)] 6 AllReduce TREE LL Sum double Elapsed time: 88594 us
x3006c0s37b0n0:55680:55680 [2] NCCL INFO AllReduce: opCount 3 sendbuff 0x14b65f600200 recvbuff 0x14b65f600200 count 1 datatype 1 op 0 root 0 comm 0x55a38b6d4830 [nranks=20] stream 0x55a3a7ae0200
[LYD INFO in ncclLaunchKernel (enqueue.cc)] NCHANNELS is: 4
[LYD INFO in NCCL_KERN_NAME (common.h)] 5 AllReduce TREE LL Sum double Elapsed time: 111600 us
x3006c0s37b0n0:55679:55679 [1] NCCL INFO AllReduce: opCount 3 sendbuff 0x15330f600200 recvbuff 0x15330f600200 count 1 datatype 1 op 0 root 0 comm 0x55c9a0e22310 [nranks=20] stream 0x55c9a8ce1910
[LYD INFO in ncclLaunchKernel (enqueue.cc)] NCHANNELS is: 4
[LYD INFO in NCCL_KERN_NAME (common.h)] 4 AllReduce TREE LL Sum double Elapsed time: 72352 us
x3006c0s37b0n0:55678:55678 [0] NCCL INFO AllReduce: opCount 3 sendbuff 0x149a8b600200 recvbuff 0x149a8b600200 count 1 datatype 1 op 0 root 0 comm 0x55c8b33f45c0 [nranks=20] stream 0x55c8cba82c40
[LYD INFO in ncclLaunchKernel (enqueue.cc)] NCHANNELS is: 4
[LYD INFO in NCCL_KERN_NAME (common.h)] 6 AllReduce TREE LL Sum uint8_t Elapsed time: 46889 us

[LYD INFO in NCCL_KERN_NAME (common.h)] 4 AllReduce TREE LL Sum uint8_t Elapsed time: 34462 us

[LYD INFO in NCCL_KERN_NAME (common.h)] 5 AllReduce TREE LL Sum uint8_t Elapsed time: 47781 us

[LYD INFO in NCCL_KERN_NAME (common.h)] 7 AllReduce TREE LL Sum uint8_t Elapsed time: 51595 us
x3006c0s37b0n0:55681:56892 [3] NCCL INFO [Service thread] Connection closed by localRank 3
x3006c0s37b0n0:55680:56891 [2] NCCL INFO [Service thread] Connection closed by localRank 2
x3006c0s37b0n0:55681:55681 [3] NCCL INFO comm 0x555c8e80f130 rank 7 nranks 20 cudaDev 3 busId c7000 - Abort COMPLETE
x3006c0s37b0n0:55678:56886 [0] NCCL INFO [Service thread] Connection closed by localRank 0
x3006c0s37b0n0:55680:55680 [2] NCCL INFO comm 0x55a38b6d4830 rank 6 nranks 20 cudaDev 2 busId 85000 - Abort COMPLETE
x3006c0s37b0n0:55678:55678 [0] NCCL INFO comm 0x55c8b33f45c0 rank 4 nranks 20 cudaDev 0 busId 7000 - Abort COMPLETE
x3006c0s37b0n0:55679:56890 [1] NCCL INFO [Service thread] Connection closed by localRank 1
x3006c0s37b0n0:55679:55679 [1] NCCL INFO comm 0x55c9a0e22310 rank 5 nranks 20 cudaDev 1 busId 46000 - Abort COMPLETE
