x3002c0s37b0n0:3975:8120 [2] NCCL INFO                             + NVL[88.0] - GPU/C7000
x3002c0s37b0n0:3975:8120 [2] NCCL INFO                             + NVL[88.0] - GPU/7000
x3002c0s37b0n0:3975:8120 [2] NCCL INFO + PCI[12.0] - NIC/43000
x3002c0s37b0n0:3975:8120 [2] NCCL INFO               + NET[12.5] - NET/1 (20e604ffffa4e988/1/12.500000)
x3002c0s37b0n0:3975:8120 [2] NCCL INFO CPU/1 (1/2/-1)
x3002c0s37b0n0:3975:8120 [2] NCCL INFO + SYS[5000.0] - CPU/3
x3002c0s37b0n0:3975:8120 [2] NCCL INFO + SYS[5000.0] - CPU/2
x3002c0s37b0n0:3975:8120 [2] NCCL INFO + SYS[5000.0] - CPU/0
x3002c0s37b0n0:3975:8120 [2] NCCL INFO + PCI[24.0] - PCI/83000 (11f8406811f8beef)
x3002c0s37b0n0:3975:8120 [2] NCCL INFO               + PCI[24.0] - GPU/85000 (22)
x3002c0s37b0n0:3975:8120 [2] NCCL INFO                             + NVL[88.0] - GPU/C7000
x3002c0s37b0n0:3975:8120 [2] NCCL INFO                             + NVL[88.0] - GPU/46000
x3002c0s37b0n0:3975:8120 [2] NCCL INFO                             + NVL[88.0] - GPU/7000
x3002c0s37b0n0:3975:8120 [2] NCCL INFO CPU/0 (1/2/-1)
x3002c0s37b0n0:3975:8120 [2] NCCL INFO + SYS[5000.0] - CPU/3
x3002c0s37b0n0:3975:8120 [2] NCCL INFO + SYS[5000.0] - CPU/2
x3002c0s37b0n0:3975:8120 [2] NCCL INFO + SYS[5000.0] - CPU/1
x3002c0s37b0n0:3975:8120 [2] NCCL INFO + PCI[24.0] - PCI/C5000 (11f8406811f8beef)
x3002c0s37b0n0:3975:8120 [2] NCCL INFO               + PCI[24.0] - GPU/C7000 (23)
x3002c0s37b0n0:3975:8120 [2] NCCL INFO                             + NVL[88.0] - GPU/85000
x3002c0s37b0n0:3975:8120 [2] NCCL INFO                             + NVL[88.0] - GPU/46000
x3002c0s37b0n0:3975:8120 [2] NCCL INFO                             + NVL[88.0] - GPU/7000
x3002c0s37b0n0:3975:8120 [2] NCCL INFO + PCI[12.0] - NIC/C8000
x3002c0s37b0n0:3975:8120 [2] NCCL INFO               + NET[12.5] - NET/0 (58e604ffffa4e988/1/12.500000)
x3002c0s37b0n0:3975:8120 [2] NCCL INFO ==========================================
x3002c0s37b0n0:3975:8120 [2] NCCL INFO GPU/7000 :GPU/7000 (0/5000.000000/LOC) GPU/46000 (1/88.000000/NVL) GPU/85000 (1/88.000000/NVL) GPU/C7000 (1/88.000000/NVL) CPU/3 (2/24.000000/PHB) CPU/2 (3/24.000000/SYS) CPU/1 (3/24.000000/SYS) CPU/0 (3/24.000000/SYS) NET/1 (5/12.000000/SYS) NET/0 (5/12.000000/SYS) 
x3002c0s37b0n0:3975:8120 [2] NCCL INFO GPU/46000 :GPU/7000 (1/88.000000/NVL) GPU/46000 (0/5000.000000/LOC) GPU/85000 (1/88.000000/NVL) GPU/C7000 (1/88.000000/NVL) CPU/3 (3/24.000000/SYS) CPU/2 (2/24.000000/PHB) CPU/1 (3/24.000000/SYS) CPU/0 (3/24.000000/SYS) NET/1 (4/12.000000/PHB) NET/0 (5/12.000000/SYS) 
x3002c0s37b0n0:3975:8120 [2] NCCL INFO GPU/85000 :GPU/7000 (1/88.000000/NVL) GPU/46000 (1/88.000000/NVL) GPU/85000 (0/5000.000000/LOC) GPU/C7000 (1/88.000000/NVL) CPU/3 (3/24.000000/SYS) CPU/2 (3/24.000000/SYS) CPU/1 (2/24.000000/PHB) CPU/0 (3/24.000000/SYS) NET/1 (5/12.000000/SYS) NET/0 (5/12.000000/SYS) 
x3002c0s37b0n0:3975:8120 [2] NCCL INFO GPU/C7000 :GPU/7000 (1/88.000000/NVL) GPU/46000 (1/88.000000/NVL) GPU/85000 (1/88.000000/NVL) GPU/C7000 (0/5000.000000/LOC) CPU/3 (3/24.000000/SYS) CPU/2 (3/24.000000/SYS) CPU/1 (3/24.000000/SYS) CPU/0 (2/24.000000/PHB) NET/1 (5/12.000000/SYS) NET/0 (4/12.000000/PHB) 
x3002c0s37b0n0:3975:8120 [2] NCCL INFO NET/1 :GPU/7000 (5/12.000000/SYS) GPU/46000 (4/12.000000/PHB) GPU/85000 (5/12.000000/SYS) GPU/C7000 (5/12.000000/SYS) CPU/3 (3/12.000000/SYS) CPU/2 (2/12.000000/PHB) CPU/1 (3/12.000000/SYS) CPU/0 (3/12.000000/SYS) NET/1 (0/5000.000000/LOC) NET/0 (5/12.000000/SYS) 
x3002c0s37b0n0:3975:8120 [2] NCCL INFO NET/0 :GPU/7000 (5/12.000000/SYS) GPU/46000 (5/12.000000/SYS) GPU/85000 (5/12.000000/SYS) GPU/C7000 (4/12.000000/PHB) CPU/3 (3/12.000000/SYS) CPU/2 (3/12.000000/SYS) CPU/1 (3/12.000000/SYS) CPU/0 (2/12.000000/PHB) NET/1 (5/12.000000/SYS) NET/0 (0/5000.000000/LOC) 
x3002c0s37b0n0:3976:8119 [3] NCCL INFO NET/IB : GPU Direct RDMA Enabled for HCA 0 'mlx5_0'
x3002c0s37b0n0:3976:8119 [3] NCCL INFO NET/IB : GPU Direct RDMA Enabled for HCA 1 'mlx5_1'
x3002c0s37b0n0:3976:8119 [3] NCCL INFO GPU Direct RDMA Disabled for GPU 7000 / HCA 1 (distance 7 > 4)
x3002c0s37b0n0:3976:8119 [3] NCCL INFO GPU Direct RDMA Disabled for GPU 46000 / HCA 1 (distance 6 > 4)
x3002c0s37b0n0:3976:8119 [3] NCCL INFO GPU Direct RDMA Disabled for GPU 85000 / HCA 1 (distance 7 > 4)
x3002c0s37b0n0:3976:8119 [3] NCCL INFO GPU Direct RDMA Disabled for GPU c7000 / HCA 1 (distance 7 > 4)
x3002c0s37b0n0:3976:8119 [3] NCCL INFO GPU Direct RDMA Disabled for GPU 7000 / HCA 0 (distance 7 > 4)
x3002c0s37b0n0:3976:8119 [3] NCCL INFO GPU Direct RDMA Disabled for GPU 46000 / HCA 0 (distance 7 > 4)
x3002c0s37b0n0:3976:8119 [3] NCCL INFO GPU Direct RDMA Disabled for GPU 85000 / HCA 0 (distance 7 > 4)
x3002c0s37b0n0:3976:8119 [3] NCCL INFO GPU Direct RDMA Disabled for GPU c7000 / HCA 0 (distance 6 > 4)
x3002c0s37b0n0:3976:8119 [3] NCCL INFO GPU Direct RDMA Disabled for GPU 7000 / HCA 1 (distance 7 > 4)
x3002c0s37b0n0:3976:8119 [3] NCCL INFO GPU Direct RDMA Disabled for GPU 46000 / HCA 1 (distance 6 > 4)
x3002c0s37b0n0:3976:8119 [3] NCCL INFO GPU Direct RDMA Disabled for GPU 85000 / HCA 1 (distance 7 > 4)
x3002c0s37b0n0:3976:8119 [3] NCCL INFO GPU Direct RDMA Disabled for GPU c7000 / HCA 1 (distance 7 > 4)
x3002c0s37b0n0:3976:8119 [3] NCCL INFO GPU Direct RDMA Disabled for GPU 7000 / HCA 0 (distance 7 > 4)
x3002c0s37b0n0:3976:8119 [3] NCCL INFO GPU Direct RDMA Disabled for GPU 46000 / HCA 0 (distance 7 > 4)
x3002c0s37b0n0:3976:8119 [3] NCCL INFO GPU Direct RDMA Disabled for GPU 85000 / HCA 0 (distance 7 > 4)
x3002c0s37b0n0:3976:8119 [3] NCCL INFO GPU Direct RDMA Disabled for GPU c7000 / HCA 0 (distance 6 > 4)
x3002c0s37b0n0:3976:8119 [3] NCCL INFO === System : maxBw 12.0 totalBw 264.0 ===
x3002c0s37b0n0:3976:8119 [3] NCCL INFO CPU/3 (1/2/-1)
x3002c0s37b0n0:3976:8119 [3] NCCL INFO + SYS[5000.0] - CPU/2
x3002c0s37b0n0:3976:8119 [3] NCCL INFO + SYS[5000.0] - CPU/1
x3002c0s37b0n0:3976:8119 [3] NCCL INFO + SYS[5000.0] - CPU/0
x3002c0s37b0n0:3976:8119 [3] NCCL INFO + PCI[24.0] - PCI/5000 (11f8406811f8beef)
x3002c0s37b0n0:3976:8119 [3] NCCL INFO               + PCI[24.0] - GPU/7000 (20)
x3002c0s37b0n0:3976:8119 [3] NCCL INFO                             + NVL[88.0] - GPU/85000
x3002c0s37b0n0:3976:8119 [3] NCCL INFO                             + NVL[88.0] - GPU/C7000
x3002c0s37b0n0:3976:8119 [3] NCCL INFO                             + NVL[88.0] - GPU/46000
x3002c0s37b0n0:3976:8119 [3] NCCL INFO CPU/2 (1/2/-1)
x3002c0s37b0n0:3976:8119 [3] NCCL INFO + SYS[5000.0] - CPU/3
x3002c0s37b0n0:3976:8119 [3] NCCL INFO + SYS[5000.0] - CPU/1
x3002c0s37b0n0:3976:8119 [3] NCCL INFO + SYS[5000.0] - CPU/0
x3002c0s37b0n0:3976:8119 [3] NCCL INFO + PCI[24.0] - PCI/44000 (11f8406811f8beef)
x3002c0s37b0n0:3976:8119 [3] NCCL INFO               + PCI[24.0] - GPU/46000 (21)
x3002c0s37b0n0:3976:8119 [3] NCCL INFO                             + NVL[88.0] - GPU/85000
x3002c0s37b0n0:3976:8119 [3] NCCL INFO                             + NVL[88.0] - GPU/C7000
x3002c0s37b0n0:3976:8119 [3] NCCL INFO                             + NVL[88.0] - GPU/7000
x3002c0s37b0n0:3976:8119 [3] NCCL INFO + PCI[12.0] - NIC/43000
x3002c0s37b0n0:3976:8119 [3] NCCL INFO               + NET[12.5] - NET/1 (20e604ffffa4e988/1/12.500000)
x3002c0s37b0n0:3976:8119 [3] NCCL INFO CPU/1 (1/2/-1)
x3002c0s37b0n0:3976:8119 [3] NCCL INFO + SYS[5000.0] - CPU/3
x3002c0s37b0n0:3976:8119 [3] NCCL INFO + SYS[5000.0] - CPU/2
x3002c0s37b0n0:3976:8119 [3] NCCL INFO + SYS[5000.0] - CPU/0
x3002c0s37b0n0:3976:8119 [3] NCCL INFO + PCI[24.0] - PCI/83000 (11f8406811f8beef)
x3002c0s37b0n0:3976:8119 [3] NCCL INFO               + PCI[24.0] - GPU/85000 (22)
x3002c0s37b0n0:3976:8119 [3] NCCL INFO                             + NVL[88.0] - GPU/C7000
x3002c0s37b0n0:3976:8119 [3] NCCL INFO                             + NVL[88.0] - GPU/46000
x3002c0s37b0n0:3976:8119 [3] NCCL INFO                             + NVL[88.0] - GPU/7000
x3002c0s37b0n0:3976:8119 [3] NCCL INFO CPU/0 (1/2/-1)
x3002c0s37b0n0:3976:8119 [3] NCCL INFO + SYS[5000.0] - CPU/3
x3002c0s37b0n0:3976:8119 [3] NCCL INFO + SYS[5000.0] - CPU/2
x3002c0s37b0n0:3976:8119 [3] NCCL INFO + SYS[5000.0] - CPU/1
x3002c0s37b0n0:3976:8119 [3] NCCL INFO + PCI[24.0] - PCI/C5000 (11f8406811f8beef)
x3002c0s37b0n0:3976:8119 [3] NCCL INFO               + PCI[24.0] - GPU/C7000 (23)
x3002c0s37b0n0:3976:8119 [3] NCCL INFO                             + NVL[88.0] - GPU/85000
x3002c0s37b0n0:3976:8119 [3] NCCL INFO                             + NVL[88.0] - GPU/46000
x3002c0s37b0n0:3976:8119 [3] NCCL INFO                             + NVL[88.0] - GPU/7000
x3002c0s37b0n0:3976:8119 [3] NCCL INFO + PCI[12.0] - NIC/C8000
x3002c0s37b0n0:3976:8119 [3] NCCL INFO               + NET[12.5] - NET/0 (58e604ffffa4e988/1/12.500000)
x3002c0s37b0n0:3976:8119 [3] NCCL INFO ==========================================
x3002c0s37b0n0:3976:8119 [3] NCCL INFO GPU/7000 :GPU/7000 (0/5000.000000/LOC) GPU/46000 (1/88.000000/NVL) GPU/85000 (1/88.000000/NVL) GPU/C7000 (1/88.000000/NVL) CPU/3 (2/24.000000/PHB) CPU/2 (3/24.000000/SYS) CPU/1 (3/24.000000/SYS) CPU/0 (3/24.000000/SYS) NET/1 (5/12.000000/SYS) NET/0 (5/12.000000/SYS) 
x3002c0s37b0n0:3976:8119 [3] NCCL INFO GPU/46000 :GPU/7000 (1/88.000000/NVL) GPU/46000 (0/5000.000000/LOC) GPU/85000 (1/88.000000/NVL) GPU/C7000 (1/88.000000/NVL) CPU/3 (3/24.000000/SYS) CPU/2 (2/24.000000/PHB) CPU/1 (3/24.000000/SYS) CPU/0 (3/24.000000/SYS) NET/1 (4/12.000000/PHB) NET/0 (5/12.000000/SYS) 
x3002c0s37b0n0:3976:8119 [3] NCCL INFO GPU/85000 :GPU/7000 (1/88.000000/NVL) GPU/46000 (1/88.000000/NVL) GPU/85000 (0/5000.000000/LOC) GPU/C7000 (1/88.000000/NVL) CPU/3 (3/24.000000/SYS) CPU/2 (3/24.000000/SYS) CPU/1 (2/24.000000/PHB) CPU/0 (3/24.000000/SYS) NET/1 (5/12.000000/SYS) NET/0 (5/12.000000/SYS) 
x3002c0s37b0n0:3976:8119 [3] NCCL INFO GPU/C7000 :GPU/7000 (1/88.000000/NVL) GPU/46000 (1/88.000000/NVL) GPU/85000 (1/88.000000/NVL) GPU/C7000 (0/5000.000000/LOC) CPU/3 (3/24.000000/SYS) CPU/2 (3/24.000000/SYS) CPU/1 (3/24.000000/SYS) CPU/0 (2/24.000000/PHB) NET/1 (5/12.000000/SYS) NET/0 (4/12.000000/PHB) 
x3002c0s37b0n0:3976:8119 [3] NCCL INFO NET/1 :GPU/7000 (5/12.000000/SYS) GPU/46000 (4/12.000000/PHB) GPU/85000 (5/12.000000/SYS) GPU/C7000 (5/12.000000/SYS) CPU/3 (3/12.000000/SYS) CPU/2 (2/12.000000/PHB) CPU/1 (3/12.000000/SYS) CPU/0 (3/12.000000/SYS) NET/1 (0/5000.000000/LOC) NET/0 (5/12.000000/SYS) 
x3002c0s37b0n0:3976:8119 [3] NCCL INFO NET/0 :GPU/7000 (5/12.000000/SYS) GPU/46000 (5/12.000000/SYS) GPU/85000 (5/12.000000/SYS) GPU/C7000 (4/12.000000/PHB) CPU/3 (3/12.000000/SYS) CPU/2 (3/12.000000/SYS) CPU/1 (3/12.000000/SYS) CPU/0 (2/12.000000/PHB) NET/1 (5/12.000000/SYS) NET/0 (0/5000.000000/LOC) 
x3002c0s37b0n0:3976:8119 [3] NCCL INFO Setting affinity for GPU 3 to 01
x3002c0s37b0n0:3975:8120 [2] NCCL INFO Pattern 4, crossNic 0, nChannels 2, bw 12.000000/12.000000, type NVL/SYS, sameChannels 1
x3002c0s37b0n0:3975:8120 [2] NCCL INFO  0 : NET/1 GPU/21 GPU/20 GPU/22 GPU/23 NET/1
x3002c0s37b0n0:3975:8120 [2] NCCL INFO  1 : NET/0 GPU/21 GPU/20 GPU/22 GPU/23 NET/0
x3002c0s37b0n0:3975:8120 [2] NCCL INFO Pattern 1, crossNic 0, nChannels 2, bw 24.000000/12.000000, type NVL/SYS, sameChannels 1
x3002c0s37b0n0:3975:8120 [2] NCCL INFO  0 : NET/1 GPU/20 GPU/21 GPU/22 GPU/23 NET/1
x3002c0s37b0n0:3975:8120 [2] NCCL INFO  1 : NET/0 GPU/20 GPU/21 GPU/22 GPU/23 NET/0
x3002c0s37b0n0:3975:8120 [2] NCCL INFO Pattern 3, crossNic 0, nChannels 0, bw 0.000000/0.000000, type NVL/PIX, sameChannels 1
x3002c0s37b0n0:3976:8119 [3] NCCL INFO Pattern 4, crossNic 0, nChannels 2, bw 12.000000/12.000000, type NVL/SYS, sameChannels 1
x3002c0s37b0n0:3976:8119 [3] NCCL INFO  0 : NET/1 GPU/21 GPU/20 GPU/22 GPU/23 NET/1
x3002c0s37b0n0:3976:8119 [3] NCCL INFO  1 : NET/0 GPU/21 GPU/20 GPU/22 GPU/23 NET/0
x3002c0s37b0n0:3976:8119 [3] NCCL INFO Pattern 1, crossNic 0, nChannels 2, bw 24.000000/12.000000, type NVL/SYS, sameChannels 1
x3002c0s37b0n0:3976:8119 [3] NCCL INFO  0 : NET/1 GPU/20 GPU/21 GPU/22 GPU/23 NET/1
x3002c0s37b0n0:3976:8119 [3] NCCL INFO  1 : NET/0 GPU/20 GPU/21 GPU/22 GPU/23 NET/0
x3002c0s37b0n0:3976:8119 [3] NCCL INFO Pattern 3, crossNic 0, nChannels 0, bw 0.000000/0.000000, type NVL/PIX, sameChannels 1
x3002c0s37b0n0:3973:8122 [0] NCCL INFO NET/IB : GPU Direct RDMA Enabled for HCA 0 'mlx5_0'
x3002c0s37b0n0:3973:8122 [0] NCCL INFO NET/IB : GPU Direct RDMA Enabled for HCA 1 'mlx5_1'
x3002c0s37b0n0:3973:8122 [0] NCCL INFO GPU Direct RDMA Disabled for GPU 7000 / HCA 1 (distance 7 > 4)
x3002c0s37b0n0:3973:8122 [0] NCCL INFO GPU Direct RDMA Disabled for GPU 46000 / HCA 1 (distance 6 > 4)
x3002c0s37b0n0:3973:8122 [0] NCCL INFO GPU Direct RDMA Disabled for GPU 85000 / HCA 1 (distance 7 > 4)
x3002c0s37b0n0:3973:8122 [0] NCCL INFO GPU Direct RDMA Disabled for GPU c7000 / HCA 1 (distance 7 > 4)
x3002c0s37b0n0:3973:8122 [0] NCCL INFO GPU Direct RDMA Disabled for GPU 7000 / HCA 0 (distance 7 > 4)
x3002c0s37b0n0:3973:8122 [0] NCCL INFO GPU Direct RDMA Disabled for GPU 46000 / HCA 0 (distance 7 > 4)
x3002c0s37b0n0:3973:8122 [0] NCCL INFO GPU Direct RDMA Disabled for GPU 85000 / HCA 0 (distance 7 > 4)
x3002c0s37b0n0:3973:8122 [0] NCCL INFO GPU Direct RDMA Disabled for GPU c7000 / HCA 0 (distance 6 > 4)
x3002c0s37b0n0:3973:8122 [0] NCCL INFO GPU Direct RDMA Disabled for GPU 7000 / HCA 1 (distance 7 > 4)
x3002c0s37b0n0:3973:8122 [0] NCCL INFO GPU Direct RDMA Disabled for GPU 46000 / HCA 1 (distance 6 > 4)
x3002c0s37b0n0:3973:8122 [0] NCCL INFO GPU Direct RDMA Disabled for GPU 85000 / HCA 1 (distance 7 > 4)
x3002c0s37b0n0:3973:8122 [0] NCCL INFO GPU Direct RDMA Disabled for GPU c7000 / HCA 1 (distance 7 > 4)
x3002c0s37b0n0:3973:8122 [0] NCCL INFO GPU Direct RDMA Disabled for GPU 7000 / HCA 0 (distance 7 > 4)
x3002c0s37b0n0:3973:8122 [0] NCCL INFO GPU Direct RDMA Disabled for GPU 46000 / HCA 0 (distance 7 > 4)
x3002c0s37b0n0:3973:8122 [0] NCCL INFO GPU Direct RDMA Disabled for GPU 85000 / HCA 0 (distance 7 > 4)
x3002c0s37b0n0:3973:8122 [0] NCCL INFO GPU Direct RDMA Disabled for GPU c7000 / HCA 0 (distance 6 > 4)
x3002c0s37b0n0:3973:8122 [0] NCCL INFO === System : maxBw 12.0 totalBw 264.0 ===
x3002c0s37b0n0:3973:8122 [0] NCCL INFO CPU/3 (1/2/-1)
x3002c0s37b0n0:3973:8122 [0] NCCL INFO + SYS[5000.0] - CPU/2
x3002c0s37b0n0:3973:8122 [0] NCCL INFO + SYS[5000.0] - CPU/1
x3002c0s37b0n0:3973:8122 [0] NCCL INFO + SYS[5000.0] - CPU/0
x3002c0s37b0n0:3973:8122 [0] NCCL INFO + PCI[24.0] - PCI/5000 (11f8406811f8beef)
x3002c0s37b0n0:3973:8122 [0] NCCL INFO               + PCI[24.0] - GPU/7000 (20)
x3002c0s37b0n0:3973:8122 [0] NCCL INFO                             + NVL[88.0] - GPU/85000
x3002c0s37b0n0:3973:8122 [0] NCCL INFO                             + NVL[88.0] - GPU/C7000
x3002c0s37b0n0:3973:8122 [0] NCCL INFO                             + NVL[88.0] - GPU/46000
x3002c0s37b0n0:3973:8122 [0] NCCL INFO CPU/2 (1/2/-1)
x3002c0s37b0n0:3973:8122 [0] NCCL INFO + SYS[5000.0] - CPU/3
x3002c0s37b0n0:3973:8122 [0] NCCL INFO + SYS[5000.0] - CPU/1
x3002c0s37b0n0:3973:8122 [0] NCCL INFO + SYS[5000.0] - CPU/0
x3002c0s37b0n0:3973:8122 [0] NCCL INFO + PCI[24.0] - PCI/44000 (11f8406811f8beef)
x3002c0s37b0n0:3973:8122 [0] NCCL INFO               + PCI[24.0] - GPU/46000 (21)
x3002c0s37b0n0:3973:8122 [0] NCCL INFO                             + NVL[88.0] - GPU/85000
x3002c0s37b0n0:3973:8122 [0] NCCL INFO                             + NVL[88.0] - GPU/C7000
x3002c0s37b0n0:3973:8122 [0] NCCL INFO                             + NVL[88.0] - GPU/7000
x3002c0s37b0n0:3973:8122 [0] NCCL INFO + PCI[12.0] - NIC/43000
x3002c0s37b0n0:3973:8122 [0] NCCL INFO               + NET[12.5] - NET/1 (20e604ffffa4e988/1/12.500000)
x3002c0s37b0n0:3973:8122 [0] NCCL INFO CPU/1 (1/2/-1)
x3002c0s37b0n0:3973:8122 [0] NCCL INFO + SYS[5000.0] - CPU/3
x3002c0s37b0n0:3973:8122 [0] NCCL INFO + SYS[5000.0] - CPU/2
x3002c0s37b0n0:3973:8122 [0] NCCL INFO + SYS[5000.0] - CPU/0
x3002c0s37b0n0:3973:8122 [0] NCCL INFO + PCI[24.0] - PCI/83000 (11f8406811f8beef)
x3002c0s37b0n0:3973:8122 [0] NCCL INFO               + PCI[24.0] - GPU/85000 (22)
x3002c0s37b0n0:3973:8122 [0] NCCL INFO                             + NVL[88.0] - GPU/C7000
x3002c0s37b0n0:3973:8122 [0] NCCL INFO                             + NVL[88.0] - GPU/46000
x3002c0s37b0n0:3973:8122 [0] NCCL INFO                             + NVL[88.0] - GPU/7000
x3002c0s37b0n0:3973:8122 [0] NCCL INFO CPU/0 (1/2/-1)
x3002c0s37b0n0:3973:8122 [0] NCCL INFO + SYS[5000.0] - CPU/3
x3002c0s37b0n0:3973:8122 [0] NCCL INFO + SYS[5000.0] - CPU/2
x3002c0s37b0n0:3973:8122 [0] NCCL INFO + SYS[5000.0] - CPU/1
x3002c0s37b0n0:3973:8122 [0] NCCL INFO + PCI[24.0] - PCI/C5000 (11f8406811f8beef)
x3002c0s37b0n0:3973:8122 [0] NCCL INFO               + PCI[24.0] - GPU/C7000 (23)
x3002c0s37b0n0:3973:8122 [0] NCCL INFO                             + NVL[88.0] - GPU/85000
x3002c0s37b0n0:3973:8122 [0] NCCL INFO                             + NVL[88.0] - GPU/46000
x3002c0s37b0n0:3973:8122 [0] NCCL INFO                             + NVL[88.0] - GPU/7000
x3002c0s37b0n0:3973:8122 [0] NCCL INFO + PCI[12.0] - NIC/C8000
x3002c0s37b0n0:3973:8122 [0] NCCL INFO               + NET[12.5] - NET/0 (58e604ffffa4e988/1/12.500000)
x3002c0s37b0n0:3973:8122 [0] NCCL INFO ==========================================
x3002c0s37b0n0:3973:8122 [0] NCCL INFO GPU/7000 :GPU/7000 (0/5000.000000/LOC) GPU/46000 (1/88.000000/NVL) GPU/85000 (1/88.000000/NVL) GPU/C7000 (1/88.000000/NVL) CPU/3 (2/24.000000/PHB) CPU/2 (3/24.000000/SYS) CPU/1 (3/24.000000/SYS) CPU/0 (3/24.000000/SYS) NET/1 (5/12.000000/SYS) NET/0 (5/12.000000/SYS) 
x3002c0s37b0n0:3973:8122 [0] NCCL INFO GPU/46000 :GPU/7000 (1/88.000000/NVL) GPU/46000 (0/5000.000000/LOC) GPU/85000 (1/88.000000/NVL) GPU/C7000 (1/88.000000/NVL) CPU/3 (3/24.000000/SYS) CPU/2 (2/24.000000/PHB) CPU/1 (3/24.000000/SYS) CPU/0 (3/24.000000/SYS) NET/1 (4/12.000000/PHB) NET/0 (5/12.000000/SYS) 
x3002c0s37b0n0:3973:8122 [0] NCCL INFO GPU/85000 :GPU/7000 (1/88.000000/NVL) GPU/46000 (1/88.000000/NVL) GPU/85000 (0/5000.000000/LOC) GPU/C7000 (1/88.000000/NVL) CPU/3 (3/24.000000/SYS) CPU/2 (3/24.000000/SYS) CPU/1 (2/24.000000/PHB) CPU/0 (3/24.000000/SYS) NET/1 (5/12.000000/SYS) NET/0 (5/12.000000/SYS) 
x3002c0s37b0n0:3973:8122 [0] NCCL INFO GPU/C7000 :GPU/7000 (1/88.000000/NVL) GPU/46000 (1/88.000000/NVL) GPU/85000 (1/88.000000/NVL) GPU/C7000 (0/5000.000000/LOC) CPU/3 (3/24.000000/SYS) CPU/2 (3/24.000000/SYS) CPU/1 (3/24.000000/SYS) CPU/0 (2/24.000000/PHB) NET/1 (5/12.000000/SYS) NET/0 (4/12.000000/PHB) 
x3002c0s37b0n0:3973:8122 [0] NCCL INFO NET/1 :GPU/7000 (5/12.000000/SYS) GPU/46000 (4/12.000000/PHB) GPU/85000 (5/12.000000/SYS) GPU/C7000 (5/12.000000/SYS) CPU/3 (3/12.000000/SYS) CPU/2 (2/12.000000/PHB) CPU/1 (3/12.000000/SYS) CPU/0 (3/12.000000/SYS) NET/1 (0/5000.000000/LOC) NET/0 (5/12.000000/SYS) 
x3002c0s37b0n0:3973:8122 [0] NCCL INFO NET/0 :GPU/7000 (5/12.000000/SYS) GPU/46000 (5/12.000000/SYS) GPU/85000 (5/12.000000/SYS) GPU/C7000 (4/12.000000/PHB) CPU/3 (3/12.000000/SYS) CPU/2 (3/12.000000/SYS) CPU/1 (3/12.000000/SYS) CPU/0 (2/12.000000/PHB) NET/1 (5/12.000000/SYS) NET/0 (0/5000.000000/LOC) 
x3002c0s37b0n0:3973:8122 [0] NCCL INFO Pattern 4, crossNic 0, nChannels 2, bw 12.000000/12.000000, type NVL/SYS, sameChannels 1
x3002c0s37b0n0:3973:8122 [0] NCCL INFO  0 : NET/1 GPU/21 GPU/20 GPU/22 GPU/23 NET/1
x3002c0s37b0n0:3973:8122 [0] NCCL INFO  1 : NET/0 GPU/21 GPU/20 GPU/22 GPU/23 NET/0
x3002c0s37b0n0:3973:8122 [0] NCCL INFO Pattern 1, crossNic 0, nChannels 2, bw 24.000000/12.000000, type NVL/SYS, sameChannels 1
x3002c0s37b0n0:3973:8122 [0] NCCL INFO  0 : NET/1 GPU/20 GPU/21 GPU/22 GPU/23 NET/1
x3002c0s37b0n0:3973:8122 [0] NCCL INFO  1 : NET/0 GPU/20 GPU/21 GPU/22 GPU/23 NET/0
x3002c0s37b0n0:3973:8122 [0] NCCL INFO Pattern 3, crossNic 0, nChannels 0, bw 0.000000/0.000000, type NVL/PIX, sameChannels 1
x3002c0s37b0n0:3973:8122 [0] NCCL INFO Tree 0 : 16 -> 20 -> 21/-1/-1
x3002c0s37b0n0:3973:8122 [0] NCCL INFO Tree 2 : -1 -> 20 -> 21/4/-1
x3002c0s37b0n0:3973:8122 [0] NCCL INFO Tree 1 : 16 -> 20 -> 21/-1/-1
x3002c0s37b0n0:3973:8122 [0] NCCL INFO Tree 3 : -1 -> 20 -> 21/4/-1
x3002c0s37b0n0:3973:8122 [0] NCCL INFO Ring 00 : 21 -> 20 -> 22
x3002c0s37b0n0:3973:8122 [0] NCCL INFO Ring 01 : 21 -> 20 -> 22
x3002c0s37b0n0:3973:8122 [0] NCCL INFO Ring 02 : 21 -> 20 -> 22
x3002c0s37b0n0:3973:8122 [0] NCCL INFO Ring 03 : 21 -> 20 -> 22
x3002c0s37b0n0:3973:8122 [0] NCCL INFO Trees [0] 21/-1/-1->20->16 [1] 21/-1/-1->20->16 [2] 21/4/-1->20->-1 [3] 21/4/-1->20->-1
x3002c0s37b0n0:3973:8122 [0] NCCL INFO misc/utils.cc:235 memory stack hunk malloc(65536)
x3002c0s37b0n0:3973:8122 [0] NCCL INFO channel.cc:23 Cuda Alloc Size 9600 pointer 0x14946f80b600
x3002c0s37b0n0:3973:8122 [0] NCCL INFO channel.cc:27 Cuda Alloc Size 96 pointer 0x14946f80dc00
x3002c0s37b0n0:3973:8122 [0] NCCL INFO channel.cc:23 Cuda Alloc Size 9600 pointer 0x14946f80de00
x3002c0s37b0n0:3973:8122 [0] NCCL INFO channel.cc:27 Cuda Alloc Size 96 pointer 0x14946f810400
x3002c0s37b0n0:3973:8122 [0] NCCL INFO channel.cc:23 Cuda Alloc Size 9600 pointer 0x14946f810600
x3002c0s37b0n0:3973:8122 [0] NCCL INFO channel.cc:27 Cuda Alloc Size 96 pointer 0x14946f812c00
x3002c0s37b0n0:3973:8122 [0] NCCL INFO channel.cc:23 Cuda Alloc Size 9600 pointer 0x14946f812e00
x3002c0s37b0n0:3973:8122 [0] NCCL INFO channel.cc:27 Cuda Alloc Size 96 pointer 0x14946f815400
x3002c0s37b0n0:3973:8122 [0] NCCL INFO Channel 00/0 : 20[7000] -> 22[85000] via P2P/IPC/read
x3002c0s37b0n0:3974:8121 [1] NCCL INFO Tree 0 : 20 -> 21 -> 22/-1/-1
x3002c0s37b0n0:3974:8121 [1] NCCL INFO Tree 2 : 20 -> 21 -> 22/-1/-1
x3002c0s37b0n0:3974:8121 [1] NCCL INFO Tree 1 : 20 -> 21 -> 22/-1/-1
x3002c0s37b0n0:3974:8121 [1] NCCL INFO Tree 3 : 20 -> 21 -> 22/-1/-1
x3002c0s37b0n0:3974:8121 [1] NCCL INFO Ring 00 : 19 -> 21 -> 20
x3002c0s37b0n0:3974:8121 [1] NCCL INFO Ring 01 : 19 -> 21 -> 20
x3002c0s37b0n0:3974:8121 [1] NCCL INFO Ring 02 : 19 -> 21 -> 20
x3002c0s37b0n0:3974:8121 [1] NCCL INFO Ring 03 : 19 -> 21 -> 20
x3002c0s37b0n0:3974:8121 [1] NCCL INFO Trees [0] 22/-1/-1->21->20 [1] 22/-1/-1->21->20 [2] 22/-1/-1->21->20 [3] 22/-1/-1->21->20
x3002c0s37b0n0:3974:8121 [1] NCCL INFO misc/utils.cc:235 memory stack hunk malloc(65536)
x3002c0s37b0n0:3974:8121 [1] NCCL INFO channel.cc:23 Cuda Alloc Size 9600 pointer 0x14d20180b600
x3002c0s37b0n0:3974:8121 [1] NCCL INFO channel.cc:27 Cuda Alloc Size 96 pointer 0x14d20180dc00
x3002c0s37b0n0:3974:8121 [1] NCCL INFO channel.cc:23 Cuda Alloc Size 9600 pointer 0x14d20180de00
x3002c0s37b0n0:3974:8121 [1] NCCL INFO channel.cc:27 Cuda Alloc Size 96 pointer 0x14d201810400
x3002c0s37b0n0:3974:8121 [1] NCCL INFO channel.cc:23 Cuda Alloc Size 9600 pointer 0x14d201810600
x3002c0s37b0n0:3974:8121 [1] NCCL INFO channel.cc:27 Cuda Alloc Size 96 pointer 0x14d201812c00
x3002c0s37b0n0:3974:8121 [1] NCCL INFO channel.cc:23 Cuda Alloc Size 9600 pointer 0x14d201812e00
x3002c0s37b0n0:3974:8121 [1] NCCL INFO channel.cc:27 Cuda Alloc Size 96 pointer 0x14d201815400
x3002c0s37b0n0:3974:8121 [1] NCCL INFO GPU Direct RDMA Disabled for GPU 46000 / HCA 1 (distance 6 > 4)
x3002c0s37b0n0:3973:8288 [0] NCCL INFO Mem Realloc old size 0, new size 8 pointer 0x14942c000c60
x3002c0s37b0n0:3973:8288 [0] NCCL INFO New proxy send connection 0 from local rank 0, transport 0
x3002c0s37b0n0:3974:8263 [1] NCCL INFO Mem Realloc old size 0, new size 8 pointer 0x14d1b8000c60
x3002c0s37b0n0:3974:8263 [1] NCCL INFO Allocated 4194656 bytes of shared memory in /dev/shm/nccl-eBMDuH

x3002c0s37b0n0:3974:8263 [1] NCCL INFO New proxy recv connection 0 from local rank 1, transport 2
x3002c0s37b0n0:3973:8122 [0] NCCL INFO Connection to proxy localRank 0 -> connection 0x14942c000c80
x3002c0s37b0n0:3973:8288 [0] NCCL INFO transport/p2p.cc:430 Cuda Alloc Size 6291456 pointer 0x14948be00000
x3002c0s37b0n0:3974:8121 [1] NCCL INFO Connection to proxy localRank 1 -> connection 0x14d1b8000c80
x3002c0s37b0n0:3975:8120 [2] NCCL INFO Ring 00 : 20 -> 22 -> 23
x3002c0s37b0n0:3975:8120 [2] NCCL INFO Ring 01 : 20 -> 22 -> 23
x3002c0s37b0n0:3975:8120 [2] NCCL INFO Ring 02 : 20 -> 22 -> 23
x3002c0s37b0n0:3975:8120 [2] NCCL INFO Ring 03 : 20 -> 22 -> 23
x3002c0s37b0n0:3975:8120 [2] NCCL INFO Trees [0] 23/-1/-1->22->21 [1] 23/-1/-1->22->21 [2] 23/-1/-1->22->21 [3] 23/-1/-1->22->21
x3002c0s37b0n0:3975:8120 [2] NCCL INFO misc/utils.cc:235 memory stack hunk malloc(65536)
x3002c0s37b0n0:3975:8120 [2] NCCL INFO channel.cc:23 Cuda Alloc Size 9600 pointer 0x15277980b600
x3002c0s37b0n0:3975:8120 [2] NCCL INFO channel.cc:27 Cuda Alloc Size 96 pointer 0x15277980dc00
x3002c0s37b0n0:3975:8120 [2] NCCL INFO channel.cc:23 Cuda Alloc Size 9600 pointer 0x15277980de00
x3002c0s37b0n0:3975:8120 [2] NCCL INFO channel.cc:27 Cuda Alloc Size 96 pointer 0x152779810400
x3002c0s37b0n0:3975:8120 [2] NCCL INFO channel.cc:23 Cuda Alloc Size 9600 pointer 0x152779810600
x3002c0s37b0n0:3975:8120 [2] NCCL INFO channel.cc:27 Cuda Alloc Size 96 pointer 0x152779812c00
x3002c0s37b0n0:3975:8120 [2] NCCL INFO channel.cc:23 Cuda Alloc Size 9600 pointer 0x152779812e00
x3002c0s37b0n0:3975:8120 [2] NCCL INFO channel.cc:27 Cuda Alloc Size 96 pointer 0x152779815400
x3002c0s37b0n0:3975:8120 [2] NCCL INFO Channel 00/0 : 22[85000] -> 23[c7000] via P2P/IPC/read
x3002c0s37b0n0:3975:8264 [2] NCCL INFO Mem Realloc old size 0, new size 8 pointer 0x15272c000c60
x3002c0s37b0n0:3975:8264 [2] NCCL INFO New proxy send connection 0 from local rank 2, transport 0
x3002c0s37b0n0:3975:8120 [2] NCCL INFO Connection to proxy localRank 2 -> connection 0x15272c000c80
x3002c0s37b0n0:3975:8264 [2] NCCL INFO transport/p2p.cc:430 Cuda Alloc Size 6291456 pointer 0x152794e00000
x3002c0s37b0n0:3973:8122 [0] NCCL INFO Channel 01/0 : 20[7000] -> 22[85000] via P2P/IPC/read
x3002c0s37b0n0:3973:8288 [0] NCCL INFO New proxy send connection 1 from local rank 0, transport 0
x3002c0s37b0n0:3974:8121 [1] NCCL INFO Channel 00/0 : 19[c7000] -> 21[46000] [receive] via NET/IB/1
x3002c0s37b0n0:3974:8121 [1] NCCL INFO GPU Direct RDMA Disabled for GPU 46000 / HCA 0 (distance 7 > 4)
x3002c0s37b0n0:3974:8263 [1] NCCL INFO New proxy recv connection 1 from local rank 1, transport 2
x3002c0s37b0n0:3976:8119 [3] NCCL INFO Ring 00 : 22 -> 23 -> 1
x3002c0s37b0n0:3976:8119 [3] NCCL INFO Ring 01 : 22 -> 23 -> 1
x3002c0s37b0n0:3976:8119 [3] NCCL INFO Ring 02 : 22 -> 23 -> 1
x3002c0s37b0n0:3976:8119 [3] NCCL INFO Ring 03 : 22 -> 23 -> 1
x3002c0s37b0n0:3976:8119 [3] NCCL INFO Trees [0] -1/-1/-1->23->22 [1] -1/-1/-1->23->22 [2] -1/-1/-1->23->22 [3] -1/-1/-1->23->22
x3002c0s37b0n0:3976:8119 [3] NCCL INFO misc/utils.cc:235 memory stack hunk malloc(65536)
x3002c0s37b0n0:3976:8119 [3] NCCL INFO channel.cc:23 Cuda Alloc Size 9600 pointer 0x14f9c3e0b600
x3002c0s37b0n0:3976:8119 [3] NCCL INFO channel.cc:27 Cuda Alloc Size 96 pointer 0x14f9c3e0dc00
x3002c0s37b0n0:3976:8119 [3] NCCL INFO channel.cc:23 Cuda Alloc Size 9600 pointer 0x14f9c3e0de00
x3002c0s37b0n0:3976:8119 [3] NCCL INFO channel.cc:27 Cuda Alloc Size 96 pointer 0x14f9c3e10400
x3002c0s37b0n0:3976:8119 [3] NCCL INFO channel.cc:23 Cuda Alloc Size 9600 pointer 0x14f9c3e10600
x3002c0s37b0n0:3976:8119 [3] NCCL INFO channel.cc:27 Cuda Alloc Size 96 pointer 0x14f9c3e12c00
x3002c0s37b0n0:3976:8119 [3] NCCL INFO channel.cc:23 Cuda Alloc Size 9600 pointer 0x14f9c3e12e00
x3002c0s37b0n0:3976:8119 [3] NCCL INFO channel.cc:27 Cuda Alloc Size 96 pointer 0x14f9c3e15400
x3002c0s37b0n0:3976:8270 [3] NCCL INFO Mem Realloc old size 0, new size 8 pointer 0x14f95c000c60
x3002c0s37b0n0:3976:8270 [3] NCCL INFO New proxy recv connection 0 from local rank 3, transport 0
x3002c0s37b0n0:3975:8120 [2] NCCL INFO Channel 01/0 : 22[85000] -> 23[c7000] via P2P/IPC/read
x3002c0s37b0n0:3975:8264 [2] NCCL INFO New proxy send connection 1 from local rank 2, transport 0
x3002c0s37b0n0:3973:8122 [0] NCCL INFO Connection to proxy localRank 0 -> connection 0x14942c000cc0
x3002c0s37b0n0:3973:8288 [0] NCCL INFO transport/p2p.cc:430 Cuda Alloc Size 6291456 pointer 0x14948c400000
x3002c0s37b0n0:3974:8121 [1] NCCL INFO Connection to proxy localRank 1 -> connection 0x14d1b8000cc0
x3002c0s37b0n0:3976:8119 [3] NCCL INFO Connection to proxy localRank 3 -> connection 0x14f95c000c80
x3002c0s37b0n0:3975:8120 [2] NCCL INFO Connection to proxy localRank 2 -> connection 0x15272c000cc0
x3002c0s37b0n0:3975:8264 [2] NCCL INFO transport/p2p.cc:430 Cuda Alloc Size 6291456 pointer 0x152795400000
x3002c0s37b0n0:3975:8120 [2] NCCL INFO Channel 02/0 : 22[85000] -> 23[c7000] via P2P/IPC/read
x3002c0s37b0n0:3976:8270 [3] NCCL INFO transport/p2p.cc:449 Cuda Alloc Size 6291456 pointer 0x14f9a1c00000
x3002c0s37b0n0:3975:8264 [2] NCCL INFO New proxy send connection 2 from local rank 2, transport 0
x3002c0s37b0n0:3976:8270 [3] NCCL INFO New proxy recv connection 1 from local rank 3, transport 0
x3002c0s37b0n0:3974:8121 [1] NCCL INFO Channel 01/0 : 19[c7000] -> 21[46000] [receive] via NET/IB/0
x3002c0s37b0n0:3974:8121 [1] NCCL INFO GPU Direct RDMA Disabled for GPU 46000 / HCA 1 (distance 6 > 4)
x3002c0s37b0n0:3974:8263 [1] NCCL INFO New proxy recv connection 2 from local rank 1, transport 2
x3002c0s37b0n0:3973:8122 [0] NCCL INFO Channel 02/0 : 20[7000] -> 22[85000] via P2P/IPC/read
x3002c0s37b0n0:3973:8288 [0] NCCL INFO New proxy send connection 2 from local rank 0, transport 0
x3002c0s37b0n0:3975:8120 [2] NCCL INFO Connection to proxy localRank 2 -> connection 0x15272c000d00
x3002c0s37b0n0:3975:8264 [2] NCCL INFO transport/p2p.cc:430 Cuda Alloc Size 6291456 pointer 0x152795a00000
x3002c0s37b0n0:3976:8119 [3] NCCL INFO Connection to proxy localRank 3 -> connection 0x14f95c000cc0
x3002c0s37b0n0:3976:8270 [3] NCCL INFO transport/p2p.cc:449 Cuda Alloc Size 6291456 pointer 0x14f9a2200000
x3002c0s37b0n0:3974:8121 [1] NCCL INFO Connection to proxy localRank 1 -> connection 0x14d1b8000d00
x3002c0s37b0n0:3973:8122 [0] NCCL INFO Connection to proxy localRank 0 -> connection 0x14942c000d00
x3002c0s37b0n0:3975:8120 [2] NCCL INFO Channel 03/0 : 22[85000] -> 23[c7000] via P2P/IPC/read
x3002c0s37b0n0:3975:8264 [2] NCCL INFO New proxy send connection 3 from local rank 2, transport 0
x3002c0s37b0n0:3976:8270 [3] NCCL INFO New proxy recv connection 2 from local rank 3, transport 0
x3002c0s37b0n0:3974:8121 [1] NCCL INFO Channel 02/0 : 19[c7000] -> 21[46000] [receive] via NET/IB/1
x3002c0s37b0n0:3974:8121 [1] NCCL INFO GPU Direct RDMA Disabled for GPU 46000 / HCA 0 (distance 7 > 4)
x3002c0s37b0n0:3974:8263 [1] NCCL INFO New proxy recv connection 3 from local rank 1, transport 2
x3002c0s37b0n0:3975:8120 [2] NCCL INFO Connection to proxy localRank 2 -> connection 0x15272c000d40
x3002c0s37b0n0:3975:8264 [2] NCCL INFO transport/p2p.cc:430 Cuda Alloc Size 6291456 pointer 0x152796000000
x3002c0s37b0n0:3973:8288 [0] NCCL INFO transport/p2p.cc:430 Cuda Alloc Size 6291456 pointer 0x14948ca00000
x3002c0s37b0n0:3974:8121 [1] NCCL INFO Connection to proxy localRank 1 -> connection 0x14d1b8000d40
x3002c0s37b0n0:3973:8122 [0] NCCL INFO Channel 03/0 : 20[7000] -> 22[85000] via P2P/IPC/read
x3002c0s37b0n0:3973:8288 [0] NCCL INFO New proxy send connection 3 from local rank 0, transport 0
x3002c0s37b0n0:3973:8122 [0] NCCL INFO Connection to proxy localRank 0 -> connection 0x14942c000d40
x3002c0s37b0n0:3973:8288 [0] NCCL INFO transport/p2p.cc:430 Cuda Alloc Size 6291456 pointer 0x14948d000000
x3002c0s37b0n0:3976:8119 [3] NCCL INFO Connection to proxy localRank 3 -> connection 0x14f95c000d00
x3002c0s37b0n0:3976:8270 [3] NCCL INFO transport/p2p.cc:449 Cuda Alloc Size 6291456 pointer 0x14f9a2800000
x3002c0s37b0n0:3976:8270 [3] NCCL INFO New proxy recv connection 3 from local rank 3, transport 0
x3002c0s37b0n0:3974:8121 [1] NCCL INFO Channel 03/0 : 19[c7000] -> 21[46000] [receive] via NET/IB/0
x3002c0s37b0n0:3976:8119 [3] NCCL INFO Connection to proxy localRank 3 -> connection 0x14f95c000d40
x3002c0s37b0n0:3976:8270 [3] NCCL INFO transport/p2p.cc:449 Cuda Alloc Size 6291456 pointer 0x14f9a2e00000
x3002c0s37b0n0:3976:8119 [3] NCCL INFO GPU Direct RDMA Disabled for GPU c7000 / HCA 1 (distance 7 > 4)
x3002c0s37b0n0:3975:8264 [2] NCCL INFO New proxy recv connection 4 from local rank 2, transport 0
x3002c0s37b0n0:3975:8120 [2] NCCL INFO Connection to proxy localRank 2 -> connection 0x15272c000d80
x3002c0s37b0n0:3976:8270 [3] NCCL INFO Allocated 4194656 bytes of shared memory in /dev/shm/nccl-cF09bP

x3002c0s37b0n0:3976:8270 [3] NCCL INFO New proxy send connection 4 from local rank 3, transport 2
x3002c0s37b0n0:3975:8264 [2] NCCL INFO transport/p2p.cc:449 Cuda Alloc Size 6291456 pointer 0x152797e00000
x3002c0s37b0n0:3976:8119 [3] NCCL INFO Connection to proxy localRank 3 -> connection 0x14f95c000d80
x3002c0s37b0n0:3976:8119 [3] NCCL INFO Channel 00/0 : 23[c7000] -> 1[46000] [send] via NET/IB/1
x3002c0s37b0n0:3976:8119 [3] NCCL INFO GPU Direct RDMA Disabled for GPU c7000 / HCA 0 (distance 6 > 4)
x3002c0s37b0n0:3976:8270 [3] NCCL INFO New proxy send connection 5 from local rank 3, transport 2
x3002c0s37b0n0:3975:8264 [2] NCCL INFO New proxy recv connection 5 from local rank 2, transport 0
x3002c0s37b0n0:3976:8119 [3] NCCL INFO Connection to proxy localRank 3 -> connection 0x14f95c000dc0
x3002c0s37b0n0:3976:8119 [3] NCCL INFO Channel 01/0 : 23[c7000] -> 1[46000] [send] via NET/IB/0
x3002c0s37b0n0:3976:8119 [3] NCCL INFO GPU Direct RDMA Disabled for GPU c7000 / HCA 1 (distance 7 > 4)
x3002c0s37b0n0:3976:8270 [3] NCCL INFO New proxy send connection 6 from local rank 3, transport 2
x3002c0s37b0n0:3975:8120 [2] NCCL INFO Connection to proxy localRank 2 -> connection 0x15272c000dc0
x3002c0s37b0n0:3975:8264 [2] NCCL INFO transport/p2p.cc:449 Cuda Alloc Size 6291456 pointer 0x152798400000
x3002c0s37b0n0:3975:8264 [2] NCCL INFO New proxy recv connection 6 from local rank 2, transport 0
x3002c0s37b0n0:3976:8119 [3] NCCL INFO Connection to proxy localRank 3 -> connection 0x14f95c000e00
x3002c0s37b0n0:3976:8119 [3] NCCL INFO Channel 02/0 : 23[c7000] -> 1[46000] [send] via NET/IB/1
x3002c0s37b0n0:3976:8119 [3] NCCL INFO GPU Direct RDMA Disabled for GPU c7000 / HCA 0 (distance 6 > 4)
x3002c0s37b0n0:3976:8270 [3] NCCL INFO New proxy send connection 7 from local rank 3, transport 2
x3002c0s37b0n0:3975:8120 [2] NCCL INFO Connection to proxy localRank 2 -> connection 0x15272c000e00
x3002c0s37b0n0:3975:8264 [2] NCCL INFO transport/p2p.cc:449 Cuda Alloc Size 6291456 pointer 0x152798a00000
x3002c0s37b0n0:3975:8264 [2] NCCL INFO New proxy recv connection 7 from local rank 2, transport 0
x3002c0s37b0n0:3976:8119 [3] NCCL INFO Connection to proxy localRank 3 -> connection 0x14f95c000e40
x3002c0s37b0n0:3976:8119 [3] NCCL INFO Channel 03/0 : 23[c7000] -> 1[46000] [send] via NET/IB/0
x3002c0s37b0n0:3976:8270 [3] NCCL INFO transport/net_ib.cc:596 Ib Alloc Size 26560 pointer 0x14f95c020000
x3002c0s37b0n0:3976:8270 [3] NCCL INFO NET/IB: Dev 1 Port 1 qpn 39426 mtu 5 GID 0 (80FE/C80000FEFF000000)
x3002c0s37b0n0:3976:8270 [3] NCCL INFO transport/net_ib.cc:653 Ib Alloc Size 552 pointer 0x14f95c038000
x3002c0s37b0n0:3976:8270 [3] NCCL INFO transport/net.cc:571 Cuda Host Alloc Size 9641984 pointer 0x14f9a4c00000
x3002c0s37b0n0:3976:8270 [3] NCCL INFO transport/net_ib.cc:596 Ib Alloc Size 26560 pointer 0x14f95c03a000
x3002c0s37b0n0:3976:8270 [3] NCCL INFO NET/IB: Dev 0 Port 1 qpn 41481 mtu 5 GID 0 (80FE/F80000FEFF000000)
x3002c0s37b0n0:3976:8270 [3] NCCL INFO transport/net_ib.cc:653 Ib Alloc Size 552 pointer 0x14f95c051000
x3002c0s37b0n0:3976:8270 [3] NCCL INFO transport/net.cc:571 Cuda Host Alloc Size 9641984 pointer 0x14f9a5600000
x3002c0s37b0n0:3975:8120 [2] NCCL INFO Connection to proxy localRank 2 -> connection 0x15272c000e40
x3002c0s37b0n0:3975:8264 [2] NCCL INFO transport/p2p.cc:449 Cuda Alloc Size 6291456 pointer 0x152799000000
x3002c0s37b0n0:3976:8270 [3] NCCL INFO transport/net_ib.cc:596 Ib Alloc Size 26560 pointer 0x14f95c053000
x3002c0s37b0n0:3976:8270 [3] NCCL INFO NET/IB: Dev 1 Port 1 qpn 39427 mtu 5 GID 0 (80FE/C80000FEFF000000)
x3002c0s37b0n0:3976:8270 [3] NCCL INFO transport/net_ib.cc:653 Ib Alloc Size 552 pointer 0x14f95c06a000
x3002c0s37b0n0:3976:8270 [3] NCCL INFO transport/net.cc:571 Cuda Host Alloc Size 9641984 pointer 0x14f9a6000000
x3002c0s37b0n0:3975:8120 [2] NCCL INFO Connected all rings
x3002c0s37b0n0:3975:8264 [2] NCCL INFO New proxy recv connection 8 from local rank 2, transport 0
x3002c0s37b0n0:3976:8270 [3] NCCL INFO transport/net_ib.cc:596 Ib Alloc Size 26560 pointer 0x14f95c06c000
x3002c0s37b0n0:3973:8288 [0] NCCL INFO New proxy recv connection 4 from local rank 0, transport 0
x3002c0s37b0n0:3976:8270 [3] NCCL INFO NET/IB: Dev 0 Port 1 qpn 41482 mtu 5 GID 0 (80FE/F80000FEFF000000)
x3002c0s37b0n0:3976:8270 [3] NCCL INFO transport/net_ib.cc:653 Ib Alloc Size 552 pointer 0x14f95c083000
x3002c0s37b0n0:3976:8270 [3] NCCL INFO transport/net.cc:571 Cuda Host Alloc Size 9641984 pointer 0x14f9a6a00000
x3002c0s37b0n0:3976:8119 [3] NCCL INFO Connected all rings
x3002c0s37b0n0:3976:8119 [3] NCCL INFO Channel 00/0 : 23[c7000] -> 22[85000] via P2P/IPC/read
x3002c0s37b0n0:3976:8270 [3] NCCL INFO New proxy send connection 8 from local rank 3, transport 0
x3002c0s37b0n0:3973:8122 [0] NCCL INFO Connection to proxy localRank 0 -> connection 0x14942c000d80
x3002c0s37b0n0:3973:8288 [0] NCCL INFO transport/p2p.cc:449 Cuda Alloc Size 6291456 pointer 0x14948ee00000
x3002c0s37b0n0:3975:8120 [2] NCCL INFO Connection to proxy localRank 2 -> connection 0x15272c000e80
x3002c0s37b0n0:3975:8264 [2] NCCL INFO transport/p2p.cc:449 Cuda Alloc Size 6291456 pointer 0x15279ae00000
x3002c0s37b0n0:3973:8288 [0] NCCL INFO New proxy recv connection 5 from local rank 0, transport 0
x3002c0s37b0n0:3975:8264 [2] NCCL INFO New proxy recv connection 9 from local rank 2, transport 0
x3002c0s37b0n0:3975:8120 [2] NCCL INFO Connection to proxy localRank 2 -> connection 0x15272c000ec0
x3002c0s37b0n0:3975:8264 [2] NCCL INFO transport/p2p.cc:449 Cuda Alloc Size 6291456 pointer 0x15279b400000
x3002c0s37b0n0:3976:8119 [3] NCCL INFO Connection to proxy localRank 3 -> connection 0x14f95c000e80
x3002c0s37b0n0:3976:8270 [3] NCCL INFO transport/p2p.cc:430 Cuda Alloc Size 6291456 pointer 0x14f9a7400000
x3002c0s37b0n0:3976:8119 [3] NCCL INFO Channel 01/0 : 23[c7000] -> 22[85000] via P2P/IPC/read
x3002c0s37b0n0:3976:8270 [3] NCCL INFO New proxy send connection 9 from local rank 3, transport 0
x3002c0s37b0n0:3976:8119 [3] NCCL INFO Connection to proxy localRank 3 -> connection 0x14f95c000ec0
x3002c0s37b0n0:3973:8122 [0] NCCL INFO Connection to proxy localRank 0 -> connection 0x14942c000dc0
x3002c0s37b0n0:3973:8288 [0] NCCL INFO transport/p2p.cc:449 Cuda Alloc Size 6291456 pointer 0x14948f400000
x3002c0s37b0n0:3975:8264 [2] NCCL INFO New proxy recv connection 10 from local rank 2, transport 0
x3002c0s37b0n0:3976:8270 [3] NCCL INFO transport/p2p.cc:430 Cuda Alloc Size 6291456 pointer 0x14f9a7a00000
x3002c0s37b0n0:3975:8120 [2] NCCL INFO Connection to proxy localRank 2 -> connection 0x15272c000f00
x3002c0s37b0n0:3975:8264 [2] NCCL INFO transport/p2p.cc:449 Cuda Alloc Size 6291456 pointer 0x15279ba00000
x3002c0s37b0n0:3973:8288 [0] NCCL INFO New proxy recv connection 6 from local rank 0, transport 0
x3002c0s37b0n0:3976:8119 [3] NCCL INFO Channel 02/0 : 23[c7000] -> 22[85000] via P2P/IPC/read
x3002c0s37b0n0:3976:8270 [3] NCCL INFO New proxy send connection 10 from local rank 3, transport 0
x3002c0s37b0n0:3975:8264 [2] NCCL INFO New proxy recv connection 11 from local rank 2, transport 0
x3002c0s37b0n0:3973:8122 [0] NCCL INFO Connection to proxy localRank 0 -> connection 0x14942c000e00
x3002c0s37b0n0:3974:8263 [1] NCCL INFO transport/net_ib.cc:683 Ib Alloc Size 21688 pointer 0x14d1b801d000
x3002c0s37b0n0:3974:8263 [1] NCCL INFO transport/net_ib.cc:696 Ib Alloc Size 552 pointer 0x14d1b8024000
x3002c0s37b0n0:3973:8288 [0] NCCL INFO transport/p2p.cc:449 Cuda Alloc Size 6291456 pointer 0x14948fa00000
x3002c0s37b0n0:3976:8119 [3] NCCL INFO Connection to proxy localRank 3 -> connection 0x14f95c000f00
x3002c0s37b0n0:3976:8270 [3] NCCL INFO transport/p2p.cc:430 Cuda Alloc Size 6291456 pointer 0x14f9a8000000
x3002c0s37b0n0:3975:8120 [2] NCCL INFO Connection to proxy localRank 2 -> connection 0x15272c000f40
x3002c0s37b0n0:3975:8264 [2] NCCL INFO transport/p2p.cc:449 Cuda Alloc Size 6291456 pointer 0x15279c000000
x3002c0s37b0n0:3976:8119 [3] NCCL INFO Channel 03/0 : 23[c7000] -> 22[85000] via P2P/IPC/read
x3002c0s37b0n0:3976:8270 [3] NCCL INFO New proxy send connection 11 from local rank 3, transport 0
x3002c0s37b0n0:3974:8263 [1] NCCL INFO transport/net_ib.cc:771 Ib Alloc Size 552 pointer 0x14d1b8041000
x3002c0s37b0n0:3974:8263 [1] NCCL INFO transport/net.cc:698 Cuda Host Alloc Size 9641984 pointer 0x14d220600000
x3002c0s37b0n0:3973:8288 [0] NCCL INFO New proxy recv connection 7 from local rank 0, transport 0
x3002c0s37b0n0:3976:8119 [3] NCCL INFO Connection to proxy localRank 3 -> connection 0x14f95c000f40
x3002c0s37b0n0:3976:8270 [3] NCCL INFO transport/p2p.cc:430 Cuda Alloc Size 6291456 pointer 0x14f9a8600000
x3002c0s37b0n0:3974:8263 [1] NCCL INFO transport/net_ib.cc:683 Ib Alloc Size 21688 pointer 0x14d1b8043000
x3002c0s37b0n0:3974:8263 [1] NCCL INFO transport/net_ib.cc:696 Ib Alloc Size 552 pointer 0x14d1b804a000
x3002c0s37b0n0:3973:8122 [0] NCCL INFO Connection to proxy localRank 0 -> connection 0x14942c000e40
x3002c0s37b0n0:3974:8263 [1] NCCL INFO transport/net_ib.cc:771 Ib Alloc Size 552 pointer 0x14d1b8065000
x3002c0s37b0n0:3973:8288 [0] NCCL INFO transport/p2p.cc:449 Cuda Alloc Size 6291456 pointer 0x149490000000
x3002c0s37b0n0:3974:8263 [1] NCCL INFO transport/net.cc:698 Cuda Host Alloc Size 9641984 pointer 0x14d221000000
x3002c0s37b0n0:3974:8263 [1] NCCL INFO transport/net_ib.cc:683 Ib Alloc Size 21688 pointer 0x14d1b8067000
x3002c0s37b0n0:3974:8263 [1] NCCL INFO transport/net_ib.cc:696 Ib Alloc Size 552 pointer 0x14d1b806e000
x3002c0s37b0n0:3974:8263 [1] NCCL INFO transport/net_ib.cc:771 Ib Alloc Size 552 pointer 0x14d1b8089000
x3002c0s37b0n0:3974:8263 [1] NCCL INFO transport/net.cc:698 Cuda Host Alloc Size 9641984 pointer 0x14d221a00000
x3002c0s37b0n0:3974:8263 [1] NCCL INFO transport/net_ib.cc:683 Ib Alloc Size 21688 pointer 0x14d1b808b000
x3002c0s37b0n0:3974:8263 [1] NCCL INFO transport/net_ib.cc:696 Ib Alloc Size 552 pointer 0x14d1b8092000
x3002c0s37b0n0:3974:8263 [1] NCCL INFO transport/net_ib.cc:771 Ib Alloc Size 552 pointer 0x14d1b80ad000
x3002c0s37b0n0:3974:8263 [1] NCCL INFO transport/net.cc:698 Cuda Host Alloc Size 9641984 pointer 0x14d222400000
x3002c0s37b0n0:3974:8121 [1] NCCL INFO Channel 00/0 : 21[46000] -> 20[7000] via P2P/IPC/read
x3002c0s37b0n0:3974:8263 [1] NCCL INFO New proxy send connection 4 from local rank 1, transport 0
x3002c0s37b0n0:3974:8121 [1] NCCL INFO Connection to proxy localRank 1 -> connection 0x14d1b8000d80
x3002c0s37b0n0:3974:8263 [1] NCCL INFO transport/p2p.cc:430 Cuda Alloc Size 6291456 pointer 0x14d222e00000
x3002c0s37b0n0:3974:8121 [1] NCCL INFO Channel 01/0 : 21[46000] -> 20[7000] via P2P/IPC/read
x3002c0s37b0n0:3974:8263 [1] NCCL INFO New proxy send connection 5 from local rank 1, transport 0
x3002c0s37b0n0:3974:8121 [1] NCCL INFO Connection to proxy localRank 1 -> connection 0x14d1b8000dc0
x3002c0s37b0n0:3974:8263 [1] NCCL INFO transport/p2p.cc:430 Cuda Alloc Size 6291456 pointer 0x14d223400000
x3002c0s37b0n0:3974:8121 [1] NCCL INFO Channel 02/0 : 21[46000] -> 20[7000] via P2P/IPC/read
x3002c0s37b0n0:3974:8263 [1] NCCL INFO New proxy send connection 6 from local rank 1, transport 0
x3002c0s37b0n0:3974:8121 [1] NCCL INFO Connection to proxy localRank 1 -> connection 0x14d1b8000e00
x3002c0s37b0n0:3974:8263 [1] NCCL INFO transport/p2p.cc:430 Cuda Alloc Size 6291456 pointer 0x14d223a00000
x3002c0s37b0n0:3974:8121 [1] NCCL INFO Channel 03/0 : 21[46000] -> 20[7000] via P2P/IPC/read
x3002c0s37b0n0:3974:8263 [1] NCCL INFO New proxy send connection 7 from local rank 1, transport 0
x3002c0s37b0n0:3974:8121 [1] NCCL INFO Connection to proxy localRank 1 -> connection 0x14d1b8000e40
x3002c0s37b0n0:3974:8263 [1] NCCL INFO transport/p2p.cc:430 Cuda Alloc Size 6291456 pointer 0x14d224000000
x3002c0s37b0n0:3974:8121 [1] NCCL INFO Connected all rings
x3002c0s37b0n0:3974:8263 [1] NCCL INFO New proxy recv connection 8 from local rank 1, transport 0
x3002c0s37b0n0:3973:8122 [0] NCCL INFO Connected all rings
x3002c0s37b0n0:3973:8122 [0] NCCL INFO Channel 00/0 : 20[7000] -> 21[46000] via P2P/IPC/read
x3002c0s37b0n0:3973:8288 [0] NCCL INFO New proxy send connection 8 from local rank 0, transport 0
x3002c0s37b0n0:3973:8122 [0] NCCL INFO Connection to proxy localRank 0 -> connection 0x14942c000e80
x3002c0s37b0n0:3973:8288 [0] NCCL INFO transport/p2p.cc:430 Cuda Alloc Size 6291456 pointer 0x149491e00000
x3002c0s37b0n0:3974:8121 [1] NCCL INFO Connection to proxy localRank 1 -> connection 0x14d1b8000e80
x3002c0s37b0n0:3974:8263 [1] NCCL INFO transport/p2p.cc:449 Cuda Alloc Size 6291456 pointer 0x14d225e00000
x3002c0s37b0n0:3973:8122 [0] NCCL INFO Channel 01/0 : 20[7000] -> 21[46000] via P2P/IPC/read
x3002c0s37b0n0:3973:8288 [0] NCCL INFO New proxy send connection 9 from local rank 0, transport 0
x3002c0s37b0n0:3974:8263 [1] NCCL INFO New proxy recv connection 9 from local rank 1, transport 0
x3002c0s37b0n0:3973:8122 [0] NCCL INFO Connection to proxy localRank 0 -> connection 0x14942c000ec0
x3002c0s37b0n0:3973:8288 [0] NCCL INFO transport/p2p.cc:430 Cuda Alloc Size 6291456 pointer 0x149492400000
x3002c0s37b0n0:3974:8121 [1] NCCL INFO Connection to proxy localRank 1 -> connection 0x14d1b8000ec0
x3002c0s37b0n0:3974:8263 [1] NCCL INFO transport/p2p.cc:449 Cuda Alloc Size 6291456 pointer 0x14d226400000
x3002c0s37b0n0:3973:8122 [0] NCCL INFO Channel 02/0 : 20[7000] -> 21[46000] via P2P/IPC/read
x3002c0s37b0n0:3973:8288 [0] NCCL INFO New proxy send connection 10 from local rank 0, transport 0
x3002c0s37b0n0:3974:8263 [1] NCCL INFO New proxy recv connection 10 from local rank 1, transport 0
x3002c0s37b0n0:3974:8121 [1] NCCL INFO Connection to proxy localRank 1 -> connection 0x14d1b8000f00
x3002c0s37b0n0:3974:8263 [1] NCCL INFO transport/p2p.cc:449 Cuda Alloc Size 6291456 pointer 0x14d226a00000
x3002c0s37b0n0:3973:8122 [0] NCCL INFO Connection to proxy localRank 0 -> connection 0x14942c000f00
x3002c0s37b0n0:3973:8288 [0] NCCL INFO transport/p2p.cc:430 Cuda Alloc Size 6291456 pointer 0x149492a00000
x3002c0s37b0n0:3974:8263 [1] NCCL INFO New proxy recv connection 11 from local rank 1, transport 0
x3002c0s37b0n0:3974:8121 [1] NCCL INFO Connection to proxy localRank 1 -> connection 0x14d1b8000f40
x3002c0s37b0n0:3974:8263 [1] NCCL INFO transport/p2p.cc:449 Cuda Alloc Size 6291456 pointer 0x14d227000000
x3002c0s37b0n0:3973:8122 [0] NCCL INFO Channel 03/0 : 20[7000] -> 21[46000] via P2P/IPC/read
x3002c0s37b0n0:3973:8288 [0] NCCL INFO New proxy send connection 11 from local rank 0, transport 0
x3002c0s37b0n0:3973:8122 [0] NCCL INFO Connection to proxy localRank 0 -> connection 0x14942c000f40
x3002c0s37b0n0:3973:8288 [0] NCCL INFO transport/p2p.cc:430 Cuda Alloc Size 6291456 pointer 0x149493000000
x3002c0s37b0n0:3974:8121 [1] NCCL INFO Channel 00/0 : 21[46000] -> 22[85000] via P2P/IPC/read
x3002c0s37b0n0:3974:8263 [1] NCCL INFO New proxy send connection 12 from local rank 1, transport 0
x3002c0s37b0n0:3974:8121 [1] NCCL INFO Connection to proxy localRank 1 -> connection 0x14d1b8000f80
x3002c0s37b0n0:3974:8263 [1] NCCL INFO transport/p2p.cc:430 Cuda Alloc Size 6291456 pointer 0x14d227600000
x3002c0s37b0n0:3974:8121 [1] NCCL INFO Channel 01/0 : 21[46000] -> 22[85000] via P2P/IPC/read
x3002c0s37b0n0:3974:8263 [1] NCCL INFO New proxy send connection 13 from local rank 1, transport 0
x3002c0s37b0n0:3974:8121 [1] NCCL INFO Connection to proxy localRank 1 -> connection 0x14d1b8000fc0
x3002c0s37b0n0:3974:8263 [1] NCCL INFO transport/p2p.cc:430 Cuda Alloc Size 6291456 pointer 0x14d227c00000
x3002c0s37b0n0:3974:8121 [1] NCCL INFO Channel 02/0 : 21[46000] -> 22[85000] via P2P/IPC/read
x3002c0s37b0n0:3974:8263 [1] NCCL INFO New proxy send connection 14 from local rank 1, transport 0
x3002c0s37b0n0:3974:8121 [1] NCCL INFO Connection to proxy localRank 1 -> connection 0x14d1b8001000
x3002c0s37b0n0:3974:8263 [1] NCCL INFO transport/p2p.cc:430 Cuda Alloc Size 6291456 pointer 0x14d228200000
x3002c0s37b0n0:3974:8121 [1] NCCL INFO Channel 03/0 : 21[46000] -> 22[85000] via P2P/IPC/read
x3002c0s37b0n0:3974:8263 [1] NCCL INFO New proxy send connection 15 from local rank 1, transport 0
x3002c0s37b0n0:3974:8121 [1] NCCL INFO Connection to proxy localRank 1 -> connection 0x14d1b8001040
x3002c0s37b0n0:3974:8263 [1] NCCL INFO transport/p2p.cc:430 Cuda Alloc Size 6291456 pointer 0x14d228800000
x3002c0s37b0n0:3975:8264 [2] NCCL INFO New proxy recv connection 12 from local rank 2, transport 0
x3002c0s37b0n0:3973:8122 [0] NCCL INFO GPU Direct RDMA Disabled for GPU 7000 / HCA 1 (distance 7 > 4)
x3002c0s37b0n0:3973:8288 [0] NCCL INFO Allocated 4194656 bytes of shared memory in /dev/shm/nccl-UCwK0C

x3002c0s37b0n0:3973:8288 [0] NCCL INFO New proxy recv connection 12 from local rank 0, transport 2
x3002c0s37b0n0:3974:8263 [1] NCCL INFO New proxy recv connection 16 from local rank 1, transport 0
x3002c0s37b0n0:3973:8122 [0] NCCL INFO Connection to proxy localRank 0 -> connection 0x14942c000f80
x3002c0s37b0n0:3975:8120 [2] NCCL INFO Connection to proxy localRank 2 -> connection 0x15272c000f80
x3002c0s37b0n0:3975:8264 [2] NCCL INFO transport/p2p.cc:449 Cuda Alloc Size 6291456 pointer 0x152732600000
x3002c0s37b0n0:3974:8121 [1] NCCL INFO Connection to proxy localRank 1 -> connection 0x14d1b8001080
x3002c0s37b0n0:3974:8263 [1] NCCL INFO transport/p2p.cc:449 Cuda Alloc Size 6291456 pointer 0x14d1b4600000
x3002c0s37b0n0:3973:8122 [0] NCCL INFO Channel 00/0 : 16[7000] -> 20[7000] [receive] via NET/IB/1
x3002c0s37b0n0:3973:8122 [0] NCCL INFO GPU Direct RDMA Disabled for GPU 7000 / HCA 0 (distance 7 > 4)
x3002c0s37b0n0:3973:8288 [0] NCCL INFO New proxy recv connection 13 from local rank 0, transport 2
x3002c0s37b0n0:3975:8264 [2] NCCL INFO New proxy recv connection 13 from local rank 2, transport 0
x3002c0s37b0n0:3973:8122 [0] NCCL INFO Connection to proxy localRank 0 -> connection 0x14942c000fc0
x3002c0s37b0n0:3974:8263 [1] NCCL INFO New proxy recv connection 17 from local rank 1, transport 0
