x3004c0s31b0n0:45889:47059 [3] NCCL INFO transport/net_ib.cc:596 Ib Alloc Size 26560 pointer 0x14d8a4020000
x3004c0s31b0n0:45883:47057 [1] NCCL INFO transport/net_ib.cc:683 Ib Alloc Size 21688 pointer 0x14c9c404d000
x3004c0s31b0n0:45889:47059 [3] NCCL INFO NET/IB: Dev 1 Port 1 qpn 21631 mtu 5 GID 0 (80FE/DB0100FEFF000000)
x3004c0s31b0n0:45889:47059 [3] NCCL INFO transport/net_ib.cc:653 Ib Alloc Size 552 pointer 0x14d8a4042000
x3004c0s31b0n0:45889:47059 [3] NCCL INFO transport/net.cc:571 Cuda Host Alloc Size 9641984 pointer 0x14d8f3000000
x3004c0s31b0n0:45889:47059 [3] NCCL INFO Mem Realloc old size 0, new size 768 pointer 0x14d8a402f5c0
x3004c0s31b0n0:45886:47058 [2] NCCL INFO New proxy recv connection 7 from local rank 2, transport 0
x3004c0s31b0n0:45883:47057 [1] NCCL INFO transport/net_ib.cc:696 Ib Alloc Size 552 pointer 0x14c9c4054000
x3004c0s31b0n0:45886:46886 [2] NCCL INFO Connection to proxy localRank 2 -> connection 0x1454a8000e40
x3004c0s31b0n0:45886:47058 [2] NCCL INFO transport/p2p.cc:449 Cuda Alloc Size 6291456 pointer 0x1454a4000000
x3004c0s31b0n0:45889:47059 [3] NCCL INFO transport/net_ib.cc:596 Ib Alloc Size 26560 pointer 0x14d8a4042000
x3004c0s31b0n0:45889:47059 [3] NCCL INFO NET/IB: Dev 0 Port 1 qpn 23998 mtu 5 GID 0 (80FE/9E0100FEFF000000)
x3004c0s31b0n0:45889:47059 [3] NCCL INFO transport/net_ib.cc:653 Ib Alloc Size 552 pointer 0x14d8a4064000
x3004c0s31b0n0:45883:47057 [1] NCCL INFO transport/net_ib.cc:771 Ib Alloc Size 552 pointer 0x14c9c4079000
x3004c0s31b0n0:45883:47057 [1] NCCL INFO transport/net.cc:698 Cuda Host Alloc Size 9641984 pointer 0x14c9c2a00000
x3004c0s31b0n0:45883:47057 [1] NCCL INFO Mem Realloc old size 0, new size 768 pointer 0x14c9c406e880
x3004c0s31b0n0:45889:47059 [3] NCCL INFO transport/net.cc:571 Cuda Host Alloc Size 9641984 pointer 0x14d8f3a00000
x3004c0s31b0n0:45889:47059 [3] NCCL INFO Mem Realloc old size 0, new size 768 pointer 0x14d8a4051c50
x3004c0s31b0n0:45883:47057 [1] NCCL INFO transport/net_ib.cc:683 Ib Alloc Size 21688 pointer 0x14c9c407b000
x3004c0s31b0n0:45883:47057 [1] NCCL INFO transport/net_ib.cc:696 Ib Alloc Size 552 pointer 0x14c9c4082000
x3004c0s31b0n0:45889:47059 [3] NCCL INFO transport/net_ib.cc:596 Ib Alloc Size 26560 pointer 0x14d8a4066000
x3004c0s31b0n0:45889:47059 [3] NCCL INFO NET/IB: Dev 1 Port 1 qpn 21632 mtu 5 GID 0 (80FE/DB0100FEFF000000)
x3004c0s31b0n0:45889:47059 [3] NCCL INFO transport/net_ib.cc:653 Ib Alloc Size 552 pointer 0x14d8a407d000
x3004c0s31b0n0:45889:47059 [3] NCCL INFO transport/net.cc:571 Cuda Host Alloc Size 9641984 pointer 0x14d8f4400000
x3004c0s31b0n0:45886:46886 [2] NCCL INFO Connected all rings
x3004c0s31b0n0:45880:47062 [0] NCCL INFO New proxy recv connection 4 from local rank 0, transport 0
x3004c0s31b0n0:45889:47059 [3] NCCL INFO transport/net_ib.cc:596 Ib Alloc Size 26560 pointer 0x14d8a407f000
x3004c0s31b0n0:45886:47058 [2] NCCL INFO New proxy recv connection 8 from local rank 2, transport 0
x3004c0s31b0n0:45889:47059 [3] NCCL INFO NET/IB: Dev 0 Port 1 qpn 24000 mtu 5 GID 0 (80FE/9E0100FEFF000000)
x3004c0s31b0n0:45889:47059 [3] NCCL INFO transport/net_ib.cc:653 Ib Alloc Size 552 pointer 0x14d8a4096000
x3004c0s31b0n0:45889:47059 [3] NCCL INFO transport/net.cc:571 Cuda Host Alloc Size 9641984 pointer 0x14d8f4e00000
x3004c0s31b0n0:45883:47057 [1] NCCL INFO transport/net_ib.cc:771 Ib Alloc Size 552 pointer 0x14c9c409d000
x3004c0s31b0n0:45883:47057 [1] NCCL INFO transport/net.cc:698 Cuda Host Alloc Size 9641984 pointer 0x14c9c3400000
x3004c0s31b0n0:45880:46885 [0] NCCL INFO Connection to proxy localRank 0 -> connection 0x152654000d80
x3004c0s31b0n0:45880:47062 [0] NCCL INFO transport/p2p.cc:449 Cuda Alloc Size 6291456 pointer 0x152652c00000
x3004c0s31b0n0:45886:46886 [2] NCCL INFO Connection to proxy localRank 2 -> connection 0x1454a8000e80
x3004c0s31b0n0:45886:47058 [2] NCCL INFO transport/p2p.cc:449 Cuda Alloc Size 6291456 pointer 0x1454a2000000
x3004c0s31b0n0:45889:46887 [3] NCCL INFO Connected all rings
x3004c0s31b0n0:45889:46887 [3] NCCL INFO Channel 00/0 : 19[c7000] -> 18[85000] via P2P/IPC/read
x3004c0s31b0n0:45883:47057 [1] NCCL INFO transport/net_ib.cc:683 Ib Alloc Size 21688 pointer 0x14c9c409f000
x3004c0s31b0n0:45883:47057 [1] NCCL INFO transport/net_ib.cc:696 Ib Alloc Size 552 pointer 0x14c9c40a6000
x3004c0s31b0n0:45889:47059 [3] NCCL INFO New proxy send connection 8 from local rank 3, transport 0
x3004c0s31b0n0:45883:47057 [1] NCCL INFO transport/net_ib.cc:771 Ib Alloc Size 552 pointer 0x14c9c40c1000
x3004c0s31b0n0:45883:47057 [1] NCCL INFO transport/net.cc:698 Cuda Host Alloc Size 9641984 pointer 0x14c9c0000000
x3004c0s31b0n0:45889:46887 [3] NCCL INFO Connection to proxy localRank 3 -> connection 0x14d8a4000e80
x3004c0s31b0n0:45889:47059 [3] NCCL INFO transport/p2p.cc:430 Cuda Alloc Size 6291456 pointer 0x14d8f5800000
x3004c0s31b0n0:45880:47062 [0] NCCL INFO New proxy recv connection 5 from local rank 0, transport 0
x3004c0s31b0n0:45883:46890 [1] NCCL INFO Channel 00/0 : 17[46000] -> 16[7000] via P2P/IPC/read
x3004c0s31b0n0:45883:47057 [1] NCCL INFO New proxy send connection 4 from local rank 1, transport 0
x3004c0s31b0n0:45886:47058 [2] NCCL INFO New proxy recv connection 9 from local rank 2, transport 0
x3004c0s31b0n0:45889:46887 [3] NCCL INFO Channel 01/0 : 19[c7000] -> 18[85000] via P2P/IPC/read
x3004c0s31b0n0:45889:47059 [3] NCCL INFO New proxy send connection 9 from local rank 3, transport 0
x3004c0s31b0n0:45880:46885 [0] NCCL INFO Connection to proxy localRank 0 -> connection 0x152654000dc0
x3004c0s31b0n0:45880:47062 [0] NCCL INFO transport/p2p.cc:449 Cuda Alloc Size 6291456 pointer 0x152653200000
x3004c0s31b0n0:45889:46887 [3] NCCL INFO Connection to proxy localRank 3 -> connection 0x14d8a4000ec0
x3004c0s31b0n0:45889:47059 [3] NCCL INFO transport/p2p.cc:430 Cuda Alloc Size 6291456 pointer 0x14d8f5e00000
x3004c0s31b0n0:45883:46890 [1] NCCL INFO Connection to proxy localRank 1 -> connection 0x14c9c4000d80
x3004c0s31b0n0:45883:47057 [1] NCCL INFO transport/p2p.cc:430 Cuda Alloc Size 6291456 pointer 0x14c9c0a00000
x3004c0s31b0n0:45886:46886 [2] NCCL INFO Connection to proxy localRank 2 -> connection 0x1454a8000ec0
x3004c0s31b0n0:45886:47058 [2] NCCL INFO transport/p2p.cc:449 Cuda Alloc Size 6291456 pointer 0x1454a2600000
x3004c0s31b0n0:45889:46887 [3] NCCL INFO Channel 02/0 : 19[c7000] -> 18[85000] via P2P/IPC/read
x3004c0s31b0n0:45889:47059 [3] NCCL INFO New proxy send connection 10 from local rank 3, transport 0
x3004c0s31b0n0:45883:46890 [1] NCCL INFO Channel 01/0 : 17[46000] -> 16[7000] via P2P/IPC/read
x3004c0s31b0n0:45883:47057 [1] NCCL INFO New proxy send connection 5 from local rank 1, transport 0
x3004c0s31b0n0:45880:47062 [0] NCCL INFO New proxy recv connection 6 from local rank 0, transport 0
x3004c0s31b0n0:45886:47058 [2] NCCL INFO New proxy recv connection 10 from local rank 2, transport 0
x3004c0s31b0n0:45883:46890 [1] NCCL INFO Connection to proxy localRank 1 -> connection 0x14c9c4000dc0
x3004c0s31b0n0:45883:47057 [1] NCCL INFO transport/p2p.cc:430 Cuda Alloc Size 6291456 pointer 0x14c9c1000000
x3004c0s31b0n0:45889:46887 [3] NCCL INFO Connection to proxy localRank 3 -> connection 0x14d8a4000f00
x3004c0s31b0n0:45889:47059 [3] NCCL INFO transport/p2p.cc:430 Cuda Alloc Size 6291456 pointer 0x14d8f6400000
x3004c0s31b0n0:45880:46885 [0] NCCL INFO Connection to proxy localRank 0 -> connection 0x152654000e00
x3004c0s31b0n0:45880:47062 [0] NCCL INFO transport/p2p.cc:449 Cuda Alloc Size 6291456 pointer 0x152653800000
x3004c0s31b0n0:45889:46887 [3] NCCL INFO Channel 03/0 : 19[c7000] -> 18[85000] via P2P/IPC/read
x3004c0s31b0n0:45889:47059 [3] NCCL INFO New proxy send connection 11 from local rank 3, transport 0
x3004c0s31b0n0:45886:46886 [2] NCCL INFO Connection to proxy localRank 2 -> connection 0x1454a8000f00
x3004c0s31b0n0:45886:47058 [2] NCCL INFO transport/p2p.cc:449 Cuda Alloc Size 6291456 pointer 0x1454a2c00000
x3004c0s31b0n0:45883:46890 [1] NCCL INFO Channel 02/0 : 17[46000] -> 16[7000] via P2P/IPC/read
x3004c0s31b0n0:45883:47057 [1] NCCL INFO New proxy send connection 6 from local rank 1, transport 0
x3004c0s31b0n0:45880:47062 [0] NCCL INFO New proxy recv connection 7 from local rank 0, transport 0
x3004c0s31b0n0:45889:46887 [3] NCCL INFO Connection to proxy localRank 3 -> connection 0x14d8a4000f40
x3004c0s31b0n0:45889:47059 [3] NCCL INFO transport/p2p.cc:430 Cuda Alloc Size 6291456 pointer 0x14d8f6a00000
x3004c0s31b0n0:45886:47058 [2] NCCL INFO New proxy recv connection 11 from local rank 2, transport 0
x3004c0s31b0n0:45883:46890 [1] NCCL INFO Connection to proxy localRank 1 -> connection 0x14c9c4000e00
x3004c0s31b0n0:45883:47057 [1] NCCL INFO transport/p2p.cc:430 Cuda Alloc Size 6291456 pointer 0x14c9c1600000
x3004c0s31b0n0:45880:46885 [0] NCCL INFO Connection to proxy localRank 0 -> connection 0x152654000e40
x3004c0s31b0n0:45880:47062 [0] NCCL INFO transport/p2p.cc:449 Cuda Alloc Size 6291456 pointer 0x152650000000
x3004c0s31b0n0:45886:46886 [2] NCCL INFO Connection to proxy localRank 2 -> connection 0x1454a8000f40
x3004c0s31b0n0:45886:47058 [2] NCCL INFO transport/p2p.cc:449 Cuda Alloc Size 6291456 pointer 0x1454a3200000
x3004c0s31b0n0:45883:46890 [1] NCCL INFO Channel 03/0 : 17[46000] -> 16[7000] via P2P/IPC/read
x3004c0s31b0n0:45883:47057 [1] NCCL INFO New proxy send connection 7 from local rank 1, transport 0
x3004c0s31b0n0:45883:46890 [1] NCCL INFO Connection to proxy localRank 1 -> connection 0x14c9c4000e40
x3004c0s31b0n0:45883:47057 [1] NCCL INFO transport/p2p.cc:430 Cuda Alloc Size 6291456 pointer 0x14c9d1a00000
x3004c0s31b0n0:45883:46890 [1] NCCL INFO Connected all rings
x3004c0s31b0n0:45880:46885 [0] NCCL INFO Connected all rings
x3004c0s31b0n0:45880:46885 [0] NCCL INFO Channel 00/0 : 16[7000] -> 17[46000] via P2P/IPC/read
x3004c0s31b0n0:45880:47062 [0] NCCL INFO New proxy send connection 8 from local rank 0, transport 0
x3004c0s31b0n0:45883:47057 [1] NCCL INFO New proxy recv connection 8 from local rank 1, transport 0
x3004c0s31b0n0:45880:46885 [0] NCCL INFO Connection to proxy localRank 0 -> connection 0x152654000e80
x3004c0s31b0n0:45880:47062 [0] NCCL INFO transport/p2p.cc:430 Cuda Alloc Size 6291456 pointer 0x15264e000000
x3004c0s31b0n0:45883:46890 [1] NCCL INFO Connection to proxy localRank 1 -> connection 0x14c9c4000e80
x3004c0s31b0n0:45883:47057 [1] NCCL INFO transport/p2p.cc:449 Cuda Alloc Size 6291456 pointer 0x14c9bf800000
x3004c0s31b0n0:45880:46885 [0] NCCL INFO Channel 01/0 : 16[7000] -> 17[46000] via P2P/IPC/read
x3004c0s31b0n0:45880:47062 [0] NCCL INFO New proxy send connection 9 from local rank 0, transport 0
x3004c0s31b0n0:45883:47057 [1] NCCL INFO New proxy recv connection 9 from local rank 1, transport 0
x3004c0s31b0n0:45880:46885 [0] NCCL INFO Connection to proxy localRank 0 -> connection 0x152654000ec0
x3004c0s31b0n0:45880:47062 [0] NCCL INFO transport/p2p.cc:430 Cuda Alloc Size 6291456 pointer 0x15264e600000
x3004c0s31b0n0:45883:46890 [1] NCCL INFO Connection to proxy localRank 1 -> connection 0x14c9c4000ec0
x3004c0s31b0n0:45883:47057 [1] NCCL INFO transport/p2p.cc:449 Cuda Alloc Size 6291456 pointer 0x14c9bc000000
x3004c0s31b0n0:45880:46885 [0] NCCL INFO Channel 02/0 : 16[7000] -> 17[46000] via P2P/IPC/read
x3004c0s31b0n0:45880:47062 [0] NCCL INFO New proxy send connection 10 from local rank 0, transport 0
x3004c0s31b0n0:45883:47057 [1] NCCL INFO New proxy recv connection 10 from local rank 1, transport 0
x3004c0s31b0n0:45883:46890 [1] NCCL INFO Connection to proxy localRank 1 -> connection 0x14c9c4000f00
x3004c0s31b0n0:45883:47057 [1] NCCL INFO transport/p2p.cc:449 Cuda Alloc Size 6291456 pointer 0x14c9bc600000
x3004c0s31b0n0:45880:46885 [0] NCCL INFO Connection to proxy localRank 0 -> connection 0x152654000f00
x3004c0s31b0n0:45880:47062 [0] NCCL INFO transport/p2p.cc:430 Cuda Alloc Size 6291456 pointer 0x15264ec00000
x3004c0s31b0n0:45880:46885 [0] NCCL INFO Channel 03/0 : 16[7000] -> 17[46000] via P2P/IPC/read
x3004c0s31b0n0:45880:47062 [0] NCCL INFO New proxy send connection 11 from local rank 0, transport 0
x3004c0s31b0n0:45883:47057 [1] NCCL INFO New proxy recv connection 11 from local rank 1, transport 0
x3004c0s31b0n0:45883:46890 [1] NCCL INFO Connection to proxy localRank 1 -> connection 0x14c9c4000f40
x3004c0s31b0n0:45883:47057 [1] NCCL INFO transport/p2p.cc:449 Cuda Alloc Size 6291456 pointer 0x14c9bcc00000
x3004c0s31b0n0:45880:46885 [0] NCCL INFO Connection to proxy localRank 0 -> connection 0x152654000f40
x3004c0s31b0n0:45880:47062 [0] NCCL INFO transport/p2p.cc:430 Cuda Alloc Size 6291456 pointer 0x15264f200000
x3004c0s31b0n0:45883:46890 [1] NCCL INFO Channel 00/0 : 17[46000] -> 18[85000] via P2P/IPC/read
x3004c0s31b0n0:45883:47057 [1] NCCL INFO New proxy send connection 12 from local rank 1, transport 0
x3004c0s31b0n0:45883:46890 [1] NCCL INFO Connection to proxy localRank 1 -> connection 0x14c9c4000f80
x3004c0s31b0n0:45883:47057 [1] NCCL INFO transport/p2p.cc:430 Cuda Alloc Size 6291456 pointer 0x14c9bd200000
x3004c0s31b0n0:45883:46890 [1] NCCL INFO Channel 01/0 : 17[46000] -> 18[85000] via P2P/IPC/read
x3004c0s31b0n0:45883:47057 [1] NCCL INFO New proxy send connection 13 from local rank 1, transport 0
x3004c0s31b0n0:45883:46890 [1] NCCL INFO Connection to proxy localRank 1 -> connection 0x14c9c4000fc0
x3004c0s31b0n0:45883:47057 [1] NCCL INFO transport/p2p.cc:430 Cuda Alloc Size 6291456 pointer 0x14c9bd800000
x3004c0s31b0n0:45883:46890 [1] NCCL INFO Channel 02/0 : 17[46000] -> 18[85000] via P2P/IPC/read
x3004c0s31b0n0:45883:47057 [1] NCCL INFO New proxy send connection 14 from local rank 1, transport 0
x3004c0s31b0n0:45883:46890 [1] NCCL INFO Connection to proxy localRank 1 -> connection 0x14c9c4001000
x3004c0s31b0n0:45883:47057 [1] NCCL INFO transport/p2p.cc:430 Cuda Alloc Size 6291456 pointer 0x14c9ba000000
x3004c0s31b0n0:45883:46890 [1] NCCL INFO Channel 03/0 : 17[46000] -> 18[85000] via P2P/IPC/read
x3004c0s31b0n0:45883:47057 [1] NCCL INFO New proxy send connection 15 from local rank 1, transport 0
x3004c0s31b0n0:45883:46890 [1] NCCL INFO Connection to proxy localRank 1 -> connection 0x14c9c4001040
x3004c0s31b0n0:45883:47057 [1] NCCL INFO transport/p2p.cc:430 Cuda Alloc Size 6291456 pointer 0x14c9ba600000
x3004c0s31b0n0:45883:46890 [1] NCCL INFO GPU Direct RDMA Disabled for GPU 46000 / HCA 1 (distance 6 > 4)
x3004c0s31b0n0:45886:47058 [2] NCCL INFO New proxy recv connection 12 from local rank 2, transport 0
x3004c0s31b0n0:45880:46885 [0] NCCL INFO GPU Direct RDMA Disabled for GPU 7000 / HCA 1 (distance 7 > 4)
x3004c0s31b0n0:45880:47062 [0] NCCL INFO Allocated 4194656 bytes of shared memory in /dev/shm/nccl-s5XBzs

x3004c0s31b0n0:45880:47062 [0] NCCL INFO New proxy recv connection 12 from local rank 0, transport 2
x3004c0s31b0n0:45883:47057 [1] NCCL INFO New proxy recv connection 16 from local rank 1, transport 2
x3004c0s31b0n0:45883:46890 [1] NCCL INFO Connection to proxy localRank 1 -> connection 0x14c9c4001080
x3004c0s31b0n0:45880:46885 [0] NCCL INFO Connection to proxy localRank 0 -> connection 0x152654000f80
x3004c0s31b0n0:45886:46886 [2] NCCL INFO Connection to proxy localRank 2 -> connection 0x1454a8000f80
x3004c0s31b0n0:45886:47058 [2] NCCL INFO transport/p2p.cc:449 Cuda Alloc Size 6291456 pointer 0x1454a1200000
x3004c0s31b0n0:45883:46890 [1] NCCL INFO Channel 00/0 : 8[7000] -> 17[46000] [receive] via NET/IB/1
x3004c0s31b0n0:45883:46890 [1] NCCL INFO GPU Direct RDMA Disabled for GPU 46000 / HCA 0 (distance 7 > 4)
x3004c0s31b0n0:45883:47057 [1] NCCL INFO New proxy recv connection 17 from local rank 1, transport 2
x3004c0s31b0n0:45880:46885 [0] NCCL INFO Channel 02/0 : 12[7000] -> 16[7000] [receive] via NET/IB/1
x3004c0s31b0n0:45880:46885 [0] NCCL INFO GPU Direct RDMA Disabled for GPU 7000 / HCA 0 (distance 7 > 4)
x3004c0s31b0n0:45880:47062 [0] NCCL INFO New proxy recv connection 13 from local rank 0, transport 2
x3004c0s31b0n0:45886:47058 [2] NCCL INFO New proxy recv connection 13 from local rank 2, transport 0
x3004c0s31b0n0:45883:46890 [1] NCCL INFO Connection to proxy localRank 1 -> connection 0x14c9c40010c0
x3004c0s31b0n0:45880:46885 [0] NCCL INFO Connection to proxy localRank 0 -> connection 0x152654000fc0
x3004c0s31b0n0:45886:46886 [2] NCCL INFO Connection to proxy localRank 2 -> connection 0x1454a8000fc0
x3004c0s31b0n0:45886:47058 [2] NCCL INFO transport/p2p.cc:449 Cuda Alloc Size 6291456 pointer 0x1454a1800000
x3004c0s31b0n0:45880:46885 [0] NCCL INFO Channel 03/0 : 12[7000] -> 16[7000] [receive] via NET/IB/0
x3004c0s31b0n0:45880:46885 [0] NCCL INFO GPU Direct RDMA Disabled for GPU 7000 / HCA 1 (distance 7 > 4)
x3004c0s31b0n0:45886:47058 [2] NCCL INFO New proxy recv connection 14 from local rank 2, transport 0
x3004c0s31b0n0:45883:46890 [1] NCCL INFO Channel 01/0 : 8[7000] -> 17[46000] [receive] via NET/IB/0
x3004c0s31b0n0:45880:47062 [0] NCCL INFO New proxy send connection 14 from local rank 0, transport 2
x3004c0s31b0n0:45880:46885 [0] NCCL INFO Connection to proxy localRank 0 -> connection 0x152654001000
x3004c0s31b0n0:45880:46885 [0] NCCL INFO Channel 00/0 : 16[7000] -> 0[7000] [send] via NET/IB/1
x3004c0s31b0n0:45880:46885 [0] NCCL INFO GPU Direct RDMA Disabled for GPU 7000 / HCA 0 (distance 7 > 4)
x3004c0s31b0n0:45880:47062 [0] NCCL INFO New proxy send connection 15 from local rank 0, transport 2
x3004c0s31b0n0:45886:46886 [2] NCCL INFO Connection to proxy localRank 2 -> connection 0x1454a8001000
x3004c0s31b0n0:45886:47058 [2] NCCL INFO transport/p2p.cc:449 Cuda Alloc Size 6291456 pointer 0x14549e000000
x3004c0s31b0n0:45880:46885 [0] NCCL INFO Connection to proxy localRank 0 -> connection 0x152654001040
x3004c0s31b0n0:45880:46885 [0] NCCL INFO Channel 01/0 : 16[7000] -> 0[7000] [send] via NET/IB/0
x3004c0s31b0n0:45886:47058 [2] NCCL INFO New proxy recv connection 15 from local rank 2, transport 0
x3004c0s31b0n0:45886:46886 [2] NCCL INFO Connection to proxy localRank 2 -> connection 0x1454a8001040
x3004c0s31b0n0:45886:47058 [2] NCCL INFO transport/p2p.cc:449 Cuda Alloc Size 6291456 pointer 0x14549e600000
x3004c0s31b0n0:45886:46886 [2] NCCL INFO Channel 00/0 : 18[85000] -> 17[46000] via P2P/IPC/read
x3004c0s31b0n0:45886:47058 [2] NCCL INFO New proxy send connection 16 from local rank 2, transport 0
x3004c0s31b0n0:45880:47062 [0] NCCL INFO transport/net_ib.cc:596 Ib Alloc Size 26560 pointer 0x152654026000
x3004c0s31b0n0:45880:47062 [0] NCCL INFO NET/IB: Dev 1 Port 1 qpn 21635 mtu 5 GID 0 (80FE/DB0100FEFF000000)
x3004c0s31b0n0:45880:47062 [0] NCCL INFO transport/net_ib.cc:653 Ib Alloc Size 552 pointer 0x152654048000
x3004c0s31b0n0:45880:47062 [0] NCCL INFO transport/net.cc:571 Cuda Host Alloc Size 9641984 pointer 0x15264d200000
x3004c0s31b0n0:45880:47062 [0] NCCL INFO Mem Realloc old size 0, new size 768 pointer 0x1526540354d0
x3004c0s31b0n0:45886:46886 [2] NCCL INFO Connection to proxy localRank 2 -> connection 0x1454a8001080
x3004c0s31b0n0:45886:47058 [2] NCCL INFO transport/p2p.cc:430 Cuda Alloc Size 6291456 pointer 0x14549ec00000
x3004c0s31b0n0:45880:47062 [0] NCCL INFO transport/net_ib.cc:596 Ib Alloc Size 26560 pointer 0x15265404a000
x3004c0s31b0n0:45886:46886 [2] NCCL INFO Channel 01/0 : 18[85000] -> 17[46000] via P2P/IPC/read
x3004c0s31b0n0:45886:47058 [2] NCCL INFO New proxy send connection 17 from local rank 2, transport 0
x3004c0s31b0n0:45886:46886 [2] NCCL INFO Connection to proxy localRank 2 -> connection 0x1454a80010c0
x3004c0s31b0n0:45886:47058 [2] NCCL INFO transport/p2p.cc:430 Cuda Alloc Size 6291456 pointer 0x14549f200000
x3004c0s31b0n0:45880:47062 [0] NCCL INFO NET/IB: Dev 0 Port 1 qpn 24003 mtu 5 GID 0 (80FE/9E0100FEFF000000)
x3004c0s31b0n0:45880:47062 [0] NCCL INFO transport/net_ib.cc:653 Ib Alloc Size 552 pointer 0x15265406b000
x3004c0s31b0n0:45880:47062 [0] NCCL INFO transport/net.cc:571 Cuda Host Alloc Size 9641984 pointer 0x152646000000
x3004c0s31b0n0:45880:47062 [0] NCCL INFO Mem Realloc old size 0, new size 768 pointer 0x152654056050
x3004c0s31b0n0:45886:46886 [2] NCCL INFO Channel 02/0 : 18[85000] -> 17[46000] via P2P/IPC/read
x3004c0s31b0n0:45886:47058 [2] NCCL INFO New proxy send connection 18 from local rank 2, transport 0
x3004c0s31b0n0:45883:47057 [1] NCCL INFO transport/net_ib.cc:683 Ib Alloc Size 21688 pointer 0x14c9c40d2000
x3004c0s31b0n0:45883:47057 [1] NCCL INFO transport/net_ib.cc:696 Ib Alloc Size 552 pointer 0x14c9c4019000
x3004c0s31b0n0:45880:47062 [0] NCCL INFO transport/net_ib.cc:683 Ib Alloc Size 21688 pointer 0x15265406d000
x3004c0s31b0n0:45880:47062 [0] NCCL INFO transport/net_ib.cc:696 Ib Alloc Size 552 pointer 0x152654074000
x3004c0s31b0n0:45886:46886 [2] NCCL INFO Connection to proxy localRank 2 -> connection 0x1454a8001100
x3004c0s31b0n0:45886:47058 [2] NCCL INFO transport/p2p.cc:430 Cuda Alloc Size 6291456 pointer 0x14549f800000
x3004c0s31b0n0:45880:47062 [0] NCCL INFO transport/net_ib.cc:771 Ib Alloc Size 552 pointer 0x152654090000
x3004c0s31b0n0:45883:47057 [1] NCCL INFO transport/net_ib.cc:771 Ib Alloc Size 552 pointer 0x14c9c40f2000
x3004c0s31b0n0:45880:47062 [0] NCCL INFO transport/net.cc:698 Cuda Host Alloc Size 9641984 pointer 0x152646a00000
x3004c0s31b0n0:45883:47057 [1] NCCL INFO transport/net.cc:698 Cuda Host Alloc Size 9641984 pointer 0x14c9b6000000
x3004c0s31b0n0:45883:47057 [1] NCCL INFO transport/net_ib.cc:683 Ib Alloc Size 21688 pointer 0x14c9c40f4000
x3004c0s31b0n0:45883:47057 [1] NCCL INFO transport/net_ib.cc:696 Ib Alloc Size 552 pointer 0x14c9c40fb000
x3004c0s31b0n0:45880:47062 [0] NCCL INFO transport/net_ib.cc:683 Ib Alloc Size 21688 pointer 0x152654092000
x3004c0s31b0n0:45880:47062 [0] NCCL INFO transport/net_ib.cc:696 Ib Alloc Size 552 pointer 0x152654099000
x3004c0s31b0n0:45886:46886 [2] NCCL INFO Channel 03/0 : 18[85000] -> 17[46000] via P2P/IPC/read
x3004c0s31b0n0:45886:47058 [2] NCCL INFO New proxy send connection 19 from local rank 2, transport 0
x3004c0s31b0n0:45883:47057 [1] NCCL INFO transport/net_ib.cc:771 Ib Alloc Size 552 pointer 0x14c9c4116000
x3004c0s31b0n0:45883:47057 [1] NCCL INFO transport/net.cc:698 Cuda Host Alloc Size 9641984 pointer 0x14c9b6a00000
x3004c0s31b0n0:45880:47062 [0] NCCL INFO transport/net_ib.cc:771 Ib Alloc Size 552 pointer 0x1526540b4000
x3004c0s31b0n0:45880:47062 [0] NCCL INFO transport/net.cc:698 Cuda Host Alloc Size 9641984 pointer 0x152647400000
x3004c0s31b0n0:45883:46890 [1] NCCL INFO GPU Direct RDMA Disabled for GPU 46000 / HCA 1 (distance 6 > 4)
x3004c0s31b0n0:45883:47057 [1] NCCL INFO New proxy send connection 18 from local rank 1, transport 2
x3004c0s31b0n0:45880:46885 [0] NCCL INFO GPU Direct RDMA Disabled for GPU 7000 / HCA 1 (distance 7 > 4)
x3004c0s31b0n0:45880:47062 [0] NCCL INFO New proxy recv connection 16 from local rank 0, transport 2
x3004c0s31b0n0:45886:46886 [2] NCCL INFO Connection to proxy localRank 2 -> connection 0x1454a8001140
x3004c0s31b0n0:45886:47058 [2] NCCL INFO transport/p2p.cc:430 Cuda Alloc Size 6291456 pointer 0x14549c000000
x3004c0s31b0n0:45880:46885 [0] NCCL INFO Connection to proxy localRank 0 -> connection 0x152654001080
x3004c0s31b0n0:45883:46890 [1] NCCL INFO Connection to proxy localRank 1 -> connection 0x14c9c4001100
x3004c0s31b0n0:45883:46890 [1] NCCL INFO Channel 00/0 : 17[46000] -> 8[7000] [send] via NET/IB/1
x3004c0s31b0n0:45883:46890 [1] NCCL INFO GPU Direct RDMA Disabled for GPU 46000 / HCA 0 (distance 7 > 4)
x3004c0s31b0n0:45883:47057 [1] NCCL INFO New proxy send connection 19 from local rank 1, transport 2
x3004c0s31b0n0:45889:46887 [3] NCCL INFO Connected all trees by HAO
x3004c0s31b0n0:45889:46887 [3] NCCL INFO threadThresholds 8/8/64 | 160/8/64 | 512 | 512
x3004c0s31b0n0:45889:46887 [3] NCCL INFO 4 coll channels, 4 p2p channels, 2 p2p channels per peer
x3004c0s31b0n0:45889:47059 [3] NCCL INFO New proxy send connection 12 from local rank 3, transport 2
x3004c0s31b0n0:45889:46887 [3] NCCL INFO Connection to proxy localRank 3 -> connection 0x14d8a4000f80
x3004c0s31b0n0:45883:46890 [1] NCCL INFO Connection to proxy localRank 1 -> connection 0x14c9c4001140
x3004c0s31b0n0:45883:46890 [1] NCCL INFO Channel 01/0 : 17[46000] -> 8[7000] [send] via NET/IB/0
x3004c0s31b0n0:45883:47057 [1] NCCL INFO transport/net_ib.cc:596 Ib Alloc Size 26560 pointer 0x14c9c4122000
x3004c0s31b0n0:45883:47057 [1] NCCL INFO NET/IB: Dev 1 Port 1 qpn 21640 mtu 5 GID 0 (80FE/DB0100FEFF000000)
x3004c0s31b0n0:45883:47057 [1] NCCL INFO transport/net_ib.cc:653 Ib Alloc Size 552 pointer 0x14c9c4139000
x3004c0s31b0n0:45883:47057 [1] NCCL INFO transport/net.cc:571 Cuda Host Alloc Size 9641984 pointer 0x14c9b7400000
x3004c0s31b0n0:45889:47059 [3] NCCL INFO transport/net.cc:376 Cuda Alloc Size 8388608 pointer 0x14d8f8800000
x3004c0s31b0n0:45880:46885 [0] NCCL INFO Channel 00/0 : 0[7000] -> 16[7000] [receive] via NET/IB/1
x3004c0s31b0n0:45880:46885 [0] NCCL INFO GPU Direct RDMA Disabled for GPU 7000 / HCA 0 (distance 7 > 4)
x3004c0s31b0n0:45880:47062 [0] NCCL INFO New proxy recv connection 17 from local rank 0, transport 2
x3004c0s31b0n0:45883:47057 [1] NCCL INFO transport/net_ib.cc:596 Ib Alloc Size 26560 pointer 0x14c9c413b000
x3004c0s31b0n0:45883:47057 [1] NCCL INFO NET/IB: Dev 0 Port 1 qpn 24008 mtu 5 GID 0 (80FE/9E0100FEFF000000)
x3004c0s31b0n0:45883:47057 [1] NCCL INFO transport/net_ib.cc:653 Ib Alloc Size 552 pointer 0x14c9c4152000
x3004c0s31b0n0:45883:47057 [1] NCCL INFO transport/net.cc:571 Cuda Host Alloc Size 9641984 pointer 0x14c9b4000000
x3004c0s31b0n0:45880:46885 [0] NCCL INFO Connection to proxy localRank 0 -> connection 0x1526540010c0
x3004c0s31b0n0:45883:47057 [1] NCCL INFO New proxy recv connection 20 from local rank 1, transport 0
x3004c0s31b0n0:45883:46890 [1] NCCL INFO Connection to proxy localRank 1 -> connection 0x14c9c4001180
x3004c0s31b0n0:45883:47057 [1] NCCL INFO transport/p2p.cc:449 Cuda Alloc Size 6291456 pointer 0x14c9b4a00000
x3004c0s31b0n0:45880:46885 [0] NCCL INFO Channel 01/0 : 0[7000] -> 16[7000] [receive] via NET/IB/0
x3004c0s31b0n0:45880:46885 [0] NCCL INFO GPU Direct RDMA Disabled for GPU 7000 / HCA 1 (distance 7 > 4)
x3004c0s31b0n0:45880:47062 [0] NCCL INFO New proxy send connection 18 from local rank 0, transport 2
x3004c0s31b0n0:45883:47057 [1] NCCL INFO New proxy recv connection 21 from local rank 1, transport 0
x3004c0s31b0n0:45880:46885 [0] NCCL INFO Connection to proxy localRank 0 -> connection 0x152654001100
x3004c0s31b0n0:45880:46885 [0] NCCL INFO Channel 02/0 : 16[7000] -> 12[7000] [send] via NET/IB/1
x3004c0s31b0n0:45880:46885 [0] NCCL INFO GPU Direct RDMA Disabled for GPU 7000 / HCA 0 (distance 7 > 4)
x3004c0s31b0n0:45880:47062 [0] NCCL INFO New proxy send connection 19 from local rank 0, transport 2
x3004c0s31b0n0:45883:46890 [1] NCCL INFO Connection to proxy localRank 1 -> connection 0x14c9c40011c0
x3004c0s31b0n0:45883:47057 [1] NCCL INFO transport/p2p.cc:449 Cuda Alloc Size 6291456 pointer 0x14c9b5000000
x3004c0s31b0n0:45883:47057 [1] NCCL INFO New proxy recv connection 22 from local rank 1, transport 0
x3004c0s31b0n0:45880:46885 [0] NCCL INFO Connection to proxy localRank 0 -> connection 0x152654001140
x3004c0s31b0n0:45880:46885 [0] NCCL INFO Channel 03/0 : 16[7000] -> 12[7000] [send] via NET/IB/0
x3004c0s31b0n0:45883:46890 [1] NCCL INFO Connection to proxy localRank 1 -> connection 0x14c9c4001200
x3004c0s31b0n0:45883:47057 [1] NCCL INFO transport/p2p.cc:449 Cuda Alloc Size 6291456 pointer 0x14c9b5600000
x3004c0s31b0n0:45883:47057 [1] NCCL INFO New proxy recv connection 23 from local rank 1, transport 0
x3004c0s31b0n0:45883:46890 [1] NCCL INFO Connection to proxy localRank 1 -> connection 0x14c9c4001240
x3004c0s31b0n0:45883:47057 [1] NCCL INFO transport/p2p.cc:449 Cuda Alloc Size 6291456 pointer 0x14c9b2000000
x3004c0s31b0n0:45883:46890 [1] NCCL INFO Connected all trees by HAO
x3004c0s31b0n0:45883:46890 [1] NCCL INFO threadThresholds 8/8/64 | 160/8/64 | 512 | 512
x3004c0s31b0n0:45883:46890 [1] NCCL INFO 4 coll channels, 4 p2p channels, 2 p2p channels per peer
x3004c0s31b0n0:45883:47057 [1] NCCL INFO New proxy send connection 24 from local rank 1, transport 2
x3004c0s31b0n0:45886:46886 [2] NCCL INFO Connected all trees by HAO
x3004c0s31b0n0:45886:46886 [2] NCCL INFO threadThresholds 8/8/64 | 160/8/64 | 512 | 512
x3004c0s31b0n0:45886:46886 [2] NCCL INFO 4 coll channels, 4 p2p channels, 2 p2p channels per peer
x3004c0s31b0n0:45886:47058 [2] NCCL INFO Allocated 4194656 bytes of shared memory in /dev/shm/nccl-uz3bQT

x3004c0s31b0n0:45886:47058 [2] NCCL INFO New proxy send connection 20 from local rank 2, transport 2
x3004c0s31b0n0:45886:46886 [2] NCCL INFO Connection to proxy localRank 2 -> connection 0x1454a8001180
x3004c0s31b0n0:45886:47058 [2] NCCL INFO transport/net.cc:376 Cuda Alloc Size 8388608 pointer 0x14549b800000
x3004c0s31b0n0:45883:46890 [1] NCCL INFO Connection to proxy localRank 1 -> connection 0x14c9c4001280
x3004c0s31b0n0:45883:47057 [1] NCCL INFO transport/net.cc:376 Cuda Alloc Size 8388608 pointer 0x14c9b0000000
x3004c0s31b0n0:45880:47062 [0] NCCL INFO transport/net_ib.cc:596 Ib Alloc Size 26560 pointer 0x1526540c8000
x3004c0s31b0n0:45880:47062 [0] NCCL INFO NET/IB: Dev 1 Port 1 qpn 21641 mtu 5 GID 0 (80FE/DB0100FEFF000000)
x3004c0s31b0n0:45880:47062 [0] NCCL INFO transport/net_ib.cc:653 Ib Alloc Size 552 pointer 0x1526540df000
x3004c0s31b0n0:45880:47062 [0] NCCL INFO transport/net.cc:571 Cuda Host Alloc Size 9641984 pointer 0x152644000000
x3004c0s31b0n0:45880:47062 [0] NCCL INFO transport/net_ib.cc:596 Ib Alloc Size 26560 pointer 0x1526540e1000
x3004c0s31b0n0:45880:47062 [0] NCCL INFO NET/IB: Dev 0 Port 1 qpn 24009 mtu 5 GID 0 (80FE/9E0100FEFF000000)
x3004c0s31b0n0:45880:47062 [0] NCCL INFO transport/net_ib.cc:653 Ib Alloc Size 552 pointer 0x1526540f8000
x3004c0s31b0n0:45880:47062 [0] NCCL INFO transport/net.cc:571 Cuda Host Alloc Size 9641984 pointer 0x152644a00000
x3004c0s31b0n0:45880:47062 [0] NCCL INFO transport/net_ib.cc:683 Ib Alloc Size 21688 pointer 0x1526540fa000
x3004c0s31b0n0:45880:47062 [0] NCCL INFO transport/net_ib.cc:696 Ib Alloc Size 552 pointer 0x152654101000
x3004c0s31b0n0:45880:47062 [0] NCCL INFO transport/net_ib.cc:771 Ib Alloc Size 552 pointer 0x15265411d000
x3004c0s31b0n0:45880:47062 [0] NCCL INFO transport/net.cc:698 Cuda Host Alloc Size 9641984 pointer 0x152645400000
x3004c0s31b0n0:45880:47062 [0] NCCL INFO transport/net_ib.cc:683 Ib Alloc Size 21688 pointer 0x15265411f000
x3004c0s31b0n0:45880:47062 [0] NCCL INFO transport/net_ib.cc:696 Ib Alloc Size 552 pointer 0x152654126000
x3004c0s31b0n0:45880:47062 [0] NCCL INFO transport/net_ib.cc:771 Ib Alloc Size 552 pointer 0x152654141000
x3004c0s31b0n0:45880:47062 [0] NCCL INFO transport/net.cc:698 Cuda Host Alloc Size 9641984 pointer 0x152642000000
x3004c0s31b0n0:45880:46885 [0] NCCL INFO Connected all trees by HAO
x3004c0s31b0n0:45880:46885 [0] NCCL INFO threadThresholds 8/8/64 | 160/8/64 | 512 | 512
x3004c0s31b0n0:45880:46885 [0] NCCL INFO 4 coll channels, 4 p2p channels, 2 p2p channels per peer
x3004c0s31b0n0:45880:47062 [0] NCCL INFO New proxy send connection 20 from local rank 0, transport 2
x3004c0s31b0n0:45880:46885 [0] NCCL INFO Connection to proxy localRank 0 -> connection 0x152654001180
x3004c0s31b0n0:45880:46885 [0] NCCL INFO init.cc:367 Cuda Alloc Size 5168 pointer 0x152661808800
x3004c0s31b0n0:45886:46886 [2] NCCL INFO init.cc:367 Cuda Alloc Size 5168 pointer 0x1454b7808800
x3004c0s31b0n0:45883:46890 [1] NCCL INFO init.cc:367 Cuda Alloc Size 5168 pointer 0x14c9d1808800
x3004c0s31b0n0:45889:46887 [3] NCCL INFO init.cc:367 Cuda Alloc Size 5168 pointer 0x14d8efe08800
x3004c0s31b0n0:45889:46887 [3] NCCL INFO init.cc:392 Cuda Host Alloc Size 33554432 pointer 0x14d8f9000000
x3004c0s31b0n0:45889:46887 [3] NCCL INFO init.cc:398 Cuda Host Alloc Size 128 pointer 0x14d8ef400200
x3004c0s31b0n0:45889:46887 [3] NCCL INFO comm 0x55a467126e50 rank 19 nranks 20 cudaDev 3 busId c7000 - Init COMPLETE
x3004c0s31b0n0:45886:46886 [2] NCCL INFO init.cc:392 Cuda Host Alloc Size 33554432 pointer 0x145492000000
x3004c0s31b0n0:45886:46886 [2] NCCL INFO init.cc:398 Cuda Host Alloc Size 128 pointer 0x1454b6e00200
x3004c0s31b0n0:45886:46886 [2] NCCL INFO comm 0x55fdfdcd6f00 rank 18 nranks 20 cudaDev 2 busId 85000 - Init COMPLETE
x3004c0s31b0n0:45883:46890 [1] NCCL INFO init.cc:392 Cuda Host Alloc Size 33554432 pointer 0x14c9ae000000
x3004c0s31b0n0:45883:46890 [1] NCCL INFO init.cc:398 Cuda Host Alloc Size 128 pointer 0x14c9d0e00200
x3004c0s31b0n0:45883:46890 [1] NCCL INFO comm 0x5619e456da40 rank 17 nranks 20 cudaDev 1 busId 46000 - Init COMPLETE
x3004c0s31b0n0:45880:46885 [0] NCCL INFO init.cc:392 Cuda Host Alloc Size 33554432 pointer 0x152640000000
x3004c0s31b0n0:45880:46885 [0] NCCL INFO init.cc:398 Cuda Host Alloc Size 128 pointer 0x152660e00200
x3004c0s31b0n0:45880:46885 [0] NCCL INFO comm 0x564678d1e7b0 rank 16 nranks 20 cudaDev 0 busId 7000 - Init COMPLETE
x3004c0s31b0n0:45880:47062 [0] NCCL INFO transport/net.cc:376 Cuda Alloc Size 8388608 pointer 0x152642a00000
x3004c0s31b0n0:45889:45889 [3] NCCL INFO AllReduce: opCount 0 sendbuff 0x14d8eb800200 recvbuff 0x14d8eb800200 count 1 datatype 1 op 0 root 0 comm 0x55a467126e50 [nranks=20] stream 0x55a483ae5240
x3004c0s31b0n0:45889:45889 [3] NCCL INFO misc/utils.cc:235 memory stack hunk malloc(65536)
[LYD INFO in ncclLaunchKernel (enqueue.cc)] NCHANNELS is: 4x3004c0s31b0n0:45880:45880 [0] NCCL INFO AllReduce: opCount 0 sendbuff 0x15269f600200 recvbuff 0x15269f600200 count 1 datatype 1 op 0 root 0 comm 0x564678d1e7b0 [nranks=20] stream 0x5646925edc50
x3004c0s31b0n0:45880:45880 [0] NCCL INFO misc/utils.cc:235 memory stack hunk malloc(65536)
[LYD INFO in ncclLaunchKernel (enqueue.cc)] NCHANNELS is: 4x3004c0s31b0n0:45886:45886 [2] NCCL INFO AllReduce: opCount 0 sendbuff 0x1454f7600200 recvbuff 0x1454f7600200 count 1 datatype 1 op 0 root 0 comm 0x55fdfdcd6f00 [nranks=20] stream 0x55fe15608a60
x3004c0s31b0n0:45886:45886 [2] NCCL INFO misc/utils.cc:235 memory stack hunk malloc(65536)
[LYD INFO in ncclLaunchKernel (enqueue.cc)] NCHANNELS is: 4x3004c0s31b0n0:45883:45883 [1] NCCL INFO AllReduce: opCount 0 sendbuff 0x14ca0f600200 recvbuff 0x14ca0f600200 count 1 datatype 1 op 0 root 0 comm 0x5619e456da40 [nranks=20] stream 0x561a02cea220
x3004c0s31b0n0:45883:45883 [1] NCCL INFO misc/utils.cc:235 memory stack hunk malloc(65536)
[LYD INFO in ncclLaunchKernel (enqueue.cc)] NCHANNELS is: 4
[LYD INFO in NCCL_KERN_NAME (common.h)] 16 AllReduce TREE LL Sum uint8_t Elapsed time: 473152 us

[LYD INFO in NCCL_KERN_NAME (common.h)] 19 AllReduce TREE LL Sum uint8_t Elapsed time: 462561 us

[LYD INFO in NCCL_KERN_NAME (common.h)] 18 AllReduce TREE LL Sum uint8_t Elapsed time: 429352 us

[LYD INFO in NCCL_KERN_NAME (common.h)] 17 AllReduce TREE LL Sum uint8_t Elapsed time: 428331 us
x3004c0s31b0n0:45880:45880 [0] NCCL INFO AllReduce: opCount 1 sendbuff 0x15269f600000 recvbuff 0x15269f600000 count 1 datatype 1 op 0 root 0 comm 0x564678d1e7b0 [nranks=20] stream 0x5646925edc50
[LYD INFO in ncclLaunchKernel (enqueue.cc)] NCHANNELS is: 4x3004c0s31b0n0:45889:45889 [3] NCCL INFO AllReduce: opCount 1 sendbuff 0x14d8eb800000 recvbuff 0x14d8eb800000 count 1 datatype 1 op 0 root 0 comm 0x55a467126e50 [nranks=20] stream 0x55a483ae5240
[LYD INFO in ncclLaunchKernel (enqueue.cc)] NCHANNELS is: 4x3004c0s31b0n0:45886:45886 [2] NCCL INFO AllReduce: opCount 1 sendbuff 0x1454f7600000 recvbuff 0x1454f7600000 count 1 datatype 1 op 0 root 0 comm 0x55fdfdcd6f00 [nranks=20] stream 0x55fe15608a60
[LYD INFO in ncclLaunchKernel (enqueue.cc)] NCHANNELS is: 4x3004c0s31b0n0:45883:45883 [1] NCCL INFO AllReduce: opCount 1 sendbuff 0x14ca0f600000 recvbuff 0x14ca0f600000 count 1 datatype 1 op 0 root 0 comm 0x5619e456da40 [nranks=20] stream 0x561a02cea220
[LYD INFO in ncclLaunchKernel (enqueue.cc)] NCHANNELS is: 4
[LYD INFO in NCCL_KERN_NAME (common.h)] 17 AllReduce TREE LL Sum uint8_t Elapsed time: 7585821 us

[LYD INFO in NCCL_KERN_NAME (common.h)] 18 AllReduce TREE LL Sum uint8_t Elapsed time: 7640839 us

[LYD INFO in NCCL_KERN_NAME (common.h)] 19 AllReduce TREE LL Sum uint8_t Elapsed time: 9496469 us

[LYD INFO in NCCL_KERN_NAME (common.h)] 16 AllReduce TREE LL Sum uint8_t Elapsed time: 11075359 us
x3004c0s31b0n0:45886:45886 [2] NCCL INFO AllReduce: opCount 2 sendbuff 0x1454f7600000 recvbuff 0x1454f7600000 count 1 datatype 8 op 3 root 0 comm 0x55fdfdcd6f00 [nranks=20] stream 0x55fe15608a60
[LYD INFO in ncclLaunchKernel (enqueue.cc)] NCHANNELS is: 4x3004c0s31b0n0:45880:45880 [0] NCCL INFO AllReduce: opCount 2 sendbuff 0x15269f600000 recvbuff 0x15269f600000 count 1 datatype 8 op 3 root 0 comm 0x564678d1e7b0 [nranks=20] stream 0x5646925edc50
[LYD INFO in ncclLaunchKernel (enqueue.cc)] NCHANNELS is: 4x3004c0s31b0n0:45883:45883 [1] NCCL INFO AllReduce: opCount 2 sendbuff 0x14ca0f600000 recvbuff 0x14ca0f600000 count 1 datatype 8 op 3 root 0 comm 0x5619e456da40 [nranks=20] stream 0x561a02cea220
[LYD INFO in ncclLaunchKernel (enqueue.cc)] NCHANNELS is: 4x3004c0s31b0n0:45889:45889 [3] NCCL INFO AllReduce: opCount 2 sendbuff 0x14d8eb800000 recvbuff 0x14d8eb800000 count 1 datatype 8 op 3 root 0 comm 0x55a467126e50 [nranks=20] stream 0x55a483ae5240
[LYD INFO in ncclLaunchKernel (enqueue.cc)] NCHANNELS is: 4
[LYD INFO in NCCL_FUNC_NAME (common.h)] 19 AllReduce TREE LL Min double Elapsed time: 4 us

[LYD INFO in NCCL_FUNC_NAME (common.h)] 18 AllReduce TREE LL Min double Elapsed time: 12218 us

[LYD INFO in NCCL_KERN_NAME (common.h)] 19 AllReduce TREE LL Sum double Elapsed time: 74949 us
x3004c0s31b0n0:45889:45889 [3] NCCL INFO AllReduce: opCount 3 sendbuff 0x14d8eb800200 recvbuff 0x14d8eb800200 count 1 datatype 1 op 0 root 0 comm 0x55a467126e50 [nranks=20] stream 0x55a483ae5240
[LYD INFO in ncclLaunchKernel (enqueue.cc)] NCHANNELS is: 4
[LYD INFO in NCCL_FUNC_NAME (common.h)] 16 AllReduce TREE LL Min double Elapsed time: 69298 us

[LYD INFO in NCCL_KERN_NAME (common.h)] 16 AllReduce TREE LL Sum double Elapsed time: 75083 us
x3004c0s31b0n0:45880:45880 [0] NCCL INFO AllReduce: opCount 3 sendbuff 0x15269f600200 recvbuff 0x15269f600200 count 1 datatype 1 op 0 root 0 comm 0x564678d1e7b0 [nranks=20] stream 0x5646925edc50
[LYD INFO in ncclLaunchKernel (enqueue.cc)] NCHANNELS is: 4
[LYD INFO in NCCL_KERN_NAME (common.h)] 18 AllReduce TREE LL Sum double Elapsed time: 90065 us
x3004c0s31b0n0:45886:45886 [2] NCCL INFO AllReduce: opCount 3 sendbuff 0x1454f7600200 recvbuff 0x1454f7600200 count 1 datatype 1 op 0 root 0 comm 0x55fdfdcd6f00 [nranks=20] stream 0x55fe15608a60
[LYD INFO in ncclLaunchKernel (enqueue.cc)] NCHANNELS is: 4
[LYD INFO in NCCL_FUNC_NAME (common.h)] 17 AllReduce TREE LL Min double Elapsed time: 65531 us

[LYD INFO in NCCL_KERN_NAME (common.h)] 17 AllReduce TREE LL Sum double Elapsed time: 71318 us
x3004c0s31b0n0:45883:45883 [1] NCCL INFO AllReduce: opCount 3 sendbuff 0x14ca0f600200 recvbuff 0x14ca0f600200 count 1 datatype 1 op 0 root 0 comm 0x5619e456da40 [nranks=20] stream 0x561a02cea220
[LYD INFO in ncclLaunchKernel (enqueue.cc)] NCHANNELS is: 4
[LYD INFO in NCCL_KERN_NAME (common.h)] 16 AllReduce TREE LL Sum uint8_t Elapsed time: 63294 us

[LYD INFO in NCCL_KERN_NAME (common.h)] 19 AllReduce TREE LL Sum uint8_t Elapsed time: 68889 us

[LYD INFO in NCCL_KERN_NAME (common.h)] 18 AllReduce TREE LL Sum uint8_t Elapsed time: 60319 us

[LYD INFO in NCCL_KERN_NAME (common.h)] 17 AllReduce TREE LL Sum uint8_t Elapsed time: 27677 us
 > number of parameters on (tensor, pipeline) model parallel rank (0, 16): 39354880
 > number of parameters on (tensor, pipeline) model parallel rank (0, 18): 39354880
x3004c0s31b0n0:45880:45880 [0] NCCL INFO AllReduce: opCount 4 sendbuff 0x15269f600400 recvbuff 0x15269f600400 count 1 datatype 1 op 0 root 0 comm 0x564678d1e7b0 [nranks=20] stream 0x5646925edc50
[LYD INFO in ncclLaunchKernel (enqueue.cc)] NCHANNELS is: 4 > number of parameters on (tensor, pipeline) model parallel rank (0, 17): 39354880
x3004c0s31b0n0:45886:45886 [2] NCCL INFO AllReduce: opCount 4 sendbuff 0x1454f7600400 recvbuff 0x1454f7600400 count 1 datatype 1 op 0 root 0 comm 0x55fdfdcd6f00 [nranks=20] stream 0x55fe15608a60
[LYD INFO in ncclLaunchKernel (enqueue.cc)] NCHANNELS is: 4x3004c0s31b0n0:45889:45889 [3] NCCL INFO init.cc:1147 Cuda Host Alloc Size 4 pointer 0x14d8ef400400
x3004c0s31b0n0:45883:45883 [1] NCCL INFO AllReduce: opCount 4 sendbuff 0x14ca0f600400 recvbuff 0x14ca0f600400 count 1 datatype 1 op 0 root 0 comm 0x5619e456da40 [nranks=20] stream 0x561a02cea220
[LYD INFO in ncclLaunchKernel (enqueue.cc)] NCHANNELS is: 4x3004c0s31b0n0:45889:49236 [3] NCCL INFO Using network IB
x3004c0s31b0n0:45889:49236 [3] NCCL INFO NET/IB : GPU Direct RDMA Enabled for HCA 0 'mlx5_0'
x3004c0s31b0n0:45889:49236 [3] NCCL INFO NET/IB : GPU Direct RDMA Enabled for HCA 1 'mlx5_1'
x3004c0s31b0n0:45889:49236 [3] NCCL INFO GPU Direct RDMA Disabled for GPU c7000 / HCA 0 (distance 6 > 4)
x3004c0s31b0n0:45889:49236 [3] NCCL INFO GPU Direct RDMA Disabled for GPU c7000 / HCA 1 (distance 7 > 4)
x3004c0s31b0n0:45889:49236 [3] NCCL INFO GPU Direct RDMA Disabled for GPU c7000 / HCA 0 (distance 6 > 4)
x3004c0s31b0n0:45889:49236 [3] NCCL INFO GPU Direct RDMA Disabled for GPU c7000 / HCA 1 (distance 7 > 4)
x3004c0s31b0n0:45889:49236 [3] NCCL INFO === System : maxBw 12.0 totalBw 24.0 ===
x3004c0s31b0n0:45889:49236 [3] NCCL INFO CPU/0 (1/2/-1)
x3004c0s31b0n0:45889:49236 [3] NCCL INFO + SYS[5000.0] - CPU/2
x3004c0s31b0n0:45889:49236 [3] NCCL INFO + PCI[24.0] - PCI/C5000 (11f8406811f8beef)
x3004c0s31b0n0:45889:49236 [3] NCCL INFO               + PCI[24.0] - GPU/C7000 (1)
x3004c0s31b0n0:45889:49236 [3] NCCL INFO + PCI[12.0] - NIC/C8000
x3004c0s31b0n0:45889:49236 [3] NCCL INFO               + NET[12.5] - NET/0 (ec4b02ffffa4e988/1/12.500000)
x3004c0s31b0n0:45889:49236 [3] NCCL INFO CPU/2 (1/2/-1)
x3004c0s31b0n0:45889:49236 [3] NCCL INFO + SYS[5000.0] - CPU/0
x3004c0s31b0n0:45889:49236 [3] NCCL INFO + PCI[12.0] - NIC/43000
x3004c0s31b0n0:45889:49236 [3] NCCL INFO               + NET[12.5] - NET/1 (e87604ffffa4e988/1/12.500000)
x3004c0s31b0n0:45889:49236 [3] NCCL INFO ==========================================
x3004c0s31b0n0:45889:49236 [3] NCCL INFO GPU/C7000 :GPU/C7000 (0/5000.000000/LOC) CPU/0 (2/24.000000/PHB) CPU/2 (3/24.000000/SYS) NET/0 (4/12.000000/PHB) NET/1 (5/12.000000/SYS) 
x3004c0s31b0n0:45889:49236 [3] NCCL INFO NET/0 :GPU/C7000 (4/12.000000/PHB) CPU/0 (2/12.000000/PHB) CPU/2 (3/12.000000/SYS) NET/0 (0/5000.000000/LOC) NET/1 (5/12.000000/SYS) 
x3004c0s31b0n0:45889:49236 [3] NCCL INFO NET/1 :GPU/C7000 (5/12.000000/SYS) CPU/0 (3/12.000000/SYS) CPU/2 (2/12.000000/PHB) NET/0 (5/12.000000/SYS) NET/1 (0/5000.000000/LOC) 
x3004c0s31b0n0:45889:49236 [3] NCCL INFO Setting affinity for GPU 3 to 01
x3004c0s31b0n0:45889:49236 [3] NCCL INFO Pattern 4, crossNic 0, nChannels 1, bw 12.000000/12.000000, type LOC/PHB, sameChannels 1
x3004c0s31b0n0:45889:49236 [3] NCCL INFO  0 : NET/0 GPU/1 NET/0
x3004c0s31b0n0:45889:49236 [3] NCCL INFO Pattern 3, crossNic 0, nChannels 1, bw 24.000000/12.000000, type LOC/PHB, sameChannels 1
x3004c0s31b0n0:45889:49236 [3] NCCL INFO  0 : NET/0 GPU/1 NET/0
x3004c0s31b0n0:45889:49236 [3] NCCL INFO Pattern 3, crossNic 0, nChannels 0, bw 0.000000/0.000000, type LOC/PIX, sameChannels 1
x3004c0s31b0n0:45889:49236 [3] NCCL INFO Tree 0 : 0 -> 1 -> -1/-1/-1
x3004c0s31b0n0:45889:49236 [3] NCCL INFO Tree 1 : -1 -> 1 -> 0/-1/-1
x3004c0s31b0n0:45889:49236 [3] NCCL INFO Ring 00 : 0 -> 1 -> 0
x3004c0s31b0n0:45889:49236 [3] NCCL INFO Ring 01 : 0 -> 1 -> 0
x3004c0s31b0n0:45889:49236 [3] NCCL INFO Trees [0] -1/-1/-1->1->0 [1] 0/-1/-1->1->-1
x3004c0s31b0n0:45889:49236 [3] NCCL INFO misc/utils.cc:235 memory stack hunk malloc(65536)
x3004c0s31b0n0:45889:49236 [3] NCCL INFO channel.cc:23 Cuda Alloc Size 1152 pointer 0x14d8efe09e00
x3004c0s31b0n0:45889:49236 [3] NCCL INFO channel.cc:27 Cuda Alloc Size 8 pointer 0x14d8efe0a400
x3004c0s31b0n0:45889:49236 [3] NCCL INFO channel.cc:23 Cuda Alloc Size 1152 pointer 0x14d8efe0a600
x3004c0s31b0n0:45889:49236 [3] NCCL INFO channel.cc:27 Cuda Alloc Size 8 pointer 0x14d8efe0ac00
x3004c0s31b0n0:45889:49236 [3] NCCL INFO GPU Direct RDMA Disabled for GPU c7000 / HCA 0 (distance 6 > 4)
x3004c0s31b0n0:45889:49467 [3] NCCL INFO Mem Realloc old size 0, new size 8 pointer 0x14d884000c60
x3004c0s31b0n0:45889:49467 [3] NCCL INFO Allocated 4194656 bytes of shared memory in /dev/shm/nccl-T8B188

x3004c0s31b0n0:45889:49467 [3] NCCL INFO New proxy recv connection 0 from local rank 0, transport 2
x3004c0s31b0n0:45889:49236 [3] NCCL INFO Connection to proxy localRank 0 -> connection 0x14d884000c80
x3004c0s31b0n0:45889:49236 [3] NCCL INFO Channel 00/0 : 0[7000] -> 1[c7000] [receive] via NET/IB/0
x3004c0s31b0n0:45889:49236 [3] NCCL INFO GPU Direct RDMA Disabled for GPU c7000 / HCA 0 (distance 6 > 4)
x3004c0s31b0n0:45889:49467 [3] NCCL INFO New proxy recv connection 1 from local rank 0, transport 2
x3004c0s31b0n0:45889:49236 [3] NCCL INFO Connection to proxy localRank 0 -> connection 0x14d884000cc0
x3004c0s31b0n0:45889:49236 [3] NCCL INFO Channel 01/0 : 0[7000] -> 1[c7000] [receive] via NET/IB/0
x3004c0s31b0n0:45889:49236 [3] NCCL INFO GPU Direct RDMA Disabled for GPU c7000 / HCA 0 (distance 6 > 4)
x3004c0s31b0n0:45889:49467 [3] NCCL INFO New proxy send connection 2 from local rank 0, transport 2
x3004c0s31b0n0:45889:49236 [3] NCCL INFO Connection to proxy localRank 0 -> connection 0x14d884000d00
x3004c0s31b0n0:45889:49236 [3] NCCL INFO Channel 00/0 : 1[c7000] -> 0[7000] [send] via NET/IB/0
x3004c0s31b0n0:45889:49236 [3] NCCL INFO GPU Direct RDMA Disabled for GPU c7000 / HCA 0 (distance 6 > 4)
x3004c0s31b0n0:45889:49467 [3] NCCL INFO New proxy send connection 3 from local rank 0, transport 2
x3004c0s31b0n0:45889:49236 [3] NCCL INFO Connection to proxy localRank 0 -> connection 0x14d884000d40
x3004c0s31b0n0:45889:49236 [3] NCCL INFO Channel 01/0 : 1[c7000] -> 0[7000] [send] via NET/IB/0
x3004c0s31b0n0:45889:49467 [3] NCCL INFO transport/net_ib.cc:596 Ib Alloc Size 26560 pointer 0x14d88401d000
x3004c0s31b0n0:45889:49467 [3] NCCL INFO NET/IB: Dev 0 Port 1 qpn 24012 mtu 5 GID 0 (80FE/9E0100FEFF000000)
x3004c0s31b0n0:45889:49467 [3] NCCL INFO transport/net_ib.cc:653 Ib Alloc Size 552 pointer 0x14d884035000
x3004c0s31b0n0:45889:49467 [3] NCCL INFO transport/net.cc:571 Cuda Host Alloc Size 9641984 pointer 0x14d8ca400000
x3004c0s31b0n0:45889:49467 [3] NCCL INFO transport/net_ib.cc:596 Ib Alloc Size 26560 pointer 0x14d884037000
x3004c0s31b0n0:45889:49467 [3] NCCL INFO NET/IB: Dev 0 Port 1 qpn 24013 mtu 5 GID 0 (80FE/9E0100FEFF000000)
x3004c0s31b0n0:45889:49467 [3] NCCL INFO transport/net_ib.cc:653 Ib Alloc Size 552 pointer 0x14d88404e000
x3004c0s31b0n0:45889:49467 [3] NCCL INFO transport/net.cc:571 Cuda Host Alloc Size 9641984 pointer 0x14d8cae00000
x3004c0s31b0n0:45889:49467 [3] NCCL INFO transport/net_ib.cc:683 Ib Alloc Size 21688 pointer 0x14d884050000
x3004c0s31b0n0:45889:49467 [3] NCCL INFO transport/net_ib.cc:696 Ib Alloc Size 552 pointer 0x14d884057000
x3004c0s31b0n0:45889:49467 [3] NCCL INFO transport/net_ib.cc:771 Ib Alloc Size 552 pointer 0x14d884073000
x3004c0s31b0n0:45889:49467 [3] NCCL INFO transport/net.cc:698 Cuda Host Alloc Size 9641984 pointer 0x14d8cb800000
x3004c0s31b0n0:45889:49467 [3] NCCL INFO transport/net_ib.cc:683 Ib Alloc Size 21688 pointer 0x14d884075000
x3004c0s31b0n0:45889:49467 [3] NCCL INFO transport/net_ib.cc:696 Ib Alloc Size 552 pointer 0x14d88407c000
x3004c0s31b0n0:45889:49467 [3] NCCL INFO transport/net_ib.cc:771 Ib Alloc Size 552 pointer 0x14d884097000
x3004c0s31b0n0:45889:49467 [3] NCCL INFO transport/net.cc:698 Cuda Host Alloc Size 9641984 pointer 0x14d8cc200000
x3004c0s31b0n0:45889:49236 [3] NCCL INFO Connected all rings
x3004c0s31b0n0:45889:49236 [3] NCCL INFO Connected all trees by HAO
x3004c0s31b0n0:45889:49236 [3] NCCL INFO threadThresholds 8/8/64 | 16/8/64 | 512 | 512
x3004c0s31b0n0:45889:49236 [3] NCCL INFO 2 coll channels, 2 p2p channels, 2 p2p channels per peer
x3004c0s31b0n0:45889:49467 [3] NCCL INFO New proxy send connection 4 from local rank 0, transport 2
x3004c0s31b0n0:45889:49236 [3] NCCL INFO Connection to proxy localRank 0 -> connection 0x14d884000d80
x3004c0s31b0n0:45889:49236 [3] NCCL INFO init.cc:367 Cuda Alloc Size 5168 pointer 0x14d8efe0ae00
x3004c0s31b0n0:45889:49236 [3] NCCL INFO init.cc:392 Cuda Host Alloc Size 33554432 pointer 0x14d8ccc00000
x3004c0s31b0n0:45889:49236 [3] NCCL INFO init.cc:398 Cuda Host Alloc Size 128 pointer 0x14d8ef400600
x3004c0s31b0n0:45889:49236 [3] NCCL INFO comm 0x55a485299680 rank 1 nranks 2 cudaDev 3 busId c7000 - Init COMPLETE
x3004c0s31b0n0:45889:49467 [3] NCCL INFO transport/net.cc:376 Cuda Alloc Size 4194304 pointer 0x14d8cec00000
x3004c0s31b0n0:45889:45889 [3] NCCL INFO AllReduce: opCount 0 sendbuff 0x14d8c2800000 recvbuff 0x14d8c2800000 count 64389120 datatype 6 op 0 root 0 comm 0x55a485299680 [nranks=2] stream 0x55a483ab97a0
x3004c0s31b0n0:45889:45889 [3] NCCL INFO misc/utils.cc:235 memory stack hunk malloc(65536)
[LYD INFO in ncclLaunchKernel (enqueue.cc)] NCHANNELS is: 2 > number of parameters on (tensor, pipeline) model parallel rank (0, 19): 103746560

[LYD INFO in NCCL_FUNC_NAME (common.h)] 1 AllReduce RING SIMPLE Sum half Elapsed time: 118673 us

[LYD INFO in NCCL_KERN_NAME (common.h)] 1 AllReduce RING LL Sum half Elapsed time: 118795 us
x3004c0s31b0n0:45889:45889 [3] NCCL INFO AllReduce: opCount 4 sendbuff 0x14d8eb800400 recvbuff 0x14d8eb800400 count 1 datatype 1 op 0 root 0 comm 0x55a467126e50 [nranks=20] stream 0x55a483ae5240
[LYD INFO in ncclLaunchKernel (enqueue.cc)] NCHANNELS is: 4
[LYD INFO in NCCL_KERN_NAME (common.h)] 18 AllReduce TREE LL Sum uint8_t Elapsed time: 2249177 us
x3004c0s31b0n0:45886:45886 [2] NCCL INFO AllReduce: opCount 5 sendbuff 0x1454f7615200 recvbuff 0x1454f7615200 count 1 datatype 1 op 0 root 0 comm 0x55fdfdcd6f00 [nranks=20] stream 0x55fe15608a60
[LYD INFO in ncclLaunchKernel (enqueue.cc)] NCHANNELS is: 4
[LYD INFO in NCCL_KERN_NAME (common.h)] 16 AllReduce TREE LL Sum uint8_t Elapsed time: 2265780 us
x3004c0s31b0n0:45880:45880 [0] NCCL INFO AllReduce: opCount 5 sendbuff 0x15269f615200 recvbuff 0x15269f615200 count 1 datatype 1 op 0 root 0 comm 0x564678d1e7b0 [nranks=20] stream 0x5646925edc50
[LYD INFO in ncclLaunchKernel (enqueue.cc)] NCHANNELS is: 4
