x3104c0s19b1n0:7072:11857 [1] NCCL INFO Connection to proxy localRank 1 -> connection 0x15207c001d40
x3104c0s19b1n0:7072:11897 [1] NCCL INFO transport/p2p.cc:430 Cuda Alloc Size 6291456 pointer 0x152052600000
x3104c0s19b1n0:7074:11855 [2] NCCL INFO Channel 02/0 : 2[85000] -> 0[7000] via P2P/IPC/read
x3104c0s19b1n0:7074:11900 [2] NCCL INFO New proxy send connection 70 from local rank 2, transport 0
x3104c0s19b1n0:7068:11854 [0] NCCL INFO Connection to proxy localRank 0 -> connection 0x146390001d40
x3104c0s19b1n0:7068:11890 [0] NCCL INFO transport/p2p.cc:449 Cuda Alloc Size 6291456 pointer 0x14635f200000
x3104c0s19b1n0:7068:11890 [0] NCCL INFO New proxy recv connection 68 from local rank 0, transport 0
x3104c0s19b1n0:7074:11855 [2] NCCL INFO Connection to proxy localRank 2 -> connection 0x1516d8001e00
x3104c0s19b1n0:7074:11900 [2] NCCL INFO transport/p2p.cc:430 Cuda Alloc Size 6291456 pointer 0x1516ad200000
x3104c0s19b1n0:7074:11855 [2] NCCL INFO Channel 03/0 : 2[85000] -> 0[7000] via P2P/IPC/read
x3104c0s19b1n0:7074:11900 [2] NCCL INFO New proxy send connection 71 from local rank 2, transport 0
x3104c0s19b1n0:7076:11856 [3] NCCL INFO Connection to proxy localRank 3 -> connection 0x14fd8c001e40
x3104c0s19b1n0:7076:11901 [3] NCCL INFO transport/p2p.cc:449 Cuda Alloc Size 6291456 pointer 0x14fd58000000
x3104c0s19b1n0:7072:11857 [1] NCCL INFO Channel 05/0 : 1[46000] -> 3[c7000] via P2P/IPC/read
x3104c0s19b1n0:7072:11897 [1] NCCL INFO New proxy send connection 68 from local rank 1, transport 0
x3104c0s19b1n0:7068:11854 [0] NCCL INFO Connection to proxy localRank 0 -> connection 0x146390001d80
x3104c0s19b1n0:7076:11901 [3] NCCL INFO New proxy recv connection 72 from local rank 3, transport 0
x3104c0s19b1n0:7068:11890 [0] NCCL INFO transport/p2p.cc:449 Cuda Alloc Size 6291456 pointer 0x14635f800000
x3104c0s19b1n0:7072:11857 [1] NCCL INFO Connection to proxy localRank 1 -> connection 0x15207c001d80
x3104c0s19b1n0:7072:11897 [1] NCCL INFO transport/p2p.cc:430 Cuda Alloc Size 6291456 pointer 0x152052c00000
x3104c0s19b1n0:7076:11856 [3] NCCL INFO Connection to proxy localRank 3 -> connection 0x14fd8c001e80
x3104c0s19b1n0:7076:11901 [3] NCCL INFO transport/p2p.cc:449 Cuda Alloc Size 6291456 pointer 0x14fd58600000
x3104c0s19b1n0:7074:11855 [2] NCCL INFO Connection to proxy localRank 2 -> connection 0x1516d8001e40
x3104c0s19b1n0:7074:11900 [2] NCCL INFO transport/p2p.cc:430 Cuda Alloc Size 6291456 pointer 0x1516ad800000
x3104c0s19b1n0:7068:11890 [0] NCCL INFO New proxy recv connection 69 from local rank 0, transport 0
x3104c0s19b1n0:7076:11901 [3] NCCL INFO New proxy recv connection 73 from local rank 3, transport 0
x3104c0s19b1n0:7072:11857 [1] NCCL INFO Channel 10/0 : 1[46000] -> 3[c7000] via P2P/IPC/read
x3104c0s19b1n0:7072:11897 [1] NCCL INFO New proxy send connection 69 from local rank 1, transport 0
x3104c0s19b1n0:7074:11855 [2] NCCL INFO Channel 05/0 : 2[85000] -> 0[7000] via P2P/IPC/read
x3104c0s19b1n0:7072:11857 [1] NCCL INFO Connection to proxy localRank 1 -> connection 0x15207c001dc0
x3104c0s19b1n0:7072:11897 [1] NCCL INFO transport/p2p.cc:430 Cuda Alloc Size 6291456 pointer 0x152053200000
x3104c0s19b1n0:7068:11854 [0] NCCL INFO Connection to proxy localRank 0 -> connection 0x146390001dc0
x3104c0s19b1n0:7068:11890 [0] NCCL INFO transport/p2p.cc:449 Cuda Alloc Size 6291456 pointer 0x14635c000000
x3104c0s19b1n0:7074:11900 [2] NCCL INFO New proxy send connection 72 from local rank 2, transport 0
x3104c0s19b1n0:7076:11856 [3] NCCL INFO Connection to proxy localRank 3 -> connection 0x14fd8c001ec0
x3104c0s19b1n0:7076:11901 [3] NCCL INFO transport/p2p.cc:449 Cuda Alloc Size 6291456 pointer 0x14fd58c00000
x3104c0s19b1n0:7074:11855 [2] NCCL INFO Connection to proxy localRank 2 -> connection 0x1516d8001e80
x3104c0s19b1n0:7074:11900 [2] NCCL INFO transport/p2p.cc:430 Cuda Alloc Size 6291456 pointer 0x1516aa000000
x3104c0s19b1n0:7072:11857 [1] NCCL INFO Channel 11/0 : 1[46000] -> 3[c7000] via P2P/IPC/read
x3104c0s19b1n0:7072:11897 [1] NCCL INFO New proxy send connection 70 from local rank 1, transport 0
x3104c0s19b1n0:7068:11854 [0] NCCL INFO Channel 04/0 : 0[7000] -> 2[85000] via P2P/IPC/read
x3104c0s19b1n0:7068:11890 [0] NCCL INFO New proxy send connection 70 from local rank 0, transport 0
x3104c0s19b1n0:7074:11855 [2] NCCL INFO Channel 11/0 : 2[85000] -> 0[7000] via P2P/IPC/read
x3104c0s19b1n0:7074:11900 [2] NCCL INFO New proxy send connection 73 from local rank 2, transport 0
x3104c0s19b1n0:7076:11856 [3] NCCL INFO Channel 03/0 : 3[c7000] -> 1[46000] via P2P/IPC/read
x3104c0s19b1n0:7076:11901 [3] NCCL INFO New proxy send connection 74 from local rank 3, transport 0
x3104c0s19b1n0:7072:11857 [1] NCCL INFO Connection to proxy localRank 1 -> connection 0x15207c001e00
x3104c0s19b1n0:7072:11897 [1] NCCL INFO transport/p2p.cc:430 Cuda Alloc Size 6291456 pointer 0x152053800000
x3104c0s19b1n0:7068:11854 [0] NCCL INFO Connection to proxy localRank 0 -> connection 0x146390001e00
x3104c0s19b1n0:7068:11890 [0] NCCL INFO transport/p2p.cc:430 Cuda Alloc Size 6291456 pointer 0x14635c600000
x3104c0s19b1n0:7074:11855 [2] NCCL INFO Connection to proxy localRank 2 -> connection 0x1516d8001ec0
x3104c0s19b1n0:7074:11900 [2] NCCL INFO transport/p2p.cc:430 Cuda Alloc Size 6291456 pointer 0x1516aa600000
x3104c0s19b1n0:7076:11856 [3] NCCL INFO Connection to proxy localRank 3 -> connection 0x14fd8c001f00
x3104c0s19b1n0:7076:11901 [3] NCCL INFO transport/p2p.cc:430 Cuda Alloc Size 6291456 pointer 0x14fd59200000
x3104c0s19b1n0:7076:11856 [3] NCCL INFO Channel 05/0 : 3[c7000] -> 1[46000] via P2P/IPC/read
x3104c0s19b1n0:7072:11857 [1] NCCL INFO Channel 14/0 : 1[46000] -> 3[c7000] via P2P/IPC/read
x3104c0s19b1n0:7072:11897 [1] NCCL INFO New proxy send connection 71 from local rank 1, transport 0
x3104c0s19b1n0:7068:11854 [0] NCCL INFO Channel 05/0 : 0[7000] -> 2[85000] via P2P/IPC/read
x3104c0s19b1n0:7074:11855 [2] NCCL INFO Channel 14/0 : 2[85000] -> 0[7000] via P2P/IPC/read
x3104c0s19b1n0:7074:11900 [2] NCCL INFO New proxy send connection 74 from local rank 2, transport 0
x3104c0s19b1n0:7068:11890 [0] NCCL INFO New proxy send connection 71 from local rank 0, transport 0
x3104c0s19b1n0:7072:11857 [1] NCCL INFO Connection to proxy localRank 1 -> connection 0x15207c001e40
x3104c0s19b1n0:7072:11897 [1] NCCL INFO transport/p2p.cc:430 Cuda Alloc Size 6291456 pointer 0x152050000000
x3104c0s19b1n0:7068:11854 [0] NCCL INFO Connection to proxy localRank 0 -> connection 0x146390001e40
x3104c0s19b1n0:7068:11890 [0] NCCL INFO transport/p2p.cc:430 Cuda Alloc Size 6291456 pointer 0x14635cc00000
x3104c0s19b1n0:7074:11855 [2] NCCL INFO Connection to proxy localRank 2 -> connection 0x1516d8001f00
x3104c0s19b1n0:7074:11900 [2] NCCL INFO transport/p2p.cc:430 Cuda Alloc Size 6291456 pointer 0x1516aac00000
x3104c0s19b1n0:7072:11857 [1] NCCL INFO Channel 16/0 : 1[46000] -> 3[c7000] via P2P/IPC/read
x3104c0s19b1n0:7072:11897 [1] NCCL INFO New proxy send connection 72 from local rank 1, transport 0
x3104c0s19b1n0:7074:11855 [2] NCCL INFO Channel 15/0 : 2[85000] -> 0[7000] via P2P/IPC/read
x3104c0s19b1n0:7074:11900 [2] NCCL INFO New proxy send connection 75 from local rank 2, transport 0
x3104c0s19b1n0:7068:11854 [0] NCCL INFO Channel 10/0 : 0[7000] -> 2[85000] via P2P/IPC/read
x3104c0s19b1n0:7068:11890 [0] NCCL INFO New proxy send connection 72 from local rank 0, transport 0
x3104c0s19b1n0:7076:11901 [3] NCCL INFO New proxy send connection 75 from local rank 3, transport 0
x3104c0s19b1n0:7072:11857 [1] NCCL INFO Connection to proxy localRank 1 -> connection 0x15207c001e80
x3104c0s19b1n0:7072:11897 [1] NCCL INFO transport/p2p.cc:430 Cuda Alloc Size 6291456 pointer 0x152050600000
x3104c0s19b1n0:7076:11856 [3] NCCL INFO Connection to proxy localRank 3 -> connection 0x14fd8c001f40
x3104c0s19b1n0:7076:11901 [3] NCCL INFO transport/p2p.cc:430 Cuda Alloc Size 6291456 pointer 0x14fd59800000
x3104c0s19b1n0:7074:11855 [2] NCCL INFO Connection to proxy localRank 2 -> connection 0x1516d8001f40
x3104c0s19b1n0:7074:11900 [2] NCCL INFO transport/p2p.cc:430 Cuda Alloc Size 6291456 pointer 0x1516ab200000
x3104c0s19b1n0:7068:11854 [0] NCCL INFO Connection to proxy localRank 0 -> connection 0x146390001e80
x3104c0s19b1n0:7068:11890 [0] NCCL INFO transport/p2p.cc:430 Cuda Alloc Size 6291456 pointer 0x14635d200000
x3104c0s19b1n0:7072:11857 [1] NCCL INFO Channel 17/0 : 1[46000] -> 3[c7000] via P2P/IPC/read
x3104c0s19b1n0:7072:11897 [1] NCCL INFO New proxy send connection 73 from local rank 1, transport 0
x3104c0s19b1n0:7076:11856 [3] NCCL INFO Channel 11/0 : 3[c7000] -> 1[46000] via P2P/IPC/read
x3104c0s19b1n0:7076:11901 [3] NCCL INFO New proxy send connection 76 from local rank 3, transport 0
x3104c0s19b1n0:7068:11854 [0] NCCL INFO Channel 11/0 : 0[7000] -> 2[85000] via P2P/IPC/read
x3104c0s19b1n0:7068:11890 [0] NCCL INFO New proxy send connection 73 from local rank 0, transport 0
x3104c0s19b1n0:7074:11855 [2] NCCL INFO Channel 17/0 : 2[85000] -> 0[7000] via P2P/IPC/read
x3104c0s19b1n0:7074:11900 [2] NCCL INFO New proxy send connection 76 from local rank 2, transport 0
x3104c0s19b1n0:7076:11856 [3] NCCL INFO Connection to proxy localRank 3 -> connection 0x14fd8c001f80
x3104c0s19b1n0:7076:11901 [3] NCCL INFO transport/p2p.cc:430 Cuda Alloc Size 6291456 pointer 0x14fd56000000
x3104c0s19b1n0:7072:11857 [1] NCCL INFO Connection to proxy localRank 1 -> connection 0x15207c001ec0
x3104c0s19b1n0:7072:11897 [1] NCCL INFO transport/p2p.cc:430 Cuda Alloc Size 6291456 pointer 0x152050c00000
x3104c0s19b1n0:7076:11856 [3] NCCL INFO Channel 15/0 : 3[c7000] -> 1[46000] via P2P/IPC/read
x3104c0s19b1n0:7076:11901 [3] NCCL INFO New proxy send connection 77 from local rank 3, transport 0
x3104c0s19b1n0:7068:11854 [0] NCCL INFO Connection to proxy localRank 0 -> connection 0x146390001ec0
x3104c0s19b1n0:7068:11890 [0] NCCL INFO transport/p2p.cc:430 Cuda Alloc Size 6291456 pointer 0x14635d800000
x3104c0s19b1n0:7074:11855 [2] NCCL INFO Connection to proxy localRank 2 -> connection 0x1516d8001f80
x3104c0s19b1n0:7074:11900 [2] NCCL INFO transport/p2p.cc:430 Cuda Alloc Size 6291456 pointer 0x1516ab800000
x3104c0s19b1n0:7072:11857 [1] NCCL INFO Channel 22/0 : 1[46000] -> 3[c7000] via P2P/IPC/read
x3104c0s19b1n0:7072:11897 [1] NCCL INFO New proxy send connection 74 from local rank 1, transport 0
x3104c0s19b1n0:7076:11856 [3] NCCL INFO Connection to proxy localRank 3 -> connection 0x14fd8c001fc0
x3104c0s19b1n0:7076:11901 [3] NCCL INFO transport/p2p.cc:430 Cuda Alloc Size 6291456 pointer 0x14fd56600000
x3104c0s19b1n0:7068:11854 [0] NCCL INFO Channel 16/0 : 0[7000] -> 2[85000] via P2P/IPC/read
x3104c0s19b1n0:7068:11890 [0] NCCL INFO New proxy send connection 74 from local rank 0, transport 0
x3104c0s19b1n0:7074:11855 [2] NCCL INFO Channel 23/0 : 2[85000] -> 0[7000] via P2P/IPC/read
x3104c0s19b1n0:7074:11900 [2] NCCL INFO New proxy send connection 77 from local rank 2, transport 0
x3104c0s19b1n0:7074:11855 [2] NCCL INFO Connection to proxy localRank 2 -> connection 0x1516d8001fc0
x3104c0s19b1n0:7072:11857 [1] NCCL INFO Connection to proxy localRank 1 -> connection 0x15207c001f00
x3104c0s19b1n0:7072:11897 [1] NCCL INFO transport/p2p.cc:430 Cuda Alloc Size 6291456 pointer 0x152051200000
x3104c0s19b1n0:7076:11856 [3] NCCL INFO Channel 17/0 : 3[c7000] -> 1[46000] via P2P/IPC/read
x3104c0s19b1n0:7076:11901 [3] NCCL INFO New proxy send connection 78 from local rank 3, transport 0
x3104c0s19b1n0:7068:11854 [0] NCCL INFO Connection to proxy localRank 0 -> connection 0x146390001f00
x3104c0s19b1n0:7068:11890 [0] NCCL INFO transport/p2p.cc:430 Cuda Alloc Size 6291456 pointer 0x14635a000000
x3104c0s19b1n0:7072:11857 [1] NCCL INFO Channel 23/0 : 1[46000] -> 3[c7000] via P2P/IPC/read
x3104c0s19b1n0:7072:11897 [1] NCCL INFO New proxy send connection 75 from local rank 1, transport 0
x3104c0s19b1n0:7074:11900 [2] NCCL INFO transport/p2p.cc:430 Cuda Alloc Size 6291456 pointer 0x1516a8000000
x3104c0s19b1n0:7076:11856 [3] NCCL INFO Connection to proxy localRank 3 -> connection 0x14fd8c002000
x3104c0s19b1n0:7076:11901 [3] NCCL INFO transport/p2p.cc:430 Cuda Alloc Size 6291456 pointer 0x14fd56c00000
x3104c0s19b1n0:7068:11854 [0] NCCL INFO Channel 17/0 : 0[7000] -> 2[85000] via P2P/IPC/read
x3104c0s19b1n0:7068:11890 [0] NCCL INFO New proxy send connection 75 from local rank 0, transport 0
x3104c0s19b1n0:7072:11857 [1] NCCL INFO Connection to proxy localRank 1 -> connection 0x15207c001f40
x3104c0s19b1n0:7072:11897 [1] NCCL INFO transport/p2p.cc:430 Cuda Alloc Size 6291456 pointer 0x152051800000
x3104c0s19b1n0:7068:11854 [0] NCCL INFO Connection to proxy localRank 0 -> connection 0x146390001f40
x3104c0s19b1n0:7068:11890 [0] NCCL INFO transport/p2p.cc:430 Cuda Alloc Size 6291456 pointer 0x14635a600000
x3104c0s19b1n0:7076:11856 [3] NCCL INFO Channel 23/0 : 3[c7000] -> 1[46000] via P2P/IPC/read
x3104c0s19b1n0:7076:11901 [3] NCCL INFO New proxy send connection 79 from local rank 3, transport 0
x3104c0s19b1n0:7068:11854 [0] NCCL INFO Channel 22/0 : 0[7000] -> 2[85000] via P2P/IPC/read
x3104c0s19b1n0:7068:11890 [0] NCCL INFO New proxy send connection 76 from local rank 0, transport 0
x3104c0s19b1n0:7068:11854 [0] NCCL INFO Connection to proxy localRank 0 -> connection 0x146390001f80
x3104c0s19b1n0:7068:11890 [0] NCCL INFO transport/p2p.cc:430 Cuda Alloc Size 6291456 pointer 0x14635ac00000
x3104c0s19b1n0:7068:11854 [0] NCCL INFO Channel 23/0 : 0[7000] -> 2[85000] via P2P/IPC/read
x3104c0s19b1n0:7076:11856 [3] NCCL INFO Connection to proxy localRank 3 -> connection 0x14fd8c002040
x3104c0s19b1n0:7076:11901 [3] NCCL INFO transport/p2p.cc:430 Cuda Alloc Size 6291456 pointer 0x14fd57200000
x3104c0s19b1n0:7068:11890 [0] NCCL INFO New proxy send connection 77 from local rank 0, transport 0
x3104c0s19b1n0:7072:11897 [1] NCCL INFO New proxy recv connection 76 from local rank 1, transport 0
x3104c0s19b1n0:7068:11854 [0] NCCL INFO Connection to proxy localRank 0 -> connection 0x146390001fc0
x3104c0s19b1n0:7068:11890 [0] NCCL INFO transport/p2p.cc:430 Cuda Alloc Size 6291456 pointer 0x14635b200000
x3104c0s19b1n0:7076:11901 [3] NCCL INFO New proxy recv connection 80 from local rank 3, transport 0
x3104c0s19b1n0:7076:11856 [3] NCCL INFO Connection to proxy localRank 3 -> connection 0x14fd8c002080
x3104c0s19b1n0:7076:11901 [3] NCCL INFO transport/p2p.cc:449 Cuda Alloc Size 6291456 pointer 0x14fd4e000000
x3104c0s19b1n0:7068:11890 [0] NCCL INFO New proxy recv connection 78 from local rank 0, transport 0
x3104c0s19b1n0:7074:11900 [2] NCCL INFO New proxy recv connection 78 from local rank 2, transport 0
x3104c0s19b1n0:7072:11857 [1] NCCL INFO Connection to proxy localRank 1 -> connection 0x15207c001f80
x3104c0s19b1n0:7072:11897 [1] NCCL INFO transport/p2p.cc:449 Cuda Alloc Size 6291456 pointer 0x152048600000
x3104c0s19b1n0:7076:11901 [3] NCCL INFO New proxy recv connection 81 from local rank 3, transport 0
x3104c0s19b1n0:7068:11854 [0] NCCL INFO Connection to proxy localRank 0 -> connection 0x146390002000
x3104c0s19b1n0:7068:11890 [0] NCCL INFO transport/p2p.cc:449 Cuda Alloc Size 6291456 pointer 0x146352000000
x3104c0s19b1n0:7074:11855 [2] NCCL INFO Connection to proxy localRank 2 -> connection 0x1516d8002000
x3104c0s19b1n0:7074:11900 [2] NCCL INFO transport/p2p.cc:449 Cuda Alloc Size 6291456 pointer 0x1516a2c00000
x3104c0s19b1n0:7076:11856 [3] NCCL INFO Connection to proxy localRank 3 -> connection 0x14fd8c0020c0
x3104c0s19b1n0:7076:11901 [3] NCCL INFO transport/p2p.cc:449 Cuda Alloc Size 6291456 pointer 0x14fd4e600000
x3104c0s19b1n0:7076:11901 [3] NCCL INFO New proxy recv connection 82 from local rank 3, transport 0
x3104c0s19b1n0:7076:11856 [3] NCCL INFO Connection to proxy localRank 3 -> connection 0x14fd8c002100
x3104c0s19b1n0:7072:11897 [1] NCCL INFO New proxy recv connection 77 from local rank 1, transport 0
x3104c0s19b1n0:7068:11890 [0] NCCL INFO New proxy recv connection 79 from local rank 0, transport 0
x3104c0s19b1n0:7072:11857 [1] NCCL INFO Connection to proxy localRank 1 -> connection 0x15207c001fc0
x3104c0s19b1n0:7072:11897 [1] NCCL INFO transport/p2p.cc:449 Cuda Alloc Size 6291456 pointer 0x152048c00000
x3104c0s19b1n0:7074:11900 [2] NCCL INFO New proxy recv connection 79 from local rank 2, transport 0
x3104c0s19b1n0:7072:11897 [1] NCCL INFO New proxy recv connection 78 from local rank 1, transport 0
x3104c0s19b1n0:7076:11901 [3] NCCL INFO transport/p2p.cc:449 Cuda Alloc Size 6291456 pointer 0x14fd4ec00000
x3104c0s19b1n0:7068:11854 [0] NCCL INFO Connection to proxy localRank 0 -> connection 0x146390002040
x3104c0s19b1n0:7076:11901 [3] NCCL INFO New proxy recv connection 83 from local rank 3, transport 0
x3104c0s19b1n0:7068:11890 [0] NCCL INFO transport/p2p.cc:449 Cuda Alloc Size 6291456 pointer 0x146352600000
x3104c0s19b1n0:7068:11890 [0] NCCL INFO New proxy recv connection 80 from local rank 0, transport 0
x3104c0s19b1n0:7068:11854 [0] NCCL INFO Connection to proxy localRank 0 -> connection 0x146390002080
x3104c0s19b1n0:7074:11855 [2] NCCL INFO Connection to proxy localRank 2 -> connection 0x1516d8002040
x3104c0s19b1n0:7074:11900 [2] NCCL INFO transport/p2p.cc:449 Cuda Alloc Size 6291456 pointer 0x1516a3200000
x3104c0s19b1n0:7074:11900 [2] NCCL INFO New proxy recv connection 80 from local rank 2, transport 0
x3104c0s19b1n0:7068:11890 [0] NCCL INFO transport/p2p.cc:449 Cuda Alloc Size 6291456 pointer 0x146352c00000
x3104c0s19b1n0:7076:11856 [3] NCCL INFO Connection to proxy localRank 3 -> connection 0x14fd8c002140
x3104c0s19b1n0:7076:11901 [3] NCCL INFO transport/p2p.cc:449 Cuda Alloc Size 6291456 pointer 0x14fd4f200000
x3104c0s19b1n0:7072:11857 [1] NCCL INFO Connection to proxy localRank 1 -> connection 0x15207c002000
x3104c0s19b1n0:7072:11897 [1] NCCL INFO transport/p2p.cc:449 Cuda Alloc Size 6291456 pointer 0x152049200000
x3104c0s19b1n0:7068:11890 [0] NCCL INFO New proxy recv connection 81 from local rank 0, transport 0
x3104c0s19b1n0:7076:11856 [3] NCCL INFO Channel 00/0 : 3[c7000] -> 2[85000] via P2P/IPC/read
x3104c0s19b1n0:7076:11901 [3] NCCL INFO New proxy send connection 84 from local rank 3, transport 0
x3104c0s19b1n0:7072:11897 [1] NCCL INFO New proxy recv connection 79 from local rank 1, transport 0
x3104c0s19b1n0:7074:11855 [2] NCCL INFO Connection to proxy localRank 2 -> connection 0x1516d8002080
x3104c0s19b1n0:7074:11900 [2] NCCL INFO transport/p2p.cc:449 Cuda Alloc Size 6291456 pointer 0x1516a3800000
x3104c0s19b1n0:7068:11854 [0] NCCL INFO Connection to proxy localRank 0 -> connection 0x1463900020c0
x3104c0s19b1n0:7068:11890 [0] NCCL INFO transport/p2p.cc:449 Cuda Alloc Size 6291456 pointer 0x146353200000
x3104c0s19b1n0:7076:11856 [3] NCCL INFO Connection to proxy localRank 3 -> connection 0x14fd8c002180
x3104c0s19b1n0:7076:11901 [3] NCCL INFO transport/p2p.cc:430 Cuda Alloc Size 6291456 pointer 0x14fd4f800000
x3104c0s19b1n0:7072:11857 [1] NCCL INFO Connection to proxy localRank 1 -> connection 0x15207c002040
x3104c0s19b1n0:7072:11897 [1] NCCL INFO transport/p2p.cc:449 Cuda Alloc Size 6291456 pointer 0x152049800000
x3104c0s19b1n0:7074:11900 [2] NCCL INFO New proxy recv connection 81 from local rank 2, transport 0
x3104c0s19b1n0:7074:11855 [2] NCCL INFO Connection to proxy localRank 2 -> connection 0x1516d80020c0
x3104c0s19b1n0:7074:11900 [2] NCCL INFO transport/p2p.cc:449 Cuda Alloc Size 6291456 pointer 0x1516a0000000
x3104c0s19b1n0:7074:11900 [2] NCCL INFO New proxy recv connection 82 from local rank 2, transport 0
x3104c0s19b1n0:7068:11890 [0] NCCL INFO New proxy recv connection 82 from local rank 0, transport 0
x3104c0s19b1n0:7076:11856 [3] NCCL INFO Channel 06/0 : 3[c7000] -> 2[85000] via P2P/IPC/read
x3104c0s19b1n0:7076:11901 [3] NCCL INFO New proxy send connection 85 from local rank 3, transport 0
x3104c0s19b1n0:7072:11897 [1] NCCL INFO New proxy recv connection 80 from local rank 1, transport 0
x3104c0s19b1n0:7068:11854 [0] NCCL INFO Connection to proxy localRank 0 -> connection 0x146390002100
x3104c0s19b1n0:7068:11890 [0] NCCL INFO transport/p2p.cc:449 Cuda Alloc Size 6291456 pointer 0x146353800000
x3104c0s19b1n0:7076:11856 [3] NCCL INFO Connection to proxy localRank 3 -> connection 0x14fd8c0021c0
x3104c0s19b1n0:7076:11901 [3] NCCL INFO transport/p2p.cc:430 Cuda Alloc Size 6291456 pointer 0x14fd4c000000
x3104c0s19b1n0:7072:11857 [1] NCCL INFO Connection to proxy localRank 1 -> connection 0x15207c002080
x3104c0s19b1n0:7068:11890 [0] NCCL INFO New proxy recv connection 83 from local rank 0, transport 0
x3104c0s19b1n0:7072:11897 [1] NCCL INFO transport/p2p.cc:449 Cuda Alloc Size 6291456 pointer 0x152046000000
x3104c0s19b1n0:7074:11855 [2] NCCL INFO Connection to proxy localRank 2 -> connection 0x1516d8002100
x3104c0s19b1n0:7074:11900 [2] NCCL INFO transport/p2p.cc:449 Cuda Alloc Size 6291456 pointer 0x1516a0600000
x3104c0s19b1n0:7068:11854 [0] NCCL INFO Connection to proxy localRank 0 -> connection 0x146390002140
x3104c0s19b1n0:7068:11890 [0] NCCL INFO transport/p2p.cc:449 Cuda Alloc Size 6291456 pointer 0x146350000000
x3104c0s19b1n0:7076:11856 [3] NCCL INFO Channel 08/0 : 3[c7000] -> 2[85000] via P2P/IPC/read
x3104c0s19b1n0:7076:11901 [3] NCCL INFO New proxy send connection 86 from local rank 3, transport 0
x3104c0s19b1n0:7074:11900 [2] NCCL INFO New proxy recv connection 83 from local rank 2, transport 0
x3104c0s19b1n0:7068:11890 [0] NCCL INFO New proxy recv connection 84 from local rank 0, transport 0
x3104c0s19b1n0:7072:11897 [1] NCCL INFO New proxy recv connection 81 from local rank 1, transport 0
x3104c0s19b1n0:7068:11854 [0] NCCL INFO Connection to proxy localRank 0 -> connection 0x146390002180
x3104c0s19b1n0:7068:11890 [0] NCCL INFO transport/p2p.cc:449 Cuda Alloc Size 6291456 pointer 0x146350600000
x3104c0s19b1n0:7072:11857 [1] NCCL INFO Connection to proxy localRank 1 -> connection 0x15207c0020c0
x3104c0s19b1n0:7072:11897 [1] NCCL INFO transport/p2p.cc:449 Cuda Alloc Size 6291456 pointer 0x152046600000
x3104c0s19b1n0:7076:11856 [3] NCCL INFO Connection to proxy localRank 3 -> connection 0x14fd8c002200
x3104c0s19b1n0:7076:11901 [3] NCCL INFO transport/p2p.cc:430 Cuda Alloc Size 6291456 pointer 0x14fd4c600000
x3104c0s19b1n0:7074:11855 [2] NCCL INFO Connection to proxy localRank 2 -> connection 0x1516d8002140
x3104c0s19b1n0:7074:11900 [2] NCCL INFO transport/p2p.cc:449 Cuda Alloc Size 6291456 pointer 0x1516a0c00000
x3104c0s19b1n0:7068:11890 [0] NCCL INFO New proxy recv connection 85 from local rank 0, transport 0
x3104c0s19b1n0:7068:11854 [0] NCCL INFO Connection to proxy localRank 0 -> connection 0x1463900021c0
x3104c0s19b1n0:7072:11897 [1] NCCL INFO New proxy recv connection 82 from local rank 1, transport 0
x3104c0s19b1n0:7076:11856 [3] NCCL INFO Channel 09/0 : 3[c7000] -> 2[85000] via P2P/IPC/read
x3104c0s19b1n0:7076:11901 [3] NCCL INFO New proxy send connection 87 from local rank 3, transport 0
x3104c0s19b1n0:7068:11890 [0] NCCL INFO transport/p2p.cc:449 Cuda Alloc Size 6291456 pointer 0x146350c00000
x3104c0s19b1n0:7074:11900 [2] NCCL INFO New proxy recv connection 84 from local rank 2, transport 0
x3104c0s19b1n0:7076:11856 [3] NCCL INFO Connection to proxy localRank 3 -> connection 0x14fd8c002240
x3104c0s19b1n0:7074:11855 [2] NCCL INFO Connection to proxy localRank 2 -> connection 0x1516d8002180
x3104c0s19b1n0:7076:11901 [3] NCCL INFO transport/p2p.cc:430 Cuda Alloc Size 6291456 pointer 0x14fd4cc00000
x3104c0s19b1n0:7074:11900 [2] NCCL INFO transport/p2p.cc:449 Cuda Alloc Size 6291456 pointer 0x1516a1200000
x3104c0s19b1n0:7072:11857 [1] NCCL INFO Connection to proxy localRank 1 -> connection 0x15207c002100
x3104c0s19b1n0:7072:11897 [1] NCCL INFO transport/p2p.cc:449 Cuda Alloc Size 6291456 pointer 0x152046c00000
x3104c0s19b1n0:7074:11900 [2] NCCL INFO New proxy recv connection 85 from local rank 2, transport 0
x3104c0s19b1n0:7068:11890 [0] NCCL INFO New proxy recv connection 86 from local rank 0, transport 0
x3104c0s19b1n0:7076:11856 [3] NCCL INFO Channel 12/0 : 3[c7000] -> 2[85000] via P2P/IPC/read
x3104c0s19b1n0:7076:11901 [3] NCCL INFO New proxy send connection 88 from local rank 3, transport 0
x3104c0s19b1n0:7074:11855 [2] NCCL INFO Connection to proxy localRank 2 -> connection 0x1516d80021c0
x3104c0s19b1n0:7074:11900 [2] NCCL INFO transport/p2p.cc:449 Cuda Alloc Size 6291456 pointer 0x1516a1800000
x3104c0s19b1n0:7072:11897 [1] NCCL INFO New proxy recv connection 83 from local rank 1, transport 0
x3104c0s19b1n0:7068:11854 [0] NCCL INFO Connection to proxy localRank 0 -> connection 0x146390002200
x3104c0s19b1n0:7068:11890 [0] NCCL INFO transport/p2p.cc:449 Cuda Alloc Size 6291456 pointer 0x146351200000
x3104c0s19b1n0:7074:11855 [2] NCCL INFO Channel 00/0 : 2[85000] -> 1[46000] via P2P/IPC/read
x3104c0s19b1n0:7074:11900 [2] NCCL INFO New proxy send connection 86 from local rank 2, transport 0
x3104c0s19b1n0:7076:11856 [3] NCCL INFO Connection to proxy localRank 3 -> connection 0x14fd8c002280
x3104c0s19b1n0:7076:11901 [3] NCCL INFO transport/p2p.cc:430 Cuda Alloc Size 6291456 pointer 0x14fd4d200000
x3104c0s19b1n0:7072:11857 [1] NCCL INFO Connection to proxy localRank 1 -> connection 0x15207c002140
x3104c0s19b1n0:7072:11897 [1] NCCL INFO transport/p2p.cc:449 Cuda Alloc Size 6291456 pointer 0x152047200000
x3104c0s19b1n0:7068:11890 [0] NCCL INFO New proxy recv connection 87 from local rank 0, transport 0
x3104c0s19b1n0:7074:11855 [2] NCCL INFO Connection to proxy localRank 2 -> connection 0x1516d8002200
x3104c0s19b1n0:7074:11900 [2] NCCL INFO transport/p2p.cc:430 Cuda Alloc Size 6291456 pointer 0x15169e000000
x3104c0s19b1n0:7076:11856 [3] NCCL INFO Channel 18/0 : 3[c7000] -> 2[85000] via P2P/IPC/read
x3104c0s19b1n0:7076:11901 [3] NCCL INFO New proxy send connection 89 from local rank 3, transport 0
x3104c0s19b1n0:7072:11897 [1] NCCL INFO New proxy recv connection 84 from local rank 1, transport 0
x3104c0s19b1n0:7076:11856 [3] NCCL INFO Connection to proxy localRank 3 -> connection 0x14fd8c0022c0
x3104c0s19b1n0:7076:11901 [3] NCCL INFO transport/p2p.cc:430 Cuda Alloc Size 6291456 pointer 0x14fd4d800000
x3104c0s19b1n0:7068:11854 [0] NCCL INFO Connection to proxy localRank 0 -> connection 0x146390002240
x3104c0s19b1n0:7068:11890 [0] NCCL INFO transport/p2p.cc:449 Cuda Alloc Size 6291456 pointer 0x146351800000
x3104c0s19b1n0:7074:11855 [2] NCCL INFO Channel 01/0 : 2[85000] -> 1[46000] via P2P/IPC/read
x3104c0s19b1n0:7074:11900 [2] NCCL INFO New proxy send connection 87 from local rank 2, transport 0
x3104c0s19b1n0:7072:11857 [1] NCCL INFO Connection to proxy localRank 1 -> connection 0x15207c002180
x3104c0s19b1n0:7072:11897 [1] NCCL INFO transport/p2p.cc:449 Cuda Alloc Size 6291456 pointer 0x152047800000
x3104c0s19b1n0:7076:11856 [3] NCCL INFO Channel 20/0 : 3[c7000] -> 2[85000] via P2P/IPC/read
x3104c0s19b1n0:7076:11901 [3] NCCL INFO New proxy send connection 90 from local rank 3, transport 0
x3104c0s19b1n0:7068:11854 [0] NCCL INFO Channel 02/0 : 0[7000] -> 3[c7000] via P2P/IPC/read
x3104c0s19b1n0:7068:11890 [0] NCCL INFO New proxy send connection 88 from local rank 0, transport 0
x3104c0s19b1n0:7074:11855 [2] NCCL INFO Connection to proxy localRank 2 -> connection 0x1516d8002240
x3104c0s19b1n0:7074:11900 [2] NCCL INFO transport/p2p.cc:430 Cuda Alloc Size 6291456 pointer 0x15169e600000
x3104c0s19b1n0:7072:11897 [1] NCCL INFO New proxy recv connection 85 from local rank 1, transport 0
x3104c0s19b1n0:7076:11856 [3] NCCL INFO Connection to proxy localRank 3 -> connection 0x14fd8c002300
x3104c0s19b1n0:7076:11901 [3] NCCL INFO transport/p2p.cc:430 Cuda Alloc Size 6291456 pointer 0x14fd4a000000
x3104c0s19b1n0:7068:11854 [0] NCCL INFO Connection to proxy localRank 0 -> connection 0x146390002280
x3104c0s19b1n0:7068:11890 [0] NCCL INFO transport/p2p.cc:430 Cuda Alloc Size 6291456 pointer 0x14634e000000
x3104c0s19b1n0:7074:11855 [2] NCCL INFO Channel 06/0 : 2[85000] -> 1[46000] via P2P/IPC/read
x3104c0s19b1n0:7074:11900 [2] NCCL INFO New proxy send connection 88 from local rank 2, transport 0
x3104c0s19b1n0:7076:11856 [3] NCCL INFO Channel 21/0 : 3[c7000] -> 2[85000] via P2P/IPC/read
x3104c0s19b1n0:7076:11901 [3] NCCL INFO New proxy send connection 91 from local rank 3, transport 0
x3104c0s19b1n0:7074:11855 [2] NCCL INFO Connection to proxy localRank 2 -> connection 0x1516d8002280
x3104c0s19b1n0:7074:11900 [2] NCCL INFO transport/p2p.cc:430 Cuda Alloc Size 6291456 pointer 0x15169ec00000
x3104c0s19b1n0:7068:11854 [0] NCCL INFO Channel 03/0 : 0[7000] -> 3[c7000] via P2P/IPC/read
x3104c0s19b1n0:7068:11890 [0] NCCL INFO New proxy send connection 89 from local rank 0, transport 0
x3104c0s19b1n0:7072:11857 [1] NCCL INFO Connection to proxy localRank 1 -> connection 0x15207c0021c0
x3104c0s19b1n0:7072:11897 [1] NCCL INFO transport/p2p.cc:449 Cuda Alloc Size 6291456 pointer 0x152044000000
x3104c0s19b1n0:7076:11856 [3] NCCL INFO Connection to proxy localRank 3 -> connection 0x14fd8c002340
x3104c0s19b1n0:7076:11901 [3] NCCL INFO transport/p2p.cc:430 Cuda Alloc Size 6291456 pointer 0x14fd4a600000
x3104c0s19b1n0:7074:11855 [2] NCCL INFO Channel 07/0 : 2[85000] -> 1[46000] via P2P/IPC/read
x3104c0s19b1n0:7074:11900 [2] NCCL INFO New proxy send connection 89 from local rank 2, transport 0
x3104c0s19b1n0:7068:11854 [0] NCCL INFO Connection to proxy localRank 0 -> connection 0x1463900022c0
x3104c0s19b1n0:7068:11890 [0] NCCL INFO transport/p2p.cc:430 Cuda Alloc Size 6291456 pointer 0x14634e600000
x3104c0s19b1n0:7068:11854 [0] NCCL INFO Channel 14/0 : 0[7000] -> 3[c7000] via P2P/IPC/read
x3104c0s19b1n0:7074:11855 [2] NCCL INFO Connection to proxy localRank 2 -> connection 0x1516d80022c0
x3104c0s19b1n0:7074:11900 [2] NCCL INFO transport/p2p.cc:430 Cuda Alloc Size 6291456 pointer 0x15169f200000
x3104c0s19b1n0:7072:11857 [1] NCCL INFO Channel 00/0 : 1[46000] -> 0[7000] via P2P/IPC/read
x3104c0s19b1n0:7072:11897 [1] NCCL INFO New proxy send connection 86 from local rank 1, transport 0
x3104c0s19b1n0:7068:11890 [0] NCCL INFO New proxy send connection 90 from local rank 0, transport 0
x3104c0s19b1n0:7074:11855 [2] NCCL INFO Channel 08/0 : 2[85000] -> 1[46000] via P2P/IPC/read
x3104c0s19b1n0:7074:11900 [2] NCCL INFO New proxy send connection 90 from local rank 2, transport 0
x3104c0s19b1n0:7072:11857 [1] NCCL INFO Connection to proxy localRank 1 -> connection 0x15207c002200
x3104c0s19b1n0:7072:11897 [1] NCCL INFO transport/p2p.cc:430 Cuda Alloc Size 6291456 pointer 0x152044600000
x3104c0s19b1n0:7068:11854 [0] NCCL INFO Connection to proxy localRank 0 -> connection 0x146390002300
x3104c0s19b1n0:7068:11890 [0] NCCL INFO transport/p2p.cc:430 Cuda Alloc Size 6291456 pointer 0x14634ec00000
x3104c0s19b1n0:7072:11857 [1] NCCL INFO Channel 01/0 : 1[46000] -> 0[7000] via P2P/IPC/read
x3104c0s19b1n0:7072:11897 [1] NCCL INFO New proxy send connection 87 from local rank 1, transport 0
x3104c0s19b1n0:7074:11855 [2] NCCL INFO Connection to proxy localRank 2 -> connection 0x1516d8002300
x3104c0s19b1n0:7074:11900 [2] NCCL INFO transport/p2p.cc:430 Cuda Alloc Size 6291456 pointer 0x15169f800000
x3104c0s19b1n0:7072:11857 [1] NCCL INFO Connection to proxy localRank 1 -> connection 0x15207c002240
x3104c0s19b1n0:7072:11897 [1] NCCL INFO transport/p2p.cc:430 Cuda Alloc Size 6291456 pointer 0x152044c00000
x3104c0s19b1n0:7068:11854 [0] NCCL INFO Channel 15/0 : 0[7000] -> 3[c7000] via P2P/IPC/read
x3104c0s19b1n0:7068:11890 [0] NCCL INFO New proxy send connection 91 from local rank 0, transport 0
x3104c0s19b1n0:7074:11855 [2] NCCL INFO Channel 12/0 : 2[85000] -> 1[46000] via P2P/IPC/read
x3104c0s19b1n0:7074:11900 [2] NCCL INFO New proxy send connection 91 from local rank 2, transport 0
x3104c0s19b1n0:7068:11854 [0] NCCL INFO Connection to proxy localRank 0 -> connection 0x146390002340
x3104c0s19b1n0:7068:11890 [0] NCCL INFO transport/p2p.cc:430 Cuda Alloc Size 6291456 pointer 0x14634f200000
x3104c0s19b1n0:7072:11857 [1] NCCL INFO Channel 06/0 : 1[46000] -> 0[7000] via P2P/IPC/read
x3104c0s19b1n0:7072:11897 [1] NCCL INFO New proxy send connection 88 from local rank 1, transport 0
x3104c0s19b1n0:7074:11855 [2] NCCL INFO Connection to proxy localRank 2 -> connection 0x1516d8002340
x3104c0s19b1n0:7074:11900 [2] NCCL INFO transport/p2p.cc:430 Cuda Alloc Size 6291456 pointer 0x15169c000000
x3104c0s19b1n0:7072:11857 [1] NCCL INFO Connection to proxy localRank 1 -> connection 0x15207c002280
x3104c0s19b1n0:7072:11897 [1] NCCL INFO transport/p2p.cc:430 Cuda Alloc Size 6291456 pointer 0x152045200000
x3104c0s19b1n0:7074:11855 [2] NCCL INFO Channel 13/0 : 2[85000] -> 1[46000] via P2P/IPC/read
x3104c0s19b1n0:7074:11900 [2] NCCL INFO New proxy send connection 92 from local rank 2, transport 0
x3104c0s19b1n0:7072:11857 [1] NCCL INFO Channel 07/0 : 1[46000] -> 0[7000] via P2P/IPC/read
x3104c0s19b1n0:7072:11897 [1] NCCL INFO New proxy send connection 89 from local rank 1, transport 0
x3104c0s19b1n0:7072:11857 [1] NCCL INFO Connection to proxy localRank 1 -> connection 0x15207c0022c0
x3104c0s19b1n0:7072:11897 [1] NCCL INFO transport/p2p.cc:430 Cuda Alloc Size 6291456 pointer 0x152045800000
x3104c0s19b1n0:7074:11855 [2] NCCL INFO Connection to proxy localRank 2 -> connection 0x1516d8002380
x3104c0s19b1n0:7074:11900 [2] NCCL INFO transport/p2p.cc:430 Cuda Alloc Size 6291456 pointer 0x15169c600000
x3104c0s19b1n0:7072:11857 [1] NCCL INFO Channel 09/0 : 1[46000] -> 0[7000] via P2P/IPC/read
x3104c0s19b1n0:7072:11897 [1] NCCL INFO New proxy send connection 90 from local rank 1, transport 0
x3104c0s19b1n0:7074:11855 [2] NCCL INFO Channel 18/0 : 2[85000] -> 1[46000] via P2P/IPC/read
x3104c0s19b1n0:7074:11900 [2] NCCL INFO New proxy send connection 93 from local rank 2, transport 0
x3104c0s19b1n0:7072:11857 [1] NCCL INFO Connection to proxy localRank 1 -> connection 0x15207c002300
x3104c0s19b1n0:7072:11897 [1] NCCL INFO transport/p2p.cc:430 Cuda Alloc Size 6291456 pointer 0x152042000000
x3104c0s19b1n0:7074:11855 [2] NCCL INFO Connection to proxy localRank 2 -> connection 0x1516d80023c0
x3104c0s19b1n0:7074:11900 [2] NCCL INFO transport/p2p.cc:430 Cuda Alloc Size 6291456 pointer 0x15169cc00000
x3104c0s19b1n0:7074:11855 [2] NCCL INFO Channel 19/0 : 2[85000] -> 1[46000] via P2P/IPC/read
x3104c0s19b1n0:7074:11900 [2] NCCL INFO New proxy send connection 94 from local rank 2, transport 0
x3104c0s19b1n0:7072:11857 [1] NCCL INFO Channel 12/0 : 1[46000] -> 0[7000] via P2P/IPC/read
x3104c0s19b1n0:7072:11897 [1] NCCL INFO New proxy send connection 91 from local rank 1, transport 0
x3104c0s19b1n0:7074:11855 [2] NCCL INFO Connection to proxy localRank 2 -> connection 0x1516d8002400
x3104c0s19b1n0:7074:11900 [2] NCCL INFO transport/p2p.cc:430 Cuda Alloc Size 6291456 pointer 0x15169d200000
x3104c0s19b1n0:7072:11857 [1] NCCL INFO Connection to proxy localRank 1 -> connection 0x15207c002340
x3104c0s19b1n0:7072:11897 [1] NCCL INFO transport/p2p.cc:430 Cuda Alloc Size 6291456 pointer 0x152042600000
x3104c0s19b1n0:7074:11855 [2] NCCL INFO Channel 20/0 : 2[85000] -> 1[46000] via P2P/IPC/read
x3104c0s19b1n0:7074:11900 [2] NCCL INFO New proxy send connection 95 from local rank 2, transport 0
x3104c0s19b1n0:7072:11857 [1] NCCL INFO Channel 13/0 : 1[46000] -> 0[7000] via P2P/IPC/read
x3104c0s19b1n0:7072:11897 [1] NCCL INFO New proxy send connection 92 from local rank 1, transport 0
x3104c0s19b1n0:7074:11855 [2] NCCL INFO Connection to proxy localRank 2 -> connection 0x1516d8002440
x3104c0s19b1n0:7074:11900 [2] NCCL INFO transport/p2p.cc:430 Cuda Alloc Size 6291456 pointer 0x15169d800000
x3104c0s19b1n0:7072:11857 [1] NCCL INFO Connection to proxy localRank 1 -> connection 0x15207c002380
x3104c0s19b1n0:7072:11897 [1] NCCL INFO transport/p2p.cc:430 Cuda Alloc Size 6291456 pointer 0x152042c00000
x3104c0s19b1n0:7076:11856 [3] NCCL INFO Connected all trees by HAO
x3104c0s19b1n0:7076:11856 [3] NCCL INFO threadThresholds 8/8/64 | 32/8/64 | 512 | 512
x3104c0s19b1n0:7076:11856 [3] NCCL INFO channel.cc:23 Cuda Alloc Size 1920 pointer 0x14fdcb818e00
x3104c0s19b1n0:7076:11856 [3] NCCL INFO channel.cc:27 Cuda Alloc Size 16 pointer 0x14fdcb819600
x3104c0s19b1n0:7076:11856 [3] NCCL INFO channel.cc:23 Cuda Alloc Size 1920 pointer 0x14fdcb819800
x3104c0s19b1n0:7076:11856 [3] NCCL INFO channel.cc:27 Cuda Alloc Size 16 pointer 0x14fdcb81a000
x3104c0s19b1n0:7076:11856 [3] NCCL INFO channel.cc:23 Cuda Alloc Size 1920 pointer 0x14fdcb81a200
x3104c0s19b1n0:7076:11856 [3] NCCL INFO channel.cc:27 Cuda Alloc Size 16 pointer 0x14fdcb81aa00
x3104c0s19b1n0:7076:11856 [3] NCCL INFO channel.cc:23 Cuda Alloc Size 1920 pointer 0x14fdcb81ac00
x3104c0s19b1n0:7076:11856 [3] NCCL INFO channel.cc:27 Cuda Alloc Size 16 pointer 0x14fdcb81b400
x3104c0s19b1n0:7076:11856 [3] NCCL INFO channel.cc:23 Cuda Alloc Size 1920 pointer 0x14fdcb81b600
x3104c0s19b1n0:7076:11856 [3] NCCL INFO channel.cc:27 Cuda Alloc Size 16 pointer 0x14fdcb81be00
x3104c0s19b1n0:7076:11856 [3] NCCL INFO channel.cc:23 Cuda Alloc Size 1920 pointer 0x14fdcb81c000
x3104c0s19b1n0:7076:11856 [3] NCCL INFO channel.cc:27 Cuda Alloc Size 16 pointer 0x14fdcb81c800
x3104c0s19b1n0:7076:11856 [3] NCCL INFO channel.cc:23 Cuda Alloc Size 1920 pointer 0x14fdcb81ca00
x3104c0s19b1n0:7076:11856 [3] NCCL INFO channel.cc:27 Cuda Alloc Size 16 pointer 0x14fdcb81d200
x3104c0s19b1n0:7076:11856 [3] NCCL INFO channel.cc:23 Cuda Alloc Size 1920 pointer 0x14fdcb81d400
x3104c0s19b1n0:7076:11856 [3] NCCL INFO channel.cc:27 Cuda Alloc Size 16 pointer 0x14fdcb81dc00
x3104c0s19b1n0:7076:11856 [3] NCCL INFO 24 coll channels, 32 p2p channels, 8 p2p channels per peer
x3104c0s19b1n0:7076:11901 [3] NCCL INFO Allocated 4194656 bytes of shared memory in /dev/shm/nccl-IwCF2e

x3104c0s19b1n0:7076:11901 [3] NCCL INFO New proxy send connection 92 from local rank 3, transport 2
x3104c0s19b1n0:7072:11857 [1] NCCL INFO Channel 18/0 : 1[46000] -> 0[7000] via P2P/IPC/read
x3104c0s19b1n0:7072:11897 [1] NCCL INFO New proxy send connection 93 from local rank 1, transport 0
x3104c0s19b1n0:7072:11857 [1] NCCL INFO Connection to proxy localRank 1 -> connection 0x15207c0023c0
x3104c0s19b1n0:7072:11897 [1] NCCL INFO transport/p2p.cc:430 Cuda Alloc Size 6291456 pointer 0x152043200000
x3104c0s19b1n0:7072:11857 [1] NCCL INFO Channel 19/0 : 1[46000] -> 0[7000] via P2P/IPC/read
x3104c0s19b1n0:7076:11856 [3] NCCL INFO Connection to proxy localRank 3 -> connection 0x14fd8c002380
x3104c0s19b1n0:7076:11901 [3] NCCL INFO transport/net.cc:376 Cuda Alloc Size 67108864 pointer 0x14fd3c000000
x3104c0s19b1n0:7072:11897 [1] NCCL INFO New proxy send connection 94 from local rank 1, transport 0
x3104c0s19b1n0:7072:11857 [1] NCCL INFO Connection to proxy localRank 1 -> connection 0x15207c002400
x3104c0s19b1n0:7072:11897 [1] NCCL INFO transport/p2p.cc:430 Cuda Alloc Size 6291456 pointer 0x152043800000
x3104c0s19b1n0:7072:11857 [1] NCCL INFO Channel 21/0 : 1[46000] -> 0[7000] via P2P/IPC/read
x3104c0s19b1n0:7072:11897 [1] NCCL INFO New proxy send connection 95 from local rank 1, transport 0
x3104c0s19b1n0:7072:11857 [1] NCCL INFO Connection to proxy localRank 1 -> connection 0x15207c002440
x3104c0s19b1n0:7072:11897 [1] NCCL INFO transport/p2p.cc:430 Cuda Alloc Size 6291456 pointer 0x152040000000
x3104c0s19b1n0:7074:11855 [2] NCCL INFO Connected all trees by HAO
x3104c0s19b1n0:7074:11855 [2] NCCL INFO threadThresholds 8/8/64 | 32/8/64 | 512 | 512
x3104c0s19b1n0:7074:11855 [2] NCCL INFO channel.cc:23 Cuda Alloc Size 1920 pointer 0x151727818e00
x3104c0s19b1n0:7074:11855 [2] NCCL INFO channel.cc:27 Cuda Alloc Size 16 pointer 0x151727819600
x3104c0s19b1n0:7074:11855 [2] NCCL INFO channel.cc:23 Cuda Alloc Size 1920 pointer 0x151727819800
x3104c0s19b1n0:7074:11855 [2] NCCL INFO channel.cc:27 Cuda Alloc Size 16 pointer 0x15172781a000
x3104c0s19b1n0:7074:11855 [2] NCCL INFO channel.cc:23 Cuda Alloc Size 1920 pointer 0x15172781a200
x3104c0s19b1n0:7074:11855 [2] NCCL INFO channel.cc:27 Cuda Alloc Size 16 pointer 0x15172781aa00
x3104c0s19b1n0:7074:11855 [2] NCCL INFO channel.cc:23 Cuda Alloc Size 1920 pointer 0x15172781ac00
x3104c0s19b1n0:7074:11855 [2] NCCL INFO channel.cc:27 Cuda Alloc Size 16 pointer 0x15172781b400
x3104c0s19b1n0:7074:11855 [2] NCCL INFO channel.cc:23 Cuda Alloc Size 1920 pointer 0x15172781b600
x3104c0s19b1n0:7074:11855 [2] NCCL INFO channel.cc:27 Cuda Alloc Size 16 pointer 0x15172781be00
x3104c0s19b1n0:7074:11855 [2] NCCL INFO channel.cc:23 Cuda Alloc Size 1920 pointer 0x15172781c000
x3104c0s19b1n0:7074:11855 [2] NCCL INFO channel.cc:27 Cuda Alloc Size 16 pointer 0x15172781c800
x3104c0s19b1n0:7074:11855 [2] NCCL INFO channel.cc:23 Cuda Alloc Size 1920 pointer 0x15172781ca00
x3104c0s19b1n0:7074:11855 [2] NCCL INFO channel.cc:27 Cuda Alloc Size 16 pointer 0x15172781d200
x3104c0s19b1n0:7074:11855 [2] NCCL INFO channel.cc:23 Cuda Alloc Size 1920 pointer 0x15172781d400
x3104c0s19b1n0:7074:11855 [2] NCCL INFO channel.cc:27 Cuda Alloc Size 16 pointer 0x15172781dc00
x3104c0s19b1n0:7074:11855 [2] NCCL INFO 24 coll channels, 32 p2p channels, 8 p2p channels per peer
x3104c0s19b1n0:7074:11900 [2] NCCL INFO Allocated 4194656 bytes of shared memory in /dev/shm/nccl-UpoCq4

x3104c0s19b1n0:7074:11900 [2] NCCL INFO New proxy send connection 96 from local rank 2, transport 2
x3104c0s19b1n0:7068:11854 [0] NCCL INFO Connected all trees by HAO
x3104c0s19b1n0:7068:11854 [0] NCCL INFO Latency/AlgBw |    Tree/    LL |    Tree/ LL128 |    Tree/Simple |    Ring/    LL |    Ring/ LL128 |    Ring/Simple | CollNetDirect/    LL | CollNetDirect/ LL128 | CollNetDirect/Simple | CollNetChain/    LL | CollNetChain/ LL128 | CollNetChain/Simple |
x3104c0s19b1n0:7068:11854 [0] NCCL INFO  Max NThreads |            512 |            640 |            512 |            512 |            640 |            512 |              0 |              0 |            512 |              0 |              0 |            512 |
x3104c0s19b1n0:7068:11854 [0] NCCL INFO     Broadcast |     0.0/   0.0 |     0.0/   0.0 |     0.0/   0.0 |     5.5/  78.3 |    17.6/ 216.2 |   120.4/ 235.0 |     0.0/   0.0 |     0.0/   0.0 |     0.0/   0.0 |     0.0/   0.0 |     0.0/   0.0 |     0.0/   0.0 |
x3104c0s19b1n0:7068:11854 [0] NCCL INFO        Reduce |     0.0/   0.0 |     0.0/   0.0 |     0.0/   0.0 |     5.5/  58.8 |    17.6/ 216.2 |   120.4/ 235.0 |     0.0/   0.0 |     0.0/   0.0 |     0.0/   0.0 |     0.0/   0.0 |     0.0/   0.0 |     0.0/   0.0 |
x3104c0s19b1n0:7068:11854 [0] NCCL INFO     AllGather |     0.0/   0.0 |     0.0/   0.0 |     0.0/   0.0 |     5.0/ 104.4 |    15.7/ 288.3 |    18.6/ 313.3 |     0.0/   0.0 |     0.0/   0.0 |     0.0/   0.0 |     0.0/   0.0 |     0.0/   0.0 |     0.0/   0.0 |
x3104c0s19b1n0:7068:11854 [0] NCCL INFO ReduceScatter |     0.0/   0.0 |     0.0/   0.0 |     0.0/   0.0 |     5.0/ 104.4 |    15.7/ 288.3 |    18.6/ 313.3 |     0.0/   0.0 |     0.0/   0.0 |     0.0/   0.0 |     0.0/   0.0 |     0.0/   0.0 |     0.0/   0.0 |
x3104c0s19b1n0:7068:11854 [0] NCCL INFO     AllReduce |     7.5/  28.4 |    11.9/  84.1 |   168.0/ 108.1 |     6.4/  39.2 |    21.4/ 144.1 |    28.8/ 156.7 |     7.4/   0.0 |     7.4/   0.0 |    29.7/   0.0 |     4.4/   0.0 |     4.4/   0.0 |    48.0/   0.0 |
x3104c0s19b1n0:7068:11854 [0] NCCL INFO threadThresholds 8/8/64 | 32/8/64 | 512 | 512
x3104c0s19b1n0:7068:11854 [0] NCCL INFO channel.cc:23 Cuda Alloc Size 1920 pointer 0x14640582aa00
x3104c0s19b1n0:7068:11854 [0] NCCL INFO channel.cc:27 Cuda Alloc Size 16 pointer 0x14640582b200
x3104c0s19b1n0:7068:11854 [0] NCCL INFO channel.cc:23 Cuda Alloc Size 1920 pointer 0x14640582b400
x3104c0s19b1n0:7068:11854 [0] NCCL INFO channel.cc:27 Cuda Alloc Size 16 pointer 0x14640582bc00
x3104c0s19b1n0:7068:11854 [0] NCCL INFO channel.cc:23 Cuda Alloc Size 1920 pointer 0x14640582be00
x3104c0s19b1n0:7068:11854 [0] NCCL INFO channel.cc:27 Cuda Alloc Size 16 pointer 0x14640582c600
x3104c0s19b1n0:7068:11854 [0] NCCL INFO channel.cc:23 Cuda Alloc Size 1920 pointer 0x14640582c800
x3104c0s19b1n0:7068:11854 [0] NCCL INFO channel.cc:27 Cuda Alloc Size 16 pointer 0x14640582d000
x3104c0s19b1n0:7068:11854 [0] NCCL INFO channel.cc:23 Cuda Alloc Size 1920 pointer 0x14640582d200
x3104c0s19b1n0:7068:11854 [0] NCCL INFO channel.cc:27 Cuda Alloc Size 16 pointer 0x14640582da00
x3104c0s19b1n0:7068:11854 [0] NCCL INFO channel.cc:23 Cuda Alloc Size 1920 pointer 0x14640582dc00
x3104c0s19b1n0:7068:11854 [0] NCCL INFO channel.cc:27 Cuda Alloc Size 16 pointer 0x14640582e400
x3104c0s19b1n0:7068:11854 [0] NCCL INFO channel.cc:23 Cuda Alloc Size 1920 pointer 0x14640582e600
x3104c0s19b1n0:7068:11854 [0] NCCL INFO channel.cc:27 Cuda Alloc Size 16 pointer 0x14640582ee00
x3104c0s19b1n0:7068:11854 [0] NCCL INFO channel.cc:23 Cuda Alloc Size 1920 pointer 0x14640582f000
x3104c0s19b1n0:7068:11854 [0] NCCL INFO channel.cc:27 Cuda Alloc Size 16 pointer 0x14640582f800
x3104c0s19b1n0:7068:11854 [0] NCCL INFO 24 coll channels, 32 p2p channels, 8 p2p channels per peer
x3104c0s19b1n0:7068:11890 [0] NCCL INFO Allocated 4194656 bytes of shared memory in /dev/shm/nccl-pnlk4D

x3104c0s19b1n0:7068:11890 [0] NCCL INFO New proxy send connection 92 from local rank 0, transport 2
x3104c0s19b1n0:7072:11857 [1] NCCL INFO Connected all trees by HAO
x3104c0s19b1n0:7072:11857 [1] NCCL INFO threadThresholds 8/8/64 | 32/8/64 | 512 | 512
x3104c0s19b1n0:7072:11857 [1] NCCL INFO channel.cc:23 Cuda Alloc Size 1920 pointer 0x1520cb818e00
x3104c0s19b1n0:7072:11857 [1] NCCL INFO channel.cc:27 Cuda Alloc Size 16 pointer 0x1520cb819600
x3104c0s19b1n0:7072:11857 [1] NCCL INFO channel.cc:23 Cuda Alloc Size 1920 pointer 0x1520cb819800
x3104c0s19b1n0:7072:11857 [1] NCCL INFO channel.cc:27 Cuda Alloc Size 16 pointer 0x1520cb81a000
x3104c0s19b1n0:7072:11857 [1] NCCL INFO channel.cc:23 Cuda Alloc Size 1920 pointer 0x1520cb81a200
x3104c0s19b1n0:7072:11857 [1] NCCL INFO channel.cc:27 Cuda Alloc Size 16 pointer 0x1520cb81aa00
x3104c0s19b1n0:7072:11857 [1] NCCL INFO channel.cc:23 Cuda Alloc Size 1920 pointer 0x1520cb81ac00
x3104c0s19b1n0:7072:11857 [1] NCCL INFO channel.cc:27 Cuda Alloc Size 16 pointer 0x1520cb81b400
x3104c0s19b1n0:7072:11857 [1] NCCL INFO channel.cc:23 Cuda Alloc Size 1920 pointer 0x1520cb81b600
x3104c0s19b1n0:7072:11857 [1] NCCL INFO channel.cc:27 Cuda Alloc Size 16 pointer 0x1520cb81be00
x3104c0s19b1n0:7072:11857 [1] NCCL INFO channel.cc:23 Cuda Alloc Size 1920 pointer 0x1520cb81c000
x3104c0s19b1n0:7072:11857 [1] NCCL INFO channel.cc:27 Cuda Alloc Size 16 pointer 0x1520cb81c800
x3104c0s19b1n0:7072:11857 [1] NCCL INFO channel.cc:23 Cuda Alloc Size 1920 pointer 0x1520cb81ca00
x3104c0s19b1n0:7072:11857 [1] NCCL INFO channel.cc:27 Cuda Alloc Size 16 pointer 0x1520cb81d200
x3104c0s19b1n0:7072:11857 [1] NCCL INFO channel.cc:23 Cuda Alloc Size 1920 pointer 0x1520cb81d400
x3104c0s19b1n0:7072:11857 [1] NCCL INFO channel.cc:27 Cuda Alloc Size 16 pointer 0x1520cb81dc00
x3104c0s19b1n0:7072:11857 [1] NCCL INFO 24 coll channels, 32 p2p channels, 8 p2p channels per peer
x3104c0s19b1n0:7072:11897 [1] NCCL INFO Allocated 4194656 bytes of shared memory in /dev/shm/nccl-sC4PbV

x3104c0s19b1n0:7072:11897 [1] NCCL INFO New proxy send connection 96 from local rank 1, transport 2
x3104c0s19b1n0:7074:11855 [2] NCCL INFO Connection to proxy localRank 2 -> connection 0x1516d8002480
x3104c0s19b1n0:7074:11900 [2] NCCL INFO transport/net.cc:376 Cuda Alloc Size 67108864 pointer 0x15168c000000
x3104c0s19b1n0:7068:11854 [0] NCCL INFO Connection to proxy localRank 0 -> connection 0x146390002380
x3104c0s19b1n0:7072:11857 [1] NCCL INFO Connection to proxy localRank 1 -> connection 0x15207c002480
x3104c0s19b1n0:7072:11857 [1] NCCL INFO init.cc:367 Cuda Alloc Size 5168 pointer 0x1520cb81de00
x3104c0s19b1n0:7076:11856 [3] NCCL INFO init.cc:367 Cuda Alloc Size 5168 pointer 0x14fdcb81de00
x3104c0s19b1n0:7074:11855 [2] NCCL INFO init.cc:367 Cuda Alloc Size 5168 pointer 0x15172781de00
x3104c0s19b1n0:7068:11854 [0] NCCL INFO init.cc:367 Cuda Alloc Size 5168 pointer 0x14640582fa00
x3104c0s19b1n0:7076:11856 [3] NCCL INFO init.cc:392 Cuda Host Alloc Size 33554432 pointer 0x14fd3a000000
x3104c0s19b1n0:7076:11856 [3] NCCL INFO init.cc:398 Cuda Host Alloc Size 128 pointer 0x14fdcae00600
x3104c0s19b1n0:7076:11856 [3] NCCL INFO comm 0x55d0801ba9b0 rank 3 nranks 4 cudaDev 3 busId c7000 - Init COMPLETE
x3104c0s19b1n0:7074:11855 [2] NCCL INFO init.cc:392 Cuda Host Alloc Size 33554432 pointer 0x15168a000000
x3104c0s19b1n0:7074:11855 [2] NCCL INFO init.cc:398 Cuda Host Alloc Size 128 pointer 0x151726e00600
x3104c0s19b1n0:7074:11855 [2] NCCL INFO comm 0x55947c8e8c50 rank 2 nranks 4 cudaDev 2 busId 85000 - Init COMPLETE
[Hao INFO in ncclBroadcast (broadcast.cc)] rank 2 Broadcast: count: 3, datatype: ncclInt64, message size: 24 Bytes
x3104c0s19b1n0:7074:7074 [2] NCCL INFO Broadcast: opCount 0 sendbuff 0x151767600400 recvbuff 0x151767600400 count 24 datatype 0 op 0 root 0 comm 0x55947c8e8c50 [nranks=4] stream 0x55947b0b2fb0
x3104c0s19b1n0:7074:7074 [2] NCCL INFO misc/utils.cc:235 memory stack hunk malloc(65536)
[LYD INFO in ncclLaunchKernel (enqueue.cc)] NCHANNELS is: 24x3104c0s19b1n0:7068:11854 [0] NCCL INFO init.cc:392 Cuda Host Alloc Size 33554432 pointer 0x146342000000
x3104c0s19b1n0:7068:11854 [0] NCCL INFO init.cc:398 Cuda Host Alloc Size 128 pointer 0x146404e00e00
x3104c0s19b1n0:7068:11854 [0] NCCL INFO comm 0x556392ca4df0 rank 0 nranks 4 cudaDev 0 busId 7000 - Init COMPLETE
x3104c0s19b1n0:7072:11857 [1] NCCL INFO init.cc:392 Cuda Host Alloc Size 33554432 pointer 0x152032000000
x3104c0s19b1n0:7072:11857 [1] NCCL INFO init.cc:398 Cuda Host Alloc Size 128 pointer 0x1520cae00600
x3104c0s19b1n0:7072:11857 [1] NCCL INFO comm 0x55f94b748e20 rank 1 nranks 4 cudaDev 1 busId 46000 - Init COMPLETE
x3104c0s19b1n0:7072:11897 [1] NCCL INFO transport/net.cc:376 Cuda Alloc Size 67108864 pointer 0x15202e000000
x3104c0s19b1n0:7068:11890 [0] NCCL INFO transport/net.cc:376 Cuda Alloc Size 67108864 pointer 0x14633e000000
[Hao INFO in ncclBroadcast (broadcast.cc)] rank 0 Broadcast: count: 3, datatype: ncclInt64, message size: 24 Bytes
x3104c0s19b1n0:7068:7068 [0] NCCL INFO Broadcast: opCount 0 sendbuff 0x14643f600400 recvbuff 0x14643f600400 count 24 datatype 0 op 0 root 0 comm 0x556392ca4df0 [nranks=4] stream 0x55638f9e30d0
x3104c0s19b1n0:7068:7068 [0] NCCL INFO misc/utils.cc:235 memory stack hunk malloc(65536)

[LYD INFO in getAlgoInfo (enqueue.cc)] algorithm a is: 0

