x3001c0s31b0n0:46262:50009 [3] NCCL INFO NET/0 :GPU/7000 (5/12.000000/SYS) GPU/46000 (5/12.000000/SYS) GPU/85000 (5/12.000000/SYS) GPU/C7000 (4/12.000000/PHB) CPU/3 (3/12.000000/SYS) CPU/2 (3/12.000000/SYS) CPU/1 (3/12.000000/SYS) CPU/0 (2/12.000000/PHB) NET/1 (5/12.000000/SYS) NET/0 (0/5000.000000/LOC) 
x3001c0s31b0n0:46262:50009 [3] NCCL INFO Setting affinity for GPU 3 to 01
x3001c0s31b0n0:46262:50009 [3] NCCL INFO Pattern 4, crossNic 0, nChannels 2, bw 12.000000/12.000000, type NVL/SYS, sameChannels 1
x3001c0s31b0n0:46262:50009 [3] NCCL INFO  0 : NET/1 GPU/1 GPU/0 GPU/2 GPU/3 NET/1
x3001c0s31b0n0:46262:50009 [3] NCCL INFO  1 : NET/0 GPU/1 GPU/0 GPU/2 GPU/3 NET/0
x3001c0s31b0n0:46262:50009 [3] NCCL INFO Pattern 1, crossNic 0, nChannels 2, bw 24.000000/12.000000, type NVL/SYS, sameChannels 1
x3001c0s31b0n0:46262:50009 [3] NCCL INFO  0 : NET/1 GPU/0 GPU/1 GPU/2 GPU/3 NET/1
x3001c0s31b0n0:46262:50009 [3] NCCL INFO  1 : NET/0 GPU/0 GPU/1 GPU/2 GPU/3 NET/0
x3001c0s31b0n0:46262:50009 [3] NCCL INFO Pattern 3, crossNic 0, nChannels 0, bw 0.000000/0.000000, type NVL/PIX, sameChannels 1
x3001c0s31b0n0:46259:50006 [0] NCCL INFO Tree 0 : -1 -> 0 -> 1/16/-1
x3001c0s31b0n0:46259:50006 [0] NCCL INFO Tree 2 : 4 -> 0 -> 1/-1/-1
x3001c0s31b0n0:46259:50006 [0] NCCL INFO Tree 1 : -1 -> 0 -> 1/16/-1
x3001c0s31b0n0:46259:50006 [0] NCCL INFO Tree 3 : 4 -> 0 -> 1/-1/-1
x3001c0s31b0n0:46259:50006 [0] NCCL INFO Channel 00/04 :    0   2   3   5   4   6   7   9   8  10  11  13  12  14  15  17  16  18  19   1
x3001c0s31b0n0:46259:50006 [0] NCCL INFO Channel 01/04 :    0   2   3   5   4   6   7   9   8  10  11  13  12  14  15  17  16  18  19   1
x3001c0s31b0n0:46259:50006 [0] NCCL INFO Channel 02/04 :    0   2   3   5   4   6   7   9   8  10  11  13  12  14  15  17  16  18  19   1
x3001c0s31b0n0:46259:50006 [0] NCCL INFO Channel 03/04 :    0   2   3   5   4   6   7   9   8  10  11  13  12  14  15  17  16  18  19   1
x3001c0s31b0n0:46259:50006 [0] NCCL INFO Ring 00 : 1 -> 0 -> 2
x3001c0s31b0n0:46259:50006 [0] NCCL INFO Ring 01 : 1 -> 0 -> 2
x3001c0s31b0n0:46259:50006 [0] NCCL INFO Ring 02 : 1 -> 0 -> 2
x3001c0s31b0n0:46259:50006 [0] NCCL INFO Ring 03 : 1 -> 0 -> 2
x3001c0s31b0n0:46259:50006 [0] NCCL INFO Trees [0] 1/16/-1->0->-1 [1] 1/16/-1->0->-1 [2] 1/-1/-1->0->4 [3] 1/-1/-1->0->4
x3001c0s31b0n0:46259:50006 [0] NCCL INFO misc/utils.cc:235 memory stack hunk malloc(65536)
x3001c0s31b0n0:46259:50006 [0] NCCL INFO channel.cc:23 Cuda Alloc Size 8064 pointer 0x153f17a09e00
x3001c0s31b0n0:46259:50006 [0] NCCL INFO channel.cc:27 Cuda Alloc Size 80 pointer 0x153f17a0be00
x3001c0s31b0n0:46259:50006 [0] NCCL INFO channel.cc:23 Cuda Alloc Size 8064 pointer 0x153f17a0c000
x3001c0s31b0n0:46259:50006 [0] NCCL INFO channel.cc:27 Cuda Alloc Size 80 pointer 0x153f17a0e000
x3001c0s31b0n0:46259:50006 [0] NCCL INFO channel.cc:23 Cuda Alloc Size 8064 pointer 0x153f17a0e200
x3001c0s31b0n0:46259:50006 [0] NCCL INFO channel.cc:27 Cuda Alloc Size 80 pointer 0x153f17a10200
x3001c0s31b0n0:46259:50006 [0] NCCL INFO channel.cc:23 Cuda Alloc Size 8064 pointer 0x153f17a10400
x3001c0s31b0n0:46259:50006 [0] NCCL INFO channel.cc:27 Cuda Alloc Size 80 pointer 0x153f17a12400
x3001c0s31b0n0:46259:50006 [0] NCCL INFO Channel 00/0 : 0[7000] -> 2[85000] via P2P/IPC/read
x3001c0s31b0n0:46259:50139 [0] NCCL INFO Mem Realloc old size 0, new size 8 pointer 0x153ce8000c60
x3001c0s31b0n0:46259:50139 [0] NCCL INFO New proxy send connection 0 from local rank 0, transport 0
x3001c0s31b0n0:46259:50006 [0] NCCL INFO Connection to proxy localRank 0 -> connection 0x153ce8000c80
x3001c0s31b0n0:46259:50139 [0] NCCL INFO transport/p2p.cc:430 Cuda Alloc Size 6291456 pointer 0x153cf3a00000
x3001c0s31b0n0:46259:50006 [0] NCCL INFO Channel 01/0 : 0[7000] -> 2[85000] via P2P/IPC/read
x3001c0s31b0n0:46260:50008 [1] NCCL INFO Tree 0 : 0 -> 1 -> 2/-1/-1
x3001c0s31b0n0:46260:50008 [1] NCCL INFO Tree 2 : 0 -> 1 -> 2/12/-1
x3001c0s31b0n0:46260:50008 [1] NCCL INFO Tree 1 : 0 -> 1 -> 2/-1/-1
x3001c0s31b0n0:46260:50008 [1] NCCL INFO Tree 3 : 0 -> 1 -> 2/12/-1
x3001c0s31b0n0:46260:50008 [1] NCCL INFO Ring 00 : 19 -> 1 -> 0
x3001c0s31b0n0:46260:50008 [1] NCCL INFO Ring 01 : 19 -> 1 -> 0
x3001c0s31b0n0:46260:50008 [1] NCCL INFO Ring 02 : 19 -> 1 -> 0
x3001c0s31b0n0:46260:50008 [1] NCCL INFO Ring 03 : 19 -> 1 -> 0
x3001c0s31b0n0:46260:50008 [1] NCCL INFO Trees [0] 2/-1/-1->1->0 [1] 2/-1/-1->1->0 [2] 2/12/-1->1->0 [3] 2/12/-1->1->0
x3001c0s31b0n0:46260:50008 [1] NCCL INFO misc/utils.cc:235 memory stack hunk malloc(65536)
x3001c0s31b0n0:46260:50008 [1] NCCL INFO channel.cc:23 Cuda Alloc Size 8064 pointer 0x14e345809e00
x3001c0s31b0n0:46260:50008 [1] NCCL INFO channel.cc:27 Cuda Alloc Size 80 pointer 0x14e34580be00
x3001c0s31b0n0:46260:50008 [1] NCCL INFO channel.cc:23 Cuda Alloc Size 8064 pointer 0x14e34580c000
x3001c0s31b0n0:46260:50008 [1] NCCL INFO channel.cc:27 Cuda Alloc Size 80 pointer 0x14e34580e000
x3001c0s31b0n0:46260:50008 [1] NCCL INFO channel.cc:23 Cuda Alloc Size 8064 pointer 0x14e34580e200
x3001c0s31b0n0:46260:50008 [1] NCCL INFO channel.cc:27 Cuda Alloc Size 80 pointer 0x14e345810200
x3001c0s31b0n0:46260:50008 [1] NCCL INFO channel.cc:23 Cuda Alloc Size 8064 pointer 0x14e345810400
x3001c0s31b0n0:46260:50008 [1] NCCL INFO channel.cc:27 Cuda Alloc Size 80 pointer 0x14e345812400
x3001c0s31b0n0:46260:50008 [1] NCCL INFO GPU Direct RDMA Disabled for GPU 46000 / HCA 1 (distance 6 > 4)
x3001c0s31b0n0:46259:50139 [0] NCCL INFO New proxy send connection 1 from local rank 0, transport 0
x3001c0s31b0n0:46260:50138 [1] NCCL INFO Mem Realloc old size 0, new size 8 pointer 0x14e110000c60
x3001c0s31b0n0:46260:50138 [1] NCCL INFO Allocated 4194656 bytes of shared memory in /dev/shm/nccl-HRcy6b

x3001c0s31b0n0:46260:50138 [1] NCCL INFO New proxy recv connection 0 from local rank 1, transport 2
x3001c0s31b0n0:46261:50007 [2] NCCL INFO Ring 00 : 0 -> 2 -> 3
x3001c0s31b0n0:46261:50007 [2] NCCL INFO Ring 01 : 0 -> 2 -> 3
x3001c0s31b0n0:46261:50007 [2] NCCL INFO Ring 02 : 0 -> 2 -> 3
x3001c0s31b0n0:46261:50007 [2] NCCL INFO Ring 03 : 0 -> 2 -> 3
x3001c0s31b0n0:46261:50007 [2] NCCL INFO Trees [0] 3/-1/-1->2->1 [1] 3/-1/-1->2->1 [2] 3/-1/-1->2->1 [3] 3/-1/-1->2->1
x3001c0s31b0n0:46261:50007 [2] NCCL INFO misc/utils.cc:235 memory stack hunk malloc(65536)
x3001c0s31b0n0:46261:50007 [2] NCCL INFO channel.cc:23 Cuda Alloc Size 8064 pointer 0x14dea7809e00
x3001c0s31b0n0:46261:50007 [2] NCCL INFO channel.cc:27 Cuda Alloc Size 80 pointer 0x14dea780be00
x3001c0s31b0n0:46261:50007 [2] NCCL INFO channel.cc:23 Cuda Alloc Size 8064 pointer 0x14dea780c000
x3001c0s31b0n0:46261:50007 [2] NCCL INFO channel.cc:27 Cuda Alloc Size 80 pointer 0x14dea780e000
x3001c0s31b0n0:46261:50007 [2] NCCL INFO channel.cc:23 Cuda Alloc Size 8064 pointer 0x14dea780e200
x3001c0s31b0n0:46261:50007 [2] NCCL INFO channel.cc:27 Cuda Alloc Size 80 pointer 0x14dea7810200
x3001c0s31b0n0:46261:50007 [2] NCCL INFO channel.cc:23 Cuda Alloc Size 8064 pointer 0x14dea7810400
x3001c0s31b0n0:46261:50007 [2] NCCL INFO channel.cc:27 Cuda Alloc Size 80 pointer 0x14dea7812400
x3001c0s31b0n0:46261:50007 [2] NCCL INFO Channel 00/0 : 2[85000] -> 3[c7000] via P2P/IPC/read
x3001c0s31b0n0:46261:50140 [2] NCCL INFO Mem Realloc old size 0, new size 8 pointer 0x14dc78000c60
x3001c0s31b0n0:46261:50140 [2] NCCL INFO New proxy send connection 0 from local rank 2, transport 0
x3001c0s31b0n0:46259:50006 [0] NCCL INFO Connection to proxy localRank 0 -> connection 0x153ce8000cc0
x3001c0s31b0n0:46259:50139 [0] NCCL INFO transport/p2p.cc:430 Cuda Alloc Size 6291456 pointer 0x153cf5400000
x3001c0s31b0n0:46260:50008 [1] NCCL INFO Connection to proxy localRank 1 -> connection 0x14e110000c80
x3001c0s31b0n0:46260:50008 [1] NCCL INFO Channel 00/0 : 19[c7000] -> 1[46000] [receive] via NET/IB/1
x3001c0s31b0n0:46260:50008 [1] NCCL INFO GPU Direct RDMA Disabled for GPU 46000 / HCA 0 (distance 7 > 4)
x3001c0s31b0n0:46262:50009 [3] NCCL INFO Ring 00 : 2 -> 3 -> 5
x3001c0s31b0n0:46262:50009 [3] NCCL INFO Ring 01 : 2 -> 3 -> 5
x3001c0s31b0n0:46262:50009 [3] NCCL INFO Ring 02 : 2 -> 3 -> 5
x3001c0s31b0n0:46262:50009 [3] NCCL INFO Ring 03 : 2 -> 3 -> 5
x3001c0s31b0n0:46262:50009 [3] NCCL INFO Trees [0] -1/-1/-1->3->2 [1] -1/-1/-1->3->2 [2] -1/-1/-1->3->2 [3] -1/-1/-1->3->2
x3001c0s31b0n0:46262:50009 [3] NCCL INFO misc/utils.cc:235 memory stack hunk malloc(65536)
x3001c0s31b0n0:46262:50009 [3] NCCL INFO channel.cc:23 Cuda Alloc Size 8064 pointer 0x14f1afe09e00
x3001c0s31b0n0:46262:50009 [3] NCCL INFO channel.cc:27 Cuda Alloc Size 80 pointer 0x14f1afe0be00
x3001c0s31b0n0:46262:50009 [3] NCCL INFO channel.cc:23 Cuda Alloc Size 8064 pointer 0x14f1afe0c000
x3001c0s31b0n0:46262:50009 [3] NCCL INFO channel.cc:27 Cuda Alloc Size 80 pointer 0x14f1afe0e000
x3001c0s31b0n0:46262:50009 [3] NCCL INFO channel.cc:23 Cuda Alloc Size 8064 pointer 0x14f1afe0e200
x3001c0s31b0n0:46262:50009 [3] NCCL INFO channel.cc:27 Cuda Alloc Size 80 pointer 0x14f1afe10200
x3001c0s31b0n0:46262:50009 [3] NCCL INFO channel.cc:23 Cuda Alloc Size 8064 pointer 0x14f1afe10400
x3001c0s31b0n0:46262:50009 [3] NCCL INFO channel.cc:27 Cuda Alloc Size 80 pointer 0x14f1afe12400
x3001c0s31b0n0:46260:50138 [1] NCCL INFO New proxy recv connection 1 from local rank 1, transport 2
x3001c0s31b0n0:46259:50006 [0] NCCL INFO Channel 02/0 : 0[7000] -> 2[85000] via P2P/IPC/read
x3001c0s31b0n0:46259:50139 [0] NCCL INFO New proxy send connection 2 from local rank 0, transport 0
x3001c0s31b0n0:46262:50141 [3] NCCL INFO Mem Realloc old size 0, new size 8 pointer 0x14ef64000c60
x3001c0s31b0n0:46262:50141 [3] NCCL INFO New proxy recv connection 0 from local rank 3, transport 0
x3001c0s31b0n0:46261:50007 [2] NCCL INFO Connection to proxy localRank 2 -> connection 0x14dc78000c80
x3001c0s31b0n0:46261:50140 [2] NCCL INFO transport/p2p.cc:430 Cuda Alloc Size 6291456 pointer 0x14dc7fa00000
x3001c0s31b0n0:46262:50009 [3] NCCL INFO Connection to proxy localRank 3 -> connection 0x14ef64000c80
x3001c0s31b0n0:46262:50141 [3] NCCL INFO transport/p2p.cc:449 Cuda Alloc Size 6291456 pointer 0x14ef6ba00000
x3001c0s31b0n0:46262:50141 [3] NCCL INFO New proxy recv connection 1 from local rank 3, transport 0
x3001c0s31b0n0:46259:50006 [0] NCCL INFO Connection to proxy localRank 0 -> connection 0x153ce8000d00
x3001c0s31b0n0:46259:50139 [0] NCCL INFO transport/p2p.cc:430 Cuda Alloc Size 6291456 pointer 0x153cf5a00000
x3001c0s31b0n0:46260:50008 [1] NCCL INFO Connection to proxy localRank 1 -> connection 0x14e110000cc0
x3001c0s31b0n0:46261:50007 [2] NCCL INFO Channel 01/0 : 2[85000] -> 3[c7000] via P2P/IPC/read
x3001c0s31b0n0:46261:50140 [2] NCCL INFO New proxy send connection 1 from local rank 2, transport 0
x3001c0s31b0n0:46259:50006 [0] NCCL INFO Channel 03/0 : 0[7000] -> 2[85000] via P2P/IPC/read
x3001c0s31b0n0:46259:50139 [0] NCCL INFO New proxy send connection 3 from local rank 0, transport 0
x3001c0s31b0n0:46262:50009 [3] NCCL INFO Connection to proxy localRank 3 -> connection 0x14ef64000cc0
x3001c0s31b0n0:46262:50141 [3] NCCL INFO transport/p2p.cc:449 Cuda Alloc Size 6291456 pointer 0x14ef6ce00000
x3001c0s31b0n0:46260:50008 [1] NCCL INFO Channel 01/0 : 19[c7000] -> 1[46000] [receive] via NET/IB/0
x3001c0s31b0n0:46260:50008 [1] NCCL INFO GPU Direct RDMA Disabled for GPU 46000 / HCA 1 (distance 6 > 4)
x3001c0s31b0n0:46260:50138 [1] NCCL INFO New proxy recv connection 2 from local rank 1, transport 2
x3001c0s31b0n0:46260:50008 [1] NCCL INFO Connection to proxy localRank 1 -> connection 0x14e110000d00
x3001c0s31b0n0:46261:50007 [2] NCCL INFO Connection to proxy localRank 2 -> connection 0x14dc78000cc0
x3001c0s31b0n0:46261:50140 [2] NCCL INFO transport/p2p.cc:430 Cuda Alloc Size 6291456 pointer 0x14dc80e00000
x3001c0s31b0n0:46259:50006 [0] NCCL INFO Connection to proxy localRank 0 -> connection 0x153ce8000d40
x3001c0s31b0n0:46259:50139 [0] NCCL INFO transport/p2p.cc:430 Cuda Alloc Size 6291456 pointer 0x153cf7a00000
x3001c0s31b0n0:46262:50141 [3] NCCL INFO New proxy recv connection 2 from local rank 3, transport 0
x3001c0s31b0n0:46261:50007 [2] NCCL INFO Channel 02/0 : 2[85000] -> 3[c7000] via P2P/IPC/read
x3001c0s31b0n0:46261:50140 [2] NCCL INFO New proxy send connection 2 from local rank 2, transport 0
x3001c0s31b0n0:46262:50009 [3] NCCL INFO Connection to proxy localRank 3 -> connection 0x14ef64000d00
x3001c0s31b0n0:46262:50141 [3] NCCL INFO transport/p2p.cc:449 Cuda Alloc Size 6291456 pointer 0x14ef6d400000
x3001c0s31b0n0:46260:50008 [1] NCCL INFO Channel 02/0 : 19[c7000] -> 1[46000] [receive] via NET/IB/1
x3001c0s31b0n0:46260:50008 [1] NCCL INFO GPU Direct RDMA Disabled for GPU 46000 / HCA 0 (distance 7 > 4)
x3001c0s31b0n0:46260:50138 [1] NCCL INFO New proxy recv connection 3 from local rank 1, transport 2
x3001c0s31b0n0:46261:50007 [2] NCCL INFO Connection to proxy localRank 2 -> connection 0x14dc78000d00
x3001c0s31b0n0:46261:50140 [2] NCCL INFO transport/p2p.cc:430 Cuda Alloc Size 6291456 pointer 0x14dc81400000
x3001c0s31b0n0:46262:50141 [3] NCCL INFO New proxy recv connection 3 from local rank 3, transport 0
x3001c0s31b0n0:46260:50008 [1] NCCL INFO Connection to proxy localRank 1 -> connection 0x14e110000d40
x3001c0s31b0n0:46261:50007 [2] NCCL INFO Channel 03/0 : 2[85000] -> 3[c7000] via P2P/IPC/read
x3001c0s31b0n0:46261:50140 [2] NCCL INFO New proxy send connection 3 from local rank 2, transport 0
x3001c0s31b0n0:46261:50007 [2] NCCL INFO Connection to proxy localRank 2 -> connection 0x14dc78000d40
x3001c0s31b0n0:46260:50008 [1] NCCL INFO Channel 03/0 : 19[c7000] -> 1[46000] [receive] via NET/IB/0
x3001c0s31b0n0:46262:50009 [3] NCCL INFO Connection to proxy localRank 3 -> connection 0x14ef64000d40
x3001c0s31b0n0:46262:50141 [3] NCCL INFO transport/p2p.cc:449 Cuda Alloc Size 6291456 pointer 0x14ef6da00000
x3001c0s31b0n0:46261:50140 [2] NCCL INFO transport/p2p.cc:430 Cuda Alloc Size 6291456 pointer 0x14dc81a00000
x3001c0s31b0n0:46262:50009 [3] NCCL INFO GPU Direct RDMA Disabled for GPU c7000 / HCA 1 (distance 7 > 4)
x3001c0s31b0n0:46262:50141 [3] NCCL INFO Allocated 4194656 bytes of shared memory in /dev/shm/nccl-qbJ5cj

x3001c0s31b0n0:46262:50141 [3] NCCL INFO New proxy send connection 4 from local rank 3, transport 2
x3001c0s31b0n0:46261:50140 [2] NCCL INFO New proxy recv connection 4 from local rank 2, transport 0
x3001c0s31b0n0:46262:50009 [3] NCCL INFO Connection to proxy localRank 3 -> connection 0x14ef64000d80
x3001c0s31b0n0:46262:50009 [3] NCCL INFO Channel 00/0 : 3[c7000] -> 5[46000] [send] via NET/IB/1
x3001c0s31b0n0:46262:50009 [3] NCCL INFO GPU Direct RDMA Disabled for GPU c7000 / HCA 0 (distance 6 > 4)
x3001c0s31b0n0:46262:50141 [3] NCCL INFO New proxy send connection 5 from local rank 3, transport 2
x3001c0s31b0n0:46261:50007 [2] NCCL INFO Connection to proxy localRank 2 -> connection 0x14dc78000d80
x3001c0s31b0n0:46261:50140 [2] NCCL INFO transport/p2p.cc:449 Cuda Alloc Size 6291456 pointer 0x14dc89400000
x3001c0s31b0n0:46262:50009 [3] NCCL INFO Connection to proxy localRank 3 -> connection 0x14ef64000dc0
x3001c0s31b0n0:46262:50009 [3] NCCL INFO Channel 01/0 : 3[c7000] -> 5[46000] [send] via NET/IB/0
x3001c0s31b0n0:46262:50009 [3] NCCL INFO GPU Direct RDMA Disabled for GPU c7000 / HCA 1 (distance 7 > 4)
x3001c0s31b0n0:46262:50141 [3] NCCL INFO New proxy send connection 6 from local rank 3, transport 2
x3001c0s31b0n0:46262:50009 [3] NCCL INFO Connection to proxy localRank 3 -> connection 0x14ef64000e00
x3001c0s31b0n0:46262:50009 [3] NCCL INFO Channel 02/0 : 3[c7000] -> 5[46000] [send] via NET/IB/1
x3001c0s31b0n0:46262:50009 [3] NCCL INFO GPU Direct RDMA Disabled for GPU c7000 / HCA 0 (distance 6 > 4)
x3001c0s31b0n0:46261:50140 [2] NCCL INFO New proxy recv connection 5 from local rank 2, transport 0
x3001c0s31b0n0:46262:50141 [3] NCCL INFO New proxy send connection 7 from local rank 3, transport 2
x3001c0s31b0n0:46260:50138 [1] NCCL INFO transport/net_ib.cc:683 Ib Alloc Size 21688 pointer 0x14e11001d000
x3001c0s31b0n0:46260:50138 [1] NCCL INFO transport/net_ib.cc:696 Ib Alloc Size 552 pointer 0x14e110024000
x3001c0s31b0n0:46261:50007 [2] NCCL INFO Connection to proxy localRank 2 -> connection 0x14dc78000dc0
x3001c0s31b0n0:46261:50140 [2] NCCL INFO transport/p2p.cc:449 Cuda Alloc Size 6291456 pointer 0x14dc89a00000
x3001c0s31b0n0:46262:50009 [3] NCCL INFO Connection to proxy localRank 3 -> connection 0x14ef64000e40
x3001c0s31b0n0:46262:50009 [3] NCCL INFO Channel 03/0 : 3[c7000] -> 5[46000] [send] via NET/IB/0
x3001c0s31b0n0:46262:50141 [3] NCCL INFO transport/net_ib.cc:596 Ib Alloc Size 26560 pointer 0x14ef6401f000
x3001c0s31b0n0:46260:50138 [1] NCCL INFO transport/net_ib.cc:771 Ib Alloc Size 552 pointer 0x14e110041000
x3001c0s31b0n0:46262:50141 [3] NCCL INFO NET/IB: Dev 1 Port 1 qpn 42220 mtu 5 GID 0 (80FE/5B0000FEFF000000)
x3001c0s31b0n0:46262:50141 [3] NCCL INFO transport/net_ib.cc:653 Ib Alloc Size 552 pointer 0x14ef64037000
x3001c0s31b0n0:46262:50141 [3] NCCL INFO transport/net.cc:571 Cuda Host Alloc Size 9641984 pointer 0x14ef75400000
x3001c0s31b0n0:46260:50138 [1] NCCL INFO transport/net.cc:698 Cuda Host Alloc Size 9641984 pointer 0x14e120e00000
x3001c0s31b0n0:46261:50140 [2] NCCL INFO New proxy recv connection 6 from local rank 2, transport 0
x3001c0s31b0n0:46262:50141 [3] NCCL INFO transport/net_ib.cc:596 Ib Alloc Size 26560 pointer 0x14ef64039000
x3001c0s31b0n0:46262:50141 [3] NCCL INFO NET/IB: Dev 0 Port 1 qpn 42752 mtu 5 GID 0 (80FE/1E0000FEFF000000)
x3001c0s31b0n0:46262:50141 [3] NCCL INFO transport/net_ib.cc:653 Ib Alloc Size 552 pointer 0x14ef64050000
x3001c0s31b0n0:46262:50141 [3] NCCL INFO transport/net.cc:571 Cuda Host Alloc Size 9641984 pointer 0x14ef7b400000
x3001c0s31b0n0:46261:50007 [2] NCCL INFO Connection to proxy localRank 2 -> connection 0x14dc78000e00
x3001c0s31b0n0:46260:50138 [1] NCCL INFO transport/net_ib.cc:683 Ib Alloc Size 21688 pointer 0x14e110043000
x3001c0s31b0n0:46260:50138 [1] NCCL INFO transport/net_ib.cc:696 Ib Alloc Size 552 pointer 0x14e11004a000
x3001c0s31b0n0:46262:50141 [3] NCCL INFO transport/net_ib.cc:596 Ib Alloc Size 26560 pointer 0x14ef64052000
x3001c0s31b0n0:46262:50141 [3] NCCL INFO NET/IB: Dev 1 Port 1 qpn 42221 mtu 5 GID 0 (80FE/5B0000FEFF000000)
x3001c0s31b0n0:46262:50141 [3] NCCL INFO transport/net_ib.cc:653 Ib Alloc Size 552 pointer 0x14ef64069000
x3001c0s31b0n0:46262:50141 [3] NCCL INFO transport/net.cc:571 Cuda Host Alloc Size 9641984 pointer 0x14ef81400000
x3001c0s31b0n0:46260:50138 [1] NCCL INFO transport/net_ib.cc:771 Ib Alloc Size 552 pointer 0x14e110065000
x3001c0s31b0n0:46260:50138 [1] NCCL INFO transport/net.cc:698 Cuda Host Alloc Size 9641984 pointer 0x14e123400000
x3001c0s31b0n0:46262:50141 [3] NCCL INFO transport/net_ib.cc:596 Ib Alloc Size 26560 pointer 0x14ef6406b000
x3001c0s31b0n0:46260:50138 [1] NCCL INFO transport/net_ib.cc:683 Ib Alloc Size 21688 pointer 0x14e110067000
x3001c0s31b0n0:46260:50138 [1] NCCL INFO transport/net_ib.cc:696 Ib Alloc Size 552 pointer 0x14e11006e000
x3001c0s31b0n0:46261:50140 [2] NCCL INFO transport/p2p.cc:449 Cuda Alloc Size 6291456 pointer 0x14dc8ba00000
x3001c0s31b0n0:46260:50138 [1] NCCL INFO transport/net_ib.cc:771 Ib Alloc Size 552 pointer 0x14e110089000
x3001c0s31b0n0:46260:50138 [1] NCCL INFO transport/net.cc:698 Cuda Host Alloc Size 9641984 pointer 0x14e129400000
x3001c0s31b0n0:46262:50141 [3] NCCL INFO NET/IB: Dev 0 Port 1 qpn 42755 mtu 5 GID 0 (80FE/1E0000FEFF000000)
x3001c0s31b0n0:46262:50141 [3] NCCL INFO transport/net_ib.cc:653 Ib Alloc Size 552 pointer 0x14ef64082000
x3001c0s31b0n0:46262:50141 [3] NCCL INFO transport/net.cc:571 Cuda Host Alloc Size 9641984 pointer 0x14ef89400000
x3001c0s31b0n0:46261:50140 [2] NCCL INFO New proxy recv connection 7 from local rank 2, transport 0
x3001c0s31b0n0:46262:50009 [3] NCCL INFO Connected all rings
x3001c0s31b0n0:46262:50009 [3] NCCL INFO Channel 00/0 : 3[c7000] -> 2[85000] via P2P/IPC/read
x3001c0s31b0n0:46262:50141 [3] NCCL INFO New proxy send connection 8 from local rank 3, transport 0
x3001c0s31b0n0:46262:50009 [3] NCCL INFO Connection to proxy localRank 3 -> connection 0x14ef64000e80
x3001c0s31b0n0:46260:50138 [1] NCCL INFO transport/net_ib.cc:683 Ib Alloc Size 21688 pointer 0x14e11008b000
x3001c0s31b0n0:46260:50138 [1] NCCL INFO transport/net_ib.cc:696 Ib Alloc Size 552 pointer 0x14e110092000
x3001c0s31b0n0:46262:50141 [3] NCCL INFO transport/p2p.cc:430 Cuda Alloc Size 6291456 pointer 0x14ef77a00000
x3001c0s31b0n0:46261:50007 [2] NCCL INFO Connection to proxy localRank 2 -> connection 0x14dc78000e40
x3001c0s31b0n0:46260:50138 [1] NCCL INFO transport/net_ib.cc:771 Ib Alloc Size 552 pointer 0x14e1100ad000
x3001c0s31b0n0:46260:50138 [1] NCCL INFO transport/net.cc:698 Cuda Host Alloc Size 9641984 pointer 0x14e12f400000
x3001c0s31b0n0:46261:50140 [2] NCCL INFO transport/p2p.cc:449 Cuda Alloc Size 6291456 pointer 0x14dc8da00000
x3001c0s31b0n0:46260:50008 [1] NCCL INFO Channel 00/0 : 1[46000] -> 0[7000] via P2P/IPC/read
x3001c0s31b0n0:46260:50138 [1] NCCL INFO New proxy send connection 4 from local rank 1, transport 0
x3001c0s31b0n0:46260:50008 [1] NCCL INFO Connection to proxy localRank 1 -> connection 0x14e110000d80
x3001c0s31b0n0:46260:50138 [1] NCCL INFO transport/p2p.cc:430 Cuda Alloc Size 6291456 pointer 0x14e11fa00000
x3001c0s31b0n0:46262:50009 [3] NCCL INFO Channel 01/0 : 3[c7000] -> 2[85000] via P2P/IPC/read
x3001c0s31b0n0:46262:50141 [3] NCCL INFO New proxy send connection 9 from local rank 3, transport 0
x3001c0s31b0n0:46261:50007 [2] NCCL INFO Connected all rings
x3001c0s31b0n0:46261:50140 [2] NCCL INFO New proxy recv connection 8 from local rank 2, transport 0
x3001c0s31b0n0:46259:50139 [0] NCCL INFO New proxy recv connection 4 from local rank 0, transport 0
x3001c0s31b0n0:46259:50006 [0] NCCL INFO Connection to proxy localRank 0 -> connection 0x153ce8000d80
x3001c0s31b0n0:46260:50008 [1] NCCL INFO Channel 01/0 : 1[46000] -> 0[7000] via P2P/IPC/read
x3001c0s31b0n0:46260:50138 [1] NCCL INFO New proxy send connection 5 from local rank 1, transport 0
x3001c0s31b0n0:46262:50009 [3] NCCL INFO Connection to proxy localRank 3 -> connection 0x14ef64000ec0
x3001c0s31b0n0:46262:50141 [3] NCCL INFO transport/p2p.cc:430 Cuda Alloc Size 6291456 pointer 0x14ef79a00000
x3001c0s31b0n0:46259:50139 [0] NCCL INFO transport/p2p.cc:449 Cuda Alloc Size 6291456 pointer 0x153cffa00000
x3001c0s31b0n0:46261:50007 [2] NCCL INFO Connection to proxy localRank 2 -> connection 0x14dc78000e80
x3001c0s31b0n0:46261:50140 [2] NCCL INFO transport/p2p.cc:449 Cuda Alloc Size 6291456 pointer 0x14dc95400000
x3001c0s31b0n0:46260:50008 [1] NCCL INFO Connection to proxy localRank 1 -> connection 0x14e110000dc0
x3001c0s31b0n0:46260:50138 [1] NCCL INFO transport/p2p.cc:430 Cuda Alloc Size 6291456 pointer 0x14e121800000
x3001c0s31b0n0:46262:50009 [3] NCCL INFO Channel 02/0 : 3[c7000] -> 2[85000] via P2P/IPC/read
x3001c0s31b0n0:46262:50141 [3] NCCL INFO New proxy send connection 10 from local rank 3, transport 0
x3001c0s31b0n0:46259:50139 [0] NCCL INFO New proxy recv connection 5 from local rank 0, transport 0
x3001c0s31b0n0:46261:50140 [2] NCCL INFO New proxy recv connection 9 from local rank 2, transport 0
x3001c0s31b0n0:46260:50008 [1] NCCL INFO Channel 02/0 : 1[46000] -> 0[7000] via P2P/IPC/read
x3001c0s31b0n0:46260:50138 [1] NCCL INFO New proxy send connection 6 from local rank 1, transport 0
x3001c0s31b0n0:46259:50006 [0] NCCL INFO Connection to proxy localRank 0 -> connection 0x153ce8000dc0
x3001c0s31b0n0:46259:50139 [0] NCCL INFO transport/p2p.cc:449 Cuda Alloc Size 6291456 pointer 0x153d03400000
x3001c0s31b0n0:46262:50009 [3] NCCL INFO Connection to proxy localRank 3 -> connection 0x14ef64000f00
x3001c0s31b0n0:46262:50141 [3] NCCL INFO transport/p2p.cc:430 Cuda Alloc Size 6291456 pointer 0x14ef7da00000
x3001c0s31b0n0:46261:50007 [2] NCCL INFO Connection to proxy localRank 2 -> connection 0x14dc78000ec0
x3001c0s31b0n0:46261:50140 [2] NCCL INFO transport/p2p.cc:449 Cuda Alloc Size 6291456 pointer 0x14dc95a00000
x3001c0s31b0n0:46259:50139 [0] NCCL INFO New proxy recv connection 6 from local rank 0, transport 0
x3001c0s31b0n0:46260:50008 [1] NCCL INFO Connection to proxy localRank 1 -> connection 0x14e110000e00
x3001c0s31b0n0:46260:50138 [1] NCCL INFO transport/p2p.cc:430 Cuda Alloc Size 6291456 pointer 0x14e125a00000
x3001c0s31b0n0:46262:50009 [3] NCCL INFO Channel 03/0 : 3[c7000] -> 2[85000] via P2P/IPC/read
x3001c0s31b0n0:46262:50141 [3] NCCL INFO New proxy send connection 11 from local rank 3, transport 0
x3001c0s31b0n0:46261:50140 [2] NCCL INFO New proxy recv connection 10 from local rank 2, transport 0
x3001c0s31b0n0:46259:50006 [0] NCCL INFO Connection to proxy localRank 0 -> connection 0x153ce8000e00
x3001c0s31b0n0:46259:50139 [0] NCCL INFO transport/p2p.cc:449 Cuda Alloc Size 6291456 pointer 0x153d03a00000
x3001c0s31b0n0:46262:50009 [3] NCCL INFO Connection to proxy localRank 3 -> connection 0x14ef64000f40
x3001c0s31b0n0:46262:50141 [3] NCCL INFO transport/p2p.cc:430 Cuda Alloc Size 6291456 pointer 0x14ef7fa00000
x3001c0s31b0n0:46261:50007 [2] NCCL INFO Connection to proxy localRank 2 -> connection 0x14dc78000f00
x3001c0s31b0n0:46260:50008 [1] NCCL INFO Channel 03/0 : 1[46000] -> 0[7000] via P2P/IPC/read
x3001c0s31b0n0:46260:50138 [1] NCCL INFO New proxy send connection 7 from local rank 1, transport 0
x3001c0s31b0n0:46260:50008 [1] NCCL INFO Connection to proxy localRank 1 -> connection 0x14e110000e40
x3001c0s31b0n0:46261:50140 [2] NCCL INFO transport/p2p.cc:449 Cuda Alloc Size 6291456 pointer 0x14dc97a00000
x3001c0s31b0n0:46259:50139 [0] NCCL INFO New proxy recv connection 7 from local rank 0, transport 0
x3001c0s31b0n0:46260:50138 [1] NCCL INFO transport/p2p.cc:430 Cuda Alloc Size 6291456 pointer 0x14e127a00000
x3001c0s31b0n0:46261:50140 [2] NCCL INFO New proxy recv connection 11 from local rank 2, transport 0
x3001c0s31b0n0:46259:50006 [0] NCCL INFO Connection to proxy localRank 0 -> connection 0x153ce8000e40
x3001c0s31b0n0:46259:50139 [0] NCCL INFO transport/p2p.cc:449 Cuda Alloc Size 6291456 pointer 0x153d05a00000
x3001c0s31b0n0:46261:50007 [2] NCCL INFO Connection to proxy localRank 2 -> connection 0x14dc78000f40
x3001c0s31b0n0:46261:50140 [2] NCCL INFO transport/p2p.cc:449 Cuda Alloc Size 6291456 pointer 0x14dc99a00000
x3001c0s31b0n0:46259:50006 [0] NCCL INFO Connected all rings
x3001c0s31b0n0:46259:50006 [0] NCCL INFO Channel 00/0 : 0[7000] -> 1[46000] via P2P/IPC/read
x3001c0s31b0n0:46260:50008 [1] NCCL INFO Connected all rings
x3001c0s31b0n0:46260:50138 [1] NCCL INFO New proxy recv connection 8 from local rank 1, transport 0
x3001c0s31b0n0:46259:50139 [0] NCCL INFO New proxy send connection 8 from local rank 0, transport 0
x3001c0s31b0n0:46260:50008 [1] NCCL INFO Connection to proxy localRank 1 -> connection 0x14e110000e80
x3001c0s31b0n0:46260:50138 [1] NCCL INFO transport/p2p.cc:449 Cuda Alloc Size 6291456 pointer 0x14e135400000
x3001c0s31b0n0:46259:50006 [0] NCCL INFO Connection to proxy localRank 0 -> connection 0x153ce8000e80
x3001c0s31b0n0:46259:50139 [0] NCCL INFO transport/p2p.cc:430 Cuda Alloc Size 6291456 pointer 0x153d0da00000
x3001c0s31b0n0:46260:50138 [1] NCCL INFO New proxy recv connection 9 from local rank 1, transport 0
x3001c0s31b0n0:46259:50006 [0] NCCL INFO Channel 01/0 : 0[7000] -> 1[46000] via P2P/IPC/read
x3001c0s31b0n0:46259:50139 [0] NCCL INFO New proxy send connection 9 from local rank 0, transport 0
x3001c0s31b0n0:46260:50008 [1] NCCL INFO Connection to proxy localRank 1 -> connection 0x14e110000ec0
x3001c0s31b0n0:46260:50138 [1] NCCL INFO transport/p2p.cc:449 Cuda Alloc Size 6291456 pointer 0x14e135a00000
x3001c0s31b0n0:46260:50138 [1] NCCL INFO New proxy recv connection 10 from local rank 1, transport 0
x3001c0s31b0n0:46259:50006 [0] NCCL INFO Connection to proxy localRank 0 -> connection 0x153ce8000ec0
x3001c0s31b0n0:46259:50139 [0] NCCL INFO transport/p2p.cc:430 Cuda Alloc Size 6291456 pointer 0x153d0f400000
x3001c0s31b0n0:46260:50008 [1] NCCL INFO Connection to proxy localRank 1 -> connection 0x14e110000f00
x3001c0s31b0n0:46260:50138 [1] NCCL INFO transport/p2p.cc:449 Cuda Alloc Size 6291456 pointer 0x14e137a00000
x3001c0s31b0n0:46259:50006 [0] NCCL INFO Channel 02/0 : 0[7000] -> 1[46000] via P2P/IPC/read
x3001c0s31b0n0:46259:50139 [0] NCCL INFO New proxy send connection 10 from local rank 0, transport 0
x3001c0s31b0n0:46260:50138 [1] NCCL INFO New proxy recv connection 11 from local rank 1, transport 0
x3001c0s31b0n0:46260:50008 [1] NCCL INFO Connection to proxy localRank 1 -> connection 0x14e110000f40
x3001c0s31b0n0:46260:50138 [1] NCCL INFO transport/p2p.cc:449 Cuda Alloc Size 6291456 pointer 0x14e139a00000
x3001c0s31b0n0:46259:50006 [0] NCCL INFO Connection to proxy localRank 0 -> connection 0x153ce8000f00
x3001c0s31b0n0:46259:50139 [0] NCCL INFO transport/p2p.cc:430 Cuda Alloc Size 6291456 pointer 0x153d0fa00000
x3001c0s31b0n0:46260:50008 [1] NCCL INFO Channel 00/0 : 1[46000] -> 2[85000] via P2P/IPC/read
x3001c0s31b0n0:46260:50138 [1] NCCL INFO New proxy send connection 12 from local rank 1, transport 0
x3001c0s31b0n0:46259:50006 [0] NCCL INFO Channel 03/0 : 0[7000] -> 1[46000] via P2P/IPC/read
x3001c0s31b0n0:46259:50139 [0] NCCL INFO New proxy send connection 11 from local rank 0, transport 0
x3001c0s31b0n0:46259:50006 [0] NCCL INFO Connection to proxy localRank 0 -> connection 0x153ce8000f40
x3001c0s31b0n0:46259:50139 [0] NCCL INFO transport/p2p.cc:430 Cuda Alloc Size 6291456 pointer 0x153d11a00000
x3001c0s31b0n0:46260:50008 [1] NCCL INFO Connection to proxy localRank 1 -> connection 0x14e110000f80
x3001c0s31b0n0:46260:50138 [1] NCCL INFO transport/p2p.cc:430 Cuda Alloc Size 6291456 pointer 0x14e13d400000
x3001c0s31b0n0:46260:50008 [1] NCCL INFO Channel 01/0 : 1[46000] -> 2[85000] via P2P/IPC/read
x3001c0s31b0n0:46260:50138 [1] NCCL INFO New proxy send connection 13 from local rank 1, transport 0
x3001c0s31b0n0:46260:50008 [1] NCCL INFO Connection to proxy localRank 1 -> connection 0x14e110000fc0
x3001c0s31b0n0:46260:50138 [1] NCCL INFO transport/p2p.cc:430 Cuda Alloc Size 6291456 pointer 0x14e13da00000
x3001c0s31b0n0:46260:50008 [1] NCCL INFO Channel 02/0 : 1[46000] -> 2[85000] via P2P/IPC/read
x3001c0s31b0n0:46260:50138 [1] NCCL INFO New proxy send connection 14 from local rank 1, transport 0
x3001c0s31b0n0:46260:50008 [1] NCCL INFO Connection to proxy localRank 1 -> connection 0x14e110001000
x3001c0s31b0n0:46260:50138 [1] NCCL INFO transport/p2p.cc:430 Cuda Alloc Size 6291456 pointer 0x14e13fa00000
x3001c0s31b0n0:46260:50008 [1] NCCL INFO Channel 03/0 : 1[46000] -> 2[85000] via P2P/IPC/read
x3001c0s31b0n0:46260:50138 [1] NCCL INFO New proxy send connection 15 from local rank 1, transport 0
x3001c0s31b0n0:46260:50008 [1] NCCL INFO Connection to proxy localRank 1 -> connection 0x14e110001040
x3001c0s31b0n0:46260:50138 [1] NCCL INFO transport/p2p.cc:430 Cuda Alloc Size 6291456 pointer 0x14e141a00000
x3001c0s31b0n0:46261:50140 [2] NCCL INFO New proxy recv connection 12 from local rank 2, transport 0
x3001c0s31b0n0:46260:50008 [1] NCCL INFO GPU Direct RDMA Disabled for GPU 46000 / HCA 1 (distance 6 > 4)
x3001c0s31b0n0:46259:50006 [0] NCCL INFO GPU Direct RDMA Disabled for GPU 7000 / HCA 1 (distance 7 > 4)
x3001c0s31b0n0:46259:50139 [0] NCCL INFO Allocated 4194656 bytes of shared memory in /dev/shm/nccl-14lQ14

x3001c0s31b0n0:46259:50139 [0] NCCL INFO New proxy recv connection 12 from local rank 0, transport 2
x3001c0s31b0n0:46261:50007 [2] NCCL INFO Connection to proxy localRank 2 -> connection 0x14dc78000f80
x3001c0s31b0n0:46261:50140 [2] NCCL INFO transport/p2p.cc:449 Cuda Alloc Size 6291456 pointer 0x14dca3400000
x3001c0s31b0n0:46260:50138 [1] NCCL INFO New proxy recv connection 16 from local rank 1, transport 2
x3001c0s31b0n0:46260:50008 [1] NCCL INFO Connection to proxy localRank 1 -> connection 0x14e110001080
x3001c0s31b0n0:46260:50008 [1] NCCL INFO Channel 02/0 : 12[7000] -> 1[46000] [receive] via NET/IB/1
x3001c0s31b0n0:46260:50008 [1] NCCL INFO GPU Direct RDMA Disabled for GPU 46000 / HCA 0 (distance 7 > 4)
x3001c0s31b0n0:46259:50006 [0] NCCL INFO Connection to proxy localRank 0 -> connection 0x153ce8000f80
x3001c0s31b0n0:46259:50006 [0] NCCL INFO Channel 00/0 : 16[7000] -> 0[7000] [receive] via NET/IB/1
x3001c0s31b0n0:46259:50006 [0] NCCL INFO GPU Direct RDMA Disabled for GPU 7000 / HCA 0 (distance 7 > 4)
x3001c0s31b0n0:46260:50138 [1] NCCL INFO New proxy recv connection 17 from local rank 1, transport 2
x3001c0s31b0n0:46259:50139 [0] NCCL INFO New proxy recv connection 13 from local rank 0, transport 2
x3001c0s31b0n0:46261:50140 [2] NCCL INFO New proxy recv connection 13 from local rank 2, transport 0
x3001c0s31b0n0:46260:50008 [1] NCCL INFO Connection to proxy localRank 1 -> connection 0x14e1100010c0
x3001c0s31b0n0:46259:50006 [0] NCCL INFO Connection to proxy localRank 0 -> connection 0x153ce8000fc0
x3001c0s31b0n0:46260:50008 [1] NCCL INFO Channel 03/0 : 12[7000] -> 1[46000] [receive] via NET/IB/0
x3001c0s31b0n0:46261:50007 [2] NCCL INFO Connection to proxy localRank 2 -> connection 0x14dc78000fc0
x3001c0s31b0n0:46261:50140 [2] NCCL INFO transport/p2p.cc:449 Cuda Alloc Size 6291456 pointer 0x14dca3a00000
x3001c0s31b0n0:46259:50006 [0] NCCL INFO Channel 01/0 : 16[7000] -> 0[7000] [receive] via NET/IB/0
x3001c0s31b0n0:46259:50006 [0] NCCL INFO GPU Direct RDMA Disabled for GPU 7000 / HCA 1 (distance 7 > 4)
x3001c0s31b0n0:46259:50139 [0] NCCL INFO New proxy send connection 14 from local rank 0, transport 2
x3001c0s31b0n0:46259:50006 [0] NCCL INFO Connection to proxy localRank 0 -> connection 0x153ce8001000
x3001c0s31b0n0:46259:50006 [0] NCCL INFO Channel 02/0 : 0[7000] -> 4[7000] [send] via NET/IB/1
x3001c0s31b0n0:46259:50006 [0] NCCL INFO GPU Direct RDMA Disabled for GPU 7000 / HCA 0 (distance 7 > 4)
x3001c0s31b0n0:46261:50140 [2] NCCL INFO New proxy recv connection 14 from local rank 2, transport 0
x3001c0s31b0n0:46259:50139 [0] NCCL INFO New proxy send connection 15 from local rank 0, transport 2
x3001c0s31b0n0:46259:50006 [0] NCCL INFO Connection to proxy localRank 0 -> connection 0x153ce8001040
x3001c0s31b0n0:46259:50006 [0] NCCL INFO Channel 03/0 : 0[7000] -> 4[7000] [send] via NET/IB/0
x3001c0s31b0n0:46259:50139 [0] NCCL INFO transport/net_ib.cc:596 Ib Alloc Size 26560 pointer 0x153ce8024000
x3001c0s31b0n0:46261:50007 [2] NCCL INFO Connection to proxy localRank 2 -> connection 0x14dc78001000
x3001c0s31b0n0:46261:50140 [2] NCCL INFO transport/p2p.cc:449 Cuda Alloc Size 6291456 pointer 0x14dca5a00000
x3001c0s31b0n0:46259:50139 [0] NCCL INFO NET/IB: Dev 1 Port 1 qpn 42224 mtu 5 GID 0 (80FE/5B0000FEFF000000)
x3001c0s31b0n0:46259:50139 [0] NCCL INFO transport/net_ib.cc:653 Ib Alloc Size 552 pointer 0x153ce803c000
x3001c0s31b0n0:46259:50139 [0] NCCL INFO transport/net.cc:571 Cuda Host Alloc Size 9641984 pointer 0x153d1d400000
x3001c0s31b0n0:46259:50139 [0] NCCL INFO transport/net_ib.cc:596 Ib Alloc Size 26560 pointer 0x153ce803e000
x3001c0s31b0n0:46261:50140 [2] NCCL INFO New proxy recv connection 15 from local rank 2, transport 0
x3001c0s31b0n0:46259:50139 [0] NCCL INFO NET/IB: Dev 0 Port 1 qpn 42758 mtu 5 GID 0 (80FE/1E0000FEFF000000)
x3001c0s31b0n0:46259:50139 [0] NCCL INFO transport/net_ib.cc:653 Ib Alloc Size 552 pointer 0x153ce8055000
x3001c0s31b0n0:46259:50139 [0] NCCL INFO transport/net.cc:571 Cuda Host Alloc Size 9641984 pointer 0x153d23400000
x3001c0s31b0n0:46261:50007 [2] NCCL INFO Connection to proxy localRank 2 -> connection 0x14dc78001040
x3001c0s31b0n0:46261:50140 [2] NCCL INFO transport/p2p.cc:449 Cuda Alloc Size 6291456 pointer 0x14dca7a00000
x3001c0s31b0n0:46259:50139 [0] NCCL INFO transport/net_ib.cc:683 Ib Alloc Size 21688 pointer 0x153ce8057000
x3001c0s31b0n0:46259:50139 [0] NCCL INFO transport/net_ib.cc:696 Ib Alloc Size 552 pointer 0x153ce805e000
x3001c0s31b0n0:46259:50139 [0] NCCL INFO transport/net_ib.cc:771 Ib Alloc Size 552 pointer 0x153ce807a000
x3001c0s31b0n0:46259:50139 [0] NCCL INFO transport/net.cc:698 Cuda Host Alloc Size 9641984 pointer 0x153d29400000
x3001c0s31b0n0:46261:50007 [2] NCCL INFO Channel 00/0 : 2[85000] -> 1[46000] via P2P/IPC/read
x3001c0s31b0n0:46261:50140 [2] NCCL INFO New proxy send connection 16 from local rank 2, transport 0
x3001c0s31b0n0:46259:50139 [0] NCCL INFO transport/net_ib.cc:683 Ib Alloc Size 21688 pointer 0x153ce807c000
x3001c0s31b0n0:46259:50139 [0] NCCL INFO transport/net_ib.cc:696 Ib Alloc Size 552 pointer 0x153ce8083000
x3001c0s31b0n0:46261:50007 [2] NCCL INFO Connection to proxy localRank 2 -> connection 0x14dc78001080
x3001c0s31b0n0:46261:50140 [2] NCCL INFO transport/p2p.cc:430 Cuda Alloc Size 6291456 pointer 0x14dca9400000
x3001c0s31b0n0:46259:50139 [0] NCCL INFO transport/net_ib.cc:771 Ib Alloc Size 552 pointer 0x153ce809e000
x3001c0s31b0n0:46259:50139 [0] NCCL INFO transport/net.cc:698 Cuda Host Alloc Size 9641984 pointer 0x153d2f400000
x3001c0s31b0n0:46259:50006 [0] NCCL INFO GPU Direct RDMA Disabled for GPU 7000 / HCA 1 (distance 7 > 4)
x3001c0s31b0n0:46259:50139 [0] NCCL INFO New proxy recv connection 16 from local rank 0, transport 2
x3001c0s31b0n0:46259:50006 [0] NCCL INFO Connection to proxy localRank 0 -> connection 0x153ce8001080
x3001c0s31b0n0:46261:50007 [2] NCCL INFO Channel 01/0 : 2[85000] -> 1[46000] via P2P/IPC/read
x3001c0s31b0n0:46261:50140 [2] NCCL INFO New proxy send connection 17 from local rank 2, transport 0
x3001c0s31b0n0:46259:50006 [0] NCCL INFO Channel 02/0 : 4[7000] -> 0[7000] [receive] via NET/IB/1
x3001c0s31b0n0:46259:50006 [0] NCCL INFO GPU Direct RDMA Disabled for GPU 7000 / HCA 0 (distance 7 > 4)
x3001c0s31b0n0:46259:50139 [0] NCCL INFO New proxy recv connection 17 from local rank 0, transport 2
x3001c0s31b0n0:46260:50138 [1] NCCL INFO transport/net_ib.cc:683 Ib Alloc Size 21688 pointer 0x14e1100b9000
x3001c0s31b0n0:46260:50138 [1] NCCL INFO transport/net_ib.cc:696 Ib Alloc Size 552 pointer 0x14e1100c0000
x3001c0s31b0n0:46261:50007 [2] NCCL INFO Connection to proxy localRank 2 -> connection 0x14dc780010c0
x3001c0s31b0n0:46261:50140 [2] NCCL INFO transport/p2p.cc:430 Cuda Alloc Size 6291456 pointer 0x14dca9a00000
x3001c0s31b0n0:46259:50006 [0] NCCL INFO Connection to proxy localRank 0 -> connection 0x153ce80010c0
x3001c0s31b0n0:46260:50138 [1] NCCL INFO transport/net_ib.cc:771 Ib Alloc Size 552 pointer 0x14e1100dd000
x3001c0s31b0n0:46260:50138 [1] NCCL INFO transport/net.cc:698 Cuda Host Alloc Size 9641984 pointer 0x14e14f400000
x3001c0s31b0n0:46261:50007 [2] NCCL INFO Channel 02/0 : 2[85000] -> 1[46000] via P2P/IPC/read
x3001c0s31b0n0:46261:50140 [2] NCCL INFO New proxy send connection 18 from local rank 2, transport 0
x3001c0s31b0n0:46260:50138 [1] NCCL INFO transport/net_ib.cc:683 Ib Alloc Size 21688 pointer 0x14e1100df000
x3001c0s31b0n0:46260:50138 [1] NCCL INFO transport/net_ib.cc:696 Ib Alloc Size 552 pointer 0x14e1100e6000
x3001c0s31b0n0:46259:50006 [0] NCCL INFO Channel 03/0 : 4[7000] -> 0[7000] [receive] via NET/IB/0
x3001c0s31b0n0:46259:50006 [0] NCCL INFO GPU Direct RDMA Disabled for GPU 7000 / HCA 1 (distance 7 > 4)
x3001c0s31b0n0:46259:50139 [0] NCCL INFO New proxy send connection 18 from local rank 0, transport 2
x3001c0s31b0n0:46259:50006 [0] NCCL INFO Connection to proxy localRank 0 -> connection 0x153ce8001100
x3001c0s31b0n0:46261:50007 [2] NCCL INFO Connection to proxy localRank 2 -> connection 0x14dc78001100
x3001c0s31b0n0:46261:50140 [2] NCCL INFO transport/p2p.cc:430 Cuda Alloc Size 6291456 pointer 0x14dcaba00000
x3001c0s31b0n0:46259:50006 [0] NCCL INFO Channel 00/0 : 0[7000] -> 16[7000] [send] via NET/IB/1
x3001c0s31b0n0:46259:50006 [0] NCCL INFO GPU Direct RDMA Disabled for GPU 7000 / HCA 0 (distance 7 > 4)
x3001c0s31b0n0:46261:50007 [2] NCCL INFO Channel 03/0 : 2[85000] -> 1[46000] via P2P/IPC/read
x3001c0s31b0n0:46261:50140 [2] NCCL INFO New proxy send connection 19 from local rank 2, transport 0
x3001c0s31b0n0:46260:50138 [1] NCCL INFO transport/net_ib.cc:771 Ib Alloc Size 552 pointer 0x14e110101000
x3001c0s31b0n0:46260:50138 [1] NCCL INFO transport/net.cc:698 Cuda Host Alloc Size 9641984 pointer 0x14e157400000
x3001c0s31b0n0:46259:50139 [0] NCCL INFO New proxy send connection 19 from local rank 0, transport 2
x3001c0s31b0n0:46259:50006 [0] NCCL INFO Connection to proxy localRank 0 -> connection 0x153ce8001140
x3001c0s31b0n0:46259:50006 [0] NCCL INFO Channel 01/0 : 0[7000] -> 16[7000] [send] via NET/IB/0
x3001c0s31b0n0:46261:50007 [2] NCCL INFO Connection to proxy localRank 2 -> connection 0x14dc78001140
x3001c0s31b0n0:46261:50140 [2] NCCL INFO transport/p2p.cc:430 Cuda Alloc Size 6291456 pointer 0x14dcada00000
x3001c0s31b0n0:46262:50009 [3] NCCL INFO Connected all trees by HAO
x3001c0s31b0n0:46262:50009 [3] NCCL INFO threadThresholds 8/8/64 | 160/8/64 | 512 | 512
x3001c0s31b0n0:46262:50009 [3] NCCL INFO 4 coll channels, 4 p2p channels, 2 p2p channels per peer
x3001c0s31b0n0:46262:50141 [3] NCCL INFO New proxy send connection 12 from local rank 3, transport 2
x3001c0s31b0n0:46260:50008 [1] NCCL INFO GPU Direct RDMA Disabled for GPU 46000 / HCA 1 (distance 6 > 4)
x3001c0s31b0n0:46260:50138 [1] NCCL INFO New proxy send connection 18 from local rank 1, transport 2
x3001c0s31b0n0:46260:50008 [1] NCCL INFO Connection to proxy localRank 1 -> connection 0x14e110001100
x3001c0s31b0n0:46260:50008 [1] NCCL INFO Channel 02/0 : 1[46000] -> 12[7000] [send] via NET/IB/1
x3001c0s31b0n0:46260:50008 [1] NCCL INFO GPU Direct RDMA Disabled for GPU 46000 / HCA 0 (distance 7 > 4)
x3001c0s31b0n0:46260:50138 [1] NCCL INFO New proxy send connection 19 from local rank 1, transport 2
x3001c0s31b0n0:46262:50009 [3] NCCL INFO Connection to proxy localRank 3 -> connection 0x14ef64000f80
x3001c0s31b0n0:46262:50141 [3] NCCL INFO transport/net.cc:376 Cuda Alloc Size 8388608 pointer 0x14ef8f400000
x3001c0s31b0n0:46260:50008 [1] NCCL INFO Connection to proxy localRank 1 -> connection 0x14e110001140
x3001c0s31b0n0:46260:50008 [1] NCCL INFO Channel 03/0 : 1[46000] -> 12[7000] [send] via NET/IB/0
x3001c0s31b0n0:46260:50138 [1] NCCL INFO transport/net_ib.cc:596 Ib Alloc Size 26560 pointer 0x14e11010d000
x3001c0s31b0n0:46260:50138 [1] NCCL INFO NET/IB: Dev 1 Port 1 qpn 42229 mtu 5 GID 0 (80FE/5B0000FEFF000000)
x3001c0s31b0n0:46260:50138 [1] NCCL INFO transport/net_ib.cc:653 Ib Alloc Size 552 pointer 0x14e110124000
x3001c0s31b0n0:46260:50138 [1] NCCL INFO transport/net.cc:571 Cuda Host Alloc Size 9641984 pointer 0x14e15d400000
x3001c0s31b0n0:46260:50138 [1] NCCL INFO transport/net_ib.cc:596 Ib Alloc Size 26560 pointer 0x14e110126000
x3001c0s31b0n0:46260:50138 [1] NCCL INFO NET/IB: Dev 0 Port 1 qpn 42763 mtu 5 GID 0 (80FE/1E0000FEFF000000)
x3001c0s31b0n0:46260:50138 [1] NCCL INFO transport/net_ib.cc:653 Ib Alloc Size 552 pointer 0x14e11013d000
x3001c0s31b0n0:46260:50138 [1] NCCL INFO transport/net.cc:571 Cuda Host Alloc Size 9641984 pointer 0x14e163400000
x3001c0s31b0n0:46260:50138 [1] NCCL INFO New proxy recv connection 20 from local rank 1, transport 0
x3001c0s31b0n0:46260:50008 [1] NCCL INFO Connection to proxy localRank 1 -> connection 0x14e110001180
x3001c0s31b0n0:46259:50139 [0] NCCL INFO transport/net_ib.cc:596 Ib Alloc Size 26560 pointer 0x153ce80b2000
x3001c0s31b0n0:46259:50139 [0] NCCL INFO NET/IB: Dev 1 Port 1 qpn 42230 mtu 5 GID 0 (80FE/5B0000FEFF000000)
x3001c0s31b0n0:46259:50139 [0] NCCL INFO transport/net_ib.cc:653 Ib Alloc Size 552 pointer 0x153ce80c9000
x3001c0s31b0n0:46259:50139 [0] NCCL INFO transport/net.cc:571 Cuda Host Alloc Size 9641984 pointer 0x153d37400000
x3001c0s31b0n0:46260:50138 [1] NCCL INFO transport/p2p.cc:449 Cuda Alloc Size 6291456 pointer 0x14e151a00000
x3001c0s31b0n0:46259:50139 [0] NCCL INFO transport/net_ib.cc:596 Ib Alloc Size 26560 pointer 0x153ce80cb000
x3001c0s31b0n0:46259:50139 [0] NCCL INFO NET/IB: Dev 0 Port 1 qpn 42764 mtu 5 GID 0 (80FE/1E0000FEFF000000)
x3001c0s31b0n0:46259:50139 [0] NCCL INFO transport/net_ib.cc:653 Ib Alloc Size 552 pointer 0x153ce80e2000
x3001c0s31b0n0:46259:50139 [0] NCCL INFO transport/net.cc:571 Cuda Host Alloc Size 9641984 pointer 0x153d3d400000
x3001c0s31b0n0:46259:50139 [0] NCCL INFO transport/net_ib.cc:683 Ib Alloc Size 21688 pointer 0x153ce80e4000
x3001c0s31b0n0:46259:50139 [0] NCCL INFO transport/net_ib.cc:696 Ib Alloc Size 552 pointer 0x153ce80eb000
x3001c0s31b0n0:46259:50139 [0] NCCL INFO transport/net_ib.cc:771 Ib Alloc Size 552 pointer 0x153ce8107000
x3001c0s31b0n0:46259:50139 [0] NCCL INFO transport/net.cc:698 Cuda Host Alloc Size 9641984 pointer 0x153d43400000
x3001c0s31b0n0:46260:50138 [1] NCCL INFO New proxy recv connection 21 from local rank 1, transport 0
x3001c0s31b0n0:46259:50139 [0] NCCL INFO transport/net_ib.cc:683 Ib Alloc Size 21688 pointer 0x153ce8109000
x3001c0s31b0n0:46259:50139 [0] NCCL INFO transport/net_ib.cc:696 Ib Alloc Size 552 pointer 0x153ce8110000
x3001c0s31b0n0:46259:50139 [0] NCCL INFO transport/net_ib.cc:771 Ib Alloc Size 552 pointer 0x153ce812b000
x3001c0s31b0n0:46259:50139 [0] NCCL INFO transport/net.cc:698 Cuda Host Alloc Size 9641984 pointer 0x153d49400000
x3001c0s31b0n0:46259:50006 [0] NCCL INFO Connected all trees by HAO
x3001c0s31b0n0:46259:50006 [0] NCCL INFO Latency/AlgBw |    Tree/    LL |    Tree/ LL128 |    Tree/Simple |    Ring/    LL |    Ring/ LL128 |    Ring/Simple | CollNetDirect/    LL | CollNetDirect/ LL128 | CollNetDirect/Simple | CollNetChain/    LL | CollNetChain/ LL128 | CollNetChain/Simple |
x3001c0s31b0n0:46259:50006 [0] NCCL INFO  Max NThreads |            512 |            640 |            512 |            512 |            640 |            512 |              0 |              0 |            512 |              0 |              0 |            512 |
x3001c0s31b0n0:46259:50006 [0] NCCL INFO     Broadcast |     0.0/   0.0 |     0.0/   0.0 |     0.0/   0.0 |     6.3/   6.0 |    14.0/   0.0 |    18.0/  24.0 |     0.0/   0.0 |     0.0/   0.0 |     0.0/   0.0 |     0.0/   0.0 |     0.0/   0.0 |     0.0/   0.0 |
x3001c0s31b0n0:46259:50006 [0] NCCL INFO        Reduce |     0.0/   0.0 |     0.0/   0.0 |     0.0/   0.0 |     6.3/   6.0 |    14.0/   0.0 |    18.0/  24.0 |     0.0/   0.0 |     0.0/   0.0 |     0.0/   0.0 |     0.0/   0.0 |     0.0/   0.0 |     0.0/   0.0 |
x3001c0s31b0n0:46259:50006 [0] NCCL INFO     AllGather |     0.0/   0.0 |     0.0/   0.0 |     0.0/   0.0 |    27.1/   6.3 |    54.5/   0.0 |    97.8/  25.3 |     0.0/   0.0 |     0.0/   0.0 |     0.0/   0.0 |     0.0/   0.0 |     0.0/   0.0 |     0.0/   0.0 |
x3001c0s31b0n0:46259:50006 [0] NCCL INFO ReduceScatter |     0.0/   0.0 |     0.0/   0.0 |     0.0/   0.0 |    27.1/   6.3 |    54.5/   0.0 |    97.8/  25.3 |     0.0/   0.0 |     0.0/   0.0 |     0.0/   0.0 |     0.0/   0.0 |     0.0/   0.0 |     0.0/   0.0 |
x3001c0s31b0n0:46259:50006 [0] NCCL INFO     AllReduce |    30.0/   2.9 |    45.9/   0.0 |   280.0/  11.0 |    54.3/   3.2 |   103.2/   0.0 |   199.6/  12.6 |     7.4/   0.0 |     7.4/   0.0 |    29.7/   0.0 |     4.4/   0.0 |     4.4/   0.0 |    48.0/   0.0 |
x3001c0s31b0n0:46259:50006 [0] NCCL INFO threadThresholds 8/8/64 | 160/8/64 | 512 | 512
x3001c0s31b0n0:46259:50006 [0] NCCL INFO 4 coll channels, 4 p2p channels, 2 p2p channels per peer
x3001c0s31b0n0:46259:50139 [0] NCCL INFO New proxy send connection 20 from local rank 0, transport 2
x3001c0s31b0n0:46259:50006 [0] NCCL INFO Connection to proxy localRank 0 -> connection 0x153ce8001180
x3001c0s31b0n0:46259:50139 [0] NCCL INFO transport/net.cc:376 Cuda Alloc Size 8388608 pointer 0x153d51400000
x3001c0s31b0n0:46260:50008 [1] NCCL INFO Connection to proxy localRank 1 -> connection 0x14e1100011c0
x3001c0s31b0n0:46260:50138 [1] NCCL INFO transport/p2p.cc:449 Cuda Alloc Size 6291456 pointer 0x14e153a00000
x3001c0s31b0n0:46260:50138 [1] NCCL INFO New proxy recv connection 22 from local rank 1, transport 0
x3001c0s31b0n0:46260:50008 [1] NCCL INFO Connection to proxy localRank 1 -> connection 0x14e110001200
x3001c0s31b0n0:46260:50138 [1] NCCL INFO transport/p2p.cc:449 Cuda Alloc Size 6291456 pointer 0x14e159a00000
x3001c0s31b0n0:46260:50138 [1] NCCL INFO New proxy recv connection 23 from local rank 1, transport 0
x3001c0s31b0n0:46260:50008 [1] NCCL INFO Connection to proxy localRank 1 -> connection 0x14e110001240
x3001c0s31b0n0:46260:50138 [1] NCCL INFO transport/p2p.cc:449 Cuda Alloc Size 6291456 pointer 0x14e15ba00000
x3001c0s31b0n0:46260:50008 [1] NCCL INFO Connected all trees by HAO
x3001c0s31b0n0:46260:50008 [1] NCCL INFO threadThresholds 8/8/64 | 160/8/64 | 512 | 512
x3001c0s31b0n0:46260:50008 [1] NCCL INFO 4 coll channels, 4 p2p channels, 2 p2p channels per peer
x3001c0s31b0n0:46260:50138 [1] NCCL INFO New proxy send connection 24 from local rank 1, transport 2
x3001c0s31b0n0:46261:50007 [2] NCCL INFO Connected all trees by HAO
x3001c0s31b0n0:46261:50007 [2] NCCL INFO threadThresholds 8/8/64 | 160/8/64 | 512 | 512
x3001c0s31b0n0:46261:50007 [2] NCCL INFO 4 coll channels, 4 p2p channels, 2 p2p channels per peer
x3001c0s31b0n0:46261:50140 [2] NCCL INFO Allocated 4194656 bytes of shared memory in /dev/shm/nccl-Sky51d

x3001c0s31b0n0:46261:50140 [2] NCCL INFO New proxy send connection 20 from local rank 2, transport 2
x3001c0s31b0n0:46261:50007 [2] NCCL INFO Connection to proxy localRank 2 -> connection 0x14dc78001180
x3001c0s31b0n0:46261:50140 [2] NCCL INFO transport/net.cc:376 Cuda Alloc Size 8388608 pointer 0x14dcbd400000
x3001c0s31b0n0:46260:50008 [1] NCCL INFO Connection to proxy localRank 1 -> connection 0x14e110001280
x3001c0s31b0n0:46260:50008 [1] NCCL INFO init.cc:367 Cuda Alloc Size 5168 pointer 0x14e345812600
x3001c0s31b0n0:46262:50009 [3] NCCL INFO init.cc:367 Cuda Alloc Size 5168 pointer 0x14f1afe12600
x3001c0s31b0n0:46262:50009 [3] NCCL INFO init.cc:392 Cuda Host Alloc Size 33554432 pointer 0x14ef5e000000
x3001c0s31b0n0:46262:50009 [3] NCCL INFO init.cc:398 Cuda Host Alloc Size 128 pointer 0x14f1af400600
x3001c0s31b0n0:46262:50009 [3] NCCL INFO comm 0x55726061d640 rank 3 nranks 20 cudaDev 3 busId c7000 - Init COMPLETE
x3001c0s31b0n0:46261:50007 [2] NCCL INFO init.cc:367 Cuda Alloc Size 5168 pointer 0x14dea7812600
x3001c0s31b0n0:46259:50006 [0] NCCL INFO init.cc:367 Cuda Alloc Size 5168 pointer 0x153f17a12600
x3001c0s31b0n0:46259:50006 [0] NCCL INFO init.cc:392 Cuda Host Alloc Size 33554432 pointer 0x153ce6000000
