x3103c0s31b0n0:58591:59866 [3] NCCL INFO transport/net_ib.cc:596 Ib Alloc Size 26560 pointer 0x147050044000
x3103c0s31b0n0:58591:59866 [3] NCCL INFO NET/IB: Dev 0 Port 1 qpn 11575 mtu 5 GID 0 (80FE/1E2100FEFF000000)
x3103c0s31b0n0:58591:59866 [3] NCCL INFO transport/net_ib.cc:653 Ib Alloc Size 552 pointer 0x147050065000
x3103c0s31b0n0:58591:59866 [3] NCCL INFO transport/net.cc:571 Cuda Host Alloc Size 9641984 pointer 0x147049600000
x3103c0s31b0n0:58591:59866 [3] NCCL INFO Mem Realloc old size 0, new size 768 pointer 0x1470500521f0
x3103c0s31b0n0:58590:59720 [2] NCCL INFO Connection to proxy localRank 2 -> connection 0x153988000e40
x3103c0s31b0n0:58590:59862 [2] NCCL INFO transport/p2p.cc:449 Cuda Alloc Size 6291456 pointer 0x153984000000
x3103c0s31b0n0:58591:59866 [3] NCCL INFO transport/net_ib.cc:596 Ib Alloc Size 26560 pointer 0x147050067000
x3103c0s31b0n0:58591:59866 [3] NCCL INFO NET/IB: Dev 1 Port 1 qpn 11430 mtu 5 GID 0 (80FE/5B2100FEFF000000)
x3103c0s31b0n0:58591:59866 [3] NCCL INFO transport/net_ib.cc:653 Ib Alloc Size 552 pointer 0x14705007e000
x3103c0s31b0n0:58591:59866 [3] NCCL INFO transport/net.cc:571 Cuda Host Alloc Size 9641984 pointer 0x147046000000
x3103c0s31b0n0:58591:59866 [3] NCCL INFO transport/net_ib.cc:596 Ib Alloc Size 26560 pointer 0x147050080000
x3103c0s31b0n0:58590:59720 [2] NCCL INFO Connected all rings
x3103c0s31b0n0:58590:59862 [2] NCCL INFO New proxy recv connection 8 from local rank 2, transport 0
x3103c0s31b0n0:58588:59880 [0] NCCL INFO New proxy recv connection 4 from local rank 0, transport 0
x3103c0s31b0n0:58591:59866 [3] NCCL INFO NET/IB: Dev 0 Port 1 qpn 11576 mtu 5 GID 0 (80FE/1E2100FEFF000000)
x3103c0s31b0n0:58591:59866 [3] NCCL INFO transport/net_ib.cc:653 Ib Alloc Size 552 pointer 0x147050097000
x3103c0s31b0n0:58591:59866 [3] NCCL INFO transport/net.cc:571 Cuda Host Alloc Size 9641984 pointer 0x147046a00000
x3103c0s31b0n0:58591:59729 [3] NCCL INFO Connected all rings
x3103c0s31b0n0:58591:59729 [3] NCCL INFO Channel 00/0 : 11[c7000] -> 10[85000] via P2P/IPC/read
x3103c0s31b0n0:58591:59866 [3] NCCL INFO New proxy send connection 8 from local rank 3, transport 0
x3103c0s31b0n0:58588:59718 [0] NCCL INFO Connection to proxy localRank 0 -> connection 0x14aebc000d80
x3103c0s31b0n0:58588:59880 [0] NCCL INFO transport/p2p.cc:449 Cuda Alloc Size 6291456 pointer 0x14aebac00000
x3103c0s31b0n0:58590:59720 [2] NCCL INFO Connection to proxy localRank 2 -> connection 0x153988000e80
x3103c0s31b0n0:58590:59862 [2] NCCL INFO transport/p2p.cc:449 Cuda Alloc Size 6291456 pointer 0x153982000000
x3103c0s31b0n0:58591:59729 [3] NCCL INFO Connection to proxy localRank 3 -> connection 0x147050000e80
x3103c0s31b0n0:58591:59866 [3] NCCL INFO transport/p2p.cc:430 Cuda Alloc Size 6291456 pointer 0x147047400000
x3103c0s31b0n0:58589:59860 [1] NCCL INFO transport/net_ib.cc:683 Ib Alloc Size 21688 pointer 0x14e1bc01d000
x3103c0s31b0n0:58589:59860 [1] NCCL INFO transport/net_ib.cc:696 Ib Alloc Size 552 pointer 0x14e1bc024000
x3103c0s31b0n0:58588:59880 [0] NCCL INFO New proxy recv connection 5 from local rank 0, transport 0
x3103c0s31b0n0:58588:59718 [0] NCCL INFO Connection to proxy localRank 0 -> connection 0x14aebc000dc0
x3103c0s31b0n0:58589:59860 [1] NCCL INFO transport/net_ib.cc:771 Ib Alloc Size 552 pointer 0x14e1bc04b000
x3103c0s31b0n0:58589:59860 [1] NCCL INFO transport/net.cc:698 Cuda Host Alloc Size 9641984 pointer 0x14e1ba000000
x3103c0s31b0n0:58589:59860 [1] NCCL INFO Mem Realloc old size 0, new size 768 pointer 0x14e1bc0406b0
x3103c0s31b0n0:58589:59860 [1] NCCL INFO transport/net_ib.cc:683 Ib Alloc Size 21688 pointer 0x14e1bc04d000
x3103c0s31b0n0:58588:59880 [0] NCCL INFO transport/p2p.cc:449 Cuda Alloc Size 6291456 pointer 0x14aebb200000
x3103c0s31b0n0:58588:59880 [0] NCCL INFO New proxy recv connection 6 from local rank 0, transport 0
x3103c0s31b0n0:58590:59862 [2] NCCL INFO New proxy recv connection 9 from local rank 2, transport 0
x3103c0s31b0n0:58591:59729 [3] NCCL INFO Channel 01/0 : 11[c7000] -> 10[85000] via P2P/IPC/read
x3103c0s31b0n0:58591:59866 [3] NCCL INFO New proxy send connection 9 from local rank 3, transport 0
x3103c0s31b0n0:58591:59729 [3] NCCL INFO Connection to proxy localRank 3 -> connection 0x147050000ec0
x3103c0s31b0n0:58589:59860 [1] NCCL INFO transport/net_ib.cc:696 Ib Alloc Size 552 pointer 0x14e1bc054000
x3103c0s31b0n0:58589:59860 [1] NCCL INFO transport/net_ib.cc:771 Ib Alloc Size 552 pointer 0x14e1bc079000
x3103c0s31b0n0:58589:59860 [1] NCCL INFO transport/net.cc:698 Cuda Host Alloc Size 9641984 pointer 0x14e1baa00000
x3103c0s31b0n0:58589:59860 [1] NCCL INFO Mem Realloc old size 0, new size 768 pointer 0x14e1bc06e880
x3103c0s31b0n0:58590:59720 [2] NCCL INFO Connection to proxy localRank 2 -> connection 0x153988000ec0
x3103c0s31b0n0:58590:59862 [2] NCCL INFO transport/p2p.cc:449 Cuda Alloc Size 6291456 pointer 0x153982600000
x3103c0s31b0n0:58588:59718 [0] NCCL INFO Connection to proxy localRank 0 -> connection 0x14aebc000e00
x3103c0s31b0n0:58588:59880 [0] NCCL INFO transport/p2p.cc:449 Cuda Alloc Size 6291456 pointer 0x14aebb800000
x3103c0s31b0n0:58591:59866 [3] NCCL INFO transport/p2p.cc:430 Cuda Alloc Size 6291456 pointer 0x147047a00000
x3103c0s31b0n0:58589:59860 [1] NCCL INFO transport/net_ib.cc:683 Ib Alloc Size 21688 pointer 0x14e1bc07b000
x3103c0s31b0n0:58590:59862 [2] NCCL INFO New proxy recv connection 10 from local rank 2, transport 0
x3103c0s31b0n0:58588:59880 [0] NCCL INFO New proxy recv connection 7 from local rank 0, transport 0
x3103c0s31b0n0:58591:59729 [3] NCCL INFO Channel 02/0 : 11[c7000] -> 10[85000] via P2P/IPC/read
x3103c0s31b0n0:58591:59866 [3] NCCL INFO New proxy send connection 10 from local rank 3, transport 0
x3103c0s31b0n0:58589:59860 [1] NCCL INFO transport/net_ib.cc:696 Ib Alloc Size 552 pointer 0x14e1bc082000
x3103c0s31b0n0:58588:59718 [0] NCCL INFO Connection to proxy localRank 0 -> connection 0x14aebc000e40
x3103c0s31b0n0:58588:59880 [0] NCCL INFO transport/p2p.cc:449 Cuda Alloc Size 6291456 pointer 0x14aeb8000000
x3103c0s31b0n0:58590:59720 [2] NCCL INFO Connection to proxy localRank 2 -> connection 0x153988000f00
x3103c0s31b0n0:58590:59862 [2] NCCL INFO transport/p2p.cc:449 Cuda Alloc Size 6291456 pointer 0x153982c00000
x3103c0s31b0n0:58589:59860 [1] NCCL INFO transport/net_ib.cc:771 Ib Alloc Size 552 pointer 0x14e1bc09d000
x3103c0s31b0n0:58589:59860 [1] NCCL INFO transport/net.cc:698 Cuda Host Alloc Size 9641984 pointer 0x14e1bb400000
x3103c0s31b0n0:58591:59729 [3] NCCL INFO Connection to proxy localRank 3 -> connection 0x147050000f00
x3103c0s31b0n0:58591:59866 [3] NCCL INFO transport/p2p.cc:430 Cuda Alloc Size 6291456 pointer 0x14703e000000
x3103c0s31b0n0:58589:59860 [1] NCCL INFO transport/net_ib.cc:683 Ib Alloc Size 21688 pointer 0x14e1bc09f000
x3103c0s31b0n0:58589:59860 [1] NCCL INFO transport/net_ib.cc:696 Ib Alloc Size 552 pointer 0x14e1bc0a6000
x3103c0s31b0n0:58590:59862 [2] NCCL INFO New proxy recv connection 11 from local rank 2, transport 0
x3103c0s31b0n0:58591:59729 [3] NCCL INFO Channel 03/0 : 11[c7000] -> 10[85000] via P2P/IPC/read
x3103c0s31b0n0:58589:59860 [1] NCCL INFO transport/net_ib.cc:771 Ib Alloc Size 552 pointer 0x14e1bc0c1000
x3103c0s31b0n0:58589:59860 [1] NCCL INFO transport/net.cc:698 Cuda Host Alloc Size 9641984 pointer 0x14e1b8000000
x3103c0s31b0n0:58591:59866 [3] NCCL INFO New proxy send connection 11 from local rank 3, transport 0
x3103c0s31b0n0:58590:59720 [2] NCCL INFO Connection to proxy localRank 2 -> connection 0x153988000f40
x3103c0s31b0n0:58590:59862 [2] NCCL INFO transport/p2p.cc:449 Cuda Alloc Size 6291456 pointer 0x153983200000
x3103c0s31b0n0:58589:59719 [1] NCCL INFO Channel 00/0 : 9[46000] -> 8[7000] via P2P/IPC/read
x3103c0s31b0n0:58589:59860 [1] NCCL INFO New proxy send connection 4 from local rank 1, transport 0
x3103c0s31b0n0:58591:59729 [3] NCCL INFO Connection to proxy localRank 3 -> connection 0x147050000f40
x3103c0s31b0n0:58591:59866 [3] NCCL INFO transport/p2p.cc:430 Cuda Alloc Size 6291456 pointer 0x14703e600000
x3103c0s31b0n0:58589:59719 [1] NCCL INFO Connection to proxy localRank 1 -> connection 0x14e1bc000d80
x3103c0s31b0n0:58589:59860 [1] NCCL INFO transport/p2p.cc:430 Cuda Alloc Size 6291456 pointer 0x14e1b8a00000
x3103c0s31b0n0:58589:59719 [1] NCCL INFO Channel 01/0 : 9[46000] -> 8[7000] via P2P/IPC/read
x3103c0s31b0n0:58589:59860 [1] NCCL INFO New proxy send connection 5 from local rank 1, transport 0
x3103c0s31b0n0:58589:59719 [1] NCCL INFO Connection to proxy localRank 1 -> connection 0x14e1bc000dc0
x3103c0s31b0n0:58589:59860 [1] NCCL INFO transport/p2p.cc:430 Cuda Alloc Size 6291456 pointer 0x14e1b9000000
x3103c0s31b0n0:58589:59719 [1] NCCL INFO Channel 02/0 : 9[46000] -> 8[7000] via P2P/IPC/read
x3103c0s31b0n0:58589:59860 [1] NCCL INFO New proxy send connection 6 from local rank 1, transport 0
x3103c0s31b0n0:58589:59719 [1] NCCL INFO Connection to proxy localRank 1 -> connection 0x14e1bc000e00
x3103c0s31b0n0:58589:59860 [1] NCCL INFO transport/p2p.cc:430 Cuda Alloc Size 6291456 pointer 0x14e1b9600000
x3103c0s31b0n0:58589:59719 [1] NCCL INFO Channel 03/0 : 9[46000] -> 8[7000] via P2P/IPC/read
x3103c0s31b0n0:58589:59860 [1] NCCL INFO New proxy send connection 7 from local rank 1, transport 0
x3103c0s31b0n0:58589:59719 [1] NCCL INFO Connection to proxy localRank 1 -> connection 0x14e1bc000e40
x3103c0s31b0n0:58589:59860 [1] NCCL INFO transport/p2p.cc:430 Cuda Alloc Size 6291456 pointer 0x14e1c9a00000
x3103c0s31b0n0:58588:59718 [0] NCCL INFO Connected all rings
x3103c0s31b0n0:58588:59718 [0] NCCL INFO Channel 00/0 : 8[7000] -> 9[46000] via P2P/IPC/read
x3103c0s31b0n0:58588:59880 [0] NCCL INFO New proxy send connection 8 from local rank 0, transport 0
x3103c0s31b0n0:58589:59719 [1] NCCL INFO Connected all rings
x3103c0s31b0n0:58589:59860 [1] NCCL INFO New proxy recv connection 8 from local rank 1, transport 0
x3103c0s31b0n0:58589:59719 [1] NCCL INFO Connection to proxy localRank 1 -> connection 0x14e1bc000e80
x3103c0s31b0n0:58588:59718 [0] NCCL INFO Connection to proxy localRank 0 -> connection 0x14aebc000e80
x3103c0s31b0n0:58588:59880 [0] NCCL INFO transport/p2p.cc:430 Cuda Alloc Size 6291456 pointer 0x14aeb6000000
x3103c0s31b0n0:58588:59718 [0] NCCL INFO Channel 01/0 : 8[7000] -> 9[46000] via P2P/IPC/read
x3103c0s31b0n0:58588:59880 [0] NCCL INFO New proxy send connection 9 from local rank 0, transport 0
x3103c0s31b0n0:58589:59860 [1] NCCL INFO transport/p2p.cc:449 Cuda Alloc Size 6291456 pointer 0x14e1b7800000
x3103c0s31b0n0:58589:59860 [1] NCCL INFO New proxy recv connection 9 from local rank 1, transport 0
x3103c0s31b0n0:58588:59718 [0] NCCL INFO Connection to proxy localRank 0 -> connection 0x14aebc000ec0
x3103c0s31b0n0:58588:59880 [0] NCCL INFO transport/p2p.cc:430 Cuda Alloc Size 6291456 pointer 0x14aeb6600000
x3103c0s31b0n0:58588:59718 [0] NCCL INFO Channel 02/0 : 8[7000] -> 9[46000] via P2P/IPC/read
x3103c0s31b0n0:58588:59880 [0] NCCL INFO New proxy send connection 10 from local rank 0, transport 0
x3103c0s31b0n0:58589:59719 [1] NCCL INFO Connection to proxy localRank 1 -> connection 0x14e1bc000ec0
x3103c0s31b0n0:58589:59860 [1] NCCL INFO transport/p2p.cc:449 Cuda Alloc Size 6291456 pointer 0x14e1b4000000
x3103c0s31b0n0:58588:59718 [0] NCCL INFO Connection to proxy localRank 0 -> connection 0x14aebc000f00
x3103c0s31b0n0:58588:59880 [0] NCCL INFO transport/p2p.cc:430 Cuda Alloc Size 6291456 pointer 0x14aeb6c00000
x3103c0s31b0n0:58589:59860 [1] NCCL INFO New proxy recv connection 10 from local rank 1, transport 0
x3103c0s31b0n0:58588:59718 [0] NCCL INFO Channel 03/0 : 8[7000] -> 9[46000] via P2P/IPC/read
x3103c0s31b0n0:58588:59880 [0] NCCL INFO New proxy send connection 11 from local rank 0, transport 0
x3103c0s31b0n0:58589:59719 [1] NCCL INFO Connection to proxy localRank 1 -> connection 0x14e1bc000f00
x3103c0s31b0n0:58589:59860 [1] NCCL INFO transport/p2p.cc:449 Cuda Alloc Size 6291456 pointer 0x14e1b4600000
x3103c0s31b0n0:58589:59860 [1] NCCL INFO New proxy recv connection 11 from local rank 1, transport 0
x3103c0s31b0n0:58589:59719 [1] NCCL INFO Connection to proxy localRank 1 -> connection 0x14e1bc000f40
x3103c0s31b0n0:58588:59718 [0] NCCL INFO Connection to proxy localRank 0 -> connection 0x14aebc000f40
x3103c0s31b0n0:58588:59880 [0] NCCL INFO transport/p2p.cc:430 Cuda Alloc Size 6291456 pointer 0x14aeb7200000
x3103c0s31b0n0:58589:59860 [1] NCCL INFO transport/p2p.cc:449 Cuda Alloc Size 6291456 pointer 0x14e1b4c00000
x3103c0s31b0n0:58589:59719 [1] NCCL INFO Channel 00/0 : 9[46000] -> 10[85000] via P2P/IPC/read
x3103c0s31b0n0:58589:59860 [1] NCCL INFO New proxy send connection 12 from local rank 1, transport 0
x3103c0s31b0n0:58589:59719 [1] NCCL INFO Connection to proxy localRank 1 -> connection 0x14e1bc000f80
x3103c0s31b0n0:58589:59860 [1] NCCL INFO transport/p2p.cc:430 Cuda Alloc Size 6291456 pointer 0x14e1b5200000
x3103c0s31b0n0:58589:59719 [1] NCCL INFO Channel 01/0 : 9[46000] -> 10[85000] via P2P/IPC/read
x3103c0s31b0n0:58589:59860 [1] NCCL INFO New proxy send connection 13 from local rank 1, transport 0
x3103c0s31b0n0:58589:59719 [1] NCCL INFO Connection to proxy localRank 1 -> connection 0x14e1bc000fc0
x3103c0s31b0n0:58589:59860 [1] NCCL INFO transport/p2p.cc:430 Cuda Alloc Size 6291456 pointer 0x14e1b5800000
x3103c0s31b0n0:58589:59719 [1] NCCL INFO Channel 02/0 : 9[46000] -> 10[85000] via P2P/IPC/read
x3103c0s31b0n0:58589:59860 [1] NCCL INFO New proxy send connection 14 from local rank 1, transport 0
x3103c0s31b0n0:58589:59719 [1] NCCL INFO Connection to proxy localRank 1 -> connection 0x14e1bc001000
x3103c0s31b0n0:58589:59860 [1] NCCL INFO transport/p2p.cc:430 Cuda Alloc Size 6291456 pointer 0x14e1b2000000
x3103c0s31b0n0:58589:59719 [1] NCCL INFO Channel 03/0 : 9[46000] -> 10[85000] via P2P/IPC/read
x3103c0s31b0n0:58589:59860 [1] NCCL INFO New proxy send connection 15 from local rank 1, transport 0
x3103c0s31b0n0:58589:59719 [1] NCCL INFO Connection to proxy localRank 1 -> connection 0x14e1bc001040
x3103c0s31b0n0:58589:59860 [1] NCCL INFO transport/p2p.cc:430 Cuda Alloc Size 6291456 pointer 0x14e1b2600000
x3103c0s31b0n0:58589:59719 [1] NCCL INFO GPU Direct RDMA Disabled for GPU 46000 / HCA 1 (distance 6 > 4)
x3103c0s31b0n0:58588:59718 [0] NCCL INFO GPU Direct RDMA Disabled for GPU 7000 / HCA 1 (distance 7 > 4)
x3103c0s31b0n0:58588:59880 [0] NCCL INFO Allocated 4194656 bytes of shared memory in /dev/shm/nccl-agAjXn

x3103c0s31b0n0:58588:59880 [0] NCCL INFO New proxy recv connection 12 from local rank 0, transport 2
x3103c0s31b0n0:58590:59862 [2] NCCL INFO New proxy recv connection 12 from local rank 2, transport 0
x3103c0s31b0n0:58589:59860 [1] NCCL INFO New proxy recv connection 16 from local rank 1, transport 2
x3103c0s31b0n0:58588:59718 [0] NCCL INFO Connection to proxy localRank 0 -> connection 0x14aebc000f80
x3103c0s31b0n0:58590:59720 [2] NCCL INFO Connection to proxy localRank 2 -> connection 0x153988000f80
x3103c0s31b0n0:58590:59862 [2] NCCL INFO transport/p2p.cc:449 Cuda Alloc Size 6291456 pointer 0x153981200000
x3103c0s31b0n0:58589:59719 [1] NCCL INFO Connection to proxy localRank 1 -> connection 0x14e1bc001080
x3103c0s31b0n0:58589:59719 [1] NCCL INFO Channel 00/0 : 4[7000] -> 9[46000] [receive] via NET/IB/1
x3103c0s31b0n0:58589:59719 [1] NCCL INFO GPU Direct RDMA Disabled for GPU 46000 / HCA 0 (distance 7 > 4)
x3103c0s31b0n0:58589:59860 [1] NCCL INFO New proxy recv connection 17 from local rank 1, transport 2
x3103c0s31b0n0:58588:59718 [0] NCCL INFO Channel 02/0 : 5[46000] -> 8[7000] [receive] via NET/IB/1
x3103c0s31b0n0:58588:59718 [0] NCCL INFO GPU Direct RDMA Disabled for GPU 7000 / HCA 0 (distance 7 > 4)
x3103c0s31b0n0:58588:59880 [0] NCCL INFO New proxy recv connection 13 from local rank 0, transport 2
x3103c0s31b0n0:58590:59862 [2] NCCL INFO New proxy recv connection 13 from local rank 2, transport 0
x3103c0s31b0n0:58588:59718 [0] NCCL INFO Connection to proxy localRank 0 -> connection 0x14aebc000fc0
x3103c0s31b0n0:58588:59718 [0] NCCL INFO Channel 03/0 : 5[46000] -> 8[7000] [receive] via NET/IB/0
x3103c0s31b0n0:58589:59719 [1] NCCL INFO Connection to proxy localRank 1 -> connection 0x14e1bc0010c0
x3103c0s31b0n0:58590:59720 [2] NCCL INFO Connection to proxy localRank 2 -> connection 0x153988000fc0
x3103c0s31b0n0:58590:59862 [2] NCCL INFO transport/p2p.cc:449 Cuda Alloc Size 6291456 pointer 0x153981800000
x3103c0s31b0n0:58589:59719 [1] NCCL INFO Channel 01/0 : 4[7000] -> 9[46000] [receive] via NET/IB/0
x3103c0s31b0n0:58588:59880 [0] NCCL INFO transport/net_ib.cc:683 Ib Alloc Size 21688 pointer 0x14aebc01c000
x3103c0s31b0n0:58588:59880 [0] NCCL INFO transport/net_ib.cc:696 Ib Alloc Size 552 pointer 0x14aebc023000
x3103c0s31b0n0:58590:59862 [2] NCCL INFO New proxy recv connection 14 from local rank 2, transport 0
x3103c0s31b0n0:58590:59720 [2] NCCL INFO Connection to proxy localRank 2 -> connection 0x153988001000
x3103c0s31b0n0:58590:59862 [2] NCCL INFO transport/p2p.cc:449 Cuda Alloc Size 6291456 pointer 0x15397e000000
x3103c0s31b0n0:58588:59880 [0] NCCL INFO transport/net_ib.cc:771 Ib Alloc Size 552 pointer 0x14aebc04a000
x3103c0s31b0n0:58588:59880 [0] NCCL INFO transport/net.cc:698 Cuda Host Alloc Size 9641984 pointer 0x14aeb5200000
x3103c0s31b0n0:58588:59880 [0] NCCL INFO Mem Realloc old size 0, new size 768 pointer 0x14aebc03f4d0
x3103c0s31b0n0:58590:59862 [2] NCCL INFO New proxy recv connection 15 from local rank 2, transport 0
x3103c0s31b0n0:58588:59880 [0] NCCL INFO transport/net_ib.cc:683 Ib Alloc Size 21688 pointer 0x14aebc04c000
x3103c0s31b0n0:58588:59880 [0] NCCL INFO transport/net_ib.cc:696 Ib Alloc Size 552 pointer 0x14aebc053000
x3103c0s31b0n0:58590:59720 [2] NCCL INFO Connection to proxy localRank 2 -> connection 0x153988001040
x3103c0s31b0n0:58590:59862 [2] NCCL INFO transport/p2p.cc:449 Cuda Alloc Size 6291456 pointer 0x15397e600000
x3103c0s31b0n0:58588:59880 [0] NCCL INFO transport/net_ib.cc:771 Ib Alloc Size 552 pointer 0x14aebc078000
x3103c0s31b0n0:58588:59880 [0] NCCL INFO transport/net.cc:698 Cuda Host Alloc Size 9641984 pointer 0x14aeae000000
x3103c0s31b0n0:58588:59880 [0] NCCL INFO Mem Realloc old size 0, new size 768 pointer 0x14aebc04b210
x3103c0s31b0n0:58588:59718 [0] NCCL INFO GPU Direct RDMA Disabled for GPU 7000 / HCA 1 (distance 7 > 4)
x3103c0s31b0n0:58588:59880 [0] NCCL INFO New proxy send connection 14 from local rank 0, transport 2
x3103c0s31b0n0:58590:59720 [2] NCCL INFO Channel 00/0 : 10[85000] -> 9[46000] via P2P/IPC/read
x3103c0s31b0n0:58590:59862 [2] NCCL INFO New proxy send connection 16 from local rank 2, transport 0
x3103c0s31b0n0:58590:59720 [2] NCCL INFO Connection to proxy localRank 2 -> connection 0x153988001080
x3103c0s31b0n0:58590:59862 [2] NCCL INFO transport/p2p.cc:430 Cuda Alloc Size 6291456 pointer 0x15397ec00000
x3103c0s31b0n0:58588:59718 [0] NCCL INFO Connection to proxy localRank 0 -> connection 0x14aebc001000
x3103c0s31b0n0:58588:59718 [0] NCCL INFO Channel 00/0 : 8[7000] -> 12[7000] [send] via NET/IB/1
x3103c0s31b0n0:58588:59718 [0] NCCL INFO GPU Direct RDMA Disabled for GPU 7000 / HCA 0 (distance 7 > 4)
x3103c0s31b0n0:58588:59880 [0] NCCL INFO New proxy send connection 15 from local rank 0, transport 2
x3103c0s31b0n0:58590:59720 [2] NCCL INFO Channel 01/0 : 10[85000] -> 9[46000] via P2P/IPC/read
x3103c0s31b0n0:58590:59862 [2] NCCL INFO New proxy send connection 17 from local rank 2, transport 0
x3103c0s31b0n0:58588:59718 [0] NCCL INFO Connection to proxy localRank 0 -> connection 0x14aebc001040
x3103c0s31b0n0:58588:59718 [0] NCCL INFO Channel 01/0 : 8[7000] -> 12[7000] [send] via NET/IB/0
x3103c0s31b0n0:58588:59880 [0] NCCL INFO transport/net_ib.cc:596 Ib Alloc Size 26560 pointer 0x14aebc084000
x3103c0s31b0n0:58588:59880 [0] NCCL INFO NET/IB: Dev 1 Port 1 qpn 11437 mtu 5 GID 0 (80FE/5B2100FEFF000000)
x3103c0s31b0n0:58588:59880 [0] NCCL INFO transport/net_ib.cc:653 Ib Alloc Size 552 pointer 0x14aebc09b000
x3103c0s31b0n0:58588:59880 [0] NCCL INFO transport/net.cc:571 Cuda Host Alloc Size 9641984 pointer 0x14aeaea00000
x3103c0s31b0n0:58590:59720 [2] NCCL INFO Connection to proxy localRank 2 -> connection 0x1539880010c0
x3103c0s31b0n0:58590:59862 [2] NCCL INFO transport/p2p.cc:430 Cuda Alloc Size 6291456 pointer 0x15397f200000
x3103c0s31b0n0:58588:59880 [0] NCCL INFO transport/net_ib.cc:596 Ib Alloc Size 26560 pointer 0x14aebc09d000
x3103c0s31b0n0:58588:59880 [0] NCCL INFO NET/IB: Dev 0 Port 1 qpn 11583 mtu 5 GID 0 (80FE/1E2100FEFF000000)
x3103c0s31b0n0:58588:59880 [0] NCCL INFO transport/net_ib.cc:653 Ib Alloc Size 552 pointer 0x14aebc0b4000
x3103c0s31b0n0:58588:59880 [0] NCCL INFO transport/net.cc:571 Cuda Host Alloc Size 9641984 pointer 0x14aeaf400000
x3103c0s31b0n0:58590:59720 [2] NCCL INFO Channel 02/0 : 10[85000] -> 9[46000] via P2P/IPC/read
x3103c0s31b0n0:58590:59862 [2] NCCL INFO New proxy send connection 18 from local rank 2, transport 0
x3103c0s31b0n0:58588:59718 [0] NCCL INFO GPU Direct RDMA Disabled for GPU 7000 / HCA 1 (distance 7 > 4)
x3103c0s31b0n0:58588:59880 [0] NCCL INFO New proxy recv connection 16 from local rank 0, transport 2
x3103c0s31b0n0:58590:59720 [2] NCCL INFO Connection to proxy localRank 2 -> connection 0x153988001100
x3103c0s31b0n0:58590:59862 [2] NCCL INFO transport/p2p.cc:430 Cuda Alloc Size 6291456 pointer 0x15397f800000
x3103c0s31b0n0:58589:59860 [1] NCCL INFO transport/net_ib.cc:683 Ib Alloc Size 21688 pointer 0x14e1bc0d2000
x3103c0s31b0n0:58589:59860 [1] NCCL INFO transport/net_ib.cc:696 Ib Alloc Size 552 pointer 0x14e1bc019000
x3103c0s31b0n0:58590:59720 [2] NCCL INFO Channel 03/0 : 10[85000] -> 9[46000] via P2P/IPC/read
x3103c0s31b0n0:58590:59862 [2] NCCL INFO New proxy send connection 19 from local rank 2, transport 0
x3103c0s31b0n0:58588:59718 [0] NCCL INFO Connection to proxy localRank 0 -> connection 0x14aebc001080
x3103c0s31b0n0:58589:59860 [1] NCCL INFO transport/net_ib.cc:771 Ib Alloc Size 552 pointer 0x14e1bc0f2000
x3103c0s31b0n0:58589:59860 [1] NCCL INFO transport/net.cc:698 Cuda Host Alloc Size 9641984 pointer 0x14e1ae000000
x3103c0s31b0n0:58588:59718 [0] NCCL INFO Channel 00/0 : 0[7000] -> 8[7000] [receive] via NET/IB/1
x3103c0s31b0n0:58588:59718 [0] NCCL INFO GPU Direct RDMA Disabled for GPU 7000 / HCA 0 (distance 7 > 4)
x3103c0s31b0n0:58588:59880 [0] NCCL INFO New proxy recv connection 17 from local rank 0, transport 2
x3103c0s31b0n0:58590:59720 [2] NCCL INFO Connection to proxy localRank 2 -> connection 0x153988001140
x3103c0s31b0n0:58590:59862 [2] NCCL INFO transport/p2p.cc:430 Cuda Alloc Size 6291456 pointer 0x15397c000000
x3103c0s31b0n0:58588:59718 [0] NCCL INFO Connection to proxy localRank 0 -> connection 0x14aebc0010c0
x3103c0s31b0n0:58589:59860 [1] NCCL INFO transport/net_ib.cc:683 Ib Alloc Size 21688 pointer 0x14e1bc0f4000
x3103c0s31b0n0:58589:59860 [1] NCCL INFO transport/net_ib.cc:696 Ib Alloc Size 552 pointer 0x14e1bc0fb000
x3103c0s31b0n0:58591:59729 [3] NCCL INFO Connected all trees by HAO
x3103c0s31b0n0:58591:59729 [3] NCCL INFO threadThresholds 8/8/64 | 128/8/64 | 512 | 512
x3103c0s31b0n0:58591:59729 [3] NCCL INFO 4 coll channels, 4 p2p channels, 2 p2p channels per peer
x3103c0s31b0n0:58591:59866 [3] NCCL INFO New proxy send connection 12 from local rank 3, transport 2
x3103c0s31b0n0:58588:59718 [0] NCCL INFO Channel 01/0 : 0[7000] -> 8[7000] [receive] via NET/IB/0
x3103c0s31b0n0:58588:59718 [0] NCCL INFO GPU Direct RDMA Disabled for GPU 7000 / HCA 1 (distance 7 > 4)
x3103c0s31b0n0:58589:59860 [1] NCCL INFO transport/net_ib.cc:771 Ib Alloc Size 552 pointer 0x14e1bc116000
x3103c0s31b0n0:58589:59860 [1] NCCL INFO transport/net.cc:698 Cuda Host Alloc Size 9641984 pointer 0x14e1aea00000
x3103c0s31b0n0:58588:59880 [0] NCCL INFO New proxy send connection 18 from local rank 0, transport 2
x3103c0s31b0n0:58591:59729 [3] NCCL INFO Connection to proxy localRank 3 -> connection 0x147050000f80
x3103c0s31b0n0:58591:59866 [3] NCCL INFO transport/net.cc:376 Cuda Alloc Size 8388608 pointer 0x14703c600000
x3103c0s31b0n0:58589:59719 [1] NCCL INFO GPU Direct RDMA Disabled for GPU 46000 / HCA 1 (distance 6 > 4)
x3103c0s31b0n0:58589:59860 [1] NCCL INFO New proxy send connection 18 from local rank 1, transport 2
x3103c0s31b0n0:58588:59718 [0] NCCL INFO Connection to proxy localRank 0 -> connection 0x14aebc001100
x3103c0s31b0n0:58588:59718 [0] NCCL INFO Channel 00/0 : 8[7000] -> 0[7000] [send] via NET/IB/1
x3103c0s31b0n0:58588:59718 [0] NCCL INFO GPU Direct RDMA Disabled for GPU 7000 / HCA 0 (distance 7 > 4)
x3103c0s31b0n0:58588:59880 [0] NCCL INFO New proxy send connection 19 from local rank 0, transport 2
x3103c0s31b0n0:58589:59719 [1] NCCL INFO Connection to proxy localRank 1 -> connection 0x14e1bc001100
x3103c0s31b0n0:58589:59719 [1] NCCL INFO Channel 00/0 : 9[46000] -> 4[7000] [send] via NET/IB/1
x3103c0s31b0n0:58589:59719 [1] NCCL INFO GPU Direct RDMA Disabled for GPU 46000 / HCA 0 (distance 7 > 4)
x3103c0s31b0n0:58589:59860 [1] NCCL INFO New proxy send connection 19 from local rank 1, transport 2
x3103c0s31b0n0:58588:59718 [0] NCCL INFO Connection to proxy localRank 0 -> connection 0x14aebc001140
x3103c0s31b0n0:58588:59718 [0] NCCL INFO Channel 01/0 : 8[7000] -> 0[7000] [send] via NET/IB/0
x3103c0s31b0n0:58588:59880 [0] NCCL INFO transport/net_ib.cc:596 Ib Alloc Size 26560 pointer 0x14aebc0ca000
x3103c0s31b0n0:58588:59880 [0] NCCL INFO NET/IB: Dev 1 Port 1 qpn 11440 mtu 5 GID 0 (80FE/5B2100FEFF000000)
x3103c0s31b0n0:58588:59880 [0] NCCL INFO transport/net_ib.cc:653 Ib Alloc Size 552 pointer 0x14aebc0e1000
x3103c0s31b0n0:58588:59880 [0] NCCL INFO transport/net.cc:571 Cuda Host Alloc Size 9641984 pointer 0x14aeac000000
x3103c0s31b0n0:58589:59719 [1] NCCL INFO Connection to proxy localRank 1 -> connection 0x14e1bc001140
x3103c0s31b0n0:58589:59719 [1] NCCL INFO Channel 01/0 : 9[46000] -> 4[7000] [send] via NET/IB/0
x3103c0s31b0n0:58588:59880 [0] NCCL INFO transport/net_ib.cc:596 Ib Alloc Size 26560 pointer 0x14aebc0e3000
x3103c0s31b0n0:58588:59880 [0] NCCL INFO NET/IB: Dev 0 Port 1 qpn 11586 mtu 5 GID 0 (80FE/1E2100FEFF000000)
x3103c0s31b0n0:58588:59880 [0] NCCL INFO transport/net_ib.cc:653 Ib Alloc Size 552 pointer 0x14aebc0fa000
x3103c0s31b0n0:58588:59880 [0] NCCL INFO transport/net.cc:571 Cuda Host Alloc Size 9641984 pointer 0x14aeaca00000
x3103c0s31b0n0:58588:59880 [0] NCCL INFO transport/net_ib.cc:683 Ib Alloc Size 21688 pointer 0x14aebc0fc000
x3103c0s31b0n0:58588:59880 [0] NCCL INFO transport/net_ib.cc:696 Ib Alloc Size 552 pointer 0x14aebc103000
x3103c0s31b0n0:58588:59880 [0] NCCL INFO transport/net_ib.cc:771 Ib Alloc Size 552 pointer 0x14aebc11e000
x3103c0s31b0n0:58588:59880 [0] NCCL INFO transport/net.cc:698 Cuda Host Alloc Size 9641984 pointer 0x14aead400000
x3103c0s31b0n0:58588:59880 [0] NCCL INFO transport/net_ib.cc:683 Ib Alloc Size 21688 pointer 0x14aebc120000
x3103c0s31b0n0:58588:59880 [0] NCCL INFO transport/net_ib.cc:696 Ib Alloc Size 552 pointer 0x14aebc127000
x3103c0s31b0n0:58588:59880 [0] NCCL INFO transport/net_ib.cc:771 Ib Alloc Size 552 pointer 0x14aebc142000
x3103c0s31b0n0:58588:59880 [0] NCCL INFO transport/net.cc:698 Cuda Host Alloc Size 9641984 pointer 0x14aeaa000000
x3103c0s31b0n0:58588:59718 [0] NCCL INFO GPU Direct RDMA Disabled for GPU 7000 / HCA 1 (distance 7 > 4)
x3103c0s31b0n0:58588:59880 [0] NCCL INFO New proxy recv connection 20 from local rank 0, transport 2
x3103c0s31b0n0:58588:59718 [0] NCCL INFO Connection to proxy localRank 0 -> connection 0x14aebc001180
x3103c0s31b0n0:58588:59718 [0] NCCL INFO Channel 00/0 : 12[7000] -> 8[7000] [receive] via NET/IB/1
x3103c0s31b0n0:58588:59718 [0] NCCL INFO GPU Direct RDMA Disabled for GPU 7000 / HCA 0 (distance 7 > 4)
x3103c0s31b0n0:58588:59880 [0] NCCL INFO New proxy recv connection 21 from local rank 0, transport 2
x3103c0s31b0n0:58588:59718 [0] NCCL INFO Connection to proxy localRank 0 -> connection 0x14aebc0011c0
x3103c0s31b0n0:58588:59718 [0] NCCL INFO Channel 01/0 : 12[7000] -> 8[7000] [receive] via NET/IB/0
x3103c0s31b0n0:58588:59880 [0] NCCL INFO transport/net_ib.cc:683 Ib Alloc Size 21688 pointer 0x14aebc14e000
x3103c0s31b0n0:58588:59880 [0] NCCL INFO transport/net_ib.cc:696 Ib Alloc Size 552 pointer 0x14aebc155000
x3103c0s31b0n0:58588:59880 [0] NCCL INFO transport/net_ib.cc:771 Ib Alloc Size 552 pointer 0x14aebc170000
x3103c0s31b0n0:58588:59880 [0] NCCL INFO transport/net.cc:698 Cuda Host Alloc Size 9641984 pointer 0x14aeaaa00000
x3103c0s31b0n0:58588:59880 [0] NCCL INFO transport/net_ib.cc:683 Ib Alloc Size 21688 pointer 0x14aebc172000
x3103c0s31b0n0:58588:59880 [0] NCCL INFO transport/net_ib.cc:696 Ib Alloc Size 552 pointer 0x14aebc179000
x3103c0s31b0n0:58588:59880 [0] NCCL INFO transport/net_ib.cc:771 Ib Alloc Size 552 pointer 0x14aebc194000
x3103c0s31b0n0:58588:59880 [0] NCCL INFO transport/net.cc:698 Cuda Host Alloc Size 9641984 pointer 0x14aeab400000
x3103c0s31b0n0:58588:59718 [0] NCCL INFO GPU Direct RDMA Disabled for GPU 7000 / HCA 1 (distance 7 > 4)
x3103c0s31b0n0:58588:59880 [0] NCCL INFO New proxy send connection 22 from local rank 0, transport 2
x3103c0s31b0n0:58589:59860 [1] NCCL INFO transport/net_ib.cc:596 Ib Alloc Size 26560 pointer 0x14e1bc122000
x3103c0s31b0n0:58589:59860 [1] NCCL INFO NET/IB: Dev 1 Port 1 qpn 11445 mtu 5 GID 0 (80FE/5B2100FEFF000000)
x3103c0s31b0n0:58589:59860 [1] NCCL INFO transport/net_ib.cc:653 Ib Alloc Size 552 pointer 0x14e1bc139000
x3103c0s31b0n0:58589:59860 [1] NCCL INFO transport/net.cc:571 Cuda Host Alloc Size 9641984 pointer 0x14e1af400000
x3103c0s31b0n0:58588:59718 [0] NCCL INFO Connection to proxy localRank 0 -> connection 0x14aebc001200
x3103c0s31b0n0:58588:59718 [0] NCCL INFO Channel 02/0 : 8[7000] -> 5[46000] [send] via NET/IB/1
x3103c0s31b0n0:58588:59718 [0] NCCL INFO GPU Direct RDMA Disabled for GPU 7000 / HCA 0 (distance 7 > 4)
x3103c0s31b0n0:58588:59880 [0] NCCL INFO New proxy send connection 23 from local rank 0, transport 2
x3103c0s31b0n0:58589:59860 [1] NCCL INFO transport/net_ib.cc:596 Ib Alloc Size 26560 pointer 0x14e1bc13b000
x3103c0s31b0n0:58589:59860 [1] NCCL INFO NET/IB: Dev 0 Port 1 qpn 11591 mtu 5 GID 0 (80FE/1E2100FEFF000000)
x3103c0s31b0n0:58589:59860 [1] NCCL INFO transport/net_ib.cc:653 Ib Alloc Size 552 pointer 0x14e1bc152000
x3103c0s31b0n0:58589:59860 [1] NCCL INFO transport/net.cc:571 Cuda Host Alloc Size 9641984 pointer 0x14e1ac000000
x3103c0s31b0n0:58588:59718 [0] NCCL INFO Connection to proxy localRank 0 -> connection 0x14aebc001240
x3103c0s31b0n0:58588:59718 [0] NCCL INFO Channel 03/0 : 8[7000] -> 5[46000] [send] via NET/IB/0
x3103c0s31b0n0:58588:59880 [0] NCCL INFO transport/net_ib.cc:596 Ib Alloc Size 26560 pointer 0x14aebc1a0000
x3103c0s31b0n0:58588:59880 [0] NCCL INFO NET/IB: Dev 1 Port 1 qpn 11446 mtu 5 GID 0 (80FE/5B2100FEFF000000)
x3103c0s31b0n0:58588:59880 [0] NCCL INFO transport/net_ib.cc:653 Ib Alloc Size 552 pointer 0x14aebc1b7000
x3103c0s31b0n0:58588:59880 [0] NCCL INFO transport/net.cc:571 Cuda Host Alloc Size 9641984 pointer 0x14aea8000000
x3103c0s31b0n0:58589:59860 [1] NCCL INFO New proxy recv connection 20 from local rank 1, transport 0
x3103c0s31b0n0:58589:59719 [1] NCCL INFO Connection to proxy localRank 1 -> connection 0x14e1bc001180
x3103c0s31b0n0:58589:59860 [1] NCCL INFO transport/p2p.cc:449 Cuda Alloc Size 6291456 pointer 0x14e1aca00000
x3103c0s31b0n0:58589:59860 [1] NCCL INFO New proxy recv connection 21 from local rank 1, transport 0
x3103c0s31b0n0:58588:59880 [0] NCCL INFO transport/net_ib.cc:596 Ib Alloc Size 26560 pointer 0x14aebc1b9000
x3103c0s31b0n0:58588:59880 [0] NCCL INFO NET/IB: Dev 0 Port 1 qpn 11592 mtu 5 GID 0 (80FE/1E2100FEFF000000)
x3103c0s31b0n0:58588:59880 [0] NCCL INFO transport/net_ib.cc:653 Ib Alloc Size 552 pointer 0x14aebc1d0000
x3103c0s31b0n0:58588:59880 [0] NCCL INFO transport/net.cc:571 Cuda Host Alloc Size 9641984 pointer 0x14aea8a00000
x3103c0s31b0n0:58588:59718 [0] NCCL INFO Connected all trees by HAO
x3103c0s31b0n0:58588:59718 [0] NCCL INFO threadThresholds 8/8/64 | 128/8/64 | 512 | 512
x3103c0s31b0n0:58588:59718 [0] NCCL INFO 4 coll channels, 4 p2p channels, 2 p2p channels per peer
x3103c0s31b0n0:58588:59880 [0] NCCL INFO New proxy send connection 24 from local rank 0, transport 2
x3103c0s31b0n0:58589:59719 [1] NCCL INFO Connection to proxy localRank 1 -> connection 0x14e1bc0011c0
x3103c0s31b0n0:58589:59860 [1] NCCL INFO transport/p2p.cc:449 Cuda Alloc Size 6291456 pointer 0x14e1ad000000
x3103c0s31b0n0:58588:59718 [0] NCCL INFO Connection to proxy localRank 0 -> connection 0x14aebc001280
x3103c0s31b0n0:58588:59880 [0] NCCL INFO transport/net.cc:376 Cuda Alloc Size 8388608 pointer 0x14aea9400000
x3103c0s31b0n0:58589:59860 [1] NCCL INFO New proxy recv connection 22 from local rank 1, transport 0
x3103c0s31b0n0:58589:59719 [1] NCCL INFO Connection to proxy localRank 1 -> connection 0x14e1bc001200
x3103c0s31b0n0:58589:59860 [1] NCCL INFO transport/p2p.cc:449 Cuda Alloc Size 6291456 pointer 0x14e1ad600000
x3103c0s31b0n0:58589:59860 [1] NCCL INFO New proxy recv connection 23 from local rank 1, transport 0
x3103c0s31b0n0:58589:59719 [1] NCCL INFO Connection to proxy localRank 1 -> connection 0x14e1bc001240
x3103c0s31b0n0:58589:59860 [1] NCCL INFO transport/p2p.cc:449 Cuda Alloc Size 6291456 pointer 0x14e1aa000000
x3103c0s31b0n0:58589:59719 [1] NCCL INFO Connected all trees by HAO
x3103c0s31b0n0:58589:59719 [1] NCCL INFO threadThresholds 8/8/64 | 128/8/64 | 512 | 512
x3103c0s31b0n0:58589:59719 [1] NCCL INFO 4 coll channels, 4 p2p channels, 2 p2p channels per peer
x3103c0s31b0n0:58589:59860 [1] NCCL INFO New proxy send connection 24 from local rank 1, transport 2
x3103c0s31b0n0:58590:59720 [2] NCCL INFO Connected all trees by HAO
x3103c0s31b0n0:58590:59720 [2] NCCL INFO threadThresholds 8/8/64 | 128/8/64 | 512 | 512
x3103c0s31b0n0:58590:59720 [2] NCCL INFO 4 coll channels, 4 p2p channels, 2 p2p channels per peer
x3103c0s31b0n0:58590:59862 [2] NCCL INFO Allocated 4194656 bytes of shared memory in /dev/shm/nccl-fNPEOt

x3103c0s31b0n0:58590:59862 [2] NCCL INFO New proxy send connection 20 from local rank 2, transport 2
x3103c0s31b0n0:58589:59719 [1] NCCL INFO Connection to proxy localRank 1 -> connection 0x14e1bc001280
x3103c0s31b0n0:58589:59860 [1] NCCL INFO transport/net.cc:376 Cuda Alloc Size 8388608 pointer 0x14e1a8000000
x3103c0s31b0n0:58590:59720 [2] NCCL INFO Connection to proxy localRank 2 -> connection 0x153988001180
x3103c0s31b0n0:58590:59720 [2] NCCL INFO init.cc:367 Cuda Alloc Size 5168 pointer 0x153997807000
x3103c0s31b0n0:58591:59729 [3] NCCL INFO init.cc:367 Cuda Alloc Size 5168 pointer 0x147055807000
x3103c0s31b0n0:58591:59729 [3] NCCL INFO init.cc:392 Cuda Host Alloc Size 33554432 pointer 0x14703a000000
x3103c0s31b0n0:58591:59729 [3] NCCL INFO init.cc:398 Cuda Host Alloc Size 128 pointer 0x147054e00200
x3103c0s31b0n0:58591:59729 [3] NCCL INFO comm 0x55ab5d2a6a40 rank 11 nranks 16 cudaDev 3 busId c7000 - Init COMPLETE
x3103c0s31b0n0:58589:59719 [1] NCCL INFO init.cc:367 Cuda Alloc Size 5168 pointer 0x14e1c9807000
x3103c0s31b0n0:58588:59718 [0] NCCL INFO init.cc:367 Cuda Alloc Size 5168 pointer 0x14aecb807000
x3103c0s31b0n0:58589:59719 [1] NCCL INFO init.cc:392 Cuda Host Alloc Size 33554432 pointer 0x14e1a6000000
x3103c0s31b0n0:58589:59719 [1] NCCL INFO init.cc:398 Cuda Host Alloc Size 128 pointer 0x14e1c8e00200
x3103c0s31b0n0:58589:59719 [1] NCCL INFO comm 0x557b46b4b2d0 rank 9 nranks 16 cudaDev 1 busId 46000 - Init COMPLETE
x3103c0s31b0n0:58588:59718 [0] NCCL INFO init.cc:392 Cuda Host Alloc Size 33554432 pointer 0x14aea6000000
x3103c0s31b0n0:58588:59718 [0] NCCL INFO init.cc:398 Cuda Host Alloc Size 128 pointer 0x14aecae00200
x3103c0s31b0n0:58588:59718 [0] NCCL INFO comm 0x56013c74c680 rank 8 nranks 16 cudaDev 0 busId 7000 - Init COMPLETE
x3103c0s31b0n0:58590:59720 [2] NCCL INFO init.cc:392 Cuda Host Alloc Size 33554432 pointer 0x153972000000
x3103c0s31b0n0:58590:59720 [2] NCCL INFO init.cc:398 Cuda Host Alloc Size 128 pointer 0x153996e00200
x3103c0s31b0n0:58590:59720 [2] NCCL INFO comm 0x55609656c200 rank 10 nranks 16 cudaDev 2 busId 85000 - Init COMPLETE
x3103c0s31b0n0:58590:59862 [2] NCCL INFO transport/net.cc:376 Cuda Alloc Size 8388608 pointer 0x15397b800000
x3103c0s31b0n0:58591:58591 [3] NCCL INFO AllReduce: opCount 0 sendbuff 0x147097600200 recvbuff 0x147097600200 count 1 datatype 1 op 0 root 0 comm 0x55ab5d2a6a40 [nranks=16] stream 0x55ab75a85260
x3103c0s31b0n0:58591:58591 [3] NCCL INFO misc/utils.cc:235 memory stack hunk malloc(65536)
[LYD INFO in ncclLaunchKernel (enqueue.cc)] NCHANNELS is: 4x3103c0s31b0n0:58589:58589 [1] NCCL INFO AllReduce: opCount 0 sendbuff 0x14e207600200 recvbuff 0x14e207600200 count 1 datatype 1 op 0 root 0 comm 0x557b46b4b2d0 [nranks=16] stream 0x557b5fa3e0e0
x3103c0s31b0n0:58589:58589 [1] NCCL INFO misc/utils.cc:235 memory stack hunk malloc(65536)
[LYD INFO in ncclLaunchKernel (enqueue.cc)] NCHANNELS is: 4x3103c0s31b0n0:58588:58588 [0] NCCL INFO AllReduce: opCount 0 sendbuff 0x14af0b600200 recvbuff 0x14af0b600200 count 1 datatype 1 op 0 root 0 comm 0x56013c74c680 [nranks=16] stream 0x560158c5cf80
x3103c0s31b0n0:58588:58588 [0] NCCL INFO misc/utils.cc:235 memory stack hunk malloc(65536)
[LYD INFO in ncclLaunchKernel (enqueue.cc)] NCHANNELS is: 4x3103c0s31b0n0:58590:58590 [2] NCCL INFO AllReduce: opCount 0 sendbuff 0x1539d7600200 recvbuff 0x1539d7600200 count 1 datatype 1 op 0 root 0 comm 0x55609656c200 [nranks=16] stream 0x5560b23b2c90
x3103c0s31b0n0:58590:58590 [2] NCCL INFO misc/utils.cc:235 memory stack hunk malloc(65536)
[LYD INFO in ncclLaunchKernel (enqueue.cc)] NCHANNELS is: 4
[LYD INFO in NCCL_KERN_NAME (common.h)] 11 AllReduce TREE LL Sum uint8_t Elapsed time: 537097 us

[LYD INFO in NCCL_KERN_NAME (common.h)] 10 AllReduce TREE LL Sum uint8_t Elapsed time: 437040 us

[LYD INFO in NCCL_KERN_NAME (common.h)] 9 AllReduce TREE LL Sum uint8_t Elapsed time: 539022 us

[LYD INFO in NCCL_KERN_NAME (common.h)] 8 AllReduce TREE LL Sum uint8_t Elapsed time: 510464 us
x3103c0s31b0n0:58589:58589 [1] NCCL INFO AllReduce: opCount 1 sendbuff 0x14e207600000 recvbuff 0x14e207600000 count 1 datatype 1 op 0 root 0 comm 0x557b46b4b2d0 [nranks=16] stream 0x557b5fa3e0e0
[LYD INFO in ncclLaunchKernel (enqueue.cc)] NCHANNELS is: 4x3103c0s31b0n0:58591:58591 [3] NCCL INFO AllReduce: opCount 1 sendbuff 0x147097600000 recvbuff 0x147097600000 count 1 datatype 1 op 0 root 0 comm 0x55ab5d2a6a40 [nranks=16] stream 0x55ab75a85260
[LYD INFO in ncclLaunchKernel (enqueue.cc)] NCHANNELS is: 4x3103c0s31b0n0:58590:58590 [2] NCCL INFO AllReduce: opCount 1 sendbuff 0x1539d7600000 recvbuff 0x1539d7600000 count 1 datatype 1 op 0 root 0 comm 0x55609656c200 [nranks=16] stream 0x5560b23b2c90
[LYD INFO in ncclLaunchKernel (enqueue.cc)] NCHANNELS is: 4x3103c0s31b0n0:58588:58588 [0] NCCL INFO AllReduce: opCount 1 sendbuff 0x14af0b600000 recvbuff 0x14af0b600000 count 1 datatype 1 op 0 root 0 comm 0x56013c74c680 [nranks=16] stream 0x560158c5cf80
[LYD INFO in ncclLaunchKernel (enqueue.cc)] NCHANNELS is: 4
[LYD INFO in NCCL_KERN_NAME (common.h)] 8 AllReduce TREE LL Sum uint8_t Elapsed time: 1810911 us

[LYD INFO in NCCL_KERN_NAME (common.h)] 9 AllReduce TREE LL Sum uint8_t Elapsed time: 6837180 us

[LYD INFO in NCCL_KERN_NAME (common.h)] 11 AllReduce TREE LL Sum uint8_t Elapsed time: 4337226 us

[LYD INFO in NCCL_KERN_NAME (common.h)] 10 AllReduce TREE LL Sum uint8_t Elapsed time: 2947705 us
x3103c0s31b0n0:58589:58589 [1] NCCL INFO AllReduce: opCount 2 sendbuff 0x14e207600000 recvbuff 0x14e207600000 count 1 datatype 8 op 3 root 0 comm 0x557b46b4b2d0 [nranks=16] stream 0x557b5fa3e0e0
[LYD INFO in ncclLaunchKernel (enqueue.cc)] NCHANNELS is: 4x3103c0s31b0n0:58591:58591 [3] NCCL INFO AllReduce: opCount 2 sendbuff 0x147097600000 recvbuff 0x147097600000 count 1 datatype 8 op 3 root 0 comm 0x55ab5d2a6a40 [nranks=16] stream 0x55ab75a85260
[LYD INFO in ncclLaunchKernel (enqueue.cc)] NCHANNELS is: 4x3103c0s31b0n0:58590:58590 [2] NCCL INFO AllReduce: opCount 2 sendbuff 0x1539d7600000 recvbuff 0x1539d7600000 count 1 datatype 8 op 3 root 0 comm 0x55609656c200 [nranks=16] stream 0x5560b23b2c90
[LYD INFO in ncclLaunchKernel (enqueue.cc)] NCHANNELS is: 4x3103c0s31b0n0:58588:58588 [0] NCCL INFO AllReduce: opCount 2 sendbuff 0x14af0b600000 recvbuff 0x14af0b600000 count 1 datatype 8 op 3 root 0 comm 0x56013c74c680 [nranks=16] stream 0x560158c5cf80
[LYD INFO in ncclLaunchKernel (enqueue.cc)] NCHANNELS is: 4
[LYD INFO in NCCL_FUNC_NAME (common.h)] 10 AllReduce TREE LL Min double Elapsed time: 6 us

[LYD INFO in NCCL_FUNC_NAME (common.h)] 11 AllReduce TREE LL Min double Elapsed time: 5 us

[LYD INFO in NCCL_FUNC_NAME (common.h)] 9 AllReduce TREE LL Min double Elapsed time: 63359 us

[LYD INFO in NCCL_KERN_NAME (common.h)] 9 AllReduce TREE LL Sum double Elapsed time: 67408 us
x3103c0s31b0n0:58589:58589 [1] NCCL INFO AllReduce: opCount 3 sendbuff 0x14e207600200 recvbuff 0x14e207600200 count 1 datatype 1 op 0 root 0 comm 0x557b46b4b2d0 [nranks=16] stream 0x557b5fa3e0e0
[LYD INFO in ncclLaunchKernel (enqueue.cc)] NCHANNELS is: 4
[LYD INFO in NCCL_KERN_NAME (common.h)] 10 AllReduce TREE LL Sum double Elapsed time: 54478 us
x3103c0s31b0n0:58590:58590 [2] NCCL INFO AllReduce: opCount 3 sendbuff 0x1539d7600200 recvbuff 0x1539d7600200 count 1 datatype 1 op 0 root 0 comm 0x55609656c200 [nranks=16] stream 0x5560b23b2c90
[LYD INFO in ncclLaunchKernel (enqueue.cc)] NCHANNELS is: 4
[LYD INFO in NCCL_FUNC_NAME (common.h)] 8 AllReduce TREE LL Min double Elapsed time: 44939 us

[LYD INFO in NCCL_KERN_NAME (common.h)] 8 AllReduce TREE LL Sum double Elapsed time: 48978 us
x3103c0s31b0n0:58588:58588 [0] NCCL INFO AllReduce: opCount 3 sendbuff 0x14af0b600200 recvbuff 0x14af0b600200 count 1 datatype 1 op 0 root 0 comm 0x56013c74c680 [nranks=16] stream 0x560158c5cf80
[LYD INFO in ncclLaunchKernel (enqueue.cc)] NCHANNELS is: 4
[LYD INFO in NCCL_KERN_NAME (common.h)] 11 AllReduce TREE LL Sum double Elapsed time: 66036 us
x3103c0s31b0n0:58591:58591 [3] NCCL INFO AllReduce: opCount 3 sendbuff 0x147097600200 recvbuff 0x147097600200 count 1 datatype 1 op 0 root 0 comm 0x55ab5d2a6a40 [nranks=16] stream 0x55ab75a85260
[LYD INFO in ncclLaunchKernel (enqueue.cc)] NCHANNELS is: 4
[LYD INFO in NCCL_KERN_NAME (common.h)] 11 AllReduce TREE LL Sum uint8_t Elapsed time: 8136 us

[LYD INFO in NCCL_KERN_NAME (common.h)] 9 AllReduce TREE LL Sum uint8_t Elapsed time: 58906 us

[LYD INFO in NCCL_KERN_NAME (common.h)] 10 AllReduce TREE LL Sum uint8_t Elapsed time: 55419 us

[LYD INFO in NCCL_KERN_NAME (common.h)] 8 AllReduce TREE LL Sum uint8_t Elapsed time: 37044 us
x3103c0s31b0n0:58589:58589 [1] NCCL INFO AllReduce: opCount 4 sendbuff 0x14e207600400 recvbuff 0x14e207600400 count 1 datatype 1 op 0 root 0 comm 0x557b46b4b2d0 [nranks=16] stream 0x557b5fa3e0e0
[LYD INFO in ncclLaunchKernel (enqueue.cc)] NCHANNELS is: 4x3103c0s31b0n0:58590:58590 [2] NCCL INFO AllReduce: opCount 4 sendbuff 0x1539d7600400 recvbuff 0x1539d7600400 count 1 datatype 1 op 0 root 0 comm 0x55609656c200 [nranks=16] stream 0x5560b23b2c90
[LYD INFO in ncclLaunchKernel (enqueue.cc)] NCHANNELS is: 4x3103c0s31b0n0:58591:58591 [3] NCCL INFO AllReduce: opCount 4 sendbuff 0x147097600400 recvbuff 0x147097600400 count 1 datatype 1 op 0 root 0 comm 0x55ab5d2a6a40 [nranks=16] stream 0x55ab75a85260
[LYD INFO in ncclLaunchKernel (enqueue.cc)] NCHANNELS is: 4x3103c0s31b0n0:58588:58588 [0] NCCL INFO AllReduce: opCount 4 sendbuff 0x14af0b600400 recvbuff 0x14af0b600400 count 1 datatype 1 op 0 root 0 comm 0x56013c74c680 [nranks=16] stream 0x560158c5cf80
[LYD INFO in ncclLaunchKernel (enqueue.cc)] NCHANNELS is: 4
[LYD INFO in NCCL_KERN_NAME (common.h)] 11 AllReduce TREE LL Sum uint8_t Elapsed time: 79588 us
x3103c0s31b0n0:58591:58591 [3] NCCL INFO AllReduce: opCount 5 sendbuff 0x146e81609a00 recvbuff 0x146e81609a00 count 1 datatype 1 op 0 root 0 comm 0x55ab5d2a6a40 [nranks=16] stream 0x55ab75a85260
[LYD INFO in ncclLaunchKernel (enqueue.cc)] NCHANNELS is: 4
[LYD INFO in NCCL_KERN_NAME (common.h)] 8 AllReduce TREE LL Sum uint8_t Elapsed time: 60251 us

[LYD INFO in NCCL_KERN_NAME (common.h)] 10 AllReduce TREE LL Sum uint8_t Elapsed time: 94082 us

[LYD INFO in NCCL_KERN_NAME (common.h)] 9 AllReduce TREE LL Sum uint8_t Elapsed time: 105257 us
x3103c0s31b0n0:58590:58590 [2] NCCL INFO AllReduce: opCount 5 sendbuff 0x1537b7609a00 recvbuff 0x1537b7609a00 count 1 datatype 1 op 0 root 0 comm 0x55609656c200 [nranks=16] stream 0x5560b23b2c90
[LYD INFO in ncclLaunchKernel (enqueue.cc)] NCHANNELS is: 4x3103c0s31b0n0:58588:58588 [0] NCCL INFO AllReduce: opCount 5 sendbuff 0x14aceb609a00 recvbuff 0x14aceb609a00 count 1 datatype 1 op 0 root 0 comm 0x56013c74c680 [nranks=16] stream 0x560158c5cf80
[LYD INFO in ncclLaunchKernel (enqueue.cc)] NCHANNELS is: 4x3103c0s31b0n0:58589:58589 [1] NCCL INFO AllReduce: opCount 5 sendbuff 0x14dfed609a00 recvbuff 0x14dfed609a00 count 1 datatype 1 op 0 root 0 comm 0x557b46b4b2d0 [nranks=16] stream 0x557b5fa3e0e0
[LYD INFO in ncclLaunchKernel (enqueue.cc)] NCHANNELS is: 4
[LYD INFO in NCCL_KERN_NAME (common.h)] 9 AllReduce TREE LL Sum uint8_t Elapsed time: 2832 us
x3103c0s31b0n0:58589:58589 [1] NCCL INFO AllReduce: opCount 6 sendbuff 0x14e207600400 recvbuff 0x14e207600400 count 1 datatype 1 op 0 root 0 comm 0x557b46b4b2d0 [nranks=16] stream 0x557b5fa3e0e0
[LYD INFO in ncclLaunchKernel (enqueue.cc)] NCHANNELS is: 4
[LYD INFO in NCCL_KERN_NAME (common.h)] 11 AllReduce TREE LL Sum uint8_t Elapsed time: 58684 us
x3103c0s31b0n0:58591:58591 [3] NCCL INFO AllReduce: opCount 6 sendbuff 0x147097600400 recvbuff 0x147097600400 count 1 datatype 1 op 0 root 0 comm 0x55ab5d2a6a40 [nranks=16] stream 0x55ab75a85260
[LYD INFO in ncclLaunchKernel (enqueue.cc)] NCHANNELS is: 4
[LYD INFO in NCCL_KERN_NAME (common.h)] 8 AllReduce TREE LL Sum uint8_t Elapsed time: 15502 us
x3103c0s31b0n0:58588:58588 [0] NCCL INFO AllReduce: opCount 6 sendbuff 0x14af0b600400 recvbuff 0x14af0b600400 count 1 datatype 1 op 0 root 0 comm 0x56013c74c680 [nranks=16] stream 0x560158c5cf80
[LYD INFO in ncclLaunchKernel (enqueue.cc)] NCHANNELS is: 4
[LYD INFO in NCCL_KERN_NAME (common.h)] 10 AllReduce TREE LL Sum uint8_t Elapsed time: 48805 us
x3103c0s31b0n0:58590:58590 [2] NCCL INFO AllReduce: opCount 6 sendbuff 0x1539d7600400 recvbuff 0x1539d7600400 count 1 datatype 1 op 0 root 0 comm 0x55609656c200 [nranks=16] stream 0x5560b23b2c90
[LYD INFO in ncclLaunchKernel (enqueue.cc)] NCHANNELS is: 4
[LYD INFO in NCCL_KERN_NAME (common.h)] 10 AllReduce TREE LL Sum uint8_t Elapsed time: 4643 us

[LYD INFO in NCCL_KERN_NAME (common.h)] 9 AllReduce TREE LL Sum uint8_t Elapsed time: 70835 us

[LYD INFO in NCCL_KERN_NAME (common.h)] 11 AllReduce TREE LL Sum uint8_t Elapsed time: 59252 us

[LYD INFO in NCCL_KERN_NAME (common.h)] 8 AllReduce TREE LL Sum uint8_t Elapsed time: 36910 us
x3103c0s31b0n0:58590:58590 [2] NCCL INFO init.cc:1147 Cuda Host Alloc Size 4 pointer 0x153996e00400
x3103c0s31b0n0:58591:58591 [3] NCCL INFO init.cc:1147 Cuda Host Alloc Size 4 pointer 0x147054e00400
x3103c0s31b0n0:58589:58589 [1] NCCL INFO init.cc:1147 Cuda Host Alloc Size 4 pointer 0x14e1c8e00400
x3103c0s31b0n0:58588:58588 [0] NCCL INFO init.cc:1147 Cuda Host Alloc Size 4 pointer 0x14aecae00400
x3103c0s31b0n0:58588:61653 [0] NCCL INFO Using network IB
x3103c0s31b0n0:58590:61650 [2] NCCL INFO Using network IB
x3103c0s31b0n0:58591:61651 [3] NCCL INFO Using network IB
x3103c0s31b0n0:58589:61652 [1] NCCL INFO Using network IB
x3103c0s31b0n0:58588:61653 [0] NCCL INFO NET/IB : GPU Direct RDMA Enabled for HCA 0 'mlx5_0'
x3103c0s31b0n0:58588:61653 [0] NCCL INFO NET/IB : GPU Direct RDMA Enabled for HCA 1 'mlx5_1'
x3103c0s31b0n0:58588:61653 [0] NCCL INFO GPU Direct RDMA Disabled for GPU 7000 / HCA 1 (distance 7 > 4)
x3103c0s31b0n0:58588:61653 [0] NCCL INFO GPU Direct RDMA Disabled for GPU 46000 / HCA 1 (distance 6 > 4)
x3103c0s31b0n0:58588:61653 [0] NCCL INFO GPU Direct RDMA Disabled for GPU 85000 / HCA 1 (distance 7 > 4)
x3103c0s31b0n0:58588:61653 [0] NCCL INFO GPU Direct RDMA Disabled for GPU c7000 / HCA 1 (distance 7 > 4)
x3103c0s31b0n0:58588:61653 [0] NCCL INFO GPU Direct RDMA Disabled for GPU 7000 / HCA 0 (distance 7 > 4)
x3103c0s31b0n0:58588:61653 [0] NCCL INFO GPU Direct RDMA Disabled for GPU 46000 / HCA 0 (distance 7 > 4)
x3103c0s31b0n0:58588:61653 [0] NCCL INFO GPU Direct RDMA Disabled for GPU 85000 / HCA 0 (distance 7 > 4)
x3103c0s31b0n0:58588:61653 [0] NCCL INFO GPU Direct RDMA Disabled for GPU c7000 / HCA 0 (distance 6 > 4)
x3103c0s31b0n0:58588:61653 [0] NCCL INFO GPU Direct RDMA Disabled for GPU 7000 / HCA 1 (distance 7 > 4)
x3103c0s31b0n0:58588:61653 [0] NCCL INFO GPU Direct RDMA Disabled for GPU 46000 / HCA 1 (distance 6 > 4)
x3103c0s31b0n0:58588:61653 [0] NCCL INFO GPU Direct RDMA Disabled for GPU 85000 / HCA 1 (distance 7 > 4)
x3103c0s31b0n0:58588:61653 [0] NCCL INFO GPU Direct RDMA Disabled for GPU c7000 / HCA 1 (distance 7 > 4)
x3103c0s31b0n0:58588:61653 [0] NCCL INFO GPU Direct RDMA Disabled for GPU 7000 / HCA 0 (distance 7 > 4)
x3103c0s31b0n0:58588:61653 [0] NCCL INFO GPU Direct RDMA Disabled for GPU 46000 / HCA 0 (distance 7 > 4)
x3103c0s31b0n0:58588:61653 [0] NCCL INFO GPU Direct RDMA Disabled for GPU 85000 / HCA 0 (distance 7 > 4)
x3103c0s31b0n0:58588:61653 [0] NCCL INFO GPU Direct RDMA Disabled for GPU c7000 / HCA 0 (distance 6 > 4)
x3103c0s31b0n0:58588:61653 [0] NCCL INFO === System : maxBw 12.0 totalBw 264.0 ===
x3103c0s31b0n0:58588:61653 [0] NCCL INFO CPU/3 (1/2/-1)
x3103c0s31b0n0:58588:61653 [0] NCCL INFO + SYS[5000.0] - CPU/2
x3103c0s31b0n0:58588:61653 [0] NCCL INFO + SYS[5000.0] - CPU/1
x3103c0s31b0n0:58588:61653 [0] NCCL INFO + SYS[5000.0] - CPU/0
x3103c0s31b0n0:58588:61653 [0] NCCL INFO + PCI[24.0] - PCI/5000 (11f8406811f8beef)
x3103c0s31b0n0:58588:61653 [0] NCCL INFO               + PCI[24.0] - GPU/7000 (8)
x3103c0s31b0n0:58588:61653 [0] NCCL INFO                             + NVL[88.0] - GPU/85000
x3103c0s31b0n0:58588:61653 [0] NCCL INFO                             + NVL[88.0] - GPU/C7000
x3103c0s31b0n0:58588:61653 [0] NCCL INFO                             + NVL[88.0] - GPU/46000
x3103c0s31b0n0:58588:61653 [0] NCCL INFO CPU/2 (1/2/-1)
x3103c0s31b0n0:58588:61653 [0] NCCL INFO + SYS[5000.0] - CPU/3
x3103c0s31b0n0:58588:61653 [0] NCCL INFO + SYS[5000.0] - CPU/1
