x3103c0s31b0n0:58589:61771 [1] NCCL INFO transport/p2p.cc:430 Cuda Alloc Size 6291456 pointer 0x14dffb600000
x3103c0s31b0n0:58591:61651 [3] NCCL INFO Connection to proxy localRank 3 -> connection 0x146e74000ec0
x3103c0s31b0n0:58591:61773 [3] NCCL INFO transport/p2p.cc:430 Cuda Alloc Size 6291456 pointer 0x146e9f600000
x3103c0s31b0n0:58590:61650 [2] NCCL INFO Connection to proxy localRank 2 -> connection 0x1537a8000f00
x3103c0s31b0n0:58590:61772 [2] NCCL INFO transport/p2p.cc:449 Cuda Alloc Size 6291456 pointer 0x1537db600000
x3103c0s31b0n0:58588:61762 [0] NCCL INFO New proxy recv connection 6 from local rank 0, transport 0
x3103c0s31b0n0:58589:61652 [1] NCCL INFO Channel 03/0 : 9[46000] -> 8[7000] via P2P/IPC/read
x3103c0s31b0n0:58589:61771 [1] NCCL INFO New proxy send connection 7 from local rank 1, transport 0
x3103c0s31b0n0:58591:61651 [3] NCCL INFO Channel 02/0 : 11[c7000] -> 10[85000] via P2P/IPC/read
x3103c0s31b0n0:58591:61773 [3] NCCL INFO New proxy send connection 10 from local rank 3, transport 0
x3103c0s31b0n0:58590:61772 [2] NCCL INFO New proxy recv connection 11 from local rank 2, transport 0
x3103c0s31b0n0:58588:61653 [0] NCCL INFO Connection to proxy localRank 0 -> connection 0x14acdc000e00
x3103c0s31b0n0:58588:61762 [0] NCCL INFO transport/p2p.cc:449 Cuda Alloc Size 6291456 pointer 0x14ad01200000
x3103c0s31b0n0:58589:61652 [1] NCCL INFO Connection to proxy localRank 1 -> connection 0x14dfe8000e40
x3103c0s31b0n0:58589:61771 [1] NCCL INFO transport/p2p.cc:430 Cuda Alloc Size 6291456 pointer 0x14dfff600000
x3103c0s31b0n0:58591:61651 [3] NCCL INFO Connection to proxy localRank 3 -> connection 0x146e74000f00
x3103c0s31b0n0:58591:61773 [3] NCCL INFO transport/p2p.cc:430 Cuda Alloc Size 6291456 pointer 0x146ea1600000
x3103c0s31b0n0:58590:61650 [2] NCCL INFO Connection to proxy localRank 2 -> connection 0x1537a8000f40
x3103c0s31b0n0:58590:61772 [2] NCCL INFO transport/p2p.cc:449 Cuda Alloc Size 6291456 pointer 0x1537dd600000
x3103c0s31b0n0:58588:61762 [0] NCCL INFO New proxy recv connection 7 from local rank 0, transport 0
x3103c0s31b0n0:58588:61653 [0] NCCL INFO Connection to proxy localRank 0 -> connection 0x14acdc000e40
x3103c0s31b0n0:58588:61762 [0] NCCL INFO transport/p2p.cc:449 Cuda Alloc Size 6291456 pointer 0x14ad01800000
x3103c0s31b0n0:58591:61651 [3] NCCL INFO Channel 03/0 : 11[c7000] -> 10[85000] via P2P/IPC/read
x3103c0s31b0n0:58591:61773 [3] NCCL INFO New proxy send connection 11 from local rank 3, transport 0
x3103c0s31b0n0:58588:61653 [0] NCCL INFO Connected all rings
x3103c0s31b0n0:58588:61653 [0] NCCL INFO Channel 00/0 : 8[7000] -> 9[46000] via P2P/IPC/read
x3103c0s31b0n0:58588:61762 [0] NCCL INFO New proxy send connection 8 from local rank 0, transport 0
x3103c0s31b0n0:58589:61652 [1] NCCL INFO Connected all rings
x3103c0s31b0n0:58589:61771 [1] NCCL INFO New proxy recv connection 8 from local rank 1, transport 0
x3103c0s31b0n0:58591:61651 [3] NCCL INFO Connection to proxy localRank 3 -> connection 0x146e74000f40
x3103c0s31b0n0:58591:61773 [3] NCCL INFO transport/p2p.cc:430 Cuda Alloc Size 6291456 pointer 0x146ea3200000
x3103c0s31b0n0:58588:61653 [0] NCCL INFO Connection to proxy localRank 0 -> connection 0x14acdc000e80
x3103c0s31b0n0:58588:61762 [0] NCCL INFO transport/p2p.cc:430 Cuda Alloc Size 6291456 pointer 0x14ad0d200000
x3103c0s31b0n0:58589:61652 [1] NCCL INFO Connection to proxy localRank 1 -> connection 0x14dfe8000e80
x3103c0s31b0n0:58589:61771 [1] NCCL INFO transport/p2p.cc:449 Cuda Alloc Size 6291456 pointer 0x14e007600000
x3103c0s31b0n0:58588:61653 [0] NCCL INFO Channel 01/0 : 8[7000] -> 9[46000] via P2P/IPC/read
x3103c0s31b0n0:58588:61762 [0] NCCL INFO New proxy send connection 9 from local rank 0, transport 0
x3103c0s31b0n0:58589:61771 [1] NCCL INFO New proxy recv connection 9 from local rank 1, transport 0
x3103c0s31b0n0:58588:61653 [0] NCCL INFO Connection to proxy localRank 0 -> connection 0x14acdc000ec0
x3103c0s31b0n0:58588:61762 [0] NCCL INFO transport/p2p.cc:430 Cuda Alloc Size 6291456 pointer 0x14ad0d800000
x3103c0s31b0n0:58589:61652 [1] NCCL INFO Connection to proxy localRank 1 -> connection 0x14dfe8000ec0
x3103c0s31b0n0:58589:61771 [1] NCCL INFO transport/p2p.cc:449 Cuda Alloc Size 6291456 pointer 0x14e00b600000
x3103c0s31b0n0:58588:61653 [0] NCCL INFO Channel 02/0 : 8[7000] -> 9[46000] via P2P/IPC/read
x3103c0s31b0n0:58588:61762 [0] NCCL INFO New proxy send connection 10 from local rank 0, transport 0
x3103c0s31b0n0:58588:61653 [0] NCCL INFO Connection to proxy localRank 0 -> connection 0x14acdc000f00
x3103c0s31b0n0:58588:61762 [0] NCCL INFO transport/p2p.cc:430 Cuda Alloc Size 6291456 pointer 0x14ad0f600000
x3103c0s31b0n0:58589:61771 [1] NCCL INFO New proxy recv connection 10 from local rank 1, transport 0
x3103c0s31b0n0:58589:61652 [1] NCCL INFO Connection to proxy localRank 1 -> connection 0x14dfe8000f00
x3103c0s31b0n0:58589:61771 [1] NCCL INFO transport/p2p.cc:449 Cuda Alloc Size 6291456 pointer 0x14e00d600000
x3103c0s31b0n0:58589:61771 [1] NCCL INFO New proxy recv connection 11 from local rank 1, transport 0
x3103c0s31b0n0:58588:61653 [0] NCCL INFO Channel 03/0 : 8[7000] -> 9[46000] via P2P/IPC/read
x3103c0s31b0n0:58588:61762 [0] NCCL INFO New proxy send connection 11 from local rank 0, transport 0
x3103c0s31b0n0:58589:61652 [1] NCCL INFO Connection to proxy localRank 1 -> connection 0x14dfe8000f40
x3103c0s31b0n0:58589:61771 [1] NCCL INFO transport/p2p.cc:449 Cuda Alloc Size 6291456 pointer 0x14e00f200000
x3103c0s31b0n0:58588:61653 [0] NCCL INFO Connection to proxy localRank 0 -> connection 0x14acdc000f40
x3103c0s31b0n0:58588:61762 [0] NCCL INFO transport/p2p.cc:430 Cuda Alloc Size 6291456 pointer 0x14ad11600000
x3103c0s31b0n0:58589:61652 [1] NCCL INFO Channel 00/0 : 9[46000] -> 10[85000] via P2P/IPC/read
x3103c0s31b0n0:58589:61771 [1] NCCL INFO New proxy send connection 12 from local rank 1, transport 0
x3103c0s31b0n0:58589:61652 [1] NCCL INFO Connection to proxy localRank 1 -> connection 0x14dfe8000f80
x3103c0s31b0n0:58589:61771 [1] NCCL INFO transport/p2p.cc:430 Cuda Alloc Size 6291456 pointer 0x14e00f800000
x3103c0s31b0n0:58589:61652 [1] NCCL INFO Channel 01/0 : 9[46000] -> 10[85000] via P2P/IPC/read
x3103c0s31b0n0:58589:61771 [1] NCCL INFO New proxy send connection 13 from local rank 1, transport 0
x3103c0s31b0n0:58589:61652 [1] NCCL INFO Connection to proxy localRank 1 -> connection 0x14dfe8000fc0
x3103c0s31b0n0:58589:61771 [1] NCCL INFO transport/p2p.cc:430 Cuda Alloc Size 6291456 pointer 0x14e011600000
x3103c0s31b0n0:58589:61652 [1] NCCL INFO Channel 02/0 : 9[46000] -> 10[85000] via P2P/IPC/read
x3103c0s31b0n0:58589:61771 [1] NCCL INFO New proxy send connection 14 from local rank 1, transport 0
x3103c0s31b0n0:58589:61652 [1] NCCL INFO Connection to proxy localRank 1 -> connection 0x14dfe8001000
x3103c0s31b0n0:58589:61771 [1] NCCL INFO transport/p2p.cc:430 Cuda Alloc Size 6291456 pointer 0x14e013600000
x3103c0s31b0n0:58589:61652 [1] NCCL INFO Channel 03/0 : 9[46000] -> 10[85000] via P2P/IPC/read
x3103c0s31b0n0:58589:61771 [1] NCCL INFO New proxy send connection 15 from local rank 1, transport 0
x3103c0s31b0n0:58589:61652 [1] NCCL INFO Connection to proxy localRank 1 -> connection 0x14dfe8001040
x3103c0s31b0n0:58589:61771 [1] NCCL INFO transport/p2p.cc:430 Cuda Alloc Size 6291456 pointer 0x14e017600000
x3103c0s31b0n0:58589:61652 [1] NCCL INFO GPU Direct RDMA Disabled for GPU 46000 / HCA 1 (distance 6 > 4)
x3103c0s31b0n0:58590:61772 [2] NCCL INFO New proxy recv connection 12 from local rank 2, transport 0
x3103c0s31b0n0:58589:61771 [1] NCCL INFO New proxy recv connection 16 from local rank 1, transport 2
x3103c0s31b0n0:58588:61653 [0] NCCL INFO GPU Direct RDMA Disabled for GPU 7000 / HCA 1 (distance 7 > 4)
x3103c0s31b0n0:58588:61762 [0] NCCL INFO Allocated 4194656 bytes of shared memory in /dev/shm/nccl-XRhJFk

x3103c0s31b0n0:58588:61762 [0] NCCL INFO New proxy recv connection 12 from local rank 0, transport 2
x3103c0s31b0n0:58590:61650 [2] NCCL INFO Connection to proxy localRank 2 -> connection 0x1537a8000f80
x3103c0s31b0n0:58590:61772 [2] NCCL INFO transport/p2p.cc:449 Cuda Alloc Size 6291456 pointer 0x1537e7600000
x3103c0s31b0n0:58588:61653 [0] NCCL INFO Connection to proxy localRank 0 -> connection 0x14acdc000f80
x3103c0s31b0n0:58589:61652 [1] NCCL INFO Connection to proxy localRank 1 -> connection 0x14dfe8001080
x3103c0s31b0n0:58588:61653 [0] NCCL INFO Channel 02/0 : 5[46000] -> 8[7000] [receive] via NET/IB/1
x3103c0s31b0n0:58588:61653 [0] NCCL INFO GPU Direct RDMA Disabled for GPU 7000 / HCA 0 (distance 7 > 4)
x3103c0s31b0n0:58588:61762 [0] NCCL INFO New proxy recv connection 13 from local rank 0, transport 2
x3103c0s31b0n0:58590:61772 [2] NCCL INFO New proxy recv connection 13 from local rank 2, transport 0
x3103c0s31b0n0:58589:61652 [1] NCCL INFO Channel 00/0 : 4[7000] -> 9[46000] [receive] via NET/IB/1
x3103c0s31b0n0:58589:61652 [1] NCCL INFO GPU Direct RDMA Disabled for GPU 46000 / HCA 0 (distance 7 > 4)
x3103c0s31b0n0:58589:61771 [1] NCCL INFO New proxy recv connection 17 from local rank 1, transport 2
x3103c0s31b0n0:58588:61653 [0] NCCL INFO Connection to proxy localRank 0 -> connection 0x14acdc000fc0
x3103c0s31b0n0:58590:61650 [2] NCCL INFO Connection to proxy localRank 2 -> connection 0x1537a8000fc0
x3103c0s31b0n0:58590:61772 [2] NCCL INFO transport/p2p.cc:449 Cuda Alloc Size 6291456 pointer 0x1537e9600000
x3103c0s31b0n0:58588:61653 [0] NCCL INFO Channel 03/0 : 5[46000] -> 8[7000] [receive] via NET/IB/0
x3103c0s31b0n0:58588:61762 [0] NCCL INFO transport/net_ib.cc:683 Ib Alloc Size 21688 pointer 0x14acdc01b000
x3103c0s31b0n0:58588:61762 [0] NCCL INFO transport/net_ib.cc:696 Ib Alloc Size 552 pointer 0x14acdc022000
x3103c0s31b0n0:58589:61652 [1] NCCL INFO Connection to proxy localRank 1 -> connection 0x14dfe80010c0
x3103c0s31b0n0:58588:61762 [0] NCCL INFO transport/net_ib.cc:771 Ib Alloc Size 552 pointer 0x14acdc03f000
x3103c0s31b0n0:58588:61762 [0] NCCL INFO transport/net.cc:698 Cuda Host Alloc Size 9641984 pointer 0x14ad1b600000
x3103c0s31b0n0:58590:61772 [2] NCCL INFO New proxy recv connection 14 from local rank 2, transport 0
x3103c0s31b0n0:58590:61650 [2] NCCL INFO Connection to proxy localRank 2 -> connection 0x1537a8001000
x3103c0s31b0n0:58590:61772 [2] NCCL INFO transport/p2p.cc:449 Cuda Alloc Size 6291456 pointer 0x1537ed600000
x3103c0s31b0n0:58588:61762 [0] NCCL INFO transport/net_ib.cc:683 Ib Alloc Size 21688 pointer 0x14acdc041000
x3103c0s31b0n0:58588:61762 [0] NCCL INFO transport/net_ib.cc:696 Ib Alloc Size 552 pointer 0x14acdc048000
x3103c0s31b0n0:58588:61762 [0] NCCL INFO transport/net_ib.cc:771 Ib Alloc Size 552 pointer 0x14acdc063000
x3103c0s31b0n0:58588:61762 [0] NCCL INFO transport/net.cc:698 Cuda Host Alloc Size 9641984 pointer 0x14ad1d600000
x3103c0s31b0n0:58588:61653 [0] NCCL INFO GPU Direct RDMA Disabled for GPU 7000 / HCA 1 (distance 7 > 4)
x3103c0s31b0n0:58589:61652 [1] NCCL INFO Channel 01/0 : 4[7000] -> 9[46000] [receive] via NET/IB/0
x3103c0s31b0n0:58590:61772 [2] NCCL INFO New proxy recv connection 15 from local rank 2, transport 0
x3103c0s31b0n0:58590:61650 [2] NCCL INFO Connection to proxy localRank 2 -> connection 0x1537a8001040
x3103c0s31b0n0:58590:61772 [2] NCCL INFO transport/p2p.cc:449 Cuda Alloc Size 6291456 pointer 0x1537ef600000
x3103c0s31b0n0:58588:61762 [0] NCCL INFO New proxy send connection 14 from local rank 0, transport 2
x3103c0s31b0n0:58588:61653 [0] NCCL INFO Connection to proxy localRank 0 -> connection 0x14acdc001000
x3103c0s31b0n0:58590:61650 [2] NCCL INFO Channel 00/0 : 10[85000] -> 9[46000] via P2P/IPC/read
x3103c0s31b0n0:58590:61772 [2] NCCL INFO New proxy send connection 16 from local rank 2, transport 0
x3103c0s31b0n0:58588:61653 [0] NCCL INFO Channel 00/0 : 8[7000] -> 12[7000] [send] via NET/IB/1
x3103c0s31b0n0:58588:61653 [0] NCCL INFO GPU Direct RDMA Disabled for GPU 7000 / HCA 0 (distance 7 > 4)
x3103c0s31b0n0:58588:61762 [0] NCCL INFO New proxy send connection 15 from local rank 0, transport 2
x3103c0s31b0n0:58590:61650 [2] NCCL INFO Connection to proxy localRank 2 -> connection 0x1537a8001080
x3103c0s31b0n0:58590:61772 [2] NCCL INFO transport/p2p.cc:430 Cuda Alloc Size 6291456 pointer 0x1537f1200000
x3103c0s31b0n0:58590:61650 [2] NCCL INFO Channel 01/0 : 10[85000] -> 9[46000] via P2P/IPC/read
x3103c0s31b0n0:58590:61772 [2] NCCL INFO New proxy send connection 17 from local rank 2, transport 0
x3103c0s31b0n0:58588:61653 [0] NCCL INFO Connection to proxy localRank 0 -> connection 0x14acdc001040
x3103c0s31b0n0:58588:61653 [0] NCCL INFO Channel 01/0 : 8[7000] -> 12[7000] [send] via NET/IB/0
x3103c0s31b0n0:58588:61762 [0] NCCL INFO transport/net_ib.cc:596 Ib Alloc Size 26560 pointer 0x14acdc06f000
x3103c0s31b0n0:58588:61762 [0] NCCL INFO NET/IB: Dev 1 Port 1 qpn 11455 mtu 5 GID 0 (80FE/5B2100FEFF000000)
x3103c0s31b0n0:58588:61762 [0] NCCL INFO transport/net_ib.cc:653 Ib Alloc Size 552 pointer 0x14acdc086000
x3103c0s31b0n0:58588:61762 [0] NCCL INFO transport/net.cc:571 Cuda Host Alloc Size 9641984 pointer 0x14ad21600000
x3103c0s31b0n0:58588:61762 [0] NCCL INFO transport/net_ib.cc:596 Ib Alloc Size 26560 pointer 0x14acdc088000
x3103c0s31b0n0:58589:61771 [1] NCCL INFO transport/net_ib.cc:683 Ib Alloc Size 21688 pointer 0x14dfe80be000
x3103c0s31b0n0:58589:61771 [1] NCCL INFO transport/net_ib.cc:696 Ib Alloc Size 552 pointer 0x14dfe8019000
x3103c0s31b0n0:58590:61650 [2] NCCL INFO Connection to proxy localRank 2 -> connection 0x1537a80010c0
x3103c0s31b0n0:58590:61772 [2] NCCL INFO transport/p2p.cc:430 Cuda Alloc Size 6291456 pointer 0x1537f1800000
x3103c0s31b0n0:58588:61762 [0] NCCL INFO NET/IB: Dev 0 Port 1 qpn 11601 mtu 5 GID 0 (80FE/1E2100FEFF000000)
x3103c0s31b0n0:58588:61762 [0] NCCL INFO transport/net_ib.cc:653 Ib Alloc Size 552 pointer 0x14acdc09f000
x3103c0s31b0n0:58588:61762 [0] NCCL INFO transport/net.cc:571 Cuda Host Alloc Size 9641984 pointer 0x14ad23600000
x3103c0s31b0n0:58588:61653 [0] NCCL INFO GPU Direct RDMA Disabled for GPU 7000 / HCA 1 (distance 7 > 4)
x3103c0s31b0n0:58588:61762 [0] NCCL INFO New proxy recv connection 16 from local rank 0, transport 2
x3103c0s31b0n0:58590:61650 [2] NCCL INFO Channel 02/0 : 10[85000] -> 9[46000] via P2P/IPC/read
x3103c0s31b0n0:58590:61772 [2] NCCL INFO New proxy send connection 18 from local rank 2, transport 0
x3103c0s31b0n0:58589:61771 [1] NCCL INFO transport/net_ib.cc:771 Ib Alloc Size 552 pointer 0x14dfe80de000
x3103c0s31b0n0:58589:61771 [1] NCCL INFO transport/net.cc:698 Cuda Host Alloc Size 9641984 pointer 0x14e029600000
x3103c0s31b0n0:58588:61653 [0] NCCL INFO Connection to proxy localRank 0 -> connection 0x14acdc001080
x3103c0s31b0n0:58590:61650 [2] NCCL INFO Connection to proxy localRank 2 -> connection 0x1537a8001100
x3103c0s31b0n0:58590:61772 [2] NCCL INFO transport/p2p.cc:430 Cuda Alloc Size 6291456 pointer 0x1537f3600000
x3103c0s31b0n0:58589:61771 [1] NCCL INFO transport/net_ib.cc:683 Ib Alloc Size 21688 pointer 0x14dfe80e0000
x3103c0s31b0n0:58589:61771 [1] NCCL INFO transport/net_ib.cc:696 Ib Alloc Size 552 pointer 0x14dfe80e7000
x3103c0s31b0n0:58589:61771 [1] NCCL INFO transport/net_ib.cc:771 Ib Alloc Size 552 pointer 0x14dfe8102000
x3103c0s31b0n0:58589:61771 [1] NCCL INFO transport/net.cc:698 Cuda Host Alloc Size 9641984 pointer 0x14e02b600000
x3103c0s31b0n0:58588:61653 [0] NCCL INFO Channel 00/0 : 0[7000] -> 8[7000] [receive] via NET/IB/1
x3103c0s31b0n0:58588:61653 [0] NCCL INFO GPU Direct RDMA Disabled for GPU 7000 / HCA 0 (distance 7 > 4)
x3103c0s31b0n0:58588:61762 [0] NCCL INFO New proxy recv connection 17 from local rank 0, transport 2
x3103c0s31b0n0:58590:61650 [2] NCCL INFO Channel 03/0 : 10[85000] -> 9[46000] via P2P/IPC/read
x3103c0s31b0n0:58590:61772 [2] NCCL INFO New proxy send connection 19 from local rank 2, transport 0
x3103c0s31b0n0:58589:61652 [1] NCCL INFO GPU Direct RDMA Disabled for GPU 46000 / HCA 1 (distance 6 > 4)
x3103c0s31b0n0:58589:61771 [1] NCCL INFO New proxy send connection 18 from local rank 1, transport 2
x3103c0s31b0n0:58588:61653 [0] NCCL INFO Connection to proxy localRank 0 -> connection 0x14acdc0010c0
x3103c0s31b0n0:58588:61653 [0] NCCL INFO Channel 01/0 : 0[7000] -> 8[7000] [receive] via NET/IB/0
x3103c0s31b0n0:58588:61653 [0] NCCL INFO GPU Direct RDMA Disabled for GPU 7000 / HCA 1 (distance 7 > 4)
x3103c0s31b0n0:58589:61652 [1] NCCL INFO Connection to proxy localRank 1 -> connection 0x14dfe8001100
x3103c0s31b0n0:58589:61652 [1] NCCL INFO Channel 00/0 : 9[46000] -> 4[7000] [send] via NET/IB/1
x3103c0s31b0n0:58589:61652 [1] NCCL INFO GPU Direct RDMA Disabled for GPU 46000 / HCA 0 (distance 7 > 4)
x3103c0s31b0n0:58589:61771 [1] NCCL INFO New proxy send connection 19 from local rank 1, transport 2
x3103c0s31b0n0:58590:61650 [2] NCCL INFO Connection to proxy localRank 2 -> connection 0x1537a8001140
x3103c0s31b0n0:58590:61772 [2] NCCL INFO transport/p2p.cc:430 Cuda Alloc Size 6291456 pointer 0x1537f5600000
x3103c0s31b0n0:58588:61762 [0] NCCL INFO New proxy send connection 18 from local rank 0, transport 2
x3103c0s31b0n0:58588:61653 [0] NCCL INFO Connection to proxy localRank 0 -> connection 0x14acdc001100
x3103c0s31b0n0:58588:61653 [0] NCCL INFO Channel 00/0 : 8[7000] -> 0[7000] [send] via NET/IB/1
x3103c0s31b0n0:58588:61653 [0] NCCL INFO GPU Direct RDMA Disabled for GPU 7000 / HCA 0 (distance 7 > 4)
x3103c0s31b0n0:58588:61762 [0] NCCL INFO New proxy send connection 19 from local rank 0, transport 2
x3103c0s31b0n0:58589:61652 [1] NCCL INFO Connection to proxy localRank 1 -> connection 0x14dfe8001140
x3103c0s31b0n0:58589:61652 [1] NCCL INFO Channel 01/0 : 9[46000] -> 4[7000] [send] via NET/IB/0
x3103c0s31b0n0:58591:61651 [3] NCCL INFO Connected all trees by HAO
x3103c0s31b0n0:58591:61651 [3] NCCL INFO threadThresholds 8/8/64 | 128/8/64 | 512 | 512
x3103c0s31b0n0:58591:61651 [3] NCCL INFO 4 coll channels, 4 p2p channels, 2 p2p channels per peer
x3103c0s31b0n0:58591:61773 [3] NCCL INFO New proxy send connection 12 from local rank 3, transport 2
x3103c0s31b0n0:58591:61651 [3] NCCL INFO Connection to proxy localRank 3 -> connection 0x146e74000f80
x3103c0s31b0n0:58591:61773 [3] NCCL INFO transport/net.cc:376 Cuda Alloc Size 8388608 pointer 0x146ead600000
x3103c0s31b0n0:58588:61653 [0] NCCL INFO Connection to proxy localRank 0 -> connection 0x14acdc001140
x3103c0s31b0n0:58588:61653 [0] NCCL INFO Channel 01/0 : 8[7000] -> 0[7000] [send] via NET/IB/0
x3103c0s31b0n0:58588:61762 [0] NCCL INFO transport/net_ib.cc:596 Ib Alloc Size 26560 pointer 0x14acdc0b5000
x3103c0s31b0n0:58588:61762 [0] NCCL INFO NET/IB: Dev 1 Port 1 qpn 11458 mtu 5 GID 0 (80FE/5B2100FEFF000000)
x3103c0s31b0n0:58588:61762 [0] NCCL INFO transport/net_ib.cc:653 Ib Alloc Size 552 pointer 0x14acdc0cc000
x3103c0s31b0n0:58588:61762 [0] NCCL INFO transport/net.cc:571 Cuda Host Alloc Size 9641984 pointer 0x14ad25200000
x3103c0s31b0n0:58588:61762 [0] NCCL INFO transport/net_ib.cc:596 Ib Alloc Size 26560 pointer 0x14acdc0ce000
x3103c0s31b0n0:58588:61762 [0] NCCL INFO NET/IB: Dev 0 Port 1 qpn 11604 mtu 5 GID 0 (80FE/1E2100FEFF000000)
x3103c0s31b0n0:58588:61762 [0] NCCL INFO transport/net_ib.cc:653 Ib Alloc Size 552 pointer 0x14acdc0e5000
x3103c0s31b0n0:58588:61762 [0] NCCL INFO transport/net.cc:571 Cuda Host Alloc Size 9641984 pointer 0x14ad27600000
x3103c0s31b0n0:58588:61762 [0] NCCL INFO transport/net_ib.cc:683 Ib Alloc Size 21688 pointer 0x14acdc0e7000
x3103c0s31b0n0:58588:61762 [0] NCCL INFO transport/net_ib.cc:696 Ib Alloc Size 552 pointer 0x14acdc0ee000
x3103c0s31b0n0:58588:61762 [0] NCCL INFO transport/net_ib.cc:771 Ib Alloc Size 552 pointer 0x14acdc109000
x3103c0s31b0n0:58588:61762 [0] NCCL INFO transport/net.cc:698 Cuda Host Alloc Size 9641984 pointer 0x14ad29600000
x3103c0s31b0n0:58588:61762 [0] NCCL INFO transport/net_ib.cc:683 Ib Alloc Size 21688 pointer 0x14acdc10b000
x3103c0s31b0n0:58588:61762 [0] NCCL INFO transport/net_ib.cc:696 Ib Alloc Size 552 pointer 0x14acdc112000
x3103c0s31b0n0:58588:61762 [0] NCCL INFO transport/net_ib.cc:771 Ib Alloc Size 552 pointer 0x14acdc12d000
x3103c0s31b0n0:58588:61762 [0] NCCL INFO transport/net.cc:698 Cuda Host Alloc Size 9641984 pointer 0x14ad2d600000
x3103c0s31b0n0:58588:61653 [0] NCCL INFO GPU Direct RDMA Disabled for GPU 7000 / HCA 1 (distance 7 > 4)
x3103c0s31b0n0:58588:61762 [0] NCCL INFO New proxy recv connection 20 from local rank 0, transport 2
x3103c0s31b0n0:58588:61653 [0] NCCL INFO Connection to proxy localRank 0 -> connection 0x14acdc001180
x3103c0s31b0n0:58588:61653 [0] NCCL INFO Channel 00/0 : 12[7000] -> 8[7000] [receive] via NET/IB/1
x3103c0s31b0n0:58588:61653 [0] NCCL INFO GPU Direct RDMA Disabled for GPU 7000 / HCA 0 (distance 7 > 4)
x3103c0s31b0n0:58588:61762 [0] NCCL INFO New proxy recv connection 21 from local rank 0, transport 2
x3103c0s31b0n0:58588:61653 [0] NCCL INFO Connection to proxy localRank 0 -> connection 0x14acdc0011c0
x3103c0s31b0n0:58588:61653 [0] NCCL INFO Channel 01/0 : 12[7000] -> 8[7000] [receive] via NET/IB/0
x3103c0s31b0n0:58588:61762 [0] NCCL INFO transport/net_ib.cc:683 Ib Alloc Size 21688 pointer 0x14acdc139000
x3103c0s31b0n0:58588:61762 [0] NCCL INFO transport/net_ib.cc:696 Ib Alloc Size 552 pointer 0x14acdc140000
x3103c0s31b0n0:58588:61762 [0] NCCL INFO transport/net_ib.cc:771 Ib Alloc Size 552 pointer 0x14acdc15b000
x3103c0s31b0n0:58588:61762 [0] NCCL INFO transport/net.cc:698 Cuda Host Alloc Size 9641984 pointer 0x14ad2f600000
x3103c0s31b0n0:58588:61762 [0] NCCL INFO Mem Realloc old size 768, new size 1536 pointer 0x14acdc0e5360
x3103c0s31b0n0:58589:61771 [1] NCCL INFO transport/net_ib.cc:596 Ib Alloc Size 26560 pointer 0x14dfe810e000
x3103c0s31b0n0:58589:61771 [1] NCCL INFO NET/IB: Dev 1 Port 1 qpn 11463 mtu 5 GID 0 (80FE/5B2100FEFF000000)
x3103c0s31b0n0:58589:61771 [1] NCCL INFO transport/net_ib.cc:653 Ib Alloc Size 552 pointer 0x14dfe8125000
x3103c0s31b0n0:58589:61771 [1] NCCL INFO transport/net.cc:571 Cuda Host Alloc Size 9641984 pointer 0x14e02f600000
x3103c0s31b0n0:58588:61762 [0] NCCL INFO transport/net_ib.cc:683 Ib Alloc Size 21688 pointer 0x14acdc15d000
x3103c0s31b0n0:58588:61762 [0] NCCL INFO transport/net_ib.cc:696 Ib Alloc Size 552 pointer 0x14acdc164000
x3103c0s31b0n0:58589:61771 [1] NCCL INFO transport/net_ib.cc:596 Ib Alloc Size 26560 pointer 0x14dfe8127000
x3103c0s31b0n0:58589:61771 [1] NCCL INFO NET/IB: Dev 0 Port 1 qpn 11607 mtu 5 GID 0 (80FE/1E2100FEFF000000)
x3103c0s31b0n0:58589:61771 [1] NCCL INFO transport/net_ib.cc:653 Ib Alloc Size 552 pointer 0x14dfe813e000
x3103c0s31b0n0:58589:61771 [1] NCCL INFO transport/net.cc:571 Cuda Host Alloc Size 9641984 pointer 0x14e031600000
x3103c0s31b0n0:58588:61762 [0] NCCL INFO transport/net_ib.cc:771 Ib Alloc Size 552 pointer 0x14acdc17f000
x3103c0s31b0n0:58588:61762 [0] NCCL INFO transport/net.cc:698 Cuda Host Alloc Size 9641984 pointer 0x14ad31200000
x3103c0s31b0n0:58588:61762 [0] NCCL INFO Mem Realloc old size 768, new size 1536 pointer 0x14acdc1743f0
x3103c0s31b0n0:58589:61771 [1] NCCL INFO New proxy recv connection 20 from local rank 1, transport 0
x3103c0s31b0n0:58589:61652 [1] NCCL INFO Connection to proxy localRank 1 -> connection 0x14dfe8001180
x3103c0s31b0n0:58589:61771 [1] NCCL INFO transport/p2p.cc:449 Cuda Alloc Size 6291456 pointer 0x14e027800000
x3103c0s31b0n0:58588:61653 [0] NCCL INFO GPU Direct RDMA Disabled for GPU 7000 / HCA 1 (distance 7 > 4)
x3103c0s31b0n0:58588:61762 [0] NCCL INFO New proxy send connection 22 from local rank 0, transport 2
x3103c0s31b0n0:58589:61771 [1] NCCL INFO New proxy recv connection 21 from local rank 1, transport 0
x3103c0s31b0n0:58589:61652 [1] NCCL INFO Connection to proxy localRank 1 -> connection 0x14dfe80011c0
x3103c0s31b0n0:58588:61653 [0] NCCL INFO Connection to proxy localRank 0 -> connection 0x14acdc001200
x3103c0s31b0n0:58588:61653 [0] NCCL INFO Channel 02/0 : 8[7000] -> 5[46000] [send] via NET/IB/1
x3103c0s31b0n0:58588:61653 [0] NCCL INFO GPU Direct RDMA Disabled for GPU 7000 / HCA 0 (distance 7 > 4)
x3103c0s31b0n0:58588:61762 [0] NCCL INFO New proxy send connection 23 from local rank 0, transport 2
x3103c0s31b0n0:58589:61771 [1] NCCL INFO transport/p2p.cc:449 Cuda Alloc Size 6291456 pointer 0x14e033200000
x3103c0s31b0n0:58589:61771 [1] NCCL INFO New proxy recv connection 22 from local rank 1, transport 0
x3103c0s31b0n0:58589:61652 [1] NCCL INFO Connection to proxy localRank 1 -> connection 0x14dfe8001200
x3103c0s31b0n0:58589:61771 [1] NCCL INFO transport/p2p.cc:449 Cuda Alloc Size 6291456 pointer 0x14e033800000
x3103c0s31b0n0:58588:61653 [0] NCCL INFO Connection to proxy localRank 0 -> connection 0x14acdc001240
x3103c0s31b0n0:58588:61653 [0] NCCL INFO Channel 03/0 : 8[7000] -> 5[46000] [send] via NET/IB/0
x3103c0s31b0n0:58588:61762 [0] NCCL INFO transport/net_ib.cc:596 Ib Alloc Size 26560 pointer 0x14acdc18b000
x3103c0s31b0n0:58589:61771 [1] NCCL INFO New proxy recv connection 23 from local rank 1, transport 0
x3103c0s31b0n0:58588:61762 [0] NCCL INFO NET/IB: Dev 1 Port 1 qpn 11464 mtu 5 GID 0 (80FE/5B2100FEFF000000)
x3103c0s31b0n0:58588:61762 [0] NCCL INFO transport/net_ib.cc:653 Ib Alloc Size 552 pointer 0x14acdc1a2000
x3103c0s31b0n0:58588:61762 [0] NCCL INFO transport/net.cc:571 Cuda Host Alloc Size 9641984 pointer 0x14ad33600000
x3103c0s31b0n0:58588:61762 [0] NCCL INFO transport/net_ib.cc:596 Ib Alloc Size 26560 pointer 0x14acdc1a4000
x3103c0s31b0n0:58588:61762 [0] NCCL INFO NET/IB: Dev 0 Port 1 qpn 11610 mtu 5 GID 0 (80FE/1E2100FEFF000000)
x3103c0s31b0n0:58588:61762 [0] NCCL INFO transport/net_ib.cc:653 Ib Alloc Size 552 pointer 0x14acdc1bb000
x3103c0s31b0n0:58588:61762 [0] NCCL INFO transport/net.cc:571 Cuda Host Alloc Size 9641984 pointer 0x14ad35600000
x3103c0s31b0n0:58588:61653 [0] NCCL INFO Connected all trees by HAO
x3103c0s31b0n0:58588:61653 [0] NCCL INFO threadThresholds 8/8/64 | 128/8/64 | 512 | 512
x3103c0s31b0n0:58588:61653 [0] NCCL INFO 4 coll channels, 4 p2p channels, 2 p2p channels per peer
x3103c0s31b0n0:58589:61652 [1] NCCL INFO Connection to proxy localRank 1 -> connection 0x14dfe8001240
x3103c0s31b0n0:58589:61771 [1] NCCL INFO transport/p2p.cc:449 Cuda Alloc Size 6291456 pointer 0x14e035600000
x3103c0s31b0n0:58588:61762 [0] NCCL INFO New proxy send connection 24 from local rank 0, transport 2
x3103c0s31b0n0:58588:61653 [0] NCCL INFO Connection to proxy localRank 0 -> connection 0x14acdc001280
x3103c0s31b0n0:58588:61762 [0] NCCL INFO transport/net.cc:376 Cuda Alloc Size 8388608 pointer 0x14ad39600000
x3103c0s31b0n0:58589:61652 [1] NCCL INFO Connected all trees by HAO
x3103c0s31b0n0:58589:61652 [1] NCCL INFO threadThresholds 8/8/64 | 128/8/64 | 512 | 512
x3103c0s31b0n0:58589:61652 [1] NCCL INFO 4 coll channels, 4 p2p channels, 2 p2p channels per peer
x3103c0s31b0n0:58590:61650 [2] NCCL INFO Connected all trees by HAO
x3103c0s31b0n0:58590:61650 [2] NCCL INFO threadThresholds 8/8/64 | 128/8/64 | 512 | 512
x3103c0s31b0n0:58590:61650 [2] NCCL INFO 4 coll channels, 4 p2p channels, 2 p2p channels per peer
x3103c0s31b0n0:58590:61772 [2] NCCL INFO Allocated 4194656 bytes of shared memory in /dev/shm/nccl-767H5v

x3103c0s31b0n0:58590:61772 [2] NCCL INFO New proxy send connection 20 from local rank 2, transport 2
x3103c0s31b0n0:58589:61771 [1] NCCL INFO New proxy send connection 24 from local rank 1, transport 2
x3103c0s31b0n0:58590:61650 [2] NCCL INFO Connection to proxy localRank 2 -> connection 0x1537a8001180
x3103c0s31b0n0:58590:61772 [2] NCCL INFO transport/net.cc:376 Cuda Alloc Size 8388608 pointer 0x153809200000
x3103c0s31b0n0:58589:61652 [1] NCCL INFO Connection to proxy localRank 1 -> connection 0x14dfe8001280
x3103c0s31b0n0:58589:61652 [1] NCCL INFO init.cc:367 Cuda Alloc Size 5168 pointer 0x14e1c980f600
x3103c0s31b0n0:58591:61651 [3] NCCL INFO init.cc:367 Cuda Alloc Size 5168 pointer 0x14705580f600
x3103c0s31b0n0:58590:61650 [2] NCCL INFO init.cc:367 Cuda Alloc Size 5168 pointer 0x15399780f600
x3103c0s31b0n0:58588:61653 [0] NCCL INFO init.cc:367 Cuda Alloc Size 5168 pointer 0x14aecb80f600
x3103c0s31b0n0:58591:61651 [3] NCCL INFO init.cc:392 Cuda Host Alloc Size 33554432 pointer 0x146e72000000
x3103c0s31b0n0:58591:61651 [3] NCCL INFO init.cc:398 Cuda Host Alloc Size 128 pointer 0x147054e00600
x3103c0s31b0n0:58591:61651 [3] NCCL INFO comm 0x55ab770f9c80 rank 11 nranks 16 cudaDev 3 busId c7000 - Init COMPLETE
x3103c0s31b0n0:58590:61650 [2] NCCL INFO init.cc:392 Cuda Host Alloc Size 33554432 pointer 0x1537a6000000
x3103c0s31b0n0:58590:61650 [2] NCCL INFO init.cc:398 Cuda Host Alloc Size 128 pointer 0x153996e00600
x3103c0s31b0n0:58590:61650 [2] NCCL INFO comm 0x5560b4398420 rank 10 nranks 16 cudaDev 2 busId 85000 - Init COMPLETE
x3103c0s31b0n0:58588:61653 [0] NCCL INFO init.cc:392 Cuda Host Alloc Size 33554432 pointer 0x14acda000000
x3103c0s31b0n0:58588:61653 [0] NCCL INFO init.cc:398 Cuda Host Alloc Size 128 pointer 0x14aecae00600
x3103c0s31b0n0:58588:61653 [0] NCCL INFO comm 0x56015a5d9b50 rank 8 nranks 16 cudaDev 0 busId 7000 - Init COMPLETE
x3103c0s31b0n0:58589:61771 [1] NCCL INFO transport/net.cc:376 Cuda Alloc Size 8388608 pointer 0x14e03f800000
x3103c0s31b0n0:58589:61652 [1] NCCL INFO init.cc:392 Cuda Host Alloc Size 33554432 pointer 0x14dfe2000000
x3103c0s31b0n0:58589:61652 [1] NCCL INFO init.cc:398 Cuda Host Alloc Size 128 pointer 0x14e1c8e00600
x3103c0s31b0n0:58589:61652 [1] NCCL INFO comm 0x557b60d44350 rank 9 nranks 16 cudaDev 1 busId 46000 - Init COMPLETE
x3103c0s31b0n0:58591:58591 [3] NCCL INFO AllReduce: opCount 0 sendbuff 0x147097600400 recvbuff 0x147097600400 count 1 datatype 4 op 0 root 0 comm 0x55ab770f9c80 [nranks=16] stream 0x55ab75a853a0
x3103c0s31b0n0:58591:58591 [3] NCCL INFO misc/utils.cc:235 memory stack hunk malloc(65536)
[LYD INFO in ncclLaunchKernel (enqueue.cc)] NCHANNELS is: 4NCCL version 2.14.3+cuda11.8
x3103c0s31b0n0:58591:58591 [3] NCCL INFO init.cc:1147 Cuda Host Alloc Size 4 pointer 0x147054e00800
x3103c0s31b0n0:58589:58589 [1] NCCL INFO AllReduce: opCount 0 sendbuff 0x14e207600400 recvbuff 0x14e207600400 count 1 datatype 4 op 0 root 0 comm 0x557b60d44350 [nranks=16] stream 0x557b5fa1cbe0
x3103c0s31b0n0:58589:58589 [1] NCCL INFO misc/utils.cc:235 memory stack hunk malloc(65536)
[LYD INFO in ncclLaunchKernel (enqueue.cc)] NCHANNELS is: 4NCCL version 2.14.3+cuda11.8
x3103c0s31b0n0:58589:58589 [1] NCCL INFO init.cc:1147 Cuda Host Alloc Size 4 pointer 0x14e1c8e00800
x3103c0s31b0n0:58590:58590 [2] NCCL INFO AllReduce: opCount 0 sendbuff 0x1539d7600400 recvbuff 0x1539d7600400 count 1 datatype 4 op 0 root 0 comm 0x5560b4398420 [nranks=16] stream 0x5560b233a5f0
x3103c0s31b0n0:58590:58590 [2] NCCL INFO misc/utils.cc:235 memory stack hunk malloc(65536)
[LYD INFO in ncclLaunchKernel (enqueue.cc)] NCHANNELS is: 4NCCL version 2.14.3+cuda11.8
x3103c0s31b0n0:58590:58590 [2] NCCL INFO init.cc:1147 Cuda Host Alloc Size 4 pointer 0x153996e00800
x3103c0s31b0n0:58588:58588 [0] NCCL INFO AllReduce: opCount 0 sendbuff 0x14af0b600400 recvbuff 0x14af0b600400 count 1 datatype 4 op 0 root 0 comm 0x56015a5d9b50 [nranks=16] stream 0x560158c5d0c0
x3103c0s31b0n0:58588:58588 [0] NCCL INFO misc/utils.cc:235 memory stack hunk malloc(65536)
[LYD INFO in ncclLaunchKernel (enqueue.cc)] NCHANNELS is: 4NCCL version 2.14.3+cuda11.8
x3103c0s31b0n0:58588:58588 [0] NCCL INFO init.cc:1147 Cuda Host Alloc Size 4 pointer 0x14aecae00800
x3103c0s31b0n0:58591:62053 [3] NCCL INFO Using network IB
x3103c0s31b0n0:58588:62060 [0] NCCL INFO Using network IB
x3103c0s31b0n0:58590:62058 [2] NCCL INFO Using network IB
x3103c0s31b0n0:58589:62056 [1] NCCL INFO Using network IB
x3103c0s31b0n0:58590:62058 [2] NCCL INFO NET/IB : GPU Direct RDMA Enabled for HCA 0 'mlx5_0'
x3103c0s31b0n0:58590:62058 [2] NCCL INFO NET/IB : GPU Direct RDMA Enabled for HCA 1 'mlx5_1'
x3103c0s31b0n0:58590:62058 [2] NCCL INFO GPU Direct RDMA Disabled for GPU 85000 / HCA 0 (distance 7 > 4)
x3103c0s31b0n0:58590:62058 [2] NCCL INFO GPU Direct RDMA Disabled for GPU 85000 / HCA 1 (distance 7 > 4)
x3103c0s31b0n0:58590:62058 [2] NCCL INFO === System : maxBw 5000.0 totalBw 0.0 ===
x3103c0s31b0n0:58590:62058 [2] NCCL INFO CPU/1 (1/2/-1)
x3103c0s31b0n0:58590:62058 [2] NCCL INFO + SYS[5000.0] - CPU/0
x3103c0s31b0n0:58590:62058 [2] NCCL INFO + SYS[5000.0] - CPU/2
x3103c0s31b0n0:58590:62058 [2] NCCL INFO + PCI[24.0] - PCI/83000 (11f8406811f8beef)
x3103c0s31b0n0:58590:62058 [2] NCCL INFO               + PCI[24.0] - GPU/85000 (0)
x3103c0s31b0n0:58590:62058 [2] NCCL INFO CPU/0 (1/2/-1)
x3103c0s31b0n0:58590:62058 [2] NCCL INFO + SYS[5000.0] - CPU/1
x3103c0s31b0n0:58590:62058 [2] NCCL INFO + SYS[5000.0] - CPU/2
x3103c0s31b0n0:58590:62058 [2] NCCL INFO + PCI[12.0] - NIC/C8000
x3103c0s31b0n0:58590:62058 [2] NCCL INFO CPU/2 (1/2/-1)
x3103c0s31b0n0:58590:62058 [2] NCCL INFO + SYS[5000.0] - CPU/1
x3103c0s31b0n0:58590:62058 [2] NCCL INFO + SYS[5000.0] - CPU/0
x3103c0s31b0n0:58590:62058 [2] NCCL INFO + PCI[12.0] - NIC/43000
x3103c0s31b0n0:58590:62058 [2] NCCL INFO ==========================================
x3103c0s31b0n0:58590:62058 [2] NCCL INFO GPU/85000 :GPU/85000 (0/5000.000000/LOC) CPU/1 (2/24.000000/PHB) CPU/0 (3/24.000000/SYS) CPU/2 (3/24.000000/SYS) 
x3103c0s31b0n0:58590:62058 [2] NCCL INFO Pattern 4, crossNic 0, nChannels 16, bw 44.000000/44.000000, type LOC/PIX, sameChannels 1
x3103c0s31b0n0:58590:62058 [2] NCCL INFO  0 : GPU/0
x3103c0s31b0n0:58590:62058 [2] NCCL INFO  1 : GPU/0
x3103c0s31b0n0:58590:62058 [2] NCCL INFO  2 : GPU/0
x3103c0s31b0n0:58590:62058 [2] NCCL INFO  3 : GPU/0
x3103c0s31b0n0:58590:62058 [2] NCCL INFO  4 : GPU/0
x3103c0s31b0n0:58590:62058 [2] NCCL INFO  5 : GPU/0
x3103c0s31b0n0:58590:62058 [2] NCCL INFO  6 : GPU/0
x3103c0s31b0n0:58590:62058 [2] NCCL INFO  7 : GPU/0
x3103c0s31b0n0:58590:62058 [2] NCCL INFO  8 : GPU/0
x3103c0s31b0n0:58590:62058 [2] NCCL INFO  9 : GPU/0
x3103c0s31b0n0:58590:62058 [2] NCCL INFO 10 : GPU/0
x3103c0s31b0n0:58590:62058 [2] NCCL INFO 11 : GPU/0
x3103c0s31b0n0:58590:62058 [2] NCCL INFO 12 : GPU/0
x3103c0s31b0n0:58590:62058 [2] NCCL INFO 13 : GPU/0
x3103c0s31b0n0:58590:62058 [2] NCCL INFO 14 : GPU/0
x3103c0s31b0n0:58590:62058 [2] NCCL INFO 15 : GPU/0
x3103c0s31b0n0:58590:62058 [2] NCCL INFO Pattern 3, crossNic 0, nChannels 16, bw 44.000000/44.000000, type LOC/PIX, sameChannels 1
x3103c0s31b0n0:58590:62058 [2] NCCL INFO  0 : GPU/0
x3103c0s31b0n0:58590:62058 [2] NCCL INFO  1 : GPU/0
x3103c0s31b0n0:58590:62058 [2] NCCL INFO  2 : GPU/0
x3103c0s31b0n0:58590:62058 [2] NCCL INFO  3 : GPU/0
x3103c0s31b0n0:58590:62058 [2] NCCL INFO  4 : GPU/0
x3103c0s31b0n0:58590:62058 [2] NCCL INFO  5 : GPU/0
x3103c0s31b0n0:58590:62058 [2] NCCL INFO  6 : GPU/0
x3103c0s31b0n0:58590:62058 [2] NCCL INFO  7 : GPU/0
x3103c0s31b0n0:58590:62058 [2] NCCL INFO  8 : GPU/0
x3103c0s31b0n0:58590:62058 [2] NCCL INFO  9 : GPU/0
x3103c0s31b0n0:58590:62058 [2] NCCL INFO 10 : GPU/0
x3103c0s31b0n0:58590:62058 [2] NCCL INFO 11 : GPU/0
x3103c0s31b0n0:58590:62058 [2] NCCL INFO 12 : GPU/0
x3103c0s31b0n0:58590:62058 [2] NCCL INFO 13 : GPU/0
x3103c0s31b0n0:58590:62058 [2] NCCL INFO 14 : GPU/0
x3103c0s31b0n0:58590:62058 [2] NCCL INFO 15 : GPU/0
x3103c0s31b0n0:58590:62058 [2] NCCL INFO Pattern 3, crossNic 0, nChannels 16, bw 44.000000/44.000000, type LOC/PIX, sameChannels 1
x3103c0s31b0n0:58590:62058 [2] NCCL INFO  0 : GPU/0
x3103c0s31b0n0:58590:62058 [2] NCCL INFO  1 : GPU/0
x3103c0s31b0n0:58590:62058 [2] NCCL INFO  2 : GPU/0
x3103c0s31b0n0:58590:62058 [2] NCCL INFO  3 : GPU/0
x3103c0s31b0n0:58590:62058 [2] NCCL INFO  4 : GPU/0
x3103c0s31b0n0:58590:62058 [2] NCCL INFO  5 : GPU/0
x3103c0s31b0n0:58590:62058 [2] NCCL INFO  6 : GPU/0
x3103c0s31b0n0:58590:62058 [2] NCCL INFO  7 : GPU/0
x3103c0s31b0n0:58590:62058 [2] NCCL INFO  8 : GPU/0
x3103c0s31b0n0:58590:62058 [2] NCCL INFO  9 : GPU/0
x3103c0s31b0n0:58590:62058 [2] NCCL INFO 10 : GPU/0
x3103c0s31b0n0:58590:62058 [2] NCCL INFO 11 : GPU/0
x3103c0s31b0n0:58590:62058 [2] NCCL INFO 12 : GPU/0
x3103c0s31b0n0:58590:62058 [2] NCCL INFO 13 : GPU/0
x3103c0s31b0n0:58590:62058 [2] NCCL INFO 14 : GPU/0
x3103c0s31b0n0:58590:62058 [2] NCCL INFO 15 : GPU/0
x3103c0s31b0n0:58590:62058 [2] NCCL INFO Tree 0 : -1 -> 0 -> -1/-1/-1
x3103c0s31b0n0:58590:62058 [2] NCCL INFO Tree 16 : -1 -> 0 -> -1/-1/-1
x3103c0s31b0n0:58590:62058 [2] NCCL INFO Tree 1 : -1 -> 0 -> -1/-1/-1
x3103c0s31b0n0:58590:62058 [2] NCCL INFO Tree 17 : -1 -> 0 -> -1/-1/-1
x3103c0s31b0n0:58590:62058 [2] NCCL INFO Tree 2 : -1 -> 0 -> -1/-1/-1
x3103c0s31b0n0:58590:62058 [2] NCCL INFO Tree 18 : -1 -> 0 -> -1/-1/-1
x3103c0s31b0n0:58590:62058 [2] NCCL INFO Tree 3 : -1 -> 0 -> -1/-1/-1
x3103c0s31b0n0:58590:62058 [2] NCCL INFO Tree 19 : -1 -> 0 -> -1/-1/-1
x3103c0s31b0n0:58590:62058 [2] NCCL INFO Tree 4 : -1 -> 0 -> -1/-1/-1
x3103c0s31b0n0:58590:62058 [2] NCCL INFO Tree 20 : -1 -> 0 -> -1/-1/-1
x3103c0s31b0n0:58590:62058 [2] NCCL INFO Tree 5 : -1 -> 0 -> -1/-1/-1
x3103c0s31b0n0:58590:62058 [2] NCCL INFO Tree 21 : -1 -> 0 -> -1/-1/-1
x3103c0s31b0n0:58590:62058 [2] NCCL INFO Tree 6 : -1 -> 0 -> -1/-1/-1
x3103c0s31b0n0:58590:62058 [2] NCCL INFO Tree 22 : -1 -> 0 -> -1/-1/-1
x3103c0s31b0n0:58590:62058 [2] NCCL INFO Tree 7 : -1 -> 0 -> -1/-1/-1
x3103c0s31b0n0:58590:62058 [2] NCCL INFO Tree 23 : -1 -> 0 -> -1/-1/-1
x3103c0s31b0n0:58590:62058 [2] NCCL INFO Tree 8 : -1 -> 0 -> -1/-1/-1
x3103c0s31b0n0:58590:62058 [2] NCCL INFO Tree 24 : -1 -> 0 -> -1/-1/-1
x3103c0s31b0n0:58590:62058 [2] NCCL INFO Tree 9 : -1 -> 0 -> -1/-1/-1
x3103c0s31b0n0:58590:62058 [2] NCCL INFO Tree 25 : -1 -> 0 -> -1/-1/-1
x3103c0s31b0n0:58590:62058 [2] NCCL INFO Tree 10 : -1 -> 0 -> -1/-1/-1
x3103c0s31b0n0:58590:62058 [2] NCCL INFO Tree 26 : -1 -> 0 -> -1/-1/-1
x3103c0s31b0n0:58590:62058 [2] NCCL INFO Tree 11 : -1 -> 0 -> -1/-1/-1
x3103c0s31b0n0:58590:62058 [2] NCCL INFO Tree 27 : -1 -> 0 -> -1/-1/-1
x3103c0s31b0n0:58590:62058 [2] NCCL INFO Tree 12 : -1 -> 0 -> -1/-1/-1
x3103c0s31b0n0:58590:62058 [2] NCCL INFO Tree 28 : -1 -> 0 -> -1/-1/-1
x3103c0s31b0n0:58590:62058 [2] NCCL INFO Tree 13 : -1 -> 0 -> -1/-1/-1
x3103c0s31b0n0:58590:62058 [2] NCCL INFO Tree 29 : -1 -> 0 -> -1/-1/-1
x3103c0s31b0n0:58590:62058 [2] NCCL INFO Tree 14 : -1 -> 0 -> -1/-1/-1
x3103c0s31b0n0:58590:62058 [2] NCCL INFO Tree 30 : -1 -> 0 -> -1/-1/-1
x3103c0s31b0n0:58590:62058 [2] NCCL INFO Tree 15 : -1 -> 0 -> -1/-1/-1
x3103c0s31b0n0:58590:62058 [2] NCCL INFO Tree 31 : -1 -> 0 -> -1/-1/-1
x3103c0s31b0n0:58590:62058 [2] NCCL INFO Channel 00/32 :    0
x3103c0s31b0n0:58590:62058 [2] NCCL INFO Channel 01/32 :    0
x3103c0s31b0n0:58590:62058 [2] NCCL INFO Channel 02/32 :    0
x3103c0s31b0n0:58590:62058 [2] NCCL INFO Channel 03/32 :    0
x3103c0s31b0n0:58590:62058 [2] NCCL INFO Channel 04/32 :    0
x3103c0s31b0n0:58590:62058 [2] NCCL INFO Channel 05/32 :    0
x3103c0s31b0n0:58590:62058 [2] NCCL INFO Channel 06/32 :    0
x3103c0s31b0n0:58590:62058 [2] NCCL INFO Channel 07/32 :    0
x3103c0s31b0n0:58590:62058 [2] NCCL INFO Channel 08/32 :    0
x3103c0s31b0n0:58590:62058 [2] NCCL INFO Channel 09/32 :    0
x3103c0s31b0n0:58590:62058 [2] NCCL INFO Channel 10/32 :    0
x3103c0s31b0n0:58590:62058 [2] NCCL INFO Channel 11/32 :    0
x3103c0s31b0n0:58590:62058 [2] NCCL INFO Channel 12/32 :    0
x3103c0s31b0n0:58590:62058 [2] NCCL INFO Channel 13/32 :    0
x3103c0s31b0n0:58590:62058 [2] NCCL INFO Channel 14/32 :    0
x3103c0s31b0n0:58590:62058 [2] NCCL INFO Channel 15/32 :    0
x3103c0s31b0n0:58590:62058 [2] NCCL INFO Channel 16/32 :    0
x3103c0s31b0n0:58590:62058 [2] NCCL INFO Channel 17/32 :    0
x3103c0s31b0n0:58590:62058 [2] NCCL INFO Channel 18/32 :    0
x3103c0s31b0n0:58590:62058 [2] NCCL INFO Channel 19/32 :    0
x3103c0s31b0n0:58590:62058 [2] NCCL INFO Channel 20/32 :    0
x3103c0s31b0n0:58590:62058 [2] NCCL INFO Channel 21/32 :    0
x3103c0s31b0n0:58590:62058 [2] NCCL INFO Channel 22/32 :    0
x3103c0s31b0n0:58590:62058 [2] NCCL INFO Channel 23/32 :    0
x3103c0s31b0n0:58590:62058 [2] NCCL INFO Channel 24/32 :    0
x3103c0s31b0n0:58590:62058 [2] NCCL INFO Channel 25/32 :    0
x3103c0s31b0n0:58590:62058 [2] NCCL INFO Channel 26/32 :    0
x3103c0s31b0n0:58590:62058 [2] NCCL INFO Channel 27/32 :    0
x3103c0s31b0n0:58590:62058 [2] NCCL INFO Channel 28/32 :    0
x3103c0s31b0n0:58590:62058 [2] NCCL INFO Channel 29/32 :    0
x3103c0s31b0n0:58590:62058 [2] NCCL INFO Channel 30/32 :    0
x3103c0s31b0n0:58590:62058 [2] NCCL INFO Channel 31/32 :    0
x3103c0s31b0n0:58590:62058 [2] NCCL INFO Ring 00 : 0 -> 0 -> 0
x3103c0s31b0n0:58590:62058 [2] NCCL INFO Ring 01 : 0 -> 0 -> 0
x3103c0s31b0n0:58590:62058 [2] NCCL INFO Ring 02 : 0 -> 0 -> 0
x3103c0s31b0n0:58590:62058 [2] NCCL INFO Ring 03 : 0 -> 0 -> 0
x3103c0s31b0n0:58590:62058 [2] NCCL INFO Ring 04 : 0 -> 0 -> 0
x3103c0s31b0n0:58590:62058 [2] NCCL INFO Ring 05 : 0 -> 0 -> 0
x3103c0s31b0n0:58590:62058 [2] NCCL INFO Ring 06 : 0 -> 0 -> 0
x3103c0s31b0n0:58590:62058 [2] NCCL INFO Ring 07 : 0 -> 0 -> 0
x3103c0s31b0n0:58590:62058 [2] NCCL INFO Ring 08 : 0 -> 0 -> 0
x3103c0s31b0n0:58590:62058 [2] NCCL INFO Ring 09 : 0 -> 0 -> 0
x3103c0s31b0n0:58590:62058 [2] NCCL INFO Ring 10 : 0 -> 0 -> 0
x3103c0s31b0n0:58590:62058 [2] NCCL INFO Ring 11 : 0 -> 0 -> 0
x3103c0s31b0n0:58590:62058 [2] NCCL INFO Ring 12 : 0 -> 0 -> 0
x3103c0s31b0n0:58590:62058 [2] NCCL INFO Ring 13 : 0 -> 0 -> 0
x3103c0s31b0n0:58590:62058 [2] NCCL INFO Ring 14 : 0 -> 0 -> 0
x3103c0s31b0n0:58590:62058 [2] NCCL INFO Ring 15 : 0 -> 0 -> 0
x3103c0s31b0n0:58590:62058 [2] NCCL INFO Ring 16 : 0 -> 0 -> 0
x3103c0s31b0n0:58590:62058 [2] NCCL INFO Ring 17 : 0 -> 0 -> 0
x3103c0s31b0n0:58590:62058 [2] NCCL INFO Ring 18 : 0 -> 0 -> 0
x3103c0s31b0n0:58590:62058 [2] NCCL INFO Ring 19 : 0 -> 0 -> 0
x3103c0s31b0n0:58590:62058 [2] NCCL INFO Ring 20 : 0 -> 0 -> 0
x3103c0s31b0n0:58590:62058 [2] NCCL INFO Ring 21 : 0 -> 0 -> 0
x3103c0s31b0n0:58590:62058 [2] NCCL INFO Ring 22 : 0 -> 0 -> 0
x3103c0s31b0n0:58590:62058 [2] NCCL INFO Ring 23 : 0 -> 0 -> 0
x3103c0s31b0n0:58590:62058 [2] NCCL INFO Ring 24 : 0 -> 0 -> 0
x3103c0s31b0n0:58590:62058 [2] NCCL INFO Ring 25 : 0 -> 0 -> 0
x3103c0s31b0n0:58590:62058 [2] NCCL INFO Ring 26 : 0 -> 0 -> 0
x3103c0s31b0n0:58590:62058 [2] NCCL INFO Ring 27 : 0 -> 0 -> 0
x3103c0s31b0n0:58590:62058 [2] NCCL INFO Ring 28 : 0 -> 0 -> 0
x3103c0s31b0n0:58590:62058 [2] NCCL INFO Ring 29 : 0 -> 0 -> 0
x3103c0s31b0n0:58590:62058 [2] NCCL INFO Ring 30 : 0 -> 0 -> 0
x3103c0s31b0n0:58590:62058 [2] NCCL INFO Ring 31 : 0 -> 0 -> 0
x3103c0s31b0n0:58590:62058 [2] NCCL INFO Trees [0] -1/-1/-1->0->-1 [1] -1/-1/-1->0->-1 [2] -1/-1/-1->0->-1 [3] -1/-1/-1->0->-1 [4] -1/-1/-1->0->-1 [5] -1/-1/-1->0->-1 [6] -1/-1/-1->0->-1 [7] -1/-1/-1->0->-1 [8] -1/-1/-1->0->-1 [9] -1/-1/-1->0->-1 [10] -1/-1/-1->0->-1 [11] -1/-1/-1->0->-1 [12] -1/-1/-1->0->-1 [13] -1/-1/-1->0->-1 [14] -1/-1/-1->0->-1 [15] -1/-1/-1->0->-1 [16] -1/-1/-1->0->-1 [17] -1/-1/-1->0->-1 [18] -1/-1/-1->0->-1 [19] -1/-1/-1->0->-1 [20] -1/-1/-1->0->-1 [21] -1/-1/-1->0->-1 [22] -1/-1/-1->0->-1 [23] -1/-1/-1->0->-1 [24] -1/-1/-1->0->-1 [25] -1/-1/-1->0->-1 [26] -1/-1/-1->0->-1 [27] -1/-1/-1->0->-1 [28] -1/-1/-1->0->-1 [29] -1/-1/-1->0->-1 [30] -1/-1/-1->0->-1 [31] -1/-1/-1->0->-1
x3103c0s31b0n0:58590:62058 [2] NCCL INFO misc/utils.cc:235 memory stack hunk malloc(65536)
x3103c0s31b0n0:58590:62058 [2] NCCL INFO channel.cc:23 Cuda Alloc Size 768 pointer 0x153997810c00
x3103c0s31b0n0:58590:62058 [2] NCCL INFO channel.cc:27 Cuda Alloc Size 4 pointer 0x153997811000
x3103c0s31b0n0:58590:62058 [2] NCCL INFO channel.cc:23 Cuda Alloc Size 768 pointer 0x153997811200
x3103c0s31b0n0:58590:62058 [2] NCCL INFO channel.cc:27 Cuda Alloc Size 4 pointer 0x153997811600
x3103c0s31b0n0:58590:62058 [2] NCCL INFO channel.cc:23 Cuda Alloc Size 768 pointer 0x153997811800
x3103c0s31b0n0:58590:62058 [2] NCCL INFO channel.cc:27 Cuda Alloc Size 4 pointer 0x153997811c00
x3103c0s31b0n0:58590:62058 [2] NCCL INFO channel.cc:23 Cuda Alloc Size 768 pointer 0x153997811e00
x3103c0s31b0n0:58590:62058 [2] NCCL INFO channel.cc:27 Cuda Alloc Size 4 pointer 0x153997812200
x3103c0s31b0n0:58590:62058 [2] NCCL INFO channel.cc:23 Cuda Alloc Size 768 pointer 0x153997812400
x3103c0s31b0n0:58590:62058 [2] NCCL INFO channel.cc:27 Cuda Alloc Size 4 pointer 0x153997812800
x3103c0s31b0n0:58590:62058 [2] NCCL INFO channel.cc:23 Cuda Alloc Size 768 pointer 0x153997812a00
x3103c0s31b0n0:58590:62058 [2] NCCL INFO channel.cc:27 Cuda Alloc Size 4 pointer 0x153997812e00
x3103c0s31b0n0:58590:62058 [2] NCCL INFO channel.cc:23 Cuda Alloc Size 768 pointer 0x153997813000
x3103c0s31b0n0:58590:62058 [2] NCCL INFO channel.cc:27 Cuda Alloc Size 4 pointer 0x153997813400
x3103c0s31b0n0:58590:62058 [2] NCCL INFO channel.cc:23 Cuda Alloc Size 768 pointer 0x153997813600
x3103c0s31b0n0:58590:62058 [2] NCCL INFO channel.cc:27 Cuda Alloc Size 4 pointer 0x153997813a00
x3103c0s31b0n0:58590:62058 [2] NCCL INFO channel.cc:23 Cuda Alloc Size 768 pointer 0x153997813c00
x3103c0s31b0n0:58590:62058 [2] NCCL INFO channel.cc:27 Cuda Alloc Size 4 pointer 0x153997814000
x3103c0s31b0n0:58590:62058 [2] NCCL INFO channel.cc:23 Cuda Alloc Size 768 pointer 0x153997814200
x3103c0s31b0n0:58590:62058 [2] NCCL INFO channel.cc:27 Cuda Alloc Size 4 pointer 0x153997814600
x3103c0s31b0n0:58590:62058 [2] NCCL INFO channel.cc:23 Cuda Alloc Size 768 pointer 0x153997814800
x3103c0s31b0n0:58590:62058 [2] NCCL INFO channel.cc:27 Cuda Alloc Size 4 pointer 0x153997814c00
x3103c0s31b0n0:58590:62058 [2] NCCL INFO channel.cc:23 Cuda Alloc Size 768 pointer 0x153997814e00
x3103c0s31b0n0:58590:62058 [2] NCCL INFO channel.cc:27 Cuda Alloc Size 4 pointer 0x153997815200
x3103c0s31b0n0:58590:62058 [2] NCCL INFO channel.cc:23 Cuda Alloc Size 768 pointer 0x153997815400
x3103c0s31b0n0:58590:62058 [2] NCCL INFO channel.cc:27 Cuda Alloc Size 4 pointer 0x153997815800
x3103c0s31b0n0:58590:62058 [2] NCCL INFO channel.cc:23 Cuda Alloc Size 768 pointer 0x153997815a00
x3103c0s31b0n0:58590:62058 [2] NCCL INFO channel.cc:27 Cuda Alloc Size 4 pointer 0x153997815e00
x3103c0s31b0n0:58590:62058 [2] NCCL INFO channel.cc:23 Cuda Alloc Size 768 pointer 0x153997816000
x3103c0s31b0n0:58590:62058 [2] NCCL INFO channel.cc:27 Cuda Alloc Size 4 pointer 0x153997816400
x3103c0s31b0n0:58590:62058 [2] NCCL INFO channel.cc:23 Cuda Alloc Size 768 pointer 0x153997816600
x3103c0s31b0n0:58590:62058 [2] NCCL INFO channel.cc:27 Cuda Alloc Size 4 pointer 0x153997816a00
x3103c0s31b0n0:58590:62058 [2] NCCL INFO channel.cc:23 Cuda Alloc Size 768 pointer 0x153997816c00
x3103c0s31b0n0:58590:62058 [2] NCCL INFO channel.cc:27 Cuda Alloc Size 4 pointer 0x153997817000
x3103c0s31b0n0:58590:62058 [2] NCCL INFO channel.cc:23 Cuda Alloc Size 768 pointer 0x153997817200
x3103c0s31b0n0:58590:62058 [2] NCCL INFO channel.cc:27 Cuda Alloc Size 4 pointer 0x153997817600
x3103c0s31b0n0:58590:62058 [2] NCCL INFO channel.cc:23 Cuda Alloc Size 768 pointer 0x153997817800
x3103c0s31b0n0:58590:62058 [2] NCCL INFO channel.cc:27 Cuda Alloc Size 4 pointer 0x153997817c00
x3103c0s31b0n0:58590:62058 [2] NCCL INFO channel.cc:23 Cuda Alloc Size 768 pointer 0x153997817e00
x3103c0s31b0n0:58590:62058 [2] NCCL INFO channel.cc:27 Cuda Alloc Size 4 pointer 0x153997818200
x3103c0s31b0n0:58590:62058 [2] NCCL INFO channel.cc:23 Cuda Alloc Size 768 pointer 0x153997818400
x3103c0s31b0n0:58590:62058 [2] NCCL INFO channel.cc:27 Cuda Alloc Size 4 pointer 0x153997818800
x3103c0s31b0n0:58590:62058 [2] NCCL INFO channel.cc:23 Cuda Alloc Size 768 pointer 0x153997818a00
x3103c0s31b0n0:58590:62058 [2] NCCL INFO channel.cc:27 Cuda Alloc Size 4 pointer 0x153997818e00
x3103c0s31b0n0:58590:62058 [2] NCCL INFO channel.cc:23 Cuda Alloc Size 768 pointer 0x153997819000
x3103c0s31b0n0:58590:62058 [2] NCCL INFO channel.cc:27 Cuda Alloc Size 4 pointer 0x153997819400
x3103c0s31b0n0:58590:62058 [2] NCCL INFO channel.cc:23 Cuda Alloc Size 768 pointer 0x153997819600
x3103c0s31b0n0:58590:62058 [2] NCCL INFO channel.cc:27 Cuda Alloc Size 4 pointer 0x153997819a00
x3103c0s31b0n0:58590:62058 [2] NCCL INFO channel.cc:23 Cuda Alloc Size 768 pointer 0x153997819c00
x3103c0s31b0n0:58590:62058 [2] NCCL INFO channel.cc:27 Cuda Alloc Size 4 pointer 0x15399781a000
x3103c0s31b0n0:58590:62058 [2] NCCL INFO channel.cc:23 Cuda Alloc Size 768 pointer 0x15399781a200
x3103c0s31b0n0:58590:62058 [2] NCCL INFO channel.cc:27 Cuda Alloc Size 4 pointer 0x15399781a600
x3103c0s31b0n0:58590:62058 [2] NCCL INFO channel.cc:23 Cuda Alloc Size 768 pointer 0x15399781a800
x3103c0s31b0n0:58590:62058 [2] NCCL INFO channel.cc:27 Cuda Alloc Size 4 pointer 0x15399781ac00
x3103c0s31b0n0:58590:62058 [2] NCCL INFO channel.cc:23 Cuda Alloc Size 768 pointer 0x15399781ae00
x3103c0s31b0n0:58590:62058 [2] NCCL INFO channel.cc:27 Cuda Alloc Size 4 pointer 0x15399781b200
x3103c0s31b0n0:58590:62058 [2] NCCL INFO channel.cc:23 Cuda Alloc Size 768 pointer 0x15399781b400
x3103c0s31b0n0:58590:62058 [2] NCCL INFO channel.cc:27 Cuda Alloc Size 4 pointer 0x15399781b800
x3103c0s31b0n0:58590:62058 [2] NCCL INFO channel.cc:23 Cuda Alloc Size 768 pointer 0x15399781ba00
x3103c0s31b0n0:58590:62058 [2] NCCL INFO channel.cc:27 Cuda Alloc Size 4 pointer 0x15399781be00
x3103c0s31b0n0:58590:62058 [2] NCCL INFO channel.cc:23 Cuda Alloc Size 768 pointer 0x15399781c000
x3103c0s31b0n0:58590:62058 [2] NCCL INFO channel.cc:27 Cuda Alloc Size 4 pointer 0x15399781c400
x3103c0s31b0n0:58590:62058 [2] NCCL INFO channel.cc:23 Cuda Alloc Size 768 pointer 0x15399781c600
x3103c0s31b0n0:58590:62058 [2] NCCL INFO channel.cc:27 Cuda Alloc Size 4 pointer 0x15399781ca00
x3103c0s31b0n0:58590:62058 [2] NCCL INFO Connected all rings
x3103c0s31b0n0:58590:62058 [2] NCCL INFO Connected all trees by HAO
x3103c0s31b0n0:58590:62058 [2] NCCL INFO 32 coll channels, 32 p2p channels, 32 p2p channels per peer
x3103c0s31b0n0:58589:62056 [1] NCCL INFO NET/IB : GPU Direct RDMA Enabled for HCA 0 'mlx5_0'
x3103c0s31b0n0:58589:62056 [1] NCCL INFO NET/IB : GPU Direct RDMA Enabled for HCA 1 'mlx5_1'
x3103c0s31b0n0:58589:62056 [1] NCCL INFO GPU Direct RDMA Disabled for GPU 46000 / HCA 1 (distance 6 > 4)
x3103c0s31b0n0:58589:62056 [1] NCCL INFO GPU Direct RDMA Disabled for GPU 46000 / HCA 0 (distance 7 > 4)
x3103c0s31b0n0:58589:62056 [1] NCCL INFO === System : maxBw 5000.0 totalBw 0.0 ===
x3103c0s31b0n0:58589:62056 [1] NCCL INFO CPU/2 (1/2/-1)
x3103c0s31b0n0:58589:62056 [1] NCCL INFO + SYS[5000.0] - CPU/0
x3103c0s31b0n0:58589:62056 [1] NCCL INFO + PCI[24.0] - PCI/44000 (11f8406811f8beef)
