x3004c0s1b0n0:44382:49334 [0] NCCL INFO Connection to proxy localRank 0 -> connection 0x1529ec000d40
x3004c0s1b0n0:44382:49485 [0] NCCL INFO transport/p2p.cc:430 Cuda Alloc Size 6291456 pointer 0x152a2b400000
x3004c0s1b0n0:44392:49333 [2] NCCL INFO Connection to proxy localRank 2 -> connection 0x150808000d40
x3004c0s1b0n0:44392:49492 [2] NCCL INFO transport/p2p.cc:430 Cuda Alloc Size 6291456 pointer 0x150885200000
x3004c0s1b0n0:44387:49332 [1] NCCL INFO Connection to proxy localRank 1 -> connection 0x1489ec000d40
x3004c0s1b0n0:44396:49494 [3] NCCL INFO New proxy recv connection 3 from local rank 3, transport 0
x3004c0s1b0n0:44387:49332 [1] NCCL INFO Channel 03/0 : 19[c7000] -> 1[46000] [receive] via NET/IB/0
x3004c0s1b0n0:44396:49335 [3] NCCL INFO Connection to proxy localRank 3 -> connection 0x147e90000d40
x3004c0s1b0n0:44396:49494 [3] NCCL INFO transport/p2p.cc:449 Cuda Alloc Size 6291456 pointer 0x147f0c400000
x3004c0s1b0n0:44396:49335 [3] NCCL INFO GPU Direct RDMA Disabled for GPU c7000 / HCA 1 (distance 7 > 4)
x3004c0s1b0n0:44392:49492 [2] NCCL INFO New proxy recv connection 4 from local rank 2, transport 0
x3004c0s1b0n0:44396:49494 [3] NCCL INFO Allocated 4194656 bytes of shared memory in /dev/shm/nccl-CBcrVb

x3004c0s1b0n0:44396:49494 [3] NCCL INFO New proxy send connection 4 from local rank 3, transport 2
x3004c0s1b0n0:44392:49333 [2] NCCL INFO Connection to proxy localRank 2 -> connection 0x150808000d80
x3004c0s1b0n0:44392:49492 [2] NCCL INFO transport/p2p.cc:449 Cuda Alloc Size 6291456 pointer 0x150803800000
x3004c0s1b0n0:44396:49335 [3] NCCL INFO Connection to proxy localRank 3 -> connection 0x147e90000d80
x3004c0s1b0n0:44396:49335 [3] NCCL INFO Channel 00/0 : 3[c7000] -> 5[46000] [send] via NET/IB/1
x3004c0s1b0n0:44396:49335 [3] NCCL INFO GPU Direct RDMA Disabled for GPU c7000 / HCA 0 (distance 6 > 4)
x3004c0s1b0n0:44396:49494 [3] NCCL INFO New proxy send connection 5 from local rank 3, transport 2
x3004c0s1b0n0:44396:49335 [3] NCCL INFO Connection to proxy localRank 3 -> connection 0x147e90000dc0
x3004c0s1b0n0:44396:49335 [3] NCCL INFO Channel 01/0 : 3[c7000] -> 5[46000] [send] via NET/IB/0
x3004c0s1b0n0:44396:49335 [3] NCCL INFO GPU Direct RDMA Disabled for GPU c7000 / HCA 1 (distance 7 > 4)
x3004c0s1b0n0:44396:49494 [3] NCCL INFO New proxy send connection 6 from local rank 3, transport 2
x3004c0s1b0n0:44392:49492 [2] NCCL INFO New proxy recv connection 5 from local rank 2, transport 0
x3004c0s1b0n0:44387:49489 [1] NCCL INFO transport/net_ib.cc:683 Ib Alloc Size 21688 pointer 0x1489ec01d000
x3004c0s1b0n0:44387:49489 [1] NCCL INFO transport/net_ib.cc:696 Ib Alloc Size 552 pointer 0x1489ec024000
x3004c0s1b0n0:44392:49333 [2] NCCL INFO Connection to proxy localRank 2 -> connection 0x150808000dc0
x3004c0s1b0n0:44392:49492 [2] NCCL INFO transport/p2p.cc:449 Cuda Alloc Size 6291456 pointer 0x150800000000
x3004c0s1b0n0:44396:49335 [3] NCCL INFO Connection to proxy localRank 3 -> connection 0x147e90000e00
x3004c0s1b0n0:44396:49335 [3] NCCL INFO Channel 02/0 : 3[c7000] -> 5[46000] [send] via NET/IB/1
x3004c0s1b0n0:44396:49335 [3] NCCL INFO GPU Direct RDMA Disabled for GPU c7000 / HCA 0 (distance 6 > 4)
x3004c0s1b0n0:44396:49494 [3] NCCL INFO New proxy send connection 7 from local rank 3, transport 2
x3004c0s1b0n0:44387:49489 [1] NCCL INFO transport/net_ib.cc:771 Ib Alloc Size 552 pointer 0x1489ec041000
x3004c0s1b0n0:44387:49489 [1] NCCL INFO transport/net.cc:698 Cuda Host Alloc Size 9641984 pointer 0x148a62a00000
x3004c0s1b0n0:44392:49492 [2] NCCL INFO New proxy recv connection 6 from local rank 2, transport 0
x3004c0s1b0n0:44396:49335 [3] NCCL INFO Connection to proxy localRank 3 -> connection 0x147e90000e40
x3004c0s1b0n0:44396:49335 [3] NCCL INFO Channel 03/0 : 3[c7000] -> 5[46000] [send] via NET/IB/0
x3004c0s1b0n0:44396:49494 [3] NCCL INFO transport/net_ib.cc:596 Ib Alloc Size 26560 pointer 0x147e90020000
x3004c0s1b0n0:44387:49489 [1] NCCL INFO transport/net_ib.cc:683 Ib Alloc Size 21688 pointer 0x1489ec043000
x3004c0s1b0n0:44387:49489 [1] NCCL INFO transport/net_ib.cc:696 Ib Alloc Size 552 pointer 0x1489ec04a000
x3004c0s1b0n0:44392:49333 [2] NCCL INFO Connection to proxy localRank 2 -> connection 0x150808000e00
x3004c0s1b0n0:44392:49492 [2] NCCL INFO transport/p2p.cc:449 Cuda Alloc Size 6291456 pointer 0x150800600000
x3004c0s1b0n0:44396:49494 [3] NCCL INFO NET/IB: Dev 1 Port 1 qpn 12338 mtu 5 GID 0 (80FE/AF0100FEFF000000)
x3004c0s1b0n0:44396:49494 [3] NCCL INFO transport/net_ib.cc:653 Ib Alloc Size 552 pointer 0x147e90038000
x3004c0s1b0n0:44396:49494 [3] NCCL INFO transport/net.cc:571 Cuda Host Alloc Size 9641984 pointer 0x147e96c00000
x3004c0s1b0n0:44387:49489 [1] NCCL INFO transport/net_ib.cc:771 Ib Alloc Size 552 pointer 0x1489ec065000
x3004c0s1b0n0:44387:49489 [1] NCCL INFO transport/net.cc:698 Cuda Host Alloc Size 9641984 pointer 0x148a63400000
x3004c0s1b0n0:44396:49494 [3] NCCL INFO transport/net_ib.cc:596 Ib Alloc Size 26560 pointer 0x147e9003a000
x3004c0s1b0n0:44387:49489 [1] NCCL INFO transport/net_ib.cc:683 Ib Alloc Size 21688 pointer 0x1489ec067000
x3004c0s1b0n0:44387:49489 [1] NCCL INFO transport/net_ib.cc:696 Ib Alloc Size 552 pointer 0x1489ec06e000
x3004c0s1b0n0:44387:49489 [1] NCCL INFO transport/net_ib.cc:771 Ib Alloc Size 552 pointer 0x1489ec089000
x3004c0s1b0n0:44387:49489 [1] NCCL INFO transport/net.cc:698 Cuda Host Alloc Size 9641984 pointer 0x148a63e00000
x3004c0s1b0n0:44396:49494 [3] NCCL INFO NET/IB: Dev 0 Port 1 qpn 12963 mtu 5 GID 0 (80FE/EA0100FEFF000000)
x3004c0s1b0n0:44396:49494 [3] NCCL INFO transport/net_ib.cc:653 Ib Alloc Size 552 pointer 0x147e90051000
x3004c0s1b0n0:44396:49494 [3] NCCL INFO transport/net.cc:571 Cuda Host Alloc Size 9641984 pointer 0x147e97600000
x3004c0s1b0n0:44392:49492 [2] NCCL INFO New proxy recv connection 7 from local rank 2, transport 0
x3004c0s1b0n0:44396:49494 [3] NCCL INFO transport/net_ib.cc:596 Ib Alloc Size 26560 pointer 0x147e90053000
x3004c0s1b0n0:44396:49494 [3] NCCL INFO NET/IB: Dev 1 Port 1 qpn 12341 mtu 5 GID 0 (80FE/AF0100FEFF000000)
x3004c0s1b0n0:44396:49494 [3] NCCL INFO transport/net_ib.cc:653 Ib Alloc Size 552 pointer 0x147e9006a000
x3004c0s1b0n0:44396:49494 [3] NCCL INFO transport/net.cc:571 Cuda Host Alloc Size 9641984 pointer 0x147e8a000000
x3004c0s1b0n0:44387:49489 [1] NCCL INFO transport/net_ib.cc:683 Ib Alloc Size 21688 pointer 0x1489ec08b000
x3004c0s1b0n0:44387:49489 [1] NCCL INFO transport/net_ib.cc:696 Ib Alloc Size 552 pointer 0x1489ec092000
x3004c0s1b0n0:44387:49489 [1] NCCL INFO transport/net_ib.cc:771 Ib Alloc Size 552 pointer 0x1489ec0ad000
x3004c0s1b0n0:44387:49489 [1] NCCL INFO transport/net.cc:698 Cuda Host Alloc Size 9641984 pointer 0x148a64800000
x3004c0s1b0n0:44392:49333 [2] NCCL INFO Connection to proxy localRank 2 -> connection 0x150808000e40
x3004c0s1b0n0:44392:49492 [2] NCCL INFO transport/p2p.cc:449 Cuda Alloc Size 6291456 pointer 0x150800c00000
x3004c0s1b0n0:44387:49332 [1] NCCL INFO Channel 00/0 : 1[46000] -> 0[7000] via P2P/IPC/read
x3004c0s1b0n0:44387:49489 [1] NCCL INFO New proxy send connection 4 from local rank 1, transport 0
x3004c0s1b0n0:44396:49494 [3] NCCL INFO transport/net_ib.cc:596 Ib Alloc Size 26560 pointer 0x147e9006c000
x3004c0s1b0n0:44396:49494 [3] NCCL INFO NET/IB: Dev 0 Port 1 qpn 12966 mtu 5 GID 0 (80FE/EA0100FEFF000000)
x3004c0s1b0n0:44396:49494 [3] NCCL INFO transport/net_ib.cc:653 Ib Alloc Size 552 pointer 0x147e90083000
x3004c0s1b0n0:44396:49494 [3] NCCL INFO transport/net.cc:571 Cuda Host Alloc Size 9641984 pointer 0x147e8aa00000
x3004c0s1b0n0:44392:49333 [2] NCCL INFO Connected all rings
x3004c0s1b0n0:44392:49492 [2] NCCL INFO New proxy recv connection 8 from local rank 2, transport 0
x3004c0s1b0n0:44382:49485 [0] NCCL INFO New proxy recv connection 4 from local rank 0, transport 0
x3004c0s1b0n0:44382:49334 [0] NCCL INFO Connection to proxy localRank 0 -> connection 0x1529ec000d80
x3004c0s1b0n0:44387:49332 [1] NCCL INFO Connection to proxy localRank 1 -> connection 0x1489ec000d80
x3004c0s1b0n0:44387:49489 [1] NCCL INFO transport/p2p.cc:430 Cuda Alloc Size 6291456 pointer 0x148a65200000
x3004c0s1b0n0:44396:49335 [3] NCCL INFO Connected all rings
x3004c0s1b0n0:44396:49335 [3] NCCL INFO Channel 00/0 : 3[c7000] -> 2[85000] via P2P/IPC/read
x3004c0s1b0n0:44396:49494 [3] NCCL INFO New proxy send connection 8 from local rank 3, transport 0
x3004c0s1b0n0:44382:49485 [0] NCCL INFO transport/p2p.cc:449 Cuda Alloc Size 6291456 pointer 0x152aa0a00000
x3004c0s1b0n0:44392:49333 [2] NCCL INFO Connection to proxy localRank 2 -> connection 0x150808000e80
x3004c0s1b0n0:44392:49492 [2] NCCL INFO transport/p2p.cc:449 Cuda Alloc Size 6291456 pointer 0x1507fec00000
x3004c0s1b0n0:44396:49335 [3] NCCL INFO Connection to proxy localRank 3 -> connection 0x147e90000e80
x3004c0s1b0n0:44396:49494 [3] NCCL INFO transport/p2p.cc:430 Cuda Alloc Size 6291456 pointer 0x147e8b400000
x3004c0s1b0n0:44387:49332 [1] NCCL INFO Channel 01/0 : 1[46000] -> 0[7000] via P2P/IPC/read
x3004c0s1b0n0:44387:49489 [1] NCCL INFO New proxy send connection 5 from local rank 1, transport 0
x3004c0s1b0n0:44382:49485 [0] NCCL INFO New proxy recv connection 5 from local rank 0, transport 0
x3004c0s1b0n0:44392:49492 [2] NCCL INFO New proxy recv connection 9 from local rank 2, transport 0
x3004c0s1b0n0:44392:49333 [2] NCCL INFO Connection to proxy localRank 2 -> connection 0x150808000ec0
x3004c0s1b0n0:44387:49332 [1] NCCL INFO Connection to proxy localRank 1 -> connection 0x1489ec000dc0
x3004c0s1b0n0:44387:49489 [1] NCCL INFO transport/p2p.cc:430 Cuda Alloc Size 6291456 pointer 0x1489e6000000
x3004c0s1b0n0:44387:49332 [1] NCCL INFO Channel 02/0 : 1[46000] -> 0[7000] via P2P/IPC/read
x3004c0s1b0n0:44387:49489 [1] NCCL INFO New proxy send connection 6 from local rank 1, transport 0
x3004c0s1b0n0:44396:49335 [3] NCCL INFO Channel 01/0 : 3[c7000] -> 2[85000] via P2P/IPC/read
x3004c0s1b0n0:44396:49494 [3] NCCL INFO New proxy send connection 9 from local rank 3, transport 0
x3004c0s1b0n0:44382:49334 [0] NCCL INFO Connection to proxy localRank 0 -> connection 0x1529ec000dc0
x3004c0s1b0n0:44392:49492 [2] NCCL INFO transport/p2p.cc:449 Cuda Alloc Size 6291456 pointer 0x1507ff200000
x3004c0s1b0n0:44396:49335 [3] NCCL INFO Connection to proxy localRank 3 -> connection 0x147e90000ec0
x3004c0s1b0n0:44396:49494 [3] NCCL INFO transport/p2p.cc:430 Cuda Alloc Size 6291456 pointer 0x147e8ba00000
x3004c0s1b0n0:44382:49485 [0] NCCL INFO transport/p2p.cc:449 Cuda Alloc Size 6291456 pointer 0x152aa1000000
x3004c0s1b0n0:44382:49485 [0] NCCL INFO New proxy recv connection 6 from local rank 0, transport 0
x3004c0s1b0n0:44392:49492 [2] NCCL INFO New proxy recv connection 10 from local rank 2, transport 0
x3004c0s1b0n0:44387:49332 [1] NCCL INFO Connection to proxy localRank 1 -> connection 0x1489ec000e00
x3004c0s1b0n0:44387:49489 [1] NCCL INFO transport/p2p.cc:430 Cuda Alloc Size 6291456 pointer 0x1489e6600000
x3004c0s1b0n0:44396:49335 [3] NCCL INFO Channel 02/0 : 3[c7000] -> 2[85000] via P2P/IPC/read
x3004c0s1b0n0:44396:49494 [3] NCCL INFO New proxy send connection 10 from local rank 3, transport 0
x3004c0s1b0n0:44382:49334 [0] NCCL INFO Connection to proxy localRank 0 -> connection 0x1529ec000e00
x3004c0s1b0n0:44382:49485 [0] NCCL INFO transport/p2p.cc:449 Cuda Alloc Size 6291456 pointer 0x1529f2000000
x3004c0s1b0n0:44392:49333 [2] NCCL INFO Connection to proxy localRank 2 -> connection 0x150808000f00
x3004c0s1b0n0:44392:49492 [2] NCCL INFO transport/p2p.cc:449 Cuda Alloc Size 6291456 pointer 0x1507ff800000
x3004c0s1b0n0:44396:49335 [3] NCCL INFO Connection to proxy localRank 3 -> connection 0x147e90000f00
x3004c0s1b0n0:44396:49494 [3] NCCL INFO transport/p2p.cc:430 Cuda Alloc Size 6291456 pointer 0x147e88000000
x3004c0s1b0n0:44382:49485 [0] NCCL INFO New proxy recv connection 7 from local rank 0, transport 0
x3004c0s1b0n0:44387:49332 [1] NCCL INFO Channel 03/0 : 1[46000] -> 0[7000] via P2P/IPC/read
x3004c0s1b0n0:44387:49489 [1] NCCL INFO New proxy send connection 7 from local rank 1, transport 0
x3004c0s1b0n0:44396:49335 [3] NCCL INFO Channel 03/0 : 3[c7000] -> 2[85000] via P2P/IPC/read
x3004c0s1b0n0:44396:49494 [3] NCCL INFO New proxy send connection 11 from local rank 3, transport 0
x3004c0s1b0n0:44392:49492 [2] NCCL INFO New proxy recv connection 11 from local rank 2, transport 0
x3004c0s1b0n0:44382:49334 [0] NCCL INFO Connection to proxy localRank 0 -> connection 0x1529ec000e40
x3004c0s1b0n0:44382:49485 [0] NCCL INFO transport/p2p.cc:449 Cuda Alloc Size 6291456 pointer 0x1529f2600000
x3004c0s1b0n0:44387:49332 [1] NCCL INFO Connection to proxy localRank 1 -> connection 0x1489ec000e40
x3004c0s1b0n0:44387:49489 [1] NCCL INFO transport/p2p.cc:430 Cuda Alloc Size 6291456 pointer 0x1489e6c00000
x3004c0s1b0n0:44396:49335 [3] NCCL INFO Connection to proxy localRank 3 -> connection 0x147e90000f40
x3004c0s1b0n0:44396:49494 [3] NCCL INFO transport/p2p.cc:430 Cuda Alloc Size 6291456 pointer 0x147e88600000
x3004c0s1b0n0:44392:49333 [2] NCCL INFO Connection to proxy localRank 2 -> connection 0x150808000f40
x3004c0s1b0n0:44392:49492 [2] NCCL INFO transport/p2p.cc:449 Cuda Alloc Size 6291456 pointer 0x1507fc000000
x3004c0s1b0n0:44387:49332 [1] NCCL INFO Connected all rings
x3004c0s1b0n0:44387:49489 [1] NCCL INFO New proxy recv connection 8 from local rank 1, transport 0
x3004c0s1b0n0:44387:49332 [1] NCCL INFO Connection to proxy localRank 1 -> connection 0x1489ec000e80
x3004c0s1b0n0:44382:49334 [0] NCCL INFO Connected all rings
x3004c0s1b0n0:44382:49334 [0] NCCL INFO Channel 00/0 : 0[7000] -> 1[46000] via P2P/IPC/read
x3004c0s1b0n0:44382:49485 [0] NCCL INFO New proxy send connection 8 from local rank 0, transport 0
x3004c0s1b0n0:44382:49334 [0] NCCL INFO Connection to proxy localRank 0 -> connection 0x1529ec000e80
x3004c0s1b0n0:44382:49485 [0] NCCL INFO transport/p2p.cc:430 Cuda Alloc Size 6291456 pointer 0x1529ea600000
x3004c0s1b0n0:44382:49334 [0] NCCL INFO Channel 01/0 : 0[7000] -> 1[46000] via P2P/IPC/read
x3004c0s1b0n0:44382:49485 [0] NCCL INFO New proxy send connection 9 from local rank 0, transport 0
x3004c0s1b0n0:44387:49489 [1] NCCL INFO transport/p2p.cc:449 Cuda Alloc Size 6291456 pointer 0x1489dec00000
x3004c0s1b0n0:44387:49489 [1] NCCL INFO New proxy recv connection 9 from local rank 1, transport 0
x3004c0s1b0n0:44382:49334 [0] NCCL INFO Connection to proxy localRank 0 -> connection 0x1529ec000ec0
x3004c0s1b0n0:44382:49485 [0] NCCL INFO transport/p2p.cc:430 Cuda Alloc Size 6291456 pointer 0x1529eac00000
x3004c0s1b0n0:44387:49332 [1] NCCL INFO Connection to proxy localRank 1 -> connection 0x1489ec000ec0
x3004c0s1b0n0:44387:49489 [1] NCCL INFO transport/p2p.cc:449 Cuda Alloc Size 6291456 pointer 0x1489df200000
x3004c0s1b0n0:44387:49489 [1] NCCL INFO New proxy recv connection 10 from local rank 1, transport 0
x3004c0s1b0n0:44382:49334 [0] NCCL INFO Channel 02/0 : 0[7000] -> 1[46000] via P2P/IPC/read
x3004c0s1b0n0:44382:49485 [0] NCCL INFO New proxy send connection 10 from local rank 0, transport 0
x3004c0s1b0n0:44387:49332 [1] NCCL INFO Connection to proxy localRank 1 -> connection 0x1489ec000f00
x3004c0s1b0n0:44387:49489 [1] NCCL INFO transport/p2p.cc:449 Cuda Alloc Size 6291456 pointer 0x1489df800000
x3004c0s1b0n0:44382:49334 [0] NCCL INFO Connection to proxy localRank 0 -> connection 0x1529ec000f00
x3004c0s1b0n0:44382:49485 [0] NCCL INFO transport/p2p.cc:430 Cuda Alloc Size 6291456 pointer 0x1529eb200000
x3004c0s1b0n0:44387:49489 [1] NCCL INFO New proxy recv connection 11 from local rank 1, transport 0
x3004c0s1b0n0:44387:49332 [1] NCCL INFO Connection to proxy localRank 1 -> connection 0x1489ec000f40
x3004c0s1b0n0:44387:49489 [1] NCCL INFO transport/p2p.cc:449 Cuda Alloc Size 6291456 pointer 0x1489dc000000
x3004c0s1b0n0:44382:49334 [0] NCCL INFO Channel 03/0 : 0[7000] -> 1[46000] via P2P/IPC/read
x3004c0s1b0n0:44382:49485 [0] NCCL INFO New proxy send connection 11 from local rank 0, transport 0
x3004c0s1b0n0:44387:49332 [1] NCCL INFO Channel 00/0 : 1[46000] -> 2[85000] via P2P/IPC/read
x3004c0s1b0n0:44387:49489 [1] NCCL INFO New proxy send connection 12 from local rank 1, transport 0
x3004c0s1b0n0:44382:49334 [0] NCCL INFO Connection to proxy localRank 0 -> connection 0x1529ec000f40
x3004c0s1b0n0:44382:49485 [0] NCCL INFO transport/p2p.cc:430 Cuda Alloc Size 6291456 pointer 0x1529eb800000
x3004c0s1b0n0:44387:49332 [1] NCCL INFO Connection to proxy localRank 1 -> connection 0x1489ec000f80
x3004c0s1b0n0:44387:49489 [1] NCCL INFO transport/p2p.cc:430 Cuda Alloc Size 6291456 pointer 0x1489dc600000
x3004c0s1b0n0:44387:49332 [1] NCCL INFO Channel 01/0 : 1[46000] -> 2[85000] via P2P/IPC/read
x3004c0s1b0n0:44387:49489 [1] NCCL INFO New proxy send connection 13 from local rank 1, transport 0
x3004c0s1b0n0:44387:49332 [1] NCCL INFO Connection to proxy localRank 1 -> connection 0x1489ec000fc0
x3004c0s1b0n0:44387:49489 [1] NCCL INFO transport/p2p.cc:430 Cuda Alloc Size 6291456 pointer 0x1489dcc00000
x3004c0s1b0n0:44387:49332 [1] NCCL INFO Channel 02/0 : 1[46000] -> 2[85000] via P2P/IPC/read
x3004c0s1b0n0:44387:49489 [1] NCCL INFO New proxy send connection 14 from local rank 1, transport 0
x3004c0s1b0n0:44387:49332 [1] NCCL INFO Connection to proxy localRank 1 -> connection 0x1489ec001000
x3004c0s1b0n0:44387:49489 [1] NCCL INFO transport/p2p.cc:430 Cuda Alloc Size 6291456 pointer 0x1489dd200000
x3004c0s1b0n0:44387:49332 [1] NCCL INFO Channel 03/0 : 1[46000] -> 2[85000] via P2P/IPC/read
x3004c0s1b0n0:44387:49489 [1] NCCL INFO New proxy send connection 15 from local rank 1, transport 0
x3004c0s1b0n0:44387:49332 [1] NCCL INFO Connection to proxy localRank 1 -> connection 0x1489ec001040
x3004c0s1b0n0:44387:49489 [1] NCCL INFO transport/p2p.cc:430 Cuda Alloc Size 6291456 pointer 0x1489dd800000
x3004c0s1b0n0:44387:49332 [1] NCCL INFO GPU Direct RDMA Disabled for GPU 46000 / HCA 1 (distance 6 > 4)
x3004c0s1b0n0:44387:49489 [1] NCCL INFO New proxy recv connection 16 from local rank 1, transport 2
x3004c0s1b0n0:44382:49334 [0] NCCL INFO GPU Direct RDMA Disabled for GPU 7000 / HCA 1 (distance 7 > 4)
x3004c0s1b0n0:44382:49485 [0] NCCL INFO Allocated 4194656 bytes of shared memory in /dev/shm/nccl-zq3JAb

x3004c0s1b0n0:44382:49485 [0] NCCL INFO New proxy recv connection 12 from local rank 0, transport 2
x3004c0s1b0n0:44392:49492 [2] NCCL INFO New proxy recv connection 12 from local rank 2, transport 0
x3004c0s1b0n0:44392:49333 [2] NCCL INFO Connection to proxy localRank 2 -> connection 0x150808000f80
x3004c0s1b0n0:44392:49492 [2] NCCL INFO transport/p2p.cc:449 Cuda Alloc Size 6291456 pointer 0x1507fa000000
x3004c0s1b0n0:44387:49332 [1] NCCL INFO Connection to proxy localRank 1 -> connection 0x1489ec001080
x3004c0s1b0n0:44382:49334 [0] NCCL INFO Connection to proxy localRank 0 -> connection 0x1529ec000f80
x3004c0s1b0n0:44387:49332 [1] NCCL INFO Channel 02/0 : 12[7000] -> 1[46000] [receive] via NET/IB/1
x3004c0s1b0n0:44387:49332 [1] NCCL INFO GPU Direct RDMA Disabled for GPU 46000 / HCA 0 (distance 7 > 4)
x3004c0s1b0n0:44387:49489 [1] NCCL INFO New proxy recv connection 17 from local rank 1, transport 2
x3004c0s1b0n0:44392:49492 [2] NCCL INFO New proxy recv connection 13 from local rank 2, transport 0
x3004c0s1b0n0:44387:49332 [1] NCCL INFO Connection to proxy localRank 1 -> connection 0x1489ec0010c0
x3004c0s1b0n0:44382:49334 [0] NCCL INFO Channel 00/0 : 16[7000] -> 0[7000] [receive] via NET/IB/1
x3004c0s1b0n0:44382:49334 [0] NCCL INFO GPU Direct RDMA Disabled for GPU 7000 / HCA 0 (distance 7 > 4)
x3004c0s1b0n0:44382:49485 [0] NCCL INFO New proxy recv connection 13 from local rank 0, transport 2
x3004c0s1b0n0:44387:49332 [1] NCCL INFO Channel 03/0 : 12[7000] -> 1[46000] [receive] via NET/IB/0
x3004c0s1b0n0:44392:49333 [2] NCCL INFO Connection to proxy localRank 2 -> connection 0x150808000fc0
x3004c0s1b0n0:44392:49492 [2] NCCL INFO transport/p2p.cc:449 Cuda Alloc Size 6291456 pointer 0x1507fa600000
x3004c0s1b0n0:44382:49334 [0] NCCL INFO Connection to proxy localRank 0 -> connection 0x1529ec000fc0
x3004c0s1b0n0:44392:49492 [2] NCCL INFO New proxy recv connection 14 from local rank 2, transport 0
x3004c0s1b0n0:44382:49334 [0] NCCL INFO Channel 01/0 : 16[7000] -> 0[7000] [receive] via NET/IB/0
x3004c0s1b0n0:44382:49334 [0] NCCL INFO GPU Direct RDMA Disabled for GPU 7000 / HCA 1 (distance 7 > 4)
x3004c0s1b0n0:44382:49485 [0] NCCL INFO New proxy send connection 14 from local rank 0, transport 2
x3004c0s1b0n0:44382:49334 [0] NCCL INFO Connection to proxy localRank 0 -> connection 0x1529ec001000
x3004c0s1b0n0:44382:49334 [0] NCCL INFO Channel 02/0 : 0[7000] -> 4[7000] [send] via NET/IB/1
x3004c0s1b0n0:44382:49334 [0] NCCL INFO GPU Direct RDMA Disabled for GPU 7000 / HCA 0 (distance 7 > 4)
x3004c0s1b0n0:44382:49485 [0] NCCL INFO New proxy send connection 15 from local rank 0, transport 2
x3004c0s1b0n0:44392:49333 [2] NCCL INFO Connection to proxy localRank 2 -> connection 0x150808001000
x3004c0s1b0n0:44392:49492 [2] NCCL INFO transport/p2p.cc:449 Cuda Alloc Size 6291456 pointer 0x1507fac00000
x3004c0s1b0n0:44382:49334 [0] NCCL INFO Connection to proxy localRank 0 -> connection 0x1529ec001040
x3004c0s1b0n0:44382:49334 [0] NCCL INFO Channel 03/0 : 0[7000] -> 4[7000] [send] via NET/IB/0
x3004c0s1b0n0:44392:49492 [2] NCCL INFO New proxy recv connection 15 from local rank 2, transport 0
x3004c0s1b0n0:44392:49333 [2] NCCL INFO Connection to proxy localRank 2 -> connection 0x150808001040
x3004c0s1b0n0:44392:49492 [2] NCCL INFO transport/p2p.cc:449 Cuda Alloc Size 6291456 pointer 0x1507fb200000
x3004c0s1b0n0:44392:49333 [2] NCCL INFO Channel 00/0 : 2[85000] -> 1[46000] via P2P/IPC/read
x3004c0s1b0n0:44392:49492 [2] NCCL INFO New proxy send connection 16 from local rank 2, transport 0
x3004c0s1b0n0:44392:49333 [2] NCCL INFO Connection to proxy localRank 2 -> connection 0x150808001080
x3004c0s1b0n0:44392:49492 [2] NCCL INFO transport/p2p.cc:430 Cuda Alloc Size 6291456 pointer 0x1507fb800000
x3004c0s1b0n0:44392:49333 [2] NCCL INFO Channel 01/0 : 2[85000] -> 1[46000] via P2P/IPC/read
x3004c0s1b0n0:44392:49492 [2] NCCL INFO New proxy send connection 17 from local rank 2, transport 0
x3004c0s1b0n0:44382:49485 [0] NCCL INFO transport/net_ib.cc:596 Ib Alloc Size 26560 pointer 0x1529ec025000
x3004c0s1b0n0:44382:49485 [0] NCCL INFO NET/IB: Dev 1 Port 1 qpn 12342 mtu 5 GID 0 (80FE/AF0100FEFF000000)
x3004c0s1b0n0:44382:49485 [0] NCCL INFO transport/net_ib.cc:653 Ib Alloc Size 552 pointer 0x1529ec03d000
x3004c0s1b0n0:44382:49485 [0] NCCL INFO transport/net.cc:571 Cuda Host Alloc Size 9641984 pointer 0x1529e2000000
x3004c0s1b0n0:44382:49485 [0] NCCL INFO transport/net_ib.cc:596 Ib Alloc Size 26560 pointer 0x1529ec03f000
x3004c0s1b0n0:44382:49485 [0] NCCL INFO NET/IB: Dev 0 Port 1 qpn 12967 mtu 5 GID 0 (80FE/EA0100FEFF000000)
x3004c0s1b0n0:44382:49485 [0] NCCL INFO transport/net_ib.cc:653 Ib Alloc Size 552 pointer 0x1529ec057000
x3004c0s1b0n0:44382:49485 [0] NCCL INFO transport/net.cc:571 Cuda Host Alloc Size 9641984 pointer 0x1529e2a00000
x3004c0s1b0n0:44392:49333 [2] NCCL INFO Connection to proxy localRank 2 -> connection 0x1508080010c0
x3004c0s1b0n0:44392:49492 [2] NCCL INFO transport/p2p.cc:430 Cuda Alloc Size 6291456 pointer 0x1507f8000000
x3004c0s1b0n0:44382:49485 [0] NCCL INFO transport/net_ib.cc:683 Ib Alloc Size 21688 pointer 0x1529ec059000
x3004c0s1b0n0:44382:49485 [0] NCCL INFO transport/net_ib.cc:696 Ib Alloc Size 552 pointer 0x1529ec060000
x3004c0s1b0n0:44392:49333 [2] NCCL INFO Channel 02/0 : 2[85000] -> 1[46000] via P2P/IPC/read
x3004c0s1b0n0:44392:49492 [2] NCCL INFO New proxy send connection 18 from local rank 2, transport 0
x3004c0s1b0n0:44382:49485 [0] NCCL INFO transport/net_ib.cc:771 Ib Alloc Size 552 pointer 0x1529ec07c000
x3004c0s1b0n0:44382:49485 [0] NCCL INFO transport/net.cc:698 Cuda Host Alloc Size 9641984 pointer 0x1529e3400000
x3004c0s1b0n0:44382:49485 [0] NCCL INFO transport/net_ib.cc:683 Ib Alloc Size 21688 pointer 0x1529ec07e000
x3004c0s1b0n0:44382:49485 [0] NCCL INFO transport/net_ib.cc:696 Ib Alloc Size 552 pointer 0x1529ec085000
x3004c0s1b0n0:44382:49485 [0] NCCL INFO transport/net_ib.cc:771 Ib Alloc Size 552 pointer 0x1529ec085000
x3004c0s1b0n0:44382:49485 [0] NCCL INFO transport/net.cc:698 Cuda Host Alloc Size 9641984 pointer 0x1529e0000000
x3004c0s1b0n0:44392:49333 [2] NCCL INFO Connection to proxy localRank 2 -> connection 0x150808001100
x3004c0s1b0n0:44392:49492 [2] NCCL INFO transport/p2p.cc:430 Cuda Alloc Size 6291456 pointer 0x1507f8600000
x3004c0s1b0n0:44382:49334 [0] NCCL INFO GPU Direct RDMA Disabled for GPU 7000 / HCA 1 (distance 7 > 4)
x3004c0s1b0n0:44387:49489 [1] NCCL INFO transport/net_ib.cc:683 Ib Alloc Size 21688 pointer 0x1489ec0be000
x3004c0s1b0n0:44387:49489 [1] NCCL INFO transport/net_ib.cc:696 Ib Alloc Size 552 pointer 0x1489ec01a000
x3004c0s1b0n0:44392:49333 [2] NCCL INFO Channel 03/0 : 2[85000] -> 1[46000] via P2P/IPC/read
x3004c0s1b0n0:44392:49492 [2] NCCL INFO New proxy send connection 19 from local rank 2, transport 0
x3004c0s1b0n0:44387:49489 [1] NCCL INFO transport/net_ib.cc:771 Ib Alloc Size 552 pointer 0x1489ec0df000
x3004c0s1b0n0:44387:49489 [1] NCCL INFO transport/net.cc:698 Cuda Host Alloc Size 9641984 pointer 0x1489d9200000
x3004c0s1b0n0:44382:49485 [0] NCCL INFO New proxy recv connection 16 from local rank 0, transport 2
x3004c0s1b0n0:44382:49334 [0] NCCL INFO Connection to proxy localRank 0 -> connection 0x1529ec001080
x3004c0s1b0n0:44392:49333 [2] NCCL INFO Connection to proxy localRank 2 -> connection 0x150808001140
x3004c0s1b0n0:44392:49492 [2] NCCL INFO transport/p2p.cc:430 Cuda Alloc Size 6291456 pointer 0x1507f8c00000
x3004c0s1b0n0:44387:49489 [1] NCCL INFO transport/net_ib.cc:683 Ib Alloc Size 21688 pointer 0x1489ec0e1000
x3004c0s1b0n0:44387:49489 [1] NCCL INFO transport/net_ib.cc:696 Ib Alloc Size 552 pointer 0x1489ec0e8000
x3004c0s1b0n0:44382:49334 [0] NCCL INFO Channel 02/0 : 4[7000] -> 0[7000] [receive] via NET/IB/1
x3004c0s1b0n0:44382:49334 [0] NCCL INFO GPU Direct RDMA Disabled for GPU 7000 / HCA 0 (distance 7 > 4)
x3004c0s1b0n0:44396:49335 [3] NCCL INFO Connected all trees by HAO
x3004c0s1b0n0:44396:49335 [3] NCCL INFO threadThresholds 8/8/64 | 160/8/64 | 512 | 512
x3004c0s1b0n0:44396:49335 [3] NCCL INFO 4 coll channels, 4 p2p channels, 2 p2p channels per peer
x3004c0s1b0n0:44387:49489 [1] NCCL INFO transport/net_ib.cc:771 Ib Alloc Size 552 pointer 0x1489ec103000
x3004c0s1b0n0:44387:49489 [1] NCCL INFO transport/net.cc:698 Cuda Host Alloc Size 9641984 pointer 0x1489d6000000
x3004c0s1b0n0:44396:49494 [3] NCCL INFO New proxy send connection 12 from local rank 3, transport 2
x3004c0s1b0n0:44382:49485 [0] NCCL INFO New proxy recv connection 17 from local rank 0, transport 2
x3004c0s1b0n0:44387:49332 [1] NCCL INFO GPU Direct RDMA Disabled for GPU 46000 / HCA 1 (distance 6 > 4)
x3004c0s1b0n0:44387:49489 [1] NCCL INFO New proxy send connection 18 from local rank 1, transport 2
x3004c0s1b0n0:44382:49334 [0] NCCL INFO Connection to proxy localRank 0 -> connection 0x1529ec0010c0
x3004c0s1b0n0:44396:49335 [3] NCCL INFO Connection to proxy localRank 3 -> connection 0x147e90000f80
x3004c0s1b0n0:44396:49494 [3] NCCL INFO transport/net.cc:376 Cuda Alloc Size 8388608 pointer 0x147e86600000
x3004c0s1b0n0:44387:49332 [1] NCCL INFO Connection to proxy localRank 1 -> connection 0x1489ec001100
x3004c0s1b0n0:44387:49332 [1] NCCL INFO Channel 02/0 : 1[46000] -> 12[7000] [send] via NET/IB/1
x3004c0s1b0n0:44387:49332 [1] NCCL INFO GPU Direct RDMA Disabled for GPU 46000 / HCA 0 (distance 7 > 4)
x3004c0s1b0n0:44387:49489 [1] NCCL INFO New proxy send connection 19 from local rank 1, transport 2
x3004c0s1b0n0:44382:49334 [0] NCCL INFO Channel 03/0 : 4[7000] -> 0[7000] [receive] via NET/IB/0
x3004c0s1b0n0:44382:49334 [0] NCCL INFO GPU Direct RDMA Disabled for GPU 7000 / HCA 1 (distance 7 > 4)
x3004c0s1b0n0:44382:49485 [0] NCCL INFO New proxy send connection 18 from local rank 0, transport 2
x3004c0s1b0n0:44387:49332 [1] NCCL INFO Connection to proxy localRank 1 -> connection 0x1489ec001140
x3004c0s1b0n0:44387:49332 [1] NCCL INFO Channel 03/0 : 1[46000] -> 12[7000] [send] via NET/IB/0
x3004c0s1b0n0:44387:49489 [1] NCCL INFO transport/net_ib.cc:596 Ib Alloc Size 26560 pointer 0x1489ec10f000
x3004c0s1b0n0:44387:49489 [1] NCCL INFO NET/IB: Dev 1 Port 1 qpn 12347 mtu 5 GID 0 (80FE/AF0100FEFF000000)
x3004c0s1b0n0:44387:49489 [1] NCCL INFO transport/net_ib.cc:653 Ib Alloc Size 552 pointer 0x1489ec126000
x3004c0s1b0n0:44387:49489 [1] NCCL INFO transport/net.cc:571 Cuda Host Alloc Size 9641984 pointer 0x1489d6a00000
x3004c0s1b0n0:44382:49334 [0] NCCL INFO Connection to proxy localRank 0 -> connection 0x1529ec001100
x3004c0s1b0n0:44382:49334 [0] NCCL INFO Channel 00/0 : 0[7000] -> 16[7000] [send] via NET/IB/1
x3004c0s1b0n0:44382:49334 [0] NCCL INFO GPU Direct RDMA Disabled for GPU 7000 / HCA 0 (distance 7 > 4)
x3004c0s1b0n0:44382:49485 [0] NCCL INFO New proxy send connection 19 from local rank 0, transport 2
x3004c0s1b0n0:44387:49489 [1] NCCL INFO transport/net_ib.cc:596 Ib Alloc Size 26560 pointer 0x1489ec128000
x3004c0s1b0n0:44382:49334 [0] NCCL INFO Connection to proxy localRank 0 -> connection 0x1529ec001140
x3004c0s1b0n0:44382:49334 [0] NCCL INFO Channel 01/0 : 0[7000] -> 16[7000] [send] via NET/IB/0
x3004c0s1b0n0:44387:49489 [1] NCCL INFO NET/IB: Dev 0 Port 1 qpn 12972 mtu 5 GID 0 (80FE/EA0100FEFF000000)
x3004c0s1b0n0:44387:49489 [1] NCCL INFO transport/net_ib.cc:653 Ib Alloc Size 552 pointer 0x1489ec13f000
x3004c0s1b0n0:44387:49489 [1] NCCL INFO transport/net.cc:571 Cuda Host Alloc Size 9641984 pointer 0x1489d7400000
x3004c0s1b0n0:44387:49489 [1] NCCL INFO New proxy recv connection 20 from local rank 1, transport 0
x3004c0s1b0n0:44387:49332 [1] NCCL INFO Connection to proxy localRank 1 -> connection 0x1489ec001180
x3004c0s1b0n0:44387:49489 [1] NCCL INFO transport/p2p.cc:449 Cuda Alloc Size 6291456 pointer 0x1489d4000000
x3004c0s1b0n0:44387:49489 [1] NCCL INFO New proxy recv connection 21 from local rank 1, transport 0
x3004c0s1b0n0:44387:49332 [1] NCCL INFO Connection to proxy localRank 1 -> connection 0x1489ec0011c0
x3004c0s1b0n0:44387:49489 [1] NCCL INFO transport/p2p.cc:449 Cuda Alloc Size 6291456 pointer 0x1489d4600000
x3004c0s1b0n0:44387:49489 [1] NCCL INFO New proxy recv connection 22 from local rank 1, transport 0
x3004c0s1b0n0:44387:49332 [1] NCCL INFO Connection to proxy localRank 1 -> connection 0x1489ec001200
x3004c0s1b0n0:44387:49489 [1] NCCL INFO transport/p2p.cc:449 Cuda Alloc Size 6291456 pointer 0x1489d4c00000
x3004c0s1b0n0:44387:49489 [1] NCCL INFO New proxy recv connection 23 from local rank 1, transport 0
x3004c0s1b0n0:44387:49332 [1] NCCL INFO Connection to proxy localRank 1 -> connection 0x1489ec001240
x3004c0s1b0n0:44382:49485 [0] NCCL INFO transport/net_ib.cc:596 Ib Alloc Size 26560 pointer 0x1529ec0b4000
x3004c0s1b0n0:44387:49489 [1] NCCL INFO transport/p2p.cc:449 Cuda Alloc Size 6291456 pointer 0x1489d5200000
x3004c0s1b0n0:44382:49485 [0] NCCL INFO NET/IB: Dev 1 Port 1 qpn 12348 mtu 5 GID 0 (80FE/AF0100FEFF000000)
x3004c0s1b0n0:44382:49485 [0] NCCL INFO transport/net_ib.cc:653 Ib Alloc Size 552 pointer 0x1529ec0cb000
x3004c0s1b0n0:44382:49485 [0] NCCL INFO transport/net.cc:571 Cuda Host Alloc Size 9641984 pointer 0x1529e0a00000
x3004c0s1b0n0:44387:49332 [1] NCCL INFO Connected all trees by HAO
x3004c0s1b0n0:44387:49332 [1] NCCL INFO threadThresholds 8/8/64 | 160/8/64 | 512 | 512
x3004c0s1b0n0:44387:49332 [1] NCCL INFO 4 coll channels, 4 p2p channels, 2 p2p channels per peer
x3004c0s1b0n0:44392:49333 [2] NCCL INFO Connected all trees by HAO
x3004c0s1b0n0:44392:49333 [2] NCCL INFO threadThresholds 8/8/64 | 160/8/64 | 512 | 512
x3004c0s1b0n0:44392:49333 [2] NCCL INFO 4 coll channels, 4 p2p channels, 2 p2p channels per peer
x3004c0s1b0n0:44392:49492 [2] NCCL INFO Allocated 4194656 bytes of shared memory in /dev/shm/nccl-9u5kCW

x3004c0s1b0n0:44392:49492 [2] NCCL INFO New proxy send connection 20 from local rank 2, transport 2
x3004c0s1b0n0:44382:49485 [0] NCCL INFO transport/net_ib.cc:596 Ib Alloc Size 26560 pointer 0x1529ec0cd000
x3004c0s1b0n0:44382:49485 [0] NCCL INFO NET/IB: Dev 0 Port 1 qpn 12973 mtu 5 GID 0 (80FE/EA0100FEFF000000)
x3004c0s1b0n0:44382:49485 [0] NCCL INFO transport/net_ib.cc:653 Ib Alloc Size 552 pointer 0x1529ec0e4000
x3004c0s1b0n0:44382:49485 [0] NCCL INFO transport/net.cc:571 Cuda Host Alloc Size 9641984 pointer 0x1529e1400000
x3004c0s1b0n0:44387:49489 [1] NCCL INFO New proxy send connection 24 from local rank 1, transport 2
x3004c0s1b0n0:44382:49485 [0] NCCL INFO Mem Realloc old size 768, new size 1536 pointer 0x1529ec0d9150
x3004c0s1b0n0:44387:49332 [1] NCCL INFO Connection to proxy localRank 1 -> connection 0x1489ec001280
x3004c0s1b0n0:44387:49489 [1] NCCL INFO transport/net.cc:376 Cuda Alloc Size 8388608 pointer 0x1489d3200000
x3004c0s1b0n0:44382:49485 [0] NCCL INFO transport/net_ib.cc:683 Ib Alloc Size 21688 pointer 0x1529ec0e6000
x3004c0s1b0n0:44382:49485 [0] NCCL INFO transport/net_ib.cc:696 Ib Alloc Size 552 pointer 0x1529ec0ed000
x3004c0s1b0n0:44392:49333 [2] NCCL INFO Connection to proxy localRank 2 -> connection 0x150808001180
x3004c0s1b0n0:44392:49492 [2] NCCL INFO transport/net.cc:376 Cuda Alloc Size 8388608 pointer 0x1507f4600000
x3004c0s1b0n0:44382:49485 [0] NCCL INFO transport/net_ib.cc:771 Ib Alloc Size 552 pointer 0x1529ec109000
x3004c0s1b0n0:44382:49485 [0] NCCL INFO transport/net.cc:698 Cuda Host Alloc Size 9641984 pointer 0x1529de000000
x3004c0s1b0n0:44382:49485 [0] NCCL INFO transport/net_ib.cc:683 Ib Alloc Size 21688 pointer 0x1529ec10b000
x3004c0s1b0n0:44382:49485 [0] NCCL INFO transport/net_ib.cc:696 Ib Alloc Size 552 pointer 0x1529ec112000
x3004c0s1b0n0:44382:49485 [0] NCCL INFO transport/net_ib.cc:771 Ib Alloc Size 552 pointer 0x1529ec12d000
x3004c0s1b0n0:44382:49485 [0] NCCL INFO transport/net.cc:698 Cuda Host Alloc Size 9641984 pointer 0x1529dea00000
x3004c0s1b0n0:44382:49334 [0] NCCL INFO Connected all trees by HAO
x3004c0s1b0n0:44382:49334 [0] NCCL INFO Latency/AlgBw |    Tree/    LL |    Tree/ LL128 |    Tree/Simple |    Ring/    LL |    Ring/ LL128 |    Ring/Simple | CollNetDirect/    LL | CollNetDirect/ LL128 | CollNetDirect/Simple | CollNetChain/    LL | CollNetChain/ LL128 | CollNetChain/Simple |
x3004c0s1b0n0:44382:49334 [0] NCCL INFO  Max NThreads |            512 |            640 |            512 |            512 |            640 |            512 |              0 |              0 |            512 |              0 |              0 |            512 |
x3004c0s1b0n0:44382:49334 [0] NCCL INFO     Broadcast |     0.0/   0.0 |     0.0/   0.0 |     0.0/   0.0 |     6.3/   6.0 |    14.0/   0.0 |    18.0/  24.0 |     0.0/   0.0 |     0.0/   0.0 |     0.0/   0.0 |     0.0/   0.0 |     0.0/   0.0 |     0.0/   0.0 |
x3004c0s1b0n0:44382:49334 [0] NCCL INFO        Reduce |     0.0/   0.0 |     0.0/   0.0 |     0.0/   0.0 |     6.3/   6.0 |    14.0/   0.0 |    18.0/  24.0 |     0.0/   0.0 |     0.0/   0.0 |     0.0/   0.0 |     0.0/   0.0 |     0.0/   0.0 |     0.0/   0.0 |
x3004c0s1b0n0:44382:49334 [0] NCCL INFO     AllGather |     0.0/   0.0 |     0.0/   0.0 |     0.0/   0.0 |    27.1/   6.3 |    54.5/   0.0 |    97.8/  25.3 |     0.0/   0.0 |     0.0/   0.0 |     0.0/   0.0 |     0.0/   0.0 |     0.0/   0.0 |     0.0/   0.0 |
x3004c0s1b0n0:44382:49334 [0] NCCL INFO ReduceScatter |     0.0/   0.0 |     0.0/   0.0 |     0.0/   0.0 |    27.1/   6.3 |    54.5/   0.0 |    97.8/  25.3 |     0.0/   0.0 |     0.0/   0.0 |     0.0/   0.0 |     0.0/   0.0 |     0.0/   0.0 |     0.0/   0.0 |
x3004c0s1b0n0:44382:49334 [0] NCCL INFO     AllReduce |    30.0/   2.9 |    45.9/   0.0 |   280.0/  11.0 |    54.3/   3.2 |   103.2/   0.0 |   199.6/  12.6 |     7.4/   0.0 |     7.4/   0.0 |    29.7/   0.0 |     4.4/   0.0 |     4.4/   0.0 |    48.0/   0.0 |
x3004c0s1b0n0:44382:49334 [0] NCCL INFO threadThresholds 8/8/64 | 160/8/64 | 512 | 512
x3004c0s1b0n0:44382:49334 [0] NCCL INFO 4 coll channels, 4 p2p channels, 2 p2p channels per peer
x3004c0s1b0n0:44382:49485 [0] NCCL INFO New proxy send connection 20 from local rank 0, transport 2
x3004c0s1b0n0:44382:49334 [0] NCCL INFO Connection to proxy localRank 0 -> connection 0x1529ec001180
x3004c0s1b0n0:44382:49334 [0] NCCL INFO init.cc:367 Cuda Alloc Size 5168 pointer 0x152a7ba22200
x3004c0s1b0n0:44387:49332 [1] NCCL INFO init.cc:367 Cuda Alloc Size 5168 pointer 0x148a4181fc00
x3004c0s1b0n0:44396:49335 [3] NCCL INFO init.cc:367 Cuda Alloc Size 5168 pointer 0x147ee781fc00
x3004c0s1b0n0:44396:49335 [3] NCCL INFO init.cc:392 Cuda Host Alloc Size 33554432 pointer 0x147e84000000
x3004c0s1b0n0:44396:49335 [3] NCCL INFO init.cc:398 Cuda Host Alloc Size 128 pointer 0x147ee6e00a00
x3004c0s1b0n0:44396:49335 [3] NCCL INFO comm 0x558daf289570 rank 3 nranks 20 cudaDev 3 busId c7000 - Init COMPLETE
x3004c0s1b0n0:44392:49333 [2] NCCL INFO init.cc:367 Cuda Alloc Size 5168 pointer 0x15085f81fc00
x3004c0s1b0n0:44396:44396 [3] NCCL INFO AllReduce: opCount 0 sendbuff 0x147f27600400 recvbuff 0x147f27600400 count 1 datatype 4 op 0 root 0 comm 0x558daf289570 [nranks=20] stream 0x558dac32d180
x3004c0s1b0n0:44396:44396 [3] NCCL INFO misc/utils.cc:235 memory stack hunk malloc(65536)
[LYD INFO in ncclLaunchKernel (enqueue.cc)] NCHANNELS is: 4x3004c0s1b0n0:44387:49332 [1] NCCL INFO init.cc:392 Cuda Host Alloc Size 33554432 pointer 0x1489d0000000
x3004c0s1b0n0:44387:49332 [1] NCCL INFO init.cc:398 Cuda Host Alloc Size 128 pointer 0x148a40e00a00
x3004c0s1b0n0:44387:49332 [1] NCCL INFO comm 0x556418a20b50 rank 1 nranks 20 cudaDev 1 busId 46000 - Init COMPLETE
x3004c0s1b0n0:44392:49333 [2] NCCL INFO init.cc:392 Cuda Host Alloc Size 33554432 pointer 0x1507f2000000
x3004c0s1b0n0:44392:49333 [2] NCCL INFO init.cc:398 Cuda Host Alloc Size 128 pointer 0x15085ee00a00
x3004c0s1b0n0:44392:49333 [2] NCCL INFO comm 0x55b4bee23f30 rank 2 nranks 20 cudaDev 2 busId 85000 - Init COMPLETE
x3004c0s1b0n0:44387:44387 [1] NCCL INFO AllReduce: opCount 0 sendbuff 0x148a7f600400 recvbuff 0x148a7f600400 count 1 datatype 4 op 0 root 0 comm 0x556418a20b50 [nranks=20] stream 0x556417178670
x3004c0s1b0n0:44387:44387 [1] NCCL INFO misc/utils.cc:235 memory stack hunk malloc(65536)
[LYD INFO in ncclLaunchKernel (enqueue.cc)] NCHANNELS is: 4x3004c0s1b0n0:44382:49334 [0] NCCL INFO init.cc:392 Cuda Host Alloc Size 33554432 pointer 0x1529dc000000
x3004c0s1b0n0:44382:49334 [0] NCCL INFO init.cc:398 Cuda Host Alloc Size 128 pointer 0x152a7b000e00
x3004c0s1b0n0:44382:49334 [0] NCCL INFO comm 0x55e9707b7e70 rank 0 nranks 20 cudaDev 0 busId 7000 - Init COMPLETE
x3004c0s1b0n0:44382:49485 [0] NCCL INFO transport/net.cc:376 Cuda Alloc Size 8388608 pointer 0x1529df400000
x3004c0s1b0n0:44392:44392 [2] NCCL INFO AllReduce: opCount 0 sendbuff 0x15089f600400 recvbuff 0x15089f600400 count 1 datatype 4 op 0 root 0 comm 0x55b4bee23f30 [nranks=20] stream 0x55b4bbcc1b70
x3004c0s1b0n0:44392:44392 [2] NCCL INFO misc/utils.cc:235 memory stack hunk malloc(65536)
[LYD INFO in ncclLaunchKernel (enqueue.cc)] NCHANNELS is: 4[Hao INFO in ncclAllReduce (all_reduce.cc)] rank 0 ncclAllReduce: count: 1, datatype: ncclInt64, message size: 8 Bytes
x3004c0s1b0n0:44382:44382 [0] NCCL INFO AllReduce: opCount 0 sendbuff 0x152abb600400 recvbuff 0x152abb600400 count 1 datatype 4 op 0 root 0 comm 0x55e9707b7e70 [nranks=20] stream 0x55e96e9e4160
x3004c0s1b0n0:44382:44382 [0] NCCL INFO misc/utils.cc:235 memory stack hunk malloc(65536)

[LYD INFO in ncclAllReduce (all_reduce.cc)] rank 0 AllReduce Time: 0.000046000 seconds

[LYD INFO in getAlgoInfo (enqueue.cc)] algorithm a is: 0

[LYD INFO in getAlgoInfo (enqueue.cc)] algorithm a is: 1

[LYD INFO in getAlgoInfo (enqueue.cc)] rank: 0, Duration between Point 1 and Point 2: 0.000014000 seconds

[LYD INFO in getAlgoInfo (enqueue.cc)] rank 0, Duration between Point 2 and Point 3: 0.000000000 seconds
[LYD INFO in getAlgoInfo (enqueue.cc)] out rank: 0
[LYD INFO in getAlgoInfo (enqueue.cc)] out coll: 4
[LYD INFO in getAlgoInfo (enqueue.cc)] out sendbuff address: 0x152abb600400
[LYD INFO in getAlgoInfo (enqueue.cc)] out recvbuff address: 0x152abb600400
[LYD INFO in getAlgoInfo (enqueue.cc)] out count: 1
[LYD INFO in getAlgoInfo (enqueue.cc)] out datatype: 4
[LYD INFO in getAlgoInfo (enqueue.cc)] out chunkSteps: 4
[LYD INFO in getAlgoInfo (enqueue.cc)] out sliceSteps: 2
[LYD INFO in getAlgoInfo (enqueue.cc)] out algorithm: 0
[LYD INFO in getAlgoInfo (enqueue.cc)] out protocol: 0
[LYD INFO in getAlgoInfo (enqueue.cc)] out nChannels: 1
[LYD INFO in getAlgoInfo (enqueue.cc)] out nThreads: 96
[LYD INFO in getAlgoInfo (enqueue.cc)] out nBytes: 8
[LYD INFO in getAlgoInfo (enqueue.cc)] out nstepsPerLoop: 0
[LYD INFO in getAlgoInfo (enqueue.cc)] out nchunksPerLoop: 0
[LYD INFO in getAlgoInfo (enqueue.cc)] out chunkSize: 0
[LYD INFO in ncclLaunchKernel (enqueue.cc)] NCHANNELS is: 4
[LYD INFO in NCCL_KERN_NAME (common.h)] 1 AllReduce TREE LL Sum int64_t Elapsed time: 543337 us

[LYD INFO in NCCL_KERN_NAME (common.h)] 0 AllReduce TREE LL Sum int64_t Elapsed time: 493712 us
 > loading doc-idx mapping from /home/yuke/lyd/Megatron-LM/my-gpt2_text_document_train_indexmap_12800ns_512sl_1234s_doc_idx.npy

[LYD INFO in NCCL_KERN_NAME (common.h)] 2 AllReduce TREE LL Sum int64_t Elapsed time: 556291 us
 > loading sample-idx mapping from /home/yuke/lyd/Megatron-LM/my-gpt2_text_document_train_indexmap_12800ns_512sl_1234s_sample_idx.npy
 > loading shuffle-idx mapping from /home/yuke/lyd/Megatron-LM/my-gpt2_text_document_train_indexmap_12800ns_512sl_1234s_shuffle_idx.npy
[Hao INFO in ncclAllReduce (all_reduce.cc)] rank 1 ncclAllReduce: count: 1, datatype: ncclInt64, message size: 8 Bytes
x3004c0s1b0n0:44387:44387 [1] NCCL INFO AllReduce: opCount 0 sendbuff 0x148a7f600400 recvbuff 0x148a7f600400 count 1 datatype 4 op 0 root 0 comm 0x55641890db70 [nranks=1] stream 0x556417178530

[LYD INFO in ncclAllReduce (all_reduce.cc)] rank 0 AllReduce Time: 0.000036000 seconds
x3004c0s1b0n0:44387:44387 [1] NCCL INFO AllReduce: opCount 1 sendbuff 0x148a7f600400 recvbuff 0x148a7f600400 count 1 datatype 4 op 0 root 0 comm 0x556418a20b50 [nranks=20] stream 0x556417178670
[LYD INFO in ncclLaunchKernel (enqueue.cc)] NCHANNELS is: 4
[LYD INFO in NCCL_KERN_NAME (common.h)] 3 AllReduce TREE LL Sum int64_t Elapsed time: 578924 us
    loaded indexed file in 0.019 seconds
    total number of samples: 13112
    total number of epochs: 32
 > WARNING: could not find index map files, building the indices on rank 0 ...
[Hao INFO in ncclAllReduce (all_reduce.cc)] rank 2 ncclAllReduce: count: 1, datatype: ncclInt64, message size: 8 Bytes
x3004c0s1b0n0:44392:44392 [2] NCCL INFO AllReduce: opCount 0 sendbuff 0x15089f600400 recvbuff 0x15089f600400 count 1 datatype 4 op 0 root 0 comm 0x55b4bdd79990 [nranks=1] stream 0x55b4bbcc1a30

[LYD INFO in ncclAllReduce (all_reduce.cc)] rank 0 AllReduce Time: 0.000037000 seconds
x3004c0s1b0n0:44392:44392 [2] NCCL INFO AllReduce: opCount 1 sendbuff 0x15089f600400 recvbuff 0x15089f600400 count 1 datatype 4 op 0 root 0 comm 0x55b4bee23f30 [nranks=20] stream 0x55b4bbcc1b70
[LYD INFO in ncclLaunchKernel (enqueue.cc)] NCHANNELS is: 4[Hao INFO in ncclAllReduce (all_reduce.cc)] rank 3 ncclAllReduce: count: 1, datatype: ncclInt64, message size: 8 Bytes
x3004c0s1b0n0:44396:44396 [3] NCCL INFO AllReduce: opCount 0 sendbuff 0x147f27600400 recvbuff 0x147f27600400 count 1 datatype 4 op 0 root 0 comm 0x558dae2e0e60 [nranks=1] stream 0x558dac32d040

[LYD INFO in ncclAllReduce (all_reduce.cc)] rank 0 AllReduce Time: 0.000037000 seconds
x3004c0s1b0n0:44396:44396 [3] NCCL INFO AllReduce: opCount 1 sendbuff 0x147f27600400 recvbuff 0x147f27600400 count 1 datatype 4 op 0 root 0 comm 0x558daf289570 [nranks=20] stream 0x558dac32d180
[LYD INFO in ncclLaunchKernel (enqueue.cc)] NCHANNELS is: 4x3004c0s1b0n0:44382:45625 [0] NCCL INFO [Service thread] Connection closed by localRank 0
x3004c0s1b0n0:44382:44382 [0] NCCL INFO comm 0x55e953c74540 rank 0 nranks 20 cudaDev 0 busId 7000 - Abort COMPLETE
x3004c0s1b0n0:44382:49485 [0] NCCL INFO [Service thread] Connection closed by localRank 0
x3004c0s1b0n0:44382:44382 [0] NCCL INFO comm 0x55e9707b7e70 rank 0 nranks 20 cudaDev 0 busId 7000 - Abort COMPLETE
x3004c0s1b0n0:44382:49081 [0] NCCL INFO [Service thread] Connection closed by localRank 0
x3004c0s1b0n0:44382:44382 [0] NCCL INFO comm 0x55e971864960 rank 0 nranks 2 cudaDev 0 busId 7000 - Abort COMPLETE
x3004c0s1b0n0:44382:49326 [0] NCCL INFO [Service thread] Connection closed by localRank 0
x3004c0s1b0n0:44382:44382 [0] NCCL INFO comm 0x55e971606ff0 rank 0 nranks 1 cudaDev 0 busId 7000 - Abort COMPLETE
