x3104c0s1b1n0:12779:14198 [0] NCCL INFO transport/p2p.cc:430 Cuda Alloc Size 6291456 pointer 0x14f52ac00000
x3104c0s1b1n0:12791:14175 [3] NCCL INFO transport/net_ib.cc:596 Ib Alloc Size 26560 pointer 0x15155c066000
x3104c0s1b1n0:12791:14175 [3] NCCL INFO NET/IB: Dev 1 Port 1 qpn 10422 mtu 5 GID 0 (80FE/EF2100FEFF000000)
x3104c0s1b1n0:12791:14175 [3] NCCL INFO transport/net_ib.cc:653 Ib Alloc Size 552 pointer 0x15155c07d000
x3104c0s1b1n0:12791:14175 [3] NCCL INFO transport/net.cc:571 Cuda Host Alloc Size 9641984 pointer 0x1515ac200000
x3104c0s1b1n0:12789:14200 [2] NCCL INFO New proxy recv connection 7 from local rank 2, transport 0
x3104c0s1b1n0:12789:14014 [2] NCCL INFO Connection to proxy localRank 2 -> connection 0x15039c000e40
x3104c0s1b1n0:12789:14200 [2] NCCL INFO transport/p2p.cc:449 Cuda Alloc Size 6291456 pointer 0x150392000000
x3104c0s1b1n0:12791:14175 [3] NCCL INFO transport/net_ib.cc:596 Ib Alloc Size 26560 pointer 0x15155c07f000
x3104c0s1b1n0:12791:14175 [3] NCCL INFO NET/IB: Dev 0 Port 1 qpn 11492 mtu 5 GID 0 (80FE/AA2100FEFF000000)
x3104c0s1b1n0:12791:14175 [3] NCCL INFO transport/net_ib.cc:653 Ib Alloc Size 552 pointer 0x15155c096000
x3104c0s1b1n0:12791:14175 [3] NCCL INFO transport/net.cc:571 Cuda Host Alloc Size 9641984 pointer 0x1515acc00000
x3104c0s1b1n0:12789:14014 [2] NCCL INFO Connected all rings
x3104c0s1b1n0:12779:14198 [0] NCCL INFO New proxy recv connection 4 from local rank 0, transport 0
x3104c0s1b1n0:12789:14200 [2] NCCL INFO New proxy recv connection 8 from local rank 2, transport 0
x3104c0s1b1n0:12791:14015 [3] NCCL INFO Connected all rings
x3104c0s1b1n0:12791:14015 [3] NCCL INFO Channel 00/0 : 19[c7000] -> 18[85000] via P2P/IPC/read
x3104c0s1b1n0:12791:14175 [3] NCCL INFO New proxy send connection 8 from local rank 3, transport 0
x3104c0s1b1n0:12789:14014 [2] NCCL INFO Connection to proxy localRank 2 -> connection 0x15039c000e80
x3104c0s1b1n0:12789:14200 [2] NCCL INFO transport/p2p.cc:449 Cuda Alloc Size 6291456 pointer 0x150390000000
x3104c0s1b1n0:12779:14013 [0] NCCL INFO Connection to proxy localRank 0 -> connection 0x14f524000d80
x3104c0s1b1n0:12779:14198 [0] NCCL INFO transport/p2p.cc:449 Cuda Alloc Size 6291456 pointer 0x14f522c00000
x3104c0s1b1n0:12791:14015 [3] NCCL INFO Connection to proxy localRank 3 -> connection 0x15155c000e80
x3104c0s1b1n0:12791:14175 [3] NCCL INFO transport/p2p.cc:430 Cuda Alloc Size 6291456 pointer 0x1515ad600000
x3104c0s1b1n0:12791:14015 [3] NCCL INFO Channel 01/0 : 19[c7000] -> 18[85000] via P2P/IPC/read
x3104c0s1b1n0:12779:14198 [0] NCCL INFO New proxy recv connection 5 from local rank 0, transport 0
x3104c0s1b1n0:12779:14013 [0] NCCL INFO Connection to proxy localRank 0 -> connection 0x14f524000dc0
x3104c0s1b1n0:12779:14198 [0] NCCL INFO transport/p2p.cc:449 Cuda Alloc Size 6291456 pointer 0x14f523200000
x3104c0s1b1n0:12789:14200 [2] NCCL INFO New proxy recv connection 9 from local rank 2, transport 0
x3104c0s1b1n0:12791:14175 [3] NCCL INFO New proxy send connection 9 from local rank 3, transport 0
x3104c0s1b1n0:12779:14198 [0] NCCL INFO New proxy recv connection 6 from local rank 0, transport 0
x3104c0s1b1n0:12782:14201 [1] NCCL INFO transport/net_ib.cc:683 Ib Alloc Size 21688 pointer 0x148bd801d000
x3104c0s1b1n0:12782:14201 [1] NCCL INFO transport/net_ib.cc:696 Ib Alloc Size 552 pointer 0x148bd8024000
x3104c0s1b1n0:12779:14013 [0] NCCL INFO Connection to proxy localRank 0 -> connection 0x14f524000e00
x3104c0s1b1n0:12779:14198 [0] NCCL INFO transport/p2p.cc:449 Cuda Alloc Size 6291456 pointer 0x14f523800000
x3104c0s1b1n0:12791:14015 [3] NCCL INFO Connection to proxy localRank 3 -> connection 0x15155c000ec0
x3104c0s1b1n0:12789:14014 [2] NCCL INFO Connection to proxy localRank 2 -> connection 0x15039c000ec0
x3104c0s1b1n0:12791:14175 [3] NCCL INFO transport/p2p.cc:430 Cuda Alloc Size 6291456 pointer 0x1515adc00000
x3104c0s1b1n0:12789:14200 [2] NCCL INFO transport/p2p.cc:449 Cuda Alloc Size 6291456 pointer 0x150390600000
x3104c0s1b1n0:12779:14198 [0] NCCL INFO New proxy recv connection 7 from local rank 0, transport 0
x3104c0s1b1n0:12782:14201 [1] NCCL INFO transport/net_ib.cc:771 Ib Alloc Size 552 pointer 0x148bd804b000
x3104c0s1b1n0:12782:14201 [1] NCCL INFO transport/net.cc:698 Cuda Host Alloc Size 9641984 pointer 0x148bd6000000
x3104c0s1b1n0:12782:14201 [1] NCCL INFO Mem Realloc old size 0, new size 768 pointer 0x148bd80406b0
x3104c0s1b1n0:12791:14015 [3] NCCL INFO Channel 02/0 : 19[c7000] -> 18[85000] via P2P/IPC/read
x3104c0s1b1n0:12791:14175 [3] NCCL INFO New proxy send connection 10 from local rank 3, transport 0
x3104c0s1b1n0:12789:14200 [2] NCCL INFO New proxy recv connection 10 from local rank 2, transport 0
x3104c0s1b1n0:12779:14013 [0] NCCL INFO Connection to proxy localRank 0 -> connection 0x14f524000e40
x3104c0s1b1n0:12779:14198 [0] NCCL INFO transport/p2p.cc:449 Cuda Alloc Size 6291456 pointer 0x14f520000000
x3104c0s1b1n0:12789:14014 [2] NCCL INFO Connection to proxy localRank 2 -> connection 0x15039c000f00
x3104c0s1b1n0:12782:14201 [1] NCCL INFO transport/net_ib.cc:683 Ib Alloc Size 21688 pointer 0x148bd804d000
x3104c0s1b1n0:12782:14201 [1] NCCL INFO transport/net_ib.cc:696 Ib Alloc Size 552 pointer 0x148bd8054000
x3104c0s1b1n0:12789:14200 [2] NCCL INFO transport/p2p.cc:449 Cuda Alloc Size 6291456 pointer 0x150390c00000
x3104c0s1b1n0:12791:14015 [3] NCCL INFO Connection to proxy localRank 3 -> connection 0x15155c000f00
x3104c0s1b1n0:12791:14175 [3] NCCL INFO transport/p2p.cc:430 Cuda Alloc Size 6291456 pointer 0x1515ae200000
x3104c0s1b1n0:12782:14201 [1] NCCL INFO transport/net_ib.cc:771 Ib Alloc Size 552 pointer 0x148bd8079000
x3104c0s1b1n0:12782:14201 [1] NCCL INFO transport/net.cc:698 Cuda Host Alloc Size 9641984 pointer 0x148bd6a00000
x3104c0s1b1n0:12782:14201 [1] NCCL INFO Mem Realloc old size 0, new size 768 pointer 0x148bd806e880
x3104c0s1b1n0:12791:14015 [3] NCCL INFO Channel 03/0 : 19[c7000] -> 18[85000] via P2P/IPC/read
x3104c0s1b1n0:12791:14175 [3] NCCL INFO New proxy send connection 11 from local rank 3, transport 0
x3104c0s1b1n0:12791:14015 [3] NCCL INFO Connection to proxy localRank 3 -> connection 0x15155c000f40
x3104c0s1b1n0:12791:14175 [3] NCCL INFO transport/p2p.cc:430 Cuda Alloc Size 6291456 pointer 0x1515ae800000
x3104c0s1b1n0:12789:14200 [2] NCCL INFO New proxy recv connection 11 from local rank 2, transport 0
x3104c0s1b1n0:12782:14201 [1] NCCL INFO transport/net_ib.cc:683 Ib Alloc Size 21688 pointer 0x148bd807b000
x3104c0s1b1n0:12782:14201 [1] NCCL INFO transport/net_ib.cc:696 Ib Alloc Size 552 pointer 0x148bd8082000
x3104c0s1b1n0:12782:14201 [1] NCCL INFO transport/net_ib.cc:771 Ib Alloc Size 552 pointer 0x148bd809d000
x3104c0s1b1n0:12782:14201 [1] NCCL INFO transport/net.cc:698 Cuda Host Alloc Size 9641984 pointer 0x148bd7400000
x3104c0s1b1n0:12789:14014 [2] NCCL INFO Connection to proxy localRank 2 -> connection 0x15039c000f40
x3104c0s1b1n0:12789:14200 [2] NCCL INFO transport/p2p.cc:449 Cuda Alloc Size 6291456 pointer 0x150391200000
x3104c0s1b1n0:12782:14201 [1] NCCL INFO transport/net_ib.cc:683 Ib Alloc Size 21688 pointer 0x148bd809f000
x3104c0s1b1n0:12782:14201 [1] NCCL INFO transport/net_ib.cc:696 Ib Alloc Size 552 pointer 0x148bd80a6000
x3104c0s1b1n0:12782:14201 [1] NCCL INFO transport/net_ib.cc:771 Ib Alloc Size 552 pointer 0x148bd80c1000
x3104c0s1b1n0:12782:14201 [1] NCCL INFO transport/net.cc:698 Cuda Host Alloc Size 9641984 pointer 0x148bd4000000
x3104c0s1b1n0:12782:14009 [1] NCCL INFO Channel 00/0 : 17[46000] -> 16[7000] via P2P/IPC/read
x3104c0s1b1n0:12782:14201 [1] NCCL INFO New proxy send connection 4 from local rank 1, transport 0
x3104c0s1b1n0:12782:14009 [1] NCCL INFO Connection to proxy localRank 1 -> connection 0x148bd8000d80
x3104c0s1b1n0:12782:14201 [1] NCCL INFO transport/p2p.cc:430 Cuda Alloc Size 6291456 pointer 0x148bd4a00000
x3104c0s1b1n0:12782:14009 [1] NCCL INFO Channel 01/0 : 17[46000] -> 16[7000] via P2P/IPC/read
x3104c0s1b1n0:12782:14201 [1] NCCL INFO New proxy send connection 5 from local rank 1, transport 0
x3104c0s1b1n0:12782:14009 [1] NCCL INFO Connection to proxy localRank 1 -> connection 0x148bd8000dc0
x3104c0s1b1n0:12782:14201 [1] NCCL INFO transport/p2p.cc:430 Cuda Alloc Size 6291456 pointer 0x148bd5000000
x3104c0s1b1n0:12782:14009 [1] NCCL INFO Channel 02/0 : 17[46000] -> 16[7000] via P2P/IPC/read
x3104c0s1b1n0:12782:14201 [1] NCCL INFO New proxy send connection 6 from local rank 1, transport 0
x3104c0s1b1n0:12782:14009 [1] NCCL INFO Connection to proxy localRank 1 -> connection 0x148bd8000e00
x3104c0s1b1n0:12782:14201 [1] NCCL INFO transport/p2p.cc:430 Cuda Alloc Size 6291456 pointer 0x148bd5600000
x3104c0s1b1n0:12782:14009 [1] NCCL INFO Channel 03/0 : 17[46000] -> 16[7000] via P2P/IPC/read
x3104c0s1b1n0:12782:14201 [1] NCCL INFO New proxy send connection 7 from local rank 1, transport 0
x3104c0s1b1n0:12782:14009 [1] NCCL INFO Connection to proxy localRank 1 -> connection 0x148bd8000e40
x3104c0s1b1n0:12782:14201 [1] NCCL INFO transport/p2p.cc:430 Cuda Alloc Size 6291456 pointer 0x148be7a00000
x3104c0s1b1n0:12782:14009 [1] NCCL INFO Connected all rings
x3104c0s1b1n0:12782:14201 [1] NCCL INFO New proxy recv connection 8 from local rank 1, transport 0
x3104c0s1b1n0:12779:14013 [0] NCCL INFO Connected all rings
x3104c0s1b1n0:12779:14013 [0] NCCL INFO Channel 00/0 : 16[7000] -> 17[46000] via P2P/IPC/read
x3104c0s1b1n0:12779:14198 [0] NCCL INFO New proxy send connection 8 from local rank 0, transport 0
x3104c0s1b1n0:12782:14009 [1] NCCL INFO Connection to proxy localRank 1 -> connection 0x148bd8000e80
x3104c0s1b1n0:12782:14201 [1] NCCL INFO transport/p2p.cc:449 Cuda Alloc Size 6291456 pointer 0x148bd3800000
x3104c0s1b1n0:12779:14013 [0] NCCL INFO Connection to proxy localRank 0 -> connection 0x14f524000e80
x3104c0s1b1n0:12779:14198 [0] NCCL INFO transport/p2p.cc:430 Cuda Alloc Size 6291456 pointer 0x14f51e000000
x3104c0s1b1n0:12782:14201 [1] NCCL INFO New proxy recv connection 9 from local rank 1, transport 0
x3104c0s1b1n0:12779:14013 [0] NCCL INFO Channel 01/0 : 16[7000] -> 17[46000] via P2P/IPC/read
x3104c0s1b1n0:12779:14198 [0] NCCL INFO New proxy send connection 9 from local rank 0, transport 0
x3104c0s1b1n0:12782:14009 [1] NCCL INFO Connection to proxy localRank 1 -> connection 0x148bd8000ec0
x3104c0s1b1n0:12782:14201 [1] NCCL INFO transport/p2p.cc:449 Cuda Alloc Size 6291456 pointer 0x148bd0000000
x3104c0s1b1n0:12779:14013 [0] NCCL INFO Connection to proxy localRank 0 -> connection 0x14f524000ec0
x3104c0s1b1n0:12779:14198 [0] NCCL INFO transport/p2p.cc:430 Cuda Alloc Size 6291456 pointer 0x14f51e600000
x3104c0s1b1n0:12782:14201 [1] NCCL INFO New proxy recv connection 10 from local rank 1, transport 0
x3104c0s1b1n0:12779:14013 [0] NCCL INFO Channel 02/0 : 16[7000] -> 17[46000] via P2P/IPC/read
x3104c0s1b1n0:12779:14198 [0] NCCL INFO New proxy send connection 10 from local rank 0, transport 0
x3104c0s1b1n0:12782:14009 [1] NCCL INFO Connection to proxy localRank 1 -> connection 0x148bd8000f00
x3104c0s1b1n0:12782:14201 [1] NCCL INFO transport/p2p.cc:449 Cuda Alloc Size 6291456 pointer 0x148bd0600000
x3104c0s1b1n0:12779:14013 [0] NCCL INFO Connection to proxy localRank 0 -> connection 0x14f524000f00
x3104c0s1b1n0:12779:14198 [0] NCCL INFO transport/p2p.cc:430 Cuda Alloc Size 6291456 pointer 0x14f51ec00000
x3104c0s1b1n0:12782:14201 [1] NCCL INFO New proxy recv connection 11 from local rank 1, transport 0
x3104c0s1b1n0:12782:14009 [1] NCCL INFO Connection to proxy localRank 1 -> connection 0x148bd8000f40
x3104c0s1b1n0:12782:14201 [1] NCCL INFO transport/p2p.cc:449 Cuda Alloc Size 6291456 pointer 0x148bd0c00000
x3104c0s1b1n0:12782:14009 [1] NCCL INFO Channel 00/0 : 17[46000] -> 18[85000] via P2P/IPC/read
x3104c0s1b1n0:12779:14013 [0] NCCL INFO Channel 03/0 : 16[7000] -> 17[46000] via P2P/IPC/read
x3104c0s1b1n0:12779:14198 [0] NCCL INFO New proxy send connection 11 from local rank 0, transport 0
x3104c0s1b1n0:12782:14201 [1] NCCL INFO New proxy send connection 12 from local rank 1, transport 0
x3104c0s1b1n0:12779:14013 [0] NCCL INFO Connection to proxy localRank 0 -> connection 0x14f524000f40
x3104c0s1b1n0:12779:14198 [0] NCCL INFO transport/p2p.cc:430 Cuda Alloc Size 6291456 pointer 0x14f51f200000
x3104c0s1b1n0:12782:14009 [1] NCCL INFO Connection to proxy localRank 1 -> connection 0x148bd8000f80
x3104c0s1b1n0:12782:14201 [1] NCCL INFO transport/p2p.cc:430 Cuda Alloc Size 6291456 pointer 0x148bd1200000
x3104c0s1b1n0:12782:14009 [1] NCCL INFO Channel 01/0 : 17[46000] -> 18[85000] via P2P/IPC/read
x3104c0s1b1n0:12782:14201 [1] NCCL INFO New proxy send connection 13 from local rank 1, transport 0
x3104c0s1b1n0:12782:14009 [1] NCCL INFO Connection to proxy localRank 1 -> connection 0x148bd8000fc0
x3104c0s1b1n0:12782:14201 [1] NCCL INFO transport/p2p.cc:430 Cuda Alloc Size 6291456 pointer 0x148bd1800000
x3104c0s1b1n0:12782:14009 [1] NCCL INFO Channel 02/0 : 17[46000] -> 18[85000] via P2P/IPC/read
x3104c0s1b1n0:12782:14201 [1] NCCL INFO New proxy send connection 14 from local rank 1, transport 0
x3104c0s1b1n0:12782:14009 [1] NCCL INFO Connection to proxy localRank 1 -> connection 0x148bd8001000
x3104c0s1b1n0:12782:14201 [1] NCCL INFO transport/p2p.cc:430 Cuda Alloc Size 6291456 pointer 0x148bce000000
x3104c0s1b1n0:12782:14009 [1] NCCL INFO Channel 03/0 : 17[46000] -> 18[85000] via P2P/IPC/read
x3104c0s1b1n0:12782:14201 [1] NCCL INFO New proxy send connection 15 from local rank 1, transport 0
x3104c0s1b1n0:12782:14009 [1] NCCL INFO Connection to proxy localRank 1 -> connection 0x148bd8001040
x3104c0s1b1n0:12782:14201 [1] NCCL INFO transport/p2p.cc:430 Cuda Alloc Size 6291456 pointer 0x148bce600000
x3104c0s1b1n0:12782:14009 [1] NCCL INFO GPU Direct RDMA Disabled for GPU 46000 / HCA 1 (distance 6 > 4)
x3104c0s1b1n0:12779:14013 [0] NCCL INFO GPU Direct RDMA Disabled for GPU 7000 / HCA 1 (distance 7 > 4)
x3104c0s1b1n0:12779:14198 [0] NCCL INFO Allocated 4194656 bytes of shared memory in /dev/shm/nccl-W0uO4v

x3104c0s1b1n0:12779:14198 [0] NCCL INFO New proxy recv connection 12 from local rank 0, transport 2
x3104c0s1b1n0:12779:14013 [0] NCCL INFO Connection to proxy localRank 0 -> connection 0x14f524000f80
x3104c0s1b1n0:12782:14201 [1] NCCL INFO New proxy recv connection 16 from local rank 1, transport 2
x3104c0s1b1n0:12789:14200 [2] NCCL INFO New proxy recv connection 12 from local rank 2, transport 0
x3104c0s1b1n0:12782:14009 [1] NCCL INFO Connection to proxy localRank 1 -> connection 0x148bd8001080
x3104c0s1b1n0:12779:14013 [0] NCCL INFO Channel 02/0 : 12[7000] -> 16[7000] [receive] via NET/IB/1
x3104c0s1b1n0:12779:14013 [0] NCCL INFO GPU Direct RDMA Disabled for GPU 7000 / HCA 0 (distance 7 > 4)
x3104c0s1b1n0:12779:14198 [0] NCCL INFO New proxy recv connection 13 from local rank 0, transport 2
x3104c0s1b1n0:12789:14014 [2] NCCL INFO Connection to proxy localRank 2 -> connection 0x15039c000f80
x3104c0s1b1n0:12789:14200 [2] NCCL INFO transport/p2p.cc:449 Cuda Alloc Size 6291456 pointer 0x15038f200000
x3104c0s1b1n0:12782:14009 [1] NCCL INFO Channel 00/0 : 8[7000] -> 17[46000] [receive] via NET/IB/1
x3104c0s1b1n0:12782:14009 [1] NCCL INFO GPU Direct RDMA Disabled for GPU 46000 / HCA 0 (distance 7 > 4)
x3104c0s1b1n0:12782:14201 [1] NCCL INFO New proxy recv connection 17 from local rank 1, transport 2
x3104c0s1b1n0:12779:14013 [0] NCCL INFO Connection to proxy localRank 0 -> connection 0x14f524000fc0
x3104c0s1b1n0:12789:14200 [2] NCCL INFO New proxy recv connection 13 from local rank 2, transport 0
x3104c0s1b1n0:12782:14009 [1] NCCL INFO Connection to proxy localRank 1 -> connection 0x148bd80010c0
x3104c0s1b1n0:12789:14014 [2] NCCL INFO Connection to proxy localRank 2 -> connection 0x15039c000fc0
x3104c0s1b1n0:12789:14200 [2] NCCL INFO transport/p2p.cc:449 Cuda Alloc Size 6291456 pointer 0x15038f800000
x3104c0s1b1n0:12779:14013 [0] NCCL INFO Channel 03/0 : 12[7000] -> 16[7000] [receive] via NET/IB/0
x3104c0s1b1n0:12779:14013 [0] NCCL INFO GPU Direct RDMA Disabled for GPU 7000 / HCA 1 (distance 7 > 4)
x3104c0s1b1n0:12779:14198 [0] NCCL INFO New proxy send connection 14 from local rank 0, transport 2
x3104c0s1b1n0:12782:14009 [1] NCCL INFO Channel 01/0 : 8[7000] -> 17[46000] [receive] via NET/IB/0
x3104c0s1b1n0:12789:14200 [2] NCCL INFO New proxy recv connection 14 from local rank 2, transport 0
x3104c0s1b1n0:12779:14013 [0] NCCL INFO Connection to proxy localRank 0 -> connection 0x14f524001000
x3104c0s1b1n0:12779:14013 [0] NCCL INFO Channel 00/0 : 16[7000] -> 0[7000] [send] via NET/IB/1
x3104c0s1b1n0:12779:14013 [0] NCCL INFO GPU Direct RDMA Disabled for GPU 7000 / HCA 0 (distance 7 > 4)
x3104c0s1b1n0:12779:14198 [0] NCCL INFO New proxy send connection 15 from local rank 0, transport 2
x3104c0s1b1n0:12789:14014 [2] NCCL INFO Connection to proxy localRank 2 -> connection 0x15039c001000
x3104c0s1b1n0:12789:14200 [2] NCCL INFO transport/p2p.cc:449 Cuda Alloc Size 6291456 pointer 0x15038c000000
x3104c0s1b1n0:12789:14200 [2] NCCL INFO New proxy recv connection 15 from local rank 2, transport 0
x3104c0s1b1n0:12789:14014 [2] NCCL INFO Connection to proxy localRank 2 -> connection 0x15039c001040
x3104c0s1b1n0:12779:14013 [0] NCCL INFO Connection to proxy localRank 0 -> connection 0x14f524001040
x3104c0s1b1n0:12779:14013 [0] NCCL INFO Channel 01/0 : 16[7000] -> 0[7000] [send] via NET/IB/0
x3104c0s1b1n0:12789:14200 [2] NCCL INFO transport/p2p.cc:449 Cuda Alloc Size 6291456 pointer 0x15038c600000
x3104c0s1b1n0:12789:14014 [2] NCCL INFO Channel 00/0 : 18[85000] -> 17[46000] via P2P/IPC/read
x3104c0s1b1n0:12789:14200 [2] NCCL INFO New proxy send connection 16 from local rank 2, transport 0
x3104c0s1b1n0:12789:14014 [2] NCCL INFO Connection to proxy localRank 2 -> connection 0x15039c001080
x3104c0s1b1n0:12789:14200 [2] NCCL INFO transport/p2p.cc:430 Cuda Alloc Size 6291456 pointer 0x15038cc00000
x3104c0s1b1n0:12789:14014 [2] NCCL INFO Channel 01/0 : 18[85000] -> 17[46000] via P2P/IPC/read
x3104c0s1b1n0:12779:14198 [0] NCCL INFO transport/net_ib.cc:596 Ib Alloc Size 26560 pointer 0x14f524026000
x3104c0s1b1n0:12779:14198 [0] NCCL INFO NET/IB: Dev 1 Port 1 qpn 10427 mtu 5 GID 0 (80FE/EF2100FEFF000000)
x3104c0s1b1n0:12779:14198 [0] NCCL INFO transport/net_ib.cc:653 Ib Alloc Size 552 pointer 0x14f524048000
x3104c0s1b1n0:12779:14198 [0] NCCL INFO transport/net.cc:571 Cuda Host Alloc Size 9641984 pointer 0x14f51d200000
x3104c0s1b1n0:12779:14198 [0] NCCL INFO Mem Realloc old size 0, new size 768 pointer 0x14f5240354d0
x3104c0s1b1n0:12789:14200 [2] NCCL INFO New proxy send connection 17 from local rank 2, transport 0
x3104c0s1b1n0:12779:14198 [0] NCCL INFO transport/net_ib.cc:596 Ib Alloc Size 26560 pointer 0x14f52404a000
x3104c0s1b1n0:12789:14014 [2] NCCL INFO Connection to proxy localRank 2 -> connection 0x15039c0010c0
x3104c0s1b1n0:12789:14200 [2] NCCL INFO transport/p2p.cc:430 Cuda Alloc Size 6291456 pointer 0x15038d200000
x3104c0s1b1n0:12779:14198 [0] NCCL INFO NET/IB: Dev 0 Port 1 qpn 11497 mtu 5 GID 0 (80FE/AA2100FEFF000000)
x3104c0s1b1n0:12779:14198 [0] NCCL INFO transport/net_ib.cc:653 Ib Alloc Size 552 pointer 0x14f52406b000
x3104c0s1b1n0:12779:14198 [0] NCCL INFO transport/net.cc:571 Cuda Host Alloc Size 9641984 pointer 0x14f516000000
x3104c0s1b1n0:12779:14198 [0] NCCL INFO Mem Realloc old size 0, new size 768 pointer 0x14f524056050
x3104c0s1b1n0:12789:14014 [2] NCCL INFO Channel 02/0 : 18[85000] -> 17[46000] via P2P/IPC/read
x3104c0s1b1n0:12789:14200 [2] NCCL INFO New proxy send connection 18 from local rank 2, transport 0
x3104c0s1b1n0:12779:14198 [0] NCCL INFO transport/net_ib.cc:683 Ib Alloc Size 21688 pointer 0x14f52406d000
x3104c0s1b1n0:12779:14198 [0] NCCL INFO transport/net_ib.cc:696 Ib Alloc Size 552 pointer 0x14f524074000
x3104c0s1b1n0:12779:14198 [0] NCCL INFO transport/net_ib.cc:771 Ib Alloc Size 552 pointer 0x14f524090000
x3104c0s1b1n0:12779:14198 [0] NCCL INFO transport/net.cc:698 Cuda Host Alloc Size 9641984 pointer 0x14f516a00000
x3104c0s1b1n0:12789:14014 [2] NCCL INFO Connection to proxy localRank 2 -> connection 0x15039c001100
x3104c0s1b1n0:12789:14200 [2] NCCL INFO transport/p2p.cc:430 Cuda Alloc Size 6291456 pointer 0x15038d800000
x3104c0s1b1n0:12779:14198 [0] NCCL INFO transport/net_ib.cc:683 Ib Alloc Size 21688 pointer 0x14f524092000
x3104c0s1b1n0:12779:14198 [0] NCCL INFO transport/net_ib.cc:696 Ib Alloc Size 552 pointer 0x14f524099000
x3104c0s1b1n0:12789:14014 [2] NCCL INFO Channel 03/0 : 18[85000] -> 17[46000] via P2P/IPC/read
x3104c0s1b1n0:12779:14198 [0] NCCL INFO transport/net_ib.cc:771 Ib Alloc Size 552 pointer 0x14f5240b4000
x3104c0s1b1n0:12779:14198 [0] NCCL INFO transport/net.cc:698 Cuda Host Alloc Size 9641984 pointer 0x14f517400000
x3104c0s1b1n0:12789:14200 [2] NCCL INFO New proxy send connection 19 from local rank 2, transport 0
x3104c0s1b1n0:12789:14014 [2] NCCL INFO Connection to proxy localRank 2 -> connection 0x15039c001140
x3104c0s1b1n0:12789:14200 [2] NCCL INFO transport/p2p.cc:430 Cuda Alloc Size 6291456 pointer 0x15038a000000
x3104c0s1b1n0:12779:14013 [0] NCCL INFO GPU Direct RDMA Disabled for GPU 7000 / HCA 1 (distance 7 > 4)
x3104c0s1b1n0:12791:14015 [3] NCCL INFO Connected all trees by HAO
x3104c0s1b1n0:12791:14015 [3] NCCL INFO threadThresholds 8/8/64 | 160/8/64 | 512 | 512
x3104c0s1b1n0:12791:14015 [3] NCCL INFO 4 coll channels, 4 p2p channels, 2 p2p channels per peer
x3104c0s1b1n0:12791:14175 [3] NCCL INFO New proxy send connection 12 from local rank 3, transport 2
x3104c0s1b1n0:12779:14198 [0] NCCL INFO New proxy recv connection 16 from local rank 0, transport 2
x3104c0s1b1n0:12779:14013 [0] NCCL INFO Connection to proxy localRank 0 -> connection 0x14f524001080
x3104c0s1b1n0:12791:14015 [3] NCCL INFO Connection to proxy localRank 3 -> connection 0x15155c000f80
x3104c0s1b1n0:12791:14175 [3] NCCL INFO transport/net.cc:376 Cuda Alloc Size 8388608 pointer 0x1515b0600000
x3104c0s1b1n0:12779:14013 [0] NCCL INFO Channel 00/0 : 0[7000] -> 16[7000] [receive] via NET/IB/1
x3104c0s1b1n0:12779:14013 [0] NCCL INFO GPU Direct RDMA Disabled for GPU 7000 / HCA 0 (distance 7 > 4)
x3104c0s1b1n0:12779:14198 [0] NCCL INFO New proxy recv connection 17 from local rank 0, transport 2
x3104c0s1b1n0:12779:14013 [0] NCCL INFO Connection to proxy localRank 0 -> connection 0x14f5240010c0
x3104c0s1b1n0:12779:14013 [0] NCCL INFO Channel 01/0 : 0[7000] -> 16[7000] [receive] via NET/IB/0
x3104c0s1b1n0:12779:14013 [0] NCCL INFO GPU Direct RDMA Disabled for GPU 7000 / HCA 1 (distance 7 > 4)
x3104c0s1b1n0:12779:14198 [0] NCCL INFO New proxy send connection 18 from local rank 0, transport 2
x3104c0s1b1n0:12779:14013 [0] NCCL INFO Connection to proxy localRank 0 -> connection 0x14f524001100
x3104c0s1b1n0:12782:14201 [1] NCCL INFO transport/net_ib.cc:683 Ib Alloc Size 21688 pointer 0x148bd80d2000
x3104c0s1b1n0:12782:14201 [1] NCCL INFO transport/net_ib.cc:696 Ib Alloc Size 552 pointer 0x148bd8019000
x3104c0s1b1n0:12779:14013 [0] NCCL INFO Channel 02/0 : 16[7000] -> 12[7000] [send] via NET/IB/1
x3104c0s1b1n0:12779:14013 [0] NCCL INFO GPU Direct RDMA Disabled for GPU 7000 / HCA 0 (distance 7 > 4)
x3104c0s1b1n0:12779:14198 [0] NCCL INFO New proxy send connection 19 from local rank 0, transport 2
x3104c0s1b1n0:12782:14201 [1] NCCL INFO transport/net_ib.cc:771 Ib Alloc Size 552 pointer 0x148bd80f2000
x3104c0s1b1n0:12782:14201 [1] NCCL INFO transport/net.cc:698 Cuda Host Alloc Size 9641984 pointer 0x148bca000000
x3104c0s1b1n0:12782:14201 [1] NCCL INFO transport/net_ib.cc:683 Ib Alloc Size 21688 pointer 0x148bd80f4000
x3104c0s1b1n0:12782:14201 [1] NCCL INFO transport/net_ib.cc:696 Ib Alloc Size 552 pointer 0x148bd80fb000
x3104c0s1b1n0:12779:14013 [0] NCCL INFO Connection to proxy localRank 0 -> connection 0x14f524001140
x3104c0s1b1n0:12779:14013 [0] NCCL INFO Channel 03/0 : 16[7000] -> 12[7000] [send] via NET/IB/0
x3104c0s1b1n0:12782:14201 [1] NCCL INFO transport/net_ib.cc:771 Ib Alloc Size 552 pointer 0x148bd8116000
x3104c0s1b1n0:12782:14201 [1] NCCL INFO transport/net.cc:698 Cuda Host Alloc Size 9641984 pointer 0x148bcaa00000
x3104c0s1b1n0:12782:14009 [1] NCCL INFO GPU Direct RDMA Disabled for GPU 46000 / HCA 1 (distance 6 > 4)
x3104c0s1b1n0:12782:14201 [1] NCCL INFO New proxy send connection 18 from local rank 1, transport 2
x3104c0s1b1n0:12782:14009 [1] NCCL INFO Connection to proxy localRank 1 -> connection 0x148bd8001100
x3104c0s1b1n0:12782:14009 [1] NCCL INFO Channel 00/0 : 17[46000] -> 8[7000] [send] via NET/IB/1
x3104c0s1b1n0:12782:14009 [1] NCCL INFO GPU Direct RDMA Disabled for GPU 46000 / HCA 0 (distance 7 > 4)
x3104c0s1b1n0:12782:14201 [1] NCCL INFO New proxy send connection 19 from local rank 1, transport 2
x3104c0s1b1n0:12782:14009 [1] NCCL INFO Connection to proxy localRank 1 -> connection 0x148bd8001140
x3104c0s1b1n0:12782:14009 [1] NCCL INFO Channel 01/0 : 17[46000] -> 8[7000] [send] via NET/IB/0
x3104c0s1b1n0:12782:14201 [1] NCCL INFO transport/net_ib.cc:596 Ib Alloc Size 26560 pointer 0x148bd8122000
x3104c0s1b1n0:12782:14201 [1] NCCL INFO NET/IB: Dev 1 Port 1 qpn 10432 mtu 5 GID 0 (80FE/EF2100FEFF000000)
x3104c0s1b1n0:12782:14201 [1] NCCL INFO transport/net_ib.cc:653 Ib Alloc Size 552 pointer 0x148bd8139000
x3104c0s1b1n0:12782:14201 [1] NCCL INFO transport/net.cc:571 Cuda Host Alloc Size 9641984 pointer 0x148bcb400000
x3104c0s1b1n0:12782:14201 [1] NCCL INFO transport/net_ib.cc:596 Ib Alloc Size 26560 pointer 0x148bd813b000
x3104c0s1b1n0:12782:14201 [1] NCCL INFO NET/IB: Dev 0 Port 1 qpn 11502 mtu 5 GID 0 (80FE/AA2100FEFF000000)
x3104c0s1b1n0:12782:14201 [1] NCCL INFO transport/net_ib.cc:653 Ib Alloc Size 552 pointer 0x148bd8152000
x3104c0s1b1n0:12782:14201 [1] NCCL INFO transport/net.cc:571 Cuda Host Alloc Size 9641984 pointer 0x148bc8000000
x3104c0s1b1n0:12782:14201 [1] NCCL INFO New proxy recv connection 20 from local rank 1, transport 0
x3104c0s1b1n0:12782:14009 [1] NCCL INFO Connection to proxy localRank 1 -> connection 0x148bd8001180
x3104c0s1b1n0:12782:14201 [1] NCCL INFO transport/p2p.cc:449 Cuda Alloc Size 6291456 pointer 0x148bc8a00000
x3104c0s1b1n0:12782:14201 [1] NCCL INFO New proxy recv connection 21 from local rank 1, transport 0
x3104c0s1b1n0:12782:14009 [1] NCCL INFO Connection to proxy localRank 1 -> connection 0x148bd80011c0
x3104c0s1b1n0:12782:14201 [1] NCCL INFO transport/p2p.cc:449 Cuda Alloc Size 6291456 pointer 0x148bc9000000
x3104c0s1b1n0:12782:14201 [1] NCCL INFO New proxy recv connection 22 from local rank 1, transport 0
x3104c0s1b1n0:12782:14009 [1] NCCL INFO Connection to proxy localRank 1 -> connection 0x148bd8001200
x3104c0s1b1n0:12782:14201 [1] NCCL INFO transport/p2p.cc:449 Cuda Alloc Size 6291456 pointer 0x148bc9600000
x3104c0s1b1n0:12779:14198 [0] NCCL INFO transport/net_ib.cc:596 Ib Alloc Size 26560 pointer 0x14f5240c8000
x3104c0s1b1n0:12779:14198 [0] NCCL INFO NET/IB: Dev 1 Port 1 qpn 10433 mtu 5 GID 0 (80FE/EF2100FEFF000000)
x3104c0s1b1n0:12779:14198 [0] NCCL INFO transport/net_ib.cc:653 Ib Alloc Size 552 pointer 0x14f5240df000
x3104c0s1b1n0:12779:14198 [0] NCCL INFO transport/net.cc:571 Cuda Host Alloc Size 9641984 pointer 0x14f514000000
x3104c0s1b1n0:12779:14198 [0] NCCL INFO transport/net_ib.cc:596 Ib Alloc Size 26560 pointer 0x14f5240e1000
x3104c0s1b1n0:12779:14198 [0] NCCL INFO NET/IB: Dev 0 Port 1 qpn 11503 mtu 5 GID 0 (80FE/AA2100FEFF000000)
x3104c0s1b1n0:12779:14198 [0] NCCL INFO transport/net_ib.cc:653 Ib Alloc Size 552 pointer 0x14f5240f8000
x3104c0s1b1n0:12779:14198 [0] NCCL INFO transport/net.cc:571 Cuda Host Alloc Size 9641984 pointer 0x14f514a00000
x3104c0s1b1n0:12782:14201 [1] NCCL INFO New proxy recv connection 23 from local rank 1, transport 0
x3104c0s1b1n0:12779:14198 [0] NCCL INFO transport/net_ib.cc:683 Ib Alloc Size 21688 pointer 0x14f5240fa000
x3104c0s1b1n0:12779:14198 [0] NCCL INFO transport/net_ib.cc:696 Ib Alloc Size 552 pointer 0x14f524101000
x3104c0s1b1n0:12779:14198 [0] NCCL INFO transport/net_ib.cc:771 Ib Alloc Size 552 pointer 0x14f52411d000
x3104c0s1b1n0:12779:14198 [0] NCCL INFO transport/net.cc:698 Cuda Host Alloc Size 9641984 pointer 0x14f515400000
x3104c0s1b1n0:12779:14198 [0] NCCL INFO transport/net_ib.cc:683 Ib Alloc Size 21688 pointer 0x14f52411f000
x3104c0s1b1n0:12779:14198 [0] NCCL INFO transport/net_ib.cc:696 Ib Alloc Size 552 pointer 0x14f524126000
x3104c0s1b1n0:12782:14009 [1] NCCL INFO Connection to proxy localRank 1 -> connection 0x148bd8001240
x3104c0s1b1n0:12782:14201 [1] NCCL INFO transport/p2p.cc:449 Cuda Alloc Size 6291456 pointer 0x148bc6000000
x3104c0s1b1n0:12779:14198 [0] NCCL INFO transport/net_ib.cc:771 Ib Alloc Size 552 pointer 0x14f524141000
x3104c0s1b1n0:12779:14198 [0] NCCL INFO transport/net.cc:698 Cuda Host Alloc Size 9641984 pointer 0x14f512000000
x3104c0s1b1n0:12782:14009 [1] NCCL INFO Connected all trees by HAO
x3104c0s1b1n0:12782:14009 [1] NCCL INFO threadThresholds 8/8/64 | 160/8/64 | 512 | 512
x3104c0s1b1n0:12782:14009 [1] NCCL INFO 4 coll channels, 4 p2p channels, 2 p2p channels per peer
x3104c0s1b1n0:12782:14201 [1] NCCL INFO New proxy send connection 24 from local rank 1, transport 2
x3104c0s1b1n0:12782:14009 [1] NCCL INFO Connection to proxy localRank 1 -> connection 0x148bd8001280
x3104c0s1b1n0:12789:14014 [2] NCCL INFO Connected all trees by HAO
x3104c0s1b1n0:12789:14014 [2] NCCL INFO threadThresholds 8/8/64 | 160/8/64 | 512 | 512
x3104c0s1b1n0:12789:14014 [2] NCCL INFO 4 coll channels, 4 p2p channels, 2 p2p channels per peer
x3104c0s1b1n0:12789:14200 [2] NCCL INFO Allocated 4194656 bytes of shared memory in /dev/shm/nccl-JhSr8e

x3104c0s1b1n0:12789:14200 [2] NCCL INFO New proxy send connection 20 from local rank 2, transport 2
x3104c0s1b1n0:12789:14014 [2] NCCL INFO Connection to proxy localRank 2 -> connection 0x15039c001180
x3104c0s1b1n0:12789:14200 [2] NCCL INFO transport/net.cc:376 Cuda Alloc Size 8388608 pointer 0x150389800000
x3104c0s1b1n0:12779:14013 [0] NCCL INFO Connected all trees by HAO
x3104c0s1b1n0:12779:14013 [0] NCCL INFO threadThresholds 8/8/64 | 160/8/64 | 512 | 512
x3104c0s1b1n0:12779:14013 [0] NCCL INFO 4 coll channels, 4 p2p channels, 2 p2p channels per peer
x3104c0s1b1n0:12779:14198 [0] NCCL INFO New proxy send connection 20 from local rank 0, transport 2
x3104c0s1b1n0:12779:14013 [0] NCCL INFO Connection to proxy localRank 0 -> connection 0x14f524001180
x3104c0s1b1n0:12779:14013 [0] NCCL INFO init.cc:367 Cuda Alloc Size 5168 pointer 0x14f533808800
x3104c0s1b1n0:12782:14009 [1] NCCL INFO init.cc:367 Cuda Alloc Size 5168 pointer 0x148be7808800
x3104c0s1b1n0:12791:14015 [3] NCCL INFO init.cc:367 Cuda Alloc Size 5168 pointer 0x1515a7c08800
x3104c0s1b1n0:12791:14015 [3] NCCL INFO init.cc:392 Cuda Host Alloc Size 33554432 pointer 0x1515b0e00000
x3104c0s1b1n0:12791:14015 [3] NCCL INFO init.cc:398 Cuda Host Alloc Size 128 pointer 0x1515a7200200
x3104c0s1b1n0:12791:14015 [3] NCCL INFO comm 0x559ae0448de0 rank 19 nranks 20 cudaDev 3 busId c7000 - Init COMPLETE
x3104c0s1b1n0:12789:14014 [2] NCCL INFO init.cc:367 Cuda Alloc Size 5168 pointer 0x1503a1808800
x3104c0s1b1n0:12782:14009 [1] NCCL INFO init.cc:392 Cuda Host Alloc Size 33554432 pointer 0x148bc4000000
x3104c0s1b1n0:12782:14009 [1] NCCL INFO init.cc:398 Cuda Host Alloc Size 128 pointer 0x148be6e00200
x3104c0s1b1n0:12782:14009 [1] NCCL INFO comm 0x556cf5209ce0 rank 17 nranks 20 cudaDev 1 busId 46000 - Init COMPLETE
x3104c0s1b1n0:12782:14201 [1] NCCL INFO transport/net.cc:376 Cuda Alloc Size 8388608 pointer 0x148bc2000000
x3104c0s1b1n0:12789:14014 [2] NCCL INFO init.cc:392 Cuda Host Alloc Size 33554432 pointer 0x150386000000
x3104c0s1b1n0:12789:14014 [2] NCCL INFO init.cc:398 Cuda Host Alloc Size 128 pointer 0x1503a0e00200
x3104c0s1b1n0:12789:14014 [2] NCCL INFO comm 0x564e043a63f0 rank 18 nranks 20 cudaDev 2 busId 85000 - Init COMPLETE
x3104c0s1b1n0:12782:12782 [1] NCCL INFO AllReduce: opCount 0 sendbuff 0x148c2b600200 recvbuff 0x148c2b600200 count 1 datatype 1 op 0 root 0 comm 0x556cf5209ce0 [nranks=20] stream 0x556d0aab1490
x3104c0s1b1n0:12782:12782 [1] NCCL INFO misc/utils.cc:235 memory stack hunk malloc(65536)
[LYD INFO in ncclLaunchKernel (enqueue.cc)] NCHANNELS is: 4x3104c0s1b1n0:12789:12789 [2] NCCL INFO AllReduce: opCount 0 sendbuff 0x1503e3600200 recvbuff 0x1503e3600200 count 1 datatype 1 op 0 root 0 comm 0x564e043a63f0 [nranks=20] stream 0x564e24903bc0
x3104c0s1b1n0:12789:12789 [2] NCCL INFO misc/utils.cc:235 memory stack hunk malloc(65536)
[LYD INFO in ncclLaunchKernel (enqueue.cc)] NCHANNELS is: 4x3104c0s1b1n0:12779:14013 [0] NCCL INFO init.cc:392 Cuda Host Alloc Size 33554432 pointer 0x14f510000000
x3104c0s1b1n0:12779:14013 [0] NCCL INFO init.cc:398 Cuda Host Alloc Size 128 pointer 0x14f532e00200
x3104c0s1b1n0:12779:14013 [0] NCCL INFO comm 0x5612645f3280 rank 16 nranks 20 cudaDev 0 busId 7000 - Init COMPLETE
x3104c0s1b1n0:12779:14198 [0] NCCL INFO transport/net.cc:376 Cuda Alloc Size 8388608 pointer 0x14f512a00000
x3104c0s1b1n0:12791:12791 [3] NCCL INFO AllReduce: opCount 0 sendbuff 0x1515a2e00200 recvbuff 0x1515a2e00200 count 1 datatype 1 op 0 root 0 comm 0x559ae0448de0 [nranks=20] stream 0x559ae3bc0910
x3104c0s1b1n0:12791:12791 [3] NCCL INFO misc/utils.cc:235 memory stack hunk malloc(65536)
[LYD INFO in ncclLaunchKernel (enqueue.cc)] NCHANNELS is: 4x3104c0s1b1n0:12779:12779 [0] NCCL INFO AllReduce: opCount 0 sendbuff 0x14f573600200 recvbuff 0x14f573600200 count 1 datatype 1 op 0 root 0 comm 0x5612645f3280 [nranks=20] stream 0x561281f23730
x3104c0s1b1n0:12779:12779 [0] NCCL INFO misc/utils.cc:235 memory stack hunk malloc(65536)
[LYD INFO in ncclLaunchKernel (enqueue.cc)] NCHANNELS is: 4
[LYD INFO in NCCL_KERN_NAME (common.h)] 16 AllReduce TREE LL Sum uint8_t Elapsed time: 813308 us

[LYD INFO in NCCL_KERN_NAME (common.h)] 19 AllReduce TREE LL Sum uint8_t Elapsed time: 794336 us

[LYD INFO in NCCL_KERN_NAME (common.h)] 17 AllReduce TREE LL Sum uint8_t Elapsed time: 838349 us

[LYD INFO in NCCL_KERN_NAME (common.h)] 18 AllReduce TREE LL Sum uint8_t Elapsed time: 857528 us
x3104c0s1b1n0:12791:12791 [3] NCCL INFO AllReduce: opCount 1 sendbuff 0x1515a2e00000 recvbuff 0x1515a2e00000 count 1 datatype 1 op 0 root 0 comm 0x559ae0448de0 [nranks=20] stream 0x559ae3bc0910
[LYD INFO in ncclLaunchKernel (enqueue.cc)] NCHANNELS is: 4x3104c0s1b1n0:12782:12782 [1] NCCL INFO AllReduce: opCount 1 sendbuff 0x148c2b600000 recvbuff 0x148c2b600000 count 1 datatype 1 op 0 root 0 comm 0x556cf5209ce0 [nranks=20] stream 0x556d0aab1490
[LYD INFO in ncclLaunchKernel (enqueue.cc)] NCHANNELS is: 4x3104c0s1b1n0:12789:12789 [2] NCCL INFO AllReduce: opCount 1 sendbuff 0x1503e3600000 recvbuff 0x1503e3600000 count 1 datatype 1 op 0 root 0 comm 0x564e043a63f0 [nranks=20] stream 0x564e24903bc0
[LYD INFO in ncclLaunchKernel (enqueue.cc)] NCHANNELS is: 4x3104c0s1b1n0:12779:12779 [0] NCCL INFO AllReduce: opCount 1 sendbuff 0x14f573600000 recvbuff 0x14f573600000 count 1 datatype 1 op 0 root 0 comm 0x5612645f3280 [nranks=20] stream 0x561281f23730
[LYD INFO in ncclLaunchKernel (enqueue.cc)] NCHANNELS is: 4
[LYD INFO in NCCL_KERN_NAME (common.h)] 19 AllReduce TREE LL Sum uint8_t Elapsed time: 9065753 us

[LYD INFO in NCCL_KERN_NAME (common.h)] 17 AllReduce TREE LL Sum uint8_t Elapsed time: 7410367 us

[LYD INFO in NCCL_KERN_NAME (common.h)] 18 AllReduce TREE LL Sum uint8_t Elapsed time: 2493282 us

[LYD INFO in NCCL_KERN_NAME (common.h)] 16 AllReduce TREE LL Sum uint8_t Elapsed time: 2446439 us
x3104c0s1b1n0:12779:12779 [0] NCCL INFO AllReduce: opCount 2 sendbuff 0x14f573600000 recvbuff 0x14f573600000 count 1 datatype 8 op 3 root 0 comm 0x5612645f3280 [nranks=20] stream 0x561281f23730
[LYD INFO in ncclLaunchKernel (enqueue.cc)] NCHANNELS is: 4x3104c0s1b1n0:12789:12789 [2] NCCL INFO AllReduce: opCount 2 sendbuff 0x1503e3600000 recvbuff 0x1503e3600000 count 1 datatype 8 op 3 root 0 comm 0x564e043a63f0 [nranks=20] stream 0x564e24903bc0
[LYD INFO in ncclLaunchKernel (enqueue.cc)] NCHANNELS is: 4x3104c0s1b1n0:12791:12791 [3] NCCL INFO AllReduce: opCount 2 sendbuff 0x1515a2e00000 recvbuff 0x1515a2e00000 count 1 datatype 8 op 3 root 0 comm 0x559ae0448de0 [nranks=20] stream 0x559ae3bc0910
[LYD INFO in ncclLaunchKernel (enqueue.cc)] NCHANNELS is: 4x3104c0s1b1n0:12782:12782 [1] NCCL INFO AllReduce: opCount 2 sendbuff 0x148c2b600000 recvbuff 0x148c2b600000 count 1 datatype 8 op 3 root 0 comm 0x556cf5209ce0 [nranks=20] stream 0x556d0aab1490
[LYD INFO in ncclLaunchKernel (enqueue.cc)] NCHANNELS is: 4
[LYD INFO in NCCL_FUNC_NAME (common.h)] 19 AllReduce TREE LL Min double Elapsed time: 4 us

[LYD INFO in NCCL_FUNC_NAME (common.h)] 18 AllReduce TREE LL Min double Elapsed time: 11383 us

[LYD INFO in NCCL_KERN_NAME (common.h)] 18 AllReduce TREE LL Sum double Elapsed time: 181821 us
x3104c0s1b1n0:12789:12789 [2] NCCL INFO AllReduce: opCount 3 sendbuff 0x1503e3600200 recvbuff 0x1503e3600200 count 1 datatype 1 op 0 root 0 comm 0x564e043a63f0 [nranks=20] stream 0x564e24903bc0
[LYD INFO in ncclLaunchKernel (enqueue.cc)] NCHANNELS is: 4
[LYD INFO in NCCL_KERN_NAME (common.h)] 19 AllReduce TREE LL Sum double Elapsed time: 154647 us
x3104c0s1b1n0:12791:12791 [3] NCCL INFO AllReduce: opCount 3 sendbuff 0x1515a2e00200 recvbuff 0x1515a2e00200 count 1 datatype 1 op 0 root 0 comm 0x559ae0448de0 [nranks=20] stream 0x559ae3bc0910
[LYD INFO in ncclLaunchKernel (enqueue.cc)] NCHANNELS is: 4
[LYD INFO in NCCL_FUNC_NAME (common.h)] 16 AllReduce TREE LL Min double Elapsed time: 186208 us

[LYD INFO in NCCL_KERN_NAME (common.h)] 16 AllReduce TREE LL Sum double Elapsed time: 189644 us
x3104c0s1b1n0:12779:12779 [0] NCCL INFO AllReduce: opCount 3 sendbuff 0x14f573600200 recvbuff 0x14f573600200 count 1 datatype 1 op 0 root 0 comm 0x5612645f3280 [nranks=20] stream 0x561281f23730
[LYD INFO in ncclLaunchKernel (enqueue.cc)] NCHANNELS is: 4
[LYD INFO in NCCL_FUNC_NAME (common.h)] 17 AllReduce TREE LL Min double Elapsed time: 161699 us

[LYD INFO in NCCL_KERN_NAME (common.h)] 17 AllReduce TREE LL Sum double Elapsed time: 165142 us
x3104c0s1b1n0:12782:12782 [1] NCCL INFO AllReduce: opCount 3 sendbuff 0x148c2b600200 recvbuff 0x148c2b600200 count 1 datatype 1 op 0 root 0 comm 0x556cf5209ce0 [nranks=20] stream 0x556d0aab1490
[LYD INFO in ncclLaunchKernel (enqueue.cc)] NCHANNELS is: 4
[LYD INFO in NCCL_KERN_NAME (common.h)] 19 AllReduce TREE LL Sum uint8_t Elapsed time: 77285 us

[LYD INFO in NCCL_KERN_NAME (common.h)] 18 AllReduce TREE LL Sum uint8_t Elapsed time: 86596 us

[LYD INFO in NCCL_KERN_NAME (common.h)] 16 AllReduce TREE LL Sum uint8_t Elapsed time: 51933 us

[LYD INFO in NCCL_KERN_NAME (common.h)] 17 AllReduce TREE LL Sum uint8_t Elapsed time: 41977 us
x3104c0s1b1n0:12782:12782 [1] NCCL INFO init.cc:1147 Cuda Host Alloc Size 4 pointer 0x148be6e00400
x3104c0s1b1n0:12789:12789 [2] NCCL INFO init.cc:1147 Cuda Host Alloc Size 4 pointer 0x1503a0e00400
x3104c0s1b1n0:12779:12779 [0] NCCL INFO init.cc:1147 Cuda Host Alloc Size 4 pointer 0x14f532e00400
x3104c0s1b1n0:12791:12791 [3] NCCL INFO init.cc:1147 Cuda Host Alloc Size 4 pointer 0x1515a7200400
x3104c0s1b1n0:12789:16467 [2] NCCL INFO Using network IB
x3104c0s1b1n0:12779:16468 [0] NCCL INFO Using network IB
x3104c0s1b1n0:12782:16466 [1] NCCL INFO Using network IB
x3104c0s1b1n0:12791:16469 [3] NCCL INFO Using network IB
x3104c0s1b1n0:12779:16468 [0] NCCL INFO NET/IB : GPU Direct RDMA Enabled for HCA 0 'mlx5_0'
x3104c0s1b1n0:12779:16468 [0] NCCL INFO NET/IB : GPU Direct RDMA Enabled for HCA 1 'mlx5_1'
x3104c0s1b1n0:12779:16468 [0] NCCL INFO GPU Direct RDMA Disabled for GPU 7000 / HCA 0 (distance 7 > 4)
x3104c0s1b1n0:12779:16468 [0] NCCL INFO GPU Direct RDMA Disabled for GPU 7000 / HCA 1 (distance 7 > 4)
x3104c0s1b1n0:12779:16468 [0] NCCL INFO GPU Direct RDMA Disabled for GPU 7000 / HCA 0 (distance 7 > 4)
x3104c0s1b1n0:12779:16468 [0] NCCL INFO GPU Direct RDMA Disabled for GPU 7000 / HCA 1 (distance 7 > 4)
x3104c0s1b1n0:12779:16468 [0] NCCL INFO === System : maxBw 12.0 totalBw 24.0 ===
x3104c0s1b1n0:12779:16468 [0] NCCL INFO CPU/3 (1/2/-1)
x3104c0s1b1n0:12779:16468 [0] NCCL INFO + SYS[5000.0] - CPU/0
x3104c0s1b1n0:12779:16468 [0] NCCL INFO + SYS[5000.0] - CPU/2
x3104c0s1b1n0:12779:16468 [0] NCCL INFO + PCI[24.0] - PCI/5000 (11f8406811f8beef)
x3104c0s1b1n0:12779:16468 [0] NCCL INFO               + PCI[24.0] - GPU/7000 (1)
x3104c0s1b1n0:12779:16468 [0] NCCL INFO CPU/0 (1/2/-1)
x3104c0s1b1n0:12779:16468 [0] NCCL INFO + SYS[5000.0] - CPU/3
x3104c0s1b1n0:12779:16468 [0] NCCL INFO + SYS[5000.0] - CPU/2
x3104c0s1b1n0:12779:16468 [0] NCCL INFO + PCI[12.0] - NIC/C8000
x3104c0s1b1n0:12779:16468 [0] NCCL INFO               + NET[12.5] - NET/0 (68970cffffa4e988/1/12.500000)
x3104c0s1b1n0:12779:16468 [0] NCCL INFO CPU/2 (1/2/-1)
x3104c0s1b1n0:12779:16468 [0] NCCL INFO + SYS[5000.0] - CPU/3
x3104c0s1b1n0:12779:16468 [0] NCCL INFO + SYS[5000.0] - CPU/0
x3104c0s1b1n0:12779:16468 [0] NCCL INFO + PCI[12.0] - NIC/43000
x3104c0s1b1n0:12779:16468 [0] NCCL INFO               + NET[12.5] - NET/1 (84a70cffffa4e988/1/12.500000)
x3104c0s1b1n0:12779:16468 [0] NCCL INFO ==========================================
x3104c0s1b1n0:12779:16468 [0] NCCL INFO GPU/7000 :GPU/7000 (0/5000.000000/LOC) CPU/3 (2/24.000000/PHB) CPU/0 (3/24.000000/SYS) CPU/2 (3/24.000000/SYS) NET/0 (5/12.000000/SYS) NET/1 (5/12.000000/SYS) 
x3104c0s1b1n0:12779:16468 [0] NCCL INFO NET/0 :GPU/7000 (5/12.000000/SYS) CPU/3 (3/12.000000/SYS) CPU/0 (2/12.000000/PHB) CPU/2 (3/12.000000/SYS) NET/0 (0/5000.000000/LOC) NET/1 (5/12.000000/SYS) 
x3104c0s1b1n0:12779:16468 [0] NCCL INFO NET/1 :GPU/7000 (5/12.000000/SYS) CPU/3 (3/12.000000/SYS) CPU/0 (3/12.000000/SYS) CPU/2 (2/12.000000/PHB) NET/0 (5/12.000000/SYS) NET/1 (0/5000.000000/LOC) 
x3104c0s1b1n0:12779:16468 [0] NCCL INFO Pattern 4, crossNic 0, nChannels 2, bw 12.000000/12.000000, type LOC/SYS, sameChannels 1
x3104c0s1b1n0:12779:16468 [0] NCCL INFO  0 : NET/0 GPU/1 NET/0
x3104c0s1b1n0:12779:16468 [0] NCCL INFO  1 : NET/1 GPU/1 NET/1
x3104c0s1b1n0:12779:16468 [0] NCCL INFO Pattern 3, crossNic 0, nChannels 2, bw 24.000000/12.000000, type LOC/SYS, sameChannels 1
x3104c0s1b1n0:12779:16468 [0] NCCL INFO  0 : NET/0 GPU/1 NET/0
x3104c0s1b1n0:12779:16468 [0] NCCL INFO  1 : NET/1 GPU/1 NET/1
x3104c0s1b1n0:12779:16468 [0] NCCL INFO Pattern 3, crossNic 0, nChannels 0, bw 0.000000/0.000000, type LOC/PIX, sameChannels 1
x3104c0s1b1n0:12791:16469 [3] NCCL INFO NET/IB : GPU Direct RDMA Enabled for HCA 0 'mlx5_0'
x3104c0s1b1n0:12791:16469 [3] NCCL INFO NET/IB : GPU Direct RDMA Enabled for HCA 1 'mlx5_1'
x3104c0s1b1n0:12791:16469 [3] NCCL INFO GPU Direct RDMA Disabled for GPU c7000 / HCA 0 (distance 6 > 4)
x3104c0s1b1n0:12791:16469 [3] NCCL INFO GPU Direct RDMA Disabled for GPU c7000 / HCA 1 (distance 7 > 4)
x3104c0s1b1n0:12791:16469 [3] NCCL INFO GPU Direct RDMA Disabled for GPU c7000 / HCA 0 (distance 6 > 4)
x3104c0s1b1n0:12791:16469 [3] NCCL INFO GPU Direct RDMA Disabled for GPU c7000 / HCA 1 (distance 7 > 4)
x3104c0s1b1n0:12791:16469 [3] NCCL INFO === System : maxBw 12.0 totalBw 24.0 ===
x3104c0s1b1n0:12791:16469 [3] NCCL INFO CPU/0 (1/2/-1)
x3104c0s1b1n0:12791:16469 [3] NCCL INFO + SYS[5000.0] - CPU/2
x3104c0s1b1n0:12791:16469 [3] NCCL INFO + PCI[24.0] - PCI/C5000 (11f8406811f8beef)
x3104c0s1b1n0:12791:16469 [3] NCCL INFO               + PCI[24.0] - GPU/C7000 (1)
x3104c0s1b1n0:12791:16469 [3] NCCL INFO + PCI[12.0] - NIC/C8000
x3104c0s1b1n0:12791:16469 [3] NCCL INFO               + NET[12.5] - NET/0 (68970cffffa4e988/1/12.500000)
x3104c0s1b1n0:12791:16469 [3] NCCL INFO CPU/2 (1/2/-1)
x3104c0s1b1n0:12791:16469 [3] NCCL INFO + SYS[5000.0] - CPU/0
x3104c0s1b1n0:12791:16469 [3] NCCL INFO + PCI[12.0] - NIC/43000
x3104c0s1b1n0:12791:16469 [3] NCCL INFO               + NET[12.5] - NET/1 (84a70cffffa4e988/1/12.500000)
x3104c0s1b1n0:12791:16469 [3] NCCL INFO ==========================================
x3104c0s1b1n0:12791:16469 [3] NCCL INFO GPU/C7000 :GPU/C7000 (0/5000.000000/LOC) CPU/0 (2/24.000000/PHB) CPU/2 (3/24.000000/SYS) NET/0 (4/12.000000/PHB) NET/1 (5/12.000000/SYS) 
x3104c0s1b1n0:12791:16469 [3] NCCL INFO NET/0 :GPU/C7000 (4/12.000000/PHB) CPU/0 (2/12.000000/PHB) CPU/2 (3/12.000000/SYS) NET/0 (0/5000.000000/LOC) NET/1 (5/12.000000/SYS) 
x3104c0s1b1n0:12791:16469 [3] NCCL INFO NET/1 :GPU/C7000 (5/12.000000/SYS) CPU/0 (3/12.000000/SYS) CPU/2 (2/12.000000/PHB) NET/0 (5/12.000000/SYS) NET/1 (0/5000.000000/LOC) 
x3104c0s1b1n0:12791:16469 [3] NCCL INFO Setting affinity for GPU 3 to 01
x3104c0s1b1n0:12791:16469 [3] NCCL INFO Pattern 4, crossNic 0, nChannels 1, bw 12.000000/12.000000, type LOC/PHB, sameChannels 1
x3104c0s1b1n0:12791:16469 [3] NCCL INFO  0 : NET/0 GPU/1 NET/0
x3104c0s1b1n0:12791:16469 [3] NCCL INFO Pattern 3, crossNic 0, nChannels 1, bw 24.000000/12.000000, type LOC/PHB, sameChannels 1
x3104c0s1b1n0:12791:16469 [3] NCCL INFO  0 : NET/0 GPU/1 NET/0
x3104c0s1b1n0:12791:16469 [3] NCCL INFO Pattern 3, crossNic 0, nChannels 0, bw 0.000000/0.000000, type LOC/PIX, sameChannels 1
x3104c0s1b1n0:12791:16469 [3] NCCL INFO Tree 0 : 0 -> 1 -> -1/-1/-1
x3104c0s1b1n0:12791:16469 [3] NCCL INFO Tree 1 : -1 -> 1 -> 0/-1/-1
x3104c0s1b1n0:12791:16469 [3] NCCL INFO Ring 00 : 0 -> 1 -> 0
x3104c0s1b1n0:12791:16469 [3] NCCL INFO Ring 01 : 0 -> 1 -> 0
x3104c0s1b1n0:12791:16469 [3] NCCL INFO Trees [0] -1/-1/-1->1->0 [1] 0/-1/-1->1->-1
x3104c0s1b1n0:12791:16469 [3] NCCL INFO misc/utils.cc:235 memory stack hunk malloc(65536)
x3104c0s1b1n0:12791:16469 [3] NCCL INFO channel.cc:23 Cuda Alloc Size 1152 pointer 0x1515a7c09e00
x3104c0s1b1n0:12791:16469 [3] NCCL INFO channel.cc:27 Cuda Alloc Size 8 pointer 0x1515a7c0a400
x3104c0s1b1n0:12791:16469 [3] NCCL INFO channel.cc:23 Cuda Alloc Size 1152 pointer 0x1515a7c0a600
x3104c0s1b1n0:12791:16469 [3] NCCL INFO channel.cc:27 Cuda Alloc Size 8 pointer 0x1515a7c0ac00
x3104c0s1b1n0:12791:16469 [3] NCCL INFO GPU Direct RDMA Disabled for GPU c7000 / HCA 0 (distance 6 > 4)
x3104c0s1b1n0:12789:16467 [2] NCCL INFO NET/IB : GPU Direct RDMA Enabled for HCA 0 'mlx5_0'
x3104c0s1b1n0:12789:16467 [2] NCCL INFO NET/IB : GPU Direct RDMA Enabled for HCA 1 'mlx5_1'
x3104c0s1b1n0:12789:16467 [2] NCCL INFO GPU Direct RDMA Disabled for GPU 85000 / HCA 0 (distance 7 > 4)
x3104c0s1b1n0:12789:16467 [2] NCCL INFO GPU Direct RDMA Disabled for GPU 85000 / HCA 1 (distance 7 > 4)
x3104c0s1b1n0:12789:16467 [2] NCCL INFO GPU Direct RDMA Disabled for GPU 85000 / HCA 0 (distance 7 > 4)
x3104c0s1b1n0:12789:16467 [2] NCCL INFO GPU Direct RDMA Disabled for GPU 85000 / HCA 1 (distance 7 > 4)
x3104c0s1b1n0:12789:16467 [2] NCCL INFO === System : maxBw 12.0 totalBw 24.0 ===
x3104c0s1b1n0:12789:16467 [2] NCCL INFO CPU/1 (1/2/-1)
x3104c0s1b1n0:12789:16467 [2] NCCL INFO + SYS[5000.0] - CPU/0
x3104c0s1b1n0:12789:16467 [2] NCCL INFO + SYS[5000.0] - CPU/2
x3104c0s1b1n0:12789:16467 [2] NCCL INFO + PCI[24.0] - PCI/83000 (11f8406811f8beef)
x3104c0s1b1n0:12789:16467 [2] NCCL INFO               + PCI[24.0] - GPU/85000 (1)
x3104c0s1b1n0:12789:16467 [2] NCCL INFO CPU/0 (1/2/-1)
x3104c0s1b1n0:12789:16467 [2] NCCL INFO + SYS[5000.0] - CPU/1
x3104c0s1b1n0:12789:16467 [2] NCCL INFO + SYS[5000.0] - CPU/2
x3104c0s1b1n0:12789:16467 [2] NCCL INFO + PCI[12.0] - NIC/C8000
x3104c0s1b1n0:12789:16467 [2] NCCL INFO               + NET[12.5] - NET/0 (68970cffffa4e988/1/12.500000)
x3104c0s1b1n0:12789:16467 [2] NCCL INFO CPU/2 (1/2/-1)
x3104c0s1b1n0:12789:16467 [2] NCCL INFO + SYS[5000.0] - CPU/1
x3104c0s1b1n0:12789:16467 [2] NCCL INFO + SYS[5000.0] - CPU/0
x3104c0s1b1n0:12789:16467 [2] NCCL INFO + PCI[12.0] - NIC/43000
x3104c0s1b1n0:12789:16467 [2] NCCL INFO               + NET[12.5] - NET/1 (84a70cffffa4e988/1/12.500000)
x3104c0s1b1n0:12789:16467 [2] NCCL INFO ==========================================
x3104c0s1b1n0:12789:16467 [2] NCCL INFO GPU/85000 :GPU/85000 (0/5000.000000/LOC) CPU/1 (2/24.000000/PHB) CPU/0 (3/24.000000/SYS) CPU/2 (3/24.000000/SYS) NET/0 (5/12.000000/SYS) NET/1 (5/12.000000/SYS) 
x3104c0s1b1n0:12789:16467 [2] NCCL INFO NET/0 :GPU/85000 (5/12.000000/SYS) CPU/1 (3/12.000000/SYS) CPU/0 (2/12.000000/PHB) CPU/2 (3/12.000000/SYS) NET/0 (0/5000.000000/LOC) NET/1 (5/12.000000/SYS) 
x3104c0s1b1n0:12789:16467 [2] NCCL INFO NET/1 :GPU/85000 (5/12.000000/SYS) CPU/1 (3/12.000000/SYS) CPU/0 (3/12.000000/SYS) CPU/2 (2/12.000000/PHB) NET/0 (5/12.000000/SYS) NET/1 (0/5000.000000/LOC) 
x3104c0s1b1n0:12789:16467 [2] NCCL INFO Pattern 4, crossNic 0, nChannels 2, bw 12.000000/12.000000, type LOC/SYS, sameChannels 1
x3104c0s1b1n0:12789:16467 [2] NCCL INFO  0 : NET/0 GPU/1 NET/0
x3104c0s1b1n0:12789:16467 [2] NCCL INFO  1 : NET/1 GPU/1 NET/1
x3104c0s1b1n0:12789:16467 [2] NCCL INFO Pattern 3, crossNic 0, nChannels 2, bw 24.000000/12.000000, type LOC/SYS, sameChannels 1
x3104c0s1b1n0:12789:16467 [2] NCCL INFO  0 : NET/0 GPU/1 NET/0
x3104c0s1b1n0:12789:16467 [2] NCCL INFO  1 : NET/1 GPU/1 NET/1
x3104c0s1b1n0:12789:16467 [2] NCCL INFO Pattern 3, crossNic 0, nChannels 0, bw 0.000000/0.000000, type LOC/PIX, sameChannels 1
x3104c0s1b1n0:12779:16468 [0] NCCL INFO Tree 0 : 0 -> 1 -> -1/-1/-1
x3104c0s1b1n0:12779:16468 [0] NCCL INFO Tree 2 : -1 -> 1 -> 0/-1/-1
x3104c0s1b1n0:12779:16468 [0] NCCL INFO Tree 1 : 0 -> 1 -> -1/-1/-1
x3104c0s1b1n0:12779:16468 [0] NCCL INFO Tree 3 : -1 -> 1 -> 0/-1/-1
x3104c0s1b1n0:12779:16468 [0] NCCL INFO Ring 00 : 0 -> 1 -> 0
x3104c0s1b1n0:12779:16468 [0] NCCL INFO Ring 01 : 0 -> 1 -> 0
x3104c0s1b1n0:12779:16468 [0] NCCL INFO Ring 02 : 0 -> 1 -> 0
x3104c0s1b1n0:12779:16468 [0] NCCL INFO Ring 03 : 0 -> 1 -> 0
x3104c0s1b1n0:12779:16468 [0] NCCL INFO Trees [0] -1/-1/-1->1->0 [1] -1/-1/-1->1->0 [2] 0/-1/-1->1->-1 [3] 0/-1/-1->1->-1
x3104c0s1b1n0:12779:16468 [0] NCCL INFO misc/utils.cc:235 memory stack hunk malloc(65536)
x3104c0s1b1n0:12779:16468 [0] NCCL INFO channel.cc:23 Cuda Alloc Size 1152 pointer 0x14f533809e00
x3104c0s1b1n0:12779:16468 [0] NCCL INFO channel.cc:27 Cuda Alloc Size 8 pointer 0x14f53380a400
x3104c0s1b1n0:12779:16468 [0] NCCL INFO channel.cc:23 Cuda Alloc Size 1152 pointer 0x14f53380a600
x3104c0s1b1n0:12779:16468 [0] NCCL INFO channel.cc:27 Cuda Alloc Size 8 pointer 0x14f53380ac00
x3104c0s1b1n0:12779:16468 [0] NCCL INFO channel.cc:23 Cuda Alloc Size 1152 pointer 0x14f53380ae00
x3104c0s1b1n0:12779:16468 [0] NCCL INFO channel.cc:27 Cuda Alloc Size 8 pointer 0x14f53380b400
x3104c0s1b1n0:12779:16468 [0] NCCL INFO channel.cc:23 Cuda Alloc Size 1152 pointer 0x14f53380b600
