x3001c0s31b1n0:45611:49461 [2] NCCL INFO channel.cc:27 Cuda Alloc Size 80 pointer 0x14fba181d800
x3001c0s31b1n0:45611:49461 [2] NCCL INFO channel.cc:23 Cuda Alloc Size 8064 pointer 0x14fba181da00
x3001c0s31b1n0:45611:49461 [2] NCCL INFO channel.cc:27 Cuda Alloc Size 80 pointer 0x14fba181fa00
x3001c0s31b1n0:45611:49461 [2] NCCL INFO Channel 00/0 : 6[85000] -> 7[c7000] via P2P/IPC/read
x3001c0s31b1n0:45611:49623 [2] NCCL INFO Mem Realloc old size 0, new size 8 pointer 0x14fb4c000c60
x3001c0s31b1n0:45611:49623 [2] NCCL INFO New proxy send connection 0 from local rank 2, transport 0
x3001c0s31b1n0:45612:49459 [3] NCCL INFO Ring 00 : 6 -> 7 -> 9
x3001c0s31b1n0:45612:49459 [3] NCCL INFO Ring 01 : 6 -> 7 -> 9
x3001c0s31b1n0:45612:49459 [3] NCCL INFO Ring 02 : 6 -> 7 -> 9
x3001c0s31b1n0:45612:49459 [3] NCCL INFO Ring 03 : 6 -> 7 -> 9
x3001c0s31b1n0:45612:49459 [3] NCCL INFO Trees [0] -1/-1/-1->7->6 [1] -1/-1/-1->7->6 [2] -1/-1/-1->7->6 [3] -1/-1/-1->7->6
x3001c0s31b1n0:45612:49459 [3] NCCL INFO misc/utils.cc:235 memory stack hunk malloc(65536)
x3001c0s31b1n0:45612:49459 [3] NCCL INFO channel.cc:23 Cuda Alloc Size 8064 pointer 0x152c5d817400
x3001c0s31b1n0:45612:49459 [3] NCCL INFO channel.cc:27 Cuda Alloc Size 80 pointer 0x152c5d819400
x3001c0s31b1n0:45612:49459 [3] NCCL INFO channel.cc:23 Cuda Alloc Size 8064 pointer 0x152c5d819600
x3001c0s31b1n0:45612:49459 [3] NCCL INFO channel.cc:27 Cuda Alloc Size 80 pointer 0x152c5d81b600
x3001c0s31b1n0:45612:49459 [3] NCCL INFO channel.cc:23 Cuda Alloc Size 8064 pointer 0x152c5d81b800
x3001c0s31b1n0:45612:49459 [3] NCCL INFO channel.cc:27 Cuda Alloc Size 80 pointer 0x152c5d81d800
x3001c0s31b1n0:45612:49459 [3] NCCL INFO channel.cc:23 Cuda Alloc Size 8064 pointer 0x152c5d81da00
x3001c0s31b1n0:45612:49459 [3] NCCL INFO channel.cc:27 Cuda Alloc Size 80 pointer 0x152c5d81fa00
x3001c0s31b1n0:45609:49462 [0] NCCL INFO Tree 0 : 9 -> 4 -> 5/-1/-1
x3001c0s31b1n0:45609:49462 [0] NCCL INFO Tree 2 : -1 -> 4 -> 5/0/-1
x3001c0s31b1n0:45609:49462 [0] NCCL INFO Tree 1 : 9 -> 4 -> 5/-1/-1
x3001c0s31b1n0:45609:49462 [0] NCCL INFO Tree 3 : -1 -> 4 -> 5/0/-1
x3001c0s31b1n0:45609:49462 [0] NCCL INFO Ring 00 : 5 -> 4 -> 6
x3001c0s31b1n0:45609:49462 [0] NCCL INFO Ring 01 : 5 -> 4 -> 6
x3001c0s31b1n0:45609:49462 [0] NCCL INFO Ring 02 : 5 -> 4 -> 6
x3001c0s31b1n0:45609:49462 [0] NCCL INFO Ring 03 : 5 -> 4 -> 6
x3001c0s31b1n0:45609:49462 [0] NCCL INFO Trees [0] 5/-1/-1->4->9 [1] 5/-1/-1->4->9 [2] 5/0/-1->4->-1 [3] 5/0/-1->4->-1
x3001c0s31b1n0:45609:49462 [0] NCCL INFO misc/utils.cc:235 memory stack hunk malloc(65536)
x3001c0s31b1n0:45609:49462 [0] NCCL INFO channel.cc:23 Cuda Alloc Size 8064 pointer 0x1537db817400
x3001c0s31b1n0:45609:49462 [0] NCCL INFO channel.cc:27 Cuda Alloc Size 80 pointer 0x1537db819400
x3001c0s31b1n0:45609:49462 [0] NCCL INFO channel.cc:23 Cuda Alloc Size 8064 pointer 0x1537db819600
x3001c0s31b1n0:45609:49462 [0] NCCL INFO channel.cc:27 Cuda Alloc Size 80 pointer 0x1537db81b600
x3001c0s31b1n0:45609:49462 [0] NCCL INFO channel.cc:23 Cuda Alloc Size 8064 pointer 0x1537db81b800
x3001c0s31b1n0:45609:49462 [0] NCCL INFO channel.cc:27 Cuda Alloc Size 80 pointer 0x1537db81d800
x3001c0s31b1n0:45609:49462 [0] NCCL INFO channel.cc:23 Cuda Alloc Size 8064 pointer 0x1537db81da00
x3001c0s31b1n0:45609:49462 [0] NCCL INFO channel.cc:27 Cuda Alloc Size 80 pointer 0x1537db81fa00
x3001c0s31b1n0:45609:49462 [0] NCCL INFO Channel 00/0 : 4[7000] -> 6[85000] via P2P/IPC/read
x3001c0s31b1n0:45612:49602 [3] NCCL INFO Mem Realloc old size 0, new size 8 pointer 0x152c08000c60
x3001c0s31b1n0:45612:49602 [3] NCCL INFO New proxy recv connection 0 from local rank 3, transport 0
x3001c0s31b1n0:45609:49620 [0] NCCL INFO Mem Realloc old size 0, new size 8 pointer 0x153780000c60
x3001c0s31b1n0:45609:49620 [0] NCCL INFO New proxy send connection 0 from local rank 0, transport 0
x3001c0s31b1n0:45611:49461 [2] NCCL INFO Connection to proxy localRank 2 -> connection 0x14fb4c000c80
x3001c0s31b1n0:45611:49623 [2] NCCL INFO transport/p2p.cc:430 Cuda Alloc Size 6291456 pointer 0x14fbc4000000
x3001c0s31b1n0:45612:49459 [3] NCCL INFO Connection to proxy localRank 3 -> connection 0x152c08000c80
x3001c0s31b1n0:45612:49602 [3] NCCL INFO transport/p2p.cc:449 Cuda Alloc Size 6291456 pointer 0x152c43600000
x3001c0s31b1n0:45610:49460 [1] NCCL INFO Tree 0 : 4 -> 5 -> 6/-1/-1
x3001c0s31b1n0:45610:49460 [1] NCCL INFO Tree 2 : 4 -> 5 -> 6/-1/-1
x3001c0s31b1n0:45610:49460 [1] NCCL INFO Tree 1 : 4 -> 5 -> 6/-1/-1
x3001c0s31b1n0:45610:49460 [1] NCCL INFO Tree 3 : 4 -> 5 -> 6/-1/-1
x3001c0s31b1n0:45610:49460 [1] NCCL INFO Ring 00 : 3 -> 5 -> 4
x3001c0s31b1n0:45610:49460 [1] NCCL INFO Ring 01 : 3 -> 5 -> 4
x3001c0s31b1n0:45610:49460 [1] NCCL INFO Ring 02 : 3 -> 5 -> 4
x3001c0s31b1n0:45610:49460 [1] NCCL INFO Ring 03 : 3 -> 5 -> 4
x3001c0s31b1n0:45610:49460 [1] NCCL INFO Trees [0] 6/-1/-1->5->4 [1] 6/-1/-1->5->4 [2] 6/-1/-1->5->4 [3] 6/-1/-1->5->4
x3001c0s31b1n0:45610:49460 [1] NCCL INFO misc/utils.cc:235 memory stack hunk malloc(65536)
x3001c0s31b1n0:45610:49460 [1] NCCL INFO channel.cc:23 Cuda Alloc Size 8064 pointer 0x14b15b817400
x3001c0s31b1n0:45610:49460 [1] NCCL INFO channel.cc:27 Cuda Alloc Size 80 pointer 0x14b15b819400
x3001c0s31b1n0:45610:49460 [1] NCCL INFO channel.cc:23 Cuda Alloc Size 8064 pointer 0x14b15b819600
x3001c0s31b1n0:45610:49460 [1] NCCL INFO channel.cc:27 Cuda Alloc Size 80 pointer 0x14b15b81b600
x3001c0s31b1n0:45610:49460 [1] NCCL INFO channel.cc:23 Cuda Alloc Size 8064 pointer 0x14b15b81b800
x3001c0s31b1n0:45610:49460 [1] NCCL INFO channel.cc:27 Cuda Alloc Size 80 pointer 0x14b15b81d800
x3001c0s31b1n0:45610:49460 [1] NCCL INFO channel.cc:23 Cuda Alloc Size 8064 pointer 0x14b15b81da00
x3001c0s31b1n0:45610:49460 [1] NCCL INFO channel.cc:27 Cuda Alloc Size 80 pointer 0x14b15b81fa00
x3001c0s31b1n0:45610:49460 [1] NCCL INFO GPU Direct RDMA Disabled for GPU 46000 / HCA 1 (distance 6 > 4)
x3001c0s31b1n0:45610:49625 [1] NCCL INFO Mem Realloc old size 0, new size 8 pointer 0x14b108000c60
x3001c0s31b1n0:45610:49625 [1] NCCL INFO Allocated 4194656 bytes of shared memory in /dev/shm/nccl-Gdf8f1

x3001c0s31b1n0:45610:49625 [1] NCCL INFO New proxy recv connection 0 from local rank 1, transport 2
x3001c0s31b1n0:45609:49462 [0] NCCL INFO Connection to proxy localRank 0 -> connection 0x153780000c80
x3001c0s31b1n0:45609:49620 [0] NCCL INFO transport/p2p.cc:430 Cuda Alloc Size 6291456 pointer 0x1537bba00000
x3001c0s31b1n0:45612:49602 [3] NCCL INFO New proxy recv connection 1 from local rank 3, transport 0
x3001c0s31b1n0:45611:49461 [2] NCCL INFO Channel 01/0 : 6[85000] -> 7[c7000] via P2P/IPC/read
x3001c0s31b1n0:45611:49623 [2] NCCL INFO New proxy send connection 1 from local rank 2, transport 0
x3001c0s31b1n0:45609:49462 [0] NCCL INFO Channel 01/0 : 4[7000] -> 6[85000] via P2P/IPC/read
x3001c0s31b1n0:45609:49620 [0] NCCL INFO New proxy send connection 1 from local rank 0, transport 0
x3001c0s31b1n0:45612:49459 [3] NCCL INFO Connection to proxy localRank 3 -> connection 0x152c08000cc0
x3001c0s31b1n0:45612:49602 [3] NCCL INFO transport/p2p.cc:449 Cuda Alloc Size 6291456 pointer 0x152c83800000
x3001c0s31b1n0:45611:49461 [2] NCCL INFO Connection to proxy localRank 2 -> connection 0x14fb4c000cc0
x3001c0s31b1n0:45611:49623 [2] NCCL INFO transport/p2p.cc:430 Cuda Alloc Size 6291456 pointer 0x14fbc4600000
x3001c0s31b1n0:45610:49460 [1] NCCL INFO Connection to proxy localRank 1 -> connection 0x14b108000c80
x3001c0s31b1n0:45612:49602 [3] NCCL INFO New proxy recv connection 2 from local rank 3, transport 0
x3001c0s31b1n0:45609:49462 [0] NCCL INFO Connection to proxy localRank 0 -> connection 0x153780000cc0
x3001c0s31b1n0:45609:49620 [0] NCCL INFO transport/p2p.cc:430 Cuda Alloc Size 6291456 pointer 0x1537ff800000
x3001c0s31b1n0:45612:49459 [3] NCCL INFO Connection to proxy localRank 3 -> connection 0x152c08000d00
x3001c0s31b1n0:45612:49602 [3] NCCL INFO transport/p2p.cc:449 Cuda Alloc Size 6291456 pointer 0x152c83e00000
x3001c0s31b1n0:45611:49461 [2] NCCL INFO Channel 02/0 : 6[85000] -> 7[c7000] via P2P/IPC/read
x3001c0s31b1n0:45611:49623 [2] NCCL INFO New proxy send connection 2 from local rank 2, transport 0
x3001c0s31b1n0:45610:49460 [1] NCCL INFO Channel 00/0 : 3[c7000] -> 5[46000] [receive] via NET/IB/1
x3001c0s31b1n0:45610:49460 [1] NCCL INFO GPU Direct RDMA Disabled for GPU 46000 / HCA 0 (distance 7 > 4)
x3001c0s31b1n0:45609:49462 [0] NCCL INFO Channel 02/0 : 4[7000] -> 6[85000] via P2P/IPC/read
x3001c0s31b1n0:45609:49620 [0] NCCL INFO New proxy send connection 2 from local rank 0, transport 0
x3001c0s31b1n0:45610:49625 [1] NCCL INFO New proxy recv connection 1 from local rank 1, transport 2
x3001c0s31b1n0:45611:49461 [2] NCCL INFO Connection to proxy localRank 2 -> connection 0x14fb4c000d00
x3001c0s31b1n0:45611:49623 [2] NCCL INFO transport/p2p.cc:430 Cuda Alloc Size 6291456 pointer 0x14fbc4c00000
x3001c0s31b1n0:45610:49460 [1] NCCL INFO Connection to proxy localRank 1 -> connection 0x14b108000cc0
x3001c0s31b1n0:45610:49460 [1] NCCL INFO Channel 01/0 : 3[c7000] -> 5[46000] [receive] via NET/IB/0
x3001c0s31b1n0:45610:49460 [1] NCCL INFO GPU Direct RDMA Disabled for GPU 46000 / HCA 1 (distance 6 > 4)
x3001c0s31b1n0:45612:49602 [3] NCCL INFO New proxy recv connection 3 from local rank 3, transport 0
x3001c0s31b1n0:45611:49461 [2] NCCL INFO Channel 03/0 : 6[85000] -> 7[c7000] via P2P/IPC/read
x3001c0s31b1n0:45611:49623 [2] NCCL INFO New proxy send connection 3 from local rank 2, transport 0
x3001c0s31b1n0:45610:49625 [1] NCCL INFO New proxy recv connection 2 from local rank 1, transport 2
x3001c0s31b1n0:45609:49462 [0] NCCL INFO Connection to proxy localRank 0 -> connection 0x153780000d00
x3001c0s31b1n0:45609:49620 [0] NCCL INFO transport/p2p.cc:430 Cuda Alloc Size 6291456 pointer 0x1537ffe00000
x3001c0s31b1n0:45612:49459 [3] NCCL INFO Connection to proxy localRank 3 -> connection 0x152c08000d40
x3001c0s31b1n0:45612:49602 [3] NCCL INFO transport/p2p.cc:449 Cuda Alloc Size 6291456 pointer 0x152c84400000
x3001c0s31b1n0:45611:49461 [2] NCCL INFO Connection to proxy localRank 2 -> connection 0x14fb4c000d40
x3001c0s31b1n0:45611:49623 [2] NCCL INFO transport/p2p.cc:430 Cuda Alloc Size 6291456 pointer 0x14fbc5200000
x3001c0s31b1n0:45610:49460 [1] NCCL INFO Connection to proxy localRank 1 -> connection 0x14b108000d00
x3001c0s31b1n0:45610:49460 [1] NCCL INFO Channel 02/0 : 3[c7000] -> 5[46000] [receive] via NET/IB/1
x3001c0s31b1n0:45610:49460 [1] NCCL INFO GPU Direct RDMA Disabled for GPU 46000 / HCA 0 (distance 7 > 4)
x3001c0s31b1n0:45609:49462 [0] NCCL INFO Channel 03/0 : 4[7000] -> 6[85000] via P2P/IPC/read
x3001c0s31b1n0:45609:49620 [0] NCCL INFO New proxy send connection 3 from local rank 0, transport 0
x3001c0s31b1n0:45612:49459 [3] NCCL INFO GPU Direct RDMA Disabled for GPU c7000 / HCA 1 (distance 7 > 4)
x3001c0s31b1n0:45612:49602 [3] NCCL INFO Allocated 4194656 bytes of shared memory in /dev/shm/nccl-Yvw117

x3001c0s31b1n0:45612:49602 [3] NCCL INFO New proxy send connection 4 from local rank 3, transport 2
x3001c0s31b1n0:45611:49623 [2] NCCL INFO New proxy recv connection 4 from local rank 2, transport 0
x3001c0s31b1n0:45611:49461 [2] NCCL INFO Connection to proxy localRank 2 -> connection 0x14fb4c000d80
x3001c0s31b1n0:45610:49625 [1] NCCL INFO New proxy recv connection 3 from local rank 1, transport 2
x3001c0s31b1n0:45612:49459 [3] NCCL INFO Connection to proxy localRank 3 -> connection 0x152c08000d80
x3001c0s31b1n0:45612:49459 [3] NCCL INFO Channel 00/0 : 7[c7000] -> 9[46000] [send] via NET/IB/1
x3001c0s31b1n0:45612:49459 [3] NCCL INFO GPU Direct RDMA Disabled for GPU c7000 / HCA 0 (distance 6 > 4)
x3001c0s31b1n0:45612:49602 [3] NCCL INFO New proxy send connection 5 from local rank 3, transport 2
x3001c0s31b1n0:45609:49462 [0] NCCL INFO Connection to proxy localRank 0 -> connection 0x153780000d40
x3001c0s31b1n0:45609:49620 [0] NCCL INFO transport/p2p.cc:430 Cuda Alloc Size 6291456 pointer 0x153800400000
x3001c0s31b1n0:45610:49460 [1] NCCL INFO Connection to proxy localRank 1 -> connection 0x14b108000d40
x3001c0s31b1n0:45611:49623 [2] NCCL INFO transport/p2p.cc:449 Cuda Alloc Size 6291456 pointer 0x14fb47800000
x3001c0s31b1n0:45612:49459 [3] NCCL INFO Connection to proxy localRank 3 -> connection 0x152c08000dc0
x3001c0s31b1n0:45612:49459 [3] NCCL INFO Channel 01/0 : 7[c7000] -> 9[46000] [send] via NET/IB/0
x3001c0s31b1n0:45612:49459 [3] NCCL INFO GPU Direct RDMA Disabled for GPU c7000 / HCA 1 (distance 7 > 4)
x3001c0s31b1n0:45612:49602 [3] NCCL INFO New proxy send connection 6 from local rank 3, transport 2
x3001c0s31b1n0:45610:49460 [1] NCCL INFO Channel 03/0 : 3[c7000] -> 5[46000] [receive] via NET/IB/0
x3001c0s31b1n0:45611:49623 [2] NCCL INFO New proxy recv connection 5 from local rank 2, transport 0
x3001c0s31b1n0:45610:49625 [1] NCCL INFO transport/net_ib.cc:683 Ib Alloc Size 21688 pointer 0x14b10801d000
x3001c0s31b1n0:45610:49625 [1] NCCL INFO transport/net_ib.cc:696 Ib Alloc Size 552 pointer 0x14b108024000
x3001c0s31b1n0:45612:49459 [3] NCCL INFO Connection to proxy localRank 3 -> connection 0x152c08000e00
x3001c0s31b1n0:45612:49459 [3] NCCL INFO Channel 02/0 : 7[c7000] -> 9[46000] [send] via NET/IB/1
x3001c0s31b1n0:45612:49459 [3] NCCL INFO GPU Direct RDMA Disabled for GPU c7000 / HCA 0 (distance 6 > 4)
x3001c0s31b1n0:45612:49602 [3] NCCL INFO New proxy send connection 7 from local rank 3, transport 2
x3001c0s31b1n0:45610:49625 [1] NCCL INFO transport/net_ib.cc:771 Ib Alloc Size 552 pointer 0x14b108041000
x3001c0s31b1n0:45610:49625 [1] NCCL INFO transport/net.cc:698 Cuda Host Alloc Size 9641984 pointer 0x14b180000000
x3001c0s31b1n0:45612:49459 [3] NCCL INFO Connection to proxy localRank 3 -> connection 0x152c08000e40
x3001c0s31b1n0:45612:49459 [3] NCCL INFO Channel 03/0 : 7[c7000] -> 9[46000] [send] via NET/IB/0
x3001c0s31b1n0:45612:49602 [3] NCCL INFO transport/net_ib.cc:596 Ib Alloc Size 26560 pointer 0x152c08020000
x3001c0s31b1n0:45612:49602 [3] NCCL INFO NET/IB: Dev 1 Port 1 qpn 29569 mtu 5 GID 0 (80FE/3C0000FEFF000000)
x3001c0s31b1n0:45612:49602 [3] NCCL INFO transport/net_ib.cc:653 Ib Alloc Size 552 pointer 0x152c08038000
x3001c0s31b1n0:45612:49602 [3] NCCL INFO transport/net.cc:571 Cuda Host Alloc Size 9641984 pointer 0x152c0ec00000
x3001c0s31b1n0:45611:49461 [2] NCCL INFO Connection to proxy localRank 2 -> connection 0x14fb4c000dc0
x3001c0s31b1n0:45611:49623 [2] NCCL INFO transport/p2p.cc:449 Cuda Alloc Size 6291456 pointer 0x14fb44000000
x3001c0s31b1n0:45610:49625 [1] NCCL INFO transport/net_ib.cc:683 Ib Alloc Size 21688 pointer 0x14b108043000
x3001c0s31b1n0:45610:49625 [1] NCCL INFO transport/net_ib.cc:696 Ib Alloc Size 552 pointer 0x14b10804a000
x3001c0s31b1n0:45611:49623 [2] NCCL INFO New proxy recv connection 6 from local rank 2, transport 0
x3001c0s31b1n0:45612:49602 [3] NCCL INFO transport/net_ib.cc:596 Ib Alloc Size 26560 pointer 0x152c0803a000
x3001c0s31b1n0:45610:49625 [1] NCCL INFO transport/net_ib.cc:771 Ib Alloc Size 552 pointer 0x14b108065000
x3001c0s31b1n0:45610:49625 [1] NCCL INFO transport/net.cc:698 Cuda Host Alloc Size 9641984 pointer 0x14b180a00000
x3001c0s31b1n0:45611:49461 [2] NCCL INFO Connection to proxy localRank 2 -> connection 0x14fb4c000e00
x3001c0s31b1n0:45611:49623 [2] NCCL INFO transport/p2p.cc:449 Cuda Alloc Size 6291456 pointer 0x14fb44600000
x3001c0s31b1n0:45610:49625 [1] NCCL INFO transport/net_ib.cc:683 Ib Alloc Size 21688 pointer 0x14b108067000
x3001c0s31b1n0:45610:49625 [1] NCCL INFO transport/net_ib.cc:696 Ib Alloc Size 552 pointer 0x14b10806e000
x3001c0s31b1n0:45612:49602 [3] NCCL INFO NET/IB: Dev 0 Port 1 qpn 30474 mtu 5 GID 0 (80FE/7D0000FEFF000000)
x3001c0s31b1n0:45612:49602 [3] NCCL INFO transport/net_ib.cc:653 Ib Alloc Size 552 pointer 0x152c08051000
x3001c0s31b1n0:45612:49602 [3] NCCL INFO transport/net.cc:571 Cuda Host Alloc Size 9641984 pointer 0x152c0f600000
x3001c0s31b1n0:45610:49625 [1] NCCL INFO transport/net_ib.cc:771 Ib Alloc Size 552 pointer 0x14b108089000
x3001c0s31b1n0:45610:49625 [1] NCCL INFO transport/net.cc:698 Cuda Host Alloc Size 9641984 pointer 0x14b102000000
x3001c0s31b1n0:45610:49625 [1] NCCL INFO transport/net_ib.cc:683 Ib Alloc Size 21688 pointer 0x14b10808b000
x3001c0s31b1n0:45610:49625 [1] NCCL INFO transport/net_ib.cc:696 Ib Alloc Size 552 pointer 0x14b108092000
x3001c0s31b1n0:45611:49623 [2] NCCL INFO New proxy recv connection 7 from local rank 2, transport 0
x3001c0s31b1n0:45612:49602 [3] NCCL INFO transport/net_ib.cc:596 Ib Alloc Size 26560 pointer 0x152c08053000
x3001c0s31b1n0:45612:49602 [3] NCCL INFO NET/IB: Dev 1 Port 1 qpn 29572 mtu 5 GID 0 (80FE/3C0000FEFF000000)
x3001c0s31b1n0:45612:49602 [3] NCCL INFO transport/net_ib.cc:653 Ib Alloc Size 552 pointer 0x152c0806a000
x3001c0s31b1n0:45612:49602 [3] NCCL INFO transport/net.cc:571 Cuda Host Alloc Size 9641984 pointer 0x152c02000000
x3001c0s31b1n0:45610:49625 [1] NCCL INFO transport/net_ib.cc:771 Ib Alloc Size 552 pointer 0x14b1080ad000
x3001c0s31b1n0:45610:49625 [1] NCCL INFO transport/net.cc:698 Cuda Host Alloc Size 9641984 pointer 0x14b102a00000
x3001c0s31b1n0:45611:49461 [2] NCCL INFO Connection to proxy localRank 2 -> connection 0x14fb4c000e40
x3001c0s31b1n0:45611:49623 [2] NCCL INFO transport/p2p.cc:449 Cuda Alloc Size 6291456 pointer 0x14fb44c00000
x3001c0s31b1n0:45612:49602 [3] NCCL INFO transport/net_ib.cc:596 Ib Alloc Size 26560 pointer 0x152c0806c000
x3001c0s31b1n0:45612:49602 [3] NCCL INFO NET/IB: Dev 0 Port 1 qpn 30477 mtu 5 GID 0 (80FE/7D0000FEFF000000)
x3001c0s31b1n0:45612:49602 [3] NCCL INFO transport/net_ib.cc:653 Ib Alloc Size 552 pointer 0x152c08083000
x3001c0s31b1n0:45612:49602 [3] NCCL INFO transport/net.cc:571 Cuda Host Alloc Size 9641984 pointer 0x152c02a00000
x3001c0s31b1n0:45610:49460 [1] NCCL INFO Channel 00/0 : 5[46000] -> 4[7000] via P2P/IPC/read
x3001c0s31b1n0:45610:49625 [1] NCCL INFO New proxy send connection 4 from local rank 1, transport 0
x3001c0s31b1n0:45611:49461 [2] NCCL INFO Connected all rings
x3001c0s31b1n0:45611:49623 [2] NCCL INFO New proxy recv connection 8 from local rank 2, transport 0
x3001c0s31b1n0:45609:49620 [0] NCCL INFO New proxy recv connection 4 from local rank 0, transport 0
x3001c0s31b1n0:45612:49459 [3] NCCL INFO Connected all rings
x3001c0s31b1n0:45612:49459 [3] NCCL INFO Channel 00/0 : 7[c7000] -> 6[85000] via P2P/IPC/read
x3001c0s31b1n0:45612:49602 [3] NCCL INFO New proxy send connection 8 from local rank 3, transport 0
x3001c0s31b1n0:45610:49460 [1] NCCL INFO Connection to proxy localRank 1 -> connection 0x14b108000d80
x3001c0s31b1n0:45612:49459 [3] NCCL INFO Connection to proxy localRank 3 -> connection 0x152c08000e80
x3001c0s31b1n0:45612:49602 [3] NCCL INFO transport/p2p.cc:430 Cuda Alloc Size 6291456 pointer 0x152c03400000
x3001c0s31b1n0:45611:49461 [2] NCCL INFO Connection to proxy localRank 2 -> connection 0x14fb4c000e80
x3001c0s31b1n0:45611:49623 [2] NCCL INFO transport/p2p.cc:449 Cuda Alloc Size 6291456 pointer 0x14fb42c00000
x3001c0s31b1n0:45609:49462 [0] NCCL INFO Connection to proxy localRank 0 -> connection 0x153780000d80
x3001c0s31b1n0:45609:49620 [0] NCCL INFO transport/p2p.cc:449 Cuda Alloc Size 6291456 pointer 0x153786c00000
x3001c0s31b1n0:45610:49625 [1] NCCL INFO transport/p2p.cc:430 Cuda Alloc Size 6291456 pointer 0x14b103400000
x3001c0s31b1n0:45610:49460 [1] NCCL INFO Channel 01/0 : 5[46000] -> 4[7000] via P2P/IPC/read
x3001c0s31b1n0:45610:49625 [1] NCCL INFO New proxy send connection 5 from local rank 1, transport 0
x3001c0s31b1n0:45611:49623 [2] NCCL INFO New proxy recv connection 9 from local rank 2, transport 0
x3001c0s31b1n0:45612:49459 [3] NCCL INFO Channel 01/0 : 7[c7000] -> 6[85000] via P2P/IPC/read
x3001c0s31b1n0:45612:49602 [3] NCCL INFO New proxy send connection 9 from local rank 3, transport 0
x3001c0s31b1n0:45612:49459 [3] NCCL INFO Connection to proxy localRank 3 -> connection 0x152c08000ec0
x3001c0s31b1n0:45610:49460 [1] NCCL INFO Connection to proxy localRank 1 -> connection 0x14b108000dc0
x3001c0s31b1n0:45610:49625 [1] NCCL INFO transport/p2p.cc:430 Cuda Alloc Size 6291456 pointer 0x14b103a00000
x3001c0s31b1n0:45609:49620 [0] NCCL INFO New proxy recv connection 5 from local rank 0, transport 0
x3001c0s31b1n0:45611:49461 [2] NCCL INFO Connection to proxy localRank 2 -> connection 0x14fb4c000ec0
x3001c0s31b1n0:45611:49623 [2] NCCL INFO transport/p2p.cc:449 Cuda Alloc Size 6291456 pointer 0x14fb43200000
x3001c0s31b1n0:45609:49462 [0] NCCL INFO Connection to proxy localRank 0 -> connection 0x153780000dc0
x3001c0s31b1n0:45609:49620 [0] NCCL INFO transport/p2p.cc:449 Cuda Alloc Size 6291456 pointer 0x153787200000
x3001c0s31b1n0:45612:49602 [3] NCCL INFO transport/p2p.cc:430 Cuda Alloc Size 6291456 pointer 0x152c03a00000
x3001c0s31b1n0:45611:49623 [2] NCCL INFO New proxy recv connection 10 from local rank 2, transport 0
x3001c0s31b1n0:45610:49460 [1] NCCL INFO Channel 02/0 : 5[46000] -> 4[7000] via P2P/IPC/read
x3001c0s31b1n0:45610:49625 [1] NCCL INFO New proxy send connection 6 from local rank 1, transport 0
x3001c0s31b1n0:45609:49620 [0] NCCL INFO New proxy recv connection 6 from local rank 0, transport 0
x3001c0s31b1n0:45612:49459 [3] NCCL INFO Channel 02/0 : 7[c7000] -> 6[85000] via P2P/IPC/read
x3001c0s31b1n0:45612:49602 [3] NCCL INFO New proxy send connection 10 from local rank 3, transport 0
x3001c0s31b1n0:45612:49459 [3] NCCL INFO Connection to proxy localRank 3 -> connection 0x152c08000f00
x3001c0s31b1n0:45612:49602 [3] NCCL INFO transport/p2p.cc:430 Cuda Alloc Size 6291456 pointer 0x152c00000000
x3001c0s31b1n0:45612:49459 [3] NCCL INFO Channel 03/0 : 7[c7000] -> 6[85000] via P2P/IPC/read
x3001c0s31b1n0:45611:49461 [2] NCCL INFO Connection to proxy localRank 2 -> connection 0x14fb4c000f00
x3001c0s31b1n0:45611:49623 [2] NCCL INFO transport/p2p.cc:449 Cuda Alloc Size 6291456 pointer 0x14fb43800000
x3001c0s31b1n0:45612:49602 [3] NCCL INFO New proxy send connection 11 from local rank 3, transport 0
x3001c0s31b1n0:45610:49460 [1] NCCL INFO Connection to proxy localRank 1 -> connection 0x14b108000e00
x3001c0s31b1n0:45610:49625 [1] NCCL INFO transport/p2p.cc:430 Cuda Alloc Size 6291456 pointer 0x14b13da00000
x3001c0s31b1n0:45611:49623 [2] NCCL INFO New proxy recv connection 11 from local rank 2, transport 0
x3001c0s31b1n0:45609:49462 [0] NCCL INFO Connection to proxy localRank 0 -> connection 0x153780000e00
x3001c0s31b1n0:45609:49620 [0] NCCL INFO transport/p2p.cc:449 Cuda Alloc Size 6291456 pointer 0x153787800000
x3001c0s31b1n0:45611:49461 [2] NCCL INFO Connection to proxy localRank 2 -> connection 0x14fb4c000f40
x3001c0s31b1n0:45611:49623 [2] NCCL INFO transport/p2p.cc:449 Cuda Alloc Size 6291456 pointer 0x14fb40000000
x3001c0s31b1n0:45612:49459 [3] NCCL INFO Connection to proxy localRank 3 -> connection 0x152c08000f40
x3001c0s31b1n0:45612:49602 [3] NCCL INFO transport/p2p.cc:430 Cuda Alloc Size 6291456 pointer 0x152c00600000
x3001c0s31b1n0:45610:49460 [1] NCCL INFO Channel 03/0 : 5[46000] -> 4[7000] via P2P/IPC/read
x3001c0s31b1n0:45610:49625 [1] NCCL INFO New proxy send connection 7 from local rank 1, transport 0
x3001c0s31b1n0:45609:49620 [0] NCCL INFO New proxy recv connection 7 from local rank 0, transport 0
x3001c0s31b1n0:45609:49462 [0] NCCL INFO Connection to proxy localRank 0 -> connection 0x153780000e40
x3001c0s31b1n0:45609:49620 [0] NCCL INFO transport/p2p.cc:449 Cuda Alloc Size 6291456 pointer 0x15377e000000
x3001c0s31b1n0:45610:49460 [1] NCCL INFO Connection to proxy localRank 1 -> connection 0x14b108000e40
x3001c0s31b1n0:45610:49625 [1] NCCL INFO transport/p2p.cc:430 Cuda Alloc Size 6291456 pointer 0x14b181400000
x3001c0s31b1n0:45610:49460 [1] NCCL INFO Connected all rings
x3001c0s31b1n0:45609:49462 [0] NCCL INFO Connected all rings
x3001c0s31b1n0:45609:49462 [0] NCCL INFO Channel 00/0 : 4[7000] -> 5[46000] via P2P/IPC/read
x3001c0s31b1n0:45610:49625 [1] NCCL INFO New proxy recv connection 8 from local rank 1, transport 0
x3001c0s31b1n0:45609:49620 [0] NCCL INFO New proxy send connection 8 from local rank 0, transport 0
x3001c0s31b1n0:45609:49462 [0] NCCL INFO Connection to proxy localRank 0 -> connection 0x153780000e80
x3001c0s31b1n0:45609:49620 [0] NCCL INFO transport/p2p.cc:430 Cuda Alloc Size 6291456 pointer 0x15377c000000
x3001c0s31b1n0:45610:49460 [1] NCCL INFO Connection to proxy localRank 1 -> connection 0x14b108000e80
x3001c0s31b1n0:45610:49625 [1] NCCL INFO transport/p2p.cc:449 Cuda Alloc Size 6291456 pointer 0x14b0fb800000
x3001c0s31b1n0:45610:49625 [1] NCCL INFO New proxy recv connection 9 from local rank 1, transport 0
x3001c0s31b1n0:45609:49462 [0] NCCL INFO Channel 01/0 : 4[7000] -> 5[46000] via P2P/IPC/read
x3001c0s31b1n0:45609:49620 [0] NCCL INFO New proxy send connection 9 from local rank 0, transport 0
x3001c0s31b1n0:45610:49460 [1] NCCL INFO Connection to proxy localRank 1 -> connection 0x14b108000ec0
x3001c0s31b1n0:45610:49625 [1] NCCL INFO transport/p2p.cc:449 Cuda Alloc Size 6291456 pointer 0x14b0f8000000
x3001c0s31b1n0:45609:49462 [0] NCCL INFO Connection to proxy localRank 0 -> connection 0x153780000ec0
x3001c0s31b1n0:45609:49620 [0] NCCL INFO transport/p2p.cc:430 Cuda Alloc Size 6291456 pointer 0x15377c600000
x3001c0s31b1n0:45610:49625 [1] NCCL INFO New proxy recv connection 10 from local rank 1, transport 0
x3001c0s31b1n0:45610:49460 [1] NCCL INFO Connection to proxy localRank 1 -> connection 0x14b108000f00
x3001c0s31b1n0:45610:49625 [1] NCCL INFO transport/p2p.cc:449 Cuda Alloc Size 6291456 pointer 0x14b0f8600000
x3001c0s31b1n0:45610:49625 [1] NCCL INFO New proxy recv connection 11 from local rank 1, transport 0
x3001c0s31b1n0:45610:49460 [1] NCCL INFO Connection to proxy localRank 1 -> connection 0x14b108000f40
x3001c0s31b1n0:45609:49462 [0] NCCL INFO Channel 02/0 : 4[7000] -> 5[46000] via P2P/IPC/read
x3001c0s31b1n0:45609:49620 [0] NCCL INFO New proxy send connection 10 from local rank 0, transport 0
x3001c0s31b1n0:45609:49462 [0] NCCL INFO Connection to proxy localRank 0 -> connection 0x153780000f00
x3001c0s31b1n0:45609:49620 [0] NCCL INFO transport/p2p.cc:430 Cuda Alloc Size 6291456 pointer 0x15377cc00000
x3001c0s31b1n0:45610:49625 [1] NCCL INFO transport/p2p.cc:449 Cuda Alloc Size 6291456 pointer 0x14b0f8c00000
x3001c0s31b1n0:45609:49462 [0] NCCL INFO Channel 03/0 : 4[7000] -> 5[46000] via P2P/IPC/read
x3001c0s31b1n0:45609:49620 [0] NCCL INFO New proxy send connection 11 from local rank 0, transport 0
x3001c0s31b1n0:45610:49460 [1] NCCL INFO Channel 00/0 : 5[46000] -> 6[85000] via P2P/IPC/read
x3001c0s31b1n0:45610:49625 [1] NCCL INFO New proxy send connection 12 from local rank 1, transport 0
x3001c0s31b1n0:45609:49462 [0] NCCL INFO Connection to proxy localRank 0 -> connection 0x153780000f40
x3001c0s31b1n0:45609:49620 [0] NCCL INFO transport/p2p.cc:430 Cuda Alloc Size 6291456 pointer 0x15377d200000
x3001c0s31b1n0:45610:49460 [1] NCCL INFO Connection to proxy localRank 1 -> connection 0x14b108000f80
x3001c0s31b1n0:45610:49625 [1] NCCL INFO transport/p2p.cc:430 Cuda Alloc Size 6291456 pointer 0x14b0f9200000
x3001c0s31b1n0:45610:49460 [1] NCCL INFO Channel 01/0 : 5[46000] -> 6[85000] via P2P/IPC/read
x3001c0s31b1n0:45610:49625 [1] NCCL INFO New proxy send connection 13 from local rank 1, transport 0
x3001c0s31b1n0:45610:49460 [1] NCCL INFO Connection to proxy localRank 1 -> connection 0x14b108000fc0
x3001c0s31b1n0:45610:49625 [1] NCCL INFO transport/p2p.cc:430 Cuda Alloc Size 6291456 pointer 0x14b0f9800000
x3001c0s31b1n0:45610:49460 [1] NCCL INFO Channel 02/0 : 5[46000] -> 6[85000] via P2P/IPC/read
x3001c0s31b1n0:45610:49625 [1] NCCL INFO New proxy send connection 14 from local rank 1, transport 0
x3001c0s31b1n0:45610:49460 [1] NCCL INFO Connection to proxy localRank 1 -> connection 0x14b108001000
x3001c0s31b1n0:45610:49625 [1] NCCL INFO transport/p2p.cc:430 Cuda Alloc Size 6291456 pointer 0x14b0f6000000
x3001c0s31b1n0:45610:49460 [1] NCCL INFO Channel 03/0 : 5[46000] -> 6[85000] via P2P/IPC/read
x3001c0s31b1n0:45610:49625 [1] NCCL INFO New proxy send connection 15 from local rank 1, transport 0
x3001c0s31b1n0:45610:49460 [1] NCCL INFO Connection to proxy localRank 1 -> connection 0x14b108001040
x3001c0s31b1n0:45610:49625 [1] NCCL INFO transport/p2p.cc:430 Cuda Alloc Size 6291456 pointer 0x14b0f6600000
x3001c0s31b1n0:45610:49625 [1] NCCL INFO New proxy recv connection 16 from local rank 1, transport 0
x3001c0s31b1n0:45609:49462 [0] NCCL INFO GPU Direct RDMA Disabled for GPU 7000 / HCA 1 (distance 7 > 4)
x3001c0s31b1n0:45609:49620 [0] NCCL INFO Allocated 4194656 bytes of shared memory in /dev/shm/nccl-9JIJ6V

x3001c0s31b1n0:45609:49620 [0] NCCL INFO New proxy recv connection 12 from local rank 0, transport 2
x3001c0s31b1n0:45611:49623 [2] NCCL INFO New proxy recv connection 12 from local rank 2, transport 0
x3001c0s31b1n0:45611:49461 [2] NCCL INFO Connection to proxy localRank 2 -> connection 0x14fb4c000f80
x3001c0s31b1n0:45609:49462 [0] NCCL INFO Connection to proxy localRank 0 -> connection 0x153780000f80
x3001c0s31b1n0:45610:49460 [1] NCCL INFO Connection to proxy localRank 1 -> connection 0x14b108001080
x3001c0s31b1n0:45610:49625 [1] NCCL INFO transport/p2p.cc:449 Cuda Alloc Size 6291456 pointer 0x14b0f2000000
x3001c0s31b1n0:45611:49623 [2] NCCL INFO transport/p2p.cc:449 Cuda Alloc Size 6291456 pointer 0x14fb3e000000
x3001c0s31b1n0:45611:49623 [2] NCCL INFO New proxy recv connection 13 from local rank 2, transport 0
x3001c0s31b1n0:45609:49462 [0] NCCL INFO Channel 02/0 : 0[7000] -> 4[7000] [receive] via NET/IB/1
x3001c0s31b1n0:45609:49462 [0] NCCL INFO GPU Direct RDMA Disabled for GPU 7000 / HCA 0 (distance 7 > 4)
x3001c0s31b1n0:45609:49620 [0] NCCL INFO New proxy recv connection 13 from local rank 0, transport 2
x3001c0s31b1n0:45610:49625 [1] NCCL INFO New proxy recv connection 17 from local rank 1, transport 0
x3001c0s31b1n0:45609:49462 [0] NCCL INFO Connection to proxy localRank 0 -> connection 0x153780000fc0
x3001c0s31b1n0:45611:49461 [2] NCCL INFO Connection to proxy localRank 2 -> connection 0x14fb4c000fc0
x3001c0s31b1n0:45611:49623 [2] NCCL INFO transport/p2p.cc:449 Cuda Alloc Size 6291456 pointer 0x14fb3e600000
x3001c0s31b1n0:45609:49462 [0] NCCL INFO Channel 03/0 : 0[7000] -> 4[7000] [receive] via NET/IB/0
x3001c0s31b1n0:45610:49460 [1] NCCL INFO Connection to proxy localRank 1 -> connection 0x14b1080010c0
x3001c0s31b1n0:45610:49625 [1] NCCL INFO transport/p2p.cc:449 Cuda Alloc Size 6291456 pointer 0x14b0f2600000
x3001c0s31b1n0:45611:49623 [2] NCCL INFO New proxy recv connection 14 from local rank 2, transport 0
x3001c0s31b1n0:45610:49625 [1] NCCL INFO New proxy recv connection 18 from local rank 1, transport 0
x3001c0s31b1n0:45611:49461 [2] NCCL INFO Connection to proxy localRank 2 -> connection 0x14fb4c001000
x3001c0s31b1n0:45611:49623 [2] NCCL INFO transport/p2p.cc:449 Cuda Alloc Size 6291456 pointer 0x14fb3ec00000
x3001c0s31b1n0:45610:49460 [1] NCCL INFO Connection to proxy localRank 1 -> connection 0x14b108001100
x3001c0s31b1n0:45610:49625 [1] NCCL INFO transport/p2p.cc:449 Cuda Alloc Size 6291456 pointer 0x14b0f2c00000
x3001c0s31b1n0:45609:49620 [0] NCCL INFO transport/net_ib.cc:683 Ib Alloc Size 21688 pointer 0x15378001b000
x3001c0s31b1n0:45609:49620 [0] NCCL INFO transport/net_ib.cc:696 Ib Alloc Size 552 pointer 0x153780022000
x3001c0s31b1n0:45610:49625 [1] NCCL INFO New proxy recv connection 19 from local rank 1, transport 0
x3001c0s31b1n0:45611:49623 [2] NCCL INFO New proxy recv connection 15 from local rank 2, transport 0
x3001c0s31b1n0:45611:49461 [2] NCCL INFO Connection to proxy localRank 2 -> connection 0x14fb4c001040
x3001c0s31b1n0:45611:49623 [2] NCCL INFO transport/p2p.cc:449 Cuda Alloc Size 6291456 pointer 0x14fb3f200000
x3001c0s31b1n0:45610:49460 [1] NCCL INFO Connection to proxy localRank 1 -> connection 0x14b108001140
x3001c0s31b1n0:45609:49620 [0] NCCL INFO transport/net_ib.cc:771 Ib Alloc Size 552 pointer 0x15378003f000
x3001c0s31b1n0:45609:49620 [0] NCCL INFO transport/net.cc:698 Cuda Host Alloc Size 9641984 pointer 0x15377b200000
x3001c0s31b1n0:45610:49625 [1] NCCL INFO transport/p2p.cc:449 Cuda Alloc Size 6291456 pointer 0x14b0f3200000
x3001c0s31b1n0:45611:49461 [2] NCCL INFO Channel 00/0 : 6[85000] -> 5[46000] via P2P/IPC/read
x3001c0s31b1n0:45611:49623 [2] NCCL INFO New proxy send connection 16 from local rank 2, transport 0
x3001c0s31b1n0:45609:49620 [0] NCCL INFO transport/net_ib.cc:683 Ib Alloc Size 21688 pointer 0x153780041000
x3001c0s31b1n0:45609:49620 [0] NCCL INFO transport/net_ib.cc:696 Ib Alloc Size 552 pointer 0x153780048000
x3001c0s31b1n0:45611:49461 [2] NCCL INFO Connection to proxy localRank 2 -> connection 0x14fb4c001080
x3001c0s31b1n0:45611:49623 [2] NCCL INFO transport/p2p.cc:430 Cuda Alloc Size 6291456 pointer 0x14fb3f800000
x3001c0s31b1n0:45609:49620 [0] NCCL INFO transport/net_ib.cc:771 Ib Alloc Size 552 pointer 0x153780064000
x3001c0s31b1n0:45609:49620 [0] NCCL INFO transport/net.cc:698 Cuda Host Alloc Size 9641984 pointer 0x153772000000
x3001c0s31b1n0:45611:49461 [2] NCCL INFO Channel 01/0 : 6[85000] -> 5[46000] via P2P/IPC/read
x3001c0s31b1n0:45611:49623 [2] NCCL INFO New proxy send connection 17 from local rank 2, transport 0
x3001c0s31b1n0:45609:49462 [0] NCCL INFO GPU Direct RDMA Disabled for GPU 7000 / HCA 1 (distance 7 > 4)
x3001c0s31b1n0:45609:49620 [0] NCCL INFO New proxy send connection 14 from local rank 0, transport 2
x3001c0s31b1n0:45611:49461 [2] NCCL INFO Connection to proxy localRank 2 -> connection 0x14fb4c0010c0
x3001c0s31b1n0:45611:49623 [2] NCCL INFO transport/p2p.cc:430 Cuda Alloc Size 6291456 pointer 0x14fb3c000000
x3001c0s31b1n0:45609:49462 [0] NCCL INFO Connection to proxy localRank 0 -> connection 0x153780001000
x3001c0s31b1n0:45609:49462 [0] NCCL INFO Channel 00/0 : 4[7000] -> 9[46000] [send] via NET/IB/1
x3001c0s31b1n0:45609:49462 [0] NCCL INFO GPU Direct RDMA Disabled for GPU 7000 / HCA 0 (distance 7 > 4)
x3001c0s31b1n0:45609:49620 [0] NCCL INFO New proxy send connection 15 from local rank 0, transport 2
x3001c0s31b1n0:45611:49461 [2] NCCL INFO Channel 02/0 : 6[85000] -> 5[46000] via P2P/IPC/read
x3001c0s31b1n0:45611:49623 [2] NCCL INFO New proxy send connection 18 from local rank 2, transport 0
x3001c0s31b1n0:45611:49461 [2] NCCL INFO Connection to proxy localRank 2 -> connection 0x14fb4c001100
x3001c0s31b1n0:45611:49623 [2] NCCL INFO transport/p2p.cc:430 Cuda Alloc Size 6291456 pointer 0x14fb3c600000
x3001c0s31b1n0:45609:49462 [0] NCCL INFO Connection to proxy localRank 0 -> connection 0x153780001040
x3001c0s31b1n0:45609:49462 [0] NCCL INFO Channel 01/0 : 4[7000] -> 9[46000] [send] via NET/IB/0
x3001c0s31b1n0:45609:49620 [0] NCCL INFO transport/net_ib.cc:596 Ib Alloc Size 26560 pointer 0x153780070000
x3001c0s31b1n0:45609:49620 [0] NCCL INFO NET/IB: Dev 1 Port 1 qpn 29575 mtu 5 GID 0 (80FE/3C0000FEFF000000)
x3001c0s31b1n0:45609:49620 [0] NCCL INFO transport/net_ib.cc:653 Ib Alloc Size 552 pointer 0x153780087000
x3001c0s31b1n0:45609:49620 [0] NCCL INFO transport/net.cc:571 Cuda Host Alloc Size 9641984 pointer 0x153772a00000
x3001c0s31b1n0:45611:49461 [2] NCCL INFO Channel 03/0 : 6[85000] -> 5[46000] via P2P/IPC/read
x3001c0s31b1n0:45611:49623 [2] NCCL INFO New proxy send connection 19 from local rank 2, transport 0
x3001c0s31b1n0:45609:49620 [0] NCCL INFO transport/net_ib.cc:596 Ib Alloc Size 26560 pointer 0x153780089000
x3001c0s31b1n0:45609:49620 [0] NCCL INFO NET/IB: Dev 0 Port 1 qpn 30480 mtu 5 GID 0 (80FE/7D0000FEFF000000)
x3001c0s31b1n0:45609:49620 [0] NCCL INFO transport/net_ib.cc:653 Ib Alloc Size 552 pointer 0x1537800a0000
x3001c0s31b1n0:45609:49620 [0] NCCL INFO transport/net.cc:571 Cuda Host Alloc Size 9641984 pointer 0x153773400000
x3001c0s31b1n0:45611:49461 [2] NCCL INFO Connection to proxy localRank 2 -> connection 0x14fb4c001140
x3001c0s31b1n0:45611:49623 [2] NCCL INFO transport/p2p.cc:430 Cuda Alloc Size 6291456 pointer 0x14fb3cc00000
x3001c0s31b1n0:45609:49462 [0] NCCL INFO GPU Direct RDMA Disabled for GPU 7000 / HCA 1 (distance 7 > 4)
x3001c0s31b1n0:45609:49620 [0] NCCL INFO New proxy recv connection 16 from local rank 0, transport 2
x3001c0s31b1n0:45611:49461 [2] NCCL INFO Connected all trees by HAO
x3001c0s31b1n0:45611:49461 [2] NCCL INFO threadThresholds 8/8/64 | 160/8/64 | 512 | 512
x3001c0s31b1n0:45611:49461 [2] NCCL INFO 4 coll channels, 4 p2p channels, 2 p2p channels per peer
x3001c0s31b1n0:45611:49623 [2] NCCL INFO Allocated 4194656 bytes of shared memory in /dev/shm/nccl-zO3rs3

x3001c0s31b1n0:45611:49623 [2] NCCL INFO New proxy send connection 20 from local rank 2, transport 2
x3001c0s31b1n0:45610:49460 [1] NCCL INFO Connected all trees by HAO
x3001c0s31b1n0:45610:49460 [1] NCCL INFO threadThresholds 8/8/64 | 160/8/64 | 512 | 512
x3001c0s31b1n0:45610:49460 [1] NCCL INFO 4 coll channels, 4 p2p channels, 2 p2p channels per peer
x3001c0s31b1n0:45610:49625 [1] NCCL INFO New proxy send connection 20 from local rank 1, transport 2
x3001c0s31b1n0:45612:49459 [3] NCCL INFO Connected all trees by HAO
x3001c0s31b1n0:45612:49459 [3] NCCL INFO threadThresholds 8/8/64 | 160/8/64 | 512 | 512
x3001c0s31b1n0:45612:49459 [3] NCCL INFO 4 coll channels, 4 p2p channels, 2 p2p channels per peer
x3001c0s31b1n0:45612:49602 [3] NCCL INFO New proxy send connection 12 from local rank 3, transport 2
x3001c0s31b1n0:45609:49462 [0] NCCL INFO Connection to proxy localRank 0 -> connection 0x153780001080
x3001c0s31b1n0:45612:49459 [3] NCCL INFO Connection to proxy localRank 3 -> connection 0x152c08000f80
x3001c0s31b1n0:45612:49602 [3] NCCL INFO transport/net.cc:376 Cuda Alloc Size 8388608 pointer 0x152bfe600000
x3001c0s31b1n0:45610:49460 [1] NCCL INFO Connection to proxy localRank 1 -> connection 0x14b108001180
x3001c0s31b1n0:45610:49625 [1] NCCL INFO transport/net.cc:376 Cuda Alloc Size 8388608 pointer 0x14b0f1200000
x3001c0s31b1n0:45611:49461 [2] NCCL INFO Connection to proxy localRank 2 -> connection 0x14fb4c001180
x3001c0s31b1n0:45611:49623 [2] NCCL INFO transport/net.cc:376 Cuda Alloc Size 8388608 pointer 0x14fb38600000
x3001c0s31b1n0:45609:49462 [0] NCCL INFO Channel 00/0 : 9[46000] -> 4[7000] [receive] via NET/IB/1
x3001c0s31b1n0:45609:49462 [0] NCCL INFO GPU Direct RDMA Disabled for GPU 7000 / HCA 0 (distance 7 > 4)
x3001c0s31b1n0:45609:49620 [0] NCCL INFO New proxy recv connection 17 from local rank 0, transport 2
x3001c0s31b1n0:45609:49462 [0] NCCL INFO Connection to proxy localRank 0 -> connection 0x1537800010c0
x3001c0s31b1n0:45609:49462 [0] NCCL INFO Channel 01/0 : 9[46000] -> 4[7000] [receive] via NET/IB/0
x3001c0s31b1n0:45609:49620 [0] NCCL INFO transport/net_ib.cc:683 Ib Alloc Size 21688 pointer 0x1537800ac000
x3001c0s31b1n0:45609:49620 [0] NCCL INFO transport/net_ib.cc:696 Ib Alloc Size 552 pointer 0x1537800b3000
x3001c0s31b1n0:45609:49620 [0] NCCL INFO transport/net_ib.cc:771 Ib Alloc Size 552 pointer 0x1537800ce000
x3001c0s31b1n0:45609:49620 [0] NCCL INFO transport/net.cc:698 Cuda Host Alloc Size 9641984 pointer 0x153770000000
x3001c0s31b1n0:45609:49620 [0] NCCL INFO transport/net_ib.cc:683 Ib Alloc Size 21688 pointer 0x1537800d0000
x3001c0s31b1n0:45609:49620 [0] NCCL INFO transport/net_ib.cc:696 Ib Alloc Size 552 pointer 0x1537800d7000
x3001c0s31b1n0:45609:49620 [0] NCCL INFO transport/net_ib.cc:771 Ib Alloc Size 552 pointer 0x1537800f2000
x3001c0s31b1n0:45609:49620 [0] NCCL INFO transport/net.cc:698 Cuda Host Alloc Size 9641984 pointer 0x153770a00000
x3001c0s31b1n0:45609:49462 [0] NCCL INFO GPU Direct RDMA Disabled for GPU 7000 / HCA 1 (distance 7 > 4)
x3001c0s31b1n0:45609:49620 [0] NCCL INFO New proxy send connection 18 from local rank 0, transport 2
x3001c0s31b1n0:45609:49462 [0] NCCL INFO Connection to proxy localRank 0 -> connection 0x153780001100
x3001c0s31b1n0:45609:49462 [0] NCCL INFO Channel 02/0 : 4[7000] -> 0[7000] [send] via NET/IB/1
x3001c0s31b1n0:45609:49462 [0] NCCL INFO GPU Direct RDMA Disabled for GPU 7000 / HCA 0 (distance 7 > 4)
x3001c0s31b1n0:45609:49620 [0] NCCL INFO New proxy send connection 19 from local rank 0, transport 2
x3001c0s31b1n0:45609:49462 [0] NCCL INFO Connection to proxy localRank 0 -> connection 0x153780001140
x3001c0s31b1n0:45609:49462 [0] NCCL INFO Channel 03/0 : 4[7000] -> 0[7000] [send] via NET/IB/0
x3001c0s31b1n0:45609:49620 [0] NCCL INFO transport/net_ib.cc:596 Ib Alloc Size 26560 pointer 0x1537800fe000
x3001c0s31b1n0:45609:49620 [0] NCCL INFO NET/IB: Dev 1 Port 1 qpn 29578 mtu 5 GID 0 (80FE/3C0000FEFF000000)
x3001c0s31b1n0:45609:49620 [0] NCCL INFO transport/net_ib.cc:653 Ib Alloc Size 552 pointer 0x153780115000
x3001c0s31b1n0:45609:49620 [0] NCCL INFO transport/net.cc:571 Cuda Host Alloc Size 9641984 pointer 0x153771400000
x3001c0s31b1n0:45609:49620 [0] NCCL INFO transport/net_ib.cc:596 Ib Alloc Size 26560 pointer 0x153780117000
x3001c0s31b1n0:45609:49620 [0] NCCL INFO NET/IB: Dev 0 Port 1 qpn 30483 mtu 5 GID 0 (80FE/7D0000FEFF000000)
x3001c0s31b1n0:45609:49620 [0] NCCL INFO transport/net_ib.cc:653 Ib Alloc Size 552 pointer 0x15378012e000
x3001c0s31b1n0:45609:49620 [0] NCCL INFO transport/net.cc:571 Cuda Host Alloc Size 9641984 pointer 0x15376e000000
x3001c0s31b1n0:45609:49462 [0] NCCL INFO Connected all trees by HAO
x3001c0s31b1n0:45609:49462 [0] NCCL INFO threadThresholds 8/8/64 | 160/8/64 | 512 | 512
x3001c0s31b1n0:45609:49462 [0] NCCL INFO 4 coll channels, 4 p2p channels, 2 p2p channels per peer
x3001c0s31b1n0:45609:49620 [0] NCCL INFO New proxy send connection 20 from local rank 0, transport 2
x3001c0s31b1n0:45609:49462 [0] NCCL INFO Connection to proxy localRank 0 -> connection 0x153780001180
x3001c0s31b1n0:45609:49462 [0] NCCL INFO init.cc:367 Cuda Alloc Size 5168 pointer 0x1537db81fc00
x3001c0s31b1n0:45610:49460 [1] NCCL INFO init.cc:367 Cuda Alloc Size 5168 pointer 0x14b15b81fc00
x3001c0s31b1n0:45612:49459 [3] NCCL INFO init.cc:367 Cuda Alloc Size 5168 pointer 0x152c5d81fc00
x3001c0s31b1n0:45611:49461 [2] NCCL INFO init.cc:367 Cuda Alloc Size 5168 pointer 0x14fba181fc00
x3001c0s31b1n0:45612:49459 [3] NCCL INFO init.cc:392 Cuda Host Alloc Size 33554432 pointer 0x152bfc000000
x3001c0s31b1n0:45612:49459 [3] NCCL INFO init.cc:398 Cuda Host Alloc Size 128 pointer 0x152c5ce00a00
x3001c0s31b1n0:45612:49459 [3] NCCL INFO comm 0x55db59622160 rank 7 nranks 20 cudaDev 3 busId c7000 - Init COMPLETE
x3001c0s31b1n0:45610:49460 [1] NCCL INFO init.cc:392 Cuda Host Alloc Size 33554432 pointer 0x14b0ee000000
x3001c0s31b1n0:45610:49460 [1] NCCL INFO init.cc:398 Cuda Host Alloc Size 128 pointer 0x14b15ae00a00
x3001c0s31b1n0:45610:49460 [1] NCCL INFO comm 0x557b4490ba00 rank 5 nranks 20 cudaDev 1 busId 46000 - Init COMPLETE
x3001c0s31b1n0:45611:49461 [2] NCCL INFO init.cc:392 Cuda Host Alloc Size 33554432 pointer 0x14fb36000000
x3001c0s31b1n0:45611:49461 [2] NCCL INFO init.cc:398 Cuda Host Alloc Size 128 pointer 0x14fba0e00a00
x3001c0s31b1n0:45611:49461 [2] NCCL INFO comm 0x55694626d2e0 rank 6 nranks 20 cudaDev 2 busId 85000 - Init COMPLETE
x3001c0s31b1n0:45609:49620 [0] NCCL INFO transport/net.cc:376 Cuda Alloc Size 8388608 pointer 0x15376ea00000
x3001c0s31b1n0:45609:49462 [0] NCCL INFO init.cc:392 Cuda Host Alloc Size 33554432 pointer 0x15376c000000
x3001c0s31b1n0:45609:49462 [0] NCCL INFO init.cc:398 Cuda Host Alloc Size 128 pointer 0x1537dae00a00
x3001c0s31b1n0:45609:49462 [0] NCCL INFO comm 0x557c43eaf150 rank 4 nranks 20 cudaDev 0 busId 7000 - Init COMPLETE
x3001c0s31b1n0:45610:45610 [1] NCCL INFO AllReduce: opCount 0 sendbuff 0x14b19b600400 recvbuff 0x14b19b600400 count 1 datatype 4 op 0 root 0 comm 0x557b4490ba00 [nranks=20] stream 0x557b42913120
x3001c0s31b1n0:45610:45610 [1] NCCL INFO misc/utils.cc:235 memory stack hunk malloc(65536)
[LYD INFO in ncclLaunchKernel (enqueue.cc)] NCHANNELS is: 4x3001c0s31b1n0:45609:45609 [0] NCCL INFO AllReduce: opCount 0 sendbuff 0x15381b600400 recvbuff 0x15381b600400 count 1 datatype 4 op 0 root 0 comm 0x557c43eaf150 [nranks=20] stream 0x557c4260b850
x3001c0s31b1n0:45609:45609 [0] NCCL INFO misc/utils.cc:235 memory stack hunk malloc(65536)
[LYD INFO in ncclLaunchKernel (enqueue.cc)] NCHANNELS is: 4x3001c0s31b1n0:45611:45611 [2] NCCL INFO AllReduce: opCount 0 sendbuff 0x14fbdf600400 recvbuff 0x14fbdf600400 count 1 datatype 4 op 0 root 0 comm 0x55694626d2e0 [nranks=20] stream 0x55694411b720
x3001c0s31b1n0:45611:45611 [2] NCCL INFO misc/utils.cc:235 memory stack hunk malloc(65536)
[LYD INFO in ncclLaunchKernel (enqueue.cc)] NCHANNELS is: 4x3001c0s31b1n0:45612:45612 [3] NCCL INFO AllReduce: opCount 0 sendbuff 0x152c9f600400 recvbuff 0x152c9f600400 count 1 datatype 4 op 0 root 0 comm 0x55db59622160 [nranks=20] stream 0x55db56648920
x3001c0s31b1n0:45612:45612 [3] NCCL INFO misc/utils.cc:235 memory stack hunk malloc(65536)
[LYD INFO in ncclLaunchKernel (enqueue.cc)] NCHANNELS is: 4
[LYD INFO in NCCL_KERN_NAME (common.h)] 7 AllReduce TREE LL Sum int64_t Elapsed time: 834756 us

[LYD INFO in NCCL_KERN_NAME (common.h)] 5 AllReduce TREE LL Sum int64_t Elapsed time: 867268 us

[LYD INFO in NCCL_KERN_NAME (common.h)] 6 AllReduce TREE LL Sum int64_t Elapsed time: 852959 us

[LYD INFO in NCCL_KERN_NAME (common.h)] 4 AllReduce TREE LL Sum int64_t Elapsed time: 870389 us
[Hao INFO in ncclAllReduce (all_reduce.cc)] rank 3 ncclAllReduce: count: 1, datatype: ncclInt64, message size: 8 Bytes
x3001c0s31b1n0:45612:45612 [3] NCCL INFO AllReduce: opCount 0 sendbuff 0x152c9f600400 recvbuff 0x152c9f600400 count 1 datatype 4 op 0 root 0 comm 0x55db5980f0f0 [nranks=1] stream 0x55db566487e0

[LYD INFO in ncclAllReduce (all_reduce.cc)] rank 0 AllReduce Time: 0.000015000 seconds
x3001c0s31b1n0:45612:45612 [3] NCCL INFO AllReduce: opCount 1 sendbuff 0x152c9f600400 recvbuff 0x152c9f600400 count 1 datatype 4 op 0 root 0 comm 0x55db59622160 [nranks=20] stream 0x55db56648920
[LYD INFO in ncclLaunchKernel (enqueue.cc)] NCHANNELS is: 4[Hao INFO in ncclAllReduce (all_reduce.cc)] rank 1 ncclAllReduce: count: 1, datatype: ncclInt64, message size: 8 Bytes
x3001c0s31b1n0:45610:45610 [1] NCCL INFO AllReduce: opCount 0 sendbuff 0x14b19b600400 recvbuff 0x14b19b600400 count 1 datatype 4 op 0 root 0 comm 0x557b449059e0 [nranks=1] stream 0x557b42912fe0

[LYD INFO in ncclAllReduce (all_reduce.cc)] rank 0 AllReduce Time: 0.000014000 seconds
x3001c0s31b1n0:45610:45610 [1] NCCL INFO AllReduce: opCount 1 sendbuff 0x14b19b600400 recvbuff 0x14b19b600400 count 1 datatype 4 op 0 root 0 comm 0x557b4490ba00 [nranks=20] stream 0x557b42913120
[LYD INFO in ncclLaunchKernel (enqueue.cc)] NCHANNELS is: 4[Hao INFO in ncclAllReduce (all_reduce.cc)] rank 2 ncclAllReduce: count: 1, datatype: ncclInt64, message size: 8 Bytes
x3001c0s31b1n0:45611:45611 [2] NCCL INFO AllReduce: opCount 0 sendbuff 0x14fbdf600400 recvbuff 0x14fbdf600400 count 1 datatype 4 op 0 root 0 comm 0x556945909bd0 [nranks=1] stream 0x55694411b5e0

[LYD INFO in ncclAllReduce (all_reduce.cc)] rank 0 AllReduce Time: 0.000013000 seconds
x3001c0s31b1n0:45611:45611 [2] NCCL INFO AllReduce: opCount 1 sendbuff 0x14fbdf600400 recvbuff 0x14fbdf600400 count 1 datatype 4 op 0 root 0 comm 0x55694626d2e0 [nranks=20] stream 0x55694411b720
[LYD INFO in ncclLaunchKernel (enqueue.cc)] NCHANNELS is: 4[Hao INFO in ncclAllReduce (all_reduce.cc)] rank 0 ncclAllReduce: count: 1, datatype: ncclInt64, message size: 8 Bytes
x3001c0s31b1n0:45609:45609 [0] NCCL INFO AllReduce: opCount 0 sendbuff 0x15381b600400 recvbuff 0x15381b600400 count 1 datatype 4 op 0 root 0 comm 0x557c43f82f10 [nranks=1] stream 0x557c4260b710

[LYD INFO in ncclAllReduce (all_reduce.cc)] rank 0 AllReduce Time: 0.000015000 seconds
x3001c0s31b1n0:45609:45609 [0] NCCL INFO AllReduce: opCount 1 sendbuff 0x15381b600400 recvbuff 0x15381b600400 count 1 datatype 4 op 0 root 0 comm 0x557c43eaf150 [nranks=20] stream 0x557c4260b850
[LYD INFO in ncclLaunchKernel (enqueue.cc)] NCHANNELS is: 4