x3002c0s19b0n0:996:2241 [0] NCCL INFO Ring 02 : 1 -> 0 -> 2
x3002c0s19b0n0:996:2241 [0] NCCL INFO Ring 03 : 1 -> 0 -> 2
x3002c0s19b0n0:996:2241 [0] NCCL INFO Trees [0] 1/16/-1->0->-1 [1] 1/16/-1->0->-1 [2] 1/-1/-1->0->4 [3] 1/-1/-1->0->4
x3002c0s19b0n0:996:2241 [0] NCCL INFO misc/utils.cc:235 memory stack hunk malloc(65536)
x3002c0s19b0n0:996:2241 [0] NCCL INFO channel.cc:23 Cuda Alloc Size 9600 pointer 0x15540da00000
x3002c0s19b0n0:996:2241 [0] NCCL INFO channel.cc:27 Cuda Alloc Size 96 pointer 0x15540da02600
x3002c0s19b0n0:996:2241 [0] NCCL INFO channel.cc:23 Cuda Alloc Size 9600 pointer 0x15540da02800
x3002c0s19b0n0:996:2241 [0] NCCL INFO channel.cc:27 Cuda Alloc Size 96 pointer 0x15540da04e00
x3002c0s19b0n0:996:2241 [0] NCCL INFO channel.cc:23 Cuda Alloc Size 9600 pointer 0x15540da05000
x3002c0s19b0n0:996:2241 [0] NCCL INFO channel.cc:27 Cuda Alloc Size 96 pointer 0x15540da07600
x3002c0s19b0n0:996:2241 [0] NCCL INFO channel.cc:23 Cuda Alloc Size 9600 pointer 0x15540da07800
x3002c0s19b0n0:996:2241 [0] NCCL INFO channel.cc:27 Cuda Alloc Size 96 pointer 0x15540da09e00
x3002c0s19b0n0:996:2241 [0] NCCL INFO Channel 00/0 : 0[7000] -> 2[85000] via P2P/IPC/read
x3002c0s19b0n0:996:2493 [0] NCCL INFO Mem Realloc old size 0, new size 8 pointer 0x155408000c60
x3002c0s19b0n0:996:2493 [0] NCCL INFO New proxy send connection 0 from local rank 0, transport 0
x3002c0s19b0n0:996:2241 [0] NCCL INFO Connection to proxy localRank 0 -> connection 0x155408000c80
x3002c0s19b0n0:996:2493 [0] NCCL INFO transport/p2p.cc:430 Cuda Alloc Size 6291456 pointer 0x155402000000
x3002c0s19b0n0:998:2279 [2] NCCL INFO Connection to proxy localRank 2 -> connection 0x14d168000d00
x3002c0s19b0n0:998:2498 [2] NCCL INFO transport/p2p.cc:430 Cuda Alloc Size 6291456 pointer 0x14d16e600000
x3002c0s19b0n0:999:2281 [3] NCCL INFO Connection to proxy localRank 3 -> connection 0x153574000cc0
x3002c0s19b0n0:999:2471 [3] NCCL INFO transport/p2p.cc:449 Cuda Alloc Size 6291456 pointer 0x1535c0600000
x3002c0s19b0n0:997:2282 [1] NCCL INFO Tree 0 : 0 -> 1 -> 2/-1/-1
x3002c0s19b0n0:997:2282 [1] NCCL INFO Tree 2 : 0 -> 1 -> 2/-1/-1
x3002c0s19b0n0:997:2282 [1] NCCL INFO Tree 1 : 0 -> 1 -> 2/-1/-1
x3002c0s19b0n0:997:2282 [1] NCCL INFO Tree 3 : 0 -> 1 -> 2/-1/-1
x3002c0s19b0n0:997:2282 [1] NCCL INFO Ring 00 : 23 -> 1 -> 0
x3002c0s19b0n0:997:2282 [1] NCCL INFO Ring 01 : 23 -> 1 -> 0
x3002c0s19b0n0:997:2282 [1] NCCL INFO Ring 02 : 23 -> 1 -> 0
x3002c0s19b0n0:997:2282 [1] NCCL INFO Ring 03 : 23 -> 1 -> 0
x3002c0s19b0n0:997:2282 [1] NCCL INFO Trees [0] 2/-1/-1->1->0 [1] 2/-1/-1->1->0 [2] 2/-1/-1->1->0 [3] 2/-1/-1->1->0
x3002c0s19b0n0:997:2282 [1] NCCL INFO misc/utils.cc:235 memory stack hunk malloc(65536)
x3002c0s19b0n0:997:2282 [1] NCCL INFO channel.cc:23 Cuda Alloc Size 9600 pointer 0x14c713800000
x3002c0s19b0n0:997:2282 [1] NCCL INFO channel.cc:27 Cuda Alloc Size 96 pointer 0x14c713802600
x3002c0s19b0n0:997:2282 [1] NCCL INFO channel.cc:23 Cuda Alloc Size 9600 pointer 0x14c713802800
x3002c0s19b0n0:997:2282 [1] NCCL INFO channel.cc:27 Cuda Alloc Size 96 pointer 0x14c713804e00
x3002c0s19b0n0:997:2282 [1] NCCL INFO channel.cc:23 Cuda Alloc Size 9600 pointer 0x14c713805000
x3002c0s19b0n0:997:2282 [1] NCCL INFO channel.cc:27 Cuda Alloc Size 96 pointer 0x14c713807600
x3002c0s19b0n0:997:2282 [1] NCCL INFO channel.cc:23 Cuda Alloc Size 9600 pointer 0x14c713807800
x3002c0s19b0n0:997:2282 [1] NCCL INFO channel.cc:27 Cuda Alloc Size 96 pointer 0x14c713809e00
x3002c0s19b0n0:997:2282 [1] NCCL INFO GPU Direct RDMA Disabled for GPU 46000 / HCA 1 (distance 6 > 4)
x3002c0s19b0n0:996:2241 [0] NCCL INFO Channel 01/0 : 0[7000] -> 2[85000] via P2P/IPC/read
x3002c0s19b0n0:996:2493 [0] NCCL INFO New proxy send connection 1 from local rank 0, transport 0
x3002c0s19b0n0:997:2494 [1] NCCL INFO Mem Realloc old size 0, new size 8 pointer 0x14c704000c60
x3002c0s19b0n0:997:2494 [1] NCCL INFO Allocated 4194656 bytes of shared memory in /dev/shm/nccl-KVjnnB

x3002c0s19b0n0:997:2494 [1] NCCL INFO New proxy recv connection 0 from local rank 1, transport 2
x3002c0s19b0n0:998:2279 [2] NCCL INFO Channel 03/0 : 2[85000] -> 3[c7000] via P2P/IPC/read
x3002c0s19b0n0:998:2498 [2] NCCL INFO New proxy send connection 3 from local rank 2, transport 0
x3002c0s19b0n0:999:2471 [3] NCCL INFO New proxy recv connection 2 from local rank 3, transport 0
x3002c0s19b0n0:999:2281 [3] NCCL INFO Connection to proxy localRank 3 -> connection 0x153574000d00
x3002c0s19b0n0:999:2471 [3] NCCL INFO transport/p2p.cc:449 Cuda Alloc Size 6291456 pointer 0x1535c0c00000
x3002c0s19b0n0:996:2241 [0] NCCL INFO Connection to proxy localRank 0 -> connection 0x155408000cc0
x3002c0s19b0n0:996:2493 [0] NCCL INFO transport/p2p.cc:430 Cuda Alloc Size 6291456 pointer 0x155402600000
x3002c0s19b0n0:997:2282 [1] NCCL INFO Connection to proxy localRank 1 -> connection 0x14c704000c80
x3002c0s19b0n0:998:2279 [2] NCCL INFO Connection to proxy localRank 2 -> connection 0x14d168000d40
x3002c0s19b0n0:998:2498 [2] NCCL INFO transport/p2p.cc:430 Cuda Alloc Size 6291456 pointer 0x14d16ec00000
x3002c0s19b0n0:996:2241 [0] NCCL INFO Channel 02/0 : 0[7000] -> 2[85000] via P2P/IPC/read
x3002c0s19b0n0:999:2471 [3] NCCL INFO New proxy recv connection 3 from local rank 3, transport 0
x3002c0s19b0n0:996:2493 [0] NCCL INFO New proxy send connection 2 from local rank 0, transport 0
x3002c0s19b0n0:997:2282 [1] NCCL INFO Channel 00/0 : 23[c7000] -> 1[46000] [receive] via NET/IB/1
x3002c0s19b0n0:997:2282 [1] NCCL INFO GPU Direct RDMA Disabled for GPU 46000 / HCA 0 (distance 7 > 4)
x3002c0s19b0n0:997:2494 [1] NCCL INFO New proxy recv connection 1 from local rank 1, transport 2
x3002c0s19b0n0:997:2282 [1] NCCL INFO Connection to proxy localRank 1 -> connection 0x14c704000cc0
x3002c0s19b0n0:996:2241 [0] NCCL INFO Connection to proxy localRank 0 -> connection 0x155408000d00
x3002c0s19b0n0:996:2493 [0] NCCL INFO transport/p2p.cc:430 Cuda Alloc Size 6291456 pointer 0x155402c00000
x3002c0s19b0n0:999:2281 [3] NCCL INFO Connection to proxy localRank 3 -> connection 0x153574000d40
x3002c0s19b0n0:999:2471 [3] NCCL INFO transport/p2p.cc:449 Cuda Alloc Size 6291456 pointer 0x1535c1200000
x3002c0s19b0n0:997:2282 [1] NCCL INFO Channel 01/0 : 23[c7000] -> 1[46000] [receive] via NET/IB/0
x3002c0s19b0n0:997:2282 [1] NCCL INFO GPU Direct RDMA Disabled for GPU 46000 / HCA 1 (distance 6 > 4)
x3002c0s19b0n0:997:2494 [1] NCCL INFO New proxy recv connection 2 from local rank 1, transport 2
x3002c0s19b0n0:999:2281 [3] NCCL INFO GPU Direct RDMA Disabled for GPU c7000 / HCA 1 (distance 7 > 4)
x3002c0s19b0n0:999:2471 [3] NCCL INFO Allocated 4194656 bytes of shared memory in /dev/shm/nccl-38JQ6J

x3002c0s19b0n0:999:2471 [3] NCCL INFO New proxy send connection 4 from local rank 3, transport 2
x3002c0s19b0n0:998:2498 [2] NCCL INFO New proxy recv connection 4 from local rank 2, transport 0
x3002c0s19b0n0:997:2282 [1] NCCL INFO Connection to proxy localRank 1 -> connection 0x14c704000d00
x3002c0s19b0n0:996:2241 [0] NCCL INFO Channel 03/0 : 0[7000] -> 2[85000] via P2P/IPC/read
x3002c0s19b0n0:996:2493 [0] NCCL INFO New proxy send connection 3 from local rank 0, transport 0
x3002c0s19b0n0:998:2279 [2] NCCL INFO Connection to proxy localRank 2 -> connection 0x14d168000d80
x3002c0s19b0n0:998:2498 [2] NCCL INFO transport/p2p.cc:449 Cuda Alloc Size 6291456 pointer 0x14d166c00000
x3002c0s19b0n0:999:2281 [3] NCCL INFO Connection to proxy localRank 3 -> connection 0x153574000d80
x3002c0s19b0n0:999:2281 [3] NCCL INFO Channel 00/0 : 3[c7000] -> 5[46000] [send] via NET/IB/1
x3002c0s19b0n0:999:2281 [3] NCCL INFO GPU Direct RDMA Disabled for GPU c7000 / HCA 0 (distance 6 > 4)
x3002c0s19b0n0:999:2471 [3] NCCL INFO New proxy send connection 5 from local rank 3, transport 2
x3002c0s19b0n0:996:2241 [0] NCCL INFO Connection to proxy localRank 0 -> connection 0x155408000d40
x3002c0s19b0n0:996:2493 [0] NCCL INFO transport/p2p.cc:430 Cuda Alloc Size 6291456 pointer 0x155403200000
x3002c0s19b0n0:997:2282 [1] NCCL INFO Channel 02/0 : 23[c7000] -> 1[46000] [receive] via NET/IB/1
x3002c0s19b0n0:997:2282 [1] NCCL INFO GPU Direct RDMA Disabled for GPU 46000 / HCA 0 (distance 7 > 4)
x3002c0s19b0n0:997:2494 [1] NCCL INFO New proxy recv connection 3 from local rank 1, transport 2
x3002c0s19b0n0:998:2498 [2] NCCL INFO New proxy recv connection 5 from local rank 2, transport 0
x3002c0s19b0n0:999:2281 [3] NCCL INFO Connection to proxy localRank 3 -> connection 0x153574000dc0
x3002c0s19b0n0:999:2281 [3] NCCL INFO Channel 01/0 : 3[c7000] -> 5[46000] [send] via NET/IB/0
x3002c0s19b0n0:999:2281 [3] NCCL INFO GPU Direct RDMA Disabled for GPU c7000 / HCA 1 (distance 7 > 4)
x3002c0s19b0n0:999:2471 [3] NCCL INFO New proxy send connection 6 from local rank 3, transport 2
x3002c0s19b0n0:998:2279 [2] NCCL INFO Connection to proxy localRank 2 -> connection 0x14d168000dc0
x3002c0s19b0n0:998:2498 [2] NCCL INFO transport/p2p.cc:449 Cuda Alloc Size 6291456 pointer 0x14d167200000
x3002c0s19b0n0:997:2282 [1] NCCL INFO Connection to proxy localRank 1 -> connection 0x14c704000d40
x3002c0s19b0n0:999:2281 [3] NCCL INFO Connection to proxy localRank 3 -> connection 0x153574000e00
x3002c0s19b0n0:999:2281 [3] NCCL INFO Channel 02/0 : 3[c7000] -> 5[46000] [send] via NET/IB/1
x3002c0s19b0n0:999:2281 [3] NCCL INFO GPU Direct RDMA Disabled for GPU c7000 / HCA 0 (distance 6 > 4)
x3002c0s19b0n0:999:2471 [3] NCCL INFO New proxy send connection 7 from local rank 3, transport 2
x3002c0s19b0n0:997:2282 [1] NCCL INFO Channel 03/0 : 23[c7000] -> 1[46000] [receive] via NET/IB/0
x3002c0s19b0n0:998:2498 [2] NCCL INFO New proxy recv connection 6 from local rank 2, transport 0
x3002c0s19b0n0:999:2281 [3] NCCL INFO Connection to proxy localRank 3 -> connection 0x153574000e40
x3002c0s19b0n0:999:2281 [3] NCCL INFO Channel 03/0 : 3[c7000] -> 5[46000] [send] via NET/IB/0
x3002c0s19b0n0:999:2471 [3] NCCL INFO transport/net_ib.cc:596 Ib Alloc Size 26560 pointer 0x153574020000
x3002c0s19b0n0:998:2279 [2] NCCL INFO Connection to proxy localRank 2 -> connection 0x14d168000e00
x3002c0s19b0n0:998:2498 [2] NCCL INFO transport/p2p.cc:449 Cuda Alloc Size 6291456 pointer 0x14d167800000
x3002c0s19b0n0:999:2471 [3] NCCL INFO NET/IB: Dev 1 Port 1 qpn 30281 mtu 5 GID 0 (80FE/CD0000FEFF000000)
x3002c0s19b0n0:999:2471 [3] NCCL INFO transport/net_ib.cc:653 Ib Alloc Size 552 pointer 0x153574042000
x3002c0s19b0n0:999:2471 [3] NCCL INFO transport/net.cc:571 Cuda Host Alloc Size 9641984 pointer 0x1535c3000000
x3002c0s19b0n0:999:2471 [3] NCCL INFO Mem Realloc old size 0, new size 768 pointer 0x15357402f5c0
x3002c0s19b0n0:999:2471 [3] NCCL INFO transport/net_ib.cc:596 Ib Alloc Size 26560 pointer 0x153574042000
x3002c0s19b0n0:999:2471 [3] NCCL INFO NET/IB: Dev 0 Port 1 qpn 32573 mtu 5 GID 0 (80FE/9B0000FEFF000000)
x3002c0s19b0n0:999:2471 [3] NCCL INFO transport/net_ib.cc:653 Ib Alloc Size 552 pointer 0x153574064000
x3002c0s19b0n0:999:2471 [3] NCCL INFO transport/net.cc:571 Cuda Host Alloc Size 9641984 pointer 0x1535c3a00000
x3002c0s19b0n0:999:2471 [3] NCCL INFO Mem Realloc old size 0, new size 768 pointer 0x153574051c50
x3002c0s19b0n0:998:2498 [2] NCCL INFO New proxy recv connection 7 from local rank 2, transport 0
x3002c0s19b0n0:997:2494 [1] NCCL INFO transport/net_ib.cc:683 Ib Alloc Size 21688 pointer 0x14c70401d000
x3002c0s19b0n0:997:2494 [1] NCCL INFO transport/net_ib.cc:696 Ib Alloc Size 552 pointer 0x14c704024000
x3002c0s19b0n0:999:2471 [3] NCCL INFO transport/net_ib.cc:596 Ib Alloc Size 26560 pointer 0x153574066000
x3002c0s19b0n0:997:2494 [1] NCCL INFO transport/net_ib.cc:771 Ib Alloc Size 552 pointer 0x14c70404b000
x3002c0s19b0n0:997:2494 [1] NCCL INFO transport/net.cc:698 Cuda Host Alloc Size 9641984 pointer 0x14c702000000
x3002c0s19b0n0:997:2494 [1] NCCL INFO Mem Realloc old size 0, new size 768 pointer 0x14c7040406b0
x3002c0s19b0n0:999:2471 [3] NCCL INFO NET/IB: Dev 1 Port 1 qpn 30284 mtu 5 GID 0 (80FE/CD0000FEFF000000)
x3002c0s19b0n0:999:2471 [3] NCCL INFO transport/net_ib.cc:653 Ib Alloc Size 552 pointer 0x15357407d000
x3002c0s19b0n0:999:2471 [3] NCCL INFO transport/net.cc:571 Cuda Host Alloc Size 9641984 pointer 0x1535c4400000
x3002c0s19b0n0:997:2494 [1] NCCL INFO transport/net_ib.cc:683 Ib Alloc Size 21688 pointer 0x14c70404d000
x3002c0s19b0n0:998:2279 [2] NCCL INFO Connection to proxy localRank 2 -> connection 0x14d168000e40
x3002c0s19b0n0:998:2498 [2] NCCL INFO transport/p2p.cc:449 Cuda Alloc Size 6291456 pointer 0x14d164000000
x3002c0s19b0n0:997:2494 [1] NCCL INFO transport/net_ib.cc:696 Ib Alloc Size 552 pointer 0x14c704054000
x3002c0s19b0n0:999:2471 [3] NCCL INFO transport/net_ib.cc:596 Ib Alloc Size 26560 pointer 0x15357407f000
x3002c0s19b0n0:998:2279 [2] NCCL INFO Connected all rings
x3002c0s19b0n0:998:2498 [2] NCCL INFO New proxy recv connection 8 from local rank 2, transport 0
x3002c0s19b0n0:996:2493 [0] NCCL INFO New proxy recv connection 4 from local rank 0, transport 0
x3002c0s19b0n0:997:2494 [1] NCCL INFO transport/net_ib.cc:771 Ib Alloc Size 552 pointer 0x14c704079000
x3002c0s19b0n0:999:2471 [3] NCCL INFO NET/IB: Dev 0 Port 1 qpn 32574 mtu 5 GID 0 (80FE/9B0000FEFF000000)
x3002c0s19b0n0:999:2471 [3] NCCL INFO transport/net_ib.cc:653 Ib Alloc Size 552 pointer 0x153574096000
x3002c0s19b0n0:997:2494 [1] NCCL INFO transport/net.cc:698 Cuda Host Alloc Size 9641984 pointer 0x14c702a00000
x3002c0s19b0n0:997:2494 [1] NCCL INFO Mem Realloc old size 0, new size 768 pointer 0x14c70406e880
x3002c0s19b0n0:999:2471 [3] NCCL INFO transport/net.cc:571 Cuda Host Alloc Size 9641984 pointer 0x1535c4e00000
x3002c0s19b0n0:999:2281 [3] NCCL INFO Connected all rings
x3002c0s19b0n0:999:2281 [3] NCCL INFO Channel 00/0 : 3[c7000] -> 2[85000] via P2P/IPC/read
x3002c0s19b0n0:999:2471 [3] NCCL INFO New proxy send connection 8 from local rank 3, transport 0
x3002c0s19b0n0:996:2241 [0] NCCL INFO Connection to proxy localRank 0 -> connection 0x155408000d80
x3002c0s19b0n0:996:2493 [0] NCCL INFO transport/p2p.cc:449 Cuda Alloc Size 6291456 pointer 0x155401200000
x3002c0s19b0n0:998:2279 [2] NCCL INFO Connection to proxy localRank 2 -> connection 0x14d168000e80
x3002c0s19b0n0:998:2498 [2] NCCL INFO transport/p2p.cc:449 Cuda Alloc Size 6291456 pointer 0x14d162000000
x3002c0s19b0n0:997:2494 [1] NCCL INFO transport/net_ib.cc:683 Ib Alloc Size 21688 pointer 0x14c70407b000
x3002c0s19b0n0:997:2494 [1] NCCL INFO transport/net_ib.cc:696 Ib Alloc Size 552 pointer 0x14c704082000
x3002c0s19b0n0:999:2281 [3] NCCL INFO Connection to proxy localRank 3 -> connection 0x153574000e80
x3002c0s19b0n0:999:2471 [3] NCCL INFO transport/p2p.cc:430 Cuda Alloc Size 6291456 pointer 0x1535c5800000
x3002c0s19b0n0:996:2493 [0] NCCL INFO New proxy recv connection 5 from local rank 0, transport 0
x3002c0s19b0n0:998:2498 [2] NCCL INFO New proxy recv connection 9 from local rank 2, transport 0
x3002c0s19b0n0:997:2494 [1] NCCL INFO transport/net_ib.cc:771 Ib Alloc Size 552 pointer 0x14c70409d000
x3002c0s19b0n0:997:2494 [1] NCCL INFO transport/net.cc:698 Cuda Host Alloc Size 9641984 pointer 0x14c703400000
x3002c0s19b0n0:997:2494 [1] NCCL INFO transport/net_ib.cc:683 Ib Alloc Size 21688 pointer 0x14c70409f000
x3002c0s19b0n0:997:2494 [1] NCCL INFO transport/net_ib.cc:696 Ib Alloc Size 552 pointer 0x14c7040a6000
x3002c0s19b0n0:998:2279 [2] NCCL INFO Connection to proxy localRank 2 -> connection 0x14d168000ec0
x3002c0s19b0n0:997:2494 [1] NCCL INFO transport/net_ib.cc:771 Ib Alloc Size 552 pointer 0x14c7040c1000
x3002c0s19b0n0:997:2494 [1] NCCL INFO transport/net.cc:698 Cuda Host Alloc Size 9641984 pointer 0x14c700000000
x3002c0s19b0n0:998:2498 [2] NCCL INFO transport/p2p.cc:449 Cuda Alloc Size 6291456 pointer 0x14d162600000
x3002c0s19b0n0:997:2282 [1] NCCL INFO Channel 00/0 : 1[46000] -> 0[7000] via P2P/IPC/read
x3002c0s19b0n0:997:2494 [1] NCCL INFO New proxy send connection 4 from local rank 1, transport 0
x3002c0s19b0n0:999:2281 [3] NCCL INFO Channel 01/0 : 3[c7000] -> 2[85000] via P2P/IPC/read
x3002c0s19b0n0:999:2471 [3] NCCL INFO New proxy send connection 9 from local rank 3, transport 0
x3002c0s19b0n0:996:2241 [0] NCCL INFO Connection to proxy localRank 0 -> connection 0x155408000dc0
x3002c0s19b0n0:996:2493 [0] NCCL INFO transport/p2p.cc:449 Cuda Alloc Size 6291456 pointer 0x155401800000
x3002c0s19b0n0:997:2282 [1] NCCL INFO Connection to proxy localRank 1 -> connection 0x14c704000d80
x3002c0s19b0n0:997:2494 [1] NCCL INFO transport/p2p.cc:430 Cuda Alloc Size 6291456 pointer 0x14c700a00000
x3002c0s19b0n0:998:2498 [2] NCCL INFO New proxy recv connection 10 from local rank 2, transport 0
x3002c0s19b0n0:999:2281 [3] NCCL INFO Connection to proxy localRank 3 -> connection 0x153574000ec0
x3002c0s19b0n0:999:2471 [3] NCCL INFO transport/p2p.cc:430 Cuda Alloc Size 6291456 pointer 0x1535c5e00000
x3002c0s19b0n0:996:2493 [0] NCCL INFO New proxy recv connection 6 from local rank 0, transport 0
x3002c0s19b0n0:997:2282 [1] NCCL INFO Channel 01/0 : 1[46000] -> 0[7000] via P2P/IPC/read
x3002c0s19b0n0:997:2494 [1] NCCL INFO New proxy send connection 5 from local rank 1, transport 0
x3002c0s19b0n0:998:2279 [2] NCCL INFO Connection to proxy localRank 2 -> connection 0x14d168000f00
x3002c0s19b0n0:998:2498 [2] NCCL INFO transport/p2p.cc:449 Cuda Alloc Size 6291456 pointer 0x14d162c00000
x3002c0s19b0n0:999:2281 [3] NCCL INFO Channel 02/0 : 3[c7000] -> 2[85000] via P2P/IPC/read
x3002c0s19b0n0:999:2471 [3] NCCL INFO New proxy send connection 10 from local rank 3, transport 0
x3002c0s19b0n0:996:2241 [0] NCCL INFO Connection to proxy localRank 0 -> connection 0x155408000e00
x3002c0s19b0n0:996:2493 [0] NCCL INFO transport/p2p.cc:449 Cuda Alloc Size 6291456 pointer 0x1553fe000000
x3002c0s19b0n0:997:2282 [1] NCCL INFO Connection to proxy localRank 1 -> connection 0x14c704000dc0
x3002c0s19b0n0:997:2494 [1] NCCL INFO transport/p2p.cc:430 Cuda Alloc Size 6291456 pointer 0x14c701000000
x3002c0s19b0n0:998:2498 [2] NCCL INFO New proxy recv connection 11 from local rank 2, transport 0
x3002c0s19b0n0:999:2281 [3] NCCL INFO Connection to proxy localRank 3 -> connection 0x153574000f00
x3002c0s19b0n0:999:2471 [3] NCCL INFO transport/p2p.cc:430 Cuda Alloc Size 6291456 pointer 0x1535c6400000
x3002c0s19b0n0:997:2282 [1] NCCL INFO Channel 02/0 : 1[46000] -> 0[7000] via P2P/IPC/read
x3002c0s19b0n0:997:2494 [1] NCCL INFO New proxy send connection 6 from local rank 1, transport 0
x3002c0s19b0n0:998:2279 [2] NCCL INFO Connection to proxy localRank 2 -> connection 0x14d168000f40
x3002c0s19b0n0:998:2498 [2] NCCL INFO transport/p2p.cc:449 Cuda Alloc Size 6291456 pointer 0x14d163200000
x3002c0s19b0n0:999:2281 [3] NCCL INFO Channel 03/0 : 3[c7000] -> 2[85000] via P2P/IPC/read
x3002c0s19b0n0:999:2471 [3] NCCL INFO New proxy send connection 11 from local rank 3, transport 0
x3002c0s19b0n0:996:2493 [0] NCCL INFO New proxy recv connection 7 from local rank 0, transport 0
x3002c0s19b0n0:997:2282 [1] NCCL INFO Connection to proxy localRank 1 -> connection 0x14c704000e00
x3002c0s19b0n0:997:2494 [1] NCCL INFO transport/p2p.cc:430 Cuda Alloc Size 6291456 pointer 0x14c701600000
x3002c0s19b0n0:997:2282 [1] NCCL INFO Channel 03/0 : 1[46000] -> 0[7000] via P2P/IPC/read
x3002c0s19b0n0:997:2494 [1] NCCL INFO New proxy send connection 7 from local rank 1, transport 0
x3002c0s19b0n0:999:2281 [3] NCCL INFO Connection to proxy localRank 3 -> connection 0x153574000f40
x3002c0s19b0n0:999:2471 [3] NCCL INFO transport/p2p.cc:430 Cuda Alloc Size 6291456 pointer 0x1535c6a00000
x3002c0s19b0n0:996:2241 [0] NCCL INFO Connection to proxy localRank 0 -> connection 0x155408000e40
x3002c0s19b0n0:996:2493 [0] NCCL INFO transport/p2p.cc:449 Cuda Alloc Size 6291456 pointer 0x1553fe600000
x3002c0s19b0n0:997:2282 [1] NCCL INFO Connection to proxy localRank 1 -> connection 0x14c704000e40
x3002c0s19b0n0:997:2494 [1] NCCL INFO transport/p2p.cc:430 Cuda Alloc Size 6291456 pointer 0x14c713a00000
x3002c0s19b0n0:997:2282 [1] NCCL INFO Connected all rings
x3002c0s19b0n0:996:2241 [0] NCCL INFO Connected all rings
x3002c0s19b0n0:996:2241 [0] NCCL INFO Channel 00/0 : 0[7000] -> 1[46000] via P2P/IPC/read
x3002c0s19b0n0:997:2494 [1] NCCL INFO New proxy recv connection 8 from local rank 1, transport 0
x3002c0s19b0n0:996:2493 [0] NCCL INFO New proxy send connection 8 from local rank 0, transport 0
x3002c0s19b0n0:996:2241 [0] NCCL INFO Connection to proxy localRank 0 -> connection 0x155408000e80
x3002c0s19b0n0:996:2493 [0] NCCL INFO transport/p2p.cc:430 Cuda Alloc Size 6291456 pointer 0x1553fc600000
x3002c0s19b0n0:997:2282 [1] NCCL INFO Connection to proxy localRank 1 -> connection 0x14c704000e80
x3002c0s19b0n0:997:2494 [1] NCCL INFO transport/p2p.cc:449 Cuda Alloc Size 6291456 pointer 0x14c6ff800000
x3002c0s19b0n0:996:2241 [0] NCCL INFO Channel 01/0 : 0[7000] -> 1[46000] via P2P/IPC/read
x3002c0s19b0n0:996:2493 [0] NCCL INFO New proxy send connection 9 from local rank 0, transport 0
x3002c0s19b0n0:997:2494 [1] NCCL INFO New proxy recv connection 9 from local rank 1, transport 0
x3002c0s19b0n0:996:2241 [0] NCCL INFO Connection to proxy localRank 0 -> connection 0x155408000ec0
x3002c0s19b0n0:996:2493 [0] NCCL INFO transport/p2p.cc:430 Cuda Alloc Size 6291456 pointer 0x1553fcc00000
x3002c0s19b0n0:997:2282 [1] NCCL INFO Connection to proxy localRank 1 -> connection 0x14c704000ec0
x3002c0s19b0n0:997:2494 [1] NCCL INFO transport/p2p.cc:449 Cuda Alloc Size 6291456 pointer 0x14c6fc000000
x3002c0s19b0n0:996:2241 [0] NCCL INFO Channel 02/0 : 0[7000] -> 1[46000] via P2P/IPC/read
x3002c0s19b0n0:996:2493 [0] NCCL INFO New proxy send connection 10 from local rank 0, transport 0
x3002c0s19b0n0:996:2241 [0] NCCL INFO Connection to proxy localRank 0 -> connection 0x155408000f00
x3002c0s19b0n0:996:2493 [0] NCCL INFO transport/p2p.cc:430 Cuda Alloc Size 6291456 pointer 0x1553fd200000
x3002c0s19b0n0:997:2494 [1] NCCL INFO New proxy recv connection 10 from local rank 1, transport 0
x3002c0s19b0n0:997:2282 [1] NCCL INFO Connection to proxy localRank 1 -> connection 0x14c704000f00
x3002c0s19b0n0:997:2494 [1] NCCL INFO transport/p2p.cc:449 Cuda Alloc Size 6291456 pointer 0x14c6fc600000
x3002c0s19b0n0:996:2241 [0] NCCL INFO Channel 03/0 : 0[7000] -> 1[46000] via P2P/IPC/read
x3002c0s19b0n0:996:2493 [0] NCCL INFO New proxy send connection 11 from local rank 0, transport 0
x3002c0s19b0n0:996:2241 [0] NCCL INFO Connection to proxy localRank 0 -> connection 0x155408000f40
x3002c0s19b0n0:996:2493 [0] NCCL INFO transport/p2p.cc:430 Cuda Alloc Size 6291456 pointer 0x1553fd800000
x3002c0s19b0n0:997:2494 [1] NCCL INFO New proxy recv connection 11 from local rank 1, transport 0
x3002c0s19b0n0:997:2282 [1] NCCL INFO Connection to proxy localRank 1 -> connection 0x14c704000f40
x3002c0s19b0n0:997:2494 [1] NCCL INFO transport/p2p.cc:449 Cuda Alloc Size 6291456 pointer 0x14c6fcc00000
x3002c0s19b0n0:997:2282 [1] NCCL INFO Channel 00/0 : 1[46000] -> 2[85000] via P2P/IPC/read
x3002c0s19b0n0:997:2494 [1] NCCL INFO New proxy send connection 12 from local rank 1, transport 0
x3002c0s19b0n0:997:2282 [1] NCCL INFO Connection to proxy localRank 1 -> connection 0x14c704000f80
x3002c0s19b0n0:997:2494 [1] NCCL INFO transport/p2p.cc:430 Cuda Alloc Size 6291456 pointer 0x14c6fd200000
x3002c0s19b0n0:997:2282 [1] NCCL INFO Channel 01/0 : 1[46000] -> 2[85000] via P2P/IPC/read
x3002c0s19b0n0:997:2494 [1] NCCL INFO New proxy send connection 13 from local rank 1, transport 0
x3002c0s19b0n0:997:2282 [1] NCCL INFO Connection to proxy localRank 1 -> connection 0x14c704000fc0
x3002c0s19b0n0:997:2494 [1] NCCL INFO transport/p2p.cc:430 Cuda Alloc Size 6291456 pointer 0x14c6fd800000
x3002c0s19b0n0:997:2282 [1] NCCL INFO Channel 02/0 : 1[46000] -> 2[85000] via P2P/IPC/read
x3002c0s19b0n0:997:2494 [1] NCCL INFO New proxy send connection 14 from local rank 1, transport 0
x3002c0s19b0n0:997:2282 [1] NCCL INFO Connection to proxy localRank 1 -> connection 0x14c704001000
x3002c0s19b0n0:997:2494 [1] NCCL INFO transport/p2p.cc:430 Cuda Alloc Size 6291456 pointer 0x14c6fa000000
x3002c0s19b0n0:997:2282 [1] NCCL INFO Channel 03/0 : 1[46000] -> 2[85000] via P2P/IPC/read
x3002c0s19b0n0:997:2494 [1] NCCL INFO New proxy send connection 15 from local rank 1, transport 0
x3002c0s19b0n0:997:2282 [1] NCCL INFO Connection to proxy localRank 1 -> connection 0x14c704001040
x3002c0s19b0n0:997:2494 [1] NCCL INFO transport/p2p.cc:430 Cuda Alloc Size 6291456 pointer 0x14c6fa600000
x3002c0s19b0n0:996:2241 [0] NCCL INFO GPU Direct RDMA Disabled for GPU 7000 / HCA 1 (distance 7 > 4)
x3002c0s19b0n0:996:2493 [0] NCCL INFO Allocated 4194656 bytes of shared memory in /dev/shm/nccl-ji6YVu

x3002c0s19b0n0:996:2493 [0] NCCL INFO New proxy send connection 12 from local rank 0, transport 2
x3002c0s19b0n0:998:2498 [2] NCCL INFO New proxy recv connection 12 from local rank 2, transport 0
x3002c0s19b0n0:997:2494 [1] NCCL INFO New proxy recv connection 16 from local rank 1, transport 0
x3002c0s19b0n0:996:2241 [0] NCCL INFO Connection to proxy localRank 0 -> connection 0x155408000f80
x3002c0s19b0n0:996:2241 [0] NCCL INFO Channel 02/0 : 0[7000] -> 4[7000] [send] via NET/IB/1
x3002c0s19b0n0:996:2241 [0] NCCL INFO GPU Direct RDMA Disabled for GPU 7000 / HCA 0 (distance 7 > 4)
x3002c0s19b0n0:996:2493 [0] NCCL INFO New proxy send connection 13 from local rank 0, transport 2
x3002c0s19b0n0:998:2279 [2] NCCL INFO Connection to proxy localRank 2 -> connection 0x14d168000f80
x3002c0s19b0n0:998:2498 [2] NCCL INFO transport/p2p.cc:449 Cuda Alloc Size 6291456 pointer 0x14d161200000
x3002c0s19b0n0:997:2282 [1] NCCL INFO Connection to proxy localRank 1 -> connection 0x14c704001080
x3002c0s19b0n0:996:2241 [0] NCCL INFO Connection to proxy localRank 0 -> connection 0x155408000fc0
x3002c0s19b0n0:996:2241 [0] NCCL INFO Channel 03/0 : 0[7000] -> 4[7000] [send] via NET/IB/0
x3002c0s19b0n0:997:2494 [1] NCCL INFO transport/p2p.cc:449 Cuda Alloc Size 6291456 pointer 0x14c6f6000000
x3002c0s19b0n0:996:2493 [0] NCCL INFO transport/net_ib.cc:596 Ib Alloc Size 26560 pointer 0x15540801b000
x3002c0s19b0n0:996:2493 [0] NCCL INFO NET/IB: Dev 1 Port 1 qpn 30287 mtu 5 GID 0 (80FE/CD0000FEFF000000)
x3002c0s19b0n0:996:2493 [0] NCCL INFO transport/net_ib.cc:653 Ib Alloc Size 552 pointer 0x15540803d000
x3002c0s19b0n0:996:2493 [0] NCCL INFO transport/net.cc:571 Cuda Host Alloc Size 9641984 pointer 0x1553f2000000
x3002c0s19b0n0:996:2493 [0] NCCL INFO Mem Realloc old size 0, new size 768 pointer 0x15540803c770
x3002c0s19b0n0:998:2498 [2] NCCL INFO New proxy recv connection 13 from local rank 2, transport 0
x3002c0s19b0n0:998:2279 [2] NCCL INFO Connection to proxy localRank 2 -> connection 0x14d168000fc0
x3002c0s19b0n0:997:2494 [1] NCCL INFO New proxy recv connection 17 from local rank 1, transport 0
x3002c0s19b0n0:997:2282 [1] NCCL INFO Connection to proxy localRank 1 -> connection 0x14c7040010c0
x3002c0s19b0n0:996:2493 [0] NCCL INFO transport/net_ib.cc:596 Ib Alloc Size 26560 pointer 0x15540803f000
x3002c0s19b0n0:996:2493 [0] NCCL INFO NET/IB: Dev 0 Port 1 qpn 32579 mtu 5 GID 0 (80FE/9B0000FEFF000000)
x3002c0s19b0n0:996:2493 [0] NCCL INFO transport/net_ib.cc:653 Ib Alloc Size 552 pointer 0x155408060000
x3002c0s19b0n0:996:2493 [0] NCCL INFO transport/net.cc:571 Cuda Host Alloc Size 9641984 pointer 0x1553f2a00000
x3002c0s19b0n0:996:2493 [0] NCCL INFO Mem Realloc old size 0, new size 768 pointer 0x155408046a00
x3002c0s19b0n0:998:2498 [2] NCCL INFO transport/p2p.cc:449 Cuda Alloc Size 6291456 pointer 0x14d161800000
x3002c0s19b0n0:996:2241 [0] NCCL INFO GPU Direct RDMA Disabled for GPU 7000 / HCA 1 (distance 7 > 4)
x3002c0s19b0n0:996:2493 [0] NCCL INFO New proxy recv connection 14 from local rank 0, transport 2
x3002c0s19b0n0:998:2498 [2] NCCL INFO New proxy recv connection 14 from local rank 2, transport 0
x3002c0s19b0n0:996:2241 [0] NCCL INFO Connection to proxy localRank 0 -> connection 0x155408001000
x3002c0s19b0n0:997:2494 [1] NCCL INFO transport/p2p.cc:449 Cuda Alloc Size 6291456 pointer 0x14c6f6600000
x3002c0s19b0n0:998:2279 [2] NCCL INFO Connection to proxy localRank 2 -> connection 0x14d168001000
x3002c0s19b0n0:998:2498 [2] NCCL INFO transport/p2p.cc:449 Cuda Alloc Size 6291456 pointer 0x14d15e000000
x3002c0s19b0n0:997:2494 [1] NCCL INFO New proxy recv connection 18 from local rank 1, transport 0
x3002c0s19b0n0:996:2241 [0] NCCL INFO Channel 00/0 : 16[7000] -> 0[7000] [receive] via NET/IB/1
x3002c0s19b0n0:996:2241 [0] NCCL INFO GPU Direct RDMA Disabled for GPU 7000 / HCA 0 (distance 7 > 4)
x3002c0s19b0n0:996:2493 [0] NCCL INFO New proxy recv connection 15 from local rank 0, transport 2
x3002c0s19b0n0:997:2282 [1] NCCL INFO Connection to proxy localRank 1 -> connection 0x14c704001100
x3002c0s19b0n0:997:2494 [1] NCCL INFO transport/p2p.cc:449 Cuda Alloc Size 6291456 pointer 0x14c6f6c00000
x3002c0s19b0n0:998:2498 [2] NCCL INFO New proxy recv connection 15 from local rank 2, transport 0
x3002c0s19b0n0:996:2241 [0] NCCL INFO Connection to proxy localRank 0 -> connection 0x155408001040
x3002c0s19b0n0:997:2494 [1] NCCL INFO New proxy recv connection 19 from local rank 1, transport 0
x3002c0s19b0n0:996:2241 [0] NCCL INFO Channel 01/0 : 16[7000] -> 0[7000] [receive] via NET/IB/0
x3002c0s19b0n0:997:2282 [1] NCCL INFO Connection to proxy localRank 1 -> connection 0x14c704001140
x3002c0s19b0n0:997:2494 [1] NCCL INFO transport/p2p.cc:449 Cuda Alloc Size 6291456 pointer 0x14c6f7200000
x3002c0s19b0n0:998:2279 [2] NCCL INFO Connection to proxy localRank 2 -> connection 0x14d168001040
x3002c0s19b0n0:998:2498 [2] NCCL INFO transport/p2p.cc:449 Cuda Alloc Size 6291456 pointer 0x14d15e600000
x3002c0s19b0n0:998:2279 [2] NCCL INFO Channel 00/0 : 2[85000] -> 1[46000] via P2P/IPC/read
x3002c0s19b0n0:998:2498 [2] NCCL INFO New proxy send connection 16 from local rank 2, transport 0
x3002c0s19b0n0:998:2279 [2] NCCL INFO Connection to proxy localRank 2 -> connection 0x14d168001080
x3002c0s19b0n0:998:2498 [2] NCCL INFO transport/p2p.cc:430 Cuda Alloc Size 6291456 pointer 0x14d15ec00000
x3002c0s19b0n0:998:2279 [2] NCCL INFO Channel 01/0 : 2[85000] -> 1[46000] via P2P/IPC/read
x3002c0s19b0n0:998:2498 [2] NCCL INFO New proxy send connection 17 from local rank 2, transport 0
x3002c0s19b0n0:998:2279 [2] NCCL INFO Connection to proxy localRank 2 -> connection 0x14d1680010c0
x3002c0s19b0n0:998:2498 [2] NCCL INFO transport/p2p.cc:430 Cuda Alloc Size 6291456 pointer 0x14d15f200000
x3002c0s19b0n0:998:2279 [2] NCCL INFO Channel 02/0 : 2[85000] -> 1[46000] via P2P/IPC/read
x3002c0s19b0n0:998:2498 [2] NCCL INFO New proxy send connection 18 from local rank 2, transport 0
x3002c0s19b0n0:998:2279 [2] NCCL INFO Connection to proxy localRank 2 -> connection 0x14d168001100
x3002c0s19b0n0:998:2498 [2] NCCL INFO transport/p2p.cc:430 Cuda Alloc Size 6291456 pointer 0x14d15f800000
x3002c0s19b0n0:998:2279 [2] NCCL INFO Channel 03/0 : 2[85000] -> 1[46000] via P2P/IPC/read
x3002c0s19b0n0:998:2498 [2] NCCL INFO New proxy send connection 19 from local rank 2, transport 0
x3002c0s19b0n0:998:2279 [2] NCCL INFO Connection to proxy localRank 2 -> connection 0x14d168001140
x3002c0s19b0n0:998:2498 [2] NCCL INFO transport/p2p.cc:430 Cuda Alloc Size 6291456 pointer 0x14d15c000000
x3002c0s19b0n0:998:2279 [2] NCCL INFO Connected all trees by HAO
x3002c0s19b0n0:998:2279 [2] NCCL INFO threadThresholds 8/8/64 | 192/8/64 | 512 | 512
x3002c0s19b0n0:998:2279 [2] NCCL INFO 4 coll channels, 4 p2p channels, 2 p2p channels per peer
x3002c0s19b0n0:999:2281 [3] NCCL INFO Connected all trees by HAO
x3002c0s19b0n0:999:2281 [3] NCCL INFO threadThresholds 8/8/64 | 192/8/64 | 512 | 512
x3002c0s19b0n0:999:2281 [3] NCCL INFO 4 coll channels, 4 p2p channels, 2 p2p channels per peer
x3002c0s19b0n0:999:2471 [3] NCCL INFO New proxy send connection 12 from local rank 3, transport 2
x3002c0s19b0n0:998:2498 [2] NCCL INFO Allocated 4194656 bytes of shared memory in /dev/shm/nccl-lDPMkD

x3002c0s19b0n0:998:2498 [2] NCCL INFO New proxy send connection 20 from local rank 2, transport 2
x3002c0s19b0n0:997:2282 [1] NCCL INFO Connected all trees by HAO
x3002c0s19b0n0:997:2282 [1] NCCL INFO threadThresholds 8/8/64 | 192/8/64 | 512 | 512
x3002c0s19b0n0:997:2282 [1] NCCL INFO 4 coll channels, 4 p2p channels, 2 p2p channels per peer
x3002c0s19b0n0:997:2494 [1] NCCL INFO New proxy send connection 20 from local rank 1, transport 2
x3002c0s19b0n0:997:2282 [1] NCCL INFO Connection to proxy localRank 1 -> connection 0x14c704001180
x3002c0s19b0n0:997:2494 [1] NCCL INFO transport/net.cc:376 Cuda Alloc Size 8388608 pointer 0x14c6f5200000
x3002c0s19b0n0:999:2281 [3] NCCL INFO Connection to proxy localRank 3 -> connection 0x153574000f80
x3002c0s19b0n0:999:2471 [3] NCCL INFO transport/net.cc:376 Cuda Alloc Size 8388608 pointer 0x1535c8800000
x3002c0s19b0n0:998:2279 [2] NCCL INFO Connection to proxy localRank 2 -> connection 0x14d168001180
x3002c0s19b0n0:998:2498 [2] NCCL INFO transport/net.cc:376 Cuda Alloc Size 8388608 pointer 0x14d15b800000
x3002c0s19b0n0:996:2493 [0] NCCL INFO transport/net_ib.cc:683 Ib Alloc Size 21688 pointer 0x15540806c000
x3002c0s19b0n0:996:2493 [0] NCCL INFO transport/net_ib.cc:696 Ib Alloc Size 552 pointer 0x155408073000
x3002c0s19b0n0:996:2493 [0] NCCL INFO transport/net_ib.cc:771 Ib Alloc Size 552 pointer 0x155408073000
x3002c0s19b0n0:996:2493 [0] NCCL INFO transport/net.cc:698 Cuda Host Alloc Size 9641984 pointer 0x1553f3400000
x3002c0s19b0n0:996:2493 [0] NCCL INFO transport/net_ib.cc:683 Ib Alloc Size 21688 pointer 0x15540808f000
x3002c0s19b0n0:996:2493 [0] NCCL INFO transport/net_ib.cc:696 Ib Alloc Size 552 pointer 0x155408096000
x3002c0s19b0n0:996:2493 [0] NCCL INFO transport/net_ib.cc:771 Ib Alloc Size 552 pointer 0x1554080b2000
x3002c0s19b0n0:996:2493 [0] NCCL INFO transport/net.cc:698 Cuda Host Alloc Size 9641984 pointer 0x1553f0000000
x3002c0s19b0n0:996:2241 [0] NCCL INFO GPU Direct RDMA Disabled for GPU 7000 / HCA 1 (distance 7 > 4)
x3002c0s19b0n0:996:2493 [0] NCCL INFO New proxy send connection 16 from local rank 0, transport 2
x3002c0s19b0n0:996:2241 [0] NCCL INFO Connection to proxy localRank 0 -> connection 0x155408001080
x3002c0s19b0n0:996:2241 [0] NCCL INFO Channel 00/0 : 0[7000] -> 16[7000] [send] via NET/IB/1
x3002c0s19b0n0:996:2241 [0] NCCL INFO GPU Direct RDMA Disabled for GPU 7000 / HCA 0 (distance 7 > 4)
x3002c0s19b0n0:996:2493 [0] NCCL INFO New proxy send connection 17 from local rank 0, transport 2
x3002c0s19b0n0:996:2241 [0] NCCL INFO Connection to proxy localRank 0 -> connection 0x1554080010c0
x3002c0s19b0n0:996:2241 [0] NCCL INFO Channel 01/0 : 0[7000] -> 16[7000] [send] via NET/IB/0
x3002c0s19b0n0:996:2493 [0] NCCL INFO transport/net_ib.cc:596 Ib Alloc Size 26560 pointer 0x1554080be000
x3002c0s19b0n0:996:2493 [0] NCCL INFO NET/IB: Dev 1 Port 1 qpn 30290 mtu 5 GID 0 (80FE/CD0000FEFF000000)
x3002c0s19b0n0:996:2493 [0] NCCL INFO transport/net_ib.cc:653 Ib Alloc Size 552 pointer 0x1554080d5000
x3002c0s19b0n0:996:2493 [0] NCCL INFO transport/net.cc:571 Cuda Host Alloc Size 9641984 pointer 0x1553f0a00000
x3002c0s19b0n0:996:2493 [0] NCCL INFO transport/net_ib.cc:596 Ib Alloc Size 26560 pointer 0x1554080d7000
x3002c0s19b0n0:996:2493 [0] NCCL INFO NET/IB: Dev 0 Port 1 qpn 32582 mtu 5 GID 0 (80FE/9B0000FEFF000000)
x3002c0s19b0n0:996:2493 [0] NCCL INFO transport/net_ib.cc:653 Ib Alloc Size 552 pointer 0x1554080ee000
x3002c0s19b0n0:996:2493 [0] NCCL INFO transport/net.cc:571 Cuda Host Alloc Size 9641984 pointer 0x1553f1400000
x3002c0s19b0n0:996:2241 [0] NCCL INFO GPU Direct RDMA Disabled for GPU 7000 / HCA 1 (distance 7 > 4)
x3002c0s19b0n0:996:2493 [0] NCCL INFO New proxy recv connection 18 from local rank 0, transport 2
x3002c0s19b0n0:996:2241 [0] NCCL INFO Connection to proxy localRank 0 -> connection 0x155408001100
x3002c0s19b0n0:996:2241 [0] NCCL INFO Channel 02/0 : 4[7000] -> 0[7000] [receive] via NET/IB/1
x3002c0s19b0n0:996:2241 [0] NCCL INFO GPU Direct RDMA Disabled for GPU 7000 / HCA 0 (distance 7 > 4)
x3002c0s19b0n0:996:2493 [0] NCCL INFO New proxy recv connection 19 from local rank 0, transport 2
x3002c0s19b0n0:996:2241 [0] NCCL INFO Connection to proxy localRank 0 -> connection 0x155408001140
x3002c0s19b0n0:996:2241 [0] NCCL INFO Channel 03/0 : 4[7000] -> 0[7000] [receive] via NET/IB/0
x3002c0s19b0n0:996:2493 [0] NCCL INFO transport/net_ib.cc:683 Ib Alloc Size 21688 pointer 0x1554080fa000
x3002c0s19b0n0:996:2493 [0] NCCL INFO transport/net_ib.cc:696 Ib Alloc Size 552 pointer 0x155408101000
x3002c0s19b0n0:996:2493 [0] NCCL INFO transport/net_ib.cc:771 Ib Alloc Size 552 pointer 0x15540811c000
x3002c0s19b0n0:996:2493 [0] NCCL INFO transport/net.cc:698 Cuda Host Alloc Size 9641984 pointer 0x1553ee000000
x3002c0s19b0n0:996:2493 [0] NCCL INFO transport/net_ib.cc:683 Ib Alloc Size 21688 pointer 0x15540811e000
x3002c0s19b0n0:996:2493 [0] NCCL INFO transport/net_ib.cc:696 Ib Alloc Size 552 pointer 0x155408125000
x3002c0s19b0n0:996:2493 [0] NCCL INFO transport/net_ib.cc:771 Ib Alloc Size 552 pointer 0x155408140000
x3002c0s19b0n0:996:2493 [0] NCCL INFO transport/net.cc:698 Cuda Host Alloc Size 9641984 pointer 0x1553eea00000
x3002c0s19b0n0:996:2241 [0] NCCL INFO Connected all trees by HAO
x3002c0s19b0n0:996:2241 [0] NCCL INFO Latency/AlgBw |    Tree/    LL |    Tree/ LL128 |    Tree/Simple |    Ring/    LL |    Ring/ LL128 |    Ring/Simple | CollNetDirect/    LL | CollNetDirect/ LL128 | CollNetDirect/Simple | CollNetChain/    LL | CollNetChain/ LL128 | CollNetChain/Simple |
x3002c0s19b0n0:996:2241 [0] NCCL INFO  Max NThreads |            512 |            640 |            512 |            512 |            640 |            512 |              0 |              0 |            512 |              0 |              0 |            512 |
x3002c0s19b0n0:996:2241 [0] NCCL INFO     Broadcast |     0.0/   0.0 |     0.0/   0.0 |     0.0/   0.0 |     6.3/   6.0 |    14.0/   0.0 |    18.0/  24.0 |     0.0/   0.0 |     0.0/   0.0 |     0.0/   0.0 |     0.0/   0.0 |     0.0/   0.0 |     0.0/   0.0 |
x3002c0s19b0n0:996:2241 [0] NCCL INFO        Reduce |     0.0/   0.0 |     0.0/   0.0 |     0.0/   0.0 |     6.3/   6.0 |    14.0/   0.0 |    18.0/  24.0 |     0.0/   0.0 |     0.0/   0.0 |     0.0/   0.0 |     0.0/   0.0 |     0.0/   0.0 |     0.0/   0.0 |
x3002c0s19b0n0:996:2241 [0] NCCL INFO     AllGather |     0.0/   0.0 |     0.0/   0.0 |     0.0/   0.0 |    32.3/   6.3 |    64.2/   0.0 |   117.6/  25.0 |     0.0/   0.0 |     0.0/   0.0 |     0.0/   0.0 |     0.0/   0.0 |     0.0/   0.0 |     0.0/   0.0 |
x3002c0s19b0n0:996:2241 [0] NCCL INFO ReduceScatter |     0.0/   0.0 |     0.0/   0.0 |     0.0/   0.0 |    32.3/   6.3 |    64.2/   0.0 |   117.6/  25.0 |     0.0/   0.0 |     0.0/   0.0 |     0.0/   0.0 |     0.0/   0.0 |     0.0/   0.0 |     0.0/   0.0 |
x3002c0s19b0n0:996:2241 [0] NCCL INFO     AllReduce |    30.0/   2.9 |    45.9/   0.0 |   280.0/  11.0 |    64.8/   3.1 |   122.6/   0.0 |   239.2/  12.5 |     7.4/   0.0 |     7.4/   0.0 |    29.7/   0.0 |     4.4/   0.0 |     4.4/   0.0 |    48.0/   0.0 |
x3002c0s19b0n0:996:2241 [0] NCCL INFO threadThresholds 8/8/64 | 192/8/64 | 512 | 512
x3002c0s19b0n0:996:2241 [0] NCCL INFO 4 coll channels, 4 p2p channels, 2 p2p channels per peer
x3002c0s19b0n0:996:2493 [0] NCCL INFO New proxy send connection 20 from local rank 0, transport 2
x3002c0s19b0n0:996:2241 [0] NCCL INFO Connection to proxy localRank 0 -> connection 0x155408001180
x3002c0s19b0n0:996:2241 [0] NCCL INFO init.cc:367 Cuda Alloc Size 5168 pointer 0x15540da0a000
x3002c0s19b0n0:997:2282 [1] NCCL INFO init.cc:367 Cuda Alloc Size 5168 pointer 0x14c71380a000
x3002c0s19b0n0:999:2281 [3] NCCL INFO init.cc:367 Cuda Alloc Size 5168 pointer 0x1535bfe0a000
x3002c0s19b0n0:999:2281 [3] NCCL INFO init.cc:392 Cuda Host Alloc Size 33554432 pointer 0x1535c9000000
x3002c0s19b0n0:999:2281 [3] NCCL INFO init.cc:398 Cuda Host Alloc Size 128 pointer 0x1535bf400200
x3002c0s19b0n0:999:2281 [3] NCCL INFO comm 0x55f7c6e17a80 rank 3 nranks 24 cudaDev 3 busId c7000 - Init COMPLETE
x3002c0s19b0n0:997:2282 [1] NCCL INFO init.cc:392 Cuda Host Alloc Size 33554432 pointer 0x14c6f2000000
x3002c0s19b0n0:997:2282 [1] NCCL INFO init.cc:398 Cuda Host Alloc Size 128 pointer 0x14c712e00200
x3002c0s19b0n0:997:2282 [1] NCCL INFO comm 0x5641cb522e50 rank 1 nranks 24 cudaDev 1 busId 46000 - Init COMPLETE
x3002c0s19b0n0:998:2279 [2] NCCL INFO init.cc:367 Cuda Alloc Size 5168 pointer 0x14d17780a000
x3002c0s19b0n0:999:999 [3] NCCL INFO AllReduce: opCount 0 sendbuff 0x1535bbc00200 recvbuff 0x1535bbc00200 count 1 datatype 1 op 0 root 0 comm 0x55f7c6e17a80 [nranks=24] stream 0x55f7e47af3b0
x3002c0s19b0n0:999:999 [3] NCCL INFO misc/utils.cc:235 memory stack hunk malloc(65536)
[LYD INFO in ncclLaunchKernel (enqueue.cc)] NCHANNELS is: 4x3002c0s19b0n0:998:2279 [2] NCCL INFO init.cc:392 Cuda Host Alloc Size 33554432 pointer 0x14d152000000
x3002c0s19b0n0:998:2279 [2] NCCL INFO init.cc:398 Cuda Host Alloc Size 128 pointer 0x14d176e00200
x3002c0s19b0n0:998:2279 [2] NCCL INFO comm 0x564f46e29090 rank 2 nranks 24 cudaDev 2 busId 85000 - Init COMPLETE
x3002c0s19b0n0:996:2241 [0] NCCL INFO init.cc:392 Cuda Host Alloc Size 33554432 pointer 0x1553ec000000
x3002c0s19b0n0:996:2241 [0] NCCL INFO init.cc:398 Cuda Host Alloc Size 128 pointer 0x15540d000200
x3002c0s19b0n0:996:2241 [0] NCCL INFO comm 0x560947b868d0 rank 0 nranks 24 cudaDev 0 busId 7000 - Init COMPLETE
x3002c0s19b0n0:996:2493 [0] NCCL INFO transport/net.cc:376 Cuda Alloc Size 8388608 pointer 0x1553ef400000
x3002c0s19b0n0:997:997 [1] NCCL INFO AllReduce: opCount 0 sendbuff 0x14c757600200 recvbuff 0x14c757600200 count 1 datatype 1 op 0 root 0 comm 0x5641cb522e50 [nranks=24] stream 0x5641e69cbba0
x3002c0s19b0n0:997:997 [1] NCCL INFO misc/utils.cc:235 memory stack hunk malloc(65536)
[LYD INFO in ncclLaunchKernel (enqueue.cc)] NCHANNELS is: 4x3002c0s19b0n0:998:998 [2] NCCL INFO AllReduce: opCount 0 sendbuff 0x14d1b7600200 recvbuff 0x14d1b7600200 count 1 datatype 1 op 0 root 0 comm 0x564f46e29090 [nranks=24] stream 0x564f5e511060
x3002c0s19b0n0:998:998 [2] NCCL INFO misc/utils.cc:235 memory stack hunk malloc(65536)
[LYD INFO in ncclLaunchKernel (enqueue.cc)] NCHANNELS is: 4[Hao INFO in ncclAllReduce (all_reduce.cc)] rank 0 ncclAllReduce: count: 1, datatype: ncclUint8, message size: 1 Bytes
x3002c0s19b0n0:996:996 [0] NCCL INFO AllReduce: opCount 0 sendbuff 0x15544f800200 recvbuff 0x15544f800200 count 1 datatype 1 op 0 root 0 comm 0x560947b868d0 [nranks=24] stream 0x560963348a20
x3002c0s19b0n0:996:996 [0] NCCL INFO misc/utils.cc:235 memory stack hunk malloc(65536)

[LYD INFO in ncclAllReduce (all_reduce.cc)] rank 0 AllReduce Time: 0.000047000 seconds

[LYD INFO in getAlgoInfo (enqueue.cc)] algorithm a is: 0

[LYD INFO in getAlgoInfo (enqueue.cc)] algorithm a is: 1

[LYD INFO in getAlgoInfo (enqueue.cc)] rank: 0, Duration between Point 1 and Point 2: 0.000011000 seconds

[LYD INFO in getAlgoInfo (enqueue.cc)] rank 0, Duration between Point 2 and Point 3: 0.000001000 seconds
[LYD INFO in getAlgoInfo (enqueue.cc)] out rank: 0
[LYD INFO in getAlgoInfo (enqueue.cc)] out coll: 4
[LYD INFO in getAlgoInfo (enqueue.cc)] out sendbuff address: 0x15544f800200
[LYD INFO in getAlgoInfo (enqueue.cc)] out recvbuff address: 0x15544f800200
[LYD INFO in getAlgoInfo (enqueue.cc)] out count: 1
[LYD INFO in getAlgoInfo (enqueue.cc)] out datatype: 1
[LYD INFO in getAlgoInfo (enqueue.cc)] out chunkSteps: 4
[LYD INFO in getAlgoInfo (enqueue.cc)] out sliceSteps: 2
[LYD INFO in getAlgoInfo (enqueue.cc)] out algorithm: 0
[LYD INFO in getAlgoInfo (enqueue.cc)] out protocol: 0
[LYD INFO in getAlgoInfo (enqueue.cc)] out nChannels: 1
[LYD INFO in getAlgoInfo (enqueue.cc)] out nThreads: 96
[LYD INFO in getAlgoInfo (enqueue.cc)] out nBytes: 1
[LYD INFO in getAlgoInfo (enqueue.cc)] out nstepsPerLoop: 0
[LYD INFO in getAlgoInfo (enqueue.cc)] out nchunksPerLoop: 0
[LYD INFO in getAlgoInfo (enqueue.cc)] out chunkSize: 0
[LYD INFO in ncclLaunchKernel (enqueue.cc)] NCHANNELS is: 4
[LYD INFO in NCCL_KERN_NAME (common.h)] 1 AllReduce TREE LL Sum uint8_t Elapsed time: 576800 us

[LYD INFO in NCCL_KERN_NAME (common.h)] 0 AllReduce TREE LL Sum uint8_t Elapsed time: 501801 us
[Hao INFO in ncclAllReduce (all_reduce.cc)] rank 0 ncclAllReduce: count: 1, datatype: ncclUint8, message size: 1 Bytes
x3002c0s19b0n0:996:996 [0] NCCL INFO AllReduce: opCount 1 sendbuff 0x15544f800000 recvbuff 0x15544f800000 count 1 datatype 1 op 0 root 0 comm 0x560947b868d0 [nranks=24] stream 0x560963348a20

[LYD INFO in ncclAllReduce (all_reduce.cc)] rank 0 AllReduce Time: 0.000033000 seconds

[LYD INFO in getAlgoInfo (enqueue.cc)] algorithm a is: 0

[LYD INFO in getAlgoInfo (enqueue.cc)] algorithm a is: 1

[LYD INFO in getAlgoInfo (enqueue.cc)] rank: 0, Duration between Point 1 and Point 2: 0.000027000 seconds

[LYD INFO in getAlgoInfo (enqueue.cc)] rank 0, Duration between Point 2 and Point 3: 0.000001000 seconds
[LYD INFO in getAlgoInfo (enqueue.cc)] out rank: 0
[LYD INFO in getAlgoInfo (enqueue.cc)] out coll: 4
[LYD INFO in getAlgoInfo (enqueue.cc)] out sendbuff address: 0x15544f800000
[LYD INFO in getAlgoInfo (enqueue.cc)] out recvbuff address: 0x15544f800000
[LYD INFO in getAlgoInfo (enqueue.cc)] out count: 1
[LYD INFO in getAlgoInfo (enqueue.cc)] out datatype: 1
[LYD INFO in getAlgoInfo (enqueue.cc)] out chunkSteps: 4
[LYD INFO in getAlgoInfo (enqueue.cc)] out sliceSteps: 2
[LYD INFO in getAlgoInfo (enqueue.cc)] out algorithm: 0
[LYD INFO in getAlgoInfo (enqueue.cc)] out protocol: 0
[LYD INFO in getAlgoInfo (enqueue.cc)] out nChannels: 1
[LYD INFO in getAlgoInfo (enqueue.cc)] out nThreads: 96
[LYD INFO in getAlgoInfo (enqueue.cc)] out nBytes: 1
[LYD INFO in getAlgoInfo (enqueue.cc)] out nstepsPerLoop: 0
[LYD INFO in getAlgoInfo (enqueue.cc)] out nchunksPerLoop: 0
[LYD INFO in getAlgoInfo (enqueue.cc)] out chunkSize: 0
[LYD INFO in ncclLaunchKernel (enqueue.cc)] NCHANNELS is: 4
[LYD INFO in NCCL_KERN_NAME (common.h)] 2 AllReduce TREE LL Sum uint8_t Elapsed time: 553904 us

[LYD INFO in NCCL_KERN_NAME (common.h)] 3 AllReduce TREE LL Sum uint8_t Elapsed time: 583417 us
x3002c0s19b0n0:999:999 [3] NCCL INFO AllReduce: opCount 1 sendbuff 0x1535bbc00000 recvbuff 0x1535bbc00000 count 1 datatype 1 op 0 root 0 comm 0x55f7c6e17a80 [nranks=24] stream 0x55f7e47af3b0
[LYD INFO in ncclLaunchKernel (enqueue.cc)] NCHANNELS is: 4x3002c0s19b0n0:997:997 [1] NCCL INFO AllReduce: opCount 1 sendbuff 0x14c757600000 recvbuff 0x14c757600000 count 1 datatype 1 op 0 root 0 comm 0x5641cb522e50 [nranks=24] stream 0x5641e69cbba0
[LYD INFO in ncclLaunchKernel (enqueue.cc)] NCHANNELS is: 4x3002c0s19b0n0:998:998 [2] NCCL INFO AllReduce: opCount 1 sendbuff 0x14d1b7600000 recvbuff 0x14d1b7600000 count 1 datatype 1 op 0 root 0 comm 0x564f46e29090 [nranks=24] stream 0x564f5e511060
[LYD INFO in ncclLaunchKernel (enqueue.cc)] NCHANNELS is: 4
[LYD INFO in NCCL_KERN_NAME (common.h)] 1 AllReduce TREE LL Sum uint8_t Elapsed time: 521387 us

[LYD INFO in NCCL_KERN_NAME (common.h)] 3 AllReduce TREE LL Sum uint8_t Elapsed time: 3613456 us

[LYD INFO in NCCL_KERN_NAME (common.h)] 0 AllReduce TREE LL Sum uint8_t Elapsed time: 8780110 us
>>> done with compiling and loading fused kernels. Compilation time: 27.015 seconds

[LYD INFO in NCCL_KERN_NAME (common.h)] 2 AllReduce TREE LL Sum uint8_t Elapsed time: 71354 us
x3002c0s19b0n0:999:999 [3] NCCL INFO AllReduce: opCount 2 sendbuff 0x1535bbc00000 recvbuff 0x1535bbc00000 count 1 datatype 8 op 3 root 0 comm 0x55f7c6e17a80 [nranks=24] stream 0x55f7e47af3b0
[LYD INFO in ncclLaunchKernel (enqueue.cc)] NCHANNELS is: 4
[LYD INFO in NCCL_FUNC_NAME (common.h)] 3 AllReduce TREE LL Min double Elapsed time: 5 us
x3002c0s19b0n0:997:997 [1] NCCL INFO AllReduce: opCount 2 sendbuff 0x14c757600000 recvbuff 0x14c757600000 count 1 datatype 8 op 3 root 0 comm 0x5641cb522e50 [nranks=24] stream 0x5641e69cbba0
[LYD INFO in ncclLaunchKernel (enqueue.cc)] NCHANNELS is: 4[Hao INFO in ncclAllReduce (all_reduce.cc)] rank 0 ncclAllReduce: count: 1, datatype: ncclFloat64/ncclDouble, message size: 8 Bytes
x3002c0s19b0n0:996:996 [0] NCCL INFO AllReduce: opCount 2 sendbuff 0x15544f800000 recvbuff 0x15544f800000 count 1 datatype 8 op 3 root 0 comm 0x560947b868d0 [nranks=24] stream 0x560963348a20

[LYD INFO in ncclAllReduce (all_reduce.cc)] rank 0 AllReduce Time: 0.000034000 seconds

[LYD INFO in getAlgoInfo (enqueue.cc)] algorithm a is: 0

[LYD INFO in getAlgoInfo (enqueue.cc)] algorithm a is: 1

[LYD INFO in getAlgoInfo (enqueue.cc)] rank: 0, Duration between Point 1 and Point 2: 0.000010000 seconds

[LYD INFO in getAlgoInfo (enqueue.cc)] rank 0, Duration between Point 2 and Point 3: 0.000001000 seconds
[LYD INFO in getAlgoInfo (enqueue.cc)] out rank: 0
[LYD INFO in getAlgoInfo (enqueue.cc)] out coll: 4
[LYD INFO in getAlgoInfo (enqueue.cc)] out sendbuff address: 0x15544f800000
[LYD INFO in getAlgoInfo (enqueue.cc)] out recvbuff address: 0x15544f800000
[LYD INFO in getAlgoInfo (enqueue.cc)] out count: 1
[LYD INFO in getAlgoInfo (enqueue.cc)] out datatype: 8
[LYD INFO in getAlgoInfo (enqueue.cc)] out chunkSteps: 4
[LYD INFO in getAlgoInfo (enqueue.cc)] out sliceSteps: 2
[LYD INFO in getAlgoInfo (enqueue.cc)] out algorithm: 0
[LYD INFO in getAlgoInfo (enqueue.cc)] out protocol: 0
[LYD INFO in getAlgoInfo (enqueue.cc)] out nChannels: 1
[LYD INFO in getAlgoInfo (enqueue.cc)] out nThreads: 96
[LYD INFO in getAlgoInfo (enqueue.cc)] out nBytes: 8
[LYD INFO in getAlgoInfo (enqueue.cc)] out nstepsPerLoop: 0
[LYD INFO in getAlgoInfo (enqueue.cc)] out nchunksPerLoop: 0
[LYD INFO in getAlgoInfo (enqueue.cc)] out chunkSize: 0
[LYD INFO in ncclLaunchKernel (enqueue.cc)] NCHANNELS is: 4x3002c0s19b0n0:998:998 [2] NCCL INFO AllReduce: opCount 2 sendbuff 0x14d1b7600000 recvbuff 0x14d1b7600000 count 1 datatype 8 op 3 root 0 comm 0x564f46e29090 [nranks=24] stream 0x564f5e511060
[LYD INFO in ncclLaunchKernel (enqueue.cc)] NCHANNELS is: 4
[LYD INFO in NCCL_FUNC_NAME (common.h)] 1 AllReduce TREE LL Min double Elapsed time: 31461 us

[LYD INFO in NCCL_KERN_NAME (common.h)] 1 AllReduce TREE LL Sum double Elapsed time: 62629 us
x3002c0s19b0n0:997:997 [1] NCCL INFO AllReduce: opCount 3 sendbuff 0x14c757600200 recvbuff 0x14c757600200 count 1 datatype 1 op 0 root 0 comm 0x5641cb522e50 [nranks=24] stream 0x5641e69cbba0
[LYD INFO in ncclLaunchKernel (enqueue.cc)] NCHANNELS is: 4
