x3006c0s37b1n0:55934:57160 [3] NCCL INFO NET/IB: Dev 1 Port 1 qpn 3388 mtu 5 GID 0 (80FE/AB0800FEFF000000)
x3006c0s37b1n0:55934:57160 [3] NCCL INFO transport/net_ib.cc:653 Ib Alloc Size 552 pointer 0x148ef8042000
x3006c0s37b1n0:55934:57160 [3] NCCL INFO transport/net.cc:571 Cuda Host Alloc Size 9641984 pointer 0x148ef6c00000
x3006c0s37b1n0:55934:57160 [3] NCCL INFO Mem Realloc old size 0, new size 768 pointer 0x148ef802f0a0
x3006c0s37b1n0:55933:57159 [2] NCCL INFO New proxy recv connection 6 from local rank 2, transport 0
x3006c0s37b1n0:55932:57154 [1] NCCL INFO transport/net_ib.cc:771 Ib Alloc Size 552 pointer 0x14ec70079000
x3006c0s37b1n0:55932:57154 [1] NCCL INFO transport/net.cc:698 Cuda Host Alloc Size 9641984 pointer 0x14ec6aa00000
x3006c0s37b1n0:55932:57154 [1] NCCL INFO Mem Realloc old size 0, new size 768 pointer 0x14ec7006e880
x3006c0s37b1n0:55932:57154 [1] NCCL INFO transport/net_ib.cc:683 Ib Alloc Size 21688 pointer 0x14ec7007b000
x3006c0s37b1n0:55932:57154 [1] NCCL INFO transport/net_ib.cc:696 Ib Alloc Size 552 pointer 0x14ec70082000
x3006c0s37b1n0:55933:56985 [2] NCCL INFO Connection to proxy localRank 2 -> connection 0x1529e4000e00
x3006c0s37b1n0:55933:57159 [2] NCCL INFO transport/p2p.cc:449 Cuda Alloc Size 6291456 pointer 0x1529e3800000
x3006c0s37b1n0:55932:57154 [1] NCCL INFO transport/net_ib.cc:771 Ib Alloc Size 552 pointer 0x14ec7009d000
x3006c0s37b1n0:55932:57154 [1] NCCL INFO transport/net.cc:698 Cuda Host Alloc Size 9641984 pointer 0x14ec6b400000
x3006c0s37b1n0:55934:57160 [3] NCCL INFO transport/net_ib.cc:596 Ib Alloc Size 26560 pointer 0x148ef8044000
x3006c0s37b1n0:55933:57159 [2] NCCL INFO New proxy recv connection 7 from local rank 2, transport 0
x3006c0s37b1n0:55934:57160 [3] NCCL INFO NET/IB: Dev 0 Port 1 qpn 3642 mtu 5 GID 0 (80FE/BD0800FEFF000000)
x3006c0s37b1n0:55934:57160 [3] NCCL INFO transport/net_ib.cc:653 Ib Alloc Size 552 pointer 0x148ef8065000
x3006c0s37b1n0:55934:57160 [3] NCCL INFO transport/net.cc:571 Cuda Host Alloc Size 9641984 pointer 0x148ef7600000
x3006c0s37b1n0:55934:57160 [3] NCCL INFO Mem Realloc old size 0, new size 768 pointer 0x148ef80521f0
x3006c0s37b1n0:55932:57154 [1] NCCL INFO transport/net_ib.cc:683 Ib Alloc Size 21688 pointer 0x14ec7009f000
x3006c0s37b1n0:55932:57154 [1] NCCL INFO transport/net_ib.cc:696 Ib Alloc Size 552 pointer 0x14ec700a6000
x3006c0s37b1n0:55932:57154 [1] NCCL INFO transport/net_ib.cc:771 Ib Alloc Size 552 pointer 0x14ec700c1000
x3006c0s37b1n0:55932:57154 [1] NCCL INFO transport/net.cc:698 Cuda Host Alloc Size 9641984 pointer 0x14ec62000000
x3006c0s37b1n0:55933:56985 [2] NCCL INFO Connection to proxy localRank 2 -> connection 0x1529e4000e40
x3006c0s37b1n0:55933:57159 [2] NCCL INFO transport/p2p.cc:449 Cuda Alloc Size 6291456 pointer 0x1529e0000000
x3006c0s37b1n0:55932:56983 [1] NCCL INFO Channel 00/0 : 9[46000] -> 8[7000] via P2P/IPC/read
x3006c0s37b1n0:55934:57160 [3] NCCL INFO transport/net_ib.cc:596 Ib Alloc Size 26560 pointer 0x148ef8067000
x3006c0s37b1n0:55933:56985 [2] NCCL INFO Connected all rings
x3006c0s37b1n0:55933:57159 [2] NCCL INFO New proxy recv connection 8 from local rank 2, transport 0
x3006c0s37b1n0:55931:57153 [0] NCCL INFO New proxy recv connection 4 from local rank 0, transport 0
x3006c0s37b1n0:55932:57154 [1] NCCL INFO New proxy send connection 4 from local rank 1, transport 0
x3006c0s37b1n0:55931:56981 [0] NCCL INFO Connection to proxy localRank 0 -> connection 0x14ea54000d80
x3006c0s37b1n0:55931:57153 [0] NCCL INFO transport/p2p.cc:449 Cuda Alloc Size 6291456 pointer 0x14ea52c00000
x3006c0s37b1n0:55932:56983 [1] NCCL INFO Connection to proxy localRank 1 -> connection 0x14ec70000d80
x3006c0s37b1n0:55934:57160 [3] NCCL INFO NET/IB: Dev 1 Port 1 qpn 3391 mtu 5 GID 0 (80FE/AB0800FEFF000000)
x3006c0s37b1n0:55934:57160 [3] NCCL INFO transport/net_ib.cc:653 Ib Alloc Size 552 pointer 0x148ef807e000
x3006c0s37b1n0:55932:57154 [1] NCCL INFO transport/p2p.cc:430 Cuda Alloc Size 6291456 pointer 0x14ec62a00000
x3006c0s37b1n0:55934:57160 [3] NCCL INFO transport/net.cc:571 Cuda Host Alloc Size 9641984 pointer 0x148eee000000
x3006c0s37b1n0:55933:56985 [2] NCCL INFO Connection to proxy localRank 2 -> connection 0x1529e4000e80
x3006c0s37b1n0:55933:57159 [2] NCCL INFO transport/p2p.cc:449 Cuda Alloc Size 6291456 pointer 0x1529de000000
x3006c0s37b1n0:55934:57160 [3] NCCL INFO transport/net_ib.cc:596 Ib Alloc Size 26560 pointer 0x148ef8080000
x3006c0s37b1n0:55934:57160 [3] NCCL INFO NET/IB: Dev 0 Port 1 qpn 3645 mtu 5 GID 0 (80FE/BD0800FEFF000000)
x3006c0s37b1n0:55934:57160 [3] NCCL INFO transport/net_ib.cc:653 Ib Alloc Size 552 pointer 0x148ef8097000
x3006c0s37b1n0:55934:57160 [3] NCCL INFO transport/net.cc:571 Cuda Host Alloc Size 9641984 pointer 0x148eeea00000
x3006c0s37b1n0:55932:56983 [1] NCCL INFO Channel 01/0 : 9[46000] -> 8[7000] via P2P/IPC/read
x3006c0s37b1n0:55932:57154 [1] NCCL INFO New proxy send connection 5 from local rank 1, transport 0
x3006c0s37b1n0:55931:57153 [0] NCCL INFO New proxy recv connection 5 from local rank 0, transport 0
x3006c0s37b1n0:55931:56981 [0] NCCL INFO Connection to proxy localRank 0 -> connection 0x14ea54000dc0
x3006c0s37b1n0:55931:57153 [0] NCCL INFO transport/p2p.cc:449 Cuda Alloc Size 6291456 pointer 0x14ea53200000
x3006c0s37b1n0:55934:56984 [3] NCCL INFO Connected all rings
x3006c0s37b1n0:55934:56984 [3] NCCL INFO Channel 00/0 : 11[c7000] -> 10[85000] via P2P/IPC/read
x3006c0s37b1n0:55934:57160 [3] NCCL INFO New proxy send connection 8 from local rank 3, transport 0
x3006c0s37b1n0:55933:57159 [2] NCCL INFO New proxy recv connection 9 from local rank 2, transport 0
x3006c0s37b1n0:55932:56983 [1] NCCL INFO Connection to proxy localRank 1 -> connection 0x14ec70000dc0
x3006c0s37b1n0:55932:57154 [1] NCCL INFO transport/p2p.cc:430 Cuda Alloc Size 6291456 pointer 0x14ec63000000
x3006c0s37b1n0:55931:57153 [0] NCCL INFO New proxy recv connection 6 from local rank 0, transport 0
x3006c0s37b1n0:55934:56984 [3] NCCL INFO Connection to proxy localRank 3 -> connection 0x148ef8000e80
x3006c0s37b1n0:55934:57160 [3] NCCL INFO transport/p2p.cc:430 Cuda Alloc Size 6291456 pointer 0x148eef400000
x3006c0s37b1n0:55933:56985 [2] NCCL INFO Connection to proxy localRank 2 -> connection 0x1529e4000ec0
x3006c0s37b1n0:55933:57159 [2] NCCL INFO transport/p2p.cc:449 Cuda Alloc Size 6291456 pointer 0x1529de600000
x3006c0s37b1n0:55932:56983 [1] NCCL INFO Channel 02/0 : 9[46000] -> 8[7000] via P2P/IPC/read
x3006c0s37b1n0:55932:57154 [1] NCCL INFO New proxy send connection 6 from local rank 1, transport 0
x3006c0s37b1n0:55931:56981 [0] NCCL INFO Connection to proxy localRank 0 -> connection 0x14ea54000e00
x3006c0s37b1n0:55931:57153 [0] NCCL INFO transport/p2p.cc:449 Cuda Alloc Size 6291456 pointer 0x14ea53800000
x3006c0s37b1n0:55934:56984 [3] NCCL INFO Channel 01/0 : 11[c7000] -> 10[85000] via P2P/IPC/read
x3006c0s37b1n0:55934:57160 [3] NCCL INFO New proxy send connection 9 from local rank 3, transport 0
x3006c0s37b1n0:55933:57159 [2] NCCL INFO New proxy recv connection 10 from local rank 2, transport 0
x3006c0s37b1n0:55932:56983 [1] NCCL INFO Connection to proxy localRank 1 -> connection 0x14ec70000e00
x3006c0s37b1n0:55932:57154 [1] NCCL INFO transport/p2p.cc:430 Cuda Alloc Size 6291456 pointer 0x14ec63600000
x3006c0s37b1n0:55931:57153 [0] NCCL INFO New proxy recv connection 7 from local rank 0, transport 0
x3006c0s37b1n0:55934:56984 [3] NCCL INFO Connection to proxy localRank 3 -> connection 0x148ef8000ec0
x3006c0s37b1n0:55934:57160 [3] NCCL INFO transport/p2p.cc:430 Cuda Alloc Size 6291456 pointer 0x148eefa00000
x3006c0s37b1n0:55932:56983 [1] NCCL INFO Channel 03/0 : 9[46000] -> 8[7000] via P2P/IPC/read
x3006c0s37b1n0:55932:57154 [1] NCCL INFO New proxy send connection 7 from local rank 1, transport 0
x3006c0s37b1n0:55933:56985 [2] NCCL INFO Connection to proxy localRank 2 -> connection 0x1529e4000f00
x3006c0s37b1n0:55933:57159 [2] NCCL INFO transport/p2p.cc:449 Cuda Alloc Size 6291456 pointer 0x1529dec00000
x3006c0s37b1n0:55931:56981 [0] NCCL INFO Connection to proxy localRank 0 -> connection 0x14ea54000e40
x3006c0s37b1n0:55931:57153 [0] NCCL INFO transport/p2p.cc:449 Cuda Alloc Size 6291456 pointer 0x14ea50000000
x3006c0s37b1n0:55934:56984 [3] NCCL INFO Channel 02/0 : 11[c7000] -> 10[85000] via P2P/IPC/read
x3006c0s37b1n0:55934:57160 [3] NCCL INFO New proxy send connection 10 from local rank 3, transport 0
x3006c0s37b1n0:55932:56983 [1] NCCL INFO Connection to proxy localRank 1 -> connection 0x14ec70000e40
x3006c0s37b1n0:55932:57154 [1] NCCL INFO transport/p2p.cc:430 Cuda Alloc Size 6291456 pointer 0x14ec75a00000
x3006c0s37b1n0:55933:57159 [2] NCCL INFO New proxy recv connection 11 from local rank 2, transport 0
x3006c0s37b1n0:55934:56984 [3] NCCL INFO Connection to proxy localRank 3 -> connection 0x148ef8000f00
x3006c0s37b1n0:55934:57160 [3] NCCL INFO transport/p2p.cc:430 Cuda Alloc Size 6291456 pointer 0x148eec000000
x3006c0s37b1n0:55932:56983 [1] NCCL INFO Connected all rings
x3006c0s37b1n0:55931:56981 [0] NCCL INFO Connected all rings
x3006c0s37b1n0:55931:56981 [0] NCCL INFO Channel 00/0 : 8[7000] -> 9[46000] via P2P/IPC/read
x3006c0s37b1n0:55931:57153 [0] NCCL INFO New proxy send connection 8 from local rank 0, transport 0
x3006c0s37b1n0:55932:57154 [1] NCCL INFO New proxy recv connection 8 from local rank 1, transport 0
x3006c0s37b1n0:55931:56981 [0] NCCL INFO Connection to proxy localRank 0 -> connection 0x14ea54000e80
x3006c0s37b1n0:55931:57153 [0] NCCL INFO transport/p2p.cc:430 Cuda Alloc Size 6291456 pointer 0x14ea4e000000
x3006c0s37b1n0:55933:56985 [2] NCCL INFO Connection to proxy localRank 2 -> connection 0x1529e4000f40
x3006c0s37b1n0:55933:57159 [2] NCCL INFO transport/p2p.cc:449 Cuda Alloc Size 6291456 pointer 0x1529df200000
x3006c0s37b1n0:55934:56984 [3] NCCL INFO Channel 03/0 : 11[c7000] -> 10[85000] via P2P/IPC/read
x3006c0s37b1n0:55934:57160 [3] NCCL INFO New proxy send connection 11 from local rank 3, transport 0
x3006c0s37b1n0:55932:56983 [1] NCCL INFO Connection to proxy localRank 1 -> connection 0x14ec70000e80
x3006c0s37b1n0:55932:57154 [1] NCCL INFO transport/p2p.cc:449 Cuda Alloc Size 6291456 pointer 0x14ec61800000
x3006c0s37b1n0:55931:56981 [0] NCCL INFO Channel 01/0 : 8[7000] -> 9[46000] via P2P/IPC/read
x3006c0s37b1n0:55931:57153 [0] NCCL INFO New proxy send connection 9 from local rank 0, transport 0
x3006c0s37b1n0:55931:56981 [0] NCCL INFO Connection to proxy localRank 0 -> connection 0x14ea54000ec0
x3006c0s37b1n0:55931:57153 [0] NCCL INFO transport/p2p.cc:430 Cuda Alloc Size 6291456 pointer 0x14ea4e600000
x3006c0s37b1n0:55934:56984 [3] NCCL INFO Connection to proxy localRank 3 -> connection 0x148ef8000f40
x3006c0s37b1n0:55934:57160 [3] NCCL INFO transport/p2p.cc:430 Cuda Alloc Size 6291456 pointer 0x148eec600000
x3006c0s37b1n0:55932:57154 [1] NCCL INFO New proxy recv connection 9 from local rank 1, transport 0
x3006c0s37b1n0:55931:56981 [0] NCCL INFO Channel 02/0 : 8[7000] -> 9[46000] via P2P/IPC/read
x3006c0s37b1n0:55931:57153 [0] NCCL INFO New proxy send connection 10 from local rank 0, transport 0
x3006c0s37b1n0:55932:56983 [1] NCCL INFO Connection to proxy localRank 1 -> connection 0x14ec70000ec0
x3006c0s37b1n0:55932:57154 [1] NCCL INFO transport/p2p.cc:449 Cuda Alloc Size 6291456 pointer 0x14ec5e000000
x3006c0s37b1n0:55931:56981 [0] NCCL INFO Connection to proxy localRank 0 -> connection 0x14ea54000f00
x3006c0s37b1n0:55931:57153 [0] NCCL INFO transport/p2p.cc:430 Cuda Alloc Size 6291456 pointer 0x14ea4ec00000
x3006c0s37b1n0:55931:56981 [0] NCCL INFO Channel 03/0 : 8[7000] -> 9[46000] via P2P/IPC/read
x3006c0s37b1n0:55931:57153 [0] NCCL INFO New proxy send connection 11 from local rank 0, transport 0
x3006c0s37b1n0:55932:57154 [1] NCCL INFO New proxy recv connection 10 from local rank 1, transport 0
x3006c0s37b1n0:55931:56981 [0] NCCL INFO Connection to proxy localRank 0 -> connection 0x14ea54000f40
x3006c0s37b1n0:55931:57153 [0] NCCL INFO transport/p2p.cc:430 Cuda Alloc Size 6291456 pointer 0x14ea4f200000
x3006c0s37b1n0:55932:56983 [1] NCCL INFO Connection to proxy localRank 1 -> connection 0x14ec70000f00
x3006c0s37b1n0:55932:57154 [1] NCCL INFO transport/p2p.cc:449 Cuda Alloc Size 6291456 pointer 0x14ec5e600000
x3006c0s37b1n0:55932:57154 [1] NCCL INFO New proxy recv connection 11 from local rank 1, transport 0
x3006c0s37b1n0:55932:56983 [1] NCCL INFO Connection to proxy localRank 1 -> connection 0x14ec70000f40
x3006c0s37b1n0:55932:57154 [1] NCCL INFO transport/p2p.cc:449 Cuda Alloc Size 6291456 pointer 0x14ec5ec00000
x3006c0s37b1n0:55932:56983 [1] NCCL INFO Channel 00/0 : 9[46000] -> 10[85000] via P2P/IPC/read
x3006c0s37b1n0:55932:57154 [1] NCCL INFO New proxy send connection 12 from local rank 1, transport 0
x3006c0s37b1n0:55932:56983 [1] NCCL INFO Connection to proxy localRank 1 -> connection 0x14ec70000f80
x3006c0s37b1n0:55932:57154 [1] NCCL INFO transport/p2p.cc:430 Cuda Alloc Size 6291456 pointer 0x14ec5f200000
x3006c0s37b1n0:55932:56983 [1] NCCL INFO Channel 01/0 : 9[46000] -> 10[85000] via P2P/IPC/read
x3006c0s37b1n0:55932:57154 [1] NCCL INFO New proxy send connection 13 from local rank 1, transport 0
x3006c0s37b1n0:55932:56983 [1] NCCL INFO Connection to proxy localRank 1 -> connection 0x14ec70000fc0
x3006c0s37b1n0:55932:57154 [1] NCCL INFO transport/p2p.cc:430 Cuda Alloc Size 6291456 pointer 0x14ec5f800000
x3006c0s37b1n0:55932:56983 [1] NCCL INFO Channel 02/0 : 9[46000] -> 10[85000] via P2P/IPC/read
x3006c0s37b1n0:55932:57154 [1] NCCL INFO New proxy send connection 14 from local rank 1, transport 0
x3006c0s37b1n0:55932:56983 [1] NCCL INFO Connection to proxy localRank 1 -> connection 0x14ec70001000
x3006c0s37b1n0:55932:57154 [1] NCCL INFO transport/p2p.cc:430 Cuda Alloc Size 6291456 pointer 0x14ec5c000000
x3006c0s37b1n0:55932:56983 [1] NCCL INFO Channel 03/0 : 9[46000] -> 10[85000] via P2P/IPC/read
x3006c0s37b1n0:55932:57154 [1] NCCL INFO New proxy send connection 15 from local rank 1, transport 0
x3006c0s37b1n0:55932:56983 [1] NCCL INFO Connection to proxy localRank 1 -> connection 0x14ec70001040
x3006c0s37b1n0:55932:57154 [1] NCCL INFO transport/p2p.cc:430 Cuda Alloc Size 6291456 pointer 0x14ec5c600000
x3006c0s37b1n0:55932:56983 [1] NCCL INFO GPU Direct RDMA Disabled for GPU 46000 / HCA 1 (distance 6 > 4)
x3006c0s37b1n0:55931:56981 [0] NCCL INFO GPU Direct RDMA Disabled for GPU 7000 / HCA 1 (distance 7 > 4)
x3006c0s37b1n0:55931:57153 [0] NCCL INFO Allocated 4194656 bytes of shared memory in /dev/shm/nccl-DbpOzr

x3006c0s37b1n0:55931:57153 [0] NCCL INFO New proxy send connection 12 from local rank 0, transport 2
x3006c0s37b1n0:55932:57154 [1] NCCL INFO New proxy recv connection 16 from local rank 1, transport 2
x3006c0s37b1n0:55933:57159 [2] NCCL INFO New proxy recv connection 12 from local rank 2, transport 0
x3006c0s37b1n0:55931:56981 [0] NCCL INFO Connection to proxy localRank 0 -> connection 0x14ea54000f80
x3006c0s37b1n0:55931:56981 [0] NCCL INFO Channel 00/0 : 8[7000] -> 12[7000] [send] via NET/IB/1
x3006c0s37b1n0:55931:56981 [0] NCCL INFO GPU Direct RDMA Disabled for GPU 7000 / HCA 0 (distance 7 > 4)
x3006c0s37b1n0:55931:57153 [0] NCCL INFO New proxy send connection 13 from local rank 0, transport 2
x3006c0s37b1n0:55933:56985 [2] NCCL INFO Connection to proxy localRank 2 -> connection 0x1529e4000f80
x3006c0s37b1n0:55933:57159 [2] NCCL INFO transport/p2p.cc:449 Cuda Alloc Size 6291456 pointer 0x1529dd200000
x3006c0s37b1n0:55932:56983 [1] NCCL INFO Connection to proxy localRank 1 -> connection 0x14ec70001080
x3006c0s37b1n0:55931:56981 [0] NCCL INFO Connection to proxy localRank 0 -> connection 0x14ea54000fc0
x3006c0s37b1n0:55931:56981 [0] NCCL INFO Channel 01/0 : 8[7000] -> 12[7000] [send] via NET/IB/0
x3006c0s37b1n0:55933:57159 [2] NCCL INFO New proxy recv connection 13 from local rank 2, transport 0
x3006c0s37b1n0:55932:56983 [1] NCCL INFO Channel 00/0 : 4[7000] -> 9[46000] [receive] via NET/IB/1
x3006c0s37b1n0:55932:56983 [1] NCCL INFO GPU Direct RDMA Disabled for GPU 46000 / HCA 0 (distance 7 > 4)
x3006c0s37b1n0:55932:57154 [1] NCCL INFO New proxy recv connection 17 from local rank 1, transport 2
x3006c0s37b1n0:55932:56983 [1] NCCL INFO Connection to proxy localRank 1 -> connection 0x14ec700010c0
x3006c0s37b1n0:55933:56985 [2] NCCL INFO Connection to proxy localRank 2 -> connection 0x1529e4000fc0
x3006c0s37b1n0:55933:57159 [2] NCCL INFO transport/p2p.cc:449 Cuda Alloc Size 6291456 pointer 0x1529dd800000
x3006c0s37b1n0:55932:56983 [1] NCCL INFO Channel 01/0 : 4[7000] -> 9[46000] [receive] via NET/IB/0
x3006c0s37b1n0:55933:57159 [2] NCCL INFO New proxy recv connection 14 from local rank 2, transport 0
x3006c0s37b1n0:55933:56985 [2] NCCL INFO Connection to proxy localRank 2 -> connection 0x1529e4001000
x3006c0s37b1n0:55933:57159 [2] NCCL INFO transport/p2p.cc:449 Cuda Alloc Size 6291456 pointer 0x1529da000000
x3006c0s37b1n0:55933:57159 [2] NCCL INFO New proxy recv connection 15 from local rank 2, transport 0
x3006c0s37b1n0:55933:56985 [2] NCCL INFO Connection to proxy localRank 2 -> connection 0x1529e4001040
x3006c0s37b1n0:55933:57159 [2] NCCL INFO transport/p2p.cc:449 Cuda Alloc Size 6291456 pointer 0x1529da600000
x3006c0s37b1n0:55933:56985 [2] NCCL INFO Channel 00/0 : 10[85000] -> 9[46000] via P2P/IPC/read
x3006c0s37b1n0:55933:57159 [2] NCCL INFO New proxy send connection 16 from local rank 2, transport 0
x3006c0s37b1n0:55933:56985 [2] NCCL INFO Connection to proxy localRank 2 -> connection 0x1529e4001080
x3006c0s37b1n0:55933:57159 [2] NCCL INFO transport/p2p.cc:430 Cuda Alloc Size 6291456 pointer 0x1529dac00000
x3006c0s37b1n0:55933:56985 [2] NCCL INFO Channel 01/0 : 10[85000] -> 9[46000] via P2P/IPC/read
x3006c0s37b1n0:55933:57159 [2] NCCL INFO New proxy send connection 17 from local rank 2, transport 0
x3006c0s37b1n0:55933:56985 [2] NCCL INFO Connection to proxy localRank 2 -> connection 0x1529e40010c0
x3006c0s37b1n0:55933:57159 [2] NCCL INFO transport/p2p.cc:430 Cuda Alloc Size 6291456 pointer 0x1529db200000
x3006c0s37b1n0:55933:56985 [2] NCCL INFO Channel 02/0 : 10[85000] -> 9[46000] via P2P/IPC/read
x3006c0s37b1n0:55933:57159 [2] NCCL INFO New proxy send connection 18 from local rank 2, transport 0
x3006c0s37b1n0:55933:56985 [2] NCCL INFO Connection to proxy localRank 2 -> connection 0x1529e4001100
x3006c0s37b1n0:55933:57159 [2] NCCL INFO transport/p2p.cc:430 Cuda Alloc Size 6291456 pointer 0x1529db800000
x3006c0s37b1n0:55933:56985 [2] NCCL INFO Channel 03/0 : 10[85000] -> 9[46000] via P2P/IPC/read
x3006c0s37b1n0:55933:57159 [2] NCCL INFO New proxy send connection 19 from local rank 2, transport 0
x3006c0s37b1n0:55933:56985 [2] NCCL INFO Connection to proxy localRank 2 -> connection 0x1529e4001140
x3006c0s37b1n0:55933:57159 [2] NCCL INFO transport/p2p.cc:430 Cuda Alloc Size 6291456 pointer 0x1529d8000000
x3006c0s37b1n0:55934:56984 [3] NCCL INFO Connected all trees by HAO
x3006c0s37b1n0:55934:56984 [3] NCCL INFO threadThresholds 8/8/64 | 160/8/64 | 512 | 512
x3006c0s37b1n0:55934:56984 [3] NCCL INFO 4 coll channels, 4 p2p channels, 2 p2p channels per peer
x3006c0s37b1n0:55934:57160 [3] NCCL INFO New proxy send connection 12 from local rank 3, transport 2
x3006c0s37b1n0:55934:56984 [3] NCCL INFO Connection to proxy localRank 3 -> connection 0x148ef8000f80
x3006c0s37b1n0:55934:57160 [3] NCCL INFO transport/net.cc:376 Cuda Alloc Size 8388608 pointer 0x148eea600000
x3006c0s37b1n0:55931:57153 [0] NCCL INFO transport/net_ib.cc:596 Ib Alloc Size 26560 pointer 0x14ea5401b000
x3006c0s37b1n0:55931:57153 [0] NCCL INFO NET/IB: Dev 1 Port 1 qpn 3392 mtu 5 GID 0 (80FE/AB0800FEFF000000)
x3006c0s37b1n0:55931:57153 [0] NCCL INFO transport/net_ib.cc:653 Ib Alloc Size 552 pointer 0x14ea5403d000
x3006c0s37b1n0:55931:57153 [0] NCCL INFO transport/net.cc:571 Cuda Host Alloc Size 9641984 pointer 0x14ea4d200000
x3006c0s37b1n0:55931:57153 [0] NCCL INFO Mem Realloc old size 0, new size 768 pointer 0x14ea5403c3b0
x3006c0s37b1n0:55931:57153 [0] NCCL INFO transport/net_ib.cc:596 Ib Alloc Size 26560 pointer 0x14ea5403f000
x3006c0s37b1n0:55931:57153 [0] NCCL INFO NET/IB: Dev 0 Port 1 qpn 3646 mtu 5 GID 0 (80FE/BD0800FEFF000000)
x3006c0s37b1n0:55931:57153 [0] NCCL INFO transport/net_ib.cc:653 Ib Alloc Size 552 pointer 0x14ea54060000
x3006c0s37b1n0:55931:57153 [0] NCCL INFO transport/net.cc:571 Cuda Host Alloc Size 9641984 pointer 0x14ea46000000
x3006c0s37b1n0:55931:57153 [0] NCCL INFO Mem Realloc old size 0, new size 768 pointer 0x14ea540468c0
x3006c0s37b1n0:55932:57154 [1] NCCL INFO transport/net_ib.cc:683 Ib Alloc Size 21688 pointer 0x14ec700d2000
x3006c0s37b1n0:55932:57154 [1] NCCL INFO transport/net_ib.cc:696 Ib Alloc Size 552 pointer 0x14ec70019000
x3006c0s37b1n0:55931:56981 [0] NCCL INFO GPU Direct RDMA Disabled for GPU 7000 / HCA 1 (distance 7 > 4)
x3006c0s37b1n0:55931:57153 [0] NCCL INFO New proxy send connection 14 from local rank 0, transport 2
x3006c0s37b1n0:55931:56981 [0] NCCL INFO Connection to proxy localRank 0 -> connection 0x14ea54001000
x3006c0s37b1n0:55931:56981 [0] NCCL INFO Channel 02/0 : 8[7000] -> 13[46000] [send] via NET/IB/1
x3006c0s37b1n0:55931:56981 [0] NCCL INFO GPU Direct RDMA Disabled for GPU 7000 / HCA 0 (distance 7 > 4)
x3006c0s37b1n0:55931:57153 [0] NCCL INFO New proxy send connection 15 from local rank 0, transport 2
x3006c0s37b1n0:55932:57154 [1] NCCL INFO transport/net_ib.cc:771 Ib Alloc Size 552 pointer 0x14ec700f2000
x3006c0s37b1n0:55932:57154 [1] NCCL INFO transport/net.cc:698 Cuda Host Alloc Size 9641984 pointer 0x14ec58000000
x3006c0s37b1n0:55931:56981 [0] NCCL INFO Connection to proxy localRank 0 -> connection 0x14ea54001040
x3006c0s37b1n0:55931:56981 [0] NCCL INFO Channel 03/0 : 8[7000] -> 13[46000] [send] via NET/IB/0
x3006c0s37b1n0:55931:57153 [0] NCCL INFO transport/net_ib.cc:596 Ib Alloc Size 26560 pointer 0x14ea5406c000
x3006c0s37b1n0:55931:57153 [0] NCCL INFO NET/IB: Dev 1 Port 1 qpn 3395 mtu 5 GID 0 (80FE/AB0800FEFF000000)
x3006c0s37b1n0:55931:57153 [0] NCCL INFO transport/net_ib.cc:653 Ib Alloc Size 552 pointer 0x14ea54083000
x3006c0s37b1n0:55931:57153 [0] NCCL INFO transport/net.cc:571 Cuda Host Alloc Size 9641984 pointer 0x14ea46a00000
x3006c0s37b1n0:55932:57154 [1] NCCL INFO transport/net_ib.cc:683 Ib Alloc Size 21688 pointer 0x14ec700f4000
x3006c0s37b1n0:55932:57154 [1] NCCL INFO transport/net_ib.cc:696 Ib Alloc Size 552 pointer 0x14ec700fb000
x3006c0s37b1n0:55931:57153 [0] NCCL INFO transport/net_ib.cc:596 Ib Alloc Size 26560 pointer 0x14ea54085000
x3006c0s37b1n0:55932:57154 [1] NCCL INFO transport/net_ib.cc:771 Ib Alloc Size 552 pointer 0x14ec70116000
x3006c0s37b1n0:55932:57154 [1] NCCL INFO transport/net.cc:698 Cuda Host Alloc Size 9641984 pointer 0x14ec58a00000
x3006c0s37b1n0:55932:56983 [1] NCCL INFO GPU Direct RDMA Disabled for GPU 46000 / HCA 1 (distance 6 > 4)
x3006c0s37b1n0:55932:57154 [1] NCCL INFO New proxy send connection 18 from local rank 1, transport 2
x3006c0s37b1n0:55931:57153 [0] NCCL INFO NET/IB: Dev 0 Port 1 qpn 3649 mtu 5 GID 0 (80FE/BD0800FEFF000000)
x3006c0s37b1n0:55931:57153 [0] NCCL INFO transport/net_ib.cc:653 Ib Alloc Size 552 pointer 0x14ea5409c000
x3006c0s37b1n0:55931:57153 [0] NCCL INFO transport/net.cc:571 Cuda Host Alloc Size 9641984 pointer 0x14ea47400000
x3006c0s37b1n0:55931:56981 [0] NCCL INFO GPU Direct RDMA Disabled for GPU 7000 / HCA 1 (distance 7 > 4)
x3006c0s37b1n0:55931:57153 [0] NCCL INFO New proxy send connection 16 from local rank 0, transport 2
x3006c0s37b1n0:55932:56983 [1] NCCL INFO Connection to proxy localRank 1 -> connection 0x14ec70001100
x3006c0s37b1n0:55932:56983 [1] NCCL INFO Channel 00/0 : 9[46000] -> 4[7000] [send] via NET/IB/1
x3006c0s37b1n0:55932:56983 [1] NCCL INFO GPU Direct RDMA Disabled for GPU 46000 / HCA 0 (distance 7 > 4)
x3006c0s37b1n0:55932:57154 [1] NCCL INFO New proxy send connection 19 from local rank 1, transport 2
x3006c0s37b1n0:55931:56981 [0] NCCL INFO Connection to proxy localRank 0 -> connection 0x14ea54001080
x3006c0s37b1n0:55931:56981 [0] NCCL INFO Channel 00/0 : 8[7000] -> 17[46000] [send] via NET/IB/1
x3006c0s37b1n0:55931:56981 [0] NCCL INFO GPU Direct RDMA Disabled for GPU 7000 / HCA 0 (distance 7 > 4)
x3006c0s37b1n0:55931:57153 [0] NCCL INFO New proxy send connection 17 from local rank 0, transport 2
x3006c0s37b1n0:55931:56981 [0] NCCL INFO Connection to proxy localRank 0 -> connection 0x14ea540010c0
x3006c0s37b1n0:55931:56981 [0] NCCL INFO Channel 01/0 : 8[7000] -> 17[46000] [send] via NET/IB/0
x3006c0s37b1n0:55931:57153 [0] NCCL INFO transport/net_ib.cc:596 Ib Alloc Size 26560 pointer 0x14ea540a8000
x3006c0s37b1n0:55932:56983 [1] NCCL INFO Connection to proxy localRank 1 -> connection 0x14ec70001140
x3006c0s37b1n0:55932:56983 [1] NCCL INFO Channel 01/0 : 9[46000] -> 4[7000] [send] via NET/IB/0
x3006c0s37b1n0:55932:57154 [1] NCCL INFO transport/net_ib.cc:596 Ib Alloc Size 26560 pointer 0x14ec70122000
x3006c0s37b1n0:55931:57153 [0] NCCL INFO NET/IB: Dev 1 Port 1 qpn 3396 mtu 5 GID 0 (80FE/AB0800FEFF000000)
x3006c0s37b1n0:55931:57153 [0] NCCL INFO transport/net_ib.cc:653 Ib Alloc Size 552 pointer 0x14ea540bf000
x3006c0s37b1n0:55931:57153 [0] NCCL INFO transport/net.cc:571 Cuda Host Alloc Size 9641984 pointer 0x14ea44000000
x3006c0s37b1n0:55932:57154 [1] NCCL INFO NET/IB: Dev 1 Port 1 qpn 3397 mtu 5 GID 0 (80FE/AB0800FEFF000000)
x3006c0s37b1n0:55932:57154 [1] NCCL INFO transport/net_ib.cc:653 Ib Alloc Size 552 pointer 0x14ec70139000
x3006c0s37b1n0:55932:57154 [1] NCCL INFO transport/net.cc:571 Cuda Host Alloc Size 9641984 pointer 0x14ec59400000
x3006c0s37b1n0:55931:57153 [0] NCCL INFO transport/net_ib.cc:596 Ib Alloc Size 26560 pointer 0x14ea540c1000
x3006c0s37b1n0:55931:57153 [0] NCCL INFO NET/IB: Dev 0 Port 1 qpn 3650 mtu 5 GID 0 (80FE/BD0800FEFF000000)
x3006c0s37b1n0:55931:57153 [0] NCCL INFO transport/net_ib.cc:653 Ib Alloc Size 552 pointer 0x14ea540d8000
x3006c0s37b1n0:55931:57153 [0] NCCL INFO transport/net.cc:571 Cuda Host Alloc Size 9641984 pointer 0x14ea44a00000
x3006c0s37b1n0:55932:57154 [1] NCCL INFO transport/net_ib.cc:596 Ib Alloc Size 26560 pointer 0x14ec7013b000
x3006c0s37b1n0:55932:57154 [1] NCCL INFO NET/IB: Dev 0 Port 1 qpn 3651 mtu 5 GID 0 (80FE/BD0800FEFF000000)
x3006c0s37b1n0:55932:57154 [1] NCCL INFO transport/net_ib.cc:653 Ib Alloc Size 552 pointer 0x14ec70152000
x3006c0s37b1n0:55932:57154 [1] NCCL INFO transport/net.cc:571 Cuda Host Alloc Size 9641984 pointer 0x14ec56000000
x3006c0s37b1n0:55931:56981 [0] NCCL INFO GPU Direct RDMA Disabled for GPU 7000 / HCA 1 (distance 7 > 4)
x3006c0s37b1n0:55931:57153 [0] NCCL INFO New proxy recv connection 18 from local rank 0, transport 2
x3006c0s37b1n0:55932:57154 [1] NCCL INFO New proxy recv connection 20 from local rank 1, transport 0
x3006c0s37b1n0:55932:56983 [1] NCCL INFO Connection to proxy localRank 1 -> connection 0x14ec70001180
x3006c0s37b1n0:55932:57154 [1] NCCL INFO transport/p2p.cc:449 Cuda Alloc Size 6291456 pointer 0x14ec56a00000
x3006c0s37b1n0:55931:56981 [0] NCCL INFO Connection to proxy localRank 0 -> connection 0x14ea54001100
x3006c0s37b1n0:55931:56981 [0] NCCL INFO Channel 00/0 : 17[46000] -> 8[7000] [receive] via NET/IB/1
x3006c0s37b1n0:55931:56981 [0] NCCL INFO GPU Direct RDMA Disabled for GPU 7000 / HCA 0 (distance 7 > 4)
x3006c0s37b1n0:55931:57153 [0] NCCL INFO New proxy recv connection 19 from local rank 0, transport 2
x3006c0s37b1n0:55932:57154 [1] NCCL INFO New proxy recv connection 21 from local rank 1, transport 0
x3006c0s37b1n0:55931:56981 [0] NCCL INFO Connection to proxy localRank 0 -> connection 0x14ea54001140
x3006c0s37b1n0:55932:56983 [1] NCCL INFO Connection to proxy localRank 1 -> connection 0x14ec700011c0
x3006c0s37b1n0:55932:57154 [1] NCCL INFO transport/p2p.cc:449 Cuda Alloc Size 6291456 pointer 0x14ec57000000
x3006c0s37b1n0:55931:56981 [0] NCCL INFO Channel 01/0 : 17[46000] -> 8[7000] [receive] via NET/IB/0
x3006c0s37b1n0:55931:57153 [0] NCCL INFO transport/net_ib.cc:683 Ib Alloc Size 21688 pointer 0x14ea540e4000
x3006c0s37b1n0:55931:57153 [0] NCCL INFO transport/net_ib.cc:696 Ib Alloc Size 552 pointer 0x14ea540eb000
x3006c0s37b1n0:55931:57153 [0] NCCL INFO transport/net_ib.cc:771 Ib Alloc Size 552 pointer 0x14ea54107000
x3006c0s37b1n0:55931:57153 [0] NCCL INFO transport/net.cc:698 Cuda Host Alloc Size 9641984 pointer 0x14ea45400000
x3006c0s37b1n0:55932:57154 [1] NCCL INFO New proxy recv connection 22 from local rank 1, transport 0
x3006c0s37b1n0:55931:57153 [0] NCCL INFO transport/net_ib.cc:683 Ib Alloc Size 21688 pointer 0x14ea54109000
x3006c0s37b1n0:55931:57153 [0] NCCL INFO transport/net_ib.cc:696 Ib Alloc Size 552 pointer 0x14ea54110000
x3006c0s37b1n0:55931:57153 [0] NCCL INFO transport/net_ib.cc:771 Ib Alloc Size 552 pointer 0x14ea5412b000
x3006c0s37b1n0:55931:57153 [0] NCCL INFO transport/net.cc:698 Cuda Host Alloc Size 9641984 pointer 0x14ea42000000
x3006c0s37b1n0:55931:56981 [0] NCCL INFO GPU Direct RDMA Disabled for GPU 7000 / HCA 1 (distance 7 > 4)
x3006c0s37b1n0:55932:56983 [1] NCCL INFO Connection to proxy localRank 1 -> connection 0x14ec70001200
x3006c0s37b1n0:55932:57154 [1] NCCL INFO transport/p2p.cc:449 Cuda Alloc Size 6291456 pointer 0x14ec57600000
x3006c0s37b1n0:55931:57153 [0] NCCL INFO New proxy recv connection 20 from local rank 0, transport 2
x3006c0s37b1n0:55932:57154 [1] NCCL INFO New proxy recv connection 23 from local rank 1, transport 0
x3006c0s37b1n0:55931:56981 [0] NCCL INFO Connection to proxy localRank 0 -> connection 0x14ea54001180
x3006c0s37b1n0:55932:56983 [1] NCCL INFO Connection to proxy localRank 1 -> connection 0x14ec70001240
x3006c0s37b1n0:55932:57154 [1] NCCL INFO transport/p2p.cc:449 Cuda Alloc Size 6291456 pointer 0x14ec54000000
x3006c0s37b1n0:55931:56981 [0] NCCL INFO Channel 02/0 : 13[46000] -> 8[7000] [receive] via NET/IB/1
x3006c0s37b1n0:55931:56981 [0] NCCL INFO GPU Direct RDMA Disabled for GPU 7000 / HCA 0 (distance 7 > 4)
x3006c0s37b1n0:55931:57153 [0] NCCL INFO New proxy recv connection 21 from local rank 0, transport 2
x3006c0s37b1n0:55932:56983 [1] NCCL INFO Connected all trees by HAO
x3006c0s37b1n0:55932:56983 [1] NCCL INFO threadThresholds 8/8/64 | 160/8/64 | 512 | 512
x3006c0s37b1n0:55932:56983 [1] NCCL INFO 4 coll channels, 4 p2p channels, 2 p2p channels per peer
x3006c0s37b1n0:55932:57154 [1] NCCL INFO New proxy send connection 24 from local rank 1, transport 2
x3006c0s37b1n0:55933:56985 [2] NCCL INFO Connected all trees by HAO
x3006c0s37b1n0:55933:56985 [2] NCCL INFO threadThresholds 8/8/64 | 160/8/64 | 512 | 512
x3006c0s37b1n0:55933:56985 [2] NCCL INFO 4 coll channels, 4 p2p channels, 2 p2p channels per peer
x3006c0s37b1n0:55933:57159 [2] NCCL INFO Allocated 4194656 bytes of shared memory in /dev/shm/nccl-5gbVFA

x3006c0s37b1n0:55933:57159 [2] NCCL INFO New proxy send connection 20 from local rank 2, transport 2
x3006c0s37b1n0:55931:56981 [0] NCCL INFO Connection to proxy localRank 0 -> connection 0x14ea540011c0
x3006c0s37b1n0:55932:56983 [1] NCCL INFO Connection to proxy localRank 1 -> connection 0x14ec70001280
x3006c0s37b1n0:55932:57154 [1] NCCL INFO transport/net.cc:376 Cuda Alloc Size 8388608 pointer 0x14ec52000000
x3006c0s37b1n0:55931:56981 [0] NCCL INFO Channel 03/0 : 13[46000] -> 8[7000] [receive] via NET/IB/0
x3006c0s37b1n0:55931:57153 [0] NCCL INFO transport/net_ib.cc:683 Ib Alloc Size 21688 pointer 0x14ea54137000
x3006c0s37b1n0:55931:57153 [0] NCCL INFO transport/net_ib.cc:696 Ib Alloc Size 552 pointer 0x14ea5413e000
x3006c0s37b1n0:55933:56985 [2] NCCL INFO Connection to proxy localRank 2 -> connection 0x1529e4001180
x3006c0s37b1n0:55933:57159 [2] NCCL INFO transport/net.cc:376 Cuda Alloc Size 8388608 pointer 0x1529d7800000
x3006c0s37b1n0:55931:57153 [0] NCCL INFO transport/net_ib.cc:771 Ib Alloc Size 552 pointer 0x14ea54159000
x3006c0s37b1n0:55931:57153 [0] NCCL INFO transport/net.cc:698 Cuda Host Alloc Size 9641984 pointer 0x14ea42a00000
x3006c0s37b1n0:55931:57153 [0] NCCL INFO transport/net_ib.cc:683 Ib Alloc Size 21688 pointer 0x14ea5415b000
x3006c0s37b1n0:55931:57153 [0] NCCL INFO transport/net_ib.cc:696 Ib Alloc Size 552 pointer 0x14ea54162000
x3006c0s37b1n0:55931:57153 [0] NCCL INFO transport/net_ib.cc:771 Ib Alloc Size 552 pointer 0x14ea5417d000
x3006c0s37b1n0:55931:57153 [0] NCCL INFO transport/net.cc:698 Cuda Host Alloc Size 9641984 pointer 0x14ea43400000
x3006c0s37b1n0:55931:56981 [0] NCCL INFO GPU Direct RDMA Disabled for GPU 7000 / HCA 1 (distance 7 > 4)
x3006c0s37b1n0:55931:57153 [0] NCCL INFO New proxy recv connection 22 from local rank 0, transport 2
x3006c0s37b1n0:55931:56981 [0] NCCL INFO Connection to proxy localRank 0 -> connection 0x14ea54001200
x3006c0s37b1n0:55931:56981 [0] NCCL INFO Channel 00/0 : 12[7000] -> 8[7000] [receive] via NET/IB/1
x3006c0s37b1n0:55931:56981 [0] NCCL INFO GPU Direct RDMA Disabled for GPU 7000 / HCA 0 (distance 7 > 4)
x3006c0s37b1n0:55931:57153 [0] NCCL INFO New proxy recv connection 23 from local rank 0, transport 2
x3006c0s37b1n0:55931:56981 [0] NCCL INFO Connection to proxy localRank 0 -> connection 0x14ea54001240
x3006c0s37b1n0:55931:56981 [0] NCCL INFO Channel 01/0 : 12[7000] -> 8[7000] [receive] via NET/IB/0
x3006c0s37b1n0:55931:57153 [0] NCCL INFO transport/net_ib.cc:683 Ib Alloc Size 21688 pointer 0x14ea54189000
x3006c0s37b1n0:55931:57153 [0] NCCL INFO transport/net_ib.cc:696 Ib Alloc Size 552 pointer 0x14ea54190000
x3006c0s37b1n0:55931:57153 [0] NCCL INFO transport/net_ib.cc:771 Ib Alloc Size 552 pointer 0x14ea541ab000
x3006c0s37b1n0:55931:57153 [0] NCCL INFO transport/net.cc:698 Cuda Host Alloc Size 9641984 pointer 0x14ea40000000
x3006c0s37b1n0:55931:57153 [0] NCCL INFO transport/net_ib.cc:683 Ib Alloc Size 21688 pointer 0x14ea541ad000
x3006c0s37b1n0:55931:57153 [0] NCCL INFO transport/net_ib.cc:696 Ib Alloc Size 552 pointer 0x14ea541b4000
x3006c0s37b1n0:55931:57153 [0] NCCL INFO transport/net_ib.cc:771 Ib Alloc Size 552 pointer 0x14ea541cf000
x3006c0s37b1n0:55931:57153 [0] NCCL INFO transport/net.cc:698 Cuda Host Alloc Size 9641984 pointer 0x14ea40a00000
x3006c0s37b1n0:55931:56981 [0] NCCL INFO Connected all trees by HAO
x3006c0s37b1n0:55931:56981 [0] NCCL INFO threadThresholds 8/8/64 | 160/8/64 | 512 | 512
x3006c0s37b1n0:55931:56981 [0] NCCL INFO 4 coll channels, 4 p2p channels, 2 p2p channels per peer
x3006c0s37b1n0:55931:57153 [0] NCCL INFO New proxy send connection 24 from local rank 0, transport 2
x3006c0s37b1n0:55931:56981 [0] NCCL INFO Connection to proxy localRank 0 -> connection 0x14ea54001280
x3006c0s37b1n0:55931:56981 [0] NCCL INFO init.cc:367 Cuda Alloc Size 5168 pointer 0x14ea61808800
x3006c0s37b1n0:55933:56985 [2] NCCL INFO init.cc:367 Cuda Alloc Size 5168 pointer 0x1529f3808800
x3006c0s37b1n0:55932:56983 [1] NCCL INFO init.cc:367 Cuda Alloc Size 5168 pointer 0x14ec75808800
x3006c0s37b1n0:55934:56984 [3] NCCL INFO init.cc:367 Cuda Alloc Size 5168 pointer 0x148f07808800
x3006c0s37b1n0:55934:56984 [3] NCCL INFO init.cc:392 Cuda Host Alloc Size 33554432 pointer 0x148ee8000000
x3006c0s37b1n0:55934:56984 [3] NCCL INFO init.cc:398 Cuda Host Alloc Size 128 pointer 0x148f06e00200
x3006c0s37b1n0:55934:56984 [3] NCCL INFO comm 0x555e5355e260 rank 11 nranks 20 cudaDev 3 busId c7000 - Init COMPLETE
x3006c0s37b1n0:55933:56985 [2] NCCL INFO init.cc:392 Cuda Host Alloc Size 33554432 pointer 0x1529ce000000
x3006c0s37b1n0:55933:56985 [2] NCCL INFO init.cc:398 Cuda Host Alloc Size 128 pointer 0x1529f2e00200
x3006c0s37b1n0:55933:56985 [2] NCCL INFO comm 0x5630ebd0fa30 rank 10 nranks 20 cudaDev 2 busId 85000 - Init COMPLETE
x3006c0s37b1n0:55932:56983 [1] NCCL INFO init.cc:392 Cuda Host Alloc Size 33554432 pointer 0x14ec50000000
x3006c0s37b1n0:55932:56983 [1] NCCL INFO init.cc:398 Cuda Host Alloc Size 128 pointer 0x14ec74e00200
x3006c0s37b1n0:55932:56983 [1] NCCL INFO comm 0x55f37f88a9b0 rank 9 nranks 20 cudaDev 1 busId 46000 - Init COMPLETE
x3006c0s37b1n0:55931:57153 [0] NCCL INFO transport/net.cc:376 Cuda Alloc Size 8388608 pointer 0x14ea41400000
x3006c0s37b1n0:55931:56981 [0] NCCL INFO init.cc:392 Cuda Host Alloc Size 33554432 pointer 0x14ea3e000000
x3006c0s37b1n0:55931:56981 [0] NCCL INFO init.cc:398 Cuda Host Alloc Size 128 pointer 0x14ea60e00200
x3006c0s37b1n0:55931:56981 [0] NCCL INFO comm 0x55ce4b3f5d00 rank 8 nranks 20 cudaDev 0 busId 7000 - Init COMPLETE
x3006c0s37b1n0:55934:55934 [3] NCCL INFO AllReduce: opCount 0 sendbuff 0x148f47600200 recvbuff 0x148f47600200 count 1 datatype 1 op 0 root 0 comm 0x555e5355e260 [nranks=20] stream 0x555e6b8acef0
x3006c0s37b1n0:55934:55934 [3] NCCL INFO misc/utils.cc:235 memory stack hunk malloc(65536)
[LYD INFO in ncclLaunchKernel (enqueue.cc)] NCHANNELS is: 4x3006c0s37b1n0:55931:55931 [0] NCCL INFO AllReduce: opCount 0 sendbuff 0x14ea9f600200 recvbuff 0x14ea9f600200 count 1 datatype 1 op 0 root 0 comm 0x55ce4b3f5d00 [nranks=20] stream 0x55ce6535a160
x3006c0s37b1n0:55931:55931 [0] NCCL INFO misc/utils.cc:235 memory stack hunk malloc(65536)
[LYD INFO in ncclLaunchKernel (enqueue.cc)] NCHANNELS is: 4x3006c0s37b1n0:55932:55932 [1] NCCL INFO AllReduce: opCount 0 sendbuff 0x14ecb7600200 recvbuff 0x14ecb7600200 count 1 datatype 1 op 0 root 0 comm 0x55f37f88a9b0 [nranks=20] stream 0x55f39714b4e0
x3006c0s37b1n0:55932:55932 [1] NCCL INFO misc/utils.cc:235 memory stack hunk malloc(65536)
[LYD INFO in ncclLaunchKernel (enqueue.cc)] NCHANNELS is: 4x3006c0s37b1n0:55933:55933 [2] NCCL INFO AllReduce: opCount 0 sendbuff 0x152a33600200 recvbuff 0x152a33600200 count 1 datatype 1 op 0 root 0 comm 0x5630ebd0fa30 [nranks=20] stream 0x5630f0b4ac90
x3006c0s37b1n0:55933:55933 [2] NCCL INFO misc/utils.cc:235 memory stack hunk malloc(65536)
[LYD INFO in ncclLaunchKernel (enqueue.cc)] NCHANNELS is: 4
[LYD INFO in NCCL_KERN_NAME (common.h)] 10 AllReduce TREE LL Sum uint8_t Elapsed time: 66732 us

[LYD INFO in NCCL_KERN_NAME (common.h)] 8 AllReduce TREE LL Sum uint8_t Elapsed time: 113811 us

[LYD INFO in NCCL_KERN_NAME (common.h)] 9 AllReduce TREE LL Sum uint8_t Elapsed time: 99320 us

[LYD INFO in NCCL_KERN_NAME (common.h)] 11 AllReduce TREE LL Sum uint8_t Elapsed time: 125528 us
x3006c0s37b1n0:55933:55933 [2] NCCL INFO AllReduce: opCount 1 sendbuff 0x152a33600000 recvbuff 0x152a33600000 count 1 datatype 1 op 0 root 0 comm 0x5630ebd0fa30 [nranks=20] stream 0x5630f0b4ac90
[LYD INFO in ncclLaunchKernel (enqueue.cc)] NCHANNELS is: 4x3006c0s37b1n0:55934:55934 [3] NCCL INFO AllReduce: opCount 1 sendbuff 0x148f47600000 recvbuff 0x148f47600000 count 1 datatype 1 op 0 root 0 comm 0x555e5355e260 [nranks=20] stream 0x555e6b8acef0
[LYD INFO in ncclLaunchKernel (enqueue.cc)] NCHANNELS is: 4x3006c0s37b1n0:55931:55931 [0] NCCL INFO AllReduce: opCount 1 sendbuff 0x14ea9f600000 recvbuff 0x14ea9f600000 count 1 datatype 1 op 0 root 0 comm 0x55ce4b3f5d00 [nranks=20] stream 0x55ce6535a160
[LYD INFO in ncclLaunchKernel (enqueue.cc)] NCHANNELS is: 4x3006c0s37b1n0:55932:55932 [1] NCCL INFO AllReduce: opCount 1 sendbuff 0x14ecb7600000 recvbuff 0x14ecb7600000 count 1 datatype 1 op 0 root 0 comm 0x55f37f88a9b0 [nranks=20] stream 0x55f39714b4e0
[LYD INFO in ncclLaunchKernel (enqueue.cc)] NCHANNELS is: 4
[LYD INFO in NCCL_KERN_NAME (common.h)] 11 AllReduce TREE LL Sum uint8_t Elapsed time: 4212791 us

[LYD INFO in NCCL_KERN_NAME (common.h)] 10 AllReduce TREE LL Sum uint8_t Elapsed time: 5649109 us

[LYD INFO in NCCL_KERN_NAME (common.h)] 8 AllReduce TREE LL Sum uint8_t Elapsed time: 3665855 us

[LYD INFO in NCCL_KERN_NAME (common.h)] 9 AllReduce TREE LL Sum uint8_t Elapsed time: 3643484 us
x3006c0s37b1n0:55932:55932 [1] NCCL INFO AllReduce: opCount 2 sendbuff 0x14ecb7600000 recvbuff 0x14ecb7600000 count 1 datatype 8 op 3 root 0 comm 0x55f37f88a9b0 [nranks=20] stream 0x55f39714b4e0
[LYD INFO in ncclLaunchKernel (enqueue.cc)] NCHANNELS is: 4x3006c0s37b1n0:55934:55934 [3] NCCL INFO AllReduce: opCount 2 sendbuff 0x148f47600000 recvbuff 0x148f47600000 count 1 datatype 8 op 3 root 0 comm 0x555e5355e260 [nranks=20] stream 0x555e6b8acef0
[LYD INFO in ncclLaunchKernel (enqueue.cc)] NCHANNELS is: 4x3006c0s37b1n0:55931:55931 [0] NCCL INFO AllReduce: opCount 2 sendbuff 0x14ea9f600000 recvbuff 0x14ea9f600000 count 1 datatype 8 op 3 root 0 comm 0x55ce4b3f5d00 [nranks=20] stream 0x55ce6535a160
[LYD INFO in ncclLaunchKernel (enqueue.cc)] NCHANNELS is: 4x3006c0s37b1n0:55933:55933 [2] NCCL INFO AllReduce: opCount 2 sendbuff 0x152a33600000 recvbuff 0x152a33600000 count 1 datatype 8 op 3 root 0 comm 0x5630ebd0fa30 [nranks=20] stream 0x5630f0b4ac90
[LYD INFO in ncclLaunchKernel (enqueue.cc)] NCHANNELS is: 4
[LYD INFO in NCCL_FUNC_NAME (common.h)] 10 AllReduce TREE LL Min double Elapsed time: 6 us

[LYD INFO in NCCL_FUNC_NAME (common.h)] 9 AllReduce TREE LL Min double Elapsed time: 21934 us

[LYD INFO in NCCL_FUNC_NAME (common.h)] 11 AllReduce TREE LL Min double Elapsed time: 4 us

[LYD INFO in NCCL_FUNC_NAME (common.h)] 8 AllReduce TREE LL Min double Elapsed time: 6286 us

[LYD INFO in NCCL_KERN_NAME (common.h)] 8 AllReduce TREE LL Sum double Elapsed time: 15837 us
x3006c0s37b1n0:55931:55931 [0] NCCL INFO AllReduce: opCount 3 sendbuff 0x14ea9f600200 recvbuff 0x14ea9f600200 count 1 datatype 1 op 0 root 0 comm 0x55ce4b3f5d00 [nranks=20] stream 0x55ce6535a160
[LYD INFO in ncclLaunchKernel (enqueue.cc)] NCHANNELS is: 4
[LYD INFO in NCCL_KERN_NAME (common.h)] 10 AllReduce TREE LL Sum double Elapsed time: 15241 us
x3006c0s37b1n0:55933:55933 [2] NCCL INFO AllReduce: opCount 3 sendbuff 0x152a33600200 recvbuff 0x152a33600200 count 1 datatype 1 op 0 root 0 comm 0x5630ebd0fa30 [nranks=20] stream 0x5630f0b4ac90
[LYD INFO in ncclLaunchKernel (enqueue.cc)] NCHANNELS is: 4
[LYD INFO in NCCL_KERN_NAME (common.h)] 11 AllReduce TREE LL Sum double Elapsed time: 36719 us
x3006c0s37b1n0:55934:55934 [3] NCCL INFO AllReduce: opCount 3 sendbuff 0x148f47600200 recvbuff 0x148f47600200 count 1 datatype 1 op 0 root 0 comm 0x555e5355e260 [nranks=20] stream 0x555e6b8acef0
[LYD INFO in ncclLaunchKernel (enqueue.cc)] NCHANNELS is: 4
[LYD INFO in NCCL_KERN_NAME (common.h)] 9 AllReduce TREE LL Sum double Elapsed time: 37165 us
x3006c0s37b1n0:55932:55932 [1] NCCL INFO AllReduce: opCount 3 sendbuff 0x14ecb7600200 recvbuff 0x14ecb7600200 count 1 datatype 1 op 0 root 0 comm 0x55f37f88a9b0 [nranks=20] stream 0x55f39714b4e0
[LYD INFO in ncclLaunchKernel (enqueue.cc)] NCHANNELS is: 4
[LYD INFO in NCCL_KERN_NAME (common.h)] 8 AllReduce TREE LL Sum uint8_t Elapsed time: 57759 us

[LYD INFO in NCCL_KERN_NAME (common.h)] 10 AllReduce TREE LL Sum uint8_t Elapsed time: 51720 us

[LYD INFO in NCCL_KERN_NAME (common.h)] 9 AllReduce TREE LL Sum uint8_t Elapsed time: 29543 us

[LYD INFO in NCCL_KERN_NAME (common.h)] 11 AllReduce TREE LL Sum uint8_t Elapsed time: 38764 us
x3006c0s37b1n0:55932:57154 [1] NCCL INFO [Service thread] Connection closed by localRank 1
x3006c0s37b1n0:55931:57153 [0] NCCL INFO [Service thread] Connection closed by localRank 0
x3006c0s37b1n0:55932:55932 [1] NCCL INFO comm 0x55f37f88a9b0 rank 9 nranks 20 cudaDev 1 busId 46000 - Abort COMPLETE
x3006c0s37b1n0:55934:57160 [3] NCCL INFO [Service thread] Connection closed by localRank 3
x3006c0s37b1n0:55933:57159 [2] NCCL INFO [Service thread] Connection closed by localRank 2
x3006c0s37b1n0:55934:55934 [3] NCCL INFO comm 0x555e5355e260 rank 11 nranks 20 cudaDev 3 busId c7000 - Abort COMPLETE
x3006c0s37b1n0:55931:55931 [0] NCCL INFO comm 0x55ce4b3f5d00 rank 8 nranks 20 cudaDev 0 busId 7000 - Abort COMPLETE
x3006c0s37b1n0:55933:55933 [2] NCCL INFO comm 0x5630ebd0fa30 rank 10 nranks 20 cudaDev 2 busId 85000 - Abort COMPLETE
