x3004c0s31b0n0:13625:17708 [2] NCCL INFO + SYS[5000.0] - CPU/0
x3004c0s31b0n0:13625:17708 [2] NCCL INFO + PCI[24.0] - PCI/83000 (11f8406811f8beef)
x3004c0s31b0n0:13625:17708 [2] NCCL INFO               + PCI[24.0] - GPU/85000 (18)
x3004c0s31b0n0:13625:17708 [2] NCCL INFO                             + NVL[88.0] - GPU/C7000
x3004c0s31b0n0:13625:17708 [2] NCCL INFO                             + NVL[88.0] - GPU/46000
x3004c0s31b0n0:13625:17708 [2] NCCL INFO                             + NVL[88.0] - GPU/7000
x3004c0s31b0n0:13625:17708 [2] NCCL INFO CPU/0 (1/2/-1)
x3004c0s31b0n0:13625:17708 [2] NCCL INFO + SYS[5000.0] - CPU/3
x3004c0s31b0n0:13625:17708 [2] NCCL INFO + SYS[5000.0] - CPU/2
x3004c0s31b0n0:13625:17708 [2] NCCL INFO + SYS[5000.0] - CPU/1
x3004c0s31b0n0:13625:17708 [2] NCCL INFO + PCI[24.0] - PCI/C5000 (11f8406811f8beef)
x3004c0s31b0n0:13625:17708 [2] NCCL INFO               + PCI[24.0] - GPU/C7000 (19)
x3004c0s31b0n0:13625:17708 [2] NCCL INFO                             + NVL[88.0] - GPU/85000
x3004c0s31b0n0:13625:17708 [2] NCCL INFO                             + NVL[88.0] - GPU/46000
x3004c0s31b0n0:13625:17708 [2] NCCL INFO                             + NVL[88.0] - GPU/7000
x3004c0s31b0n0:13625:17708 [2] NCCL INFO + PCI[12.0] - NIC/C8000
x3004c0s31b0n0:13625:17708 [2] NCCL INFO               + NET[12.5] - NET/0 (ec4b02ffffa4e988/1/12.500000)
x3004c0s31b0n0:13625:17708 [2] NCCL INFO ==========================================
x3004c0s31b0n0:13625:17708 [2] NCCL INFO GPU/7000 :GPU/7000 (0/5000.000000/LOC) GPU/46000 (1/88.000000/NVL) GPU/85000 (1/88.000000/NVL) GPU/C7000 (1/88.000000/NVL) CPU/3 (2/24.000000/PHB) CPU/2 (3/24.000000/SYS) CPU/1 (3/24.000000/SYS) CPU/0 (3/24.000000/SYS) NET/1 (5/12.000000/SYS) NET/0 (5/12.000000/SYS) 
x3004c0s31b0n0:13625:17708 [2] NCCL INFO GPU/46000 :GPU/7000 (1/88.000000/NVL) GPU/46000 (0/5000.000000/LOC) GPU/85000 (1/88.000000/NVL) GPU/C7000 (1/88.000000/NVL) CPU/3 (3/24.000000/SYS) CPU/2 (2/24.000000/PHB) CPU/1 (3/24.000000/SYS) CPU/0 (3/24.000000/SYS) NET/1 (4/12.000000/PHB) NET/0 (5/12.000000/SYS) 
x3004c0s31b0n0:13625:17708 [2] NCCL INFO GPU/85000 :GPU/7000 (1/88.000000/NVL) GPU/46000 (1/88.000000/NVL) GPU/85000 (0/5000.000000/LOC) GPU/C7000 (1/88.000000/NVL) CPU/3 (3/24.000000/SYS) CPU/2 (3/24.000000/SYS) CPU/1 (2/24.000000/PHB) CPU/0 (3/24.000000/SYS) NET/1 (5/12.000000/SYS) NET/0 (5/12.000000/SYS) 
x3004c0s31b0n0:13625:17708 [2] NCCL INFO GPU/C7000 :GPU/7000 (1/88.000000/NVL) GPU/46000 (1/88.000000/NVL) GPU/85000 (1/88.000000/NVL) GPU/C7000 (0/5000.000000/LOC) CPU/3 (3/24.000000/SYS) CPU/2 (3/24.000000/SYS) CPU/1 (3/24.000000/SYS) CPU/0 (2/24.000000/PHB) NET/1 (5/12.000000/SYS) NET/0 (4/12.000000/PHB) 
x3004c0s31b0n0:13625:17708 [2] NCCL INFO NET/1 :GPU/7000 (5/12.000000/SYS) GPU/46000 (4/12.000000/PHB) GPU/85000 (5/12.000000/SYS) GPU/C7000 (5/12.000000/SYS) CPU/3 (3/12.000000/SYS) CPU/2 (2/12.000000/PHB) CPU/1 (3/12.000000/SYS) CPU/0 (3/12.000000/SYS) NET/1 (0/5000.000000/LOC) NET/0 (5/12.000000/SYS) 
x3004c0s31b0n0:13625:17708 [2] NCCL INFO NET/0 :GPU/7000 (5/12.000000/SYS) GPU/46000 (5/12.000000/SYS) GPU/85000 (5/12.000000/SYS) GPU/C7000 (4/12.000000/PHB) CPU/3 (3/12.000000/SYS) CPU/2 (3/12.000000/SYS) CPU/1 (3/12.000000/SYS) CPU/0 (2/12.000000/PHB) NET/1 (5/12.000000/SYS) NET/0 (0/5000.000000/LOC) 
x3004c0s31b0n0:13625:17708 [2] NCCL INFO Pattern 4, crossNic 0, nChannels 2, bw 12.000000/12.000000, type NVL/SYS, sameChannels 1
x3004c0s31b0n0:13625:17708 [2] NCCL INFO  0 : NET/1 GPU/17 GPU/16 GPU/18 GPU/19 NET/1
x3004c0s31b0n0:13625:17708 [2] NCCL INFO  1 : NET/0 GPU/17 GPU/16 GPU/18 GPU/19 NET/0
x3004c0s31b0n0:13625:17708 [2] NCCL INFO Pattern 1, crossNic 0, nChannels 2, bw 24.000000/12.000000, type NVL/SYS, sameChannels 1
x3004c0s31b0n0:13625:17708 [2] NCCL INFO  0 : NET/1 GPU/16 GPU/17 GPU/18 GPU/19 NET/1
x3004c0s31b0n0:13625:17708 [2] NCCL INFO  1 : NET/0 GPU/16 GPU/17 GPU/18 GPU/19 NET/0
x3004c0s31b0n0:13625:17708 [2] NCCL INFO Pattern 3, crossNic 0, nChannels 0, bw 0.000000/0.000000, type NVL/PIX, sameChannels 1
x3004c0s31b0n0:13626:17705 [3] NCCL INFO NET/IB : GPU Direct RDMA Enabled for HCA 0 'mlx5_0'
x3004c0s31b0n0:13626:17705 [3] NCCL INFO NET/IB : GPU Direct RDMA Enabled for HCA 1 'mlx5_1'
x3004c0s31b0n0:13626:17705 [3] NCCL INFO GPU Direct RDMA Disabled for GPU 7000 / HCA 1 (distance 7 > 4)
x3004c0s31b0n0:13626:17705 [3] NCCL INFO GPU Direct RDMA Disabled for GPU 46000 / HCA 1 (distance 6 > 4)
x3004c0s31b0n0:13626:17705 [3] NCCL INFO GPU Direct RDMA Disabled for GPU 85000 / HCA 1 (distance 7 > 4)
x3004c0s31b0n0:13626:17705 [3] NCCL INFO GPU Direct RDMA Disabled for GPU c7000 / HCA 1 (distance 7 > 4)
x3004c0s31b0n0:13626:17705 [3] NCCL INFO GPU Direct RDMA Disabled for GPU 7000 / HCA 0 (distance 7 > 4)
x3004c0s31b0n0:13626:17705 [3] NCCL INFO GPU Direct RDMA Disabled for GPU 46000 / HCA 0 (distance 7 > 4)
x3004c0s31b0n0:13626:17705 [3] NCCL INFO GPU Direct RDMA Disabled for GPU 85000 / HCA 0 (distance 7 > 4)
x3004c0s31b0n0:13626:17705 [3] NCCL INFO GPU Direct RDMA Disabled for GPU c7000 / HCA 0 (distance 6 > 4)
x3004c0s31b0n0:13626:17705 [3] NCCL INFO GPU Direct RDMA Disabled for GPU 7000 / HCA 1 (distance 7 > 4)
x3004c0s31b0n0:13626:17705 [3] NCCL INFO GPU Direct RDMA Disabled for GPU 46000 / HCA 1 (distance 6 > 4)
x3004c0s31b0n0:13626:17705 [3] NCCL INFO GPU Direct RDMA Disabled for GPU 85000 / HCA 1 (distance 7 > 4)
x3004c0s31b0n0:13626:17705 [3] NCCL INFO GPU Direct RDMA Disabled for GPU c7000 / HCA 1 (distance 7 > 4)
x3004c0s31b0n0:13626:17705 [3] NCCL INFO GPU Direct RDMA Disabled for GPU 7000 / HCA 0 (distance 7 > 4)
x3004c0s31b0n0:13626:17705 [3] NCCL INFO GPU Direct RDMA Disabled for GPU 46000 / HCA 0 (distance 7 > 4)
x3004c0s31b0n0:13626:17705 [3] NCCL INFO GPU Direct RDMA Disabled for GPU 85000 / HCA 0 (distance 7 > 4)
x3004c0s31b0n0:13626:17705 [3] NCCL INFO GPU Direct RDMA Disabled for GPU c7000 / HCA 0 (distance 6 > 4)
x3004c0s31b0n0:13626:17705 [3] NCCL INFO === System : maxBw 12.0 totalBw 264.0 ===
x3004c0s31b0n0:13626:17705 [3] NCCL INFO CPU/3 (1/2/-1)
x3004c0s31b0n0:13626:17705 [3] NCCL INFO + SYS[5000.0] - CPU/2
x3004c0s31b0n0:13626:17705 [3] NCCL INFO + SYS[5000.0] - CPU/1
x3004c0s31b0n0:13626:17705 [3] NCCL INFO + SYS[5000.0] - CPU/0
x3004c0s31b0n0:13626:17705 [3] NCCL INFO + PCI[24.0] - PCI/5000 (11f8406811f8beef)
x3004c0s31b0n0:13626:17705 [3] NCCL INFO               + PCI[24.0] - GPU/7000 (16)
x3004c0s31b0n0:13626:17705 [3] NCCL INFO                             + NVL[88.0] - GPU/85000
x3004c0s31b0n0:13626:17705 [3] NCCL INFO                             + NVL[88.0] - GPU/C7000
x3004c0s31b0n0:13626:17705 [3] NCCL INFO                             + NVL[88.0] - GPU/46000
x3004c0s31b0n0:13626:17705 [3] NCCL INFO CPU/2 (1/2/-1)
x3004c0s31b0n0:13626:17705 [3] NCCL INFO + SYS[5000.0] - CPU/3
x3004c0s31b0n0:13626:17705 [3] NCCL INFO + SYS[5000.0] - CPU/1
x3004c0s31b0n0:13626:17705 [3] NCCL INFO + SYS[5000.0] - CPU/0
x3004c0s31b0n0:13626:17705 [3] NCCL INFO + PCI[24.0] - PCI/44000 (11f8406811f8beef)
x3004c0s31b0n0:13626:17705 [3] NCCL INFO               + PCI[24.0] - GPU/46000 (17)
x3004c0s31b0n0:13626:17705 [3] NCCL INFO                             + NVL[88.0] - GPU/85000
x3004c0s31b0n0:13626:17705 [3] NCCL INFO                             + NVL[88.0] - GPU/C7000
x3004c0s31b0n0:13626:17705 [3] NCCL INFO                             + NVL[88.0] - GPU/7000
x3004c0s31b0n0:13626:17705 [3] NCCL INFO + PCI[12.0] - NIC/43000
x3004c0s31b0n0:13626:17705 [3] NCCL INFO               + NET[12.5] - NET/1 (e87604ffffa4e988/1/12.500000)
x3004c0s31b0n0:13626:17705 [3] NCCL INFO CPU/1 (1/2/-1)
x3004c0s31b0n0:13626:17705 [3] NCCL INFO + SYS[5000.0] - CPU/3
x3004c0s31b0n0:13626:17705 [3] NCCL INFO + SYS[5000.0] - CPU/2
x3004c0s31b0n0:13626:17705 [3] NCCL INFO + SYS[5000.0] - CPU/0
x3004c0s31b0n0:13626:17705 [3] NCCL INFO + PCI[24.0] - PCI/83000 (11f8406811f8beef)
x3004c0s31b0n0:13626:17705 [3] NCCL INFO               + PCI[24.0] - GPU/85000 (18)
x3004c0s31b0n0:13626:17705 [3] NCCL INFO                             + NVL[88.0] - GPU/C7000
x3004c0s31b0n0:13626:17705 [3] NCCL INFO                             + NVL[88.0] - GPU/46000
x3004c0s31b0n0:13626:17705 [3] NCCL INFO                             + NVL[88.0] - GPU/7000
x3004c0s31b0n0:13626:17705 [3] NCCL INFO CPU/0 (1/2/-1)
x3004c0s31b0n0:13626:17705 [3] NCCL INFO + SYS[5000.0] - CPU/3
x3004c0s31b0n0:13626:17705 [3] NCCL INFO + SYS[5000.0] - CPU/2
x3004c0s31b0n0:13626:17705 [3] NCCL INFO + SYS[5000.0] - CPU/1
x3004c0s31b0n0:13626:17705 [3] NCCL INFO + PCI[24.0] - PCI/C5000 (11f8406811f8beef)
x3004c0s31b0n0:13626:17705 [3] NCCL INFO               + PCI[24.0] - GPU/C7000 (19)
x3004c0s31b0n0:13626:17705 [3] NCCL INFO                             + NVL[88.0] - GPU/85000
x3004c0s31b0n0:13626:17705 [3] NCCL INFO                             + NVL[88.0] - GPU/46000
x3004c0s31b0n0:13626:17705 [3] NCCL INFO                             + NVL[88.0] - GPU/7000
x3004c0s31b0n0:13626:17705 [3] NCCL INFO + PCI[12.0] - NIC/C8000
x3004c0s31b0n0:13626:17705 [3] NCCL INFO               + NET[12.5] - NET/0 (ec4b02ffffa4e988/1/12.500000)
x3004c0s31b0n0:13626:17705 [3] NCCL INFO ==========================================
x3004c0s31b0n0:13626:17705 [3] NCCL INFO GPU/7000 :GPU/7000 (0/5000.000000/LOC) GPU/46000 (1/88.000000/NVL) GPU/85000 (1/88.000000/NVL) GPU/C7000 (1/88.000000/NVL) CPU/3 (2/24.000000/PHB) CPU/2 (3/24.000000/SYS) CPU/1 (3/24.000000/SYS) CPU/0 (3/24.000000/SYS) NET/1 (5/12.000000/SYS) NET/0 (5/12.000000/SYS) 
x3004c0s31b0n0:13626:17705 [3] NCCL INFO GPU/46000 :GPU/7000 (1/88.000000/NVL) GPU/46000 (0/5000.000000/LOC) GPU/85000 (1/88.000000/NVL) GPU/C7000 (1/88.000000/NVL) CPU/3 (3/24.000000/SYS) CPU/2 (2/24.000000/PHB) CPU/1 (3/24.000000/SYS) CPU/0 (3/24.000000/SYS) NET/1 (4/12.000000/PHB) NET/0 (5/12.000000/SYS) 
x3004c0s31b0n0:13626:17705 [3] NCCL INFO GPU/85000 :GPU/7000 (1/88.000000/NVL) GPU/46000 (1/88.000000/NVL) GPU/85000 (0/5000.000000/LOC) GPU/C7000 (1/88.000000/NVL) CPU/3 (3/24.000000/SYS) CPU/2 (3/24.000000/SYS) CPU/1 (2/24.000000/PHB) CPU/0 (3/24.000000/SYS) NET/1 (5/12.000000/SYS) NET/0 (5/12.000000/SYS) 
x3004c0s31b0n0:13626:17705 [3] NCCL INFO GPU/C7000 :GPU/7000 (1/88.000000/NVL) GPU/46000 (1/88.000000/NVL) GPU/85000 (1/88.000000/NVL) GPU/C7000 (0/5000.000000/LOC) CPU/3 (3/24.000000/SYS) CPU/2 (3/24.000000/SYS) CPU/1 (3/24.000000/SYS) CPU/0 (2/24.000000/PHB) NET/1 (5/12.000000/SYS) NET/0 (4/12.000000/PHB) 
x3004c0s31b0n0:13626:17705 [3] NCCL INFO NET/1 :GPU/7000 (5/12.000000/SYS) GPU/46000 (4/12.000000/PHB) GPU/85000 (5/12.000000/SYS) GPU/C7000 (5/12.000000/SYS) CPU/3 (3/12.000000/SYS) CPU/2 (2/12.000000/PHB) CPU/1 (3/12.000000/SYS) CPU/0 (3/12.000000/SYS) NET/1 (0/5000.000000/LOC) NET/0 (5/12.000000/SYS) 
x3004c0s31b0n0:13626:17705 [3] NCCL INFO NET/0 :GPU/7000 (5/12.000000/SYS) GPU/46000 (5/12.000000/SYS) GPU/85000 (5/12.000000/SYS) GPU/C7000 (4/12.000000/PHB) CPU/3 (3/12.000000/SYS) CPU/2 (3/12.000000/SYS) CPU/1 (3/12.000000/SYS) CPU/0 (2/12.000000/PHB) NET/1 (5/12.000000/SYS) NET/0 (0/5000.000000/LOC) 
x3004c0s31b0n0:13626:17705 [3] NCCL INFO Setting affinity for GPU 3 to 01
x3004c0s31b0n0:13626:17705 [3] NCCL INFO Pattern 4, crossNic 0, nChannels 2, bw 12.000000/12.000000, type NVL/SYS, sameChannels 1
x3004c0s31b0n0:13626:17705 [3] NCCL INFO  0 : NET/1 GPU/17 GPU/16 GPU/18 GPU/19 NET/1
x3004c0s31b0n0:13626:17705 [3] NCCL INFO  1 : NET/0 GPU/17 GPU/16 GPU/18 GPU/19 NET/0
x3004c0s31b0n0:13626:17705 [3] NCCL INFO Pattern 1, crossNic 0, nChannels 2, bw 24.000000/12.000000, type NVL/SYS, sameChannels 1
x3004c0s31b0n0:13626:17705 [3] NCCL INFO  0 : NET/1 GPU/16 GPU/17 GPU/18 GPU/19 NET/1
x3004c0s31b0n0:13626:17705 [3] NCCL INFO  1 : NET/0 GPU/16 GPU/17 GPU/18 GPU/19 NET/0
x3004c0s31b0n0:13626:17705 [3] NCCL INFO Pattern 3, crossNic 0, nChannels 0, bw 0.000000/0.000000, type NVL/PIX, sameChannels 1
x3004c0s31b0n0:13623:17707 [0] NCCL INFO Tree 0 : 0 -> 16 -> 17/-1/-1
x3004c0s31b0n0:13623:17707 [0] NCCL INFO Tree 2 : 12 -> 16 -> 17/-1/-1
x3004c0s31b0n0:13623:17707 [0] NCCL INFO Tree 1 : 0 -> 16 -> 17/-1/-1
x3004c0s31b0n0:13623:17707 [0] NCCL INFO Tree 3 : 12 -> 16 -> 17/-1/-1
x3004c0s31b0n0:13623:17707 [0] NCCL INFO Ring 00 : 17 -> 16 -> 18
x3004c0s31b0n0:13623:17707 [0] NCCL INFO Ring 01 : 17 -> 16 -> 18
x3004c0s31b0n0:13623:17707 [0] NCCL INFO Ring 02 : 17 -> 16 -> 18
x3004c0s31b0n0:13623:17707 [0] NCCL INFO Ring 03 : 17 -> 16 -> 18
x3004c0s31b0n0:13623:17707 [0] NCCL INFO Trees [0] 17/-1/-1->16->0 [1] 17/-1/-1->16->0 [2] 17/-1/-1->16->12 [3] 17/-1/-1->16->12
x3004c0s31b0n0:13623:17707 [0] NCCL INFO misc/utils.cc:235 memory stack hunk malloc(65536)
x3004c0s31b0n0:13623:17707 [0] NCCL INFO channel.cc:23 Cuda Alloc Size 8064 pointer 0x1525c5817400
x3004c0s31b0n0:13623:17707 [0] NCCL INFO channel.cc:27 Cuda Alloc Size 80 pointer 0x1525c5819400
x3004c0s31b0n0:13623:17707 [0] NCCL INFO channel.cc:23 Cuda Alloc Size 8064 pointer 0x1525c5819600
x3004c0s31b0n0:13623:17707 [0] NCCL INFO channel.cc:27 Cuda Alloc Size 80 pointer 0x1525c581b600
x3004c0s31b0n0:13623:17707 [0] NCCL INFO channel.cc:23 Cuda Alloc Size 8064 pointer 0x1525c581b800
x3004c0s31b0n0:13623:17707 [0] NCCL INFO channel.cc:27 Cuda Alloc Size 80 pointer 0x1525c581d800
x3004c0s31b0n0:13623:17707 [0] NCCL INFO channel.cc:23 Cuda Alloc Size 8064 pointer 0x1525c581da00
x3004c0s31b0n0:13623:17707 [0] NCCL INFO channel.cc:27 Cuda Alloc Size 80 pointer 0x1525c581fa00
x3004c0s31b0n0:13623:17707 [0] NCCL INFO Channel 00/0 : 16[7000] -> 18[85000] via P2P/IPC/read
x3004c0s31b0n0:13623:17847 [0] NCCL INFO Mem Realloc old size 0, new size 8 pointer 0x15256c000c60
x3004c0s31b0n0:13623:17847 [0] NCCL INFO New proxy send connection 0 from local rank 0, transport 0
x3004c0s31b0n0:13624:17706 [1] NCCL INFO Tree 0 : 16 -> 17 -> 18/8/-1
x3004c0s31b0n0:13624:17706 [1] NCCL INFO Tree 2 : 16 -> 17 -> 18/-1/-1
x3004c0s31b0n0:13624:17706 [1] NCCL INFO Tree 1 : 16 -> 17 -> 18/8/-1
x3004c0s31b0n0:13624:17706 [1] NCCL INFO Tree 3 : 16 -> 17 -> 18/-1/-1
x3004c0s31b0n0:13624:17706 [1] NCCL INFO Ring 00 : 15 -> 17 -> 16
x3004c0s31b0n0:13624:17706 [1] NCCL INFO Ring 01 : 15 -> 17 -> 16
x3004c0s31b0n0:13624:17706 [1] NCCL INFO Ring 02 : 15 -> 17 -> 16
x3004c0s31b0n0:13624:17706 [1] NCCL INFO Ring 03 : 15 -> 17 -> 16
x3004c0s31b0n0:13624:17706 [1] NCCL INFO Trees [0] 18/8/-1->17->16 [1] 18/8/-1->17->16 [2] 18/-1/-1->17->16 [3] 18/-1/-1->17->16
x3004c0s31b0n0:13624:17706 [1] NCCL INFO misc/utils.cc:235 memory stack hunk malloc(65536)
x3004c0s31b0n0:13624:17706 [1] NCCL INFO channel.cc:23 Cuda Alloc Size 8064 pointer 0x147c2f817400
x3004c0s31b0n0:13624:17706 [1] NCCL INFO channel.cc:27 Cuda Alloc Size 80 pointer 0x147c2f819400
x3004c0s31b0n0:13624:17706 [1] NCCL INFO channel.cc:23 Cuda Alloc Size 8064 pointer 0x147c2f819600
x3004c0s31b0n0:13624:17706 [1] NCCL INFO channel.cc:27 Cuda Alloc Size 80 pointer 0x147c2f81b600
x3004c0s31b0n0:13624:17706 [1] NCCL INFO channel.cc:23 Cuda Alloc Size 8064 pointer 0x147c2f81b800
x3004c0s31b0n0:13624:17706 [1] NCCL INFO channel.cc:27 Cuda Alloc Size 80 pointer 0x147c2f81d800
x3004c0s31b0n0:13624:17706 [1] NCCL INFO channel.cc:23 Cuda Alloc Size 8064 pointer 0x147c2f81da00
x3004c0s31b0n0:13624:17706 [1] NCCL INFO channel.cc:27 Cuda Alloc Size 80 pointer 0x147c2f81fa00
x3004c0s31b0n0:13624:17706 [1] NCCL INFO GPU Direct RDMA Disabled for GPU 46000 / HCA 1 (distance 6 > 4)
x3004c0s31b0n0:13625:17708 [2] NCCL INFO Ring 00 : 16 -> 18 -> 19
x3004c0s31b0n0:13625:17708 [2] NCCL INFO Ring 01 : 16 -> 18 -> 19
x3004c0s31b0n0:13625:17708 [2] NCCL INFO Ring 02 : 16 -> 18 -> 19
x3004c0s31b0n0:13625:17708 [2] NCCL INFO Ring 03 : 16 -> 18 -> 19
x3004c0s31b0n0:13625:17708 [2] NCCL INFO Trees [0] 19/-1/-1->18->17 [1] 19/-1/-1->18->17 [2] 19/-1/-1->18->17 [3] 19/-1/-1->18->17
x3004c0s31b0n0:13625:17708 [2] NCCL INFO misc/utils.cc:235 memory stack hunk malloc(65536)
x3004c0s31b0n0:13625:17708 [2] NCCL INFO channel.cc:23 Cuda Alloc Size 8064 pointer 0x14fc21817400
x3004c0s31b0n0:13625:17708 [2] NCCL INFO channel.cc:27 Cuda Alloc Size 80 pointer 0x14fc21819400
x3004c0s31b0n0:13625:17708 [2] NCCL INFO channel.cc:23 Cuda Alloc Size 8064 pointer 0x14fc21819600
x3004c0s31b0n0:13625:17708 [2] NCCL INFO channel.cc:27 Cuda Alloc Size 80 pointer 0x14fc2181b600
x3004c0s31b0n0:13625:17708 [2] NCCL INFO channel.cc:23 Cuda Alloc Size 8064 pointer 0x14fc2181b800
x3004c0s31b0n0:13625:17708 [2] NCCL INFO channel.cc:27 Cuda Alloc Size 80 pointer 0x14fc2181d800
x3004c0s31b0n0:13625:17708 [2] NCCL INFO channel.cc:23 Cuda Alloc Size 8064 pointer 0x14fc2181da00
x3004c0s31b0n0:13625:17708 [2] NCCL INFO channel.cc:27 Cuda Alloc Size 80 pointer 0x14fc2181fa00
x3004c0s31b0n0:13625:17708 [2] NCCL INFO Channel 00/0 : 18[85000] -> 19[c7000] via P2P/IPC/read
x3004c0s31b0n0:13626:17705 [3] NCCL INFO Ring 00 : 18 -> 19 -> 1
x3004c0s31b0n0:13626:17705 [3] NCCL INFO Ring 01 : 18 -> 19 -> 1
x3004c0s31b0n0:13626:17705 [3] NCCL INFO Ring 02 : 18 -> 19 -> 1
x3004c0s31b0n0:13626:17705 [3] NCCL INFO Ring 03 : 18 -> 19 -> 1
x3004c0s31b0n0:13626:17705 [3] NCCL INFO Trees [0] -1/-1/-1->19->18 [1] -1/-1/-1->19->18 [2] -1/-1/-1->19->18 [3] -1/-1/-1->19->18
x3004c0s31b0n0:13626:17705 [3] NCCL INFO misc/utils.cc:235 memory stack hunk malloc(65536)
x3004c0s31b0n0:13626:17705 [3] NCCL INFO channel.cc:23 Cuda Alloc Size 8064 pointer 0x14c517819a00
x3004c0s31b0n0:13626:17705 [3] NCCL INFO channel.cc:27 Cuda Alloc Size 80 pointer 0x14c51781ba00
x3004c0s31b0n0:13626:17705 [3] NCCL INFO channel.cc:23 Cuda Alloc Size 8064 pointer 0x14c51781bc00
x3004c0s31b0n0:13626:17705 [3] NCCL INFO channel.cc:27 Cuda Alloc Size 80 pointer 0x14c51781dc00
x3004c0s31b0n0:13626:17705 [3] NCCL INFO channel.cc:23 Cuda Alloc Size 8064 pointer 0x14c51781de00
x3004c0s31b0n0:13626:17705 [3] NCCL INFO channel.cc:27 Cuda Alloc Size 80 pointer 0x14c51781fe00
x3004c0s31b0n0:13626:17705 [3] NCCL INFO channel.cc:23 Cuda Alloc Size 8064 pointer 0x14c517820000
x3004c0s31b0n0:13626:17705 [3] NCCL INFO channel.cc:27 Cuda Alloc Size 80 pointer 0x14c517822000
x3004c0s31b0n0:13624:17848 [1] NCCL INFO Mem Realloc old size 0, new size 8 pointer 0x147bd8000c60
x3004c0s31b0n0:13624:17848 [1] NCCL INFO Allocated 4194656 bytes of shared memory in /dev/shm/nccl-XHsobo

x3004c0s31b0n0:13624:17848 [1] NCCL INFO New proxy recv connection 0 from local rank 1, transport 2
x3004c0s31b0n0:13625:17853 [2] NCCL INFO Mem Realloc old size 0, new size 8 pointer 0x14fbcc000c60
x3004c0s31b0n0:13625:17853 [2] NCCL INFO New proxy send connection 0 from local rank 2, transport 0
x3004c0s31b0n0:13626:17858 [3] NCCL INFO Mem Realloc old size 0, new size 8 pointer 0x14c48c000c60
x3004c0s31b0n0:13626:17858 [3] NCCL INFO New proxy recv connection 0 from local rank 3, transport 0
x3004c0s31b0n0:13626:17705 [3] NCCL INFO Connection to proxy localRank 3 -> connection 0x14c48c000c80
x3004c0s31b0n0:13623:17707 [0] NCCL INFO Connection to proxy localRank 0 -> connection 0x15256c000c80
x3004c0s31b0n0:13623:17847 [0] NCCL INFO transport/p2p.cc:430 Cuda Alloc Size 6291456 pointer 0x1525a7a00000
x3004c0s31b0n0:13624:17706 [1] NCCL INFO Connection to proxy localRank 1 -> connection 0x147bd8000c80
x3004c0s31b0n0:13625:17708 [2] NCCL INFO Connection to proxy localRank 2 -> connection 0x14fbcc000c80
x3004c0s31b0n0:13625:17853 [2] NCCL INFO transport/p2p.cc:430 Cuda Alloc Size 6291456 pointer 0x14fc44000000
x3004c0s31b0n0:13626:17858 [3] NCCL INFO transport/p2p.cc:449 Cuda Alloc Size 6291456 pointer 0x14c4b3800000
x3004c0s31b0n0:13623:17707 [0] NCCL INFO Channel 01/0 : 16[7000] -> 18[85000] via P2P/IPC/read
x3004c0s31b0n0:13623:17847 [0] NCCL INFO New proxy send connection 1 from local rank 0, transport 0
x3004c0s31b0n0:13626:17858 [3] NCCL INFO New proxy recv connection 1 from local rank 3, transport 0
x3004c0s31b0n0:13624:17706 [1] NCCL INFO Channel 00/0 : 15[c7000] -> 17[46000] [receive] via NET/IB/1
x3004c0s31b0n0:13624:17706 [1] NCCL INFO GPU Direct RDMA Disabled for GPU 46000 / HCA 0 (distance 7 > 4)
x3004c0s31b0n0:13624:17848 [1] NCCL INFO New proxy recv connection 1 from local rank 1, transport 2
x3004c0s31b0n0:13625:17708 [2] NCCL INFO Channel 01/0 : 18[85000] -> 19[c7000] via P2P/IPC/read
x3004c0s31b0n0:13625:17853 [2] NCCL INFO New proxy send connection 1 from local rank 2, transport 0
x3004c0s31b0n0:13625:17708 [2] NCCL INFO Connection to proxy localRank 2 -> connection 0x14fbcc000cc0
x3004c0s31b0n0:13625:17853 [2] NCCL INFO transport/p2p.cc:430 Cuda Alloc Size 6291456 pointer 0x14fc44600000
x3004c0s31b0n0:13623:17707 [0] NCCL INFO Connection to proxy localRank 0 -> connection 0x15256c000cc0
x3004c0s31b0n0:13625:17708 [2] NCCL INFO Channel 02/0 : 18[85000] -> 19[c7000] via P2P/IPC/read
x3004c0s31b0n0:13625:17853 [2] NCCL INFO New proxy send connection 2 from local rank 2, transport 0
x3004c0s31b0n0:13625:17708 [2] NCCL INFO Connection to proxy localRank 2 -> connection 0x14fbcc000d00
x3004c0s31b0n0:13626:17705 [3] NCCL INFO Connection to proxy localRank 3 -> connection 0x14c48c000cc0
x3004c0s31b0n0:13626:17858 [3] NCCL INFO transport/p2p.cc:449 Cuda Alloc Size 6291456 pointer 0x14c4bda00000
x3004c0s31b0n0:13625:17853 [2] NCCL INFO transport/p2p.cc:430 Cuda Alloc Size 6291456 pointer 0x14fc44c00000
x3004c0s31b0n0:13624:17706 [1] NCCL INFO Connection to proxy localRank 1 -> connection 0x147bd8000cc0
x3004c0s31b0n0:13624:17706 [1] NCCL INFO Channel 01/0 : 15[c7000] -> 17[46000] [receive] via NET/IB/0
x3004c0s31b0n0:13624:17706 [1] NCCL INFO GPU Direct RDMA Disabled for GPU 46000 / HCA 1 (distance 6 > 4)
x3004c0s31b0n0:13623:17847 [0] NCCL INFO transport/p2p.cc:430 Cuda Alloc Size 6291456 pointer 0x1525eb800000
x3004c0s31b0n0:13623:17707 [0] NCCL INFO Channel 02/0 : 16[7000] -> 18[85000] via P2P/IPC/read
x3004c0s31b0n0:13623:17847 [0] NCCL INFO New proxy send connection 2 from local rank 0, transport 0
x3004c0s31b0n0:13625:17708 [2] NCCL INFO Channel 03/0 : 18[85000] -> 19[c7000] via P2P/IPC/read
x3004c0s31b0n0:13625:17853 [2] NCCL INFO New proxy send connection 3 from local rank 2, transport 0
x3004c0s31b0n0:13626:17858 [3] NCCL INFO New proxy recv connection 2 from local rank 3, transport 0
x3004c0s31b0n0:13623:17707 [0] NCCL INFO Connection to proxy localRank 0 -> connection 0x15256c000d00
x3004c0s31b0n0:13623:17847 [0] NCCL INFO transport/p2p.cc:430 Cuda Alloc Size 6291456 pointer 0x1525ebe00000
x3004c0s31b0n0:13626:17705 [3] NCCL INFO Connection to proxy localRank 3 -> connection 0x14c48c000d00
x3004c0s31b0n0:13626:17858 [3] NCCL INFO transport/p2p.cc:449 Cuda Alloc Size 6291456 pointer 0x14c4d3a00000
x3004c0s31b0n0:13624:17848 [1] NCCL INFO New proxy recv connection 2 from local rank 1, transport 2
x3004c0s31b0n0:13625:17708 [2] NCCL INFO Connection to proxy localRank 2 -> connection 0x14fbcc000d40
x3004c0s31b0n0:13625:17853 [2] NCCL INFO transport/p2p.cc:430 Cuda Alloc Size 6291456 pointer 0x14fc45200000
x3004c0s31b0n0:13624:17706 [1] NCCL INFO Connection to proxy localRank 1 -> connection 0x147bd8000d00
x3004c0s31b0n0:13623:17707 [0] NCCL INFO Channel 03/0 : 16[7000] -> 18[85000] via P2P/IPC/read
x3004c0s31b0n0:13623:17847 [0] NCCL INFO New proxy send connection 3 from local rank 0, transport 0
x3004c0s31b0n0:13626:17858 [3] NCCL INFO New proxy recv connection 3 from local rank 3, transport 0
x3004c0s31b0n0:13623:17707 [0] NCCL INFO Connection to proxy localRank 0 -> connection 0x15256c000d40
x3004c0s31b0n0:13623:17847 [0] NCCL INFO transport/p2p.cc:430 Cuda Alloc Size 6291456 pointer 0x1525ec400000
x3004c0s31b0n0:13624:17706 [1] NCCL INFO Channel 02/0 : 15[c7000] -> 17[46000] [receive] via NET/IB/1
x3004c0s31b0n0:13624:17706 [1] NCCL INFO GPU Direct RDMA Disabled for GPU 46000 / HCA 0 (distance 7 > 4)
x3004c0s31b0n0:13624:17848 [1] NCCL INFO New proxy recv connection 3 from local rank 1, transport 2
x3004c0s31b0n0:13624:17706 [1] NCCL INFO Connection to proxy localRank 1 -> connection 0x147bd8000d40
x3004c0s31b0n0:13626:17705 [3] NCCL INFO Connection to proxy localRank 3 -> connection 0x14c48c000d40
x3004c0s31b0n0:13626:17858 [3] NCCL INFO transport/p2p.cc:449 Cuda Alloc Size 6291456 pointer 0x14c4cba00000
x3004c0s31b0n0:13626:17705 [3] NCCL INFO GPU Direct RDMA Disabled for GPU c7000 / HCA 1 (distance 7 > 4)
x3004c0s31b0n0:13626:17858 [3] NCCL INFO Allocated 4194656 bytes of shared memory in /dev/shm/nccl-szEmhv

x3004c0s31b0n0:13626:17858 [3] NCCL INFO New proxy send connection 4 from local rank 3, transport 2
x3004c0s31b0n0:13625:17853 [2] NCCL INFO New proxy recv connection 4 from local rank 2, transport 0
x3004c0s31b0n0:13624:17706 [1] NCCL INFO Channel 03/0 : 15[c7000] -> 17[46000] [receive] via NET/IB/0
x3004c0s31b0n0:13625:17708 [2] NCCL INFO Connection to proxy localRank 2 -> connection 0x14fbcc000d80
x3004c0s31b0n0:13625:17853 [2] NCCL INFO transport/p2p.cc:449 Cuda Alloc Size 6291456 pointer 0x14fbc7800000
x3004c0s31b0n0:13626:17705 [3] NCCL INFO Connection to proxy localRank 3 -> connection 0x14c48c000d80
x3004c0s31b0n0:13626:17705 [3] NCCL INFO Channel 00/0 : 19[c7000] -> 1[46000] [send] via NET/IB/1
x3004c0s31b0n0:13626:17705 [3] NCCL INFO GPU Direct RDMA Disabled for GPU c7000 / HCA 0 (distance 6 > 4)
x3004c0s31b0n0:13626:17858 [3] NCCL INFO New proxy send connection 5 from local rank 3, transport 2
x3004c0s31b0n0:13625:17853 [2] NCCL INFO New proxy recv connection 5 from local rank 2, transport 0
x3004c0s31b0n0:13626:17705 [3] NCCL INFO Connection to proxy localRank 3 -> connection 0x14c48c000dc0
x3004c0s31b0n0:13626:17705 [3] NCCL INFO Channel 01/0 : 19[c7000] -> 1[46000] [send] via NET/IB/0
x3004c0s31b0n0:13626:17705 [3] NCCL INFO GPU Direct RDMA Disabled for GPU c7000 / HCA 1 (distance 7 > 4)
x3004c0s31b0n0:13626:17858 [3] NCCL INFO New proxy send connection 6 from local rank 3, transport 2
x3004c0s31b0n0:13625:17708 [2] NCCL INFO Connection to proxy localRank 2 -> connection 0x14fbcc000dc0
x3004c0s31b0n0:13625:17853 [2] NCCL INFO transport/p2p.cc:449 Cuda Alloc Size 6291456 pointer 0x14fbc4000000
x3004c0s31b0n0:13626:17705 [3] NCCL INFO Connection to proxy localRank 3 -> connection 0x14c48c000e00
x3004c0s31b0n0:13626:17705 [3] NCCL INFO Channel 02/0 : 19[c7000] -> 1[46000] [send] via NET/IB/1
x3004c0s31b0n0:13626:17705 [3] NCCL INFO GPU Direct RDMA Disabled for GPU c7000 / HCA 0 (distance 6 > 4)
x3004c0s31b0n0:13626:17858 [3] NCCL INFO New proxy send connection 7 from local rank 3, transport 2
x3004c0s31b0n0:13625:17853 [2] NCCL INFO New proxy recv connection 6 from local rank 2, transport 0
x3004c0s31b0n0:13626:17705 [3] NCCL INFO Connection to proxy localRank 3 -> connection 0x14c48c000e40
x3004c0s31b0n0:13626:17705 [3] NCCL INFO Channel 03/0 : 19[c7000] -> 1[46000] [send] via NET/IB/0
x3004c0s31b0n0:13626:17858 [3] NCCL INFO transport/net_ib.cc:596 Ib Alloc Size 26560 pointer 0x14c48c01f000
x3004c0s31b0n0:13625:17708 [2] NCCL INFO Connection to proxy localRank 2 -> connection 0x14fbcc000e00
x3004c0s31b0n0:13625:17853 [2] NCCL INFO transport/p2p.cc:449 Cuda Alloc Size 6291456 pointer 0x14fbc4600000
x3004c0s31b0n0:13626:17858 [3] NCCL INFO NET/IB: Dev 1 Port 1 qpn 21455 mtu 5 GID 0 (80FE/DB0100FEFF000000)
x3004c0s31b0n0:13626:17858 [3] NCCL INFO transport/net_ib.cc:653 Ib Alloc Size 552 pointer 0x14c48c037000
x3004c0s31b0n0:13626:17858 [3] NCCL INFO transport/net.cc:571 Cuda Host Alloc Size 9641984 pointer 0x14c486000000
x3004c0s31b0n0:13626:17858 [3] NCCL INFO transport/net_ib.cc:596 Ib Alloc Size 26560 pointer 0x14c48c039000
x3004c0s31b0n0:13625:17853 [2] NCCL INFO New proxy recv connection 7 from local rank 2, transport 0
x3004c0s31b0n0:13625:17708 [2] NCCL INFO Connection to proxy localRank 2 -> connection 0x14fbcc000e40
x3004c0s31b0n0:13626:17858 [3] NCCL INFO NET/IB: Dev 0 Port 1 qpn 23793 mtu 5 GID 0 (80FE/9E0100FEFF000000)
x3004c0s31b0n0:13626:17858 [3] NCCL INFO transport/net_ib.cc:653 Ib Alloc Size 552 pointer 0x14c48c051000
x3004c0s31b0n0:13626:17858 [3] NCCL INFO transport/net.cc:571 Cuda Host Alloc Size 9641984 pointer 0x14c486a00000
x3004c0s31b0n0:13624:17848 [1] NCCL INFO transport/net_ib.cc:683 Ib Alloc Size 21688 pointer 0x147bd801d000
x3004c0s31b0n0:13625:17853 [2] NCCL INFO transport/p2p.cc:449 Cuda Alloc Size 6291456 pointer 0x14fbc4c00000
x3004c0s31b0n0:13626:17858 [3] NCCL INFO transport/net_ib.cc:596 Ib Alloc Size 26560 pointer 0x14c48c053000
x3004c0s31b0n0:13626:17858 [3] NCCL INFO NET/IB: Dev 1 Port 1 qpn 21456 mtu 5 GID 0 (80FE/DB0100FEFF000000)
x3004c0s31b0n0:13626:17858 [3] NCCL INFO transport/net_ib.cc:653 Ib Alloc Size 552 pointer 0x14c48c06a000
x3004c0s31b0n0:13626:17858 [3] NCCL INFO transport/net.cc:571 Cuda Host Alloc Size 9641984 pointer 0x14c487400000
x3004c0s31b0n0:13624:17848 [1] NCCL INFO transport/net_ib.cc:696 Ib Alloc Size 552 pointer 0x147bd8024000
x3004c0s31b0n0:13625:17708 [2] NCCL INFO Connected all rings
x3004c0s31b0n0:13625:17853 [2] NCCL INFO New proxy recv connection 8 from local rank 2, transport 0
x3004c0s31b0n0:13623:17847 [0] NCCL INFO New proxy recv connection 4 from local rank 0, transport 0
x3004c0s31b0n0:13626:17858 [3] NCCL INFO transport/net_ib.cc:596 Ib Alloc Size 26560 pointer 0x14c48c06c000
x3004c0s31b0n0:13624:17848 [1] NCCL INFO transport/net_ib.cc:771 Ib Alloc Size 552 pointer 0x147bd8041000
x3004c0s31b0n0:13624:17848 [1] NCCL INFO transport/net.cc:698 Cuda Host Alloc Size 9641984 pointer 0x147c52a00000
x3004c0s31b0n0:13626:17858 [3] NCCL INFO NET/IB: Dev 0 Port 1 qpn 23794 mtu 5 GID 0 (80FE/9E0100FEFF000000)
x3004c0s31b0n0:13626:17858 [3] NCCL INFO transport/net_ib.cc:653 Ib Alloc Size 552 pointer 0x14c48c083000
x3004c0s31b0n0:13626:17858 [3] NCCL INFO transport/net.cc:571 Cuda Host Alloc Size 9641984 pointer 0x14c47e000000
x3004c0s31b0n0:13623:17707 [0] NCCL INFO Connection to proxy localRank 0 -> connection 0x15256c000d80
x3004c0s31b0n0:13623:17847 [0] NCCL INFO transport/p2p.cc:449 Cuda Alloc Size 6291456 pointer 0x152572c00000
x3004c0s31b0n0:13626:17705 [3] NCCL INFO Connected all rings
x3004c0s31b0n0:13626:17705 [3] NCCL INFO Channel 00/0 : 19[c7000] -> 18[85000] via P2P/IPC/read
x3004c0s31b0n0:13626:17858 [3] NCCL INFO New proxy send connection 8 from local rank 3, transport 0
x3004c0s31b0n0:13624:17848 [1] NCCL INFO transport/net_ib.cc:683 Ib Alloc Size 21688 pointer 0x147bd8043000
x3004c0s31b0n0:13624:17848 [1] NCCL INFO transport/net_ib.cc:696 Ib Alloc Size 552 pointer 0x147bd804a000
x3004c0s31b0n0:13625:17708 [2] NCCL INFO Connection to proxy localRank 2 -> connection 0x14fbcc000e80
x3004c0s31b0n0:13624:17848 [1] NCCL INFO transport/net_ib.cc:771 Ib Alloc Size 552 pointer 0x147bd8065000
x3004c0s31b0n0:13624:17848 [1] NCCL INFO transport/net.cc:698 Cuda Host Alloc Size 9641984 pointer 0x147c53400000
x3004c0s31b0n0:13625:17853 [2] NCCL INFO transport/p2p.cc:449 Cuda Alloc Size 6291456 pointer 0x14fbc2c00000
x3004c0s31b0n0:13624:17848 [1] NCCL INFO transport/net_ib.cc:683 Ib Alloc Size 21688 pointer 0x147bd8067000
x3004c0s31b0n0:13624:17848 [1] NCCL INFO transport/net_ib.cc:696 Ib Alloc Size 552 pointer 0x147bd806e000
x3004c0s31b0n0:13624:17848 [1] NCCL INFO transport/net_ib.cc:771 Ib Alloc Size 552 pointer 0x147bd8089000
x3004c0s31b0n0:13624:17848 [1] NCCL INFO transport/net.cc:698 Cuda Host Alloc Size 9641984 pointer 0x147c53e00000
x3004c0s31b0n0:13626:17705 [3] NCCL INFO Connection to proxy localRank 3 -> connection 0x14c48c000e80
x3004c0s31b0n0:13626:17858 [3] NCCL INFO transport/p2p.cc:430 Cuda Alloc Size 6291456 pointer 0x14c47ea00000
x3004c0s31b0n0:13623:17847 [0] NCCL INFO New proxy recv connection 5 from local rank 0, transport 0
x3004c0s31b0n0:13624:17848 [1] NCCL INFO transport/net_ib.cc:683 Ib Alloc Size 21688 pointer 0x147bd808b000
x3004c0s31b0n0:13624:17848 [1] NCCL INFO transport/net_ib.cc:696 Ib Alloc Size 552 pointer 0x147bd8092000
x3004c0s31b0n0:13626:17705 [3] NCCL INFO Channel 01/0 : 19[c7000] -> 18[85000] via P2P/IPC/read
x3004c0s31b0n0:13626:17858 [3] NCCL INFO New proxy send connection 9 from local rank 3, transport 0
x3004c0s31b0n0:13625:17853 [2] NCCL INFO New proxy recv connection 9 from local rank 2, transport 0
x3004c0s31b0n0:13626:17705 [3] NCCL INFO Connection to proxy localRank 3 -> connection 0x14c48c000ec0
x3004c0s31b0n0:13626:17858 [3] NCCL INFO transport/p2p.cc:430 Cuda Alloc Size 6291456 pointer 0x14c47f000000
x3004c0s31b0n0:13623:17707 [0] NCCL INFO Connection to proxy localRank 0 -> connection 0x15256c000dc0
x3004c0s31b0n0:13624:17848 [1] NCCL INFO transport/net_ib.cc:771 Ib Alloc Size 552 pointer 0x147bd80ad000
x3004c0s31b0n0:13624:17848 [1] NCCL INFO transport/net.cc:698 Cuda Host Alloc Size 9641984 pointer 0x147c54800000
x3004c0s31b0n0:13623:17847 [0] NCCL INFO transport/p2p.cc:449 Cuda Alloc Size 6291456 pointer 0x152573200000
x3004c0s31b0n0:13624:17706 [1] NCCL INFO Channel 00/0 : 17[46000] -> 16[7000] via P2P/IPC/read
x3004c0s31b0n0:13624:17848 [1] NCCL INFO New proxy send connection 4 from local rank 1, transport 0
x3004c0s31b0n0:13624:17706 [1] NCCL INFO Connection to proxy localRank 1 -> connection 0x147bd8000d80
x3004c0s31b0n0:13624:17848 [1] NCCL INFO transport/p2p.cc:430 Cuda Alloc Size 6291456 pointer 0x147c55200000
x3004c0s31b0n0:13625:17708 [2] NCCL INFO Connection to proxy localRank 2 -> connection 0x14fbcc000ec0
x3004c0s31b0n0:13625:17853 [2] NCCL INFO transport/p2p.cc:449 Cuda Alloc Size 6291456 pointer 0x14fbc3200000
x3004c0s31b0n0:13626:17705 [3] NCCL INFO Channel 02/0 : 19[c7000] -> 18[85000] via P2P/IPC/read
x3004c0s31b0n0:13626:17858 [3] NCCL INFO New proxy send connection 10 from local rank 3, transport 0
x3004c0s31b0n0:13623:17847 [0] NCCL INFO New proxy recv connection 6 from local rank 0, transport 0
x3004c0s31b0n0:13624:17706 [1] NCCL INFO Channel 01/0 : 17[46000] -> 16[7000] via P2P/IPC/read
x3004c0s31b0n0:13624:17848 [1] NCCL INFO New proxy send connection 5 from local rank 1, transport 0
x3004c0s31b0n0:13625:17853 [2] NCCL INFO New proxy recv connection 10 from local rank 2, transport 0
x3004c0s31b0n0:13626:17705 [3] NCCL INFO Connection to proxy localRank 3 -> connection 0x14c48c000f00
x3004c0s31b0n0:13626:17858 [3] NCCL INFO transport/p2p.cc:430 Cuda Alloc Size 6291456 pointer 0x14c47f600000
x3004c0s31b0n0:13626:17705 [3] NCCL INFO Channel 03/0 : 19[c7000] -> 18[85000] via P2P/IPC/read
x3004c0s31b0n0:13624:17706 [1] NCCL INFO Connection to proxy localRank 1 -> connection 0x147bd8000dc0
x3004c0s31b0n0:13624:17848 [1] NCCL INFO transport/p2p.cc:430 Cuda Alloc Size 6291456 pointer 0x147bd2000000
x3004c0s31b0n0:13623:17707 [0] NCCL INFO Connection to proxy localRank 0 -> connection 0x15256c000e00
x3004c0s31b0n0:13623:17847 [0] NCCL INFO transport/p2p.cc:449 Cuda Alloc Size 6291456 pointer 0x152573800000
x3004c0s31b0n0:13626:17858 [3] NCCL INFO New proxy send connection 11 from local rank 3, transport 0
x3004c0s31b0n0:13625:17708 [2] NCCL INFO Connection to proxy localRank 2 -> connection 0x14fbcc000f00
x3004c0s31b0n0:13625:17853 [2] NCCL INFO transport/p2p.cc:449 Cuda Alloc Size 6291456 pointer 0x14fbc3800000
x3004c0s31b0n0:13626:17705 [3] NCCL INFO Connection to proxy localRank 3 -> connection 0x14c48c000f40
x3004c0s31b0n0:13626:17858 [3] NCCL INFO transport/p2p.cc:430 Cuda Alloc Size 6291456 pointer 0x14c47c000000
x3004c0s31b0n0:13624:17706 [1] NCCL INFO Channel 02/0 : 17[46000] -> 16[7000] via P2P/IPC/read
x3004c0s31b0n0:13624:17848 [1] NCCL INFO New proxy send connection 6 from local rank 1, transport 0
x3004c0s31b0n0:13623:17847 [0] NCCL INFO New proxy recv connection 7 from local rank 0, transport 0
x3004c0s31b0n0:13623:17707 [0] NCCL INFO Connection to proxy localRank 0 -> connection 0x15256c000e40
x3004c0s31b0n0:13623:17847 [0] NCCL INFO transport/p2p.cc:449 Cuda Alloc Size 6291456 pointer 0x15256a000000
x3004c0s31b0n0:13625:17853 [2] NCCL INFO New proxy recv connection 11 from local rank 2, transport 0
x3004c0s31b0n0:13624:17706 [1] NCCL INFO Connection to proxy localRank 1 -> connection 0x147bd8000e00
x3004c0s31b0n0:13624:17848 [1] NCCL INFO transport/p2p.cc:430 Cuda Alloc Size 6291456 pointer 0x147bd2600000
x3004c0s31b0n0:13625:17708 [2] NCCL INFO Connection to proxy localRank 2 -> connection 0x14fbcc000f40
x3004c0s31b0n0:13625:17853 [2] NCCL INFO transport/p2p.cc:449 Cuda Alloc Size 6291456 pointer 0x14fbc0000000
x3004c0s31b0n0:13624:17706 [1] NCCL INFO Channel 03/0 : 17[46000] -> 16[7000] via P2P/IPC/read
x3004c0s31b0n0:13624:17848 [1] NCCL INFO New proxy send connection 7 from local rank 1, transport 0
x3004c0s31b0n0:13624:17706 [1] NCCL INFO Connection to proxy localRank 1 -> connection 0x147bd8000e40
x3004c0s31b0n0:13624:17848 [1] NCCL INFO transport/p2p.cc:430 Cuda Alloc Size 6291456 pointer 0x147bd2c00000
x3004c0s31b0n0:13624:17706 [1] NCCL INFO Connected all rings
x3004c0s31b0n0:13624:17848 [1] NCCL INFO New proxy recv connection 8 from local rank 1, transport 0
x3004c0s31b0n0:13623:17707 [0] NCCL INFO Connected all rings
x3004c0s31b0n0:13623:17707 [0] NCCL INFO Channel 00/0 : 16[7000] -> 17[46000] via P2P/IPC/read
x3004c0s31b0n0:13623:17847 [0] NCCL INFO New proxy send connection 8 from local rank 0, transport 0
x3004c0s31b0n0:13624:17706 [1] NCCL INFO Connection to proxy localRank 1 -> connection 0x147bd8000e80
x3004c0s31b0n0:13623:17707 [0] NCCL INFO Connection to proxy localRank 0 -> connection 0x15256c000e80
x3004c0s31b0n0:13623:17847 [0] NCCL INFO transport/p2p.cc:430 Cuda Alloc Size 6291456 pointer 0x152568000000
x3004c0s31b0n0:13624:17848 [1] NCCL INFO transport/p2p.cc:449 Cuda Alloc Size 6291456 pointer 0x147bcac00000
x3004c0s31b0n0:13624:17848 [1] NCCL INFO New proxy recv connection 9 from local rank 1, transport 0
x3004c0s31b0n0:13623:17707 [0] NCCL INFO Channel 01/0 : 16[7000] -> 17[46000] via P2P/IPC/read
x3004c0s31b0n0:13623:17847 [0] NCCL INFO New proxy send connection 9 from local rank 0, transport 0
x3004c0s31b0n0:13624:17706 [1] NCCL INFO Connection to proxy localRank 1 -> connection 0x147bd8000ec0
x3004c0s31b0n0:13624:17848 [1] NCCL INFO transport/p2p.cc:449 Cuda Alloc Size 6291456 pointer 0x147bcb200000
x3004c0s31b0n0:13624:17848 [1] NCCL INFO New proxy recv connection 10 from local rank 1, transport 0
x3004c0s31b0n0:13623:17707 [0] NCCL INFO Connection to proxy localRank 0 -> connection 0x15256c000ec0
x3004c0s31b0n0:13623:17847 [0] NCCL INFO transport/p2p.cc:430 Cuda Alloc Size 6291456 pointer 0x152568600000
x3004c0s31b0n0:13624:17706 [1] NCCL INFO Connection to proxy localRank 1 -> connection 0x147bd8000f00
x3004c0s31b0n0:13624:17848 [1] NCCL INFO transport/p2p.cc:449 Cuda Alloc Size 6291456 pointer 0x147bcb800000
x3004c0s31b0n0:13623:17707 [0] NCCL INFO Channel 02/0 : 16[7000] -> 17[46000] via P2P/IPC/read
x3004c0s31b0n0:13623:17847 [0] NCCL INFO New proxy send connection 10 from local rank 0, transport 0
x3004c0s31b0n0:13623:17707 [0] NCCL INFO Connection to proxy localRank 0 -> connection 0x15256c000f00
x3004c0s31b0n0:13623:17847 [0] NCCL INFO transport/p2p.cc:430 Cuda Alloc Size 6291456 pointer 0x152568c00000
x3004c0s31b0n0:13624:17848 [1] NCCL INFO New proxy recv connection 11 from local rank 1, transport 0
x3004c0s31b0n0:13623:17707 [0] NCCL INFO Channel 03/0 : 16[7000] -> 17[46000] via P2P/IPC/read
x3004c0s31b0n0:13623:17847 [0] NCCL INFO New proxy send connection 11 from local rank 0, transport 0
x3004c0s31b0n0:13624:17706 [1] NCCL INFO Connection to proxy localRank 1 -> connection 0x147bd8000f40
x3004c0s31b0n0:13624:17848 [1] NCCL INFO transport/p2p.cc:449 Cuda Alloc Size 6291456 pointer 0x147bc8000000
x3004c0s31b0n0:13623:17707 [0] NCCL INFO Connection to proxy localRank 0 -> connection 0x15256c000f40
x3004c0s31b0n0:13623:17847 [0] NCCL INFO transport/p2p.cc:430 Cuda Alloc Size 6291456 pointer 0x152569200000
x3004c0s31b0n0:13624:17706 [1] NCCL INFO Channel 00/0 : 17[46000] -> 18[85000] via P2P/IPC/read
x3004c0s31b0n0:13624:17848 [1] NCCL INFO New proxy send connection 12 from local rank 1, transport 0
x3004c0s31b0n0:13624:17706 [1] NCCL INFO Connection to proxy localRank 1 -> connection 0x147bd8000f80
x3004c0s31b0n0:13624:17848 [1] NCCL INFO transport/p2p.cc:430 Cuda Alloc Size 6291456 pointer 0x147bc8600000
x3004c0s31b0n0:13624:17706 [1] NCCL INFO Channel 01/0 : 17[46000] -> 18[85000] via P2P/IPC/read
x3004c0s31b0n0:13624:17848 [1] NCCL INFO New proxy send connection 13 from local rank 1, transport 0
x3004c0s31b0n0:13624:17706 [1] NCCL INFO Connection to proxy localRank 1 -> connection 0x147bd8000fc0
x3004c0s31b0n0:13624:17848 [1] NCCL INFO transport/p2p.cc:430 Cuda Alloc Size 6291456 pointer 0x147bc8c00000
x3004c0s31b0n0:13624:17706 [1] NCCL INFO Channel 02/0 : 17[46000] -> 18[85000] via P2P/IPC/read
x3004c0s31b0n0:13624:17848 [1] NCCL INFO New proxy send connection 14 from local rank 1, transport 0
x3004c0s31b0n0:13624:17706 [1] NCCL INFO Connection to proxy localRank 1 -> connection 0x147bd8001000
x3004c0s31b0n0:13624:17848 [1] NCCL INFO transport/p2p.cc:430 Cuda Alloc Size 6291456 pointer 0x147bc9200000
x3004c0s31b0n0:13624:17706 [1] NCCL INFO Channel 03/0 : 17[46000] -> 18[85000] via P2P/IPC/read
x3004c0s31b0n0:13624:17848 [1] NCCL INFO New proxy send connection 15 from local rank 1, transport 0
x3004c0s31b0n0:13624:17706 [1] NCCL INFO Connection to proxy localRank 1 -> connection 0x147bd8001040
x3004c0s31b0n0:13624:17848 [1] NCCL INFO transport/p2p.cc:430 Cuda Alloc Size 6291456 pointer 0x147bc9800000
x3004c0s31b0n0:13624:17706 [1] NCCL INFO GPU Direct RDMA Disabled for GPU 46000 / HCA 1 (distance 6 > 4)
x3004c0s31b0n0:13624:17848 [1] NCCL INFO New proxy recv connection 16 from local rank 1, transport 2
x3004c0s31b0n0:13625:17853 [2] NCCL INFO New proxy recv connection 12 from local rank 2, transport 0
x3004c0s31b0n0:13625:17708 [2] NCCL INFO Connection to proxy localRank 2 -> connection 0x14fbcc000f80
x3004c0s31b0n0:13623:17707 [0] NCCL INFO GPU Direct RDMA Disabled for GPU 7000 / HCA 1 (distance 7 > 4)
x3004c0s31b0n0:13623:17847 [0] NCCL INFO Allocated 4194656 bytes of shared memory in /dev/shm/nccl-HBD4yk

x3004c0s31b0n0:13623:17847 [0] NCCL INFO New proxy recv connection 12 from local rank 0, transport 2
x3004c0s31b0n0:13623:17707 [0] NCCL INFO Connection to proxy localRank 0 -> connection 0x15256c000f80
x3004c0s31b0n0:13625:17853 [2] NCCL INFO transport/p2p.cc:449 Cuda Alloc Size 6291456 pointer 0x14fbbe000000
x3004c0s31b0n0:13624:17706 [1] NCCL INFO Connection to proxy localRank 1 -> connection 0x147bd8001080
x3004c0s31b0n0:13625:17853 [2] NCCL INFO New proxy recv connection 13 from local rank 2, transport 0
x3004c0s31b0n0:13623:17707 [0] NCCL INFO Channel 02/0 : 12[7000] -> 16[7000] [receive] via NET/IB/1
x3004c0s31b0n0:13623:17707 [0] NCCL INFO GPU Direct RDMA Disabled for GPU 7000 / HCA 0 (distance 7 > 4)
x3004c0s31b0n0:13623:17847 [0] NCCL INFO New proxy recv connection 13 from local rank 0, transport 2
x3004c0s31b0n0:13624:17706 [1] NCCL INFO Channel 00/0 : 8[7000] -> 17[46000] [receive] via NET/IB/1
x3004c0s31b0n0:13624:17706 [1] NCCL INFO GPU Direct RDMA Disabled for GPU 46000 / HCA 0 (distance 7 > 4)
x3004c0s31b0n0:13624:17848 [1] NCCL INFO New proxy recv connection 17 from local rank 1, transport 2
x3004c0s31b0n0:13625:17708 [2] NCCL INFO Connection to proxy localRank 2 -> connection 0x14fbcc000fc0
x3004c0s31b0n0:13625:17853 [2] NCCL INFO transport/p2p.cc:449 Cuda Alloc Size 6291456 pointer 0x14fbbe600000
x3004c0s31b0n0:13623:17707 [0] NCCL INFO Connection to proxy localRank 0 -> connection 0x15256c000fc0
x3004c0s31b0n0:13625:17853 [2] NCCL INFO New proxy recv connection 14 from local rank 2, transport 0
x3004c0s31b0n0:13624:17706 [1] NCCL INFO Connection to proxy localRank 1 -> connection 0x147bd80010c0
x3004c0s31b0n0:13623:17707 [0] NCCL INFO Channel 03/0 : 12[7000] -> 16[7000] [receive] via NET/IB/0
x3004c0s31b0n0:13623:17707 [0] NCCL INFO GPU Direct RDMA Disabled for GPU 7000 / HCA 1 (distance 7 > 4)
x3004c0s31b0n0:13623:17847 [0] NCCL INFO New proxy send connection 14 from local rank 0, transport 2
x3004c0s31b0n0:13625:17708 [2] NCCL INFO Connection to proxy localRank 2 -> connection 0x14fbcc001000
x3004c0s31b0n0:13625:17853 [2] NCCL INFO transport/p2p.cc:449 Cuda Alloc Size 6291456 pointer 0x14fbbec00000
x3004c0s31b0n0:13624:17706 [1] NCCL INFO Channel 01/0 : 8[7000] -> 17[46000] [receive] via NET/IB/0
x3004c0s31b0n0:13623:17707 [0] NCCL INFO Connection to proxy localRank 0 -> connection 0x15256c001000
x3004c0s31b0n0:13623:17707 [0] NCCL INFO Channel 00/0 : 16[7000] -> 0[7000] [send] via NET/IB/1
x3004c0s31b0n0:13623:17707 [0] NCCL INFO GPU Direct RDMA Disabled for GPU 7000 / HCA 0 (distance 7 > 4)
x3004c0s31b0n0:13623:17847 [0] NCCL INFO New proxy send connection 15 from local rank 0, transport 2
x3004c0s31b0n0:13625:17853 [2] NCCL INFO New proxy recv connection 15 from local rank 2, transport 0
x3004c0s31b0n0:13623:17707 [0] NCCL INFO Connection to proxy localRank 0 -> connection 0x15256c001040
x3004c0s31b0n0:13623:17707 [0] NCCL INFO Channel 01/0 : 16[7000] -> 0[7000] [send] via NET/IB/0
x3004c0s31b0n0:13625:17708 [2] NCCL INFO Connection to proxy localRank 2 -> connection 0x14fbcc001040
x3004c0s31b0n0:13625:17853 [2] NCCL INFO transport/p2p.cc:449 Cuda Alloc Size 6291456 pointer 0x14fbbf200000
x3004c0s31b0n0:13625:17708 [2] NCCL INFO Channel 00/0 : 18[85000] -> 17[46000] via P2P/IPC/read
x3004c0s31b0n0:13625:17853 [2] NCCL INFO New proxy send connection 16 from local rank 2, transport 0
x3004c0s31b0n0:13625:17708 [2] NCCL INFO Connection to proxy localRank 2 -> connection 0x14fbcc001080
x3004c0s31b0n0:13625:17853 [2] NCCL INFO transport/p2p.cc:430 Cuda Alloc Size 6291456 pointer 0x14fbbf800000
x3004c0s31b0n0:13625:17708 [2] NCCL INFO Channel 01/0 : 18[85000] -> 17[46000] via P2P/IPC/read
x3004c0s31b0n0:13625:17853 [2] NCCL INFO New proxy send connection 17 from local rank 2, transport 0
x3004c0s31b0n0:13625:17708 [2] NCCL INFO Connection to proxy localRank 2 -> connection 0x14fbcc0010c0
x3004c0s31b0n0:13623:17847 [0] NCCL INFO transport/net_ib.cc:596 Ib Alloc Size 26560 pointer 0x15256c026000
x3004c0s31b0n0:13623:17847 [0] NCCL INFO NET/IB: Dev 1 Port 1 qpn 21461 mtu 5 GID 0 (80FE/DB0100FEFF000000)
x3004c0s31b0n0:13623:17847 [0] NCCL INFO transport/net_ib.cc:653 Ib Alloc Size 552 pointer 0x15256c03e000
x3004c0s31b0n0:13623:17847 [0] NCCL INFO transport/net.cc:571 Cuda Host Alloc Size 9641984 pointer 0x152567200000
x3004c0s31b0n0:13625:17853 [2] NCCL INFO transport/p2p.cc:430 Cuda Alloc Size 6291456 pointer 0x14fbbc000000
x3004c0s31b0n0:13623:17847 [0] NCCL INFO transport/net_ib.cc:596 Ib Alloc Size 26560 pointer 0x15256c040000
x3004c0s31b0n0:13623:17847 [0] NCCL INFO NET/IB: Dev 0 Port 1 qpn 23799 mtu 5 GID 0 (80FE/9E0100FEFF000000)
x3004c0s31b0n0:13623:17847 [0] NCCL INFO transport/net_ib.cc:653 Ib Alloc Size 552 pointer 0x15256c057000
x3004c0s31b0n0:13623:17847 [0] NCCL INFO transport/net.cc:571 Cuda Host Alloc Size 9641984 pointer 0x15255e000000
x3004c0s31b0n0:13625:17708 [2] NCCL INFO Channel 02/0 : 18[85000] -> 17[46000] via P2P/IPC/read
x3004c0s31b0n0:13625:17853 [2] NCCL INFO New proxy send connection 18 from local rank 2, transport 0
x3004c0s31b0n0:13623:17847 [0] NCCL INFO transport/net_ib.cc:683 Ib Alloc Size 21688 pointer 0x15256c059000
x3004c0s31b0n0:13623:17847 [0] NCCL INFO transport/net_ib.cc:696 Ib Alloc Size 552 pointer 0x15256c060000
x3004c0s31b0n0:13623:17847 [0] NCCL INFO transport/net_ib.cc:771 Ib Alloc Size 552 pointer 0x15256c07c000
x3004c0s31b0n0:13623:17847 [0] NCCL INFO transport/net.cc:698 Cuda Host Alloc Size 9641984 pointer 0x15255ea00000
x3004c0s31b0n0:13625:17708 [2] NCCL INFO Connection to proxy localRank 2 -> connection 0x14fbcc001100
x3004c0s31b0n0:13625:17853 [2] NCCL INFO transport/p2p.cc:430 Cuda Alloc Size 6291456 pointer 0x14fbbc600000
x3004c0s31b0n0:13623:17847 [0] NCCL INFO transport/net_ib.cc:683 Ib Alloc Size 21688 pointer 0x15256c07e000
x3004c0s31b0n0:13623:17847 [0] NCCL INFO transport/net_ib.cc:696 Ib Alloc Size 552 pointer 0x15256c085000
x3004c0s31b0n0:13623:17847 [0] NCCL INFO transport/net_ib.cc:771 Ib Alloc Size 552 pointer 0x15256c0a0000
x3004c0s31b0n0:13623:17847 [0] NCCL INFO transport/net.cc:698 Cuda Host Alloc Size 9641984 pointer 0x15255f400000
x3004c0s31b0n0:13625:17708 [2] NCCL INFO Channel 03/0 : 18[85000] -> 17[46000] via P2P/IPC/read
x3004c0s31b0n0:13625:17853 [2] NCCL INFO New proxy send connection 19 from local rank 2, transport 0
x3004c0s31b0n0:13623:17707 [0] NCCL INFO GPU Direct RDMA Disabled for GPU 7000 / HCA 1 (distance 7 > 4)
x3004c0s31b0n0:13623:17847 [0] NCCL INFO New proxy recv connection 16 from local rank 0, transport 2
x3004c0s31b0n0:13623:17707 [0] NCCL INFO Connection to proxy localRank 0 -> connection 0x15256c001080
x3004c0s31b0n0:13625:17708 [2] NCCL INFO Connection to proxy localRank 2 -> connection 0x14fbcc001140
x3004c0s31b0n0:13625:17853 [2] NCCL INFO transport/p2p.cc:430 Cuda Alloc Size 6291456 pointer 0x14fbbcc00000
x3004c0s31b0n0:13626:17705 [3] NCCL INFO Connected all trees by HAO
x3004c0s31b0n0:13626:17705 [3] NCCL INFO threadThresholds 8/8/64 | 160/8/64 | 512 | 512
x3004c0s31b0n0:13626:17705 [3] NCCL INFO 4 coll channels, 4 p2p channels, 2 p2p channels per peer
x3004c0s31b0n0:13626:17858 [3] NCCL INFO New proxy send connection 12 from local rank 3, transport 2
x3004c0s31b0n0:13626:17705 [3] NCCL INFO Connection to proxy localRank 3 -> connection 0x14c48c000f80
x3004c0s31b0n0:13626:17858 [3] NCCL INFO transport/net.cc:376 Cuda Alloc Size 8388608 pointer 0x14c47a000000
x3004c0s31b0n0:13623:17707 [0] NCCL INFO Channel 00/0 : 0[7000] -> 16[7000] [receive] via NET/IB/1
x3004c0s31b0n0:13623:17707 [0] NCCL INFO GPU Direct RDMA Disabled for GPU 7000 / HCA 0 (distance 7 > 4)
x3004c0s31b0n0:13623:17847 [0] NCCL INFO New proxy recv connection 17 from local rank 0, transport 2
x3004c0s31b0n0:13623:17707 [0] NCCL INFO Connection to proxy localRank 0 -> connection 0x15256c0010c0
x3004c0s31b0n0:13623:17707 [0] NCCL INFO Channel 01/0 : 0[7000] -> 16[7000] [receive] via NET/IB/0
x3004c0s31b0n0:13623:17707 [0] NCCL INFO GPU Direct RDMA Disabled for GPU 7000 / HCA 1 (distance 7 > 4)
x3004c0s31b0n0:13623:17847 [0] NCCL INFO New proxy send connection 18 from local rank 0, transport 2
x3004c0s31b0n0:13623:17707 [0] NCCL INFO Connection to proxy localRank 0 -> connection 0x15256c001100
x3004c0s31b0n0:13624:17848 [1] NCCL INFO transport/net_ib.cc:683 Ib Alloc Size 21688 pointer 0x147bd80be000
