x3103c0s25b1n0:25837:27167 [3] NCCL INFO transport/net_ib.cc:653 Ib Alloc Size 552 pointer 0x14f100065000
x3103c0s25b1n0:25837:27167 [3] NCCL INFO transport/net.cc:571 Cuda Host Alloc Size 9641984 pointer 0x14f0f9600000
x3103c0s25b1n0:25837:27167 [3] NCCL INFO Mem Realloc old size 0, new size 768 pointer 0x14f1000521f0
x3103c0s25b1n0:25835:27157 [1] NCCL INFO transport/net_ib.cc:771 Ib Alloc Size 552 pointer 0x14a2b804b000
x3103c0s25b1n0:25835:27157 [1] NCCL INFO transport/net.cc:698 Cuda Host Alloc Size 9641984 pointer 0x14a2b6000000
x3103c0s25b1n0:25835:27157 [1] NCCL INFO Mem Realloc old size 0, new size 768 pointer 0x14a2b80406b0
x3103c0s25b1n0:25836:26961 [2] NCCL INFO Connection to proxy localRank 2 -> connection 0x154f5c000e00
x3103c0s25b1n0:25836:27158 [2] NCCL INFO transport/p2p.cc:449 Cuda Alloc Size 6291456 pointer 0x154f5b800000
x3103c0s25b1n0:25835:27157 [1] NCCL INFO transport/net_ib.cc:683 Ib Alloc Size 21688 pointer 0x14a2b804d000
x3103c0s25b1n0:25837:27167 [3] NCCL INFO transport/net_ib.cc:596 Ib Alloc Size 26560 pointer 0x14f100067000
x3103c0s25b1n0:25836:27158 [2] NCCL INFO New proxy recv connection 7 from local rank 2, transport 0
x3103c0s25b1n0:25837:27167 [3] NCCL INFO NET/IB: Dev 1 Port 1 qpn 10007 mtu 5 GID 0 (80FE/5A2100FEFF000000)
x3103c0s25b1n0:25837:27167 [3] NCCL INFO transport/net_ib.cc:653 Ib Alloc Size 552 pointer 0x14f10007e000
x3103c0s25b1n0:25837:27167 [3] NCCL INFO transport/net.cc:571 Cuda Host Alloc Size 9641984 pointer 0x14f0f6000000
x3103c0s25b1n0:25835:27157 [1] NCCL INFO transport/net_ib.cc:696 Ib Alloc Size 552 pointer 0x14a2b8054000
x3103c0s25b1n0:25836:26961 [2] NCCL INFO Connection to proxy localRank 2 -> connection 0x154f5c000e40
x3103c0s25b1n0:25836:27158 [2] NCCL INFO transport/p2p.cc:449 Cuda Alloc Size 6291456 pointer 0x154f58000000
x3103c0s25b1n0:25835:27157 [1] NCCL INFO transport/net_ib.cc:771 Ib Alloc Size 552 pointer 0x14a2b8079000
x3103c0s25b1n0:25835:27157 [1] NCCL INFO transport/net.cc:698 Cuda Host Alloc Size 9641984 pointer 0x14a2b6a00000
x3103c0s25b1n0:25835:27157 [1] NCCL INFO Mem Realloc old size 0, new size 768 pointer 0x14a2b806e880
x3103c0s25b1n0:25837:27167 [3] NCCL INFO transport/net_ib.cc:596 Ib Alloc Size 26560 pointer 0x14f100080000
x3103c0s25b1n0:25835:27157 [1] NCCL INFO transport/net_ib.cc:683 Ib Alloc Size 21688 pointer 0x14a2b807b000
x3103c0s25b1n0:25835:27157 [1] NCCL INFO transport/net_ib.cc:696 Ib Alloc Size 552 pointer 0x14a2b8082000
x3103c0s25b1n0:25837:27167 [3] NCCL INFO NET/IB: Dev 0 Port 1 qpn 14905 mtu 5 GID 0 (80FE/82100FEFF000000)
x3103c0s25b1n0:25837:27167 [3] NCCL INFO transport/net_ib.cc:653 Ib Alloc Size 552 pointer 0x14f100097000
x3103c0s25b1n0:25836:26961 [2] NCCL INFO Connected all rings
x3103c0s25b1n0:25834:27156 [0] NCCL INFO New proxy recv connection 4 from local rank 0, transport 0
x3103c0s25b1n0:25837:27167 [3] NCCL INFO transport/net.cc:571 Cuda Host Alloc Size 9641984 pointer 0x14f0f6a00000
x3103c0s25b1n0:25834:26975 [0] NCCL INFO Connection to proxy localRank 0 -> connection 0x149b9c000d80
x3103c0s25b1n0:25834:27156 [0] NCCL INFO transport/p2p.cc:449 Cuda Alloc Size 6291456 pointer 0x149b9ac00000
x3103c0s25b1n0:25836:27158 [2] NCCL INFO New proxy recv connection 8 from local rank 2, transport 0
x3103c0s25b1n0:25835:27157 [1] NCCL INFO transport/net_ib.cc:771 Ib Alloc Size 552 pointer 0x14a2b809d000
x3103c0s25b1n0:25835:27157 [1] NCCL INFO transport/net.cc:698 Cuda Host Alloc Size 9641984 pointer 0x14a2b7400000
x3103c0s25b1n0:25837:26974 [3] NCCL INFO Connected all rings
x3103c0s25b1n0:25837:26974 [3] NCCL INFO Channel 00/0 : 7[c7000] -> 6[85000] via P2P/IPC/read
x3103c0s25b1n0:25837:27167 [3] NCCL INFO New proxy send connection 8 from local rank 3, transport 0
x3103c0s25b1n0:25835:27157 [1] NCCL INFO transport/net_ib.cc:683 Ib Alloc Size 21688 pointer 0x14a2b809f000
x3103c0s25b1n0:25835:27157 [1] NCCL INFO transport/net_ib.cc:696 Ib Alloc Size 552 pointer 0x14a2b80a6000
x3103c0s25b1n0:25835:27157 [1] NCCL INFO transport/net_ib.cc:771 Ib Alloc Size 552 pointer 0x14a2b80c1000
x3103c0s25b1n0:25835:27157 [1] NCCL INFO transport/net.cc:698 Cuda Host Alloc Size 9641984 pointer 0x14a2b4000000
x3103c0s25b1n0:25836:26961 [2] NCCL INFO Connection to proxy localRank 2 -> connection 0x154f5c000e80
x3103c0s25b1n0:25836:27158 [2] NCCL INFO transport/p2p.cc:449 Cuda Alloc Size 6291456 pointer 0x154f56000000
x3103c0s25b1n0:25834:27156 [0] NCCL INFO New proxy recv connection 5 from local rank 0, transport 0
x3103c0s25b1n0:25836:27158 [2] NCCL INFO New proxy recv connection 9 from local rank 2, transport 0
x3103c0s25b1n0:25836:26961 [2] NCCL INFO Connection to proxy localRank 2 -> connection 0x154f5c000ec0
x3103c0s25b1n0:25837:26974 [3] NCCL INFO Connection to proxy localRank 3 -> connection 0x14f100000e80
x3103c0s25b1n0:25837:27167 [3] NCCL INFO transport/p2p.cc:430 Cuda Alloc Size 6291456 pointer 0x14f0f7400000
x3103c0s25b1n0:25835:26965 [1] NCCL INFO Channel 00/0 : 5[46000] -> 4[7000] via P2P/IPC/read
x3103c0s25b1n0:25835:27157 [1] NCCL INFO New proxy send connection 4 from local rank 1, transport 0
x3103c0s25b1n0:25836:27158 [2] NCCL INFO transport/p2p.cc:449 Cuda Alloc Size 6291456 pointer 0x154f56600000
x3103c0s25b1n0:25834:26975 [0] NCCL INFO Connection to proxy localRank 0 -> connection 0x149b9c000dc0
x3103c0s25b1n0:25834:27156 [0] NCCL INFO transport/p2p.cc:449 Cuda Alloc Size 6291456 pointer 0x149b9b200000
x3103c0s25b1n0:25836:27158 [2] NCCL INFO New proxy recv connection 10 from local rank 2, transport 0
x3103c0s25b1n0:25834:27156 [0] NCCL INFO New proxy recv connection 6 from local rank 0, transport 0
x3103c0s25b1n0:25837:26974 [3] NCCL INFO Channel 01/0 : 7[c7000] -> 6[85000] via P2P/IPC/read
x3103c0s25b1n0:25837:27167 [3] NCCL INFO New proxy send connection 9 from local rank 3, transport 0
x3103c0s25b1n0:25835:26965 [1] NCCL INFO Connection to proxy localRank 1 -> connection 0x14a2b8000d80
x3103c0s25b1n0:25835:27157 [1] NCCL INFO transport/p2p.cc:430 Cuda Alloc Size 6291456 pointer 0x14a2b4a00000
x3103c0s25b1n0:25835:26965 [1] NCCL INFO Channel 01/0 : 5[46000] -> 4[7000] via P2P/IPC/read
x3103c0s25b1n0:25835:27157 [1] NCCL INFO New proxy send connection 5 from local rank 1, transport 0
x3103c0s25b1n0:25836:26961 [2] NCCL INFO Connection to proxy localRank 2 -> connection 0x154f5c000f00
x3103c0s25b1n0:25836:27158 [2] NCCL INFO transport/p2p.cc:449 Cuda Alloc Size 6291456 pointer 0x154f56c00000
x3103c0s25b1n0:25834:26975 [0] NCCL INFO Connection to proxy localRank 0 -> connection 0x149b9c000e00
x3103c0s25b1n0:25834:27156 [0] NCCL INFO transport/p2p.cc:449 Cuda Alloc Size 6291456 pointer 0x149b9b800000
x3103c0s25b1n0:25837:26974 [3] NCCL INFO Connection to proxy localRank 3 -> connection 0x14f100000ec0
x3103c0s25b1n0:25837:27167 [3] NCCL INFO transport/p2p.cc:430 Cuda Alloc Size 6291456 pointer 0x14f0f7a00000
x3103c0s25b1n0:25836:27158 [2] NCCL INFO New proxy recv connection 11 from local rank 2, transport 0
x3103c0s25b1n0:25834:27156 [0] NCCL INFO New proxy recv connection 7 from local rank 0, transport 0
x3103c0s25b1n0:25835:26965 [1] NCCL INFO Connection to proxy localRank 1 -> connection 0x14a2b8000dc0
x3103c0s25b1n0:25835:27157 [1] NCCL INFO transport/p2p.cc:430 Cuda Alloc Size 6291456 pointer 0x14a2b5000000
x3103c0s25b1n0:25837:26974 [3] NCCL INFO Channel 02/0 : 7[c7000] -> 6[85000] via P2P/IPC/read
x3103c0s25b1n0:25837:27167 [3] NCCL INFO New proxy send connection 10 from local rank 3, transport 0
x3103c0s25b1n0:25836:26961 [2] NCCL INFO Connection to proxy localRank 2 -> connection 0x154f5c000f40
x3103c0s25b1n0:25836:27158 [2] NCCL INFO transport/p2p.cc:449 Cuda Alloc Size 6291456 pointer 0x154f57200000
x3103c0s25b1n0:25834:26975 [0] NCCL INFO Connection to proxy localRank 0 -> connection 0x149b9c000e40
x3103c0s25b1n0:25834:27156 [0] NCCL INFO transport/p2p.cc:449 Cuda Alloc Size 6291456 pointer 0x149b98000000
x3103c0s25b1n0:25835:26965 [1] NCCL INFO Channel 02/0 : 5[46000] -> 4[7000] via P2P/IPC/read
x3103c0s25b1n0:25835:27157 [1] NCCL INFO New proxy send connection 6 from local rank 1, transport 0
x3103c0s25b1n0:25837:26974 [3] NCCL INFO Connection to proxy localRank 3 -> connection 0x14f100000f00
x3103c0s25b1n0:25837:27167 [3] NCCL INFO transport/p2p.cc:430 Cuda Alloc Size 6291456 pointer 0x14f0ee000000
x3103c0s25b1n0:25835:26965 [1] NCCL INFO Connection to proxy localRank 1 -> connection 0x14a2b8000e00
x3103c0s25b1n0:25835:27157 [1] NCCL INFO transport/p2p.cc:430 Cuda Alloc Size 6291456 pointer 0x14a2b5600000
x3103c0s25b1n0:25837:26974 [3] NCCL INFO Channel 03/0 : 7[c7000] -> 6[85000] via P2P/IPC/read
x3103c0s25b1n0:25837:27167 [3] NCCL INFO New proxy send connection 11 from local rank 3, transport 0
x3103c0s25b1n0:25837:26974 [3] NCCL INFO Connection to proxy localRank 3 -> connection 0x14f100000f40
x3103c0s25b1n0:25837:27167 [3] NCCL INFO transport/p2p.cc:430 Cuda Alloc Size 6291456 pointer 0x14f0ee600000
x3103c0s25b1n0:25835:26965 [1] NCCL INFO Channel 03/0 : 5[46000] -> 4[7000] via P2P/IPC/read
x3103c0s25b1n0:25835:27157 [1] NCCL INFO New proxy send connection 7 from local rank 1, transport 0
x3103c0s25b1n0:25835:26965 [1] NCCL INFO Connection to proxy localRank 1 -> connection 0x14a2b8000e40
x3103c0s25b1n0:25835:27157 [1] NCCL INFO transport/p2p.cc:430 Cuda Alloc Size 6291456 pointer 0x14a2c7a00000
x3103c0s25b1n0:25835:26965 [1] NCCL INFO Connected all rings
x3103c0s25b1n0:25834:26975 [0] NCCL INFO Connected all rings
x3103c0s25b1n0:25834:26975 [0] NCCL INFO Channel 00/0 : 4[7000] -> 5[46000] via P2P/IPC/read
x3103c0s25b1n0:25835:27157 [1] NCCL INFO New proxy recv connection 8 from local rank 1, transport 0
x3103c0s25b1n0:25834:27156 [0] NCCL INFO New proxy send connection 8 from local rank 0, transport 0
x3103c0s25b1n0:25834:26975 [0] NCCL INFO Connection to proxy localRank 0 -> connection 0x149b9c000e80
x3103c0s25b1n0:25834:27156 [0] NCCL INFO transport/p2p.cc:430 Cuda Alloc Size 6291456 pointer 0x149b96000000
x3103c0s25b1n0:25835:26965 [1] NCCL INFO Connection to proxy localRank 1 -> connection 0x14a2b8000e80
x3103c0s25b1n0:25835:27157 [1] NCCL INFO transport/p2p.cc:449 Cuda Alloc Size 6291456 pointer 0x14a2b3800000
x3103c0s25b1n0:25834:26975 [0] NCCL INFO Channel 01/0 : 4[7000] -> 5[46000] via P2P/IPC/read
x3103c0s25b1n0:25834:27156 [0] NCCL INFO New proxy send connection 9 from local rank 0, transport 0
x3103c0s25b1n0:25835:27157 [1] NCCL INFO New proxy recv connection 9 from local rank 1, transport 0
x3103c0s25b1n0:25835:26965 [1] NCCL INFO Connection to proxy localRank 1 -> connection 0x14a2b8000ec0
x3103c0s25b1n0:25835:27157 [1] NCCL INFO transport/p2p.cc:449 Cuda Alloc Size 6291456 pointer 0x14a2b0000000
x3103c0s25b1n0:25834:26975 [0] NCCL INFO Connection to proxy localRank 0 -> connection 0x149b9c000ec0
x3103c0s25b1n0:25834:27156 [0] NCCL INFO transport/p2p.cc:430 Cuda Alloc Size 6291456 pointer 0x149b96600000
x3103c0s25b1n0:25835:27157 [1] NCCL INFO New proxy recv connection 10 from local rank 1, transport 0
x3103c0s25b1n0:25834:26975 [0] NCCL INFO Channel 02/0 : 4[7000] -> 5[46000] via P2P/IPC/read
x3103c0s25b1n0:25834:27156 [0] NCCL INFO New proxy send connection 10 from local rank 0, transport 0
x3103c0s25b1n0:25835:26965 [1] NCCL INFO Connection to proxy localRank 1 -> connection 0x14a2b8000f00
x3103c0s25b1n0:25835:27157 [1] NCCL INFO transport/p2p.cc:449 Cuda Alloc Size 6291456 pointer 0x14a2b0600000
x3103c0s25b1n0:25834:26975 [0] NCCL INFO Connection to proxy localRank 0 -> connection 0x149b9c000f00
x3103c0s25b1n0:25834:27156 [0] NCCL INFO transport/p2p.cc:430 Cuda Alloc Size 6291456 pointer 0x149b96c00000
x3103c0s25b1n0:25835:27157 [1] NCCL INFO New proxy recv connection 11 from local rank 1, transport 0
x3103c0s25b1n0:25834:26975 [0] NCCL INFO Channel 03/0 : 4[7000] -> 5[46000] via P2P/IPC/read
x3103c0s25b1n0:25834:27156 [0] NCCL INFO New proxy send connection 11 from local rank 0, transport 0
x3103c0s25b1n0:25835:26965 [1] NCCL INFO Connection to proxy localRank 1 -> connection 0x14a2b8000f40
x3103c0s25b1n0:25835:27157 [1] NCCL INFO transport/p2p.cc:449 Cuda Alloc Size 6291456 pointer 0x14a2b0c00000
x3103c0s25b1n0:25834:26975 [0] NCCL INFO Connection to proxy localRank 0 -> connection 0x149b9c000f40
x3103c0s25b1n0:25834:27156 [0] NCCL INFO transport/p2p.cc:430 Cuda Alloc Size 6291456 pointer 0x149b97200000
x3103c0s25b1n0:25835:26965 [1] NCCL INFO Channel 00/0 : 5[46000] -> 6[85000] via P2P/IPC/read
x3103c0s25b1n0:25835:27157 [1] NCCL INFO New proxy send connection 12 from local rank 1, transport 0
x3103c0s25b1n0:25835:26965 [1] NCCL INFO Connection to proxy localRank 1 -> connection 0x14a2b8000f80
x3103c0s25b1n0:25835:27157 [1] NCCL INFO transport/p2p.cc:430 Cuda Alloc Size 6291456 pointer 0x14a2b1200000
x3103c0s25b1n0:25835:26965 [1] NCCL INFO Channel 01/0 : 5[46000] -> 6[85000] via P2P/IPC/read
x3103c0s25b1n0:25835:27157 [1] NCCL INFO New proxy send connection 13 from local rank 1, transport 0
x3103c0s25b1n0:25835:26965 [1] NCCL INFO Connection to proxy localRank 1 -> connection 0x14a2b8000fc0
x3103c0s25b1n0:25835:27157 [1] NCCL INFO transport/p2p.cc:430 Cuda Alloc Size 6291456 pointer 0x14a2b1800000
x3103c0s25b1n0:25835:26965 [1] NCCL INFO Channel 02/0 : 5[46000] -> 6[85000] via P2P/IPC/read
x3103c0s25b1n0:25835:27157 [1] NCCL INFO New proxy send connection 14 from local rank 1, transport 0
x3103c0s25b1n0:25835:26965 [1] NCCL INFO Connection to proxy localRank 1 -> connection 0x14a2b8001000
x3103c0s25b1n0:25835:27157 [1] NCCL INFO transport/p2p.cc:430 Cuda Alloc Size 6291456 pointer 0x14a2ae000000
x3103c0s25b1n0:25835:26965 [1] NCCL INFO Channel 03/0 : 5[46000] -> 6[85000] via P2P/IPC/read
x3103c0s25b1n0:25835:27157 [1] NCCL INFO New proxy send connection 15 from local rank 1, transport 0
x3103c0s25b1n0:25835:26965 [1] NCCL INFO Connection to proxy localRank 1 -> connection 0x14a2b8001040
x3103c0s25b1n0:25835:27157 [1] NCCL INFO transport/p2p.cc:430 Cuda Alloc Size 6291456 pointer 0x14a2ae600000
x3103c0s25b1n0:25835:26965 [1] NCCL INFO GPU Direct RDMA Disabled for GPU 46000 / HCA 1 (distance 6 > 4)
x3103c0s25b1n0:25836:27158 [2] NCCL INFO New proxy recv connection 12 from local rank 2, transport 0
x3103c0s25b1n0:25836:26961 [2] NCCL INFO Connection to proxy localRank 2 -> connection 0x154f5c000f80
x3103c0s25b1n0:25836:27158 [2] NCCL INFO transport/p2p.cc:449 Cuda Alloc Size 6291456 pointer 0x154f55200000
x3103c0s25b1n0:25835:27157 [1] NCCL INFO New proxy send connection 16 from local rank 1, transport 2
x3103c0s25b1n0:25834:26975 [0] NCCL INFO GPU Direct RDMA Disabled for GPU 7000 / HCA 1 (distance 7 > 4)
x3103c0s25b1n0:25834:27156 [0] NCCL INFO Allocated 4194656 bytes of shared memory in /dev/shm/nccl-BEvqfE

x3103c0s25b1n0:25834:27156 [0] NCCL INFO New proxy recv connection 12 from local rank 0, transport 2
x3103c0s25b1n0:25834:26975 [0] NCCL INFO Connection to proxy localRank 0 -> connection 0x149b9c000f80
x3103c0s25b1n0:25836:27158 [2] NCCL INFO New proxy recv connection 13 from local rank 2, transport 0
x3103c0s25b1n0:25835:26965 [1] NCCL INFO Connection to proxy localRank 1 -> connection 0x14a2b8001080
x3103c0s25b1n0:25835:26965 [1] NCCL INFO Channel 02/0 : 5[46000] -> 12[7000] [send] via NET/IB/1
x3103c0s25b1n0:25835:26965 [1] NCCL INFO GPU Direct RDMA Disabled for GPU 46000 / HCA 0 (distance 7 > 4)
x3103c0s25b1n0:25835:27157 [1] NCCL INFO New proxy send connection 17 from local rank 1, transport 2
x3103c0s25b1n0:25834:26975 [0] NCCL INFO Channel 02/0 : 0[7000] -> 4[7000] [receive] via NET/IB/1
x3103c0s25b1n0:25834:26975 [0] NCCL INFO GPU Direct RDMA Disabled for GPU 7000 / HCA 0 (distance 7 > 4)
x3103c0s25b1n0:25834:27156 [0] NCCL INFO New proxy recv connection 13 from local rank 0, transport 2
x3103c0s25b1n0:25836:26961 [2] NCCL INFO Connection to proxy localRank 2 -> connection 0x154f5c000fc0
x3103c0s25b1n0:25836:27158 [2] NCCL INFO transport/p2p.cc:449 Cuda Alloc Size 6291456 pointer 0x154f55800000
x3103c0s25b1n0:25835:26965 [1] NCCL INFO Connection to proxy localRank 1 -> connection 0x14a2b80010c0
x3103c0s25b1n0:25835:26965 [1] NCCL INFO Channel 03/0 : 5[46000] -> 12[7000] [send] via NET/IB/0
x3103c0s25b1n0:25834:26975 [0] NCCL INFO Connection to proxy localRank 0 -> connection 0x149b9c000fc0
x3103c0s25b1n0:25836:27158 [2] NCCL INFO New proxy recv connection 14 from local rank 2, transport 0
x3103c0s25b1n0:25834:26975 [0] NCCL INFO Channel 03/0 : 0[7000] -> 4[7000] [receive] via NET/IB/0
x3103c0s25b1n0:25836:26961 [2] NCCL INFO Connection to proxy localRank 2 -> connection 0x154f5c001000
x3103c0s25b1n0:25836:27158 [2] NCCL INFO transport/p2p.cc:449 Cuda Alloc Size 6291456 pointer 0x154f52000000
x3103c0s25b1n0:25836:27158 [2] NCCL INFO New proxy recv connection 15 from local rank 2, transport 0
x3103c0s25b1n0:25836:26961 [2] NCCL INFO Connection to proxy localRank 2 -> connection 0x154f5c001040
x3103c0s25b1n0:25836:27158 [2] NCCL INFO transport/p2p.cc:449 Cuda Alloc Size 6291456 pointer 0x154f52600000
x3103c0s25b1n0:25834:27156 [0] NCCL INFO transport/net_ib.cc:683 Ib Alloc Size 21688 pointer 0x149b9c01c000
x3103c0s25b1n0:25834:27156 [0] NCCL INFO transport/net_ib.cc:696 Ib Alloc Size 552 pointer 0x149b9c023000
x3103c0s25b1n0:25836:26961 [2] NCCL INFO Channel 00/0 : 6[85000] -> 5[46000] via P2P/IPC/read
x3103c0s25b1n0:25836:27158 [2] NCCL INFO New proxy send connection 16 from local rank 2, transport 0
x3103c0s25b1n0:25834:27156 [0] NCCL INFO transport/net_ib.cc:771 Ib Alloc Size 552 pointer 0x149b9c04a000
x3103c0s25b1n0:25834:27156 [0] NCCL INFO transport/net.cc:698 Cuda Host Alloc Size 9641984 pointer 0x149b95200000
x3103c0s25b1n0:25834:27156 [0] NCCL INFO Mem Realloc old size 0, new size 768 pointer 0x149b9c03f4d0
x3103c0s25b1n0:25834:27156 [0] NCCL INFO transport/net_ib.cc:683 Ib Alloc Size 21688 pointer 0x149b9c04c000
x3103c0s25b1n0:25834:27156 [0] NCCL INFO transport/net_ib.cc:696 Ib Alloc Size 552 pointer 0x149b9c053000
x3103c0s25b1n0:25836:26961 [2] NCCL INFO Connection to proxy localRank 2 -> connection 0x154f5c001080
x3103c0s25b1n0:25836:27158 [2] NCCL INFO transport/p2p.cc:430 Cuda Alloc Size 6291456 pointer 0x154f52c00000
x3103c0s25b1n0:25834:27156 [0] NCCL INFO transport/net_ib.cc:771 Ib Alloc Size 552 pointer 0x149b9c078000
x3103c0s25b1n0:25834:27156 [0] NCCL INFO transport/net.cc:698 Cuda Host Alloc Size 9641984 pointer 0x149b8e000000
x3103c0s25b1n0:25834:27156 [0] NCCL INFO Mem Realloc old size 0, new size 768 pointer 0x149b9c04b210
x3103c0s25b1n0:25836:26961 [2] NCCL INFO Channel 01/0 : 6[85000] -> 5[46000] via P2P/IPC/read
x3103c0s25b1n0:25836:27158 [2] NCCL INFO New proxy send connection 17 from local rank 2, transport 0
x3103c0s25b1n0:25834:26975 [0] NCCL INFO GPU Direct RDMA Disabled for GPU 7000 / HCA 1 (distance 7 > 4)
x3103c0s25b1n0:25834:27156 [0] NCCL INFO New proxy send connection 14 from local rank 0, transport 2
x3103c0s25b1n0:25836:26961 [2] NCCL INFO Connection to proxy localRank 2 -> connection 0x154f5c0010c0
x3103c0s25b1n0:25836:27158 [2] NCCL INFO transport/p2p.cc:430 Cuda Alloc Size 6291456 pointer 0x154f53200000
x3103c0s25b1n0:25834:26975 [0] NCCL INFO Connection to proxy localRank 0 -> connection 0x149b9c001000
x3103c0s25b1n0:25834:26975 [0] NCCL INFO Channel 00/0 : 4[7000] -> 9[46000] [send] via NET/IB/1
x3103c0s25b1n0:25834:26975 [0] NCCL INFO GPU Direct RDMA Disabled for GPU 7000 / HCA 0 (distance 7 > 4)
x3103c0s25b1n0:25834:27156 [0] NCCL INFO New proxy send connection 15 from local rank 0, transport 2
x3103c0s25b1n0:25834:26975 [0] NCCL INFO Connection to proxy localRank 0 -> connection 0x149b9c001040
x3103c0s25b1n0:25834:26975 [0] NCCL INFO Channel 01/0 : 4[7000] -> 9[46000] [send] via NET/IB/0
x3103c0s25b1n0:25834:27156 [0] NCCL INFO transport/net_ib.cc:596 Ib Alloc Size 26560 pointer 0x149b9c084000
x3103c0s25b1n0:25836:26961 [2] NCCL INFO Channel 02/0 : 6[85000] -> 5[46000] via P2P/IPC/read
x3103c0s25b1n0:25836:27158 [2] NCCL INFO New proxy send connection 18 from local rank 2, transport 0
x3103c0s25b1n0:25834:27156 [0] NCCL INFO NET/IB: Dev 1 Port 1 qpn 10012 mtu 5 GID 0 (80FE/5A2100FEFF000000)
x3103c0s25b1n0:25834:27156 [0] NCCL INFO transport/net_ib.cc:653 Ib Alloc Size 552 pointer 0x149b9c09b000
x3103c0s25b1n0:25834:27156 [0] NCCL INFO transport/net.cc:571 Cuda Host Alloc Size 9641984 pointer 0x149b8ea00000
x3103c0s25b1n0:25834:27156 [0] NCCL INFO transport/net_ib.cc:596 Ib Alloc Size 26560 pointer 0x149b9c09d000
x3103c0s25b1n0:25836:26961 [2] NCCL INFO Connection to proxy localRank 2 -> connection 0x154f5c001100
x3103c0s25b1n0:25836:27158 [2] NCCL INFO transport/p2p.cc:430 Cuda Alloc Size 6291456 pointer 0x154f53800000
x3103c0s25b1n0:25834:27156 [0] NCCL INFO NET/IB: Dev 0 Port 1 qpn 14910 mtu 5 GID 0 (80FE/82100FEFF000000)
x3103c0s25b1n0:25834:27156 [0] NCCL INFO transport/net_ib.cc:653 Ib Alloc Size 552 pointer 0x149b9c0b4000
x3103c0s25b1n0:25834:27156 [0] NCCL INFO transport/net.cc:571 Cuda Host Alloc Size 9641984 pointer 0x149b8f400000
x3103c0s25b1n0:25834:26975 [0] NCCL INFO GPU Direct RDMA Disabled for GPU 7000 / HCA 1 (distance 7 > 4)
x3103c0s25b1n0:25836:26961 [2] NCCL INFO Channel 03/0 : 6[85000] -> 5[46000] via P2P/IPC/read
x3103c0s25b1n0:25836:27158 [2] NCCL INFO New proxy send connection 19 from local rank 2, transport 0
x3103c0s25b1n0:25834:27156 [0] NCCL INFO New proxy recv connection 16 from local rank 0, transport 2
x3103c0s25b1n0:25836:26961 [2] NCCL INFO Connection to proxy localRank 2 -> connection 0x154f5c001140
x3103c0s25b1n0:25836:27158 [2] NCCL INFO transport/p2p.cc:430 Cuda Alloc Size 6291456 pointer 0x154f50000000
x3103c0s25b1n0:25834:26975 [0] NCCL INFO Connection to proxy localRank 0 -> connection 0x149b9c001080
x3103c0s25b1n0:25834:26975 [0] NCCL INFO Channel 02/0 : 20[7000] -> 4[7000] [receive] via NET/IB/1
x3103c0s25b1n0:25834:26975 [0] NCCL INFO GPU Direct RDMA Disabled for GPU 7000 / HCA 0 (distance 7 > 4)
x3103c0s25b1n0:25834:27156 [0] NCCL INFO New proxy recv connection 17 from local rank 0, transport 2
x3103c0s25b1n0:25834:26975 [0] NCCL INFO Connection to proxy localRank 0 -> connection 0x149b9c0010c0
x3103c0s25b1n0:25834:26975 [0] NCCL INFO Channel 03/0 : 20[7000] -> 4[7000] [receive] via NET/IB/0
x3103c0s25b1n0:25837:26974 [3] NCCL INFO Connected all trees by HAO
x3103c0s25b1n0:25837:26974 [3] NCCL INFO threadThresholds 8/8/64 | 192/8/64 | 512 | 512
x3103c0s25b1n0:25837:26974 [3] NCCL INFO 4 coll channels, 4 p2p channels, 2 p2p channels per peer
x3103c0s25b1n0:25837:27167 [3] NCCL INFO New proxy send connection 12 from local rank 3, transport 2
x3103c0s25b1n0:25837:26974 [3] NCCL INFO Connection to proxy localRank 3 -> connection 0x14f100000f80
x3103c0s25b1n0:25837:27167 [3] NCCL INFO transport/net.cc:376 Cuda Alloc Size 8388608 pointer 0x14f0ec600000
x3103c0s25b1n0:25834:27156 [0] NCCL INFO transport/net_ib.cc:683 Ib Alloc Size 21688 pointer 0x149b9c0c0000
x3103c0s25b1n0:25834:27156 [0] NCCL INFO transport/net_ib.cc:696 Ib Alloc Size 552 pointer 0x149b9c0c7000
x3103c0s25b1n0:25834:27156 [0] NCCL INFO transport/net_ib.cc:771 Ib Alloc Size 552 pointer 0x149b9c0e2000
x3103c0s25b1n0:25834:27156 [0] NCCL INFO transport/net.cc:698 Cuda Host Alloc Size 9641984 pointer 0x149b8c000000
x3103c0s25b1n0:25834:27156 [0] NCCL INFO transport/net_ib.cc:683 Ib Alloc Size 21688 pointer 0x149b9c0e4000
x3103c0s25b1n0:25834:27156 [0] NCCL INFO transport/net_ib.cc:696 Ib Alloc Size 552 pointer 0x149b9c0eb000
x3103c0s25b1n0:25834:27156 [0] NCCL INFO transport/net_ib.cc:771 Ib Alloc Size 552 pointer 0x149b9c106000
x3103c0s25b1n0:25834:27156 [0] NCCL INFO transport/net.cc:698 Cuda Host Alloc Size 9641984 pointer 0x149b8ca00000
x3103c0s25b1n0:25834:26975 [0] NCCL INFO GPU Direct RDMA Disabled for GPU 7000 / HCA 1 (distance 7 > 4)
x3103c0s25b1n0:25834:27156 [0] NCCL INFO New proxy send connection 18 from local rank 0, transport 2
x3103c0s25b1n0:25834:26975 [0] NCCL INFO Connection to proxy localRank 0 -> connection 0x149b9c001100
x3103c0s25b1n0:25834:26975 [0] NCCL INFO Channel 02/0 : 4[7000] -> 20[7000] [send] via NET/IB/1
x3103c0s25b1n0:25834:26975 [0] NCCL INFO GPU Direct RDMA Disabled for GPU 7000 / HCA 0 (distance 7 > 4)
x3103c0s25b1n0:25834:27156 [0] NCCL INFO New proxy send connection 19 from local rank 0, transport 2
x3103c0s25b1n0:25835:27157 [1] NCCL INFO transport/net_ib.cc:596 Ib Alloc Size 26560 pointer 0x14a2b80d2000
x3103c0s25b1n0:25835:27157 [1] NCCL INFO NET/IB: Dev 1 Port 1 qpn 10015 mtu 5 GID 0 (80FE/5A2100FEFF000000)
x3103c0s25b1n0:25835:27157 [1] NCCL INFO transport/net_ib.cc:653 Ib Alloc Size 552 pointer 0x14a2b801b000
x3103c0s25b1n0:25835:27157 [1] NCCL INFO transport/net.cc:571 Cuda Host Alloc Size 9641984 pointer 0x14a2aa000000
x3103c0s25b1n0:25835:27157 [1] NCCL INFO transport/net_ib.cc:596 Ib Alloc Size 26560 pointer 0x14a2b80e9000
x3103c0s25b1n0:25835:27157 [1] NCCL INFO NET/IB: Dev 0 Port 1 qpn 14913 mtu 5 GID 0 (80FE/82100FEFF000000)
x3103c0s25b1n0:25835:27157 [1] NCCL INFO transport/net_ib.cc:653 Ib Alloc Size 552 pointer 0x14a2b8100000
x3103c0s25b1n0:25835:27157 [1] NCCL INFO transport/net.cc:571 Cuda Host Alloc Size 9641984 pointer 0x14a2aaa00000
x3103c0s25b1n0:25835:26965 [1] NCCL INFO GPU Direct RDMA Disabled for GPU 46000 / HCA 1 (distance 6 > 4)
x3103c0s25b1n0:25835:27157 [1] NCCL INFO New proxy recv connection 18 from local rank 1, transport 2
x3103c0s25b1n0:25834:26975 [0] NCCL INFO Connection to proxy localRank 0 -> connection 0x149b9c001140
x3103c0s25b1n0:25834:26975 [0] NCCL INFO Channel 03/0 : 4[7000] -> 20[7000] [send] via NET/IB/0
x3103c0s25b1n0:25834:27156 [0] NCCL INFO transport/net_ib.cc:596 Ib Alloc Size 26560 pointer 0x149b9c112000
x3103c0s25b1n0:25835:26965 [1] NCCL INFO Connection to proxy localRank 1 -> connection 0x14a2b8001100
x3103c0s25b1n0:25834:27156 [0] NCCL INFO NET/IB: Dev 1 Port 1 qpn 10016 mtu 5 GID 0 (80FE/5A2100FEFF000000)
x3103c0s25b1n0:25834:27156 [0] NCCL INFO transport/net_ib.cc:653 Ib Alloc Size 552 pointer 0x149b9c129000
x3103c0s25b1n0:25834:27156 [0] NCCL INFO transport/net.cc:571 Cuda Host Alloc Size 9641984 pointer 0x149b8d400000
x3103c0s25b1n0:25834:27156 [0] NCCL INFO transport/net_ib.cc:596 Ib Alloc Size 26560 pointer 0x149b9c12b000
x3103c0s25b1n0:25834:27156 [0] NCCL INFO NET/IB: Dev 0 Port 1 qpn 14914 mtu 5 GID 0 (80FE/82100FEFF000000)
x3103c0s25b1n0:25834:27156 [0] NCCL INFO transport/net_ib.cc:653 Ib Alloc Size 552 pointer 0x149b9c142000
x3103c0s25b1n0:25834:27156 [0] NCCL INFO transport/net.cc:571 Cuda Host Alloc Size 9641984 pointer 0x149b8a000000
x3103c0s25b1n0:25835:26965 [1] NCCL INFO Channel 02/0 : 12[7000] -> 5[46000] [receive] via NET/IB/1
x3103c0s25b1n0:25835:26965 [1] NCCL INFO GPU Direct RDMA Disabled for GPU 46000 / HCA 0 (distance 7 > 4)
x3103c0s25b1n0:25835:27157 [1] NCCL INFO New proxy recv connection 19 from local rank 1, transport 2
x3103c0s25b1n0:25835:26965 [1] NCCL INFO Connection to proxy localRank 1 -> connection 0x14a2b8001140
x3103c0s25b1n0:25834:26975 [0] NCCL INFO GPU Direct RDMA Disabled for GPU 7000 / HCA 1 (distance 7 > 4)
x3103c0s25b1n0:25834:27156 [0] NCCL INFO New proxy recv connection 20 from local rank 0, transport 2
x3103c0s25b1n0:25835:26965 [1] NCCL INFO Channel 03/0 : 12[7000] -> 5[46000] [receive] via NET/IB/0
x3103c0s25b1n0:25835:27157 [1] NCCL INFO transport/net_ib.cc:683 Ib Alloc Size 21688 pointer 0x14a2b810c000
x3103c0s25b1n0:25835:27157 [1] NCCL INFO transport/net_ib.cc:696 Ib Alloc Size 552 pointer 0x14a2b8113000
x3103c0s25b1n0:25834:26975 [0] NCCL INFO Connection to proxy localRank 0 -> connection 0x149b9c001180
x3103c0s25b1n0:25834:26975 [0] NCCL INFO Channel 00/0 : 9[46000] -> 4[7000] [receive] via NET/IB/1
x3103c0s25b1n0:25834:26975 [0] NCCL INFO GPU Direct RDMA Disabled for GPU 7000 / HCA 0 (distance 7 > 4)
x3103c0s25b1n0:25834:27156 [0] NCCL INFO New proxy recv connection 21 from local rank 0, transport 2
x3103c0s25b1n0:25834:26975 [0] NCCL INFO Connection to proxy localRank 0 -> connection 0x149b9c0011c0
x3103c0s25b1n0:25835:27157 [1] NCCL INFO transport/net_ib.cc:771 Ib Alloc Size 552 pointer 0x14a2b812f000
x3103c0s25b1n0:25835:27157 [1] NCCL INFO transport/net.cc:698 Cuda Host Alloc Size 9641984 pointer 0x14a2ab400000
x3103c0s25b1n0:25834:26975 [0] NCCL INFO Channel 01/0 : 9[46000] -> 4[7000] [receive] via NET/IB/0
x3103c0s25b1n0:25835:27157 [1] NCCL INFO transport/net_ib.cc:683 Ib Alloc Size 21688 pointer 0x14a2b8131000
x3103c0s25b1n0:25835:27157 [1] NCCL INFO transport/net_ib.cc:696 Ib Alloc Size 552 pointer 0x14a2b8138000
x3103c0s25b1n0:25835:27157 [1] NCCL INFO transport/net_ib.cc:771 Ib Alloc Size 552 pointer 0x14a2b8153000
x3103c0s25b1n0:25835:27157 [1] NCCL INFO transport/net.cc:698 Cuda Host Alloc Size 9641984 pointer 0x14a2a8000000
x3103c0s25b1n0:25834:27156 [0] NCCL INFO transport/net_ib.cc:683 Ib Alloc Size 21688 pointer 0x149b9c14e000
x3103c0s25b1n0:25834:27156 [0] NCCL INFO transport/net_ib.cc:696 Ib Alloc Size 552 pointer 0x149b9c155000
x3103c0s25b1n0:25835:27157 [1] NCCL INFO New proxy recv connection 20 from local rank 1, transport 0
x3103c0s25b1n0:25834:27156 [0] NCCL INFO transport/net_ib.cc:771 Ib Alloc Size 552 pointer 0x149b9c170000
x3103c0s25b1n0:25834:27156 [0] NCCL INFO transport/net.cc:698 Cuda Host Alloc Size 9641984 pointer 0x149b8aa00000
x3103c0s25b1n0:25834:27156 [0] NCCL INFO transport/net_ib.cc:683 Ib Alloc Size 21688 pointer 0x149b9c172000
x3103c0s25b1n0:25834:27156 [0] NCCL INFO transport/net_ib.cc:696 Ib Alloc Size 552 pointer 0x149b9c179000
x3103c0s25b1n0:25835:26965 [1] NCCL INFO Connection to proxy localRank 1 -> connection 0x14a2b8001180
x3103c0s25b1n0:25835:27157 [1] NCCL INFO transport/p2p.cc:449 Cuda Alloc Size 6291456 pointer 0x14a2a8a00000
x3103c0s25b1n0:25834:27156 [0] NCCL INFO transport/net_ib.cc:771 Ib Alloc Size 552 pointer 0x149b9c194000
x3103c0s25b1n0:25834:27156 [0] NCCL INFO transport/net.cc:698 Cuda Host Alloc Size 9641984 pointer 0x149b8b400000
x3103c0s25b1n0:25834:26975 [0] NCCL INFO GPU Direct RDMA Disabled for GPU 7000 / HCA 1 (distance 7 > 4)
x3103c0s25b1n0:25834:27156 [0] NCCL INFO New proxy send connection 22 from local rank 0, transport 2
x3103c0s25b1n0:25835:27157 [1] NCCL INFO New proxy recv connection 21 from local rank 1, transport 0
x3103c0s25b1n0:25834:26975 [0] NCCL INFO Connection to proxy localRank 0 -> connection 0x149b9c001200
x3103c0s25b1n0:25834:26975 [0] NCCL INFO Channel 02/0 : 4[7000] -> 0[7000] [send] via NET/IB/1
x3103c0s25b1n0:25834:26975 [0] NCCL INFO GPU Direct RDMA Disabled for GPU 7000 / HCA 0 (distance 7 > 4)
x3103c0s25b1n0:25834:27156 [0] NCCL INFO New proxy send connection 23 from local rank 0, transport 2
x3103c0s25b1n0:25835:26965 [1] NCCL INFO Connection to proxy localRank 1 -> connection 0x14a2b80011c0
x3103c0s25b1n0:25835:27157 [1] NCCL INFO transport/p2p.cc:449 Cuda Alloc Size 6291456 pointer 0x14a2a9000000
x3103c0s25b1n0:25834:26975 [0] NCCL INFO Connection to proxy localRank 0 -> connection 0x149b9c001240
x3103c0s25b1n0:25834:26975 [0] NCCL INFO Channel 03/0 : 4[7000] -> 0[7000] [send] via NET/IB/0
x3103c0s25b1n0:25834:27156 [0] NCCL INFO transport/net_ib.cc:596 Ib Alloc Size 26560 pointer 0x149b9c1a0000
x3103c0s25b1n0:25835:27157 [1] NCCL INFO New proxy recv connection 22 from local rank 1, transport 0
x3103c0s25b1n0:25834:27156 [0] NCCL INFO NET/IB: Dev 1 Port 1 qpn 10021 mtu 5 GID 0 (80FE/5A2100FEFF000000)
x3103c0s25b1n0:25834:27156 [0] NCCL INFO transport/net_ib.cc:653 Ib Alloc Size 552 pointer 0x149b9c1b7000
x3103c0s25b1n0:25834:27156 [0] NCCL INFO transport/net.cc:571 Cuda Host Alloc Size 9641984 pointer 0x149b88000000
x3103c0s25b1n0:25834:27156 [0] NCCL INFO transport/net_ib.cc:596 Ib Alloc Size 26560 pointer 0x149b9c1b9000
x3103c0s25b1n0:25834:27156 [0] NCCL INFO NET/IB: Dev 0 Port 1 qpn 14919 mtu 5 GID 0 (80FE/82100FEFF000000)
x3103c0s25b1n0:25834:27156 [0] NCCL INFO transport/net_ib.cc:653 Ib Alloc Size 552 pointer 0x149b9c1d0000
x3103c0s25b1n0:25834:27156 [0] NCCL INFO transport/net.cc:571 Cuda Host Alloc Size 9641984 pointer 0x149b88a00000
x3103c0s25b1n0:25835:26965 [1] NCCL INFO Connection to proxy localRank 1 -> connection 0x14a2b8001200
x3103c0s25b1n0:25835:27157 [1] NCCL INFO transport/p2p.cc:449 Cuda Alloc Size 6291456 pointer 0x14a2a9600000
x3103c0s25b1n0:25835:27157 [1] NCCL INFO New proxy recv connection 23 from local rank 1, transport 0
x3103c0s25b1n0:25834:26975 [0] NCCL INFO Connected all trees by HAO
x3103c0s25b1n0:25834:26975 [0] NCCL INFO threadThresholds 8/8/64 | 192/8/64 | 512 | 512
x3103c0s25b1n0:25834:26975 [0] NCCL INFO 4 coll channels, 4 p2p channels, 2 p2p channels per peer
x3103c0s25b1n0:25834:27156 [0] NCCL INFO New proxy send connection 24 from local rank 0, transport 2
x3103c0s25b1n0:25835:26965 [1] NCCL INFO Connection to proxy localRank 1 -> connection 0x14a2b8001240
x3103c0s25b1n0:25835:27157 [1] NCCL INFO transport/p2p.cc:449 Cuda Alloc Size 6291456 pointer 0x14a2a6000000
x3103c0s25b1n0:25834:26975 [0] NCCL INFO Connection to proxy localRank 0 -> connection 0x149b9c001280
x3103c0s25b1n0:25834:27156 [0] NCCL INFO transport/net.cc:376 Cuda Alloc Size 8388608 pointer 0x149b89400000
x3103c0s25b1n0:25835:26965 [1] NCCL INFO Connected all trees by HAO
x3103c0s25b1n0:25835:26965 [1] NCCL INFO threadThresholds 8/8/64 | 192/8/64 | 512 | 512
x3103c0s25b1n0:25835:26965 [1] NCCL INFO 4 coll channels, 4 p2p channels, 2 p2p channels per peer
x3103c0s25b1n0:25836:26961 [2] NCCL INFO Connected all trees by HAO
x3103c0s25b1n0:25836:26961 [2] NCCL INFO threadThresholds 8/8/64 | 192/8/64 | 512 | 512
x3103c0s25b1n0:25836:26961 [2] NCCL INFO 4 coll channels, 4 p2p channels, 2 p2p channels per peer
x3103c0s25b1n0:25836:27158 [2] NCCL INFO Allocated 4194656 bytes of shared memory in /dev/shm/nccl-4zEkLM

x3103c0s25b1n0:25836:27158 [2] NCCL INFO New proxy send connection 20 from local rank 2, transport 2
x3103c0s25b1n0:25835:27157 [1] NCCL INFO New proxy send connection 24 from local rank 1, transport 2
x3103c0s25b1n0:25836:26961 [2] NCCL INFO Connection to proxy localRank 2 -> connection 0x154f5c001180
x3103c0s25b1n0:25836:27158 [2] NCCL INFO transport/net.cc:376 Cuda Alloc Size 8388608 pointer 0x154f4f800000
x3103c0s25b1n0:25835:26965 [1] NCCL INFO Connection to proxy localRank 1 -> connection 0x14a2b8001280
x3103c0s25b1n0:25835:26965 [1] NCCL INFO init.cc:367 Cuda Alloc Size 5168 pointer 0x14a2c780a000
x3103c0s25b1n0:25836:26961 [2] NCCL INFO init.cc:367 Cuda Alloc Size 5168 pointer 0x154f6b80a000
x3103c0s25b1n0:25834:26975 [0] NCCL INFO init.cc:367 Cuda Alloc Size 5168 pointer 0x149bab80a000
x3103c0s25b1n0:25837:26974 [3] NCCL INFO init.cc:367 Cuda Alloc Size 5168 pointer 0x14f10580a000
x3103c0s25b1n0:25834:26975 [0] NCCL INFO init.cc:392 Cuda Host Alloc Size 33554432 pointer 0x149b86000000
x3103c0s25b1n0:25834:26975 [0] NCCL INFO init.cc:398 Cuda Host Alloc Size 128 pointer 0x149baae00200
x3103c0s25b1n0:25834:26975 [0] NCCL INFO comm 0x5563a1ed7e50 rank 4 nranks 24 cudaDev 0 busId 7000 - Init COMPLETE
x3103c0s25b1n0:25836:26961 [2] NCCL INFO init.cc:392 Cuda Host Alloc Size 33554432 pointer 0x154f46000000
x3103c0s25b1n0:25836:26961 [2] NCCL INFO init.cc:398 Cuda Host Alloc Size 128 pointer 0x154f6ae00200
x3103c0s25b1n0:25836:26961 [2] NCCL INFO comm 0x5565403a04d0 rank 6 nranks 24 cudaDev 2 busId 85000 - Init COMPLETE
x3103c0s25b1n0:25837:26974 [3] NCCL INFO init.cc:392 Cuda Host Alloc Size 33554432 pointer 0x14f0ea000000
x3103c0s25b1n0:25837:26974 [3] NCCL INFO init.cc:398 Cuda Host Alloc Size 128 pointer 0x14f104e00200
x3103c0s25b1n0:25837:26974 [3] NCCL INFO comm 0x5612b657fcd0 rank 7 nranks 24 cudaDev 3 busId c7000 - Init COMPLETE
x3103c0s25b1n0:25836:25836 [2] NCCL INFO AllReduce: opCount 0 sendbuff 0x154fab600200 recvbuff 0x154fab600200 count 1 datatype 1 op 0 root 0 comm 0x5565403a04d0 [nranks=24] stream 0x556558d92330
x3103c0s25b1n0:25836:25836 [2] NCCL INFO misc/utils.cc:235 memory stack hunk malloc(65536)
[LYD INFO in ncclLaunchKernel (enqueue.cc)] NCHANNELS is: 4x3103c0s25b1n0:25837:25837 [3] NCCL INFO AllReduce: opCount 0 sendbuff 0x14f13ee00200 recvbuff 0x14f13ee00200 count 1 datatype 1 op 0 root 0 comm 0x5612b657fcd0 [nranks=24] stream 0x5612d5097c30
x3103c0s25b1n0:25837:25837 [3] NCCL INFO misc/utils.cc:235 memory stack hunk malloc(65536)
[LYD INFO in ncclLaunchKernel (enqueue.cc)] NCHANNELS is: 4x3103c0s25b1n0:25835:26965 [1] NCCL INFO init.cc:392 Cuda Host Alloc Size 33554432 pointer 0x14a2a4000000
x3103c0s25b1n0:25835:26965 [1] NCCL INFO init.cc:398 Cuda Host Alloc Size 128 pointer 0x14a2c6e00200
x3103c0s25b1n0:25835:26965 [1] NCCL INFO comm 0x55f1da3a73b0 rank 5 nranks 24 cudaDev 1 busId 46000 - Init COMPLETE
x3103c0s25b1n0:25835:27157 [1] NCCL INFO transport/net.cc:376 Cuda Alloc Size 8388608 pointer 0x14a2a2000000
x3103c0s25b1n0:25835:25835 [1] NCCL INFO AllReduce: opCount 0 sendbuff 0x14a307600200 recvbuff 0x14a307600200 count 1 datatype 1 op 0 root 0 comm 0x55f1da3a73b0 [nranks=24] stream 0x55f1dd91a1e0
x3103c0s25b1n0:25835:25835 [1] NCCL INFO misc/utils.cc:235 memory stack hunk malloc(65536)
[LYD INFO in ncclLaunchKernel (enqueue.cc)] NCHANNELS is: 4x3103c0s25b1n0:25834:25834 [0] NCCL INFO AllReduce: opCount 0 sendbuff 0x149beb600200 recvbuff 0x149beb600200 count 1 datatype 1 op 0 root 0 comm 0x5563a1ed7e50 [nranks=24] stream 0x5563bc87d120
x3103c0s25b1n0:25834:25834 [0] NCCL INFO misc/utils.cc:235 memory stack hunk malloc(65536)
[LYD INFO in ncclLaunchKernel (enqueue.cc)] NCHANNELS is: 4
[LYD INFO in NCCL_KERN_NAME (common.h)] 6 AllReduce TREE LL Sum uint8_t Elapsed time: 810984 us

[LYD INFO in NCCL_KERN_NAME (common.h)] 7 AllReduce TREE LL Sum uint8_t Elapsed time: 839167 us

[LYD INFO in NCCL_KERN_NAME (common.h)] 5 AllReduce TREE LL Sum uint8_t Elapsed time: 798187 us

[LYD INFO in NCCL_KERN_NAME (common.h)] 4 AllReduce TREE LL Sum uint8_t Elapsed time: 776165 us
x3103c0s25b1n0:25837:25837 [3] NCCL INFO AllReduce: opCount 1 sendbuff 0x14f13ee00000 recvbuff 0x14f13ee00000 count 1 datatype 1 op 0 root 0 comm 0x5612b657fcd0 [nranks=24] stream 0x5612d5097c30
[LYD INFO in ncclLaunchKernel (enqueue.cc)] NCHANNELS is: 4x3103c0s25b1n0:25835:25835 [1] NCCL INFO AllReduce: opCount 1 sendbuff 0x14a307600000 recvbuff 0x14a307600000 count 1 datatype 1 op 0 root 0 comm 0x55f1da3a73b0 [nranks=24] stream 0x55f1dd91a1e0
[LYD INFO in ncclLaunchKernel (enqueue.cc)] NCHANNELS is: 4x3103c0s25b1n0:25836:25836 [2] NCCL INFO AllReduce: opCount 1 sendbuff 0x154fab600000 recvbuff 0x154fab600000 count 1 datatype 1 op 0 root 0 comm 0x5565403a04d0 [nranks=24] stream 0x556558d92330
[LYD INFO in ncclLaunchKernel (enqueue.cc)] NCHANNELS is: 4x3103c0s25b1n0:25834:25834 [0] NCCL INFO AllReduce: opCount 1 sendbuff 0x149beb600000 recvbuff 0x149beb600000 count 1 datatype 1 op 0 root 0 comm 0x5563a1ed7e50 [nranks=24] stream 0x5563bc87d120
[LYD INFO in ncclLaunchKernel (enqueue.cc)] NCHANNELS is: 4
[LYD INFO in NCCL_KERN_NAME (common.h)] 5 AllReduce TREE LL Sum uint8_t Elapsed time: 1363870 us

[LYD INFO in NCCL_KERN_NAME (common.h)] 7 AllReduce TREE LL Sum uint8_t Elapsed time: 1405859 us

[LYD INFO in NCCL_KERN_NAME (common.h)] 4 AllReduce TREE LL Sum uint8_t Elapsed time: 446952 us

[LYD INFO in NCCL_KERN_NAME (common.h)] 6 AllReduce TREE LL Sum uint8_t Elapsed time: 736672 us
x3103c0s25b1n0:25836:25836 [2] NCCL INFO AllReduce: opCount 2 sendbuff 0x154fab600000 recvbuff 0x154fab600000 count 1 datatype 8 op 3 root 0 comm 0x5565403a04d0 [nranks=24] stream 0x556558d92330
[LYD INFO in ncclLaunchKernel (enqueue.cc)] NCHANNELS is: 4x3103c0s25b1n0:25835:25835 [1] NCCL INFO AllReduce: opCount 2 sendbuff 0x14a307600000 recvbuff 0x14a307600000 count 1 datatype 8 op 3 root 0 comm 0x55f1da3a73b0 [nranks=24] stream 0x55f1dd91a1e0
[LYD INFO in ncclLaunchKernel (enqueue.cc)] NCHANNELS is: 4x3103c0s25b1n0:25834:25834 [0] NCCL INFO AllReduce: opCount 2 sendbuff 0x149beb600000 recvbuff 0x149beb600000 count 1 datatype 8 op 3 root 0 comm 0x5563a1ed7e50 [nranks=24] stream 0x5563bc87d120
[LYD INFO in ncclLaunchKernel (enqueue.cc)] NCHANNELS is: 4x3103c0s25b1n0:25837:25837 [3] NCCL INFO AllReduce: opCount 2 sendbuff 0x14f13ee00000 recvbuff 0x14f13ee00000 count 1 datatype 8 op 3 root 0 comm 0x5612b657fcd0 [nranks=24] stream 0x5612d5097c30
[LYD INFO in ncclLaunchKernel (enqueue.cc)] NCHANNELS is: 4
[LYD INFO in NCCL_FUNC_NAME (common.h)] 4 AllReduce TREE LL Min double Elapsed time: 4406 us

[LYD INFO in NCCL_FUNC_NAME (common.h)] 7 AllReduce TREE LL Min double Elapsed time: 4 us

[LYD INFO in NCCL_FUNC_NAME (common.h)] 6 AllReduce TREE LL Min double Elapsed time: 20475 us

[LYD INFO in NCCL_FUNC_NAME (common.h)] 5 AllReduce TREE LL Min double Elapsed time: 10197 us

[LYD INFO in NCCL_KERN_NAME (common.h)] 6 AllReduce TREE LL Sum double Elapsed time: 111979 us
x3103c0s25b1n0:25836:25836 [2] NCCL INFO AllReduce: opCount 3 sendbuff 0x154fab600200 recvbuff 0x154fab600200 count 1 datatype 1 op 0 root 0 comm 0x5565403a04d0 [nranks=24] stream 0x556558d92330
[LYD INFO in ncclLaunchKernel (enqueue.cc)] NCHANNELS is: 4
[LYD INFO in NCCL_KERN_NAME (common.h)] 5 AllReduce TREE LL Sum double Elapsed time: 89907 us
x3103c0s25b1n0:25835:25835 [1] NCCL INFO AllReduce: opCount 3 sendbuff 0x14a307600200 recvbuff 0x14a307600200 count 1 datatype 1 op 0 root 0 comm 0x55f1da3a73b0 [nranks=24] stream 0x55f1dd91a1e0
[LYD INFO in ncclLaunchKernel (enqueue.cc)] NCHANNELS is: 4
[LYD INFO in NCCL_KERN_NAME (common.h)] 7 AllReduce TREE LL Sum double Elapsed time: 79920 us
x3103c0s25b1n0:25837:25837 [3] NCCL INFO AllReduce: opCount 3 sendbuff 0x14f13ee00200 recvbuff 0x14f13ee00200 count 1 datatype 1 op 0 root 0 comm 0x5612b657fcd0 [nranks=24] stream 0x5612d5097c30
[LYD INFO in ncclLaunchKernel (enqueue.cc)] NCHANNELS is: 4
[LYD INFO in NCCL_KERN_NAME (common.h)] 4 AllReduce TREE LL Sum double Elapsed time: 90559 us
x3103c0s25b1n0:25834:25834 [0] NCCL INFO AllReduce: opCount 3 sendbuff 0x149beb600200 recvbuff 0x149beb600200 count 1 datatype 1 op 0 root 0 comm 0x5563a1ed7e50 [nranks=24] stream 0x5563bc87d120
[LYD INFO in ncclLaunchKernel (enqueue.cc)] NCHANNELS is: 4
[LYD INFO in NCCL_KERN_NAME (common.h)] 6 AllReduce TREE LL Sum uint8_t Elapsed time: 55017 us

[LYD INFO in NCCL_KERN_NAME (common.h)] 4 AllReduce TREE LL Sum uint8_t Elapsed time: 15797 us

[LYD INFO in NCCL_KERN_NAME (common.h)] 7 AllReduce TREE LL Sum uint8_t Elapsed time: 38795 us

[LYD INFO in NCCL_KERN_NAME (common.h)] 5 AllReduce TREE LL Sum uint8_t Elapsed time: 33964 us
x3103c0s25b1n0:25837:27167 [3] NCCL INFO [Service thread] Connection closed by localRank 3
x3103c0s25b1n0:25834:27156 [0] NCCL INFO [Service thread] Connection closed by localRank 0
x3103c0s25b1n0:25836:27158 [2] NCCL INFO [Service thread] Connection closed by localRank 2
x3103c0s25b1n0:25835:27157 [1] NCCL INFO [Service thread] Connection closed by localRank 1
x3103c0s25b1n0:25837:25837 [3] NCCL INFO comm 0x5612b657fcd0 rank 7 nranks 24 cudaDev 3 busId c7000 - Abort COMPLETE
x3103c0s25b1n0:25836:25836 [2] NCCL INFO comm 0x5565403a04d0 rank 6 nranks 24 cudaDev 2 busId 85000 - Abort COMPLETE
x3103c0s25b1n0:25834:25834 [0] NCCL INFO comm 0x5563a1ed7e50 rank 4 nranks 24 cudaDev 0 busId 7000 - Abort COMPLETE
x3103c0s25b1n0:25835:25835 [1] NCCL INFO comm 0x55f1da3a73b0 rank 5 nranks 24 cudaDev 1 busId 46000 - Abort COMPLETE
