x3004c0s25b1n0:33299:36950 [0] NCCL INFO Connection to proxy localRank 0 -> connection 0x146924001200
x3004c0s25b1n0:33299:36950 [0] NCCL INFO Channel 00/0 : 12[7000] -> 8[7000] [send] via NET/IB/1
x3004c0s25b1n0:33299:36950 [0] NCCL INFO GPU Direct RDMA Disabled for GPU 7000 / HCA 0 (distance 7 > 4)
x3004c0s25b1n0:33299:37103 [0] NCCL INFO New proxy send connection 23 from local rank 0, transport 2
x3004c0s25b1n0:33306:37094 [1] NCCL INFO New proxy recv connection 20 from local rank 1, transport 0
x3004c0s25b1n0:33299:36950 [0] NCCL INFO Connection to proxy localRank 0 -> connection 0x146924001240
x3004c0s25b1n0:33299:36950 [0] NCCL INFO Channel 01/0 : 12[7000] -> 8[7000] [send] via NET/IB/0
x3004c0s25b1n0:33306:36948 [1] NCCL INFO Connection to proxy localRank 1 -> connection 0x1552b8001180
x3004c0s25b1n0:33306:37094 [1] NCCL INFO transport/p2p.cc:449 Cuda Alloc Size 6291456 pointer 0x1552a0000000
x3004c0s25b1n0:33306:37094 [1] NCCL INFO New proxy recv connection 21 from local rank 1, transport 0
x3004c0s25b1n0:33306:36948 [1] NCCL INFO Connection to proxy localRank 1 -> connection 0x1552b80011c0
x3004c0s25b1n0:33306:37094 [1] NCCL INFO transport/p2p.cc:449 Cuda Alloc Size 6291456 pointer 0x1552a0600000
x3004c0s25b1n0:33306:37094 [1] NCCL INFO New proxy recv connection 22 from local rank 1, transport 0
x3004c0s25b1n0:33299:37103 [0] NCCL INFO transport/net_ib.cc:596 Ib Alloc Size 26560 pointer 0x146924144000
x3004c0s25b1n0:33299:37103 [0] NCCL INFO NET/IB: Dev 1 Port 1 qpn 11084 mtu 5 GID 0 (80FE/DA0100FEFF000000)
x3004c0s25b1n0:33299:37103 [0] NCCL INFO transport/net_ib.cc:653 Ib Alloc Size 552 pointer 0x14692415b000
x3004c0s25b1n0:33299:37103 [0] NCCL INFO transport/net.cc:571 Cuda Host Alloc Size 9641984 pointer 0x14690d400000
x3004c0s25b1n0:33299:37103 [0] NCCL INFO Mem Realloc old size 768, new size 1536 pointer 0x1469240b8050
x3004c0s25b1n0:33299:37103 [0] NCCL INFO transport/net_ib.cc:596 Ib Alloc Size 26560 pointer 0x14692415d000
x3004c0s25b1n0:33299:37103 [0] NCCL INFO NET/IB: Dev 0 Port 1 qpn 10839 mtu 5 GID 0 (80FE/880100FEFF000000)
x3004c0s25b1n0:33299:37103 [0] NCCL INFO transport/net_ib.cc:653 Ib Alloc Size 552 pointer 0x146924174000
x3004c0s25b1n0:33299:37103 [0] NCCL INFO transport/net.cc:571 Cuda Host Alloc Size 9641984 pointer 0x14690a000000
x3004c0s25b1n0:33299:37103 [0] NCCL INFO Mem Realloc old size 768, new size 1536 pointer 0x146924169150
x3004c0s25b1n0:33306:36948 [1] NCCL INFO Connection to proxy localRank 1 -> connection 0x1552b8001200
x3004c0s25b1n0:33306:37094 [1] NCCL INFO transport/p2p.cc:449 Cuda Alloc Size 6291456 pointer 0x1552a0c00000
x3004c0s25b1n0:33306:37094 [1] NCCL INFO New proxy recv connection 23 from local rank 1, transport 0
x3004c0s25b1n0:33299:37103 [0] NCCL INFO transport/net_ib.cc:683 Ib Alloc Size 21688 pointer 0x146924176000
x3004c0s25b1n0:33299:37103 [0] NCCL INFO transport/net_ib.cc:696 Ib Alloc Size 552 pointer 0x14692417d000
x3004c0s25b1n0:33299:37103 [0] NCCL INFO transport/net_ib.cc:771 Ib Alloc Size 552 pointer 0x146924198000
x3004c0s25b1n0:33299:37103 [0] NCCL INFO transport/net.cc:698 Cuda Host Alloc Size 9641984 pointer 0x14690aa00000
x3004c0s25b1n0:33306:36948 [1] NCCL INFO Connection to proxy localRank 1 -> connection 0x1552b8001240
x3004c0s25b1n0:33306:37094 [1] NCCL INFO transport/p2p.cc:449 Cuda Alloc Size 6291456 pointer 0x1552a1200000
x3004c0s25b1n0:33299:37103 [0] NCCL INFO transport/net_ib.cc:683 Ib Alloc Size 21688 pointer 0x14692419a000
x3004c0s25b1n0:33299:37103 [0] NCCL INFO transport/net_ib.cc:696 Ib Alloc Size 552 pointer 0x1469241a1000
x3004c0s25b1n0:33299:37103 [0] NCCL INFO transport/net_ib.cc:771 Ib Alloc Size 552 pointer 0x1469241bc000
x3004c0s25b1n0:33299:37103 [0] NCCL INFO transport/net.cc:698 Cuda Host Alloc Size 9641984 pointer 0x14690b400000
x3004c0s25b1n0:33306:36948 [1] NCCL INFO Connected all trees by HAO
x3004c0s25b1n0:33306:36948 [1] NCCL INFO threadThresholds 8/8/64 | 160/8/64 | 512 | 512
x3004c0s25b1n0:33306:36948 [1] NCCL INFO 4 coll channels, 4 p2p channels, 2 p2p channels per peer
x3004c0s25b1n0:33306:37094 [1] NCCL INFO New proxy send connection 24 from local rank 1, transport 2
x3004c0s25b1n0:33308:36949 [2] NCCL INFO Connected all trees by HAO
x3004c0s25b1n0:33308:36949 [2] NCCL INFO threadThresholds 8/8/64 | 160/8/64 | 512 | 512
x3004c0s25b1n0:33308:36949 [2] NCCL INFO 4 coll channels, 4 p2p channels, 2 p2p channels per peer
x3004c0s25b1n0:33308:37091 [2] NCCL INFO Allocated 4194656 bytes of shared memory in /dev/shm/nccl-T1t5hO

x3004c0s25b1n0:33308:37091 [2] NCCL INFO New proxy send connection 20 from local rank 2, transport 2
x3004c0s25b1n0:33299:36950 [0] NCCL INFO Connected all trees by HAO
x3004c0s25b1n0:33299:36950 [0] NCCL INFO threadThresholds 8/8/64 | 160/8/64 | 512 | 512
x3004c0s25b1n0:33299:36950 [0] NCCL INFO 4 coll channels, 4 p2p channels, 2 p2p channels per peer
x3004c0s25b1n0:33299:37103 [0] NCCL INFO New proxy send connection 24 from local rank 0, transport 2
x3004c0s25b1n0:33299:36950 [0] NCCL INFO Connection to proxy localRank 0 -> connection 0x146924001280
x3004c0s25b1n0:33299:37103 [0] NCCL INFO transport/net.cc:376 Cuda Alloc Size 8388608 pointer 0x146908000000
x3004c0s25b1n0:33308:36949 [2] NCCL INFO Connection to proxy localRank 2 -> connection 0x14da9c001180
x3004c0s25b1n0:33308:37091 [2] NCCL INFO transport/net.cc:376 Cuda Alloc Size 8388608 pointer 0x14da88600000
x3004c0s25b1n0:33306:36948 [1] NCCL INFO Connection to proxy localRank 1 -> connection 0x1552b8001280
x3004c0s25b1n0:33306:36948 [1] NCCL INFO init.cc:367 Cuda Alloc Size 5168 pointer 0x15530f81fc00
x3004c0s25b1n0:33313:36951 [3] NCCL INFO init.cc:367 Cuda Alloc Size 5168 pointer 0x147077e1fc00
x3004c0s25b1n0:33308:36949 [2] NCCL INFO init.cc:367 Cuda Alloc Size 5168 pointer 0x14daf181fc00
x3004c0s25b1n0:33299:36950 [0] NCCL INFO init.cc:367 Cuda Alloc Size 5168 pointer 0x14697b81fc00
x3004c0s25b1n0:33299:36950 [0] NCCL INFO init.cc:392 Cuda Host Alloc Size 33554432 pointer 0x146906000000
x3004c0s25b1n0:33299:36950 [0] NCCL INFO init.cc:398 Cuda Host Alloc Size 128 pointer 0x14697ae00a00
x3004c0s25b1n0:33299:36950 [0] NCCL INFO comm 0x555c120c50e0 rank 12 nranks 20 cudaDev 0 busId 7000 - Init COMPLETE
x3004c0s25b1n0:33313:36951 [3] NCCL INFO init.cc:392 Cuda Host Alloc Size 33554432 pointer 0x146ff6000000
x3004c0s25b1n0:33313:36951 [3] NCCL INFO init.cc:398 Cuda Host Alloc Size 128 pointer 0x147077400a00
x3004c0s25b1n0:33313:36951 [3] NCCL INFO comm 0x55dd9c47df00 rank 15 nranks 20 cudaDev 3 busId c7000 - Init COMPLETE
x3004c0s25b1n0:33308:36949 [2] NCCL INFO init.cc:392 Cuda Host Alloc Size 33554432 pointer 0x14da86000000
x3004c0s25b1n0:33308:36949 [2] NCCL INFO init.cc:398 Cuda Host Alloc Size 128 pointer 0x14daf0e00a00
x3004c0s25b1n0:33308:36949 [2] NCCL INFO comm 0x55c935927760 rank 14 nranks 20 cudaDev 2 busId 85000 - Init COMPLETE
x3004c0s25b1n0:33308:33308 [2] NCCL INFO AllReduce: opCount 0 sendbuff 0x14db2f600400 recvbuff 0x14db2f600400 count 1 datatype 4 op 0 root 0 comm 0x55c935927760 [nranks=20] stream 0x55c9341a6790
x3004c0s25b1n0:33308:33308 [2] NCCL INFO misc/utils.cc:235 memory stack hunk malloc(65536)
[LYD INFO in ncclLaunchKernel (enqueue.cc)] NCHANNELS is: 4x3004c0s25b1n0:33306:36948 [1] NCCL INFO init.cc:392 Cuda Host Alloc Size 33554432 pointer 0x15529c000000
x3004c0s25b1n0:33306:36948 [1] NCCL INFO init.cc:398 Cuda Host Alloc Size 128 pointer 0x15530ee00a00
x3004c0s25b1n0:33306:36948 [1] NCCL INFO comm 0x55cda73d52e0 rank 13 nranks 20 cudaDev 1 busId 46000 - Init COMPLETE
x3004c0s25b1n0:33306:37094 [1] NCCL INFO transport/net.cc:376 Cuda Alloc Size 8388608 pointer 0x15529f200000
x3004c0s25b1n0:33306:33306 [1] NCCL INFO AllReduce: opCount 0 sendbuff 0x15534f600400 recvbuff 0x15534f600400 count 1 datatype 4 op 0 root 0 comm 0x55cda73d52e0 [nranks=20] stream 0x55cda4214ec0
x3004c0s25b1n0:33306:33306 [1] NCCL INFO misc/utils.cc:235 memory stack hunk malloc(65536)
[LYD INFO in ncclLaunchKernel (enqueue.cc)] NCHANNELS is: 4x3004c0s25b1n0:33299:33299 [0] NCCL INFO AllReduce: opCount 0 sendbuff 0x1469bd600400 recvbuff 0x1469bd600400 count 1 datatype 4 op 0 root 0 comm 0x555c120c50e0 [nranks=20] stream 0x555c0f207cb0
x3004c0s25b1n0:33299:33299 [0] NCCL INFO misc/utils.cc:235 memory stack hunk malloc(65536)
[LYD INFO in ncclLaunchKernel (enqueue.cc)] NCHANNELS is: 4x3004c0s25b1n0:33313:33313 [3] NCCL INFO AllReduce: opCount 0 sendbuff 0x147072a00400 recvbuff 0x147072a00400 count 1 datatype 4 op 0 root 0 comm 0x55dd9c47df00 [nranks=20] stream 0x55dd9affdbe0
x3004c0s25b1n0:33313:33313 [3] NCCL INFO misc/utils.cc:235 memory stack hunk malloc(65536)
[LYD INFO in ncclLaunchKernel (enqueue.cc)] NCHANNELS is: 4
[LYD INFO in NCCL_KERN_NAME (common.h)] 15 AllReduce TREE LL Sum int64_t Elapsed time: 46194 us

[LYD INFO in NCCL_KERN_NAME (common.h)] 12 AllReduce TREE LL Sum int64_t Elapsed time: 71920 us

[LYD INFO in NCCL_KERN_NAME (common.h)] 13 AllReduce TREE LL Sum int64_t Elapsed time: 78396 us
[Hao INFO in ncclAllReduce (all_reduce.cc)] rank 3 ncclAllReduce: count: 1, datatype: ncclInt64, message size: 8 Bytes
x3004c0s25b1n0:33313:33313 [3] NCCL INFO AllReduce: opCount 0 sendbuff 0x147072a00400 recvbuff 0x147072a00400 count 1 datatype 4 op 0 root 0 comm 0x55dd9c7e95a0 [nranks=1] stream 0x55dd9affdaa0

[LYD INFO in ncclAllReduce (all_reduce.cc)] rank 0 AllReduce Time: 0.000015000 seconds
x3004c0s25b1n0:33313:33313 [3] NCCL INFO AllReduce: opCount 1 sendbuff 0x147072a00400 recvbuff 0x147072a00400 count 1 datatype 4 op 0 root 0 comm 0x55dd9c47df00 [nranks=20] stream 0x55dd9affdbe0
[LYD INFO in ncclLaunchKernel (enqueue.cc)] NCHANNELS is: 4[Hao INFO in ncclAllReduce (all_reduce.cc)] rank 0 ncclAllReduce: count: 1, datatype: ncclInt64, message size: 8 Bytes
x3004c0s25b1n0:33299:33299 [0] NCCL INFO AllReduce: opCount 0 sendbuff 0x1469bd600400 recvbuff 0x1469bd600400 count 1 datatype 4 op 0 root 0 comm 0x555c11241410 [nranks=1] stream 0x555c0f207b70

[LYD INFO in ncclAllReduce (all_reduce.cc)] rank 0 AllReduce Time: 0.000013000 seconds
x3004c0s25b1n0:33299:33299 [0] NCCL INFO AllReduce: opCount 1 sendbuff 0x1469bd600400 recvbuff 0x1469bd600400 count 1 datatype 4 op 0 root 0 comm 0x555c120c50e0 [nranks=20] stream 0x555c0f207cb0
[LYD INFO in ncclLaunchKernel (enqueue.cc)] NCHANNELS is: 4[Hao INFO in ncclAllReduce (all_reduce.cc)] rank 1 ncclAllReduce: count: 1, datatype: ncclInt64, message size: 8 Bytes
x3004c0s25b1n0:33306:33306 [1] NCCL INFO AllReduce: opCount 0 sendbuff 0x15534f600400 recvbuff 0x15534f600400 count 1 datatype 4 op 0 root 0 comm 0x55cda7359ab0 [nranks=1] stream 0x55cda4237320

[LYD INFO in ncclAllReduce (all_reduce.cc)] rank 0 AllReduce Time: 0.000015000 seconds
x3004c0s25b1n0:33306:33306 [1] NCCL INFO AllReduce: opCount 1 sendbuff 0x15534f600400 recvbuff 0x15534f600400 count 1 datatype 4 op 0 root 0 comm 0x55cda73d52e0 [nranks=20] stream 0x55cda4214ec0
[LYD INFO in ncclLaunchKernel (enqueue.cc)] NCHANNELS is: 4
[LYD INFO in NCCL_KERN_NAME (common.h)] 14 AllReduce TREE LL Sum int64_t Elapsed time: 94411 us
[Hao INFO in ncclAllReduce (all_reduce.cc)] rank 2 ncclAllReduce: count: 1, datatype: ncclInt64, message size: 8 Bytes
x3004c0s25b1n0:33308:33308 [2] NCCL INFO AllReduce: opCount 0 sendbuff 0x14db2f600400 recvbuff 0x14db2f600400 count 1 datatype 4 op 0 root 0 comm 0x55c9372eea40 [nranks=1] stream 0x55c9341a6650

[LYD INFO in ncclAllReduce (all_reduce.cc)] rank 0 AllReduce Time: 0.000014000 seconds
x3004c0s25b1n0:33308:33308 [2] NCCL INFO AllReduce: opCount 1 sendbuff 0x14db2f600400 recvbuff 0x14db2f600400 count 1 datatype 4 op 0 root 0 comm 0x55c935927760 [nranks=20] stream 0x55c9341a6790
[LYD INFO in ncclLaunchKernel (enqueue.cc)] NCHANNELS is: 4