x3102c0s7b0n0:44051:44051 [2] NCCL INFO cudaDriverVersion 11080
x3102c0s7b0n0:44049:44049 [1] NCCL INFO cudaDriverVersion 11080
x3102c0s7b0n0:44056:44056 [3] NCCL INFO cudaDriverVersion 11080
x3102c0s7b0n0:44042:44042 [0] NCCL INFO cudaDriverVersion 11080
x3102c0s7b0n0:44049:44049 [1] NCCL INFO NCCL_SOCKET_IFNAME set by environment to hsn0
x3102c0s7b0n0:44049:44049 [1] NCCL INFO NCCL_SOCKET_IFNAME set to hsn0
x3102c0s7b0n0:44049:44049 [1] NCCL INFO Bootstrap : Using hsn0:10.201.3.230<0>
x3102c0s7b0n0:44049:44049 [1] NCCL INFO NET/Plugin : No plugin found (libnccl-net.so), using internal implementation
x3102c0s7b0n0:44051:44051 [2] NCCL INFO NCCL_SOCKET_IFNAME set by environment to hsn0
x3102c0s7b0n0:44051:44051 [2] NCCL INFO NCCL_SOCKET_IFNAME set to hsn0
x3102c0s7b0n0:44051:44051 [2] NCCL INFO Bootstrap : Using hsn0:10.201.3.230<0>
x3102c0s7b0n0:44051:44051 [2] NCCL INFO NET/Plugin : No plugin found (libnccl-net.so), using internal implementation
x3102c0s7b0n0:44051:44051 [2] NCCL INFO init.cc:1147 Cuda Host Alloc Size 4 pointer 0x149647a00000
x3102c0s7b0n0:44056:44056 [3] NCCL INFO NCCL_SOCKET_IFNAME set by environment to hsn0
x3102c0s7b0n0:44056:44056 [3] NCCL INFO NCCL_SOCKET_IFNAME set to hsn0
x3102c0s7b0n0:44056:44056 [3] NCCL INFO Bootstrap : Using hsn0:10.201.3.230<0>
x3102c0s7b0n0:44056:44056 [3] NCCL INFO NET/Plugin : No plugin found (libnccl-net.so), using internal implementation
x3102c0s7b0n0:44056:44056 [3] NCCL INFO init.cc:1147 Cuda Host Alloc Size 4 pointer 0x15019b400000
x3102c0s7b0n0:44042:44042 [0] NCCL INFO NCCL_SOCKET_IFNAME set by environment to hsn0
x3102c0s7b0n0:44042:44042 [0] NCCL INFO NCCL_SOCKET_IFNAME set to hsn0
x3102c0s7b0n0:44042:44042 [0] NCCL INFO Bootstrap : Using hsn0:10.201.3.230<0>
x3102c0s7b0n0:44042:44042 [0] NCCL INFO NET/Plugin : No plugin found (libnccl-net.so), using internal implementation
x3102c0s7b0n0:44042:44042 [0] NCCL INFO init.cc:1147 Cuda Host Alloc Size 4 pointer 0x14e13d400000
x3102c0s7b0n0:44049:44049 [1] NCCL INFO init.cc:1147 Cuda Host Alloc Size 4 pointer 0x15416d400000
x3102c0s7b0n0:44051:45185 [2] NCCL INFO NCCL_SOCKET_IFNAME set by environment to hsn0
x3102c0s7b0n0:44051:45185 [2] NCCL INFO NET/IB : No device found.
x3102c0s7b0n0:44051:45185 [2] NCCL INFO NCCL_SOCKET_IFNAME set by environment to hsn0
x3102c0s7b0n0:44051:45185 [2] NCCL INFO NET/Socket : Using [0]hsn0:10.201.3.230<0>
x3102c0s7b0n0:44051:45185 [2] NCCL INFO Using network Socket
x3102c0s7b0n0:44056:45186 [3] NCCL INFO NCCL_SOCKET_IFNAME set by environment to hsn0
x3102c0s7b0n0:44056:45186 [3] NCCL INFO NET/IB : No device found.
x3102c0s7b0n0:44056:45186 [3] NCCL INFO NCCL_SOCKET_IFNAME set by environment to hsn0
x3102c0s7b0n0:44056:45186 [3] NCCL INFO NET/Socket : Using [0]hsn0:10.201.3.230<0>
x3102c0s7b0n0:44056:45186 [3] NCCL INFO Using network Socket
x3102c0s7b0n0:44042:45188 [0] NCCL INFO NCCL_SOCKET_IFNAME set by environment to hsn0
x3102c0s7b0n0:44042:45188 [0] NCCL INFO NET/IB : No device found.
x3102c0s7b0n0:44042:45188 [0] NCCL INFO NCCL_SOCKET_IFNAME set by environment to hsn0
x3102c0s7b0n0:44042:45188 [0] NCCL INFO NET/Socket : Using [0]hsn0:10.201.3.230<0>
x3102c0s7b0n0:44042:45188 [0] NCCL INFO Using network Socket
x3102c0s7b0n0:44049:45189 [1] NCCL INFO NCCL_SOCKET_IFNAME set by environment to hsn0
x3102c0s7b0n0:44049:45189 [1] NCCL INFO NET/IB : No device found.
x3102c0s7b0n0:44049:45189 [1] NCCL INFO NCCL_SOCKET_IFNAME set by environment to hsn0
x3102c0s7b0n0:44049:45189 [1] NCCL INFO NET/Socket : Using [0]hsn0:10.201.3.230<0>
x3102c0s7b0n0:44049:45189 [1] NCCL INFO Using network Socket
x3102c0s7b0n0:44051:45185 [2] NCCL INFO NET/Socket : GPU Direct RDMA Disabled for HCA 0 'hsn0'
x3102c0s7b0n0:44042:45188 [0] NCCL INFO NET/Socket : GPU Direct RDMA Disabled for HCA 0 'hsn0'
x3102c0s7b0n0:44042:45188 [0] NCCL INFO transport/p2p.cc:151 Cuda Alloc Size 2097152 pointer 0x14e13de00000
x3102c0s7b0n0:44042:45188 [0] NCCL INFO === System : maxBw 24.0 totalBw 264.0 ===
x3102c0s7b0n0:44042:45188 [0] NCCL INFO CPU/3 (1/2/-1)
x3102c0s7b0n0:44042:45188 [0] NCCL INFO + SYS[5000.0] - CPU/2
x3102c0s7b0n0:44042:45188 [0] NCCL INFO + SYS[5000.0] - CPU/1
x3102c0s7b0n0:44042:45188 [0] NCCL INFO + SYS[5000.0] - CPU/0
x3102c0s7b0n0:44042:45188 [0] NCCL INFO + PCI[24.0] - PCI/5000 (11f8406811f8beef)
x3102c0s7b0n0:44042:45188 [0] NCCL INFO               + PCI[24.0] - GPU/7000 (4)
x3102c0s7b0n0:44042:45188 [0] NCCL INFO                             + NVL[88.0] - GPU/85000
x3102c0s7b0n0:44042:45188 [0] NCCL INFO                             + NVL[88.0] - GPU/C7000
x3102c0s7b0n0:44042:45188 [0] NCCL INFO                             + NVL[88.0] - GPU/46000
x3102c0s7b0n0:44042:45188 [0] NCCL INFO CPU/2 (1/2/-1)
x3102c0s7b0n0:44042:45188 [0] NCCL INFO + SYS[5000.0] - CPU/3
x3102c0s7b0n0:44042:45188 [0] NCCL INFO + SYS[5000.0] - CPU/1
x3102c0s7b0n0:44042:45188 [0] NCCL INFO + SYS[5000.0] - CPU/0
x3102c0s7b0n0:44042:45188 [0] NCCL INFO + PCI[24.0] - PCI/44000 (11f8406811f8beef)
x3102c0s7b0n0:44042:45188 [0] NCCL INFO               + PCI[24.0] - GPU/46000 (5)
x3102c0s7b0n0:44042:45188 [0] NCCL INFO                             + NVL[88.0] - GPU/85000
x3102c0s7b0n0:44042:45188 [0] NCCL INFO                             + NVL[88.0] - GPU/C7000
x3102c0s7b0n0:44042:45188 [0] NCCL INFO                             + NVL[88.0] - GPU/7000
x3102c0s7b0n0:44042:45188 [0] NCCL INFO + PCI[24.0] - NIC/43000
x3102c0s7b0n0:44042:45188 [0] NCCL INFO               + NET[25.0] - NET/0 (0/0/25.000000)
x3102c0s7b0n0:44042:45188 [0] NCCL INFO CPU/1 (1/2/-1)
x3102c0s7b0n0:44042:45188 [0] NCCL INFO + SYS[5000.0] - CPU/3
x3102c0s7b0n0:44042:45188 [0] NCCL INFO + SYS[5000.0] - CPU/2
x3102c0s7b0n0:44042:45188 [0] NCCL INFO + SYS[5000.0] - CPU/0
x3102c0s7b0n0:44042:45188 [0] NCCL INFO + PCI[24.0] - PCI/83000 (11f8406811f8beef)
x3102c0s7b0n0:44042:45188 [0] NCCL INFO               + PCI[24.0] - GPU/85000 (6)
x3102c0s7b0n0:44042:45188 [0] NCCL INFO                             + NVL[88.0] - GPU/C7000
x3102c0s7b0n0:44042:45188 [0] NCCL INFO                             + NVL[88.0] - GPU/46000
x3102c0s7b0n0:44042:45188 [0] NCCL INFO                             + NVL[88.0] - GPU/7000
x3102c0s7b0n0:44042:45188 [0] NCCL INFO CPU/0 (1/2/-1)
x3102c0s7b0n0:44042:45188 [0] NCCL INFO + SYS[5000.0] - CPU/3
x3102c0s7b0n0:44042:45188 [0] NCCL INFO + SYS[5000.0] - CPU/2
x3102c0s7b0n0:44042:45188 [0] NCCL INFO + SYS[5000.0] - CPU/1
x3102c0s7b0n0:44042:45188 [0] NCCL INFO + PCI[24.0] - PCI/C5000 (11f8406811f8beef)
x3102c0s7b0n0:44042:45188 [0] NCCL INFO               + PCI[24.0] - GPU/C7000 (7)
x3102c0s7b0n0:44042:45188 [0] NCCL INFO                             + NVL[88.0] - GPU/85000
x3102c0s7b0n0:44042:45188 [0] NCCL INFO                             + NVL[88.0] - GPU/46000
x3102c0s7b0n0:44042:45188 [0] NCCL INFO                             + NVL[88.0] - GPU/7000
x3102c0s7b0n0:44042:45188 [0] NCCL INFO ==========================================
x3102c0s7b0n0:44042:45188 [0] NCCL INFO GPU/7000 :GPU/7000 (0/5000.000000/LOC) GPU/46000 (1/88.000000/NVL) GPU/85000 (1/88.000000/NVL) GPU/C7000 (1/88.000000/NVL) CPU/3 (2/24.000000/PHB) CPU/2 (3/24.000000/SYS) CPU/1 (3/24.000000/SYS) CPU/0 (3/24.000000/SYS) NET/0 (5/24.000000/SYS) 
x3102c0s7b0n0:44042:45188 [0] NCCL INFO GPU/46000 :GPU/7000 (1/88.000000/NVL) GPU/46000 (0/5000.000000/LOC) GPU/85000 (1/88.000000/NVL) GPU/C7000 (1/88.000000/NVL) CPU/3 (3/24.000000/SYS) CPU/2 (2/24.000000/PHB) CPU/1 (3/24.000000/SYS) CPU/0 (3/24.000000/SYS) NET/0 (4/24.000000/PHB) 
x3102c0s7b0n0:44042:45188 [0] NCCL INFO GPU/85000 :GPU/7000 (1/88.000000/NVL) GPU/46000 (1/88.000000/NVL) GPU/85000 (0/5000.000000/LOC) GPU/C7000 (1/88.000000/NVL) CPU/3 (3/24.000000/SYS) CPU/2 (3/24.000000/SYS) CPU/1 (2/24.000000/PHB) CPU/0 (3/24.000000/SYS) NET/0 (5/24.000000/SYS) 
x3102c0s7b0n0:44042:45188 [0] NCCL INFO GPU/C7000 :GPU/7000 (1/88.000000/NVL) GPU/46000 (1/88.000000/NVL) GPU/85000 (1/88.000000/NVL) GPU/C7000 (0/5000.000000/LOC) CPU/3 (3/24.000000/SYS) CPU/2 (3/24.000000/SYS) CPU/1 (3/24.000000/SYS) CPU/0 (2/24.000000/PHB) NET/0 (5/24.000000/SYS) 
x3102c0s7b0n0:44042:45188 [0] NCCL INFO NET/0 :GPU/7000 (5/24.000000/SYS) GPU/46000 (4/24.000000/PHB) GPU/85000 (5/24.000000/SYS) GPU/C7000 (5/24.000000/SYS) CPU/3 (3/24.000000/SYS) CPU/2 (2/24.000000/PHB) CPU/1 (3/24.000000/SYS) CPU/0 (3/24.000000/SYS) NET/0 (0/5000.000000/LOC) 
x3102c0s7b0n0:44042:45188 [0] NCCL INFO Pattern 4, crossNic 0, nChannels 1, bw 24.000000/24.000000, type NVL/SYS, sameChannels 1
x3102c0s7b0n0:44042:45188 [0] NCCL INFO  0 : NET/0 GPU/5 GPU/4 GPU/7 GPU/6 NET/0
x3102c0s7b0n0:44042:45188 [0] NCCL INFO Pattern 1, crossNic 0, nChannels 1, bw 48.000000/24.000000, type NVL/SYS, sameChannels 1
x3102c0s7b0n0:44042:45188 [0] NCCL INFO  0 : NET/0 GPU/4 GPU/5 GPU/6 GPU/7 NET/0
x3102c0s7b0n0:44042:45188 [0] NCCL INFO Pattern 3, crossNic 0, nChannels 0, bw 0.000000/0.000000, type NVL/PIX, sameChannels 1
x3102c0s7b0n0:44049:45189 [1] NCCL INFO NET/Socket : GPU Direct RDMA Disabled for HCA 0 'hsn0'
x3102c0s7b0n0:44049:45189 [1] NCCL INFO transport/p2p.cc:151 Cuda Alloc Size 2097152 pointer 0x15416de00000
x3102c0s7b0n0:44049:45189 [1] NCCL INFO === System : maxBw 24.0 totalBw 264.0 ===
x3102c0s7b0n0:44049:45189 [1] NCCL INFO CPU/3 (1/2/-1)
x3102c0s7b0n0:44049:45189 [1] NCCL INFO + SYS[5000.0] - CPU/2
x3102c0s7b0n0:44049:45189 [1] NCCL INFO + SYS[5000.0] - CPU/1
x3102c0s7b0n0:44049:45189 [1] NCCL INFO + SYS[5000.0] - CPU/0
x3102c0s7b0n0:44049:45189 [1] NCCL INFO + PCI[24.0] - PCI/5000 (11f8406811f8beef)
x3102c0s7b0n0:44049:45189 [1] NCCL INFO               + PCI[24.0] - GPU/7000 (4)
x3102c0s7b0n0:44049:45189 [1] NCCL INFO                             + NVL[88.0] - GPU/85000
x3102c0s7b0n0:44049:45189 [1] NCCL INFO                             + NVL[88.0] - GPU/C7000
x3102c0s7b0n0:44049:45189 [1] NCCL INFO                             + NVL[88.0] - GPU/46000
x3102c0s7b0n0:44049:45189 [1] NCCL INFO CPU/2 (1/2/-1)
x3102c0s7b0n0:44049:45189 [1] NCCL INFO + SYS[5000.0] - CPU/3
x3102c0s7b0n0:44049:45189 [1] NCCL INFO + SYS[5000.0] - CPU/1
x3102c0s7b0n0:44049:45189 [1] NCCL INFO + SYS[5000.0] - CPU/0
x3102c0s7b0n0:44049:45189 [1] NCCL INFO + PCI[24.0] - PCI/44000 (11f8406811f8beef)
x3102c0s7b0n0:44049:45189 [1] NCCL INFO               + PCI[24.0] - GPU/46000 (5)
x3102c0s7b0n0:44049:45189 [1] NCCL INFO                             + NVL[88.0] - GPU/85000
x3102c0s7b0n0:44049:45189 [1] NCCL INFO                             + NVL[88.0] - GPU/C7000
x3102c0s7b0n0:44049:45189 [1] NCCL INFO                             + NVL[88.0] - GPU/7000
x3102c0s7b0n0:44049:45189 [1] NCCL INFO + PCI[24.0] - NIC/43000
x3102c0s7b0n0:44049:45189 [1] NCCL INFO               + NET[25.0] - NET/0 (0/0/25.000000)
x3102c0s7b0n0:44049:45189 [1] NCCL INFO CPU/1 (1/2/-1)
x3102c0s7b0n0:44049:45189 [1] NCCL INFO + SYS[5000.0] - CPU/3
x3102c0s7b0n0:44049:45189 [1] NCCL INFO + SYS[5000.0] - CPU/2
x3102c0s7b0n0:44049:45189 [1] NCCL INFO + SYS[5000.0] - CPU/0
x3102c0s7b0n0:44049:45189 [1] NCCL INFO + PCI[24.0] - PCI/83000 (11f8406811f8beef)
x3102c0s7b0n0:44049:45189 [1] NCCL INFO               + PCI[24.0] - GPU/85000 (6)
x3102c0s7b0n0:44049:45189 [1] NCCL INFO                             + NVL[88.0] - GPU/C7000
x3102c0s7b0n0:44049:45189 [1] NCCL INFO                             + NVL[88.0] - GPU/46000
x3102c0s7b0n0:44049:45189 [1] NCCL INFO                             + NVL[88.0] - GPU/7000
x3102c0s7b0n0:44049:45189 [1] NCCL INFO CPU/0 (1/2/-1)
x3102c0s7b0n0:44049:45189 [1] NCCL INFO + SYS[5000.0] - CPU/3
x3102c0s7b0n0:44049:45189 [1] NCCL INFO + SYS[5000.0] - CPU/2
x3102c0s7b0n0:44049:45189 [1] NCCL INFO + SYS[5000.0] - CPU/1
x3102c0s7b0n0:44049:45189 [1] NCCL INFO + PCI[24.0] - PCI/C5000 (11f8406811f8beef)
x3102c0s7b0n0:44049:45189 [1] NCCL INFO               + PCI[24.0] - GPU/C7000 (7)
x3102c0s7b0n0:44049:45189 [1] NCCL INFO                             + NVL[88.0] - GPU/85000
x3102c0s7b0n0:44049:45189 [1] NCCL INFO                             + NVL[88.0] - GPU/46000
x3102c0s7b0n0:44049:45189 [1] NCCL INFO                             + NVL[88.0] - GPU/7000
x3102c0s7b0n0:44049:45189 [1] NCCL INFO ==========================================
x3102c0s7b0n0:44049:45189 [1] NCCL INFO GPU/7000 :GPU/7000 (0/5000.000000/LOC) GPU/46000 (1/88.000000/NVL) GPU/85000 (1/88.000000/NVL) GPU/C7000 (1/88.000000/NVL) CPU/3 (2/24.000000/PHB) CPU/2 (3/24.000000/SYS) CPU/1 (3/24.000000/SYS) CPU/0 (3/24.000000/SYS) NET/0 (5/24.000000/SYS) 
x3102c0s7b0n0:44049:45189 [1] NCCL INFO GPU/46000 :GPU/7000 (1/88.000000/NVL) GPU/46000 (0/5000.000000/LOC) GPU/85000 (1/88.000000/NVL) GPU/C7000 (1/88.000000/NVL) CPU/3 (3/24.000000/SYS) CPU/2 (2/24.000000/PHB) CPU/1 (3/24.000000/SYS) CPU/0 (3/24.000000/SYS) NET/0 (4/24.000000/PHB) 
x3102c0s7b0n0:44049:45189 [1] NCCL INFO GPU/85000 :GPU/7000 (1/88.000000/NVL) GPU/46000 (1/88.000000/NVL) GPU/85000 (0/5000.000000/LOC) GPU/C7000 (1/88.000000/NVL) CPU/3 (3/24.000000/SYS) CPU/2 (3/24.000000/SYS) CPU/1 (2/24.000000/PHB) CPU/0 (3/24.000000/SYS) NET/0 (5/24.000000/SYS) 
x3102c0s7b0n0:44049:45189 [1] NCCL INFO GPU/C7000 :GPU/7000 (1/88.000000/NVL) GPU/46000 (1/88.000000/NVL) GPU/85000 (1/88.000000/NVL) GPU/C7000 (0/5000.000000/LOC) CPU/3 (3/24.000000/SYS) CPU/2 (3/24.000000/SYS) CPU/1 (3/24.000000/SYS) CPU/0 (2/24.000000/PHB) NET/0 (5/24.000000/SYS) 
x3102c0s7b0n0:44049:45189 [1] NCCL INFO NET/0 :GPU/7000 (5/24.000000/SYS) GPU/46000 (4/24.000000/PHB) GPU/85000 (5/24.000000/SYS) GPU/C7000 (5/24.000000/SYS) CPU/3 (3/24.000000/SYS) CPU/2 (2/24.000000/PHB) CPU/1 (3/24.000000/SYS) CPU/0 (3/24.000000/SYS) NET/0 (0/5000.000000/LOC) 
x3102c0s7b0n0:44049:45189 [1] NCCL INFO Pattern 4, crossNic 0, nChannels 1, bw 24.000000/24.000000, type NVL/SYS, sameChannels 1
x3102c0s7b0n0:44049:45189 [1] NCCL INFO  0 : NET/0 GPU/5 GPU/4 GPU/7 GPU/6 NET/0
x3102c0s7b0n0:44049:45189 [1] NCCL INFO Pattern 1, crossNic 0, nChannels 1, bw 48.000000/24.000000, type NVL/SYS, sameChannels 1
x3102c0s7b0n0:44049:45189 [1] NCCL INFO  0 : NET/0 GPU/4 GPU/5 GPU/6 GPU/7 NET/0
x3102c0s7b0n0:44049:45189 [1] NCCL INFO Pattern 3, crossNic 0, nChannels 0, bw 0.000000/0.000000, type NVL/PIX, sameChannels 1
x3102c0s7b0n0:44056:45186 [3] NCCL INFO NET/Socket : GPU Direct RDMA Disabled for HCA 0 'hsn0'
x3102c0s7b0n0:44056:45186 [3] NCCL INFO transport/p2p.cc:151 Cuda Alloc Size 2097152 pointer 0x15019be00000
x3102c0s7b0n0:44056:45186 [3] NCCL INFO === System : maxBw 24.0 totalBw 264.0 ===
x3102c0s7b0n0:44056:45186 [3] NCCL INFO CPU/3 (1/2/-1)
x3102c0s7b0n0:44056:45186 [3] NCCL INFO + SYS[5000.0] - CPU/2
x3102c0s7b0n0:44056:45186 [3] NCCL INFO + SYS[5000.0] - CPU/1
x3102c0s7b0n0:44056:45186 [3] NCCL INFO + SYS[5000.0] - CPU/0
x3102c0s7b0n0:44056:45186 [3] NCCL INFO + PCI[24.0] - PCI/5000 (11f8406811f8beef)
x3102c0s7b0n0:44056:45186 [3] NCCL INFO               + PCI[24.0] - GPU/7000 (4)
x3102c0s7b0n0:44056:45186 [3] NCCL INFO                             + NVL[88.0] - GPU/85000
x3102c0s7b0n0:44056:45186 [3] NCCL INFO                             + NVL[88.0] - GPU/C7000
x3102c0s7b0n0:44056:45186 [3] NCCL INFO                             + NVL[88.0] - GPU/46000
x3102c0s7b0n0:44056:45186 [3] NCCL INFO CPU/2 (1/2/-1)
x3102c0s7b0n0:44056:45186 [3] NCCL INFO + SYS[5000.0] - CPU/3
x3102c0s7b0n0:44056:45186 [3] NCCL INFO + SYS[5000.0] - CPU/1
x3102c0s7b0n0:44056:45186 [3] NCCL INFO + SYS[5000.0] - CPU/0
x3102c0s7b0n0:44056:45186 [3] NCCL INFO + PCI[24.0] - PCI/44000 (11f8406811f8beef)
x3102c0s7b0n0:44056:45186 [3] NCCL INFO               + PCI[24.0] - GPU/46000 (5)
x3102c0s7b0n0:44056:45186 [3] NCCL INFO                             + NVL[88.0] - GPU/85000
x3102c0s7b0n0:44056:45186 [3] NCCL INFO                             + NVL[88.0] - GPU/C7000
x3102c0s7b0n0:44056:45186 [3] NCCL INFO                             + NVL[88.0] - GPU/7000
x3102c0s7b0n0:44056:45186 [3] NCCL INFO + PCI[24.0] - NIC/43000
x3102c0s7b0n0:44056:45186 [3] NCCL INFO               + NET[25.0] - NET/0 (0/0/25.000000)
x3102c0s7b0n0:44056:45186 [3] NCCL INFO CPU/1 (1/2/-1)
x3102c0s7b0n0:44056:45186 [3] NCCL INFO + SYS[5000.0] - CPU/3
x3102c0s7b0n0:44056:45186 [3] NCCL INFO + SYS[5000.0] - CPU/2
x3102c0s7b0n0:44056:45186 [3] NCCL INFO + SYS[5000.0] - CPU/0
x3102c0s7b0n0:44056:45186 [3] NCCL INFO + PCI[24.0] - PCI/83000 (11f8406811f8beef)
x3102c0s7b0n0:44056:45186 [3] NCCL INFO               + PCI[24.0] - GPU/85000 (6)
x3102c0s7b0n0:44056:45186 [3] NCCL INFO                             + NVL[88.0] - GPU/C7000
x3102c0s7b0n0:44056:45186 [3] NCCL INFO                             + NVL[88.0] - GPU/46000
x3102c0s7b0n0:44056:45186 [3] NCCL INFO                             + NVL[88.0] - GPU/7000
x3102c0s7b0n0:44056:45186 [3] NCCL INFO CPU/0 (1/2/-1)
x3102c0s7b0n0:44056:45186 [3] NCCL INFO + SYS[5000.0] - CPU/3
x3102c0s7b0n0:44056:45186 [3] NCCL INFO + SYS[5000.0] - CPU/2
x3102c0s7b0n0:44056:45186 [3] NCCL INFO + SYS[5000.0] - CPU/1
x3102c0s7b0n0:44056:45186 [3] NCCL INFO + PCI[24.0] - PCI/C5000 (11f8406811f8beef)
x3102c0s7b0n0:44056:45186 [3] NCCL INFO               + PCI[24.0] - GPU/C7000 (7)
x3102c0s7b0n0:44056:45186 [3] NCCL INFO                             + NVL[88.0] - GPU/85000
x3102c0s7b0n0:44056:45186 [3] NCCL INFO                             + NVL[88.0] - GPU/46000
x3102c0s7b0n0:44056:45186 [3] NCCL INFO                             + NVL[88.0] - GPU/7000
x3102c0s7b0n0:44056:45186 [3] NCCL INFO ==========================================
x3102c0s7b0n0:44056:45186 [3] NCCL INFO GPU/7000 :GPU/7000 (0/5000.000000/LOC) GPU/46000 (1/88.000000/NVL) GPU/85000 (1/88.000000/NVL) GPU/C7000 (1/88.000000/NVL) CPU/3 (2/24.000000/PHB) CPU/2 (3/24.000000/SYS) CPU/1 (3/24.000000/SYS) CPU/0 (3/24.000000/SYS) NET/0 (5/24.000000/SYS) 
x3102c0s7b0n0:44056:45186 [3] NCCL INFO GPU/46000 :GPU/7000 (1/88.000000/NVL) GPU/46000 (0/5000.000000/LOC) GPU/85000 (1/88.000000/NVL) GPU/C7000 (1/88.000000/NVL) CPU/3 (3/24.000000/SYS) CPU/2 (2/24.000000/PHB) CPU/1 (3/24.000000/SYS) CPU/0 (3/24.000000/SYS) NET/0 (4/24.000000/PHB) 
x3102c0s7b0n0:44056:45186 [3] NCCL INFO GPU/85000 :GPU/7000 (1/88.000000/NVL) GPU/46000 (1/88.000000/NVL) GPU/85000 (0/5000.000000/LOC) GPU/C7000 (1/88.000000/NVL) CPU/3 (3/24.000000/SYS) CPU/2 (3/24.000000/SYS) CPU/1 (2/24.000000/PHB) CPU/0 (3/24.000000/SYS) NET/0 (5/24.000000/SYS) 
x3102c0s7b0n0:44056:45186 [3] NCCL INFO GPU/C7000 :GPU/7000 (1/88.000000/NVL) GPU/46000 (1/88.000000/NVL) GPU/85000 (1/88.000000/NVL) GPU/C7000 (0/5000.000000/LOC) CPU/3 (3/24.000000/SYS) CPU/2 (3/24.000000/SYS) CPU/1 (3/24.000000/SYS) CPU/0 (2/24.000000/PHB) NET/0 (5/24.000000/SYS) 
x3102c0s7b0n0:44056:45186 [3] NCCL INFO NET/0 :GPU/7000 (5/24.000000/SYS) GPU/46000 (4/24.000000/PHB) GPU/85000 (5/24.000000/SYS) GPU/C7000 (5/24.000000/SYS) CPU/3 (3/24.000000/SYS) CPU/2 (2/24.000000/PHB) CPU/1 (3/24.000000/SYS) CPU/0 (3/24.000000/SYS) NET/0 (0/5000.000000/LOC) 
x3102c0s7b0n0:44056:45186 [3] NCCL INFO Setting affinity for GPU 3 to 01
x3102c0s7b0n0:44056:45186 [3] NCCL INFO Pattern 4, crossNic 0, nChannels 1, bw 24.000000/24.000000, type NVL/SYS, sameChannels 1
x3102c0s7b0n0:44056:45186 [3] NCCL INFO  0 : NET/0 GPU/5 GPU/4 GPU/7 GPU/6 NET/0
x3102c0s7b0n0:44056:45186 [3] NCCL INFO Pattern 1, crossNic 0, nChannels 1, bw 48.000000/24.000000, type NVL/SYS, sameChannels 1
x3102c0s7b0n0:44056:45186 [3] NCCL INFO  0 : NET/0 GPU/4 GPU/5 GPU/6 GPU/7 NET/0
x3102c0s7b0n0:44056:45186 [3] NCCL INFO Pattern 3, crossNic 0, nChannels 0, bw 0.000000/0.000000, type NVL/PIX, sameChannels 1
x3102c0s7b0n0:44051:45185 [2] NCCL INFO transport/p2p.cc:151 Cuda Alloc Size 2097152 pointer 0x149632400000
x3102c0s7b0n0:44051:45185 [2] NCCL INFO === System : maxBw 24.0 totalBw 264.0 ===
x3102c0s7b0n0:44051:45185 [2] NCCL INFO CPU/3 (1/2/-1)
x3102c0s7b0n0:44051:45185 [2] NCCL INFO + SYS[5000.0] - CPU/2
x3102c0s7b0n0:44051:45185 [2] NCCL INFO + SYS[5000.0] - CPU/1
x3102c0s7b0n0:44051:45185 [2] NCCL INFO + SYS[5000.0] - CPU/0
x3102c0s7b0n0:44051:45185 [2] NCCL INFO + PCI[24.0] - PCI/5000 (11f8406811f8beef)
x3102c0s7b0n0:44051:45185 [2] NCCL INFO               + PCI[24.0] - GPU/7000 (4)
x3102c0s7b0n0:44051:45185 [2] NCCL INFO                             + NVL[88.0] - GPU/85000
x3102c0s7b0n0:44051:45185 [2] NCCL INFO                             + NVL[88.0] - GPU/C7000
x3102c0s7b0n0:44051:45185 [2] NCCL INFO                             + NVL[88.0] - GPU/46000
x3102c0s7b0n0:44051:45185 [2] NCCL INFO CPU/2 (1/2/-1)
x3102c0s7b0n0:44051:45185 [2] NCCL INFO + SYS[5000.0] - CPU/3
x3102c0s7b0n0:44051:45185 [2] NCCL INFO + SYS[5000.0] - CPU/1
x3102c0s7b0n0:44051:45185 [2] NCCL INFO + SYS[5000.0] - CPU/0
x3102c0s7b0n0:44051:45185 [2] NCCL INFO + PCI[24.0] - PCI/44000 (11f8406811f8beef)
x3102c0s7b0n0:44051:45185 [2] NCCL INFO               + PCI[24.0] - GPU/46000 (5)
x3102c0s7b0n0:44051:45185 [2] NCCL INFO                             + NVL[88.0] - GPU/85000
x3102c0s7b0n0:44051:45185 [2] NCCL INFO                             + NVL[88.0] - GPU/C7000
x3102c0s7b0n0:44051:45185 [2] NCCL INFO                             + NVL[88.0] - GPU/7000
x3102c0s7b0n0:44051:45185 [2] NCCL INFO + PCI[24.0] - NIC/43000
x3102c0s7b0n0:44051:45185 [2] NCCL INFO               + NET[25.0] - NET/0 (0/0/25.000000)
x3102c0s7b0n0:44051:45185 [2] NCCL INFO CPU/1 (1/2/-1)
x3102c0s7b0n0:44051:45185 [2] NCCL INFO + SYS[5000.0] - CPU/3
x3102c0s7b0n0:44051:45185 [2] NCCL INFO + SYS[5000.0] - CPU/2
x3102c0s7b0n0:44051:45185 [2] NCCL INFO + SYS[5000.0] - CPU/0
x3102c0s7b0n0:44051:45185 [2] NCCL INFO + PCI[24.0] - PCI/83000 (11f8406811f8beef)
x3102c0s7b0n0:44051:45185 [2] NCCL INFO               + PCI[24.0] - GPU/85000 (6)
x3102c0s7b0n0:44051:45185 [2] NCCL INFO                             + NVL[88.0] - GPU/C7000
x3102c0s7b0n0:44051:45185 [2] NCCL INFO                             + NVL[88.0] - GPU/46000
x3102c0s7b0n0:44051:45185 [2] NCCL INFO                             + NVL[88.0] - GPU/7000
x3102c0s7b0n0:44051:45185 [2] NCCL INFO CPU/0 (1/2/-1)
x3102c0s7b0n0:44051:45185 [2] NCCL INFO + SYS[5000.0] - CPU/3
x3102c0s7b0n0:44051:45185 [2] NCCL INFO + SYS[5000.0] - CPU/2
x3102c0s7b0n0:44051:45185 [2] NCCL INFO + SYS[5000.0] - CPU/1
x3102c0s7b0n0:44051:45185 [2] NCCL INFO + PCI[24.0] - PCI/C5000 (11f8406811f8beef)
x3102c0s7b0n0:44051:45185 [2] NCCL INFO               + PCI[24.0] - GPU/C7000 (7)
x3102c0s7b0n0:44051:45185 [2] NCCL INFO                             + NVL[88.0] - GPU/85000
x3102c0s7b0n0:44051:45185 [2] NCCL INFO                             + NVL[88.0] - GPU/46000
x3102c0s7b0n0:44051:45185 [2] NCCL INFO                             + NVL[88.0] - GPU/7000
x3102c0s7b0n0:44051:45185 [2] NCCL INFO ==========================================
x3102c0s7b0n0:44051:45185 [2] NCCL INFO GPU/7000 :GPU/7000 (0/5000.000000/LOC) GPU/46000 (1/88.000000/NVL) GPU/85000 (1/88.000000/NVL) GPU/C7000 (1/88.000000/NVL) CPU/3 (2/24.000000/PHB) CPU/2 (3/24.000000/SYS) CPU/1 (3/24.000000/SYS) CPU/0 (3/24.000000/SYS) NET/0 (5/24.000000/SYS) 
x3102c0s7b0n0:44051:45185 [2] NCCL INFO GPU/46000 :GPU/7000 (1/88.000000/NVL) GPU/46000 (0/5000.000000/LOC) GPU/85000 (1/88.000000/NVL) GPU/C7000 (1/88.000000/NVL) CPU/3 (3/24.000000/SYS) CPU/2 (2/24.000000/PHB) CPU/1 (3/24.000000/SYS) CPU/0 (3/24.000000/SYS) NET/0 (4/24.000000/PHB) 
x3102c0s7b0n0:44051:45185 [2] NCCL INFO GPU/85000 :GPU/7000 (1/88.000000/NVL) GPU/46000 (1/88.000000/NVL) GPU/85000 (0/5000.000000/LOC) GPU/C7000 (1/88.000000/NVL) CPU/3 (3/24.000000/SYS) CPU/2 (3/24.000000/SYS) CPU/1 (2/24.000000/PHB) CPU/0 (3/24.000000/SYS) NET/0 (5/24.000000/SYS) 
x3102c0s7b0n0:44051:45185 [2] NCCL INFO GPU/C7000 :GPU/7000 (1/88.000000/NVL) GPU/46000 (1/88.000000/NVL) GPU/85000 (1/88.000000/NVL) GPU/C7000 (0/5000.000000/LOC) CPU/3 (3/24.000000/SYS) CPU/2 (3/24.000000/SYS) CPU/1 (3/24.000000/SYS) CPU/0 (2/24.000000/PHB) NET/0 (5/24.000000/SYS) 
x3102c0s7b0n0:44051:45185 [2] NCCL INFO NET/0 :GPU/7000 (5/24.000000/SYS) GPU/46000 (4/24.000000/PHB) GPU/85000 (5/24.000000/SYS) GPU/C7000 (5/24.000000/SYS) CPU/3 (3/24.000000/SYS) CPU/2 (2/24.000000/PHB) CPU/1 (3/24.000000/SYS) CPU/0 (3/24.000000/SYS) NET/0 (0/5000.000000/LOC) 
x3102c0s7b0n0:44051:45185 [2] NCCL INFO Pattern 4, crossNic 0, nChannels 1, bw 24.000000/24.000000, type NVL/SYS, sameChannels 1
x3102c0s7b0n0:44051:45185 [2] NCCL INFO  0 : NET/0 GPU/5 GPU/4 GPU/7 GPU/6 NET/0
x3102c0s7b0n0:44051:45185 [2] NCCL INFO Pattern 1, crossNic 0, nChannels 1, bw 48.000000/24.000000, type NVL/SYS, sameChannels 1
x3102c0s7b0n0:44051:45185 [2] NCCL INFO  0 : NET/0 GPU/4 GPU/5 GPU/6 GPU/7 NET/0
x3102c0s7b0n0:44051:45185 [2] NCCL INFO Pattern 3, crossNic 0, nChannels 0, bw 0.000000/0.000000, type NVL/PIX, sameChannels 1
x3102c0s7b0n0:44042:45188 [0] NCCL INFO Tree 0 : 0 -> 4 -> 5/-1/-1
x3102c0s7b0n0:44042:45188 [0] NCCL INFO Tree 1 : -1 -> 4 -> 5/0/-1
x3102c0s7b0n0:44042:45188 [0] NCCL INFO Ring 00 : 5 -> 4 -> 7
x3102c0s7b0n0:44042:45188 [0] NCCL INFO Ring 01 : 5 -> 4 -> 7
x3102c0s7b0n0:44042:45188 [0] NCCL INFO Trees [0] 5/-1/-1->4->0 [1] 5/0/-1->4->-1
x3102c0s7b0n0:44042:45188 [0] NCCL INFO misc/utils.cc:235 memory stack hunk malloc(65536)
x3102c0s7b0n0:44042:45188 [0] NCCL INFO channel.cc:23 Cuda Alloc Size 3456 pointer 0x14e13de00000
x3102c0s7b0n0:44042:45188 [0] NCCL INFO channel.cc:27 Cuda Alloc Size 32 pointer 0x14e13de00e00
x3102c0s7b0n0:44042:45188 [0] NCCL INFO channel.cc:23 Cuda Alloc Size 3456 pointer 0x14e13de01000
x3102c0s7b0n0:44042:45188 [0] NCCL INFO channel.cc:27 Cuda Alloc Size 32 pointer 0x14e13de01e00
x3102c0s7b0n0:44042:45188 [0] NCCL INFO Channel 00/0 : 4[7000] -> 7[c7000] via P2P/IPC/read
x3102c0s7b0n0:44049:45189 [1] NCCL INFO Tree 0 : 4 -> 5 -> 6/-1/-1
x3102c0s7b0n0:44049:45189 [1] NCCL INFO Tree 1 : 4 -> 5 -> 6/-1/-1
x3102c0s7b0n0:44049:45189 [1] NCCL INFO Ring 00 : 2 -> 5 -> 4
x3102c0s7b0n0:44049:45189 [1] NCCL INFO Ring 01 : 2 -> 5 -> 4
x3102c0s7b0n0:44049:45189 [1] NCCL INFO Trees [0] 6/-1/-1->5->4 [1] 6/-1/-1->5->4
x3102c0s7b0n0:44049:45189 [1] NCCL INFO misc/utils.cc:235 memory stack hunk malloc(65536)
x3102c0s7b0n0:44049:45189 [1] NCCL INFO channel.cc:23 Cuda Alloc Size 3456 pointer 0x15416de00000
x3102c0s7b0n0:44049:45189 [1] NCCL INFO channel.cc:27 Cuda Alloc Size 32 pointer 0x15416de00e00
x3102c0s7b0n0:44049:45189 [1] NCCL INFO channel.cc:23 Cuda Alloc Size 3456 pointer 0x15416de01000
x3102c0s7b0n0:44049:45189 [1] NCCL INFO channel.cc:27 Cuda Alloc Size 32 pointer 0x15416de01e00
x3102c0s7b0n0:44042:45267 [0] NCCL INFO Mem Realloc old size 0, new size 8 pointer 0x14e138000c60
x3102c0s7b0n0:44042:45267 [0] NCCL INFO New proxy send connection 0 from local rank 0, transport 0
x3102c0s7b0n0:44049:45268 [1] NCCL INFO Mem Realloc old size 0, new size 8 pointer 0x154160000c60
x3102c0s7b0n0:44049:45268 [1] NCCL INFO Allocated 4194656 bytes of shared memory in /dev/shm/nccl-MeZipY

x3102c0s7b0n0:44049:45268 [1] NCCL INFO New proxy recv connection 0 from local rank 1, transport 2
x3102c0s7b0n0:44049:45189 [1] NCCL INFO Connection to proxy localRank 1 -> connection 0x154160000c80
x3102c0s7b0n0:44051:45185 [2] NCCL INFO Ring 00 : 7 -> 6 -> 1
x3102c0s7b0n0:44051:45185 [2] NCCL INFO Ring 01 : 7 -> 6 -> 1
x3102c0s7b0n0:44051:45185 [2] NCCL INFO Trees [0] 7/-1/-1->6->5 [1] 7/-1/-1->6->5
x3102c0s7b0n0:44051:45185 [2] NCCL INFO misc/utils.cc:235 memory stack hunk malloc(65536)
x3102c0s7b0n0:44051:45185 [2] NCCL INFO channel.cc:23 Cuda Alloc Size 3456 pointer 0x149632400000
x3102c0s7b0n0:44051:45185 [2] NCCL INFO channel.cc:27 Cuda Alloc Size 32 pointer 0x149632400e00
x3102c0s7b0n0:44051:45185 [2] NCCL INFO channel.cc:23 Cuda Alloc Size 3456 pointer 0x149632401000
x3102c0s7b0n0:44051:45185 [2] NCCL INFO channel.cc:27 Cuda Alloc Size 32 pointer 0x149632401e00
x3102c0s7b0n0:44042:45188 [0] NCCL INFO Connection to proxy localRank 0 -> connection 0x14e138000c80
x3102c0s7b0n0:44051:45272 [2] NCCL INFO Mem Realloc old size 0, new size 8 pointer 0x1495e8000c60
x3102c0s7b0n0:44042:45267 [0] NCCL INFO transport/p2p.cc:430 Cuda Alloc Size 6291456 pointer 0x14e132000000
x3102c0s7b0n0:44051:45272 [2] NCCL INFO Allocated 4194656 bytes of shared memory in /dev/shm/nccl-PjqaN8

x3102c0s7b0n0:44051:45272 [2] NCCL INFO New proxy send connection 0 from local rank 2, transport 2
x3102c0s7b0n0:44056:45186 [3] NCCL INFO Ring 00 : 4 -> 7 -> 6
x3102c0s7b0n0:44056:45186 [3] NCCL INFO Ring 01 : 4 -> 7 -> 6
x3102c0s7b0n0:44056:45186 [3] NCCL INFO Trees [0] -1/-1/-1->7->6 [1] -1/-1/-1->7->6
x3102c0s7b0n0:44056:45186 [3] NCCL INFO misc/utils.cc:235 memory stack hunk malloc(65536)
x3102c0s7b0n0:44056:45186 [3] NCCL INFO channel.cc:23 Cuda Alloc Size 3456 pointer 0x15019be00000
x3102c0s7b0n0:44056:45186 [3] NCCL INFO channel.cc:27 Cuda Alloc Size 32 pointer 0x15019be00e00
x3102c0s7b0n0:44056:45186 [3] NCCL INFO channel.cc:23 Cuda Alloc Size 3456 pointer 0x15019be01000
x3102c0s7b0n0:44056:45186 [3] NCCL INFO channel.cc:27 Cuda Alloc Size 32 pointer 0x15019be01e00
x3102c0s7b0n0:44056:45270 [3] NCCL INFO Mem Realloc old size 0, new size 8 pointer 0x15018c000c60
x3102c0s7b0n0:44056:45270 [3] NCCL INFO New proxy recv connection 0 from local rank 3, transport 0
x3102c0s7b0n0:44051:45185 [2] NCCL INFO Connection to proxy localRank 2 -> connection 0x1495e8000c80
x3102c0s7b0n0:44051:45185 [2] NCCL INFO Channel 00/0 : 6[85000] -> 1[46000] [send] via NET/Socket/0
x3102c0s7b0n0:44051:45272 [2] NCCL INFO New proxy send connection 1 from local rank 2, transport 2
x3102c0s7b0n0:44042:45188 [0] NCCL INFO Channel 01/0 : 4[7000] -> 7[c7000] via P2P/IPC/read
x3102c0s7b0n0:44042:45267 [0] NCCL INFO New proxy send connection 1 from local rank 0, transport 0
x3102c0s7b0n0:44056:45186 [3] NCCL INFO Connection to proxy localRank 3 -> connection 0x15018c000c80
x3102c0s7b0n0:44056:45270 [3] NCCL INFO transport/p2p.cc:449 Cuda Alloc Size 6291456 pointer 0x150192000000
x3102c0s7b0n0:44049:45189 [1] NCCL INFO Channel 00/0 : 2[85000] -> 5[46000] [receive] via NET/Socket/0
x3102c0s7b0n0:44049:45268 [1] NCCL INFO New proxy recv connection 1 from local rank 1, transport 2
x3102c0s7b0n0:44051:45185 [2] NCCL INFO Connection to proxy localRank 2 -> connection 0x1495e8000cc0
x3102c0s7b0n0:44051:45185 [2] NCCL INFO Channel 01/0 : 6[85000] -> 1[46000] [send] via NET/Socket/0
x3102c0s7b0n0:44051:45272 [2] NCCL INFO transport/net.cc:571 Cuda Host Alloc Size 9641984 pointer 0x149632600000
x3102c0s7b0n0:44042:45188 [0] NCCL INFO Connection to proxy localRank 0 -> connection 0x14e138000cc0
x3102c0s7b0n0:44042:45267 [0] NCCL INFO transport/p2p.cc:430 Cuda Alloc Size 6291456 pointer 0x14e132600000
x3102c0s7b0n0:44049:45189 [1] NCCL INFO Connection to proxy localRank 1 -> connection 0x154160000cc0
x3102c0s7b0n0:44056:45270 [3] NCCL INFO New proxy recv connection 1 from local rank 3, transport 0
x3102c0s7b0n0:44051:45272 [2] NCCL INFO transport/net.cc:571 Cuda Host Alloc Size 9641984 pointer 0x149633000000
x3102c0s7b0n0:44056:45186 [3] NCCL INFO Connection to proxy localRank 3 -> connection 0x15018c000cc0
x3102c0s7b0n0:44056:45270 [3] NCCL INFO transport/p2p.cc:449 Cuda Alloc Size 6291456 pointer 0x150192600000
x3102c0s7b0n0:44049:45189 [1] NCCL INFO Channel 01/0 : 2[85000] -> 5[46000] [receive] via NET/Socket/0
x3102c0s7b0n0:44049:45268 [1] NCCL INFO transport/net.cc:698 Cuda Host Alloc Size 9641984 pointer 0x15415e000000
x3102c0s7b0n0:44051:45272 [2] NCCL INFO New proxy recv connection 2 from local rank 2, transport 0
x3102c0s7b0n0:44056:45186 [3] NCCL INFO Channel 00/0 : 7[c7000] -> 6[85000] via P2P/IPC/read
x3102c0s7b0n0:44056:45270 [3] NCCL INFO New proxy send connection 2 from local rank 3, transport 0
x3102c0s7b0n0:44042:45267 [0] NCCL INFO New proxy recv connection 2 from local rank 0, transport 0
x3102c0s7b0n0:44042:45188 [0] NCCL INFO Connection to proxy localRank 0 -> connection 0x14e138000d00
x3102c0s7b0n0:44042:45267 [0] NCCL INFO transport/p2p.cc:449 Cuda Alloc Size 6291456 pointer 0x14e133800000
x3102c0s7b0n0:44049:45268 [1] NCCL INFO transport/net.cc:698 Cuda Host Alloc Size 9641984 pointer 0x15415ea00000
x3102c0s7b0n0:44051:45185 [2] NCCL INFO Connection to proxy localRank 2 -> connection 0x1495e8000d00
x3102c0s7b0n0:44051:45272 [2] NCCL INFO transport/p2p.cc:449 Cuda Alloc Size 6291456 pointer 0x149633a00000
x3102c0s7b0n0:44056:45186 [3] NCCL INFO Connection to proxy localRank 3 -> connection 0x15018c000d00
x3102c0s7b0n0:44056:45270 [3] NCCL INFO transport/p2p.cc:430 Cuda Alloc Size 6291456 pointer 0x150193800000
x3102c0s7b0n0:44042:45267 [0] NCCL INFO New proxy recv connection 3 from local rank 0, transport 0
x3102c0s7b0n0:44049:45189 [1] NCCL INFO Channel 00/0 : 5[46000] -> 4[7000] via P2P/IPC/read
x3102c0s7b0n0:44049:45268 [1] NCCL INFO New proxy send connection 2 from local rank 1, transport 0
x3102c0s7b0n0:44051:45272 [2] NCCL INFO New proxy recv connection 3 from local rank 2, transport 0
x3102c0s7b0n0:44056:45186 [3] NCCL INFO Channel 01/0 : 7[c7000] -> 6[85000] via P2P/IPC/read
x3102c0s7b0n0:44056:45270 [3] NCCL INFO New proxy send connection 3 from local rank 3, transport 0
x3102c0s7b0n0:44042:45188 [0] NCCL INFO Connection to proxy localRank 0 -> connection 0x14e138000d40
x3102c0s7b0n0:44042:45267 [0] NCCL INFO transport/p2p.cc:449 Cuda Alloc Size 6291456 pointer 0x14e130000000
x3102c0s7b0n0:44049:45189 [1] NCCL INFO Connection to proxy localRank 1 -> connection 0x154160000d00
x3102c0s7b0n0:44049:45268 [1] NCCL INFO transport/p2p.cc:430 Cuda Alloc Size 6291456 pointer 0x15415f400000
x3102c0s7b0n0:44051:45185 [2] NCCL INFO Connection to proxy localRank 2 -> connection 0x1495e8000d40
x3102c0s7b0n0:44051:45272 [2] NCCL INFO transport/p2p.cc:449 Cuda Alloc Size 6291456 pointer 0x149634000000
x3102c0s7b0n0:44056:45186 [3] NCCL INFO Connection to proxy localRank 3 -> connection 0x15018c000d40
x3102c0s7b0n0:44056:45270 [3] NCCL INFO transport/p2p.cc:430 Cuda Alloc Size 6291456 pointer 0x15018a000000
x3102c0s7b0n0:44049:45189 [1] NCCL INFO Channel 01/0 : 5[46000] -> 4[7000] via P2P/IPC/read
x3102c0s7b0n0:44049:45268 [1] NCCL INFO New proxy send connection 3 from local rank 1, transport 0
x3102c0s7b0n0:44051:45185 [2] NCCL INFO Connected all rings
x3102c0s7b0n0:44051:45272 [2] NCCL INFO New proxy recv connection 4 from local rank 2, transport 0
x3102c0s7b0n0:44056:45186 [3] NCCL INFO Connected all rings
x3102c0s7b0n0:44056:45270 [3] NCCL INFO New proxy recv connection 4 from local rank 3, transport 0
x3102c0s7b0n0:44049:45189 [1] NCCL INFO Connection to proxy localRank 1 -> connection 0x154160000d40
x3102c0s7b0n0:44049:45268 [1] NCCL INFO transport/p2p.cc:430 Cuda Alloc Size 6291456 pointer 0x15415fa00000
x3102c0s7b0n0:44056:45186 [3] NCCL INFO Connection to proxy localRank 3 -> connection 0x15018c000d80
x3102c0s7b0n0:44056:45270 [3] NCCL INFO transport/p2p.cc:449 Cuda Alloc Size 6291456 pointer 0x15018b200000
x3102c0s7b0n0:44051:45185 [2] NCCL INFO Connection to proxy localRank 2 -> connection 0x1495e8000d80
x3102c0s7b0n0:44051:45272 [2] NCCL INFO transport/p2p.cc:449 Cuda Alloc Size 6291456 pointer 0x149635200000
x3102c0s7b0n0:44049:45189 [1] NCCL INFO Connected all rings
x3102c0s7b0n0:44049:45268 [1] NCCL INFO New proxy recv connection 4 from local rank 1, transport 0
x3102c0s7b0n0:44042:45188 [0] NCCL INFO Connected all rings
x3102c0s7b0n0:44042:45188 [0] NCCL INFO Channel 00/0 : 4[7000] -> 5[46000] via P2P/IPC/read
x3102c0s7b0n0:44042:45267 [0] NCCL INFO New proxy send connection 4 from local rank 0, transport 0
x3102c0s7b0n0:44042:45188 [0] NCCL INFO Connection to proxy localRank 0 -> connection 0x14e138000d80
x3102c0s7b0n0:44042:45267 [0] NCCL INFO transport/p2p.cc:430 Cuda Alloc Size 6291456 pointer 0x14e131200000
x3102c0s7b0n0:44056:45270 [3] NCCL INFO New proxy recv connection 5 from local rank 3, transport 0
x3102c0s7b0n0:44051:45272 [2] NCCL INFO New proxy recv connection 5 from local rank 2, transport 0
x3102c0s7b0n0:44049:45189 [1] NCCL INFO Connection to proxy localRank 1 -> connection 0x154160000d80
x3102c0s7b0n0:44049:45268 [1] NCCL INFO transport/p2p.cc:449 Cuda Alloc Size 6291456 pointer 0x15415cc00000
x3102c0s7b0n0:44042:45188 [0] NCCL INFO Channel 01/0 : 4[7000] -> 5[46000] via P2P/IPC/read
x3102c0s7b0n0:44042:45267 [0] NCCL INFO New proxy send connection 5 from local rank 0, transport 0
x3102c0s7b0n0:44056:45186 [3] NCCL INFO Connection to proxy localRank 3 -> connection 0x15018c000dc0
x3102c0s7b0n0:44056:45270 [3] NCCL INFO transport/p2p.cc:449 Cuda Alloc Size 6291456 pointer 0x15018b800000
x3102c0s7b0n0:44051:45185 [2] NCCL INFO Connection to proxy localRank 2 -> connection 0x1495e8000dc0
x3102c0s7b0n0:44051:45272 [2] NCCL INFO transport/p2p.cc:449 Cuda Alloc Size 6291456 pointer 0x149635800000
x3102c0s7b0n0:44049:45268 [1] NCCL INFO New proxy recv connection 5 from local rank 1, transport 0
x3102c0s7b0n0:44042:45188 [0] NCCL INFO Connection to proxy localRank 0 -> connection 0x14e138000dc0
x3102c0s7b0n0:44042:45267 [0] NCCL INFO transport/p2p.cc:430 Cuda Alloc Size 6291456 pointer 0x14e131800000
x3102c0s7b0n0:44049:45189 [1] NCCL INFO Connection to proxy localRank 1 -> connection 0x154160000dc0
x3102c0s7b0n0:44049:45268 [1] NCCL INFO transport/p2p.cc:449 Cuda Alloc Size 6291456 pointer 0x15415d200000
x3102c0s7b0n0:44051:45185 [2] NCCL INFO Channel 00/0 : 6[85000] -> 7[c7000] via P2P/IPC/read
x3102c0s7b0n0:44051:45272 [2] NCCL INFO New proxy send connection 6 from local rank 2, transport 0
x3102c0s7b0n0:44051:45185 [2] NCCL INFO Connection to proxy localRank 2 -> connection 0x1495e8000e00
x3102c0s7b0n0:44051:45272 [2] NCCL INFO transport/p2p.cc:430 Cuda Alloc Size 6291456 pointer 0x149635e00000
x3102c0s7b0n0:44049:45189 [1] NCCL INFO Channel 00/0 : 5[46000] -> 6[85000] via P2P/IPC/read
x3102c0s7b0n0:44049:45268 [1] NCCL INFO New proxy send connection 6 from local rank 1, transport 0
x3102c0s7b0n0:44051:45185 [2] NCCL INFO Channel 01/0 : 6[85000] -> 7[c7000] via P2P/IPC/read
x3102c0s7b0n0:44051:45272 [2] NCCL INFO New proxy send connection 7 from local rank 2, transport 0
x3102c0s7b0n0:44049:45189 [1] NCCL INFO Connection to proxy localRank 1 -> connection 0x154160000e00
x3102c0s7b0n0:44049:45268 [1] NCCL INFO transport/p2p.cc:430 Cuda Alloc Size 6291456 pointer 0x15415d800000
x3102c0s7b0n0:44049:45189 [1] NCCL INFO Channel 01/0 : 5[46000] -> 6[85000] via P2P/IPC/read
x3102c0s7b0n0:44049:45268 [1] NCCL INFO New proxy send connection 7 from local rank 1, transport 0
x3102c0s7b0n0:44049:45189 [1] NCCL INFO Connection to proxy localRank 1 -> connection 0x154160000e40
x3102c0s7b0n0:44051:45185 [2] NCCL INFO Connection to proxy localRank 2 -> connection 0x1495e8000e40
x3102c0s7b0n0:44051:45272 [2] NCCL INFO transport/p2p.cc:430 Cuda Alloc Size 6291456 pointer 0x149636400000
x3102c0s7b0n0:44049:45268 [1] NCCL INFO transport/p2p.cc:430 Cuda Alloc Size 6291456 pointer 0x15415a000000
x3102c0s7b0n0:44042:45267 [0] NCCL INFO Allocated 4194656 bytes of shared memory in /dev/shm/nccl-Mhy9xt

x3102c0s7b0n0:44042:45267 [0] NCCL INFO New proxy recv connection 6 from local rank 0, transport 2
x3102c0s7b0n0:44051:45185 [2] NCCL INFO Channel 00/0 : 6[85000] -> 5[46000] via P2P/IPC/read
x3102c0s7b0n0:44056:45186 [3] NCCL INFO Connected all trees by HAO
x3102c0s7b0n0:44056:45186 [3] NCCL INFO threadThresholds 8/8/64 | 64/8/64 | 512 | 512
x3102c0s7b0n0:44056:45186 [3] NCCL INFO 2 coll channels, 2 p2p channels, 2 p2p channels per peer
x3102c0s7b0n0:44049:45268 [1] NCCL INFO New proxy recv connection 8 from local rank 1, transport 0
x3102c0s7b0n0:44051:45272 [2] NCCL INFO New proxy send connection 8 from local rank 2, transport 0
x3102c0s7b0n0:44056:45270 [3] NCCL INFO Allocated 4194656 bytes of shared memory in /dev/shm/nccl-DWWUst

x3102c0s7b0n0:44056:45270 [3] NCCL INFO New proxy send connection 6 from local rank 3, transport 2
x3102c0s7b0n0:44056:45186 [3] NCCL INFO Connection to proxy localRank 3 -> connection 0x15018c000e00
x3102c0s7b0n0:44056:45270 [3] NCCL INFO transport/net.cc:376 Cuda Alloc Size 4194304 pointer 0x150188c00000
x3102c0s7b0n0:44042:45188 [0] NCCL INFO Connection to proxy localRank 0 -> connection 0x14e138000e00
x3102c0s7b0n0:44049:45189 [1] NCCL INFO Connection to proxy localRank 1 -> connection 0x154160000e80
x3102c0s7b0n0:44049:45268 [1] NCCL INFO transport/p2p.cc:449 Cuda Alloc Size 6291456 pointer 0x154158000000
x3102c0s7b0n0:44051:45185 [2] NCCL INFO Connection to proxy localRank 2 -> connection 0x1495e8000e80
x3102c0s7b0n0:44051:45272 [2] NCCL INFO transport/p2p.cc:430 Cuda Alloc Size 6291456 pointer 0x149638200000
x3102c0s7b0n0:44042:45188 [0] NCCL INFO Channel 00/0 : 0[7000] -> 4[7000] [receive] via NET/Socket/0
x3102c0s7b0n0:44042:45267 [0] NCCL INFO New proxy recv connection 7 from local rank 0, transport 2
x3102c0s7b0n0:44049:45268 [1] NCCL INFO New proxy recv connection 9 from local rank 1, transport 0
x3102c0s7b0n0:44051:45185 [2] NCCL INFO Channel 01/0 : 6[85000] -> 5[46000] via P2P/IPC/read
x3102c0s7b0n0:44051:45272 [2] NCCL INFO New proxy send connection 9 from local rank 2, transport 0
x3102c0s7b0n0:44042:45188 [0] NCCL INFO Connection to proxy localRank 0 -> connection 0x14e138000e40
x3102c0s7b0n0:44042:45188 [0] NCCL INFO Channel 01/0 : 0[7000] -> 4[7000] [receive] via NET/Socket/0
x3102c0s7b0n0:44042:45267 [0] NCCL INFO New proxy send connection 8 from local rank 0, transport 2
x3102c0s7b0n0:44051:45185 [2] NCCL INFO Connection to proxy localRank 2 -> connection 0x1495e8000ec0
x3102c0s7b0n0:44051:45272 [2] NCCL INFO transport/p2p.cc:430 Cuda Alloc Size 6291456 pointer 0x149638800000
x3102c0s7b0n0:44049:45189 [1] NCCL INFO Connection to proxy localRank 1 -> connection 0x154160000ec0
x3102c0s7b0n0:44049:45268 [1] NCCL INFO transport/p2p.cc:449 Cuda Alloc Size 6291456 pointer 0x154158600000
x3102c0s7b0n0:44042:45188 [0] NCCL INFO Connection to proxy localRank 0 -> connection 0x14e138000e80
x3102c0s7b0n0:44042:45188 [0] NCCL INFO Channel 00/0 : 4[7000] -> 0[7000] [send] via NET/Socket/0
x3102c0s7b0n0:44042:45267 [0] NCCL INFO New proxy send connection 9 from local rank 0, transport 2
x3102c0s7b0n0:44049:45189 [1] NCCL INFO Connected all trees by HAO
x3102c0s7b0n0:44049:45189 [1] NCCL INFO threadThresholds 8/8/64 | 64/8/64 | 512 | 512
x3102c0s7b0n0:44049:45189 [1] NCCL INFO 2 coll channels, 2 p2p channels, 2 p2p channels per peer
x3102c0s7b0n0:44051:45185 [2] NCCL INFO Connected all trees by HAO
x3102c0s7b0n0:44051:45185 [2] NCCL INFO threadThresholds 8/8/64 | 64/8/64 | 512 | 512
x3102c0s7b0n0:44051:45185 [2] NCCL INFO 2 coll channels, 2 p2p channels, 2 p2p channels per peer
x3102c0s7b0n0:44051:45272 [2] NCCL INFO New proxy send connection 10 from local rank 2, transport 2
x3102c0s7b0n0:44049:45268 [1] NCCL INFO New proxy send connection 10 from local rank 1, transport 2
x3102c0s7b0n0:44042:45188 [0] NCCL INFO Connection to proxy localRank 0 -> connection 0x14e138000ec0
x3102c0s7b0n0:44042:45188 [0] NCCL INFO Channel 01/0 : 4[7000] -> 0[7000] [send] via NET/Socket/0
x3102c0s7b0n0:44042:45267 [0] NCCL INFO transport/net.cc:571 Cuda Host Alloc Size 9641984 pointer 0x14e12ec00000
x3102c0s7b0n0:44049:45189 [1] NCCL INFO Connection to proxy localRank 1 -> connection 0x154160000f00
x3102c0s7b0n0:44049:45268 [1] NCCL INFO transport/net.cc:376 Cuda Alloc Size 4194304 pointer 0x154159800000
x3102c0s7b0n0:44051:45185 [2] NCCL INFO Connection to proxy localRank 2 -> connection 0x1495e8000f00
x3102c0s7b0n0:44051:45272 [2] NCCL INFO transport/net.cc:376 Cuda Alloc Size 4194304 pointer 0x149639a00000
x3102c0s7b0n0:44042:45267 [0] NCCL INFO transport/net.cc:571 Cuda Host Alloc Size 9641984 pointer 0x14e12f600000
x3102c0s7b0n0:44042:45267 [0] NCCL INFO transport/net.cc:698 Cuda Host Alloc Size 9641984 pointer 0x14e126000000
x3102c0s7b0n0:44042:45267 [0] NCCL INFO transport/net.cc:698 Cuda Host Alloc Size 9641984 pointer 0x14e126a00000
x3102c0s7b0n0:44042:45188 [0] NCCL INFO Connected all trees by HAO
x3102c0s7b0n0:44042:45188 [0] NCCL INFO threadThresholds 8/8/64 | 64/8/64 | 512 | 512
x3102c0s7b0n0:44042:45188 [0] NCCL INFO 2 coll channels, 2 p2p channels, 2 p2p channels per peer
x3102c0s7b0n0:44042:45267 [0] NCCL INFO New proxy send connection 10 from local rank 0, transport 2
x3102c0s7b0n0:44042:45188 [0] NCCL INFO Connection to proxy localRank 0 -> connection 0x14e138000f00
x3102c0s7b0n0:44042:45188 [0] NCCL INFO init.cc:367 Cuda Alloc Size 5168 pointer 0x14e13de02000
x3102c0s7b0n0:44051:45185 [2] NCCL INFO init.cc:367 Cuda Alloc Size 5168 pointer 0x149632402000
x3102c0s7b0n0:44049:45189 [1] NCCL INFO init.cc:367 Cuda Alloc Size 5168 pointer 0x15416de02000
x3102c0s7b0n0:44056:45186 [3] NCCL INFO init.cc:367 Cuda Alloc Size 5168 pointer 0x15019be02000
x3102c0s7b0n0:44056:45186 [3] NCCL INFO init.cc:392 Cuda Host Alloc Size 33554432 pointer 0x150182000000
x3102c0s7b0n0:44056:45186 [3] NCCL INFO init.cc:398 Cuda Host Alloc Size 128 pointer 0x15019b400200
x3102c0s7b0n0:44056:45186 [3] NCCL INFO comm 0x5626e3bd0d00 rank 7 nranks 8 cudaDev 3 busId c7000 - Init COMPLETE
x3102c0s7b0n0:44056:44056 [3] NCCL INFO AllReduce: opCount 0 sendbuff 0x1501dbc00200 recvbuff 0x1501dbc00200 count 1 datatype 1 op 0 root 0 comm 0x5626e3bd0d00 [nranks=8] stream 0x5626e2f5a610
x3102c0s7b0n0:44056:44056 [3] NCCL INFO misc/utils.cc:235 memory stack hunk malloc(65536)
[LYD INFO in ncclLaunchKernel (enqueue.cc)] NCHANNELS is: 2x3102c0s7b0n0:44051:45185 [2] NCCL INFO init.cc:392 Cuda Host Alloc Size 33554432 pointer 0x149639e00000
x3102c0s7b0n0:44051:45185 [2] NCCL INFO init.cc:398 Cuda Host Alloc Size 128 pointer 0x149647a00200
x3102c0s7b0n0:44051:45185 [2] NCCL INFO comm 0x563e3df680d0 rank 6 nranks 8 cudaDev 2 busId 85000 - Init COMPLETE
x3102c0s7b0n0:44049:45189 [1] NCCL INFO init.cc:392 Cuda Host Alloc Size 33554432 pointer 0x154156000000
x3102c0s7b0n0:44049:45189 [1] NCCL INFO init.cc:398 Cuda Host Alloc Size 128 pointer 0x15416d400200
x3102c0s7b0n0:44049:45189 [1] NCCL INFO comm 0x55c250e10b90 rank 5 nranks 8 cudaDev 1 busId 46000 - Init COMPLETE
x3102c0s7b0n0:44042:45188 [0] NCCL INFO init.cc:392 Cuda Host Alloc Size 33554432 pointer 0x14e124000000
x3102c0s7b0n0:44042:45188 [0] NCCL INFO init.cc:398 Cuda Host Alloc Size 128 pointer 0x14e13d400200
x3102c0s7b0n0:44042:45188 [0] NCCL INFO comm 0x5558382fed60 rank 4 nranks 8 cudaDev 0 busId 7000 - Init COMPLETE
x3102c0s7b0n0:44042:45267 [0] NCCL INFO transport/net.cc:376 Cuda Alloc Size 4194304 pointer 0x14e127400000
x3102c0s7b0n0:44042:44042 [0] NCCL INFO AllReduce: opCount 0 sendbuff 0x14e17bc00200 recvbuff 0x14e17bc00200 count 1 datatype 1 op 0 root 0 comm 0x5558382fed60 [nranks=8] stream 0x555837688670
x3102c0s7b0n0:44042:44042 [0] NCCL INFO misc/utils.cc:235 memory stack hunk malloc(65536)
[LYD INFO in ncclLaunchKernel (enqueue.cc)] NCHANNELS is: 2x3102c0s7b0n0:44051:44051 [2] NCCL INFO AllReduce: opCount 0 sendbuff 0x14962cc00200 recvbuff 0x14962cc00200 count 1 datatype 1 op 0 root 0 comm 0x563e3df680d0 [nranks=8] stream 0x563e3d2f1bc0
x3102c0s7b0n0:44051:44051 [2] NCCL INFO misc/utils.cc:235 memory stack hunk malloc(65536)
[LYD INFO in ncclLaunchKernel (enqueue.cc)] NCHANNELS is: 2x3102c0s7b0n0:44049:44049 [1] NCCL INFO AllReduce: opCount 0 sendbuff 0x1541afc00200 recvbuff 0x1541afc00200 count 1 datatype 1 op 0 root 0 comm 0x55c250e10b90 [nranks=8] stream 0x55c2501ddff0
x3102c0s7b0n0:44049:44049 [1] NCCL INFO misc/utils.cc:235 memory stack hunk malloc(65536)
[LYD INFO in ncclLaunchKernel (enqueue.cc)] NCHANNELS is: 2