x3004c0s1b0n0:15737:16944 [2] NCCL INFO Trees [0] 3/-1/-1->2->1 [1] 3/-1/-1->2->1 [2] 3/-1/-1->2->1 [3] 3/-1/-1->2->1
x3004c0s1b0n0:15737:16944 [2] NCCL INFO misc/utils.cc:235 memory stack hunk malloc(65536)
x3004c0s1b0n0:15737:16944 [2] NCCL INFO channel.cc:23 Cuda Alloc Size 8064 pointer 0x14851fe00000
x3004c0s1b0n0:15737:16944 [2] NCCL INFO channel.cc:27 Cuda Alloc Size 80 pointer 0x14851fe02000
x3004c0s1b0n0:15737:16944 [2] NCCL INFO channel.cc:23 Cuda Alloc Size 8064 pointer 0x14851fe02200
x3004c0s1b0n0:15737:16944 [2] NCCL INFO channel.cc:27 Cuda Alloc Size 80 pointer 0x14851fe04200
x3004c0s1b0n0:15737:16944 [2] NCCL INFO channel.cc:23 Cuda Alloc Size 8064 pointer 0x14851fe04400
x3004c0s1b0n0:15737:16944 [2] NCCL INFO channel.cc:27 Cuda Alloc Size 80 pointer 0x14851fe06400
x3004c0s1b0n0:15737:16944 [2] NCCL INFO channel.cc:23 Cuda Alloc Size 8064 pointer 0x14851fe06600
x3004c0s1b0n0:15737:16944 [2] NCCL INFO channel.cc:27 Cuda Alloc Size 80 pointer 0x14851fe08600
x3004c0s1b0n0:15737:16944 [2] NCCL INFO Channel 00/0 : 2[85000] -> 3[c7000] via P2P/IPC/read
x3004c0s1b0n0:15735:16910 [0] NCCL INFO Connection to proxy localRank 0 -> connection 0x14e2ac000c80
x3004c0s1b0n0:15736:17094 [1] NCCL INFO Mem Realloc old size 0, new size 8 pointer 0x1508f8000c60
x3004c0s1b0n0:15735:17093 [0] NCCL INFO transport/p2p.cc:430 Cuda Alloc Size 6291456 pointer 0x14e2b2000000
x3004c0s1b0n0:15736:17094 [1] NCCL INFO Allocated 4194656 bytes of shared memory in /dev/shm/nccl-4bONz6

x3004c0s1b0n0:15736:17094 [1] NCCL INFO New proxy recv connection 0 from local rank 1, transport 2
x3004c0s1b0n0:15737:17098 [2] NCCL INFO Mem Realloc old size 0, new size 8 pointer 0x1484d4000c60
x3004c0s1b0n0:15737:17098 [2] NCCL INFO New proxy send connection 0 from local rank 2, transport 0
x3004c0s1b0n0:15738:16943 [3] NCCL INFO Ring 00 : 2 -> 3 -> 5
x3004c0s1b0n0:15738:16943 [3] NCCL INFO Ring 01 : 2 -> 3 -> 5
x3004c0s1b0n0:15738:16943 [3] NCCL INFO Ring 02 : 2 -> 3 -> 5
x3004c0s1b0n0:15738:16943 [3] NCCL INFO Ring 03 : 2 -> 3 -> 5
x3004c0s1b0n0:15738:16943 [3] NCCL INFO Trees [0] -1/-1/-1->3->2 [1] -1/-1/-1->3->2 [2] -1/-1/-1->3->2 [3] -1/-1/-1->3->2
x3004c0s1b0n0:15738:16943 [3] NCCL INFO misc/utils.cc:235 memory stack hunk malloc(65536)
x3004c0s1b0n0:15738:16943 [3] NCCL INFO channel.cc:23 Cuda Alloc Size 8064 pointer 0x147c7be00000
x3004c0s1b0n0:15738:16943 [3] NCCL INFO channel.cc:27 Cuda Alloc Size 80 pointer 0x147c7be02000
x3004c0s1b0n0:15738:16943 [3] NCCL INFO channel.cc:23 Cuda Alloc Size 8064 pointer 0x147c7be02200
x3004c0s1b0n0:15738:16943 [3] NCCL INFO channel.cc:27 Cuda Alloc Size 80 pointer 0x147c7be04200
x3004c0s1b0n0:15738:16943 [3] NCCL INFO channel.cc:23 Cuda Alloc Size 8064 pointer 0x147c7be04400
x3004c0s1b0n0:15738:16943 [3] NCCL INFO channel.cc:27 Cuda Alloc Size 80 pointer 0x147c7be06400
x3004c0s1b0n0:15738:16943 [3] NCCL INFO channel.cc:23 Cuda Alloc Size 8064 pointer 0x147c7be06600
x3004c0s1b0n0:15738:16943 [3] NCCL INFO channel.cc:27 Cuda Alloc Size 80 pointer 0x147c7be08600
x3004c0s1b0n0:15738:17095 [3] NCCL INFO Mem Realloc old size 0, new size 8 pointer 0x147c34000c60
x3004c0s1b0n0:15738:17095 [3] NCCL INFO New proxy recv connection 0 from local rank 3, transport 0
x3004c0s1b0n0:15735:16910 [0] NCCL INFO Channel 01/0 : 0[7000] -> 2[85000] via P2P/IPC/read
x3004c0s1b0n0:15735:17093 [0] NCCL INFO New proxy send connection 1 from local rank 0, transport 0
x3004c0s1b0n0:15737:16944 [2] NCCL INFO Connection to proxy localRank 2 -> connection 0x1484d4000c80
x3004c0s1b0n0:15736:16947 [1] NCCL INFO Connection to proxy localRank 1 -> connection 0x1508f8000c80
x3004c0s1b0n0:15738:16943 [3] NCCL INFO Connection to proxy localRank 3 -> connection 0x147c34000c80
x3004c0s1b0n0:15738:17095 [3] NCCL INFO transport/p2p.cc:449 Cuda Alloc Size 6291456 pointer 0x147c7c000000
x3004c0s1b0n0:15738:17095 [3] NCCL INFO New proxy recv connection 1 from local rank 3, transport 0
x3004c0s1b0n0:15737:17098 [2] NCCL INFO transport/p2p.cc:430 Cuda Alloc Size 6291456 pointer 0x148520000000
x3004c0s1b0n0:15736:16947 [1] NCCL INFO Channel 00/0 : 19[c7000] -> 1[46000] [receive] via NET/IB/1
x3004c0s1b0n0:15736:16947 [1] NCCL INFO GPU Direct RDMA Disabled for GPU 46000 / HCA 0 (distance 7 > 4)
x3004c0s1b0n0:15736:17094 [1] NCCL INFO New proxy recv connection 1 from local rank 1, transport 2
x3004c0s1b0n0:15735:16910 [0] NCCL INFO Connection to proxy localRank 0 -> connection 0x14e2ac000cc0
x3004c0s1b0n0:15735:17093 [0] NCCL INFO transport/p2p.cc:430 Cuda Alloc Size 6291456 pointer 0x14e2b2600000
x3004c0s1b0n0:15737:16944 [2] NCCL INFO Channel 01/0 : 2[85000] -> 3[c7000] via P2P/IPC/read
x3004c0s1b0n0:15737:17098 [2] NCCL INFO New proxy send connection 1 from local rank 2, transport 0
x3004c0s1b0n0:15738:16943 [3] NCCL INFO Connection to proxy localRank 3 -> connection 0x147c34000cc0
x3004c0s1b0n0:15738:17095 [3] NCCL INFO transport/p2p.cc:449 Cuda Alloc Size 6291456 pointer 0x147c7c600000
x3004c0s1b0n0:15736:16947 [1] NCCL INFO Connection to proxy localRank 1 -> connection 0x1508f8000cc0
x3004c0s1b0n0:15735:16910 [0] NCCL INFO Channel 02/0 : 0[7000] -> 2[85000] via P2P/IPC/read
x3004c0s1b0n0:15735:17093 [0] NCCL INFO New proxy send connection 2 from local rank 0, transport 0
x3004c0s1b0n0:15737:16944 [2] NCCL INFO Connection to proxy localRank 2 -> connection 0x1484d4000cc0
x3004c0s1b0n0:15737:17098 [2] NCCL INFO transport/p2p.cc:430 Cuda Alloc Size 6291456 pointer 0x148520600000
x3004c0s1b0n0:15738:17095 [3] NCCL INFO New proxy recv connection 2 from local rank 3, transport 0
x3004c0s1b0n0:15736:16947 [1] NCCL INFO Channel 01/0 : 19[c7000] -> 1[46000] [receive] via NET/IB/0
x3004c0s1b0n0:15736:16947 [1] NCCL INFO GPU Direct RDMA Disabled for GPU 46000 / HCA 1 (distance 6 > 4)
x3004c0s1b0n0:15736:17094 [1] NCCL INFO New proxy recv connection 2 from local rank 1, transport 2
x3004c0s1b0n0:15735:16910 [0] NCCL INFO Connection to proxy localRank 0 -> connection 0x14e2ac000d00
x3004c0s1b0n0:15737:16944 [2] NCCL INFO Channel 02/0 : 2[85000] -> 3[c7000] via P2P/IPC/read
x3004c0s1b0n0:15737:17098 [2] NCCL INFO New proxy send connection 2 from local rank 2, transport 0
x3004c0s1b0n0:15738:16943 [3] NCCL INFO Connection to proxy localRank 3 -> connection 0x147c34000d00
x3004c0s1b0n0:15738:17095 [3] NCCL INFO transport/p2p.cc:449 Cuda Alloc Size 6291456 pointer 0x147c7cc00000
x3004c0s1b0n0:15735:17093 [0] NCCL INFO transport/p2p.cc:430 Cuda Alloc Size 6291456 pointer 0x14e2b2c00000
x3004c0s1b0n0:15736:16947 [1] NCCL INFO Connection to proxy localRank 1 -> connection 0x1508f8000d00
x3004c0s1b0n0:15737:16944 [2] NCCL INFO Connection to proxy localRank 2 -> connection 0x1484d4000d00
x3004c0s1b0n0:15737:17098 [2] NCCL INFO transport/p2p.cc:430 Cuda Alloc Size 6291456 pointer 0x148520c00000
x3004c0s1b0n0:15738:17095 [3] NCCL INFO New proxy recv connection 3 from local rank 3, transport 0
x3004c0s1b0n0:15736:16947 [1] NCCL INFO Channel 02/0 : 19[c7000] -> 1[46000] [receive] via NET/IB/1
x3004c0s1b0n0:15736:16947 [1] NCCL INFO GPU Direct RDMA Disabled for GPU 46000 / HCA 0 (distance 7 > 4)
x3004c0s1b0n0:15736:17094 [1] NCCL INFO New proxy recv connection 3 from local rank 1, transport 2
x3004c0s1b0n0:15735:16910 [0] NCCL INFO Channel 03/0 : 0[7000] -> 2[85000] via P2P/IPC/read
x3004c0s1b0n0:15735:17093 [0] NCCL INFO New proxy send connection 3 from local rank 0, transport 0
x3004c0s1b0n0:15737:16944 [2] NCCL INFO Channel 03/0 : 2[85000] -> 3[c7000] via P2P/IPC/read
x3004c0s1b0n0:15737:17098 [2] NCCL INFO New proxy send connection 3 from local rank 2, transport 0
x3004c0s1b0n0:15738:16943 [3] NCCL INFO Connection to proxy localRank 3 -> connection 0x147c34000d40
x3004c0s1b0n0:15738:17095 [3] NCCL INFO transport/p2p.cc:449 Cuda Alloc Size 6291456 pointer 0x147c7d200000
x3004c0s1b0n0:15736:16947 [1] NCCL INFO Connection to proxy localRank 1 -> connection 0x1508f8000d40
x3004c0s1b0n0:15737:16944 [2] NCCL INFO Connection to proxy localRank 2 -> connection 0x1484d4000d40
x3004c0s1b0n0:15737:17098 [2] NCCL INFO transport/p2p.cc:430 Cuda Alloc Size 6291456 pointer 0x148521200000
x3004c0s1b0n0:15735:16910 [0] NCCL INFO Connection to proxy localRank 0 -> connection 0x14e2ac000d40
x3004c0s1b0n0:15735:17093 [0] NCCL INFO transport/p2p.cc:430 Cuda Alloc Size 6291456 pointer 0x14e2b3200000
x3004c0s1b0n0:15736:16947 [1] NCCL INFO Channel 03/0 : 19[c7000] -> 1[46000] [receive] via NET/IB/0
x3004c0s1b0n0:15738:16943 [3] NCCL INFO GPU Direct RDMA Disabled for GPU c7000 / HCA 1 (distance 7 > 4)
x3004c0s1b0n0:15738:17095 [3] NCCL INFO Allocated 4194656 bytes of shared memory in /dev/shm/nccl-IRxjVg

x3004c0s1b0n0:15738:17095 [3] NCCL INFO New proxy send connection 4 from local rank 3, transport 2
x3004c0s1b0n0:15737:17098 [2] NCCL INFO New proxy recv connection 4 from local rank 2, transport 0
x3004c0s1b0n0:15737:16944 [2] NCCL INFO Connection to proxy localRank 2 -> connection 0x1484d4000d80
x3004c0s1b0n0:15738:16943 [3] NCCL INFO Connection to proxy localRank 3 -> connection 0x147c34000d80
x3004c0s1b0n0:15738:16943 [3] NCCL INFO Channel 00/0 : 3[c7000] -> 5[46000] [send] via NET/IB/1
x3004c0s1b0n0:15738:16943 [3] NCCL INFO GPU Direct RDMA Disabled for GPU c7000 / HCA 0 (distance 6 > 4)
x3004c0s1b0n0:15738:17095 [3] NCCL INFO New proxy send connection 5 from local rank 3, transport 2
x3004c0s1b0n0:15738:16943 [3] NCCL INFO Connection to proxy localRank 3 -> connection 0x147c34000dc0
x3004c0s1b0n0:15738:16943 [3] NCCL INFO Channel 01/0 : 3[c7000] -> 5[46000] [send] via NET/IB/0
x3004c0s1b0n0:15738:16943 [3] NCCL INFO GPU Direct RDMA Disabled for GPU c7000 / HCA 1 (distance 7 > 4)
x3004c0s1b0n0:15737:17098 [2] NCCL INFO transport/p2p.cc:449 Cuda Alloc Size 6291456 pointer 0x148523000000
x3004c0s1b0n0:15736:17094 [1] NCCL INFO transport/net_ib.cc:683 Ib Alloc Size 21688 pointer 0x1508f801d000
x3004c0s1b0n0:15736:17094 [1] NCCL INFO transport/net_ib.cc:696 Ib Alloc Size 552 pointer 0x1508f8024000
x3004c0s1b0n0:15737:17098 [2] NCCL INFO New proxy recv connection 5 from local rank 2, transport 0
x3004c0s1b0n0:15738:17095 [3] NCCL INFO New proxy send connection 6 from local rank 3, transport 2
x3004c0s1b0n0:15736:17094 [1] NCCL INFO transport/net_ib.cc:771 Ib Alloc Size 552 pointer 0x1508f804b000
x3004c0s1b0n0:15736:17094 [1] NCCL INFO transport/net.cc:698 Cuda Host Alloc Size 9641984 pointer 0x1508f6000000
x3004c0s1b0n0:15736:17094 [1] NCCL INFO Mem Realloc old size 0, new size 768 pointer 0x1508f80406b0
x3004c0s1b0n0:15738:16943 [3] NCCL INFO Connection to proxy localRank 3 -> connection 0x147c34000e00
x3004c0s1b0n0:15738:16943 [3] NCCL INFO Channel 02/0 : 3[c7000] -> 5[46000] [send] via NET/IB/1
x3004c0s1b0n0:15738:16943 [3] NCCL INFO GPU Direct RDMA Disabled for GPU c7000 / HCA 0 (distance 6 > 4)
x3004c0s1b0n0:15737:16944 [2] NCCL INFO Connection to proxy localRank 2 -> connection 0x1484d4000dc0
x3004c0s1b0n0:15737:17098 [2] NCCL INFO transport/p2p.cc:449 Cuda Alloc Size 6291456 pointer 0x148523600000
x3004c0s1b0n0:15736:17094 [1] NCCL INFO transport/net_ib.cc:683 Ib Alloc Size 21688 pointer 0x1508f804d000
x3004c0s1b0n0:15736:17094 [1] NCCL INFO transport/net_ib.cc:696 Ib Alloc Size 552 pointer 0x1508f8054000
x3004c0s1b0n0:15738:17095 [3] NCCL INFO New proxy send connection 7 from local rank 3, transport 2
x3004c0s1b0n0:15736:17094 [1] NCCL INFO transport/net_ib.cc:771 Ib Alloc Size 552 pointer 0x1508f8079000
x3004c0s1b0n0:15736:17094 [1] NCCL INFO transport/net.cc:698 Cuda Host Alloc Size 9641984 pointer 0x1508f6a00000
x3004c0s1b0n0:15736:17094 [1] NCCL INFO Mem Realloc old size 0, new size 768 pointer 0x1508f806e880
x3004c0s1b0n0:15738:16943 [3] NCCL INFO Connection to proxy localRank 3 -> connection 0x147c34000e40
x3004c0s1b0n0:15738:16943 [3] NCCL INFO Channel 03/0 : 3[c7000] -> 5[46000] [send] via NET/IB/0
x3004c0s1b0n0:15737:17098 [2] NCCL INFO New proxy recv connection 6 from local rank 2, transport 0
x3004c0s1b0n0:15738:17095 [3] NCCL INFO transport/net_ib.cc:596 Ib Alloc Size 26560 pointer 0x147c34020000
x3004c0s1b0n0:15738:17095 [3] NCCL INFO NET/IB: Dev 1 Port 1 qpn 11901 mtu 5 GID 0 (80FE/AF0100FEFF000000)
x3004c0s1b0n0:15738:17095 [3] NCCL INFO transport/net_ib.cc:653 Ib Alloc Size 552 pointer 0x147c34042000
x3004c0s1b0n0:15738:17095 [3] NCCL INFO transport/net.cc:571 Cuda Host Alloc Size 9641984 pointer 0x147c7f000000
x3004c0s1b0n0:15738:17095 [3] NCCL INFO Mem Realloc old size 0, new size 768 pointer 0x147c3402f5c0
x3004c0s1b0n0:15736:17094 [1] NCCL INFO transport/net_ib.cc:683 Ib Alloc Size 21688 pointer 0x1508f807b000
x3004c0s1b0n0:15736:17094 [1] NCCL INFO transport/net_ib.cc:696 Ib Alloc Size 552 pointer 0x1508f8082000
x3004c0s1b0n0:15737:16944 [2] NCCL INFO Connection to proxy localRank 2 -> connection 0x1484d4000e00
x3004c0s1b0n0:15738:17095 [3] NCCL INFO transport/net_ib.cc:596 Ib Alloc Size 26560 pointer 0x147c34042000
x3004c0s1b0n0:15736:17094 [1] NCCL INFO transport/net_ib.cc:771 Ib Alloc Size 552 pointer 0x1508f809d000
x3004c0s1b0n0:15738:17095 [3] NCCL INFO NET/IB: Dev 0 Port 1 qpn 12484 mtu 5 GID 0 (80FE/EA0100FEFF000000)
x3004c0s1b0n0:15738:17095 [3] NCCL INFO transport/net_ib.cc:653 Ib Alloc Size 552 pointer 0x147c34064000
x3004c0s1b0n0:15738:17095 [3] NCCL INFO transport/net.cc:571 Cuda Host Alloc Size 9641984 pointer 0x147c7fa00000
x3004c0s1b0n0:15738:17095 [3] NCCL INFO Mem Realloc old size 0, new size 768 pointer 0x147c34051c50
x3004c0s1b0n0:15736:17094 [1] NCCL INFO transport/net.cc:698 Cuda Host Alloc Size 9641984 pointer 0x1508f7400000
x3004c0s1b0n0:15738:17095 [3] NCCL INFO transport/net_ib.cc:596 Ib Alloc Size 26560 pointer 0x147c34066000
x3004c0s1b0n0:15737:17098 [2] NCCL INFO transport/p2p.cc:449 Cuda Alloc Size 6291456 pointer 0x148523c00000
x3004c0s1b0n0:15738:17095 [3] NCCL INFO NET/IB: Dev 1 Port 1 qpn 11904 mtu 5 GID 0 (80FE/AF0100FEFF000000)
x3004c0s1b0n0:15738:17095 [3] NCCL INFO transport/net_ib.cc:653 Ib Alloc Size 552 pointer 0x147c3407d000
x3004c0s1b0n0:15738:17095 [3] NCCL INFO transport/net.cc:571 Cuda Host Alloc Size 9641984 pointer 0x147c80400000
x3004c0s1b0n0:15736:17094 [1] NCCL INFO transport/net_ib.cc:683 Ib Alloc Size 21688 pointer 0x1508f809f000
x3004c0s1b0n0:15736:17094 [1] NCCL INFO transport/net_ib.cc:696 Ib Alloc Size 552 pointer 0x1508f80a6000
x3004c0s1b0n0:15736:17094 [1] NCCL INFO transport/net_ib.cc:771 Ib Alloc Size 552 pointer 0x1508f80c1000
x3004c0s1b0n0:15736:17094 [1] NCCL INFO transport/net.cc:698 Cuda Host Alloc Size 9641984 pointer 0x1508f4000000
x3004c0s1b0n0:15737:17098 [2] NCCL INFO New proxy recv connection 7 from local rank 2, transport 0
x3004c0s1b0n0:15736:16947 [1] NCCL INFO Channel 00/0 : 1[46000] -> 0[7000] via P2P/IPC/read
x3004c0s1b0n0:15736:17094 [1] NCCL INFO New proxy send connection 4 from local rank 1, transport 0
x3004c0s1b0n0:15738:17095 [3] NCCL INFO transport/net_ib.cc:596 Ib Alloc Size 26560 pointer 0x147c3407f000
x3004c0s1b0n0:15737:16944 [2] NCCL INFO Connection to proxy localRank 2 -> connection 0x1484d4000e40
x3004c0s1b0n0:15737:17098 [2] NCCL INFO transport/p2p.cc:449 Cuda Alloc Size 6291456 pointer 0x148524200000
x3004c0s1b0n0:15738:17095 [3] NCCL INFO NET/IB: Dev 0 Port 1 qpn 12487 mtu 5 GID 0 (80FE/EA0100FEFF000000)
x3004c0s1b0n0:15738:17095 [3] NCCL INFO transport/net_ib.cc:653 Ib Alloc Size 552 pointer 0x147c34096000
x3004c0s1b0n0:15738:17095 [3] NCCL INFO transport/net.cc:571 Cuda Host Alloc Size 9641984 pointer 0x147c80e00000
x3004c0s1b0n0:15736:16947 [1] NCCL INFO Connection to proxy localRank 1 -> connection 0x1508f8000d80
x3004c0s1b0n0:15736:17094 [1] NCCL INFO transport/p2p.cc:430 Cuda Alloc Size 6291456 pointer 0x1508f4a00000
x3004c0s1b0n0:15737:16944 [2] NCCL INFO Connected all rings
x3004c0s1b0n0:15737:17098 [2] NCCL INFO New proxy recv connection 8 from local rank 2, transport 0
x3004c0s1b0n0:15735:17093 [0] NCCL INFO New proxy recv connection 4 from local rank 0, transport 0
x3004c0s1b0n0:15738:16943 [3] NCCL INFO Connected all rings
x3004c0s1b0n0:15738:16943 [3] NCCL INFO Channel 00/0 : 3[c7000] -> 2[85000] via P2P/IPC/read
x3004c0s1b0n0:15738:17095 [3] NCCL INFO New proxy send connection 8 from local rank 3, transport 0
x3004c0s1b0n0:15735:16910 [0] NCCL INFO Connection to proxy localRank 0 -> connection 0x14e2ac000d80
x3004c0s1b0n0:15735:17093 [0] NCCL INFO transport/p2p.cc:449 Cuda Alloc Size 6291456 pointer 0x14e2ab200000
x3004c0s1b0n0:15736:16947 [1] NCCL INFO Channel 01/0 : 1[46000] -> 0[7000] via P2P/IPC/read
x3004c0s1b0n0:15736:17094 [1] NCCL INFO New proxy send connection 5 from local rank 1, transport 0
x3004c0s1b0n0:15735:17093 [0] NCCL INFO New proxy recv connection 5 from local rank 0, transport 0
x3004c0s1b0n0:15737:16944 [2] NCCL INFO Connection to proxy localRank 2 -> connection 0x1484d4000e80
x3004c0s1b0n0:15737:17098 [2] NCCL INFO transport/p2p.cc:449 Cuda Alloc Size 6291456 pointer 0x148526000000
x3004c0s1b0n0:15738:16943 [3] NCCL INFO Connection to proxy localRank 3 -> connection 0x147c34000e80
x3004c0s1b0n0:15738:17095 [3] NCCL INFO transport/p2p.cc:430 Cuda Alloc Size 6291456 pointer 0x147c81800000
x3004c0s1b0n0:15736:16947 [1] NCCL INFO Connection to proxy localRank 1 -> connection 0x1508f8000dc0
x3004c0s1b0n0:15736:17094 [1] NCCL INFO transport/p2p.cc:430 Cuda Alloc Size 6291456 pointer 0x1508f5000000
x3004c0s1b0n0:15737:17098 [2] NCCL INFO New proxy recv connection 9 from local rank 2, transport 0
x3004c0s1b0n0:15735:16910 [0] NCCL INFO Connection to proxy localRank 0 -> connection 0x14e2ac000dc0
x3004c0s1b0n0:15735:17093 [0] NCCL INFO transport/p2p.cc:449 Cuda Alloc Size 6291456 pointer 0x14e2ab800000
x3004c0s1b0n0:15738:16943 [3] NCCL INFO Channel 01/0 : 3[c7000] -> 2[85000] via P2P/IPC/read
x3004c0s1b0n0:15738:17095 [3] NCCL INFO New proxy send connection 9 from local rank 3, transport 0
x3004c0s1b0n0:15735:17093 [0] NCCL INFO New proxy recv connection 6 from local rank 0, transport 0
x3004c0s1b0n0:15737:16944 [2] NCCL INFO Connection to proxy localRank 2 -> connection 0x1484d4000ec0
x3004c0s1b0n0:15737:17098 [2] NCCL INFO transport/p2p.cc:449 Cuda Alloc Size 6291456 pointer 0x148526600000
x3004c0s1b0n0:15736:16947 [1] NCCL INFO Channel 02/0 : 1[46000] -> 0[7000] via P2P/IPC/read
x3004c0s1b0n0:15736:17094 [1] NCCL INFO New proxy send connection 6 from local rank 1, transport 0
x3004c0s1b0n0:15738:16943 [3] NCCL INFO Connection to proxy localRank 3 -> connection 0x147c34000ec0
x3004c0s1b0n0:15738:17095 [3] NCCL INFO transport/p2p.cc:430 Cuda Alloc Size 6291456 pointer 0x147c81e00000
x3004c0s1b0n0:15735:16910 [0] NCCL INFO Connection to proxy localRank 0 -> connection 0x14e2ac000e00
x3004c0s1b0n0:15735:17093 [0] NCCL INFO transport/p2p.cc:449 Cuda Alloc Size 6291456 pointer 0x14e2a8000000
x3004c0s1b0n0:15737:17098 [2] NCCL INFO New proxy recv connection 10 from local rank 2, transport 0
x3004c0s1b0n0:15736:16947 [1] NCCL INFO Connection to proxy localRank 1 -> connection 0x1508f8000e00
x3004c0s1b0n0:15736:17094 [1] NCCL INFO transport/p2p.cc:430 Cuda Alloc Size 6291456 pointer 0x1508f5600000
x3004c0s1b0n0:15738:16943 [3] NCCL INFO Channel 02/0 : 3[c7000] -> 2[85000] via P2P/IPC/read
x3004c0s1b0n0:15738:17095 [3] NCCL INFO New proxy send connection 10 from local rank 3, transport 0
x3004c0s1b0n0:15735:17093 [0] NCCL INFO New proxy recv connection 7 from local rank 0, transport 0
x3004c0s1b0n0:15737:16944 [2] NCCL INFO Connection to proxy localRank 2 -> connection 0x1484d4000f00
x3004c0s1b0n0:15737:17098 [2] NCCL INFO transport/p2p.cc:449 Cuda Alloc Size 6291456 pointer 0x148526c00000
x3004c0s1b0n0:15736:16947 [1] NCCL INFO Channel 03/0 : 1[46000] -> 0[7000] via P2P/IPC/read
x3004c0s1b0n0:15736:17094 [1] NCCL INFO New proxy send connection 7 from local rank 1, transport 0
x3004c0s1b0n0:15738:16943 [3] NCCL INFO Connection to proxy localRank 3 -> connection 0x147c34000f00
x3004c0s1b0n0:15738:17095 [3] NCCL INFO transport/p2p.cc:430 Cuda Alloc Size 6291456 pointer 0x147c82400000
x3004c0s1b0n0:15735:16910 [0] NCCL INFO Connection to proxy localRank 0 -> connection 0x14e2ac000e40
x3004c0s1b0n0:15735:17093 [0] NCCL INFO transport/p2p.cc:449 Cuda Alloc Size 6291456 pointer 0x14e2a8600000
x3004c0s1b0n0:15737:17098 [2] NCCL INFO New proxy recv connection 11 from local rank 2, transport 0
x3004c0s1b0n0:15736:16947 [1] NCCL INFO Connection to proxy localRank 1 -> connection 0x1508f8000e40
x3004c0s1b0n0:15736:17094 [1] NCCL INFO transport/p2p.cc:430 Cuda Alloc Size 6291456 pointer 0x150907a00000
x3004c0s1b0n0:15738:16943 [3] NCCL INFO Channel 03/0 : 3[c7000] -> 2[85000] via P2P/IPC/read
x3004c0s1b0n0:15738:17095 [3] NCCL INFO New proxy send connection 11 from local rank 3, transport 0
x3004c0s1b0n0:15737:16944 [2] NCCL INFO Connection to proxy localRank 2 -> connection 0x1484d4000f40
x3004c0s1b0n0:15737:17098 [2] NCCL INFO transport/p2p.cc:449 Cuda Alloc Size 6291456 pointer 0x148527200000
x3004c0s1b0n0:15736:16947 [1] NCCL INFO Connected all rings
x3004c0s1b0n0:15735:16910 [0] NCCL INFO Connected all rings
x3004c0s1b0n0:15735:16910 [0] NCCL INFO Channel 00/0 : 0[7000] -> 1[46000] via P2P/IPC/read
x3004c0s1b0n0:15735:17093 [0] NCCL INFO New proxy send connection 8 from local rank 0, transport 0
x3004c0s1b0n0:15736:17094 [1] NCCL INFO New proxy recv connection 8 from local rank 1, transport 0
x3004c0s1b0n0:15738:16943 [3] NCCL INFO Connection to proxy localRank 3 -> connection 0x147c34000f40
x3004c0s1b0n0:15738:17095 [3] NCCL INFO transport/p2p.cc:430 Cuda Alloc Size 6291456 pointer 0x147c82a00000
x3004c0s1b0n0:15735:16910 [0] NCCL INFO Connection to proxy localRank 0 -> connection 0x14e2ac000e80
x3004c0s1b0n0:15735:17093 [0] NCCL INFO transport/p2p.cc:430 Cuda Alloc Size 6291456 pointer 0x14e2a6600000
x3004c0s1b0n0:15735:16910 [0] NCCL INFO Channel 01/0 : 0[7000] -> 1[46000] via P2P/IPC/read
x3004c0s1b0n0:15735:17093 [0] NCCL INFO New proxy send connection 9 from local rank 0, transport 0
x3004c0s1b0n0:15735:16910 [0] NCCL INFO Connection to proxy localRank 0 -> connection 0x14e2ac000ec0
x3004c0s1b0n0:15735:17093 [0] NCCL INFO transport/p2p.cc:430 Cuda Alloc Size 6291456 pointer 0x14e2a6c00000
x3004c0s1b0n0:15736:16947 [1] NCCL INFO Connection to proxy localRank 1 -> connection 0x1508f8000e80
x3004c0s1b0n0:15736:17094 [1] NCCL INFO transport/p2p.cc:449 Cuda Alloc Size 6291456 pointer 0x1508f3800000
x3004c0s1b0n0:15736:17094 [1] NCCL INFO New proxy recv connection 9 from local rank 1, transport 0
x3004c0s1b0n0:15735:16910 [0] NCCL INFO Channel 02/0 : 0[7000] -> 1[46000] via P2P/IPC/read
x3004c0s1b0n0:15735:17093 [0] NCCL INFO New proxy send connection 10 from local rank 0, transport 0
x3004c0s1b0n0:15736:16947 [1] NCCL INFO Connection to proxy localRank 1 -> connection 0x1508f8000ec0
x3004c0s1b0n0:15736:17094 [1] NCCL INFO transport/p2p.cc:449 Cuda Alloc Size 6291456 pointer 0x1508f0000000
x3004c0s1b0n0:15735:16910 [0] NCCL INFO Connection to proxy localRank 0 -> connection 0x14e2ac000f00
x3004c0s1b0n0:15735:17093 [0] NCCL INFO transport/p2p.cc:430 Cuda Alloc Size 6291456 pointer 0x14e2a7200000
x3004c0s1b0n0:15736:17094 [1] NCCL INFO New proxy recv connection 10 from local rank 1, transport 0
x3004c0s1b0n0:15735:16910 [0] NCCL INFO Channel 03/0 : 0[7000] -> 1[46000] via P2P/IPC/read
x3004c0s1b0n0:15735:17093 [0] NCCL INFO New proxy send connection 11 from local rank 0, transport 0
x3004c0s1b0n0:15736:16947 [1] NCCL INFO Connection to proxy localRank 1 -> connection 0x1508f8000f00
x3004c0s1b0n0:15736:17094 [1] NCCL INFO transport/p2p.cc:449 Cuda Alloc Size 6291456 pointer 0x1508f0600000
x3004c0s1b0n0:15736:17094 [1] NCCL INFO New proxy recv connection 11 from local rank 1, transport 0
x3004c0s1b0n0:15735:16910 [0] NCCL INFO Connection to proxy localRank 0 -> connection 0x14e2ac000f40
x3004c0s1b0n0:15735:17093 [0] NCCL INFO transport/p2p.cc:430 Cuda Alloc Size 6291456 pointer 0x14e2a7800000
x3004c0s1b0n0:15736:16947 [1] NCCL INFO Connection to proxy localRank 1 -> connection 0x1508f8000f40
x3004c0s1b0n0:15736:17094 [1] NCCL INFO transport/p2p.cc:449 Cuda Alloc Size 6291456 pointer 0x1508f0c00000
x3004c0s1b0n0:15736:16947 [1] NCCL INFO Channel 00/0 : 1[46000] -> 2[85000] via P2P/IPC/read
x3004c0s1b0n0:15736:17094 [1] NCCL INFO New proxy send connection 12 from local rank 1, transport 0
x3004c0s1b0n0:15736:16947 [1] NCCL INFO Connection to proxy localRank 1 -> connection 0x1508f8000f80
x3004c0s1b0n0:15736:17094 [1] NCCL INFO transport/p2p.cc:430 Cuda Alloc Size 6291456 pointer 0x1508f1200000
x3004c0s1b0n0:15736:16947 [1] NCCL INFO Channel 01/0 : 1[46000] -> 2[85000] via P2P/IPC/read
x3004c0s1b0n0:15736:17094 [1] NCCL INFO New proxy send connection 13 from local rank 1, transport 0
x3004c0s1b0n0:15736:16947 [1] NCCL INFO Connection to proxy localRank 1 -> connection 0x1508f8000fc0
x3004c0s1b0n0:15736:17094 [1] NCCL INFO transport/p2p.cc:430 Cuda Alloc Size 6291456 pointer 0x1508f1800000
x3004c0s1b0n0:15736:16947 [1] NCCL INFO Channel 02/0 : 1[46000] -> 2[85000] via P2P/IPC/read
x3004c0s1b0n0:15736:17094 [1] NCCL INFO New proxy send connection 14 from local rank 1, transport 0
x3004c0s1b0n0:15736:16947 [1] NCCL INFO Connection to proxy localRank 1 -> connection 0x1508f8001000
x3004c0s1b0n0:15736:17094 [1] NCCL INFO transport/p2p.cc:430 Cuda Alloc Size 6291456 pointer 0x1508ee000000
x3004c0s1b0n0:15736:16947 [1] NCCL INFO Channel 03/0 : 1[46000] -> 2[85000] via P2P/IPC/read
x3004c0s1b0n0:15736:17094 [1] NCCL INFO New proxy send connection 15 from local rank 1, transport 0
x3004c0s1b0n0:15736:16947 [1] NCCL INFO Connection to proxy localRank 1 -> connection 0x1508f8001040
x3004c0s1b0n0:15736:17094 [1] NCCL INFO transport/p2p.cc:430 Cuda Alloc Size 6291456 pointer 0x1508ee600000
x3004c0s1b0n0:15736:16947 [1] NCCL INFO GPU Direct RDMA Disabled for GPU 46000 / HCA 1 (distance 6 > 4)
x3004c0s1b0n0:15736:17094 [1] NCCL INFO New proxy recv connection 16 from local rank 1, transport 2
x3004c0s1b0n0:15735:16910 [0] NCCL INFO GPU Direct RDMA Disabled for GPU 7000 / HCA 1 (distance 7 > 4)
x3004c0s1b0n0:15735:17093 [0] NCCL INFO Allocated 4194656 bytes of shared memory in /dev/shm/nccl-gUBWLY

x3004c0s1b0n0:15735:17093 [0] NCCL INFO New proxy recv connection 12 from local rank 0, transport 2
x3004c0s1b0n0:15737:17098 [2] NCCL INFO New proxy recv connection 12 from local rank 2, transport 0
x3004c0s1b0n0:15735:16910 [0] NCCL INFO Connection to proxy localRank 0 -> connection 0x14e2ac000f80
x3004c0s1b0n0:15737:16944 [2] NCCL INFO Connection to proxy localRank 2 -> connection 0x1484d4000f80
x3004c0s1b0n0:15737:17098 [2] NCCL INFO transport/p2p.cc:449 Cuda Alloc Size 6291456 pointer 0x148529000000
x3004c0s1b0n0:15736:16947 [1] NCCL INFO Connection to proxy localRank 1 -> connection 0x1508f8001080
x3004c0s1b0n0:15735:16910 [0] NCCL INFO Channel 00/0 : 16[7000] -> 0[7000] [receive] via NET/IB/1
x3004c0s1b0n0:15735:16910 [0] NCCL INFO GPU Direct RDMA Disabled for GPU 7000 / HCA 0 (distance 7 > 4)
x3004c0s1b0n0:15735:17093 [0] NCCL INFO New proxy recv connection 13 from local rank 0, transport 2
x3004c0s1b0n0:15737:17098 [2] NCCL INFO New proxy recv connection 13 from local rank 2, transport 0
x3004c0s1b0n0:15736:16947 [1] NCCL INFO Channel 02/0 : 12[7000] -> 1[46000] [receive] via NET/IB/1
x3004c0s1b0n0:15736:16947 [1] NCCL INFO GPU Direct RDMA Disabled for GPU 46000 / HCA 0 (distance 7 > 4)
x3004c0s1b0n0:15736:17094 [1] NCCL INFO New proxy recv connection 17 from local rank 1, transport 2
x3004c0s1b0n0:15735:16910 [0] NCCL INFO Connection to proxy localRank 0 -> connection 0x14e2ac000fc0
x3004c0s1b0n0:15737:16944 [2] NCCL INFO Connection to proxy localRank 2 -> connection 0x1484d4000fc0
x3004c0s1b0n0:15737:17098 [2] NCCL INFO transport/p2p.cc:449 Cuda Alloc Size 6291456 pointer 0x148529600000
x3004c0s1b0n0:15736:16947 [1] NCCL INFO Connection to proxy localRank 1 -> connection 0x1508f80010c0
x3004c0s1b0n0:15735:16910 [0] NCCL INFO Channel 01/0 : 16[7000] -> 0[7000] [receive] via NET/IB/0
x3004c0s1b0n0:15735:16910 [0] NCCL INFO GPU Direct RDMA Disabled for GPU 7000 / HCA 1 (distance 7 > 4)
x3004c0s1b0n0:15735:17093 [0] NCCL INFO New proxy send connection 14 from local rank 0, transport 2
x3004c0s1b0n0:15737:17098 [2] NCCL INFO New proxy recv connection 14 from local rank 2, transport 0
x3004c0s1b0n0:15736:16947 [1] NCCL INFO Channel 03/0 : 12[7000] -> 1[46000] [receive] via NET/IB/0
x3004c0s1b0n0:15737:16944 [2] NCCL INFO Connection to proxy localRank 2 -> connection 0x1484d4001000
x3004c0s1b0n0:15737:17098 [2] NCCL INFO transport/p2p.cc:449 Cuda Alloc Size 6291456 pointer 0x148529c00000
x3004c0s1b0n0:15735:16910 [0] NCCL INFO Connection to proxy localRank 0 -> connection 0x14e2ac001000
x3004c0s1b0n0:15735:16910 [0] NCCL INFO Channel 02/0 : 0[7000] -> 4[7000] [send] via NET/IB/1
x3004c0s1b0n0:15735:16910 [0] NCCL INFO GPU Direct RDMA Disabled for GPU 7000 / HCA 0 (distance 7 > 4)
x3004c0s1b0n0:15735:17093 [0] NCCL INFO New proxy send connection 15 from local rank 0, transport 2
x3004c0s1b0n0:15735:16910 [0] NCCL INFO Connection to proxy localRank 0 -> connection 0x14e2ac001040
x3004c0s1b0n0:15735:16910 [0] NCCL INFO Channel 03/0 : 0[7000] -> 4[7000] [send] via NET/IB/0
x3004c0s1b0n0:15737:17098 [2] NCCL INFO New proxy recv connection 15 from local rank 2, transport 0
x3004c0s1b0n0:15737:16944 [2] NCCL INFO Connection to proxy localRank 2 -> connection 0x1484d4001040
x3004c0s1b0n0:15737:17098 [2] NCCL INFO transport/p2p.cc:449 Cuda Alloc Size 6291456 pointer 0x14852a200000
x3004c0s1b0n0:15737:16944 [2] NCCL INFO Channel 00/0 : 2[85000] -> 1[46000] via P2P/IPC/read
x3004c0s1b0n0:15737:17098 [2] NCCL INFO New proxy send connection 16 from local rank 2, transport 0
x3004c0s1b0n0:15735:17093 [0] NCCL INFO transport/net_ib.cc:596 Ib Alloc Size 26560 pointer 0x14e2ac026000
x3004c0s1b0n0:15735:17093 [0] NCCL INFO NET/IB: Dev 1 Port 1 qpn 11905 mtu 5 GID 0 (80FE/AF0100FEFF000000)
x3004c0s1b0n0:15735:17093 [0] NCCL INFO transport/net_ib.cc:653 Ib Alloc Size 552 pointer 0x14e2ac048000
x3004c0s1b0n0:15735:17093 [0] NCCL INFO transport/net.cc:571 Cuda Host Alloc Size 9641984 pointer 0x14e29e000000
x3004c0s1b0n0:15735:17093 [0] NCCL INFO Mem Realloc old size 0, new size 768 pointer 0x14e2ac035260
x3004c0s1b0n0:15735:17093 [0] NCCL INFO transport/net_ib.cc:596 Ib Alloc Size 26560 pointer 0x14e2ac04a000
x3004c0s1b0n0:15737:16944 [2] NCCL INFO Connection to proxy localRank 2 -> connection 0x1484d4001080
x3004c0s1b0n0:15737:17098 [2] NCCL INFO transport/p2p.cc:430 Cuda Alloc Size 6291456 pointer 0x14852a800000
x3004c0s1b0n0:15735:17093 [0] NCCL INFO NET/IB: Dev 0 Port 1 qpn 12488 mtu 5 GID 0 (80FE/EA0100FEFF000000)
x3004c0s1b0n0:15735:17093 [0] NCCL INFO transport/net_ib.cc:653 Ib Alloc Size 552 pointer 0x14e2ac06b000
x3004c0s1b0n0:15735:17093 [0] NCCL INFO transport/net.cc:571 Cuda Host Alloc Size 9641984 pointer 0x14e29ea00000
x3004c0s1b0n0:15735:17093 [0] NCCL INFO Mem Realloc old size 0, new size 768 pointer 0x14e2ac058940
x3004c0s1b0n0:15735:17093 [0] NCCL INFO transport/net_ib.cc:683 Ib Alloc Size 21688 pointer 0x14e2ac06d000
x3004c0s1b0n0:15735:17093 [0] NCCL INFO transport/net_ib.cc:696 Ib Alloc Size 552 pointer 0x14e2ac074000
x3004c0s1b0n0:15735:17093 [0] NCCL INFO transport/net_ib.cc:771 Ib Alloc Size 552 pointer 0x14e2ac090000
x3004c0s1b0n0:15735:17093 [0] NCCL INFO transport/net.cc:698 Cuda Host Alloc Size 9641984 pointer 0x14e29f400000
x3004c0s1b0n0:15737:16944 [2] NCCL INFO Channel 01/0 : 2[85000] -> 1[46000] via P2P/IPC/read
x3004c0s1b0n0:15737:17098 [2] NCCL INFO New proxy send connection 17 from local rank 2, transport 0
x3004c0s1b0n0:15737:16944 [2] NCCL INFO Connection to proxy localRank 2 -> connection 0x1484d40010c0
x3004c0s1b0n0:15737:17098 [2] NCCL INFO transport/p2p.cc:430 Cuda Alloc Size 6291456 pointer 0x14852ae00000
x3004c0s1b0n0:15735:17093 [0] NCCL INFO transport/net_ib.cc:683 Ib Alloc Size 21688 pointer 0x14e2ac092000
x3004c0s1b0n0:15735:17093 [0] NCCL INFO transport/net_ib.cc:696 Ib Alloc Size 552 pointer 0x14e2ac099000
x3004c0s1b0n0:15737:16944 [2] NCCL INFO Channel 02/0 : 2[85000] -> 1[46000] via P2P/IPC/read
x3004c0s1b0n0:15737:17098 [2] NCCL INFO New proxy send connection 18 from local rank 2, transport 0
x3004c0s1b0n0:15735:17093 [0] NCCL INFO transport/net_ib.cc:771 Ib Alloc Size 552 pointer 0x14e2ac0b4000
x3004c0s1b0n0:15735:17093 [0] NCCL INFO transport/net.cc:698 Cuda Host Alloc Size 9641984 pointer 0x14e29c000000
x3004c0s1b0n0:15735:16910 [0] NCCL INFO GPU Direct RDMA Disabled for GPU 7000 / HCA 1 (distance 7 > 4)
x3004c0s1b0n0:15735:17093 [0] NCCL INFO New proxy recv connection 16 from local rank 0, transport 2
x3004c0s1b0n0:15737:16944 [2] NCCL INFO Connection to proxy localRank 2 -> connection 0x1484d4001100
x3004c0s1b0n0:15737:17098 [2] NCCL INFO transport/p2p.cc:430 Cuda Alloc Size 6291456 pointer 0x14852b400000
x3004c0s1b0n0:15735:16910 [0] NCCL INFO Connection to proxy localRank 0 -> connection 0x14e2ac001080
x3004c0s1b0n0:15737:16944 [2] NCCL INFO Channel 03/0 : 2[85000] -> 1[46000] via P2P/IPC/read
x3004c0s1b0n0:15737:17098 [2] NCCL INFO New proxy send connection 19 from local rank 2, transport 0
x3004c0s1b0n0:15735:16910 [0] NCCL INFO Channel 02/0 : 4[7000] -> 0[7000] [receive] via NET/IB/1
x3004c0s1b0n0:15735:16910 [0] NCCL INFO GPU Direct RDMA Disabled for GPU 7000 / HCA 0 (distance 7 > 4)
x3004c0s1b0n0:15735:17093 [0] NCCL INFO New proxy recv connection 17 from local rank 0, transport 2
x3004c0s1b0n0:15735:16910 [0] NCCL INFO Connection to proxy localRank 0 -> connection 0x14e2ac0010c0
x3004c0s1b0n0:15737:16944 [2] NCCL INFO Connection to proxy localRank 2 -> connection 0x1484d4001140
x3004c0s1b0n0:15737:17098 [2] NCCL INFO transport/p2p.cc:430 Cuda Alloc Size 6291456 pointer 0x14852ba00000
x3004c0s1b0n0:15738:16943 [3] NCCL INFO Connected all trees by HAO
x3004c0s1b0n0:15738:16943 [3] NCCL INFO threadThresholds 8/8/64 | 160/8/64 | 512 | 512
x3004c0s1b0n0:15738:16943 [3] NCCL INFO 4 coll channels, 4 p2p channels, 2 p2p channels per peer
x3004c0s1b0n0:15738:17095 [3] NCCL INFO New proxy send connection 12 from local rank 3, transport 2
x3004c0s1b0n0:15735:16910 [0] NCCL INFO Channel 03/0 : 4[7000] -> 0[7000] [receive] via NET/IB/0
x3004c0s1b0n0:15735:16910 [0] NCCL INFO GPU Direct RDMA Disabled for GPU 7000 / HCA 1 (distance 7 > 4)
x3004c0s1b0n0:15735:17093 [0] NCCL INFO New proxy send connection 18 from local rank 0, transport 2
x3004c0s1b0n0:15736:17094 [1] NCCL INFO transport/net_ib.cc:683 Ib Alloc Size 21688 pointer 0x1508f80d2000
x3004c0s1b0n0:15736:17094 [1] NCCL INFO transport/net_ib.cc:696 Ib Alloc Size 552 pointer 0x1508f8019000
x3004c0s1b0n0:15736:17094 [1] NCCL INFO transport/net_ib.cc:771 Ib Alloc Size 552 pointer 0x1508f80f2000
x3004c0s1b0n0:15736:17094 [1] NCCL INFO transport/net.cc:698 Cuda Host Alloc Size 9641984 pointer 0x1508ea000000
x3004c0s1b0n0:15736:17094 [1] NCCL INFO transport/net_ib.cc:683 Ib Alloc Size 21688 pointer 0x1508f80f4000
x3004c0s1b0n0:15738:16943 [3] NCCL INFO Connection to proxy localRank 3 -> connection 0x147c34000f80
x3004c0s1b0n0:15738:17095 [3] NCCL INFO transport/net.cc:376 Cuda Alloc Size 8388608 pointer 0x147c84800000
x3004c0s1b0n0:15735:16910 [0] NCCL INFO Connection to proxy localRank 0 -> connection 0x14e2ac001100
x3004c0s1b0n0:15735:16910 [0] NCCL INFO Channel 00/0 : 0[7000] -> 16[7000] [send] via NET/IB/1
x3004c0s1b0n0:15735:16910 [0] NCCL INFO GPU Direct RDMA Disabled for GPU 7000 / HCA 0 (distance 7 > 4)
x3004c0s1b0n0:15735:17093 [0] NCCL INFO New proxy send connection 19 from local rank 0, transport 2
x3004c0s1b0n0:15736:17094 [1] NCCL INFO transport/net_ib.cc:696 Ib Alloc Size 552 pointer 0x1508f80fb000
x3004c0s1b0n0:15735:16910 [0] NCCL INFO Connection to proxy localRank 0 -> connection 0x14e2ac001140
x3004c0s1b0n0:15735:16910 [0] NCCL INFO Channel 01/0 : 0[7000] -> 16[7000] [send] via NET/IB/0
x3004c0s1b0n0:15736:17094 [1] NCCL INFO transport/net_ib.cc:771 Ib Alloc Size 552 pointer 0x1508f8116000
x3004c0s1b0n0:15736:17094 [1] NCCL INFO transport/net.cc:698 Cuda Host Alloc Size 9641984 pointer 0x1508eaa00000
x3004c0s1b0n0:15736:16947 [1] NCCL INFO GPU Direct RDMA Disabled for GPU 46000 / HCA 1 (distance 6 > 4)
x3004c0s1b0n0:15736:17094 [1] NCCL INFO New proxy send connection 18 from local rank 1, transport 2
x3004c0s1b0n0:15736:16947 [1] NCCL INFO Connection to proxy localRank 1 -> connection 0x1508f8001100
x3004c0s1b0n0:15736:16947 [1] NCCL INFO Channel 02/0 : 1[46000] -> 12[7000] [send] via NET/IB/1
x3004c0s1b0n0:15736:16947 [1] NCCL INFO GPU Direct RDMA Disabled for GPU 46000 / HCA 0 (distance 7 > 4)
x3004c0s1b0n0:15736:17094 [1] NCCL INFO New proxy send connection 19 from local rank 1, transport 2
x3004c0s1b0n0:15736:16947 [1] NCCL INFO Connection to proxy localRank 1 -> connection 0x1508f8001140
x3004c0s1b0n0:15736:16947 [1] NCCL INFO Channel 03/0 : 1[46000] -> 12[7000] [send] via NET/IB/0
x3004c0s1b0n0:15736:17094 [1] NCCL INFO transport/net_ib.cc:596 Ib Alloc Size 26560 pointer 0x1508f8122000
x3004c0s1b0n0:15736:17094 [1] NCCL INFO NET/IB: Dev 1 Port 1 qpn 11910 mtu 5 GID 0 (80FE/AF0100FEFF000000)
x3004c0s1b0n0:15736:17094 [1] NCCL INFO transport/net_ib.cc:653 Ib Alloc Size 552 pointer 0x1508f8139000
x3004c0s1b0n0:15736:17094 [1] NCCL INFO transport/net.cc:571 Cuda Host Alloc Size 9641984 pointer 0x1508eb400000
x3004c0s1b0n0:15736:17094 [1] NCCL INFO transport/net_ib.cc:596 Ib Alloc Size 26560 pointer 0x1508f813b000
x3004c0s1b0n0:15736:17094 [1] NCCL INFO NET/IB: Dev 0 Port 1 qpn 12493 mtu 5 GID 0 (80FE/EA0100FEFF000000)
x3004c0s1b0n0:15736:17094 [1] NCCL INFO transport/net_ib.cc:653 Ib Alloc Size 552 pointer 0x1508f8152000
x3004c0s1b0n0:15736:17094 [1] NCCL INFO transport/net.cc:571 Cuda Host Alloc Size 9641984 pointer 0x1508e8000000
x3004c0s1b0n0:15736:17094 [1] NCCL INFO New proxy recv connection 20 from local rank 1, transport 0
x3004c0s1b0n0:15736:16947 [1] NCCL INFO Connection to proxy localRank 1 -> connection 0x1508f8001180
x3004c0s1b0n0:15736:17094 [1] NCCL INFO transport/p2p.cc:449 Cuda Alloc Size 6291456 pointer 0x1508e8a00000
x3004c0s1b0n0:15736:17094 [1] NCCL INFO New proxy recv connection 21 from local rank 1, transport 0
x3004c0s1b0n0:15736:16947 [1] NCCL INFO Connection to proxy localRank 1 -> connection 0x1508f80011c0
x3004c0s1b0n0:15736:17094 [1] NCCL INFO transport/p2p.cc:449 Cuda Alloc Size 6291456 pointer 0x1508e9000000
x3004c0s1b0n0:15736:17094 [1] NCCL INFO New proxy recv connection 22 from local rank 1, transport 0
x3004c0s1b0n0:15736:16947 [1] NCCL INFO Connection to proxy localRank 1 -> connection 0x1508f8001200
x3004c0s1b0n0:15736:17094 [1] NCCL INFO transport/p2p.cc:449 Cuda Alloc Size 6291456 pointer 0x1508e9600000
x3004c0s1b0n0:15736:17094 [1] NCCL INFO New proxy recv connection 23 from local rank 1, transport 0
x3004c0s1b0n0:15735:17093 [0] NCCL INFO transport/net_ib.cc:596 Ib Alloc Size 26560 pointer 0x14e2ac0ca000
x3004c0s1b0n0:15735:17093 [0] NCCL INFO NET/IB: Dev 1 Port 1 qpn 11911 mtu 5 GID 0 (80FE/AF0100FEFF000000)
x3004c0s1b0n0:15735:17093 [0] NCCL INFO transport/net_ib.cc:653 Ib Alloc Size 552 pointer 0x14e2ac0e1000
x3004c0s1b0n0:15735:17093 [0] NCCL INFO transport/net.cc:571 Cuda Host Alloc Size 9641984 pointer 0x14e29ca00000
x3004c0s1b0n0:15736:16947 [1] NCCL INFO Connection to proxy localRank 1 -> connection 0x1508f8001240
x3004c0s1b0n0:15736:17094 [1] NCCL INFO transport/p2p.cc:449 Cuda Alloc Size 6291456 pointer 0x1508e6000000
x3004c0s1b0n0:15735:17093 [0] NCCL INFO transport/net_ib.cc:596 Ib Alloc Size 26560 pointer 0x14e2ac0e3000
x3004c0s1b0n0:15735:17093 [0] NCCL INFO NET/IB: Dev 0 Port 1 qpn 12494 mtu 5 GID 0 (80FE/EA0100FEFF000000)
x3004c0s1b0n0:15735:17093 [0] NCCL INFO transport/net_ib.cc:653 Ib Alloc Size 552 pointer 0x14e2ac0fa000
x3004c0s1b0n0:15735:17093 [0] NCCL INFO transport/net.cc:571 Cuda Host Alloc Size 9641984 pointer 0x14e29d400000
x3004c0s1b0n0:15735:17093 [0] NCCL INFO transport/net_ib.cc:683 Ib Alloc Size 21688 pointer 0x14e2ac0fc000
x3004c0s1b0n0:15735:17093 [0] NCCL INFO transport/net_ib.cc:696 Ib Alloc Size 552 pointer 0x14e2ac103000
x3004c0s1b0n0:15736:16947 [1] NCCL INFO Connected all trees by HAO
x3004c0s1b0n0:15736:16947 [1] NCCL INFO threadThresholds 8/8/64 | 160/8/64 | 512 | 512
x3004c0s1b0n0:15736:16947 [1] NCCL INFO 4 coll channels, 4 p2p channels, 2 p2p channels per peer
x3004c0s1b0n0:15736:17094 [1] NCCL INFO New proxy send connection 24 from local rank 1, transport 2
x3004c0s1b0n0:15737:16944 [2] NCCL INFO Connected all trees by HAO
x3004c0s1b0n0:15737:16944 [2] NCCL INFO threadThresholds 8/8/64 | 160/8/64 | 512 | 512
x3004c0s1b0n0:15737:16944 [2] NCCL INFO 4 coll channels, 4 p2p channels, 2 p2p channels per peer
x3004c0s1b0n0:15737:17098 [2] NCCL INFO Allocated 4194656 bytes of shared memory in /dev/shm/nccl-QztWRb

x3004c0s1b0n0:15737:17098 [2] NCCL INFO New proxy send connection 20 from local rank 2, transport 2
x3004c0s1b0n0:15737:16944 [2] NCCL INFO Connection to proxy localRank 2 -> connection 0x1484d4001180
x3004c0s1b0n0:15737:17098 [2] NCCL INFO transport/net.cc:376 Cuda Alloc Size 8388608 pointer 0x14852f000000
x3004c0s1b0n0:15735:17093 [0] NCCL INFO transport/net_ib.cc:771 Ib Alloc Size 552 pointer 0x14e2ac11e000
x3004c0s1b0n0:15735:17093 [0] NCCL INFO transport/net.cc:698 Cuda Host Alloc Size 9641984 pointer 0x14e29a000000
x3004c0s1b0n0:15735:17093 [0] NCCL INFO transport/net_ib.cc:683 Ib Alloc Size 21688 pointer 0x14e2ac120000
x3004c0s1b0n0:15735:17093 [0] NCCL INFO transport/net_ib.cc:696 Ib Alloc Size 552 pointer 0x14e2ac127000
x3004c0s1b0n0:15735:17093 [0] NCCL INFO transport/net_ib.cc:771 Ib Alloc Size 552 pointer 0x14e2ac142000
x3004c0s1b0n0:15735:17093 [0] NCCL INFO transport/net.cc:698 Cuda Host Alloc Size 9641984 pointer 0x14e29aa00000
x3004c0s1b0n0:15736:16947 [1] NCCL INFO Connection to proxy localRank 1 -> connection 0x1508f8001280
x3004c0s1b0n0:15736:17094 [1] NCCL INFO transport/net.cc:376 Cuda Alloc Size 8388608 pointer 0x1508e4000000
x3004c0s1b0n0:15735:16910 [0] NCCL INFO Connected all trees by HAO
x3004c0s1b0n0:15735:16910 [0] NCCL INFO Latency/AlgBw |    Tree/    LL |    Tree/ LL128 |    Tree/Simple |    Ring/    LL |    Ring/ LL128 |    Ring/Simple | CollNetDirect/    LL | CollNetDirect/ LL128 | CollNetDirect/Simple | CollNetChain/    LL | CollNetChain/ LL128 | CollNetChain/Simple |
x3004c0s1b0n0:15735:16910 [0] NCCL INFO  Max NThreads |            512 |            640 |            512 |            512 |            640 |            512 |              0 |              0 |            512 |              0 |              0 |            512 |
x3004c0s1b0n0:15735:16910 [0] NCCL INFO     Broadcast |     0.0/   0.0 |     0.0/   0.0 |     0.0/   0.0 |     6.3/   6.0 |    14.0/   0.0 |    18.0/  24.0 |     0.0/   0.0 |     0.0/   0.0 |     0.0/   0.0 |     0.0/   0.0 |     0.0/   0.0 |     0.0/   0.0 |
x3004c0s1b0n0:15735:16910 [0] NCCL INFO        Reduce |     0.0/   0.0 |     0.0/   0.0 |     0.0/   0.0 |     6.3/   6.0 |    14.0/   0.0 |    18.0/  24.0 |     0.0/   0.0 |     0.0/   0.0 |     0.0/   0.0 |     0.0/   0.0 |     0.0/   0.0 |     0.0/   0.0 |
x3004c0s1b0n0:15735:16910 [0] NCCL INFO     AllGather |     0.0/   0.0 |     0.0/   0.0 |     0.0/   0.0 |    27.1/   6.3 |    54.5/   0.0 |    97.8/  25.3 |     0.0/   0.0 |     0.0/   0.0 |     0.0/   0.0 |     0.0/   0.0 |     0.0/   0.0 |     0.0/   0.0 |
x3004c0s1b0n0:15735:16910 [0] NCCL INFO ReduceScatter |     0.0/   0.0 |     0.0/   0.0 |     0.0/   0.0 |    27.1/   6.3 |    54.5/   0.0 |    97.8/  25.3 |     0.0/   0.0 |     0.0/   0.0 |     0.0/   0.0 |     0.0/   0.0 |     0.0/   0.0 |     0.0/   0.0 |
x3004c0s1b0n0:15735:16910 [0] NCCL INFO     AllReduce |    30.0/   2.9 |    45.9/   0.0 |   280.0/  11.0 |    54.3/   3.2 |   103.2/   0.0 |   199.6/  12.6 |     7.4/   0.0 |     7.4/   0.0 |    29.7/   0.0 |     4.4/   0.0 |     4.4/   0.0 |    48.0/   0.0 |
x3004c0s1b0n0:15735:16910 [0] NCCL INFO threadThresholds 8/8/64 | 160/8/64 | 512 | 512
x3004c0s1b0n0:15735:16910 [0] NCCL INFO 4 coll channels, 4 p2p channels, 2 p2p channels per peer
x3004c0s1b0n0:15735:17093 [0] NCCL INFO New proxy send connection 20 from local rank 0, transport 2
x3004c0s1b0n0:15735:16910 [0] NCCL INFO Connection to proxy localRank 0 -> connection 0x14e2ac001180
x3004c0s1b0n0:15735:16910 [0] NCCL INFO init.cc:367 Cuda Alloc Size 5168 pointer 0x14e2b9a08800
x3004c0s1b0n0:15737:16944 [2] NCCL INFO init.cc:367 Cuda Alloc Size 5168 pointer 0x14851fe08800
x3004c0s1b0n0:15736:16947 [1] NCCL INFO init.cc:367 Cuda Alloc Size 5168 pointer 0x150907808800
x3004c0s1b0n0:15738:16943 [3] NCCL INFO init.cc:367 Cuda Alloc Size 5168 pointer 0x147c7be08800
x3004c0s1b0n0:15738:16943 [3] NCCL INFO init.cc:392 Cuda Host Alloc Size 33554432 pointer 0x147c85000000
x3004c0s1b0n0:15738:16943 [3] NCCL INFO init.cc:398 Cuda Host Alloc Size 128 pointer 0x147c7b400200
x3004c0s1b0n0:15738:16943 [3] NCCL INFO comm 0x555c820dbc50 rank 3 nranks 20 cudaDev 3 busId c7000 - Init COMPLETE
x3004c0s1b0n0:15737:16944 [2] NCCL INFO init.cc:392 Cuda Host Alloc Size 33554432 pointer 0x14852f800000
x3004c0s1b0n0:15737:16944 [2] NCCL INFO init.cc:398 Cuda Host Alloc Size 128 pointer 0x14851f400200
x3004c0s1b0n0:15737:16944 [2] NCCL INFO comm 0x5652c7cabf40 rank 2 nranks 20 cudaDev 2 busId 85000 - Init COMPLETE
x3004c0s1b0n0:15736:16947 [1] NCCL INFO init.cc:392 Cuda Host Alloc Size 33554432 pointer 0x1508e2000000
x3004c0s1b0n0:15736:16947 [1] NCCL INFO init.cc:398 Cuda Host Alloc Size 128 pointer 0x150906e00200
x3004c0s1b0n0:15736:16947 [1] NCCL INFO comm 0x557540b9b1c0 rank 1 nranks 20 cudaDev 1 busId 46000 - Init COMPLETE
x3004c0s1b0n0:15735:16910 [0] NCCL INFO init.cc:392 Cuda Host Alloc Size 33554432 pointer 0x14e298000000
x3004c0s1b0n0:15735:16910 [0] NCCL INFO init.cc:398 Cuda Host Alloc Size 128 pointer 0x14e2b9000200
x3004c0s1b0n0:15735:16910 [0] NCCL INFO comm 0x55852dd20cc0 rank 0 nranks 20 cudaDev 0 busId 7000 - Init COMPLETE
x3004c0s1b0n0:15735:17093 [0] NCCL INFO transport/net.cc:376 Cuda Alloc Size 8388608 pointer 0x14e29b400000
x3004c0s1b0n0:15737:15737 [2] NCCL INFO AllReduce: opCount 0 sendbuff 0x14851ba00200 recvbuff 0x14851ba00200 count 1 datatype 1 op 0 root 0 comm 0x5652c7cabf40 [nranks=20] stream 0x5652e6118790
x3004c0s1b0n0:15737:15737 [2] NCCL INFO misc/utils.cc:235 memory stack hunk malloc(65536)
[LYD INFO in ncclLaunchKernel (enqueue.cc)] NCHANNELS is: 4x3004c0s1b0n0:15736:15736 [1] NCCL INFO AllReduce: opCount 0 sendbuff 0x150947600200 recvbuff 0x150947600200 count 1 datatype 1 op 0 root 0 comm 0x557540b9b1c0 [nranks=20] stream 0x55755cbbf960
x3004c0s1b0n0:15736:15736 [1] NCCL INFO misc/utils.cc:235 memory stack hunk malloc(65536)
[LYD INFO in ncclLaunchKernel (enqueue.cc)] NCHANNELS is: 4x3004c0s1b0n0:15738:15738 [3] NCCL INFO AllReduce: opCount 0 sendbuff 0x147c77c00200 recvbuff 0x147c77c00200 count 1 datatype 1 op 0 root 0 comm 0x555c820dbc50 [nranks=20] stream 0x555c9e894b90
x3004c0s1b0n0:15738:15738 [3] NCCL INFO misc/utils.cc:235 memory stack hunk malloc(65536)
[LYD INFO in ncclLaunchKernel (enqueue.cc)] NCHANNELS is: 4[Hao INFO in ncclAllReduce (all_reduce.cc)] rank 0 ncclAllReduce: count: 1, datatype: ncclUint8, message size: 1 Bytes
x3004c0s1b0n0:15735:15735 [0] NCCL INFO AllReduce: opCount 0 sendbuff 0x14e2f7600200 recvbuff 0x14e2f7600200 count 1 datatype 1 op 0 root 0 comm 0x55852dd20cc0 [nranks=20] stream 0x55854789f140
x3004c0s1b0n0:15735:15735 [0] NCCL INFO misc/utils.cc:235 memory stack hunk malloc(65536)

[LYD INFO in ncclAllReduce (all_reduce.cc)] rank 0 AllReduce Time: 0.000049000 seconds

[LYD INFO in getAlgoInfo (enqueue.cc)] algorithm a is: 0

[LYD INFO in getAlgoInfo (enqueue.cc)] algorithm a is: 1

[LYD INFO in getAlgoInfo (enqueue.cc)] rank: 0, Duration between Point 1 and Point 2: 0.000014000 seconds

[LYD INFO in getAlgoInfo (enqueue.cc)] rank 0, Duration between Point 2 and Point 3: 0.000001000 seconds
[LYD INFO in getAlgoInfo (enqueue.cc)] out rank: 0
[LYD INFO in getAlgoInfo (enqueue.cc)] out coll: 4
[LYD INFO in getAlgoInfo (enqueue.cc)] out sendbuff address: 0x14e2f7600200
[LYD INFO in getAlgoInfo (enqueue.cc)] out recvbuff address: 0x14e2f7600200
[LYD INFO in getAlgoInfo (enqueue.cc)] out count: 1
[LYD INFO in getAlgoInfo (enqueue.cc)] out datatype: 1
[LYD INFO in getAlgoInfo (enqueue.cc)] out chunkSteps: 4
[LYD INFO in getAlgoInfo (enqueue.cc)] out sliceSteps: 2
[LYD INFO in getAlgoInfo (enqueue.cc)] out algorithm: 0
[LYD INFO in getAlgoInfo (enqueue.cc)] out protocol: 0
[LYD INFO in getAlgoInfo (enqueue.cc)] out nChannels: 1
[LYD INFO in getAlgoInfo (enqueue.cc)] out nThreads: 96
[LYD INFO in getAlgoInfo (enqueue.cc)] out nBytes: 1
[LYD INFO in getAlgoInfo (enqueue.cc)] out nstepsPerLoop: 0
[LYD INFO in getAlgoInfo (enqueue.cc)] out nchunksPerLoop: 0
[LYD INFO in getAlgoInfo (enqueue.cc)] out chunkSize: 0
[LYD INFO in ncclLaunchKernel (enqueue.cc)] NCHANNELS is: 4
[LYD INFO in NCCL_KERN_NAME (common.h)] 1 AllReduce TREE LL Sum uint8_t Elapsed time: 1006348 us

[LYD INFO in NCCL_KERN_NAME (common.h)] 2 AllReduce TREE LL Sum uint8_t Elapsed time: 1014539 us

[LYD INFO in NCCL_KERN_NAME (common.h)] 3 AllReduce TREE LL Sum uint8_t Elapsed time: 980169 us

[LYD INFO in NCCL_KERN_NAME (common.h)] 0 AllReduce TREE LL Sum uint8_t Elapsed time: 972060 us
[Hao INFO in ncclAllReduce (all_reduce.cc)] rank 0 ncclAllReduce: count: 1, datatype: ncclUint8, message size: 1 Bytes
x3004c0s1b0n0:15735:15735 [0] NCCL INFO AllReduce: opCount 1 sendbuff 0x14e2f7600000 recvbuff 0x14e2f7600000 count 1 datatype 1 op 0 root 0 comm 0x55852dd20cc0 [nranks=20] stream 0x55854789f140

[LYD INFO in ncclAllReduce (all_reduce.cc)] rank 0 AllReduce Time: 0.000035000 seconds

[LYD INFO in getAlgoInfo (enqueue.cc)] algorithm a is: 0

[LYD INFO in getAlgoInfo (enqueue.cc)] algorithm a is: 1

[LYD INFO in getAlgoInfo (enqueue.cc)] rank: 0, Duration between Point 1 and Point 2: 0.000013000 seconds

[LYD INFO in getAlgoInfo (enqueue.cc)] rank 0, Duration between Point 2 and Point 3: 0.000001000 seconds
[LYD INFO in getAlgoInfo (enqueue.cc)] out rank: 0
[LYD INFO in getAlgoInfo (enqueue.cc)] out coll: 4
[LYD INFO in getAlgoInfo (enqueue.cc)] out sendbuff address: 0x14e2f7600000
[LYD INFO in getAlgoInfo (enqueue.cc)] out recvbuff address: 0x14e2f7600000
