x3004c0s37b0n0:58285:59465 [1] NCCL INFO transport/net_ib.cc:683 Ib Alloc Size 21688 pointer 0x1519b807b000
x3004c0s37b0n0:58285:59465 [1] NCCL INFO transport/net_ib.cc:696 Ib Alloc Size 552 pointer 0x1519b8082000
x3004c0s37b0n0:58287:59315 [3] NCCL INFO Connection to proxy localRank 3 -> connection 0x149b24000e40
x3004c0s37b0n0:58287:59315 [3] NCCL INFO Channel 03/0 : 11[c7000] -> 13[46000] [send] via NET/IB/0
x3004c0s37b0n0:58287:59469 [3] NCCL INFO transport/net_ib.cc:596 Ib Alloc Size 26560 pointer 0x149b24020000
x3004c0s37b0n0:58287:59469 [3] NCCL INFO NET/IB: Dev 1 Port 1 qpn 5019 mtu 5 GID 0 (80FE/C80100FEFF000000)
x3004c0s37b0n0:58287:59469 [3] NCCL INFO transport/net_ib.cc:653 Ib Alloc Size 552 pointer 0x149b24042000
x3004c0s37b0n0:58287:59469 [3] NCCL INFO transport/net.cc:571 Cuda Host Alloc Size 9641984 pointer 0x149b1cc00000
x3004c0s37b0n0:58287:59469 [3] NCCL INFO Mem Realloc old size 0, new size 768 pointer 0x149b2402f0a0
x3004c0s37b0n0:58285:59465 [1] NCCL INFO transport/net_ib.cc:771 Ib Alloc Size 552 pointer 0x1519b809d000
x3004c0s37b0n0:58285:59465 [1] NCCL INFO transport/net.cc:698 Cuda Host Alloc Size 9641984 pointer 0x151a05400000
x3004c0s37b0n0:58286:59466 [2] NCCL INFO New proxy recv connection 6 from local rank 2, transport 0
x3004c0s37b0n0:58285:59465 [1] NCCL INFO transport/net_ib.cc:683 Ib Alloc Size 21688 pointer 0x1519b809f000
x3004c0s37b0n0:58285:59465 [1] NCCL INFO transport/net_ib.cc:696 Ib Alloc Size 552 pointer 0x1519b80a6000
x3004c0s37b0n0:58285:59465 [1] NCCL INFO transport/net_ib.cc:771 Ib Alloc Size 552 pointer 0x1519b80c1000
x3004c0s37b0n0:58285:59465 [1] NCCL INFO transport/net.cc:698 Cuda Host Alloc Size 9641984 pointer 0x151a05e00000
x3004c0s37b0n0:58287:59469 [3] NCCL INFO transport/net_ib.cc:596 Ib Alloc Size 26560 pointer 0x149b24044000
x3004c0s37b0n0:58287:59469 [3] NCCL INFO NET/IB: Dev 0 Port 1 qpn 5243 mtu 5 GID 0 (80FE/F80100FEFF000000)
x3004c0s37b0n0:58287:59469 [3] NCCL INFO transport/net_ib.cc:653 Ib Alloc Size 552 pointer 0x149b24065000
x3004c0s37b0n0:58287:59469 [3] NCCL INFO transport/net.cc:571 Cuda Host Alloc Size 9641984 pointer 0x149b1d600000
x3004c0s37b0n0:58287:59469 [3] NCCL INFO Mem Realloc old size 0, new size 768 pointer 0x149b240521f0
x3004c0s37b0n0:58286:59314 [2] NCCL INFO Connection to proxy localRank 2 -> connection 0x148d08000e00
x3004c0s37b0n0:58286:59466 [2] NCCL INFO transport/p2p.cc:449 Cuda Alloc Size 6291456 pointer 0x148d01800000
x3004c0s37b0n0:58285:59310 [1] NCCL INFO Channel 00/0 : 9[46000] -> 8[7000] via P2P/IPC/read
x3004c0s37b0n0:58285:59465 [1] NCCL INFO New proxy send connection 4 from local rank 1, transport 0
x3004c0s37b0n0:58287:59469 [3] NCCL INFO transport/net_ib.cc:596 Ib Alloc Size 26560 pointer 0x149b24067000
x3004c0s37b0n0:58286:59466 [2] NCCL INFO New proxy recv connection 7 from local rank 2, transport 0
x3004c0s37b0n0:58285:59310 [1] NCCL INFO Connection to proxy localRank 1 -> connection 0x1519b8000d80
x3004c0s37b0n0:58285:59465 [1] NCCL INFO transport/p2p.cc:430 Cuda Alloc Size 6291456 pointer 0x151a06800000
x3004c0s37b0n0:58287:59469 [3] NCCL INFO NET/IB: Dev 1 Port 1 qpn 5021 mtu 5 GID 0 (80FE/C80100FEFF000000)
x3004c0s37b0n0:58287:59469 [3] NCCL INFO transport/net_ib.cc:653 Ib Alloc Size 552 pointer 0x149b2407e000
x3004c0s37b0n0:58287:59469 [3] NCCL INFO transport/net.cc:571 Cuda Host Alloc Size 9641984 pointer 0x149b1a000000
x3004c0s37b0n0:58286:59314 [2] NCCL INFO Connection to proxy localRank 2 -> connection 0x148d08000e40
x3004c0s37b0n0:58286:59466 [2] NCCL INFO transport/p2p.cc:449 Cuda Alloc Size 6291456 pointer 0x148cfe000000
x3004c0s37b0n0:58285:59310 [1] NCCL INFO Channel 01/0 : 9[46000] -> 8[7000] via P2P/IPC/read
x3004c0s37b0n0:58285:59465 [1] NCCL INFO New proxy send connection 5 from local rank 1, transport 0
x3004c0s37b0n0:58287:59469 [3] NCCL INFO transport/net_ib.cc:596 Ib Alloc Size 26560 pointer 0x149b24080000
x3004c0s37b0n0:58287:59469 [3] NCCL INFO NET/IB: Dev 0 Port 1 qpn 5244 mtu 5 GID 0 (80FE/F80100FEFF000000)
x3004c0s37b0n0:58287:59469 [3] NCCL INFO transport/net_ib.cc:653 Ib Alloc Size 552 pointer 0x149b24097000
x3004c0s37b0n0:58287:59469 [3] NCCL INFO transport/net.cc:571 Cuda Host Alloc Size 9641984 pointer 0x149b1aa00000
x3004c0s37b0n0:58286:59314 [2] NCCL INFO Connected all rings
x3004c0s37b0n0:58286:59466 [2] NCCL INFO New proxy recv connection 8 from local rank 2, transport 0
x3004c0s37b0n0:58284:59477 [0] NCCL INFO New proxy recv connection 4 from local rank 0, transport 0
x3004c0s37b0n0:58285:59310 [1] NCCL INFO Connection to proxy localRank 1 -> connection 0x1519b8000dc0
x3004c0s37b0n0:58285:59465 [1] NCCL INFO transport/p2p.cc:430 Cuda Alloc Size 6291456 pointer 0x151a06e00000
x3004c0s37b0n0:58287:59315 [3] NCCL INFO Connected all rings
x3004c0s37b0n0:58287:59315 [3] NCCL INFO Channel 00/0 : 11[c7000] -> 10[85000] via P2P/IPC/read
x3004c0s37b0n0:58287:59469 [3] NCCL INFO New proxy send connection 8 from local rank 3, transport 0
x3004c0s37b0n0:58284:59307 [0] NCCL INFO Connection to proxy localRank 0 -> connection 0x14b2b0000d80
x3004c0s37b0n0:58284:59477 [0] NCCL INFO transport/p2p.cc:449 Cuda Alloc Size 6291456 pointer 0x14b2aec00000
x3004c0s37b0n0:58285:59310 [1] NCCL INFO Channel 02/0 : 9[46000] -> 8[7000] via P2P/IPC/read
x3004c0s37b0n0:58285:59465 [1] NCCL INFO New proxy send connection 6 from local rank 1, transport 0
x3004c0s37b0n0:58286:59314 [2] NCCL INFO Connection to proxy localRank 2 -> connection 0x148d08000e80
x3004c0s37b0n0:58286:59466 [2] NCCL INFO transport/p2p.cc:449 Cuda Alloc Size 6291456 pointer 0x148cfc000000
x3004c0s37b0n0:58287:59315 [3] NCCL INFO Connection to proxy localRank 3 -> connection 0x149b24000e80
x3004c0s37b0n0:58287:59469 [3] NCCL INFO transport/p2p.cc:430 Cuda Alloc Size 6291456 pointer 0x149b1b400000
x3004c0s37b0n0:58284:59477 [0] NCCL INFO New proxy recv connection 5 from local rank 0, transport 0
x3004c0s37b0n0:58285:59310 [1] NCCL INFO Connection to proxy localRank 1 -> connection 0x1519b8000e00
x3004c0s37b0n0:58285:59465 [1] NCCL INFO transport/p2p.cc:430 Cuda Alloc Size 6291456 pointer 0x151a07400000
x3004c0s37b0n0:58286:59466 [2] NCCL INFO New proxy recv connection 9 from local rank 2, transport 0
x3004c0s37b0n0:58287:59315 [3] NCCL INFO Channel 01/0 : 11[c7000] -> 10[85000] via P2P/IPC/read
x3004c0s37b0n0:58287:59469 [3] NCCL INFO New proxy send connection 9 from local rank 3, transport 0
x3004c0s37b0n0:58285:59310 [1] NCCL INFO Channel 03/0 : 9[46000] -> 8[7000] via P2P/IPC/read
x3004c0s37b0n0:58285:59465 [1] NCCL INFO New proxy send connection 7 from local rank 1, transport 0
x3004c0s37b0n0:58284:59307 [0] NCCL INFO Connection to proxy localRank 0 -> connection 0x14b2b0000dc0
x3004c0s37b0n0:58284:59477 [0] NCCL INFO transport/p2p.cc:449 Cuda Alloc Size 6291456 pointer 0x14b2af200000
x3004c0s37b0n0:58286:59314 [2] NCCL INFO Connection to proxy localRank 2 -> connection 0x148d08000ec0
x3004c0s37b0n0:58286:59466 [2] NCCL INFO transport/p2p.cc:449 Cuda Alloc Size 6291456 pointer 0x148cfc600000
x3004c0s37b0n0:58285:59310 [1] NCCL INFO Connection to proxy localRank 1 -> connection 0x1519b8000e40
x3004c0s37b0n0:58285:59465 [1] NCCL INFO transport/p2p.cc:430 Cuda Alloc Size 6291456 pointer 0x151a07a00000
x3004c0s37b0n0:58287:59315 [3] NCCL INFO Connection to proxy localRank 3 -> connection 0x149b24000ec0
x3004c0s37b0n0:58287:59469 [3] NCCL INFO transport/p2p.cc:430 Cuda Alloc Size 6291456 pointer 0x149b1ba00000
x3004c0s37b0n0:58287:59315 [3] NCCL INFO Channel 02/0 : 11[c7000] -> 10[85000] via P2P/IPC/read
x3004c0s37b0n0:58287:59469 [3] NCCL INFO New proxy send connection 10 from local rank 3, transport 0
x3004c0s37b0n0:58287:59315 [3] NCCL INFO Connection to proxy localRank 3 -> connection 0x149b24000f00
x3004c0s37b0n0:58287:59469 [3] NCCL INFO transport/p2p.cc:430 Cuda Alloc Size 6291456 pointer 0x149b12000000
x3004c0s37b0n0:58284:59477 [0] NCCL INFO New proxy recv connection 6 from local rank 0, transport 0
x3004c0s37b0n0:58286:59466 [2] NCCL INFO New proxy recv connection 10 from local rank 2, transport 0
x3004c0s37b0n0:58287:59315 [3] NCCL INFO Channel 03/0 : 11[c7000] -> 10[85000] via P2P/IPC/read
x3004c0s37b0n0:58287:59469 [3] NCCL INFO New proxy send connection 11 from local rank 3, transport 0
x3004c0s37b0n0:58284:59307 [0] NCCL INFO Connection to proxy localRank 0 -> connection 0x14b2b0000e00
x3004c0s37b0n0:58286:59314 [2] NCCL INFO Connection to proxy localRank 2 -> connection 0x148d08000f00
x3004c0s37b0n0:58284:59477 [0] NCCL INFO transport/p2p.cc:449 Cuda Alloc Size 6291456 pointer 0x14b2af800000
x3004c0s37b0n0:58286:59466 [2] NCCL INFO transport/p2p.cc:449 Cuda Alloc Size 6291456 pointer 0x148cfcc00000
x3004c0s37b0n0:58284:59477 [0] NCCL INFO New proxy recv connection 7 from local rank 0, transport 0
x3004c0s37b0n0:58286:59466 [2] NCCL INFO New proxy recv connection 11 from local rank 2, transport 0
x3004c0s37b0n0:58287:59315 [3] NCCL INFO Connection to proxy localRank 3 -> connection 0x149b24000f40
x3004c0s37b0n0:58287:59469 [3] NCCL INFO transport/p2p.cc:430 Cuda Alloc Size 6291456 pointer 0x149b12600000
x3004c0s37b0n0:58284:59307 [0] NCCL INFO Connection to proxy localRank 0 -> connection 0x14b2b0000e40
x3004c0s37b0n0:58284:59477 [0] NCCL INFO transport/p2p.cc:449 Cuda Alloc Size 6291456 pointer 0x14b2ac000000
x3004c0s37b0n0:58286:59314 [2] NCCL INFO Connection to proxy localRank 2 -> connection 0x148d08000f40
x3004c0s37b0n0:58286:59466 [2] NCCL INFO transport/p2p.cc:449 Cuda Alloc Size 6291456 pointer 0x148cfd200000
x3004c0s37b0n0:58284:59307 [0] NCCL INFO Connected all rings
x3004c0s37b0n0:58284:59307 [0] NCCL INFO Channel 00/0 : 8[7000] -> 9[46000] via P2P/IPC/read
x3004c0s37b0n0:58284:59477 [0] NCCL INFO New proxy send connection 8 from local rank 0, transport 0
x3004c0s37b0n0:58285:59310 [1] NCCL INFO Connected all rings
x3004c0s37b0n0:58285:59465 [1] NCCL INFO New proxy recv connection 8 from local rank 1, transport 0
x3004c0s37b0n0:58284:59307 [0] NCCL INFO Connection to proxy localRank 0 -> connection 0x14b2b0000e80
x3004c0s37b0n0:58284:59477 [0] NCCL INFO transport/p2p.cc:430 Cuda Alloc Size 6291456 pointer 0x14b2aa000000
x3004c0s37b0n0:58285:59310 [1] NCCL INFO Connection to proxy localRank 1 -> connection 0x1519b8000e80
x3004c0s37b0n0:58285:59465 [1] NCCL INFO transport/p2p.cc:449 Cuda Alloc Size 6291456 pointer 0x151a09800000
x3004c0s37b0n0:58284:59307 [0] NCCL INFO Channel 01/0 : 8[7000] -> 9[46000] via P2P/IPC/read
x3004c0s37b0n0:58284:59477 [0] NCCL INFO New proxy send connection 9 from local rank 0, transport 0
x3004c0s37b0n0:58285:59465 [1] NCCL INFO New proxy recv connection 9 from local rank 1, transport 0
x3004c0s37b0n0:58284:59307 [0] NCCL INFO Connection to proxy localRank 0 -> connection 0x14b2b0000ec0
x3004c0s37b0n0:58284:59477 [0] NCCL INFO transport/p2p.cc:430 Cuda Alloc Size 6291456 pointer 0x14b2aa600000
x3004c0s37b0n0:58285:59310 [1] NCCL INFO Connection to proxy localRank 1 -> connection 0x1519b8000ec0
x3004c0s37b0n0:58285:59465 [1] NCCL INFO transport/p2p.cc:449 Cuda Alloc Size 6291456 pointer 0x151a09e00000
x3004c0s37b0n0:58284:59307 [0] NCCL INFO Channel 02/0 : 8[7000] -> 9[46000] via P2P/IPC/read
x3004c0s37b0n0:58284:59477 [0] NCCL INFO New proxy send connection 10 from local rank 0, transport 0
x3004c0s37b0n0:58285:59465 [1] NCCL INFO New proxy recv connection 10 from local rank 1, transport 0
x3004c0s37b0n0:58285:59310 [1] NCCL INFO Connection to proxy localRank 1 -> connection 0x1519b8000f00
x3004c0s37b0n0:58285:59465 [1] NCCL INFO transport/p2p.cc:449 Cuda Alloc Size 6291456 pointer 0x151a0a400000
x3004c0s37b0n0:58284:59307 [0] NCCL INFO Connection to proxy localRank 0 -> connection 0x14b2b0000f00
x3004c0s37b0n0:58284:59477 [0] NCCL INFO transport/p2p.cc:430 Cuda Alloc Size 6291456 pointer 0x14b2aac00000
x3004c0s37b0n0:58285:59465 [1] NCCL INFO New proxy recv connection 11 from local rank 1, transport 0
x3004c0s37b0n0:58284:59307 [0] NCCL INFO Channel 03/0 : 8[7000] -> 9[46000] via P2P/IPC/read
x3004c0s37b0n0:58284:59477 [0] NCCL INFO New proxy send connection 11 from local rank 0, transport 0
x3004c0s37b0n0:58285:59310 [1] NCCL INFO Connection to proxy localRank 1 -> connection 0x1519b8000f40
x3004c0s37b0n0:58285:59465 [1] NCCL INFO transport/p2p.cc:449 Cuda Alloc Size 6291456 pointer 0x151a0aa00000
x3004c0s37b0n0:58284:59307 [0] NCCL INFO Connection to proxy localRank 0 -> connection 0x14b2b0000f40
x3004c0s37b0n0:58284:59477 [0] NCCL INFO transport/p2p.cc:430 Cuda Alloc Size 6291456 pointer 0x14b2ab200000
x3004c0s37b0n0:58285:59310 [1] NCCL INFO Channel 00/0 : 9[46000] -> 10[85000] via P2P/IPC/read
x3004c0s37b0n0:58285:59465 [1] NCCL INFO New proxy send connection 12 from local rank 1, transport 0
x3004c0s37b0n0:58285:59310 [1] NCCL INFO Connection to proxy localRank 1 -> connection 0x1519b8000f80
x3004c0s37b0n0:58285:59465 [1] NCCL INFO transport/p2p.cc:430 Cuda Alloc Size 6291456 pointer 0x151a0b000000
x3004c0s37b0n0:58285:59310 [1] NCCL INFO Channel 01/0 : 9[46000] -> 10[85000] via P2P/IPC/read
x3004c0s37b0n0:58285:59465 [1] NCCL INFO New proxy send connection 13 from local rank 1, transport 0
x3004c0s37b0n0:58285:59310 [1] NCCL INFO Connection to proxy localRank 1 -> connection 0x1519b8000fc0
x3004c0s37b0n0:58285:59465 [1] NCCL INFO transport/p2p.cc:430 Cuda Alloc Size 6291456 pointer 0x151a0b600000
x3004c0s37b0n0:58285:59310 [1] NCCL INFO Channel 02/0 : 9[46000] -> 10[85000] via P2P/IPC/read
x3004c0s37b0n0:58285:59465 [1] NCCL INFO New proxy send connection 14 from local rank 1, transport 0
x3004c0s37b0n0:58285:59310 [1] NCCL INFO Connection to proxy localRank 1 -> connection 0x1519b8001000
x3004c0s37b0n0:58285:59465 [1] NCCL INFO transport/p2p.cc:430 Cuda Alloc Size 6291456 pointer 0x151a0bc00000
x3004c0s37b0n0:58285:59310 [1] NCCL INFO Channel 03/0 : 9[46000] -> 10[85000] via P2P/IPC/read
x3004c0s37b0n0:58285:59465 [1] NCCL INFO New proxy send connection 15 from local rank 1, transport 0
x3004c0s37b0n0:58285:59310 [1] NCCL INFO Connection to proxy localRank 1 -> connection 0x1519b8001040
x3004c0s37b0n0:58285:59465 [1] NCCL INFO transport/p2p.cc:430 Cuda Alloc Size 6291456 pointer 0x151a0c200000
x3004c0s37b0n0:58285:59310 [1] NCCL INFO GPU Direct RDMA Disabled for GPU 46000 / HCA 1 (distance 6 > 4)
x3004c0s37b0n0:58285:59465 [1] NCCL INFO New proxy recv connection 16 from local rank 1, transport 2
x3004c0s37b0n0:58286:59466 [2] NCCL INFO New proxy recv connection 12 from local rank 2, transport 0
x3004c0s37b0n0:58286:59314 [2] NCCL INFO Connection to proxy localRank 2 -> connection 0x148d08000f80
x3004c0s37b0n0:58284:59307 [0] NCCL INFO GPU Direct RDMA Disabled for GPU 7000 / HCA 1 (distance 7 > 4)
x3004c0s37b0n0:58286:59466 [2] NCCL INFO transport/p2p.cc:449 Cuda Alloc Size 6291456 pointer 0x148cfb200000
x3004c0s37b0n0:58284:59477 [0] NCCL INFO Allocated 4194656 bytes of shared memory in /dev/shm/nccl-UFjuIk

x3004c0s37b0n0:58284:59477 [0] NCCL INFO New proxy send connection 12 from local rank 0, transport 2
x3004c0s37b0n0:58284:59307 [0] NCCL INFO Connection to proxy localRank 0 -> connection 0x14b2b0000f80
x3004c0s37b0n0:58284:59307 [0] NCCL INFO Channel 00/0 : 8[7000] -> 12[7000] [send] via NET/IB/1
x3004c0s37b0n0:58284:59307 [0] NCCL INFO GPU Direct RDMA Disabled for GPU 7000 / HCA 0 (distance 7 > 4)
x3004c0s37b0n0:58286:59466 [2] NCCL INFO New proxy recv connection 13 from local rank 2, transport 0
x3004c0s37b0n0:58285:59310 [1] NCCL INFO Connection to proxy localRank 1 -> connection 0x1519b8001080
x3004c0s37b0n0:58284:59477 [0] NCCL INFO New proxy send connection 13 from local rank 0, transport 2
x3004c0s37b0n0:58285:59310 [1] NCCL INFO Channel 00/0 : 4[7000] -> 9[46000] [receive] via NET/IB/1
x3004c0s37b0n0:58285:59310 [1] NCCL INFO GPU Direct RDMA Disabled for GPU 46000 / HCA 0 (distance 7 > 4)
x3004c0s37b0n0:58285:59465 [1] NCCL INFO New proxy recv connection 17 from local rank 1, transport 2
x3004c0s37b0n0:58286:59314 [2] NCCL INFO Connection to proxy localRank 2 -> connection 0x148d08000fc0
x3004c0s37b0n0:58286:59466 [2] NCCL INFO transport/p2p.cc:449 Cuda Alloc Size 6291456 pointer 0x148cfb800000
x3004c0s37b0n0:58284:59307 [0] NCCL INFO Connection to proxy localRank 0 -> connection 0x14b2b0000fc0
x3004c0s37b0n0:58284:59307 [0] NCCL INFO Channel 01/0 : 8[7000] -> 12[7000] [send] via NET/IB/0
x3004c0s37b0n0:58285:59310 [1] NCCL INFO Connection to proxy localRank 1 -> connection 0x1519b80010c0
x3004c0s37b0n0:58286:59466 [2] NCCL INFO New proxy recv connection 14 from local rank 2, transport 0
x3004c0s37b0n0:58285:59310 [1] NCCL INFO Channel 01/0 : 4[7000] -> 9[46000] [receive] via NET/IB/0
x3004c0s37b0n0:58286:59314 [2] NCCL INFO Connection to proxy localRank 2 -> connection 0x148d08001000
x3004c0s37b0n0:58286:59466 [2] NCCL INFO transport/p2p.cc:449 Cuda Alloc Size 6291456 pointer 0x148cf8000000
x3004c0s37b0n0:58286:59466 [2] NCCL INFO New proxy recv connection 15 from local rank 2, transport 0
x3004c0s37b0n0:58286:59314 [2] NCCL INFO Connection to proxy localRank 2 -> connection 0x148d08001040
x3004c0s37b0n0:58286:59466 [2] NCCL INFO transport/p2p.cc:449 Cuda Alloc Size 6291456 pointer 0x148cf8600000
x3004c0s37b0n0:58286:59314 [2] NCCL INFO Channel 00/0 : 10[85000] -> 9[46000] via P2P/IPC/read
x3004c0s37b0n0:58286:59466 [2] NCCL INFO New proxy send connection 16 from local rank 2, transport 0
x3004c0s37b0n0:58286:59314 [2] NCCL INFO Connection to proxy localRank 2 -> connection 0x148d08001080
x3004c0s37b0n0:58286:59466 [2] NCCL INFO transport/p2p.cc:430 Cuda Alloc Size 6291456 pointer 0x148cf8c00000
x3004c0s37b0n0:58286:59314 [2] NCCL INFO Channel 01/0 : 10[85000] -> 9[46000] via P2P/IPC/read
x3004c0s37b0n0:58286:59466 [2] NCCL INFO New proxy send connection 17 from local rank 2, transport 0
x3004c0s37b0n0:58284:59477 [0] NCCL INFO transport/net_ib.cc:596 Ib Alloc Size 26560 pointer 0x14b2b001b000
x3004c0s37b0n0:58284:59477 [0] NCCL INFO NET/IB: Dev 1 Port 1 qpn 5022 mtu 5 GID 0 (80FE/C80100FEFF000000)
x3004c0s37b0n0:58284:59477 [0] NCCL INFO transport/net_ib.cc:653 Ib Alloc Size 552 pointer 0x14b2b003d000
x3004c0s37b0n0:58284:59477 [0] NCCL INFO transport/net.cc:571 Cuda Host Alloc Size 9641984 pointer 0x14b2a9200000
x3004c0s37b0n0:58284:59477 [0] NCCL INFO Mem Realloc old size 0, new size 768 pointer 0x14b2b003c3b0
x3004c0s37b0n0:58284:59477 [0] NCCL INFO transport/net_ib.cc:596 Ib Alloc Size 26560 pointer 0x14b2b003f000
x3004c0s37b0n0:58284:59477 [0] NCCL INFO NET/IB: Dev 0 Port 1 qpn 5245 mtu 5 GID 0 (80FE/F80100FEFF000000)
x3004c0s37b0n0:58284:59477 [0] NCCL INFO transport/net_ib.cc:653 Ib Alloc Size 552 pointer 0x14b2b0060000
x3004c0s37b0n0:58284:59477 [0] NCCL INFO transport/net.cc:571 Cuda Host Alloc Size 9641984 pointer 0x14b2a2000000
x3004c0s37b0n0:58284:59477 [0] NCCL INFO Mem Realloc old size 0, new size 768 pointer 0x14b2b00468c0
x3004c0s37b0n0:58286:59314 [2] NCCL INFO Connection to proxy localRank 2 -> connection 0x148d080010c0
x3004c0s37b0n0:58286:59466 [2] NCCL INFO transport/p2p.cc:430 Cuda Alloc Size 6291456 pointer 0x148cf9200000
x3004c0s37b0n0:58284:59307 [0] NCCL INFO GPU Direct RDMA Disabled for GPU 7000 / HCA 1 (distance 7 > 4)
x3004c0s37b0n0:58284:59477 [0] NCCL INFO New proxy send connection 14 from local rank 0, transport 2
x3004c0s37b0n0:58286:59314 [2] NCCL INFO Channel 02/0 : 10[85000] -> 9[46000] via P2P/IPC/read
x3004c0s37b0n0:58286:59466 [2] NCCL INFO New proxy send connection 18 from local rank 2, transport 0
x3004c0s37b0n0:58284:59307 [0] NCCL INFO Connection to proxy localRank 0 -> connection 0x14b2b0001000
x3004c0s37b0n0:58284:59307 [0] NCCL INFO Channel 02/0 : 8[7000] -> 13[46000] [send] via NET/IB/1
x3004c0s37b0n0:58284:59307 [0] NCCL INFO GPU Direct RDMA Disabled for GPU 7000 / HCA 0 (distance 7 > 4)
x3004c0s37b0n0:58284:59477 [0] NCCL INFO New proxy send connection 15 from local rank 0, transport 2
x3004c0s37b0n0:58286:59314 [2] NCCL INFO Connection to proxy localRank 2 -> connection 0x148d08001100
x3004c0s37b0n0:58286:59466 [2] NCCL INFO transport/p2p.cc:430 Cuda Alloc Size 6291456 pointer 0x148cf9800000
x3004c0s37b0n0:58284:59307 [0] NCCL INFO Connection to proxy localRank 0 -> connection 0x14b2b0001040
x3004c0s37b0n0:58284:59307 [0] NCCL INFO Channel 03/0 : 8[7000] -> 13[46000] [send] via NET/IB/0
x3004c0s37b0n0:58284:59477 [0] NCCL INFO transport/net_ib.cc:596 Ib Alloc Size 26560 pointer 0x14b2b006c000
x3004c0s37b0n0:58284:59477 [0] NCCL INFO NET/IB: Dev 1 Port 1 qpn 5023 mtu 5 GID 0 (80FE/C80100FEFF000000)
x3004c0s37b0n0:58284:59477 [0] NCCL INFO transport/net_ib.cc:653 Ib Alloc Size 552 pointer 0x14b2b0083000
x3004c0s37b0n0:58284:59477 [0] NCCL INFO transport/net.cc:571 Cuda Host Alloc Size 9641984 pointer 0x14b2a2a00000
x3004c0s37b0n0:58286:59314 [2] NCCL INFO Channel 03/0 : 10[85000] -> 9[46000] via P2P/IPC/read
x3004c0s37b0n0:58286:59466 [2] NCCL INFO New proxy send connection 19 from local rank 2, transport 0
x3004c0s37b0n0:58285:59465 [1] NCCL INFO transport/net_ib.cc:683 Ib Alloc Size 21688 pointer 0x1519b80d2000
x3004c0s37b0n0:58285:59465 [1] NCCL INFO transport/net_ib.cc:696 Ib Alloc Size 552 pointer 0x1519b8018000
x3004c0s37b0n0:58284:59477 [0] NCCL INFO transport/net_ib.cc:596 Ib Alloc Size 26560 pointer 0x14b2b0085000
x3004c0s37b0n0:58284:59477 [0] NCCL INFO NET/IB: Dev 0 Port 1 qpn 5246 mtu 5 GID 0 (80FE/F80100FEFF000000)
x3004c0s37b0n0:58284:59477 [0] NCCL INFO transport/net_ib.cc:653 Ib Alloc Size 552 pointer 0x14b2b009c000
x3004c0s37b0n0:58284:59477 [0] NCCL INFO transport/net.cc:571 Cuda Host Alloc Size 9641984 pointer 0x14b2a3400000
x3004c0s37b0n0:58285:59465 [1] NCCL INFO transport/net_ib.cc:771 Ib Alloc Size 552 pointer 0x1519b80f2000
x3004c0s37b0n0:58285:59465 [1] NCCL INFO transport/net.cc:698 Cuda Host Alloc Size 9641984 pointer 0x151a0f800000
x3004c0s37b0n0:58284:59307 [0] NCCL INFO GPU Direct RDMA Disabled for GPU 7000 / HCA 1 (distance 7 > 4)
x3004c0s37b0n0:58284:59477 [0] NCCL INFO New proxy send connection 16 from local rank 0, transport 2
x3004c0s37b0n0:58286:59314 [2] NCCL INFO Connection to proxy localRank 2 -> connection 0x148d08001140
x3004c0s37b0n0:58286:59466 [2] NCCL INFO transport/p2p.cc:430 Cuda Alloc Size 6291456 pointer 0x148cf6000000
x3004c0s37b0n0:58285:59465 [1] NCCL INFO transport/net_ib.cc:683 Ib Alloc Size 21688 pointer 0x1519b80f4000
x3004c0s37b0n0:58285:59465 [1] NCCL INFO transport/net_ib.cc:696 Ib Alloc Size 552 pointer 0x1519b80fb000
x3004c0s37b0n0:58284:59307 [0] NCCL INFO Connection to proxy localRank 0 -> connection 0x14b2b0001080
x3004c0s37b0n0:58284:59307 [0] NCCL INFO Channel 00/0 : 8[7000] -> 17[46000] [send] via NET/IB/1
x3004c0s37b0n0:58284:59307 [0] NCCL INFO GPU Direct RDMA Disabled for GPU 7000 / HCA 0 (distance 7 > 4)
x3004c0s37b0n0:58285:59465 [1] NCCL INFO transport/net_ib.cc:771 Ib Alloc Size 552 pointer 0x1519b8116000
x3004c0s37b0n0:58285:59465 [1] NCCL INFO transport/net.cc:698 Cuda Host Alloc Size 9641984 pointer 0x151a10200000
x3004c0s37b0n0:58284:59477 [0] NCCL INFO New proxy send connection 17 from local rank 0, transport 2
x3004c0s37b0n0:58285:59310 [1] NCCL INFO GPU Direct RDMA Disabled for GPU 46000 / HCA 1 (distance 6 > 4)
x3004c0s37b0n0:58285:59465 [1] NCCL INFO New proxy send connection 18 from local rank 1, transport 2
x3004c0s37b0n0:58285:59310 [1] NCCL INFO Connection to proxy localRank 1 -> connection 0x1519b8001100
x3004c0s37b0n0:58285:59310 [1] NCCL INFO Channel 00/0 : 9[46000] -> 4[7000] [send] via NET/IB/1
x3004c0s37b0n0:58285:59310 [1] NCCL INFO GPU Direct RDMA Disabled for GPU 46000 / HCA 0 (distance 7 > 4)
x3004c0s37b0n0:58285:59465 [1] NCCL INFO New proxy send connection 19 from local rank 1, transport 2
x3004c0s37b0n0:58287:59315 [3] NCCL INFO Connected all trees by HAO
x3004c0s37b0n0:58287:59315 [3] NCCL INFO threadThresholds 8/8/64 | 160/8/64 | 512 | 512
x3004c0s37b0n0:58287:59315 [3] NCCL INFO 4 coll channels, 4 p2p channels, 2 p2p channels per peer
x3004c0s37b0n0:58287:59469 [3] NCCL INFO New proxy send connection 12 from local rank 3, transport 2
x3004c0s37b0n0:58287:59315 [3] NCCL INFO Connection to proxy localRank 3 -> connection 0x149b24000f80
x3004c0s37b0n0:58285:59310 [1] NCCL INFO Connection to proxy localRank 1 -> connection 0x1519b8001140
x3004c0s37b0n0:58285:59310 [1] NCCL INFO Channel 01/0 : 9[46000] -> 4[7000] [send] via NET/IB/0
x3004c0s37b0n0:58285:59465 [1] NCCL INFO transport/net_ib.cc:596 Ib Alloc Size 26560 pointer 0x1519b8122000
x3004c0s37b0n0:58284:59307 [0] NCCL INFO Connection to proxy localRank 0 -> connection 0x14b2b00010c0
x3004c0s37b0n0:58284:59307 [0] NCCL INFO Channel 01/0 : 8[7000] -> 17[46000] [send] via NET/IB/0
x3004c0s37b0n0:58284:59477 [0] NCCL INFO transport/net_ib.cc:596 Ib Alloc Size 26560 pointer 0x14b2b00a8000
x3004c0s37b0n0:58287:59469 [3] NCCL INFO transport/net.cc:376 Cuda Alloc Size 8388608 pointer 0x149b10600000
x3004c0s37b0n0:58285:59465 [1] NCCL INFO NET/IB: Dev 1 Port 1 qpn 5026 mtu 5 GID 0 (80FE/C80100FEFF000000)
x3004c0s37b0n0:58285:59465 [1] NCCL INFO transport/net_ib.cc:653 Ib Alloc Size 552 pointer 0x1519b8139000
x3004c0s37b0n0:58285:59465 [1] NCCL INFO transport/net.cc:571 Cuda Host Alloc Size 9641984 pointer 0x151a10c00000
x3004c0s37b0n0:58284:59477 [0] NCCL INFO NET/IB: Dev 1 Port 1 qpn 5027 mtu 5 GID 0 (80FE/C80100FEFF000000)
x3004c0s37b0n0:58284:59477 [0] NCCL INFO transport/net_ib.cc:653 Ib Alloc Size 552 pointer 0x14b2b00bf000
x3004c0s37b0n0:58284:59477 [0] NCCL INFO transport/net.cc:571 Cuda Host Alloc Size 9641984 pointer 0x14b2a0000000
x3004c0s37b0n0:58285:59465 [1] NCCL INFO transport/net_ib.cc:596 Ib Alloc Size 26560 pointer 0x1519b813b000
x3004c0s37b0n0:58284:59477 [0] NCCL INFO transport/net_ib.cc:596 Ib Alloc Size 26560 pointer 0x14b2b00c1000
x3004c0s37b0n0:58284:59477 [0] NCCL INFO NET/IB: Dev 0 Port 1 qpn 5250 mtu 5 GID 0 (80FE/F80100FEFF000000)
x3004c0s37b0n0:58284:59477 [0] NCCL INFO transport/net_ib.cc:653 Ib Alloc Size 552 pointer 0x14b2b00d8000
x3004c0s37b0n0:58284:59477 [0] NCCL INFO transport/net.cc:571 Cuda Host Alloc Size 9641984 pointer 0x14b2a0a00000
x3004c0s37b0n0:58285:59465 [1] NCCL INFO NET/IB: Dev 0 Port 1 qpn 5249 mtu 5 GID 0 (80FE/F80100FEFF000000)
x3004c0s37b0n0:58285:59465 [1] NCCL INFO transport/net_ib.cc:653 Ib Alloc Size 552 pointer 0x1519b8152000
x3004c0s37b0n0:58285:59465 [1] NCCL INFO transport/net.cc:571 Cuda Host Alloc Size 9641984 pointer 0x151a11600000
x3004c0s37b0n0:58284:59307 [0] NCCL INFO GPU Direct RDMA Disabled for GPU 7000 / HCA 1 (distance 7 > 4)
x3004c0s37b0n0:58284:59477 [0] NCCL INFO New proxy recv connection 18 from local rank 0, transport 2
x3004c0s37b0n0:58285:59465 [1] NCCL INFO New proxy recv connection 20 from local rank 1, transport 0
x3004c0s37b0n0:58284:59307 [0] NCCL INFO Connection to proxy localRank 0 -> connection 0x14b2b0001100
x3004c0s37b0n0:58284:59307 [0] NCCL INFO Channel 00/0 : 17[46000] -> 8[7000] [receive] via NET/IB/1
x3004c0s37b0n0:58284:59307 [0] NCCL INFO GPU Direct RDMA Disabled for GPU 7000 / HCA 0 (distance 7 > 4)
x3004c0s37b0n0:58285:59310 [1] NCCL INFO Connection to proxy localRank 1 -> connection 0x1519b8001180
x3004c0s37b0n0:58285:59465 [1] NCCL INFO transport/p2p.cc:449 Cuda Alloc Size 6291456 pointer 0x151a12000000
x3004c0s37b0n0:58284:59477 [0] NCCL INFO New proxy recv connection 19 from local rank 0, transport 2
x3004c0s37b0n0:58285:59465 [1] NCCL INFO New proxy recv connection 21 from local rank 1, transport 0
x3004c0s37b0n0:58284:59307 [0] NCCL INFO Connection to proxy localRank 0 -> connection 0x14b2b0001140
x3004c0s37b0n0:58285:59310 [1] NCCL INFO Connection to proxy localRank 1 -> connection 0x1519b80011c0
x3004c0s37b0n0:58285:59465 [1] NCCL INFO transport/p2p.cc:449 Cuda Alloc Size 6291456 pointer 0x151a12600000
x3004c0s37b0n0:58284:59307 [0] NCCL INFO Channel 01/0 : 17[46000] -> 8[7000] [receive] via NET/IB/0
x3004c0s37b0n0:58284:59477 [0] NCCL INFO transport/net_ib.cc:683 Ib Alloc Size 21688 pointer 0x14b2b00e4000
x3004c0s37b0n0:58284:59477 [0] NCCL INFO transport/net_ib.cc:696 Ib Alloc Size 552 pointer 0x14b2b00eb000
x3004c0s37b0n0:58284:59477 [0] NCCL INFO transport/net_ib.cc:771 Ib Alloc Size 552 pointer 0x14b2b0107000
x3004c0s37b0n0:58284:59477 [0] NCCL INFO transport/net.cc:698 Cuda Host Alloc Size 9641984 pointer 0x14b2a1400000
x3004c0s37b0n0:58285:59465 [1] NCCL INFO New proxy recv connection 22 from local rank 1, transport 0
x3004c0s37b0n0:58285:59310 [1] NCCL INFO Connection to proxy localRank 1 -> connection 0x1519b8001200
x3004c0s37b0n0:58285:59465 [1] NCCL INFO transport/p2p.cc:449 Cuda Alloc Size 6291456 pointer 0x151a12c00000
x3004c0s37b0n0:58284:59477 [0] NCCL INFO transport/net_ib.cc:683 Ib Alloc Size 21688 pointer 0x14b2b0109000
x3004c0s37b0n0:58284:59477 [0] NCCL INFO transport/net_ib.cc:696 Ib Alloc Size 552 pointer 0x14b2b0110000
x3004c0s37b0n0:58285:59465 [1] NCCL INFO New proxy recv connection 23 from local rank 1, transport 0
x3004c0s37b0n0:58284:59477 [0] NCCL INFO transport/net_ib.cc:771 Ib Alloc Size 552 pointer 0x14b2b012b000
x3004c0s37b0n0:58284:59477 [0] NCCL INFO transport/net.cc:698 Cuda Host Alloc Size 9641984 pointer 0x14b29e000000
x3004c0s37b0n0:58284:59307 [0] NCCL INFO GPU Direct RDMA Disabled for GPU 7000 / HCA 1 (distance 7 > 4)
x3004c0s37b0n0:58284:59477 [0] NCCL INFO New proxy recv connection 20 from local rank 0, transport 2
x3004c0s37b0n0:58285:59310 [1] NCCL INFO Connection to proxy localRank 1 -> connection 0x1519b8001240
x3004c0s37b0n0:58285:59465 [1] NCCL INFO transport/p2p.cc:449 Cuda Alloc Size 6291456 pointer 0x151a13200000
x3004c0s37b0n0:58284:59307 [0] NCCL INFO Connection to proxy localRank 0 -> connection 0x14b2b0001180
x3004c0s37b0n0:58285:59310 [1] NCCL INFO Connected all trees by HAO
x3004c0s37b0n0:58285:59310 [1] NCCL INFO threadThresholds 8/8/64 | 160/8/64 | 512 | 512
x3004c0s37b0n0:58285:59310 [1] NCCL INFO 4 coll channels, 4 p2p channels, 2 p2p channels per peer
x3004c0s37b0n0:58285:59465 [1] NCCL INFO New proxy send connection 24 from local rank 1, transport 2
x3004c0s37b0n0:58286:59314 [2] NCCL INFO Connected all trees by HAO
x3004c0s37b0n0:58286:59314 [2] NCCL INFO threadThresholds 8/8/64 | 160/8/64 | 512 | 512
x3004c0s37b0n0:58286:59314 [2] NCCL INFO 4 coll channels, 4 p2p channels, 2 p2p channels per peer
x3004c0s37b0n0:58286:59466 [2] NCCL INFO Allocated 4194656 bytes of shared memory in /dev/shm/nccl-Me1s5w

x3004c0s37b0n0:58286:59466 [2] NCCL INFO New proxy send connection 20 from local rank 2, transport 2
x3004c0s37b0n0:58285:59310 [1] NCCL INFO Connection to proxy localRank 1 -> connection 0x1519b8001280
x3004c0s37b0n0:58285:59465 [1] NCCL INFO transport/net.cc:376 Cuda Alloc Size 8388608 pointer 0x151a15000000
x3004c0s37b0n0:58284:59307 [0] NCCL INFO Channel 02/0 : 13[46000] -> 8[7000] [receive] via NET/IB/1
x3004c0s37b0n0:58284:59307 [0] NCCL INFO GPU Direct RDMA Disabled for GPU 7000 / HCA 0 (distance 7 > 4)
x3004c0s37b0n0:58284:59477 [0] NCCL INFO New proxy recv connection 21 from local rank 0, transport 2
x3004c0s37b0n0:58286:59314 [2] NCCL INFO Connection to proxy localRank 2 -> connection 0x148d08001180
x3004c0s37b0n0:58286:59466 [2] NCCL INFO transport/net.cc:376 Cuda Alloc Size 8388608 pointer 0x148cf5800000
x3004c0s37b0n0:58284:59307 [0] NCCL INFO Connection to proxy localRank 0 -> connection 0x14b2b00011c0
x3004c0s37b0n0:58284:59307 [0] NCCL INFO Channel 03/0 : 13[46000] -> 8[7000] [receive] via NET/IB/0
x3004c0s37b0n0:58284:59477 [0] NCCL INFO transport/net_ib.cc:683 Ib Alloc Size 21688 pointer 0x14b2b0137000
x3004c0s37b0n0:58284:59477 [0] NCCL INFO transport/net_ib.cc:696 Ib Alloc Size 552 pointer 0x14b2b013e000
x3004c0s37b0n0:58284:59477 [0] NCCL INFO transport/net_ib.cc:771 Ib Alloc Size 552 pointer 0x14b2b0159000
x3004c0s37b0n0:58284:59477 [0] NCCL INFO transport/net.cc:698 Cuda Host Alloc Size 9641984 pointer 0x14b29ea00000
x3004c0s37b0n0:58284:59477 [0] NCCL INFO transport/net_ib.cc:683 Ib Alloc Size 21688 pointer 0x14b2b015b000
x3004c0s37b0n0:58284:59477 [0] NCCL INFO transport/net_ib.cc:696 Ib Alloc Size 552 pointer 0x14b2b0162000
x3004c0s37b0n0:58284:59477 [0] NCCL INFO transport/net_ib.cc:771 Ib Alloc Size 552 pointer 0x14b2b017d000
x3004c0s37b0n0:58284:59477 [0] NCCL INFO transport/net.cc:698 Cuda Host Alloc Size 9641984 pointer 0x14b29f400000
x3004c0s37b0n0:58284:59307 [0] NCCL INFO GPU Direct RDMA Disabled for GPU 7000 / HCA 1 (distance 7 > 4)
x3004c0s37b0n0:58284:59477 [0] NCCL INFO New proxy recv connection 22 from local rank 0, transport 2
x3004c0s37b0n0:58284:59307 [0] NCCL INFO Connection to proxy localRank 0 -> connection 0x14b2b0001200
x3004c0s37b0n0:58284:59307 [0] NCCL INFO Channel 00/0 : 12[7000] -> 8[7000] [receive] via NET/IB/1
x3004c0s37b0n0:58284:59307 [0] NCCL INFO GPU Direct RDMA Disabled for GPU 7000 / HCA 0 (distance 7 > 4)
x3004c0s37b0n0:58284:59477 [0] NCCL INFO New proxy recv connection 23 from local rank 0, transport 2
x3004c0s37b0n0:58284:59307 [0] NCCL INFO Connection to proxy localRank 0 -> connection 0x14b2b0001240
x3004c0s37b0n0:58284:59307 [0] NCCL INFO Channel 01/0 : 12[7000] -> 8[7000] [receive] via NET/IB/0
x3004c0s37b0n0:58284:59477 [0] NCCL INFO transport/net_ib.cc:683 Ib Alloc Size 21688 pointer 0x14b2b0189000
x3004c0s37b0n0:58284:59477 [0] NCCL INFO transport/net_ib.cc:696 Ib Alloc Size 552 pointer 0x14b2b0190000
x3004c0s37b0n0:58284:59477 [0] NCCL INFO transport/net_ib.cc:771 Ib Alloc Size 552 pointer 0x14b2b01ab000
x3004c0s37b0n0:58284:59477 [0] NCCL INFO transport/net.cc:698 Cuda Host Alloc Size 9641984 pointer 0x14b29c000000
x3004c0s37b0n0:58284:59477 [0] NCCL INFO transport/net_ib.cc:683 Ib Alloc Size 21688 pointer 0x14b2b01ad000
x3004c0s37b0n0:58284:59477 [0] NCCL INFO transport/net_ib.cc:696 Ib Alloc Size 552 pointer 0x14b2b01b4000
x3004c0s37b0n0:58284:59477 [0] NCCL INFO transport/net_ib.cc:771 Ib Alloc Size 552 pointer 0x14b2b01cf000
x3004c0s37b0n0:58284:59477 [0] NCCL INFO transport/net.cc:698 Cuda Host Alloc Size 9641984 pointer 0x14b29ca00000
x3004c0s37b0n0:58284:59307 [0] NCCL INFO Connected all trees by HAO
x3004c0s37b0n0:58284:59307 [0] NCCL INFO threadThresholds 8/8/64 | 160/8/64 | 512 | 512
x3004c0s37b0n0:58284:59307 [0] NCCL INFO 4 coll channels, 4 p2p channels, 2 p2p channels per peer
x3004c0s37b0n0:58284:59477 [0] NCCL INFO New proxy send connection 24 from local rank 0, transport 2
x3004c0s37b0n0:58284:59307 [0] NCCL INFO Connection to proxy localRank 0 -> connection 0x14b2b0001280
x3004c0s37b0n0:58284:59307 [0] NCCL INFO init.cc:367 Cuda Alloc Size 5168 pointer 0x14b2bf808800
x3004c0s37b0n0:58285:59310 [1] NCCL INFO init.cc:367 Cuda Alloc Size 5168 pointer 0x151a03e08800
x3004c0s37b0n0:58287:59315 [3] NCCL INFO init.cc:367 Cuda Alloc Size 5168 pointer 0x149b29808800
x3004c0s37b0n0:58287:59315 [3] NCCL INFO init.cc:392 Cuda Host Alloc Size 33554432 pointer 0x149b0e000000
x3004c0s37b0n0:58287:59315 [3] NCCL INFO init.cc:398 Cuda Host Alloc Size 128 pointer 0x149b28e00200
x3004c0s37b0n0:58287:59315 [3] NCCL INFO comm 0x55fc1231e840 rank 11 nranks 20 cudaDev 3 busId c7000 - Init COMPLETE
x3004c0s37b0n0:58285:59310 [1] NCCL INFO init.cc:392 Cuda Host Alloc Size 33554432 pointer 0x1519b6000000
x3004c0s37b0n0:58285:59310 [1] NCCL INFO init.cc:398 Cuda Host Alloc Size 128 pointer 0x151a03400200
x3004c0s37b0n0:58285:59310 [1] NCCL INFO comm 0x558c2fd3cf60 rank 9 nranks 20 cudaDev 1 busId 46000 - Init COMPLETE
x3004c0s37b0n0:58286:59314 [2] NCCL INFO init.cc:367 Cuda Alloc Size 5168 pointer 0x148d0d808800
x3004c0s37b0n0:58287:58287 [3] NCCL INFO AllReduce: opCount 0 sendbuff 0x149b67600200 recvbuff 0x149b67600200 count 1 datatype 1 op 0 root 0 comm 0x55fc1231e840 [nranks=20] stream 0x55fc2c543f10
x3004c0s37b0n0:58287:58287 [3] NCCL INFO misc/utils.cc:235 memory stack hunk malloc(65536)
[LYD INFO in ncclLaunchKernel (enqueue.cc)] NCHANNELS is: 4x3004c0s37b0n0:58285:58285 [1] NCCL INFO AllReduce: opCount 0 sendbuff 0x1519ffc00200 recvbuff 0x1519ffc00200 count 1 datatype 1 op 0 root 0 comm 0x558c2fd3cf60 [nranks=20] stream 0x558c32df5dd0
x3004c0s37b0n0:58285:58285 [1] NCCL INFO misc/utils.cc:235 memory stack hunk malloc(65536)
[LYD INFO in ncclLaunchKernel (enqueue.cc)] NCHANNELS is: 4x3004c0s37b0n0:58286:59314 [2] NCCL INFO init.cc:392 Cuda Host Alloc Size 33554432 pointer 0x148cf2000000
x3004c0s37b0n0:58286:59314 [2] NCCL INFO init.cc:398 Cuda Host Alloc Size 128 pointer 0x148d0ce00200
x3004c0s37b0n0:58286:59314 [2] NCCL INFO comm 0x560c97b20d90 rank 10 nranks 20 cudaDev 2 busId 85000 - Init COMPLETE
x3004c0s37b0n0:58284:59307 [0] NCCL INFO init.cc:392 Cuda Host Alloc Size 33554432 pointer 0x14b29a000000
x3004c0s37b0n0:58284:59307 [0] NCCL INFO init.cc:398 Cuda Host Alloc Size 128 pointer 0x14b2bee00200
x3004c0s37b0n0:58284:59307 [0] NCCL INFO comm 0x5589ad8896c0 rank 8 nranks 20 cudaDev 0 busId 7000 - Init COMPLETE
x3004c0s37b0n0:58284:59477 [0] NCCL INFO transport/net.cc:376 Cuda Alloc Size 8388608 pointer 0x14b29d400000
x3004c0s37b0n0:58284:58284 [0] NCCL INFO AllReduce: opCount 0 sendbuff 0x14b2ff600200 recvbuff 0x14b2ff600200 count 1 datatype 1 op 0 root 0 comm 0x5589ad8896c0 [nranks=20] stream 0x5589cbf758e0
x3004c0s37b0n0:58284:58284 [0] NCCL INFO misc/utils.cc:235 memory stack hunk malloc(65536)
[LYD INFO in ncclLaunchKernel (enqueue.cc)] NCHANNELS is: 4x3004c0s37b0n0:58286:58286 [2] NCCL INFO AllReduce: opCount 0 sendbuff 0x148d4f600200 recvbuff 0x148d4f600200 count 1 datatype 1 op 0 root 0 comm 0x560c97b20d90 [nranks=20] stream 0x560cb1a21b30
x3004c0s37b0n0:58286:58286 [2] NCCL INFO misc/utils.cc:235 memory stack hunk malloc(65536)
[LYD INFO in ncclLaunchKernel (enqueue.cc)] NCHANNELS is: 4
[LYD INFO in NCCL_KERN_NAME (common.h)] 10 AllReduce TREE LL Sum uint8_t Elapsed time: 223876 us

[LYD INFO in NCCL_KERN_NAME (common.h)] 8 AllReduce TREE LL Sum uint8_t Elapsed time: 294015 us

[LYD INFO in NCCL_KERN_NAME (common.h)] 9 AllReduce TREE LL Sum uint8_t Elapsed time: 283622 us

[LYD INFO in NCCL_KERN_NAME (common.h)] 11 AllReduce TREE LL Sum uint8_t Elapsed time: 315223 us
x3004c0s37b0n0:58286:58286 [2] NCCL INFO AllReduce: opCount 1 sendbuff 0x148d4f600000 recvbuff 0x148d4f600000 count 1 datatype 1 op 0 root 0 comm 0x560c97b20d90 [nranks=20] stream 0x560cb1a21b30
[LYD INFO in ncclLaunchKernel (enqueue.cc)] NCHANNELS is: 4x3004c0s37b0n0:58287:58287 [3] NCCL INFO AllReduce: opCount 1 sendbuff 0x149b67600000 recvbuff 0x149b67600000 count 1 datatype 1 op 0 root 0 comm 0x55fc1231e840 [nranks=20] stream 0x55fc2c543f10
[LYD INFO in ncclLaunchKernel (enqueue.cc)] NCHANNELS is: 4x3004c0s37b0n0:58284:58284 [0] NCCL INFO AllReduce: opCount 1 sendbuff 0x14b2ff600000 recvbuff 0x14b2ff600000 count 1 datatype 1 op 0 root 0 comm 0x5589ad8896c0 [nranks=20] stream 0x5589cbf758e0
[LYD INFO in ncclLaunchKernel (enqueue.cc)] NCHANNELS is: 4x3004c0s37b0n0:58285:58285 [1] NCCL INFO AllReduce: opCount 1 sendbuff 0x1519ffc00000 recvbuff 0x1519ffc00000 count 1 datatype 1 op 0 root 0 comm 0x558c2fd3cf60 [nranks=20] stream 0x558c32df5dd0
[LYD INFO in ncclLaunchKernel (enqueue.cc)] NCHANNELS is: 4
[LYD INFO in NCCL_KERN_NAME (common.h)] 8 AllReduce TREE LL Sum uint8_t Elapsed time: 5878360 us

[LYD INFO in NCCL_KERN_NAME (common.h)] 11 AllReduce TREE LL Sum uint8_t Elapsed time: 8250627 us

[LYD INFO in NCCL_KERN_NAME (common.h)] 9 AllReduce TREE LL Sum uint8_t Elapsed time: 2714412 us

[LYD INFO in NCCL_KERN_NAME (common.h)] 10 AllReduce TREE LL Sum uint8_t Elapsed time: 12925093 us
x3004c0s37b0n0:58287:58287 [3] NCCL INFO AllReduce: opCount 2 sendbuff 0x149b67600000 recvbuff 0x149b67600000 count 1 datatype 8 op 3 root 0 comm 0x55fc1231e840 [nranks=20] stream 0x55fc2c543f10
[LYD INFO in ncclLaunchKernel (enqueue.cc)] NCHANNELS is: 4x3004c0s37b0n0:58285:58285 [1] NCCL INFO AllReduce: opCount 2 sendbuff 0x1519ffc00000 recvbuff 0x1519ffc00000 count 1 datatype 8 op 3 root 0 comm 0x558c2fd3cf60 [nranks=20] stream 0x558c32df5dd0
[LYD INFO in ncclLaunchKernel (enqueue.cc)] NCHANNELS is: 4x3004c0s37b0n0:58286:58286 [2] NCCL INFO AllReduce: opCount 2 sendbuff 0x148d4f600000 recvbuff 0x148d4f600000 count 1 datatype 8 op 3 root 0 comm 0x560c97b20d90 [nranks=20] stream 0x560cb1a21b30
[LYD INFO in ncclLaunchKernel (enqueue.cc)] NCHANNELS is: 4
[LYD INFO in NCCL_FUNC_NAME (common.h)] 9 AllReduce TREE LL Min double Elapsed time: 11789 us

[LYD INFO in NCCL_FUNC_NAME (common.h)] 10 AllReduce TREE LL Min double Elapsed time: 6 us

[LYD INFO in NCCL_FUNC_NAME (common.h)] 11 AllReduce TREE LL Min double Elapsed time: 4 us
x3004c0s37b0n0:58284:58284 [0] NCCL INFO AllReduce: opCount 2 sendbuff 0x14b2ff600000 recvbuff 0x14b2ff600000 count 1 datatype 8 op 3 root 0 comm 0x5589ad8896c0 [nranks=20] stream 0x5589cbf758e0
[LYD INFO in ncclLaunchKernel (enqueue.cc)] NCHANNELS is: 4
[LYD INFO in NCCL_FUNC_NAME (common.h)] 8 AllReduce TREE LL Min double Elapsed time: 11131 us

[LYD INFO in NCCL_KERN_NAME (common.h)] 8 AllReduce TREE LL Sum double Elapsed time: 23990 us
x3004c0s37b0n0:58284:58284 [0] NCCL INFO AllReduce: opCount 3 sendbuff 0x14b2ff600200 recvbuff 0x14b2ff600200 count 1 datatype 1 op 0 root 0 comm 0x5589ad8896c0 [nranks=20] stream 0x5589cbf758e0
[LYD INFO in ncclLaunchKernel (enqueue.cc)] NCHANNELS is: 4
[LYD INFO in NCCL_KERN_NAME (common.h)] 11 AllReduce TREE LL Sum double Elapsed time: 47813 us
x3004c0s37b0n0:58287:58287 [3] NCCL INFO AllReduce: opCount 3 sendbuff 0x149b67600200 recvbuff 0x149b67600200 count 1 datatype 1 op 0 root 0 comm 0x55fc1231e840 [nranks=20] stream 0x55fc2c543f10
[LYD INFO in ncclLaunchKernel (enqueue.cc)] NCHANNELS is: 4
[LYD INFO in NCCL_KERN_NAME (common.h)] 10 AllReduce TREE LL Sum double Elapsed time: 32817 us
x3004c0s37b0n0:58286:58286 [2] NCCL INFO AllReduce: opCount 3 sendbuff 0x148d4f600200 recvbuff 0x148d4f600200 count 1 datatype 1 op 0 root 0 comm 0x560c97b20d90 [nranks=20] stream 0x560cb1a21b30
[LYD INFO in ncclLaunchKernel (enqueue.cc)] NCHANNELS is: 4
[LYD INFO in NCCL_KERN_NAME (common.h)] 9 AllReduce TREE LL Sum double Elapsed time: 40537 us
x3004c0s37b0n0:58285:58285 [1] NCCL INFO AllReduce: opCount 3 sendbuff 0x1519ffc00200 recvbuff 0x1519ffc00200 count 1 datatype 1 op 0 root 0 comm 0x558c2fd3cf60 [nranks=20] stream 0x558c32df5dd0
[LYD INFO in ncclLaunchKernel (enqueue.cc)] NCHANNELS is: 4
[LYD INFO in NCCL_KERN_NAME (common.h)] 10 AllReduce TREE LL Sum uint8_t Elapsed time: 57415 us

[LYD INFO in NCCL_KERN_NAME (common.h)] 8 AllReduce TREE LL Sum uint8_t Elapsed time: 77122 us
 > number of parameters on (tensor, pipeline) model parallel rank (0, 8): 39354880
x3004c0s37b0n0:58284:58284 [0] NCCL INFO AllReduce: opCount 4 sendbuff 0x14b2ff600400 recvbuff 0x14b2ff600400 count 1 datatype 1 op 0 root 0 comm 0x5589ad8896c0 [nranks=20] stream 0x5589cbf758e0
[LYD INFO in ncclLaunchKernel (enqueue.cc)] NCHANNELS is: 4
[LYD INFO in NCCL_KERN_NAME (common.h)] 9 AllReduce TREE LL Sum uint8_t Elapsed time: 43371 us

[LYD INFO in NCCL_KERN_NAME (common.h)] 11 AllReduce TREE LL Sum uint8_t Elapsed time: 72296 us
 > number of parameters on (tensor, pipeline) model parallel rank (0, 11): 39354880
 > number of parameters on (tensor, pipeline) model parallel rank (0, 10): 39354880
x3004c0s37b0n0:58286:58286 [2] NCCL INFO AllReduce: opCount 4 sendbuff 0x148d4f600400 recvbuff 0x148d4f600400 count 1 datatype 1 op 0 root 0 comm 0x560c97b20d90 [nranks=20] stream 0x560cb1a21b30
[LYD INFO in ncclLaunchKernel (enqueue.cc)] NCHANNELS is: 4 > number of parameters on (tensor, pipeline) model parallel rank (0, 9): 39354880
x3004c0s37b0n0:58285:58285 [1] NCCL INFO AllReduce: opCount 4 sendbuff 0x1519ffc00400 recvbuff 0x1519ffc00400 count 1 datatype 1 op 0 root 0 comm 0x558c2fd3cf60 [nranks=20] stream 0x558c32df5dd0
[LYD INFO in ncclLaunchKernel (enqueue.cc)] NCHANNELS is: 4x3004c0s37b0n0:58287:58287 [3] NCCL INFO AllReduce: opCount 4 sendbuff 0x149b67600400 recvbuff 0x149b67600400 count 1 datatype 1 op 0 root 0 comm 0x55fc1231e840 [nranks=20] stream 0x55fc2c543f10
[LYD INFO in ncclLaunchKernel (enqueue.cc)] NCHANNELS is: 4
[LYD INFO in NCCL_KERN_NAME (common.h)] 10 AllReduce TREE LL Sum uint8_t Elapsed time: 1812484 us
x3004c0s37b0n0:58286:58286 [2] NCCL INFO AllReduce: opCount 5 sendbuff 0x148d4f615200 recvbuff 0x148d4f615200 count 1 datatype 1 op 0 root 0 comm 0x560c97b20d90 [nranks=20] stream 0x560cb1a21b30
[LYD INFO in ncclLaunchKernel (enqueue.cc)] NCHANNELS is: 4
[LYD INFO in NCCL_KERN_NAME (common.h)] 8 AllReduce TREE LL Sum uint8_t Elapsed time: 1833176 us

[LYD INFO in NCCL_KERN_NAME (common.h)] 9 AllReduce TREE LL Sum uint8_t Elapsed time: 1794598 us

[LYD INFO in NCCL_KERN_NAME (common.h)] 11 AllReduce TREE LL Sum uint8_t Elapsed time: 1789157 us
x3004c0s37b0n0:58284:58284 [0] NCCL INFO AllReduce: opCount 5 sendbuff 0x14b2ff615200 recvbuff 0x14b2ff615200 count 1 datatype 1 op 0 root 0 comm 0x5589ad8896c0 [nranks=20] stream 0x5589cbf758e0
[LYD INFO in ncclLaunchKernel (enqueue.cc)] NCHANNELS is: 4x3004c0s37b0n0:58287:58287 [3] NCCL INFO AllReduce: opCount 5 sendbuff 0x149b67615200 recvbuff 0x149b67615200 count 1 datatype 1 op 0 root 0 comm 0x55fc1231e840 [nranks=20] stream 0x55fc2c543f10
[LYD INFO in ncclLaunchKernel (enqueue.cc)] NCHANNELS is: 4x3004c0s37b0n0:58285:58285 [1] NCCL INFO AllReduce: opCount 5 sendbuff 0x1519ffc15200 recvbuff 0x1519ffc15200 count 1 datatype 1 op 0 root 0 comm 0x558c2fd3cf60 [nranks=20] stream 0x558c32df5dd0
[LYD INFO in ncclLaunchKernel (enqueue.cc)] NCHANNELS is: 4
[LYD INFO in NCCL_KERN_NAME (common.h)] 9 AllReduce TREE LL Sum uint8_t Elapsed time: 49617 us
x3004c0s37b0n0:58285:58285 [1] NCCL INFO AllReduce: opCount 6 sendbuff 0x1519ffc00400 recvbuff 0x1519ffc00400 count 1 datatype 1 op 0 root 0 comm 0x558c2fd3cf60 [nranks=20] stream 0x558c32df5dd0
[LYD INFO in ncclLaunchKernel (enqueue.cc)] NCHANNELS is: 4
[LYD INFO in NCCL_KERN_NAME (common.h)] 8 AllReduce TREE LL Sum uint8_t Elapsed time: 72897 us
x3004c0s37b0n0:58284:58284 [0] NCCL INFO AllReduce: opCount 6 sendbuff 0x14b2ff600400 recvbuff 0x14b2ff600400 count 1 datatype 1 op 0 root 0 comm 0x5589ad8896c0 [nranks=20] stream 0x5589cbf758e0
[LYD INFO in ncclLaunchKernel (enqueue.cc)] NCHANNELS is: 4
[LYD INFO in NCCL_KERN_NAME (common.h)] 10 AllReduce TREE LL Sum uint8_t Elapsed time: 83591 us

[LYD INFO in NCCL_KERN_NAME (common.h)] 11 AllReduce TREE LL Sum uint8_t Elapsed time: 61705 us
x3004c0s37b0n0:58287:58287 [3] NCCL INFO AllReduce: opCount 6 sendbuff 0x149b67600400 recvbuff 0x149b67600400 count 1 datatype 1 op 0 root 0 comm 0x55fc1231e840 [nranks=20] stream 0x55fc2c543f10
[LYD INFO in ncclLaunchKernel (enqueue.cc)] NCHANNELS is: 4x3004c0s37b0n0:58286:58286 [2] NCCL INFO AllReduce: opCount 6 sendbuff 0x148d4f600400 recvbuff 0x148d4f600400 count 1 datatype 1 op 0 root 0 comm 0x560c97b20d90 [nranks=20] stream 0x560cb1a21b30
[LYD INFO in ncclLaunchKernel (enqueue.cc)] NCHANNELS is: 4
[LYD INFO in NCCL_KERN_NAME (common.h)] 9 AllReduce TREE LL Sum uint8_t Elapsed time: 154702 us

[LYD INFO in NCCL_KERN_NAME (common.h)] 8 AllReduce TREE LL Sum uint8_t Elapsed time: 143317 us

[LYD INFO in NCCL_KERN_NAME (common.h)] 10 AllReduce TREE LL Sum uint8_t Elapsed time: 101006 us

[LYD INFO in NCCL_KERN_NAME (common.h)] 11 AllReduce TREE LL Sum uint8_t Elapsed time: 121159 us
NCCL version 2.14.3+cuda11.8
x3004c0s37b0n0:58285:58285 [1] NCCL INFO init.cc:1147 Cuda Host Alloc Size 4 pointer 0x151a03400400
NCCL version 2.14.3+cuda11.8
x3004c0s37b0n0:58286:58286 [2] NCCL INFO init.cc:1147 Cuda Host Alloc Size 4 pointer 0x148d0ce00400
NCCL version 2.14.3+cuda11.8
x3004c0s37b0n0:58284:58284 [0] NCCL INFO init.cc:1147 Cuda Host Alloc Size 4 pointer 0x14b2bee00400
NCCL version 2.14.3+cuda11.8
x3004c0s37b0n0:58287:58287 [3] NCCL INFO init.cc:1147 Cuda Host Alloc Size 4 pointer 0x149b28e00400
x3004c0s37b0n0:58286:62259 [2] NCCL INFO Using network IB
x3004c0s37b0n0:58284:62262 [0] NCCL INFO Using network IB
x3004c0s37b0n0:58285:62257 [1] NCCL INFO Using network IB
x3004c0s37b0n0:58287:62264 [3] NCCL INFO Using network IB
x3004c0s37b0n0:58285:62257 [1] NCCL INFO NET/IB : GPU Direct RDMA Enabled for HCA 0 'mlx5_0'
x3004c0s37b0n0:58285:62257 [1] NCCL INFO NET/IB : GPU Direct RDMA Enabled for HCA 1 'mlx5_1'
x3004c0s37b0n0:58285:62257 [1] NCCL INFO GPU Direct RDMA Disabled for GPU 46000 / HCA 1 (distance 6 > 4)
x3004c0s37b0n0:58285:62257 [1] NCCL INFO GPU Direct RDMA Disabled for GPU 46000 / HCA 0 (distance 7 > 4)
x3004c0s37b0n0:58285:62257 [1] NCCL INFO === System : maxBw 5000.0 totalBw 0.0 ===
x3004c0s37b0n0:58285:62257 [1] NCCL INFO CPU/2 (1/2/-1)
x3004c0s37b0n0:58285:62257 [1] NCCL INFO + SYS[5000.0] - CPU/0
x3004c0s37b0n0:58285:62257 [1] NCCL INFO + PCI[24.0] - PCI/44000 (11f8406811f8beef)
x3004c0s37b0n0:58285:62257 [1] NCCL INFO               + PCI[24.0] - GPU/46000 (0)
x3004c0s37b0n0:58285:62257 [1] NCCL INFO + PCI[12.0] - NIC/43000
x3004c0s37b0n0:58285:62257 [1] NCCL INFO CPU/0 (1/2/-1)
x3004c0s37b0n0:58285:62257 [1] NCCL INFO + SYS[5000.0] - CPU/2
x3004c0s37b0n0:58285:62257 [1] NCCL INFO + PCI[12.0] - NIC/C8000
x3004c0s37b0n0:58285:62257 [1] NCCL INFO ==========================================
x3004c0s37b0n0:58285:62257 [1] NCCL INFO GPU/46000 :GPU/46000 (0/5000.000000/LOC) CPU/2 (2/24.000000/PHB) CPU/0 (3/24.000000/SYS) 
x3004c0s37b0n0:58285:62257 [1] NCCL INFO Pattern 4, crossNic 0, nChannels 16, bw 44.000000/44.000000, type LOC/PIX, sameChannels 1
x3004c0s37b0n0:58285:62257 [1] NCCL INFO  0 : GPU/0
x3004c0s37b0n0:58285:62257 [1] NCCL INFO  1 : GPU/0
x3004c0s37b0n0:58285:62257 [1] NCCL INFO  2 : GPU/0
x3004c0s37b0n0:58285:62257 [1] NCCL INFO  3 : GPU/0
x3004c0s37b0n0:58285:62257 [1] NCCL INFO  4 : GPU/0
x3004c0s37b0n0:58285:62257 [1] NCCL INFO  5 : GPU/0
x3004c0s37b0n0:58285:62257 [1] NCCL INFO  6 : GPU/0
x3004c0s37b0n0:58285:62257 [1] NCCL INFO  7 : GPU/0
x3004c0s37b0n0:58285:62257 [1] NCCL INFO  8 : GPU/0
x3004c0s37b0n0:58285:62257 [1] NCCL INFO  9 : GPU/0
x3004c0s37b0n0:58285:62257 [1] NCCL INFO 10 : GPU/0
x3004c0s37b0n0:58285:62257 [1] NCCL INFO 11 : GPU/0
x3004c0s37b0n0:58285:62257 [1] NCCL INFO 12 : GPU/0
x3004c0s37b0n0:58285:62257 [1] NCCL INFO 13 : GPU/0
x3004c0s37b0n0:58285:62257 [1] NCCL INFO 14 : GPU/0
x3004c0s37b0n0:58285:62257 [1] NCCL INFO 15 : GPU/0
