x3002c0s1b0n0:5305:9348 [0] NCCL INFO Connection to proxy localRank 0 -> connection 0x14e7a0000ec0
x3002c0s1b0n0:5305:9510 [0] NCCL INFO transport/p2p.cc:430 Cuda Alloc Size 6291456 pointer 0x14e812c00000
x3002c0s1b0n0:5306:9349 [1] NCCL INFO Connection to proxy localRank 1 -> connection 0x147cd4000ec0
x3002c0s1b0n0:5306:9512 [1] NCCL INFO transport/p2p.cc:449 Cuda Alloc Size 6291456 pointer 0x147d44c00000
x3002c0s1b0n0:5305:9348 [0] NCCL INFO Channel 02/0 : 8[7000] -> 9[46000] via P2P/IPC/read
x3002c0s1b0n0:5305:9510 [0] NCCL INFO New proxy send connection 10 from local rank 0, transport 0
x3002c0s1b0n0:5306:9512 [1] NCCL INFO New proxy recv connection 10 from local rank 1, transport 0
x3002c0s1b0n0:5306:9349 [1] NCCL INFO Connection to proxy localRank 1 -> connection 0x147cd4000f00
x3002c0s1b0n0:5306:9512 [1] NCCL INFO transport/p2p.cc:449 Cuda Alloc Size 6291456 pointer 0x147d45200000
x3002c0s1b0n0:5305:9348 [0] NCCL INFO Connection to proxy localRank 0 -> connection 0x14e7a0000f00
x3002c0s1b0n0:5305:9510 [0] NCCL INFO transport/p2p.cc:430 Cuda Alloc Size 6291456 pointer 0x14e813200000
x3002c0s1b0n0:5306:9512 [1] NCCL INFO New proxy recv connection 11 from local rank 1, transport 0
x3002c0s1b0n0:5305:9348 [0] NCCL INFO Channel 03/0 : 8[7000] -> 9[46000] via P2P/IPC/read
x3002c0s1b0n0:5305:9510 [0] NCCL INFO New proxy send connection 11 from local rank 0, transport 0
x3002c0s1b0n0:5306:9349 [1] NCCL INFO Connection to proxy localRank 1 -> connection 0x147cd4000f40
x3002c0s1b0n0:5306:9512 [1] NCCL INFO transport/p2p.cc:449 Cuda Alloc Size 6291456 pointer 0x147d45800000
x3002c0s1b0n0:5306:9349 [1] NCCL INFO Channel 00/0 : 9[46000] -> 10[85000] via P2P/IPC/read
x3002c0s1b0n0:5306:9512 [1] NCCL INFO New proxy send connection 12 from local rank 1, transport 0
x3002c0s1b0n0:5305:9348 [0] NCCL INFO Connection to proxy localRank 0 -> connection 0x14e7a0000f40
x3002c0s1b0n0:5305:9510 [0] NCCL INFO transport/p2p.cc:430 Cuda Alloc Size 6291456 pointer 0x14e813800000
x3002c0s1b0n0:5306:9349 [1] NCCL INFO Connection to proxy localRank 1 -> connection 0x147cd4000f80
x3002c0s1b0n0:5306:9512 [1] NCCL INFO transport/p2p.cc:430 Cuda Alloc Size 6291456 pointer 0x147d45e00000
x3002c0s1b0n0:5306:9349 [1] NCCL INFO Channel 01/0 : 9[46000] -> 10[85000] via P2P/IPC/read
x3002c0s1b0n0:5306:9512 [1] NCCL INFO New proxy send connection 13 from local rank 1, transport 0
x3002c0s1b0n0:5306:9349 [1] NCCL INFO Connection to proxy localRank 1 -> connection 0x147cd4000fc0
x3002c0s1b0n0:5306:9512 [1] NCCL INFO transport/p2p.cc:430 Cuda Alloc Size 6291456 pointer 0x147d46400000
x3002c0s1b0n0:5306:9349 [1] NCCL INFO Channel 02/0 : 9[46000] -> 10[85000] via P2P/IPC/read
x3002c0s1b0n0:5306:9512 [1] NCCL INFO New proxy send connection 14 from local rank 1, transport 0
x3002c0s1b0n0:5306:9349 [1] NCCL INFO Connection to proxy localRank 1 -> connection 0x147cd4001000
x3002c0s1b0n0:5306:9512 [1] NCCL INFO transport/p2p.cc:430 Cuda Alloc Size 6291456 pointer 0x147d46a00000
x3002c0s1b0n0:5306:9349 [1] NCCL INFO Channel 03/0 : 9[46000] -> 10[85000] via P2P/IPC/read
x3002c0s1b0n0:5306:9512 [1] NCCL INFO New proxy send connection 15 from local rank 1, transport 0
x3002c0s1b0n0:5306:9349 [1] NCCL INFO Connection to proxy localRank 1 -> connection 0x147cd4001040
x3002c0s1b0n0:5306:9512 [1] NCCL INFO transport/p2p.cc:430 Cuda Alloc Size 6291456 pointer 0x147d47000000
x3002c0s1b0n0:5306:9349 [1] NCCL INFO GPU Direct RDMA Disabled for GPU 46000 / HCA 1 (distance 6 > 4)
x3002c0s1b0n0:5307:9517 [2] NCCL INFO New proxy recv connection 12 from local rank 2, transport 0
x3002c0s1b0n0:5306:9512 [1] NCCL INFO New proxy recv connection 16 from local rank 1, transport 2
x3002c0s1b0n0:5305:9348 [0] NCCL INFO GPU Direct RDMA Disabled for GPU 7000 / HCA 1 (distance 7 > 4)
x3002c0s1b0n0:5305:9510 [0] NCCL INFO Allocated 4194656 bytes of shared memory in /dev/shm/nccl-Z021ml

x3002c0s1b0n0:5305:9510 [0] NCCL INFO New proxy send connection 12 from local rank 0, transport 2
x3002c0s1b0n0:5307:9347 [2] NCCL INFO Connection to proxy localRank 2 -> connection 0x1526ec000f80
x3002c0s1b0n0:5307:9517 [2] NCCL INFO transport/p2p.cc:449 Cuda Alloc Size 6291456 pointer 0x1526f2600000
x3002c0s1b0n0:5306:9349 [1] NCCL INFO Connection to proxy localRank 1 -> connection 0x147cd4001080
x3002c0s1b0n0:5305:9348 [0] NCCL INFO Connection to proxy localRank 0 -> connection 0x14e7a0000f80
x3002c0s1b0n0:5305:9348 [0] NCCL INFO Channel 00/0 : 8[7000] -> 12[7000] [send] via NET/IB/1
x3002c0s1b0n0:5305:9348 [0] NCCL INFO GPU Direct RDMA Disabled for GPU 7000 / HCA 0 (distance 7 > 4)
x3002c0s1b0n0:5305:9510 [0] NCCL INFO New proxy send connection 13 from local rank 0, transport 2
x3002c0s1b0n0:5307:9517 [2] NCCL INFO New proxy recv connection 13 from local rank 2, transport 0
x3002c0s1b0n0:5306:9349 [1] NCCL INFO Channel 00/0 : 4[7000] -> 9[46000] [receive] via NET/IB/1
x3002c0s1b0n0:5306:9349 [1] NCCL INFO GPU Direct RDMA Disabled for GPU 46000 / HCA 0 (distance 7 > 4)
x3002c0s1b0n0:5306:9512 [1] NCCL INFO New proxy recv connection 17 from local rank 1, transport 2
x3002c0s1b0n0:5307:9347 [2] NCCL INFO Connection to proxy localRank 2 -> connection 0x1526ec000fc0
x3002c0s1b0n0:5307:9517 [2] NCCL INFO transport/p2p.cc:449 Cuda Alloc Size 6291456 pointer 0x1526f2c00000
x3002c0s1b0n0:5305:9348 [0] NCCL INFO Connection to proxy localRank 0 -> connection 0x14e7a0000fc0
x3002c0s1b0n0:5305:9348 [0] NCCL INFO Channel 01/0 : 8[7000] -> 12[7000] [send] via NET/IB/0
x3002c0s1b0n0:5305:9348 [0] NCCL INFO GPU Direct RDMA Disabled for GPU 7000 / HCA 1 (distance 7 > 4)
x3002c0s1b0n0:5305:9510 [0] NCCL INFO New proxy send connection 14 from local rank 0, transport 2
x3002c0s1b0n0:5307:9517 [2] NCCL INFO New proxy recv connection 14 from local rank 2, transport 0
x3002c0s1b0n0:5306:9349 [1] NCCL INFO Connection to proxy localRank 1 -> connection 0x147cd40010c0
x3002c0s1b0n0:5305:9348 [0] NCCL INFO Connection to proxy localRank 0 -> connection 0x14e7a0001000
x3002c0s1b0n0:5305:9348 [0] NCCL INFO Channel 02/0 : 8[7000] -> 12[7000] [send] via NET/IB/1
x3002c0s1b0n0:5305:9348 [0] NCCL INFO GPU Direct RDMA Disabled for GPU 7000 / HCA 0 (distance 7 > 4)
x3002c0s1b0n0:5305:9510 [0] NCCL INFO New proxy send connection 15 from local rank 0, transport 2
x3002c0s1b0n0:5305:9348 [0] NCCL INFO Connection to proxy localRank 0 -> connection 0x14e7a0001040
x3002c0s1b0n0:5305:9348 [0] NCCL INFO Channel 03/0 : 8[7000] -> 12[7000] [send] via NET/IB/0
x3002c0s1b0n0:5307:9347 [2] NCCL INFO Connection to proxy localRank 2 -> connection 0x1526ec001000
x3002c0s1b0n0:5307:9517 [2] NCCL INFO transport/p2p.cc:449 Cuda Alloc Size 6291456 pointer 0x1526f3200000
x3002c0s1b0n0:5306:9349 [1] NCCL INFO Channel 01/0 : 4[7000] -> 9[46000] [receive] via NET/IB/0
x3002c0s1b0n0:5307:9517 [2] NCCL INFO New proxy recv connection 15 from local rank 2, transport 0
x3002c0s1b0n0:5307:9347 [2] NCCL INFO Connection to proxy localRank 2 -> connection 0x1526ec001040
x3002c0s1b0n0:5307:9517 [2] NCCL INFO transport/p2p.cc:449 Cuda Alloc Size 6291456 pointer 0x1526f3800000
x3002c0s1b0n0:5307:9347 [2] NCCL INFO Channel 00/0 : 10[85000] -> 9[46000] via P2P/IPC/read
x3002c0s1b0n0:5307:9517 [2] NCCL INFO New proxy send connection 16 from local rank 2, transport 0
x3002c0s1b0n0:5307:9347 [2] NCCL INFO Connection to proxy localRank 2 -> connection 0x1526ec001080
x3002c0s1b0n0:5307:9517 [2] NCCL INFO transport/p2p.cc:430 Cuda Alloc Size 6291456 pointer 0x1526ea000000
x3002c0s1b0n0:5307:9347 [2] NCCL INFO Channel 01/0 : 10[85000] -> 9[46000] via P2P/IPC/read
x3002c0s1b0n0:5307:9517 [2] NCCL INFO New proxy send connection 17 from local rank 2, transport 0
x3002c0s1b0n0:5307:9347 [2] NCCL INFO Connection to proxy localRank 2 -> connection 0x1526ec0010c0
x3002c0s1b0n0:5305:9510 [0] NCCL INFO transport/net_ib.cc:596 Ib Alloc Size 26560 pointer 0x14e7a0025000
x3002c0s1b0n0:5307:9517 [2] NCCL INFO transport/p2p.cc:430 Cuda Alloc Size 6291456 pointer 0x1526ea600000
x3002c0s1b0n0:5307:9347 [2] NCCL INFO Channel 02/0 : 10[85000] -> 9[46000] via P2P/IPC/read
x3002c0s1b0n0:5305:9510 [0] NCCL INFO NET/IB: Dev 1 Port 1 qpn 51135 mtu 5 GID 0 (80FE/AF0000FEFF000000)
x3002c0s1b0n0:5305:9510 [0] NCCL INFO transport/net_ib.cc:653 Ib Alloc Size 552 pointer 0x14e7a003d000
x3002c0s1b0n0:5305:9510 [0] NCCL INFO transport/net.cc:571 Cuda Host Alloc Size 9641984 pointer 0x14e79e000000
x3002c0s1b0n0:5305:9510 [0] NCCL INFO transport/net_ib.cc:596 Ib Alloc Size 26560 pointer 0x14e7a003f000
x3002c0s1b0n0:5305:9510 [0] NCCL INFO NET/IB: Dev 0 Port 1 qpn 52214 mtu 5 GID 0 (80FE/EA0000FEFF000000)
x3002c0s1b0n0:5305:9510 [0] NCCL INFO transport/net_ib.cc:653 Ib Alloc Size 552 pointer 0x14e7a0056000
x3002c0s1b0n0:5305:9510 [0] NCCL INFO transport/net.cc:571 Cuda Host Alloc Size 9641984 pointer 0x14e79ea00000
x3002c0s1b0n0:5305:9510 [0] NCCL INFO transport/net_ib.cc:596 Ib Alloc Size 26560 pointer 0x14e7a0058000
x3002c0s1b0n0:5307:9517 [2] NCCL INFO New proxy send connection 18 from local rank 2, transport 0
x3002c0s1b0n0:5305:9510 [0] NCCL INFO NET/IB: Dev 1 Port 1 qpn 51136 mtu 5 GID 0 (80FE/AF0000FEFF000000)
x3002c0s1b0n0:5305:9510 [0] NCCL INFO transport/net_ib.cc:653 Ib Alloc Size 552 pointer 0x14e7a006f000
x3002c0s1b0n0:5305:9510 [0] NCCL INFO transport/net.cc:571 Cuda Host Alloc Size 9641984 pointer 0x14e79f400000
x3002c0s1b0n0:5307:9347 [2] NCCL INFO Connection to proxy localRank 2 -> connection 0x1526ec001100
x3002c0s1b0n0:5306:9512 [1] NCCL INFO transport/net_ib.cc:683 Ib Alloc Size 21688 pointer 0x147cd40be000
x3002c0s1b0n0:5306:9512 [1] NCCL INFO transport/net_ib.cc:696 Ib Alloc Size 552 pointer 0x147cd401a000
x3002c0s1b0n0:5307:9517 [2] NCCL INFO transport/p2p.cc:430 Cuda Alloc Size 6291456 pointer 0x1526eac00000
x3002c0s1b0n0:5307:9347 [2] NCCL INFO Channel 03/0 : 10[85000] -> 9[46000] via P2P/IPC/read
x3002c0s1b0n0:5307:9517 [2] NCCL INFO New proxy send connection 19 from local rank 2, transport 0
x3002c0s1b0n0:5306:9512 [1] NCCL INFO transport/net_ib.cc:771 Ib Alloc Size 552 pointer 0x147cd40df000
x3002c0s1b0n0:5306:9512 [1] NCCL INFO transport/net.cc:698 Cuda Host Alloc Size 9641984 pointer 0x147cd2c00000
x3002c0s1b0n0:5307:9347 [2] NCCL INFO Connection to proxy localRank 2 -> connection 0x1526ec001140
x3002c0s1b0n0:5307:9517 [2] NCCL INFO transport/p2p.cc:430 Cuda Alloc Size 6291456 pointer 0x1526eb200000
x3002c0s1b0n0:5306:9512 [1] NCCL INFO transport/net_ib.cc:683 Ib Alloc Size 21688 pointer 0x147cd40e1000
x3002c0s1b0n0:5306:9512 [1] NCCL INFO transport/net_ib.cc:696 Ib Alloc Size 552 pointer 0x147cd40e8000
x3002c0s1b0n0:5305:9510 [0] NCCL INFO transport/net_ib.cc:596 Ib Alloc Size 26560 pointer 0x14e7a0071000
x3002c0s1b0n0:5305:9510 [0] NCCL INFO NET/IB: Dev 0 Port 1 qpn 52215 mtu 5 GID 0 (80FE/EA0000FEFF000000)
x3002c0s1b0n0:5305:9510 [0] NCCL INFO transport/net_ib.cc:653 Ib Alloc Size 552 pointer 0x14e7a0088000
x3002c0s1b0n0:5305:9510 [0] NCCL INFO transport/net.cc:571 Cuda Host Alloc Size 9641984 pointer 0x14e79c000000
x3002c0s1b0n0:5306:9512 [1] NCCL INFO transport/net_ib.cc:771 Ib Alloc Size 552 pointer 0x147cd4103000
x3002c0s1b0n0:5306:9512 [1] NCCL INFO transport/net.cc:698 Cuda Host Alloc Size 9641984 pointer 0x147cd3600000
x3002c0s1b0n0:5306:9349 [1] NCCL INFO GPU Direct RDMA Disabled for GPU 46000 / HCA 1 (distance 6 > 4)
x3002c0s1b0n0:5306:9512 [1] NCCL INFO New proxy send connection 18 from local rank 1, transport 2
x3002c0s1b0n0:5308:9350 [3] NCCL INFO Connected all trees by HAO
x3002c0s1b0n0:5308:9350 [3] NCCL INFO threadThresholds 8/8/64 | 192/8/64 | 512 | 512
x3002c0s1b0n0:5308:9350 [3] NCCL INFO 4 coll channels, 4 p2p channels, 2 p2p channels per peer
x3002c0s1b0n0:5308:9482 [3] NCCL INFO New proxy send connection 12 from local rank 3, transport 2
x3002c0s1b0n0:5305:9348 [0] NCCL INFO GPU Direct RDMA Disabled for GPU 7000 / HCA 1 (distance 7 > 4)
x3002c0s1b0n0:5305:9510 [0] NCCL INFO New proxy send connection 16 from local rank 0, transport 2
x3002c0s1b0n0:5306:9349 [1] NCCL INFO Connection to proxy localRank 1 -> connection 0x147cd4001100
x3002c0s1b0n0:5306:9349 [1] NCCL INFO Channel 00/0 : 9[46000] -> 4[7000] [send] via NET/IB/1
x3002c0s1b0n0:5306:9349 [1] NCCL INFO GPU Direct RDMA Disabled for GPU 46000 / HCA 0 (distance 7 > 4)
x3002c0s1b0n0:5306:9512 [1] NCCL INFO New proxy send connection 19 from local rank 1, transport 2
x3002c0s1b0n0:5308:9350 [3] NCCL INFO Connection to proxy localRank 3 -> connection 0x14b420000f80
x3002c0s1b0n0:5308:9482 [3] NCCL INFO transport/net.cc:376 Cuda Alloc Size 8388608 pointer 0x14b488e00000
x3002c0s1b0n0:5305:9348 [0] NCCL INFO Connection to proxy localRank 0 -> connection 0x14e7a0001080
x3002c0s1b0n0:5305:9348 [0] NCCL INFO Channel 00/0 : 8[7000] -> 17[46000] [send] via NET/IB/1
x3002c0s1b0n0:5305:9348 [0] NCCL INFO GPU Direct RDMA Disabled for GPU 7000 / HCA 0 (distance 7 > 4)
x3002c0s1b0n0:5305:9510 [0] NCCL INFO New proxy send connection 17 from local rank 0, transport 2
x3002c0s1b0n0:5306:9349 [1] NCCL INFO Connection to proxy localRank 1 -> connection 0x147cd4001140
x3002c0s1b0n0:5306:9349 [1] NCCL INFO Channel 01/0 : 9[46000] -> 4[7000] [send] via NET/IB/0
x3002c0s1b0n0:5305:9348 [0] NCCL INFO Connection to proxy localRank 0 -> connection 0x14e7a00010c0
x3002c0s1b0n0:5305:9348 [0] NCCL INFO Channel 01/0 : 8[7000] -> 17[46000] [send] via NET/IB/0
x3002c0s1b0n0:5305:9510 [0] NCCL INFO transport/net_ib.cc:596 Ib Alloc Size 26560 pointer 0x14e7a0094000
x3002c0s1b0n0:5305:9510 [0] NCCL INFO NET/IB: Dev 1 Port 1 qpn 51139 mtu 5 GID 0 (80FE/AF0000FEFF000000)
x3002c0s1b0n0:5305:9510 [0] NCCL INFO transport/net_ib.cc:653 Ib Alloc Size 552 pointer 0x14e7a00ab000
x3002c0s1b0n0:5305:9510 [0] NCCL INFO transport/net.cc:571 Cuda Host Alloc Size 9641984 pointer 0x14e79ca00000
x3002c0s1b0n0:5305:9510 [0] NCCL INFO transport/net_ib.cc:596 Ib Alloc Size 26560 pointer 0x14e7a00ad000
x3002c0s1b0n0:5305:9510 [0] NCCL INFO NET/IB: Dev 0 Port 1 qpn 52218 mtu 5 GID 0 (80FE/EA0000FEFF000000)
x3002c0s1b0n0:5305:9510 [0] NCCL INFO transport/net_ib.cc:653 Ib Alloc Size 552 pointer 0x14e7a00c4000
x3002c0s1b0n0:5305:9510 [0] NCCL INFO transport/net.cc:571 Cuda Host Alloc Size 9641984 pointer 0x14e79d400000
x3002c0s1b0n0:5305:9348 [0] NCCL INFO GPU Direct RDMA Disabled for GPU 7000 / HCA 1 (distance 7 > 4)
x3002c0s1b0n0:5305:9510 [0] NCCL INFO New proxy recv connection 18 from local rank 0, transport 2
x3002c0s1b0n0:5305:9348 [0] NCCL INFO Connection to proxy localRank 0 -> connection 0x14e7a0001100
x3002c0s1b0n0:5305:9348 [0] NCCL INFO Channel 00/0 : 17[46000] -> 8[7000] [receive] via NET/IB/1
x3002c0s1b0n0:5305:9348 [0] NCCL INFO GPU Direct RDMA Disabled for GPU 7000 / HCA 0 (distance 7 > 4)
x3002c0s1b0n0:5305:9510 [0] NCCL INFO New proxy recv connection 19 from local rank 0, transport 2
x3002c0s1b0n0:5305:9348 [0] NCCL INFO Connection to proxy localRank 0 -> connection 0x14e7a0001140
x3002c0s1b0n0:5305:9348 [0] NCCL INFO Channel 01/0 : 17[46000] -> 8[7000] [receive] via NET/IB/0
x3002c0s1b0n0:5305:9510 [0] NCCL INFO transport/net_ib.cc:683 Ib Alloc Size 21688 pointer 0x14e7a00d0000
x3002c0s1b0n0:5305:9510 [0] NCCL INFO transport/net_ib.cc:696 Ib Alloc Size 552 pointer 0x14e7a00d7000
x3002c0s1b0n0:5305:9510 [0] NCCL INFO transport/net_ib.cc:771 Ib Alloc Size 552 pointer 0x14e7a00f3000
x3002c0s1b0n0:5305:9510 [0] NCCL INFO transport/net.cc:698 Cuda Host Alloc Size 9641984 pointer 0x14e79a000000
x3002c0s1b0n0:5305:9510 [0] NCCL INFO transport/net_ib.cc:683 Ib Alloc Size 21688 pointer 0x14e7a00f5000
x3002c0s1b0n0:5305:9510 [0] NCCL INFO transport/net_ib.cc:696 Ib Alloc Size 552 pointer 0x14e7a00fc000
x3002c0s1b0n0:5305:9510 [0] NCCL INFO transport/net_ib.cc:771 Ib Alloc Size 552 pointer 0x14e7a0117000
x3002c0s1b0n0:5305:9510 [0] NCCL INFO transport/net.cc:698 Cuda Host Alloc Size 9641984 pointer 0x14e79aa00000
x3002c0s1b0n0:5305:9348 [0] NCCL INFO GPU Direct RDMA Disabled for GPU 7000 / HCA 1 (distance 7 > 4)
x3002c0s1b0n0:5305:9510 [0] NCCL INFO New proxy recv connection 20 from local rank 0, transport 2
x3002c0s1b0n0:5305:9348 [0] NCCL INFO Connection to proxy localRank 0 -> connection 0x14e7a0001180
x3002c0s1b0n0:5305:9348 [0] NCCL INFO Channel 00/0 : 12[7000] -> 8[7000] [receive] via NET/IB/1
x3002c0s1b0n0:5305:9348 [0] NCCL INFO GPU Direct RDMA Disabled for GPU 7000 / HCA 0 (distance 7 > 4)
x3002c0s1b0n0:5305:9510 [0] NCCL INFO New proxy recv connection 21 from local rank 0, transport 2
x3002c0s1b0n0:5305:9348 [0] NCCL INFO Connection to proxy localRank 0 -> connection 0x14e7a00011c0
x3002c0s1b0n0:5305:9348 [0] NCCL INFO Channel 01/0 : 12[7000] -> 8[7000] [receive] via NET/IB/0
x3002c0s1b0n0:5305:9348 [0] NCCL INFO GPU Direct RDMA Disabled for GPU 7000 / HCA 1 (distance 7 > 4)
x3002c0s1b0n0:5305:9510 [0] NCCL INFO New proxy recv connection 22 from local rank 0, transport 2
x3002c0s1b0n0:5305:9348 [0] NCCL INFO Connection to proxy localRank 0 -> connection 0x14e7a0001200
x3002c0s1b0n0:5305:9348 [0] NCCL INFO Channel 02/0 : 12[7000] -> 8[7000] [receive] via NET/IB/1
x3002c0s1b0n0:5305:9348 [0] NCCL INFO GPU Direct RDMA Disabled for GPU 7000 / HCA 0 (distance 7 > 4)
x3002c0s1b0n0:5305:9510 [0] NCCL INFO New proxy recv connection 23 from local rank 0, transport 2
x3002c0s1b0n0:5305:9348 [0] NCCL INFO Connection to proxy localRank 0 -> connection 0x14e7a0001240
x3002c0s1b0n0:5305:9348 [0] NCCL INFO Channel 03/0 : 12[7000] -> 8[7000] [receive] via NET/IB/0
x3002c0s1b0n0:5305:9510 [0] NCCL INFO transport/net_ib.cc:683 Ib Alloc Size 21688 pointer 0x14e7a012d000
x3002c0s1b0n0:5305:9510 [0] NCCL INFO transport/net_ib.cc:696 Ib Alloc Size 552 pointer 0x14e7a0134000
x3002c0s1b0n0:5305:9510 [0] NCCL INFO transport/net_ib.cc:771 Ib Alloc Size 552 pointer 0x14e7a014f000
x3002c0s1b0n0:5305:9510 [0] NCCL INFO transport/net.cc:698 Cuda Host Alloc Size 9641984 pointer 0x14e79b400000
x3002c0s1b0n0:5305:9510 [0] NCCL INFO Mem Realloc old size 768, new size 1536 pointer 0x14e7a01445b0
x3002c0s1b0n0:5306:9512 [1] NCCL INFO transport/net_ib.cc:596 Ib Alloc Size 26560 pointer 0x147cd410f000
x3002c0s1b0n0:5306:9512 [1] NCCL INFO NET/IB: Dev 1 Port 1 qpn 51144 mtu 5 GID 0 (80FE/AF0000FEFF000000)
x3002c0s1b0n0:5306:9512 [1] NCCL INFO transport/net_ib.cc:653 Ib Alloc Size 552 pointer 0x147cd4126000
x3002c0s1b0n0:5306:9512 [1] NCCL INFO transport/net.cc:571 Cuda Host Alloc Size 9641984 pointer 0x147cd0000000
x3002c0s1b0n0:5305:9510 [0] NCCL INFO transport/net_ib.cc:683 Ib Alloc Size 21688 pointer 0x14e7a0151000
x3002c0s1b0n0:5305:9510 [0] NCCL INFO transport/net_ib.cc:696 Ib Alloc Size 552 pointer 0x14e7a0158000
x3002c0s1b0n0:5306:9512 [1] NCCL INFO transport/net_ib.cc:596 Ib Alloc Size 26560 pointer 0x147cd4128000
x3002c0s1b0n0:5306:9512 [1] NCCL INFO NET/IB: Dev 0 Port 1 qpn 52221 mtu 5 GID 0 (80FE/EA0000FEFF000000)
x3002c0s1b0n0:5306:9512 [1] NCCL INFO transport/net_ib.cc:653 Ib Alloc Size 552 pointer 0x147cd413f000
x3002c0s1b0n0:5306:9512 [1] NCCL INFO transport/net.cc:571 Cuda Host Alloc Size 9641984 pointer 0x147cd0a00000
x3002c0s1b0n0:5306:9512 [1] NCCL INFO New proxy recv connection 20 from local rank 1, transport 0
x3002c0s1b0n0:5305:9510 [0] NCCL INFO transport/net_ib.cc:771 Ib Alloc Size 552 pointer 0x14e7a0173000
x3002c0s1b0n0:5305:9510 [0] NCCL INFO transport/net.cc:698 Cuda Host Alloc Size 9641984 pointer 0x14e798000000
x3002c0s1b0n0:5305:9510 [0] NCCL INFO Mem Realloc old size 768, new size 1536 pointer 0x14e7a0168730
x3002c0s1b0n0:5306:9349 [1] NCCL INFO Connection to proxy localRank 1 -> connection 0x147cd4001180
x3002c0s1b0n0:5305:9510 [0] NCCL INFO transport/net_ib.cc:683 Ib Alloc Size 21688 pointer 0x14e7a0175000
x3002c0s1b0n0:5305:9510 [0] NCCL INFO transport/net_ib.cc:696 Ib Alloc Size 552 pointer 0x14e7a017c000
x3002c0s1b0n0:5306:9512 [1] NCCL INFO transport/p2p.cc:449 Cuda Alloc Size 6291456 pointer 0x147cd1400000
x3002c0s1b0n0:5305:9510 [0] NCCL INFO transport/net_ib.cc:771 Ib Alloc Size 552 pointer 0x14e7a0197000
x3002c0s1b0n0:5305:9510 [0] NCCL INFO transport/net.cc:698 Cuda Host Alloc Size 9641984 pointer 0x14e798a00000
x3002c0s1b0n0:5306:9512 [1] NCCL INFO New proxy recv connection 21 from local rank 1, transport 0
x3002c0s1b0n0:5305:9510 [0] NCCL INFO transport/net_ib.cc:683 Ib Alloc Size 21688 pointer 0x14e7a0197000
x3002c0s1b0n0:5305:9510 [0] NCCL INFO transport/net_ib.cc:696 Ib Alloc Size 552 pointer 0x14e7a019e000
x3002c0s1b0n0:5305:9510 [0] NCCL INFO transport/net_ib.cc:771 Ib Alloc Size 552 pointer 0x14e7a01ba000
x3002c0s1b0n0:5305:9510 [0] NCCL INFO transport/net.cc:698 Cuda Host Alloc Size 9641984 pointer 0x14e799400000
x3002c0s1b0n0:5306:9349 [1] NCCL INFO Connection to proxy localRank 1 -> connection 0x147cd40011c0
x3002c0s1b0n0:5306:9512 [1] NCCL INFO transport/p2p.cc:449 Cuda Alloc Size 6291456 pointer 0x147cd1a00000
x3002c0s1b0n0:5305:9348 [0] NCCL INFO Connected all trees by HAO
x3002c0s1b0n0:5305:9348 [0] NCCL INFO threadThresholds 8/8/64 | 192/8/64 | 512 | 512
x3002c0s1b0n0:5305:9348 [0] NCCL INFO 4 coll channels, 4 p2p channels, 2 p2p channels per peer
x3002c0s1b0n0:5305:9510 [0] NCCL INFO New proxy send connection 24 from local rank 0, transport 2
x3002c0s1b0n0:5306:9512 [1] NCCL INFO New proxy recv connection 22 from local rank 1, transport 0
x3002c0s1b0n0:5305:9348 [0] NCCL INFO Connection to proxy localRank 0 -> connection 0x14e7a0001280
x3002c0s1b0n0:5305:9510 [0] NCCL INFO transport/net.cc:376 Cuda Alloc Size 8388608 pointer 0x14e796000000
x3002c0s1b0n0:5306:9349 [1] NCCL INFO Connection to proxy localRank 1 -> connection 0x147cd4001200
x3002c0s1b0n0:5306:9512 [1] NCCL INFO transport/p2p.cc:449 Cuda Alloc Size 6291456 pointer 0x147cce000000
x3002c0s1b0n0:5306:9512 [1] NCCL INFO New proxy recv connection 23 from local rank 1, transport 0
x3002c0s1b0n0:5306:9349 [1] NCCL INFO Connection to proxy localRank 1 -> connection 0x147cd4001240
x3002c0s1b0n0:5306:9512 [1] NCCL INFO transport/p2p.cc:449 Cuda Alloc Size 6291456 pointer 0x147cce600000
x3002c0s1b0n0:5306:9349 [1] NCCL INFO Connected all trees by HAO
x3002c0s1b0n0:5306:9349 [1] NCCL INFO threadThresholds 8/8/64 | 192/8/64 | 512 | 512
x3002c0s1b0n0:5306:9349 [1] NCCL INFO 4 coll channels, 4 p2p channels, 2 p2p channels per peer
x3002c0s1b0n0:5306:9512 [1] NCCL INFO New proxy send connection 24 from local rank 1, transport 2
x3002c0s1b0n0:5307:9347 [2] NCCL INFO Connected all trees by HAO
x3002c0s1b0n0:5307:9347 [2] NCCL INFO threadThresholds 8/8/64 | 192/8/64 | 512 | 512
x3002c0s1b0n0:5307:9347 [2] NCCL INFO 4 coll channels, 4 p2p channels, 2 p2p channels per peer
x3002c0s1b0n0:5307:9517 [2] NCCL INFO Allocated 4194656 bytes of shared memory in /dev/shm/nccl-g7ivAs

x3002c0s1b0n0:5307:9517 [2] NCCL INFO New proxy send connection 20 from local rank 2, transport 2
x3002c0s1b0n0:5306:9349 [1] NCCL INFO Connection to proxy localRank 1 -> connection 0x147cd4001280
x3002c0s1b0n0:5306:9512 [1] NCCL INFO transport/net.cc:376 Cuda Alloc Size 8388608 pointer 0x147ccc600000
x3002c0s1b0n0:5307:9347 [2] NCCL INFO Connection to proxy localRank 2 -> connection 0x1526ec001180
x3002c0s1b0n0:5307:9347 [2] NCCL INFO init.cc:367 Cuda Alloc Size 5168 pointer 0x152739815600
x3002c0s1b0n0:5308:9350 [3] NCCL INFO init.cc:367 Cuda Alloc Size 5168 pointer 0x14b45f815600
x3002c0s1b0n0:5306:9349 [1] NCCL INFO init.cc:367 Cuda Alloc Size 5168 pointer 0x147d21815600
x3002c0s1b0n0:5305:9348 [0] NCCL INFO init.cc:367 Cuda Alloc Size 5168 pointer 0x14e7ef815600
x3002c0s1b0n0:5308:9350 [3] NCCL INFO init.cc:392 Cuda Host Alloc Size 33554432 pointer 0x14b41a000000
x3002c0s1b0n0:5308:9350 [3] NCCL INFO init.cc:398 Cuda Host Alloc Size 128 pointer 0x14b45ee00600
x3002c0s1b0n0:5308:9350 [3] NCCL INFO comm 0x5573d51cf5b0 rank 11 nranks 24 cudaDev 3 busId c7000 - Init COMPLETE
x3002c0s1b0n0:5306:9349 [1] NCCL INFO init.cc:392 Cuda Host Alloc Size 33554432 pointer 0x147cca000000
x3002c0s1b0n0:5306:9349 [1] NCCL INFO init.cc:398 Cuda Host Alloc Size 128 pointer 0x147d20e00600
x3002c0s1b0n0:5306:9349 [1] NCCL INFO comm 0x55561727c030 rank 9 nranks 24 cudaDev 1 busId 46000 - Init COMPLETE
x3002c0s1b0n0:5305:9348 [0] NCCL INFO init.cc:392 Cuda Host Alloc Size 33554432 pointer 0x14e794000000
x3002c0s1b0n0:5305:9348 [0] NCCL INFO init.cc:398 Cuda Host Alloc Size 128 pointer 0x14e7eee00600
x3002c0s1b0n0:5305:9348 [0] NCCL INFO comm 0x563ea8bd1170 rank 8 nranks 24 cudaDev 0 busId 7000 - Init COMPLETE
x3002c0s1b0n0:5307:9347 [2] NCCL INFO init.cc:392 Cuda Host Alloc Size 33554432 pointer 0x1526de000000
x3002c0s1b0n0:5307:9347 [2] NCCL INFO init.cc:398 Cuda Host Alloc Size 128 pointer 0x152738e00600
x3002c0s1b0n0:5307:9347 [2] NCCL INFO comm 0x5654b92ba9c0 rank 10 nranks 24 cudaDev 2 busId 85000 - Init COMPLETE
x3002c0s1b0n0:5307:9517 [2] NCCL INFO transport/net.cc:376 Cuda Alloc Size 8388608 pointer 0x1526e6c00000
[Hao INFO in ncclBroadcast (broadcast.cc)] rank 0 Broadcast: count: 3, datatype: ncclInt64, message size: 24 Bytes
x3002c0s1b0n0:5305:5305 [0] NCCL INFO Broadcast: opCount 0 sendbuff 0x14e7cdfffe00 recvbuff 0x14e7cdfffe00 count 24 datatype 0 op 0 root 0 comm 0x563ea8bd1170 [nranks=24] stream 0x563ea73052d0
x3002c0s1b0n0:5305:5305 [0] NCCL INFO misc/utils.cc:235 memory stack hunk malloc(65536)
[LYD INFO in ncclLaunchKernel (enqueue.cc)] NCHANNELS is: 4[Hao INFO in ncclBroadcast (broadcast.cc)] rank 2 Broadcast: count: 3, datatype: ncclInt64, message size: 24 Bytes
x3002c0s1b0n0:5307:5307 [2] NCCL INFO Broadcast: opCount 0 sendbuff 0x152723fffe00 recvbuff 0x152723fffe00 count 24 datatype 0 op 0 root 0 comm 0x5654b92ba9c0 [nranks=24] stream 0x5654b7a70d90
x3002c0s1b0n0:5307:5307 [2] NCCL INFO misc/utils.cc:235 memory stack hunk malloc(65536)
[LYD INFO in ncclLaunchKernel (enqueue.cc)] NCHANNELS is: 4[Hao INFO in ncclBroadcast (broadcast.cc)] rank 1 Broadcast: count: 3, datatype: ncclInt64, message size: 24 Bytes
x3002c0s1b0n0:5306:5306 [1] NCCL INFO Broadcast: opCount 0 sendbuff 0x147cfd3ffe00 recvbuff 0x147cfd3ffe00 count 24 datatype 0 op 0 root 0 comm 0x55561727c030 [nranks=24] stream 0x555614232b60
x3002c0s1b0n0:5306:5306 [1] NCCL INFO misc/utils.cc:235 memory stack hunk malloc(65536)
[LYD INFO in ncclLaunchKernel (enqueue.cc)] NCHANNELS is: 4[Hao INFO in ncclBroadcast (broadcast.cc)] rank 3 Broadcast: count: 3, datatype: ncclInt64, message size: 24 Bytes
x3002c0s1b0n0:5308:5308 [3] NCCL INFO Broadcast: opCount 0 sendbuff 0x14b4439ffe00 recvbuff 0x14b4439ffe00 count 24 datatype 0 op 0 root 0 comm 0x5573d51cf5b0 [nranks=24] stream 0x5573d229f1b0
x3002c0s1b0n0:5308:5308 [3] NCCL INFO misc/utils.cc:235 memory stack hunk malloc(65536)
[LYD INFO in ncclLaunchKernel (enqueue.cc)] NCHANNELS is: 4
[LYD INFO in NCCL_KERN_NAME (common.h)] 11 Broadcast RING LL Sum int8_t Elapsed time: 707663 us
x3002c0s1b0n0:5308:5308 [3] NCCL INFO AllReduce: opCount 7 sendbuff 0x14b4437fee00 recvbuff 0x14b4437fee00 count 1 datatype 1 op 0 root 0 comm 0x5573b9302700 [nranks=24] stream 0x5573d229f070
[LYD INFO in ncclLaunchKernel (enqueue.cc)] NCHANNELS is: 4
[LYD INFO in NCCL_KERN_NAME (common.h)] 8 Broadcast RING LL Sum int8_t Elapsed time: 765182 us
x3002c0s1b0n0:5305:5305 [0] NCCL INFO AllReduce: opCount 7 sendbuff 0x14e7cddfee00 recvbuff 0x14e7cddfee00 count 1 datatype 1 op 0 root 0 comm 0x563e8adce9f0 [nranks=24] stream 0x563ea7305190
[LYD INFO in ncclLaunchKernel (enqueue.cc)] NCHANNELS is: 4
[LYD INFO in NCCL_KERN_NAME (common.h)] 10 Broadcast RING LL Sum int8_t Elapsed time: 741988 us
x3002c0s1b0n0:5307:5307 [2] NCCL INFO AllReduce: opCount 7 sendbuff 0x152721ffee00 recvbuff 0x152721ffee00 count 1 datatype 1 op 0 root 0 comm 0x56549a277720 [nranks=24] stream 0x5654b7a9c700
[LYD INFO in ncclLaunchKernel (enqueue.cc)] NCHANNELS is: 4
[LYD INFO in NCCL_KERN_NAME (common.h)] 9 Broadcast RING LL Sum int8_t Elapsed time: 714416 us
x3002c0s1b0n0:5306:5306 [1] NCCL INFO AllReduce: opCount 7 sendbuff 0x147cfd1fee00 recvbuff 0x147cfd1fee00 count 1 datatype 1 op 0 root 0 comm 0x5555fa736d30 [nranks=24] stream 0x555614232a20
[LYD INFO in ncclLaunchKernel (enqueue.cc)] NCHANNELS is: 4
[LYD INFO in NCCL_KERN_NAME (common.h)] 8 AllReduce TREE LL Sum uint8_t Elapsed time: 2234483 us
x3002c0s1b0n0:5305:5305 [0] NCCL INFO AllReduce: opCount 8 sendbuff 0x14e7cdfffe00 recvbuff 0x14e7cdfffe00 count 1 datatype 1 op 0 root 0 comm 0x563e8adce9f0 [nranks=24] stream 0x563ea7305190
[LYD INFO in ncclLaunchKernel (enqueue.cc)] NCHANNELS is: 4
[LYD INFO in NCCL_KERN_NAME (common.h)] 11 AllReduce TREE LL Sum uint8_t Elapsed time: 2236323 us
x3002c0s1b0n0:5308:5308 [3] NCCL INFO AllReduce: opCount 8 sendbuff 0x14b4439ffe00 recvbuff 0x14b4439ffe00 count 1 datatype 1 op 0 root 0 comm 0x5573b9302700 [nranks=24] stream 0x5573d229f070
[LYD INFO in ncclLaunchKernel (enqueue.cc)] NCHANNELS is: 4
[LYD INFO in NCCL_KERN_NAME (common.h)] 9 AllReduce TREE LL Sum uint8_t Elapsed time: 2220395 us

[LYD INFO in NCCL_KERN_NAME (common.h)] 10 AllReduce TREE LL Sum uint8_t Elapsed time: 2225602 us
x3002c0s1b0n0:5306:5306 [1] NCCL INFO AllReduce: opCount 8 sendbuff 0x147cfd3ffe00 recvbuff 0x147cfd3ffe00 count 1 datatype 1 op 0 root 0 comm 0x5555fa736d30 [nranks=24] stream 0x555614232a20
[LYD INFO in ncclLaunchKernel (enqueue.cc)] NCHANNELS is: 4x3002c0s1b0n0:5307:5307 [2] NCCL INFO AllReduce: opCount 8 sendbuff 0x152723fffe00 recvbuff 0x152723fffe00 count 1 datatype 1 op 0 root 0 comm 0x56549a277720 [nranks=24] stream 0x5654b7a9c700
[LYD INFO in ncclLaunchKernel (enqueue.cc)] NCHANNELS is: 4
[LYD INFO in NCCL_KERN_NAME (common.h)] 9 AllReduce TREE LL Sum uint8_t Elapsed time: 116219 us
[Hao INFO in ncclBroadcast (broadcast.cc)] rank 1 Broadcast: count: 5, datatype: ncclInt64, message size: 40 Bytes
x3002c0s1b0n0:5306:5306 [1] NCCL INFO Broadcast: opCount 1 sendbuff 0x147cfd3ffe00 recvbuff 0x147cfd3ffe00 count 40 datatype 0 op 0 root 0 comm 0x55561727c030 [nranks=24] stream 0x555614232b60
[LYD INFO in ncclLaunchKernel (enqueue.cc)] NCHANNELS is: 4
[LYD INFO in NCCL_KERN_NAME (common.h)] 10 AllReduce TREE LL Sum uint8_t Elapsed time: 97086 us
[Hao INFO in ncclBroadcast (broadcast.cc)] rank 2 Broadcast: count: 5, datatype: ncclInt64, message size: 40 Bytes
x3002c0s1b0n0:5307:5307 [2] NCCL INFO Broadcast: opCount 1 sendbuff 0x152723fffe00 recvbuff 0x152723fffe00 count 40 datatype 0 op 0 root 0 comm 0x5654b92ba9c0 [nranks=24] stream 0x5654b7a70d90
[LYD INFO in ncclLaunchKernel (enqueue.cc)] NCHANNELS is: 4
[LYD INFO in NCCL_KERN_NAME (common.h)] 11 AllReduce TREE LL Sum uint8_t Elapsed time: 121078 us
[Hao INFO in ncclBroadcast (broadcast.cc)] rank 3 Broadcast: count: 5, datatype: ncclInt64, message size: 40 Bytes
x3002c0s1b0n0:5308:5308 [3] NCCL INFO Broadcast: opCount 1 sendbuff 0x14b4439ffe00 recvbuff 0x14b4439ffe00 count 40 datatype 0 op 0 root 0 comm 0x5573d51cf5b0 [nranks=24] stream 0x5573d229f1b0
[LYD INFO in ncclLaunchKernel (enqueue.cc)] NCHANNELS is: 4
[LYD INFO in NCCL_KERN_NAME (common.h)] 9 Broadcast RING LL Sum int8_t Elapsed time: 48067 us
[Hao INFO in ncclBroadcast (broadcast.cc)] rank 1 Broadcast: count: 98496, datatype: ncclInt64, message size: 787968 Bytes
x3002c0s1b0n0:5306:5306 [1] NCCL INFO Broadcast: opCount 2 sendbuff 0x147ccce00000 recvbuff 0x147ccce00000 count 787968 datatype 0 op 0 root 0 comm 0x55561727c030 [nranks=24] stream 0x555614232b60
[LYD INFO in ncclLaunchKernel (enqueue.cc)] NCHANNELS is: 4
[LYD INFO in NCCL_KERN_NAME (common.h)] 8 AllReduce TREE LL Sum uint8_t Elapsed time: 126176 us
[Hao INFO in ncclBroadcast (broadcast.cc)] rank 0 Broadcast: count: 5, datatype: ncclInt64, message size: 40 Bytes
x3002c0s1b0n0:5305:5305 [0] NCCL INFO Broadcast: opCount 1 sendbuff 0x14e7cdfffe00 recvbuff 0x14e7cdfffe00 count 40 datatype 0 op 0 root 0 comm 0x563ea8bd1170 [nranks=24] stream 0x563ea73052d0
[LYD INFO in ncclLaunchKernel (enqueue.cc)] NCHANNELS is: 4
[LYD INFO in NCCL_KERN_NAME (common.h)] 8 Broadcast RING LL Sum int8_t Elapsed time: 4 us
[Hao INFO in ncclBroadcast (broadcast.cc)] rank 0 Broadcast: count: 98496, datatype: ncclInt64, message size: 787968 Bytes
x3002c0s1b0n0:5305:5305 [0] NCCL INFO Broadcast: opCount 2 sendbuff 0x14e796800000 recvbuff 0x14e796800000 count 787968 datatype 0 op 0 root 0 comm 0x563ea8bd1170 [nranks=24] stream 0x563ea73052d0
[LYD INFO in ncclLaunchKernel (enqueue.cc)] NCHANNELS is: 4
[LYD INFO in NCCL_KERN_NAME (common.h)] 11 Broadcast RING LL Sum int8_t Elapsed time: 64155 us
[Hao INFO in ncclBroadcast (broadcast.cc)] rank 3 Broadcast: count: 98496, datatype: ncclInt64, message size: 787968 Bytes
x3002c0s1b0n0:5308:5308 [3] NCCL INFO Broadcast: opCount 2 sendbuff 0x14b489600000 recvbuff 0x14b489600000 count 787968 datatype 0 op 0 root 0 comm 0x5573d51cf5b0 [nranks=24] stream 0x5573d229f1b0
[LYD INFO in ncclLaunchKernel (enqueue.cc)] NCHANNELS is: 4
[LYD INFO in NCCL_KERN_NAME (common.h)] 10 Broadcast RING LL Sum int8_t Elapsed time: 67581 us
[Hao INFO in ncclBroadcast (broadcast.cc)] rank 2 Broadcast: count: 98496, datatype: ncclInt64, message size: 787968 Bytes
x3002c0s1b0n0:5307:5307 [2] NCCL INFO Broadcast: opCount 2 sendbuff 0x1526e7400000 recvbuff 0x1526e7400000 count 787968 datatype 0 op 0 root 0 comm 0x5654b92ba9c0 [nranks=24] stream 0x5654b7a70d90
[LYD INFO in ncclLaunchKernel (enqueue.cc)] NCHANNELS is: 4
[LYD INFO in NCCL_FUNC_NAME (common.h)] 10 Broadcast RING SIMPLE Sum int8_t Elapsed time: 46 us

[LYD INFO in NCCL_KERN_NAME (common.h)] 10 Broadcast RING LL Sum int8_t Elapsed time: 135 us
x3002c0s1b0n0:5307:5307 [2] NCCL INFO AllReduce: opCount 3 sendbuff 0x1526ce000000 recvbuff 0x1526ce000000 count 117964800 datatype 6 op 0 root 0 comm 0x5654b92ba9c0 [nranks=24] stream 0x5654b7a70d90
[LYD INFO in ncclLaunchKernel (enqueue.cc)] NCHANNELS is: 4
[LYD INFO in NCCL_FUNC_NAME (common.h)] 9 Broadcast RING SIMPLE Sum int8_t Elapsed time: 45501 us

[LYD INFO in NCCL_KERN_NAME (common.h)] 9 Broadcast RING LL Sum int8_t Elapsed time: 45588 us
x3002c0s1b0n0:5306:5306 [1] NCCL INFO AllReduce: opCount 3 sendbuff 0x147cba000000 recvbuff 0x147cba000000 count 117964800 datatype 6 op 0 root 0 comm 0x55561727c030 [nranks=24] stream 0x555614232b60
[LYD INFO in ncclLaunchKernel (enqueue.cc)] NCHANNELS is: 4
[LYD INFO in NCCL_FUNC_NAME (common.h)] 8 Broadcast RING SIMPLE Sum int8_t Elapsed time: 25241 us

[LYD INFO in NCCL_KERN_NAME (common.h)] 8 Broadcast RING LL Sum int8_t Elapsed time: 25333 us
x3002c0s1b0n0:5305:5305 [0] NCCL INFO AllReduce: opCount 3 sendbuff 0x14e784000000 recvbuff 0x14e784000000 count 117964800 datatype 6 op 0 root 0 comm 0x563ea8bd1170 [nranks=24] stream 0x563ea73052d0
[LYD INFO in ncclLaunchKernel (enqueue.cc)] NCHANNELS is: 4
[LYD INFO in NCCL_FUNC_NAME (common.h)] 11 Broadcast RING SIMPLE Sum int8_t Elapsed time: 15749 us

[LYD INFO in NCCL_KERN_NAME (common.h)] 11 Broadcast RING LL Sum int8_t Elapsed time: 15865 us
x3002c0s1b0n0:5308:5308 [3] NCCL INFO AllReduce: opCount 3 sendbuff 0x14b402000000 recvbuff 0x14b402000000 count 117964800 datatype 6 op 0 root 0 comm 0x5573d51cf5b0 [nranks=24] stream 0x5573d229f1b0
[LYD INFO in ncclLaunchKernel (enqueue.cc)] NCHANNELS is: 4
[LYD INFO in NCCL_FUNC_NAME (common.h)] 9 AllReduce RING SIMPLE Sum half Elapsed time: 414650 us

[LYD INFO in NCCL_KERN_NAME (common.h)] 9 AllReduce RING LL Sum half Elapsed time: 414751 us

[LYD INFO in NCCL_FUNC_NAME (common.h)] 11 AllReduce RING SIMPLE Sum half Elapsed time: 381154 us

[LYD INFO in NCCL_KERN_NAME (common.h)] 11 AllReduce RING LL Sum half Elapsed time: 381284 us

[LYD INFO in NCCL_FUNC_NAME (common.h)] 10 AllReduce RING SIMPLE Sum half Elapsed time: 419753 us

[LYD INFO in NCCL_KERN_NAME (common.h)] 10 AllReduce RING LL Sum half Elapsed time: 419852 us

[LYD INFO in NCCL_FUNC_NAME (common.h)] 8 AllReduce RING SIMPLE Sum half Elapsed time: 400768 us

[LYD INFO in NCCL_KERN_NAME (common.h)] 8 AllReduce RING LL Sum half Elapsed time: 400866 us
x3002c0s1b0n0:5306:5306 [1] NCCL INFO AllReduce: opCount 4 sendbuff 0x147c5c000000 recvbuff 0x147c5c000000 count 117964800 datatype 6 op 0 root 0 comm 0x55561727c030 [nranks=24] stream 0x555614232b60
[LYD INFO in ncclLaunchKernel (enqueue.cc)] NCHANNELS is: 4x3002c0s1b0n0:5305:5305 [0] NCCL INFO AllReduce: opCount 4 sendbuff 0x14e728000000 recvbuff 0x14e728000000 count 117964800 datatype 6 op 0 root 0 comm 0x563ea8bd1170 [nranks=24] stream 0x563ea73052d0
[LYD INFO in ncclLaunchKernel (enqueue.cc)] NCHANNELS is: 4x3002c0s1b0n0:5305:5305 [0] NCCL INFO AllReduce: opCount 5 sendbuff 0x14e6d4000000 recvbuff 0x14e6d4000000 count 117964800 datatype 6 op 0 root 0 comm 0x563ea8bd1170 [nranks=24] stream 0x563ea73052d0
[LYD INFO in ncclLaunchKernel (enqueue.cc)] NCHANNELS is: 4x3002c0s1b0n0:5305:5305 [0] NCCL INFO AllReduce: opCount 6 sendbuff 0x14e686000000 recvbuff 0x14e686000000 count 117964800 datatype 6 op 0 root 0 comm 0x563ea8bd1170 [nranks=24] stream 0x563ea73052d0
[LYD INFO in ncclLaunchKernel (enqueue.cc)] NCHANNELS is: 4x3002c0s1b0n0:5305:5305 [0] NCCL INFO AllReduce: opCount 7 sendbuff 0x14e64a000000 recvbuff 0x14e64a000000 count 117964800 datatype 6 op 0 root 0 comm 0x563ea8bd1170 [nranks=24] stream 0x563ea73052d0
[LYD INFO in ncclLaunchKernel (enqueue.cc)] NCHANNELS is: 4x3002c0s1b0n0:5305:5305 [0] NCCL INFO AllReduce: opCount 8 sendbuff 0x14e602000000 recvbuff 0x14e602000000 count 117964800 datatype 6 op 0 root 0 comm 0x563ea8bd1170 [nranks=24] stream 0x563ea73052d0
[LYD INFO in ncclLaunchKernel (enqueue.cc)] NCHANNELS is: 4x3002c0s1b0n0:5306:5306 [1] NCCL INFO AllReduce: opCount 5 sendbuff 0x147c08000000 recvbuff 0x147c08000000 count 117964800 datatype 6 op 0 root 0 comm 0x55561727c030 [nranks=24] stream 0x555614232b60
[LYD INFO in ncclLaunchKernel (enqueue.cc)] NCHANNELS is: 4x3002c0s1b0n0:5306:5306 [1] NCCL INFO AllReduce: opCount 6 sendbuff 0x147bba000000 recvbuff 0x147bba000000 count 117964800 datatype 6 op 0 root 0 comm 0x55561727c030 [nranks=24] stream 0x555614232b60
[LYD INFO in ncclLaunchKernel (enqueue.cc)] NCHANNELS is: 4x3002c0s1b0n0:5306:5306 [1] NCCL INFO AllReduce: opCount 7 sendbuff 0x147b7e000000 recvbuff 0x147b7e000000 count 117964800 datatype 6 op 0 root 0 comm 0x55561727c030 [nranks=24] stream 0x555614232b60
[LYD INFO in ncclLaunchKernel (enqueue.cc)] NCHANNELS is: 4x3002c0s1b0n0:5307:5307 [2] NCCL INFO AllReduce: opCount 4 sendbuff 0x152670000000 recvbuff 0x152670000000 count 117964800 datatype 6 op 0 root 0 comm 0x5654b92ba9c0 [nranks=24] stream 0x5654b7a70d90
[LYD INFO in ncclLaunchKernel (enqueue.cc)] NCHANNELS is: 4x3002c0s1b0n0:5307:5307 [2] NCCL INFO AllReduce: opCount 5 sendbuff 0x15261c000000 recvbuff 0x15261c000000 count 117964800 datatype 6 op 0 root 0 comm 0x5654b92ba9c0 [nranks=24] stream 0x5654b7a70d90
[LYD INFO in ncclLaunchKernel (enqueue.cc)] NCHANNELS is: 4x3002c0s1b0n0:5307:5307 [2] NCCL INFO AllReduce: opCount 6 sendbuff 0x1525ce000000 recvbuff 0x1525ce000000 count 117964800 datatype 6 op 0 root 0 comm 0x5654b92ba9c0 [nranks=24] stream 0x5654b7a70d90
[LYD INFO in ncclLaunchKernel (enqueue.cc)] NCHANNELS is: 4x3002c0s1b0n0:5307:5307 [2] NCCL INFO AllReduce: opCount 7 sendbuff 0x152592000000 recvbuff 0x152592000000 count 117964800 datatype 6 op 0 root 0 comm 0x5654b92ba9c0 [nranks=24] stream 0x5654b7a70d90
[LYD INFO in ncclLaunchKernel (enqueue.cc)] NCHANNELS is: 4x3002c0s1b0n0:5307:5307 [2] NCCL INFO AllReduce: opCount 8 sendbuff 0x15254a000000 recvbuff 0x15254a000000 count 117964800 datatype 6 op 0 root 0 comm 0x5654b92ba9c0 [nranks=24] stream 0x5654b7a70d90
[LYD INFO in ncclLaunchKernel (enqueue.cc)] NCHANNELS is: 4x3002c0s1b0n0:5308:5308 [3] NCCL INFO AllReduce: opCount 4 sendbuff 0x14b3a6000000 recvbuff 0x14b3a6000000 count 117964800 datatype 6 op 0 root 0 comm 0x5573d51cf5b0 [nranks=24] stream 0x5573d229f1b0
[LYD INFO in ncclLaunchKernel (enqueue.cc)] NCHANNELS is: 4x3002c0s1b0n0:5308:5308 [3] NCCL INFO AllReduce: opCount 5 sendbuff 0x14b352000000 recvbuff 0x14b352000000 count 117964800 datatype 6 op 0 root 0 comm 0x5573d51cf5b0 [nranks=24] stream 0x5573d229f1b0
[LYD INFO in ncclLaunchKernel (enqueue.cc)] NCHANNELS is: 4x3002c0s1b0n0:5308:5308 [3] NCCL INFO AllReduce: opCount 6 sendbuff 0x14b304000000 recvbuff 0x14b304000000 count 117964800 datatype 6 op 0 root 0 comm 0x5573d51cf5b0 [nranks=24] stream 0x5573d229f1b0
[LYD INFO in ncclLaunchKernel (enqueue.cc)] NCHANNELS is: 4x3002c0s1b0n0:5308:5308 [3] NCCL INFO AllReduce: opCount 7 sendbuff 0x14b2c8000000 recvbuff 0x14b2c8000000 count 117964800 datatype 6 op 0 root 0 comm 0x5573d51cf5b0 [nranks=24] stream 0x5573d229f1b0
[LYD INFO in ncclLaunchKernel (enqueue.cc)] NCHANNELS is: 4x3002c0s1b0n0:5308:5308 [3] NCCL INFO AllReduce: opCount 8 sendbuff 0x14b280000000 recvbuff 0x14b280000000 count 117964800 datatype 6 op 0 root 0 comm 0x5573d51cf5b0 [nranks=24] stream 0x5573d229f1b0
[LYD INFO in ncclLaunchKernel (enqueue.cc)] NCHANNELS is: 4x3002c0s1b0n0:5308:5308 [3] NCCL INFO AllReduce: opCount 9 sendbuff 0x14b23c000000 recvbuff 0x14b23c000000 count 117964800 datatype 6 op 0 root 0 comm 0x5573d51cf5b0 [nranks=24] stream 0x5573d229f1b0
[LYD INFO in ncclLaunchKernel (enqueue.cc)] NCHANNELS is: 4x3002c0s1b0n0:5306:5306 [1] NCCL INFO AllReduce: opCount 8 sendbuff 0x147b36000000 recvbuff 0x147b36000000 count 117964800 datatype 6 op 0 root 0 comm 0x55561727c030 [nranks=24] stream 0x555614232b60
[LYD INFO in ncclLaunchKernel (enqueue.cc)] NCHANNELS is: 4x3002c0s1b0n0:5306:5306 [1] NCCL INFO AllReduce: opCount 9 sendbuff 0x147af2000000 recvbuff 0x147af2000000 count 117964800 datatype 6 op 0 root 0 comm 0x55561727c030 [nranks=24] stream 0x555614232b60
[LYD INFO in ncclLaunchKernel (enqueue.cc)] NCHANNELS is: 4x3002c0s1b0n0:5306:5306 [1] NCCL INFO AllReduce: opCount a sendbuff 0x147aaa000000 recvbuff 0x147aaa000000 count 117964800 datatype 6 op 0 root 0 comm 0x55561727c030 [nranks=24] stream 0x555614232b60
[LYD INFO in ncclLaunchKernel (enqueue.cc)] NCHANNELS is: 4x3002c0s1b0n0:5306:5306 [1] NCCL INFO AllReduce: opCount b sendbuff 0x147a66000000 recvbuff 0x147a66000000 count 117964800 datatype 6 op 0 root 0 comm 0x55561727c030 [nranks=24] stream 0x555614232b60
[LYD INFO in ncclLaunchKernel (enqueue.cc)] NCHANNELS is: 4x3002c0s1b0n0:5306:5306 [1] NCCL INFO AllReduce: opCount c sendbuff 0x147a1e000000 recvbuff 0x147a1e000000 count 117964800 datatype 6 op 0 root 0 comm 0x55561727c030 [nranks=24] stream 0x555614232b60
[LYD INFO in ncclLaunchKernel (enqueue.cc)] NCHANNELS is: 4x3002c0s1b0n0:5305:5305 [0] NCCL INFO AllReduce: opCount 9 sendbuff 0x14e5be000000 recvbuff 0x14e5be000000 count 117964800 datatype 6 op 0 root 0 comm 0x563ea8bd1170 [nranks=24] stream 0x563ea73052d0
[LYD INFO in ncclLaunchKernel (enqueue.cc)] NCHANNELS is: 4x3002c0s1b0n0:5305:5305 [0] NCCL INFO AllReduce: opCount a sendbuff 0x14e576000000 recvbuff 0x14e576000000 count 117964800 datatype 6 op 0 root 0 comm 0x563ea8bd1170 [nranks=24] stream 0x563ea73052d0
[LYD INFO in ncclLaunchKernel (enqueue.cc)] NCHANNELS is: 4x3002c0s1b0n0:5307:5307 [2] NCCL INFO AllReduce: opCount 9 sendbuff 0x152506000000 recvbuff 0x152506000000 count 117964800 datatype 6 op 0 root 0 comm 0x5654b92ba9c0 [nranks=24] stream 0x5654b7a70d90
[LYD INFO in ncclLaunchKernel (enqueue.cc)] NCHANNELS is: 4x3002c0s1b0n0:5305:5305 [0] NCCL INFO AllReduce: opCount b sendbuff 0x14e532000000 recvbuff 0x14e532000000 count 117964800 datatype 6 op 0 root 0 comm 0x563ea8bd1170 [nranks=24] stream 0x563ea73052d0
[LYD INFO in ncclLaunchKernel (enqueue.cc)] NCHANNELS is: 4x3002c0s1b0n0:5307:5307 [2] NCCL INFO AllReduce: opCount a sendbuff 0x1524be000000 recvbuff 0x1524be000000 count 117964800 datatype 6 op 0 root 0 comm 0x5654b92ba9c0 [nranks=24] stream 0x5654b7a70d90
[LYD INFO in ncclLaunchKernel (enqueue.cc)] NCHANNELS is: 4x3002c0s1b0n0:5308:5308 [3] NCCL INFO AllReduce: opCount a sendbuff 0x14b1f4000000 recvbuff 0x14b1f4000000 count 117964800 datatype 6 op 0 root 0 comm 0x5573d51cf5b0 [nranks=24] stream 0x5573d229f1b0
[LYD INFO in ncclLaunchKernel (enqueue.cc)] NCHANNELS is: 4x3002c0s1b0n0:5305:5305 [0] NCCL INFO AllReduce: opCount c sendbuff 0x14e4ea000000 recvbuff 0x14e4ea000000 count 117964800 datatype 6 op 0 root 0 comm 0x563ea8bd1170 [nranks=24] stream 0x563ea73052d0
[LYD INFO in ncclLaunchKernel (enqueue.cc)] NCHANNELS is: 4x3002c0s1b0n0:5307:5307 [2] NCCL INFO AllReduce: opCount b sendbuff 0x15247a000000 recvbuff 0x15247a000000 count 117964800 datatype 6 op 0 root 0 comm 0x5654b92ba9c0 [nranks=24] stream 0x5654b7a70d90
[LYD INFO in ncclLaunchKernel (enqueue.cc)] NCHANNELS is: 4x3002c0s1b0n0:5306:5306 [1] NCCL INFO AllReduce: opCount d sendbuff 0x1479da000000 recvbuff 0x1479da000000 count 117964800 datatype 6 op 0 root 0 comm 0x55561727c030 [nranks=24] stream 0x555614232b60
[LYD INFO in ncclLaunchKernel (enqueue.cc)] NCHANNELS is: 4x3002c0s1b0n0:5308:5308 [3] NCCL INFO AllReduce: opCount b sendbuff 0x14b1b0000000 recvbuff 0x14b1b0000000 count 117964800 datatype 6 op 0 root 0 comm 0x5573d51cf5b0 [nranks=24] stream 0x5573d229f1b0
[LYD INFO in ncclLaunchKernel (enqueue.cc)] NCHANNELS is: 4x3002c0s1b0n0:5305:5305 [0] NCCL INFO AllReduce: opCount d sendbuff 0x14e4a6000000 recvbuff 0x14e4a6000000 count 117964800 datatype 6 op 0 root 0 comm 0x563ea8bd1170 [nranks=24] stream 0x563ea73052d0
[LYD INFO in ncclLaunchKernel (enqueue.cc)] NCHANNELS is: 4x3002c0s1b0n0:5307:5307 [2] NCCL INFO AllReduce: opCount c sendbuff 0x152432000000 recvbuff 0x152432000000 count 117964800 datatype 6 op 0 root 0 comm 0x5654b92ba9c0 [nranks=24] stream 0x5654b7a70d90
[LYD INFO in ncclLaunchKernel (enqueue.cc)] NCHANNELS is: 4x3002c0s1b0n0:5308:5308 [3] NCCL INFO AllReduce: opCount c sendbuff 0x14b168000000 recvbuff 0x14b168000000 count 117964800 datatype 6 op 0 root 0 comm 0x5573d51cf5b0 [nranks=24] stream 0x5573d229f1b0
[LYD INFO in ncclLaunchKernel (enqueue.cc)] NCHANNELS is: 4x3002c0s1b0n0:5306:5306 [1] NCCL INFO AllReduce: opCount e sendbuff 0x147992000000 recvbuff 0x147992000000 count 117964800 datatype 6 op 0 root 0 comm 0x55561727c030 [nranks=24] stream 0x555614232b60
[LYD INFO in ncclLaunchKernel (enqueue.cc)] NCHANNELS is: 4x3002c0s1b0n0:5305:5305 [0] NCCL INFO AllReduce: opCount e sendbuff 0x14e45e000000 recvbuff 0x14e45e000000 count 117964800 datatype 6 op 0 root 0 comm 0x563ea8bd1170 [nranks=24] stream 0x563ea73052d0
[LYD INFO in ncclLaunchKernel (enqueue.cc)] NCHANNELS is: 4x3002c0s1b0n0:5307:5307 [2] NCCL INFO AllReduce: opCount d sendbuff 0x1523ee000000 recvbuff 0x1523ee000000 count 117964800 datatype 6 op 0 root 0 comm 0x5654b92ba9c0 [nranks=24] stream 0x5654b7a70d90
[LYD INFO in ncclLaunchKernel (enqueue.cc)] NCHANNELS is: 4x3002c0s1b0n0:5308:5308 [3] NCCL INFO AllReduce: opCount d sendbuff 0x14b124000000 recvbuff 0x14b124000000 count 117964800 datatype 6 op 0 root 0 comm 0x5573d51cf5b0 [nranks=24] stream 0x5573d229f1b0
[LYD INFO in ncclLaunchKernel (enqueue.cc)] NCHANNELS is: 4x3002c0s1b0n0:5306:5306 [1] NCCL INFO AllReduce: opCount f sendbuff 0x14794e000000 recvbuff 0x14794e000000 count 117964800 datatype 6 op 0 root 0 comm 0x55561727c030 [nranks=24] stream 0x555614232b60
[LYD INFO in ncclLaunchKernel (enqueue.cc)] NCHANNELS is: 4x3002c0s1b0n0:5305:5305 [0] NCCL INFO AllReduce: opCount f sendbuff 0x14e41a000000 recvbuff 0x14e41a000000 count 117964800 datatype 6 op 0 root 0 comm 0x563ea8bd1170 [nranks=24] stream 0x563ea73052d0
[LYD INFO in ncclLaunchKernel (enqueue.cc)] NCHANNELS is: 4x3002c0s1b0n0:5307:5307 [2] NCCL INFO AllReduce: opCount e sendbuff 0x1523a6000000 recvbuff 0x1523a6000000 count 117964800 datatype 6 op 0 root 0 comm 0x5654b92ba9c0 [nranks=24] stream 0x5654b7a70d90
[LYD INFO in ncclLaunchKernel (enqueue.cc)] NCHANNELS is: 4x3002c0s1b0n0:5308:5308 [3] NCCL INFO AllReduce: opCount e sendbuff 0x14b0dc000000 recvbuff 0x14b0dc000000 count 117964800 datatype 6 op 0 root 0 comm 0x5573d51cf5b0 [nranks=24] stream 0x5573d229f1b0
[LYD INFO in ncclLaunchKernel (enqueue.cc)] NCHANNELS is: 4x3002c0s1b0n0:5306:5306 [1] NCCL INFO AllReduce: opCount 10 sendbuff 0x147906000000 recvbuff 0x147906000000 count 117964800 datatype 6 op 0 root 0 comm 0x55561727c030 [nranks=24] stream 0x555614232b60
[LYD INFO in ncclLaunchKernel (enqueue.cc)] NCHANNELS is: 4x3002c0s1b0n0:5305:5305 [0] NCCL INFO AllReduce: opCount 10 sendbuff 0x14e3d2000000 recvbuff 0x14e3d2000000 count 117964800 datatype 6 op 0 root 0 comm 0x563ea8bd1170 [nranks=24] stream 0x563ea73052d0
[LYD INFO in ncclLaunchKernel (enqueue.cc)] NCHANNELS is: 4x3002c0s1b0n0:5307:5307 [2] NCCL INFO AllReduce: opCount f sendbuff 0x152362000000 recvbuff 0x152362000000 count 117964800 datatype 6 op 0 root 0 comm 0x5654b92ba9c0 [nranks=24] stream 0x5654b7a70d90
[LYD INFO in ncclLaunchKernel (enqueue.cc)] NCHANNELS is: 4x3002c0s1b0n0:5308:5308 [3] NCCL INFO AllReduce: opCount f sendbuff 0x14b098000000 recvbuff 0x14b098000000 count 117964800 datatype 6 op 0 root 0 comm 0x5573d51cf5b0 [nranks=24] stream 0x5573d229f1b0
[LYD INFO in ncclLaunchKernel (enqueue.cc)] NCHANNELS is: 4x3002c0s1b0n0:5306:5306 [1] NCCL INFO AllReduce: opCount 11 sendbuff 0x1478c2000000 recvbuff 0x1478c2000000 count 117964800 datatype 6 op 0 root 0 comm 0x55561727c030 [nranks=24] stream 0x555614232b60
[LYD INFO in ncclLaunchKernel (enqueue.cc)] NCHANNELS is: 4x3002c0s1b0n0:5305:5305 [0] NCCL INFO AllReduce: opCount 11 sendbuff 0x14e38e000000 recvbuff 0x14e38e000000 count 117964800 datatype 6 op 0 root 0 comm 0x563ea8bd1170 [nranks=24] stream 0x563ea73052d0
[LYD INFO in ncclLaunchKernel (enqueue.cc)] NCHANNELS is: 4x3002c0s1b0n0:5307:5307 [2] NCCL INFO AllReduce: opCount 10 sendbuff 0x15231a000000 recvbuff 0x15231a000000 count 117964800 datatype 6 op 0 root 0 comm 0x5654b92ba9c0 [nranks=24] stream 0x5654b7a70d90
[LYD INFO in ncclLaunchKernel (enqueue.cc)] NCHANNELS is: 4x3002c0s1b0n0:5306:5306 [1] NCCL INFO AllReduce: opCount 12 sendbuff 0x14787a000000 recvbuff 0x14787a000000 count 117964800 datatype 6 op 0 root 0 comm 0x55561727c030 [nranks=24] stream 0x555614232b60
[LYD INFO in ncclLaunchKernel (enqueue.cc)] NCHANNELS is: 4x3002c0s1b0n0:5308:5308 [3] NCCL INFO AllReduce: opCount 10 sendbuff 0x14b050000000 recvbuff 0x14b050000000 count 117964800 datatype 6 op 0 root 0 comm 0x5573d51cf5b0 [nranks=24] stream 0x5573d229f1b0
