x3104c0s19b1n0:7072:8629 [1] NCCL INFO transport/net_ib.cc:696 Ib Alloc Size 552 pointer 0x1520bc082000
x3104c0s19b1n0:7074:8452 [2] NCCL INFO Connection to proxy localRank 2 -> connection 0x151718000e00
x3104c0s19b1n0:7074:8630 [2] NCCL INFO transport/p2p.cc:449 Cuda Alloc Size 6291456 pointer 0x151717800000
x3104c0s19b1n0:7076:8642 [3] NCCL INFO transport/net_ib.cc:596 Ib Alloc Size 26560 pointer 0x14fdbc044000
x3104c0s19b1n0:7076:8642 [3] NCCL INFO NET/IB: Dev 0 Port 1 qpn 11632 mtu 5 GID 0 (80FE/DE2100FEFF000000)
x3104c0s19b1n0:7076:8642 [3] NCCL INFO transport/net_ib.cc:653 Ib Alloc Size 552 pointer 0x14fdbc065000
x3104c0s19b1n0:7076:8642 [3] NCCL INFO transport/net.cc:571 Cuda Host Alloc Size 9641984 pointer 0x14fdbb600000
x3104c0s19b1n0:7076:8642 [3] NCCL INFO Mem Realloc old size 0, new size 768 pointer 0x14fdbc0521f0
x3104c0s19b1n0:7072:8629 [1] NCCL INFO transport/net_ib.cc:771 Ib Alloc Size 552 pointer 0x1520bc09d000
x3104c0s19b1n0:7072:8629 [1] NCCL INFO transport/net.cc:698 Cuda Host Alloc Size 9641984 pointer 0x1520bb400000
x3104c0s19b1n0:7072:8629 [1] NCCL INFO transport/net_ib.cc:683 Ib Alloc Size 21688 pointer 0x1520bc09f000
x3104c0s19b1n0:7072:8629 [1] NCCL INFO transport/net_ib.cc:696 Ib Alloc Size 552 pointer 0x1520bc0a6000
x3104c0s19b1n0:7074:8630 [2] NCCL INFO New proxy recv connection 7 from local rank 2, transport 0
x3104c0s19b1n0:7076:8642 [3] NCCL INFO transport/net_ib.cc:596 Ib Alloc Size 26560 pointer 0x14fdbc067000
x3104c0s19b1n0:7076:8642 [3] NCCL INFO NET/IB: Dev 1 Port 1 qpn 10400 mtu 5 GID 0 (80FE/892100FEFF000000)
x3104c0s19b1n0:7076:8642 [3] NCCL INFO transport/net_ib.cc:653 Ib Alloc Size 552 pointer 0x14fdbc07e000
x3104c0s19b1n0:7072:8629 [1] NCCL INFO transport/net_ib.cc:771 Ib Alloc Size 552 pointer 0x1520bc0c1000
x3104c0s19b1n0:7072:8629 [1] NCCL INFO transport/net.cc:698 Cuda Host Alloc Size 9641984 pointer 0x1520b8000000
x3104c0s19b1n0:7076:8642 [3] NCCL INFO transport/net.cc:571 Cuda Host Alloc Size 9641984 pointer 0x14fdb2000000
x3104c0s19b1n0:7072:8450 [1] NCCL INFO Channel 00/0 : 13[46000] -> 12[7000] via P2P/IPC/read
x3104c0s19b1n0:7072:8629 [1] NCCL INFO New proxy send connection 4 from local rank 1, transport 0
x3104c0s19b1n0:7074:8452 [2] NCCL INFO Connection to proxy localRank 2 -> connection 0x151718000e40
x3104c0s19b1n0:7074:8630 [2] NCCL INFO transport/p2p.cc:449 Cuda Alloc Size 6291456 pointer 0x151714000000
x3104c0s19b1n0:7072:8450 [1] NCCL INFO Connection to proxy localRank 1 -> connection 0x1520bc000d80
x3104c0s19b1n0:7072:8629 [1] NCCL INFO transport/p2p.cc:430 Cuda Alloc Size 6291456 pointer 0x1520b8a00000
x3104c0s19b1n0:7074:8452 [2] NCCL INFO Connected all rings
x3104c0s19b1n0:7068:8628 [0] NCCL INFO New proxy recv connection 4 from local rank 0, transport 0
x3104c0s19b1n0:7074:8630 [2] NCCL INFO New proxy recv connection 8 from local rank 2, transport 0
x3104c0s19b1n0:7072:8450 [1] NCCL INFO Channel 01/0 : 13[46000] -> 12[7000] via P2P/IPC/read
x3104c0s19b1n0:7072:8629 [1] NCCL INFO New proxy send connection 5 from local rank 1, transport 0
x3104c0s19b1n0:7076:8642 [3] NCCL INFO transport/net_ib.cc:596 Ib Alloc Size 26560 pointer 0x14fdbc080000
x3104c0s19b1n0:7074:8452 [2] NCCL INFO Connection to proxy localRank 2 -> connection 0x151718000e80
x3104c0s19b1n0:7074:8630 [2] NCCL INFO transport/p2p.cc:449 Cuda Alloc Size 6291456 pointer 0x151712000000
x3104c0s19b1n0:7072:8450 [1] NCCL INFO Connection to proxy localRank 1 -> connection 0x1520bc000dc0
x3104c0s19b1n0:7076:8642 [3] NCCL INFO NET/IB: Dev 0 Port 1 qpn 11635 mtu 5 GID 0 (80FE/DE2100FEFF000000)
x3104c0s19b1n0:7076:8642 [3] NCCL INFO transport/net_ib.cc:653 Ib Alloc Size 552 pointer 0x14fdbc097000
x3104c0s19b1n0:7076:8642 [3] NCCL INFO transport/net.cc:571 Cuda Host Alloc Size 9641984 pointer 0x14fdb2a00000
x3104c0s19b1n0:7072:8629 [1] NCCL INFO transport/p2p.cc:430 Cuda Alloc Size 6291456 pointer 0x1520b9000000
x3104c0s19b1n0:7068:8451 [0] NCCL INFO Connection to proxy localRank 0 -> connection 0x1463fc000d80
x3104c0s19b1n0:7068:8628 [0] NCCL INFO transport/p2p.cc:449 Cuda Alloc Size 6291456 pointer 0x1463fac00000
x3104c0s19b1n0:7076:8447 [3] NCCL INFO Connected all rings
x3104c0s19b1n0:7076:8447 [3] NCCL INFO Channel 00/0 : 15[c7000] -> 14[85000] via P2P/IPC/read
x3104c0s19b1n0:7076:8642 [3] NCCL INFO New proxy send connection 8 from local rank 3, transport 0
x3104c0s19b1n0:7068:8628 [0] NCCL INFO New proxy recv connection 5 from local rank 0, transport 0
x3104c0s19b1n0:7068:8451 [0] NCCL INFO Connection to proxy localRank 0 -> connection 0x1463fc000dc0
x3104c0s19b1n0:7068:8628 [0] NCCL INFO transport/p2p.cc:449 Cuda Alloc Size 6291456 pointer 0x1463fb200000
x3104c0s19b1n0:7074:8630 [2] NCCL INFO New proxy recv connection 9 from local rank 2, transport 0
x3104c0s19b1n0:7072:8450 [1] NCCL INFO Channel 02/0 : 13[46000] -> 12[7000] via P2P/IPC/read
x3104c0s19b1n0:7072:8629 [1] NCCL INFO New proxy send connection 6 from local rank 1, transport 0
x3104c0s19b1n0:7076:8447 [3] NCCL INFO Connection to proxy localRank 3 -> connection 0x14fdbc000e80
x3104c0s19b1n0:7076:8642 [3] NCCL INFO transport/p2p.cc:430 Cuda Alloc Size 6291456 pointer 0x14fdb3400000
x3104c0s19b1n0:7076:8447 [3] NCCL INFO Channel 01/0 : 15[c7000] -> 14[85000] via P2P/IPC/read
x3104c0s19b1n0:7074:8452 [2] NCCL INFO Connection to proxy localRank 2 -> connection 0x151718000ec0
x3104c0s19b1n0:7074:8630 [2] NCCL INFO transport/p2p.cc:449 Cuda Alloc Size 6291456 pointer 0x151712600000
x3104c0s19b1n0:7076:8642 [3] NCCL INFO New proxy send connection 9 from local rank 3, transport 0
x3104c0s19b1n0:7072:8450 [1] NCCL INFO Connection to proxy localRank 1 -> connection 0x1520bc000e00
x3104c0s19b1n0:7072:8629 [1] NCCL INFO transport/p2p.cc:430 Cuda Alloc Size 6291456 pointer 0x1520b9600000
x3104c0s19b1n0:7068:8628 [0] NCCL INFO New proxy recv connection 6 from local rank 0, transport 0
x3104c0s19b1n0:7074:8630 [2] NCCL INFO New proxy recv connection 10 from local rank 2, transport 0
x3104c0s19b1n0:7072:8450 [1] NCCL INFO Channel 03/0 : 13[46000] -> 12[7000] via P2P/IPC/read
x3104c0s19b1n0:7072:8629 [1] NCCL INFO New proxy send connection 7 from local rank 1, transport 0
x3104c0s19b1n0:7076:8447 [3] NCCL INFO Connection to proxy localRank 3 -> connection 0x14fdbc000ec0
x3104c0s19b1n0:7076:8642 [3] NCCL INFO transport/p2p.cc:430 Cuda Alloc Size 6291456 pointer 0x14fdb3a00000
x3104c0s19b1n0:7068:8451 [0] NCCL INFO Connection to proxy localRank 0 -> connection 0x1463fc000e00
x3104c0s19b1n0:7068:8628 [0] NCCL INFO transport/p2p.cc:449 Cuda Alloc Size 6291456 pointer 0x1463fb800000
x3104c0s19b1n0:7072:8450 [1] NCCL INFO Connection to proxy localRank 1 -> connection 0x1520bc000e40
x3104c0s19b1n0:7072:8629 [1] NCCL INFO transport/p2p.cc:430 Cuda Alloc Size 6291456 pointer 0x1520cba00000
x3104c0s19b1n0:7068:8628 [0] NCCL INFO New proxy recv connection 7 from local rank 0, transport 0
x3104c0s19b1n0:7074:8452 [2] NCCL INFO Connection to proxy localRank 2 -> connection 0x151718000f00
x3104c0s19b1n0:7074:8630 [2] NCCL INFO transport/p2p.cc:449 Cuda Alloc Size 6291456 pointer 0x151712c00000
x3104c0s19b1n0:7076:8447 [3] NCCL INFO Channel 02/0 : 15[c7000] -> 14[85000] via P2P/IPC/read
x3104c0s19b1n0:7076:8642 [3] NCCL INFO New proxy send connection 10 from local rank 3, transport 0
x3104c0s19b1n0:7068:8451 [0] NCCL INFO Connection to proxy localRank 0 -> connection 0x1463fc000e40
x3104c0s19b1n0:7068:8628 [0] NCCL INFO transport/p2p.cc:449 Cuda Alloc Size 6291456 pointer 0x1463f8000000
x3104c0s19b1n0:7074:8630 [2] NCCL INFO New proxy recv connection 11 from local rank 2, transport 0
x3104c0s19b1n0:7076:8447 [3] NCCL INFO Connection to proxy localRank 3 -> connection 0x14fdbc000f00
x3104c0s19b1n0:7076:8642 [3] NCCL INFO transport/p2p.cc:430 Cuda Alloc Size 6291456 pointer 0x14fdb0000000
x3104c0s19b1n0:7074:8452 [2] NCCL INFO Connection to proxy localRank 2 -> connection 0x151718000f40
x3104c0s19b1n0:7074:8630 [2] NCCL INFO transport/p2p.cc:449 Cuda Alloc Size 6291456 pointer 0x151713200000
x3104c0s19b1n0:7076:8447 [3] NCCL INFO Channel 03/0 : 15[c7000] -> 14[85000] via P2P/IPC/read
x3104c0s19b1n0:7076:8642 [3] NCCL INFO New proxy send connection 11 from local rank 3, transport 0
x3104c0s19b1n0:7068:8451 [0] NCCL INFO Connected all rings
x3104c0s19b1n0:7068:8451 [0] NCCL INFO Channel 00/0 : 12[7000] -> 13[46000] via P2P/IPC/read
x3104c0s19b1n0:7068:8628 [0] NCCL INFO New proxy send connection 8 from local rank 0, transport 0
x3104c0s19b1n0:7072:8450 [1] NCCL INFO Connected all rings
x3104c0s19b1n0:7072:8629 [1] NCCL INFO New proxy recv connection 8 from local rank 1, transport 0
x3104c0s19b1n0:7076:8447 [3] NCCL INFO Connection to proxy localRank 3 -> connection 0x14fdbc000f40
x3104c0s19b1n0:7076:8642 [3] NCCL INFO transport/p2p.cc:430 Cuda Alloc Size 6291456 pointer 0x14fdb0600000
x3104c0s19b1n0:7068:8451 [0] NCCL INFO Connection to proxy localRank 0 -> connection 0x1463fc000e80
x3104c0s19b1n0:7072:8450 [1] NCCL INFO Connection to proxy localRank 1 -> connection 0x1520bc000e80
x3104c0s19b1n0:7072:8629 [1] NCCL INFO transport/p2p.cc:449 Cuda Alloc Size 6291456 pointer 0x1520b7800000
x3104c0s19b1n0:7068:8628 [0] NCCL INFO transport/p2p.cc:430 Cuda Alloc Size 6291456 pointer 0x1463f6000000
x3104c0s19b1n0:7068:8451 [0] NCCL INFO Channel 01/0 : 12[7000] -> 13[46000] via P2P/IPC/read
x3104c0s19b1n0:7068:8628 [0] NCCL INFO New proxy send connection 9 from local rank 0, transport 0
x3104c0s19b1n0:7072:8629 [1] NCCL INFO New proxy recv connection 9 from local rank 1, transport 0
x3104c0s19b1n0:7068:8451 [0] NCCL INFO Connection to proxy localRank 0 -> connection 0x1463fc000ec0
x3104c0s19b1n0:7068:8628 [0] NCCL INFO transport/p2p.cc:430 Cuda Alloc Size 6291456 pointer 0x1463f6600000
x3104c0s19b1n0:7072:8450 [1] NCCL INFO Connection to proxy localRank 1 -> connection 0x1520bc000ec0
x3104c0s19b1n0:7072:8629 [1] NCCL INFO transport/p2p.cc:449 Cuda Alloc Size 6291456 pointer 0x1520b4000000
x3104c0s19b1n0:7068:8451 [0] NCCL INFO Channel 02/0 : 12[7000] -> 13[46000] via P2P/IPC/read
x3104c0s19b1n0:7068:8628 [0] NCCL INFO New proxy send connection 10 from local rank 0, transport 0
x3104c0s19b1n0:7072:8629 [1] NCCL INFO New proxy recv connection 10 from local rank 1, transport 0
x3104c0s19b1n0:7068:8451 [0] NCCL INFO Connection to proxy localRank 0 -> connection 0x1463fc000f00
x3104c0s19b1n0:7068:8628 [0] NCCL INFO transport/p2p.cc:430 Cuda Alloc Size 6291456 pointer 0x1463f6c00000
x3104c0s19b1n0:7072:8450 [1] NCCL INFO Connection to proxy localRank 1 -> connection 0x1520bc000f00
x3104c0s19b1n0:7072:8629 [1] NCCL INFO transport/p2p.cc:449 Cuda Alloc Size 6291456 pointer 0x1520b4600000
x3104c0s19b1n0:7068:8451 [0] NCCL INFO Channel 03/0 : 12[7000] -> 13[46000] via P2P/IPC/read
x3104c0s19b1n0:7068:8628 [0] NCCL INFO New proxy send connection 11 from local rank 0, transport 0
x3104c0s19b1n0:7072:8629 [1] NCCL INFO New proxy recv connection 11 from local rank 1, transport 0
x3104c0s19b1n0:7068:8451 [0] NCCL INFO Connection to proxy localRank 0 -> connection 0x1463fc000f40
x3104c0s19b1n0:7068:8628 [0] NCCL INFO transport/p2p.cc:430 Cuda Alloc Size 6291456 pointer 0x1463f7200000
x3104c0s19b1n0:7072:8450 [1] NCCL INFO Connection to proxy localRank 1 -> connection 0x1520bc000f40
x3104c0s19b1n0:7072:8629 [1] NCCL INFO transport/p2p.cc:449 Cuda Alloc Size 6291456 pointer 0x1520b4c00000
x3104c0s19b1n0:7072:8450 [1] NCCL INFO Channel 00/0 : 13[46000] -> 14[85000] via P2P/IPC/read
x3104c0s19b1n0:7072:8629 [1] NCCL INFO New proxy send connection 12 from local rank 1, transport 0
x3104c0s19b1n0:7072:8450 [1] NCCL INFO Connection to proxy localRank 1 -> connection 0x1520bc000f80
x3104c0s19b1n0:7072:8629 [1] NCCL INFO transport/p2p.cc:430 Cuda Alloc Size 6291456 pointer 0x1520b5200000
x3104c0s19b1n0:7072:8450 [1] NCCL INFO Channel 01/0 : 13[46000] -> 14[85000] via P2P/IPC/read
x3104c0s19b1n0:7072:8629 [1] NCCL INFO New proxy send connection 13 from local rank 1, transport 0
x3104c0s19b1n0:7072:8450 [1] NCCL INFO Connection to proxy localRank 1 -> connection 0x1520bc000fc0
x3104c0s19b1n0:7072:8629 [1] NCCL INFO transport/p2p.cc:430 Cuda Alloc Size 6291456 pointer 0x1520b5800000
x3104c0s19b1n0:7072:8450 [1] NCCL INFO Channel 02/0 : 13[46000] -> 14[85000] via P2P/IPC/read
x3104c0s19b1n0:7072:8629 [1] NCCL INFO New proxy send connection 14 from local rank 1, transport 0
x3104c0s19b1n0:7072:8450 [1] NCCL INFO Connection to proxy localRank 1 -> connection 0x1520bc001000
x3104c0s19b1n0:7072:8629 [1] NCCL INFO transport/p2p.cc:430 Cuda Alloc Size 6291456 pointer 0x1520b2000000
x3104c0s19b1n0:7072:8450 [1] NCCL INFO Channel 03/0 : 13[46000] -> 14[85000] via P2P/IPC/read
x3104c0s19b1n0:7072:8629 [1] NCCL INFO New proxy send connection 15 from local rank 1, transport 0
x3104c0s19b1n0:7072:8450 [1] NCCL INFO Connection to proxy localRank 1 -> connection 0x1520bc001040
x3104c0s19b1n0:7072:8629 [1] NCCL INFO transport/p2p.cc:430 Cuda Alloc Size 6291456 pointer 0x1520b2600000
x3104c0s19b1n0:7072:8450 [1] NCCL INFO GPU Direct RDMA Disabled for GPU 46000 / HCA 1 (distance 6 > 4)
x3104c0s19b1n0:7072:8629 [1] NCCL INFO New proxy recv connection 16 from local rank 1, transport 2
x3104c0s19b1n0:7068:8451 [0] NCCL INFO GPU Direct RDMA Disabled for GPU 7000 / HCA 1 (distance 7 > 4)
x3104c0s19b1n0:7068:8628 [0] NCCL INFO Allocated 4194656 bytes of shared memory in /dev/shm/nccl-rgF5VD

x3104c0s19b1n0:7068:8628 [0] NCCL INFO New proxy recv connection 12 from local rank 0, transport 2
x3104c0s19b1n0:7068:8451 [0] NCCL INFO Connection to proxy localRank 0 -> connection 0x1463fc000f80
x3104c0s19b1n0:7074:8630 [2] NCCL INFO New proxy recv connection 12 from local rank 2, transport 0
x3104c0s19b1n0:7072:8450 [1] NCCL INFO Connection to proxy localRank 1 -> connection 0x1520bc001080
x3104c0s19b1n0:7074:8452 [2] NCCL INFO Connection to proxy localRank 2 -> connection 0x151718000f80
x3104c0s19b1n0:7074:8630 [2] NCCL INFO transport/p2p.cc:449 Cuda Alloc Size 6291456 pointer 0x151711200000
x3104c0s19b1n0:7068:8451 [0] NCCL INFO Channel 00/0 : 8[7000] -> 12[7000] [receive] via NET/IB/1
x3104c0s19b1n0:7068:8451 [0] NCCL INFO GPU Direct RDMA Disabled for GPU 7000 / HCA 0 (distance 7 > 4)
x3104c0s19b1n0:7068:8628 [0] NCCL INFO New proxy recv connection 13 from local rank 0, transport 2
x3104c0s19b1n0:7072:8450 [1] NCCL INFO Channel 02/0 : 8[7000] -> 13[46000] [receive] via NET/IB/1
x3104c0s19b1n0:7072:8450 [1] NCCL INFO GPU Direct RDMA Disabled for GPU 46000 / HCA 0 (distance 7 > 4)
x3104c0s19b1n0:7072:8629 [1] NCCL INFO New proxy recv connection 17 from local rank 1, transport 2
x3104c0s19b1n0:7074:8630 [2] NCCL INFO New proxy recv connection 13 from local rank 2, transport 0
x3104c0s19b1n0:7074:8452 [2] NCCL INFO Connection to proxy localRank 2 -> connection 0x151718000fc0
x3104c0s19b1n0:7074:8630 [2] NCCL INFO transport/p2p.cc:449 Cuda Alloc Size 6291456 pointer 0x151711800000
x3104c0s19b1n0:7068:8451 [0] NCCL INFO Connection to proxy localRank 0 -> connection 0x1463fc000fc0
x3104c0s19b1n0:7072:8450 [1] NCCL INFO Connection to proxy localRank 1 -> connection 0x1520bc0010c0
x3104c0s19b1n0:7072:8450 [1] NCCL INFO Channel 03/0 : 8[7000] -> 13[46000] [receive] via NET/IB/0
x3104c0s19b1n0:7068:8451 [0] NCCL INFO Channel 01/0 : 8[7000] -> 12[7000] [receive] via NET/IB/0
x3104c0s19b1n0:7068:8451 [0] NCCL INFO GPU Direct RDMA Disabled for GPU 7000 / HCA 1 (distance 7 > 4)
x3104c0s19b1n0:7068:8628 [0] NCCL INFO New proxy send connection 14 from local rank 0, transport 2
x3104c0s19b1n0:7074:8630 [2] NCCL INFO New proxy recv connection 14 from local rank 2, transport 0
x3104c0s19b1n0:7068:8451 [0] NCCL INFO Connection to proxy localRank 0 -> connection 0x1463fc001000
x3104c0s19b1n0:7068:8451 [0] NCCL INFO Channel 02/0 : 12[7000] -> 16[7000] [send] via NET/IB/1
x3104c0s19b1n0:7068:8451 [0] NCCL INFO GPU Direct RDMA Disabled for GPU 7000 / HCA 0 (distance 7 > 4)
x3104c0s19b1n0:7068:8628 [0] NCCL INFO New proxy send connection 15 from local rank 0, transport 2
x3104c0s19b1n0:7074:8452 [2] NCCL INFO Connection to proxy localRank 2 -> connection 0x151718001000
x3104c0s19b1n0:7074:8630 [2] NCCL INFO transport/p2p.cc:449 Cuda Alloc Size 6291456 pointer 0x15170e000000
x3104c0s19b1n0:7068:8451 [0] NCCL INFO Connection to proxy localRank 0 -> connection 0x1463fc001040
x3104c0s19b1n0:7068:8451 [0] NCCL INFO Channel 03/0 : 12[7000] -> 16[7000] [send] via NET/IB/0
x3104c0s19b1n0:7068:8628 [0] NCCL INFO transport/net_ib.cc:596 Ib Alloc Size 26560 pointer 0x1463fc026000
x3104c0s19b1n0:7074:8630 [2] NCCL INFO New proxy recv connection 15 from local rank 2, transport 0
x3104c0s19b1n0:7068:8628 [0] NCCL INFO NET/IB: Dev 1 Port 1 qpn 10401 mtu 5 GID 0 (80FE/892100FEFF000000)
x3104c0s19b1n0:7068:8628 [0] NCCL INFO transport/net_ib.cc:653 Ib Alloc Size 552 pointer 0x1463fc048000
x3104c0s19b1n0:7068:8628 [0] NCCL INFO transport/net.cc:571 Cuda Host Alloc Size 9641984 pointer 0x1463f5200000
x3104c0s19b1n0:7068:8628 [0] NCCL INFO Mem Realloc old size 0, new size 768 pointer 0x1463fc035490
x3104c0s19b1n0:7074:8452 [2] NCCL INFO Connection to proxy localRank 2 -> connection 0x151718001040
x3104c0s19b1n0:7074:8630 [2] NCCL INFO transport/p2p.cc:449 Cuda Alloc Size 6291456 pointer 0x15170e600000
x3104c0s19b1n0:7068:8628 [0] NCCL INFO transport/net_ib.cc:596 Ib Alloc Size 26560 pointer 0x1463fc04a000
x3104c0s19b1n0:7068:8628 [0] NCCL INFO NET/IB: Dev 0 Port 1 qpn 11636 mtu 5 GID 0 (80FE/DE2100FEFF000000)
x3104c0s19b1n0:7068:8628 [0] NCCL INFO transport/net_ib.cc:653 Ib Alloc Size 552 pointer 0x1463fc06b000
x3104c0s19b1n0:7068:8628 [0] NCCL INFO transport/net.cc:571 Cuda Host Alloc Size 9641984 pointer 0x1463ee000000
x3104c0s19b1n0:7068:8628 [0] NCCL INFO Mem Realloc old size 0, new size 768 pointer 0x1463fc058230
x3104c0s19b1n0:7074:8452 [2] NCCL INFO Channel 00/0 : 14[85000] -> 13[46000] via P2P/IPC/read
x3104c0s19b1n0:7074:8630 [2] NCCL INFO New proxy send connection 16 from local rank 2, transport 0
x3104c0s19b1n0:7068:8628 [0] NCCL INFO transport/net_ib.cc:683 Ib Alloc Size 21688 pointer 0x1463fc06d000
x3104c0s19b1n0:7068:8628 [0] NCCL INFO transport/net_ib.cc:696 Ib Alloc Size 552 pointer 0x1463fc074000
x3104c0s19b1n0:7074:8452 [2] NCCL INFO Connection to proxy localRank 2 -> connection 0x151718001080
x3104c0s19b1n0:7068:8628 [0] NCCL INFO transport/net_ib.cc:771 Ib Alloc Size 552 pointer 0x1463fc090000
x3104c0s19b1n0:7068:8628 [0] NCCL INFO transport/net.cc:698 Cuda Host Alloc Size 9641984 pointer 0x1463eea00000
x3104c0s19b1n0:7074:8630 [2] NCCL INFO transport/p2p.cc:430 Cuda Alloc Size 6291456 pointer 0x15170ec00000
x3104c0s19b1n0:7068:8628 [0] NCCL INFO transport/net_ib.cc:683 Ib Alloc Size 21688 pointer 0x1463fc092000
x3104c0s19b1n0:7068:8628 [0] NCCL INFO transport/net_ib.cc:696 Ib Alloc Size 552 pointer 0x1463fc099000
x3104c0s19b1n0:7074:8452 [2] NCCL INFO Channel 01/0 : 14[85000] -> 13[46000] via P2P/IPC/read
x3104c0s19b1n0:7074:8630 [2] NCCL INFO New proxy send connection 17 from local rank 2, transport 0
x3104c0s19b1n0:7068:8628 [0] NCCL INFO transport/net_ib.cc:771 Ib Alloc Size 552 pointer 0x1463fc0b4000
x3104c0s19b1n0:7068:8628 [0] NCCL INFO transport/net.cc:698 Cuda Host Alloc Size 9641984 pointer 0x1463ef400000
x3104c0s19b1n0:7074:8452 [2] NCCL INFO Connection to proxy localRank 2 -> connection 0x1517180010c0
x3104c0s19b1n0:7074:8630 [2] NCCL INFO transport/p2p.cc:430 Cuda Alloc Size 6291456 pointer 0x15170f200000
x3104c0s19b1n0:7068:8451 [0] NCCL INFO GPU Direct RDMA Disabled for GPU 7000 / HCA 1 (distance 7 > 4)
x3104c0s19b1n0:7072:8629 [1] NCCL INFO transport/net_ib.cc:683 Ib Alloc Size 21688 pointer 0x1520bc0d2000
x3104c0s19b1n0:7072:8629 [1] NCCL INFO transport/net_ib.cc:696 Ib Alloc Size 552 pointer 0x1520bc019000
x3104c0s19b1n0:7068:8628 [0] NCCL INFO New proxy send connection 16 from local rank 0, transport 2
x3104c0s19b1n0:7074:8452 [2] NCCL INFO Channel 02/0 : 14[85000] -> 13[46000] via P2P/IPC/read
x3104c0s19b1n0:7072:8629 [1] NCCL INFO transport/net_ib.cc:771 Ib Alloc Size 552 pointer 0x1520bc0f2000
x3104c0s19b1n0:7072:8629 [1] NCCL INFO transport/net.cc:698 Cuda Host Alloc Size 9641984 pointer 0x1520ae000000
x3104c0s19b1n0:7074:8630 [2] NCCL INFO New proxy send connection 18 from local rank 2, transport 0
x3104c0s19b1n0:7072:8629 [1] NCCL INFO transport/net_ib.cc:683 Ib Alloc Size 21688 pointer 0x1520bc0f4000
x3104c0s19b1n0:7072:8629 [1] NCCL INFO transport/net_ib.cc:696 Ib Alloc Size 552 pointer 0x1520bc0fb000
x3104c0s19b1n0:7068:8451 [0] NCCL INFO Connection to proxy localRank 0 -> connection 0x1463fc001080
x3104c0s19b1n0:7068:8451 [0] NCCL INFO Channel 02/0 : 12[7000] -> 1[46000] [send] via NET/IB/1
x3104c0s19b1n0:7068:8451 [0] NCCL INFO GPU Direct RDMA Disabled for GPU 7000 / HCA 0 (distance 7 > 4)
x3104c0s19b1n0:7068:8628 [0] NCCL INFO New proxy send connection 17 from local rank 0, transport 2
x3104c0s19b1n0:7068:8451 [0] NCCL INFO Connection to proxy localRank 0 -> connection 0x1463fc0010c0
x3104c0s19b1n0:7068:8451 [0] NCCL INFO Channel 03/0 : 12[7000] -> 1[46000] [send] via NET/IB/0
x3104c0s19b1n0:7068:8628 [0] NCCL INFO transport/net_ib.cc:596 Ib Alloc Size 26560 pointer 0x1463fc0c0000
x3104c0s19b1n0:7068:8628 [0] NCCL INFO NET/IB: Dev 1 Port 1 qpn 10406 mtu 5 GID 0 (80FE/892100FEFF000000)
x3104c0s19b1n0:7068:8628 [0] NCCL INFO transport/net_ib.cc:653 Ib Alloc Size 552 pointer 0x1463fc0d7000
x3104c0s19b1n0:7068:8628 [0] NCCL INFO transport/net.cc:571 Cuda Host Alloc Size 9641984 pointer 0x1463ec000000
x3104c0s19b1n0:7074:8452 [2] NCCL INFO Connection to proxy localRank 2 -> connection 0x151718001100
x3104c0s19b1n0:7072:8629 [1] NCCL INFO transport/net_ib.cc:771 Ib Alloc Size 552 pointer 0x1520bc116000
x3104c0s19b1n0:7072:8629 [1] NCCL INFO transport/net.cc:698 Cuda Host Alloc Size 9641984 pointer 0x1520aea00000
x3104c0s19b1n0:7074:8630 [2] NCCL INFO transport/p2p.cc:430 Cuda Alloc Size 6291456 pointer 0x15170f800000
x3104c0s19b1n0:7072:8450 [1] NCCL INFO GPU Direct RDMA Disabled for GPU 46000 / HCA 1 (distance 6 > 4)
x3104c0s19b1n0:7072:8629 [1] NCCL INFO New proxy send connection 18 from local rank 1, transport 2
x3104c0s19b1n0:7068:8628 [0] NCCL INFO transport/net_ib.cc:596 Ib Alloc Size 26560 pointer 0x1463fc0d9000
x3104c0s19b1n0:7074:8452 [2] NCCL INFO Channel 03/0 : 14[85000] -> 13[46000] via P2P/IPC/read
x3104c0s19b1n0:7074:8630 [2] NCCL INFO New proxy send connection 19 from local rank 2, transport 0
x3104c0s19b1n0:7068:8628 [0] NCCL INFO NET/IB: Dev 0 Port 1 qpn 11641 mtu 5 GID 0 (80FE/DE2100FEFF000000)
x3104c0s19b1n0:7068:8628 [0] NCCL INFO transport/net_ib.cc:653 Ib Alloc Size 552 pointer 0x1463fc0f0000
x3104c0s19b1n0:7068:8628 [0] NCCL INFO transport/net.cc:571 Cuda Host Alloc Size 9641984 pointer 0x1463eca00000
x3104c0s19b1n0:7072:8450 [1] NCCL INFO Connection to proxy localRank 1 -> connection 0x1520bc001100
x3104c0s19b1n0:7072:8450 [1] NCCL INFO Channel 02/0 : 13[46000] -> 8[7000] [send] via NET/IB/1
x3104c0s19b1n0:7072:8450 [1] NCCL INFO GPU Direct RDMA Disabled for GPU 46000 / HCA 0 (distance 7 > 4)
x3104c0s19b1n0:7072:8629 [1] NCCL INFO New proxy send connection 19 from local rank 1, transport 2
x3104c0s19b1n0:7074:8452 [2] NCCL INFO Connection to proxy localRank 2 -> connection 0x151718001140
x3104c0s19b1n0:7074:8630 [2] NCCL INFO transport/p2p.cc:430 Cuda Alloc Size 6291456 pointer 0x15170c000000
x3104c0s19b1n0:7068:8451 [0] NCCL INFO GPU Direct RDMA Disabled for GPU 7000 / HCA 1 (distance 7 > 4)
x3104c0s19b1n0:7068:8628 [0] NCCL INFO New proxy recv connection 18 from local rank 0, transport 2
x3104c0s19b1n0:7076:8447 [3] NCCL INFO Connected all trees by HAO
x3104c0s19b1n0:7076:8447 [3] NCCL INFO threadThresholds 8/8/64 | 160/8/64 | 512 | 512
x3104c0s19b1n0:7076:8447 [3] NCCL INFO 4 coll channels, 4 p2p channels, 2 p2p channels per peer
x3104c0s19b1n0:7076:8642 [3] NCCL INFO New proxy send connection 12 from local rank 3, transport 2
x3104c0s19b1n0:7072:8450 [1] NCCL INFO Connection to proxy localRank 1 -> connection 0x1520bc001140
x3104c0s19b1n0:7072:8450 [1] NCCL INFO Channel 03/0 : 13[46000] -> 8[7000] [send] via NET/IB/0
x3104c0s19b1n0:7068:8451 [0] NCCL INFO Connection to proxy localRank 0 -> connection 0x1463fc001100
x3104c0s19b1n0:7068:8451 [0] NCCL INFO Channel 02/0 : 1[46000] -> 12[7000] [receive] via NET/IB/1
x3104c0s19b1n0:7068:8451 [0] NCCL INFO GPU Direct RDMA Disabled for GPU 7000 / HCA 0 (distance 7 > 4)
x3104c0s19b1n0:7068:8628 [0] NCCL INFO New proxy recv connection 19 from local rank 0, transport 2
x3104c0s19b1n0:7076:8447 [3] NCCL INFO Connection to proxy localRank 3 -> connection 0x14fdbc000f80
x3104c0s19b1n0:7076:8642 [3] NCCL INFO transport/net.cc:376 Cuda Alloc Size 8388608 pointer 0x14fdae600000
x3104c0s19b1n0:7068:8451 [0] NCCL INFO Connection to proxy localRank 0 -> connection 0x1463fc001140
x3104c0s19b1n0:7068:8451 [0] NCCL INFO Channel 03/0 : 1[46000] -> 12[7000] [receive] via NET/IB/0
x3104c0s19b1n0:7068:8628 [0] NCCL INFO transport/net_ib.cc:683 Ib Alloc Size 21688 pointer 0x1463fc0fc000
x3104c0s19b1n0:7068:8628 [0] NCCL INFO transport/net_ib.cc:696 Ib Alloc Size 552 pointer 0x1463fc103000
x3104c0s19b1n0:7068:8628 [0] NCCL INFO transport/net_ib.cc:771 Ib Alloc Size 552 pointer 0x1463fc11e000
x3104c0s19b1n0:7068:8628 [0] NCCL INFO transport/net.cc:698 Cuda Host Alloc Size 9641984 pointer 0x1463ed400000
x3104c0s19b1n0:7068:8628 [0] NCCL INFO transport/net_ib.cc:683 Ib Alloc Size 21688 pointer 0x1463fc120000
x3104c0s19b1n0:7068:8628 [0] NCCL INFO transport/net_ib.cc:696 Ib Alloc Size 552 pointer 0x1463fc127000
x3104c0s19b1n0:7068:8628 [0] NCCL INFO transport/net_ib.cc:771 Ib Alloc Size 552 pointer 0x1463fc142000
x3104c0s19b1n0:7068:8628 [0] NCCL INFO transport/net.cc:698 Cuda Host Alloc Size 9641984 pointer 0x1463ea000000
x3104c0s19b1n0:7068:8451 [0] NCCL INFO GPU Direct RDMA Disabled for GPU 7000 / HCA 1 (distance 7 > 4)
x3104c0s19b1n0:7068:8628 [0] NCCL INFO New proxy recv connection 20 from local rank 0, transport 2
x3104c0s19b1n0:7068:8451 [0] NCCL INFO Connection to proxy localRank 0 -> connection 0x1463fc001180
x3104c0s19b1n0:7068:8451 [0] NCCL INFO Channel 02/0 : 16[7000] -> 12[7000] [receive] via NET/IB/1
x3104c0s19b1n0:7068:8451 [0] NCCL INFO GPU Direct RDMA Disabled for GPU 7000 / HCA 0 (distance 7 > 4)
x3104c0s19b1n0:7068:8628 [0] NCCL INFO New proxy recv connection 21 from local rank 0, transport 2
x3104c0s19b1n0:7068:8451 [0] NCCL INFO Connection to proxy localRank 0 -> connection 0x1463fc0011c0
x3104c0s19b1n0:7068:8451 [0] NCCL INFO Channel 03/0 : 16[7000] -> 12[7000] [receive] via NET/IB/0
x3104c0s19b1n0:7068:8451 [0] NCCL INFO GPU Direct RDMA Disabled for GPU 7000 / HCA 1 (distance 7 > 4)
x3104c0s19b1n0:7068:8628 [0] NCCL INFO New proxy send connection 22 from local rank 0, transport 2
x3104c0s19b1n0:7068:8451 [0] NCCL INFO Connection to proxy localRank 0 -> connection 0x1463fc001200
x3104c0s19b1n0:7068:8451 [0] NCCL INFO Channel 00/0 : 12[7000] -> 8[7000] [send] via NET/IB/1
x3104c0s19b1n0:7068:8451 [0] NCCL INFO GPU Direct RDMA Disabled for GPU 7000 / HCA 0 (distance 7 > 4)
x3104c0s19b1n0:7068:8628 [0] NCCL INFO New proxy send connection 23 from local rank 0, transport 2
x3104c0s19b1n0:7068:8451 [0] NCCL INFO Connection to proxy localRank 0 -> connection 0x1463fc001240
x3104c0s19b1n0:7068:8451 [0] NCCL INFO Channel 01/0 : 12[7000] -> 8[7000] [send] via NET/IB/0
x3104c0s19b1n0:7072:8629 [1] NCCL INFO transport/net_ib.cc:596 Ib Alloc Size 26560 pointer 0x1520bc122000
x3104c0s19b1n0:7072:8629 [1] NCCL INFO NET/IB: Dev 1 Port 1 qpn 10409 mtu 5 GID 0 (80FE/892100FEFF000000)
x3104c0s19b1n0:7072:8629 [1] NCCL INFO transport/net_ib.cc:653 Ib Alloc Size 552 pointer 0x1520bc139000
x3104c0s19b1n0:7072:8629 [1] NCCL INFO transport/net.cc:571 Cuda Host Alloc Size 9641984 pointer 0x1520af400000
x3104c0s19b1n0:7072:8629 [1] NCCL INFO transport/net_ib.cc:596 Ib Alloc Size 26560 pointer 0x1520bc13b000
x3104c0s19b1n0:7072:8629 [1] NCCL INFO NET/IB: Dev 0 Port 1 qpn 11644 mtu 5 GID 0 (80FE/DE2100FEFF000000)
x3104c0s19b1n0:7072:8629 [1] NCCL INFO transport/net_ib.cc:653 Ib Alloc Size 552 pointer 0x1520bc152000
x3104c0s19b1n0:7072:8629 [1] NCCL INFO transport/net.cc:571 Cuda Host Alloc Size 9641984 pointer 0x1520ac000000
x3104c0s19b1n0:7072:8629 [1] NCCL INFO New proxy recv connection 20 from local rank 1, transport 0
x3104c0s19b1n0:7072:8450 [1] NCCL INFO Connection to proxy localRank 1 -> connection 0x1520bc001180
x3104c0s19b1n0:7072:8629 [1] NCCL INFO transport/p2p.cc:449 Cuda Alloc Size 6291456 pointer 0x1520aca00000
x3104c0s19b1n0:7072:8629 [1] NCCL INFO New proxy recv connection 21 from local rank 1, transport 0
x3104c0s19b1n0:7072:8450 [1] NCCL INFO Connection to proxy localRank 1 -> connection 0x1520bc0011c0
x3104c0s19b1n0:7072:8629 [1] NCCL INFO transport/p2p.cc:449 Cuda Alloc Size 6291456 pointer 0x1520ad000000
x3104c0s19b1n0:7072:8629 [1] NCCL INFO New proxy recv connection 22 from local rank 1, transport 0
x3104c0s19b1n0:7072:8450 [1] NCCL INFO Connection to proxy localRank 1 -> connection 0x1520bc001200
x3104c0s19b1n0:7072:8629 [1] NCCL INFO transport/p2p.cc:449 Cuda Alloc Size 6291456 pointer 0x1520ad600000
x3104c0s19b1n0:7068:8628 [0] NCCL INFO transport/net_ib.cc:596 Ib Alloc Size 26560 pointer 0x1463fc158000
x3104c0s19b1n0:7068:8628 [0] NCCL INFO NET/IB: Dev 1 Port 1 qpn 10410 mtu 5 GID 0 (80FE/892100FEFF000000)
x3104c0s19b1n0:7068:8628 [0] NCCL INFO transport/net_ib.cc:653 Ib Alloc Size 552 pointer 0x1463fc16f000
x3104c0s19b1n0:7068:8628 [0] NCCL INFO transport/net.cc:571 Cuda Host Alloc Size 9641984 pointer 0x1463eaa00000
x3104c0s19b1n0:7072:8629 [1] NCCL INFO New proxy recv connection 23 from local rank 1, transport 0
x3104c0s19b1n0:7068:8628 [0] NCCL INFO transport/net_ib.cc:596 Ib Alloc Size 26560 pointer 0x1463fc171000
x3104c0s19b1n0:7068:8628 [0] NCCL INFO NET/IB: Dev 0 Port 1 qpn 11645 mtu 5 GID 0 (80FE/DE2100FEFF000000)
x3104c0s19b1n0:7068:8628 [0] NCCL INFO transport/net_ib.cc:653 Ib Alloc Size 552 pointer 0x1463fc188000
x3104c0s19b1n0:7068:8628 [0] NCCL INFO transport/net.cc:571 Cuda Host Alloc Size 9641984 pointer 0x1463eb400000
x3104c0s19b1n0:7068:8628 [0] NCCL INFO transport/net_ib.cc:683 Ib Alloc Size 21688 pointer 0x1463fc18a000
x3104c0s19b1n0:7068:8628 [0] NCCL INFO transport/net_ib.cc:696 Ib Alloc Size 552 pointer 0x1463fc191000
x3104c0s19b1n0:7072:8450 [1] NCCL INFO Connection to proxy localRank 1 -> connection 0x1520bc001240
x3104c0s19b1n0:7072:8629 [1] NCCL INFO transport/p2p.cc:449 Cuda Alloc Size 6291456 pointer 0x1520aa000000
x3104c0s19b1n0:7068:8628 [0] NCCL INFO transport/net_ib.cc:771 Ib Alloc Size 552 pointer 0x1463fc1ac000
x3104c0s19b1n0:7068:8628 [0] NCCL INFO transport/net.cc:698 Cuda Host Alloc Size 9641984 pointer 0x1463e8000000
x3104c0s19b1n0:7072:8450 [1] NCCL INFO Connected all trees by HAO
x3104c0s19b1n0:7072:8450 [1] NCCL INFO threadThresholds 8/8/64 | 160/8/64 | 512 | 512
x3104c0s19b1n0:7072:8450 [1] NCCL INFO 4 coll channels, 4 p2p channels, 2 p2p channels per peer
x3104c0s19b1n0:7074:8452 [2] NCCL INFO Connected all trees by HAO
x3104c0s19b1n0:7074:8452 [2] NCCL INFO threadThresholds 8/8/64 | 160/8/64 | 512 | 512
x3104c0s19b1n0:7074:8452 [2] NCCL INFO 4 coll channels, 4 p2p channels, 2 p2p channels per peer
x3104c0s19b1n0:7074:8630 [2] NCCL INFO Allocated 4194656 bytes of shared memory in /dev/shm/nccl-RtUdF8

x3104c0s19b1n0:7074:8630 [2] NCCL INFO New proxy send connection 20 from local rank 2, transport 2
x3104c0s19b1n0:7072:8629 [1] NCCL INFO New proxy send connection 24 from local rank 1, transport 2
x3104c0s19b1n0:7068:8628 [0] NCCL INFO transport/net_ib.cc:683 Ib Alloc Size 21688 pointer 0x1463fc1ae000
x3104c0s19b1n0:7068:8628 [0] NCCL INFO transport/net_ib.cc:696 Ib Alloc Size 552 pointer 0x1463fc1b5000
x3104c0s19b1n0:7074:8452 [2] NCCL INFO Connection to proxy localRank 2 -> connection 0x151718001180
x3104c0s19b1n0:7074:8630 [2] NCCL INFO transport/net.cc:376 Cuda Alloc Size 8388608 pointer 0x15170b800000
x3104c0s19b1n0:7068:8628 [0] NCCL INFO transport/net_ib.cc:771 Ib Alloc Size 552 pointer 0x1463fc1d0000
x3104c0s19b1n0:7068:8628 [0] NCCL INFO transport/net.cc:698 Cuda Host Alloc Size 9641984 pointer 0x1463e8a00000
x3104c0s19b1n0:7072:8450 [1] NCCL INFO Connection to proxy localRank 1 -> connection 0x1520bc001280
x3104c0s19b1n0:7072:8629 [1] NCCL INFO transport/net.cc:376 Cuda Alloc Size 8388608 pointer 0x1520a8000000
x3104c0s19b1n0:7068:8451 [0] NCCL INFO Connected all trees by HAO
x3104c0s19b1n0:7068:8451 [0] NCCL INFO threadThresholds 8/8/64 | 160/8/64 | 512 | 512
x3104c0s19b1n0:7068:8451 [0] NCCL INFO 4 coll channels, 4 p2p channels, 2 p2p channels per peer
x3104c0s19b1n0:7068:8628 [0] NCCL INFO New proxy send connection 24 from local rank 0, transport 2
x3104c0s19b1n0:7068:8451 [0] NCCL INFO Connection to proxy localRank 0 -> connection 0x1463fc001280
x3104c0s19b1n0:7068:8451 [0] NCCL INFO init.cc:367 Cuda Alloc Size 5168 pointer 0x146405808800
x3104c0s19b1n0:7074:8452 [2] NCCL INFO init.cc:367 Cuda Alloc Size 5168 pointer 0x151727808800
x3104c0s19b1n0:7074:8452 [2] NCCL INFO init.cc:392 Cuda Host Alloc Size 33554432 pointer 0x151702000000
x3104c0s19b1n0:7074:8452 [2] NCCL INFO init.cc:398 Cuda Host Alloc Size 128 pointer 0x151726e00200
x3104c0s19b1n0:7074:8452 [2] NCCL INFO comm 0x559463528ec0 rank 14 nranks 20 cudaDev 2 busId 85000 - Init COMPLETE
x3104c0s19b1n0:7072:8450 [1] NCCL INFO init.cc:367 Cuda Alloc Size 5168 pointer 0x1520cb808800
x3104c0s19b1n0:7076:8447 [3] NCCL INFO init.cc:367 Cuda Alloc Size 5168 pointer 0x14fdcb808800
x3104c0s19b1n0:7076:8447 [3] NCCL INFO init.cc:392 Cuda Host Alloc Size 33554432 pointer 0x14fdac000000
x3104c0s19b1n0:7076:8447 [3] NCCL INFO init.cc:398 Cuda Host Alloc Size 128 pointer 0x14fdcae00200
x3104c0s19b1n0:7076:8447 [3] NCCL INFO comm 0x55d06676b190 rank 15 nranks 20 cudaDev 3 busId c7000 - Init COMPLETE
x3104c0s19b1n0:7072:8450 [1] NCCL INFO init.cc:392 Cuda Host Alloc Size 33554432 pointer 0x1520a6000000
x3104c0s19b1n0:7072:8450 [1] NCCL INFO init.cc:398 Cuda Host Alloc Size 128 pointer 0x1520cae00200
x3104c0s19b1n0:7072:8450 [1] NCCL INFO comm 0x55f946353a80 rank 13 nranks 20 cudaDev 1 busId 46000 - Init COMPLETE
x3104c0s19b1n0:7068:8451 [0] NCCL INFO init.cc:392 Cuda Host Alloc Size 33554432 pointer 0x1463e6000000
x3104c0s19b1n0:7068:8451 [0] NCCL INFO init.cc:398 Cuda Host Alloc Size 128 pointer 0x146404e00200
x3104c0s19b1n0:7068:8451 [0] NCCL INFO comm 0x556371c87460 rank 12 nranks 20 cudaDev 0 busId 7000 - Init COMPLETE
x3104c0s19b1n0:7068:8628 [0] NCCL INFO transport/net.cc:376 Cuda Alloc Size 8388608 pointer 0x1463e9400000
x3104c0s19b1n0:7074:7074 [2] NCCL INFO AllReduce: opCount 0 sendbuff 0x151767600200 recvbuff 0x151767600200 count 1 datatype 1 op 0 root 0 comm 0x559463528ec0 [nranks=20] stream 0x55947b0d5100
x3104c0s19b1n0:7074:7074 [2] NCCL INFO misc/utils.cc:235 memory stack hunk malloc(65536)
[LYD INFO in ncclLaunchKernel (enqueue.cc)] NCHANNELS is: 4x3104c0s19b1n0:7068:7068 [0] NCCL INFO AllReduce: opCount 0 sendbuff 0x14643f600200 recvbuff 0x14643f600200 count 1 datatype 1 op 0 root 0 comm 0x556371c87460 [nranks=20] stream 0x55638fa03920
x3104c0s19b1n0:7068:7068 [0] NCCL INFO misc/utils.cc:235 memory stack hunk malloc(65536)
[LYD INFO in ncclLaunchKernel (enqueue.cc)] NCHANNELS is: 4x3104c0s19b1n0:7072:7072 [1] NCCL INFO AllReduce: opCount 0 sendbuff 0x15210b600200 recvbuff 0x15210b600200 count 1 datatype 1 op 0 root 0 comm 0x55f946353a80 [nranks=20] stream 0x55f94a0927a0
x3104c0s19b1n0:7072:7072 [1] NCCL INFO misc/utils.cc:235 memory stack hunk malloc(65536)
[LYD INFO in ncclLaunchKernel (enqueue.cc)] NCHANNELS is: 4x3104c0s19b1n0:7076:7076 [3] NCCL INFO AllReduce: opCount 0 sendbuff 0x14fe0b600200 recvbuff 0x14fe0b600200 count 1 datatype 1 op 0 root 0 comm 0x55d06676b190 [nranks=20] stream 0x55d07e8a8f90
x3104c0s19b1n0:7076:7076 [3] NCCL INFO misc/utils.cc:235 memory stack hunk malloc(65536)
[LYD INFO in ncclLaunchKernel (enqueue.cc)] NCHANNELS is: 4
[LYD INFO in NCCL_KERN_NAME (common.h)] 13 AllReduce TREE LL Sum uint8_t Elapsed time: 125721 us

[LYD INFO in NCCL_KERN_NAME (common.h)] 14 AllReduce TREE LL Sum uint8_t Elapsed time: 140494 us

[LYD INFO in NCCL_KERN_NAME (common.h)] 12 AllReduce TREE LL Sum uint8_t Elapsed time: 131812 us

[LYD INFO in NCCL_KERN_NAME (common.h)] 15 AllReduce TREE LL Sum uint8_t Elapsed time: 84833 us
x3104c0s19b1n0:7076:7076 [3] NCCL INFO AllReduce: opCount 1 sendbuff 0x14fe0b600000 recvbuff 0x14fe0b600000 count 1 datatype 1 op 0 root 0 comm 0x55d06676b190 [nranks=20] stream 0x55d07e8a8f90
[LYD INFO in ncclLaunchKernel (enqueue.cc)] NCHANNELS is: 4x3104c0s19b1n0:7074:7074 [2] NCCL INFO AllReduce: opCount 1 sendbuff 0x151767600000 recvbuff 0x151767600000 count 1 datatype 1 op 0 root 0 comm 0x559463528ec0 [nranks=20] stream 0x55947b0d5100
[LYD INFO in ncclLaunchKernel (enqueue.cc)] NCHANNELS is: 4x3104c0s19b1n0:7072:7072 [1] NCCL INFO AllReduce: opCount 1 sendbuff 0x15210b600000 recvbuff 0x15210b600000 count 1 datatype 1 op 0 root 0 comm 0x55f946353a80 [nranks=20] stream 0x55f94a0927a0
[LYD INFO in ncclLaunchKernel (enqueue.cc)] NCHANNELS is: 4x3104c0s19b1n0:7068:7068 [0] NCCL INFO AllReduce: opCount 1 sendbuff 0x14643f600000 recvbuff 0x14643f600000 count 1 datatype 1 op 0 root 0 comm 0x556371c87460 [nranks=20] stream 0x55638fa03920
[LYD INFO in ncclLaunchKernel (enqueue.cc)] NCHANNELS is: 4
[LYD INFO in NCCL_KERN_NAME (common.h)] 14 AllReduce TREE LL Sum uint8_t Elapsed time: 64544 us

[LYD INFO in NCCL_KERN_NAME (common.h)] 13 AllReduce TREE LL Sum uint8_t Elapsed time: 49307 us

[LYD INFO in NCCL_KERN_NAME (common.h)] 12 AllReduce TREE LL Sum uint8_t Elapsed time: 36483 us

[LYD INFO in NCCL_KERN_NAME (common.h)] 15 AllReduce TREE LL Sum uint8_t Elapsed time: 127846 us
x3104c0s19b1n0:7074:7074 [2] NCCL INFO AllReduce: opCount 2 sendbuff 0x151767600000 recvbuff 0x151767600000 count 1 datatype 8 op 3 root 0 comm 0x559463528ec0 [nranks=20] stream 0x55947b0d5100
[LYD INFO in ncclLaunchKernel (enqueue.cc)] NCHANNELS is: 4x3104c0s19b1n0:7068:7068 [0] NCCL INFO AllReduce: opCount 2 sendbuff 0x14643f600000 recvbuff 0x14643f600000 count 1 datatype 8 op 3 root 0 comm 0x556371c87460 [nranks=20] stream 0x55638fa03920
[LYD INFO in ncclLaunchKernel (enqueue.cc)] NCHANNELS is: 4x3104c0s19b1n0:7076:7076 [3] NCCL INFO AllReduce: opCount 2 sendbuff 0x14fe0b600000 recvbuff 0x14fe0b600000 count 1 datatype 8 op 3 root 0 comm 0x55d06676b190 [nranks=20] stream 0x55d07e8a8f90
[LYD INFO in ncclLaunchKernel (enqueue.cc)] NCHANNELS is: 4x3104c0s19b1n0:7072:7072 [1] NCCL INFO AllReduce: opCount 2 sendbuff 0x15210b600000 recvbuff 0x15210b600000 count 1 datatype 8 op 3 root 0 comm 0x55f946353a80 [nranks=20] stream 0x55f94a0927a0
[LYD INFO in ncclLaunchKernel (enqueue.cc)] NCHANNELS is: 4
[LYD INFO in NCCL_FUNC_NAME (common.h)] 13 AllReduce TREE LL Min double Elapsed time: 6 us

[LYD INFO in NCCL_FUNC_NAME (common.h)] 14 AllReduce TREE LL Min double Elapsed time: 13521 us

[LYD INFO in NCCL_FUNC_NAME (common.h)] 12 AllReduce TREE LL Min double Elapsed time: 12791 us

[LYD INFO in NCCL_FUNC_NAME (common.h)] 15 AllReduce TREE LL Min double Elapsed time: 5 us

[LYD INFO in NCCL_KERN_NAME (common.h)] 15 AllReduce TREE LL Sum double Elapsed time: 86899 us
x3104c0s19b1n0:7076:7076 [3] NCCL INFO AllReduce: opCount 3 sendbuff 0x14fe0b600200 recvbuff 0x14fe0b600200 count 1 datatype 1 op 0 root 0 comm 0x55d06676b190 [nranks=20] stream 0x55d07e8a8f90
[LYD INFO in ncclLaunchKernel (enqueue.cc)] NCHANNELS is: 4
[LYD INFO in NCCL_KERN_NAME (common.h)] 13 AllReduce TREE LL Sum double Elapsed time: 78291 us
x3104c0s19b1n0:7072:7072 [1] NCCL INFO AllReduce: opCount 3 sendbuff 0x15210b600200 recvbuff 0x15210b600200 count 1 datatype 1 op 0 root 0 comm 0x55f946353a80 [nranks=20] stream 0x55f94a0927a0
[LYD INFO in ncclLaunchKernel (enqueue.cc)] NCHANNELS is: 4
[LYD INFO in NCCL_KERN_NAME (common.h)] 14 AllReduce TREE LL Sum double Elapsed time: 109571 us
x3104c0s19b1n0:7074:7074 [2] NCCL INFO AllReduce: opCount 3 sendbuff 0x151767600200 recvbuff 0x151767600200 count 1 datatype 1 op 0 root 0 comm 0x559463528ec0 [nranks=20] stream 0x55947b0d5100
[LYD INFO in ncclLaunchKernel (enqueue.cc)] NCHANNELS is: 4
[LYD INFO in NCCL_KERN_NAME (common.h)] 12 AllReduce TREE LL Sum double Elapsed time: 90087 us
x3104c0s19b1n0:7068:7068 [0] NCCL INFO AllReduce: opCount 3 sendbuff 0x14643f600200 recvbuff 0x14643f600200 count 1 datatype 1 op 0 root 0 comm 0x556371c87460 [nranks=20] stream 0x55638fa03920
[LYD INFO in ncclLaunchKernel (enqueue.cc)] NCHANNELS is: 4
[LYD INFO in NCCL_KERN_NAME (common.h)] 13 AllReduce TREE LL Sum uint8_t Elapsed time: 84878 us

[LYD INFO in NCCL_KERN_NAME (common.h)] 14 AllReduce TREE LL Sum uint8_t Elapsed time: 85261 us

[LYD INFO in NCCL_KERN_NAME (common.h)] 12 AllReduce TREE LL Sum uint8_t Elapsed time: 61865 us

[LYD INFO in NCCL_KERN_NAME (common.h)] 15 AllReduce TREE LL Sum uint8_t Elapsed time: 100984 us
 > number of parameters on (tensor, pipeline) model parallel rank (2, 3): 34634400
 > number of parameters on (tensor, pipeline) model parallel rank (0, 3): 34634400
 > number of parameters on (tensor, pipeline) model parallel rank (3, 3): 34634400
 > number of parameters on (tensor, pipeline) model parallel rank (1, 3): 34634400
x3104c0s19b1n0:7074:7074 [2] NCCL INFO AllReduce: opCount 4 sendbuff 0x151767600400 recvbuff 0x151767600400 count 1 datatype 1 op 0 root 0 comm 0x559463528ec0 [nranks=20] stream 0x55947b0d5100
[LYD INFO in ncclLaunchKernel (enqueue.cc)] NCHANNELS is: 4x3104c0s19b1n0:7068:7068 [0] NCCL INFO AllReduce: opCount 4 sendbuff 0x14643f600400 recvbuff 0x14643f600400 count 1 datatype 1 op 0 root 0 comm 0x556371c87460 [nranks=20] stream 0x55638fa03920
[LYD INFO in ncclLaunchKernel (enqueue.cc)] NCHANNELS is: 4x3104c0s19b1n0:7076:7076 [3] NCCL INFO AllReduce: opCount 4 sendbuff 0x14fe0b600400 recvbuff 0x14fe0b600400 count 1 datatype 1 op 0 root 0 comm 0x55d06676b190 [nranks=20] stream 0x55d07e8a8f90
[LYD INFO in ncclLaunchKernel (enqueue.cc)] NCHANNELS is: 4x3104c0s19b1n0:7072:7072 [1] NCCL INFO AllReduce: opCount 4 sendbuff 0x15210b600400 recvbuff 0x15210b600400 count 1 datatype 1 op 0 root 0 comm 0x55f946353a80 [nranks=20] stream 0x55f94a0927a0
[LYD INFO in ncclLaunchKernel (enqueue.cc)] NCHANNELS is: 4
[LYD INFO in NCCL_KERN_NAME (common.h)] 13 AllReduce TREE LL Sum uint8_t Elapsed time: 3797246 us
x3104c0s19b1n0:7072:7072 [1] NCCL INFO AllReduce: opCount 5 sendbuff 0x15210b787400 recvbuff 0x15210b787400 count 1 datatype 1 op 0 root 0 comm 0x55f946353a80 [nranks=20] stream 0x55f94a0927a0
[LYD INFO in ncclLaunchKernel (enqueue.cc)] NCHANNELS is: 4
[LYD INFO in NCCL_KERN_NAME (common.h)] 15 AllReduce TREE LL Sum uint8_t Elapsed time: 3799554 us
x3104c0s19b1n0:7076:7076 [3] NCCL INFO AllReduce: opCount 5 sendbuff 0x14fe0b787400 recvbuff 0x14fe0b787400 count 1 datatype 1 op 0 root 0 comm 0x55d06676b190 [nranks=20] stream 0x55d07e8a8f90
[LYD INFO in ncclLaunchKernel (enqueue.cc)] NCHANNELS is: 4
[LYD INFO in NCCL_KERN_NAME (common.h)] 14 AllReduce TREE LL Sum uint8_t Elapsed time: 3832878 us

[LYD INFO in NCCL_KERN_NAME (common.h)] 12 AllReduce TREE LL Sum uint8_t Elapsed time: 3792348 us
x3104c0s19b1n0:7074:7074 [2] NCCL INFO AllReduce: opCount 5 sendbuff 0x151767787400 recvbuff 0x151767787400 count 1 datatype 1 op 0 root 0 comm 0x559463528ec0 [nranks=20] stream 0x55947b0d5100
[LYD INFO in ncclLaunchKernel (enqueue.cc)] NCHANNELS is: 4x3104c0s19b1n0:7068:7068 [0] NCCL INFO AllReduce: opCount 5 sendbuff 0x14643f787400 recvbuff 0x14643f787400 count 1 datatype 1 op 0 root 0 comm 0x556371c87460 [nranks=20] stream 0x55638fa03920
[LYD INFO in ncclLaunchKernel (enqueue.cc)] NCHANNELS is: 4
[LYD INFO in NCCL_KERN_NAME (common.h)] 14 AllReduce TREE LL Sum uint8_t Elapsed time: 57802 us
x3104c0s19b1n0:7074:7074 [2] NCCL INFO AllReduce: opCount 6 sendbuff 0x151767600400 recvbuff 0x151767600400 count 1 datatype 1 op 0 root 0 comm 0x559463528ec0 [nranks=20] stream 0x55947b0d5100
[LYD INFO in ncclLaunchKernel (enqueue.cc)] NCHANNELS is: 4
[LYD INFO in NCCL_KERN_NAME (common.h)] 15 AllReduce TREE LL Sum uint8_t Elapsed time: 69807 us
x3104c0s19b1n0:7076:7076 [3] NCCL INFO AllReduce: opCount 6 sendbuff 0x14fe0b600400 recvbuff 0x14fe0b600400 count 1 datatype 1 op 0 root 0 comm 0x55d06676b190 [nranks=20] stream 0x55d07e8a8f90
[LYD INFO in ncclLaunchKernel (enqueue.cc)] NCHANNELS is: 4
[LYD INFO in NCCL_KERN_NAME (common.h)] 13 AllReduce TREE LL Sum uint8_t Elapsed time: 72131 us
x3104c0s19b1n0:7072:7072 [1] NCCL INFO AllReduce: opCount 6 sendbuff 0x15210b600400 recvbuff 0x15210b600400 count 1 datatype 1 op 0 root 0 comm 0x55f946353a80 [nranks=20] stream 0x55f94a0927a0
[LYD INFO in ncclLaunchKernel (enqueue.cc)] NCHANNELS is: 4
[LYD INFO in NCCL_KERN_NAME (common.h)] 12 AllReduce TREE LL Sum uint8_t Elapsed time: 45514 us
x3104c0s19b1n0:7068:7068 [0] NCCL INFO AllReduce: opCount 6 sendbuff 0x14643f600400 recvbuff 0x14643f600400 count 1 datatype 1 op 0 root 0 comm 0x556371c87460 [nranks=20] stream 0x55638fa03920
[LYD INFO in ncclLaunchKernel (enqueue.cc)] NCHANNELS is: 4
[LYD INFO in NCCL_KERN_NAME (common.h)] 12 AllReduce TREE LL Sum uint8_t Elapsed time: 10667 us

[LYD INFO in NCCL_KERN_NAME (common.h)] 14 AllReduce TREE LL Sum uint8_t Elapsed time: 68529 us

[LYD INFO in NCCL_KERN_NAME (common.h)] 15 AllReduce TREE LL Sum uint8_t Elapsed time: 54726 us

[LYD INFO in NCCL_KERN_NAME (common.h)] 13 AllReduce TREE LL Sum uint8_t Elapsed time: 46590 us
NCCL version 2.14.3+cuda11.8
x3104c0s19b1n0:7068:7068 [0] NCCL INFO init.cc:1147 Cuda Host Alloc Size 4 pointer 0x146404e00400
x3104c0s19b1n0:7068:11615 [0] NCCL INFO Using network IB
x3104c0s19b1n0:7068:11615 [0] NCCL INFO NET/IB : GPU Direct RDMA Enabled for HCA 0 'mlx5_0'
x3104c0s19b1n0:7068:11615 [0] NCCL INFO NET/IB : GPU Direct RDMA Enabled for HCA 1 'mlx5_1'
x3104c0s19b1n0:7068:11615 [0] NCCL INFO GPU Direct RDMA Disabled for GPU 7000 / HCA 0 (distance 7 > 4)
x3104c0s19b1n0:7068:11615 [0] NCCL INFO GPU Direct RDMA Disabled for GPU 7000 / HCA 1 (distance 7 > 4)
x3104c0s19b1n0:7068:11615 [0] NCCL INFO === System : maxBw 5000.0 totalBw 0.0 ===
x3104c0s19b1n0:7068:11615 [0] NCCL INFO CPU/3 (1/2/-1)
x3104c0s19b1n0:7068:11615 [0] NCCL INFO + SYS[5000.0] - CPU/0
x3104c0s19b1n0:7068:11615 [0] NCCL INFO + SYS[5000.0] - CPU/2
x3104c0s19b1n0:7068:11615 [0] NCCL INFO + PCI[24.0] - PCI/5000 (11f8406811f8beef)
x3104c0s19b1n0:7068:11615 [0] NCCL INFO               + PCI[24.0] - GPU/7000 (0)
x3104c0s19b1n0:7068:11615 [0] NCCL INFO CPU/0 (1/2/-1)
x3104c0s19b1n0:7068:11615 [0] NCCL INFO + SYS[5000.0] - CPU/3
x3104c0s19b1n0:7068:11615 [0] NCCL INFO + SYS[5000.0] - CPU/2
x3104c0s19b1n0:7068:11615 [0] NCCL INFO + PCI[12.0] - NIC/C8000
x3104c0s19b1n0:7068:11615 [0] NCCL INFO CPU/2 (1/2/-1)
x3104c0s19b1n0:7068:11615 [0] NCCL INFO + SYS[5000.0] - CPU/3
x3104c0s19b1n0:7068:11615 [0] NCCL INFO + SYS[5000.0] - CPU/0
x3104c0s19b1n0:7068:11615 [0] NCCL INFO + PCI[12.0] - NIC/43000
x3104c0s19b1n0:7068:11615 [0] NCCL INFO ==========================================
x3104c0s19b1n0:7068:11615 [0] NCCL INFO GPU/7000 :GPU/7000 (0/5000.000000/LOC) CPU/3 (2/24.000000/PHB) CPU/0 (3/24.000000/SYS) CPU/2 (3/24.000000/SYS) 
x3104c0s19b1n0:7068:11615 [0] NCCL INFO Pattern 4, crossNic 0, nChannels 16, bw 44.000000/44.000000, type LOC/PIX, sameChannels 1
x3104c0s19b1n0:7068:11615 [0] NCCL INFO  0 : GPU/0
x3104c0s19b1n0:7068:11615 [0] NCCL INFO  1 : GPU/0
x3104c0s19b1n0:7068:11615 [0] NCCL INFO  2 : GPU/0
x3104c0s19b1n0:7068:11615 [0] NCCL INFO  3 : GPU/0
x3104c0s19b1n0:7068:11615 [0] NCCL INFO  4 : GPU/0
x3104c0s19b1n0:7068:11615 [0] NCCL INFO  5 : GPU/0
x3104c0s19b1n0:7068:11615 [0] NCCL INFO  6 : GPU/0
x3104c0s19b1n0:7068:11615 [0] NCCL INFO  7 : GPU/0
x3104c0s19b1n0:7068:11615 [0] NCCL INFO  8 : GPU/0
x3104c0s19b1n0:7068:11615 [0] NCCL INFO  9 : GPU/0
x3104c0s19b1n0:7068:11615 [0] NCCL INFO 10 : GPU/0
x3104c0s19b1n0:7068:11615 [0] NCCL INFO 11 : GPU/0
x3104c0s19b1n0:7068:11615 [0] NCCL INFO 12 : GPU/0
x3104c0s19b1n0:7068:11615 [0] NCCL INFO 13 : GPU/0
x3104c0s19b1n0:7068:11615 [0] NCCL INFO 14 : GPU/0
x3104c0s19b1n0:7068:11615 [0] NCCL INFO 15 : GPU/0
x3104c0s19b1n0:7068:11615 [0] NCCL INFO Pattern 3, crossNic 0, nChannels 16, bw 44.000000/44.000000, type LOC/PIX, sameChannels 1
x3104c0s19b1n0:7068:11615 [0] NCCL INFO  0 : GPU/0
x3104c0s19b1n0:7068:11615 [0] NCCL INFO  1 : GPU/0
x3104c0s19b1n0:7068:11615 [0] NCCL INFO  2 : GPU/0
x3104c0s19b1n0:7068:11615 [0] NCCL INFO  3 : GPU/0
x3104c0s19b1n0:7068:11615 [0] NCCL INFO  4 : GPU/0
x3104c0s19b1n0:7068:11615 [0] NCCL INFO  5 : GPU/0
x3104c0s19b1n0:7068:11615 [0] NCCL INFO  6 : GPU/0
x3104c0s19b1n0:7068:11615 [0] NCCL INFO  7 : GPU/0
x3104c0s19b1n0:7068:11615 [0] NCCL INFO  8 : GPU/0
x3104c0s19b1n0:7068:11615 [0] NCCL INFO  9 : GPU/0
x3104c0s19b1n0:7068:11615 [0] NCCL INFO 10 : GPU/0
x3104c0s19b1n0:7068:11615 [0] NCCL INFO 11 : GPU/0
x3104c0s19b1n0:7068:11615 [0] NCCL INFO 12 : GPU/0
x3104c0s19b1n0:7068:11615 [0] NCCL INFO 13 : GPU/0
x3104c0s19b1n0:7068:11615 [0] NCCL INFO 14 : GPU/0
x3104c0s19b1n0:7068:11615 [0] NCCL INFO 15 : GPU/0
x3104c0s19b1n0:7068:11615 [0] NCCL INFO Pattern 3, crossNic 0, nChannels 16, bw 44.000000/44.000000, type LOC/PIX, sameChannels 1
x3104c0s19b1n0:7068:11615 [0] NCCL INFO  0 : GPU/0
x3104c0s19b1n0:7068:11615 [0] NCCL INFO  1 : GPU/0
x3104c0s19b1n0:7068:11615 [0] NCCL INFO  2 : GPU/0
x3104c0s19b1n0:7068:11615 [0] NCCL INFO  3 : GPU/0
x3104c0s19b1n0:7068:11615 [0] NCCL INFO  4 : GPU/0
x3104c0s19b1n0:7068:11615 [0] NCCL INFO  5 : GPU/0
x3104c0s19b1n0:7068:11615 [0] NCCL INFO  6 : GPU/0
x3104c0s19b1n0:7068:11615 [0] NCCL INFO  7 : GPU/0
x3104c0s19b1n0:7068:11615 [0] NCCL INFO  8 : GPU/0
x3104c0s19b1n0:7068:11615 [0] NCCL INFO  9 : GPU/0
x3104c0s19b1n0:7068:11615 [0] NCCL INFO 10 : GPU/0
x3104c0s19b1n0:7068:11615 [0] NCCL INFO 11 : GPU/0
x3104c0s19b1n0:7068:11615 [0] NCCL INFO 12 : GPU/0
x3104c0s19b1n0:7068:11615 [0] NCCL INFO 13 : GPU/0
x3104c0s19b1n0:7068:11615 [0] NCCL INFO 14 : GPU/0
x3104c0s19b1n0:7068:11615 [0] NCCL INFO 15 : GPU/0
x3104c0s19b1n0:7068:11615 [0] NCCL INFO Tree 0 : -1 -> 0 -> -1/-1/-1
x3104c0s19b1n0:7068:11615 [0] NCCL INFO Tree 16 : -1 -> 0 -> -1/-1/-1
