x3004c0s1b1n0:11222:12365 [1] NCCL INFO transport/net.cc:698 Cuda Host Alloc Size 9641984 pointer 0x147246000000
x3004c0s1b1n0:11222:12365 [1] NCCL INFO Mem Realloc old size 0, new size 768 pointer 0x1472480406b0
x3004c0s1b1n0:11225:12207 [2] NCCL INFO Connection to proxy localRank 2 -> connection 0x153694000e00
x3004c0s1b1n0:11225:12366 [2] NCCL INFO transport/p2p.cc:449 Cuda Alloc Size 6291456 pointer 0x153693800000
x3004c0s1b1n0:11230:12369 [3] NCCL INFO transport/net_ib.cc:596 Ib Alloc Size 26560 pointer 0x148fc4067000
x3004c0s1b1n0:11230:12369 [3] NCCL INFO NET/IB: Dev 1 Port 1 qpn 12379 mtu 5 GID 0 (80FE/EF0100FEFF000000)
x3004c0s1b1n0:11230:12369 [3] NCCL INFO transport/net_ib.cc:653 Ib Alloc Size 552 pointer 0x148fc407e000
x3004c0s1b1n0:11230:12369 [3] NCCL INFO transport/net.cc:571 Cuda Host Alloc Size 9641984 pointer 0x148fba000000
x3004c0s1b1n0:11225:12366 [2] NCCL INFO New proxy recv connection 7 from local rank 2, transport 0
x3004c0s1b1n0:11222:12365 [1] NCCL INFO transport/net_ib.cc:683 Ib Alloc Size 21688 pointer 0x14724804d000
x3004c0s1b1n0:11222:12365 [1] NCCL INFO transport/net_ib.cc:696 Ib Alloc Size 552 pointer 0x147248054000
x3004c0s1b1n0:11230:12369 [3] NCCL INFO transport/net_ib.cc:596 Ib Alloc Size 26560 pointer 0x148fc4080000
x3004c0s1b1n0:11225:12207 [2] NCCL INFO Connection to proxy localRank 2 -> connection 0x153694000e40
x3004c0s1b1n0:11225:12366 [2] NCCL INFO transport/p2p.cc:449 Cuda Alloc Size 6291456 pointer 0x153690000000
x3004c0s1b1n0:11230:12369 [3] NCCL INFO NET/IB: Dev 0 Port 1 qpn 12310 mtu 5 GID 0 (80FE/AA0100FEFF000000)
x3004c0s1b1n0:11230:12369 [3] NCCL INFO transport/net_ib.cc:653 Ib Alloc Size 552 pointer 0x148fc4097000
x3004c0s1b1n0:11230:12369 [3] NCCL INFO transport/net.cc:571 Cuda Host Alloc Size 9641984 pointer 0x148fbaa00000
x3004c0s1b1n0:11222:12365 [1] NCCL INFO transport/net_ib.cc:771 Ib Alloc Size 552 pointer 0x147248079000
x3004c0s1b1n0:11222:12365 [1] NCCL INFO transport/net.cc:698 Cuda Host Alloc Size 9641984 pointer 0x147246a00000
x3004c0s1b1n0:11222:12365 [1] NCCL INFO Mem Realloc old size 0, new size 768 pointer 0x14724806e880
x3004c0s1b1n0:11222:12365 [1] NCCL INFO transport/net_ib.cc:683 Ib Alloc Size 21688 pointer 0x14724807b000
x3004c0s1b1n0:11222:12365 [1] NCCL INFO transport/net_ib.cc:696 Ib Alloc Size 552 pointer 0x147248082000
x3004c0s1b1n0:11230:12209 [3] NCCL INFO Connected all rings
x3004c0s1b1n0:11230:12209 [3] NCCL INFO Channel 00/0 : 7[c7000] -> 6[85000] via P2P/IPC/read
x3004c0s1b1n0:11230:12369 [3] NCCL INFO New proxy send connection 8 from local rank 3, transport 0
x3004c0s1b1n0:11222:12365 [1] NCCL INFO transport/net_ib.cc:771 Ib Alloc Size 552 pointer 0x14724809d000
x3004c0s1b1n0:11222:12365 [1] NCCL INFO transport/net.cc:698 Cuda Host Alloc Size 9641984 pointer 0x147247400000
x3004c0s1b1n0:11225:12207 [2] NCCL INFO Connected all rings
x3004c0s1b1n0:11225:12366 [2] NCCL INFO New proxy recv connection 8 from local rank 2, transport 0
x3004c0s1b1n0:11221:12360 [0] NCCL INFO New proxy recv connection 4 from local rank 0, transport 0
x3004c0s1b1n0:11230:12209 [3] NCCL INFO Connection to proxy localRank 3 -> connection 0x148fc4000e80
x3004c0s1b1n0:11230:12369 [3] NCCL INFO transport/p2p.cc:430 Cuda Alloc Size 6291456 pointer 0x148fbb400000
x3004c0s1b1n0:11221:12204 [0] NCCL INFO Connection to proxy localRank 0 -> connection 0x14b77c000d80
x3004c0s1b1n0:11221:12360 [0] NCCL INFO transport/p2p.cc:449 Cuda Alloc Size 6291456 pointer 0x14b77ac00000
x3004c0s1b1n0:11225:12207 [2] NCCL INFO Connection to proxy localRank 2 -> connection 0x153694000e80
x3004c0s1b1n0:11225:12366 [2] NCCL INFO transport/p2p.cc:449 Cuda Alloc Size 6291456 pointer 0x15368e000000
x3004c0s1b1n0:11222:12365 [1] NCCL INFO transport/net_ib.cc:683 Ib Alloc Size 21688 pointer 0x14724809f000
x3004c0s1b1n0:11222:12365 [1] NCCL INFO transport/net_ib.cc:696 Ib Alloc Size 552 pointer 0x1472480a6000
x3004c0s1b1n0:11222:12365 [1] NCCL INFO transport/net_ib.cc:771 Ib Alloc Size 552 pointer 0x1472480c1000
x3004c0s1b1n0:11222:12365 [1] NCCL INFO transport/net.cc:698 Cuda Host Alloc Size 9641984 pointer 0x147244000000
x3004c0s1b1n0:11230:12209 [3] NCCL INFO Channel 01/0 : 7[c7000] -> 6[85000] via P2P/IPC/read
x3004c0s1b1n0:11230:12369 [3] NCCL INFO New proxy send connection 9 from local rank 3, transport 0
x3004c0s1b1n0:11221:12360 [0] NCCL INFO New proxy recv connection 5 from local rank 0, transport 0
x3004c0s1b1n0:11225:12366 [2] NCCL INFO New proxy recv connection 9 from local rank 2, transport 0
x3004c0s1b1n0:11222:12208 [1] NCCL INFO Channel 00/0 : 5[46000] -> 4[7000] via P2P/IPC/read
x3004c0s1b1n0:11222:12365 [1] NCCL INFO New proxy send connection 4 from local rank 1, transport 0
x3004c0s1b1n0:11230:12209 [3] NCCL INFO Connection to proxy localRank 3 -> connection 0x148fc4000ec0
x3004c0s1b1n0:11230:12369 [3] NCCL INFO transport/p2p.cc:430 Cuda Alloc Size 6291456 pointer 0x148fbba00000
x3004c0s1b1n0:11230:12209 [3] NCCL INFO Channel 02/0 : 7[c7000] -> 6[85000] via P2P/IPC/read
x3004c0s1b1n0:11221:12204 [0] NCCL INFO Connection to proxy localRank 0 -> connection 0x14b77c000dc0
x3004c0s1b1n0:11221:12360 [0] NCCL INFO transport/p2p.cc:449 Cuda Alloc Size 6291456 pointer 0x14b77b200000
x3004c0s1b1n0:11225:12207 [2] NCCL INFO Connection to proxy localRank 2 -> connection 0x153694000ec0
x3004c0s1b1n0:11225:12366 [2] NCCL INFO transport/p2p.cc:449 Cuda Alloc Size 6291456 pointer 0x15368e600000
x3004c0s1b1n0:11222:12208 [1] NCCL INFO Connection to proxy localRank 1 -> connection 0x147248000d80
x3004c0s1b1n0:11222:12365 [1] NCCL INFO transport/p2p.cc:430 Cuda Alloc Size 6291456 pointer 0x147244a00000
x3004c0s1b1n0:11230:12369 [3] NCCL INFO New proxy send connection 10 from local rank 3, transport 0
x3004c0s1b1n0:11230:12209 [3] NCCL INFO Connection to proxy localRank 3 -> connection 0x148fc4000f00
x3004c0s1b1n0:11230:12369 [3] NCCL INFO transport/p2p.cc:430 Cuda Alloc Size 6291456 pointer 0x148fb8000000
x3004c0s1b1n0:11221:12360 [0] NCCL INFO New proxy recv connection 6 from local rank 0, transport 0
x3004c0s1b1n0:11225:12366 [2] NCCL INFO New proxy recv connection 10 from local rank 2, transport 0
x3004c0s1b1n0:11222:12208 [1] NCCL INFO Channel 01/0 : 5[46000] -> 4[7000] via P2P/IPC/read
x3004c0s1b1n0:11222:12365 [1] NCCL INFO New proxy send connection 5 from local rank 1, transport 0
x3004c0s1b1n0:11225:12207 [2] NCCL INFO Connection to proxy localRank 2 -> connection 0x153694000f00
x3004c0s1b1n0:11225:12366 [2] NCCL INFO transport/p2p.cc:449 Cuda Alloc Size 6291456 pointer 0x15368ec00000
x3004c0s1b1n0:11230:12209 [3] NCCL INFO Channel 03/0 : 7[c7000] -> 6[85000] via P2P/IPC/read
x3004c0s1b1n0:11230:12369 [3] NCCL INFO New proxy send connection 11 from local rank 3, transport 0
x3004c0s1b1n0:11222:12208 [1] NCCL INFO Connection to proxy localRank 1 -> connection 0x147248000dc0
x3004c0s1b1n0:11222:12365 [1] NCCL INFO transport/p2p.cc:430 Cuda Alloc Size 6291456 pointer 0x147245000000
x3004c0s1b1n0:11221:12204 [0] NCCL INFO Connection to proxy localRank 0 -> connection 0x14b77c000e00
x3004c0s1b1n0:11221:12360 [0] NCCL INFO transport/p2p.cc:449 Cuda Alloc Size 6291456 pointer 0x14b77b800000
x3004c0s1b1n0:11225:12366 [2] NCCL INFO New proxy recv connection 11 from local rank 2, transport 0
x3004c0s1b1n0:11230:12209 [3] NCCL INFO Connection to proxy localRank 3 -> connection 0x148fc4000f40
x3004c0s1b1n0:11230:12369 [3] NCCL INFO transport/p2p.cc:430 Cuda Alloc Size 6291456 pointer 0x148fb8600000
x3004c0s1b1n0:11221:12360 [0] NCCL INFO New proxy recv connection 7 from local rank 0, transport 0
x3004c0s1b1n0:11225:12207 [2] NCCL INFO Connection to proxy localRank 2 -> connection 0x153694000f40
x3004c0s1b1n0:11225:12366 [2] NCCL INFO transport/p2p.cc:449 Cuda Alloc Size 6291456 pointer 0x15368f200000
x3004c0s1b1n0:11222:12208 [1] NCCL INFO Channel 02/0 : 5[46000] -> 4[7000] via P2P/IPC/read
x3004c0s1b1n0:11222:12365 [1] NCCL INFO New proxy send connection 6 from local rank 1, transport 0
x3004c0s1b1n0:11221:12204 [0] NCCL INFO Connection to proxy localRank 0 -> connection 0x14b77c000e40
x3004c0s1b1n0:11221:12360 [0] NCCL INFO transport/p2p.cc:449 Cuda Alloc Size 6291456 pointer 0x14b778000000
x3004c0s1b1n0:11222:12208 [1] NCCL INFO Connection to proxy localRank 1 -> connection 0x147248000e00
x3004c0s1b1n0:11222:12365 [1] NCCL INFO transport/p2p.cc:430 Cuda Alloc Size 6291456 pointer 0x147245600000
x3004c0s1b1n0:11222:12208 [1] NCCL INFO Channel 03/0 : 5[46000] -> 4[7000] via P2P/IPC/read
x3004c0s1b1n0:11222:12365 [1] NCCL INFO New proxy send connection 7 from local rank 1, transport 0
x3004c0s1b1n0:11222:12208 [1] NCCL INFO Connection to proxy localRank 1 -> connection 0x147248000e40
x3004c0s1b1n0:11222:12365 [1] NCCL INFO transport/p2p.cc:430 Cuda Alloc Size 6291456 pointer 0x147257a00000
x3004c0s1b1n0:11222:12208 [1] NCCL INFO Connected all rings
x3004c0s1b1n0:11221:12204 [0] NCCL INFO Connected all rings
x3004c0s1b1n0:11221:12204 [0] NCCL INFO Channel 00/0 : 4[7000] -> 5[46000] via P2P/IPC/read
x3004c0s1b1n0:11221:12360 [0] NCCL INFO New proxy send connection 8 from local rank 0, transport 0
x3004c0s1b1n0:11221:12204 [0] NCCL INFO Connection to proxy localRank 0 -> connection 0x14b77c000e80
x3004c0s1b1n0:11221:12360 [0] NCCL INFO transport/p2p.cc:430 Cuda Alloc Size 6291456 pointer 0x14b776000000
x3004c0s1b1n0:11221:12204 [0] NCCL INFO Channel 01/0 : 4[7000] -> 5[46000] via P2P/IPC/read
x3004c0s1b1n0:11221:12360 [0] NCCL INFO New proxy send connection 9 from local rank 0, transport 0
x3004c0s1b1n0:11222:12365 [1] NCCL INFO New proxy recv connection 8 from local rank 1, transport 0
x3004c0s1b1n0:11222:12208 [1] NCCL INFO Connection to proxy localRank 1 -> connection 0x147248000e80
x3004c0s1b1n0:11222:12365 [1] NCCL INFO transport/p2p.cc:449 Cuda Alloc Size 6291456 pointer 0x147243800000
x3004c0s1b1n0:11221:12204 [0] NCCL INFO Connection to proxy localRank 0 -> connection 0x14b77c000ec0
x3004c0s1b1n0:11221:12360 [0] NCCL INFO transport/p2p.cc:430 Cuda Alloc Size 6291456 pointer 0x14b776600000
x3004c0s1b1n0:11222:12365 [1] NCCL INFO New proxy recv connection 9 from local rank 1, transport 0
x3004c0s1b1n0:11222:12208 [1] NCCL INFO Connection to proxy localRank 1 -> connection 0x147248000ec0
x3004c0s1b1n0:11221:12204 [0] NCCL INFO Channel 02/0 : 4[7000] -> 5[46000] via P2P/IPC/read
x3004c0s1b1n0:11221:12360 [0] NCCL INFO New proxy send connection 10 from local rank 0, transport 0
x3004c0s1b1n0:11222:12365 [1] NCCL INFO transport/p2p.cc:449 Cuda Alloc Size 6291456 pointer 0x147240000000
x3004c0s1b1n0:11221:12204 [0] NCCL INFO Connection to proxy localRank 0 -> connection 0x14b77c000f00
x3004c0s1b1n0:11221:12360 [0] NCCL INFO transport/p2p.cc:430 Cuda Alloc Size 6291456 pointer 0x14b776c00000
x3004c0s1b1n0:11222:12365 [1] NCCL INFO New proxy recv connection 10 from local rank 1, transport 0
x3004c0s1b1n0:11221:12204 [0] NCCL INFO Channel 03/0 : 4[7000] -> 5[46000] via P2P/IPC/read
x3004c0s1b1n0:11221:12360 [0] NCCL INFO New proxy send connection 11 from local rank 0, transport 0
x3004c0s1b1n0:11221:12204 [0] NCCL INFO Connection to proxy localRank 0 -> connection 0x14b77c000f40
x3004c0s1b1n0:11221:12360 [0] NCCL INFO transport/p2p.cc:430 Cuda Alloc Size 6291456 pointer 0x14b777200000
x3004c0s1b1n0:11222:12208 [1] NCCL INFO Connection to proxy localRank 1 -> connection 0x147248000f00
x3004c0s1b1n0:11222:12365 [1] NCCL INFO transport/p2p.cc:449 Cuda Alloc Size 6291456 pointer 0x147240600000
x3004c0s1b1n0:11222:12365 [1] NCCL INFO New proxy recv connection 11 from local rank 1, transport 0
x3004c0s1b1n0:11222:12208 [1] NCCL INFO Connection to proxy localRank 1 -> connection 0x147248000f40
x3004c0s1b1n0:11222:12365 [1] NCCL INFO transport/p2p.cc:449 Cuda Alloc Size 6291456 pointer 0x147240c00000
x3004c0s1b1n0:11222:12208 [1] NCCL INFO Channel 00/0 : 5[46000] -> 6[85000] via P2P/IPC/read
x3004c0s1b1n0:11222:12365 [1] NCCL INFO New proxy send connection 12 from local rank 1, transport 0
x3004c0s1b1n0:11222:12208 [1] NCCL INFO Connection to proxy localRank 1 -> connection 0x147248000f80
x3004c0s1b1n0:11222:12365 [1] NCCL INFO transport/p2p.cc:430 Cuda Alloc Size 6291456 pointer 0x147241200000
x3004c0s1b1n0:11222:12208 [1] NCCL INFO Channel 01/0 : 5[46000] -> 6[85000] via P2P/IPC/read
x3004c0s1b1n0:11222:12365 [1] NCCL INFO New proxy send connection 13 from local rank 1, transport 0
x3004c0s1b1n0:11222:12208 [1] NCCL INFO Connection to proxy localRank 1 -> connection 0x147248000fc0
x3004c0s1b1n0:11222:12365 [1] NCCL INFO transport/p2p.cc:430 Cuda Alloc Size 6291456 pointer 0x147241800000
x3004c0s1b1n0:11222:12208 [1] NCCL INFO Channel 02/0 : 5[46000] -> 6[85000] via P2P/IPC/read
x3004c0s1b1n0:11222:12365 [1] NCCL INFO New proxy send connection 14 from local rank 1, transport 0
x3004c0s1b1n0:11222:12208 [1] NCCL INFO Connection to proxy localRank 1 -> connection 0x147248001000
x3004c0s1b1n0:11222:12365 [1] NCCL INFO transport/p2p.cc:430 Cuda Alloc Size 6291456 pointer 0x14723e000000
x3004c0s1b1n0:11222:12208 [1] NCCL INFO Channel 03/0 : 5[46000] -> 6[85000] via P2P/IPC/read
x3004c0s1b1n0:11222:12365 [1] NCCL INFO New proxy send connection 15 from local rank 1, transport 0
x3004c0s1b1n0:11222:12208 [1] NCCL INFO Connection to proxy localRank 1 -> connection 0x147248001040
x3004c0s1b1n0:11222:12365 [1] NCCL INFO transport/p2p.cc:430 Cuda Alloc Size 6291456 pointer 0x14723e600000
x3004c0s1b1n0:11222:12365 [1] NCCL INFO New proxy recv connection 16 from local rank 1, transport 0
x3004c0s1b1n0:11225:12366 [2] NCCL INFO New proxy recv connection 12 from local rank 2, transport 0
x3004c0s1b1n0:11221:12204 [0] NCCL INFO GPU Direct RDMA Disabled for GPU 7000 / HCA 1 (distance 7 > 4)
x3004c0s1b1n0:11221:12360 [0] NCCL INFO Allocated 4194656 bytes of shared memory in /dev/shm/nccl-XEgysE

x3004c0s1b1n0:11221:12360 [0] NCCL INFO New proxy recv connection 12 from local rank 0, transport 2
x3004c0s1b1n0:11222:12208 [1] NCCL INFO Connection to proxy localRank 1 -> connection 0x147248001080
x3004c0s1b1n0:11222:12365 [1] NCCL INFO transport/p2p.cc:449 Cuda Alloc Size 6291456 pointer 0x14723a000000
x3004c0s1b1n0:11221:12204 [0] NCCL INFO Connection to proxy localRank 0 -> connection 0x14b77c000f80
x3004c0s1b1n0:11225:12207 [2] NCCL INFO Connection to proxy localRank 2 -> connection 0x153694000f80
x3004c0s1b1n0:11225:12366 [2] NCCL INFO transport/p2p.cc:449 Cuda Alloc Size 6291456 pointer 0x15368d200000
x3004c0s1b1n0:11222:12365 [1] NCCL INFO New proxy recv connection 17 from local rank 1, transport 0
x3004c0s1b1n0:11221:12204 [0] NCCL INFO Channel 02/0 : 0[7000] -> 4[7000] [receive] via NET/IB/1
x3004c0s1b1n0:11221:12204 [0] NCCL INFO GPU Direct RDMA Disabled for GPU 7000 / HCA 0 (distance 7 > 4)
x3004c0s1b1n0:11221:12360 [0] NCCL INFO New proxy recv connection 13 from local rank 0, transport 2
x3004c0s1b1n0:11225:12366 [2] NCCL INFO New proxy recv connection 13 from local rank 2, transport 0
x3004c0s1b1n0:11221:12204 [0] NCCL INFO Connection to proxy localRank 0 -> connection 0x14b77c000fc0
x3004c0s1b1n0:11222:12208 [1] NCCL INFO Connection to proxy localRank 1 -> connection 0x1472480010c0
x3004c0s1b1n0:11222:12365 [1] NCCL INFO transport/p2p.cc:449 Cuda Alloc Size 6291456 pointer 0x14723a600000
x3004c0s1b1n0:11225:12207 [2] NCCL INFO Connection to proxy localRank 2 -> connection 0x153694000fc0
x3004c0s1b1n0:11225:12366 [2] NCCL INFO transport/p2p.cc:449 Cuda Alloc Size 6291456 pointer 0x15368d800000
x3004c0s1b1n0:11222:12365 [1] NCCL INFO New proxy recv connection 18 from local rank 1, transport 0
x3004c0s1b1n0:11222:12208 [1] NCCL INFO Connection to proxy localRank 1 -> connection 0x147248001100
x3004c0s1b1n0:11222:12365 [1] NCCL INFO transport/p2p.cc:449 Cuda Alloc Size 6291456 pointer 0x14723ac00000
x3004c0s1b1n0:11225:12366 [2] NCCL INFO New proxy recv connection 14 from local rank 2, transport 0
x3004c0s1b1n0:11221:12204 [0] NCCL INFO Channel 03/0 : 0[7000] -> 4[7000] [receive] via NET/IB/0
x3004c0s1b1n0:11222:12365 [1] NCCL INFO New proxy recv connection 19 from local rank 1, transport 0
x3004c0s1b1n0:11225:12207 [2] NCCL INFO Connection to proxy localRank 2 -> connection 0x153694001000
x3004c0s1b1n0:11225:12366 [2] NCCL INFO transport/p2p.cc:449 Cuda Alloc Size 6291456 pointer 0x15368a000000
x3004c0s1b1n0:11222:12208 [1] NCCL INFO Connection to proxy localRank 1 -> connection 0x147248001140
x3004c0s1b1n0:11222:12365 [1] NCCL INFO transport/p2p.cc:449 Cuda Alloc Size 6291456 pointer 0x14723b200000
x3004c0s1b1n0:11225:12366 [2] NCCL INFO New proxy recv connection 15 from local rank 2, transport 0
x3004c0s1b1n0:11225:12207 [2] NCCL INFO Connection to proxy localRank 2 -> connection 0x153694001040
x3004c0s1b1n0:11225:12366 [2] NCCL INFO transport/p2p.cc:449 Cuda Alloc Size 6291456 pointer 0x15368a600000
x3004c0s1b1n0:11225:12207 [2] NCCL INFO Channel 00/0 : 6[85000] -> 5[46000] via P2P/IPC/read
x3004c0s1b1n0:11225:12366 [2] NCCL INFO New proxy send connection 16 from local rank 2, transport 0
x3004c0s1b1n0:11225:12207 [2] NCCL INFO Connection to proxy localRank 2 -> connection 0x153694001080
x3004c0s1b1n0:11225:12366 [2] NCCL INFO transport/p2p.cc:430 Cuda Alloc Size 6291456 pointer 0x15368ac00000
x3004c0s1b1n0:11225:12207 [2] NCCL INFO Channel 01/0 : 6[85000] -> 5[46000] via P2P/IPC/read
x3004c0s1b1n0:11225:12366 [2] NCCL INFO New proxy send connection 17 from local rank 2, transport 0
x3004c0s1b1n0:11225:12207 [2] NCCL INFO Connection to proxy localRank 2 -> connection 0x1536940010c0
x3004c0s1b1n0:11225:12366 [2] NCCL INFO transport/p2p.cc:430 Cuda Alloc Size 6291456 pointer 0x15368b200000
x3004c0s1b1n0:11225:12207 [2] NCCL INFO Channel 02/0 : 6[85000] -> 5[46000] via P2P/IPC/read
x3004c0s1b1n0:11225:12366 [2] NCCL INFO New proxy send connection 18 from local rank 2, transport 0
x3004c0s1b1n0:11225:12207 [2] NCCL INFO Connection to proxy localRank 2 -> connection 0x153694001100
x3004c0s1b1n0:11225:12366 [2] NCCL INFO transport/p2p.cc:430 Cuda Alloc Size 6291456 pointer 0x15368b800000
x3004c0s1b1n0:11221:12360 [0] NCCL INFO transport/net_ib.cc:683 Ib Alloc Size 21688 pointer 0x14b77c01c000
x3004c0s1b1n0:11225:12207 [2] NCCL INFO Channel 03/0 : 6[85000] -> 5[46000] via P2P/IPC/read
x3004c0s1b1n0:11225:12366 [2] NCCL INFO New proxy send connection 19 from local rank 2, transport 0
x3004c0s1b1n0:11225:12207 [2] NCCL INFO Connection to proxy localRank 2 -> connection 0x153694001140
x3004c0s1b1n0:11225:12366 [2] NCCL INFO transport/p2p.cc:430 Cuda Alloc Size 6291456 pointer 0x153688000000
x3004c0s1b1n0:11225:12207 [2] NCCL INFO Connected all trees by HAO
x3004c0s1b1n0:11225:12207 [2] NCCL INFO threadThresholds 8/8/64 | 160/8/64 | 512 | 512
x3004c0s1b1n0:11225:12207 [2] NCCL INFO 4 coll channels, 4 p2p channels, 2 p2p channels per peer
x3004c0s1b1n0:11230:12209 [3] NCCL INFO Connected all trees by HAO
x3004c0s1b1n0:11230:12209 [3] NCCL INFO threadThresholds 8/8/64 | 160/8/64 | 512 | 512
x3004c0s1b1n0:11230:12209 [3] NCCL INFO 4 coll channels, 4 p2p channels, 2 p2p channels per peer
x3004c0s1b1n0:11230:12369 [3] NCCL INFO New proxy send connection 12 from local rank 3, transport 2
x3004c0s1b1n0:11225:12366 [2] NCCL INFO Allocated 4194656 bytes of shared memory in /dev/shm/nccl-F3MsCX

x3004c0s1b1n0:11225:12366 [2] NCCL INFO New proxy send connection 20 from local rank 2, transport 2
x3004c0s1b1n0:11222:12208 [1] NCCL INFO Connected all trees by HAO
x3004c0s1b1n0:11222:12208 [1] NCCL INFO threadThresholds 8/8/64 | 160/8/64 | 512 | 512
x3004c0s1b1n0:11222:12208 [1] NCCL INFO 4 coll channels, 4 p2p channels, 2 p2p channels per peer
x3004c0s1b1n0:11222:12365 [1] NCCL INFO New proxy send connection 20 from local rank 1, transport 2
x3004c0s1b1n0:11221:12360 [0] NCCL INFO transport/net_ib.cc:696 Ib Alloc Size 552 pointer 0x14b77c023000
x3004c0s1b1n0:11230:12209 [3] NCCL INFO Connection to proxy localRank 3 -> connection 0x148fc4000f80
x3004c0s1b1n0:11230:12369 [3] NCCL INFO transport/net.cc:376 Cuda Alloc Size 8388608 pointer 0x148fb6600000
x3004c0s1b1n0:11221:12360 [0] NCCL INFO transport/net_ib.cc:771 Ib Alloc Size 552 pointer 0x14b77c04a000
x3004c0s1b1n0:11221:12360 [0] NCCL INFO transport/net.cc:698 Cuda Host Alloc Size 9641984 pointer 0x14b775200000
x3004c0s1b1n0:11221:12360 [0] NCCL INFO Mem Realloc old size 0, new size 768 pointer 0x14b77c03f4d0
x3004c0s1b1n0:11222:12208 [1] NCCL INFO Connection to proxy localRank 1 -> connection 0x147248001180
x3004c0s1b1n0:11222:12365 [1] NCCL INFO transport/net.cc:376 Cuda Alloc Size 8388608 pointer 0x147239200000
x3004c0s1b1n0:11225:12207 [2] NCCL INFO Connection to proxy localRank 2 -> connection 0x153694001180
x3004c0s1b1n0:11225:12366 [2] NCCL INFO transport/net.cc:376 Cuda Alloc Size 8388608 pointer 0x153687800000
x3004c0s1b1n0:11221:12360 [0] NCCL INFO transport/net_ib.cc:683 Ib Alloc Size 21688 pointer 0x14b77c04c000
x3004c0s1b1n0:11221:12360 [0] NCCL INFO transport/net_ib.cc:696 Ib Alloc Size 552 pointer 0x14b77c053000
x3004c0s1b1n0:11221:12360 [0] NCCL INFO transport/net_ib.cc:771 Ib Alloc Size 552 pointer 0x14b77c078000
x3004c0s1b1n0:11221:12360 [0] NCCL INFO transport/net.cc:698 Cuda Host Alloc Size 9641984 pointer 0x14b76e000000
x3004c0s1b1n0:11221:12360 [0] NCCL INFO Mem Realloc old size 0, new size 768 pointer 0x14b77c04b210
x3004c0s1b1n0:11221:12204 [0] NCCL INFO GPU Direct RDMA Disabled for GPU 7000 / HCA 1 (distance 7 > 4)
x3004c0s1b1n0:11221:12360 [0] NCCL INFO New proxy send connection 14 from local rank 0, transport 2
x3004c0s1b1n0:11221:12204 [0] NCCL INFO Connection to proxy localRank 0 -> connection 0x14b77c001000
x3004c0s1b1n0:11221:12204 [0] NCCL INFO Channel 00/0 : 4[7000] -> 9[46000] [send] via NET/IB/1
x3004c0s1b1n0:11221:12204 [0] NCCL INFO GPU Direct RDMA Disabled for GPU 7000 / HCA 0 (distance 7 > 4)
x3004c0s1b1n0:11221:12360 [0] NCCL INFO New proxy send connection 15 from local rank 0, transport 2
x3004c0s1b1n0:11221:12204 [0] NCCL INFO Connection to proxy localRank 0 -> connection 0x14b77c001040
x3004c0s1b1n0:11221:12204 [0] NCCL INFO Channel 01/0 : 4[7000] -> 9[46000] [send] via NET/IB/0
x3004c0s1b1n0:11221:12360 [0] NCCL INFO transport/net_ib.cc:596 Ib Alloc Size 26560 pointer 0x14b77c084000
x3004c0s1b1n0:11221:12360 [0] NCCL INFO NET/IB: Dev 1 Port 1 qpn 12384 mtu 5 GID 0 (80FE/EF0100FEFF000000)
x3004c0s1b1n0:11221:12360 [0] NCCL INFO transport/net_ib.cc:653 Ib Alloc Size 552 pointer 0x14b77c09b000
x3004c0s1b1n0:11221:12360 [0] NCCL INFO transport/net.cc:571 Cuda Host Alloc Size 9641984 pointer 0x14b76ea00000
x3004c0s1b1n0:11221:12360 [0] NCCL INFO transport/net_ib.cc:596 Ib Alloc Size 26560 pointer 0x14b77c09d000
x3004c0s1b1n0:11221:12360 [0] NCCL INFO NET/IB: Dev 0 Port 1 qpn 12316 mtu 5 GID 0 (80FE/AA0100FEFF000000)
x3004c0s1b1n0:11221:12360 [0] NCCL INFO transport/net_ib.cc:653 Ib Alloc Size 552 pointer 0x14b77c0b4000
x3004c0s1b1n0:11221:12360 [0] NCCL INFO transport/net.cc:571 Cuda Host Alloc Size 9641984 pointer 0x14b76f400000
x3004c0s1b1n0:11221:12204 [0] NCCL INFO GPU Direct RDMA Disabled for GPU 7000 / HCA 1 (distance 7 > 4)
x3004c0s1b1n0:11221:12360 [0] NCCL INFO New proxy recv connection 16 from local rank 0, transport 2
x3004c0s1b1n0:11221:12204 [0] NCCL INFO Connection to proxy localRank 0 -> connection 0x14b77c001080
x3004c0s1b1n0:11221:12204 [0] NCCL INFO Channel 00/0 : 9[46000] -> 4[7000] [receive] via NET/IB/1
x3004c0s1b1n0:11221:12204 [0] NCCL INFO GPU Direct RDMA Disabled for GPU 7000 / HCA 0 (distance 7 > 4)
x3004c0s1b1n0:11221:12360 [0] NCCL INFO New proxy recv connection 17 from local rank 0, transport 2
x3004c0s1b1n0:11221:12204 [0] NCCL INFO Connection to proxy localRank 0 -> connection 0x14b77c0010c0
x3004c0s1b1n0:11221:12204 [0] NCCL INFO Channel 01/0 : 9[46000] -> 4[7000] [receive] via NET/IB/0
x3004c0s1b1n0:11221:12360 [0] NCCL INFO transport/net_ib.cc:683 Ib Alloc Size 21688 pointer 0x14b77c0c0000
x3004c0s1b1n0:11221:12360 [0] NCCL INFO transport/net_ib.cc:696 Ib Alloc Size 552 pointer 0x14b77c0c7000
x3004c0s1b1n0:11221:12360 [0] NCCL INFO transport/net_ib.cc:771 Ib Alloc Size 552 pointer 0x14b77c0e2000
x3004c0s1b1n0:11221:12360 [0] NCCL INFO transport/net.cc:698 Cuda Host Alloc Size 9641984 pointer 0x14b76c000000
x3004c0s1b1n0:11221:12360 [0] NCCL INFO transport/net_ib.cc:683 Ib Alloc Size 21688 pointer 0x14b77c0e4000
x3004c0s1b1n0:11221:12360 [0] NCCL INFO transport/net_ib.cc:696 Ib Alloc Size 552 pointer 0x14b77c0eb000
x3004c0s1b1n0:11221:12360 [0] NCCL INFO transport/net_ib.cc:771 Ib Alloc Size 552 pointer 0x14b77c106000
x3004c0s1b1n0:11221:12360 [0] NCCL INFO transport/net.cc:698 Cuda Host Alloc Size 9641984 pointer 0x14b76ca00000
x3004c0s1b1n0:11221:12204 [0] NCCL INFO GPU Direct RDMA Disabled for GPU 7000 / HCA 1 (distance 7 > 4)
x3004c0s1b1n0:11221:12360 [0] NCCL INFO New proxy send connection 18 from local rank 0, transport 2
x3004c0s1b1n0:11221:12204 [0] NCCL INFO Connection to proxy localRank 0 -> connection 0x14b77c001100
x3004c0s1b1n0:11221:12204 [0] NCCL INFO Channel 02/0 : 4[7000] -> 0[7000] [send] via NET/IB/1
x3004c0s1b1n0:11221:12204 [0] NCCL INFO GPU Direct RDMA Disabled for GPU 7000 / HCA 0 (distance 7 > 4)
x3004c0s1b1n0:11221:12360 [0] NCCL INFO New proxy send connection 19 from local rank 0, transport 2
x3004c0s1b1n0:11221:12204 [0] NCCL INFO Connection to proxy localRank 0 -> connection 0x14b77c001140
x3004c0s1b1n0:11221:12204 [0] NCCL INFO Channel 03/0 : 4[7000] -> 0[7000] [send] via NET/IB/0
x3004c0s1b1n0:11221:12360 [0] NCCL INFO transport/net_ib.cc:596 Ib Alloc Size 26560 pointer 0x14b77c112000
x3004c0s1b1n0:11221:12360 [0] NCCL INFO NET/IB: Dev 1 Port 1 qpn 12387 mtu 5 GID 0 (80FE/EF0100FEFF000000)
x3004c0s1b1n0:11221:12360 [0] NCCL INFO transport/net_ib.cc:653 Ib Alloc Size 552 pointer 0x14b77c129000
x3004c0s1b1n0:11221:12360 [0] NCCL INFO transport/net.cc:571 Cuda Host Alloc Size 9641984 pointer 0x14b76d400000
x3004c0s1b1n0:11221:12360 [0] NCCL INFO transport/net_ib.cc:596 Ib Alloc Size 26560 pointer 0x14b77c12b000
x3004c0s1b1n0:11221:12360 [0] NCCL INFO NET/IB: Dev 0 Port 1 qpn 12319 mtu 5 GID 0 (80FE/AA0100FEFF000000)
x3004c0s1b1n0:11221:12360 [0] NCCL INFO transport/net_ib.cc:653 Ib Alloc Size 552 pointer 0x14b77c142000
x3004c0s1b1n0:11221:12360 [0] NCCL INFO transport/net.cc:571 Cuda Host Alloc Size 9641984 pointer 0x14b76a000000
x3004c0s1b1n0:11221:12204 [0] NCCL INFO Connected all trees by HAO
x3004c0s1b1n0:11221:12204 [0] NCCL INFO threadThresholds 8/8/64 | 160/8/64 | 512 | 512
x3004c0s1b1n0:11221:12204 [0] NCCL INFO 4 coll channels, 4 p2p channels, 2 p2p channels per peer
x3004c0s1b1n0:11221:12360 [0] NCCL INFO New proxy send connection 20 from local rank 0, transport 2
x3004c0s1b1n0:11221:12204 [0] NCCL INFO Connection to proxy localRank 0 -> connection 0x14b77c001180
x3004c0s1b1n0:11221:12204 [0] NCCL INFO init.cc:367 Cuda Alloc Size 5168 pointer 0x14b78b808800
x3004c0s1b1n0:11225:12207 [2] NCCL INFO init.cc:367 Cuda Alloc Size 5168 pointer 0x1536a1808800
x3004c0s1b1n0:11222:12208 [1] NCCL INFO init.cc:367 Cuda Alloc Size 5168 pointer 0x147257808800
x3004c0s1b1n0:11230:12209 [3] NCCL INFO init.cc:367 Cuda Alloc Size 5168 pointer 0x148fd1808800
x3004c0s1b1n0:11225:12207 [2] NCCL INFO init.cc:392 Cuda Host Alloc Size 33554432 pointer 0x15367e000000
x3004c0s1b1n0:11225:12207 [2] NCCL INFO init.cc:398 Cuda Host Alloc Size 128 pointer 0x1536a0e00200
x3004c0s1b1n0:11225:12207 [2] NCCL INFO comm 0x558fe62d5250 rank 6 nranks 20 cudaDev 2 busId 85000 - Init COMPLETE
x3004c0s1b1n0:11230:12209 [3] NCCL INFO init.cc:392 Cuda Host Alloc Size 33554432 pointer 0x148fb4000000
x3004c0s1b1n0:11230:12209 [3] NCCL INFO init.cc:398 Cuda Host Alloc Size 128 pointer 0x148fd0e00200
x3004c0s1b1n0:11230:12209 [3] NCCL INFO comm 0x5576cf67fac0 rank 7 nranks 20 cudaDev 3 busId c7000 - Init COMPLETE
x3004c0s1b1n0:11222:12208 [1] NCCL INFO init.cc:392 Cuda Host Alloc Size 33554432 pointer 0x147236000000
x3004c0s1b1n0:11222:12208 [1] NCCL INFO init.cc:398 Cuda Host Alloc Size 128 pointer 0x147256e00200
x3004c0s1b1n0:11222:12208 [1] NCCL INFO comm 0x55a3f03fdc80 rank 5 nranks 20 cudaDev 1 busId 46000 - Init COMPLETE
x3004c0s1b1n0:11221:12204 [0] NCCL INFO init.cc:392 Cuda Host Alloc Size 33554432 pointer 0x14b768000000
x3004c0s1b1n0:11221:12204 [0] NCCL INFO init.cc:398 Cuda Host Alloc Size 128 pointer 0x14b78ae00200
x3004c0s1b1n0:11221:12204 [0] NCCL INFO comm 0x55fe109483a0 rank 4 nranks 20 cudaDev 0 busId 7000 - Init COMPLETE
x3004c0s1b1n0:11221:12360 [0] NCCL INFO transport/net.cc:376 Cuda Alloc Size 8388608 pointer 0x14b76aa00000
x3004c0s1b1n0:11225:11225 [2] NCCL INFO AllReduce: opCount 0 sendbuff 0x1536df600200 recvbuff 0x1536df600200 count 1 datatype 1 op 0 root 0 comm 0x558fe62d5250 [nranks=20] stream 0x559001e323f0
x3004c0s1b1n0:11225:11225 [2] NCCL INFO misc/utils.cc:235 memory stack hunk malloc(65536)
[LYD INFO in ncclLaunchKernel (enqueue.cc)] NCHANNELS is: 4x3004c0s1b1n0:11221:11221 [0] NCCL INFO AllReduce: opCount 0 sendbuff 0x14b7cb600200 recvbuff 0x14b7cb600200 count 1 datatype 1 op 0 root 0 comm 0x55fe109483a0 [nranks=20] stream 0x55fe2e07cca0
x3004c0s1b1n0:11221:11221 [0] NCCL INFO misc/utils.cc:235 memory stack hunk malloc(65536)
[LYD INFO in ncclLaunchKernel (enqueue.cc)] NCHANNELS is: 4x3004c0s1b1n0:11222:11222 [1] NCCL INFO AllReduce: opCount 0 sendbuff 0x14729b600200 recvbuff 0x14729b600200 count 1 datatype 1 op 0 root 0 comm 0x55a3f03fdc80 [nranks=20] stream 0x55a409942170
x3004c0s1b1n0:11222:11222 [1] NCCL INFO misc/utils.cc:235 memory stack hunk malloc(65536)
[LYD INFO in ncclLaunchKernel (enqueue.cc)] NCHANNELS is: 4x3004c0s1b1n0:11230:11230 [3] NCCL INFO AllReduce: opCount 0 sendbuff 0x14900f600200 recvbuff 0x14900f600200 count 1 datatype 1 op 0 root 0 comm 0x5576cf67fac0 [nranks=20] stream 0x5576e9657bd0
x3004c0s1b1n0:11230:11230 [3] NCCL INFO misc/utils.cc:235 memory stack hunk malloc(65536)
[LYD INFO in ncclLaunchKernel (enqueue.cc)] NCHANNELS is: 4
[LYD INFO in NCCL_KERN_NAME (common.h)] 7 AllReduce TREE LL Sum uint8_t Elapsed time: 1084395 us

[LYD INFO in NCCL_KERN_NAME (common.h)] 5 AllReduce TREE LL Sum uint8_t Elapsed time: 1098999 us

[LYD INFO in NCCL_KERN_NAME (common.h)] 4 AllReduce TREE LL Sum uint8_t Elapsed time: 1117603 us

[LYD INFO in NCCL_KERN_NAME (common.h)] 6 AllReduce TREE LL Sum uint8_t Elapsed time: 1126729 us
x3004c0s1b1n0:11221:11221 [0] NCCL INFO AllReduce: opCount 1 sendbuff 0x14b7cb600000 recvbuff 0x14b7cb600000 count 1 datatype 1 op 0 root 0 comm 0x55fe109483a0 [nranks=20] stream 0x55fe2e07cca0
[LYD INFO in ncclLaunchKernel (enqueue.cc)] NCHANNELS is: 4x3004c0s1b1n0:11225:11225 [2] NCCL INFO AllReduce: opCount 1 sendbuff 0x1536df600000 recvbuff 0x1536df600000 count 1 datatype 1 op 0 root 0 comm 0x558fe62d5250 [nranks=20] stream 0x559001e323f0
[LYD INFO in ncclLaunchKernel (enqueue.cc)] NCHANNELS is: 4x3004c0s1b1n0:11230:11230 [3] NCCL INFO AllReduce: opCount 1 sendbuff 0x14900f600000 recvbuff 0x14900f600000 count 1 datatype 1 op 0 root 0 comm 0x5576cf67fac0 [nranks=20] stream 0x5576e9657bd0
[LYD INFO in ncclLaunchKernel (enqueue.cc)] NCHANNELS is: 4x3004c0s1b1n0:11222:11222 [1] NCCL INFO AllReduce: opCount 1 sendbuff 0x14729b600000 recvbuff 0x14729b600000 count 1 datatype 1 op 0 root 0 comm 0x55a3f03fdc80 [nranks=20] stream 0x55a409942170
[LYD INFO in ncclLaunchKernel (enqueue.cc)] NCHANNELS is: 4
[LYD INFO in NCCL_KERN_NAME (common.h)] 4 AllReduce TREE LL Sum uint8_t Elapsed time: 12820614 us

[LYD INFO in NCCL_KERN_NAME (common.h)] 6 AllReduce TREE LL Sum uint8_t Elapsed time: 11958774 us

[LYD INFO in NCCL_KERN_NAME (common.h)] 5 AllReduce TREE LL Sum uint8_t Elapsed time: 3377660 us

[LYD INFO in NCCL_KERN_NAME (common.h)] 7 AllReduce TREE LL Sum uint8_t Elapsed time: 4382736 us
x3004c0s1b1n0:11222:11222 [1] NCCL INFO AllReduce: opCount 2 sendbuff 0x14729b600000 recvbuff 0x14729b600000 count 1 datatype 8 op 3 root 0 comm 0x55a3f03fdc80 [nranks=20] stream 0x55a409942170
[LYD INFO in ncclLaunchKernel (enqueue.cc)] NCHANNELS is: 4x3004c0s1b1n0:11221:11221 [0] NCCL INFO AllReduce: opCount 2 sendbuff 0x14b7cb600000 recvbuff 0x14b7cb600000 count 1 datatype 8 op 3 root 0 comm 0x55fe109483a0 [nranks=20] stream 0x55fe2e07cca0
[LYD INFO in ncclLaunchKernel (enqueue.cc)] NCHANNELS is: 4x3004c0s1b1n0:11230:11230 [3] NCCL INFO AllReduce: opCount 2 sendbuff 0x14900f600000 recvbuff 0x14900f600000 count 1 datatype 8 op 3 root 0 comm 0x5576cf67fac0 [nranks=20] stream 0x5576e9657bd0
[LYD INFO in ncclLaunchKernel (enqueue.cc)] NCHANNELS is: 4x3004c0s1b1n0:11225:11225 [2] NCCL INFO AllReduce: opCount 2 sendbuff 0x1536df600000 recvbuff 0x1536df600000 count 1 datatype 8 op 3 root 0 comm 0x558fe62d5250 [nranks=20] stream 0x559001e323f0
[LYD INFO in ncclLaunchKernel (enqueue.cc)] NCHANNELS is: 4
[LYD INFO in NCCL_FUNC_NAME (common.h)] 5 AllReduce TREE LL Min double Elapsed time: 37794 us

[LYD INFO in NCCL_KERN_NAME (common.h)] 5 AllReduce TREE LL Sum double Elapsed time: 58921 us
x3004c0s1b1n0:11222:11222 [1] NCCL INFO AllReduce: opCount 3 sendbuff 0x14729b600200 recvbuff 0x14729b600200 count 1 datatype 1 op 0 root 0 comm 0x55a3f03fdc80 [nranks=20] stream 0x55a409942170
[LYD INFO in ncclLaunchKernel (enqueue.cc)] NCHANNELS is: 4
[LYD INFO in NCCL_FUNC_NAME (common.h)] 6 AllReduce TREE LL Min double Elapsed time: 6 us

[LYD INFO in NCCL_KERN_NAME (common.h)] 6 AllReduce TREE LL Sum double Elapsed time: 21141 us
x3004c0s1b1n0:11225:11225 [2] NCCL INFO AllReduce: opCount 3 sendbuff 0x1536df600200 recvbuff 0x1536df600200 count 1 datatype 1 op 0 root 0 comm 0x558fe62d5250 [nranks=20] stream 0x559001e323f0
[LYD INFO in ncclLaunchKernel (enqueue.cc)] NCHANNELS is: 4
[LYD INFO in NCCL_FUNC_NAME (common.h)] 7 AllReduce TREE LL Min double Elapsed time: 4 us

[LYD INFO in NCCL_KERN_NAME (common.h)] 7 AllReduce TREE LL Sum double Elapsed time: 25293 us
x3004c0s1b1n0:11230:11230 [3] NCCL INFO AllReduce: opCount 3 sendbuff 0x14900f600200 recvbuff 0x14900f600200 count 1 datatype 1 op 0 root 0 comm 0x5576cf67fac0 [nranks=20] stream 0x5576e9657bd0
[LYD INFO in ncclLaunchKernel (enqueue.cc)] NCHANNELS is: 4
[LYD INFO in NCCL_FUNC_NAME (common.h)] 4 AllReduce TREE LL Min double Elapsed time: 13750 us

[LYD INFO in NCCL_KERN_NAME (common.h)] 4 AllReduce TREE LL Sum double Elapsed time: 34795 us
x3004c0s1b1n0:11221:11221 [0] NCCL INFO AllReduce: opCount 3 sendbuff 0x14b7cb600200 recvbuff 0x14b7cb600200 count 1 datatype 1 op 0 root 0 comm 0x55fe109483a0 [nranks=20] stream 0x55fe2e07cca0
[LYD INFO in ncclLaunchKernel (enqueue.cc)] NCHANNELS is: 4
[LYD INFO in NCCL_KERN_NAME (common.h)] 7 AllReduce TREE LL Sum uint8_t Elapsed time: 40214 us

[LYD INFO in NCCL_KERN_NAME (common.h)] 4 AllReduce TREE LL Sum uint8_t Elapsed time: 30795 us

[LYD INFO in NCCL_KERN_NAME (common.h)] 6 AllReduce TREE LL Sum uint8_t Elapsed time: 49543 us

[LYD INFO in NCCL_KERN_NAME (common.h)] 5 AllReduce TREE LL Sum uint8_t Elapsed time: 53102 us
 > number of parameters on (tensor, pipeline) model parallel rank (0, 2): 78709760
 > number of parameters on (tensor, pipeline) model parallel rank (0, 3): 78709760
x3004c0s1b1n0:11225:11225 [2] NCCL INFO AllReduce: opCount 4 sendbuff 0x1536df600400 recvbuff 0x1536df600400 count 1 datatype 1 op 0 root 0 comm 0x558fe62d5250 [nranks=20] stream 0x559001e323f0
x3004c0s1b1n0:11221:11221 [0] NCCL INFO AllReduce: opCount 4 sendbuff 0x14b7cb600400 recvbuff 0x14b7cb600400 count 1 datatype 1 op 0 root 0 comm 0x55fe109483a0 [nranks=20] stream 0x55fe2e07cca0
[LYD INFO in ncclLaunchKernel (enqueue.cc)] NCHANNELS is: 4x3004c0s1b1n0:11230:11230 [3] NCCL INFO AllReduce: opCount 4 sendbuff 0x14900f600400 recvbuff 0x14900f600400 count 1 datatype 1 op 0 root 0 comm 0x5576cf67fac0 [nranks=20] stream 0x5576e9657bd0
[LYD INFO in ncclLaunchKernel (enqueue.cc)] NCHANNELS is: 4x3004c0s1b1n0:11222:11222 [1] NCCL INFO AllReduce: opCount 4 sendbuff 0x14729b600400 recvbuff 0x14729b600400 count 1 datatype 1 op 0 root 0 comm 0x55a3f03fdc80 [nranks=20] stream 0x55a409942170
[LYD INFO in ncclLaunchKernel (enqueue.cc)] NCHANNELS is: 4[LYD INFO in ncclLaunchKernel (enqueue.cc)] NCHANNELS is: 4
[LYD INFO in NCCL_KERN_NAME (common.h)] 6 AllReduce TREE LL Sum uint8_t Elapsed time: 3047516 us
x3004c0s1b1n0:11225:11225 [2] NCCL INFO AllReduce: opCount 5 sendbuff 0x1536df621000 recvbuff 0x1536df621000 count 1 datatype 1 op 0 root 0 comm 0x558fe62d5250 [nranks=20] stream 0x559001e323f0
[LYD INFO in ncclLaunchKernel (enqueue.cc)] NCHANNELS is: 4
[LYD INFO in NCCL_KERN_NAME (common.h)] 7 AllReduce TREE LL Sum uint8_t Elapsed time: 3081113 us
x3004c0s1b1n0:11230:11230 [3] NCCL INFO AllReduce: opCount 5 sendbuff 0x14900f621000 recvbuff 0x14900f621000 count 1 datatype 1 op 0 root 0 comm 0x5576cf67fac0 [nranks=20] stream 0x5576e9657bd0
[LYD INFO in ncclLaunchKernel (enqueue.cc)] NCHANNELS is: 4
[LYD INFO in NCCL_KERN_NAME (common.h)] 4 AllReduce TREE LL Sum uint8_t Elapsed time: 3077066 us
x3004c0s1b1n0:11221:11221 [0] NCCL INFO AllReduce: opCount 5 sendbuff 0x14b7cb621000 recvbuff 0x14b7cb621000 count 1 datatype 1 op 0 root 0 comm 0x55fe109483a0 [nranks=20] stream 0x55fe2e07cca0
[LYD INFO in ncclLaunchKernel (enqueue.cc)] NCHANNELS is: 4
[LYD INFO in NCCL_KERN_NAME (common.h)] 5 AllReduce TREE LL Sum uint8_t Elapsed time: 3070459 us
x3004c0s1b1n0:11222:11222 [1] NCCL INFO AllReduce: opCount 5 sendbuff 0x14729b621000 recvbuff 0x14729b621000 count 1 datatype 1 op 0 root 0 comm 0x55a3f03fdc80 [nranks=20] stream 0x55a409942170
[LYD INFO in ncclLaunchKernel (enqueue.cc)] NCHANNELS is: 4
[LYD INFO in NCCL_KERN_NAME (common.h)] 7 AllReduce TREE LL Sum uint8_t Elapsed time: 106713 us

[LYD INFO in NCCL_KERN_NAME (common.h)] 4 AllReduce TREE LL Sum uint8_t Elapsed time: 102361 us
x3004c0s1b1n0:11221:11221 [0] NCCL INFO AllReduce: opCount 6 sendbuff 0x14b7cb600400 recvbuff 0x14b7cb600400 count 1 datatype 1 op 0 root 0 comm 0x55fe109483a0 [nranks=20] stream 0x55fe2e07cca0
[LYD INFO in ncclLaunchKernel (enqueue.cc)] NCHANNELS is: 4x3004c0s1b1n0:11230:11230 [3] NCCL INFO AllReduce: opCount 6 sendbuff 0x14900f600400 recvbuff 0x14900f600400 count 1 datatype 1 op 0 root 0 comm 0x5576cf67fac0 [nranks=20] stream 0x5576e9657bd0
[LYD INFO in ncclLaunchKernel (enqueue.cc)] NCHANNELS is: 4
[LYD INFO in NCCL_KERN_NAME (common.h)] 5 AllReduce TREE LL Sum uint8_t Elapsed time: 96274 us
x3004c0s1b1n0:11222:11222 [1] NCCL INFO AllReduce: opCount 6 sendbuff 0x14729b600400 recvbuff 0x14729b600400 count 1 datatype 1 op 0 root 0 comm 0x55a3f03fdc80 [nranks=20] stream 0x55a409942170
[LYD INFO in ncclLaunchKernel (enqueue.cc)] NCHANNELS is: 4
[LYD INFO in NCCL_KERN_NAME (common.h)] 6 AllReduce TREE LL Sum uint8_t Elapsed time: 118736 us
x3004c0s1b1n0:11225:11225 [2] NCCL INFO AllReduce: opCount 6 sendbuff 0x1536df600400 recvbuff 0x1536df600400 count 1 datatype 1 op 0 root 0 comm 0x558fe62d5250 [nranks=20] stream 0x559001e323f0
[LYD INFO in ncclLaunchKernel (enqueue.cc)] NCHANNELS is: 4
[LYD INFO in NCCL_KERN_NAME (common.h)] 4 AllReduce TREE LL Sum uint8_t Elapsed time: 196419 us

[LYD INFO in NCCL_KERN_NAME (common.h)] 5 AllReduce TREE LL Sum uint8_t Elapsed time: 181111 us

[LYD INFO in NCCL_KERN_NAME (common.h)] 7 AllReduce TREE LL Sum uint8_t Elapsed time: 191469 us
NCCL version 2.14.3+cuda11.8
x3004c0s1b1n0:11221:11221 [0] NCCL INFO init.cc:1147 Cuda Host Alloc Size 4 pointer 0x14b78ae00400

[LYD INFO in NCCL_KERN_NAME (common.h)] 6 AllReduce TREE LL Sum uint8_t Elapsed time: 172281 us
NCCL version 2.14.3+cuda11.8
x3004c0s1b1n0:11225:11225 [2] NCCL INFO init.cc:1147 Cuda Host Alloc Size 4 pointer 0x1536a0e00400
x3004c0s1b1n0:11222:11222 [1] NCCL INFO init.cc:1147 Cuda Host Alloc Size 4 pointer 0x147256e00400
x3004c0s1b1n0:11230:11230 [3] NCCL INFO init.cc:1147 Cuda Host Alloc Size 4 pointer 0x148fd0e00400
x3004c0s1b1n0:11221:16407 [0] NCCL INFO Using network IB
x3004c0s1b1n0:11225:16409 [2] NCCL INFO Using network IB
x3004c0s1b1n0:11222:16410 [1] NCCL INFO Using network IB
x3004c0s1b1n0:11230:16414 [3] NCCL INFO Using network IB
x3004c0s1b1n0:11225:16409 [2] NCCL INFO NET/IB : GPU Direct RDMA Enabled for HCA 0 'mlx5_0'
x3004c0s1b1n0:11225:16409 [2] NCCL INFO NET/IB : GPU Direct RDMA Enabled for HCA 1 'mlx5_1'
x3004c0s1b1n0:11225:16409 [2] NCCL INFO GPU Direct RDMA Disabled for GPU 85000 / HCA 0 (distance 7 > 4)
x3004c0s1b1n0:11225:16409 [2] NCCL INFO GPU Direct RDMA Disabled for GPU c7000 / HCA 0 (distance 6 > 4)
x3004c0s1b1n0:11225:16409 [2] NCCL INFO GPU Direct RDMA Disabled for GPU 85000 / HCA 1 (distance 7 > 4)
x3004c0s1b1n0:11225:16409 [2] NCCL INFO GPU Direct RDMA Disabled for GPU c7000 / HCA 1 (distance 7 > 4)
x3004c0s1b1n0:11225:16409 [2] NCCL INFO === System : maxBw 88.0 totalBw 88.0 ===
x3004c0s1b1n0:11225:16409 [2] NCCL INFO CPU/1 (1/2/-1)
x3004c0s1b1n0:11225:16409 [2] NCCL INFO + SYS[5000.0] - CPU/0
x3004c0s1b1n0:11225:16409 [2] NCCL INFO + SYS[5000.0] - CPU/2
x3004c0s1b1n0:11225:16409 [2] NCCL INFO + PCI[24.0] - PCI/83000 (11f8406811f8beef)
x3004c0s1b1n0:11225:16409 [2] NCCL INFO               + PCI[24.0] - GPU/85000 (0)
x3004c0s1b1n0:11225:16409 [2] NCCL INFO                             + NVL[88.0] - GPU/C7000
x3004c0s1b1n0:11225:16409 [2] NCCL INFO CPU/0 (1/2/-1)
x3004c0s1b1n0:11225:16409 [2] NCCL INFO + SYS[5000.0] - CPU/1
x3004c0s1b1n0:11225:16409 [2] NCCL INFO + SYS[5000.0] - CPU/2
x3004c0s1b1n0:11225:16409 [2] NCCL INFO + PCI[24.0] - PCI/C5000 (11f8406811f8beef)
x3004c0s1b1n0:11225:16409 [2] NCCL INFO               + PCI[24.0] - GPU/C7000 (1)
x3004c0s1b1n0:11225:16409 [2] NCCL INFO                             + NVL[88.0] - GPU/85000
x3004c0s1b1n0:11225:16409 [2] NCCL INFO + PCI[12.0] - NIC/C8000
x3004c0s1b1n0:11225:16409 [2] NCCL INFO CPU/2 (1/2/-1)
x3004c0s1b1n0:11225:16409 [2] NCCL INFO + SYS[5000.0] - CPU/1
x3004c0s1b1n0:11225:16409 [2] NCCL INFO + SYS[5000.0] - CPU/0
x3004c0s1b1n0:11225:16409 [2] NCCL INFO + PCI[12.0] - NIC/43000
x3004c0s1b1n0:11225:16409 [2] NCCL INFO ==========================================
x3004c0s1b1n0:11225:16409 [2] NCCL INFO GPU/85000 :GPU/85000 (0/5000.000000/LOC) GPU/C7000 (1/88.000000/NVL) CPU/1 (2/24.000000/PHB) CPU/0 (3/24.000000/SYS) CPU/2 (3/24.000000/SYS) 
x3004c0s1b1n0:11225:16409 [2] NCCL INFO GPU/C7000 :GPU/85000 (1/88.000000/NVL) GPU/C7000 (0/5000.000000/LOC) CPU/1 (3/24.000000/SYS) CPU/0 (2/24.000000/PHB) CPU/2 (3/24.000000/SYS) 
x3004c0s1b1n0:11225:16409 [2] NCCL INFO Pattern 4, crossNic 0, nChannels 4, bw 22.000000/22.000000, type NVL/PIX, sameChannels 1
x3004c0s1b1n0:11225:16409 [2] NCCL INFO  0 : GPU/0 GPU/1
x3004c0s1b1n0:11225:16409 [2] NCCL INFO  1 : GPU/0 GPU/1
x3004c0s1b1n0:11225:16409 [2] NCCL INFO  2 : GPU/0 GPU/1
x3004c0s1b1n0:11225:16409 [2] NCCL INFO  3 : GPU/0 GPU/1
x3004c0s1b1n0:11225:16409 [2] NCCL INFO Pattern 1, crossNic 0, nChannels 4, bw 22.000000/22.000000, type NVL/PIX, sameChannels 1
x3004c0s1b1n0:11225:16409 [2] NCCL INFO  0 : GPU/0 GPU/1
x3004c0s1b1n0:11225:16409 [2] NCCL INFO  1 : GPU/0 GPU/1
x3004c0s1b1n0:11225:16409 [2] NCCL INFO  2 : GPU/0 GPU/1
x3004c0s1b1n0:11225:16409 [2] NCCL INFO  3 : GPU/0 GPU/1
x3004c0s1b1n0:11225:16409 [2] NCCL INFO Pattern 3, crossNic 0, nChannels 4, bw 44.000000/44.000000, type NVL/PIX, sameChannels 0
x3004c0s1b1n0:11225:16409 [2] NCCL INFO  0 : GPU/0 GPU/1
x3004c0s1b1n0:11225:16409 [2] NCCL INFO  1 : GPU/0 GPU/1
x3004c0s1b1n0:11225:16409 [2] NCCL INFO  2 : GPU/1 GPU/0
x3004c0s1b1n0:11225:16409 [2] NCCL INFO  3 : GPU/1 GPU/0
x3004c0s1b1n0:11230:16414 [3] NCCL INFO NET/IB : GPU Direct RDMA Enabled for HCA 0 'mlx5_0'
x3004c0s1b1n0:11230:16414 [3] NCCL INFO NET/IB : GPU Direct RDMA Enabled for HCA 1 'mlx5_1'
x3004c0s1b1n0:11230:16414 [3] NCCL INFO GPU Direct RDMA Disabled for GPU 85000 / HCA 0 (distance 7 > 4)
x3004c0s1b1n0:11230:16414 [3] NCCL INFO GPU Direct RDMA Disabled for GPU c7000 / HCA 0 (distance 6 > 4)
x3004c0s1b1n0:11230:16414 [3] NCCL INFO GPU Direct RDMA Disabled for GPU 85000 / HCA 1 (distance 7 > 4)
x3004c0s1b1n0:11230:16414 [3] NCCL INFO GPU Direct RDMA Disabled for GPU c7000 / HCA 1 (distance 7 > 4)
x3004c0s1b1n0:11230:16414 [3] NCCL INFO === System : maxBw 88.0 totalBw 88.0 ===
x3004c0s1b1n0:11230:16414 [3] NCCL INFO CPU/1 (1/2/-1)
x3004c0s1b1n0:11230:16414 [3] NCCL INFO + SYS[5000.0] - CPU/0
x3004c0s1b1n0:11230:16414 [3] NCCL INFO + SYS[5000.0] - CPU/2
x3004c0s1b1n0:11230:16414 [3] NCCL INFO + PCI[24.0] - PCI/83000 (11f8406811f8beef)
x3004c0s1b1n0:11230:16414 [3] NCCL INFO               + PCI[24.0] - GPU/85000 (0)
x3004c0s1b1n0:11230:16414 [3] NCCL INFO                             + NVL[88.0] - GPU/C7000
x3004c0s1b1n0:11230:16414 [3] NCCL INFO CPU/0 (1/2/-1)
x3004c0s1b1n0:11230:16414 [3] NCCL INFO + SYS[5000.0] - CPU/1
x3004c0s1b1n0:11230:16414 [3] NCCL INFO + SYS[5000.0] - CPU/2
x3004c0s1b1n0:11230:16414 [3] NCCL INFO + PCI[24.0] - PCI/C5000 (11f8406811f8beef)
x3004c0s1b1n0:11230:16414 [3] NCCL INFO               + PCI[24.0] - GPU/C7000 (1)
x3004c0s1b1n0:11230:16414 [3] NCCL INFO                             + NVL[88.0] - GPU/85000
x3004c0s1b1n0:11230:16414 [3] NCCL INFO + PCI[12.0] - NIC/C8000
x3004c0s1b1n0:11230:16414 [3] NCCL INFO CPU/2 (1/2/-1)
x3004c0s1b1n0:11230:16414 [3] NCCL INFO + SYS[5000.0] - CPU/1
x3004c0s1b1n0:11230:16414 [3] NCCL INFO + SYS[5000.0] - CPU/0
x3004c0s1b1n0:11230:16414 [3] NCCL INFO + PCI[12.0] - NIC/43000
x3004c0s1b1n0:11230:16414 [3] NCCL INFO ==========================================
x3004c0s1b1n0:11230:16414 [3] NCCL INFO GPU/85000 :GPU/85000 (0/5000.000000/LOC) GPU/C7000 (1/88.000000/NVL) CPU/1 (2/24.000000/PHB) CPU/0 (3/24.000000/SYS) CPU/2 (3/24.000000/SYS) 
x3004c0s1b1n0:11230:16414 [3] NCCL INFO GPU/C7000 :GPU/85000 (1/88.000000/NVL) GPU/C7000 (0/5000.000000/LOC) CPU/1 (3/24.000000/SYS) CPU/0 (2/24.000000/PHB) CPU/2 (3/24.000000/SYS) 
x3004c0s1b1n0:11230:16414 [3] NCCL INFO Setting affinity for GPU 3 to 01
x3004c0s1b1n0:11230:16414 [3] NCCL INFO Pattern 4, crossNic 0, nChannels 4, bw 22.000000/22.000000, type NVL/PIX, sameChannels 1
x3004c0s1b1n0:11230:16414 [3] NCCL INFO  0 : GPU/0 GPU/1
x3004c0s1b1n0:11230:16414 [3] NCCL INFO  1 : GPU/0 GPU/1
x3004c0s1b1n0:11230:16414 [3] NCCL INFO  2 : GPU/0 GPU/1
x3004c0s1b1n0:11230:16414 [3] NCCL INFO  3 : GPU/0 GPU/1
x3004c0s1b1n0:11230:16414 [3] NCCL INFO Pattern 1, crossNic 0, nChannels 4, bw 22.000000/22.000000, type NVL/PIX, sameChannels 1
x3004c0s1b1n0:11230:16414 [3] NCCL INFO  0 : GPU/0 GPU/1
x3004c0s1b1n0:11230:16414 [3] NCCL INFO  1 : GPU/0 GPU/1
x3004c0s1b1n0:11230:16414 [3] NCCL INFO  2 : GPU/0 GPU/1
x3004c0s1b1n0:11230:16414 [3] NCCL INFO  3 : GPU/0 GPU/1
x3004c0s1b1n0:11230:16414 [3] NCCL INFO Pattern 3, crossNic 0, nChannels 4, bw 44.000000/44.000000, type NVL/PIX, sameChannels 0
x3004c0s1b1n0:11230:16414 [3] NCCL INFO  0 : GPU/0 GPU/1
x3004c0s1b1n0:11230:16414 [3] NCCL INFO  1 : GPU/0 GPU/1
x3004c0s1b1n0:11230:16414 [3] NCCL INFO  2 : GPU/1 GPU/0
x3004c0s1b1n0:11230:16414 [3] NCCL INFO  3 : GPU/1 GPU/0
x3004c0s1b1n0:11230:16414 [3] NCCL INFO Tree 0 : 0 -> 1 -> -1/-1/-1
x3004c0s1b1n0:11230:16414 [3] NCCL INFO Tree 4 : 0 -> 1 -> -1/-1/-1
x3004c0s1b1n0:11230:16414 [3] NCCL INFO Tree 1 : 0 -> 1 -> -1/-1/-1
x3004c0s1b1n0:11230:16414 [3] NCCL INFO Tree 5 : 0 -> 1 -> -1/-1/-1
x3004c0s1b1n0:11230:16414 [3] NCCL INFO Tree 2 : 0 -> 1 -> -1/-1/-1
x3004c0s1b1n0:11230:16414 [3] NCCL INFO Tree 6 : 0 -> 1 -> -1/-1/-1
x3004c0s1b1n0:11230:16414 [3] NCCL INFO Tree 3 : 0 -> 1 -> -1/-1/-1
x3004c0s1b1n0:11230:16414 [3] NCCL INFO Tree 7 : 0 -> 1 -> -1/-1/-1
x3004c0s1b1n0:11230:16414 [3] NCCL INFO Ring 00 : 0 -> 1 -> 0
x3004c0s1b1n0:11230:16414 [3] NCCL INFO Ring 01 : 0 -> 1 -> 0
x3004c0s1b1n0:11230:16414 [3] NCCL INFO Ring 02 : 0 -> 1 -> 0
x3004c0s1b1n0:11230:16414 [3] NCCL INFO Ring 03 : 0 -> 1 -> 0
x3004c0s1b1n0:11230:16414 [3] NCCL INFO Ring 04 : 0 -> 1 -> 0
x3004c0s1b1n0:11230:16414 [3] NCCL INFO Ring 05 : 0 -> 1 -> 0
x3004c0s1b1n0:11230:16414 [3] NCCL INFO Ring 06 : 0 -> 1 -> 0
x3004c0s1b1n0:11230:16414 [3] NCCL INFO Ring 07 : 0 -> 1 -> 0
x3004c0s1b1n0:11230:16414 [3] NCCL INFO Trees [0] -1/-1/-1->1->0 [1] -1/-1/-1->1->0 [2] -1/-1/-1->1->0 [3] -1/-1/-1->1->0 [4] -1/-1/-1->1->0 [5] -1/-1/-1->1->0 [6] -1/-1/-1->1->0 [7] -1/-1/-1->1->0
x3004c0s1b1n0:11230:16414 [3] NCCL INFO misc/utils.cc:235 memory stack hunk malloc(65536)
x3004c0s1b1n0:11230:16414 [3] NCCL INFO channel.cc:23 Cuda Alloc Size 1152 pointer 0x148fd1809e00
x3004c0s1b1n0:11230:16414 [3] NCCL INFO channel.cc:27 Cuda Alloc Size 8 pointer 0x148fd180a400
x3004c0s1b1n0:11230:16414 [3] NCCL INFO channel.cc:23 Cuda Alloc Size 1152 pointer 0x148fd180a600
x3004c0s1b1n0:11230:16414 [3] NCCL INFO channel.cc:27 Cuda Alloc Size 8 pointer 0x148fd180ac00
x3004c0s1b1n0:11230:16414 [3] NCCL INFO channel.cc:23 Cuda Alloc Size 1152 pointer 0x148fd180ae00
x3004c0s1b1n0:11230:16414 [3] NCCL INFO channel.cc:27 Cuda Alloc Size 8 pointer 0x148fd180b400
x3004c0s1b1n0:11230:16414 [3] NCCL INFO channel.cc:23 Cuda Alloc Size 1152 pointer 0x148fd180b600
x3004c0s1b1n0:11230:16414 [3] NCCL INFO channel.cc:27 Cuda Alloc Size 8 pointer 0x148fd180bc00
x3004c0s1b1n0:11230:16414 [3] NCCL INFO channel.cc:23 Cuda Alloc Size 1152 pointer 0x148fd180be00
x3004c0s1b1n0:11230:16414 [3] NCCL INFO channel.cc:27 Cuda Alloc Size 8 pointer 0x148fd180c400
x3004c0s1b1n0:11230:16414 [3] NCCL INFO channel.cc:23 Cuda Alloc Size 1152 pointer 0x148fd180c600
x3004c0s1b1n0:11230:16414 [3] NCCL INFO channel.cc:27 Cuda Alloc Size 8 pointer 0x148fd180cc00
x3004c0s1b1n0:11230:16414 [3] NCCL INFO channel.cc:23 Cuda Alloc Size 1152 pointer 0x148fd180ce00
x3004c0s1b1n0:11230:16414 [3] NCCL INFO channel.cc:27 Cuda Alloc Size 8 pointer 0x148fd180d400
x3004c0s1b1n0:11230:16414 [3] NCCL INFO channel.cc:23 Cuda Alloc Size 1152 pointer 0x148fd180d600
x3004c0s1b1n0:11230:16414 [3] NCCL INFO channel.cc:27 Cuda Alloc Size 8 pointer 0x148fd180dc00
x3004c0s1b1n0:11225:16409 [2] NCCL INFO Tree 0 : -1 -> 0 -> 1/-1/-1
x3004c0s1b1n0:11225:16409 [2] NCCL INFO Tree 4 : -1 -> 0 -> 1/-1/-1
x3004c0s1b1n0:11225:16409 [2] NCCL INFO Tree 1 : -1 -> 0 -> 1/-1/-1
x3004c0s1b1n0:11225:16409 [2] NCCL INFO Tree 5 : -1 -> 0 -> 1/-1/-1
x3004c0s1b1n0:11225:16409 [2] NCCL INFO Tree 2 : -1 -> 0 -> 1/-1/-1
x3004c0s1b1n0:11225:16409 [2] NCCL INFO Tree 6 : -1 -> 0 -> 1/-1/-1
x3004c0s1b1n0:11225:16409 [2] NCCL INFO Tree 3 : -1 -> 0 -> 1/-1/-1
