x3006c0s31b1n0:716:4695 [0] NCCL INFO     AllReduce |     5.4/  10.7 |     6.9/  31.5 |    56.0/  40.5 |     4.5/  22.0 |    13.8/  80.0 |    15.2/  88.0 |     5.4/   0.0 |     5.4/   0.0 |    27.7/   0.0 |     4.4/   0.0 |     4.4/   0.0 |    16.0/   0.0 |
x3006c0s31b1n0:716:4695 [0] NCCL INFO threadThresholds 8/8/64 | 16/8/64 | 512 | 512
x3006c0s31b1n0:716:4695 [0] NCCL INFO 8 coll channels, 8 p2p channels, 8 p2p channels per peer
x3006c0s31b1n0:716:4737 [0] NCCL INFO Allocated 4194656 bytes of shared memory in /dev/shm/nccl-X80Xdn

x3006c0s31b1n0:716:4737 [0] NCCL INFO New proxy send connection 16 from local rank 0, transport 2
[Hao INFO in ncclAllReduce (all_reduce.cc)] rank 2 ncclAllReduce: count: 1, datatype: ncclInt64, message size: 8 Bytes
x3006c0s31b1n0:725:725 [2] NCCL INFO AllReduce: opCount 0 sendbuff 0x15062f600400 recvbuff 0x15062f600400 count 1 datatype 4 op 0 root 0 comm 0x55a18c30bf60 [nranks=2] stream 0x55a18936d650
x3006c0s31b1n0:725:725 [2] NCCL INFO misc/utils.cc:235 memory stack hunk malloc(65536)

[LYD INFO in ncclAllReduce (all_reduce.cc)] rank 0 AllReduce Time: 0.000047000 seconds

[LYD INFO in getAlgoInfo (enqueue.cc)] algorithm a is: 0

[LYD INFO in getAlgoInfo (enqueue.cc)] algorithm a is: 1

[LYD INFO in getAlgoInfo (enqueue.cc)] rank: 0, Duration between Point 1 and Point 2: 0.000014000 seconds

[LYD INFO in getAlgoInfo (enqueue.cc)] rank 0, Duration between Point 2 and Point 3: 0.000000000 seconds
[LYD INFO in getAlgoInfo (enqueue.cc)] out rank: 0
[LYD INFO in getAlgoInfo (enqueue.cc)] out coll: 4
[LYD INFO in getAlgoInfo (enqueue.cc)] out sendbuff address: 0x15062f600400
[LYD INFO in getAlgoInfo (enqueue.cc)] out recvbuff address: 0x15062f600400
[LYD INFO in getAlgoInfo (enqueue.cc)] out count: 1
[LYD INFO in getAlgoInfo (enqueue.cc)] out datatype: 4
[LYD INFO in getAlgoInfo (enqueue.cc)] out chunkSteps: 4
[LYD INFO in getAlgoInfo (enqueue.cc)] out sliceSteps: 2
[LYD INFO in getAlgoInfo (enqueue.cc)] out algorithm: 1
[LYD INFO in getAlgoInfo (enqueue.cc)] out protocol: 0
[LYD INFO in getAlgoInfo (enqueue.cc)] out nChannels: 1
[LYD INFO in getAlgoInfo (enqueue.cc)] out nThreads: 96
[LYD INFO in getAlgoInfo (enqueue.cc)] out nBytes: 8
[LYD INFO in getAlgoInfo (enqueue.cc)] out nstepsPerLoop: 0
[LYD INFO in getAlgoInfo (enqueue.cc)] out nchunksPerLoop: 0
[LYD INFO in getAlgoInfo (enqueue.cc)] out chunkSize: 0
[LYD INFO in ncclLaunchKernel (enqueue.cc)] NCHANNELS is: 8x3006c0s31b1n0:720:4696 [1] NCCL INFO Connection to proxy localRank 1 -> connection 0x14e2d4001080
x3006c0s31b1n0:720:4728 [1] NCCL INFO transport/net.cc:376 Cuda Alloc Size 16777216 pointer 0x14e2cec00000

[LYD INFO in NCCL_KERN_NAME (common.h)] 0 AllReduce RING LL Sum int64_t Elapsed time: 6 us

[LYD INFO in NCCL_KERN_NAME (common.h)] 1 AllReduce RING LL Sum int64_t Elapsed time: 30613 us
x3006c0s31b1n0:716:4695 [0] NCCL INFO Connection to proxy localRank 0 -> connection 0x150d50001130
x3006c0s31b1n0:716:4695 [0] NCCL INFO init.cc:367 Cuda Alloc Size 5168 pointer 0x150ddfa11400
x3006c0s31b1n0:720:4696 [1] NCCL INFO init.cc:367 Cuda Alloc Size 5168 pointer 0x14e38fe10400
x3006c0s31b1n0:720:4696 [1] NCCL INFO init.cc:392 Cuda Host Alloc Size 33554432 pointer 0x14e2c6000000
x3006c0s31b1n0:720:4696 [1] NCCL INFO init.cc:398 Cuda Host Alloc Size 128 pointer 0x14e38f400a00
x3006c0s31b1n0:720:4696 [1] NCCL INFO comm 0x55d49a5955e0 rank 1 nranks 2 cudaDev 1 busId 46000 - Init COMPLETE
x3006c0s31b1n0:716:4695 [0] NCCL INFO init.cc:392 Cuda Host Alloc Size 33554432 pointer 0x150d3a000000
x3006c0s31b1n0:716:4695 [0] NCCL INFO init.cc:398 Cuda Host Alloc Size 128 pointer 0x150ddf000a00
x3006c0s31b1n0:716:4695 [0] NCCL INFO comm 0x555d1d2c9a20 rank 0 nranks 2 cudaDev 0 busId 7000 - Init COMPLETE
x3006c0s31b1n0:716:4737 [0] NCCL INFO transport/net.cc:376 Cuda Alloc Size 16777216 pointer 0x150d38000000
x3006c0s31b1n0:720:720 [1] NCCL INFO AllReduce: opCount 0 sendbuff 0x14e38b000400 recvbuff 0x14e38b000400 count 1 datatype 4 op 0 root 0 comm 0x55d49a5955e0 [nranks=2] stream 0x55d498d04e80
x3006c0s31b1n0:720:720 [1] NCCL INFO misc/utils.cc:235 memory stack hunk malloc(65536)
[LYD INFO in ncclLaunchKernel (enqueue.cc)] NCHANNELS is: 8x3006c0s31b1n0:727:727 [3] NCCL INFO init.cc:1147 Cuda Host Alloc Size 4 pointer 0x148c97400800
x3006c0s31b1n0:720:720 [1] NCCL INFO init.cc:1147 Cuda Host Alloc Size 4 pointer 0x14e38f400c00
[Hao INFO in ncclAllReduce (all_reduce.cc)] rank 0 ncclAllReduce: count: 1, datatype: ncclInt64, message size: 8 Bytes
x3006c0s31b1n0:716:716 [0] NCCL INFO AllReduce: opCount 0 sendbuff 0x150e1f800400 recvbuff 0x150e1f800400 count 1 datatype 4 op 0 root 0 comm 0x555d1d2c9a20 [nranks=2] stream 0x555d1bcb2450
x3006c0s31b1n0:716:716 [0] NCCL INFO misc/utils.cc:235 memory stack hunk malloc(65536)

[LYD INFO in ncclAllReduce (all_reduce.cc)] rank 0 AllReduce Time: 0.000042000 seconds

[LYD INFO in getAlgoInfo (enqueue.cc)] algorithm a is: 0

[LYD INFO in getAlgoInfo (enqueue.cc)] algorithm a is: 1

[LYD INFO in getAlgoInfo (enqueue.cc)] rank: 0, Duration between Point 1 and Point 2: 0.000021000 seconds

[LYD INFO in getAlgoInfo (enqueue.cc)] rank 0, Duration between Point 2 and Point 3: 0.000001000 seconds
[LYD INFO in getAlgoInfo (enqueue.cc)] out rank: 0
[LYD INFO in getAlgoInfo (enqueue.cc)] out coll: 4
[LYD INFO in getAlgoInfo (enqueue.cc)] out sendbuff address: 0x150e1f800400
[LYD INFO in getAlgoInfo (enqueue.cc)] out recvbuff address: 0x150e1f800400
[LYD INFO in getAlgoInfo (enqueue.cc)] out count: 1
[LYD INFO in getAlgoInfo (enqueue.cc)] out datatype: 4
[LYD INFO in getAlgoInfo (enqueue.cc)] out chunkSteps: 4
[LYD INFO in getAlgoInfo (enqueue.cc)] out sliceSteps: 2
[LYD INFO in getAlgoInfo (enqueue.cc)] out algorithm: 1
[LYD INFO in getAlgoInfo (enqueue.cc)] out protocol: 0
[LYD INFO in getAlgoInfo (enqueue.cc)] out nChannels: 1
[LYD INFO in getAlgoInfo (enqueue.cc)] out nThreads: 96
[LYD INFO in getAlgoInfo (enqueue.cc)] out nBytes: 8
[LYD INFO in getAlgoInfo (enqueue.cc)] out nstepsPerLoop: 0
[LYD INFO in getAlgoInfo (enqueue.cc)] out nchunksPerLoop: 0
[LYD INFO in getAlgoInfo (enqueue.cc)] out chunkSize: 0
[LYD INFO in ncclLaunchKernel (enqueue.cc)] NCHANNELS is: 8x3006c0s31b1n0:725:725 [2] NCCL INFO init.cc:1147 Cuda Host Alloc Size 4 pointer 0x1505f0e00800
x3006c0s31b1n0:716:716 [0] NCCL INFO init.cc:1147 Cuda Host Alloc Size 4 pointer 0x150ddf000c00

[LYD INFO in NCCL_KERN_NAME (common.h)] 0 AllReduce RING LL Sum int64_t Elapsed time: 6 us

[LYD INFO in NCCL_KERN_NAME (common.h)] 1 AllReduce RING LL Sum int64_t Elapsed time: 28106 us
x3006c0s31b1n0:727:4878 [3] NCCL INFO Using network IB
x3006c0s31b1n0:720:4879 [1] NCCL INFO Using network IB
x3006c0s31b1n0:725:4881 [2] NCCL INFO Using network IB
x3006c0s31b1n0:716:4882 [0] NCCL INFO Using network IB
x3006c0s31b1n0:720:4879 [1] NCCL INFO NET/IB : GPU Direct RDMA Enabled for HCA 0 'mlx5_0'
x3006c0s31b1n0:720:4879 [1] NCCL INFO NET/IB : GPU Direct RDMA Enabled for HCA 1 'mlx5_1'
x3006c0s31b1n0:720:4879 [1] NCCL INFO GPU Direct RDMA Disabled for GPU 46000 / HCA 1 (distance 6 > 4)
x3006c0s31b1n0:720:4879 [1] NCCL INFO GPU Direct RDMA Disabled for GPU c7000 / HCA 1 (distance 7 > 4)
x3006c0s31b1n0:720:4879 [1] NCCL INFO GPU Direct RDMA Disabled for GPU 46000 / HCA 0 (distance 7 > 4)
x3006c0s31b1n0:720:4879 [1] NCCL INFO GPU Direct RDMA Disabled for GPU c7000 / HCA 0 (distance 6 > 4)
x3006c0s31b1n0:720:4879 [1] NCCL INFO GPU Direct RDMA Disabled for GPU 46000 / HCA 1 (distance 6 > 4)
x3006c0s31b1n0:720:4879 [1] NCCL INFO GPU Direct RDMA Disabled for GPU c7000 / HCA 1 (distance 7 > 4)
x3006c0s31b1n0:720:4879 [1] NCCL INFO GPU Direct RDMA Disabled for GPU 46000 / HCA 0 (distance 7 > 4)
x3006c0s31b1n0:720:4879 [1] NCCL INFO GPU Direct RDMA Disabled for GPU c7000 / HCA 0 (distance 6 > 4)
x3006c0s31b1n0:720:4879 [1] NCCL INFO === System : maxBw 12.0 totalBw 88.0 ===
x3006c0s31b1n0:720:4879 [1] NCCL INFO CPU/2 (1/2/-1)
x3006c0s31b1n0:720:4879 [1] NCCL INFO + SYS[5000.0] - CPU/0
x3006c0s31b1n0:720:4879 [1] NCCL INFO + PCI[24.0] - PCI/44000 (11f8406811f8beef)
x3006c0s31b1n0:720:4879 [1] NCCL INFO               + PCI[24.0] - GPU/46000 (0)
x3006c0s31b1n0:720:4879 [1] NCCL INFO                             + NVL[88.0] - GPU/C7000
x3006c0s31b1n0:720:4879 [1] NCCL INFO + PCI[12.0] - NIC/43000
x3006c0s31b1n0:720:4879 [1] NCCL INFO               + NET[12.5] - NET/1 (246b02ffffa4e988/1/12.500000)
x3006c0s31b1n0:720:4879 [1] NCCL INFO CPU/0 (1/2/-1)
x3006c0s31b1n0:720:4879 [1] NCCL INFO + SYS[5000.0] - CPU/2
x3006c0s31b1n0:720:4879 [1] NCCL INFO + PCI[24.0] - PCI/C5000 (11f8406811f8beef)
x3006c0s31b1n0:720:4879 [1] NCCL INFO               + PCI[24.0] - GPU/C7000 (1)
x3006c0s31b1n0:720:4879 [1] NCCL INFO                             + NVL[88.0] - GPU/46000
x3006c0s31b1n0:720:4879 [1] NCCL INFO + PCI[12.0] - NIC/C8000
x3006c0s31b1n0:720:4879 [1] NCCL INFO               + NET[12.5] - NET/0 (348604ffffa4e988/1/12.500000)
x3006c0s31b1n0:720:4879 [1] NCCL INFO ==========================================
x3006c0s31b1n0:720:4879 [1] NCCL INFO GPU/46000 :GPU/46000 (0/5000.000000/LOC) GPU/C7000 (1/88.000000/NVL) CPU/2 (2/24.000000/PHB) CPU/0 (3/24.000000/SYS) NET/1 (4/12.000000/PHB) NET/0 (5/12.000000/SYS) 
x3006c0s31b1n0:720:4879 [1] NCCL INFO GPU/C7000 :GPU/46000 (1/88.000000/NVL) GPU/C7000 (0/5000.000000/LOC) CPU/2 (3/24.000000/SYS) CPU/0 (2/24.000000/PHB) NET/1 (5/12.000000/SYS) NET/0 (4/12.000000/PHB) 
x3006c0s31b1n0:720:4879 [1] NCCL INFO NET/1 :GPU/46000 (4/12.000000/PHB) GPU/C7000 (5/12.000000/SYS) CPU/2 (2/12.000000/PHB) CPU/0 (3/12.000000/SYS) NET/1 (0/5000.000000/LOC) NET/0 (5/12.000000/SYS) 
x3006c0s31b1n0:720:4879 [1] NCCL INFO NET/0 :GPU/46000 (5/12.000000/SYS) GPU/C7000 (4/12.000000/PHB) CPU/2 (3/12.000000/SYS) CPU/0 (2/12.000000/PHB) NET/1 (5/12.000000/SYS) NET/0 (0/5000.000000/LOC) 
x3006c0s31b1n0:720:4879 [1] NCCL INFO Pattern 4, crossNic 0, nChannels 2, bw 12.000000/12.000000, type NVL/SYS, sameChannels 1
x3006c0s31b1n0:720:4879 [1] NCCL INFO  0 : NET/1 GPU/0 GPU/1 NET/1
x3006c0s31b1n0:720:4879 [1] NCCL INFO  1 : NET/0 GPU/0 GPU/1 NET/0
x3006c0s31b1n0:720:4879 [1] NCCL INFO Pattern 1, crossNic 0, nChannels 2, bw 24.000000/12.000000, type NVL/SYS, sameChannels 1
x3006c0s31b1n0:720:4879 [1] NCCL INFO  0 : NET/1 GPU/0 GPU/1 NET/1
x3006c0s31b1n0:720:4879 [1] NCCL INFO  1 : NET/0 GPU/0 GPU/1 NET/0
x3006c0s31b1n0:720:4879 [1] NCCL INFO Pattern 3, crossNic 0, nChannels 0, bw 0.000000/0.000000, type NVL/PIX, sameChannels 1
x3006c0s31b1n0:727:4878 [3] NCCL INFO NET/IB : GPU Direct RDMA Enabled for HCA 0 'mlx5_0'
x3006c0s31b1n0:727:4878 [3] NCCL INFO NET/IB : GPU Direct RDMA Enabled for HCA 1 'mlx5_1'
x3006c0s31b1n0:727:4878 [3] NCCL INFO GPU Direct RDMA Disabled for GPU 46000 / HCA 1 (distance 6 > 4)
x3006c0s31b1n0:727:4878 [3] NCCL INFO GPU Direct RDMA Disabled for GPU c7000 / HCA 1 (distance 7 > 4)
x3006c0s31b1n0:727:4878 [3] NCCL INFO GPU Direct RDMA Disabled for GPU 46000 / HCA 0 (distance 7 > 4)
x3006c0s31b1n0:727:4878 [3] NCCL INFO GPU Direct RDMA Disabled for GPU c7000 / HCA 0 (distance 6 > 4)
x3006c0s31b1n0:727:4878 [3] NCCL INFO GPU Direct RDMA Disabled for GPU 46000 / HCA 1 (distance 6 > 4)
x3006c0s31b1n0:727:4878 [3] NCCL INFO GPU Direct RDMA Disabled for GPU c7000 / HCA 1 (distance 7 > 4)
x3006c0s31b1n0:727:4878 [3] NCCL INFO GPU Direct RDMA Disabled for GPU 46000 / HCA 0 (distance 7 > 4)
x3006c0s31b1n0:727:4878 [3] NCCL INFO GPU Direct RDMA Disabled for GPU c7000 / HCA 0 (distance 6 > 4)
x3006c0s31b1n0:727:4878 [3] NCCL INFO === System : maxBw 12.0 totalBw 88.0 ===
x3006c0s31b1n0:727:4878 [3] NCCL INFO CPU/2 (1/2/-1)
x3006c0s31b1n0:727:4878 [3] NCCL INFO + SYS[5000.0] - CPU/0
x3006c0s31b1n0:727:4878 [3] NCCL INFO + PCI[24.0] - PCI/44000 (11f8406811f8beef)
x3006c0s31b1n0:727:4878 [3] NCCL INFO               + PCI[24.0] - GPU/46000 (0)
x3006c0s31b1n0:727:4878 [3] NCCL INFO                             + NVL[88.0] - GPU/C7000
x3006c0s31b1n0:727:4878 [3] NCCL INFO + PCI[12.0] - NIC/43000
x3006c0s31b1n0:727:4878 [3] NCCL INFO               + NET[12.5] - NET/1 (246b02ffffa4e988/1/12.500000)
x3006c0s31b1n0:727:4878 [3] NCCL INFO CPU/0 (1/2/-1)
x3006c0s31b1n0:727:4878 [3] NCCL INFO + SYS[5000.0] - CPU/2
x3006c0s31b1n0:727:4878 [3] NCCL INFO + PCI[24.0] - PCI/C5000 (11f8406811f8beef)
x3006c0s31b1n0:727:4878 [3] NCCL INFO               + PCI[24.0] - GPU/C7000 (1)
x3006c0s31b1n0:727:4878 [3] NCCL INFO                             + NVL[88.0] - GPU/46000
x3006c0s31b1n0:727:4878 [3] NCCL INFO + PCI[12.0] - NIC/C8000
x3006c0s31b1n0:727:4878 [3] NCCL INFO               + NET[12.5] - NET/0 (348604ffffa4e988/1/12.500000)
x3006c0s31b1n0:727:4878 [3] NCCL INFO ==========================================
x3006c0s31b1n0:727:4878 [3] NCCL INFO GPU/46000 :GPU/46000 (0/5000.000000/LOC) GPU/C7000 (1/88.000000/NVL) CPU/2 (2/24.000000/PHB) CPU/0 (3/24.000000/SYS) NET/1 (4/12.000000/PHB) NET/0 (5/12.000000/SYS) 
x3006c0s31b1n0:727:4878 [3] NCCL INFO GPU/C7000 :GPU/46000 (1/88.000000/NVL) GPU/C7000 (0/5000.000000/LOC) CPU/2 (3/24.000000/SYS) CPU/0 (2/24.000000/PHB) NET/1 (5/12.000000/SYS) NET/0 (4/12.000000/PHB) 
x3006c0s31b1n0:727:4878 [3] NCCL INFO NET/1 :GPU/46000 (4/12.000000/PHB) GPU/C7000 (5/12.000000/SYS) CPU/2 (2/12.000000/PHB) CPU/0 (3/12.000000/SYS) NET/1 (0/5000.000000/LOC) NET/0 (5/12.000000/SYS) 
x3006c0s31b1n0:727:4878 [3] NCCL INFO NET/0 :GPU/46000 (5/12.000000/SYS) GPU/C7000 (4/12.000000/PHB) CPU/2 (3/12.000000/SYS) CPU/0 (2/12.000000/PHB) NET/1 (5/12.000000/SYS) NET/0 (0/5000.000000/LOC) 
x3006c0s31b1n0:727:4878 [3] NCCL INFO Setting affinity for GPU 3 to 01
x3006c0s31b1n0:727:4878 [3] NCCL INFO Pattern 4, crossNic 0, nChannels 2, bw 12.000000/12.000000, type NVL/SYS, sameChannels 1
x3006c0s31b1n0:727:4878 [3] NCCL INFO  0 : NET/1 GPU/0 GPU/1 NET/1
x3006c0s31b1n0:727:4878 [3] NCCL INFO  1 : NET/0 GPU/0 GPU/1 NET/0
x3006c0s31b1n0:727:4878 [3] NCCL INFO Pattern 1, crossNic 0, nChannels 2, bw 24.000000/12.000000, type NVL/SYS, sameChannels 1
x3006c0s31b1n0:727:4878 [3] NCCL INFO  0 : NET/1 GPU/0 GPU/1 NET/1
x3006c0s31b1n0:727:4878 [3] NCCL INFO  1 : NET/0 GPU/0 GPU/1 NET/0
x3006c0s31b1n0:727:4878 [3] NCCL INFO Pattern 3, crossNic 0, nChannels 0, bw 0.000000/0.000000, type NVL/PIX, sameChannels 1
x3006c0s31b1n0:716:4882 [0] NCCL INFO NET/IB : GPU Direct RDMA Enabled for HCA 0 'mlx5_0'
x3006c0s31b1n0:716:4882 [0] NCCL INFO NET/IB : GPU Direct RDMA Enabled for HCA 1 'mlx5_1'
x3006c0s31b1n0:716:4882 [0] NCCL INFO GPU Direct RDMA Disabled for GPU 7000 / HCA 0 (distance 7 > 4)
x3006c0s31b1n0:716:4882 [0] NCCL INFO GPU Direct RDMA Disabled for GPU 85000 / HCA 0 (distance 7 > 4)
x3006c0s31b1n0:716:4882 [0] NCCL INFO GPU Direct RDMA Disabled for GPU 7000 / HCA 1 (distance 7 > 4)
x3006c0s31b1n0:716:4882 [0] NCCL INFO GPU Direct RDMA Disabled for GPU 85000 / HCA 1 (distance 7 > 4)
x3006c0s31b1n0:716:4882 [0] NCCL INFO GPU Direct RDMA Disabled for GPU 7000 / HCA 0 (distance 7 > 4)
x3006c0s31b1n0:716:4882 [0] NCCL INFO GPU Direct RDMA Disabled for GPU 85000 / HCA 0 (distance 7 > 4)
x3006c0s31b1n0:716:4882 [0] NCCL INFO GPU Direct RDMA Disabled for GPU 7000 / HCA 1 (distance 7 > 4)
x3006c0s31b1n0:716:4882 [0] NCCL INFO GPU Direct RDMA Disabled for GPU 85000 / HCA 1 (distance 7 > 4)
x3006c0s31b1n0:716:4882 [0] NCCL INFO === System : maxBw 12.0 totalBw 88.0 ===
x3006c0s31b1n0:716:4882 [0] NCCL INFO CPU/3 (1/2/-1)
x3006c0s31b1n0:716:4882 [0] NCCL INFO + SYS[5000.0] - CPU/1
x3006c0s31b1n0:716:4882 [0] NCCL INFO + SYS[5000.0] - CPU/0
x3006c0s31b1n0:716:4882 [0] NCCL INFO + SYS[5000.0] - CPU/2
x3006c0s31b1n0:716:4882 [0] NCCL INFO + PCI[24.0] - PCI/5000 (11f8406811f8beef)
x3006c0s31b1n0:716:4882 [0] NCCL INFO               + PCI[24.0] - GPU/7000 (0)
x3006c0s31b1n0:716:4882 [0] NCCL INFO                             + NVL[88.0] - GPU/85000
x3006c0s31b1n0:716:4882 [0] NCCL INFO CPU/1 (1/2/-1)
x3006c0s31b1n0:716:4882 [0] NCCL INFO + SYS[5000.0] - CPU/3
x3006c0s31b1n0:716:4882 [0] NCCL INFO + SYS[5000.0] - CPU/0
x3006c0s31b1n0:716:4882 [0] NCCL INFO + SYS[5000.0] - CPU/2
x3006c0s31b1n0:716:4882 [0] NCCL INFO + PCI[24.0] - PCI/83000 (11f8406811f8beef)
x3006c0s31b1n0:716:4882 [0] NCCL INFO               + PCI[24.0] - GPU/85000 (1)
x3006c0s31b1n0:716:4882 [0] NCCL INFO                             + NVL[88.0] - GPU/7000
x3006c0s31b1n0:716:4882 [0] NCCL INFO CPU/0 (1/2/-1)
x3006c0s31b1n0:716:4882 [0] NCCL INFO + SYS[5000.0] - CPU/3
x3006c0s31b1n0:716:4882 [0] NCCL INFO + SYS[5000.0] - CPU/1
x3006c0s31b1n0:716:4882 [0] NCCL INFO + SYS[5000.0] - CPU/2
x3006c0s31b1n0:716:4882 [0] NCCL INFO + PCI[12.0] - NIC/C8000
x3006c0s31b1n0:716:4882 [0] NCCL INFO               + NET[12.5] - NET/0 (348604ffffa4e988/1/12.500000)
x3006c0s31b1n0:716:4882 [0] NCCL INFO CPU/2 (1/2/-1)
x3006c0s31b1n0:716:4882 [0] NCCL INFO + SYS[5000.0] - CPU/3
x3006c0s31b1n0:716:4882 [0] NCCL INFO + SYS[5000.0] - CPU/1
x3006c0s31b1n0:716:4882 [0] NCCL INFO + SYS[5000.0] - CPU/0
x3006c0s31b1n0:716:4882 [0] NCCL INFO + PCI[12.0] - NIC/43000
x3006c0s31b1n0:716:4882 [0] NCCL INFO               + NET[12.5] - NET/1 (246b02ffffa4e988/1/12.500000)
x3006c0s31b1n0:716:4882 [0] NCCL INFO ==========================================
x3006c0s31b1n0:716:4882 [0] NCCL INFO GPU/7000 :GPU/7000 (0/5000.000000/LOC) GPU/85000 (1/88.000000/NVL) CPU/3 (2/24.000000/PHB) CPU/1 (3/24.000000/SYS) CPU/0 (3/24.000000/SYS) CPU/2 (3/24.000000/SYS) NET/0 (5/12.000000/SYS) NET/1 (5/12.000000/SYS) 
x3006c0s31b1n0:716:4882 [0] NCCL INFO GPU/85000 :GPU/7000 (1/88.000000/NVL) GPU/85000 (0/5000.000000/LOC) CPU/3 (3/24.000000/SYS) CPU/1 (2/24.000000/PHB) CPU/0 (3/24.000000/SYS) CPU/2 (3/24.000000/SYS) NET/0 (5/12.000000/SYS) NET/1 (5/12.000000/SYS) 
x3006c0s31b1n0:716:4882 [0] NCCL INFO NET/0 :GPU/7000 (5/12.000000/SYS) GPU/85000 (5/12.000000/SYS) CPU/3 (3/12.000000/SYS) CPU/1 (3/12.000000/SYS) CPU/0 (2/12.000000/PHB) CPU/2 (3/12.000000/SYS) NET/0 (0/5000.000000/LOC) NET/1 (5/12.000000/SYS) 
x3006c0s31b1n0:716:4882 [0] NCCL INFO NET/1 :GPU/7000 (5/12.000000/SYS) GPU/85000 (5/12.000000/SYS) CPU/3 (3/12.000000/SYS) CPU/1 (3/12.000000/SYS) CPU/0 (3/12.000000/SYS) CPU/2 (2/12.000000/PHB) NET/0 (5/12.000000/SYS) NET/1 (0/5000.000000/LOC) 
x3006c0s31b1n0:716:4882 [0] NCCL INFO Pattern 4, crossNic 0, nChannels 2, bw 12.000000/12.000000, type NVL/SYS, sameChannels 1
x3006c0s31b1n0:716:4882 [0] NCCL INFO  0 : NET/0 GPU/0 GPU/1 NET/0
x3006c0s31b1n0:716:4882 [0] NCCL INFO  1 : NET/1 GPU/0 GPU/1 NET/1
x3006c0s31b1n0:716:4882 [0] NCCL INFO Pattern 1, crossNic 0, nChannels 2, bw 24.000000/12.000000, type NVL/SYS, sameChannels 1
x3006c0s31b1n0:716:4882 [0] NCCL INFO  0 : NET/0 GPU/0 GPU/1 NET/0
x3006c0s31b1n0:716:4882 [0] NCCL INFO  1 : NET/1 GPU/0 GPU/1 NET/1
x3006c0s31b1n0:716:4882 [0] NCCL INFO Pattern 3, crossNic 0, nChannels 0, bw 0.000000/0.000000, type NVL/PIX, sameChannels 1
x3006c0s31b1n0:725:4881 [2] NCCL INFO NET/IB : GPU Direct RDMA Enabled for HCA 0 'mlx5_0'
x3006c0s31b1n0:725:4881 [2] NCCL INFO NET/IB : GPU Direct RDMA Enabled for HCA 1 'mlx5_1'
x3006c0s31b1n0:725:4881 [2] NCCL INFO GPU Direct RDMA Disabled for GPU 7000 / HCA 0 (distance 7 > 4)
x3006c0s31b1n0:725:4881 [2] NCCL INFO GPU Direct RDMA Disabled for GPU 85000 / HCA 0 (distance 7 > 4)
x3006c0s31b1n0:725:4881 [2] NCCL INFO GPU Direct RDMA Disabled for GPU 7000 / HCA 1 (distance 7 > 4)
x3006c0s31b1n0:725:4881 [2] NCCL INFO GPU Direct RDMA Disabled for GPU 85000 / HCA 1 (distance 7 > 4)
x3006c0s31b1n0:725:4881 [2] NCCL INFO GPU Direct RDMA Disabled for GPU 7000 / HCA 0 (distance 7 > 4)
x3006c0s31b1n0:725:4881 [2] NCCL INFO GPU Direct RDMA Disabled for GPU 85000 / HCA 0 (distance 7 > 4)
x3006c0s31b1n0:725:4881 [2] NCCL INFO GPU Direct RDMA Disabled for GPU 7000 / HCA 1 (distance 7 > 4)
x3006c0s31b1n0:725:4881 [2] NCCL INFO GPU Direct RDMA Disabled for GPU 85000 / HCA 1 (distance 7 > 4)
x3006c0s31b1n0:725:4881 [2] NCCL INFO === System : maxBw 12.0 totalBw 88.0 ===
x3006c0s31b1n0:725:4881 [2] NCCL INFO CPU/3 (1/2/-1)
x3006c0s31b1n0:725:4881 [2] NCCL INFO + SYS[5000.0] - CPU/1
x3006c0s31b1n0:725:4881 [2] NCCL INFO + SYS[5000.0] - CPU/0
x3006c0s31b1n0:725:4881 [2] NCCL INFO + SYS[5000.0] - CPU/2
x3006c0s31b1n0:725:4881 [2] NCCL INFO + PCI[24.0] - PCI/5000 (11f8406811f8beef)
x3006c0s31b1n0:725:4881 [2] NCCL INFO               + PCI[24.0] - GPU/7000 (0)
x3006c0s31b1n0:725:4881 [2] NCCL INFO                             + NVL[88.0] - GPU/85000
x3006c0s31b1n0:725:4881 [2] NCCL INFO CPU/1 (1/2/-1)
x3006c0s31b1n0:725:4881 [2] NCCL INFO + SYS[5000.0] - CPU/3
x3006c0s31b1n0:725:4881 [2] NCCL INFO + SYS[5000.0] - CPU/0
x3006c0s31b1n0:725:4881 [2] NCCL INFO + SYS[5000.0] - CPU/2
x3006c0s31b1n0:725:4881 [2] NCCL INFO + PCI[24.0] - PCI/83000 (11f8406811f8beef)
x3006c0s31b1n0:725:4881 [2] NCCL INFO               + PCI[24.0] - GPU/85000 (1)
x3006c0s31b1n0:725:4881 [2] NCCL INFO                             + NVL[88.0] - GPU/7000
x3006c0s31b1n0:725:4881 [2] NCCL INFO CPU/0 (1/2/-1)
x3006c0s31b1n0:725:4881 [2] NCCL INFO + SYS[5000.0] - CPU/3
x3006c0s31b1n0:725:4881 [2] NCCL INFO + SYS[5000.0] - CPU/1
x3006c0s31b1n0:725:4881 [2] NCCL INFO + SYS[5000.0] - CPU/2
x3006c0s31b1n0:725:4881 [2] NCCL INFO + PCI[12.0] - NIC/C8000
x3006c0s31b1n0:725:4881 [2] NCCL INFO               + NET[12.5] - NET/0 (348604ffffa4e988/1/12.500000)
x3006c0s31b1n0:725:4881 [2] NCCL INFO CPU/2 (1/2/-1)
x3006c0s31b1n0:725:4881 [2] NCCL INFO + SYS[5000.0] - CPU/3
x3006c0s31b1n0:725:4881 [2] NCCL INFO + SYS[5000.0] - CPU/1
x3006c0s31b1n0:725:4881 [2] NCCL INFO + SYS[5000.0] - CPU/0
x3006c0s31b1n0:725:4881 [2] NCCL INFO + PCI[12.0] - NIC/43000
x3006c0s31b1n0:725:4881 [2] NCCL INFO               + NET[12.5] - NET/1 (246b02ffffa4e988/1/12.500000)
x3006c0s31b1n0:725:4881 [2] NCCL INFO ==========================================
x3006c0s31b1n0:725:4881 [2] NCCL INFO GPU/7000 :GPU/7000 (0/5000.000000/LOC) GPU/85000 (1/88.000000/NVL) CPU/3 (2/24.000000/PHB) CPU/1 (3/24.000000/SYS) CPU/0 (3/24.000000/SYS) CPU/2 (3/24.000000/SYS) NET/0 (5/12.000000/SYS) NET/1 (5/12.000000/SYS) 
x3006c0s31b1n0:725:4881 [2] NCCL INFO GPU/85000 :GPU/7000 (1/88.000000/NVL) GPU/85000 (0/5000.000000/LOC) CPU/3 (3/24.000000/SYS) CPU/1 (2/24.000000/PHB) CPU/0 (3/24.000000/SYS) CPU/2 (3/24.000000/SYS) NET/0 (5/12.000000/SYS) NET/1 (5/12.000000/SYS) 
x3006c0s31b1n0:725:4881 [2] NCCL INFO NET/0 :GPU/7000 (5/12.000000/SYS) GPU/85000 (5/12.000000/SYS) CPU/3 (3/12.000000/SYS) CPU/1 (3/12.000000/SYS) CPU/0 (2/12.000000/PHB) CPU/2 (3/12.000000/SYS) NET/0 (0/5000.000000/LOC) NET/1 (5/12.000000/SYS) 
x3006c0s31b1n0:725:4881 [2] NCCL INFO NET/1 :GPU/7000 (5/12.000000/SYS) GPU/85000 (5/12.000000/SYS) CPU/3 (3/12.000000/SYS) CPU/1 (3/12.000000/SYS) CPU/0 (3/12.000000/SYS) CPU/2 (2/12.000000/PHB) NET/0 (5/12.000000/SYS) NET/1 (0/5000.000000/LOC) 
x3006c0s31b1n0:725:4881 [2] NCCL INFO Pattern 4, crossNic 0, nChannels 2, bw 12.000000/12.000000, type NVL/SYS, sameChannels 1
x3006c0s31b1n0:725:4881 [2] NCCL INFO  0 : NET/0 GPU/0 GPU/1 NET/0
x3006c0s31b1n0:725:4881 [2] NCCL INFO  1 : NET/1 GPU/0 GPU/1 NET/1
x3006c0s31b1n0:725:4881 [2] NCCL INFO Pattern 1, crossNic 0, nChannels 2, bw 24.000000/12.000000, type NVL/SYS, sameChannels 1
x3006c0s31b1n0:725:4881 [2] NCCL INFO  0 : NET/0 GPU/0 GPU/1 NET/0
x3006c0s31b1n0:725:4881 [2] NCCL INFO  1 : NET/1 GPU/0 GPU/1 NET/1
x3006c0s31b1n0:725:4881 [2] NCCL INFO Pattern 3, crossNic 0, nChannels 0, bw 0.000000/0.000000, type NVL/PIX, sameChannels 1
x3006c0s31b1n0:725:4881 [2] NCCL INFO Tree 0 : 0 -> 1 -> -1/-1/-1
x3006c0s31b1n0:725:4881 [2] NCCL INFO Tree 2 : 0 -> 1 -> 6/-1/-1
x3006c0s31b1n0:725:4881 [2] NCCL INFO Tree 1 : 0 -> 1 -> -1/-1/-1
x3006c0s31b1n0:725:4881 [2] NCCL INFO Tree 3 : 0 -> 1 -> 6/-1/-1
x3006c0s31b1n0:725:4881 [2] NCCL INFO Ring 00 : 0 -> 1 -> 2
x3006c0s31b1n0:725:4881 [2] NCCL INFO Ring 01 : 0 -> 1 -> 2
x3006c0s31b1n0:725:4881 [2] NCCL INFO Ring 02 : 0 -> 1 -> 2
x3006c0s31b1n0:725:4881 [2] NCCL INFO Ring 03 : 0 -> 1 -> 2
x3006c0s31b1n0:725:4881 [2] NCCL INFO Trees [0] -1/-1/-1->1->0 [1] -1/-1/-1->1->0 [2] 6/-1/-1->1->0 [3] 6/-1/-1->1->0
x3006c0s31b1n0:725:4881 [2] NCCL INFO misc/utils.cc:235 memory stack hunk malloc(65536)
x3006c0s31b1n0:725:4881 [2] NCCL INFO channel.cc:23 Cuda Alloc Size 4224 pointer 0x1505f180f400
x3006c0s31b1n0:725:4881 [2] NCCL INFO channel.cc:27 Cuda Alloc Size 40 pointer 0x1505f1810600
x3006c0s31b1n0:725:4881 [2] NCCL INFO channel.cc:23 Cuda Alloc Size 4224 pointer 0x1505f1810800
x3006c0s31b1n0:725:4881 [2] NCCL INFO channel.cc:27 Cuda Alloc Size 40 pointer 0x1505f1811a00
x3006c0s31b1n0:725:4881 [2] NCCL INFO channel.cc:23 Cuda Alloc Size 4224 pointer 0x1505f1811c00
x3006c0s31b1n0:725:4881 [2] NCCL INFO channel.cc:27 Cuda Alloc Size 40 pointer 0x1505f1812e00
x3006c0s31b1n0:725:4881 [2] NCCL INFO channel.cc:23 Cuda Alloc Size 4224 pointer 0x1505f1813000
x3006c0s31b1n0:725:4881 [2] NCCL INFO channel.cc:27 Cuda Alloc Size 40 pointer 0x1505f1814200
x3006c0s31b1n0:725:4944 [2] NCCL INFO Mem Realloc old size 0, new size 8 pointer 0x150578000c60
x3006c0s31b1n0:725:4944 [2] NCCL INFO New proxy recv connection 0 from local rank 1, transport 0
x3006c0s31b1n0:725:4881 [2] NCCL INFO Connection to proxy localRank 1 -> connection 0x150578000c80
x3006c0s31b1n0:725:4944 [2] NCCL INFO transport/p2p.cc:449 Cuda Alloc Size 6291456 pointer 0x15057e000000
x3006c0s31b1n0:725:4944 [2] NCCL INFO New proxy recv connection 1 from local rank 1, transport 0
x3006c0s31b1n0:725:4881 [2] NCCL INFO Connection to proxy localRank 1 -> connection 0x150578000cc0
x3006c0s31b1n0:725:4944 [2] NCCL INFO transport/p2p.cc:449 Cuda Alloc Size 6291456 pointer 0x15057e600000
x3006c0s31b1n0:720:4879 [1] NCCL INFO Tree 0 : -1 -> 0 -> 1/8/-1
x3006c0s31b1n0:720:4879 [1] NCCL INFO Tree 2 : 2 -> 0 -> 1/-1/-1
x3006c0s31b1n0:720:4879 [1] NCCL INFO Tree 1 : -1 -> 0 -> 1/8/-1
x3006c0s31b1n0:720:4879 [1] NCCL INFO Tree 3 : 2 -> 0 -> 1/-1/-1
x3006c0s31b1n0:720:4879 [1] NCCL INFO Channel 00/04 :    0   1   2   3   4   5   6   7   8   9
x3006c0s31b1n0:720:4879 [1] NCCL INFO Channel 01/04 :    0   1   2   3   4   5   6   7   8   9
x3006c0s31b1n0:720:4879 [1] NCCL INFO Channel 02/04 :    0   1   2   3   4   5   6   7   8   9
x3006c0s31b1n0:720:4879 [1] NCCL INFO Channel 03/04 :    0   1   2   3   4   5   6   7   8   9
x3006c0s31b1n0:720:4879 [1] NCCL INFO Ring 00 : 9 -> 0 -> 1
x3006c0s31b1n0:720:4879 [1] NCCL INFO Ring 01 : 9 -> 0 -> 1
x3006c0s31b1n0:720:4879 [1] NCCL INFO Ring 02 : 9 -> 0 -> 1
x3006c0s31b1n0:720:4879 [1] NCCL INFO Ring 03 : 9 -> 0 -> 1
x3006c0s31b1n0:720:4879 [1] NCCL INFO Trees [0] 1/8/-1->0->-1 [1] 1/8/-1->0->-1 [2] 1/-1/-1->0->2 [3] 1/-1/-1->0->2
x3006c0s31b1n0:720:4879 [1] NCCL INFO misc/utils.cc:235 memory stack hunk malloc(65536)
x3006c0s31b1n0:720:4879 [1] NCCL INFO channel.cc:23 Cuda Alloc Size 4224 pointer 0x14e38fe11a00
x3006c0s31b1n0:720:4879 [1] NCCL INFO channel.cc:27 Cuda Alloc Size 40 pointer 0x14e38fe12c00
x3006c0s31b1n0:720:4879 [1] NCCL INFO channel.cc:23 Cuda Alloc Size 4224 pointer 0x14e38fe12e00
x3006c0s31b1n0:720:4879 [1] NCCL INFO channel.cc:27 Cuda Alloc Size 40 pointer 0x14e38fe14000
x3006c0s31b1n0:720:4879 [1] NCCL INFO channel.cc:23 Cuda Alloc Size 4224 pointer 0x14e38fe14200
x3006c0s31b1n0:720:4879 [1] NCCL INFO channel.cc:27 Cuda Alloc Size 40 pointer 0x14e38fe15400
x3006c0s31b1n0:720:4879 [1] NCCL INFO channel.cc:23 Cuda Alloc Size 4224 pointer 0x14e38fe15600
x3006c0s31b1n0:720:4879 [1] NCCL INFO channel.cc:27 Cuda Alloc Size 40 pointer 0x14e38fe16800
x3006c0s31b1n0:720:4879 [1] NCCL INFO GPU Direct RDMA Disabled for GPU 46000 / HCA 1 (distance 6 > 4)
x3006c0s31b1n0:720:4941 [1] NCCL INFO Mem Realloc old size 0, new size 8 pointer 0x14e2b8000c60
x3006c0s31b1n0:720:4941 [1] NCCL INFO Allocated 4194656 bytes of shared memory in /dev/shm/nccl-616jQB

x3006c0s31b1n0:720:4941 [1] NCCL INFO New proxy recv connection 0 from local rank 0, transport 2
x3006c0s31b1n0:727:4878 [3] NCCL INFO Tree 0 : 0 -> 1 -> -1/-1/-1
x3006c0s31b1n0:727:4878 [3] NCCL INFO Tree 2 : 0 -> 1 -> 6/-1/-1
x3006c0s31b1n0:727:4878 [3] NCCL INFO Tree 1 : 0 -> 1 -> -1/-1/-1
x3006c0s31b1n0:727:4878 [3] NCCL INFO Tree 3 : 0 -> 1 -> 6/-1/-1
x3006c0s31b1n0:727:4878 [3] NCCL INFO Ring 00 : 0 -> 1 -> 2
x3006c0s31b1n0:727:4878 [3] NCCL INFO Ring 01 : 0 -> 1 -> 2
x3006c0s31b1n0:727:4878 [3] NCCL INFO Ring 02 : 0 -> 1 -> 2
x3006c0s31b1n0:727:4878 [3] NCCL INFO Ring 03 : 0 -> 1 -> 2
x3006c0s31b1n0:727:4878 [3] NCCL INFO Trees [0] -1/-1/-1->1->0 [1] -1/-1/-1->1->0 [2] 6/-1/-1->1->0 [3] 6/-1/-1->1->0
x3006c0s31b1n0:727:4878 [3] NCCL INFO misc/utils.cc:235 memory stack hunk malloc(65536)
x3006c0s31b1n0:727:4878 [3] NCCL INFO channel.cc:23 Cuda Alloc Size 4224 pointer 0x148c97e0f400
x3006c0s31b1n0:727:4878 [3] NCCL INFO channel.cc:27 Cuda Alloc Size 40 pointer 0x148c97e10600
x3006c0s31b1n0:727:4878 [3] NCCL INFO channel.cc:23 Cuda Alloc Size 4224 pointer 0x148c97e10800
x3006c0s31b1n0:727:4878 [3] NCCL INFO channel.cc:27 Cuda Alloc Size 40 pointer 0x148c97e11a00
x3006c0s31b1n0:727:4878 [3] NCCL INFO channel.cc:23 Cuda Alloc Size 4224 pointer 0x148c97e11c00
x3006c0s31b1n0:727:4878 [3] NCCL INFO channel.cc:27 Cuda Alloc Size 40 pointer 0x148c97e12e00
x3006c0s31b1n0:727:4878 [3] NCCL INFO channel.cc:23 Cuda Alloc Size 4224 pointer 0x148c97e13000
x3006c0s31b1n0:727:4878 [3] NCCL INFO channel.cc:27 Cuda Alloc Size 40 pointer 0x148c97e14200
x3006c0s31b1n0:720:4879 [1] NCCL INFO Connection to proxy localRank 0 -> connection 0x14e2b8000c80
x3006c0s31b1n0:716:4882 [0] NCCL INFO Tree 0 : -1 -> 0 -> 1/8/-1
x3006c0s31b1n0:716:4882 [0] NCCL INFO Tree 2 : 2 -> 0 -> 1/-1/-1
x3006c0s31b1n0:716:4882 [0] NCCL INFO Tree 1 : -1 -> 0 -> 1/8/-1
x3006c0s31b1n0:716:4882 [0] NCCL INFO Tree 3 : 2 -> 0 -> 1/-1/-1
x3006c0s31b1n0:716:4882 [0] NCCL INFO Channel 00/04 :    0   1   2   3   4   5   6   7   8   9
x3006c0s31b1n0:716:4882 [0] NCCL INFO Channel 01/04 :    0   1   2   3   4   5   6   7   8   9
x3006c0s31b1n0:716:4882 [0] NCCL INFO Channel 02/04 :    0   1   2   3   4   5   6   7   8   9
x3006c0s31b1n0:716:4882 [0] NCCL INFO Channel 03/04 :    0   1   2   3   4   5   6   7   8   9
x3006c0s31b1n0:716:4882 [0] NCCL INFO Ring 00 : 9 -> 0 -> 1
x3006c0s31b1n0:716:4882 [0] NCCL INFO Ring 01 : 9 -> 0 -> 1
x3006c0s31b1n0:716:4882 [0] NCCL INFO Ring 02 : 9 -> 0 -> 1
x3006c0s31b1n0:716:4882 [0] NCCL INFO Ring 03 : 9 -> 0 -> 1
x3006c0s31b1n0:716:4882 [0] NCCL INFO Trees [0] 1/8/-1->0->-1 [1] 1/8/-1->0->-1 [2] 1/-1/-1->0->2 [3] 1/-1/-1->0->2
x3006c0s31b1n0:716:4882 [0] NCCL INFO misc/utils.cc:235 memory stack hunk malloc(65536)
x3006c0s31b1n0:716:4882 [0] NCCL INFO channel.cc:23 Cuda Alloc Size 4224 pointer 0x150ddfa12a00
x3006c0s31b1n0:716:4882 [0] NCCL INFO channel.cc:27 Cuda Alloc Size 40 pointer 0x150ddfa13c00
x3006c0s31b1n0:716:4882 [0] NCCL INFO channel.cc:23 Cuda Alloc Size 4224 pointer 0x150ddfa13e00
x3006c0s31b1n0:716:4882 [0] NCCL INFO channel.cc:27 Cuda Alloc Size 40 pointer 0x150ddfa15000
x3006c0s31b1n0:716:4882 [0] NCCL INFO channel.cc:23 Cuda Alloc Size 4224 pointer 0x150ddfa15200
x3006c0s31b1n0:716:4882 [0] NCCL INFO channel.cc:27 Cuda Alloc Size 40 pointer 0x150ddfa16400
x3006c0s31b1n0:716:4882 [0] NCCL INFO channel.cc:23 Cuda Alloc Size 4224 pointer 0x150ddfa16600
x3006c0s31b1n0:716:4882 [0] NCCL INFO channel.cc:27 Cuda Alloc Size 40 pointer 0x150ddfa17800
x3006c0s31b1n0:716:4882 [0] NCCL INFO GPU Direct RDMA Disabled for GPU 7000 / HCA 0 (distance 7 > 4)
x3006c0s31b1n0:727:4942 [3] NCCL INFO Mem Realloc old size 0, new size 8 pointer 0x148c04000c60
x3006c0s31b1n0:727:4942 [3] NCCL INFO New proxy recv connection 0 from local rank 1, transport 0
x3006c0s31b1n0:727:4878 [3] NCCL INFO Connection to proxy localRank 1 -> connection 0x148c04000c80
x3006c0s31b1n0:727:4942 [3] NCCL INFO transport/p2p.cc:449 Cuda Alloc Size 6291456 pointer 0x148c15200000
x3006c0s31b1n0:716:4943 [0] NCCL INFO Mem Realloc old size 0, new size 8 pointer 0x150d34000c60
x3006c0s31b1n0:716:4943 [0] NCCL INFO Allocated 4194656 bytes of shared memory in /dev/shm/nccl-PcYuAk

x3006c0s31b1n0:716:4943 [0] NCCL INFO New proxy recv connection 0 from local rank 0, transport 2
x3006c0s31b1n0:725:4944 [2] NCCL INFO New proxy recv connection 2 from local rank 1, transport 0
x3006c0s31b1n0:720:4879 [1] NCCL INFO Channel 00/0 : 9[c7000] -> 0[46000] [receive] via NET/IB/1
x3006c0s31b1n0:720:4879 [1] NCCL INFO GPU Direct RDMA Disabled for GPU 46000 / HCA 0 (distance 7 > 4)
x3006c0s31b1n0:720:4941 [1] NCCL INFO New proxy recv connection 1 from local rank 0, transport 2
x3006c0s31b1n0:716:4882 [0] NCCL INFO Connection to proxy localRank 0 -> connection 0x150d34000c80
x3006c0s31b1n0:727:4942 [3] NCCL INFO New proxy recv connection 1 from local rank 1, transport 0
x3006c0s31b1n0:725:4881 [2] NCCL INFO Connection to proxy localRank 1 -> connection 0x150578000d00
x3006c0s31b1n0:725:4944 [2] NCCL INFO transport/p2p.cc:449 Cuda Alloc Size 6291456 pointer 0x15057ec00000
x3006c0s31b1n0:720:4879 [1] NCCL INFO Connection to proxy localRank 0 -> connection 0x14e2b8000cc0
x3006c0s31b1n0:727:4878 [3] NCCL INFO Connection to proxy localRank 1 -> connection 0x148c04000cc0
x3006c0s31b1n0:725:4944 [2] NCCL INFO New proxy recv connection 3 from local rank 1, transport 0
x3006c0s31b1n0:725:4881 [2] NCCL INFO Connection to proxy localRank 1 -> connection 0x150578000d40
x3006c0s31b1n0:727:4942 [3] NCCL INFO transport/p2p.cc:449 Cuda Alloc Size 6291456 pointer 0x148c15800000
x3006c0s31b1n0:716:4882 [0] NCCL INFO Channel 00/0 : 9[85000] -> 0[7000] [receive] via NET/IB/0
x3006c0s31b1n0:716:4882 [0] NCCL INFO GPU Direct RDMA Disabled for GPU 7000 / HCA 1 (distance 7 > 4)
x3006c0s31b1n0:716:4943 [0] NCCL INFO New proxy recv connection 1 from local rank 0, transport 2
x3006c0s31b1n0:725:4944 [2] NCCL INFO transport/p2p.cc:449 Cuda Alloc Size 6291456 pointer 0x15057f200000
x3006c0s31b1n0:720:4879 [1] NCCL INFO Channel 01/0 : 9[c7000] -> 0[46000] [receive] via NET/IB/0
x3006c0s31b1n0:720:4879 [1] NCCL INFO GPU Direct RDMA Disabled for GPU 46000 / HCA 1 (distance 6 > 4)
x3006c0s31b1n0:720:4941 [1] NCCL INFO New proxy recv connection 2 from local rank 0, transport 2
x3006c0s31b1n0:727:4942 [3] NCCL INFO New proxy recv connection 2 from local rank 1, transport 0
x3006c0s31b1n0:716:4882 [0] NCCL INFO Connection to proxy localRank 0 -> connection 0x150d34000cc0
x3006c0s31b1n0:720:4879 [1] NCCL INFO Connection to proxy localRank 0 -> connection 0x14e2b8000d00
x3006c0s31b1n0:725:4881 [2] NCCL INFO GPU Direct RDMA Disabled for GPU 85000 / HCA 0 (distance 7 > 4)
x3006c0s31b1n0:725:4944 [2] NCCL INFO Allocated 4194656 bytes of shared memory in /dev/shm/nccl-CGmOR1

x3006c0s31b1n0:725:4944 [2] NCCL INFO New proxy send connection 4 from local rank 1, transport 2
x3006c0s31b1n0:727:4878 [3] NCCL INFO Connection to proxy localRank 1 -> connection 0x148c04000d00
x3006c0s31b1n0:727:4942 [3] NCCL INFO transport/p2p.cc:449 Cuda Alloc Size 6291456 pointer 0x148c19800000
x3006c0s31b1n0:716:4882 [0] NCCL INFO Channel 01/0 : 9[85000] -> 0[7000] [receive] via NET/IB/1
x3006c0s31b1n0:716:4882 [0] NCCL INFO GPU Direct RDMA Disabled for GPU 7000 / HCA 0 (distance 7 > 4)
x3006c0s31b1n0:716:4943 [0] NCCL INFO New proxy recv connection 2 from local rank 0, transport 2
x3006c0s31b1n0:725:4881 [2] NCCL INFO Connection to proxy localRank 1 -> connection 0x150578000d80
x3006c0s31b1n0:725:4881 [2] NCCL INFO Channel 00/0 : 1[85000] -> 2[7000] [send] via NET/IB/0
x3006c0s31b1n0:725:4881 [2] NCCL INFO GPU Direct RDMA Disabled for GPU 85000 / HCA 1 (distance 7 > 4)
x3006c0s31b1n0:725:4944 [2] NCCL INFO New proxy send connection 5 from local rank 1, transport 2
x3006c0s31b1n0:716:4882 [0] NCCL INFO Connection to proxy localRank 0 -> connection 0x150d34000d00
x3006c0s31b1n0:727:4942 [3] NCCL INFO New proxy recv connection 3 from local rank 1, transport 0
x3006c0s31b1n0:720:4879 [1] NCCL INFO Channel 02/0 : 9[c7000] -> 0[46000] [receive] via NET/IB/1
x3006c0s31b1n0:720:4879 [1] NCCL INFO GPU Direct RDMA Disabled for GPU 46000 / HCA 0 (distance 7 > 4)
x3006c0s31b1n0:720:4941 [1] NCCL INFO New proxy recv connection 3 from local rank 0, transport 2
x3006c0s31b1n0:725:4881 [2] NCCL INFO Connection to proxy localRank 1 -> connection 0x150578000dc0
x3006c0s31b1n0:725:4881 [2] NCCL INFO Channel 01/0 : 1[85000] -> 2[7000] [send] via NET/IB/1
x3006c0s31b1n0:725:4881 [2] NCCL INFO GPU Direct RDMA Disabled for GPU 85000 / HCA 0 (distance 7 > 4)
x3006c0s31b1n0:725:4944 [2] NCCL INFO New proxy send connection 6 from local rank 1, transport 2
x3006c0s31b1n0:727:4878 [3] NCCL INFO Connection to proxy localRank 1 -> connection 0x148c04000d40
x3006c0s31b1n0:727:4942 [3] NCCL INFO transport/p2p.cc:449 Cuda Alloc Size 6291456 pointer 0x148c0a000000
x3006c0s31b1n0:720:4879 [1] NCCL INFO Connection to proxy localRank 0 -> connection 0x14e2b8000d40
x3006c0s31b1n0:716:4882 [0] NCCL INFO Channel 02/0 : 9[85000] -> 0[7000] [receive] via NET/IB/0
x3006c0s31b1n0:716:4882 [0] NCCL INFO GPU Direct RDMA Disabled for GPU 7000 / HCA 1 (distance 7 > 4)
x3006c0s31b1n0:716:4943 [0] NCCL INFO New proxy recv connection 3 from local rank 0, transport 2
x3006c0s31b1n0:727:4878 [3] NCCL INFO GPU Direct RDMA Disabled for GPU c7000 / HCA 1 (distance 7 > 4)
x3006c0s31b1n0:727:4942 [3] NCCL INFO Allocated 4194656 bytes of shared memory in /dev/shm/nccl-j5326b

x3006c0s31b1n0:727:4942 [3] NCCL INFO New proxy send connection 4 from local rank 1, transport 2
x3006c0s31b1n0:720:4879 [1] NCCL INFO Channel 03/0 : 9[c7000] -> 0[46000] [receive] via NET/IB/0
x3006c0s31b1n0:720:4879 [1] NCCL INFO Channel 00/0 : 0[46000] -> 1[c7000] via P2P/IPC/read
x3006c0s31b1n0:720:4941 [1] NCCL INFO New proxy send connection 4 from local rank 0, transport 0
x3006c0s31b1n0:725:4881 [2] NCCL INFO Connection to proxy localRank 1 -> connection 0x150578000e00
x3006c0s31b1n0:725:4881 [2] NCCL INFO Channel 02/0 : 1[85000] -> 2[7000] [send] via NET/IB/0
x3006c0s31b1n0:725:4881 [2] NCCL INFO GPU Direct RDMA Disabled for GPU 85000 / HCA 1 (distance 7 > 4)
x3006c0s31b1n0:725:4944 [2] NCCL INFO New proxy send connection 7 from local rank 1, transport 2
x3006c0s31b1n0:716:4882 [0] NCCL INFO Connection to proxy localRank 0 -> connection 0x150d34000d40
x3006c0s31b1n0:727:4878 [3] NCCL INFO Connection to proxy localRank 1 -> connection 0x148c04000d80
x3006c0s31b1n0:727:4878 [3] NCCL INFO Channel 00/0 : 1[c7000] -> 2[46000] [send] via NET/IB/1
x3006c0s31b1n0:727:4878 [3] NCCL INFO GPU Direct RDMA Disabled for GPU c7000 / HCA 0 (distance 6 > 4)
x3006c0s31b1n0:727:4942 [3] NCCL INFO New proxy send connection 5 from local rank 1, transport 2
x3006c0s31b1n0:720:4879 [1] NCCL INFO Connection to proxy localRank 0 -> connection 0x14e2b8000d80
x3006c0s31b1n0:720:4941 [1] NCCL INFO transport/p2p.cc:430 Cuda Alloc Size 6291456 pointer 0x14e2b6000000
x3006c0s31b1n0:725:4881 [2] NCCL INFO Connection to proxy localRank 1 -> connection 0x150578000e40
x3006c0s31b1n0:725:4881 [2] NCCL INFO Channel 03/0 : 1[85000] -> 2[7000] [send] via NET/IB/1
x3006c0s31b1n0:716:4882 [0] NCCL INFO Channel 03/0 : 9[85000] -> 0[7000] [receive] via NET/IB/1
x3006c0s31b1n0:716:4882 [0] NCCL INFO Channel 00/0 : 0[7000] -> 1[85000] via P2P/IPC/read
x3006c0s31b1n0:716:4943 [0] NCCL INFO New proxy send connection 4 from local rank 0, transport 0
x3006c0s31b1n0:727:4878 [3] NCCL INFO Connection to proxy localRank 1 -> connection 0x148c04000dc0
x3006c0s31b1n0:727:4878 [3] NCCL INFO Channel 01/0 : 1[c7000] -> 2[46000] [send] via NET/IB/0
x3006c0s31b1n0:727:4878 [3] NCCL INFO GPU Direct RDMA Disabled for GPU c7000 / HCA 1 (distance 7 > 4)
x3006c0s31b1n0:720:4879 [1] NCCL INFO Channel 01/0 : 0[46000] -> 1[c7000] via P2P/IPC/read
x3006c0s31b1n0:720:4941 [1] NCCL INFO New proxy send connection 5 from local rank 0, transport 0
x3006c0s31b1n0:727:4942 [3] NCCL INFO New proxy send connection 6 from local rank 1, transport 2
x3006c0s31b1n0:720:4879 [1] NCCL INFO Connection to proxy localRank 0 -> connection 0x14e2b8000dc0
x3006c0s31b1n0:720:4941 [1] NCCL INFO transport/p2p.cc:430 Cuda Alloc Size 6291456 pointer 0x14e2b6600000
x3006c0s31b1n0:720:4879 [1] NCCL INFO Channel 02/0 : 0[46000] -> 1[c7000] via P2P/IPC/read
x3006c0s31b1n0:720:4941 [1] NCCL INFO New proxy send connection 6 from local rank 0, transport 0
x3006c0s31b1n0:727:4878 [3] NCCL INFO Connection to proxy localRank 1 -> connection 0x148c04000e00
x3006c0s31b1n0:727:4878 [3] NCCL INFO Channel 02/0 : 1[c7000] -> 2[46000] [send] via NET/IB/1
x3006c0s31b1n0:727:4878 [3] NCCL INFO GPU Direct RDMA Disabled for GPU c7000 / HCA 0 (distance 6 > 4)
x3006c0s31b1n0:727:4942 [3] NCCL INFO New proxy send connection 7 from local rank 1, transport 2
x3006c0s31b1n0:716:4882 [0] NCCL INFO Connection to proxy localRank 0 -> connection 0x150d34000d80
x3006c0s31b1n0:716:4943 [0] NCCL INFO transport/p2p.cc:430 Cuda Alloc Size 6291456 pointer 0x150d39000000
x3006c0s31b1n0:727:4878 [3] NCCL INFO Connection to proxy localRank 1 -> connection 0x148c04000e40
x3006c0s31b1n0:727:4878 [3] NCCL INFO Channel 03/0 : 1[c7000] -> 2[46000] [send] via NET/IB/0
x3006c0s31b1n0:720:4879 [1] NCCL INFO Connection to proxy localRank 0 -> connection 0x14e2b8000e00
x3006c0s31b1n0:720:4941 [1] NCCL INFO transport/p2p.cc:430 Cuda Alloc Size 6291456 pointer 0x14e2b6c00000
x3006c0s31b1n0:716:4882 [0] NCCL INFO Channel 01/0 : 0[7000] -> 1[85000] via P2P/IPC/read
x3006c0s31b1n0:716:4943 [0] NCCL INFO New proxy send connection 5 from local rank 0, transport 0
x3006c0s31b1n0:720:4879 [1] NCCL INFO Channel 03/0 : 0[46000] -> 1[c7000] via P2P/IPC/read
x3006c0s31b1n0:720:4941 [1] NCCL INFO New proxy send connection 7 from local rank 0, transport 0
x3006c0s31b1n0:720:4879 [1] NCCL INFO Connection to proxy localRank 0 -> connection 0x14e2b8000e40
x3006c0s31b1n0:720:4941 [1] NCCL INFO transport/p2p.cc:430 Cuda Alloc Size 6291456 pointer 0x14e2b7200000
x3006c0s31b1n0:716:4882 [0] NCCL INFO Connection to proxy localRank 0 -> connection 0x150d34000dc0
x3006c0s31b1n0:716:4943 [0] NCCL INFO transport/p2p.cc:430 Cuda Alloc Size 6291456 pointer 0x150d39600000
x3006c0s31b1n0:716:4882 [0] NCCL INFO Channel 02/0 : 0[7000] -> 1[85000] via P2P/IPC/read
x3006c0s31b1n0:716:4943 [0] NCCL INFO New proxy send connection 6 from local rank 0, transport 0
x3006c0s31b1n0:716:4882 [0] NCCL INFO Connection to proxy localRank 0 -> connection 0x150d34000e00
x3006c0s31b1n0:716:4943 [0] NCCL INFO transport/p2p.cc:430 Cuda Alloc Size 6291456 pointer 0x150d43800000
x3006c0s31b1n0:720:4941 [1] NCCL INFO transport/net_ib.cc:683 Ib Alloc Size 21688 pointer 0x14e2b8020000
x3006c0s31b1n0:716:4882 [0] NCCL INFO Channel 03/0 : 0[7000] -> 1[85000] via P2P/IPC/read
x3006c0s31b1n0:716:4943 [0] NCCL INFO New proxy send connection 7 from local rank 0, transport 0
x3006c0s31b1n0:727:4942 [3] NCCL INFO transport/net_ib.cc:596 Ib Alloc Size 26560 pointer 0x148c04020000
x3006c0s31b1n0:727:4942 [3] NCCL INFO NET/IB: Dev 1 Port 1 qpn 3386 mtu 5 GID 0 (80FE/BC0800FEFF000000)
x3006c0s31b1n0:727:4942 [3] NCCL INFO transport/net_ib.cc:653 Ib Alloc Size 552 pointer 0x148c04038000
x3006c0s31b1n0:727:4942 [3] NCCL INFO transport/net.cc:571 Cuda Host Alloc Size 9641984 pointer 0x148c0a600000
x3006c0s31b1n0:727:4942 [3] NCCL INFO transport/net_ib.cc:596 Ib Alloc Size 26560 pointer 0x148c0403a000
x3006c0s31b1n0:727:4942 [3] NCCL INFO NET/IB: Dev 0 Port 1 qpn 4297 mtu 5 GID 0 (80FE/FD0800FEFF000000)
x3006c0s31b1n0:727:4942 [3] NCCL INFO transport/net_ib.cc:653 Ib Alloc Size 552 pointer 0x148c04051000
x3006c0s31b1n0:727:4942 [3] NCCL INFO transport/net.cc:571 Cuda Host Alloc Size 9641984 pointer 0x148c0b000000
x3006c0s31b1n0:716:4882 [0] NCCL INFO Connection to proxy localRank 0 -> connection 0x150d34000e40
x3006c0s31b1n0:716:4943 [0] NCCL INFO transport/p2p.cc:430 Cuda Alloc Size 6291456 pointer 0x150d2e000000
x3006c0s31b1n0:716:4943 [0] NCCL INFO transport/net_ib.cc:683 Ib Alloc Size 21688 pointer 0x150d34020000
x3006c0s31b1n0:716:4943 [0] NCCL INFO transport/net_ib.cc:696 Ib Alloc Size 552 pointer 0x150d34027000
x3006c0s31b1n0:716:4943 [0] NCCL INFO transport/net_ib.cc:771 Ib Alloc Size 552 pointer 0x150d34044000
x3006c0s31b1n0:716:4943 [0] NCCL INFO transport/net.cc:698 Cuda Host Alloc Size 9641984 pointer 0x150d26000000
x3006c0s31b1n0:725:4944 [2] NCCL INFO transport/net_ib.cc:596 Ib Alloc Size 26560 pointer 0x150578020000
x3006c0s31b1n0:725:4944 [2] NCCL INFO NET/IB: Dev 0 Port 1 qpn 4300 mtu 5 GID 0 (80FE/FD0800FEFF000000)
x3006c0s31b1n0:725:4944 [2] NCCL INFO transport/net_ib.cc:653 Ib Alloc Size 552 pointer 0x150578042000
x3006c0s31b1n0:725:4944 [2] NCCL INFO transport/net.cc:571 Cuda Host Alloc Size 9641984 pointer 0x150572000000
x3006c0s31b1n0:725:4944 [2] NCCL INFO Mem Realloc old size 0, new size 768 pointer 0x15057802f3c0
x3006c0s31b1n0:716:4943 [0] NCCL INFO transport/net_ib.cc:683 Ib Alloc Size 21688 pointer 0x150d34046000
x3006c0s31b1n0:716:4943 [0] NCCL INFO transport/net_ib.cc:696 Ib Alloc Size 552 pointer 0x150d3404d000
x3006c0s31b1n0:727:4942 [3] NCCL INFO transport/net_ib.cc:596 Ib Alloc Size 26560 pointer 0x148c04053000
x3006c0s31b1n0:727:4942 [3] NCCL INFO NET/IB: Dev 1 Port 1 qpn 3388 mtu 5 GID 0 (80FE/BC0800FEFF000000)
x3006c0s31b1n0:727:4942 [3] NCCL INFO transport/net_ib.cc:653 Ib Alloc Size 552 pointer 0x148c0406a000
x3006c0s31b1n0:716:4943 [0] NCCL INFO transport/net_ib.cc:771 Ib Alloc Size 552 pointer 0x150d34068000
x3006c0s31b1n0:716:4943 [0] NCCL INFO transport/net.cc:698 Cuda Host Alloc Size 9641984 pointer 0x150d26a00000
x3006c0s31b1n0:727:4942 [3] NCCL INFO transport/net.cc:571 Cuda Host Alloc Size 9641984 pointer 0x148bfe000000
x3006c0s31b1n0:725:4944 [2] NCCL INFO transport/net_ib.cc:596 Ib Alloc Size 26560 pointer 0x150578044000
x3006c0s31b1n0:725:4944 [2] NCCL INFO NET/IB: Dev 1 Port 1 qpn 3390 mtu 5 GID 0 (80FE/BC0800FEFF000000)
x3006c0s31b1n0:725:4944 [2] NCCL INFO transport/net_ib.cc:653 Ib Alloc Size 552 pointer 0x150578065000
x3006c0s31b1n0:725:4944 [2] NCCL INFO transport/net.cc:571 Cuda Host Alloc Size 9641984 pointer 0x150572a00000
x3006c0s31b1n0:725:4944 [2] NCCL INFO Mem Realloc old size 0, new size 768 pointer 0x1505780527a0
x3006c0s31b1n0:716:4943 [0] NCCL INFO transport/net_ib.cc:683 Ib Alloc Size 21688 pointer 0x150d3406a000
x3006c0s31b1n0:716:4943 [0] NCCL INFO transport/net_ib.cc:696 Ib Alloc Size 552 pointer 0x150d34071000
x3006c0s31b1n0:716:4943 [0] NCCL INFO transport/net_ib.cc:771 Ib Alloc Size 552 pointer 0x150d3408c000
x3006c0s31b1n0:716:4943 [0] NCCL INFO transport/net.cc:698 Cuda Host Alloc Size 9641984 pointer 0x150d27400000
x3006c0s31b1n0:727:4942 [3] NCCL INFO transport/net_ib.cc:596 Ib Alloc Size 26560 pointer 0x148c0406c000
x3006c0s31b1n0:727:4942 [3] NCCL INFO NET/IB: Dev 0 Port 1 qpn 4303 mtu 5 GID 0 (80FE/FD0800FEFF000000)
x3006c0s31b1n0:727:4942 [3] NCCL INFO transport/net_ib.cc:653 Ib Alloc Size 552 pointer 0x148c04083000
x3006c0s31b1n0:727:4942 [3] NCCL INFO transport/net.cc:571 Cuda Host Alloc Size 9641984 pointer 0x148bfea00000
x3006c0s31b1n0:716:4943 [0] NCCL INFO transport/net_ib.cc:683 Ib Alloc Size 21688 pointer 0x150d3408e000
x3006c0s31b1n0:716:4943 [0] NCCL INFO transport/net_ib.cc:696 Ib Alloc Size 552 pointer 0x150d34095000
x3006c0s31b1n0:725:4944 [2] NCCL INFO transport/net_ib.cc:596 Ib Alloc Size 26560 pointer 0x150578067000
x3006c0s31b1n0:725:4944 [2] NCCL INFO NET/IB: Dev 0 Port 1 qpn 4305 mtu 5 GID 0 (80FE/FD0800FEFF000000)
x3006c0s31b1n0:725:4944 [2] NCCL INFO transport/net_ib.cc:653 Ib Alloc Size 552 pointer 0x15057807e000
x3006c0s31b1n0:725:4944 [2] NCCL INFO transport/net.cc:571 Cuda Host Alloc Size 9641984 pointer 0x150573400000
x3006c0s31b1n0:720:4941 [1] NCCL INFO transport/net_ib.cc:696 Ib Alloc Size 552 pointer 0x14e2b8027000
x3006c0s31b1n0:727:4878 [3] NCCL INFO Connected all rings
x3006c0s31b1n0:727:4878 [3] NCCL INFO GPU Direct RDMA Disabled for GPU c7000 / HCA 1 (distance 7 > 4)
x3006c0s31b1n0:716:4943 [0] NCCL INFO transport/net_ib.cc:771 Ib Alloc Size 552 pointer 0x150d340b0000
x3006c0s31b1n0:716:4943 [0] NCCL INFO transport/net.cc:698 Cuda Host Alloc Size 9641984 pointer 0x150d24000000
x3006c0s31b1n0:727:4942 [3] NCCL INFO New proxy recv connection 8 from local rank 1, transport 2
x3006c0s31b1n0:716:4882 [0] NCCL INFO Connected all rings
x3006c0s31b1n0:716:4882 [0] NCCL INFO GPU Direct RDMA Disabled for GPU 7000 / HCA 0 (distance 7 > 4)
x3006c0s31b1n0:716:4943 [0] NCCL INFO New proxy recv connection 8 from local rank 0, transport 2
x3006c0s31b1n0:725:4944 [2] NCCL INFO transport/net_ib.cc:596 Ib Alloc Size 26560 pointer 0x150578080000
x3006c0s31b1n0:725:4944 [2] NCCL INFO NET/IB: Dev 1 Port 1 qpn 3394 mtu 5 GID 0 (80FE/BC0800FEFF000000)
x3006c0s31b1n0:725:4944 [2] NCCL INFO transport/net_ib.cc:653 Ib Alloc Size 552 pointer 0x150578097000
x3006c0s31b1n0:725:4944 [2] NCCL INFO transport/net.cc:571 Cuda Host Alloc Size 9641984 pointer 0x150570000000
x3006c0s31b1n0:720:4941 [1] NCCL INFO transport/net_ib.cc:771 Ib Alloc Size 552 pointer 0x14e2b8044000
x3006c0s31b1n0:720:4941 [1] NCCL INFO transport/net.cc:698 Cuda Host Alloc Size 9641984 pointer 0x14e2b5200000
x3006c0s31b1n0:727:4878 [3] NCCL INFO Connection to proxy localRank 1 -> connection 0x148c04000e80
x3006c0s31b1n0:716:4882 [0] NCCL INFO Connection to proxy localRank 0 -> connection 0x150d34000e80
x3006c0s31b1n0:725:4881 [2] NCCL INFO Connected all rings
x3006c0s31b1n0:725:4881 [2] NCCL INFO GPU Direct RDMA Disabled for GPU 85000 / HCA 0 (distance 7 > 4)
x3006c0s31b1n0:725:4944 [2] NCCL INFO New proxy recv connection 8 from local rank 1, transport 2
x3006c0s31b1n0:720:4941 [1] NCCL INFO transport/net_ib.cc:683 Ib Alloc Size 21688 pointer 0x14e2b8046000
x3006c0s31b1n0:720:4941 [1] NCCL INFO transport/net_ib.cc:696 Ib Alloc Size 552 pointer 0x14e2b804d000
x3006c0s31b1n0:716:4882 [0] NCCL INFO Channel 00/0 : 8[7000] -> 0[7000] [receive] via NET/IB/0
x3006c0s31b1n0:716:4882 [0] NCCL INFO GPU Direct RDMA Disabled for GPU 7000 / HCA 1 (distance 7 > 4)
x3006c0s31b1n0:720:4941 [1] NCCL INFO transport/net_ib.cc:771 Ib Alloc Size 552 pointer 0x14e2b8068000
x3006c0s31b1n0:720:4941 [1] NCCL INFO transport/net.cc:698 Cuda Host Alloc Size 9641984 pointer 0x14e2b2000000
x3006c0s31b1n0:716:4943 [0] NCCL INFO New proxy recv connection 9 from local rank 0, transport 2
