[LYD INFO in NCCL_KERN_NAME (common.h)] 2 AllReduce TREE LL Sum uint8_t Elapsed time: 6909215 us

[LYD INFO in NCCL_KERN_NAME (common.h)] 1 AllReduce TREE LL Sum uint8_t Elapsed time: 3045737 us
x3006c0s31b1n0:725:725 [2] NCCL INFO AllReduce: opCount 2 sendbuff 0x15062f600000 recvbuff 0x15062f600000 count 1 datatype 8 op 3 root 0 comm 0x55a16df6d200 [nranks=20] stream 0x55a18936d510
[LYD INFO in ncclLaunchKernel (enqueue.cc)] NCHANNELS is: 4[Hao INFO in ncclAllReduce (all_reduce.cc)] rank 0 ncclAllReduce: count: 1, datatype: ncclFloat64/ncclDouble, message size: 8 Bytes
x3006c0s31b1n0:716:716 [0] NCCL INFO AllReduce: opCount 2 sendbuff 0x150e1f800000 recvbuff 0x150e1f800000 count 1 datatype 8 op 3 root 0 comm 0x555d02ca19c0 [nranks=20] stream 0x555d1bcd7d50

[LYD INFO in ncclAllReduce (all_reduce.cc)] rank 0 AllReduce Time: 0.000040000 seconds

[LYD INFO in getAlgoInfo (enqueue.cc)] algorithm a is: 0

[LYD INFO in getAlgoInfo (enqueue.cc)] algorithm a is: 1

[LYD INFO in getAlgoInfo (enqueue.cc)] rank: 0, Duration between Point 1 and Point 2: 0.000013000 seconds

[LYD INFO in getAlgoInfo (enqueue.cc)] rank 0, Duration between Point 2 and Point 3: 0.000000000 seconds
[LYD INFO in getAlgoInfo (enqueue.cc)] out rank: 0
[LYD INFO in getAlgoInfo (enqueue.cc)] out coll: 4
[LYD INFO in getAlgoInfo (enqueue.cc)] out sendbuff address: 0x150e1f800000
[LYD INFO in getAlgoInfo (enqueue.cc)] out recvbuff address: 0x150e1f800000
[LYD INFO in getAlgoInfo (enqueue.cc)] out count: 1
[LYD INFO in getAlgoInfo (enqueue.cc)] out datatype: 8
[LYD INFO in getAlgoInfo (enqueue.cc)] out chunkSteps: 4
[LYD INFO in getAlgoInfo (enqueue.cc)] out sliceSteps: 2
[LYD INFO in getAlgoInfo (enqueue.cc)] out algorithm: 0
[LYD INFO in getAlgoInfo (enqueue.cc)] out protocol: 0
[LYD INFO in getAlgoInfo (enqueue.cc)] out nChannels: 1
[LYD INFO in getAlgoInfo (enqueue.cc)] out nThreads: 96
[LYD INFO in getAlgoInfo (enqueue.cc)] out nBytes: 8
[LYD INFO in getAlgoInfo (enqueue.cc)] out nstepsPerLoop: 0
[LYD INFO in getAlgoInfo (enqueue.cc)] out nchunksPerLoop: 0
[LYD INFO in getAlgoInfo (enqueue.cc)] out chunkSize: 0
[LYD INFO in ncclLaunchKernel (enqueue.cc)] NCHANNELS is: 4x3006c0s31b1n0:720:720 [1] NCCL INFO AllReduce: opCount 2 sendbuff 0x14e38b000000 recvbuff 0x14e38b000000 count 1 datatype 8 op 3 root 0 comm 0x55d47b9cb9a0 [nranks=20] stream 0x55d498d04c00
[LYD INFO in ncclLaunchKernel (enqueue.cc)] NCHANNELS is: 4x3006c0s31b1n0:727:727 [3] NCCL INFO AllReduce: opCount 2 sendbuff 0x148c93000000 recvbuff 0x148c93000000 count 1 datatype 8 op 3 root 0 comm 0x559bc5667460 [nranks=20] stream 0x559be1754fe0
[LYD INFO in ncclLaunchKernel (enqueue.cc)] NCHANNELS is: 4
[LYD INFO in NCCL_FUNC_NAME (common.h)] 1 AllReduce TREE LL Min double Elapsed time: 14910 us

[LYD INFO in NCCL_FUNC_NAME (common.h)] 2 AllReduce TREE LL Min double Elapsed time: 48014 us

[LYD INFO in NCCL_FUNC_NAME (common.h)] 3 AllReduce TREE LL Min double Elapsed time: 4 us

[LYD INFO in NCCL_FUNC_NAME (common.h)] 0 AllReduce TREE LL Min double Elapsed time: 476946 us

[LYD INFO in NCCL_KERN_NAME (common.h)] 0 AllReduce TREE LL Sum double Elapsed time: 477038 us
time to initialize megatron (seconds): 34.713
[Hao INFO in ncclAllReduce (all_reduce.cc)] rank 0 ncclAllReduce: count: 1, datatype: ncclUint8, message size: 1 Bytes
x3006c0s31b1n0:716:716 [0] NCCL INFO AllReduce: opCount 3 sendbuff 0x150e1f800200 recvbuff 0x150e1f800200 count 1 datatype 1 op 0 root 0 comm 0x555d02ca19c0 [nranks=20] stream 0x555d1bcd7d50

[LYD INFO in ncclAllReduce (all_reduce.cc)] rank 0 AllReduce Time: 0.000025000 seconds

[LYD INFO in getAlgoInfo (enqueue.cc)] algorithm a is: 0

[LYD INFO in getAlgoInfo (enqueue.cc)] algorithm a is: 1

[LYD INFO in getAlgoInfo (enqueue.cc)] rank: 0, Duration between Point 1 and Point 2: 0.000013000 seconds

[LYD INFO in getAlgoInfo (enqueue.cc)] rank 0, Duration between Point 2 and Point 3: 0.000000000 seconds
[LYD INFO in getAlgoInfo (enqueue.cc)] out rank: 0
[LYD INFO in getAlgoInfo (enqueue.cc)] out coll: 4
[LYD INFO in getAlgoInfo (enqueue.cc)] out sendbuff address: 0x150e1f800200
[LYD INFO in getAlgoInfo (enqueue.cc)] out recvbuff address: 0x150e1f800200
[LYD INFO in getAlgoInfo (enqueue.cc)] out count: 1
[LYD INFO in getAlgoInfo (enqueue.cc)] out datatype: 1
[LYD INFO in getAlgoInfo (enqueue.cc)] out chunkSteps: 4
[LYD INFO in getAlgoInfo (enqueue.cc)] out sliceSteps: 2
[LYD INFO in getAlgoInfo (enqueue.cc)] out algorithm: 0
[LYD INFO in getAlgoInfo (enqueue.cc)] out protocol: 0
[LYD INFO in getAlgoInfo (enqueue.cc)] out nChannels: 1
[LYD INFO in getAlgoInfo (enqueue.cc)] out nThreads: 96
[LYD INFO in getAlgoInfo (enqueue.cc)] out nBytes: 1
[LYD INFO in getAlgoInfo (enqueue.cc)] out nstepsPerLoop: 0
[LYD INFO in getAlgoInfo (enqueue.cc)] out nchunksPerLoop: 0
[LYD INFO in getAlgoInfo (enqueue.cc)] out chunkSize: 0
[LYD INFO in ncclLaunchKernel (enqueue.cc)] NCHANNELS is: 4
[LYD INFO in NCCL_KERN_NAME (common.h)] 2 AllReduce TREE LL Sum double Elapsed time: 484341 us
x3006c0s31b1n0:725:725 [2] NCCL INFO AllReduce: opCount 3 sendbuff 0x15062f600200 recvbuff 0x15062f600200 count 1 datatype 1 op 0 root 0 comm 0x55a16df6d200 [nranks=20] stream 0x55a18936d510
[LYD INFO in ncclLaunchKernel (enqueue.cc)] NCHANNELS is: 4
[LYD INFO in NCCL_KERN_NAME (common.h)] 1 AllReduce TREE LL Sum double Elapsed time: 425208 us

[LYD INFO in NCCL_KERN_NAME (common.h)] 3 AllReduce TREE LL Sum double Elapsed time: 404900 us
x3006c0s31b1n0:720:720 [1] NCCL INFO AllReduce: opCount 3 sendbuff 0x14e38b000200 recvbuff 0x14e38b000200 count 1 datatype 1 op 0 root 0 comm 0x55d47b9cb9a0 [nranks=20] stream 0x55d498d04c00
[LYD INFO in ncclLaunchKernel (enqueue.cc)] NCHANNELS is: 4x3006c0s31b1n0:727:727 [3] NCCL INFO AllReduce: opCount 3 sendbuff 0x148c93000200 recvbuff 0x148c93000200 count 1 datatype 1 op 0 root 0 comm 0x559bc5667460 [nranks=20] stream 0x559be1754fe0
[LYD INFO in ncclLaunchKernel (enqueue.cc)] NCHANNELS is: 4
[LYD INFO in NCCL_KERN_NAME (common.h)] 1 AllReduce TREE LL Sum uint8_t Elapsed time: 67411 us

[LYD INFO in NCCL_KERN_NAME (common.h)] 3 AllReduce TREE LL Sum uint8_t Elapsed time: 54526 us

[LYD INFO in NCCL_KERN_NAME (common.h)] 2 AllReduce TREE LL Sum uint8_t Elapsed time: 73003 us

[LYD INFO in NCCL_KERN_NAME (common.h)] 0 AllReduce TREE LL Sum uint8_t Elapsed time: 74643 us
[after megatron is initialized] datetime: 2023-11-04 03:57:47 
building GPT model ...
x3006c0s31b1n0:727:727 [3] NCCL INFO AllReduce: opCount 4 sendbuff 0x148c93000400 recvbuff 0x148c93000400 count 1 datatype 1 op 0 root 0 comm 0x559bc5667460 [nranks=20] stream 0x559be1754fe0
[LYD INFO in ncclLaunchKernel (enqueue.cc)] NCHANNELS is: 4 > number of parameters on (tensor, pipeline) model parallel rank (0, 1): 78709760
x3006c0s31b1n0:725:725 [2] NCCL INFO AllReduce: opCount 4 sendbuff 0x15062f600400 recvbuff 0x15062f600400 count 1 datatype 1 op 0 root 0 comm 0x55a16df6d200 [nranks=20] stream 0x55a18936d510
[LYD INFO in ncclLaunchKernel (enqueue.cc)] NCHANNELS is: 4x3006c0s31b1n0:716:716 [0] NCCL INFO init.cc:1147 Cuda Host Alloc Size 4 pointer 0x150ddf000400
x3006c0s31b1n0:716:4400 [0] NCCL INFO Using network IB
NCCL version 2.14.3+cuda11.8
x3006c0s31b1n0:720:720 [1] NCCL INFO init.cc:1147 Cuda Host Alloc Size 4 pointer 0x14e38f400400
x3006c0s31b1n0:720:4402 [1] NCCL INFO Using network IB
x3006c0s31b1n0:720:4402 [1] NCCL INFO NET/IB : GPU Direct RDMA Enabled for HCA 0 'mlx5_0'
x3006c0s31b1n0:720:4402 [1] NCCL INFO NET/IB : GPU Direct RDMA Enabled for HCA 1 'mlx5_1'
x3006c0s31b1n0:720:4402 [1] NCCL INFO GPU Direct RDMA Disabled for GPU 46000 / HCA 1 (distance 6 > 4)
x3006c0s31b1n0:720:4402 [1] NCCL INFO GPU Direct RDMA Disabled for GPU 46000 / HCA 0 (distance 7 > 4)
x3006c0s31b1n0:720:4402 [1] NCCL INFO GPU Direct RDMA Disabled for GPU 46000 / HCA 1 (distance 6 > 4)
x3006c0s31b1n0:720:4402 [1] NCCL INFO GPU Direct RDMA Disabled for GPU 46000 / HCA 0 (distance 7 > 4)
x3006c0s31b1n0:720:4402 [1] NCCL INFO === System : maxBw 12.0 totalBw 24.0 ===
x3006c0s31b1n0:720:4402 [1] NCCL INFO CPU/2 (1/2/-1)
x3006c0s31b1n0:720:4402 [1] NCCL INFO + SYS[5000.0] - CPU/0
x3006c0s31b1n0:720:4402 [1] NCCL INFO + PCI[24.0] - PCI/44000 (11f8406811f8beef)
x3006c0s31b1n0:720:4402 [1] NCCL INFO               + PCI[24.0] - GPU/46000 (0)
x3006c0s31b1n0:720:4402 [1] NCCL INFO + PCI[12.0] - NIC/43000
x3006c0s31b1n0:720:4402 [1] NCCL INFO               + NET[12.5] - NET/1 (246b02ffffa4e988/1/12.500000)
x3006c0s31b1n0:720:4402 [1] NCCL INFO CPU/0 (1/2/-1)
x3006c0s31b1n0:720:4402 [1] NCCL INFO + SYS[5000.0] - CPU/2
x3006c0s31b1n0:720:4402 [1] NCCL INFO + PCI[12.0] - NIC/C8000
x3006c0s31b1n0:720:4402 [1] NCCL INFO               + NET[12.5] - NET/0 (348604ffffa4e988/1/12.500000)
x3006c0s31b1n0:720:4402 [1] NCCL INFO ==========================================
x3006c0s31b1n0:720:4402 [1] NCCL INFO GPU/46000 :GPU/46000 (0/5000.000000/LOC) CPU/2 (2/24.000000/PHB) CPU/0 (3/24.000000/SYS) NET/1 (4/12.000000/PHB) NET/0 (5/12.000000/SYS) 
x3006c0s31b1n0:720:4402 [1] NCCL INFO NET/1 :GPU/46000 (4/12.000000/PHB) CPU/2 (2/12.000000/PHB) CPU/0 (3/12.000000/SYS) NET/1 (0/5000.000000/LOC) NET/0 (5/12.000000/SYS) 
x3006c0s31b1n0:720:4402 [1] NCCL INFO NET/0 :GPU/46000 (5/12.000000/SYS) CPU/2 (3/12.000000/SYS) CPU/0 (2/12.000000/PHB) NET/1 (5/12.000000/SYS) NET/0 (0/5000.000000/LOC) 
x3006c0s31b1n0:720:4402 [1] NCCL INFO Pattern 4, crossNic 0, nChannels 1, bw 12.000000/12.000000, type LOC/PHB, sameChannels 1
x3006c0s31b1n0:720:4402 [1] NCCL INFO  0 : NET/1 GPU/0 NET/1
x3006c0s31b1n0:720:4402 [1] NCCL INFO Pattern 3, crossNic 0, nChannels 1, bw 24.000000/12.000000, type LOC/PHB, sameChannels 1
x3006c0s31b1n0:720:4402 [1] NCCL INFO  0 : NET/1 GPU/0 NET/1
x3006c0s31b1n0:720:4402 [1] NCCL INFO Pattern 3, crossNic 0, nChannels 0, bw 0.000000/0.000000, type LOC/PIX, sameChannels 1
x3006c0s31b1n0:716:4400 [0] NCCL INFO NET/IB : GPU Direct RDMA Enabled for HCA 0 'mlx5_0'
x3006c0s31b1n0:716:4400 [0] NCCL INFO NET/IB : GPU Direct RDMA Enabled for HCA 1 'mlx5_1'
x3006c0s31b1n0:716:4400 [0] NCCL INFO GPU Direct RDMA Disabled for GPU 7000 / HCA 0 (distance 7 > 4)
x3006c0s31b1n0:716:4400 [0] NCCL INFO GPU Direct RDMA Disabled for GPU 7000 / HCA 1 (distance 7 > 4)
x3006c0s31b1n0:716:4400 [0] NCCL INFO GPU Direct RDMA Disabled for GPU 7000 / HCA 0 (distance 7 > 4)
x3006c0s31b1n0:716:4400 [0] NCCL INFO GPU Direct RDMA Disabled for GPU 7000 / HCA 1 (distance 7 > 4)
x3006c0s31b1n0:716:4400 [0] NCCL INFO === System : maxBw 12.0 totalBw 24.0 ===
x3006c0s31b1n0:716:4400 [0] NCCL INFO CPU/3 (1/2/-1)
x3006c0s31b1n0:716:4400 [0] NCCL INFO + SYS[5000.0] - CPU/0
x3006c0s31b1n0:716:4400 [0] NCCL INFO + SYS[5000.0] - CPU/2
x3006c0s31b1n0:716:4400 [0] NCCL INFO + PCI[24.0] - PCI/5000 (11f8406811f8beef)
x3006c0s31b1n0:716:4400 [0] NCCL INFO               + PCI[24.0] - GPU/7000 (0)
x3006c0s31b1n0:716:4400 [0] NCCL INFO CPU/0 (1/2/-1)
x3006c0s31b1n0:716:4400 [0] NCCL INFO + SYS[5000.0] - CPU/3
x3006c0s31b1n0:716:4400 [0] NCCL INFO + SYS[5000.0] - CPU/2
x3006c0s31b1n0:716:4400 [0] NCCL INFO + PCI[12.0] - NIC/C8000
x3006c0s31b1n0:716:4400 [0] NCCL INFO               + NET[12.5] - NET/0 (348604ffffa4e988/1/12.500000)
x3006c0s31b1n0:716:4400 [0] NCCL INFO CPU/2 (1/2/-1)
x3006c0s31b1n0:716:4400 [0] NCCL INFO + SYS[5000.0] - CPU/3
x3006c0s31b1n0:716:4400 [0] NCCL INFO + SYS[5000.0] - CPU/0
x3006c0s31b1n0:716:4400 [0] NCCL INFO + PCI[12.0] - NIC/43000
x3006c0s31b1n0:716:4400 [0] NCCL INFO               + NET[12.5] - NET/1 (246b02ffffa4e988/1/12.500000)
x3006c0s31b1n0:716:4400 [0] NCCL INFO ==========================================
x3006c0s31b1n0:716:4400 [0] NCCL INFO GPU/7000 :GPU/7000 (0/5000.000000/LOC) CPU/3 (2/24.000000/PHB) CPU/0 (3/24.000000/SYS) CPU/2 (3/24.000000/SYS) NET/0 (5/12.000000/SYS) NET/1 (5/12.000000/SYS) 
x3006c0s31b1n0:716:4400 [0] NCCL INFO NET/0 :GPU/7000 (5/12.000000/SYS) CPU/3 (3/12.000000/SYS) CPU/0 (2/12.000000/PHB) CPU/2 (3/12.000000/SYS) NET/0 (0/5000.000000/LOC) NET/1 (5/12.000000/SYS) 
x3006c0s31b1n0:716:4400 [0] NCCL INFO NET/1 :GPU/7000 (5/12.000000/SYS) CPU/3 (3/12.000000/SYS) CPU/0 (3/12.000000/SYS) CPU/2 (2/12.000000/PHB) NET/0 (5/12.000000/SYS) NET/1 (0/5000.000000/LOC) 
x3006c0s31b1n0:716:4400 [0] NCCL INFO Pattern 4, crossNic 0, nChannels 2, bw 12.000000/12.000000, type LOC/SYS, sameChannels 1
x3006c0s31b1n0:716:4400 [0] NCCL INFO  0 : NET/0 GPU/0 NET/0
x3006c0s31b1n0:716:4400 [0] NCCL INFO  1 : NET/1 GPU/0 NET/1
x3006c0s31b1n0:716:4400 [0] NCCL INFO Pattern 3, crossNic 0, nChannels 2, bw 24.000000/12.000000, type LOC/SYS, sameChannels 1
x3006c0s31b1n0:716:4400 [0] NCCL INFO  0 : NET/0 GPU/0 NET/0
x3006c0s31b1n0:716:4400 [0] NCCL INFO  1 : NET/1 GPU/0 NET/1
x3006c0s31b1n0:716:4400 [0] NCCL INFO Pattern 3, crossNic 0, nChannels 0, bw 0.000000/0.000000, type LOC/PIX, sameChannels 1
x3006c0s31b1n0:716:4400 [0] NCCL INFO Tree 0 : -1 -> 0 -> 1/-1/-1
x3006c0s31b1n0:716:4400 [0] NCCL INFO Tree 2 : 1 -> 0 -> -1/-1/-1
x3006c0s31b1n0:716:4400 [0] NCCL INFO Tree 1 : -1 -> 0 -> 1/-1/-1
x3006c0s31b1n0:716:4400 [0] NCCL INFO Tree 3 : 1 -> 0 -> -1/-1/-1
x3006c0s31b1n0:716:4400 [0] NCCL INFO Channel 00/04 :    0   1
x3006c0s31b1n0:716:4400 [0] NCCL INFO Channel 01/04 :    0   1
x3006c0s31b1n0:716:4400 [0] NCCL INFO Channel 02/04 :    0   1
x3006c0s31b1n0:716:4400 [0] NCCL INFO Channel 03/04 :    0   1
x3006c0s31b1n0:716:4400 [0] NCCL INFO Ring 00 : 1 -> 0 -> 1
x3006c0s31b1n0:716:4400 [0] NCCL INFO Ring 01 : 1 -> 0 -> 1
x3006c0s31b1n0:716:4400 [0] NCCL INFO Ring 02 : 1 -> 0 -> 1
x3006c0s31b1n0:716:4400 [0] NCCL INFO Ring 03 : 1 -> 0 -> 1
x3006c0s31b1n0:716:4400 [0] NCCL INFO Trees [0] 1/-1/-1->0->-1 [1] 1/-1/-1->0->-1 [2] -1/-1/-1->0->1 [3] -1/-1/-1->0->1
x3006c0s31b1n0:716:4400 [0] NCCL INFO misc/utils.cc:235 memory stack hunk malloc(65536)
x3006c0s31b1n0:716:4400 [0] NCCL INFO channel.cc:23 Cuda Alloc Size 1152 pointer 0x150ddfa09e00
x3006c0s31b1n0:716:4400 [0] NCCL INFO channel.cc:27 Cuda Alloc Size 8 pointer 0x150ddfa0a400
x3006c0s31b1n0:716:4400 [0] NCCL INFO channel.cc:23 Cuda Alloc Size 1152 pointer 0x150ddfa0a600
x3006c0s31b1n0:716:4400 [0] NCCL INFO channel.cc:27 Cuda Alloc Size 8 pointer 0x150ddfa0ac00
x3006c0s31b1n0:716:4400 [0] NCCL INFO channel.cc:23 Cuda Alloc Size 1152 pointer 0x150ddfa0ae00
x3006c0s31b1n0:716:4400 [0] NCCL INFO channel.cc:27 Cuda Alloc Size 8 pointer 0x150ddfa0b400
x3006c0s31b1n0:716:4400 [0] NCCL INFO channel.cc:23 Cuda Alloc Size 1152 pointer 0x150ddfa0b600
x3006c0s31b1n0:716:4400 [0] NCCL INFO channel.cc:27 Cuda Alloc Size 8 pointer 0x150ddfa0bc00
x3006c0s31b1n0:716:4400 [0] NCCL INFO GPU Direct RDMA Disabled for GPU 7000 / HCA 0 (distance 7 > 4)
x3006c0s31b1n0:720:4402 [1] NCCL INFO Tree 0 : -1 -> 0 -> 1/-1/-1
x3006c0s31b1n0:720:4402 [1] NCCL INFO Tree 1 : 1 -> 0 -> -1/-1/-1
x3006c0s31b1n0:720:4402 [1] NCCL INFO Channel 00/02 :    0   1
x3006c0s31b1n0:720:4402 [1] NCCL INFO Channel 01/02 :    0   1
x3006c0s31b1n0:720:4402 [1] NCCL INFO Ring 00 : 1 -> 0 -> 1
x3006c0s31b1n0:720:4402 [1] NCCL INFO Ring 01 : 1 -> 0 -> 1
x3006c0s31b1n0:720:4402 [1] NCCL INFO Trees [0] 1/-1/-1->0->-1 [1] -1/-1/-1->0->1
x3006c0s31b1n0:720:4402 [1] NCCL INFO misc/utils.cc:235 memory stack hunk malloc(65536)
x3006c0s31b1n0:720:4402 [1] NCCL INFO channel.cc:23 Cuda Alloc Size 1152 pointer 0x14e38fe09e00
x3006c0s31b1n0:720:4402 [1] NCCL INFO channel.cc:27 Cuda Alloc Size 8 pointer 0x14e38fe0a400
x3006c0s31b1n0:720:4402 [1] NCCL INFO channel.cc:23 Cuda Alloc Size 1152 pointer 0x14e38fe0a600
x3006c0s31b1n0:720:4402 [1] NCCL INFO channel.cc:27 Cuda Alloc Size 8 pointer 0x14e38fe0ac00
x3006c0s31b1n0:720:4402 [1] NCCL INFO GPU Direct RDMA Disabled for GPU 46000 / HCA 1 (distance 6 > 4)
x3006c0s31b1n0:720:4408 [1] NCCL INFO Mem Realloc old size 0, new size 8 pointer 0x14e320000d10
x3006c0s31b1n0:720:4408 [1] NCCL INFO Allocated 4194656 bytes of shared memory in /dev/shm/nccl-NSWSpD

x3006c0s31b1n0:720:4408 [1] NCCL INFO New proxy recv connection 0 from local rank 0, transport 2
x3006c0s31b1n0:716:4417 [0] NCCL INFO Mem Realloc old size 0, new size 8 pointer 0x150d98000d10
x3006c0s31b1n0:716:4417 [0] NCCL INFO Allocated 4194656 bytes of shared memory in /dev/shm/nccl-3jyESl

x3006c0s31b1n0:716:4417 [0] NCCL INFO New proxy recv connection 0 from local rank 0, transport 2
x3006c0s31b1n0:716:4400 [0] NCCL INFO Connection to proxy localRank 0 -> connection 0x150d98000d30
x3006c0s31b1n0:720:4402 [1] NCCL INFO Connection to proxy localRank 0 -> connection 0x14e320000d30
x3006c0s31b1n0:716:4400 [0] NCCL INFO Channel 00/0 : 1[85000] -> 0[7000] [receive] via NET/IB/0
x3006c0s31b1n0:716:4400 [0] NCCL INFO GPU Direct RDMA Disabled for GPU 7000 / HCA 1 (distance 7 > 4)
x3006c0s31b1n0:716:4417 [0] NCCL INFO New proxy recv connection 1 from local rank 0, transport 2
x3006c0s31b1n0:720:4402 [1] NCCL INFO Channel 00/0 : 1[c7000] -> 0[46000] [receive] via NET/IB/1
x3006c0s31b1n0:720:4402 [1] NCCL INFO GPU Direct RDMA Disabled for GPU 46000 / HCA 1 (distance 6 > 4)
x3006c0s31b1n0:720:4408 [1] NCCL INFO New proxy recv connection 1 from local rank 0, transport 2
x3006c0s31b1n0:716:4400 [0] NCCL INFO Connection to proxy localRank 0 -> connection 0x150d98000d70
x3006c0s31b1n0:720:4402 [1] NCCL INFO Connection to proxy localRank 0 -> connection 0x14e320000d70
x3006c0s31b1n0:716:4400 [0] NCCL INFO Channel 01/0 : 1[85000] -> 0[7000] [receive] via NET/IB/1
x3006c0s31b1n0:716:4400 [0] NCCL INFO GPU Direct RDMA Disabled for GPU 7000 / HCA 0 (distance 7 > 4)
x3006c0s31b1n0:716:4417 [0] NCCL INFO New proxy recv connection 2 from local rank 0, transport 2
x3006c0s31b1n0:720:4402 [1] NCCL INFO Channel 01/0 : 1[c7000] -> 0[46000] [receive] via NET/IB/1
x3006c0s31b1n0:720:4402 [1] NCCL INFO GPU Direct RDMA Disabled for GPU 46000 / HCA 1 (distance 6 > 4)
x3006c0s31b1n0:720:4408 [1] NCCL INFO New proxy send connection 2 from local rank 0, transport 2
x3006c0s31b1n0:716:4400 [0] NCCL INFO Connection to proxy localRank 0 -> connection 0x150d98000db0
x3006c0s31b1n0:720:4402 [1] NCCL INFO Connection to proxy localRank 0 -> connection 0x14e320000db0
x3006c0s31b1n0:720:4402 [1] NCCL INFO Channel 00/0 : 0[46000] -> 1[c7000] [send] via NET/IB/1
x3006c0s31b1n0:720:4402 [1] NCCL INFO GPU Direct RDMA Disabled for GPU 46000 / HCA 1 (distance 6 > 4)
x3006c0s31b1n0:720:4408 [1] NCCL INFO New proxy send connection 3 from local rank 0, transport 2
x3006c0s31b1n0:720:4402 [1] NCCL INFO Connection to proxy localRank 0 -> connection 0x14e320000df0
x3006c0s31b1n0:720:4402 [1] NCCL INFO Channel 01/0 : 0[46000] -> 1[c7000] [send] via NET/IB/1
x3006c0s31b1n0:716:4400 [0] NCCL INFO Channel 02/0 : 1[85000] -> 0[7000] [receive] via NET/IB/0
x3006c0s31b1n0:716:4400 [0] NCCL INFO GPU Direct RDMA Disabled for GPU 7000 / HCA 1 (distance 7 > 4)
x3006c0s31b1n0:716:4417 [0] NCCL INFO New proxy recv connection 3 from local rank 0, transport 2
x3006c0s31b1n0:716:4400 [0] NCCL INFO Connection to proxy localRank 0 -> connection 0x150d98000df0
x3006c0s31b1n0:716:4400 [0] NCCL INFO Channel 03/0 : 1[85000] -> 0[7000] [receive] via NET/IB/1
x3006c0s31b1n0:716:4400 [0] NCCL INFO GPU Direct RDMA Disabled for GPU 7000 / HCA 0 (distance 7 > 4)
x3006c0s31b1n0:716:4417 [0] NCCL INFO New proxy send connection 4 from local rank 0, transport 2
x3006c0s31b1n0:716:4400 [0] NCCL INFO Connection to proxy localRank 0 -> connection 0x150d98000e30
x3006c0s31b1n0:716:4400 [0] NCCL INFO Channel 00/0 : 0[7000] -> 1[85000] [send] via NET/IB/0
x3006c0s31b1n0:716:4400 [0] NCCL INFO GPU Direct RDMA Disabled for GPU 7000 / HCA 1 (distance 7 > 4)
x3006c0s31b1n0:716:4417 [0] NCCL INFO New proxy send connection 5 from local rank 0, transport 2
x3006c0s31b1n0:720:4408 [1] NCCL INFO transport/net_ib.cc:596 Ib Alloc Size 26560 pointer 0x14e32001d000
x3006c0s31b1n0:720:4408 [1] NCCL INFO NET/IB: Dev 1 Port 1 qpn 3374 mtu 5 GID 0 (80FE/BC0800FEFF000000)
x3006c0s31b1n0:720:4408 [1] NCCL INFO transport/net_ib.cc:653 Ib Alloc Size 552 pointer 0x14e320035000
x3006c0s31b1n0:720:4408 [1] NCCL INFO transport/net.cc:571 Cuda Host Alloc Size 9641984 pointer 0x14e36f000000
x3006c0s31b1n0:716:4400 [0] NCCL INFO Connection to proxy localRank 0 -> connection 0x150d98000e70
x3006c0s31b1n0:716:4400 [0] NCCL INFO Channel 01/0 : 0[7000] -> 1[85000] [send] via NET/IB/1
x3006c0s31b1n0:716:4400 [0] NCCL INFO GPU Direct RDMA Disabled for GPU 7000 / HCA 0 (distance 7 > 4)
x3006c0s31b1n0:716:4417 [0] NCCL INFO New proxy send connection 6 from local rank 0, transport 2
x3006c0s31b1n0:720:4408 [1] NCCL INFO transport/net_ib.cc:596 Ib Alloc Size 26560 pointer 0x14e320037000
x3006c0s31b1n0:716:4400 [0] NCCL INFO Connection to proxy localRank 0 -> connection 0x150d98000eb0
x3006c0s31b1n0:716:4400 [0] NCCL INFO Channel 02/0 : 0[7000] -> 1[85000] [send] via NET/IB/0
x3006c0s31b1n0:716:4400 [0] NCCL INFO GPU Direct RDMA Disabled for GPU 7000 / HCA 1 (distance 7 > 4)
x3006c0s31b1n0:716:4417 [0] NCCL INFO New proxy send connection 7 from local rank 0, transport 2
x3006c0s31b1n0:720:4408 [1] NCCL INFO NET/IB: Dev 1 Port 1 qpn 3375 mtu 5 GID 0 (80FE/BC0800FEFF000000)
x3006c0s31b1n0:720:4408 [1] NCCL INFO transport/net_ib.cc:653 Ib Alloc Size 552 pointer 0x14e32004e000
x3006c0s31b1n0:720:4408 [1] NCCL INFO transport/net.cc:571 Cuda Host Alloc Size 9641984 pointer 0x14e36fa00000
x3006c0s31b1n0:716:4400 [0] NCCL INFO Connection to proxy localRank 0 -> connection 0x150d98000ef0
x3006c0s31b1n0:716:4400 [0] NCCL INFO Channel 03/0 : 0[7000] -> 1[85000] [send] via NET/IB/1
x3006c0s31b1n0:720:4408 [1] NCCL INFO transport/net_ib.cc:683 Ib Alloc Size 21688 pointer 0x14e320050000
x3006c0s31b1n0:720:4408 [1] NCCL INFO transport/net_ib.cc:696 Ib Alloc Size 552 pointer 0x14e320057000
x3006c0s31b1n0:720:4408 [1] NCCL INFO transport/net_ib.cc:771 Ib Alloc Size 552 pointer 0x14e320073000
x3006c0s31b1n0:720:4408 [1] NCCL INFO transport/net.cc:698 Cuda Host Alloc Size 9641984 pointer 0x14e370400000
x3006c0s31b1n0:720:4408 [1] NCCL INFO transport/net_ib.cc:683 Ib Alloc Size 21688 pointer 0x14e320075000
x3006c0s31b1n0:720:4408 [1] NCCL INFO transport/net_ib.cc:696 Ib Alloc Size 552 pointer 0x14e32007c000
x3006c0s31b1n0:720:4408 [1] NCCL INFO transport/net_ib.cc:771 Ib Alloc Size 552 pointer 0x14e320097000
x3006c0s31b1n0:720:4408 [1] NCCL INFO transport/net.cc:698 Cuda Host Alloc Size 9641984 pointer 0x14e370e00000
x3006c0s31b1n0:720:4402 [1] NCCL INFO Connected all rings
x3006c0s31b1n0:720:4402 [1] NCCL INFO Connected all trees by HAO
x3006c0s31b1n0:720:4402 [1] NCCL INFO Latency/AlgBw |    Tree/    LL |    Tree/ LL128 |    Tree/Simple |    Ring/    LL |    Ring/ LL128 |    Ring/Simple | CollNetDirect/    LL | CollNetDirect/ LL128 | CollNetDirect/Simple | CollNetChain/    LL | CollNetChain/ LL128 | CollNetChain/Simple |
x3006c0s31b1n0:720:4402 [1] NCCL INFO  Max NThreads |            512 |            640 |            512 |            512 |            640 |            256 |              0 |              0 |            512 |              0 |              0 |            512 |
x3006c0s31b1n0:720:4402 [1] NCCL INFO     Broadcast |     0.0/   0.0 |     0.0/   0.0 |     0.0/   0.0 |     6.3/   3.0 |    14.0/   0.0 |    18.0/  12.0 |     0.0/   0.0 |     0.0/   0.0 |     0.0/   0.0 |     0.0/   0.0 |     0.0/   0.0 |     0.0/   0.0 |
x3006c0s31b1n0:720:4402 [1] NCCL INFO        Reduce |     0.0/   0.0 |     0.0/   0.0 |     0.0/   0.0 |     6.3/   3.0 |    14.0/   0.0 |    18.0/  12.0 |     0.0/   0.0 |     0.0/   0.0 |     0.0/   0.0 |     0.0/   0.0 |     0.0/   0.0 |     0.0/   0.0 |
x3006c0s31b1n0:720:4402 [1] NCCL INFO     AllGather |     0.0/   0.0 |     0.0/   0.0 |     0.0/   0.0 |     6.3/   6.0 |    14.0/   0.0 |    18.0/  24.0 |     0.0/   0.0 |     0.0/   0.0 |     0.0/   0.0 |     0.0/   0.0 |     0.0/   0.0 |     0.0/   0.0 |
x3006c0s31b1n0:720:4402 [1] NCCL INFO ReduceScatter |     0.0/   0.0 |     0.0/   0.0 |     0.0/   0.0 |     6.3/   6.0 |    14.0/   0.0 |    18.0/  24.0 |     0.0/   0.0 |     0.0/   0.0 |     0.0/   0.0 |     0.0/   0.0 |     0.0/   0.0 |     0.0/   0.0 |
x3006c0s31b1n0:720:4402 [1] NCCL INFO     AllReduce |    14.4/   2.9 |    21.4/   0.0 |    56.0/  11.0 |    10.8/   3.0 |    21.0/   0.0 |    35.4/  12.0 |     4.4/   0.0 |     4.4/   0.0 |    10.7/   0.0 |     4.4/   0.0 |     4.4/   0.0 |     0.0/   0.0 |
x3006c0s31b1n0:720:4402 [1] NCCL INFO threadThresholds 8/8/64 | 16/8/64 | 512 | 512
x3006c0s31b1n0:720:4402 [1] NCCL INFO 2 coll channels, 2 p2p channels, 2 p2p channels per peer
x3006c0s31b1n0:720:4408 [1] NCCL INFO New proxy send connection 4 from local rank 0, transport 2
x3006c0s31b1n0:720:4402 [1] NCCL INFO Connection to proxy localRank 0 -> connection 0x14e320000e30
x3006c0s31b1n0:720:4402 [1] NCCL INFO init.cc:367 Cuda Alloc Size 5168 pointer 0x14e38fe0ae00
x3006c0s31b1n0:720:4402 [1] NCCL INFO init.cc:392 Cuda Host Alloc Size 33554432 pointer 0x14e371800000
x3006c0s31b1n0:720:4402 [1] NCCL INFO init.cc:398 Cuda Host Alloc Size 128 pointer 0x14e38f400600
x3006c0s31b1n0:720:4402 [1] NCCL INFO comm 0x55d49a2cd5f0 rank 0 nranks 2 cudaDev 1 busId 46000 - Init COMPLETE
x3006c0s31b1n0:720:4408 [1] NCCL INFO transport/net.cc:376 Cuda Alloc Size 4194304 pointer 0x14e373800000
[Hao INFO in ncclAllReduce (all_reduce.cc)] rank 1 ncclAllReduce: count: 64389120, datatype: ncclFloat16/ncclHalf, message size: 128778240 Bytes
x3006c0s31b1n0:720:720 [1] NCCL INFO AllReduce: opCount 0 sendbuff 0x14e35c800000 recvbuff 0x14e35c800000 count 64389120 datatype 6 op 0 root 0 comm 0x55d49a2cd5f0 [nranks=2] stream 0x55d498d04d40
x3006c0s31b1n0:720:720 [1] NCCL INFO misc/utils.cc:235 memory stack hunk malloc(65536)

[LYD INFO in ncclAllReduce (all_reduce.cc)] rank 0 AllReduce Time: 0.000045000 seconds

[LYD INFO in getAlgoInfo (enqueue.cc)] algorithm a is: 0

[LYD INFO in getAlgoInfo (enqueue.cc)] algorithm a is: 1

[LYD INFO in getAlgoInfo (enqueue.cc)] rank: 0, Duration between Point 1 and Point 2: 0.000013000 seconds

[LYD INFO in getAlgoInfo (enqueue.cc)] rank 0, Duration between Point 2 and Point 3: 0.000000000 seconds
[LYD INFO in getAlgoInfo (enqueue.cc)] out rank: 0
[LYD INFO in getAlgoInfo (enqueue.cc)] out coll: 4
[LYD INFO in getAlgoInfo (enqueue.cc)] out sendbuff address: 0x14e35c800000
[LYD INFO in getAlgoInfo (enqueue.cc)] out recvbuff address: 0x14e35c800000
[LYD INFO in getAlgoInfo (enqueue.cc)] out count: 64389120
[LYD INFO in getAlgoInfo (enqueue.cc)] out datatype: 6
[LYD INFO in getAlgoInfo (enqueue.cc)] out chunkSteps: 4
[LYD INFO in getAlgoInfo (enqueue.cc)] out sliceSteps: 2
[LYD INFO in getAlgoInfo (enqueue.cc)] out algorithm: 1
[LYD INFO in getAlgoInfo (enqueue.cc)] out protocol: 2
[LYD INFO in getAlgoInfo (enqueue.cc)] out nChannels: 2
[LYD INFO in getAlgoInfo (enqueue.cc)] out nThreads: 288
[LYD INFO in getAlgoInfo (enqueue.cc)] out nBytes: 128778240
[LYD INFO in getAlgoInfo (enqueue.cc)] out nstepsPerLoop: 0
[LYD INFO in getAlgoInfo (enqueue.cc)] out nchunksPerLoop: 0
[LYD INFO in getAlgoInfo (enqueue.cc)] out chunkSize: 0
[LYD INFO in ncclLaunchKernel (enqueue.cc)] NCHANNELS is: 2x3006c0s31b1n0:716:4417 [0] NCCL INFO transport/net_ib.cc:596 Ib Alloc Size 26560 pointer 0x150d98031000
x3006c0s31b1n0:716:4417 [0] NCCL INFO NET/IB: Dev 0 Port 1 qpn 4288 mtu 5 GID 0 (80FE/FD0800FEFF000000)
x3006c0s31b1n0:716:4417 [0] NCCL INFO transport/net_ib.cc:653 Ib Alloc Size 552 pointer 0x150d98049000
x3006c0s31b1n0:716:4417 [0] NCCL INFO transport/net.cc:571 Cuda Host Alloc Size 9641984 pointer 0x150dfe800000
x3006c0s31b1n0:716:4417 [0] NCCL INFO transport/net_ib.cc:596 Ib Alloc Size 26560 pointer 0x150d9804b000
x3006c0s31b1n0:716:4417 [0] NCCL INFO NET/IB: Dev 1 Port 1 qpn 3380 mtu 5 GID 0 (80FE/BC0800FEFF000000)
x3006c0s31b1n0:716:4417 [0] NCCL INFO transport/net_ib.cc:653 Ib Alloc Size 552 pointer 0x150d98062000
x3006c0s31b1n0:716:4417 [0] NCCL INFO transport/net.cc:571 Cuda Host Alloc Size 9641984 pointer 0x150dff200000
x3006c0s31b1n0:716:4417 [0] NCCL INFO transport/net_ib.cc:596 Ib Alloc Size 26560 pointer 0x150d98064000

[LYD INFO in NCCL_FUNC_NAME (common.h)] 0 AllReduce RING SIMPLE Sum half Elapsed time: 350834 us

[LYD INFO in NCCL_KERN_NAME (common.h)] 0 AllReduce RING LL Sum half Elapsed time: 350929 us
x3006c0s31b1n0:720:720 [1] NCCL INFO AllReduce: opCount 4 sendbuff 0x14e38b000400 recvbuff 0x14e38b000400 count 1 datatype 1 op 0 root 0 comm 0x55d47b9cb9a0 [nranks=20] stream 0x55d498d04c00
[LYD INFO in ncclLaunchKernel (enqueue.cc)] NCHANNELS is: 4x3006c0s31b1n0:716:4417 [0] NCCL INFO NET/IB: Dev 0 Port 1 qpn 4290 mtu 5 GID 0 (80FE/FD0800FEFF000000)
x3006c0s31b1n0:716:4417 [0] NCCL INFO transport/net_ib.cc:653 Ib Alloc Size 552 pointer 0x150d9807b000
x3006c0s31b1n0:716:4417 [0] NCCL INFO transport/net.cc:571 Cuda Host Alloc Size 9641984 pointer 0x150dffc00000
x3006c0s31b1n0:716:4417 [0] NCCL INFO transport/net_ib.cc:596 Ib Alloc Size 26560 pointer 0x150d9807d000
x3006c0s31b1n0:716:4417 [0] NCCL INFO NET/IB: Dev 1 Port 1 qpn 3381 mtu 5 GID 0 (80FE/BC0800FEFF000000)
x3006c0s31b1n0:716:4417 [0] NCCL INFO transport/net_ib.cc:653 Ib Alloc Size 552 pointer 0x150d98094000
x3006c0s31b1n0:716:4417 [0] NCCL INFO transport/net.cc:571 Cuda Host Alloc Size 9641984 pointer 0x150e00600000
x3006c0s31b1n0:716:4417 [0] NCCL INFO transport/net_ib.cc:683 Ib Alloc Size 21688 pointer 0x150d98096000
x3006c0s31b1n0:716:4417 [0] NCCL INFO transport/net_ib.cc:696 Ib Alloc Size 552 pointer 0x150d9809d000
x3006c0s31b1n0:716:4417 [0] NCCL INFO transport/net_ib.cc:771 Ib Alloc Size 552 pointer 0x150d980b9000
x3006c0s31b1n0:716:4417 [0] NCCL INFO transport/net.cc:698 Cuda Host Alloc Size 9641984 pointer 0x150e01000000
x3006c0s31b1n0:716:4417 [0] NCCL INFO transport/net_ib.cc:683 Ib Alloc Size 21688 pointer 0x150d980bb000
x3006c0s31b1n0:716:4417 [0] NCCL INFO transport/net_ib.cc:696 Ib Alloc Size 552 pointer 0x150d980c2000
x3006c0s31b1n0:716:4417 [0] NCCL INFO transport/net_ib.cc:771 Ib Alloc Size 552 pointer 0x150d980dd000
x3006c0s31b1n0:716:4417 [0] NCCL INFO transport/net.cc:698 Cuda Host Alloc Size 9641984 pointer 0x150e01a00000
x3006c0s31b1n0:716:4417 [0] NCCL INFO transport/net_ib.cc:683 Ib Alloc Size 21688 pointer 0x150d980df000
x3006c0s31b1n0:716:4417 [0] NCCL INFO transport/net_ib.cc:696 Ib Alloc Size 552 pointer 0x150d980e6000
x3006c0s31b1n0:716:4417 [0] NCCL INFO transport/net_ib.cc:771 Ib Alloc Size 552 pointer 0x150d98101000
x3006c0s31b1n0:716:4417 [0] NCCL INFO transport/net.cc:698 Cuda Host Alloc Size 9641984 pointer 0x150e02400000
x3006c0s31b1n0:716:4417 [0] NCCL INFO transport/net_ib.cc:683 Ib Alloc Size 21688 pointer 0x150d98103000
x3006c0s31b1n0:716:4417 [0] NCCL INFO transport/net_ib.cc:696 Ib Alloc Size 552 pointer 0x150d9810a000
x3006c0s31b1n0:716:4417 [0] NCCL INFO transport/net_ib.cc:771 Ib Alloc Size 552 pointer 0x150d98125000
x3006c0s31b1n0:716:4417 [0] NCCL INFO transport/net.cc:698 Cuda Host Alloc Size 9641984 pointer 0x150e02e00000
x3006c0s31b1n0:716:4400 [0] NCCL INFO Connected all rings
x3006c0s31b1n0:716:4400 [0] NCCL INFO Connected all trees by HAO
x3006c0s31b1n0:716:4400 [0] NCCL INFO Latency/AlgBw |    Tree/    LL |    Tree/ LL128 |    Tree/Simple |    Ring/    LL |    Ring/ LL128 |    Ring/Simple | CollNetDirect/    LL | CollNetDirect/ LL128 | CollNetDirect/Simple | CollNetChain/    LL | CollNetChain/ LL128 | CollNetChain/Simple |
x3006c0s31b1n0:716:4400 [0] NCCL INFO  Max NThreads |            512 |            640 |            512 |            512 |            640 |            512 |              0 |              0 |            512 |              0 |              0 |            512 |
x3006c0s31b1n0:716:4400 [0] NCCL INFO     Broadcast |     0.0/   0.0 |     0.0/   0.0 |     0.0/   0.0 |     6.3/   6.0 |    14.0/   0.0 |    18.0/  24.0 |     0.0/   0.0 |     0.0/   0.0 |     0.0/   0.0 |     0.0/   0.0 |     0.0/   0.0 |     0.0/   0.0 |
x3006c0s31b1n0:716:4400 [0] NCCL INFO        Reduce |     0.0/   0.0 |     0.0/   0.0 |     0.0/   0.0 |     6.3/   6.0 |    14.0/   0.0 |    18.0/  24.0 |     0.0/   0.0 |     0.0/   0.0 |     0.0/   0.0 |     0.0/   0.0 |     0.0/   0.0 |     0.0/   0.0 |
x3006c0s31b1n0:716:4400 [0] NCCL INFO     AllGather |     0.0/   0.0 |     0.0/   0.0 |     0.0/   0.0 |     6.3/  12.0 |    14.0/   0.0 |    18.0/  48.0 |     0.0/   0.0 |     0.0/   0.0 |     0.0/   0.0 |     0.0/   0.0 |     0.0/   0.0 |     0.0/   0.0 |
x3006c0s31b1n0:716:4400 [0] NCCL INFO ReduceScatter |     0.0/   0.0 |     0.0/   0.0 |     0.0/   0.0 |     6.3/  12.0 |    14.0/   0.0 |    18.0/  48.0 |     0.0/   0.0 |     0.0/   0.0 |     0.0/   0.0 |     0.0/   0.0 |     0.0/   0.0 |     0.0/   0.0 |
x3006c0s31b1n0:716:4400 [0] NCCL INFO     AllReduce |    14.4/   5.8 |    21.4/   0.0 |    56.0/  22.1 |    10.8/   6.0 |    21.0/   0.0 |    35.4/  24.0 |     4.4/   0.0 |     4.4/   0.0 |    10.7/   0.0 |     4.4/   0.0 |     4.4/   0.0 |     0.0/   0.0 |
x3006c0s31b1n0:716:4400 [0] NCCL INFO threadThresholds 8/8/64 | 16/8/64 | 512 | 512
x3006c0s31b1n0:716:4400 [0] NCCL INFO 4 coll channels, 4 p2p channels, 2 p2p channels per peer
x3006c0s31b1n0:716:4417 [0] NCCL INFO New proxy send connection 8 from local rank 0, transport 2
x3006c0s31b1n0:716:4400 [0] NCCL INFO Connection to proxy localRank 0 -> connection 0x150d98000f30
x3006c0s31b1n0:716:4400 [0] NCCL INFO init.cc:367 Cuda Alloc Size 5168 pointer 0x150ddfa0be00
x3006c0s31b1n0:716:4400 [0] NCCL INFO init.cc:392 Cuda Host Alloc Size 33554432 pointer 0x150e03800000
x3006c0s31b1n0:716:4400 [0] NCCL INFO init.cc:398 Cuda Host Alloc Size 128 pointer 0x150ddf000600
x3006c0s31b1n0:716:4400 [0] NCCL INFO comm 0x555d1d065340 rank 0 nranks 2 cudaDev 0 busId 7000 - Init COMPLETE
x3006c0s31b1n0:716:4417 [0] NCCL INFO transport/net.cc:376 Cuda Alloc Size 8388608 pointer 0x150d96000000
[Hao INFO in ncclAllReduce (all_reduce.cc)] rank 0 ncclAllReduce: count: 64389120, datatype: ncclFloat16/ncclHalf, message size: 128778240 Bytes
x3006c0s31b1n0:716:716 [0] NCCL INFO AllReduce: opCount 0 sendbuff 0x150dec000000 recvbuff 0x150dec000000 count 64389120 datatype 6 op 0 root 0 comm 0x555d1d065340 [nranks=2] stream 0x555d1bcd7e90
x3006c0s31b1n0:716:716 [0] NCCL INFO misc/utils.cc:235 memory stack hunk malloc(65536)

[LYD INFO in ncclAllReduce (all_reduce.cc)] rank 0 AllReduce Time: 0.000035000 seconds

[LYD INFO in getAlgoInfo (enqueue.cc)] algorithm a is: 0

[LYD INFO in getAlgoInfo (enqueue.cc)] algorithm a is: 1

[LYD INFO in getAlgoInfo (enqueue.cc)] rank: 0, Duration between Point 1 and Point 2: 0.000014000 seconds

[LYD INFO in getAlgoInfo (enqueue.cc)] rank 0, Duration between Point 2 and Point 3: 0.000000000 seconds
[LYD INFO in getAlgoInfo (enqueue.cc)] out rank: 0
[LYD INFO in getAlgoInfo (enqueue.cc)] out coll: 4
[LYD INFO in getAlgoInfo (enqueue.cc)] out sendbuff address: 0x150dec000000
[LYD INFO in getAlgoInfo (enqueue.cc)] out recvbuff address: 0x150dec000000
[LYD INFO in getAlgoInfo (enqueue.cc)] out count: 64389120
[LYD INFO in getAlgoInfo (enqueue.cc)] out datatype: 6
[LYD INFO in getAlgoInfo (enqueue.cc)] out chunkSteps: 4
[LYD INFO in getAlgoInfo (enqueue.cc)] out sliceSteps: 2
[LYD INFO in getAlgoInfo (enqueue.cc)] out algorithm: 1
[LYD INFO in getAlgoInfo (enqueue.cc)] out protocol: 2
[LYD INFO in getAlgoInfo (enqueue.cc)] out nChannels: 4
[LYD INFO in getAlgoInfo (enqueue.cc)] out nThreads: 544
[LYD INFO in getAlgoInfo (enqueue.cc)] out nBytes: 128778240
[LYD INFO in getAlgoInfo (enqueue.cc)] out nstepsPerLoop: 0
[LYD INFO in getAlgoInfo (enqueue.cc)] out nchunksPerLoop: 0
[LYD INFO in getAlgoInfo (enqueue.cc)] out chunkSize: 0
[LYD INFO in ncclLaunchKernel (enqueue.cc)] NCHANNELS is: 4 > number of parameters on (tensor, pipeline) model parallel rank (0, 0): 143754240

[LYD INFO in NCCL_FUNC_NAME (common.h)] 0 AllReduce RING SIMPLE Sum half Elapsed time: 171517 us

[LYD INFO in NCCL_KERN_NAME (common.h)] 0 AllReduce RING LL Sum half Elapsed time: 171635 us
> learning rate decay style: cosine
[Hao INFO in ncclAllReduce (all_reduce.cc)] rank 0 ncclAllReduce: count: 1, datatype: ncclUint8, message size: 1 Bytes
x3006c0s31b1n0:716:716 [0] NCCL INFO AllReduce: opCount 4 sendbuff 0x150e1f800400 recvbuff 0x150e1f800400 count 1 datatype 1 op 0 root 0 comm 0x555d02ca19c0 [nranks=20] stream 0x555d1bcd7d50

[LYD INFO in ncclAllReduce (all_reduce.cc)] rank 0 AllReduce Time: 0.000027000 seconds

[LYD INFO in getAlgoInfo (enqueue.cc)] algorithm a is: 0

[LYD INFO in getAlgoInfo (enqueue.cc)] algorithm a is: 1

[LYD INFO in getAlgoInfo (enqueue.cc)] rank: 0, Duration between Point 1 and Point 2: 0.000013000 seconds

[LYD INFO in getAlgoInfo (enqueue.cc)] rank 0, Duration between Point 2 and Point 3: 0.000000000 seconds
[LYD INFO in getAlgoInfo (enqueue.cc)] out rank: 0
[LYD INFO in getAlgoInfo (enqueue.cc)] out coll: 4
[LYD INFO in getAlgoInfo (enqueue.cc)] out sendbuff address: 0x150e1f800400
[LYD INFO in getAlgoInfo (enqueue.cc)] out recvbuff address: 0x150e1f800400
[LYD INFO in getAlgoInfo (enqueue.cc)] out count: 1
[LYD INFO in getAlgoInfo (enqueue.cc)] out datatype: 1
[LYD INFO in getAlgoInfo (enqueue.cc)] out chunkSteps: 4
[LYD INFO in getAlgoInfo (enqueue.cc)] out sliceSteps: 2
[LYD INFO in getAlgoInfo (enqueue.cc)] out algorithm: 0
[LYD INFO in getAlgoInfo (enqueue.cc)] out protocol: 0
[LYD INFO in getAlgoInfo (enqueue.cc)] out nChannels: 1
[LYD INFO in getAlgoInfo (enqueue.cc)] out nThreads: 96
[LYD INFO in getAlgoInfo (enqueue.cc)] out nBytes: 1
[LYD INFO in getAlgoInfo (enqueue.cc)] out nstepsPerLoop: 0
[LYD INFO in getAlgoInfo (enqueue.cc)] out nchunksPerLoop: 0
[LYD INFO in getAlgoInfo (enqueue.cc)] out chunkSize: 0
[LYD INFO in ncclLaunchKernel (enqueue.cc)] NCHANNELS is: 4
[LYD INFO in NCCL_KERN_NAME (common.h)] 0 AllReduce TREE LL Sum uint8_t Elapsed time: 639 us
WARNING: could not find the metadata file /home/yuke/lyd/Megatron-LM/checkpoints/gpt2_774m/latest_checkpointed_iteration.txt 
    will not load any checkpoints and will start from random
[Hao INFO in ncclAllReduce (all_reduce.cc)] rank 0 ncclAllReduce: count: 1, datatype: ncclUint8, message size: 1 Bytes
x3006c0s31b1n0:716:716 [0] NCCL INFO AllReduce: opCount 5 sendbuff 0x150e1f821000 recvbuff 0x150e1f821000 count 1 datatype 1 op 0 root 0 comm 0x555d02ca19c0 [nranks=20] stream 0x555d1bcd7d50

[LYD INFO in ncclAllReduce (all_reduce.cc)] rank 0 AllReduce Time: 0.000023000 seconds

[LYD INFO in getAlgoInfo (enqueue.cc)] algorithm a is: 0

[LYD INFO in getAlgoInfo (enqueue.cc)] algorithm a is: 1

[LYD INFO in getAlgoInfo (enqueue.cc)] rank: 0, Duration between Point 1 and Point 2: 0.000013000 seconds

[LYD INFO in getAlgoInfo (enqueue.cc)] rank 0, Duration between Point 2 and Point 3: 0.000000000 seconds
[LYD INFO in getAlgoInfo (enqueue.cc)] out rank: 0
[LYD INFO in getAlgoInfo (enqueue.cc)] out coll: 4
[LYD INFO in getAlgoInfo (enqueue.cc)] out sendbuff address: 0x150e1f821000
[LYD INFO in getAlgoInfo (enqueue.cc)] out recvbuff address: 0x150e1f821000
[LYD INFO in getAlgoInfo (enqueue.cc)] out count: 1
[LYD INFO in getAlgoInfo (enqueue.cc)] out datatype: 1
[LYD INFO in getAlgoInfo (enqueue.cc)] out chunkSteps: 4
[LYD INFO in getAlgoInfo (enqueue.cc)] out sliceSteps: 2
[LYD INFO in getAlgoInfo (enqueue.cc)] out algorithm: 0
[LYD INFO in getAlgoInfo (enqueue.cc)] out protocol: 0
[LYD INFO in getAlgoInfo (enqueue.cc)] out nChannels: 1
[LYD INFO in getAlgoInfo (enqueue.cc)] out nThreads: 96
[LYD INFO in getAlgoInfo (enqueue.cc)] out nBytes: 1
[LYD INFO in getAlgoInfo (enqueue.cc)] out nstepsPerLoop: 0
[LYD INFO in getAlgoInfo (enqueue.cc)] out nchunksPerLoop: 0
[LYD INFO in getAlgoInfo (enqueue.cc)] out chunkSize: 0
[LYD INFO in ncclLaunchKernel (enqueue.cc)] NCHANNELS is: 4
[LYD INFO in NCCL_KERN_NAME (common.h)] 1 AllReduce TREE LL Sum uint8_t Elapsed time: 862143 us
x3006c0s31b1n0:720:720 [1] NCCL INFO AllReduce: opCount 5 sendbuff 0x14e38b021000 recvbuff 0x14e38b021000 count 1 datatype 1 op 0 root 0 comm 0x55d47b9cb9a0 [nranks=20] stream 0x55d498d04c00
[LYD INFO in ncclLaunchKernel (enqueue.cc)] NCHANNELS is: 4
[LYD INFO in NCCL_KERN_NAME (common.h)] 3 AllReduce TREE LL Sum uint8_t Elapsed time: 3157370 us
x3006c0s31b1n0:727:727 [3] NCCL INFO AllReduce: opCount 5 sendbuff 0x148c93021000 recvbuff 0x148c93021000 count 1 datatype 1 op 0 root 0 comm 0x559bc5667460 [nranks=20] stream 0x559be1754fe0
[LYD INFO in ncclLaunchKernel (enqueue.cc)] NCHANNELS is: 4
[LYD INFO in NCCL_KERN_NAME (common.h)] 2 AllReduce TREE LL Sum uint8_t Elapsed time: 3128365 us
x3006c0s31b1n0:725:725 [2] NCCL INFO AllReduce: opCount 5 sendbuff 0x15062f621000 recvbuff 0x15062f621000 count 1 datatype 1 op 0 root 0 comm 0x55a16df6d200 [nranks=20] stream 0x55a18936d510
[LYD INFO in ncclLaunchKernel (enqueue.cc)] NCHANNELS is: 4
[LYD INFO in NCCL_KERN_NAME (common.h)] 3 AllReduce TREE LL Sum uint8_t Elapsed time: 50046 us
x3006c0s31b1n0:727:727 [3] NCCL INFO AllReduce: opCount 6 sendbuff 0x148c93000400 recvbuff 0x148c93000400 count 1 datatype 1 op 0 root 0 comm 0x559bc5667460 [nranks=20] stream 0x559be1754fe0
[LYD INFO in ncclLaunchKernel (enqueue.cc)] NCHANNELS is: 4
[LYD INFO in NCCL_KERN_NAME (common.h)] 0 AllReduce TREE LL Sum uint8_t Elapsed time: 67508 us
[Hao INFO in ncclAllReduce (all_reduce.cc)] rank 0 ncclAllReduce: count: 1, datatype: ncclUint8, message size: 1 Bytes
x3006c0s31b1n0:716:716 [0] NCCL INFO AllReduce: opCount 6 sendbuff 0x150e1f800400 recvbuff 0x150e1f800400 count 1 datatype 1 op 0 root 0 comm 0x555d02ca19c0 [nranks=20] stream 0x555d1bcd7d50

[LYD INFO in ncclAllReduce (all_reduce.cc)] rank 0 AllReduce Time: 0.000027000 seconds

[LYD INFO in getAlgoInfo (enqueue.cc)] algorithm a is: 0

[LYD INFO in getAlgoInfo (enqueue.cc)] algorithm a is: 1

[LYD INFO in getAlgoInfo (enqueue.cc)] rank: 0, Duration between Point 1 and Point 2: 0.000013000 seconds

[LYD INFO in getAlgoInfo (enqueue.cc)] rank 0, Duration between Point 2 and Point 3: 0.000000000 seconds
[LYD INFO in getAlgoInfo (enqueue.cc)] out rank: 0
[LYD INFO in getAlgoInfo (enqueue.cc)] out coll: 4
[LYD INFO in getAlgoInfo (enqueue.cc)] out sendbuff address: 0x150e1f800400
[LYD INFO in getAlgoInfo (enqueue.cc)] out recvbuff address: 0x150e1f800400
[LYD INFO in getAlgoInfo (enqueue.cc)] out count: 1
[LYD INFO in getAlgoInfo (enqueue.cc)] out datatype: 1
[LYD INFO in getAlgoInfo (enqueue.cc)] out chunkSteps: 4
[LYD INFO in getAlgoInfo (enqueue.cc)] out sliceSteps: 2
[LYD INFO in getAlgoInfo (enqueue.cc)] out algorithm: 0
[LYD INFO in getAlgoInfo (enqueue.cc)] out protocol: 0
[LYD INFO in getAlgoInfo (enqueue.cc)] out nChannels: 1
[LYD INFO in getAlgoInfo (enqueue.cc)] out nThreads: 96
[LYD INFO in getAlgoInfo (enqueue.cc)] out nBytes: 1
[LYD INFO in getAlgoInfo (enqueue.cc)] out nstepsPerLoop: 0
[LYD INFO in getAlgoInfo (enqueue.cc)] out nchunksPerLoop: 0
[LYD INFO in getAlgoInfo (enqueue.cc)] out chunkSize: 0
[LYD INFO in ncclLaunchKernel (enqueue.cc)] NCHANNELS is: 4
[LYD INFO in NCCL_KERN_NAME (common.h)] 1 AllReduce TREE LL Sum uint8_t Elapsed time: 65823 us

[LYD INFO in NCCL_KERN_NAME (common.h)] 2 AllReduce TREE LL Sum uint8_t Elapsed time: 11657 us
x3006c0s31b1n0:720:720 [1] NCCL INFO AllReduce: opCount 6 sendbuff 0x14e38b000400 recvbuff 0x14e38b000400 count 1 datatype 1 op 0 root 0 comm 0x55d47b9cb9a0 [nranks=20] stream 0x55d498d04c00
[LYD INFO in ncclLaunchKernel (enqueue.cc)] NCHANNELS is: 4x3006c0s31b1n0:725:725 [2] NCCL INFO AllReduce: opCount 6 sendbuff 0x15062f600400 recvbuff 0x15062f600400 count 1 datatype 1 op 0 root 0 comm 0x55a16df6d200 [nranks=20] stream 0x55a18936d510
[LYD INFO in ncclLaunchKernel (enqueue.cc)] NCHANNELS is: 4
[LYD INFO in NCCL_KERN_NAME (common.h)] 0 AllReduce TREE LL Sum uint8_t Elapsed time: 80928 us
[after model, optimizer, and learning rate scheduler are built] datetime: 2023-11-04 03:57:50 
> building train, validation, and test datasets ...
 > datasets target sizes (minimum size):
    train:      12000
    validation: 1320
    test:       120
> building train, validation, and test datasets for GPT ...
 > building dataset index ...

[LYD INFO in NCCL_KERN_NAME (common.h)] 3 AllReduce TREE LL Sum uint8_t Elapsed time: 91647 us

[LYD INFO in NCCL_KERN_NAME (common.h)] 2 AllReduce TREE LL Sum uint8_t Elapsed time: 63874 us

[LYD INFO in NCCL_KERN_NAME (common.h)] 1 AllReduce TREE LL Sum uint8_t Elapsed time: 78587 us
    reading sizes...
    reading pointers...
    reading document index...
    creating numpy buffer of mmap...
    creating memory view of numpy buffer...
 > finished creating indexed dataset in 0.012487 seconds
    number of documents: 35
 > dataset split:
    train:
     document indices in [0, 34) total of 34 documents
    validation:
     document indices in [34, 35) total of 1 documents
    test:
     document indices in [35, 35) total of 0 documents
NCCL version 2.14.3+cuda11.8
x3006c0s31b1n0:725:725 [2] NCCL INFO init.cc:1147 Cuda Host Alloc Size 4 pointer 0x1505f0e00400
x3006c0s31b1n0:727:727 [3] NCCL INFO init.cc:1147 Cuda Host Alloc Size 4 pointer 0x148c97400400
x3006c0s31b1n0:716:716 [0] NCCL INFO init.cc:1147 Cuda Host Alloc Size 4 pointer 0x150ddf000800
x3006c0s31b1n0:720:720 [1] NCCL INFO init.cc:1147 Cuda Host Alloc Size 4 pointer 0x14e38f400800
x3006c0s31b1n0:720:4696 [1] NCCL INFO Using network IB
x3006c0s31b1n0:725:4691 [2] NCCL INFO Using network IB
x3006c0s31b1n0:727:4693 [3] NCCL INFO Using network IB
x3006c0s31b1n0:716:4695 [0] NCCL INFO Using network IB
x3006c0s31b1n0:727:4693 [3] NCCL INFO NET/IB : GPU Direct RDMA Enabled for HCA 0 'mlx5_0'
x3006c0s31b1n0:727:4693 [3] NCCL INFO NET/IB : GPU Direct RDMA Enabled for HCA 1 'mlx5_1'
x3006c0s31b1n0:727:4693 [3] NCCL INFO GPU Direct RDMA Disabled for GPU 85000 / HCA 0 (distance 7 > 4)
x3006c0s31b1n0:727:4693 [3] NCCL INFO GPU Direct RDMA Disabled for GPU c7000 / HCA 0 (distance 6 > 4)
x3006c0s31b1n0:727:4693 [3] NCCL INFO GPU Direct RDMA Disabled for GPU 85000 / HCA 1 (distance 7 > 4)
x3006c0s31b1n0:727:4693 [3] NCCL INFO GPU Direct RDMA Disabled for GPU c7000 / HCA 1 (distance 7 > 4)
x3006c0s31b1n0:727:4693 [3] NCCL INFO === System : maxBw 88.0 totalBw 88.0 ===
x3006c0s31b1n0:727:4693 [3] NCCL INFO CPU/1 (1/2/-1)
x3006c0s31b1n0:727:4693 [3] NCCL INFO + SYS[5000.0] - CPU/0
x3006c0s31b1n0:727:4693 [3] NCCL INFO + SYS[5000.0] - CPU/2
x3006c0s31b1n0:727:4693 [3] NCCL INFO + PCI[24.0] - PCI/83000 (11f8406811f8beef)
x3006c0s31b1n0:727:4693 [3] NCCL INFO               + PCI[24.0] - GPU/85000 (0)
x3006c0s31b1n0:727:4693 [3] NCCL INFO                             + NVL[88.0] - GPU/C7000
x3006c0s31b1n0:727:4693 [3] NCCL INFO CPU/0 (1/2/-1)
x3006c0s31b1n0:727:4693 [3] NCCL INFO + SYS[5000.0] - CPU/1
x3006c0s31b1n0:727:4693 [3] NCCL INFO + SYS[5000.0] - CPU/2
x3006c0s31b1n0:727:4693 [3] NCCL INFO + PCI[24.0] - PCI/C5000 (11f8406811f8beef)
x3006c0s31b1n0:727:4693 [3] NCCL INFO               + PCI[24.0] - GPU/C7000 (1)
x3006c0s31b1n0:727:4693 [3] NCCL INFO                             + NVL[88.0] - GPU/85000
x3006c0s31b1n0:727:4693 [3] NCCL INFO + PCI[12.0] - NIC/C8000
x3006c0s31b1n0:727:4693 [3] NCCL INFO CPU/2 (1/2/-1)
x3006c0s31b1n0:727:4693 [3] NCCL INFO + SYS[5000.0] - CPU/1
x3006c0s31b1n0:727:4693 [3] NCCL INFO + SYS[5000.0] - CPU/0
x3006c0s31b1n0:727:4693 [3] NCCL INFO + PCI[12.0] - NIC/43000
x3006c0s31b1n0:727:4693 [3] NCCL INFO ==========================================
x3006c0s31b1n0:727:4693 [3] NCCL INFO GPU/85000 :GPU/85000 (0/5000.000000/LOC) GPU/C7000 (1/88.000000/NVL) CPU/1 (2/24.000000/PHB) CPU/0 (3/24.000000/SYS) CPU/2 (3/24.000000/SYS) 
x3006c0s31b1n0:727:4693 [3] NCCL INFO GPU/C7000 :GPU/85000 (1/88.000000/NVL) GPU/C7000 (0/5000.000000/LOC) CPU/1 (3/24.000000/SYS) CPU/0 (2/24.000000/PHB) CPU/2 (3/24.000000/SYS) 
x3006c0s31b1n0:727:4693 [3] NCCL INFO Setting affinity for GPU 3 to 01
x3006c0s31b1n0:727:4693 [3] NCCL INFO Pattern 4, crossNic 0, nChannels 4, bw 22.000000/22.000000, type NVL/PIX, sameChannels 1
x3006c0s31b1n0:727:4693 [3] NCCL INFO  0 : GPU/0 GPU/1
x3006c0s31b1n0:727:4693 [3] NCCL INFO  1 : GPU/0 GPU/1
x3006c0s31b1n0:727:4693 [3] NCCL INFO  2 : GPU/0 GPU/1
x3006c0s31b1n0:727:4693 [3] NCCL INFO  3 : GPU/0 GPU/1
x3006c0s31b1n0:727:4693 [3] NCCL INFO Pattern 1, crossNic 0, nChannels 4, bw 22.000000/22.000000, type NVL/PIX, sameChannels 1
x3006c0s31b1n0:727:4693 [3] NCCL INFO  0 : GPU/0 GPU/1
x3006c0s31b1n0:727:4693 [3] NCCL INFO  1 : GPU/0 GPU/1
x3006c0s31b1n0:727:4693 [3] NCCL INFO  2 : GPU/0 GPU/1
x3006c0s31b1n0:727:4693 [3] NCCL INFO  3 : GPU/0 GPU/1
x3006c0s31b1n0:727:4693 [3] NCCL INFO Pattern 3, crossNic 0, nChannels 4, bw 44.000000/44.000000, type NVL/PIX, sameChannels 0
x3006c0s31b1n0:727:4693 [3] NCCL INFO  0 : GPU/0 GPU/1
x3006c0s31b1n0:727:4693 [3] NCCL INFO  1 : GPU/0 GPU/1
x3006c0s31b1n0:727:4693 [3] NCCL INFO  2 : GPU/1 GPU/0
x3006c0s31b1n0:727:4693 [3] NCCL INFO  3 : GPU/1 GPU/0
x3006c0s31b1n0:720:4696 [1] NCCL INFO NET/IB : GPU Direct RDMA Enabled for HCA 0 'mlx5_0'
x3006c0s31b1n0:720:4696 [1] NCCL INFO NET/IB : GPU Direct RDMA Enabled for HCA 1 'mlx5_1'
x3006c0s31b1n0:720:4696 [1] NCCL INFO GPU Direct RDMA Disabled for GPU 7000 / HCA 1 (distance 7 > 4)
x3006c0s31b1n0:720:4696 [1] NCCL INFO GPU Direct RDMA Disabled for GPU 46000 / HCA 1 (distance 6 > 4)
x3006c0s31b1n0:720:4696 [1] NCCL INFO GPU Direct RDMA Disabled for GPU 7000 / HCA 0 (distance 7 > 4)
x3006c0s31b1n0:720:4696 [1] NCCL INFO GPU Direct RDMA Disabled for GPU 46000 / HCA 0 (distance 7 > 4)
x3006c0s31b1n0:720:4696 [1] NCCL INFO === System : maxBw 88.0 totalBw 88.0 ===
x3006c0s31b1n0:720:4696 [1] NCCL INFO CPU/3 (1/2/-1)
x3006c0s31b1n0:720:4696 [1] NCCL INFO + SYS[5000.0] - CPU/2
x3006c0s31b1n0:720:4696 [1] NCCL INFO + SYS[5000.0] - CPU/0
x3006c0s31b1n0:720:4696 [1] NCCL INFO + PCI[24.0] - PCI/5000 (11f8406811f8beef)
x3006c0s31b1n0:720:4696 [1] NCCL INFO               + PCI[24.0] - GPU/7000 (0)
x3006c0s31b1n0:720:4696 [1] NCCL INFO                             + NVL[88.0] - GPU/46000
x3006c0s31b1n0:720:4696 [1] NCCL INFO CPU/2 (1/2/-1)
x3006c0s31b1n0:720:4696 [1] NCCL INFO + SYS[5000.0] - CPU/3
x3006c0s31b1n0:720:4696 [1] NCCL INFO + SYS[5000.0] - CPU/0
x3006c0s31b1n0:720:4696 [1] NCCL INFO + PCI[24.0] - PCI/44000 (11f8406811f8beef)
x3006c0s31b1n0:720:4696 [1] NCCL INFO               + PCI[24.0] - GPU/46000 (1)
