x3012c0s13b0n0:54483:55619 [1] NCCL INFO GPU Direct RDMA Disabled for GPU 46000 / HCA 1 (distance 6 > 4)
x3012c0s13b0n0:54483:55784 [1] NCCL INFO Mem Realloc old size 0, new size 8 pointer 0x146b94000c60
x3012c0s13b0n0:54483:55784 [1] NCCL INFO Allocated 4194656 bytes of shared memory in /dev/shm/nccl-DEHMEY

x3012c0s13b0n0:54483:55784 [1] NCCL INFO New proxy recv connection 0 from local rank 1, transport 2
x3012c0s13b0n0:54482:55589 [0] NCCL INFO Connection to proxy localRank 0 -> connection 0x155370000c80
x3012c0s13b0n0:54482:55783 [0] NCCL INFO transport/p2p.cc:430 Cuda Alloc Size 6291456 pointer 0x155376000000
x3012c0s13b0n0:54483:55619 [1] NCCL INFO Connection to proxy localRank 1 -> connection 0x146b94000c80
x3012c0s13b0n0:54484:55622 [2] NCCL INFO Ring 00 : 0 -> 2 -> 3
x3012c0s13b0n0:54484:55622 [2] NCCL INFO Ring 01 : 0 -> 2 -> 3
x3012c0s13b0n0:54484:55622 [2] NCCL INFO Ring 02 : 0 -> 2 -> 3
x3012c0s13b0n0:54484:55622 [2] NCCL INFO Ring 03 : 0 -> 2 -> 3
x3012c0s13b0n0:54484:55622 [2] NCCL INFO Trees [0] 3/-1/-1->2->1 [1] 3/-1/-1->2->1 [2] 3/-1/-1->2->1 [3] 3/-1/-1->2->1
x3012c0s13b0n0:54484:55622 [2] NCCL INFO misc/utils.cc:235 memory stack hunk malloc(65536)
x3012c0s13b0n0:54484:55622 [2] NCCL INFO channel.cc:23 Cuda Alloc Size 8064 pointer 0x152f0f800000
x3012c0s13b0n0:54484:55622 [2] NCCL INFO channel.cc:27 Cuda Alloc Size 80 pointer 0x152f0f802000
x3012c0s13b0n0:54484:55622 [2] NCCL INFO channel.cc:23 Cuda Alloc Size 8064 pointer 0x152f0f802200
x3012c0s13b0n0:54484:55622 [2] NCCL INFO channel.cc:27 Cuda Alloc Size 80 pointer 0x152f0f804200
x3012c0s13b0n0:54484:55622 [2] NCCL INFO channel.cc:23 Cuda Alloc Size 8064 pointer 0x152f0f804400
x3012c0s13b0n0:54484:55622 [2] NCCL INFO channel.cc:27 Cuda Alloc Size 80 pointer 0x152f0f806400
x3012c0s13b0n0:54484:55622 [2] NCCL INFO channel.cc:23 Cuda Alloc Size 8064 pointer 0x152f0f806600
x3012c0s13b0n0:54484:55622 [2] NCCL INFO channel.cc:27 Cuda Alloc Size 80 pointer 0x152f0f808600
x3012c0s13b0n0:54484:55622 [2] NCCL INFO Channel 00/0 : 2[85000] -> 3[c7000] via P2P/IPC/read
x3012c0s13b0n0:54484:55785 [2] NCCL INFO Mem Realloc old size 0, new size 8 pointer 0x152f00000c60
x3012c0s13b0n0:54484:55785 [2] NCCL INFO New proxy send connection 0 from local rank 2, transport 0
x3012c0s13b0n0:54484:55622 [2] NCCL INFO Connection to proxy localRank 2 -> connection 0x152f00000c80
x3012c0s13b0n0:54482:55589 [0] NCCL INFO Channel 01/0 : 0[7000] -> 2[85000] via P2P/IPC/read
x3012c0s13b0n0:54482:55783 [0] NCCL INFO New proxy send connection 1 from local rank 0, transport 0
x3012c0s13b0n0:54483:55619 [1] NCCL INFO Channel 00/0 : 19[c7000] -> 1[46000] [receive] via NET/IB/1
x3012c0s13b0n0:54483:55619 [1] NCCL INFO GPU Direct RDMA Disabled for GPU 46000 / HCA 0 (distance 7 > 4)
x3012c0s13b0n0:54483:55784 [1] NCCL INFO New proxy recv connection 1 from local rank 1, transport 2
x3012c0s13b0n0:54485:55621 [3] NCCL INFO Ring 00 : 2 -> 3 -> 5
x3012c0s13b0n0:54485:55621 [3] NCCL INFO Ring 01 : 2 -> 3 -> 5
x3012c0s13b0n0:54485:55621 [3] NCCL INFO Ring 02 : 2 -> 3 -> 5
x3012c0s13b0n0:54485:55621 [3] NCCL INFO Ring 03 : 2 -> 3 -> 5
x3012c0s13b0n0:54485:55621 [3] NCCL INFO Trees [0] -1/-1/-1->3->2 [1] -1/-1/-1->3->2 [2] -1/-1/-1->3->2 [3] -1/-1/-1->3->2
x3012c0s13b0n0:54485:55621 [3] NCCL INFO misc/utils.cc:235 memory stack hunk malloc(65536)
x3012c0s13b0n0:54485:55621 [3] NCCL INFO channel.cc:23 Cuda Alloc Size 8064 pointer 0x1534d3e00000
x3012c0s13b0n0:54485:55621 [3] NCCL INFO channel.cc:27 Cuda Alloc Size 80 pointer 0x1534d3e02000
x3012c0s13b0n0:54485:55621 [3] NCCL INFO channel.cc:23 Cuda Alloc Size 8064 pointer 0x1534d3e02200
x3012c0s13b0n0:54485:55621 [3] NCCL INFO channel.cc:27 Cuda Alloc Size 80 pointer 0x1534d3e04200
x3012c0s13b0n0:54485:55621 [3] NCCL INFO channel.cc:23 Cuda Alloc Size 8064 pointer 0x1534d3e04400
x3012c0s13b0n0:54485:55621 [3] NCCL INFO channel.cc:27 Cuda Alloc Size 80 pointer 0x1534d3e06400
x3012c0s13b0n0:54485:55621 [3] NCCL INFO channel.cc:23 Cuda Alloc Size 8064 pointer 0x1534d3e06600
x3012c0s13b0n0:54485:55621 [3] NCCL INFO channel.cc:27 Cuda Alloc Size 80 pointer 0x1534d3e08600
x3012c0s13b0n0:54485:55786 [3] NCCL INFO Mem Realloc old size 0, new size 8 pointer 0x15348c000c60
x3012c0s13b0n0:54485:55786 [3] NCCL INFO New proxy recv connection 0 from local rank 3, transport 0
x3012c0s13b0n0:54484:55785 [2] NCCL INFO transport/p2p.cc:430 Cuda Alloc Size 6291456 pointer 0x152f0fa00000
x3012c0s13b0n0:54482:55589 [0] NCCL INFO Connection to proxy localRank 0 -> connection 0x155370000cc0
x3012c0s13b0n0:54482:55783 [0] NCCL INFO transport/p2p.cc:430 Cuda Alloc Size 6291456 pointer 0x155376600000
x3012c0s13b0n0:54485:55621 [3] NCCL INFO Connection to proxy localRank 3 -> connection 0x15348c000c80
x3012c0s13b0n0:54485:55786 [3] NCCL INFO transport/p2p.cc:449 Cuda Alloc Size 6291456 pointer 0x1534d4000000
x3012c0s13b0n0:54484:55622 [2] NCCL INFO Channel 01/0 : 2[85000] -> 3[c7000] via P2P/IPC/read
x3012c0s13b0n0:54484:55785 [2] NCCL INFO New proxy send connection 1 from local rank 2, transport 0
x3012c0s13b0n0:54483:55619 [1] NCCL INFO Connection to proxy localRank 1 -> connection 0x146b94000cc0
x3012c0s13b0n0:54485:55786 [3] NCCL INFO New proxy recv connection 1 from local rank 3, transport 0
x3012c0s13b0n0:54484:55622 [2] NCCL INFO Connection to proxy localRank 2 -> connection 0x152f00000cc0
x3012c0s13b0n0:54484:55785 [2] NCCL INFO transport/p2p.cc:430 Cuda Alloc Size 6291456 pointer 0x152f06000000
x3012c0s13b0n0:54482:55589 [0] NCCL INFO Channel 02/0 : 0[7000] -> 2[85000] via P2P/IPC/read
x3012c0s13b0n0:54482:55783 [0] NCCL INFO New proxy send connection 2 from local rank 0, transport 0
x3012c0s13b0n0:54483:55619 [1] NCCL INFO Channel 01/0 : 19[c7000] -> 1[46000] [receive] via NET/IB/0
x3012c0s13b0n0:54483:55619 [1] NCCL INFO GPU Direct RDMA Disabled for GPU 46000 / HCA 1 (distance 6 > 4)
x3012c0s13b0n0:54483:55784 [1] NCCL INFO New proxy recv connection 2 from local rank 1, transport 2
x3012c0s13b0n0:54485:55621 [3] NCCL INFO Connection to proxy localRank 3 -> connection 0x15348c000cc0
x3012c0s13b0n0:54485:55786 [3] NCCL INFO transport/p2p.cc:449 Cuda Alloc Size 6291456 pointer 0x1534d4600000
x3012c0s13b0n0:54484:55622 [2] NCCL INFO Channel 02/0 : 2[85000] -> 3[c7000] via P2P/IPC/read
x3012c0s13b0n0:54484:55785 [2] NCCL INFO New proxy send connection 2 from local rank 2, transport 0
x3012c0s13b0n0:54483:55619 [1] NCCL INFO Connection to proxy localRank 1 -> connection 0x146b94000d00
x3012c0s13b0n0:54482:55589 [0] NCCL INFO Connection to proxy localRank 0 -> connection 0x155370000d00
x3012c0s13b0n0:54482:55783 [0] NCCL INFO transport/p2p.cc:430 Cuda Alloc Size 6291456 pointer 0x155376c00000
x3012c0s13b0n0:54483:55619 [1] NCCL INFO Channel 02/0 : 19[c7000] -> 1[46000] [receive] via NET/IB/1
x3012c0s13b0n0:54483:55619 [1] NCCL INFO GPU Direct RDMA Disabled for GPU 46000 / HCA 0 (distance 7 > 4)
x3012c0s13b0n0:54483:55784 [1] NCCL INFO New proxy recv connection 3 from local rank 1, transport 2
x3012c0s13b0n0:54485:55786 [3] NCCL INFO New proxy recv connection 2 from local rank 3, transport 0
x3012c0s13b0n0:54484:55622 [2] NCCL INFO Connection to proxy localRank 2 -> connection 0x152f00000d00
x3012c0s13b0n0:54484:55785 [2] NCCL INFO transport/p2p.cc:430 Cuda Alloc Size 6291456 pointer 0x152f06600000
x3012c0s13b0n0:54482:55589 [0] NCCL INFO Channel 03/0 : 0[7000] -> 2[85000] via P2P/IPC/read
x3012c0s13b0n0:54482:55783 [0] NCCL INFO New proxy send connection 3 from local rank 0, transport 0
x3012c0s13b0n0:54483:55619 [1] NCCL INFO Connection to proxy localRank 1 -> connection 0x146b94000d40
x3012c0s13b0n0:54484:55622 [2] NCCL INFO Channel 03/0 : 2[85000] -> 3[c7000] via P2P/IPC/read
x3012c0s13b0n0:54484:55785 [2] NCCL INFO New proxy send connection 3 from local rank 2, transport 0
x3012c0s13b0n0:54485:55621 [3] NCCL INFO Connection to proxy localRank 3 -> connection 0x15348c000d00
x3012c0s13b0n0:54485:55786 [3] NCCL INFO transport/p2p.cc:449 Cuda Alloc Size 6291456 pointer 0x1534d4c00000
x3012c0s13b0n0:54483:55619 [1] NCCL INFO Channel 03/0 : 19[c7000] -> 1[46000] [receive] via NET/IB/0
x3012c0s13b0n0:54485:55786 [3] NCCL INFO New proxy recv connection 3 from local rank 3, transport 0
x3012c0s13b0n0:54484:55622 [2] NCCL INFO Connection to proxy localRank 2 -> connection 0x152f00000d40
x3012c0s13b0n0:54484:55785 [2] NCCL INFO transport/p2p.cc:430 Cuda Alloc Size 6291456 pointer 0x152f06c00000
x3012c0s13b0n0:54482:55589 [0] NCCL INFO Connection to proxy localRank 0 -> connection 0x155370000d40
x3012c0s13b0n0:54482:55783 [0] NCCL INFO transport/p2p.cc:430 Cuda Alloc Size 6291456 pointer 0x155377200000
x3012c0s13b0n0:54485:55621 [3] NCCL INFO Connection to proxy localRank 3 -> connection 0x15348c000d40
x3012c0s13b0n0:54485:55786 [3] NCCL INFO transport/p2p.cc:449 Cuda Alloc Size 6291456 pointer 0x1534d5200000
x3012c0s13b0n0:54485:55621 [3] NCCL INFO GPU Direct RDMA Disabled for GPU c7000 / HCA 1 (distance 7 > 4)
x3012c0s13b0n0:54485:55786 [3] NCCL INFO Allocated 4194656 bytes of shared memory in /dev/shm/nccl-ljBtu8

x3012c0s13b0n0:54485:55786 [3] NCCL INFO New proxy send connection 4 from local rank 3, transport 2
x3012c0s13b0n0:54484:55785 [2] NCCL INFO New proxy recv connection 4 from local rank 2, transport 0
x3012c0s13b0n0:54485:55621 [3] NCCL INFO Connection to proxy localRank 3 -> connection 0x15348c000d80
x3012c0s13b0n0:54485:55621 [3] NCCL INFO Channel 00/0 : 3[c7000] -> 5[46000] [send] via NET/IB/1
x3012c0s13b0n0:54485:55621 [3] NCCL INFO GPU Direct RDMA Disabled for GPU c7000 / HCA 0 (distance 6 > 4)
x3012c0s13b0n0:54483:55784 [1] NCCL INFO transport/net_ib.cc:683 Ib Alloc Size 21688 pointer 0x146b9401d000
x3012c0s13b0n0:54483:55784 [1] NCCL INFO transport/net_ib.cc:696 Ib Alloc Size 552 pointer 0x146b94024000
x3012c0s13b0n0:54485:55786 [3] NCCL INFO New proxy send connection 5 from local rank 3, transport 2
x3012c0s13b0n0:54484:55622 [2] NCCL INFO Connection to proxy localRank 2 -> connection 0x152f00000d80
x3012c0s13b0n0:54484:55785 [2] NCCL INFO transport/p2p.cc:449 Cuda Alloc Size 6291456 pointer 0x152efec00000
x3012c0s13b0n0:54485:55621 [3] NCCL INFO Connection to proxy localRank 3 -> connection 0x15348c000dc0
x3012c0s13b0n0:54485:55621 [3] NCCL INFO Channel 01/0 : 3[c7000] -> 5[46000] [send] via NET/IB/0
x3012c0s13b0n0:54485:55621 [3] NCCL INFO GPU Direct RDMA Disabled for GPU c7000 / HCA 1 (distance 7 > 4)
x3012c0s13b0n0:54485:55786 [3] NCCL INFO New proxy send connection 6 from local rank 3, transport 2
x3012c0s13b0n0:54484:55785 [2] NCCL INFO New proxy recv connection 5 from local rank 2, transport 0
x3012c0s13b0n0:54483:55784 [1] NCCL INFO transport/net_ib.cc:771 Ib Alloc Size 552 pointer 0x146b9404b000
x3012c0s13b0n0:54483:55784 [1] NCCL INFO transport/net.cc:698 Cuda Host Alloc Size 9641984 pointer 0x146b92000000
x3012c0s13b0n0:54483:55784 [1] NCCL INFO Mem Realloc old size 0, new size 768 pointer 0x146b940406b0
x3012c0s13b0n0:54483:55784 [1] NCCL INFO transport/net_ib.cc:683 Ib Alloc Size 21688 pointer 0x146b9404d000
x3012c0s13b0n0:54483:55784 [1] NCCL INFO transport/net_ib.cc:696 Ib Alloc Size 552 pointer 0x146b94054000
x3012c0s13b0n0:54485:55621 [3] NCCL INFO Connection to proxy localRank 3 -> connection 0x15348c000e00
x3012c0s13b0n0:54485:55621 [3] NCCL INFO Channel 02/0 : 3[c7000] -> 5[46000] [send] via NET/IB/1
x3012c0s13b0n0:54485:55621 [3] NCCL INFO GPU Direct RDMA Disabled for GPU c7000 / HCA 0 (distance 6 > 4)
x3012c0s13b0n0:54485:55786 [3] NCCL INFO New proxy send connection 7 from local rank 3, transport 2
x3012c0s13b0n0:54484:55622 [2] NCCL INFO Connection to proxy localRank 2 -> connection 0x152f00000dc0
x3012c0s13b0n0:54484:55785 [2] NCCL INFO transport/p2p.cc:449 Cuda Alloc Size 6291456 pointer 0x152eff200000
x3012c0s13b0n0:54483:55784 [1] NCCL INFO transport/net_ib.cc:771 Ib Alloc Size 552 pointer 0x146b94079000
x3012c0s13b0n0:54483:55784 [1] NCCL INFO transport/net.cc:698 Cuda Host Alloc Size 9641984 pointer 0x146b92a00000
x3012c0s13b0n0:54483:55784 [1] NCCL INFO Mem Realloc old size 0, new size 768 pointer 0x146b9406e880
x3012c0s13b0n0:54484:55785 [2] NCCL INFO New proxy recv connection 6 from local rank 2, transport 0
x3012c0s13b0n0:54484:55622 [2] NCCL INFO Connection to proxy localRank 2 -> connection 0x152f00000e00
x3012c0s13b0n0:54484:55785 [2] NCCL INFO transport/p2p.cc:449 Cuda Alloc Size 6291456 pointer 0x152eff800000
x3012c0s13b0n0:54483:55784 [1] NCCL INFO transport/net_ib.cc:683 Ib Alloc Size 21688 pointer 0x146b9407b000
x3012c0s13b0n0:54483:55784 [1] NCCL INFO transport/net_ib.cc:696 Ib Alloc Size 552 pointer 0x146b94082000
x3012c0s13b0n0:54483:55784 [1] NCCL INFO transport/net_ib.cc:771 Ib Alloc Size 552 pointer 0x146b9409d000
x3012c0s13b0n0:54483:55784 [1] NCCL INFO transport/net.cc:698 Cuda Host Alloc Size 9641984 pointer 0x146b93400000
x3012c0s13b0n0:54485:55621 [3] NCCL INFO Connection to proxy localRank 3 -> connection 0x15348c000e40
x3012c0s13b0n0:54485:55621 [3] NCCL INFO Channel 03/0 : 3[c7000] -> 5[46000] [send] via NET/IB/0
x3012c0s13b0n0:54485:55786 [3] NCCL INFO transport/net_ib.cc:596 Ib Alloc Size 26560 pointer 0x15348c020000
x3012c0s13b0n0:54485:55786 [3] NCCL INFO NET/IB: Dev 1 Port 1 qpn 23972 mtu 5 GID 0 (80FE/9A1100FEFF000000)
x3012c0s13b0n0:54485:55786 [3] NCCL INFO transport/net_ib.cc:653 Ib Alloc Size 552 pointer 0x15348c042000
x3012c0s13b0n0:54485:55786 [3] NCCL INFO transport/net.cc:571 Cuda Host Alloc Size 9641984 pointer 0x1534d7000000
x3012c0s13b0n0:54485:55786 [3] NCCL INFO Mem Realloc old size 0, new size 768 pointer 0x15348c02f5c0
x3012c0s13b0n0:54483:55784 [1] NCCL INFO transport/net_ib.cc:683 Ib Alloc Size 21688 pointer 0x146b9409f000
x3012c0s13b0n0:54484:55785 [2] NCCL INFO New proxy recv connection 7 from local rank 2, transport 0
x3012c0s13b0n0:54485:55786 [3] NCCL INFO transport/net_ib.cc:596 Ib Alloc Size 26560 pointer 0x15348c042000
x3012c0s13b0n0:54485:55786 [3] NCCL INFO NET/IB: Dev 0 Port 1 qpn 25108 mtu 5 GID 0 (80FE/DF1100FEFF000000)
x3012c0s13b0n0:54485:55786 [3] NCCL INFO transport/net_ib.cc:653 Ib Alloc Size 552 pointer 0x15348c064000
x3012c0s13b0n0:54485:55786 [3] NCCL INFO transport/net.cc:571 Cuda Host Alloc Size 9641984 pointer 0x1534d7a00000
x3012c0s13b0n0:54485:55786 [3] NCCL INFO Mem Realloc old size 0, new size 768 pointer 0x15348c051c50
x3012c0s13b0n0:54484:55622 [2] NCCL INFO Connection to proxy localRank 2 -> connection 0x152f00000e40
x3012c0s13b0n0:54484:55785 [2] NCCL INFO transport/p2p.cc:449 Cuda Alloc Size 6291456 pointer 0x152efc000000
x3012c0s13b0n0:54483:55784 [1] NCCL INFO transport/net_ib.cc:696 Ib Alloc Size 552 pointer 0x146b940a6000
x3012c0s13b0n0:54485:55786 [3] NCCL INFO transport/net_ib.cc:596 Ib Alloc Size 26560 pointer 0x15348c066000
x3012c0s13b0n0:54484:55622 [2] NCCL INFO Connected all rings
x3012c0s13b0n0:54484:55785 [2] NCCL INFO New proxy recv connection 8 from local rank 2, transport 0
x3012c0s13b0n0:54483:55784 [1] NCCL INFO transport/net_ib.cc:771 Ib Alloc Size 552 pointer 0x146b940c1000
x3012c0s13b0n0:54482:55783 [0] NCCL INFO New proxy recv connection 4 from local rank 0, transport 0
x3012c0s13b0n0:54483:55784 [1] NCCL INFO transport/net.cc:698 Cuda Host Alloc Size 9641984 pointer 0x146b90000000
x3012c0s13b0n0:54485:55786 [3] NCCL INFO NET/IB: Dev 1 Port 1 qpn 23973 mtu 5 GID 0 (80FE/9A1100FEFF000000)
x3012c0s13b0n0:54485:55786 [3] NCCL INFO transport/net_ib.cc:653 Ib Alloc Size 552 pointer 0x15348c07d000
x3012c0s13b0n0:54485:55786 [3] NCCL INFO transport/net.cc:571 Cuda Host Alloc Size 9641984 pointer 0x1534d8400000
x3012c0s13b0n0:54483:55619 [1] NCCL INFO Channel 00/0 : 1[46000] -> 0[7000] via P2P/IPC/read
x3012c0s13b0n0:54483:55784 [1] NCCL INFO New proxy send connection 4 from local rank 1, transport 0
x3012c0s13b0n0:54483:55619 [1] NCCL INFO Connection to proxy localRank 1 -> connection 0x146b94000d80
x3012c0s13b0n0:54485:55786 [3] NCCL INFO transport/net_ib.cc:596 Ib Alloc Size 26560 pointer 0x15348c07f000
x3012c0s13b0n0:54482:55589 [0] NCCL INFO Connection to proxy localRank 0 -> connection 0x155370000d80
x3012c0s13b0n0:54482:55783 [0] NCCL INFO transport/p2p.cc:449 Cuda Alloc Size 6291456 pointer 0x15536f200000
x3012c0s13b0n0:54484:55622 [2] NCCL INFO Connection to proxy localRank 2 -> connection 0x152f00000e80
x3012c0s13b0n0:54484:55785 [2] NCCL INFO transport/p2p.cc:449 Cuda Alloc Size 6291456 pointer 0x152efa000000
x3012c0s13b0n0:54483:55784 [1] NCCL INFO transport/p2p.cc:430 Cuda Alloc Size 6291456 pointer 0x146b90a00000
x3012c0s13b0n0:54485:55786 [3] NCCL INFO NET/IB: Dev 0 Port 1 qpn 25111 mtu 5 GID 0 (80FE/DF1100FEFF000000)
x3012c0s13b0n0:54485:55786 [3] NCCL INFO transport/net_ib.cc:653 Ib Alloc Size 552 pointer 0x15348c096000
x3012c0s13b0n0:54485:55786 [3] NCCL INFO transport/net.cc:571 Cuda Host Alloc Size 9641984 pointer 0x1534d8e00000
x3012c0s13b0n0:54483:55619 [1] NCCL INFO Channel 01/0 : 1[46000] -> 0[7000] via P2P/IPC/read
x3012c0s13b0n0:54483:55784 [1] NCCL INFO New proxy send connection 5 from local rank 1, transport 0
x3012c0s13b0n0:54483:55619 [1] NCCL INFO Connection to proxy localRank 1 -> connection 0x146b94000dc0
x3012c0s13b0n0:54485:55621 [3] NCCL INFO Connected all rings
x3012c0s13b0n0:54485:55621 [3] NCCL INFO Channel 00/0 : 3[c7000] -> 2[85000] via P2P/IPC/read
x3012c0s13b0n0:54485:55786 [3] NCCL INFO New proxy send connection 8 from local rank 3, transport 0
x3012c0s13b0n0:54484:55785 [2] NCCL INFO New proxy recv connection 9 from local rank 2, transport 0
x3012c0s13b0n0:54482:55783 [0] NCCL INFO New proxy recv connection 5 from local rank 0, transport 0
x3012c0s13b0n0:54483:55784 [1] NCCL INFO transport/p2p.cc:430 Cuda Alloc Size 6291456 pointer 0x146b91000000
x3012c0s13b0n0:54485:55621 [3] NCCL INFO Connection to proxy localRank 3 -> connection 0x15348c000e80
x3012c0s13b0n0:54485:55786 [3] NCCL INFO transport/p2p.cc:430 Cuda Alloc Size 6291456 pointer 0x1534d9800000
x3012c0s13b0n0:54482:55589 [0] NCCL INFO Connection to proxy localRank 0 -> connection 0x155370000dc0
x3012c0s13b0n0:54482:55783 [0] NCCL INFO transport/p2p.cc:449 Cuda Alloc Size 6291456 pointer 0x15536f800000
x3012c0s13b0n0:54484:55622 [2] NCCL INFO Connection to proxy localRank 2 -> connection 0x152f00000ec0
x3012c0s13b0n0:54484:55785 [2] NCCL INFO transport/p2p.cc:449 Cuda Alloc Size 6291456 pointer 0x152efa600000
x3012c0s13b0n0:54483:55619 [1] NCCL INFO Channel 02/0 : 1[46000] -> 0[7000] via P2P/IPC/read
x3012c0s13b0n0:54483:55784 [1] NCCL INFO New proxy send connection 6 from local rank 1, transport 0
x3012c0s13b0n0:54482:55783 [0] NCCL INFO New proxy recv connection 6 from local rank 0, transport 0
x3012c0s13b0n0:54484:55785 [2] NCCL INFO New proxy recv connection 10 from local rank 2, transport 0
x3012c0s13b0n0:54485:55621 [3] NCCL INFO Channel 01/0 : 3[c7000] -> 2[85000] via P2P/IPC/read
x3012c0s13b0n0:54485:55786 [3] NCCL INFO New proxy send connection 9 from local rank 3, transport 0
x3012c0s13b0n0:54483:55619 [1] NCCL INFO Connection to proxy localRank 1 -> connection 0x146b94000e00
x3012c0s13b0n0:54482:55589 [0] NCCL INFO Connection to proxy localRank 0 -> connection 0x155370000e00
x3012c0s13b0n0:54482:55783 [0] NCCL INFO transport/p2p.cc:449 Cuda Alloc Size 6291456 pointer 0x15536c000000
x3012c0s13b0n0:54484:55622 [2] NCCL INFO Connection to proxy localRank 2 -> connection 0x152f00000f00
x3012c0s13b0n0:54484:55785 [2] NCCL INFO transport/p2p.cc:449 Cuda Alloc Size 6291456 pointer 0x152efac00000
x3012c0s13b0n0:54483:55784 [1] NCCL INFO transport/p2p.cc:430 Cuda Alloc Size 6291456 pointer 0x146b91600000
x3012c0s13b0n0:54483:55619 [1] NCCL INFO Channel 03/0 : 1[46000] -> 0[7000] via P2P/IPC/read
x3012c0s13b0n0:54483:55784 [1] NCCL INFO New proxy send connection 7 from local rank 1, transport 0
x3012c0s13b0n0:54483:55619 [1] NCCL INFO Connection to proxy localRank 1 -> connection 0x146b94000e40
x3012c0s13b0n0:54485:55621 [3] NCCL INFO Connection to proxy localRank 3 -> connection 0x15348c000ec0
x3012c0s13b0n0:54485:55786 [3] NCCL INFO transport/p2p.cc:430 Cuda Alloc Size 6291456 pointer 0x1534d9e00000
x3012c0s13b0n0:54482:55783 [0] NCCL INFO New proxy recv connection 7 from local rank 0, transport 0
x3012c0s13b0n0:54484:55785 [2] NCCL INFO New proxy recv connection 11 from local rank 2, transport 0
x3012c0s13b0n0:54483:55784 [1] NCCL INFO transport/p2p.cc:430 Cuda Alloc Size 6291456 pointer 0x146ba1a00000
x3012c0s13b0n0:54485:55621 [3] NCCL INFO Channel 02/0 : 3[c7000] -> 2[85000] via P2P/IPC/read
x3012c0s13b0n0:54485:55786 [3] NCCL INFO New proxy send connection 10 from local rank 3, transport 0
x3012c0s13b0n0:54485:55621 [3] NCCL INFO Connection to proxy localRank 3 -> connection 0x15348c000f00
x3012c0s13b0n0:54482:55589 [0] NCCL INFO Connection to proxy localRank 0 -> connection 0x155370000e40
x3012c0s13b0n0:54482:55783 [0] NCCL INFO transport/p2p.cc:449 Cuda Alloc Size 6291456 pointer 0x15536c600000
x3012c0s13b0n0:54484:55622 [2] NCCL INFO Connection to proxy localRank 2 -> connection 0x152f00000f40
x3012c0s13b0n0:54484:55785 [2] NCCL INFO transport/p2p.cc:449 Cuda Alloc Size 6291456 pointer 0x152efb200000
x3012c0s13b0n0:54482:55589 [0] NCCL INFO Connected all rings
x3012c0s13b0n0:54482:55589 [0] NCCL INFO Channel 00/0 : 0[7000] -> 1[46000] via P2P/IPC/read
x3012c0s13b0n0:54482:55783 [0] NCCL INFO New proxy send connection 8 from local rank 0, transport 0
x3012c0s13b0n0:54485:55786 [3] NCCL INFO transport/p2p.cc:430 Cuda Alloc Size 6291456 pointer 0x1534da400000
x3012c0s13b0n0:54485:55621 [3] NCCL INFO Channel 03/0 : 3[c7000] -> 2[85000] via P2P/IPC/read
x3012c0s13b0n0:54485:55786 [3] NCCL INFO New proxy send connection 11 from local rank 3, transport 0
x3012c0s13b0n0:54483:55619 [1] NCCL INFO Connected all rings
x3012c0s13b0n0:54483:55784 [1] NCCL INFO New proxy recv connection 8 from local rank 1, transport 0
x3012c0s13b0n0:54482:55589 [0] NCCL INFO Connection to proxy localRank 0 -> connection 0x155370000e80
x3012c0s13b0n0:54482:55783 [0] NCCL INFO transport/p2p.cc:430 Cuda Alloc Size 6291456 pointer 0x15536a600000
x3012c0s13b0n0:54485:55621 [3] NCCL INFO Connection to proxy localRank 3 -> connection 0x15348c000f40
x3012c0s13b0n0:54485:55786 [3] NCCL INFO transport/p2p.cc:430 Cuda Alloc Size 6291456 pointer 0x1534daa00000
x3012c0s13b0n0:54482:55589 [0] NCCL INFO Channel 01/0 : 0[7000] -> 1[46000] via P2P/IPC/read
x3012c0s13b0n0:54482:55783 [0] NCCL INFO New proxy send connection 9 from local rank 0, transport 0
x3012c0s13b0n0:54483:55619 [1] NCCL INFO Connection to proxy localRank 1 -> connection 0x146b94000e80
x3012c0s13b0n0:54483:55784 [1] NCCL INFO transport/p2p.cc:449 Cuda Alloc Size 6291456 pointer 0x146b8f800000
x3012c0s13b0n0:54482:55589 [0] NCCL INFO Connection to proxy localRank 0 -> connection 0x155370000ec0
x3012c0s13b0n0:54482:55783 [0] NCCL INFO transport/p2p.cc:430 Cuda Alloc Size 6291456 pointer 0x15536ac00000
x3012c0s13b0n0:54483:55784 [1] NCCL INFO New proxy recv connection 9 from local rank 1, transport 0
x3012c0s13b0n0:54482:55589 [0] NCCL INFO Channel 02/0 : 0[7000] -> 1[46000] via P2P/IPC/read
x3012c0s13b0n0:54482:55783 [0] NCCL INFO New proxy send connection 10 from local rank 0, transport 0
x3012c0s13b0n0:54483:55619 [1] NCCL INFO Connection to proxy localRank 1 -> connection 0x146b94000ec0
x3012c0s13b0n0:54483:55784 [1] NCCL INFO transport/p2p.cc:449 Cuda Alloc Size 6291456 pointer 0x146b8c000000
x3012c0s13b0n0:54482:55589 [0] NCCL INFO Connection to proxy localRank 0 -> connection 0x155370000f00
x3012c0s13b0n0:54482:55783 [0] NCCL INFO transport/p2p.cc:430 Cuda Alloc Size 6291456 pointer 0x15536b200000
x3012c0s13b0n0:54483:55784 [1] NCCL INFO New proxy recv connection 10 from local rank 1, transport 0
x3012c0s13b0n0:54482:55589 [0] NCCL INFO Channel 03/0 : 0[7000] -> 1[46000] via P2P/IPC/read
x3012c0s13b0n0:54482:55783 [0] NCCL INFO New proxy send connection 11 from local rank 0, transport 0
x3012c0s13b0n0:54483:55619 [1] NCCL INFO Connection to proxy localRank 1 -> connection 0x146b94000f00
x3012c0s13b0n0:54483:55784 [1] NCCL INFO transport/p2p.cc:449 Cuda Alloc Size 6291456 pointer 0x146b8c600000
x3012c0s13b0n0:54482:55589 [0] NCCL INFO Connection to proxy localRank 0 -> connection 0x155370000f40
x3012c0s13b0n0:54482:55783 [0] NCCL INFO transport/p2p.cc:430 Cuda Alloc Size 6291456 pointer 0x15536b800000
x3012c0s13b0n0:54483:55784 [1] NCCL INFO New proxy recv connection 11 from local rank 1, transport 0
x3012c0s13b0n0:54483:55619 [1] NCCL INFO Connection to proxy localRank 1 -> connection 0x146b94000f40
x3012c0s13b0n0:54483:55784 [1] NCCL INFO transport/p2p.cc:449 Cuda Alloc Size 6291456 pointer 0x146b8cc00000
x3012c0s13b0n0:54483:55619 [1] NCCL INFO Channel 00/0 : 1[46000] -> 2[85000] via P2P/IPC/read
x3012c0s13b0n0:54483:55784 [1] NCCL INFO New proxy send connection 12 from local rank 1, transport 0
x3012c0s13b0n0:54483:55619 [1] NCCL INFO Connection to proxy localRank 1 -> connection 0x146b94000f80
x3012c0s13b0n0:54483:55784 [1] NCCL INFO transport/p2p.cc:430 Cuda Alloc Size 6291456 pointer 0x146b8d200000
x3012c0s13b0n0:54483:55619 [1] NCCL INFO Channel 01/0 : 1[46000] -> 2[85000] via P2P/IPC/read
x3012c0s13b0n0:54483:55784 [1] NCCL INFO New proxy send connection 13 from local rank 1, transport 0
x3012c0s13b0n0:54483:55619 [1] NCCL INFO Connection to proxy localRank 1 -> connection 0x146b94000fc0
x3012c0s13b0n0:54483:55784 [1] NCCL INFO transport/p2p.cc:430 Cuda Alloc Size 6291456 pointer 0x146b8d800000
x3012c0s13b0n0:54483:55619 [1] NCCL INFO Channel 02/0 : 1[46000] -> 2[85000] via P2P/IPC/read
x3012c0s13b0n0:54483:55784 [1] NCCL INFO New proxy send connection 14 from local rank 1, transport 0
x3012c0s13b0n0:54483:55619 [1] NCCL INFO Connection to proxy localRank 1 -> connection 0x146b94001000
x3012c0s13b0n0:54483:55784 [1] NCCL INFO transport/p2p.cc:430 Cuda Alloc Size 6291456 pointer 0x146b8a000000
x3012c0s13b0n0:54483:55619 [1] NCCL INFO Channel 03/0 : 1[46000] -> 2[85000] via P2P/IPC/read
x3012c0s13b0n0:54483:55784 [1] NCCL INFO New proxy send connection 15 from local rank 1, transport 0
x3012c0s13b0n0:54483:55619 [1] NCCL INFO Connection to proxy localRank 1 -> connection 0x146b94001040
x3012c0s13b0n0:54483:55784 [1] NCCL INFO transport/p2p.cc:430 Cuda Alloc Size 6291456 pointer 0x146b8a600000
x3012c0s13b0n0:54483:55619 [1] NCCL INFO GPU Direct RDMA Disabled for GPU 46000 / HCA 1 (distance 6 > 4)
x3012c0s13b0n0:54483:55784 [1] NCCL INFO New proxy recv connection 16 from local rank 1, transport 2
x3012c0s13b0n0:54482:55589 [0] NCCL INFO GPU Direct RDMA Disabled for GPU 7000 / HCA 1 (distance 7 > 4)
x3012c0s13b0n0:54482:55783 [0] NCCL INFO Allocated 4194656 bytes of shared memory in /dev/shm/nccl-6qtWDR

x3012c0s13b0n0:54482:55783 [0] NCCL INFO New proxy recv connection 12 from local rank 0, transport 2
x3012c0s13b0n0:54484:55785 [2] NCCL INFO New proxy recv connection 12 from local rank 2, transport 0
x3012c0s13b0n0:54482:55589 [0] NCCL INFO Connection to proxy localRank 0 -> connection 0x155370000f80
x3012c0s13b0n0:54484:55622 [2] NCCL INFO Connection to proxy localRank 2 -> connection 0x152f00000f80
x3012c0s13b0n0:54484:55785 [2] NCCL INFO transport/p2p.cc:449 Cuda Alloc Size 6291456 pointer 0x152ef9200000
x3012c0s13b0n0:54483:55619 [1] NCCL INFO Connection to proxy localRank 1 -> connection 0x146b94001080
x3012c0s13b0n0:54482:55589 [0] NCCL INFO Channel 00/0 : 16[7000] -> 0[7000] [receive] via NET/IB/1
x3012c0s13b0n0:54482:55589 [0] NCCL INFO GPU Direct RDMA Disabled for GPU 7000 / HCA 0 (distance 7 > 4)
x3012c0s13b0n0:54482:55783 [0] NCCL INFO New proxy recv connection 13 from local rank 0, transport 2
x3012c0s13b0n0:54484:55785 [2] NCCL INFO New proxy recv connection 13 from local rank 2, transport 0
x3012c0s13b0n0:54483:55619 [1] NCCL INFO Channel 02/0 : 12[7000] -> 1[46000] [receive] via NET/IB/1
x3012c0s13b0n0:54483:55619 [1] NCCL INFO GPU Direct RDMA Disabled for GPU 46000 / HCA 0 (distance 7 > 4)
x3012c0s13b0n0:54483:55784 [1] NCCL INFO New proxy recv connection 17 from local rank 1, transport 2
x3012c0s13b0n0:54482:55589 [0] NCCL INFO Connection to proxy localRank 0 -> connection 0x155370000fc0
x3012c0s13b0n0:54484:55622 [2] NCCL INFO Connection to proxy localRank 2 -> connection 0x152f00000fc0
x3012c0s13b0n0:54484:55785 [2] NCCL INFO transport/p2p.cc:449 Cuda Alloc Size 6291456 pointer 0x152ef9800000
x3012c0s13b0n0:54483:55619 [1] NCCL INFO Connection to proxy localRank 1 -> connection 0x146b940010c0
x3012c0s13b0n0:54482:55589 [0] NCCL INFO Channel 01/0 : 16[7000] -> 0[7000] [receive] via NET/IB/0
x3012c0s13b0n0:54482:55589 [0] NCCL INFO GPU Direct RDMA Disabled for GPU 7000 / HCA 1 (distance 7 > 4)
x3012c0s13b0n0:54482:55783 [0] NCCL INFO New proxy send connection 14 from local rank 0, transport 2
x3012c0s13b0n0:54484:55785 [2] NCCL INFO New proxy recv connection 14 from local rank 2, transport 0
x3012c0s13b0n0:54483:55619 [1] NCCL INFO Channel 03/0 : 12[7000] -> 1[46000] [receive] via NET/IB/0
x3012c0s13b0n0:54482:55589 [0] NCCL INFO Connection to proxy localRank 0 -> connection 0x155370001000
x3012c0s13b0n0:54482:55589 [0] NCCL INFO Channel 02/0 : 0[7000] -> 4[7000] [send] via NET/IB/1
x3012c0s13b0n0:54482:55589 [0] NCCL INFO GPU Direct RDMA Disabled for GPU 7000 / HCA 0 (distance 7 > 4)
x3012c0s13b0n0:54482:55783 [0] NCCL INFO New proxy send connection 15 from local rank 0, transport 2
x3012c0s13b0n0:54484:55622 [2] NCCL INFO Connection to proxy localRank 2 -> connection 0x152f00001000
x3012c0s13b0n0:54484:55785 [2] NCCL INFO transport/p2p.cc:449 Cuda Alloc Size 6291456 pointer 0x152ef6000000
x3012c0s13b0n0:54482:55589 [0] NCCL INFO Connection to proxy localRank 0 -> connection 0x155370001040
x3012c0s13b0n0:54482:55589 [0] NCCL INFO Channel 03/0 : 0[7000] -> 4[7000] [send] via NET/IB/0
x3012c0s13b0n0:54482:55783 [0] NCCL INFO transport/net_ib.cc:596 Ib Alloc Size 26560 pointer 0x155370026000
x3012c0s13b0n0:54482:55783 [0] NCCL INFO NET/IB: Dev 1 Port 1 qpn 23974 mtu 5 GID 0 (80FE/9A1100FEFF000000)
x3012c0s13b0n0:54482:55783 [0] NCCL INFO transport/net_ib.cc:653 Ib Alloc Size 552 pointer 0x155370048000
x3012c0s13b0n0:54482:55783 [0] NCCL INFO transport/net.cc:571 Cuda Host Alloc Size 9641984 pointer 0x155362000000
x3012c0s13b0n0:54482:55783 [0] NCCL INFO Mem Realloc old size 0, new size 768 pointer 0x155370035260
x3012c0s13b0n0:54484:55785 [2] NCCL INFO New proxy recv connection 15 from local rank 2, transport 0
x3012c0s13b0n0:54484:55622 [2] NCCL INFO Connection to proxy localRank 2 -> connection 0x152f00001040
x3012c0s13b0n0:54482:55783 [0] NCCL INFO transport/net_ib.cc:596 Ib Alloc Size 26560 pointer 0x15537004a000
x3012c0s13b0n0:54484:55785 [2] NCCL INFO transport/p2p.cc:449 Cuda Alloc Size 6291456 pointer 0x152ef6600000
x3012c0s13b0n0:54482:55783 [0] NCCL INFO NET/IB: Dev 0 Port 1 qpn 25112 mtu 5 GID 0 (80FE/DF1100FEFF000000)
x3012c0s13b0n0:54482:55783 [0] NCCL INFO transport/net_ib.cc:653 Ib Alloc Size 552 pointer 0x15537006b000
x3012c0s13b0n0:54482:55783 [0] NCCL INFO transport/net.cc:571 Cuda Host Alloc Size 9641984 pointer 0x155362a00000
x3012c0s13b0n0:54482:55783 [0] NCCL INFO Mem Realloc old size 0, new size 768 pointer 0x155370058940
x3012c0s13b0n0:54484:55622 [2] NCCL INFO Channel 00/0 : 2[85000] -> 1[46000] via P2P/IPC/read
x3012c0s13b0n0:54484:55785 [2] NCCL INFO New proxy send connection 16 from local rank 2, transport 0
x3012c0s13b0n0:54484:55622 [2] NCCL INFO Connection to proxy localRank 2 -> connection 0x152f00001080
x3012c0s13b0n0:54483:55784 [1] NCCL INFO transport/net_ib.cc:683 Ib Alloc Size 21688 pointer 0x146b940d2000
x3012c0s13b0n0:54483:55784 [1] NCCL INFO transport/net_ib.cc:696 Ib Alloc Size 552 pointer 0x146b94019000
x3012c0s13b0n0:54482:55783 [0] NCCL INFO transport/net_ib.cc:683 Ib Alloc Size 21688 pointer 0x15537006d000
x3012c0s13b0n0:54482:55783 [0] NCCL INFO transport/net_ib.cc:696 Ib Alloc Size 552 pointer 0x155370074000
x3012c0s13b0n0:54482:55783 [0] NCCL INFO transport/net_ib.cc:771 Ib Alloc Size 552 pointer 0x155370090000
x3012c0s13b0n0:54482:55783 [0] NCCL INFO transport/net.cc:698 Cuda Host Alloc Size 9641984 pointer 0x155363400000
x3012c0s13b0n0:54484:55785 [2] NCCL INFO transport/p2p.cc:430 Cuda Alloc Size 6291456 pointer 0x152ef6c00000
x3012c0s13b0n0:54482:55783 [0] NCCL INFO transport/net_ib.cc:683 Ib Alloc Size 21688 pointer 0x155370092000
x3012c0s13b0n0:54482:55783 [0] NCCL INFO transport/net_ib.cc:696 Ib Alloc Size 552 pointer 0x155370099000
x3012c0s13b0n0:54484:55622 [2] NCCL INFO Channel 01/0 : 2[85000] -> 1[46000] via P2P/IPC/read
x3012c0s13b0n0:54484:55785 [2] NCCL INFO New proxy send connection 17 from local rank 2, transport 0
x3012c0s13b0n0:54482:55783 [0] NCCL INFO transport/net_ib.cc:771 Ib Alloc Size 552 pointer 0x1553700b4000
x3012c0s13b0n0:54482:55783 [0] NCCL INFO transport/net.cc:698 Cuda Host Alloc Size 9641984 pointer 0x155360000000
x3012c0s13b0n0:54482:55589 [0] NCCL INFO GPU Direct RDMA Disabled for GPU 7000 / HCA 1 (distance 7 > 4)
x3012c0s13b0n0:54482:55783 [0] NCCL INFO New proxy recv connection 16 from local rank 0, transport 2
x3012c0s13b0n0:54483:55784 [1] NCCL INFO transport/net_ib.cc:771 Ib Alloc Size 552 pointer 0x146b940f2000
x3012c0s13b0n0:54483:55784 [1] NCCL INFO transport/net.cc:698 Cuda Host Alloc Size 9641984 pointer 0x146b86000000
x3012c0s13b0n0:54484:55622 [2] NCCL INFO Connection to proxy localRank 2 -> connection 0x152f000010c0
x3012c0s13b0n0:54484:55785 [2] NCCL INFO transport/p2p.cc:430 Cuda Alloc Size 6291456 pointer 0x152ef7200000
x3012c0s13b0n0:54483:55784 [1] NCCL INFO transport/net_ib.cc:683 Ib Alloc Size 21688 pointer 0x146b940f4000
x3012c0s13b0n0:54483:55784 [1] NCCL INFO transport/net_ib.cc:696 Ib Alloc Size 552 pointer 0x146b940fb000
x3012c0s13b0n0:54484:55622 [2] NCCL INFO Channel 02/0 : 2[85000] -> 1[46000] via P2P/IPC/read
x3012c0s13b0n0:54484:55785 [2] NCCL INFO New proxy send connection 18 from local rank 2, transport 0
x3012c0s13b0n0:54482:55589 [0] NCCL INFO Connection to proxy localRank 0 -> connection 0x155370001080
x3012c0s13b0n0:54483:55784 [1] NCCL INFO transport/net_ib.cc:771 Ib Alloc Size 552 pointer 0x146b94116000
x3012c0s13b0n0:54483:55784 [1] NCCL INFO transport/net.cc:698 Cuda Host Alloc Size 9641984 pointer 0x146b86a00000
x3012c0s13b0n0:54482:55589 [0] NCCL INFO Channel 02/0 : 4[7000] -> 0[7000] [receive] via NET/IB/1
x3012c0s13b0n0:54482:55589 [0] NCCL INFO GPU Direct RDMA Disabled for GPU 7000 / HCA 0 (distance 7 > 4)
x3012c0s13b0n0:54482:55783 [0] NCCL INFO New proxy recv connection 17 from local rank 0, transport 2
x3012c0s13b0n0:54484:55622 [2] NCCL INFO Connection to proxy localRank 2 -> connection 0x152f00001100
x3012c0s13b0n0:54484:55785 [2] NCCL INFO transport/p2p.cc:430 Cuda Alloc Size 6291456 pointer 0x152ef7800000
x3012c0s13b0n0:54483:55619 [1] NCCL INFO GPU Direct RDMA Disabled for GPU 46000 / HCA 1 (distance 6 > 4)
x3012c0s13b0n0:54483:55784 [1] NCCL INFO New proxy send connection 18 from local rank 1, transport 2
x3012c0s13b0n0:54482:55589 [0] NCCL INFO Connection to proxy localRank 0 -> connection 0x1553700010c0
x3012c0s13b0n0:54484:55622 [2] NCCL INFO Channel 03/0 : 2[85000] -> 1[46000] via P2P/IPC/read
x3012c0s13b0n0:54484:55785 [2] NCCL INFO New proxy send connection 19 from local rank 2, transport 0
x3012c0s13b0n0:54483:55619 [1] NCCL INFO Connection to proxy localRank 1 -> connection 0x146b94001100
x3012c0s13b0n0:54483:55619 [1] NCCL INFO Channel 02/0 : 1[46000] -> 12[7000] [send] via NET/IB/1
x3012c0s13b0n0:54483:55619 [1] NCCL INFO GPU Direct RDMA Disabled for GPU 46000 / HCA 0 (distance 7 > 4)
x3012c0s13b0n0:54483:55784 [1] NCCL INFO New proxy send connection 19 from local rank 1, transport 2
x3012c0s13b0n0:54482:55589 [0] NCCL INFO Channel 03/0 : 4[7000] -> 0[7000] [receive] via NET/IB/0
x3012c0s13b0n0:54482:55589 [0] NCCL INFO GPU Direct RDMA Disabled for GPU 7000 / HCA 1 (distance 7 > 4)
x3012c0s13b0n0:54482:55783 [0] NCCL INFO New proxy send connection 18 from local rank 0, transport 2
x3012c0s13b0n0:54484:55622 [2] NCCL INFO Connection to proxy localRank 2 -> connection 0x152f00001140
x3012c0s13b0n0:54484:55785 [2] NCCL INFO transport/p2p.cc:430 Cuda Alloc Size 6291456 pointer 0x152ef4000000
x3012c0s13b0n0:54483:55619 [1] NCCL INFO Connection to proxy localRank 1 -> connection 0x146b94001140
x3012c0s13b0n0:54483:55619 [1] NCCL INFO Channel 03/0 : 1[46000] -> 12[7000] [send] via NET/IB/0
x3012c0s13b0n0:54483:55784 [1] NCCL INFO transport/net_ib.cc:596 Ib Alloc Size 26560 pointer 0x146b94122000
x3012c0s13b0n0:54483:55784 [1] NCCL INFO NET/IB: Dev 1 Port 1 qpn 23979 mtu 5 GID 0 (80FE/9A1100FEFF000000)
x3012c0s13b0n0:54483:55784 [1] NCCL INFO transport/net_ib.cc:653 Ib Alloc Size 552 pointer 0x146b94139000
x3012c0s13b0n0:54483:55784 [1] NCCL INFO transport/net.cc:571 Cuda Host Alloc Size 9641984 pointer 0x146b87400000
x3012c0s13b0n0:54482:55589 [0] NCCL INFO Connection to proxy localRank 0 -> connection 0x155370001100
x3012c0s13b0n0:54482:55589 [0] NCCL INFO Channel 00/0 : 0[7000] -> 16[7000] [send] via NET/IB/1
x3012c0s13b0n0:54482:55589 [0] NCCL INFO GPU Direct RDMA Disabled for GPU 7000 / HCA 0 (distance 7 > 4)
x3012c0s13b0n0:54482:55783 [0] NCCL INFO New proxy send connection 19 from local rank 0, transport 2
x3012c0s13b0n0:54482:55589 [0] NCCL INFO Connection to proxy localRank 0 -> connection 0x155370001140
x3012c0s13b0n0:54482:55589 [0] NCCL INFO Channel 01/0 : 0[7000] -> 16[7000] [send] via NET/IB/0
x3012c0s13b0n0:54485:55621 [3] NCCL INFO Connected all trees by HAO
x3012c0s13b0n0:54485:55621 [3] NCCL INFO threadThresholds 8/8/64 | 160/8/64 | 512 | 512
x3012c0s13b0n0:54485:55621 [3] NCCL INFO 4 coll channels, 4 p2p channels, 2 p2p channels per peer
x3012c0s13b0n0:54485:55786 [3] NCCL INFO New proxy send connection 12 from local rank 3, transport 2
x3012c0s13b0n0:54485:55621 [3] NCCL INFO Connection to proxy localRank 3 -> connection 0x15348c000f80
x3012c0s13b0n0:54485:55786 [3] NCCL INFO transport/net.cc:376 Cuda Alloc Size 8388608 pointer 0x1534dc800000
x3012c0s13b0n0:54483:55784 [1] NCCL INFO transport/net_ib.cc:596 Ib Alloc Size 26560 pointer 0x146b9413b000
x3012c0s13b0n0:54483:55784 [1] NCCL INFO NET/IB: Dev 0 Port 1 qpn 25117 mtu 5 GID 0 (80FE/DF1100FEFF000000)
x3012c0s13b0n0:54483:55784 [1] NCCL INFO transport/net_ib.cc:653 Ib Alloc Size 552 pointer 0x146b94152000
x3012c0s13b0n0:54483:55784 [1] NCCL INFO transport/net.cc:571 Cuda Host Alloc Size 9641984 pointer 0x146b84000000
x3012c0s13b0n0:54483:55784 [1] NCCL INFO New proxy recv connection 20 from local rank 1, transport 0
x3012c0s13b0n0:54483:55619 [1] NCCL INFO Connection to proxy localRank 1 -> connection 0x146b94001180
x3012c0s13b0n0:54483:55784 [1] NCCL INFO transport/p2p.cc:449 Cuda Alloc Size 6291456 pointer 0x146b84a00000
x3012c0s13b0n0:54483:55784 [1] NCCL INFO New proxy recv connection 21 from local rank 1, transport 0
x3012c0s13b0n0:54483:55619 [1] NCCL INFO Connection to proxy localRank 1 -> connection 0x146b940011c0
x3012c0s13b0n0:54483:55784 [1] NCCL INFO transport/p2p.cc:449 Cuda Alloc Size 6291456 pointer 0x146b85000000
x3012c0s13b0n0:54482:55783 [0] NCCL INFO transport/net_ib.cc:596 Ib Alloc Size 26560 pointer 0x1553700ca000
x3012c0s13b0n0:54482:55783 [0] NCCL INFO NET/IB: Dev 1 Port 1 qpn 23980 mtu 5 GID 0 (80FE/9A1100FEFF000000)
x3012c0s13b0n0:54482:55783 [0] NCCL INFO transport/net_ib.cc:653 Ib Alloc Size 552 pointer 0x1553700e1000
x3012c0s13b0n0:54482:55783 [0] NCCL INFO transport/net.cc:571 Cuda Host Alloc Size 9641984 pointer 0x155360a00000
x3012c0s13b0n0:54482:55783 [0] NCCL INFO transport/net_ib.cc:596 Ib Alloc Size 26560 pointer 0x1553700e3000
x3012c0s13b0n0:54482:55783 [0] NCCL INFO NET/IB: Dev 0 Port 1 qpn 25118 mtu 5 GID 0 (80FE/DF1100FEFF000000)
x3012c0s13b0n0:54482:55783 [0] NCCL INFO transport/net_ib.cc:653 Ib Alloc Size 552 pointer 0x1553700fa000
x3012c0s13b0n0:54482:55783 [0] NCCL INFO transport/net.cc:571 Cuda Host Alloc Size 9641984 pointer 0x155361400000
x3012c0s13b0n0:54483:55784 [1] NCCL INFO New proxy recv connection 22 from local rank 1, transport 0
x3012c0s13b0n0:54482:55783 [0] NCCL INFO transport/net_ib.cc:683 Ib Alloc Size 21688 pointer 0x1553700fc000
x3012c0s13b0n0:54482:55783 [0] NCCL INFO transport/net_ib.cc:696 Ib Alloc Size 552 pointer 0x155370103000
x3012c0s13b0n0:54483:55619 [1] NCCL INFO Connection to proxy localRank 1 -> connection 0x146b94001200
x3012c0s13b0n0:54483:55784 [1] NCCL INFO transport/p2p.cc:449 Cuda Alloc Size 6291456 pointer 0x146b85600000
x3012c0s13b0n0:54482:55783 [0] NCCL INFO transport/net_ib.cc:771 Ib Alloc Size 552 pointer 0x15537011e000
x3012c0s13b0n0:54482:55783 [0] NCCL INFO transport/net.cc:698 Cuda Host Alloc Size 9641984 pointer 0x15535e000000
x3012c0s13b0n0:54483:55784 [1] NCCL INFO New proxy recv connection 23 from local rank 1, transport 0
x3012c0s13b0n0:54482:55783 [0] NCCL INFO transport/net_ib.cc:683 Ib Alloc Size 21688 pointer 0x155370120000
x3012c0s13b0n0:54482:55783 [0] NCCL INFO transport/net_ib.cc:696 Ib Alloc Size 552 pointer 0x155370127000
x3012c0s13b0n0:54482:55783 [0] NCCL INFO transport/net_ib.cc:771 Ib Alloc Size 552 pointer 0x155370142000
x3012c0s13b0n0:54482:55783 [0] NCCL INFO transport/net.cc:698 Cuda Host Alloc Size 9641984 pointer 0x15535ea00000
x3012c0s13b0n0:54483:55619 [1] NCCL INFO Connection to proxy localRank 1 -> connection 0x146b94001240
x3012c0s13b0n0:54483:55784 [1] NCCL INFO transport/p2p.cc:449 Cuda Alloc Size 6291456 pointer 0x146b82000000
x3012c0s13b0n0:54482:55589 [0] NCCL INFO Connected all trees by HAO
x3012c0s13b0n0:54482:55589 [0] NCCL INFO Latency/AlgBw |    Tree/    LL |    Tree/ LL128 |    Tree/Simple |    Ring/    LL |    Ring/ LL128 |    Ring/Simple | CollNetDirect/    LL | CollNetDirect/ LL128 | CollNetDirect/Simple | CollNetChain/    LL | CollNetChain/ LL128 | CollNetChain/Simple |
x3012c0s13b0n0:54482:55589 [0] NCCL INFO  Max NThreads |            512 |            640 |            512 |            512 |            640 |            512 |              0 |              0 |            512 |              0 |              0 |            512 |
x3012c0s13b0n0:54482:55589 [0] NCCL INFO     Broadcast |     0.0/   0.0 |     0.0/   0.0 |     0.0/   0.0 |     6.3/   6.0 |    14.0/   0.0 |    18.0/  24.0 |     0.0/   0.0 |     0.0/   0.0 |     0.0/   0.0 |     0.0/   0.0 |     0.0/   0.0 |     0.0/   0.0 |
x3012c0s13b0n0:54482:55589 [0] NCCL INFO        Reduce |     0.0/   0.0 |     0.0/   0.0 |     0.0/   0.0 |     6.3/   6.0 |    14.0/   0.0 |    18.0/  24.0 |     0.0/   0.0 |     0.0/   0.0 |     0.0/   0.0 |     0.0/   0.0 |     0.0/   0.0 |     0.0/   0.0 |
x3012c0s13b0n0:54482:55589 [0] NCCL INFO     AllGather |     0.0/   0.0 |     0.0/   0.0 |     0.0/   0.0 |    27.1/   6.3 |    54.5/   0.0 |    97.8/  25.3 |     0.0/   0.0 |     0.0/   0.0 |     0.0/   0.0 |     0.0/   0.0 |     0.0/   0.0 |     0.0/   0.0 |
x3012c0s13b0n0:54482:55589 [0] NCCL INFO ReduceScatter |     0.0/   0.0 |     0.0/   0.0 |     0.0/   0.0 |    27.1/   6.3 |    54.5/   0.0 |    97.8/  25.3 |     0.0/   0.0 |     0.0/   0.0 |     0.0/   0.0 |     0.0/   0.0 |     0.0/   0.0 |     0.0/   0.0 |
x3012c0s13b0n0:54482:55589 [0] NCCL INFO     AllReduce |    30.0/   2.9 |    45.9/   0.0 |   280.0/  11.0 |    54.3/   3.2 |   103.2/   0.0 |   199.6/  12.6 |     7.4/   0.0 |     7.4/   0.0 |    29.7/   0.0 |     4.4/   0.0 |     4.4/   0.0 |    48.0/   0.0 |
x3012c0s13b0n0:54482:55589 [0] NCCL INFO threadThresholds 8/8/64 | 160/8/64 | 512 | 512
x3012c0s13b0n0:54482:55589 [0] NCCL INFO 4 coll channels, 4 p2p channels, 2 p2p channels per peer
x3012c0s13b0n0:54482:55783 [0] NCCL INFO New proxy send connection 20 from local rank 0, transport 2
x3012c0s13b0n0:54483:55619 [1] NCCL INFO Connected all trees by HAO
x3012c0s13b0n0:54483:55619 [1] NCCL INFO threadThresholds 8/8/64 | 160/8/64 | 512 | 512
x3012c0s13b0n0:54483:55619 [1] NCCL INFO 4 coll channels, 4 p2p channels, 2 p2p channels per peer
x3012c0s13b0n0:54483:55784 [1] NCCL INFO New proxy send connection 24 from local rank 1, transport 2
x3012c0s13b0n0:54483:55619 [1] NCCL INFO Connection to proxy localRank 1 -> connection 0x146b94001280
x3012c0s13b0n0:54484:55622 [2] NCCL INFO Connected all trees by HAO
x3012c0s13b0n0:54484:55622 [2] NCCL INFO threadThresholds 8/8/64 | 160/8/64 | 512 | 512
x3012c0s13b0n0:54484:55622 [2] NCCL INFO 4 coll channels, 4 p2p channels, 2 p2p channels per peer
x3012c0s13b0n0:54484:55785 [2] NCCL INFO Allocated 4194656 bytes of shared memory in /dev/shm/nccl-2MQRh3

x3012c0s13b0n0:54484:55785 [2] NCCL INFO New proxy send connection 20 from local rank 2, transport 2
x3012c0s13b0n0:54482:55589 [0] NCCL INFO Connection to proxy localRank 0 -> connection 0x155370001180
x3012c0s13b0n0:54482:55783 [0] NCCL INFO transport/net.cc:376 Cuda Alloc Size 8388608 pointer 0x15535f400000
x3012c0s13b0n0:54483:55784 [1] NCCL INFO transport/net.cc:376 Cuda Alloc Size 8388608 pointer 0x146b80000000
x3012c0s13b0n0:54484:55622 [2] NCCL INFO Connection to proxy localRank 2 -> connection 0x152f00001180
x3012c0s13b0n0:54484:55622 [2] NCCL INFO init.cc:367 Cuda Alloc Size 5168 pointer 0x152f0f808800
x3012c0s13b0n0:54485:55621 [3] NCCL INFO init.cc:367 Cuda Alloc Size 5168 pointer 0x1534d3e08800
x3012c0s13b0n0:54483:55619 [1] NCCL INFO init.cc:367 Cuda Alloc Size 5168 pointer 0x146ba1808800
x3012c0s13b0n0:54482:55589 [0] NCCL INFO init.cc:367 Cuda Alloc Size 5168 pointer 0x15537fa08800
x3012c0s13b0n0:54483:55619 [1] NCCL INFO init.cc:392 Cuda Host Alloc Size 33554432 pointer 0x146b7e000000
x3012c0s13b0n0:54483:55619 [1] NCCL INFO init.cc:398 Cuda Host Alloc Size 128 pointer 0x146ba0e00200
x3012c0s13b0n0:54483:55619 [1] NCCL INFO comm 0x55e3453b99d0 rank 1 nranks 20 cudaDev 1 busId 46000 - Init COMPLETE
x3012c0s13b0n0:54485:55621 [3] NCCL INFO init.cc:392 Cuda Host Alloc Size 33554432 pointer 0x1534dd000000
x3012c0s13b0n0:54485:55621 [3] NCCL INFO init.cc:398 Cuda Host Alloc Size 128 pointer 0x1534d3400200
x3012c0s13b0n0:54485:55621 [3] NCCL INFO comm 0x55cd8fb0df20 rank 3 nranks 20 cudaDev 3 busId c7000 - Init COMPLETE
x3012c0s13b0n0:54482:55589 [0] NCCL INFO init.cc:392 Cuda Host Alloc Size 33554432 pointer 0x15535c000000
x3012c0s13b0n0:54482:55589 [0] NCCL INFO init.cc:398 Cuda Host Alloc Size 128 pointer 0x15537f000200
x3012c0s13b0n0:54482:55589 [0] NCCL INFO comm 0x55c0c4c2f9d0 rank 0 nranks 20 cudaDev 0 busId 7000 - Init COMPLETE
x3012c0s13b0n0:54483:54483 [1] NCCL INFO AllReduce: opCount 0 sendbuff 0x146bdf600200 recvbuff 0x146bdf600200 count 1 datatype 1 op 0 root 0 comm 0x55e3453b99d0 [nranks=20] stream 0x55e36091bdc0
x3012c0s13b0n0:54483:54483 [1] NCCL INFO misc/utils.cc:235 memory stack hunk malloc(65536)
[LYD INFO in ncclLaunchKernel (enqueue.cc)] NCHANNELS is: 4x3012c0s13b0n0:54484:55622 [2] NCCL INFO init.cc:392 Cuda Host Alloc Size 33554432 pointer 0x152eea000000
x3012c0s13b0n0:54484:55622 [2] NCCL INFO init.cc:398 Cuda Host Alloc Size 128 pointer 0x152f0ee00200
x3012c0s13b0n0:54484:55622 [2] NCCL INFO comm 0x5650a5bc1470 rank 2 nranks 20 cudaDev 2 busId 85000 - Init COMPLETE
x3012c0s13b0n0:54484:55785 [2] NCCL INFO transport/net.cc:376 Cuda Alloc Size 8388608 pointer 0x152ef3800000
x3012c0s13b0n0:54484:54484 [2] NCCL INFO AllReduce: opCount 0 sendbuff 0x152f4f600200 recvbuff 0x152f4f600200 count 1 datatype 1 op 0 root 0 comm 0x5650a5bc1470 [nranks=20] stream 0x5650bf39a740
x3012c0s13b0n0:54484:54484 [2] NCCL INFO misc/utils.cc:235 memory stack hunk malloc(65536)
[LYD INFO in ncclLaunchKernel (enqueue.cc)] NCHANNELS is: 4[Hao INFO in ncclAllReduce (all_reduce.cc)] rank 0 ncclAllReduce: count: 1, datatype: ncclUint8, message size: 1 Bytes
x3012c0s13b0n0:54482:54482 [0] NCCL INFO AllReduce: opCount 0 sendbuff 0x1553bf600200 recvbuff 0x1553bf600200 count 1 datatype 1 op 0 root 0 comm 0x55c0c4c2f9d0 [nranks=20] stream 0x55c0c9160f40
x3012c0s13b0n0:54482:54482 [0] NCCL INFO misc/utils.cc:235 memory stack hunk malloc(65536)

[LYD INFO in ncclAllReduce (all_reduce.cc)] rank 0 AllReduce Time: 0.000047000 seconds

[LYD INFO in getAlgoInfo (enqueue.cc)] algorithm a is: 0

[LYD INFO in getAlgoInfo (enqueue.cc)] algorithm a is: 1

[LYD INFO in getAlgoInfo (enqueue.cc)] rank: 0, Duration between Point 1 and Point 2: 0.000015000 seconds

[LYD INFO in getAlgoInfo (enqueue.cc)] rank 0, Duration between Point 2 and Point 3: 0.000000000 seconds
[LYD INFO in getAlgoInfo (enqueue.cc)] out rank: 0
[LYD INFO in getAlgoInfo (enqueue.cc)] out coll: 4
[LYD INFO in getAlgoInfo (enqueue.cc)] out sendbuff address: 0x1553bf600200
[LYD INFO in getAlgoInfo (enqueue.cc)] out recvbuff address: 0x1553bf600200
[LYD INFO in getAlgoInfo (enqueue.cc)] out count: 1
[LYD INFO in getAlgoInfo (enqueue.cc)] out datatype: 1
[LYD INFO in getAlgoInfo (enqueue.cc)] out chunkSteps: 4
[LYD INFO in getAlgoInfo (enqueue.cc)] out sliceSteps: 2
[LYD INFO in getAlgoInfo (enqueue.cc)] out algorithm: 0
[LYD INFO in getAlgoInfo (enqueue.cc)] out protocol: 0
[LYD INFO in getAlgoInfo (enqueue.cc)] out nChannels: 1
[LYD INFO in getAlgoInfo (enqueue.cc)] out nThreads: 96
[LYD INFO in getAlgoInfo (enqueue.cc)] out nBytes: 1
[LYD INFO in getAlgoInfo (enqueue.cc)] out nstepsPerLoop: 0
[LYD INFO in getAlgoInfo (enqueue.cc)] out nchunksPerLoop: 0
[LYD INFO in getAlgoInfo (enqueue.cc)] out chunkSize: 0
[LYD INFO in ncclLaunchKernel (enqueue.cc)] NCHANNELS is: 4x3012c0s13b0n0:54485:54485 [3] NCCL INFO AllReduce: opCount 0 sendbuff 0x1534cfc00200 recvbuff 0x1534cfc00200 count 1 datatype 1 op 0 root 0 comm 0x55cd8fb0df20 [nranks=20] stream 0x55cdac8c8fb0
x3012c0s13b0n0:54485:54485 [3] NCCL INFO misc/utils.cc:235 memory stack hunk malloc(65536)
[LYD INFO in ncclLaunchKernel (enqueue.cc)] NCHANNELS is: 4
[LYD INFO in NCCL_KERN_NAME (common.h)] 3 AllReduce TREE LL Sum uint8_t Elapsed time: 942646 us

[LYD INFO in NCCL_KERN_NAME (common.h)] 2 AllReduce TREE LL Sum uint8_t Elapsed time: 951222 us

[LYD INFO in NCCL_KERN_NAME (common.h)] 1 AllReduce TREE LL Sum uint8_t Elapsed time: 954666 us

[LYD INFO in NCCL_KERN_NAME (common.h)] 0 AllReduce TREE LL Sum uint8_t Elapsed time: 918228 us
[Hao INFO in ncclAllReduce (all_reduce.cc)] rank 0 ncclAllReduce: count: 1, datatype: ncclUint8, message size: 1 Bytes
