x3001c0s7b0n0:43418:44524 [2] NCCL INFO Connection to proxy localRank 2 -> connection 0x145d3c000e00
x3001c0s7b0n0:43418:44683 [2] NCCL INFO transport/p2p.cc:449 Cuda Alloc Size 6291456 pointer 0x145d3b800000
x3001c0s7b0n0:43419:44690 [3] NCCL INFO transport/net_ib.cc:596 Ib Alloc Size 26560 pointer 0x14f948044000
x3001c0s7b0n0:43418:44683 [2] NCCL INFO New proxy recv connection 7 from local rank 2, transport 0
x3001c0s7b0n0:43417:44682 [1] NCCL INFO transport/net_ib.cc:696 Ib Alloc Size 552 pointer 0x150d9c054000
x3001c0s7b0n0:43419:44690 [3] NCCL INFO NET/IB: Dev 0 Port 1 qpn 30216 mtu 5 GID 0 (80FE/2E0000FEFF000000)
x3001c0s7b0n0:43419:44690 [3] NCCL INFO transport/net_ib.cc:653 Ib Alloc Size 552 pointer 0x14f948065000
x3001c0s7b0n0:43419:44690 [3] NCCL INFO transport/net.cc:571 Cuda Host Alloc Size 9641984 pointer 0x14f947600000
x3001c0s7b0n0:43419:44690 [3] NCCL INFO Mem Realloc old size 0, new size 768 pointer 0x14f9480521f0
x3001c0s7b0n0:43418:44524 [2] NCCL INFO Connection to proxy localRank 2 -> connection 0x145d3c000e40
x3001c0s7b0n0:43418:44683 [2] NCCL INFO transport/p2p.cc:449 Cuda Alloc Size 6291456 pointer 0x145d38000000
x3001c0s7b0n0:43417:44682 [1] NCCL INFO transport/net_ib.cc:771 Ib Alloc Size 552 pointer 0x150d9c079000
x3001c0s7b0n0:43417:44682 [1] NCCL INFO transport/net.cc:698 Cuda Host Alloc Size 9641984 pointer 0x150d9aa00000
x3001c0s7b0n0:43417:44682 [1] NCCL INFO Mem Realloc old size 0, new size 768 pointer 0x150d9c06e880
x3001c0s7b0n0:43418:44524 [2] NCCL INFO Connected all rings
x3001c0s7b0n0:43418:44683 [2] NCCL INFO New proxy recv connection 8 from local rank 2, transport 0
x3001c0s7b0n0:43416:44678 [0] NCCL INFO New proxy recv connection 4 from local rank 0, transport 0
x3001c0s7b0n0:43417:44682 [1] NCCL INFO transport/net_ib.cc:683 Ib Alloc Size 21688 pointer 0x150d9c07b000
x3001c0s7b0n0:43417:44682 [1] NCCL INFO transport/net_ib.cc:696 Ib Alloc Size 552 pointer 0x150d9c082000
x3001c0s7b0n0:43419:44690 [3] NCCL INFO transport/net_ib.cc:596 Ib Alloc Size 26560 pointer 0x14f948067000
x3001c0s7b0n0:43416:44522 [0] NCCL INFO Connection to proxy localRank 0 -> connection 0x14c00c000d80
x3001c0s7b0n0:43419:44690 [3] NCCL INFO NET/IB: Dev 1 Port 1 qpn 29234 mtu 5 GID 0 (80FE/6E0000FEFF000000)
x3001c0s7b0n0:43419:44690 [3] NCCL INFO transport/net_ib.cc:653 Ib Alloc Size 552 pointer 0x14f94807e000
x3001c0s7b0n0:43419:44690 [3] NCCL INFO transport/net.cc:571 Cuda Host Alloc Size 9641984 pointer 0x14f93e000000
x3001c0s7b0n0:43416:44678 [0] NCCL INFO transport/p2p.cc:449 Cuda Alloc Size 6291456 pointer 0x14c00ac00000
x3001c0s7b0n0:43417:44682 [1] NCCL INFO transport/net_ib.cc:771 Ib Alloc Size 552 pointer 0x150d9c09d000
x3001c0s7b0n0:43417:44682 [1] NCCL INFO transport/net.cc:698 Cuda Host Alloc Size 9641984 pointer 0x150d9b400000
x3001c0s7b0n0:43418:44524 [2] NCCL INFO Connection to proxy localRank 2 -> connection 0x145d3c000e80
x3001c0s7b0n0:43418:44683 [2] NCCL INFO transport/p2p.cc:449 Cuda Alloc Size 6291456 pointer 0x145d36000000
x3001c0s7b0n0:43417:44682 [1] NCCL INFO transport/net_ib.cc:683 Ib Alloc Size 21688 pointer 0x150d9c09f000
x3001c0s7b0n0:43417:44682 [1] NCCL INFO transport/net_ib.cc:696 Ib Alloc Size 552 pointer 0x150d9c0a6000
x3001c0s7b0n0:43419:44690 [3] NCCL INFO transport/net_ib.cc:596 Ib Alloc Size 26560 pointer 0x14f948080000
x3001c0s7b0n0:43417:44682 [1] NCCL INFO transport/net_ib.cc:771 Ib Alloc Size 552 pointer 0x150d9c0c1000
x3001c0s7b0n0:43417:44682 [1] NCCL INFO transport/net.cc:698 Cuda Host Alloc Size 9641984 pointer 0x150d98000000
x3001c0s7b0n0:43419:44690 [3] NCCL INFO NET/IB: Dev 0 Port 1 qpn 30221 mtu 5 GID 0 (80FE/2E0000FEFF000000)
x3001c0s7b0n0:43419:44690 [3] NCCL INFO transport/net_ib.cc:653 Ib Alloc Size 552 pointer 0x14f948097000
x3001c0s7b0n0:43419:44690 [3] NCCL INFO transport/net.cc:571 Cuda Host Alloc Size 9641984 pointer 0x14f93ea00000
x3001c0s7b0n0:43419:44525 [3] NCCL INFO Connected all rings
x3001c0s7b0n0:43419:44525 [3] NCCL INFO Channel 00/0 : 19[c7000] -> 18[85000] via P2P/IPC/read
x3001c0s7b0n0:43419:44690 [3] NCCL INFO New proxy send connection 8 from local rank 3, transport 0
x3001c0s7b0n0:43419:44525 [3] NCCL INFO Connection to proxy localRank 3 -> connection 0x14f948000e80
x3001c0s7b0n0:43416:44678 [0] NCCL INFO New proxy recv connection 5 from local rank 0, transport 0
x3001c0s7b0n0:43418:44683 [2] NCCL INFO New proxy recv connection 9 from local rank 2, transport 0
x3001c0s7b0n0:43419:44690 [3] NCCL INFO transport/p2p.cc:430 Cuda Alloc Size 6291456 pointer 0x14f93f400000
x3001c0s7b0n0:43417:44523 [1] NCCL INFO Channel 00/0 : 17[46000] -> 16[7000] via P2P/IPC/read
x3001c0s7b0n0:43417:44682 [1] NCCL INFO New proxy send connection 4 from local rank 1, transport 0
x3001c0s7b0n0:43416:44522 [0] NCCL INFO Connection to proxy localRank 0 -> connection 0x14c00c000dc0
x3001c0s7b0n0:43416:44678 [0] NCCL INFO transport/p2p.cc:449 Cuda Alloc Size 6291456 pointer 0x14c00b200000
x3001c0s7b0n0:43418:44524 [2] NCCL INFO Connection to proxy localRank 2 -> connection 0x145d3c000ec0
x3001c0s7b0n0:43418:44683 [2] NCCL INFO transport/p2p.cc:449 Cuda Alloc Size 6291456 pointer 0x145d36600000
x3001c0s7b0n0:43417:44523 [1] NCCL INFO Connection to proxy localRank 1 -> connection 0x150d9c000d80
x3001c0s7b0n0:43417:44682 [1] NCCL INFO transport/p2p.cc:430 Cuda Alloc Size 6291456 pointer 0x150d98a00000
x3001c0s7b0n0:43419:44525 [3] NCCL INFO Channel 01/0 : 19[c7000] -> 18[85000] via P2P/IPC/read
x3001c0s7b0n0:43419:44690 [3] NCCL INFO New proxy send connection 9 from local rank 3, transport 0
x3001c0s7b0n0:43416:44678 [0] NCCL INFO New proxy recv connection 6 from local rank 0, transport 0
x3001c0s7b0n0:43416:44522 [0] NCCL INFO Connection to proxy localRank 0 -> connection 0x14c00c000e00
x3001c0s7b0n0:43416:44678 [0] NCCL INFO transport/p2p.cc:449 Cuda Alloc Size 6291456 pointer 0x14c00b800000
x3001c0s7b0n0:43418:44683 [2] NCCL INFO New proxy recv connection 10 from local rank 2, transport 0
x3001c0s7b0n0:43419:44525 [3] NCCL INFO Connection to proxy localRank 3 -> connection 0x14f948000ec0
x3001c0s7b0n0:43419:44690 [3] NCCL INFO transport/p2p.cc:430 Cuda Alloc Size 6291456 pointer 0x14f93fa00000
x3001c0s7b0n0:43417:44523 [1] NCCL INFO Channel 01/0 : 17[46000] -> 16[7000] via P2P/IPC/read
x3001c0s7b0n0:43417:44682 [1] NCCL INFO New proxy send connection 5 from local rank 1, transport 0
x3001c0s7b0n0:43416:44678 [0] NCCL INFO New proxy recv connection 7 from local rank 0, transport 0
x3001c0s7b0n0:43418:44524 [2] NCCL INFO Connection to proxy localRank 2 -> connection 0x145d3c000f00
x3001c0s7b0n0:43418:44683 [2] NCCL INFO transport/p2p.cc:449 Cuda Alloc Size 6291456 pointer 0x145d36c00000
x3001c0s7b0n0:43419:44525 [3] NCCL INFO Channel 02/0 : 19[c7000] -> 18[85000] via P2P/IPC/read
x3001c0s7b0n0:43419:44690 [3] NCCL INFO New proxy send connection 10 from local rank 3, transport 0
x3001c0s7b0n0:43417:44523 [1] NCCL INFO Connection to proxy localRank 1 -> connection 0x150d9c000dc0
x3001c0s7b0n0:43417:44682 [1] NCCL INFO transport/p2p.cc:430 Cuda Alloc Size 6291456 pointer 0x150d99000000
x3001c0s7b0n0:43416:44522 [0] NCCL INFO Connection to proxy localRank 0 -> connection 0x14c00c000e40
x3001c0s7b0n0:43416:44678 [0] NCCL INFO transport/p2p.cc:449 Cuda Alloc Size 6291456 pointer 0x14c008000000
x3001c0s7b0n0:43419:44525 [3] NCCL INFO Connection to proxy localRank 3 -> connection 0x14f948000f00
x3001c0s7b0n0:43419:44690 [3] NCCL INFO transport/p2p.cc:430 Cuda Alloc Size 6291456 pointer 0x14f93c000000
x3001c0s7b0n0:43419:44525 [3] NCCL INFO Channel 03/0 : 19[c7000] -> 18[85000] via P2P/IPC/read
x3001c0s7b0n0:43417:44523 [1] NCCL INFO Channel 02/0 : 17[46000] -> 16[7000] via P2P/IPC/read
x3001c0s7b0n0:43417:44682 [1] NCCL INFO New proxy send connection 6 from local rank 1, transport 0
x3001c0s7b0n0:43418:44683 [2] NCCL INFO New proxy recv connection 11 from local rank 2, transport 0
x3001c0s7b0n0:43419:44690 [3] NCCL INFO New proxy send connection 11 from local rank 3, transport 0
x3001c0s7b0n0:43417:44523 [1] NCCL INFO Connection to proxy localRank 1 -> connection 0x150d9c000e00
x3001c0s7b0n0:43417:44682 [1] NCCL INFO transport/p2p.cc:430 Cuda Alloc Size 6291456 pointer 0x150d99600000
x3001c0s7b0n0:43418:44524 [2] NCCL INFO Connection to proxy localRank 2 -> connection 0x145d3c000f40
x3001c0s7b0n0:43418:44683 [2] NCCL INFO transport/p2p.cc:449 Cuda Alloc Size 6291456 pointer 0x145d37200000
x3001c0s7b0n0:43419:44525 [3] NCCL INFO Connection to proxy localRank 3 -> connection 0x14f948000f40
x3001c0s7b0n0:43419:44690 [3] NCCL INFO transport/p2p.cc:430 Cuda Alloc Size 6291456 pointer 0x14f93c600000
x3001c0s7b0n0:43417:44523 [1] NCCL INFO Channel 03/0 : 17[46000] -> 16[7000] via P2P/IPC/read
x3001c0s7b0n0:43417:44682 [1] NCCL INFO New proxy send connection 7 from local rank 1, transport 0
x3001c0s7b0n0:43417:44523 [1] NCCL INFO Connection to proxy localRank 1 -> connection 0x150d9c000e40
x3001c0s7b0n0:43417:44682 [1] NCCL INFO transport/p2p.cc:430 Cuda Alloc Size 6291456 pointer 0x150daba00000
x3001c0s7b0n0:43417:44523 [1] NCCL INFO Connected all rings
x3001c0s7b0n0:43417:44682 [1] NCCL INFO New proxy recv connection 8 from local rank 1, transport 0
x3001c0s7b0n0:43416:44522 [0] NCCL INFO Connected all rings
x3001c0s7b0n0:43416:44522 [0] NCCL INFO Channel 00/0 : 16[7000] -> 17[46000] via P2P/IPC/read
x3001c0s7b0n0:43416:44678 [0] NCCL INFO New proxy send connection 8 from local rank 0, transport 0
x3001c0s7b0n0:43416:44522 [0] NCCL INFO Connection to proxy localRank 0 -> connection 0x14c00c000e80
x3001c0s7b0n0:43416:44678 [0] NCCL INFO transport/p2p.cc:430 Cuda Alloc Size 6291456 pointer 0x14c006000000
x3001c0s7b0n0:43417:44523 [1] NCCL INFO Connection to proxy localRank 1 -> connection 0x150d9c000e80
x3001c0s7b0n0:43417:44682 [1] NCCL INFO transport/p2p.cc:449 Cuda Alloc Size 6291456 pointer 0x150d97800000
x3001c0s7b0n0:43416:44522 [0] NCCL INFO Channel 01/0 : 16[7000] -> 17[46000] via P2P/IPC/read
x3001c0s7b0n0:43416:44678 [0] NCCL INFO New proxy send connection 9 from local rank 0, transport 0
x3001c0s7b0n0:43417:44682 [1] NCCL INFO New proxy recv connection 9 from local rank 1, transport 0
x3001c0s7b0n0:43417:44523 [1] NCCL INFO Connection to proxy localRank 1 -> connection 0x150d9c000ec0
x3001c0s7b0n0:43417:44682 [1] NCCL INFO transport/p2p.cc:449 Cuda Alloc Size 6291456 pointer 0x150d94000000
x3001c0s7b0n0:43416:44522 [0] NCCL INFO Connection to proxy localRank 0 -> connection 0x14c00c000ec0
x3001c0s7b0n0:43416:44678 [0] NCCL INFO transport/p2p.cc:430 Cuda Alloc Size 6291456 pointer 0x14c006600000
x3001c0s7b0n0:43416:44522 [0] NCCL INFO Channel 02/0 : 16[7000] -> 17[46000] via P2P/IPC/read
x3001c0s7b0n0:43416:44678 [0] NCCL INFO New proxy send connection 10 from local rank 0, transport 0
x3001c0s7b0n0:43417:44682 [1] NCCL INFO New proxy recv connection 10 from local rank 1, transport 0
x3001c0s7b0n0:43416:44522 [0] NCCL INFO Connection to proxy localRank 0 -> connection 0x14c00c000f00
x3001c0s7b0n0:43416:44678 [0] NCCL INFO transport/p2p.cc:430 Cuda Alloc Size 6291456 pointer 0x14c006c00000
x3001c0s7b0n0:43417:44523 [1] NCCL INFO Connection to proxy localRank 1 -> connection 0x150d9c000f00
x3001c0s7b0n0:43417:44682 [1] NCCL INFO transport/p2p.cc:449 Cuda Alloc Size 6291456 pointer 0x150d94600000
x3001c0s7b0n0:43417:44682 [1] NCCL INFO New proxy recv connection 11 from local rank 1, transport 0
x3001c0s7b0n0:43416:44522 [0] NCCL INFO Channel 03/0 : 16[7000] -> 17[46000] via P2P/IPC/read
x3001c0s7b0n0:43416:44678 [0] NCCL INFO New proxy send connection 11 from local rank 0, transport 0
x3001c0s7b0n0:43417:44523 [1] NCCL INFO Connection to proxy localRank 1 -> connection 0x150d9c000f40
x3001c0s7b0n0:43417:44682 [1] NCCL INFO transport/p2p.cc:449 Cuda Alloc Size 6291456 pointer 0x150d94c00000
x3001c0s7b0n0:43416:44522 [0] NCCL INFO Connection to proxy localRank 0 -> connection 0x14c00c000f40
x3001c0s7b0n0:43416:44678 [0] NCCL INFO transport/p2p.cc:430 Cuda Alloc Size 6291456 pointer 0x14c007200000
x3001c0s7b0n0:43417:44523 [1] NCCL INFO Channel 00/0 : 17[46000] -> 18[85000] via P2P/IPC/read
x3001c0s7b0n0:43417:44682 [1] NCCL INFO New proxy send connection 12 from local rank 1, transport 0
x3001c0s7b0n0:43417:44523 [1] NCCL INFO Connection to proxy localRank 1 -> connection 0x150d9c000f80
x3001c0s7b0n0:43417:44682 [1] NCCL INFO transport/p2p.cc:430 Cuda Alloc Size 6291456 pointer 0x150d95200000
x3001c0s7b0n0:43417:44523 [1] NCCL INFO Channel 01/0 : 17[46000] -> 18[85000] via P2P/IPC/read
x3001c0s7b0n0:43417:44682 [1] NCCL INFO New proxy send connection 13 from local rank 1, transport 0
x3001c0s7b0n0:43417:44523 [1] NCCL INFO Connection to proxy localRank 1 -> connection 0x150d9c000fc0
x3001c0s7b0n0:43417:44682 [1] NCCL INFO transport/p2p.cc:430 Cuda Alloc Size 6291456 pointer 0x150d95800000
x3001c0s7b0n0:43417:44523 [1] NCCL INFO Channel 02/0 : 17[46000] -> 18[85000] via P2P/IPC/read
x3001c0s7b0n0:43417:44682 [1] NCCL INFO New proxy send connection 14 from local rank 1, transport 0
x3001c0s7b0n0:43417:44523 [1] NCCL INFO Connection to proxy localRank 1 -> connection 0x150d9c001000
x3001c0s7b0n0:43417:44682 [1] NCCL INFO transport/p2p.cc:430 Cuda Alloc Size 6291456 pointer 0x150d92000000
x3001c0s7b0n0:43417:44523 [1] NCCL INFO Channel 03/0 : 17[46000] -> 18[85000] via P2P/IPC/read
x3001c0s7b0n0:43417:44682 [1] NCCL INFO New proxy send connection 15 from local rank 1, transport 0
x3001c0s7b0n0:43417:44523 [1] NCCL INFO Connection to proxy localRank 1 -> connection 0x150d9c001040
x3001c0s7b0n0:43417:44682 [1] NCCL INFO transport/p2p.cc:430 Cuda Alloc Size 6291456 pointer 0x150d92600000
x3001c0s7b0n0:43417:44523 [1] NCCL INFO GPU Direct RDMA Disabled for GPU 46000 / HCA 1 (distance 6 > 4)
x3001c0s7b0n0:43417:44682 [1] NCCL INFO New proxy recv connection 16 from local rank 1, transport 2
x3001c0s7b0n0:43416:44522 [0] NCCL INFO GPU Direct RDMA Disabled for GPU 7000 / HCA 1 (distance 7 > 4)
x3001c0s7b0n0:43416:44678 [0] NCCL INFO Allocated 4194656 bytes of shared memory in /dev/shm/nccl-sjR4V8

x3001c0s7b0n0:43416:44678 [0] NCCL INFO New proxy recv connection 12 from local rank 0, transport 2
x3001c0s7b0n0:43418:44683 [2] NCCL INFO New proxy recv connection 12 from local rank 2, transport 0
x3001c0s7b0n0:43417:44523 [1] NCCL INFO Connection to proxy localRank 1 -> connection 0x150d9c001080
x3001c0s7b0n0:43418:44524 [2] NCCL INFO Connection to proxy localRank 2 -> connection 0x145d3c000f80
x3001c0s7b0n0:43418:44683 [2] NCCL INFO transport/p2p.cc:449 Cuda Alloc Size 6291456 pointer 0x145d35200000
x3001c0s7b0n0:43416:44522 [0] NCCL INFO Connection to proxy localRank 0 -> connection 0x14c00c000f80
x3001c0s7b0n0:43417:44523 [1] NCCL INFO Channel 00/0 : 8[7000] -> 17[46000] [receive] via NET/IB/1
x3001c0s7b0n0:43417:44523 [1] NCCL INFO GPU Direct RDMA Disabled for GPU 46000 / HCA 0 (distance 7 > 4)
x3001c0s7b0n0:43418:44683 [2] NCCL INFO New proxy recv connection 13 from local rank 2, transport 0
x3001c0s7b0n0:43417:44682 [1] NCCL INFO New proxy recv connection 17 from local rank 1, transport 2
x3001c0s7b0n0:43416:44522 [0] NCCL INFO Channel 02/0 : 12[7000] -> 16[7000] [receive] via NET/IB/1
x3001c0s7b0n0:43416:44522 [0] NCCL INFO GPU Direct RDMA Disabled for GPU 7000 / HCA 0 (distance 7 > 4)
x3001c0s7b0n0:43416:44678 [0] NCCL INFO New proxy recv connection 13 from local rank 0, transport 2
x3001c0s7b0n0:43417:44523 [1] NCCL INFO Connection to proxy localRank 1 -> connection 0x150d9c0010c0
x3001c0s7b0n0:43418:44524 [2] NCCL INFO Connection to proxy localRank 2 -> connection 0x145d3c000fc0
x3001c0s7b0n0:43418:44683 [2] NCCL INFO transport/p2p.cc:449 Cuda Alloc Size 6291456 pointer 0x145d35800000
x3001c0s7b0n0:43417:44523 [1] NCCL INFO Channel 01/0 : 8[7000] -> 17[46000] [receive] via NET/IB/0
x3001c0s7b0n0:43418:44683 [2] NCCL INFO New proxy recv connection 14 from local rank 2, transport 0
x3001c0s7b0n0:43416:44522 [0] NCCL INFO Connection to proxy localRank 0 -> connection 0x14c00c000fc0
x3001c0s7b0n0:43418:44524 [2] NCCL INFO Connection to proxy localRank 2 -> connection 0x145d3c001000
x3001c0s7b0n0:43418:44683 [2] NCCL INFO transport/p2p.cc:449 Cuda Alloc Size 6291456 pointer 0x145d32000000
x3001c0s7b0n0:43416:44522 [0] NCCL INFO Channel 03/0 : 12[7000] -> 16[7000] [receive] via NET/IB/0
x3001c0s7b0n0:43416:44522 [0] NCCL INFO GPU Direct RDMA Disabled for GPU 7000 / HCA 1 (distance 7 > 4)
x3001c0s7b0n0:43416:44678 [0] NCCL INFO New proxy send connection 14 from local rank 0, transport 2
x3001c0s7b0n0:43418:44683 [2] NCCL INFO New proxy recv connection 15 from local rank 2, transport 0
x3001c0s7b0n0:43418:44524 [2] NCCL INFO Connection to proxy localRank 2 -> connection 0x145d3c001040
x3001c0s7b0n0:43416:44522 [0] NCCL INFO Connection to proxy localRank 0 -> connection 0x14c00c001000
x3001c0s7b0n0:43416:44522 [0] NCCL INFO Channel 00/0 : 16[7000] -> 0[7000] [send] via NET/IB/1
x3001c0s7b0n0:43416:44522 [0] NCCL INFO GPU Direct RDMA Disabled for GPU 7000 / HCA 0 (distance 7 > 4)
x3001c0s7b0n0:43416:44678 [0] NCCL INFO New proxy send connection 15 from local rank 0, transport 2
x3001c0s7b0n0:43418:44683 [2] NCCL INFO transport/p2p.cc:449 Cuda Alloc Size 6291456 pointer 0x145d32600000
x3001c0s7b0n0:43418:44524 [2] NCCL INFO Channel 00/0 : 18[85000] -> 17[46000] via P2P/IPC/read
x3001c0s7b0n0:43418:44683 [2] NCCL INFO New proxy send connection 16 from local rank 2, transport 0
x3001c0s7b0n0:43416:44522 [0] NCCL INFO Connection to proxy localRank 0 -> connection 0x14c00c001040
x3001c0s7b0n0:43416:44522 [0] NCCL INFO Channel 01/0 : 16[7000] -> 0[7000] [send] via NET/IB/0
x3001c0s7b0n0:43418:44524 [2] NCCL INFO Connection to proxy localRank 2 -> connection 0x145d3c001080
x3001c0s7b0n0:43416:44678 [0] NCCL INFO transport/net_ib.cc:596 Ib Alloc Size 26560 pointer 0x14c00c026000
x3001c0s7b0n0:43418:44683 [2] NCCL INFO transport/p2p.cc:430 Cuda Alloc Size 6291456 pointer 0x145d32c00000
x3001c0s7b0n0:43416:44678 [0] NCCL INFO NET/IB: Dev 1 Port 1 qpn 29237 mtu 5 GID 0 (80FE/6E0000FEFF000000)
x3001c0s7b0n0:43416:44678 [0] NCCL INFO transport/net_ib.cc:653 Ib Alloc Size 552 pointer 0x14c00c048000
x3001c0s7b0n0:43416:44678 [0] NCCL INFO transport/net.cc:571 Cuda Host Alloc Size 9641984 pointer 0x14c005200000
x3001c0s7b0n0:43416:44678 [0] NCCL INFO Mem Realloc old size 0, new size 768 pointer 0x14c00c0354d0
x3001c0s7b0n0:43416:44678 [0] NCCL INFO transport/net_ib.cc:596 Ib Alloc Size 26560 pointer 0x14c00c04a000
x3001c0s7b0n0:43416:44678 [0] NCCL INFO NET/IB: Dev 0 Port 1 qpn 30222 mtu 5 GID 0 (80FE/2E0000FEFF000000)
x3001c0s7b0n0:43416:44678 [0] NCCL INFO transport/net_ib.cc:653 Ib Alloc Size 552 pointer 0x14c00c06b000
x3001c0s7b0n0:43416:44678 [0] NCCL INFO transport/net.cc:571 Cuda Host Alloc Size 9641984 pointer 0x14bffe000000
x3001c0s7b0n0:43416:44678 [0] NCCL INFO Mem Realloc old size 0, new size 768 pointer 0x14c00c056050
x3001c0s7b0n0:43418:44524 [2] NCCL INFO Channel 01/0 : 18[85000] -> 17[46000] via P2P/IPC/read
x3001c0s7b0n0:43418:44683 [2] NCCL INFO New proxy send connection 17 from local rank 2, transport 0
x3001c0s7b0n0:43418:44524 [2] NCCL INFO Connection to proxy localRank 2 -> connection 0x145d3c0010c0
x3001c0s7b0n0:43417:44682 [1] NCCL INFO transport/net_ib.cc:683 Ib Alloc Size 21688 pointer 0x150d9c0d2000
x3001c0s7b0n0:43417:44682 [1] NCCL INFO transport/net_ib.cc:696 Ib Alloc Size 552 pointer 0x150d9c019000
x3001c0s7b0n0:43418:44683 [2] NCCL INFO transport/p2p.cc:430 Cuda Alloc Size 6291456 pointer 0x145d33200000
x3001c0s7b0n0:43416:44678 [0] NCCL INFO transport/net_ib.cc:683 Ib Alloc Size 21688 pointer 0x14c00c06d000
x3001c0s7b0n0:43416:44678 [0] NCCL INFO transport/net_ib.cc:696 Ib Alloc Size 552 pointer 0x14c00c074000
x3001c0s7b0n0:43416:44678 [0] NCCL INFO transport/net_ib.cc:771 Ib Alloc Size 552 pointer 0x14c00c090000
x3001c0s7b0n0:43416:44678 [0] NCCL INFO transport/net.cc:698 Cuda Host Alloc Size 9641984 pointer 0x14bffea00000
x3001c0s7b0n0:43418:44524 [2] NCCL INFO Channel 02/0 : 18[85000] -> 17[46000] via P2P/IPC/read
x3001c0s7b0n0:43418:44683 [2] NCCL INFO New proxy send connection 18 from local rank 2, transport 0
x3001c0s7b0n0:43416:44678 [0] NCCL INFO transport/net_ib.cc:683 Ib Alloc Size 21688 pointer 0x14c00c092000
x3001c0s7b0n0:43416:44678 [0] NCCL INFO transport/net_ib.cc:696 Ib Alloc Size 552 pointer 0x14c00c099000
x3001c0s7b0n0:43417:44682 [1] NCCL INFO transport/net_ib.cc:771 Ib Alloc Size 552 pointer 0x150d9c0f2000
x3001c0s7b0n0:43416:44678 [0] NCCL INFO transport/net_ib.cc:771 Ib Alloc Size 552 pointer 0x14c00c0b4000
x3001c0s7b0n0:43417:44682 [1] NCCL INFO transport/net.cc:698 Cuda Host Alloc Size 9641984 pointer 0x150d8e000000
x3001c0s7b0n0:43416:44678 [0] NCCL INFO transport/net.cc:698 Cuda Host Alloc Size 9641984 pointer 0x14bfff400000
x3001c0s7b0n0:43418:44524 [2] NCCL INFO Connection to proxy localRank 2 -> connection 0x145d3c001100
x3001c0s7b0n0:43418:44683 [2] NCCL INFO transport/p2p.cc:430 Cuda Alloc Size 6291456 pointer 0x145d33800000
x3001c0s7b0n0:43417:44682 [1] NCCL INFO transport/net_ib.cc:683 Ib Alloc Size 21688 pointer 0x150d9c0f4000
x3001c0s7b0n0:43417:44682 [1] NCCL INFO transport/net_ib.cc:696 Ib Alloc Size 552 pointer 0x150d9c0fb000
x3001c0s7b0n0:43416:44522 [0] NCCL INFO GPU Direct RDMA Disabled for GPU 7000 / HCA 1 (distance 7 > 4)
x3001c0s7b0n0:43417:44682 [1] NCCL INFO transport/net_ib.cc:771 Ib Alloc Size 552 pointer 0x150d9c116000
x3001c0s7b0n0:43417:44682 [1] NCCL INFO transport/net.cc:698 Cuda Host Alloc Size 9641984 pointer 0x150d8ea00000
x3001c0s7b0n0:43416:44678 [0] NCCL INFO New proxy recv connection 16 from local rank 0, transport 2
x3001c0s7b0n0:43417:44523 [1] NCCL INFO GPU Direct RDMA Disabled for GPU 46000 / HCA 1 (distance 6 > 4)
x3001c0s7b0n0:43417:44682 [1] NCCL INFO New proxy send connection 18 from local rank 1, transport 2
x3001c0s7b0n0:43418:44524 [2] NCCL INFO Channel 03/0 : 18[85000] -> 17[46000] via P2P/IPC/read
x3001c0s7b0n0:43418:44683 [2] NCCL INFO New proxy send connection 19 from local rank 2, transport 0
x3001c0s7b0n0:43416:44522 [0] NCCL INFO Connection to proxy localRank 0 -> connection 0x14c00c001080
x3001c0s7b0n0:43416:44522 [0] NCCL INFO Channel 00/0 : 0[7000] -> 16[7000] [receive] via NET/IB/1
x3001c0s7b0n0:43416:44522 [0] NCCL INFO GPU Direct RDMA Disabled for GPU 7000 / HCA 0 (distance 7 > 4)
x3001c0s7b0n0:43416:44678 [0] NCCL INFO New proxy recv connection 17 from local rank 0, transport 2
x3001c0s7b0n0:43417:44523 [1] NCCL INFO Connection to proxy localRank 1 -> connection 0x150d9c001100
x3001c0s7b0n0:43417:44523 [1] NCCL INFO Channel 00/0 : 17[46000] -> 8[7000] [send] via NET/IB/1
x3001c0s7b0n0:43417:44523 [1] NCCL INFO GPU Direct RDMA Disabled for GPU 46000 / HCA 0 (distance 7 > 4)
x3001c0s7b0n0:43417:44682 [1] NCCL INFO New proxy send connection 19 from local rank 1, transport 2
x3001c0s7b0n0:43417:44523 [1] NCCL INFO Connection to proxy localRank 1 -> connection 0x150d9c001140
x3001c0s7b0n0:43417:44523 [1] NCCL INFO Channel 01/0 : 17[46000] -> 8[7000] [send] via NET/IB/0
x3001c0s7b0n0:43418:44524 [2] NCCL INFO Connection to proxy localRank 2 -> connection 0x145d3c001140
x3001c0s7b0n0:43418:44683 [2] NCCL INFO transport/p2p.cc:430 Cuda Alloc Size 6291456 pointer 0x145d30000000
x3001c0s7b0n0:43416:44522 [0] NCCL INFO Connection to proxy localRank 0 -> connection 0x14c00c0010c0
x3001c0s7b0n0:43419:44525 [3] NCCL INFO Connected all trees by HAO
x3001c0s7b0n0:43419:44525 [3] NCCL INFO threadThresholds 8/8/64 | 160/8/64 | 512 | 512
x3001c0s7b0n0:43419:44525 [3] NCCL INFO 4 coll channels, 4 p2p channels, 2 p2p channels per peer
x3001c0s7b0n0:43419:44690 [3] NCCL INFO New proxy send connection 12 from local rank 3, transport 2
x3001c0s7b0n0:43416:44522 [0] NCCL INFO Channel 01/0 : 0[7000] -> 16[7000] [receive] via NET/IB/0
x3001c0s7b0n0:43416:44522 [0] NCCL INFO GPU Direct RDMA Disabled for GPU 7000 / HCA 1 (distance 7 > 4)
x3001c0s7b0n0:43416:44678 [0] NCCL INFO New proxy send connection 18 from local rank 0, transport 2
x3001c0s7b0n0:43419:44525 [3] NCCL INFO Connection to proxy localRank 3 -> connection 0x14f948000f80
x3001c0s7b0n0:43419:44690 [3] NCCL INFO transport/net.cc:376 Cuda Alloc Size 8388608 pointer 0x14f93a600000
x3001c0s7b0n0:43416:44522 [0] NCCL INFO Connection to proxy localRank 0 -> connection 0x14c00c001100
x3001c0s7b0n0:43416:44522 [0] NCCL INFO Channel 02/0 : 16[7000] -> 12[7000] [send] via NET/IB/1
x3001c0s7b0n0:43416:44522 [0] NCCL INFO GPU Direct RDMA Disabled for GPU 7000 / HCA 0 (distance 7 > 4)
x3001c0s7b0n0:43416:44678 [0] NCCL INFO New proxy send connection 19 from local rank 0, transport 2
x3001c0s7b0n0:43416:44522 [0] NCCL INFO Connection to proxy localRank 0 -> connection 0x14c00c001140
x3001c0s7b0n0:43417:44682 [1] NCCL INFO transport/net_ib.cc:596 Ib Alloc Size 26560 pointer 0x150d9c122000
x3001c0s7b0n0:43416:44522 [0] NCCL INFO Channel 03/0 : 16[7000] -> 12[7000] [send] via NET/IB/0
x3001c0s7b0n0:43417:44682 [1] NCCL INFO NET/IB: Dev 1 Port 1 qpn 29242 mtu 5 GID 0 (80FE/6E0000FEFF000000)
x3001c0s7b0n0:43417:44682 [1] NCCL INFO transport/net_ib.cc:653 Ib Alloc Size 552 pointer 0x150d9c139000
x3001c0s7b0n0:43417:44682 [1] NCCL INFO transport/net.cc:571 Cuda Host Alloc Size 9641984 pointer 0x150d8f400000
x3001c0s7b0n0:43417:44682 [1] NCCL INFO transport/net_ib.cc:596 Ib Alloc Size 26560 pointer 0x150d9c13b000
x3001c0s7b0n0:43417:44682 [1] NCCL INFO NET/IB: Dev 0 Port 1 qpn 30227 mtu 5 GID 0 (80FE/2E0000FEFF000000)
x3001c0s7b0n0:43417:44682 [1] NCCL INFO transport/net_ib.cc:653 Ib Alloc Size 552 pointer 0x150d9c152000
x3001c0s7b0n0:43417:44682 [1] NCCL INFO transport/net.cc:571 Cuda Host Alloc Size 9641984 pointer 0x150d8c000000
x3001c0s7b0n0:43417:44682 [1] NCCL INFO New proxy recv connection 20 from local rank 1, transport 0
x3001c0s7b0n0:43417:44523 [1] NCCL INFO Connection to proxy localRank 1 -> connection 0x150d9c001180
x3001c0s7b0n0:43417:44682 [1] NCCL INFO transport/p2p.cc:449 Cuda Alloc Size 6291456 pointer 0x150d8ca00000
x3001c0s7b0n0:43417:44682 [1] NCCL INFO New proxy recv connection 21 from local rank 1, transport 0
x3001c0s7b0n0:43417:44523 [1] NCCL INFO Connection to proxy localRank 1 -> connection 0x150d9c0011c0
x3001c0s7b0n0:43417:44682 [1] NCCL INFO transport/p2p.cc:449 Cuda Alloc Size 6291456 pointer 0x150d8d000000
x3001c0s7b0n0:43417:44682 [1] NCCL INFO New proxy recv connection 22 from local rank 1, transport 0
x3001c0s7b0n0:43417:44523 [1] NCCL INFO Connection to proxy localRank 1 -> connection 0x150d9c001200
x3001c0s7b0n0:43417:44682 [1] NCCL INFO transport/p2p.cc:449 Cuda Alloc Size 6291456 pointer 0x150d8d600000
x3001c0s7b0n0:43417:44682 [1] NCCL INFO New proxy recv connection 23 from local rank 1, transport 0
x3001c0s7b0n0:43417:44523 [1] NCCL INFO Connection to proxy localRank 1 -> connection 0x150d9c001240
x3001c0s7b0n0:43417:44682 [1] NCCL INFO transport/p2p.cc:449 Cuda Alloc Size 6291456 pointer 0x150d8a000000
x3001c0s7b0n0:43417:44523 [1] NCCL INFO Connected all trees by HAO
x3001c0s7b0n0:43417:44523 [1] NCCL INFO threadThresholds 8/8/64 | 160/8/64 | 512 | 512
x3001c0s7b0n0:43417:44523 [1] NCCL INFO 4 coll channels, 4 p2p channels, 2 p2p channels per peer
x3001c0s7b0n0:43416:44678 [0] NCCL INFO transport/net_ib.cc:596 Ib Alloc Size 26560 pointer 0x14c00c0c8000
x3001c0s7b0n0:43418:44524 [2] NCCL INFO Connected all trees by HAO
x3001c0s7b0n0:43418:44524 [2] NCCL INFO threadThresholds 8/8/64 | 160/8/64 | 512 | 512
x3001c0s7b0n0:43418:44524 [2] NCCL INFO 4 coll channels, 4 p2p channels, 2 p2p channels per peer
x3001c0s7b0n0:43416:44678 [0] NCCL INFO NET/IB: Dev 1 Port 1 qpn 29243 mtu 5 GID 0 (80FE/6E0000FEFF000000)
x3001c0s7b0n0:43416:44678 [0] NCCL INFO transport/net_ib.cc:653 Ib Alloc Size 552 pointer 0x14c00c0df000
x3001c0s7b0n0:43416:44678 [0] NCCL INFO transport/net.cc:571 Cuda Host Alloc Size 9641984 pointer 0x14bffc000000
x3001c0s7b0n0:43417:44682 [1] NCCL INFO New proxy send connection 24 from local rank 1, transport 2
x3001c0s7b0n0:43418:44683 [2] NCCL INFO Allocated 4194656 bytes of shared memory in /dev/shm/nccl-MBEh3e

x3001c0s7b0n0:43418:44683 [2] NCCL INFO New proxy send connection 20 from local rank 2, transport 2
x3001c0s7b0n0:43416:44678 [0] NCCL INFO transport/net_ib.cc:596 Ib Alloc Size 26560 pointer 0x14c00c0e1000
x3001c0s7b0n0:43417:44523 [1] NCCL INFO Connection to proxy localRank 1 -> connection 0x150d9c001280
x3001c0s7b0n0:43417:44682 [1] NCCL INFO transport/net.cc:376 Cuda Alloc Size 8388608 pointer 0x150d88000000
x3001c0s7b0n0:43416:44678 [0] NCCL INFO NET/IB: Dev 0 Port 1 qpn 30229 mtu 5 GID 0 (80FE/2E0000FEFF000000)
x3001c0s7b0n0:43416:44678 [0] NCCL INFO transport/net_ib.cc:653 Ib Alloc Size 552 pointer 0x14c00c0f8000
x3001c0s7b0n0:43416:44678 [0] NCCL INFO transport/net.cc:571 Cuda Host Alloc Size 9641984 pointer 0x14bffca00000
x3001c0s7b0n0:43416:44678 [0] NCCL INFO transport/net_ib.cc:683 Ib Alloc Size 21688 pointer 0x14c00c0fa000
x3001c0s7b0n0:43416:44678 [0] NCCL INFO transport/net_ib.cc:696 Ib Alloc Size 552 pointer 0x14c00c101000
x3001c0s7b0n0:43416:44678 [0] NCCL INFO transport/net_ib.cc:771 Ib Alloc Size 552 pointer 0x14c00c11d000
x3001c0s7b0n0:43416:44678 [0] NCCL INFO transport/net.cc:698 Cuda Host Alloc Size 9641984 pointer 0x14bffd400000
x3001c0s7b0n0:43418:44524 [2] NCCL INFO Connection to proxy localRank 2 -> connection 0x145d3c001180
x3001c0s7b0n0:43418:44683 [2] NCCL INFO transport/net.cc:376 Cuda Alloc Size 8388608 pointer 0x145d2f800000
x3001c0s7b0n0:43416:44678 [0] NCCL INFO transport/net_ib.cc:683 Ib Alloc Size 21688 pointer 0x14c00c11f000
x3001c0s7b0n0:43416:44678 [0] NCCL INFO transport/net_ib.cc:696 Ib Alloc Size 552 pointer 0x14c00c126000
x3001c0s7b0n0:43416:44678 [0] NCCL INFO transport/net_ib.cc:771 Ib Alloc Size 552 pointer 0x14c00c141000
x3001c0s7b0n0:43416:44678 [0] NCCL INFO transport/net.cc:698 Cuda Host Alloc Size 9641984 pointer 0x14bffa000000
x3001c0s7b0n0:43416:44522 [0] NCCL INFO Connected all trees by HAO
x3001c0s7b0n0:43416:44522 [0] NCCL INFO threadThresholds 8/8/64 | 160/8/64 | 512 | 512
x3001c0s7b0n0:43416:44522 [0] NCCL INFO 4 coll channels, 4 p2p channels, 2 p2p channels per peer
x3001c0s7b0n0:43416:44678 [0] NCCL INFO New proxy send connection 20 from local rank 0, transport 2
x3001c0s7b0n0:43416:44522 [0] NCCL INFO Connection to proxy localRank 0 -> connection 0x14c00c001180
x3001c0s7b0n0:43416:44522 [0] NCCL INFO init.cc:367 Cuda Alloc Size 5168 pointer 0x14c01b808800
x3001c0s7b0n0:43418:44524 [2] NCCL INFO init.cc:367 Cuda Alloc Size 5168 pointer 0x145d4b808800
x3001c0s7b0n0:43417:44523 [1] NCCL INFO init.cc:367 Cuda Alloc Size 5168 pointer 0x150dab808800
x3001c0s7b0n0:43419:44525 [3] NCCL INFO init.cc:367 Cuda Alloc Size 5168 pointer 0x14f957808800
x3001c0s7b0n0:43419:44525 [3] NCCL INFO init.cc:392 Cuda Host Alloc Size 33554432 pointer 0x14f938000000
x3001c0s7b0n0:43419:44525 [3] NCCL INFO init.cc:398 Cuda Host Alloc Size 128 pointer 0x14f956e00200
x3001c0s7b0n0:43419:44525 [3] NCCL INFO comm 0x5577f0f6b340 rank 19 nranks 20 cudaDev 3 busId c7000 - Init COMPLETE
x3001c0s7b0n0:43418:44524 [2] NCCL INFO init.cc:392 Cuda Host Alloc Size 33554432 pointer 0x145d26000000
x3001c0s7b0n0:43418:44524 [2] NCCL INFO init.cc:398 Cuda Host Alloc Size 128 pointer 0x145d4ae00200
x3001c0s7b0n0:43418:44524 [2] NCCL INFO comm 0x5646dd469140 rank 18 nranks 20 cudaDev 2 busId 85000 - Init COMPLETE
x3001c0s7b0n0:43417:44523 [1] NCCL INFO init.cc:392 Cuda Host Alloc Size 33554432 pointer 0x150d86000000
x3001c0s7b0n0:43417:44523 [1] NCCL INFO init.cc:398 Cuda Host Alloc Size 128 pointer 0x150daae00200
x3001c0s7b0n0:43417:44523 [1] NCCL INFO comm 0x564f353dc010 rank 17 nranks 20 cudaDev 1 busId 46000 - Init COMPLETE
x3001c0s7b0n0:43417:43417 [1] NCCL INFO AllReduce: opCount 0 sendbuff 0x150deb600200 recvbuff 0x150deb600200 count 1 datatype 1 op 0 root 0 comm 0x564f353dc010 [nranks=20] stream 0x564f4ed81e60
x3001c0s7b0n0:43417:43417 [1] NCCL INFO misc/utils.cc:235 memory stack hunk malloc(65536)
[LYD INFO in ncclLaunchKernel (enqueue.cc)] NCHANNELS is: 4x3001c0s7b0n0:43416:44678 [0] NCCL INFO transport/net.cc:376 Cuda Alloc Size 8388608 pointer 0x14bffaa00000
x3001c0s7b0n0:43416:44522 [0] NCCL INFO init.cc:392 Cuda Host Alloc Size 33554432 pointer 0x14bff8000000
x3001c0s7b0n0:43416:44522 [0] NCCL INFO init.cc:398 Cuda Host Alloc Size 128 pointer 0x14c01ae00200
x3001c0s7b0n0:43416:44522 [0] NCCL INFO comm 0x55fb489f2550 rank 16 nranks 20 cudaDev 0 busId 7000 - Init COMPLETE
x3001c0s7b0n0:43418:43418 [2] NCCL INFO AllReduce: opCount 0 sendbuff 0x145d8b600200 recvbuff 0x145d8b600200 count 1 datatype 1 op 0 root 0 comm 0x5646dd469140 [nranks=20] stream 0x5646fa700c60
x3001c0s7b0n0:43418:43418 [2] NCCL INFO misc/utils.cc:235 memory stack hunk malloc(65536)
[LYD INFO in ncclLaunchKernel (enqueue.cc)] NCHANNELS is: 4x3001c0s7b0n0:43416:43416 [0] NCCL INFO AllReduce: opCount 0 sendbuff 0x14c05b600200 recvbuff 0x14c05b600200 count 1 datatype 1 op 0 root 0 comm 0x55fb489f2550 [nranks=20] stream 0x55fb62c8ad20
x3001c0s7b0n0:43416:43416 [0] NCCL INFO misc/utils.cc:235 memory stack hunk malloc(65536)
[LYD INFO in ncclLaunchKernel (enqueue.cc)] NCHANNELS is: 4x3001c0s7b0n0:43419:43419 [3] NCCL INFO AllReduce: opCount 0 sendbuff 0x14f997600200 recvbuff 0x14f997600200 count 1 datatype 1 op 0 root 0 comm 0x5577f0f6b340 [nranks=20] stream 0x55780b9827e0
x3001c0s7b0n0:43419:43419 [3] NCCL INFO misc/utils.cc:235 memory stack hunk malloc(65536)
[LYD INFO in ncclLaunchKernel (enqueue.cc)] NCHANNELS is: 4
[LYD INFO in NCCL_KERN_NAME (common.h)] 19 AllReduce TREE LL Sum uint8_t Elapsed time: 620409 us

[LYD INFO in NCCL_KERN_NAME (common.h)] 16 AllReduce TREE LL Sum uint8_t Elapsed time: 633226 us

[LYD INFO in NCCL_KERN_NAME (common.h)] 18 AllReduce TREE LL Sum uint8_t Elapsed time: 650831 us

[LYD INFO in NCCL_KERN_NAME (common.h)] 17 AllReduce TREE LL Sum uint8_t Elapsed time: 667400 us
x3001c0s7b0n0:43419:43419 [3] NCCL INFO AllReduce: opCount 1 sendbuff 0x14f997600000 recvbuff 0x14f997600000 count 1 datatype 1 op 0 root 0 comm 0x5577f0f6b340 [nranks=20] stream 0x55780b9827e0
[LYD INFO in ncclLaunchKernel (enqueue.cc)] NCHANNELS is: 4x3001c0s7b0n0:43416:43416 [0] NCCL INFO AllReduce: opCount 1 sendbuff 0x14c05b600000 recvbuff 0x14c05b600000 count 1 datatype 1 op 0 root 0 comm 0x55fb489f2550 [nranks=20] stream 0x55fb62c8ad20
[LYD INFO in ncclLaunchKernel (enqueue.cc)] NCHANNELS is: 4x3001c0s7b0n0:43417:43417 [1] NCCL INFO AllReduce: opCount 1 sendbuff 0x150deb600000 recvbuff 0x150deb600000 count 1 datatype 1 op 0 root 0 comm 0x564f353dc010 [nranks=20] stream 0x564f4ed81e60
[LYD INFO in ncclLaunchKernel (enqueue.cc)] NCHANNELS is: 4x3001c0s7b0n0:43418:43418 [2] NCCL INFO AllReduce: opCount 1 sendbuff 0x145d8b600000 recvbuff 0x145d8b600000 count 1 datatype 1 op 0 root 0 comm 0x5646dd469140 [nranks=20] stream 0x5646fa700c60
[LYD INFO in ncclLaunchKernel (enqueue.cc)] NCHANNELS is: 4
[LYD INFO in NCCL_KERN_NAME (common.h)] 18 AllReduce TREE LL Sum uint8_t Elapsed time: 2008388 us

[LYD INFO in NCCL_KERN_NAME (common.h)] 16 AllReduce TREE LL Sum uint8_t Elapsed time: 9879805 us

[LYD INFO in NCCL_KERN_NAME (common.h)] 19 AllReduce TREE LL Sum uint8_t Elapsed time: 10905454 us

[LYD INFO in NCCL_KERN_NAME (common.h)] 17 AllReduce TREE LL Sum uint8_t Elapsed time: 5240982 us
x3001c0s7b0n0:43419:43419 [3] NCCL INFO AllReduce: opCount 2 sendbuff 0x14f997600000 recvbuff 0x14f997600000 count 1 datatype 8 op 3 root 0 comm 0x5577f0f6b340 [nranks=20] stream 0x55780b9827e0
[LYD INFO in ncclLaunchKernel (enqueue.cc)] NCHANNELS is: 4x3001c0s7b0n0:43416:43416 [0] NCCL INFO AllReduce: opCount 2 sendbuff 0x14c05b600000 recvbuff 0x14c05b600000 count 1 datatype 8 op 3 root 0 comm 0x55fb489f2550 [nranks=20] stream 0x55fb62c8ad20
[LYD INFO in ncclLaunchKernel (enqueue.cc)] NCHANNELS is: 4
[LYD INFO in NCCL_FUNC_NAME (common.h)] 19 AllReduce TREE LL Min double Elapsed time: 4 us
x3001c0s7b0n0:43418:43418 [2] NCCL INFO AllReduce: opCount 2 sendbuff 0x145d8b600000 recvbuff 0x145d8b600000 count 1 datatype 8 op 3 root 0 comm 0x5646dd469140 [nranks=20] stream 0x5646fa700c60
[LYD INFO in ncclLaunchKernel (enqueue.cc)] NCHANNELS is: 4x3001c0s7b0n0:43417:43417 [1] NCCL INFO AllReduce: opCount 2 sendbuff 0x150deb600000 recvbuff 0x150deb600000 count 1 datatype 8 op 3 root 0 comm 0x564f353dc010 [nranks=20] stream 0x564f4ed81e60
[LYD INFO in ncclLaunchKernel (enqueue.cc)] NCHANNELS is: 4
[LYD INFO in NCCL_FUNC_NAME (common.h)] 16 AllReduce TREE LL Min double Elapsed time: 54039 us

[LYD INFO in NCCL_KERN_NAME (common.h)] 16 AllReduce TREE LL Sum double Elapsed time: 64684 us
x3001c0s7b0n0:43416:43416 [0] NCCL INFO AllReduce: opCount 3 sendbuff 0x14c05b600200 recvbuff 0x14c05b600200 count 1 datatype 1 op 0 root 0 comm 0x55fb489f2550 [nranks=20] stream 0x55fb62c8ad20
[LYD INFO in ncclLaunchKernel (enqueue.cc)] NCHANNELS is: 4
[LYD INFO in NCCL_KERN_NAME (common.h)] 19 AllReduce TREE LL Sum double Elapsed time: 66653 us
x3001c0s7b0n0:43419:43419 [3] NCCL INFO AllReduce: opCount 3 sendbuff 0x14f997600200 recvbuff 0x14f997600200 count 1 datatype 1 op 0 root 0 comm 0x5577f0f6b340 [nranks=20] stream 0x55780b9827e0
[LYD INFO in ncclLaunchKernel (enqueue.cc)] NCHANNELS is: 4
[LYD INFO in NCCL_FUNC_NAME (common.h)] 18 AllReduce TREE LL Min double Elapsed time: 6 us

[LYD INFO in NCCL_KERN_NAME (common.h)] 18 AllReduce TREE LL Sum double Elapsed time: 57365 us
x3001c0s7b0n0:43418:43418 [2] NCCL INFO AllReduce: opCount 3 sendbuff 0x145d8b600200 recvbuff 0x145d8b600200 count 1 datatype 1 op 0 root 0 comm 0x5646dd469140 [nranks=20] stream 0x5646fa700c60
[LYD INFO in ncclLaunchKernel (enqueue.cc)] NCHANNELS is: 4
[LYD INFO in NCCL_FUNC_NAME (common.h)] 17 AllReduce TREE LL Min double Elapsed time: 29379 us

[LYD INFO in NCCL_KERN_NAME (common.h)] 17 AllReduce TREE LL Sum double Elapsed time: 38114 us
x3001c0s7b0n0:43417:43417 [1] NCCL INFO AllReduce: opCount 3 sendbuff 0x150deb600200 recvbuff 0x150deb600200 count 1 datatype 1 op 0 root 0 comm 0x564f353dc010 [nranks=20] stream 0x564f4ed81e60
[LYD INFO in ncclLaunchKernel (enqueue.cc)] NCHANNELS is: 4
[LYD INFO in NCCL_KERN_NAME (common.h)] 17 AllReduce TREE LL Sum uint8_t Elapsed time: 7296 us

[LYD INFO in NCCL_KERN_NAME (common.h)] 16 AllReduce TREE LL Sum uint8_t Elapsed time: 96894 us

[LYD INFO in NCCL_KERN_NAME (common.h)] 18 AllReduce TREE LL Sum uint8_t Elapsed time: 73885 us

[LYD INFO in NCCL_KERN_NAME (common.h)] 19 AllReduce TREE LL Sum uint8_t Elapsed time: 74557 us
 > number of parameters on (tensor, pipeline) model parallel rank (0, 17): 39354880
 > number of parameters on (tensor, pipeline) model parallel rank (0, 16): 39354880
 > number of parameters on (tensor, pipeline) model parallel rank (0, 18): 39354880
x3001c0s7b0n0:43417:43417 [1] NCCL INFO AllReduce: opCount 4 sendbuff 0x150deb600400 recvbuff 0x150deb600400 count 1 datatype 1 op 0 root 0 comm 0x564f353dc010 [nranks=20] stream 0x564f4ed81e60
[LYD INFO in ncclLaunchKernel (enqueue.cc)] NCHANNELS is: 4x3001c0s7b0n0:43416:43416 [0] NCCL INFO AllReduce: opCount 4 sendbuff 0x14c05b600400 recvbuff 0x14c05b600400 count 1 datatype 1 op 0 root 0 comm 0x55fb489f2550 [nranks=20] stream 0x55fb62c8ad20
[LYD INFO in ncclLaunchKernel (enqueue.cc)] NCHANNELS is: 4x3001c0s7b0n0:43418:43418 [2] NCCL INFO AllReduce: opCount 4 sendbuff 0x145d8b600400 recvbuff 0x145d8b600400 count 1 datatype 1 op 0 root 0 comm 0x5646dd469140 [nranks=20] stream 0x5646fa700c60
[LYD INFO in ncclLaunchKernel (enqueue.cc)] NCHANNELS is: 4x3001c0s7b0n0:43419:43419 [3] NCCL INFO init.cc:1147 Cuda Host Alloc Size 4 pointer 0x14f956e00400
x3001c0s7b0n0:43419:47421 [3] NCCL INFO Using network IB
x3001c0s7b0n0:43419:47421 [3] NCCL INFO NET/IB : GPU Direct RDMA Enabled for HCA 0 'mlx5_0'
x3001c0s7b0n0:43419:47421 [3] NCCL INFO NET/IB : GPU Direct RDMA Enabled for HCA 1 'mlx5_1'
x3001c0s7b0n0:43419:47421 [3] NCCL INFO GPU Direct RDMA Disabled for GPU c7000 / HCA 0 (distance 6 > 4)
x3001c0s7b0n0:43419:47421 [3] NCCL INFO GPU Direct RDMA Disabled for GPU c7000 / HCA 1 (distance 7 > 4)
x3001c0s7b0n0:43419:47421 [3] NCCL INFO GPU Direct RDMA Disabled for GPU c7000 / HCA 0 (distance 6 > 4)
x3001c0s7b0n0:43419:47421 [3] NCCL INFO GPU Direct RDMA Disabled for GPU c7000 / HCA 1 (distance 7 > 4)
x3001c0s7b0n0:43419:47421 [3] NCCL INFO === System : maxBw 12.0 totalBw 24.0 ===
x3001c0s7b0n0:43419:47421 [3] NCCL INFO CPU/0 (1/2/-1)
x3001c0s7b0n0:43419:47421 [3] NCCL INFO + SYS[5000.0] - CPU/2
x3001c0s7b0n0:43419:47421 [3] NCCL INFO + PCI[24.0] - PCI/C5000 (11f8406811f8beef)
x3001c0s7b0n0:43419:47421 [3] NCCL INFO               + PCI[24.0] - GPU/C7000 (1)
x3001c0s7b0n0:43419:47421 [3] NCCL INFO + PCI[12.0] - NIC/C8000
x3001c0s7b0n0:43419:47421 [3] NCCL INFO               + NET[12.5] - NET/0 (74d604ffffa4e988/1/12.500000)
x3001c0s7b0n0:43419:47421 [3] NCCL INFO CPU/2 (1/2/-1)
x3001c0s7b0n0:43419:47421 [3] NCCL INFO + SYS[5000.0] - CPU/0
x3001c0s7b0n0:43419:47421 [3] NCCL INFO + PCI[12.0] - NIC/43000
x3001c0s7b0n0:43419:47421 [3] NCCL INFO               + NET[12.5] - NET/1 (20d604ffffa4e988/1/12.500000)
x3001c0s7b0n0:43419:47421 [3] NCCL INFO ==========================================
x3001c0s7b0n0:43419:47421 [3] NCCL INFO GPU/C7000 :GPU/C7000 (0/5000.000000/LOC) CPU/0 (2/24.000000/PHB) CPU/2 (3/24.000000/SYS) NET/0 (4/12.000000/PHB) NET/1 (5/12.000000/SYS) 
x3001c0s7b0n0:43419:47421 [3] NCCL INFO NET/0 :GPU/C7000 (4/12.000000/PHB) CPU/0 (2/12.000000/PHB) CPU/2 (3/12.000000/SYS) NET/0 (0/5000.000000/LOC) NET/1 (5/12.000000/SYS) 
x3001c0s7b0n0:43419:47421 [3] NCCL INFO NET/1 :GPU/C7000 (5/12.000000/SYS) CPU/0 (3/12.000000/SYS) CPU/2 (2/12.000000/PHB) NET/0 (5/12.000000/SYS) NET/1 (0/5000.000000/LOC) 
x3001c0s7b0n0:43419:47421 [3] NCCL INFO Setting affinity for GPU 3 to 01
x3001c0s7b0n0:43419:47421 [3] NCCL INFO Pattern 4, crossNic 0, nChannels 1, bw 12.000000/12.000000, type LOC/PHB, sameChannels 1
x3001c0s7b0n0:43419:47421 [3] NCCL INFO  0 : NET/0 GPU/1 NET/0
x3001c0s7b0n0:43419:47421 [3] NCCL INFO Pattern 3, crossNic 0, nChannels 1, bw 24.000000/12.000000, type LOC/PHB, sameChannels 1
x3001c0s7b0n0:43419:47421 [3] NCCL INFO  0 : NET/0 GPU/1 NET/0
x3001c0s7b0n0:43419:47421 [3] NCCL INFO Pattern 3, crossNic 0, nChannels 0, bw 0.000000/0.000000, type LOC/PIX, sameChannels 1
x3001c0s7b0n0:43419:47421 [3] NCCL INFO Tree 0 : 0 -> 1 -> -1/-1/-1
x3001c0s7b0n0:43419:47421 [3] NCCL INFO Tree 1 : -1 -> 1 -> 0/-1/-1
x3001c0s7b0n0:43419:47421 [3] NCCL INFO Ring 00 : 0 -> 1 -> 0
x3001c0s7b0n0:43419:47421 [3] NCCL INFO Ring 01 : 0 -> 1 -> 0
x3001c0s7b0n0:43419:47421 [3] NCCL INFO Trees [0] -1/-1/-1->1->0 [1] 0/-1/-1->1->-1
x3001c0s7b0n0:43419:47421 [3] NCCL INFO misc/utils.cc:235 memory stack hunk malloc(65536)
x3001c0s7b0n0:43419:47421 [3] NCCL INFO channel.cc:23 Cuda Alloc Size 1152 pointer 0x14f957809e00
x3001c0s7b0n0:43419:47421 [3] NCCL INFO channel.cc:27 Cuda Alloc Size 8 pointer 0x14f95780a400
x3001c0s7b0n0:43419:47421 [3] NCCL INFO channel.cc:23 Cuda Alloc Size 1152 pointer 0x14f95780a600
x3001c0s7b0n0:43419:47421 [3] NCCL INFO channel.cc:27 Cuda Alloc Size 8 pointer 0x14f95780ac00
x3001c0s7b0n0:43419:47421 [3] NCCL INFO GPU Direct RDMA Disabled for GPU c7000 / HCA 0 (distance 6 > 4)
x3001c0s7b0n0:43419:47432 [3] NCCL INFO Mem Realloc old size 0, new size 8 pointer 0x14f918000c60
x3001c0s7b0n0:43419:47432 [3] NCCL INFO Allocated 4194656 bytes of shared memory in /dev/shm/nccl-W0lFbl

x3001c0s7b0n0:43419:47432 [3] NCCL INFO New proxy recv connection 0 from local rank 0, transport 2
x3001c0s7b0n0:43419:47421 [3] NCCL INFO Connection to proxy localRank 0 -> connection 0x14f918000c80
x3001c0s7b0n0:43419:47421 [3] NCCL INFO Channel 00/0 : 0[7000] -> 1[c7000] [receive] via NET/IB/0
x3001c0s7b0n0:43419:47421 [3] NCCL INFO GPU Direct RDMA Disabled for GPU c7000 / HCA 0 (distance 6 > 4)
x3001c0s7b0n0:43419:47432 [3] NCCL INFO New proxy recv connection 1 from local rank 0, transport 2
x3001c0s7b0n0:43419:47421 [3] NCCL INFO Connection to proxy localRank 0 -> connection 0x14f918000cc0
x3001c0s7b0n0:43419:47421 [3] NCCL INFO Channel 01/0 : 0[7000] -> 1[c7000] [receive] via NET/IB/0
x3001c0s7b0n0:43419:47421 [3] NCCL INFO GPU Direct RDMA Disabled for GPU c7000 / HCA 0 (distance 6 > 4)
x3001c0s7b0n0:43419:47432 [3] NCCL INFO New proxy send connection 2 from local rank 0, transport 2
x3001c0s7b0n0:43419:47421 [3] NCCL INFO Connection to proxy localRank 0 -> connection 0x14f918000d00
x3001c0s7b0n0:43419:47421 [3] NCCL INFO Channel 00/0 : 1[c7000] -> 0[7000] [send] via NET/IB/0
x3001c0s7b0n0:43419:47421 [3] NCCL INFO GPU Direct RDMA Disabled for GPU c7000 / HCA 0 (distance 6 > 4)
x3001c0s7b0n0:43419:47432 [3] NCCL INFO New proxy send connection 3 from local rank 0, transport 2
x3001c0s7b0n0:43419:47421 [3] NCCL INFO Connection to proxy localRank 0 -> connection 0x14f918000d40
x3001c0s7b0n0:43419:47421 [3] NCCL INFO Channel 01/0 : 1[c7000] -> 0[7000] [send] via NET/IB/0
x3001c0s7b0n0:43419:47432 [3] NCCL INFO transport/net_ib.cc:596 Ib Alloc Size 26560 pointer 0x14f91801d000
x3001c0s7b0n0:43419:47432 [3] NCCL INFO NET/IB: Dev 0 Port 1 qpn 30232 mtu 5 GID 0 (80FE/2E0000FEFF000000)
x3001c0s7b0n0:43419:47432 [3] NCCL INFO transport/net_ib.cc:653 Ib Alloc Size 552 pointer 0x14f918035000
x3001c0s7b0n0:43419:47432 [3] NCCL INFO transport/net.cc:571 Cuda Host Alloc Size 9641984 pointer 0x14f93b600000
x3001c0s7b0n0:43419:47432 [3] NCCL INFO transport/net_ib.cc:596 Ib Alloc Size 26560 pointer 0x14f918037000
x3001c0s7b0n0:43419:47432 [3] NCCL INFO NET/IB: Dev 0 Port 1 qpn 30233 mtu 5 GID 0 (80FE/2E0000FEFF000000)
x3001c0s7b0n0:43419:47432 [3] NCCL INFO transport/net_ib.cc:653 Ib Alloc Size 552 pointer 0x14f91804e000
x3001c0s7b0n0:43419:47432 [3] NCCL INFO transport/net.cc:571 Cuda Host Alloc Size 9641984 pointer 0x14f971c00000
x3001c0s7b0n0:43419:47432 [3] NCCL INFO transport/net_ib.cc:683 Ib Alloc Size 21688 pointer 0x14f918050000
x3001c0s7b0n0:43419:47432 [3] NCCL INFO transport/net_ib.cc:696 Ib Alloc Size 552 pointer 0x14f918057000
x3001c0s7b0n0:43419:47432 [3] NCCL INFO transport/net_ib.cc:771 Ib Alloc Size 552 pointer 0x14f918073000
x3001c0s7b0n0:43419:47432 [3] NCCL INFO transport/net.cc:698 Cuda Host Alloc Size 9641984 pointer 0x14f972600000
x3001c0s7b0n0:43419:47432 [3] NCCL INFO transport/net_ib.cc:683 Ib Alloc Size 21688 pointer 0x14f918075000
x3001c0s7b0n0:43419:47432 [3] NCCL INFO transport/net_ib.cc:696 Ib Alloc Size 552 pointer 0x14f91807c000
x3001c0s7b0n0:43419:47432 [3] NCCL INFO transport/net_ib.cc:771 Ib Alloc Size 552 pointer 0x14f918097000
x3001c0s7b0n0:43419:47432 [3] NCCL INFO transport/net.cc:698 Cuda Host Alloc Size 9641984 pointer 0x14f973000000
x3001c0s7b0n0:43419:47421 [3] NCCL INFO Connected all rings
x3001c0s7b0n0:43419:47421 [3] NCCL INFO Connected all trees by HAO
x3001c0s7b0n0:43419:47421 [3] NCCL INFO threadThresholds 8/8/64 | 16/8/64 | 512 | 512
x3001c0s7b0n0:43419:47421 [3] NCCL INFO 2 coll channels, 2 p2p channels, 2 p2p channels per peer
x3001c0s7b0n0:43419:47432 [3] NCCL INFO New proxy send connection 4 from local rank 0, transport 2
x3001c0s7b0n0:43419:47421 [3] NCCL INFO Connection to proxy localRank 0 -> connection 0x14f918000d80
x3001c0s7b0n0:43419:47421 [3] NCCL INFO init.cc:367 Cuda Alloc Size 5168 pointer 0x14f95780ae00
x3001c0s7b0n0:43419:47432 [3] NCCL INFO transport/net.cc:376 Cuda Alloc Size 4194304 pointer 0x14f975a00000
x3001c0s7b0n0:43419:47421 [3] NCCL INFO init.cc:392 Cuda Host Alloc Size 33554432 pointer 0x14f973a00000
x3001c0s7b0n0:43419:47421 [3] NCCL INFO init.cc:398 Cuda Host Alloc Size 128 pointer 0x14f956e00600
x3001c0s7b0n0:43419:47421 [3] NCCL INFO comm 0x55780da17920 rank 1 nranks 2 cudaDev 3 busId c7000 - Init COMPLETE
x3001c0s7b0n0:43419:43419 [3] NCCL INFO AllReduce: opCount 0 sendbuff 0x14f96a000000 recvbuff 0x14f96a000000 count 64389120 datatype 6 op 0 root 0 comm 0x55780da17920 [nranks=2] stream 0x55780b960ef0
x3001c0s7b0n0:43419:43419 [3] NCCL INFO misc/utils.cc:235 memory stack hunk malloc(65536)
[LYD INFO in ncclLaunchKernel (enqueue.cc)] NCHANNELS is: 2 > number of parameters on (tensor, pipeline) model parallel rank (0, 19): 103746560

[LYD INFO in NCCL_FUNC_NAME (common.h)] 1 AllReduce RING SIMPLE Sum half Elapsed time: 183720 us

[LYD INFO in NCCL_KERN_NAME (common.h)] 1 AllReduce RING LL Sum half Elapsed time: 183837 us
x3001c0s7b0n0:43419:43419 [3] NCCL INFO AllReduce: opCount 4 sendbuff 0x14f997600400 recvbuff 0x14f997600400 count 1 datatype 1 op 0 root 0 comm 0x5577f0f6b340 [nranks=20] stream 0x55780b9827e0
[LYD INFO in ncclLaunchKernel (enqueue.cc)] NCHANNELS is: 4
[LYD INFO in NCCL_KERN_NAME (common.h)] 17 AllReduce TREE LL Sum uint8_t Elapsed time: 1801944 us
x3001c0s7b0n0:43417:43417 [1] NCCL INFO AllReduce: opCount 5 sendbuff 0x150deb615200 recvbuff 0x150deb615200 count 1 datatype 1 op 0 root 0 comm 0x564f353dc010 [nranks=20] stream 0x564f4ed81e60
[LYD INFO in ncclLaunchKernel (enqueue.cc)] NCHANNELS is: 4
[LYD INFO in NCCL_KERN_NAME (common.h)] 16 AllReduce TREE LL Sum uint8_t Elapsed time: 1792475 us
x3001c0s7b0n0:43416:43416 [0] NCCL INFO AllReduce: opCount 5 sendbuff 0x14c05b615200 recvbuff 0x14c05b615200 count 1 datatype 1 op 0 root 0 comm 0x55fb489f2550 [nranks=20] stream 0x55fb62c8ad20
[LYD INFO in ncclLaunchKernel (enqueue.cc)] NCHANNELS is: 4
[LYD INFO in NCCL_KERN_NAME (common.h)] 18 AllReduce TREE LL Sum uint8_t Elapsed time: 1763342 us
x3001c0s7b0n0:43418:43418 [2] NCCL INFO AllReduce: opCount 5 sendbuff 0x145d8b615200 recvbuff 0x145d8b615200 count 1 datatype 1 op 0 root 0 comm 0x5646dd469140 [nranks=20] stream 0x5646fa700c60
[LYD INFO in ncclLaunchKernel (enqueue.cc)] NCHANNELS is: 4
[LYD INFO in NCCL_KERN_NAME (common.h)] 19 AllReduce TREE LL Sum uint8_t Elapsed time: 15450 us
x3001c0s7b0n0:43419:43419 [3] NCCL INFO AllReduce: opCount 5 sendbuff 0x14f997617a00 recvbuff 0x14f997617a00 count 1 datatype 1 op 0 root 0 comm 0x5577f0f6b340 [nranks=20] stream 0x55780b9827e0
[LYD INFO in ncclLaunchKernel (enqueue.cc)] NCHANNELS is: 4
[LYD INFO in NCCL_KERN_NAME (common.h)] 16 AllReduce TREE LL Sum uint8_t Elapsed time: 88147 us
