[Hao INFO in ncclBroadcast (broadcast.cc)] rank 1 Broadcast: count: 3, datatype: ncclInt64, message size: 24 Bytes
x3006c0s37b0n0:61155:61155 [1] NCCL INFO Broadcast: opCount 0 sendbuff 0x155119600400 recvbuff 0x155119600400 count 24 datatype 0 op 0 root 0 comm 0x55a8a5bafea0 [nranks=1] stream 0x55a8a4084030
x3006c0s37b0n0:61162:640 [2] NCCL INFO Connection to proxy localRank 0 -> connection 0x150c24000d10
x3006c0s37b0n0:61162:640 [2] NCCL INFO init.cc:367 Cuda Alloc Size 5168 pointer 0x150cbb821a00
x3006c0s37b0n0:61171:638 [3] NCCL INFO init.cc:392 Cuda Host Alloc Size 33554432 pointer 0x153a3a000000
x3006c0s37b0n0:61171:638 [3] NCCL INFO init.cc:398 Cuda Host Alloc Size 128 pointer 0x153ac6e00e00
x3006c0s37b0n0:61171:638 [3] NCCL INFO comm 0x561e684dfa50 rank 0 nranks 1 cudaDev 3 busId c7000 - Init COMPLETE
x3006c0s37b0n0:61171:653 [3] NCCL INFO transport/net.cc:376 Cuda Alloc Size 67108864 pointer 0x153a2c000000
x3006c0s37b0n0:61151:657 [0] NCCL INFO Mem Realloc old size 0, new size 8 pointer 0x154ecc000cf0
x3006c0s37b0n0:61151:657 [0] NCCL INFO Allocated 4194656 bytes of shared memory in /dev/shm/nccl-F1aT97

x3006c0s37b0n0:61151:657 [0] NCCL INFO New proxy send connection 0 from local rank 0, transport 2
[Hao INFO in ncclBroadcast (broadcast.cc)] rank 3 Broadcast: count: 3, datatype: ncclInt64, message size: 24 Bytes
x3006c0s37b0n0:61171:61171 [3] NCCL INFO Broadcast: opCount 0 sendbuff 0x153b0b600400 recvbuff 0x153b0b600400 count 24 datatype 0 op 0 root 0 comm 0x561e684dfa50 [nranks=1] stream 0x561e652f4a60
x3006c0s37b0n0:61162:640 [2] NCCL INFO init.cc:392 Cuda Host Alloc Size 33554432 pointer 0x150c22000000
x3006c0s37b0n0:61162:640 [2] NCCL INFO init.cc:398 Cuda Host Alloc Size 128 pointer 0x150cbae00e00
x3006c0s37b0n0:61162:640 [2] NCCL INFO comm 0x56076def3c60 rank 0 nranks 1 cudaDev 2 busId 85000 - Init COMPLETE
x3006c0s37b0n0:61162:651 [2] NCCL INFO transport/net.cc:376 Cuda Alloc Size 67108864 pointer 0x150c1e000000
x3006c0s37b0n0:61151:636 [0] NCCL INFO Connection to proxy localRank 0 -> connection 0x154ecc000d10
x3006c0s37b0n0:61151:636 [0] NCCL INFO init.cc:367 Cuda Alloc Size 5168 pointer 0x154f5f821a00
[Hao INFO in ncclBroadcast (broadcast.cc)] rank 2 Broadcast: count: 3, datatype: ncclInt64, message size: 24 Bytes
x3006c0s37b0n0:61162:61162 [2] NCCL INFO Broadcast: opCount 0 sendbuff 0x150cfd600400 recvbuff 0x150cfd600400 count 24 datatype 0 op 0 root 0 comm 0x56076def3c60 [nranks=1] stream 0x56076bda2d70
x3006c0s37b0n0:61151:657 [0] NCCL INFO transport/net.cc:376 Cuda Alloc Size 67108864 pointer 0x154ec0000000
x3006c0s37b0n0:61151:636 [0] NCCL INFO init.cc:392 Cuda Host Alloc Size 33554432 pointer 0x154eca000000
x3006c0s37b0n0:61151:636 [0] NCCL INFO init.cc:398 Cuda Host Alloc Size 128 pointer 0x154f5ee00e00
x3006c0s37b0n0:61151:636 [0] NCCL INFO comm 0x5596292d2610 rank 0 nranks 1 cudaDev 0 busId 7000 - Init COMPLETE
[Hao INFO in ncclBroadcast (broadcast.cc)] rank 0 Broadcast: count: 3, datatype: ncclInt64, message size: 24 Bytes
x3006c0s37b0n0:61151:61151 [0] NCCL INFO Broadcast: opCount 0 sendbuff 0x154f9f600400 recvbuff 0x154f9f600400 count 24 datatype 0 op 0 root 0 comm 0x5596292d2610 [nranks=1] stream 0x5596260fdb40
x3006c0s37b0n0:61155:61155 [1] NCCL INFO AllReduce: opCount 7 sendbuff 0x155119621000 recvbuff 0x155119621000 count 1 datatype 1 op 0 root 0 comm 0x55a8a0ee7930 [nranks=20] stream 0x55a8a4083c70
[LYD INFO in ncclLaunchKernel (enqueue.cc)] NCHANNELS is: 4x3006c0s37b0n0:61171:61171 [3] NCCL INFO AllReduce: opCount 7 sendbuff 0x153b0b621000 recvbuff 0x153b0b621000 count 1 datatype 1 op 0 root 0 comm 0x561e61d29b30 [nranks=20] stream 0x561e65316070
[LYD INFO in ncclLaunchKernel (enqueue.cc)] NCHANNELS is: 4x3006c0s37b0n0:61162:61162 [2] NCCL INFO AllReduce: opCount 7 sendbuff 0x150cfd621000 recvbuff 0x150cfd621000 count 1 datatype 1 op 0 root 0 comm 0x56075275ed50 [nranks=20] stream 0x56076bdc35c0
[LYD INFO in ncclLaunchKernel (enqueue.cc)] NCHANNELS is: 4x3006c0s37b0n0:61151:61151 [0] NCCL INFO AllReduce: opCount 7 sendbuff 0x154f9f621000 recvbuff 0x154f9f621000 count 1 datatype 1 op 0 root 0 comm 0x5596095a7680 [nranks=20] stream 0x55962611f1b0
[LYD INFO in ncclLaunchKernel (enqueue.cc)] NCHANNELS is: 4
[LYD INFO in NCCL_KERN_NAME (common.h)] 4 AllReduce TREE LL Sum uint8_t Elapsed time: 10620 us
x3006c0s37b0n0:61151:61151 [0] NCCL INFO AllReduce: opCount 8 sendbuff 0x154f9f600400 recvbuff 0x154f9f600400 count 1 datatype 1 op 0 root 0 comm 0x5596095a7680 [nranks=20] stream 0x55962611f1b0
[LYD INFO in ncclLaunchKernel (enqueue.cc)] NCHANNELS is: 4
[LYD INFO in NCCL_KERN_NAME (common.h)] 6 AllReduce TREE LL Sum uint8_t Elapsed time: 72067 us

[LYD INFO in NCCL_KERN_NAME (common.h)] 7 AllReduce TREE LL Sum uint8_t Elapsed time: 102802 us
x3006c0s37b0n0:61171:61171 [3] NCCL INFO AllReduce: opCount 8 sendbuff 0x153b0b600400 recvbuff 0x153b0b600400 count 1 datatype 1 op 0 root 0 comm 0x561e61d29b30 [nranks=20] stream 0x561e65316070
[LYD INFO in ncclLaunchKernel (enqueue.cc)] NCHANNELS is: 4
[LYD INFO in NCCL_KERN_NAME (common.h)] 5 AllReduce TREE LL Sum uint8_t Elapsed time: 140098 us
x3006c0s37b0n0:61155:61155 [1] NCCL INFO AllReduce: opCount 8 sendbuff 0x155119600400 recvbuff 0x155119600400 count 1 datatype 1 op 0 root 0 comm 0x55a8a0ee7930 [nranks=20] stream 0x55a8a4083c70
[LYD INFO in ncclLaunchKernel (enqueue.cc)] NCHANNELS is: 4x3006c0s37b0n0:61162:61162 [2] NCCL INFO AllReduce: opCount 8 sendbuff 0x150cfd600400 recvbuff 0x150cfd600400 count 1 datatype 1 op 0 root 0 comm 0x56075275ed50 [nranks=20] stream 0x56076bdc35c0
[LYD INFO in ncclLaunchKernel (enqueue.cc)] NCHANNELS is: 4
[LYD INFO in NCCL_KERN_NAME (common.h)] 4 AllReduce TREE LL Sum uint8_t Elapsed time: 127635 us
[Hao INFO in ncclRecv (sendrecv.cc)] rank 0 Recv: count: 39321600, datatype: ncclFloat16/ncclHalf, message size: 78643200 Bytes
x3006c0s37b0n0:61151:61151 [0] NCCL INFO Recv: opCount 9 sendbuff (nil) recvbuff 0x154e9e000000 count 39321600 datatype 6 op 0 root 2 comm 0x5596095a7680 [nranks=20] stream 0x55962611f1b0

[LYD INFO in NCCL_KERN_NAME (common.h)] 5 AllReduce TREE LL Sum uint8_t Elapsed time: 146973 us
[Hao INFO in ncclRecv (sendrecv.cc)] rank 1 Recv: count: 39321600, datatype: ncclFloat16/ncclHalf, message size: 78643200 Bytes
x3006c0s37b0n0:61155:61155 [1] NCCL INFO Recv: opCount 9 sendbuff (nil) recvbuff 0x15500e000000 count 39321600 datatype 6 op 0 root 3 comm 0x55a8a0ee7930 [nranks=20] stream 0x55a8a4083c70

[LYD INFO in NCCL_KERN_NAME (common.h)] 7 AllReduce TREE LL Sum uint8_t Elapsed time: 148575 us
[Hao INFO in ncclRecv (sendrecv.cc)] rank 3 Recv: count: 39321600, datatype: ncclFloat16/ncclHalf, message size: 78643200 Bytes
x3006c0s37b0n0:61171:61171 [3] NCCL INFO Recv: opCount 9 sendbuff (nil) recvbuff 0x153a0e000000 count 39321600 datatype 6 op 0 root 5 comm 0x561e61d29b30 [nranks=20] stream 0x561e65316070

[LYD INFO in NCCL_KERN_NAME (common.h)] 6 AllReduce TREE LL Sum uint8_t Elapsed time: 89664 us
[Hao INFO in ncclRecv (sendrecv.cc)] rank 2 Recv: count: 39321600, datatype: ncclFloat16/ncclHalf, message size: 78643200 Bytes
x3006c0s37b0n0:61162:61162 [2] NCCL INFO Recv: opCount 9 sendbuff (nil) recvbuff 0x150bfa000000 count 39321600 datatype 6 op 0 root 4 comm 0x56075275ed50 [nranks=20] stream 0x56076bdc35c0
x3006c0s37b0n0:61151:1635 [0] NCCL INFO GPU Direct RDMA Disabled for GPU 7000 / HCA 1 (distance 7 > 4)
x3006c0s37b0n0:61151:62182 [0] NCCL INFO New proxy recv connection 21 from local rank 0, transport 2
x3006c0s37b0n0:61155:1636 [1] NCCL INFO GPU Direct RDMA Disabled for GPU 46000 / HCA 1 (distance 6 > 4)
x3006c0s37b0n0:61155:62183 [1] NCCL INFO New proxy recv connection 21 from local rank 1, transport 2
x3006c0s37b0n0:61171:62186 [3] NCCL INFO New proxy recv connection 13 from local rank 3, transport 0
x3006c0s37b0n0:61171:1637 [3] NCCL INFO Connection to proxy localRank 3 -> connection 0x153ab8000fc0
x3006c0s37b0n0:61162:62184 [2] NCCL INFO New proxy recv connection 21 from local rank 2, transport 0
x3006c0s37b0n0:61171:62186 [3] NCCL INFO transport/p2p.cc:449 Cuda Alloc Size 6291456 pointer 0x153a12c00000
x3006c0s37b0n0:61151:1635 [0] NCCL INFO Connection to proxy localRank 0 -> connection 0x154f500011c0
x3006c0s37b0n0:61155:1636 [1] NCCL INFO Connection to proxy localRank 1 -> connection 0x1550d00011c0
x3006c0s37b0n0:61155:1636 [1] NCCL INFO Channel 02/1 : 3[c7000] -> 5[46000] [receive] via NET/IB/1/Shared
x3006c0s37b0n0:61155:1636 [1] NCCL INFO GPU Direct RDMA Disabled for GPU 46000 / HCA 1 (distance 6 > 4)
x3006c0s37b0n0:61155:62183 [1] NCCL INFO New proxy recv connection 22 from local rank 1, transport 2
x3006c0s37b0n0:61162:1638 [2] NCCL INFO Connection to proxy localRank 2 -> connection 0x150cac0011c0
x3006c0s37b0n0:61162:62184 [2] NCCL INFO transport/p2p.cc:449 Cuda Alloc Size 6291456 pointer 0x150bfec00000
x3006c0s37b0n0:61171:62186 [3] NCCL INFO New proxy recv connection 14 from local rank 3, transport 0
x3006c0s37b0n0:61151:1635 [0] NCCL INFO Channel 02/1 : 2[85000] -> 4[7000] [receive] via NET/IB/1/Shared
x3006c0s37b0n0:61151:1635 [0] NCCL INFO GPU Direct RDMA Disabled for GPU 7000 / HCA 1 (distance 7 > 4)
x3006c0s37b0n0:61151:62182 [0] NCCL INFO New proxy recv connection 22 from local rank 0, transport 2
x3006c0s37b0n0:61155:1636 [1] NCCL INFO Connection to proxy localRank 1 -> connection 0x1550d0001200
x3006c0s37b0n0:61151:1635 [0] NCCL INFO Connection to proxy localRank 0 -> connection 0x154f50001200
x3006c0s37b0n0:61151:1635 [0] NCCL INFO Channel 03/1 : 2[85000] -> 4[7000] [receive] via NET/IB/1/Shared
x3006c0s37b0n0:61171:1637 [3] NCCL INFO Connection to proxy localRank 3 -> connection 0x153ab8001000
x3006c0s37b0n0:61171:62186 [3] NCCL INFO transport/p2p.cc:449 Cuda Alloc Size 6291456 pointer 0x153a13200000
x3006c0s37b0n0:61162:62184 [2] NCCL INFO New proxy recv connection 22 from local rank 2, transport 0
x3006c0s37b0n0:61162:1638 [2] NCCL INFO Connection to proxy localRank 2 -> connection 0x150cac001200
x3006c0s37b0n0:61155:1636 [1] NCCL INFO Channel 03/1 : 3[c7000] -> 5[46000] [receive] via NET/IB/1/Shared
x3006c0s37b0n0:61162:62184 [2] NCCL INFO transport/p2p.cc:449 Cuda Alloc Size 6291456 pointer 0x150bff200000
