x3012c0s13b0n0:58484:59602 [3] NCCL INFO Trees [0] -1/-1/-1->3->2 [1] -1/-1/-1->3->2 [2] -1/-1/-1->3->2 [3] -1/-1/-1->3->2
x3012c0s13b0n0:58484:59602 [3] NCCL INFO misc/utils.cc:235 memory stack hunk malloc(65536)
x3012c0s13b0n0:58484:59602 [3] NCCL INFO channel.cc:23 Cuda Alloc Size 8064 pointer 0x1457bd800000
x3012c0s13b0n0:58484:59602 [3] NCCL INFO channel.cc:27 Cuda Alloc Size 80 pointer 0x1457bd802000
x3012c0s13b0n0:58484:59602 [3] NCCL INFO channel.cc:23 Cuda Alloc Size 8064 pointer 0x1457bd802200
x3012c0s13b0n0:58484:59602 [3] NCCL INFO channel.cc:27 Cuda Alloc Size 80 pointer 0x1457bd804200
x3012c0s13b0n0:58484:59602 [3] NCCL INFO channel.cc:23 Cuda Alloc Size 8064 pointer 0x1457bd804400
x3012c0s13b0n0:58484:59602 [3] NCCL INFO channel.cc:27 Cuda Alloc Size 80 pointer 0x1457bd806400
x3012c0s13b0n0:58484:59602 [3] NCCL INFO channel.cc:23 Cuda Alloc Size 8064 pointer 0x1457bd806600
x3012c0s13b0n0:58484:59602 [3] NCCL INFO channel.cc:27 Cuda Alloc Size 80 pointer 0x1457bd808600
x3012c0s13b0n0:58481:59572 [0] NCCL INFO Tree 0 : -1 -> 0 -> 1/16/-1
x3012c0s13b0n0:58481:59572 [0] NCCL INFO Tree 2 : 4 -> 0 -> 1/-1/-1
x3012c0s13b0n0:58481:59572 [0] NCCL INFO Tree 1 : -1 -> 0 -> 1/16/-1
x3012c0s13b0n0:58481:59572 [0] NCCL INFO Tree 3 : 4 -> 0 -> 1/-1/-1
x3012c0s13b0n0:58481:59572 [0] NCCL INFO Channel 00/04 :    0   2   3   5   4   6   7   9   8  10  11  13  12  14  15  17  16  18  19   1
x3012c0s13b0n0:58481:59572 [0] NCCL INFO Channel 01/04 :    0   2   3   5   4   6   7   9   8  10  11  13  12  14  15  17  16  18  19   1
x3012c0s13b0n0:58481:59572 [0] NCCL INFO Channel 02/04 :    0   2   3   5   4   6   7   9   8  10  11  13  12  14  15  17  16  18  19   1
x3012c0s13b0n0:58481:59572 [0] NCCL INFO Channel 03/04 :    0   2   3   5   4   6   7   9   8  10  11  13  12  14  15  17  16  18  19   1
x3012c0s13b0n0:58481:59572 [0] NCCL INFO Ring 00 : 1 -> 0 -> 2
x3012c0s13b0n0:58481:59572 [0] NCCL INFO Ring 01 : 1 -> 0 -> 2
x3012c0s13b0n0:58481:59572 [0] NCCL INFO Ring 02 : 1 -> 0 -> 2
x3012c0s13b0n0:58481:59572 [0] NCCL INFO Ring 03 : 1 -> 0 -> 2
x3012c0s13b0n0:58481:59572 [0] NCCL INFO Trees [0] 1/16/-1->0->-1 [1] 1/16/-1->0->-1 [2] 1/-1/-1->0->4 [3] 1/-1/-1->0->4
x3012c0s13b0n0:58481:59572 [0] NCCL INFO misc/utils.cc:235 memory stack hunk malloc(65536)
x3012c0s13b0n0:58481:59572 [0] NCCL INFO channel.cc:23 Cuda Alloc Size 8064 pointer 0x147653a00000
x3012c0s13b0n0:58481:59572 [0] NCCL INFO channel.cc:27 Cuda Alloc Size 80 pointer 0x147653a02000
x3012c0s13b0n0:58481:59572 [0] NCCL INFO channel.cc:23 Cuda Alloc Size 8064 pointer 0x147653a02200
x3012c0s13b0n0:58481:59572 [0] NCCL INFO channel.cc:27 Cuda Alloc Size 80 pointer 0x147653a04200
x3012c0s13b0n0:58481:59572 [0] NCCL INFO channel.cc:23 Cuda Alloc Size 8064 pointer 0x147653a04400
x3012c0s13b0n0:58481:59572 [0] NCCL INFO channel.cc:27 Cuda Alloc Size 80 pointer 0x147653a06400
x3012c0s13b0n0:58481:59572 [0] NCCL INFO channel.cc:23 Cuda Alloc Size 8064 pointer 0x147653a06600
x3012c0s13b0n0:58481:59572 [0] NCCL INFO channel.cc:27 Cuda Alloc Size 80 pointer 0x147653a08600
x3012c0s13b0n0:58481:59572 [0] NCCL INFO Channel 00/0 : 0[7000] -> 2[85000] via P2P/IPC/read
x3012c0s13b0n0:58484:59746 [3] NCCL INFO Mem Realloc old size 0, new size 8 pointer 0x1457b8000c60
x3012c0s13b0n0:58484:59746 [3] NCCL INFO New proxy recv connection 0 from local rank 3, transport 0
x3012c0s13b0n0:58481:59771 [0] NCCL INFO Mem Realloc old size 0, new size 8 pointer 0x147644000c60
x3012c0s13b0n0:58481:59771 [0] NCCL INFO New proxy send connection 0 from local rank 0, transport 0
x3012c0s13b0n0:58482:59603 [1] NCCL INFO Channel 00/0 : 19[c7000] -> 1[46000] [receive] via NET/IB/1
x3012c0s13b0n0:58482:59603 [1] NCCL INFO GPU Direct RDMA Disabled for GPU 46000 / HCA 0 (distance 7 > 4)
x3012c0s13b0n0:58482:59780 [1] NCCL INFO New proxy recv connection 1 from local rank 1, transport 2
x3012c0s13b0n0:58483:59595 [2] NCCL INFO Connection to proxy localRank 2 -> connection 0x14d18c000c80
x3012c0s13b0n0:58483:59745 [2] NCCL INFO transport/p2p.cc:430 Cuda Alloc Size 6291456 pointer 0x14d1d8000000
x3012c0s13b0n0:58484:59602 [3] NCCL INFO Connection to proxy localRank 3 -> connection 0x1457b8000c80
x3012c0s13b0n0:58484:59746 [3] NCCL INFO transport/p2p.cc:449 Cuda Alloc Size 6291456 pointer 0x1457bda00000
x3012c0s13b0n0:58482:59603 [1] NCCL INFO Connection to proxy localRank 1 -> connection 0x1544dc000cc0
x3012c0s13b0n0:58483:59595 [2] NCCL INFO Channel 01/0 : 2[85000] -> 3[c7000] via P2P/IPC/read
x3012c0s13b0n0:58483:59745 [2] NCCL INFO New proxy send connection 1 from local rank 2, transport 0
x3012c0s13b0n0:58481:59572 [0] NCCL INFO Connection to proxy localRank 0 -> connection 0x147644000c80
x3012c0s13b0n0:58481:59771 [0] NCCL INFO transport/p2p.cc:430 Cuda Alloc Size 6291456 pointer 0x14764a000000
x3012c0s13b0n0:58484:59746 [3] NCCL INFO New proxy recv connection 1 from local rank 3, transport 0
x3012c0s13b0n0:58482:59603 [1] NCCL INFO Channel 01/0 : 19[c7000] -> 1[46000] [receive] via NET/IB/0
x3012c0s13b0n0:58482:59603 [1] NCCL INFO GPU Direct RDMA Disabled for GPU 46000 / HCA 1 (distance 6 > 4)
x3012c0s13b0n0:58482:59780 [1] NCCL INFO New proxy recv connection 2 from local rank 1, transport 2
x3012c0s13b0n0:58483:59595 [2] NCCL INFO Connection to proxy localRank 2 -> connection 0x14d18c000cc0
x3012c0s13b0n0:58483:59745 [2] NCCL INFO transport/p2p.cc:430 Cuda Alloc Size 6291456 pointer 0x14d1d8600000
x3012c0s13b0n0:58481:59572 [0] NCCL INFO Channel 01/0 : 0[7000] -> 2[85000] via P2P/IPC/read
x3012c0s13b0n0:58481:59771 [0] NCCL INFO New proxy send connection 1 from local rank 0, transport 0
x3012c0s13b0n0:58482:59603 [1] NCCL INFO Connection to proxy localRank 1 -> connection 0x1544dc000d00
x3012c0s13b0n0:58484:59602 [3] NCCL INFO Connection to proxy localRank 3 -> connection 0x1457b8000cc0
x3012c0s13b0n0:58484:59746 [3] NCCL INFO transport/p2p.cc:449 Cuda Alloc Size 6291456 pointer 0x1457b2000000
x3012c0s13b0n0:58483:59595 [2] NCCL INFO Channel 02/0 : 2[85000] -> 3[c7000] via P2P/IPC/read
x3012c0s13b0n0:58483:59745 [2] NCCL INFO New proxy send connection 2 from local rank 2, transport 0
x3012c0s13b0n0:58481:59572 [0] NCCL INFO Connection to proxy localRank 0 -> connection 0x147644000cc0
x3012c0s13b0n0:58481:59771 [0] NCCL INFO transport/p2p.cc:430 Cuda Alloc Size 6291456 pointer 0x14764a600000
x3012c0s13b0n0:58484:59746 [3] NCCL INFO New proxy recv connection 2 from local rank 3, transport 0
x3012c0s13b0n0:58484:59602 [3] NCCL INFO Connection to proxy localRank 3 -> connection 0x1457b8000d00
x3012c0s13b0n0:58482:59603 [1] NCCL INFO Channel 02/0 : 19[c7000] -> 1[46000] [receive] via NET/IB/1
x3012c0s13b0n0:58482:59603 [1] NCCL INFO GPU Direct RDMA Disabled for GPU 46000 / HCA 0 (distance 7 > 4)
x3012c0s13b0n0:58482:59780 [1] NCCL INFO New proxy recv connection 3 from local rank 1, transport 2
x3012c0s13b0n0:58483:59595 [2] NCCL INFO Connection to proxy localRank 2 -> connection 0x14d18c000d00
x3012c0s13b0n0:58483:59745 [2] NCCL INFO transport/p2p.cc:430 Cuda Alloc Size 6291456 pointer 0x14d1d8c00000
x3012c0s13b0n0:58481:59572 [0] NCCL INFO Channel 02/0 : 0[7000] -> 2[85000] via P2P/IPC/read
x3012c0s13b0n0:58481:59771 [0] NCCL INFO New proxy send connection 2 from local rank 0, transport 0
x3012c0s13b0n0:58484:59746 [3] NCCL INFO transport/p2p.cc:449 Cuda Alloc Size 6291456 pointer 0x1457b2600000
x3012c0s13b0n0:58482:59603 [1] NCCL INFO Connection to proxy localRank 1 -> connection 0x1544dc000d40
x3012c0s13b0n0:58484:59746 [3] NCCL INFO New proxy recv connection 3 from local rank 3, transport 0
x3012c0s13b0n0:58481:59572 [0] NCCL INFO Connection to proxy localRank 0 -> connection 0x147644000d00
x3012c0s13b0n0:58481:59771 [0] NCCL INFO transport/p2p.cc:430 Cuda Alloc Size 6291456 pointer 0x14764ac00000
x3012c0s13b0n0:58483:59595 [2] NCCL INFO Channel 03/0 : 2[85000] -> 3[c7000] via P2P/IPC/read
x3012c0s13b0n0:58483:59745 [2] NCCL INFO New proxy send connection 3 from local rank 2, transport 0
x3012c0s13b0n0:58482:59603 [1] NCCL INFO Channel 03/0 : 19[c7000] -> 1[46000] [receive] via NET/IB/0
x3012c0s13b0n0:58484:59602 [3] NCCL INFO Connection to proxy localRank 3 -> connection 0x1457b8000d40
x3012c0s13b0n0:58484:59746 [3] NCCL INFO transport/p2p.cc:449 Cuda Alloc Size 6291456 pointer 0x1457b2c00000
x3012c0s13b0n0:58481:59572 [0] NCCL INFO Channel 03/0 : 0[7000] -> 2[85000] via P2P/IPC/read
x3012c0s13b0n0:58481:59771 [0] NCCL INFO New proxy send connection 3 from local rank 0, transport 0
x3012c0s13b0n0:58483:59595 [2] NCCL INFO Connection to proxy localRank 2 -> connection 0x14d18c000d40
x3012c0s13b0n0:58483:59745 [2] NCCL INFO transport/p2p.cc:430 Cuda Alloc Size 6291456 pointer 0x14d1d9200000
x3012c0s13b0n0:58481:59572 [0] NCCL INFO Connection to proxy localRank 0 -> connection 0x147644000d40
x3012c0s13b0n0:58481:59771 [0] NCCL INFO transport/p2p.cc:430 Cuda Alloc Size 6291456 pointer 0x14764b200000
x3012c0s13b0n0:58483:59745 [2] NCCL INFO New proxy recv connection 4 from local rank 2, transport 0
x3012c0s13b0n0:58484:59602 [3] NCCL INFO GPU Direct RDMA Disabled for GPU c7000 / HCA 1 (distance 7 > 4)
x3012c0s13b0n0:58484:59746 [3] NCCL INFO Allocated 4194656 bytes of shared memory in /dev/shm/nccl-hVAMOu

x3012c0s13b0n0:58484:59746 [3] NCCL INFO New proxy send connection 4 from local rank 3, transport 2
x3012c0s13b0n0:58484:59602 [3] NCCL INFO Connection to proxy localRank 3 -> connection 0x1457b8000d80
x3012c0s13b0n0:58484:59602 [3] NCCL INFO Channel 00/0 : 3[c7000] -> 5[46000] [send] via NET/IB/1
x3012c0s13b0n0:58484:59602 [3] NCCL INFO GPU Direct RDMA Disabled for GPU c7000 / HCA 0 (distance 6 > 4)
x3012c0s13b0n0:58484:59746 [3] NCCL INFO New proxy send connection 5 from local rank 3, transport 2
x3012c0s13b0n0:58483:59595 [2] NCCL INFO Connection to proxy localRank 2 -> connection 0x14d18c000d80
x3012c0s13b0n0:58483:59745 [2] NCCL INFO transport/p2p.cc:449 Cuda Alloc Size 6291456 pointer 0x14d1db000000
x3012c0s13b0n0:58484:59602 [3] NCCL INFO Connection to proxy localRank 3 -> connection 0x1457b8000dc0
x3012c0s13b0n0:58484:59602 [3] NCCL INFO Channel 01/0 : 3[c7000] -> 5[46000] [send] via NET/IB/0
x3012c0s13b0n0:58484:59602 [3] NCCL INFO GPU Direct RDMA Disabled for GPU c7000 / HCA 1 (distance 7 > 4)
x3012c0s13b0n0:58484:59746 [3] NCCL INFO New proxy send connection 6 from local rank 3, transport 2
x3012c0s13b0n0:58483:59745 [2] NCCL INFO New proxy recv connection 5 from local rank 2, transport 0
x3012c0s13b0n0:58482:59780 [1] NCCL INFO transport/net_ib.cc:683 Ib Alloc Size 21688 pointer 0x1544dc01d000
x3012c0s13b0n0:58482:59780 [1] NCCL INFO transport/net_ib.cc:696 Ib Alloc Size 552 pointer 0x1544dc024000
x3012c0s13b0n0:58483:59595 [2] NCCL INFO Connection to proxy localRank 2 -> connection 0x14d18c000dc0
x3012c0s13b0n0:58483:59745 [2] NCCL INFO transport/p2p.cc:449 Cuda Alloc Size 6291456 pointer 0x14d1db600000
x3012c0s13b0n0:58484:59602 [3] NCCL INFO Connection to proxy localRank 3 -> connection 0x1457b8000e00
x3012c0s13b0n0:58484:59602 [3] NCCL INFO Channel 02/0 : 3[c7000] -> 5[46000] [send] via NET/IB/1
x3012c0s13b0n0:58484:59602 [3] NCCL INFO GPU Direct RDMA Disabled for GPU c7000 / HCA 0 (distance 6 > 4)
x3012c0s13b0n0:58484:59746 [3] NCCL INFO New proxy send connection 7 from local rank 3, transport 2
x3012c0s13b0n0:58482:59780 [1] NCCL INFO transport/net_ib.cc:771 Ib Alloc Size 552 pointer 0x1544dc04b000
x3012c0s13b0n0:58482:59780 [1] NCCL INFO transport/net.cc:698 Cuda Host Alloc Size 9641984 pointer 0x154528000000
x3012c0s13b0n0:58482:59780 [1] NCCL INFO Mem Realloc old size 0, new size 768 pointer 0x1544dc0403c0
x3012c0s13b0n0:58483:59745 [2] NCCL INFO New proxy recv connection 6 from local rank 2, transport 0
x3012c0s13b0n0:58484:59602 [3] NCCL INFO Connection to proxy localRank 3 -> connection 0x1457b8000e40
x3012c0s13b0n0:58484:59602 [3] NCCL INFO Channel 03/0 : 3[c7000] -> 5[46000] [send] via NET/IB/0
x3012c0s13b0n0:58482:59780 [1] NCCL INFO transport/net_ib.cc:683 Ib Alloc Size 21688 pointer 0x1544dc04d000
x3012c0s13b0n0:58482:59780 [1] NCCL INFO transport/net_ib.cc:696 Ib Alloc Size 552 pointer 0x1544dc054000
x3012c0s13b0n0:58484:59746 [3] NCCL INFO transport/net_ib.cc:596 Ib Alloc Size 26560 pointer 0x1457b8020000
x3012c0s13b0n0:58483:59595 [2] NCCL INFO Connection to proxy localRank 2 -> connection 0x14d18c000e00
x3012c0s13b0n0:58484:59746 [3] NCCL INFO NET/IB: Dev 1 Port 1 qpn 24090 mtu 5 GID 0 (80FE/9A1100FEFF000000)
x3012c0s13b0n0:58484:59746 [3] NCCL INFO transport/net_ib.cc:653 Ib Alloc Size 552 pointer 0x1457b8042000
x3012c0s13b0n0:58482:59780 [1] NCCL INFO transport/net_ib.cc:771 Ib Alloc Size 552 pointer 0x1544dc079000
x3012c0s13b0n0:58482:59780 [1] NCCL INFO transport/net.cc:698 Cuda Host Alloc Size 9641984 pointer 0x154528a00000
x3012c0s13b0n0:58482:59780 [1] NCCL INFO Mem Realloc old size 0, new size 768 pointer 0x1544dc06e4f0
x3012c0s13b0n0:58484:59746 [3] NCCL INFO transport/net.cc:571 Cuda Host Alloc Size 9641984 pointer 0x1457b0c00000
x3012c0s13b0n0:58484:59746 [3] NCCL INFO Mem Realloc old size 0, new size 768 pointer 0x1457b802f0a0
x3012c0s13b0n0:58483:59745 [2] NCCL INFO transport/p2p.cc:449 Cuda Alloc Size 6291456 pointer 0x14d1dbc00000
x3012c0s13b0n0:58482:59780 [1] NCCL INFO transport/net_ib.cc:683 Ib Alloc Size 21688 pointer 0x1544dc07b000
x3012c0s13b0n0:58482:59780 [1] NCCL INFO transport/net_ib.cc:696 Ib Alloc Size 552 pointer 0x1544dc082000
x3012c0s13b0n0:58482:59780 [1] NCCL INFO transport/net_ib.cc:771 Ib Alloc Size 552 pointer 0x1544dc09d000
x3012c0s13b0n0:58482:59780 [1] NCCL INFO transport/net.cc:698 Cuda Host Alloc Size 9641984 pointer 0x154529400000
x3012c0s13b0n0:58484:59746 [3] NCCL INFO transport/net_ib.cc:596 Ib Alloc Size 26560 pointer 0x1457b8044000
x3012c0s13b0n0:58482:59780 [1] NCCL INFO transport/net_ib.cc:683 Ib Alloc Size 21688 pointer 0x1544dc09f000
x3012c0s13b0n0:58482:59780 [1] NCCL INFO transport/net_ib.cc:696 Ib Alloc Size 552 pointer 0x1544dc0a6000
x3012c0s13b0n0:58483:59745 [2] NCCL INFO New proxy recv connection 7 from local rank 2, transport 0
x3012c0s13b0n0:58484:59746 [3] NCCL INFO NET/IB: Dev 0 Port 1 qpn 25262 mtu 5 GID 0 (80FE/DF1100FEFF000000)
x3012c0s13b0n0:58484:59746 [3] NCCL INFO transport/net_ib.cc:653 Ib Alloc Size 552 pointer 0x1457b8065000
x3012c0s13b0n0:58484:59746 [3] NCCL INFO transport/net.cc:571 Cuda Host Alloc Size 9641984 pointer 0x1457b1600000
x3012c0s13b0n0:58484:59746 [3] NCCL INFO Mem Realloc old size 0, new size 768 pointer 0x1457b80521f0
x3012c0s13b0n0:58482:59780 [1] NCCL INFO transport/net_ib.cc:771 Ib Alloc Size 552 pointer 0x1544dc0c1000
x3012c0s13b0n0:58482:59780 [1] NCCL INFO transport/net.cc:698 Cuda Host Alloc Size 9641984 pointer 0x154529e00000
x3012c0s13b0n0:58483:59595 [2] NCCL INFO Connection to proxy localRank 2 -> connection 0x14d18c000e40
x3012c0s13b0n0:58483:59745 [2] NCCL INFO transport/p2p.cc:449 Cuda Alloc Size 6291456 pointer 0x14d1dc200000
x3012c0s13b0n0:58482:59603 [1] NCCL INFO Channel 00/0 : 1[46000] -> 0[7000] via P2P/IPC/read
x3012c0s13b0n0:58482:59780 [1] NCCL INFO New proxy send connection 4 from local rank 1, transport 0
x3012c0s13b0n0:58484:59746 [3] NCCL INFO transport/net_ib.cc:596 Ib Alloc Size 26560 pointer 0x1457b8067000
x3012c0s13b0n0:58484:59746 [3] NCCL INFO NET/IB: Dev 1 Port 1 qpn 24093 mtu 5 GID 0 (80FE/9A1100FEFF000000)
x3012c0s13b0n0:58484:59746 [3] NCCL INFO transport/net_ib.cc:653 Ib Alloc Size 552 pointer 0x1457b807e000
x3012c0s13b0n0:58484:59746 [3] NCCL INFO transport/net.cc:571 Cuda Host Alloc Size 9641984 pointer 0x1457ae000000
x3012c0s13b0n0:58483:59595 [2] NCCL INFO Connected all rings
x3012c0s13b0n0:58483:59745 [2] NCCL INFO New proxy recv connection 8 from local rank 2, transport 0
x3012c0s13b0n0:58481:59771 [0] NCCL INFO New proxy recv connection 4 from local rank 0, transport 0
x3012c0s13b0n0:58481:59572 [0] NCCL INFO Connection to proxy localRank 0 -> connection 0x147644000d80
x3012c0s13b0n0:58482:59603 [1] NCCL INFO Connection to proxy localRank 1 -> connection 0x1544dc000d80
x3012c0s13b0n0:58482:59780 [1] NCCL INFO transport/p2p.cc:430 Cuda Alloc Size 6291456 pointer 0x15452a800000
x3012c0s13b0n0:58484:59746 [3] NCCL INFO transport/net_ib.cc:596 Ib Alloc Size 26560 pointer 0x1457b8080000
x3012c0s13b0n0:58481:59771 [0] NCCL INFO transport/p2p.cc:449 Cuda Alloc Size 6291456 pointer 0x147643200000
x3012c0s13b0n0:58483:59595 [2] NCCL INFO Connection to proxy localRank 2 -> connection 0x14d18c000e80
x3012c0s13b0n0:58483:59745 [2] NCCL INFO transport/p2p.cc:449 Cuda Alloc Size 6291456 pointer 0x14d1de000000
x3012c0s13b0n0:58484:59746 [3] NCCL INFO NET/IB: Dev 0 Port 1 qpn 25265 mtu 5 GID 0 (80FE/DF1100FEFF000000)
x3012c0s13b0n0:58484:59746 [3] NCCL INFO transport/net_ib.cc:653 Ib Alloc Size 552 pointer 0x1457b8097000
x3012c0s13b0n0:58484:59746 [3] NCCL INFO transport/net.cc:571 Cuda Host Alloc Size 9641984 pointer 0x1457aea00000
x3012c0s13b0n0:58484:59602 [3] NCCL INFO Connected all rings
x3012c0s13b0n0:58484:59602 [3] NCCL INFO Channel 00/0 : 3[c7000] -> 2[85000] via P2P/IPC/read
x3012c0s13b0n0:58484:59746 [3] NCCL INFO New proxy send connection 8 from local rank 3, transport 0
x3012c0s13b0n0:58482:59603 [1] NCCL INFO Channel 01/0 : 1[46000] -> 0[7000] via P2P/IPC/read
x3012c0s13b0n0:58482:59780 [1] NCCL INFO New proxy send connection 5 from local rank 1, transport 0
x3012c0s13b0n0:58482:59603 [1] NCCL INFO Connection to proxy localRank 1 -> connection 0x1544dc000dc0
x3012c0s13b0n0:58482:59780 [1] NCCL INFO transport/p2p.cc:430 Cuda Alloc Size 6291456 pointer 0x15452ae00000
x3012c0s13b0n0:58481:59771 [0] NCCL INFO New proxy recv connection 5 from local rank 0, transport 0
x3012c0s13b0n0:58483:59745 [2] NCCL INFO New proxy recv connection 9 from local rank 2, transport 0
x3012c0s13b0n0:58484:59602 [3] NCCL INFO Connection to proxy localRank 3 -> connection 0x1457b8000e80
x3012c0s13b0n0:58484:59746 [3] NCCL INFO transport/p2p.cc:430 Cuda Alloc Size 6291456 pointer 0x1457af400000
x3012c0s13b0n0:58482:59603 [1] NCCL INFO Channel 02/0 : 1[46000] -> 0[7000] via P2P/IPC/read
x3012c0s13b0n0:58482:59780 [1] NCCL INFO New proxy send connection 6 from local rank 1, transport 0
x3012c0s13b0n0:58483:59595 [2] NCCL INFO Connection to proxy localRank 2 -> connection 0x14d18c000ec0
x3012c0s13b0n0:58483:59745 [2] NCCL INFO transport/p2p.cc:449 Cuda Alloc Size 6291456 pointer 0x14d1de600000
x3012c0s13b0n0:58484:59602 [3] NCCL INFO Channel 01/0 : 3[c7000] -> 2[85000] via P2P/IPC/read
x3012c0s13b0n0:58484:59746 [3] NCCL INFO New proxy send connection 9 from local rank 3, transport 0
x3012c0s13b0n0:58481:59572 [0] NCCL INFO Connection to proxy localRank 0 -> connection 0x147644000dc0
x3012c0s13b0n0:58481:59771 [0] NCCL INFO transport/p2p.cc:449 Cuda Alloc Size 6291456 pointer 0x147643800000
x3012c0s13b0n0:58482:59603 [1] NCCL INFO Connection to proxy localRank 1 -> connection 0x1544dc000e00
x3012c0s13b0n0:58482:59780 [1] NCCL INFO transport/p2p.cc:430 Cuda Alloc Size 6291456 pointer 0x15452b400000
x3012c0s13b0n0:58483:59745 [2] NCCL INFO New proxy recv connection 10 from local rank 2, transport 0
x3012c0s13b0n0:58484:59602 [3] NCCL INFO Connection to proxy localRank 3 -> connection 0x1457b8000ec0
x3012c0s13b0n0:58484:59746 [3] NCCL INFO transport/p2p.cc:430 Cuda Alloc Size 6291456 pointer 0x1457afa00000
x3012c0s13b0n0:58481:59771 [0] NCCL INFO New proxy recv connection 6 from local rank 0, transport 0
x3012c0s13b0n0:58482:59603 [1] NCCL INFO Channel 03/0 : 1[46000] -> 0[7000] via P2P/IPC/read
x3012c0s13b0n0:58482:59780 [1] NCCL INFO New proxy send connection 7 from local rank 1, transport 0
x3012c0s13b0n0:58483:59595 [2] NCCL INFO Connection to proxy localRank 2 -> connection 0x14d18c000f00
x3012c0s13b0n0:58483:59745 [2] NCCL INFO transport/p2p.cc:449 Cuda Alloc Size 6291456 pointer 0x14d1dec00000
x3012c0s13b0n0:58484:59602 [3] NCCL INFO Channel 02/0 : 3[c7000] -> 2[85000] via P2P/IPC/read
x3012c0s13b0n0:58484:59746 [3] NCCL INFO New proxy send connection 10 from local rank 3, transport 0
x3012c0s13b0n0:58481:59572 [0] NCCL INFO Connection to proxy localRank 0 -> connection 0x147644000e00
x3012c0s13b0n0:58481:59771 [0] NCCL INFO transport/p2p.cc:449 Cuda Alloc Size 6291456 pointer 0x147640000000
x3012c0s13b0n0:58481:59771 [0] NCCL INFO New proxy recv connection 7 from local rank 0, transport 0
x3012c0s13b0n0:58483:59745 [2] NCCL INFO New proxy recv connection 11 from local rank 2, transport 0
x3012c0s13b0n0:58484:59602 [3] NCCL INFO Connection to proxy localRank 3 -> connection 0x1457b8000f00
x3012c0s13b0n0:58484:59746 [3] NCCL INFO transport/p2p.cc:430 Cuda Alloc Size 6291456 pointer 0x1457a6000000
x3012c0s13b0n0:58482:59603 [1] NCCL INFO Connection to proxy localRank 1 -> connection 0x1544dc000e40
x3012c0s13b0n0:58482:59780 [1] NCCL INFO transport/p2p.cc:430 Cuda Alloc Size 6291456 pointer 0x15452ba00000
x3012c0s13b0n0:58481:59572 [0] NCCL INFO Connection to proxy localRank 0 -> connection 0x147644000e40
x3012c0s13b0n0:58481:59771 [0] NCCL INFO transport/p2p.cc:449 Cuda Alloc Size 6291456 pointer 0x147640600000
x3012c0s13b0n0:58483:59595 [2] NCCL INFO Connection to proxy localRank 2 -> connection 0x14d18c000f40
x3012c0s13b0n0:58484:59602 [3] NCCL INFO Channel 03/0 : 3[c7000] -> 2[85000] via P2P/IPC/read
x3012c0s13b0n0:58484:59746 [3] NCCL INFO New proxy send connection 11 from local rank 3, transport 0
x3012c0s13b0n0:58482:59603 [1] NCCL INFO Connected all rings
x3012c0s13b0n0:58482:59780 [1] NCCL INFO New proxy recv connection 8 from local rank 1, transport 0
x3012c0s13b0n0:58481:59572 [0] NCCL INFO Connected all rings
x3012c0s13b0n0:58481:59572 [0] NCCL INFO Channel 00/0 : 0[7000] -> 1[46000] via P2P/IPC/read
x3012c0s13b0n0:58481:59771 [0] NCCL INFO New proxy send connection 8 from local rank 0, transport 0
x3012c0s13b0n0:58483:59745 [2] NCCL INFO transport/p2p.cc:449 Cuda Alloc Size 6291456 pointer 0x14d1df200000
x3012c0s13b0n0:58484:59602 [3] NCCL INFO Connection to proxy localRank 3 -> connection 0x1457b8000f40
x3012c0s13b0n0:58484:59746 [3] NCCL INFO transport/p2p.cc:430 Cuda Alloc Size 6291456 pointer 0x1457a6600000
x3012c0s13b0n0:58481:59572 [0] NCCL INFO Connection to proxy localRank 0 -> connection 0x147644000e80
x3012c0s13b0n0:58481:59771 [0] NCCL INFO transport/p2p.cc:430 Cuda Alloc Size 6291456 pointer 0x14763e600000
x3012c0s13b0n0:58482:59603 [1] NCCL INFO Connection to proxy localRank 1 -> connection 0x1544dc000e80
x3012c0s13b0n0:58482:59780 [1] NCCL INFO transport/p2p.cc:449 Cuda Alloc Size 6291456 pointer 0x15452d800000
x3012c0s13b0n0:58482:59780 [1] NCCL INFO New proxy recv connection 9 from local rank 1, transport 0
x3012c0s13b0n0:58482:59603 [1] NCCL INFO Connection to proxy localRank 1 -> connection 0x1544dc000ec0
x3012c0s13b0n0:58481:59572 [0] NCCL INFO Channel 01/0 : 0[7000] -> 1[46000] via P2P/IPC/read
x3012c0s13b0n0:58481:59771 [0] NCCL INFO New proxy send connection 9 from local rank 0, transport 0
x3012c0s13b0n0:58482:59780 [1] NCCL INFO transport/p2p.cc:449 Cuda Alloc Size 6291456 pointer 0x15452de00000
x3012c0s13b0n0:58481:59572 [0] NCCL INFO Connection to proxy localRank 0 -> connection 0x147644000ec0
x3012c0s13b0n0:58482:59780 [1] NCCL INFO New proxy recv connection 10 from local rank 1, transport 0
x3012c0s13b0n0:58482:59603 [1] NCCL INFO Connection to proxy localRank 1 -> connection 0x1544dc000f00
x3012c0s13b0n0:58482:59780 [1] NCCL INFO transport/p2p.cc:449 Cuda Alloc Size 6291456 pointer 0x15452e400000
x3012c0s13b0n0:58481:59771 [0] NCCL INFO transport/p2p.cc:430 Cuda Alloc Size 6291456 pointer 0x14763ec00000
x3012c0s13b0n0:58481:59572 [0] NCCL INFO Channel 02/0 : 0[7000] -> 1[46000] via P2P/IPC/read
x3012c0s13b0n0:58481:59771 [0] NCCL INFO New proxy send connection 10 from local rank 0, transport 0
x3012c0s13b0n0:58481:59572 [0] NCCL INFO Connection to proxy localRank 0 -> connection 0x147644000f00
x3012c0s13b0n0:58481:59771 [0] NCCL INFO transport/p2p.cc:430 Cuda Alloc Size 6291456 pointer 0x14763f200000
x3012c0s13b0n0:58482:59780 [1] NCCL INFO New proxy recv connection 11 from local rank 1, transport 0
x3012c0s13b0n0:58482:59603 [1] NCCL INFO Connection to proxy localRank 1 -> connection 0x1544dc000f40
x3012c0s13b0n0:58482:59780 [1] NCCL INFO transport/p2p.cc:449 Cuda Alloc Size 6291456 pointer 0x15452ea00000
x3012c0s13b0n0:58482:59603 [1] NCCL INFO Channel 00/0 : 1[46000] -> 2[85000] via P2P/IPC/read
x3012c0s13b0n0:58482:59780 [1] NCCL INFO New proxy send connection 12 from local rank 1, transport 0
x3012c0s13b0n0:58481:59572 [0] NCCL INFO Channel 03/0 : 0[7000] -> 1[46000] via P2P/IPC/read
x3012c0s13b0n0:58481:59771 [0] NCCL INFO New proxy send connection 11 from local rank 0, transport 0
x3012c0s13b0n0:58482:59603 [1] NCCL INFO Connection to proxy localRank 1 -> connection 0x1544dc000f80
x3012c0s13b0n0:58482:59780 [1] NCCL INFO transport/p2p.cc:430 Cuda Alloc Size 6291456 pointer 0x15452f000000
x3012c0s13b0n0:58481:59572 [0] NCCL INFO Connection to proxy localRank 0 -> connection 0x147644000f40
x3012c0s13b0n0:58481:59771 [0] NCCL INFO transport/p2p.cc:430 Cuda Alloc Size 6291456 pointer 0x14763f800000
x3012c0s13b0n0:58482:59603 [1] NCCL INFO Channel 01/0 : 1[46000] -> 2[85000] via P2P/IPC/read
x3012c0s13b0n0:58482:59780 [1] NCCL INFO New proxy send connection 13 from local rank 1, transport 0
x3012c0s13b0n0:58482:59603 [1] NCCL INFO Connection to proxy localRank 1 -> connection 0x1544dc000fc0
x3012c0s13b0n0:58482:59780 [1] NCCL INFO transport/p2p.cc:430 Cuda Alloc Size 6291456 pointer 0x15452f600000
x3012c0s13b0n0:58482:59603 [1] NCCL INFO Channel 02/0 : 1[46000] -> 2[85000] via P2P/IPC/read
x3012c0s13b0n0:58482:59780 [1] NCCL INFO New proxy send connection 14 from local rank 1, transport 0
x3012c0s13b0n0:58482:59603 [1] NCCL INFO Connection to proxy localRank 1 -> connection 0x1544dc001000
x3012c0s13b0n0:58482:59780 [1] NCCL INFO transport/p2p.cc:430 Cuda Alloc Size 6291456 pointer 0x15452fc00000
x3012c0s13b0n0:58482:59603 [1] NCCL INFO Channel 03/0 : 1[46000] -> 2[85000] via P2P/IPC/read
x3012c0s13b0n0:58482:59780 [1] NCCL INFO New proxy send connection 15 from local rank 1, transport 0
x3012c0s13b0n0:58482:59603 [1] NCCL INFO Connection to proxy localRank 1 -> connection 0x1544dc001040
x3012c0s13b0n0:58482:59780 [1] NCCL INFO transport/p2p.cc:430 Cuda Alloc Size 6291456 pointer 0x154530200000
x3012c0s13b0n0:58482:59603 [1] NCCL INFO GPU Direct RDMA Disabled for GPU 46000 / HCA 1 (distance 6 > 4)
x3012c0s13b0n0:58481:59572 [0] NCCL INFO GPU Direct RDMA Disabled for GPU 7000 / HCA 1 (distance 7 > 4)
x3012c0s13b0n0:58481:59771 [0] NCCL INFO Allocated 4194656 bytes of shared memory in /dev/shm/nccl-OM3oNf

x3012c0s13b0n0:58481:59771 [0] NCCL INFO New proxy recv connection 12 from local rank 0, transport 2
x3012c0s13b0n0:58483:59745 [2] NCCL INFO New proxy recv connection 12 from local rank 2, transport 0
x3012c0s13b0n0:58482:59780 [1] NCCL INFO New proxy recv connection 16 from local rank 1, transport 2
x3012c0s13b0n0:58483:59595 [2] NCCL INFO Connection to proxy localRank 2 -> connection 0x14d18c000f80
x3012c0s13b0n0:58483:59745 [2] NCCL INFO transport/p2p.cc:449 Cuda Alloc Size 6291456 pointer 0x14d1e1000000
x3012c0s13b0n0:58481:59572 [0] NCCL INFO Connection to proxy localRank 0 -> connection 0x147644000f80
x3012c0s13b0n0:58482:59603 [1] NCCL INFO Connection to proxy localRank 1 -> connection 0x1544dc001080
x3012c0s13b0n0:58482:59603 [1] NCCL INFO Channel 02/0 : 12[7000] -> 1[46000] [receive] via NET/IB/1
x3012c0s13b0n0:58482:59603 [1] NCCL INFO GPU Direct RDMA Disabled for GPU 46000 / HCA 0 (distance 7 > 4)
x3012c0s13b0n0:58482:59780 [1] NCCL INFO New proxy recv connection 17 from local rank 1, transport 2
x3012c0s13b0n0:58483:59745 [2] NCCL INFO New proxy recv connection 13 from local rank 2, transport 0
x3012c0s13b0n0:58481:59572 [0] NCCL INFO Channel 00/0 : 16[7000] -> 0[7000] [receive] via NET/IB/1
x3012c0s13b0n0:58481:59572 [0] NCCL INFO GPU Direct RDMA Disabled for GPU 7000 / HCA 0 (distance 7 > 4)
x3012c0s13b0n0:58481:59771 [0] NCCL INFO New proxy recv connection 13 from local rank 0, transport 2
x3012c0s13b0n0:58482:59603 [1] NCCL INFO Connection to proxy localRank 1 -> connection 0x1544dc0010c0
x3012c0s13b0n0:58481:59572 [0] NCCL INFO Connection to proxy localRank 0 -> connection 0x147644000fc0
x3012c0s13b0n0:58483:59595 [2] NCCL INFO Connection to proxy localRank 2 -> connection 0x14d18c000fc0
x3012c0s13b0n0:58483:59745 [2] NCCL INFO transport/p2p.cc:449 Cuda Alloc Size 6291456 pointer 0x14d1e1600000
x3012c0s13b0n0:58482:59603 [1] NCCL INFO Channel 03/0 : 12[7000] -> 1[46000] [receive] via NET/IB/0
x3012c0s13b0n0:58483:59745 [2] NCCL INFO New proxy recv connection 14 from local rank 2, transport 0
x3012c0s13b0n0:58481:59572 [0] NCCL INFO Channel 01/0 : 16[7000] -> 0[7000] [receive] via NET/IB/0
x3012c0s13b0n0:58481:59572 [0] NCCL INFO GPU Direct RDMA Disabled for GPU 7000 / HCA 1 (distance 7 > 4)
x3012c0s13b0n0:58481:59771 [0] NCCL INFO New proxy send connection 14 from local rank 0, transport 2
x3012c0s13b0n0:58483:59595 [2] NCCL INFO Connection to proxy localRank 2 -> connection 0x14d18c001000
x3012c0s13b0n0:58483:59745 [2] NCCL INFO transport/p2p.cc:449 Cuda Alloc Size 6291456 pointer 0x14d1e1c00000
x3012c0s13b0n0:58481:59572 [0] NCCL INFO Connection to proxy localRank 0 -> connection 0x147644001000
x3012c0s13b0n0:58481:59572 [0] NCCL INFO Channel 02/0 : 0[7000] -> 4[7000] [send] via NET/IB/1
x3012c0s13b0n0:58481:59572 [0] NCCL INFO GPU Direct RDMA Disabled for GPU 7000 / HCA 0 (distance 7 > 4)
x3012c0s13b0n0:58481:59771 [0] NCCL INFO New proxy send connection 15 from local rank 0, transport 2
x3012c0s13b0n0:58483:59745 [2] NCCL INFO New proxy recv connection 15 from local rank 2, transport 0
x3012c0s13b0n0:58483:59595 [2] NCCL INFO Connection to proxy localRank 2 -> connection 0x14d18c001040
x3012c0s13b0n0:58483:59745 [2] NCCL INFO transport/p2p.cc:449 Cuda Alloc Size 6291456 pointer 0x14d1e2200000
x3012c0s13b0n0:58481:59572 [0] NCCL INFO Connection to proxy localRank 0 -> connection 0x147644001040
x3012c0s13b0n0:58481:59572 [0] NCCL INFO Channel 03/0 : 0[7000] -> 4[7000] [send] via NET/IB/0
x3012c0s13b0n0:58481:59771 [0] NCCL INFO transport/net_ib.cc:596 Ib Alloc Size 26560 pointer 0x147644026000
x3012c0s13b0n0:58481:59771 [0] NCCL INFO NET/IB: Dev 1 Port 1 qpn 24094 mtu 5 GID 0 (80FE/9A1100FEFF000000)
x3012c0s13b0n0:58481:59771 [0] NCCL INFO transport/net_ib.cc:653 Ib Alloc Size 552 pointer 0x147644048000
x3012c0s13b0n0:58481:59771 [0] NCCL INFO transport/net.cc:571 Cuda Host Alloc Size 9641984 pointer 0x147636000000
x3012c0s13b0n0:58481:59771 [0] NCCL INFO Mem Realloc old size 0, new size 768 pointer 0x147644035260
x3012c0s13b0n0:58481:59771 [0] NCCL INFO transport/net_ib.cc:596 Ib Alloc Size 26560 pointer 0x14764404a000
x3012c0s13b0n0:58483:59595 [2] NCCL INFO Channel 00/0 : 2[85000] -> 1[46000] via P2P/IPC/read
x3012c0s13b0n0:58483:59745 [2] NCCL INFO New proxy send connection 16 from local rank 2, transport 0
x3012c0s13b0n0:58481:59771 [0] NCCL INFO NET/IB: Dev 0 Port 1 qpn 25266 mtu 5 GID 0 (80FE/DF1100FEFF000000)
x3012c0s13b0n0:58481:59771 [0] NCCL INFO transport/net_ib.cc:653 Ib Alloc Size 552 pointer 0x14764406b000
x3012c0s13b0n0:58481:59771 [0] NCCL INFO transport/net.cc:571 Cuda Host Alloc Size 9641984 pointer 0x147636a00000
x3012c0s13b0n0:58481:59771 [0] NCCL INFO Mem Realloc old size 0, new size 768 pointer 0x147644058940
x3012c0s13b0n0:58481:59771 [0] NCCL INFO transport/net_ib.cc:683 Ib Alloc Size 21688 pointer 0x14764406d000
x3012c0s13b0n0:58481:59771 [0] NCCL INFO transport/net_ib.cc:696 Ib Alloc Size 552 pointer 0x147644074000
x3012c0s13b0n0:58481:59771 [0] NCCL INFO transport/net_ib.cc:771 Ib Alloc Size 552 pointer 0x147644090000
x3012c0s13b0n0:58481:59771 [0] NCCL INFO transport/net.cc:698 Cuda Host Alloc Size 9641984 pointer 0x147637400000
x3012c0s13b0n0:58483:59595 [2] NCCL INFO Connection to proxy localRank 2 -> connection 0x14d18c001080
x3012c0s13b0n0:58483:59745 [2] NCCL INFO transport/p2p.cc:430 Cuda Alloc Size 6291456 pointer 0x14d1e2800000
x3012c0s13b0n0:58481:59771 [0] NCCL INFO transport/net_ib.cc:683 Ib Alloc Size 21688 pointer 0x147644092000
x3012c0s13b0n0:58481:59771 [0] NCCL INFO transport/net_ib.cc:696 Ib Alloc Size 552 pointer 0x147644099000
x3012c0s13b0n0:58483:59595 [2] NCCL INFO Channel 01/0 : 2[85000] -> 1[46000] via P2P/IPC/read
x3012c0s13b0n0:58483:59745 [2] NCCL INFO New proxy send connection 17 from local rank 2, transport 0
x3012c0s13b0n0:58481:59771 [0] NCCL INFO transport/net_ib.cc:771 Ib Alloc Size 552 pointer 0x1476440b4000
x3012c0s13b0n0:58481:59771 [0] NCCL INFO transport/net.cc:698 Cuda Host Alloc Size 9641984 pointer 0x147634000000
x3012c0s13b0n0:58481:59572 [0] NCCL INFO GPU Direct RDMA Disabled for GPU 7000 / HCA 1 (distance 7 > 4)
x3012c0s13b0n0:58481:59771 [0] NCCL INFO New proxy recv connection 16 from local rank 0, transport 2
x3012c0s13b0n0:58483:59595 [2] NCCL INFO Connection to proxy localRank 2 -> connection 0x14d18c0010c0
x3012c0s13b0n0:58483:59745 [2] NCCL INFO transport/p2p.cc:430 Cuda Alloc Size 6291456 pointer 0x14d1e2e00000
x3012c0s13b0n0:58481:59572 [0] NCCL INFO Connection to proxy localRank 0 -> connection 0x147644001080
x3012c0s13b0n0:58481:59572 [0] NCCL INFO Channel 02/0 : 4[7000] -> 0[7000] [receive] via NET/IB/1
x3012c0s13b0n0:58481:59572 [0] NCCL INFO GPU Direct RDMA Disabled for GPU 7000 / HCA 0 (distance 7 > 4)
x3012c0s13b0n0:58483:59595 [2] NCCL INFO Channel 02/0 : 2[85000] -> 1[46000] via P2P/IPC/read
x3012c0s13b0n0:58483:59745 [2] NCCL INFO New proxy send connection 18 from local rank 2, transport 0
x3012c0s13b0n0:58483:59595 [2] NCCL INFO Connection to proxy localRank 2 -> connection 0x14d18c001100
x3012c0s13b0n0:58481:59771 [0] NCCL INFO New proxy recv connection 17 from local rank 0, transport 2
x3012c0s13b0n0:58483:59745 [2] NCCL INFO transport/p2p.cc:430 Cuda Alloc Size 6291456 pointer 0x14d1e3400000
x3012c0s13b0n0:58481:59572 [0] NCCL INFO Connection to proxy localRank 0 -> connection 0x1476440010c0
x3012c0s13b0n0:58483:59595 [2] NCCL INFO Channel 03/0 : 2[85000] -> 1[46000] via P2P/IPC/read
x3012c0s13b0n0:58483:59745 [2] NCCL INFO New proxy send connection 19 from local rank 2, transport 0
x3012c0s13b0n0:58481:59572 [0] NCCL INFO Channel 03/0 : 4[7000] -> 0[7000] [receive] via NET/IB/0
x3012c0s13b0n0:58481:59572 [0] NCCL INFO GPU Direct RDMA Disabled for GPU 7000 / HCA 1 (distance 7 > 4)
x3012c0s13b0n0:58481:59771 [0] NCCL INFO New proxy send connection 18 from local rank 0, transport 2
x3012c0s13b0n0:58481:59572 [0] NCCL INFO Connection to proxy localRank 0 -> connection 0x147644001100
x3012c0s13b0n0:58481:59572 [0] NCCL INFO Channel 00/0 : 0[7000] -> 16[7000] [send] via NET/IB/1
x3012c0s13b0n0:58481:59572 [0] NCCL INFO GPU Direct RDMA Disabled for GPU 7000 / HCA 0 (distance 7 > 4)
x3012c0s13b0n0:58483:59595 [2] NCCL INFO Connection to proxy localRank 2 -> connection 0x14d18c001140
x3012c0s13b0n0:58483:59745 [2] NCCL INFO transport/p2p.cc:430 Cuda Alloc Size 6291456 pointer 0x14d1e3a00000
x3012c0s13b0n0:58481:59771 [0] NCCL INFO New proxy send connection 19 from local rank 0, transport 2
x3012c0s13b0n0:58482:59780 [1] NCCL INFO transport/net_ib.cc:683 Ib Alloc Size 21688 pointer 0x1544dc0d2000
x3012c0s13b0n0:58482:59780 [1] NCCL INFO transport/net_ib.cc:696 Ib Alloc Size 552 pointer 0x1544dc018000
x3012c0s13b0n0:58484:59602 [3] NCCL INFO Connected all trees by HAO
x3012c0s13b0n0:58484:59602 [3] NCCL INFO threadThresholds 8/8/64 | 160/8/64 | 512 | 512
x3012c0s13b0n0:58484:59602 [3] NCCL INFO 4 coll channels, 4 p2p channels, 2 p2p channels per peer
x3012c0s13b0n0:58484:59746 [3] NCCL INFO New proxy send connection 12 from local rank 3, transport 2
x3012c0s13b0n0:58482:59780 [1] NCCL INFO transport/net_ib.cc:771 Ib Alloc Size 552 pointer 0x1544dc0f2000
x3012c0s13b0n0:58482:59780 [1] NCCL INFO transport/net.cc:698 Cuda Host Alloc Size 9641984 pointer 0x154533800000
x3012c0s13b0n0:58481:59572 [0] NCCL INFO Connection to proxy localRank 0 -> connection 0x147644001140
x3012c0s13b0n0:58481:59572 [0] NCCL INFO Channel 01/0 : 0[7000] -> 16[7000] [send] via NET/IB/0
x3012c0s13b0n0:58482:59780 [1] NCCL INFO transport/net_ib.cc:683 Ib Alloc Size 21688 pointer 0x1544dc0f4000
x3012c0s13b0n0:58482:59780 [1] NCCL INFO transport/net_ib.cc:696 Ib Alloc Size 552 pointer 0x1544dc0fb000
x3012c0s13b0n0:58482:59780 [1] NCCL INFO transport/net_ib.cc:771 Ib Alloc Size 552 pointer 0x1544dc116000
x3012c0s13b0n0:58482:59780 [1] NCCL INFO transport/net.cc:698 Cuda Host Alloc Size 9641984 pointer 0x154534200000
x3012c0s13b0n0:58482:59603 [1] NCCL INFO GPU Direct RDMA Disabled for GPU 46000 / HCA 1 (distance 6 > 4)
x3012c0s13b0n0:58484:59602 [3] NCCL INFO Connection to proxy localRank 3 -> connection 0x1457b8000f80
x3012c0s13b0n0:58484:59746 [3] NCCL INFO transport/net.cc:376 Cuda Alloc Size 8388608 pointer 0x1457a4600000
x3012c0s13b0n0:58482:59780 [1] NCCL INFO New proxy send connection 18 from local rank 1, transport 2
x3012c0s13b0n0:58482:59603 [1] NCCL INFO Connection to proxy localRank 1 -> connection 0x1544dc001100
x3012c0s13b0n0:58482:59603 [1] NCCL INFO Channel 02/0 : 1[46000] -> 12[7000] [send] via NET/IB/1
x3012c0s13b0n0:58482:59603 [1] NCCL INFO GPU Direct RDMA Disabled for GPU 46000 / HCA 0 (distance 7 > 4)
x3012c0s13b0n0:58482:59780 [1] NCCL INFO New proxy send connection 19 from local rank 1, transport 2
x3012c0s13b0n0:58482:59603 [1] NCCL INFO Connection to proxy localRank 1 -> connection 0x1544dc001140
x3012c0s13b0n0:58482:59603 [1] NCCL INFO Channel 03/0 : 1[46000] -> 12[7000] [send] via NET/IB/0
x3012c0s13b0n0:58482:59780 [1] NCCL INFO transport/net_ib.cc:596 Ib Alloc Size 26560 pointer 0x1544dc122000
x3012c0s13b0n0:58482:59780 [1] NCCL INFO NET/IB: Dev 1 Port 1 qpn 24099 mtu 5 GID 0 (80FE/9A1100FEFF000000)
x3012c0s13b0n0:58482:59780 [1] NCCL INFO transport/net_ib.cc:653 Ib Alloc Size 552 pointer 0x1544dc139000
x3012c0s13b0n0:58481:59771 [0] NCCL INFO transport/net_ib.cc:596 Ib Alloc Size 26560 pointer 0x1476440ca000
x3012c0s13b0n0:58482:59780 [1] NCCL INFO transport/net.cc:571 Cuda Host Alloc Size 9641984 pointer 0x154534c00000
x3012c0s13b0n0:58481:59771 [0] NCCL INFO NET/IB: Dev 1 Port 1 qpn 24100 mtu 5 GID 0 (80FE/9A1100FEFF000000)
x3012c0s13b0n0:58481:59771 [0] NCCL INFO transport/net_ib.cc:653 Ib Alloc Size 552 pointer 0x1476440e1000
x3012c0s13b0n0:58481:59771 [0] NCCL INFO transport/net.cc:571 Cuda Host Alloc Size 9641984 pointer 0x147634a00000
x3012c0s13b0n0:58481:59771 [0] NCCL INFO transport/net_ib.cc:596 Ib Alloc Size 26560 pointer 0x1476440e3000
x3012c0s13b0n0:58481:59771 [0] NCCL INFO NET/IB: Dev 0 Port 1 qpn 25271 mtu 5 GID 0 (80FE/DF1100FEFF000000)
x3012c0s13b0n0:58481:59771 [0] NCCL INFO transport/net_ib.cc:653 Ib Alloc Size 552 pointer 0x1476440fa000
x3012c0s13b0n0:58481:59771 [0] NCCL INFO transport/net.cc:571 Cuda Host Alloc Size 9641984 pointer 0x147635400000
x3012c0s13b0n0:58482:59780 [1] NCCL INFO transport/net_ib.cc:596 Ib Alloc Size 26560 pointer 0x1544dc13b000
x3012c0s13b0n0:58481:59771 [0] NCCL INFO transport/net_ib.cc:683 Ib Alloc Size 21688 pointer 0x1476440fc000
x3012c0s13b0n0:58481:59771 [0] NCCL INFO transport/net_ib.cc:696 Ib Alloc Size 552 pointer 0x147644103000
x3012c0s13b0n0:58482:59780 [1] NCCL INFO NET/IB: Dev 0 Port 1 qpn 25272 mtu 5 GID 0 (80FE/DF1100FEFF000000)
x3012c0s13b0n0:58482:59780 [1] NCCL INFO transport/net_ib.cc:653 Ib Alloc Size 552 pointer 0x1544dc152000
x3012c0s13b0n0:58482:59780 [1] NCCL INFO transport/net.cc:571 Cuda Host Alloc Size 9641984 pointer 0x154535600000
x3012c0s13b0n0:58481:59771 [0] NCCL INFO transport/net_ib.cc:771 Ib Alloc Size 552 pointer 0x14764411e000
x3012c0s13b0n0:58481:59771 [0] NCCL INFO transport/net.cc:698 Cuda Host Alloc Size 9641984 pointer 0x147632000000
x3012c0s13b0n0:58482:59780 [1] NCCL INFO New proxy recv connection 20 from local rank 1, transport 0
x3012c0s13b0n0:58481:59771 [0] NCCL INFO transport/net_ib.cc:683 Ib Alloc Size 21688 pointer 0x147644120000
x3012c0s13b0n0:58481:59771 [0] NCCL INFO transport/net_ib.cc:696 Ib Alloc Size 552 pointer 0x147644127000
x3012c0s13b0n0:58482:59603 [1] NCCL INFO Connection to proxy localRank 1 -> connection 0x1544dc001180
x3012c0s13b0n0:58482:59780 [1] NCCL INFO transport/p2p.cc:449 Cuda Alloc Size 6291456 pointer 0x154536000000
x3012c0s13b0n0:58481:59771 [0] NCCL INFO transport/net_ib.cc:771 Ib Alloc Size 552 pointer 0x147644142000
x3012c0s13b0n0:58481:59771 [0] NCCL INFO transport/net.cc:698 Cuda Host Alloc Size 9641984 pointer 0x147632a00000
x3012c0s13b0n0:58482:59780 [1] NCCL INFO New proxy recv connection 21 from local rank 1, transport 0
x3012c0s13b0n0:58481:59572 [0] NCCL INFO Connected all trees by HAO
x3012c0s13b0n0:58481:59572 [0] NCCL INFO Latency/AlgBw |    Tree/    LL |    Tree/ LL128 |    Tree/Simple |    Ring/    LL |    Ring/ LL128 |    Ring/Simple | CollNetDirect/    LL | CollNetDirect/ LL128 | CollNetDirect/Simple | CollNetChain/    LL | CollNetChain/ LL128 | CollNetChain/Simple |
x3012c0s13b0n0:58481:59572 [0] NCCL INFO  Max NThreads |            512 |            640 |            512 |            512 |            640 |            512 |              0 |              0 |            512 |              0 |              0 |            512 |
x3012c0s13b0n0:58481:59572 [0] NCCL INFO     Broadcast |     0.0/   0.0 |     0.0/   0.0 |     0.0/   0.0 |     6.3/   6.0 |    14.0/   0.0 |    18.0/  24.0 |     0.0/   0.0 |     0.0/   0.0 |     0.0/   0.0 |     0.0/   0.0 |     0.0/   0.0 |     0.0/   0.0 |
x3012c0s13b0n0:58481:59572 [0] NCCL INFO        Reduce |     0.0/   0.0 |     0.0/   0.0 |     0.0/   0.0 |     6.3/   6.0 |    14.0/   0.0 |    18.0/  24.0 |     0.0/   0.0 |     0.0/   0.0 |     0.0/   0.0 |     0.0/   0.0 |     0.0/   0.0 |     0.0/   0.0 |
x3012c0s13b0n0:58481:59572 [0] NCCL INFO     AllGather |     0.0/   0.0 |     0.0/   0.0 |     0.0/   0.0 |    27.1/   6.3 |    54.5/   0.0 |    97.8/  25.3 |     0.0/   0.0 |     0.0/   0.0 |     0.0/   0.0 |     0.0/   0.0 |     0.0/   0.0 |     0.0/   0.0 |
x3012c0s13b0n0:58481:59572 [0] NCCL INFO ReduceScatter |     0.0/   0.0 |     0.0/   0.0 |     0.0/   0.0 |    27.1/   6.3 |    54.5/   0.0 |    97.8/  25.3 |     0.0/   0.0 |     0.0/   0.0 |     0.0/   0.0 |     0.0/   0.0 |     0.0/   0.0 |     0.0/   0.0 |
x3012c0s13b0n0:58481:59572 [0] NCCL INFO     AllReduce |    30.0/   2.9 |    45.9/   0.0 |   280.0/  11.0 |    54.3/   3.2 |   103.2/   0.0 |   199.6/  12.6 |     7.4/   0.0 |     7.4/   0.0 |    29.7/   0.0 |     4.4/   0.0 |     4.4/   0.0 |    48.0/   0.0 |
x3012c0s13b0n0:58481:59572 [0] NCCL INFO threadThresholds 8/8/64 | 160/8/64 | 512 | 512
x3012c0s13b0n0:58481:59572 [0] NCCL INFO 4 coll channels, 4 p2p channels, 2 p2p channels per peer
x3012c0s13b0n0:58481:59771 [0] NCCL INFO New proxy send connection 20 from local rank 0, transport 2
x3012c0s13b0n0:58482:59603 [1] NCCL INFO Connection to proxy localRank 1 -> connection 0x1544dc0011c0
x3012c0s13b0n0:58482:59780 [1] NCCL INFO transport/p2p.cc:449 Cuda Alloc Size 6291456 pointer 0x154536600000
x3012c0s13b0n0:58481:59572 [0] NCCL INFO Connection to proxy localRank 0 -> connection 0x147644001180
x3012c0s13b0n0:58482:59780 [1] NCCL INFO New proxy recv connection 22 from local rank 1, transport 0
x3012c0s13b0n0:58482:59603 [1] NCCL INFO Connection to proxy localRank 1 -> connection 0x1544dc001200
x3012c0s13b0n0:58481:59771 [0] NCCL INFO transport/net.cc:376 Cuda Alloc Size 8388608 pointer 0x147633400000
x3012c0s13b0n0:58482:59780 [1] NCCL INFO transport/p2p.cc:449 Cuda Alloc Size 6291456 pointer 0x154536c00000
x3012c0s13b0n0:58482:59780 [1] NCCL INFO New proxy recv connection 23 from local rank 1, transport 0
x3012c0s13b0n0:58482:59603 [1] NCCL INFO Connection to proxy localRank 1 -> connection 0x1544dc001240
x3012c0s13b0n0:58482:59780 [1] NCCL INFO transport/p2p.cc:449 Cuda Alloc Size 6291456 pointer 0x154537200000
x3012c0s13b0n0:58482:59603 [1] NCCL INFO Connected all trees by HAO
x3012c0s13b0n0:58482:59603 [1] NCCL INFO threadThresholds 8/8/64 | 160/8/64 | 512 | 512
x3012c0s13b0n0:58482:59603 [1] NCCL INFO 4 coll channels, 4 p2p channels, 2 p2p channels per peer
x3012c0s13b0n0:58482:59780 [1] NCCL INFO New proxy send connection 24 from local rank 1, transport 2
x3012c0s13b0n0:58483:59595 [2] NCCL INFO Connected all trees by HAO
x3012c0s13b0n0:58483:59595 [2] NCCL INFO threadThresholds 8/8/64 | 160/8/64 | 512 | 512
x3012c0s13b0n0:58483:59595 [2] NCCL INFO 4 coll channels, 4 p2p channels, 2 p2p channels per peer
x3012c0s13b0n0:58483:59745 [2] NCCL INFO Allocated 4194656 bytes of shared memory in /dev/shm/nccl-UG5ZMq

x3012c0s13b0n0:58483:59745 [2] NCCL INFO New proxy send connection 20 from local rank 2, transport 2
x3012c0s13b0n0:58482:59603 [1] NCCL INFO Connection to proxy localRank 1 -> connection 0x1544dc001280
x3012c0s13b0n0:58482:59780 [1] NCCL INFO transport/net.cc:376 Cuda Alloc Size 8388608 pointer 0x154539000000
x3012c0s13b0n0:58483:59595 [2] NCCL INFO Connection to proxy localRank 2 -> connection 0x14d18c001180
x3012c0s13b0n0:58483:59595 [2] NCCL INFO init.cc:367 Cuda Alloc Size 5168 pointer 0x14d1d7e08800
x3012c0s13b0n0:58484:59602 [3] NCCL INFO init.cc:367 Cuda Alloc Size 5168 pointer 0x1457bd808800
x3012c0s13b0n0:58481:59572 [0] NCCL INFO init.cc:367 Cuda Alloc Size 5168 pointer 0x147653a08800
x3012c0s13b0n0:58482:59603 [1] NCCL INFO init.cc:367 Cuda Alloc Size 5168 pointer 0x154527e08800
x3012c0s13b0n0:58484:59602 [3] NCCL INFO init.cc:392 Cuda Host Alloc Size 33554432 pointer 0x1457a2000000
x3012c0s13b0n0:58484:59602 [3] NCCL INFO init.cc:398 Cuda Host Alloc Size 128 pointer 0x1457bce00200
x3012c0s13b0n0:58484:59602 [3] NCCL INFO comm 0x556074243930 rank 3 nranks 20 cudaDev 3 busId c7000 - Init COMPLETE
x3012c0s13b0n0:58481:59572 [0] NCCL INFO init.cc:392 Cuda Host Alloc Size 33554432 pointer 0x147630000000
x3012c0s13b0n0:58481:59572 [0] NCCL INFO init.cc:398 Cuda Host Alloc Size 128 pointer 0x147653000200
x3012c0s13b0n0:58481:59572 [0] NCCL INFO comm 0x557584f77820 rank 0 nranks 20 cudaDev 0 busId 7000 - Init COMPLETE
x3012c0s13b0n0:58482:59603 [1] NCCL INFO init.cc:392 Cuda Host Alloc Size 33554432 pointer 0x1544da000000
x3012c0s13b0n0:58482:59603 [1] NCCL INFO init.cc:398 Cuda Host Alloc Size 128 pointer 0x154527400200
x3012c0s13b0n0:58482:59603 [1] NCCL INFO comm 0x5557dc59e5b0 rank 1 nranks 20 cudaDev 1 busId 46000 - Init COMPLETE
x3012c0s13b0n0:58483:59595 [2] NCCL INFO init.cc:392 Cuda Host Alloc Size 33554432 pointer 0x14d1e7000000
x3012c0s13b0n0:58483:59595 [2] NCCL INFO init.cc:398 Cuda Host Alloc Size 128 pointer 0x14d1d7400200
x3012c0s13b0n0:58483:59595 [2] NCCL INFO comm 0x561b86dddbb0 rank 2 nranks 20 cudaDev 2 busId 85000 - Init COMPLETE
x3012c0s13b0n0:58483:59745 [2] NCCL INFO transport/net.cc:376 Cuda Alloc Size 8388608 pointer 0x14d1e9000000
x3012c0s13b0n0:58483:58483 [2] NCCL INFO AllReduce: opCount 0 sendbuff 0x14d1d3a00200 recvbuff 0x14d1d3a00200 count 1 datatype 1 op 0 root 0 comm 0x561b86dddbb0 [nranks=20] stream 0x561ba2492500
x3012c0s13b0n0:58483:58483 [2] NCCL INFO misc/utils.cc:235 memory stack hunk malloc(65536)
[LYD INFO in ncclLaunchKernel (enqueue.cc)] NCHANNELS is: 4x3012c0s13b0n0:58482:58482 [1] NCCL INFO AllReduce: opCount 0 sendbuff 0x154523a00200 recvbuff 0x154523a00200 count 1 datatype 1 op 0 root 0 comm 0x5557dc59e5b0 [nranks=20] stream 0x5557f86e4030
x3012c0s13b0n0:58482:58482 [1] NCCL INFO misc/utils.cc:235 memory stack hunk malloc(65536)
[LYD INFO in ncclLaunchKernel (enqueue.cc)] NCHANNELS is: 4x3012c0s13b0n0:58484:58484 [3] NCCL INFO AllReduce: opCount 0 sendbuff 0x1457fb600200 recvbuff 0x1457fb600200 count 1 datatype 1 op 0 root 0 comm 0x556074243930 [nranks=20] stream 0x5560773ea5e0
x3012c0s13b0n0:58484:58484 [3] NCCL INFO misc/utils.cc:235 memory stack hunk malloc(65536)
[LYD INFO in ncclLaunchKernel (enqueue.cc)] NCHANNELS is: 4[Hao INFO in ncclAllReduce (all_reduce.cc)] rank 0 ncclAllReduce: count: 1, datatype: ncclUint8, message size: 1 Bytes
x3012c0s13b0n0:58481:58481 [0] NCCL INFO AllReduce: opCount 0 sendbuff 0x147693800200 recvbuff 0x147693800200 count 1 datatype 1 op 0 root 0 comm 0x557584f77820 [nranks=20] stream 0x5575a16eb7c0
x3012c0s13b0n0:58481:58481 [0] NCCL INFO misc/utils.cc:235 memory stack hunk malloc(65536)

[LYD INFO in ncclAllReduce (all_reduce.cc)] rank 0 AllReduce Time: 0.000052000 seconds

[LYD INFO in getAlgoInfo (enqueue.cc)] algorithm a is: 0

[LYD INFO in getAlgoInfo (enqueue.cc)] algorithm a is: 1

[LYD INFO in getAlgoInfo (enqueue.cc)] rank: 0, Duration between Point 1 and Point 2: 0.000014000 seconds

[LYD INFO in getAlgoInfo (enqueue.cc)] rank 0, Duration between Point 2 and Point 3: 0.000000000 seconds
[LYD INFO in getAlgoInfo (enqueue.cc)] out rank: 0
[LYD INFO in getAlgoInfo (enqueue.cc)] out coll: 4
[LYD INFO in getAlgoInfo (enqueue.cc)] out sendbuff address: 0x147693800200
[LYD INFO in getAlgoInfo (enqueue.cc)] out recvbuff address: 0x147693800200
[LYD INFO in getAlgoInfo (enqueue.cc)] out count: 1
[LYD INFO in getAlgoInfo (enqueue.cc)] out datatype: 1
[LYD INFO in getAlgoInfo (enqueue.cc)] out chunkSteps: 4
[LYD INFO in getAlgoInfo (enqueue.cc)] out sliceSteps: 2
[LYD INFO in getAlgoInfo (enqueue.cc)] out algorithm: 0
[LYD INFO in getAlgoInfo (enqueue.cc)] out protocol: 0
[LYD INFO in getAlgoInfo (enqueue.cc)] out nChannels: 1
[LYD INFO in getAlgoInfo (enqueue.cc)] out nThreads: 96
[LYD INFO in getAlgoInfo (enqueue.cc)] out nBytes: 1
[LYD INFO in getAlgoInfo (enqueue.cc)] out nstepsPerLoop: 0
[LYD INFO in getAlgoInfo (enqueue.cc)] out nchunksPerLoop: 0
[LYD INFO in getAlgoInfo (enqueue.cc)] out chunkSize: 0
[LYD INFO in ncclLaunchKernel (enqueue.cc)] NCHANNELS is: 4
[LYD INFO in NCCL_KERN_NAME (common.h)] 1 AllReduce TREE LL Sum uint8_t Elapsed time: 1131643 us

[LYD INFO in NCCL_KERN_NAME (common.h)] 2 AllReduce TREE LL Sum uint8_t Elapsed time: 1155496 us

[LYD INFO in NCCL_KERN_NAME (common.h)] 3 AllReduce TREE LL Sum uint8_t Elapsed time: 1153225 us

[LYD INFO in NCCL_KERN_NAME (common.h)] 0 AllReduce TREE LL Sum uint8_t Elapsed time: 1123104 us
[Hao INFO in ncclAllReduce (all_reduce.cc)] rank 0 ncclAllReduce: count: 1, datatype: ncclUint8, message size: 1 Bytes
