x3012c0s13b1n0:6644:11822 [1] NCCL INFO Connection to proxy localRank 1 -> connection 0x14a700000c80
x3012c0s13b1n0:6645:11808 [2] NCCL INFO Ring 00 : 4 -> 6 -> 7
x3012c0s13b1n0:6645:11808 [2] NCCL INFO Ring 01 : 4 -> 6 -> 7
x3012c0s13b1n0:6645:11808 [2] NCCL INFO Ring 02 : 4 -> 6 -> 7
x3012c0s13b1n0:6645:11808 [2] NCCL INFO Ring 03 : 4 -> 6 -> 7
x3012c0s13b1n0:6645:11808 [2] NCCL INFO Trees [0] 7/-1/-1->6->5 [1] 7/-1/-1->6->5 [2] 7/-1/-1->6->5 [3] 7/-1/-1->6->5
x3012c0s13b1n0:6645:11808 [2] NCCL INFO misc/utils.cc:235 memory stack hunk malloc(65536)
x3012c0s13b1n0:6645:11808 [2] NCCL INFO channel.cc:23 Cuda Alloc Size 8064 pointer 0x14b23fe17400
x3012c0s13b1n0:6645:11808 [2] NCCL INFO channel.cc:27 Cuda Alloc Size 80 pointer 0x14b23fe19400
x3012c0s13b1n0:6645:11808 [2] NCCL INFO channel.cc:23 Cuda Alloc Size 8064 pointer 0x14b23fe19600
x3012c0s13b1n0:6645:11808 [2] NCCL INFO channel.cc:27 Cuda Alloc Size 80 pointer 0x14b23fe1b600
x3012c0s13b1n0:6645:11808 [2] NCCL INFO channel.cc:23 Cuda Alloc Size 8064 pointer 0x14b23fe1b800
x3012c0s13b1n0:6645:11808 [2] NCCL INFO channel.cc:27 Cuda Alloc Size 80 pointer 0x14b23fe1d800
x3012c0s13b1n0:6645:11808 [2] NCCL INFO channel.cc:23 Cuda Alloc Size 8064 pointer 0x14b23fe1da00
x3012c0s13b1n0:6645:11808 [2] NCCL INFO channel.cc:27 Cuda Alloc Size 80 pointer 0x14b23fe1fa00
x3012c0s13b1n0:6645:11808 [2] NCCL INFO Channel 00/0 : 6[85000] -> 7[c7000] via P2P/IPC/read
x3012c0s13b1n0:6645:11974 [2] NCCL INFO Mem Realloc old size 0, new size 8 pointer 0x14b1bc000c60
x3012c0s13b1n0:6645:11974 [2] NCCL INFO New proxy send connection 0 from local rank 2, transport 0
x3012c0s13b1n0:6643:11812 [0] NCCL INFO Connection to proxy localRank 0 -> connection 0x14663c000c80
x3012c0s13b1n0:6646:11814 [3] NCCL INFO Ring 00 : 6 -> 7 -> 9
x3012c0s13b1n0:6646:11814 [3] NCCL INFO Ring 01 : 6 -> 7 -> 9
x3012c0s13b1n0:6646:11814 [3] NCCL INFO Ring 02 : 6 -> 7 -> 9
x3012c0s13b1n0:6646:11814 [3] NCCL INFO Ring 03 : 6 -> 7 -> 9
x3012c0s13b1n0:6646:11814 [3] NCCL INFO Trees [0] -1/-1/-1->7->6 [1] -1/-1/-1->7->6 [2] -1/-1/-1->7->6 [3] -1/-1/-1->7->6
x3012c0s13b1n0:6646:11814 [3] NCCL INFO misc/utils.cc:235 memory stack hunk malloc(65536)
x3012c0s13b1n0:6646:11814 [3] NCCL INFO channel.cc:23 Cuda Alloc Size 8064 pointer 0x154ae7817400
x3012c0s13b1n0:6646:11814 [3] NCCL INFO channel.cc:27 Cuda Alloc Size 80 pointer 0x154ae7819400
x3012c0s13b1n0:6646:11814 [3] NCCL INFO channel.cc:23 Cuda Alloc Size 8064 pointer 0x154ae7819600
x3012c0s13b1n0:6646:11814 [3] NCCL INFO channel.cc:27 Cuda Alloc Size 80 pointer 0x154ae781b600
x3012c0s13b1n0:6646:11814 [3] NCCL INFO channel.cc:23 Cuda Alloc Size 8064 pointer 0x154ae781b800
x3012c0s13b1n0:6646:11814 [3] NCCL INFO channel.cc:27 Cuda Alloc Size 80 pointer 0x154ae781d800
x3012c0s13b1n0:6646:11814 [3] NCCL INFO channel.cc:23 Cuda Alloc Size 8064 pointer 0x154ae781da00
x3012c0s13b1n0:6646:11814 [3] NCCL INFO channel.cc:27 Cuda Alloc Size 80 pointer 0x154ae781fa00
x3012c0s13b1n0:6646:11966 [3] NCCL INFO Mem Realloc old size 0, new size 8 pointer 0x154a90000c60
x3012c0s13b1n0:6646:11966 [3] NCCL INFO New proxy recv connection 0 from local rank 3, transport 0
x3012c0s13b1n0:6645:11808 [2] NCCL INFO Connection to proxy localRank 2 -> connection 0x14b1bc000c80
x3012c0s13b1n0:6645:11974 [2] NCCL INFO transport/p2p.cc:430 Cuda Alloc Size 6291456 pointer 0x14b224000000
x3012c0s13b1n0:6645:11808 [2] NCCL INFO Channel 01/0 : 6[85000] -> 7[c7000] via P2P/IPC/read
x3012c0s13b1n0:6644:11822 [1] NCCL INFO Channel 00/0 : 3[c7000] -> 5[46000] [receive] via NET/IB/1
x3012c0s13b1n0:6644:11822 [1] NCCL INFO GPU Direct RDMA Disabled for GPU 46000 / HCA 0 (distance 7 > 4)
x3012c0s13b1n0:6645:11974 [2] NCCL INFO New proxy send connection 1 from local rank 2, transport 0
x3012c0s13b1n0:6643:11963 [0] NCCL INFO transport/p2p.cc:430 Cuda Alloc Size 6291456 pointer 0x146677a00000
x3012c0s13b1n0:6644:11967 [1] NCCL INFO New proxy recv connection 1 from local rank 1, transport 2
x3012c0s13b1n0:6646:11814 [3] NCCL INFO Connection to proxy localRank 3 -> connection 0x154a90000c80
x3012c0s13b1n0:6646:11966 [3] NCCL INFO transport/p2p.cc:449 Cuda Alloc Size 6291456 pointer 0x154acb600000
x3012c0s13b1n0:6643:11812 [0] NCCL INFO Channel 01/0 : 4[7000] -> 6[85000] via P2P/IPC/read
x3012c0s13b1n0:6643:11963 [0] NCCL INFO New proxy send connection 1 from local rank 0, transport 0
x3012c0s13b1n0:6644:11822 [1] NCCL INFO Connection to proxy localRank 1 -> connection 0x14a700000cc0
x3012c0s13b1n0:6643:11812 [0] NCCL INFO Connection to proxy localRank 0 -> connection 0x14663c000cc0
x3012c0s13b1n0:6643:11963 [0] NCCL INFO transport/p2p.cc:430 Cuda Alloc Size 6291456 pointer 0x1466bb800000
x3012c0s13b1n0:6645:11808 [2] NCCL INFO Connection to proxy localRank 2 -> connection 0x14b1bc000cc0
x3012c0s13b1n0:6645:11974 [2] NCCL INFO transport/p2p.cc:430 Cuda Alloc Size 6291456 pointer 0x14b224600000
x3012c0s13b1n0:6646:11966 [3] NCCL INFO New proxy recv connection 1 from local rank 3, transport 0
x3012c0s13b1n0:6644:11822 [1] NCCL INFO Channel 01/0 : 3[c7000] -> 5[46000] [receive] via NET/IB/0
x3012c0s13b1n0:6644:11822 [1] NCCL INFO GPU Direct RDMA Disabled for GPU 46000 / HCA 1 (distance 6 > 4)
x3012c0s13b1n0:6644:11967 [1] NCCL INFO New proxy recv connection 2 from local rank 1, transport 2
x3012c0s13b1n0:6643:11812 [0] NCCL INFO Channel 02/0 : 4[7000] -> 6[85000] via P2P/IPC/read
x3012c0s13b1n0:6643:11963 [0] NCCL INFO New proxy send connection 2 from local rank 0, transport 0
x3012c0s13b1n0:6645:11808 [2] NCCL INFO Channel 02/0 : 6[85000] -> 7[c7000] via P2P/IPC/read
x3012c0s13b1n0:6645:11974 [2] NCCL INFO New proxy send connection 2 from local rank 2, transport 0
x3012c0s13b1n0:6646:11814 [3] NCCL INFO Connection to proxy localRank 3 -> connection 0x154a90000cc0
x3012c0s13b1n0:6646:11966 [3] NCCL INFO transport/p2p.cc:449 Cuda Alloc Size 6291456 pointer 0x154b0b800000
x3012c0s13b1n0:6644:11822 [1] NCCL INFO Connection to proxy localRank 1 -> connection 0x14a700000d00
x3012c0s13b1n0:6643:11812 [0] NCCL INFO Connection to proxy localRank 0 -> connection 0x14663c000d00
x3012c0s13b1n0:6643:11963 [0] NCCL INFO transport/p2p.cc:430 Cuda Alloc Size 6291456 pointer 0x1466bbe00000
x3012c0s13b1n0:6645:11808 [2] NCCL INFO Connection to proxy localRank 2 -> connection 0x14b1bc000d00
x3012c0s13b1n0:6645:11974 [2] NCCL INFO transport/p2p.cc:430 Cuda Alloc Size 6291456 pointer 0x14b224c00000
x3012c0s13b1n0:6646:11966 [3] NCCL INFO New proxy recv connection 2 from local rank 3, transport 0
x3012c0s13b1n0:6643:11812 [0] NCCL INFO Channel 03/0 : 4[7000] -> 6[85000] via P2P/IPC/read
x3012c0s13b1n0:6643:11963 [0] NCCL INFO New proxy send connection 3 from local rank 0, transport 0
x3012c0s13b1n0:6644:11822 [1] NCCL INFO Channel 02/0 : 3[c7000] -> 5[46000] [receive] via NET/IB/1
x3012c0s13b1n0:6644:11822 [1] NCCL INFO GPU Direct RDMA Disabled for GPU 46000 / HCA 0 (distance 7 > 4)
x3012c0s13b1n0:6644:11967 [1] NCCL INFO New proxy recv connection 3 from local rank 1, transport 2
x3012c0s13b1n0:6645:11808 [2] NCCL INFO Channel 03/0 : 6[85000] -> 7[c7000] via P2P/IPC/read
x3012c0s13b1n0:6645:11974 [2] NCCL INFO New proxy send connection 3 from local rank 2, transport 0
x3012c0s13b1n0:6646:11814 [3] NCCL INFO Connection to proxy localRank 3 -> connection 0x154a90000d00
x3012c0s13b1n0:6646:11966 [3] NCCL INFO transport/p2p.cc:449 Cuda Alloc Size 6291456 pointer 0x154b0be00000
x3012c0s13b1n0:6643:11812 [0] NCCL INFO Connection to proxy localRank 0 -> connection 0x14663c000d40
x3012c0s13b1n0:6643:11963 [0] NCCL INFO transport/p2p.cc:430 Cuda Alloc Size 6291456 pointer 0x1466bc400000
x3012c0s13b1n0:6644:11822 [1] NCCL INFO Connection to proxy localRank 1 -> connection 0x14a700000d40
x3012c0s13b1n0:6644:11822 [1] NCCL INFO Channel 03/0 : 3[c7000] -> 5[46000] [receive] via NET/IB/0
x3012c0s13b1n0:6645:11808 [2] NCCL INFO Connection to proxy localRank 2 -> connection 0x14b1bc000d40
x3012c0s13b1n0:6645:11974 [2] NCCL INFO transport/p2p.cc:430 Cuda Alloc Size 6291456 pointer 0x14b225200000
x3012c0s13b1n0:6646:11966 [3] NCCL INFO New proxy recv connection 3 from local rank 3, transport 0
x3012c0s13b1n0:6646:11814 [3] NCCL INFO Connection to proxy localRank 3 -> connection 0x154a90000d40
x3012c0s13b1n0:6646:11966 [3] NCCL INFO transport/p2p.cc:449 Cuda Alloc Size 6291456 pointer 0x154b0c400000
x3012c0s13b1n0:6646:11814 [3] NCCL INFO GPU Direct RDMA Disabled for GPU c7000 / HCA 1 (distance 7 > 4)
x3012c0s13b1n0:6646:11966 [3] NCCL INFO Allocated 4194656 bytes of shared memory in /dev/shm/nccl-9DoK3K

x3012c0s13b1n0:6646:11966 [3] NCCL INFO New proxy send connection 4 from local rank 3, transport 2
x3012c0s13b1n0:6645:11974 [2] NCCL INFO New proxy recv connection 4 from local rank 2, transport 0
x3012c0s13b1n0:6646:11814 [3] NCCL INFO Connection to proxy localRank 3 -> connection 0x154a90000d80
x3012c0s13b1n0:6646:11814 [3] NCCL INFO Channel 00/0 : 7[c7000] -> 9[46000] [send] via NET/IB/1
x3012c0s13b1n0:6646:11814 [3] NCCL INFO GPU Direct RDMA Disabled for GPU c7000 / HCA 0 (distance 6 > 4)
x3012c0s13b1n0:6646:11966 [3] NCCL INFO New proxy send connection 5 from local rank 3, transport 2
x3012c0s13b1n0:6645:11808 [2] NCCL INFO Connection to proxy localRank 2 -> connection 0x14b1bc000d80
x3012c0s13b1n0:6645:11974 [2] NCCL INFO transport/p2p.cc:449 Cuda Alloc Size 6291456 pointer 0x14b257400000
x3012c0s13b1n0:6646:11814 [3] NCCL INFO Connection to proxy localRank 3 -> connection 0x154a90000dc0
x3012c0s13b1n0:6646:11814 [3] NCCL INFO Channel 01/0 : 7[c7000] -> 9[46000] [send] via NET/IB/0
x3012c0s13b1n0:6646:11814 [3] NCCL INFO GPU Direct RDMA Disabled for GPU c7000 / HCA 1 (distance 7 > 4)
x3012c0s13b1n0:6646:11966 [3] NCCL INFO New proxy send connection 6 from local rank 3, transport 2
x3012c0s13b1n0:6645:11974 [2] NCCL INFO New proxy recv connection 5 from local rank 2, transport 0
x3012c0s13b1n0:6646:11814 [3] NCCL INFO Connection to proxy localRank 3 -> connection 0x154a90000e00
x3012c0s13b1n0:6646:11814 [3] NCCL INFO Channel 02/0 : 7[c7000] -> 9[46000] [send] via NET/IB/1
x3012c0s13b1n0:6646:11814 [3] NCCL INFO GPU Direct RDMA Disabled for GPU c7000 / HCA 0 (distance 6 > 4)
x3012c0s13b1n0:6646:11966 [3] NCCL INFO New proxy send connection 7 from local rank 3, transport 2
x3012c0s13b1n0:6644:11967 [1] NCCL INFO transport/net_ib.cc:683 Ib Alloc Size 21688 pointer 0x14a70001d000
x3012c0s13b1n0:6644:11967 [1] NCCL INFO transport/net_ib.cc:696 Ib Alloc Size 552 pointer 0x14a700024000
x3012c0s13b1n0:6644:11967 [1] NCCL INFO transport/net_ib.cc:771 Ib Alloc Size 552 pointer 0x14a700041000
x3012c0s13b1n0:6644:11967 [1] NCCL INFO transport/net.cc:698 Cuda Host Alloc Size 9641984 pointer 0x14a774000000
x3012c0s13b1n0:6644:11967 [1] NCCL INFO transport/net_ib.cc:683 Ib Alloc Size 21688 pointer 0x14a700043000
x3012c0s13b1n0:6646:11814 [3] NCCL INFO Connection to proxy localRank 3 -> connection 0x154a90000e40
x3012c0s13b1n0:6646:11814 [3] NCCL INFO Channel 03/0 : 7[c7000] -> 9[46000] [send] via NET/IB/0
x3012c0s13b1n0:6646:11966 [3] NCCL INFO transport/net_ib.cc:596 Ib Alloc Size 26560 pointer 0x154a90020000
x3012c0s13b1n0:6646:11966 [3] NCCL INFO NET/IB: Dev 1 Port 1 qpn 24036 mtu 5 GID 0 (80FE/CC1100FEFF000000)
x3012c0s13b1n0:6646:11966 [3] NCCL INFO transport/net_ib.cc:653 Ib Alloc Size 552 pointer 0x154a90038000
x3012c0s13b1n0:6646:11966 [3] NCCL INFO transport/net.cc:571 Cuda Host Alloc Size 9641984 pointer 0x154a96c00000
x3012c0s13b1n0:6645:11808 [2] NCCL INFO Connection to proxy localRank 2 -> connection 0x14b1bc000dc0
x3012c0s13b1n0:6645:11974 [2] NCCL INFO transport/p2p.cc:449 Cuda Alloc Size 6291456 pointer 0x14b257a00000
x3012c0s13b1n0:6644:11967 [1] NCCL INFO transport/net_ib.cc:696 Ib Alloc Size 552 pointer 0x14a70004a000
x3012c0s13b1n0:6644:11967 [1] NCCL INFO transport/net_ib.cc:771 Ib Alloc Size 552 pointer 0x14a700065000
x3012c0s13b1n0:6644:11967 [1] NCCL INFO transport/net.cc:698 Cuda Host Alloc Size 9641984 pointer 0x14a774a00000
x3012c0s13b1n0:6646:11966 [3] NCCL INFO transport/net_ib.cc:596 Ib Alloc Size 26560 pointer 0x154a9003a000
x3012c0s13b1n0:6645:11974 [2] NCCL INFO New proxy recv connection 6 from local rank 2, transport 0
x3012c0s13b1n0:6646:11966 [3] NCCL INFO NET/IB: Dev 0 Port 1 qpn 24763 mtu 5 GID 0 (80FE/8D1100FEFF000000)
x3012c0s13b1n0:6646:11966 [3] NCCL INFO transport/net_ib.cc:653 Ib Alloc Size 552 pointer 0x154a90051000
x3012c0s13b1n0:6646:11966 [3] NCCL INFO transport/net.cc:571 Cuda Host Alloc Size 9641984 pointer 0x154a97600000
x3012c0s13b1n0:6646:11966 [3] NCCL INFO transport/net_ib.cc:596 Ib Alloc Size 26560 pointer 0x154a90053000
x3012c0s13b1n0:6645:11808 [2] NCCL INFO Connection to proxy localRank 2 -> connection 0x14b1bc000e00
x3012c0s13b1n0:6644:11967 [1] NCCL INFO transport/net_ib.cc:683 Ib Alloc Size 21688 pointer 0x14a700067000
x3012c0s13b1n0:6644:11967 [1] NCCL INFO transport/net_ib.cc:696 Ib Alloc Size 552 pointer 0x14a70006e000
x3012c0s13b1n0:6645:11974 [2] NCCL INFO transport/p2p.cc:449 Cuda Alloc Size 6291456 pointer 0x14b25f800000
x3012c0s13b1n0:6646:11966 [3] NCCL INFO NET/IB: Dev 1 Port 1 qpn 24037 mtu 5 GID 0 (80FE/CC1100FEFF000000)
x3012c0s13b1n0:6646:11966 [3] NCCL INFO transport/net_ib.cc:653 Ib Alloc Size 552 pointer 0x154a9006a000
x3012c0s13b1n0:6646:11966 [3] NCCL INFO transport/net.cc:571 Cuda Host Alloc Size 9641984 pointer 0x154a8a000000
x3012c0s13b1n0:6644:11967 [1] NCCL INFO transport/net_ib.cc:771 Ib Alloc Size 552 pointer 0x14a700089000
x3012c0s13b1n0:6644:11967 [1] NCCL INFO transport/net.cc:698 Cuda Host Alloc Size 9641984 pointer 0x14a6fa000000
x3012c0s13b1n0:6645:11974 [2] NCCL INFO New proxy recv connection 7 from local rank 2, transport 0
x3012c0s13b1n0:6646:11966 [3] NCCL INFO transport/net_ib.cc:596 Ib Alloc Size 26560 pointer 0x154a9006c000
x3012c0s13b1n0:6646:11966 [3] NCCL INFO NET/IB: Dev 0 Port 1 qpn 24764 mtu 5 GID 0 (80FE/8D1100FEFF000000)
x3012c0s13b1n0:6646:11966 [3] NCCL INFO transport/net_ib.cc:653 Ib Alloc Size 552 pointer 0x154a90083000
x3012c0s13b1n0:6646:11966 [3] NCCL INFO transport/net.cc:571 Cuda Host Alloc Size 9641984 pointer 0x154a8aa00000
x3012c0s13b1n0:6646:11814 [3] NCCL INFO Connected all rings
x3012c0s13b1n0:6646:11814 [3] NCCL INFO Channel 00/0 : 7[c7000] -> 6[85000] via P2P/IPC/read
x3012c0s13b1n0:6645:11808 [2] NCCL INFO Connection to proxy localRank 2 -> connection 0x14b1bc000e40
x3012c0s13b1n0:6645:11974 [2] NCCL INFO transport/p2p.cc:449 Cuda Alloc Size 6291456 pointer 0x14b1c2000000
x3012c0s13b1n0:6644:11967 [1] NCCL INFO transport/net_ib.cc:683 Ib Alloc Size 21688 pointer 0x14a70008b000
x3012c0s13b1n0:6644:11967 [1] NCCL INFO transport/net_ib.cc:696 Ib Alloc Size 552 pointer 0x14a700092000
x3012c0s13b1n0:6644:11967 [1] NCCL INFO transport/net_ib.cc:771 Ib Alloc Size 552 pointer 0x14a7000ad000
x3012c0s13b1n0:6644:11967 [1] NCCL INFO transport/net.cc:698 Cuda Host Alloc Size 9641984 pointer 0x14a6faa00000
x3012c0s13b1n0:6645:11808 [2] NCCL INFO Connected all rings
x3012c0s13b1n0:6645:11974 [2] NCCL INFO New proxy recv connection 8 from local rank 2, transport 0
x3012c0s13b1n0:6643:11963 [0] NCCL INFO New proxy recv connection 4 from local rank 0, transport 0
x3012c0s13b1n0:6646:11966 [3] NCCL INFO New proxy send connection 8 from local rank 3, transport 0
x3012c0s13b1n0:6644:11822 [1] NCCL INFO Channel 00/0 : 5[46000] -> 4[7000] via P2P/IPC/read
x3012c0s13b1n0:6644:11967 [1] NCCL INFO New proxy send connection 4 from local rank 1, transport 0
x3012c0s13b1n0:6643:11812 [0] NCCL INFO Connection to proxy localRank 0 -> connection 0x14663c000d80
x3012c0s13b1n0:6643:11963 [0] NCCL INFO transport/p2p.cc:449 Cuda Alloc Size 6291456 pointer 0x146642c00000
x3012c0s13b1n0:6645:11808 [2] NCCL INFO Connection to proxy localRank 2 -> connection 0x14b1bc000e80
x3012c0s13b1n0:6645:11974 [2] NCCL INFO transport/p2p.cc:449 Cuda Alloc Size 6291456 pointer 0x14b1ba000000
x3012c0s13b1n0:6645:11974 [2] NCCL INFO New proxy recv connection 9 from local rank 2, transport 0
x3012c0s13b1n0:6646:11814 [3] NCCL INFO Connection to proxy localRank 3 -> connection 0x154a90000e80
x3012c0s13b1n0:6646:11966 [3] NCCL INFO transport/p2p.cc:430 Cuda Alloc Size 6291456 pointer 0x154a8b400000
x3012c0s13b1n0:6644:11822 [1] NCCL INFO Connection to proxy localRank 1 -> connection 0x14a700000d80
x3012c0s13b1n0:6644:11967 [1] NCCL INFO transport/p2p.cc:430 Cuda Alloc Size 6291456 pointer 0x14a6fb400000
x3012c0s13b1n0:6644:11822 [1] NCCL INFO Channel 01/0 : 5[46000] -> 4[7000] via P2P/IPC/read
x3012c0s13b1n0:6644:11967 [1] NCCL INFO New proxy send connection 5 from local rank 1, transport 0
x3012c0s13b1n0:6644:11822 [1] NCCL INFO Connection to proxy localRank 1 -> connection 0x14a700000dc0
x3012c0s13b1n0:6643:11963 [0] NCCL INFO New proxy recv connection 5 from local rank 0, transport 0
x3012c0s13b1n0:6645:11808 [2] NCCL INFO Connection to proxy localRank 2 -> connection 0x14b1bc000ec0
x3012c0s13b1n0:6645:11974 [2] NCCL INFO transport/p2p.cc:449 Cuda Alloc Size 6291456 pointer 0x14b1ba600000
x3012c0s13b1n0:6646:11814 [3] NCCL INFO Channel 01/0 : 7[c7000] -> 6[85000] via P2P/IPC/read
x3012c0s13b1n0:6646:11966 [3] NCCL INFO New proxy send connection 9 from local rank 3, transport 0
x3012c0s13b1n0:6644:11967 [1] NCCL INFO transport/p2p.cc:430 Cuda Alloc Size 6291456 pointer 0x14a6fba00000
x3012c0s13b1n0:6643:11812 [0] NCCL INFO Connection to proxy localRank 0 -> connection 0x14663c000dc0
x3012c0s13b1n0:6643:11963 [0] NCCL INFO transport/p2p.cc:449 Cuda Alloc Size 6291456 pointer 0x146643200000
x3012c0s13b1n0:6644:11822 [1] NCCL INFO Channel 02/0 : 5[46000] -> 4[7000] via P2P/IPC/read
x3012c0s13b1n0:6644:11967 [1] NCCL INFO New proxy send connection 6 from local rank 1, transport 0
x3012c0s13b1n0:6645:11974 [2] NCCL INFO New proxy recv connection 10 from local rank 2, transport 0
x3012c0s13b1n0:6644:11822 [1] NCCL INFO Connection to proxy localRank 1 -> connection 0x14a700000e00
x3012c0s13b1n0:6644:11967 [1] NCCL INFO transport/p2p.cc:430 Cuda Alloc Size 6291456 pointer 0x14a735a00000
x3012c0s13b1n0:6643:11963 [0] NCCL INFO New proxy recv connection 6 from local rank 0, transport 0
x3012c0s13b1n0:6646:11814 [3] NCCL INFO Connection to proxy localRank 3 -> connection 0x154a90000ec0
x3012c0s13b1n0:6646:11966 [3] NCCL INFO transport/p2p.cc:430 Cuda Alloc Size 6291456 pointer 0x154a8ba00000
x3012c0s13b1n0:6645:11808 [2] NCCL INFO Connection to proxy localRank 2 -> connection 0x14b1bc000f00
x3012c0s13b1n0:6645:11974 [2] NCCL INFO transport/p2p.cc:449 Cuda Alloc Size 6291456 pointer 0x14b1bac00000
x3012c0s13b1n0:6644:11822 [1] NCCL INFO Channel 03/0 : 5[46000] -> 4[7000] via P2P/IPC/read
x3012c0s13b1n0:6644:11967 [1] NCCL INFO New proxy send connection 7 from local rank 1, transport 0
x3012c0s13b1n0:6643:11812 [0] NCCL INFO Connection to proxy localRank 0 -> connection 0x14663c000e00
x3012c0s13b1n0:6643:11963 [0] NCCL INFO transport/p2p.cc:449 Cuda Alloc Size 6291456 pointer 0x146643800000
x3012c0s13b1n0:6646:11814 [3] NCCL INFO Channel 02/0 : 7[c7000] -> 6[85000] via P2P/IPC/read
x3012c0s13b1n0:6646:11966 [3] NCCL INFO New proxy send connection 10 from local rank 3, transport 0
x3012c0s13b1n0:6643:11963 [0] NCCL INFO New proxy recv connection 7 from local rank 0, transport 0
x3012c0s13b1n0:6643:11812 [0] NCCL INFO Connection to proxy localRank 0 -> connection 0x14663c000e40
x3012c0s13b1n0:6645:11974 [2] NCCL INFO New proxy recv connection 11 from local rank 2, transport 0
x3012c0s13b1n0:6644:11822 [1] NCCL INFO Connection to proxy localRank 1 -> connection 0x14a700000e40
x3012c0s13b1n0:6644:11967 [1] NCCL INFO transport/p2p.cc:430 Cuda Alloc Size 6291456 pointer 0x14a775400000
x3012c0s13b1n0:6643:11963 [0] NCCL INFO transport/p2p.cc:449 Cuda Alloc Size 6291456 pointer 0x14663a000000
x3012c0s13b1n0:6646:11814 [3] NCCL INFO Connection to proxy localRank 3 -> connection 0x154a90000f00
x3012c0s13b1n0:6646:11966 [3] NCCL INFO transport/p2p.cc:430 Cuda Alloc Size 6291456 pointer 0x154a88000000
x3012c0s13b1n0:6645:11808 [2] NCCL INFO Connection to proxy localRank 2 -> connection 0x14b1bc000f40
x3012c0s13b1n0:6645:11974 [2] NCCL INFO transport/p2p.cc:449 Cuda Alloc Size 6291456 pointer 0x14b1bb200000
x3012c0s13b1n0:6646:11814 [3] NCCL INFO Channel 03/0 : 7[c7000] -> 6[85000] via P2P/IPC/read
x3012c0s13b1n0:6646:11966 [3] NCCL INFO New proxy send connection 11 from local rank 3, transport 0
x3012c0s13b1n0:6643:11812 [0] NCCL INFO Connected all rings
x3012c0s13b1n0:6643:11812 [0] NCCL INFO Channel 00/0 : 4[7000] -> 5[46000] via P2P/IPC/read
x3012c0s13b1n0:6644:11822 [1] NCCL INFO Connected all rings
x3012c0s13b1n0:6644:11967 [1] NCCL INFO New proxy recv connection 8 from local rank 1, transport 0
x3012c0s13b1n0:6643:11963 [0] NCCL INFO New proxy send connection 8 from local rank 0, transport 0
x3012c0s13b1n0:6644:11822 [1] NCCL INFO Connection to proxy localRank 1 -> connection 0x14a700000e80
x3012c0s13b1n0:6644:11967 [1] NCCL INFO transport/p2p.cc:449 Cuda Alloc Size 6291456 pointer 0x14a6f3800000
x3012c0s13b1n0:6643:11812 [0] NCCL INFO Connection to proxy localRank 0 -> connection 0x14663c000e80
x3012c0s13b1n0:6643:11963 [0] NCCL INFO transport/p2p.cc:430 Cuda Alloc Size 6291456 pointer 0x146638000000
x3012c0s13b1n0:6646:11814 [3] NCCL INFO Connection to proxy localRank 3 -> connection 0x154a90000f40
x3012c0s13b1n0:6646:11966 [3] NCCL INFO transport/p2p.cc:430 Cuda Alloc Size 6291456 pointer 0x154a88600000
x3012c0s13b1n0:6643:11812 [0] NCCL INFO Channel 01/0 : 4[7000] -> 5[46000] via P2P/IPC/read
x3012c0s13b1n0:6643:11963 [0] NCCL INFO New proxy send connection 9 from local rank 0, transport 0
x3012c0s13b1n0:6644:11967 [1] NCCL INFO New proxy recv connection 9 from local rank 1, transport 0
x3012c0s13b1n0:6643:11812 [0] NCCL INFO Connection to proxy localRank 0 -> connection 0x14663c000ec0
x3012c0s13b1n0:6643:11963 [0] NCCL INFO transport/p2p.cc:430 Cuda Alloc Size 6291456 pointer 0x146638600000
x3012c0s13b1n0:6644:11822 [1] NCCL INFO Connection to proxy localRank 1 -> connection 0x14a700000ec0
x3012c0s13b1n0:6644:11967 [1] NCCL INFO transport/p2p.cc:449 Cuda Alloc Size 6291456 pointer 0x14a6f0000000
x3012c0s13b1n0:6643:11812 [0] NCCL INFO Channel 02/0 : 4[7000] -> 5[46000] via P2P/IPC/read
x3012c0s13b1n0:6643:11963 [0] NCCL INFO New proxy send connection 10 from local rank 0, transport 0
x3012c0s13b1n0:6644:11967 [1] NCCL INFO New proxy recv connection 10 from local rank 1, transport 0
x3012c0s13b1n0:6643:11812 [0] NCCL INFO Connection to proxy localRank 0 -> connection 0x14663c000f00
x3012c0s13b1n0:6643:11963 [0] NCCL INFO transport/p2p.cc:430 Cuda Alloc Size 6291456 pointer 0x146638c00000
x3012c0s13b1n0:6644:11822 [1] NCCL INFO Connection to proxy localRank 1 -> connection 0x14a700000f00
x3012c0s13b1n0:6644:11967 [1] NCCL INFO transport/p2p.cc:449 Cuda Alloc Size 6291456 pointer 0x14a6f0600000
x3012c0s13b1n0:6643:11812 [0] NCCL INFO Channel 03/0 : 4[7000] -> 5[46000] via P2P/IPC/read
x3012c0s13b1n0:6643:11963 [0] NCCL INFO New proxy send connection 11 from local rank 0, transport 0
x3012c0s13b1n0:6644:11967 [1] NCCL INFO New proxy recv connection 11 from local rank 1, transport 0
x3012c0s13b1n0:6643:11812 [0] NCCL INFO Connection to proxy localRank 0 -> connection 0x14663c000f40
x3012c0s13b1n0:6643:11963 [0] NCCL INFO transport/p2p.cc:430 Cuda Alloc Size 6291456 pointer 0x146639200000
x3012c0s13b1n0:6644:11822 [1] NCCL INFO Connection to proxy localRank 1 -> connection 0x14a700000f40
x3012c0s13b1n0:6644:11967 [1] NCCL INFO transport/p2p.cc:449 Cuda Alloc Size 6291456 pointer 0x14a6f0c00000
x3012c0s13b1n0:6644:11822 [1] NCCL INFO Channel 00/0 : 5[46000] -> 6[85000] via P2P/IPC/read
x3012c0s13b1n0:6644:11967 [1] NCCL INFO New proxy send connection 12 from local rank 1, transport 0
x3012c0s13b1n0:6644:11822 [1] NCCL INFO Connection to proxy localRank 1 -> connection 0x14a700000f80
x3012c0s13b1n0:6644:11967 [1] NCCL INFO transport/p2p.cc:430 Cuda Alloc Size 6291456 pointer 0x14a6f1200000
x3012c0s13b1n0:6644:11822 [1] NCCL INFO Channel 01/0 : 5[46000] -> 6[85000] via P2P/IPC/read
x3012c0s13b1n0:6644:11967 [1] NCCL INFO New proxy send connection 13 from local rank 1, transport 0
x3012c0s13b1n0:6644:11822 [1] NCCL INFO Connection to proxy localRank 1 -> connection 0x14a700000fc0
x3012c0s13b1n0:6644:11967 [1] NCCL INFO transport/p2p.cc:430 Cuda Alloc Size 6291456 pointer 0x14a6f1800000
x3012c0s13b1n0:6644:11822 [1] NCCL INFO Channel 02/0 : 5[46000] -> 6[85000] via P2P/IPC/read
x3012c0s13b1n0:6644:11967 [1] NCCL INFO New proxy send connection 14 from local rank 1, transport 0
x3012c0s13b1n0:6644:11822 [1] NCCL INFO Connection to proxy localRank 1 -> connection 0x14a700001000
x3012c0s13b1n0:6644:11967 [1] NCCL INFO transport/p2p.cc:430 Cuda Alloc Size 6291456 pointer 0x14a6ee000000
x3012c0s13b1n0:6644:11822 [1] NCCL INFO Channel 03/0 : 5[46000] -> 6[85000] via P2P/IPC/read
x3012c0s13b1n0:6644:11967 [1] NCCL INFO New proxy send connection 15 from local rank 1, transport 0
x3012c0s13b1n0:6644:11822 [1] NCCL INFO Connection to proxy localRank 1 -> connection 0x14a700001040
x3012c0s13b1n0:6644:11967 [1] NCCL INFO transport/p2p.cc:430 Cuda Alloc Size 6291456 pointer 0x14a6ee600000
x3012c0s13b1n0:6645:11974 [2] NCCL INFO New proxy recv connection 12 from local rank 2, transport 0
x3012c0s13b1n0:6643:11812 [0] NCCL INFO GPU Direct RDMA Disabled for GPU 7000 / HCA 1 (distance 7 > 4)
x3012c0s13b1n0:6643:11963 [0] NCCL INFO Allocated 4194656 bytes of shared memory in /dev/shm/nccl-LoWr9t

x3012c0s13b1n0:6643:11963 [0] NCCL INFO New proxy recv connection 12 from local rank 0, transport 2
x3012c0s13b1n0:6643:11812 [0] NCCL INFO Connection to proxy localRank 0 -> connection 0x14663c000f80
x3012c0s13b1n0:6644:11967 [1] NCCL INFO New proxy recv connection 16 from local rank 1, transport 0
x3012c0s13b1n0:6645:11808 [2] NCCL INFO Connection to proxy localRank 2 -> connection 0x14b1bc000f80
x3012c0s13b1n0:6645:11974 [2] NCCL INFO transport/p2p.cc:449 Cuda Alloc Size 6291456 pointer 0x14b1b9200000
x3012c0s13b1n0:6643:11812 [0] NCCL INFO Channel 02/0 : 0[7000] -> 4[7000] [receive] via NET/IB/1
x3012c0s13b1n0:6643:11812 [0] NCCL INFO GPU Direct RDMA Disabled for GPU 7000 / HCA 0 (distance 7 > 4)
x3012c0s13b1n0:6643:11963 [0] NCCL INFO New proxy recv connection 13 from local rank 0, transport 2
x3012c0s13b1n0:6644:11822 [1] NCCL INFO Connection to proxy localRank 1 -> connection 0x14a700001080
x3012c0s13b1n0:6644:11967 [1] NCCL INFO transport/p2p.cc:449 Cuda Alloc Size 6291456 pointer 0x14a6ea000000
x3012c0s13b1n0:6645:11974 [2] NCCL INFO New proxy recv connection 13 from local rank 2, transport 0
x3012c0s13b1n0:6643:11812 [0] NCCL INFO Connection to proxy localRank 0 -> connection 0x14663c000fc0
x3012c0s13b1n0:6644:11967 [1] NCCL INFO New proxy recv connection 17 from local rank 1, transport 0
x3012c0s13b1n0:6645:11808 [2] NCCL INFO Connection to proxy localRank 2 -> connection 0x14b1bc000fc0
x3012c0s13b1n0:6645:11974 [2] NCCL INFO transport/p2p.cc:449 Cuda Alloc Size 6291456 pointer 0x14b1b9800000
x3012c0s13b1n0:6644:11822 [1] NCCL INFO Connection to proxy localRank 1 -> connection 0x14a7000010c0
x3012c0s13b1n0:6644:11967 [1] NCCL INFO transport/p2p.cc:449 Cuda Alloc Size 6291456 pointer 0x14a6ea600000
x3012c0s13b1n0:6643:11812 [0] NCCL INFO Channel 03/0 : 0[7000] -> 4[7000] [receive] via NET/IB/0
x3012c0s13b1n0:6645:11974 [2] NCCL INFO New proxy recv connection 14 from local rank 2, transport 0
x3012c0s13b1n0:6644:11967 [1] NCCL INFO New proxy recv connection 18 from local rank 1, transport 0
x3012c0s13b1n0:6645:11808 [2] NCCL INFO Connection to proxy localRank 2 -> connection 0x14b1bc001000
x3012c0s13b1n0:6645:11974 [2] NCCL INFO transport/p2p.cc:449 Cuda Alloc Size 6291456 pointer 0x14b1b6000000
x3012c0s13b1n0:6644:11822 [1] NCCL INFO Connection to proxy localRank 1 -> connection 0x14a700001100
x3012c0s13b1n0:6644:11967 [1] NCCL INFO transport/p2p.cc:449 Cuda Alloc Size 6291456 pointer 0x14a6eac00000
x3012c0s13b1n0:6645:11974 [2] NCCL INFO New proxy recv connection 15 from local rank 2, transport 0
x3012c0s13b1n0:6645:11808 [2] NCCL INFO Connection to proxy localRank 2 -> connection 0x14b1bc001040
x3012c0s13b1n0:6645:11974 [2] NCCL INFO transport/p2p.cc:449 Cuda Alloc Size 6291456 pointer 0x14b1b6600000
x3012c0s13b1n0:6644:11967 [1] NCCL INFO New proxy recv connection 19 from local rank 1, transport 0
x3012c0s13b1n0:6643:11963 [0] NCCL INFO transport/net_ib.cc:683 Ib Alloc Size 21688 pointer 0x14663c01b000
x3012c0s13b1n0:6645:11808 [2] NCCL INFO Channel 00/0 : 6[85000] -> 5[46000] via P2P/IPC/read
x3012c0s13b1n0:6645:11974 [2] NCCL INFO New proxy send connection 16 from local rank 2, transport 0
x3012c0s13b1n0:6644:11822 [1] NCCL INFO Connection to proxy localRank 1 -> connection 0x14a700001140
x3012c0s13b1n0:6644:11967 [1] NCCL INFO transport/p2p.cc:449 Cuda Alloc Size 6291456 pointer 0x14a6eb200000
x3012c0s13b1n0:6645:11808 [2] NCCL INFO Connection to proxy localRank 2 -> connection 0x14b1bc001080
x3012c0s13b1n0:6645:11974 [2] NCCL INFO transport/p2p.cc:430 Cuda Alloc Size 6291456 pointer 0x14b1b6c00000
x3012c0s13b1n0:6645:11808 [2] NCCL INFO Channel 01/0 : 6[85000] -> 5[46000] via P2P/IPC/read
x3012c0s13b1n0:6645:11974 [2] NCCL INFO New proxy send connection 17 from local rank 2, transport 0
x3012c0s13b1n0:6645:11808 [2] NCCL INFO Connection to proxy localRank 2 -> connection 0x14b1bc0010c0
x3012c0s13b1n0:6645:11974 [2] NCCL INFO transport/p2p.cc:430 Cuda Alloc Size 6291456 pointer 0x14b1b7200000
x3012c0s13b1n0:6645:11808 [2] NCCL INFO Channel 02/0 : 6[85000] -> 5[46000] via P2P/IPC/read
x3012c0s13b1n0:6645:11974 [2] NCCL INFO New proxy send connection 18 from local rank 2, transport 0
x3012c0s13b1n0:6643:11963 [0] NCCL INFO transport/net_ib.cc:696 Ib Alloc Size 552 pointer 0x14663c022000
x3012c0s13b1n0:6643:11963 [0] NCCL INFO transport/net_ib.cc:771 Ib Alloc Size 552 pointer 0x14663c03f000
x3012c0s13b1n0:6643:11963 [0] NCCL INFO transport/net.cc:698 Cuda Host Alloc Size 9641984 pointer 0x146637200000
x3012c0s13b1n0:6645:11808 [2] NCCL INFO Connection to proxy localRank 2 -> connection 0x14b1bc001100
x3012c0s13b1n0:6645:11974 [2] NCCL INFO transport/p2p.cc:430 Cuda Alloc Size 6291456 pointer 0x14b1b7800000
x3012c0s13b1n0:6643:11963 [0] NCCL INFO transport/net_ib.cc:683 Ib Alloc Size 21688 pointer 0x14663c041000
x3012c0s13b1n0:6643:11963 [0] NCCL INFO transport/net_ib.cc:696 Ib Alloc Size 552 pointer 0x14663c048000
x3012c0s13b1n0:6643:11963 [0] NCCL INFO transport/net_ib.cc:771 Ib Alloc Size 552 pointer 0x14663c064000
x3012c0s13b1n0:6643:11963 [0] NCCL INFO transport/net.cc:698 Cuda Host Alloc Size 9641984 pointer 0x14662e000000
x3012c0s13b1n0:6645:11808 [2] NCCL INFO Channel 03/0 : 6[85000] -> 5[46000] via P2P/IPC/read
x3012c0s13b1n0:6645:11974 [2] NCCL INFO New proxy send connection 19 from local rank 2, transport 0
x3012c0s13b1n0:6643:11812 [0] NCCL INFO GPU Direct RDMA Disabled for GPU 7000 / HCA 1 (distance 7 > 4)
x3012c0s13b1n0:6643:11963 [0] NCCL INFO New proxy send connection 14 from local rank 0, transport 2
x3012c0s13b1n0:6645:11808 [2] NCCL INFO Connection to proxy localRank 2 -> connection 0x14b1bc001140
x3012c0s13b1n0:6645:11974 [2] NCCL INFO transport/p2p.cc:430 Cuda Alloc Size 6291456 pointer 0x14b1b4000000
x3012c0s13b1n0:6643:11812 [0] NCCL INFO Connection to proxy localRank 0 -> connection 0x14663c001000
x3012c0s13b1n0:6643:11812 [0] NCCL INFO Channel 00/0 : 4[7000] -> 9[46000] [send] via NET/IB/1
x3012c0s13b1n0:6643:11812 [0] NCCL INFO GPU Direct RDMA Disabled for GPU 7000 / HCA 0 (distance 7 > 4)
x3012c0s13b1n0:6643:11963 [0] NCCL INFO New proxy send connection 15 from local rank 0, transport 2
x3012c0s13b1n0:6645:11808 [2] NCCL INFO Connected all trees by HAO
x3012c0s13b1n0:6645:11808 [2] NCCL INFO threadThresholds 8/8/64 | 160/8/64 | 512 | 512
x3012c0s13b1n0:6645:11808 [2] NCCL INFO 4 coll channels, 4 p2p channels, 2 p2p channels per peer
x3012c0s13b1n0:6646:11814 [3] NCCL INFO Connected all trees by HAO
x3012c0s13b1n0:6646:11814 [3] NCCL INFO threadThresholds 8/8/64 | 160/8/64 | 512 | 512
x3012c0s13b1n0:6646:11814 [3] NCCL INFO 4 coll channels, 4 p2p channels, 2 p2p channels per peer
x3012c0s13b1n0:6645:11974 [2] NCCL INFO Allocated 4194656 bytes of shared memory in /dev/shm/nccl-TLXw4E

x3012c0s13b1n0:6645:11974 [2] NCCL INFO New proxy send connection 20 from local rank 2, transport 2
x3012c0s13b1n0:6646:11966 [3] NCCL INFO New proxy send connection 12 from local rank 3, transport 2
x3012c0s13b1n0:6646:11814 [3] NCCL INFO Connection to proxy localRank 3 -> connection 0x154a90000f80
x3012c0s13b1n0:6644:11822 [1] NCCL INFO Connected all trees by HAO
x3012c0s13b1n0:6644:11822 [1] NCCL INFO threadThresholds 8/8/64 | 160/8/64 | 512 | 512
x3012c0s13b1n0:6644:11822 [1] NCCL INFO 4 coll channels, 4 p2p channels, 2 p2p channels per peer
x3012c0s13b1n0:6644:11967 [1] NCCL INFO New proxy send connection 20 from local rank 1, transport 2
x3012c0s13b1n0:6643:11812 [0] NCCL INFO Connection to proxy localRank 0 -> connection 0x14663c001040
x3012c0s13b1n0:6643:11812 [0] NCCL INFO Channel 01/0 : 4[7000] -> 9[46000] [send] via NET/IB/0
x3012c0s13b1n0:6643:11963 [0] NCCL INFO transport/net_ib.cc:596 Ib Alloc Size 26560 pointer 0x14663c070000
x3012c0s13b1n0:6643:11963 [0] NCCL INFO NET/IB: Dev 1 Port 1 qpn 24042 mtu 5 GID 0 (80FE/CC1100FEFF000000)
x3012c0s13b1n0:6643:11963 [0] NCCL INFO transport/net_ib.cc:653 Ib Alloc Size 552 pointer 0x14663c087000
x3012c0s13b1n0:6643:11963 [0] NCCL INFO transport/net.cc:571 Cuda Host Alloc Size 9641984 pointer 0x14662ea00000
x3012c0s13b1n0:6646:11966 [3] NCCL INFO transport/net.cc:376 Cuda Alloc Size 8388608 pointer 0x154a86600000
x3012c0s13b1n0:6644:11822 [1] NCCL INFO Connection to proxy localRank 1 -> connection 0x14a700001180
x3012c0s13b1n0:6644:11967 [1] NCCL INFO transport/net.cc:376 Cuda Alloc Size 8388608 pointer 0x14a6e9200000
x3012c0s13b1n0:6645:11808 [2] NCCL INFO Connection to proxy localRank 2 -> connection 0x14b1bc001180
x3012c0s13b1n0:6645:11974 [2] NCCL INFO transport/net.cc:376 Cuda Alloc Size 8388608 pointer 0x14b1b3800000
x3012c0s13b1n0:6643:11963 [0] NCCL INFO transport/net_ib.cc:596 Ib Alloc Size 26560 pointer 0x14663c089000
x3012c0s13b1n0:6643:11963 [0] NCCL INFO NET/IB: Dev 0 Port 1 qpn 24769 mtu 5 GID 0 (80FE/8D1100FEFF000000)
x3012c0s13b1n0:6643:11963 [0] NCCL INFO transport/net_ib.cc:653 Ib Alloc Size 552 pointer 0x14663c0a0000
x3012c0s13b1n0:6643:11963 [0] NCCL INFO transport/net.cc:571 Cuda Host Alloc Size 9641984 pointer 0x14662f400000
x3012c0s13b1n0:6643:11812 [0] NCCL INFO GPU Direct RDMA Disabled for GPU 7000 / HCA 1 (distance 7 > 4)
x3012c0s13b1n0:6643:11963 [0] NCCL INFO New proxy recv connection 16 from local rank 0, transport 2
x3012c0s13b1n0:6643:11812 [0] NCCL INFO Connection to proxy localRank 0 -> connection 0x14663c001080
x3012c0s13b1n0:6643:11812 [0] NCCL INFO Channel 00/0 : 9[46000] -> 4[7000] [receive] via NET/IB/1
x3012c0s13b1n0:6643:11812 [0] NCCL INFO GPU Direct RDMA Disabled for GPU 7000 / HCA 0 (distance 7 > 4)
x3012c0s13b1n0:6643:11963 [0] NCCL INFO New proxy recv connection 17 from local rank 0, transport 2
x3012c0s13b1n0:6643:11812 [0] NCCL INFO Connection to proxy localRank 0 -> connection 0x14663c0010c0
x3012c0s13b1n0:6643:11812 [0] NCCL INFO Channel 01/0 : 9[46000] -> 4[7000] [receive] via NET/IB/0
x3012c0s13b1n0:6643:11963 [0] NCCL INFO transport/net_ib.cc:683 Ib Alloc Size 21688 pointer 0x14663c0ac000
x3012c0s13b1n0:6643:11963 [0] NCCL INFO transport/net_ib.cc:696 Ib Alloc Size 552 pointer 0x14663c0b3000
x3012c0s13b1n0:6643:11963 [0] NCCL INFO transport/net_ib.cc:771 Ib Alloc Size 552 pointer 0x14663c0ce000
x3012c0s13b1n0:6643:11963 [0] NCCL INFO transport/net.cc:698 Cuda Host Alloc Size 9641984 pointer 0x14662c000000
x3012c0s13b1n0:6643:11963 [0] NCCL INFO transport/net_ib.cc:683 Ib Alloc Size 21688 pointer 0x14663c0d0000
x3012c0s13b1n0:6643:11963 [0] NCCL INFO transport/net_ib.cc:696 Ib Alloc Size 552 pointer 0x14663c0d7000
x3012c0s13b1n0:6643:11963 [0] NCCL INFO transport/net_ib.cc:771 Ib Alloc Size 552 pointer 0x14663c0f2000
x3012c0s13b1n0:6643:11963 [0] NCCL INFO transport/net.cc:698 Cuda Host Alloc Size 9641984 pointer 0x14662ca00000
x3012c0s13b1n0:6643:11812 [0] NCCL INFO GPU Direct RDMA Disabled for GPU 7000 / HCA 1 (distance 7 > 4)
x3012c0s13b1n0:6643:11963 [0] NCCL INFO New proxy send connection 18 from local rank 0, transport 2
x3012c0s13b1n0:6643:11812 [0] NCCL INFO Connection to proxy localRank 0 -> connection 0x14663c001100
x3012c0s13b1n0:6643:11812 [0] NCCL INFO Channel 02/0 : 4[7000] -> 0[7000] [send] via NET/IB/1
x3012c0s13b1n0:6643:11812 [0] NCCL INFO GPU Direct RDMA Disabled for GPU 7000 / HCA 0 (distance 7 > 4)
x3012c0s13b1n0:6643:11963 [0] NCCL INFO New proxy send connection 19 from local rank 0, transport 2
x3012c0s13b1n0:6643:11812 [0] NCCL INFO Connection to proxy localRank 0 -> connection 0x14663c001140
x3012c0s13b1n0:6643:11812 [0] NCCL INFO Channel 03/0 : 4[7000] -> 0[7000] [send] via NET/IB/0
x3012c0s13b1n0:6643:11963 [0] NCCL INFO transport/net_ib.cc:596 Ib Alloc Size 26560 pointer 0x14663c0fe000
x3012c0s13b1n0:6643:11963 [0] NCCL INFO NET/IB: Dev 1 Port 1 qpn 24045 mtu 5 GID 0 (80FE/CC1100FEFF000000)
x3012c0s13b1n0:6643:11963 [0] NCCL INFO transport/net_ib.cc:653 Ib Alloc Size 552 pointer 0x14663c115000
x3012c0s13b1n0:6643:11963 [0] NCCL INFO transport/net.cc:571 Cuda Host Alloc Size 9641984 pointer 0x14662d400000
x3012c0s13b1n0:6643:11963 [0] NCCL INFO transport/net_ib.cc:596 Ib Alloc Size 26560 pointer 0x14663c117000
x3012c0s13b1n0:6643:11963 [0] NCCL INFO NET/IB: Dev 0 Port 1 qpn 24772 mtu 5 GID 0 (80FE/8D1100FEFF000000)
x3012c0s13b1n0:6643:11963 [0] NCCL INFO transport/net_ib.cc:653 Ib Alloc Size 552 pointer 0x14663c12e000
x3012c0s13b1n0:6643:11963 [0] NCCL INFO transport/net.cc:571 Cuda Host Alloc Size 9641984 pointer 0x14662a000000
x3012c0s13b1n0:6643:11812 [0] NCCL INFO Connected all trees by HAO
x3012c0s13b1n0:6643:11812 [0] NCCL INFO threadThresholds 8/8/64 | 160/8/64 | 512 | 512
x3012c0s13b1n0:6643:11812 [0] NCCL INFO 4 coll channels, 4 p2p channels, 2 p2p channels per peer
x3012c0s13b1n0:6643:11963 [0] NCCL INFO New proxy send connection 20 from local rank 0, transport 2
x3012c0s13b1n0:6643:11812 [0] NCCL INFO Connection to proxy localRank 0 -> connection 0x14663c001180
x3012c0s13b1n0:6643:11812 [0] NCCL INFO init.cc:367 Cuda Alloc Size 5168 pointer 0x14669781fc00
x3012c0s13b1n0:6645:11808 [2] NCCL INFO init.cc:367 Cuda Alloc Size 5168 pointer 0x14b23fe1fc00
x3012c0s13b1n0:6645:11808 [2] NCCL INFO init.cc:392 Cuda Host Alloc Size 33554432 pointer 0x14b1aa000000
x3012c0s13b1n0:6645:11808 [2] NCCL INFO init.cc:398 Cuda Host Alloc Size 128 pointer 0x14b23f400a00
x3012c0s13b1n0:6645:11808 [2] NCCL INFO comm 0x5564b2cb1220 rank 6 nranks 20 cudaDev 2 busId 85000 - Init COMPLETE
x3012c0s13b1n0:6643:11812 [0] NCCL INFO init.cc:392 Cuda Host Alloc Size 33554432 pointer 0x146628000000
x3012c0s13b1n0:6643:11812 [0] NCCL INFO init.cc:398 Cuda Host Alloc Size 128 pointer 0x146696e00a00
x3012c0s13b1n0:6643:11812 [0] NCCL INFO comm 0x55c64bdf0c70 rank 4 nranks 20 cudaDev 0 busId 7000 - Init COMPLETE
x3012c0s13b1n0:6643:11963 [0] NCCL INFO transport/net.cc:376 Cuda Alloc Size 8388608 pointer 0x14662aa00000
x3012c0s13b1n0:6644:11822 [1] NCCL INFO init.cc:367 Cuda Alloc Size 5168 pointer 0x14a75181fc00
x3012c0s13b1n0:6646:11814 [3] NCCL INFO init.cc:367 Cuda Alloc Size 5168 pointer 0x154ae781fc00
x3012c0s13b1n0:6645:6645 [2] NCCL INFO AllReduce: opCount 0 sendbuff 0x14b23bc00400 recvbuff 0x14b23bc00400 count 1 datatype 4 op 0 root 0 comm 0x5564b2cb1220 [nranks=20] stream 0x5564b0b89bb0
x3012c0s13b1n0:6645:6645 [2] NCCL INFO misc/utils.cc:235 memory stack hunk malloc(65536)
[LYD INFO in ncclLaunchKernel (enqueue.cc)] NCHANNELS is: 4x3012c0s13b1n0:6646:11814 [3] NCCL INFO init.cc:392 Cuda Host Alloc Size 33554432 pointer 0x154a84000000
x3012c0s13b1n0:6646:11814 [3] NCCL INFO init.cc:398 Cuda Host Alloc Size 128 pointer 0x154ae6e00a00
x3012c0s13b1n0:6646:11814 [3] NCCL INFO comm 0x5654ae357a60 rank 7 nranks 20 cudaDev 3 busId c7000 - Init COMPLETE
x3012c0s13b1n0:6644:11822 [1] NCCL INFO init.cc:392 Cuda Host Alloc Size 33554432 pointer 0x14a6e6000000
x3012c0s13b1n0:6644:11822 [1] NCCL INFO init.cc:398 Cuda Host Alloc Size 128 pointer 0x14a750e00a00
x3012c0s13b1n0:6644:11822 [1] NCCL INFO comm 0x55784af33710 rank 5 nranks 20 cudaDev 1 busId 46000 - Init COMPLETE
x3012c0s13b1n0:6643:6643 [0] NCCL INFO AllReduce: opCount 0 sendbuff 0x1466d7600400 recvbuff 0x1466d7600400 count 1 datatype 4 op 0 root 0 comm 0x55c64bdf0c70 [nranks=20] stream 0x55c648c5ef70
x3012c0s13b1n0:6643:6643 [0] NCCL INFO misc/utils.cc:235 memory stack hunk malloc(65536)
[LYD INFO in ncclLaunchKernel (enqueue.cc)] NCHANNELS is: 4x3012c0s13b1n0:6646:6646 [3] NCCL INFO AllReduce: opCount 0 sendbuff 0x154b27600400 recvbuff 0x154b27600400 count 1 datatype 4 op 0 root 0 comm 0x5654ae357a60 [nranks=20] stream 0x5654acb0a590
x3012c0s13b1n0:6646:6646 [3] NCCL INFO misc/utils.cc:235 memory stack hunk malloc(65536)
[LYD INFO in ncclLaunchKernel (enqueue.cc)] NCHANNELS is: 4x3012c0s13b1n0:6644:6644 [1] NCCL INFO AllReduce: opCount 0 sendbuff 0x14a78f600400 recvbuff 0x14a78f600400 count 1 datatype 4 op 0 root 0 comm 0x55784af33710 [nranks=20] stream 0x55784999b270
x3012c0s13b1n0:6644:6644 [1] NCCL INFO misc/utils.cc:235 memory stack hunk malloc(65536)
[LYD INFO in ncclLaunchKernel (enqueue.cc)] NCHANNELS is: 4
[LYD INFO in NCCL_KERN_NAME (common.h)] 6 AllReduce TREE LL Sum int64_t Elapsed time: 1274258 us

[LYD INFO in NCCL_KERN_NAME (common.h)] 4 AllReduce TREE LL Sum int64_t Elapsed time: 1265610 us

[LYD INFO in NCCL_KERN_NAME (common.h)] 7 AllReduce TREE LL Sum int64_t Elapsed time: 1261637 us

[LYD INFO in NCCL_KERN_NAME (common.h)] 5 AllReduce TREE LL Sum int64_t Elapsed time: 1241637 us
[Hao INFO in ncclAllReduce (all_reduce.cc)] rank 2 ncclAllReduce: count: 1, datatype: ncclInt64, message size: 8 Bytes
x3012c0s13b1n0:6645:6645 [2] NCCL INFO AllReduce: opCount 0 sendbuff 0x14b23bc00400 recvbuff 0x14b23bc00400 count 1 datatype 4 op 0 root 0 comm 0x5564b2a354c0 [nranks=1] stream 0x5564b0b89a70

[LYD INFO in ncclAllReduce (all_reduce.cc)] rank 0 AllReduce Time: 0.000018000 seconds
x3012c0s13b1n0:6645:6645 [2] NCCL INFO AllReduce: opCount 1 sendbuff 0x14b23bc00400 recvbuff 0x14b23bc00400 count 1 datatype 4 op 0 root 0 comm 0x5564b2cb1220 [nranks=20] stream 0x5564b0b89bb0
[LYD INFO in ncclLaunchKernel (enqueue.cc)] NCHANNELS is: 4[Hao INFO in ncclAllReduce (all_reduce.cc)] rank 0 ncclAllReduce: count: 1, datatype: ncclInt64, message size: 8 Bytes
x3012c0s13b1n0:6643:6643 [0] NCCL INFO AllReduce: opCount 0 sendbuff 0x1466d7600400 recvbuff 0x1466d7600400 count 1 datatype 4 op 0 root 0 comm 0x55c64a21c5d0 [nranks=1] stream 0x55c648c5ee30

[LYD INFO in ncclAllReduce (all_reduce.cc)] rank 0 AllReduce Time: 0.000016000 seconds
x3012c0s13b1n0:6643:6643 [0] NCCL INFO AllReduce: opCount 1 sendbuff 0x1466d7600400 recvbuff 0x1466d7600400 count 1 datatype 4 op 0 root 0 comm 0x55c64bdf0c70 [nranks=20] stream 0x55c648c5ef70
[LYD INFO in ncclLaunchKernel (enqueue.cc)] NCHANNELS is: 4[Hao INFO in ncclAllReduce (all_reduce.cc)] rank 3 ncclAllReduce: count: 1, datatype: ncclInt64, message size: 8 Bytes
x3012c0s13b1n0:6646:6646 [3] NCCL INFO AllReduce: opCount 0 sendbuff 0x154b27600400 recvbuff 0x154b27600400 count 1 datatype 4 op 0 root 0 comm 0x5654aeaef4c0 [nranks=1] stream 0x5654acb0a450

[LYD INFO in ncclAllReduce (all_reduce.cc)] rank 0 AllReduce Time: 0.000014000 seconds
x3012c0s13b1n0:6646:6646 [3] NCCL INFO AllReduce: opCount 1 sendbuff 0x154b27600400 recvbuff 0x154b27600400 count 1 datatype 4 op 0 root 0 comm 0x5654ae357a60 [nranks=20] stream 0x5654acb0a590
[LYD INFO in ncclLaunchKernel (enqueue.cc)] NCHANNELS is: 4[Hao INFO in ncclAllReduce (all_reduce.cc)] rank 1 ncclAllReduce: count: 1, datatype: ncclInt64, message size: 8 Bytes
x3012c0s13b1n0:6644:6644 [1] NCCL INFO AllReduce: opCount 0 sendbuff 0x14a78f600400 recvbuff 0x14a78f600400 count 1 datatype 4 op 0 root 0 comm 0x55784cabce20 [nranks=1] stream 0x55784999b130

[LYD INFO in ncclAllReduce (all_reduce.cc)] rank 0 AllReduce Time: 0.000016000 seconds
x3012c0s13b1n0:6644:6644 [1] NCCL INFO AllReduce: opCount 1 sendbuff 0x14a78f600400 recvbuff 0x14a78f600400 count 1 datatype 4 op 0 root 0 comm 0x55784af33710 [nranks=20] stream 0x55784999b270
[LYD INFO in ncclLaunchKernel (enqueue.cc)] NCHANNELS is: 4
[LYD INFO in NCCL_KERN_NAME (common.h)] 4 AllReduce TREE LL Sum int64_t Elapsed time: 100056 us

[LYD INFO in NCCL_KERN_NAME (common.h)] 7 AllReduce TREE LL Sum int64_t Elapsed time: 87493 us

[LYD INFO in NCCL_KERN_NAME (common.h)] 5 AllReduce TREE LL Sum int64_t Elapsed time: 75721 us

[LYD INFO in NCCL_KERN_NAME (common.h)] 6 AllReduce TREE LL Sum int64_t Elapsed time: 110775 us
x3012c0s13b1n0:6646:6646 [3] NCCL INFO init.cc:1147 Cuda Host Alloc Size 4 pointer 0x154ae6e00c00
x3012c0s13b1n0:6646:12584 [3] NCCL INFO Using network IB
x3012c0s13b1n0:6644:6644 [1] NCCL INFO init.cc:1147 Cuda Host Alloc Size 4 pointer 0x14a750e00c00
x3012c0s13b1n0:6643:6643 [0] NCCL INFO init.cc:1147 Cuda Host Alloc Size 4 pointer 0x146696e00c00
x3012c0s13b1n0:6645:6645 [2] NCCL INFO init.cc:1147 Cuda Host Alloc Size 4 pointer 0x14b23f400c00
x3012c0s13b1n0:6644:12586 [1] NCCL INFO Using network IB
x3012c0s13b1n0:6643:12588 [0] NCCL INFO Using network IB
x3012c0s13b1n0:6645:12590 [2] NCCL INFO Using network IB
x3012c0s13b1n0:6646:12584 [3] NCCL INFO NET/IB : GPU Direct RDMA Enabled for HCA 0 'mlx5_0'
x3012c0s13b1n0:6646:12584 [3] NCCL INFO NET/IB : GPU Direct RDMA Enabled for HCA 1 'mlx5_1'
x3012c0s13b1n0:6646:12584 [3] NCCL INFO GPU Direct RDMA Disabled for GPU c7000 / HCA 0 (distance 6 > 4)
x3012c0s13b1n0:6646:12584 [3] NCCL INFO GPU Direct RDMA Disabled for GPU c7000 / HCA 1 (distance 7 > 4)
x3012c0s13b1n0:6646:12584 [3] NCCL INFO === System : maxBw 5000.0 totalBw 0.0 ===
x3012c0s13b1n0:6646:12584 [3] NCCL INFO CPU/0 (1/2/-1)
x3012c0s13b1n0:6646:12584 [3] NCCL INFO + SYS[5000.0] - CPU/2
x3012c0s13b1n0:6646:12584 [3] NCCL INFO + PCI[24.0] - PCI/C5000 (11f8406811f8beef)
x3012c0s13b1n0:6646:12584 [3] NCCL INFO               + PCI[24.0] - GPU/C7000 (0)
x3012c0s13b1n0:6646:12584 [3] NCCL INFO + PCI[12.0] - NIC/C8000
x3012c0s13b1n0:6646:12584 [3] NCCL INFO CPU/2 (1/2/-1)
x3012c0s13b1n0:6646:12584 [3] NCCL INFO + SYS[5000.0] - CPU/0
x3012c0s13b1n0:6646:12584 [3] NCCL INFO + PCI[12.0] - NIC/43000
x3012c0s13b1n0:6646:12584 [3] NCCL INFO ==========================================
x3012c0s13b1n0:6646:12584 [3] NCCL INFO GPU/C7000 :GPU/C7000 (0/5000.000000/LOC) CPU/0 (2/24.000000/PHB) CPU/2 (3/24.000000/SYS) 
x3012c0s13b1n0:6646:12584 [3] NCCL INFO Setting affinity for GPU 3 to 01
x3012c0s13b1n0:6646:12584 [3] NCCL INFO Pattern 4, crossNic 0, nChannels 16, bw 44.000000/44.000000, type LOC/PIX, sameChannels 1
x3012c0s13b1n0:6646:12584 [3] NCCL INFO  0 : GPU/0
x3012c0s13b1n0:6646:12584 [3] NCCL INFO  1 : GPU/0
x3012c0s13b1n0:6646:12584 [3] NCCL INFO  2 : GPU/0
x3012c0s13b1n0:6646:12584 [3] NCCL INFO  3 : GPU/0
x3012c0s13b1n0:6646:12584 [3] NCCL INFO  4 : GPU/0
x3012c0s13b1n0:6646:12584 [3] NCCL INFO  5 : GPU/0
x3012c0s13b1n0:6646:12584 [3] NCCL INFO  6 : GPU/0
x3012c0s13b1n0:6646:12584 [3] NCCL INFO  7 : GPU/0
x3012c0s13b1n0:6646:12584 [3] NCCL INFO  8 : GPU/0
x3012c0s13b1n0:6646:12584 [3] NCCL INFO  9 : GPU/0
x3012c0s13b1n0:6646:12584 [3] NCCL INFO 10 : GPU/0
x3012c0s13b1n0:6646:12584 [3] NCCL INFO 11 : GPU/0
x3012c0s13b1n0:6646:12584 [3] NCCL INFO 12 : GPU/0
x3012c0s13b1n0:6646:12584 [3] NCCL INFO 13 : GPU/0
x3012c0s13b1n0:6646:12584 [3] NCCL INFO 14 : GPU/0
x3012c0s13b1n0:6646:12584 [3] NCCL INFO 15 : GPU/0
x3012c0s13b1n0:6646:12584 [3] NCCL INFO Pattern 3, crossNic 0, nChannels 16, bw 44.000000/44.000000, type LOC/PIX, sameChannels 1
x3012c0s13b1n0:6646:12584 [3] NCCL INFO  0 : GPU/0
x3012c0s13b1n0:6646:12584 [3] NCCL INFO  1 : GPU/0
x3012c0s13b1n0:6646:12584 [3] NCCL INFO  2 : GPU/0
x3012c0s13b1n0:6646:12584 [3] NCCL INFO  3 : GPU/0
x3012c0s13b1n0:6646:12584 [3] NCCL INFO  4 : GPU/0
x3012c0s13b1n0:6646:12584 [3] NCCL INFO  5 : GPU/0
x3012c0s13b1n0:6646:12584 [3] NCCL INFO  6 : GPU/0
x3012c0s13b1n0:6646:12584 [3] NCCL INFO  7 : GPU/0
x3012c0s13b1n0:6646:12584 [3] NCCL INFO  8 : GPU/0
x3012c0s13b1n0:6646:12584 [3] NCCL INFO  9 : GPU/0
x3012c0s13b1n0:6646:12584 [3] NCCL INFO 10 : GPU/0
x3012c0s13b1n0:6646:12584 [3] NCCL INFO 11 : GPU/0
x3012c0s13b1n0:6646:12584 [3] NCCL INFO 12 : GPU/0
x3012c0s13b1n0:6646:12584 [3] NCCL INFO 13 : GPU/0
x3012c0s13b1n0:6646:12584 [3] NCCL INFO 14 : GPU/0
x3012c0s13b1n0:6646:12584 [3] NCCL INFO 15 : GPU/0
x3012c0s13b1n0:6646:12584 [3] NCCL INFO Pattern 3, crossNic 0, nChannels 16, bw 44.000000/44.000000, type LOC/PIX, sameChannels 1
x3012c0s13b1n0:6646:12584 [3] NCCL INFO  0 : GPU/0
x3012c0s13b1n0:6646:12584 [3] NCCL INFO  1 : GPU/0
x3012c0s13b1n0:6646:12584 [3] NCCL INFO  2 : GPU/0
x3012c0s13b1n0:6646:12584 [3] NCCL INFO  3 : GPU/0
x3012c0s13b1n0:6646:12584 [3] NCCL INFO  4 : GPU/0
x3012c0s13b1n0:6646:12584 [3] NCCL INFO  5 : GPU/0
x3012c0s13b1n0:6646:12584 [3] NCCL INFO  6 : GPU/0
x3012c0s13b1n0:6646:12584 [3] NCCL INFO  7 : GPU/0
x3012c0s13b1n0:6646:12584 [3] NCCL INFO  8 : GPU/0
x3012c0s13b1n0:6646:12584 [3] NCCL INFO  9 : GPU/0
x3012c0s13b1n0:6646:12584 [3] NCCL INFO 10 : GPU/0
x3012c0s13b1n0:6646:12584 [3] NCCL INFO 11 : GPU/0
x3012c0s13b1n0:6646:12584 [3] NCCL INFO 12 : GPU/0
x3012c0s13b1n0:6646:12584 [3] NCCL INFO 13 : GPU/0
x3012c0s13b1n0:6646:12584 [3] NCCL INFO 14 : GPU/0
x3012c0s13b1n0:6646:12584 [3] NCCL INFO 15 : GPU/0
x3012c0s13b1n0:6646:12584 [3] NCCL INFO Tree 0 : -1 -> 0 -> -1/-1/-1
x3012c0s13b1n0:6646:12584 [3] NCCL INFO Tree 16 : -1 -> 0 -> -1/-1/-1
x3012c0s13b1n0:6646:12584 [3] NCCL INFO Tree 1 : -1 -> 0 -> -1/-1/-1
x3012c0s13b1n0:6646:12584 [3] NCCL INFO Tree 17 : -1 -> 0 -> -1/-1/-1
x3012c0s13b1n0:6646:12584 [3] NCCL INFO Tree 2 : -1 -> 0 -> -1/-1/-1
x3012c0s13b1n0:6646:12584 [3] NCCL INFO Tree 18 : -1 -> 0 -> -1/-1/-1
x3012c0s13b1n0:6646:12584 [3] NCCL INFO Tree 3 : -1 -> 0 -> -1/-1/-1
x3012c0s13b1n0:6646:12584 [3] NCCL INFO Tree 19 : -1 -> 0 -> -1/-1/-1
