x3004c0s25b1n0:16552:21334 [3] NCCL INFO NET/IB: Dev 0 Port 1 qpn 10771 mtu 5 GID 0 (80FE/880100FEFF000000)
x3004c0s25b1n0:16552:21334 [3] NCCL INFO transport/net_ib.cc:653 Ib Alloc Size 552 pointer 0x150b70051000
x3004c0s25b1n0:16552:21334 [3] NCCL INFO transport/net.cc:571 Cuda Host Alloc Size 9641984 pointer 0x150b77000000
x3004c0s25b1n0:16551:21243 [2] NCCL INFO Connected all rings
x3004c0s25b1n0:16551:21243 [2] NCCL INFO GPU Direct RDMA Disabled for GPU 85000 / HCA 0 (distance 7 > 4)
x3004c0s25b1n0:16551:21316 [2] NCCL INFO New proxy recv connection 8 from local rank 1, transport 2
x3004c0s25b1n0:16549:21314 [0] NCCL INFO transport/net_ib.cc:696 Ib Alloc Size 552 pointer 0x152aa8027000
x3004c0s25b1n0:16552:21334 [3] NCCL INFO transport/net_ib.cc:596 Ib Alloc Size 26560 pointer 0x150b70053000
x3004c0s25b1n0:16552:21334 [3] NCCL INFO NET/IB: Dev 1 Port 1 qpn 11016 mtu 5 GID 0 (80FE/DA0100FEFF000000)
x3004c0s25b1n0:16552:21334 [3] NCCL INFO transport/net_ib.cc:653 Ib Alloc Size 552 pointer 0x150b7006a000
x3004c0s25b1n0:16552:21334 [3] NCCL INFO transport/net.cc:571 Cuda Host Alloc Size 9641984 pointer 0x150b6a000000
x3004c0s25b1n0:16551:21243 [2] NCCL INFO Connection to proxy localRank 1 -> connection 0x14a780000e80
x3004c0s25b1n0:16549:21314 [0] NCCL INFO transport/net_ib.cc:771 Ib Alloc Size 552 pointer 0x152aa8044000
x3004c0s25b1n0:16549:21314 [0] NCCL INFO transport/net.cc:698 Cuda Host Alloc Size 9641984 pointer 0x152aa4000000
x3004c0s25b1n0:16552:21334 [3] NCCL INFO transport/net_ib.cc:596 Ib Alloc Size 26560 pointer 0x150b7006c000
x3004c0s25b1n0:16550:21333 [1] NCCL INFO transport/net_ib.cc:696 Ib Alloc Size 552 pointer 0x154528027000
x3004c0s25b1n0:16552:21334 [3] NCCL INFO NET/IB: Dev 0 Port 1 qpn 10774 mtu 5 GID 0 (80FE/880100FEFF000000)
x3004c0s25b1n0:16552:21334 [3] NCCL INFO transport/net_ib.cc:653 Ib Alloc Size 552 pointer 0x150b70083000
x3004c0s25b1n0:16552:21334 [3] NCCL INFO transport/net.cc:571 Cuda Host Alloc Size 9641984 pointer 0x150b6aa00000
x3004c0s25b1n0:16549:21314 [0] NCCL INFO transport/net_ib.cc:683 Ib Alloc Size 21688 pointer 0x152aa8046000
x3004c0s25b1n0:16549:21314 [0] NCCL INFO transport/net_ib.cc:696 Ib Alloc Size 552 pointer 0x152aa804d000
x3004c0s25b1n0:16551:21243 [2] NCCL INFO Channel 02/0 : 4[7000] -> 7[85000] [receive] via NET/IB/0
x3004c0s25b1n0:16551:21243 [2] NCCL INFO GPU Direct RDMA Disabled for GPU 85000 / HCA 1 (distance 7 > 4)
x3004c0s25b1n0:16551:21316 [2] NCCL INFO New proxy recv connection 9 from local rank 1, transport 2
x3004c0s25b1n0:16549:21314 [0] NCCL INFO transport/net_ib.cc:771 Ib Alloc Size 552 pointer 0x152aa8068000
x3004c0s25b1n0:16552:21247 [3] NCCL INFO Connected all rings
x3004c0s25b1n0:16552:21247 [3] NCCL INFO GPU Direct RDMA Disabled for GPU c7000 / HCA 1 (distance 7 > 4)
x3004c0s25b1n0:16549:21314 [0] NCCL INFO transport/net.cc:698 Cuda Host Alloc Size 9641984 pointer 0x152aa4a00000
x3004c0s25b1n0:16552:21334 [3] NCCL INFO New proxy recv connection 8 from local rank 1, transport 2
x3004c0s25b1n0:16550:21333 [1] NCCL INFO transport/net_ib.cc:771 Ib Alloc Size 552 pointer 0x154528044000
x3004c0s25b1n0:16550:21333 [1] NCCL INFO transport/net.cc:698 Cuda Host Alloc Size 9641984 pointer 0x15451a000000
x3004c0s25b1n0:16550:21333 [1] NCCL INFO transport/net_ib.cc:683 Ib Alloc Size 21688 pointer 0x154528046000
x3004c0s25b1n0:16550:21333 [1] NCCL INFO transport/net_ib.cc:696 Ib Alloc Size 552 pointer 0x15452804d000
x3004c0s25b1n0:16551:21243 [2] NCCL INFO Connection to proxy localRank 1 -> connection 0x14a780000ec0
x3004c0s25b1n0:16550:21333 [1] NCCL INFO transport/net_ib.cc:771 Ib Alloc Size 552 pointer 0x154528068000
x3004c0s25b1n0:16550:21333 [1] NCCL INFO transport/net.cc:698 Cuda Host Alloc Size 9641984 pointer 0x15451aa00000
x3004c0s25b1n0:16549:21314 [0] NCCL INFO transport/net_ib.cc:683 Ib Alloc Size 21688 pointer 0x152aa806a000
x3004c0s25b1n0:16549:21314 [0] NCCL INFO transport/net_ib.cc:696 Ib Alloc Size 552 pointer 0x152aa8071000
x3004c0s25b1n0:16552:21247 [3] NCCL INFO Connection to proxy localRank 1 -> connection 0x150b70000e80
x3004c0s25b1n0:16551:21243 [2] NCCL INFO Channel 03/0 : 4[7000] -> 7[85000] [receive] via NET/IB/1
x3004c0s25b1n0:16549:21314 [0] NCCL INFO transport/net_ib.cc:771 Ib Alloc Size 552 pointer 0x152aa808c000
x3004c0s25b1n0:16549:21314 [0] NCCL INFO transport/net.cc:698 Cuda Host Alloc Size 9641984 pointer 0x152aa5400000
x3004c0s25b1n0:16550:21333 [1] NCCL INFO transport/net_ib.cc:683 Ib Alloc Size 21688 pointer 0x15452806a000
x3004c0s25b1n0:16550:21333 [1] NCCL INFO transport/net_ib.cc:696 Ib Alloc Size 552 pointer 0x154528071000
x3004c0s25b1n0:16550:21333 [1] NCCL INFO transport/net_ib.cc:771 Ib Alloc Size 552 pointer 0x15452808c000
x3004c0s25b1n0:16550:21333 [1] NCCL INFO transport/net.cc:698 Cuda Host Alloc Size 9641984 pointer 0x15451b400000
x3004c0s25b1n0:16552:21247 [3] NCCL INFO Channel 02/0 : 4[46000] -> 7[c7000] [receive] via NET/IB/1
x3004c0s25b1n0:16552:21247 [3] NCCL INFO GPU Direct RDMA Disabled for GPU c7000 / HCA 0 (distance 6 > 4)
x3004c0s25b1n0:16552:21334 [3] NCCL INFO New proxy recv connection 9 from local rank 1, transport 2
x3004c0s25b1n0:16549:21314 [0] NCCL INFO transport/net_ib.cc:683 Ib Alloc Size 21688 pointer 0x152aa808e000
x3004c0s25b1n0:16549:21314 [0] NCCL INFO transport/net_ib.cc:696 Ib Alloc Size 552 pointer 0x152aa8095000
x3004c0s25b1n0:16549:21314 [0] NCCL INFO transport/net_ib.cc:771 Ib Alloc Size 552 pointer 0x152aa80b0000
x3004c0s25b1n0:16549:21314 [0] NCCL INFO transport/net.cc:698 Cuda Host Alloc Size 9641984 pointer 0x152aa2000000
x3004c0s25b1n0:16550:21333 [1] NCCL INFO transport/net_ib.cc:683 Ib Alloc Size 21688 pointer 0x15452808e000
x3004c0s25b1n0:16550:21333 [1] NCCL INFO transport/net_ib.cc:696 Ib Alloc Size 552 pointer 0x154528095000
x3004c0s25b1n0:16552:21247 [3] NCCL INFO Connection to proxy localRank 1 -> connection 0x150b70000ec0
x3004c0s25b1n0:16549:21244 [0] NCCL INFO Connected all rings
x3004c0s25b1n0:16549:21244 [0] NCCL INFO GPU Direct RDMA Disabled for GPU 7000 / HCA 0 (distance 7 > 4)
x3004c0s25b1n0:16549:21314 [0] NCCL INFO New proxy recv connection 8 from local rank 0, transport 2
x3004c0s25b1n0:16552:21247 [3] NCCL INFO Channel 03/0 : 4[46000] -> 7[c7000] [receive] via NET/IB/0
x3004c0s25b1n0:16550:21333 [1] NCCL INFO transport/net_ib.cc:771 Ib Alloc Size 552 pointer 0x1545280b0000
x3004c0s25b1n0:16550:21333 [1] NCCL INFO transport/net.cc:698 Cuda Host Alloc Size 9641984 pointer 0x154518000000
x3004c0s25b1n0:16549:21244 [0] NCCL INFO Connection to proxy localRank 0 -> connection 0x152aa8000e80
x3004c0s25b1n0:16550:21242 [1] NCCL INFO Connected all rings
x3004c0s25b1n0:16550:21242 [1] NCCL INFO GPU Direct RDMA Disabled for GPU 46000 / HCA 1 (distance 6 > 4)
x3004c0s25b1n0:16550:21333 [1] NCCL INFO New proxy recv connection 8 from local rank 0, transport 2
x3004c0s25b1n0:16549:21244 [0] NCCL INFO Channel 00/0 : 4[7000] -> 6[7000] [receive] via NET/IB/0
x3004c0s25b1n0:16549:21244 [0] NCCL INFO GPU Direct RDMA Disabled for GPU 7000 / HCA 1 (distance 7 > 4)
x3004c0s25b1n0:16549:21314 [0] NCCL INFO New proxy recv connection 9 from local rank 0, transport 2
x3004c0s25b1n0:16549:21244 [0] NCCL INFO Connection to proxy localRank 0 -> connection 0x152aa8000ec0
x3004c0s25b1n0:16550:21242 [1] NCCL INFO Connection to proxy localRank 0 -> connection 0x154528000e80
x3004c0s25b1n0:16550:21242 [1] NCCL INFO Channel 00/0 : 4[46000] -> 6[46000] [receive] via NET/IB/1
x3004c0s25b1n0:16550:21242 [1] NCCL INFO GPU Direct RDMA Disabled for GPU 46000 / HCA 0 (distance 7 > 4)
x3004c0s25b1n0:16549:21244 [0] NCCL INFO Channel 01/0 : 4[7000] -> 6[7000] [receive] via NET/IB/1
x3004c0s25b1n0:16549:21244 [0] NCCL INFO GPU Direct RDMA Disabled for GPU 7000 / HCA 0 (distance 7 > 4)
x3004c0s25b1n0:16549:21314 [0] NCCL INFO New proxy send connection 10 from local rank 0, transport 2
x3004c0s25b1n0:16550:21333 [1] NCCL INFO New proxy recv connection 9 from local rank 0, transport 2
x3004c0s25b1n0:16549:21244 [0] NCCL INFO Connection to proxy localRank 0 -> connection 0x152aa8000f00
x3004c0s25b1n0:16549:21244 [0] NCCL INFO Channel 02/0 : 6[7000] -> 8[7000] [send] via NET/IB/0
x3004c0s25b1n0:16549:21244 [0] NCCL INFO GPU Direct RDMA Disabled for GPU 7000 / HCA 1 (distance 7 > 4)
x3004c0s25b1n0:16549:21314 [0] NCCL INFO New proxy send connection 11 from local rank 0, transport 2
x3004c0s25b1n0:16550:21242 [1] NCCL INFO Connection to proxy localRank 0 -> connection 0x154528000ec0
x3004c0s25b1n0:16549:21244 [0] NCCL INFO Connection to proxy localRank 0 -> connection 0x152aa8000f40
x3004c0s25b1n0:16549:21244 [0] NCCL INFO Channel 03/0 : 6[7000] -> 8[7000] [send] via NET/IB/1
x3004c0s25b1n0:16549:21314 [0] NCCL INFO transport/net_ib.cc:596 Ib Alloc Size 26560 pointer 0x152aa80c6000
x3004c0s25b1n0:16550:21242 [1] NCCL INFO Channel 01/0 : 4[46000] -> 6[46000] [receive] via NET/IB/0
x3004c0s25b1n0:16550:21242 [1] NCCL INFO GPU Direct RDMA Disabled for GPU 46000 / HCA 1 (distance 6 > 4)
x3004c0s25b1n0:16550:21333 [1] NCCL INFO New proxy send connection 10 from local rank 0, transport 2
x3004c0s25b1n0:16549:21314 [0] NCCL INFO NET/IB: Dev 0 Port 1 qpn 10781 mtu 5 GID 0 (80FE/880100FEFF000000)
x3004c0s25b1n0:16549:21314 [0] NCCL INFO transport/net_ib.cc:653 Ib Alloc Size 552 pointer 0x152aa80dd000
x3004c0s25b1n0:16549:21314 [0] NCCL INFO transport/net.cc:571 Cuda Host Alloc Size 9641984 pointer 0x152aa2a00000
x3004c0s25b1n0:16549:21314 [0] NCCL INFO transport/net_ib.cc:596 Ib Alloc Size 26560 pointer 0x152aa80df000
x3004c0s25b1n0:16549:21314 [0] NCCL INFO NET/IB: Dev 1 Port 1 qpn 11025 mtu 5 GID 0 (80FE/DA0100FEFF000000)
x3004c0s25b1n0:16549:21314 [0] NCCL INFO transport/net_ib.cc:653 Ib Alloc Size 552 pointer 0x152aa80f6000
x3004c0s25b1n0:16549:21314 [0] NCCL INFO transport/net.cc:571 Cuda Host Alloc Size 9641984 pointer 0x152aa3400000
x3004c0s25b1n0:16550:21242 [1] NCCL INFO Connection to proxy localRank 0 -> connection 0x154528000f00
x3004c0s25b1n0:16550:21242 [1] NCCL INFO Channel 02/0 : 6[46000] -> 8[46000] [send] via NET/IB/1
x3004c0s25b1n0:16550:21242 [1] NCCL INFO GPU Direct RDMA Disabled for GPU 46000 / HCA 0 (distance 7 > 4)
x3004c0s25b1n0:16550:21333 [1] NCCL INFO New proxy send connection 11 from local rank 0, transport 2
x3004c0s25b1n0:16549:21314 [0] NCCL INFO transport/net_ib.cc:683 Ib Alloc Size 21688 pointer 0x152aa80f8000
x3004c0s25b1n0:16549:21314 [0] NCCL INFO transport/net_ib.cc:696 Ib Alloc Size 552 pointer 0x152aa80ff000
x3004c0s25b1n0:16549:21314 [0] NCCL INFO transport/net_ib.cc:771 Ib Alloc Size 552 pointer 0x152aa811a000
x3004c0s25b1n0:16549:21314 [0] NCCL INFO transport/net.cc:698 Cuda Host Alloc Size 9641984 pointer 0x152aa0000000
x3004c0s25b1n0:16551:21316 [2] NCCL INFO transport/net_ib.cc:683 Ib Alloc Size 21688 pointer 0x14a7800a3000
x3004c0s25b1n0:16551:21316 [2] NCCL INFO transport/net_ib.cc:696 Ib Alloc Size 552 pointer 0x14a7800aa000
x3004c0s25b1n0:16550:21242 [1] NCCL INFO Connection to proxy localRank 0 -> connection 0x154528000f40
x3004c0s25b1n0:16550:21242 [1] NCCL INFO Channel 03/0 : 6[46000] -> 8[46000] [send] via NET/IB/0
x3004c0s25b1n0:16550:21333 [1] NCCL INFO transport/net_ib.cc:596 Ib Alloc Size 26560 pointer 0x1545280c6000
x3004c0s25b1n0:16549:21314 [0] NCCL INFO transport/net_ib.cc:683 Ib Alloc Size 21688 pointer 0x152aa811c000
x3004c0s25b1n0:16549:21314 [0] NCCL INFO transport/net_ib.cc:696 Ib Alloc Size 552 pointer 0x152aa8123000
x3004c0s25b1n0:16550:21333 [1] NCCL INFO NET/IB: Dev 1 Port 1 qpn 11026 mtu 5 GID 0 (80FE/DA0100FEFF000000)
x3004c0s25b1n0:16550:21333 [1] NCCL INFO transport/net_ib.cc:653 Ib Alloc Size 552 pointer 0x1545280dd000
x3004c0s25b1n0:16550:21333 [1] NCCL INFO transport/net.cc:571 Cuda Host Alloc Size 9641984 pointer 0x154518a00000
x3004c0s25b1n0:16551:21316 [2] NCCL INFO transport/net_ib.cc:771 Ib Alloc Size 552 pointer 0x14a7800c6000
x3004c0s25b1n0:16551:21316 [2] NCCL INFO transport/net.cc:698 Cuda Host Alloc Size 9641984 pointer 0x14a770c00000
x3004c0s25b1n0:16551:21316 [2] NCCL INFO transport/net_ib.cc:683 Ib Alloc Size 21688 pointer 0x14a7800c8000
x3004c0s25b1n0:16549:21314 [0] NCCL INFO transport/net_ib.cc:771 Ib Alloc Size 552 pointer 0x152aa813e000
x3004c0s25b1n0:16549:21314 [0] NCCL INFO transport/net.cc:698 Cuda Host Alloc Size 9641984 pointer 0x152aa0a00000
x3004c0s25b1n0:16550:21333 [1] NCCL INFO transport/net_ib.cc:596 Ib Alloc Size 26560 pointer 0x1545280df000
x3004c0s25b1n0:16549:21244 [0] NCCL INFO GPU Direct RDMA Disabled for GPU 7000 / HCA 0 (distance 7 > 4)
x3004c0s25b1n0:16549:21314 [0] NCCL INFO New proxy recv connection 12 from local rank 0, transport 2
x3004c0s25b1n0:16551:21316 [2] NCCL INFO transport/net_ib.cc:696 Ib Alloc Size 552 pointer 0x14a7800cf000
x3004c0s25b1n0:16550:21333 [1] NCCL INFO NET/IB: Dev 0 Port 1 qpn 10786 mtu 5 GID 0 (80FE/880100FEFF000000)
x3004c0s25b1n0:16550:21333 [1] NCCL INFO transport/net_ib.cc:653 Ib Alloc Size 552 pointer 0x1545280f6000
x3004c0s25b1n0:16550:21333 [1] NCCL INFO transport/net.cc:571 Cuda Host Alloc Size 9641984 pointer 0x154519400000
x3004c0s25b1n0:16549:21244 [0] NCCL INFO Connection to proxy localRank 0 -> connection 0x152aa8000f80
x3004c0s25b1n0:16550:21333 [1] NCCL INFO transport/net_ib.cc:683 Ib Alloc Size 21688 pointer 0x1545280f8000
x3004c0s25b1n0:16550:21333 [1] NCCL INFO transport/net_ib.cc:696 Ib Alloc Size 552 pointer 0x1545280ff000
x3004c0s25b1n0:16550:21333 [1] NCCL INFO transport/net_ib.cc:771 Ib Alloc Size 552 pointer 0x15452811a000
x3004c0s25b1n0:16550:21333 [1] NCCL INFO transport/net.cc:698 Cuda Host Alloc Size 9641984 pointer 0x154516000000
x3004c0s25b1n0:16550:21333 [1] NCCL INFO transport/net_ib.cc:683 Ib Alloc Size 21688 pointer 0x15452811c000
x3004c0s25b1n0:16550:21333 [1] NCCL INFO transport/net_ib.cc:696 Ib Alloc Size 552 pointer 0x154528123000
x3004c0s25b1n0:16549:21244 [0] NCCL INFO Channel 02/0 : 1[85000] -> 6[7000] [receive] via NET/IB/0
x3004c0s25b1n0:16549:21244 [0] NCCL INFO GPU Direct RDMA Disabled for GPU 7000 / HCA 1 (distance 7 > 4)
x3004c0s25b1n0:16549:21314 [0] NCCL INFO New proxy recv connection 13 from local rank 0, transport 2
x3004c0s25b1n0:16550:21333 [1] NCCL INFO transport/net_ib.cc:771 Ib Alloc Size 552 pointer 0x15452813e000
x3004c0s25b1n0:16552:21334 [3] NCCL INFO transport/net_ib.cc:683 Ib Alloc Size 21688 pointer 0x150b7008f000
x3004c0s25b1n0:16552:21334 [3] NCCL INFO transport/net_ib.cc:696 Ib Alloc Size 552 pointer 0x150b70096000
x3004c0s25b1n0:16550:21333 [1] NCCL INFO transport/net.cc:698 Cuda Host Alloc Size 9641984 pointer 0x154516a00000
x3004c0s25b1n0:16551:21316 [2] NCCL INFO transport/net_ib.cc:771 Ib Alloc Size 552 pointer 0x14a7800ea000
x3004c0s25b1n0:16551:21316 [2] NCCL INFO transport/net.cc:698 Cuda Host Alloc Size 9641984 pointer 0x14a771600000
x3004c0s25b1n0:16552:21334 [3] NCCL INFO transport/net_ib.cc:771 Ib Alloc Size 552 pointer 0x150b700b2000
x3004c0s25b1n0:16552:21334 [3] NCCL INFO transport/net.cc:698 Cuda Host Alloc Size 9641984 pointer 0x150b68600000
x3004c0s25b1n0:16551:21243 [2] NCCL INFO GPU Direct RDMA Disabled for GPU 85000 / HCA 0 (distance 7 > 4)
x3004c0s25b1n0:16551:21316 [2] NCCL INFO New proxy send connection 10 from local rank 1, transport 2
x3004c0s25b1n0:16550:21242 [1] NCCL INFO GPU Direct RDMA Disabled for GPU 46000 / HCA 1 (distance 6 > 4)
x3004c0s25b1n0:16550:21333 [1] NCCL INFO New proxy recv connection 12 from local rank 0, transport 2
x3004c0s25b1n0:16549:21244 [0] NCCL INFO Connection to proxy localRank 0 -> connection 0x152aa8000fc0
x3004c0s25b1n0:16551:21243 [2] NCCL INFO Connection to proxy localRank 1 -> connection 0x14a780000f00
x3004c0s25b1n0:16551:21243 [2] NCCL INFO Channel 02/0 : 7[85000] -> 4[7000] [send] via NET/IB/0
x3004c0s25b1n0:16551:21243 [2] NCCL INFO GPU Direct RDMA Disabled for GPU 85000 / HCA 1 (distance 7 > 4)
x3004c0s25b1n0:16551:21316 [2] NCCL INFO New proxy send connection 11 from local rank 1, transport 2
x3004c0s25b1n0:16552:21334 [3] NCCL INFO transport/net_ib.cc:683 Ib Alloc Size 21688 pointer 0x150b700b4000
x3004c0s25b1n0:16552:21334 [3] NCCL INFO transport/net_ib.cc:696 Ib Alloc Size 552 pointer 0x150b700bb000
x3004c0s25b1n0:16550:21242 [1] NCCL INFO Connection to proxy localRank 0 -> connection 0x154528000f80
x3004c0s25b1n0:16552:21334 [3] NCCL INFO transport/net_ib.cc:771 Ib Alloc Size 552 pointer 0x150b700d6000
x3004c0s25b1n0:16552:21334 [3] NCCL INFO transport/net.cc:698 Cuda Host Alloc Size 9641984 pointer 0x150b69000000
x3004c0s25b1n0:16549:21244 [0] NCCL INFO Channel 03/0 : 1[85000] -> 6[7000] [receive] via NET/IB/1
x3004c0s25b1n0:16549:21244 [0] NCCL INFO GPU Direct RDMA Disabled for GPU 7000 / HCA 0 (distance 7 > 4)
x3004c0s25b1n0:16549:21314 [0] NCCL INFO New proxy send connection 14 from local rank 0, transport 2
x3004c0s25b1n0:16552:21247 [3] NCCL INFO GPU Direct RDMA Disabled for GPU c7000 / HCA 1 (distance 7 > 4)
x3004c0s25b1n0:16552:21334 [3] NCCL INFO New proxy send connection 10 from local rank 1, transport 2
x3004c0s25b1n0:16552:21247 [3] NCCL INFO Connection to proxy localRank 1 -> connection 0x150b70000f00
x3004c0s25b1n0:16552:21247 [3] NCCL INFO Channel 02/0 : 7[c7000] -> 4[46000] [send] via NET/IB/1
x3004c0s25b1n0:16552:21247 [3] NCCL INFO GPU Direct RDMA Disabled for GPU c7000 / HCA 0 (distance 6 > 4)
x3004c0s25b1n0:16552:21334 [3] NCCL INFO New proxy send connection 11 from local rank 1, transport 2
x3004c0s25b1n0:16551:21243 [2] NCCL INFO Connection to proxy localRank 1 -> connection 0x14a780000f40
x3004c0s25b1n0:16551:21243 [2] NCCL INFO Channel 03/0 : 7[85000] -> 4[7000] [send] via NET/IB/1
x3004c0s25b1n0:16549:21244 [0] NCCL INFO Connection to proxy localRank 0 -> connection 0x152aa8001000
x3004c0s25b1n0:16549:21244 [0] NCCL INFO Channel 02/0 : 6[7000] -> 1[85000] [send] via NET/IB/0
x3004c0s25b1n0:16549:21244 [0] NCCL INFO GPU Direct RDMA Disabled for GPU 7000 / HCA 1 (distance 7 > 4)
x3004c0s25b1n0:16549:21314 [0] NCCL INFO New proxy send connection 15 from local rank 0, transport 2
x3004c0s25b1n0:16550:21242 [1] NCCL INFO Channel 02/0 : 1[c7000] -> 6[46000] [receive] via NET/IB/1
x3004c0s25b1n0:16550:21242 [1] NCCL INFO GPU Direct RDMA Disabled for GPU 46000 / HCA 0 (distance 7 > 4)
x3004c0s25b1n0:16550:21333 [1] NCCL INFO New proxy recv connection 13 from local rank 0, transport 2
x3004c0s25b1n0:16549:21244 [0] NCCL INFO Connection to proxy localRank 0 -> connection 0x152aa8001040
x3004c0s25b1n0:16549:21244 [0] NCCL INFO Channel 03/0 : 6[7000] -> 1[85000] [send] via NET/IB/1
x3004c0s25b1n0:16549:21314 [0] NCCL INFO transport/net_ib.cc:596 Ib Alloc Size 26560 pointer 0x152aa8154000
x3004c0s25b1n0:16552:21247 [3] NCCL INFO Connection to proxy localRank 1 -> connection 0x150b70000f40
x3004c0s25b1n0:16552:21247 [3] NCCL INFO Channel 03/0 : 7[c7000] -> 4[46000] [send] via NET/IB/0
x3004c0s25b1n0:16550:21242 [1] NCCL INFO Connection to proxy localRank 0 -> connection 0x154528000fc0
x3004c0s25b1n0:16549:21314 [0] NCCL INFO NET/IB: Dev 0 Port 1 qpn 10791 mtu 5 GID 0 (80FE/880100FEFF000000)
x3004c0s25b1n0:16549:21314 [0] NCCL INFO transport/net_ib.cc:653 Ib Alloc Size 552 pointer 0x152aa816b000
x3004c0s25b1n0:16549:21314 [0] NCCL INFO transport/net.cc:571 Cuda Host Alloc Size 9641984 pointer 0x152aa1400000
x3004c0s25b1n0:16549:21314 [0] NCCL INFO Mem Realloc old size 768, new size 1536 pointer 0x152aa80dd1c0
x3004c0s25b1n0:16549:21314 [0] NCCL INFO transport/net_ib.cc:596 Ib Alloc Size 26560 pointer 0x152aa816d000
x3004c0s25b1n0:16550:21242 [1] NCCL INFO Channel 03/0 : 1[c7000] -> 6[46000] [receive] via NET/IB/0
x3004c0s25b1n0:16550:21242 [1] NCCL INFO GPU Direct RDMA Disabled for GPU 46000 / HCA 1 (distance 6 > 4)
x3004c0s25b1n0:16550:21333 [1] NCCL INFO New proxy send connection 14 from local rank 0, transport 2
x3004c0s25b1n0:16549:21314 [0] NCCL INFO NET/IB: Dev 1 Port 1 qpn 11035 mtu 5 GID 0 (80FE/DA0100FEFF000000)
x3004c0s25b1n0:16549:21314 [0] NCCL INFO transport/net_ib.cc:653 Ib Alloc Size 552 pointer 0x152aa8184000
x3004c0s25b1n0:16549:21314 [0] NCCL INFO transport/net.cc:571 Cuda Host Alloc Size 9641984 pointer 0x152a9e000000
x3004c0s25b1n0:16550:21242 [1] NCCL INFO Connection to proxy localRank 0 -> connection 0x154528001000
x3004c0s25b1n0:16550:21242 [1] NCCL INFO Channel 02/0 : 6[46000] -> 1[c7000] [send] via NET/IB/1
x3004c0s25b1n0:16550:21242 [1] NCCL INFO GPU Direct RDMA Disabled for GPU 46000 / HCA 0 (distance 7 > 4)
x3004c0s25b1n0:16549:21314 [0] NCCL INFO Mem Realloc old size 768, new size 1536 pointer 0x152aa8179740
x3004c0s25b1n0:16550:21333 [1] NCCL INFO New proxy send connection 15 from local rank 0, transport 2
x3004c0s25b1n0:16549:21314 [0] NCCL INFO transport/net_ib.cc:683 Ib Alloc Size 21688 pointer 0x152aa8186000
x3004c0s25b1n0:16549:21314 [0] NCCL INFO transport/net_ib.cc:696 Ib Alloc Size 552 pointer 0x152aa818d000
x3004c0s25b1n0:16549:21314 [0] NCCL INFO transport/net_ib.cc:771 Ib Alloc Size 552 pointer 0x152aa81a8000
x3004c0s25b1n0:16549:21314 [0] NCCL INFO transport/net.cc:698 Cuda Host Alloc Size 9641984 pointer 0x152a9ea00000
x3004c0s25b1n0:16550:21242 [1] NCCL INFO Connection to proxy localRank 0 -> connection 0x154528001040
x3004c0s25b1n0:16550:21242 [1] NCCL INFO Channel 03/0 : 6[46000] -> 1[c7000] [send] via NET/IB/0
x3004c0s25b1n0:16550:21333 [1] NCCL INFO transport/net_ib.cc:596 Ib Alloc Size 26560 pointer 0x154528154000
x3004c0s25b1n0:16549:21314 [0] NCCL INFO transport/net_ib.cc:683 Ib Alloc Size 21688 pointer 0x152aa81aa000
x3004c0s25b1n0:16549:21314 [0] NCCL INFO transport/net_ib.cc:696 Ib Alloc Size 552 pointer 0x152aa81b1000
x3004c0s25b1n0:16550:21333 [1] NCCL INFO NET/IB: Dev 1 Port 1 qpn 11036 mtu 5 GID 0 (80FE/DA0100FEFF000000)
x3004c0s25b1n0:16550:21333 [1] NCCL INFO transport/net_ib.cc:653 Ib Alloc Size 552 pointer 0x15452816b000
x3004c0s25b1n0:16550:21333 [1] NCCL INFO transport/net.cc:571 Cuda Host Alloc Size 9641984 pointer 0x154517400000
x3004c0s25b1n0:16549:21314 [0] NCCL INFO transport/net_ib.cc:771 Ib Alloc Size 552 pointer 0x152aa81cc000
x3004c0s25b1n0:16549:21314 [0] NCCL INFO transport/net.cc:698 Cuda Host Alloc Size 9641984 pointer 0x152a9f400000
x3004c0s25b1n0:16549:21244 [0] NCCL INFO GPU Direct RDMA Disabled for GPU 7000 / HCA 0 (distance 7 > 4)
x3004c0s25b1n0:16549:21314 [0] NCCL INFO New proxy recv connection 16 from local rank 0, transport 2
x3004c0s25b1n0:16550:21333 [1] NCCL INFO transport/net_ib.cc:596 Ib Alloc Size 26560 pointer 0x15452816d000
x3004c0s25b1n0:16550:21333 [1] NCCL INFO NET/IB: Dev 0 Port 1 qpn 10794 mtu 5 GID 0 (80FE/880100FEFF000000)
x3004c0s25b1n0:16550:21333 [1] NCCL INFO transport/net_ib.cc:653 Ib Alloc Size 552 pointer 0x154528184000
x3004c0s25b1n0:16550:21333 [1] NCCL INFO transport/net.cc:571 Cuda Host Alloc Size 9641984 pointer 0x154514000000
x3004c0s25b1n0:16549:21244 [0] NCCL INFO Connection to proxy localRank 0 -> connection 0x152aa8001080
x3004c0s25b1n0:16549:21244 [0] NCCL INFO Channel 02/0 : 8[7000] -> 6[7000] [receive] via NET/IB/0
x3004c0s25b1n0:16549:21244 [0] NCCL INFO GPU Direct RDMA Disabled for GPU 7000 / HCA 1 (distance 7 > 4)
x3004c0s25b1n0:16549:21314 [0] NCCL INFO New proxy recv connection 17 from local rank 0, transport 2
x3004c0s25b1n0:16550:21333 [1] NCCL INFO transport/net_ib.cc:683 Ib Alloc Size 21688 pointer 0x154528186000
x3004c0s25b1n0:16550:21333 [1] NCCL INFO transport/net_ib.cc:696 Ib Alloc Size 552 pointer 0x15452818d000
x3004c0s25b1n0:16549:21244 [0] NCCL INFO Connection to proxy localRank 0 -> connection 0x152aa80010c0
x3004c0s25b1n0:16550:21333 [1] NCCL INFO transport/net_ib.cc:771 Ib Alloc Size 552 pointer 0x1545281a8000
x3004c0s25b1n0:16550:21333 [1] NCCL INFO transport/net.cc:698 Cuda Host Alloc Size 9641984 pointer 0x154514a00000
x3004c0s25b1n0:16550:21333 [1] NCCL INFO transport/net_ib.cc:683 Ib Alloc Size 21688 pointer 0x1545281aa000
x3004c0s25b1n0:16550:21333 [1] NCCL INFO transport/net_ib.cc:696 Ib Alloc Size 552 pointer 0x1545281b1000
x3004c0s25b1n0:16550:21333 [1] NCCL INFO transport/net_ib.cc:771 Ib Alloc Size 552 pointer 0x1545281cc000
x3004c0s25b1n0:16550:21333 [1] NCCL INFO transport/net.cc:698 Cuda Host Alloc Size 9641984 pointer 0x154515400000
x3004c0s25b1n0:16549:21244 [0] NCCL INFO Channel 03/0 : 8[7000] -> 6[7000] [receive] via NET/IB/1
x3004c0s25b1n0:16549:21244 [0] NCCL INFO GPU Direct RDMA Disabled for GPU 7000 / HCA 0 (distance 7 > 4)
x3004c0s25b1n0:16549:21314 [0] NCCL INFO New proxy send connection 18 from local rank 0, transport 2
x3004c0s25b1n0:16550:21242 [1] NCCL INFO GPU Direct RDMA Disabled for GPU 46000 / HCA 1 (distance 6 > 4)
x3004c0s25b1n0:16550:21333 [1] NCCL INFO New proxy recv connection 16 from local rank 0, transport 2
x3004c0s25b1n0:16549:21244 [0] NCCL INFO Connection to proxy localRank 0 -> connection 0x152aa8001100
x3004c0s25b1n0:16549:21244 [0] NCCL INFO Channel 00/0 : 6[7000] -> 4[7000] [send] via NET/IB/0
x3004c0s25b1n0:16549:21244 [0] NCCL INFO GPU Direct RDMA Disabled for GPU 7000 / HCA 1 (distance 7 > 4)
x3004c0s25b1n0:16549:21314 [0] NCCL INFO New proxy send connection 19 from local rank 0, transport 2
x3004c0s25b1n0:16550:21242 [1] NCCL INFO Connection to proxy localRank 0 -> connection 0x154528001080
x3004c0s25b1n0:16549:21244 [0] NCCL INFO Connection to proxy localRank 0 -> connection 0x152aa8001140
x3004c0s25b1n0:16549:21244 [0] NCCL INFO Channel 01/0 : 6[7000] -> 4[7000] [send] via NET/IB/1
x3004c0s25b1n0:16550:21242 [1] NCCL INFO Channel 02/0 : 8[46000] -> 6[46000] [receive] via NET/IB/1
x3004c0s25b1n0:16550:21242 [1] NCCL INFO GPU Direct RDMA Disabled for GPU 46000 / HCA 0 (distance 7 > 4)
x3004c0s25b1n0:16550:21333 [1] NCCL INFO New proxy recv connection 17 from local rank 0, transport 2
x3004c0s25b1n0:16550:21242 [1] NCCL INFO Connection to proxy localRank 0 -> connection 0x1545280010c0
x3004c0s25b1n0:16550:21242 [1] NCCL INFO Channel 03/0 : 8[46000] -> 6[46000] [receive] via NET/IB/0
x3004c0s25b1n0:16550:21242 [1] NCCL INFO GPU Direct RDMA Disabled for GPU 46000 / HCA 1 (distance 6 > 4)
x3004c0s25b1n0:16550:21333 [1] NCCL INFO New proxy send connection 18 from local rank 0, transport 2
x3004c0s25b1n0:16550:21242 [1] NCCL INFO Connection to proxy localRank 0 -> connection 0x154528001100
x3004c0s25b1n0:16550:21242 [1] NCCL INFO Channel 00/0 : 6[46000] -> 4[46000] [send] via NET/IB/1
x3004c0s25b1n0:16550:21242 [1] NCCL INFO GPU Direct RDMA Disabled for GPU 46000 / HCA 0 (distance 7 > 4)
x3004c0s25b1n0:16550:21333 [1] NCCL INFO New proxy send connection 19 from local rank 0, transport 2
x3004c0s25b1n0:16550:21242 [1] NCCL INFO Connection to proxy localRank 0 -> connection 0x154528001140
x3004c0s25b1n0:16550:21242 [1] NCCL INFO Channel 01/0 : 6[46000] -> 4[46000] [send] via NET/IB/0
x3004c0s25b1n0:16551:21316 [2] NCCL INFO transport/net_ib.cc:596 Ib Alloc Size 26560 pointer 0x14a7800f6000
x3004c0s25b1n0:16551:21316 [2] NCCL INFO NET/IB: Dev 0 Port 1 qpn 10797 mtu 5 GID 0 (80FE/880100FEFF000000)
x3004c0s25b1n0:16551:21316 [2] NCCL INFO transport/net_ib.cc:653 Ib Alloc Size 552 pointer 0x14a78010d000
x3004c0s25b1n0:16551:21316 [2] NCCL INFO transport/net.cc:571 Cuda Host Alloc Size 9641984 pointer 0x14a76e000000
x3004c0s25b1n0:16551:21316 [2] NCCL INFO transport/net_ib.cc:596 Ib Alloc Size 26560 pointer 0x14a78010f000
x3004c0s25b1n0:16551:21316 [2] NCCL INFO NET/IB: Dev 1 Port 1 qpn 11041 mtu 5 GID 0 (80FE/DA0100FEFF000000)
x3004c0s25b1n0:16551:21316 [2] NCCL INFO transport/net_ib.cc:653 Ib Alloc Size 552 pointer 0x14a780126000
x3004c0s25b1n0:16551:21316 [2] NCCL INFO transport/net.cc:571 Cuda Host Alloc Size 9641984 pointer 0x14a76ea00000
x3004c0s25b1n0:16551:21243 [2] NCCL INFO Channel 00/0 : 7[85000] -> 6[7000] via P2P/IPC/read
x3004c0s25b1n0:16551:21316 [2] NCCL INFO New proxy send connection 12 from local rank 1, transport 0
x3004c0s25b1n0:16551:21243 [2] NCCL INFO Connection to proxy localRank 1 -> connection 0x14a780000f80
x3004c0s25b1n0:16551:21316 [2] NCCL INFO transport/p2p.cc:430 Cuda Alloc Size 6291456 pointer 0x14a76f400000
x3004c0s25b1n0:16551:21243 [2] NCCL INFO Channel 01/0 : 7[85000] -> 6[7000] via P2P/IPC/read
x3004c0s25b1n0:16552:21334 [3] NCCL INFO transport/net_ib.cc:596 Ib Alloc Size 26560 pointer 0x150b700e2000
x3004c0s25b1n0:16552:21334 [3] NCCL INFO NET/IB: Dev 1 Port 1 qpn 11042 mtu 5 GID 0 (80FE/DA0100FEFF000000)
x3004c0s25b1n0:16552:21334 [3] NCCL INFO transport/net_ib.cc:653 Ib Alloc Size 552 pointer 0x150b700f9000
x3004c0s25b1n0:16552:21334 [3] NCCL INFO transport/net.cc:571 Cuda Host Alloc Size 9641984 pointer 0x150b66000000
x3004c0s25b1n0:16551:21316 [2] NCCL INFO New proxy send connection 13 from local rank 1, transport 0
x3004c0s25b1n0:16552:21334 [3] NCCL INFO transport/net_ib.cc:596 Ib Alloc Size 26560 pointer 0x150b700fb000
x3004c0s25b1n0:16552:21334 [3] NCCL INFO NET/IB: Dev 0 Port 1 qpn 10798 mtu 5 GID 0 (80FE/880100FEFF000000)
x3004c0s25b1n0:16552:21334 [3] NCCL INFO transport/net_ib.cc:653 Ib Alloc Size 552 pointer 0x150b70112000
x3004c0s25b1n0:16552:21334 [3] NCCL INFO transport/net.cc:571 Cuda Host Alloc Size 9641984 pointer 0x150b66a00000
x3004c0s25b1n0:16552:21247 [3] NCCL INFO Channel 00/0 : 7[c7000] -> 6[46000] via P2P/IPC/read
x3004c0s25b1n0:16552:21334 [3] NCCL INFO New proxy send connection 12 from local rank 1, transport 0
x3004c0s25b1n0:16551:21243 [2] NCCL INFO Connection to proxy localRank 1 -> connection 0x14a780000fc0
x3004c0s25b1n0:16551:21316 [2] NCCL INFO transport/p2p.cc:430 Cuda Alloc Size 6291456 pointer 0x14a76fa00000
x3004c0s25b1n0:16551:21243 [2] NCCL INFO Channel 02/0 : 7[85000] -> 6[7000] via P2P/IPC/read
x3004c0s25b1n0:16551:21316 [2] NCCL INFO New proxy send connection 14 from local rank 1, transport 0
x3004c0s25b1n0:16551:21243 [2] NCCL INFO Connection to proxy localRank 1 -> connection 0x14a780001000
x3004c0s25b1n0:16551:21316 [2] NCCL INFO transport/p2p.cc:430 Cuda Alloc Size 6291456 pointer 0x14a76c000000
x3004c0s25b1n0:16552:21247 [3] NCCL INFO Connection to proxy localRank 1 -> connection 0x150b70000f80
x3004c0s25b1n0:16549:21314 [0] NCCL INFO transport/net_ib.cc:596 Ib Alloc Size 26560 pointer 0x152aa81e2000
x3004c0s25b1n0:16549:21314 [0] NCCL INFO NET/IB: Dev 0 Port 1 qpn 10799 mtu 5 GID 0 (80FE/880100FEFF000000)
x3004c0s25b1n0:16549:21314 [0] NCCL INFO transport/net_ib.cc:653 Ib Alloc Size 552 pointer 0x152aa81f9000
x3004c0s25b1n0:16549:21314 [0] NCCL INFO transport/net.cc:571 Cuda Host Alloc Size 9641984 pointer 0x152a9c000000
x3004c0s25b1n0:16552:21334 [3] NCCL INFO transport/p2p.cc:430 Cuda Alloc Size 6291456 pointer 0x150b67400000
x3004c0s25b1n0:16549:21314 [0] NCCL INFO transport/net_ib.cc:596 Ib Alloc Size 26560 pointer 0x152aa81fb000
x3004c0s25b1n0:16549:21314 [0] NCCL INFO NET/IB: Dev 1 Port 1 qpn 11043 mtu 5 GID 0 (80FE/DA0100FEFF000000)
x3004c0s25b1n0:16549:21314 [0] NCCL INFO transport/net_ib.cc:653 Ib Alloc Size 552 pointer 0x152aa8212000
x3004c0s25b1n0:16549:21314 [0] NCCL INFO transport/net.cc:571 Cuda Host Alloc Size 9641984 pointer 0x152a9ca00000
x3004c0s25b1n0:16551:21243 [2] NCCL INFO Channel 03/0 : 7[85000] -> 6[7000] via P2P/IPC/read
x3004c0s25b1n0:16551:21316 [2] NCCL INFO New proxy send connection 15 from local rank 1, transport 0
x3004c0s25b1n0:16549:21314 [0] NCCL INFO transport/net_ib.cc:683 Ib Alloc Size 21688 pointer 0x152aa8214000
x3004c0s25b1n0:16549:21314 [0] NCCL INFO transport/net_ib.cc:696 Ib Alloc Size 552 pointer 0x152aa821b000
x3004c0s25b1n0:16552:21247 [3] NCCL INFO Channel 01/0 : 7[c7000] -> 6[46000] via P2P/IPC/read
x3004c0s25b1n0:16552:21334 [3] NCCL INFO New proxy send connection 13 from local rank 1, transport 0
x3004c0s25b1n0:16549:21314 [0] NCCL INFO transport/net_ib.cc:771 Ib Alloc Size 552 pointer 0x152aa8236000
x3004c0s25b1n0:16549:21314 [0] NCCL INFO transport/net.cc:698 Cuda Host Alloc Size 9641984 pointer 0x152a9d400000
x3004c0s25b1n0:16551:21243 [2] NCCL INFO Connection to proxy localRank 1 -> connection 0x14a780001040
x3004c0s25b1n0:16551:21316 [2] NCCL INFO transport/p2p.cc:430 Cuda Alloc Size 6291456 pointer 0x14a76c600000
x3004c0s25b1n0:16549:21314 [0] NCCL INFO transport/net_ib.cc:683 Ib Alloc Size 21688 pointer 0x152aa8238000
x3004c0s25b1n0:16549:21314 [0] NCCL INFO transport/net_ib.cc:696 Ib Alloc Size 552 pointer 0x152aa823f000
x3004c0s25b1n0:16552:21247 [3] NCCL INFO Connection to proxy localRank 1 -> connection 0x150b70000fc0
x3004c0s25b1n0:16552:21334 [3] NCCL INFO transport/p2p.cc:430 Cuda Alloc Size 6291456 pointer 0x150b67a00000
x3004c0s25b1n0:16549:21314 [0] NCCL INFO transport/net_ib.cc:771 Ib Alloc Size 552 pointer 0x152aa825a000
x3004c0s25b1n0:16549:21314 [0] NCCL INFO transport/net.cc:698 Cuda Host Alloc Size 9641984 pointer 0x152a9a000000
x3004c0s25b1n0:16552:21247 [3] NCCL INFO Channel 02/0 : 7[c7000] -> 6[46000] via P2P/IPC/read
x3004c0s25b1n0:16552:21334 [3] NCCL INFO New proxy send connection 14 from local rank 1, transport 0
x3004c0s25b1n0:16552:21247 [3] NCCL INFO Connection to proxy localRank 1 -> connection 0x150b70001000
x3004c0s25b1n0:16552:21334 [3] NCCL INFO transport/p2p.cc:430 Cuda Alloc Size 6291456 pointer 0x150b69a00000
x3004c0s25b1n0:16552:21247 [3] NCCL INFO Channel 03/0 : 7[c7000] -> 6[46000] via P2P/IPC/read
x3004c0s25b1n0:16550:21333 [1] NCCL INFO transport/net_ib.cc:596 Ib Alloc Size 26560 pointer 0x1545281e2000
x3004c0s25b1n0:16550:21333 [1] NCCL INFO NET/IB: Dev 1 Port 1 qpn 11046 mtu 5 GID 0 (80FE/DA0100FEFF000000)
x3004c0s25b1n0:16550:21333 [1] NCCL INFO transport/net_ib.cc:653 Ib Alloc Size 552 pointer 0x1545281f9000
x3004c0s25b1n0:16550:21333 [1] NCCL INFO transport/net.cc:571 Cuda Host Alloc Size 9641984 pointer 0x154512000000
x3004c0s25b1n0:16550:21333 [1] NCCL INFO Mem Realloc old size 768, new size 1536 pointer 0x15452816b7d0
x3004c0s25b1n0:16552:21334 [3] NCCL INFO New proxy send connection 15 from local rank 1, transport 0
x3004c0s25b1n0:16549:21314 [0] NCCL INFO New proxy recv connection 20 from local rank 0, transport 0
x3004c0s25b1n0:16552:21247 [3] NCCL INFO Connection to proxy localRank 1 -> connection 0x150b70001040
x3004c0s25b1n0:16552:21334 [3] NCCL INFO transport/p2p.cc:430 Cuda Alloc Size 6291456 pointer 0x150b64000000
x3004c0s25b1n0:16550:21333 [1] NCCL INFO transport/net_ib.cc:596 Ib Alloc Size 26560 pointer 0x1545281fb000
x3004c0s25b1n0:16549:21244 [0] NCCL INFO Connection to proxy localRank 0 -> connection 0x152aa8001180
x3004c0s25b1n0:16549:21314 [0] NCCL INFO transport/p2p.cc:449 Cuda Alloc Size 6291456 pointer 0x152a9aa00000
x3004c0s25b1n0:16550:21333 [1] NCCL INFO NET/IB: Dev 0 Port 1 qpn 10802 mtu 5 GID 0 (80FE/880100FEFF000000)
x3004c0s25b1n0:16550:21333 [1] NCCL INFO transport/net_ib.cc:653 Ib Alloc Size 552 pointer 0x154528212000
x3004c0s25b1n0:16550:21333 [1] NCCL INFO transport/net.cc:571 Cuda Host Alloc Size 9641984 pointer 0x154512a00000
x3004c0s25b1n0:16550:21333 [1] NCCL INFO Mem Realloc old size 768, new size 1536 pointer 0x1545281ee850
x3004c0s25b1n0:16549:21314 [0] NCCL INFO New proxy recv connection 21 from local rank 0, transport 0
x3004c0s25b1n0:16550:21333 [1] NCCL INFO transport/net_ib.cc:683 Ib Alloc Size 21688 pointer 0x154528214000
x3004c0s25b1n0:16550:21333 [1] NCCL INFO transport/net_ib.cc:696 Ib Alloc Size 552 pointer 0x15452821b000
x3004c0s25b1n0:16550:21333 [1] NCCL INFO transport/net_ib.cc:771 Ib Alloc Size 552 pointer 0x154528236000
x3004c0s25b1n0:16550:21333 [1] NCCL INFO transport/net.cc:698 Cuda Host Alloc Size 9641984 pointer 0x154513400000
x3004c0s25b1n0:16549:21244 [0] NCCL INFO Connection to proxy localRank 0 -> connection 0x152aa80011c0
x3004c0s25b1n0:16549:21314 [0] NCCL INFO transport/p2p.cc:449 Cuda Alloc Size 6291456 pointer 0x152a9b000000
x3004c0s25b1n0:16550:21333 [1] NCCL INFO transport/net_ib.cc:683 Ib Alloc Size 21688 pointer 0x154528238000
x3004c0s25b1n0:16550:21333 [1] NCCL INFO transport/net_ib.cc:696 Ib Alloc Size 552 pointer 0x15452823f000
x3004c0s25b1n0:16550:21333 [1] NCCL INFO transport/net_ib.cc:771 Ib Alloc Size 552 pointer 0x15452825a000
x3004c0s25b1n0:16550:21333 [1] NCCL INFO transport/net.cc:698 Cuda Host Alloc Size 9641984 pointer 0x154510000000
x3004c0s25b1n0:16549:21314 [0] NCCL INFO New proxy recv connection 22 from local rank 0, transport 0
x3004c0s25b1n0:16549:21244 [0] NCCL INFO Connection to proxy localRank 0 -> connection 0x152aa8001200
x3004c0s25b1n0:16550:21333 [1] NCCL INFO New proxy recv connection 20 from local rank 0, transport 0
x3004c0s25b1n0:16549:21314 [0] NCCL INFO transport/p2p.cc:449 Cuda Alloc Size 6291456 pointer 0x152a9b600000
x3004c0s25b1n0:16550:21242 [1] NCCL INFO Connection to proxy localRank 0 -> connection 0x154528001180
x3004c0s25b1n0:16550:21333 [1] NCCL INFO transport/p2p.cc:449 Cuda Alloc Size 6291456 pointer 0x154510a00000
x3004c0s25b1n0:16549:21314 [0] NCCL INFO New proxy recv connection 23 from local rank 0, transport 0
x3004c0s25b1n0:16550:21333 [1] NCCL INFO New proxy recv connection 21 from local rank 0, transport 0
x3004c0s25b1n0:16550:21242 [1] NCCL INFO Connection to proxy localRank 0 -> connection 0x1545280011c0
x3004c0s25b1n0:16549:21244 [0] NCCL INFO Connection to proxy localRank 0 -> connection 0x152aa8001240
x3004c0s25b1n0:16549:21314 [0] NCCL INFO transport/p2p.cc:449 Cuda Alloc Size 6291456 pointer 0x152a98000000
x3004c0s25b1n0:16549:21244 [0] NCCL INFO Connected all trees by HAO
x3004c0s25b1n0:16549:21244 [0] NCCL INFO threadThresholds 8/8/64 | 80/8/64 | 512 | 512
x3004c0s25b1n0:16549:21244 [0] NCCL INFO 4 coll channels, 4 p2p channels, 2 p2p channels per peer
x3004c0s25b1n0:16551:21243 [2] NCCL INFO Connected all trees by HAO
x3004c0s25b1n0:16551:21243 [2] NCCL INFO threadThresholds 8/8/64 | 80/8/64 | 512 | 512
x3004c0s25b1n0:16551:21243 [2] NCCL INFO 4 coll channels, 4 p2p channels, 2 p2p channels per peer
x3004c0s25b1n0:16551:21316 [2] NCCL INFO New proxy send connection 16 from local rank 1, transport 2
x3004c0s25b1n0:16550:21333 [1] NCCL INFO transport/p2p.cc:449 Cuda Alloc Size 6291456 pointer 0x154511000000
x3004c0s25b1n0:16549:21314 [0] NCCL INFO New proxy send connection 24 from local rank 0, transport 2
x3004c0s25b1n0:16550:21333 [1] NCCL INFO New proxy recv connection 22 from local rank 0, transport 0
x3004c0s25b1n0:16550:21242 [1] NCCL INFO Connection to proxy localRank 0 -> connection 0x154528001200
x3004c0s25b1n0:16550:21333 [1] NCCL INFO transport/p2p.cc:449 Cuda Alloc Size 6291456 pointer 0x154511600000
x3004c0s25b1n0:16551:21243 [2] NCCL INFO Connection to proxy localRank 1 -> connection 0x14a780001080
x3004c0s25b1n0:16551:21316 [2] NCCL INFO transport/net.cc:376 Cuda Alloc Size 8388608 pointer 0x14a76a600000
x3004c0s25b1n0:16550:21333 [1] NCCL INFO New proxy recv connection 23 from local rank 0, transport 0
x3004c0s25b1n0:16549:21244 [0] NCCL INFO Connection to proxy localRank 0 -> connection 0x152aa8001280
x3004c0s25b1n0:16549:21244 [0] NCCL INFO init.cc:367 Cuda Alloc Size 5168 pointer 0x152b4be14400
x3004c0s25b1n0:16551:21243 [2] NCCL INFO init.cc:367 Cuda Alloc Size 5168 pointer 0x14a817e14400
x3004c0s25b1n0:16551:21243 [2] NCCL INFO init.cc:392 Cuda Host Alloc Size 33554432 pointer 0x14a768000000
x3004c0s25b1n0:16551:21243 [2] NCCL INFO init.cc:398 Cuda Host Alloc Size 128 pointer 0x14a817400a00
x3004c0s25b1n0:16551:21243 [2] NCCL INFO comm 0x55c70395ca00 rank 7 nranks 10 cudaDev 2 busId 85000 - Init COMPLETE
x3004c0s25b1n0:16551:16551 [2] NCCL INFO AllReduce: opCount 0 sendbuff 0x14a813a00400 recvbuff 0x14a813a00400 count 1 datatype 4 op 0 root 0 comm 0x55c70395ca00 [nranks=10] stream 0x55c7022e4750
x3004c0s25b1n0:16551:16551 [2] NCCL INFO misc/utils.cc:235 memory stack hunk malloc(65536)
[LYD INFO in ncclLaunchKernel (enqueue.cc)] NCHANNELS is: 4x3004c0s25b1n0:16550:21242 [1] NCCL INFO Connection to proxy localRank 0 -> connection 0x154528001240
x3004c0s25b1n0:16550:21333 [1] NCCL INFO transport/p2p.cc:449 Cuda Alloc Size 6291456 pointer 0x15450e000000
x3004c0s25b1n0:16549:21244 [0] NCCL INFO init.cc:392 Cuda Host Alloc Size 33554432 pointer 0x152a96000000
x3004c0s25b1n0:16549:21244 [0] NCCL INFO init.cc:398 Cuda Host Alloc Size 128 pointer 0x152b4b400a00
x3004c0s25b1n0:16549:21244 [0] NCCL INFO comm 0x55b2ad141b30 rank 6 nranks 10 cudaDev 0 busId 7000 - Init COMPLETE
x3004c0s25b1n0:16549:21314 [0] NCCL INFO transport/net.cc:376 Cuda Alloc Size 8388608 pointer 0x152a94000000
x3004c0s25b1n0:16549:16549 [0] NCCL INFO AllReduce: opCount 0 sendbuff 0x152b47c00400 recvbuff 0x152b47c00400 count 1 datatype 4 op 0 root 0 comm 0x55b2ad141b30 [nranks=10] stream 0x55b2a9ea3520
x3004c0s25b1n0:16549:16549 [0] NCCL INFO misc/utils.cc:235 memory stack hunk malloc(65536)
[LYD INFO in ncclLaunchKernel (enqueue.cc)] NCHANNELS is: 4x3004c0s25b1n0:16550:21242 [1] NCCL INFO Connected all trees by HAO
x3004c0s25b1n0:16550:21242 [1] NCCL INFO threadThresholds 8/8/64 | 80/8/64 | 512 | 512
x3004c0s25b1n0:16550:21242 [1] NCCL INFO 4 coll channels, 4 p2p channels, 2 p2p channels per peer

[LYD INFO in NCCL_KERN_NAME (common.h)] 6 AllReduce TREE LL Sum int64_t Elapsed time: 31932 us

[LYD INFO in NCCL_KERN_NAME (common.h)] 7 AllReduce TREE LL Sum int64_t Elapsed time: 82970 us
x3004c0s25b1n0:16550:21333 [1] NCCL INFO New proxy send connection 24 from local rank 0, transport 2
x3004c0s25b1n0:16552:21247 [3] NCCL INFO Connected all trees by HAO
x3004c0s25b1n0:16552:21247 [3] NCCL INFO threadThresholds 8/8/64 | 80/8/64 | 512 | 512
x3004c0s25b1n0:16552:21247 [3] NCCL INFO 4 coll channels, 4 p2p channels, 2 p2p channels per peer
x3004c0s25b1n0:16552:21334 [3] NCCL INFO New proxy send connection 16 from local rank 1, transport 2
x3004c0s25b1n0:16550:21242 [1] NCCL INFO Connection to proxy localRank 0 -> connection 0x154528001280
x3004c0s25b1n0:16550:21333 [1] NCCL INFO transport/net.cc:376 Cuda Alloc Size 8388608 pointer 0x15450c000000
x3004c0s25b1n0:16552:21247 [3] NCCL INFO Connection to proxy localRank 1 -> connection 0x150b70001080
x3004c0s25b1n0:16552:21247 [3] NCCL INFO init.cc:367 Cuda Alloc Size 5168 pointer 0x150c07e14400
x3004c0s25b1n0:16550:21242 [1] NCCL INFO init.cc:367 Cuda Alloc Size 5168 pointer 0x15459d814400
[Hao INFO in ncclAllReduce (all_reduce.cc)] rank 0 ncclAllReduce: count: 1, datatype: ncclInt64, message size: 8 Bytes
x3004c0s25b1n0:16549:16549 [0] NCCL INFO AllReduce: opCount 1 sendbuff 0x152b47c00400 recvbuff 0x152b47c00400 count 1 datatype 4 op 0 root 0 comm 0x55b2ab7b0ce0 [nranks=2] stream 0x55b2a9ea33e0

[LYD INFO in ncclAllReduce (all_reduce.cc)] rank 0 AllReduce Time: 0.000052000 seconds

[LYD INFO in getAlgoInfo (enqueue.cc)] algorithm a is: 0

[LYD INFO in getAlgoInfo (enqueue.cc)] algorithm a is: 1

[LYD INFO in getAlgoInfo (enqueue.cc)] rank: 0, Duration between Point 1 and Point 2: 0.000002000 seconds

[LYD INFO in getAlgoInfo (enqueue.cc)] rank 0, Duration between Point 2 and Point 3: 0.000001000 seconds
[LYD INFO in getAlgoInfo (enqueue.cc)] out rank: 0
[LYD INFO in getAlgoInfo (enqueue.cc)] out coll: 4
[LYD INFO in getAlgoInfo (enqueue.cc)] out sendbuff address: 0x152b47c00400
[LYD INFO in getAlgoInfo (enqueue.cc)] out recvbuff address: 0x152b47c00400
[LYD INFO in getAlgoInfo (enqueue.cc)] out count: 1
[LYD INFO in getAlgoInfo (enqueue.cc)] out datatype: 4
[LYD INFO in getAlgoInfo (enqueue.cc)] out chunkSteps: 4
[LYD INFO in getAlgoInfo (enqueue.cc)] out sliceSteps: 2
[LYD INFO in getAlgoInfo (enqueue.cc)] out algorithm: 1
[LYD INFO in getAlgoInfo (enqueue.cc)] out protocol: 0
[LYD INFO in getAlgoInfo (enqueue.cc)] out nChannels: 1
[LYD INFO in getAlgoInfo (enqueue.cc)] out nThreads: 96
[LYD INFO in getAlgoInfo (enqueue.cc)] out nBytes: 8
[LYD INFO in getAlgoInfo (enqueue.cc)] out nstepsPerLoop: 0
[LYD INFO in getAlgoInfo (enqueue.cc)] out nchunksPerLoop: 0
[LYD INFO in getAlgoInfo (enqueue.cc)] out chunkSize: 0
[LYD INFO in ncclLaunchKernel (enqueue.cc)] NCHANNELS is: 8x3004c0s25b1n0:16549:16549 [0] NCCL INFO AllReduce: opCount 1 sendbuff 0x152b47c00400 recvbuff 0x152b47c00400 count 1 datatype 4 op 0 root 0 comm 0x55b2ad141b30 [nranks=10] stream 0x55b2a9ea3520
[LYD INFO in ncclLaunchKernel (enqueue.cc)] NCHANNELS is: 4[Hao INFO in ncclAllReduce (all_reduce.cc)] rank 2 ncclAllReduce: count: 1, datatype: ncclInt64, message size: 8 Bytes
x3004c0s25b1n0:16551:16551 [2] NCCL INFO AllReduce: opCount 1 sendbuff 0x14a813a00400 recvbuff 0x14a813a00400 count 1 datatype 4 op 0 root 0 comm 0x55c703b27020 [nranks=2] stream 0x55c7022e4610

[LYD INFO in ncclAllReduce (all_reduce.cc)] rank 0 AllReduce Time: 0.000017000 seconds

[LYD INFO in getAlgoInfo (enqueue.cc)] algorithm a is: 0

[LYD INFO in getAlgoInfo (enqueue.cc)] algorithm a is: 1

[LYD INFO in getAlgoInfo (enqueue.cc)] rank: 0, Duration between Point 1 and Point 2: 0.000003000 seconds

[LYD INFO in getAlgoInfo (enqueue.cc)] rank 0, Duration between Point 2 and Point 3: 0.000001000 seconds
[LYD INFO in getAlgoInfo (enqueue.cc)] out rank: 0
[LYD INFO in getAlgoInfo (enqueue.cc)] out coll: 4
[LYD INFO in getAlgoInfo (enqueue.cc)] out sendbuff address: 0x14a813a00400
[LYD INFO in getAlgoInfo (enqueue.cc)] out recvbuff address: 0x14a813a00400
[LYD INFO in getAlgoInfo (enqueue.cc)] out count: 1
[LYD INFO in getAlgoInfo (enqueue.cc)] out datatype: 4
[LYD INFO in getAlgoInfo (enqueue.cc)] out chunkSteps: 4
[LYD INFO in getAlgoInfo (enqueue.cc)] out sliceSteps: 2
[LYD INFO in getAlgoInfo (enqueue.cc)] out algorithm: 1
[LYD INFO in getAlgoInfo (enqueue.cc)] out protocol: 0
[LYD INFO in getAlgoInfo (enqueue.cc)] out nChannels: 1
[LYD INFO in getAlgoInfo (enqueue.cc)] out nThreads: 96
[LYD INFO in getAlgoInfo (enqueue.cc)] out nBytes: 8
[LYD INFO in getAlgoInfo (enqueue.cc)] out nstepsPerLoop: 0
[LYD INFO in getAlgoInfo (enqueue.cc)] out nchunksPerLoop: 0
[LYD INFO in getAlgoInfo (enqueue.cc)] out chunkSize: 0
[LYD INFO in ncclLaunchKernel (enqueue.cc)] NCHANNELS is: 8x3004c0s25b1n0:16551:16551 [2] NCCL INFO AllReduce: opCount 1 sendbuff 0x14a813a00400 recvbuff 0x14a813a00400 count 1 datatype 4 op 0 root 0 comm 0x55c70395ca00 [nranks=10] stream 0x55c7022e4750
[LYD INFO in ncclLaunchKernel (enqueue.cc)] NCHANNELS is: 4x3004c0s25b1n0:16550:21242 [1] NCCL INFO init.cc:392 Cuda Host Alloc Size 33554432 pointer 0x15450a000000
x3004c0s25b1n0:16550:21242 [1] NCCL INFO init.cc:398 Cuda Host Alloc Size 128 pointer 0x15459ce00a00
x3004c0s25b1n0:16550:21242 [1] NCCL INFO comm 0x5602cb9c8ab0 rank 6 nranks 10 cudaDev 1 busId 46000 - Init COMPLETE
x3004c0s25b1n0:16550:16550 [1] NCCL INFO AllReduce: opCount 0 sendbuff 0x1545df600400 recvbuff 0x1545df600400 count 1 datatype 4 op 0 root 0 comm 0x5602cb9c8ab0 [nranks=10] stream 0x5602c883c080
x3004c0s25b1n0:16550:16550 [1] NCCL INFO misc/utils.cc:235 memory stack hunk malloc(65536)
[LYD INFO in ncclLaunchKernel (enqueue.cc)] NCHANNELS is: 4x3004c0s25b1n0:16552:21247 [3] NCCL INFO init.cc:392 Cuda Host Alloc Size 33554432 pointer 0x150b62000000
x3004c0s25b1n0:16552:21247 [3] NCCL INFO init.cc:398 Cuda Host Alloc Size 128 pointer 0x150c07400a00
x3004c0s25b1n0:16552:21247 [3] NCCL INFO comm 0x55c8be804f40 rank 7 nranks 10 cudaDev 3 busId c7000 - Init COMPLETE
x3004c0s25b1n0:16552:21334 [3] NCCL INFO transport/net.cc:376 Cuda Alloc Size 8388608 pointer 0x150b60000000
x3004c0s25b1n0:16552:16552 [3] NCCL INFO AllReduce: opCount 0 sendbuff 0x150c03a00400 recvbuff 0x150c03a00400 count 1 datatype 4 op 0 root 0 comm 0x55c8be804f40 [nranks=10] stream 0x55c8bc754bd0
x3004c0s25b1n0:16552:16552 [3] NCCL INFO misc/utils.cc:235 memory stack hunk malloc(65536)
[LYD INFO in ncclLaunchKernel (enqueue.cc)] NCHANNELS is: 4
[LYD INFO in NCCL_KERN_NAME (common.h)] 7 AllReduce TREE LL Sum int64_t Elapsed time: 132679 us
x3004c0s25b1n0:16552:16552 [3] NCCL INFO AllReduce: opCount 1 sendbuff 0x150c03a00400 recvbuff 0x150c03a00400 count 1 datatype 4 op 0 root 0 comm 0x55c8bf8ab270 [nranks=2] stream 0x55c8bc777040
[LYD INFO in ncclLaunchKernel (enqueue.cc)] NCHANNELS is: 8x3004c0s25b1n0:16552:16552 [3] NCCL INFO AllReduce: opCount 1 sendbuff 0x150c03a00400 recvbuff 0x150c03a00400 count 1 datatype 4 op 0 root 0 comm 0x55c8be804f40 [nranks=10] stream 0x55c8bc754bd0
[LYD INFO in ncclLaunchKernel (enqueue.cc)] NCHANNELS is: 4
[LYD INFO in NCCL_KERN_NAME (common.h)] 6 AllReduce TREE LL Sum int64_t Elapsed time: 204428 us

[LYD INFO in NCCL_KERN_NAME (common.h)] 0 AllReduce RING LL Sum int64_t Elapsed time: 249001 us

[LYD INFO in NCCL_KERN_NAME (common.h)] 1 AllReduce RING LL Sum int64_t Elapsed time: 7 us
x3004c0s25b1n0:16550:16550 [1] NCCL INFO AllReduce: opCount 1 sendbuff 0x1545df600400 recvbuff 0x1545df600400 count 1 datatype 4 op 0 root 0 comm 0x5602ca073550 [nranks=2] stream 0x5602c883bf40
[LYD INFO in ncclLaunchKernel (enqueue.cc)] NCHANNELS is: 8x3004c0s25b1n0:16550:16550 [1] NCCL INFO AllReduce: opCount 1 sendbuff 0x1545df600400 recvbuff 0x1545df600400 count 1 datatype 4 op 0 root 0 comm 0x5602cb9c8ab0 [nranks=10] stream 0x5602c883c080
[LYD INFO in ncclLaunchKernel (enqueue.cc)] NCHANNELS is: 4
[LYD INFO in NCCL_KERN_NAME (common.h)] 0 AllReduce RING LL Sum int64_t Elapsed time: 325770 us

[LYD INFO in NCCL_KERN_NAME (common.h)] 1 AllReduce RING LL Sum int64_t Elapsed time: 7 us
