x3103c0s25b0n0:63425:1968 [1] NCCL INFO Mem Realloc old size 0, new size 8 pointer 0x146d20000c60
x3103c0s25b0n0:63425:1968 [1] NCCL INFO Allocated 4194656 bytes of shared memory in /dev/shm/nccl-RPY9n5

x3103c0s25b0n0:63425:1968 [1] NCCL INFO New proxy recv connection 0 from local rank 1, transport 2
x3103c0s25b0n0:63426:1846 [2] NCCL INFO Ring 00 : 0 -> 2 -> 3
x3103c0s25b0n0:63426:1846 [2] NCCL INFO Ring 01 : 0 -> 2 -> 3
x3103c0s25b0n0:63426:1846 [2] NCCL INFO Ring 02 : 0 -> 2 -> 3
x3103c0s25b0n0:63426:1846 [2] NCCL INFO Ring 03 : 0 -> 2 -> 3
x3103c0s25b0n0:63426:1846 [2] NCCL INFO Trees [0] 3/-1/-1->2->1 [1] 3/-1/-1->2->1 [2] 3/-1/-1->2->1 [3] 3/-1/-1->2->1
x3103c0s25b0n0:63426:1846 [2] NCCL INFO misc/utils.cc:235 memory stack hunk malloc(65536)
x3103c0s25b0n0:63426:1846 [2] NCCL INFO channel.cc:23 Cuda Alloc Size 6528 pointer 0x14cccbe08600
x3103c0s25b0n0:63426:1846 [2] NCCL INFO channel.cc:27 Cuda Alloc Size 64 pointer 0x14cccbe0a000
x3103c0s25b0n0:63426:1846 [2] NCCL INFO channel.cc:23 Cuda Alloc Size 6528 pointer 0x14cccbe0a200
x3103c0s25b0n0:63426:1846 [2] NCCL INFO channel.cc:27 Cuda Alloc Size 64 pointer 0x14cccbe0bc00
x3103c0s25b0n0:63426:1846 [2] NCCL INFO channel.cc:23 Cuda Alloc Size 6528 pointer 0x14cccbe0be00
x3103c0s25b0n0:63426:1846 [2] NCCL INFO channel.cc:27 Cuda Alloc Size 64 pointer 0x14cccbe0d800
x3103c0s25b0n0:63426:1846 [2] NCCL INFO channel.cc:23 Cuda Alloc Size 6528 pointer 0x14cccbe0da00
x3103c0s25b0n0:63426:1846 [2] NCCL INFO channel.cc:27 Cuda Alloc Size 64 pointer 0x14cccbe0f400
x3103c0s25b0n0:63426:1846 [2] NCCL INFO Channel 00/0 : 2[85000] -> 3[c7000] via P2P/IPC/read
x3103c0s25b0n0:63424:1845 [0] NCCL INFO Tree 0 : -1 -> 0 -> 1/8/-1
x3103c0s25b0n0:63424:1845 [0] NCCL INFO Tree 2 : 4 -> 0 -> 1/-1/-1
x3103c0s25b0n0:63424:1845 [0] NCCL INFO Tree 1 : -1 -> 0 -> 1/8/-1
x3103c0s25b0n0:63424:1845 [0] NCCL INFO Tree 3 : 4 -> 0 -> 1/-1/-1
x3103c0s25b0n0:63424:1845 [0] NCCL INFO Channel 00/04 :    0   2   3   5   4   6   7   9   8  10  11  13  12  14  15   1
x3103c0s25b0n0:63424:1845 [0] NCCL INFO Channel 01/04 :    0   2   3   5   4   6   7   9   8  10  11  13  12  14  15   1
x3103c0s25b0n0:63424:1845 [0] NCCL INFO Channel 02/04 :    0   2   3   5   4   6   7   9   8  10  11  13  12  14  15   1
x3103c0s25b0n0:63424:1845 [0] NCCL INFO Channel 03/04 :    0   2   3   5   4   6   7   9   8  10  11  13  12  14  15   1
x3103c0s25b0n0:63424:1845 [0] NCCL INFO Ring 00 : 1 -> 0 -> 2
x3103c0s25b0n0:63424:1845 [0] NCCL INFO Ring 01 : 1 -> 0 -> 2
x3103c0s25b0n0:63424:1845 [0] NCCL INFO Ring 02 : 1 -> 0 -> 2
x3103c0s25b0n0:63424:1845 [0] NCCL INFO Ring 03 : 1 -> 0 -> 2
x3103c0s25b0n0:63424:1845 [0] NCCL INFO Trees [0] 1/8/-1->0->-1 [1] 1/8/-1->0->-1 [2] 1/-1/-1->0->4 [3] 1/-1/-1->0->4
x3103c0s25b0n0:63424:1845 [0] NCCL INFO misc/utils.cc:235 memory stack hunk malloc(65536)
x3103c0s25b0n0:63424:1845 [0] NCCL INFO channel.cc:23 Cuda Alloc Size 6528 pointer 0x154624008600
x3103c0s25b0n0:63424:1845 [0] NCCL INFO channel.cc:27 Cuda Alloc Size 64 pointer 0x15462400a000
x3103c0s25b0n0:63424:1845 [0] NCCL INFO channel.cc:23 Cuda Alloc Size 6528 pointer 0x15462400a200
x3103c0s25b0n0:63424:1845 [0] NCCL INFO channel.cc:27 Cuda Alloc Size 64 pointer 0x15462400bc00
x3103c0s25b0n0:63424:1845 [0] NCCL INFO channel.cc:23 Cuda Alloc Size 6528 pointer 0x15462400be00
x3103c0s25b0n0:63424:1845 [0] NCCL INFO channel.cc:27 Cuda Alloc Size 64 pointer 0x15462400d800
x3103c0s25b0n0:63424:1845 [0] NCCL INFO channel.cc:23 Cuda Alloc Size 6528 pointer 0x15462400da00
x3103c0s25b0n0:63424:1845 [0] NCCL INFO channel.cc:27 Cuda Alloc Size 64 pointer 0x15462400f400
x3103c0s25b0n0:63424:1845 [0] NCCL INFO Channel 00/0 : 0[7000] -> 2[85000] via P2P/IPC/read
x3103c0s25b0n0:63426:1966 [2] NCCL INFO Mem Realloc old size 0, new size 8 pointer 0x14cab8000c60
x3103c0s25b0n0:63426:1966 [2] NCCL INFO New proxy send connection 0 from local rank 2, transport 0
x3103c0s25b0n0:63424:1960 [0] NCCL INFO Mem Realloc old size 0, new size 8 pointer 0x154418000c60
x3103c0s25b0n0:63424:1960 [0] NCCL INFO New proxy send connection 0 from local rank 0, transport 0
x3103c0s25b0n0:63425:1848 [1] NCCL INFO Connection to proxy localRank 1 -> connection 0x146d20000c80
x3103c0s25b0n0:63427:1967 [3] NCCL INFO New proxy recv connection 1 from local rank 3, transport 0
x3103c0s25b0n0:63427:1847 [3] NCCL INFO Connection to proxy localRank 3 -> connection 0x146710000cc0
x3103c0s25b0n0:63424:1845 [0] NCCL INFO Connection to proxy localRank 0 -> connection 0x154418000c80
x3103c0s25b0n0:63424:1960 [0] NCCL INFO transport/p2p.cc:430 Cuda Alloc Size 6291456 pointer 0x154421a00000
x3103c0s25b0n0:63424:1845 [0] NCCL INFO Channel 01/0 : 0[7000] -> 2[85000] via P2P/IPC/read
x3103c0s25b0n0:63426:1846 [2] NCCL INFO Connection to proxy localRank 2 -> connection 0x14cab8000c80
x3103c0s25b0n0:63426:1966 [2] NCCL INFO transport/p2p.cc:430 Cuda Alloc Size 6291456 pointer 0x14cac7a00000
x3103c0s25b0n0:63425:1848 [1] NCCL INFO Channel 00/0 : 15[c7000] -> 1[46000] [receive] via NET/IB/1
x3103c0s25b0n0:63425:1848 [1] NCCL INFO GPU Direct RDMA Disabled for GPU 46000 / HCA 0 (distance 7 > 4)
x3103c0s25b0n0:63425:1968 [1] NCCL INFO New proxy recv connection 1 from local rank 1, transport 2
x3103c0s25b0n0:63424:1960 [0] NCCL INFO New proxy send connection 1 from local rank 0, transport 0
x3103c0s25b0n0:63427:1967 [3] NCCL INFO transport/p2p.cc:449 Cuda Alloc Size 6291456 pointer 0x146721600000
x3103c0s25b0n0:63424:1845 [0] NCCL INFO Connection to proxy localRank 0 -> connection 0x154418000cc0
x3103c0s25b0n0:63424:1960 [0] NCCL INFO transport/p2p.cc:430 Cuda Alloc Size 6291456 pointer 0x154423600000
x3103c0s25b0n0:63426:1846 [2] NCCL INFO Channel 01/0 : 2[85000] -> 3[c7000] via P2P/IPC/read
x3103c0s25b0n0:63426:1966 [2] NCCL INFO New proxy send connection 1 from local rank 2, transport 0
x3103c0s25b0n0:63425:1848 [1] NCCL INFO Connection to proxy localRank 1 -> connection 0x146d20000cc0
x3103c0s25b0n0:63424:1845 [0] NCCL INFO Channel 02/0 : 0[7000] -> 2[85000] via P2P/IPC/read
x3103c0s25b0n0:63424:1960 [0] NCCL INFO New proxy send connection 2 from local rank 0, transport 0
x3103c0s25b0n0:63426:1846 [2] NCCL INFO Connection to proxy localRank 2 -> connection 0x14cab8000cc0
x3103c0s25b0n0:63426:1966 [2] NCCL INFO transport/p2p.cc:430 Cuda Alloc Size 6291456 pointer 0x14cac9600000
x3103c0s25b0n0:63427:1967 [3] NCCL INFO New proxy recv connection 2 from local rank 3, transport 0
x3103c0s25b0n0:63424:1845 [0] NCCL INFO Connection to proxy localRank 0 -> connection 0x154418000d00
x3103c0s25b0n0:63424:1960 [0] NCCL INFO transport/p2p.cc:430 Cuda Alloc Size 6291456 pointer 0x154427600000
x3103c0s25b0n0:63426:1846 [2] NCCL INFO Channel 02/0 : 2[85000] -> 3[c7000] via P2P/IPC/read
x3103c0s25b0n0:63426:1966 [2] NCCL INFO New proxy send connection 2 from local rank 2, transport 0
x3103c0s25b0n0:63427:1847 [3] NCCL INFO Connection to proxy localRank 3 -> connection 0x146710000d00
x3103c0s25b0n0:63427:1967 [3] NCCL INFO transport/p2p.cc:449 Cuda Alloc Size 6291456 pointer 0x146725600000
x3103c0s25b0n0:63425:1848 [1] NCCL INFO Channel 01/0 : 15[c7000] -> 1[46000] [receive] via NET/IB/0
x3103c0s25b0n0:63425:1848 [1] NCCL INFO GPU Direct RDMA Disabled for GPU 46000 / HCA 1 (distance 6 > 4)
x3103c0s25b0n0:63425:1968 [1] NCCL INFO New proxy recv connection 2 from local rank 1, transport 2
x3103c0s25b0n0:63425:1848 [1] NCCL INFO Connection to proxy localRank 1 -> connection 0x146d20000d00
x3103c0s25b0n0:63424:1845 [0] NCCL INFO Channel 03/0 : 0[7000] -> 2[85000] via P2P/IPC/read
x3103c0s25b0n0:63426:1846 [2] NCCL INFO Connection to proxy localRank 2 -> connection 0x14cab8000d00
x3103c0s25b0n0:63426:1966 [2] NCCL INFO transport/p2p.cc:430 Cuda Alloc Size 6291456 pointer 0x14cacd600000
x3103c0s25b0n0:63424:1960 [0] NCCL INFO New proxy send connection 3 from local rank 0, transport 0
x3103c0s25b0n0:63427:1967 [3] NCCL INFO New proxy recv connection 3 from local rank 3, transport 0
x3103c0s25b0n0:63424:1845 [0] NCCL INFO Connection to proxy localRank 0 -> connection 0x154418000d40
x3103c0s25b0n0:63424:1960 [0] NCCL INFO transport/p2p.cc:430 Cuda Alloc Size 6291456 pointer 0x154429600000
x3103c0s25b0n0:63426:1846 [2] NCCL INFO Channel 03/0 : 2[85000] -> 3[c7000] via P2P/IPC/read
x3103c0s25b0n0:63426:1966 [2] NCCL INFO New proxy send connection 3 from local rank 2, transport 0
x3103c0s25b0n0:63427:1847 [3] NCCL INFO Connection to proxy localRank 3 -> connection 0x146710000d40
x3103c0s25b0n0:63425:1848 [1] NCCL INFO Channel 02/0 : 15[c7000] -> 1[46000] [receive] via NET/IB/1
x3103c0s25b0n0:63425:1848 [1] NCCL INFO GPU Direct RDMA Disabled for GPU 46000 / HCA 0 (distance 7 > 4)
x3103c0s25b0n0:63427:1967 [3] NCCL INFO transport/p2p.cc:449 Cuda Alloc Size 6291456 pointer 0x146727600000
x3103c0s25b0n0:63425:1968 [1] NCCL INFO New proxy recv connection 3 from local rank 1, transport 2
x3103c0s25b0n0:63426:1846 [2] NCCL INFO Connection to proxy localRank 2 -> connection 0x14cab8000d40
x3103c0s25b0n0:63426:1966 [2] NCCL INFO transport/p2p.cc:430 Cuda Alloc Size 6291456 pointer 0x14cacf600000
x3103c0s25b0n0:63425:1848 [1] NCCL INFO Connection to proxy localRank 1 -> connection 0x146d20000d40
x3103c0s25b0n0:63427:1847 [3] NCCL INFO GPU Direct RDMA Disabled for GPU c7000 / HCA 1 (distance 7 > 4)
x3103c0s25b0n0:63426:1966 [2] NCCL INFO New proxy recv connection 4 from local rank 2, transport 0
x3103c0s25b0n0:63427:1967 [3] NCCL INFO Allocated 4194656 bytes of shared memory in /dev/shm/nccl-iqj2qe

x3103c0s25b0n0:63427:1967 [3] NCCL INFO New proxy send connection 4 from local rank 3, transport 2
x3103c0s25b0n0:63425:1848 [1] NCCL INFO Channel 03/0 : 15[c7000] -> 1[46000] [receive] via NET/IB/0
x3103c0s25b0n0:63426:1846 [2] NCCL INFO Connection to proxy localRank 2 -> connection 0x14cab8000d80
x3103c0s25b0n0:63426:1966 [2] NCCL INFO transport/p2p.cc:449 Cuda Alloc Size 6291456 pointer 0x14cad9600000
x3103c0s25b0n0:63426:1966 [2] NCCL INFO New proxy recv connection 5 from local rank 2, transport 0
x3103c0s25b0n0:63426:1846 [2] NCCL INFO Connection to proxy localRank 2 -> connection 0x14cab8000dc0
x3103c0s25b0n0:63427:1847 [3] NCCL INFO Connection to proxy localRank 3 -> connection 0x146710000d80
x3103c0s25b0n0:63427:1847 [3] NCCL INFO Channel 00/0 : 3[c7000] -> 5[46000] [send] via NET/IB/1
x3103c0s25b0n0:63427:1847 [3] NCCL INFO GPU Direct RDMA Disabled for GPU c7000 / HCA 0 (distance 6 > 4)
x3103c0s25b0n0:63427:1967 [3] NCCL INFO New proxy send connection 5 from local rank 3, transport 2
x3103c0s25b0n0:63427:1847 [3] NCCL INFO Connection to proxy localRank 3 -> connection 0x146710000dc0
x3103c0s25b0n0:63427:1847 [3] NCCL INFO Channel 01/0 : 3[c7000] -> 5[46000] [send] via NET/IB/0
x3103c0s25b0n0:63427:1847 [3] NCCL INFO GPU Direct RDMA Disabled for GPU c7000 / HCA 1 (distance 7 > 4)
x3103c0s25b0n0:63427:1967 [3] NCCL INFO New proxy send connection 6 from local rank 3, transport 2
x3103c0s25b0n0:63426:1966 [2] NCCL INFO transport/p2p.cc:449 Cuda Alloc Size 6291456 pointer 0x14cadb600000
x3103c0s25b0n0:63427:1847 [3] NCCL INFO Connection to proxy localRank 3 -> connection 0x146710000e00
x3103c0s25b0n0:63427:1847 [3] NCCL INFO Channel 02/0 : 3[c7000] -> 5[46000] [send] via NET/IB/1
x3103c0s25b0n0:63427:1847 [3] NCCL INFO GPU Direct RDMA Disabled for GPU c7000 / HCA 0 (distance 6 > 4)
x3103c0s25b0n0:63427:1967 [3] NCCL INFO New proxy send connection 7 from local rank 3, transport 2
x3103c0s25b0n0:63426:1966 [2] NCCL INFO New proxy recv connection 6 from local rank 2, transport 0
x3103c0s25b0n0:63427:1847 [3] NCCL INFO Connection to proxy localRank 3 -> connection 0x146710000e40
x3103c0s25b0n0:63427:1847 [3] NCCL INFO Channel 03/0 : 3[c7000] -> 5[46000] [send] via NET/IB/0
x3103c0s25b0n0:63427:1967 [3] NCCL INFO transport/net_ib.cc:596 Ib Alloc Size 26560 pointer 0x14671001f000
x3103c0s25b0n0:63427:1967 [3] NCCL INFO NET/IB: Dev 1 Port 1 qpn 10688 mtu 5 GID 0 (80FE/1F2100FEFF000000)
x3103c0s25b0n0:63427:1967 [3] NCCL INFO transport/net_ib.cc:653 Ib Alloc Size 552 pointer 0x146710037000
x3103c0s25b0n0:63427:1967 [3] NCCL INFO transport/net.cc:571 Cuda Host Alloc Size 9641984 pointer 0x146731600000
x3103c0s25b0n0:63426:1846 [2] NCCL INFO Connection to proxy localRank 2 -> connection 0x14cab8000e00
x3103c0s25b0n0:63426:1966 [2] NCCL INFO transport/p2p.cc:449 Cuda Alloc Size 6291456 pointer 0x14cadd200000
x3103c0s25b0n0:63427:1967 [3] NCCL INFO transport/net_ib.cc:596 Ib Alloc Size 26560 pointer 0x146710039000
x3103c0s25b0n0:63426:1966 [2] NCCL INFO New proxy recv connection 7 from local rank 2, transport 0
x3103c0s25b0n0:63427:1967 [3] NCCL INFO NET/IB: Dev 0 Port 1 qpn 14508 mtu 5 GID 0 (80FE/7C2100FEFF000000)
x3103c0s25b0n0:63427:1967 [3] NCCL INFO transport/net_ib.cc:653 Ib Alloc Size 552 pointer 0x146710050000
x3103c0s25b0n0:63427:1967 [3] NCCL INFO transport/net.cc:571 Cuda Host Alloc Size 9641984 pointer 0x146733600000
x3103c0s25b0n0:63427:1967 [3] NCCL INFO transport/net_ib.cc:596 Ib Alloc Size 26560 pointer 0x146710052000
x3103c0s25b0n0:63426:1846 [2] NCCL INFO Connection to proxy localRank 2 -> connection 0x14cab8000e40
x3103c0s25b0n0:63427:1967 [3] NCCL INFO NET/IB: Dev 1 Port 1 qpn 10689 mtu 5 GID 0 (80FE/1F2100FEFF000000)
x3103c0s25b0n0:63427:1967 [3] NCCL INFO transport/net_ib.cc:653 Ib Alloc Size 552 pointer 0x146710069000
x3103c0s25b0n0:63427:1967 [3] NCCL INFO transport/net.cc:571 Cuda Host Alloc Size 9641984 pointer 0x146735200000
x3103c0s25b0n0:63426:1966 [2] NCCL INFO transport/p2p.cc:449 Cuda Alloc Size 6291456 pointer 0x14cadd800000
x3103c0s25b0n0:63427:1967 [3] NCCL INFO transport/net_ib.cc:596 Ib Alloc Size 26560 pointer 0x14671006b000
x3103c0s25b0n0:63426:1846 [2] NCCL INFO Connected all rings
x3103c0s25b0n0:63426:1966 [2] NCCL INFO New proxy recv connection 8 from local rank 2, transport 0
x3103c0s25b0n0:63425:1968 [1] NCCL INFO transport/net_ib.cc:683 Ib Alloc Size 21688 pointer 0x146d2001d000
x3103c0s25b0n0:63425:1968 [1] NCCL INFO transport/net_ib.cc:696 Ib Alloc Size 552 pointer 0x146d20024000
x3103c0s25b0n0:63424:1960 [0] NCCL INFO New proxy recv connection 4 from local rank 0, transport 0
x3103c0s25b0n0:63427:1967 [3] NCCL INFO NET/IB: Dev 0 Port 1 qpn 14509 mtu 5 GID 0 (80FE/7C2100FEFF000000)
x3103c0s25b0n0:63427:1967 [3] NCCL INFO transport/net_ib.cc:653 Ib Alloc Size 552 pointer 0x146710082000
x3103c0s25b0n0:63427:1967 [3] NCCL INFO transport/net.cc:571 Cuda Host Alloc Size 9641984 pointer 0x146737600000
x3103c0s25b0n0:63425:1968 [1] NCCL INFO transport/net_ib.cc:771 Ib Alloc Size 552 pointer 0x146d20041000
x3103c0s25b0n0:63425:1968 [1] NCCL INFO transport/net.cc:698 Cuda Host Alloc Size 9641984 pointer 0x146d31600000
x3103c0s25b0n0:63424:1845 [0] NCCL INFO Connection to proxy localRank 0 -> connection 0x154418000d80
x3103c0s25b0n0:63424:1960 [0] NCCL INFO transport/p2p.cc:449 Cuda Alloc Size 6291456 pointer 0x154433600000
x3103c0s25b0n0:63426:1846 [2] NCCL INFO Connection to proxy localRank 2 -> connection 0x14cab8000e80
x3103c0s25b0n0:63426:1966 [2] NCCL INFO transport/p2p.cc:449 Cuda Alloc Size 6291456 pointer 0x14cae9200000
x3103c0s25b0n0:63427:1847 [3] NCCL INFO Connected all rings
x3103c0s25b0n0:63427:1847 [3] NCCL INFO Channel 00/0 : 3[c7000] -> 2[85000] via P2P/IPC/read
x3103c0s25b0n0:63427:1967 [3] NCCL INFO New proxy send connection 8 from local rank 3, transport 0
x3103c0s25b0n0:63425:1968 [1] NCCL INFO transport/net_ib.cc:683 Ib Alloc Size 21688 pointer 0x146d20043000
x3103c0s25b0n0:63425:1968 [1] NCCL INFO transport/net_ib.cc:696 Ib Alloc Size 552 pointer 0x146d2004a000
x3103c0s25b0n0:63424:1960 [0] NCCL INFO New proxy recv connection 5 from local rank 0, transport 0
x3103c0s25b0n0:63426:1966 [2] NCCL INFO New proxy recv connection 9 from local rank 2, transport 0
x3103c0s25b0n0:63427:1847 [3] NCCL INFO Connection to proxy localRank 3 -> connection 0x146710000e80
x3103c0s25b0n0:63425:1968 [1] NCCL INFO transport/net_ib.cc:771 Ib Alloc Size 552 pointer 0x146d20065000
x3103c0s25b0n0:63427:1967 [3] NCCL INFO transport/p2p.cc:430 Cuda Alloc Size 6291456 pointer 0x146739600000
x3103c0s25b0n0:63425:1968 [1] NCCL INFO transport/net.cc:698 Cuda Host Alloc Size 9641984 pointer 0x146d35600000
x3103c0s25b0n0:63427:1847 [3] NCCL INFO Channel 01/0 : 3[c7000] -> 2[85000] via P2P/IPC/read
x3103c0s25b0n0:63427:1967 [3] NCCL INFO New proxy send connection 9 from local rank 3, transport 0
x3103c0s25b0n0:63425:1968 [1] NCCL INFO transport/net_ib.cc:683 Ib Alloc Size 21688 pointer 0x146d20067000
x3103c0s25b0n0:63425:1968 [1] NCCL INFO transport/net_ib.cc:696 Ib Alloc Size 552 pointer 0x146d2006e000
x3103c0s25b0n0:63426:1846 [2] NCCL INFO Connection to proxy localRank 2 -> connection 0x14cab8000ec0
x3103c0s25b0n0:63425:1968 [1] NCCL INFO transport/net_ib.cc:771 Ib Alloc Size 552 pointer 0x146d20089000
x3103c0s25b0n0:63425:1968 [1] NCCL INFO transport/net.cc:698 Cuda Host Alloc Size 9641984 pointer 0x146d37600000
x3103c0s25b0n0:63426:1966 [2] NCCL INFO transport/p2p.cc:449 Cuda Alloc Size 6291456 pointer 0x14cae9800000
x3103c0s25b0n0:63424:1845 [0] NCCL INFO Connection to proxy localRank 0 -> connection 0x154418000dc0
x3103c0s25b0n0:63424:1960 [0] NCCL INFO transport/p2p.cc:449 Cuda Alloc Size 6291456 pointer 0x154435600000
x3103c0s25b0n0:63424:1960 [0] NCCL INFO New proxy recv connection 6 from local rank 0, transport 0
x3103c0s25b0n0:63424:1845 [0] NCCL INFO Connection to proxy localRank 0 -> connection 0x154418000e00
x3103c0s25b0n0:63427:1847 [3] NCCL INFO Connection to proxy localRank 3 -> connection 0x146710000ec0
x3103c0s25b0n0:63427:1967 [3] NCCL INFO transport/p2p.cc:430 Cuda Alloc Size 6291456 pointer 0x14673d600000
x3103c0s25b0n0:63424:1960 [0] NCCL INFO transport/p2p.cc:449 Cuda Alloc Size 6291456 pointer 0x154437200000
x3103c0s25b0n0:63426:1966 [2] NCCL INFO New proxy recv connection 10 from local rank 2, transport 0
x3103c0s25b0n0:63425:1968 [1] NCCL INFO transport/net_ib.cc:683 Ib Alloc Size 21688 pointer 0x146d2008b000
x3103c0s25b0n0:63425:1968 [1] NCCL INFO transport/net_ib.cc:696 Ib Alloc Size 552 pointer 0x146d20092000
x3103c0s25b0n0:63426:1846 [2] NCCL INFO Connection to proxy localRank 2 -> connection 0x14cab8000f00
x3103c0s25b0n0:63426:1966 [2] NCCL INFO transport/p2p.cc:449 Cuda Alloc Size 6291456 pointer 0x14caeb600000
x3103c0s25b0n0:63427:1847 [3] NCCL INFO Channel 02/0 : 3[c7000] -> 2[85000] via P2P/IPC/read
x3103c0s25b0n0:63425:1968 [1] NCCL INFO transport/net_ib.cc:771 Ib Alloc Size 552 pointer 0x146d200ad000
x3103c0s25b0n0:63425:1968 [1] NCCL INFO transport/net.cc:698 Cuda Host Alloc Size 9641984 pointer 0x146d39200000
x3103c0s25b0n0:63427:1967 [3] NCCL INFO New proxy send connection 10 from local rank 3, transport 0
x3103c0s25b0n0:63424:1960 [0] NCCL INFO New proxy recv connection 7 from local rank 0, transport 0
x3103c0s25b0n0:63424:1845 [0] NCCL INFO Connection to proxy localRank 0 -> connection 0x154418000e40
x3103c0s25b0n0:63424:1960 [0] NCCL INFO transport/p2p.cc:449 Cuda Alloc Size 6291456 pointer 0x154437800000
x3103c0s25b0n0:63426:1966 [2] NCCL INFO New proxy recv connection 11 from local rank 2, transport 0
x3103c0s25b0n0:63427:1847 [3] NCCL INFO Connection to proxy localRank 3 -> connection 0x146710000f00
x3103c0s25b0n0:63427:1967 [3] NCCL INFO transport/p2p.cc:430 Cuda Alloc Size 6291456 pointer 0x14673f600000
x3103c0s25b0n0:63425:1848 [1] NCCL INFO Channel 00/0 : 1[46000] -> 0[7000] via P2P/IPC/read
x3103c0s25b0n0:63425:1968 [1] NCCL INFO New proxy send connection 4 from local rank 1, transport 0
x3103c0s25b0n0:63426:1846 [2] NCCL INFO Connection to proxy localRank 2 -> connection 0x14cab8000f40
x3103c0s25b0n0:63426:1966 [2] NCCL INFO transport/p2p.cc:449 Cuda Alloc Size 6291456 pointer 0x14caed600000
x3103c0s25b0n0:63427:1847 [3] NCCL INFO Channel 03/0 : 3[c7000] -> 2[85000] via P2P/IPC/read
x3103c0s25b0n0:63427:1967 [3] NCCL INFO New proxy send connection 11 from local rank 3, transport 0
x3103c0s25b0n0:63425:1848 [1] NCCL INFO Connection to proxy localRank 1 -> connection 0x146d20000d80
x3103c0s25b0n0:63425:1968 [1] NCCL INFO transport/p2p.cc:430 Cuda Alloc Size 6291456 pointer 0x146d2fa00000
x3103c0s25b0n0:63427:1847 [3] NCCL INFO Connection to proxy localRank 3 -> connection 0x146710000f40
x3103c0s25b0n0:63427:1967 [3] NCCL INFO transport/p2p.cc:430 Cuda Alloc Size 6291456 pointer 0x146741200000
x3103c0s25b0n0:63425:1848 [1] NCCL INFO Channel 01/0 : 1[46000] -> 0[7000] via P2P/IPC/read
x3103c0s25b0n0:63425:1968 [1] NCCL INFO New proxy send connection 5 from local rank 1, transport 0
x3103c0s25b0n0:63425:1848 [1] NCCL INFO Connection to proxy localRank 1 -> connection 0x146d20000dc0
x3103c0s25b0n0:63425:1968 [1] NCCL INFO transport/p2p.cc:430 Cuda Alloc Size 6291456 pointer 0x146d3b600000
x3103c0s25b0n0:63425:1848 [1] NCCL INFO Channel 02/0 : 1[46000] -> 0[7000] via P2P/IPC/read
x3103c0s25b0n0:63425:1968 [1] NCCL INFO New proxy send connection 6 from local rank 1, transport 0
x3103c0s25b0n0:63425:1848 [1] NCCL INFO Connection to proxy localRank 1 -> connection 0x146d20000e00
x3103c0s25b0n0:63425:1968 [1] NCCL INFO transport/p2p.cc:430 Cuda Alloc Size 6291456 pointer 0x146d3d600000
x3103c0s25b0n0:63425:1848 [1] NCCL INFO Channel 03/0 : 1[46000] -> 0[7000] via P2P/IPC/read
x3103c0s25b0n0:63425:1968 [1] NCCL INFO New proxy send connection 7 from local rank 1, transport 0
x3103c0s25b0n0:63425:1848 [1] NCCL INFO Connection to proxy localRank 1 -> connection 0x146d20000e40
x3103c0s25b0n0:63425:1968 [1] NCCL INFO transport/p2p.cc:430 Cuda Alloc Size 6291456 pointer 0x146d41600000
x3103c0s25b0n0:63425:1848 [1] NCCL INFO Connected all rings
x3103c0s25b0n0:63424:1845 [0] NCCL INFO Connected all rings
x3103c0s25b0n0:63424:1845 [0] NCCL INFO Channel 00/0 : 0[7000] -> 1[46000] via P2P/IPC/read
x3103c0s25b0n0:63424:1960 [0] NCCL INFO New proxy send connection 8 from local rank 0, transport 0
x3103c0s25b0n0:63425:1968 [1] NCCL INFO New proxy recv connection 8 from local rank 1, transport 0
x3103c0s25b0n0:63424:1845 [0] NCCL INFO Connection to proxy localRank 0 -> connection 0x154418000e80
x3103c0s25b0n0:63424:1960 [0] NCCL INFO transport/p2p.cc:430 Cuda Alloc Size 6291456 pointer 0x154443200000
x3103c0s25b0n0:63425:1848 [1] NCCL INFO Connection to proxy localRank 1 -> connection 0x146d20000e80
x3103c0s25b0n0:63425:1968 [1] NCCL INFO transport/p2p.cc:449 Cuda Alloc Size 6291456 pointer 0x146d49600000
x3103c0s25b0n0:63424:1845 [0] NCCL INFO Channel 01/0 : 0[7000] -> 1[46000] via P2P/IPC/read
x3103c0s25b0n0:63424:1960 [0] NCCL INFO New proxy send connection 9 from local rank 0, transport 0
x3103c0s25b0n0:63424:1845 [0] NCCL INFO Connection to proxy localRank 0 -> connection 0x154418000ec0
x3103c0s25b0n0:63425:1968 [1] NCCL INFO New proxy recv connection 9 from local rank 1, transport 0
x3103c0s25b0n0:63424:1960 [0] NCCL INFO transport/p2p.cc:430 Cuda Alloc Size 6291456 pointer 0x154443800000
x3103c0s25b0n0:63425:1848 [1] NCCL INFO Connection to proxy localRank 1 -> connection 0x146d20000ec0
x3103c0s25b0n0:63425:1968 [1] NCCL INFO transport/p2p.cc:449 Cuda Alloc Size 6291456 pointer 0x146d4d600000
x3103c0s25b0n0:63424:1845 [0] NCCL INFO Channel 02/0 : 0[7000] -> 1[46000] via P2P/IPC/read
x3103c0s25b0n0:63424:1960 [0] NCCL INFO New proxy send connection 10 from local rank 0, transport 0
x3103c0s25b0n0:63425:1968 [1] NCCL INFO New proxy recv connection 10 from local rank 1, transport 0
x3103c0s25b0n0:63424:1845 [0] NCCL INFO Connection to proxy localRank 0 -> connection 0x154418000f00
x3103c0s25b0n0:63424:1960 [0] NCCL INFO transport/p2p.cc:430 Cuda Alloc Size 6291456 pointer 0x154445600000
x3103c0s25b0n0:63425:1848 [1] NCCL INFO Connection to proxy localRank 1 -> connection 0x146d20000f00
x3103c0s25b0n0:63425:1968 [1] NCCL INFO transport/p2p.cc:449 Cuda Alloc Size 6291456 pointer 0x146d4f600000
x3103c0s25b0n0:63424:1845 [0] NCCL INFO Channel 03/0 : 0[7000] -> 1[46000] via P2P/IPC/read
x3103c0s25b0n0:63424:1960 [0] NCCL INFO New proxy send connection 11 from local rank 0, transport 0
x3103c0s25b0n0:63425:1968 [1] NCCL INFO New proxy recv connection 11 from local rank 1, transport 0
x3103c0s25b0n0:63424:1845 [0] NCCL INFO Connection to proxy localRank 0 -> connection 0x154418000f40
x3103c0s25b0n0:63424:1960 [0] NCCL INFO transport/p2p.cc:430 Cuda Alloc Size 6291456 pointer 0x154447600000
x3103c0s25b0n0:63425:1848 [1] NCCL INFO Connection to proxy localRank 1 -> connection 0x146d20000f40
x3103c0s25b0n0:63425:1968 [1] NCCL INFO transport/p2p.cc:449 Cuda Alloc Size 6291456 pointer 0x146d51200000
x3103c0s25b0n0:63425:1848 [1] NCCL INFO Channel 00/0 : 1[46000] -> 2[85000] via P2P/IPC/read
x3103c0s25b0n0:63425:1968 [1] NCCL INFO New proxy send connection 12 from local rank 1, transport 0
x3103c0s25b0n0:63425:1848 [1] NCCL INFO Connection to proxy localRank 1 -> connection 0x146d20000f80
x3103c0s25b0n0:63425:1968 [1] NCCL INFO transport/p2p.cc:430 Cuda Alloc Size 6291456 pointer 0x146d51800000
x3103c0s25b0n0:63425:1848 [1] NCCL INFO Channel 01/0 : 1[46000] -> 2[85000] via P2P/IPC/read
x3103c0s25b0n0:63425:1968 [1] NCCL INFO New proxy send connection 13 from local rank 1, transport 0
x3103c0s25b0n0:63425:1848 [1] NCCL INFO Connection to proxy localRank 1 -> connection 0x146d20000fc0
x3103c0s25b0n0:63425:1968 [1] NCCL INFO transport/p2p.cc:430 Cuda Alloc Size 6291456 pointer 0x146d53600000
x3103c0s25b0n0:63425:1848 [1] NCCL INFO Channel 02/0 : 1[46000] -> 2[85000] via P2P/IPC/read
x3103c0s25b0n0:63425:1968 [1] NCCL INFO New proxy send connection 14 from local rank 1, transport 0
x3103c0s25b0n0:63425:1848 [1] NCCL INFO Connection to proxy localRank 1 -> connection 0x146d20001000
x3103c0s25b0n0:63425:1968 [1] NCCL INFO transport/p2p.cc:430 Cuda Alloc Size 6291456 pointer 0x146d55600000
x3103c0s25b0n0:63425:1848 [1] NCCL INFO Channel 03/0 : 1[46000] -> 2[85000] via P2P/IPC/read
x3103c0s25b0n0:63425:1968 [1] NCCL INFO New proxy send connection 15 from local rank 1, transport 0
x3103c0s25b0n0:63425:1848 [1] NCCL INFO Connection to proxy localRank 1 -> connection 0x146d20001040
x3103c0s25b0n0:63425:1968 [1] NCCL INFO transport/p2p.cc:430 Cuda Alloc Size 6291456 pointer 0x146d59600000
x3103c0s25b0n0:63425:1968 [1] NCCL INFO New proxy recv connection 16 from local rank 1, transport 0
x3103c0s25b0n0:63426:1966 [2] NCCL INFO New proxy recv connection 12 from local rank 2, transport 0
x3103c0s25b0n0:63425:1848 [1] NCCL INFO Connection to proxy localRank 1 -> connection 0x146d20001080
x3103c0s25b0n0:63426:1846 [2] NCCL INFO Connection to proxy localRank 2 -> connection 0x14cab8000f80
x3103c0s25b0n0:63426:1966 [2] NCCL INFO transport/p2p.cc:449 Cuda Alloc Size 6291456 pointer 0x14caf7600000
x3103c0s25b0n0:63424:1845 [0] NCCL INFO GPU Direct RDMA Disabled for GPU 7000 / HCA 1 (distance 7 > 4)
x3103c0s25b0n0:63424:1960 [0] NCCL INFO Allocated 4194656 bytes of shared memory in /dev/shm/nccl-iz9qN3

x3103c0s25b0n0:63424:1960 [0] NCCL INFO New proxy send connection 12 from local rank 0, transport 2
x3103c0s25b0n0:63425:1968 [1] NCCL INFO transport/p2p.cc:449 Cuda Alloc Size 6291456 pointer 0x146d69800000
x3103c0s25b0n0:63425:1968 [1] NCCL INFO New proxy recv connection 17 from local rank 1, transport 0
x3103c0s25b0n0:63424:1845 [0] NCCL INFO Connection to proxy localRank 0 -> connection 0x154418000f80
x3103c0s25b0n0:63424:1845 [0] NCCL INFO Channel 02/0 : 0[7000] -> 4[7000] [send] via NET/IB/1
x3103c0s25b0n0:63424:1845 [0] NCCL INFO GPU Direct RDMA Disabled for GPU 7000 / HCA 0 (distance 7 > 4)
x3103c0s25b0n0:63424:1960 [0] NCCL INFO New proxy send connection 13 from local rank 0, transport 2
x3103c0s25b0n0:63424:1845 [0] NCCL INFO Connection to proxy localRank 0 -> connection 0x154418000fc0
x3103c0s25b0n0:63426:1966 [2] NCCL INFO New proxy recv connection 13 from local rank 2, transport 0
x3103c0s25b0n0:63425:1848 [1] NCCL INFO Connection to proxy localRank 1 -> connection 0x146d200010c0
x3103c0s25b0n0:63425:1968 [1] NCCL INFO transport/p2p.cc:449 Cuda Alloc Size 6291456 pointer 0x146d6b600000
x3103c0s25b0n0:63424:1845 [0] NCCL INFO Channel 03/0 : 0[7000] -> 4[7000] [send] via NET/IB/0
x3103c0s25b0n0:63425:1968 [1] NCCL INFO New proxy recv connection 18 from local rank 1, transport 0
x3103c0s25b0n0:63426:1846 [2] NCCL INFO Connection to proxy localRank 2 -> connection 0x14cab8000fc0
x3103c0s25b0n0:63426:1966 [2] NCCL INFO transport/p2p.cc:449 Cuda Alloc Size 6291456 pointer 0x14caf9600000
x3103c0s25b0n0:63424:1960 [0] NCCL INFO transport/net_ib.cc:596 Ib Alloc Size 26560 pointer 0x15441801b000
x3103c0s25b0n0:63425:1848 [1] NCCL INFO Connection to proxy localRank 1 -> connection 0x146d20001100
x3103c0s25b0n0:63424:1960 [0] NCCL INFO NET/IB: Dev 1 Port 1 qpn 10694 mtu 5 GID 0 (80FE/1F2100FEFF000000)
x3103c0s25b0n0:63424:1960 [0] NCCL INFO transport/net_ib.cc:653 Ib Alloc Size 552 pointer 0x154418033000
x3103c0s25b0n0:63424:1960 [0] NCCL INFO transport/net.cc:571 Cuda Host Alloc Size 9641984 pointer 0x154451600000
x3103c0s25b0n0:63424:1960 [0] NCCL INFO transport/net_ib.cc:596 Ib Alloc Size 26560 pointer 0x154418035000
x3103c0s25b0n0:63425:1968 [1] NCCL INFO transport/p2p.cc:449 Cuda Alloc Size 6291456 pointer 0x146d6d600000
x3103c0s25b0n0:63424:1960 [0] NCCL INFO NET/IB: Dev 0 Port 1 qpn 14514 mtu 5 GID 0 (80FE/7C2100FEFF000000)
x3103c0s25b0n0:63424:1960 [0] NCCL INFO transport/net_ib.cc:653 Ib Alloc Size 552 pointer 0x15441804c000
x3103c0s25b0n0:63424:1960 [0] NCCL INFO transport/net.cc:571 Cuda Host Alloc Size 9641984 pointer 0x154453600000
x3103c0s25b0n0:63425:1968 [1] NCCL INFO New proxy recv connection 19 from local rank 1, transport 0
x3103c0s25b0n0:63426:1966 [2] NCCL INFO New proxy recv connection 14 from local rank 2, transport 0
x3103c0s25b0n0:63424:1845 [0] NCCL INFO GPU Direct RDMA Disabled for GPU 7000 / HCA 1 (distance 7 > 4)
x3103c0s25b0n0:63425:1848 [1] NCCL INFO Connection to proxy localRank 1 -> connection 0x146d20001140
x3103c0s25b0n0:63425:1968 [1] NCCL INFO transport/p2p.cc:449 Cuda Alloc Size 6291456 pointer 0x146d71600000
x3103c0s25b0n0:63424:1960 [0] NCCL INFO New proxy recv connection 14 from local rank 0, transport 2
x3103c0s25b0n0:63426:1846 [2] NCCL INFO Connection to proxy localRank 2 -> connection 0x14cab8001000
x3103c0s25b0n0:63426:1966 [2] NCCL INFO transport/p2p.cc:449 Cuda Alloc Size 6291456 pointer 0x14cafd600000
x3103c0s25b0n0:63424:1845 [0] NCCL INFO Connection to proxy localRank 0 -> connection 0x154418001000
x3103c0s25b0n0:63426:1966 [2] NCCL INFO New proxy recv connection 15 from local rank 2, transport 0
x3103c0s25b0n0:63424:1845 [0] NCCL INFO Channel 00/0 : 8[7000] -> 0[7000] [receive] via NET/IB/1
x3103c0s25b0n0:63424:1845 [0] NCCL INFO GPU Direct RDMA Disabled for GPU 7000 / HCA 0 (distance 7 > 4)
x3103c0s25b0n0:63424:1960 [0] NCCL INFO New proxy recv connection 15 from local rank 0, transport 2
x3103c0s25b0n0:63426:1846 [2] NCCL INFO Connection to proxy localRank 2 -> connection 0x14cab8001040
x3103c0s25b0n0:63426:1966 [2] NCCL INFO transport/p2p.cc:449 Cuda Alloc Size 6291456 pointer 0x14caff600000
x3103c0s25b0n0:63426:1846 [2] NCCL INFO Channel 00/0 : 2[85000] -> 1[46000] via P2P/IPC/read
x3103c0s25b0n0:63424:1845 [0] NCCL INFO Connection to proxy localRank 0 -> connection 0x154418001040
x3103c0s25b0n0:63424:1845 [0] NCCL INFO Channel 01/0 : 8[7000] -> 0[7000] [receive] via NET/IB/0
x3103c0s25b0n0:63424:1845 [0] NCCL INFO GPU Direct RDMA Disabled for GPU 7000 / HCA 1 (distance 7 > 4)
x3103c0s25b0n0:63424:1960 [0] NCCL INFO New proxy send connection 16 from local rank 0, transport 2
x3103c0s25b0n0:63426:1966 [2] NCCL INFO New proxy send connection 16 from local rank 2, transport 0
x3103c0s25b0n0:63426:1846 [2] NCCL INFO Connection to proxy localRank 2 -> connection 0x14cab8001080
x3103c0s25b0n0:63426:1966 [2] NCCL INFO transport/p2p.cc:430 Cuda Alloc Size 6291456 pointer 0x14cb01200000
x3103c0s25b0n0:63424:1845 [0] NCCL INFO Connection to proxy localRank 0 -> connection 0x154418001080
x3103c0s25b0n0:63424:1845 [0] NCCL INFO Channel 00/0 : 0[7000] -> 8[7000] [send] via NET/IB/1
x3103c0s25b0n0:63424:1845 [0] NCCL INFO GPU Direct RDMA Disabled for GPU 7000 / HCA 0 (distance 7 > 4)
x3103c0s25b0n0:63424:1960 [0] NCCL INFO New proxy send connection 17 from local rank 0, transport 2
x3103c0s25b0n0:63426:1846 [2] NCCL INFO Channel 01/0 : 2[85000] -> 1[46000] via P2P/IPC/read
x3103c0s25b0n0:63426:1966 [2] NCCL INFO New proxy send connection 17 from local rank 2, transport 0
x3103c0s25b0n0:63424:1845 [0] NCCL INFO Connection to proxy localRank 0 -> connection 0x1544180010c0
x3103c0s25b0n0:63424:1845 [0] NCCL INFO Channel 01/0 : 0[7000] -> 8[7000] [send] via NET/IB/0
x3103c0s25b0n0:63426:1846 [2] NCCL INFO Connection to proxy localRank 2 -> connection 0x14cab80010c0
x3103c0s25b0n0:63426:1966 [2] NCCL INFO transport/p2p.cc:430 Cuda Alloc Size 6291456 pointer 0x14cb01800000
x3103c0s25b0n0:63426:1846 [2] NCCL INFO Channel 02/0 : 2[85000] -> 1[46000] via P2P/IPC/read
x3103c0s25b0n0:63426:1966 [2] NCCL INFO New proxy send connection 18 from local rank 2, transport 0
x3103c0s25b0n0:63426:1846 [2] NCCL INFO Connection to proxy localRank 2 -> connection 0x14cab8001100
x3103c0s25b0n0:63426:1966 [2] NCCL INFO transport/p2p.cc:430 Cuda Alloc Size 6291456 pointer 0x14cb03600000
x3103c0s25b0n0:63426:1846 [2] NCCL INFO Channel 03/0 : 2[85000] -> 1[46000] via P2P/IPC/read
x3103c0s25b0n0:63426:1966 [2] NCCL INFO New proxy send connection 19 from local rank 2, transport 0
x3103c0s25b0n0:63426:1846 [2] NCCL INFO Connection to proxy localRank 2 -> connection 0x14cab8001140
x3103c0s25b0n0:63426:1966 [2] NCCL INFO transport/p2p.cc:430 Cuda Alloc Size 6291456 pointer 0x14cb05600000
x3103c0s25b0n0:63426:1846 [2] NCCL INFO Connected all trees by HAO
x3103c0s25b0n0:63426:1846 [2] NCCL INFO threadThresholds 8/8/64 | 128/8/64 | 512 | 512
x3103c0s25b0n0:63426:1846 [2] NCCL INFO 4 coll channels, 4 p2p channels, 2 p2p channels per peer
x3103c0s25b0n0:63426:1966 [2] NCCL INFO Allocated 4194656 bytes of shared memory in /dev/shm/nccl-PO65H8

x3103c0s25b0n0:63426:1966 [2] NCCL INFO New proxy send connection 20 from local rank 2, transport 2
x3103c0s25b0n0:63427:1847 [3] NCCL INFO Connected all trees by HAO
x3103c0s25b0n0:63427:1847 [3] NCCL INFO threadThresholds 8/8/64 | 128/8/64 | 512 | 512
x3103c0s25b0n0:63427:1847 [3] NCCL INFO 4 coll channels, 4 p2p channels, 2 p2p channels per peer
x3103c0s25b0n0:63427:1967 [3] NCCL INFO New proxy send connection 12 from local rank 3, transport 2
x3103c0s25b0n0:63425:1848 [1] NCCL INFO Connected all trees by HAO
x3103c0s25b0n0:63425:1848 [1] NCCL INFO threadThresholds 8/8/64 | 128/8/64 | 512 | 512
x3103c0s25b0n0:63425:1848 [1] NCCL INFO 4 coll channels, 4 p2p channels, 2 p2p channels per peer
x3103c0s25b0n0:63425:1968 [1] NCCL INFO New proxy send connection 20 from local rank 1, transport 2
x3103c0s25b0n0:63427:1847 [3] NCCL INFO Connection to proxy localRank 3 -> connection 0x146710000f80
x3103c0s25b0n0:63427:1967 [3] NCCL INFO transport/net.cc:376 Cuda Alloc Size 8388608 pointer 0x14674b600000
x3103c0s25b0n0:63425:1848 [1] NCCL INFO Connection to proxy localRank 1 -> connection 0x146d20001180
x3103c0s25b0n0:63425:1968 [1] NCCL INFO transport/net.cc:376 Cuda Alloc Size 8388608 pointer 0x146d79600000
x3103c0s25b0n0:63426:1846 [2] NCCL INFO Connection to proxy localRank 2 -> connection 0x14cab8001180
x3103c0s25b0n0:63426:1966 [2] NCCL INFO transport/net.cc:376 Cuda Alloc Size 8388608 pointer 0x14cb19200000
x3103c0s25b0n0:63424:1960 [0] NCCL INFO transport/net_ib.cc:596 Ib Alloc Size 26560 pointer 0x154418062000
x3103c0s25b0n0:63424:1960 [0] NCCL INFO NET/IB: Dev 1 Port 1 qpn 10695 mtu 5 GID 0 (80FE/1F2100FEFF000000)
x3103c0s25b0n0:63424:1960 [0] NCCL INFO transport/net_ib.cc:653 Ib Alloc Size 552 pointer 0x154418079000
x3103c0s25b0n0:63424:1960 [0] NCCL INFO transport/net.cc:571 Cuda Host Alloc Size 9641984 pointer 0x154457600000
x3103c0s25b0n0:63424:1960 [0] NCCL INFO transport/net_ib.cc:596 Ib Alloc Size 26560 pointer 0x15441807b000
x3103c0s25b0n0:63424:1960 [0] NCCL INFO NET/IB: Dev 0 Port 1 qpn 14515 mtu 5 GID 0 (80FE/7C2100FEFF000000)
x3103c0s25b0n0:63424:1960 [0] NCCL INFO transport/net_ib.cc:653 Ib Alloc Size 552 pointer 0x154418092000
x3103c0s25b0n0:63424:1960 [0] NCCL INFO transport/net.cc:571 Cuda Host Alloc Size 9641984 pointer 0x154459600000
x3103c0s25b0n0:63424:1960 [0] NCCL INFO transport/net_ib.cc:683 Ib Alloc Size 21688 pointer 0x154418094000
x3103c0s25b0n0:63424:1960 [0] NCCL INFO transport/net_ib.cc:696 Ib Alloc Size 552 pointer 0x15441809b000
x3103c0s25b0n0:63424:1960 [0] NCCL INFO transport/net_ib.cc:771 Ib Alloc Size 552 pointer 0x1544180b7000
x3103c0s25b0n0:63424:1960 [0] NCCL INFO transport/net.cc:698 Cuda Host Alloc Size 9641984 pointer 0x15445b200000
x3103c0s25b0n0:63424:1960 [0] NCCL INFO transport/net_ib.cc:683 Ib Alloc Size 21688 pointer 0x1544180b9000
x3103c0s25b0n0:63424:1960 [0] NCCL INFO transport/net_ib.cc:696 Ib Alloc Size 552 pointer 0x1544180c0000
x3103c0s25b0n0:63424:1960 [0] NCCL INFO transport/net_ib.cc:771 Ib Alloc Size 552 pointer 0x1544180db000
x3103c0s25b0n0:63424:1960 [0] NCCL INFO transport/net.cc:698 Cuda Host Alloc Size 9641984 pointer 0x15445d600000
x3103c0s25b0n0:63424:1845 [0] NCCL INFO GPU Direct RDMA Disabled for GPU 7000 / HCA 1 (distance 7 > 4)
x3103c0s25b0n0:63424:1960 [0] NCCL INFO New proxy recv connection 18 from local rank 0, transport 2
x3103c0s25b0n0:63424:1845 [0] NCCL INFO Connection to proxy localRank 0 -> connection 0x154418001100
x3103c0s25b0n0:63424:1845 [0] NCCL INFO Channel 02/0 : 4[7000] -> 0[7000] [receive] via NET/IB/1
x3103c0s25b0n0:63424:1845 [0] NCCL INFO GPU Direct RDMA Disabled for GPU 7000 / HCA 0 (distance 7 > 4)
x3103c0s25b0n0:63424:1960 [0] NCCL INFO New proxy recv connection 19 from local rank 0, transport 2
x3103c0s25b0n0:63424:1845 [0] NCCL INFO Connection to proxy localRank 0 -> connection 0x154418001140
x3103c0s25b0n0:63424:1845 [0] NCCL INFO Channel 03/0 : 4[7000] -> 0[7000] [receive] via NET/IB/0
x3103c0s25b0n0:63424:1960 [0] NCCL INFO transport/net_ib.cc:683 Ib Alloc Size 21688 pointer 0x1544180e7000
x3103c0s25b0n0:63424:1960 [0] NCCL INFO transport/net_ib.cc:696 Ib Alloc Size 552 pointer 0x1544180ee000
x3103c0s25b0n0:63424:1960 [0] NCCL INFO transport/net_ib.cc:771 Ib Alloc Size 552 pointer 0x154418109000
x3103c0s25b0n0:63424:1960 [0] NCCL INFO transport/net.cc:698 Cuda Host Alloc Size 9641984 pointer 0x15445f600000
x3103c0s25b0n0:63424:1960 [0] NCCL INFO transport/net_ib.cc:683 Ib Alloc Size 21688 pointer 0x15441810b000
x3103c0s25b0n0:63424:1960 [0] NCCL INFO transport/net_ib.cc:696 Ib Alloc Size 552 pointer 0x154418112000
x3103c0s25b0n0:63424:1960 [0] NCCL INFO transport/net_ib.cc:771 Ib Alloc Size 552 pointer 0x15441812d000
x3103c0s25b0n0:63424:1960 [0] NCCL INFO transport/net.cc:698 Cuda Host Alloc Size 9641984 pointer 0x154463600000
x3103c0s25b0n0:63424:1845 [0] NCCL INFO Connected all trees by HAO
x3103c0s25b0n0:63424:1845 [0] NCCL INFO Latency/AlgBw |    Tree/    LL |    Tree/ LL128 |    Tree/Simple |    Ring/    LL |    Ring/ LL128 |    Ring/Simple | CollNetDirect/    LL | CollNetDirect/ LL128 | CollNetDirect/Simple | CollNetChain/    LL | CollNetChain/ LL128 | CollNetChain/Simple |
x3103c0s25b0n0:63424:1845 [0] NCCL INFO  Max NThreads |            512 |            640 |            512 |            512 |            640 |            512 |              0 |              0 |            512 |              0 |              0 |            512 |
x3103c0s25b0n0:63424:1845 [0] NCCL INFO     Broadcast |     0.0/   0.0 |     0.0/   0.0 |     0.0/   0.0 |     6.3/   6.0 |    14.0/   0.0 |    18.0/  24.0 |     0.0/   0.0 |     0.0/   0.0 |     0.0/   0.0 |     0.0/   0.0 |     0.0/   0.0 |     0.0/   0.0 |
x3103c0s25b0n0:63424:1845 [0] NCCL INFO        Reduce |     0.0/   0.0 |     0.0/   0.0 |     0.0/   0.0 |     6.3/   6.0 |    14.0/   0.0 |    18.0/  24.0 |     0.0/   0.0 |     0.0/   0.0 |     0.0/   0.0 |     0.0/   0.0 |     0.0/   0.0 |     0.0/   0.0 |
x3103c0s25b0n0:63424:1845 [0] NCCL INFO     AllGather |     0.0/   0.0 |     0.0/   0.0 |     0.0/   0.0 |    21.9/   6.4 |    44.8/   0.0 |    78.0/  25.6 |     0.0/   0.0 |     0.0/   0.0 |     0.0/   0.0 |     0.0/   0.0 |     0.0/   0.0 |     0.0/   0.0 |
x3103c0s25b0n0:63424:1845 [0] NCCL INFO ReduceScatter |     0.0/   0.0 |     0.0/   0.0 |     0.0/   0.0 |    21.9/   6.4 |    44.8/   0.0 |    78.0/  25.6 |     0.0/   0.0 |     0.0/   0.0 |     0.0/   0.0 |     0.0/   0.0 |     0.0/   0.0 |     0.0/   0.0 |
x3103c0s25b0n0:63424:1845 [0] NCCL INFO     AllReduce |    30.0/   2.9 |    45.9/   0.0 |   280.0/  11.0 |    43.8/   3.2 |    83.8/   0.0 |   160.0/  12.8 |     7.4/   0.0 |     7.4/   0.0 |    29.7/   0.0 |     4.4/   0.0 |     4.4/   0.0 |    48.0/   0.0 |
x3103c0s25b0n0:63424:1845 [0] NCCL INFO threadThresholds 8/8/64 | 128/8/64 | 512 | 512
x3103c0s25b0n0:63424:1845 [0] NCCL INFO 4 coll channels, 4 p2p channels, 2 p2p channels per peer
x3103c0s25b0n0:63424:1960 [0] NCCL INFO New proxy send connection 20 from local rank 0, transport 2
x3103c0s25b0n0:63424:1845 [0] NCCL INFO Connection to proxy localRank 0 -> connection 0x154418001180
x3103c0s25b0n0:63424:1845 [0] NCCL INFO init.cc:367 Cuda Alloc Size 5168 pointer 0x15462400f600
x3103c0s25b0n0:63425:1848 [1] NCCL INFO init.cc:367 Cuda Alloc Size 5168 pointer 0x146f0980f600
x3103c0s25b0n0:63427:1847 [3] NCCL INFO init.cc:367 Cuda Alloc Size 5168 pointer 0x1468f780f600
x3103c0s25b0n0:63426:1846 [2] NCCL INFO init.cc:367 Cuda Alloc Size 5168 pointer 0x14cccbe0f600
x3103c0s25b0n0:63427:1847 [3] NCCL INFO init.cc:392 Cuda Host Alloc Size 33554432 pointer 0x14670e000000
x3103c0s25b0n0:63427:1847 [3] NCCL INFO init.cc:398 Cuda Host Alloc Size 128 pointer 0x1468f6e00600
x3103c0s25b0n0:63427:1847 [3] NCCL INFO comm 0x5639fd35c820 rank 3 nranks 16 cudaDev 3 busId c7000 - Init COMPLETE
x3103c0s25b0n0:63426:1846 [2] NCCL INFO init.cc:392 Cuda Host Alloc Size 33554432 pointer 0x14cab6000000
x3103c0s25b0n0:63426:1846 [2] NCCL INFO init.cc:398 Cuda Host Alloc Size 128 pointer 0x14cccb400600
x3103c0s25b0n0:63426:1846 [2] NCCL INFO comm 0x55fac591c5c0 rank 2 nranks 16 cudaDev 2 busId 85000 - Init COMPLETE
x3103c0s25b0n0:63425:1848 [1] NCCL INFO init.cc:392 Cuda Host Alloc Size 33554432 pointer 0x146d1e000000
x3103c0s25b0n0:63425:1848 [1] NCCL INFO init.cc:398 Cuda Host Alloc Size 128 pointer 0x146f08e00600
x3103c0s25b0n0:63425:1848 [1] NCCL INFO comm 0x55ea2a179c70 rank 1 nranks 16 cudaDev 1 busId 46000 - Init COMPLETE
x3103c0s25b0n0:63424:1960 [0] NCCL INFO transport/net.cc:376 Cuda Alloc Size 8388608 pointer 0x154465600000
x3103c0s25b0n0:63424:1845 [0] NCCL INFO init.cc:392 Cuda Host Alloc Size 33554432 pointer 0x154416000000
x3103c0s25b0n0:63424:1845 [0] NCCL INFO init.cc:398 Cuda Host Alloc Size 128 pointer 0x154623600600
x3103c0s25b0n0:63424:1845 [0] NCCL INFO comm 0x55de064481a0 rank 0 nranks 16 cudaDev 0 busId 7000 - Init COMPLETE
[Hao INFO in ncclAllReduce (all_reduce.cc)] rank 0 ncclAllReduce: count: 1, datatype: ncclInt64, message size: 8 Bytes
x3103c0s25b0n0:63424:63424 [0] NCCL INFO AllReduce: opCount 0 sendbuff 0x15461fe00400 recvbuff 0x15461fe00400 count 1 datatype 4 op 0 root 0 comm 0x55de064481a0 [nranks=16] stream 0x55de034cf450
x3103c0s25b0n0:63424:63424 [0] NCCL INFO misc/utils.cc:235 memory stack hunk malloc(65536)

[LYD INFO in ncclAllReduce (all_reduce.cc)] rank 0 AllReduce Time: 0.000048000 seconds

[LYD INFO in getAlgoInfo (enqueue.cc)] algorithm a is: 0

[LYD INFO in getAlgoInfo (enqueue.cc)] algorithm a is: 1

[LYD INFO in getAlgoInfo (enqueue.cc)] rank: 0, Duration between Point 1 and Point 2: 0.000013000 seconds

[LYD INFO in getAlgoInfo (enqueue.cc)] rank 0, Duration between Point 2 and Point 3: 0.000001000 seconds
[LYD INFO in getAlgoInfo (enqueue.cc)] out rank: 0
[LYD INFO in getAlgoInfo (enqueue.cc)] out coll: 4
[LYD INFO in getAlgoInfo (enqueue.cc)] out sendbuff address: 0x15461fe00400
[LYD INFO in getAlgoInfo (enqueue.cc)] out recvbuff address: 0x15461fe00400
[LYD INFO in getAlgoInfo (enqueue.cc)] out count: 1
[LYD INFO in getAlgoInfo (enqueue.cc)] out datatype: 4
[LYD INFO in getAlgoInfo (enqueue.cc)] out chunkSteps: 4
[LYD INFO in getAlgoInfo (enqueue.cc)] out sliceSteps: 2
[LYD INFO in getAlgoInfo (enqueue.cc)] out algorithm: 0
[LYD INFO in getAlgoInfo (enqueue.cc)] out protocol: 0
[LYD INFO in getAlgoInfo (enqueue.cc)] out nChannels: 1
[LYD INFO in getAlgoInfo (enqueue.cc)] out nThreads: 96
[LYD INFO in getAlgoInfo (enqueue.cc)] out nBytes: 8
[LYD INFO in getAlgoInfo (enqueue.cc)] out nstepsPerLoop: 0
[LYD INFO in getAlgoInfo (enqueue.cc)] out nchunksPerLoop: 0
[LYD INFO in getAlgoInfo (enqueue.cc)] out chunkSize: 0
[LYD INFO in ncclLaunchKernel (enqueue.cc)] NCHANNELS is: 4x3103c0s25b0n0:63427:63427 [3] NCCL INFO AllReduce: opCount 0 sendbuff 0x146937600400 recvbuff 0x146937600400 count 1 datatype 4 op 0 root 0 comm 0x5639fd35c820 [nranks=16] stream 0x5639fa13e520
x3103c0s25b0n0:63427:63427 [3] NCCL INFO misc/utils.cc:235 memory stack hunk malloc(65536)
[LYD INFO in ncclLaunchKernel (enqueue.cc)] NCHANNELS is: 4NCCL version 2.14.3+cuda11.8
x3103c0s25b0n0:63427:63427 [3] NCCL INFO init.cc:1147 Cuda Host Alloc Size 4 pointer 0x1468f6e00800
x3103c0s25b0n0:63424:63424 [0] NCCL INFO init.cc:1147 Cuda Host Alloc Size 4 pointer 0x154623600800
x3103c0s25b0n0:63426:63426 [2] NCCL INFO AllReduce: opCount 0 sendbuff 0x14ccc7c00400 recvbuff 0x14ccc7c00400 count 1 datatype 4 op 0 root 0 comm 0x55fac591c5c0 [nranks=16] stream 0x55fac26e6a80
x3103c0s25b0n0:63426:63426 [2] NCCL INFO misc/utils.cc:235 memory stack hunk malloc(65536)
[LYD INFO in ncclLaunchKernel (enqueue.cc)] NCHANNELS is: 4NCCL version 2.14.3+cuda11.8
x3103c0s25b0n0:63426:63426 [2] NCCL INFO init.cc:1147 Cuda Host Alloc Size 4 pointer 0x14cccb400800
x3103c0s25b0n0:63427:2265 [3] NCCL INFO Using network IB
x3103c0s25b0n0:63424:2266 [0] NCCL INFO Using network IB
x3103c0s25b0n0:63426:2268 [2] NCCL INFO Using network IB
x3103c0s25b0n0:63425:63425 [1] NCCL INFO AllReduce: opCount 0 sendbuff 0x146f47600400 recvbuff 0x146f47600400 count 1 datatype 4 op 0 root 0 comm 0x55ea2a179c70 [nranks=16] stream 0x55ea26f7f720
x3103c0s25b0n0:63425:63425 [1] NCCL INFO misc/utils.cc:235 memory stack hunk malloc(65536)
[LYD INFO in ncclLaunchKernel (enqueue.cc)] NCHANNELS is: 4NCCL version 2.14.3+cuda11.8
x3103c0s25b0n0:63425:63425 [1] NCCL INFO init.cc:1147 Cuda Host Alloc Size 4 pointer 0x146f08e00800
x3103c0s25b0n0:63425:2271 [1] NCCL INFO Using network IB
x3103c0s25b0n0:63424:2266 [0] NCCL INFO NET/IB : GPU Direct RDMA Enabled for HCA 0 'mlx5_0'
x3103c0s25b0n0:63424:2266 [0] NCCL INFO NET/IB : GPU Direct RDMA Enabled for HCA 1 'mlx5_1'
x3103c0s25b0n0:63424:2266 [0] NCCL INFO GPU Direct RDMA Disabled for GPU 7000 / HCA 0 (distance 7 > 4)
x3103c0s25b0n0:63424:2266 [0] NCCL INFO GPU Direct RDMA Disabled for GPU 7000 / HCA 1 (distance 7 > 4)
x3103c0s25b0n0:63424:2266 [0] NCCL INFO === System : maxBw 5000.0 totalBw 0.0 ===
x3103c0s25b0n0:63424:2266 [0] NCCL INFO CPU/3 (1/2/-1)
x3103c0s25b0n0:63424:2266 [0] NCCL INFO + SYS[5000.0] - CPU/0
x3103c0s25b0n0:63424:2266 [0] NCCL INFO + SYS[5000.0] - CPU/2
x3103c0s25b0n0:63424:2266 [0] NCCL INFO + PCI[24.0] - PCI/5000 (11f8406811f8beef)
x3103c0s25b0n0:63424:2266 [0] NCCL INFO               + PCI[24.0] - GPU/7000 (0)
x3103c0s25b0n0:63424:2266 [0] NCCL INFO CPU/0 (1/2/-1)
x3103c0s25b0n0:63424:2266 [0] NCCL INFO + SYS[5000.0] - CPU/3
x3103c0s25b0n0:63424:2266 [0] NCCL INFO + SYS[5000.0] - CPU/2
x3103c0s25b0n0:63424:2266 [0] NCCL INFO + PCI[12.0] - NIC/C8000
x3103c0s25b0n0:63424:2266 [0] NCCL INFO CPU/2 (1/2/-1)
x3103c0s25b0n0:63424:2266 [0] NCCL INFO + SYS[5000.0] - CPU/3
x3103c0s25b0n0:63424:2266 [0] NCCL INFO + SYS[5000.0] - CPU/0
x3103c0s25b0n0:63424:2266 [0] NCCL INFO + PCI[12.0] - NIC/43000
x3103c0s25b0n0:63424:2266 [0] NCCL INFO ==========================================
x3103c0s25b0n0:63424:2266 [0] NCCL INFO GPU/7000 :GPU/7000 (0/5000.000000/LOC) CPU/3 (2/24.000000/PHB) CPU/0 (3/24.000000/SYS) CPU/2 (3/24.000000/SYS) 
x3103c0s25b0n0:63424:2266 [0] NCCL INFO Pattern 4, crossNic 0, nChannels 16, bw 44.000000/44.000000, type LOC/PIX, sameChannels 1
x3103c0s25b0n0:63424:2266 [0] NCCL INFO  0 : GPU/0
x3103c0s25b0n0:63424:2266 [0] NCCL INFO  1 : GPU/0
x3103c0s25b0n0:63424:2266 [0] NCCL INFO  2 : GPU/0
x3103c0s25b0n0:63424:2266 [0] NCCL INFO  3 : GPU/0
x3103c0s25b0n0:63424:2266 [0] NCCL INFO  4 : GPU/0
x3103c0s25b0n0:63424:2266 [0] NCCL INFO  5 : GPU/0
x3103c0s25b0n0:63424:2266 [0] NCCL INFO  6 : GPU/0
x3103c0s25b0n0:63424:2266 [0] NCCL INFO  7 : GPU/0
x3103c0s25b0n0:63424:2266 [0] NCCL INFO  8 : GPU/0
x3103c0s25b0n0:63424:2266 [0] NCCL INFO  9 : GPU/0
x3103c0s25b0n0:63424:2266 [0] NCCL INFO 10 : GPU/0
x3103c0s25b0n0:63424:2266 [0] NCCL INFO 11 : GPU/0
x3103c0s25b0n0:63424:2266 [0] NCCL INFO 12 : GPU/0
x3103c0s25b0n0:63424:2266 [0] NCCL INFO 13 : GPU/0
x3103c0s25b0n0:63424:2266 [0] NCCL INFO 14 : GPU/0
x3103c0s25b0n0:63424:2266 [0] NCCL INFO 15 : GPU/0
x3103c0s25b0n0:63424:2266 [0] NCCL INFO Pattern 3, crossNic 0, nChannels 16, bw 44.000000/44.000000, type LOC/PIX, sameChannels 1
x3103c0s25b0n0:63424:2266 [0] NCCL INFO  0 : GPU/0
x3103c0s25b0n0:63424:2266 [0] NCCL INFO  1 : GPU/0
x3103c0s25b0n0:63424:2266 [0] NCCL INFO  2 : GPU/0
x3103c0s25b0n0:63424:2266 [0] NCCL INFO  3 : GPU/0
x3103c0s25b0n0:63424:2266 [0] NCCL INFO  4 : GPU/0
x3103c0s25b0n0:63424:2266 [0] NCCL INFO  5 : GPU/0
x3103c0s25b0n0:63424:2266 [0] NCCL INFO  6 : GPU/0
x3103c0s25b0n0:63424:2266 [0] NCCL INFO  7 : GPU/0
x3103c0s25b0n0:63424:2266 [0] NCCL INFO  8 : GPU/0
x3103c0s25b0n0:63424:2266 [0] NCCL INFO  9 : GPU/0
x3103c0s25b0n0:63424:2266 [0] NCCL INFO 10 : GPU/0
x3103c0s25b0n0:63424:2266 [0] NCCL INFO 11 : GPU/0
x3103c0s25b0n0:63424:2266 [0] NCCL INFO 12 : GPU/0
x3103c0s25b0n0:63424:2266 [0] NCCL INFO 13 : GPU/0
x3103c0s25b0n0:63424:2266 [0] NCCL INFO 14 : GPU/0
x3103c0s25b0n0:63424:2266 [0] NCCL INFO 15 : GPU/0
x3103c0s25b0n0:63424:2266 [0] NCCL INFO Pattern 3, crossNic 0, nChannels 16, bw 44.000000/44.000000, type LOC/PIX, sameChannels 1
x3103c0s25b0n0:63424:2266 [0] NCCL INFO  0 : GPU/0
x3103c0s25b0n0:63424:2266 [0] NCCL INFO  1 : GPU/0
x3103c0s25b0n0:63424:2266 [0] NCCL INFO  2 : GPU/0
