x3001c0s7b0n0:36070:37441 [1] NCCL INFO transport/net.cc:698 Cuda Host Alloc Size 9641984 pointer 0x152e7aa00000
x3001c0s7b0n0:36070:37441 [1] NCCL INFO Mem Realloc old size 0, new size 768 pointer 0x152e7c06e880
x3001c0s7b0n0:36075:37443 [2] NCCL INFO New proxy recv connection 7 from local rank 2, transport 0
x3001c0s7b0n0:36079:37430 [3] NCCL INFO NET/IB: Dev 1 Port 1 qpn 29170 mtu 5 GID 0 (80FE/6E0000FEFF000000)
x3001c0s7b0n0:36079:37430 [3] NCCL INFO transport/net_ib.cc:653 Ib Alloc Size 552 pointer 0x15037c042000
x3001c0s7b0n0:36079:37430 [3] NCCL INFO transport/net.cc:571 Cuda Host Alloc Size 9641984 pointer 0x150374c00000
x3001c0s7b0n0:36079:37430 [3] NCCL INFO Mem Realloc old size 0, new size 768 pointer 0x15037c02f0a0
x3001c0s7b0n0:36070:37441 [1] NCCL INFO transport/net_ib.cc:683 Ib Alloc Size 21688 pointer 0x152e7c07b000
x3001c0s7b0n0:36079:37430 [3] NCCL INFO transport/net_ib.cc:596 Ib Alloc Size 26560 pointer 0x15037c044000
x3001c0s7b0n0:36079:37430 [3] NCCL INFO NET/IB: Dev 0 Port 1 qpn 30147 mtu 5 GID 0 (80FE/2E0000FEFF000000)
x3001c0s7b0n0:36079:37430 [3] NCCL INFO transport/net_ib.cc:653 Ib Alloc Size 552 pointer 0x15037c065000
x3001c0s7b0n0:36079:37430 [3] NCCL INFO transport/net.cc:571 Cuda Host Alloc Size 9641984 pointer 0x150375600000
x3001c0s7b0n0:36079:37430 [3] NCCL INFO Mem Realloc old size 0, new size 768 pointer 0x15037c0521f0
x3001c0s7b0n0:36075:37233 [2] NCCL INFO Connection to proxy localRank 2 -> connection 0x14cab0000e40
x3001c0s7b0n0:36075:37443 [2] NCCL INFO transport/p2p.cc:449 Cuda Alloc Size 6291456 pointer 0x14caa6000000
x3001c0s7b0n0:36070:37441 [1] NCCL INFO transport/net_ib.cc:696 Ib Alloc Size 552 pointer 0x152e7c082000
x3001c0s7b0n0:36079:37430 [3] NCCL INFO transport/net_ib.cc:596 Ib Alloc Size 26560 pointer 0x15037c067000
x3001c0s7b0n0:36079:37430 [3] NCCL INFO NET/IB: Dev 1 Port 1 qpn 29172 mtu 5 GID 0 (80FE/6E0000FEFF000000)
x3001c0s7b0n0:36079:37430 [3] NCCL INFO transport/net_ib.cc:653 Ib Alloc Size 552 pointer 0x15037c07e000
x3001c0s7b0n0:36079:37430 [3] NCCL INFO transport/net.cc:571 Cuda Host Alloc Size 9641984 pointer 0x150372000000
x3001c0s7b0n0:36070:37441 [1] NCCL INFO transport/net_ib.cc:771 Ib Alloc Size 552 pointer 0x152e7c09d000
x3001c0s7b0n0:36070:37441 [1] NCCL INFO transport/net.cc:698 Cuda Host Alloc Size 9641984 pointer 0x152e7b400000
x3001c0s7b0n0:36075:37233 [2] NCCL INFO Connected all rings
x3001c0s7b0n0:36075:37443 [2] NCCL INFO New proxy recv connection 8 from local rank 2, transport 0
x3001c0s7b0n0:36065:37439 [0] NCCL INFO New proxy recv connection 4 from local rank 0, transport 0
x3001c0s7b0n0:36079:37430 [3] NCCL INFO transport/net_ib.cc:596 Ib Alloc Size 26560 pointer 0x15037c080000
x3001c0s7b0n0:36070:37441 [1] NCCL INFO transport/net_ib.cc:683 Ib Alloc Size 21688 pointer 0x152e7c09f000
x3001c0s7b0n0:36070:37441 [1] NCCL INFO transport/net_ib.cc:696 Ib Alloc Size 552 pointer 0x152e7c0a6000
x3001c0s7b0n0:36079:37430 [3] NCCL INFO NET/IB: Dev 0 Port 1 qpn 30148 mtu 5 GID 0 (80FE/2E0000FEFF000000)
x3001c0s7b0n0:36079:37430 [3] NCCL INFO transport/net_ib.cc:653 Ib Alloc Size 552 pointer 0x15037c097000
x3001c0s7b0n0:36079:37430 [3] NCCL INFO transport/net.cc:571 Cuda Host Alloc Size 9641984 pointer 0x150372a00000
x3001c0s7b0n0:36065:37232 [0] NCCL INFO Connection to proxy localRank 0 -> connection 0x145e94000d80
x3001c0s7b0n0:36065:37439 [0] NCCL INFO transport/p2p.cc:449 Cuda Alloc Size 6291456 pointer 0x145e92c00000
x3001c0s7b0n0:36075:37233 [2] NCCL INFO Connection to proxy localRank 2 -> connection 0x14cab0000e80
x3001c0s7b0n0:36075:37443 [2] NCCL INFO transport/p2p.cc:449 Cuda Alloc Size 6291456 pointer 0x14caa4000000
x3001c0s7b0n0:36070:37441 [1] NCCL INFO transport/net_ib.cc:771 Ib Alloc Size 552 pointer 0x152e7c0c1000
x3001c0s7b0n0:36070:37441 [1] NCCL INFO transport/net.cc:698 Cuda Host Alloc Size 9641984 pointer 0x152e78000000
x3001c0s7b0n0:36079:37235 [3] NCCL INFO Connected all rings
x3001c0s7b0n0:36079:37235 [3] NCCL INFO Channel 00/0 : 19[c7000] -> 18[85000] via P2P/IPC/read
x3001c0s7b0n0:36079:37430 [3] NCCL INFO New proxy send connection 8 from local rank 3, transport 0
x3001c0s7b0n0:36070:37236 [1] NCCL INFO Channel 00/0 : 17[46000] -> 16[7000] via P2P/IPC/read
x3001c0s7b0n0:36070:37441 [1] NCCL INFO New proxy send connection 4 from local rank 1, transport 0
x3001c0s7b0n0:36065:37439 [0] NCCL INFO New proxy recv connection 5 from local rank 0, transport 0
x3001c0s7b0n0:36075:37443 [2] NCCL INFO New proxy recv connection 9 from local rank 2, transport 0
x3001c0s7b0n0:36075:37233 [2] NCCL INFO Connection to proxy localRank 2 -> connection 0x14cab0000ec0
x3001c0s7b0n0:36079:37235 [3] NCCL INFO Connection to proxy localRank 3 -> connection 0x15037c000e80
x3001c0s7b0n0:36079:37430 [3] NCCL INFO transport/p2p.cc:430 Cuda Alloc Size 6291456 pointer 0x150373400000
x3001c0s7b0n0:36075:37443 [2] NCCL INFO transport/p2p.cc:449 Cuda Alloc Size 6291456 pointer 0x14caa4600000
x3001c0s7b0n0:36070:37236 [1] NCCL INFO Connection to proxy localRank 1 -> connection 0x152e7c000d80
x3001c0s7b0n0:36070:37441 [1] NCCL INFO transport/p2p.cc:430 Cuda Alloc Size 6291456 pointer 0x152e78a00000
x3001c0s7b0n0:36065:37232 [0] NCCL INFO Connection to proxy localRank 0 -> connection 0x145e94000dc0
x3001c0s7b0n0:36065:37439 [0] NCCL INFO transport/p2p.cc:449 Cuda Alloc Size 6291456 pointer 0x145e93200000
x3001c0s7b0n0:36079:37235 [3] NCCL INFO Channel 01/0 : 19[c7000] -> 18[85000] via P2P/IPC/read
x3001c0s7b0n0:36079:37430 [3] NCCL INFO New proxy send connection 9 from local rank 3, transport 0
x3001c0s7b0n0:36075:37443 [2] NCCL INFO New proxy recv connection 10 from local rank 2, transport 0
x3001c0s7b0n0:36065:37439 [0] NCCL INFO New proxy recv connection 6 from local rank 0, transport 0
x3001c0s7b0n0:36079:37235 [3] NCCL INFO Connection to proxy localRank 3 -> connection 0x15037c000ec0
x3001c0s7b0n0:36079:37430 [3] NCCL INFO transport/p2p.cc:430 Cuda Alloc Size 6291456 pointer 0x150373a00000
x3001c0s7b0n0:36070:37236 [1] NCCL INFO Channel 01/0 : 17[46000] -> 16[7000] via P2P/IPC/read
x3001c0s7b0n0:36075:37233 [2] NCCL INFO Connection to proxy localRank 2 -> connection 0x14cab0000f00
x3001c0s7b0n0:36075:37443 [2] NCCL INFO transport/p2p.cc:449 Cuda Alloc Size 6291456 pointer 0x14caa4c00000
x3001c0s7b0n0:36065:37232 [0] NCCL INFO Connection to proxy localRank 0 -> connection 0x145e94000e00
x3001c0s7b0n0:36065:37439 [0] NCCL INFO transport/p2p.cc:449 Cuda Alloc Size 6291456 pointer 0x145e93800000
x3001c0s7b0n0:36075:37443 [2] NCCL INFO New proxy recv connection 11 from local rank 2, transport 0
x3001c0s7b0n0:36070:37441 [1] NCCL INFO New proxy send connection 5 from local rank 1, transport 0
x3001c0s7b0n0:36070:37236 [1] NCCL INFO Connection to proxy localRank 1 -> connection 0x152e7c000dc0
x3001c0s7b0n0:36070:37441 [1] NCCL INFO transport/p2p.cc:430 Cuda Alloc Size 6291456 pointer 0x152e79000000
x3001c0s7b0n0:36079:37235 [3] NCCL INFO Channel 02/0 : 19[c7000] -> 18[85000] via P2P/IPC/read
x3001c0s7b0n0:36079:37430 [3] NCCL INFO New proxy send connection 10 from local rank 3, transport 0
x3001c0s7b0n0:36075:37233 [2] NCCL INFO Connection to proxy localRank 2 -> connection 0x14cab0000f40
x3001c0s7b0n0:36075:37443 [2] NCCL INFO transport/p2p.cc:449 Cuda Alloc Size 6291456 pointer 0x14caa5200000
x3001c0s7b0n0:36070:37236 [1] NCCL INFO Channel 02/0 : 17[46000] -> 16[7000] via P2P/IPC/read
x3001c0s7b0n0:36070:37441 [1] NCCL INFO New proxy send connection 6 from local rank 1, transport 0
x3001c0s7b0n0:36065:37439 [0] NCCL INFO New proxy recv connection 7 from local rank 0, transport 0
x3001c0s7b0n0:36079:37235 [3] NCCL INFO Connection to proxy localRank 3 -> connection 0x15037c000f00
x3001c0s7b0n0:36079:37430 [3] NCCL INFO transport/p2p.cc:430 Cuda Alloc Size 6291456 pointer 0x15036a000000
x3001c0s7b0n0:36070:37236 [1] NCCL INFO Connection to proxy localRank 1 -> connection 0x152e7c000e00
x3001c0s7b0n0:36070:37441 [1] NCCL INFO transport/p2p.cc:430 Cuda Alloc Size 6291456 pointer 0x152e79600000
x3001c0s7b0n0:36070:37236 [1] NCCL INFO Channel 03/0 : 17[46000] -> 16[7000] via P2P/IPC/read
x3001c0s7b0n0:36070:37441 [1] NCCL INFO New proxy send connection 7 from local rank 1, transport 0
x3001c0s7b0n0:36065:37232 [0] NCCL INFO Connection to proxy localRank 0 -> connection 0x145e94000e40
x3001c0s7b0n0:36065:37439 [0] NCCL INFO transport/p2p.cc:449 Cuda Alloc Size 6291456 pointer 0x145e90000000
x3001c0s7b0n0:36079:37235 [3] NCCL INFO Channel 03/0 : 19[c7000] -> 18[85000] via P2P/IPC/read
x3001c0s7b0n0:36079:37430 [3] NCCL INFO New proxy send connection 11 from local rank 3, transport 0
x3001c0s7b0n0:36070:37236 [1] NCCL INFO Connection to proxy localRank 1 -> connection 0x152e7c000e40
x3001c0s7b0n0:36070:37441 [1] NCCL INFO transport/p2p.cc:430 Cuda Alloc Size 6291456 pointer 0x152e89a00000
x3001c0s7b0n0:36070:37236 [1] NCCL INFO Connected all rings
x3001c0s7b0n0:36070:37441 [1] NCCL INFO New proxy recv connection 8 from local rank 1, transport 0
x3001c0s7b0n0:36065:37232 [0] NCCL INFO Connected all rings
x3001c0s7b0n0:36065:37232 [0] NCCL INFO Channel 00/0 : 16[7000] -> 17[46000] via P2P/IPC/read
x3001c0s7b0n0:36065:37439 [0] NCCL INFO New proxy send connection 8 from local rank 0, transport 0
x3001c0s7b0n0:36079:37235 [3] NCCL INFO Connection to proxy localRank 3 -> connection 0x15037c000f40
x3001c0s7b0n0:36079:37430 [3] NCCL INFO transport/p2p.cc:430 Cuda Alloc Size 6291456 pointer 0x15036a600000
x3001c0s7b0n0:36065:37232 [0] NCCL INFO Connection to proxy localRank 0 -> connection 0x145e94000e80
x3001c0s7b0n0:36065:37439 [0] NCCL INFO transport/p2p.cc:430 Cuda Alloc Size 6291456 pointer 0x145e8e000000
x3001c0s7b0n0:36070:37236 [1] NCCL INFO Connection to proxy localRank 1 -> connection 0x152e7c000e80
x3001c0s7b0n0:36070:37441 [1] NCCL INFO transport/p2p.cc:449 Cuda Alloc Size 6291456 pointer 0x152e77800000
x3001c0s7b0n0:36065:37232 [0] NCCL INFO Channel 01/0 : 16[7000] -> 17[46000] via P2P/IPC/read
x3001c0s7b0n0:36065:37439 [0] NCCL INFO New proxy send connection 9 from local rank 0, transport 0
x3001c0s7b0n0:36070:37441 [1] NCCL INFO New proxy recv connection 9 from local rank 1, transport 0
x3001c0s7b0n0:36065:37232 [0] NCCL INFO Connection to proxy localRank 0 -> connection 0x145e94000ec0
x3001c0s7b0n0:36065:37439 [0] NCCL INFO transport/p2p.cc:430 Cuda Alloc Size 6291456 pointer 0x145e8e600000
x3001c0s7b0n0:36070:37236 [1] NCCL INFO Connection to proxy localRank 1 -> connection 0x152e7c000ec0
x3001c0s7b0n0:36070:37441 [1] NCCL INFO transport/p2p.cc:449 Cuda Alloc Size 6291456 pointer 0x152e74000000
x3001c0s7b0n0:36065:37232 [0] NCCL INFO Channel 02/0 : 16[7000] -> 17[46000] via P2P/IPC/read
x3001c0s7b0n0:36065:37439 [0] NCCL INFO New proxy send connection 10 from local rank 0, transport 0
x3001c0s7b0n0:36070:37441 [1] NCCL INFO New proxy recv connection 10 from local rank 1, transport 0
x3001c0s7b0n0:36065:37232 [0] NCCL INFO Connection to proxy localRank 0 -> connection 0x145e94000f00
x3001c0s7b0n0:36065:37439 [0] NCCL INFO transport/p2p.cc:430 Cuda Alloc Size 6291456 pointer 0x145e8ec00000
x3001c0s7b0n0:36070:37236 [1] NCCL INFO Connection to proxy localRank 1 -> connection 0x152e7c000f00
x3001c0s7b0n0:36070:37441 [1] NCCL INFO transport/p2p.cc:449 Cuda Alloc Size 6291456 pointer 0x152e74600000
x3001c0s7b0n0:36070:37441 [1] NCCL INFO New proxy recv connection 11 from local rank 1, transport 0
x3001c0s7b0n0:36065:37232 [0] NCCL INFO Channel 03/0 : 16[7000] -> 17[46000] via P2P/IPC/read
x3001c0s7b0n0:36065:37439 [0] NCCL INFO New proxy send connection 11 from local rank 0, transport 0
x3001c0s7b0n0:36070:37236 [1] NCCL INFO Connection to proxy localRank 1 -> connection 0x152e7c000f40
x3001c0s7b0n0:36070:37441 [1] NCCL INFO transport/p2p.cc:449 Cuda Alloc Size 6291456 pointer 0x152e74c00000
x3001c0s7b0n0:36065:37232 [0] NCCL INFO Connection to proxy localRank 0 -> connection 0x145e94000f40
x3001c0s7b0n0:36065:37439 [0] NCCL INFO transport/p2p.cc:430 Cuda Alloc Size 6291456 pointer 0x145e8f200000
x3001c0s7b0n0:36070:37236 [1] NCCL INFO Channel 00/0 : 17[46000] -> 18[85000] via P2P/IPC/read
x3001c0s7b0n0:36070:37441 [1] NCCL INFO New proxy send connection 12 from local rank 1, transport 0
x3001c0s7b0n0:36070:37236 [1] NCCL INFO Connection to proxy localRank 1 -> connection 0x152e7c000f80
x3001c0s7b0n0:36070:37441 [1] NCCL INFO transport/p2p.cc:430 Cuda Alloc Size 6291456 pointer 0x152e75200000
x3001c0s7b0n0:36070:37236 [1] NCCL INFO Channel 01/0 : 17[46000] -> 18[85000] via P2P/IPC/read
x3001c0s7b0n0:36070:37441 [1] NCCL INFO New proxy send connection 13 from local rank 1, transport 0
x3001c0s7b0n0:36070:37236 [1] NCCL INFO Connection to proxy localRank 1 -> connection 0x152e7c000fc0
x3001c0s7b0n0:36070:37441 [1] NCCL INFO transport/p2p.cc:430 Cuda Alloc Size 6291456 pointer 0x152e75800000
x3001c0s7b0n0:36070:37236 [1] NCCL INFO Channel 02/0 : 17[46000] -> 18[85000] via P2P/IPC/read
x3001c0s7b0n0:36070:37441 [1] NCCL INFO New proxy send connection 14 from local rank 1, transport 0
x3001c0s7b0n0:36070:37236 [1] NCCL INFO Connection to proxy localRank 1 -> connection 0x152e7c001000
x3001c0s7b0n0:36070:37441 [1] NCCL INFO transport/p2p.cc:430 Cuda Alloc Size 6291456 pointer 0x152e72000000
x3001c0s7b0n0:36070:37236 [1] NCCL INFO Channel 03/0 : 17[46000] -> 18[85000] via P2P/IPC/read
x3001c0s7b0n0:36070:37441 [1] NCCL INFO New proxy send connection 15 from local rank 1, transport 0
x3001c0s7b0n0:36070:37236 [1] NCCL INFO Connection to proxy localRank 1 -> connection 0x152e7c001040
x3001c0s7b0n0:36070:37441 [1] NCCL INFO transport/p2p.cc:430 Cuda Alloc Size 6291456 pointer 0x152e72600000
x3001c0s7b0n0:36070:37236 [1] NCCL INFO GPU Direct RDMA Disabled for GPU 46000 / HCA 1 (distance 6 > 4)
x3001c0s7b0n0:36065:37232 [0] NCCL INFO GPU Direct RDMA Disabled for GPU 7000 / HCA 1 (distance 7 > 4)
x3001c0s7b0n0:36065:37439 [0] NCCL INFO Allocated 4194656 bytes of shared memory in /dev/shm/nccl-zclJhf

x3001c0s7b0n0:36065:37439 [0] NCCL INFO New proxy recv connection 12 from local rank 0, transport 2
x3001c0s7b0n0:36075:37443 [2] NCCL INFO New proxy recv connection 12 from local rank 2, transport 0
x3001c0s7b0n0:36070:37441 [1] NCCL INFO New proxy recv connection 16 from local rank 1, transport 2
x3001c0s7b0n0:36065:37232 [0] NCCL INFO Connection to proxy localRank 0 -> connection 0x145e94000f80
x3001c0s7b0n0:36075:37233 [2] NCCL INFO Connection to proxy localRank 2 -> connection 0x14cab0000f80
x3001c0s7b0n0:36075:37443 [2] NCCL INFO transport/p2p.cc:449 Cuda Alloc Size 6291456 pointer 0x14caa3200000
x3001c0s7b0n0:36070:37236 [1] NCCL INFO Connection to proxy localRank 1 -> connection 0x152e7c001080
x3001c0s7b0n0:36065:37232 [0] NCCL INFO Channel 02/0 : 12[7000] -> 16[7000] [receive] via NET/IB/1
x3001c0s7b0n0:36065:37232 [0] NCCL INFO GPU Direct RDMA Disabled for GPU 7000 / HCA 0 (distance 7 > 4)
x3001c0s7b0n0:36065:37439 [0] NCCL INFO New proxy recv connection 13 from local rank 0, transport 2
x3001c0s7b0n0:36070:37236 [1] NCCL INFO Channel 00/0 : 8[7000] -> 17[46000] [receive] via NET/IB/1
x3001c0s7b0n0:36070:37236 [1] NCCL INFO GPU Direct RDMA Disabled for GPU 46000 / HCA 0 (distance 7 > 4)
x3001c0s7b0n0:36070:37441 [1] NCCL INFO New proxy recv connection 17 from local rank 1, transport 2
x3001c0s7b0n0:36075:37443 [2] NCCL INFO New proxy recv connection 13 from local rank 2, transport 0
x3001c0s7b0n0:36070:37236 [1] NCCL INFO Connection to proxy localRank 1 -> connection 0x152e7c0010c0
x3001c0s7b0n0:36065:37232 [0] NCCL INFO Connection to proxy localRank 0 -> connection 0x145e94000fc0
x3001c0s7b0n0:36065:37232 [0] NCCL INFO Channel 03/0 : 12[7000] -> 16[7000] [receive] via NET/IB/0
x3001c0s7b0n0:36065:37232 [0] NCCL INFO GPU Direct RDMA Disabled for GPU 7000 / HCA 1 (distance 7 > 4)
x3001c0s7b0n0:36065:37439 [0] NCCL INFO New proxy send connection 14 from local rank 0, transport 2
x3001c0s7b0n0:36070:37236 [1] NCCL INFO Channel 01/0 : 8[7000] -> 17[46000] [receive] via NET/IB/0
x3001c0s7b0n0:36075:37233 [2] NCCL INFO Connection to proxy localRank 2 -> connection 0x14cab0000fc0
x3001c0s7b0n0:36075:37443 [2] NCCL INFO transport/p2p.cc:449 Cuda Alloc Size 6291456 pointer 0x14caa3800000
x3001c0s7b0n0:36065:37232 [0] NCCL INFO Connection to proxy localRank 0 -> connection 0x145e94001000
x3001c0s7b0n0:36065:37232 [0] NCCL INFO Channel 00/0 : 16[7000] -> 0[7000] [send] via NET/IB/1
x3001c0s7b0n0:36065:37232 [0] NCCL INFO GPU Direct RDMA Disabled for GPU 7000 / HCA 0 (distance 7 > 4)
x3001c0s7b0n0:36065:37439 [0] NCCL INFO New proxy send connection 15 from local rank 0, transport 2
x3001c0s7b0n0:36075:37443 [2] NCCL INFO New proxy recv connection 14 from local rank 2, transport 0
x3001c0s7b0n0:36065:37232 [0] NCCL INFO Connection to proxy localRank 0 -> connection 0x145e94001040
x3001c0s7b0n0:36065:37232 [0] NCCL INFO Channel 01/0 : 16[7000] -> 0[7000] [send] via NET/IB/0
x3001c0s7b0n0:36075:37233 [2] NCCL INFO Connection to proxy localRank 2 -> connection 0x14cab0001000
x3001c0s7b0n0:36075:37443 [2] NCCL INFO transport/p2p.cc:449 Cuda Alloc Size 6291456 pointer 0x14caa0000000
x3001c0s7b0n0:36075:37443 [2] NCCL INFO New proxy recv connection 15 from local rank 2, transport 0
x3001c0s7b0n0:36075:37233 [2] NCCL INFO Connection to proxy localRank 2 -> connection 0x14cab0001040
x3001c0s7b0n0:36075:37443 [2] NCCL INFO transport/p2p.cc:449 Cuda Alloc Size 6291456 pointer 0x14caa0600000
x3001c0s7b0n0:36065:37439 [0] NCCL INFO transport/net_ib.cc:596 Ib Alloc Size 26560 pointer 0x145e94026000
x3001c0s7b0n0:36065:37439 [0] NCCL INFO NET/IB: Dev 1 Port 1 qpn 29174 mtu 5 GID 0 (80FE/6E0000FEFF000000)
x3001c0s7b0n0:36065:37439 [0] NCCL INFO transport/net_ib.cc:653 Ib Alloc Size 552 pointer 0x145e94048000
x3001c0s7b0n0:36065:37439 [0] NCCL INFO transport/net.cc:571 Cuda Host Alloc Size 9641984 pointer 0x145e8d200000
x3001c0s7b0n0:36065:37439 [0] NCCL INFO Mem Realloc old size 0, new size 768 pointer 0x145e94035670
x3001c0s7b0n0:36075:37233 [2] NCCL INFO Channel 00/0 : 18[85000] -> 17[46000] via P2P/IPC/read
x3001c0s7b0n0:36075:37443 [2] NCCL INFO New proxy send connection 16 from local rank 2, transport 0
x3001c0s7b0n0:36065:37439 [0] NCCL INFO transport/net_ib.cc:596 Ib Alloc Size 26560 pointer 0x145e9404a000
x3001c0s7b0n0:36075:37233 [2] NCCL INFO Connection to proxy localRank 2 -> connection 0x14cab0001080
x3001c0s7b0n0:36075:37443 [2] NCCL INFO transport/p2p.cc:430 Cuda Alloc Size 6291456 pointer 0x14caa0c00000
x3001c0s7b0n0:36065:37439 [0] NCCL INFO NET/IB: Dev 0 Port 1 qpn 30151 mtu 5 GID 0 (80FE/2E0000FEFF000000)
x3001c0s7b0n0:36065:37439 [0] NCCL INFO transport/net_ib.cc:653 Ib Alloc Size 552 pointer 0x145e9406b000
x3001c0s7b0n0:36065:37439 [0] NCCL INFO transport/net.cc:571 Cuda Host Alloc Size 9641984 pointer 0x145e86000000
x3001c0s7b0n0:36065:37439 [0] NCCL INFO Mem Realloc old size 0, new size 768 pointer 0x145e94058a50
x3001c0s7b0n0:36065:37439 [0] NCCL INFO transport/net_ib.cc:683 Ib Alloc Size 21688 pointer 0x145e9406d000
x3001c0s7b0n0:36065:37439 [0] NCCL INFO transport/net_ib.cc:696 Ib Alloc Size 552 pointer 0x145e94074000
x3001c0s7b0n0:36065:37439 [0] NCCL INFO transport/net_ib.cc:771 Ib Alloc Size 552 pointer 0x145e94090000
x3001c0s7b0n0:36065:37439 [0] NCCL INFO transport/net.cc:698 Cuda Host Alloc Size 9641984 pointer 0x145e86a00000
x3001c0s7b0n0:36075:37233 [2] NCCL INFO Channel 01/0 : 18[85000] -> 17[46000] via P2P/IPC/read
x3001c0s7b0n0:36075:37443 [2] NCCL INFO New proxy send connection 17 from local rank 2, transport 0
x3001c0s7b0n0:36065:37439 [0] NCCL INFO transport/net_ib.cc:683 Ib Alloc Size 21688 pointer 0x145e94092000
x3001c0s7b0n0:36065:37439 [0] NCCL INFO transport/net_ib.cc:696 Ib Alloc Size 552 pointer 0x145e94099000
x3001c0s7b0n0:36075:37233 [2] NCCL INFO Connection to proxy localRank 2 -> connection 0x14cab00010c0
x3001c0s7b0n0:36075:37443 [2] NCCL INFO transport/p2p.cc:430 Cuda Alloc Size 6291456 pointer 0x14caa1200000
x3001c0s7b0n0:36075:37233 [2] NCCL INFO Channel 02/0 : 18[85000] -> 17[46000] via P2P/IPC/read
x3001c0s7b0n0:36075:37443 [2] NCCL INFO New proxy send connection 18 from local rank 2, transport 0
x3001c0s7b0n0:36075:37233 [2] NCCL INFO Connection to proxy localRank 2 -> connection 0x14cab0001100
x3001c0s7b0n0:36065:37439 [0] NCCL INFO transport/net_ib.cc:771 Ib Alloc Size 552 pointer 0x145e940b4000
x3001c0s7b0n0:36065:37439 [0] NCCL INFO transport/net.cc:698 Cuda Host Alloc Size 9641984 pointer 0x145e87400000
x3001c0s7b0n0:36065:37232 [0] NCCL INFO GPU Direct RDMA Disabled for GPU 7000 / HCA 1 (distance 7 > 4)
x3001c0s7b0n0:36065:37439 [0] NCCL INFO New proxy recv connection 16 from local rank 0, transport 2
x3001c0s7b0n0:36075:37443 [2] NCCL INFO transport/p2p.cc:430 Cuda Alloc Size 6291456 pointer 0x14caa1800000
x3001c0s7b0n0:36075:37233 [2] NCCL INFO Channel 03/0 : 18[85000] -> 17[46000] via P2P/IPC/read
x3001c0s7b0n0:36075:37443 [2] NCCL INFO New proxy send connection 19 from local rank 2, transport 0
x3001c0s7b0n0:36075:37233 [2] NCCL INFO Connection to proxy localRank 2 -> connection 0x14cab0001140
x3001c0s7b0n0:36065:37232 [0] NCCL INFO Connection to proxy localRank 0 -> connection 0x145e94001080
x3001c0s7b0n0:36075:37443 [2] NCCL INFO transport/p2p.cc:430 Cuda Alloc Size 6291456 pointer 0x14ca9e000000
x3001c0s7b0n0:36065:37232 [0] NCCL INFO Channel 00/0 : 0[7000] -> 16[7000] [receive] via NET/IB/1
x3001c0s7b0n0:36065:37232 [0] NCCL INFO GPU Direct RDMA Disabled for GPU 7000 / HCA 0 (distance 7 > 4)
x3001c0s7b0n0:36065:37439 [0] NCCL INFO New proxy recv connection 17 from local rank 0, transport 2
x3001c0s7b0n0:36065:37232 [0] NCCL INFO Connection to proxy localRank 0 -> connection 0x145e940010c0
x3001c0s7b0n0:36079:37235 [3] NCCL INFO Connected all trees by HAO
x3001c0s7b0n0:36079:37235 [3] NCCL INFO threadThresholds 8/8/64 | 160/8/64 | 512 | 512
x3001c0s7b0n0:36079:37235 [3] NCCL INFO 4 coll channels, 4 p2p channels, 2 p2p channels per peer
x3001c0s7b0n0:36079:37430 [3] NCCL INFO New proxy send connection 12 from local rank 3, transport 2
x3001c0s7b0n0:36070:37441 [1] NCCL INFO transport/net_ib.cc:683 Ib Alloc Size 21688 pointer 0x152e7c0d2000
x3001c0s7b0n0:36065:37232 [0] NCCL INFO Channel 01/0 : 0[7000] -> 16[7000] [receive] via NET/IB/0
x3001c0s7b0n0:36065:37232 [0] NCCL INFO GPU Direct RDMA Disabled for GPU 7000 / HCA 1 (distance 7 > 4)
x3001c0s7b0n0:36065:37439 [0] NCCL INFO New proxy send connection 18 from local rank 0, transport 2
x3001c0s7b0n0:36070:37441 [1] NCCL INFO transport/net_ib.cc:696 Ib Alloc Size 552 pointer 0x152e7c019000
x3001c0s7b0n0:36079:37235 [3] NCCL INFO Connection to proxy localRank 3 -> connection 0x15037c000f80
x3001c0s7b0n0:36079:37430 [3] NCCL INFO transport/net.cc:376 Cuda Alloc Size 8388608 pointer 0x150368600000
x3001c0s7b0n0:36065:37232 [0] NCCL INFO Connection to proxy localRank 0 -> connection 0x145e94001100
x3001c0s7b0n0:36065:37232 [0] NCCL INFO Channel 02/0 : 16[7000] -> 12[7000] [send] via NET/IB/1
x3001c0s7b0n0:36065:37232 [0] NCCL INFO GPU Direct RDMA Disabled for GPU 7000 / HCA 0 (distance 7 > 4)
x3001c0s7b0n0:36065:37439 [0] NCCL INFO New proxy send connection 19 from local rank 0, transport 2
x3001c0s7b0n0:36065:37232 [0] NCCL INFO Connection to proxy localRank 0 -> connection 0x145e94001140
x3001c0s7b0n0:36065:37232 [0] NCCL INFO Channel 03/0 : 16[7000] -> 12[7000] [send] via NET/IB/0
x3001c0s7b0n0:36070:37441 [1] NCCL INFO transport/net_ib.cc:771 Ib Alloc Size 552 pointer 0x152e7c0f2000
x3001c0s7b0n0:36070:37441 [1] NCCL INFO transport/net.cc:698 Cuda Host Alloc Size 9641984 pointer 0x152e6e000000
x3001c0s7b0n0:36070:37441 [1] NCCL INFO transport/net_ib.cc:683 Ib Alloc Size 21688 pointer 0x152e7c0f4000
x3001c0s7b0n0:36070:37441 [1] NCCL INFO transport/net_ib.cc:696 Ib Alloc Size 552 pointer 0x152e7c0fb000
x3001c0s7b0n0:36070:37441 [1] NCCL INFO transport/net_ib.cc:771 Ib Alloc Size 552 pointer 0x152e7c116000
x3001c0s7b0n0:36070:37441 [1] NCCL INFO transport/net.cc:698 Cuda Host Alloc Size 9641984 pointer 0x152e6ea00000
x3001c0s7b0n0:36070:37236 [1] NCCL INFO GPU Direct RDMA Disabled for GPU 46000 / HCA 1 (distance 6 > 4)
x3001c0s7b0n0:36070:37441 [1] NCCL INFO New proxy send connection 18 from local rank 1, transport 2
x3001c0s7b0n0:36070:37236 [1] NCCL INFO Connection to proxy localRank 1 -> connection 0x152e7c001100
x3001c0s7b0n0:36070:37236 [1] NCCL INFO Channel 00/0 : 17[46000] -> 8[7000] [send] via NET/IB/1
x3001c0s7b0n0:36070:37236 [1] NCCL INFO GPU Direct RDMA Disabled for GPU 46000 / HCA 0 (distance 7 > 4)
x3001c0s7b0n0:36070:37441 [1] NCCL INFO New proxy send connection 19 from local rank 1, transport 2
x3001c0s7b0n0:36070:37236 [1] NCCL INFO Connection to proxy localRank 1 -> connection 0x152e7c001140
x3001c0s7b0n0:36070:37236 [1] NCCL INFO Channel 01/0 : 17[46000] -> 8[7000] [send] via NET/IB/0
x3001c0s7b0n0:36070:37441 [1] NCCL INFO transport/net_ib.cc:596 Ib Alloc Size 26560 pointer 0x152e7c122000
x3001c0s7b0n0:36070:37441 [1] NCCL INFO NET/IB: Dev 1 Port 1 qpn 29179 mtu 5 GID 0 (80FE/6E0000FEFF000000)
x3001c0s7b0n0:36070:37441 [1] NCCL INFO transport/net_ib.cc:653 Ib Alloc Size 552 pointer 0x152e7c139000
x3001c0s7b0n0:36070:37441 [1] NCCL INFO transport/net.cc:571 Cuda Host Alloc Size 9641984 pointer 0x152e6f400000
x3001c0s7b0n0:36070:37441 [1] NCCL INFO transport/net_ib.cc:596 Ib Alloc Size 26560 pointer 0x152e7c13b000
x3001c0s7b0n0:36070:37441 [1] NCCL INFO NET/IB: Dev 0 Port 1 qpn 30156 mtu 5 GID 0 (80FE/2E0000FEFF000000)
x3001c0s7b0n0:36070:37441 [1] NCCL INFO transport/net_ib.cc:653 Ib Alloc Size 552 pointer 0x152e7c152000
x3001c0s7b0n0:36070:37441 [1] NCCL INFO transport/net.cc:571 Cuda Host Alloc Size 9641984 pointer 0x152e6c000000
x3001c0s7b0n0:36070:37441 [1] NCCL INFO New proxy recv connection 20 from local rank 1, transport 0
x3001c0s7b0n0:36070:37236 [1] NCCL INFO Connection to proxy localRank 1 -> connection 0x152e7c001180
x3001c0s7b0n0:36070:37441 [1] NCCL INFO transport/p2p.cc:449 Cuda Alloc Size 6291456 pointer 0x152e6ca00000
x3001c0s7b0n0:36065:37439 [0] NCCL INFO transport/net_ib.cc:596 Ib Alloc Size 26560 pointer 0x145e940ca000
x3001c0s7b0n0:36065:37439 [0] NCCL INFO NET/IB: Dev 1 Port 1 qpn 29180 mtu 5 GID 0 (80FE/6E0000FEFF000000)
x3001c0s7b0n0:36065:37439 [0] NCCL INFO transport/net_ib.cc:653 Ib Alloc Size 552 pointer 0x145e940e1000
x3001c0s7b0n0:36065:37439 [0] NCCL INFO transport/net.cc:571 Cuda Host Alloc Size 9641984 pointer 0x145e84000000
x3001c0s7b0n0:36065:37439 [0] NCCL INFO transport/net_ib.cc:596 Ib Alloc Size 26560 pointer 0x145e940e3000
x3001c0s7b0n0:36065:37439 [0] NCCL INFO NET/IB: Dev 0 Port 1 qpn 30157 mtu 5 GID 0 (80FE/2E0000FEFF000000)
x3001c0s7b0n0:36065:37439 [0] NCCL INFO transport/net_ib.cc:653 Ib Alloc Size 552 pointer 0x145e940fa000
x3001c0s7b0n0:36065:37439 [0] NCCL INFO transport/net.cc:571 Cuda Host Alloc Size 9641984 pointer 0x145e84a00000
x3001c0s7b0n0:36070:37441 [1] NCCL INFO New proxy recv connection 21 from local rank 1, transport 0
x3001c0s7b0n0:36070:37236 [1] NCCL INFO Connection to proxy localRank 1 -> connection 0x152e7c0011c0
x3001c0s7b0n0:36070:37441 [1] NCCL INFO transport/p2p.cc:449 Cuda Alloc Size 6291456 pointer 0x152e6d000000
x3001c0s7b0n0:36065:37439 [0] NCCL INFO transport/net_ib.cc:683 Ib Alloc Size 21688 pointer 0x145e940fc000
x3001c0s7b0n0:36065:37439 [0] NCCL INFO transport/net_ib.cc:696 Ib Alloc Size 552 pointer 0x145e94103000
x3001c0s7b0n0:36070:37441 [1] NCCL INFO New proxy recv connection 22 from local rank 1, transport 0
x3001c0s7b0n0:36065:37439 [0] NCCL INFO transport/net_ib.cc:771 Ib Alloc Size 552 pointer 0x145e9411e000
x3001c0s7b0n0:36065:37439 [0] NCCL INFO transport/net.cc:698 Cuda Host Alloc Size 9641984 pointer 0x145e85400000
x3001c0s7b0n0:36065:37439 [0] NCCL INFO transport/net_ib.cc:683 Ib Alloc Size 21688 pointer 0x145e94120000
x3001c0s7b0n0:36065:37439 [0] NCCL INFO transport/net_ib.cc:696 Ib Alloc Size 552 pointer 0x145e94127000
x3001c0s7b0n0:36070:37236 [1] NCCL INFO Connection to proxy localRank 1 -> connection 0x152e7c001200
x3001c0s7b0n0:36070:37441 [1] NCCL INFO transport/p2p.cc:449 Cuda Alloc Size 6291456 pointer 0x152e6d600000
x3001c0s7b0n0:36070:37441 [1] NCCL INFO New proxy recv connection 23 from local rank 1, transport 0
x3001c0s7b0n0:36070:37236 [1] NCCL INFO Connection to proxy localRank 1 -> connection 0x152e7c001240
x3001c0s7b0n0:36065:37439 [0] NCCL INFO transport/net_ib.cc:771 Ib Alloc Size 552 pointer 0x145e94142000
x3001c0s7b0n0:36065:37439 [0] NCCL INFO transport/net.cc:698 Cuda Host Alloc Size 9641984 pointer 0x145e82000000
x3001c0s7b0n0:36070:37441 [1] NCCL INFO transport/p2p.cc:449 Cuda Alloc Size 6291456 pointer 0x152e6a000000
x3001c0s7b0n0:36065:37232 [0] NCCL INFO Connected all trees by HAO
x3001c0s7b0n0:36065:37232 [0] NCCL INFO threadThresholds 8/8/64 | 160/8/64 | 512 | 512
x3001c0s7b0n0:36065:37232 [0] NCCL INFO 4 coll channels, 4 p2p channels, 2 p2p channels per peer
x3001c0s7b0n0:36065:37439 [0] NCCL INFO New proxy send connection 20 from local rank 0, transport 2
x3001c0s7b0n0:36070:37236 [1] NCCL INFO Connected all trees by HAO
x3001c0s7b0n0:36070:37236 [1] NCCL INFO threadThresholds 8/8/64 | 160/8/64 | 512 | 512
x3001c0s7b0n0:36070:37236 [1] NCCL INFO 4 coll channels, 4 p2p channels, 2 p2p channels per peer
x3001c0s7b0n0:36070:37441 [1] NCCL INFO New proxy send connection 24 from local rank 1, transport 2
x3001c0s7b0n0:36075:37233 [2] NCCL INFO Connected all trees by HAO
x3001c0s7b0n0:36075:37233 [2] NCCL INFO threadThresholds 8/8/64 | 160/8/64 | 512 | 512
x3001c0s7b0n0:36075:37233 [2] NCCL INFO 4 coll channels, 4 p2p channels, 2 p2p channels per peer
x3001c0s7b0n0:36075:37443 [2] NCCL INFO Allocated 4194656 bytes of shared memory in /dev/shm/nccl-I2aNw1

x3001c0s7b0n0:36075:37443 [2] NCCL INFO New proxy send connection 20 from local rank 2, transport 2
x3001c0s7b0n0:36065:37232 [0] NCCL INFO Connection to proxy localRank 0 -> connection 0x145e94001180
x3001c0s7b0n0:36065:37439 [0] NCCL INFO transport/net.cc:376 Cuda Alloc Size 8388608 pointer 0x145e82a00000
x3001c0s7b0n0:36075:37233 [2] NCCL INFO Connection to proxy localRank 2 -> connection 0x14cab0001180
x3001c0s7b0n0:36070:37236 [1] NCCL INFO Connection to proxy localRank 1 -> connection 0x152e7c001280
x3001c0s7b0n0:36070:37236 [1] NCCL INFO init.cc:367 Cuda Alloc Size 5168 pointer 0x152e89808800
x3001c0s7b0n0:36079:37235 [3] NCCL INFO init.cc:367 Cuda Alloc Size 5168 pointer 0x150381808800
x3001c0s7b0n0:36075:37233 [2] NCCL INFO init.cc:367 Cuda Alloc Size 5168 pointer 0x14cab5808800
x3001c0s7b0n0:36065:37232 [0] NCCL INFO init.cc:367 Cuda Alloc Size 5168 pointer 0x145ea3808800
x3001c0s7b0n0:36065:37232 [0] NCCL INFO init.cc:392 Cuda Host Alloc Size 33554432 pointer 0x145e80000000
x3001c0s7b0n0:36065:37232 [0] NCCL INFO init.cc:398 Cuda Host Alloc Size 128 pointer 0x145ea2e00200
x3001c0s7b0n0:36065:37232 [0] NCCL INFO comm 0x55934e5b9720 rank 16 nranks 20 cudaDev 0 busId 7000 - Init COMPLETE
x3001c0s7b0n0:36079:37235 [3] NCCL INFO init.cc:392 Cuda Host Alloc Size 33554432 pointer 0x150366000000
x3001c0s7b0n0:36079:37235 [3] NCCL INFO init.cc:398 Cuda Host Alloc Size 128 pointer 0x150380e00200
x3001c0s7b0n0:36079:37235 [3] NCCL INFO comm 0x5609a97c6ac0 rank 19 nranks 20 cudaDev 3 busId c7000 - Init COMPLETE
x3001c0s7b0n0:36079:36079 [3] NCCL INFO AllReduce: opCount 0 sendbuff 0x1503c3600200 recvbuff 0x1503c3600200 count 1 datatype 1 op 0 root 0 comm 0x5609a97c6ac0 [nranks=20] stream 0x5609c3883f50
x3001c0s7b0n0:36079:36079 [3] NCCL INFO misc/utils.cc:235 memory stack hunk malloc(65536)
[LYD INFO in ncclLaunchKernel (enqueue.cc)] NCHANNELS is: 4x3001c0s7b0n0:36075:37233 [2] NCCL INFO init.cc:392 Cuda Host Alloc Size 33554432 pointer 0x14ca9a000000
x3001c0s7b0n0:36075:37233 [2] NCCL INFO init.cc:398 Cuda Host Alloc Size 128 pointer 0x14cab4e00200
x3001c0s7b0n0:36075:37233 [2] NCCL INFO comm 0x5569d70fb400 rank 18 nranks 20 cudaDev 2 busId 85000 - Init COMPLETE
x3001c0s7b0n0:36065:36065 [0] NCCL INFO AllReduce: opCount 0 sendbuff 0x145ee3600200 recvbuff 0x145ee3600200 count 1 datatype 1 op 0 root 0 comm 0x55934e5b9720 [nranks=20] stream 0x55936c246250
x3001c0s7b0n0:36065:36065 [0] NCCL INFO misc/utils.cc:235 memory stack hunk malloc(65536)
[LYD INFO in ncclLaunchKernel (enqueue.cc)] NCHANNELS is: 4x3001c0s7b0n0:36070:37236 [1] NCCL INFO init.cc:392 Cuda Host Alloc Size 33554432 pointer 0x152e68000000
x3001c0s7b0n0:36070:37236 [1] NCCL INFO init.cc:398 Cuda Host Alloc Size 128 pointer 0x152e88e00200
x3001c0s7b0n0:36070:37236 [1] NCCL INFO comm 0x5578e1453e40 rank 17 nranks 20 cudaDev 1 busId 46000 - Init COMPLETE
x3001c0s7b0n0:36070:37441 [1] NCCL INFO transport/net.cc:376 Cuda Alloc Size 8388608 pointer 0x152e66000000
x3001c0s7b0n0:36075:36075 [2] NCCL INFO AllReduce: opCount 0 sendbuff 0x14caf7600200 recvbuff 0x14caf7600200 count 1 datatype 1 op 0 root 0 comm 0x5569d70fb400 [nranks=20] stream 0x5569f2ba8a80
x3001c0s7b0n0:36075:36075 [2] NCCL INFO misc/utils.cc:235 memory stack hunk malloc(65536)
[LYD INFO in ncclLaunchKernel (enqueue.cc)] NCHANNELS is: 4x3001c0s7b0n0:36075:37443 [2] NCCL INFO transport/net.cc:376 Cuda Alloc Size 8388608 pointer 0x14cac4000000
x3001c0s7b0n0:36070:36070 [1] NCCL INFO AllReduce: opCount 0 sendbuff 0x152ec7600200 recvbuff 0x152ec7600200 count 1 datatype 1 op 0 root 0 comm 0x5578e1453e40 [nranks=20] stream 0x5578fbe09090
x3001c0s7b0n0:36070:36070 [1] NCCL INFO misc/utils.cc:235 memory stack hunk malloc(65536)
[LYD INFO in ncclLaunchKernel (enqueue.cc)] NCHANNELS is: 4
[LYD INFO in NCCL_KERN_NAME (common.h)] 16 AllReduce TREE LL Sum uint8_t Elapsed time: 1059950 us

[LYD INFO in NCCL_KERN_NAME (common.h)] 17 AllReduce TREE LL Sum uint8_t Elapsed time: 996886 us

[LYD INFO in NCCL_KERN_NAME (common.h)] 18 AllReduce TREE LL Sum uint8_t Elapsed time: 1019610 us

[LYD INFO in NCCL_KERN_NAME (common.h)] 19 AllReduce TREE LL Sum uint8_t Elapsed time: 1079138 us
x3001c0s7b0n0:36065:36065 [0] NCCL INFO AllReduce: opCount 1 sendbuff 0x145ee3600000 recvbuff 0x145ee3600000 count 1 datatype 1 op 0 root 0 comm 0x55934e5b9720 [nranks=20] stream 0x55936c246250
[LYD INFO in ncclLaunchKernel (enqueue.cc)] NCHANNELS is: 4x3001c0s7b0n0:36070:36070 [1] NCCL INFO AllReduce: opCount 1 sendbuff 0x152ec7600000 recvbuff 0x152ec7600000 count 1 datatype 1 op 0 root 0 comm 0x5578e1453e40 [nranks=20] stream 0x5578fbe09090
[LYD INFO in ncclLaunchKernel (enqueue.cc)] NCHANNELS is: 4x3001c0s7b0n0:36079:36079 [3] NCCL INFO AllReduce: opCount 1 sendbuff 0x1503c3600000 recvbuff 0x1503c3600000 count 1 datatype 1 op 0 root 0 comm 0x5609a97c6ac0 [nranks=20] stream 0x5609c3883f50
[LYD INFO in ncclLaunchKernel (enqueue.cc)] NCHANNELS is: 4x3001c0s7b0n0:36075:36075 [2] NCCL INFO AllReduce: opCount 1 sendbuff 0x14caf7600000 recvbuff 0x14caf7600000 count 1 datatype 1 op 0 root 0 comm 0x5569d70fb400 [nranks=20] stream 0x5569f2ba8a80
[LYD INFO in ncclLaunchKernel (enqueue.cc)] NCHANNELS is: 4
[LYD INFO in NCCL_KERN_NAME (common.h)] 17 AllReduce TREE LL Sum uint8_t Elapsed time: 5892373 us

[LYD INFO in NCCL_KERN_NAME (common.h)] 19 AllReduce TREE LL Sum uint8_t Elapsed time: 4698741 us

[LYD INFO in NCCL_KERN_NAME (common.h)] 18 AllReduce TREE LL Sum uint8_t Elapsed time: 2635187 us

[LYD INFO in NCCL_KERN_NAME (common.h)] 16 AllReduce TREE LL Sum uint8_t Elapsed time: 8139835 us
x3001c0s7b0n0:36065:36065 [0] NCCL INFO AllReduce: opCount 2 sendbuff 0x145ee3600000 recvbuff 0x145ee3600000 count 1 datatype 8 op 3 root 0 comm 0x55934e5b9720 [nranks=20] stream 0x55936c246250
[LYD INFO in ncclLaunchKernel (enqueue.cc)] NCHANNELS is: 4x3001c0s7b0n0:36070:36070 [1] NCCL INFO AllReduce: opCount 2 sendbuff 0x152ec7600000 recvbuff 0x152ec7600000 count 1 datatype 8 op 3 root 0 comm 0x5578e1453e40 [nranks=20] stream 0x5578fbe09090
[LYD INFO in ncclLaunchKernel (enqueue.cc)] NCHANNELS is: 4x3001c0s7b0n0:36075:36075 [2] NCCL INFO AllReduce: opCount 2 sendbuff 0x14caf7600000 recvbuff 0x14caf7600000 count 1 datatype 8 op 3 root 0 comm 0x5569d70fb400 [nranks=20] stream 0x5569f2ba8a80
[LYD INFO in ncclLaunchKernel (enqueue.cc)] NCHANNELS is: 4x3001c0s7b0n0:36079:36079 [3] NCCL INFO AllReduce: opCount 2 sendbuff 0x1503c3600000 recvbuff 0x1503c3600000 count 1 datatype 8 op 3 root 0 comm 0x5609a97c6ac0 [nranks=20] stream 0x5609c3883f50
[LYD INFO in ncclLaunchKernel (enqueue.cc)] NCHANNELS is: 4
[LYD INFO in NCCL_FUNC_NAME (common.h)] 18 AllReduce TREE LL Min double Elapsed time: 8154 us

[LYD INFO in NCCL_KERN_NAME (common.h)] 18 AllReduce TREE LL Sum double Elapsed time: 23747 us
x3001c0s7b0n0:36075:36075 [2] NCCL INFO AllReduce: opCount 3 sendbuff 0x14caf7600200 recvbuff 0x14caf7600200 count 1 datatype 1 op 0 root 0 comm 0x5569d70fb400 [nranks=20] stream 0x5569f2ba8a80
[LYD INFO in ncclLaunchKernel (enqueue.cc)] NCHANNELS is: 4
[LYD INFO in NCCL_FUNC_NAME (common.h)] 16 AllReduce TREE LL Min double Elapsed time: 49822 us

[LYD INFO in NCCL_KERN_NAME (common.h)] 16 AllReduce TREE LL Sum double Elapsed time: 65412 us
x3001c0s7b0n0:36065:36065 [0] NCCL INFO AllReduce: opCount 3 sendbuff 0x145ee3600200 recvbuff 0x145ee3600200 count 1 datatype 1 op 0 root 0 comm 0x55934e5b9720 [nranks=20] stream 0x55936c246250
[LYD INFO in ncclLaunchKernel (enqueue.cc)] NCHANNELS is: 4
[LYD INFO in NCCL_FUNC_NAME (common.h)] 17 AllReduce TREE LL Min double Elapsed time: 36806 us

[LYD INFO in NCCL_KERN_NAME (common.h)] 17 AllReduce TREE LL Sum double Elapsed time: 52397 us
x3001c0s7b0n0:36070:36070 [1] NCCL INFO AllReduce: opCount 3 sendbuff 0x152ec7600200 recvbuff 0x152ec7600200 count 1 datatype 1 op 0 root 0 comm 0x5578e1453e40 [nranks=20] stream 0x5578fbe09090
[LYD INFO in ncclLaunchKernel (enqueue.cc)] NCHANNELS is: 4
[LYD INFO in NCCL_FUNC_NAME (common.h)] 19 AllReduce TREE LL Min double Elapsed time: 4 us

[LYD INFO in NCCL_KERN_NAME (common.h)] 19 AllReduce TREE LL Sum double Elapsed time: 15602 us
x3001c0s7b0n0:36079:36079 [3] NCCL INFO AllReduce: opCount 3 sendbuff 0x1503c3600200 recvbuff 0x1503c3600200 count 1 datatype 1 op 0 root 0 comm 0x5609a97c6ac0 [nranks=20] stream 0x5609c3883f50
[LYD INFO in ncclLaunchKernel (enqueue.cc)] NCHANNELS is: 4
[LYD INFO in NCCL_KERN_NAME (common.h)] 16 AllReduce TREE LL Sum uint8_t Elapsed time: 57940 us

[LYD INFO in NCCL_KERN_NAME (common.h)] 17 AllReduce TREE LL Sum uint8_t Elapsed time: 54725 us

[LYD INFO in NCCL_KERN_NAME (common.h)] 19 AllReduce TREE LL Sum uint8_t Elapsed time: 22438 us

[LYD INFO in NCCL_KERN_NAME (common.h)] 18 AllReduce TREE LL Sum uint8_t Elapsed time: 60053 us
x3001c0s7b0n0:36070:36070 [1] NCCL INFO AllReduce: opCount 4 sendbuff 0x152ec7600400 recvbuff 0x152ec7600400 count 1 datatype 1 op 0 root 0 comm 0x5578e1453e40 [nranks=20] stream 0x5578fbe09090
[LYD INFO in ncclLaunchKernel (enqueue.cc)] NCHANNELS is: 4x3001c0s7b0n0:36075:36075 [2] NCCL INFO AllReduce: opCount 4 sendbuff 0x14caf7600400 recvbuff 0x14caf7600400 count 1 datatype 1 op 0 root 0 comm 0x5569d70fb400 [nranks=20] stream 0x5569f2ba8a80
[LYD INFO in ncclLaunchKernel (enqueue.cc)] NCHANNELS is: 4x3001c0s7b0n0:36079:36079 [3] NCCL INFO AllReduce: opCount 4 sendbuff 0x1503c3600400 recvbuff 0x1503c3600400 count 1 datatype 1 op 0 root 0 comm 0x5609a97c6ac0 [nranks=20] stream 0x5609c3883f50
[LYD INFO in ncclLaunchKernel (enqueue.cc)] NCHANNELS is: 4x3001c0s7b0n0:36065:36065 [0] NCCL INFO AllReduce: opCount 4 sendbuff 0x145ee3600400 recvbuff 0x145ee3600400 count 1 datatype 1 op 0 root 0 comm 0x55934e5b9720 [nranks=20] stream 0x55936c246250
[LYD INFO in ncclLaunchKernel (enqueue.cc)] NCHANNELS is: 4
[LYD INFO in NCCL_KERN_NAME (common.h)] 16 AllReduce TREE LL Sum uint8_t Elapsed time: 157637 us
x3001c0s7b0n0:36065:36065 [0] NCCL INFO AllReduce: opCount 5 sendbuff 0x145ee37ffc00 recvbuff 0x145ee37ffc00 count 1 datatype 1 op 0 root 0 comm 0x55934e5b9720 [nranks=20] stream 0x55936c246250
[LYD INFO in ncclLaunchKernel (enqueue.cc)] NCHANNELS is: 4
[LYD INFO in NCCL_KERN_NAME (common.h)] 18 AllReduce TREE LL Sum uint8_t Elapsed time: 178625 us
x3001c0s7b0n0:36075:36075 [2] NCCL INFO AllReduce: opCount 5 sendbuff 0x14caf77ffc00 recvbuff 0x14caf77ffc00 count 1 datatype 1 op 0 root 0 comm 0x5569d70fb400 [nranks=20] stream 0x5569f2ba8a80
[LYD INFO in ncclLaunchKernel (enqueue.cc)] NCHANNELS is: 4
[LYD INFO in NCCL_KERN_NAME (common.h)] 19 AllReduce TREE LL Sum uint8_t Elapsed time: 128802 us
x3001c0s7b0n0:36079:36079 [3] NCCL INFO AllReduce: opCount 5 sendbuff 0x1503c37ffc00 recvbuff 0x1503c37ffc00 count 1 datatype 1 op 0 root 0 comm 0x5609a97c6ac0 [nranks=20] stream 0x5609c3883f50
[LYD INFO in ncclLaunchKernel (enqueue.cc)] NCHANNELS is: 4
[LYD INFO in NCCL_KERN_NAME (common.h)] 17 AllReduce TREE LL Sum uint8_t Elapsed time: 189427 us
x3001c0s7b0n0:36070:36070 [1] NCCL INFO AllReduce: opCount 5 sendbuff 0x152ec77ffc00 recvbuff 0x152ec77ffc00 count 1 datatype 1 op 0 root 0 comm 0x5578e1453e40 [nranks=20] stream 0x5578fbe09090
[LYD INFO in ncclLaunchKernel (enqueue.cc)] NCHANNELS is: 4
[LYD INFO in NCCL_KERN_NAME (common.h)] 16 AllReduce TREE LL Sum uint8_t Elapsed time: 89745 us
x3001c0s7b0n0:36065:36065 [0] NCCL INFO AllReduce: opCount 6 sendbuff 0x145ee3600400 recvbuff 0x145ee3600400 count 1 datatype 1 op 0 root 0 comm 0x55934e5b9720 [nranks=20] stream 0x55936c246250
[LYD INFO in ncclLaunchKernel (enqueue.cc)] NCHANNELS is: 4
[LYD INFO in NCCL_KERN_NAME (common.h)] 19 AllReduce TREE LL Sum uint8_t Elapsed time: 71282 us
time (ms) | load-checkpoint: 83.99
x3001c0s7b0n0:36079:36079 [3] NCCL INFO AllReduce: opCount 6 sendbuff 0x1503c3600400 recvbuff 0x1503c3600400 count 1 datatype 1 op 0 root 0 comm 0x5609a97c6ac0 [nranks=20] stream 0x5609c3883f50
[LYD INFO in ncclLaunchKernel (enqueue.cc)] NCHANNELS is: 4
[LYD INFO in NCCL_KERN_NAME (common.h)] 18 AllReduce TREE LL Sum uint8_t Elapsed time: 83727 us
x3001c0s7b0n0:36075:36075 [2] NCCL INFO AllReduce: opCount 6 sendbuff 0x14caf7600400 recvbuff 0x14caf7600400 count 1 datatype 1 op 0 root 0 comm 0x5569d70fb400 [nranks=20] stream 0x5569f2ba8a80
[LYD INFO in ncclLaunchKernel (enqueue.cc)] NCHANNELS is: 4
[LYD INFO in NCCL_KERN_NAME (common.h)] 17 AllReduce TREE LL Sum uint8_t Elapsed time: 56108 us
x3001c0s7b0n0:36070:36070 [1] NCCL INFO AllReduce: opCount 6 sendbuff 0x152ec7600400 recvbuff 0x152ec7600400 count 1 datatype 1 op 0 root 0 comm 0x5578e1453e40 [nranks=20] stream 0x5578fbe09090
[LYD INFO in ncclLaunchKernel (enqueue.cc)] NCHANNELS is: 4
[LYD INFO in NCCL_KERN_NAME (common.h)] 18 AllReduce TREE LL Sum uint8_t Elapsed time: 104551 us

[LYD INFO in NCCL_KERN_NAME (common.h)] 19 AllReduce TREE LL Sum uint8_t Elapsed time: 117011 us

[LYD INFO in NCCL_KERN_NAME (common.h)] 16 AllReduce TREE LL Sum uint8_t Elapsed time: 124836 us

[LYD INFO in NCCL_KERN_NAME (common.h)] 17 AllReduce TREE LL Sum uint8_t Elapsed time: 82372 us
x3001c0s7b0n0:36070:36070 [1] NCCL INFO init.cc:1147 Cuda Host Alloc Size 4 pointer 0x152e88e00400
x3001c0s7b0n0:36075:36075 [2] NCCL INFO init.cc:1147 Cuda Host Alloc Size 4 pointer 0x14cab4e00400
x3001c0s7b0n0:36065:36065 [0] NCCL INFO init.cc:1147 Cuda Host Alloc Size 4 pointer 0x145ea2e00400
x3001c0s7b0n0:36079:36079 [3] NCCL INFO init.cc:1147 Cuda Host Alloc Size 4 pointer 0x150380e00400
x3001c0s7b0n0:36070:39287 [1] NCCL INFO Using network IB
x3001c0s7b0n0:36075:39290 [2] NCCL INFO Using network IB
x3001c0s7b0n0:36065:39291 [0] NCCL INFO Using network IB
x3001c0s7b0n0:36079:39292 [3] NCCL INFO Using network IB
x3001c0s7b0n0:36065:39291 [0] NCCL INFO NET/IB : GPU Direct RDMA Enabled for HCA 0 'mlx5_0'
x3001c0s7b0n0:36065:39291 [0] NCCL INFO NET/IB : GPU Direct RDMA Enabled for HCA 1 'mlx5_1'
x3001c0s7b0n0:36065:39291 [0] NCCL INFO GPU Direct RDMA Disabled for GPU 7000 / HCA 1 (distance 7 > 4)
x3001c0s7b0n0:36065:39291 [0] NCCL INFO GPU Direct RDMA Disabled for GPU 46000 / HCA 1 (distance 6 > 4)
x3001c0s7b0n0:36065:39291 [0] NCCL INFO GPU Direct RDMA Disabled for GPU 85000 / HCA 1 (distance 7 > 4)
x3001c0s7b0n0:36065:39291 [0] NCCL INFO GPU Direct RDMA Disabled for GPU c7000 / HCA 1 (distance 7 > 4)
x3001c0s7b0n0:36065:39291 [0] NCCL INFO GPU Direct RDMA Disabled for GPU 7000 / HCA 0 (distance 7 > 4)
x3001c0s7b0n0:36065:39291 [0] NCCL INFO GPU Direct RDMA Disabled for GPU 46000 / HCA 0 (distance 7 > 4)
x3001c0s7b0n0:36065:39291 [0] NCCL INFO GPU Direct RDMA Disabled for GPU 85000 / HCA 0 (distance 7 > 4)
x3001c0s7b0n0:36065:39291 [0] NCCL INFO GPU Direct RDMA Disabled for GPU c7000 / HCA 0 (distance 6 > 4)
x3001c0s7b0n0:36065:39291 [0] NCCL INFO GPU Direct RDMA Disabled for GPU 7000 / HCA 1 (distance 7 > 4)
x3001c0s7b0n0:36065:39291 [0] NCCL INFO GPU Direct RDMA Disabled for GPU 46000 / HCA 1 (distance 6 > 4)
x3001c0s7b0n0:36065:39291 [0] NCCL INFO GPU Direct RDMA Disabled for GPU 85000 / HCA 1 (distance 7 > 4)
x3001c0s7b0n0:36065:39291 [0] NCCL INFO GPU Direct RDMA Disabled for GPU c7000 / HCA 1 (distance 7 > 4)
x3001c0s7b0n0:36065:39291 [0] NCCL INFO GPU Direct RDMA Disabled for GPU 7000 / HCA 0 (distance 7 > 4)
x3001c0s7b0n0:36065:39291 [0] NCCL INFO GPU Direct RDMA Disabled for GPU 46000 / HCA 0 (distance 7 > 4)
x3001c0s7b0n0:36065:39291 [0] NCCL INFO GPU Direct RDMA Disabled for GPU 85000 / HCA 0 (distance 7 > 4)
x3001c0s7b0n0:36065:39291 [0] NCCL INFO GPU Direct RDMA Disabled for GPU c7000 / HCA 0 (distance 6 > 4)
x3001c0s7b0n0:36065:39291 [0] NCCL INFO === System : maxBw 12.0 totalBw 264.0 ===
x3001c0s7b0n0:36065:39291 [0] NCCL INFO CPU/3 (1/2/-1)
x3001c0s7b0n0:36065:39291 [0] NCCL INFO + SYS[5000.0] - CPU/2
x3001c0s7b0n0:36065:39291 [0] NCCL INFO + SYS[5000.0] - CPU/1
x3001c0s7b0n0:36065:39291 [0] NCCL INFO + SYS[5000.0] - CPU/0
x3001c0s7b0n0:36065:39291 [0] NCCL INFO + PCI[24.0] - PCI/5000 (11f8406811f8beef)
x3001c0s7b0n0:36065:39291 [0] NCCL INFO               + PCI[24.0] - GPU/7000 (16)
x3001c0s7b0n0:36065:39291 [0] NCCL INFO                             + NVL[88.0] - GPU/85000
x3001c0s7b0n0:36065:39291 [0] NCCL INFO                             + NVL[88.0] - GPU/C7000
x3001c0s7b0n0:36065:39291 [0] NCCL INFO                             + NVL[88.0] - GPU/46000
x3001c0s7b0n0:36065:39291 [0] NCCL INFO CPU/2 (1/2/-1)
x3001c0s7b0n0:36065:39291 [0] NCCL INFO + SYS[5000.0] - CPU/3
x3001c0s7b0n0:36065:39291 [0] NCCL INFO + SYS[5000.0] - CPU/1
x3001c0s7b0n0:36065:39291 [0] NCCL INFO + SYS[5000.0] - CPU/0
x3001c0s7b0n0:36065:39291 [0] NCCL INFO + PCI[24.0] - PCI/44000 (11f8406811f8beef)
x3001c0s7b0n0:36065:39291 [0] NCCL INFO               + PCI[24.0] - GPU/46000 (17)
x3001c0s7b0n0:36065:39291 [0] NCCL INFO                             + NVL[88.0] - GPU/85000
x3001c0s7b0n0:36065:39291 [0] NCCL INFO                             + NVL[88.0] - GPU/C7000
x3001c0s7b0n0:36065:39291 [0] NCCL INFO                             + NVL[88.0] - GPU/7000
x3001c0s7b0n0:36065:39291 [0] NCCL INFO + PCI[12.0] - NIC/43000
x3001c0s7b0n0:36065:39291 [0] NCCL INFO               + NET[12.5] - NET/1 (20d604ffffa4e988/1/12.500000)
x3001c0s7b0n0:36065:39291 [0] NCCL INFO CPU/1 (1/2/-1)
x3001c0s7b0n0:36065:39291 [0] NCCL INFO + SYS[5000.0] - CPU/3
x3001c0s7b0n0:36065:39291 [0] NCCL INFO + SYS[5000.0] - CPU/2
x3001c0s7b0n0:36065:39291 [0] NCCL INFO + SYS[5000.0] - CPU/0
x3001c0s7b0n0:36065:39291 [0] NCCL INFO + PCI[24.0] - PCI/83000 (11f8406811f8beef)
x3001c0s7b0n0:36065:39291 [0] NCCL INFO               + PCI[24.0] - GPU/85000 (18)
x3001c0s7b0n0:36065:39291 [0] NCCL INFO                             + NVL[88.0] - GPU/C7000
x3001c0s7b0n0:36065:39291 [0] NCCL INFO                             + NVL[88.0] - GPU/46000
x3001c0s7b0n0:36065:39291 [0] NCCL INFO                             + NVL[88.0] - GPU/7000
x3001c0s7b0n0:36065:39291 [0] NCCL INFO CPU/0 (1/2/-1)
x3001c0s7b0n0:36065:39291 [0] NCCL INFO + SYS[5000.0] - CPU/3
x3001c0s7b0n0:36065:39291 [0] NCCL INFO + SYS[5000.0] - CPU/2
x3001c0s7b0n0:36065:39291 [0] NCCL INFO + SYS[5000.0] - CPU/1
x3001c0s7b0n0:36065:39291 [0] NCCL INFO + PCI[24.0] - PCI/C5000 (11f8406811f8beef)
x3001c0s7b0n0:36065:39291 [0] NCCL INFO               + PCI[24.0] - GPU/C7000 (19)
x3001c0s7b0n0:36065:39291 [0] NCCL INFO                             + NVL[88.0] - GPU/85000
x3001c0s7b0n0:36065:39291 [0] NCCL INFO                             + NVL[88.0] - GPU/46000
x3001c0s7b0n0:36065:39291 [0] NCCL INFO                             + NVL[88.0] - GPU/7000
x3001c0s7b0n0:36065:39291 [0] NCCL INFO + PCI[12.0] - NIC/C8000
x3001c0s7b0n0:36065:39291 [0] NCCL INFO               + NET[12.5] - NET/0 (74d604ffffa4e988/1/12.500000)
x3001c0s7b0n0:36065:39291 [0] NCCL INFO ==========================================
x3001c0s7b0n0:36065:39291 [0] NCCL INFO GPU/7000 :GPU/7000 (0/5000.000000/LOC) GPU/46000 (1/88.000000/NVL) GPU/85000 (1/88.000000/NVL) GPU/C7000 (1/88.000000/NVL) CPU/3 (2/24.000000/PHB) CPU/2 (3/24.000000/SYS) CPU/1 (3/24.000000/SYS) CPU/0 (3/24.000000/SYS) NET/1 (5/12.000000/SYS) NET/0 (5/12.000000/SYS) 
x3001c0s7b0n0:36065:39291 [0] NCCL INFO GPU/46000 :GPU/7000 (1/88.000000/NVL) GPU/46000 (0/5000.000000/LOC) GPU/85000 (1/88.000000/NVL) GPU/C7000 (1/88.000000/NVL) CPU/3 (3/24.000000/SYS) CPU/2 (2/24.000000/PHB) CPU/1 (3/24.000000/SYS) CPU/0 (3/24.000000/SYS) NET/1 (4/12.000000/PHB) NET/0 (5/12.000000/SYS) 
x3001c0s7b0n0:36065:39291 [0] NCCL INFO GPU/85000 :GPU/7000 (1/88.000000/NVL) GPU/46000 (1/88.000000/NVL) GPU/85000 (0/5000.000000/LOC) GPU/C7000 (1/88.000000/NVL) CPU/3 (3/24.000000/SYS) CPU/2 (3/24.000000/SYS) CPU/1 (2/24.000000/PHB) CPU/0 (3/24.000000/SYS) NET/1 (5/12.000000/SYS) NET/0 (5/12.000000/SYS) 
x3001c0s7b0n0:36065:39291 [0] NCCL INFO GPU/C7000 :GPU/7000 (1/88.000000/NVL) GPU/46000 (1/88.000000/NVL) GPU/85000 (1/88.000000/NVL) GPU/C7000 (0/5000.000000/LOC) CPU/3 (3/24.000000/SYS) CPU/2 (3/24.000000/SYS) CPU/1 (3/24.000000/SYS) CPU/0 (2/24.000000/PHB) NET/1 (5/12.000000/SYS) NET/0 (4/12.000000/PHB) 
x3001c0s7b0n0:36065:39291 [0] NCCL INFO NET/1 :GPU/7000 (5/12.000000/SYS) GPU/46000 (4/12.000000/PHB) GPU/85000 (5/12.000000/SYS) GPU/C7000 (5/12.000000/SYS) CPU/3 (3/12.000000/SYS) CPU/2 (2/12.000000/PHB) CPU/1 (3/12.000000/SYS) CPU/0 (3/12.000000/SYS) NET/1 (0/5000.000000/LOC) NET/0 (5/12.000000/SYS) 
