x3004c0s31b0n0:61239:1497 [2] NCCL INFO New proxy recv connection 1 from local rank 1, transport 0
x3004c0s31b0n0:61235:1402 [0] NCCL INFO Connection to proxy localRank 0 -> connection 0x149304000cc0
x3004c0s31b0n0:61235:1402 [0] NCCL INFO Channel 01/0 : 7[85000] -> 8[7000] [receive] via NET/IB/1
x3004c0s31b0n0:61235:1402 [0] NCCL INFO GPU Direct RDMA Disabled for GPU 7000 / HCA 0 (distance 7 > 4)
x3004c0s31b0n0:61235:1495 [0] NCCL INFO New proxy recv connection 2 from local rank 0, transport 2
x3004c0s31b0n0:61237:1400 [1] NCCL INFO Tree 0 : 0 -> 8 -> 9/-1/-1
x3004c0s31b0n0:61237:1400 [1] NCCL INFO Tree 2 : 6 -> 8 -> 9/-1/-1
x3004c0s31b0n0:61237:1400 [1] NCCL INFO Tree 1 : 0 -> 8 -> 9/-1/-1
x3004c0s31b0n0:61237:1400 [1] NCCL INFO Tree 3 : 6 -> 8 -> 9/-1/-1
x3004c0s31b0n0:61237:1400 [1] NCCL INFO Ring 00 : 7 -> 8 -> 9
x3004c0s31b0n0:61237:1400 [1] NCCL INFO Ring 01 : 7 -> 8 -> 9
x3004c0s31b0n0:61237:1400 [1] NCCL INFO Ring 02 : 7 -> 8 -> 9
x3004c0s31b0n0:61237:1400 [1] NCCL INFO Ring 03 : 7 -> 8 -> 9
x3004c0s31b0n0:61237:1400 [1] NCCL INFO Trees [0] 9/-1/-1->8->0 [1] 9/-1/-1->8->0 [2] 9/-1/-1->8->6 [3] 9/-1/-1->8->6
x3004c0s31b0n0:61237:1400 [1] NCCL INFO misc/utils.cc:235 memory stack hunk malloc(65536)
x3004c0s31b0n0:61237:1400 [1] NCCL INFO channel.cc:23 Cuda Alloc Size 4224 pointer 0x14b64180f400
x3004c0s31b0n0:61237:1400 [1] NCCL INFO channel.cc:27 Cuda Alloc Size 40 pointer 0x14b641810600
x3004c0s31b0n0:61237:1400 [1] NCCL INFO channel.cc:23 Cuda Alloc Size 4224 pointer 0x14b641810800
x3004c0s31b0n0:61237:1400 [1] NCCL INFO channel.cc:27 Cuda Alloc Size 40 pointer 0x14b641811a00
x3004c0s31b0n0:61237:1400 [1] NCCL INFO channel.cc:23 Cuda Alloc Size 4224 pointer 0x14b641811c00
x3004c0s31b0n0:61237:1400 [1] NCCL INFO channel.cc:27 Cuda Alloc Size 40 pointer 0x14b641812e00
x3004c0s31b0n0:61237:1400 [1] NCCL INFO channel.cc:23 Cuda Alloc Size 4224 pointer 0x14b641813000
x3004c0s31b0n0:61237:1400 [1] NCCL INFO channel.cc:27 Cuda Alloc Size 40 pointer 0x14b641814200
x3004c0s31b0n0:61237:1400 [1] NCCL INFO GPU Direct RDMA Disabled for GPU 46000 / HCA 1 (distance 6 > 4)
x3004c0s31b0n0:61243:1399 [3] NCCL INFO Tree 0 : 8 -> 9 -> 4/-1/-1
x3004c0s31b0n0:61243:1399 [3] NCCL INFO Tree 2 : 8 -> 9 -> -1/-1/-1
x3004c0s31b0n0:61243:1399 [3] NCCL INFO Tree 1 : 8 -> 9 -> 4/-1/-1
x3004c0s31b0n0:61243:1399 [3] NCCL INFO Tree 3 : 8 -> 9 -> -1/-1/-1
x3004c0s31b0n0:61243:1399 [3] NCCL INFO Ring 00 : 8 -> 9 -> 0
x3004c0s31b0n0:61243:1399 [3] NCCL INFO Ring 01 : 8 -> 9 -> 0
x3004c0s31b0n0:61243:1399 [3] NCCL INFO Ring 02 : 8 -> 9 -> 0
x3004c0s31b0n0:61243:1399 [3] NCCL INFO Ring 03 : 8 -> 9 -> 0
x3004c0s31b0n0:61243:1399 [3] NCCL INFO Trees [0] 4/-1/-1->9->8 [1] 4/-1/-1->9->8 [2] -1/-1/-1->9->8 [3] -1/-1/-1->9->8
x3004c0s31b0n0:61243:1399 [3] NCCL INFO misc/utils.cc:235 memory stack hunk malloc(65536)
x3004c0s31b0n0:61243:1399 [3] NCCL INFO channel.cc:23 Cuda Alloc Size 4224 pointer 0x14c49be11a00
x3004c0s31b0n0:61243:1399 [3] NCCL INFO channel.cc:27 Cuda Alloc Size 40 pointer 0x14c49be12c00
x3004c0s31b0n0:61243:1399 [3] NCCL INFO channel.cc:23 Cuda Alloc Size 4224 pointer 0x14c49be12e00
x3004c0s31b0n0:61243:1399 [3] NCCL INFO channel.cc:27 Cuda Alloc Size 40 pointer 0x14c49be14000
x3004c0s31b0n0:61243:1399 [3] NCCL INFO channel.cc:23 Cuda Alloc Size 4224 pointer 0x14c49be14200
x3004c0s31b0n0:61243:1399 [3] NCCL INFO channel.cc:27 Cuda Alloc Size 40 pointer 0x14c49be15400
x3004c0s31b0n0:61243:1399 [3] NCCL INFO channel.cc:23 Cuda Alloc Size 4224 pointer 0x14c49be15600
x3004c0s31b0n0:61243:1399 [3] NCCL INFO channel.cc:27 Cuda Alloc Size 40 pointer 0x14c49be16800
x3004c0s31b0n0:61239:1401 [2] NCCL INFO Connection to proxy localRank 1 -> connection 0x14b8f4000cc0
x3004c0s31b0n0:61237:1499 [1] NCCL INFO Mem Realloc old size 0, new size 8 pointer 0x14b5cc000c60
x3004c0s31b0n0:61237:1499 [1] NCCL INFO Allocated 4194656 bytes of shared memory in /dev/shm/nccl-2pjCKD

x3004c0s31b0n0:61237:1499 [1] NCCL INFO New proxy recv connection 0 from local rank 0, transport 2
x3004c0s31b0n0:61243:1498 [3] NCCL INFO Mem Realloc old size 0, new size 8 pointer 0x14c3d0000c60
x3004c0s31b0n0:61243:1498 [3] NCCL INFO New proxy recv connection 0 from local rank 1, transport 0
x3004c0s31b0n0:61235:1402 [0] NCCL INFO Connection to proxy localRank 0 -> connection 0x149304000d00
x3004c0s31b0n0:61243:1399 [3] NCCL INFO Connection to proxy localRank 1 -> connection 0x14c3d0000c80
x3004c0s31b0n0:61237:1400 [1] NCCL INFO Connection to proxy localRank 0 -> connection 0x14b5cc000c80
x3004c0s31b0n0:61239:1497 [2] NCCL INFO transport/p2p.cc:449 Cuda Alloc Size 6291456 pointer 0x14b8fb600000
x3004c0s31b0n0:61243:1498 [3] NCCL INFO transport/p2p.cc:449 Cuda Alloc Size 6291456 pointer 0x14c3d5000000
x3004c0s31b0n0:61239:1497 [2] NCCL INFO New proxy recv connection 2 from local rank 1, transport 0
x3004c0s31b0n0:61243:1498 [3] NCCL INFO New proxy recv connection 1 from local rank 1, transport 0
x3004c0s31b0n0:61237:1400 [1] NCCL INFO Channel 00/0 : 7[c7000] -> 8[46000] [receive] via NET/IB/1
x3004c0s31b0n0:61237:1400 [1] NCCL INFO GPU Direct RDMA Disabled for GPU 46000 / HCA 0 (distance 7 > 4)
x3004c0s31b0n0:61237:1499 [1] NCCL INFO New proxy recv connection 1 from local rank 0, transport 2
x3004c0s31b0n0:61235:1402 [0] NCCL INFO Channel 02/0 : 7[85000] -> 8[7000] [receive] via NET/IB/0
x3004c0s31b0n0:61235:1402 [0] NCCL INFO GPU Direct RDMA Disabled for GPU 7000 / HCA 1 (distance 7 > 4)
x3004c0s31b0n0:61235:1495 [0] NCCL INFO New proxy recv connection 3 from local rank 0, transport 2
x3004c0s31b0n0:61243:1399 [3] NCCL INFO Connection to proxy localRank 1 -> connection 0x14c3d0000cc0
x3004c0s31b0n0:61237:1400 [1] NCCL INFO Connection to proxy localRank 0 -> connection 0x14b5cc000cc0
x3004c0s31b0n0:61239:1401 [2] NCCL INFO Connection to proxy localRank 1 -> connection 0x14b8f4000d00
x3004c0s31b0n0:61243:1498 [3] NCCL INFO transport/p2p.cc:449 Cuda Alloc Size 6291456 pointer 0x14c3d5600000
x3004c0s31b0n0:61235:1402 [0] NCCL INFO Connection to proxy localRank 0 -> connection 0x149304000d40
x3004c0s31b0n0:61239:1497 [2] NCCL INFO transport/p2p.cc:449 Cuda Alloc Size 6291456 pointer 0x14b901200000
x3004c0s31b0n0:61243:1498 [3] NCCL INFO New proxy recv connection 2 from local rank 1, transport 0
x3004c0s31b0n0:61237:1400 [1] NCCL INFO Channel 01/0 : 7[c7000] -> 8[46000] [receive] via NET/IB/0
x3004c0s31b0n0:61237:1400 [1] NCCL INFO GPU Direct RDMA Disabled for GPU 46000 / HCA 1 (distance 6 > 4)
x3004c0s31b0n0:61237:1499 [1] NCCL INFO New proxy recv connection 2 from local rank 0, transport 2
x3004c0s31b0n0:61239:1497 [2] NCCL INFO New proxy recv connection 3 from local rank 1, transport 0
x3004c0s31b0n0:61243:1399 [3] NCCL INFO Connection to proxy localRank 1 -> connection 0x14c3d0000d00
x3004c0s31b0n0:61243:1498 [3] NCCL INFO transport/p2p.cc:449 Cuda Alloc Size 6291456 pointer 0x14c3dd200000
x3004c0s31b0n0:61237:1400 [1] NCCL INFO Connection to proxy localRank 0 -> connection 0x14b5cc000d00
x3004c0s31b0n0:61235:1402 [0] NCCL INFO Channel 03/0 : 7[85000] -> 8[7000] [receive] via NET/IB/1
x3004c0s31b0n0:61235:1402 [0] NCCL INFO Channel 00/0 : 8[7000] -> 9[85000] via P2P/IPC/read
x3004c0s31b0n0:61235:1495 [0] NCCL INFO New proxy send connection 4 from local rank 0, transport 0
x3004c0s31b0n0:61243:1498 [3] NCCL INFO New proxy recv connection 3 from local rank 1, transport 0
x3004c0s31b0n0:61237:1400 [1] NCCL INFO Channel 02/0 : 7[c7000] -> 8[46000] [receive] via NET/IB/1
x3004c0s31b0n0:61237:1400 [1] NCCL INFO GPU Direct RDMA Disabled for GPU 46000 / HCA 0 (distance 7 > 4)
x3004c0s31b0n0:61237:1499 [1] NCCL INFO New proxy recv connection 3 from local rank 0, transport 2
x3004c0s31b0n0:61235:1402 [0] NCCL INFO Connection to proxy localRank 0 -> connection 0x149304000d80
x3004c0s31b0n0:61239:1401 [2] NCCL INFO Connection to proxy localRank 1 -> connection 0x14b8f4000d40
x3004c0s31b0n0:61235:1495 [0] NCCL INFO transport/p2p.cc:430 Cuda Alloc Size 6291456 pointer 0x149302000000
x3004c0s31b0n0:61239:1497 [2] NCCL INFO transport/p2p.cc:449 Cuda Alloc Size 6291456 pointer 0x14b901800000
x3004c0s31b0n0:61239:1401 [2] NCCL INFO GPU Direct RDMA Disabled for GPU 85000 / HCA 0 (distance 7 > 4)
x3004c0s31b0n0:61235:1402 [0] NCCL INFO Channel 01/0 : 8[7000] -> 9[85000] via P2P/IPC/read
x3004c0s31b0n0:61235:1495 [0] NCCL INFO New proxy send connection 5 from local rank 0, transport 0
x3004c0s31b0n0:61239:1497 [2] NCCL INFO Allocated 4194656 bytes of shared memory in /dev/shm/nccl-rd7OfN

x3004c0s31b0n0:61239:1497 [2] NCCL INFO New proxy send connection 4 from local rank 1, transport 2
x3004c0s31b0n0:61235:1402 [0] NCCL INFO Connection to proxy localRank 0 -> connection 0x149304000dc0
x3004c0s31b0n0:61235:1495 [0] NCCL INFO transport/p2p.cc:430 Cuda Alloc Size 6291456 pointer 0x149302600000
x3004c0s31b0n0:61243:1399 [3] NCCL INFO Connection to proxy localRank 1 -> connection 0x14c3d0000d40
x3004c0s31b0n0:61243:1498 [3] NCCL INFO transport/p2p.cc:449 Cuda Alloc Size 6291456 pointer 0x14c3dd800000
x3004c0s31b0n0:61237:1400 [1] NCCL INFO Connection to proxy localRank 0 -> connection 0x14b5cc000d40
x3004c0s31b0n0:61239:1401 [2] NCCL INFO Connection to proxy localRank 1 -> connection 0x14b8f4000d80
x3004c0s31b0n0:61239:1401 [2] NCCL INFO Channel 00/0 : 9[85000] -> 0[7000] [send] via NET/IB/0
x3004c0s31b0n0:61239:1401 [2] NCCL INFO GPU Direct RDMA Disabled for GPU 85000 / HCA 1 (distance 7 > 4)
x3004c0s31b0n0:61239:1497 [2] NCCL INFO New proxy send connection 5 from local rank 1, transport 2
x3004c0s31b0n0:61243:1399 [3] NCCL INFO GPU Direct RDMA Disabled for GPU c7000 / HCA 1 (distance 7 > 4)
x3004c0s31b0n0:61243:1498 [3] NCCL INFO Allocated 4194656 bytes of shared memory in /dev/shm/nccl-7XGGA6

x3004c0s31b0n0:61243:1498 [3] NCCL INFO New proxy send connection 4 from local rank 1, transport 2
x3004c0s31b0n0:61235:1402 [0] NCCL INFO Channel 02/0 : 8[7000] -> 9[85000] via P2P/IPC/read
x3004c0s31b0n0:61235:1495 [0] NCCL INFO New proxy send connection 6 from local rank 0, transport 0
x3004c0s31b0n0:61237:1400 [1] NCCL INFO Channel 03/0 : 7[c7000] -> 8[46000] [receive] via NET/IB/0
x3004c0s31b0n0:61237:1400 [1] NCCL INFO Channel 00/0 : 8[46000] -> 9[c7000] via P2P/IPC/read
x3004c0s31b0n0:61237:1499 [1] NCCL INFO New proxy send connection 4 from local rank 0, transport 0
x3004c0s31b0n0:61239:1401 [2] NCCL INFO Connection to proxy localRank 1 -> connection 0x14b8f4000dc0
x3004c0s31b0n0:61239:1401 [2] NCCL INFO Channel 01/0 : 9[85000] -> 0[7000] [send] via NET/IB/1
x3004c0s31b0n0:61239:1401 [2] NCCL INFO GPU Direct RDMA Disabled for GPU 85000 / HCA 0 (distance 7 > 4)
x3004c0s31b0n0:61239:1497 [2] NCCL INFO New proxy send connection 6 from local rank 1, transport 2
x3004c0s31b0n0:61243:1399 [3] NCCL INFO Connection to proxy localRank 1 -> connection 0x14c3d0000d80
x3004c0s31b0n0:61243:1399 [3] NCCL INFO Channel 00/0 : 9[c7000] -> 0[46000] [send] via NET/IB/1
x3004c0s31b0n0:61243:1399 [3] NCCL INFO GPU Direct RDMA Disabled for GPU c7000 / HCA 0 (distance 6 > 4)
x3004c0s31b0n0:61243:1498 [3] NCCL INFO New proxy send connection 5 from local rank 1, transport 2
x3004c0s31b0n0:61235:1402 [0] NCCL INFO Connection to proxy localRank 0 -> connection 0x149304000e00
x3004c0s31b0n0:61235:1495 [0] NCCL INFO transport/p2p.cc:430 Cuda Alloc Size 6291456 pointer 0x149302c00000
x3004c0s31b0n0:61239:1401 [2] NCCL INFO Connection to proxy localRank 1 -> connection 0x14b8f4000e00
x3004c0s31b0n0:61239:1401 [2] NCCL INFO Channel 02/0 : 9[85000] -> 0[7000] [send] via NET/IB/0
x3004c0s31b0n0:61239:1401 [2] NCCL INFO GPU Direct RDMA Disabled for GPU 85000 / HCA 1 (distance 7 > 4)
x3004c0s31b0n0:61239:1497 [2] NCCL INFO New proxy send connection 7 from local rank 1, transport 2
x3004c0s31b0n0:61237:1400 [1] NCCL INFO Connection to proxy localRank 0 -> connection 0x14b5cc000d80
x3004c0s31b0n0:61237:1499 [1] NCCL INFO transport/p2p.cc:430 Cuda Alloc Size 6291456 pointer 0x14b5d1200000
x3004c0s31b0n0:61235:1402 [0] NCCL INFO Channel 03/0 : 8[7000] -> 9[85000] via P2P/IPC/read
x3004c0s31b0n0:61235:1495 [0] NCCL INFO New proxy send connection 7 from local rank 0, transport 0
x3004c0s31b0n0:61243:1399 [3] NCCL INFO Connection to proxy localRank 1 -> connection 0x14c3d0000dc0
x3004c0s31b0n0:61243:1399 [3] NCCL INFO Channel 01/0 : 9[c7000] -> 0[46000] [send] via NET/IB/0
x3004c0s31b0n0:61243:1399 [3] NCCL INFO GPU Direct RDMA Disabled for GPU c7000 / HCA 1 (distance 7 > 4)
x3004c0s31b0n0:61243:1498 [3] NCCL INFO New proxy send connection 6 from local rank 1, transport 2
x3004c0s31b0n0:61239:1401 [2] NCCL INFO Connection to proxy localRank 1 -> connection 0x14b8f4000e40
x3004c0s31b0n0:61239:1401 [2] NCCL INFO Channel 03/0 : 9[85000] -> 0[7000] [send] via NET/IB/1
x3004c0s31b0n0:61237:1400 [1] NCCL INFO Channel 01/0 : 8[46000] -> 9[c7000] via P2P/IPC/read
x3004c0s31b0n0:61237:1499 [1] NCCL INFO New proxy send connection 5 from local rank 0, transport 0
x3004c0s31b0n0:61237:1400 [1] NCCL INFO Connection to proxy localRank 0 -> connection 0x14b5cc000dc0
x3004c0s31b0n0:61237:1499 [1] NCCL INFO transport/p2p.cc:430 Cuda Alloc Size 6291456 pointer 0x14b5d1800000
x3004c0s31b0n0:61235:1402 [0] NCCL INFO Connection to proxy localRank 0 -> connection 0x149304000e40
x3004c0s31b0n0:61235:1495 [0] NCCL INFO transport/p2p.cc:430 Cuda Alloc Size 6291456 pointer 0x149303200000
x3004c0s31b0n0:61243:1399 [3] NCCL INFO Connection to proxy localRank 1 -> connection 0x14c3d0000e00
x3004c0s31b0n0:61243:1399 [3] NCCL INFO Channel 02/0 : 9[c7000] -> 0[46000] [send] via NET/IB/1
x3004c0s31b0n0:61243:1399 [3] NCCL INFO GPU Direct RDMA Disabled for GPU c7000 / HCA 0 (distance 6 > 4)
x3004c0s31b0n0:61243:1498 [3] NCCL INFO New proxy send connection 7 from local rank 1, transport 2
x3004c0s31b0n0:61239:1497 [2] NCCL INFO transport/net_ib.cc:596 Ib Alloc Size 26560 pointer 0x14b8f4020000
x3004c0s31b0n0:61239:1497 [2] NCCL INFO NET/IB: Dev 0 Port 1 qpn 24066 mtu 5 GID 0 (80FE/9E0100FEFF000000)
x3004c0s31b0n0:61239:1497 [2] NCCL INFO transport/net_ib.cc:653 Ib Alloc Size 552 pointer 0x14b8f4038000
x3004c0s31b0n0:61239:1497 [2] NCCL INFO transport/net.cc:571 Cuda Host Alloc Size 9641984 pointer 0x14b8ee000000
x3004c0s31b0n0:61239:1497 [2] NCCL INFO transport/net_ib.cc:596 Ib Alloc Size 26560 pointer 0x14b8f403a000
x3004c0s31b0n0:61235:1495 [0] NCCL INFO transport/net_ib.cc:683 Ib Alloc Size 21688 pointer 0x149304020000
x3004c0s31b0n0:61243:1399 [3] NCCL INFO Connection to proxy localRank 1 -> connection 0x14c3d0000e40
x3004c0s31b0n0:61243:1399 [3] NCCL INFO Channel 03/0 : 9[c7000] -> 0[46000] [send] via NET/IB/0
x3004c0s31b0n0:61239:1497 [2] NCCL INFO NET/IB: Dev 1 Port 1 qpn 21686 mtu 5 GID 0 (80FE/DB0100FEFF000000)
x3004c0s31b0n0:61239:1497 [2] NCCL INFO transport/net_ib.cc:653 Ib Alloc Size 552 pointer 0x14b8f4051000
x3004c0s31b0n0:61239:1497 [2] NCCL INFO transport/net.cc:571 Cuda Host Alloc Size 9641984 pointer 0x14b8eea00000
x3004c0s31b0n0:61239:1497 [2] NCCL INFO transport/net_ib.cc:596 Ib Alloc Size 26560 pointer 0x14b8f4053000
x3004c0s31b0n0:61239:1497 [2] NCCL INFO NET/IB: Dev 0 Port 1 qpn 24067 mtu 5 GID 0 (80FE/9E0100FEFF000000)
x3004c0s31b0n0:61239:1497 [2] NCCL INFO transport/net_ib.cc:653 Ib Alloc Size 552 pointer 0x14b8f406a000
x3004c0s31b0n0:61239:1497 [2] NCCL INFO transport/net.cc:571 Cuda Host Alloc Size 9641984 pointer 0x14b8ef400000
x3004c0s31b0n0:61239:1497 [2] NCCL INFO transport/net_ib.cc:596 Ib Alloc Size 26560 pointer 0x14b8f406c000
x3004c0s31b0n0:61237:1400 [1] NCCL INFO Channel 02/0 : 8[46000] -> 9[c7000] via P2P/IPC/read
x3004c0s31b0n0:61237:1499 [1] NCCL INFO New proxy send connection 6 from local rank 0, transport 0
x3004c0s31b0n0:61239:1497 [2] NCCL INFO NET/IB: Dev 1 Port 1 qpn 21687 mtu 5 GID 0 (80FE/DB0100FEFF000000)
x3004c0s31b0n0:61239:1497 [2] NCCL INFO transport/net_ib.cc:653 Ib Alloc Size 552 pointer 0x14b8f4083000
x3004c0s31b0n0:61239:1497 [2] NCCL INFO transport/net.cc:571 Cuda Host Alloc Size 9641984 pointer 0x14b8e6000000
x3004c0s31b0n0:61239:1401 [2] NCCL INFO Connected all rings
x3004c0s31b0n0:61239:1401 [2] NCCL INFO GPU Direct RDMA Disabled for GPU 85000 / HCA 0 (distance 7 > 4)
x3004c0s31b0n0:61239:1497 [2] NCCL INFO New proxy recv connection 8 from local rank 1, transport 2
x3004c0s31b0n0:61237:1400 [1] NCCL INFO Connection to proxy localRank 0 -> connection 0x14b5cc000e00
x3004c0s31b0n0:61237:1499 [1] NCCL INFO transport/p2p.cc:430 Cuda Alloc Size 6291456 pointer 0x14b5db800000
x3004c0s31b0n0:61235:1495 [0] NCCL INFO transport/net_ib.cc:696 Ib Alloc Size 552 pointer 0x149304027000
x3004c0s31b0n0:61237:1400 [1] NCCL INFO Channel 03/0 : 8[46000] -> 9[c7000] via P2P/IPC/read
x3004c0s31b0n0:61237:1499 [1] NCCL INFO New proxy send connection 7 from local rank 0, transport 0
x3004c0s31b0n0:61235:1495 [0] NCCL INFO transport/net_ib.cc:771 Ib Alloc Size 552 pointer 0x149304044000
x3004c0s31b0n0:61235:1495 [0] NCCL INFO transport/net.cc:698 Cuda Host Alloc Size 9641984 pointer 0x149301200000
x3004c0s31b0n0:61239:1401 [2] NCCL INFO Connection to proxy localRank 1 -> connection 0x14b8f4000e80
x3004c0s31b0n0:61237:1400 [1] NCCL INFO Connection to proxy localRank 0 -> connection 0x14b5cc000e40
x3004c0s31b0n0:61237:1499 [1] NCCL INFO transport/p2p.cc:430 Cuda Alloc Size 6291456 pointer 0x14b5c6000000
x3004c0s31b0n0:61235:1495 [0] NCCL INFO transport/net_ib.cc:683 Ib Alloc Size 21688 pointer 0x149304046000
x3004c0s31b0n0:61235:1495 [0] NCCL INFO transport/net_ib.cc:696 Ib Alloc Size 552 pointer 0x14930404d000
x3004c0s31b0n0:61237:1499 [1] NCCL INFO transport/net_ib.cc:683 Ib Alloc Size 21688 pointer 0x14b5cc020000
x3004c0s31b0n0:61237:1499 [1] NCCL INFO transport/net_ib.cc:696 Ib Alloc Size 552 pointer 0x14b5cc027000
x3004c0s31b0n0:61243:1498 [3] NCCL INFO transport/net_ib.cc:596 Ib Alloc Size 26560 pointer 0x14c3d0020000
x3004c0s31b0n0:61235:1495 [0] NCCL INFO transport/net_ib.cc:771 Ib Alloc Size 552 pointer 0x149304068000
x3004c0s31b0n0:61235:1495 [0] NCCL INFO transport/net.cc:698 Cuda Host Alloc Size 9641984 pointer 0x1492fe000000
x3004c0s31b0n0:61243:1498 [3] NCCL INFO NET/IB: Dev 1 Port 1 qpn 21691 mtu 5 GID 0 (80FE/DB0100FEFF000000)
x3004c0s31b0n0:61243:1498 [3] NCCL INFO transport/net_ib.cc:653 Ib Alloc Size 552 pointer 0x14c3d0038000
x3004c0s31b0n0:61243:1498 [3] NCCL INFO transport/net.cc:571 Cuda Host Alloc Size 9641984 pointer 0x14c3ca000000
x3004c0s31b0n0:61237:1499 [1] NCCL INFO transport/net_ib.cc:771 Ib Alloc Size 552 pointer 0x14b5cc044000
x3004c0s31b0n0:61237:1499 [1] NCCL INFO transport/net.cc:698 Cuda Host Alloc Size 9641984 pointer 0x14b5be000000
x3004c0s31b0n0:61239:1401 [2] NCCL INFO Channel 00/0 : 4[7000] -> 9[85000] [receive] via NET/IB/0
x3004c0s31b0n0:61239:1401 [2] NCCL INFO GPU Direct RDMA Disabled for GPU 85000 / HCA 1 (distance 7 > 4)
x3004c0s31b0n0:61239:1497 [2] NCCL INFO New proxy recv connection 9 from local rank 1, transport 2
x3004c0s31b0n0:61235:1495 [0] NCCL INFO transport/net_ib.cc:683 Ib Alloc Size 21688 pointer 0x14930406a000
x3004c0s31b0n0:61235:1495 [0] NCCL INFO transport/net_ib.cc:696 Ib Alloc Size 552 pointer 0x149304071000
x3004c0s31b0n0:61235:1495 [0] NCCL INFO transport/net_ib.cc:771 Ib Alloc Size 552 pointer 0x14930408c000
x3004c0s31b0n0:61235:1495 [0] NCCL INFO transport/net.cc:698 Cuda Host Alloc Size 9641984 pointer 0x1492fea00000
x3004c0s31b0n0:61235:1495 [0] NCCL INFO transport/net_ib.cc:683 Ib Alloc Size 21688 pointer 0x14930408e000
x3004c0s31b0n0:61235:1495 [0] NCCL INFO transport/net_ib.cc:696 Ib Alloc Size 552 pointer 0x149304095000
x3004c0s31b0n0:61237:1499 [1] NCCL INFO transport/net_ib.cc:683 Ib Alloc Size 21688 pointer 0x14b5cc046000
x3004c0s31b0n0:61237:1499 [1] NCCL INFO transport/net_ib.cc:696 Ib Alloc Size 552 pointer 0x14b5cc04d000
x3004c0s31b0n0:61243:1498 [3] NCCL INFO transport/net_ib.cc:596 Ib Alloc Size 26560 pointer 0x14c3d003a000
x3004c0s31b0n0:61239:1401 [2] NCCL INFO Connection to proxy localRank 1 -> connection 0x14b8f4000ec0
x3004c0s31b0n0:61243:1498 [3] NCCL INFO NET/IB: Dev 0 Port 1 qpn 24073 mtu 5 GID 0 (80FE/9E0100FEFF000000)
x3004c0s31b0n0:61243:1498 [3] NCCL INFO transport/net_ib.cc:653 Ib Alloc Size 552 pointer 0x14c3d0051000
x3004c0s31b0n0:61235:1495 [0] NCCL INFO transport/net_ib.cc:771 Ib Alloc Size 552 pointer 0x1493040b0000
x3004c0s31b0n0:61235:1495 [0] NCCL INFO transport/net.cc:698 Cuda Host Alloc Size 9641984 pointer 0x1492ff400000
x3004c0s31b0n0:61237:1499 [1] NCCL INFO transport/net_ib.cc:771 Ib Alloc Size 552 pointer 0x14b5cc068000
x3004c0s31b0n0:61237:1499 [1] NCCL INFO transport/net.cc:698 Cuda Host Alloc Size 9641984 pointer 0x14b5bea00000
x3004c0s31b0n0:61243:1498 [3] NCCL INFO transport/net.cc:571 Cuda Host Alloc Size 9641984 pointer 0x14c3caa00000
x3004c0s31b0n0:61243:1498 [3] NCCL INFO transport/net_ib.cc:596 Ib Alloc Size 26560 pointer 0x14c3d0053000
x3004c0s31b0n0:61237:1499 [1] NCCL INFO transport/net_ib.cc:683 Ib Alloc Size 21688 pointer 0x14b5cc06a000
x3004c0s31b0n0:61237:1499 [1] NCCL INFO transport/net_ib.cc:696 Ib Alloc Size 552 pointer 0x14b5cc071000
x3004c0s31b0n0:61243:1498 [3] NCCL INFO NET/IB: Dev 1 Port 1 qpn 21695 mtu 5 GID 0 (80FE/DB0100FEFF000000)
x3004c0s31b0n0:61243:1498 [3] NCCL INFO transport/net_ib.cc:653 Ib Alloc Size 552 pointer 0x14c3d006a000
x3004c0s31b0n0:61243:1498 [3] NCCL INFO transport/net.cc:571 Cuda Host Alloc Size 9641984 pointer 0x14c3cb400000
x3004c0s31b0n0:61237:1499 [1] NCCL INFO transport/net_ib.cc:771 Ib Alloc Size 552 pointer 0x14b5cc08c000
x3004c0s31b0n0:61237:1499 [1] NCCL INFO transport/net.cc:698 Cuda Host Alloc Size 9641984 pointer 0x14b5bf400000
x3004c0s31b0n0:61237:1499 [1] NCCL INFO transport/net_ib.cc:683 Ib Alloc Size 21688 pointer 0x14b5cc08e000
x3004c0s31b0n0:61237:1499 [1] NCCL INFO transport/net_ib.cc:696 Ib Alloc Size 552 pointer 0x14b5cc095000
x3004c0s31b0n0:61235:1402 [0] NCCL INFO Connected all rings
x3004c0s31b0n0:61235:1402 [0] NCCL INFO GPU Direct RDMA Disabled for GPU 7000 / HCA 0 (distance 7 > 4)
x3004c0s31b0n0:61235:1495 [0] NCCL INFO New proxy recv connection 8 from local rank 0, transport 2
x3004c0s31b0n0:61243:1498 [3] NCCL INFO transport/net_ib.cc:596 Ib Alloc Size 26560 pointer 0x14c3d006c000
x3004c0s31b0n0:61239:1401 [2] NCCL INFO Channel 01/0 : 4[7000] -> 9[85000] [receive] via NET/IB/1
x3004c0s31b0n0:61239:1401 [2] NCCL INFO GPU Direct RDMA Disabled for GPU 85000 / HCA 0 (distance 7 > 4)
x3004c0s31b0n0:61237:1499 [1] NCCL INFO transport/net_ib.cc:771 Ib Alloc Size 552 pointer 0x14b5cc0b0000
x3004c0s31b0n0:61237:1499 [1] NCCL INFO transport/net.cc:698 Cuda Host Alloc Size 9641984 pointer 0x14b5bc000000
x3004c0s31b0n0:61243:1498 [3] NCCL INFO NET/IB: Dev 0 Port 1 qpn 24077 mtu 5 GID 0 (80FE/9E0100FEFF000000)
x3004c0s31b0n0:61243:1498 [3] NCCL INFO transport/net_ib.cc:653 Ib Alloc Size 552 pointer 0x14c3d0083000
x3004c0s31b0n0:61243:1498 [3] NCCL INFO transport/net.cc:571 Cuda Host Alloc Size 9641984 pointer 0x14c3c2000000
x3004c0s31b0n0:61239:1497 [2] NCCL INFO New proxy send connection 10 from local rank 1, transport 2
x3004c0s31b0n0:61235:1402 [0] NCCL INFO Connection to proxy localRank 0 -> connection 0x149304000e80
x3004c0s31b0n0:61237:1400 [1] NCCL INFO Connected all rings
x3004c0s31b0n0:61237:1400 [1] NCCL INFO GPU Direct RDMA Disabled for GPU 46000 / HCA 1 (distance 6 > 4)
x3004c0s31b0n0:61243:1399 [3] NCCL INFO Connected all rings
x3004c0s31b0n0:61243:1399 [3] NCCL INFO GPU Direct RDMA Disabled for GPU c7000 / HCA 1 (distance 7 > 4)
x3004c0s31b0n0:61243:1498 [3] NCCL INFO New proxy recv connection 8 from local rank 1, transport 2
x3004c0s31b0n0:61237:1499 [1] NCCL INFO New proxy recv connection 8 from local rank 0, transport 2
x3004c0s31b0n0:61239:1401 [2] NCCL INFO Connection to proxy localRank 1 -> connection 0x14b8f4000f00
x3004c0s31b0n0:61239:1401 [2] NCCL INFO Channel 00/0 : 9[85000] -> 4[7000] [send] via NET/IB/0
x3004c0s31b0n0:61239:1401 [2] NCCL INFO GPU Direct RDMA Disabled for GPU 85000 / HCA 1 (distance 7 > 4)
x3004c0s31b0n0:61239:1497 [2] NCCL INFO New proxy send connection 11 from local rank 1, transport 2
x3004c0s31b0n0:61235:1402 [0] NCCL INFO Channel 02/0 : 6[7000] -> 8[7000] [receive] via NET/IB/0
x3004c0s31b0n0:61235:1402 [0] NCCL INFO GPU Direct RDMA Disabled for GPU 7000 / HCA 1 (distance 7 > 4)
x3004c0s31b0n0:61235:1495 [0] NCCL INFO New proxy recv connection 9 from local rank 0, transport 2
x3004c0s31b0n0:61243:1399 [3] NCCL INFO Connection to proxy localRank 1 -> connection 0x14c3d0000e80
x3004c0s31b0n0:61237:1400 [1] NCCL INFO Connection to proxy localRank 0 -> connection 0x14b5cc000e80
x3004c0s31b0n0:61239:1401 [2] NCCL INFO Connection to proxy localRank 1 -> connection 0x14b8f4000f40
x3004c0s31b0n0:61239:1401 [2] NCCL INFO Channel 01/0 : 9[85000] -> 4[7000] [send] via NET/IB/1
x3004c0s31b0n0:61235:1402 [0] NCCL INFO Connection to proxy localRank 0 -> connection 0x149304000ec0
x3004c0s31b0n0:61235:1402 [0] NCCL INFO Channel 03/0 : 6[7000] -> 8[7000] [receive] via NET/IB/1
x3004c0s31b0n0:61235:1402 [0] NCCL INFO GPU Direct RDMA Disabled for GPU 7000 / HCA 0 (distance 7 > 4)
x3004c0s31b0n0:61243:1399 [3] NCCL INFO Channel 00/0 : 4[46000] -> 9[c7000] [receive] via NET/IB/1
x3004c0s31b0n0:61243:1399 [3] NCCL INFO GPU Direct RDMA Disabled for GPU c7000 / HCA 0 (distance 6 > 4)
x3004c0s31b0n0:61243:1498 [3] NCCL INFO New proxy recv connection 9 from local rank 1, transport 2
x3004c0s31b0n0:61243:1399 [3] NCCL INFO Connection to proxy localRank 1 -> connection 0x14c3d0000ec0
x3004c0s31b0n0:61235:1495 [0] NCCL INFO New proxy send connection 10 from local rank 0, transport 2
x3004c0s31b0n0:61237:1400 [1] NCCL INFO Channel 02/0 : 6[46000] -> 8[46000] [receive] via NET/IB/1
x3004c0s31b0n0:61237:1400 [1] NCCL INFO GPU Direct RDMA Disabled for GPU 46000 / HCA 0 (distance 7 > 4)
x3004c0s31b0n0:61237:1499 [1] NCCL INFO New proxy recv connection 9 from local rank 0, transport 2
x3004c0s31b0n0:61243:1399 [3] NCCL INFO Channel 01/0 : 4[46000] -> 9[c7000] [receive] via NET/IB/0
x3004c0s31b0n0:61243:1399 [3] NCCL INFO GPU Direct RDMA Disabled for GPU c7000 / HCA 1 (distance 7 > 4)
x3004c0s31b0n0:61243:1498 [3] NCCL INFO New proxy send connection 10 from local rank 1, transport 2
x3004c0s31b0n0:61235:1402 [0] NCCL INFO Connection to proxy localRank 0 -> connection 0x149304000f00
x3004c0s31b0n0:61235:1402 [0] NCCL INFO Channel 00/0 : 8[7000] -> 0[7000] [send] via NET/IB/0
x3004c0s31b0n0:61235:1402 [0] NCCL INFO GPU Direct RDMA Disabled for GPU 7000 / HCA 1 (distance 7 > 4)
x3004c0s31b0n0:61235:1495 [0] NCCL INFO New proxy send connection 11 from local rank 0, transport 2
x3004c0s31b0n0:61237:1400 [1] NCCL INFO Connection to proxy localRank 0 -> connection 0x14b5cc000ec0
x3004c0s31b0n0:61243:1399 [3] NCCL INFO Connection to proxy localRank 1 -> connection 0x14c3d0000f00
x3004c0s31b0n0:61243:1399 [3] NCCL INFO Channel 00/0 : 9[c7000] -> 4[46000] [send] via NET/IB/1
x3004c0s31b0n0:61243:1399 [3] NCCL INFO GPU Direct RDMA Disabled for GPU c7000 / HCA 0 (distance 6 > 4)
x3004c0s31b0n0:61243:1498 [3] NCCL INFO New proxy send connection 11 from local rank 1, transport 2
x3004c0s31b0n0:61235:1402 [0] NCCL INFO Connection to proxy localRank 0 -> connection 0x149304000f40
x3004c0s31b0n0:61235:1402 [0] NCCL INFO Channel 01/0 : 8[7000] -> 0[7000] [send] via NET/IB/1
x3004c0s31b0n0:61237:1400 [1] NCCL INFO Channel 03/0 : 6[46000] -> 8[46000] [receive] via NET/IB/0
x3004c0s31b0n0:61237:1400 [1] NCCL INFO GPU Direct RDMA Disabled for GPU 46000 / HCA 1 (distance 6 > 4)
x3004c0s31b0n0:61237:1499 [1] NCCL INFO New proxy send connection 10 from local rank 0, transport 2
x3004c0s31b0n0:61243:1399 [3] NCCL INFO Connection to proxy localRank 1 -> connection 0x14c3d0000f40
x3004c0s31b0n0:61243:1399 [3] NCCL INFO Channel 01/0 : 9[c7000] -> 4[46000] [send] via NET/IB/0
x3004c0s31b0n0:61237:1400 [1] NCCL INFO Connection to proxy localRank 0 -> connection 0x14b5cc000f00
x3004c0s31b0n0:61237:1400 [1] NCCL INFO Channel 00/0 : 8[46000] -> 0[46000] [send] via NET/IB/1
x3004c0s31b0n0:61237:1400 [1] NCCL INFO GPU Direct RDMA Disabled for GPU 46000 / HCA 0 (distance 7 > 4)
x3004c0s31b0n0:61237:1499 [1] NCCL INFO New proxy send connection 11 from local rank 0, transport 2
x3004c0s31b0n0:61237:1400 [1] NCCL INFO Connection to proxy localRank 0 -> connection 0x14b5cc000f40
x3004c0s31b0n0:61237:1400 [1] NCCL INFO Channel 01/0 : 8[46000] -> 0[46000] [send] via NET/IB/0
x3004c0s31b0n0:61235:1495 [0] NCCL INFO transport/net_ib.cc:596 Ib Alloc Size 26560 pointer 0x1493040c6000
x3004c0s31b0n0:61235:1495 [0] NCCL INFO NET/IB: Dev 0 Port 1 qpn 24078 mtu 5 GID 0 (80FE/9E0100FEFF000000)
x3004c0s31b0n0:61235:1495 [0] NCCL INFO transport/net_ib.cc:653 Ib Alloc Size 552 pointer 0x1493040dd000
x3004c0s31b0n0:61235:1495 [0] NCCL INFO transport/net.cc:571 Cuda Host Alloc Size 9641984 pointer 0x1492fc000000
x3004c0s31b0n0:61235:1495 [0] NCCL INFO transport/net_ib.cc:596 Ib Alloc Size 26560 pointer 0x1493040df000
x3004c0s31b0n0:61235:1495 [0] NCCL INFO NET/IB: Dev 1 Port 1 qpn 21698 mtu 5 GID 0 (80FE/DB0100FEFF000000)
x3004c0s31b0n0:61235:1495 [0] NCCL INFO transport/net_ib.cc:653 Ib Alloc Size 552 pointer 0x1493040f6000
x3004c0s31b0n0:61235:1495 [0] NCCL INFO transport/net.cc:571 Cuda Host Alloc Size 9641984 pointer 0x1492fca00000
x3004c0s31b0n0:61235:1495 [0] NCCL INFO transport/net_ib.cc:683 Ib Alloc Size 21688 pointer 0x1493040f8000
x3004c0s31b0n0:61235:1495 [0] NCCL INFO transport/net_ib.cc:696 Ib Alloc Size 552 pointer 0x1493040ff000
x3004c0s31b0n0:61235:1495 [0] NCCL INFO transport/net_ib.cc:771 Ib Alloc Size 552 pointer 0x14930411a000
x3004c0s31b0n0:61235:1495 [0] NCCL INFO transport/net.cc:698 Cuda Host Alloc Size 9641984 pointer 0x1492fd400000
x3004c0s31b0n0:61235:1495 [0] NCCL INFO transport/net_ib.cc:683 Ib Alloc Size 21688 pointer 0x14930411c000
x3004c0s31b0n0:61235:1495 [0] NCCL INFO transport/net_ib.cc:696 Ib Alloc Size 552 pointer 0x149304123000
x3004c0s31b0n0:61235:1495 [0] NCCL INFO transport/net_ib.cc:771 Ib Alloc Size 552 pointer 0x14930413e000
x3004c0s31b0n0:61235:1495 [0] NCCL INFO transport/net.cc:698 Cuda Host Alloc Size 9641984 pointer 0x1492fa000000
x3004c0s31b0n0:61235:1402 [0] NCCL INFO GPU Direct RDMA Disabled for GPU 7000 / HCA 0 (distance 7 > 4)
x3004c0s31b0n0:61235:1495 [0] NCCL INFO New proxy recv connection 12 from local rank 0, transport 2
x3004c0s31b0n0:61235:1402 [0] NCCL INFO Connection to proxy localRank 0 -> connection 0x149304000f80
x3004c0s31b0n0:61237:1499 [1] NCCL INFO transport/net_ib.cc:596 Ib Alloc Size 26560 pointer 0x14b5cc0c6000
x3004c0s31b0n0:61237:1499 [1] NCCL INFO NET/IB: Dev 1 Port 1 qpn 21701 mtu 5 GID 0 (80FE/DB0100FEFF000000)
x3004c0s31b0n0:61237:1499 [1] NCCL INFO transport/net_ib.cc:653 Ib Alloc Size 552 pointer 0x14b5cc0dd000
x3004c0s31b0n0:61237:1499 [1] NCCL INFO transport/net.cc:571 Cuda Host Alloc Size 9641984 pointer 0x14b5bca00000
x3004c0s31b0n0:61237:1499 [1] NCCL INFO transport/net_ib.cc:596 Ib Alloc Size 26560 pointer 0x14b5cc0df000
x3004c0s31b0n0:61237:1499 [1] NCCL INFO NET/IB: Dev 0 Port 1 qpn 24081 mtu 5 GID 0 (80FE/9E0100FEFF000000)
x3004c0s31b0n0:61237:1499 [1] NCCL INFO transport/net_ib.cc:653 Ib Alloc Size 552 pointer 0x14b5cc0f6000
x3004c0s31b0n0:61237:1499 [1] NCCL INFO transport/net.cc:571 Cuda Host Alloc Size 9641984 pointer 0x14b5bd400000
x3004c0s31b0n0:61237:1499 [1] NCCL INFO transport/net_ib.cc:683 Ib Alloc Size 21688 pointer 0x14b5cc0f8000
x3004c0s31b0n0:61237:1499 [1] NCCL INFO transport/net_ib.cc:696 Ib Alloc Size 552 pointer 0x14b5cc0ff000
x3004c0s31b0n0:61235:1402 [0] NCCL INFO Channel 00/0 : 0[7000] -> 8[7000] [receive] via NET/IB/0
x3004c0s31b0n0:61235:1402 [0] NCCL INFO GPU Direct RDMA Disabled for GPU 7000 / HCA 1 (distance 7 > 4)
x3004c0s31b0n0:61235:1495 [0] NCCL INFO New proxy recv connection 13 from local rank 0, transport 2
x3004c0s31b0n0:61235:1402 [0] NCCL INFO Connection to proxy localRank 0 -> connection 0x149304000fc0
x3004c0s31b0n0:61237:1499 [1] NCCL INFO transport/net_ib.cc:771 Ib Alloc Size 552 pointer 0x14b5cc11a000
x3004c0s31b0n0:61237:1499 [1] NCCL INFO transport/net.cc:698 Cuda Host Alloc Size 9641984 pointer 0x14b5ba000000
x3004c0s31b0n0:61237:1499 [1] NCCL INFO transport/net_ib.cc:683 Ib Alloc Size 21688 pointer 0x14b5cc11c000
x3004c0s31b0n0:61237:1499 [1] NCCL INFO transport/net_ib.cc:696 Ib Alloc Size 552 pointer 0x14b5cc123000
x3004c0s31b0n0:61235:1402 [0] NCCL INFO Channel 01/0 : 0[7000] -> 8[7000] [receive] via NET/IB/1
x3004c0s31b0n0:61235:1402 [0] NCCL INFO GPU Direct RDMA Disabled for GPU 7000 / HCA 0 (distance 7 > 4)
x3004c0s31b0n0:61235:1495 [0] NCCL INFO New proxy send connection 14 from local rank 0, transport 2
x3004c0s31b0n0:61235:1402 [0] NCCL INFO Connection to proxy localRank 0 -> connection 0x149304001000
x3004c0s31b0n0:61235:1402 [0] NCCL INFO Channel 02/0 : 8[7000] -> 6[7000] [send] via NET/IB/0
x3004c0s31b0n0:61235:1402 [0] NCCL INFO GPU Direct RDMA Disabled for GPU 7000 / HCA 1 (distance 7 > 4)
x3004c0s31b0n0:61237:1499 [1] NCCL INFO transport/net_ib.cc:771 Ib Alloc Size 552 pointer 0x14b5cc13e000
x3004c0s31b0n0:61237:1499 [1] NCCL INFO transport/net.cc:698 Cuda Host Alloc Size 9641984 pointer 0x14b5baa00000
x3004c0s31b0n0:61235:1495 [0] NCCL INFO New proxy send connection 15 from local rank 0, transport 2
x3004c0s31b0n0:61237:1400 [1] NCCL INFO GPU Direct RDMA Disabled for GPU 46000 / HCA 1 (distance 6 > 4)
x3004c0s31b0n0:61237:1499 [1] NCCL INFO New proxy recv connection 12 from local rank 0, transport 2
x3004c0s31b0n0:61235:1402 [0] NCCL INFO Connection to proxy localRank 0 -> connection 0x149304001040
x3004c0s31b0n0:61235:1402 [0] NCCL INFO Channel 03/0 : 8[7000] -> 6[7000] [send] via NET/IB/1
x3004c0s31b0n0:61237:1400 [1] NCCL INFO Connection to proxy localRank 0 -> connection 0x14b5cc000f80
x3004c0s31b0n0:61237:1400 [1] NCCL INFO Channel 00/0 : 0[46000] -> 8[46000] [receive] via NET/IB/1
x3004c0s31b0n0:61237:1400 [1] NCCL INFO GPU Direct RDMA Disabled for GPU 46000 / HCA 0 (distance 7 > 4)
x3004c0s31b0n0:61237:1499 [1] NCCL INFO New proxy recv connection 13 from local rank 0, transport 2
x3004c0s31b0n0:61237:1400 [1] NCCL INFO Connection to proxy localRank 0 -> connection 0x14b5cc000fc0
x3004c0s31b0n0:61237:1400 [1] NCCL INFO Channel 01/0 : 0[46000] -> 8[46000] [receive] via NET/IB/0
x3004c0s31b0n0:61237:1400 [1] NCCL INFO GPU Direct RDMA Disabled for GPU 46000 / HCA 1 (distance 6 > 4)
x3004c0s31b0n0:61237:1499 [1] NCCL INFO New proxy send connection 14 from local rank 0, transport 2
x3004c0s31b0n0:61237:1400 [1] NCCL INFO Connection to proxy localRank 0 -> connection 0x14b5cc001000
x3004c0s31b0n0:61237:1400 [1] NCCL INFO Channel 02/0 : 8[46000] -> 6[46000] [send] via NET/IB/1
x3004c0s31b0n0:61237:1400 [1] NCCL INFO GPU Direct RDMA Disabled for GPU 46000 / HCA 0 (distance 7 > 4)
x3004c0s31b0n0:61237:1499 [1] NCCL INFO New proxy send connection 15 from local rank 0, transport 2
x3004c0s31b0n0:61237:1400 [1] NCCL INFO Connection to proxy localRank 0 -> connection 0x14b5cc001040
x3004c0s31b0n0:61237:1400 [1] NCCL INFO Channel 03/0 : 8[46000] -> 6[46000] [send] via NET/IB/0
x3004c0s31b0n0:61239:1497 [2] NCCL INFO transport/net_ib.cc:596 Ib Alloc Size 26560 pointer 0x14b8f4099000
x3004c0s31b0n0:61239:1497 [2] NCCL INFO NET/IB: Dev 0 Port 1 qpn 24084 mtu 5 GID 0 (80FE/9E0100FEFF000000)
x3004c0s31b0n0:61239:1497 [2] NCCL INFO transport/net_ib.cc:653 Ib Alloc Size 552 pointer 0x14b8f40b0000
x3004c0s31b0n0:61239:1497 [2] NCCL INFO transport/net.cc:571 Cuda Host Alloc Size 9641984 pointer 0x14b8e4600000
x3004c0s31b0n0:61239:1497 [2] NCCL INFO transport/net_ib.cc:596 Ib Alloc Size 26560 pointer 0x14b8f40b2000
x3004c0s31b0n0:61239:1497 [2] NCCL INFO NET/IB: Dev 1 Port 1 qpn 21704 mtu 5 GID 0 (80FE/DB0100FEFF000000)
x3004c0s31b0n0:61239:1497 [2] NCCL INFO transport/net_ib.cc:653 Ib Alloc Size 552 pointer 0x14b8f40c9000
x3004c0s31b0n0:61239:1497 [2] NCCL INFO transport/net.cc:571 Cuda Host Alloc Size 9641984 pointer 0x14b8e5000000
x3004c0s31b0n0:61239:1497 [2] NCCL INFO transport/net_ib.cc:683 Ib Alloc Size 21688 pointer 0x14b8f40cb000
x3004c0s31b0n0:61239:1497 [2] NCCL INFO transport/net_ib.cc:696 Ib Alloc Size 552 pointer 0x14b8f40d2000
x3004c0s31b0n0:61239:1497 [2] NCCL INFO transport/net_ib.cc:771 Ib Alloc Size 552 pointer 0x14b8f40ee000
x3004c0s31b0n0:61239:1497 [2] NCCL INFO transport/net.cc:698 Cuda Host Alloc Size 9641984 pointer 0x14b8e2000000
x3004c0s31b0n0:61239:1497 [2] NCCL INFO transport/net_ib.cc:683 Ib Alloc Size 21688 pointer 0x14b8f40f0000
x3004c0s31b0n0:61239:1497 [2] NCCL INFO transport/net_ib.cc:696 Ib Alloc Size 552 pointer 0x14b8f40f7000
x3004c0s31b0n0:61239:1497 [2] NCCL INFO transport/net_ib.cc:771 Ib Alloc Size 552 pointer 0x14b8f4112000
x3004c0s31b0n0:61239:1497 [2] NCCL INFO transport/net.cc:698 Cuda Host Alloc Size 9641984 pointer 0x14b8e2a00000
x3004c0s31b0n0:61239:1401 [2] NCCL INFO Channel 00/0 : 9[85000] -> 8[7000] via P2P/IPC/read
x3004c0s31b0n0:61239:1497 [2] NCCL INFO New proxy send connection 12 from local rank 1, transport 0
x3004c0s31b0n0:61243:1498 [3] NCCL INFO transport/net_ib.cc:596 Ib Alloc Size 26560 pointer 0x14c3d0099000
x3004c0s31b0n0:61243:1498 [3] NCCL INFO NET/IB: Dev 1 Port 1 qpn 21707 mtu 5 GID 0 (80FE/DB0100FEFF000000)
x3004c0s31b0n0:61243:1498 [3] NCCL INFO transport/net_ib.cc:653 Ib Alloc Size 552 pointer 0x14c3d00b0000
x3004c0s31b0n0:61243:1498 [3] NCCL INFO transport/net.cc:571 Cuda Host Alloc Size 9641984 pointer 0x14c3c0600000
x3004c0s31b0n0:61243:1498 [3] NCCL INFO transport/net_ib.cc:596 Ib Alloc Size 26560 pointer 0x14c3d00b2000
x3004c0s31b0n0:61239:1401 [2] NCCL INFO Connection to proxy localRank 1 -> connection 0x14b8f4000f80
x3004c0s31b0n0:61239:1497 [2] NCCL INFO transport/p2p.cc:430 Cuda Alloc Size 6291456 pointer 0x14b8e3400000
x3004c0s31b0n0:61239:1401 [2] NCCL INFO Channel 01/0 : 9[85000] -> 8[7000] via P2P/IPC/read
x3004c0s31b0n0:61239:1497 [2] NCCL INFO New proxy send connection 13 from local rank 1, transport 0
x3004c0s31b0n0:61243:1498 [3] NCCL INFO NET/IB: Dev 0 Port 1 qpn 24087 mtu 5 GID 0 (80FE/9E0100FEFF000000)
x3004c0s31b0n0:61243:1498 [3] NCCL INFO transport/net_ib.cc:653 Ib Alloc Size 552 pointer 0x14c3d00c9000
x3004c0s31b0n0:61243:1498 [3] NCCL INFO transport/net.cc:571 Cuda Host Alloc Size 9641984 pointer 0x14c3c1000000
x3004c0s31b0n0:61243:1498 [3] NCCL INFO transport/net_ib.cc:683 Ib Alloc Size 21688 pointer 0x14c3d00cb000
x3004c0s31b0n0:61243:1498 [3] NCCL INFO transport/net_ib.cc:696 Ib Alloc Size 552 pointer 0x14c3d00d2000
x3004c0s31b0n0:61239:1401 [2] NCCL INFO Connection to proxy localRank 1 -> connection 0x14b8f4000fc0
x3004c0s31b0n0:61239:1497 [2] NCCL INFO transport/p2p.cc:430 Cuda Alloc Size 6291456 pointer 0x14b8e3a00000
x3004c0s31b0n0:61243:1498 [3] NCCL INFO transport/net_ib.cc:771 Ib Alloc Size 552 pointer 0x14c3d00ee000
x3004c0s31b0n0:61243:1498 [3] NCCL INFO transport/net.cc:698 Cuda Host Alloc Size 9641984 pointer 0x14c3be000000
x3004c0s31b0n0:61243:1498 [3] NCCL INFO transport/net_ib.cc:683 Ib Alloc Size 21688 pointer 0x14c3d00f0000
x3004c0s31b0n0:61243:1498 [3] NCCL INFO transport/net_ib.cc:696 Ib Alloc Size 552 pointer 0x14c3d00f7000
x3004c0s31b0n0:61239:1401 [2] NCCL INFO Channel 02/0 : 9[85000] -> 8[7000] via P2P/IPC/read
x3004c0s31b0n0:61239:1497 [2] NCCL INFO New proxy send connection 14 from local rank 1, transport 0
x3004c0s31b0n0:61243:1498 [3] NCCL INFO transport/net_ib.cc:771 Ib Alloc Size 552 pointer 0x14c3d0112000
x3004c0s31b0n0:61243:1498 [3] NCCL INFO transport/net.cc:698 Cuda Host Alloc Size 9641984 pointer 0x14c3bea00000
x3004c0s31b0n0:61235:1495 [0] NCCL INFO transport/net_ib.cc:596 Ib Alloc Size 26560 pointer 0x149304154000
x3004c0s31b0n0:61235:1495 [0] NCCL INFO NET/IB: Dev 0 Port 1 qpn 24090 mtu 5 GID 0 (80FE/9E0100FEFF000000)
x3004c0s31b0n0:61235:1495 [0] NCCL INFO transport/net_ib.cc:653 Ib Alloc Size 552 pointer 0x14930416b000
x3004c0s31b0n0:61235:1495 [0] NCCL INFO transport/net.cc:571 Cuda Host Alloc Size 9641984 pointer 0x1492faa00000
x3004c0s31b0n0:61235:1495 [0] NCCL INFO transport/net_ib.cc:596 Ib Alloc Size 26560 pointer 0x14930416d000
x3004c0s31b0n0:61235:1495 [0] NCCL INFO NET/IB: Dev 1 Port 1 qpn 21710 mtu 5 GID 0 (80FE/DB0100FEFF000000)
x3004c0s31b0n0:61235:1495 [0] NCCL INFO transport/net_ib.cc:653 Ib Alloc Size 552 pointer 0x149304184000
x3004c0s31b0n0:61235:1495 [0] NCCL INFO transport/net.cc:571 Cuda Host Alloc Size 9641984 pointer 0x1492fb400000
x3004c0s31b0n0:61243:1399 [3] NCCL INFO Channel 00/0 : 9[c7000] -> 8[46000] via P2P/IPC/read
x3004c0s31b0n0:61243:1498 [3] NCCL INFO New proxy send connection 12 from local rank 1, transport 0
x3004c0s31b0n0:61239:1401 [2] NCCL INFO Connection to proxy localRank 1 -> connection 0x14b8f4001000
x3004c0s31b0n0:61239:1497 [2] NCCL INFO transport/p2p.cc:430 Cuda Alloc Size 6291456 pointer 0x14b8e5a00000
x3004c0s31b0n0:61235:1495 [0] NCCL INFO transport/net_ib.cc:683 Ib Alloc Size 21688 pointer 0x149304186000
x3004c0s31b0n0:61235:1495 [0] NCCL INFO transport/net_ib.cc:696 Ib Alloc Size 552 pointer 0x14930418d000
x3004c0s31b0n0:61235:1495 [0] NCCL INFO transport/net_ib.cc:771 Ib Alloc Size 552 pointer 0x1493041a8000
x3004c0s31b0n0:61235:1495 [0] NCCL INFO transport/net.cc:698 Cuda Host Alloc Size 9641984 pointer 0x1492f8000000
x3004c0s31b0n0:61235:1495 [0] NCCL INFO transport/net_ib.cc:683 Ib Alloc Size 21688 pointer 0x1493041aa000
x3004c0s31b0n0:61235:1495 [0] NCCL INFO transport/net_ib.cc:696 Ib Alloc Size 552 pointer 0x1493041b1000
x3004c0s31b0n0:61239:1401 [2] NCCL INFO Channel 03/0 : 9[85000] -> 8[7000] via P2P/IPC/read
x3004c0s31b0n0:61239:1497 [2] NCCL INFO New proxy send connection 15 from local rank 1, transport 0
x3004c0s31b0n0:61239:1401 [2] NCCL INFO Connection to proxy localRank 1 -> connection 0x14b8f4001040
x3004c0s31b0n0:61243:1399 [3] NCCL INFO Connection to proxy localRank 1 -> connection 0x14c3d0000f80
x3004c0s31b0n0:61237:1499 [1] NCCL INFO transport/net_ib.cc:596 Ib Alloc Size 26560 pointer 0x14b5cc154000
x3004c0s31b0n0:61237:1499 [1] NCCL INFO NET/IB: Dev 1 Port 1 qpn 21712 mtu 5 GID 0 (80FE/DB0100FEFF000000)
x3004c0s31b0n0:61237:1499 [1] NCCL INFO transport/net_ib.cc:653 Ib Alloc Size 552 pointer 0x14b5cc16b000
x3004c0s31b0n0:61237:1499 [1] NCCL INFO transport/net.cc:571 Cuda Host Alloc Size 9641984 pointer 0x14b5bb400000
x3004c0s31b0n0:61243:1498 [3] NCCL INFO transport/p2p.cc:430 Cuda Alloc Size 6291456 pointer 0x14c3bf400000
x3004c0s31b0n0:61237:1499 [1] NCCL INFO transport/net_ib.cc:596 Ib Alloc Size 26560 pointer 0x14b5cc16d000
x3004c0s31b0n0:61239:1497 [2] NCCL INFO transport/p2p.cc:430 Cuda Alloc Size 6291456 pointer 0x14b8e0000000
x3004c0s31b0n0:61237:1499 [1] NCCL INFO NET/IB: Dev 0 Port 1 qpn 24093 mtu 5 GID 0 (80FE/9E0100FEFF000000)
x3004c0s31b0n0:61237:1499 [1] NCCL INFO transport/net_ib.cc:653 Ib Alloc Size 552 pointer 0x14b5cc184000
x3004c0s31b0n0:61235:1495 [0] NCCL INFO transport/net_ib.cc:771 Ib Alloc Size 552 pointer 0x1493041cc000
x3004c0s31b0n0:61235:1495 [0] NCCL INFO transport/net.cc:698 Cuda Host Alloc Size 9641984 pointer 0x1492f8a00000
x3004c0s31b0n0:61237:1499 [1] NCCL INFO transport/net.cc:571 Cuda Host Alloc Size 9641984 pointer 0x14b5b8000000
x3004c0s31b0n0:61235:1495 [0] NCCL INFO New proxy recv connection 16 from local rank 0, transport 0
x3004c0s31b0n0:61237:1499 [1] NCCL INFO transport/net_ib.cc:683 Ib Alloc Size 21688 pointer 0x14b5cc186000
x3004c0s31b0n0:61237:1499 [1] NCCL INFO transport/net_ib.cc:696 Ib Alloc Size 552 pointer 0x14b5cc18d000
x3004c0s31b0n0:61237:1499 [1] NCCL INFO transport/net_ib.cc:771 Ib Alloc Size 552 pointer 0x14b5cc1a8000
x3004c0s31b0n0:61237:1499 [1] NCCL INFO transport/net.cc:698 Cuda Host Alloc Size 9641984 pointer 0x14b5b8a00000
x3004c0s31b0n0:61243:1399 [3] NCCL INFO Channel 01/0 : 9[c7000] -> 8[46000] via P2P/IPC/read
x3004c0s31b0n0:61243:1498 [3] NCCL INFO New proxy send connection 13 from local rank 1, transport 0
x3004c0s31b0n0:61235:1402 [0] NCCL INFO Connection to proxy localRank 0 -> connection 0x149304001080
x3004c0s31b0n0:61235:1495 [0] NCCL INFO transport/p2p.cc:449 Cuda Alloc Size 6291456 pointer 0x1492f9400000
x3004c0s31b0n0:61237:1499 [1] NCCL INFO transport/net_ib.cc:683 Ib Alloc Size 21688 pointer 0x14b5cc1aa000
x3004c0s31b0n0:61237:1499 [1] NCCL INFO transport/net_ib.cc:696 Ib Alloc Size 552 pointer 0x14b5cc1b1000
x3004c0s31b0n0:61243:1399 [3] NCCL INFO Connection to proxy localRank 1 -> connection 0x14c3d0000fc0
x3004c0s31b0n0:61243:1498 [3] NCCL INFO transport/p2p.cc:430 Cuda Alloc Size 6291456 pointer 0x14c3bfa00000
x3004c0s31b0n0:61243:1399 [3] NCCL INFO Channel 02/0 : 9[c7000] -> 8[46000] via P2P/IPC/read
x3004c0s31b0n0:61237:1499 [1] NCCL INFO transport/net_ib.cc:771 Ib Alloc Size 552 pointer 0x14b5cc1cc000
x3004c0s31b0n0:61237:1499 [1] NCCL INFO transport/net.cc:698 Cuda Host Alloc Size 9641984 pointer 0x14b5b9400000
x3004c0s31b0n0:61235:1495 [0] NCCL INFO New proxy recv connection 17 from local rank 0, transport 0
x3004c0s31b0n0:61243:1498 [3] NCCL INFO New proxy send connection 14 from local rank 1, transport 0
x3004c0s31b0n0:61237:1499 [1] NCCL INFO New proxy recv connection 16 from local rank 0, transport 0
x3004c0s31b0n0:61235:1402 [0] NCCL INFO Connection to proxy localRank 0 -> connection 0x1493040010c0
x3004c0s31b0n0:61235:1495 [0] NCCL INFO transport/p2p.cc:449 Cuda Alloc Size 6291456 pointer 0x1492f9a00000
x3004c0s31b0n0:61243:1399 [3] NCCL INFO Connection to proxy localRank 1 -> connection 0x14c3d0001000
x3004c0s31b0n0:61243:1498 [3] NCCL INFO transport/p2p.cc:430 Cuda Alloc Size 6291456 pointer 0x14c3c1a00000
x3004c0s31b0n0:61237:1400 [1] NCCL INFO Connection to proxy localRank 0 -> connection 0x14b5cc001080
x3004c0s31b0n0:61237:1499 [1] NCCL INFO transport/p2p.cc:449 Cuda Alloc Size 6291456 pointer 0x14b5b6000000
x3004c0s31b0n0:61235:1495 [0] NCCL INFO New proxy recv connection 18 from local rank 0, transport 0
x3004c0s31b0n0:61243:1399 [3] NCCL INFO Channel 03/0 : 9[c7000] -> 8[46000] via P2P/IPC/read
x3004c0s31b0n0:61243:1498 [3] NCCL INFO New proxy send connection 15 from local rank 1, transport 0
x3004c0s31b0n0:61237:1499 [1] NCCL INFO New proxy recv connection 17 from local rank 0, transport 0
x3004c0s31b0n0:61235:1402 [0] NCCL INFO Connection to proxy localRank 0 -> connection 0x149304001100
x3004c0s31b0n0:61235:1495 [0] NCCL INFO transport/p2p.cc:449 Cuda Alloc Size 6291456 pointer 0x1492f6000000
x3004c0s31b0n0:61243:1399 [3] NCCL INFO Connection to proxy localRank 1 -> connection 0x14c3d0001040
x3004c0s31b0n0:61243:1498 [3] NCCL INFO transport/p2p.cc:430 Cuda Alloc Size 6291456 pointer 0x14c3bc000000
x3004c0s31b0n0:61237:1400 [1] NCCL INFO Connection to proxy localRank 0 -> connection 0x14b5cc0010c0
x3004c0s31b0n0:61237:1499 [1] NCCL INFO transport/p2p.cc:449 Cuda Alloc Size 6291456 pointer 0x14b5b6600000
x3004c0s31b0n0:61235:1495 [0] NCCL INFO New proxy recv connection 19 from local rank 0, transport 0
x3004c0s31b0n0:61237:1499 [1] NCCL INFO New proxy recv connection 18 from local rank 0, transport 0
x3004c0s31b0n0:61237:1400 [1] NCCL INFO Connection to proxy localRank 0 -> connection 0x14b5cc001100
x3004c0s31b0n0:61235:1402 [0] NCCL INFO Connection to proxy localRank 0 -> connection 0x149304001140
x3004c0s31b0n0:61235:1495 [0] NCCL INFO transport/p2p.cc:449 Cuda Alloc Size 6291456 pointer 0x1492f6600000
x3004c0s31b0n0:61237:1499 [1] NCCL INFO transport/p2p.cc:449 Cuda Alloc Size 6291456 pointer 0x14b5b6c00000
x3004c0s31b0n0:61235:1402 [0] NCCL INFO Connected all trees by HAO
x3004c0s31b0n0:61235:1402 [0] NCCL INFO threadThresholds 8/8/64 | 80/8/64 | 512 | 512
x3004c0s31b0n0:61235:1402 [0] NCCL INFO 4 coll channels, 4 p2p channels, 2 p2p channels per peer
x3004c0s31b0n0:61235:1495 [0] NCCL INFO New proxy send connection 20 from local rank 0, transport 2
x3004c0s31b0n0:61239:1401 [2] NCCL INFO Connected all trees by HAO
x3004c0s31b0n0:61239:1401 [2] NCCL INFO threadThresholds 8/8/64 | 80/8/64 | 512 | 512
x3004c0s31b0n0:61239:1401 [2] NCCL INFO 4 coll channels, 4 p2p channels, 2 p2p channels per peer
x3004c0s31b0n0:61239:1497 [2] NCCL INFO New proxy send connection 16 from local rank 1, transport 2
x3004c0s31b0n0:61239:1401 [2] NCCL INFO Connection to proxy localRank 1 -> connection 0x14b8f4001080
x3004c0s31b0n0:61237:1499 [1] NCCL INFO New proxy recv connection 19 from local rank 0, transport 0
x3004c0s31b0n0:61235:1402 [0] NCCL INFO Connection to proxy localRank 0 -> connection 0x149304001180
x3004c0s31b0n0:61235:1402 [0] NCCL INFO init.cc:367 Cuda Alloc Size 5168 pointer 0x1493a3e14400
x3004c0s31b0n0:61237:1400 [1] NCCL INFO Connection to proxy localRank 0 -> connection 0x14b5cc001140
x3004c0s31b0n0:61239:1497 [2] NCCL INFO transport/net.cc:376 Cuda Alloc Size 8388608 pointer 0x14b8de000000
x3004c0s31b0n0:61239:1401 [2] NCCL INFO init.cc:367 Cuda Alloc Size 5168 pointer 0x14b9a1817a00
x3004c0s31b0n0:61235:1495 [0] NCCL INFO transport/net.cc:376 Cuda Alloc Size 8388608 pointer 0x1492f4600000
x3004c0s31b0n0:61235:1402 [0] NCCL INFO init.cc:392 Cuda Host Alloc Size 33554432 pointer 0x1492f2000000
x3004c0s31b0n0:61235:1402 [0] NCCL INFO init.cc:398 Cuda Host Alloc Size 128 pointer 0x1493a3400a00
x3004c0s31b0n0:61235:1402 [0] NCCL INFO comm 0x55d00a884640 rank 8 nranks 10 cudaDev 0 busId 7000 - Init COMPLETE
x3004c0s31b0n0:61237:1499 [1] NCCL INFO transport/p2p.cc:449 Cuda Alloc Size 6291456 pointer 0x14b5b7200000
x3004c0s31b0n0:61239:1401 [2] NCCL INFO init.cc:392 Cuda Host Alloc Size 33554432 pointer 0x14b8dc000000
x3004c0s31b0n0:61239:1401 [2] NCCL INFO init.cc:398 Cuda Host Alloc Size 128 pointer 0x14b9a0e00e00
x3004c0s31b0n0:61239:1401 [2] NCCL INFO comm 0x55eebfb802c0 rank 9 nranks 10 cudaDev 2 busId 85000 - Init COMPLETE
x3004c0s31b0n0:61235:61235 [0] NCCL INFO AllReduce: opCount 0 sendbuff 0x14939ea00400 recvbuff 0x14939ea00400 count 1 datatype 4 op 0 root 0 comm 0x55d00a884640 [nranks=10] stream 0x55d0077385f0
x3004c0s31b0n0:61235:61235 [0] NCCL INFO misc/utils.cc:235 memory stack hunk malloc(65536)
[LYD INFO in ncclLaunchKernel (enqueue.cc)] NCHANNELS is: 4x3004c0s31b0n0:61237:1400 [1] NCCL INFO Connected all trees by HAO
x3004c0s31b0n0:61237:1400 [1] NCCL INFO threadThresholds 8/8/64 | 80/8/64 | 512 | 512
