x3001c0s7b0n0:36065:39291 [0] NCCL INFO NET/0 :GPU/7000 (5/12.000000/SYS) GPU/46000 (5/12.000000/SYS) GPU/85000 (5/12.000000/SYS) GPU/C7000 (4/12.000000/PHB) CPU/3 (3/12.000000/SYS) CPU/2 (3/12.000000/SYS) CPU/1 (3/12.000000/SYS) CPU/0 (2/12.000000/PHB) NET/1 (5/12.000000/SYS) NET/0 (0/5000.000000/LOC) 
x3001c0s7b0n0:36065:39291 [0] NCCL INFO Pattern 4, crossNic 0, nChannels 2, bw 12.000000/12.000000, type NVL/SYS, sameChannels 1
x3001c0s7b0n0:36065:39291 [0] NCCL INFO  0 : NET/1 GPU/17 GPU/16 GPU/18 GPU/19 NET/1
x3001c0s7b0n0:36065:39291 [0] NCCL INFO  1 : NET/0 GPU/17 GPU/16 GPU/18 GPU/19 NET/0
x3001c0s7b0n0:36065:39291 [0] NCCL INFO Pattern 1, crossNic 0, nChannels 2, bw 24.000000/12.000000, type NVL/SYS, sameChannels 1
x3001c0s7b0n0:36065:39291 [0] NCCL INFO  0 : NET/1 GPU/16 GPU/17 GPU/18 GPU/19 NET/1
x3001c0s7b0n0:36065:39291 [0] NCCL INFO  1 : NET/0 GPU/16 GPU/17 GPU/18 GPU/19 NET/0
x3001c0s7b0n0:36065:39291 [0] NCCL INFO Pattern 3, crossNic 0, nChannels 0, bw 0.000000/0.000000, type NVL/PIX, sameChannels 1
x3001c0s7b0n0:36070:39287 [1] NCCL INFO NET/IB : GPU Direct RDMA Enabled for HCA 0 'mlx5_0'
x3001c0s7b0n0:36070:39287 [1] NCCL INFO NET/IB : GPU Direct RDMA Enabled for HCA 1 'mlx5_1'
x3001c0s7b0n0:36070:39287 [1] NCCL INFO GPU Direct RDMA Disabled for GPU 7000 / HCA 1 (distance 7 > 4)
x3001c0s7b0n0:36070:39287 [1] NCCL INFO GPU Direct RDMA Disabled for GPU 46000 / HCA 1 (distance 6 > 4)
x3001c0s7b0n0:36070:39287 [1] NCCL INFO GPU Direct RDMA Disabled for GPU 85000 / HCA 1 (distance 7 > 4)
x3001c0s7b0n0:36070:39287 [1] NCCL INFO GPU Direct RDMA Disabled for GPU c7000 / HCA 1 (distance 7 > 4)
x3001c0s7b0n0:36070:39287 [1] NCCL INFO GPU Direct RDMA Disabled for GPU 7000 / HCA 0 (distance 7 > 4)
x3001c0s7b0n0:36070:39287 [1] NCCL INFO GPU Direct RDMA Disabled for GPU 46000 / HCA 0 (distance 7 > 4)
x3001c0s7b0n0:36070:39287 [1] NCCL INFO GPU Direct RDMA Disabled for GPU 85000 / HCA 0 (distance 7 > 4)
x3001c0s7b0n0:36070:39287 [1] NCCL INFO GPU Direct RDMA Disabled for GPU c7000 / HCA 0 (distance 6 > 4)
x3001c0s7b0n0:36070:39287 [1] NCCL INFO GPU Direct RDMA Disabled for GPU 7000 / HCA 1 (distance 7 > 4)
x3001c0s7b0n0:36070:39287 [1] NCCL INFO GPU Direct RDMA Disabled for GPU 46000 / HCA 1 (distance 6 > 4)
x3001c0s7b0n0:36070:39287 [1] NCCL INFO GPU Direct RDMA Disabled for GPU 85000 / HCA 1 (distance 7 > 4)
x3001c0s7b0n0:36070:39287 [1] NCCL INFO GPU Direct RDMA Disabled for GPU c7000 / HCA 1 (distance 7 > 4)
x3001c0s7b0n0:36070:39287 [1] NCCL INFO GPU Direct RDMA Disabled for GPU 7000 / HCA 0 (distance 7 > 4)
x3001c0s7b0n0:36070:39287 [1] NCCL INFO GPU Direct RDMA Disabled for GPU 46000 / HCA 0 (distance 7 > 4)
x3001c0s7b0n0:36070:39287 [1] NCCL INFO GPU Direct RDMA Disabled for GPU 85000 / HCA 0 (distance 7 > 4)
x3001c0s7b0n0:36070:39287 [1] NCCL INFO GPU Direct RDMA Disabled for GPU c7000 / HCA 0 (distance 6 > 4)
x3001c0s7b0n0:36070:39287 [1] NCCL INFO === System : maxBw 12.0 totalBw 264.0 ===
x3001c0s7b0n0:36070:39287 [1] NCCL INFO CPU/3 (1/2/-1)
x3001c0s7b0n0:36070:39287 [1] NCCL INFO + SYS[5000.0] - CPU/2
x3001c0s7b0n0:36070:39287 [1] NCCL INFO + SYS[5000.0] - CPU/1
x3001c0s7b0n0:36070:39287 [1] NCCL INFO + SYS[5000.0] - CPU/0
x3001c0s7b0n0:36070:39287 [1] NCCL INFO + PCI[24.0] - PCI/5000 (11f8406811f8beef)
x3001c0s7b0n0:36070:39287 [1] NCCL INFO               + PCI[24.0] - GPU/7000 (16)
x3001c0s7b0n0:36070:39287 [1] NCCL INFO                             + NVL[88.0] - GPU/85000
x3001c0s7b0n0:36070:39287 [1] NCCL INFO                             + NVL[88.0] - GPU/C7000
x3001c0s7b0n0:36070:39287 [1] NCCL INFO                             + NVL[88.0] - GPU/46000
x3001c0s7b0n0:36070:39287 [1] NCCL INFO CPU/2 (1/2/-1)
x3001c0s7b0n0:36070:39287 [1] NCCL INFO + SYS[5000.0] - CPU/3
x3001c0s7b0n0:36070:39287 [1] NCCL INFO + SYS[5000.0] - CPU/1
x3001c0s7b0n0:36070:39287 [1] NCCL INFO + SYS[5000.0] - CPU/0
x3001c0s7b0n0:36070:39287 [1] NCCL INFO + PCI[24.0] - PCI/44000 (11f8406811f8beef)
x3001c0s7b0n0:36070:39287 [1] NCCL INFO               + PCI[24.0] - GPU/46000 (17)
x3001c0s7b0n0:36070:39287 [1] NCCL INFO                             + NVL[88.0] - GPU/85000
x3001c0s7b0n0:36070:39287 [1] NCCL INFO                             + NVL[88.0] - GPU/C7000
x3001c0s7b0n0:36070:39287 [1] NCCL INFO                             + NVL[88.0] - GPU/7000
x3001c0s7b0n0:36070:39287 [1] NCCL INFO + PCI[12.0] - NIC/43000
x3001c0s7b0n0:36070:39287 [1] NCCL INFO               + NET[12.5] - NET/1 (20d604ffffa4e988/1/12.500000)
x3001c0s7b0n0:36070:39287 [1] NCCL INFO CPU/1 (1/2/-1)
x3001c0s7b0n0:36070:39287 [1] NCCL INFO + SYS[5000.0] - CPU/3
x3001c0s7b0n0:36070:39287 [1] NCCL INFO + SYS[5000.0] - CPU/2
x3001c0s7b0n0:36070:39287 [1] NCCL INFO + SYS[5000.0] - CPU/0
x3001c0s7b0n0:36070:39287 [1] NCCL INFO + PCI[24.0] - PCI/83000 (11f8406811f8beef)
x3001c0s7b0n0:36070:39287 [1] NCCL INFO               + PCI[24.0] - GPU/85000 (18)
x3001c0s7b0n0:36070:39287 [1] NCCL INFO                             + NVL[88.0] - GPU/C7000
x3001c0s7b0n0:36070:39287 [1] NCCL INFO                             + NVL[88.0] - GPU/46000
x3001c0s7b0n0:36070:39287 [1] NCCL INFO                             + NVL[88.0] - GPU/7000
x3001c0s7b0n0:36070:39287 [1] NCCL INFO CPU/0 (1/2/-1)
x3001c0s7b0n0:36070:39287 [1] NCCL INFO + SYS[5000.0] - CPU/3
x3001c0s7b0n0:36070:39287 [1] NCCL INFO + SYS[5000.0] - CPU/2
x3001c0s7b0n0:36070:39287 [1] NCCL INFO + SYS[5000.0] - CPU/1
x3001c0s7b0n0:36070:39287 [1] NCCL INFO + PCI[24.0] - PCI/C5000 (11f8406811f8beef)
x3001c0s7b0n0:36070:39287 [1] NCCL INFO               + PCI[24.0] - GPU/C7000 (19)
x3001c0s7b0n0:36070:39287 [1] NCCL INFO                             + NVL[88.0] - GPU/85000
x3001c0s7b0n0:36070:39287 [1] NCCL INFO                             + NVL[88.0] - GPU/46000
x3001c0s7b0n0:36070:39287 [1] NCCL INFO                             + NVL[88.0] - GPU/7000
x3001c0s7b0n0:36070:39287 [1] NCCL INFO + PCI[12.0] - NIC/C8000
x3001c0s7b0n0:36070:39287 [1] NCCL INFO               + NET[12.5] - NET/0 (74d604ffffa4e988/1/12.500000)
x3001c0s7b0n0:36070:39287 [1] NCCL INFO ==========================================
x3001c0s7b0n0:36070:39287 [1] NCCL INFO GPU/7000 :GPU/7000 (0/5000.000000/LOC) GPU/46000 (1/88.000000/NVL) GPU/85000 (1/88.000000/NVL) GPU/C7000 (1/88.000000/NVL) CPU/3 (2/24.000000/PHB) CPU/2 (3/24.000000/SYS) CPU/1 (3/24.000000/SYS) CPU/0 (3/24.000000/SYS) NET/1 (5/12.000000/SYS) NET/0 (5/12.000000/SYS) 
x3001c0s7b0n0:36070:39287 [1] NCCL INFO GPU/46000 :GPU/7000 (1/88.000000/NVL) GPU/46000 (0/5000.000000/LOC) GPU/85000 (1/88.000000/NVL) GPU/C7000 (1/88.000000/NVL) CPU/3 (3/24.000000/SYS) CPU/2 (2/24.000000/PHB) CPU/1 (3/24.000000/SYS) CPU/0 (3/24.000000/SYS) NET/1 (4/12.000000/PHB) NET/0 (5/12.000000/SYS) 
x3001c0s7b0n0:36070:39287 [1] NCCL INFO GPU/85000 :GPU/7000 (1/88.000000/NVL) GPU/46000 (1/88.000000/NVL) GPU/85000 (0/5000.000000/LOC) GPU/C7000 (1/88.000000/NVL) CPU/3 (3/24.000000/SYS) CPU/2 (3/24.000000/SYS) CPU/1 (2/24.000000/PHB) CPU/0 (3/24.000000/SYS) NET/1 (5/12.000000/SYS) NET/0 (5/12.000000/SYS) 
x3001c0s7b0n0:36070:39287 [1] NCCL INFO GPU/C7000 :GPU/7000 (1/88.000000/NVL) GPU/46000 (1/88.000000/NVL) GPU/85000 (1/88.000000/NVL) GPU/C7000 (0/5000.000000/LOC) CPU/3 (3/24.000000/SYS) CPU/2 (3/24.000000/SYS) CPU/1 (3/24.000000/SYS) CPU/0 (2/24.000000/PHB) NET/1 (5/12.000000/SYS) NET/0 (4/12.000000/PHB) 
x3001c0s7b0n0:36070:39287 [1] NCCL INFO NET/1 :GPU/7000 (5/12.000000/SYS) GPU/46000 (4/12.000000/PHB) GPU/85000 (5/12.000000/SYS) GPU/C7000 (5/12.000000/SYS) CPU/3 (3/12.000000/SYS) CPU/2 (2/12.000000/PHB) CPU/1 (3/12.000000/SYS) CPU/0 (3/12.000000/SYS) NET/1 (0/5000.000000/LOC) NET/0 (5/12.000000/SYS) 
x3001c0s7b0n0:36070:39287 [1] NCCL INFO NET/0 :GPU/7000 (5/12.000000/SYS) GPU/46000 (5/12.000000/SYS) GPU/85000 (5/12.000000/SYS) GPU/C7000 (4/12.000000/PHB) CPU/3 (3/12.000000/SYS) CPU/2 (3/12.000000/SYS) CPU/1 (3/12.000000/SYS) CPU/0 (2/12.000000/PHB) NET/1 (5/12.000000/SYS) NET/0 (0/5000.000000/LOC) 
x3001c0s7b0n0:36070:39287 [1] NCCL INFO Pattern 4, crossNic 0, nChannels 2, bw 12.000000/12.000000, type NVL/SYS, sameChannels 1
x3001c0s7b0n0:36070:39287 [1] NCCL INFO  0 : NET/1 GPU/17 GPU/16 GPU/18 GPU/19 NET/1
x3001c0s7b0n0:36070:39287 [1] NCCL INFO  1 : NET/0 GPU/17 GPU/16 GPU/18 GPU/19 NET/0
x3001c0s7b0n0:36070:39287 [1] NCCL INFO Pattern 1, crossNic 0, nChannels 2, bw 24.000000/12.000000, type NVL/SYS, sameChannels 1
x3001c0s7b0n0:36070:39287 [1] NCCL INFO  0 : NET/1 GPU/16 GPU/17 GPU/18 GPU/19 NET/1
x3001c0s7b0n0:36070:39287 [1] NCCL INFO  1 : NET/0 GPU/16 GPU/17 GPU/18 GPU/19 NET/0
x3001c0s7b0n0:36070:39287 [1] NCCL INFO Pattern 3, crossNic 0, nChannels 0, bw 0.000000/0.000000, type NVL/PIX, sameChannels 1
x3001c0s7b0n0:36075:39290 [2] NCCL INFO NET/IB : GPU Direct RDMA Enabled for HCA 0 'mlx5_0'
x3001c0s7b0n0:36075:39290 [2] NCCL INFO NET/IB : GPU Direct RDMA Enabled for HCA 1 'mlx5_1'
x3001c0s7b0n0:36075:39290 [2] NCCL INFO GPU Direct RDMA Disabled for GPU 7000 / HCA 1 (distance 7 > 4)
x3001c0s7b0n0:36075:39290 [2] NCCL INFO GPU Direct RDMA Disabled for GPU 46000 / HCA 1 (distance 6 > 4)
x3001c0s7b0n0:36075:39290 [2] NCCL INFO GPU Direct RDMA Disabled for GPU 85000 / HCA 1 (distance 7 > 4)
x3001c0s7b0n0:36075:39290 [2] NCCL INFO GPU Direct RDMA Disabled for GPU c7000 / HCA 1 (distance 7 > 4)
x3001c0s7b0n0:36075:39290 [2] NCCL INFO GPU Direct RDMA Disabled for GPU 7000 / HCA 0 (distance 7 > 4)
x3001c0s7b0n0:36075:39290 [2] NCCL INFO GPU Direct RDMA Disabled for GPU 46000 / HCA 0 (distance 7 > 4)
x3001c0s7b0n0:36075:39290 [2] NCCL INFO GPU Direct RDMA Disabled for GPU 85000 / HCA 0 (distance 7 > 4)
x3001c0s7b0n0:36075:39290 [2] NCCL INFO GPU Direct RDMA Disabled for GPU c7000 / HCA 0 (distance 6 > 4)
x3001c0s7b0n0:36075:39290 [2] NCCL INFO GPU Direct RDMA Disabled for GPU 7000 / HCA 1 (distance 7 > 4)
x3001c0s7b0n0:36075:39290 [2] NCCL INFO GPU Direct RDMA Disabled for GPU 46000 / HCA 1 (distance 6 > 4)
x3001c0s7b0n0:36075:39290 [2] NCCL INFO GPU Direct RDMA Disabled for GPU 85000 / HCA 1 (distance 7 > 4)
x3001c0s7b0n0:36075:39290 [2] NCCL INFO GPU Direct RDMA Disabled for GPU c7000 / HCA 1 (distance 7 > 4)
x3001c0s7b0n0:36075:39290 [2] NCCL INFO GPU Direct RDMA Disabled for GPU 7000 / HCA 0 (distance 7 > 4)
x3001c0s7b0n0:36075:39290 [2] NCCL INFO GPU Direct RDMA Disabled for GPU 46000 / HCA 0 (distance 7 > 4)
x3001c0s7b0n0:36075:39290 [2] NCCL INFO GPU Direct RDMA Disabled for GPU 85000 / HCA 0 (distance 7 > 4)
x3001c0s7b0n0:36075:39290 [2] NCCL INFO GPU Direct RDMA Disabled for GPU c7000 / HCA 0 (distance 6 > 4)
x3001c0s7b0n0:36075:39290 [2] NCCL INFO === System : maxBw 12.0 totalBw 264.0 ===
x3001c0s7b0n0:36075:39290 [2] NCCL INFO CPU/3 (1/2/-1)
x3001c0s7b0n0:36075:39290 [2] NCCL INFO + SYS[5000.0] - CPU/2
x3001c0s7b0n0:36075:39290 [2] NCCL INFO + SYS[5000.0] - CPU/1
x3001c0s7b0n0:36075:39290 [2] NCCL INFO + SYS[5000.0] - CPU/0
x3001c0s7b0n0:36075:39290 [2] NCCL INFO + PCI[24.0] - PCI/5000 (11f8406811f8beef)
x3001c0s7b0n0:36075:39290 [2] NCCL INFO               + PCI[24.0] - GPU/7000 (16)
x3001c0s7b0n0:36075:39290 [2] NCCL INFO                             + NVL[88.0] - GPU/85000
x3001c0s7b0n0:36075:39290 [2] NCCL INFO                             + NVL[88.0] - GPU/C7000
x3001c0s7b0n0:36075:39290 [2] NCCL INFO                             + NVL[88.0] - GPU/46000
x3001c0s7b0n0:36075:39290 [2] NCCL INFO CPU/2 (1/2/-1)
x3001c0s7b0n0:36075:39290 [2] NCCL INFO + SYS[5000.0] - CPU/3
x3001c0s7b0n0:36075:39290 [2] NCCL INFO + SYS[5000.0] - CPU/1
x3001c0s7b0n0:36075:39290 [2] NCCL INFO + SYS[5000.0] - CPU/0
x3001c0s7b0n0:36075:39290 [2] NCCL INFO + PCI[24.0] - PCI/44000 (11f8406811f8beef)
x3001c0s7b0n0:36075:39290 [2] NCCL INFO               + PCI[24.0] - GPU/46000 (17)
x3001c0s7b0n0:36075:39290 [2] NCCL INFO                             + NVL[88.0] - GPU/85000
x3001c0s7b0n0:36075:39290 [2] NCCL INFO                             + NVL[88.0] - GPU/C7000
x3001c0s7b0n0:36075:39290 [2] NCCL INFO                             + NVL[88.0] - GPU/7000
x3001c0s7b0n0:36075:39290 [2] NCCL INFO + PCI[12.0] - NIC/43000
x3001c0s7b0n0:36075:39290 [2] NCCL INFO               + NET[12.5] - NET/1 (20d604ffffa4e988/1/12.500000)
x3001c0s7b0n0:36075:39290 [2] NCCL INFO CPU/1 (1/2/-1)
x3001c0s7b0n0:36075:39290 [2] NCCL INFO + SYS[5000.0] - CPU/3
x3001c0s7b0n0:36075:39290 [2] NCCL INFO + SYS[5000.0] - CPU/2
x3001c0s7b0n0:36075:39290 [2] NCCL INFO + SYS[5000.0] - CPU/0
x3001c0s7b0n0:36075:39290 [2] NCCL INFO + PCI[24.0] - PCI/83000 (11f8406811f8beef)
x3001c0s7b0n0:36075:39290 [2] NCCL INFO               + PCI[24.0] - GPU/85000 (18)
x3001c0s7b0n0:36075:39290 [2] NCCL INFO                             + NVL[88.0] - GPU/C7000
x3001c0s7b0n0:36075:39290 [2] NCCL INFO                             + NVL[88.0] - GPU/46000
x3001c0s7b0n0:36075:39290 [2] NCCL INFO                             + NVL[88.0] - GPU/7000
x3001c0s7b0n0:36075:39290 [2] NCCL INFO CPU/0 (1/2/-1)
x3001c0s7b0n0:36075:39290 [2] NCCL INFO + SYS[5000.0] - CPU/3
x3001c0s7b0n0:36075:39290 [2] NCCL INFO + SYS[5000.0] - CPU/2
x3001c0s7b0n0:36075:39290 [2] NCCL INFO + SYS[5000.0] - CPU/1
x3001c0s7b0n0:36075:39290 [2] NCCL INFO + PCI[24.0] - PCI/C5000 (11f8406811f8beef)
x3001c0s7b0n0:36075:39290 [2] NCCL INFO               + PCI[24.0] - GPU/C7000 (19)
x3001c0s7b0n0:36075:39290 [2] NCCL INFO                             + NVL[88.0] - GPU/85000
x3001c0s7b0n0:36075:39290 [2] NCCL INFO                             + NVL[88.0] - GPU/46000
x3001c0s7b0n0:36075:39290 [2] NCCL INFO                             + NVL[88.0] - GPU/7000
x3001c0s7b0n0:36075:39290 [2] NCCL INFO + PCI[12.0] - NIC/C8000
x3001c0s7b0n0:36075:39290 [2] NCCL INFO               + NET[12.5] - NET/0 (74d604ffffa4e988/1/12.500000)
x3001c0s7b0n0:36075:39290 [2] NCCL INFO ==========================================
x3001c0s7b0n0:36075:39290 [2] NCCL INFO GPU/7000 :GPU/7000 (0/5000.000000/LOC) GPU/46000 (1/88.000000/NVL) GPU/85000 (1/88.000000/NVL) GPU/C7000 (1/88.000000/NVL) CPU/3 (2/24.000000/PHB) CPU/2 (3/24.000000/SYS) CPU/1 (3/24.000000/SYS) CPU/0 (3/24.000000/SYS) NET/1 (5/12.000000/SYS) NET/0 (5/12.000000/SYS) 
x3001c0s7b0n0:36075:39290 [2] NCCL INFO GPU/46000 :GPU/7000 (1/88.000000/NVL) GPU/46000 (0/5000.000000/LOC) GPU/85000 (1/88.000000/NVL) GPU/C7000 (1/88.000000/NVL) CPU/3 (3/24.000000/SYS) CPU/2 (2/24.000000/PHB) CPU/1 (3/24.000000/SYS) CPU/0 (3/24.000000/SYS) NET/1 (4/12.000000/PHB) NET/0 (5/12.000000/SYS) 
x3001c0s7b0n0:36075:39290 [2] NCCL INFO GPU/85000 :GPU/7000 (1/88.000000/NVL) GPU/46000 (1/88.000000/NVL) GPU/85000 (0/5000.000000/LOC) GPU/C7000 (1/88.000000/NVL) CPU/3 (3/24.000000/SYS) CPU/2 (3/24.000000/SYS) CPU/1 (2/24.000000/PHB) CPU/0 (3/24.000000/SYS) NET/1 (5/12.000000/SYS) NET/0 (5/12.000000/SYS) 
x3001c0s7b0n0:36075:39290 [2] NCCL INFO GPU/C7000 :GPU/7000 (1/88.000000/NVL) GPU/46000 (1/88.000000/NVL) GPU/85000 (1/88.000000/NVL) GPU/C7000 (0/5000.000000/LOC) CPU/3 (3/24.000000/SYS) CPU/2 (3/24.000000/SYS) CPU/1 (3/24.000000/SYS) CPU/0 (2/24.000000/PHB) NET/1 (5/12.000000/SYS) NET/0 (4/12.000000/PHB) 
x3001c0s7b0n0:36075:39290 [2] NCCL INFO NET/1 :GPU/7000 (5/12.000000/SYS) GPU/46000 (4/12.000000/PHB) GPU/85000 (5/12.000000/SYS) GPU/C7000 (5/12.000000/SYS) CPU/3 (3/12.000000/SYS) CPU/2 (2/12.000000/PHB) CPU/1 (3/12.000000/SYS) CPU/0 (3/12.000000/SYS) NET/1 (0/5000.000000/LOC) NET/0 (5/12.000000/SYS) 
x3001c0s7b0n0:36075:39290 [2] NCCL INFO NET/0 :GPU/7000 (5/12.000000/SYS) GPU/46000 (5/12.000000/SYS) GPU/85000 (5/12.000000/SYS) GPU/C7000 (4/12.000000/PHB) CPU/3 (3/12.000000/SYS) CPU/2 (3/12.000000/SYS) CPU/1 (3/12.000000/SYS) CPU/0 (2/12.000000/PHB) NET/1 (5/12.000000/SYS) NET/0 (0/5000.000000/LOC) 
x3001c0s7b0n0:36075:39290 [2] NCCL INFO Pattern 4, crossNic 0, nChannels 2, bw 12.000000/12.000000, type NVL/SYS, sameChannels 1
x3001c0s7b0n0:36075:39290 [2] NCCL INFO  0 : NET/1 GPU/17 GPU/16 GPU/18 GPU/19 NET/1
x3001c0s7b0n0:36075:39290 [2] NCCL INFO  1 : NET/0 GPU/17 GPU/16 GPU/18 GPU/19 NET/0
x3001c0s7b0n0:36075:39290 [2] NCCL INFO Pattern 1, crossNic 0, nChannels 2, bw 24.000000/12.000000, type NVL/SYS, sameChannels 1
x3001c0s7b0n0:36075:39290 [2] NCCL INFO  0 : NET/1 GPU/16 GPU/17 GPU/18 GPU/19 NET/1
x3001c0s7b0n0:36075:39290 [2] NCCL INFO  1 : NET/0 GPU/16 GPU/17 GPU/18 GPU/19 NET/0
x3001c0s7b0n0:36075:39290 [2] NCCL INFO Pattern 3, crossNic 0, nChannels 0, bw 0.000000/0.000000, type NVL/PIX, sameChannels 1
x3001c0s7b0n0:36079:39292 [3] NCCL INFO NET/IB : GPU Direct RDMA Enabled for HCA 0 'mlx5_0'
x3001c0s7b0n0:36079:39292 [3] NCCL INFO NET/IB : GPU Direct RDMA Enabled for HCA 1 'mlx5_1'
x3001c0s7b0n0:36079:39292 [3] NCCL INFO GPU Direct RDMA Disabled for GPU 7000 / HCA 1 (distance 7 > 4)
x3001c0s7b0n0:36079:39292 [3] NCCL INFO GPU Direct RDMA Disabled for GPU 46000 / HCA 1 (distance 6 > 4)
x3001c0s7b0n0:36079:39292 [3] NCCL INFO GPU Direct RDMA Disabled for GPU 85000 / HCA 1 (distance 7 > 4)
x3001c0s7b0n0:36079:39292 [3] NCCL INFO GPU Direct RDMA Disabled for GPU c7000 / HCA 1 (distance 7 > 4)
x3001c0s7b0n0:36079:39292 [3] NCCL INFO GPU Direct RDMA Disabled for GPU 7000 / HCA 0 (distance 7 > 4)
x3001c0s7b0n0:36079:39292 [3] NCCL INFO GPU Direct RDMA Disabled for GPU 46000 / HCA 0 (distance 7 > 4)
x3001c0s7b0n0:36079:39292 [3] NCCL INFO GPU Direct RDMA Disabled for GPU 85000 / HCA 0 (distance 7 > 4)
x3001c0s7b0n0:36079:39292 [3] NCCL INFO GPU Direct RDMA Disabled for GPU c7000 / HCA 0 (distance 6 > 4)
x3001c0s7b0n0:36079:39292 [3] NCCL INFO GPU Direct RDMA Disabled for GPU 7000 / HCA 1 (distance 7 > 4)
x3001c0s7b0n0:36079:39292 [3] NCCL INFO GPU Direct RDMA Disabled for GPU 46000 / HCA 1 (distance 6 > 4)
x3001c0s7b0n0:36079:39292 [3] NCCL INFO GPU Direct RDMA Disabled for GPU 85000 / HCA 1 (distance 7 > 4)
x3001c0s7b0n0:36079:39292 [3] NCCL INFO GPU Direct RDMA Disabled for GPU c7000 / HCA 1 (distance 7 > 4)
x3001c0s7b0n0:36079:39292 [3] NCCL INFO GPU Direct RDMA Disabled for GPU 7000 / HCA 0 (distance 7 > 4)
x3001c0s7b0n0:36079:39292 [3] NCCL INFO GPU Direct RDMA Disabled for GPU 46000 / HCA 0 (distance 7 > 4)
x3001c0s7b0n0:36079:39292 [3] NCCL INFO GPU Direct RDMA Disabled for GPU 85000 / HCA 0 (distance 7 > 4)
x3001c0s7b0n0:36079:39292 [3] NCCL INFO GPU Direct RDMA Disabled for GPU c7000 / HCA 0 (distance 6 > 4)
x3001c0s7b0n0:36079:39292 [3] NCCL INFO === System : maxBw 12.0 totalBw 264.0 ===
x3001c0s7b0n0:36079:39292 [3] NCCL INFO CPU/3 (1/2/-1)
x3001c0s7b0n0:36079:39292 [3] NCCL INFO + SYS[5000.0] - CPU/2
x3001c0s7b0n0:36079:39292 [3] NCCL INFO + SYS[5000.0] - CPU/1
x3001c0s7b0n0:36079:39292 [3] NCCL INFO + SYS[5000.0] - CPU/0
x3001c0s7b0n0:36079:39292 [3] NCCL INFO + PCI[24.0] - PCI/5000 (11f8406811f8beef)
x3001c0s7b0n0:36079:39292 [3] NCCL INFO               + PCI[24.0] - GPU/7000 (16)
x3001c0s7b0n0:36079:39292 [3] NCCL INFO                             + NVL[88.0] - GPU/85000
x3001c0s7b0n0:36079:39292 [3] NCCL INFO                             + NVL[88.0] - GPU/C7000
x3001c0s7b0n0:36079:39292 [3] NCCL INFO                             + NVL[88.0] - GPU/46000
x3001c0s7b0n0:36079:39292 [3] NCCL INFO CPU/2 (1/2/-1)
x3001c0s7b0n0:36079:39292 [3] NCCL INFO + SYS[5000.0] - CPU/3
x3001c0s7b0n0:36079:39292 [3] NCCL INFO + SYS[5000.0] - CPU/1
x3001c0s7b0n0:36079:39292 [3] NCCL INFO + SYS[5000.0] - CPU/0
x3001c0s7b0n0:36079:39292 [3] NCCL INFO + PCI[24.0] - PCI/44000 (11f8406811f8beef)
x3001c0s7b0n0:36079:39292 [3] NCCL INFO               + PCI[24.0] - GPU/46000 (17)
x3001c0s7b0n0:36079:39292 [3] NCCL INFO                             + NVL[88.0] - GPU/85000
x3001c0s7b0n0:36079:39292 [3] NCCL INFO                             + NVL[88.0] - GPU/C7000
x3001c0s7b0n0:36079:39292 [3] NCCL INFO                             + NVL[88.0] - GPU/7000
x3001c0s7b0n0:36079:39292 [3] NCCL INFO + PCI[12.0] - NIC/43000
x3001c0s7b0n0:36079:39292 [3] NCCL INFO               + NET[12.5] - NET/1 (20d604ffffa4e988/1/12.500000)
x3001c0s7b0n0:36079:39292 [3] NCCL INFO CPU/1 (1/2/-1)
x3001c0s7b0n0:36079:39292 [3] NCCL INFO + SYS[5000.0] - CPU/3
x3001c0s7b0n0:36079:39292 [3] NCCL INFO + SYS[5000.0] - CPU/2
x3001c0s7b0n0:36079:39292 [3] NCCL INFO + SYS[5000.0] - CPU/0
x3001c0s7b0n0:36079:39292 [3] NCCL INFO + PCI[24.0] - PCI/83000 (11f8406811f8beef)
x3001c0s7b0n0:36079:39292 [3] NCCL INFO               + PCI[24.0] - GPU/85000 (18)
x3001c0s7b0n0:36079:39292 [3] NCCL INFO                             + NVL[88.0] - GPU/C7000
x3001c0s7b0n0:36079:39292 [3] NCCL INFO                             + NVL[88.0] - GPU/46000
x3001c0s7b0n0:36079:39292 [3] NCCL INFO                             + NVL[88.0] - GPU/7000
x3001c0s7b0n0:36079:39292 [3] NCCL INFO CPU/0 (1/2/-1)
x3001c0s7b0n0:36079:39292 [3] NCCL INFO + SYS[5000.0] - CPU/3
x3001c0s7b0n0:36079:39292 [3] NCCL INFO + SYS[5000.0] - CPU/2
x3001c0s7b0n0:36079:39292 [3] NCCL INFO + SYS[5000.0] - CPU/1
x3001c0s7b0n0:36079:39292 [3] NCCL INFO + PCI[24.0] - PCI/C5000 (11f8406811f8beef)
x3001c0s7b0n0:36079:39292 [3] NCCL INFO               + PCI[24.0] - GPU/C7000 (19)
x3001c0s7b0n0:36079:39292 [3] NCCL INFO                             + NVL[88.0] - GPU/85000
x3001c0s7b0n0:36079:39292 [3] NCCL INFO                             + NVL[88.0] - GPU/46000
x3001c0s7b0n0:36079:39292 [3] NCCL INFO                             + NVL[88.0] - GPU/7000
x3001c0s7b0n0:36079:39292 [3] NCCL INFO + PCI[12.0] - NIC/C8000
x3001c0s7b0n0:36079:39292 [3] NCCL INFO               + NET[12.5] - NET/0 (74d604ffffa4e988/1/12.500000)
x3001c0s7b0n0:36079:39292 [3] NCCL INFO ==========================================
x3001c0s7b0n0:36079:39292 [3] NCCL INFO GPU/7000 :GPU/7000 (0/5000.000000/LOC) GPU/46000 (1/88.000000/NVL) GPU/85000 (1/88.000000/NVL) GPU/C7000 (1/88.000000/NVL) CPU/3 (2/24.000000/PHB) CPU/2 (3/24.000000/SYS) CPU/1 (3/24.000000/SYS) CPU/0 (3/24.000000/SYS) NET/1 (5/12.000000/SYS) NET/0 (5/12.000000/SYS) 
x3001c0s7b0n0:36079:39292 [3] NCCL INFO GPU/46000 :GPU/7000 (1/88.000000/NVL) GPU/46000 (0/5000.000000/LOC) GPU/85000 (1/88.000000/NVL) GPU/C7000 (1/88.000000/NVL) CPU/3 (3/24.000000/SYS) CPU/2 (2/24.000000/PHB) CPU/1 (3/24.000000/SYS) CPU/0 (3/24.000000/SYS) NET/1 (4/12.000000/PHB) NET/0 (5/12.000000/SYS) 
x3001c0s7b0n0:36079:39292 [3] NCCL INFO GPU/85000 :GPU/7000 (1/88.000000/NVL) GPU/46000 (1/88.000000/NVL) GPU/85000 (0/5000.000000/LOC) GPU/C7000 (1/88.000000/NVL) CPU/3 (3/24.000000/SYS) CPU/2 (3/24.000000/SYS) CPU/1 (2/24.000000/PHB) CPU/0 (3/24.000000/SYS) NET/1 (5/12.000000/SYS) NET/0 (5/12.000000/SYS) 
x3001c0s7b0n0:36079:39292 [3] NCCL INFO GPU/C7000 :GPU/7000 (1/88.000000/NVL) GPU/46000 (1/88.000000/NVL) GPU/85000 (1/88.000000/NVL) GPU/C7000 (0/5000.000000/LOC) CPU/3 (3/24.000000/SYS) CPU/2 (3/24.000000/SYS) CPU/1 (3/24.000000/SYS) CPU/0 (2/24.000000/PHB) NET/1 (5/12.000000/SYS) NET/0 (4/12.000000/PHB) 
x3001c0s7b0n0:36079:39292 [3] NCCL INFO NET/1 :GPU/7000 (5/12.000000/SYS) GPU/46000 (4/12.000000/PHB) GPU/85000 (5/12.000000/SYS) GPU/C7000 (5/12.000000/SYS) CPU/3 (3/12.000000/SYS) CPU/2 (2/12.000000/PHB) CPU/1 (3/12.000000/SYS) CPU/0 (3/12.000000/SYS) NET/1 (0/5000.000000/LOC) NET/0 (5/12.000000/SYS) 
x3001c0s7b0n0:36079:39292 [3] NCCL INFO NET/0 :GPU/7000 (5/12.000000/SYS) GPU/46000 (5/12.000000/SYS) GPU/85000 (5/12.000000/SYS) GPU/C7000 (4/12.000000/PHB) CPU/3 (3/12.000000/SYS) CPU/2 (3/12.000000/SYS) CPU/1 (3/12.000000/SYS) CPU/0 (2/12.000000/PHB) NET/1 (5/12.000000/SYS) NET/0 (0/5000.000000/LOC) 
x3001c0s7b0n0:36079:39292 [3] NCCL INFO Setting affinity for GPU 3 to 01
x3001c0s7b0n0:36079:39292 [3] NCCL INFO Pattern 4, crossNic 0, nChannels 2, bw 12.000000/12.000000, type NVL/SYS, sameChannels 1
x3001c0s7b0n0:36079:39292 [3] NCCL INFO  0 : NET/1 GPU/17 GPU/16 GPU/18 GPU/19 NET/1
x3001c0s7b0n0:36079:39292 [3] NCCL INFO  1 : NET/0 GPU/17 GPU/16 GPU/18 GPU/19 NET/0
x3001c0s7b0n0:36079:39292 [3] NCCL INFO Pattern 1, crossNic 0, nChannels 2, bw 24.000000/12.000000, type NVL/SYS, sameChannels 1
x3001c0s7b0n0:36079:39292 [3] NCCL INFO  0 : NET/1 GPU/16 GPU/17 GPU/18 GPU/19 NET/1
x3001c0s7b0n0:36079:39292 [3] NCCL INFO  1 : NET/0 GPU/16 GPU/17 GPU/18 GPU/19 NET/0
x3001c0s7b0n0:36079:39292 [3] NCCL INFO Pattern 3, crossNic 0, nChannels 0, bw 0.000000/0.000000, type NVL/PIX, sameChannels 1
x3001c0s7b0n0:36065:39291 [0] NCCL INFO Tree 0 : 0 -> 16 -> 17/-1/-1
x3001c0s7b0n0:36065:39291 [0] NCCL INFO Tree 2 : 12 -> 16 -> 17/-1/-1
x3001c0s7b0n0:36065:39291 [0] NCCL INFO Tree 1 : 0 -> 16 -> 17/-1/-1
x3001c0s7b0n0:36065:39291 [0] NCCL INFO Tree 3 : 12 -> 16 -> 17/-1/-1
x3001c0s7b0n0:36065:39291 [0] NCCL INFO Ring 00 : 17 -> 16 -> 18
x3001c0s7b0n0:36065:39291 [0] NCCL INFO Ring 01 : 17 -> 16 -> 18
x3001c0s7b0n0:36065:39291 [0] NCCL INFO Ring 02 : 17 -> 16 -> 18
x3001c0s7b0n0:36065:39291 [0] NCCL INFO Ring 03 : 17 -> 16 -> 18
x3001c0s7b0n0:36065:39291 [0] NCCL INFO Trees [0] 17/-1/-1->16->0 [1] 17/-1/-1->16->0 [2] 17/-1/-1->16->12 [3] 17/-1/-1->16->12
x3001c0s7b0n0:36065:39291 [0] NCCL INFO misc/utils.cc:235 memory stack hunk malloc(65536)
x3001c0s7b0n0:36065:39291 [0] NCCL INFO channel.cc:23 Cuda Alloc Size 8064 pointer 0x145ea3809e00
x3001c0s7b0n0:36065:39291 [0] NCCL INFO channel.cc:27 Cuda Alloc Size 80 pointer 0x145ea380be00
x3001c0s7b0n0:36065:39291 [0] NCCL INFO channel.cc:23 Cuda Alloc Size 8064 pointer 0x145ea380c000
x3001c0s7b0n0:36065:39291 [0] NCCL INFO channel.cc:27 Cuda Alloc Size 80 pointer 0x145ea380e000
x3001c0s7b0n0:36065:39291 [0] NCCL INFO channel.cc:23 Cuda Alloc Size 8064 pointer 0x145ea380e200
x3001c0s7b0n0:36065:39291 [0] NCCL INFO channel.cc:27 Cuda Alloc Size 80 pointer 0x145ea3810200
x3001c0s7b0n0:36065:39291 [0] NCCL INFO channel.cc:23 Cuda Alloc Size 8064 pointer 0x145ea3810400
x3001c0s7b0n0:36065:39291 [0] NCCL INFO channel.cc:27 Cuda Alloc Size 80 pointer 0x145ea3812400
x3001c0s7b0n0:36065:39291 [0] NCCL INFO Channel 00/0 : 16[7000] -> 18[85000] via P2P/IPC/read
x3001c0s7b0n0:36065:39423 [0] NCCL INFO Mem Realloc old size 0, new size 8 pointer 0x145c78000c60
x3001c0s7b0n0:36065:39423 [0] NCCL INFO New proxy send connection 0 from local rank 0, transport 0
x3001c0s7b0n0:36070:39287 [1] NCCL INFO Tree 0 : 16 -> 17 -> 18/8/-1
x3001c0s7b0n0:36070:39287 [1] NCCL INFO Tree 2 : 16 -> 17 -> 18/-1/-1
x3001c0s7b0n0:36070:39287 [1] NCCL INFO Tree 1 : 16 -> 17 -> 18/8/-1
x3001c0s7b0n0:36070:39287 [1] NCCL INFO Tree 3 : 16 -> 17 -> 18/-1/-1
x3001c0s7b0n0:36070:39287 [1] NCCL INFO Ring 00 : 15 -> 17 -> 16
x3001c0s7b0n0:36070:39287 [1] NCCL INFO Ring 01 : 15 -> 17 -> 16
x3001c0s7b0n0:36070:39287 [1] NCCL INFO Ring 02 : 15 -> 17 -> 16
x3001c0s7b0n0:36070:39287 [1] NCCL INFO Ring 03 : 15 -> 17 -> 16
x3001c0s7b0n0:36070:39287 [1] NCCL INFO Trees [0] 18/8/-1->17->16 [1] 18/8/-1->17->16 [2] 18/-1/-1->17->16 [3] 18/-1/-1->17->16
x3001c0s7b0n0:36070:39287 [1] NCCL INFO misc/utils.cc:235 memory stack hunk malloc(65536)
x3001c0s7b0n0:36070:39287 [1] NCCL INFO channel.cc:23 Cuda Alloc Size 8064 pointer 0x152e89809e00
x3001c0s7b0n0:36070:39287 [1] NCCL INFO channel.cc:27 Cuda Alloc Size 80 pointer 0x152e8980be00
x3001c0s7b0n0:36070:39287 [1] NCCL INFO channel.cc:23 Cuda Alloc Size 8064 pointer 0x152e8980c000
x3001c0s7b0n0:36070:39287 [1] NCCL INFO channel.cc:27 Cuda Alloc Size 80 pointer 0x152e8980e000
x3001c0s7b0n0:36070:39287 [1] NCCL INFO channel.cc:23 Cuda Alloc Size 8064 pointer 0x152e8980e200
x3001c0s7b0n0:36070:39287 [1] NCCL INFO channel.cc:27 Cuda Alloc Size 80 pointer 0x152e89810200
x3001c0s7b0n0:36070:39287 [1] NCCL INFO channel.cc:23 Cuda Alloc Size 8064 pointer 0x152e89810400
x3001c0s7b0n0:36070:39287 [1] NCCL INFO channel.cc:27 Cuda Alloc Size 80 pointer 0x152e89812400
x3001c0s7b0n0:36070:39287 [1] NCCL INFO GPU Direct RDMA Disabled for GPU 46000 / HCA 1 (distance 6 > 4)
x3001c0s7b0n0:36075:39290 [2] NCCL INFO Ring 00 : 16 -> 18 -> 19
x3001c0s7b0n0:36075:39290 [2] NCCL INFO Ring 01 : 16 -> 18 -> 19
x3001c0s7b0n0:36075:39290 [2] NCCL INFO Ring 02 : 16 -> 18 -> 19
x3001c0s7b0n0:36075:39290 [2] NCCL INFO Ring 03 : 16 -> 18 -> 19
x3001c0s7b0n0:36075:39290 [2] NCCL INFO Trees [0] 19/-1/-1->18->17 [1] 19/-1/-1->18->17 [2] 19/-1/-1->18->17 [3] 19/-1/-1->18->17
x3001c0s7b0n0:36075:39290 [2] NCCL INFO misc/utils.cc:235 memory stack hunk malloc(65536)
x3001c0s7b0n0:36075:39290 [2] NCCL INFO channel.cc:23 Cuda Alloc Size 8064 pointer 0x14cab5809e00
x3001c0s7b0n0:36075:39290 [2] NCCL INFO channel.cc:27 Cuda Alloc Size 80 pointer 0x14cab580be00
x3001c0s7b0n0:36075:39290 [2] NCCL INFO channel.cc:23 Cuda Alloc Size 8064 pointer 0x14cab580c000
x3001c0s7b0n0:36075:39290 [2] NCCL INFO channel.cc:27 Cuda Alloc Size 80 pointer 0x14cab580e000
x3001c0s7b0n0:36075:39290 [2] NCCL INFO channel.cc:23 Cuda Alloc Size 8064 pointer 0x14cab580e200
x3001c0s7b0n0:36075:39290 [2] NCCL INFO channel.cc:27 Cuda Alloc Size 80 pointer 0x14cab5810200
x3001c0s7b0n0:36075:39290 [2] NCCL INFO channel.cc:23 Cuda Alloc Size 8064 pointer 0x14cab5810400
x3001c0s7b0n0:36075:39290 [2] NCCL INFO channel.cc:27 Cuda Alloc Size 80 pointer 0x14cab5812400
x3001c0s7b0n0:36075:39290 [2] NCCL INFO Channel 00/0 : 18[85000] -> 19[c7000] via P2P/IPC/read
x3001c0s7b0n0:36070:39429 [1] NCCL INFO Mem Realloc old size 0, new size 8 pointer 0x152c54000c60
x3001c0s7b0n0:36070:39429 [1] NCCL INFO Allocated 4194656 bytes of shared memory in /dev/shm/nccl-PBNMQD

x3001c0s7b0n0:36070:39429 [1] NCCL INFO New proxy recv connection 0 from local rank 1, transport 2
x3001c0s7b0n0:36075:39433 [2] NCCL INFO Mem Realloc old size 0, new size 8 pointer 0x14c880000c60
x3001c0s7b0n0:36075:39433 [2] NCCL INFO New proxy send connection 0 from local rank 2, transport 0
x3001c0s7b0n0:36079:39292 [3] NCCL INFO Ring 00 : 18 -> 19 -> 1
x3001c0s7b0n0:36079:39292 [3] NCCL INFO Ring 01 : 18 -> 19 -> 1
x3001c0s7b0n0:36079:39292 [3] NCCL INFO Ring 02 : 18 -> 19 -> 1
x3001c0s7b0n0:36079:39292 [3] NCCL INFO Ring 03 : 18 -> 19 -> 1
x3001c0s7b0n0:36079:39292 [3] NCCL INFO Trees [0] -1/-1/-1->19->18 [1] -1/-1/-1->19->18 [2] -1/-1/-1->19->18 [3] -1/-1/-1->19->18
x3001c0s7b0n0:36079:39292 [3] NCCL INFO misc/utils.cc:235 memory stack hunk malloc(65536)
x3001c0s7b0n0:36079:39292 [3] NCCL INFO channel.cc:23 Cuda Alloc Size 8064 pointer 0x150381809e00
x3001c0s7b0n0:36079:39292 [3] NCCL INFO channel.cc:27 Cuda Alloc Size 80 pointer 0x15038180be00
x3001c0s7b0n0:36079:39292 [3] NCCL INFO channel.cc:23 Cuda Alloc Size 8064 pointer 0x15038180c000
x3001c0s7b0n0:36079:39292 [3] NCCL INFO channel.cc:27 Cuda Alloc Size 80 pointer 0x15038180e000
x3001c0s7b0n0:36079:39292 [3] NCCL INFO channel.cc:23 Cuda Alloc Size 8064 pointer 0x15038180e200
x3001c0s7b0n0:36079:39292 [3] NCCL INFO channel.cc:27 Cuda Alloc Size 80 pointer 0x150381810200
x3001c0s7b0n0:36079:39292 [3] NCCL INFO channel.cc:23 Cuda Alloc Size 8064 pointer 0x150381810400
x3001c0s7b0n0:36079:39292 [3] NCCL INFO channel.cc:27 Cuda Alloc Size 80 pointer 0x150381812400
x3001c0s7b0n0:36079:39434 [3] NCCL INFO Mem Realloc old size 0, new size 8 pointer 0x150154000c60
x3001c0s7b0n0:36079:39434 [3] NCCL INFO New proxy recv connection 0 from local rank 3, transport 0
x3001c0s7b0n0:36065:39291 [0] NCCL INFO Connection to proxy localRank 0 -> connection 0x145c78000c80
x3001c0s7b0n0:36065:39423 [0] NCCL INFO transport/p2p.cc:430 Cuda Alloc Size 6291456 pointer 0x145c7fa00000
x3001c0s7b0n0:36070:39287 [1] NCCL INFO Connection to proxy localRank 1 -> connection 0x152c54000c80
x3001c0s7b0n0:36075:39290 [2] NCCL INFO Connection to proxy localRank 2 -> connection 0x14c880000c80
x3001c0s7b0n0:36075:39433 [2] NCCL INFO transport/p2p.cc:430 Cuda Alloc Size 6291456 pointer 0x14c891a00000
x3001c0s7b0n0:36079:39292 [3] NCCL INFO Connection to proxy localRank 3 -> connection 0x150154000c80
x3001c0s7b0n0:36079:39434 [3] NCCL INFO transport/p2p.cc:449 Cuda Alloc Size 6291456 pointer 0x150165a00000
x3001c0s7b0n0:36065:39291 [0] NCCL INFO Channel 01/0 : 16[7000] -> 18[85000] via P2P/IPC/read
x3001c0s7b0n0:36065:39423 [0] NCCL INFO New proxy send connection 1 from local rank 0, transport 0
x3001c0s7b0n0:36070:39287 [1] NCCL INFO Channel 00/0 : 15[c7000] -> 17[46000] [receive] via NET/IB/1
x3001c0s7b0n0:36070:39287 [1] NCCL INFO GPU Direct RDMA Disabled for GPU 46000 / HCA 0 (distance 7 > 4)
x3001c0s7b0n0:36070:39429 [1] NCCL INFO New proxy recv connection 1 from local rank 1, transport 2
x3001c0s7b0n0:36075:39290 [2] NCCL INFO Channel 01/0 : 18[85000] -> 19[c7000] via P2P/IPC/read
x3001c0s7b0n0:36075:39433 [2] NCCL INFO New proxy send connection 1 from local rank 2, transport 0
x3001c0s7b0n0:36075:39290 [2] NCCL INFO Connection to proxy localRank 2 -> connection 0x14c880000cc0
x3001c0s7b0n0:36070:39287 [1] NCCL INFO Connection to proxy localRank 1 -> connection 0x152c54000cc0
x3001c0s7b0n0:36065:39291 [0] NCCL INFO Connection to proxy localRank 0 -> connection 0x145c78000cc0
x3001c0s7b0n0:36065:39423 [0] NCCL INFO transport/p2p.cc:430 Cuda Alloc Size 6291456 pointer 0x145c81400000
x3001c0s7b0n0:36079:39434 [3] NCCL INFO New proxy recv connection 1 from local rank 3, transport 0
x3001c0s7b0n0:36075:39433 [2] NCCL INFO transport/p2p.cc:430 Cuda Alloc Size 6291456 pointer 0x14c892e00000
x3001c0s7b0n0:36070:39287 [1] NCCL INFO Channel 01/0 : 15[c7000] -> 17[46000] [receive] via NET/IB/0
x3001c0s7b0n0:36070:39287 [1] NCCL INFO GPU Direct RDMA Disabled for GPU 46000 / HCA 1 (distance 6 > 4)
x3001c0s7b0n0:36070:39429 [1] NCCL INFO New proxy recv connection 2 from local rank 1, transport 2
x3001c0s7b0n0:36065:39291 [0] NCCL INFO Channel 02/0 : 16[7000] -> 18[85000] via P2P/IPC/read
x3001c0s7b0n0:36065:39423 [0] NCCL INFO New proxy send connection 2 from local rank 0, transport 0
x3001c0s7b0n0:36079:39292 [3] NCCL INFO Connection to proxy localRank 3 -> connection 0x150154000cc0
x3001c0s7b0n0:36079:39434 [3] NCCL INFO transport/p2p.cc:449 Cuda Alloc Size 6291456 pointer 0x150167400000
x3001c0s7b0n0:36075:39290 [2] NCCL INFO Channel 02/0 : 18[85000] -> 19[c7000] via P2P/IPC/read
x3001c0s7b0n0:36075:39433 [2] NCCL INFO New proxy send connection 2 from local rank 2, transport 0
x3001c0s7b0n0:36070:39287 [1] NCCL INFO Connection to proxy localRank 1 -> connection 0x152c54000d00
x3001c0s7b0n0:36065:39291 [0] NCCL INFO Connection to proxy localRank 0 -> connection 0x145c78000d00
x3001c0s7b0n0:36065:39423 [0] NCCL INFO transport/p2p.cc:430 Cuda Alloc Size 6291456 pointer 0x145c81a00000
x3001c0s7b0n0:36079:39434 [3] NCCL INFO New proxy recv connection 2 from local rank 3, transport 0
x3001c0s7b0n0:36075:39290 [2] NCCL INFO Connection to proxy localRank 2 -> connection 0x14c880000d00
x3001c0s7b0n0:36075:39433 [2] NCCL INFO transport/p2p.cc:430 Cuda Alloc Size 6291456 pointer 0x14c893400000
x3001c0s7b0n0:36070:39287 [1] NCCL INFO Channel 02/0 : 15[c7000] -> 17[46000] [receive] via NET/IB/1
x3001c0s7b0n0:36070:39287 [1] NCCL INFO GPU Direct RDMA Disabled for GPU 46000 / HCA 0 (distance 7 > 4)
x3001c0s7b0n0:36070:39429 [1] NCCL INFO New proxy recv connection 3 from local rank 1, transport 2
x3001c0s7b0n0:36065:39291 [0] NCCL INFO Channel 03/0 : 16[7000] -> 18[85000] via P2P/IPC/read
x3001c0s7b0n0:36065:39423 [0] NCCL INFO New proxy send connection 3 from local rank 0, transport 0
x3001c0s7b0n0:36079:39292 [3] NCCL INFO Connection to proxy localRank 3 -> connection 0x150154000d00
x3001c0s7b0n0:36079:39434 [3] NCCL INFO transport/p2p.cc:449 Cuda Alloc Size 6291456 pointer 0x150167a00000
x3001c0s7b0n0:36075:39290 [2] NCCL INFO Channel 03/0 : 18[85000] -> 19[c7000] via P2P/IPC/read
x3001c0s7b0n0:36075:39433 [2] NCCL INFO New proxy send connection 3 from local rank 2, transport 0
x3001c0s7b0n0:36070:39287 [1] NCCL INFO Connection to proxy localRank 1 -> connection 0x152c54000d40
x3001c0s7b0n0:36065:39291 [0] NCCL INFO Connection to proxy localRank 0 -> connection 0x145c78000d40
x3001c0s7b0n0:36065:39423 [0] NCCL INFO transport/p2p.cc:430 Cuda Alloc Size 6291456 pointer 0x145c83a00000
x3001c0s7b0n0:36079:39434 [3] NCCL INFO New proxy recv connection 3 from local rank 3, transport 0
x3001c0s7b0n0:36075:39290 [2] NCCL INFO Connection to proxy localRank 2 -> connection 0x14c880000d40
x3001c0s7b0n0:36075:39433 [2] NCCL INFO transport/p2p.cc:430 Cuda Alloc Size 6291456 pointer 0x14c893a00000
x3001c0s7b0n0:36070:39287 [1] NCCL INFO Channel 03/0 : 15[c7000] -> 17[46000] [receive] via NET/IB/0
x3001c0s7b0n0:36079:39292 [3] NCCL INFO Connection to proxy localRank 3 -> connection 0x150154000d40
x3001c0s7b0n0:36079:39434 [3] NCCL INFO transport/p2p.cc:449 Cuda Alloc Size 6291456 pointer 0x150169a00000
x3001c0s7b0n0:36079:39292 [3] NCCL INFO GPU Direct RDMA Disabled for GPU c7000 / HCA 1 (distance 7 > 4)
x3001c0s7b0n0:36079:39434 [3] NCCL INFO Allocated 4194656 bytes of shared memory in /dev/shm/nccl-EF7gyj

x3001c0s7b0n0:36079:39434 [3] NCCL INFO New proxy send connection 4 from local rank 3, transport 2
x3001c0s7b0n0:36075:39433 [2] NCCL INFO New proxy recv connection 4 from local rank 2, transport 0
x3001c0s7b0n0:36075:39290 [2] NCCL INFO Connection to proxy localRank 2 -> connection 0x14c880000d80
x3001c0s7b0n0:36075:39433 [2] NCCL INFO transport/p2p.cc:449 Cuda Alloc Size 6291456 pointer 0x14c89b400000
x3001c0s7b0n0:36079:39292 [3] NCCL INFO Connection to proxy localRank 3 -> connection 0x150154000d80
x3001c0s7b0n0:36079:39292 [3] NCCL INFO Channel 00/0 : 19[c7000] -> 1[46000] [send] via NET/IB/1
x3001c0s7b0n0:36079:39292 [3] NCCL INFO GPU Direct RDMA Disabled for GPU c7000 / HCA 0 (distance 6 > 4)
x3001c0s7b0n0:36079:39434 [3] NCCL INFO New proxy send connection 5 from local rank 3, transport 2
x3001c0s7b0n0:36075:39433 [2] NCCL INFO New proxy recv connection 5 from local rank 2, transport 0
x3001c0s7b0n0:36075:39290 [2] NCCL INFO Connection to proxy localRank 2 -> connection 0x14c880000dc0
x3001c0s7b0n0:36075:39433 [2] NCCL INFO transport/p2p.cc:449 Cuda Alloc Size 6291456 pointer 0x14c89ba00000
x3001c0s7b0n0:36079:39292 [3] NCCL INFO Connection to proxy localRank 3 -> connection 0x150154000dc0
x3001c0s7b0n0:36079:39292 [3] NCCL INFO Channel 01/0 : 19[c7000] -> 1[46000] [send] via NET/IB/0
x3001c0s7b0n0:36079:39292 [3] NCCL INFO GPU Direct RDMA Disabled for GPU c7000 / HCA 1 (distance 7 > 4)
x3001c0s7b0n0:36070:39429 [1] NCCL INFO transport/net_ib.cc:683 Ib Alloc Size 21688 pointer 0x152c5401d000
x3001c0s7b0n0:36070:39429 [1] NCCL INFO transport/net_ib.cc:696 Ib Alloc Size 552 pointer 0x152c54024000
x3001c0s7b0n0:36079:39434 [3] NCCL INFO New proxy send connection 6 from local rank 3, transport 2
x3001c0s7b0n0:36075:39433 [2] NCCL INFO New proxy recv connection 6 from local rank 2, transport 0
x3001c0s7b0n0:36075:39290 [2] NCCL INFO Connection to proxy localRank 2 -> connection 0x14c880000e00
x3001c0s7b0n0:36075:39433 [2] NCCL INFO transport/p2p.cc:449 Cuda Alloc Size 6291456 pointer 0x14c89da00000
x3001c0s7b0n0:36079:39292 [3] NCCL INFO Connection to proxy localRank 3 -> connection 0x150154000e00
x3001c0s7b0n0:36079:39292 [3] NCCL INFO Channel 02/0 : 19[c7000] -> 1[46000] [send] via NET/IB/1
x3001c0s7b0n0:36079:39292 [3] NCCL INFO GPU Direct RDMA Disabled for GPU c7000 / HCA 0 (distance 6 > 4)
x3001c0s7b0n0:36079:39434 [3] NCCL INFO New proxy send connection 7 from local rank 3, transport 2
x3001c0s7b0n0:36070:39429 [1] NCCL INFO transport/net_ib.cc:771 Ib Alloc Size 552 pointer 0x152c54041000
x3001c0s7b0n0:36070:39429 [1] NCCL INFO transport/net.cc:698 Cuda Host Alloc Size 9641984 pointer 0x152c66e00000
x3001c0s7b0n0:36070:39429 [1] NCCL INFO transport/net_ib.cc:683 Ib Alloc Size 21688 pointer 0x152c54043000
x3001c0s7b0n0:36070:39429 [1] NCCL INFO transport/net_ib.cc:696 Ib Alloc Size 552 pointer 0x152c5404a000
x3001c0s7b0n0:36079:39292 [3] NCCL INFO Connection to proxy localRank 3 -> connection 0x150154000e40
x3001c0s7b0n0:36079:39292 [3] NCCL INFO Channel 03/0 : 19[c7000] -> 1[46000] [send] via NET/IB/0
x3001c0s7b0n0:36079:39434 [3] NCCL INFO transport/net_ib.cc:596 Ib Alloc Size 26560 pointer 0x15015401f000
x3001c0s7b0n0:36075:39433 [2] NCCL INFO New proxy recv connection 7 from local rank 2, transport 0
x3001c0s7b0n0:36070:39429 [1] NCCL INFO transport/net_ib.cc:771 Ib Alloc Size 552 pointer 0x152c54065000
x3001c0s7b0n0:36070:39429 [1] NCCL INFO transport/net.cc:698 Cuda Host Alloc Size 9641984 pointer 0x152c69400000
x3001c0s7b0n0:36070:39429 [1] NCCL INFO transport/net_ib.cc:683 Ib Alloc Size 21688 pointer 0x152c54067000
x3001c0s7b0n0:36070:39429 [1] NCCL INFO transport/net_ib.cc:696 Ib Alloc Size 552 pointer 0x152c5406e000
x3001c0s7b0n0:36075:39290 [2] NCCL INFO Connection to proxy localRank 2 -> connection 0x14c880000e40
x3001c0s7b0n0:36075:39433 [2] NCCL INFO transport/p2p.cc:449 Cuda Alloc Size 6291456 pointer 0x14c89fa00000
x3001c0s7b0n0:36079:39434 [3] NCCL INFO NET/IB: Dev 1 Port 1 qpn 29185 mtu 5 GID 0 (80FE/6E0000FEFF000000)
x3001c0s7b0n0:36079:39434 [3] NCCL INFO transport/net_ib.cc:653 Ib Alloc Size 552 pointer 0x150154037000
x3001c0s7b0n0:36079:39434 [3] NCCL INFO transport/net.cc:571 Cuda Host Alloc Size 9641984 pointer 0x150175400000
x3001c0s7b0n0:36070:39429 [1] NCCL INFO transport/net_ib.cc:771 Ib Alloc Size 552 pointer 0x152c54089000
x3001c0s7b0n0:36070:39429 [1] NCCL INFO transport/net.cc:698 Cuda Host Alloc Size 9641984 pointer 0x152c6f400000
x3001c0s7b0n0:36070:39429 [1] NCCL INFO transport/net_ib.cc:683 Ib Alloc Size 21688 pointer 0x152c5408b000
x3001c0s7b0n0:36079:39434 [3] NCCL INFO transport/net_ib.cc:596 Ib Alloc Size 26560 pointer 0x150154039000
x3001c0s7b0n0:36079:39434 [3] NCCL INFO NET/IB: Dev 0 Port 1 qpn 30162 mtu 5 GID 0 (80FE/2E0000FEFF000000)
x3001c0s7b0n0:36079:39434 [3] NCCL INFO transport/net_ib.cc:653 Ib Alloc Size 552 pointer 0x150154050000
x3001c0s7b0n0:36079:39434 [3] NCCL INFO transport/net.cc:571 Cuda Host Alloc Size 9641984 pointer 0x15017b400000
x3001c0s7b0n0:36075:39290 [2] NCCL INFO Connected all rings
x3001c0s7b0n0:36065:39423 [0] NCCL INFO New proxy recv connection 4 from local rank 0, transport 0
x3001c0s7b0n0:36075:39433 [2] NCCL INFO New proxy recv connection 8 from local rank 2, transport 0
x3001c0s7b0n0:36079:39434 [3] NCCL INFO transport/net_ib.cc:596 Ib Alloc Size 26560 pointer 0x150154052000
x3001c0s7b0n0:36079:39434 [3] NCCL INFO NET/IB: Dev 1 Port 1 qpn 29188 mtu 5 GID 0 (80FE/6E0000FEFF000000)
x3001c0s7b0n0:36079:39434 [3] NCCL INFO transport/net_ib.cc:653 Ib Alloc Size 552 pointer 0x150154069000
x3001c0s7b0n0:36079:39434 [3] NCCL INFO transport/net.cc:571 Cuda Host Alloc Size 9641984 pointer 0x150181400000
x3001c0s7b0n0:36065:39291 [0] NCCL INFO Connection to proxy localRank 0 -> connection 0x145c78000d80
x3001c0s7b0n0:36065:39423 [0] NCCL INFO transport/p2p.cc:449 Cuda Alloc Size 6291456 pointer 0x145c8ba00000
x3001c0s7b0n0:36070:39429 [1] NCCL INFO transport/net_ib.cc:696 Ib Alloc Size 552 pointer 0x152c54092000
x3001c0s7b0n0:36079:39434 [3] NCCL INFO transport/net_ib.cc:596 Ib Alloc Size 26560 pointer 0x15015406b000
x3001c0s7b0n0:36075:39290 [2] NCCL INFO Connection to proxy localRank 2 -> connection 0x14c880000e80
x3001c0s7b0n0:36075:39433 [2] NCCL INFO transport/p2p.cc:449 Cuda Alloc Size 6291456 pointer 0x14c8a7400000
x3001c0s7b0n0:36079:39434 [3] NCCL INFO NET/IB: Dev 0 Port 1 qpn 30164 mtu 5 GID 0 (80FE/2E0000FEFF000000)
x3001c0s7b0n0:36079:39434 [3] NCCL INFO transport/net_ib.cc:653 Ib Alloc Size 552 pointer 0x150154082000
x3001c0s7b0n0:36070:39429 [1] NCCL INFO transport/net_ib.cc:771 Ib Alloc Size 552 pointer 0x152c540ad000
x3001c0s7b0n0:36070:39429 [1] NCCL INFO transport/net.cc:698 Cuda Host Alloc Size 9641984 pointer 0x152c75400000
x3001c0s7b0n0:36079:39434 [3] NCCL INFO transport/net.cc:571 Cuda Host Alloc Size 9641984 pointer 0x150187400000
x3001c0s7b0n0:36065:39423 [0] NCCL INFO New proxy recv connection 5 from local rank 0, transport 0
x3001c0s7b0n0:36070:39287 [1] NCCL INFO Channel 00/0 : 17[46000] -> 16[7000] via P2P/IPC/read
x3001c0s7b0n0:36070:39429 [1] NCCL INFO New proxy send connection 4 from local rank 1, transport 0
x3001c0s7b0n0:36075:39433 [2] NCCL INFO New proxy recv connection 9 from local rank 2, transport 0
x3001c0s7b0n0:36070:39287 [1] NCCL INFO Connection to proxy localRank 1 -> connection 0x152c54000d80
x3001c0s7b0n0:36070:39429 [1] NCCL INFO transport/p2p.cc:430 Cuda Alloc Size 6291456 pointer 0x152c65a00000
x3001c0s7b0n0:36070:39287 [1] NCCL INFO Channel 01/0 : 17[46000] -> 16[7000] via P2P/IPC/read
x3001c0s7b0n0:36075:39290 [2] NCCL INFO Connection to proxy localRank 2 -> connection 0x14c880000ec0
x3001c0s7b0n0:36075:39433 [2] NCCL INFO transport/p2p.cc:449 Cuda Alloc Size 6291456 pointer 0x14c8a7a00000
x3001c0s7b0n0:36079:39292 [3] NCCL INFO Connected all rings
x3001c0s7b0n0:36079:39292 [3] NCCL INFO Channel 00/0 : 19[c7000] -> 18[85000] via P2P/IPC/read
x3001c0s7b0n0:36079:39434 [3] NCCL INFO New proxy send connection 8 from local rank 3, transport 0
x3001c0s7b0n0:36065:39291 [0] NCCL INFO Connection to proxy localRank 0 -> connection 0x145c78000dc0
x3001c0s7b0n0:36065:39423 [0] NCCL INFO transport/p2p.cc:449 Cuda Alloc Size 6291456 pointer 0x145c8f400000
x3001c0s7b0n0:36079:39292 [3] NCCL INFO Connection to proxy localRank 3 -> connection 0x150154000e80
x3001c0s7b0n0:36079:39434 [3] NCCL INFO transport/p2p.cc:430 Cuda Alloc Size 6291456 pointer 0x150171a00000
x3001c0s7b0n0:36079:39292 [3] NCCL INFO Channel 01/0 : 19[c7000] -> 18[85000] via P2P/IPC/read
x3001c0s7b0n0:36079:39434 [3] NCCL INFO New proxy send connection 9 from local rank 3, transport 0
x3001c0s7b0n0:36075:39433 [2] NCCL INFO New proxy recv connection 10 from local rank 2, transport 0
x3001c0s7b0n0:36065:39423 [0] NCCL INFO New proxy recv connection 6 from local rank 0, transport 0
x3001c0s7b0n0:36079:39292 [3] NCCL INFO Connection to proxy localRank 3 -> connection 0x150154000ec0
x3001c0s7b0n0:36070:39429 [1] NCCL INFO New proxy send connection 5 from local rank 1, transport 0
x3001c0s7b0n0:36075:39290 [2] NCCL INFO Connection to proxy localRank 2 -> connection 0x14c880000f00
x3001c0s7b0n0:36075:39433 [2] NCCL INFO transport/p2p.cc:449 Cuda Alloc Size 6291456 pointer 0x14c8a9a00000
x3001c0s7b0n0:36065:39291 [0] NCCL INFO Connection to proxy localRank 0 -> connection 0x145c78000e00
x3001c0s7b0n0:36065:39423 [0] NCCL INFO transport/p2p.cc:449 Cuda Alloc Size 6291456 pointer 0x145c8fa00000
x3001c0s7b0n0:36070:39287 [1] NCCL INFO Connection to proxy localRank 1 -> connection 0x152c54000dc0
x3001c0s7b0n0:36070:39429 [1] NCCL INFO transport/p2p.cc:430 Cuda Alloc Size 6291456 pointer 0x152c67800000
x3001c0s7b0n0:36065:39423 [0] NCCL INFO New proxy recv connection 7 from local rank 0, transport 0
x3001c0s7b0n0:36075:39433 [2] NCCL INFO New proxy recv connection 11 from local rank 2, transport 0
x3001c0s7b0n0:36079:39434 [3] NCCL INFO transport/p2p.cc:430 Cuda Alloc Size 6291456 pointer 0x150177a00000
x3001c0s7b0n0:36070:39287 [1] NCCL INFO Channel 02/0 : 17[46000] -> 16[7000] via P2P/IPC/read
x3001c0s7b0n0:36070:39429 [1] NCCL INFO New proxy send connection 6 from local rank 1, transport 0
x3001c0s7b0n0:36079:39292 [3] NCCL INFO Channel 02/0 : 19[c7000] -> 18[85000] via P2P/IPC/read
x3001c0s7b0n0:36079:39434 [3] NCCL INFO New proxy send connection 10 from local rank 3, transport 0
x3001c0s7b0n0:36075:39290 [2] NCCL INFO Connection to proxy localRank 2 -> connection 0x14c880000f40
x3001c0s7b0n0:36075:39433 [2] NCCL INFO transport/p2p.cc:449 Cuda Alloc Size 6291456 pointer 0x14c8aba00000
x3001c0s7b0n0:36065:39291 [0] NCCL INFO Connection to proxy localRank 0 -> connection 0x145c78000e40
x3001c0s7b0n0:36065:39423 [0] NCCL INFO transport/p2p.cc:449 Cuda Alloc Size 6291456 pointer 0x145c91a00000
x3001c0s7b0n0:36070:39287 [1] NCCL INFO Connection to proxy localRank 1 -> connection 0x152c54000e00
x3001c0s7b0n0:36070:39429 [1] NCCL INFO transport/p2p.cc:430 Cuda Alloc Size 6291456 pointer 0x152c6ba00000
x3001c0s7b0n0:36079:39292 [3] NCCL INFO Connection to proxy localRank 3 -> connection 0x150154000f00
x3001c0s7b0n0:36079:39434 [3] NCCL INFO transport/p2p.cc:430 Cuda Alloc Size 6291456 pointer 0x150179a00000
x3001c0s7b0n0:36070:39287 [1] NCCL INFO Channel 03/0 : 17[46000] -> 16[7000] via P2P/IPC/read
x3001c0s7b0n0:36070:39429 [1] NCCL INFO New proxy send connection 7 from local rank 1, transport 0
x3001c0s7b0n0:36079:39292 [3] NCCL INFO Channel 03/0 : 19[c7000] -> 18[85000] via P2P/IPC/read
x3001c0s7b0n0:36079:39434 [3] NCCL INFO New proxy send connection 11 from local rank 3, transport 0
x3001c0s7b0n0:36079:39292 [3] NCCL INFO Connection to proxy localRank 3 -> connection 0x150154000f40
x3001c0s7b0n0:36079:39434 [3] NCCL INFO transport/p2p.cc:430 Cuda Alloc Size 6291456 pointer 0x15017da00000
x3001c0s7b0n0:36070:39287 [1] NCCL INFO Connection to proxy localRank 1 -> connection 0x152c54000e40
x3001c0s7b0n0:36070:39429 [1] NCCL INFO transport/p2p.cc:430 Cuda Alloc Size 6291456 pointer 0x152c6da00000
x3001c0s7b0n0:36070:39287 [1] NCCL INFO Connected all rings
x3001c0s7b0n0:36065:39291 [0] NCCL INFO Connected all rings
x3001c0s7b0n0:36065:39291 [0] NCCL INFO Channel 00/0 : 16[7000] -> 17[46000] via P2P/IPC/read
x3001c0s7b0n0:36065:39423 [0] NCCL INFO New proxy send connection 8 from local rank 0, transport 0
x3001c0s7b0n0:36065:39291 [0] NCCL INFO Connection to proxy localRank 0 -> connection 0x145c78000e80
x3001c0s7b0n0:36065:39423 [0] NCCL INFO transport/p2p.cc:430 Cuda Alloc Size 6291456 pointer 0x145c99a00000
x3001c0s7b0n0:36065:39291 [0] NCCL INFO Channel 01/0 : 16[7000] -> 17[46000] via P2P/IPC/read
x3001c0s7b0n0:36065:39423 [0] NCCL INFO New proxy send connection 9 from local rank 0, transport 0
x3001c0s7b0n0:36065:39291 [0] NCCL INFO Connection to proxy localRank 0 -> connection 0x145c78000ec0
x3001c0s7b0n0:36070:39429 [1] NCCL INFO New proxy recv connection 8 from local rank 1, transport 0
x3001c0s7b0n0:36065:39423 [0] NCCL INFO transport/p2p.cc:430 Cuda Alloc Size 6291456 pointer 0x145c9b400000
x3001c0s7b0n0:36070:39287 [1] NCCL INFO Connection to proxy localRank 1 -> connection 0x152c54000e80
x3001c0s7b0n0:36070:39429 [1] NCCL INFO transport/p2p.cc:449 Cuda Alloc Size 6291456 pointer 0x152c7b400000
x3001c0s7b0n0:36065:39291 [0] NCCL INFO Channel 02/0 : 16[7000] -> 17[46000] via P2P/IPC/read
x3001c0s7b0n0:36065:39423 [0] NCCL INFO New proxy send connection 10 from local rank 0, transport 0
x3001c0s7b0n0:36065:39291 [0] NCCL INFO Connection to proxy localRank 0 -> connection 0x145c78000f00
