x3004c0s25b0n0:45700:46808 [2] NCCL INFO Connection to proxy localRank 2 -> connection 0x14afd0000e40
x3004c0s25b0n0:45700:46977 [2] NCCL INFO transport/p2p.cc:449 Cuda Alloc Size 6291456 pointer 0x14afc6000000
x3004c0s25b0n0:45701:46978 [3] NCCL INFO transport/net_ib.cc:596 Ib Alloc Size 26560 pointer 0x14fbec044000
x3004c0s25b0n0:45700:46808 [2] NCCL INFO Connected all rings
x3004c0s25b0n0:45700:46977 [2] NCCL INFO New proxy recv connection 8 from local rank 2, transport 0
x3004c0s25b0n0:45701:46978 [3] NCCL INFO NET/IB: Dev 0 Port 1 qpn 12725 mtu 5 GID 0 (80FE/FC0100FEFF000000)
x3004c0s25b0n0:45701:46978 [3] NCCL INFO transport/net_ib.cc:653 Ib Alloc Size 552 pointer 0x14fbec065000
x3004c0s25b0n0:45701:46978 [3] NCCL INFO transport/net.cc:571 Cuda Host Alloc Size 9641984 pointer 0x14fbeb600000
x3004c0s25b0n0:45701:46978 [3] NCCL INFO Mem Realloc old size 0, new size 768 pointer 0x14fbec0521f0
x3004c0s25b0n0:45701:46978 [3] NCCL INFO transport/net_ib.cc:596 Ib Alloc Size 26560 pointer 0x14fbec067000
x3004c0s25b0n0:45698:46987 [0] NCCL INFO New proxy recv connection 4 from local rank 0, transport 0
x3004c0s25b0n0:45700:46808 [2] NCCL INFO Connection to proxy localRank 2 -> connection 0x14afd0000e80
x3004c0s25b0n0:45700:46977 [2] NCCL INFO transport/p2p.cc:449 Cuda Alloc Size 6291456 pointer 0x14afc4000000
x3004c0s25b0n0:45701:46978 [3] NCCL INFO NET/IB: Dev 1 Port 1 qpn 12700 mtu 5 GID 0 (80FE/9F0100FEFF000000)
x3004c0s25b0n0:45701:46978 [3] NCCL INFO transport/net_ib.cc:653 Ib Alloc Size 552 pointer 0x14fbec07e000
x3004c0s25b0n0:45701:46978 [3] NCCL INFO transport/net.cc:571 Cuda Host Alloc Size 9641984 pointer 0x14fbe2000000
x3004c0s25b0n0:45698:46792 [0] NCCL INFO Connection to proxy localRank 0 -> connection 0x1481d0000d80
x3004c0s25b0n0:45698:46987 [0] NCCL INFO transport/p2p.cc:449 Cuda Alloc Size 6291456 pointer 0x1481c8c00000
x3004c0s25b0n0:45699:46972 [1] NCCL INFO transport/net_ib.cc:683 Ib Alloc Size 21688 pointer 0x14efb801d000
x3004c0s25b0n0:45699:46972 [1] NCCL INFO transport/net_ib.cc:696 Ib Alloc Size 552 pointer 0x14efb8024000
x3004c0s25b0n0:45700:46977 [2] NCCL INFO New proxy recv connection 9 from local rank 2, transport 0
x3004c0s25b0n0:45701:46978 [3] NCCL INFO transport/net_ib.cc:596 Ib Alloc Size 26560 pointer 0x14fbec080000
x3004c0s25b0n0:45700:46808 [2] NCCL INFO Connection to proxy localRank 2 -> connection 0x14afd0000ec0
x3004c0s25b0n0:45700:46977 [2] NCCL INFO transport/p2p.cc:449 Cuda Alloc Size 6291456 pointer 0x14afc4600000
x3004c0s25b0n0:45698:46987 [0] NCCL INFO New proxy recv connection 5 from local rank 0, transport 0
x3004c0s25b0n0:45701:46978 [3] NCCL INFO NET/IB: Dev 0 Port 1 qpn 12726 mtu 5 GID 0 (80FE/FC0100FEFF000000)
x3004c0s25b0n0:45701:46978 [3] NCCL INFO transport/net_ib.cc:653 Ib Alloc Size 552 pointer 0x14fbec097000
x3004c0s25b0n0:45701:46978 [3] NCCL INFO transport/net.cc:571 Cuda Host Alloc Size 9641984 pointer 0x14fbe2a00000
x3004c0s25b0n0:45701:46793 [3] NCCL INFO Connected all rings
x3004c0s25b0n0:45701:46793 [3] NCCL INFO Channel 00/0 : 11[c7000] -> 10[85000] via P2P/IPC/read
x3004c0s25b0n0:45701:46978 [3] NCCL INFO New proxy send connection 8 from local rank 3, transport 0
x3004c0s25b0n0:45700:46977 [2] NCCL INFO New proxy recv connection 10 from local rank 2, transport 0
x3004c0s25b0n0:45698:46792 [0] NCCL INFO Connection to proxy localRank 0 -> connection 0x1481d0000dc0
x3004c0s25b0n0:45698:46987 [0] NCCL INFO transport/p2p.cc:449 Cuda Alloc Size 6291456 pointer 0x1481c9200000
x3004c0s25b0n0:45699:46972 [1] NCCL INFO transport/net_ib.cc:771 Ib Alloc Size 552 pointer 0x14efb804b000
x3004c0s25b0n0:45699:46972 [1] NCCL INFO transport/net.cc:698 Cuda Host Alloc Size 9641984 pointer 0x14efb6000000
x3004c0s25b0n0:45699:46972 [1] NCCL INFO Mem Realloc old size 0, new size 768 pointer 0x14efb80406b0
x3004c0s25b0n0:45699:46972 [1] NCCL INFO transport/net_ib.cc:683 Ib Alloc Size 21688 pointer 0x14efb804d000
x3004c0s25b0n0:45699:46972 [1] NCCL INFO transport/net_ib.cc:696 Ib Alloc Size 552 pointer 0x14efb8054000
x3004c0s25b0n0:45699:46972 [1] NCCL INFO transport/net_ib.cc:771 Ib Alloc Size 552 pointer 0x14efb8079000
x3004c0s25b0n0:45699:46972 [1] NCCL INFO transport/net.cc:698 Cuda Host Alloc Size 9641984 pointer 0x14efb6a00000
x3004c0s25b0n0:45699:46972 [1] NCCL INFO Mem Realloc old size 0, new size 768 pointer 0x14efb806e880
x3004c0s25b0n0:45698:46987 [0] NCCL INFO New proxy recv connection 6 from local rank 0, transport 0
x3004c0s25b0n0:45701:46793 [3] NCCL INFO Connection to proxy localRank 3 -> connection 0x14fbec000e80
x3004c0s25b0n0:45701:46978 [3] NCCL INFO transport/p2p.cc:430 Cuda Alloc Size 6291456 pointer 0x14fbe3400000
x3004c0s25b0n0:45700:46808 [2] NCCL INFO Connection to proxy localRank 2 -> connection 0x14afd0000f00
x3004c0s25b0n0:45700:46977 [2] NCCL INFO transport/p2p.cc:449 Cuda Alloc Size 6291456 pointer 0x14afc4c00000
x3004c0s25b0n0:45700:46977 [2] NCCL INFO New proxy recv connection 11 from local rank 2, transport 0
x3004c0s25b0n0:45699:46972 [1] NCCL INFO transport/net_ib.cc:683 Ib Alloc Size 21688 pointer 0x14efb807b000
x3004c0s25b0n0:45699:46972 [1] NCCL INFO transport/net_ib.cc:696 Ib Alloc Size 552 pointer 0x14efb8082000
x3004c0s25b0n0:45699:46972 [1] NCCL INFO transport/net_ib.cc:771 Ib Alloc Size 552 pointer 0x14efb809d000
x3004c0s25b0n0:45699:46972 [1] NCCL INFO transport/net.cc:698 Cuda Host Alloc Size 9641984 pointer 0x14efb7400000
x3004c0s25b0n0:45701:46793 [3] NCCL INFO Channel 01/0 : 11[c7000] -> 10[85000] via P2P/IPC/read
x3004c0s25b0n0:45701:46978 [3] NCCL INFO New proxy send connection 9 from local rank 3, transport 0
x3004c0s25b0n0:45698:46792 [0] NCCL INFO Connection to proxy localRank 0 -> connection 0x1481d0000e00
x3004c0s25b0n0:45698:46987 [0] NCCL INFO transport/p2p.cc:449 Cuda Alloc Size 6291456 pointer 0x1481c9800000
x3004c0s25b0n0:45701:46793 [3] NCCL INFO Connection to proxy localRank 3 -> connection 0x14fbec000ec0
x3004c0s25b0n0:45701:46978 [3] NCCL INFO transport/p2p.cc:430 Cuda Alloc Size 6291456 pointer 0x14fbe3a00000
x3004c0s25b0n0:45700:46808 [2] NCCL INFO Connection to proxy localRank 2 -> connection 0x14afd0000f40
x3004c0s25b0n0:45700:46977 [2] NCCL INFO transport/p2p.cc:449 Cuda Alloc Size 6291456 pointer 0x14afc5200000
x3004c0s25b0n0:45699:46972 [1] NCCL INFO transport/net_ib.cc:683 Ib Alloc Size 21688 pointer 0x14efb809f000
x3004c0s25b0n0:45699:46972 [1] NCCL INFO transport/net_ib.cc:696 Ib Alloc Size 552 pointer 0x14efb80a6000
x3004c0s25b0n0:45698:46987 [0] NCCL INFO New proxy recv connection 7 from local rank 0, transport 0
x3004c0s25b0n0:45701:46793 [3] NCCL INFO Channel 02/0 : 11[c7000] -> 10[85000] via P2P/IPC/read
x3004c0s25b0n0:45701:46978 [3] NCCL INFO New proxy send connection 10 from local rank 3, transport 0
x3004c0s25b0n0:45699:46972 [1] NCCL INFO transport/net_ib.cc:771 Ib Alloc Size 552 pointer 0x14efb80c1000
x3004c0s25b0n0:45699:46972 [1] NCCL INFO transport/net.cc:698 Cuda Host Alloc Size 9641984 pointer 0x14efb4000000
x3004c0s25b0n0:45699:46795 [1] NCCL INFO Channel 00/0 : 9[46000] -> 8[7000] via P2P/IPC/read
x3004c0s25b0n0:45699:46972 [1] NCCL INFO New proxy send connection 4 from local rank 1, transport 0
x3004c0s25b0n0:45699:46795 [1] NCCL INFO Connection to proxy localRank 1 -> connection 0x14efb8000d80
x3004c0s25b0n0:45699:46972 [1] NCCL INFO transport/p2p.cc:430 Cuda Alloc Size 6291456 pointer 0x14efb4a00000
x3004c0s25b0n0:45698:46792 [0] NCCL INFO Connection to proxy localRank 0 -> connection 0x1481d0000e40
x3004c0s25b0n0:45698:46987 [0] NCCL INFO transport/p2p.cc:449 Cuda Alloc Size 6291456 pointer 0x1481c6000000
x3004c0s25b0n0:45701:46793 [3] NCCL INFO Connection to proxy localRank 3 -> connection 0x14fbec000f00
x3004c0s25b0n0:45701:46978 [3] NCCL INFO transport/p2p.cc:430 Cuda Alloc Size 6291456 pointer 0x14fbe0000000
x3004c0s25b0n0:45701:46793 [3] NCCL INFO Channel 03/0 : 11[c7000] -> 10[85000] via P2P/IPC/read
x3004c0s25b0n0:45701:46978 [3] NCCL INFO New proxy send connection 11 from local rank 3, transport 0
x3004c0s25b0n0:45699:46795 [1] NCCL INFO Channel 01/0 : 9[46000] -> 8[7000] via P2P/IPC/read
x3004c0s25b0n0:45699:46972 [1] NCCL INFO New proxy send connection 5 from local rank 1, transport 0
x3004c0s25b0n0:45699:46795 [1] NCCL INFO Connection to proxy localRank 1 -> connection 0x14efb8000dc0
x3004c0s25b0n0:45699:46972 [1] NCCL INFO transport/p2p.cc:430 Cuda Alloc Size 6291456 pointer 0x14efb5000000
x3004c0s25b0n0:45701:46793 [3] NCCL INFO Connection to proxy localRank 3 -> connection 0x14fbec000f40
x3004c0s25b0n0:45701:46978 [3] NCCL INFO transport/p2p.cc:430 Cuda Alloc Size 6291456 pointer 0x14fbe0600000
x3004c0s25b0n0:45699:46795 [1] NCCL INFO Channel 02/0 : 9[46000] -> 8[7000] via P2P/IPC/read
x3004c0s25b0n0:45699:46972 [1] NCCL INFO New proxy send connection 6 from local rank 1, transport 0
x3004c0s25b0n0:45699:46795 [1] NCCL INFO Connection to proxy localRank 1 -> connection 0x14efb8000e00
x3004c0s25b0n0:45699:46972 [1] NCCL INFO transport/p2p.cc:430 Cuda Alloc Size 6291456 pointer 0x14efb5600000
x3004c0s25b0n0:45699:46795 [1] NCCL INFO Channel 03/0 : 9[46000] -> 8[7000] via P2P/IPC/read
x3004c0s25b0n0:45699:46972 [1] NCCL INFO New proxy send connection 7 from local rank 1, transport 0
x3004c0s25b0n0:45699:46795 [1] NCCL INFO Connection to proxy localRank 1 -> connection 0x14efb8000e40
x3004c0s25b0n0:45699:46972 [1] NCCL INFO transport/p2p.cc:430 Cuda Alloc Size 6291456 pointer 0x14efc7a00000
x3004c0s25b0n0:45699:46795 [1] NCCL INFO Connected all rings
x3004c0s25b0n0:45698:46792 [0] NCCL INFO Connected all rings
x3004c0s25b0n0:45698:46792 [0] NCCL INFO Channel 00/0 : 8[7000] -> 9[46000] via P2P/IPC/read
x3004c0s25b0n0:45698:46987 [0] NCCL INFO New proxy send connection 8 from local rank 0, transport 0
x3004c0s25b0n0:45699:46972 [1] NCCL INFO New proxy recv connection 8 from local rank 1, transport 0
x3004c0s25b0n0:45698:46792 [0] NCCL INFO Connection to proxy localRank 0 -> connection 0x1481d0000e80
x3004c0s25b0n0:45698:46987 [0] NCCL INFO transport/p2p.cc:430 Cuda Alloc Size 6291456 pointer 0x1481c4000000
x3004c0s25b0n0:45699:46795 [1] NCCL INFO Connection to proxy localRank 1 -> connection 0x14efb8000e80
x3004c0s25b0n0:45699:46972 [1] NCCL INFO transport/p2p.cc:449 Cuda Alloc Size 6291456 pointer 0x14efb3800000
x3004c0s25b0n0:45698:46792 [0] NCCL INFO Channel 01/0 : 8[7000] -> 9[46000] via P2P/IPC/read
x3004c0s25b0n0:45698:46987 [0] NCCL INFO New proxy send connection 9 from local rank 0, transport 0
x3004c0s25b0n0:45699:46972 [1] NCCL INFO New proxy recv connection 9 from local rank 1, transport 0
x3004c0s25b0n0:45698:46792 [0] NCCL INFO Connection to proxy localRank 0 -> connection 0x1481d0000ec0
x3004c0s25b0n0:45698:46987 [0] NCCL INFO transport/p2p.cc:430 Cuda Alloc Size 6291456 pointer 0x1481c4600000
x3004c0s25b0n0:45698:46792 [0] NCCL INFO Channel 02/0 : 8[7000] -> 9[46000] via P2P/IPC/read
x3004c0s25b0n0:45699:46795 [1] NCCL INFO Connection to proxy localRank 1 -> connection 0x14efb8000ec0
x3004c0s25b0n0:45699:46972 [1] NCCL INFO transport/p2p.cc:449 Cuda Alloc Size 6291456 pointer 0x14efb0000000
x3004c0s25b0n0:45698:46987 [0] NCCL INFO New proxy send connection 10 from local rank 0, transport 0
x3004c0s25b0n0:45699:46972 [1] NCCL INFO New proxy recv connection 10 from local rank 1, transport 0
x3004c0s25b0n0:45698:46792 [0] NCCL INFO Connection to proxy localRank 0 -> connection 0x1481d0000f00
x3004c0s25b0n0:45698:46987 [0] NCCL INFO transport/p2p.cc:430 Cuda Alloc Size 6291456 pointer 0x1481c4c00000
x3004c0s25b0n0:45698:46792 [0] NCCL INFO Channel 03/0 : 8[7000] -> 9[46000] via P2P/IPC/read
x3004c0s25b0n0:45698:46987 [0] NCCL INFO New proxy send connection 11 from local rank 0, transport 0
x3004c0s25b0n0:45699:46795 [1] NCCL INFO Connection to proxy localRank 1 -> connection 0x14efb8000f00
x3004c0s25b0n0:45699:46972 [1] NCCL INFO transport/p2p.cc:449 Cuda Alloc Size 6291456 pointer 0x14efb0600000
x3004c0s25b0n0:45699:46972 [1] NCCL INFO New proxy recv connection 11 from local rank 1, transport 0
x3004c0s25b0n0:45699:46795 [1] NCCL INFO Connection to proxy localRank 1 -> connection 0x14efb8000f40
x3004c0s25b0n0:45699:46972 [1] NCCL INFO transport/p2p.cc:449 Cuda Alloc Size 6291456 pointer 0x14efb0c00000
x3004c0s25b0n0:45698:46792 [0] NCCL INFO Connection to proxy localRank 0 -> connection 0x1481d0000f40
x3004c0s25b0n0:45698:46987 [0] NCCL INFO transport/p2p.cc:430 Cuda Alloc Size 6291456 pointer 0x1481c5200000
x3004c0s25b0n0:45699:46795 [1] NCCL INFO Channel 00/0 : 9[46000] -> 10[85000] via P2P/IPC/read
x3004c0s25b0n0:45699:46972 [1] NCCL INFO New proxy send connection 12 from local rank 1, transport 0
x3004c0s25b0n0:45699:46795 [1] NCCL INFO Connection to proxy localRank 1 -> connection 0x14efb8000f80
x3004c0s25b0n0:45699:46972 [1] NCCL INFO transport/p2p.cc:430 Cuda Alloc Size 6291456 pointer 0x14efb1200000
x3004c0s25b0n0:45699:46795 [1] NCCL INFO Channel 01/0 : 9[46000] -> 10[85000] via P2P/IPC/read
x3004c0s25b0n0:45699:46972 [1] NCCL INFO New proxy send connection 13 from local rank 1, transport 0
x3004c0s25b0n0:45699:46795 [1] NCCL INFO Connection to proxy localRank 1 -> connection 0x14efb8000fc0
x3004c0s25b0n0:45699:46972 [1] NCCL INFO transport/p2p.cc:430 Cuda Alloc Size 6291456 pointer 0x14efb1800000
x3004c0s25b0n0:45699:46795 [1] NCCL INFO Channel 02/0 : 9[46000] -> 10[85000] via P2P/IPC/read
x3004c0s25b0n0:45699:46972 [1] NCCL INFO New proxy send connection 14 from local rank 1, transport 0
x3004c0s25b0n0:45699:46795 [1] NCCL INFO Connection to proxy localRank 1 -> connection 0x14efb8001000
x3004c0s25b0n0:45699:46972 [1] NCCL INFO transport/p2p.cc:430 Cuda Alloc Size 6291456 pointer 0x14efae000000
x3004c0s25b0n0:45699:46795 [1] NCCL INFO Channel 03/0 : 9[46000] -> 10[85000] via P2P/IPC/read
x3004c0s25b0n0:45699:46972 [1] NCCL INFO New proxy send connection 15 from local rank 1, transport 0
x3004c0s25b0n0:45699:46795 [1] NCCL INFO Connection to proxy localRank 1 -> connection 0x14efb8001040
x3004c0s25b0n0:45699:46972 [1] NCCL INFO transport/p2p.cc:430 Cuda Alloc Size 6291456 pointer 0x14efae600000
x3004c0s25b0n0:45699:46795 [1] NCCL INFO GPU Direct RDMA Disabled for GPU 46000 / HCA 1 (distance 6 > 4)
x3004c0s25b0n0:45699:46972 [1] NCCL INFO New proxy recv connection 16 from local rank 1, transport 2
x3004c0s25b0n0:45698:46792 [0] NCCL INFO GPU Direct RDMA Disabled for GPU 7000 / HCA 1 (distance 7 > 4)
x3004c0s25b0n0:45698:46987 [0] NCCL INFO Allocated 4194656 bytes of shared memory in /dev/shm/nccl-shPpLG

x3004c0s25b0n0:45698:46987 [0] NCCL INFO New proxy send connection 12 from local rank 0, transport 2
x3004c0s25b0n0:45700:46977 [2] NCCL INFO New proxy recv connection 12 from local rank 2, transport 0
x3004c0s25b0n0:45698:46792 [0] NCCL INFO Connection to proxy localRank 0 -> connection 0x1481d0000f80
x3004c0s25b0n0:45698:46792 [0] NCCL INFO Channel 00/0 : 8[7000] -> 12[7000] [send] via NET/IB/1
x3004c0s25b0n0:45698:46792 [0] NCCL INFO GPU Direct RDMA Disabled for GPU 7000 / HCA 0 (distance 7 > 4)
x3004c0s25b0n0:45698:46987 [0] NCCL INFO New proxy send connection 13 from local rank 0, transport 2
x3004c0s25b0n0:45699:46795 [1] NCCL INFO Connection to proxy localRank 1 -> connection 0x14efb8001080
x3004c0s25b0n0:45698:46792 [0] NCCL INFO Connection to proxy localRank 0 -> connection 0x1481d0000fc0
x3004c0s25b0n0:45698:46792 [0] NCCL INFO Channel 01/0 : 8[7000] -> 12[7000] [send] via NET/IB/0
x3004c0s25b0n0:45700:46808 [2] NCCL INFO Connection to proxy localRank 2 -> connection 0x14afd0000f80
x3004c0s25b0n0:45700:46977 [2] NCCL INFO transport/p2p.cc:449 Cuda Alloc Size 6291456 pointer 0x14afc3200000
x3004c0s25b0n0:45699:46795 [1] NCCL INFO Channel 00/0 : 4[7000] -> 9[46000] [receive] via NET/IB/1
x3004c0s25b0n0:45699:46795 [1] NCCL INFO GPU Direct RDMA Disabled for GPU 46000 / HCA 0 (distance 7 > 4)
x3004c0s25b0n0:45699:46972 [1] NCCL INFO New proxy recv connection 17 from local rank 1, transport 2
x3004c0s25b0n0:45699:46795 [1] NCCL INFO Connection to proxy localRank 1 -> connection 0x14efb80010c0
x3004c0s25b0n0:45700:46977 [2] NCCL INFO New proxy recv connection 13 from local rank 2, transport 0
x3004c0s25b0n0:45699:46795 [1] NCCL INFO Channel 01/0 : 4[7000] -> 9[46000] [receive] via NET/IB/0
x3004c0s25b0n0:45700:46808 [2] NCCL INFO Connection to proxy localRank 2 -> connection 0x14afd0000fc0
x3004c0s25b0n0:45700:46977 [2] NCCL INFO transport/p2p.cc:449 Cuda Alloc Size 6291456 pointer 0x14afc3800000
x3004c0s25b0n0:45700:46977 [2] NCCL INFO New proxy recv connection 14 from local rank 2, transport 0
x3004c0s25b0n0:45700:46808 [2] NCCL INFO Connection to proxy localRank 2 -> connection 0x14afd0001000
x3004c0s25b0n0:45700:46977 [2] NCCL INFO transport/p2p.cc:449 Cuda Alloc Size 6291456 pointer 0x14afc0000000
x3004c0s25b0n0:45700:46977 [2] NCCL INFO New proxy recv connection 15 from local rank 2, transport 0
x3004c0s25b0n0:45700:46808 [2] NCCL INFO Connection to proxy localRank 2 -> connection 0x14afd0001040
x3004c0s25b0n0:45700:46977 [2] NCCL INFO transport/p2p.cc:449 Cuda Alloc Size 6291456 pointer 0x14afc0600000
x3004c0s25b0n0:45700:46808 [2] NCCL INFO Channel 00/0 : 10[85000] -> 9[46000] via P2P/IPC/read
x3004c0s25b0n0:45700:46977 [2] NCCL INFO New proxy send connection 16 from local rank 2, transport 0
x3004c0s25b0n0:45700:46808 [2] NCCL INFO Connection to proxy localRank 2 -> connection 0x14afd0001080
x3004c0s25b0n0:45700:46977 [2] NCCL INFO transport/p2p.cc:430 Cuda Alloc Size 6291456 pointer 0x14afc0c00000
x3004c0s25b0n0:45700:46808 [2] NCCL INFO Channel 01/0 : 10[85000] -> 9[46000] via P2P/IPC/read
x3004c0s25b0n0:45700:46977 [2] NCCL INFO New proxy send connection 17 from local rank 2, transport 0
x3004c0s25b0n0:45700:46808 [2] NCCL INFO Connection to proxy localRank 2 -> connection 0x14afd00010c0
x3004c0s25b0n0:45700:46977 [2] NCCL INFO transport/p2p.cc:430 Cuda Alloc Size 6291456 pointer 0x14afc1200000
x3004c0s25b0n0:45700:46808 [2] NCCL INFO Channel 02/0 : 10[85000] -> 9[46000] via P2P/IPC/read
x3004c0s25b0n0:45700:46977 [2] NCCL INFO New proxy send connection 18 from local rank 2, transport 0
x3004c0s25b0n0:45700:46808 [2] NCCL INFO Connection to proxy localRank 2 -> connection 0x14afd0001100
x3004c0s25b0n0:45700:46977 [2] NCCL INFO transport/p2p.cc:430 Cuda Alloc Size 6291456 pointer 0x14afc1800000
x3004c0s25b0n0:45700:46808 [2] NCCL INFO Channel 03/0 : 10[85000] -> 9[46000] via P2P/IPC/read
x3004c0s25b0n0:45700:46977 [2] NCCL INFO New proxy send connection 19 from local rank 2, transport 0
x3004c0s25b0n0:45700:46808 [2] NCCL INFO Connection to proxy localRank 2 -> connection 0x14afd0001140
x3004c0s25b0n0:45700:46977 [2] NCCL INFO transport/p2p.cc:430 Cuda Alloc Size 6291456 pointer 0x14afbe000000
x3004c0s25b0n0:45701:46793 [3] NCCL INFO Connected all trees by HAO
x3004c0s25b0n0:45701:46793 [3] NCCL INFO threadThresholds 8/8/64 | 160/8/64 | 512 | 512
x3004c0s25b0n0:45701:46793 [3] NCCL INFO 4 coll channels, 4 p2p channels, 2 p2p channels per peer
x3004c0s25b0n0:45701:46978 [3] NCCL INFO New proxy send connection 12 from local rank 3, transport 2
x3004c0s25b0n0:45699:46972 [1] NCCL INFO transport/net_ib.cc:683 Ib Alloc Size 21688 pointer 0x14efb80d2000
x3004c0s25b0n0:45699:46972 [1] NCCL INFO transport/net_ib.cc:696 Ib Alloc Size 552 pointer 0x14efb8019000
x3004c0s25b0n0:45698:46987 [0] NCCL INFO transport/net_ib.cc:596 Ib Alloc Size 26560 pointer 0x1481d001b000
x3004c0s25b0n0:45698:46987 [0] NCCL INFO NET/IB: Dev 1 Port 1 qpn 12705 mtu 5 GID 0 (80FE/9F0100FEFF000000)
x3004c0s25b0n0:45698:46987 [0] NCCL INFO transport/net_ib.cc:653 Ib Alloc Size 552 pointer 0x1481d003d000
x3004c0s25b0n0:45698:46987 [0] NCCL INFO transport/net.cc:571 Cuda Host Alloc Size 9641984 pointer 0x1481c3200000
x3004c0s25b0n0:45698:46987 [0] NCCL INFO Mem Realloc old size 0, new size 768 pointer 0x1481d003c3b0
x3004c0s25b0n0:45698:46987 [0] NCCL INFO transport/net_ib.cc:596 Ib Alloc Size 26560 pointer 0x1481d003f000
x3004c0s25b0n0:45699:46972 [1] NCCL INFO transport/net_ib.cc:771 Ib Alloc Size 552 pointer 0x14efb80f2000
x3004c0s25b0n0:45699:46972 [1] NCCL INFO transport/net.cc:698 Cuda Host Alloc Size 9641984 pointer 0x14efaa000000
x3004c0s25b0n0:45701:46793 [3] NCCL INFO Connection to proxy localRank 3 -> connection 0x14fbec000f80
x3004c0s25b0n0:45701:46978 [3] NCCL INFO transport/net.cc:376 Cuda Alloc Size 8388608 pointer 0x14fbde600000
x3004c0s25b0n0:45698:46987 [0] NCCL INFO NET/IB: Dev 0 Port 1 qpn 12731 mtu 5 GID 0 (80FE/FC0100FEFF000000)
x3004c0s25b0n0:45698:46987 [0] NCCL INFO transport/net_ib.cc:653 Ib Alloc Size 552 pointer 0x1481d0060000
x3004c0s25b0n0:45698:46987 [0] NCCL INFO transport/net.cc:571 Cuda Host Alloc Size 9641984 pointer 0x1481ba000000
x3004c0s25b0n0:45698:46987 [0] NCCL INFO Mem Realloc old size 0, new size 768 pointer 0x1481d00468c0
x3004c0s25b0n0:45698:46792 [0] NCCL INFO GPU Direct RDMA Disabled for GPU 7000 / HCA 1 (distance 7 > 4)
x3004c0s25b0n0:45698:46987 [0] NCCL INFO New proxy send connection 14 from local rank 0, transport 2
x3004c0s25b0n0:45699:46972 [1] NCCL INFO transport/net_ib.cc:683 Ib Alloc Size 21688 pointer 0x14efb80f4000
x3004c0s25b0n0:45699:46972 [1] NCCL INFO transport/net_ib.cc:696 Ib Alloc Size 552 pointer 0x14efb80fb000
x3004c0s25b0n0:45699:46972 [1] NCCL INFO transport/net_ib.cc:771 Ib Alloc Size 552 pointer 0x14efb8116000
x3004c0s25b0n0:45699:46972 [1] NCCL INFO transport/net.cc:698 Cuda Host Alloc Size 9641984 pointer 0x14efaaa00000
x3004c0s25b0n0:45699:46795 [1] NCCL INFO GPU Direct RDMA Disabled for GPU 46000 / HCA 1 (distance 6 > 4)
x3004c0s25b0n0:45699:46972 [1] NCCL INFO New proxy send connection 18 from local rank 1, transport 2
x3004c0s25b0n0:45698:46792 [0] NCCL INFO Connection to proxy localRank 0 -> connection 0x1481d0001000
x3004c0s25b0n0:45698:46792 [0] NCCL INFO Channel 02/0 : 8[7000] -> 13[46000] [send] via NET/IB/1
x3004c0s25b0n0:45698:46792 [0] NCCL INFO GPU Direct RDMA Disabled for GPU 7000 / HCA 0 (distance 7 > 4)
x3004c0s25b0n0:45698:46987 [0] NCCL INFO New proxy send connection 15 from local rank 0, transport 2
x3004c0s25b0n0:45699:46795 [1] NCCL INFO Connection to proxy localRank 1 -> connection 0x14efb8001100
x3004c0s25b0n0:45699:46795 [1] NCCL INFO Channel 00/0 : 9[46000] -> 4[7000] [send] via NET/IB/1
x3004c0s25b0n0:45699:46795 [1] NCCL INFO GPU Direct RDMA Disabled for GPU 46000 / HCA 0 (distance 7 > 4)
x3004c0s25b0n0:45699:46972 [1] NCCL INFO New proxy send connection 19 from local rank 1, transport 2
x3004c0s25b0n0:45698:46792 [0] NCCL INFO Connection to proxy localRank 0 -> connection 0x1481d0001040
x3004c0s25b0n0:45698:46792 [0] NCCL INFO Channel 03/0 : 8[7000] -> 13[46000] [send] via NET/IB/0
x3004c0s25b0n0:45698:46987 [0] NCCL INFO transport/net_ib.cc:596 Ib Alloc Size 26560 pointer 0x1481d006c000
x3004c0s25b0n0:45698:46987 [0] NCCL INFO NET/IB: Dev 1 Port 1 qpn 12708 mtu 5 GID 0 (80FE/9F0100FEFF000000)
x3004c0s25b0n0:45698:46987 [0] NCCL INFO transport/net_ib.cc:653 Ib Alloc Size 552 pointer 0x1481d0083000
x3004c0s25b0n0:45698:46987 [0] NCCL INFO transport/net.cc:571 Cuda Host Alloc Size 9641984 pointer 0x1481baa00000
x3004c0s25b0n0:45699:46795 [1] NCCL INFO Connection to proxy localRank 1 -> connection 0x14efb8001140
x3004c0s25b0n0:45699:46795 [1] NCCL INFO Channel 01/0 : 9[46000] -> 4[7000] [send] via NET/IB/0
x3004c0s25b0n0:45698:46987 [0] NCCL INFO transport/net_ib.cc:596 Ib Alloc Size 26560 pointer 0x1481d0085000
x3004c0s25b0n0:45698:46987 [0] NCCL INFO NET/IB: Dev 0 Port 1 qpn 12734 mtu 5 GID 0 (80FE/FC0100FEFF000000)
x3004c0s25b0n0:45698:46987 [0] NCCL INFO transport/net_ib.cc:653 Ib Alloc Size 552 pointer 0x1481d009c000
x3004c0s25b0n0:45698:46987 [0] NCCL INFO transport/net.cc:571 Cuda Host Alloc Size 9641984 pointer 0x1481bb400000
x3004c0s25b0n0:45698:46792 [0] NCCL INFO GPU Direct RDMA Disabled for GPU 7000 / HCA 1 (distance 7 > 4)
x3004c0s25b0n0:45698:46987 [0] NCCL INFO New proxy send connection 16 from local rank 0, transport 2
x3004c0s25b0n0:45698:46792 [0] NCCL INFO Connection to proxy localRank 0 -> connection 0x1481d0001080
x3004c0s25b0n0:45698:46792 [0] NCCL INFO Channel 00/0 : 8[7000] -> 17[46000] [send] via NET/IB/1
x3004c0s25b0n0:45698:46792 [0] NCCL INFO GPU Direct RDMA Disabled for GPU 7000 / HCA 0 (distance 7 > 4)
x3004c0s25b0n0:45698:46987 [0] NCCL INFO New proxy send connection 17 from local rank 0, transport 2
x3004c0s25b0n0:45699:46972 [1] NCCL INFO transport/net_ib.cc:596 Ib Alloc Size 26560 pointer 0x14efb8122000
x3004c0s25b0n0:45699:46972 [1] NCCL INFO NET/IB: Dev 1 Port 1 qpn 12709 mtu 5 GID 0 (80FE/9F0100FEFF000000)
x3004c0s25b0n0:45699:46972 [1] NCCL INFO transport/net_ib.cc:653 Ib Alloc Size 552 pointer 0x14efb8139000
x3004c0s25b0n0:45699:46972 [1] NCCL INFO transport/net.cc:571 Cuda Host Alloc Size 9641984 pointer 0x14efab400000
x3004c0s25b0n0:45699:46972 [1] NCCL INFO transport/net_ib.cc:596 Ib Alloc Size 26560 pointer 0x14efb813b000
x3004c0s25b0n0:45699:46972 [1] NCCL INFO NET/IB: Dev 0 Port 1 qpn 12735 mtu 5 GID 0 (80FE/FC0100FEFF000000)
x3004c0s25b0n0:45699:46972 [1] NCCL INFO transport/net_ib.cc:653 Ib Alloc Size 552 pointer 0x14efb8152000
x3004c0s25b0n0:45699:46972 [1] NCCL INFO transport/net.cc:571 Cuda Host Alloc Size 9641984 pointer 0x14efa8000000
x3004c0s25b0n0:45698:46792 [0] NCCL INFO Connection to proxy localRank 0 -> connection 0x1481d00010c0
x3004c0s25b0n0:45698:46792 [0] NCCL INFO Channel 01/0 : 8[7000] -> 17[46000] [send] via NET/IB/0
x3004c0s25b0n0:45698:46987 [0] NCCL INFO transport/net_ib.cc:596 Ib Alloc Size 26560 pointer 0x1481d00a8000
x3004c0s25b0n0:45698:46987 [0] NCCL INFO NET/IB: Dev 1 Port 1 qpn 12710 mtu 5 GID 0 (80FE/9F0100FEFF000000)
x3004c0s25b0n0:45698:46987 [0] NCCL INFO transport/net_ib.cc:653 Ib Alloc Size 552 pointer 0x1481d00bf000
x3004c0s25b0n0:45698:46987 [0] NCCL INFO transport/net.cc:571 Cuda Host Alloc Size 9641984 pointer 0x1481b8000000
x3004c0s25b0n0:45699:46972 [1] NCCL INFO New proxy recv connection 20 from local rank 1, transport 0
x3004c0s25b0n0:45698:46987 [0] NCCL INFO transport/net_ib.cc:596 Ib Alloc Size 26560 pointer 0x1481d00c1000
x3004c0s25b0n0:45698:46987 [0] NCCL INFO NET/IB: Dev 0 Port 1 qpn 12736 mtu 5 GID 0 (80FE/FC0100FEFF000000)
x3004c0s25b0n0:45698:46987 [0] NCCL INFO transport/net_ib.cc:653 Ib Alloc Size 552 pointer 0x1481d00d8000
x3004c0s25b0n0:45698:46987 [0] NCCL INFO transport/net.cc:571 Cuda Host Alloc Size 9641984 pointer 0x1481b8a00000
x3004c0s25b0n0:45699:46795 [1] NCCL INFO Connection to proxy localRank 1 -> connection 0x14efb8001180
x3004c0s25b0n0:45699:46972 [1] NCCL INFO transport/p2p.cc:449 Cuda Alloc Size 6291456 pointer 0x14efa8a00000
x3004c0s25b0n0:45699:46972 [1] NCCL INFO New proxy recv connection 21 from local rank 1, transport 0
x3004c0s25b0n0:45699:46795 [1] NCCL INFO Connection to proxy localRank 1 -> connection 0x14efb80011c0
x3004c0s25b0n0:45699:46972 [1] NCCL INFO transport/p2p.cc:449 Cuda Alloc Size 6291456 pointer 0x14efa9000000
x3004c0s25b0n0:45699:46972 [1] NCCL INFO New proxy recv connection 22 from local rank 1, transport 0
x3004c0s25b0n0:45698:46792 [0] NCCL INFO GPU Direct RDMA Disabled for GPU 7000 / HCA 1 (distance 7 > 4)
x3004c0s25b0n0:45698:46987 [0] NCCL INFO New proxy recv connection 18 from local rank 0, transport 2
x3004c0s25b0n0:45698:46792 [0] NCCL INFO Connection to proxy localRank 0 -> connection 0x1481d0001100
x3004c0s25b0n0:45699:46795 [1] NCCL INFO Connection to proxy localRank 1 -> connection 0x14efb8001200
x3004c0s25b0n0:45699:46972 [1] NCCL INFO transport/p2p.cc:449 Cuda Alloc Size 6291456 pointer 0x14efa9600000
x3004c0s25b0n0:45698:46792 [0] NCCL INFO Channel 00/0 : 17[46000] -> 8[7000] [receive] via NET/IB/1
x3004c0s25b0n0:45698:46792 [0] NCCL INFO GPU Direct RDMA Disabled for GPU 7000 / HCA 0 (distance 7 > 4)
x3004c0s25b0n0:45698:46987 [0] NCCL INFO New proxy recv connection 19 from local rank 0, transport 2
x3004c0s25b0n0:45698:46792 [0] NCCL INFO Connection to proxy localRank 0 -> connection 0x1481d0001140
x3004c0s25b0n0:45699:46972 [1] NCCL INFO New proxy recv connection 23 from local rank 1, transport 0
x3004c0s25b0n0:45698:46792 [0] NCCL INFO Channel 01/0 : 17[46000] -> 8[7000] [receive] via NET/IB/0
x3004c0s25b0n0:45698:46987 [0] NCCL INFO transport/net_ib.cc:683 Ib Alloc Size 21688 pointer 0x1481d00e4000
x3004c0s25b0n0:45698:46987 [0] NCCL INFO transport/net_ib.cc:696 Ib Alloc Size 552 pointer 0x1481d00eb000
x3004c0s25b0n0:45699:46795 [1] NCCL INFO Connection to proxy localRank 1 -> connection 0x14efb8001240
x3004c0s25b0n0:45699:46972 [1] NCCL INFO transport/p2p.cc:449 Cuda Alloc Size 6291456 pointer 0x14efa6000000
x3004c0s25b0n0:45698:46987 [0] NCCL INFO transport/net_ib.cc:771 Ib Alloc Size 552 pointer 0x1481d0107000
x3004c0s25b0n0:45698:46987 [0] NCCL INFO transport/net.cc:698 Cuda Host Alloc Size 9641984 pointer 0x1481b9400000
x3004c0s25b0n0:45699:46795 [1] NCCL INFO Connected all trees by HAO
x3004c0s25b0n0:45699:46795 [1] NCCL INFO threadThresholds 8/8/64 | 160/8/64 | 512 | 512
x3004c0s25b0n0:45699:46795 [1] NCCL INFO 4 coll channels, 4 p2p channels, 2 p2p channels per peer
x3004c0s25b0n0:45700:46808 [2] NCCL INFO Connected all trees by HAO
x3004c0s25b0n0:45700:46808 [2] NCCL INFO threadThresholds 8/8/64 | 160/8/64 | 512 | 512
x3004c0s25b0n0:45700:46808 [2] NCCL INFO 4 coll channels, 4 p2p channels, 2 p2p channels per peer
x3004c0s25b0n0:45700:46977 [2] NCCL INFO Allocated 4194656 bytes of shared memory in /dev/shm/nccl-dFkezQ

x3004c0s25b0n0:45700:46977 [2] NCCL INFO New proxy send connection 20 from local rank 2, transport 2
x3004c0s25b0n0:45698:46987 [0] NCCL INFO transport/net_ib.cc:683 Ib Alloc Size 21688 pointer 0x1481d0109000
x3004c0s25b0n0:45698:46987 [0] NCCL INFO transport/net_ib.cc:696 Ib Alloc Size 552 pointer 0x1481d0110000
x3004c0s25b0n0:45699:46972 [1] NCCL INFO New proxy send connection 24 from local rank 1, transport 2
x3004c0s25b0n0:45698:46987 [0] NCCL INFO transport/net_ib.cc:771 Ib Alloc Size 552 pointer 0x1481d012b000
x3004c0s25b0n0:45698:46987 [0] NCCL INFO transport/net.cc:698 Cuda Host Alloc Size 9641984 pointer 0x1481b6000000
x3004c0s25b0n0:45698:46792 [0] NCCL INFO GPU Direct RDMA Disabled for GPU 7000 / HCA 1 (distance 7 > 4)
x3004c0s25b0n0:45698:46987 [0] NCCL INFO New proxy recv connection 20 from local rank 0, transport 2
x3004c0s25b0n0:45699:46795 [1] NCCL INFO Connection to proxy localRank 1 -> connection 0x14efb8001280
x3004c0s25b0n0:45699:46972 [1] NCCL INFO transport/net.cc:376 Cuda Alloc Size 8388608 pointer 0x14efa4000000
x3004c0s25b0n0:45700:46808 [2] NCCL INFO Connection to proxy localRank 2 -> connection 0x14afd0001180
x3004c0s25b0n0:45700:46977 [2] NCCL INFO transport/net.cc:376 Cuda Alloc Size 8388608 pointer 0x14afbd800000
x3004c0s25b0n0:45698:46792 [0] NCCL INFO Connection to proxy localRank 0 -> connection 0x1481d0001180
x3004c0s25b0n0:45698:46792 [0] NCCL INFO Channel 02/0 : 13[46000] -> 8[7000] [receive] via NET/IB/1
x3004c0s25b0n0:45698:46792 [0] NCCL INFO GPU Direct RDMA Disabled for GPU 7000 / HCA 0 (distance 7 > 4)
x3004c0s25b0n0:45698:46987 [0] NCCL INFO New proxy recv connection 21 from local rank 0, transport 2
x3004c0s25b0n0:45698:46792 [0] NCCL INFO Connection to proxy localRank 0 -> connection 0x1481d00011c0
x3004c0s25b0n0:45698:46792 [0] NCCL INFO Channel 03/0 : 13[46000] -> 8[7000] [receive] via NET/IB/0
x3004c0s25b0n0:45698:46987 [0] NCCL INFO transport/net_ib.cc:683 Ib Alloc Size 21688 pointer 0x1481d0137000
x3004c0s25b0n0:45698:46987 [0] NCCL INFO transport/net_ib.cc:696 Ib Alloc Size 552 pointer 0x1481d013e000
x3004c0s25b0n0:45698:46987 [0] NCCL INFO transport/net_ib.cc:771 Ib Alloc Size 552 pointer 0x1481d0159000
x3004c0s25b0n0:45698:46987 [0] NCCL INFO transport/net.cc:698 Cuda Host Alloc Size 9641984 pointer 0x1481b6a00000
x3004c0s25b0n0:45698:46987 [0] NCCL INFO transport/net_ib.cc:683 Ib Alloc Size 21688 pointer 0x1481d015b000
x3004c0s25b0n0:45698:46987 [0] NCCL INFO transport/net_ib.cc:696 Ib Alloc Size 552 pointer 0x1481d0162000
x3004c0s25b0n0:45698:46987 [0] NCCL INFO transport/net_ib.cc:771 Ib Alloc Size 552 pointer 0x1481d017d000
x3004c0s25b0n0:45698:46987 [0] NCCL INFO transport/net.cc:698 Cuda Host Alloc Size 9641984 pointer 0x1481b7400000
x3004c0s25b0n0:45698:46792 [0] NCCL INFO GPU Direct RDMA Disabled for GPU 7000 / HCA 1 (distance 7 > 4)
x3004c0s25b0n0:45698:46987 [0] NCCL INFO New proxy recv connection 22 from local rank 0, transport 2
x3004c0s25b0n0:45698:46792 [0] NCCL INFO Connection to proxy localRank 0 -> connection 0x1481d0001200
x3004c0s25b0n0:45698:46792 [0] NCCL INFO Channel 00/0 : 12[7000] -> 8[7000] [receive] via NET/IB/1
x3004c0s25b0n0:45698:46792 [0] NCCL INFO GPU Direct RDMA Disabled for GPU 7000 / HCA 0 (distance 7 > 4)
x3004c0s25b0n0:45698:46987 [0] NCCL INFO New proxy recv connection 23 from local rank 0, transport 2
x3004c0s25b0n0:45698:46792 [0] NCCL INFO Connection to proxy localRank 0 -> connection 0x1481d0001240
x3004c0s25b0n0:45698:46792 [0] NCCL INFO Channel 01/0 : 12[7000] -> 8[7000] [receive] via NET/IB/0
x3004c0s25b0n0:45698:46987 [0] NCCL INFO transport/net_ib.cc:683 Ib Alloc Size 21688 pointer 0x1481d0189000
x3004c0s25b0n0:45698:46987 [0] NCCL INFO transport/net_ib.cc:696 Ib Alloc Size 552 pointer 0x1481d0190000
x3004c0s25b0n0:45698:46987 [0] NCCL INFO transport/net_ib.cc:771 Ib Alloc Size 552 pointer 0x1481d01ab000
x3004c0s25b0n0:45698:46987 [0] NCCL INFO transport/net.cc:698 Cuda Host Alloc Size 9641984 pointer 0x1481b4000000
x3004c0s25b0n0:45698:46987 [0] NCCL INFO transport/net_ib.cc:683 Ib Alloc Size 21688 pointer 0x1481d01ad000
x3004c0s25b0n0:45698:46987 [0] NCCL INFO transport/net_ib.cc:696 Ib Alloc Size 552 pointer 0x1481d01b4000
x3004c0s25b0n0:45698:46987 [0] NCCL INFO transport/net_ib.cc:771 Ib Alloc Size 552 pointer 0x1481d01cf000
x3004c0s25b0n0:45698:46987 [0] NCCL INFO transport/net.cc:698 Cuda Host Alloc Size 9641984 pointer 0x1481b4a00000
x3004c0s25b0n0:45698:46792 [0] NCCL INFO Connected all trees by HAO
x3004c0s25b0n0:45698:46792 [0] NCCL INFO threadThresholds 8/8/64 | 160/8/64 | 512 | 512
x3004c0s25b0n0:45698:46792 [0] NCCL INFO 4 coll channels, 4 p2p channels, 2 p2p channels per peer
x3004c0s25b0n0:45698:46987 [0] NCCL INFO New proxy send connection 24 from local rank 0, transport 2
x3004c0s25b0n0:45698:46792 [0] NCCL INFO Connection to proxy localRank 0 -> connection 0x1481d0001280
x3004c0s25b0n0:45698:46792 [0] NCCL INFO init.cc:367 Cuda Alloc Size 5168 pointer 0x1481d5808800
x3004c0s25b0n0:45700:46808 [2] NCCL INFO init.cc:367 Cuda Alloc Size 5168 pointer 0x14afd5808800
x3004c0s25b0n0:45699:46795 [1] NCCL INFO init.cc:367 Cuda Alloc Size 5168 pointer 0x14efc7808800
x3004c0s25b0n0:45701:46793 [3] NCCL INFO init.cc:367 Cuda Alloc Size 5168 pointer 0x14fbfb808800
x3004c0s25b0n0:45701:46793 [3] NCCL INFO init.cc:392 Cuda Host Alloc Size 33554432 pointer 0x14fbdc000000
x3004c0s25b0n0:45701:46793 [3] NCCL INFO init.cc:398 Cuda Host Alloc Size 128 pointer 0x14fbfae00200
x3004c0s25b0n0:45701:46793 [3] NCCL INFO comm 0x55f60956cb40 rank 11 nranks 20 cudaDev 3 busId c7000 - Init COMPLETE
x3004c0s25b0n0:45700:46808 [2] NCCL INFO init.cc:392 Cuda Host Alloc Size 33554432 pointer 0x14afba000000
x3004c0s25b0n0:45700:46808 [2] NCCL INFO init.cc:398 Cuda Host Alloc Size 128 pointer 0x14afd4e00200
x3004c0s25b0n0:45700:46808 [2] NCCL INFO comm 0x55c600661020 rank 10 nranks 20 cudaDev 2 busId 85000 - Init COMPLETE
x3004c0s25b0n0:45698:46792 [0] NCCL INFO init.cc:392 Cuda Host Alloc Size 33554432 pointer 0x1481b2000000
x3004c0s25b0n0:45698:46792 [0] NCCL INFO init.cc:398 Cuda Host Alloc Size 128 pointer 0x1481d4e00200
x3004c0s25b0n0:45698:46792 [0] NCCL INFO comm 0x55904f03d150 rank 8 nranks 20 cudaDev 0 busId 7000 - Init COMPLETE
x3004c0s25b0n0:45698:46987 [0] NCCL INFO transport/net.cc:376 Cuda Alloc Size 8388608 pointer 0x1481b5400000
x3004c0s25b0n0:45699:46795 [1] NCCL INFO init.cc:392 Cuda Host Alloc Size 33554432 pointer 0x14efa2000000
x3004c0s25b0n0:45699:46795 [1] NCCL INFO init.cc:398 Cuda Host Alloc Size 128 pointer 0x14efc6e00200
x3004c0s25b0n0:45699:46795 [1] NCCL INFO comm 0x5584ec8c7ba0 rank 9 nranks 20 cudaDev 1 busId 46000 - Init COMPLETE
x3004c0s25b0n0:45698:45698 [0] NCCL INFO AllReduce: opCount 0 sendbuff 0x148213600200 recvbuff 0x148213600200 count 1 datatype 1 op 0 root 0 comm 0x55904f03d150 [nranks=20] stream 0x55906b050a50
x3004c0s25b0n0:45698:45698 [0] NCCL INFO misc/utils.cc:235 memory stack hunk malloc(65536)
[LYD INFO in ncclLaunchKernel (enqueue.cc)] NCHANNELS is: 4x3004c0s25b0n0:45701:45701 [3] NCCL INFO AllReduce: opCount 0 sendbuff 0x14fc3b600200 recvbuff 0x14fc3b600200 count 1 datatype 1 op 0 root 0 comm 0x55f60956cb40 [nranks=20] stream 0x55f623c0cab0
x3004c0s25b0n0:45701:45701 [3] NCCL INFO misc/utils.cc:235 memory stack hunk malloc(65536)
[LYD INFO in ncclLaunchKernel (enqueue.cc)] NCHANNELS is: 4x3004c0s25b0n0:45700:45700 [2] NCCL INFO AllReduce: opCount 0 sendbuff 0x14b017600200 recvbuff 0x14b017600200 count 1 datatype 1 op 0 root 0 comm 0x55c600661020 [nranks=20] stream 0x55c61f7c31a0
x3004c0s25b0n0:45700:45700 [2] NCCL INFO misc/utils.cc:235 memory stack hunk malloc(65536)
[LYD INFO in ncclLaunchKernel (enqueue.cc)] NCHANNELS is: 4x3004c0s25b0n0:45699:45699 [1] NCCL INFO AllReduce: opCount 0 sendbuff 0x14f007600200 recvbuff 0x14f007600200 count 1 datatype 1 op 0 root 0 comm 0x5584ec8c7ba0 [nranks=20] stream 0x55850a148ee0
x3004c0s25b0n0:45699:45699 [1] NCCL INFO misc/utils.cc:235 memory stack hunk malloc(65536)
[LYD INFO in ncclLaunchKernel (enqueue.cc)] NCHANNELS is: 4
[LYD INFO in NCCL_KERN_NAME (common.h)] 8 AllReduce TREE LL Sum uint8_t Elapsed time: 236730 us

[LYD INFO in NCCL_KERN_NAME (common.h)] 10 AllReduce TREE LL Sum uint8_t Elapsed time: 209947 us

[LYD INFO in NCCL_KERN_NAME (common.h)] 11 AllReduce TREE LL Sum uint8_t Elapsed time: 214169 us

[LYD INFO in NCCL_KERN_NAME (common.h)] 9 AllReduce TREE LL Sum uint8_t Elapsed time: 63412 us
x3004c0s25b0n0:45700:45700 [2] NCCL INFO AllReduce: opCount 1 sendbuff 0x14b017600000 recvbuff 0x14b017600000 count 1 datatype 1 op 0 root 0 comm 0x55c600661020 [nranks=20] stream 0x55c61f7c31a0
[LYD INFO in ncclLaunchKernel (enqueue.cc)] NCHANNELS is: 4x3004c0s25b0n0:45701:45701 [3] NCCL INFO AllReduce: opCount 1 sendbuff 0x14fc3b600000 recvbuff 0x14fc3b600000 count 1 datatype 1 op 0 root 0 comm 0x55f60956cb40 [nranks=20] stream 0x55f623c0cab0
[LYD INFO in ncclLaunchKernel (enqueue.cc)] NCHANNELS is: 4x3004c0s25b0n0:45698:45698 [0] NCCL INFO AllReduce: opCount 1 sendbuff 0x148213600000 recvbuff 0x148213600000 count 1 datatype 1 op 0 root 0 comm 0x55904f03d150 [nranks=20] stream 0x55906b050a50
[LYD INFO in ncclLaunchKernel (enqueue.cc)] NCHANNELS is: 4x3004c0s25b0n0:45699:45699 [1] NCCL INFO AllReduce: opCount 1 sendbuff 0x14f007600000 recvbuff 0x14f007600000 count 1 datatype 1 op 0 root 0 comm 0x5584ec8c7ba0 [nranks=20] stream 0x55850a148ee0
[LYD INFO in ncclLaunchKernel (enqueue.cc)] NCHANNELS is: 4
[LYD INFO in NCCL_KERN_NAME (common.h)] 10 AllReduce TREE LL Sum uint8_t Elapsed time: 8671370 us

[LYD INFO in NCCL_KERN_NAME (common.h)] 11 AllReduce TREE LL Sum uint8_t Elapsed time: 7693461 us

[LYD INFO in NCCL_KERN_NAME (common.h)] 8 AllReduce TREE LL Sum uint8_t Elapsed time: 6263306 us

[LYD INFO in NCCL_KERN_NAME (common.h)] 9 AllReduce TREE LL Sum uint8_t Elapsed time: 4634938 us
x3004c0s25b0n0:45701:45701 [3] NCCL INFO AllReduce: opCount 2 sendbuff 0x14fc3b600000 recvbuff 0x14fc3b600000 count 1 datatype 8 op 3 root 0 comm 0x55f60956cb40 [nranks=20] stream 0x55f623c0cab0
[LYD INFO in ncclLaunchKernel (enqueue.cc)] NCHANNELS is: 4x3004c0s25b0n0:45700:45700 [2] NCCL INFO AllReduce: opCount 2 sendbuff 0x14b017600000 recvbuff 0x14b017600000 count 1 datatype 8 op 3 root 0 comm 0x55c600661020 [nranks=20] stream 0x55c61f7c31a0
[LYD INFO in ncclLaunchKernel (enqueue.cc)] NCHANNELS is: 4x3004c0s25b0n0:45699:45699 [1] NCCL INFO AllReduce: opCount 2 sendbuff 0x14f007600000 recvbuff 0x14f007600000 count 1 datatype 8 op 3 root 0 comm 0x5584ec8c7ba0 [nranks=20] stream 0x55850a148ee0
[LYD INFO in ncclLaunchKernel (enqueue.cc)] NCHANNELS is: 4x3004c0s25b0n0:45698:45698 [0] NCCL INFO AllReduce: opCount 2 sendbuff 0x148213600000 recvbuff 0x148213600000 count 1 datatype 8 op 3 root 0 comm 0x55904f03d150 [nranks=20] stream 0x55906b050a50
[LYD INFO in ncclLaunchKernel (enqueue.cc)] NCHANNELS is: 4
[LYD INFO in NCCL_FUNC_NAME (common.h)] 9 AllReduce TREE LL Min double Elapsed time: 7171 us

[LYD INFO in NCCL_FUNC_NAME (common.h)] 10 AllReduce TREE LL Min double Elapsed time: 6 us

[LYD INFO in NCCL_FUNC_NAME (common.h)] 11 AllReduce TREE LL Min double Elapsed time: 5 us

[LYD INFO in NCCL_FUNC_NAME (common.h)] 8 AllReduce TREE LL Min double Elapsed time: 51276 us

[LYD INFO in NCCL_KERN_NAME (common.h)] 8 AllReduce TREE LL Sum double Elapsed time: 68276 us
x3004c0s25b0n0:45698:45698 [0] NCCL INFO AllReduce: opCount 3 sendbuff 0x148213600200 recvbuff 0x148213600200 count 1 datatype 1 op 0 root 0 comm 0x55904f03d150 [nranks=20] stream 0x55906b050a50
[LYD INFO in ncclLaunchKernel (enqueue.cc)] NCHANNELS is: 4
[LYD INFO in NCCL_KERN_NAME (common.h)] 11 AllReduce TREE LL Sum double Elapsed time: 112259 us
x3004c0s25b0n0:45701:45701 [3] NCCL INFO AllReduce: opCount 3 sendbuff 0x14fc3b600200 recvbuff 0x14fc3b600200 count 1 datatype 1 op 0 root 0 comm 0x55f60956cb40 [nranks=20] stream 0x55f623c0cab0
[LYD INFO in ncclLaunchKernel (enqueue.cc)] NCHANNELS is: 4
[LYD INFO in NCCL_KERN_NAME (common.h)] 9 AllReduce TREE LL Sum double Elapsed time: 72386 us
x3004c0s25b0n0:45699:45699 [1] NCCL INFO AllReduce: opCount 3 sendbuff 0x14f007600200 recvbuff 0x14f007600200 count 1 datatype 1 op 0 root 0 comm 0x5584ec8c7ba0 [nranks=20] stream 0x55850a148ee0
[LYD INFO in ncclLaunchKernel (enqueue.cc)] NCHANNELS is: 4
[LYD INFO in NCCL_KERN_NAME (common.h)] 10 AllReduce TREE LL Sum double Elapsed time: 110709 us
x3004c0s25b0n0:45700:45700 [2] NCCL INFO AllReduce: opCount 3 sendbuff 0x14b017600200 recvbuff 0x14b017600200 count 1 datatype 1 op 0 root 0 comm 0x55c600661020 [nranks=20] stream 0x55c61f7c31a0
[LYD INFO in ncclLaunchKernel (enqueue.cc)] NCHANNELS is: 4
[LYD INFO in NCCL_KERN_NAME (common.h)] 10 AllReduce TREE LL Sum uint8_t Elapsed time: 13711 us

[LYD INFO in NCCL_KERN_NAME (common.h)] 8 AllReduce TREE LL Sum uint8_t Elapsed time: 68470 us

[LYD INFO in NCCL_KERN_NAME (common.h)] 11 AllReduce TREE LL Sum uint8_t Elapsed time: 73178 us

[LYD INFO in NCCL_KERN_NAME (common.h)] 9 AllReduce TREE LL Sum uint8_t Elapsed time: 42794 us
 > number of parameters on (tensor, pipeline) model parallel rank (0, 10): 39354880
 > number of parameters on (tensor, pipeline) model parallel rank (0, 8): 39354880
 > number of parameters on (tensor, pipeline) model parallel rank (0, 11): 39354880
x3004c0s25b0n0:45701:45701 [3] NCCL INFO AllReduce: opCount 4 sendbuff 0x14fc3b600400 recvbuff 0x14fc3b600400 count 1 datatype 1 op 0 root 0 comm 0x55f60956cb40 [nranks=20] stream 0x55f623c0cab0
[LYD INFO in ncclLaunchKernel (enqueue.cc)] NCHANNELS is: 4x3004c0s25b0n0:45698:45698 [0] NCCL INFO AllReduce: opCount 4 sendbuff 0x148213600400 recvbuff 0x148213600400 count 1 datatype 1 op 0 root 0 comm 0x55904f03d150 [nranks=20] stream 0x55906b050a50
[LYD INFO in ncclLaunchKernel (enqueue.cc)] NCHANNELS is: 4x3004c0s25b0n0:45700:45700 [2] NCCL INFO AllReduce: opCount 4 sendbuff 0x14b017600400 recvbuff 0x14b017600400 count 1 datatype 1 op 0 root 0 comm 0x55c600661020 [nranks=20] stream 0x55c61f7c31a0
[LYD INFO in ncclLaunchKernel (enqueue.cc)] NCHANNELS is: 4 > number of parameters on (tensor, pipeline) model parallel rank (0, 9): 39354880
x3004c0s25b0n0:45699:45699 [1] NCCL INFO AllReduce: opCount 4 sendbuff 0x14f007600400 recvbuff 0x14f007600400 count 1 datatype 1 op 0 root 0 comm 0x5584ec8c7ba0 [nranks=20] stream 0x55850a148ee0
[LYD INFO in ncclLaunchKernel (enqueue.cc)] NCHANNELS is: 4
[LYD INFO in NCCL_KERN_NAME (common.h)] 10 AllReduce TREE LL Sum uint8_t Elapsed time: 1976650 us
x3004c0s25b0n0:45700:45700 [2] NCCL INFO AllReduce: opCount 5 sendbuff 0x14b017615200 recvbuff 0x14b017615200 count 1 datatype 1 op 0 root 0 comm 0x55c600661020 [nranks=20] stream 0x55c61f7c31a0
[LYD INFO in ncclLaunchKernel (enqueue.cc)] NCHANNELS is: 4
[LYD INFO in NCCL_KERN_NAME (common.h)] 11 AllReduce TREE LL Sum uint8_t Elapsed time: 1989767 us
x3004c0s25b0n0:45701:45701 [3] NCCL INFO AllReduce: opCount 5 sendbuff 0x14fc3b615200 recvbuff 0x14fc3b615200 count 1 datatype 1 op 0 root 0 comm 0x55f60956cb40 [nranks=20] stream 0x55f623c0cab0
[LYD INFO in ncclLaunchKernel (enqueue.cc)] NCHANNELS is: 4
[LYD INFO in NCCL_KERN_NAME (common.h)] 8 AllReduce TREE LL Sum uint8_t Elapsed time: 1984732 us
x3004c0s25b0n0:45698:45698 [0] NCCL INFO AllReduce: opCount 5 sendbuff 0x148213615200 recvbuff 0x148213615200 count 1 datatype 1 op 0 root 0 comm 0x55904f03d150 [nranks=20] stream 0x55906b050a50
[LYD INFO in ncclLaunchKernel (enqueue.cc)] NCHANNELS is: 4
[LYD INFO in NCCL_KERN_NAME (common.h)] 9 AllReduce TREE LL Sum uint8_t Elapsed time: 1959185 us
x3004c0s25b0n0:45699:45699 [1] NCCL INFO AllReduce: opCount 5 sendbuff 0x14f007615200 recvbuff 0x14f007615200 count 1 datatype 1 op 0 root 0 comm 0x5584ec8c7ba0 [nranks=20] stream 0x55850a148ee0
[LYD INFO in ncclLaunchKernel (enqueue.cc)] NCHANNELS is: 4
[LYD INFO in NCCL_KERN_NAME (common.h)] 10 AllReduce TREE LL Sum uint8_t Elapsed time: 79625 us
x3004c0s25b0n0:45700:45700 [2] NCCL INFO AllReduce: opCount 6 sendbuff 0x14b017600400 recvbuff 0x14b017600400 count 1 datatype 1 op 0 root 0 comm 0x55c600661020 [nranks=20] stream 0x55c61f7c31a0
[LYD INFO in ncclLaunchKernel (enqueue.cc)] NCHANNELS is: 4
[LYD INFO in NCCL_KERN_NAME (common.h)] 8 AllReduce TREE LL Sum uint8_t Elapsed time: 52813 us
x3004c0s25b0n0:45698:45698 [0] NCCL INFO AllReduce: opCount 6 sendbuff 0x148213600400 recvbuff 0x148213600400 count 1 datatype 1 op 0 root 0 comm 0x55904f03d150 [nranks=20] stream 0x55906b050a50
[LYD INFO in ncclLaunchKernel (enqueue.cc)] NCHANNELS is: 4
[LYD INFO in NCCL_KERN_NAME (common.h)] 11 AllReduce TREE LL Sum uint8_t Elapsed time: 67811 us
x3004c0s25b0n0:45701:45701 [3] NCCL INFO AllReduce: opCount 6 sendbuff 0x14fc3b600400 recvbuff 0x14fc3b600400 count 1 datatype 1 op 0 root 0 comm 0x55f60956cb40 [nranks=20] stream 0x55f623c0cab0
[LYD INFO in ncclLaunchKernel (enqueue.cc)] NCHANNELS is: 4
[LYD INFO in NCCL_KERN_NAME (common.h)] 9 AllReduce TREE LL Sum uint8_t Elapsed time: 44195 us
x3004c0s25b0n0:45699:45699 [1] NCCL INFO AllReduce: opCount 6 sendbuff 0x14f007600400 recvbuff 0x14f007600400 count 1 datatype 1 op 0 root 0 comm 0x5584ec8c7ba0 [nranks=20] stream 0x55850a148ee0
[LYD INFO in ncclLaunchKernel (enqueue.cc)] NCHANNELS is: 4
[LYD INFO in NCCL_KERN_NAME (common.h)] 10 AllReduce TREE LL Sum uint8_t Elapsed time: 117552 us

[LYD INFO in NCCL_KERN_NAME (common.h)] 9 AllReduce TREE LL Sum uint8_t Elapsed time: 69947 us

[LYD INFO in NCCL_KERN_NAME (common.h)] 8 AllReduce TREE LL Sum uint8_t Elapsed time: 113544 us

[LYD INFO in NCCL_KERN_NAME (common.h)] 11 AllReduce TREE LL Sum uint8_t Elapsed time: 96096 us
NCCL version 2.14.3+cuda11.8
x3004c0s25b0n0:45700:45700 [2] NCCL INFO init.cc:1147 Cuda Host Alloc Size 4 pointer 0x14afd4e00400
NCCL version 2.14.3+cuda11.8
x3004c0s25b0n0:45699:45699 [1] NCCL INFO init.cc:1147 Cuda Host Alloc Size 4 pointer 0x14efc6e00400
NCCL version 2.14.3+cuda11.8
x3004c0s25b0n0:45698:45698 [0] NCCL INFO init.cc:1147 Cuda Host Alloc Size 4 pointer 0x1481d4e00400
NCCL version 2.14.3+cuda11.8
x3004c0s25b0n0:45701:45701 [3] NCCL INFO init.cc:1147 Cuda Host Alloc Size 4 pointer 0x14fbfae00400
x3004c0s25b0n0:45700:50210 [2] NCCL INFO Using network IB
x3004c0s25b0n0:45699:50212 [1] NCCL INFO Using network IB
x3004c0s25b0n0:45698:50214 [0] NCCL INFO Using network IB
x3004c0s25b0n0:45701:50216 [3] NCCL INFO Using network IB
x3004c0s25b0n0:45700:50210 [2] NCCL INFO NET/IB : GPU Direct RDMA Enabled for HCA 0 'mlx5_0'
x3004c0s25b0n0:45700:50210 [2] NCCL INFO NET/IB : GPU Direct RDMA Enabled for HCA 1 'mlx5_1'
x3004c0s25b0n0:45700:50210 [2] NCCL INFO GPU Direct RDMA Disabled for GPU 85000 / HCA 0 (distance 7 > 4)
x3004c0s25b0n0:45700:50210 [2] NCCL INFO GPU Direct RDMA Disabled for GPU 85000 / HCA 1 (distance 7 > 4)
x3004c0s25b0n0:45700:50210 [2] NCCL INFO === System : maxBw 5000.0 totalBw 0.0 ===
x3004c0s25b0n0:45700:50210 [2] NCCL INFO CPU/1 (1/2/-1)
x3004c0s25b0n0:45700:50210 [2] NCCL INFO + SYS[5000.0] - CPU/0
x3004c0s25b0n0:45700:50210 [2] NCCL INFO + SYS[5000.0] - CPU/2
x3004c0s25b0n0:45700:50210 [2] NCCL INFO + PCI[24.0] - PCI/83000 (11f8406811f8beef)
x3004c0s25b0n0:45700:50210 [2] NCCL INFO               + PCI[24.0] - GPU/85000 (0)
x3004c0s25b0n0:45700:50210 [2] NCCL INFO CPU/0 (1/2/-1)
x3004c0s25b0n0:45700:50210 [2] NCCL INFO + SYS[5000.0] - CPU/1
x3004c0s25b0n0:45700:50210 [2] NCCL INFO + SYS[5000.0] - CPU/2
x3004c0s25b0n0:45700:50210 [2] NCCL INFO + PCI[12.0] - NIC/C8000
x3004c0s25b0n0:45700:50210 [2] NCCL INFO CPU/2 (1/2/-1)
x3004c0s25b0n0:45700:50210 [2] NCCL INFO + SYS[5000.0] - CPU/1
x3004c0s25b0n0:45700:50210 [2] NCCL INFO + SYS[5000.0] - CPU/0
x3004c0s25b0n0:45700:50210 [2] NCCL INFO + PCI[12.0] - NIC/43000
x3004c0s25b0n0:45700:50210 [2] NCCL INFO ==========================================
x3004c0s25b0n0:45700:50210 [2] NCCL INFO GPU/85000 :GPU/85000 (0/5000.000000/LOC) CPU/1 (2/24.000000/PHB) CPU/0 (3/24.000000/SYS) CPU/2 (3/24.000000/SYS) 
x3004c0s25b0n0:45700:50210 [2] NCCL INFO Pattern 4, crossNic 0, nChannels 16, bw 44.000000/44.000000, type LOC/PIX, sameChannels 1
x3004c0s25b0n0:45700:50210 [2] NCCL INFO  0 : GPU/0
x3004c0s25b0n0:45700:50210 [2] NCCL INFO  1 : GPU/0
x3004c0s25b0n0:45700:50210 [2] NCCL INFO  2 : GPU/0
x3004c0s25b0n0:45700:50210 [2] NCCL INFO  3 : GPU/0
x3004c0s25b0n0:45700:50210 [2] NCCL INFO  4 : GPU/0
x3004c0s25b0n0:45700:50210 [2] NCCL INFO  5 : GPU/0
x3004c0s25b0n0:45700:50210 [2] NCCL INFO  6 : GPU/0
x3004c0s25b0n0:45700:50210 [2] NCCL INFO  7 : GPU/0
x3004c0s25b0n0:45700:50210 [2] NCCL INFO  8 : GPU/0
x3004c0s25b0n0:45700:50210 [2] NCCL INFO  9 : GPU/0
x3004c0s25b0n0:45700:50210 [2] NCCL INFO 10 : GPU/0
x3004c0s25b0n0:45700:50210 [2] NCCL INFO 11 : GPU/0
x3004c0s25b0n0:45700:50210 [2] NCCL INFO 12 : GPU/0
