x3012c0s19b1n0:34477:39258 [3] NCCL INFO === System : maxBw 12.0 totalBw 264.0 ===
x3012c0s19b1n0:34477:39258 [3] NCCL INFO CPU/3 (1/2/-1)
x3012c0s19b1n0:34477:39258 [3] NCCL INFO + SYS[5000.0] - CPU/2
x3012c0s19b1n0:34477:39258 [3] NCCL INFO + SYS[5000.0] - CPU/1
x3012c0s19b1n0:34477:39258 [3] NCCL INFO + SYS[5000.0] - CPU/0
x3012c0s19b1n0:34477:39258 [3] NCCL INFO + PCI[24.0] - PCI/5000 (11f8406811f8beef)
x3012c0s19b1n0:34477:39258 [3] NCCL INFO               + PCI[24.0] - GPU/7000 (12)
x3012c0s19b1n0:34477:39258 [3] NCCL INFO                             + NVL[88.0] - GPU/85000
x3012c0s19b1n0:34477:39258 [3] NCCL INFO                             + NVL[88.0] - GPU/C7000
x3012c0s19b1n0:34477:39258 [3] NCCL INFO                             + NVL[88.0] - GPU/46000
x3012c0s19b1n0:34477:39258 [3] NCCL INFO CPU/2 (1/2/-1)
x3012c0s19b1n0:34477:39258 [3] NCCL INFO + SYS[5000.0] - CPU/3
x3012c0s19b1n0:34477:39258 [3] NCCL INFO + SYS[5000.0] - CPU/1
x3012c0s19b1n0:34477:39258 [3] NCCL INFO + SYS[5000.0] - CPU/0
x3012c0s19b1n0:34477:39258 [3] NCCL INFO + PCI[24.0] - PCI/44000 (11f8406811f8beef)
x3012c0s19b1n0:34477:39258 [3] NCCL INFO               + PCI[24.0] - GPU/46000 (13)
x3012c0s19b1n0:34477:39258 [3] NCCL INFO                             + NVL[88.0] - GPU/85000
x3012c0s19b1n0:34477:39258 [3] NCCL INFO                             + NVL[88.0] - GPU/C7000
x3012c0s19b1n0:34477:39258 [3] NCCL INFO                             + NVL[88.0] - GPU/7000
x3012c0s19b1n0:34477:39258 [3] NCCL INFO + PCI[12.0] - NIC/43000
x3012c0s19b1n0:34477:39258 [3] NCCL INFO               + NET[12.5] - NET/1 (f4e604ffffa4e988/1/12.500000)
x3012c0s19b1n0:34477:39258 [3] NCCL INFO CPU/1 (1/2/-1)
x3012c0s19b1n0:34477:39258 [3] NCCL INFO + SYS[5000.0] - CPU/3
x3012c0s19b1n0:34477:39258 [3] NCCL INFO + SYS[5000.0] - CPU/2
x3012c0s19b1n0:34477:39258 [3] NCCL INFO + SYS[5000.0] - CPU/0
x3012c0s19b1n0:34477:39258 [3] NCCL INFO + PCI[24.0] - PCI/83000 (11f8406811f8beef)
x3012c0s19b1n0:34477:39258 [3] NCCL INFO               + PCI[24.0] - GPU/85000 (14)
x3012c0s19b1n0:34477:39258 [3] NCCL INFO                             + NVL[88.0] - GPU/C7000
x3012c0s19b1n0:34477:39258 [3] NCCL INFO                             + NVL[88.0] - GPU/46000
x3012c0s19b1n0:34477:39258 [3] NCCL INFO                             + NVL[88.0] - GPU/7000
x3012c0s19b1n0:34477:39258 [3] NCCL INFO CPU/0 (1/2/-1)
x3012c0s19b1n0:34477:39258 [3] NCCL INFO + SYS[5000.0] - CPU/3
x3012c0s19b1n0:34477:39258 [3] NCCL INFO + SYS[5000.0] - CPU/2
x3012c0s19b1n0:34477:39258 [3] NCCL INFO + SYS[5000.0] - CPU/1
x3012c0s19b1n0:34477:39258 [3] NCCL INFO + PCI[24.0] - PCI/C5000 (11f8406811f8beef)
x3012c0s19b1n0:34477:39258 [3] NCCL INFO               + PCI[24.0] - GPU/C7000 (15)
x3012c0s19b1n0:34477:39258 [3] NCCL INFO                             + NVL[88.0] - GPU/85000
x3012c0s19b1n0:34477:39258 [3] NCCL INFO                             + NVL[88.0] - GPU/46000
x3012c0s19b1n0:34477:39258 [3] NCCL INFO                             + NVL[88.0] - GPU/7000
x3012c0s19b1n0:34477:39258 [3] NCCL INFO + PCI[12.0] - NIC/C8000
x3012c0s19b1n0:34477:39258 [3] NCCL INFO               + NET[12.5] - NET/0 (f8e604ffffa4e988/1/12.500000)
x3012c0s19b1n0:34477:39258 [3] NCCL INFO ==========================================
x3012c0s19b1n0:34477:39258 [3] NCCL INFO GPU/7000 :GPU/7000 (0/5000.000000/LOC) GPU/46000 (1/88.000000/NVL) GPU/85000 (1/88.000000/NVL) GPU/C7000 (1/88.000000/NVL) CPU/3 (2/24.000000/PHB) CPU/2 (3/24.000000/SYS) CPU/1 (3/24.000000/SYS) CPU/0 (3/24.000000/SYS) NET/1 (5/12.000000/SYS) NET/0 (5/12.000000/SYS) 
x3012c0s19b1n0:34477:39258 [3] NCCL INFO GPU/46000 :GPU/7000 (1/88.000000/NVL) GPU/46000 (0/5000.000000/LOC) GPU/85000 (1/88.000000/NVL) GPU/C7000 (1/88.000000/NVL) CPU/3 (3/24.000000/SYS) CPU/2 (2/24.000000/PHB) CPU/1 (3/24.000000/SYS) CPU/0 (3/24.000000/SYS) NET/1 (4/12.000000/PHB) NET/0 (5/12.000000/SYS) 
x3012c0s19b1n0:34477:39258 [3] NCCL INFO GPU/85000 :GPU/7000 (1/88.000000/NVL) GPU/46000 (1/88.000000/NVL) GPU/85000 (0/5000.000000/LOC) GPU/C7000 (1/88.000000/NVL) CPU/3 (3/24.000000/SYS) CPU/2 (3/24.000000/SYS) CPU/1 (2/24.000000/PHB) CPU/0 (3/24.000000/SYS) NET/1 (5/12.000000/SYS) NET/0 (5/12.000000/SYS) 
x3012c0s19b1n0:34477:39258 [3] NCCL INFO GPU/C7000 :GPU/7000 (1/88.000000/NVL) GPU/46000 (1/88.000000/NVL) GPU/85000 (1/88.000000/NVL) GPU/C7000 (0/5000.000000/LOC) CPU/3 (3/24.000000/SYS) CPU/2 (3/24.000000/SYS) CPU/1 (3/24.000000/SYS) CPU/0 (2/24.000000/PHB) NET/1 (5/12.000000/SYS) NET/0 (4/12.000000/PHB) 
x3012c0s19b1n0:34477:39258 [3] NCCL INFO NET/1 :GPU/7000 (5/12.000000/SYS) GPU/46000 (4/12.000000/PHB) GPU/85000 (5/12.000000/SYS) GPU/C7000 (5/12.000000/SYS) CPU/3 (3/12.000000/SYS) CPU/2 (2/12.000000/PHB) CPU/1 (3/12.000000/SYS) CPU/0 (3/12.000000/SYS) NET/1 (0/5000.000000/LOC) NET/0 (5/12.000000/SYS) 
x3012c0s19b1n0:34477:39258 [3] NCCL INFO NET/0 :GPU/7000 (5/12.000000/SYS) GPU/46000 (5/12.000000/SYS) GPU/85000 (5/12.000000/SYS) GPU/C7000 (4/12.000000/PHB) CPU/3 (3/12.000000/SYS) CPU/2 (3/12.000000/SYS) CPU/1 (3/12.000000/SYS) CPU/0 (2/12.000000/PHB) NET/1 (5/12.000000/SYS) NET/0 (0/5000.000000/LOC) 
x3012c0s19b1n0:34477:39258 [3] NCCL INFO Setting affinity for GPU 3 to 01
x3012c0s19b1n0:34477:39258 [3] NCCL INFO Pattern 4, crossNic 0, nChannels 2, bw 12.000000/12.000000, type NVL/SYS, sameChannels 1
x3012c0s19b1n0:34477:39258 [3] NCCL INFO  0 : NET/1 GPU/13 GPU/12 GPU/14 GPU/15 NET/1
x3012c0s19b1n0:34477:39258 [3] NCCL INFO  1 : NET/0 GPU/13 GPU/12 GPU/14 GPU/15 NET/0
x3012c0s19b1n0:34477:39258 [3] NCCL INFO Pattern 1, crossNic 0, nChannels 2, bw 24.000000/12.000000, type NVL/SYS, sameChannels 1
x3012c0s19b1n0:34477:39258 [3] NCCL INFO  0 : NET/1 GPU/12 GPU/13 GPU/14 GPU/15 NET/1
x3012c0s19b1n0:34477:39258 [3] NCCL INFO  1 : NET/0 GPU/12 GPU/13 GPU/14 GPU/15 NET/0
x3012c0s19b1n0:34477:39258 [3] NCCL INFO Pattern 3, crossNic 0, nChannels 0, bw 0.000000/0.000000, type NVL/PIX, sameChannels 1
x3012c0s19b1n0:34474:39256 [0] NCCL INFO Tree 0 : 8 -> 12 -> 13/-1/-1
x3012c0s19b1n0:34474:39256 [0] NCCL INFO Tree 2 : 1 -> 12 -> 13/16/-1
x3012c0s19b1n0:34474:39256 [0] NCCL INFO Tree 1 : 8 -> 12 -> 13/-1/-1
x3012c0s19b1n0:34474:39256 [0] NCCL INFO Tree 3 : 1 -> 12 -> 13/16/-1
x3012c0s19b1n0:34474:39256 [0] NCCL INFO Ring 00 : 13 -> 12 -> 14
x3012c0s19b1n0:34474:39256 [0] NCCL INFO Ring 01 : 13 -> 12 -> 14
x3012c0s19b1n0:34474:39256 [0] NCCL INFO Ring 02 : 13 -> 12 -> 14
x3012c0s19b1n0:34474:39256 [0] NCCL INFO Ring 03 : 13 -> 12 -> 14
x3012c0s19b1n0:34474:39256 [0] NCCL INFO Trees [0] 13/-1/-1->12->8 [1] 13/-1/-1->12->8 [2] 13/16/-1->12->1 [3] 13/16/-1->12->1
x3012c0s19b1n0:34474:39256 [0] NCCL INFO misc/utils.cc:235 memory stack hunk malloc(65536)
x3012c0s19b1n0:34474:39256 [0] NCCL INFO channel.cc:23 Cuda Alloc Size 8064 pointer 0x149c4b817400
x3012c0s19b1n0:34474:39256 [0] NCCL INFO channel.cc:27 Cuda Alloc Size 80 pointer 0x149c4b819400
x3012c0s19b1n0:34474:39256 [0] NCCL INFO channel.cc:23 Cuda Alloc Size 8064 pointer 0x149c4b819600
x3012c0s19b1n0:34474:39256 [0] NCCL INFO channel.cc:27 Cuda Alloc Size 80 pointer 0x149c4b81b600
x3012c0s19b1n0:34474:39256 [0] NCCL INFO channel.cc:23 Cuda Alloc Size 8064 pointer 0x149c4b81b800
x3012c0s19b1n0:34474:39256 [0] NCCL INFO channel.cc:27 Cuda Alloc Size 80 pointer 0x149c4b81d800
x3012c0s19b1n0:34474:39256 [0] NCCL INFO channel.cc:23 Cuda Alloc Size 8064 pointer 0x149c4b81da00
x3012c0s19b1n0:34474:39256 [0] NCCL INFO channel.cc:27 Cuda Alloc Size 80 pointer 0x149c4b81fa00
x3012c0s19b1n0:34474:39256 [0] NCCL INFO Channel 00/0 : 12[7000] -> 14[85000] via P2P/IPC/read
x3012c0s19b1n0:34474:39409 [0] NCCL INFO Mem Realloc old size 0, new size 8 pointer 0x149bf4000c60
x3012c0s19b1n0:34474:39409 [0] NCCL INFO New proxy send connection 0 from local rank 0, transport 0
x3012c0s19b1n0:34475:39257 [1] NCCL INFO Tree 0 : 12 -> 13 -> 14/-1/-1
x3012c0s19b1n0:34475:39257 [1] NCCL INFO Tree 2 : 12 -> 13 -> 14/8/-1
x3012c0s19b1n0:34475:39257 [1] NCCL INFO Tree 1 : 12 -> 13 -> 14/-1/-1
x3012c0s19b1n0:34475:39257 [1] NCCL INFO Tree 3 : 12 -> 13 -> 14/8/-1
x3012c0s19b1n0:34475:39257 [1] NCCL INFO Ring 00 : 11 -> 13 -> 12
x3012c0s19b1n0:34475:39257 [1] NCCL INFO Ring 01 : 11 -> 13 -> 12
x3012c0s19b1n0:34475:39257 [1] NCCL INFO Ring 02 : 11 -> 13 -> 12
x3012c0s19b1n0:34475:39257 [1] NCCL INFO Ring 03 : 11 -> 13 -> 12
x3012c0s19b1n0:34475:39257 [1] NCCL INFO Trees [0] 14/-1/-1->13->12 [1] 14/-1/-1->13->12 [2] 14/8/-1->13->12 [3] 14/8/-1->13->12
x3012c0s19b1n0:34475:39257 [1] NCCL INFO misc/utils.cc:235 memory stack hunk malloc(65536)
x3012c0s19b1n0:34475:39257 [1] NCCL INFO channel.cc:23 Cuda Alloc Size 8064 pointer 0x14f1fb817400
x3012c0s19b1n0:34475:39257 [1] NCCL INFO channel.cc:27 Cuda Alloc Size 80 pointer 0x14f1fb819400
x3012c0s19b1n0:34475:39257 [1] NCCL INFO channel.cc:23 Cuda Alloc Size 8064 pointer 0x14f1fb819600
x3012c0s19b1n0:34475:39257 [1] NCCL INFO channel.cc:27 Cuda Alloc Size 80 pointer 0x14f1fb81b600
x3012c0s19b1n0:34475:39257 [1] NCCL INFO channel.cc:23 Cuda Alloc Size 8064 pointer 0x14f1fb81b800
x3012c0s19b1n0:34475:39257 [1] NCCL INFO channel.cc:27 Cuda Alloc Size 80 pointer 0x14f1fb81d800
x3012c0s19b1n0:34475:39257 [1] NCCL INFO channel.cc:23 Cuda Alloc Size 8064 pointer 0x14f1fb81da00
x3012c0s19b1n0:34475:39257 [1] NCCL INFO channel.cc:27 Cuda Alloc Size 80 pointer 0x14f1fb81fa00
x3012c0s19b1n0:34475:39257 [1] NCCL INFO GPU Direct RDMA Disabled for GPU 46000 / HCA 1 (distance 6 > 4)
x3012c0s19b1n0:34475:39410 [1] NCCL INFO Mem Realloc old size 0, new size 8 pointer 0x14f1a4000c60
x3012c0s19b1n0:34475:39410 [1] NCCL INFO Allocated 4194656 bytes of shared memory in /dev/shm/nccl-qwHs9Z

x3012c0s19b1n0:34475:39410 [1] NCCL INFO New proxy recv connection 0 from local rank 1, transport 2
x3012c0s19b1n0:34474:39256 [0] NCCL INFO Connection to proxy localRank 0 -> connection 0x149bf4000c80
x3012c0s19b1n0:34474:39409 [0] NCCL INFO transport/p2p.cc:430 Cuda Alloc Size 6291456 pointer 0x149c70000000
x3012c0s19b1n0:34476:39255 [2] NCCL INFO Ring 00 : 12 -> 14 -> 15
x3012c0s19b1n0:34476:39255 [2] NCCL INFO Ring 01 : 12 -> 14 -> 15
x3012c0s19b1n0:34476:39255 [2] NCCL INFO Ring 02 : 12 -> 14 -> 15
x3012c0s19b1n0:34476:39255 [2] NCCL INFO Ring 03 : 12 -> 14 -> 15
x3012c0s19b1n0:34476:39255 [2] NCCL INFO Trees [0] 15/-1/-1->14->13 [1] 15/-1/-1->14->13 [2] 15/-1/-1->14->13 [3] 15/-1/-1->14->13
x3012c0s19b1n0:34476:39255 [2] NCCL INFO misc/utils.cc:235 memory stack hunk malloc(65536)
x3012c0s19b1n0:34476:39255 [2] NCCL INFO channel.cc:23 Cuda Alloc Size 8064 pointer 0x148f91817400
x3012c0s19b1n0:34476:39255 [2] NCCL INFO channel.cc:27 Cuda Alloc Size 80 pointer 0x148f91819400
x3012c0s19b1n0:34476:39255 [2] NCCL INFO channel.cc:23 Cuda Alloc Size 8064 pointer 0x148f91819600
x3012c0s19b1n0:34476:39255 [2] NCCL INFO channel.cc:27 Cuda Alloc Size 80 pointer 0x148f9181b600
x3012c0s19b1n0:34476:39255 [2] NCCL INFO channel.cc:23 Cuda Alloc Size 8064 pointer 0x148f9181b800
x3012c0s19b1n0:34476:39255 [2] NCCL INFO channel.cc:27 Cuda Alloc Size 80 pointer 0x148f9181d800
x3012c0s19b1n0:34476:39255 [2] NCCL INFO channel.cc:23 Cuda Alloc Size 8064 pointer 0x148f9181da00
x3012c0s19b1n0:34476:39255 [2] NCCL INFO channel.cc:27 Cuda Alloc Size 80 pointer 0x148f9181fa00
x3012c0s19b1n0:34476:39255 [2] NCCL INFO Channel 00/0 : 14[85000] -> 15[c7000] via P2P/IPC/read
x3012c0s19b1n0:34476:39414 [2] NCCL INFO Mem Realloc old size 0, new size 8 pointer 0x148f3c000c60
x3012c0s19b1n0:34476:39414 [2] NCCL INFO New proxy send connection 0 from local rank 2, transport 0
x3012c0s19b1n0:34475:39257 [1] NCCL INFO Connection to proxy localRank 1 -> connection 0x14f1a4000c80
x3012c0s19b1n0:34477:39258 [3] NCCL INFO Ring 00 : 14 -> 15 -> 17
x3012c0s19b1n0:34477:39258 [3] NCCL INFO Ring 01 : 14 -> 15 -> 17
x3012c0s19b1n0:34477:39258 [3] NCCL INFO Ring 02 : 14 -> 15 -> 17
x3012c0s19b1n0:34477:39258 [3] NCCL INFO Ring 03 : 14 -> 15 -> 17
x3012c0s19b1n0:34477:39258 [3] NCCL INFO Trees [0] -1/-1/-1->15->14 [1] -1/-1/-1->15->14 [2] -1/-1/-1->15->14 [3] -1/-1/-1->15->14
x3012c0s19b1n0:34477:39258 [3] NCCL INFO misc/utils.cc:235 memory stack hunk malloc(65536)
x3012c0s19b1n0:34477:39258 [3] NCCL INFO channel.cc:23 Cuda Alloc Size 8064 pointer 0x151953817400
x3012c0s19b1n0:34477:39258 [3] NCCL INFO channel.cc:27 Cuda Alloc Size 80 pointer 0x151953819400
x3012c0s19b1n0:34477:39258 [3] NCCL INFO channel.cc:23 Cuda Alloc Size 8064 pointer 0x151953819600
x3012c0s19b1n0:34477:39258 [3] NCCL INFO channel.cc:27 Cuda Alloc Size 80 pointer 0x15195381b600
x3012c0s19b1n0:34477:39258 [3] NCCL INFO channel.cc:23 Cuda Alloc Size 8064 pointer 0x15195381b800
x3012c0s19b1n0:34477:39258 [3] NCCL INFO channel.cc:27 Cuda Alloc Size 80 pointer 0x15195381d800
x3012c0s19b1n0:34477:39258 [3] NCCL INFO channel.cc:23 Cuda Alloc Size 8064 pointer 0x15195381da00
x3012c0s19b1n0:34477:39258 [3] NCCL INFO channel.cc:27 Cuda Alloc Size 80 pointer 0x15195381fa00
x3012c0s19b1n0:34474:39256 [0] NCCL INFO Channel 01/0 : 12[7000] -> 14[85000] via P2P/IPC/read
x3012c0s19b1n0:34474:39409 [0] NCCL INFO New proxy send connection 1 from local rank 0, transport 0
x3012c0s19b1n0:34476:39255 [2] NCCL INFO Connection to proxy localRank 2 -> connection 0x148f3c000c80
x3012c0s19b1n0:34477:39415 [3] NCCL INFO Mem Realloc old size 0, new size 8 pointer 0x1518fc000c60
x3012c0s19b1n0:34476:39414 [2] NCCL INFO transport/p2p.cc:430 Cuda Alloc Size 6291456 pointer 0x148fb4000000
x3012c0s19b1n0:34477:39415 [3] NCCL INFO New proxy recv connection 0 from local rank 3, transport 0
x3012c0s19b1n0:34475:39257 [1] NCCL INFO Channel 00/0 : 11[c7000] -> 13[46000] [receive] via NET/IB/1
x3012c0s19b1n0:34475:39257 [1] NCCL INFO GPU Direct RDMA Disabled for GPU 46000 / HCA 0 (distance 7 > 4)
x3012c0s19b1n0:34475:39410 [1] NCCL INFO New proxy recv connection 1 from local rank 1, transport 2
x3012c0s19b1n0:34474:39256 [0] NCCL INFO Connection to proxy localRank 0 -> connection 0x149bf4000cc0
x3012c0s19b1n0:34474:39409 [0] NCCL INFO transport/p2p.cc:430 Cuda Alloc Size 6291456 pointer 0x149c70600000
x3012c0s19b1n0:34474:39256 [0] NCCL INFO Channel 02/0 : 12[7000] -> 14[85000] via P2P/IPC/read
x3012c0s19b1n0:34477:39258 [3] NCCL INFO Connection to proxy localRank 3 -> connection 0x1518fc000c80
x3012c0s19b1n0:34477:39415 [3] NCCL INFO transport/p2p.cc:449 Cuda Alloc Size 6291456 pointer 0x151937600000
x3012c0s19b1n0:34475:39257 [1] NCCL INFO Connection to proxy localRank 1 -> connection 0x14f1a4000cc0
x3012c0s19b1n0:34476:39255 [2] NCCL INFO Channel 01/0 : 14[85000] -> 15[c7000] via P2P/IPC/read
x3012c0s19b1n0:34476:39414 [2] NCCL INFO New proxy send connection 1 from local rank 2, transport 0
x3012c0s19b1n0:34474:39409 [0] NCCL INFO New proxy send connection 2 from local rank 0, transport 0
x3012c0s19b1n0:34477:39415 [3] NCCL INFO New proxy recv connection 1 from local rank 3, transport 0
x3012c0s19b1n0:34475:39257 [1] NCCL INFO Channel 01/0 : 11[c7000] -> 13[46000] [receive] via NET/IB/0
x3012c0s19b1n0:34475:39257 [1] NCCL INFO GPU Direct RDMA Disabled for GPU 46000 / HCA 1 (distance 6 > 4)
x3012c0s19b1n0:34475:39410 [1] NCCL INFO New proxy recv connection 2 from local rank 1, transport 2
x3012c0s19b1n0:34476:39255 [2] NCCL INFO Connection to proxy localRank 2 -> connection 0x148f3c000cc0
x3012c0s19b1n0:34476:39414 [2] NCCL INFO transport/p2p.cc:430 Cuda Alloc Size 6291456 pointer 0x148fb4600000
x3012c0s19b1n0:34474:39256 [0] NCCL INFO Connection to proxy localRank 0 -> connection 0x149bf4000d00
x3012c0s19b1n0:34474:39409 [0] NCCL INFO transport/p2p.cc:430 Cuda Alloc Size 6291456 pointer 0x149c70c00000
x3012c0s19b1n0:34477:39258 [3] NCCL INFO Connection to proxy localRank 3 -> connection 0x1518fc000cc0
x3012c0s19b1n0:34477:39415 [3] NCCL INFO transport/p2p.cc:449 Cuda Alloc Size 6291456 pointer 0x151977800000
x3012c0s19b1n0:34475:39257 [1] NCCL INFO Connection to proxy localRank 1 -> connection 0x14f1a4000d00
x3012c0s19b1n0:34476:39255 [2] NCCL INFO Channel 02/0 : 14[85000] -> 15[c7000] via P2P/IPC/read
x3012c0s19b1n0:34476:39414 [2] NCCL INFO New proxy send connection 2 from local rank 2, transport 0
x3012c0s19b1n0:34477:39415 [3] NCCL INFO New proxy recv connection 2 from local rank 3, transport 0
x3012c0s19b1n0:34474:39256 [0] NCCL INFO Channel 03/0 : 12[7000] -> 14[85000] via P2P/IPC/read
x3012c0s19b1n0:34474:39409 [0] NCCL INFO New proxy send connection 3 from local rank 0, transport 0
x3012c0s19b1n0:34475:39257 [1] NCCL INFO Channel 02/0 : 11[c7000] -> 13[46000] [receive] via NET/IB/1
x3012c0s19b1n0:34475:39257 [1] NCCL INFO GPU Direct RDMA Disabled for GPU 46000 / HCA 0 (distance 7 > 4)
x3012c0s19b1n0:34475:39410 [1] NCCL INFO New proxy recv connection 3 from local rank 1, transport 2
x3012c0s19b1n0:34476:39255 [2] NCCL INFO Connection to proxy localRank 2 -> connection 0x148f3c000d00
x3012c0s19b1n0:34474:39256 [0] NCCL INFO Connection to proxy localRank 0 -> connection 0x149bf4000d40
x3012c0s19b1n0:34476:39414 [2] NCCL INFO transport/p2p.cc:430 Cuda Alloc Size 6291456 pointer 0x148fb4c00000
x3012c0s19b1n0:34476:39255 [2] NCCL INFO Channel 03/0 : 14[85000] -> 15[c7000] via P2P/IPC/read
x3012c0s19b1n0:34474:39409 [0] NCCL INFO transport/p2p.cc:430 Cuda Alloc Size 6291456 pointer 0x149c71200000
x3012c0s19b1n0:34477:39258 [3] NCCL INFO Connection to proxy localRank 3 -> connection 0x1518fc000d00
x3012c0s19b1n0:34477:39415 [3] NCCL INFO transport/p2p.cc:449 Cuda Alloc Size 6291456 pointer 0x151977e00000
x3012c0s19b1n0:34475:39257 [1] NCCL INFO Connection to proxy localRank 1 -> connection 0x14f1a4000d40
x3012c0s19b1n0:34476:39414 [2] NCCL INFO New proxy send connection 3 from local rank 2, transport 0
x3012c0s19b1n0:34477:39415 [3] NCCL INFO New proxy recv connection 3 from local rank 3, transport 0
x3012c0s19b1n0:34477:39258 [3] NCCL INFO Connection to proxy localRank 3 -> connection 0x1518fc000d40
x3012c0s19b1n0:34477:39415 [3] NCCL INFO transport/p2p.cc:449 Cuda Alloc Size 6291456 pointer 0x151978400000
x3012c0s19b1n0:34475:39257 [1] NCCL INFO Channel 03/0 : 11[c7000] -> 13[46000] [receive] via NET/IB/0
x3012c0s19b1n0:34476:39255 [2] NCCL INFO Connection to proxy localRank 2 -> connection 0x148f3c000d40
x3012c0s19b1n0:34476:39414 [2] NCCL INFO transport/p2p.cc:430 Cuda Alloc Size 6291456 pointer 0x148fb5200000
x3012c0s19b1n0:34475:39410 [1] NCCL INFO transport/net_ib.cc:683 Ib Alloc Size 21688 pointer 0x14f1a401d000
x3012c0s19b1n0:34475:39410 [1] NCCL INFO transport/net_ib.cc:696 Ib Alloc Size 552 pointer 0x14f1a4024000
x3012c0s19b1n0:34477:39258 [3] NCCL INFO GPU Direct RDMA Disabled for GPU c7000 / HCA 1 (distance 7 > 4)
x3012c0s19b1n0:34476:39414 [2] NCCL INFO New proxy recv connection 4 from local rank 2, transport 0
x3012c0s19b1n0:34476:39255 [2] NCCL INFO Connection to proxy localRank 2 -> connection 0x148f3c000d80
x3012c0s19b1n0:34476:39414 [2] NCCL INFO transport/p2p.cc:449 Cuda Alloc Size 6291456 pointer 0x148f37800000
x3012c0s19b1n0:34477:39415 [3] NCCL INFO Allocated 4194656 bytes of shared memory in /dev/shm/nccl-quxylc

x3012c0s19b1n0:34477:39415 [3] NCCL INFO New proxy send connection 4 from local rank 3, transport 2
x3012c0s19b1n0:34475:39410 [1] NCCL INFO transport/net_ib.cc:771 Ib Alloc Size 552 pointer 0x14f1a4041000
x3012c0s19b1n0:34475:39410 [1] NCCL INFO transport/net.cc:698 Cuda Host Alloc Size 9641984 pointer 0x14f21ea00000
x3012c0s19b1n0:34475:39410 [1] NCCL INFO transport/net_ib.cc:683 Ib Alloc Size 21688 pointer 0x14f1a4043000
x3012c0s19b1n0:34475:39410 [1] NCCL INFO transport/net_ib.cc:696 Ib Alloc Size 552 pointer 0x14f1a404a000
x3012c0s19b1n0:34475:39410 [1] NCCL INFO transport/net_ib.cc:771 Ib Alloc Size 552 pointer 0x14f1a4065000
x3012c0s19b1n0:34475:39410 [1] NCCL INFO transport/net.cc:698 Cuda Host Alloc Size 9641984 pointer 0x14f21f400000
x3012c0s19b1n0:34476:39414 [2] NCCL INFO New proxy recv connection 5 from local rank 2, transport 0
x3012c0s19b1n0:34477:39258 [3] NCCL INFO Connection to proxy localRank 3 -> connection 0x1518fc000d80
x3012c0s19b1n0:34477:39258 [3] NCCL INFO Channel 00/0 : 15[c7000] -> 17[46000] [send] via NET/IB/1
x3012c0s19b1n0:34477:39258 [3] NCCL INFO GPU Direct RDMA Disabled for GPU c7000 / HCA 0 (distance 6 > 4)
x3012c0s19b1n0:34477:39415 [3] NCCL INFO New proxy send connection 5 from local rank 3, transport 2
x3012c0s19b1n0:34475:39410 [1] NCCL INFO transport/net_ib.cc:683 Ib Alloc Size 21688 pointer 0x14f1a4067000
x3012c0s19b1n0:34475:39410 [1] NCCL INFO transport/net_ib.cc:696 Ib Alloc Size 552 pointer 0x14f1a406e000
x3012c0s19b1n0:34476:39255 [2] NCCL INFO Connection to proxy localRank 2 -> connection 0x148f3c000dc0
x3012c0s19b1n0:34475:39410 [1] NCCL INFO transport/net_ib.cc:771 Ib Alloc Size 552 pointer 0x14f1a4089000
x3012c0s19b1n0:34475:39410 [1] NCCL INFO transport/net.cc:698 Cuda Host Alloc Size 9641984 pointer 0x14f21fe00000
x3012c0s19b1n0:34476:39414 [2] NCCL INFO transport/p2p.cc:449 Cuda Alloc Size 6291456 pointer 0x148f34000000
x3012c0s19b1n0:34477:39258 [3] NCCL INFO Connection to proxy localRank 3 -> connection 0x1518fc000dc0
x3012c0s19b1n0:34477:39258 [3] NCCL INFO Channel 01/0 : 15[c7000] -> 17[46000] [send] via NET/IB/0
x3012c0s19b1n0:34477:39258 [3] NCCL INFO GPU Direct RDMA Disabled for GPU c7000 / HCA 1 (distance 7 > 4)
x3012c0s19b1n0:34477:39415 [3] NCCL INFO New proxy send connection 6 from local rank 3, transport 2
x3012c0s19b1n0:34475:39410 [1] NCCL INFO transport/net_ib.cc:683 Ib Alloc Size 21688 pointer 0x14f1a408b000
x3012c0s19b1n0:34475:39410 [1] NCCL INFO transport/net_ib.cc:696 Ib Alloc Size 552 pointer 0x14f1a4092000
x3012c0s19b1n0:34476:39414 [2] NCCL INFO New proxy recv connection 6 from local rank 2, transport 0
x3012c0s19b1n0:34477:39258 [3] NCCL INFO Connection to proxy localRank 3 -> connection 0x1518fc000e00
x3012c0s19b1n0:34475:39410 [1] NCCL INFO transport/net_ib.cc:771 Ib Alloc Size 552 pointer 0x14f1a40ad000
x3012c0s19b1n0:34477:39258 [3] NCCL INFO Channel 02/0 : 15[c7000] -> 17[46000] [send] via NET/IB/1
x3012c0s19b1n0:34477:39258 [3] NCCL INFO GPU Direct RDMA Disabled for GPU c7000 / HCA 0 (distance 6 > 4)
x3012c0s19b1n0:34475:39410 [1] NCCL INFO transport/net.cc:698 Cuda Host Alloc Size 9641984 pointer 0x14f220800000
x3012c0s19b1n0:34477:39415 [3] NCCL INFO New proxy send connection 7 from local rank 3, transport 2
x3012c0s19b1n0:34476:39255 [2] NCCL INFO Connection to proxy localRank 2 -> connection 0x148f3c000e00
x3012c0s19b1n0:34476:39414 [2] NCCL INFO transport/p2p.cc:449 Cuda Alloc Size 6291456 pointer 0x148f34600000
x3012c0s19b1n0:34475:39257 [1] NCCL INFO Channel 00/0 : 13[46000] -> 12[7000] via P2P/IPC/read
x3012c0s19b1n0:34475:39410 [1] NCCL INFO New proxy send connection 4 from local rank 1, transport 0
x3012c0s19b1n0:34476:39414 [2] NCCL INFO New proxy recv connection 7 from local rank 2, transport 0
x3012c0s19b1n0:34477:39258 [3] NCCL INFO Connection to proxy localRank 3 -> connection 0x1518fc000e40
x3012c0s19b1n0:34477:39258 [3] NCCL INFO Channel 03/0 : 15[c7000] -> 17[46000] [send] via NET/IB/0
x3012c0s19b1n0:34477:39415 [3] NCCL INFO transport/net_ib.cc:596 Ib Alloc Size 26560 pointer 0x1518fc020000
x3012c0s19b1n0:34476:39255 [2] NCCL INFO Connection to proxy localRank 2 -> connection 0x148f3c000e40
x3012c0s19b1n0:34476:39414 [2] NCCL INFO transport/p2p.cc:449 Cuda Alloc Size 6291456 pointer 0x148f34c00000
x3012c0s19b1n0:34477:39415 [3] NCCL INFO NET/IB: Dev 1 Port 1 qpn 3609 mtu 5 GID 0 (80FE/891100FEFF000000)
x3012c0s19b1n0:34477:39415 [3] NCCL INFO transport/net_ib.cc:653 Ib Alloc Size 552 pointer 0x1518fc038000
x3012c0s19b1n0:34477:39415 [3] NCCL INFO transport/net.cc:571 Cuda Host Alloc Size 9641984 pointer 0x151902c00000
x3012c0s19b1n0:34475:39257 [1] NCCL INFO Connection to proxy localRank 1 -> connection 0x14f1a4000d80
x3012c0s19b1n0:34475:39410 [1] NCCL INFO transport/p2p.cc:430 Cuda Alloc Size 6291456 pointer 0x14f221200000
x3012c0s19b1n0:34476:39255 [2] NCCL INFO Connected all rings
x3012c0s19b1n0:34476:39414 [2] NCCL INFO New proxy recv connection 8 from local rank 2, transport 0
x3012c0s19b1n0:34474:39409 [0] NCCL INFO New proxy recv connection 4 from local rank 0, transport 0
x3012c0s19b1n0:34477:39415 [3] NCCL INFO transport/net_ib.cc:596 Ib Alloc Size 26560 pointer 0x1518fc03a000
x3012c0s19b1n0:34475:39257 [1] NCCL INFO Channel 01/0 : 13[46000] -> 12[7000] via P2P/IPC/read
x3012c0s19b1n0:34477:39415 [3] NCCL INFO NET/IB: Dev 0 Port 1 qpn 3201 mtu 5 GID 0 (80FE/DE1100FEFF000000)
x3012c0s19b1n0:34477:39415 [3] NCCL INFO transport/net_ib.cc:653 Ib Alloc Size 552 pointer 0x1518fc051000
x3012c0s19b1n0:34477:39415 [3] NCCL INFO transport/net.cc:571 Cuda Host Alloc Size 9641984 pointer 0x151903600000
x3012c0s19b1n0:34475:39410 [1] NCCL INFO New proxy send connection 5 from local rank 1, transport 0
x3012c0s19b1n0:34476:39255 [2] NCCL INFO Connection to proxy localRank 2 -> connection 0x148f3c000e80
x3012c0s19b1n0:34476:39414 [2] NCCL INFO transport/p2p.cc:449 Cuda Alloc Size 6291456 pointer 0x148f32c00000
x3012c0s19b1n0:34474:39256 [0] NCCL INFO Connection to proxy localRank 0 -> connection 0x149bf4000d80
x3012c0s19b1n0:34474:39409 [0] NCCL INFO transport/p2p.cc:449 Cuda Alloc Size 6291456 pointer 0x149bef800000
x3012c0s19b1n0:34477:39415 [3] NCCL INFO transport/net_ib.cc:596 Ib Alloc Size 26560 pointer 0x1518fc053000
x3012c0s19b1n0:34477:39415 [3] NCCL INFO NET/IB: Dev 1 Port 1 qpn 3610 mtu 5 GID 0 (80FE/891100FEFF000000)
x3012c0s19b1n0:34477:39415 [3] NCCL INFO transport/net_ib.cc:653 Ib Alloc Size 552 pointer 0x1518fc06a000
x3012c0s19b1n0:34477:39415 [3] NCCL INFO transport/net.cc:571 Cuda Host Alloc Size 9641984 pointer 0x1518f6000000
x3012c0s19b1n0:34475:39257 [1] NCCL INFO Connection to proxy localRank 1 -> connection 0x14f1a4000dc0
x3012c0s19b1n0:34477:39415 [3] NCCL INFO transport/net_ib.cc:596 Ib Alloc Size 26560 pointer 0x1518fc06c000
x3012c0s19b1n0:34476:39414 [2] NCCL INFO New proxy recv connection 9 from local rank 2, transport 0
x3012c0s19b1n0:34474:39409 [0] NCCL INFO New proxy recv connection 5 from local rank 0, transport 0
x3012c0s19b1n0:34477:39415 [3] NCCL INFO NET/IB: Dev 0 Port 1 qpn 3202 mtu 5 GID 0 (80FE/DE1100FEFF000000)
x3012c0s19b1n0:34477:39415 [3] NCCL INFO transport/net_ib.cc:653 Ib Alloc Size 552 pointer 0x1518fc083000
x3012c0s19b1n0:34477:39415 [3] NCCL INFO transport/net.cc:571 Cuda Host Alloc Size 9641984 pointer 0x1518f6a00000
x3012c0s19b1n0:34475:39410 [1] NCCL INFO transport/p2p.cc:430 Cuda Alloc Size 6291456 pointer 0x14f19e000000
x3012c0s19b1n0:34477:39258 [3] NCCL INFO Connected all rings
x3012c0s19b1n0:34477:39258 [3] NCCL INFO Channel 00/0 : 15[c7000] -> 14[85000] via P2P/IPC/read
x3012c0s19b1n0:34477:39415 [3] NCCL INFO New proxy send connection 8 from local rank 3, transport 0
x3012c0s19b1n0:34474:39256 [0] NCCL INFO Connection to proxy localRank 0 -> connection 0x149bf4000dc0
x3012c0s19b1n0:34474:39409 [0] NCCL INFO transport/p2p.cc:449 Cuda Alloc Size 6291456 pointer 0x149bec000000
x3012c0s19b1n0:34476:39255 [2] NCCL INFO Connection to proxy localRank 2 -> connection 0x148f3c000ec0
x3012c0s19b1n0:34476:39414 [2] NCCL INFO transport/p2p.cc:449 Cuda Alloc Size 6291456 pointer 0x148f33200000
x3012c0s19b1n0:34475:39257 [1] NCCL INFO Channel 02/0 : 13[46000] -> 12[7000] via P2P/IPC/read
x3012c0s19b1n0:34475:39410 [1] NCCL INFO New proxy send connection 6 from local rank 1, transport 0
x3012c0s19b1n0:34477:39258 [3] NCCL INFO Connection to proxy localRank 3 -> connection 0x1518fc000e80
x3012c0s19b1n0:34477:39415 [3] NCCL INFO transport/p2p.cc:430 Cuda Alloc Size 6291456 pointer 0x1518f7400000
x3012c0s19b1n0:34474:39409 [0] NCCL INFO New proxy recv connection 6 from local rank 0, transport 0
x3012c0s19b1n0:34476:39414 [2] NCCL INFO New proxy recv connection 10 from local rank 2, transport 0
x3012c0s19b1n0:34475:39257 [1] NCCL INFO Connection to proxy localRank 1 -> connection 0x14f1a4000e00
x3012c0s19b1n0:34475:39410 [1] NCCL INFO transport/p2p.cc:430 Cuda Alloc Size 6291456 pointer 0x14f19e600000
x3012c0s19b1n0:34475:39257 [1] NCCL INFO Channel 03/0 : 13[46000] -> 12[7000] via P2P/IPC/read
x3012c0s19b1n0:34477:39258 [3] NCCL INFO Channel 01/0 : 15[c7000] -> 14[85000] via P2P/IPC/read
x3012c0s19b1n0:34477:39415 [3] NCCL INFO New proxy send connection 9 from local rank 3, transport 0
x3012c0s19b1n0:34474:39256 [0] NCCL INFO Connection to proxy localRank 0 -> connection 0x149bf4000e00
x3012c0s19b1n0:34474:39409 [0] NCCL INFO transport/p2p.cc:449 Cuda Alloc Size 6291456 pointer 0x149bec600000
x3012c0s19b1n0:34475:39410 [1] NCCL INFO New proxy send connection 7 from local rank 1, transport 0
x3012c0s19b1n0:34476:39255 [2] NCCL INFO Connection to proxy localRank 2 -> connection 0x148f3c000f00
x3012c0s19b1n0:34476:39414 [2] NCCL INFO transport/p2p.cc:449 Cuda Alloc Size 6291456 pointer 0x148f33800000
x3012c0s19b1n0:34475:39257 [1] NCCL INFO Connection to proxy localRank 1 -> connection 0x14f1a4000e40
x3012c0s19b1n0:34475:39410 [1] NCCL INFO transport/p2p.cc:430 Cuda Alloc Size 6291456 pointer 0x14f19ec00000
x3012c0s19b1n0:34477:39258 [3] NCCL INFO Connection to proxy localRank 3 -> connection 0x1518fc000ec0
x3012c0s19b1n0:34477:39415 [3] NCCL INFO transport/p2p.cc:430 Cuda Alloc Size 6291456 pointer 0x1518f7a00000
x3012c0s19b1n0:34474:39409 [0] NCCL INFO New proxy recv connection 7 from local rank 0, transport 0
x3012c0s19b1n0:34476:39414 [2] NCCL INFO New proxy recv connection 11 from local rank 2, transport 0
x3012c0s19b1n0:34477:39258 [3] NCCL INFO Channel 02/0 : 15[c7000] -> 14[85000] via P2P/IPC/read
x3012c0s19b1n0:34477:39415 [3] NCCL INFO New proxy send connection 10 from local rank 3, transport 0
x3012c0s19b1n0:34474:39256 [0] NCCL INFO Connection to proxy localRank 0 -> connection 0x149bf4000e40
x3012c0s19b1n0:34474:39409 [0] NCCL INFO transport/p2p.cc:449 Cuda Alloc Size 6291456 pointer 0x149becc00000
x3012c0s19b1n0:34476:39255 [2] NCCL INFO Connection to proxy localRank 2 -> connection 0x148f3c000f40
x3012c0s19b1n0:34476:39414 [2] NCCL INFO transport/p2p.cc:449 Cuda Alloc Size 6291456 pointer 0x148f30000000
x3012c0s19b1n0:34477:39258 [3] NCCL INFO Connection to proxy localRank 3 -> connection 0x1518fc000f00
x3012c0s19b1n0:34477:39415 [3] NCCL INFO transport/p2p.cc:430 Cuda Alloc Size 6291456 pointer 0x1518f4000000
x3012c0s19b1n0:34477:39258 [3] NCCL INFO Channel 03/0 : 15[c7000] -> 14[85000] via P2P/IPC/read
x3012c0s19b1n0:34474:39256 [0] NCCL INFO Connected all rings
x3012c0s19b1n0:34474:39256 [0] NCCL INFO Channel 00/0 : 12[7000] -> 13[46000] via P2P/IPC/read
x3012c0s19b1n0:34474:39409 [0] NCCL INFO New proxy send connection 8 from local rank 0, transport 0
x3012c0s19b1n0:34475:39257 [1] NCCL INFO Connected all rings
x3012c0s19b1n0:34475:39410 [1] NCCL INFO New proxy recv connection 8 from local rank 1, transport 0
x3012c0s19b1n0:34477:39415 [3] NCCL INFO New proxy send connection 11 from local rank 3, transport 0
x3012c0s19b1n0:34474:39256 [0] NCCL INFO Connection to proxy localRank 0 -> connection 0x149bf4000e80
x3012c0s19b1n0:34474:39409 [0] NCCL INFO transport/p2p.cc:430 Cuda Alloc Size 6291456 pointer 0x149beac00000
x3012c0s19b1n0:34475:39257 [1] NCCL INFO Connection to proxy localRank 1 -> connection 0x14f1a4000e80
x3012c0s19b1n0:34475:39410 [1] NCCL INFO transport/p2p.cc:449 Cuda Alloc Size 6291456 pointer 0x14f196c00000
x3012c0s19b1n0:34477:39258 [3] NCCL INFO Connection to proxy localRank 3 -> connection 0x1518fc000f40
x3012c0s19b1n0:34477:39415 [3] NCCL INFO transport/p2p.cc:430 Cuda Alloc Size 6291456 pointer 0x1518f4600000
x3012c0s19b1n0:34475:39410 [1] NCCL INFO New proxy recv connection 9 from local rank 1, transport 0
x3012c0s19b1n0:34474:39256 [0] NCCL INFO Channel 01/0 : 12[7000] -> 13[46000] via P2P/IPC/read
x3012c0s19b1n0:34474:39409 [0] NCCL INFO New proxy send connection 9 from local rank 0, transport 0
x3012c0s19b1n0:34475:39257 [1] NCCL INFO Connection to proxy localRank 1 -> connection 0x14f1a4000ec0
x3012c0s19b1n0:34475:39410 [1] NCCL INFO transport/p2p.cc:449 Cuda Alloc Size 6291456 pointer 0x14f197200000
x3012c0s19b1n0:34475:39410 [1] NCCL INFO New proxy recv connection 10 from local rank 1, transport 0
x3012c0s19b1n0:34474:39256 [0] NCCL INFO Connection to proxy localRank 0 -> connection 0x149bf4000ec0
x3012c0s19b1n0:34474:39409 [0] NCCL INFO transport/p2p.cc:430 Cuda Alloc Size 6291456 pointer 0x149beb200000
x3012c0s19b1n0:34475:39257 [1] NCCL INFO Connection to proxy localRank 1 -> connection 0x14f1a4000f00
x3012c0s19b1n0:34475:39410 [1] NCCL INFO transport/p2p.cc:449 Cuda Alloc Size 6291456 pointer 0x14f197800000
x3012c0s19b1n0:34475:39410 [1] NCCL INFO New proxy recv connection 11 from local rank 1, transport 0
x3012c0s19b1n0:34474:39256 [0] NCCL INFO Channel 02/0 : 12[7000] -> 13[46000] via P2P/IPC/read
x3012c0s19b1n0:34474:39409 [0] NCCL INFO New proxy send connection 10 from local rank 0, transport 0
x3012c0s19b1n0:34474:39256 [0] NCCL INFO Connection to proxy localRank 0 -> connection 0x149bf4000f00
x3012c0s19b1n0:34475:39257 [1] NCCL INFO Connection to proxy localRank 1 -> connection 0x14f1a4000f40
x3012c0s19b1n0:34475:39410 [1] NCCL INFO transport/p2p.cc:449 Cuda Alloc Size 6291456 pointer 0x14f194000000
x3012c0s19b1n0:34474:39409 [0] NCCL INFO transport/p2p.cc:430 Cuda Alloc Size 6291456 pointer 0x149beb800000
x3012c0s19b1n0:34474:39256 [0] NCCL INFO Channel 03/0 : 12[7000] -> 13[46000] via P2P/IPC/read
x3012c0s19b1n0:34474:39409 [0] NCCL INFO New proxy send connection 11 from local rank 0, transport 0
x3012c0s19b1n0:34475:39257 [1] NCCL INFO Channel 00/0 : 13[46000] -> 14[85000] via P2P/IPC/read
x3012c0s19b1n0:34475:39410 [1] NCCL INFO New proxy send connection 12 from local rank 1, transport 0
x3012c0s19b1n0:34474:39256 [0] NCCL INFO Connection to proxy localRank 0 -> connection 0x149bf4000f40
x3012c0s19b1n0:34475:39257 [1] NCCL INFO Connection to proxy localRank 1 -> connection 0x14f1a4000f80
x3012c0s19b1n0:34475:39410 [1] NCCL INFO transport/p2p.cc:430 Cuda Alloc Size 6291456 pointer 0x14f194600000
x3012c0s19b1n0:34474:39409 [0] NCCL INFO transport/p2p.cc:430 Cuda Alloc Size 6291456 pointer 0x149be8000000
x3012c0s19b1n0:34475:39257 [1] NCCL INFO Channel 01/0 : 13[46000] -> 14[85000] via P2P/IPC/read
x3012c0s19b1n0:34475:39410 [1] NCCL INFO New proxy send connection 13 from local rank 1, transport 0
x3012c0s19b1n0:34475:39257 [1] NCCL INFO Connection to proxy localRank 1 -> connection 0x14f1a4000fc0
x3012c0s19b1n0:34475:39410 [1] NCCL INFO transport/p2p.cc:430 Cuda Alloc Size 6291456 pointer 0x14f194c00000
x3012c0s19b1n0:34475:39257 [1] NCCL INFO Channel 02/0 : 13[46000] -> 14[85000] via P2P/IPC/read
x3012c0s19b1n0:34475:39410 [1] NCCL INFO New proxy send connection 14 from local rank 1, transport 0
x3012c0s19b1n0:34475:39257 [1] NCCL INFO Connection to proxy localRank 1 -> connection 0x14f1a4001000
x3012c0s19b1n0:34475:39410 [1] NCCL INFO transport/p2p.cc:430 Cuda Alloc Size 6291456 pointer 0x14f195200000
x3012c0s19b1n0:34475:39257 [1] NCCL INFO Channel 03/0 : 13[46000] -> 14[85000] via P2P/IPC/read
x3012c0s19b1n0:34475:39410 [1] NCCL INFO New proxy send connection 15 from local rank 1, transport 0
x3012c0s19b1n0:34475:39257 [1] NCCL INFO Connection to proxy localRank 1 -> connection 0x14f1a4001040
x3012c0s19b1n0:34475:39410 [1] NCCL INFO transport/p2p.cc:430 Cuda Alloc Size 6291456 pointer 0x14f195800000
x3012c0s19b1n0:34475:39257 [1] NCCL INFO GPU Direct RDMA Disabled for GPU 46000 / HCA 1 (distance 6 > 4)
x3012c0s19b1n0:34476:39414 [2] NCCL INFO New proxy recv connection 12 from local rank 2, transport 0
x3012c0s19b1n0:34475:39410 [1] NCCL INFO New proxy recv connection 16 from local rank 1, transport 2
x3012c0s19b1n0:34474:39256 [0] NCCL INFO GPU Direct RDMA Disabled for GPU 7000 / HCA 1 (distance 7 > 4)
x3012c0s19b1n0:34474:39409 [0] NCCL INFO Allocated 4194656 bytes of shared memory in /dev/shm/nccl-rawrfW

x3012c0s19b1n0:34474:39409 [0] NCCL INFO New proxy recv connection 12 from local rank 0, transport 2
x3012c0s19b1n0:34476:39255 [2] NCCL INFO Connection to proxy localRank 2 -> connection 0x148f3c000f80
x3012c0s19b1n0:34476:39414 [2] NCCL INFO transport/p2p.cc:449 Cuda Alloc Size 6291456 pointer 0x148f2e000000
x3012c0s19b1n0:34474:39256 [0] NCCL INFO Connection to proxy localRank 0 -> connection 0x149bf4000f80
x3012c0s19b1n0:34474:39256 [0] NCCL INFO Channel 00/0 : 8[7000] -> 12[7000] [receive] via NET/IB/1
x3012c0s19b1n0:34474:39256 [0] NCCL INFO GPU Direct RDMA Disabled for GPU 7000 / HCA 0 (distance 7 > 4)
x3012c0s19b1n0:34474:39409 [0] NCCL INFO New proxy recv connection 13 from local rank 0, transport 2
x3012c0s19b1n0:34475:39257 [1] NCCL INFO Connection to proxy localRank 1 -> connection 0x14f1a4001080
x3012c0s19b1n0:34476:39414 [2] NCCL INFO New proxy recv connection 13 from local rank 2, transport 0
x3012c0s19b1n0:34476:39255 [2] NCCL INFO Connection to proxy localRank 2 -> connection 0x148f3c000fc0
x3012c0s19b1n0:34476:39414 [2] NCCL INFO transport/p2p.cc:449 Cuda Alloc Size 6291456 pointer 0x148f2e600000
x3012c0s19b1n0:34474:39256 [0] NCCL INFO Connection to proxy localRank 0 -> connection 0x149bf4000fc0
x3012c0s19b1n0:34475:39257 [1] NCCL INFO Channel 02/0 : 8[7000] -> 13[46000] [receive] via NET/IB/1
x3012c0s19b1n0:34475:39257 [1] NCCL INFO GPU Direct RDMA Disabled for GPU 46000 / HCA 0 (distance 7 > 4)
x3012c0s19b1n0:34474:39256 [0] NCCL INFO Channel 01/0 : 8[7000] -> 12[7000] [receive] via NET/IB/0
x3012c0s19b1n0:34474:39256 [0] NCCL INFO GPU Direct RDMA Disabled for GPU 7000 / HCA 1 (distance 7 > 4)
x3012c0s19b1n0:34474:39409 [0] NCCL INFO New proxy send connection 14 from local rank 0, transport 2
x3012c0s19b1n0:34476:39414 [2] NCCL INFO New proxy recv connection 14 from local rank 2, transport 0
x3012c0s19b1n0:34474:39256 [0] NCCL INFO Connection to proxy localRank 0 -> connection 0x149bf4001000
x3012c0s19b1n0:34474:39256 [0] NCCL INFO Channel 02/0 : 12[7000] -> 16[7000] [send] via NET/IB/1
x3012c0s19b1n0:34474:39256 [0] NCCL INFO GPU Direct RDMA Disabled for GPU 7000 / HCA 0 (distance 7 > 4)
x3012c0s19b1n0:34474:39409 [0] NCCL INFO New proxy send connection 15 from local rank 0, transport 2
x3012c0s19b1n0:34475:39410 [1] NCCL INFO New proxy recv connection 17 from local rank 1, transport 2
x3012c0s19b1n0:34475:39257 [1] NCCL INFO Connection to proxy localRank 1 -> connection 0x14f1a40010c0
x3012c0s19b1n0:34474:39256 [0] NCCL INFO Connection to proxy localRank 0 -> connection 0x149bf4001040
x3012c0s19b1n0:34474:39256 [0] NCCL INFO Channel 03/0 : 12[7000] -> 16[7000] [send] via NET/IB/0
x3012c0s19b1n0:34476:39255 [2] NCCL INFO Connection to proxy localRank 2 -> connection 0x148f3c001000
x3012c0s19b1n0:34476:39414 [2] NCCL INFO transport/p2p.cc:449 Cuda Alloc Size 6291456 pointer 0x148f2ec00000
x3012c0s19b1n0:34476:39414 [2] NCCL INFO New proxy recv connection 15 from local rank 2, transport 0
x3012c0s19b1n0:34475:39257 [1] NCCL INFO Channel 03/0 : 8[7000] -> 13[46000] [receive] via NET/IB/0
x3012c0s19b1n0:34476:39255 [2] NCCL INFO Connection to proxy localRank 2 -> connection 0x148f3c001040
x3012c0s19b1n0:34476:39414 [2] NCCL INFO transport/p2p.cc:449 Cuda Alloc Size 6291456 pointer 0x148f2f200000
x3012c0s19b1n0:34476:39255 [2] NCCL INFO Channel 00/0 : 14[85000] -> 13[46000] via P2P/IPC/read
x3012c0s19b1n0:34476:39414 [2] NCCL INFO New proxy send connection 16 from local rank 2, transport 0
x3012c0s19b1n0:34476:39255 [2] NCCL INFO Connection to proxy localRank 2 -> connection 0x148f3c001080
x3012c0s19b1n0:34476:39414 [2] NCCL INFO transport/p2p.cc:430 Cuda Alloc Size 6291456 pointer 0x148f2f800000
x3012c0s19b1n0:34475:39410 [1] NCCL INFO transport/net_ib.cc:683 Ib Alloc Size 21688 pointer 0x14f1a40be000
x3012c0s19b1n0:34475:39410 [1] NCCL INFO transport/net_ib.cc:696 Ib Alloc Size 552 pointer 0x14f1a401a000
x3012c0s19b1n0:34474:39409 [0] NCCL INFO transport/net_ib.cc:596 Ib Alloc Size 26560 pointer 0x149bf4026000
x3012c0s19b1n0:34474:39409 [0] NCCL INFO NET/IB: Dev 1 Port 1 qpn 3611 mtu 5 GID 0 (80FE/891100FEFF000000)
x3012c0s19b1n0:34474:39409 [0] NCCL INFO transport/net_ib.cc:653 Ib Alloc Size 552 pointer 0x149bf403e000
x3012c0s19b1n0:34474:39409 [0] NCCL INFO transport/net.cc:571 Cuda Host Alloc Size 9641984 pointer 0x149be6000000
x3012c0s19b1n0:34476:39255 [2] NCCL INFO Channel 01/0 : 14[85000] -> 13[46000] via P2P/IPC/read
x3012c0s19b1n0:34476:39414 [2] NCCL INFO New proxy send connection 17 from local rank 2, transport 0
x3012c0s19b1n0:34475:39410 [1] NCCL INFO transport/net_ib.cc:771 Ib Alloc Size 552 pointer 0x14f1a40df000
x3012c0s19b1n0:34475:39410 [1] NCCL INFO transport/net.cc:698 Cuda Host Alloc Size 9641984 pointer 0x14f191200000
x3012c0s19b1n0:34474:39409 [0] NCCL INFO transport/net_ib.cc:596 Ib Alloc Size 26560 pointer 0x149bf4040000
x3012c0s19b1n0:34474:39409 [0] NCCL INFO NET/IB: Dev 0 Port 1 qpn 3203 mtu 5 GID 0 (80FE/DE1100FEFF000000)
x3012c0s19b1n0:34474:39409 [0] NCCL INFO transport/net_ib.cc:653 Ib Alloc Size 552 pointer 0x149bf4057000
x3012c0s19b1n0:34474:39409 [0] NCCL INFO transport/net.cc:571 Cuda Host Alloc Size 9641984 pointer 0x149be6a00000
x3012c0s19b1n0:34475:39410 [1] NCCL INFO transport/net_ib.cc:683 Ib Alloc Size 21688 pointer 0x14f1a40e1000
x3012c0s19b1n0:34475:39410 [1] NCCL INFO transport/net_ib.cc:696 Ib Alloc Size 552 pointer 0x14f1a40e8000
x3012c0s19b1n0:34475:39410 [1] NCCL INFO transport/net_ib.cc:771 Ib Alloc Size 552 pointer 0x14f1a4103000
x3012c0s19b1n0:34475:39410 [1] NCCL INFO transport/net.cc:698 Cuda Host Alloc Size 9641984 pointer 0x14f18e000000
x3012c0s19b1n0:34474:39409 [0] NCCL INFO transport/net_ib.cc:683 Ib Alloc Size 21688 pointer 0x149bf4059000
x3012c0s19b1n0:34474:39409 [0] NCCL INFO transport/net_ib.cc:696 Ib Alloc Size 552 pointer 0x149bf4060000
x3012c0s19b1n0:34474:39409 [0] NCCL INFO transport/net_ib.cc:771 Ib Alloc Size 552 pointer 0x149bf407c000
x3012c0s19b1n0:34474:39409 [0] NCCL INFO transport/net.cc:698 Cuda Host Alloc Size 9641984 pointer 0x149be7400000
x3012c0s19b1n0:34476:39255 [2] NCCL INFO Connection to proxy localRank 2 -> connection 0x148f3c0010c0
x3012c0s19b1n0:34476:39414 [2] NCCL INFO transport/p2p.cc:430 Cuda Alloc Size 6291456 pointer 0x148f2c000000
x3012c0s19b1n0:34474:39409 [0] NCCL INFO transport/net_ib.cc:683 Ib Alloc Size 21688 pointer 0x149bf407e000
x3012c0s19b1n0:34474:39409 [0] NCCL INFO transport/net_ib.cc:696 Ib Alloc Size 552 pointer 0x149bf4085000
x3012c0s19b1n0:34474:39409 [0] NCCL INFO transport/net_ib.cc:771 Ib Alloc Size 552 pointer 0x149bf40a0000
x3012c0s19b1n0:34474:39409 [0] NCCL INFO transport/net.cc:698 Cuda Host Alloc Size 9641984 pointer 0x149bde000000
x3012c0s19b1n0:34475:39257 [1] NCCL INFO GPU Direct RDMA Disabled for GPU 46000 / HCA 1 (distance 6 > 4)
x3012c0s19b1n0:34475:39410 [1] NCCL INFO New proxy send connection 18 from local rank 1, transport 2
x3012c0s19b1n0:34474:39256 [0] NCCL INFO GPU Direct RDMA Disabled for GPU 7000 / HCA 1 (distance 7 > 4)
x3012c0s19b1n0:34474:39409 [0] NCCL INFO New proxy send connection 16 from local rank 0, transport 2
x3012c0s19b1n0:34476:39255 [2] NCCL INFO Channel 02/0 : 14[85000] -> 13[46000] via P2P/IPC/read
x3012c0s19b1n0:34476:39414 [2] NCCL INFO New proxy send connection 18 from local rank 2, transport 0
x3012c0s19b1n0:34475:39257 [1] NCCL INFO Connection to proxy localRank 1 -> connection 0x14f1a4001100
x3012c0s19b1n0:34475:39257 [1] NCCL INFO Channel 02/0 : 13[46000] -> 8[7000] [send] via NET/IB/1
x3012c0s19b1n0:34475:39257 [1] NCCL INFO GPU Direct RDMA Disabled for GPU 46000 / HCA 0 (distance 7 > 4)
x3012c0s19b1n0:34475:39410 [1] NCCL INFO New proxy send connection 19 from local rank 1, transport 2
x3012c0s19b1n0:34474:39256 [0] NCCL INFO Connection to proxy localRank 0 -> connection 0x149bf4001080
x3012c0s19b1n0:34474:39256 [0] NCCL INFO Channel 02/0 : 12[7000] -> 1[46000] [send] via NET/IB/1
x3012c0s19b1n0:34474:39256 [0] NCCL INFO GPU Direct RDMA Disabled for GPU 7000 / HCA 0 (distance 7 > 4)
x3012c0s19b1n0:34474:39409 [0] NCCL INFO New proxy send connection 17 from local rank 0, transport 2
x3012c0s19b1n0:34476:39255 [2] NCCL INFO Connection to proxy localRank 2 -> connection 0x148f3c001100
x3012c0s19b1n0:34476:39414 [2] NCCL INFO transport/p2p.cc:430 Cuda Alloc Size 6291456 pointer 0x148f2c600000
x3012c0s19b1n0:34475:39257 [1] NCCL INFO Connection to proxy localRank 1 -> connection 0x14f1a4001140
x3012c0s19b1n0:34475:39257 [1] NCCL INFO Channel 03/0 : 13[46000] -> 8[7000] [send] via NET/IB/0
x3012c0s19b1n0:34474:39256 [0] NCCL INFO Connection to proxy localRank 0 -> connection 0x149bf40010c0
x3012c0s19b1n0:34474:39256 [0] NCCL INFO Channel 03/0 : 12[7000] -> 1[46000] [send] via NET/IB/0
x3012c0s19b1n0:34474:39409 [0] NCCL INFO transport/net_ib.cc:596 Ib Alloc Size 26560 pointer 0x149bf40ac000
x3012c0s19b1n0:34474:39409 [0] NCCL INFO NET/IB: Dev 1 Port 1 qpn 3616 mtu 5 GID 0 (80FE/891100FEFF000000)
x3012c0s19b1n0:34474:39409 [0] NCCL INFO transport/net_ib.cc:653 Ib Alloc Size 552 pointer 0x149bf40c3000
x3012c0s19b1n0:34474:39409 [0] NCCL INFO transport/net.cc:571 Cuda Host Alloc Size 9641984 pointer 0x149bdea00000
x3012c0s19b1n0:34476:39255 [2] NCCL INFO Channel 03/0 : 14[85000] -> 13[46000] via P2P/IPC/read
x3012c0s19b1n0:34476:39414 [2] NCCL INFO New proxy send connection 19 from local rank 2, transport 0
x3012c0s19b1n0:34474:39409 [0] NCCL INFO transport/net_ib.cc:596 Ib Alloc Size 26560 pointer 0x149bf40c5000
x3012c0s19b1n0:34474:39409 [0] NCCL INFO NET/IB: Dev 0 Port 1 qpn 3208 mtu 5 GID 0 (80FE/DE1100FEFF000000)
x3012c0s19b1n0:34474:39409 [0] NCCL INFO transport/net_ib.cc:653 Ib Alloc Size 552 pointer 0x149bf40dc000
x3012c0s19b1n0:34474:39409 [0] NCCL INFO transport/net.cc:571 Cuda Host Alloc Size 9641984 pointer 0x149bdf400000
x3012c0s19b1n0:34476:39255 [2] NCCL INFO Connection to proxy localRank 2 -> connection 0x148f3c001140
x3012c0s19b1n0:34476:39414 [2] NCCL INFO transport/p2p.cc:430 Cuda Alloc Size 6291456 pointer 0x148f2cc00000
x3012c0s19b1n0:34477:39258 [3] NCCL INFO Connected all trees by HAO
x3012c0s19b1n0:34477:39258 [3] NCCL INFO threadThresholds 8/8/64 | 160/8/64 | 512 | 512
x3012c0s19b1n0:34477:39258 [3] NCCL INFO 4 coll channels, 4 p2p channels, 2 p2p channels per peer
x3012c0s19b1n0:34477:39415 [3] NCCL INFO New proxy send connection 12 from local rank 3, transport 2
x3012c0s19b1n0:34474:39256 [0] NCCL INFO GPU Direct RDMA Disabled for GPU 7000 / HCA 1 (distance 7 > 4)
x3012c0s19b1n0:34474:39409 [0] NCCL INFO New proxy recv connection 18 from local rank 0, transport 2
x3012c0s19b1n0:34477:39258 [3] NCCL INFO Connection to proxy localRank 3 -> connection 0x1518fc000f80
x3012c0s19b1n0:34477:39415 [3] NCCL INFO transport/net.cc:376 Cuda Alloc Size 8388608 pointer 0x1518f2600000
x3012c0s19b1n0:34474:39256 [0] NCCL INFO Connection to proxy localRank 0 -> connection 0x149bf4001100
x3012c0s19b1n0:34474:39256 [0] NCCL INFO Channel 02/0 : 1[46000] -> 12[7000] [receive] via NET/IB/1
x3012c0s19b1n0:34474:39256 [0] NCCL INFO GPU Direct RDMA Disabled for GPU 7000 / HCA 0 (distance 7 > 4)
x3012c0s19b1n0:34474:39409 [0] NCCL INFO New proxy recv connection 19 from local rank 0, transport 2
x3012c0s19b1n0:34474:39256 [0] NCCL INFO Connection to proxy localRank 0 -> connection 0x149bf4001140
x3012c0s19b1n0:34474:39256 [0] NCCL INFO Channel 03/0 : 1[46000] -> 12[7000] [receive] via NET/IB/0
x3012c0s19b1n0:34474:39409 [0] NCCL INFO transport/net_ib.cc:683 Ib Alloc Size 21688 pointer 0x149bf40e8000
x3012c0s19b1n0:34474:39409 [0] NCCL INFO transport/net_ib.cc:696 Ib Alloc Size 552 pointer 0x149bf40ef000
x3012c0s19b1n0:34474:39409 [0] NCCL INFO transport/net_ib.cc:771 Ib Alloc Size 552 pointer 0x149bf410a000
x3012c0s19b1n0:34474:39409 [0] NCCL INFO transport/net.cc:698 Cuda Host Alloc Size 9641984 pointer 0x149bdc000000
x3012c0s19b1n0:34474:39409 [0] NCCL INFO transport/net_ib.cc:683 Ib Alloc Size 21688 pointer 0x149bf410c000
x3012c0s19b1n0:34474:39409 [0] NCCL INFO transport/net_ib.cc:696 Ib Alloc Size 552 pointer 0x149bf4113000
x3012c0s19b1n0:34474:39409 [0] NCCL INFO transport/net_ib.cc:771 Ib Alloc Size 552 pointer 0x149bf412e000
x3012c0s19b1n0:34474:39409 [0] NCCL INFO transport/net.cc:698 Cuda Host Alloc Size 9641984 pointer 0x149bdca00000
x3012c0s19b1n0:34474:39256 [0] NCCL INFO GPU Direct RDMA Disabled for GPU 7000 / HCA 1 (distance 7 > 4)
x3012c0s19b1n0:34474:39409 [0] NCCL INFO New proxy recv connection 20 from local rank 0, transport 2
x3012c0s19b1n0:34474:39256 [0] NCCL INFO Connection to proxy localRank 0 -> connection 0x149bf4001180
x3012c0s19b1n0:34474:39256 [0] NCCL INFO Channel 02/0 : 16[7000] -> 12[7000] [receive] via NET/IB/1
x3012c0s19b1n0:34474:39256 [0] NCCL INFO GPU Direct RDMA Disabled for GPU 7000 / HCA 0 (distance 7 > 4)
x3012c0s19b1n0:34474:39409 [0] NCCL INFO New proxy recv connection 21 from local rank 0, transport 2
x3012c0s19b1n0:34474:39256 [0] NCCL INFO Connection to proxy localRank 0 -> connection 0x149bf40011c0
x3012c0s19b1n0:34474:39256 [0] NCCL INFO Channel 03/0 : 16[7000] -> 12[7000] [receive] via NET/IB/0
x3012c0s19b1n0:34474:39256 [0] NCCL INFO GPU Direct RDMA Disabled for GPU 7000 / HCA 1 (distance 7 > 4)
x3012c0s19b1n0:34474:39409 [0] NCCL INFO New proxy send connection 22 from local rank 0, transport 2
x3012c0s19b1n0:34474:39256 [0] NCCL INFO Connection to proxy localRank 0 -> connection 0x149bf4001200
x3012c0s19b1n0:34474:39256 [0] NCCL INFO Channel 00/0 : 12[7000] -> 8[7000] [send] via NET/IB/1
x3012c0s19b1n0:34474:39256 [0] NCCL INFO GPU Direct RDMA Disabled for GPU 7000 / HCA 0 (distance 7 > 4)
x3012c0s19b1n0:34474:39409 [0] NCCL INFO New proxy send connection 23 from local rank 0, transport 2
x3012c0s19b1n0:34474:39256 [0] NCCL INFO Connection to proxy localRank 0 -> connection 0x149bf4001240
x3012c0s19b1n0:34474:39256 [0] NCCL INFO Channel 01/0 : 12[7000] -> 8[7000] [send] via NET/IB/0
x3012c0s19b1n0:34475:39410 [1] NCCL INFO transport/net_ib.cc:596 Ib Alloc Size 26560 pointer 0x14f1a410f000
x3012c0s19b1n0:34475:39410 [1] NCCL INFO NET/IB: Dev 1 Port 1 qpn 3619 mtu 5 GID 0 (80FE/891100FEFF000000)
x3012c0s19b1n0:34475:39410 [1] NCCL INFO transport/net_ib.cc:653 Ib Alloc Size 552 pointer 0x14f1a4126000
x3012c0s19b1n0:34475:39410 [1] NCCL INFO transport/net.cc:571 Cuda Host Alloc Size 9641984 pointer 0x14f18ea00000
