x3002c0s31b0n0:2138:5834 [0] NCCL INFO Connection to proxy localRank 0 -> connection 0x1468c8000e40
x3002c0s31b0n0:2138:5991 [0] NCCL INFO transport/p2p.cc:449 Cuda Alloc Size 6291456 pointer 0x146938800000
x3002c0s31b0n0:2140:5997 [2] NCCL INFO New proxy recv connection 11 from local rank 2, transport 0
x3002c0s31b0n0:2138:5834 [0] NCCL INFO Connected all rings
x3002c0s31b0n0:2138:5834 [0] NCCL INFO Channel 00/0 : 16[7000] -> 17[46000] via P2P/IPC/read
x3002c0s31b0n0:2138:5991 [0] NCCL INFO New proxy send connection 8 from local rank 0, transport 0
x3002c0s31b0n0:2139:5833 [1] NCCL INFO Connected all rings
x3002c0s31b0n0:2139:5994 [1] NCCL INFO New proxy recv connection 8 from local rank 1, transport 0
x3002c0s31b0n0:2140:5836 [2] NCCL INFO Connection to proxy localRank 2 -> connection 0x14e4a4000f40
x3002c0s31b0n0:2140:5997 [2] NCCL INFO transport/p2p.cc:449 Cuda Alloc Size 6291456 pointer 0x14e518000000
x3002c0s31b0n0:2138:5834 [0] NCCL INFO Connection to proxy localRank 0 -> connection 0x1468c8000e80
x3002c0s31b0n0:2138:5991 [0] NCCL INFO transport/p2p.cc:430 Cuda Alloc Size 6291456 pointer 0x14693a600000
x3002c0s31b0n0:2139:5833 [1] NCCL INFO Connection to proxy localRank 1 -> connection 0x14fa10000e80
x3002c0s31b0n0:2139:5994 [1] NCCL INFO transport/p2p.cc:449 Cuda Alloc Size 6291456 pointer 0x14fa80600000
x3002c0s31b0n0:2138:5834 [0] NCCL INFO Channel 01/0 : 16[7000] -> 17[46000] via P2P/IPC/read
x3002c0s31b0n0:2138:5991 [0] NCCL INFO New proxy send connection 9 from local rank 0, transport 0
x3002c0s31b0n0:2139:5994 [1] NCCL INFO New proxy recv connection 9 from local rank 1, transport 0
x3002c0s31b0n0:2138:5834 [0] NCCL INFO Connection to proxy localRank 0 -> connection 0x1468c8000ec0
x3002c0s31b0n0:2138:5991 [0] NCCL INFO transport/p2p.cc:430 Cuda Alloc Size 6291456 pointer 0x14693ac00000
x3002c0s31b0n0:2139:5833 [1] NCCL INFO Connection to proxy localRank 1 -> connection 0x14fa10000ec0
x3002c0s31b0n0:2139:5994 [1] NCCL INFO transport/p2p.cc:449 Cuda Alloc Size 6291456 pointer 0x14fa80c00000
x3002c0s31b0n0:2138:5834 [0] NCCL INFO Channel 02/0 : 16[7000] -> 17[46000] via P2P/IPC/read
x3002c0s31b0n0:2138:5991 [0] NCCL INFO New proxy send connection 10 from local rank 0, transport 0
x3002c0s31b0n0:2139:5994 [1] NCCL INFO New proxy recv connection 10 from local rank 1, transport 0
x3002c0s31b0n0:2138:5834 [0] NCCL INFO Connection to proxy localRank 0 -> connection 0x1468c8000f00
x3002c0s31b0n0:2138:5991 [0] NCCL INFO transport/p2p.cc:430 Cuda Alloc Size 6291456 pointer 0x14693b200000
x3002c0s31b0n0:2138:5834 [0] NCCL INFO Channel 03/0 : 16[7000] -> 17[46000] via P2P/IPC/read
x3002c0s31b0n0:2138:5991 [0] NCCL INFO New proxy send connection 11 from local rank 0, transport 0
x3002c0s31b0n0:2138:5834 [0] NCCL INFO Connection to proxy localRank 0 -> connection 0x1468c8000f40
x3002c0s31b0n0:2139:5833 [1] NCCL INFO Connection to proxy localRank 1 -> connection 0x14fa10000f00
x3002c0s31b0n0:2139:5994 [1] NCCL INFO transport/p2p.cc:449 Cuda Alloc Size 6291456 pointer 0x14fa81200000
x3002c0s31b0n0:2138:5991 [0] NCCL INFO transport/p2p.cc:430 Cuda Alloc Size 6291456 pointer 0x14693b800000
x3002c0s31b0n0:2139:5994 [1] NCCL INFO New proxy recv connection 11 from local rank 1, transport 0
x3002c0s31b0n0:2139:5833 [1] NCCL INFO Connection to proxy localRank 1 -> connection 0x14fa10000f40
x3002c0s31b0n0:2139:5994 [1] NCCL INFO transport/p2p.cc:449 Cuda Alloc Size 6291456 pointer 0x14fa81800000
x3002c0s31b0n0:2139:5833 [1] NCCL INFO Channel 00/0 : 17[46000] -> 18[85000] via P2P/IPC/read
x3002c0s31b0n0:2139:5994 [1] NCCL INFO New proxy send connection 12 from local rank 1, transport 0
x3002c0s31b0n0:2139:5833 [1] NCCL INFO Connection to proxy localRank 1 -> connection 0x14fa10000f80
x3002c0s31b0n0:2139:5994 [1] NCCL INFO transport/p2p.cc:430 Cuda Alloc Size 6291456 pointer 0x14fa81e00000
x3002c0s31b0n0:2139:5833 [1] NCCL INFO Channel 01/0 : 17[46000] -> 18[85000] via P2P/IPC/read
x3002c0s31b0n0:2139:5994 [1] NCCL INFO New proxy send connection 13 from local rank 1, transport 0
x3002c0s31b0n0:2139:5833 [1] NCCL INFO Connection to proxy localRank 1 -> connection 0x14fa10000fc0
x3002c0s31b0n0:2139:5994 [1] NCCL INFO transport/p2p.cc:430 Cuda Alloc Size 6291456 pointer 0x14fa82400000
x3002c0s31b0n0:2139:5833 [1] NCCL INFO Channel 02/0 : 17[46000] -> 18[85000] via P2P/IPC/read
x3002c0s31b0n0:2139:5994 [1] NCCL INFO New proxy send connection 14 from local rank 1, transport 0
x3002c0s31b0n0:2139:5833 [1] NCCL INFO Connection to proxy localRank 1 -> connection 0x14fa10001000
x3002c0s31b0n0:2139:5994 [1] NCCL INFO transport/p2p.cc:430 Cuda Alloc Size 6291456 pointer 0x14fa82a00000
x3002c0s31b0n0:2139:5833 [1] NCCL INFO Channel 03/0 : 17[46000] -> 18[85000] via P2P/IPC/read
x3002c0s31b0n0:2139:5994 [1] NCCL INFO New proxy send connection 15 from local rank 1, transport 0
x3002c0s31b0n0:2139:5833 [1] NCCL INFO Connection to proxy localRank 1 -> connection 0x14fa10001040
x3002c0s31b0n0:2139:5994 [1] NCCL INFO transport/p2p.cc:430 Cuda Alloc Size 6291456 pointer 0x14fa83000000
x3002c0s31b0n0:2139:5833 [1] NCCL INFO GPU Direct RDMA Disabled for GPU 46000 / HCA 1 (distance 6 > 4)
x3002c0s31b0n0:2140:5997 [2] NCCL INFO New proxy recv connection 12 from local rank 2, transport 0
x3002c0s31b0n0:2138:5834 [0] NCCL INFO GPU Direct RDMA Disabled for GPU 7000 / HCA 1 (distance 7 > 4)
x3002c0s31b0n0:2138:5991 [0] NCCL INFO Allocated 4194656 bytes of shared memory in /dev/shm/nccl-EExKbS

x3002c0s31b0n0:2138:5991 [0] NCCL INFO New proxy recv connection 12 from local rank 0, transport 2
x3002c0s31b0n0:2139:5994 [1] NCCL INFO New proxy recv connection 16 from local rank 1, transport 2
x3002c0s31b0n0:2140:5836 [2] NCCL INFO Connection to proxy localRank 2 -> connection 0x14e4a4000f80
x3002c0s31b0n0:2140:5997 [2] NCCL INFO transport/p2p.cc:449 Cuda Alloc Size 6291456 pointer 0x14e4aa600000
x3002c0s31b0n0:2138:5834 [0] NCCL INFO Connection to proxy localRank 0 -> connection 0x1468c8000f80
x3002c0s31b0n0:2139:5833 [1] NCCL INFO Connection to proxy localRank 1 -> connection 0x14fa10001080
x3002c0s31b0n0:2140:5997 [2] NCCL INFO New proxy recv connection 13 from local rank 2, transport 0
x3002c0s31b0n0:2138:5834 [0] NCCL INFO Channel 02/0 : 13[46000] -> 16[7000] [receive] via NET/IB/1
x3002c0s31b0n0:2138:5834 [0] NCCL INFO GPU Direct RDMA Disabled for GPU 7000 / HCA 0 (distance 7 > 4)
x3002c0s31b0n0:2138:5991 [0] NCCL INFO New proxy recv connection 13 from local rank 0, transport 2
x3002c0s31b0n0:2138:5834 [0] NCCL INFO Connection to proxy localRank 0 -> connection 0x1468c8000fc0
x3002c0s31b0n0:2139:5833 [1] NCCL INFO Channel 00/0 : 8[7000] -> 17[46000] [receive] via NET/IB/1
x3002c0s31b0n0:2139:5833 [1] NCCL INFO GPU Direct RDMA Disabled for GPU 46000 / HCA 0 (distance 7 > 4)
x3002c0s31b0n0:2139:5994 [1] NCCL INFO New proxy recv connection 17 from local rank 1, transport 2
x3002c0s31b0n0:2140:5836 [2] NCCL INFO Connection to proxy localRank 2 -> connection 0x14e4a4000fc0
x3002c0s31b0n0:2140:5997 [2] NCCL INFO transport/p2p.cc:449 Cuda Alloc Size 6291456 pointer 0x14e4aac00000
x3002c0s31b0n0:2139:5833 [1] NCCL INFO Connection to proxy localRank 1 -> connection 0x14fa100010c0
x3002c0s31b0n0:2138:5834 [0] NCCL INFO Channel 03/0 : 13[46000] -> 16[7000] [receive] via NET/IB/0
x3002c0s31b0n0:2138:5991 [0] NCCL INFO transport/net_ib.cc:683 Ib Alloc Size 21688 pointer 0x1468c801b000
x3002c0s31b0n0:2138:5991 [0] NCCL INFO transport/net_ib.cc:696 Ib Alloc Size 552 pointer 0x1468c8022000
x3002c0s31b0n0:2138:5991 [0] NCCL INFO transport/net_ib.cc:771 Ib Alloc Size 552 pointer 0x1468c803f000
x3002c0s31b0n0:2138:5991 [0] NCCL INFO transport/net.cc:698 Cuda Host Alloc Size 9641984 pointer 0x1468c6000000
x3002c0s31b0n0:2140:5997 [2] NCCL INFO New proxy recv connection 14 from local rank 2, transport 0
x3002c0s31b0n0:2139:5833 [1] NCCL INFO Channel 01/0 : 8[7000] -> 17[46000] [receive] via NET/IB/0
x3002c0s31b0n0:2138:5991 [0] NCCL INFO transport/net_ib.cc:683 Ib Alloc Size 21688 pointer 0x1468c8041000
x3002c0s31b0n0:2138:5991 [0] NCCL INFO transport/net_ib.cc:696 Ib Alloc Size 552 pointer 0x1468c8048000
x3002c0s31b0n0:2140:5836 [2] NCCL INFO Connection to proxy localRank 2 -> connection 0x14e4a4001000
x3002c0s31b0n0:2140:5997 [2] NCCL INFO transport/p2p.cc:449 Cuda Alloc Size 6291456 pointer 0x14e4ab200000
x3002c0s31b0n0:2138:5991 [0] NCCL INFO transport/net_ib.cc:771 Ib Alloc Size 552 pointer 0x1468c8063000
x3002c0s31b0n0:2138:5991 [0] NCCL INFO transport/net.cc:698 Cuda Host Alloc Size 9641984 pointer 0x1468c6a00000
x3002c0s31b0n0:2140:5997 [2] NCCL INFO New proxy recv connection 15 from local rank 2, transport 0
x3002c0s31b0n0:2140:5836 [2] NCCL INFO Connection to proxy localRank 2 -> connection 0x14e4a4001040
x3002c0s31b0n0:2138:5834 [0] NCCL INFO GPU Direct RDMA Disabled for GPU 7000 / HCA 1 (distance 7 > 4)
x3002c0s31b0n0:2138:5991 [0] NCCL INFO New proxy send connection 14 from local rank 0, transport 2
x3002c0s31b0n0:2140:5997 [2] NCCL INFO transport/p2p.cc:449 Cuda Alloc Size 6291456 pointer 0x14e4ab800000
x3002c0s31b0n0:2138:5834 [0] NCCL INFO Connection to proxy localRank 0 -> connection 0x1468c8001000
x3002c0s31b0n0:2138:5834 [0] NCCL INFO Channel 00/0 : 16[7000] -> 20[7000] [send] via NET/IB/1
x3002c0s31b0n0:2138:5834 [0] NCCL INFO GPU Direct RDMA Disabled for GPU 7000 / HCA 0 (distance 7 > 4)
x3002c0s31b0n0:2138:5991 [0] NCCL INFO New proxy send connection 15 from local rank 0, transport 2
x3002c0s31b0n0:2138:5834 [0] NCCL INFO Connection to proxy localRank 0 -> connection 0x1468c8001040
x3002c0s31b0n0:2140:5836 [2] NCCL INFO Channel 00/0 : 18[85000] -> 17[46000] via P2P/IPC/read
x3002c0s31b0n0:2140:5997 [2] NCCL INFO New proxy send connection 16 from local rank 2, transport 0
x3002c0s31b0n0:2138:5834 [0] NCCL INFO Channel 01/0 : 16[7000] -> 20[7000] [send] via NET/IB/0
x3002c0s31b0n0:2140:5836 [2] NCCL INFO Connection to proxy localRank 2 -> connection 0x14e4a4001080
x3002c0s31b0n0:2140:5997 [2] NCCL INFO transport/p2p.cc:430 Cuda Alloc Size 6291456 pointer 0x14e4a2000000
x3002c0s31b0n0:2140:5836 [2] NCCL INFO Channel 01/0 : 18[85000] -> 17[46000] via P2P/IPC/read
x3002c0s31b0n0:2140:5997 [2] NCCL INFO New proxy send connection 17 from local rank 2, transport 0
x3002c0s31b0n0:2138:5991 [0] NCCL INFO transport/net_ib.cc:596 Ib Alloc Size 26560 pointer 0x1468c806f000
x3002c0s31b0n0:2138:5991 [0] NCCL INFO NET/IB: Dev 1 Port 1 qpn 38832 mtu 5 GID 0 (80FE/DB0000FEFF000000)
x3002c0s31b0n0:2138:5991 [0] NCCL INFO transport/net_ib.cc:653 Ib Alloc Size 552 pointer 0x1468c8086000
x3002c0s31b0n0:2138:5991 [0] NCCL INFO transport/net.cc:571 Cuda Host Alloc Size 9641984 pointer 0x1468c7400000
x3002c0s31b0n0:2140:5836 [2] NCCL INFO Connection to proxy localRank 2 -> connection 0x14e4a40010c0
x3002c0s31b0n0:2140:5997 [2] NCCL INFO transport/p2p.cc:430 Cuda Alloc Size 6291456 pointer 0x14e4a2600000
x3002c0s31b0n0:2140:5836 [2] NCCL INFO Channel 02/0 : 18[85000] -> 17[46000] via P2P/IPC/read
x3002c0s31b0n0:2140:5997 [2] NCCL INFO New proxy send connection 18 from local rank 2, transport 0
x3002c0s31b0n0:2140:5836 [2] NCCL INFO Connection to proxy localRank 2 -> connection 0x14e4a4001100
x3002c0s31b0n0:2139:5994 [1] NCCL INFO transport/net_ib.cc:683 Ib Alloc Size 21688 pointer 0x14fa100be000
x3002c0s31b0n0:2139:5994 [1] NCCL INFO transport/net_ib.cc:696 Ib Alloc Size 552 pointer 0x14fa1001a000
x3002c0s31b0n0:2140:5997 [2] NCCL INFO transport/p2p.cc:430 Cuda Alloc Size 6291456 pointer 0x14e4a2c00000
x3002c0s31b0n0:2138:5991 [0] NCCL INFO transport/net_ib.cc:596 Ib Alloc Size 26560 pointer 0x1468c8088000
x3002c0s31b0n0:2138:5991 [0] NCCL INFO NET/IB: Dev 0 Port 1 qpn 39660 mtu 5 GID 0 (80FE/9E0000FEFF000000)
x3002c0s31b0n0:2138:5991 [0] NCCL INFO transport/net_ib.cc:653 Ib Alloc Size 552 pointer 0x1468c809f000
x3002c0s31b0n0:2139:5994 [1] NCCL INFO transport/net_ib.cc:771 Ib Alloc Size 552 pointer 0x14fa100df000
x3002c0s31b0n0:2138:5991 [0] NCCL INFO transport/net.cc:571 Cuda Host Alloc Size 9641984 pointer 0x1468c4000000
x3002c0s31b0n0:2139:5994 [1] NCCL INFO transport/net.cc:698 Cuda Host Alloc Size 9641984 pointer 0x14fa0ec00000
x3002c0s31b0n0:2138:5834 [0] NCCL INFO GPU Direct RDMA Disabled for GPU 7000 / HCA 1 (distance 7 > 4)
x3002c0s31b0n0:2138:5991 [0] NCCL INFO New proxy send connection 16 from local rank 0, transport 2
x3002c0s31b0n0:2140:5836 [2] NCCL INFO Channel 03/0 : 18[85000] -> 17[46000] via P2P/IPC/read
x3002c0s31b0n0:2140:5997 [2] NCCL INFO New proxy send connection 19 from local rank 2, transport 0
x3002c0s31b0n0:2139:5994 [1] NCCL INFO transport/net_ib.cc:683 Ib Alloc Size 21688 pointer 0x14fa100e1000
x3002c0s31b0n0:2139:5994 [1] NCCL INFO transport/net_ib.cc:696 Ib Alloc Size 552 pointer 0x14fa100e8000
x3002c0s31b0n0:2138:5834 [0] NCCL INFO Connection to proxy localRank 0 -> connection 0x1468c8001080
x3002c0s31b0n0:2138:5834 [0] NCCL INFO Channel 00/0 : 16[7000] -> 0[7000] [send] via NET/IB/1
x3002c0s31b0n0:2138:5834 [0] NCCL INFO GPU Direct RDMA Disabled for GPU 7000 / HCA 0 (distance 7 > 4)
x3002c0s31b0n0:2139:5994 [1] NCCL INFO transport/net_ib.cc:771 Ib Alloc Size 552 pointer 0x14fa10103000
x3002c0s31b0n0:2139:5994 [1] NCCL INFO transport/net.cc:698 Cuda Host Alloc Size 9641984 pointer 0x14fa0f600000
x3002c0s31b0n0:2138:5991 [0] NCCL INFO New proxy send connection 17 from local rank 0, transport 2
x3002c0s31b0n0:2140:5836 [2] NCCL INFO Connection to proxy localRank 2 -> connection 0x14e4a4001140
x3002c0s31b0n0:2140:5997 [2] NCCL INFO transport/p2p.cc:430 Cuda Alloc Size 6291456 pointer 0x14e4a3200000
x3002c0s31b0n0:2139:5833 [1] NCCL INFO GPU Direct RDMA Disabled for GPU 46000 / HCA 1 (distance 6 > 4)
x3002c0s31b0n0:2139:5994 [1] NCCL INFO New proxy send connection 18 from local rank 1, transport 2
x3002c0s31b0n0:2138:5834 [0] NCCL INFO Connection to proxy localRank 0 -> connection 0x1468c80010c0
x3002c0s31b0n0:2138:5834 [0] NCCL INFO Channel 01/0 : 16[7000] -> 0[7000] [send] via NET/IB/0
x3002c0s31b0n0:2138:5991 [0] NCCL INFO transport/net_ib.cc:596 Ib Alloc Size 26560 pointer 0x1468c80ab000
x3002c0s31b0n0:2139:5833 [1] NCCL INFO Connection to proxy localRank 1 -> connection 0x14fa10001100
x3002c0s31b0n0:2139:5833 [1] NCCL INFO Channel 00/0 : 17[46000] -> 8[7000] [send] via NET/IB/1
x3002c0s31b0n0:2139:5833 [1] NCCL INFO GPU Direct RDMA Disabled for GPU 46000 / HCA 0 (distance 7 > 4)
x3002c0s31b0n0:2139:5994 [1] NCCL INFO New proxy send connection 19 from local rank 1, transport 2
x3002c0s31b0n0:2138:5991 [0] NCCL INFO NET/IB: Dev 1 Port 1 qpn 38835 mtu 5 GID 0 (80FE/DB0000FEFF000000)
x3002c0s31b0n0:2138:5991 [0] NCCL INFO transport/net_ib.cc:653 Ib Alloc Size 552 pointer 0x1468c80c2000
x3002c0s31b0n0:2138:5991 [0] NCCL INFO transport/net.cc:571 Cuda Host Alloc Size 9641984 pointer 0x1468c4a00000
x3002c0s31b0n0:2141:5835 [3] NCCL INFO Connected all trees by HAO
x3002c0s31b0n0:2141:5835 [3] NCCL INFO threadThresholds 8/8/64 | 192/8/64 | 512 | 512
x3002c0s31b0n0:2141:5835 [3] NCCL INFO 4 coll channels, 4 p2p channels, 2 p2p channels per peer
x3002c0s31b0n0:2141:6000 [3] NCCL INFO New proxy send connection 12 from local rank 3, transport 2
x3002c0s31b0n0:2141:5835 [3] NCCL INFO Connection to proxy localRank 3 -> connection 0x14a8dc000f80
x3002c0s31b0n0:2141:6000 [3] NCCL INFO transport/net.cc:376 Cuda Alloc Size 8388608 pointer 0x14a953c00000
x3002c0s31b0n0:2138:5991 [0] NCCL INFO transport/net_ib.cc:596 Ib Alloc Size 26560 pointer 0x1468c80c4000
x3002c0s31b0n0:2138:5991 [0] NCCL INFO NET/IB: Dev 0 Port 1 qpn 39663 mtu 5 GID 0 (80FE/9E0000FEFF000000)
x3002c0s31b0n0:2138:5991 [0] NCCL INFO transport/net_ib.cc:653 Ib Alloc Size 552 pointer 0x1468c80db000
x3002c0s31b0n0:2138:5991 [0] NCCL INFO transport/net.cc:571 Cuda Host Alloc Size 9641984 pointer 0x1468c5400000
x3002c0s31b0n0:2139:5833 [1] NCCL INFO Connection to proxy localRank 1 -> connection 0x14fa10001140
x3002c0s31b0n0:2139:5833 [1] NCCL INFO Channel 01/0 : 17[46000] -> 8[7000] [send] via NET/IB/0
x3002c0s31b0n0:2139:5994 [1] NCCL INFO transport/net_ib.cc:596 Ib Alloc Size 26560 pointer 0x14fa1010f000
x3002c0s31b0n0:2139:5994 [1] NCCL INFO NET/IB: Dev 1 Port 1 qpn 38836 mtu 5 GID 0 (80FE/DB0000FEFF000000)
x3002c0s31b0n0:2139:5994 [1] NCCL INFO transport/net_ib.cc:653 Ib Alloc Size 552 pointer 0x14fa10126000
x3002c0s31b0n0:2139:5994 [1] NCCL INFO transport/net.cc:571 Cuda Host Alloc Size 9641984 pointer 0x14fa0c000000
x3002c0s31b0n0:2138:5834 [0] NCCL INFO GPU Direct RDMA Disabled for GPU 7000 / HCA 1 (distance 7 > 4)
x3002c0s31b0n0:2138:5991 [0] NCCL INFO New proxy recv connection 18 from local rank 0, transport 2
x3002c0s31b0n0:2139:5994 [1] NCCL INFO transport/net_ib.cc:596 Ib Alloc Size 26560 pointer 0x14fa10128000
x3002c0s31b0n0:2139:5994 [1] NCCL INFO NET/IB: Dev 0 Port 1 qpn 39664 mtu 5 GID 0 (80FE/9E0000FEFF000000)
x3002c0s31b0n0:2139:5994 [1] NCCL INFO transport/net_ib.cc:653 Ib Alloc Size 552 pointer 0x14fa1013f000
x3002c0s31b0n0:2139:5994 [1] NCCL INFO transport/net.cc:571 Cuda Host Alloc Size 9641984 pointer 0x14fa0ca00000
x3002c0s31b0n0:2139:5994 [1] NCCL INFO New proxy recv connection 20 from local rank 1, transport 0
x3002c0s31b0n0:2138:5834 [0] NCCL INFO Connection to proxy localRank 0 -> connection 0x1468c8001100
x3002c0s31b0n0:2139:5833 [1] NCCL INFO Connection to proxy localRank 1 -> connection 0x14fa10001180
x3002c0s31b0n0:2139:5994 [1] NCCL INFO transport/p2p.cc:449 Cuda Alloc Size 6291456 pointer 0x14fa0d400000
x3002c0s31b0n0:2138:5834 [0] NCCL INFO Channel 00/0 : 0[7000] -> 16[7000] [receive] via NET/IB/1
x3002c0s31b0n0:2138:5834 [0] NCCL INFO GPU Direct RDMA Disabled for GPU 7000 / HCA 0 (distance 7 > 4)
x3002c0s31b0n0:2138:5991 [0] NCCL INFO New proxy recv connection 19 from local rank 0, transport 2
x3002c0s31b0n0:2138:5834 [0] NCCL INFO Connection to proxy localRank 0 -> connection 0x1468c8001140
x3002c0s31b0n0:2139:5994 [1] NCCL INFO New proxy recv connection 21 from local rank 1, transport 0
x3002c0s31b0n0:2138:5834 [0] NCCL INFO Channel 01/0 : 0[7000] -> 16[7000] [receive] via NET/IB/0
x3002c0s31b0n0:2138:5991 [0] NCCL INFO transport/net_ib.cc:683 Ib Alloc Size 21688 pointer 0x1468c80e7000
x3002c0s31b0n0:2138:5991 [0] NCCL INFO transport/net_ib.cc:696 Ib Alloc Size 552 pointer 0x1468c80ee000
x3002c0s31b0n0:2139:5833 [1] NCCL INFO Connection to proxy localRank 1 -> connection 0x14fa100011c0
x3002c0s31b0n0:2139:5994 [1] NCCL INFO transport/p2p.cc:449 Cuda Alloc Size 6291456 pointer 0x14fa0da00000
x3002c0s31b0n0:2138:5991 [0] NCCL INFO transport/net_ib.cc:771 Ib Alloc Size 552 pointer 0x1468c8109000
x3002c0s31b0n0:2138:5991 [0] NCCL INFO transport/net.cc:698 Cuda Host Alloc Size 9641984 pointer 0x1468c2000000
x3002c0s31b0n0:2138:5991 [0] NCCL INFO transport/net_ib.cc:683 Ib Alloc Size 21688 pointer 0x1468c810b000
x3002c0s31b0n0:2138:5991 [0] NCCL INFO transport/net_ib.cc:696 Ib Alloc Size 552 pointer 0x1468c8112000
x3002c0s31b0n0:2139:5994 [1] NCCL INFO New proxy recv connection 22 from local rank 1, transport 0
x3002c0s31b0n0:2138:5991 [0] NCCL INFO transport/net_ib.cc:771 Ib Alloc Size 552 pointer 0x1468c812d000
x3002c0s31b0n0:2138:5991 [0] NCCL INFO transport/net.cc:698 Cuda Host Alloc Size 9641984 pointer 0x1468c2a00000
x3002c0s31b0n0:2139:5833 [1] NCCL INFO Connection to proxy localRank 1 -> connection 0x14fa10001200
x3002c0s31b0n0:2139:5994 [1] NCCL INFO transport/p2p.cc:449 Cuda Alloc Size 6291456 pointer 0x14fa0a000000
x3002c0s31b0n0:2139:5994 [1] NCCL INFO New proxy recv connection 23 from local rank 1, transport 0
x3002c0s31b0n0:2138:5834 [0] NCCL INFO GPU Direct RDMA Disabled for GPU 7000 / HCA 1 (distance 7 > 4)
x3002c0s31b0n0:2138:5991 [0] NCCL INFO New proxy recv connection 20 from local rank 0, transport 2
x3002c0s31b0n0:2139:5833 [1] NCCL INFO Connection to proxy localRank 1 -> connection 0x14fa10001240
x3002c0s31b0n0:2139:5994 [1] NCCL INFO transport/p2p.cc:449 Cuda Alloc Size 6291456 pointer 0x14fa0a600000
x3002c0s31b0n0:2138:5834 [0] NCCL INFO Connection to proxy localRank 0 -> connection 0x1468c8001180
x3002c0s31b0n0:2139:5833 [1] NCCL INFO Connected all trees by HAO
x3002c0s31b0n0:2139:5833 [1] NCCL INFO threadThresholds 8/8/64 | 192/8/64 | 512 | 512
x3002c0s31b0n0:2139:5833 [1] NCCL INFO 4 coll channels, 4 p2p channels, 2 p2p channels per peer
x3002c0s31b0n0:2139:5994 [1] NCCL INFO New proxy send connection 24 from local rank 1, transport 2
x3002c0s31b0n0:2140:5836 [2] NCCL INFO Connected all trees by HAO
x3002c0s31b0n0:2140:5836 [2] NCCL INFO threadThresholds 8/8/64 | 192/8/64 | 512 | 512
x3002c0s31b0n0:2140:5836 [2] NCCL INFO 4 coll channels, 4 p2p channels, 2 p2p channels per peer
x3002c0s31b0n0:2140:5997 [2] NCCL INFO Allocated 4194656 bytes of shared memory in /dev/shm/nccl-Clv3k3

x3002c0s31b0n0:2140:5997 [2] NCCL INFO New proxy send connection 20 from local rank 2, transport 2
x3002c0s31b0n0:2138:5834 [0] NCCL INFO Channel 00/0 : 20[7000] -> 16[7000] [receive] via NET/IB/1
x3002c0s31b0n0:2138:5834 [0] NCCL INFO GPU Direct RDMA Disabled for GPU 7000 / HCA 0 (distance 7 > 4)
x3002c0s31b0n0:2138:5991 [0] NCCL INFO New proxy recv connection 21 from local rank 0, transport 2
x3002c0s31b0n0:2138:5834 [0] NCCL INFO Connection to proxy localRank 0 -> connection 0x1468c80011c0
x3002c0s31b0n0:2140:5836 [2] NCCL INFO Connection to proxy localRank 2 -> connection 0x14e4a4001180
x3002c0s31b0n0:2140:5997 [2] NCCL INFO transport/net.cc:376 Cuda Alloc Size 8388608 pointer 0x14e49ec00000
x3002c0s31b0n0:2139:5833 [1] NCCL INFO Connection to proxy localRank 1 -> connection 0x14fa10001280
x3002c0s31b0n0:2139:5994 [1] NCCL INFO transport/net.cc:376 Cuda Alloc Size 8388608 pointer 0x14fa08600000
x3002c0s31b0n0:2138:5834 [0] NCCL INFO Channel 01/0 : 20[7000] -> 16[7000] [receive] via NET/IB/0
x3002c0s31b0n0:2138:5991 [0] NCCL INFO transport/net_ib.cc:683 Ib Alloc Size 21688 pointer 0x1468c8139000
x3002c0s31b0n0:2138:5991 [0] NCCL INFO transport/net_ib.cc:696 Ib Alloc Size 552 pointer 0x1468c8140000
x3002c0s31b0n0:2138:5991 [0] NCCL INFO transport/net_ib.cc:771 Ib Alloc Size 552 pointer 0x1468c815b000
x3002c0s31b0n0:2138:5991 [0] NCCL INFO transport/net.cc:698 Cuda Host Alloc Size 9641984 pointer 0x1468c3400000
x3002c0s31b0n0:2138:5991 [0] NCCL INFO Mem Realloc old size 768, new size 1536 pointer 0x1468c80fe9c0
x3002c0s31b0n0:2138:5991 [0] NCCL INFO transport/net_ib.cc:683 Ib Alloc Size 21688 pointer 0x1468c815d000
x3002c0s31b0n0:2138:5991 [0] NCCL INFO transport/net_ib.cc:696 Ib Alloc Size 552 pointer 0x1468c8164000
x3002c0s31b0n0:2138:5991 [0] NCCL INFO transport/net_ib.cc:771 Ib Alloc Size 552 pointer 0x1468c817f000
x3002c0s31b0n0:2138:5991 [0] NCCL INFO transport/net.cc:698 Cuda Host Alloc Size 9641984 pointer 0x1468c0000000
x3002c0s31b0n0:2138:5991 [0] NCCL INFO Mem Realloc old size 768, new size 1536 pointer 0x1468c81743d0
x3002c0s31b0n0:2138:5834 [0] NCCL INFO GPU Direct RDMA Disabled for GPU 7000 / HCA 1 (distance 7 > 4)
x3002c0s31b0n0:2138:5991 [0] NCCL INFO New proxy send connection 22 from local rank 0, transport 2
x3002c0s31b0n0:2138:5834 [0] NCCL INFO Connection to proxy localRank 0 -> connection 0x1468c8001200
x3002c0s31b0n0:2138:5834 [0] NCCL INFO Channel 02/0 : 16[7000] -> 13[46000] [send] via NET/IB/1
x3002c0s31b0n0:2138:5834 [0] NCCL INFO GPU Direct RDMA Disabled for GPU 7000 / HCA 0 (distance 7 > 4)
x3002c0s31b0n0:2138:5991 [0] NCCL INFO New proxy send connection 23 from local rank 0, transport 2
x3002c0s31b0n0:2138:5834 [0] NCCL INFO Connection to proxy localRank 0 -> connection 0x1468c8001240
x3002c0s31b0n0:2138:5834 [0] NCCL INFO Channel 03/0 : 16[7000] -> 13[46000] [send] via NET/IB/0
x3002c0s31b0n0:2138:5991 [0] NCCL INFO transport/net_ib.cc:596 Ib Alloc Size 26560 pointer 0x1468c818b000
x3002c0s31b0n0:2138:5991 [0] NCCL INFO NET/IB: Dev 1 Port 1 qpn 38841 mtu 5 GID 0 (80FE/DB0000FEFF000000)
x3002c0s31b0n0:2138:5991 [0] NCCL INFO transport/net_ib.cc:653 Ib Alloc Size 552 pointer 0x1468c81a2000
x3002c0s31b0n0:2138:5991 [0] NCCL INFO transport/net.cc:571 Cuda Host Alloc Size 9641984 pointer 0x1468c0a00000
x3002c0s31b0n0:2138:5991 [0] NCCL INFO transport/net_ib.cc:596 Ib Alloc Size 26560 pointer 0x1468c81a4000
x3002c0s31b0n0:2138:5991 [0] NCCL INFO NET/IB: Dev 0 Port 1 qpn 39669 mtu 5 GID 0 (80FE/9E0000FEFF000000)
x3002c0s31b0n0:2138:5991 [0] NCCL INFO transport/net_ib.cc:653 Ib Alloc Size 552 pointer 0x1468c81bb000
x3002c0s31b0n0:2138:5991 [0] NCCL INFO transport/net.cc:571 Cuda Host Alloc Size 9641984 pointer 0x1468c1400000
x3002c0s31b0n0:2138:5834 [0] NCCL INFO Connected all trees by HAO
x3002c0s31b0n0:2138:5834 [0] NCCL INFO threadThresholds 8/8/64 | 192/8/64 | 512 | 512
x3002c0s31b0n0:2138:5834 [0] NCCL INFO 4 coll channels, 4 p2p channels, 2 p2p channels per peer
x3002c0s31b0n0:2138:5991 [0] NCCL INFO New proxy send connection 24 from local rank 0, transport 2
x3002c0s31b0n0:2138:5834 [0] NCCL INFO Connection to proxy localRank 0 -> connection 0x1468c8001280
x3002c0s31b0n0:2138:5834 [0] NCCL INFO init.cc:367 Cuda Alloc Size 5168 pointer 0x146917815600
x3002c0s31b0n0:2139:5833 [1] NCCL INFO init.cc:367 Cuda Alloc Size 5168 pointer 0x14fa5f815600
x3002c0s31b0n0:2141:5835 [3] NCCL INFO init.cc:367 Cuda Alloc Size 5168 pointer 0x14a947e15600
x3002c0s31b0n0:2140:5836 [2] NCCL INFO init.cc:367 Cuda Alloc Size 5168 pointer 0x14e4f3815600
x3002c0s31b0n0:2141:5835 [3] NCCL INFO init.cc:392 Cuda Host Alloc Size 33554432 pointer 0x14a954400000
x3002c0s31b0n0:2141:5835 [3] NCCL INFO init.cc:398 Cuda Host Alloc Size 128 pointer 0x14a947400600
x3002c0s31b0n0:2141:5835 [3] NCCL INFO comm 0x563b57345780 rank 19 nranks 24 cudaDev 3 busId c7000 - Init COMPLETE
x3002c0s31b0n0:2139:5833 [1] NCCL INFO init.cc:392 Cuda Host Alloc Size 33554432 pointer 0x14fa06000000
x3002c0s31b0n0:2139:5833 [1] NCCL INFO init.cc:398 Cuda Host Alloc Size 128 pointer 0x14fa5ee00600
x3002c0s31b0n0:2139:5833 [1] NCCL INFO comm 0x55eb444944d0 rank 17 nranks 24 cudaDev 1 busId 46000 - Init COMPLETE
x3002c0s31b0n0:2140:5836 [2] NCCL INFO init.cc:392 Cuda Host Alloc Size 33554432 pointer 0x14e496000000
x3002c0s31b0n0:2140:5836 [2] NCCL INFO init.cc:398 Cuda Host Alloc Size 128 pointer 0x14e4f2e00600
x3002c0s31b0n0:2140:5836 [2] NCCL INFO comm 0x563cb89381f0 rank 18 nranks 24 cudaDev 2 busId 85000 - Init COMPLETE
x3002c0s31b0n0:2138:5834 [0] NCCL INFO init.cc:392 Cuda Host Alloc Size 33554432 pointer 0x1468be000000
x3002c0s31b0n0:2138:5834 [0] NCCL INFO init.cc:398 Cuda Host Alloc Size 128 pointer 0x146916e00600
x3002c0s31b0n0:2138:5834 [0] NCCL INFO comm 0x55a577d035f0 rank 16 nranks 24 cudaDev 0 busId 7000 - Init COMPLETE
x3002c0s31b0n0:2138:5991 [0] NCCL INFO transport/net.cc:376 Cuda Alloc Size 8388608 pointer 0x1468bc000000
[Hao INFO in ncclBroadcast (broadcast.cc)] rank 0 Broadcast: count: 3, datatype: ncclInt64, message size: 24 Bytes
x3002c0s31b0n0:2138:2138 [0] NCCL INFO Broadcast: opCount 0 sendbuff 0x1468f5fffe00 recvbuff 0x1468f5fffe00 count 24 datatype 0 op 0 root 0 comm 0x55a577d035f0 [nranks=24] stream 0x55a575ce8700
x3002c0s31b0n0:2138:2138 [0] NCCL INFO misc/utils.cc:235 memory stack hunk malloc(65536)
[LYD INFO in ncclLaunchKernel (enqueue.cc)] NCHANNELS is: 4[Hao INFO in ncclBroadcast (broadcast.cc)] rank 2 Broadcast: count: 3, datatype: ncclInt64, message size: 24 Bytes
x3002c0s31b0n0:2140:2140 [2] NCCL INFO Broadcast: opCount 0 sendbuff 0x14e4dbfffe00 recvbuff 0x14e4dbfffe00 count 24 datatype 0 op 0 root 0 comm 0x563cb89381f0 [nranks=24] stream 0x563cb7306830
x3002c0s31b0n0:2140:2140 [2] NCCL INFO misc/utils.cc:235 memory stack hunk malloc(65536)
[LYD INFO in ncclLaunchKernel (enqueue.cc)] NCHANNELS is: 4[Hao INFO in ncclBroadcast (broadcast.cc)] rank 3 Broadcast: count: 3, datatype: ncclInt64, message size: 24 Bytes
x3002c0s31b0n0:2141:2141 [3] NCCL INFO Broadcast: opCount 0 sendbuff 0x14a915fffe00 recvbuff 0x14a915fffe00 count 24 datatype 0 op 0 root 0 comm 0x563b57345780 [nranks=24] stream 0x563b55b31bd0
x3002c0s31b0n0:2141:2141 [3] NCCL INFO misc/utils.cc:235 memory stack hunk malloc(65536)
[LYD INFO in ncclLaunchKernel (enqueue.cc)] NCHANNELS is: 4[Hao INFO in ncclBroadcast (broadcast.cc)] rank 1 Broadcast: count: 3, datatype: ncclInt64, message size: 24 Bytes
x3002c0s31b0n0:2139:2139 [1] NCCL INFO Broadcast: opCount 0 sendbuff 0x14fa3d3ffe00 recvbuff 0x14fa3d3ffe00 count 24 datatype 0 op 0 root 0 comm 0x55eb444944d0 [nranks=24] stream 0x55eb42aaae20
x3002c0s31b0n0:2139:2139 [1] NCCL INFO misc/utils.cc:235 memory stack hunk malloc(65536)
[LYD INFO in ncclLaunchKernel (enqueue.cc)] NCHANNELS is: 4
[LYD INFO in NCCL_KERN_NAME (common.h)] 19 Broadcast RING LL Sum int8_t Elapsed time: 793379 us
x3002c0s31b0n0:2141:2141 [3] NCCL INFO AllReduce: opCount 7 sendbuff 0x14a915dfee00 recvbuff 0x14a915dfee00 count 1 datatype 1 op 0 root 0 comm 0x563b3b9ae3b0 [nranks=24] stream 0x563b55b31a90
[LYD INFO in ncclLaunchKernel (enqueue.cc)] NCHANNELS is: 4
[LYD INFO in NCCL_KERN_NAME (common.h)] 17 Broadcast RING LL Sum int8_t Elapsed time: 781830 us
x3002c0s31b0n0:2139:2139 [1] NCCL INFO AllReduce: opCount 7 sendbuff 0x14fa3d1fee00 recvbuff 0x14fa3d1fee00 count 1 datatype 1 op 0 root 0 comm 0x55eb2945b040 [nranks=24] stream 0x55eb42aaad20
[LYD INFO in ncclLaunchKernel (enqueue.cc)] NCHANNELS is: 4
[LYD INFO in NCCL_KERN_NAME (common.h)] 16 Broadcast RING LL Sum int8_t Elapsed time: 834399 us

[LYD INFO in NCCL_KERN_NAME (common.h)] 18 Broadcast RING LL Sum int8_t Elapsed time: 804251 us
x3002c0s31b0n0:2140:2140 [2] NCCL INFO AllReduce: opCount 7 sendbuff 0x14e4d9ffee00 recvbuff 0x14e4d9ffee00 count 1 datatype 1 op 0 root 0 comm 0x563cb283ecb0 [nranks=24] stream 0x563cb7331190
[LYD INFO in ncclLaunchKernel (enqueue.cc)] NCHANNELS is: 4x3002c0s31b0n0:2138:2138 [0] NCCL INFO AllReduce: opCount 7 sendbuff 0x1468f5dfee00 recvbuff 0x1468f5dfee00 count 1 datatype 1 op 0 root 0 comm 0x55a5589a0050 [nranks=24] stream 0x55a575ce85c0
[LYD INFO in ncclLaunchKernel (enqueue.cc)] NCHANNELS is: 4
[LYD INFO in NCCL_KERN_NAME (common.h)] 17 AllReduce TREE LL Sum uint8_t Elapsed time: 2003029 us
x3002c0s31b0n0:2139:2139 [1] NCCL INFO AllReduce: opCount 8 sendbuff 0x14fa3d3ffe00 recvbuff 0x14fa3d3ffe00 count 1 datatype 1 op 0 root 0 comm 0x55eb2945b040 [nranks=24] stream 0x55eb42aaad20
[LYD INFO in ncclLaunchKernel (enqueue.cc)] NCHANNELS is: 4
[LYD INFO in NCCL_KERN_NAME (common.h)] 19 AllReduce TREE LL Sum uint8_t Elapsed time: 2005915 us

[LYD INFO in NCCL_KERN_NAME (common.h)] 16 AllReduce TREE LL Sum uint8_t Elapsed time: 1967949 us

[LYD INFO in NCCL_KERN_NAME (common.h)] 18 AllReduce TREE LL Sum uint8_t Elapsed time: 1984278 us
x3002c0s31b0n0:2138:2138 [0] NCCL INFO AllReduce: opCount 8 sendbuff 0x1468f5fffe00 recvbuff 0x1468f5fffe00 count 1 datatype 1 op 0 root 0 comm 0x55a5589a0050 [nranks=24] stream 0x55a575ce85c0
[LYD INFO in ncclLaunchKernel (enqueue.cc)] NCHANNELS is: 4x3002c0s31b0n0:2140:2140 [2] NCCL INFO AllReduce: opCount 8 sendbuff 0x14e4dbfffe00 recvbuff 0x14e4dbfffe00 count 1 datatype 1 op 0 root 0 comm 0x563cb283ecb0 [nranks=24] stream 0x563cb7331190
[LYD INFO in ncclLaunchKernel (enqueue.cc)] NCHANNELS is: 4x3002c0s31b0n0:2141:2141 [3] NCCL INFO AllReduce: opCount 8 sendbuff 0x14a915fffe00 recvbuff 0x14a915fffe00 count 1 datatype 1 op 0 root 0 comm 0x563b3b9ae3b0 [nranks=24] stream 0x563b55b31a90
[LYD INFO in ncclLaunchKernel (enqueue.cc)] NCHANNELS is: 4
[LYD INFO in NCCL_KERN_NAME (common.h)] 19 AllReduce TREE LL Sum uint8_t Elapsed time: 53314 us
[Hao INFO in ncclBroadcast (broadcast.cc)] rank 3 Broadcast: count: 5, datatype: ncclInt64, message size: 40 Bytes
x3002c0s31b0n0:2141:2141 [3] NCCL INFO Broadcast: opCount 1 sendbuff 0x14a915fffe00 recvbuff 0x14a915fffe00 count 40 datatype 0 op 0 root 0 comm 0x563b57345780 [nranks=24] stream 0x563b55b31bd0
[LYD INFO in ncclLaunchKernel (enqueue.cc)] NCHANNELS is: 4
[LYD INFO in NCCL_KERN_NAME (common.h)] 17 AllReduce TREE LL Sum uint8_t Elapsed time: 125292 us
[Hao INFO in ncclBroadcast (broadcast.cc)] rank 1 Broadcast: count: 5, datatype: ncclInt64, message size: 40 Bytes
x3002c0s31b0n0:2139:2139 [1] NCCL INFO Broadcast: opCount 1 sendbuff 0x14fa3d3ffe00 recvbuff 0x14fa3d3ffe00 count 40 datatype 0 op 0 root 0 comm 0x55eb444944d0 [nranks=24] stream 0x55eb42aaae20
[LYD INFO in ncclLaunchKernel (enqueue.cc)] NCHANNELS is: 4
[LYD INFO in NCCL_KERN_NAME (common.h)] 16 AllReduce TREE LL Sum uint8_t Elapsed time: 116481 us
[Hao INFO in ncclBroadcast (broadcast.cc)] rank 0 Broadcast: count: 5, datatype: ncclInt64, message size: 40 Bytes
x3002c0s31b0n0:2138:2138 [0] NCCL INFO Broadcast: opCount 1 sendbuff 0x1468f5fffe00 recvbuff 0x1468f5fffe00 count 40 datatype 0 op 0 root 0 comm 0x55a577d035f0 [nranks=24] stream 0x55a575ce8700
[LYD INFO in ncclLaunchKernel (enqueue.cc)] NCHANNELS is: 4
[LYD INFO in NCCL_KERN_NAME (common.h)] 18 AllReduce TREE LL Sum uint8_t Elapsed time: 85021 us
[Hao INFO in ncclBroadcast (broadcast.cc)] rank 2 Broadcast: count: 5, datatype: ncclInt64, message size: 40 Bytes
x3002c0s31b0n0:2140:2140 [2] NCCL INFO Broadcast: opCount 1 sendbuff 0x14e4dbfffe00 recvbuff 0x14e4dbfffe00 count 40 datatype 0 op 0 root 0 comm 0x563cb89381f0 [nranks=24] stream 0x563cb7306830
[LYD INFO in ncclLaunchKernel (enqueue.cc)] NCHANNELS is: 4
[LYD INFO in NCCL_KERN_NAME (common.h)] 18 Broadcast RING LL Sum int8_t Elapsed time: 4 us
[Hao INFO in ncclBroadcast (broadcast.cc)] rank 2 Broadcast: count: 98496, datatype: ncclInt64, message size: 787968 Bytes
x3002c0s31b0n0:2140:2140 [2] NCCL INFO Broadcast: opCount 2 sendbuff 0x14e49f400000 recvbuff 0x14e49f400000 count 787968 datatype 0 op 0 root 0 comm 0x563cb89381f0 [nranks=24] stream 0x563cb7306830
[LYD INFO in ncclLaunchKernel (enqueue.cc)] NCHANNELS is: 4
[LYD INFO in NCCL_KERN_NAME (common.h)] 19 Broadcast RING LL Sum int8_t Elapsed time: 88709 us
[Hao INFO in ncclBroadcast (broadcast.cc)] rank 3 Broadcast: count: 98496, datatype: ncclInt64, message size: 787968 Bytes
x3002c0s31b0n0:2141:2141 [3] NCCL INFO Broadcast: opCount 2 sendbuff 0x14a92d800000 recvbuff 0x14a92d800000 count 787968 datatype 0 op 0 root 0 comm 0x563b57345780 [nranks=24] stream 0x563b55b31bd0
[LYD INFO in ncclLaunchKernel (enqueue.cc)] NCHANNELS is: 4
[LYD INFO in NCCL_KERN_NAME (common.h)] 16 Broadcast RING LL Sum int8_t Elapsed time: 49468 us
[Hao INFO in ncclBroadcast (broadcast.cc)] rank 0 Broadcast: count: 98496, datatype: ncclInt64, message size: 787968 Bytes
x3002c0s31b0n0:2138:2138 [0] NCCL INFO Broadcast: opCount 2 sendbuff 0x1468bc800000 recvbuff 0x1468bc800000 count 787968 datatype 0 op 0 root 0 comm 0x55a577d035f0 [nranks=24] stream 0x55a575ce8700
[LYD INFO in ncclLaunchKernel (enqueue.cc)] NCHANNELS is: 4
[LYD INFO in NCCL_KERN_NAME (common.h)] 17 Broadcast RING LL Sum int8_t Elapsed time: 81745 us
[Hao INFO in ncclBroadcast (broadcast.cc)] rank 1 Broadcast: count: 98496, datatype: ncclInt64, message size: 787968 Bytes
x3002c0s31b0n0:2139:2139 [1] NCCL INFO Broadcast: opCount 2 sendbuff 0x14fa08e00000 recvbuff 0x14fa08e00000 count 787968 datatype 0 op 0 root 0 comm 0x55eb444944d0 [nranks=24] stream 0x55eb42aaae20
[LYD INFO in ncclLaunchKernel (enqueue.cc)] NCHANNELS is: 4
[LYD INFO in NCCL_FUNC_NAME (common.h)] 17 Broadcast RING SIMPLE Sum int8_t Elapsed time: 1004 us

[LYD INFO in NCCL_KERN_NAME (common.h)] 17 Broadcast RING LL Sum int8_t Elapsed time: 1095 us
x3002c0s31b0n0:2139:2139 [1] NCCL INFO AllReduce: opCount 3 sendbuff 0x14f9f6000000 recvbuff 0x14f9f6000000 count 117964800 datatype 6 op 0 root 0 comm 0x55eb444944d0 [nranks=24] stream 0x55eb42aaae20
[LYD INFO in ncclLaunchKernel (enqueue.cc)] NCHANNELS is: 4
[LYD INFO in NCCL_FUNC_NAME (common.h)] 18 Broadcast RING SIMPLE Sum int8_t Elapsed time: 45807 us

[LYD INFO in NCCL_KERN_NAME (common.h)] 18 Broadcast RING LL Sum int8_t Elapsed time: 45898 us
x3002c0s31b0n0:2140:2140 [2] NCCL INFO AllReduce: opCount 3 sendbuff 0x14e486000000 recvbuff 0x14e486000000 count 117964800 datatype 6 op 0 root 0 comm 0x563cb89381f0 [nranks=24] stream 0x563cb7306830
[LYD INFO in ncclLaunchKernel (enqueue.cc)] NCHANNELS is: 4
[LYD INFO in NCCL_FUNC_NAME (common.h)] 19 Broadcast RING SIMPLE Sum int8_t Elapsed time: 35953 us

[LYD INFO in NCCL_KERN_NAME (common.h)] 19 Broadcast RING LL Sum int8_t Elapsed time: 36073 us
x3002c0s31b0n0:2141:2141 [3] NCCL INFO AllReduce: opCount 3 sendbuff 0x14a8c0000000 recvbuff 0x14a8c0000000 count 117964800 datatype 6 op 0 root 0 comm 0x563b57345780 [nranks=24] stream 0x563b55b31bd0
[LYD INFO in ncclLaunchKernel (enqueue.cc)] NCHANNELS is: 4
[LYD INFO in NCCL_FUNC_NAME (common.h)] 16 Broadcast RING SIMPLE Sum int8_t Elapsed time: 17678 us

[LYD INFO in NCCL_KERN_NAME (common.h)] 16 Broadcast RING LL Sum int8_t Elapsed time: 17769 us
x3002c0s31b0n0:2138:2138 [0] NCCL INFO AllReduce: opCount 3 sendbuff 0x1468ac000000 recvbuff 0x1468ac000000 count 117964800 datatype 6 op 0 root 0 comm 0x55a577d035f0 [nranks=24] stream 0x55a575ce8700
[LYD INFO in ncclLaunchKernel (enqueue.cc)] NCHANNELS is: 4
[LYD INFO in NCCL_FUNC_NAME (common.h)] 19 AllReduce RING SIMPLE Sum half Elapsed time: 353041 us

[LYD INFO in NCCL_KERN_NAME (common.h)] 19 AllReduce RING LL Sum half Elapsed time: 353180 us

[LYD INFO in NCCL_FUNC_NAME (common.h)] 18 AllReduce RING SIMPLE Sum half Elapsed time: 422670 us

[LYD INFO in NCCL_KERN_NAME (common.h)] 18 AllReduce RING LL Sum half Elapsed time: 422769 us

[LYD INFO in NCCL_FUNC_NAME (common.h)] 16 AllReduce RING SIMPLE Sum half Elapsed time: 382154 us

[LYD INFO in NCCL_KERN_NAME (common.h)] 16 AllReduce RING LL Sum half Elapsed time: 382256 us

[LYD INFO in NCCL_FUNC_NAME (common.h)] 17 AllReduce RING SIMPLE Sum half Elapsed time: 454335 us

[LYD INFO in NCCL_KERN_NAME (common.h)] 17 AllReduce RING LL Sum half Elapsed time: 454436 us
x3002c0s31b0n0:2141:2141 [3] NCCL INFO AllReduce: opCount 4 sendbuff 0x14a86a000000 recvbuff 0x14a86a000000 count 117964800 datatype 6 op 0 root 0 comm 0x563b57345780 [nranks=24] stream 0x563b55b31bd0
[LYD INFO in ncclLaunchKernel (enqueue.cc)] NCHANNELS is: 4x3002c0s31b0n0:2139:2139 [1] NCCL INFO AllReduce: opCount 4 sendbuff 0x14f998000000 recvbuff 0x14f998000000 count 117964800 datatype 6 op 0 root 0 comm 0x55eb444944d0 [nranks=24] stream 0x55eb42aaae20
[LYD INFO in ncclLaunchKernel (enqueue.cc)] NCHANNELS is: 4x3002c0s31b0n0:2138:2138 [0] NCCL INFO AllReduce: opCount 4 sendbuff 0x146850000000 recvbuff 0x146850000000 count 117964800 datatype 6 op 0 root 0 comm 0x55a577d035f0 [nranks=24] stream 0x55a575ce8700
[LYD INFO in ncclLaunchKernel (enqueue.cc)] NCHANNELS is: 4x3002c0s31b0n0:2140:2140 [2] NCCL INFO AllReduce: opCount 4 sendbuff 0x14e428000000 recvbuff 0x14e428000000 count 117964800 datatype 6 op 0 root 0 comm 0x563cb89381f0 [nranks=24] stream 0x563cb7306830
[LYD INFO in ncclLaunchKernel (enqueue.cc)] NCHANNELS is: 4x3002c0s31b0n0:2141:2141 [3] NCCL INFO AllReduce: opCount 5 sendbuff 0x14a816000000 recvbuff 0x14a816000000 count 117964800 datatype 6 op 0 root 0 comm 0x563b57345780 [nranks=24] stream 0x563b55b31bd0
[LYD INFO in ncclLaunchKernel (enqueue.cc)] NCHANNELS is: 4x3002c0s31b0n0:2139:2139 [1] NCCL INFO AllReduce: opCount 5 sendbuff 0x14f944000000 recvbuff 0x14f944000000 count 117964800 datatype 6 op 0 root 0 comm 0x55eb444944d0 [nranks=24] stream 0x55eb42aaae20
[LYD INFO in ncclLaunchKernel (enqueue.cc)] NCHANNELS is: 4x3002c0s31b0n0:2138:2138 [0] NCCL INFO AllReduce: opCount 5 sendbuff 0x1467fc000000 recvbuff 0x1467fc000000 count 117964800 datatype 6 op 0 root 0 comm 0x55a577d035f0 [nranks=24] stream 0x55a575ce8700
[LYD INFO in ncclLaunchKernel (enqueue.cc)] NCHANNELS is: 4x3002c0s31b0n0:2140:2140 [2] NCCL INFO AllReduce: opCount 5 sendbuff 0x14e3d4000000 recvbuff 0x14e3d4000000 count 117964800 datatype 6 op 0 root 0 comm 0x563cb89381f0 [nranks=24] stream 0x563cb7306830
[LYD INFO in ncclLaunchKernel (enqueue.cc)] NCHANNELS is: 4x3002c0s31b0n0:2141:2141 [3] NCCL INFO AllReduce: opCount 6 sendbuff 0x14a7c8000000 recvbuff 0x14a7c8000000 count 117964800 datatype 6 op 0 root 0 comm 0x563b57345780 [nranks=24] stream 0x563b55b31bd0
[LYD INFO in ncclLaunchKernel (enqueue.cc)] NCHANNELS is: 4x3002c0s31b0n0:2139:2139 [1] NCCL INFO AllReduce: opCount 6 sendbuff 0x14f8f6000000 recvbuff 0x14f8f6000000 count 117964800 datatype 6 op 0 root 0 comm 0x55eb444944d0 [nranks=24] stream 0x55eb42aaae20
[LYD INFO in ncclLaunchKernel (enqueue.cc)] NCHANNELS is: 4x3002c0s31b0n0:2141:2141 [3] NCCL INFO AllReduce: opCount 7 sendbuff 0x14a78c000000 recvbuff 0x14a78c000000 count 117964800 datatype 6 op 0 root 0 comm 0x563b57345780 [nranks=24] stream 0x563b55b31bd0
[LYD INFO in ncclLaunchKernel (enqueue.cc)] NCHANNELS is: 4x3002c0s31b0n0:2138:2138 [0] NCCL INFO AllReduce: opCount 6 sendbuff 0x1467ae000000 recvbuff 0x1467ae000000 count 117964800 datatype 6 op 0 root 0 comm 0x55a577d035f0 [nranks=24] stream 0x55a575ce8700
[LYD INFO in ncclLaunchKernel (enqueue.cc)] NCHANNELS is: 4x3002c0s31b0n0:2140:2140 [2] NCCL INFO AllReduce: opCount 6 sendbuff 0x14e386000000 recvbuff 0x14e386000000 count 117964800 datatype 6 op 0 root 0 comm 0x563cb89381f0 [nranks=24] stream 0x563cb7306830
[LYD INFO in ncclLaunchKernel (enqueue.cc)] NCHANNELS is: 4x3002c0s31b0n0:2139:2139 [1] NCCL INFO AllReduce: opCount 7 sendbuff 0x14f8ba000000 recvbuff 0x14f8ba000000 count 117964800 datatype 6 op 0 root 0 comm 0x55eb444944d0 [nranks=24] stream 0x55eb42aaae20
[LYD INFO in ncclLaunchKernel (enqueue.cc)] NCHANNELS is: 4x3002c0s31b0n0:2138:2138 [0] NCCL INFO AllReduce: opCount 7 sendbuff 0x146772000000 recvbuff 0x146772000000 count 117964800 datatype 6 op 0 root 0 comm 0x55a577d035f0 [nranks=24] stream 0x55a575ce8700
[LYD INFO in ncclLaunchKernel (enqueue.cc)] NCHANNELS is: 4x3002c0s31b0n0:2140:2140 [2] NCCL INFO AllReduce: opCount 7 sendbuff 0x14e34a000000 recvbuff 0x14e34a000000 count 117964800 datatype 6 op 0 root 0 comm 0x563cb89381f0 [nranks=24] stream 0x563cb7306830
[LYD INFO in ncclLaunchKernel (enqueue.cc)] NCHANNELS is: 4x3002c0s31b0n0:2141:2141 [3] NCCL INFO AllReduce: opCount 8 sendbuff 0x14a744000000 recvbuff 0x14a744000000 count 117964800 datatype 6 op 0 root 0 comm 0x563b57345780 [nranks=24] stream 0x563b55b31bd0
[LYD INFO in ncclLaunchKernel (enqueue.cc)] NCHANNELS is: 4x3002c0s31b0n0:2139:2139 [1] NCCL INFO AllReduce: opCount 8 sendbuff 0x14f872000000 recvbuff 0x14f872000000 count 117964800 datatype 6 op 0 root 0 comm 0x55eb444944d0 [nranks=24] stream 0x55eb42aaae20
[LYD INFO in ncclLaunchKernel (enqueue.cc)] NCHANNELS is: 4x3002c0s31b0n0:2138:2138 [0] NCCL INFO AllReduce: opCount 8 sendbuff 0x14672a000000 recvbuff 0x14672a000000 count 117964800 datatype 6 op 0 root 0 comm 0x55a577d035f0 [nranks=24] stream 0x55a575ce8700
[LYD INFO in ncclLaunchKernel (enqueue.cc)] NCHANNELS is: 4x3002c0s31b0n0:2140:2140 [2] NCCL INFO AllReduce: opCount 8 sendbuff 0x14e302000000 recvbuff 0x14e302000000 count 117964800 datatype 6 op 0 root 0 comm 0x563cb89381f0 [nranks=24] stream 0x563cb7306830
[LYD INFO in ncclLaunchKernel (enqueue.cc)] NCHANNELS is: 4x3002c0s31b0n0:2141:2141 [3] NCCL INFO AllReduce: opCount 9 sendbuff 0x14a700000000 recvbuff 0x14a700000000 count 117964800 datatype 6 op 0 root 0 comm 0x563b57345780 [nranks=24] stream 0x563b55b31bd0
[LYD INFO in ncclLaunchKernel (enqueue.cc)] NCHANNELS is: 4x3002c0s31b0n0:2139:2139 [1] NCCL INFO AllReduce: opCount 9 sendbuff 0x14f82e000000 recvbuff 0x14f82e000000 count 117964800 datatype 6 op 0 root 0 comm 0x55eb444944d0 [nranks=24] stream 0x55eb42aaae20
[LYD INFO in ncclLaunchKernel (enqueue.cc)] NCHANNELS is: 4x3002c0s31b0n0:2138:2138 [0] NCCL INFO AllReduce: opCount 9 sendbuff 0x1466e6000000 recvbuff 0x1466e6000000 count 117964800 datatype 6 op 0 root 0 comm 0x55a577d035f0 [nranks=24] stream 0x55a575ce8700
[LYD INFO in ncclLaunchKernel (enqueue.cc)] NCHANNELS is: 4x3002c0s31b0n0:2140:2140 [2] NCCL INFO AllReduce: opCount 9 sendbuff 0x14e2be000000 recvbuff 0x14e2be000000 count 117964800 datatype 6 op 0 root 0 comm 0x563cb89381f0 [nranks=24] stream 0x563cb7306830
[LYD INFO in ncclLaunchKernel (enqueue.cc)] NCHANNELS is: 4x3002c0s31b0n0:2141:2141 [3] NCCL INFO AllReduce: opCount a sendbuff 0x14a6b8000000 recvbuff 0x14a6b8000000 count 117964800 datatype 6 op 0 root 0 comm 0x563b57345780 [nranks=24] stream 0x563b55b31bd0
[LYD INFO in ncclLaunchKernel (enqueue.cc)] NCHANNELS is: 4x3002c0s31b0n0:2139:2139 [1] NCCL INFO AllReduce: opCount a sendbuff 0x14f7e6000000 recvbuff 0x14f7e6000000 count 117964800 datatype 6 op 0 root 0 comm 0x55eb444944d0 [nranks=24] stream 0x55eb42aaae20
[LYD INFO in ncclLaunchKernel (enqueue.cc)] NCHANNELS is: 4x3002c0s31b0n0:2138:2138 [0] NCCL INFO AllReduce: opCount a sendbuff 0x14669e000000 recvbuff 0x14669e000000 count 117964800 datatype 6 op 0 root 0 comm 0x55a577d035f0 [nranks=24] stream 0x55a575ce8700
[LYD INFO in ncclLaunchKernel (enqueue.cc)] NCHANNELS is: 4x3002c0s31b0n0:2140:2140 [2] NCCL INFO AllReduce: opCount a sendbuff 0x14e276000000 recvbuff 0x14e276000000 count 117964800 datatype 6 op 0 root 0 comm 0x563cb89381f0 [nranks=24] stream 0x563cb7306830
[LYD INFO in ncclLaunchKernel (enqueue.cc)] NCHANNELS is: 4x3002c0s31b0n0:2141:2141 [3] NCCL INFO AllReduce: opCount b sendbuff 0x14a674000000 recvbuff 0x14a674000000 count 117964800 datatype 6 op 0 root 0 comm 0x563b57345780 [nranks=24] stream 0x563b55b31bd0
[LYD INFO in ncclLaunchKernel (enqueue.cc)] NCHANNELS is: 4x3002c0s31b0n0:2139:2139 [1] NCCL INFO AllReduce: opCount b sendbuff 0x14f7a2000000 recvbuff 0x14f7a2000000 count 117964800 datatype 6 op 0 root 0 comm 0x55eb444944d0 [nranks=24] stream 0x55eb42aaae20
[LYD INFO in ncclLaunchKernel (enqueue.cc)] NCHANNELS is: 4x3002c0s31b0n0:2138:2138 [0] NCCL INFO AllReduce: opCount b sendbuff 0x14665a000000 recvbuff 0x14665a000000 count 117964800 datatype 6 op 0 root 0 comm 0x55a577d035f0 [nranks=24] stream 0x55a575ce8700
[LYD INFO in ncclLaunchKernel (enqueue.cc)] NCHANNELS is: 4x3002c0s31b0n0:2140:2140 [2] NCCL INFO AllReduce: opCount b sendbuff 0x14e232000000 recvbuff 0x14e232000000 count 117964800 datatype 6 op 0 root 0 comm 0x563cb89381f0 [nranks=24] stream 0x563cb7306830
[LYD INFO in ncclLaunchKernel (enqueue.cc)] NCHANNELS is: 4
[LYD INFO in NCCL_FUNC_NAME (common.h)] 19 AllReduce RING SIMPLE Sum half Elapsed time: 136462 us

[LYD INFO in NCCL_KERN_NAME (common.h)] 19 AllReduce RING LL Sum half Elapsed time: 136586 us

[LYD INFO in NCCL_FUNC_NAME (common.h)] 17 AllReduce RING SIMPLE Sum half Elapsed time: 136734 us

[LYD INFO in NCCL_KERN_NAME (common.h)] 17 AllReduce RING LL Sum half Elapsed time: 136833 us

[LYD INFO in NCCL_FUNC_NAME (common.h)] 16 AllReduce RING SIMPLE Sum half Elapsed time: 92997 us

[LYD INFO in NCCL_KERN_NAME (common.h)] 16 AllReduce RING LL Sum half Elapsed time: 93096 us

[LYD INFO in NCCL_FUNC_NAME (common.h)] 18 AllReduce RING SIMPLE Sum half Elapsed time: 92006 us

[LYD INFO in NCCL_KERN_NAME (common.h)] 18 AllReduce RING LL Sum half Elapsed time: 92102 us
x3002c0s31b0n0:2141:2141 [3] NCCL INFO AllReduce: opCount c sendbuff 0x14a62c000000 recvbuff 0x14a62c000000 count 117964800 datatype 6 op 0 root 0 comm 0x563b57345780 [nranks=24] stream 0x563b55b31bd0
[LYD INFO in ncclLaunchKernel (enqueue.cc)] NCHANNELS is: 4x3002c0s31b0n0:2139:2139 [1] NCCL INFO AllReduce: opCount c sendbuff 0x14f75a000000 recvbuff 0x14f75a000000 count 117964800 datatype 6 op 0 root 0 comm 0x55eb444944d0 [nranks=24] stream 0x55eb42aaae20
[LYD INFO in ncclLaunchKernel (enqueue.cc)] NCHANNELS is: 4x3002c0s31b0n0:2138:2138 [0] NCCL INFO AllReduce: opCount c sendbuff 0x146612000000 recvbuff 0x146612000000 count 117964800 datatype 6 op 0 root 0 comm 0x55a577d035f0 [nranks=24] stream 0x55a575ce8700
[LYD INFO in ncclLaunchKernel (enqueue.cc)] NCHANNELS is: 4x3002c0s31b0n0:2140:2140 [2] NCCL INFO AllReduce: opCount c sendbuff 0x14e1ea000000 recvbuff 0x14e1ea000000 count 117964800 datatype 6 op 0 root 0 comm 0x563cb89381f0 [nranks=24] stream 0x563cb7306830
[LYD INFO in ncclLaunchKernel (enqueue.cc)] NCHANNELS is: 4x3002c0s31b0n0:2141:2141 [3] NCCL INFO AllReduce: opCount d sendbuff 0x14a5e8000000 recvbuff 0x14a5e8000000 count 117964800 datatype 6 op 0 root 0 comm 0x563b57345780 [nranks=24] stream 0x563b55b31bd0
[LYD INFO in ncclLaunchKernel (enqueue.cc)] NCHANNELS is: 4x3002c0s31b0n0:2139:2139 [1] NCCL INFO AllReduce: opCount d sendbuff 0x14f716000000 recvbuff 0x14f716000000 count 117964800 datatype 6 op 0 root 0 comm 0x55eb444944d0 [nranks=24] stream 0x55eb42aaae20
[LYD INFO in ncclLaunchKernel (enqueue.cc)] NCHANNELS is: 4x3002c0s31b0n0:2138:2138 [0] NCCL INFO AllReduce: opCount d sendbuff 0x1465ce000000 recvbuff 0x1465ce000000 count 117964800 datatype 6 op 0 root 0 comm 0x55a577d035f0 [nranks=24] stream 0x55a575ce8700
[LYD INFO in ncclLaunchKernel (enqueue.cc)] NCHANNELS is: 4x3002c0s31b0n0:2140:2140 [2] NCCL INFO AllReduce: opCount d sendbuff 0x14e1a6000000 recvbuff 0x14e1a6000000 count 117964800 datatype 6 op 0 root 0 comm 0x563cb89381f0 [nranks=24] stream 0x563cb7306830
[LYD INFO in ncclLaunchKernel (enqueue.cc)] NCHANNELS is: 4x3002c0s31b0n0:2141:2141 [3] NCCL INFO AllReduce: opCount e sendbuff 0x14a5a0000000 recvbuff 0x14a5a0000000 count 117964800 datatype 6 op 0 root 0 comm 0x563b57345780 [nranks=24] stream 0x563b55b31bd0
[LYD INFO in ncclLaunchKernel (enqueue.cc)] NCHANNELS is: 4x3002c0s31b0n0:2139:2139 [1] NCCL INFO AllReduce: opCount e sendbuff 0x14f6ce000000 recvbuff 0x14f6ce000000 count 117964800 datatype 6 op 0 root 0 comm 0x55eb444944d0 [nranks=24] stream 0x55eb42aaae20
[LYD INFO in ncclLaunchKernel (enqueue.cc)] NCHANNELS is: 4x3002c0s31b0n0:2138:2138 [0] NCCL INFO AllReduce: opCount e sendbuff 0x146586000000 recvbuff 0x146586000000 count 117964800 datatype 6 op 0 root 0 comm 0x55a577d035f0 [nranks=24] stream 0x55a575ce8700
[LYD INFO in ncclLaunchKernel (enqueue.cc)] NCHANNELS is: 4x3002c0s31b0n0:2140:2140 [2] NCCL INFO AllReduce: opCount e sendbuff 0x14e15e000000 recvbuff 0x14e15e000000 count 117964800 datatype 6 op 0 root 0 comm 0x563cb89381f0 [nranks=24] stream 0x563cb7306830
[LYD INFO in ncclLaunchKernel (enqueue.cc)] NCHANNELS is: 4x3002c0s31b0n0:2141:2141 [3] NCCL INFO AllReduce: opCount f sendbuff 0x14a55c000000 recvbuff 0x14a55c000000 count 117964800 datatype 6 op 0 root 0 comm 0x563b57345780 [nranks=24] stream 0x563b55b31bd0
