x3110c0s7b1n0:15731:15731 [2] NCCL INFO cudaDriverVersion 11080
x3110c0s7b1n0:15729:15729 [0] NCCL INFO cudaDriverVersion 11080
x3110c0s7b1n0:15730:15730 [1] NCCL INFO cudaDriverVersion 11080
x3110c0s7b1n0:15732:15732 [3] NCCL INFO cudaDriverVersion 11080
x3110c0s7b1n0:15731:15731 [2] NCCL INFO NCCL_SOCKET_IFNAME set by environment to hsn0
x3110c0s7b1n0:15731:15731 [2] NCCL INFO NCCL_SOCKET_IFNAME set to hsn0
x3110c0s7b1n0:15731:15731 [2] NCCL INFO Bootstrap : Using hsn0:10.201.2.253<0>
x3110c0s7b1n0:15730:15730 [1] NCCL INFO NCCL_SOCKET_IFNAME set by environment to hsn0
x3110c0s7b1n0:15730:15730 [1] NCCL INFO NCCL_SOCKET_IFNAME set to hsn0
x3110c0s7b1n0:15730:15730 [1] NCCL INFO Bootstrap : Using hsn0:10.201.2.253<0>
x3110c0s7b1n0:15729:15729 [0] NCCL INFO NCCL_SOCKET_IFNAME set by environment to hsn0
x3110c0s7b1n0:15729:15729 [0] NCCL INFO NCCL_SOCKET_IFNAME set to hsn0
x3110c0s7b1n0:15729:15729 [0] NCCL INFO Bootstrap : Using hsn0:10.201.2.253<0>
x3110c0s7b1n0:15732:15732 [3] NCCL INFO NCCL_SOCKET_IFNAME set by environment to hsn0
x3110c0s7b1n0:15732:15732 [3] NCCL INFO NCCL_SOCKET_IFNAME set to hsn0
x3110c0s7b1n0:15732:15732 [3] NCCL INFO Bootstrap : Using hsn0:10.201.2.253<0>
x3110c0s7b1n0:15731:15731 [2] NCCL INFO NET/Plugin : No plugin found (libnccl-net.so), using internal implementation
x3110c0s7b1n0:15730:15730 [1] NCCL INFO NET/Plugin : No plugin found (libnccl-net.so), using internal implementation
x3110c0s7b1n0:15730:15730 [1] NCCL INFO init.cc:1147 Cuda Host Alloc Size 4 pointer 0x14b1b1e00000
x3110c0s7b1n0:15729:15729 [0] NCCL INFO NET/Plugin : No plugin found (libnccl-net.so), using internal implementation
x3110c0s7b1n0:15729:15729 [0] NCCL INFO init.cc:1147 Cuda Host Alloc Size 4 pointer 0x145475e00000
x3110c0s7b1n0:15731:15731 [2] NCCL INFO init.cc:1147 Cuda Host Alloc Size 4 pointer 0x149c81800000
x3110c0s7b1n0:15732:15732 [3] NCCL INFO NET/Plugin : No plugin found (libnccl-net.so), using internal implementation
x3110c0s7b1n0:15732:15732 [3] NCCL INFO init.cc:1147 Cuda Host Alloc Size 4 pointer 0x151f11800000
x3110c0s7b1n0:15731:33478 [2] NCCL INFO NCCL_SOCKET_IFNAME set by environment to hsn0
x3110c0s7b1n0:15731:33478 [2] NCCL INFO NET/IB : No device found.
x3110c0s7b1n0:15731:33478 [2] NCCL INFO NCCL_SOCKET_IFNAME set by environment to hsn0
x3110c0s7b1n0:15731:33478 [2] NCCL INFO NET/Socket : Using [0]hsn0:10.201.2.253<0>
x3110c0s7b1n0:15731:33478 [2] NCCL INFO Using network Socket
x3110c0s7b1n0:15729:33477 [0] NCCL INFO NCCL_SOCKET_IFNAME set by environment to hsn0
x3110c0s7b1n0:15730:33475 [1] NCCL INFO NCCL_SOCKET_IFNAME set by environment to hsn0
x3110c0s7b1n0:15730:33475 [1] NCCL INFO NET/IB : No device found.
x3110c0s7b1n0:15730:33475 [1] NCCL INFO NCCL_SOCKET_IFNAME set by environment to hsn0
x3110c0s7b1n0:15730:33475 [1] NCCL INFO NET/Socket : Using [0]hsn0:10.201.2.253<0>
x3110c0s7b1n0:15730:33475 [1] NCCL INFO Using network Socket
x3110c0s7b1n0:15729:33477 [0] NCCL INFO NET/IB : No device found.
x3110c0s7b1n0:15729:33477 [0] NCCL INFO NCCL_SOCKET_IFNAME set by environment to hsn0
x3110c0s7b1n0:15729:33477 [0] NCCL INFO NET/Socket : Using [0]hsn0:10.201.2.253<0>
x3110c0s7b1n0:15729:33477 [0] NCCL INFO Using network Socket
x3110c0s7b1n0:15732:33479 [3] NCCL INFO NCCL_SOCKET_IFNAME set by environment to hsn0
x3110c0s7b1n0:15732:33479 [3] NCCL INFO NET/IB : No device found.
x3110c0s7b1n0:15732:33479 [3] NCCL INFO NCCL_SOCKET_IFNAME set by environment to hsn0
x3110c0s7b1n0:15732:33479 [3] NCCL INFO NET/Socket : Using [0]hsn0:10.201.2.253<0>
x3110c0s7b1n0:15732:33479 [3] NCCL INFO Using network Socket
x3110c0s7b1n0:15729:33477 [0] NCCL INFO NET/Socket : GPU Direct RDMA Disabled for HCA 0 'hsn0'
x3110c0s7b1n0:15729:33477 [0] NCCL INFO transport/p2p.cc:151 Cuda Alloc Size 2097152 pointer 0x145476800000
x3110c0s7b1n0:15729:33477 [0] NCCL INFO === System : maxBw 24.0 totalBw 264.0 ===
x3110c0s7b1n0:15729:33477 [0] NCCL INFO CPU/3 (1/2/-1)
x3110c0s7b1n0:15729:33477 [0] NCCL INFO + SYS[5000.0] - CPU/2
x3110c0s7b1n0:15729:33477 [0] NCCL INFO + SYS[5000.0] - CPU/1
x3110c0s7b1n0:15729:33477 [0] NCCL INFO + SYS[5000.0] - CPU/0
x3110c0s7b1n0:15729:33477 [0] NCCL INFO + PCI[24.0] - PCI/5000 (11f8406811f8beef)
x3110c0s7b1n0:15729:33477 [0] NCCL INFO               + PCI[24.0] - GPU/7000 (4)
x3110c0s7b1n0:15729:33477 [0] NCCL INFO                             + NVL[88.0] - GPU/85000
x3110c0s7b1n0:15729:33477 [0] NCCL INFO                             + NVL[88.0] - GPU/C7000
x3110c0s7b1n0:15729:33477 [0] NCCL INFO                             + NVL[88.0] - GPU/46000
x3110c0s7b1n0:15729:33477 [0] NCCL INFO CPU/2 (1/2/-1)
x3110c0s7b1n0:15729:33477 [0] NCCL INFO + SYS[5000.0] - CPU/3
x3110c0s7b1n0:15729:33477 [0] NCCL INFO + SYS[5000.0] - CPU/1
x3110c0s7b1n0:15729:33477 [0] NCCL INFO + SYS[5000.0] - CPU/0
x3110c0s7b1n0:15729:33477 [0] NCCL INFO + PCI[24.0] - PCI/44000 (11f8406811f8beef)
x3110c0s7b1n0:15729:33477 [0] NCCL INFO               + PCI[24.0] - GPU/46000 (5)
x3110c0s7b1n0:15729:33477 [0] NCCL INFO                             + NVL[88.0] - GPU/85000
x3110c0s7b1n0:15729:33477 [0] NCCL INFO                             + NVL[88.0] - GPU/C7000
x3110c0s7b1n0:15729:33477 [0] NCCL INFO                             + NVL[88.0] - GPU/7000
x3110c0s7b1n0:15729:33477 [0] NCCL INFO + PCI[24.0] - NIC/43000
x3110c0s7b1n0:15729:33477 [0] NCCL INFO               + NET[25.0] - NET/0 (0/0/25.000000)
x3110c0s7b1n0:15729:33477 [0] NCCL INFO CPU/1 (1/2/-1)
x3110c0s7b1n0:15729:33477 [0] NCCL INFO + SYS[5000.0] - CPU/3
x3110c0s7b1n0:15729:33477 [0] NCCL INFO + SYS[5000.0] - CPU/2
x3110c0s7b1n0:15729:33477 [0] NCCL INFO + SYS[5000.0] - CPU/0
x3110c0s7b1n0:15729:33477 [0] NCCL INFO + PCI[24.0] - PCI/83000 (11f8406811f8beef)
x3110c0s7b1n0:15729:33477 [0] NCCL INFO               + PCI[24.0] - GPU/85000 (6)
x3110c0s7b1n0:15729:33477 [0] NCCL INFO                             + NVL[88.0] - GPU/C7000
x3110c0s7b1n0:15729:33477 [0] NCCL INFO                             + NVL[88.0] - GPU/46000
x3110c0s7b1n0:15729:33477 [0] NCCL INFO                             + NVL[88.0] - GPU/7000
x3110c0s7b1n0:15729:33477 [0] NCCL INFO CPU/0 (1/2/-1)
x3110c0s7b1n0:15729:33477 [0] NCCL INFO + SYS[5000.0] - CPU/3
x3110c0s7b1n0:15729:33477 [0] NCCL INFO + SYS[5000.0] - CPU/2
x3110c0s7b1n0:15729:33477 [0] NCCL INFO + SYS[5000.0] - CPU/1
x3110c0s7b1n0:15729:33477 [0] NCCL INFO + PCI[24.0] - PCI/C5000 (11f8406811f8beef)
x3110c0s7b1n0:15729:33477 [0] NCCL INFO               + PCI[24.0] - GPU/C7000 (7)
x3110c0s7b1n0:15729:33477 [0] NCCL INFO                             + NVL[88.0] - GPU/85000
x3110c0s7b1n0:15729:33477 [0] NCCL INFO                             + NVL[88.0] - GPU/46000
x3110c0s7b1n0:15729:33477 [0] NCCL INFO                             + NVL[88.0] - GPU/7000
x3110c0s7b1n0:15729:33477 [0] NCCL INFO ==========================================
x3110c0s7b1n0:15729:33477 [0] NCCL INFO GPU/7000 :GPU/7000 (0/5000.000000/LOC) GPU/46000 (1/88.000000/NVL) GPU/85000 (1/88.000000/NVL) GPU/C7000 (1/88.000000/NVL) CPU/3 (2/24.000000/PHB) CPU/2 (3/24.000000/SYS) CPU/1 (3/24.000000/SYS) CPU/0 (3/24.000000/SYS) NET/0 (5/24.000000/SYS) 
x3110c0s7b1n0:15729:33477 [0] NCCL INFO GPU/46000 :GPU/7000 (1/88.000000/NVL) GPU/46000 (0/5000.000000/LOC) GPU/85000 (1/88.000000/NVL) GPU/C7000 (1/88.000000/NVL) CPU/3 (3/24.000000/SYS) CPU/2 (2/24.000000/PHB) CPU/1 (3/24.000000/SYS) CPU/0 (3/24.000000/SYS) NET/0 (4/24.000000/PHB) 
x3110c0s7b1n0:15729:33477 [0] NCCL INFO GPU/85000 :GPU/7000 (1/88.000000/NVL) GPU/46000 (1/88.000000/NVL) GPU/85000 (0/5000.000000/LOC) GPU/C7000 (1/88.000000/NVL) CPU/3 (3/24.000000/SYS) CPU/2 (3/24.000000/SYS) CPU/1 (2/24.000000/PHB) CPU/0 (3/24.000000/SYS) NET/0 (5/24.000000/SYS) 
x3110c0s7b1n0:15729:33477 [0] NCCL INFO GPU/C7000 :GPU/7000 (1/88.000000/NVL) GPU/46000 (1/88.000000/NVL) GPU/85000 (1/88.000000/NVL) GPU/C7000 (0/5000.000000/LOC) CPU/3 (3/24.000000/SYS) CPU/2 (3/24.000000/SYS) CPU/1 (3/24.000000/SYS) CPU/0 (2/24.000000/PHB) NET/0 (5/24.000000/SYS) 
x3110c0s7b1n0:15729:33477 [0] NCCL INFO NET/0 :GPU/7000 (5/24.000000/SYS) GPU/46000 (4/24.000000/PHB) GPU/85000 (5/24.000000/SYS) GPU/C7000 (5/24.000000/SYS) CPU/3 (3/24.000000/SYS) CPU/2 (2/24.000000/PHB) CPU/1 (3/24.000000/SYS) CPU/0 (3/24.000000/SYS) NET/0 (0/5000.000000/LOC) 
x3110c0s7b1n0:15729:33477 [0] NCCL INFO Pattern 4, crossNic 0, nChannels 1, bw 24.000000/24.000000, type NVL/SYS, sameChannels 1
x3110c0s7b1n0:15729:33477 [0] NCCL INFO  0 : NET/0 GPU/5 GPU/4 GPU/7 GPU/6 NET/0
x3110c0s7b1n0:15729:33477 [0] NCCL INFO Pattern 1, crossNic 0, nChannels 1, bw 48.000000/24.000000, type NVL/SYS, sameChannels 1
x3110c0s7b1n0:15729:33477 [0] NCCL INFO  0 : NET/0 GPU/4 GPU/5 GPU/6 GPU/7 NET/0
x3110c0s7b1n0:15729:33477 [0] NCCL INFO Pattern 3, crossNic 0, nChannels 0, bw 0.000000/0.000000, type NVL/PIX, sameChannels 1
x3110c0s7b1n0:15730:33475 [1] NCCL INFO NET/Socket : GPU Direct RDMA Disabled for HCA 0 'hsn0'
x3110c0s7b1n0:15730:33475 [1] NCCL INFO transport/p2p.cc:151 Cuda Alloc Size 2097152 pointer 0x14b1b2800000
x3110c0s7b1n0:15730:33475 [1] NCCL INFO === System : maxBw 24.0 totalBw 264.0 ===
x3110c0s7b1n0:15730:33475 [1] NCCL INFO CPU/3 (1/2/-1)
x3110c0s7b1n0:15730:33475 [1] NCCL INFO + SYS[5000.0] - CPU/2
x3110c0s7b1n0:15730:33475 [1] NCCL INFO + SYS[5000.0] - CPU/1
x3110c0s7b1n0:15730:33475 [1] NCCL INFO + SYS[5000.0] - CPU/0
x3110c0s7b1n0:15730:33475 [1] NCCL INFO + PCI[24.0] - PCI/5000 (11f8406811f8beef)
x3110c0s7b1n0:15730:33475 [1] NCCL INFO               + PCI[24.0] - GPU/7000 (4)
x3110c0s7b1n0:15730:33475 [1] NCCL INFO                             + NVL[88.0] - GPU/85000
x3110c0s7b1n0:15730:33475 [1] NCCL INFO                             + NVL[88.0] - GPU/C7000
x3110c0s7b1n0:15730:33475 [1] NCCL INFO                             + NVL[88.0] - GPU/46000
x3110c0s7b1n0:15730:33475 [1] NCCL INFO CPU/2 (1/2/-1)
x3110c0s7b1n0:15730:33475 [1] NCCL INFO + SYS[5000.0] - CPU/3
x3110c0s7b1n0:15730:33475 [1] NCCL INFO + SYS[5000.0] - CPU/1
x3110c0s7b1n0:15730:33475 [1] NCCL INFO + SYS[5000.0] - CPU/0
x3110c0s7b1n0:15730:33475 [1] NCCL INFO + PCI[24.0] - PCI/44000 (11f8406811f8beef)
x3110c0s7b1n0:15730:33475 [1] NCCL INFO               + PCI[24.0] - GPU/46000 (5)
x3110c0s7b1n0:15730:33475 [1] NCCL INFO                             + NVL[88.0] - GPU/85000
x3110c0s7b1n0:15730:33475 [1] NCCL INFO                             + NVL[88.0] - GPU/C7000
x3110c0s7b1n0:15730:33475 [1] NCCL INFO                             + NVL[88.0] - GPU/7000
x3110c0s7b1n0:15730:33475 [1] NCCL INFO + PCI[24.0] - NIC/43000
x3110c0s7b1n0:15730:33475 [1] NCCL INFO               + NET[25.0] - NET/0 (0/0/25.000000)
x3110c0s7b1n0:15730:33475 [1] NCCL INFO CPU/1 (1/2/-1)
x3110c0s7b1n0:15730:33475 [1] NCCL INFO + SYS[5000.0] - CPU/3
x3110c0s7b1n0:15730:33475 [1] NCCL INFO + SYS[5000.0] - CPU/2
x3110c0s7b1n0:15730:33475 [1] NCCL INFO + SYS[5000.0] - CPU/0
x3110c0s7b1n0:15730:33475 [1] NCCL INFO + PCI[24.0] - PCI/83000 (11f8406811f8beef)
x3110c0s7b1n0:15730:33475 [1] NCCL INFO               + PCI[24.0] - GPU/85000 (6)
x3110c0s7b1n0:15730:33475 [1] NCCL INFO                             + NVL[88.0] - GPU/C7000
x3110c0s7b1n0:15730:33475 [1] NCCL INFO                             + NVL[88.0] - GPU/46000
x3110c0s7b1n0:15730:33475 [1] NCCL INFO                             + NVL[88.0] - GPU/7000
x3110c0s7b1n0:15730:33475 [1] NCCL INFO CPU/0 (1/2/-1)
x3110c0s7b1n0:15730:33475 [1] NCCL INFO + SYS[5000.0] - CPU/3
x3110c0s7b1n0:15730:33475 [1] NCCL INFO + SYS[5000.0] - CPU/2
x3110c0s7b1n0:15730:33475 [1] NCCL INFO + SYS[5000.0] - CPU/1
x3110c0s7b1n0:15730:33475 [1] NCCL INFO + PCI[24.0] - PCI/C5000 (11f8406811f8beef)
x3110c0s7b1n0:15730:33475 [1] NCCL INFO               + PCI[24.0] - GPU/C7000 (7)
x3110c0s7b1n0:15730:33475 [1] NCCL INFO                             + NVL[88.0] - GPU/85000
x3110c0s7b1n0:15730:33475 [1] NCCL INFO                             + NVL[88.0] - GPU/46000
x3110c0s7b1n0:15730:33475 [1] NCCL INFO                             + NVL[88.0] - GPU/7000
x3110c0s7b1n0:15730:33475 [1] NCCL INFO ==========================================
x3110c0s7b1n0:15730:33475 [1] NCCL INFO GPU/7000 :GPU/7000 (0/5000.000000/LOC) GPU/46000 (1/88.000000/NVL) GPU/85000 (1/88.000000/NVL) GPU/C7000 (1/88.000000/NVL) CPU/3 (2/24.000000/PHB) CPU/2 (3/24.000000/SYS) CPU/1 (3/24.000000/SYS) CPU/0 (3/24.000000/SYS) NET/0 (5/24.000000/SYS) 
x3110c0s7b1n0:15730:33475 [1] NCCL INFO GPU/46000 :GPU/7000 (1/88.000000/NVL) GPU/46000 (0/5000.000000/LOC) GPU/85000 (1/88.000000/NVL) GPU/C7000 (1/88.000000/NVL) CPU/3 (3/24.000000/SYS) CPU/2 (2/24.000000/PHB) CPU/1 (3/24.000000/SYS) CPU/0 (3/24.000000/SYS) NET/0 (4/24.000000/PHB) 
x3110c0s7b1n0:15730:33475 [1] NCCL INFO GPU/85000 :GPU/7000 (1/88.000000/NVL) GPU/46000 (1/88.000000/NVL) GPU/85000 (0/5000.000000/LOC) GPU/C7000 (1/88.000000/NVL) CPU/3 (3/24.000000/SYS) CPU/2 (3/24.000000/SYS) CPU/1 (2/24.000000/PHB) CPU/0 (3/24.000000/SYS) NET/0 (5/24.000000/SYS) 
x3110c0s7b1n0:15730:33475 [1] NCCL INFO GPU/C7000 :GPU/7000 (1/88.000000/NVL) GPU/46000 (1/88.000000/NVL) GPU/85000 (1/88.000000/NVL) GPU/C7000 (0/5000.000000/LOC) CPU/3 (3/24.000000/SYS) CPU/2 (3/24.000000/SYS) CPU/1 (3/24.000000/SYS) CPU/0 (2/24.000000/PHB) NET/0 (5/24.000000/SYS) 
x3110c0s7b1n0:15730:33475 [1] NCCL INFO NET/0 :GPU/7000 (5/24.000000/SYS) GPU/46000 (4/24.000000/PHB) GPU/85000 (5/24.000000/SYS) GPU/C7000 (5/24.000000/SYS) CPU/3 (3/24.000000/SYS) CPU/2 (2/24.000000/PHB) CPU/1 (3/24.000000/SYS) CPU/0 (3/24.000000/SYS) NET/0 (0/5000.000000/LOC) 
x3110c0s7b1n0:15730:33475 [1] NCCL INFO Pattern 4, crossNic 0, nChannels 1, bw 24.000000/24.000000, type NVL/SYS, sameChannels 1
x3110c0s7b1n0:15730:33475 [1] NCCL INFO  0 : NET/0 GPU/5 GPU/4 GPU/7 GPU/6 NET/0
x3110c0s7b1n0:15730:33475 [1] NCCL INFO Pattern 1, crossNic 0, nChannels 1, bw 48.000000/24.000000, type NVL/SYS, sameChannels 1
x3110c0s7b1n0:15730:33475 [1] NCCL INFO  0 : NET/0 GPU/4 GPU/5 GPU/6 GPU/7 NET/0
x3110c0s7b1n0:15730:33475 [1] NCCL INFO Pattern 3, crossNic 0, nChannels 0, bw 0.000000/0.000000, type NVL/PIX, sameChannels 1
x3110c0s7b1n0:15732:33479 [3] NCCL INFO NET/Socket : GPU Direct RDMA Disabled for HCA 0 'hsn0'
x3110c0s7b1n0:15732:33479 [3] NCCL INFO transport/p2p.cc:151 Cuda Alloc Size 2097152 pointer 0x151f0e200000
x3110c0s7b1n0:15732:33479 [3] NCCL INFO === System : maxBw 24.0 totalBw 264.0 ===
x3110c0s7b1n0:15732:33479 [3] NCCL INFO CPU/3 (1/2/-1)
x3110c0s7b1n0:15732:33479 [3] NCCL INFO + SYS[5000.0] - CPU/2
x3110c0s7b1n0:15732:33479 [3] NCCL INFO + SYS[5000.0] - CPU/1
x3110c0s7b1n0:15732:33479 [3] NCCL INFO + SYS[5000.0] - CPU/0
x3110c0s7b1n0:15732:33479 [3] NCCL INFO + PCI[24.0] - PCI/5000 (11f8406811f8beef)
x3110c0s7b1n0:15731:33478 [2] NCCL INFO NET/Socket : GPU Direct RDMA Disabled for HCA 0 'hsn0'
x3110c0s7b1n0:15731:33478 [2] NCCL INFO transport/p2p.cc:151 Cuda Alloc Size 2097152 pointer 0x149c7e200000
x3110c0s7b1n0:15731:33478 [2] NCCL INFO === System : maxBw 24.0 totalBw 264.0 ===
x3110c0s7b1n0:15731:33478 [2] NCCL INFO CPU/3 (1/2/-1)
x3110c0s7b1n0:15731:33478 [2] NCCL INFO + SYS[5000.0] - CPU/2
x3110c0s7b1n0:15731:33478 [2] NCCL INFO + SYS[5000.0] - CPU/1
x3110c0s7b1n0:15731:33478 [2] NCCL INFO + SYS[5000.0] - CPU/0
x3110c0s7b1n0:15731:33478 [2] NCCL INFO + PCI[24.0] - PCI/5000 (11f8406811f8beef)
x3110c0s7b1n0:15731:33478 [2] NCCL INFO               + PCI[24.0] - GPU/7000 (4)
x3110c0s7b1n0:15731:33478 [2] NCCL INFO                             + NVL[88.0] - GPU/85000
x3110c0s7b1n0:15731:33478 [2] NCCL INFO                             + NVL[88.0] - GPU/C7000
x3110c0s7b1n0:15731:33478 [2] NCCL INFO                             + NVL[88.0] - GPU/46000
x3110c0s7b1n0:15731:33478 [2] NCCL INFO CPU/2 (1/2/-1)
x3110c0s7b1n0:15731:33478 [2] NCCL INFO + SYS[5000.0] - CPU/3
x3110c0s7b1n0:15731:33478 [2] NCCL INFO + SYS[5000.0] - CPU/1
x3110c0s7b1n0:15731:33478 [2] NCCL INFO + SYS[5000.0] - CPU/0
x3110c0s7b1n0:15731:33478 [2] NCCL INFO + PCI[24.0] - PCI/44000 (11f8406811f8beef)
x3110c0s7b1n0:15731:33478 [2] NCCL INFO               + PCI[24.0] - GPU/46000 (5)
x3110c0s7b1n0:15731:33478 [2] NCCL INFO                             + NVL[88.0] - GPU/85000
x3110c0s7b1n0:15731:33478 [2] NCCL INFO                             + NVL[88.0] - GPU/C7000
x3110c0s7b1n0:15731:33478 [2] NCCL INFO                             + NVL[88.0] - GPU/7000
x3110c0s7b1n0:15731:33478 [2] NCCL INFO + PCI[24.0] - NIC/43000
x3110c0s7b1n0:15731:33478 [2] NCCL INFO               + NET[25.0] - NET/0 (0/0/25.000000)
x3110c0s7b1n0:15731:33478 [2] NCCL INFO CPU/1 (1/2/-1)
x3110c0s7b1n0:15731:33478 [2] NCCL INFO + SYS[5000.0] - CPU/3
x3110c0s7b1n0:15731:33478 [2] NCCL INFO + SYS[5000.0] - CPU/2
x3110c0s7b1n0:15731:33478 [2] NCCL INFO + SYS[5000.0] - CPU/0
x3110c0s7b1n0:15731:33478 [2] NCCL INFO + PCI[24.0] - PCI/83000 (11f8406811f8beef)
x3110c0s7b1n0:15731:33478 [2] NCCL INFO               + PCI[24.0] - GPU/85000 (6)
x3110c0s7b1n0:15731:33478 [2] NCCL INFO                             + NVL[88.0] - GPU/C7000
x3110c0s7b1n0:15731:33478 [2] NCCL INFO                             + NVL[88.0] - GPU/46000
x3110c0s7b1n0:15731:33478 [2] NCCL INFO                             + NVL[88.0] - GPU/7000
x3110c0s7b1n0:15731:33478 [2] NCCL INFO CPU/0 (1/2/-1)
x3110c0s7b1n0:15731:33478 [2] NCCL INFO + SYS[5000.0] - CPU/3
x3110c0s7b1n0:15731:33478 [2] NCCL INFO + SYS[5000.0] - CPU/2
x3110c0s7b1n0:15731:33478 [2] NCCL INFO + SYS[5000.0] - CPU/1
x3110c0s7b1n0:15731:33478 [2] NCCL INFO + PCI[24.0] - PCI/C5000 (11f8406811f8beef)
x3110c0s7b1n0:15731:33478 [2] NCCL INFO               + PCI[24.0] - GPU/C7000 (7)
x3110c0s7b1n0:15731:33478 [2] NCCL INFO                             + NVL[88.0] - GPU/85000
x3110c0s7b1n0:15731:33478 [2] NCCL INFO                             + NVL[88.0] - GPU/46000
x3110c0s7b1n0:15731:33478 [2] NCCL INFO                             + NVL[88.0] - GPU/7000
x3110c0s7b1n0:15731:33478 [2] NCCL INFO ==========================================
x3110c0s7b1n0:15731:33478 [2] NCCL INFO GPU/7000 :GPU/7000 (0/5000.000000/LOC) GPU/46000 (1/88.000000/NVL) GPU/85000 (1/88.000000/NVL) GPU/C7000 (1/88.000000/NVL) CPU/3 (2/24.000000/PHB) CPU/2 (3/24.000000/SYS) CPU/1 (3/24.000000/SYS) CPU/0 (3/24.000000/SYS) NET/0 (5/24.000000/SYS) 
x3110c0s7b1n0:15731:33478 [2] NCCL INFO GPU/46000 :GPU/7000 (1/88.000000/NVL) GPU/46000 (0/5000.000000/LOC) GPU/85000 (1/88.000000/NVL) GPU/C7000 (1/88.000000/NVL) CPU/3 (3/24.000000/SYS) CPU/2 (2/24.000000/PHB) CPU/1 (3/24.000000/SYS) CPU/0 (3/24.000000/SYS) NET/0 (4/24.000000/PHB) 
x3110c0s7b1n0:15731:33478 [2] NCCL INFO GPU/85000 :GPU/7000 (1/88.000000/NVL) GPU/46000 (1/88.000000/NVL) GPU/85000 (0/5000.000000/LOC) GPU/C7000 (1/88.000000/NVL) CPU/3 (3/24.000000/SYS) CPU/2 (3/24.000000/SYS) CPU/1 (2/24.000000/PHB) CPU/0 (3/24.000000/SYS) NET/0 (5/24.000000/SYS) 
x3110c0s7b1n0:15731:33478 [2] NCCL INFO GPU/C7000 :GPU/7000 (1/88.000000/NVL) GPU/46000 (1/88.000000/NVL) GPU/85000 (1/88.000000/NVL) GPU/C7000 (0/5000.000000/LOC) CPU/3 (3/24.000000/SYS) CPU/2 (3/24.000000/SYS) CPU/1 (3/24.000000/SYS) CPU/0 (2/24.000000/PHB) NET/0 (5/24.000000/SYS) 
x3110c0s7b1n0:15731:33478 [2] NCCL INFO NET/0 :GPU/7000 (5/24.000000/SYS) GPU/46000 (4/24.000000/PHB) GPU/85000 (5/24.000000/SYS) GPU/C7000 (5/24.000000/SYS) CPU/3 (3/24.000000/SYS) CPU/2 (2/24.000000/PHB) CPU/1 (3/24.000000/SYS) CPU/0 (3/24.000000/SYS) NET/0 (0/5000.000000/LOC) 
x3110c0s7b1n0:15731:33478 [2] NCCL INFO Pattern 4, crossNic 0, nChannels 1, bw 24.000000/24.000000, type NVL/SYS, sameChannels 1
x3110c0s7b1n0:15731:33478 [2] NCCL INFO  0 : NET/0 GPU/5 GPU/4 GPU/7 GPU/6 NET/0
x3110c0s7b1n0:15731:33478 [2] NCCL INFO Pattern 1, crossNic 0, nChannels 1, bw 48.000000/24.000000, type NVL/SYS, sameChannels 1
x3110c0s7b1n0:15731:33478 [2] NCCL INFO  0 : NET/0 GPU/4 GPU/5 GPU/6 GPU/7 NET/0
x3110c0s7b1n0:15731:33478 [2] NCCL INFO Pattern 3, crossNic 0, nChannels 0, bw 0.000000/0.000000, type NVL/PIX, sameChannels 1
x3110c0s7b1n0:15732:33479 [3] NCCL INFO               + PCI[24.0] - GPU/7000 (4)
x3110c0s7b1n0:15732:33479 [3] NCCL INFO                             + NVL[88.0] - GPU/85000
x3110c0s7b1n0:15732:33479 [3] NCCL INFO                             + NVL[88.0] - GPU/C7000
x3110c0s7b1n0:15732:33479 [3] NCCL INFO                             + NVL[88.0] - GPU/46000
x3110c0s7b1n0:15732:33479 [3] NCCL INFO CPU/2 (1/2/-1)
x3110c0s7b1n0:15732:33479 [3] NCCL INFO + SYS[5000.0] - CPU/3
x3110c0s7b1n0:15732:33479 [3] NCCL INFO + SYS[5000.0] - CPU/1
x3110c0s7b1n0:15732:33479 [3] NCCL INFO + SYS[5000.0] - CPU/0
x3110c0s7b1n0:15732:33479 [3] NCCL INFO + PCI[24.0] - PCI/44000 (11f8406811f8beef)
x3110c0s7b1n0:15732:33479 [3] NCCL INFO               + PCI[24.0] - GPU/46000 (5)
x3110c0s7b1n0:15732:33479 [3] NCCL INFO                             + NVL[88.0] - GPU/85000
x3110c0s7b1n0:15732:33479 [3] NCCL INFO                             + NVL[88.0] - GPU/C7000
x3110c0s7b1n0:15732:33479 [3] NCCL INFO                             + NVL[88.0] - GPU/7000
x3110c0s7b1n0:15732:33479 [3] NCCL INFO + PCI[24.0] - NIC/43000
x3110c0s7b1n0:15732:33479 [3] NCCL INFO               + NET[25.0] - NET/0 (0/0/25.000000)
x3110c0s7b1n0:15732:33479 [3] NCCL INFO CPU/1 (1/2/-1)
x3110c0s7b1n0:15732:33479 [3] NCCL INFO + SYS[5000.0] - CPU/3
x3110c0s7b1n0:15732:33479 [3] NCCL INFO + SYS[5000.0] - CPU/2
x3110c0s7b1n0:15732:33479 [3] NCCL INFO + SYS[5000.0] - CPU/0
x3110c0s7b1n0:15732:33479 [3] NCCL INFO + PCI[24.0] - PCI/83000 (11f8406811f8beef)
x3110c0s7b1n0:15732:33479 [3] NCCL INFO               + PCI[24.0] - GPU/85000 (6)
x3110c0s7b1n0:15732:33479 [3] NCCL INFO                             + NVL[88.0] - GPU/C7000
x3110c0s7b1n0:15732:33479 [3] NCCL INFO                             + NVL[88.0] - GPU/46000
x3110c0s7b1n0:15732:33479 [3] NCCL INFO                             + NVL[88.0] - GPU/7000
x3110c0s7b1n0:15732:33479 [3] NCCL INFO CPU/0 (1/2/-1)
x3110c0s7b1n0:15732:33479 [3] NCCL INFO + SYS[5000.0] - CPU/3
x3110c0s7b1n0:15732:33479 [3] NCCL INFO + SYS[5000.0] - CPU/2
x3110c0s7b1n0:15732:33479 [3] NCCL INFO + SYS[5000.0] - CPU/1
x3110c0s7b1n0:15732:33479 [3] NCCL INFO + PCI[24.0] - PCI/C5000 (11f8406811f8beef)
x3110c0s7b1n0:15732:33479 [3] NCCL INFO               + PCI[24.0] - GPU/C7000 (7)
x3110c0s7b1n0:15732:33479 [3] NCCL INFO                             + NVL[88.0] - GPU/85000
x3110c0s7b1n0:15732:33479 [3] NCCL INFO                             + NVL[88.0] - GPU/46000
x3110c0s7b1n0:15732:33479 [3] NCCL INFO                             + NVL[88.0] - GPU/7000
x3110c0s7b1n0:15732:33479 [3] NCCL INFO ==========================================
x3110c0s7b1n0:15732:33479 [3] NCCL INFO GPU/7000 :GPU/7000 (0/5000.000000/LOC) GPU/46000 (1/88.000000/NVL) GPU/85000 (1/88.000000/NVL) GPU/C7000 (1/88.000000/NVL) CPU/3 (2/24.000000/PHB) CPU/2 (3/24.000000/SYS) CPU/1 (3/24.000000/SYS) CPU/0 (3/24.000000/SYS) NET/0 (5/24.000000/SYS) 
x3110c0s7b1n0:15732:33479 [3] NCCL INFO GPU/46000 :GPU/7000 (1/88.000000/NVL) GPU/46000 (0/5000.000000/LOC) GPU/85000 (1/88.000000/NVL) GPU/C7000 (1/88.000000/NVL) CPU/3 (3/24.000000/SYS) CPU/2 (2/24.000000/PHB) CPU/1 (3/24.000000/SYS) CPU/0 (3/24.000000/SYS) NET/0 (4/24.000000/PHB) 
x3110c0s7b1n0:15732:33479 [3] NCCL INFO GPU/85000 :GPU/7000 (1/88.000000/NVL) GPU/46000 (1/88.000000/NVL) GPU/85000 (0/5000.000000/LOC) GPU/C7000 (1/88.000000/NVL) CPU/3 (3/24.000000/SYS) CPU/2 (3/24.000000/SYS) CPU/1 (2/24.000000/PHB) CPU/0 (3/24.000000/SYS) NET/0 (5/24.000000/SYS) 
x3110c0s7b1n0:15732:33479 [3] NCCL INFO GPU/C7000 :GPU/7000 (1/88.000000/NVL) GPU/46000 (1/88.000000/NVL) GPU/85000 (1/88.000000/NVL) GPU/C7000 (0/5000.000000/LOC) CPU/3 (3/24.000000/SYS) CPU/2 (3/24.000000/SYS) CPU/1 (3/24.000000/SYS) CPU/0 (2/24.000000/PHB) NET/0 (5/24.000000/SYS) 
x3110c0s7b1n0:15732:33479 [3] NCCL INFO NET/0 :GPU/7000 (5/24.000000/SYS) GPU/46000 (4/24.000000/PHB) GPU/85000 (5/24.000000/SYS) GPU/C7000 (5/24.000000/SYS) CPU/3 (3/24.000000/SYS) CPU/2 (2/24.000000/PHB) CPU/1 (3/24.000000/SYS) CPU/0 (3/24.000000/SYS) NET/0 (0/5000.000000/LOC) 
x3110c0s7b1n0:15732:33479 [3] NCCL INFO Setting affinity for GPU 3 to 01
x3110c0s7b1n0:15732:33479 [3] NCCL INFO Pattern 4, crossNic 0, nChannels 1, bw 24.000000/24.000000, type NVL/SYS, sameChannels 1
x3110c0s7b1n0:15732:33479 [3] NCCL INFO  0 : NET/0 GPU/5 GPU/4 GPU/7 GPU/6 NET/0
x3110c0s7b1n0:15732:33479 [3] NCCL INFO Pattern 1, crossNic 0, nChannels 1, bw 48.000000/24.000000, type NVL/SYS, sameChannels 1
x3110c0s7b1n0:15732:33479 [3] NCCL INFO  0 : NET/0 GPU/4 GPU/5 GPU/6 GPU/7 NET/0
x3110c0s7b1n0:15732:33479 [3] NCCL INFO Pattern 3, crossNic 0, nChannels 0, bw 0.000000/0.000000, type NVL/PIX, sameChannels 1
x3110c0s7b1n0:15732:33479 [3] NCCL INFO Ring 00 : 4 -> 7 -> 6
x3110c0s7b1n0:15732:33479 [3] NCCL INFO Ring 01 : 4 -> 7 -> 6
x3110c0s7b1n0:15732:33479 [3] NCCL INFO Trees [0] -1/-1/-1->7->6 [1] -1/-1/-1->7->6
x3110c0s7b1n0:15732:33479 [3] NCCL INFO misc/utils.cc:235 memory stack hunk malloc(65536)
x3110c0s7b1n0:15732:33479 [3] NCCL INFO channel.cc:23 Cuda Alloc Size 3456 pointer 0x151f0e200000
x3110c0s7b1n0:15732:33479 [3] NCCL INFO channel.cc:27 Cuda Alloc Size 32 pointer 0x151f0e200e00
x3110c0s7b1n0:15732:33479 [3] NCCL INFO channel.cc:23 Cuda Alloc Size 3456 pointer 0x151f0e201000
x3110c0s7b1n0:15732:33479 [3] NCCL INFO channel.cc:27 Cuda Alloc Size 32 pointer 0x151f0e201e00
x3110c0s7b1n0:15732:33586 [3] NCCL INFO Mem Realloc old size 0, new size 8 pointer 0x151f00000c60
x3110c0s7b1n0:15732:33586 [3] NCCL INFO New proxy recv connection 0 from local rank 3, transport 0
x3110c0s7b1n0:15732:33479 [3] NCCL INFO Connection to proxy localRank 3 -> connection 0x151f00000c80
x3110c0s7b1n0:15732:33586 [3] NCCL INFO transport/p2p.cc:449 Cuda Alloc Size 6291456 pointer 0x151f0e400000
x3110c0s7b1n0:15729:33477 [0] NCCL INFO Tree 0 : 0 -> 4 -> 5/-1/-1
x3110c0s7b1n0:15729:33477 [0] NCCL INFO Tree 1 : -1 -> 4 -> 5/0/-1
x3110c0s7b1n0:15729:33477 [0] NCCL INFO Ring 00 : 5 -> 4 -> 7
x3110c0s7b1n0:15729:33477 [0] NCCL INFO Ring 01 : 5 -> 4 -> 7
x3110c0s7b1n0:15729:33477 [0] NCCL INFO Trees [0] 5/-1/-1->4->0 [1] 5/0/-1->4->-1
x3110c0s7b1n0:15729:33477 [0] NCCL INFO misc/utils.cc:235 memory stack hunk malloc(65536)
x3110c0s7b1n0:15729:33477 [0] NCCL INFO channel.cc:23 Cuda Alloc Size 3456 pointer 0x145476800000
x3110c0s7b1n0:15729:33477 [0] NCCL INFO channel.cc:27 Cuda Alloc Size 32 pointer 0x145476800e00
x3110c0s7b1n0:15729:33477 [0] NCCL INFO channel.cc:23 Cuda Alloc Size 3456 pointer 0x145476801000
x3110c0s7b1n0:15729:33477 [0] NCCL INFO channel.cc:27 Cuda Alloc Size 32 pointer 0x145476801e00
x3110c0s7b1n0:15729:33477 [0] NCCL INFO Channel 00/0 : 4[7000] -> 7[c7000] via P2P/IPC/read
x3110c0s7b1n0:15729:33577 [0] NCCL INFO Mem Realloc old size 0, new size 8 pointer 0x14541c000c60
x3110c0s7b1n0:15729:33577 [0] NCCL INFO New proxy send connection 0 from local rank 0, transport 0
x3110c0s7b1n0:15730:33475 [1] NCCL INFO Tree 0 : 4 -> 5 -> 6/-1/-1
x3110c0s7b1n0:15730:33475 [1] NCCL INFO Tree 1 : 4 -> 5 -> 6/-1/-1
x3110c0s7b1n0:15730:33475 [1] NCCL INFO Ring 00 : 2 -> 5 -> 4
x3110c0s7b1n0:15730:33475 [1] NCCL INFO Ring 01 : 2 -> 5 -> 4
x3110c0s7b1n0:15730:33475 [1] NCCL INFO Trees [0] 6/-1/-1->5->4 [1] 6/-1/-1->5->4
x3110c0s7b1n0:15730:33475 [1] NCCL INFO misc/utils.cc:235 memory stack hunk malloc(65536)
x3110c0s7b1n0:15730:33475 [1] NCCL INFO channel.cc:23 Cuda Alloc Size 3456 pointer 0x14b1b2800000
x3110c0s7b1n0:15730:33475 [1] NCCL INFO channel.cc:27 Cuda Alloc Size 32 pointer 0x14b1b2800e00
x3110c0s7b1n0:15730:33475 [1] NCCL INFO channel.cc:23 Cuda Alloc Size 3456 pointer 0x14b1b2801000
x3110c0s7b1n0:15730:33475 [1] NCCL INFO channel.cc:27 Cuda Alloc Size 32 pointer 0x14b1b2801e00
x3110c0s7b1n0:15730:33578 [1] NCCL INFO Mem Realloc old size 0, new size 8 pointer 0x14b158000c60
x3110c0s7b1n0:15730:33578 [1] NCCL INFO Allocated 4194656 bytes of shared memory in /dev/shm/nccl-GltNOE

x3110c0s7b1n0:15730:33578 [1] NCCL INFO New proxy recv connection 0 from local rank 1, transport 2
x3110c0s7b1n0:15730:33475 [1] NCCL INFO Connection to proxy localRank 1 -> connection 0x14b158000c80
x3110c0s7b1n0:15729:33477 [0] NCCL INFO Connection to proxy localRank 0 -> connection 0x14541c000c80
x3110c0s7b1n0:15729:33577 [0] NCCL INFO transport/p2p.cc:430 Cuda Alloc Size 6291456 pointer 0x145476a00000
x3110c0s7b1n0:15731:33478 [2] NCCL INFO Ring 00 : 7 -> 6 -> 1
x3110c0s7b1n0:15731:33478 [2] NCCL INFO Ring 01 : 7 -> 6 -> 1
x3110c0s7b1n0:15731:33478 [2] NCCL INFO Trees [0] 7/-1/-1->6->5 [1] 7/-1/-1->6->5
x3110c0s7b1n0:15731:33478 [2] NCCL INFO misc/utils.cc:235 memory stack hunk malloc(65536)
x3110c0s7b1n0:15731:33478 [2] NCCL INFO channel.cc:23 Cuda Alloc Size 3456 pointer 0x149c7e200000
x3110c0s7b1n0:15731:33478 [2] NCCL INFO channel.cc:27 Cuda Alloc Size 32 pointer 0x149c7e200e00
x3110c0s7b1n0:15731:33478 [2] NCCL INFO channel.cc:23 Cuda Alloc Size 3456 pointer 0x149c7e201000
x3110c0s7b1n0:15731:33478 [2] NCCL INFO channel.cc:27 Cuda Alloc Size 32 pointer 0x149c7e201e00
x3110c0s7b1n0:15731:33583 [2] NCCL INFO Mem Realloc old size 0, new size 8 pointer 0x149c70000c60
x3110c0s7b1n0:15731:33583 [2] NCCL INFO Allocated 4194656 bytes of shared memory in /dev/shm/nccl-DoY17I

x3110c0s7b1n0:15731:33583 [2] NCCL INFO New proxy send connection 0 from local rank 2, transport 2
x3110c0s7b1n0:15732:33586 [3] NCCL INFO New proxy recv connection 1 from local rank 3, transport 0
x3110c0s7b1n0:15730:33475 [1] NCCL INFO Channel 00/0 : 2[85000] -> 5[46000] [receive] via NET/Socket/0
x3110c0s7b1n0:15730:33578 [1] NCCL INFO New proxy recv connection 1 from local rank 1, transport 2
x3110c0s7b1n0:15731:33478 [2] NCCL INFO Connection to proxy localRank 2 -> connection 0x149c70000c80
x3110c0s7b1n0:15731:33478 [2] NCCL INFO Channel 00/0 : 6[85000] -> 1[46000] [send] via NET/Socket/0
x3110c0s7b1n0:15731:33583 [2] NCCL INFO New proxy send connection 1 from local rank 2, transport 2
x3110c0s7b1n0:15729:33477 [0] NCCL INFO Channel 01/0 : 4[7000] -> 7[c7000] via P2P/IPC/read
x3110c0s7b1n0:15729:33577 [0] NCCL INFO New proxy send connection 1 from local rank 0, transport 0
x3110c0s7b1n0:15732:33479 [3] NCCL INFO Connection to proxy localRank 3 -> connection 0x151f00000cc0
x3110c0s7b1n0:15732:33586 [3] NCCL INFO transport/p2p.cc:449 Cuda Alloc Size 6291456 pointer 0x151f0ea00000
x3110c0s7b1n0:15730:33475 [1] NCCL INFO Connection to proxy localRank 1 -> connection 0x14b158000cc0
x3110c0s7b1n0:15731:33478 [2] NCCL INFO Connection to proxy localRank 2 -> connection 0x149c70000cc0
x3110c0s7b1n0:15731:33478 [2] NCCL INFO Channel 01/0 : 6[85000] -> 1[46000] [send] via NET/Socket/0
x3110c0s7b1n0:15731:33583 [2] NCCL INFO transport/net.cc:571 Cuda Host Alloc Size 9641984 pointer 0x149c7e400000
x3110c0s7b1n0:15729:33477 [0] NCCL INFO Connection to proxy localRank 0 -> connection 0x14541c000cc0
x3110c0s7b1n0:15729:33577 [0] NCCL INFO transport/p2p.cc:430 Cuda Alloc Size 6291456 pointer 0x145477000000
x3110c0s7b1n0:15730:33475 [1] NCCL INFO Channel 01/0 : 2[85000] -> 5[46000] [receive] via NET/Socket/0
x3110c0s7b1n0:15730:33578 [1] NCCL INFO transport/net.cc:698 Cuda Host Alloc Size 9641984 pointer 0x14b1b2a00000
x3110c0s7b1n0:15731:33583 [2] NCCL INFO transport/net.cc:571 Cuda Host Alloc Size 9641984 pointer 0x149c7ee00000
x3110c0s7b1n0:15732:33479 [3] NCCL INFO Channel 00/0 : 7[c7000] -> 6[85000] via P2P/IPC/read
x3110c0s7b1n0:15732:33586 [3] NCCL INFO New proxy send connection 2 from local rank 3, transport 0
x3110c0s7b1n0:15729:33577 [0] NCCL INFO New proxy recv connection 2 from local rank 0, transport 0
x3110c0s7b1n0:15731:33583 [2] NCCL INFO New proxy recv connection 2 from local rank 2, transport 0
x3110c0s7b1n0:15732:33479 [3] NCCL INFO Connection to proxy localRank 3 -> connection 0x151f00000d00
x3110c0s7b1n0:15732:33586 [3] NCCL INFO transport/p2p.cc:430 Cuda Alloc Size 6291456 pointer 0x151f06000000
x3110c0s7b1n0:15730:33578 [1] NCCL INFO transport/net.cc:698 Cuda Host Alloc Size 9641984 pointer 0x14b1b3400000
x3110c0s7b1n0:15729:33477 [0] NCCL INFO Connection to proxy localRank 0 -> connection 0x14541c000d00
x3110c0s7b1n0:15729:33577 [0] NCCL INFO transport/p2p.cc:449 Cuda Alloc Size 6291456 pointer 0x145478200000
x3110c0s7b1n0:15732:33479 [3] NCCL INFO Channel 01/0 : 7[c7000] -> 6[85000] via P2P/IPC/read
x3110c0s7b1n0:15732:33586 [3] NCCL INFO New proxy send connection 3 from local rank 3, transport 0
x3110c0s7b1n0:15730:33475 [1] NCCL INFO Channel 00/0 : 5[46000] -> 4[7000] via P2P/IPC/read
x3110c0s7b1n0:15730:33578 [1] NCCL INFO New proxy send connection 2 from local rank 1, transport 0
x3110c0s7b1n0:15731:33478 [2] NCCL INFO Connection to proxy localRank 2 -> connection 0x149c70000d00
x3110c0s7b1n0:15731:33583 [2] NCCL INFO transport/p2p.cc:449 Cuda Alloc Size 6291456 pointer 0x149c7f800000
x3110c0s7b1n0:15729:33577 [0] NCCL INFO New proxy recv connection 3 from local rank 0, transport 0
x3110c0s7b1n0:15732:33479 [3] NCCL INFO Connection to proxy localRank 3 -> connection 0x151f00000d40
x3110c0s7b1n0:15732:33586 [3] NCCL INFO transport/p2p.cc:430 Cuda Alloc Size 6291456 pointer 0x151f06600000
x3110c0s7b1n0:15730:33475 [1] NCCL INFO Connection to proxy localRank 1 -> connection 0x14b158000d00
x3110c0s7b1n0:15730:33578 [1] NCCL INFO transport/p2p.cc:430 Cuda Alloc Size 6291456 pointer 0x14b1b3e00000
x3110c0s7b1n0:15731:33583 [2] NCCL INFO New proxy recv connection 3 from local rank 2, transport 0
x3110c0s7b1n0:15729:33477 [0] NCCL INFO Connection to proxy localRank 0 -> connection 0x14541c000d40
x3110c0s7b1n0:15729:33577 [0] NCCL INFO transport/p2p.cc:449 Cuda Alloc Size 6291456 pointer 0x145478800000
x3110c0s7b1n0:15730:33475 [1] NCCL INFO Channel 01/0 : 5[46000] -> 4[7000] via P2P/IPC/read
x3110c0s7b1n0:15730:33578 [1] NCCL INFO New proxy send connection 3 from local rank 1, transport 0
x3110c0s7b1n0:15731:33478 [2] NCCL INFO Connection to proxy localRank 2 -> connection 0x149c70000d40
x3110c0s7b1n0:15731:33583 [2] NCCL INFO transport/p2p.cc:449 Cuda Alloc Size 6291456 pointer 0x149c6e000000
x3110c0s7b1n0:15730:33475 [1] NCCL INFO Connection to proxy localRank 1 -> connection 0x14b158000d40
x3110c0s7b1n0:15730:33578 [1] NCCL INFO transport/p2p.cc:430 Cuda Alloc Size 6291456 pointer 0x14b1b4400000
x3110c0s7b1n0:15731:33478 [2] NCCL INFO Connected all rings
x3110c0s7b1n0:15731:33583 [2] NCCL INFO New proxy recv connection 4 from local rank 2, transport 0
x3110c0s7b1n0:15732:33479 [3] NCCL INFO Connected all rings
x3110c0s7b1n0:15732:33586 [3] NCCL INFO New proxy recv connection 4 from local rank 3, transport 0
x3110c0s7b1n0:15732:33479 [3] NCCL INFO Connection to proxy localRank 3 -> connection 0x151f00000d80
x3110c0s7b1n0:15732:33586 [3] NCCL INFO transport/p2p.cc:449 Cuda Alloc Size 6291456 pointer 0x151f07800000
x3110c0s7b1n0:15730:33475 [1] NCCL INFO Connected all rings
x3110c0s7b1n0:15730:33578 [1] NCCL INFO New proxy recv connection 4 from local rank 1, transport 0
x3110c0s7b1n0:15729:33477 [0] NCCL INFO Connected all rings
x3110c0s7b1n0:15729:33477 [0] NCCL INFO Channel 00/0 : 4[7000] -> 5[46000] via P2P/IPC/read
x3110c0s7b1n0:15729:33577 [0] NCCL INFO New proxy send connection 4 from local rank 0, transport 0
x3110c0s7b1n0:15731:33478 [2] NCCL INFO Connection to proxy localRank 2 -> connection 0x149c70000d80
x3110c0s7b1n0:15731:33583 [2] NCCL INFO transport/p2p.cc:449 Cuda Alloc Size 6291456 pointer 0x149c6f200000
x3110c0s7b1n0:15730:33475 [1] NCCL INFO Connection to proxy localRank 1 -> connection 0x14b158000d80
x3110c0s7b1n0:15730:33578 [1] NCCL INFO transport/p2p.cc:449 Cuda Alloc Size 6291456 pointer 0x14b1b5600000
x3110c0s7b1n0:15732:33586 [3] NCCL INFO New proxy recv connection 5 from local rank 3, transport 0
x3110c0s7b1n0:15729:33477 [0] NCCL INFO Connection to proxy localRank 0 -> connection 0x14541c000d80
x3110c0s7b1n0:15729:33577 [0] NCCL INFO transport/p2p.cc:430 Cuda Alloc Size 6291456 pointer 0x145479a00000
x3110c0s7b1n0:15731:33583 [2] NCCL INFO New proxy recv connection 5 from local rank 2, transport 0
x3110c0s7b1n0:15731:33478 [2] NCCL INFO Connection to proxy localRank 2 -> connection 0x149c70000dc0
x3110c0s7b1n0:15731:33583 [2] NCCL INFO transport/p2p.cc:449 Cuda Alloc Size 6291456 pointer 0x149c6f800000
x3110c0s7b1n0:15730:33578 [1] NCCL INFO New proxy recv connection 5 from local rank 1, transport 0
x3110c0s7b1n0:15732:33479 [3] NCCL INFO Connection to proxy localRank 3 -> connection 0x151f00000dc0
x3110c0s7b1n0:15732:33586 [3] NCCL INFO transport/p2p.cc:449 Cuda Alloc Size 6291456 pointer 0x151efe000000
x3110c0s7b1n0:15730:33475 [1] NCCL INFO Connection to proxy localRank 1 -> connection 0x14b158000dc0
x3110c0s7b1n0:15730:33578 [1] NCCL INFO transport/p2p.cc:449 Cuda Alloc Size 6291456 pointer 0x14b1b5c00000
x3110c0s7b1n0:15729:33477 [0] NCCL INFO Channel 01/0 : 4[7000] -> 5[46000] via P2P/IPC/read
x3110c0s7b1n0:15729:33577 [0] NCCL INFO New proxy send connection 5 from local rank 0, transport 0
x3110c0s7b1n0:15731:33478 [2] NCCL INFO Channel 00/0 : 6[85000] -> 7[c7000] via P2P/IPC/read
x3110c0s7b1n0:15731:33583 [2] NCCL INFO New proxy send connection 6 from local rank 2, transport 0
x3110c0s7b1n0:15730:33475 [1] NCCL INFO Channel 00/0 : 5[46000] -> 6[85000] via P2P/IPC/read
x3110c0s7b1n0:15730:33578 [1] NCCL INFO New proxy send connection 6 from local rank 1, transport 0
x3110c0s7b1n0:15729:33477 [0] NCCL INFO Connection to proxy localRank 0 -> connection 0x14541c000dc0
x3110c0s7b1n0:15729:33577 [0] NCCL INFO transport/p2p.cc:430 Cuda Alloc Size 6291456 pointer 0x14547a000000
x3110c0s7b1n0:15731:33478 [2] NCCL INFO Connection to proxy localRank 2 -> connection 0x149c70000e00
x3110c0s7b1n0:15731:33583 [2] NCCL INFO transport/p2p.cc:430 Cuda Alloc Size 6291456 pointer 0x149c6c000000
x3110c0s7b1n0:15730:33475 [1] NCCL INFO Connection to proxy localRank 1 -> connection 0x14b158000e00
x3110c0s7b1n0:15730:33578 [1] NCCL INFO transport/p2p.cc:430 Cuda Alloc Size 6291456 pointer 0x14b1b6200000
x3110c0s7b1n0:15731:33478 [2] NCCL INFO Channel 01/0 : 6[85000] -> 7[c7000] via P2P/IPC/read
x3110c0s7b1n0:15731:33583 [2] NCCL INFO New proxy send connection 7 from local rank 2, transport 0
x3110c0s7b1n0:15731:33478 [2] NCCL INFO Connection to proxy localRank 2 -> connection 0x149c70000e40
x3110c0s7b1n0:15731:33583 [2] NCCL INFO transport/p2p.cc:430 Cuda Alloc Size 6291456 pointer 0x149c6c600000
x3110c0s7b1n0:15730:33475 [1] NCCL INFO Channel 01/0 : 5[46000] -> 6[85000] via P2P/IPC/read
x3110c0s7b1n0:15730:33578 [1] NCCL INFO New proxy send connection 7 from local rank 1, transport 0
x3110c0s7b1n0:15732:33479 [3] NCCL INFO Connected all trees by HAO
x3110c0s7b1n0:15732:33479 [3] NCCL INFO threadThresholds 8/8/64 | 64/8/64 | 512 | 512
x3110c0s7b1n0:15732:33479 [3] NCCL INFO 2 coll channels, 2 p2p channels, 2 p2p channels per peer
x3110c0s7b1n0:15732:33586 [3] NCCL INFO Allocated 4194656 bytes of shared memory in /dev/shm/nccl-l6N0fL

x3110c0s7b1n0:15732:33586 [3] NCCL INFO New proxy send connection 6 from local rank 3, transport 2
x3110c0s7b1n0:15730:33475 [1] NCCL INFO Connection to proxy localRank 1 -> connection 0x14b158000e40
x3110c0s7b1n0:15730:33578 [1] NCCL INFO transport/p2p.cc:430 Cuda Alloc Size 6291456 pointer 0x14b1b6800000
x3110c0s7b1n0:15732:33479 [3] NCCL INFO Connection to proxy localRank 3 -> connection 0x151f00000e00
x3110c0s7b1n0:15732:33586 [3] NCCL INFO transport/net.cc:376 Cuda Alloc Size 4194304 pointer 0x151eff200000
x3110c0s7b1n0:15730:33578 [1] NCCL INFO New proxy recv connection 8 from local rank 1, transport 0
x3110c0s7b1n0:15729:33577 [0] NCCL INFO Allocated 4194656 bytes of shared memory in /dev/shm/nccl-2UBrDw

x3110c0s7b1n0:15729:33577 [0] NCCL INFO New proxy recv connection 6 from local rank 0, transport 2
x3110c0s7b1n0:15731:33478 [2] NCCL INFO Channel 00/0 : 6[85000] -> 5[46000] via P2P/IPC/read
x3110c0s7b1n0:15731:33583 [2] NCCL INFO New proxy send connection 8 from local rank 2, transport 0
x3110c0s7b1n0:15729:33477 [0] NCCL INFO Connection to proxy localRank 0 -> connection 0x14541c000e00
x3110c0s7b1n0:15730:33475 [1] NCCL INFO Connection to proxy localRank 1 -> connection 0x14b158000e80
x3110c0s7b1n0:15730:33578 [1] NCCL INFO transport/p2p.cc:449 Cuda Alloc Size 6291456 pointer 0x14b1b8600000
x3110c0s7b1n0:15731:33478 [2] NCCL INFO Connection to proxy localRank 2 -> connection 0x149c70000e80
x3110c0s7b1n0:15731:33583 [2] NCCL INFO transport/p2p.cc:430 Cuda Alloc Size 6291456 pointer 0x149c6a600000
x3110c0s7b1n0:15730:33578 [1] NCCL INFO New proxy recv connection 9 from local rank 1, transport 0
x3110c0s7b1n0:15729:33477 [0] NCCL INFO Channel 00/0 : 0[7000] -> 4[7000] [receive] via NET/Socket/0
x3110c0s7b1n0:15729:33577 [0] NCCL INFO New proxy recv connection 7 from local rank 0, transport 2
x3110c0s7b1n0:15731:33478 [2] NCCL INFO Channel 01/0 : 6[85000] -> 5[46000] via P2P/IPC/read
x3110c0s7b1n0:15731:33583 [2] NCCL INFO New proxy send connection 9 from local rank 2, transport 0
x3110c0s7b1n0:15730:33475 [1] NCCL INFO Connection to proxy localRank 1 -> connection 0x14b158000ec0
x3110c0s7b1n0:15730:33578 [1] NCCL INFO transport/p2p.cc:449 Cuda Alloc Size 6291456 pointer 0x14b1b8c00000
x3110c0s7b1n0:15729:33477 [0] NCCL INFO Connection to proxy localRank 0 -> connection 0x14541c000e40
x3110c0s7b1n0:15731:33478 [2] NCCL INFO Connection to proxy localRank 2 -> connection 0x149c70000ec0
x3110c0s7b1n0:15731:33583 [2] NCCL INFO transport/p2p.cc:430 Cuda Alloc Size 6291456 pointer 0x149c6ac00000
x3110c0s7b1n0:15729:33477 [0] NCCL INFO Channel 01/0 : 0[7000] -> 4[7000] [receive] via NET/Socket/0
x3110c0s7b1n0:15729:33577 [0] NCCL INFO New proxy send connection 8 from local rank 0, transport 2
x3110c0s7b1n0:15729:33477 [0] NCCL INFO Connection to proxy localRank 0 -> connection 0x14541c000e80
x3110c0s7b1n0:15729:33477 [0] NCCL INFO Channel 00/0 : 4[7000] -> 0[7000] [send] via NET/Socket/0
x3110c0s7b1n0:15729:33577 [0] NCCL INFO New proxy send connection 9 from local rank 0, transport 2
x3110c0s7b1n0:15731:33478 [2] NCCL INFO Connected all trees by HAO
x3110c0s7b1n0:15731:33478 [2] NCCL INFO threadThresholds 8/8/64 | 64/8/64 | 512 | 512
x3110c0s7b1n0:15731:33478 [2] NCCL INFO 2 coll channels, 2 p2p channels, 2 p2p channels per peer
x3110c0s7b1n0:15731:33583 [2] NCCL INFO New proxy send connection 10 from local rank 2, transport 2
x3110c0s7b1n0:15730:33475 [1] NCCL INFO Connected all trees by HAO
x3110c0s7b1n0:15730:33475 [1] NCCL INFO threadThresholds 8/8/64 | 64/8/64 | 512 | 512
x3110c0s7b1n0:15730:33475 [1] NCCL INFO 2 coll channels, 2 p2p channels, 2 p2p channels per peer
x3110c0s7b1n0:15730:33578 [1] NCCL INFO New proxy send connection 10 from local rank 1, transport 2
x3110c0s7b1n0:15729:33477 [0] NCCL INFO Connection to proxy localRank 0 -> connection 0x14541c000ec0
x3110c0s7b1n0:15729:33477 [0] NCCL INFO Channel 01/0 : 4[7000] -> 0[7000] [send] via NET/Socket/0
x3110c0s7b1n0:15730:33475 [1] NCCL INFO Connection to proxy localRank 1 -> connection 0x14b158000f00
x3110c0s7b1n0:15729:33577 [0] NCCL INFO transport/net.cc:571 Cuda Host Alloc Size 9641984 pointer 0x14547b200000
x3110c0s7b1n0:15730:33578 [1] NCCL INFO transport/net.cc:376 Cuda Alloc Size 4194304 pointer 0x14b1b9e00000
x3110c0s7b1n0:15731:33478 [2] NCCL INFO Connection to proxy localRank 2 -> connection 0x149c70000f00
x3110c0s7b1n0:15731:33583 [2] NCCL INFO transport/net.cc:376 Cuda Alloc Size 4194304 pointer 0x149c68000000
x3110c0s7b1n0:15729:33577 [0] NCCL INFO transport/net.cc:571 Cuda Host Alloc Size 9641984 pointer 0x14547bc00000
x3110c0s7b1n0:15729:33577 [0] NCCL INFO transport/net.cc:698 Cuda Host Alloc Size 9641984 pointer 0x14547c600000
x3110c0s7b1n0:15729:33577 [0] NCCL INFO transport/net.cc:698 Cuda Host Alloc Size 9641984 pointer 0x14547d000000
x3110c0s7b1n0:15729:33477 [0] NCCL INFO Connected all trees by HAO
x3110c0s7b1n0:15729:33477 [0] NCCL INFO threadThresholds 8/8/64 | 64/8/64 | 512 | 512
x3110c0s7b1n0:15729:33477 [0] NCCL INFO 2 coll channels, 2 p2p channels, 2 p2p channels per peer
x3110c0s7b1n0:15729:33577 [0] NCCL INFO New proxy send connection 10 from local rank 0, transport 2
x3110c0s7b1n0:15729:33477 [0] NCCL INFO Connection to proxy localRank 0 -> connection 0x14541c000f00
x3110c0s7b1n0:15729:33477 [0] NCCL INFO init.cc:367 Cuda Alloc Size 5168 pointer 0x145476802000
x3110c0s7b1n0:15731:33478 [2] NCCL INFO init.cc:367 Cuda Alloc Size 5168 pointer 0x149c7e202000
x3110c0s7b1n0:15730:33475 [1] NCCL INFO init.cc:367 Cuda Alloc Size 5168 pointer 0x14b1b2802000
x3110c0s7b1n0:15732:33479 [3] NCCL INFO init.cc:367 Cuda Alloc Size 5168 pointer 0x151f0e202000
x3110c0s7b1n0:15732:33479 [3] NCCL INFO init.cc:392 Cuda Host Alloc Size 33554432 pointer 0x151ef6000000
x3110c0s7b1n0:15732:33479 [3] NCCL INFO init.cc:398 Cuda Host Alloc Size 128 pointer 0x151f11800200
x3110c0s7b1n0:15732:33479 [3] NCCL INFO comm 0x55d56e1e6900 rank 7 nranks 8 cudaDev 3 busId c7000 - Init COMPLETE
x3110c0s7b1n0:15731:33478 [2] NCCL INFO init.cc:392 Cuda Host Alloc Size 33554432 pointer 0x149c66000000
x3110c0s7b1n0:15731:33478 [2] NCCL INFO init.cc:398 Cuda Host Alloc Size 128 pointer 0x149c81800200
x3110c0s7b1n0:15731:33478 [2] NCCL INFO comm 0x55b61bd363e0 rank 6 nranks 8 cudaDev 2 busId 85000 - Init COMPLETE
x3110c0s7b1n0:15730:33475 [1] NCCL INFO init.cc:392 Cuda Host Alloc Size 33554432 pointer 0x14b1ba200000
x3110c0s7b1n0:15730:33475 [1] NCCL INFO init.cc:398 Cuda Host Alloc Size 128 pointer 0x14b1b1e00200
x3110c0s7b1n0:15730:33475 [1] NCCL INFO comm 0x559ff1d7c180 rank 5 nranks 8 cudaDev 1 busId 46000 - Init COMPLETE
x3110c0s7b1n0:15729:33477 [0] NCCL INFO init.cc:392 Cuda Host Alloc Size 33554432 pointer 0x14547da00000
x3110c0s7b1n0:15729:33477 [0] NCCL INFO init.cc:398 Cuda Host Alloc Size 128 pointer 0x145475e00200
x3110c0s7b1n0:15729:33477 [0] NCCL INFO comm 0x562df97a1830 rank 4 nranks 8 cudaDev 0 busId 7000 - Init COMPLETE
x3110c0s7b1n0:15729:33577 [0] NCCL INFO transport/net.cc:376 Cuda Alloc Size 4194304 pointer 0x14547fa00000
x3110c0s7b1n0:15730:15730 [1] NCCL INFO AllReduce: opCount 0 sendbuff 0x14b1bf200200 recvbuff 0x14b1bf200200 count 1 datatype 1 op 0 root 0 comm 0x559ff1d7c180 [nranks=8] stream 0x559ff1126f30
x3110c0s7b1n0:15730:15730 [1] NCCL INFO misc/utils.cc:235 memory stack hunk malloc(65536)
[LYD INFO in ncclLaunchKernel (enqueue.cc)] NCHANNELS is: 2x3110c0s7b1n0:15731:15731 [2] NCCL INFO AllReduce: opCount 0 sendbuff 0x149ccf200200 recvbuff 0x149ccf200200 count 1 datatype 1 op 0 root 0 comm 0x55b61bd363e0 [nranks=8] stream 0x55b61b0bfcb0
x3110c0s7b1n0:15731:15731 [2] NCCL INFO misc/utils.cc:235 memory stack hunk malloc(65536)
[LYD INFO in ncclLaunchKernel (enqueue.cc)] NCHANNELS is: 2x3110c0s7b1n0:15729:15729 [0] NCCL INFO AllReduce: opCount 0 sendbuff 0x145483200200 recvbuff 0x145483200200 count 1 datatype 1 op 0 root 0 comm 0x562df97a1830 [nranks=8] stream 0x562df8c059d0
x3110c0s7b1n0:15729:15729 [0] NCCL INFO misc/utils.cc:235 memory stack hunk malloc(65536)
[LYD INFO in ncclLaunchKernel (enqueue.cc)] NCHANNELS is: 2x3110c0s7b1n0:15732:15732 [3] NCCL INFO AllReduce: opCount 0 sendbuff 0x151f5f200200 recvbuff 0x151f5f200200 count 1 datatype 1 op 0 root 0 comm 0x55d56e1e6900 [nranks=8] stream 0x55d56d64ac50
x3110c0s7b1n0:15732:15732 [3] NCCL INFO misc/utils.cc:235 memory stack hunk malloc(65536)
[LYD INFO in ncclLaunchKernel (enqueue.cc)] NCHANNELS is: 2
[LYD INFO in NCCL_KERN_NAME (common.h)] 5 AllReduce TREE LL Sum uint8_t Elapsed time: 46628 us

[LYD INFO in NCCL_KERN_NAME (common.h)] 6 AllReduce TREE LL Sum uint8_t Elapsed time: 45381 us

[LYD INFO in NCCL_KERN_NAME (common.h)] 4 AllReduce TREE LL Sum uint8_t Elapsed time: 45254 us

[LYD INFO in NCCL_KERN_NAME (common.h)] 7 AllReduce TREE LL Sum uint8_t Elapsed time: 6868 us
x3110c0s7b1n0:15730:15730 [1] NCCL INFO AllReduce: opCount 1 sendbuff 0x14b1bf200000 recvbuff 0x14b1bf200000 count 1 datatype 1 op 0 root 0 comm 0x559ff1d7c180 [nranks=8] stream 0x559ff1126f30
[LYD INFO in ncclLaunchKernel (enqueue.cc)] NCHANNELS is: 2x3110c0s7b1n0:15729:15729 [0] NCCL INFO AllReduce: opCount 1 sendbuff 0x145483200000 recvbuff 0x145483200000 count 1 datatype 1 op 0 root 0 comm 0x562df97a1830 [nranks=8] stream 0x562df8c059d0
[LYD INFO in ncclLaunchKernel (enqueue.cc)] NCHANNELS is: 2x3110c0s7b1n0:15731:15731 [2] NCCL INFO AllReduce: opCount 1 sendbuff 0x149ccf200000 recvbuff 0x149ccf200000 count 1 datatype 1 op 0 root 0 comm 0x55b61bd363e0 [nranks=8] stream 0x55b61b0bfcb0
[LYD INFO in ncclLaunchKernel (enqueue.cc)] NCHANNELS is: 2x3110c0s7b1n0:15732:15732 [3] NCCL INFO AllReduce: opCount 1 sendbuff 0x151f5f200000 recvbuff 0x151f5f200000 count 1 datatype 1 op 0 root 0 comm 0x55d56e1e6900 [nranks=8] stream 0x55d56d64ac50
[LYD INFO in ncclLaunchKernel (enqueue.cc)] NCHANNELS is: 2
[LYD INFO in NCCL_KERN_NAME (common.h)] 7 AllReduce TREE LL Sum uint8_t Elapsed time: 20475 us

[LYD INFO in NCCL_KERN_NAME (common.h)] 6 AllReduce TREE LL Sum uint8_t Elapsed time: 44047 us

[LYD INFO in NCCL_KERN_NAME (common.h)] 5 AllReduce TREE LL Sum uint8_t Elapsed time: 841498 us

[LYD INFO in NCCL_KERN_NAME (common.h)] 4 AllReduce TREE LL Sum uint8_t Elapsed time: 790148 us
x3110c0s7b1n0:15729:15729 [0] NCCL INFO AllReduce: opCount 2 sendbuff 0x145483200000 recvbuff 0x145483200000 count 1 datatype 8 op 3 root 0 comm 0x562df97a1830 [nranks=8] stream 0x562df8c059d0
[LYD INFO in ncclLaunchKernel (enqueue.cc)] NCHANNELS is: 2x3110c0s7b1n0:15730:15730 [1] NCCL INFO AllReduce: opCount 2 sendbuff 0x14b1bf200000 recvbuff 0x14b1bf200000 count 1 datatype 8 op 3 root 0 comm 0x559ff1d7c180 [nranks=8] stream 0x559ff1126f30
[LYD INFO in ncclLaunchKernel (enqueue.cc)] NCHANNELS is: 2x3110c0s7b1n0:15732:15732 [3] NCCL INFO AllReduce: opCount 2 sendbuff 0x151f5f200000 recvbuff 0x151f5f200000 count 1 datatype 8 op 3 root 0 comm 0x55d56e1e6900 [nranks=8] stream 0x55d56d64ac50
[LYD INFO in ncclLaunchKernel (enqueue.cc)] NCHANNELS is: 2x3110c0s7b1n0:15731:15731 [2] NCCL INFO AllReduce: opCount 2 sendbuff 0x149ccf200000 recvbuff 0x149ccf200000 count 1 datatype 8 op 3 root 0 comm 0x55b61bd363e0 [nranks=8] stream 0x55b61b0bfcb0
[LYD INFO in ncclLaunchKernel (enqueue.cc)] NCHANNELS is: 2
[LYD INFO in NCCL_FUNC_NAME (common.h)] 7 AllReduce TREE LL Min double Elapsed time: 4 us

