x3004c0s31b0n0:5860:7064 [3] NCCL INFO NET/IB: Dev 1 Port 1 qpn 21719 mtu 5 GID 0 (80FE/DB0100FEFF000000)
x3004c0s31b0n0:5860:7064 [3] NCCL INFO transport/net_ib.cc:653 Ib Alloc Size 552 pointer 0x15442007d000
x3004c0s31b0n0:5860:7064 [3] NCCL INFO transport/net.cc:571 Cuda Host Alloc Size 9641984 pointer 0x154470400000
x3004c0s31b0n0:5854:7060 [1] NCCL INFO transport/net_ib.cc:771 Ib Alloc Size 552 pointer 0x152e9004b000
x3004c0s31b0n0:5854:7060 [1] NCCL INFO transport/net.cc:698 Cuda Host Alloc Size 9641984 pointer 0x152e8a000000
x3004c0s31b0n0:5854:7060 [1] NCCL INFO Mem Realloc old size 0, new size 768 pointer 0x152e900406b0
x3004c0s31b0n0:5858:6874 [2] NCCL INFO Connection to proxy localRank 2 -> connection 0x152f60000e40
x3004c0s31b0n0:5858:7061 [2] NCCL INFO transport/p2p.cc:449 Cuda Alloc Size 6291456 pointer 0x152fac200000
x3004c0s31b0n0:5854:7060 [1] NCCL INFO transport/net_ib.cc:683 Ib Alloc Size 21688 pointer 0x152e9004d000
x3004c0s31b0n0:5854:7060 [1] NCCL INFO transport/net_ib.cc:696 Ib Alloc Size 552 pointer 0x152e90054000
x3004c0s31b0n0:5860:7064 [3] NCCL INFO transport/net_ib.cc:596 Ib Alloc Size 26560 pointer 0x15442007f000
x3004c0s31b0n0:5858:6874 [2] NCCL INFO Connected all rings
x3004c0s31b0n0:5858:7061 [2] NCCL INFO New proxy recv connection 8 from local rank 2, transport 0
x3004c0s31b0n0:5852:7053 [0] NCCL INFO New proxy recv connection 4 from local rank 0, transport 0
x3004c0s31b0n0:5860:7064 [3] NCCL INFO NET/IB: Dev 0 Port 1 qpn 24098 mtu 5 GID 0 (80FE/9E0100FEFF000000)
x3004c0s31b0n0:5860:7064 [3] NCCL INFO transport/net_ib.cc:653 Ib Alloc Size 552 pointer 0x154420096000
x3004c0s31b0n0:5860:7064 [3] NCCL INFO transport/net.cc:571 Cuda Host Alloc Size 9641984 pointer 0x154470e00000
x3004c0s31b0n0:5854:7060 [1] NCCL INFO transport/net_ib.cc:771 Ib Alloc Size 552 pointer 0x152e90079000
x3004c0s31b0n0:5854:7060 [1] NCCL INFO transport/net.cc:698 Cuda Host Alloc Size 9641984 pointer 0x152e8aa00000
x3004c0s31b0n0:5854:7060 [1] NCCL INFO Mem Realloc old size 0, new size 768 pointer 0x152e9006e880
x3004c0s31b0n0:5860:6877 [3] NCCL INFO Connected all rings
x3004c0s31b0n0:5860:6877 [3] NCCL INFO Channel 00/0 : 19[c7000] -> 18[85000] via P2P/IPC/read
x3004c0s31b0n0:5860:7064 [3] NCCL INFO New proxy send connection 8 from local rank 3, transport 0
x3004c0s31b0n0:5854:7060 [1] NCCL INFO transport/net_ib.cc:683 Ib Alloc Size 21688 pointer 0x152e9007b000
x3004c0s31b0n0:5854:7060 [1] NCCL INFO transport/net_ib.cc:696 Ib Alloc Size 552 pointer 0x152e90082000
x3004c0s31b0n0:5852:6876 [0] NCCL INFO Connection to proxy localRank 0 -> connection 0x14ee9c000d80
x3004c0s31b0n0:5852:7053 [0] NCCL INFO transport/p2p.cc:449 Cuda Alloc Size 6291456 pointer 0x14ee9ac00000
x3004c0s31b0n0:5858:6874 [2] NCCL INFO Connection to proxy localRank 2 -> connection 0x152f60000e80
x3004c0s31b0n0:5858:7061 [2] NCCL INFO transport/p2p.cc:449 Cuda Alloc Size 6291456 pointer 0x152fae000000
x3004c0s31b0n0:5860:6877 [3] NCCL INFO Connection to proxy localRank 3 -> connection 0x154420000e80
x3004c0s31b0n0:5854:7060 [1] NCCL INFO transport/net_ib.cc:771 Ib Alloc Size 552 pointer 0x152e9009d000
x3004c0s31b0n0:5854:7060 [1] NCCL INFO transport/net.cc:698 Cuda Host Alloc Size 9641984 pointer 0x152e8b400000
x3004c0s31b0n0:5860:7064 [3] NCCL INFO transport/p2p.cc:430 Cuda Alloc Size 6291456 pointer 0x154471800000
x3004c0s31b0n0:5852:7053 [0] NCCL INFO New proxy recv connection 5 from local rank 0, transport 0
x3004c0s31b0n0:5860:6877 [3] NCCL INFO Channel 01/0 : 19[c7000] -> 18[85000] via P2P/IPC/read
x3004c0s31b0n0:5860:7064 [3] NCCL INFO New proxy send connection 9 from local rank 3, transport 0
x3004c0s31b0n0:5854:7060 [1] NCCL INFO transport/net_ib.cc:683 Ib Alloc Size 21688 pointer 0x152e9009f000
x3004c0s31b0n0:5854:7060 [1] NCCL INFO transport/net_ib.cc:696 Ib Alloc Size 552 pointer 0x152e900a6000
x3004c0s31b0n0:5852:6876 [0] NCCL INFO Connection to proxy localRank 0 -> connection 0x14ee9c000dc0
x3004c0s31b0n0:5852:7053 [0] NCCL INFO transport/p2p.cc:449 Cuda Alloc Size 6291456 pointer 0x14ee9b200000
x3004c0s31b0n0:5854:7060 [1] NCCL INFO transport/net_ib.cc:771 Ib Alloc Size 552 pointer 0x152e900c1000
x3004c0s31b0n0:5854:7060 [1] NCCL INFO transport/net.cc:698 Cuda Host Alloc Size 9641984 pointer 0x152e82000000
x3004c0s31b0n0:5860:6877 [3] NCCL INFO Connection to proxy localRank 3 -> connection 0x154420000ec0
x3004c0s31b0n0:5860:7064 [3] NCCL INFO transport/p2p.cc:430 Cuda Alloc Size 6291456 pointer 0x154471e00000
x3004c0s31b0n0:5858:7061 [2] NCCL INFO New proxy recv connection 9 from local rank 2, transport 0
x3004c0s31b0n0:5854:6875 [1] NCCL INFO Channel 00/0 : 17[46000] -> 16[7000] via P2P/IPC/read
x3004c0s31b0n0:5854:7060 [1] NCCL INFO New proxy send connection 4 from local rank 1, transport 0
x3004c0s31b0n0:5858:6874 [2] NCCL INFO Connection to proxy localRank 2 -> connection 0x152f60000ec0
x3004c0s31b0n0:5858:7061 [2] NCCL INFO transport/p2p.cc:449 Cuda Alloc Size 6291456 pointer 0x152fae600000
x3004c0s31b0n0:5854:6875 [1] NCCL INFO Connection to proxy localRank 1 -> connection 0x152e90000d80
x3004c0s31b0n0:5854:7060 [1] NCCL INFO transport/p2p.cc:430 Cuda Alloc Size 6291456 pointer 0x152e82a00000
x3004c0s31b0n0:5860:6877 [3] NCCL INFO Channel 02/0 : 19[c7000] -> 18[85000] via P2P/IPC/read
x3004c0s31b0n0:5860:7064 [3] NCCL INFO New proxy send connection 10 from local rank 3, transport 0
x3004c0s31b0n0:5852:7053 [0] NCCL INFO New proxy recv connection 6 from local rank 0, transport 0
x3004c0s31b0n0:5860:6877 [3] NCCL INFO Connection to proxy localRank 3 -> connection 0x154420000f00
x3004c0s31b0n0:5860:7064 [3] NCCL INFO transport/p2p.cc:430 Cuda Alloc Size 6291456 pointer 0x154472400000
x3004c0s31b0n0:5858:7061 [2] NCCL INFO New proxy recv connection 10 from local rank 2, transport 0
x3004c0s31b0n0:5852:6876 [0] NCCL INFO Connection to proxy localRank 0 -> connection 0x14ee9c000e00
x3004c0s31b0n0:5852:7053 [0] NCCL INFO transport/p2p.cc:449 Cuda Alloc Size 6291456 pointer 0x14ee9b800000
x3004c0s31b0n0:5854:6875 [1] NCCL INFO Channel 01/0 : 17[46000] -> 16[7000] via P2P/IPC/read
x3004c0s31b0n0:5854:7060 [1] NCCL INFO New proxy send connection 5 from local rank 1, transport 0
x3004c0s31b0n0:5860:6877 [3] NCCL INFO Channel 03/0 : 19[c7000] -> 18[85000] via P2P/IPC/read
x3004c0s31b0n0:5860:7064 [3] NCCL INFO New proxy send connection 11 from local rank 3, transport 0
x3004c0s31b0n0:5852:7053 [0] NCCL INFO New proxy recv connection 7 from local rank 0, transport 0
x3004c0s31b0n0:5858:6874 [2] NCCL INFO Connection to proxy localRank 2 -> connection 0x152f60000f00
x3004c0s31b0n0:5854:6875 [1] NCCL INFO Connection to proxy localRank 1 -> connection 0x152e90000dc0
x3004c0s31b0n0:5858:7061 [2] NCCL INFO transport/p2p.cc:449 Cuda Alloc Size 6291456 pointer 0x152faec00000
x3004c0s31b0n0:5854:7060 [1] NCCL INFO transport/p2p.cc:430 Cuda Alloc Size 6291456 pointer 0x152e83000000
x3004c0s31b0n0:5860:6877 [3] NCCL INFO Connection to proxy localRank 3 -> connection 0x154420000f40
x3004c0s31b0n0:5860:7064 [3] NCCL INFO transport/p2p.cc:430 Cuda Alloc Size 6291456 pointer 0x154472a00000
x3004c0s31b0n0:5858:7061 [2] NCCL INFO New proxy recv connection 11 from local rank 2, transport 0
x3004c0s31b0n0:5852:6876 [0] NCCL INFO Connection to proxy localRank 0 -> connection 0x14ee9c000e40
x3004c0s31b0n0:5852:7053 [0] NCCL INFO transport/p2p.cc:449 Cuda Alloc Size 6291456 pointer 0x14ee98000000
x3004c0s31b0n0:5858:6874 [2] NCCL INFO Connection to proxy localRank 2 -> connection 0x152f60000f40
x3004c0s31b0n0:5858:7061 [2] NCCL INFO transport/p2p.cc:449 Cuda Alloc Size 6291456 pointer 0x152faf200000
x3004c0s31b0n0:5854:6875 [1] NCCL INFO Channel 02/0 : 17[46000] -> 16[7000] via P2P/IPC/read
x3004c0s31b0n0:5854:7060 [1] NCCL INFO New proxy send connection 6 from local rank 1, transport 0
x3004c0s31b0n0:5854:6875 [1] NCCL INFO Connection to proxy localRank 1 -> connection 0x152e90000e00
x3004c0s31b0n0:5854:7060 [1] NCCL INFO transport/p2p.cc:430 Cuda Alloc Size 6291456 pointer 0x152e83600000
x3004c0s31b0n0:5854:6875 [1] NCCL INFO Channel 03/0 : 17[46000] -> 16[7000] via P2P/IPC/read
x3004c0s31b0n0:5854:7060 [1] NCCL INFO New proxy send connection 7 from local rank 1, transport 0
x3004c0s31b0n0:5854:6875 [1] NCCL INFO Connection to proxy localRank 1 -> connection 0x152e90000e40
x3004c0s31b0n0:5854:7060 [1] NCCL INFO transport/p2p.cc:430 Cuda Alloc Size 6291456 pointer 0x152e95a00000
x3004c0s31b0n0:5854:6875 [1] NCCL INFO Connected all rings
x3004c0s31b0n0:5854:7060 [1] NCCL INFO New proxy recv connection 8 from local rank 1, transport 0
x3004c0s31b0n0:5852:6876 [0] NCCL INFO Connected all rings
x3004c0s31b0n0:5852:6876 [0] NCCL INFO Channel 00/0 : 16[7000] -> 17[46000] via P2P/IPC/read
x3004c0s31b0n0:5852:7053 [0] NCCL INFO New proxy send connection 8 from local rank 0, transport 0
x3004c0s31b0n0:5852:6876 [0] NCCL INFO Connection to proxy localRank 0 -> connection 0x14ee9c000e80
x3004c0s31b0n0:5854:6875 [1] NCCL INFO Connection to proxy localRank 1 -> connection 0x152e90000e80
x3004c0s31b0n0:5854:7060 [1] NCCL INFO transport/p2p.cc:449 Cuda Alloc Size 6291456 pointer 0x152e81800000
x3004c0s31b0n0:5852:7053 [0] NCCL INFO transport/p2p.cc:430 Cuda Alloc Size 6291456 pointer 0x14ee96000000
x3004c0s31b0n0:5852:6876 [0] NCCL INFO Channel 01/0 : 16[7000] -> 17[46000] via P2P/IPC/read
x3004c0s31b0n0:5852:7053 [0] NCCL INFO New proxy send connection 9 from local rank 0, transport 0
x3004c0s31b0n0:5852:6876 [0] NCCL INFO Connection to proxy localRank 0 -> connection 0x14ee9c000ec0
x3004c0s31b0n0:5854:7060 [1] NCCL INFO New proxy recv connection 9 from local rank 1, transport 0
x3004c0s31b0n0:5852:7053 [0] NCCL INFO transport/p2p.cc:430 Cuda Alloc Size 6291456 pointer 0x14ee96600000
x3004c0s31b0n0:5854:6875 [1] NCCL INFO Connection to proxy localRank 1 -> connection 0x152e90000ec0
x3004c0s31b0n0:5854:7060 [1] NCCL INFO transport/p2p.cc:449 Cuda Alloc Size 6291456 pointer 0x152e7e000000
x3004c0s31b0n0:5852:6876 [0] NCCL INFO Channel 02/0 : 16[7000] -> 17[46000] via P2P/IPC/read
x3004c0s31b0n0:5852:7053 [0] NCCL INFO New proxy send connection 10 from local rank 0, transport 0
x3004c0s31b0n0:5854:7060 [1] NCCL INFO New proxy recv connection 10 from local rank 1, transport 0
x3004c0s31b0n0:5854:6875 [1] NCCL INFO Connection to proxy localRank 1 -> connection 0x152e90000f00
x3004c0s31b0n0:5854:7060 [1] NCCL INFO transport/p2p.cc:449 Cuda Alloc Size 6291456 pointer 0x152e7e600000
x3004c0s31b0n0:5852:6876 [0] NCCL INFO Connection to proxy localRank 0 -> connection 0x14ee9c000f00
x3004c0s31b0n0:5852:7053 [0] NCCL INFO transport/p2p.cc:430 Cuda Alloc Size 6291456 pointer 0x14ee96c00000
x3004c0s31b0n0:5854:7060 [1] NCCL INFO New proxy recv connection 11 from local rank 1, transport 0
x3004c0s31b0n0:5852:6876 [0] NCCL INFO Channel 03/0 : 16[7000] -> 17[46000] via P2P/IPC/read
x3004c0s31b0n0:5852:7053 [0] NCCL INFO New proxy send connection 11 from local rank 0, transport 0
x3004c0s31b0n0:5854:6875 [1] NCCL INFO Connection to proxy localRank 1 -> connection 0x152e90000f40
x3004c0s31b0n0:5854:7060 [1] NCCL INFO transport/p2p.cc:449 Cuda Alloc Size 6291456 pointer 0x152e7ec00000
x3004c0s31b0n0:5852:6876 [0] NCCL INFO Connection to proxy localRank 0 -> connection 0x14ee9c000f40
x3004c0s31b0n0:5852:7053 [0] NCCL INFO transport/p2p.cc:430 Cuda Alloc Size 6291456 pointer 0x14ee97200000
x3004c0s31b0n0:5854:6875 [1] NCCL INFO Channel 00/0 : 17[46000] -> 18[85000] via P2P/IPC/read
x3004c0s31b0n0:5854:7060 [1] NCCL INFO New proxy send connection 12 from local rank 1, transport 0
x3004c0s31b0n0:5854:6875 [1] NCCL INFO Connection to proxy localRank 1 -> connection 0x152e90000f80
x3004c0s31b0n0:5854:7060 [1] NCCL INFO transport/p2p.cc:430 Cuda Alloc Size 6291456 pointer 0x152e7f200000
x3004c0s31b0n0:5854:6875 [1] NCCL INFO Channel 01/0 : 17[46000] -> 18[85000] via P2P/IPC/read
x3004c0s31b0n0:5854:7060 [1] NCCL INFO New proxy send connection 13 from local rank 1, transport 0
x3004c0s31b0n0:5854:6875 [1] NCCL INFO Connection to proxy localRank 1 -> connection 0x152e90000fc0
x3004c0s31b0n0:5854:7060 [1] NCCL INFO transport/p2p.cc:430 Cuda Alloc Size 6291456 pointer 0x152e7f800000
x3004c0s31b0n0:5854:6875 [1] NCCL INFO Channel 02/0 : 17[46000] -> 18[85000] via P2P/IPC/read
x3004c0s31b0n0:5854:7060 [1] NCCL INFO New proxy send connection 14 from local rank 1, transport 0
x3004c0s31b0n0:5854:6875 [1] NCCL INFO Connection to proxy localRank 1 -> connection 0x152e90001000
x3004c0s31b0n0:5854:7060 [1] NCCL INFO transport/p2p.cc:430 Cuda Alloc Size 6291456 pointer 0x152e7c000000
x3004c0s31b0n0:5854:6875 [1] NCCL INFO Channel 03/0 : 17[46000] -> 18[85000] via P2P/IPC/read
x3004c0s31b0n0:5854:7060 [1] NCCL INFO New proxy send connection 15 from local rank 1, transport 0
x3004c0s31b0n0:5854:6875 [1] NCCL INFO Connection to proxy localRank 1 -> connection 0x152e90001040
x3004c0s31b0n0:5854:7060 [1] NCCL INFO transport/p2p.cc:430 Cuda Alloc Size 6291456 pointer 0x152e7c600000
x3004c0s31b0n0:5854:6875 [1] NCCL INFO GPU Direct RDMA Disabled for GPU 46000 / HCA 1 (distance 6 > 4)
x3004c0s31b0n0:5854:7060 [1] NCCL INFO New proxy recv connection 16 from local rank 1, transport 2
x3004c0s31b0n0:5852:6876 [0] NCCL INFO GPU Direct RDMA Disabled for GPU 7000 / HCA 1 (distance 7 > 4)
x3004c0s31b0n0:5852:7053 [0] NCCL INFO Allocated 4194656 bytes of shared memory in /dev/shm/nccl-AvXcLJ

x3004c0s31b0n0:5852:7053 [0] NCCL INFO New proxy recv connection 12 from local rank 0, transport 2
x3004c0s31b0n0:5858:7061 [2] NCCL INFO New proxy recv connection 12 from local rank 2, transport 0
x3004c0s31b0n0:5854:6875 [1] NCCL INFO Connection to proxy localRank 1 -> connection 0x152e90001080
x3004c0s31b0n0:5852:6876 [0] NCCL INFO Connection to proxy localRank 0 -> connection 0x14ee9c000f80
x3004c0s31b0n0:5858:6874 [2] NCCL INFO Connection to proxy localRank 2 -> connection 0x152f60000f80
x3004c0s31b0n0:5858:7061 [2] NCCL INFO transport/p2p.cc:449 Cuda Alloc Size 6291456 pointer 0x152fb1000000
x3004c0s31b0n0:5854:6875 [1] NCCL INFO Channel 00/0 : 8[7000] -> 17[46000] [receive] via NET/IB/1
x3004c0s31b0n0:5854:6875 [1] NCCL INFO GPU Direct RDMA Disabled for GPU 46000 / HCA 0 (distance 7 > 4)
x3004c0s31b0n0:5854:7060 [1] NCCL INFO New proxy recv connection 17 from local rank 1, transport 2
x3004c0s31b0n0:5852:6876 [0] NCCL INFO Channel 02/0 : 12[7000] -> 16[7000] [receive] via NET/IB/1
x3004c0s31b0n0:5852:6876 [0] NCCL INFO GPU Direct RDMA Disabled for GPU 7000 / HCA 0 (distance 7 > 4)
x3004c0s31b0n0:5852:7053 [0] NCCL INFO New proxy recv connection 13 from local rank 0, transport 2
x3004c0s31b0n0:5858:7061 [2] NCCL INFO New proxy recv connection 13 from local rank 2, transport 0
x3004c0s31b0n0:5858:6874 [2] NCCL INFO Connection to proxy localRank 2 -> connection 0x152f60000fc0
x3004c0s31b0n0:5854:6875 [1] NCCL INFO Connection to proxy localRank 1 -> connection 0x152e900010c0
x3004c0s31b0n0:5858:7061 [2] NCCL INFO transport/p2p.cc:449 Cuda Alloc Size 6291456 pointer 0x152fb1600000
x3004c0s31b0n0:5852:6876 [0] NCCL INFO Connection to proxy localRank 0 -> connection 0x14ee9c000fc0
x3004c0s31b0n0:5858:7061 [2] NCCL INFO New proxy recv connection 14 from local rank 2, transport 0
x3004c0s31b0n0:5854:6875 [1] NCCL INFO Channel 01/0 : 8[7000] -> 17[46000] [receive] via NET/IB/0
x3004c0s31b0n0:5852:6876 [0] NCCL INFO Channel 03/0 : 12[7000] -> 16[7000] [receive] via NET/IB/0
x3004c0s31b0n0:5852:6876 [0] NCCL INFO GPU Direct RDMA Disabled for GPU 7000 / HCA 1 (distance 7 > 4)
x3004c0s31b0n0:5852:7053 [0] NCCL INFO New proxy send connection 14 from local rank 0, transport 2
x3004c0s31b0n0:5858:6874 [2] NCCL INFO Connection to proxy localRank 2 -> connection 0x152f60001000
x3004c0s31b0n0:5858:7061 [2] NCCL INFO transport/p2p.cc:449 Cuda Alloc Size 6291456 pointer 0x152fb1c00000
x3004c0s31b0n0:5852:6876 [0] NCCL INFO Connection to proxy localRank 0 -> connection 0x14ee9c001000
x3004c0s31b0n0:5852:6876 [0] NCCL INFO Channel 00/0 : 16[7000] -> 0[7000] [send] via NET/IB/1
x3004c0s31b0n0:5852:6876 [0] NCCL INFO GPU Direct RDMA Disabled for GPU 7000 / HCA 0 (distance 7 > 4)
x3004c0s31b0n0:5852:7053 [0] NCCL INFO New proxy send connection 15 from local rank 0, transport 2
x3004c0s31b0n0:5858:7061 [2] NCCL INFO New proxy recv connection 15 from local rank 2, transport 0
x3004c0s31b0n0:5852:6876 [0] NCCL INFO Connection to proxy localRank 0 -> connection 0x14ee9c001040
x3004c0s31b0n0:5852:6876 [0] NCCL INFO Channel 01/0 : 16[7000] -> 0[7000] [send] via NET/IB/0
x3004c0s31b0n0:5858:6874 [2] NCCL INFO Connection to proxy localRank 2 -> connection 0x152f60001040
x3004c0s31b0n0:5858:7061 [2] NCCL INFO transport/p2p.cc:449 Cuda Alloc Size 6291456 pointer 0x152fb2200000
x3004c0s31b0n0:5858:6874 [2] NCCL INFO Channel 00/0 : 18[85000] -> 17[46000] via P2P/IPC/read
x3004c0s31b0n0:5852:7053 [0] NCCL INFO transport/net_ib.cc:596 Ib Alloc Size 26560 pointer 0x14ee9c026000
x3004c0s31b0n0:5858:7061 [2] NCCL INFO New proxy send connection 16 from local rank 2, transport 0
x3004c0s31b0n0:5852:7053 [0] NCCL INFO NET/IB: Dev 1 Port 1 qpn 21723 mtu 5 GID 0 (80FE/DB0100FEFF000000)
x3004c0s31b0n0:5852:7053 [0] NCCL INFO transport/net_ib.cc:653 Ib Alloc Size 552 pointer 0x14ee9c048000
x3004c0s31b0n0:5852:7053 [0] NCCL INFO transport/net.cc:571 Cuda Host Alloc Size 9641984 pointer 0x14ee95200000
x3004c0s31b0n0:5852:7053 [0] NCCL INFO Mem Realloc old size 0, new size 768 pointer 0x14ee9c0354d0
x3004c0s31b0n0:5852:7053 [0] NCCL INFO transport/net_ib.cc:596 Ib Alloc Size 26560 pointer 0x14ee9c04a000
x3004c0s31b0n0:5858:6874 [2] NCCL INFO Connection to proxy localRank 2 -> connection 0x152f60001080
x3004c0s31b0n0:5858:7061 [2] NCCL INFO transport/p2p.cc:430 Cuda Alloc Size 6291456 pointer 0x152fb2800000
x3004c0s31b0n0:5852:7053 [0] NCCL INFO NET/IB: Dev 0 Port 1 qpn 24103 mtu 5 GID 0 (80FE/9E0100FEFF000000)
x3004c0s31b0n0:5852:7053 [0] NCCL INFO transport/net_ib.cc:653 Ib Alloc Size 552 pointer 0x14ee9c06b000
x3004c0s31b0n0:5852:7053 [0] NCCL INFO transport/net.cc:571 Cuda Host Alloc Size 9641984 pointer 0x14ee8e000000
x3004c0s31b0n0:5852:7053 [0] NCCL INFO Mem Realloc old size 0, new size 768 pointer 0x14ee9c056050
x3004c0s31b0n0:5858:6874 [2] NCCL INFO Channel 01/0 : 18[85000] -> 17[46000] via P2P/IPC/read
x3004c0s31b0n0:5858:7061 [2] NCCL INFO New proxy send connection 17 from local rank 2, transport 0
x3004c0s31b0n0:5852:7053 [0] NCCL INFO transport/net_ib.cc:683 Ib Alloc Size 21688 pointer 0x14ee9c06d000
x3004c0s31b0n0:5852:7053 [0] NCCL INFO transport/net_ib.cc:696 Ib Alloc Size 552 pointer 0x14ee9c074000
x3004c0s31b0n0:5858:6874 [2] NCCL INFO Connection to proxy localRank 2 -> connection 0x152f600010c0
x3004c0s31b0n0:5858:7061 [2] NCCL INFO transport/p2p.cc:430 Cuda Alloc Size 6291456 pointer 0x152fb2e00000
x3004c0s31b0n0:5852:7053 [0] NCCL INFO transport/net_ib.cc:771 Ib Alloc Size 552 pointer 0x14ee9c090000
x3004c0s31b0n0:5852:7053 [0] NCCL INFO transport/net.cc:698 Cuda Host Alloc Size 9641984 pointer 0x14ee8ea00000
x3004c0s31b0n0:5852:7053 [0] NCCL INFO transport/net_ib.cc:683 Ib Alloc Size 21688 pointer 0x14ee9c092000
x3004c0s31b0n0:5852:7053 [0] NCCL INFO transport/net_ib.cc:696 Ib Alloc Size 552 pointer 0x14ee9c099000
x3004c0s31b0n0:5852:7053 [0] NCCL INFO transport/net_ib.cc:771 Ib Alloc Size 552 pointer 0x14ee9c0b4000
x3004c0s31b0n0:5852:7053 [0] NCCL INFO transport/net.cc:698 Cuda Host Alloc Size 9641984 pointer 0x14ee8f400000
x3004c0s31b0n0:5858:6874 [2] NCCL INFO Channel 02/0 : 18[85000] -> 17[46000] via P2P/IPC/read
x3004c0s31b0n0:5858:7061 [2] NCCL INFO New proxy send connection 18 from local rank 2, transport 0
x3004c0s31b0n0:5852:6876 [0] NCCL INFO GPU Direct RDMA Disabled for GPU 7000 / HCA 1 (distance 7 > 4)
x3004c0s31b0n0:5852:7053 [0] NCCL INFO New proxy recv connection 16 from local rank 0, transport 2
x3004c0s31b0n0:5858:6874 [2] NCCL INFO Connection to proxy localRank 2 -> connection 0x152f60001100
x3004c0s31b0n0:5858:7061 [2] NCCL INFO transport/p2p.cc:430 Cuda Alloc Size 6291456 pointer 0x152fb3400000
x3004c0s31b0n0:5852:6876 [0] NCCL INFO Connection to proxy localRank 0 -> connection 0x14ee9c001080
x3004c0s31b0n0:5858:6874 [2] NCCL INFO Channel 03/0 : 18[85000] -> 17[46000] via P2P/IPC/read
x3004c0s31b0n0:5858:7061 [2] NCCL INFO New proxy send connection 19 from local rank 2, transport 0
x3004c0s31b0n0:5852:6876 [0] NCCL INFO Channel 00/0 : 0[7000] -> 16[7000] [receive] via NET/IB/1
x3004c0s31b0n0:5852:6876 [0] NCCL INFO GPU Direct RDMA Disabled for GPU 7000 / HCA 0 (distance 7 > 4)
x3004c0s31b0n0:5852:7053 [0] NCCL INFO New proxy recv connection 17 from local rank 0, transport 2
x3004c0s31b0n0:5858:6874 [2] NCCL INFO Connection to proxy localRank 2 -> connection 0x152f60001140
x3004c0s31b0n0:5854:7060 [1] NCCL INFO transport/net_ib.cc:683 Ib Alloc Size 21688 pointer 0x152e900d2000
x3004c0s31b0n0:5858:7061 [2] NCCL INFO transport/p2p.cc:430 Cuda Alloc Size 6291456 pointer 0x152fb3a00000
x3004c0s31b0n0:5854:7060 [1] NCCL INFO transport/net_ib.cc:696 Ib Alloc Size 552 pointer 0x152e90019000
x3004c0s31b0n0:5860:6877 [3] NCCL INFO Connected all trees by HAO
x3004c0s31b0n0:5860:6877 [3] NCCL INFO threadThresholds 8/8/64 | 160/8/64 | 512 | 512
x3004c0s31b0n0:5860:6877 [3] NCCL INFO 4 coll channels, 4 p2p channels, 2 p2p channels per peer
x3004c0s31b0n0:5860:7064 [3] NCCL INFO New proxy send connection 12 from local rank 3, transport 2
x3004c0s31b0n0:5852:6876 [0] NCCL INFO Connection to proxy localRank 0 -> connection 0x14ee9c0010c0
x3004c0s31b0n0:5860:6877 [3] NCCL INFO Connection to proxy localRank 3 -> connection 0x154420000f80
x3004c0s31b0n0:5860:7064 [3] NCCL INFO transport/net.cc:376 Cuda Alloc Size 8388608 pointer 0x154474800000
x3004c0s31b0n0:5854:7060 [1] NCCL INFO transport/net_ib.cc:771 Ib Alloc Size 552 pointer 0x152e900f2000
x3004c0s31b0n0:5854:7060 [1] NCCL INFO transport/net.cc:698 Cuda Host Alloc Size 9641984 pointer 0x152e78000000
x3004c0s31b0n0:5852:6876 [0] NCCL INFO Channel 01/0 : 0[7000] -> 16[7000] [receive] via NET/IB/0
x3004c0s31b0n0:5852:6876 [0] NCCL INFO GPU Direct RDMA Disabled for GPU 7000 / HCA 1 (distance 7 > 4)
x3004c0s31b0n0:5852:7053 [0] NCCL INFO New proxy send connection 18 from local rank 0, transport 2
x3004c0s31b0n0:5854:7060 [1] NCCL INFO transport/net_ib.cc:683 Ib Alloc Size 21688 pointer 0x152e900f4000
x3004c0s31b0n0:5854:7060 [1] NCCL INFO transport/net_ib.cc:696 Ib Alloc Size 552 pointer 0x152e900fb000
x3004c0s31b0n0:5854:7060 [1] NCCL INFO transport/net_ib.cc:771 Ib Alloc Size 552 pointer 0x152e90116000
x3004c0s31b0n0:5854:7060 [1] NCCL INFO transport/net.cc:698 Cuda Host Alloc Size 9641984 pointer 0x152e78a00000
x3004c0s31b0n0:5854:6875 [1] NCCL INFO GPU Direct RDMA Disabled for GPU 46000 / HCA 1 (distance 6 > 4)
x3004c0s31b0n0:5854:7060 [1] NCCL INFO New proxy send connection 18 from local rank 1, transport 2
x3004c0s31b0n0:5852:6876 [0] NCCL INFO Connection to proxy localRank 0 -> connection 0x14ee9c001100
x3004c0s31b0n0:5852:6876 [0] NCCL INFO Channel 02/0 : 16[7000] -> 12[7000] [send] via NET/IB/1
x3004c0s31b0n0:5852:6876 [0] NCCL INFO GPU Direct RDMA Disabled for GPU 7000 / HCA 0 (distance 7 > 4)
x3004c0s31b0n0:5852:7053 [0] NCCL INFO New proxy send connection 19 from local rank 0, transport 2
x3004c0s31b0n0:5854:6875 [1] NCCL INFO Connection to proxy localRank 1 -> connection 0x152e90001100
x3004c0s31b0n0:5854:6875 [1] NCCL INFO Channel 00/0 : 17[46000] -> 8[7000] [send] via NET/IB/1
x3004c0s31b0n0:5854:6875 [1] NCCL INFO GPU Direct RDMA Disabled for GPU 46000 / HCA 0 (distance 7 > 4)
x3004c0s31b0n0:5854:7060 [1] NCCL INFO New proxy send connection 19 from local rank 1, transport 2
x3004c0s31b0n0:5854:6875 [1] NCCL INFO Connection to proxy localRank 1 -> connection 0x152e90001140
x3004c0s31b0n0:5852:6876 [0] NCCL INFO Connection to proxy localRank 0 -> connection 0x14ee9c001140
x3004c0s31b0n0:5852:6876 [0] NCCL INFO Channel 03/0 : 16[7000] -> 12[7000] [send] via NET/IB/0
x3004c0s31b0n0:5854:6875 [1] NCCL INFO Channel 01/0 : 17[46000] -> 8[7000] [send] via NET/IB/0
x3004c0s31b0n0:5854:7060 [1] NCCL INFO transport/net_ib.cc:596 Ib Alloc Size 26560 pointer 0x152e90122000
x3004c0s31b0n0:5854:7060 [1] NCCL INFO NET/IB: Dev 1 Port 1 qpn 21728 mtu 5 GID 0 (80FE/DB0100FEFF000000)
x3004c0s31b0n0:5854:7060 [1] NCCL INFO transport/net_ib.cc:653 Ib Alloc Size 552 pointer 0x152e90139000
x3004c0s31b0n0:5854:7060 [1] NCCL INFO transport/net.cc:571 Cuda Host Alloc Size 9641984 pointer 0x152e79400000
x3004c0s31b0n0:5854:7060 [1] NCCL INFO transport/net_ib.cc:596 Ib Alloc Size 26560 pointer 0x152e9013b000
x3004c0s31b0n0:5854:7060 [1] NCCL INFO NET/IB: Dev 0 Port 1 qpn 24108 mtu 5 GID 0 (80FE/9E0100FEFF000000)
x3004c0s31b0n0:5854:7060 [1] NCCL INFO transport/net_ib.cc:653 Ib Alloc Size 552 pointer 0x152e90152000
x3004c0s31b0n0:5854:7060 [1] NCCL INFO transport/net.cc:571 Cuda Host Alloc Size 9641984 pointer 0x152e76000000
x3004c0s31b0n0:5854:7060 [1] NCCL INFO New proxy recv connection 20 from local rank 1, transport 0
x3004c0s31b0n0:5854:6875 [1] NCCL INFO Connection to proxy localRank 1 -> connection 0x152e90001180
x3004c0s31b0n0:5854:7060 [1] NCCL INFO transport/p2p.cc:449 Cuda Alloc Size 6291456 pointer 0x152e76a00000
x3004c0s31b0n0:5854:7060 [1] NCCL INFO New proxy recv connection 21 from local rank 1, transport 0
x3004c0s31b0n0:5854:6875 [1] NCCL INFO Connection to proxy localRank 1 -> connection 0x152e900011c0
x3004c0s31b0n0:5854:7060 [1] NCCL INFO transport/p2p.cc:449 Cuda Alloc Size 6291456 pointer 0x152e77000000
x3004c0s31b0n0:5854:7060 [1] NCCL INFO New proxy recv connection 22 from local rank 1, transport 0
x3004c0s31b0n0:5854:6875 [1] NCCL INFO Connection to proxy localRank 1 -> connection 0x152e90001200
x3004c0s31b0n0:5854:7060 [1] NCCL INFO transport/p2p.cc:449 Cuda Alloc Size 6291456 pointer 0x152e77600000
x3004c0s31b0n0:5854:7060 [1] NCCL INFO New proxy recv connection 23 from local rank 1, transport 0
x3004c0s31b0n0:5852:7053 [0] NCCL INFO transport/net_ib.cc:596 Ib Alloc Size 26560 pointer 0x14ee9c0c8000
x3004c0s31b0n0:5852:7053 [0] NCCL INFO NET/IB: Dev 1 Port 1 qpn 21729 mtu 5 GID 0 (80FE/DB0100FEFF000000)
x3004c0s31b0n0:5852:7053 [0] NCCL INFO transport/net_ib.cc:653 Ib Alloc Size 552 pointer 0x14ee9c0df000
x3004c0s31b0n0:5852:7053 [0] NCCL INFO transport/net.cc:571 Cuda Host Alloc Size 9641984 pointer 0x14ee8c000000
x3004c0s31b0n0:5852:7053 [0] NCCL INFO transport/net_ib.cc:596 Ib Alloc Size 26560 pointer 0x14ee9c0e1000
x3004c0s31b0n0:5852:7053 [0] NCCL INFO NET/IB: Dev 0 Port 1 qpn 24109 mtu 5 GID 0 (80FE/9E0100FEFF000000)
x3004c0s31b0n0:5852:7053 [0] NCCL INFO transport/net_ib.cc:653 Ib Alloc Size 552 pointer 0x14ee9c0f8000
x3004c0s31b0n0:5852:7053 [0] NCCL INFO transport/net.cc:571 Cuda Host Alloc Size 9641984 pointer 0x14ee8ca00000
x3004c0s31b0n0:5852:7053 [0] NCCL INFO transport/net_ib.cc:683 Ib Alloc Size 21688 pointer 0x14ee9c0fa000
x3004c0s31b0n0:5852:7053 [0] NCCL INFO transport/net_ib.cc:696 Ib Alloc Size 552 pointer 0x14ee9c101000
x3004c0s31b0n0:5852:7053 [0] NCCL INFO transport/net_ib.cc:771 Ib Alloc Size 552 pointer 0x14ee9c11d000
x3004c0s31b0n0:5852:7053 [0] NCCL INFO transport/net.cc:698 Cuda Host Alloc Size 9641984 pointer 0x14ee8d400000
x3004c0s31b0n0:5854:6875 [1] NCCL INFO Connection to proxy localRank 1 -> connection 0x152e90001240
x3004c0s31b0n0:5854:7060 [1] NCCL INFO transport/p2p.cc:449 Cuda Alloc Size 6291456 pointer 0x152e74000000
x3004c0s31b0n0:5854:6875 [1] NCCL INFO Connected all trees by HAO
x3004c0s31b0n0:5854:6875 [1] NCCL INFO threadThresholds 8/8/64 | 160/8/64 | 512 | 512
x3004c0s31b0n0:5854:6875 [1] NCCL INFO 4 coll channels, 4 p2p channels, 2 p2p channels per peer
x3004c0s31b0n0:5854:7060 [1] NCCL INFO New proxy send connection 24 from local rank 1, transport 2
x3004c0s31b0n0:5858:6874 [2] NCCL INFO Connected all trees by HAO
x3004c0s31b0n0:5858:6874 [2] NCCL INFO threadThresholds 8/8/64 | 160/8/64 | 512 | 512
x3004c0s31b0n0:5858:6874 [2] NCCL INFO 4 coll channels, 4 p2p channels, 2 p2p channels per peer
x3004c0s31b0n0:5858:7061 [2] NCCL INFO Allocated 4194656 bytes of shared memory in /dev/shm/nccl-OJFbo9

x3004c0s31b0n0:5858:7061 [2] NCCL INFO New proxy send connection 20 from local rank 2, transport 2
x3004c0s31b0n0:5852:7053 [0] NCCL INFO transport/net_ib.cc:683 Ib Alloc Size 21688 pointer 0x14ee9c11f000
x3004c0s31b0n0:5852:7053 [0] NCCL INFO transport/net_ib.cc:696 Ib Alloc Size 552 pointer 0x14ee9c126000
x3004c0s31b0n0:5852:7053 [0] NCCL INFO transport/net_ib.cc:771 Ib Alloc Size 552 pointer 0x14ee9c141000
x3004c0s31b0n0:5852:7053 [0] NCCL INFO transport/net.cc:698 Cuda Host Alloc Size 9641984 pointer 0x14ee8a000000
x3004c0s31b0n0:5852:6876 [0] NCCL INFO Connected all trees by HAO
x3004c0s31b0n0:5852:6876 [0] NCCL INFO threadThresholds 8/8/64 | 160/8/64 | 512 | 512
x3004c0s31b0n0:5852:6876 [0] NCCL INFO 4 coll channels, 4 p2p channels, 2 p2p channels per peer
x3004c0s31b0n0:5852:7053 [0] NCCL INFO New proxy send connection 20 from local rank 0, transport 2
x3004c0s31b0n0:5854:6875 [1] NCCL INFO Connection to proxy localRank 1 -> connection 0x152e90001280
x3004c0s31b0n0:5854:7060 [1] NCCL INFO transport/net.cc:376 Cuda Alloc Size 8388608 pointer 0x152e72000000
x3004c0s31b0n0:5858:6874 [2] NCCL INFO Connection to proxy localRank 2 -> connection 0x152f60001180
x3004c0s31b0n0:5858:7061 [2] NCCL INFO transport/net.cc:376 Cuda Alloc Size 8388608 pointer 0x152fb7000000
x3004c0s31b0n0:5852:6876 [0] NCCL INFO Connection to proxy localRank 0 -> connection 0x14ee9c001180
x3004c0s31b0n0:5852:6876 [0] NCCL INFO init.cc:367 Cuda Alloc Size 5168 pointer 0x14eeab808800
x3004c0s31b0n0:5854:6875 [1] NCCL INFO init.cc:367 Cuda Alloc Size 5168 pointer 0x152e95808800
x3004c0s31b0n0:5860:6877 [3] NCCL INFO init.cc:367 Cuda Alloc Size 5168 pointer 0x15446be08800
x3004c0s31b0n0:5858:6874 [2] NCCL INFO init.cc:367 Cuda Alloc Size 5168 pointer 0x152fa7e08800
x3004c0s31b0n0:5860:6877 [3] NCCL INFO init.cc:392 Cuda Host Alloc Size 33554432 pointer 0x154475000000
x3004c0s31b0n0:5860:6877 [3] NCCL INFO init.cc:398 Cuda Host Alloc Size 128 pointer 0x15446b400200
x3004c0s31b0n0:5860:6877 [3] NCCL INFO comm 0x5578cbae7790 rank 19 nranks 20 cudaDev 3 busId c7000 - Init COMPLETE
x3004c0s31b0n0:5854:6875 [1] NCCL INFO init.cc:392 Cuda Host Alloc Size 33554432 pointer 0x152e70000000
x3004c0s31b0n0:5854:6875 [1] NCCL INFO init.cc:398 Cuda Host Alloc Size 128 pointer 0x152e94e00200
x3004c0s31b0n0:5854:6875 [1] NCCL INFO comm 0x55ce39360a70 rank 17 nranks 20 cudaDev 1 busId 46000 - Init COMPLETE
x3004c0s31b0n0:5858:6874 [2] NCCL INFO init.cc:392 Cuda Host Alloc Size 33554432 pointer 0x152fb7800000
x3004c0s31b0n0:5858:6874 [2] NCCL INFO init.cc:398 Cuda Host Alloc Size 128 pointer 0x152fa7400200
x3004c0s31b0n0:5858:6874 [2] NCCL INFO comm 0x555faee3fca0 rank 18 nranks 20 cudaDev 2 busId 85000 - Init COMPLETE
x3004c0s31b0n0:5852:7053 [0] NCCL INFO transport/net.cc:376 Cuda Alloc Size 8388608 pointer 0x14ee8aa00000
x3004c0s31b0n0:5852:6876 [0] NCCL INFO init.cc:392 Cuda Host Alloc Size 33554432 pointer 0x14ee88000000
x3004c0s31b0n0:5852:6876 [0] NCCL INFO init.cc:398 Cuda Host Alloc Size 128 pointer 0x14eeaae00200
x3004c0s31b0n0:5852:6876 [0] NCCL INFO comm 0x55f2e07ca0c0 rank 16 nranks 20 cudaDev 0 busId 7000 - Init COMPLETE
x3004c0s31b0n0:5860:5860 [3] NCCL INFO AllReduce: opCount 0 sendbuff 0x154467a00200 recvbuff 0x154467a00200 count 1 datatype 1 op 0 root 0 comm 0x5578cbae7790 [nranks=20] stream 0x5578cef77dd0
x3004c0s31b0n0:5860:5860 [3] NCCL INFO misc/utils.cc:235 memory stack hunk malloc(65536)
[LYD INFO in ncclLaunchKernel (enqueue.cc)] NCHANNELS is: 4x3004c0s31b0n0:5852:5852 [0] NCCL INFO AllReduce: opCount 0 sendbuff 0x14eeeb600200 recvbuff 0x14eeeb600200 count 1 datatype 1 op 0 root 0 comm 0x55f2e07ca0c0 [nranks=20] stream 0x55f2fb8a3260
x3004c0s31b0n0:5852:5852 [0] NCCL INFO misc/utils.cc:235 memory stack hunk malloc(65536)
[LYD INFO in ncclLaunchKernel (enqueue.cc)] NCHANNELS is: 4x3004c0s31b0n0:5858:5858 [2] NCCL INFO AllReduce: opCount 0 sendbuff 0x152fa3a00200 recvbuff 0x152fa3a00200 count 1 datatype 1 op 0 root 0 comm 0x555faee3fca0 [nranks=20] stream 0x555fc887e450
x3004c0s31b0n0:5858:5858 [2] NCCL INFO misc/utils.cc:235 memory stack hunk malloc(65536)
[LYD INFO in ncclLaunchKernel (enqueue.cc)] NCHANNELS is: 4x3004c0s31b0n0:5854:5854 [1] NCCL INFO AllReduce: opCount 0 sendbuff 0x152ed7600200 recvbuff 0x152ed7600200 count 1 datatype 1 op 0 root 0 comm 0x55ce39360a70 [nranks=20] stream 0x55ce4ff0e670
x3004c0s31b0n0:5854:5854 [1] NCCL INFO misc/utils.cc:235 memory stack hunk malloc(65536)
[LYD INFO in ncclLaunchKernel (enqueue.cc)] NCHANNELS is: 4
[LYD INFO in NCCL_KERN_NAME (common.h)] 18 AllReduce TREE LL Sum uint8_t Elapsed time: 731835 us

[LYD INFO in NCCL_KERN_NAME (common.h)] 17 AllReduce TREE LL Sum uint8_t Elapsed time: 687453 us

[LYD INFO in NCCL_KERN_NAME (common.h)] 16 AllReduce TREE LL Sum uint8_t Elapsed time: 758290 us

[LYD INFO in NCCL_KERN_NAME (common.h)] 19 AllReduce TREE LL Sum uint8_t Elapsed time: 728495 us
x3004c0s31b0n0:5858:5858 [2] NCCL INFO AllReduce: opCount 1 sendbuff 0x152fa3a00000 recvbuff 0x152fa3a00000 count 1 datatype 1 op 0 root 0 comm 0x555faee3fca0 [nranks=20] stream 0x555fc887e450
[LYD INFO in ncclLaunchKernel (enqueue.cc)] NCHANNELS is: 4x3004c0s31b0n0:5852:5852 [0] NCCL INFO AllReduce: opCount 1 sendbuff 0x14eeeb600000 recvbuff 0x14eeeb600000 count 1 datatype 1 op 0 root 0 comm 0x55f2e07ca0c0 [nranks=20] stream 0x55f2fb8a3260
[LYD INFO in ncclLaunchKernel (enqueue.cc)] NCHANNELS is: 4x3004c0s31b0n0:5854:5854 [1] NCCL INFO AllReduce: opCount 1 sendbuff 0x152ed7600000 recvbuff 0x152ed7600000 count 1 datatype 1 op 0 root 0 comm 0x55ce39360a70 [nranks=20] stream 0x55ce4ff0e670
[LYD INFO in ncclLaunchKernel (enqueue.cc)] NCHANNELS is: 4x3004c0s31b0n0:5860:5860 [3] NCCL INFO AllReduce: opCount 1 sendbuff 0x154467a00000 recvbuff 0x154467a00000 count 1 datatype 1 op 0 root 0 comm 0x5578cbae7790 [nranks=20] stream 0x5578cef77dd0
[LYD INFO in ncclLaunchKernel (enqueue.cc)] NCHANNELS is: 4
[LYD INFO in NCCL_KERN_NAME (common.h)] 17 AllReduce TREE LL Sum uint8_t Elapsed time: 5765947 us

[LYD INFO in NCCL_KERN_NAME (common.h)] 16 AllReduce TREE LL Sum uint8_t Elapsed time: 7594273 us

[LYD INFO in NCCL_KERN_NAME (common.h)] 19 AllReduce TREE LL Sum uint8_t Elapsed time: 3978861 us

[LYD INFO in NCCL_KERN_NAME (common.h)] 18 AllReduce TREE LL Sum uint8_t Elapsed time: 12127058 us
x3004c0s31b0n0:5852:5852 [0] NCCL INFO AllReduce: opCount 2 sendbuff 0x14eeeb600000 recvbuff 0x14eeeb600000 count 1 datatype 8 op 3 root 0 comm 0x55f2e07ca0c0 [nranks=20] stream 0x55f2fb8a3260
[LYD INFO in ncclLaunchKernel (enqueue.cc)] NCHANNELS is: 4x3004c0s31b0n0:5860:5860 [3] NCCL INFO AllReduce: opCount 2 sendbuff 0x154467a00000 recvbuff 0x154467a00000 count 1 datatype 8 op 3 root 0 comm 0x5578cbae7790 [nranks=20] stream 0x5578cef77dd0
[LYD INFO in ncclLaunchKernel (enqueue.cc)] NCHANNELS is: 4x3004c0s31b0n0:5854:5854 [1] NCCL INFO AllReduce: opCount 2 sendbuff 0x152ed7600000 recvbuff 0x152ed7600000 count 1 datatype 8 op 3 root 0 comm 0x55ce39360a70 [nranks=20] stream 0x55ce4ff0e670
[LYD INFO in ncclLaunchKernel (enqueue.cc)] NCHANNELS is: 4
[LYD INFO in NCCL_FUNC_NAME (common.h)] 19 AllReduce TREE LL Min double Elapsed time: 5 us
x3004c0s31b0n0:5858:5858 [2] NCCL INFO AllReduce: opCount 2 sendbuff 0x152fa3a00000 recvbuff 0x152fa3a00000 count 1 datatype 8 op 3 root 0 comm 0x555faee3fca0 [nranks=20] stream 0x555fc887e450
[LYD INFO in ncclLaunchKernel (enqueue.cc)] NCHANNELS is: 4
[LYD INFO in NCCL_FUNC_NAME (common.h)] 16 AllReduce TREE LL Min double Elapsed time: 88012 us

[LYD INFO in NCCL_KERN_NAME (common.h)] 16 AllReduce TREE LL Sum double Elapsed time: 95269 us
x3004c0s31b0n0:5852:5852 [0] NCCL INFO AllReduce: opCount 3 sendbuff 0x14eeeb600200 recvbuff 0x14eeeb600200 count 1 datatype 1 op 0 root 0 comm 0x55f2e07ca0c0 [nranks=20] stream 0x55f2fb8a3260
[LYD INFO in ncclLaunchKernel (enqueue.cc)] NCHANNELS is: 4
[LYD INFO in NCCL_FUNC_NAME (common.h)] 17 AllReduce TREE LL Min double Elapsed time: 59381 us

[LYD INFO in NCCL_KERN_NAME (common.h)] 17 AllReduce TREE LL Sum double Elapsed time: 65844 us
x3004c0s31b0n0:5854:5854 [1] NCCL INFO AllReduce: opCount 3 sendbuff 0x152ed7600200 recvbuff 0x152ed7600200 count 1 datatype 1 op 0 root 0 comm 0x55ce39360a70 [nranks=20] stream 0x55ce4ff0e670
[LYD INFO in ncclLaunchKernel (enqueue.cc)] NCHANNELS is: 4
[LYD INFO in NCCL_FUNC_NAME (common.h)] 18 AllReduce TREE LL Min double Elapsed time: 6 us

[LYD INFO in NCCL_KERN_NAME (common.h)] 18 AllReduce TREE LL Sum double Elapsed time: 43437 us

[LYD INFO in NCCL_KERN_NAME (common.h)] 19 AllReduce TREE LL Sum double Elapsed time: 75503 us
x3004c0s31b0n0:5858:5858 [2] NCCL INFO AllReduce: opCount 3 sendbuff 0x152fa3a00200 recvbuff 0x152fa3a00200 count 1 datatype 1 op 0 root 0 comm 0x555faee3fca0 [nranks=20] stream 0x555fc887e450
[LYD INFO in ncclLaunchKernel (enqueue.cc)] NCHANNELS is: 4x3004c0s31b0n0:5860:5860 [3] NCCL INFO AllReduce: opCount 3 sendbuff 0x154467a00200 recvbuff 0x154467a00200 count 1 datatype 1 op 0 root 0 comm 0x5578cbae7790 [nranks=20] stream 0x5578cef77dd0
[LYD INFO in ncclLaunchKernel (enqueue.cc)] NCHANNELS is: 4
[LYD INFO in NCCL_KERN_NAME (common.h)] 16 AllReduce TREE LL Sum uint8_t Elapsed time: 62651 us

[LYD INFO in NCCL_KERN_NAME (common.h)] 17 AllReduce TREE LL Sum uint8_t Elapsed time: 46874 us

[LYD INFO in NCCL_KERN_NAME (common.h)] 18 AllReduce TREE LL Sum uint8_t Elapsed time: 27497 us
 > number of parameters on (tensor, pipeline) model parallel rank (0, 18): 39354880
x3004c0s31b0n0:5858:5858 [2] NCCL INFO AllReduce: opCount 4 sendbuff 0x152fa3a00400 recvbuff 0x152fa3a00400 count 1 datatype 1 op 0 root 0 comm 0x555faee3fca0 [nranks=20] stream 0x555fc887e450
[LYD INFO in ncclLaunchKernel (enqueue.cc)] NCHANNELS is: 4 > number of parameters on (tensor, pipeline) model parallel rank (0, 16): 39354880
x3004c0s31b0n0:5852:5852 [0] NCCL INFO AllReduce: opCount 4 sendbuff 0x14eeeb600400 recvbuff 0x14eeeb600400 count 1 datatype 1 op 0 root 0 comm 0x55f2e07ca0c0 [nranks=20] stream 0x55f2fb8a3260
[LYD INFO in ncclLaunchKernel (enqueue.cc)] NCHANNELS is: 4 > number of parameters on (tensor, pipeline) model parallel rank (0, 17): 39354880
x3004c0s31b0n0:5854:5854 [1] NCCL INFO AllReduce: opCount 4 sendbuff 0x152ed7600400 recvbuff 0x152ed7600400 count 1 datatype 1 op 0 root 0 comm 0x55ce39360a70 [nranks=20] stream 0x55ce4ff0e670
[LYD INFO in ncclLaunchKernel (enqueue.cc)] NCHANNELS is: 4
[LYD INFO in NCCL_KERN_NAME (common.h)] 19 AllReduce TREE LL Sum uint8_t Elapsed time: 9627 us
x3004c0s31b0n0:5860:5860 [3] NCCL INFO init.cc:1147 Cuda Host Alloc Size 4 pointer 0x15446b400400
x3004c0s31b0n0:5860:9632 [3] NCCL INFO Using network IB
x3004c0s31b0n0:5860:9632 [3] NCCL INFO NET/IB : GPU Direct RDMA Enabled for HCA 0 'mlx5_0'
x3004c0s31b0n0:5860:9632 [3] NCCL INFO NET/IB : GPU Direct RDMA Enabled for HCA 1 'mlx5_1'
x3004c0s31b0n0:5860:9632 [3] NCCL INFO GPU Direct RDMA Disabled for GPU c7000 / HCA 0 (distance 6 > 4)
x3004c0s31b0n0:5860:9632 [3] NCCL INFO GPU Direct RDMA Disabled for GPU c7000 / HCA 1 (distance 7 > 4)
x3004c0s31b0n0:5860:9632 [3] NCCL INFO GPU Direct RDMA Disabled for GPU c7000 / HCA 0 (distance 6 > 4)
x3004c0s31b0n0:5860:9632 [3] NCCL INFO GPU Direct RDMA Disabled for GPU c7000 / HCA 1 (distance 7 > 4)
x3004c0s31b0n0:5860:9632 [3] NCCL INFO === System : maxBw 12.0 totalBw 24.0 ===
x3004c0s31b0n0:5860:9632 [3] NCCL INFO CPU/0 (1/2/-1)
x3004c0s31b0n0:5860:9632 [3] NCCL INFO + SYS[5000.0] - CPU/2
x3004c0s31b0n0:5860:9632 [3] NCCL INFO + PCI[24.0] - PCI/C5000 (11f8406811f8beef)
x3004c0s31b0n0:5860:9632 [3] NCCL INFO               + PCI[24.0] - GPU/C7000 (1)
x3004c0s31b0n0:5860:9632 [3] NCCL INFO + PCI[12.0] - NIC/C8000
x3004c0s31b0n0:5860:9632 [3] NCCL INFO               + NET[12.5] - NET/0 (ec4b02ffffa4e988/1/12.500000)
x3004c0s31b0n0:5860:9632 [3] NCCL INFO CPU/2 (1/2/-1)
x3004c0s31b0n0:5860:9632 [3] NCCL INFO + SYS[5000.0] - CPU/0
x3004c0s31b0n0:5860:9632 [3] NCCL INFO + PCI[12.0] - NIC/43000
x3004c0s31b0n0:5860:9632 [3] NCCL INFO               + NET[12.5] - NET/1 (e87604ffffa4e988/1/12.500000)
x3004c0s31b0n0:5860:9632 [3] NCCL INFO ==========================================
x3004c0s31b0n0:5860:9632 [3] NCCL INFO GPU/C7000 :GPU/C7000 (0/5000.000000/LOC) CPU/0 (2/24.000000/PHB) CPU/2 (3/24.000000/SYS) NET/0 (4/12.000000/PHB) NET/1 (5/12.000000/SYS) 
x3004c0s31b0n0:5860:9632 [3] NCCL INFO NET/0 :GPU/C7000 (4/12.000000/PHB) CPU/0 (2/12.000000/PHB) CPU/2 (3/12.000000/SYS) NET/0 (0/5000.000000/LOC) NET/1 (5/12.000000/SYS) 
x3004c0s31b0n0:5860:9632 [3] NCCL INFO NET/1 :GPU/C7000 (5/12.000000/SYS) CPU/0 (3/12.000000/SYS) CPU/2 (2/12.000000/PHB) NET/0 (5/12.000000/SYS) NET/1 (0/5000.000000/LOC) 
x3004c0s31b0n0:5860:9632 [3] NCCL INFO Setting affinity for GPU 3 to 01
x3004c0s31b0n0:5860:9632 [3] NCCL INFO Pattern 4, crossNic 0, nChannels 1, bw 12.000000/12.000000, type LOC/PHB, sameChannels 1
x3004c0s31b0n0:5860:9632 [3] NCCL INFO  0 : NET/0 GPU/1 NET/0
x3004c0s31b0n0:5860:9632 [3] NCCL INFO Pattern 3, crossNic 0, nChannels 1, bw 24.000000/12.000000, type LOC/PHB, sameChannels 1
x3004c0s31b0n0:5860:9632 [3] NCCL INFO  0 : NET/0 GPU/1 NET/0
x3004c0s31b0n0:5860:9632 [3] NCCL INFO Pattern 3, crossNic 0, nChannels 0, bw 0.000000/0.000000, type LOC/PIX, sameChannels 1
x3004c0s31b0n0:5860:9632 [3] NCCL INFO Tree 0 : 0 -> 1 -> -1/-1/-1
x3004c0s31b0n0:5860:9632 [3] NCCL INFO Tree 1 : -1 -> 1 -> 0/-1/-1
x3004c0s31b0n0:5860:9632 [3] NCCL INFO Ring 00 : 0 -> 1 -> 0
x3004c0s31b0n0:5860:9632 [3] NCCL INFO Ring 01 : 0 -> 1 -> 0
x3004c0s31b0n0:5860:9632 [3] NCCL INFO Trees [0] -1/-1/-1->1->0 [1] 0/-1/-1->1->-1
x3004c0s31b0n0:5860:9632 [3] NCCL INFO misc/utils.cc:235 memory stack hunk malloc(65536)
x3004c0s31b0n0:5860:9632 [3] NCCL INFO channel.cc:23 Cuda Alloc Size 1152 pointer 0x15446be09e00
x3004c0s31b0n0:5860:9632 [3] NCCL INFO channel.cc:27 Cuda Alloc Size 8 pointer 0x15446be0a400
x3004c0s31b0n0:5860:9632 [3] NCCL INFO channel.cc:23 Cuda Alloc Size 1152 pointer 0x15446be0a600
x3004c0s31b0n0:5860:9632 [3] NCCL INFO channel.cc:27 Cuda Alloc Size 8 pointer 0x15446be0ac00
x3004c0s31b0n0:5860:9632 [3] NCCL INFO GPU Direct RDMA Disabled for GPU c7000 / HCA 0 (distance 6 > 4)
x3004c0s31b0n0:5860:9668 [3] NCCL INFO Mem Realloc old size 0, new size 8 pointer 0x154400000c60
x3004c0s31b0n0:5860:9668 [3] NCCL INFO Allocated 4194656 bytes of shared memory in /dev/shm/nccl-owf6wi

x3004c0s31b0n0:5860:9668 [3] NCCL INFO New proxy recv connection 0 from local rank 0, transport 2
x3004c0s31b0n0:5860:9632 [3] NCCL INFO Connection to proxy localRank 0 -> connection 0x154400000c80
x3004c0s31b0n0:5860:9632 [3] NCCL INFO Channel 00/0 : 0[7000] -> 1[c7000] [receive] via NET/IB/0
x3004c0s31b0n0:5860:9632 [3] NCCL INFO GPU Direct RDMA Disabled for GPU c7000 / HCA 0 (distance 6 > 4)
x3004c0s31b0n0:5860:9668 [3] NCCL INFO New proxy recv connection 1 from local rank 0, transport 2
x3004c0s31b0n0:5860:9632 [3] NCCL INFO Connection to proxy localRank 0 -> connection 0x154400000cc0
x3004c0s31b0n0:5860:9632 [3] NCCL INFO Channel 01/0 : 0[7000] -> 1[c7000] [receive] via NET/IB/0
x3004c0s31b0n0:5860:9632 [3] NCCL INFO GPU Direct RDMA Disabled for GPU c7000 / HCA 0 (distance 6 > 4)
x3004c0s31b0n0:5860:9668 [3] NCCL INFO New proxy send connection 2 from local rank 0, transport 2
x3004c0s31b0n0:5860:9632 [3] NCCL INFO Connection to proxy localRank 0 -> connection 0x154400000d00
x3004c0s31b0n0:5860:9632 [3] NCCL INFO Channel 00/0 : 1[c7000] -> 0[7000] [send] via NET/IB/0
x3004c0s31b0n0:5860:9632 [3] NCCL INFO GPU Direct RDMA Disabled for GPU c7000 / HCA 0 (distance 6 > 4)
x3004c0s31b0n0:5860:9668 [3] NCCL INFO New proxy send connection 3 from local rank 0, transport 2
x3004c0s31b0n0:5860:9632 [3] NCCL INFO Connection to proxy localRank 0 -> connection 0x154400000d40
x3004c0s31b0n0:5860:9632 [3] NCCL INFO Channel 01/0 : 1[c7000] -> 0[7000] [send] via NET/IB/0
x3004c0s31b0n0:5860:9668 [3] NCCL INFO transport/net_ib.cc:596 Ib Alloc Size 26560 pointer 0x15440001d000
x3004c0s31b0n0:5860:9668 [3] NCCL INFO NET/IB: Dev 0 Port 1 qpn 24112 mtu 5 GID 0 (80FE/9E0100FEFF000000)
x3004c0s31b0n0:5860:9668 [3] NCCL INFO transport/net_ib.cc:653 Ib Alloc Size 552 pointer 0x154400035000
x3004c0s31b0n0:5860:9668 [3] NCCL INFO transport/net.cc:571 Cuda Host Alloc Size 9641984 pointer 0x154446400000
x3004c0s31b0n0:5860:9668 [3] NCCL INFO transport/net_ib.cc:596 Ib Alloc Size 26560 pointer 0x154400037000
x3004c0s31b0n0:5860:9668 [3] NCCL INFO NET/IB: Dev 0 Port 1 qpn 24113 mtu 5 GID 0 (80FE/9E0100FEFF000000)
x3004c0s31b0n0:5860:9668 [3] NCCL INFO transport/net_ib.cc:653 Ib Alloc Size 552 pointer 0x15440004e000
x3004c0s31b0n0:5860:9668 [3] NCCL INFO transport/net.cc:571 Cuda Host Alloc Size 9641984 pointer 0x154446e00000
x3004c0s31b0n0:5860:9668 [3] NCCL INFO transport/net_ib.cc:683 Ib Alloc Size 21688 pointer 0x154400050000
x3004c0s31b0n0:5860:9668 [3] NCCL INFO transport/net_ib.cc:696 Ib Alloc Size 552 pointer 0x154400057000
x3004c0s31b0n0:5860:9668 [3] NCCL INFO transport/net_ib.cc:771 Ib Alloc Size 552 pointer 0x154400073000
x3004c0s31b0n0:5860:9668 [3] NCCL INFO transport/net.cc:698 Cuda Host Alloc Size 9641984 pointer 0x154447800000
x3004c0s31b0n0:5860:9668 [3] NCCL INFO transport/net_ib.cc:683 Ib Alloc Size 21688 pointer 0x154400075000
x3004c0s31b0n0:5860:9668 [3] NCCL INFO transport/net_ib.cc:696 Ib Alloc Size 552 pointer 0x15440007c000
x3004c0s31b0n0:5860:9668 [3] NCCL INFO transport/net_ib.cc:771 Ib Alloc Size 552 pointer 0x154400097000
x3004c0s31b0n0:5860:9668 [3] NCCL INFO transport/net.cc:698 Cuda Host Alloc Size 9641984 pointer 0x154448200000
x3004c0s31b0n0:5860:9632 [3] NCCL INFO Connected all rings
x3004c0s31b0n0:5860:9632 [3] NCCL INFO Connected all trees by HAO
x3004c0s31b0n0:5860:9632 [3] NCCL INFO threadThresholds 8/8/64 | 16/8/64 | 512 | 512
x3004c0s31b0n0:5860:9632 [3] NCCL INFO 2 coll channels, 2 p2p channels, 2 p2p channels per peer
x3004c0s31b0n0:5860:9668 [3] NCCL INFO New proxy send connection 4 from local rank 0, transport 2
x3004c0s31b0n0:5860:9632 [3] NCCL INFO Connection to proxy localRank 0 -> connection 0x154400000d80
x3004c0s31b0n0:5860:9632 [3] NCCL INFO init.cc:367 Cuda Alloc Size 5168 pointer 0x15446be0ae00
x3004c0s31b0n0:5860:9668 [3] NCCL INFO transport/net.cc:376 Cuda Alloc Size 4194304 pointer 0x15444ac00000
x3004c0s31b0n0:5860:9632 [3] NCCL INFO init.cc:392 Cuda Host Alloc Size 33554432 pointer 0x154448c00000
x3004c0s31b0n0:5860:9632 [3] NCCL INFO init.cc:398 Cuda Host Alloc Size 128 pointer 0x15446b400600
x3004c0s31b0n0:5860:9632 [3] NCCL INFO comm 0x5578d0f8b020 rank 1 nranks 2 cudaDev 3 busId c7000 - Init COMPLETE
x3004c0s31b0n0:5860:5860 [3] NCCL INFO AllReduce: opCount 0 sendbuff 0x15443e800000 recvbuff 0x15443e800000 count 64389120 datatype 6 op 0 root 0 comm 0x5578d0f8b020 [nranks=2] stream 0x5578cef77f10
x3004c0s31b0n0:5860:5860 [3] NCCL INFO misc/utils.cc:235 memory stack hunk malloc(65536)
[LYD INFO in ncclLaunchKernel (enqueue.cc)] NCHANNELS is: 2 > number of parameters on (tensor, pipeline) model parallel rank (0, 19): 103746560

[LYD INFO in NCCL_FUNC_NAME (common.h)] 1 AllReduce RING SIMPLE Sum half Elapsed time: 160129 us

[LYD INFO in NCCL_KERN_NAME (common.h)] 1 AllReduce RING LL Sum half Elapsed time: 160224 us
x3004c0s31b0n0:5860:5860 [3] NCCL INFO AllReduce: opCount 4 sendbuff 0x154467a00400 recvbuff 0x154467a00400 count 1 datatype 1 op 0 root 0 comm 0x5578cbae7790 [nranks=20] stream 0x5578cef77dd0
[LYD INFO in ncclLaunchKernel (enqueue.cc)] NCHANNELS is: 4
[LYD INFO in NCCL_KERN_NAME (common.h)] 16 AllReduce TREE LL Sum uint8_t Elapsed time: 1743822 us
x3004c0s31b0n0:5852:5852 [0] NCCL INFO AllReduce: opCount 5 sendbuff 0x14eeeb615200 recvbuff 0x14eeeb615200 count 1 datatype 1 op 0 root 0 comm 0x55f2e07ca0c0 [nranks=20] stream 0x55f2fb8a3260
[LYD INFO in ncclLaunchKernel (enqueue.cc)] NCHANNELS is: 4
[LYD INFO in NCCL_KERN_NAME (common.h)] 19 AllReduce TREE LL Sum uint8_t Elapsed time: 27488 us
x3004c0s31b0n0:5860:5860 [3] NCCL INFO AllReduce: opCount 5 sendbuff 0x154467a17a00 recvbuff 0x154467a17a00 count 1 datatype 1 op 0 root 0 comm 0x5578cbae7790 [nranks=20] stream 0x5578cef77dd0
[LYD INFO in ncclLaunchKernel (enqueue.cc)] NCHANNELS is: 4
[LYD INFO in NCCL_KERN_NAME (common.h)] 18 AllReduce TREE LL Sum uint8_t Elapsed time: 1751054 us
x3004c0s31b0n0:5858:5858 [2] NCCL INFO AllReduce: opCount 5 sendbuff 0x152fa3a15200 recvbuff 0x152fa3a15200 count 1 datatype 1 op 0 root 0 comm 0x555faee3fca0 [nranks=20] stream 0x555fc887e450
[LYD INFO in ncclLaunchKernel (enqueue.cc)] NCHANNELS is: 4
[LYD INFO in NCCL_KERN_NAME (common.h)] 17 AllReduce TREE LL Sum uint8_t Elapsed time: 1747265 us
x3004c0s31b0n0:5854:5854 [1] NCCL INFO AllReduce: opCount 5 sendbuff 0x152ed7615200 recvbuff 0x152ed7615200 count 1 datatype 1 op 0 root 0 comm 0x55ce39360a70 [nranks=20] stream 0x55ce4ff0e670
[LYD INFO in ncclLaunchKernel (enqueue.cc)] NCHANNELS is: 4
[LYD INFO in NCCL_KERN_NAME (common.h)] 17 AllReduce TREE LL Sum uint8_t Elapsed time: 5623 us
x3004c0s31b0n0:5854:5854 [1] NCCL INFO AllReduce: opCount 6 sendbuff 0x152ed7600400 recvbuff 0x152ed7600400 count 1 datatype 1 op 0 root 0 comm 0x55ce39360a70 [nranks=20] stream 0x55ce4ff0e670
[LYD INFO in ncclLaunchKernel (enqueue.cc)] NCHANNELS is: 4
[LYD INFO in NCCL_KERN_NAME (common.h)] 16 AllReduce TREE LL Sum uint8_t Elapsed time: 87474 us
x3004c0s31b0n0:5852:5852 [0] NCCL INFO AllReduce: opCount 6 sendbuff 0x14eeeb600400 recvbuff 0x14eeeb600400 count 1 datatype 1 op 0 root 0 comm 0x55f2e07ca0c0 [nranks=20] stream 0x55f2fb8a3260
[LYD INFO in ncclLaunchKernel (enqueue.cc)] NCHANNELS is: 4
[LYD INFO in NCCL_KERN_NAME (common.h)] 19 AllReduce TREE LL Sum uint8_t Elapsed time: 73818 us
time (ms) | load-checkpoint: 120.84
x3004c0s31b0n0:5860:5860 [3] NCCL INFO AllReduce: opCount 6 sendbuff 0x154467a00400 recvbuff 0x154467a00400 count 1 datatype 1 op 0 root 0 comm 0x5578cbae7790 [nranks=20] stream 0x5578cef77dd0
[LYD INFO in ncclLaunchKernel (enqueue.cc)] NCHANNELS is: 4
