x3102c0s37b1n0:26082:27343 [2] NCCL INFO transport/p2p.cc:430 Cuda Alloc Size 6291456 pointer 0x146041e00000
x3102c0s37b1n0:26081:27339 [1] NCCL INFO New proxy send connection 7 from local rank 1, transport 0
x3102c0s37b1n0:26081:27267 [1] NCCL INFO Connection to proxy localRank 1 -> connection 0x155084000e40
x3102c0s37b1n0:26081:27339 [1] NCCL INFO transport/p2p.cc:430 Cuda Alloc Size 6291456 pointer 0x15507e000000
x3102c0s37b1n0:26082:27259 [2] NCCL INFO Channel 01/0 : 2[85000] -> 3[c7000] via P2P/IPC/read
x3102c0s37b1n0:26082:27343 [2] NCCL INFO New proxy send connection 7 from local rank 2, transport 0
x3102c0s37b1n0:26080:27342 [0] NCCL INFO Allocated 4194656 bytes of shared memory in /dev/shm/nccl-BNmHmh

x3102c0s37b1n0:26080:27342 [0] NCCL INFO New proxy recv connection 6 from local rank 0, transport 2
x3102c0s37b1n0:26080:27246 [0] NCCL INFO Connection to proxy localRank 0 -> connection 0x14a334000e00
x3102c0s37b1n0:26082:27259 [2] NCCL INFO Connection to proxy localRank 2 -> connection 0x145ff4000e40
x3102c0s37b1n0:26082:27343 [2] NCCL INFO transport/p2p.cc:430 Cuda Alloc Size 6291456 pointer 0x146042400000
x3102c0s37b1n0:26082:27259 [2] NCCL INFO Channel 00/0 : 2[85000] -> 1[46000] via P2P/IPC/read
x3102c0s37b1n0:26083:27257 [3] NCCL INFO Connected all trees by HAO
x3102c0s37b1n0:26083:27257 [3] NCCL INFO threadThresholds 8/8/64 | 64/8/64 | 512 | 512
x3102c0s37b1n0:26083:27257 [3] NCCL INFO 2 coll channels, 2 p2p channels, 2 p2p channels per peer
x3102c0s37b1n0:26083:27346 [3] NCCL INFO Allocated 4194656 bytes of shared memory in /dev/shm/nccl-CZ5nuv

x3102c0s37b1n0:26083:27346 [3] NCCL INFO New proxy send connection 6 from local rank 3, transport 2
x3102c0s37b1n0:26082:27343 [2] NCCL INFO New proxy send connection 8 from local rank 2, transport 0
x3102c0s37b1n0:26081:27339 [1] NCCL INFO New proxy recv connection 8 from local rank 1, transport 0
x3102c0s37b1n0:26083:27257 [3] NCCL INFO Connection to proxy localRank 3 -> connection 0x14cab4000e00
x3102c0s37b1n0:26083:27346 [3] NCCL INFO transport/net.cc:376 Cuda Alloc Size 4194304 pointer 0x14cab0c00000
x3102c0s37b1n0:26080:27246 [0] NCCL INFO Channel 00/0 : 4[7000] -> 0[7000] [receive] via NET/Socket/0
x3102c0s37b1n0:26080:27342 [0] NCCL INFO New proxy recv connection 7 from local rank 0, transport 2
x3102c0s37b1n0:26082:27259 [2] NCCL INFO Connection to proxy localRank 2 -> connection 0x145ff4000e80
x3102c0s37b1n0:26082:27343 [2] NCCL INFO transport/p2p.cc:430 Cuda Alloc Size 6291456 pointer 0x146044200000
x3102c0s37b1n0:26081:27267 [1] NCCL INFO Connection to proxy localRank 1 -> connection 0x155084000e80
x3102c0s37b1n0:26081:27339 [1] NCCL INFO transport/p2p.cc:449 Cuda Alloc Size 6291456 pointer 0x15507c000000
x3102c0s37b1n0:26080:27246 [0] NCCL INFO Connection to proxy localRank 0 -> connection 0x14a334000e40
x3102c0s37b1n0:26080:27246 [0] NCCL INFO Channel 01/0 : 4[7000] -> 0[7000] [receive] via NET/Socket/0
x3102c0s37b1n0:26082:27259 [2] NCCL INFO Channel 01/0 : 2[85000] -> 1[46000] via P2P/IPC/read
x3102c0s37b1n0:26082:27343 [2] NCCL INFO New proxy send connection 9 from local rank 2, transport 0
x3102c0s37b1n0:26080:27342 [0] NCCL INFO New proxy send connection 8 from local rank 0, transport 2
x3102c0s37b1n0:26081:27339 [1] NCCL INFO New proxy recv connection 9 from local rank 1, transport 0
x3102c0s37b1n0:26081:27267 [1] NCCL INFO Connection to proxy localRank 1 -> connection 0x155084000ec0
x3102c0s37b1n0:26081:27339 [1] NCCL INFO transport/p2p.cc:449 Cuda Alloc Size 6291456 pointer 0x15507c600000
x3102c0s37b1n0:26082:27259 [2] NCCL INFO Connection to proxy localRank 2 -> connection 0x145ff4000ec0
x3102c0s37b1n0:26082:27343 [2] NCCL INFO transport/p2p.cc:430 Cuda Alloc Size 6291456 pointer 0x146044800000
x3102c0s37b1n0:26080:27246 [0] NCCL INFO Connection to proxy localRank 0 -> connection 0x14a334000e80
x3102c0s37b1n0:26080:27246 [0] NCCL INFO Channel 00/0 : 0[7000] -> 4[7000] [send] via NET/Socket/0
x3102c0s37b1n0:26080:27342 [0] NCCL INFO New proxy send connection 9 from local rank 0, transport 2
x3102c0s37b1n0:26082:27259 [2] NCCL INFO Connected all trees by HAO
x3102c0s37b1n0:26082:27259 [2] NCCL INFO threadThresholds 8/8/64 | 64/8/64 | 512 | 512
x3102c0s37b1n0:26082:27259 [2] NCCL INFO 2 coll channels, 2 p2p channels, 2 p2p channels per peer
x3102c0s37b1n0:26082:27343 [2] NCCL INFO New proxy send connection 10 from local rank 2, transport 2
x3102c0s37b1n0:26082:27259 [2] NCCL INFO Connection to proxy localRank 2 -> connection 0x145ff4000f00
x3102c0s37b1n0:26081:27267 [1] NCCL INFO Connected all trees by HAO
x3102c0s37b1n0:26081:27267 [1] NCCL INFO threadThresholds 8/8/64 | 64/8/64 | 512 | 512
x3102c0s37b1n0:26081:27267 [1] NCCL INFO 2 coll channels, 2 p2p channels, 2 p2p channels per peer
x3102c0s37b1n0:26081:27339 [1] NCCL INFO New proxy send connection 10 from local rank 1, transport 2
x3102c0s37b1n0:26082:27343 [2] NCCL INFO transport/net.cc:376 Cuda Alloc Size 4194304 pointer 0x146045a00000
x3102c0s37b1n0:26081:27267 [1] NCCL INFO Connection to proxy localRank 1 -> connection 0x155084000f00
x3102c0s37b1n0:26081:27339 [1] NCCL INFO transport/net.cc:376 Cuda Alloc Size 4194304 pointer 0x15507d800000
x3102c0s37b1n0:26080:27246 [0] NCCL INFO Connection to proxy localRank 0 -> connection 0x14a334000ec0
x3102c0s37b1n0:26080:27246 [0] NCCL INFO Channel 01/0 : 0[7000] -> 4[7000] [send] via NET/Socket/0
x3102c0s37b1n0:26080:27342 [0] NCCL INFO transport/net.cc:571 Cuda Host Alloc Size 9641984 pointer 0x14a330c00000
x3102c0s37b1n0:26080:27342 [0] NCCL INFO transport/net.cc:571 Cuda Host Alloc Size 9641984 pointer 0x14a331600000
x3102c0s37b1n0:26080:27342 [0] NCCL INFO transport/net.cc:698 Cuda Host Alloc Size 9641984 pointer 0x14a32a000000
x3102c0s37b1n0:26080:27342 [0] NCCL INFO transport/net.cc:698 Cuda Host Alloc Size 9641984 pointer 0x14a32aa00000
x3102c0s37b1n0:26080:27246 [0] NCCL INFO Connected all trees by HAO
x3102c0s37b1n0:26080:27246 [0] NCCL INFO Latency/AlgBw |    Tree/    LL |    Tree/ LL128 |    Tree/Simple |    Ring/    LL |    Ring/ LL128 |    Ring/Simple | CollNetDirect/    LL | CollNetDirect/ LL128 | CollNetDirect/Simple | CollNetChain/    LL | CollNetChain/ LL128 | CollNetChain/Simple |
x3102c0s37b1n0:26080:27246 [0] NCCL INFO  Max NThreads |            512 |            640 |            512 |            512 |            640 |            512 |              0 |              0 |            512 |              0 |              0 |            512 |
x3102c0s37b1n0:26080:27246 [0] NCCL INFO     Broadcast |     0.0/   0.0 |     0.0/   0.0 |     0.0/   0.0 |     6.3/   6.0 |    14.0/   0.0 |    18.0/  24.0 |     0.0/   0.0 |     0.0/   0.0 |     0.0/   0.0 |     0.0/   0.0 |     0.0/   0.0 |     0.0/   0.0 |
x3102c0s37b1n0:26080:27246 [0] NCCL INFO        Reduce |     0.0/   0.0 |     0.0/   0.0 |     0.0/   0.0 |     6.3/   6.0 |    14.0/   0.0 |    18.0/  24.0 |     0.0/   0.0 |     0.0/   0.0 |     0.0/   0.0 |     0.0/   0.0 |     0.0/   0.0 |     0.0/   0.0 |
x3102c0s37b1n0:26080:27246 [0] NCCL INFO     AllGather |     0.0/   0.0 |     0.0/   0.0 |     0.0/   0.0 |    11.4/   6.9 |    25.4/   0.0 |    38.4/  27.4 |     0.0/   0.0 |     0.0/   0.0 |     0.0/   0.0 |     0.0/   0.0 |     0.0/   0.0 |     0.0/   0.0 |
x3102c0s37b1n0:26080:27246 [0] NCCL INFO ReduceScatter |     0.0/   0.0 |     0.0/   0.0 |     0.0/   0.0 |    11.4/   6.9 |    25.4/   0.0 |    38.4/  27.4 |     0.0/   0.0 |     0.0/   0.0 |     0.0/   0.0 |     0.0/   0.0 |     0.0/   0.0 |     0.0/   0.0 |
x3102c0s37b1n0:26080:27246 [0] NCCL INFO     AllReduce |    20.0/   3.1 |    28.9/   0.0 |   224.0/  11.8 |    22.9/   3.4 |    45.0/   0.0 |    80.8/  13.7 |     7.4/   0.0 |     7.4/   0.0 |    29.7/   0.0 |     4.4/   0.0 |     4.4/   0.0 |    48.0/   0.0 |
x3102c0s37b1n0:26080:27246 [0] NCCL INFO threadThresholds 8/8/64 | 64/8/64 | 512 | 512
x3102c0s37b1n0:26080:27246 [0] NCCL INFO 2 coll channels, 2 p2p channels, 2 p2p channels per peer
x3102c0s37b1n0:26080:27342 [0] NCCL INFO New proxy send connection 10 from local rank 0, transport 2
x3102c0s37b1n0:26080:27246 [0] NCCL INFO Connection to proxy localRank 0 -> connection 0x14a334000f00
x3102c0s37b1n0:26080:27246 [0] NCCL INFO init.cc:367 Cuda Alloc Size 5168 pointer 0x14a33a002000
x3102c0s37b1n0:26081:27267 [1] NCCL INFO init.cc:367 Cuda Alloc Size 5168 pointer 0x155091e02000
x3102c0s37b1n0:26083:27257 [3] NCCL INFO init.cc:367 Cuda Alloc Size 5168 pointer 0x14cac1e02000
x3102c0s37b1n0:26083:27257 [3] NCCL INFO init.cc:392 Cuda Host Alloc Size 33554432 pointer 0x14caaa000000
x3102c0s37b1n0:26083:27257 [3] NCCL INFO init.cc:398 Cuda Host Alloc Size 128 pointer 0x14cac1400200
x3102c0s37b1n0:26083:27257 [3] NCCL INFO comm 0x561d2f0ebb50 rank 3 nranks 8 cudaDev 3 busId c7000 - Init COMPLETE
x3102c0s37b1n0:26081:27267 [1] NCCL INFO init.cc:392 Cuda Host Alloc Size 33554432 pointer 0x15507a000000
x3102c0s37b1n0:26081:27267 [1] NCCL INFO init.cc:398 Cuda Host Alloc Size 128 pointer 0x155091400200
x3102c0s37b1n0:26081:27267 [1] NCCL INFO comm 0x5565bec4b730 rank 1 nranks 8 cudaDev 1 busId 46000 - Init COMPLETE
x3102c0s37b1n0:26082:27259 [2] NCCL INFO init.cc:367 Cuda Alloc Size 5168 pointer 0x14603e402000
x3102c0s37b1n0:26083:26083 [3] NCCL INFO AllReduce: opCount 0 sendbuff 0x14caffc00200 recvbuff 0x14caffc00200 count 1 datatype 1 op 0 root 0 comm 0x561d2f0ebb50 [nranks=8] stream 0x561d2e475500
x3102c0s37b1n0:26083:26083 [3] NCCL INFO misc/utils.cc:235 memory stack hunk malloc(65536)
[LYD INFO in ncclLaunchKernel (enqueue.cc)] NCHANNELS is: 2x3102c0s37b1n0:26081:26081 [1] NCCL INFO AllReduce: opCount 0 sendbuff 0x1550cfc00200 recvbuff 0x1550cfc00200 count 1 datatype 1 op 0 root 0 comm 0x5565bec4b730 [nranks=8] stream 0x5565bdff6850
x3102c0s37b1n0:26081:26081 [1] NCCL INFO misc/utils.cc:235 memory stack hunk malloc(65536)
[LYD INFO in ncclLaunchKernel (enqueue.cc)] NCHANNELS is: 2x3102c0s37b1n0:26082:27259 [2] NCCL INFO init.cc:392 Cuda Host Alloc Size 33554432 pointer 0x146045e00000
x3102c0s37b1n0:26082:27259 [2] NCCL INFO init.cc:398 Cuda Host Alloc Size 128 pointer 0x146053a00200
x3102c0s37b1n0:26082:27259 [2] NCCL INFO comm 0x564868b8bf10 rank 2 nranks 8 cudaDev 2 busId 85000 - Init COMPLETE
x3102c0s37b1n0:26080:27246 [0] NCCL INFO init.cc:392 Cuda Host Alloc Size 33554432 pointer 0x14a328000000
x3102c0s37b1n0:26080:27246 [0] NCCL INFO init.cc:398 Cuda Host Alloc Size 128 pointer 0x14a343600200
x3102c0s37b1n0:26080:27246 [0] NCCL INFO comm 0x5604a4edd100 rank 0 nranks 8 cudaDev 0 busId 7000 - Init COMPLETE
x3102c0s37b1n0:26080:27342 [0] NCCL INFO transport/net.cc:376 Cuda Alloc Size 4194304 pointer 0x14a32b400000
[Hao INFO in ncclAllReduce (all_reduce.cc)] rank 0 ncclAllReduce: count: 1, datatype: ncclUint8, message size: 1 Bytes
x3102c0s37b1n0:26080:26080 [0] NCCL INFO AllReduce: opCount 0 sendbuff 0x14a383c00200 recvbuff 0x14a383c00200 count 1 datatype 1 op 0 root 0 comm 0x5604a4edd100 [nranks=8] stream 0x5604a4266b60
x3102c0s37b1n0:26080:26080 [0] NCCL INFO misc/utils.cc:235 memory stack hunk malloc(65536)

[LYD INFO in ncclAllReduce (all_reduce.cc)] rank 0 AllReduce Time: 0.000061000 seconds

[LYD INFO in getAlgoInfo (enqueue.cc)] algorithm a is: 0

[LYD INFO in getAlgoInfo (enqueue.cc)] algorithm a is: 1

[LYD INFO in getAlgoInfo (enqueue.cc)] rank: 0, Duration between Point 1 and Point 2: 0.000019000 seconds

[LYD INFO in getAlgoInfo (enqueue.cc)] rank 0, Duration between Point 2 and Point 3: 0.000001000 seconds
[LYD INFO in getAlgoInfo (enqueue.cc)] out rank: 0
[LYD INFO in getAlgoInfo (enqueue.cc)] out coll: 4
[LYD INFO in getAlgoInfo (enqueue.cc)] out sendbuff address: 0x14a383c00200
[LYD INFO in getAlgoInfo (enqueue.cc)] out recvbuff address: 0x14a383c00200
[LYD INFO in getAlgoInfo (enqueue.cc)] out count: 1
[LYD INFO in getAlgoInfo (enqueue.cc)] out datatype: 1
[LYD INFO in getAlgoInfo (enqueue.cc)] out chunkSteps: 4
[LYD INFO in getAlgoInfo (enqueue.cc)] out sliceSteps: 2
[LYD INFO in getAlgoInfo (enqueue.cc)] out algorithm: 0
[LYD INFO in getAlgoInfo (enqueue.cc)] out protocol: 0
[LYD INFO in getAlgoInfo (enqueue.cc)] out nChannels: 1
[LYD INFO in getAlgoInfo (enqueue.cc)] out nThreads: 96
[LYD INFO in getAlgoInfo (enqueue.cc)] out nBytes: 1
[LYD INFO in getAlgoInfo (enqueue.cc)] out nstepsPerLoop: 0
[LYD INFO in getAlgoInfo (enqueue.cc)] out nchunksPerLoop: 0
[LYD INFO in getAlgoInfo (enqueue.cc)] out chunkSize: 0
[LYD INFO in ncclLaunchKernel (enqueue.cc)] NCHANNELS is: 2x3102c0s37b1n0:26082:26082 [2] NCCL INFO AllReduce: opCount 0 sendbuff 0x146038c00200 recvbuff 0x146038c00200 count 1 datatype 1 op 0 root 0 comm 0x564868b8bf10 [nranks=8] stream 0x564867f15960
x3102c0s37b1n0:26082:26082 [2] NCCL INFO misc/utils.cc:235 memory stack hunk malloc(65536)
[LYD INFO in ncclLaunchKernel (enqueue.cc)] NCHANNELS is: 2