x3004c0s7b0n0:6961:10826 [2] NCCL INFO GPU Direct RDMA Disabled for GPU 7000 / HCA 0 (distance 7 > 4)
x3004c0s7b0n0:6961:10826 [2] NCCL INFO GPU Direct RDMA Disabled for GPU 46000 / HCA 0 (distance 7 > 4)
x3004c0s7b0n0:6961:10826 [2] NCCL INFO GPU Direct RDMA Disabled for GPU 85000 / HCA 0 (distance 7 > 4)
x3004c0s7b0n0:6961:10826 [2] NCCL INFO GPU Direct RDMA Disabled for GPU c7000 / HCA 0 (distance 6 > 4)
x3004c0s7b0n0:6961:10826 [2] NCCL INFO === System : maxBw 12.0 totalBw 264.0 ===
x3004c0s7b0n0:6961:10826 [2] NCCL INFO CPU/3 (1/2/-1)
x3004c0s7b0n0:6961:10826 [2] NCCL INFO + SYS[5000.0] - CPU/2
x3004c0s7b0n0:6961:10826 [2] NCCL INFO + SYS[5000.0] - CPU/1
x3004c0s7b0n0:6961:10826 [2] NCCL INFO + SYS[5000.0] - CPU/0
x3004c0s7b0n0:6961:10826 [2] NCCL INFO + PCI[24.0] - PCI/5000 (11f8406811f8beef)
x3004c0s7b0n0:6961:10826 [2] NCCL INFO               + PCI[24.0] - GPU/7000 (16)
x3004c0s7b0n0:6961:10826 [2] NCCL INFO                             + NVL[88.0] - GPU/85000
x3004c0s7b0n0:6961:10826 [2] NCCL INFO                             + NVL[88.0] - GPU/C7000
x3004c0s7b0n0:6961:10826 [2] NCCL INFO                             + NVL[88.0] - GPU/46000
x3004c0s7b0n0:6961:10826 [2] NCCL INFO CPU/2 (1/2/-1)
x3004c0s7b0n0:6961:10826 [2] NCCL INFO + SYS[5000.0] - CPU/3
x3004c0s7b0n0:6961:10826 [2] NCCL INFO + SYS[5000.0] - CPU/1
x3004c0s7b0n0:6961:10826 [2] NCCL INFO + SYS[5000.0] - CPU/0
x3004c0s7b0n0:6961:10826 [2] NCCL INFO + PCI[24.0] - PCI/44000 (11f8406811f8beef)
x3004c0s7b0n0:6961:10826 [2] NCCL INFO               + PCI[24.0] - GPU/46000 (17)
x3004c0s7b0n0:6961:10826 [2] NCCL INFO                             + NVL[88.0] - GPU/85000
x3004c0s7b0n0:6961:10826 [2] NCCL INFO                             + NVL[88.0] - GPU/C7000
x3004c0s7b0n0:6961:10826 [2] NCCL INFO                             + NVL[88.0] - GPU/7000
x3004c0s7b0n0:6961:10826 [2] NCCL INFO + PCI[12.0] - NIC/43000
x3004c0s7b0n0:6961:10826 [2] NCCL INFO               + NET[12.5] - NET/1 (800704ffffa4e988/1/12.500000)
x3004c0s7b0n0:6961:10826 [2] NCCL INFO CPU/1 (1/2/-1)
x3004c0s7b0n0:6961:10826 [2] NCCL INFO + SYS[5000.0] - CPU/3
x3004c0s7b0n0:6961:10826 [2] NCCL INFO + SYS[5000.0] - CPU/2
x3004c0s7b0n0:6961:10826 [2] NCCL INFO + SYS[5000.0] - CPU/0
x3004c0s7b0n0:6961:10826 [2] NCCL INFO + PCI[24.0] - PCI/83000 (11f8406811f8beef)
x3004c0s7b0n0:6961:10826 [2] NCCL INFO               + PCI[24.0] - GPU/85000 (18)
x3004c0s7b0n0:6961:10826 [2] NCCL INFO                             + NVL[88.0] - GPU/C7000
x3004c0s7b0n0:6961:10826 [2] NCCL INFO                             + NVL[88.0] - GPU/46000
x3004c0s7b0n0:6961:10826 [2] NCCL INFO                             + NVL[88.0] - GPU/7000
x3004c0s7b0n0:6961:10826 [2] NCCL INFO CPU/0 (1/2/-1)
x3004c0s7b0n0:6961:10826 [2] NCCL INFO + SYS[5000.0] - CPU/3
x3004c0s7b0n0:6961:10826 [2] NCCL INFO + SYS[5000.0] - CPU/2
x3004c0s7b0n0:6961:10826 [2] NCCL INFO + SYS[5000.0] - CPU/1
x3004c0s7b0n0:6961:10826 [2] NCCL INFO + PCI[24.0] - PCI/C5000 (11f8406811f8beef)
x3004c0s7b0n0:6961:10826 [2] NCCL INFO               + PCI[24.0] - GPU/C7000 (19)
x3004c0s7b0n0:6961:10826 [2] NCCL INFO                             + NVL[88.0] - GPU/85000
x3004c0s7b0n0:6961:10826 [2] NCCL INFO                             + NVL[88.0] - GPU/46000
x3004c0s7b0n0:6961:10826 [2] NCCL INFO                             + NVL[88.0] - GPU/7000
x3004c0s7b0n0:6961:10826 [2] NCCL INFO + PCI[12.0] - NIC/C8000
x3004c0s7b0n0:6961:10826 [2] NCCL INFO               + NET[12.5] - NET/0 (8604ffffa4e988/1/12.500000)
x3004c0s7b0n0:6961:10826 [2] NCCL INFO ==========================================
x3004c0s7b0n0:6961:10826 [2] NCCL INFO GPU/7000 :GPU/7000 (0/5000.000000/LOC) GPU/46000 (1/88.000000/NVL) GPU/85000 (1/88.000000/NVL) GPU/C7000 (1/88.000000/NVL) CPU/3 (2/24.000000/PHB) CPU/2 (3/24.000000/SYS) CPU/1 (3/24.000000/SYS) CPU/0 (3/24.000000/SYS) NET/1 (5/12.000000/SYS) NET/0 (5/12.000000/SYS) 
x3004c0s7b0n0:6961:10826 [2] NCCL INFO GPU/46000 :GPU/7000 (1/88.000000/NVL) GPU/46000 (0/5000.000000/LOC) GPU/85000 (1/88.000000/NVL) GPU/C7000 (1/88.000000/NVL) CPU/3 (3/24.000000/SYS) CPU/2 (2/24.000000/PHB) CPU/1 (3/24.000000/SYS) CPU/0 (3/24.000000/SYS) NET/1 (4/12.000000/PHB) NET/0 (5/12.000000/SYS) 
x3004c0s7b0n0:6961:10826 [2] NCCL INFO GPU/85000 :GPU/7000 (1/88.000000/NVL) GPU/46000 (1/88.000000/NVL) GPU/85000 (0/5000.000000/LOC) GPU/C7000 (1/88.000000/NVL) CPU/3 (3/24.000000/SYS) CPU/2 (3/24.000000/SYS) CPU/1 (2/24.000000/PHB) CPU/0 (3/24.000000/SYS) NET/1 (5/12.000000/SYS) NET/0 (5/12.000000/SYS) 
x3004c0s7b0n0:6961:10826 [2] NCCL INFO GPU/C7000 :GPU/7000 (1/88.000000/NVL) GPU/46000 (1/88.000000/NVL) GPU/85000 (1/88.000000/NVL) GPU/C7000 (0/5000.000000/LOC) CPU/3 (3/24.000000/SYS) CPU/2 (3/24.000000/SYS) CPU/1 (3/24.000000/SYS) CPU/0 (2/24.000000/PHB) NET/1 (5/12.000000/SYS) NET/0 (4/12.000000/PHB) 
x3004c0s7b0n0:6961:10826 [2] NCCL INFO NET/1 :GPU/7000 (5/12.000000/SYS) GPU/46000 (4/12.000000/PHB) GPU/85000 (5/12.000000/SYS) GPU/C7000 (5/12.000000/SYS) CPU/3 (3/12.000000/SYS) CPU/2 (2/12.000000/PHB) CPU/1 (3/12.000000/SYS) CPU/0 (3/12.000000/SYS) NET/1 (0/5000.000000/LOC) NET/0 (5/12.000000/SYS) 
x3004c0s7b0n0:6961:10826 [2] NCCL INFO NET/0 :GPU/7000 (5/12.000000/SYS) GPU/46000 (5/12.000000/SYS) GPU/85000 (5/12.000000/SYS) GPU/C7000 (4/12.000000/PHB) CPU/3 (3/12.000000/SYS) CPU/2 (3/12.000000/SYS) CPU/1 (3/12.000000/SYS) CPU/0 (2/12.000000/PHB) NET/1 (5/12.000000/SYS) NET/0 (0/5000.000000/LOC) 
x3004c0s7b0n0:6961:10826 [2] NCCL INFO Pattern 4, crossNic 0, nChannels 2, bw 12.000000/12.000000, type NVL/SYS, sameChannels 1
x3004c0s7b0n0:6961:10826 [2] NCCL INFO  0 : NET/1 GPU/17 GPU/16 GPU/18 GPU/19 NET/1
x3004c0s7b0n0:6961:10826 [2] NCCL INFO  1 : NET/0 GPU/17 GPU/16 GPU/18 GPU/19 NET/0
x3004c0s7b0n0:6961:10826 [2] NCCL INFO Pattern 1, crossNic 0, nChannels 2, bw 24.000000/12.000000, type NVL/SYS, sameChannels 1
x3004c0s7b0n0:6961:10826 [2] NCCL INFO  0 : NET/1 GPU/16 GPU/17 GPU/18 GPU/19 NET/1
x3004c0s7b0n0:6961:10826 [2] NCCL INFO  1 : NET/0 GPU/16 GPU/17 GPU/18 GPU/19 NET/0
x3004c0s7b0n0:6961:10826 [2] NCCL INFO Pattern 3, crossNic 0, nChannels 0, bw 0.000000/0.000000, type NVL/PIX, sameChannels 1
x3004c0s7b0n0:6961:10826 [2] NCCL INFO Ring 00 : 16 -> 18 -> 19
x3004c0s7b0n0:6961:10826 [2] NCCL INFO Ring 01 : 16 -> 18 -> 19
x3004c0s7b0n0:6961:10826 [2] NCCL INFO Ring 02 : 16 -> 18 -> 19
x3004c0s7b0n0:6961:10826 [2] NCCL INFO Ring 03 : 16 -> 18 -> 19
x3004c0s7b0n0:6961:10826 [2] NCCL INFO Trees [0] 19/-1/-1->18->17 [1] 19/-1/-1->18->17 [2] 19/-1/-1->18->17 [3] 19/-1/-1->18->17
x3004c0s7b0n0:6961:10826 [2] NCCL INFO misc/utils.cc:235 memory stack hunk malloc(65536)
x3004c0s7b0n0:6961:10826 [2] NCCL INFO channel.cc:23 Cuda Alloc Size 8064 pointer 0x14c0c3817400
x3004c0s7b0n0:6961:10826 [2] NCCL INFO channel.cc:27 Cuda Alloc Size 80 pointer 0x14c0c3819400
x3004c0s7b0n0:6961:10826 [2] NCCL INFO channel.cc:23 Cuda Alloc Size 8064 pointer 0x14c0c3819600
x3004c0s7b0n0:6961:10826 [2] NCCL INFO channel.cc:27 Cuda Alloc Size 80 pointer 0x14c0c381b600
x3004c0s7b0n0:6961:10826 [2] NCCL INFO channel.cc:23 Cuda Alloc Size 8064 pointer 0x14c0c381b800
x3004c0s7b0n0:6961:10826 [2] NCCL INFO channel.cc:27 Cuda Alloc Size 80 pointer 0x14c0c381d800
x3004c0s7b0n0:6961:10826 [2] NCCL INFO channel.cc:23 Cuda Alloc Size 8064 pointer 0x14c0c381da00
x3004c0s7b0n0:6961:10826 [2] NCCL INFO channel.cc:27 Cuda Alloc Size 80 pointer 0x14c0c381fa00
x3004c0s7b0n0:6961:10826 [2] NCCL INFO Channel 00/0 : 18[85000] -> 19[c7000] via P2P/IPC/read
x3004c0s7b0n0:6961:10972 [2] NCCL INFO Mem Realloc old size 0, new size 8 pointer 0x14c06c000c60
x3004c0s7b0n0:6961:10972 [2] NCCL INFO New proxy send connection 0 from local rank 2, transport 0
x3004c0s7b0n0:6952:10829 [0] NCCL INFO Tree 0 : 0 -> 16 -> 17/-1/-1
x3004c0s7b0n0:6952:10829 [0] NCCL INFO Tree 2 : 12 -> 16 -> 17/-1/-1
x3004c0s7b0n0:6952:10829 [0] NCCL INFO Tree 1 : 0 -> 16 -> 17/-1/-1
x3004c0s7b0n0:6952:10829 [0] NCCL INFO Tree 3 : 12 -> 16 -> 17/-1/-1
x3004c0s7b0n0:6952:10829 [0] NCCL INFO Ring 00 : 17 -> 16 -> 18
x3004c0s7b0n0:6952:10829 [0] NCCL INFO Ring 01 : 17 -> 16 -> 18
x3004c0s7b0n0:6952:10829 [0] NCCL INFO Ring 02 : 17 -> 16 -> 18
x3004c0s7b0n0:6952:10829 [0] NCCL INFO Ring 03 : 17 -> 16 -> 18
x3004c0s7b0n0:6952:10829 [0] NCCL INFO Trees [0] 17/-1/-1->16->0 [1] 17/-1/-1->16->0 [2] 17/-1/-1->16->12 [3] 17/-1/-1->16->12
x3004c0s7b0n0:6952:10829 [0] NCCL INFO misc/utils.cc:235 memory stack hunk malloc(65536)
x3004c0s7b0n0:6952:10829 [0] NCCL INFO channel.cc:23 Cuda Alloc Size 8064 pointer 0x148181817400
x3004c0s7b0n0:6952:10829 [0] NCCL INFO channel.cc:27 Cuda Alloc Size 80 pointer 0x148181819400
x3004c0s7b0n0:6952:10829 [0] NCCL INFO channel.cc:23 Cuda Alloc Size 8064 pointer 0x148181819600
x3004c0s7b0n0:6952:10829 [0] NCCL INFO channel.cc:27 Cuda Alloc Size 80 pointer 0x14818181b600
x3004c0s7b0n0:6952:10829 [0] NCCL INFO channel.cc:23 Cuda Alloc Size 8064 pointer 0x14818181b800
x3004c0s7b0n0:6952:10829 [0] NCCL INFO channel.cc:27 Cuda Alloc Size 80 pointer 0x14818181d800
x3004c0s7b0n0:6952:10829 [0] NCCL INFO channel.cc:23 Cuda Alloc Size 8064 pointer 0x14818181da00
x3004c0s7b0n0:6952:10829 [0] NCCL INFO channel.cc:27 Cuda Alloc Size 80 pointer 0x14818181fa00
x3004c0s7b0n0:6952:10829 [0] NCCL INFO Channel 00/0 : 16[7000] -> 18[85000] via P2P/IPC/read
x3004c0s7b0n0:6962:10828 [3] NCCL INFO Ring 00 : 18 -> 19 -> 1
x3004c0s7b0n0:6962:10828 [3] NCCL INFO Ring 01 : 18 -> 19 -> 1
x3004c0s7b0n0:6962:10828 [3] NCCL INFO Ring 02 : 18 -> 19 -> 1
x3004c0s7b0n0:6962:10828 [3] NCCL INFO Ring 03 : 18 -> 19 -> 1
x3004c0s7b0n0:6962:10828 [3] NCCL INFO Trees [0] -1/-1/-1->19->18 [1] -1/-1/-1->19->18 [2] -1/-1/-1->19->18 [3] -1/-1/-1->19->18
x3004c0s7b0n0:6962:10828 [3] NCCL INFO misc/utils.cc:235 memory stack hunk malloc(65536)
x3004c0s7b0n0:6962:10828 [3] NCCL INFO channel.cc:23 Cuda Alloc Size 8064 pointer 0x14b93fe19a00
x3004c0s7b0n0:6962:10828 [3] NCCL INFO channel.cc:27 Cuda Alloc Size 80 pointer 0x14b93fe1ba00
x3004c0s7b0n0:6962:10828 [3] NCCL INFO channel.cc:23 Cuda Alloc Size 8064 pointer 0x14b93fe1bc00
x3004c0s7b0n0:6962:10828 [3] NCCL INFO channel.cc:27 Cuda Alloc Size 80 pointer 0x14b93fe1dc00
x3004c0s7b0n0:6962:10828 [3] NCCL INFO channel.cc:23 Cuda Alloc Size 8064 pointer 0x14b93fe1de00
x3004c0s7b0n0:6962:10828 [3] NCCL INFO channel.cc:27 Cuda Alloc Size 80 pointer 0x14b93fe1fe00
x3004c0s7b0n0:6962:10828 [3] NCCL INFO channel.cc:23 Cuda Alloc Size 8064 pointer 0x14b93fe20000
x3004c0s7b0n0:6962:10828 [3] NCCL INFO channel.cc:27 Cuda Alloc Size 80 pointer 0x14b93fe22000
x3004c0s7b0n0:6956:10827 [1] NCCL INFO Tree 0 : 16 -> 17 -> 18/8/-1
x3004c0s7b0n0:6956:10827 [1] NCCL INFO Tree 2 : 16 -> 17 -> 18/-1/-1
x3004c0s7b0n0:6956:10827 [1] NCCL INFO Tree 1 : 16 -> 17 -> 18/8/-1
x3004c0s7b0n0:6956:10827 [1] NCCL INFO Tree 3 : 16 -> 17 -> 18/-1/-1
x3004c0s7b0n0:6956:10827 [1] NCCL INFO Ring 00 : 15 -> 17 -> 16
x3004c0s7b0n0:6956:10827 [1] NCCL INFO Ring 01 : 15 -> 17 -> 16
x3004c0s7b0n0:6956:10827 [1] NCCL INFO Ring 02 : 15 -> 17 -> 16
x3004c0s7b0n0:6956:10827 [1] NCCL INFO Ring 03 : 15 -> 17 -> 16
x3004c0s7b0n0:6956:10827 [1] NCCL INFO Trees [0] 18/8/-1->17->16 [1] 18/8/-1->17->16 [2] 18/-1/-1->17->16 [3] 18/-1/-1->17->16
x3004c0s7b0n0:6956:10827 [1] NCCL INFO misc/utils.cc:235 memory stack hunk malloc(65536)
x3004c0s7b0n0:6956:10827 [1] NCCL INFO channel.cc:23 Cuda Alloc Size 8064 pointer 0x1459ef817400
x3004c0s7b0n0:6956:10827 [1] NCCL INFO channel.cc:27 Cuda Alloc Size 80 pointer 0x1459ef819400
x3004c0s7b0n0:6956:10827 [1] NCCL INFO channel.cc:23 Cuda Alloc Size 8064 pointer 0x1459ef819600
x3004c0s7b0n0:6956:10827 [1] NCCL INFO channel.cc:27 Cuda Alloc Size 80 pointer 0x1459ef81b600
x3004c0s7b0n0:6956:10827 [1] NCCL INFO channel.cc:23 Cuda Alloc Size 8064 pointer 0x1459ef81b800
x3004c0s7b0n0:6956:10827 [1] NCCL INFO channel.cc:27 Cuda Alloc Size 80 pointer 0x1459ef81d800
x3004c0s7b0n0:6956:10827 [1] NCCL INFO channel.cc:23 Cuda Alloc Size 8064 pointer 0x1459ef81da00
x3004c0s7b0n0:6956:10827 [1] NCCL INFO channel.cc:27 Cuda Alloc Size 80 pointer 0x1459ef81fa00
x3004c0s7b0n0:6956:10827 [1] NCCL INFO GPU Direct RDMA Disabled for GPU 46000 / HCA 1 (distance 6 > 4)
x3004c0s7b0n0:6952:10967 [0] NCCL INFO Mem Realloc old size 0, new size 8 pointer 0x148128000c60
x3004c0s7b0n0:6952:10967 [0] NCCL INFO New proxy send connection 0 from local rank 0, transport 0
x3004c0s7b0n0:6962:10971 [3] NCCL INFO Mem Realloc old size 0, new size 8 pointer 0x14b888000c60
x3004c0s7b0n0:6962:10971 [3] NCCL INFO New proxy recv connection 0 from local rank 3, transport 0
x3004c0s7b0n0:6956:10968 [1] NCCL INFO Mem Realloc old size 0, new size 8 pointer 0x145998000c60
x3004c0s7b0n0:6956:10968 [1] NCCL INFO Allocated 4194656 bytes of shared memory in /dev/shm/nccl-48J019

x3004c0s7b0n0:6956:10968 [1] NCCL INFO New proxy recv connection 0 from local rank 1, transport 2
x3004c0s7b0n0:6961:10826 [2] NCCL INFO Connection to proxy localRank 2 -> connection 0x14c06c000c80
x3004c0s7b0n0:6961:10972 [2] NCCL INFO transport/p2p.cc:430 Cuda Alloc Size 6291456 pointer 0x14c0e8000000
x3004c0s7b0n0:6962:10828 [3] NCCL INFO Connection to proxy localRank 3 -> connection 0x14b888000c80
x3004c0s7b0n0:6962:10971 [3] NCCL INFO transport/p2p.cc:449 Cuda Alloc Size 6291456 pointer 0x14b8b1800000
x3004c0s7b0n0:6952:10829 [0] NCCL INFO Connection to proxy localRank 0 -> connection 0x148128000c80
x3004c0s7b0n0:6952:10967 [0] NCCL INFO transport/p2p.cc:430 Cuda Alloc Size 6291456 pointer 0x148163a00000
x3004c0s7b0n0:6956:10827 [1] NCCL INFO Connection to proxy localRank 1 -> connection 0x145998000c80
x3004c0s7b0n0:6962:10971 [3] NCCL INFO New proxy recv connection 1 from local rank 3, transport 0
x3004c0s7b0n0:6961:10826 [2] NCCL INFO Channel 01/0 : 18[85000] -> 19[c7000] via P2P/IPC/read
x3004c0s7b0n0:6961:10972 [2] NCCL INFO New proxy send connection 1 from local rank 2, transport 0
x3004c0s7b0n0:6952:10829 [0] NCCL INFO Channel 01/0 : 16[7000] -> 18[85000] via P2P/IPC/read
x3004c0s7b0n0:6952:10967 [0] NCCL INFO New proxy send connection 1 from local rank 0, transport 0
x3004c0s7b0n0:6956:10827 [1] NCCL INFO Channel 00/0 : 15[c7000] -> 17[46000] [receive] via NET/IB/1
x3004c0s7b0n0:6956:10827 [1] NCCL INFO GPU Direct RDMA Disabled for GPU 46000 / HCA 0 (distance 7 > 4)
x3004c0s7b0n0:6956:10968 [1] NCCL INFO New proxy recv connection 1 from local rank 1, transport 2
x3004c0s7b0n0:6962:10828 [3] NCCL INFO Connection to proxy localRank 3 -> connection 0x14b888000cc0
x3004c0s7b0n0:6962:10971 [3] NCCL INFO transport/p2p.cc:449 Cuda Alloc Size 6291456 pointer 0x14b8c7a00000
x3004c0s7b0n0:6961:10826 [2] NCCL INFO Connection to proxy localRank 2 -> connection 0x14c06c000cc0
x3004c0s7b0n0:6961:10972 [2] NCCL INFO transport/p2p.cc:430 Cuda Alloc Size 6291456 pointer 0x14c0e8600000
x3004c0s7b0n0:6956:10827 [1] NCCL INFO Connection to proxy localRank 1 -> connection 0x145998000cc0
x3004c0s7b0n0:6961:10826 [2] NCCL INFO Channel 02/0 : 18[85000] -> 19[c7000] via P2P/IPC/read
x3004c0s7b0n0:6961:10972 [2] NCCL INFO New proxy send connection 2 from local rank 2, transport 0
x3004c0s7b0n0:6952:10829 [0] NCCL INFO Connection to proxy localRank 0 -> connection 0x148128000cc0
x3004c0s7b0n0:6952:10967 [0] NCCL INFO transport/p2p.cc:430 Cuda Alloc Size 6291456 pointer 0x1481a3800000
x3004c0s7b0n0:6962:10971 [3] NCCL INFO New proxy recv connection 2 from local rank 3, transport 0
x3004c0s7b0n0:6961:10826 [2] NCCL INFO Connection to proxy localRank 2 -> connection 0x14c06c000d00
x3004c0s7b0n0:6961:10972 [2] NCCL INFO transport/p2p.cc:430 Cuda Alloc Size 6291456 pointer 0x14c0e8c00000
x3004c0s7b0n0:6952:10829 [0] NCCL INFO Channel 02/0 : 16[7000] -> 18[85000] via P2P/IPC/read
x3004c0s7b0n0:6952:10967 [0] NCCL INFO New proxy send connection 2 from local rank 0, transport 0
x3004c0s7b0n0:6952:10829 [0] NCCL INFO Connection to proxy localRank 0 -> connection 0x148128000d00
x3004c0s7b0n0:6962:10828 [3] NCCL INFO Connection to proxy localRank 3 -> connection 0x14b888000d00
x3004c0s7b0n0:6962:10971 [3] NCCL INFO transport/p2p.cc:449 Cuda Alloc Size 6291456 pointer 0x14b925400000
x3004c0s7b0n0:6952:10967 [0] NCCL INFO transport/p2p.cc:430 Cuda Alloc Size 6291456 pointer 0x1481a3e00000
x3004c0s7b0n0:6956:10827 [1] NCCL INFO Channel 01/0 : 15[c7000] -> 17[46000] [receive] via NET/IB/0
x3004c0s7b0n0:6956:10827 [1] NCCL INFO GPU Direct RDMA Disabled for GPU 46000 / HCA 1 (distance 6 > 4)
x3004c0s7b0n0:6956:10968 [1] NCCL INFO New proxy recv connection 2 from local rank 1, transport 2
x3004c0s7b0n0:6962:10971 [3] NCCL INFO New proxy recv connection 3 from local rank 3, transport 0
x3004c0s7b0n0:6952:10829 [0] NCCL INFO Channel 03/0 : 16[7000] -> 18[85000] via P2P/IPC/read
x3004c0s7b0n0:6952:10967 [0] NCCL INFO New proxy send connection 3 from local rank 0, transport 0
x3004c0s7b0n0:6961:10826 [2] NCCL INFO Channel 03/0 : 18[85000] -> 19[c7000] via P2P/IPC/read
x3004c0s7b0n0:6961:10972 [2] NCCL INFO New proxy send connection 3 from local rank 2, transport 0
x3004c0s7b0n0:6956:10827 [1] NCCL INFO Connection to proxy localRank 1 -> connection 0x145998000d00
x3004c0s7b0n0:6952:10829 [0] NCCL INFO Connection to proxy localRank 0 -> connection 0x148128000d40
x3004c0s7b0n0:6952:10967 [0] NCCL INFO transport/p2p.cc:430 Cuda Alloc Size 6291456 pointer 0x1481a4400000
x3004c0s7b0n0:6961:10826 [2] NCCL INFO Connection to proxy localRank 2 -> connection 0x14c06c000d40
x3004c0s7b0n0:6956:10827 [1] NCCL INFO Channel 02/0 : 15[c7000] -> 17[46000] [receive] via NET/IB/1
x3004c0s7b0n0:6956:10827 [1] NCCL INFO GPU Direct RDMA Disabled for GPU 46000 / HCA 0 (distance 7 > 4)
x3004c0s7b0n0:6956:10968 [1] NCCL INFO New proxy recv connection 3 from local rank 1, transport 2
x3004c0s7b0n0:6962:10828 [3] NCCL INFO Connection to proxy localRank 3 -> connection 0x14b888000d40
x3004c0s7b0n0:6962:10971 [3] NCCL INFO transport/p2p.cc:449 Cuda Alloc Size 6291456 pointer 0x14b950400000
x3004c0s7b0n0:6961:10972 [2] NCCL INFO transport/p2p.cc:430 Cuda Alloc Size 6291456 pointer 0x14c0e9200000
x3004c0s7b0n0:6956:10827 [1] NCCL INFO Connection to proxy localRank 1 -> connection 0x145998000d40
x3004c0s7b0n0:6962:10828 [3] NCCL INFO GPU Direct RDMA Disabled for GPU c7000 / HCA 1 (distance 7 > 4)
x3004c0s7b0n0:6962:10971 [3] NCCL INFO Allocated 4194656 bytes of shared memory in /dev/shm/nccl-yW9cwB

x3004c0s7b0n0:6962:10971 [3] NCCL INFO New proxy send connection 4 from local rank 3, transport 2
x3004c0s7b0n0:6961:10972 [2] NCCL INFO New proxy recv connection 4 from local rank 2, transport 0
x3004c0s7b0n0:6956:10827 [1] NCCL INFO Channel 03/0 : 15[c7000] -> 17[46000] [receive] via NET/IB/0
x3004c0s7b0n0:6961:10826 [2] NCCL INFO Connection to proxy localRank 2 -> connection 0x14c06c000d80
x3004c0s7b0n0:6961:10972 [2] NCCL INFO transport/p2p.cc:449 Cuda Alloc Size 6291456 pointer 0x14c067800000
x3004c0s7b0n0:6962:10828 [3] NCCL INFO Connection to proxy localRank 3 -> connection 0x14b888000d80
x3004c0s7b0n0:6962:10828 [3] NCCL INFO Channel 00/0 : 19[c7000] -> 1[46000] [send] via NET/IB/1
x3004c0s7b0n0:6962:10828 [3] NCCL INFO GPU Direct RDMA Disabled for GPU c7000 / HCA 0 (distance 6 > 4)
x3004c0s7b0n0:6962:10971 [3] NCCL INFO New proxy send connection 5 from local rank 3, transport 2
x3004c0s7b0n0:6961:10972 [2] NCCL INFO New proxy recv connection 5 from local rank 2, transport 0
x3004c0s7b0n0:6962:10828 [3] NCCL INFO Connection to proxy localRank 3 -> connection 0x14b888000dc0
x3004c0s7b0n0:6962:10828 [3] NCCL INFO Channel 01/0 : 19[c7000] -> 1[46000] [send] via NET/IB/0
x3004c0s7b0n0:6962:10828 [3] NCCL INFO GPU Direct RDMA Disabled for GPU c7000 / HCA 1 (distance 7 > 4)
x3004c0s7b0n0:6962:10971 [3] NCCL INFO New proxy send connection 6 from local rank 3, transport 2
x3004c0s7b0n0:6961:10826 [2] NCCL INFO Connection to proxy localRank 2 -> connection 0x14c06c000dc0
x3004c0s7b0n0:6961:10972 [2] NCCL INFO transport/p2p.cc:449 Cuda Alloc Size 6291456 pointer 0x14c064000000
x3004c0s7b0n0:6961:10972 [2] NCCL INFO New proxy recv connection 6 from local rank 2, transport 0
x3004c0s7b0n0:6962:10828 [3] NCCL INFO Connection to proxy localRank 3 -> connection 0x14b888000e00
x3004c0s7b0n0:6962:10828 [3] NCCL INFO Channel 02/0 : 19[c7000] -> 1[46000] [send] via NET/IB/1
x3004c0s7b0n0:6962:10828 [3] NCCL INFO GPU Direct RDMA Disabled for GPU c7000 / HCA 0 (distance 6 > 4)
x3004c0s7b0n0:6962:10971 [3] NCCL INFO New proxy send connection 7 from local rank 3, transport 2
x3004c0s7b0n0:6961:10826 [2] NCCL INFO Connection to proxy localRank 2 -> connection 0x14c06c000e00
x3004c0s7b0n0:6956:10968 [1] NCCL INFO transport/net_ib.cc:683 Ib Alloc Size 21688 pointer 0x14599801d000
x3004c0s7b0n0:6956:10968 [1] NCCL INFO transport/net_ib.cc:696 Ib Alloc Size 552 pointer 0x145998024000
x3004c0s7b0n0:6962:10828 [3] NCCL INFO Connection to proxy localRank 3 -> connection 0x14b888000e40
x3004c0s7b0n0:6962:10828 [3] NCCL INFO Channel 03/0 : 19[c7000] -> 1[46000] [send] via NET/IB/0
x3004c0s7b0n0:6962:10971 [3] NCCL INFO transport/net_ib.cc:596 Ib Alloc Size 26560 pointer 0x14b88801f000
x3004c0s7b0n0:6961:10972 [2] NCCL INFO transport/p2p.cc:449 Cuda Alloc Size 6291456 pointer 0x14c064600000
x3004c0s7b0n0:6956:10968 [1] NCCL INFO transport/net_ib.cc:771 Ib Alloc Size 552 pointer 0x145998041000
x3004c0s7b0n0:6956:10968 [1] NCCL INFO transport/net.cc:698 Cuda Host Alloc Size 9641984 pointer 0x145a12a00000
x3004c0s7b0n0:6962:10971 [3] NCCL INFO NET/IB: Dev 1 Port 1 qpn 5956 mtu 5 GID 0 (80FE/EE0100FEFF000000)
x3004c0s7b0n0:6962:10971 [3] NCCL INFO transport/net_ib.cc:653 Ib Alloc Size 552 pointer 0x14b888037000
x3004c0s7b0n0:6962:10971 [3] NCCL INFO transport/net.cc:571 Cuda Host Alloc Size 9641984 pointer 0x14b952200000
x3004c0s7b0n0:6956:10968 [1] NCCL INFO transport/net_ib.cc:683 Ib Alloc Size 21688 pointer 0x145998043000
x3004c0s7b0n0:6956:10968 [1] NCCL INFO transport/net_ib.cc:696 Ib Alloc Size 552 pointer 0x14599804a000
x3004c0s7b0n0:6961:10972 [2] NCCL INFO New proxy recv connection 7 from local rank 2, transport 0
x3004c0s7b0n0:6961:10826 [2] NCCL INFO Connection to proxy localRank 2 -> connection 0x14c06c000e40
x3004c0s7b0n0:6956:10968 [1] NCCL INFO transport/net_ib.cc:771 Ib Alloc Size 552 pointer 0x145998065000
x3004c0s7b0n0:6956:10968 [1] NCCL INFO transport/net.cc:698 Cuda Host Alloc Size 9641984 pointer 0x145a13400000
x3004c0s7b0n0:6961:10972 [2] NCCL INFO transport/p2p.cc:449 Cuda Alloc Size 6291456 pointer 0x14c064c00000
x3004c0s7b0n0:6962:10971 [3] NCCL INFO transport/net_ib.cc:596 Ib Alloc Size 26560 pointer 0x14b888039000
x3004c0s7b0n0:6962:10971 [3] NCCL INFO NET/IB: Dev 0 Port 1 qpn 6891 mtu 5 GID 0 (80FE/AE0100FEFF000000)
x3004c0s7b0n0:6962:10971 [3] NCCL INFO transport/net_ib.cc:653 Ib Alloc Size 552 pointer 0x14b888050000
x3004c0s7b0n0:6962:10971 [3] NCCL INFO transport/net.cc:571 Cuda Host Alloc Size 9641984 pointer 0x14b957400000
x3004c0s7b0n0:6956:10968 [1] NCCL INFO transport/net_ib.cc:683 Ib Alloc Size 21688 pointer 0x145998067000
x3004c0s7b0n0:6956:10968 [1] NCCL INFO transport/net_ib.cc:696 Ib Alloc Size 552 pointer 0x14599806e000
x3004c0s7b0n0:6961:10826 [2] NCCL INFO Connected all rings
x3004c0s7b0n0:6961:10972 [2] NCCL INFO New proxy recv connection 8 from local rank 2, transport 0
x3004c0s7b0n0:6952:10967 [0] NCCL INFO New proxy recv connection 4 from local rank 0, transport 0
x3004c0s7b0n0:6962:10971 [3] NCCL INFO transport/net_ib.cc:596 Ib Alloc Size 26560 pointer 0x14b888052000
x3004c0s7b0n0:6956:10968 [1] NCCL INFO transport/net_ib.cc:771 Ib Alloc Size 552 pointer 0x145998089000
x3004c0s7b0n0:6956:10968 [1] NCCL INFO transport/net.cc:698 Cuda Host Alloc Size 9641984 pointer 0x145a13e00000
x3004c0s7b0n0:6962:10971 [3] NCCL INFO NET/IB: Dev 1 Port 1 qpn 5959 mtu 5 GID 0 (80FE/EE0100FEFF000000)
x3004c0s7b0n0:6962:10971 [3] NCCL INFO transport/net_ib.cc:653 Ib Alloc Size 552 pointer 0x14b888069000
x3004c0s7b0n0:6962:10971 [3] NCCL INFO transport/net.cc:571 Cuda Host Alloc Size 9641984 pointer 0x14b886000000
x3004c0s7b0n0:6962:10971 [3] NCCL INFO transport/net_ib.cc:596 Ib Alloc Size 26560 pointer 0x14b88806b000
x3004c0s7b0n0:6956:10968 [1] NCCL INFO transport/net_ib.cc:683 Ib Alloc Size 21688 pointer 0x14599808b000
x3004c0s7b0n0:6956:10968 [1] NCCL INFO transport/net_ib.cc:696 Ib Alloc Size 552 pointer 0x145998092000
x3004c0s7b0n0:6962:10971 [3] NCCL INFO NET/IB: Dev 0 Port 1 qpn 6892 mtu 5 GID 0 (80FE/AE0100FEFF000000)
x3004c0s7b0n0:6962:10971 [3] NCCL INFO transport/net_ib.cc:653 Ib Alloc Size 552 pointer 0x14b888082000
x3004c0s7b0n0:6962:10971 [3] NCCL INFO transport/net.cc:571 Cuda Host Alloc Size 9641984 pointer 0x14b886a00000
x3004c0s7b0n0:6952:10829 [0] NCCL INFO Connection to proxy localRank 0 -> connection 0x148128000d80
x3004c0s7b0n0:6952:10967 [0] NCCL INFO transport/p2p.cc:449 Cuda Alloc Size 6291456 pointer 0x14812ec00000
x3004c0s7b0n0:6961:10826 [2] NCCL INFO Connection to proxy localRank 2 -> connection 0x14c06c000e80
x3004c0s7b0n0:6961:10972 [2] NCCL INFO transport/p2p.cc:449 Cuda Alloc Size 6291456 pointer 0x14c062c00000
x3004c0s7b0n0:6962:10828 [3] NCCL INFO Connected all rings
x3004c0s7b0n0:6962:10828 [3] NCCL INFO Channel 00/0 : 19[c7000] -> 18[85000] via P2P/IPC/read
x3004c0s7b0n0:6956:10968 [1] NCCL INFO transport/net_ib.cc:771 Ib Alloc Size 552 pointer 0x1459980ad000
x3004c0s7b0n0:6956:10968 [1] NCCL INFO transport/net.cc:698 Cuda Host Alloc Size 9641984 pointer 0x145a14800000
x3004c0s7b0n0:6962:10971 [3] NCCL INFO New proxy send connection 8 from local rank 3, transport 0
x3004c0s7b0n0:6961:10972 [2] NCCL INFO New proxy recv connection 9 from local rank 2, transport 0
x3004c0s7b0n0:6956:10827 [1] NCCL INFO Channel 00/0 : 17[46000] -> 16[7000] via P2P/IPC/read
x3004c0s7b0n0:6956:10968 [1] NCCL INFO New proxy send connection 4 from local rank 1, transport 0
x3004c0s7b0n0:6956:10827 [1] NCCL INFO Connection to proxy localRank 1 -> connection 0x145998000d80
x3004c0s7b0n0:6952:10967 [0] NCCL INFO New proxy recv connection 5 from local rank 0, transport 0
x3004c0s7b0n0:6962:10828 [3] NCCL INFO Connection to proxy localRank 3 -> connection 0x14b888000e80
x3004c0s7b0n0:6962:10971 [3] NCCL INFO transport/p2p.cc:430 Cuda Alloc Size 6291456 pointer 0x14b887400000
x3004c0s7b0n0:6956:10968 [1] NCCL INFO transport/p2p.cc:430 Cuda Alloc Size 6291456 pointer 0x145a15200000
x3004c0s7b0n0:6961:10826 [2] NCCL INFO Connection to proxy localRank 2 -> connection 0x14c06c000ec0
x3004c0s7b0n0:6961:10972 [2] NCCL INFO transport/p2p.cc:449 Cuda Alloc Size 6291456 pointer 0x14c063200000
x3004c0s7b0n0:6962:10828 [3] NCCL INFO Channel 01/0 : 19[c7000] -> 18[85000] via P2P/IPC/read
x3004c0s7b0n0:6962:10971 [3] NCCL INFO New proxy send connection 9 from local rank 3, transport 0
x3004c0s7b0n0:6962:10828 [3] NCCL INFO Connection to proxy localRank 3 -> connection 0x14b888000ec0
x3004c0s7b0n0:6952:10829 [0] NCCL INFO Connection to proxy localRank 0 -> connection 0x148128000dc0
x3004c0s7b0n0:6952:10967 [0] NCCL INFO transport/p2p.cc:449 Cuda Alloc Size 6291456 pointer 0x14812f200000
x3004c0s7b0n0:6962:10971 [3] NCCL INFO transport/p2p.cc:430 Cuda Alloc Size 6291456 pointer 0x14b887a00000
x3004c0s7b0n0:6956:10827 [1] NCCL INFO Channel 01/0 : 17[46000] -> 16[7000] via P2P/IPC/read
x3004c0s7b0n0:6956:10968 [1] NCCL INFO New proxy send connection 5 from local rank 1, transport 0
x3004c0s7b0n0:6962:10828 [3] NCCL INFO Channel 02/0 : 19[c7000] -> 18[85000] via P2P/IPC/read
x3004c0s7b0n0:6962:10971 [3] NCCL INFO New proxy send connection 10 from local rank 3, transport 0
x3004c0s7b0n0:6952:10967 [0] NCCL INFO New proxy recv connection 6 from local rank 0, transport 0
x3004c0s7b0n0:6961:10972 [2] NCCL INFO New proxy recv connection 10 from local rank 2, transport 0
x3004c0s7b0n0:6956:10827 [1] NCCL INFO Connection to proxy localRank 1 -> connection 0x145998000dc0
x3004c0s7b0n0:6956:10968 [1] NCCL INFO transport/p2p.cc:430 Cuda Alloc Size 6291456 pointer 0x145992000000
x3004c0s7b0n0:6962:10828 [3] NCCL INFO Connection to proxy localRank 3 -> connection 0x14b888000f00
x3004c0s7b0n0:6962:10971 [3] NCCL INFO transport/p2p.cc:430 Cuda Alloc Size 6291456 pointer 0x14b952c00000
x3004c0s7b0n0:6961:10826 [2] NCCL INFO Connection to proxy localRank 2 -> connection 0x14c06c000f00
x3004c0s7b0n0:6961:10972 [2] NCCL INFO transport/p2p.cc:449 Cuda Alloc Size 6291456 pointer 0x14c063800000
x3004c0s7b0n0:6952:10829 [0] NCCL INFO Connection to proxy localRank 0 -> connection 0x148128000e00
x3004c0s7b0n0:6952:10967 [0] NCCL INFO transport/p2p.cc:449 Cuda Alloc Size 6291456 pointer 0x14812f800000
x3004c0s7b0n0:6956:10827 [1] NCCL INFO Channel 02/0 : 17[46000] -> 16[7000] via P2P/IPC/read
x3004c0s7b0n0:6956:10968 [1] NCCL INFO New proxy send connection 6 from local rank 1, transport 0
x3004c0s7b0n0:6962:10828 [3] NCCL INFO Channel 03/0 : 19[c7000] -> 18[85000] via P2P/IPC/read
x3004c0s7b0n0:6962:10971 [3] NCCL INFO New proxy send connection 11 from local rank 3, transport 0
x3004c0s7b0n0:6952:10967 [0] NCCL INFO New proxy recv connection 7 from local rank 0, transport 0
x3004c0s7b0n0:6961:10972 [2] NCCL INFO New proxy recv connection 11 from local rank 2, transport 0
x3004c0s7b0n0:6962:10828 [3] NCCL INFO Connection to proxy localRank 3 -> connection 0x14b888000f40
x3004c0s7b0n0:6962:10971 [3] NCCL INFO transport/p2p.cc:430 Cuda Alloc Size 6291456 pointer 0x14b95f800000
x3004c0s7b0n0:6961:10826 [2] NCCL INFO Connection to proxy localRank 2 -> connection 0x14c06c000f40
x3004c0s7b0n0:6956:10827 [1] NCCL INFO Connection to proxy localRank 1 -> connection 0x145998000e00
x3004c0s7b0n0:6956:10968 [1] NCCL INFO transport/p2p.cc:430 Cuda Alloc Size 6291456 pointer 0x145992600000
x3004c0s7b0n0:6952:10829 [0] NCCL INFO Connection to proxy localRank 0 -> connection 0x148128000e40
x3004c0s7b0n0:6952:10967 [0] NCCL INFO transport/p2p.cc:449 Cuda Alloc Size 6291456 pointer 0x148126000000
x3004c0s7b0n0:6961:10972 [2] NCCL INFO transport/p2p.cc:449 Cuda Alloc Size 6291456 pointer 0x14c060000000
x3004c0s7b0n0:6956:10827 [1] NCCL INFO Channel 03/0 : 17[46000] -> 16[7000] via P2P/IPC/read
x3004c0s7b0n0:6956:10968 [1] NCCL INFO New proxy send connection 7 from local rank 1, transport 0
x3004c0s7b0n0:6956:10827 [1] NCCL INFO Connection to proxy localRank 1 -> connection 0x145998000e40
x3004c0s7b0n0:6956:10968 [1] NCCL INFO transport/p2p.cc:430 Cuda Alloc Size 6291456 pointer 0x145992c00000
x3004c0s7b0n0:6956:10827 [1] NCCL INFO Connected all rings
x3004c0s7b0n0:6956:10968 [1] NCCL INFO New proxy recv connection 8 from local rank 1, transport 0
x3004c0s7b0n0:6952:10829 [0] NCCL INFO Connected all rings
x3004c0s7b0n0:6952:10829 [0] NCCL INFO Channel 00/0 : 16[7000] -> 17[46000] via P2P/IPC/read
x3004c0s7b0n0:6952:10967 [0] NCCL INFO New proxy send connection 8 from local rank 0, transport 0
x3004c0s7b0n0:6952:10829 [0] NCCL INFO Connection to proxy localRank 0 -> connection 0x148128000e80
x3004c0s7b0n0:6952:10967 [0] NCCL INFO transport/p2p.cc:430 Cuda Alloc Size 6291456 pointer 0x148124000000
x3004c0s7b0n0:6956:10827 [1] NCCL INFO Connection to proxy localRank 1 -> connection 0x145998000e80
x3004c0s7b0n0:6956:10968 [1] NCCL INFO transport/p2p.cc:449 Cuda Alloc Size 6291456 pointer 0x14598ac00000
x3004c0s7b0n0:6952:10829 [0] NCCL INFO Channel 01/0 : 16[7000] -> 17[46000] via P2P/IPC/read
x3004c0s7b0n0:6952:10967 [0] NCCL INFO New proxy send connection 9 from local rank 0, transport 0
x3004c0s7b0n0:6952:10829 [0] NCCL INFO Connection to proxy localRank 0 -> connection 0x148128000ec0
x3004c0s7b0n0:6956:10968 [1] NCCL INFO New proxy recv connection 9 from local rank 1, transport 0
x3004c0s7b0n0:6952:10967 [0] NCCL INFO transport/p2p.cc:430 Cuda Alloc Size 6291456 pointer 0x148124600000
x3004c0s7b0n0:6956:10827 [1] NCCL INFO Connection to proxy localRank 1 -> connection 0x145998000ec0
x3004c0s7b0n0:6956:10968 [1] NCCL INFO transport/p2p.cc:449 Cuda Alloc Size 6291456 pointer 0x14598b200000
x3004c0s7b0n0:6952:10829 [0] NCCL INFO Channel 02/0 : 16[7000] -> 17[46000] via P2P/IPC/read
x3004c0s7b0n0:6952:10967 [0] NCCL INFO New proxy send connection 10 from local rank 0, transport 0
x3004c0s7b0n0:6956:10968 [1] NCCL INFO New proxy recv connection 10 from local rank 1, transport 0
x3004c0s7b0n0:6952:10829 [0] NCCL INFO Connection to proxy localRank 0 -> connection 0x148128000f00
x3004c0s7b0n0:6952:10967 [0] NCCL INFO transport/p2p.cc:430 Cuda Alloc Size 6291456 pointer 0x148124c00000
x3004c0s7b0n0:6956:10827 [1] NCCL INFO Connection to proxy localRank 1 -> connection 0x145998000f00
x3004c0s7b0n0:6952:10829 [0] NCCL INFO Channel 03/0 : 16[7000] -> 17[46000] via P2P/IPC/read
x3004c0s7b0n0:6952:10967 [0] NCCL INFO New proxy send connection 11 from local rank 0, transport 0
x3004c0s7b0n0:6956:10968 [1] NCCL INFO transport/p2p.cc:449 Cuda Alloc Size 6291456 pointer 0x14598b800000
x3004c0s7b0n0:6956:10968 [1] NCCL INFO New proxy recv connection 11 from local rank 1, transport 0
x3004c0s7b0n0:6952:10829 [0] NCCL INFO Connection to proxy localRank 0 -> connection 0x148128000f40
x3004c0s7b0n0:6952:10967 [0] NCCL INFO transport/p2p.cc:430 Cuda Alloc Size 6291456 pointer 0x148125200000
x3004c0s7b0n0:6956:10827 [1] NCCL INFO Connection to proxy localRank 1 -> connection 0x145998000f40
x3004c0s7b0n0:6956:10968 [1] NCCL INFO transport/p2p.cc:449 Cuda Alloc Size 6291456 pointer 0x145988000000
x3004c0s7b0n0:6956:10827 [1] NCCL INFO Channel 00/0 : 17[46000] -> 18[85000] via P2P/IPC/read
x3004c0s7b0n0:6956:10968 [1] NCCL INFO New proxy send connection 12 from local rank 1, transport 0
x3004c0s7b0n0:6956:10827 [1] NCCL INFO Connection to proxy localRank 1 -> connection 0x145998000f80
x3004c0s7b0n0:6956:10968 [1] NCCL INFO transport/p2p.cc:430 Cuda Alloc Size 6291456 pointer 0x145988600000
x3004c0s7b0n0:6956:10827 [1] NCCL INFO Channel 01/0 : 17[46000] -> 18[85000] via P2P/IPC/read
x3004c0s7b0n0:6956:10968 [1] NCCL INFO New proxy send connection 13 from local rank 1, transport 0
x3004c0s7b0n0:6956:10827 [1] NCCL INFO Connection to proxy localRank 1 -> connection 0x145998000fc0
x3004c0s7b0n0:6956:10968 [1] NCCL INFO transport/p2p.cc:430 Cuda Alloc Size 6291456 pointer 0x145988c00000
x3004c0s7b0n0:6956:10827 [1] NCCL INFO Channel 02/0 : 17[46000] -> 18[85000] via P2P/IPC/read
x3004c0s7b0n0:6956:10968 [1] NCCL INFO New proxy send connection 14 from local rank 1, transport 0
x3004c0s7b0n0:6956:10827 [1] NCCL INFO Connection to proxy localRank 1 -> connection 0x145998001000
x3004c0s7b0n0:6956:10968 [1] NCCL INFO transport/p2p.cc:430 Cuda Alloc Size 6291456 pointer 0x145989200000
x3004c0s7b0n0:6956:10827 [1] NCCL INFO Channel 03/0 : 17[46000] -> 18[85000] via P2P/IPC/read
x3004c0s7b0n0:6956:10968 [1] NCCL INFO New proxy send connection 15 from local rank 1, transport 0
x3004c0s7b0n0:6956:10827 [1] NCCL INFO Connection to proxy localRank 1 -> connection 0x145998001040
x3004c0s7b0n0:6956:10968 [1] NCCL INFO transport/p2p.cc:430 Cuda Alloc Size 6291456 pointer 0x145989800000
x3004c0s7b0n0:6956:10827 [1] NCCL INFO GPU Direct RDMA Disabled for GPU 46000 / HCA 1 (distance 6 > 4)
x3004c0s7b0n0:6956:10968 [1] NCCL INFO New proxy recv connection 16 from local rank 1, transport 2
x3004c0s7b0n0:6952:10829 [0] NCCL INFO GPU Direct RDMA Disabled for GPU 7000 / HCA 1 (distance 7 > 4)
x3004c0s7b0n0:6952:10967 [0] NCCL INFO Allocated 4194656 bytes of shared memory in /dev/shm/nccl-mkg1MR

x3004c0s7b0n0:6952:10967 [0] NCCL INFO New proxy recv connection 12 from local rank 0, transport 2
x3004c0s7b0n0:6961:10972 [2] NCCL INFO New proxy recv connection 12 from local rank 2, transport 0
x3004c0s7b0n0:6961:10826 [2] NCCL INFO Connection to proxy localRank 2 -> connection 0x14c06c000f80
x3004c0s7b0n0:6961:10972 [2] NCCL INFO transport/p2p.cc:449 Cuda Alloc Size 6291456 pointer 0x14c05e000000
x3004c0s7b0n0:6956:10827 [1] NCCL INFO Connection to proxy localRank 1 -> connection 0x145998001080
x3004c0s7b0n0:6952:10829 [0] NCCL INFO Connection to proxy localRank 0 -> connection 0x148128000f80
x3004c0s7b0n0:6961:10972 [2] NCCL INFO New proxy recv connection 13 from local rank 2, transport 0
x3004c0s7b0n0:6961:10826 [2] NCCL INFO Connection to proxy localRank 2 -> connection 0x14c06c000fc0
x3004c0s7b0n0:6956:10827 [1] NCCL INFO Channel 00/0 : 8[7000] -> 17[46000] [receive] via NET/IB/1
x3004c0s7b0n0:6956:10827 [1] NCCL INFO GPU Direct RDMA Disabled for GPU 46000 / HCA 0 (distance 7 > 4)
x3004c0s7b0n0:6956:10968 [1] NCCL INFO New proxy recv connection 17 from local rank 1, transport 2
x3004c0s7b0n0:6952:10829 [0] NCCL INFO Channel 02/0 : 12[7000] -> 16[7000] [receive] via NET/IB/1
x3004c0s7b0n0:6952:10829 [0] NCCL INFO GPU Direct RDMA Disabled for GPU 7000 / HCA 0 (distance 7 > 4)
x3004c0s7b0n0:6952:10967 [0] NCCL INFO New proxy recv connection 13 from local rank 0, transport 2
x3004c0s7b0n0:6961:10972 [2] NCCL INFO transport/p2p.cc:449 Cuda Alloc Size 6291456 pointer 0x14c05e600000
x3004c0s7b0n0:6952:10829 [0] NCCL INFO Connection to proxy localRank 0 -> connection 0x148128000fc0
x3004c0s7b0n0:6952:10829 [0] NCCL INFO Channel 03/0 : 12[7000] -> 16[7000] [receive] via NET/IB/0
x3004c0s7b0n0:6952:10829 [0] NCCL INFO GPU Direct RDMA Disabled for GPU 7000 / HCA 1 (distance 7 > 4)
x3004c0s7b0n0:6956:10827 [1] NCCL INFO Connection to proxy localRank 1 -> connection 0x1459980010c0
x3004c0s7b0n0:6956:10827 [1] NCCL INFO Channel 01/0 : 8[7000] -> 17[46000] [receive] via NET/IB/0
x3004c0s7b0n0:6952:10967 [0] NCCL INFO New proxy send connection 14 from local rank 0, transport 2
x3004c0s7b0n0:6961:10972 [2] NCCL INFO New proxy recv connection 14 from local rank 2, transport 0
x3004c0s7b0n0:6952:10829 [0] NCCL INFO Connection to proxy localRank 0 -> connection 0x148128001000
x3004c0s7b0n0:6952:10829 [0] NCCL INFO Channel 00/0 : 16[7000] -> 0[7000] [send] via NET/IB/1
x3004c0s7b0n0:6952:10829 [0] NCCL INFO GPU Direct RDMA Disabled for GPU 7000 / HCA 0 (distance 7 > 4)
x3004c0s7b0n0:6952:10967 [0] NCCL INFO New proxy send connection 15 from local rank 0, transport 2
x3004c0s7b0n0:6961:10826 [2] NCCL INFO Connection to proxy localRank 2 -> connection 0x14c06c001000
x3004c0s7b0n0:6961:10972 [2] NCCL INFO transport/p2p.cc:449 Cuda Alloc Size 6291456 pointer 0x14c05ec00000
x3004c0s7b0n0:6952:10829 [0] NCCL INFO Connection to proxy localRank 0 -> connection 0x148128001040
x3004c0s7b0n0:6952:10829 [0] NCCL INFO Channel 01/0 : 16[7000] -> 0[7000] [send] via NET/IB/0
x3004c0s7b0n0:6952:10967 [0] NCCL INFO transport/net_ib.cc:596 Ib Alloc Size 26560 pointer 0x148128026000
x3004c0s7b0n0:6952:10967 [0] NCCL INFO NET/IB: Dev 1 Port 1 qpn 5960 mtu 5 GID 0 (80FE/EE0100FEFF000000)
x3004c0s7b0n0:6952:10967 [0] NCCL INFO transport/net_ib.cc:653 Ib Alloc Size 552 pointer 0x14812803e000
x3004c0s7b0n0:6952:10967 [0] NCCL INFO transport/net.cc:571 Cuda Host Alloc Size 9641984 pointer 0x148123200000
x3004c0s7b0n0:6961:10972 [2] NCCL INFO New proxy recv connection 15 from local rank 2, transport 0
x3004c0s7b0n0:6961:10826 [2] NCCL INFO Connection to proxy localRank 2 -> connection 0x14c06c001040
x3004c0s7b0n0:6961:10972 [2] NCCL INFO transport/p2p.cc:449 Cuda Alloc Size 6291456 pointer 0x14c05f200000
x3004c0s7b0n0:6961:10826 [2] NCCL INFO Channel 00/0 : 18[85000] -> 17[46000] via P2P/IPC/read
x3004c0s7b0n0:6961:10972 [2] NCCL INFO New proxy send connection 16 from local rank 2, transport 0
x3004c0s7b0n0:6961:10826 [2] NCCL INFO Connection to proxy localRank 2 -> connection 0x14c06c001080
x3004c0s7b0n0:6952:10967 [0] NCCL INFO transport/net_ib.cc:596 Ib Alloc Size 26560 pointer 0x148128040000
x3004c0s7b0n0:6961:10972 [2] NCCL INFO transport/p2p.cc:430 Cuda Alloc Size 6291456 pointer 0x14c05f800000
x3004c0s7b0n0:6952:10967 [0] NCCL INFO NET/IB: Dev 0 Port 1 qpn 6895 mtu 5 GID 0 (80FE/AE0100FEFF000000)
x3004c0s7b0n0:6952:10967 [0] NCCL INFO transport/net_ib.cc:653 Ib Alloc Size 552 pointer 0x148128057000
x3004c0s7b0n0:6952:10967 [0] NCCL INFO transport/net.cc:571 Cuda Host Alloc Size 9641984 pointer 0x14811a000000
x3004c0s7b0n0:6952:10967 [0] NCCL INFO transport/net_ib.cc:683 Ib Alloc Size 21688 pointer 0x148128059000
x3004c0s7b0n0:6952:10967 [0] NCCL INFO transport/net_ib.cc:696 Ib Alloc Size 552 pointer 0x148128060000
x3004c0s7b0n0:6952:10967 [0] NCCL INFO transport/net_ib.cc:771 Ib Alloc Size 552 pointer 0x14812807c000
x3004c0s7b0n0:6952:10967 [0] NCCL INFO transport/net.cc:698 Cuda Host Alloc Size 9641984 pointer 0x14811aa00000
x3004c0s7b0n0:6961:10826 [2] NCCL INFO Channel 01/0 : 18[85000] -> 17[46000] via P2P/IPC/read
x3004c0s7b0n0:6961:10972 [2] NCCL INFO New proxy send connection 17 from local rank 2, transport 0
x3004c0s7b0n0:6961:10826 [2] NCCL INFO Connection to proxy localRank 2 -> connection 0x14c06c0010c0
x3004c0s7b0n0:6961:10972 [2] NCCL INFO transport/p2p.cc:430 Cuda Alloc Size 6291456 pointer 0x14c05c000000
x3004c0s7b0n0:6961:10826 [2] NCCL INFO Channel 02/0 : 18[85000] -> 17[46000] via P2P/IPC/read
x3004c0s7b0n0:6952:10967 [0] NCCL INFO transport/net_ib.cc:683 Ib Alloc Size 21688 pointer 0x14812807e000
x3004c0s7b0n0:6952:10967 [0] NCCL INFO transport/net_ib.cc:696 Ib Alloc Size 552 pointer 0x148128085000
x3004c0s7b0n0:6952:10967 [0] NCCL INFO transport/net_ib.cc:771 Ib Alloc Size 552 pointer 0x1481280a0000
x3004c0s7b0n0:6952:10967 [0] NCCL INFO transport/net.cc:698 Cuda Host Alloc Size 9641984 pointer 0x14811b400000
x3004c0s7b0n0:6961:10972 [2] NCCL INFO New proxy send connection 18 from local rank 2, transport 0
x3004c0s7b0n0:6952:10829 [0] NCCL INFO GPU Direct RDMA Disabled for GPU 7000 / HCA 1 (distance 7 > 4)
x3004c0s7b0n0:6952:10967 [0] NCCL INFO New proxy recv connection 16 from local rank 0, transport 2
x3004c0s7b0n0:6961:10826 [2] NCCL INFO Connection to proxy localRank 2 -> connection 0x14c06c001100
x3004c0s7b0n0:6961:10972 [2] NCCL INFO transport/p2p.cc:430 Cuda Alloc Size 6291456 pointer 0x14c05c600000
x3004c0s7b0n0:6961:10826 [2] NCCL INFO Channel 03/0 : 18[85000] -> 17[46000] via P2P/IPC/read
x3004c0s7b0n0:6961:10972 [2] NCCL INFO New proxy send connection 19 from local rank 2, transport 0
x3004c0s7b0n0:6956:10968 [1] NCCL INFO transport/net_ib.cc:683 Ib Alloc Size 21688 pointer 0x1459980be000
x3004c0s7b0n0:6956:10968 [1] NCCL INFO transport/net_ib.cc:696 Ib Alloc Size 552 pointer 0x14599801a000
x3004c0s7b0n0:6952:10829 [0] NCCL INFO Connection to proxy localRank 0 -> connection 0x148128001080
x3004c0s7b0n0:6961:10826 [2] NCCL INFO Connection to proxy localRank 2 -> connection 0x14c06c001140
x3004c0s7b0n0:6961:10972 [2] NCCL INFO transport/p2p.cc:430 Cuda Alloc Size 6291456 pointer 0x14c05cc00000
x3004c0s7b0n0:6956:10968 [1] NCCL INFO transport/net_ib.cc:771 Ib Alloc Size 552 pointer 0x1459980df000
x3004c0s7b0n0:6956:10968 [1] NCCL INFO transport/net.cc:698 Cuda Host Alloc Size 9641984 pointer 0x145985200000
x3004c0s7b0n0:6952:10829 [0] NCCL INFO Channel 00/0 : 0[7000] -> 16[7000] [receive] via NET/IB/1
x3004c0s7b0n0:6952:10829 [0] NCCL INFO GPU Direct RDMA Disabled for GPU 7000 / HCA 0 (distance 7 > 4)
x3004c0s7b0n0:6952:10967 [0] NCCL INFO New proxy recv connection 17 from local rank 0, transport 2
x3004c0s7b0n0:6956:10968 [1] NCCL INFO transport/net_ib.cc:683 Ib Alloc Size 21688 pointer 0x1459980e1000
x3004c0s7b0n0:6956:10968 [1] NCCL INFO transport/net_ib.cc:696 Ib Alloc Size 552 pointer 0x1459980e8000
x3004c0s7b0n0:6962:10828 [3] NCCL INFO Connected all trees by HAO
x3004c0s7b0n0:6962:10828 [3] NCCL INFO threadThresholds 8/8/64 | 160/8/64 | 512 | 512
x3004c0s7b0n0:6962:10828 [3] NCCL INFO 4 coll channels, 4 p2p channels, 2 p2p channels per peer
x3004c0s7b0n0:6962:10971 [3] NCCL INFO New proxy send connection 12 from local rank 3, transport 2
x3004c0s7b0n0:6956:10968 [1] NCCL INFO transport/net_ib.cc:771 Ib Alloc Size 552 pointer 0x145998103000
x3004c0s7b0n0:6956:10968 [1] NCCL INFO transport/net.cc:698 Cuda Host Alloc Size 9641984 pointer 0x145982000000
x3004c0s7b0n0:6952:10829 [0] NCCL INFO Connection to proxy localRank 0 -> connection 0x1481280010c0
x3004c0s7b0n0:6962:10828 [3] NCCL INFO Connection to proxy localRank 3 -> connection 0x14b888000f80
x3004c0s7b0n0:6962:10971 [3] NCCL INFO transport/net.cc:376 Cuda Alloc Size 8388608 pointer 0x14b885800000
x3004c0s7b0n0:6956:10827 [1] NCCL INFO GPU Direct RDMA Disabled for GPU 46000 / HCA 1 (distance 6 > 4)
x3004c0s7b0n0:6956:10968 [1] NCCL INFO New proxy send connection 18 from local rank 1, transport 2
x3004c0s7b0n0:6952:10829 [0] NCCL INFO Channel 01/0 : 0[7000] -> 16[7000] [receive] via NET/IB/0
x3004c0s7b0n0:6952:10829 [0] NCCL INFO GPU Direct RDMA Disabled for GPU 7000 / HCA 1 (distance 7 > 4)
x3004c0s7b0n0:6952:10967 [0] NCCL INFO New proxy send connection 18 from local rank 0, transport 2
x3004c0s7b0n0:6956:10827 [1] NCCL INFO Connection to proxy localRank 1 -> connection 0x145998001100
x3004c0s7b0n0:6956:10827 [1] NCCL INFO Channel 00/0 : 17[46000] -> 8[7000] [send] via NET/IB/1
x3004c0s7b0n0:6956:10827 [1] NCCL INFO GPU Direct RDMA Disabled for GPU 46000 / HCA 0 (distance 7 > 4)
x3004c0s7b0n0:6956:10968 [1] NCCL INFO New proxy send connection 19 from local rank 1, transport 2
x3004c0s7b0n0:6956:10827 [1] NCCL INFO Connection to proxy localRank 1 -> connection 0x145998001140
x3004c0s7b0n0:6956:10827 [1] NCCL INFO Channel 01/0 : 17[46000] -> 8[7000] [send] via NET/IB/0
x3004c0s7b0n0:6952:10829 [0] NCCL INFO Connection to proxy localRank 0 -> connection 0x148128001100
x3004c0s7b0n0:6952:10829 [0] NCCL INFO Channel 02/0 : 16[7000] -> 12[7000] [send] via NET/IB/1
x3004c0s7b0n0:6952:10829 [0] NCCL INFO GPU Direct RDMA Disabled for GPU 7000 / HCA 0 (distance 7 > 4)
x3004c0s7b0n0:6952:10967 [0] NCCL INFO New proxy send connection 19 from local rank 0, transport 2
x3004c0s7b0n0:6952:10829 [0] NCCL INFO Connection to proxy localRank 0 -> connection 0x148128001140
x3004c0s7b0n0:6952:10829 [0] NCCL INFO Channel 03/0 : 16[7000] -> 12[7000] [send] via NET/IB/0
x3004c0s7b0n0:6956:10968 [1] NCCL INFO transport/net_ib.cc:596 Ib Alloc Size 26560 pointer 0x14599810f000
x3004c0s7b0n0:6956:10968 [1] NCCL INFO NET/IB: Dev 1 Port 1 qpn 5965 mtu 5 GID 0 (80FE/EE0100FEFF000000)
x3004c0s7b0n0:6956:10968 [1] NCCL INFO transport/net_ib.cc:653 Ib Alloc Size 552 pointer 0x145998126000
x3004c0s7b0n0:6956:10968 [1] NCCL INFO transport/net.cc:571 Cuda Host Alloc Size 9641984 pointer 0x145982a00000
x3004c0s7b0n0:6956:10968 [1] NCCL INFO transport/net_ib.cc:596 Ib Alloc Size 26560 pointer 0x145998128000
x3004c0s7b0n0:6956:10968 [1] NCCL INFO NET/IB: Dev 0 Port 1 qpn 6900 mtu 5 GID 0 (80FE/AE0100FEFF000000)
x3004c0s7b0n0:6956:10968 [1] NCCL INFO transport/net_ib.cc:653 Ib Alloc Size 552 pointer 0x14599813f000
x3004c0s7b0n0:6956:10968 [1] NCCL INFO transport/net.cc:571 Cuda Host Alloc Size 9641984 pointer 0x145983400000
x3004c0s7b0n0:6956:10968 [1] NCCL INFO New proxy recv connection 20 from local rank 1, transport 0
x3004c0s7b0n0:6956:10827 [1] NCCL INFO Connection to proxy localRank 1 -> connection 0x145998001180
x3004c0s7b0n0:6956:10968 [1] NCCL INFO transport/p2p.cc:449 Cuda Alloc Size 6291456 pointer 0x145980000000
x3004c0s7b0n0:6956:10968 [1] NCCL INFO New proxy recv connection 21 from local rank 1, transport 0
x3004c0s7b0n0:6956:10827 [1] NCCL INFO Connection to proxy localRank 1 -> connection 0x1459980011c0
x3004c0s7b0n0:6956:10968 [1] NCCL INFO transport/p2p.cc:449 Cuda Alloc Size 6291456 pointer 0x145980600000
x3004c0s7b0n0:6956:10968 [1] NCCL INFO New proxy recv connection 22 from local rank 1, transport 0
x3004c0s7b0n0:6956:10827 [1] NCCL INFO Connection to proxy localRank 1 -> connection 0x145998001200
x3004c0s7b0n0:6956:10968 [1] NCCL INFO transport/p2p.cc:449 Cuda Alloc Size 6291456 pointer 0x145980c00000
x3004c0s7b0n0:6956:10968 [1] NCCL INFO New proxy recv connection 23 from local rank 1, transport 0
x3004c0s7b0n0:6956:10827 [1] NCCL INFO Connection to proxy localRank 1 -> connection 0x145998001240
x3004c0s7b0n0:6956:10968 [1] NCCL INFO transport/p2p.cc:449 Cuda Alloc Size 6291456 pointer 0x145981200000
x3004c0s7b0n0:6956:10827 [1] NCCL INFO Connected all trees by HAO
x3004c0s7b0n0:6956:10827 [1] NCCL INFO threadThresholds 8/8/64 | 160/8/64 | 512 | 512
x3004c0s7b0n0:6956:10827 [1] NCCL INFO 4 coll channels, 4 p2p channels, 2 p2p channels per peer
x3004c0s7b0n0:6956:10968 [1] NCCL INFO New proxy send connection 24 from local rank 1, transport 2
x3004c0s7b0n0:6961:10826 [2] NCCL INFO Connected all trees by HAO
x3004c0s7b0n0:6961:10826 [2] NCCL INFO threadThresholds 8/8/64 | 160/8/64 | 512 | 512
x3004c0s7b0n0:6961:10826 [2] NCCL INFO 4 coll channels, 4 p2p channels, 2 p2p channels per peer
x3004c0s7b0n0:6961:10972 [2] NCCL INFO Allocated 4194656 bytes of shared memory in /dev/shm/nccl-AeXNPw

x3004c0s7b0n0:6961:10972 [2] NCCL INFO New proxy send connection 20 from local rank 2, transport 2
x3004c0s7b0n0:6961:10826 [2] NCCL INFO Connection to proxy localRank 2 -> connection 0x14c06c001180
x3004c0s7b0n0:6961:10972 [2] NCCL INFO transport/net.cc:376 Cuda Alloc Size 8388608 pointer 0x14c058600000
x3004c0s7b0n0:6956:10827 [1] NCCL INFO Connection to proxy localRank 1 -> connection 0x145998001280
x3004c0s7b0n0:6956:10968 [1] NCCL INFO transport/net.cc:376 Cuda Alloc Size 8388608 pointer 0x14597f200000
x3004c0s7b0n0:6952:10967 [0] NCCL INFO transport/net_ib.cc:596 Ib Alloc Size 26560 pointer 0x1481280b6000
x3004c0s7b0n0:6952:10967 [0] NCCL INFO NET/IB: Dev 1 Port 1 qpn 5966 mtu 5 GID 0 (80FE/EE0100FEFF000000)
x3004c0s7b0n0:6952:10967 [0] NCCL INFO transport/net_ib.cc:653 Ib Alloc Size 552 pointer 0x1481280cd000
x3004c0s7b0n0:6952:10967 [0] NCCL INFO transport/net.cc:571 Cuda Host Alloc Size 9641984 pointer 0x148118000000
x3004c0s7b0n0:6952:10967 [0] NCCL INFO transport/net_ib.cc:596 Ib Alloc Size 26560 pointer 0x1481280cf000
x3004c0s7b0n0:6952:10967 [0] NCCL INFO NET/IB: Dev 0 Port 1 qpn 6901 mtu 5 GID 0 (80FE/AE0100FEFF000000)
x3004c0s7b0n0:6952:10967 [0] NCCL INFO transport/net_ib.cc:653 Ib Alloc Size 552 pointer 0x1481280e6000
x3004c0s7b0n0:6952:10967 [0] NCCL INFO transport/net.cc:571 Cuda Host Alloc Size 9641984 pointer 0x148118a00000
x3004c0s7b0n0:6952:10967 [0] NCCL INFO transport/net_ib.cc:683 Ib Alloc Size 21688 pointer 0x1481280e8000
x3004c0s7b0n0:6952:10967 [0] NCCL INFO transport/net_ib.cc:696 Ib Alloc Size 552 pointer 0x1481280ef000
