x3004c0s1b1n0:47470:48565 [3] NCCL INFO Channel 03/0 : 7[c7000] -> 9[46000] [send] via NET/IB/0
x3004c0s1b1n0:47470:48749 [3] NCCL INFO transport/net_ib.cc:596 Ib Alloc Size 26560 pointer 0x147b98020000
x3004c0s1b1n0:47468:48746 [1] NCCL INFO transport/net_ib.cc:683 Ib Alloc Size 21688 pointer 0x15134409f000
x3004c0s1b1n0:47468:48746 [1] NCCL INFO transport/net_ib.cc:696 Ib Alloc Size 552 pointer 0x1513440a6000
x3004c0s1b1n0:47470:48749 [3] NCCL INFO NET/IB: Dev 1 Port 1 qpn 12320 mtu 5 GID 0 (80FE/EF0100FEFF000000)
x3004c0s1b1n0:47470:48749 [3] NCCL INFO transport/net_ib.cc:653 Ib Alloc Size 552 pointer 0x147b98042000
x3004c0s1b1n0:47470:48749 [3] NCCL INFO transport/net.cc:571 Cuda Host Alloc Size 9641984 pointer 0x147b90c00000
x3004c0s1b1n0:47470:48749 [3] NCCL INFO Mem Realloc old size 0, new size 768 pointer 0x147b9802f0a0
x3004c0s1b1n0:47469:48563 [2] NCCL INFO Connection to proxy localRank 2 -> connection 0x14c7f4000e00
x3004c0s1b1n0:47469:48747 [2] NCCL INFO transport/p2p.cc:449 Cuda Alloc Size 6291456 pointer 0x14c7f3800000
x3004c0s1b1n0:47470:48749 [3] NCCL INFO transport/net_ib.cc:596 Ib Alloc Size 26560 pointer 0x147b98044000
x3004c0s1b1n0:47468:48746 [1] NCCL INFO transport/net_ib.cc:771 Ib Alloc Size 552 pointer 0x1513440c1000
x3004c0s1b1n0:47468:48746 [1] NCCL INFO transport/net.cc:698 Cuda Host Alloc Size 9641984 pointer 0x151340000000
x3004c0s1b1n0:47470:48749 [3] NCCL INFO NET/IB: Dev 0 Port 1 qpn 12264 mtu 5 GID 0 (80FE/AA0100FEFF000000)
x3004c0s1b1n0:47470:48749 [3] NCCL INFO transport/net_ib.cc:653 Ib Alloc Size 552 pointer 0x147b98065000
x3004c0s1b1n0:47470:48749 [3] NCCL INFO transport/net.cc:571 Cuda Host Alloc Size 9641984 pointer 0x147b91600000
x3004c0s1b1n0:47470:48749 [3] NCCL INFO Mem Realloc old size 0, new size 768 pointer 0x147b980521f0
x3004c0s1b1n0:47468:48560 [1] NCCL INFO Channel 00/0 : 5[46000] -> 4[7000] via P2P/IPC/read
x3004c0s1b1n0:47468:48746 [1] NCCL INFO New proxy send connection 4 from local rank 1, transport 0
x3004c0s1b1n0:47470:48749 [3] NCCL INFO transport/net_ib.cc:596 Ib Alloc Size 26560 pointer 0x147b98067000
x3004c0s1b1n0:47469:48747 [2] NCCL INFO New proxy recv connection 7 from local rank 2, transport 0
x3004c0s1b1n0:47468:48560 [1] NCCL INFO Connection to proxy localRank 1 -> connection 0x151344000d80
x3004c0s1b1n0:47470:48749 [3] NCCL INFO NET/IB: Dev 1 Port 1 qpn 12321 mtu 5 GID 0 (80FE/EF0100FEFF000000)
x3004c0s1b1n0:47470:48749 [3] NCCL INFO transport/net_ib.cc:653 Ib Alloc Size 552 pointer 0x147b9807e000
x3004c0s1b1n0:47470:48749 [3] NCCL INFO transport/net.cc:571 Cuda Host Alloc Size 9641984 pointer 0x147b8e000000
x3004c0s1b1n0:47468:48746 [1] NCCL INFO transport/p2p.cc:430 Cuda Alloc Size 6291456 pointer 0x151340a00000
x3004c0s1b1n0:47470:48749 [3] NCCL INFO transport/net_ib.cc:596 Ib Alloc Size 26560 pointer 0x147b98080000
x3004c0s1b1n0:47469:48563 [2] NCCL INFO Connection to proxy localRank 2 -> connection 0x14c7f4000e40
x3004c0s1b1n0:47469:48747 [2] NCCL INFO transport/p2p.cc:449 Cuda Alloc Size 6291456 pointer 0x14c7f0000000
x3004c0s1b1n0:47468:48560 [1] NCCL INFO Channel 01/0 : 5[46000] -> 4[7000] via P2P/IPC/read
x3004c0s1b1n0:47470:48749 [3] NCCL INFO NET/IB: Dev 0 Port 1 qpn 12265 mtu 5 GID 0 (80FE/AA0100FEFF000000)
x3004c0s1b1n0:47470:48749 [3] NCCL INFO transport/net_ib.cc:653 Ib Alloc Size 552 pointer 0x147b98097000
x3004c0s1b1n0:47470:48749 [3] NCCL INFO transport/net.cc:571 Cuda Host Alloc Size 9641984 pointer 0x147b8ea00000
x3004c0s1b1n0:47468:48746 [1] NCCL INFO New proxy send connection 5 from local rank 1, transport 0
x3004c0s1b1n0:47469:48563 [2] NCCL INFO Connected all rings
x3004c0s1b1n0:47469:48747 [2] NCCL INFO New proxy recv connection 8 from local rank 2, transport 0
x3004c0s1b1n0:47469:48563 [2] NCCL INFO Connection to proxy localRank 2 -> connection 0x14c7f4000e80
x3004c0s1b1n0:47467:48737 [0] NCCL INFO New proxy recv connection 4 from local rank 0, transport 0
x3004c0s1b1n0:47470:48565 [3] NCCL INFO Connected all rings
x3004c0s1b1n0:47470:48565 [3] NCCL INFO Channel 00/0 : 7[c7000] -> 6[85000] via P2P/IPC/read
x3004c0s1b1n0:47470:48749 [3] NCCL INFO New proxy send connection 8 from local rank 3, transport 0
x3004c0s1b1n0:47469:48747 [2] NCCL INFO transport/p2p.cc:449 Cuda Alloc Size 6291456 pointer 0x14c7ee000000
x3004c0s1b1n0:47468:48560 [1] NCCL INFO Connection to proxy localRank 1 -> connection 0x151344000dc0
x3004c0s1b1n0:47468:48746 [1] NCCL INFO transport/p2p.cc:430 Cuda Alloc Size 6291456 pointer 0x151341000000
x3004c0s1b1n0:47469:48747 [2] NCCL INFO New proxy recv connection 9 from local rank 2, transport 0
x3004c0s1b1n0:47467:48562 [0] NCCL INFO Connection to proxy localRank 0 -> connection 0x1503d0000d80
x3004c0s1b1n0:47467:48737 [0] NCCL INFO transport/p2p.cc:449 Cuda Alloc Size 6291456 pointer 0x1503cec00000
x3004c0s1b1n0:47470:48565 [3] NCCL INFO Connection to proxy localRank 3 -> connection 0x147b98000e80
x3004c0s1b1n0:47470:48749 [3] NCCL INFO transport/p2p.cc:430 Cuda Alloc Size 6291456 pointer 0x147b8f400000
x3004c0s1b1n0:47468:48560 [1] NCCL INFO Channel 02/0 : 5[46000] -> 4[7000] via P2P/IPC/read
x3004c0s1b1n0:47468:48746 [1] NCCL INFO New proxy send connection 6 from local rank 1, transport 0
x3004c0s1b1n0:47469:48563 [2] NCCL INFO Connection to proxy localRank 2 -> connection 0x14c7f4000ec0
x3004c0s1b1n0:47469:48747 [2] NCCL INFO transport/p2p.cc:449 Cuda Alloc Size 6291456 pointer 0x14c7ee600000
x3004c0s1b1n0:47467:48737 [0] NCCL INFO New proxy recv connection 5 from local rank 0, transport 0
x3004c0s1b1n0:47467:48562 [0] NCCL INFO Connection to proxy localRank 0 -> connection 0x1503d0000dc0
x3004c0s1b1n0:47470:48565 [3] NCCL INFO Channel 01/0 : 7[c7000] -> 6[85000] via P2P/IPC/read
x3004c0s1b1n0:47470:48749 [3] NCCL INFO New proxy send connection 9 from local rank 3, transport 0
x3004c0s1b1n0:47468:48560 [1] NCCL INFO Connection to proxy localRank 1 -> connection 0x151344000e00
x3004c0s1b1n0:47469:48747 [2] NCCL INFO New proxy recv connection 10 from local rank 2, transport 0
x3004c0s1b1n0:47467:48737 [0] NCCL INFO transport/p2p.cc:449 Cuda Alloc Size 6291456 pointer 0x1503cf200000
x3004c0s1b1n0:47470:48565 [3] NCCL INFO Connection to proxy localRank 3 -> connection 0x147b98000ec0
x3004c0s1b1n0:47470:48749 [3] NCCL INFO transport/p2p.cc:430 Cuda Alloc Size 6291456 pointer 0x147b8fa00000
x3004c0s1b1n0:47467:48737 [0] NCCL INFO New proxy recv connection 6 from local rank 0, transport 0
x3004c0s1b1n0:47467:48562 [0] NCCL INFO Connection to proxy localRank 0 -> connection 0x1503d0000e00
x3004c0s1b1n0:47467:48737 [0] NCCL INFO transport/p2p.cc:449 Cuda Alloc Size 6291456 pointer 0x1503cf800000
x3004c0s1b1n0:47468:48746 [1] NCCL INFO transport/p2p.cc:430 Cuda Alloc Size 6291456 pointer 0x151341600000
x3004c0s1b1n0:47468:48560 [1] NCCL INFO Channel 03/0 : 5[46000] -> 4[7000] via P2P/IPC/read
x3004c0s1b1n0:47468:48746 [1] NCCL INFO New proxy send connection 7 from local rank 1, transport 0
x3004c0s1b1n0:47469:48563 [2] NCCL INFO Connection to proxy localRank 2 -> connection 0x14c7f4000f00
x3004c0s1b1n0:47469:48747 [2] NCCL INFO transport/p2p.cc:449 Cuda Alloc Size 6291456 pointer 0x14c7eec00000
x3004c0s1b1n0:47467:48737 [0] NCCL INFO New proxy recv connection 7 from local rank 0, transport 0
x3004c0s1b1n0:47470:48565 [3] NCCL INFO Channel 02/0 : 7[c7000] -> 6[85000] via P2P/IPC/read
x3004c0s1b1n0:47470:48749 [3] NCCL INFO New proxy send connection 10 from local rank 3, transport 0
x3004c0s1b1n0:47469:48747 [2] NCCL INFO New proxy recv connection 11 from local rank 2, transport 0
x3004c0s1b1n0:47468:48560 [1] NCCL INFO Connection to proxy localRank 1 -> connection 0x151344000e40
x3004c0s1b1n0:47468:48746 [1] NCCL INFO transport/p2p.cc:430 Cuda Alloc Size 6291456 pointer 0x151351a00000
x3004c0s1b1n0:47467:48562 [0] NCCL INFO Connection to proxy localRank 0 -> connection 0x1503d0000e40
x3004c0s1b1n0:47467:48737 [0] NCCL INFO transport/p2p.cc:449 Cuda Alloc Size 6291456 pointer 0x1503cc000000
x3004c0s1b1n0:47470:48565 [3] NCCL INFO Connection to proxy localRank 3 -> connection 0x147b98000f00
x3004c0s1b1n0:47470:48749 [3] NCCL INFO transport/p2p.cc:430 Cuda Alloc Size 6291456 pointer 0x147b86000000
x3004c0s1b1n0:47469:48563 [2] NCCL INFO Connection to proxy localRank 2 -> connection 0x14c7f4000f40
x3004c0s1b1n0:47469:48747 [2] NCCL INFO transport/p2p.cc:449 Cuda Alloc Size 6291456 pointer 0x14c7ef200000
x3004c0s1b1n0:47468:48560 [1] NCCL INFO Connected all rings
x3004c0s1b1n0:47468:48746 [1] NCCL INFO New proxy recv connection 8 from local rank 1, transport 0
x3004c0s1b1n0:47467:48562 [0] NCCL INFO Connected all rings
x3004c0s1b1n0:47467:48562 [0] NCCL INFO Channel 00/0 : 4[7000] -> 5[46000] via P2P/IPC/read
x3004c0s1b1n0:47470:48565 [3] NCCL INFO Channel 03/0 : 7[c7000] -> 6[85000] via P2P/IPC/read
x3004c0s1b1n0:47470:48749 [3] NCCL INFO New proxy send connection 11 from local rank 3, transport 0
x3004c0s1b1n0:47467:48737 [0] NCCL INFO New proxy send connection 8 from local rank 0, transport 0
x3004c0s1b1n0:47468:48560 [1] NCCL INFO Connection to proxy localRank 1 -> connection 0x151344000e80
x3004c0s1b1n0:47468:48746 [1] NCCL INFO transport/p2p.cc:449 Cuda Alloc Size 6291456 pointer 0x15133f800000
x3004c0s1b1n0:47467:48562 [0] NCCL INFO Connection to proxy localRank 0 -> connection 0x1503d0000e80
x3004c0s1b1n0:47467:48737 [0] NCCL INFO transport/p2p.cc:430 Cuda Alloc Size 6291456 pointer 0x1503ca000000
x3004c0s1b1n0:47470:48565 [3] NCCL INFO Connection to proxy localRank 3 -> connection 0x147b98000f40
x3004c0s1b1n0:47470:48749 [3] NCCL INFO transport/p2p.cc:430 Cuda Alloc Size 6291456 pointer 0x147b86600000
x3004c0s1b1n0:47468:48746 [1] NCCL INFO New proxy recv connection 9 from local rank 1, transport 0
x3004c0s1b1n0:47467:48562 [0] NCCL INFO Channel 01/0 : 4[7000] -> 5[46000] via P2P/IPC/read
x3004c0s1b1n0:47467:48737 [0] NCCL INFO New proxy send connection 9 from local rank 0, transport 0
x3004c0s1b1n0:47468:48560 [1] NCCL INFO Connection to proxy localRank 1 -> connection 0x151344000ec0
x3004c0s1b1n0:47468:48746 [1] NCCL INFO transport/p2p.cc:449 Cuda Alloc Size 6291456 pointer 0x15133c000000
x3004c0s1b1n0:47468:48746 [1] NCCL INFO New proxy recv connection 10 from local rank 1, transport 0
x3004c0s1b1n0:47467:48562 [0] NCCL INFO Connection to proxy localRank 0 -> connection 0x1503d0000ec0
x3004c0s1b1n0:47467:48737 [0] NCCL INFO transport/p2p.cc:430 Cuda Alloc Size 6291456 pointer 0x1503ca600000
x3004c0s1b1n0:47467:48562 [0] NCCL INFO Channel 02/0 : 4[7000] -> 5[46000] via P2P/IPC/read
x3004c0s1b1n0:47467:48737 [0] NCCL INFO New proxy send connection 10 from local rank 0, transport 0
x3004c0s1b1n0:47467:48562 [0] NCCL INFO Connection to proxy localRank 0 -> connection 0x1503d0000f00
x3004c0s1b1n0:47467:48737 [0] NCCL INFO transport/p2p.cc:430 Cuda Alloc Size 6291456 pointer 0x1503cac00000
x3004c0s1b1n0:47468:48560 [1] NCCL INFO Connection to proxy localRank 1 -> connection 0x151344000f00
x3004c0s1b1n0:47468:48746 [1] NCCL INFO transport/p2p.cc:449 Cuda Alloc Size 6291456 pointer 0x15133c600000
x3004c0s1b1n0:47467:48562 [0] NCCL INFO Channel 03/0 : 4[7000] -> 5[46000] via P2P/IPC/read
x3004c0s1b1n0:47467:48737 [0] NCCL INFO New proxy send connection 11 from local rank 0, transport 0
x3004c0s1b1n0:47468:48746 [1] NCCL INFO New proxy recv connection 11 from local rank 1, transport 0
x3004c0s1b1n0:47467:48562 [0] NCCL INFO Connection to proxy localRank 0 -> connection 0x1503d0000f40
x3004c0s1b1n0:47467:48737 [0] NCCL INFO transport/p2p.cc:430 Cuda Alloc Size 6291456 pointer 0x1503cb200000
x3004c0s1b1n0:47468:48560 [1] NCCL INFO Connection to proxy localRank 1 -> connection 0x151344000f40
x3004c0s1b1n0:47468:48746 [1] NCCL INFO transport/p2p.cc:449 Cuda Alloc Size 6291456 pointer 0x15133cc00000
x3004c0s1b1n0:47468:48560 [1] NCCL INFO Channel 00/0 : 5[46000] -> 6[85000] via P2P/IPC/read
x3004c0s1b1n0:47468:48746 [1] NCCL INFO New proxy send connection 12 from local rank 1, transport 0
x3004c0s1b1n0:47468:48560 [1] NCCL INFO Connection to proxy localRank 1 -> connection 0x151344000f80
x3004c0s1b1n0:47468:48746 [1] NCCL INFO transport/p2p.cc:430 Cuda Alloc Size 6291456 pointer 0x15133d200000
x3004c0s1b1n0:47468:48560 [1] NCCL INFO Channel 01/0 : 5[46000] -> 6[85000] via P2P/IPC/read
x3004c0s1b1n0:47468:48746 [1] NCCL INFO New proxy send connection 13 from local rank 1, transport 0
x3004c0s1b1n0:47468:48560 [1] NCCL INFO Connection to proxy localRank 1 -> connection 0x151344000fc0
x3004c0s1b1n0:47468:48746 [1] NCCL INFO transport/p2p.cc:430 Cuda Alloc Size 6291456 pointer 0x15133d800000
x3004c0s1b1n0:47468:48560 [1] NCCL INFO Channel 02/0 : 5[46000] -> 6[85000] via P2P/IPC/read
x3004c0s1b1n0:47468:48746 [1] NCCL INFO New proxy send connection 14 from local rank 1, transport 0
x3004c0s1b1n0:47468:48560 [1] NCCL INFO Connection to proxy localRank 1 -> connection 0x151344001000
x3004c0s1b1n0:47468:48746 [1] NCCL INFO transport/p2p.cc:430 Cuda Alloc Size 6291456 pointer 0x15133a000000
x3004c0s1b1n0:47468:48560 [1] NCCL INFO Channel 03/0 : 5[46000] -> 6[85000] via P2P/IPC/read
x3004c0s1b1n0:47468:48746 [1] NCCL INFO New proxy send connection 15 from local rank 1, transport 0
x3004c0s1b1n0:47468:48560 [1] NCCL INFO Connection to proxy localRank 1 -> connection 0x151344001040
x3004c0s1b1n0:47468:48746 [1] NCCL INFO transport/p2p.cc:430 Cuda Alloc Size 6291456 pointer 0x15133a600000
x3004c0s1b1n0:47468:48746 [1] NCCL INFO New proxy recv connection 16 from local rank 1, transport 0
x3004c0s1b1n0:47467:48562 [0] NCCL INFO GPU Direct RDMA Disabled for GPU 7000 / HCA 1 (distance 7 > 4)
x3004c0s1b1n0:47467:48737 [0] NCCL INFO Allocated 4194656 bytes of shared memory in /dev/shm/nccl-Q7xQip

x3004c0s1b1n0:47467:48737 [0] NCCL INFO New proxy recv connection 12 from local rank 0, transport 2
x3004c0s1b1n0:47469:48747 [2] NCCL INFO New proxy recv connection 12 from local rank 2, transport 0
x3004c0s1b1n0:47469:48563 [2] NCCL INFO Connection to proxy localRank 2 -> connection 0x14c7f4000f80
x3004c0s1b1n0:47469:48747 [2] NCCL INFO transport/p2p.cc:449 Cuda Alloc Size 6291456 pointer 0x14c7ed200000
x3004c0s1b1n0:47467:48562 [0] NCCL INFO Connection to proxy localRank 0 -> connection 0x1503d0000f80
x3004c0s1b1n0:47468:48560 [1] NCCL INFO Connection to proxy localRank 1 -> connection 0x151344001080
x3004c0s1b1n0:47468:48746 [1] NCCL INFO transport/p2p.cc:449 Cuda Alloc Size 6291456 pointer 0x151336000000
x3004c0s1b1n0:47467:48562 [0] NCCL INFO Channel 02/0 : 0[7000] -> 4[7000] [receive] via NET/IB/1
x3004c0s1b1n0:47467:48562 [0] NCCL INFO GPU Direct RDMA Disabled for GPU 7000 / HCA 0 (distance 7 > 4)
x3004c0s1b1n0:47467:48737 [0] NCCL INFO New proxy recv connection 13 from local rank 0, transport 2
x3004c0s1b1n0:47469:48747 [2] NCCL INFO New proxy recv connection 13 from local rank 2, transport 0
x3004c0s1b1n0:47469:48563 [2] NCCL INFO Connection to proxy localRank 2 -> connection 0x14c7f4000fc0
x3004c0s1b1n0:47469:48747 [2] NCCL INFO transport/p2p.cc:449 Cuda Alloc Size 6291456 pointer 0x14c7ed800000
x3004c0s1b1n0:47467:48562 [0] NCCL INFO Connection to proxy localRank 0 -> connection 0x1503d0000fc0
x3004c0s1b1n0:47468:48746 [1] NCCL INFO New proxy recv connection 17 from local rank 1, transport 0
x3004c0s1b1n0:47469:48747 [2] NCCL INFO New proxy recv connection 14 from local rank 2, transport 0
x3004c0s1b1n0:47467:48562 [0] NCCL INFO Channel 03/0 : 0[7000] -> 4[7000] [receive] via NET/IB/0
x3004c0s1b1n0:47468:48560 [1] NCCL INFO Connection to proxy localRank 1 -> connection 0x1513440010c0
x3004c0s1b1n0:47468:48746 [1] NCCL INFO transport/p2p.cc:449 Cuda Alloc Size 6291456 pointer 0x151336600000
x3004c0s1b1n0:47469:48563 [2] NCCL INFO Connection to proxy localRank 2 -> connection 0x14c7f4001000
x3004c0s1b1n0:47469:48747 [2] NCCL INFO transport/p2p.cc:449 Cuda Alloc Size 6291456 pointer 0x14c7ea000000
x3004c0s1b1n0:47467:48737 [0] NCCL INFO transport/net_ib.cc:683 Ib Alloc Size 21688 pointer 0x1503d001c000
x3004c0s1b1n0:47468:48746 [1] NCCL INFO New proxy recv connection 18 from local rank 1, transport 0
x3004c0s1b1n0:47468:48560 [1] NCCL INFO Connection to proxy localRank 1 -> connection 0x151344001100
x3004c0s1b1n0:47469:48747 [2] NCCL INFO New proxy recv connection 15 from local rank 2, transport 0
x3004c0s1b1n0:47468:48746 [1] NCCL INFO transport/p2p.cc:449 Cuda Alloc Size 6291456 pointer 0x151336c00000
x3004c0s1b1n0:47469:48563 [2] NCCL INFO Connection to proxy localRank 2 -> connection 0x14c7f4001040
x3004c0s1b1n0:47469:48747 [2] NCCL INFO transport/p2p.cc:449 Cuda Alloc Size 6291456 pointer 0x14c7ea600000
x3004c0s1b1n0:47468:48746 [1] NCCL INFO New proxy recv connection 19 from local rank 1, transport 0
x3004c0s1b1n0:47468:48560 [1] NCCL INFO Connection to proxy localRank 1 -> connection 0x151344001140
x3004c0s1b1n0:47468:48746 [1] NCCL INFO transport/p2p.cc:449 Cuda Alloc Size 6291456 pointer 0x151337200000
x3004c0s1b1n0:47469:48563 [2] NCCL INFO Channel 00/0 : 6[85000] -> 5[46000] via P2P/IPC/read
x3004c0s1b1n0:47469:48747 [2] NCCL INFO New proxy send connection 16 from local rank 2, transport 0
x3004c0s1b1n0:47467:48737 [0] NCCL INFO transport/net_ib.cc:696 Ib Alloc Size 552 pointer 0x1503d0023000
x3004c0s1b1n0:47469:48563 [2] NCCL INFO Connection to proxy localRank 2 -> connection 0x14c7f4001080
x3004c0s1b1n0:47469:48747 [2] NCCL INFO transport/p2p.cc:430 Cuda Alloc Size 6291456 pointer 0x14c7eac00000
x3004c0s1b1n0:47467:48737 [0] NCCL INFO transport/net_ib.cc:771 Ib Alloc Size 552 pointer 0x1503d004a000
x3004c0s1b1n0:47467:48737 [0] NCCL INFO transport/net.cc:698 Cuda Host Alloc Size 9641984 pointer 0x1503c9200000
x3004c0s1b1n0:47467:48737 [0] NCCL INFO Mem Realloc old size 0, new size 768 pointer 0x1503d001bbd0
x3004c0s1b1n0:47467:48737 [0] NCCL INFO transport/net_ib.cc:683 Ib Alloc Size 21688 pointer 0x1503d004c000
x3004c0s1b1n0:47467:48737 [0] NCCL INFO transport/net_ib.cc:696 Ib Alloc Size 552 pointer 0x1503d0053000
x3004c0s1b1n0:47469:48563 [2] NCCL INFO Channel 01/0 : 6[85000] -> 5[46000] via P2P/IPC/read
x3004c0s1b1n0:47469:48747 [2] NCCL INFO New proxy send connection 17 from local rank 2, transport 0
x3004c0s1b1n0:47467:48737 [0] NCCL INFO transport/net_ib.cc:771 Ib Alloc Size 552 pointer 0x1503d0078000
x3004c0s1b1n0:47467:48737 [0] NCCL INFO transport/net.cc:698 Cuda Host Alloc Size 9641984 pointer 0x1503c2000000
x3004c0s1b1n0:47467:48737 [0] NCCL INFO Mem Realloc old size 0, new size 768 pointer 0x1503d006d460
x3004c0s1b1n0:47467:48562 [0] NCCL INFO GPU Direct RDMA Disabled for GPU 7000 / HCA 1 (distance 7 > 4)
x3004c0s1b1n0:47467:48737 [0] NCCL INFO New proxy send connection 14 from local rank 0, transport 2
x3004c0s1b1n0:47469:48563 [2] NCCL INFO Connection to proxy localRank 2 -> connection 0x14c7f40010c0
x3004c0s1b1n0:47469:48747 [2] NCCL INFO transport/p2p.cc:430 Cuda Alloc Size 6291456 pointer 0x14c7eb200000
x3004c0s1b1n0:47467:48562 [0] NCCL INFO Connection to proxy localRank 0 -> connection 0x1503d0001000
x3004c0s1b1n0:47467:48562 [0] NCCL INFO Channel 00/0 : 4[7000] -> 9[46000] [send] via NET/IB/1
x3004c0s1b1n0:47467:48562 [0] NCCL INFO GPU Direct RDMA Disabled for GPU 7000 / HCA 0 (distance 7 > 4)
x3004c0s1b1n0:47467:48737 [0] NCCL INFO New proxy send connection 15 from local rank 0, transport 2
x3004c0s1b1n0:47469:48563 [2] NCCL INFO Channel 02/0 : 6[85000] -> 5[46000] via P2P/IPC/read
x3004c0s1b1n0:47469:48747 [2] NCCL INFO New proxy send connection 18 from local rank 2, transport 0
x3004c0s1b1n0:47467:48562 [0] NCCL INFO Connection to proxy localRank 0 -> connection 0x1503d0001040
x3004c0s1b1n0:47467:48562 [0] NCCL INFO Channel 01/0 : 4[7000] -> 9[46000] [send] via NET/IB/0
x3004c0s1b1n0:47467:48737 [0] NCCL INFO transport/net_ib.cc:596 Ib Alloc Size 26560 pointer 0x1503d0082000
x3004c0s1b1n0:47469:48563 [2] NCCL INFO Connection to proxy localRank 2 -> connection 0x14c7f4001100
x3004c0s1b1n0:47469:48747 [2] NCCL INFO transport/p2p.cc:430 Cuda Alloc Size 6291456 pointer 0x14c7eb800000
x3004c0s1b1n0:47467:48737 [0] NCCL INFO NET/IB: Dev 1 Port 1 qpn 12324 mtu 5 GID 0 (80FE/EF0100FEFF000000)
x3004c0s1b1n0:47467:48737 [0] NCCL INFO transport/net_ib.cc:653 Ib Alloc Size 552 pointer 0x1503d0099000
x3004c0s1b1n0:47467:48737 [0] NCCL INFO transport/net.cc:571 Cuda Host Alloc Size 9641984 pointer 0x1503c2a00000
x3004c0s1b1n0:47467:48737 [0] NCCL INFO transport/net_ib.cc:596 Ib Alloc Size 26560 pointer 0x1503d009b000
x3004c0s1b1n0:47467:48737 [0] NCCL INFO NET/IB: Dev 0 Port 1 qpn 12268 mtu 5 GID 0 (80FE/AA0100FEFF000000)
x3004c0s1b1n0:47467:48737 [0] NCCL INFO transport/net_ib.cc:653 Ib Alloc Size 552 pointer 0x1503d00b2000
x3004c0s1b1n0:47467:48737 [0] NCCL INFO transport/net.cc:571 Cuda Host Alloc Size 9641984 pointer 0x1503c3400000
x3004c0s1b1n0:47469:48563 [2] NCCL INFO Channel 03/0 : 6[85000] -> 5[46000] via P2P/IPC/read
x3004c0s1b1n0:47469:48747 [2] NCCL INFO New proxy send connection 19 from local rank 2, transport 0
x3004c0s1b1n0:47467:48562 [0] NCCL INFO GPU Direct RDMA Disabled for GPU 7000 / HCA 1 (distance 7 > 4)
x3004c0s1b1n0:47467:48737 [0] NCCL INFO New proxy recv connection 16 from local rank 0, transport 2
x3004c0s1b1n0:47469:48563 [2] NCCL INFO Connection to proxy localRank 2 -> connection 0x14c7f4001140
x3004c0s1b1n0:47469:48747 [2] NCCL INFO transport/p2p.cc:430 Cuda Alloc Size 6291456 pointer 0x14c7e8000000
x3004c0s1b1n0:47467:48562 [0] NCCL INFO Connection to proxy localRank 0 -> connection 0x1503d0001080
x3004c0s1b1n0:47469:48563 [2] NCCL INFO Connected all trees by HAO
x3004c0s1b1n0:47469:48563 [2] NCCL INFO threadThresholds 8/8/64 | 160/8/64 | 512 | 512
x3004c0s1b1n0:47469:48563 [2] NCCL INFO 4 coll channels, 4 p2p channels, 2 p2p channels per peer
x3004c0s1b1n0:47470:48565 [3] NCCL INFO Connected all trees by HAO
x3004c0s1b1n0:47470:48565 [3] NCCL INFO threadThresholds 8/8/64 | 160/8/64 | 512 | 512
x3004c0s1b1n0:47470:48565 [3] NCCL INFO 4 coll channels, 4 p2p channels, 2 p2p channels per peer
x3004c0s1b1n0:47470:48749 [3] NCCL INFO New proxy send connection 12 from local rank 3, transport 2
x3004c0s1b1n0:47469:48747 [2] NCCL INFO Allocated 4194656 bytes of shared memory in /dev/shm/nccl-RzGuaC

x3004c0s1b1n0:47469:48747 [2] NCCL INFO New proxy send connection 20 from local rank 2, transport 2
x3004c0s1b1n0:47468:48560 [1] NCCL INFO Connected all trees by HAO
x3004c0s1b1n0:47468:48560 [1] NCCL INFO threadThresholds 8/8/64 | 160/8/64 | 512 | 512
x3004c0s1b1n0:47468:48560 [1] NCCL INFO 4 coll channels, 4 p2p channels, 2 p2p channels per peer
x3004c0s1b1n0:47468:48746 [1] NCCL INFO New proxy send connection 20 from local rank 1, transport 2
x3004c0s1b1n0:47468:48560 [1] NCCL INFO Connection to proxy localRank 1 -> connection 0x151344001180
x3004c0s1b1n0:47470:48565 [3] NCCL INFO Connection to proxy localRank 3 -> connection 0x147b98000f80
x3004c0s1b1n0:47470:48749 [3] NCCL INFO transport/net.cc:376 Cuda Alloc Size 8388608 pointer 0x147b84600000
x3004c0s1b1n0:47469:48563 [2] NCCL INFO Connection to proxy localRank 2 -> connection 0x14c7f4001180
x3004c0s1b1n0:47469:48747 [2] NCCL INFO transport/net.cc:376 Cuda Alloc Size 8388608 pointer 0x14c7e7800000
x3004c0s1b1n0:47467:48562 [0] NCCL INFO Channel 00/0 : 9[46000] -> 4[7000] [receive] via NET/IB/1
x3004c0s1b1n0:47467:48562 [0] NCCL INFO GPU Direct RDMA Disabled for GPU 7000 / HCA 0 (distance 7 > 4)
x3004c0s1b1n0:47467:48737 [0] NCCL INFO New proxy recv connection 17 from local rank 0, transport 2
x3004c0s1b1n0:47468:48746 [1] NCCL INFO transport/net.cc:376 Cuda Alloc Size 8388608 pointer 0x151335200000
x3004c0s1b1n0:47467:48562 [0] NCCL INFO Connection to proxy localRank 0 -> connection 0x1503d00010c0
x3004c0s1b1n0:47467:48562 [0] NCCL INFO Channel 01/0 : 9[46000] -> 4[7000] [receive] via NET/IB/0
x3004c0s1b1n0:47467:48737 [0] NCCL INFO transport/net_ib.cc:683 Ib Alloc Size 21688 pointer 0x1503d00be000
x3004c0s1b1n0:47467:48737 [0] NCCL INFO transport/net_ib.cc:696 Ib Alloc Size 552 pointer 0x1503d00c5000
x3004c0s1b1n0:47467:48737 [0] NCCL INFO transport/net_ib.cc:771 Ib Alloc Size 552 pointer 0x1503d00e1000
x3004c0s1b1n0:47467:48737 [0] NCCL INFO transport/net.cc:698 Cuda Host Alloc Size 9641984 pointer 0x1503c0000000
x3004c0s1b1n0:47467:48737 [0] NCCL INFO transport/net_ib.cc:683 Ib Alloc Size 21688 pointer 0x1503d00e3000
x3004c0s1b1n0:47467:48737 [0] NCCL INFO transport/net_ib.cc:696 Ib Alloc Size 552 pointer 0x1503d00ea000
x3004c0s1b1n0:47467:48737 [0] NCCL INFO transport/net_ib.cc:771 Ib Alloc Size 552 pointer 0x1503d0105000
x3004c0s1b1n0:47467:48737 [0] NCCL INFO transport/net.cc:698 Cuda Host Alloc Size 9641984 pointer 0x1503c0a00000
x3004c0s1b1n0:47467:48562 [0] NCCL INFO GPU Direct RDMA Disabled for GPU 7000 / HCA 1 (distance 7 > 4)
x3004c0s1b1n0:47467:48737 [0] NCCL INFO New proxy send connection 18 from local rank 0, transport 2
x3004c0s1b1n0:47467:48562 [0] NCCL INFO Connection to proxy localRank 0 -> connection 0x1503d0001100
x3004c0s1b1n0:47467:48562 [0] NCCL INFO Channel 02/0 : 4[7000] -> 0[7000] [send] via NET/IB/1
x3004c0s1b1n0:47467:48562 [0] NCCL INFO GPU Direct RDMA Disabled for GPU 7000 / HCA 0 (distance 7 > 4)
x3004c0s1b1n0:47467:48737 [0] NCCL INFO New proxy send connection 19 from local rank 0, transport 2
x3004c0s1b1n0:47467:48562 [0] NCCL INFO Connection to proxy localRank 0 -> connection 0x1503d0001140
x3004c0s1b1n0:47467:48562 [0] NCCL INFO Channel 03/0 : 4[7000] -> 0[7000] [send] via NET/IB/0
x3004c0s1b1n0:47467:48737 [0] NCCL INFO transport/net_ib.cc:596 Ib Alloc Size 26560 pointer 0x1503d0111000
x3004c0s1b1n0:47467:48737 [0] NCCL INFO NET/IB: Dev 1 Port 1 qpn 12327 mtu 5 GID 0 (80FE/EF0100FEFF000000)
x3004c0s1b1n0:47467:48737 [0] NCCL INFO transport/net_ib.cc:653 Ib Alloc Size 552 pointer 0x1503d0128000
x3004c0s1b1n0:47467:48737 [0] NCCL INFO transport/net.cc:571 Cuda Host Alloc Size 9641984 pointer 0x1503c1400000
x3004c0s1b1n0:47467:48737 [0] NCCL INFO transport/net_ib.cc:596 Ib Alloc Size 26560 pointer 0x1503d012a000
x3004c0s1b1n0:47467:48737 [0] NCCL INFO NET/IB: Dev 0 Port 1 qpn 12271 mtu 5 GID 0 (80FE/AA0100FEFF000000)
x3004c0s1b1n0:47467:48737 [0] NCCL INFO transport/net_ib.cc:653 Ib Alloc Size 552 pointer 0x1503d0141000
x3004c0s1b1n0:47467:48737 [0] NCCL INFO transport/net.cc:571 Cuda Host Alloc Size 9641984 pointer 0x1503be000000
x3004c0s1b1n0:47467:48562 [0] NCCL INFO Connected all trees by HAO
x3004c0s1b1n0:47467:48562 [0] NCCL INFO threadThresholds 8/8/64 | 160/8/64 | 512 | 512
x3004c0s1b1n0:47467:48562 [0] NCCL INFO 4 coll channels, 4 p2p channels, 2 p2p channels per peer
x3004c0s1b1n0:47467:48737 [0] NCCL INFO New proxy send connection 20 from local rank 0, transport 2
x3004c0s1b1n0:47467:48562 [0] NCCL INFO Connection to proxy localRank 0 -> connection 0x1503d0001180
x3004c0s1b1n0:47467:48562 [0] NCCL INFO init.cc:367 Cuda Alloc Size 5168 pointer 0x1503df808800
x3004c0s1b1n0:47469:48563 [2] NCCL INFO init.cc:367 Cuda Alloc Size 5168 pointer 0x14c803808800
x3004c0s1b1n0:47468:48560 [1] NCCL INFO init.cc:367 Cuda Alloc Size 5168 pointer 0x151351808800
x3004c0s1b1n0:47470:48565 [3] NCCL INFO init.cc:367 Cuda Alloc Size 5168 pointer 0x147b9d808800
x3004c0s1b1n0:47470:48565 [3] NCCL INFO init.cc:392 Cuda Host Alloc Size 33554432 pointer 0x147b82000000
x3004c0s1b1n0:47470:48565 [3] NCCL INFO init.cc:398 Cuda Host Alloc Size 128 pointer 0x147b9ce00200
x3004c0s1b1n0:47470:48565 [3] NCCL INFO comm 0x55c621d336d0 rank 7 nranks 20 cudaDev 3 busId c7000 - Init COMPLETE
x3004c0s1b1n0:47470:47470 [3] NCCL INFO AllReduce: opCount 0 sendbuff 0x147bdf600200 recvbuff 0x147bdf600200 count 1 datatype 1 op 0 root 0 comm 0x55c621d336d0 [nranks=20] stream 0x55c63e45ad30
x3004c0s1b1n0:47470:47470 [3] NCCL INFO misc/utils.cc:235 memory stack hunk malloc(65536)
[LYD INFO in ncclLaunchKernel (enqueue.cc)] NCHANNELS is: 4x3004c0s1b1n0:47469:48563 [2] NCCL INFO init.cc:392 Cuda Host Alloc Size 33554432 pointer 0x14c7de000000
x3004c0s1b1n0:47469:48563 [2] NCCL INFO init.cc:398 Cuda Host Alloc Size 128 pointer 0x14c802e00200
x3004c0s1b1n0:47469:48563 [2] NCCL INFO comm 0x55775fb1b390 rank 6 nranks 20 cudaDev 2 busId 85000 - Init COMPLETE
x3004c0s1b1n0:47468:48560 [1] NCCL INFO init.cc:392 Cuda Host Alloc Size 33554432 pointer 0x151332000000
x3004c0s1b1n0:47468:48560 [1] NCCL INFO init.cc:398 Cuda Host Alloc Size 128 pointer 0x151350e00200
x3004c0s1b1n0:47468:48560 [1] NCCL INFO comm 0x55e23f1cf9a0 rank 5 nranks 20 cudaDev 1 busId 46000 - Init COMPLETE
x3004c0s1b1n0:47467:48562 [0] NCCL INFO init.cc:392 Cuda Host Alloc Size 33554432 pointer 0x1503bc000000
x3004c0s1b1n0:47467:48562 [0] NCCL INFO init.cc:398 Cuda Host Alloc Size 128 pointer 0x1503dee00200
x3004c0s1b1n0:47467:48562 [0] NCCL INFO comm 0x55c1801952a0 rank 4 nranks 20 cudaDev 0 busId 7000 - Init COMPLETE
x3004c0s1b1n0:47467:48737 [0] NCCL INFO transport/net.cc:376 Cuda Alloc Size 8388608 pointer 0x1503bea00000
x3004c0s1b1n0:47467:47467 [0] NCCL INFO AllReduce: opCount 0 sendbuff 0x15041f600200 recvbuff 0x15041f600200 count 1 datatype 1 op 0 root 0 comm 0x55c1801952a0 [nranks=20] stream 0x55c19be827c0
x3004c0s1b1n0:47467:47467 [0] NCCL INFO misc/utils.cc:235 memory stack hunk malloc(65536)
[LYD INFO in ncclLaunchKernel (enqueue.cc)] NCHANNELS is: 4x3004c0s1b1n0:47469:47469 [2] NCCL INFO AllReduce: opCount 0 sendbuff 0x14c847600200 recvbuff 0x14c847600200 count 1 datatype 1 op 0 root 0 comm 0x55775fb1b390 [nranks=20] stream 0x55777849cdd0
x3004c0s1b1n0:47469:47469 [2] NCCL INFO misc/utils.cc:235 memory stack hunk malloc(65536)
[LYD INFO in ncclLaunchKernel (enqueue.cc)] NCHANNELS is: 4x3004c0s1b1n0:47468:47468 [1] NCCL INFO AllReduce: opCount 0 sendbuff 0x15138b000200 recvbuff 0x15138b000200 count 1 datatype 1 op 0 root 0 comm 0x55e23f1cf9a0 [nranks=20] stream 0x55e257cf51a0
x3004c0s1b1n0:47468:47468 [1] NCCL INFO misc/utils.cc:235 memory stack hunk malloc(65536)
[LYD INFO in ncclLaunchKernel (enqueue.cc)] NCHANNELS is: 4
[LYD INFO in NCCL_KERN_NAME (common.h)] 6 AllReduce TREE LL Sum uint8_t Elapsed time: 1761402 us

[LYD INFO in NCCL_KERN_NAME (common.h)] 4 AllReduce TREE LL Sum uint8_t Elapsed time: 1811184 us

[LYD INFO in NCCL_KERN_NAME (common.h)] 7 AllReduce TREE LL Sum uint8_t Elapsed time: 1814033 us

[LYD INFO in NCCL_KERN_NAME (common.h)] 5 AllReduce TREE LL Sum uint8_t Elapsed time: 1783372 us
x3004c0s1b1n0:47468:47468 [1] NCCL INFO AllReduce: opCount 1 sendbuff 0x15138b000000 recvbuff 0x15138b000000 count 1 datatype 1 op 0 root 0 comm 0x55e23f1cf9a0 [nranks=20] stream 0x55e257cf51a0
[LYD INFO in ncclLaunchKernel (enqueue.cc)] NCHANNELS is: 4x3004c0s1b1n0:47469:47469 [2] NCCL INFO AllReduce: opCount 1 sendbuff 0x14c847600000 recvbuff 0x14c847600000 count 1 datatype 1 op 0 root 0 comm 0x55775fb1b390 [nranks=20] stream 0x55777849cdd0
[LYD INFO in ncclLaunchKernel (enqueue.cc)] NCHANNELS is: 4x3004c0s1b1n0:47470:47470 [3] NCCL INFO AllReduce: opCount 1 sendbuff 0x147bdf600000 recvbuff 0x147bdf600000 count 1 datatype 1 op 0 root 0 comm 0x55c621d336d0 [nranks=20] stream 0x55c63e45ad30
[LYD INFO in ncclLaunchKernel (enqueue.cc)] NCHANNELS is: 4x3004c0s1b1n0:47467:47467 [0] NCCL INFO AllReduce: opCount 1 sendbuff 0x15041f600000 recvbuff 0x15041f600000 count 1 datatype 1 op 0 root 0 comm 0x55c1801952a0 [nranks=20] stream 0x55c19be827c0
[LYD INFO in ncclLaunchKernel (enqueue.cc)] NCHANNELS is: 4
[LYD INFO in NCCL_KERN_NAME (common.h)] 5 AllReduce TREE LL Sum uint8_t Elapsed time: 7595769 us

[LYD INFO in NCCL_KERN_NAME (common.h)] 7 AllReduce TREE LL Sum uint8_t Elapsed time: 1543439 us

[LYD INFO in NCCL_KERN_NAME (common.h)] 4 AllReduce TREE LL Sum uint8_t Elapsed time: 1499848 us

[LYD INFO in NCCL_KERN_NAME (common.h)] 6 AllReduce TREE LL Sum uint8_t Elapsed time: 3774999 us
x3004c0s1b1n0:47468:47468 [1] NCCL INFO AllReduce: opCount 2 sendbuff 0x15138b000000 recvbuff 0x15138b000000 count 1 datatype 8 op 3 root 0 comm 0x55e23f1cf9a0 [nranks=20] stream 0x55e257cf51a0
[LYD INFO in ncclLaunchKernel (enqueue.cc)] NCHANNELS is: 4x3004c0s1b1n0:47470:47470 [3] NCCL INFO AllReduce: opCount 2 sendbuff 0x147bdf600000 recvbuff 0x147bdf600000 count 1 datatype 8 op 3 root 0 comm 0x55c621d336d0 [nranks=20] stream 0x55c63e45ad30
[LYD INFO in ncclLaunchKernel (enqueue.cc)] NCHANNELS is: 4x3004c0s1b1n0:47467:47467 [0] NCCL INFO AllReduce: opCount 2 sendbuff 0x15041f600000 recvbuff 0x15041f600000 count 1 datatype 8 op 3 root 0 comm 0x55c1801952a0 [nranks=20] stream 0x55c19be827c0
[LYD INFO in ncclLaunchKernel (enqueue.cc)] NCHANNELS is: 4x3004c0s1b1n0:47469:47469 [2] NCCL INFO AllReduce: opCount 2 sendbuff 0x14c847600000 recvbuff 0x14c847600000 count 1 datatype 8 op 3 root 0 comm 0x55775fb1b390 [nranks=20] stream 0x55777849cdd0
[LYD INFO in ncclLaunchKernel (enqueue.cc)] NCHANNELS is: 4
[LYD INFO in NCCL_FUNC_NAME (common.h)] 4 AllReduce TREE LL Min double Elapsed time: 4811 us

[LYD INFO in NCCL_FUNC_NAME (common.h)] 6 AllReduce TREE LL Min double Elapsed time: 6 us

[LYD INFO in NCCL_FUNC_NAME (common.h)] 5 AllReduce TREE LL Min double Elapsed time: 41418 us

[LYD INFO in NCCL_FUNC_NAME (common.h)] 7 AllReduce TREE LL Min double Elapsed time: 4 us

[LYD INFO in NCCL_KERN_NAME (common.h)] 7 AllReduce TREE LL Sum double Elapsed time: 121090 us
x3004c0s1b1n0:47470:47470 [3] NCCL INFO AllReduce: opCount 3 sendbuff 0x147bdf600200 recvbuff 0x147bdf600200 count 1 datatype 1 op 0 root 0 comm 0x55c621d336d0 [nranks=20] stream 0x55c63e45ad30
[LYD INFO in ncclLaunchKernel (enqueue.cc)] NCHANNELS is: 4
[LYD INFO in NCCL_KERN_NAME (common.h)] 4 AllReduce TREE LL Sum double Elapsed time: 81649 us
x3004c0s1b1n0:47467:47467 [0] NCCL INFO AllReduce: opCount 3 sendbuff 0x15041f600200 recvbuff 0x15041f600200 count 1 datatype 1 op 0 root 0 comm 0x55c1801952a0 [nranks=20] stream 0x55c19be827c0
[LYD INFO in ncclLaunchKernel (enqueue.cc)] NCHANNELS is: 4
[LYD INFO in NCCL_KERN_NAME (common.h)] 6 AllReduce TREE LL Sum double Elapsed time: 81035 us

[LYD INFO in NCCL_KERN_NAME (common.h)] 5 AllReduce TREE LL Sum double Elapsed time: 140663 us
x3004c0s1b1n0:47469:47469 [2] NCCL INFO AllReduce: opCount 3 sendbuff 0x14c847600200 recvbuff 0x14c847600200 count 1 datatype 1 op 0 root 0 comm 0x55775fb1b390 [nranks=20] stream 0x55777849cdd0
[LYD INFO in ncclLaunchKernel (enqueue.cc)] NCHANNELS is: 4x3004c0s1b1n0:47468:47468 [1] NCCL INFO AllReduce: opCount 3 sendbuff 0x15138b000200 recvbuff 0x15138b000200 count 1 datatype 1 op 0 root 0 comm 0x55e23f1cf9a0 [nranks=20] stream 0x55e257cf51a0
[LYD INFO in ncclLaunchKernel (enqueue.cc)] NCHANNELS is: 4
[LYD INFO in NCCL_KERN_NAME (common.h)] 7 AllReduce TREE LL Sum uint8_t Elapsed time: 68926 us

[LYD INFO in NCCL_KERN_NAME (common.h)] 4 AllReduce TREE LL Sum uint8_t Elapsed time: 54181 us

[LYD INFO in NCCL_KERN_NAME (common.h)] 6 AllReduce TREE LL Sum uint8_t Elapsed time: 48010 us

[LYD INFO in NCCL_KERN_NAME (common.h)] 5 AllReduce TREE LL Sum uint8_t Elapsed time: 35753 us
 > number of parameters on (tensor, pipeline) model parallel rank (0, 5): 39354880
x3004c0s1b1n0:47468:47468 [1] NCCL INFO AllReduce: opCount 4 sendbuff 0x15138b000400 recvbuff 0x15138b000400 count 1 datatype 1 op 0 root 0 comm 0x55e23f1cf9a0 [nranks=20] stream 0x55e257cf51a0
[LYD INFO in ncclLaunchKernel (enqueue.cc)] NCHANNELS is: 4 > number of parameters on (tensor, pipeline) model parallel rank (0, 7): 39354880
x3004c0s1b1n0:47470:47470 [3] NCCL INFO AllReduce: opCount 4 sendbuff 0x147bdf600400 recvbuff 0x147bdf600400 count 1 datatype 1 op 0 root 0 comm 0x55c621d336d0 [nranks=20] stream 0x55c63e45ad30
[LYD INFO in ncclLaunchKernel (enqueue.cc)] NCHANNELS is: 4 > number of parameters on (tensor, pipeline) model parallel rank (0, 4): 39354880
x3004c0s1b1n0:47467:47467 [0] NCCL INFO AllReduce: opCount 4 sendbuff 0x15041f600400 recvbuff 0x15041f600400 count 1 datatype 1 op 0 root 0 comm 0x55c1801952a0 [nranks=20] stream 0x55c19be827c0
[LYD INFO in ncclLaunchKernel (enqueue.cc)] NCHANNELS is: 4 > number of parameters on (tensor, pipeline) model parallel rank (0, 6): 39354880
x3004c0s1b1n0:47469:47469 [2] NCCL INFO AllReduce: opCount 4 sendbuff 0x14c847600400 recvbuff 0x14c847600400 count 1 datatype 1 op 0 root 0 comm 0x55775fb1b390 [nranks=20] stream 0x55777849cdd0
[LYD INFO in ncclLaunchKernel (enqueue.cc)] NCHANNELS is: 4
[LYD INFO in NCCL_KERN_NAME (common.h)] 4 AllReduce TREE LL Sum uint8_t Elapsed time: 1961822 us
x3004c0s1b1n0:47467:47467 [0] NCCL INFO AllReduce: opCount 5 sendbuff 0x15041f615200 recvbuff 0x15041f615200 count 1 datatype 1 op 0 root 0 comm 0x55c1801952a0 [nranks=20] stream 0x55c19be827c0
[LYD INFO in ncclLaunchKernel (enqueue.cc)] NCHANNELS is: 4
[LYD INFO in NCCL_KERN_NAME (common.h)] 6 AllReduce TREE LL Sum uint8_t Elapsed time: 1965537 us

[LYD INFO in NCCL_KERN_NAME (common.h)] 5 AllReduce TREE LL Sum uint8_t Elapsed time: 2008677 us

[LYD INFO in NCCL_KERN_NAME (common.h)] 7 AllReduce TREE LL Sum uint8_t Elapsed time: 1991591 us
x3004c0s1b1n0:47468:47468 [1] NCCL INFO AllReduce: opCount 5 sendbuff 0x15138b015200 recvbuff 0x15138b015200 count 1 datatype 1 op 0 root 0 comm 0x55e23f1cf9a0 [nranks=20] stream 0x55e257cf51a0
[LYD INFO in ncclLaunchKernel (enqueue.cc)] NCHANNELS is: 4x3004c0s1b1n0:47470:47470 [3] NCCL INFO AllReduce: opCount 5 sendbuff 0x147bdf615200 recvbuff 0x147bdf615200 count 1 datatype 1 op 0 root 0 comm 0x55c621d336d0 [nranks=20] stream 0x55c63e45ad30
[LYD INFO in ncclLaunchKernel (enqueue.cc)] NCHANNELS is: 4x3004c0s1b1n0:47469:47469 [2] NCCL INFO AllReduce: opCount 5 sendbuff 0x14c847615200 recvbuff 0x14c847615200 count 1 datatype 1 op 0 root 0 comm 0x55775fb1b390 [nranks=20] stream 0x55777849cdd0
[LYD INFO in ncclLaunchKernel (enqueue.cc)] NCHANNELS is: 4
[LYD INFO in NCCL_KERN_NAME (common.h)] 4 AllReduce TREE LL Sum uint8_t Elapsed time: 83440 us
x3004c0s1b1n0:47467:47467 [0] NCCL INFO AllReduce: opCount 6 sendbuff 0x15041f600400 recvbuff 0x15041f600400 count 1 datatype 1 op 0 root 0 comm 0x55c1801952a0 [nranks=20] stream 0x55c19be827c0
[LYD INFO in ncclLaunchKernel (enqueue.cc)] NCHANNELS is: 4
[LYD INFO in NCCL_KERN_NAME (common.h)] 6 AllReduce TREE LL Sum uint8_t Elapsed time: 37118 us
x3004c0s1b1n0:47469:47469 [2] NCCL INFO AllReduce: opCount 6 sendbuff 0x14c847600400 recvbuff 0x14c847600400 count 1 datatype 1 op 0 root 0 comm 0x55775fb1b390 [nranks=20] stream 0x55777849cdd0
[LYD INFO in ncclLaunchKernel (enqueue.cc)] NCHANNELS is: 4
[LYD INFO in NCCL_KERN_NAME (common.h)] 5 AllReduce TREE LL Sum uint8_t Elapsed time: 78589 us

[LYD INFO in NCCL_KERN_NAME (common.h)] 7 AllReduce TREE LL Sum uint8_t Elapsed time: 75008 us
x3004c0s1b1n0:47470:47470 [3] NCCL INFO AllReduce: opCount 6 sendbuff 0x147bdf600400 recvbuff 0x147bdf600400 count 1 datatype 1 op 0 root 0 comm 0x55c621d336d0 [nranks=20] stream 0x55c63e45ad30
[LYD INFO in ncclLaunchKernel (enqueue.cc)] NCHANNELS is: 4x3004c0s1b1n0:47468:47468 [1] NCCL INFO AllReduce: opCount 6 sendbuff 0x15138b000400 recvbuff 0x15138b000400 count 1 datatype 1 op 0 root 0 comm 0x55e23f1cf9a0 [nranks=20] stream 0x55e257cf51a0
[LYD INFO in ncclLaunchKernel (enqueue.cc)] NCHANNELS is: 4
[LYD INFO in NCCL_KERN_NAME (common.h)] 4 AllReduce TREE LL Sum uint8_t Elapsed time: 118292 us

[LYD INFO in NCCL_KERN_NAME (common.h)] 5 AllReduce TREE LL Sum uint8_t Elapsed time: 70748 us

[LYD INFO in NCCL_KERN_NAME (common.h)] 7 AllReduce TREE LL Sum uint8_t Elapsed time: 84718 us

[LYD INFO in NCCL_KERN_NAME (common.h)] 6 AllReduce TREE LL Sum uint8_t Elapsed time: 107256 us
NCCL version 2.14.3+cuda11.8
x3004c0s1b1n0:47468:47468 [1] NCCL INFO init.cc:1147 Cuda Host Alloc Size 4 pointer 0x151350e00400
x3004c0s1b1n0:47468:51710 [1] NCCL INFO Using network IB
NCCL version 2.14.3+cuda11.8
x3004c0s1b1n0:47470:47470 [3] NCCL INFO init.cc:1147 Cuda Host Alloc Size 4 pointer 0x147b9ce00400
NCCL version 2.14.3+cuda11.8
x3004c0s1b1n0:47467:47467 [0] NCCL INFO init.cc:1147 Cuda Host Alloc Size 4 pointer 0x1503dee00400
NCCL version 2.14.3+cuda11.8
x3004c0s1b1n0:47469:47469 [2] NCCL INFO init.cc:1147 Cuda Host Alloc Size 4 pointer 0x14c802e00400
x3004c0s1b1n0:47467:51715 [0] NCCL INFO Using network IB
x3004c0s1b1n0:47470:51713 [3] NCCL INFO Using network IB
x3004c0s1b1n0:47469:51717 [2] NCCL INFO Using network IB
x3004c0s1b1n0:47467:51715 [0] NCCL INFO NET/IB : GPU Direct RDMA Enabled for HCA 0 'mlx5_0'
x3004c0s1b1n0:47467:51715 [0] NCCL INFO NET/IB : GPU Direct RDMA Enabled for HCA 1 'mlx5_1'
x3004c0s1b1n0:47467:51715 [0] NCCL INFO GPU Direct RDMA Disabled for GPU 7000 / HCA 0 (distance 7 > 4)
x3004c0s1b1n0:47467:51715 [0] NCCL INFO GPU Direct RDMA Disabled for GPU 7000 / HCA 1 (distance 7 > 4)
x3004c0s1b1n0:47467:51715 [0] NCCL INFO === System : maxBw 5000.0 totalBw 0.0 ===
x3004c0s1b1n0:47467:51715 [0] NCCL INFO CPU/3 (1/2/-1)
x3004c0s1b1n0:47467:51715 [0] NCCL INFO + SYS[5000.0] - CPU/0
x3004c0s1b1n0:47467:51715 [0] NCCL INFO + SYS[5000.0] - CPU/2
x3004c0s1b1n0:47467:51715 [0] NCCL INFO + PCI[24.0] - PCI/5000 (11f8406811f8beef)
x3004c0s1b1n0:47467:51715 [0] NCCL INFO               + PCI[24.0] - GPU/7000 (0)
x3004c0s1b1n0:47467:51715 [0] NCCL INFO CPU/0 (1/2/-1)
x3004c0s1b1n0:47467:51715 [0] NCCL INFO + SYS[5000.0] - CPU/3
x3004c0s1b1n0:47467:51715 [0] NCCL INFO + SYS[5000.0] - CPU/2
x3004c0s1b1n0:47467:51715 [0] NCCL INFO + PCI[12.0] - NIC/C8000
x3004c0s1b1n0:47467:51715 [0] NCCL INFO CPU/2 (1/2/-1)
x3004c0s1b1n0:47467:51715 [0] NCCL INFO + SYS[5000.0] - CPU/3
x3004c0s1b1n0:47467:51715 [0] NCCL INFO + SYS[5000.0] - CPU/0
x3004c0s1b1n0:47467:51715 [0] NCCL INFO + PCI[12.0] - NIC/43000
x3004c0s1b1n0:47467:51715 [0] NCCL INFO ==========================================
x3004c0s1b1n0:47467:51715 [0] NCCL INFO GPU/7000 :GPU/7000 (0/5000.000000/LOC) CPU/3 (2/24.000000/PHB) CPU/0 (3/24.000000/SYS) CPU/2 (3/24.000000/SYS) 
x3004c0s1b1n0:47467:51715 [0] NCCL INFO Pattern 4, crossNic 0, nChannels 16, bw 44.000000/44.000000, type LOC/PIX, sameChannels 1
x3004c0s1b1n0:47467:51715 [0] NCCL INFO  0 : GPU/0
x3004c0s1b1n0:47467:51715 [0] NCCL INFO  1 : GPU/0
x3004c0s1b1n0:47467:51715 [0] NCCL INFO  2 : GPU/0
x3004c0s1b1n0:47467:51715 [0] NCCL INFO  3 : GPU/0
x3004c0s1b1n0:47467:51715 [0] NCCL INFO  4 : GPU/0
x3004c0s1b1n0:47467:51715 [0] NCCL INFO  5 : GPU/0
x3004c0s1b1n0:47467:51715 [0] NCCL INFO  6 : GPU/0
x3004c0s1b1n0:47467:51715 [0] NCCL INFO  7 : GPU/0
x3004c0s1b1n0:47467:51715 [0] NCCL INFO  8 : GPU/0
x3004c0s1b1n0:47467:51715 [0] NCCL INFO  9 : GPU/0
x3004c0s1b1n0:47467:51715 [0] NCCL INFO 10 : GPU/0
x3004c0s1b1n0:47467:51715 [0] NCCL INFO 11 : GPU/0
x3004c0s1b1n0:47467:51715 [0] NCCL INFO 12 : GPU/0
x3004c0s1b1n0:47467:51715 [0] NCCL INFO 13 : GPU/0
x3004c0s1b1n0:47467:51715 [0] NCCL INFO 14 : GPU/0
x3004c0s1b1n0:47467:51715 [0] NCCL INFO 15 : GPU/0
x3004c0s1b1n0:47467:51715 [0] NCCL INFO Pattern 3, crossNic 0, nChannels 16, bw 44.000000/44.000000, type LOC/PIX, sameChannels 1
x3004c0s1b1n0:47467:51715 [0] NCCL INFO  0 : GPU/0
x3004c0s1b1n0:47467:51715 [0] NCCL INFO  1 : GPU/0
x3004c0s1b1n0:47467:51715 [0] NCCL INFO  2 : GPU/0
x3004c0s1b1n0:47467:51715 [0] NCCL INFO  3 : GPU/0
x3004c0s1b1n0:47467:51715 [0] NCCL INFO  4 : GPU/0
x3004c0s1b1n0:47467:51715 [0] NCCL INFO  5 : GPU/0
x3004c0s1b1n0:47467:51715 [0] NCCL INFO  6 : GPU/0
x3004c0s1b1n0:47467:51715 [0] NCCL INFO  7 : GPU/0
x3004c0s1b1n0:47467:51715 [0] NCCL INFO  8 : GPU/0
x3004c0s1b1n0:47467:51715 [0] NCCL INFO  9 : GPU/0
x3004c0s1b1n0:47467:51715 [0] NCCL INFO 10 : GPU/0
x3004c0s1b1n0:47467:51715 [0] NCCL INFO 11 : GPU/0
x3004c0s1b1n0:47467:51715 [0] NCCL INFO 12 : GPU/0
x3004c0s1b1n0:47467:51715 [0] NCCL INFO 13 : GPU/0
x3004c0s1b1n0:47467:51715 [0] NCCL INFO 14 : GPU/0
x3004c0s1b1n0:47467:51715 [0] NCCL INFO 15 : GPU/0
x3004c0s1b1n0:47467:51715 [0] NCCL INFO Pattern 3, crossNic 0, nChannels 16, bw 44.000000/44.000000, type LOC/PIX, sameChannels 1
x3004c0s1b1n0:47467:51715 [0] NCCL INFO  0 : GPU/0
x3004c0s1b1n0:47467:51715 [0] NCCL INFO  1 : GPU/0
x3004c0s1b1n0:47467:51715 [0] NCCL INFO  2 : GPU/0
x3004c0s1b1n0:47467:51715 [0] NCCL INFO  3 : GPU/0
x3004c0s1b1n0:47467:51715 [0] NCCL INFO  4 : GPU/0
x3004c0s1b1n0:47467:51715 [0] NCCL INFO  5 : GPU/0
x3004c0s1b1n0:47467:51715 [0] NCCL INFO  6 : GPU/0
x3004c0s1b1n0:47467:51715 [0] NCCL INFO  7 : GPU/0
x3004c0s1b1n0:47467:51715 [0] NCCL INFO  8 : GPU/0
x3004c0s1b1n0:47467:51715 [0] NCCL INFO  9 : GPU/0
x3004c0s1b1n0:47467:51715 [0] NCCL INFO 10 : GPU/0
x3004c0s1b1n0:47467:51715 [0] NCCL INFO 11 : GPU/0
x3004c0s1b1n0:47467:51715 [0] NCCL INFO 12 : GPU/0
x3004c0s1b1n0:47467:51715 [0] NCCL INFO 13 : GPU/0
x3004c0s1b1n0:47467:51715 [0] NCCL INFO 14 : GPU/0
x3004c0s1b1n0:47467:51715 [0] NCCL INFO 15 : GPU/0
x3004c0s1b1n0:47467:51715 [0] NCCL INFO Tree 0 : -1 -> 0 -> -1/-1/-1
x3004c0s1b1n0:47467:51715 [0] NCCL INFO Tree 16 : -1 -> 0 -> -1/-1/-1
x3004c0s1b1n0:47467:51715 [0] NCCL INFO Tree 1 : -1 -> 0 -> -1/-1/-1
x3004c0s1b1n0:47467:51715 [0] NCCL INFO Tree 17 : -1 -> 0 -> -1/-1/-1
x3004c0s1b1n0:47467:51715 [0] NCCL INFO Tree 2 : -1 -> 0 -> -1/-1/-1
x3004c0s1b1n0:47467:51715 [0] NCCL INFO Tree 18 : -1 -> 0 -> -1/-1/-1
x3004c0s1b1n0:47467:51715 [0] NCCL INFO Tree 3 : -1 -> 0 -> -1/-1/-1
x3004c0s1b1n0:47467:51715 [0] NCCL INFO Tree 19 : -1 -> 0 -> -1/-1/-1
x3004c0s1b1n0:47467:51715 [0] NCCL INFO Tree 4 : -1 -> 0 -> -1/-1/-1
x3004c0s1b1n0:47467:51715 [0] NCCL INFO Tree 20 : -1 -> 0 -> -1/-1/-1
x3004c0s1b1n0:47467:51715 [0] NCCL INFO Tree 5 : -1 -> 0 -> -1/-1/-1
x3004c0s1b1n0:47467:51715 [0] NCCL INFO Tree 21 : -1 -> 0 -> -1/-1/-1
x3004c0s1b1n0:47467:51715 [0] NCCL INFO Tree 6 : -1 -> 0 -> -1/-1/-1
x3004c0s1b1n0:47467:51715 [0] NCCL INFO Tree 22 : -1 -> 0 -> -1/-1/-1
x3004c0s1b1n0:47467:51715 [0] NCCL INFO Tree 7 : -1 -> 0 -> -1/-1/-1
x3004c0s1b1n0:47467:51715 [0] NCCL INFO Tree 23 : -1 -> 0 -> -1/-1/-1
x3004c0s1b1n0:47467:51715 [0] NCCL INFO Tree 8 : -1 -> 0 -> -1/-1/-1
x3004c0s1b1n0:47467:51715 [0] NCCL INFO Tree 24 : -1 -> 0 -> -1/-1/-1
x3004c0s1b1n0:47467:51715 [0] NCCL INFO Tree 9 : -1 -> 0 -> -1/-1/-1
x3004c0s1b1n0:47467:51715 [0] NCCL INFO Tree 25 : -1 -> 0 -> -1/-1/-1
x3004c0s1b1n0:47467:51715 [0] NCCL INFO Tree 10 : -1 -> 0 -> -1/-1/-1
x3004c0s1b1n0:47467:51715 [0] NCCL INFO Tree 26 : -1 -> 0 -> -1/-1/-1
x3004c0s1b1n0:47467:51715 [0] NCCL INFO Tree 11 : -1 -> 0 -> -1/-1/-1
x3004c0s1b1n0:47467:51715 [0] NCCL INFO Tree 27 : -1 -> 0 -> -1/-1/-1
x3004c0s1b1n0:47467:51715 [0] NCCL INFO Tree 12 : -1 -> 0 -> -1/-1/-1
x3004c0s1b1n0:47467:51715 [0] NCCL INFO Tree 28 : -1 -> 0 -> -1/-1/-1
x3004c0s1b1n0:47467:51715 [0] NCCL INFO Tree 13 : -1 -> 0 -> -1/-1/-1
x3004c0s1b1n0:47467:51715 [0] NCCL INFO Tree 29 : -1 -> 0 -> -1/-1/-1
x3004c0s1b1n0:47467:51715 [0] NCCL INFO Tree 14 : -1 -> 0 -> -1/-1/-1
x3004c0s1b1n0:47467:51715 [0] NCCL INFO Tree 30 : -1 -> 0 -> -1/-1/-1
x3004c0s1b1n0:47467:51715 [0] NCCL INFO Tree 15 : -1 -> 0 -> -1/-1/-1
x3004c0s1b1n0:47467:51715 [0] NCCL INFO Tree 31 : -1 -> 0 -> -1/-1/-1
x3004c0s1b1n0:47467:51715 [0] NCCL INFO Channel 00/32 :    0
x3004c0s1b1n0:47467:51715 [0] NCCL INFO Channel 01/32 :    0
x3004c0s1b1n0:47467:51715 [0] NCCL INFO Channel 02/32 :    0
x3004c0s1b1n0:47467:51715 [0] NCCL INFO Channel 03/32 :    0
x3004c0s1b1n0:47467:51715 [0] NCCL INFO Channel 04/32 :    0
x3004c0s1b1n0:47467:51715 [0] NCCL INFO Channel 05/32 :    0
x3004c0s1b1n0:47467:51715 [0] NCCL INFO Channel 06/32 :    0
x3004c0s1b1n0:47467:51715 [0] NCCL INFO Channel 07/32 :    0
x3004c0s1b1n0:47467:51715 [0] NCCL INFO Channel 08/32 :    0
x3004c0s1b1n0:47467:51715 [0] NCCL INFO Channel 09/32 :    0
x3004c0s1b1n0:47467:51715 [0] NCCL INFO Channel 10/32 :    0
x3004c0s1b1n0:47467:51715 [0] NCCL INFO Channel 11/32 :    0
x3004c0s1b1n0:47467:51715 [0] NCCL INFO Channel 12/32 :    0
x3004c0s1b1n0:47467:51715 [0] NCCL INFO Channel 13/32 :    0
x3004c0s1b1n0:47467:51715 [0] NCCL INFO Channel 14/32 :    0
x3004c0s1b1n0:47467:51715 [0] NCCL INFO Channel 15/32 :    0
x3004c0s1b1n0:47467:51715 [0] NCCL INFO Channel 16/32 :    0
x3004c0s1b1n0:47467:51715 [0] NCCL INFO Channel 17/32 :    0
x3004c0s1b1n0:47467:51715 [0] NCCL INFO Channel 18/32 :    0
x3004c0s1b1n0:47467:51715 [0] NCCL INFO Channel 19/32 :    0
x3004c0s1b1n0:47467:51715 [0] NCCL INFO Channel 20/32 :    0
x3004c0s1b1n0:47467:51715 [0] NCCL INFO Channel 21/32 :    0
x3004c0s1b1n0:47467:51715 [0] NCCL INFO Channel 22/32 :    0
x3004c0s1b1n0:47467:51715 [0] NCCL INFO Channel 23/32 :    0
x3004c0s1b1n0:47467:51715 [0] NCCL INFO Channel 24/32 :    0
x3004c0s1b1n0:47467:51715 [0] NCCL INFO Channel 25/32 :    0
x3004c0s1b1n0:47467:51715 [0] NCCL INFO Channel 26/32 :    0
x3004c0s1b1n0:47467:51715 [0] NCCL INFO Channel 27/32 :    0
x3004c0s1b1n0:47467:51715 [0] NCCL INFO Channel 28/32 :    0
x3004c0s1b1n0:47467:51715 [0] NCCL INFO Channel 29/32 :    0
x3004c0s1b1n0:47467:51715 [0] NCCL INFO Channel 30/32 :    0
x3004c0s1b1n0:47467:51715 [0] NCCL INFO Channel 31/32 :    0
x3004c0s1b1n0:47467:51715 [0] NCCL INFO Ring 00 : 0 -> 0 -> 0
x3004c0s1b1n0:47467:51715 [0] NCCL INFO Ring 01 : 0 -> 0 -> 0
x3004c0s1b1n0:47467:51715 [0] NCCL INFO Ring 02 : 0 -> 0 -> 0
x3004c0s1b1n0:47467:51715 [0] NCCL INFO Ring 03 : 0 -> 0 -> 0
x3004c0s1b1n0:47467:51715 [0] NCCL INFO Ring 04 : 0 -> 0 -> 0
x3004c0s1b1n0:47467:51715 [0] NCCL INFO Ring 05 : 0 -> 0 -> 0
x3004c0s1b1n0:47467:51715 [0] NCCL INFO Ring 06 : 0 -> 0 -> 0
x3004c0s1b1n0:47467:51715 [0] NCCL INFO Ring 07 : 0 -> 0 -> 0
x3004c0s1b1n0:47467:51715 [0] NCCL INFO Ring 08 : 0 -> 0 -> 0
x3004c0s1b1n0:47467:51715 [0] NCCL INFO Ring 09 : 0 -> 0 -> 0
x3004c0s1b1n0:47467:51715 [0] NCCL INFO Ring 10 : 0 -> 0 -> 0
x3004c0s1b1n0:47467:51715 [0] NCCL INFO Ring 11 : 0 -> 0 -> 0
x3004c0s1b1n0:47467:51715 [0] NCCL INFO Ring 12 : 0 -> 0 -> 0
x3004c0s1b1n0:47467:51715 [0] NCCL INFO Ring 13 : 0 -> 0 -> 0
x3004c0s1b1n0:47467:51715 [0] NCCL INFO Ring 14 : 0 -> 0 -> 0
x3004c0s1b1n0:47467:51715 [0] NCCL INFO Ring 15 : 0 -> 0 -> 0
x3004c0s1b1n0:47467:51715 [0] NCCL INFO Ring 16 : 0 -> 0 -> 0
x3004c0s1b1n0:47467:51715 [0] NCCL INFO Ring 17 : 0 -> 0 -> 0
x3004c0s1b1n0:47467:51715 [0] NCCL INFO Ring 18 : 0 -> 0 -> 0
x3004c0s1b1n0:47467:51715 [0] NCCL INFO Ring 19 : 0 -> 0 -> 0
x3004c0s1b1n0:47467:51715 [0] NCCL INFO Ring 20 : 0 -> 0 -> 0
x3004c0s1b1n0:47467:51715 [0] NCCL INFO Ring 21 : 0 -> 0 -> 0
x3004c0s1b1n0:47467:51715 [0] NCCL INFO Ring 22 : 0 -> 0 -> 0
