x3004c0s37b1n0:33130:37624 [3] NCCL INFO GPU Direct RDMA Disabled for GPU c7000 / HCA 0 (distance 6 > 4)
x3004c0s37b1n0:33130:37624 [3] NCCL INFO === System : maxBw 12.0 totalBw 264.0 ===
x3004c0s37b1n0:33130:37624 [3] NCCL INFO CPU/3 (1/2/-1)
x3004c0s37b1n0:33130:37624 [3] NCCL INFO + SYS[5000.0] - CPU/2
x3004c0s37b1n0:33130:37624 [3] NCCL INFO + SYS[5000.0] - CPU/1
x3004c0s37b1n0:33130:37624 [3] NCCL INFO + SYS[5000.0] - CPU/0
x3004c0s37b1n0:33130:37624 [3] NCCL INFO + PCI[24.0] - PCI/5000 (11f8406811f8beef)
x3004c0s37b1n0:33130:37624 [3] NCCL INFO               + PCI[24.0] - GPU/7000 (12)
x3004c0s37b1n0:33130:37624 [3] NCCL INFO                             + NVL[88.0] - GPU/85000
x3004c0s37b1n0:33130:37624 [3] NCCL INFO                             + NVL[88.0] - GPU/C7000
x3004c0s37b1n0:33130:37624 [3] NCCL INFO                             + NVL[88.0] - GPU/46000
x3004c0s37b1n0:33130:37624 [3] NCCL INFO CPU/2 (1/2/-1)
x3004c0s37b1n0:33130:37624 [3] NCCL INFO + SYS[5000.0] - CPU/3
x3004c0s37b1n0:33130:37624 [3] NCCL INFO + SYS[5000.0] - CPU/1
x3004c0s37b1n0:33130:37624 [3] NCCL INFO + SYS[5000.0] - CPU/0
x3004c0s37b1n0:33130:37624 [3] NCCL INFO + PCI[24.0] - PCI/44000 (11f8406811f8beef)
x3004c0s37b1n0:33130:37624 [3] NCCL INFO               + PCI[24.0] - GPU/46000 (13)
x3004c0s37b1n0:33130:37624 [3] NCCL INFO                             + NVL[88.0] - GPU/85000
x3004c0s37b1n0:33130:37624 [3] NCCL INFO                             + NVL[88.0] - GPU/C7000
x3004c0s37b1n0:33130:37624 [3] NCCL INFO                             + NVL[88.0] - GPU/7000
x3004c0s37b1n0:33130:37624 [3] NCCL INFO + PCI[12.0] - NIC/43000
x3004c0s37b1n0:33130:37624 [3] NCCL INFO               + NET[12.5] - NET/1 (f47604ffffa4e988/1/12.500000)
x3004c0s37b1n0:33130:37624 [3] NCCL INFO CPU/1 (1/2/-1)
x3004c0s37b1n0:33130:37624 [3] NCCL INFO + SYS[5000.0] - CPU/3
x3004c0s37b1n0:33130:37624 [3] NCCL INFO + SYS[5000.0] - CPU/2
x3004c0s37b1n0:33130:37624 [3] NCCL INFO + SYS[5000.0] - CPU/0
x3004c0s37b1n0:33130:37624 [3] NCCL INFO + PCI[24.0] - PCI/83000 (11f8406811f8beef)
x3004c0s37b1n0:33130:37624 [3] NCCL INFO               + PCI[24.0] - GPU/85000 (14)
x3004c0s37b1n0:33130:37624 [3] NCCL INFO                             + NVL[88.0] - GPU/C7000
x3004c0s37b1n0:33130:37624 [3] NCCL INFO                             + NVL[88.0] - GPU/46000
x3004c0s37b1n0:33130:37624 [3] NCCL INFO                             + NVL[88.0] - GPU/7000
x3004c0s37b1n0:33130:37624 [3] NCCL INFO CPU/0 (1/2/-1)
x3004c0s37b1n0:33130:37624 [3] NCCL INFO + SYS[5000.0] - CPU/3
x3004c0s37b1n0:33130:37624 [3] NCCL INFO + SYS[5000.0] - CPU/2
x3004c0s37b1n0:33130:37624 [3] NCCL INFO + SYS[5000.0] - CPU/1
x3004c0s37b1n0:33130:37624 [3] NCCL INFO + PCI[24.0] - PCI/C5000 (11f8406811f8beef)
x3004c0s37b1n0:33130:37624 [3] NCCL INFO               + PCI[24.0] - GPU/C7000 (15)
x3004c0s37b1n0:33130:37624 [3] NCCL INFO                             + NVL[88.0] - GPU/85000
x3004c0s37b1n0:33130:37624 [3] NCCL INFO                             + NVL[88.0] - GPU/46000
x3004c0s37b1n0:33130:37624 [3] NCCL INFO                             + NVL[88.0] - GPU/7000
x3004c0s37b1n0:33130:37624 [3] NCCL INFO + PCI[12.0] - NIC/C8000
x3004c0s37b1n0:33130:37624 [3] NCCL INFO               + NET[12.5] - NET/0 (900704ffffa4e988/1/12.500000)
x3004c0s37b1n0:33130:37624 [3] NCCL INFO ==========================================
x3004c0s37b1n0:33130:37624 [3] NCCL INFO GPU/7000 :GPU/7000 (0/5000.000000/LOC) GPU/46000 (1/88.000000/NVL) GPU/85000 (1/88.000000/NVL) GPU/C7000 (1/88.000000/NVL) CPU/3 (2/24.000000/PHB) CPU/2 (3/24.000000/SYS) CPU/1 (3/24.000000/SYS) CPU/0 (3/24.000000/SYS) NET/1 (5/12.000000/SYS) NET/0 (5/12.000000/SYS) 
x3004c0s37b1n0:33130:37624 [3] NCCL INFO GPU/46000 :GPU/7000 (1/88.000000/NVL) GPU/46000 (0/5000.000000/LOC) GPU/85000 (1/88.000000/NVL) GPU/C7000 (1/88.000000/NVL) CPU/3 (3/24.000000/SYS) CPU/2 (2/24.000000/PHB) CPU/1 (3/24.000000/SYS) CPU/0 (3/24.000000/SYS) NET/1 (4/12.000000/PHB) NET/0 (5/12.000000/SYS) 
x3004c0s37b1n0:33130:37624 [3] NCCL INFO GPU/85000 :GPU/7000 (1/88.000000/NVL) GPU/46000 (1/88.000000/NVL) GPU/85000 (0/5000.000000/LOC) GPU/C7000 (1/88.000000/NVL) CPU/3 (3/24.000000/SYS) CPU/2 (3/24.000000/SYS) CPU/1 (2/24.000000/PHB) CPU/0 (3/24.000000/SYS) NET/1 (5/12.000000/SYS) NET/0 (5/12.000000/SYS) 
x3004c0s37b1n0:33130:37624 [3] NCCL INFO GPU/C7000 :GPU/7000 (1/88.000000/NVL) GPU/46000 (1/88.000000/NVL) GPU/85000 (1/88.000000/NVL) GPU/C7000 (0/5000.000000/LOC) CPU/3 (3/24.000000/SYS) CPU/2 (3/24.000000/SYS) CPU/1 (3/24.000000/SYS) CPU/0 (2/24.000000/PHB) NET/1 (5/12.000000/SYS) NET/0 (4/12.000000/PHB) 
x3004c0s37b1n0:33130:37624 [3] NCCL INFO NET/1 :GPU/7000 (5/12.000000/SYS) GPU/46000 (4/12.000000/PHB) GPU/85000 (5/12.000000/SYS) GPU/C7000 (5/12.000000/SYS) CPU/3 (3/12.000000/SYS) CPU/2 (2/12.000000/PHB) CPU/1 (3/12.000000/SYS) CPU/0 (3/12.000000/SYS) NET/1 (0/5000.000000/LOC) NET/0 (5/12.000000/SYS) 
x3004c0s37b1n0:33130:37624 [3] NCCL INFO NET/0 :GPU/7000 (5/12.000000/SYS) GPU/46000 (5/12.000000/SYS) GPU/85000 (5/12.000000/SYS) GPU/C7000 (4/12.000000/PHB) CPU/3 (3/12.000000/SYS) CPU/2 (3/12.000000/SYS) CPU/1 (3/12.000000/SYS) CPU/0 (2/12.000000/PHB) NET/1 (5/12.000000/SYS) NET/0 (0/5000.000000/LOC) 
x3004c0s37b1n0:33130:37624 [3] NCCL INFO Setting affinity for GPU 3 to 01
x3004c0s37b1n0:33130:37624 [3] NCCL INFO Pattern 4, crossNic 0, nChannels 2, bw 12.000000/12.000000, type NVL/SYS, sameChannels 1
x3004c0s37b1n0:33130:37624 [3] NCCL INFO  0 : NET/1 GPU/13 GPU/12 GPU/14 GPU/15 NET/1
x3004c0s37b1n0:33130:37624 [3] NCCL INFO  1 : NET/0 GPU/13 GPU/12 GPU/14 GPU/15 NET/0
x3004c0s37b1n0:33130:37624 [3] NCCL INFO Pattern 1, crossNic 0, nChannels 2, bw 24.000000/12.000000, type NVL/SYS, sameChannels 1
x3004c0s37b1n0:33130:37624 [3] NCCL INFO  0 : NET/1 GPU/12 GPU/13 GPU/14 GPU/15 NET/1
x3004c0s37b1n0:33130:37624 [3] NCCL INFO  1 : NET/0 GPU/12 GPU/13 GPU/14 GPU/15 NET/0
x3004c0s37b1n0:33130:37624 [3] NCCL INFO Pattern 3, crossNic 0, nChannels 0, bw 0.000000/0.000000, type NVL/PIX, sameChannels 1
x3004c0s37b1n0:33127:37623 [0] NCCL INFO Tree 0 : 8 -> 12 -> 13/-1/-1
x3004c0s37b1n0:33127:37623 [0] NCCL INFO Tree 2 : 1 -> 12 -> 13/16/-1
x3004c0s37b1n0:33127:37623 [0] NCCL INFO Tree 1 : 8 -> 12 -> 13/-1/-1
x3004c0s37b1n0:33127:37623 [0] NCCL INFO Tree 3 : 1 -> 12 -> 13/16/-1
x3004c0s37b1n0:33127:37623 [0] NCCL INFO Ring 00 : 13 -> 12 -> 14
x3004c0s37b1n0:33127:37623 [0] NCCL INFO Ring 01 : 13 -> 12 -> 14
x3004c0s37b1n0:33127:37623 [0] NCCL INFO Ring 02 : 13 -> 12 -> 14
x3004c0s37b1n0:33127:37623 [0] NCCL INFO Ring 03 : 13 -> 12 -> 14
x3004c0s37b1n0:33127:37623 [0] NCCL INFO Trees [0] 13/-1/-1->12->8 [1] 13/-1/-1->12->8 [2] 13/16/-1->12->1 [3] 13/16/-1->12->1
x3004c0s37b1n0:33127:37623 [0] NCCL INFO misc/utils.cc:235 memory stack hunk malloc(65536)
x3004c0s37b1n0:33127:37623 [0] NCCL INFO channel.cc:23 Cuda Alloc Size 8064 pointer 0x148d19817400
x3004c0s37b1n0:33127:37623 [0] NCCL INFO channel.cc:27 Cuda Alloc Size 80 pointer 0x148d19819400
x3004c0s37b1n0:33127:37623 [0] NCCL INFO channel.cc:23 Cuda Alloc Size 8064 pointer 0x148d19819600
x3004c0s37b1n0:33127:37623 [0] NCCL INFO channel.cc:27 Cuda Alloc Size 80 pointer 0x148d1981b600
x3004c0s37b1n0:33127:37623 [0] NCCL INFO channel.cc:23 Cuda Alloc Size 8064 pointer 0x148d1981b800
x3004c0s37b1n0:33127:37623 [0] NCCL INFO channel.cc:27 Cuda Alloc Size 80 pointer 0x148d1981d800
x3004c0s37b1n0:33127:37623 [0] NCCL INFO channel.cc:23 Cuda Alloc Size 8064 pointer 0x148d1981da00
x3004c0s37b1n0:33127:37623 [0] NCCL INFO channel.cc:27 Cuda Alloc Size 80 pointer 0x148d1981fa00
x3004c0s37b1n0:33127:37623 [0] NCCL INFO Channel 00/0 : 12[7000] -> 14[85000] via P2P/IPC/read
x3004c0s37b1n0:33127:37807 [0] NCCL INFO Mem Realloc old size 0, new size 8 pointer 0x148cc4000c60
x3004c0s37b1n0:33127:37807 [0] NCCL INFO New proxy send connection 0 from local rank 0, transport 0
x3004c0s37b1n0:33127:37623 [0] NCCL INFO Connection to proxy localRank 0 -> connection 0x148cc4000c80
x3004c0s37b1n0:33127:37807 [0] NCCL INFO transport/p2p.cc:430 Cuda Alloc Size 6291456 pointer 0x148d40000000
x3004c0s37b1n0:33128:37621 [1] NCCL INFO Tree 0 : 12 -> 13 -> 14/-1/-1
x3004c0s37b1n0:33128:37621 [1] NCCL INFO Tree 2 : 12 -> 13 -> 14/8/-1
x3004c0s37b1n0:33128:37621 [1] NCCL INFO Tree 1 : 12 -> 13 -> 14/-1/-1
x3004c0s37b1n0:33128:37621 [1] NCCL INFO Tree 3 : 12 -> 13 -> 14/8/-1
x3004c0s37b1n0:33128:37621 [1] NCCL INFO Ring 00 : 11 -> 13 -> 12
x3004c0s37b1n0:33128:37621 [1] NCCL INFO Ring 01 : 11 -> 13 -> 12
x3004c0s37b1n0:33128:37621 [1] NCCL INFO Ring 02 : 11 -> 13 -> 12
x3004c0s37b1n0:33128:37621 [1] NCCL INFO Ring 03 : 11 -> 13 -> 12
x3004c0s37b1n0:33128:37621 [1] NCCL INFO Trees [0] 14/-1/-1->13->12 [1] 14/-1/-1->13->12 [2] 14/8/-1->13->12 [3] 14/8/-1->13->12
x3004c0s37b1n0:33128:37621 [1] NCCL INFO misc/utils.cc:235 memory stack hunk malloc(65536)
x3004c0s37b1n0:33128:37621 [1] NCCL INFO channel.cc:23 Cuda Alloc Size 8064 pointer 0x14cb35817400
x3004c0s37b1n0:33128:37621 [1] NCCL INFO channel.cc:27 Cuda Alloc Size 80 pointer 0x14cb35819400
x3004c0s37b1n0:33128:37621 [1] NCCL INFO channel.cc:23 Cuda Alloc Size 8064 pointer 0x14cb35819600
x3004c0s37b1n0:33128:37621 [1] NCCL INFO channel.cc:27 Cuda Alloc Size 80 pointer 0x14cb3581b600
x3004c0s37b1n0:33128:37621 [1] NCCL INFO channel.cc:23 Cuda Alloc Size 8064 pointer 0x14cb3581b800
x3004c0s37b1n0:33128:37621 [1] NCCL INFO channel.cc:27 Cuda Alloc Size 80 pointer 0x14cb3581d800
x3004c0s37b1n0:33128:37621 [1] NCCL INFO channel.cc:23 Cuda Alloc Size 8064 pointer 0x14cb3581da00
x3004c0s37b1n0:33128:37621 [1] NCCL INFO channel.cc:27 Cuda Alloc Size 80 pointer 0x14cb3581fa00
x3004c0s37b1n0:33128:37621 [1] NCCL INFO GPU Direct RDMA Disabled for GPU 46000 / HCA 1 (distance 6 > 4)
x3004c0s37b1n0:33128:37808 [1] NCCL INFO Mem Realloc old size 0, new size 8 pointer 0x14cae0000c60
x3004c0s37b1n0:33128:37808 [1] NCCL INFO Allocated 4194656 bytes of shared memory in /dev/shm/nccl-8yyd09

x3004c0s37b1n0:33128:37808 [1] NCCL INFO New proxy recv connection 0 from local rank 1, transport 2
x3004c0s37b1n0:33129:37622 [2] NCCL INFO Ring 00 : 12 -> 14 -> 15
x3004c0s37b1n0:33129:37622 [2] NCCL INFO Ring 01 : 12 -> 14 -> 15
x3004c0s37b1n0:33129:37622 [2] NCCL INFO Ring 02 : 12 -> 14 -> 15
x3004c0s37b1n0:33129:37622 [2] NCCL INFO Ring 03 : 12 -> 14 -> 15
x3004c0s37b1n0:33129:37622 [2] NCCL INFO Trees [0] 15/-1/-1->14->13 [1] 15/-1/-1->14->13 [2] 15/-1/-1->14->13 [3] 15/-1/-1->14->13
x3004c0s37b1n0:33129:37622 [2] NCCL INFO misc/utils.cc:235 memory stack hunk malloc(65536)
x3004c0s37b1n0:33129:37622 [2] NCCL INFO channel.cc:23 Cuda Alloc Size 8064 pointer 0x14db59817400
x3004c0s37b1n0:33129:37622 [2] NCCL INFO channel.cc:27 Cuda Alloc Size 80 pointer 0x14db59819400
x3004c0s37b1n0:33129:37622 [2] NCCL INFO channel.cc:23 Cuda Alloc Size 8064 pointer 0x14db59819600
x3004c0s37b1n0:33129:37622 [2] NCCL INFO channel.cc:27 Cuda Alloc Size 80 pointer 0x14db5981b600
x3004c0s37b1n0:33129:37622 [2] NCCL INFO channel.cc:23 Cuda Alloc Size 8064 pointer 0x14db5981b800
x3004c0s37b1n0:33129:37622 [2] NCCL INFO channel.cc:27 Cuda Alloc Size 80 pointer 0x14db5981d800
x3004c0s37b1n0:33129:37622 [2] NCCL INFO channel.cc:23 Cuda Alloc Size 8064 pointer 0x14db5981da00
x3004c0s37b1n0:33129:37622 [2] NCCL INFO channel.cc:27 Cuda Alloc Size 80 pointer 0x14db5981fa00
x3004c0s37b1n0:33129:37622 [2] NCCL INFO Channel 00/0 : 14[85000] -> 15[c7000] via P2P/IPC/read
x3004c0s37b1n0:33129:37809 [2] NCCL INFO Mem Realloc old size 0, new size 8 pointer 0x14db08000c60
x3004c0s37b1n0:33129:37809 [2] NCCL INFO New proxy send connection 0 from local rank 2, transport 0
x3004c0s37b1n0:33128:37621 [1] NCCL INFO Connection to proxy localRank 1 -> connection 0x14cae0000c80
x3004c0s37b1n0:33127:37623 [0] NCCL INFO Channel 01/0 : 12[7000] -> 14[85000] via P2P/IPC/read
x3004c0s37b1n0:33127:37807 [0] NCCL INFO New proxy send connection 1 from local rank 0, transport 0
x3004c0s37b1n0:33130:37624 [3] NCCL INFO Ring 00 : 14 -> 15 -> 17
x3004c0s37b1n0:33130:37624 [3] NCCL INFO Ring 01 : 14 -> 15 -> 17
x3004c0s37b1n0:33130:37624 [3] NCCL INFO Ring 02 : 14 -> 15 -> 17
x3004c0s37b1n0:33130:37624 [3] NCCL INFO Ring 03 : 14 -> 15 -> 17
x3004c0s37b1n0:33130:37624 [3] NCCL INFO Trees [0] -1/-1/-1->15->14 [1] -1/-1/-1->15->14 [2] -1/-1/-1->15->14 [3] -1/-1/-1->15->14
x3004c0s37b1n0:33130:37624 [3] NCCL INFO misc/utils.cc:235 memory stack hunk malloc(65536)
x3004c0s37b1n0:33130:37624 [3] NCCL INFO channel.cc:23 Cuda Alloc Size 8064 pointer 0x151a27817400
x3004c0s37b1n0:33130:37624 [3] NCCL INFO channel.cc:27 Cuda Alloc Size 80 pointer 0x151a27819400
x3004c0s37b1n0:33130:37624 [3] NCCL INFO channel.cc:23 Cuda Alloc Size 8064 pointer 0x151a27819600
x3004c0s37b1n0:33130:37624 [3] NCCL INFO channel.cc:27 Cuda Alloc Size 80 pointer 0x151a2781b600
x3004c0s37b1n0:33130:37624 [3] NCCL INFO channel.cc:23 Cuda Alloc Size 8064 pointer 0x151a2781b800
x3004c0s37b1n0:33130:37624 [3] NCCL INFO channel.cc:27 Cuda Alloc Size 80 pointer 0x151a2781d800
x3004c0s37b1n0:33130:37624 [3] NCCL INFO channel.cc:23 Cuda Alloc Size 8064 pointer 0x151a2781da00
x3004c0s37b1n0:33130:37624 [3] NCCL INFO channel.cc:27 Cuda Alloc Size 80 pointer 0x151a2781fa00
x3004c0s37b1n0:33129:37622 [2] NCCL INFO Connection to proxy localRank 2 -> connection 0x14db08000c80
x3004c0s37b1n0:33129:37809 [2] NCCL INFO transport/p2p.cc:430 Cuda Alloc Size 6291456 pointer 0x14db80000000
x3004c0s37b1n0:33130:37810 [3] NCCL INFO Mem Realloc old size 0, new size 8 pointer 0x1519d0000c60
x3004c0s37b1n0:33130:37810 [3] NCCL INFO New proxy recv connection 0 from local rank 3, transport 0
x3004c0s37b1n0:33130:37624 [3] NCCL INFO Connection to proxy localRank 3 -> connection 0x1519d0000c80
x3004c0s37b1n0:33130:37810 [3] NCCL INFO transport/p2p.cc:449 Cuda Alloc Size 6291456 pointer 0x151a0b600000
x3004c0s37b1n0:33128:37621 [1] NCCL INFO Channel 00/0 : 11[c7000] -> 13[46000] [receive] via NET/IB/1
x3004c0s37b1n0:33128:37621 [1] NCCL INFO GPU Direct RDMA Disabled for GPU 46000 / HCA 0 (distance 7 > 4)
x3004c0s37b1n0:33128:37808 [1] NCCL INFO New proxy recv connection 1 from local rank 1, transport 2
x3004c0s37b1n0:33128:37621 [1] NCCL INFO Connection to proxy localRank 1 -> connection 0x14cae0000cc0
x3004c0s37b1n0:33127:37623 [0] NCCL INFO Connection to proxy localRank 0 -> connection 0x148cc4000cc0
x3004c0s37b1n0:33127:37807 [0] NCCL INFO transport/p2p.cc:430 Cuda Alloc Size 6291456 pointer 0x148d40600000
x3004c0s37b1n0:33129:37622 [2] NCCL INFO Channel 01/0 : 14[85000] -> 15[c7000] via P2P/IPC/read
x3004c0s37b1n0:33129:37809 [2] NCCL INFO New proxy send connection 1 from local rank 2, transport 0
x3004c0s37b1n0:33127:37623 [0] NCCL INFO Channel 02/0 : 12[7000] -> 14[85000] via P2P/IPC/read
x3004c0s37b1n0:33127:37807 [0] NCCL INFO New proxy send connection 2 from local rank 0, transport 0
x3004c0s37b1n0:33130:37810 [3] NCCL INFO New proxy recv connection 1 from local rank 3, transport 0
x3004c0s37b1n0:33129:37622 [2] NCCL INFO Connection to proxy localRank 2 -> connection 0x14db08000cc0
x3004c0s37b1n0:33129:37809 [2] NCCL INFO transport/p2p.cc:430 Cuda Alloc Size 6291456 pointer 0x14db80600000
x3004c0s37b1n0:33128:37621 [1] NCCL INFO Channel 01/0 : 11[c7000] -> 13[46000] [receive] via NET/IB/0
x3004c0s37b1n0:33128:37621 [1] NCCL INFO GPU Direct RDMA Disabled for GPU 46000 / HCA 1 (distance 6 > 4)
x3004c0s37b1n0:33128:37808 [1] NCCL INFO New proxy recv connection 2 from local rank 1, transport 2
x3004c0s37b1n0:33127:37623 [0] NCCL INFO Connection to proxy localRank 0 -> connection 0x148cc4000d00
x3004c0s37b1n0:33127:37807 [0] NCCL INFO transport/p2p.cc:430 Cuda Alloc Size 6291456 pointer 0x148d40c00000
x3004c0s37b1n0:33130:37624 [3] NCCL INFO Connection to proxy localRank 3 -> connection 0x1519d0000cc0
x3004c0s37b1n0:33130:37810 [3] NCCL INFO transport/p2p.cc:449 Cuda Alloc Size 6291456 pointer 0x151a4b800000
x3004c0s37b1n0:33129:37622 [2] NCCL INFO Channel 02/0 : 14[85000] -> 15[c7000] via P2P/IPC/read
x3004c0s37b1n0:33129:37809 [2] NCCL INFO New proxy send connection 2 from local rank 2, transport 0
x3004c0s37b1n0:33128:37621 [1] NCCL INFO Connection to proxy localRank 1 -> connection 0x14cae0000d00
x3004c0s37b1n0:33129:37622 [2] NCCL INFO Connection to proxy localRank 2 -> connection 0x14db08000d00
x3004c0s37b1n0:33129:37809 [2] NCCL INFO transport/p2p.cc:430 Cuda Alloc Size 6291456 pointer 0x14db80c00000
x3004c0s37b1n0:33129:37622 [2] NCCL INFO Channel 03/0 : 14[85000] -> 15[c7000] via P2P/IPC/read
x3004c0s37b1n0:33129:37809 [2] NCCL INFO New proxy send connection 3 from local rank 2, transport 0
x3004c0s37b1n0:33127:37623 [0] NCCL INFO Channel 03/0 : 12[7000] -> 14[85000] via P2P/IPC/read
x3004c0s37b1n0:33127:37807 [0] NCCL INFO New proxy send connection 3 from local rank 0, transport 0
x3004c0s37b1n0:33127:37623 [0] NCCL INFO Connection to proxy localRank 0 -> connection 0x148cc4000d40
x3004c0s37b1n0:33130:37810 [3] NCCL INFO New proxy recv connection 2 from local rank 3, transport 0
x3004c0s37b1n0:33130:37624 [3] NCCL INFO Connection to proxy localRank 3 -> connection 0x1519d0000d00
x3004c0s37b1n0:33127:37807 [0] NCCL INFO transport/p2p.cc:430 Cuda Alloc Size 6291456 pointer 0x148d41200000
x3004c0s37b1n0:33128:37621 [1] NCCL INFO Channel 02/0 : 11[c7000] -> 13[46000] [receive] via NET/IB/1
x3004c0s37b1n0:33128:37621 [1] NCCL INFO GPU Direct RDMA Disabled for GPU 46000 / HCA 0 (distance 7 > 4)
x3004c0s37b1n0:33128:37808 [1] NCCL INFO New proxy recv connection 3 from local rank 1, transport 2
x3004c0s37b1n0:33130:37810 [3] NCCL INFO transport/p2p.cc:449 Cuda Alloc Size 6291456 pointer 0x151a4be00000
x3004c0s37b1n0:33129:37622 [2] NCCL INFO Connection to proxy localRank 2 -> connection 0x14db08000d40
x3004c0s37b1n0:33129:37809 [2] NCCL INFO transport/p2p.cc:430 Cuda Alloc Size 6291456 pointer 0x14db81200000
x3004c0s37b1n0:33128:37621 [1] NCCL INFO Connection to proxy localRank 1 -> connection 0x14cae0000d40
x3004c0s37b1n0:33128:37621 [1] NCCL INFO Channel 03/0 : 11[c7000] -> 13[46000] [receive] via NET/IB/0
x3004c0s37b1n0:33130:37810 [3] NCCL INFO New proxy recv connection 3 from local rank 3, transport 0
x3004c0s37b1n0:33130:37624 [3] NCCL INFO Connection to proxy localRank 3 -> connection 0x1519d0000d40
x3004c0s37b1n0:33130:37810 [3] NCCL INFO transport/p2p.cc:449 Cuda Alloc Size 6291456 pointer 0x151a4c400000
x3004c0s37b1n0:33130:37624 [3] NCCL INFO GPU Direct RDMA Disabled for GPU c7000 / HCA 1 (distance 7 > 4)
x3004c0s37b1n0:33129:37809 [2] NCCL INFO New proxy recv connection 4 from local rank 2, transport 0
x3004c0s37b1n0:33129:37622 [2] NCCL INFO Connection to proxy localRank 2 -> connection 0x14db08000d80
x3004c0s37b1n0:33129:37809 [2] NCCL INFO transport/p2p.cc:449 Cuda Alloc Size 6291456 pointer 0x14db03800000
x3004c0s37b1n0:33130:37810 [3] NCCL INFO Allocated 4194656 bytes of shared memory in /dev/shm/nccl-0jvx6i

x3004c0s37b1n0:33130:37810 [3] NCCL INFO New proxy send connection 4 from local rank 3, transport 2
x3004c0s37b1n0:33129:37809 [2] NCCL INFO New proxy recv connection 5 from local rank 2, transport 0
x3004c0s37b1n0:33129:37622 [2] NCCL INFO Connection to proxy localRank 2 -> connection 0x14db08000dc0
x3004c0s37b1n0:33129:37809 [2] NCCL INFO transport/p2p.cc:449 Cuda Alloc Size 6291456 pointer 0x14db00000000
x3004c0s37b1n0:33130:37624 [3] NCCL INFO Connection to proxy localRank 3 -> connection 0x1519d0000d80
x3004c0s37b1n0:33130:37624 [3] NCCL INFO Channel 00/0 : 15[c7000] -> 17[46000] [send] via NET/IB/1
x3004c0s37b1n0:33130:37624 [3] NCCL INFO GPU Direct RDMA Disabled for GPU c7000 / HCA 0 (distance 6 > 4)
x3004c0s37b1n0:33130:37810 [3] NCCL INFO New proxy send connection 5 from local rank 3, transport 2
x3004c0s37b1n0:33129:37809 [2] NCCL INFO New proxy recv connection 6 from local rank 2, transport 0
x3004c0s37b1n0:33129:37622 [2] NCCL INFO Connection to proxy localRank 2 -> connection 0x14db08000e00
x3004c0s37b1n0:33129:37809 [2] NCCL INFO transport/p2p.cc:449 Cuda Alloc Size 6291456 pointer 0x14db00600000
x3004c0s37b1n0:33130:37624 [3] NCCL INFO Connection to proxy localRank 3 -> connection 0x1519d0000dc0
x3004c0s37b1n0:33130:37624 [3] NCCL INFO Channel 01/0 : 15[c7000] -> 17[46000] [send] via NET/IB/0
x3004c0s37b1n0:33130:37624 [3] NCCL INFO GPU Direct RDMA Disabled for GPU c7000 / HCA 1 (distance 7 > 4)
x3004c0s37b1n0:33130:37810 [3] NCCL INFO New proxy send connection 6 from local rank 3, transport 2
x3004c0s37b1n0:33130:37624 [3] NCCL INFO Connection to proxy localRank 3 -> connection 0x1519d0000e00
x3004c0s37b1n0:33130:37624 [3] NCCL INFO Channel 02/0 : 15[c7000] -> 17[46000] [send] via NET/IB/1
x3004c0s37b1n0:33130:37624 [3] NCCL INFO GPU Direct RDMA Disabled for GPU c7000 / HCA 0 (distance 6 > 4)
x3004c0s37b1n0:33130:37810 [3] NCCL INFO New proxy send connection 7 from local rank 3, transport 2
x3004c0s37b1n0:33128:37808 [1] NCCL INFO transport/net_ib.cc:683 Ib Alloc Size 21688 pointer 0x14cae001d000
x3004c0s37b1n0:33128:37808 [1] NCCL INFO transport/net_ib.cc:696 Ib Alloc Size 552 pointer 0x14cae0024000
x3004c0s37b1n0:33128:37808 [1] NCCL INFO transport/net_ib.cc:771 Ib Alloc Size 552 pointer 0x14cae0041000
x3004c0s37b1n0:33128:37808 [1] NCCL INFO transport/net.cc:698 Cuda Host Alloc Size 9641984 pointer 0x14cb5aa00000
x3004c0s37b1n0:33128:37808 [1] NCCL INFO transport/net_ib.cc:683 Ib Alloc Size 21688 pointer 0x14cae0043000
x3004c0s37b1n0:33129:37809 [2] NCCL INFO New proxy recv connection 7 from local rank 2, transport 0
x3004c0s37b1n0:33128:37808 [1] NCCL INFO transport/net_ib.cc:696 Ib Alloc Size 552 pointer 0x14cae004a000
x3004c0s37b1n0:33130:37624 [3] NCCL INFO Connection to proxy localRank 3 -> connection 0x1519d0000e40
x3004c0s37b1n0:33130:37624 [3] NCCL INFO Channel 03/0 : 15[c7000] -> 17[46000] [send] via NET/IB/0
x3004c0s37b1n0:33130:37810 [3] NCCL INFO transport/net_ib.cc:596 Ib Alloc Size 26560 pointer 0x1519d0020000
x3004c0s37b1n0:33129:37622 [2] NCCL INFO Connection to proxy localRank 2 -> connection 0x14db08000e40
x3004c0s37b1n0:33129:37809 [2] NCCL INFO transport/p2p.cc:449 Cuda Alloc Size 6291456 pointer 0x14db00c00000
x3004c0s37b1n0:33130:37810 [3] NCCL INFO NET/IB: Dev 1 Port 1 qpn 6151 mtu 5 GID 0 (80FE/AB0100FEFF000000)
x3004c0s37b1n0:33130:37810 [3] NCCL INFO transport/net_ib.cc:653 Ib Alloc Size 552 pointer 0x1519d0038000
x3004c0s37b1n0:33130:37810 [3] NCCL INFO transport/net.cc:571 Cuda Host Alloc Size 9641984 pointer 0x1519d6c00000
x3004c0s37b1n0:33130:37810 [3] NCCL INFO transport/net_ib.cc:596 Ib Alloc Size 26560 pointer 0x1519d003a000
x3004c0s37b1n0:33130:37810 [3] NCCL INFO NET/IB: Dev 0 Port 1 qpn 5831 mtu 5 GID 0 (80FE/BD0100FEFF000000)
x3004c0s37b1n0:33130:37810 [3] NCCL INFO transport/net_ib.cc:653 Ib Alloc Size 552 pointer 0x1519d0051000
x3004c0s37b1n0:33129:37622 [2] NCCL INFO Connected all rings
x3004c0s37b1n0:33130:37810 [3] NCCL INFO transport/net.cc:571 Cuda Host Alloc Size 9641984 pointer 0x1519d7600000
x3004c0s37b1n0:33129:37809 [2] NCCL INFO New proxy recv connection 8 from local rank 2, transport 0
x3004c0s37b1n0:33127:37807 [0] NCCL INFO New proxy recv connection 4 from local rank 0, transport 0
x3004c0s37b1n0:33127:37623 [0] NCCL INFO Connection to proxy localRank 0 -> connection 0x148cc4000d80
x3004c0s37b1n0:33128:37808 [1] NCCL INFO transport/net_ib.cc:771 Ib Alloc Size 552 pointer 0x14cae0065000
x3004c0s37b1n0:33128:37808 [1] NCCL INFO transport/net.cc:698 Cuda Host Alloc Size 9641984 pointer 0x14cb5b400000
x3004c0s37b1n0:33130:37810 [3] NCCL INFO transport/net_ib.cc:596 Ib Alloc Size 26560 pointer 0x1519d0053000
x3004c0s37b1n0:33127:37807 [0] NCCL INFO transport/p2p.cc:449 Cuda Alloc Size 6291456 pointer 0x148cbf800000
x3004c0s37b1n0:33130:37810 [3] NCCL INFO NET/IB: Dev 1 Port 1 qpn 6152 mtu 5 GID 0 (80FE/AB0100FEFF000000)
x3004c0s37b1n0:33130:37810 [3] NCCL INFO transport/net_ib.cc:653 Ib Alloc Size 552 pointer 0x1519d006a000
x3004c0s37b1n0:33130:37810 [3] NCCL INFO transport/net.cc:571 Cuda Host Alloc Size 9641984 pointer 0x1519ca000000
x3004c0s37b1n0:33129:37622 [2] NCCL INFO Connection to proxy localRank 2 -> connection 0x14db08000e80
x3004c0s37b1n0:33129:37809 [2] NCCL INFO transport/p2p.cc:449 Cuda Alloc Size 6291456 pointer 0x14dafec00000
x3004c0s37b1n0:33128:37808 [1] NCCL INFO transport/net_ib.cc:683 Ib Alloc Size 21688 pointer 0x14cae0067000
x3004c0s37b1n0:33128:37808 [1] NCCL INFO transport/net_ib.cc:696 Ib Alloc Size 552 pointer 0x14cae006e000
x3004c0s37b1n0:33128:37808 [1] NCCL INFO transport/net_ib.cc:771 Ib Alloc Size 552 pointer 0x14cae0089000
x3004c0s37b1n0:33128:37808 [1] NCCL INFO transport/net.cc:698 Cuda Host Alloc Size 9641984 pointer 0x14cb5be00000
x3004c0s37b1n0:33127:37807 [0] NCCL INFO New proxy recv connection 5 from local rank 0, transport 0
x3004c0s37b1n0:33129:37809 [2] NCCL INFO New proxy recv connection 9 from local rank 2, transport 0
x3004c0s37b1n0:33130:37810 [3] NCCL INFO transport/net_ib.cc:596 Ib Alloc Size 26560 pointer 0x1519d006c000
x3004c0s37b1n0:33129:37622 [2] NCCL INFO Connection to proxy localRank 2 -> connection 0x14db08000ec0
x3004c0s37b1n0:33129:37809 [2] NCCL INFO transport/p2p.cc:449 Cuda Alloc Size 6291456 pointer 0x14daff200000
x3004c0s37b1n0:33130:37810 [3] NCCL INFO NET/IB: Dev 0 Port 1 qpn 5834 mtu 5 GID 0 (80FE/BD0100FEFF000000)
x3004c0s37b1n0:33130:37810 [3] NCCL INFO transport/net_ib.cc:653 Ib Alloc Size 552 pointer 0x1519d0083000
x3004c0s37b1n0:33130:37810 [3] NCCL INFO transport/net.cc:571 Cuda Host Alloc Size 9641984 pointer 0x1519caa00000
x3004c0s37b1n0:33127:37623 [0] NCCL INFO Connection to proxy localRank 0 -> connection 0x148cc4000dc0
x3004c0s37b1n0:33127:37807 [0] NCCL INFO transport/p2p.cc:449 Cuda Alloc Size 6291456 pointer 0x148cbc000000
x3004c0s37b1n0:33128:37808 [1] NCCL INFO transport/net_ib.cc:683 Ib Alloc Size 21688 pointer 0x14cae008b000
x3004c0s37b1n0:33128:37808 [1] NCCL INFO transport/net_ib.cc:696 Ib Alloc Size 552 pointer 0x14cae0092000
x3004c0s37b1n0:33129:37809 [2] NCCL INFO New proxy recv connection 10 from local rank 2, transport 0
x3004c0s37b1n0:33128:37808 [1] NCCL INFO transport/net_ib.cc:771 Ib Alloc Size 552 pointer 0x14cae00ad000
x3004c0s37b1n0:33128:37808 [1] NCCL INFO transport/net.cc:698 Cuda Host Alloc Size 9641984 pointer 0x14cb5c800000
x3004c0s37b1n0:33129:37622 [2] NCCL INFO Connection to proxy localRank 2 -> connection 0x14db08000f00
x3004c0s37b1n0:33129:37809 [2] NCCL INFO transport/p2p.cc:449 Cuda Alloc Size 6291456 pointer 0x14daff800000
x3004c0s37b1n0:33130:37624 [3] NCCL INFO Connected all rings
x3004c0s37b1n0:33130:37624 [3] NCCL INFO Channel 00/0 : 15[c7000] -> 14[85000] via P2P/IPC/read
x3004c0s37b1n0:33130:37810 [3] NCCL INFO New proxy send connection 8 from local rank 3, transport 0
x3004c0s37b1n0:33127:37807 [0] NCCL INFO New proxy recv connection 6 from local rank 0, transport 0
x3004c0s37b1n0:33129:37809 [2] NCCL INFO New proxy recv connection 11 from local rank 2, transport 0
x3004c0s37b1n0:33128:37621 [1] NCCL INFO Channel 00/0 : 13[46000] -> 12[7000] via P2P/IPC/read
x3004c0s37b1n0:33128:37808 [1] NCCL INFO New proxy send connection 4 from local rank 1, transport 0
x3004c0s37b1n0:33129:37622 [2] NCCL INFO Connection to proxy localRank 2 -> connection 0x14db08000f40
x3004c0s37b1n0:33129:37809 [2] NCCL INFO transport/p2p.cc:449 Cuda Alloc Size 6291456 pointer 0x14dafc000000
x3004c0s37b1n0:33127:37623 [0] NCCL INFO Connection to proxy localRank 0 -> connection 0x148cc4000e00
x3004c0s37b1n0:33127:37807 [0] NCCL INFO transport/p2p.cc:449 Cuda Alloc Size 6291456 pointer 0x148cbc600000
x3004c0s37b1n0:33128:37621 [1] NCCL INFO Connection to proxy localRank 1 -> connection 0x14cae0000d80
x3004c0s37b1n0:33128:37808 [1] NCCL INFO transport/p2p.cc:430 Cuda Alloc Size 6291456 pointer 0x14cb5d200000
x3004c0s37b1n0:33130:37624 [3] NCCL INFO Connection to proxy localRank 3 -> connection 0x1519d0000e80
x3004c0s37b1n0:33130:37810 [3] NCCL INFO transport/p2p.cc:430 Cuda Alloc Size 6291456 pointer 0x1519cb400000
x3004c0s37b1n0:33127:37807 [0] NCCL INFO New proxy recv connection 7 from local rank 0, transport 0
x3004c0s37b1n0:33128:37621 [1] NCCL INFO Channel 01/0 : 13[46000] -> 12[7000] via P2P/IPC/read
x3004c0s37b1n0:33128:37808 [1] NCCL INFO New proxy send connection 5 from local rank 1, transport 0
x3004c0s37b1n0:33130:37624 [3] NCCL INFO Channel 01/0 : 15[c7000] -> 14[85000] via P2P/IPC/read
x3004c0s37b1n0:33130:37810 [3] NCCL INFO New proxy send connection 9 from local rank 3, transport 0
x3004c0s37b1n0:33127:37623 [0] NCCL INFO Connection to proxy localRank 0 -> connection 0x148cc4000e40
x3004c0s37b1n0:33128:37621 [1] NCCL INFO Connection to proxy localRank 1 -> connection 0x14cae0000dc0
x3004c0s37b1n0:33128:37808 [1] NCCL INFO transport/p2p.cc:430 Cuda Alloc Size 6291456 pointer 0x14cada000000
x3004c0s37b1n0:33127:37807 [0] NCCL INFO transport/p2p.cc:449 Cuda Alloc Size 6291456 pointer 0x148cbcc00000
x3004c0s37b1n0:33130:37624 [3] NCCL INFO Connection to proxy localRank 3 -> connection 0x1519d0000ec0
x3004c0s37b1n0:33130:37810 [3] NCCL INFO transport/p2p.cc:430 Cuda Alloc Size 6291456 pointer 0x1519cba00000
x3004c0s37b1n0:33130:37624 [3] NCCL INFO Channel 02/0 : 15[c7000] -> 14[85000] via P2P/IPC/read
x3004c0s37b1n0:33128:37621 [1] NCCL INFO Channel 02/0 : 13[46000] -> 12[7000] via P2P/IPC/read
x3004c0s37b1n0:33128:37808 [1] NCCL INFO New proxy send connection 6 from local rank 1, transport 0
x3004c0s37b1n0:33128:37621 [1] NCCL INFO Connection to proxy localRank 1 -> connection 0x14cae0000e00
x3004c0s37b1n0:33128:37808 [1] NCCL INFO transport/p2p.cc:430 Cuda Alloc Size 6291456 pointer 0x14cada600000
x3004c0s37b1n0:33130:37810 [3] NCCL INFO New proxy send connection 10 from local rank 3, transport 0
x3004c0s37b1n0:33130:37624 [3] NCCL INFO Connection to proxy localRank 3 -> connection 0x1519d0000f00
x3004c0s37b1n0:33130:37810 [3] NCCL INFO transport/p2p.cc:430 Cuda Alloc Size 6291456 pointer 0x1519c8000000
x3004c0s37b1n0:33130:37624 [3] NCCL INFO Channel 03/0 : 15[c7000] -> 14[85000] via P2P/IPC/read
x3004c0s37b1n0:33130:37810 [3] NCCL INFO New proxy send connection 11 from local rank 3, transport 0
x3004c0s37b1n0:33128:37621 [1] NCCL INFO Channel 03/0 : 13[46000] -> 12[7000] via P2P/IPC/read
x3004c0s37b1n0:33128:37808 [1] NCCL INFO New proxy send connection 7 from local rank 1, transport 0
x3004c0s37b1n0:33128:37621 [1] NCCL INFO Connection to proxy localRank 1 -> connection 0x14cae0000e40
x3004c0s37b1n0:33130:37624 [3] NCCL INFO Connection to proxy localRank 3 -> connection 0x1519d0000f40
x3004c0s37b1n0:33130:37810 [3] NCCL INFO transport/p2p.cc:430 Cuda Alloc Size 6291456 pointer 0x1519c8600000
x3004c0s37b1n0:33128:37808 [1] NCCL INFO transport/p2p.cc:430 Cuda Alloc Size 6291456 pointer 0x14cadac00000
x3004c0s37b1n0:33128:37621 [1] NCCL INFO Connected all rings
x3004c0s37b1n0:33127:37623 [0] NCCL INFO Connected all rings
x3004c0s37b1n0:33127:37623 [0] NCCL INFO Channel 00/0 : 12[7000] -> 13[46000] via P2P/IPC/read
x3004c0s37b1n0:33127:37807 [0] NCCL INFO New proxy send connection 8 from local rank 0, transport 0
x3004c0s37b1n0:33127:37623 [0] NCCL INFO Connection to proxy localRank 0 -> connection 0x148cc4000e80
x3004c0s37b1n0:33128:37808 [1] NCCL INFO New proxy recv connection 8 from local rank 1, transport 0
x3004c0s37b1n0:33128:37621 [1] NCCL INFO Connection to proxy localRank 1 -> connection 0x14cae0000e80
x3004c0s37b1n0:33128:37808 [1] NCCL INFO transport/p2p.cc:449 Cuda Alloc Size 6291456 pointer 0x14cad2c00000
x3004c0s37b1n0:33127:37807 [0] NCCL INFO transport/p2p.cc:430 Cuda Alloc Size 6291456 pointer 0x148cbac00000
x3004c0s37b1n0:33128:37808 [1] NCCL INFO New proxy recv connection 9 from local rank 1, transport 0
x3004c0s37b1n0:33127:37623 [0] NCCL INFO Channel 01/0 : 12[7000] -> 13[46000] via P2P/IPC/read
x3004c0s37b1n0:33127:37807 [0] NCCL INFO New proxy send connection 9 from local rank 0, transport 0
x3004c0s37b1n0:33127:37623 [0] NCCL INFO Connection to proxy localRank 0 -> connection 0x148cc4000ec0
x3004c0s37b1n0:33127:37807 [0] NCCL INFO transport/p2p.cc:430 Cuda Alloc Size 6291456 pointer 0x148cbb200000
x3004c0s37b1n0:33128:37621 [1] NCCL INFO Connection to proxy localRank 1 -> connection 0x14cae0000ec0
x3004c0s37b1n0:33128:37808 [1] NCCL INFO transport/p2p.cc:449 Cuda Alloc Size 6291456 pointer 0x14cad3200000
x3004c0s37b1n0:33127:37623 [0] NCCL INFO Channel 02/0 : 12[7000] -> 13[46000] via P2P/IPC/read
x3004c0s37b1n0:33127:37807 [0] NCCL INFO New proxy send connection 10 from local rank 0, transport 0
x3004c0s37b1n0:33128:37808 [1] NCCL INFO New proxy recv connection 10 from local rank 1, transport 0
x3004c0s37b1n0:33127:37623 [0] NCCL INFO Connection to proxy localRank 0 -> connection 0x148cc4000f00
x3004c0s37b1n0:33127:37807 [0] NCCL INFO transport/p2p.cc:430 Cuda Alloc Size 6291456 pointer 0x148cbb800000
x3004c0s37b1n0:33127:37623 [0] NCCL INFO Channel 03/0 : 12[7000] -> 13[46000] via P2P/IPC/read
x3004c0s37b1n0:33127:37807 [0] NCCL INFO New proxy send connection 11 from local rank 0, transport 0
x3004c0s37b1n0:33127:37623 [0] NCCL INFO Connection to proxy localRank 0 -> connection 0x148cc4000f40
x3004c0s37b1n0:33128:37621 [1] NCCL INFO Connection to proxy localRank 1 -> connection 0x14cae0000f00
x3004c0s37b1n0:33128:37808 [1] NCCL INFO transport/p2p.cc:449 Cuda Alloc Size 6291456 pointer 0x14cad3800000
x3004c0s37b1n0:33127:37807 [0] NCCL INFO transport/p2p.cc:430 Cuda Alloc Size 6291456 pointer 0x148cb8000000
x3004c0s37b1n0:33128:37808 [1] NCCL INFO New proxy recv connection 11 from local rank 1, transport 0
x3004c0s37b1n0:33128:37621 [1] NCCL INFO Connection to proxy localRank 1 -> connection 0x14cae0000f40
x3004c0s37b1n0:33128:37808 [1] NCCL INFO transport/p2p.cc:449 Cuda Alloc Size 6291456 pointer 0x14cad0000000
x3004c0s37b1n0:33128:37621 [1] NCCL INFO Channel 00/0 : 13[46000] -> 14[85000] via P2P/IPC/read
x3004c0s37b1n0:33128:37808 [1] NCCL INFO New proxy send connection 12 from local rank 1, transport 0
x3004c0s37b1n0:33128:37621 [1] NCCL INFO Connection to proxy localRank 1 -> connection 0x14cae0000f80
x3004c0s37b1n0:33128:37808 [1] NCCL INFO transport/p2p.cc:430 Cuda Alloc Size 6291456 pointer 0x14cad0600000
x3004c0s37b1n0:33128:37621 [1] NCCL INFO Channel 01/0 : 13[46000] -> 14[85000] via P2P/IPC/read
x3004c0s37b1n0:33128:37808 [1] NCCL INFO New proxy send connection 13 from local rank 1, transport 0
x3004c0s37b1n0:33128:37621 [1] NCCL INFO Connection to proxy localRank 1 -> connection 0x14cae0000fc0
x3004c0s37b1n0:33128:37808 [1] NCCL INFO transport/p2p.cc:430 Cuda Alloc Size 6291456 pointer 0x14cad0c00000
x3004c0s37b1n0:33128:37621 [1] NCCL INFO Channel 02/0 : 13[46000] -> 14[85000] via P2P/IPC/read
x3004c0s37b1n0:33128:37808 [1] NCCL INFO New proxy send connection 14 from local rank 1, transport 0
x3004c0s37b1n0:33128:37621 [1] NCCL INFO Connection to proxy localRank 1 -> connection 0x14cae0001000
x3004c0s37b1n0:33128:37808 [1] NCCL INFO transport/p2p.cc:430 Cuda Alloc Size 6291456 pointer 0x14cad1200000
x3004c0s37b1n0:33128:37621 [1] NCCL INFO Channel 03/0 : 13[46000] -> 14[85000] via P2P/IPC/read
x3004c0s37b1n0:33128:37808 [1] NCCL INFO New proxy send connection 15 from local rank 1, transport 0
x3004c0s37b1n0:33128:37621 [1] NCCL INFO Connection to proxy localRank 1 -> connection 0x14cae0001040
x3004c0s37b1n0:33128:37808 [1] NCCL INFO transport/p2p.cc:430 Cuda Alloc Size 6291456 pointer 0x14cad1800000
x3004c0s37b1n0:33128:37621 [1] NCCL INFO GPU Direct RDMA Disabled for GPU 46000 / HCA 1 (distance 6 > 4)
x3004c0s37b1n0:33127:37623 [0] NCCL INFO GPU Direct RDMA Disabled for GPU 7000 / HCA 1 (distance 7 > 4)
x3004c0s37b1n0:33127:37807 [0] NCCL INFO Allocated 4194656 bytes of shared memory in /dev/shm/nccl-DMEKy8

x3004c0s37b1n0:33127:37807 [0] NCCL INFO New proxy recv connection 12 from local rank 0, transport 2
x3004c0s37b1n0:33129:37809 [2] NCCL INFO New proxy recv connection 12 from local rank 2, transport 0
x3004c0s37b1n0:33129:37622 [2] NCCL INFO Connection to proxy localRank 2 -> connection 0x14db08000f80
x3004c0s37b1n0:33129:37809 [2] NCCL INFO transport/p2p.cc:449 Cuda Alloc Size 6291456 pointer 0x14dafa000000
x3004c0s37b1n0:33128:37808 [1] NCCL INFO New proxy recv connection 16 from local rank 1, transport 2
x3004c0s37b1n0:33127:37623 [0] NCCL INFO Connection to proxy localRank 0 -> connection 0x148cc4000f80
x3004c0s37b1n0:33129:37809 [2] NCCL INFO New proxy recv connection 13 from local rank 2, transport 0
x3004c0s37b1n0:33128:37621 [1] NCCL INFO Connection to proxy localRank 1 -> connection 0x14cae0001080
x3004c0s37b1n0:33128:37621 [1] NCCL INFO Channel 02/0 : 8[7000] -> 13[46000] [receive] via NET/IB/1
x3004c0s37b1n0:33128:37621 [1] NCCL INFO GPU Direct RDMA Disabled for GPU 46000 / HCA 0 (distance 7 > 4)
x3004c0s37b1n0:33128:37808 [1] NCCL INFO New proxy recv connection 17 from local rank 1, transport 2
x3004c0s37b1n0:33127:37623 [0] NCCL INFO Channel 00/0 : 8[7000] -> 12[7000] [receive] via NET/IB/1
x3004c0s37b1n0:33127:37623 [0] NCCL INFO GPU Direct RDMA Disabled for GPU 7000 / HCA 0 (distance 7 > 4)
x3004c0s37b1n0:33127:37807 [0] NCCL INFO New proxy recv connection 13 from local rank 0, transport 2
x3004c0s37b1n0:33129:37622 [2] NCCL INFO Connection to proxy localRank 2 -> connection 0x14db08000fc0
x3004c0s37b1n0:33129:37809 [2] NCCL INFO transport/p2p.cc:449 Cuda Alloc Size 6291456 pointer 0x14dafa600000
x3004c0s37b1n0:33128:37621 [1] NCCL INFO Connection to proxy localRank 1 -> connection 0x14cae00010c0
x3004c0s37b1n0:33127:37623 [0] NCCL INFO Connection to proxy localRank 0 -> connection 0x148cc4000fc0
x3004c0s37b1n0:33129:37809 [2] NCCL INFO New proxy recv connection 14 from local rank 2, transport 0
x3004c0s37b1n0:33127:37623 [0] NCCL INFO Channel 01/0 : 8[7000] -> 12[7000] [receive] via NET/IB/0
x3004c0s37b1n0:33127:37623 [0] NCCL INFO GPU Direct RDMA Disabled for GPU 7000 / HCA 1 (distance 7 > 4)
x3004c0s37b1n0:33127:37807 [0] NCCL INFO New proxy send connection 14 from local rank 0, transport 2
x3004c0s37b1n0:33128:37621 [1] NCCL INFO Channel 03/0 : 8[7000] -> 13[46000] [receive] via NET/IB/0
x3004c0s37b1n0:33129:37622 [2] NCCL INFO Connection to proxy localRank 2 -> connection 0x14db08001000
x3004c0s37b1n0:33129:37809 [2] NCCL INFO transport/p2p.cc:449 Cuda Alloc Size 6291456 pointer 0x14dafac00000
x3004c0s37b1n0:33127:37623 [0] NCCL INFO Connection to proxy localRank 0 -> connection 0x148cc4001000
x3004c0s37b1n0:33127:37623 [0] NCCL INFO Channel 02/0 : 12[7000] -> 16[7000] [send] via NET/IB/1
x3004c0s37b1n0:33127:37623 [0] NCCL INFO GPU Direct RDMA Disabled for GPU 7000 / HCA 0 (distance 7 > 4)
x3004c0s37b1n0:33127:37807 [0] NCCL INFO New proxy send connection 15 from local rank 0, transport 2
x3004c0s37b1n0:33129:37809 [2] NCCL INFO New proxy recv connection 15 from local rank 2, transport 0
x3004c0s37b1n0:33129:37622 [2] NCCL INFO Connection to proxy localRank 2 -> connection 0x14db08001040
x3004c0s37b1n0:33127:37623 [0] NCCL INFO Connection to proxy localRank 0 -> connection 0x148cc4001040
x3004c0s37b1n0:33127:37623 [0] NCCL INFO Channel 03/0 : 12[7000] -> 16[7000] [send] via NET/IB/0
x3004c0s37b1n0:33127:37807 [0] NCCL INFO transport/net_ib.cc:596 Ib Alloc Size 26560 pointer 0x148cc4026000
x3004c0s37b1n0:33127:37807 [0] NCCL INFO NET/IB: Dev 1 Port 1 qpn 6155 mtu 5 GID 0 (80FE/AB0100FEFF000000)
x3004c0s37b1n0:33127:37807 [0] NCCL INFO transport/net_ib.cc:653 Ib Alloc Size 552 pointer 0x148cc403e000
x3004c0s37b1n0:33127:37807 [0] NCCL INFO transport/net.cc:571 Cuda Host Alloc Size 9641984 pointer 0x148cb6000000
x3004c0s37b1n0:33127:37807 [0] NCCL INFO transport/net_ib.cc:596 Ib Alloc Size 26560 pointer 0x148cc4040000
x3004c0s37b1n0:33127:37807 [0] NCCL INFO NET/IB: Dev 0 Port 1 qpn 5837 mtu 5 GID 0 (80FE/BD0100FEFF000000)
x3004c0s37b1n0:33127:37807 [0] NCCL INFO transport/net_ib.cc:653 Ib Alloc Size 552 pointer 0x148cc4057000
x3004c0s37b1n0:33127:37807 [0] NCCL INFO transport/net.cc:571 Cuda Host Alloc Size 9641984 pointer 0x148cb6a00000
x3004c0s37b1n0:33127:37807 [0] NCCL INFO transport/net_ib.cc:683 Ib Alloc Size 21688 pointer 0x148cc4059000
x3004c0s37b1n0:33127:37807 [0] NCCL INFO transport/net_ib.cc:696 Ib Alloc Size 552 pointer 0x148cc4060000
x3004c0s37b1n0:33129:37809 [2] NCCL INFO transport/p2p.cc:449 Cuda Alloc Size 6291456 pointer 0x14dafb200000
x3004c0s37b1n0:33127:37807 [0] NCCL INFO transport/net_ib.cc:771 Ib Alloc Size 552 pointer 0x148cc407c000
x3004c0s37b1n0:33127:37807 [0] NCCL INFO transport/net.cc:698 Cuda Host Alloc Size 9641984 pointer 0x148cb7400000
x3004c0s37b1n0:33129:37622 [2] NCCL INFO Channel 00/0 : 14[85000] -> 13[46000] via P2P/IPC/read
x3004c0s37b1n0:33129:37809 [2] NCCL INFO New proxy send connection 16 from local rank 2, transport 0
x3004c0s37b1n0:33127:37807 [0] NCCL INFO transport/net_ib.cc:683 Ib Alloc Size 21688 pointer 0x148cc407e000
x3004c0s37b1n0:33127:37807 [0] NCCL INFO transport/net_ib.cc:696 Ib Alloc Size 552 pointer 0x148cc4085000
x3004c0s37b1n0:33127:37807 [0] NCCL INFO transport/net_ib.cc:771 Ib Alloc Size 552 pointer 0x148cc40a0000
x3004c0s37b1n0:33127:37807 [0] NCCL INFO transport/net.cc:698 Cuda Host Alloc Size 9641984 pointer 0x148cae000000
x3004c0s37b1n0:33127:37623 [0] NCCL INFO GPU Direct RDMA Disabled for GPU 7000 / HCA 1 (distance 7 > 4)
x3004c0s37b1n0:33127:37807 [0] NCCL INFO New proxy send connection 16 from local rank 0, transport 2
x3004c0s37b1n0:33129:37622 [2] NCCL INFO Connection to proxy localRank 2 -> connection 0x14db08001080
x3004c0s37b1n0:33129:37809 [2] NCCL INFO transport/p2p.cc:430 Cuda Alloc Size 6291456 pointer 0x14dafb800000
x3004c0s37b1n0:33127:37623 [0] NCCL INFO Connection to proxy localRank 0 -> connection 0x148cc4001080
x3004c0s37b1n0:33127:37623 [0] NCCL INFO Channel 02/0 : 12[7000] -> 1[46000] [send] via NET/IB/1
x3004c0s37b1n0:33127:37623 [0] NCCL INFO GPU Direct RDMA Disabled for GPU 7000 / HCA 0 (distance 7 > 4)
x3004c0s37b1n0:33129:37622 [2] NCCL INFO Channel 01/0 : 14[85000] -> 13[46000] via P2P/IPC/read
x3004c0s37b1n0:33129:37809 [2] NCCL INFO New proxy send connection 17 from local rank 2, transport 0
x3004c0s37b1n0:33128:37808 [1] NCCL INFO transport/net_ib.cc:683 Ib Alloc Size 21688 pointer 0x14cae00be000
x3004c0s37b1n0:33128:37808 [1] NCCL INFO transport/net_ib.cc:696 Ib Alloc Size 552 pointer 0x14cae001a000
x3004c0s37b1n0:33127:37807 [0] NCCL INFO New proxy send connection 17 from local rank 0, transport 2
x3004c0s37b1n0:33129:37622 [2] NCCL INFO Connection to proxy localRank 2 -> connection 0x14db080010c0
x3004c0s37b1n0:33129:37809 [2] NCCL INFO transport/p2p.cc:430 Cuda Alloc Size 6291456 pointer 0x14daf8000000
x3004c0s37b1n0:33127:37623 [0] NCCL INFO Connection to proxy localRank 0 -> connection 0x148cc40010c0
x3004c0s37b1n0:33127:37623 [0] NCCL INFO Channel 03/0 : 12[7000] -> 1[46000] [send] via NET/IB/0
x3004c0s37b1n0:33127:37807 [0] NCCL INFO transport/net_ib.cc:596 Ib Alloc Size 26560 pointer 0x148cc40ac000
x3004c0s37b1n0:33129:37622 [2] NCCL INFO Channel 02/0 : 14[85000] -> 13[46000] via P2P/IPC/read
x3004c0s37b1n0:33127:37807 [0] NCCL INFO NET/IB: Dev 1 Port 1 qpn 6158 mtu 5 GID 0 (80FE/AB0100FEFF000000)
x3004c0s37b1n0:33127:37807 [0] NCCL INFO transport/net_ib.cc:653 Ib Alloc Size 552 pointer 0x148cc40c3000
x3004c0s37b1n0:33127:37807 [0] NCCL INFO transport/net.cc:571 Cuda Host Alloc Size 9641984 pointer 0x148caea00000
x3004c0s37b1n0:33129:37809 [2] NCCL INFO New proxy send connection 18 from local rank 2, transport 0
x3004c0s37b1n0:33128:37808 [1] NCCL INFO transport/net_ib.cc:771 Ib Alloc Size 552 pointer 0x14cae00df000
x3004c0s37b1n0:33128:37808 [1] NCCL INFO transport/net.cc:698 Cuda Host Alloc Size 9641984 pointer 0x14cacd200000
x3004c0s37b1n0:33127:37807 [0] NCCL INFO transport/net_ib.cc:596 Ib Alloc Size 26560 pointer 0x148cc40c5000
x3004c0s37b1n0:33129:37622 [2] NCCL INFO Connection to proxy localRank 2 -> connection 0x14db08001100
x3004c0s37b1n0:33129:37809 [2] NCCL INFO transport/p2p.cc:430 Cuda Alloc Size 6291456 pointer 0x14daf8600000
x3004c0s37b1n0:33129:37622 [2] NCCL INFO Channel 03/0 : 14[85000] -> 13[46000] via P2P/IPC/read
x3004c0s37b1n0:33127:37807 [0] NCCL INFO NET/IB: Dev 0 Port 1 qpn 5840 mtu 5 GID 0 (80FE/BD0100FEFF000000)
x3004c0s37b1n0:33127:37807 [0] NCCL INFO transport/net_ib.cc:653 Ib Alloc Size 552 pointer 0x148cc40dc000
x3004c0s37b1n0:33127:37807 [0] NCCL INFO transport/net.cc:571 Cuda Host Alloc Size 9641984 pointer 0x148caf400000
x3004c0s37b1n0:33129:37809 [2] NCCL INFO New proxy send connection 19 from local rank 2, transport 0
x3004c0s37b1n0:33128:37808 [1] NCCL INFO transport/net_ib.cc:683 Ib Alloc Size 21688 pointer 0x14cae00e1000
x3004c0s37b1n0:33128:37808 [1] NCCL INFO transport/net_ib.cc:696 Ib Alloc Size 552 pointer 0x14cae00e8000
x3004c0s37b1n0:33128:37808 [1] NCCL INFO transport/net_ib.cc:771 Ib Alloc Size 552 pointer 0x14cae0103000
x3004c0s37b1n0:33128:37808 [1] NCCL INFO transport/net.cc:698 Cuda Host Alloc Size 9641984 pointer 0x14caca000000
x3004c0s37b1n0:33127:37623 [0] NCCL INFO GPU Direct RDMA Disabled for GPU 7000 / HCA 1 (distance 7 > 4)
x3004c0s37b1n0:33127:37807 [0] NCCL INFO New proxy recv connection 18 from local rank 0, transport 2
x3004c0s37b1n0:33129:37622 [2] NCCL INFO Connection to proxy localRank 2 -> connection 0x14db08001140
x3004c0s37b1n0:33129:37809 [2] NCCL INFO transport/p2p.cc:430 Cuda Alloc Size 6291456 pointer 0x14daf8c00000
x3004c0s37b1n0:33128:37621 [1] NCCL INFO GPU Direct RDMA Disabled for GPU 46000 / HCA 1 (distance 6 > 4)
x3004c0s37b1n0:33128:37808 [1] NCCL INFO New proxy send connection 18 from local rank 1, transport 2
x3004c0s37b1n0:33128:37621 [1] NCCL INFO Connection to proxy localRank 1 -> connection 0x14cae0001100
x3004c0s37b1n0:33128:37621 [1] NCCL INFO Channel 02/0 : 13[46000] -> 8[7000] [send] via NET/IB/1
x3004c0s37b1n0:33128:37621 [1] NCCL INFO GPU Direct RDMA Disabled for GPU 46000 / HCA 0 (distance 7 > 4)
x3004c0s37b1n0:33127:37623 [0] NCCL INFO Connection to proxy localRank 0 -> connection 0x148cc4001100
x3004c0s37b1n0:33130:37624 [3] NCCL INFO Connected all trees by HAO
x3004c0s37b1n0:33130:37624 [3] NCCL INFO threadThresholds 8/8/64 | 160/8/64 | 512 | 512
x3004c0s37b1n0:33130:37624 [3] NCCL INFO 4 coll channels, 4 p2p channels, 2 p2p channels per peer
x3004c0s37b1n0:33130:37810 [3] NCCL INFO New proxy send connection 12 from local rank 3, transport 2
x3004c0s37b1n0:33128:37808 [1] NCCL INFO New proxy send connection 19 from local rank 1, transport 2
x3004c0s37b1n0:33127:37623 [0] NCCL INFO Channel 02/0 : 1[46000] -> 12[7000] [receive] via NET/IB/1
x3004c0s37b1n0:33127:37623 [0] NCCL INFO GPU Direct RDMA Disabled for GPU 7000 / HCA 0 (distance 7 > 4)
x3004c0s37b1n0:33127:37807 [0] NCCL INFO New proxy recv connection 19 from local rank 0, transport 2
x3004c0s37b1n0:33130:37624 [3] NCCL INFO Connection to proxy localRank 3 -> connection 0x1519d0000f80
x3004c0s37b1n0:33130:37810 [3] NCCL INFO transport/net.cc:376 Cuda Alloc Size 8388608 pointer 0x1519c6600000
x3004c0s37b1n0:33128:37621 [1] NCCL INFO Connection to proxy localRank 1 -> connection 0x14cae0001140
x3004c0s37b1n0:33128:37621 [1] NCCL INFO Channel 03/0 : 13[46000] -> 8[7000] [send] via NET/IB/0
x3004c0s37b1n0:33127:37623 [0] NCCL INFO Connection to proxy localRank 0 -> connection 0x148cc4001140
x3004c0s37b1n0:33127:37623 [0] NCCL INFO Channel 03/0 : 1[46000] -> 12[7000] [receive] via NET/IB/0
x3004c0s37b1n0:33127:37807 [0] NCCL INFO transport/net_ib.cc:683 Ib Alloc Size 21688 pointer 0x148cc40e8000
x3004c0s37b1n0:33127:37807 [0] NCCL INFO transport/net_ib.cc:696 Ib Alloc Size 552 pointer 0x148cc40ef000
x3004c0s37b1n0:33127:37807 [0] NCCL INFO transport/net_ib.cc:771 Ib Alloc Size 552 pointer 0x148cc410a000
x3004c0s37b1n0:33127:37807 [0] NCCL INFO transport/net.cc:698 Cuda Host Alloc Size 9641984 pointer 0x148cac000000
x3004c0s37b1n0:33127:37807 [0] NCCL INFO transport/net_ib.cc:683 Ib Alloc Size 21688 pointer 0x148cc410c000
x3004c0s37b1n0:33127:37807 [0] NCCL INFO transport/net_ib.cc:696 Ib Alloc Size 552 pointer 0x148cc4113000
x3004c0s37b1n0:33127:37807 [0] NCCL INFO transport/net_ib.cc:771 Ib Alloc Size 552 pointer 0x148cc412e000
x3004c0s37b1n0:33127:37807 [0] NCCL INFO transport/net.cc:698 Cuda Host Alloc Size 9641984 pointer 0x148caca00000
x3004c0s37b1n0:33127:37623 [0] NCCL INFO GPU Direct RDMA Disabled for GPU 7000 / HCA 1 (distance 7 > 4)
x3004c0s37b1n0:33127:37807 [0] NCCL INFO New proxy recv connection 20 from local rank 0, transport 2
x3004c0s37b1n0:33127:37623 [0] NCCL INFO Connection to proxy localRank 0 -> connection 0x148cc4001180
x3004c0s37b1n0:33127:37623 [0] NCCL INFO Channel 02/0 : 16[7000] -> 12[7000] [receive] via NET/IB/1
x3004c0s37b1n0:33127:37623 [0] NCCL INFO GPU Direct RDMA Disabled for GPU 7000 / HCA 0 (distance 7 > 4)
x3004c0s37b1n0:33127:37807 [0] NCCL INFO New proxy recv connection 21 from local rank 0, transport 2
x3004c0s37b1n0:33127:37623 [0] NCCL INFO Connection to proxy localRank 0 -> connection 0x148cc40011c0
x3004c0s37b1n0:33127:37623 [0] NCCL INFO Channel 03/0 : 16[7000] -> 12[7000] [receive] via NET/IB/0
x3004c0s37b1n0:33127:37623 [0] NCCL INFO GPU Direct RDMA Disabled for GPU 7000 / HCA 1 (distance 7 > 4)
x3004c0s37b1n0:33127:37807 [0] NCCL INFO New proxy send connection 22 from local rank 0, transport 2
x3004c0s37b1n0:33127:37623 [0] NCCL INFO Connection to proxy localRank 0 -> connection 0x148cc4001200
x3004c0s37b1n0:33127:37623 [0] NCCL INFO Channel 00/0 : 12[7000] -> 8[7000] [send] via NET/IB/1
x3004c0s37b1n0:33127:37623 [0] NCCL INFO GPU Direct RDMA Disabled for GPU 7000 / HCA 0 (distance 7 > 4)
x3004c0s37b1n0:33127:37807 [0] NCCL INFO New proxy send connection 23 from local rank 0, transport 2
x3004c0s37b1n0:33127:37623 [0] NCCL INFO Connection to proxy localRank 0 -> connection 0x148cc4001240
x3004c0s37b1n0:33127:37623 [0] NCCL INFO Channel 01/0 : 12[7000] -> 8[7000] [send] via NET/IB/0
x3004c0s37b1n0:33128:37808 [1] NCCL INFO transport/net_ib.cc:596 Ib Alloc Size 26560 pointer 0x14cae010f000
x3004c0s37b1n0:33128:37808 [1] NCCL INFO NET/IB: Dev 1 Port 1 qpn 6163 mtu 5 GID 0 (80FE/AB0100FEFF000000)
x3004c0s37b1n0:33128:37808 [1] NCCL INFO transport/net_ib.cc:653 Ib Alloc Size 552 pointer 0x14cae0126000
