x3012c0s1b0n0:2282:7023 [3] NCCL INFO + SYS[5000.0] - CPU/0
x3012c0s1b0n0:2282:7023 [3] NCCL INFO + PCI[24.0] - PCI/44000 (11f8406811f8beef)
x3012c0s1b0n0:2282:7023 [3] NCCL INFO               + PCI[24.0] - GPU/46000 (17)
x3012c0s1b0n0:2282:7023 [3] NCCL INFO                             + NVL[88.0] - GPU/85000
x3012c0s1b0n0:2282:7023 [3] NCCL INFO                             + NVL[88.0] - GPU/C7000
x3012c0s1b0n0:2282:7023 [3] NCCL INFO                             + NVL[88.0] - GPU/7000
x3012c0s1b0n0:2282:7023 [3] NCCL INFO + PCI[12.0] - NIC/43000
x3012c0s1b0n0:2282:7023 [3] NCCL INFO               + NET[12.5] - NET/1 (88c604ffffa4e988/1/12.500000)
x3012c0s1b0n0:2282:7023 [3] NCCL INFO CPU/1 (1/2/-1)
x3012c0s1b0n0:2282:7023 [3] NCCL INFO + SYS[5000.0] - CPU/3
x3012c0s1b0n0:2282:7023 [3] NCCL INFO + SYS[5000.0] - CPU/2
x3012c0s1b0n0:2282:7023 [3] NCCL INFO + SYS[5000.0] - CPU/0
x3012c0s1b0n0:2282:7023 [3] NCCL INFO + PCI[24.0] - PCI/83000 (11f8406811f8beef)
x3012c0s1b0n0:2282:7023 [3] NCCL INFO               + PCI[24.0] - GPU/85000 (18)
x3012c0s1b0n0:2282:7023 [3] NCCL INFO                             + NVL[88.0] - GPU/C7000
x3012c0s1b0n0:2282:7023 [3] NCCL INFO                             + NVL[88.0] - GPU/46000
x3012c0s1b0n0:2282:7023 [3] NCCL INFO                             + NVL[88.0] - GPU/7000
x3012c0s1b0n0:2282:7023 [3] NCCL INFO CPU/0 (1/2/-1)
x3012c0s1b0n0:2282:7023 [3] NCCL INFO + SYS[5000.0] - CPU/3
x3012c0s1b0n0:2282:7023 [3] NCCL INFO + SYS[5000.0] - CPU/2
x3012c0s1b0n0:2282:7023 [3] NCCL INFO + SYS[5000.0] - CPU/1
x3012c0s1b0n0:2282:7023 [3] NCCL INFO + PCI[24.0] - PCI/C5000 (11f8406811f8beef)
x3012c0s1b0n0:2282:7023 [3] NCCL INFO               + PCI[24.0] - GPU/C7000 (19)
x3012c0s1b0n0:2282:7023 [3] NCCL INFO                             + NVL[88.0] - GPU/85000
x3012c0s1b0n0:2282:7023 [3] NCCL INFO                             + NVL[88.0] - GPU/46000
x3012c0s1b0n0:2282:7023 [3] NCCL INFO                             + NVL[88.0] - GPU/7000
x3012c0s1b0n0:2282:7023 [3] NCCL INFO + PCI[12.0] - NIC/C8000
x3012c0s1b0n0:2282:7023 [3] NCCL INFO               + NET[12.5] - NET/0 (acc604ffffa4e988/1/12.500000)
x3012c0s1b0n0:2282:7023 [3] NCCL INFO ==========================================
x3012c0s1b0n0:2282:7023 [3] NCCL INFO GPU/7000 :GPU/7000 (0/5000.000000/LOC) GPU/46000 (1/88.000000/NVL) GPU/85000 (1/88.000000/NVL) GPU/C7000 (1/88.000000/NVL) CPU/3 (2/24.000000/PHB) CPU/2 (3/24.000000/SYS) CPU/1 (3/24.000000/SYS) CPU/0 (3/24.000000/SYS) NET/1 (5/12.000000/SYS) NET/0 (5/12.000000/SYS) 
x3012c0s1b0n0:2282:7023 [3] NCCL INFO GPU/46000 :GPU/7000 (1/88.000000/NVL) GPU/46000 (0/5000.000000/LOC) GPU/85000 (1/88.000000/NVL) GPU/C7000 (1/88.000000/NVL) CPU/3 (3/24.000000/SYS) CPU/2 (2/24.000000/PHB) CPU/1 (3/24.000000/SYS) CPU/0 (3/24.000000/SYS) NET/1 (4/12.000000/PHB) NET/0 (5/12.000000/SYS) 
x3012c0s1b0n0:2282:7023 [3] NCCL INFO GPU/85000 :GPU/7000 (1/88.000000/NVL) GPU/46000 (1/88.000000/NVL) GPU/85000 (0/5000.000000/LOC) GPU/C7000 (1/88.000000/NVL) CPU/3 (3/24.000000/SYS) CPU/2 (3/24.000000/SYS) CPU/1 (2/24.000000/PHB) CPU/0 (3/24.000000/SYS) NET/1 (5/12.000000/SYS) NET/0 (5/12.000000/SYS) 
x3012c0s1b0n0:2282:7023 [3] NCCL INFO GPU/C7000 :GPU/7000 (1/88.000000/NVL) GPU/46000 (1/88.000000/NVL) GPU/85000 (1/88.000000/NVL) GPU/C7000 (0/5000.000000/LOC) CPU/3 (3/24.000000/SYS) CPU/2 (3/24.000000/SYS) CPU/1 (3/24.000000/SYS) CPU/0 (2/24.000000/PHB) NET/1 (5/12.000000/SYS) NET/0 (4/12.000000/PHB) 
x3012c0s1b0n0:2282:7023 [3] NCCL INFO NET/1 :GPU/7000 (5/12.000000/SYS) GPU/46000 (4/12.000000/PHB) GPU/85000 (5/12.000000/SYS) GPU/C7000 (5/12.000000/SYS) CPU/3 (3/12.000000/SYS) CPU/2 (2/12.000000/PHB) CPU/1 (3/12.000000/SYS) CPU/0 (3/12.000000/SYS) NET/1 (0/5000.000000/LOC) NET/0 (5/12.000000/SYS) 
x3012c0s1b0n0:2282:7023 [3] NCCL INFO NET/0 :GPU/7000 (5/12.000000/SYS) GPU/46000 (5/12.000000/SYS) GPU/85000 (5/12.000000/SYS) GPU/C7000 (4/12.000000/PHB) CPU/3 (3/12.000000/SYS) CPU/2 (3/12.000000/SYS) CPU/1 (3/12.000000/SYS) CPU/0 (2/12.000000/PHB) NET/1 (5/12.000000/SYS) NET/0 (0/5000.000000/LOC) 
x3012c0s1b0n0:2282:7023 [3] NCCL INFO Setting affinity for GPU 3 to 01
x3012c0s1b0n0:2282:7023 [3] NCCL INFO Pattern 4, crossNic 0, nChannels 2, bw 12.000000/12.000000, type NVL/SYS, sameChannels 1
x3012c0s1b0n0:2282:7023 [3] NCCL INFO  0 : NET/1 GPU/17 GPU/16 GPU/18 GPU/19 NET/1
x3012c0s1b0n0:2282:7023 [3] NCCL INFO  1 : NET/0 GPU/17 GPU/16 GPU/18 GPU/19 NET/0
x3012c0s1b0n0:2282:7023 [3] NCCL INFO Pattern 1, crossNic 0, nChannels 2, bw 24.000000/12.000000, type NVL/SYS, sameChannels 1
x3012c0s1b0n0:2282:7023 [3] NCCL INFO  0 : NET/1 GPU/16 GPU/17 GPU/18 GPU/19 NET/1
x3012c0s1b0n0:2282:7023 [3] NCCL INFO  1 : NET/0 GPU/16 GPU/17 GPU/18 GPU/19 NET/0
x3012c0s1b0n0:2282:7023 [3] NCCL INFO Pattern 3, crossNic 0, nChannels 0, bw 0.000000/0.000000, type NVL/PIX, sameChannels 1
x3012c0s1b0n0:2279:7021 [0] NCCL INFO Tree 0 : 0 -> 16 -> 17/-1/-1
x3012c0s1b0n0:2279:7021 [0] NCCL INFO Tree 2 : 12 -> 16 -> 17/-1/-1
x3012c0s1b0n0:2279:7021 [0] NCCL INFO Tree 1 : 0 -> 16 -> 17/-1/-1
x3012c0s1b0n0:2279:7021 [0] NCCL INFO Tree 3 : 12 -> 16 -> 17/-1/-1
x3012c0s1b0n0:2279:7021 [0] NCCL INFO Ring 00 : 17 -> 16 -> 18
x3012c0s1b0n0:2279:7021 [0] NCCL INFO Ring 01 : 17 -> 16 -> 18
x3012c0s1b0n0:2279:7021 [0] NCCL INFO Ring 02 : 17 -> 16 -> 18
x3012c0s1b0n0:2279:7021 [0] NCCL INFO Ring 03 : 17 -> 16 -> 18
x3012c0s1b0n0:2279:7021 [0] NCCL INFO Trees [0] 17/-1/-1->16->0 [1] 17/-1/-1->16->0 [2] 17/-1/-1->16->12 [3] 17/-1/-1->16->12
x3012c0s1b0n0:2279:7021 [0] NCCL INFO misc/utils.cc:235 memory stack hunk malloc(65536)
x3012c0s1b0n0:2279:7021 [0] NCCL INFO channel.cc:23 Cuda Alloc Size 8064 pointer 0x14b16f817400
x3012c0s1b0n0:2279:7021 [0] NCCL INFO channel.cc:27 Cuda Alloc Size 80 pointer 0x14b16f819400
x3012c0s1b0n0:2279:7021 [0] NCCL INFO channel.cc:23 Cuda Alloc Size 8064 pointer 0x14b16f819600
x3012c0s1b0n0:2279:7021 [0] NCCL INFO channel.cc:27 Cuda Alloc Size 80 pointer 0x14b16f81b600
x3012c0s1b0n0:2279:7021 [0] NCCL INFO channel.cc:23 Cuda Alloc Size 8064 pointer 0x14b16f81b800
x3012c0s1b0n0:2279:7021 [0] NCCL INFO channel.cc:27 Cuda Alloc Size 80 pointer 0x14b16f81d800
x3012c0s1b0n0:2279:7021 [0] NCCL INFO channel.cc:23 Cuda Alloc Size 8064 pointer 0x14b16f81da00
x3012c0s1b0n0:2279:7021 [0] NCCL INFO channel.cc:27 Cuda Alloc Size 80 pointer 0x14b16f81fa00
x3012c0s1b0n0:2279:7021 [0] NCCL INFO Channel 00/0 : 16[7000] -> 18[85000] via P2P/IPC/read
x3012c0s1b0n0:2280:7020 [1] NCCL INFO Tree 0 : 16 -> 17 -> 18/8/-1
x3012c0s1b0n0:2280:7020 [1] NCCL INFO Tree 2 : 16 -> 17 -> 18/-1/-1
x3012c0s1b0n0:2280:7020 [1] NCCL INFO Tree 1 : 16 -> 17 -> 18/8/-1
x3012c0s1b0n0:2280:7020 [1] NCCL INFO Tree 3 : 16 -> 17 -> 18/-1/-1
x3012c0s1b0n0:2280:7020 [1] NCCL INFO Ring 00 : 15 -> 17 -> 16
x3012c0s1b0n0:2280:7020 [1] NCCL INFO Ring 01 : 15 -> 17 -> 16
x3012c0s1b0n0:2280:7020 [1] NCCL INFO Ring 02 : 15 -> 17 -> 16
x3012c0s1b0n0:2280:7020 [1] NCCL INFO Ring 03 : 15 -> 17 -> 16
x3012c0s1b0n0:2280:7020 [1] NCCL INFO Trees [0] 18/8/-1->17->16 [1] 18/8/-1->17->16 [2] 18/-1/-1->17->16 [3] 18/-1/-1->17->16
x3012c0s1b0n0:2280:7020 [1] NCCL INFO misc/utils.cc:235 memory stack hunk malloc(65536)
x3012c0s1b0n0:2280:7020 [1] NCCL INFO channel.cc:23 Cuda Alloc Size 8064 pointer 0x1503f3e17400
x3012c0s1b0n0:2280:7020 [1] NCCL INFO channel.cc:27 Cuda Alloc Size 80 pointer 0x1503f3e19400
x3012c0s1b0n0:2280:7020 [1] NCCL INFO channel.cc:23 Cuda Alloc Size 8064 pointer 0x1503f3e19600
x3012c0s1b0n0:2280:7020 [1] NCCL INFO channel.cc:27 Cuda Alloc Size 80 pointer 0x1503f3e1b600
x3012c0s1b0n0:2280:7020 [1] NCCL INFO channel.cc:23 Cuda Alloc Size 8064 pointer 0x1503f3e1b800
x3012c0s1b0n0:2280:7020 [1] NCCL INFO channel.cc:27 Cuda Alloc Size 80 pointer 0x1503f3e1d800
x3012c0s1b0n0:2280:7020 [1] NCCL INFO channel.cc:23 Cuda Alloc Size 8064 pointer 0x1503f3e1da00
x3012c0s1b0n0:2280:7020 [1] NCCL INFO channel.cc:27 Cuda Alloc Size 80 pointer 0x1503f3e1fa00
x3012c0s1b0n0:2280:7020 [1] NCCL INFO GPU Direct RDMA Disabled for GPU 46000 / HCA 1 (distance 6 > 4)
x3012c0s1b0n0:2281:7022 [2] NCCL INFO Ring 00 : 16 -> 18 -> 19
x3012c0s1b0n0:2281:7022 [2] NCCL INFO Ring 01 : 16 -> 18 -> 19
x3012c0s1b0n0:2281:7022 [2] NCCL INFO Ring 02 : 16 -> 18 -> 19
x3012c0s1b0n0:2281:7022 [2] NCCL INFO Ring 03 : 16 -> 18 -> 19
x3012c0s1b0n0:2281:7022 [2] NCCL INFO Trees [0] 19/-1/-1->18->17 [1] 19/-1/-1->18->17 [2] 19/-1/-1->18->17 [3] 19/-1/-1->18->17
x3012c0s1b0n0:2281:7022 [2] NCCL INFO misc/utils.cc:235 memory stack hunk malloc(65536)
x3012c0s1b0n0:2281:7022 [2] NCCL INFO channel.cc:23 Cuda Alloc Size 8064 pointer 0x148177e17400
x3012c0s1b0n0:2281:7022 [2] NCCL INFO channel.cc:27 Cuda Alloc Size 80 pointer 0x148177e19400
x3012c0s1b0n0:2281:7022 [2] NCCL INFO channel.cc:23 Cuda Alloc Size 8064 pointer 0x148177e19600
x3012c0s1b0n0:2281:7022 [2] NCCL INFO channel.cc:27 Cuda Alloc Size 80 pointer 0x148177e1b600
x3012c0s1b0n0:2281:7022 [2] NCCL INFO channel.cc:23 Cuda Alloc Size 8064 pointer 0x148177e1b800
x3012c0s1b0n0:2281:7022 [2] NCCL INFO channel.cc:27 Cuda Alloc Size 80 pointer 0x148177e1d800
x3012c0s1b0n0:2281:7022 [2] NCCL INFO channel.cc:23 Cuda Alloc Size 8064 pointer 0x148177e1da00
x3012c0s1b0n0:2281:7022 [2] NCCL INFO channel.cc:27 Cuda Alloc Size 80 pointer 0x148177e1fa00
x3012c0s1b0n0:2281:7022 [2] NCCL INFO Channel 00/0 : 18[85000] -> 19[c7000] via P2P/IPC/read
x3012c0s1b0n0:2280:7192 [1] NCCL INFO Mem Realloc old size 0, new size 8 pointer 0x150370000c60
x3012c0s1b0n0:2280:7192 [1] NCCL INFO Allocated 4194656 bytes of shared memory in /dev/shm/nccl-FBjBcB

x3012c0s1b0n0:2280:7192 [1] NCCL INFO New proxy recv connection 0 from local rank 1, transport 2
x3012c0s1b0n0:2281:7193 [2] NCCL INFO Mem Realloc old size 0, new size 8 pointer 0x1480f0000c60
x3012c0s1b0n0:2281:7193 [2] NCCL INFO New proxy send connection 0 from local rank 2, transport 0
x3012c0s1b0n0:2282:7023 [3] NCCL INFO Ring 00 : 18 -> 19 -> 1
x3012c0s1b0n0:2282:7023 [3] NCCL INFO Ring 01 : 18 -> 19 -> 1
x3012c0s1b0n0:2282:7023 [3] NCCL INFO Ring 02 : 18 -> 19 -> 1
x3012c0s1b0n0:2282:7023 [3] NCCL INFO Ring 03 : 18 -> 19 -> 1
x3012c0s1b0n0:2282:7023 [3] NCCL INFO Trees [0] -1/-1/-1->19->18 [1] -1/-1/-1->19->18 [2] -1/-1/-1->19->18 [3] -1/-1/-1->19->18
x3012c0s1b0n0:2282:7023 [3] NCCL INFO misc/utils.cc:235 memory stack hunk malloc(65536)
x3012c0s1b0n0:2282:7023 [3] NCCL INFO channel.cc:23 Cuda Alloc Size 8064 pointer 0x14bf4f819a00
x3012c0s1b0n0:2282:7023 [3] NCCL INFO channel.cc:27 Cuda Alloc Size 80 pointer 0x14bf4f81ba00
x3012c0s1b0n0:2282:7023 [3] NCCL INFO channel.cc:23 Cuda Alloc Size 8064 pointer 0x14bf4f81bc00
x3012c0s1b0n0:2282:7023 [3] NCCL INFO channel.cc:27 Cuda Alloc Size 80 pointer 0x14bf4f81dc00
x3012c0s1b0n0:2282:7023 [3] NCCL INFO channel.cc:23 Cuda Alloc Size 8064 pointer 0x14bf4f81de00
x3012c0s1b0n0:2282:7023 [3] NCCL INFO channel.cc:27 Cuda Alloc Size 80 pointer 0x14bf4f81fe00
x3012c0s1b0n0:2282:7023 [3] NCCL INFO channel.cc:23 Cuda Alloc Size 8064 pointer 0x14bf4f820000
x3012c0s1b0n0:2282:7023 [3] NCCL INFO channel.cc:27 Cuda Alloc Size 80 pointer 0x14bf4f822000
x3012c0s1b0n0:2282:7194 [3] NCCL INFO Mem Realloc old size 0, new size 8 pointer 0x14bebc000c60
x3012c0s1b0n0:2282:7194 [3] NCCL INFO New proxy recv connection 0 from local rank 3, transport 0
x3012c0s1b0n0:2279:7187 [0] NCCL INFO Mem Realloc old size 0, new size 8 pointer 0x14b114000c60
x3012c0s1b0n0:2279:7187 [0] NCCL INFO New proxy send connection 0 from local rank 0, transport 0
x3012c0s1b0n0:2280:7020 [1] NCCL INFO Connection to proxy localRank 1 -> connection 0x150370000c80
x3012c0s1b0n0:2281:7022 [2] NCCL INFO Connection to proxy localRank 2 -> connection 0x1480f0000c80
x3012c0s1b0n0:2281:7193 [2] NCCL INFO transport/p2p.cc:430 Cuda Alloc Size 6291456 pointer 0x14815c000000
x3012c0s1b0n0:2282:7023 [3] NCCL INFO Connection to proxy localRank 3 -> connection 0x14bebc000c80
x3012c0s1b0n0:2282:7194 [3] NCCL INFO transport/p2p.cc:449 Cuda Alloc Size 6291456 pointer 0x14beeb800000
x3012c0s1b0n0:2279:7021 [0] NCCL INFO Connection to proxy localRank 0 -> connection 0x14b114000c80
x3012c0s1b0n0:2279:7187 [0] NCCL INFO transport/p2p.cc:430 Cuda Alloc Size 6291456 pointer 0x14b14fa00000
x3012c0s1b0n0:2280:7020 [1] NCCL INFO Channel 00/0 : 15[c7000] -> 17[46000] [receive] via NET/IB/1
x3012c0s1b0n0:2280:7020 [1] NCCL INFO GPU Direct RDMA Disabled for GPU 46000 / HCA 0 (distance 7 > 4)
x3012c0s1b0n0:2280:7192 [1] NCCL INFO New proxy recv connection 1 from local rank 1, transport 2
x3012c0s1b0n0:2281:7022 [2] NCCL INFO Channel 01/0 : 18[85000] -> 19[c7000] via P2P/IPC/read
x3012c0s1b0n0:2281:7193 [2] NCCL INFO New proxy send connection 1 from local rank 2, transport 0
x3012c0s1b0n0:2279:7021 [0] NCCL INFO Channel 01/0 : 16[7000] -> 18[85000] via P2P/IPC/read
x3012c0s1b0n0:2279:7187 [0] NCCL INFO New proxy send connection 1 from local rank 0, transport 0
x3012c0s1b0n0:2282:7194 [3] NCCL INFO New proxy recv connection 1 from local rank 3, transport 0
x3012c0s1b0n0:2282:7023 [3] NCCL INFO Connection to proxy localRank 3 -> connection 0x14bebc000cc0
x3012c0s1b0n0:2280:7020 [1] NCCL INFO Connection to proxy localRank 1 -> connection 0x150370000cc0
x3012c0s1b0n0:2282:7194 [3] NCCL INFO transport/p2p.cc:449 Cuda Alloc Size 6291456 pointer 0x14bef5a00000
x3012c0s1b0n0:2281:7022 [2] NCCL INFO Connection to proxy localRank 2 -> connection 0x1480f0000cc0
x3012c0s1b0n0:2281:7193 [2] NCCL INFO transport/p2p.cc:430 Cuda Alloc Size 6291456 pointer 0x14815c600000
x3012c0s1b0n0:2279:7021 [0] NCCL INFO Connection to proxy localRank 0 -> connection 0x14b114000cc0
x3012c0s1b0n0:2279:7187 [0] NCCL INFO transport/p2p.cc:430 Cuda Alloc Size 6291456 pointer 0x14b193800000
x3012c0s1b0n0:2280:7020 [1] NCCL INFO Channel 01/0 : 15[c7000] -> 17[46000] [receive] via NET/IB/0
x3012c0s1b0n0:2280:7020 [1] NCCL INFO GPU Direct RDMA Disabled for GPU 46000 / HCA 1 (distance 6 > 4)
x3012c0s1b0n0:2280:7192 [1] NCCL INFO New proxy recv connection 2 from local rank 1, transport 2
x3012c0s1b0n0:2281:7022 [2] NCCL INFO Channel 02/0 : 18[85000] -> 19[c7000] via P2P/IPC/read
x3012c0s1b0n0:2281:7193 [2] NCCL INFO New proxy send connection 2 from local rank 2, transport 0
x3012c0s1b0n0:2282:7194 [3] NCCL INFO New proxy recv connection 2 from local rank 3, transport 0
x3012c0s1b0n0:2279:7021 [0] NCCL INFO Channel 02/0 : 16[7000] -> 18[85000] via P2P/IPC/read
x3012c0s1b0n0:2279:7187 [0] NCCL INFO New proxy send connection 2 from local rank 0, transport 0
x3012c0s1b0n0:2279:7021 [0] NCCL INFO Connection to proxy localRank 0 -> connection 0x14b114000d00
x3012c0s1b0n0:2280:7020 [1] NCCL INFO Connection to proxy localRank 1 -> connection 0x150370000d00
x3012c0s1b0n0:2279:7187 [0] NCCL INFO transport/p2p.cc:430 Cuda Alloc Size 6291456 pointer 0x14b193e00000
x3012c0s1b0n0:2281:7022 [2] NCCL INFO Connection to proxy localRank 2 -> connection 0x1480f0000d00
x3012c0s1b0n0:2281:7193 [2] NCCL INFO transport/p2p.cc:430 Cuda Alloc Size 6291456 pointer 0x14815cc00000
x3012c0s1b0n0:2282:7023 [3] NCCL INFO Connection to proxy localRank 3 -> connection 0x14bebc000d00
x3012c0s1b0n0:2282:7194 [3] NCCL INFO transport/p2p.cc:449 Cuda Alloc Size 6291456 pointer 0x14bf0ba00000
x3012c0s1b0n0:2280:7020 [1] NCCL INFO Channel 02/0 : 15[c7000] -> 17[46000] [receive] via NET/IB/1
x3012c0s1b0n0:2280:7020 [1] NCCL INFO GPU Direct RDMA Disabled for GPU 46000 / HCA 0 (distance 7 > 4)
x3012c0s1b0n0:2280:7192 [1] NCCL INFO New proxy recv connection 3 from local rank 1, transport 2
x3012c0s1b0n0:2281:7022 [2] NCCL INFO Channel 03/0 : 18[85000] -> 19[c7000] via P2P/IPC/read
x3012c0s1b0n0:2279:7021 [0] NCCL INFO Channel 03/0 : 16[7000] -> 18[85000] via P2P/IPC/read
x3012c0s1b0n0:2279:7187 [0] NCCL INFO New proxy send connection 3 from local rank 0, transport 0
x3012c0s1b0n0:2281:7193 [2] NCCL INFO New proxy send connection 3 from local rank 2, transport 0
x3012c0s1b0n0:2282:7194 [3] NCCL INFO New proxy recv connection 3 from local rank 3, transport 0
x3012c0s1b0n0:2281:7022 [2] NCCL INFO Connection to proxy localRank 2 -> connection 0x1480f0000d40
x3012c0s1b0n0:2281:7193 [2] NCCL INFO transport/p2p.cc:430 Cuda Alloc Size 6291456 pointer 0x14815d200000
x3012c0s1b0n0:2280:7020 [1] NCCL INFO Connection to proxy localRank 1 -> connection 0x150370000d40
x3012c0s1b0n0:2282:7023 [3] NCCL INFO Connection to proxy localRank 3 -> connection 0x14bebc000d40
x3012c0s1b0n0:2282:7194 [3] NCCL INFO transport/p2p.cc:449 Cuda Alloc Size 6291456 pointer 0x14bf03a00000
x3012c0s1b0n0:2279:7021 [0] NCCL INFO Connection to proxy localRank 0 -> connection 0x14b114000d40
x3012c0s1b0n0:2279:7187 [0] NCCL INFO transport/p2p.cc:430 Cuda Alloc Size 6291456 pointer 0x14b194400000
x3012c0s1b0n0:2280:7020 [1] NCCL INFO Channel 03/0 : 15[c7000] -> 17[46000] [receive] via NET/IB/0
x3012c0s1b0n0:2282:7023 [3] NCCL INFO GPU Direct RDMA Disabled for GPU c7000 / HCA 1 (distance 7 > 4)
x3012c0s1b0n0:2281:7193 [2] NCCL INFO New proxy recv connection 4 from local rank 2, transport 0
x3012c0s1b0n0:2282:7194 [3] NCCL INFO Allocated 4194656 bytes of shared memory in /dev/shm/nccl-1rL1bJ

x3012c0s1b0n0:2282:7194 [3] NCCL INFO New proxy send connection 4 from local rank 3, transport 2
x3012c0s1b0n0:2281:7022 [2] NCCL INFO Connection to proxy localRank 2 -> connection 0x1480f0000d80
x3012c0s1b0n0:2281:7193 [2] NCCL INFO transport/p2p.cc:449 Cuda Alloc Size 6291456 pointer 0x14818f400000
x3012c0s1b0n0:2282:7023 [3] NCCL INFO Connection to proxy localRank 3 -> connection 0x14bebc000d80
x3012c0s1b0n0:2282:7023 [3] NCCL INFO Channel 00/0 : 19[c7000] -> 1[46000] [send] via NET/IB/1
x3012c0s1b0n0:2282:7023 [3] NCCL INFO GPU Direct RDMA Disabled for GPU c7000 / HCA 0 (distance 6 > 4)
x3012c0s1b0n0:2282:7194 [3] NCCL INFO New proxy send connection 5 from local rank 3, transport 2
x3012c0s1b0n0:2281:7193 [2] NCCL INFO New proxy recv connection 5 from local rank 2, transport 0
x3012c0s1b0n0:2281:7022 [2] NCCL INFO Connection to proxy localRank 2 -> connection 0x1480f0000dc0
x3012c0s1b0n0:2282:7023 [3] NCCL INFO Connection to proxy localRank 3 -> connection 0x14bebc000dc0
x3012c0s1b0n0:2282:7023 [3] NCCL INFO Channel 01/0 : 19[c7000] -> 1[46000] [send] via NET/IB/0
x3012c0s1b0n0:2282:7023 [3] NCCL INFO GPU Direct RDMA Disabled for GPU c7000 / HCA 1 (distance 7 > 4)
x3012c0s1b0n0:2282:7194 [3] NCCL INFO New proxy send connection 6 from local rank 3, transport 2
x3012c0s1b0n0:2281:7193 [2] NCCL INFO transport/p2p.cc:449 Cuda Alloc Size 6291456 pointer 0x14818fa00000
x3012c0s1b0n0:2281:7193 [2] NCCL INFO New proxy recv connection 6 from local rank 2, transport 0
x3012c0s1b0n0:2282:7023 [3] NCCL INFO Connection to proxy localRank 3 -> connection 0x14bebc000e00
x3012c0s1b0n0:2282:7023 [3] NCCL INFO Channel 02/0 : 19[c7000] -> 1[46000] [send] via NET/IB/1
x3012c0s1b0n0:2282:7023 [3] NCCL INFO GPU Direct RDMA Disabled for GPU c7000 / HCA 0 (distance 6 > 4)
x3012c0s1b0n0:2282:7194 [3] NCCL INFO New proxy send connection 7 from local rank 3, transport 2
x3012c0s1b0n0:2281:7022 [2] NCCL INFO Connection to proxy localRank 2 -> connection 0x1480f0000e00
x3012c0s1b0n0:2281:7193 [2] NCCL INFO transport/p2p.cc:449 Cuda Alloc Size 6291456 pointer 0x148197800000
x3012c0s1b0n0:2281:7193 [2] NCCL INFO New proxy recv connection 7 from local rank 2, transport 0
x3012c0s1b0n0:2282:7023 [3] NCCL INFO Connection to proxy localRank 3 -> connection 0x14bebc000e40
x3012c0s1b0n0:2282:7023 [3] NCCL INFO Channel 03/0 : 19[c7000] -> 1[46000] [send] via NET/IB/0
x3012c0s1b0n0:2282:7194 [3] NCCL INFO transport/net_ib.cc:596 Ib Alloc Size 26560 pointer 0x14bebc01f000
x3012c0s1b0n0:2282:7194 [3] NCCL INFO NET/IB: Dev 1 Port 1 qpn 3515 mtu 5 GID 0 (80FE/AF1100FEFF000000)
x3012c0s1b0n0:2282:7194 [3] NCCL INFO transport/net_ib.cc:653 Ib Alloc Size 552 pointer 0x14bebc037000
x3012c0s1b0n0:2282:7194 [3] NCCL INFO transport/net.cc:571 Cuda Host Alloc Size 9641984 pointer 0x14beba000000
x3012c0s1b0n0:2280:7192 [1] NCCL INFO transport/net_ib.cc:683 Ib Alloc Size 21688 pointer 0x15037001d000
x3012c0s1b0n0:2280:7192 [1] NCCL INFO transport/net_ib.cc:696 Ib Alloc Size 552 pointer 0x150370024000
x3012c0s1b0n0:2281:7022 [2] NCCL INFO Connection to proxy localRank 2 -> connection 0x1480f0000e40
x3012c0s1b0n0:2281:7193 [2] NCCL INFO transport/p2p.cc:449 Cuda Alloc Size 6291456 pointer 0x1480f6000000
x3012c0s1b0n0:2282:7194 [3] NCCL INFO transport/net_ib.cc:596 Ib Alloc Size 26560 pointer 0x14bebc039000
x3012c0s1b0n0:2280:7192 [1] NCCL INFO transport/net_ib.cc:771 Ib Alloc Size 552 pointer 0x150370041000
x3012c0s1b0n0:2280:7192 [1] NCCL INFO transport/net.cc:698 Cuda Host Alloc Size 9641984 pointer 0x1503d8000000
x3012c0s1b0n0:2282:7194 [3] NCCL INFO NET/IB: Dev 0 Port 1 qpn 3091 mtu 5 GID 0 (80FE/EA1100FEFF000000)
x3012c0s1b0n0:2282:7194 [3] NCCL INFO transport/net_ib.cc:653 Ib Alloc Size 552 pointer 0x14bebc051000
x3012c0s1b0n0:2282:7194 [3] NCCL INFO transport/net.cc:571 Cuda Host Alloc Size 9641984 pointer 0x14bebaa00000
x3012c0s1b0n0:2282:7194 [3] NCCL INFO transport/net_ib.cc:596 Ib Alloc Size 26560 pointer 0x14bebc053000
x3012c0s1b0n0:2281:7022 [2] NCCL INFO Connected all rings
x3012c0s1b0n0:2282:7194 [3] NCCL INFO NET/IB: Dev 1 Port 1 qpn 3518 mtu 5 GID 0 (80FE/AF1100FEFF000000)
x3012c0s1b0n0:2282:7194 [3] NCCL INFO transport/net_ib.cc:653 Ib Alloc Size 552 pointer 0x14bebc06a000
x3012c0s1b0n0:2282:7194 [3] NCCL INFO transport/net.cc:571 Cuda Host Alloc Size 9641984 pointer 0x14bebb400000
x3012c0s1b0n0:2281:7193 [2] NCCL INFO New proxy recv connection 8 from local rank 2, transport 0
x3012c0s1b0n0:2279:7187 [0] NCCL INFO New proxy recv connection 4 from local rank 0, transport 0
x3012c0s1b0n0:2280:7192 [1] NCCL INFO transport/net_ib.cc:683 Ib Alloc Size 21688 pointer 0x150370043000
x3012c0s1b0n0:2280:7192 [1] NCCL INFO transport/net_ib.cc:696 Ib Alloc Size 552 pointer 0x15037004a000
x3012c0s1b0n0:2280:7192 [1] NCCL INFO transport/net_ib.cc:771 Ib Alloc Size 552 pointer 0x150370065000
x3012c0s1b0n0:2280:7192 [1] NCCL INFO transport/net.cc:698 Cuda Host Alloc Size 9641984 pointer 0x1503d8a00000
x3012c0s1b0n0:2282:7194 [3] NCCL INFO transport/net_ib.cc:596 Ib Alloc Size 26560 pointer 0x14bebc06c000
x3012c0s1b0n0:2282:7194 [3] NCCL INFO NET/IB: Dev 0 Port 1 qpn 3094 mtu 5 GID 0 (80FE/EA1100FEFF000000)
x3012c0s1b0n0:2282:7194 [3] NCCL INFO transport/net_ib.cc:653 Ib Alloc Size 552 pointer 0x14bebc083000
x3012c0s1b0n0:2282:7194 [3] NCCL INFO transport/net.cc:571 Cuda Host Alloc Size 9641984 pointer 0x14beb8000000
x3012c0s1b0n0:2280:7192 [1] NCCL INFO transport/net_ib.cc:683 Ib Alloc Size 21688 pointer 0x150370067000
x3012c0s1b0n0:2280:7192 [1] NCCL INFO transport/net_ib.cc:696 Ib Alloc Size 552 pointer 0x15037006e000
x3012c0s1b0n0:2281:7022 [2] NCCL INFO Connection to proxy localRank 2 -> connection 0x1480f0000e80
x3012c0s1b0n0:2281:7193 [2] NCCL INFO transport/p2p.cc:449 Cuda Alloc Size 6291456 pointer 0x1480ee000000
x3012c0s1b0n0:2279:7021 [0] NCCL INFO Connection to proxy localRank 0 -> connection 0x14b114000d80
x3012c0s1b0n0:2279:7187 [0] NCCL INFO transport/p2p.cc:449 Cuda Alloc Size 6291456 pointer 0x14b11ac00000
x3012c0s1b0n0:2280:7192 [1] NCCL INFO transport/net_ib.cc:771 Ib Alloc Size 552 pointer 0x150370089000
x3012c0s1b0n0:2280:7192 [1] NCCL INFO transport/net.cc:698 Cuda Host Alloc Size 9641984 pointer 0x15036e000000
x3012c0s1b0n0:2282:7023 [3] NCCL INFO Connected all rings
x3012c0s1b0n0:2282:7023 [3] NCCL INFO Channel 00/0 : 19[c7000] -> 18[85000] via P2P/IPC/read
x3012c0s1b0n0:2282:7194 [3] NCCL INFO New proxy send connection 8 from local rank 3, transport 0
x3012c0s1b0n0:2281:7193 [2] NCCL INFO New proxy recv connection 9 from local rank 2, transport 0
x3012c0s1b0n0:2280:7192 [1] NCCL INFO transport/net_ib.cc:683 Ib Alloc Size 21688 pointer 0x15037008b000
x3012c0s1b0n0:2280:7192 [1] NCCL INFO transport/net_ib.cc:696 Ib Alloc Size 552 pointer 0x150370092000
x3012c0s1b0n0:2279:7187 [0] NCCL INFO New proxy recv connection 5 from local rank 0, transport 0
x3012c0s1b0n0:2279:7021 [0] NCCL INFO Connection to proxy localRank 0 -> connection 0x14b114000dc0
x3012c0s1b0n0:2280:7192 [1] NCCL INFO transport/net_ib.cc:771 Ib Alloc Size 552 pointer 0x1503700ad000
x3012c0s1b0n0:2280:7192 [1] NCCL INFO transport/net.cc:698 Cuda Host Alloc Size 9641984 pointer 0x15036ea00000
x3012c0s1b0n0:2282:7023 [3] NCCL INFO Connection to proxy localRank 3 -> connection 0x14bebc000e80
x3012c0s1b0n0:2282:7194 [3] NCCL INFO transport/p2p.cc:430 Cuda Alloc Size 6291456 pointer 0x14beb8a00000
x3012c0s1b0n0:2281:7022 [2] NCCL INFO Connection to proxy localRank 2 -> connection 0x1480f0000ec0
x3012c0s1b0n0:2281:7193 [2] NCCL INFO transport/p2p.cc:449 Cuda Alloc Size 6291456 pointer 0x1480ee600000
x3012c0s1b0n0:2280:7020 [1] NCCL INFO Channel 00/0 : 17[46000] -> 16[7000] via P2P/IPC/read
x3012c0s1b0n0:2280:7192 [1] NCCL INFO New proxy send connection 4 from local rank 1, transport 0
x3012c0s1b0n0:2280:7020 [1] NCCL INFO Connection to proxy localRank 1 -> connection 0x150370000d80
x3012c0s1b0n0:2279:7187 [0] NCCL INFO transport/p2p.cc:449 Cuda Alloc Size 6291456 pointer 0x14b11b200000
x3012c0s1b0n0:2279:7187 [0] NCCL INFO New proxy recv connection 6 from local rank 0, transport 0
x3012c0s1b0n0:2280:7192 [1] NCCL INFO transport/p2p.cc:430 Cuda Alloc Size 6291456 pointer 0x15036f400000
x3012c0s1b0n0:2282:7023 [3] NCCL INFO Channel 01/0 : 19[c7000] -> 18[85000] via P2P/IPC/read
x3012c0s1b0n0:2281:7193 [2] NCCL INFO New proxy recv connection 10 from local rank 2, transport 0
x3012c0s1b0n0:2281:7022 [2] NCCL INFO Connection to proxy localRank 2 -> connection 0x1480f0000f00
x3012c0s1b0n0:2282:7194 [3] NCCL INFO New proxy send connection 9 from local rank 3, transport 0
x3012c0s1b0n0:2279:7021 [0] NCCL INFO Connection to proxy localRank 0 -> connection 0x14b114000e00
x3012c0s1b0n0:2279:7187 [0] NCCL INFO transport/p2p.cc:449 Cuda Alloc Size 6291456 pointer 0x14b11b800000
x3012c0s1b0n0:2280:7020 [1] NCCL INFO Channel 01/0 : 17[46000] -> 16[7000] via P2P/IPC/read
x3012c0s1b0n0:2280:7192 [1] NCCL INFO New proxy send connection 5 from local rank 1, transport 0
x3012c0s1b0n0:2281:7193 [2] NCCL INFO transport/p2p.cc:449 Cuda Alloc Size 6291456 pointer 0x1480eec00000
x3012c0s1b0n0:2282:7023 [3] NCCL INFO Connection to proxy localRank 3 -> connection 0x14bebc000ec0
x3012c0s1b0n0:2282:7194 [3] NCCL INFO transport/p2p.cc:430 Cuda Alloc Size 6291456 pointer 0x14beb9000000
x3012c0s1b0n0:2281:7193 [2] NCCL INFO New proxy recv connection 11 from local rank 2, transport 0
x3012c0s1b0n0:2279:7187 [0] NCCL INFO New proxy recv connection 7 from local rank 0, transport 0
x3012c0s1b0n0:2280:7020 [1] NCCL INFO Connection to proxy localRank 1 -> connection 0x150370000dc0
x3012c0s1b0n0:2280:7192 [1] NCCL INFO transport/p2p.cc:430 Cuda Alloc Size 6291456 pointer 0x15036fa00000
x3012c0s1b0n0:2282:7023 [3] NCCL INFO Channel 02/0 : 19[c7000] -> 18[85000] via P2P/IPC/read
x3012c0s1b0n0:2282:7194 [3] NCCL INFO New proxy send connection 10 from local rank 3, transport 0
x3012c0s1b0n0:2281:7022 [2] NCCL INFO Connection to proxy localRank 2 -> connection 0x1480f0000f40
x3012c0s1b0n0:2281:7193 [2] NCCL INFO transport/p2p.cc:449 Cuda Alloc Size 6291456 pointer 0x1480ef200000
x3012c0s1b0n0:2279:7021 [0] NCCL INFO Connection to proxy localRank 0 -> connection 0x14b114000e40
x3012c0s1b0n0:2279:7187 [0] NCCL INFO transport/p2p.cc:449 Cuda Alloc Size 6291456 pointer 0x14b112000000
x3012c0s1b0n0:2280:7020 [1] NCCL INFO Channel 02/0 : 17[46000] -> 16[7000] via P2P/IPC/read
x3012c0s1b0n0:2280:7192 [1] NCCL INFO New proxy send connection 6 from local rank 1, transport 0
x3012c0s1b0n0:2280:7020 [1] NCCL INFO Connection to proxy localRank 1 -> connection 0x150370000e00
x3012c0s1b0n0:2282:7023 [3] NCCL INFO Connection to proxy localRank 3 -> connection 0x14bebc000f00
x3012c0s1b0n0:2282:7194 [3] NCCL INFO transport/p2p.cc:430 Cuda Alloc Size 6291456 pointer 0x14beb9600000
x3012c0s1b0n0:2280:7192 [1] NCCL INFO transport/p2p.cc:430 Cuda Alloc Size 6291456 pointer 0x1503d9400000
x3012c0s1b0n0:2282:7023 [3] NCCL INFO Channel 03/0 : 19[c7000] -> 18[85000] via P2P/IPC/read
x3012c0s1b0n0:2282:7194 [3] NCCL INFO New proxy send connection 11 from local rank 3, transport 0
x3012c0s1b0n0:2280:7020 [1] NCCL INFO Channel 03/0 : 17[46000] -> 16[7000] via P2P/IPC/read
x3012c0s1b0n0:2280:7192 [1] NCCL INFO New proxy send connection 7 from local rank 1, transport 0
x3012c0s1b0n0:2282:7023 [3] NCCL INFO Connection to proxy localRank 3 -> connection 0x14bebc000f40
x3012c0s1b0n0:2282:7194 [3] NCCL INFO transport/p2p.cc:430 Cuda Alloc Size 6291456 pointer 0x14beb6000000
x3012c0s1b0n0:2280:7020 [1] NCCL INFO Connection to proxy localRank 1 -> connection 0x150370000e40
x3012c0s1b0n0:2280:7192 [1] NCCL INFO transport/p2p.cc:430 Cuda Alloc Size 6291456 pointer 0x150417800000
x3012c0s1b0n0:2280:7020 [1] NCCL INFO Connected all rings
x3012c0s1b0n0:2280:7192 [1] NCCL INFO New proxy recv connection 8 from local rank 1, transport 0
x3012c0s1b0n0:2279:7021 [0] NCCL INFO Connected all rings
x3012c0s1b0n0:2279:7021 [0] NCCL INFO Channel 00/0 : 16[7000] -> 17[46000] via P2P/IPC/read
x3012c0s1b0n0:2279:7187 [0] NCCL INFO New proxy send connection 8 from local rank 0, transport 0
x3012c0s1b0n0:2279:7021 [0] NCCL INFO Connection to proxy localRank 0 -> connection 0x14b114000e80
x3012c0s1b0n0:2279:7187 [0] NCCL INFO transport/p2p.cc:430 Cuda Alloc Size 6291456 pointer 0x14b110000000
x3012c0s1b0n0:2280:7020 [1] NCCL INFO Connection to proxy localRank 1 -> connection 0x150370000e80
x3012c0s1b0n0:2280:7192 [1] NCCL INFO transport/p2p.cc:449 Cuda Alloc Size 6291456 pointer 0x15036d800000
x3012c0s1b0n0:2279:7021 [0] NCCL INFO Channel 01/0 : 16[7000] -> 17[46000] via P2P/IPC/read
x3012c0s1b0n0:2279:7187 [0] NCCL INFO New proxy send connection 9 from local rank 0, transport 0
x3012c0s1b0n0:2280:7192 [1] NCCL INFO New proxy recv connection 9 from local rank 1, transport 0
x3012c0s1b0n0:2279:7021 [0] NCCL INFO Connection to proxy localRank 0 -> connection 0x14b114000ec0
x3012c0s1b0n0:2279:7187 [0] NCCL INFO transport/p2p.cc:430 Cuda Alloc Size 6291456 pointer 0x14b110600000
x3012c0s1b0n0:2280:7020 [1] NCCL INFO Connection to proxy localRank 1 -> connection 0x150370000ec0
x3012c0s1b0n0:2280:7192 [1] NCCL INFO transport/p2p.cc:449 Cuda Alloc Size 6291456 pointer 0x15036a000000
x3012c0s1b0n0:2279:7021 [0] NCCL INFO Channel 02/0 : 16[7000] -> 17[46000] via P2P/IPC/read
x3012c0s1b0n0:2279:7187 [0] NCCL INFO New proxy send connection 10 from local rank 0, transport 0
x3012c0s1b0n0:2280:7192 [1] NCCL INFO New proxy recv connection 10 from local rank 1, transport 0
x3012c0s1b0n0:2279:7021 [0] NCCL INFO Connection to proxy localRank 0 -> connection 0x14b114000f00
x3012c0s1b0n0:2279:7187 [0] NCCL INFO transport/p2p.cc:430 Cuda Alloc Size 6291456 pointer 0x14b110c00000
x3012c0s1b0n0:2280:7020 [1] NCCL INFO Connection to proxy localRank 1 -> connection 0x150370000f00
x3012c0s1b0n0:2280:7192 [1] NCCL INFO transport/p2p.cc:449 Cuda Alloc Size 6291456 pointer 0x15036a600000
x3012c0s1b0n0:2279:7021 [0] NCCL INFO Channel 03/0 : 16[7000] -> 17[46000] via P2P/IPC/read
x3012c0s1b0n0:2279:7187 [0] NCCL INFO New proxy send connection 11 from local rank 0, transport 0
x3012c0s1b0n0:2280:7192 [1] NCCL INFO New proxy recv connection 11 from local rank 1, transport 0
x3012c0s1b0n0:2279:7021 [0] NCCL INFO Connection to proxy localRank 0 -> connection 0x14b114000f40
x3012c0s1b0n0:2279:7187 [0] NCCL INFO transport/p2p.cc:430 Cuda Alloc Size 6291456 pointer 0x14b111200000
x3012c0s1b0n0:2280:7020 [1] NCCL INFO Connection to proxy localRank 1 -> connection 0x150370000f40
x3012c0s1b0n0:2280:7192 [1] NCCL INFO transport/p2p.cc:449 Cuda Alloc Size 6291456 pointer 0x15036ac00000
x3012c0s1b0n0:2280:7020 [1] NCCL INFO Channel 00/0 : 17[46000] -> 18[85000] via P2P/IPC/read
x3012c0s1b0n0:2280:7192 [1] NCCL INFO New proxy send connection 12 from local rank 1, transport 0
x3012c0s1b0n0:2280:7020 [1] NCCL INFO Connection to proxy localRank 1 -> connection 0x150370000f80
x3012c0s1b0n0:2280:7192 [1] NCCL INFO transport/p2p.cc:430 Cuda Alloc Size 6291456 pointer 0x15036b200000
x3012c0s1b0n0:2280:7020 [1] NCCL INFO Channel 01/0 : 17[46000] -> 18[85000] via P2P/IPC/read
x3012c0s1b0n0:2280:7192 [1] NCCL INFO New proxy send connection 13 from local rank 1, transport 0
x3012c0s1b0n0:2280:7020 [1] NCCL INFO Connection to proxy localRank 1 -> connection 0x150370000fc0
x3012c0s1b0n0:2280:7192 [1] NCCL INFO transport/p2p.cc:430 Cuda Alloc Size 6291456 pointer 0x15036b800000
x3012c0s1b0n0:2280:7020 [1] NCCL INFO Channel 02/0 : 17[46000] -> 18[85000] via P2P/IPC/read
x3012c0s1b0n0:2280:7192 [1] NCCL INFO New proxy send connection 14 from local rank 1, transport 0
x3012c0s1b0n0:2280:7020 [1] NCCL INFO Connection to proxy localRank 1 -> connection 0x150370001000
x3012c0s1b0n0:2280:7192 [1] NCCL INFO transport/p2p.cc:430 Cuda Alloc Size 6291456 pointer 0x150368000000
x3012c0s1b0n0:2280:7020 [1] NCCL INFO Channel 03/0 : 17[46000] -> 18[85000] via P2P/IPC/read
x3012c0s1b0n0:2280:7192 [1] NCCL INFO New proxy send connection 15 from local rank 1, transport 0
x3012c0s1b0n0:2280:7020 [1] NCCL INFO Connection to proxy localRank 1 -> connection 0x150370001040
x3012c0s1b0n0:2280:7192 [1] NCCL INFO transport/p2p.cc:430 Cuda Alloc Size 6291456 pointer 0x150368600000
x3012c0s1b0n0:2281:7193 [2] NCCL INFO New proxy recv connection 12 from local rank 2, transport 0
x3012c0s1b0n0:2279:7021 [0] NCCL INFO GPU Direct RDMA Disabled for GPU 7000 / HCA 1 (distance 7 > 4)
x3012c0s1b0n0:2279:7187 [0] NCCL INFO Allocated 4194656 bytes of shared memory in /dev/shm/nccl-Jh2Qox

x3012c0s1b0n0:2279:7187 [0] NCCL INFO New proxy recv connection 12 from local rank 0, transport 2
x3012c0s1b0n0:2281:7022 [2] NCCL INFO Connection to proxy localRank 2 -> connection 0x1480f0000f80
x3012c0s1b0n0:2280:7020 [1] NCCL INFO GPU Direct RDMA Disabled for GPU 46000 / HCA 1 (distance 6 > 4)
x3012c0s1b0n0:2280:7192 [1] NCCL INFO New proxy recv connection 16 from local rank 1, transport 2
x3012c0s1b0n0:2281:7193 [2] NCCL INFO transport/p2p.cc:449 Cuda Alloc Size 6291456 pointer 0x1480ed200000
x3012c0s1b0n0:2279:7021 [0] NCCL INFO Connection to proxy localRank 0 -> connection 0x14b114000f80
x3012c0s1b0n0:2280:7020 [1] NCCL INFO Connection to proxy localRank 1 -> connection 0x150370001080
x3012c0s1b0n0:2281:7193 [2] NCCL INFO New proxy recv connection 13 from local rank 2, transport 0
x3012c0s1b0n0:2280:7020 [1] NCCL INFO Channel 00/0 : 8[7000] -> 17[46000] [receive] via NET/IB/1
x3012c0s1b0n0:2280:7020 [1] NCCL INFO GPU Direct RDMA Disabled for GPU 46000 / HCA 0 (distance 7 > 4)
x3012c0s1b0n0:2280:7192 [1] NCCL INFO New proxy recv connection 17 from local rank 1, transport 2
x3012c0s1b0n0:2279:7021 [0] NCCL INFO Channel 02/0 : 12[7000] -> 16[7000] [receive] via NET/IB/1
x3012c0s1b0n0:2279:7021 [0] NCCL INFO GPU Direct RDMA Disabled for GPU 7000 / HCA 0 (distance 7 > 4)
x3012c0s1b0n0:2279:7187 [0] NCCL INFO New proxy recv connection 13 from local rank 0, transport 2
x3012c0s1b0n0:2281:7022 [2] NCCL INFO Connection to proxy localRank 2 -> connection 0x1480f0000fc0
x3012c0s1b0n0:2281:7193 [2] NCCL INFO transport/p2p.cc:449 Cuda Alloc Size 6291456 pointer 0x1480ed800000
x3012c0s1b0n0:2280:7020 [1] NCCL INFO Connection to proxy localRank 1 -> connection 0x1503700010c0
x3012c0s1b0n0:2279:7021 [0] NCCL INFO Connection to proxy localRank 0 -> connection 0x14b114000fc0
x3012c0s1b0n0:2279:7021 [0] NCCL INFO Channel 03/0 : 12[7000] -> 16[7000] [receive] via NET/IB/0
x3012c0s1b0n0:2279:7021 [0] NCCL INFO GPU Direct RDMA Disabled for GPU 7000 / HCA 1 (distance 7 > 4)
x3012c0s1b0n0:2281:7193 [2] NCCL INFO New proxy recv connection 14 from local rank 2, transport 0
x3012c0s1b0n0:2281:7022 [2] NCCL INFO Connection to proxy localRank 2 -> connection 0x1480f0001000
x3012c0s1b0n0:2281:7193 [2] NCCL INFO transport/p2p.cc:449 Cuda Alloc Size 6291456 pointer 0x1480ea000000
x3012c0s1b0n0:2280:7020 [1] NCCL INFO Channel 01/0 : 8[7000] -> 17[46000] [receive] via NET/IB/0
x3012c0s1b0n0:2279:7187 [0] NCCL INFO New proxy send connection 14 from local rank 0, transport 2
x3012c0s1b0n0:2279:7021 [0] NCCL INFO Connection to proxy localRank 0 -> connection 0x14b114001000
x3012c0s1b0n0:2279:7021 [0] NCCL INFO Channel 00/0 : 16[7000] -> 0[7000] [send] via NET/IB/1
x3012c0s1b0n0:2279:7021 [0] NCCL INFO GPU Direct RDMA Disabled for GPU 7000 / HCA 0 (distance 7 > 4)
x3012c0s1b0n0:2279:7187 [0] NCCL INFO New proxy send connection 15 from local rank 0, transport 2
x3012c0s1b0n0:2281:7193 [2] NCCL INFO New proxy recv connection 15 from local rank 2, transport 0
x3012c0s1b0n0:2279:7021 [0] NCCL INFO Connection to proxy localRank 0 -> connection 0x14b114001040
x3012c0s1b0n0:2279:7021 [0] NCCL INFO Channel 01/0 : 16[7000] -> 0[7000] [send] via NET/IB/0
x3012c0s1b0n0:2281:7022 [2] NCCL INFO Connection to proxy localRank 2 -> connection 0x1480f0001040
x3012c0s1b0n0:2281:7193 [2] NCCL INFO transport/p2p.cc:449 Cuda Alloc Size 6291456 pointer 0x1480ea600000
x3012c0s1b0n0:2281:7022 [2] NCCL INFO Channel 00/0 : 18[85000] -> 17[46000] via P2P/IPC/read
x3012c0s1b0n0:2281:7193 [2] NCCL INFO New proxy send connection 16 from local rank 2, transport 0
x3012c0s1b0n0:2281:7022 [2] NCCL INFO Connection to proxy localRank 2 -> connection 0x1480f0001080
x3012c0s1b0n0:2279:7187 [0] NCCL INFO transport/net_ib.cc:596 Ib Alloc Size 26560 pointer 0x14b114026000
x3012c0s1b0n0:2279:7187 [0] NCCL INFO NET/IB: Dev 1 Port 1 qpn 3521 mtu 5 GID 0 (80FE/AF1100FEFF000000)
x3012c0s1b0n0:2279:7187 [0] NCCL INFO transport/net_ib.cc:653 Ib Alloc Size 552 pointer 0x14b11403e000
x3012c0s1b0n0:2279:7187 [0] NCCL INFO transport/net.cc:571 Cuda Host Alloc Size 9641984 pointer 0x14b10f200000
x3012c0s1b0n0:2281:7193 [2] NCCL INFO transport/p2p.cc:430 Cuda Alloc Size 6291456 pointer 0x1480eac00000
x3012c0s1b0n0:2279:7187 [0] NCCL INFO transport/net_ib.cc:596 Ib Alloc Size 26560 pointer 0x14b114040000
x3012c0s1b0n0:2279:7187 [0] NCCL INFO NET/IB: Dev 0 Port 1 qpn 3097 mtu 5 GID 0 (80FE/EA1100FEFF000000)
x3012c0s1b0n0:2279:7187 [0] NCCL INFO transport/net_ib.cc:653 Ib Alloc Size 552 pointer 0x14b114057000
x3012c0s1b0n0:2279:7187 [0] NCCL INFO transport/net.cc:571 Cuda Host Alloc Size 9641984 pointer 0x14b106000000
x3012c0s1b0n0:2279:7187 [0] NCCL INFO transport/net_ib.cc:683 Ib Alloc Size 21688 pointer 0x14b114059000
x3012c0s1b0n0:2279:7187 [0] NCCL INFO transport/net_ib.cc:696 Ib Alloc Size 552 pointer 0x14b114060000
x3012c0s1b0n0:2281:7022 [2] NCCL INFO Channel 01/0 : 18[85000] -> 17[46000] via P2P/IPC/read
x3012c0s1b0n0:2281:7193 [2] NCCL INFO New proxy send connection 17 from local rank 2, transport 0
x3012c0s1b0n0:2279:7187 [0] NCCL INFO transport/net_ib.cc:771 Ib Alloc Size 552 pointer 0x14b11407c000
x3012c0s1b0n0:2279:7187 [0] NCCL INFO transport/net.cc:698 Cuda Host Alloc Size 9641984 pointer 0x14b106a00000
x3012c0s1b0n0:2279:7187 [0] NCCL INFO transport/net_ib.cc:683 Ib Alloc Size 21688 pointer 0x14b11407e000
x3012c0s1b0n0:2279:7187 [0] NCCL INFO transport/net_ib.cc:696 Ib Alloc Size 552 pointer 0x14b114085000
x3012c0s1b0n0:2279:7187 [0] NCCL INFO transport/net_ib.cc:771 Ib Alloc Size 552 pointer 0x14b1140a0000
x3012c0s1b0n0:2279:7187 [0] NCCL INFO transport/net.cc:698 Cuda Host Alloc Size 9641984 pointer 0x14b107400000
x3012c0s1b0n0:2281:7022 [2] NCCL INFO Connection to proxy localRank 2 -> connection 0x1480f00010c0
x3012c0s1b0n0:2281:7193 [2] NCCL INFO transport/p2p.cc:430 Cuda Alloc Size 6291456 pointer 0x1480eb200000
x3012c0s1b0n0:2279:7021 [0] NCCL INFO GPU Direct RDMA Disabled for GPU 7000 / HCA 1 (distance 7 > 4)
x3012c0s1b0n0:2279:7187 [0] NCCL INFO New proxy recv connection 16 from local rank 0, transport 2
x3012c0s1b0n0:2281:7022 [2] NCCL INFO Channel 02/0 : 18[85000] -> 17[46000] via P2P/IPC/read
x3012c0s1b0n0:2281:7193 [2] NCCL INFO New proxy send connection 18 from local rank 2, transport 0
x3012c0s1b0n0:2279:7021 [0] NCCL INFO Connection to proxy localRank 0 -> connection 0x14b114001080
x3012c0s1b0n0:2281:7022 [2] NCCL INFO Connection to proxy localRank 2 -> connection 0x1480f0001100
x3012c0s1b0n0:2281:7193 [2] NCCL INFO transport/p2p.cc:430 Cuda Alloc Size 6291456 pointer 0x1480eb800000
x3012c0s1b0n0:2281:7022 [2] NCCL INFO Channel 03/0 : 18[85000] -> 17[46000] via P2P/IPC/read
x3012c0s1b0n0:2281:7193 [2] NCCL INFO New proxy send connection 19 from local rank 2, transport 0
x3012c0s1b0n0:2279:7021 [0] NCCL INFO Channel 00/0 : 0[7000] -> 16[7000] [receive] via NET/IB/1
x3012c0s1b0n0:2279:7021 [0] NCCL INFO GPU Direct RDMA Disabled for GPU 7000 / HCA 0 (distance 7 > 4)
x3012c0s1b0n0:2279:7187 [0] NCCL INFO New proxy recv connection 17 from local rank 0, transport 2
x3012c0s1b0n0:2281:7022 [2] NCCL INFO Connection to proxy localRank 2 -> connection 0x1480f0001140
x3012c0s1b0n0:2281:7193 [2] NCCL INFO transport/p2p.cc:430 Cuda Alloc Size 6291456 pointer 0x1480e8000000
x3012c0s1b0n0:2279:7021 [0] NCCL INFO Connection to proxy localRank 0 -> connection 0x14b1140010c0
x3012c0s1b0n0:2280:7192 [1] NCCL INFO transport/net_ib.cc:683 Ib Alloc Size 21688 pointer 0x1503700be000
x3012c0s1b0n0:2280:7192 [1] NCCL INFO transport/net_ib.cc:696 Ib Alloc Size 552 pointer 0x15037001a000
x3012c0s1b0n0:2282:7023 [3] NCCL INFO Connected all trees by HAO
x3012c0s1b0n0:2282:7023 [3] NCCL INFO threadThresholds 8/8/64 | 160/8/64 | 512 | 512
x3012c0s1b0n0:2282:7023 [3] NCCL INFO 4 coll channels, 4 p2p channels, 2 p2p channels per peer
x3012c0s1b0n0:2282:7194 [3] NCCL INFO New proxy send connection 12 from local rank 3, transport 2
x3012c0s1b0n0:2282:7023 [3] NCCL INFO Connection to proxy localRank 3 -> connection 0x14bebc000f80
x3012c0s1b0n0:2282:7194 [3] NCCL INFO transport/net.cc:376 Cuda Alloc Size 8388608 pointer 0x14beb4000000
x3012c0s1b0n0:2279:7021 [0] NCCL INFO Channel 01/0 : 0[7000] -> 16[7000] [receive] via NET/IB/0
x3012c0s1b0n0:2279:7021 [0] NCCL INFO GPU Direct RDMA Disabled for GPU 7000 / HCA 1 (distance 7 > 4)
x3012c0s1b0n0:2279:7187 [0] NCCL INFO New proxy send connection 18 from local rank 0, transport 2
x3012c0s1b0n0:2280:7192 [1] NCCL INFO transport/net_ib.cc:771 Ib Alloc Size 552 pointer 0x1503700df000
x3012c0s1b0n0:2280:7192 [1] NCCL INFO transport/net.cc:698 Cuda Host Alloc Size 9641984 pointer 0x150364000000
x3012c0s1b0n0:2279:7021 [0] NCCL INFO Connection to proxy localRank 0 -> connection 0x14b114001100
x3012c0s1b0n0:2279:7021 [0] NCCL INFO Channel 02/0 : 16[7000] -> 12[7000] [send] via NET/IB/1
x3012c0s1b0n0:2279:7021 [0] NCCL INFO GPU Direct RDMA Disabled for GPU 7000 / HCA 0 (distance 7 > 4)
x3012c0s1b0n0:2279:7187 [0] NCCL INFO New proxy send connection 19 from local rank 0, transport 2
x3012c0s1b0n0:2280:7192 [1] NCCL INFO transport/net_ib.cc:683 Ib Alloc Size 21688 pointer 0x1503700e1000
x3012c0s1b0n0:2280:7192 [1] NCCL INFO transport/net_ib.cc:696 Ib Alloc Size 552 pointer 0x1503700e8000
x3012c0s1b0n0:2279:7021 [0] NCCL INFO Connection to proxy localRank 0 -> connection 0x14b114001140
x3012c0s1b0n0:2279:7021 [0] NCCL INFO Channel 03/0 : 16[7000] -> 12[7000] [send] via NET/IB/0
x3012c0s1b0n0:2280:7192 [1] NCCL INFO transport/net_ib.cc:771 Ib Alloc Size 552 pointer 0x150370103000
x3012c0s1b0n0:2280:7192 [1] NCCL INFO transport/net.cc:698 Cuda Host Alloc Size 9641984 pointer 0x150364a00000
x3012c0s1b0n0:2280:7020 [1] NCCL INFO GPU Direct RDMA Disabled for GPU 46000 / HCA 1 (distance 6 > 4)
x3012c0s1b0n0:2280:7192 [1] NCCL INFO New proxy send connection 18 from local rank 1, transport 2
x3012c0s1b0n0:2280:7020 [1] NCCL INFO Connection to proxy localRank 1 -> connection 0x150370001100
x3012c0s1b0n0:2280:7020 [1] NCCL INFO Channel 00/0 : 17[46000] -> 8[7000] [send] via NET/IB/1
x3012c0s1b0n0:2280:7020 [1] NCCL INFO GPU Direct RDMA Disabled for GPU 46000 / HCA 0 (distance 7 > 4)
x3012c0s1b0n0:2280:7192 [1] NCCL INFO New proxy send connection 19 from local rank 1, transport 2
x3012c0s1b0n0:2280:7020 [1] NCCL INFO Connection to proxy localRank 1 -> connection 0x150370001140
x3012c0s1b0n0:2280:7020 [1] NCCL INFO Channel 01/0 : 17[46000] -> 8[7000] [send] via NET/IB/0
x3012c0s1b0n0:2280:7192 [1] NCCL INFO transport/net_ib.cc:596 Ib Alloc Size 26560 pointer 0x15037010f000
x3012c0s1b0n0:2280:7192 [1] NCCL INFO NET/IB: Dev 1 Port 1 qpn 3526 mtu 5 GID 0 (80FE/AF1100FEFF000000)
x3012c0s1b0n0:2280:7192 [1] NCCL INFO transport/net_ib.cc:653 Ib Alloc Size 552 pointer 0x150370126000
x3012c0s1b0n0:2280:7192 [1] NCCL INFO transport/net.cc:571 Cuda Host Alloc Size 9641984 pointer 0x150365400000
x3012c0s1b0n0:2280:7192 [1] NCCL INFO transport/net_ib.cc:596 Ib Alloc Size 26560 pointer 0x150370128000
x3012c0s1b0n0:2280:7192 [1] NCCL INFO NET/IB: Dev 0 Port 1 qpn 3102 mtu 5 GID 0 (80FE/EA1100FEFF000000)
x3012c0s1b0n0:2280:7192 [1] NCCL INFO transport/net_ib.cc:653 Ib Alloc Size 552 pointer 0x15037013f000
x3012c0s1b0n0:2280:7192 [1] NCCL INFO transport/net.cc:571 Cuda Host Alloc Size 9641984 pointer 0x150362000000
x3012c0s1b0n0:2280:7192 [1] NCCL INFO New proxy recv connection 20 from local rank 1, transport 0
x3012c0s1b0n0:2280:7020 [1] NCCL INFO Connection to proxy localRank 1 -> connection 0x150370001180
x3012c0s1b0n0:2280:7192 [1] NCCL INFO transport/p2p.cc:449 Cuda Alloc Size 6291456 pointer 0x150362a00000
x3012c0s1b0n0:2280:7192 [1] NCCL INFO New proxy recv connection 21 from local rank 1, transport 0
x3012c0s1b0n0:2280:7020 [1] NCCL INFO Connection to proxy localRank 1 -> connection 0x1503700011c0
x3012c0s1b0n0:2280:7192 [1] NCCL INFO transport/p2p.cc:449 Cuda Alloc Size 6291456 pointer 0x150363000000
x3012c0s1b0n0:2280:7192 [1] NCCL INFO New proxy recv connection 22 from local rank 1, transport 0
x3012c0s1b0n0:2280:7020 [1] NCCL INFO Connection to proxy localRank 1 -> connection 0x150370001200
x3012c0s1b0n0:2280:7192 [1] NCCL INFO transport/p2p.cc:449 Cuda Alloc Size 6291456 pointer 0x150363600000
x3012c0s1b0n0:2280:7192 [1] NCCL INFO New proxy recv connection 23 from local rank 1, transport 0
x3012c0s1b0n0:2280:7020 [1] NCCL INFO Connection to proxy localRank 1 -> connection 0x150370001240
x3012c0s1b0n0:2280:7192 [1] NCCL INFO transport/p2p.cc:449 Cuda Alloc Size 6291456 pointer 0x150360000000
x3012c0s1b0n0:2280:7020 [1] NCCL INFO Connected all trees by HAO
x3012c0s1b0n0:2280:7020 [1] NCCL INFO threadThresholds 8/8/64 | 160/8/64 | 512 | 512
x3012c0s1b0n0:2280:7020 [1] NCCL INFO 4 coll channels, 4 p2p channels, 2 p2p channels per peer
x3012c0s1b0n0:2281:7022 [2] NCCL INFO Connected all trees by HAO
x3012c0s1b0n0:2281:7022 [2] NCCL INFO threadThresholds 8/8/64 | 160/8/64 | 512 | 512
x3012c0s1b0n0:2281:7022 [2] NCCL INFO 4 coll channels, 4 p2p channels, 2 p2p channels per peer
x3012c0s1b0n0:2281:7193 [2] NCCL INFO Allocated 4194656 bytes of shared memory in /dev/shm/nccl-18nDLH

x3012c0s1b0n0:2281:7193 [2] NCCL INFO New proxy send connection 20 from local rank 2, transport 2
x3012c0s1b0n0:2280:7192 [1] NCCL INFO New proxy send connection 24 from local rank 1, transport 2
x3012c0s1b0n0:2281:7022 [2] NCCL INFO Connection to proxy localRank 2 -> connection 0x1480f0001180
x3012c0s1b0n0:2281:7193 [2] NCCL INFO transport/net.cc:376 Cuda Alloc Size 8388608 pointer 0x1480e7800000
x3012c0s1b0n0:2280:7020 [1] NCCL INFO Connection to proxy localRank 1 -> connection 0x150370001280
x3012c0s1b0n0:2280:7192 [1] NCCL INFO transport/net.cc:376 Cuda Alloc Size 8388608 pointer 0x15035e000000
x3012c0s1b0n0:2279:7187 [0] NCCL INFO transport/net_ib.cc:596 Ib Alloc Size 26560 pointer 0x14b1140b6000
x3012c0s1b0n0:2279:7187 [0] NCCL INFO NET/IB: Dev 1 Port 1 qpn 3527 mtu 5 GID 0 (80FE/AF1100FEFF000000)
x3012c0s1b0n0:2279:7187 [0] NCCL INFO transport/net_ib.cc:653 Ib Alloc Size 552 pointer 0x14b1140cd000
x3012c0s1b0n0:2279:7187 [0] NCCL INFO transport/net.cc:571 Cuda Host Alloc Size 9641984 pointer 0x14b104000000
x3012c0s1b0n0:2279:7187 [0] NCCL INFO transport/net_ib.cc:596 Ib Alloc Size 26560 pointer 0x14b1140cf000
x3012c0s1b0n0:2279:7187 [0] NCCL INFO NET/IB: Dev 0 Port 1 qpn 3103 mtu 5 GID 0 (80FE/EA1100FEFF000000)
x3012c0s1b0n0:2279:7187 [0] NCCL INFO transport/net_ib.cc:653 Ib Alloc Size 552 pointer 0x14b1140e6000
x3012c0s1b0n0:2279:7187 [0] NCCL INFO transport/net.cc:571 Cuda Host Alloc Size 9641984 pointer 0x14b104a00000
x3012c0s1b0n0:2279:7187 [0] NCCL INFO transport/net_ib.cc:683 Ib Alloc Size 21688 pointer 0x14b1140e8000
x3012c0s1b0n0:2279:7187 [0] NCCL INFO transport/net_ib.cc:696 Ib Alloc Size 552 pointer 0x14b1140ef000
x3012c0s1b0n0:2279:7187 [0] NCCL INFO transport/net_ib.cc:771 Ib Alloc Size 552 pointer 0x14b11410a000
x3012c0s1b0n0:2279:7187 [0] NCCL INFO transport/net.cc:698 Cuda Host Alloc Size 9641984 pointer 0x14b105400000
x3012c0s1b0n0:2279:7187 [0] NCCL INFO transport/net_ib.cc:683 Ib Alloc Size 21688 pointer 0x14b11410c000
x3012c0s1b0n0:2279:7187 [0] NCCL INFO transport/net_ib.cc:696 Ib Alloc Size 552 pointer 0x14b114113000
x3012c0s1b0n0:2279:7187 [0] NCCL INFO transport/net_ib.cc:771 Ib Alloc Size 552 pointer 0x14b11412e000
x3012c0s1b0n0:2279:7187 [0] NCCL INFO transport/net.cc:698 Cuda Host Alloc Size 9641984 pointer 0x14b102000000
x3012c0s1b0n0:2279:7021 [0] NCCL INFO Connected all trees by HAO
x3012c0s1b0n0:2279:7021 [0] NCCL INFO threadThresholds 8/8/64 | 160/8/64 | 512 | 512
x3012c0s1b0n0:2279:7021 [0] NCCL INFO 4 coll channels, 4 p2p channels, 2 p2p channels per peer
x3012c0s1b0n0:2279:7187 [0] NCCL INFO New proxy send connection 20 from local rank 0, transport 2
x3012c0s1b0n0:2279:7021 [0] NCCL INFO Connection to proxy localRank 0 -> connection 0x14b114001180
x3012c0s1b0n0:2279:7021 [0] NCCL INFO init.cc:367 Cuda Alloc Size 5168 pointer 0x14b16f81fc00
x3012c0s1b0n0:2281:7022 [2] NCCL INFO init.cc:367 Cuda Alloc Size 5168 pointer 0x148177e1fc00
x3012c0s1b0n0:2280:7020 [1] NCCL INFO init.cc:367 Cuda Alloc Size 5168 pointer 0x1503f3e1fc00
x3012c0s1b0n0:2282:7023 [3] NCCL INFO init.cc:367 Cuda Alloc Size 5168 pointer 0x14bf4f822200
x3012c0s1b0n0:2282:7023 [3] NCCL INFO init.cc:392 Cuda Host Alloc Size 33554432 pointer 0x14beb2000000
x3012c0s1b0n0:2282:7023 [3] NCCL INFO init.cc:398 Cuda Host Alloc Size 128 pointer 0x14bf4ee00e00
x3012c0s1b0n0:2282:7023 [3] NCCL INFO comm 0x55d10e84c9d0 rank 19 nranks 20 cudaDev 3 busId c7000 - Init COMPLETE
