x3006c0s37b1n0:61059:64816 [2] NCCL INFO Channel 07/0 : 0[85000] -> 1[c7000] via P2P/IPC/read
x3006c0s37b1n0:61059:64834 [2] NCCL INFO New proxy send connection 15 from local rank 0, transport 0
x3006c0s37b1n0:61063:64818 [3] NCCL INFO Connection to proxy localRank 1 -> connection 0x150e10001040
x3006c0s37b1n0:61063:64831 [3] NCCL INFO transport/p2p.cc:430 Cuda Alloc Size 6291456 pointer 0x150e0b200000
x3006c0s37b1n0:61056:64817 [1] NCCL INFO init.cc:392 Cuda Host Alloc Size 33554432 pointer 0x14dfc8000000
x3006c0s37b1n0:61056:64817 [1] NCCL INFO init.cc:398 Cuda Host Alloc Size 128 pointer 0x14e03ae00600
x3006c0s37b1n0:61056:64817 [1] NCCL INFO comm 0x561274785c60 rank 1 nranks 2 cudaDev 1 busId 46000 - Init COMPLETE
x3006c0s37b1n0:61050:64814 [0] NCCL INFO init.cc:392 Cuda Host Alloc Size 33554432 pointer 0x149ece000000
x3006c0s37b1n0:61050:64814 [0] NCCL INFO init.cc:398 Cuda Host Alloc Size 128 pointer 0x149f63400600
x3006c0s37b1n0:61050:64814 [0] NCCL INFO comm 0x5618d2ff76c0 rank 0 nranks 2 cudaDev 0 busId 7000 - Init COMPLETE
x3006c0s37b1n0:61050:64822 [0] NCCL INFO transport/net.cc:376 Cuda Alloc Size 16777216 pointer 0x149ecc000000
[Hao INFO in ncclAllReduce (all_reduce.cc)] rank 0 ncclAllReduce: count: 1, datatype: ncclInt64, message size: 8 Bytes
x3006c0s37b1n0:61050:61050 [0] NCCL INFO AllReduce: opCount 0 sendbuff 0x149f5fa00400 recvbuff 0x149f5fa00400 count 1 datatype 4 op 0 root 0 comm 0x5618d2ff76c0 [nranks=2] stream 0x5618d1910cb0
x3006c0s37b1n0:61050:61050 [0] NCCL INFO misc/utils.cc:235 memory stack hunk malloc(65536)

[LYD INFO in ncclAllReduce (all_reduce.cc)] rank 0 AllReduce Time: 0.000019000 seconds

[LYD INFO in getAlgoInfo (enqueue.cc)] algorithm a is: 0

[LYD INFO in getAlgoInfo (enqueue.cc)] algorithm a is: 1

[LYD INFO in getAlgoInfo (enqueue.cc)] rank: 0, Duration between Point 1 and Point 2: 0.000048000 seconds

[LYD INFO in getAlgoInfo (enqueue.cc)] rank 0, Duration between Point 2 and Point 3: 0.000001000 seconds
[LYD INFO in getAlgoInfo (enqueue.cc)] out rank: 0
[LYD INFO in getAlgoInfo (enqueue.cc)] out coll: 4
[LYD INFO in getAlgoInfo (enqueue.cc)] out sendbuff address: 0x149f5fa00400
[LYD INFO in getAlgoInfo (enqueue.cc)] out recvbuff address: 0x149f5fa00400
[LYD INFO in getAlgoInfo (enqueue.cc)] out count: 1
[LYD INFO in getAlgoInfo (enqueue.cc)] out datatype: 4
[LYD INFO in getAlgoInfo (enqueue.cc)] out chunkSteps: 4
[LYD INFO in getAlgoInfo (enqueue.cc)] out sliceSteps: 2
[LYD INFO in getAlgoInfo (enqueue.cc)] out algorithm: 1
[LYD INFO in getAlgoInfo (enqueue.cc)] out protocol: 0
[LYD INFO in getAlgoInfo (enqueue.cc)] out nChannels: 1
[LYD INFO in getAlgoInfo (enqueue.cc)] out nThreads: 96
[LYD INFO in getAlgoInfo (enqueue.cc)] out nBytes: 8
[LYD INFO in getAlgoInfo (enqueue.cc)] out nstepsPerLoop: 0
[LYD INFO in getAlgoInfo (enqueue.cc)] out nchunksPerLoop: 0
[LYD INFO in getAlgoInfo (enqueue.cc)] out chunkSize: 0
[LYD INFO in ncclLaunchKernel (enqueue.cc)] NCHANNELS is: 8x3006c0s37b1n0:61056:61056 [1] NCCL INFO AllReduce: opCount 0 sendbuff 0x14e07f600400 recvbuff 0x14e07f600400 count 1 datatype 4 op 0 root 0 comm 0x561274785c60 [nranks=2] stream 0x56127165b5b0
x3006c0s37b1n0:61056:61056 [1] NCCL INFO misc/utils.cc:235 memory stack hunk malloc(65536)
[LYD INFO in ncclLaunchKernel (enqueue.cc)] NCHANNELS is: 8x3006c0s37b1n0:61059:64816 [2] NCCL INFO Connection to proxy localRank 0 -> connection 0x14a57c0010f0
x3006c0s37b1n0:61059:64834 [2] NCCL INFO transport/p2p.cc:430 Cuda Alloc Size 6291456 pointer 0x14a57a000000
x3006c0s37b1n0:61059:64816 [2] NCCL INFO Connected all rings
x3006c0s37b1n0:61059:64816 [2] NCCL INFO Connected all trees by HAO
x3006c0s37b1n0:61059:64816 [2] NCCL INFO Latency/AlgBw |    Tree/    LL |    Tree/ LL128 |    Tree/Simple |    Ring/    LL |    Ring/ LL128 |    Ring/Simple | CollNetDirect/    LL | CollNetDirect/ LL128 | CollNetDirect/Simple | CollNetChain/    LL | CollNetChain/ LL128 | CollNetChain/Simple |
x3006c0s37b1n0:61059:64816 [2] NCCL INFO  Max NThreads |            512 |            640 |            512 |            512 |            640 |            512 |              0 |              0 |            512 |              0 |              0 |            512 |
x3006c0s37b1n0:61059:64816 [2] NCCL INFO     Broadcast |     0.0/   0.0 |     0.0/   0.0 |     0.0/   0.0 |     4.1/  29.3 |    11.9/  80.0 |    11.8/  88.0 |     0.0/   0.0 |     0.0/   0.0 |     0.0/   0.0 |     0.0/   0.0 |     0.0/   0.0 |     0.0/   0.0 |
x3006c0s37b1n0:61059:64816 [2] NCCL INFO        Reduce |     0.0/   0.0 |     0.0/   0.0 |     0.0/   0.0 |     4.1/  22.0 |    11.9/  80.0 |    11.8/  88.0 |     0.0/   0.0 |     0.0/   0.0 |     0.0/   0.0 |     0.0/   0.0 |     0.0/   0.0 |     0.0/   0.0 |
x3006c0s37b1n0:61059:64816 [2] NCCL INFO     AllGather |     0.0/   0.0 |     0.0/   0.0 |     0.0/   0.0 |     4.1/  58.7 |    11.9/ 160.0 |    11.8/ 176.0 |     0.0/   0.0 |     0.0/   0.0 |     0.0/   0.0 |     0.0/   0.0 |     0.0/   0.0 |     0.0/   0.0 |
x3006c0s37b1n0:61059:64816 [2] NCCL INFO ReduceScatter |     0.0/   0.0 |     0.0/   0.0 |     0.0/   0.0 |     4.1/  58.7 |    11.9/ 160.0 |    11.8/ 176.0 |     0.0/   0.0 |     0.0/   0.0 |     0.0/   0.0 |     0.0/   0.0 |     0.0/   0.0 |     0.0/   0.0 |
x3006c0s37b1n0:61059:64816 [2] NCCL INFO     AllReduce |     5.4/  10.7 |     6.9/  31.5 |    56.0/  40.5 |     4.5/  22.0 |    13.8/  80.0 |    15.2/  88.0 |     5.4/   0.0 |     5.4/   0.0 |    27.7/   0.0 |     4.4/   0.0 |     4.4/   0.0 |    16.0/   0.0 |
x3006c0s37b1n0:61059:64816 [2] NCCL INFO threadThresholds 8/8/64 | 16/8/64 | 512 | 512
x3006c0s37b1n0:61059:64816 [2] NCCL INFO 8 coll channels, 8 p2p channels, 8 p2p channels per peer
x3006c0s37b1n0:61063:64818 [3] NCCL INFO Connected all rings
x3006c0s37b1n0:61063:64818 [3] NCCL INFO Connected all trees by HAO
x3006c0s37b1n0:61063:64818 [3] NCCL INFO threadThresholds 8/8/64 | 16/8/64 | 512 | 512
x3006c0s37b1n0:61063:64818 [3] NCCL INFO 8 coll channels, 8 p2p channels, 8 p2p channels per peer
x3006c0s37b1n0:61063:64831 [3] NCCL INFO Allocated 4194656 bytes of shared memory in /dev/shm/nccl-fvVa0s

x3006c0s37b1n0:61063:64831 [3] NCCL INFO New proxy send connection 16 from local rank 1, transport 2
x3006c0s37b1n0:61059:64834 [2] NCCL INFO Allocated 4194656 bytes of shared memory in /dev/shm/nccl-b7ZLbb


[LYD INFO in NCCL_KERN_NAME (common.h)] 0 AllReduce RING LL Sum int64_t Elapsed time: 12302 us

[LYD INFO in NCCL_KERN_NAME (common.h)] 1 AllReduce RING LL Sum int64_t Elapsed time: 7 us
x3006c0s37b1n0:61059:64834 [2] NCCL INFO New proxy send connection 16 from local rank 0, transport 2
x3006c0s37b1n0:61059:64816 [2] NCCL INFO Connection to proxy localRank 0 -> connection 0x14a57c001130
x3006c0s37b1n0:61059:64834 [2] NCCL INFO transport/net.cc:376 Cuda Alloc Size 16777216 pointer 0x14a574c00000
x3006c0s37b1n0:61063:64818 [3] NCCL INFO Connection to proxy localRank 1 -> connection 0x150e10001080
x3006c0s37b1n0:61063:64818 [3] NCCL INFO init.cc:367 Cuda Alloc Size 5168 pointer 0x150e6180de00
x3006c0s37b1n0:61059:64816 [2] NCCL INFO init.cc:367 Cuda Alloc Size 5168 pointer 0x14a5db80de00
x3006c0s37b1n0:61059:64816 [2] NCCL INFO init.cc:392 Cuda Host Alloc Size 33554432 pointer 0x14a572000000
x3006c0s37b1n0:61059:64816 [2] NCCL INFO init.cc:398 Cuda Host Alloc Size 128 pointer 0x14a5dae00600
x3006c0s37b1n0:61059:64816 [2] NCCL INFO comm 0x5633e00ed980 rank 0 nranks 2 cudaDev 2 busId 85000 - Init COMPLETE
[Hao INFO in ncclAllReduce (all_reduce.cc)] rank 2 ncclAllReduce: count: 1, datatype: ncclInt64, message size: 8 Bytes
x3006c0s37b1n0:61059:61059 [2] NCCL INFO AllReduce: opCount 0 sendbuff 0x14a61f600400 recvbuff 0x14a61f600400 count 1 datatype 4 op 0 root 0 comm 0x5633e00ed980 [nranks=2] stream 0x5633de8096c0
x3006c0s37b1n0:61059:61059 [2] NCCL INFO misc/utils.cc:235 memory stack hunk malloc(65536)

[LYD INFO in ncclAllReduce (all_reduce.cc)] rank 0 AllReduce Time: 0.000014000 seconds

[LYD INFO in getAlgoInfo (enqueue.cc)] algorithm a is: 0

[LYD INFO in getAlgoInfo (enqueue.cc)] algorithm a is: 1

[LYD INFO in getAlgoInfo (enqueue.cc)] rank: 0, Duration between Point 1 and Point 2: 0.000003000 seconds

[LYD INFO in getAlgoInfo (enqueue.cc)] rank 0, Duration between Point 2 and Point 3: 0.000001000 seconds
[LYD INFO in getAlgoInfo (enqueue.cc)] out rank: 0
[LYD INFO in getAlgoInfo (enqueue.cc)] out coll: 4
[LYD INFO in getAlgoInfo (enqueue.cc)] out sendbuff address: 0x14a61f600400
[LYD INFO in getAlgoInfo (enqueue.cc)] out recvbuff address: 0x14a61f600400
[LYD INFO in getAlgoInfo (enqueue.cc)] out count: 1
[LYD INFO in getAlgoInfo (enqueue.cc)] out datatype: 4
[LYD INFO in getAlgoInfo (enqueue.cc)] out chunkSteps: 4
[LYD INFO in getAlgoInfo (enqueue.cc)] out sliceSteps: 2
[LYD INFO in getAlgoInfo (enqueue.cc)] out algorithm: 1
[LYD INFO in getAlgoInfo (enqueue.cc)] out protocol: 0
[LYD INFO in getAlgoInfo (enqueue.cc)] out nChannels: 1
[LYD INFO in getAlgoInfo (enqueue.cc)] out nThreads: 96
[LYD INFO in getAlgoInfo (enqueue.cc)] out nBytes: 8
[LYD INFO in getAlgoInfo (enqueue.cc)] out nstepsPerLoop: 0
[LYD INFO in getAlgoInfo (enqueue.cc)] out nchunksPerLoop: 0
[LYD INFO in getAlgoInfo (enqueue.cc)] out chunkSize: 0
[LYD INFO in ncclLaunchKernel (enqueue.cc)] NCHANNELS is: 8x3006c0s37b1n0:61063:64818 [3] NCCL INFO init.cc:392 Cuda Host Alloc Size 33554432 pointer 0x150e02000000
x3006c0s37b1n0:61063:64818 [3] NCCL INFO init.cc:398 Cuda Host Alloc Size 128 pointer 0x150e60e00600
x3006c0s37b1n0:61063:64818 [3] NCCL INFO comm 0x556dce4fac20 rank 1 nranks 2 cudaDev 3 busId c7000 - Init COMPLETE
x3006c0s37b1n0:61063:64831 [3] NCCL INFO transport/net.cc:376 Cuda Alloc Size 16777216 pointer 0x150dfa000000
x3006c0s37b1n0:61063:61063 [3] NCCL INFO AllReduce: opCount 0 sendbuff 0x150e9f600400 recvbuff 0x150e9f600400 count 1 datatype 4 op 0 root 0 comm 0x556dce4fac20 [nranks=2] stream 0x556dccf09ed0
x3006c0s37b1n0:61063:61063 [3] NCCL INFO misc/utils.cc:235 memory stack hunk malloc(65536)
[LYD INFO in ncclLaunchKernel (enqueue.cc)] NCHANNELS is: 8
[LYD INFO in NCCL_KERN_NAME (common.h)] 1 AllReduce RING LL Sum int64_t Elapsed time: 7 us

[LYD INFO in NCCL_KERN_NAME (common.h)] 0 AllReduce RING LL Sum int64_t Elapsed time: 1460 us
x3006c0s37b1n0:61063:61063 [3] NCCL INFO init.cc:1147 Cuda Host Alloc Size 4 pointer 0x150e60e00800
x3006c0s37b1n0:61056:61056 [1] NCCL INFO init.cc:1147 Cuda Host Alloc Size 4 pointer 0x14e03ae00800
x3006c0s37b1n0:61050:61050 [0] NCCL INFO init.cc:1147 Cuda Host Alloc Size 4 pointer 0x149f63400800
x3006c0s37b1n0:61059:61059 [2] NCCL INFO init.cc:1147 Cuda Host Alloc Size 4 pointer 0x14a5dae00800
x3006c0s37b1n0:61056:65060 [1] NCCL INFO Using network IB
x3006c0s37b1n0:61063:65059 [3] NCCL INFO Using network IB
x3006c0s37b1n0:61059:65062 [2] NCCL INFO Using network IB
x3006c0s37b1n0:61050:65061 [0] NCCL INFO Using network IB
x3006c0s37b1n0:61050:65061 [0] NCCL INFO NET/IB : GPU Direct RDMA Enabled for HCA 0 'mlx5_0'
x3006c0s37b1n0:61050:65061 [0] NCCL INFO NET/IB : GPU Direct RDMA Enabled for HCA 1 'mlx5_1'
x3006c0s37b1n0:61050:65061 [0] NCCL INFO GPU Direct RDMA Disabled for GPU 7000 / HCA 0 (distance 7 > 4)
x3006c0s37b1n0:61050:65061 [0] NCCL INFO GPU Direct RDMA Disabled for GPU 85000 / HCA 0 (distance 7 > 4)
x3006c0s37b1n0:61050:65061 [0] NCCL INFO GPU Direct RDMA Disabled for GPU 7000 / HCA 1 (distance 7 > 4)
x3006c0s37b1n0:61050:65061 [0] NCCL INFO GPU Direct RDMA Disabled for GPU 85000 / HCA 1 (distance 7 > 4)
x3006c0s37b1n0:61050:65061 [0] NCCL INFO GPU Direct RDMA Disabled for GPU 7000 / HCA 0 (distance 7 > 4)
x3006c0s37b1n0:61050:65061 [0] NCCL INFO GPU Direct RDMA Disabled for GPU 85000 / HCA 0 (distance 7 > 4)
x3006c0s37b1n0:61050:65061 [0] NCCL INFO GPU Direct RDMA Disabled for GPU 7000 / HCA 1 (distance 7 > 4)
x3006c0s37b1n0:61050:65061 [0] NCCL INFO GPU Direct RDMA Disabled for GPU 85000 / HCA 1 (distance 7 > 4)
x3006c0s37b1n0:61050:65061 [0] NCCL INFO === System : maxBw 12.0 totalBw 88.0 ===
x3006c0s37b1n0:61050:65061 [0] NCCL INFO CPU/3 (1/2/-1)
x3006c0s37b1n0:61050:65061 [0] NCCL INFO + SYS[5000.0] - CPU/1
x3006c0s37b1n0:61050:65061 [0] NCCL INFO + SYS[5000.0] - CPU/0
x3006c0s37b1n0:61050:65061 [0] NCCL INFO + SYS[5000.0] - CPU/2
x3006c0s37b1n0:61050:65061 [0] NCCL INFO + PCI[24.0] - PCI/5000 (11f8406811f8beef)
x3006c0s37b1n0:61050:65061 [0] NCCL INFO               + PCI[24.0] - GPU/7000 (4)
x3006c0s37b1n0:61050:65061 [0] NCCL INFO                             + NVL[88.0] - GPU/85000
x3006c0s37b1n0:61050:65061 [0] NCCL INFO CPU/1 (1/2/-1)
x3006c0s37b1n0:61050:65061 [0] NCCL INFO + SYS[5000.0] - CPU/3
x3006c0s37b1n0:61050:65061 [0] NCCL INFO + SYS[5000.0] - CPU/0
x3006c0s37b1n0:61050:65061 [0] NCCL INFO + SYS[5000.0] - CPU/2
x3006c0s37b1n0:61050:65061 [0] NCCL INFO + PCI[24.0] - PCI/83000 (11f8406811f8beef)
x3006c0s37b1n0:61050:65061 [0] NCCL INFO               + PCI[24.0] - GPU/85000 (5)
x3006c0s37b1n0:61050:65061 [0] NCCL INFO                             + NVL[88.0] - GPU/7000
x3006c0s37b1n0:61050:65061 [0] NCCL INFO CPU/0 (1/2/-1)
x3006c0s37b1n0:61050:65061 [0] NCCL INFO + SYS[5000.0] - CPU/3
x3006c0s37b1n0:61050:65061 [0] NCCL INFO + SYS[5000.0] - CPU/1
x3006c0s37b1n0:61050:65061 [0] NCCL INFO + SYS[5000.0] - CPU/2
x3006c0s37b1n0:61050:65061 [0] NCCL INFO + PCI[12.0] - NIC/C8000
x3006c0s37b1n0:61050:65061 [0] NCCL INFO               + NET[12.5] - NET/0 (206b02ffffa4e988/1/12.500000)
x3006c0s37b1n0:61050:65061 [0] NCCL INFO CPU/2 (1/2/-1)
x3006c0s37b1n0:61050:65061 [0] NCCL INFO + SYS[5000.0] - CPU/3
x3006c0s37b1n0:61050:65061 [0] NCCL INFO + SYS[5000.0] - CPU/1
x3006c0s37b1n0:61050:65061 [0] NCCL INFO + SYS[5000.0] - CPU/0
x3006c0s37b1n0:61050:65061 [0] NCCL INFO + PCI[12.0] - NIC/43000
x3006c0s37b1n0:61050:65061 [0] NCCL INFO               + NET[12.5] - NET/1 (245b02ffffa4e988/1/12.500000)
x3006c0s37b1n0:61050:65061 [0] NCCL INFO ==========================================
x3006c0s37b1n0:61050:65061 [0] NCCL INFO GPU/7000 :GPU/7000 (0/5000.000000/LOC) GPU/85000 (1/88.000000/NVL) CPU/3 (2/24.000000/PHB) CPU/1 (3/24.000000/SYS) CPU/0 (3/24.000000/SYS) CPU/2 (3/24.000000/SYS) NET/0 (5/12.000000/SYS) NET/1 (5/12.000000/SYS) 
x3006c0s37b1n0:61050:65061 [0] NCCL INFO GPU/85000 :GPU/7000 (1/88.000000/NVL) GPU/85000 (0/5000.000000/LOC) CPU/3 (3/24.000000/SYS) CPU/1 (2/24.000000/PHB) CPU/0 (3/24.000000/SYS) CPU/2 (3/24.000000/SYS) NET/0 (5/12.000000/SYS) NET/1 (5/12.000000/SYS) 
x3006c0s37b1n0:61050:65061 [0] NCCL INFO NET/0 :GPU/7000 (5/12.000000/SYS) GPU/85000 (5/12.000000/SYS) CPU/3 (3/12.000000/SYS) CPU/1 (3/12.000000/SYS) CPU/0 (2/12.000000/PHB) CPU/2 (3/12.000000/SYS) NET/0 (0/5000.000000/LOC) NET/1 (5/12.000000/SYS) 
x3006c0s37b1n0:61050:65061 [0] NCCL INFO NET/1 :GPU/7000 (5/12.000000/SYS) GPU/85000 (5/12.000000/SYS) CPU/3 (3/12.000000/SYS) CPU/1 (3/12.000000/SYS) CPU/0 (3/12.000000/SYS) CPU/2 (2/12.000000/PHB) NET/0 (5/12.000000/SYS) NET/1 (0/5000.000000/LOC) 
x3006c0s37b1n0:61050:65061 [0] NCCL INFO Pattern 4, crossNic 0, nChannels 2, bw 12.000000/12.000000, type NVL/SYS, sameChannels 1
x3006c0s37b1n0:61050:65061 [0] NCCL INFO  0 : NET/0 GPU/4 GPU/5 NET/0
x3006c0s37b1n0:61050:65061 [0] NCCL INFO  1 : NET/1 GPU/4 GPU/5 NET/1
x3006c0s37b1n0:61050:65061 [0] NCCL INFO Pattern 1, crossNic 0, nChannels 2, bw 24.000000/12.000000, type NVL/SYS, sameChannels 1
x3006c0s37b1n0:61050:65061 [0] NCCL INFO  0 : NET/0 GPU/4 GPU/5 NET/0
x3006c0s37b1n0:61050:65061 [0] NCCL INFO  1 : NET/1 GPU/4 GPU/5 NET/1
x3006c0s37b1n0:61059:65062 [2] NCCL INFO NET/IB : GPU Direct RDMA Enabled for HCA 0 'mlx5_0'
x3006c0s37b1n0:61059:65062 [2] NCCL INFO NET/IB : GPU Direct RDMA Enabled for HCA 1 'mlx5_1'
x3006c0s37b1n0:61059:65062 [2] NCCL INFO GPU Direct RDMA Disabled for GPU 7000 / HCA 0 (distance 7 > 4)
x3006c0s37b1n0:61059:65062 [2] NCCL INFO GPU Direct RDMA Disabled for GPU 85000 / HCA 0 (distance 7 > 4)
x3006c0s37b1n0:61059:65062 [2] NCCL INFO GPU Direct RDMA Disabled for GPU 7000 / HCA 1 (distance 7 > 4)
x3006c0s37b1n0:61059:65062 [2] NCCL INFO GPU Direct RDMA Disabled for GPU 85000 / HCA 1 (distance 7 > 4)
x3006c0s37b1n0:61059:65062 [2] NCCL INFO GPU Direct RDMA Disabled for GPU 7000 / HCA 0 (distance 7 > 4)
x3006c0s37b1n0:61059:65062 [2] NCCL INFO GPU Direct RDMA Disabled for GPU 85000 / HCA 0 (distance 7 > 4)
x3006c0s37b1n0:61059:65062 [2] NCCL INFO GPU Direct RDMA Disabled for GPU 7000 / HCA 1 (distance 7 > 4)
x3006c0s37b1n0:61059:65062 [2] NCCL INFO GPU Direct RDMA Disabled for GPU 85000 / HCA 1 (distance 7 > 4)
x3006c0s37b1n0:61059:65062 [2] NCCL INFO === System : maxBw 12.0 totalBw 88.0 ===
x3006c0s37b1n0:61059:65062 [2] NCCL INFO CPU/3 (1/2/-1)
x3006c0s37b1n0:61059:65062 [2] NCCL INFO + SYS[5000.0] - CPU/1
x3006c0s37b1n0:61059:65062 [2] NCCL INFO + SYS[5000.0] - CPU/0
x3006c0s37b1n0:61059:65062 [2] NCCL INFO + SYS[5000.0] - CPU/2
x3006c0s37b1n0:61059:65062 [2] NCCL INFO + PCI[24.0] - PCI/5000 (11f8406811f8beef)
x3006c0s37b1n0:61059:65062 [2] NCCL INFO               + PCI[24.0] - GPU/7000 (4)
x3006c0s37b1n0:61059:65062 [2] NCCL INFO                             + NVL[88.0] - GPU/85000
x3006c0s37b1n0:61059:65062 [2] NCCL INFO CPU/1 (1/2/-1)
x3006c0s37b1n0:61059:65062 [2] NCCL INFO + SYS[5000.0] - CPU/3
x3006c0s37b1n0:61059:65062 [2] NCCL INFO + SYS[5000.0] - CPU/0
x3006c0s37b1n0:61059:65062 [2] NCCL INFO + SYS[5000.0] - CPU/2
x3006c0s37b1n0:61059:65062 [2] NCCL INFO + PCI[24.0] - PCI/83000 (11f8406811f8beef)
x3006c0s37b1n0:61059:65062 [2] NCCL INFO               + PCI[24.0] - GPU/85000 (5)
x3006c0s37b1n0:61059:65062 [2] NCCL INFO                             + NVL[88.0] - GPU/7000
x3006c0s37b1n0:61059:65062 [2] NCCL INFO CPU/0 (1/2/-1)
x3006c0s37b1n0:61059:65062 [2] NCCL INFO + SYS[5000.0] - CPU/3
x3006c0s37b1n0:61059:65062 [2] NCCL INFO + SYS[5000.0] - CPU/1
x3006c0s37b1n0:61059:65062 [2] NCCL INFO + SYS[5000.0] - CPU/2
x3006c0s37b1n0:61059:65062 [2] NCCL INFO + PCI[12.0] - NIC/C8000
x3006c0s37b1n0:61059:65062 [2] NCCL INFO               + NET[12.5] - NET/0 (206b02ffffa4e988/1/12.500000)
x3006c0s37b1n0:61059:65062 [2] NCCL INFO CPU/2 (1/2/-1)
x3006c0s37b1n0:61059:65062 [2] NCCL INFO + SYS[5000.0] - CPU/3
x3006c0s37b1n0:61059:65062 [2] NCCL INFO + SYS[5000.0] - CPU/1
x3006c0s37b1n0:61059:65062 [2] NCCL INFO + SYS[5000.0] - CPU/0
x3006c0s37b1n0:61059:65062 [2] NCCL INFO + PCI[12.0] - NIC/43000
x3006c0s37b1n0:61059:65062 [2] NCCL INFO               + NET[12.5] - NET/1 (245b02ffffa4e988/1/12.500000)
x3006c0s37b1n0:61059:65062 [2] NCCL INFO ==========================================
x3006c0s37b1n0:61059:65062 [2] NCCL INFO GPU/7000 :GPU/7000 (0/5000.000000/LOC) GPU/85000 (1/88.000000/NVL) CPU/3 (2/24.000000/PHB) CPU/1 (3/24.000000/SYS) CPU/0 (3/24.000000/SYS) CPU/2 (3/24.000000/SYS) NET/0 (5/12.000000/SYS) NET/1 (5/12.000000/SYS) 
x3006c0s37b1n0:61059:65062 [2] NCCL INFO GPU/85000 :GPU/7000 (1/88.000000/NVL) GPU/85000 (0/5000.000000/LOC) CPU/3 (3/24.000000/SYS) CPU/1 (2/24.000000/PHB) CPU/0 (3/24.000000/SYS) CPU/2 (3/24.000000/SYS) NET/0 (5/12.000000/SYS) NET/1 (5/12.000000/SYS) 
x3006c0s37b1n0:61059:65062 [2] NCCL INFO NET/0 :GPU/7000 (5/12.000000/SYS) GPU/85000 (5/12.000000/SYS) CPU/3 (3/12.000000/SYS) CPU/1 (3/12.000000/SYS) CPU/0 (2/12.000000/PHB) CPU/2 (3/12.000000/SYS) NET/0 (0/5000.000000/LOC) NET/1 (5/12.000000/SYS) 
x3006c0s37b1n0:61059:65062 [2] NCCL INFO NET/1 :GPU/7000 (5/12.000000/SYS) GPU/85000 (5/12.000000/SYS) CPU/3 (3/12.000000/SYS) CPU/1 (3/12.000000/SYS) CPU/0 (3/12.000000/SYS) CPU/2 (2/12.000000/PHB) NET/0 (5/12.000000/SYS) NET/1 (0/5000.000000/LOC) 
x3006c0s37b1n0:61059:65062 [2] NCCL INFO Pattern 4, crossNic 0, nChannels 2, bw 12.000000/12.000000, type NVL/SYS, sameChannels 1
x3006c0s37b1n0:61059:65062 [2] NCCL INFO  0 : NET/0 GPU/4 GPU/5 NET/0
x3006c0s37b1n0:61059:65062 [2] NCCL INFO  1 : NET/1 GPU/4 GPU/5 NET/1
x3006c0s37b1n0:61059:65062 [2] NCCL INFO Pattern 1, crossNic 0, nChannels 2, bw 24.000000/12.000000, type NVL/SYS, sameChannels 1
x3006c0s37b1n0:61059:65062 [2] NCCL INFO  0 : NET/0 GPU/4 GPU/5 NET/0
x3006c0s37b1n0:61059:65062 [2] NCCL INFO  1 : NET/1 GPU/4 GPU/5 NET/1
x3006c0s37b1n0:61059:65062 [2] NCCL INFO Pattern 3, crossNic 0, nChannels 0, bw 0.000000/0.000000, type NVL/PIX, sameChannels 1
x3006c0s37b1n0:61050:65061 [0] NCCL INFO Pattern 3, crossNic 0, nChannels 0, bw 0.000000/0.000000, type NVL/PIX, sameChannels 1
x3006c0s37b1n0:61056:65060 [1] NCCL INFO NET/IB : GPU Direct RDMA Enabled for HCA 0 'mlx5_0'
x3006c0s37b1n0:61056:65060 [1] NCCL INFO NET/IB : GPU Direct RDMA Enabled for HCA 1 'mlx5_1'
x3006c0s37b1n0:61056:65060 [1] NCCL INFO GPU Direct RDMA Disabled for GPU 46000 / HCA 1 (distance 6 > 4)
x3006c0s37b1n0:61056:65060 [1] NCCL INFO GPU Direct RDMA Disabled for GPU c7000 / HCA 1 (distance 7 > 4)
x3006c0s37b1n0:61056:65060 [1] NCCL INFO GPU Direct RDMA Disabled for GPU 46000 / HCA 0 (distance 7 > 4)
x3006c0s37b1n0:61056:65060 [1] NCCL INFO GPU Direct RDMA Disabled for GPU c7000 / HCA 0 (distance 6 > 4)
x3006c0s37b1n0:61056:65060 [1] NCCL INFO GPU Direct RDMA Disabled for GPU 46000 / HCA 1 (distance 6 > 4)
x3006c0s37b1n0:61056:65060 [1] NCCL INFO GPU Direct RDMA Disabled for GPU c7000 / HCA 1 (distance 7 > 4)
x3006c0s37b1n0:61056:65060 [1] NCCL INFO GPU Direct RDMA Disabled for GPU 46000 / HCA 0 (distance 7 > 4)
x3006c0s37b1n0:61056:65060 [1] NCCL INFO GPU Direct RDMA Disabled for GPU c7000 / HCA 0 (distance 6 > 4)
x3006c0s37b1n0:61056:65060 [1] NCCL INFO === System : maxBw 12.0 totalBw 88.0 ===
x3006c0s37b1n0:61056:65060 [1] NCCL INFO CPU/2 (1/2/-1)
x3006c0s37b1n0:61056:65060 [1] NCCL INFO + SYS[5000.0] - CPU/0
x3006c0s37b1n0:61056:65060 [1] NCCL INFO + PCI[24.0] - PCI/44000 (11f8406811f8beef)
x3006c0s37b1n0:61056:65060 [1] NCCL INFO               + PCI[24.0] - GPU/46000 (4)
x3006c0s37b1n0:61056:65060 [1] NCCL INFO                             + NVL[88.0] - GPU/C7000
x3006c0s37b1n0:61056:65060 [1] NCCL INFO + PCI[12.0] - NIC/43000
x3006c0s37b1n0:61056:65060 [1] NCCL INFO               + NET[12.5] - NET/1 (245b02ffffa4e988/1/12.500000)
x3006c0s37b1n0:61056:65060 [1] NCCL INFO CPU/0 (1/2/-1)
x3006c0s37b1n0:61056:65060 [1] NCCL INFO + SYS[5000.0] - CPU/2
x3006c0s37b1n0:61056:65060 [1] NCCL INFO + PCI[24.0] - PCI/C5000 (11f8406811f8beef)
x3006c0s37b1n0:61056:65060 [1] NCCL INFO               + PCI[24.0] - GPU/C7000 (5)
x3006c0s37b1n0:61056:65060 [1] NCCL INFO                             + NVL[88.0] - GPU/46000
x3006c0s37b1n0:61056:65060 [1] NCCL INFO + PCI[12.0] - NIC/C8000
x3006c0s37b1n0:61056:65060 [1] NCCL INFO               + NET[12.5] - NET/0 (206b02ffffa4e988/1/12.500000)
x3006c0s37b1n0:61056:65060 [1] NCCL INFO ==========================================
x3006c0s37b1n0:61056:65060 [1] NCCL INFO GPU/46000 :GPU/46000 (0/5000.000000/LOC) GPU/C7000 (1/88.000000/NVL) CPU/2 (2/24.000000/PHB) CPU/0 (3/24.000000/SYS) NET/1 (4/12.000000/PHB) NET/0 (5/12.000000/SYS) 
x3006c0s37b1n0:61056:65060 [1] NCCL INFO GPU/C7000 :GPU/46000 (1/88.000000/NVL) GPU/C7000 (0/5000.000000/LOC) CPU/2 (3/24.000000/SYS) CPU/0 (2/24.000000/PHB) NET/1 (5/12.000000/SYS) NET/0 (4/12.000000/PHB) 
x3006c0s37b1n0:61056:65060 [1] NCCL INFO NET/1 :GPU/46000 (4/12.000000/PHB) GPU/C7000 (5/12.000000/SYS) CPU/2 (2/12.000000/PHB) CPU/0 (3/12.000000/SYS) NET/1 (0/5000.000000/LOC) NET/0 (5/12.000000/SYS) 
x3006c0s37b1n0:61056:65060 [1] NCCL INFO NET/0 :GPU/46000 (5/12.000000/SYS) GPU/C7000 (4/12.000000/PHB) CPU/2 (3/12.000000/SYS) CPU/0 (2/12.000000/PHB) NET/1 (5/12.000000/SYS) NET/0 (0/5000.000000/LOC) 
x3006c0s37b1n0:61056:65060 [1] NCCL INFO Pattern 4, crossNic 0, nChannels 2, bw 12.000000/12.000000, type NVL/SYS, sameChannels 1
x3006c0s37b1n0:61056:65060 [1] NCCL INFO  0 : NET/1 GPU/4 GPU/5 NET/1
x3006c0s37b1n0:61056:65060 [1] NCCL INFO  1 : NET/0 GPU/4 GPU/5 NET/0
x3006c0s37b1n0:61056:65060 [1] NCCL INFO Pattern 1, crossNic 0, nChannels 2, bw 24.000000/12.000000, type NVL/SYS, sameChannels 1
x3006c0s37b1n0:61056:65060 [1] NCCL INFO  0 : NET/1 GPU/4 GPU/5 NET/1
x3006c0s37b1n0:61056:65060 [1] NCCL INFO  1 : NET/0 GPU/4 GPU/5 NET/0
x3006c0s37b1n0:61056:65060 [1] NCCL INFO Pattern 3, crossNic 0, nChannels 0, bw 0.000000/0.000000, type NVL/PIX, sameChannels 1
x3006c0s37b1n0:61050:65061 [0] NCCL INFO Tree 0 : 9 -> 4 -> 5/6/-1
x3006c0s37b1n0:61050:65061 [0] NCCL INFO Tree 2 : 7 -> 4 -> 5/-1/-1
x3006c0s37b1n0:61050:65061 [0] NCCL INFO Tree 1 : 9 -> 4 -> 5/6/-1
x3006c0s37b1n0:61050:65061 [0] NCCL INFO Tree 3 : 7 -> 4 -> 5/-1/-1
x3006c0s37b1n0:61050:65061 [0] NCCL INFO Ring 00 : 3 -> 4 -> 5
x3006c0s37b1n0:61050:65061 [0] NCCL INFO Ring 01 : 3 -> 4 -> 5
x3006c0s37b1n0:61050:65061 [0] NCCL INFO Ring 02 : 3 -> 4 -> 5
x3006c0s37b1n0:61050:65061 [0] NCCL INFO Ring 03 : 3 -> 4 -> 5
x3006c0s37b1n0:61050:65061 [0] NCCL INFO Trees [0] 5/6/-1->4->9 [1] 5/6/-1->4->9 [2] 5/-1/-1->4->7 [3] 5/-1/-1->4->7
x3006c0s37b1n0:61050:65061 [0] NCCL INFO misc/utils.cc:235 memory stack hunk malloc(65536)
x3006c0s37b1n0:61050:65061 [0] NCCL INFO channel.cc:23 Cuda Alloc Size 4224 pointer 0x149f63e0f400
x3006c0s37b1n0:61050:65061 [0] NCCL INFO channel.cc:27 Cuda Alloc Size 40 pointer 0x149f63e10600
x3006c0s37b1n0:61050:65061 [0] NCCL INFO channel.cc:23 Cuda Alloc Size 4224 pointer 0x149f63e10800
x3006c0s37b1n0:61050:65061 [0] NCCL INFO channel.cc:27 Cuda Alloc Size 40 pointer 0x149f63e11a00
x3006c0s37b1n0:61050:65061 [0] NCCL INFO channel.cc:23 Cuda Alloc Size 4224 pointer 0x149f63e11c00
x3006c0s37b1n0:61050:65061 [0] NCCL INFO channel.cc:27 Cuda Alloc Size 40 pointer 0x149f63e12e00
x3006c0s37b1n0:61050:65061 [0] NCCL INFO channel.cc:23 Cuda Alloc Size 4224 pointer 0x149f63e13000
x3006c0s37b1n0:61050:65061 [0] NCCL INFO channel.cc:27 Cuda Alloc Size 40 pointer 0x149f63e14200
x3006c0s37b1n0:61050:65061 [0] NCCL INFO GPU Direct RDMA Disabled for GPU 7000 / HCA 0 (distance 7 > 4)
x3006c0s37b1n0:61050:65091 [0] NCCL INFO Mem Realloc old size 0, new size 8 pointer 0x149ec8000c60
x3006c0s37b1n0:61050:65091 [0] NCCL INFO Allocated 4194656 bytes of shared memory in /dev/shm/nccl-qslb9x

x3006c0s37b1n0:61050:65091 [0] NCCL INFO New proxy recv connection 0 from local rank 0, transport 2
x3006c0s37b1n0:61063:65059 [3] NCCL INFO NET/IB : GPU Direct RDMA Enabled for HCA 0 'mlx5_0'
x3006c0s37b1n0:61063:65059 [3] NCCL INFO NET/IB : GPU Direct RDMA Enabled for HCA 1 'mlx5_1'
x3006c0s37b1n0:61063:65059 [3] NCCL INFO GPU Direct RDMA Disabled for GPU 46000 / HCA 1 (distance 6 > 4)
x3006c0s37b1n0:61063:65059 [3] NCCL INFO GPU Direct RDMA Disabled for GPU c7000 / HCA 1 (distance 7 > 4)
x3006c0s37b1n0:61063:65059 [3] NCCL INFO GPU Direct RDMA Disabled for GPU 46000 / HCA 0 (distance 7 > 4)
x3006c0s37b1n0:61063:65059 [3] NCCL INFO GPU Direct RDMA Disabled for GPU c7000 / HCA 0 (distance 6 > 4)
x3006c0s37b1n0:61063:65059 [3] NCCL INFO GPU Direct RDMA Disabled for GPU 46000 / HCA 1 (distance 6 > 4)
x3006c0s37b1n0:61063:65059 [3] NCCL INFO GPU Direct RDMA Disabled for GPU c7000 / HCA 1 (distance 7 > 4)
x3006c0s37b1n0:61063:65059 [3] NCCL INFO GPU Direct RDMA Disabled for GPU 46000 / HCA 0 (distance 7 > 4)
x3006c0s37b1n0:61063:65059 [3] NCCL INFO GPU Direct RDMA Disabled for GPU c7000 / HCA 0 (distance 6 > 4)
x3006c0s37b1n0:61063:65059 [3] NCCL INFO === System : maxBw 12.0 totalBw 88.0 ===
x3006c0s37b1n0:61063:65059 [3] NCCL INFO CPU/2 (1/2/-1)
x3006c0s37b1n0:61063:65059 [3] NCCL INFO + SYS[5000.0] - CPU/0
x3006c0s37b1n0:61063:65059 [3] NCCL INFO + PCI[24.0] - PCI/44000 (11f8406811f8beef)
x3006c0s37b1n0:61063:65059 [3] NCCL INFO               + PCI[24.0] - GPU/46000 (4)
x3006c0s37b1n0:61063:65059 [3] NCCL INFO                             + NVL[88.0] - GPU/C7000
x3006c0s37b1n0:61063:65059 [3] NCCL INFO + PCI[12.0] - NIC/43000
x3006c0s37b1n0:61063:65059 [3] NCCL INFO               + NET[12.5] - NET/1 (245b02ffffa4e988/1/12.500000)
x3006c0s37b1n0:61063:65059 [3] NCCL INFO CPU/0 (1/2/-1)
x3006c0s37b1n0:61063:65059 [3] NCCL INFO + SYS[5000.0] - CPU/2
x3006c0s37b1n0:61063:65059 [3] NCCL INFO + PCI[24.0] - PCI/C5000 (11f8406811f8beef)
x3006c0s37b1n0:61063:65059 [3] NCCL INFO               + PCI[24.0] - GPU/C7000 (5)
x3006c0s37b1n0:61063:65059 [3] NCCL INFO                             + NVL[88.0] - GPU/46000
x3006c0s37b1n0:61063:65059 [3] NCCL INFO + PCI[12.0] - NIC/C8000
x3006c0s37b1n0:61063:65059 [3] NCCL INFO               + NET[12.5] - NET/0 (206b02ffffa4e988/1/12.500000)
x3006c0s37b1n0:61063:65059 [3] NCCL INFO ==========================================
x3006c0s37b1n0:61063:65059 [3] NCCL INFO GPU/46000 :GPU/46000 (0/5000.000000/LOC) GPU/C7000 (1/88.000000/NVL) CPU/2 (2/24.000000/PHB) CPU/0 (3/24.000000/SYS) NET/1 (4/12.000000/PHB) NET/0 (5/12.000000/SYS) 
x3006c0s37b1n0:61063:65059 [3] NCCL INFO GPU/C7000 :GPU/46000 (1/88.000000/NVL) GPU/C7000 (0/5000.000000/LOC) CPU/2 (3/24.000000/SYS) CPU/0 (2/24.000000/PHB) NET/1 (5/12.000000/SYS) NET/0 (4/12.000000/PHB) 
x3006c0s37b1n0:61063:65059 [3] NCCL INFO NET/1 :GPU/46000 (4/12.000000/PHB) GPU/C7000 (5/12.000000/SYS) CPU/2 (2/12.000000/PHB) CPU/0 (3/12.000000/SYS) NET/1 (0/5000.000000/LOC) NET/0 (5/12.000000/SYS) 
x3006c0s37b1n0:61063:65059 [3] NCCL INFO NET/0 :GPU/46000 (5/12.000000/SYS) GPU/C7000 (4/12.000000/PHB) CPU/2 (3/12.000000/SYS) CPU/0 (2/12.000000/PHB) NET/1 (5/12.000000/SYS) NET/0 (0/5000.000000/LOC) 
x3006c0s37b1n0:61063:65059 [3] NCCL INFO Setting affinity for GPU 3 to 01
x3006c0s37b1n0:61063:65059 [3] NCCL INFO Pattern 4, crossNic 0, nChannels 2, bw 12.000000/12.000000, type NVL/SYS, sameChannels 1
x3006c0s37b1n0:61063:65059 [3] NCCL INFO  0 : NET/1 GPU/4 GPU/5 NET/1
x3006c0s37b1n0:61063:65059 [3] NCCL INFO  1 : NET/0 GPU/4 GPU/5 NET/0
x3006c0s37b1n0:61063:65059 [3] NCCL INFO Pattern 1, crossNic 0, nChannels 2, bw 24.000000/12.000000, type NVL/SYS, sameChannels 1
x3006c0s37b1n0:61063:65059 [3] NCCL INFO  0 : NET/1 GPU/4 GPU/5 NET/1
x3006c0s37b1n0:61063:65059 [3] NCCL INFO  1 : NET/0 GPU/4 GPU/5 NET/0
x3006c0s37b1n0:61063:65059 [3] NCCL INFO Pattern 3, crossNic 0, nChannels 0, bw 0.000000/0.000000, type NVL/PIX, sameChannels 1
x3006c0s37b1n0:61050:65061 [0] NCCL INFO Connection to proxy localRank 0 -> connection 0x149ec8000c80
x3006c0s37b1n0:61059:65062 [2] NCCL INFO Tree 0 : 4 -> 5 -> 2/-1/-1
x3006c0s37b1n0:61059:65062 [2] NCCL INFO Tree 2 : 4 -> 5 -> -1/-1/-1
x3006c0s37b1n0:61059:65062 [2] NCCL INFO Tree 1 : 4 -> 5 -> 2/-1/-1
x3006c0s37b1n0:61059:65062 [2] NCCL INFO Tree 3 : 4 -> 5 -> -1/-1/-1
x3006c0s37b1n0:61059:65062 [2] NCCL INFO Ring 00 : 4 -> 5 -> 6
x3006c0s37b1n0:61059:65062 [2] NCCL INFO Ring 01 : 4 -> 5 -> 6
x3006c0s37b1n0:61059:65062 [2] NCCL INFO Ring 02 : 4 -> 5 -> 6
x3006c0s37b1n0:61059:65062 [2] NCCL INFO Ring 03 : 4 -> 5 -> 6
x3006c0s37b1n0:61059:65062 [2] NCCL INFO Trees [0] 2/-1/-1->5->4 [1] 2/-1/-1->5->4 [2] -1/-1/-1->5->4 [3] -1/-1/-1->5->4
x3006c0s37b1n0:61059:65062 [2] NCCL INFO misc/utils.cc:235 memory stack hunk malloc(65536)
x3006c0s37b1n0:61059:65062 [2] NCCL INFO channel.cc:23 Cuda Alloc Size 4224 pointer 0x14a5db80f400
x3006c0s37b1n0:61059:65062 [2] NCCL INFO channel.cc:27 Cuda Alloc Size 40 pointer 0x14a5db810600
x3006c0s37b1n0:61059:65062 [2] NCCL INFO channel.cc:23 Cuda Alloc Size 4224 pointer 0x14a5db810800
x3006c0s37b1n0:61059:65062 [2] NCCL INFO channel.cc:27 Cuda Alloc Size 40 pointer 0x14a5db811a00
x3006c0s37b1n0:61059:65062 [2] NCCL INFO channel.cc:23 Cuda Alloc Size 4224 pointer 0x14a5db811c00
x3006c0s37b1n0:61059:65062 [2] NCCL INFO channel.cc:27 Cuda Alloc Size 40 pointer 0x14a5db812e00
x3006c0s37b1n0:61059:65062 [2] NCCL INFO channel.cc:23 Cuda Alloc Size 4224 pointer 0x14a5db813000
x3006c0s37b1n0:61059:65062 [2] NCCL INFO channel.cc:27 Cuda Alloc Size 40 pointer 0x14a5db814200
x3006c0s37b1n0:61059:65092 [2] NCCL INFO Mem Realloc old size 0, new size 8 pointer 0x14a560000c60
x3006c0s37b1n0:61059:65092 [2] NCCL INFO New proxy recv connection 0 from local rank 1, transport 0
x3006c0s37b1n0:61050:65061 [0] NCCL INFO Channel 00/0 : 3[85000] -> 4[7000] [receive] via NET/IB/0
x3006c0s37b1n0:61050:65061 [0] NCCL INFO GPU Direct RDMA Disabled for GPU 7000 / HCA 1 (distance 7 > 4)
x3006c0s37b1n0:61050:65091 [0] NCCL INFO New proxy recv connection 1 from local rank 0, transport 2
x3006c0s37b1n0:61059:65062 [2] NCCL INFO Connection to proxy localRank 1 -> connection 0x14a560000c80
x3006c0s37b1n0:61059:65092 [2] NCCL INFO transport/p2p.cc:449 Cuda Alloc Size 6291456 pointer 0x14a566000000
x3006c0s37b1n0:61059:65092 [2] NCCL INFO New proxy recv connection 1 from local rank 1, transport 0
x3006c0s37b1n0:61050:65061 [0] NCCL INFO Connection to proxy localRank 0 -> connection 0x149ec8000cc0
x3006c0s37b1n0:61059:65062 [2] NCCL INFO Connection to proxy localRank 1 -> connection 0x14a560000cc0
x3006c0s37b1n0:61059:65092 [2] NCCL INFO transport/p2p.cc:449 Cuda Alloc Size 6291456 pointer 0x14a566600000
x3006c0s37b1n0:61056:65060 [1] NCCL INFO Tree 0 : 9 -> 4 -> 5/6/-1
x3006c0s37b1n0:61056:65060 [1] NCCL INFO Tree 2 : 7 -> 4 -> 5/-1/-1
x3006c0s37b1n0:61056:65060 [1] NCCL INFO Tree 1 : 9 -> 4 -> 5/6/-1
x3006c0s37b1n0:61056:65060 [1] NCCL INFO Tree 3 : 7 -> 4 -> 5/-1/-1
x3006c0s37b1n0:61056:65060 [1] NCCL INFO Ring 00 : 3 -> 4 -> 5
x3006c0s37b1n0:61056:65060 [1] NCCL INFO Ring 01 : 3 -> 4 -> 5
x3006c0s37b1n0:61056:65060 [1] NCCL INFO Ring 02 : 3 -> 4 -> 5
x3006c0s37b1n0:61056:65060 [1] NCCL INFO Ring 03 : 3 -> 4 -> 5
x3006c0s37b1n0:61056:65060 [1] NCCL INFO Trees [0] 5/6/-1->4->9 [1] 5/6/-1->4->9 [2] 5/-1/-1->4->7 [3] 5/-1/-1->4->7
x3006c0s37b1n0:61056:65060 [1] NCCL INFO misc/utils.cc:235 memory stack hunk malloc(65536)
x3006c0s37b1n0:61056:65060 [1] NCCL INFO channel.cc:23 Cuda Alloc Size 4224 pointer 0x14e03b80f400
x3006c0s37b1n0:61056:65060 [1] NCCL INFO channel.cc:27 Cuda Alloc Size 40 pointer 0x14e03b810600
x3006c0s37b1n0:61056:65060 [1] NCCL INFO channel.cc:23 Cuda Alloc Size 4224 pointer 0x14e03b810800
x3006c0s37b1n0:61056:65060 [1] NCCL INFO channel.cc:27 Cuda Alloc Size 40 pointer 0x14e03b811a00
x3006c0s37b1n0:61056:65060 [1] NCCL INFO channel.cc:23 Cuda Alloc Size 4224 pointer 0x14e03b811c00
x3006c0s37b1n0:61056:65060 [1] NCCL INFO channel.cc:27 Cuda Alloc Size 40 pointer 0x14e03b812e00
x3006c0s37b1n0:61056:65060 [1] NCCL INFO channel.cc:23 Cuda Alloc Size 4224 pointer 0x14e03b813000
x3006c0s37b1n0:61056:65060 [1] NCCL INFO channel.cc:27 Cuda Alloc Size 40 pointer 0x14e03b814200
x3006c0s37b1n0:61056:65060 [1] NCCL INFO GPU Direct RDMA Disabled for GPU 46000 / HCA 1 (distance 6 > 4)
x3006c0s37b1n0:61056:65117 [1] NCCL INFO Mem Realloc old size 0, new size 8 pointer 0x14dfc4000c60
x3006c0s37b1n0:61056:65117 [1] NCCL INFO Allocated 4194656 bytes of shared memory in /dev/shm/nccl-FhLsWZ

x3006c0s37b1n0:61056:65117 [1] NCCL INFO New proxy recv connection 0 from local rank 0, transport 2
x3006c0s37b1n0:61059:65092 [2] NCCL INFO New proxy recv connection 2 from local rank 1, transport 0
x3006c0s37b1n0:61050:65061 [0] NCCL INFO Channel 01/0 : 3[85000] -> 4[7000] [receive] via NET/IB/1
x3006c0s37b1n0:61050:65061 [0] NCCL INFO GPU Direct RDMA Disabled for GPU 7000 / HCA 0 (distance 7 > 4)
x3006c0s37b1n0:61050:65091 [0] NCCL INFO New proxy recv connection 2 from local rank 0, transport 2
x3006c0s37b1n0:61063:65059 [3] NCCL INFO Tree 0 : 4 -> 5 -> 2/-1/-1
x3006c0s37b1n0:61063:65059 [3] NCCL INFO Tree 2 : 4 -> 5 -> -1/-1/-1
x3006c0s37b1n0:61063:65059 [3] NCCL INFO Tree 1 : 4 -> 5 -> 2/-1/-1
x3006c0s37b1n0:61063:65059 [3] NCCL INFO Tree 3 : 4 -> 5 -> -1/-1/-1
x3006c0s37b1n0:61063:65059 [3] NCCL INFO Ring 00 : 4 -> 5 -> 6
x3006c0s37b1n0:61063:65059 [3] NCCL INFO Ring 01 : 4 -> 5 -> 6
x3006c0s37b1n0:61063:65059 [3] NCCL INFO Ring 02 : 4 -> 5 -> 6
x3006c0s37b1n0:61063:65059 [3] NCCL INFO Ring 03 : 4 -> 5 -> 6
x3006c0s37b1n0:61063:65059 [3] NCCL INFO Trees [0] 2/-1/-1->5->4 [1] 2/-1/-1->5->4 [2] -1/-1/-1->5->4 [3] -1/-1/-1->5->4
x3006c0s37b1n0:61063:65059 [3] NCCL INFO misc/utils.cc:235 memory stack hunk malloc(65536)
x3006c0s37b1n0:61063:65059 [3] NCCL INFO channel.cc:23 Cuda Alloc Size 4224 pointer 0x150e6180f400
x3006c0s37b1n0:61063:65059 [3] NCCL INFO channel.cc:27 Cuda Alloc Size 40 pointer 0x150e61810600
x3006c0s37b1n0:61063:65059 [3] NCCL INFO channel.cc:23 Cuda Alloc Size 4224 pointer 0x150e61810800
x3006c0s37b1n0:61063:65059 [3] NCCL INFO channel.cc:27 Cuda Alloc Size 40 pointer 0x150e61811a00
x3006c0s37b1n0:61063:65059 [3] NCCL INFO channel.cc:23 Cuda Alloc Size 4224 pointer 0x150e61811c00
x3006c0s37b1n0:61063:65059 [3] NCCL INFO channel.cc:27 Cuda Alloc Size 40 pointer 0x150e61812e00
x3006c0s37b1n0:61063:65059 [3] NCCL INFO channel.cc:23 Cuda Alloc Size 4224 pointer 0x150e61813000
x3006c0s37b1n0:61063:65059 [3] NCCL INFO channel.cc:27 Cuda Alloc Size 40 pointer 0x150e61814200
x3006c0s37b1n0:61056:65060 [1] NCCL INFO Connection to proxy localRank 0 -> connection 0x14dfc4000c80
x3006c0s37b1n0:61063:65127 [3] NCCL INFO Mem Realloc old size 0, new size 8 pointer 0x150dec000c60
x3006c0s37b1n0:61063:65127 [3] NCCL INFO New proxy recv connection 0 from local rank 1, transport 0
x3006c0s37b1n0:61063:65059 [3] NCCL INFO Connection to proxy localRank 1 -> connection 0x150dec000c80
x3006c0s37b1n0:61063:65127 [3] NCCL INFO transport/p2p.cc:449 Cuda Alloc Size 6291456 pointer 0x150dfb200000
x3006c0s37b1n0:61059:65062 [2] NCCL INFO Connection to proxy localRank 1 -> connection 0x14a560000d00
x3006c0s37b1n0:61059:65092 [2] NCCL INFO transport/p2p.cc:449 Cuda Alloc Size 6291456 pointer 0x14a566c00000
x3006c0s37b1n0:61050:65061 [0] NCCL INFO Connection to proxy localRank 0 -> connection 0x149ec8000d00
x3006c0s37b1n0:61056:65060 [1] NCCL INFO Channel 00/0 : 3[c7000] -> 4[46000] [receive] via NET/IB/1
x3006c0s37b1n0:61056:65060 [1] NCCL INFO GPU Direct RDMA Disabled for GPU 46000 / HCA 0 (distance 7 > 4)
x3006c0s37b1n0:61056:65117 [1] NCCL INFO New proxy recv connection 1 from local rank 0, transport 2
x3006c0s37b1n0:61063:65127 [3] NCCL INFO New proxy recv connection 1 from local rank 1, transport 0
x3006c0s37b1n0:61056:65060 [1] NCCL INFO Connection to proxy localRank 0 -> connection 0x14dfc4000cc0
x3006c0s37b1n0:61059:65092 [2] NCCL INFO New proxy recv connection 3 from local rank 1, transport 0
x3006c0s37b1n0:61050:65061 [0] NCCL INFO Channel 02/0 : 3[85000] -> 4[7000] [receive] via NET/IB/0
x3006c0s37b1n0:61050:65061 [0] NCCL INFO GPU Direct RDMA Disabled for GPU 7000 / HCA 1 (distance 7 > 4)
x3006c0s37b1n0:61050:65091 [0] NCCL INFO New proxy recv connection 3 from local rank 0, transport 2
x3006c0s37b1n0:61063:65059 [3] NCCL INFO Connection to proxy localRank 1 -> connection 0x150dec000cc0
x3006c0s37b1n0:61063:65127 [3] NCCL INFO transport/p2p.cc:449 Cuda Alloc Size 6291456 pointer 0x150dfb800000
x3006c0s37b1n0:61056:65060 [1] NCCL INFO Channel 01/0 : 3[c7000] -> 4[46000] [receive] via NET/IB/0
x3006c0s37b1n0:61056:65060 [1] NCCL INFO GPU Direct RDMA Disabled for GPU 46000 / HCA 1 (distance 6 > 4)
x3006c0s37b1n0:61056:65117 [1] NCCL INFO New proxy recv connection 2 from local rank 0, transport 2
x3006c0s37b1n0:61059:65062 [2] NCCL INFO Connection to proxy localRank 1 -> connection 0x14a560000d40
x3006c0s37b1n0:61059:65092 [2] NCCL INFO transport/p2p.cc:449 Cuda Alloc Size 6291456 pointer 0x14a567200000
x3006c0s37b1n0:61050:65061 [0] NCCL INFO Connection to proxy localRank 0 -> connection 0x149ec8000d40
x3006c0s37b1n0:61063:65127 [3] NCCL INFO New proxy recv connection 2 from local rank 1, transport 0
x3006c0s37b1n0:61056:65060 [1] NCCL INFO Connection to proxy localRank 0 -> connection 0x14dfc4000d00
x3006c0s37b1n0:61059:65062 [2] NCCL INFO GPU Direct RDMA Disabled for GPU 85000 / HCA 0 (distance 7 > 4)
x3006c0s37b1n0:61059:65092 [2] NCCL INFO Allocated 4194656 bytes of shared memory in /dev/shm/nccl-0Strde

x3006c0s37b1n0:61059:65092 [2] NCCL INFO New proxy send connection 4 from local rank 1, transport 2
x3006c0s37b1n0:61050:65061 [0] NCCL INFO Channel 03/0 : 3[85000] -> 4[7000] [receive] via NET/IB/1
x3006c0s37b1n0:61050:65061 [0] NCCL INFO Channel 00/0 : 4[7000] -> 5[85000] via P2P/IPC/read
x3006c0s37b1n0:61050:65091 [0] NCCL INFO New proxy send connection 4 from local rank 0, transport 0
x3006c0s37b1n0:61056:65060 [1] NCCL INFO Channel 02/0 : 3[c7000] -> 4[46000] [receive] via NET/IB/1
x3006c0s37b1n0:61056:65060 [1] NCCL INFO GPU Direct RDMA Disabled for GPU 46000 / HCA 0 (distance 7 > 4)
x3006c0s37b1n0:61056:65117 [1] NCCL INFO New proxy recv connection 3 from local rank 0, transport 2
x3006c0s37b1n0:61063:65059 [3] NCCL INFO Connection to proxy localRank 1 -> connection 0x150dec000d00
x3006c0s37b1n0:61063:65127 [3] NCCL INFO transport/p2p.cc:449 Cuda Alloc Size 6291456 pointer 0x150df2000000
x3006c0s37b1n0:61059:65062 [2] NCCL INFO Connection to proxy localRank 1 -> connection 0x14a560000d80
x3006c0s37b1n0:61059:65062 [2] NCCL INFO Channel 00/0 : 5[85000] -> 6[7000] [send] via NET/IB/0
x3006c0s37b1n0:61059:65062 [2] NCCL INFO GPU Direct RDMA Disabled for GPU 85000 / HCA 1 (distance 7 > 4)
x3006c0s37b1n0:61050:65061 [0] NCCL INFO Connection to proxy localRank 0 -> connection 0x149ec8000d80
x3006c0s37b1n0:61050:65091 [0] NCCL INFO transport/p2p.cc:430 Cuda Alloc Size 6291456 pointer 0x149ecd200000
x3006c0s37b1n0:61059:65092 [2] NCCL INFO New proxy send connection 5 from local rank 1, transport 2
x3006c0s37b1n0:61063:65127 [3] NCCL INFO New proxy recv connection 3 from local rank 1, transport 0
x3006c0s37b1n0:61056:65060 [1] NCCL INFO Connection to proxy localRank 0 -> connection 0x14dfc4000d40
x3006c0s37b1n0:61056:65060 [1] NCCL INFO Channel 03/0 : 3[c7000] -> 4[46000] [receive] via NET/IB/0
x3006c0s37b1n0:61056:65060 [1] NCCL INFO Channel 00/0 : 4[46000] -> 5[c7000] via P2P/IPC/read
x3006c0s37b1n0:61059:65062 [2] NCCL INFO Connection to proxy localRank 1 -> connection 0x14a560000dc0
x3006c0s37b1n0:61059:65062 [2] NCCL INFO Channel 01/0 : 5[85000] -> 6[7000] [send] via NET/IB/1
x3006c0s37b1n0:61059:65062 [2] NCCL INFO GPU Direct RDMA Disabled for GPU 85000 / HCA 0 (distance 7 > 4)
x3006c0s37b1n0:61059:65092 [2] NCCL INFO New proxy send connection 6 from local rank 1, transport 2
x3006c0s37b1n0:61050:65061 [0] NCCL INFO Channel 01/0 : 4[7000] -> 5[85000] via P2P/IPC/read
x3006c0s37b1n0:61050:65091 [0] NCCL INFO New proxy send connection 5 from local rank 0, transport 0
x3006c0s37b1n0:61063:65059 [3] NCCL INFO Connection to proxy localRank 1 -> connection 0x150dec000d40
x3006c0s37b1n0:61063:65127 [3] NCCL INFO transport/p2p.cc:449 Cuda Alloc Size 6291456 pointer 0x150df2600000
x3006c0s37b1n0:61056:65117 [1] NCCL INFO New proxy send connection 4 from local rank 0, transport 0
x3006c0s37b1n0:61059:65062 [2] NCCL INFO Connection to proxy localRank 1 -> connection 0x14a560000e00
x3006c0s37b1n0:61059:65062 [2] NCCL INFO Channel 02/0 : 5[85000] -> 6[7000] [send] via NET/IB/0
x3006c0s37b1n0:61059:65062 [2] NCCL INFO GPU Direct RDMA Disabled for GPU 85000 / HCA 1 (distance 7 > 4)
x3006c0s37b1n0:61059:65092 [2] NCCL INFO New proxy send connection 7 from local rank 1, transport 2
x3006c0s37b1n0:61050:65061 [0] NCCL INFO Connection to proxy localRank 0 -> connection 0x149ec8000dc0
x3006c0s37b1n0:61050:65091 [0] NCCL INFO transport/p2p.cc:430 Cuda Alloc Size 6291456 pointer 0x149ecd800000
x3006c0s37b1n0:61063:65059 [3] NCCL INFO GPU Direct RDMA Disabled for GPU c7000 / HCA 1 (distance 7 > 4)
x3006c0s37b1n0:61063:65127 [3] NCCL INFO Allocated 4194656 bytes of shared memory in /dev/shm/nccl-cSzB3t

x3006c0s37b1n0:61063:65127 [3] NCCL INFO New proxy send connection 4 from local rank 1, transport 2
x3006c0s37b1n0:61056:65060 [1] NCCL INFO Connection to proxy localRank 0 -> connection 0x14dfc4000d80
x3006c0s37b1n0:61056:65117 [1] NCCL INFO transport/p2p.cc:430 Cuda Alloc Size 6291456 pointer 0x14dfcb200000
x3006c0s37b1n0:61056:65060 [1] NCCL INFO Channel 01/0 : 4[46000] -> 5[c7000] via P2P/IPC/read
x3006c0s37b1n0:61059:65062 [2] NCCL INFO Connection to proxy localRank 1 -> connection 0x14a560000e40
x3006c0s37b1n0:61059:65062 [2] NCCL INFO Channel 03/0 : 5[85000] -> 6[7000] [send] via NET/IB/1
x3006c0s37b1n0:61056:65117 [1] NCCL INFO New proxy send connection 5 from local rank 0, transport 0
x3006c0s37b1n0:61050:65061 [0] NCCL INFO Channel 02/0 : 4[7000] -> 5[85000] via P2P/IPC/read
x3006c0s37b1n0:61050:65091 [0] NCCL INFO New proxy send connection 6 from local rank 0, transport 0
x3006c0s37b1n0:61063:65059 [3] NCCL INFO Connection to proxy localRank 1 -> connection 0x150dec000d80
x3006c0s37b1n0:61063:65059 [3] NCCL INFO Channel 00/0 : 5[c7000] -> 6[46000] [send] via NET/IB/1
x3006c0s37b1n0:61063:65059 [3] NCCL INFO GPU Direct RDMA Disabled for GPU c7000 / HCA 0 (distance 6 > 4)
x3006c0s37b1n0:61063:65127 [3] NCCL INFO New proxy send connection 5 from local rank 1, transport 2
x3006c0s37b1n0:61063:65059 [3] NCCL INFO Connection to proxy localRank 1 -> connection 0x150dec000dc0
x3006c0s37b1n0:61063:65059 [3] NCCL INFO Channel 01/0 : 5[c7000] -> 6[46000] [send] via NET/IB/0
x3006c0s37b1n0:61063:65059 [3] NCCL INFO GPU Direct RDMA Disabled for GPU c7000 / HCA 1 (distance 7 > 4)
x3006c0s37b1n0:61063:65127 [3] NCCL INFO New proxy send connection 6 from local rank 1, transport 2
x3006c0s37b1n0:61056:65060 [1] NCCL INFO Connection to proxy localRank 0 -> connection 0x14dfc4000dc0
x3006c0s37b1n0:61056:65117 [1] NCCL INFO transport/p2p.cc:430 Cuda Alloc Size 6291456 pointer 0x14dfcb800000
x3006c0s37b1n0:61050:65061 [0] NCCL INFO Connection to proxy localRank 0 -> connection 0x149ec8000e00
x3006c0s37b1n0:61050:65091 [0] NCCL INFO transport/p2p.cc:430 Cuda Alloc Size 6291456 pointer 0x149ed5800000
x3006c0s37b1n0:61056:65060 [1] NCCL INFO Channel 02/0 : 4[46000] -> 5[c7000] via P2P/IPC/read
x3006c0s37b1n0:61056:65117 [1] NCCL INFO New proxy send connection 6 from local rank 0, transport 0
x3006c0s37b1n0:61063:65059 [3] NCCL INFO Connection to proxy localRank 1 -> connection 0x150dec000e00
x3006c0s37b1n0:61063:65059 [3] NCCL INFO Channel 02/0 : 5[c7000] -> 6[46000] [send] via NET/IB/1
x3006c0s37b1n0:61063:65059 [3] NCCL INFO GPU Direct RDMA Disabled for GPU c7000 / HCA 0 (distance 6 > 4)
x3006c0s37b1n0:61063:65127 [3] NCCL INFO New proxy send connection 7 from local rank 1, transport 2
x3006c0s37b1n0:61050:65061 [0] NCCL INFO Channel 03/0 : 4[7000] -> 5[85000] via P2P/IPC/read
x3006c0s37b1n0:61050:65091 [0] NCCL INFO New proxy send connection 7 from local rank 0, transport 0
x3006c0s37b1n0:61056:65060 [1] NCCL INFO Connection to proxy localRank 0 -> connection 0x14dfc4000e00
x3006c0s37b1n0:61056:65117 [1] NCCL INFO transport/p2p.cc:430 Cuda Alloc Size 6291456 pointer 0x14dfd3800000
x3006c0s37b1n0:61063:65059 [3] NCCL INFO Connection to proxy localRank 1 -> connection 0x150dec000e40
x3006c0s37b1n0:61063:65059 [3] NCCL INFO Channel 03/0 : 5[c7000] -> 6[46000] [send] via NET/IB/0
x3006c0s37b1n0:61050:65061 [0] NCCL INFO Connection to proxy localRank 0 -> connection 0x149ec8000e40
x3006c0s37b1n0:61050:65091 [0] NCCL INFO transport/p2p.cc:430 Cuda Alloc Size 6291456 pointer 0x149ec2000000
x3006c0s37b1n0:61056:65060 [1] NCCL INFO Channel 03/0 : 4[46000] -> 5[c7000] via P2P/IPC/read
x3006c0s37b1n0:61056:65117 [1] NCCL INFO New proxy send connection 7 from local rank 0, transport 0
x3006c0s37b1n0:61050:65091 [0] NCCL INFO transport/net_ib.cc:683 Ib Alloc Size 21688 pointer 0x149ec8020000
x3006c0s37b1n0:61056:65060 [1] NCCL INFO Connection to proxy localRank 0 -> connection 0x14dfc4000e40
x3006c0s37b1n0:61056:65117 [1] NCCL INFO transport/p2p.cc:430 Cuda Alloc Size 6291456 pointer 0x14dfbe000000
x3006c0s37b1n0:61059:65092 [2] NCCL INFO transport/net_ib.cc:596 Ib Alloc Size 26560 pointer 0x14a560020000
x3006c0s37b1n0:61059:65092 [2] NCCL INFO NET/IB: Dev 0 Port 1 qpn 3677 mtu 5 GID 0 (80FE/BD0800FEFF000000)
x3006c0s37b1n0:61059:65092 [2] NCCL INFO transport/net_ib.cc:653 Ib Alloc Size 552 pointer 0x14a560042000
x3006c0s37b1n0:61059:65092 [2] NCCL INFO transport/net.cc:571 Cuda Host Alloc Size 9641984 pointer 0x14a55a000000
x3006c0s37b1n0:61059:65092 [2] NCCL INFO Mem Realloc old size 0, new size 768 pointer 0x14a56002f3c0
x3006c0s37b1n0:61056:65117 [1] NCCL INFO transport/net_ib.cc:683 Ib Alloc Size 21688 pointer 0x14dfc4020000
x3006c0s37b1n0:61056:65117 [1] NCCL INFO transport/net_ib.cc:696 Ib Alloc Size 552 pointer 0x14dfc4027000
x3006c0s37b1n0:61059:65092 [2] NCCL INFO transport/net_ib.cc:596 Ib Alloc Size 26560 pointer 0x14a560044000
x3006c0s37b1n0:61063:65127 [3] NCCL INFO transport/net_ib.cc:596 Ib Alloc Size 26560 pointer 0x150dec020000
x3006c0s37b1n0:61063:65127 [3] NCCL INFO NET/IB: Dev 1 Port 1 qpn 3424 mtu 5 GID 0 (80FE/AB0800FEFF000000)
x3006c0s37b1n0:61063:65127 [3] NCCL INFO transport/net_ib.cc:653 Ib Alloc Size 552 pointer 0x150dec038000
x3006c0s37b1n0:61063:65127 [3] NCCL INFO transport/net.cc:571 Cuda Host Alloc Size 9641984 pointer 0x150df2c00000
x3006c0s37b1n0:61059:65092 [2] NCCL INFO NET/IB: Dev 1 Port 1 qpn 3423 mtu 5 GID 0 (80FE/AB0800FEFF000000)
x3006c0s37b1n0:61059:65092 [2] NCCL INFO transport/net_ib.cc:653 Ib Alloc Size 552 pointer 0x14a560065000
x3006c0s37b1n0:61059:65092 [2] NCCL INFO transport/net.cc:571 Cuda Host Alloc Size 9641984 pointer 0x14a55aa00000
x3006c0s37b1n0:61059:65092 [2] NCCL INFO Mem Realloc old size 0, new size 768 pointer 0x14a5600527a0
x3006c0s37b1n0:61050:65091 [0] NCCL INFO transport/net_ib.cc:696 Ib Alloc Size 552 pointer 0x149ec8027000
x3006c0s37b1n0:61063:65127 [3] NCCL INFO transport/net_ib.cc:596 Ib Alloc Size 26560 pointer 0x150dec03a000
x3006c0s37b1n0:61063:65127 [3] NCCL INFO NET/IB: Dev 0 Port 1 qpn 3678 mtu 5 GID 0 (80FE/BD0800FEFF000000)
x3006c0s37b1n0:61063:65127 [3] NCCL INFO transport/net_ib.cc:653 Ib Alloc Size 552 pointer 0x150dec051000
x3006c0s37b1n0:61063:65127 [3] NCCL INFO transport/net.cc:571 Cuda Host Alloc Size 9641984 pointer 0x150df3600000
x3006c0s37b1n0:61050:65091 [0] NCCL INFO transport/net_ib.cc:771 Ib Alloc Size 552 pointer 0x149ec8044000
x3006c0s37b1n0:61050:65091 [0] NCCL INFO transport/net.cc:698 Cuda Host Alloc Size 9641984 pointer 0x149eba000000
x3006c0s37b1n0:61056:65117 [1] NCCL INFO transport/net_ib.cc:771 Ib Alloc Size 552 pointer 0x14dfc4044000
x3006c0s37b1n0:61056:65117 [1] NCCL INFO transport/net.cc:698 Cuda Host Alloc Size 9641984 pointer 0x14dfb6000000
x3006c0s37b1n0:61059:65092 [2] NCCL INFO transport/net_ib.cc:596 Ib Alloc Size 26560 pointer 0x14a560067000
