x3001c0s31b0n0:38122:42649 [3] NCCL INFO New proxy recv connection 1 from local rank 3, transport 0
x3001c0s31b0n0:38119:42482 [0] NCCL INFO Channel 02/0 : 0[7000] -> 2[85000] via P2P/IPC/read
x3001c0s31b0n0:38119:42643 [0] NCCL INFO New proxy send connection 2 from local rank 0, transport 0
x3001c0s31b0n0:38121:42484 [2] NCCL INFO Connection to proxy localRank 2 -> connection 0x14f670000d00
x3001c0s31b0n0:38121:42646 [2] NCCL INFO transport/p2p.cc:430 Cuda Alloc Size 6291456 pointer 0x14f6ecc00000
x3001c0s31b0n0:38120:42483 [1] NCCL INFO Channel 01/0 : 19[c7000] -> 1[46000] [receive] via NET/IB/0
x3001c0s31b0n0:38120:42483 [1] NCCL INFO GPU Direct RDMA Disabled for GPU 46000 / HCA 1 (distance 6 > 4)
x3001c0s31b0n0:38120:42645 [1] NCCL INFO New proxy recv connection 2 from local rank 1, transport 2
x3001c0s31b0n0:38122:42485 [3] NCCL INFO Connection to proxy localRank 3 -> connection 0x14c7f0000cc0
x3001c0s31b0n0:38122:42649 [3] NCCL INFO transport/p2p.cc:449 Cuda Alloc Size 6291456 pointer 0x14c86b800000
x3001c0s31b0n0:38119:42482 [0] NCCL INFO Connection to proxy localRank 0 -> connection 0x1548c00910b0
x3001c0s31b0n0:38119:42643 [0] NCCL INFO transport/p2p.cc:430 Cuda Alloc Size 6291456 pointer 0x1548bae00000
x3001c0s31b0n0:38119:42482 [0] NCCL INFO Channel 03/0 : 0[7000] -> 2[85000] via P2P/IPC/read
x3001c0s31b0n0:38121:42484 [2] NCCL INFO Channel 03/0 : 2[85000] -> 3[c7000] via P2P/IPC/read
x3001c0s31b0n0:38121:42646 [2] NCCL INFO New proxy send connection 3 from local rank 2, transport 0
x3001c0s31b0n0:38119:42643 [0] NCCL INFO New proxy send connection 3 from local rank 0, transport 0
x3001c0s31b0n0:38120:42483 [1] NCCL INFO Connection to proxy localRank 1 -> connection 0x14ff38000d00
x3001c0s31b0n0:38122:42649 [3] NCCL INFO New proxy recv connection 2 from local rank 3, transport 0
x3001c0s31b0n0:38119:42482 [0] NCCL INFO Connection to proxy localRank 0 -> connection 0x1548c00910f0
x3001c0s31b0n0:38119:42643 [0] NCCL INFO transport/p2p.cc:430 Cuda Alloc Size 6291456 pointer 0x1548bb400000
x3001c0s31b0n0:38121:42484 [2] NCCL INFO Connection to proxy localRank 2 -> connection 0x14f670000d40
x3001c0s31b0n0:38121:42646 [2] NCCL INFO transport/p2p.cc:430 Cuda Alloc Size 6291456 pointer 0x14f6ed200000
x3001c0s31b0n0:38120:42483 [1] NCCL INFO Channel 02/0 : 19[c7000] -> 1[46000] [receive] via NET/IB/1
x3001c0s31b0n0:38120:42483 [1] NCCL INFO GPU Direct RDMA Disabled for GPU 46000 / HCA 0 (distance 7 > 4)
x3001c0s31b0n0:38120:42645 [1] NCCL INFO New proxy recv connection 3 from local rank 1, transport 2
x3001c0s31b0n0:38122:42485 [3] NCCL INFO Connection to proxy localRank 3 -> connection 0x14c7f0000d00
x3001c0s31b0n0:38122:42649 [3] NCCL INFO transport/p2p.cc:449 Cuda Alloc Size 6291456 pointer 0x14c86be00000
x3001c0s31b0n0:38122:42649 [3] NCCL INFO New proxy recv connection 3 from local rank 3, transport 0
x3001c0s31b0n0:38120:42483 [1] NCCL INFO Connection to proxy localRank 1 -> connection 0x14ff38000d40
x3001c0s31b0n0:38120:42483 [1] NCCL INFO Channel 03/0 : 19[c7000] -> 1[46000] [receive] via NET/IB/0
x3001c0s31b0n0:38122:42485 [3] NCCL INFO Connection to proxy localRank 3 -> connection 0x14c7f0000d40
x3001c0s31b0n0:38122:42649 [3] NCCL INFO transport/p2p.cc:449 Cuda Alloc Size 6291456 pointer 0x14c86c400000
x3001c0s31b0n0:38122:42485 [3] NCCL INFO GPU Direct RDMA Disabled for GPU c7000 / HCA 1 (distance 7 > 4)
x3001c0s31b0n0:38122:42649 [3] NCCL INFO Allocated 4194656 bytes of shared memory in /dev/shm/nccl-tzhkfO

x3001c0s31b0n0:38122:42649 [3] NCCL INFO New proxy send connection 4 from local rank 3, transport 2
x3001c0s31b0n0:38121:42646 [2] NCCL INFO New proxy recv connection 4 from local rank 2, transport 0
x3001c0s31b0n0:38121:42484 [2] NCCL INFO Connection to proxy localRank 2 -> connection 0x14f670000d80
x3001c0s31b0n0:38122:42485 [3] NCCL INFO Connection to proxy localRank 3 -> connection 0x14c7f0000d80
x3001c0s31b0n0:38122:42485 [3] NCCL INFO Channel 00/0 : 3[c7000] -> 5[46000] [send] via NET/IB/1
x3001c0s31b0n0:38122:42485 [3] NCCL INFO GPU Direct RDMA Disabled for GPU c7000 / HCA 0 (distance 6 > 4)
x3001c0s31b0n0:38122:42649 [3] NCCL INFO New proxy send connection 5 from local rank 3, transport 2
x3001c0s31b0n0:38122:42485 [3] NCCL INFO Connection to proxy localRank 3 -> connection 0x14c7f0000dc0
x3001c0s31b0n0:38122:42485 [3] NCCL INFO Channel 01/0 : 3[c7000] -> 5[46000] [send] via NET/IB/0
x3001c0s31b0n0:38122:42485 [3] NCCL INFO GPU Direct RDMA Disabled for GPU c7000 / HCA 1 (distance 7 > 4)
x3001c0s31b0n0:38122:42649 [3] NCCL INFO New proxy send connection 6 from local rank 3, transport 2
x3001c0s31b0n0:38121:42646 [2] NCCL INFO transport/p2p.cc:449 Cuda Alloc Size 6291456 pointer 0x14f66b800000
x3001c0s31b0n0:38121:42646 [2] NCCL INFO New proxy recv connection 5 from local rank 2, transport 0
x3001c0s31b0n0:38121:42484 [2] NCCL INFO Connection to proxy localRank 2 -> connection 0x14f670000dc0
x3001c0s31b0n0:38121:42646 [2] NCCL INFO transport/p2p.cc:449 Cuda Alloc Size 6291456 pointer 0x14f668000000
x3001c0s31b0n0:38122:42485 [3] NCCL INFO Connection to proxy localRank 3 -> connection 0x14c7f0000e00
x3001c0s31b0n0:38122:42485 [3] NCCL INFO Channel 02/0 : 3[c7000] -> 5[46000] [send] via NET/IB/1
x3001c0s31b0n0:38122:42485 [3] NCCL INFO GPU Direct RDMA Disabled for GPU c7000 / HCA 0 (distance 6 > 4)
x3001c0s31b0n0:38122:42649 [3] NCCL INFO New proxy send connection 7 from local rank 3, transport 2
x3001c0s31b0n0:38121:42646 [2] NCCL INFO New proxy recv connection 6 from local rank 2, transport 0
x3001c0s31b0n0:38122:42485 [3] NCCL INFO Connection to proxy localRank 3 -> connection 0x14c7f0000e40
x3001c0s31b0n0:38122:42485 [3] NCCL INFO Channel 03/0 : 3[c7000] -> 5[46000] [send] via NET/IB/0
x3001c0s31b0n0:38122:42649 [3] NCCL INFO transport/net_ib.cc:596 Ib Alloc Size 26560 pointer 0x14c7f0020000
x3001c0s31b0n0:38121:42484 [2] NCCL INFO Connection to proxy localRank 2 -> connection 0x14f670000e00
x3001c0s31b0n0:38121:42646 [2] NCCL INFO transport/p2p.cc:449 Cuda Alloc Size 6291456 pointer 0x14f668600000
x3001c0s31b0n0:38122:42649 [3] NCCL INFO NET/IB: Dev 1 Port 1 qpn 42284 mtu 5 GID 0 (80FE/5B0000FEFF000000)
x3001c0s31b0n0:38122:42649 [3] NCCL INFO transport/net_ib.cc:653 Ib Alloc Size 552 pointer 0x14c7f0038000
x3001c0s31b0n0:38122:42649 [3] NCCL INFO transport/net.cc:571 Cuda Host Alloc Size 9641984 pointer 0x14c7f6c00000
x3001c0s31b0n0:38120:42645 [1] NCCL INFO transport/net_ib.cc:683 Ib Alloc Size 21688 pointer 0x14ff3801d000
x3001c0s31b0n0:38120:42645 [1] NCCL INFO transport/net_ib.cc:696 Ib Alloc Size 552 pointer 0x14ff38024000
x3001c0s31b0n0:38122:42649 [3] NCCL INFO transport/net_ib.cc:596 Ib Alloc Size 26560 pointer 0x14c7f003a000
x3001c0s31b0n0:38121:42646 [2] NCCL INFO New proxy recv connection 7 from local rank 2, transport 0
x3001c0s31b0n0:38122:42649 [3] NCCL INFO NET/IB: Dev 0 Port 1 qpn 42826 mtu 5 GID 0 (80FE/1E0000FEFF000000)
x3001c0s31b0n0:38122:42649 [3] NCCL INFO transport/net_ib.cc:653 Ib Alloc Size 552 pointer 0x14c7f0051000
x3001c0s31b0n0:38122:42649 [3] NCCL INFO transport/net.cc:571 Cuda Host Alloc Size 9641984 pointer 0x14c7f7600000
x3001c0s31b0n0:38121:42484 [2] NCCL INFO Connection to proxy localRank 2 -> connection 0x14f670000e40
x3001c0s31b0n0:38121:42646 [2] NCCL INFO transport/p2p.cc:449 Cuda Alloc Size 6291456 pointer 0x14f668c00000
x3001c0s31b0n0:38121:42484 [2] NCCL INFO Connected all rings
x3001c0s31b0n0:38120:42645 [1] NCCL INFO transport/net_ib.cc:771 Ib Alloc Size 552 pointer 0x14ff38041000
x3001c0s31b0n0:38120:42645 [1] NCCL INFO transport/net.cc:698 Cuda Host Alloc Size 9641984 pointer 0x14ff9c000000
x3001c0s31b0n0:38121:42646 [2] NCCL INFO New proxy recv connection 8 from local rank 2, transport 0
x3001c0s31b0n0:38119:42643 [0] NCCL INFO New proxy recv connection 4 from local rank 0, transport 0
x3001c0s31b0n0:38122:42649 [3] NCCL INFO transport/net_ib.cc:596 Ib Alloc Size 26560 pointer 0x14c7f0053000
x3001c0s31b0n0:38121:42484 [2] NCCL INFO Connection to proxy localRank 2 -> connection 0x14f670000e80
x3001c0s31b0n0:38121:42646 [2] NCCL INFO transport/p2p.cc:449 Cuda Alloc Size 6291456 pointer 0x14f666c00000
x3001c0s31b0n0:38122:42649 [3] NCCL INFO NET/IB: Dev 1 Port 1 qpn 42287 mtu 5 GID 0 (80FE/5B0000FEFF000000)
x3001c0s31b0n0:38122:42649 [3] NCCL INFO transport/net_ib.cc:653 Ib Alloc Size 552 pointer 0x14c7f006a000
x3001c0s31b0n0:38122:42649 [3] NCCL INFO transport/net.cc:571 Cuda Host Alloc Size 9641984 pointer 0x14c7ea000000
x3001c0s31b0n0:38119:42482 [0] NCCL INFO Connection to proxy localRank 0 -> connection 0x1548c0091130
x3001c0s31b0n0:38119:42643 [0] NCCL INFO transport/p2p.cc:449 Cuda Alloc Size 6291456 pointer 0x154934a00000
x3001c0s31b0n0:38122:42649 [3] NCCL INFO transport/net_ib.cc:596 Ib Alloc Size 26560 pointer 0x14c7f006c000
x3001c0s31b0n0:38122:42649 [3] NCCL INFO NET/IB: Dev 0 Port 1 qpn 42827 mtu 5 GID 0 (80FE/1E0000FEFF000000)
x3001c0s31b0n0:38122:42649 [3] NCCL INFO transport/net_ib.cc:653 Ib Alloc Size 552 pointer 0x14c7f0083000
x3001c0s31b0n0:38122:42649 [3] NCCL INFO transport/net.cc:571 Cuda Host Alloc Size 9641984 pointer 0x14c7eaa00000
x3001c0s31b0n0:38120:42645 [1] NCCL INFO transport/net_ib.cc:683 Ib Alloc Size 21688 pointer 0x14ff38043000
x3001c0s31b0n0:38120:42645 [1] NCCL INFO transport/net_ib.cc:696 Ib Alloc Size 552 pointer 0x14ff3804a000
x3001c0s31b0n0:38121:42646 [2] NCCL INFO New proxy recv connection 9 from local rank 2, transport 0
x3001c0s31b0n0:38120:42645 [1] NCCL INFO transport/net_ib.cc:771 Ib Alloc Size 552 pointer 0x14ff38065000
x3001c0s31b0n0:38120:42645 [1] NCCL INFO transport/net.cc:698 Cuda Host Alloc Size 9641984 pointer 0x14ff9ca00000
x3001c0s31b0n0:38119:42643 [0] NCCL INFO New proxy recv connection 5 from local rank 0, transport 0
x3001c0s31b0n0:38120:42645 [1] NCCL INFO transport/net_ib.cc:683 Ib Alloc Size 21688 pointer 0x14ff38067000
x3001c0s31b0n0:38120:42645 [1] NCCL INFO transport/net_ib.cc:696 Ib Alloc Size 552 pointer 0x14ff3806e000
x3001c0s31b0n0:38120:42645 [1] NCCL INFO transport/net_ib.cc:771 Ib Alloc Size 552 pointer 0x14ff38089000
x3001c0s31b0n0:38120:42645 [1] NCCL INFO transport/net.cc:698 Cuda Host Alloc Size 9641984 pointer 0x14ff36000000
x3001c0s31b0n0:38122:42485 [3] NCCL INFO Connected all rings
x3001c0s31b0n0:38122:42485 [3] NCCL INFO Channel 00/0 : 3[c7000] -> 2[85000] via P2P/IPC/read
x3001c0s31b0n0:38122:42649 [3] NCCL INFO New proxy send connection 8 from local rank 3, transport 0
x3001c0s31b0n0:38121:42484 [2] NCCL INFO Connection to proxy localRank 2 -> connection 0x14f670000ec0
x3001c0s31b0n0:38121:42646 [2] NCCL INFO transport/p2p.cc:449 Cuda Alloc Size 6291456 pointer 0x14f667200000
x3001c0s31b0n0:38122:42485 [3] NCCL INFO Connection to proxy localRank 3 -> connection 0x14c7f0000e80
x3001c0s31b0n0:38122:42649 [3] NCCL INFO transport/p2p.cc:430 Cuda Alloc Size 6291456 pointer 0x14c7eb400000
x3001c0s31b0n0:38120:42645 [1] NCCL INFO transport/net_ib.cc:683 Ib Alloc Size 21688 pointer 0x14ff3808b000
x3001c0s31b0n0:38120:42645 [1] NCCL INFO transport/net_ib.cc:696 Ib Alloc Size 552 pointer 0x14ff38092000
x3001c0s31b0n0:38119:42482 [0] NCCL INFO Connection to proxy localRank 0 -> connection 0x1548c0091170
x3001c0s31b0n0:38119:42643 [0] NCCL INFO transport/p2p.cc:449 Cuda Alloc Size 6291456 pointer 0x154935000000
x3001c0s31b0n0:38120:42645 [1] NCCL INFO transport/net_ib.cc:771 Ib Alloc Size 552 pointer 0x14ff380ad000
x3001c0s31b0n0:38120:42645 [1] NCCL INFO transport/net.cc:698 Cuda Host Alloc Size 9641984 pointer 0x14ff36a00000
x3001c0s31b0n0:38121:42646 [2] NCCL INFO New proxy recv connection 10 from local rank 2, transport 0
x3001c0s31b0n0:38120:42483 [1] NCCL INFO Channel 00/0 : 1[46000] -> 0[7000] via P2P/IPC/read
x3001c0s31b0n0:38122:42485 [3] NCCL INFO Channel 01/0 : 3[c7000] -> 2[85000] via P2P/IPC/read
x3001c0s31b0n0:38122:42649 [3] NCCL INFO New proxy send connection 9 from local rank 3, transport 0
x3001c0s31b0n0:38119:42643 [0] NCCL INFO New proxy recv connection 6 from local rank 0, transport 0
x3001c0s31b0n0:38120:42645 [1] NCCL INFO New proxy send connection 4 from local rank 1, transport 0
x3001c0s31b0n0:38121:42484 [2] NCCL INFO Connection to proxy localRank 2 -> connection 0x14f670000f00
x3001c0s31b0n0:38121:42646 [2] NCCL INFO transport/p2p.cc:449 Cuda Alloc Size 6291456 pointer 0x14f667800000
x3001c0s31b0n0:38120:42483 [1] NCCL INFO Connection to proxy localRank 1 -> connection 0x14ff38000d80
x3001c0s31b0n0:38120:42645 [1] NCCL INFO transport/p2p.cc:430 Cuda Alloc Size 6291456 pointer 0x14ff37400000
x3001c0s31b0n0:38119:42482 [0] NCCL INFO Connection to proxy localRank 0 -> connection 0x1548c00911b0
x3001c0s31b0n0:38119:42643 [0] NCCL INFO transport/p2p.cc:449 Cuda Alloc Size 6291456 pointer 0x154882000000
x3001c0s31b0n0:38121:42646 [2] NCCL INFO New proxy recv connection 11 from local rank 2, transport 0
x3001c0s31b0n0:38120:42483 [1] NCCL INFO Channel 01/0 : 1[46000] -> 0[7000] via P2P/IPC/read
x3001c0s31b0n0:38120:42645 [1] NCCL INFO New proxy send connection 5 from local rank 1, transport 0
x3001c0s31b0n0:38122:42485 [3] NCCL INFO Connection to proxy localRank 3 -> connection 0x14c7f0000ec0
x3001c0s31b0n0:38122:42649 [3] NCCL INFO transport/p2p.cc:430 Cuda Alloc Size 6291456 pointer 0x14c7eba00000
x3001c0s31b0n0:38119:42643 [0] NCCL INFO New proxy recv connection 7 from local rank 0, transport 0
x3001c0s31b0n0:38120:42483 [1] NCCL INFO Connection to proxy localRank 1 -> connection 0x14ff38000dc0
x3001c0s31b0n0:38120:42645 [1] NCCL INFO transport/p2p.cc:430 Cuda Alloc Size 6291456 pointer 0x14ff37a00000
x3001c0s31b0n0:38122:42485 [3] NCCL INFO Channel 02/0 : 3[c7000] -> 2[85000] via P2P/IPC/read
x3001c0s31b0n0:38122:42649 [3] NCCL INFO New proxy send connection 10 from local rank 3, transport 0
x3001c0s31b0n0:38121:42484 [2] NCCL INFO Connection to proxy localRank 2 -> connection 0x14f670000f40
x3001c0s31b0n0:38121:42646 [2] NCCL INFO transport/p2p.cc:449 Cuda Alloc Size 6291456 pointer 0x14f664000000
x3001c0s31b0n0:38119:42482 [0] NCCL INFO Connection to proxy localRank 0 -> connection 0x1548c00911f0
x3001c0s31b0n0:38119:42643 [0] NCCL INFO transport/p2p.cc:449 Cuda Alloc Size 6291456 pointer 0x154882600000
x3001c0s31b0n0:38120:42483 [1] NCCL INFO Channel 02/0 : 1[46000] -> 0[7000] via P2P/IPC/read
x3001c0s31b0n0:38120:42645 [1] NCCL INFO New proxy send connection 6 from local rank 1, transport 0
x3001c0s31b0n0:38120:42483 [1] NCCL INFO Connection to proxy localRank 1 -> connection 0x14ff38000e00
x3001c0s31b0n0:38122:42485 [3] NCCL INFO Connection to proxy localRank 3 -> connection 0x14c7f0000f00
x3001c0s31b0n0:38122:42649 [3] NCCL INFO transport/p2p.cc:430 Cuda Alloc Size 6291456 pointer 0x14c7e8000000
x3001c0s31b0n0:38120:42645 [1] NCCL INFO transport/p2p.cc:430 Cuda Alloc Size 6291456 pointer 0x14ff9d400000
x3001c0s31b0n0:38122:42485 [3] NCCL INFO Channel 03/0 : 3[c7000] -> 2[85000] via P2P/IPC/read
x3001c0s31b0n0:38122:42649 [3] NCCL INFO New proxy send connection 11 from local rank 3, transport 0
x3001c0s31b0n0:38120:42483 [1] NCCL INFO Channel 03/0 : 1[46000] -> 0[7000] via P2P/IPC/read
x3001c0s31b0n0:38120:42645 [1] NCCL INFO New proxy send connection 7 from local rank 1, transport 0
x3001c0s31b0n0:38122:42485 [3] NCCL INFO Connection to proxy localRank 3 -> connection 0x14c7f0000f40
x3001c0s31b0n0:38122:42649 [3] NCCL INFO transport/p2p.cc:430 Cuda Alloc Size 6291456 pointer 0x14c7e8600000
x3001c0s31b0n0:38120:42483 [1] NCCL INFO Connection to proxy localRank 1 -> connection 0x14ff38000e40
x3001c0s31b0n0:38120:42645 [1] NCCL INFO transport/p2p.cc:430 Cuda Alloc Size 6291456 pointer 0x150003800000
x3001c0s31b0n0:38120:42483 [1] NCCL INFO Connected all rings
x3001c0s31b0n0:38120:42645 [1] NCCL INFO New proxy recv connection 8 from local rank 1, transport 0
x3001c0s31b0n0:38119:42482 [0] NCCL INFO Connected all rings
x3001c0s31b0n0:38119:42482 [0] NCCL INFO Channel 00/0 : 0[7000] -> 1[46000] via P2P/IPC/read
x3001c0s31b0n0:38119:42643 [0] NCCL INFO New proxy send connection 8 from local rank 0, transport 0
x3001c0s31b0n0:38120:42483 [1] NCCL INFO Connection to proxy localRank 1 -> connection 0x14ff38000e80
x3001c0s31b0n0:38120:42645 [1] NCCL INFO transport/p2p.cc:449 Cuda Alloc Size 6291456 pointer 0x14ff35800000
x3001c0s31b0n0:38119:42482 [0] NCCL INFO Connection to proxy localRank 0 -> connection 0x1548c0091230
x3001c0s31b0n0:38119:42643 [0] NCCL INFO transport/p2p.cc:430 Cuda Alloc Size 6291456 pointer 0x15487a600000
x3001c0s31b0n0:38119:42482 [0] NCCL INFO Channel 01/0 : 0[7000] -> 1[46000] via P2P/IPC/read
x3001c0s31b0n0:38119:42643 [0] NCCL INFO New proxy send connection 9 from local rank 0, transport 0
x3001c0s31b0n0:38120:42645 [1] NCCL INFO New proxy recv connection 9 from local rank 1, transport 0
x3001c0s31b0n0:38119:42482 [0] NCCL INFO Connection to proxy localRank 0 -> connection 0x1548c0091270
x3001c0s31b0n0:38119:42643 [0] NCCL INFO transport/p2p.cc:430 Cuda Alloc Size 6291456 pointer 0x15487ac00000
x3001c0s31b0n0:38119:42482 [0] NCCL INFO Channel 02/0 : 0[7000] -> 1[46000] via P2P/IPC/read
x3001c0s31b0n0:38120:42483 [1] NCCL INFO Connection to proxy localRank 1 -> connection 0x14ff38000ec0
x3001c0s31b0n0:38120:42645 [1] NCCL INFO transport/p2p.cc:449 Cuda Alloc Size 6291456 pointer 0x14ff32000000
x3001c0s31b0n0:38119:42643 [0] NCCL INFO New proxy send connection 10 from local rank 0, transport 0
x3001c0s31b0n0:38119:42482 [0] NCCL INFO Connection to proxy localRank 0 -> connection 0x1548c00912b0
x3001c0s31b0n0:38119:42643 [0] NCCL INFO transport/p2p.cc:430 Cuda Alloc Size 6291456 pointer 0x15487b200000
x3001c0s31b0n0:38120:42645 [1] NCCL INFO New proxy recv connection 10 from local rank 1, transport 0
x3001c0s31b0n0:38120:42483 [1] NCCL INFO Connection to proxy localRank 1 -> connection 0x14ff38000f00
x3001c0s31b0n0:38120:42645 [1] NCCL INFO transport/p2p.cc:449 Cuda Alloc Size 6291456 pointer 0x14ff32600000
x3001c0s31b0n0:38120:42645 [1] NCCL INFO New proxy recv connection 11 from local rank 1, transport 0
x3001c0s31b0n0:38119:42482 [0] NCCL INFO Channel 03/0 : 0[7000] -> 1[46000] via P2P/IPC/read
x3001c0s31b0n0:38119:42643 [0] NCCL INFO New proxy send connection 11 from local rank 0, transport 0
x3001c0s31b0n0:38119:42482 [0] NCCL INFO Connection to proxy localRank 0 -> connection 0x1548c00912f0
x3001c0s31b0n0:38119:42643 [0] NCCL INFO transport/p2p.cc:430 Cuda Alloc Size 6291456 pointer 0x15487b800000
x3001c0s31b0n0:38120:42483 [1] NCCL INFO Connection to proxy localRank 1 -> connection 0x14ff38000f40
x3001c0s31b0n0:38120:42645 [1] NCCL INFO transport/p2p.cc:449 Cuda Alloc Size 6291456 pointer 0x14ff32c00000
x3001c0s31b0n0:38120:42483 [1] NCCL INFO Channel 00/0 : 1[46000] -> 2[85000] via P2P/IPC/read
x3001c0s31b0n0:38120:42645 [1] NCCL INFO New proxy send connection 12 from local rank 1, transport 0
x3001c0s31b0n0:38120:42483 [1] NCCL INFO Connection to proxy localRank 1 -> connection 0x14ff38000f80
x3001c0s31b0n0:38120:42645 [1] NCCL INFO transport/p2p.cc:430 Cuda Alloc Size 6291456 pointer 0x14ff33200000
x3001c0s31b0n0:38120:42483 [1] NCCL INFO Channel 01/0 : 1[46000] -> 2[85000] via P2P/IPC/read
x3001c0s31b0n0:38120:42645 [1] NCCL INFO New proxy send connection 13 from local rank 1, transport 0
x3001c0s31b0n0:38120:42483 [1] NCCL INFO Connection to proxy localRank 1 -> connection 0x14ff38000fc0
x3001c0s31b0n0:38120:42645 [1] NCCL INFO transport/p2p.cc:430 Cuda Alloc Size 6291456 pointer 0x14ff33800000
x3001c0s31b0n0:38120:42483 [1] NCCL INFO Channel 02/0 : 1[46000] -> 2[85000] via P2P/IPC/read
x3001c0s31b0n0:38120:42645 [1] NCCL INFO New proxy send connection 14 from local rank 1, transport 0
x3001c0s31b0n0:38120:42483 [1] NCCL INFO Connection to proxy localRank 1 -> connection 0x14ff38001000
x3001c0s31b0n0:38120:42645 [1] NCCL INFO transport/p2p.cc:430 Cuda Alloc Size 6291456 pointer 0x14ff30000000
x3001c0s31b0n0:38120:42483 [1] NCCL INFO Channel 03/0 : 1[46000] -> 2[85000] via P2P/IPC/read
x3001c0s31b0n0:38120:42645 [1] NCCL INFO New proxy send connection 15 from local rank 1, transport 0
x3001c0s31b0n0:38120:42483 [1] NCCL INFO Connection to proxy localRank 1 -> connection 0x14ff38001040
x3001c0s31b0n0:38120:42645 [1] NCCL INFO transport/p2p.cc:430 Cuda Alloc Size 6291456 pointer 0x14ff30600000
x3001c0s31b0n0:38120:42483 [1] NCCL INFO GPU Direct RDMA Disabled for GPU 46000 / HCA 1 (distance 6 > 4)
x3001c0s31b0n0:38121:42646 [2] NCCL INFO New proxy recv connection 12 from local rank 2, transport 0
x3001c0s31b0n0:38119:42482 [0] NCCL INFO GPU Direct RDMA Disabled for GPU 7000 / HCA 1 (distance 7 > 4)
x3001c0s31b0n0:38119:42643 [0] NCCL INFO Allocated 4194656 bytes of shared memory in /dev/shm/nccl-XEsujC

x3001c0s31b0n0:38119:42643 [0] NCCL INFO New proxy recv connection 12 from local rank 0, transport 2
x3001c0s31b0n0:38120:42645 [1] NCCL INFO New proxy recv connection 16 from local rank 1, transport 2
x3001c0s31b0n0:38119:42482 [0] NCCL INFO Connection to proxy localRank 0 -> connection 0x1548c0091330
x3001c0s31b0n0:38121:42484 [2] NCCL INFO Connection to proxy localRank 2 -> connection 0x14f670000f80
x3001c0s31b0n0:38120:42483 [1] NCCL INFO Connection to proxy localRank 1 -> connection 0x14ff38001080
x3001c0s31b0n0:38121:42646 [2] NCCL INFO transport/p2p.cc:449 Cuda Alloc Size 6291456 pointer 0x14f662000000
x3001c0s31b0n0:38119:42482 [0] NCCL INFO Channel 00/0 : 16[7000] -> 0[7000] [receive] via NET/IB/1
x3001c0s31b0n0:38119:42482 [0] NCCL INFO GPU Direct RDMA Disabled for GPU 7000 / HCA 0 (distance 7 > 4)
x3001c0s31b0n0:38119:42643 [0] NCCL INFO New proxy recv connection 13 from local rank 0, transport 2
x3001c0s31b0n0:38121:42646 [2] NCCL INFO New proxy recv connection 13 from local rank 2, transport 0
x3001c0s31b0n0:38120:42483 [1] NCCL INFO Channel 02/0 : 12[7000] -> 1[46000] [receive] via NET/IB/1
x3001c0s31b0n0:38120:42483 [1] NCCL INFO GPU Direct RDMA Disabled for GPU 46000 / HCA 0 (distance 7 > 4)
x3001c0s31b0n0:38120:42645 [1] NCCL INFO New proxy recv connection 17 from local rank 1, transport 2
x3001c0s31b0n0:38121:42484 [2] NCCL INFO Connection to proxy localRank 2 -> connection 0x14f670000fc0
x3001c0s31b0n0:38121:42646 [2] NCCL INFO transport/p2p.cc:449 Cuda Alloc Size 6291456 pointer 0x14f662600000
x3001c0s31b0n0:38119:42482 [0] NCCL INFO Connection to proxy localRank 0 -> connection 0x1548c0091370
x3001c0s31b0n0:38119:42482 [0] NCCL INFO Channel 01/0 : 16[7000] -> 0[7000] [receive] via NET/IB/0
x3001c0s31b0n0:38119:42482 [0] NCCL INFO GPU Direct RDMA Disabled for GPU 7000 / HCA 1 (distance 7 > 4)
x3001c0s31b0n0:38119:42643 [0] NCCL INFO New proxy send connection 14 from local rank 0, transport 2
x3001c0s31b0n0:38119:42482 [0] NCCL INFO Connection to proxy localRank 0 -> connection 0x1548c00913b0
x3001c0s31b0n0:38120:42483 [1] NCCL INFO Connection to proxy localRank 1 -> connection 0x14ff380010c0
x3001c0s31b0n0:38119:42482 [0] NCCL INFO Channel 02/0 : 0[7000] -> 4[7000] [send] via NET/IB/1
x3001c0s31b0n0:38119:42482 [0] NCCL INFO GPU Direct RDMA Disabled for GPU 7000 / HCA 0 (distance 7 > 4)
x3001c0s31b0n0:38121:42646 [2] NCCL INFO New proxy recv connection 14 from local rank 2, transport 0
x3001c0s31b0n0:38119:42643 [0] NCCL INFO New proxy send connection 15 from local rank 0, transport 2
x3001c0s31b0n0:38120:42483 [1] NCCL INFO Channel 03/0 : 12[7000] -> 1[46000] [receive] via NET/IB/0
x3001c0s31b0n0:38121:42484 [2] NCCL INFO Connection to proxy localRank 2 -> connection 0x14f670001000
x3001c0s31b0n0:38121:42646 [2] NCCL INFO transport/p2p.cc:449 Cuda Alloc Size 6291456 pointer 0x14f662c00000
x3001c0s31b0n0:38119:42482 [0] NCCL INFO Connection to proxy localRank 0 -> connection 0x1548c00913f0
x3001c0s31b0n0:38119:42482 [0] NCCL INFO Channel 03/0 : 0[7000] -> 4[7000] [send] via NET/IB/0
x3001c0s31b0n0:38119:42643 [0] NCCL INFO transport/net_ib.cc:596 Ib Alloc Size 26560 pointer 0x1548c00b5000
x3001c0s31b0n0:38119:42643 [0] NCCL INFO NET/IB: Dev 1 Port 1 qpn 42290 mtu 5 GID 0 (80FE/5B0000FEFF000000)
x3001c0s31b0n0:38119:42643 [0] NCCL INFO transport/net_ib.cc:653 Ib Alloc Size 552 pointer 0x1548c00ce000
x3001c0s31b0n0:38119:42643 [0] NCCL INFO transport/net.cc:571 Cuda Host Alloc Size 9641984 pointer 0x154872000000
x3001c0s31b0n0:38121:42646 [2] NCCL INFO New proxy recv connection 15 from local rank 2, transport 0
x3001c0s31b0n0:38119:42643 [0] NCCL INFO transport/net_ib.cc:596 Ib Alloc Size 26560 pointer 0x1548c00d0000
x3001c0s31b0n0:38121:42484 [2] NCCL INFO Connection to proxy localRank 2 -> connection 0x14f670001040
x3001c0s31b0n0:38121:42646 [2] NCCL INFO transport/p2p.cc:449 Cuda Alloc Size 6291456 pointer 0x14f663200000
x3001c0s31b0n0:38119:42643 [0] NCCL INFO NET/IB: Dev 0 Port 1 qpn 42832 mtu 5 GID 0 (80FE/1E0000FEFF000000)
x3001c0s31b0n0:38119:42643 [0] NCCL INFO transport/net_ib.cc:653 Ib Alloc Size 552 pointer 0x1548c00e7000
x3001c0s31b0n0:38119:42643 [0] NCCL INFO transport/net.cc:571 Cuda Host Alloc Size 9641984 pointer 0x154872a00000
x3001c0s31b0n0:38119:42643 [0] NCCL INFO transport/net_ib.cc:683 Ib Alloc Size 21688 pointer 0x1548c00e9000
x3001c0s31b0n0:38119:42643 [0] NCCL INFO transport/net_ib.cc:696 Ib Alloc Size 552 pointer 0x1548c00f0000
x3001c0s31b0n0:38121:42484 [2] NCCL INFO Channel 00/0 : 2[85000] -> 1[46000] via P2P/IPC/read
x3001c0s31b0n0:38121:42646 [2] NCCL INFO New proxy send connection 16 from local rank 2, transport 0
x3001c0s31b0n0:38119:42643 [0] NCCL INFO transport/net_ib.cc:771 Ib Alloc Size 552 pointer 0x1548c010b000
x3001c0s31b0n0:38119:42643 [0] NCCL INFO transport/net.cc:698 Cuda Host Alloc Size 9641984 pointer 0x154873400000
x3001c0s31b0n0:38121:42484 [2] NCCL INFO Connection to proxy localRank 2 -> connection 0x14f670001080
x3001c0s31b0n0:38121:42646 [2] NCCL INFO transport/p2p.cc:430 Cuda Alloc Size 6291456 pointer 0x14f663800000
x3001c0s31b0n0:38119:42643 [0] NCCL INFO transport/net_ib.cc:683 Ib Alloc Size 21688 pointer 0x1548c010d000
x3001c0s31b0n0:38119:42643 [0] NCCL INFO transport/net_ib.cc:696 Ib Alloc Size 552 pointer 0x1548c0114000
x3001c0s31b0n0:38121:42484 [2] NCCL INFO Channel 01/0 : 2[85000] -> 1[46000] via P2P/IPC/read
x3001c0s31b0n0:38119:42643 [0] NCCL INFO transport/net_ib.cc:771 Ib Alloc Size 552 pointer 0x1548c012f000
x3001c0s31b0n0:38119:42643 [0] NCCL INFO transport/net.cc:698 Cuda Host Alloc Size 9641984 pointer 0x154870000000
x3001c0s31b0n0:38121:42646 [2] NCCL INFO New proxy send connection 17 from local rank 2, transport 0
x3001c0s31b0n0:38120:42645 [1] NCCL INFO transport/net_ib.cc:683 Ib Alloc Size 21688 pointer 0x14ff380be000
x3001c0s31b0n0:38120:42645 [1] NCCL INFO transport/net_ib.cc:696 Ib Alloc Size 552 pointer 0x14ff3801a000
x3001c0s31b0n0:38121:42484 [2] NCCL INFO Connection to proxy localRank 2 -> connection 0x14f6700010c0
x3001c0s31b0n0:38119:42482 [0] NCCL INFO GPU Direct RDMA Disabled for GPU 7000 / HCA 1 (distance 7 > 4)
x3001c0s31b0n0:38119:42643 [0] NCCL INFO New proxy recv connection 16 from local rank 0, transport 2
x3001c0s31b0n0:38121:42646 [2] NCCL INFO transport/p2p.cc:430 Cuda Alloc Size 6291456 pointer 0x14f660000000
x3001c0s31b0n0:38121:42484 [2] NCCL INFO Channel 02/0 : 2[85000] -> 1[46000] via P2P/IPC/read
x3001c0s31b0n0:38121:42646 [2] NCCL INFO New proxy send connection 18 from local rank 2, transport 0
x3001c0s31b0n0:38119:42482 [0] NCCL INFO Connection to proxy localRank 0 -> connection 0x1548c0091430
x3001c0s31b0n0:38120:42645 [1] NCCL INFO transport/net_ib.cc:771 Ib Alloc Size 552 pointer 0x14ff380df000
x3001c0s31b0n0:38120:42645 [1] NCCL INFO transport/net.cc:698 Cuda Host Alloc Size 9641984 pointer 0x14ff2c000000
x3001c0s31b0n0:38121:42484 [2] NCCL INFO Connection to proxy localRank 2 -> connection 0x14f670001100
x3001c0s31b0n0:38121:42646 [2] NCCL INFO transport/p2p.cc:430 Cuda Alloc Size 6291456 pointer 0x14f660600000
x3001c0s31b0n0:38120:42645 [1] NCCL INFO transport/net_ib.cc:683 Ib Alloc Size 21688 pointer 0x14ff380e1000
x3001c0s31b0n0:38120:42645 [1] NCCL INFO transport/net_ib.cc:696 Ib Alloc Size 552 pointer 0x14ff380e8000
x3001c0s31b0n0:38120:42645 [1] NCCL INFO transport/net_ib.cc:771 Ib Alloc Size 552 pointer 0x14ff38103000
x3001c0s31b0n0:38120:42645 [1] NCCL INFO transport/net.cc:698 Cuda Host Alloc Size 9641984 pointer 0x14ff2ca00000
x3001c0s31b0n0:38119:42482 [0] NCCL INFO Channel 02/0 : 4[7000] -> 0[7000] [receive] via NET/IB/1
x3001c0s31b0n0:38119:42482 [0] NCCL INFO GPU Direct RDMA Disabled for GPU 7000 / HCA 0 (distance 7 > 4)
x3001c0s31b0n0:38119:42643 [0] NCCL INFO New proxy recv connection 17 from local rank 0, transport 2
x3001c0s31b0n0:38120:42483 [1] NCCL INFO GPU Direct RDMA Disabled for GPU 46000 / HCA 1 (distance 6 > 4)
x3001c0s31b0n0:38120:42645 [1] NCCL INFO New proxy send connection 18 from local rank 1, transport 2
x3001c0s31b0n0:38120:42483 [1] NCCL INFO Connection to proxy localRank 1 -> connection 0x14ff38001100
x3001c0s31b0n0:38120:42483 [1] NCCL INFO Channel 02/0 : 1[46000] -> 12[7000] [send] via NET/IB/1
x3001c0s31b0n0:38120:42483 [1] NCCL INFO GPU Direct RDMA Disabled for GPU 46000 / HCA 0 (distance 7 > 4)
x3001c0s31b0n0:38120:42645 [1] NCCL INFO New proxy send connection 19 from local rank 1, transport 2
x3001c0s31b0n0:38119:42482 [0] NCCL INFO Connection to proxy localRank 0 -> connection 0x1548c0091470
x3001c0s31b0n0:38121:42484 [2] NCCL INFO Channel 03/0 : 2[85000] -> 1[46000] via P2P/IPC/read
x3001c0s31b0n0:38121:42646 [2] NCCL INFO New proxy send connection 19 from local rank 2, transport 0
x3001c0s31b0n0:38119:42482 [0] NCCL INFO Channel 03/0 : 4[7000] -> 0[7000] [receive] via NET/IB/0
x3001c0s31b0n0:38119:42482 [0] NCCL INFO GPU Direct RDMA Disabled for GPU 7000 / HCA 1 (distance 7 > 4)
x3001c0s31b0n0:38119:42643 [0] NCCL INFO New proxy send connection 18 from local rank 0, transport 2
x3001c0s31b0n0:38120:42483 [1] NCCL INFO Connection to proxy localRank 1 -> connection 0x14ff38001140
x3001c0s31b0n0:38120:42483 [1] NCCL INFO Channel 03/0 : 1[46000] -> 12[7000] [send] via NET/IB/0
x3001c0s31b0n0:38120:42645 [1] NCCL INFO transport/net_ib.cc:596 Ib Alloc Size 26560 pointer 0x14ff3810f000
x3001c0s31b0n0:38119:42482 [0] NCCL INFO Connection to proxy localRank 0 -> connection 0x1548c00914b0
x3001c0s31b0n0:38119:42482 [0] NCCL INFO Channel 00/0 : 0[7000] -> 16[7000] [send] via NET/IB/1
x3001c0s31b0n0:38119:42482 [0] NCCL INFO GPU Direct RDMA Disabled for GPU 7000 / HCA 0 (distance 7 > 4)
x3001c0s31b0n0:38119:42643 [0] NCCL INFO New proxy send connection 19 from local rank 0, transport 2
x3001c0s31b0n0:38120:42645 [1] NCCL INFO NET/IB: Dev 1 Port 1 qpn 42295 mtu 5 GID 0 (80FE/5B0000FEFF000000)
x3001c0s31b0n0:38120:42645 [1] NCCL INFO transport/net_ib.cc:653 Ib Alloc Size 552 pointer 0x14ff38126000
x3001c0s31b0n0:38120:42645 [1] NCCL INFO transport/net.cc:571 Cuda Host Alloc Size 9641984 pointer 0x14ff2d400000
x3001c0s31b0n0:38121:42484 [2] NCCL INFO Connection to proxy localRank 2 -> connection 0x14f670001140
x3001c0s31b0n0:38121:42646 [2] NCCL INFO transport/p2p.cc:430 Cuda Alloc Size 6291456 pointer 0x14f660c00000
x3001c0s31b0n0:38120:42645 [1] NCCL INFO transport/net_ib.cc:596 Ib Alloc Size 26560 pointer 0x14ff38128000
x3001c0s31b0n0:38119:42482 [0] NCCL INFO Connection to proxy localRank 0 -> connection 0x1548c00914f0
x3001c0s31b0n0:38119:42482 [0] NCCL INFO Channel 01/0 : 0[7000] -> 16[7000] [send] via NET/IB/0
x3001c0s31b0n0:38120:42645 [1] NCCL INFO NET/IB: Dev 0 Port 1 qpn 42837 mtu 5 GID 0 (80FE/1E0000FEFF000000)
x3001c0s31b0n0:38120:42645 [1] NCCL INFO transport/net_ib.cc:653 Ib Alloc Size 552 pointer 0x14ff3813f000
x3001c0s31b0n0:38120:42645 [1] NCCL INFO transport/net.cc:571 Cuda Host Alloc Size 9641984 pointer 0x14ff2a000000
x3001c0s31b0n0:38122:42485 [3] NCCL INFO Connected all trees by HAO
x3001c0s31b0n0:38122:42485 [3] NCCL INFO threadThresholds 8/8/64 | 160/8/64 | 512 | 512
x3001c0s31b0n0:38122:42485 [3] NCCL INFO 4 coll channels, 4 p2p channels, 2 p2p channels per peer
x3001c0s31b0n0:38122:42649 [3] NCCL INFO New proxy send connection 12 from local rank 3, transport 2
x3001c0s31b0n0:38120:42645 [1] NCCL INFO New proxy recv connection 20 from local rank 1, transport 0
x3001c0s31b0n0:38122:42485 [3] NCCL INFO Connection to proxy localRank 3 -> connection 0x14c7f0000f80
x3001c0s31b0n0:38122:42649 [3] NCCL INFO transport/net.cc:376 Cuda Alloc Size 8388608 pointer 0x14c7e6600000
x3001c0s31b0n0:38120:42483 [1] NCCL INFO Connection to proxy localRank 1 -> connection 0x14ff38001180
x3001c0s31b0n0:38120:42645 [1] NCCL INFO transport/p2p.cc:449 Cuda Alloc Size 6291456 pointer 0x14ff2aa00000
x3001c0s31b0n0:38120:42645 [1] NCCL INFO New proxy recv connection 21 from local rank 1, transport 0
x3001c0s31b0n0:38120:42483 [1] NCCL INFO Connection to proxy localRank 1 -> connection 0x14ff380011c0
x3001c0s31b0n0:38119:42643 [0] NCCL INFO transport/net_ib.cc:596 Ib Alloc Size 26560 pointer 0x1548c0145000
x3001c0s31b0n0:38119:42643 [0] NCCL INFO NET/IB: Dev 1 Port 1 qpn 42296 mtu 5 GID 0 (80FE/5B0000FEFF000000)
x3001c0s31b0n0:38119:42643 [0] NCCL INFO transport/net_ib.cc:653 Ib Alloc Size 552 pointer 0x1548c015c000
x3001c0s31b0n0:38119:42643 [0] NCCL INFO transport/net.cc:571 Cuda Host Alloc Size 9641984 pointer 0x154870a00000
x3001c0s31b0n0:38120:42645 [1] NCCL INFO transport/p2p.cc:449 Cuda Alloc Size 6291456 pointer 0x14ff2b000000
x3001c0s31b0n0:38120:42645 [1] NCCL INFO New proxy recv connection 22 from local rank 1, transport 0
x3001c0s31b0n0:38119:42643 [0] NCCL INFO transport/net_ib.cc:596 Ib Alloc Size 26560 pointer 0x1548c015e000
x3001c0s31b0n0:38119:42643 [0] NCCL INFO NET/IB: Dev 0 Port 1 qpn 42838 mtu 5 GID 0 (80FE/1E0000FEFF000000)
x3001c0s31b0n0:38119:42643 [0] NCCL INFO transport/net_ib.cc:653 Ib Alloc Size 552 pointer 0x1548c0175000
x3001c0s31b0n0:38119:42643 [0] NCCL INFO transport/net.cc:571 Cuda Host Alloc Size 9641984 pointer 0x154871400000
x3001c0s31b0n0:38119:42643 [0] NCCL INFO Mem Realloc old size 768, new size 1536 pointer 0x1548c016a150
x3001c0s31b0n0:38120:42483 [1] NCCL INFO Connection to proxy localRank 1 -> connection 0x14ff38001200
x3001c0s31b0n0:38120:42645 [1] NCCL INFO transport/p2p.cc:449 Cuda Alloc Size 6291456 pointer 0x14ff2b600000
x3001c0s31b0n0:38119:42643 [0] NCCL INFO transport/net_ib.cc:683 Ib Alloc Size 21688 pointer 0x1548c0177000
x3001c0s31b0n0:38119:42643 [0] NCCL INFO transport/net_ib.cc:696 Ib Alloc Size 552 pointer 0x1548c017e000
x3001c0s31b0n0:38119:42643 [0] NCCL INFO transport/net_ib.cc:771 Ib Alloc Size 552 pointer 0x1548c0199000
x3001c0s31b0n0:38119:42643 [0] NCCL INFO transport/net.cc:698 Cuda Host Alloc Size 9641984 pointer 0x15486e000000
x3001c0s31b0n0:38120:42645 [1] NCCL INFO New proxy recv connection 23 from local rank 1, transport 0
x3001c0s31b0n0:38120:42483 [1] NCCL INFO Connection to proxy localRank 1 -> connection 0x14ff38001240
x3001c0s31b0n0:38120:42645 [1] NCCL INFO transport/p2p.cc:449 Cuda Alloc Size 6291456 pointer 0x14ff28000000
x3001c0s31b0n0:38119:42643 [0] NCCL INFO transport/net_ib.cc:683 Ib Alloc Size 21688 pointer 0x1548c019b000
x3001c0s31b0n0:38119:42643 [0] NCCL INFO transport/net_ib.cc:696 Ib Alloc Size 552 pointer 0x1548c01a2000
x3001c0s31b0n0:38120:42483 [1] NCCL INFO Connected all trees by HAO
x3001c0s31b0n0:38120:42483 [1] NCCL INFO threadThresholds 8/8/64 | 160/8/64 | 512 | 512
x3001c0s31b0n0:38120:42483 [1] NCCL INFO 4 coll channels, 4 p2p channels, 2 p2p channels per peer
x3001c0s31b0n0:38119:42643 [0] NCCL INFO transport/net_ib.cc:771 Ib Alloc Size 552 pointer 0x1548c01bd000
x3001c0s31b0n0:38119:42643 [0] NCCL INFO transport/net.cc:698 Cuda Host Alloc Size 9641984 pointer 0x15486ea00000
x3001c0s31b0n0:38121:42484 [2] NCCL INFO Connected all trees by HAO
x3001c0s31b0n0:38121:42484 [2] NCCL INFO threadThresholds 8/8/64 | 160/8/64 | 512 | 512
x3001c0s31b0n0:38121:42484 [2] NCCL INFO 4 coll channels, 4 p2p channels, 2 p2p channels per peer
x3001c0s31b0n0:38121:42646 [2] NCCL INFO Allocated 4194656 bytes of shared memory in /dev/shm/nccl-BY5EKI

x3001c0s31b0n0:38121:42646 [2] NCCL INFO New proxy send connection 20 from local rank 2, transport 2
x3001c0s31b0n0:38121:42484 [2] NCCL INFO Connection to proxy localRank 2 -> connection 0x14f670001180
x3001c0s31b0n0:38121:42646 [2] NCCL INFO transport/net.cc:376 Cuda Alloc Size 8388608 pointer 0x14f65c600000
x3001c0s31b0n0:38120:42645 [1] NCCL INFO New proxy send connection 24 from local rank 1, transport 2
x3001c0s31b0n0:38119:42482 [0] NCCL INFO Connected all trees by HAO
x3001c0s31b0n0:38119:42482 [0] NCCL INFO Latency/AlgBw |    Tree/    LL |    Tree/ LL128 |    Tree/Simple |    Ring/    LL |    Ring/ LL128 |    Ring/Simple | CollNetDirect/    LL | CollNetDirect/ LL128 | CollNetDirect/Simple | CollNetChain/    LL | CollNetChain/ LL128 | CollNetChain/Simple |
x3001c0s31b0n0:38119:42482 [0] NCCL INFO  Max NThreads |            512 |            640 |            512 |            512 |            640 |            512 |              0 |              0 |            512 |              0 |              0 |            512 |
x3001c0s31b0n0:38119:42482 [0] NCCL INFO     Broadcast |     0.0/   0.0 |     0.0/   0.0 |     0.0/   0.0 |     6.3/   6.0 |    14.0/   0.0 |    18.0/  24.0 |     0.0/   0.0 |     0.0/   0.0 |     0.0/   0.0 |     0.0/   0.0 |     0.0/   0.0 |     0.0/   0.0 |
x3001c0s31b0n0:38119:42482 [0] NCCL INFO        Reduce |     0.0/   0.0 |     0.0/   0.0 |     0.0/   0.0 |     6.3/   6.0 |    14.0/   0.0 |    18.0/  24.0 |     0.0/   0.0 |     0.0/   0.0 |     0.0/   0.0 |     0.0/   0.0 |     0.0/   0.0 |     0.0/   0.0 |
x3001c0s31b0n0:38119:42482 [0] NCCL INFO     AllGather |     0.0/   0.0 |     0.0/   0.0 |     0.0/   0.0 |    27.1/   6.3 |    54.5/   0.0 |    97.8/  25.3 |     0.0/   0.0 |     0.0/   0.0 |     0.0/   0.0 |     0.0/   0.0 |     0.0/   0.0 |     0.0/   0.0 |
x3001c0s31b0n0:38119:42482 [0] NCCL INFO ReduceScatter |     0.0/   0.0 |     0.0/   0.0 |     0.0/   0.0 |    27.1/   6.3 |    54.5/   0.0 |    97.8/  25.3 |     0.0/   0.0 |     0.0/   0.0 |     0.0/   0.0 |     0.0/   0.0 |     0.0/   0.0 |     0.0/   0.0 |
x3001c0s31b0n0:38119:42482 [0] NCCL INFO     AllReduce |    30.0/   2.9 |    45.9/   0.0 |   280.0/  11.0 |    54.3/   3.2 |   103.2/   0.0 |   199.6/  12.6 |     7.4/   0.0 |     7.4/   0.0 |    29.7/   0.0 |     4.4/   0.0 |     4.4/   0.0 |    48.0/   0.0 |
x3001c0s31b0n0:38119:42482 [0] NCCL INFO threadThresholds 8/8/64 | 160/8/64 | 512 | 512
x3001c0s31b0n0:38119:42482 [0] NCCL INFO 4 coll channels, 4 p2p channels, 2 p2p channels per peer
x3001c0s31b0n0:38119:42643 [0] NCCL INFO New proxy send connection 20 from local rank 0, transport 2
x3001c0s31b0n0:38119:42482 [0] NCCL INFO Connection to proxy localRank 0 -> connection 0x1548c0091530
x3001c0s31b0n0:38119:42643 [0] NCCL INFO transport/net.cc:376 Cuda Alloc Size 8388608 pointer 0x15486f400000
x3001c0s31b0n0:38120:42483 [1] NCCL INFO Connection to proxy localRank 1 -> connection 0x14ff38001280
x3001c0s31b0n0:38120:42483 [1] NCCL INFO init.cc:367 Cuda Alloc Size 5168 pointer 0x14ffb7e1fc00
x3001c0s31b0n0:38121:42484 [2] NCCL INFO init.cc:367 Cuda Alloc Size 5168 pointer 0x14f6c781fc00
x3001c0s31b0n0:38119:42482 [0] NCCL INFO init.cc:367 Cuda Alloc Size 5168 pointer 0x15490ba22200
x3001c0s31b0n0:38122:42485 [3] NCCL INFO init.cc:367 Cuda Alloc Size 5168 pointer 0x14c84781fc00
x3001c0s31b0n0:38119:42482 [0] NCCL INFO init.cc:392 Cuda Host Alloc Size 33554432 pointer 0x15486c000000
x3001c0s31b0n0:38119:42482 [0] NCCL INFO init.cc:398 Cuda Host Alloc Size 128 pointer 0x15490b000e00
x3001c0s31b0n0:38119:42482 [0] NCCL INFO comm 0x5572beb783b0 rank 0 nranks 20 cudaDev 0 busId 7000 - Init COMPLETE
x3001c0s31b0n0:38121:42484 [2] NCCL INFO init.cc:392 Cuda Host Alloc Size 33554432 pointer 0x14f65a000000
x3001c0s31b0n0:38121:42484 [2] NCCL INFO init.cc:398 Cuda Host Alloc Size 128 pointer 0x14f6c6e00a00
x3001c0s31b0n0:38121:42484 [2] NCCL INFO comm 0x5555d2905100 rank 2 nranks 20 cudaDev 2 busId 85000 - Init COMPLETE
x3001c0s31b0n0:38120:42483 [1] NCCL INFO init.cc:392 Cuda Host Alloc Size 33554432 pointer 0x14ff26000000
x3001c0s31b0n0:38120:42483 [1] NCCL INFO init.cc:398 Cuda Host Alloc Size 128 pointer 0x14ffb7400a00
x3001c0s31b0n0:38120:42483 [1] NCCL INFO comm 0x55e01c6c1f30 rank 1 nranks 20 cudaDev 1 busId 46000 - Init COMPLETE
x3001c0s31b0n0:38120:42645 [1] NCCL INFO transport/net.cc:376 Cuda Alloc Size 8388608 pointer 0x14ff24000000
x3001c0s31b0n0:38122:42485 [3] NCCL INFO init.cc:392 Cuda Host Alloc Size 33554432 pointer 0x14c7e4000000
x3001c0s31b0n0:38122:42485 [3] NCCL INFO init.cc:398 Cuda Host Alloc Size 128 pointer 0x14c846e00a00
x3001c0s31b0n0:38122:42485 [3] NCCL INFO comm 0x55e6a1cab290 rank 3 nranks 20 cudaDev 3 busId c7000 - Init COMPLETE
x3001c0s31b0n0:38121:38121 [2] NCCL INFO AllReduce: opCount 0 sendbuff 0x14f707600400 recvbuff 0x14f707600400 count 1 datatype 4 op 0 root 0 comm 0x5555d2905100 [nranks=20] stream 0x5555cf8fd390
x3001c0s31b0n0:38121:38121 [2] NCCL INFO misc/utils.cc:235 memory stack hunk malloc(65536)
[LYD INFO in ncclLaunchKernel (enqueue.cc)] NCHANNELS is: 4[Hao INFO in ncclAllReduce (all_reduce.cc)] rank 0 ncclAllReduce: count: 1, datatype: ncclInt64, message size: 8 Bytes
x3001c0s31b0n0:38119:38119 [0] NCCL INFO AllReduce: opCount 0 sendbuff 0x15494f800400 recvbuff 0x15494f800400 count 1 datatype 4 op 0 root 0 comm 0x5572beb783b0 [nranks=20] stream 0x5572bcd51560
x3001c0s31b0n0:38119:38119 [0] NCCL INFO misc/utils.cc:235 memory stack hunk malloc(65536)

[LYD INFO in ncclAllReduce (all_reduce.cc)] rank 0 AllReduce Time: 0.000049000 seconds

[LYD INFO in getAlgoInfo (enqueue.cc)] algorithm a is: 0

[LYD INFO in getAlgoInfo (enqueue.cc)] algorithm a is: 1

[LYD INFO in getAlgoInfo (enqueue.cc)] rank: 0, Duration between Point 1 and Point 2: 0.000010000 seconds

[LYD INFO in getAlgoInfo (enqueue.cc)] rank 0, Duration between Point 2 and Point 3: 0.000001000 seconds
[LYD INFO in getAlgoInfo (enqueue.cc)] out rank: 0
[LYD INFO in getAlgoInfo (enqueue.cc)] out coll: 4
[LYD INFO in getAlgoInfo (enqueue.cc)] out sendbuff address: 0x15494f800400
[LYD INFO in getAlgoInfo (enqueue.cc)] out recvbuff address: 0x15494f800400
[LYD INFO in getAlgoInfo (enqueue.cc)] out count: 1
[LYD INFO in getAlgoInfo (enqueue.cc)] out datatype: 4
[LYD INFO in getAlgoInfo (enqueue.cc)] out chunkSteps: 4
[LYD INFO in getAlgoInfo (enqueue.cc)] out sliceSteps: 2
[LYD INFO in getAlgoInfo (enqueue.cc)] out algorithm: 0
[LYD INFO in getAlgoInfo (enqueue.cc)] out protocol: 0
[LYD INFO in getAlgoInfo (enqueue.cc)] out nChannels: 1
[LYD INFO in getAlgoInfo (enqueue.cc)] out nThreads: 96
[LYD INFO in getAlgoInfo (enqueue.cc)] out nBytes: 8
[LYD INFO in getAlgoInfo (enqueue.cc)] out nstepsPerLoop: 0
[LYD INFO in getAlgoInfo (enqueue.cc)] out nchunksPerLoop: 0
[LYD INFO in getAlgoInfo (enqueue.cc)] out chunkSize: 0
[LYD INFO in ncclLaunchKernel (enqueue.cc)] NCHANNELS is: 4x3001c0s31b0n0:38120:38120 [1] NCCL INFO AllReduce: opCount 0 sendbuff 0x14ffb3c00400 recvbuff 0x14ffb3c00400 count 1 datatype 4 op 0 root 0 comm 0x55e01c6c1f30 [nranks=20] stream 0x55e01ae4b8e0
x3001c0s31b0n0:38120:38120 [1] NCCL INFO misc/utils.cc:235 memory stack hunk malloc(65536)
[LYD INFO in ncclLaunchKernel (enqueue.cc)] NCHANNELS is: 4x3001c0s31b0n0:38122:38122 [3] NCCL INFO AllReduce: opCount 0 sendbuff 0x14c887600400 recvbuff 0x14c887600400 count 1 datatype 4 op 0 root 0 comm 0x55e6a1cab290 [nranks=20] stream 0x55e69ecc5dd0
x3001c0s31b0n0:38122:38122 [3] NCCL INFO misc/utils.cc:235 memory stack hunk malloc(65536)
[LYD INFO in ncclLaunchKernel (enqueue.cc)] NCHANNELS is: 4
[LYD INFO in NCCL_KERN_NAME (common.h)] 2 AllReduce TREE LL Sum int64_t Elapsed time: 481317 us

[LYD INFO in NCCL_KERN_NAME (common.h)] 0 AllReduce TREE LL Sum int64_t Elapsed time: 473741 us
 > loading doc-idx mapping from /home/yuke/lyd/Megatron-LM/my-gpt2_text_document_train_indexmap_12800ns_512sl_1234s_doc_idx.npy

[LYD INFO in NCCL_KERN_NAME (common.h)] 3 AllReduce TREE LL Sum int64_t Elapsed time: 421253 us
 > loading sample-idx mapping from /home/yuke/lyd/Megatron-LM/my-gpt2_text_document_train_indexmap_12800ns_512sl_1234s_sample_idx.npy

[LYD INFO in NCCL_KERN_NAME (common.h)] 1 AllReduce TREE LL Sum int64_t Elapsed time: 476413 us
 > loading shuffle-idx mapping from /home/yuke/lyd/Megatron-LM/my-gpt2_text_document_train_indexmap_12800ns_512sl_1234s_shuffle_idx.npy
    loaded indexed file in 0.003 seconds
    total number of samples: 13112
    total number of epochs: 32
 > WARNING: could not find index map files, building the indices on rank 0 ...
[Hao INFO in ncclAllReduce (all_reduce.cc)] rank 3 ncclAllReduce: count: 1, datatype: ncclInt64, message size: 8 Bytes
x3001c0s31b0n0:38122:38122 [3] NCCL INFO AllReduce: opCount 0 sendbuff 0x14c887600400 recvbuff 0x14c887600400 count 1 datatype 4 op 0 root 0 comm 0x55e6a0a37770 [nranks=1] stream 0x55e69ecc5c90

[LYD INFO in ncclAllReduce (all_reduce.cc)] rank 0 AllReduce Time: 0.000033000 seconds
x3001c0s31b0n0:38122:38122 [3] NCCL INFO AllReduce: opCount 1 sendbuff 0x14c887600400 recvbuff 0x14c887600400 count 1 datatype 4 op 0 root 0 comm 0x55e6a1cab290 [nranks=20] stream 0x55e69ecc5dd0
[LYD INFO in ncclLaunchKernel (enqueue.cc)] NCHANNELS is: 4[Hao INFO in ncclAllReduce (all_reduce.cc)] rank 2 ncclAllReduce: count: 1, datatype: ncclInt64, message size: 8 Bytes
x3001c0s31b0n0:38121:38121 [2] NCCL INFO AllReduce: opCount 0 sendbuff 0x14f707600400 recvbuff 0x14f707600400 count 1 datatype 4 op 0 root 0 comm 0x5555d0fa0310 [nranks=1] stream 0x5555cf8fd250

[LYD INFO in ncclAllReduce (all_reduce.cc)] rank 0 AllReduce Time: 0.000046000 seconds
x3001c0s31b0n0:38121:38121 [2] NCCL INFO AllReduce: opCount 1 sendbuff 0x14f707600400 recvbuff 0x14f707600400 count 1 datatype 4 op 0 root 0 comm 0x5555d2905100 [nranks=20] stream 0x5555cf8fd390
[LYD INFO in ncclLaunchKernel (enqueue.cc)] NCHANNELS is: 4[Hao INFO in ncclAllReduce (all_reduce.cc)] rank 1 ncclAllReduce: count: 1, datatype: ncclInt64, message size: 8 Bytes
x3001c0s31b0n0:38120:38120 [1] NCCL INFO AllReduce: opCount 0 sendbuff 0x14ffb3c00400 recvbuff 0x14ffb3c00400 count 1 datatype 4 op 0 root 0 comm 0x55e01cf16580 [nranks=1] stream 0x55e01ae4b7a0

[LYD INFO in ncclAllReduce (all_reduce.cc)] rank 0 AllReduce Time: 0.000032000 seconds
x3001c0s31b0n0:38120:38120 [1] NCCL INFO AllReduce: opCount 1 sendbuff 0x14ffb3c00400 recvbuff 0x14ffb3c00400 count 1 datatype 4 op 0 root 0 comm 0x55e01c6c1f30 [nranks=20] stream 0x55e01ae4b8e0
[LYD INFO in ncclLaunchKernel (enqueue.cc)] NCHANNELS is: 4x3001c0s31b0n0:38119:39457 [0] NCCL INFO [Service thread] Connection closed by localRank 0
x3001c0s31b0n0:38119:38119 [0] NCCL INFO comm 0x5572a4b06630 rank 0 nranks 20 cudaDev 0 busId 7000 - Abort COMPLETE
x3001c0s31b0n0:38119:42643 [0] NCCL INFO [Service thread] Connection closed by localRank 0
x3001c0s31b0n0:38119:38119 [0] NCCL INFO comm 0x5572beb783b0 rank 0 nranks 20 cudaDev 0 busId 7000 - Abort COMPLETE
x3001c0s31b0n0:38119:42229 [0] NCCL INFO [Service thread] Connection closed by localRank 0
x3001c0s31b0n0:38119:38119 [0] NCCL INFO comm 0x5572be2eb7f0 rank 0 nranks 2 cudaDev 0 busId 7000 - Abort COMPLETE
x3001c0s31b0n0:38119:42473 [0] NCCL INFO [Service thread] Connection closed by localRank 0
x3001c0s31b0n0:38119:38119 [0] NCCL INFO comm 0x5572bebc6320 rank 0 nranks 1 cudaDev 0 busId 7000 - Abort COMPLETE
