x3006c0s37b0n0:61171:62186 [3] NCCL INFO NET/IB: Dev 0 Port 1 qpn 3659 mtu 5 GID 0 (80FE/F80800FEFF000000)
x3006c0s37b0n0:61171:62186 [3] NCCL INFO transport/net_ib.cc:653 Ib Alloc Size 552 pointer 0x153ab8065000
x3006c0s37b0n0:61171:62186 [3] NCCL INFO transport/net.cc:571 Cuda Host Alloc Size 9641984 pointer 0x153ab7600000
x3006c0s37b0n0:61171:62186 [3] NCCL INFO Mem Realloc old size 0, new size 768 pointer 0x153ab80521f0
x3006c0s37b0n0:61171:62186 [3] NCCL INFO transport/net_ib.cc:596 Ib Alloc Size 26560 pointer 0x153ab8067000
x3006c0s37b0n0:61162:62009 [2] NCCL INFO Connection to proxy localRank 2 -> connection 0x150cac000e40
x3006c0s37b0n0:61171:62186 [3] NCCL INFO NET/IB: Dev 1 Port 1 qpn 3385 mtu 5 GID 0 (80FE/C80800FEFF000000)
x3006c0s37b0n0:61171:62186 [3] NCCL INFO transport/net_ib.cc:653 Ib Alloc Size 552 pointer 0x153ab807e000
x3006c0s37b0n0:61171:62186 [3] NCCL INFO transport/net.cc:571 Cuda Host Alloc Size 9641984 pointer 0x153aae000000
x3006c0s37b0n0:61171:62186 [3] NCCL INFO transport/net_ib.cc:596 Ib Alloc Size 26560 pointer 0x153ab8080000
x3006c0s37b0n0:61155:62183 [1] NCCL INFO transport/net_ib.cc:683 Ib Alloc Size 21688 pointer 0x1550d001d000
x3006c0s37b0n0:61155:62183 [1] NCCL INFO transport/net_ib.cc:696 Ib Alloc Size 552 pointer 0x1550d0024000
x3006c0s37b0n0:61155:62183 [1] NCCL INFO transport/net_ib.cc:771 Ib Alloc Size 552 pointer 0x1550d004b000
x3006c0s37b0n0:61155:62183 [1] NCCL INFO transport/net.cc:698 Cuda Host Alloc Size 9641984 pointer 0x1550ca000000
x3006c0s37b0n0:61155:62183 [1] NCCL INFO Mem Realloc old size 0, new size 768 pointer 0x1550d00406b0
x3006c0s37b0n0:61171:62186 [3] NCCL INFO NET/IB: Dev 0 Port 1 qpn 3660 mtu 5 GID 0 (80FE/F80800FEFF000000)
x3006c0s37b0n0:61171:62186 [3] NCCL INFO transport/net_ib.cc:653 Ib Alloc Size 552 pointer 0x153ab8097000
x3006c0s37b0n0:61171:62186 [3] NCCL INFO transport/net.cc:571 Cuda Host Alloc Size 9641984 pointer 0x153aaea00000
x3006c0s37b0n0:61162:62184 [2] NCCL INFO transport/p2p.cc:449 Cuda Alloc Size 6291456 pointer 0x150ca8000000
x3006c0s37b0n0:61171:62005 [3] NCCL INFO Connected all rings
x3006c0s37b0n0:61171:62005 [3] NCCL INFO Channel 00/0 : 7[c7000] -> 6[85000] via P2P/IPC/read
x3006c0s37b0n0:61171:62186 [3] NCCL INFO New proxy send connection 8 from local rank 3, transport 0
x3006c0s37b0n0:61162:62009 [2] NCCL INFO Connected all rings
x3006c0s37b0n0:61162:62184 [2] NCCL INFO New proxy recv connection 8 from local rank 2, transport 0
x3006c0s37b0n0:61155:62183 [1] NCCL INFO transport/net_ib.cc:683 Ib Alloc Size 21688 pointer 0x1550d004d000
x3006c0s37b0n0:61155:62183 [1] NCCL INFO transport/net_ib.cc:696 Ib Alloc Size 552 pointer 0x1550d0054000
x3006c0s37b0n0:61151:62182 [0] NCCL INFO New proxy recv connection 4 from local rank 0, transport 0
x3006c0s37b0n0:61171:62005 [3] NCCL INFO Connection to proxy localRank 3 -> connection 0x153ab8000e80
x3006c0s37b0n0:61171:62186 [3] NCCL INFO transport/p2p.cc:430 Cuda Alloc Size 6291456 pointer 0x153aaf400000
x3006c0s37b0n0:61162:62009 [2] NCCL INFO Connection to proxy localRank 2 -> connection 0x150cac000e80
x3006c0s37b0n0:61162:62184 [2] NCCL INFO transport/p2p.cc:449 Cuda Alloc Size 6291456 pointer 0x150ca6000000
x3006c0s37b0n0:61155:62183 [1] NCCL INFO transport/net_ib.cc:771 Ib Alloc Size 552 pointer 0x1550d0079000
x3006c0s37b0n0:61155:62183 [1] NCCL INFO transport/net.cc:698 Cuda Host Alloc Size 9641984 pointer 0x1550caa00000
x3006c0s37b0n0:61155:62183 [1] NCCL INFO Mem Realloc old size 0, new size 768 pointer 0x1550d006e880
x3006c0s37b0n0:61162:62184 [2] NCCL INFO New proxy recv connection 9 from local rank 2, transport 0
x3006c0s37b0n0:61155:62183 [1] NCCL INFO transport/net_ib.cc:683 Ib Alloc Size 21688 pointer 0x1550d007b000
x3006c0s37b0n0:61155:62183 [1] NCCL INFO transport/net_ib.cc:696 Ib Alloc Size 552 pointer 0x1550d0082000
x3006c0s37b0n0:61171:62005 [3] NCCL INFO Channel 01/0 : 7[c7000] -> 6[85000] via P2P/IPC/read
x3006c0s37b0n0:61171:62186 [3] NCCL INFO New proxy send connection 9 from local rank 3, transport 0
x3006c0s37b0n0:61151:62007 [0] NCCL INFO Connection to proxy localRank 0 -> connection 0x154f50000d80
x3006c0s37b0n0:61151:62182 [0] NCCL INFO transport/p2p.cc:449 Cuda Alloc Size 6291456 pointer 0x154f4ec00000
x3006c0s37b0n0:61162:62009 [2] NCCL INFO Connection to proxy localRank 2 -> connection 0x150cac000ec0
x3006c0s37b0n0:61155:62183 [1] NCCL INFO transport/net_ib.cc:771 Ib Alloc Size 552 pointer 0x1550d009d000
x3006c0s37b0n0:61155:62183 [1] NCCL INFO transport/net.cc:698 Cuda Host Alloc Size 9641984 pointer 0x1550cb400000
x3006c0s37b0n0:61162:62184 [2] NCCL INFO transport/p2p.cc:449 Cuda Alloc Size 6291456 pointer 0x150ca6600000
x3006c0s37b0n0:61155:62183 [1] NCCL INFO transport/net_ib.cc:683 Ib Alloc Size 21688 pointer 0x1550d009f000
x3006c0s37b0n0:61155:62183 [1] NCCL INFO transport/net_ib.cc:696 Ib Alloc Size 552 pointer 0x1550d00a6000
x3006c0s37b0n0:61171:62005 [3] NCCL INFO Connection to proxy localRank 3 -> connection 0x153ab8000ec0
x3006c0s37b0n0:61171:62186 [3] NCCL INFO transport/p2p.cc:430 Cuda Alloc Size 6291456 pointer 0x153aafa00000
x3006c0s37b0n0:61155:62183 [1] NCCL INFO transport/net_ib.cc:771 Ib Alloc Size 552 pointer 0x1550d00c1000
x3006c0s37b0n0:61155:62183 [1] NCCL INFO transport/net.cc:698 Cuda Host Alloc Size 9641984 pointer 0x1550c2000000
x3006c0s37b0n0:61151:62182 [0] NCCL INFO New proxy recv connection 5 from local rank 0, transport 0
x3006c0s37b0n0:61162:62184 [2] NCCL INFO New proxy recv connection 10 from local rank 2, transport 0
x3006c0s37b0n0:61171:62005 [3] NCCL INFO Channel 02/0 : 7[c7000] -> 6[85000] via P2P/IPC/read
x3006c0s37b0n0:61171:62186 [3] NCCL INFO New proxy send connection 10 from local rank 3, transport 0
x3006c0s37b0n0:61151:62007 [0] NCCL INFO Connection to proxy localRank 0 -> connection 0x154f50000dc0
x3006c0s37b0n0:61151:62182 [0] NCCL INFO transport/p2p.cc:449 Cuda Alloc Size 6291456 pointer 0x154f4f200000
x3006c0s37b0n0:61155:62010 [1] NCCL INFO Channel 00/0 : 5[46000] -> 4[7000] via P2P/IPC/read
x3006c0s37b0n0:61155:62183 [1] NCCL INFO New proxy send connection 4 from local rank 1, transport 0
x3006c0s37b0n0:61162:62009 [2] NCCL INFO Connection to proxy localRank 2 -> connection 0x150cac000f00
x3006c0s37b0n0:61162:62184 [2] NCCL INFO transport/p2p.cc:449 Cuda Alloc Size 6291456 pointer 0x150ca6c00000
x3006c0s37b0n0:61171:62005 [3] NCCL INFO Connection to proxy localRank 3 -> connection 0x153ab8000f00
x3006c0s37b0n0:61171:62186 [3] NCCL INFO transport/p2p.cc:430 Cuda Alloc Size 6291456 pointer 0x153aac000000
x3006c0s37b0n0:61151:62182 [0] NCCL INFO New proxy recv connection 6 from local rank 0, transport 0
x3006c0s37b0n0:61155:62010 [1] NCCL INFO Connection to proxy localRank 1 -> connection 0x1550d0000d80
x3006c0s37b0n0:61155:62183 [1] NCCL INFO transport/p2p.cc:430 Cuda Alloc Size 6291456 pointer 0x1550c2a00000
x3006c0s37b0n0:61171:62005 [3] NCCL INFO Channel 03/0 : 7[c7000] -> 6[85000] via P2P/IPC/read
x3006c0s37b0n0:61171:62186 [3] NCCL INFO New proxy send connection 11 from local rank 3, transport 0
x3006c0s37b0n0:61162:62184 [2] NCCL INFO New proxy recv connection 11 from local rank 2, transport 0
x3006c0s37b0n0:61151:62007 [0] NCCL INFO Connection to proxy localRank 0 -> connection 0x154f50000e00
x3006c0s37b0n0:61151:62182 [0] NCCL INFO transport/p2p.cc:449 Cuda Alloc Size 6291456 pointer 0x154f4f800000
x3006c0s37b0n0:61155:62010 [1] NCCL INFO Channel 01/0 : 5[46000] -> 4[7000] via P2P/IPC/read
x3006c0s37b0n0:61155:62183 [1] NCCL INFO New proxy send connection 5 from local rank 1, transport 0
x3006c0s37b0n0:61171:62005 [3] NCCL INFO Connection to proxy localRank 3 -> connection 0x153ab8000f40
x3006c0s37b0n0:61162:62009 [2] NCCL INFO Connection to proxy localRank 2 -> connection 0x150cac000f40
x3006c0s37b0n0:61171:62186 [3] NCCL INFO transport/p2p.cc:430 Cuda Alloc Size 6291456 pointer 0x153aac600000
x3006c0s37b0n0:61162:62184 [2] NCCL INFO transport/p2p.cc:449 Cuda Alloc Size 6291456 pointer 0x150ca7200000
x3006c0s37b0n0:61151:62182 [0] NCCL INFO New proxy recv connection 7 from local rank 0, transport 0
x3006c0s37b0n0:61151:62007 [0] NCCL INFO Connection to proxy localRank 0 -> connection 0x154f50000e40
x3006c0s37b0n0:61155:62010 [1] NCCL INFO Connection to proxy localRank 1 -> connection 0x1550d0000dc0
x3006c0s37b0n0:61155:62183 [1] NCCL INFO transport/p2p.cc:430 Cuda Alloc Size 6291456 pointer 0x1550c3000000
x3006c0s37b0n0:61151:62182 [0] NCCL INFO transport/p2p.cc:449 Cuda Alloc Size 6291456 pointer 0x154f4c000000
x3006c0s37b0n0:61155:62010 [1] NCCL INFO Channel 02/0 : 5[46000] -> 4[7000] via P2P/IPC/read
x3006c0s37b0n0:61155:62183 [1] NCCL INFO New proxy send connection 6 from local rank 1, transport 0
x3006c0s37b0n0:61155:62010 [1] NCCL INFO Connection to proxy localRank 1 -> connection 0x1550d0000e00
x3006c0s37b0n0:61155:62183 [1] NCCL INFO transport/p2p.cc:430 Cuda Alloc Size 6291456 pointer 0x1550c3600000
x3006c0s37b0n0:61155:62010 [1] NCCL INFO Channel 03/0 : 5[46000] -> 4[7000] via P2P/IPC/read
x3006c0s37b0n0:61155:62183 [1] NCCL INFO New proxy send connection 7 from local rank 1, transport 0
x3006c0s37b0n0:61155:62010 [1] NCCL INFO Connection to proxy localRank 1 -> connection 0x1550d0000e40
x3006c0s37b0n0:61155:62183 [1] NCCL INFO transport/p2p.cc:430 Cuda Alloc Size 6291456 pointer 0x1550d5a00000
x3006c0s37b0n0:61155:62010 [1] NCCL INFO Connected all rings
x3006c0s37b0n0:61151:62007 [0] NCCL INFO Connected all rings
x3006c0s37b0n0:61151:62007 [0] NCCL INFO Channel 00/0 : 4[7000] -> 5[46000] via P2P/IPC/read
x3006c0s37b0n0:61151:62182 [0] NCCL INFO New proxy send connection 8 from local rank 0, transport 0
x3006c0s37b0n0:61155:62183 [1] NCCL INFO New proxy recv connection 8 from local rank 1, transport 0
x3006c0s37b0n0:61151:62007 [0] NCCL INFO Connection to proxy localRank 0 -> connection 0x154f50000e80
x3006c0s37b0n0:61151:62182 [0] NCCL INFO transport/p2p.cc:430 Cuda Alloc Size 6291456 pointer 0x154f4a000000
x3006c0s37b0n0:61155:62010 [1] NCCL INFO Connection to proxy localRank 1 -> connection 0x1550d0000e80
x3006c0s37b0n0:61155:62183 [1] NCCL INFO transport/p2p.cc:449 Cuda Alloc Size 6291456 pointer 0x1550c1800000
x3006c0s37b0n0:61155:62183 [1] NCCL INFO New proxy recv connection 9 from local rank 1, transport 0
x3006c0s37b0n0:61151:62007 [0] NCCL INFO Channel 01/0 : 4[7000] -> 5[46000] via P2P/IPC/read
x3006c0s37b0n0:61151:62182 [0] NCCL INFO New proxy send connection 9 from local rank 0, transport 0
x3006c0s37b0n0:61155:62010 [1] NCCL INFO Connection to proxy localRank 1 -> connection 0x1550d0000ec0
x3006c0s37b0n0:61155:62183 [1] NCCL INFO transport/p2p.cc:449 Cuda Alloc Size 6291456 pointer 0x1550be000000
x3006c0s37b0n0:61151:62007 [0] NCCL INFO Connection to proxy localRank 0 -> connection 0x154f50000ec0
x3006c0s37b0n0:61155:62183 [1] NCCL INFO New proxy recv connection 10 from local rank 1, transport 0
x3006c0s37b0n0:61155:62010 [1] NCCL INFO Connection to proxy localRank 1 -> connection 0x1550d0000f00
x3006c0s37b0n0:61151:62182 [0] NCCL INFO transport/p2p.cc:430 Cuda Alloc Size 6291456 pointer 0x154f4a600000
x3006c0s37b0n0:61155:62183 [1] NCCL INFO transport/p2p.cc:449 Cuda Alloc Size 6291456 pointer 0x1550be600000
x3006c0s37b0n0:61151:62007 [0] NCCL INFO Channel 02/0 : 4[7000] -> 5[46000] via P2P/IPC/read
x3006c0s37b0n0:61151:62182 [0] NCCL INFO New proxy send connection 10 from local rank 0, transport 0
x3006c0s37b0n0:61151:62007 [0] NCCL INFO Connection to proxy localRank 0 -> connection 0x154f50000f00
x3006c0s37b0n0:61151:62182 [0] NCCL INFO transport/p2p.cc:430 Cuda Alloc Size 6291456 pointer 0x154f4ac00000
x3006c0s37b0n0:61155:62183 [1] NCCL INFO New proxy recv connection 11 from local rank 1, transport 0
x3006c0s37b0n0:61151:62007 [0] NCCL INFO Channel 03/0 : 4[7000] -> 5[46000] via P2P/IPC/read
x3006c0s37b0n0:61151:62182 [0] NCCL INFO New proxy send connection 11 from local rank 0, transport 0
x3006c0s37b0n0:61155:62010 [1] NCCL INFO Connection to proxy localRank 1 -> connection 0x1550d0000f40
x3006c0s37b0n0:61155:62183 [1] NCCL INFO transport/p2p.cc:449 Cuda Alloc Size 6291456 pointer 0x1550bec00000
x3006c0s37b0n0:61151:62007 [0] NCCL INFO Connection to proxy localRank 0 -> connection 0x154f50000f40
x3006c0s37b0n0:61151:62182 [0] NCCL INFO transport/p2p.cc:430 Cuda Alloc Size 6291456 pointer 0x154f4b200000
x3006c0s37b0n0:61155:62010 [1] NCCL INFO Channel 00/0 : 5[46000] -> 6[85000] via P2P/IPC/read
x3006c0s37b0n0:61155:62183 [1] NCCL INFO New proxy send connection 12 from local rank 1, transport 0
x3006c0s37b0n0:61155:62010 [1] NCCL INFO Connection to proxy localRank 1 -> connection 0x1550d0000f80
x3006c0s37b0n0:61155:62183 [1] NCCL INFO transport/p2p.cc:430 Cuda Alloc Size 6291456 pointer 0x1550bf200000
x3006c0s37b0n0:61155:62010 [1] NCCL INFO Channel 01/0 : 5[46000] -> 6[85000] via P2P/IPC/read
x3006c0s37b0n0:61155:62183 [1] NCCL INFO New proxy send connection 13 from local rank 1, transport 0
x3006c0s37b0n0:61155:62010 [1] NCCL INFO Connection to proxy localRank 1 -> connection 0x1550d0000fc0
x3006c0s37b0n0:61155:62183 [1] NCCL INFO transport/p2p.cc:430 Cuda Alloc Size 6291456 pointer 0x1550bf800000
x3006c0s37b0n0:61155:62010 [1] NCCL INFO Channel 02/0 : 5[46000] -> 6[85000] via P2P/IPC/read
x3006c0s37b0n0:61155:62183 [1] NCCL INFO New proxy send connection 14 from local rank 1, transport 0
x3006c0s37b0n0:61155:62010 [1] NCCL INFO Connection to proxy localRank 1 -> connection 0x1550d0001000
x3006c0s37b0n0:61155:62183 [1] NCCL INFO transport/p2p.cc:430 Cuda Alloc Size 6291456 pointer 0x1550bc000000
x3006c0s37b0n0:61155:62010 [1] NCCL INFO Channel 03/0 : 5[46000] -> 6[85000] via P2P/IPC/read
x3006c0s37b0n0:61155:62183 [1] NCCL INFO New proxy send connection 15 from local rank 1, transport 0
x3006c0s37b0n0:61155:62010 [1] NCCL INFO Connection to proxy localRank 1 -> connection 0x1550d0001040
x3006c0s37b0n0:61155:62183 [1] NCCL INFO transport/p2p.cc:430 Cuda Alloc Size 6291456 pointer 0x1550bc600000
x3006c0s37b0n0:61155:62183 [1] NCCL INFO New proxy recv connection 16 from local rank 1, transport 0
x3006c0s37b0n0:61151:62007 [0] NCCL INFO GPU Direct RDMA Disabled for GPU 7000 / HCA 1 (distance 7 > 4)
x3006c0s37b0n0:61151:62182 [0] NCCL INFO Allocated 4194656 bytes of shared memory in /dev/shm/nccl-5wMz57

x3006c0s37b0n0:61151:62182 [0] NCCL INFO New proxy recv connection 12 from local rank 0, transport 2
x3006c0s37b0n0:61162:62184 [2] NCCL INFO New proxy recv connection 12 from local rank 2, transport 0
x3006c0s37b0n0:61151:62007 [0] NCCL INFO Connection to proxy localRank 0 -> connection 0x154f50000f80
x3006c0s37b0n0:61162:62009 [2] NCCL INFO Connection to proxy localRank 2 -> connection 0x150cac000f80
x3006c0s37b0n0:61162:62184 [2] NCCL INFO transport/p2p.cc:449 Cuda Alloc Size 6291456 pointer 0x150ca5200000
x3006c0s37b0n0:61155:62010 [1] NCCL INFO Connection to proxy localRank 1 -> connection 0x1550d0001080
x3006c0s37b0n0:61155:62183 [1] NCCL INFO transport/p2p.cc:449 Cuda Alloc Size 6291456 pointer 0x1550b8000000
x3006c0s37b0n0:61155:62183 [1] NCCL INFO New proxy recv connection 17 from local rank 1, transport 0
x3006c0s37b0n0:61151:62007 [0] NCCL INFO Channel 02/0 : 0[7000] -> 4[7000] [receive] via NET/IB/1
x3006c0s37b0n0:61151:62007 [0] NCCL INFO GPU Direct RDMA Disabled for GPU 7000 / HCA 0 (distance 7 > 4)
x3006c0s37b0n0:61151:62182 [0] NCCL INFO New proxy recv connection 13 from local rank 0, transport 2
x3006c0s37b0n0:61162:62184 [2] NCCL INFO New proxy recv connection 13 from local rank 2, transport 0
x3006c0s37b0n0:61162:62009 [2] NCCL INFO Connection to proxy localRank 2 -> connection 0x150cac000fc0
x3006c0s37b0n0:61162:62184 [2] NCCL INFO transport/p2p.cc:449 Cuda Alloc Size 6291456 pointer 0x150ca5800000
x3006c0s37b0n0:61155:62010 [1] NCCL INFO Connection to proxy localRank 1 -> connection 0x1550d00010c0
x3006c0s37b0n0:61155:62183 [1] NCCL INFO transport/p2p.cc:449 Cuda Alloc Size 6291456 pointer 0x1550b8600000
x3006c0s37b0n0:61151:62007 [0] NCCL INFO Connection to proxy localRank 0 -> connection 0x154f50000fc0
x3006c0s37b0n0:61162:62184 [2] NCCL INFO New proxy recv connection 14 from local rank 2, transport 0
x3006c0s37b0n0:61155:62183 [1] NCCL INFO New proxy recv connection 18 from local rank 1, transport 0
x3006c0s37b0n0:61151:62007 [0] NCCL INFO Channel 03/0 : 0[7000] -> 4[7000] [receive] via NET/IB/0
x3006c0s37b0n0:61162:62009 [2] NCCL INFO Connection to proxy localRank 2 -> connection 0x150cac001000
x3006c0s37b0n0:61162:62184 [2] NCCL INFO transport/p2p.cc:449 Cuda Alloc Size 6291456 pointer 0x150ca2000000
x3006c0s37b0n0:61155:62010 [1] NCCL INFO Connection to proxy localRank 1 -> connection 0x1550d0001100
x3006c0s37b0n0:61155:62183 [1] NCCL INFO transport/p2p.cc:449 Cuda Alloc Size 6291456 pointer 0x1550b8c00000
x3006c0s37b0n0:61162:62184 [2] NCCL INFO New proxy recv connection 15 from local rank 2, transport 0
x3006c0s37b0n0:61155:62183 [1] NCCL INFO New proxy recv connection 19 from local rank 1, transport 0
x3006c0s37b0n0:61151:62182 [0] NCCL INFO transport/net_ib.cc:683 Ib Alloc Size 21688 pointer 0x154f5001c000
x3006c0s37b0n0:61151:62182 [0] NCCL INFO transport/net_ib.cc:696 Ib Alloc Size 552 pointer 0x154f50023000
x3006c0s37b0n0:61162:62009 [2] NCCL INFO Connection to proxy localRank 2 -> connection 0x150cac001040
x3006c0s37b0n0:61162:62184 [2] NCCL INFO transport/p2p.cc:449 Cuda Alloc Size 6291456 pointer 0x150ca2600000
x3006c0s37b0n0:61155:62010 [1] NCCL INFO Connection to proxy localRank 1 -> connection 0x1550d0001140
x3006c0s37b0n0:61155:62183 [1] NCCL INFO transport/p2p.cc:449 Cuda Alloc Size 6291456 pointer 0x1550b9200000
x3006c0s37b0n0:61162:62009 [2] NCCL INFO Channel 00/0 : 6[85000] -> 5[46000] via P2P/IPC/read
x3006c0s37b0n0:61162:62184 [2] NCCL INFO New proxy send connection 16 from local rank 2, transport 0
x3006c0s37b0n0:61151:62182 [0] NCCL INFO transport/net_ib.cc:771 Ib Alloc Size 552 pointer 0x154f5004a000
x3006c0s37b0n0:61151:62182 [0] NCCL INFO transport/net.cc:698 Cuda Host Alloc Size 9641984 pointer 0x154f49200000
x3006c0s37b0n0:61151:62182 [0] NCCL INFO Mem Realloc old size 0, new size 768 pointer 0x154f5001bbd0
x3006c0s37b0n0:61151:62182 [0] NCCL INFO transport/net_ib.cc:683 Ib Alloc Size 21688 pointer 0x154f5004c000
x3006c0s37b0n0:61151:62182 [0] NCCL INFO transport/net_ib.cc:696 Ib Alloc Size 552 pointer 0x154f50053000
x3006c0s37b0n0:61162:62009 [2] NCCL INFO Connection to proxy localRank 2 -> connection 0x150cac001080
x3006c0s37b0n0:61162:62184 [2] NCCL INFO transport/p2p.cc:430 Cuda Alloc Size 6291456 pointer 0x150ca2c00000
x3006c0s37b0n0:61151:62182 [0] NCCL INFO transport/net_ib.cc:771 Ib Alloc Size 552 pointer 0x154f50078000
x3006c0s37b0n0:61151:62182 [0] NCCL INFO transport/net.cc:698 Cuda Host Alloc Size 9641984 pointer 0x154f42000000
x3006c0s37b0n0:61151:62182 [0] NCCL INFO Mem Realloc old size 0, new size 768 pointer 0x154f5006d460
x3006c0s37b0n0:61151:62007 [0] NCCL INFO GPU Direct RDMA Disabled for GPU 7000 / HCA 1 (distance 7 > 4)
x3006c0s37b0n0:61151:62182 [0] NCCL INFO New proxy send connection 14 from local rank 0, transport 2
x3006c0s37b0n0:61162:62009 [2] NCCL INFO Channel 01/0 : 6[85000] -> 5[46000] via P2P/IPC/read
x3006c0s37b0n0:61162:62184 [2] NCCL INFO New proxy send connection 17 from local rank 2, transport 0
x3006c0s37b0n0:61151:62007 [0] NCCL INFO Connection to proxy localRank 0 -> connection 0x154f50001000
x3006c0s37b0n0:61151:62007 [0] NCCL INFO Channel 00/0 : 4[7000] -> 9[46000] [send] via NET/IB/1
x3006c0s37b0n0:61151:62007 [0] NCCL INFO GPU Direct RDMA Disabled for GPU 7000 / HCA 0 (distance 7 > 4)
x3006c0s37b0n0:61151:62182 [0] NCCL INFO New proxy send connection 15 from local rank 0, transport 2
x3006c0s37b0n0:61162:62009 [2] NCCL INFO Connection to proxy localRank 2 -> connection 0x150cac0010c0
x3006c0s37b0n0:61162:62184 [2] NCCL INFO transport/p2p.cc:430 Cuda Alloc Size 6291456 pointer 0x150ca3200000
x3006c0s37b0n0:61151:62007 [0] NCCL INFO Connection to proxy localRank 0 -> connection 0x154f50001040
x3006c0s37b0n0:61151:62007 [0] NCCL INFO Channel 01/0 : 4[7000] -> 9[46000] [send] via NET/IB/0
x3006c0s37b0n0:61151:62182 [0] NCCL INFO transport/net_ib.cc:596 Ib Alloc Size 26560 pointer 0x154f50082000
x3006c0s37b0n0:61162:62009 [2] NCCL INFO Channel 02/0 : 6[85000] -> 5[46000] via P2P/IPC/read
x3006c0s37b0n0:61162:62184 [2] NCCL INFO New proxy send connection 18 from local rank 2, transport 0
x3006c0s37b0n0:61162:62009 [2] NCCL INFO Connection to proxy localRank 2 -> connection 0x150cac001100
x3006c0s37b0n0:61151:62182 [0] NCCL INFO NET/IB: Dev 1 Port 1 qpn 3395 mtu 5 GID 0 (80FE/C80800FEFF000000)
x3006c0s37b0n0:61151:62182 [0] NCCL INFO transport/net_ib.cc:653 Ib Alloc Size 552 pointer 0x154f50099000
x3006c0s37b0n0:61151:62182 [0] NCCL INFO transport/net.cc:571 Cuda Host Alloc Size 9641984 pointer 0x154f42a00000
x3006c0s37b0n0:61162:62184 [2] NCCL INFO transport/p2p.cc:430 Cuda Alloc Size 6291456 pointer 0x150ca3800000
x3006c0s37b0n0:61151:62182 [0] NCCL INFO transport/net_ib.cc:596 Ib Alloc Size 26560 pointer 0x154f5009b000
x3006c0s37b0n0:61151:62182 [0] NCCL INFO NET/IB: Dev 0 Port 1 qpn 3667 mtu 5 GID 0 (80FE/F80800FEFF000000)
x3006c0s37b0n0:61151:62182 [0] NCCL INFO transport/net_ib.cc:653 Ib Alloc Size 552 pointer 0x154f500b2000
x3006c0s37b0n0:61151:62182 [0] NCCL INFO transport/net.cc:571 Cuda Host Alloc Size 9641984 pointer 0x154f43400000
x3006c0s37b0n0:61151:62007 [0] NCCL INFO GPU Direct RDMA Disabled for GPU 7000 / HCA 1 (distance 7 > 4)
x3006c0s37b0n0:61151:62182 [0] NCCL INFO New proxy recv connection 16 from local rank 0, transport 2
x3006c0s37b0n0:61162:62009 [2] NCCL INFO Channel 03/0 : 6[85000] -> 5[46000] via P2P/IPC/read
x3006c0s37b0n0:61162:62184 [2] NCCL INFO New proxy send connection 19 from local rank 2, transport 0
x3006c0s37b0n0:61151:62007 [0] NCCL INFO Connection to proxy localRank 0 -> connection 0x154f50001080
x3006c0s37b0n0:61151:62007 [0] NCCL INFO Channel 00/0 : 9[46000] -> 4[7000] [receive] via NET/IB/1
x3006c0s37b0n0:61151:62007 [0] NCCL INFO GPU Direct RDMA Disabled for GPU 7000 / HCA 0 (distance 7 > 4)
x3006c0s37b0n0:61151:62182 [0] NCCL INFO New proxy recv connection 17 from local rank 0, transport 2
x3006c0s37b0n0:61162:62009 [2] NCCL INFO Connection to proxy localRank 2 -> connection 0x150cac001140
x3006c0s37b0n0:61162:62184 [2] NCCL INFO transport/p2p.cc:430 Cuda Alloc Size 6291456 pointer 0x150ca0000000
x3006c0s37b0n0:61151:62007 [0] NCCL INFO Connection to proxy localRank 0 -> connection 0x154f500010c0
x3006c0s37b0n0:61151:62007 [0] NCCL INFO Channel 01/0 : 9[46000] -> 4[7000] [receive] via NET/IB/0
x3006c0s37b0n0:61162:62009 [2] NCCL INFO Connected all trees by HAO
x3006c0s37b0n0:61162:62009 [2] NCCL INFO threadThresholds 8/8/64 | 160/8/64 | 512 | 512
x3006c0s37b0n0:61162:62009 [2] NCCL INFO 4 coll channels, 4 p2p channels, 2 p2p channels per peer
x3006c0s37b0n0:61162:62184 [2] NCCL INFO Allocated 4194656 bytes of shared memory in /dev/shm/nccl-4kc9IZ

x3006c0s37b0n0:61162:62184 [2] NCCL INFO New proxy send connection 20 from local rank 2, transport 2
x3006c0s37b0n0:61171:62005 [3] NCCL INFO Connected all trees by HAO
x3006c0s37b0n0:61171:62005 [3] NCCL INFO threadThresholds 8/8/64 | 160/8/64 | 512 | 512
x3006c0s37b0n0:61171:62005 [3] NCCL INFO 4 coll channels, 4 p2p channels, 2 p2p channels per peer
x3006c0s37b0n0:61151:62182 [0] NCCL INFO transport/net_ib.cc:683 Ib Alloc Size 21688 pointer 0x154f500be000
x3006c0s37b0n0:61151:62182 [0] NCCL INFO transport/net_ib.cc:696 Ib Alloc Size 552 pointer 0x154f500c5000
x3006c0s37b0n0:61171:62186 [3] NCCL INFO New proxy send connection 12 from local rank 3, transport 2
x3006c0s37b0n0:61155:62010 [1] NCCL INFO Connected all trees by HAO
x3006c0s37b0n0:61155:62010 [1] NCCL INFO threadThresholds 8/8/64 | 160/8/64 | 512 | 512
x3006c0s37b0n0:61155:62010 [1] NCCL INFO 4 coll channels, 4 p2p channels, 2 p2p channels per peer
x3006c0s37b0n0:61155:62183 [1] NCCL INFO New proxy send connection 20 from local rank 1, transport 2
x3006c0s37b0n0:61171:62005 [3] NCCL INFO Connection to proxy localRank 3 -> connection 0x153ab8000f80
x3006c0s37b0n0:61171:62186 [3] NCCL INFO transport/net.cc:376 Cuda Alloc Size 8388608 pointer 0x153aaa600000
x3006c0s37b0n0:61162:62009 [2] NCCL INFO Connection to proxy localRank 2 -> connection 0x150cac001180
x3006c0s37b0n0:61162:62184 [2] NCCL INFO transport/net.cc:376 Cuda Alloc Size 8388608 pointer 0x150c9f800000
x3006c0s37b0n0:61155:62010 [1] NCCL INFO Connection to proxy localRank 1 -> connection 0x1550d0001180
x3006c0s37b0n0:61155:62183 [1] NCCL INFO transport/net.cc:376 Cuda Alloc Size 8388608 pointer 0x1550b7200000
x3006c0s37b0n0:61151:62182 [0] NCCL INFO transport/net_ib.cc:771 Ib Alloc Size 552 pointer 0x154f500e1000
x3006c0s37b0n0:61151:62182 [0] NCCL INFO transport/net.cc:698 Cuda Host Alloc Size 9641984 pointer 0x154f40000000
x3006c0s37b0n0:61151:62182 [0] NCCL INFO transport/net_ib.cc:683 Ib Alloc Size 21688 pointer 0x154f500e3000
x3006c0s37b0n0:61151:62182 [0] NCCL INFO transport/net_ib.cc:696 Ib Alloc Size 552 pointer 0x154f500ea000
x3006c0s37b0n0:61151:62182 [0] NCCL INFO transport/net_ib.cc:771 Ib Alloc Size 552 pointer 0x154f50105000
x3006c0s37b0n0:61151:62182 [0] NCCL INFO transport/net.cc:698 Cuda Host Alloc Size 9641984 pointer 0x154f40a00000
x3006c0s37b0n0:61151:62007 [0] NCCL INFO GPU Direct RDMA Disabled for GPU 7000 / HCA 1 (distance 7 > 4)
x3006c0s37b0n0:61151:62182 [0] NCCL INFO New proxy send connection 18 from local rank 0, transport 2
x3006c0s37b0n0:61151:62007 [0] NCCL INFO Connection to proxy localRank 0 -> connection 0x154f50001100
x3006c0s37b0n0:61151:62007 [0] NCCL INFO Channel 02/0 : 4[7000] -> 0[7000] [send] via NET/IB/1
x3006c0s37b0n0:61151:62007 [0] NCCL INFO GPU Direct RDMA Disabled for GPU 7000 / HCA 0 (distance 7 > 4)
x3006c0s37b0n0:61151:62182 [0] NCCL INFO New proxy send connection 19 from local rank 0, transport 2
x3006c0s37b0n0:61151:62007 [0] NCCL INFO Connection to proxy localRank 0 -> connection 0x154f50001140
x3006c0s37b0n0:61151:62007 [0] NCCL INFO Channel 03/0 : 4[7000] -> 0[7000] [send] via NET/IB/0
x3006c0s37b0n0:61151:62182 [0] NCCL INFO transport/net_ib.cc:596 Ib Alloc Size 26560 pointer 0x154f50111000
x3006c0s37b0n0:61151:62182 [0] NCCL INFO NET/IB: Dev 1 Port 1 qpn 3398 mtu 5 GID 0 (80FE/C80800FEFF000000)
x3006c0s37b0n0:61151:62182 [0] NCCL INFO transport/net_ib.cc:653 Ib Alloc Size 552 pointer 0x154f50128000
x3006c0s37b0n0:61151:62182 [0] NCCL INFO transport/net.cc:571 Cuda Host Alloc Size 9641984 pointer 0x154f41400000
x3006c0s37b0n0:61151:62182 [0] NCCL INFO transport/net_ib.cc:596 Ib Alloc Size 26560 pointer 0x154f5012a000
x3006c0s37b0n0:61151:62182 [0] NCCL INFO NET/IB: Dev 0 Port 1 qpn 3670 mtu 5 GID 0 (80FE/F80800FEFF000000)
x3006c0s37b0n0:61151:62182 [0] NCCL INFO transport/net_ib.cc:653 Ib Alloc Size 552 pointer 0x154f50141000
x3006c0s37b0n0:61151:62182 [0] NCCL INFO transport/net.cc:571 Cuda Host Alloc Size 9641984 pointer 0x154f3e000000
x3006c0s37b0n0:61151:62007 [0] NCCL INFO Connected all trees by HAO
x3006c0s37b0n0:61151:62007 [0] NCCL INFO threadThresholds 8/8/64 | 160/8/64 | 512 | 512
x3006c0s37b0n0:61151:62007 [0] NCCL INFO 4 coll channels, 4 p2p channels, 2 p2p channels per peer
x3006c0s37b0n0:61151:62182 [0] NCCL INFO New proxy send connection 20 from local rank 0, transport 2
x3006c0s37b0n0:61151:62007 [0] NCCL INFO Connection to proxy localRank 0 -> connection 0x154f50001180
x3006c0s37b0n0:61151:62007 [0] NCCL INFO init.cc:367 Cuda Alloc Size 5168 pointer 0x154f5f808800
x3006c0s37b0n0:61162:62009 [2] NCCL INFO init.cc:367 Cuda Alloc Size 5168 pointer 0x150cbb808800
x3006c0s37b0n0:61162:62009 [2] NCCL INFO init.cc:392 Cuda Host Alloc Size 33554432 pointer 0x150c96000000
x3006c0s37b0n0:61162:62009 [2] NCCL INFO init.cc:398 Cuda Host Alloc Size 128 pointer 0x150cbae00200
x3006c0s37b0n0:61162:62009 [2] NCCL INFO comm 0x56075275ed50 rank 6 nranks 20 cudaDev 2 busId 85000 - Init COMPLETE
x3006c0s37b0n0:61155:62010 [1] NCCL INFO init.cc:367 Cuda Alloc Size 5168 pointer 0x1550d5808800
x3006c0s37b0n0:61171:62005 [3] NCCL INFO init.cc:367 Cuda Alloc Size 5168 pointer 0x153ac7808800
x3006c0s37b0n0:61162:61162 [2] NCCL INFO AllReduce: opCount 0 sendbuff 0x150cfd600200 recvbuff 0x150cfd600200 count 1 datatype 1 op 0 root 0 comm 0x56075275ed50 [nranks=20] stream 0x56076bdc35c0
x3006c0s37b0n0:61162:61162 [2] NCCL INFO misc/utils.cc:235 memory stack hunk malloc(65536)
[LYD INFO in ncclLaunchKernel (enqueue.cc)] NCHANNELS is: 4x3006c0s37b0n0:61155:62010 [1] NCCL INFO init.cc:392 Cuda Host Alloc Size 33554432 pointer 0x1550b4000000
x3006c0s37b0n0:61155:62010 [1] NCCL INFO init.cc:398 Cuda Host Alloc Size 128 pointer 0x1550d4e00200
x3006c0s37b0n0:61155:62010 [1] NCCL INFO comm 0x55a8a0ee7930 rank 5 nranks 20 cudaDev 1 busId 46000 - Init COMPLETE
x3006c0s37b0n0:61151:62182 [0] NCCL INFO transport/net.cc:376 Cuda Alloc Size 8388608 pointer 0x154f3ea00000
x3006c0s37b0n0:61151:62007 [0] NCCL INFO init.cc:392 Cuda Host Alloc Size 33554432 pointer 0x154f3c000000
x3006c0s37b0n0:61151:62007 [0] NCCL INFO init.cc:398 Cuda Host Alloc Size 128 pointer 0x154f5ee00200
x3006c0s37b0n0:61151:62007 [0] NCCL INFO comm 0x5596095a7680 rank 4 nranks 20 cudaDev 0 busId 7000 - Init COMPLETE
x3006c0s37b0n0:61171:62005 [3] NCCL INFO init.cc:392 Cuda Host Alloc Size 33554432 pointer 0x153aa8000000
x3006c0s37b0n0:61171:62005 [3] NCCL INFO init.cc:398 Cuda Host Alloc Size 128 pointer 0x153ac6e00200
x3006c0s37b0n0:61171:62005 [3] NCCL INFO comm 0x561e61d29b30 rank 7 nranks 20 cudaDev 3 busId c7000 - Init COMPLETE
x3006c0s37b0n0:61151:61151 [0] NCCL INFO AllReduce: opCount 0 sendbuff 0x154f9f600200 recvbuff 0x154f9f600200 count 1 datatype 1 op 0 root 0 comm 0x5596095a7680 [nranks=20] stream 0x55962611f1b0
x3006c0s37b0n0:61151:61151 [0] NCCL INFO misc/utils.cc:235 memory stack hunk malloc(65536)
[LYD INFO in ncclLaunchKernel (enqueue.cc)] NCHANNELS is: 4x3006c0s37b0n0:61155:61155 [1] NCCL INFO AllReduce: opCount 0 sendbuff 0x155119600200 recvbuff 0x155119600200 count 1 datatype 1 op 0 root 0 comm 0x55a8a0ee7930 [nranks=20] stream 0x55a8a4083c70
x3006c0s37b0n0:61155:61155 [1] NCCL INFO misc/utils.cc:235 memory stack hunk malloc(65536)
[LYD INFO in ncclLaunchKernel (enqueue.cc)] NCHANNELS is: 4x3006c0s37b0n0:61171:61171 [3] NCCL INFO AllReduce: opCount 0 sendbuff 0x153b0b600200 recvbuff 0x153b0b600200 count 1 datatype 1 op 0 root 0 comm 0x561e61d29b30 [nranks=20] stream 0x561e65316070
x3006c0s37b0n0:61171:61171 [3] NCCL INFO misc/utils.cc:235 memory stack hunk malloc(65536)
[LYD INFO in ncclLaunchKernel (enqueue.cc)] NCHANNELS is: 4
[LYD INFO in NCCL_KERN_NAME (common.h)] 5 AllReduce TREE LL Sum uint8_t Elapsed time: 1608654 us

[LYD INFO in NCCL_KERN_NAME (common.h)] 6 AllReduce TREE LL Sum uint8_t Elapsed time: 1679052 us

[LYD INFO in NCCL_KERN_NAME (common.h)] 4 AllReduce TREE LL Sum uint8_t Elapsed time: 1619280 us

[LYD INFO in NCCL_KERN_NAME (common.h)] 7 AllReduce TREE LL Sum uint8_t Elapsed time: 1573966 us
x3006c0s37b0n0:61155:61155 [1] NCCL INFO AllReduce: opCount 1 sendbuff 0x155119600000 recvbuff 0x155119600000 count 1 datatype 1 op 0 root 0 comm 0x55a8a0ee7930 [nranks=20] stream 0x55a8a4083c70
[LYD INFO in ncclLaunchKernel (enqueue.cc)] NCHANNELS is: 4x3006c0s37b0n0:61171:61171 [3] NCCL INFO AllReduce: opCount 1 sendbuff 0x153b0b600000 recvbuff 0x153b0b600000 count 1 datatype 1 op 0 root 0 comm 0x561e61d29b30 [nranks=20] stream 0x561e65316070
[LYD INFO in ncclLaunchKernel (enqueue.cc)] NCHANNELS is: 4x3006c0s37b0n0:61151:61151 [0] NCCL INFO AllReduce: opCount 1 sendbuff 0x154f9f600000 recvbuff 0x154f9f600000 count 1 datatype 1 op 0 root 0 comm 0x5596095a7680 [nranks=20] stream 0x55962611f1b0
[LYD INFO in ncclLaunchKernel (enqueue.cc)] NCHANNELS is: 4x3006c0s37b0n0:61162:61162 [2] NCCL INFO AllReduce: opCount 1 sendbuff 0x150cfd600000 recvbuff 0x150cfd600000 count 1 datatype 1 op 0 root 0 comm 0x56075275ed50 [nranks=20] stream 0x56076bdc35c0
[LYD INFO in ncclLaunchKernel (enqueue.cc)] NCHANNELS is: 4
[LYD INFO in NCCL_KERN_NAME (common.h)] 6 AllReduce TREE LL Sum uint8_t Elapsed time: 2070939 us

[LYD INFO in NCCL_KERN_NAME (common.h)] 5 AllReduce TREE LL Sum uint8_t Elapsed time: 9755265 us

[LYD INFO in NCCL_KERN_NAME (common.h)] 4 AllReduce TREE LL Sum uint8_t Elapsed time: 4632504 us

[LYD INFO in NCCL_KERN_NAME (common.h)] 7 AllReduce TREE LL Sum uint8_t Elapsed time: 6135001 us
x3006c0s37b0n0:61155:61155 [1] NCCL INFO AllReduce: opCount 2 sendbuff 0x155119600000 recvbuff 0x155119600000 count 1 datatype 8 op 3 root 0 comm 0x55a8a0ee7930 [nranks=20] stream 0x55a8a4083c70
[LYD INFO in ncclLaunchKernel (enqueue.cc)] NCHANNELS is: 4x3006c0s37b0n0:61162:61162 [2] NCCL INFO AllReduce: opCount 2 sendbuff 0x150cfd600000 recvbuff 0x150cfd600000 count 1 datatype 8 op 3 root 0 comm 0x56075275ed50 [nranks=20] stream 0x56076bdc35c0
[LYD INFO in ncclLaunchKernel (enqueue.cc)] NCHANNELS is: 4x3006c0s37b0n0:61151:61151 [0] NCCL INFO AllReduce: opCount 2 sendbuff 0x154f9f600000 recvbuff 0x154f9f600000 count 1 datatype 8 op 3 root 0 comm 0x5596095a7680 [nranks=20] stream 0x55962611f1b0
[LYD INFO in ncclLaunchKernel (enqueue.cc)] NCHANNELS is: 4x3006c0s37b0n0:61171:61171 [3] NCCL INFO AllReduce: opCount 2 sendbuff 0x153b0b600000 recvbuff 0x153b0b600000 count 1 datatype 8 op 3 root 0 comm 0x561e61d29b30 [nranks=20] stream 0x561e65316070
[LYD INFO in ncclLaunchKernel (enqueue.cc)] NCHANNELS is: 4
[LYD INFO in NCCL_FUNC_NAME (common.h)] 4 AllReduce TREE LL Min double Elapsed time: 33800 us

[LYD INFO in NCCL_FUNC_NAME (common.h)] 5 AllReduce TREE LL Min double Elapsed time: 57535 us

[LYD INFO in NCCL_FUNC_NAME (common.h)] 6 AllReduce TREE LL Min double Elapsed time: 44997 us

[LYD INFO in NCCL_FUNC_NAME (common.h)] 7 AllReduce TREE LL Min double Elapsed time: 5 us

[LYD INFO in NCCL_KERN_NAME (common.h)] 4 AllReduce TREE LL Sum double Elapsed time: 523527 us
x3006c0s37b0n0:61151:61151 [0] NCCL INFO AllReduce: opCount 3 sendbuff 0x154f9f600200 recvbuff 0x154f9f600200 count 1 datatype 1 op 0 root 0 comm 0x5596095a7680 [nranks=20] stream 0x55962611f1b0
[LYD INFO in ncclLaunchKernel (enqueue.cc)] NCHANNELS is: 4
[LYD INFO in NCCL_KERN_NAME (common.h)] 7 AllReduce TREE LL Sum double Elapsed time: 482251 us
x3006c0s37b0n0:61171:61171 [3] NCCL INFO AllReduce: opCount 3 sendbuff 0x153b0b600200 recvbuff 0x153b0b600200 count 1 datatype 1 op 0 root 0 comm 0x561e61d29b30 [nranks=20] stream 0x561e65316070
[LYD INFO in ncclLaunchKernel (enqueue.cc)] NCHANNELS is: 4
[LYD INFO in NCCL_KERN_NAME (common.h)] 5 AllReduce TREE LL Sum double Elapsed time: 548397 us

[LYD INFO in NCCL_KERN_NAME (common.h)] 6 AllReduce TREE LL Sum double Elapsed time: 523084 us
x3006c0s37b0n0:61162:61162 [2] NCCL INFO AllReduce: opCount 3 sendbuff 0x150cfd600200 recvbuff 0x150cfd600200 count 1 datatype 1 op 0 root 0 comm 0x56075275ed50 [nranks=20] stream 0x56076bdc35c0
[LYD INFO in ncclLaunchKernel (enqueue.cc)] NCHANNELS is: 4x3006c0s37b0n0:61155:61155 [1] NCCL INFO AllReduce: opCount 3 sendbuff 0x155119600200 recvbuff 0x155119600200 count 1 datatype 1 op 0 root 0 comm 0x55a8a0ee7930 [nranks=20] stream 0x55a8a4083c70
[LYD INFO in ncclLaunchKernel (enqueue.cc)] NCHANNELS is: 4
[LYD INFO in NCCL_KERN_NAME (common.h)] 5 AllReduce TREE LL Sum uint8_t Elapsed time: 53770 us

[LYD INFO in NCCL_KERN_NAME (common.h)] 7 AllReduce TREE LL Sum uint8_t Elapsed time: 92972 us

[LYD INFO in NCCL_KERN_NAME (common.h)] 6 AllReduce TREE LL Sum uint8_t Elapsed time: 77990 us

[LYD INFO in NCCL_KERN_NAME (common.h)] 4 AllReduce TREE LL Sum uint8_t Elapsed time: 93348 us
 > number of parameters on (tensor, pipeline) model parallel rank (0, 3): 78709760
x3006c0s37b0n0:61155:61155 [1] NCCL INFO AllReduce: opCount 4 sendbuff 0x155119600400 recvbuff 0x155119600400 count 1 datatype 1 op 0 root 0 comm 0x55a8a0ee7930 [nranks=20] stream 0x55a8a4083c70
[LYD INFO in ncclLaunchKernel (enqueue.cc)] NCHANNELS is: 4x3006c0s37b0n0:61171:61171 [3] NCCL INFO AllReduce: opCount 4 sendbuff 0x153b0b600400 recvbuff 0x153b0b600400 count 1 datatype 1 op 0 root 0 comm 0x561e61d29b30 [nranks=20] stream 0x561e65316070
[LYD INFO in ncclLaunchKernel (enqueue.cc)] NCHANNELS is: 4 > number of parameters on (tensor, pipeline) model parallel rank (0, 2): 78709760
x3006c0s37b0n0:61151:61151 [0] NCCL INFO AllReduce: opCount 4 sendbuff 0x154f9f600400 recvbuff 0x154f9f600400 count 1 datatype 1 op 0 root 0 comm 0x5596095a7680 [nranks=20] stream 0x55962611f1b0
[LYD INFO in ncclLaunchKernel (enqueue.cc)] NCHANNELS is: 4x3006c0s37b0n0:61162:61162 [2] NCCL INFO AllReduce: opCount 4 sendbuff 0x150cfd600400 recvbuff 0x150cfd600400 count 1 datatype 1 op 0 root 0 comm 0x56075275ed50 [nranks=20] stream 0x56076bdc35c0
[LYD INFO in ncclLaunchKernel (enqueue.cc)] NCHANNELS is: 4
[LYD INFO in NCCL_KERN_NAME (common.h)] 6 AllReduce TREE LL Sum uint8_t Elapsed time: 3085153 us
x3006c0s37b0n0:61162:61162 [2] NCCL INFO AllReduce: opCount 5 sendbuff 0x150cfd621000 recvbuff 0x150cfd621000 count 1 datatype 1 op 0 root 0 comm 0x56075275ed50 [nranks=20] stream 0x56076bdc35c0
[LYD INFO in ncclLaunchKernel (enqueue.cc)] NCHANNELS is: 4
[LYD INFO in NCCL_KERN_NAME (common.h)] 5 AllReduce TREE LL Sum uint8_t Elapsed time: 3141064 us
x3006c0s37b0n0:61155:61155 [1] NCCL INFO AllReduce: opCount 5 sendbuff 0x155119621000 recvbuff 0x155119621000 count 1 datatype 1 op 0 root 0 comm 0x55a8a0ee7930 [nranks=20] stream 0x55a8a4083c70
[LYD INFO in ncclLaunchKernel (enqueue.cc)] NCHANNELS is: 4
[LYD INFO in NCCL_KERN_NAME (common.h)] 7 AllReduce TREE LL Sum uint8_t Elapsed time: 3124765 us
x3006c0s37b0n0:61171:61171 [3] NCCL INFO AllReduce: opCount 5 sendbuff 0x153b0b621000 recvbuff 0x153b0b621000 count 1 datatype 1 op 0 root 0 comm 0x561e61d29b30 [nranks=20] stream 0x561e65316070
[LYD INFO in ncclLaunchKernel (enqueue.cc)] NCHANNELS is: 4
[LYD INFO in NCCL_KERN_NAME (common.h)] 4 AllReduce TREE LL Sum uint8_t Elapsed time: 3091908 us
x3006c0s37b0n0:61151:61151 [0] NCCL INFO AllReduce: opCount 5 sendbuff 0x154f9f621000 recvbuff 0x154f9f621000 count 1 datatype 1 op 0 root 0 comm 0x5596095a7680 [nranks=20] stream 0x55962611f1b0
[LYD INFO in ncclLaunchKernel (enqueue.cc)] NCHANNELS is: 4
[LYD INFO in NCCL_KERN_NAME (common.h)] 6 AllReduce TREE LL Sum uint8_t Elapsed time: 95381 us
x3006c0s37b0n0:61162:61162 [2] NCCL INFO AllReduce: opCount 6 sendbuff 0x150cfd600400 recvbuff 0x150cfd600400 count 1 datatype 1 op 0 root 0 comm 0x56075275ed50 [nranks=20] stream 0x56076bdc35c0
[LYD INFO in ncclLaunchKernel (enqueue.cc)] NCHANNELS is: 4
[LYD INFO in NCCL_KERN_NAME (common.h)] 7 AllReduce TREE LL Sum uint8_t Elapsed time: 77456 us
x3006c0s37b0n0:61171:61171 [3] NCCL INFO AllReduce: opCount 6 sendbuff 0x153b0b600400 recvbuff 0x153b0b600400 count 1 datatype 1 op 0 root 0 comm 0x561e61d29b30 [nranks=20] stream 0x561e65316070
[LYD INFO in ncclLaunchKernel (enqueue.cc)] NCHANNELS is: 4
[LYD INFO in NCCL_KERN_NAME (common.h)] 5 AllReduce TREE LL Sum uint8_t Elapsed time: 89528 us
x3006c0s37b0n0:61155:61155 [1] NCCL INFO AllReduce: opCount 6 sendbuff 0x155119600400 recvbuff 0x155119600400 count 1 datatype 1 op 0 root 0 comm 0x55a8a0ee7930 [nranks=20] stream 0x55a8a4083c70
[LYD INFO in ncclLaunchKernel (enqueue.cc)] NCHANNELS is: 4
[LYD INFO in NCCL_KERN_NAME (common.h)] 4 AllReduce TREE LL Sum uint8_t Elapsed time: 57451 us
x3006c0s37b0n0:61151:61151 [0] NCCL INFO AllReduce: opCount 6 sendbuff 0x154f9f600400 recvbuff 0x154f9f600400 count 1 datatype 1 op 0 root 0 comm 0x5596095a7680 [nranks=20] stream 0x55962611f1b0
[LYD INFO in ncclLaunchKernel (enqueue.cc)] NCHANNELS is: 4
[LYD INFO in NCCL_KERN_NAME (common.h)] 5 AllReduce TREE LL Sum uint8_t Elapsed time: 64517 us

[LYD INFO in NCCL_KERN_NAME (common.h)] 6 AllReduce TREE LL Sum uint8_t Elapsed time: 86548 us

[LYD INFO in NCCL_KERN_NAME (common.h)] 4 AllReduce TREE LL Sum uint8_t Elapsed time: 52519 us

[LYD INFO in NCCL_KERN_NAME (common.h)] 7 AllReduce TREE LL Sum uint8_t Elapsed time: 76447 us
NCCL version 2.14.3+cuda11.8
x3006c0s37b0n0:61162:61162 [2] NCCL INFO init.cc:1147 Cuda Host Alloc Size 4 pointer 0x150cbae00400
NCCL version 2.14.3+cuda11.8
x3006c0s37b0n0:61151:61151 [0] NCCL INFO init.cc:1147 Cuda Host Alloc Size 4 pointer 0x154f5ee00400
x3006c0s37b0n0:61155:61155 [1] NCCL INFO init.cc:1147 Cuda Host Alloc Size 4 pointer 0x1550d4e00400
x3006c0s37b0n0:61171:61171 [3] NCCL INFO init.cc:1147 Cuda Host Alloc Size 4 pointer 0x153ac6e00400
x3006c0s37b0n0:61162:64926 [2] NCCL INFO Using network IB
x3006c0s37b0n0:61155:64930 [1] NCCL INFO Using network IB
x3006c0s37b0n0:61151:64928 [0] NCCL INFO Using network IB
x3006c0s37b0n0:61171:64931 [3] NCCL INFO Using network IB
x3006c0s37b0n0:61162:64926 [2] NCCL INFO NET/IB : GPU Direct RDMA Enabled for HCA 0 'mlx5_0'
x3006c0s37b0n0:61162:64926 [2] NCCL INFO NET/IB : GPU Direct RDMA Enabled for HCA 1 'mlx5_1'
x3006c0s37b0n0:61162:64926 [2] NCCL INFO GPU Direct RDMA Disabled for GPU 85000 / HCA 0 (distance 7 > 4)
x3006c0s37b0n0:61162:64926 [2] NCCL INFO GPU Direct RDMA Disabled for GPU c7000 / HCA 0 (distance 6 > 4)
x3006c0s37b0n0:61162:64926 [2] NCCL INFO GPU Direct RDMA Disabled for GPU 85000 / HCA 1 (distance 7 > 4)
x3006c0s37b0n0:61162:64926 [2] NCCL INFO GPU Direct RDMA Disabled for GPU c7000 / HCA 1 (distance 7 > 4)
x3006c0s37b0n0:61162:64926 [2] NCCL INFO === System : maxBw 88.0 totalBw 88.0 ===
x3006c0s37b0n0:61162:64926 [2] NCCL INFO CPU/1 (1/2/-1)
x3006c0s37b0n0:61162:64926 [2] NCCL INFO + SYS[5000.0] - CPU/0
x3006c0s37b0n0:61162:64926 [2] NCCL INFO + SYS[5000.0] - CPU/2
x3006c0s37b0n0:61162:64926 [2] NCCL INFO + PCI[24.0] - PCI/83000 (11f8406811f8beef)
x3006c0s37b0n0:61162:64926 [2] NCCL INFO               + PCI[24.0] - GPU/85000 (0)
x3006c0s37b0n0:61162:64926 [2] NCCL INFO                             + NVL[88.0] - GPU/C7000
x3006c0s37b0n0:61162:64926 [2] NCCL INFO CPU/0 (1/2/-1)
x3006c0s37b0n0:61162:64926 [2] NCCL INFO + SYS[5000.0] - CPU/1
x3006c0s37b0n0:61162:64926 [2] NCCL INFO + SYS[5000.0] - CPU/2
x3006c0s37b0n0:61162:64926 [2] NCCL INFO + PCI[24.0] - PCI/C5000 (11f8406811f8beef)
x3006c0s37b0n0:61162:64926 [2] NCCL INFO               + PCI[24.0] - GPU/C7000 (1)
x3006c0s37b0n0:61162:64926 [2] NCCL INFO                             + NVL[88.0] - GPU/85000
x3006c0s37b0n0:61162:64926 [2] NCCL INFO + PCI[12.0] - NIC/C8000
x3006c0s37b0n0:61162:64926 [2] NCCL INFO CPU/2 (1/2/-1)
x3006c0s37b0n0:61162:64926 [2] NCCL INFO + SYS[5000.0] - CPU/1
x3006c0s37b0n0:61162:64926 [2] NCCL INFO + SYS[5000.0] - CPU/0
x3006c0s37b0n0:61162:64926 [2] NCCL INFO + PCI[12.0] - NIC/43000
x3006c0s37b0n0:61162:64926 [2] NCCL INFO ==========================================
x3006c0s37b0n0:61162:64926 [2] NCCL INFO GPU/85000 :GPU/85000 (0/5000.000000/LOC) GPU/C7000 (1/88.000000/NVL) CPU/1 (2/24.000000/PHB) CPU/0 (3/24.000000/SYS) CPU/2 (3/24.000000/SYS) 
x3006c0s37b0n0:61162:64926 [2] NCCL INFO GPU/C7000 :GPU/85000 (1/88.000000/NVL) GPU/C7000 (0/5000.000000/LOC) CPU/1 (3/24.000000/SYS) CPU/0 (2/24.000000/PHB) CPU/2 (3/24.000000/SYS) 
x3006c0s37b0n0:61162:64926 [2] NCCL INFO Pattern 4, crossNic 0, nChannels 4, bw 22.000000/22.000000, type NVL/PIX, sameChannels 1
x3006c0s37b0n0:61162:64926 [2] NCCL INFO  0 : GPU/0 GPU/1
x3006c0s37b0n0:61162:64926 [2] NCCL INFO  1 : GPU/0 GPU/1
x3006c0s37b0n0:61162:64926 [2] NCCL INFO  2 : GPU/0 GPU/1
x3006c0s37b0n0:61162:64926 [2] NCCL INFO  3 : GPU/0 GPU/1
x3006c0s37b0n0:61162:64926 [2] NCCL INFO Pattern 1, crossNic 0, nChannels 4, bw 22.000000/22.000000, type NVL/PIX, sameChannels 1
x3006c0s37b0n0:61162:64926 [2] NCCL INFO  0 : GPU/0 GPU/1
x3006c0s37b0n0:61162:64926 [2] NCCL INFO  1 : GPU/0 GPU/1
x3006c0s37b0n0:61162:64926 [2] NCCL INFO  2 : GPU/0 GPU/1
x3006c0s37b0n0:61162:64926 [2] NCCL INFO  3 : GPU/0 GPU/1
x3006c0s37b0n0:61162:64926 [2] NCCL INFO Pattern 3, crossNic 0, nChannels 4, bw 44.000000/44.000000, type NVL/PIX, sameChannels 0
x3006c0s37b0n0:61162:64926 [2] NCCL INFO  0 : GPU/0 GPU/1
x3006c0s37b0n0:61162:64926 [2] NCCL INFO  1 : GPU/0 GPU/1
x3006c0s37b0n0:61162:64926 [2] NCCL INFO  2 : GPU/1 GPU/0
x3006c0s37b0n0:61162:64926 [2] NCCL INFO  3 : GPU/1 GPU/0
x3006c0s37b0n0:61155:64930 [1] NCCL INFO NET/IB : GPU Direct RDMA Enabled for HCA 0 'mlx5_0'
x3006c0s37b0n0:61155:64930 [1] NCCL INFO NET/IB : GPU Direct RDMA Enabled for HCA 1 'mlx5_1'
x3006c0s37b0n0:61155:64930 [1] NCCL INFO GPU Direct RDMA Disabled for GPU 7000 / HCA 1 (distance 7 > 4)
x3006c0s37b0n0:61155:64930 [1] NCCL INFO GPU Direct RDMA Disabled for GPU 46000 / HCA 1 (distance 6 > 4)
x3006c0s37b0n0:61155:64930 [1] NCCL INFO GPU Direct RDMA Disabled for GPU 7000 / HCA 0 (distance 7 > 4)
x3006c0s37b0n0:61155:64930 [1] NCCL INFO GPU Direct RDMA Disabled for GPU 46000 / HCA 0 (distance 7 > 4)
x3006c0s37b0n0:61155:64930 [1] NCCL INFO === System : maxBw 88.0 totalBw 88.0 ===
x3006c0s37b0n0:61155:64930 [1] NCCL INFO CPU/3 (1/2/-1)
x3006c0s37b0n0:61155:64930 [1] NCCL INFO + SYS[5000.0] - CPU/2
x3006c0s37b0n0:61155:64930 [1] NCCL INFO + SYS[5000.0] - CPU/0
x3006c0s37b0n0:61155:64930 [1] NCCL INFO + PCI[24.0] - PCI/5000 (11f8406811f8beef)
x3006c0s37b0n0:61155:64930 [1] NCCL INFO               + PCI[24.0] - GPU/7000 (0)
x3006c0s37b0n0:61155:64930 [1] NCCL INFO                             + NVL[88.0] - GPU/46000
x3006c0s37b0n0:61155:64930 [1] NCCL INFO CPU/2 (1/2/-1)
x3006c0s37b0n0:61155:64930 [1] NCCL INFO + SYS[5000.0] - CPU/3
x3006c0s37b0n0:61155:64930 [1] NCCL INFO + SYS[5000.0] - CPU/0
x3006c0s37b0n0:61155:64930 [1] NCCL INFO + PCI[24.0] - PCI/44000 (11f8406811f8beef)
x3006c0s37b0n0:61155:64930 [1] NCCL INFO               + PCI[24.0] - GPU/46000 (1)
x3006c0s37b0n0:61155:64930 [1] NCCL INFO                             + NVL[88.0] - GPU/7000
x3006c0s37b0n0:61155:64930 [1] NCCL INFO + PCI[12.0] - NIC/43000
x3006c0s37b0n0:61155:64930 [1] NCCL INFO CPU/0 (1/2/-1)
x3006c0s37b0n0:61155:64930 [1] NCCL INFO + SYS[5000.0] - CPU/3
x3006c0s37b0n0:61155:64930 [1] NCCL INFO + SYS[5000.0] - CPU/2
x3006c0s37b0n0:61155:64930 [1] NCCL INFO + PCI[12.0] - NIC/C8000
x3006c0s37b0n0:61155:64930 [1] NCCL INFO ==========================================
x3006c0s37b0n0:61155:64930 [1] NCCL INFO GPU/7000 :GPU/7000 (0/5000.000000/LOC) GPU/46000 (1/88.000000/NVL) CPU/3 (2/24.000000/PHB) CPU/2 (3/24.000000/SYS) CPU/0 (3/24.000000/SYS) 
x3006c0s37b0n0:61155:64930 [1] NCCL INFO GPU/46000 :GPU/7000 (1/88.000000/NVL) GPU/46000 (0/5000.000000/LOC) CPU/3 (3/24.000000/SYS) CPU/2 (2/24.000000/PHB) CPU/0 (3/24.000000/SYS) 
x3006c0s37b0n0:61155:64930 [1] NCCL INFO Pattern 4, crossNic 0, nChannels 4, bw 22.000000/22.000000, type NVL/PIX, sameChannels 1
x3006c0s37b0n0:61155:64930 [1] NCCL INFO  0 : GPU/0 GPU/1
x3006c0s37b0n0:61155:64930 [1] NCCL INFO  1 : GPU/0 GPU/1
x3006c0s37b0n0:61155:64930 [1] NCCL INFO  2 : GPU/0 GPU/1
x3006c0s37b0n0:61155:64930 [1] NCCL INFO  3 : GPU/0 GPU/1
x3006c0s37b0n0:61155:64930 [1] NCCL INFO Pattern 1, crossNic 0, nChannels 4, bw 22.000000/22.000000, type NVL/PIX, sameChannels 1
x3006c0s37b0n0:61155:64930 [1] NCCL INFO  0 : GPU/0 GPU/1
x3006c0s37b0n0:61155:64930 [1] NCCL INFO  1 : GPU/0 GPU/1
x3006c0s37b0n0:61155:64930 [1] NCCL INFO  2 : GPU/0 GPU/1
x3006c0s37b0n0:61155:64930 [1] NCCL INFO  3 : GPU/0 GPU/1
x3006c0s37b0n0:61155:64930 [1] NCCL INFO Pattern 3, crossNic 0, nChannels 4, bw 44.000000/44.000000, type NVL/PIX, sameChannels 0
x3006c0s37b0n0:61155:64930 [1] NCCL INFO  0 : GPU/0 GPU/1
x3006c0s37b0n0:61155:64930 [1] NCCL INFO  1 : GPU/0 GPU/1
x3006c0s37b0n0:61155:64930 [1] NCCL INFO  2 : GPU/1 GPU/0
x3006c0s37b0n0:61155:64930 [1] NCCL INFO  3 : GPU/1 GPU/0
x3006c0s37b0n0:61171:64931 [3] NCCL INFO NET/IB : GPU Direct RDMA Enabled for HCA 0 'mlx5_0'
x3006c0s37b0n0:61171:64931 [3] NCCL INFO NET/IB : GPU Direct RDMA Enabled for HCA 1 'mlx5_1'
x3006c0s37b0n0:61171:64931 [3] NCCL INFO GPU Direct RDMA Disabled for GPU 85000 / HCA 0 (distance 7 > 4)
x3006c0s37b0n0:61171:64931 [3] NCCL INFO GPU Direct RDMA Disabled for GPU c7000 / HCA 0 (distance 6 > 4)
x3006c0s37b0n0:61171:64931 [3] NCCL INFO GPU Direct RDMA Disabled for GPU 85000 / HCA 1 (distance 7 > 4)
x3006c0s37b0n0:61171:64931 [3] NCCL INFO GPU Direct RDMA Disabled for GPU c7000 / HCA 1 (distance 7 > 4)
x3006c0s37b0n0:61171:64931 [3] NCCL INFO === System : maxBw 88.0 totalBw 88.0 ===
x3006c0s37b0n0:61171:64931 [3] NCCL INFO CPU/1 (1/2/-1)
x3006c0s37b0n0:61171:64931 [3] NCCL INFO + SYS[5000.0] - CPU/0
x3006c0s37b0n0:61171:64931 [3] NCCL INFO + SYS[5000.0] - CPU/2
x3006c0s37b0n0:61171:64931 [3] NCCL INFO + PCI[24.0] - PCI/83000 (11f8406811f8beef)
x3006c0s37b0n0:61171:64931 [3] NCCL INFO               + PCI[24.0] - GPU/85000 (0)
x3006c0s37b0n0:61171:64931 [3] NCCL INFO                             + NVL[88.0] - GPU/C7000
x3006c0s37b0n0:61171:64931 [3] NCCL INFO CPU/0 (1/2/-1)
x3006c0s37b0n0:61171:64931 [3] NCCL INFO + SYS[5000.0] - CPU/1
x3006c0s37b0n0:61171:64931 [3] NCCL INFO + SYS[5000.0] - CPU/2
x3006c0s37b0n0:61171:64931 [3] NCCL INFO + PCI[24.0] - PCI/C5000 (11f8406811f8beef)
x3006c0s37b0n0:61171:64931 [3] NCCL INFO               + PCI[24.0] - GPU/C7000 (1)
x3006c0s37b0n0:61171:64931 [3] NCCL INFO                             + NVL[88.0] - GPU/85000
x3006c0s37b0n0:61171:64931 [3] NCCL INFO + PCI[12.0] - NIC/C8000
x3006c0s37b0n0:61171:64931 [3] NCCL INFO CPU/2 (1/2/-1)
x3006c0s37b0n0:61171:64931 [3] NCCL INFO + SYS[5000.0] - CPU/1
x3006c0s37b0n0:61171:64931 [3] NCCL INFO + SYS[5000.0] - CPU/0
x3006c0s37b0n0:61171:64931 [3] NCCL INFO + PCI[12.0] - NIC/43000
x3006c0s37b0n0:61171:64931 [3] NCCL INFO ==========================================
x3006c0s37b0n0:61171:64931 [3] NCCL INFO GPU/85000 :GPU/85000 (0/5000.000000/LOC) GPU/C7000 (1/88.000000/NVL) CPU/1 (2/24.000000/PHB) CPU/0 (3/24.000000/SYS) CPU/2 (3/24.000000/SYS) 
x3006c0s37b0n0:61171:64931 [3] NCCL INFO GPU/C7000 :GPU/85000 (1/88.000000/NVL) GPU/C7000 (0/5000.000000/LOC) CPU/1 (3/24.000000/SYS) CPU/0 (2/24.000000/PHB) CPU/2 (3/24.000000/SYS) 
x3006c0s37b0n0:61171:64931 [3] NCCL INFO Setting affinity for GPU 3 to 01
x3006c0s37b0n0:61171:64931 [3] NCCL INFO Pattern 4, crossNic 0, nChannels 4, bw 22.000000/22.000000, type NVL/PIX, sameChannels 1
x3006c0s37b0n0:61171:64931 [3] NCCL INFO  0 : GPU/0 GPU/1
x3006c0s37b0n0:61171:64931 [3] NCCL INFO  1 : GPU/0 GPU/1
