x3104c0s13b1n0:10238:15004 [2] NCCL INFO Channel 15/0 : 2[85000] -> 0[7000] via P2P/IPC/read
x3104c0s13b1n0:10238:15049 [2] NCCL INFO New proxy send connection 75 from local rank 2, transport 0
x3104c0s13b1n0:10238:15004 [2] NCCL INFO Connection to proxy localRank 2 -> connection 0x146d74001f40
x3104c0s13b1n0:10233:15003 [1] NCCL INFO Connection to proxy localRank 1 -> connection 0x14f110001e40
x3104c0s13b1n0:10233:15052 [1] NCCL INFO transport/p2p.cc:430 Cuda Alloc Size 6291456 pointer 0x14f0e4c00000
x3104c0s13b1n0:10231:14997 [0] NCCL INFO Connection to proxy localRank 0 -> connection 0x14d820002030
x3104c0s13b1n0:10231:15053 [0] NCCL INFO transport/p2p.cc:430 Cuda Alloc Size 6291456 pointer 0x14d7e5200000
x3104c0s13b1n0:10238:15049 [2] NCCL INFO transport/p2p.cc:430 Cuda Alloc Size 6291456 pointer 0x146d47200000
x3104c0s13b1n0:10241:15002 [3] NCCL INFO Channel 15/0 : 3[c7000] -> 1[46000] via P2P/IPC/read
x3104c0s13b1n0:10241:15046 [3] NCCL INFO New proxy send connection 77 from local rank 3, transport 0
x3104c0s13b1n0:10233:15003 [1] NCCL INFO Channel 16/0 : 1[46000] -> 3[c7000] via P2P/IPC/read
x3104c0s13b1n0:10233:15052 [1] NCCL INFO New proxy send connection 72 from local rank 1, transport 0
x3104c0s13b1n0:10231:14997 [0] NCCL INFO Channel 17/0 : 0[7000] -> 2[85000] via P2P/IPC/read
x3104c0s13b1n0:10231:15053 [0] NCCL INFO New proxy send connection 75 from local rank 0, transport 0
x3104c0s13b1n0:10241:15002 [3] NCCL INFO Connection to proxy localRank 3 -> connection 0x145ab4001fc0
x3104c0s13b1n0:10241:15046 [3] NCCL INFO transport/p2p.cc:430 Cuda Alloc Size 6291456 pointer 0x145a89800000
x3104c0s13b1n0:10238:15004 [2] NCCL INFO Channel 17/0 : 2[85000] -> 0[7000] via P2P/IPC/read
x3104c0s13b1n0:10238:15049 [2] NCCL INFO New proxy send connection 76 from local rank 2, transport 0
x3104c0s13b1n0:10241:15002 [3] NCCL INFO Channel 17/0 : 3[c7000] -> 1[46000] via P2P/IPC/read
x3104c0s13b1n0:10241:15046 [3] NCCL INFO New proxy send connection 78 from local rank 3, transport 0
x3104c0s13b1n0:10233:15003 [1] NCCL INFO Connection to proxy localRank 1 -> connection 0x14f110001e80
x3104c0s13b1n0:10233:15052 [1] NCCL INFO transport/p2p.cc:430 Cuda Alloc Size 6291456 pointer 0x14f0e5200000
x3104c0s13b1n0:10231:14997 [0] NCCL INFO Connection to proxy localRank 0 -> connection 0x14d820002070
x3104c0s13b1n0:10231:15053 [0] NCCL INFO transport/p2p.cc:430 Cuda Alloc Size 6291456 pointer 0x14d7e5800000
x3104c0s13b1n0:10238:15004 [2] NCCL INFO Connection to proxy localRank 2 -> connection 0x146d74001f80
x3104c0s13b1n0:10238:15049 [2] NCCL INFO transport/p2p.cc:430 Cuda Alloc Size 6291456 pointer 0x146d47800000
x3104c0s13b1n0:10241:15002 [3] NCCL INFO Connection to proxy localRank 3 -> connection 0x145ab4002000
x3104c0s13b1n0:10241:15046 [3] NCCL INFO transport/p2p.cc:430 Cuda Alloc Size 6291456 pointer 0x145a86000000
x3104c0s13b1n0:10233:15003 [1] NCCL INFO Channel 17/0 : 1[46000] -> 3[c7000] via P2P/IPC/read
x3104c0s13b1n0:10231:14997 [0] NCCL INFO Channel 22/0 : 0[7000] -> 2[85000] via P2P/IPC/read
x3104c0s13b1n0:10231:15053 [0] NCCL INFO New proxy send connection 76 from local rank 0, transport 0
x3104c0s13b1n0:10238:15004 [2] NCCL INFO Channel 23/0 : 2[85000] -> 0[7000] via P2P/IPC/read
x3104c0s13b1n0:10238:15049 [2] NCCL INFO New proxy send connection 77 from local rank 2, transport 0
x3104c0s13b1n0:10233:15052 [1] NCCL INFO New proxy send connection 73 from local rank 1, transport 0
x3104c0s13b1n0:10241:15002 [3] NCCL INFO Channel 23/0 : 3[c7000] -> 1[46000] via P2P/IPC/read
x3104c0s13b1n0:10233:15003 [1] NCCL INFO Connection to proxy localRank 1 -> connection 0x14f110001ec0
x3104c0s13b1n0:10233:15052 [1] NCCL INFO transport/p2p.cc:430 Cuda Alloc Size 6291456 pointer 0x14f0e5800000
x3104c0s13b1n0:10233:15003 [1] NCCL INFO Channel 22/0 : 1[46000] -> 3[c7000] via P2P/IPC/read
x3104c0s13b1n0:10241:15046 [3] NCCL INFO New proxy send connection 79 from local rank 3, transport 0
x3104c0s13b1n0:10231:14997 [0] NCCL INFO Connection to proxy localRank 0 -> connection 0x14d8200020b0
x3104c0s13b1n0:10231:15053 [0] NCCL INFO transport/p2p.cc:430 Cuda Alloc Size 6291456 pointer 0x14d7e2000000
x3104c0s13b1n0:10233:15052 [1] NCCL INFO New proxy send connection 74 from local rank 1, transport 0
x3104c0s13b1n0:10241:15002 [3] NCCL INFO Connection to proxy localRank 3 -> connection 0x145ab4002040
x3104c0s13b1n0:10241:15046 [3] NCCL INFO transport/p2p.cc:430 Cuda Alloc Size 6291456 pointer 0x145a86600000
x3104c0s13b1n0:10238:15004 [2] NCCL INFO Connection to proxy localRank 2 -> connection 0x146d74001fc0
x3104c0s13b1n0:10238:15049 [2] NCCL INFO transport/p2p.cc:430 Cuda Alloc Size 6291456 pointer 0x146d44000000
x3104c0s13b1n0:10231:14997 [0] NCCL INFO Channel 23/0 : 0[7000] -> 2[85000] via P2P/IPC/read
x3104c0s13b1n0:10231:15053 [0] NCCL INFO New proxy send connection 77 from local rank 0, transport 0
x3104c0s13b1n0:10233:15003 [1] NCCL INFO Connection to proxy localRank 1 -> connection 0x14f110001f00
x3104c0s13b1n0:10233:15052 [1] NCCL INFO transport/p2p.cc:430 Cuda Alloc Size 6291456 pointer 0x14f0e2000000
x3104c0s13b1n0:10231:14997 [0] NCCL INFO Connection to proxy localRank 0 -> connection 0x14d8200020f0
x3104c0s13b1n0:10231:15053 [0] NCCL INFO transport/p2p.cc:430 Cuda Alloc Size 6291456 pointer 0x14d7e2600000
x3104c0s13b1n0:10233:15003 [1] NCCL INFO Channel 23/0 : 1[46000] -> 3[c7000] via P2P/IPC/read
x3104c0s13b1n0:10233:15052 [1] NCCL INFO New proxy send connection 75 from local rank 1, transport 0
x3104c0s13b1n0:10233:15003 [1] NCCL INFO Connection to proxy localRank 1 -> connection 0x14f110001f40
x3104c0s13b1n0:10233:15052 [1] NCCL INFO transport/p2p.cc:430 Cuda Alloc Size 6291456 pointer 0x14f0e2600000
x3104c0s13b1n0:10238:15049 [2] NCCL INFO New proxy recv connection 78 from local rank 2, transport 0
x3104c0s13b1n0:10233:15052 [1] NCCL INFO New proxy recv connection 76 from local rank 1, transport 0
x3104c0s13b1n0:10231:15053 [0] NCCL INFO New proxy recv connection 78 from local rank 0, transport 0
x3104c0s13b1n0:10241:15046 [3] NCCL INFO New proxy recv connection 80 from local rank 3, transport 0
x3104c0s13b1n0:10238:15004 [2] NCCL INFO Connection to proxy localRank 2 -> connection 0x146d74002000
x3104c0s13b1n0:10238:15049 [2] NCCL INFO transport/p2p.cc:449 Cuda Alloc Size 6291456 pointer 0x146d3ec00000
x3104c0s13b1n0:10231:14997 [0] NCCL INFO Connection to proxy localRank 0 -> connection 0x14d820002130
x3104c0s13b1n0:10231:15053 [0] NCCL INFO transport/p2p.cc:449 Cuda Alloc Size 6291456 pointer 0x14d7dd200000
x3104c0s13b1n0:10241:15002 [3] NCCL INFO Connection to proxy localRank 3 -> connection 0x145ab4002080
x3104c0s13b1n0:10241:15046 [3] NCCL INFO transport/p2p.cc:449 Cuda Alloc Size 6291456 pointer 0x145a81200000
x3104c0s13b1n0:10238:15049 [2] NCCL INFO New proxy recv connection 79 from local rank 2, transport 0
x3104c0s13b1n0:10233:15003 [1] NCCL INFO Connection to proxy localRank 1 -> connection 0x14f110001f80
x3104c0s13b1n0:10233:15052 [1] NCCL INFO transport/p2p.cc:449 Cuda Alloc Size 6291456 pointer 0x14f0dd200000
x3104c0s13b1n0:10241:15046 [3] NCCL INFO New proxy recv connection 81 from local rank 3, transport 0
x3104c0s13b1n0:10231:15053 [0] NCCL INFO New proxy recv connection 79 from local rank 0, transport 0
x3104c0s13b1n0:10233:15052 [1] NCCL INFO New proxy recv connection 77 from local rank 1, transport 0
x3104c0s13b1n0:10241:15002 [3] NCCL INFO Connection to proxy localRank 3 -> connection 0x145ab40020c0
x3104c0s13b1n0:10241:15046 [3] NCCL INFO transport/p2p.cc:449 Cuda Alloc Size 6291456 pointer 0x145a81800000
x3104c0s13b1n0:10238:15004 [2] NCCL INFO Connection to proxy localRank 2 -> connection 0x146d74002040
x3104c0s13b1n0:10238:15049 [2] NCCL INFO transport/p2p.cc:449 Cuda Alloc Size 6291456 pointer 0x146d3f200000
x3104c0s13b1n0:10233:15003 [1] NCCL INFO Connection to proxy localRank 1 -> connection 0x14f110001fc0
x3104c0s13b1n0:10233:15052 [1] NCCL INFO transport/p2p.cc:449 Cuda Alloc Size 6291456 pointer 0x14f0dd800000
x3104c0s13b1n0:10231:14997 [0] NCCL INFO Connection to proxy localRank 0 -> connection 0x14d820002170
x3104c0s13b1n0:10231:15053 [0] NCCL INFO transport/p2p.cc:449 Cuda Alloc Size 6291456 pointer 0x14d7dd800000
x3104c0s13b1n0:10241:15046 [3] NCCL INFO New proxy recv connection 82 from local rank 3, transport 0
x3104c0s13b1n0:10238:15049 [2] NCCL INFO New proxy recv connection 80 from local rank 2, transport 0
x3104c0s13b1n0:10233:15052 [1] NCCL INFO New proxy recv connection 78 from local rank 1, transport 0
x3104c0s13b1n0:10231:15053 [0] NCCL INFO New proxy recv connection 80 from local rank 0, transport 0
x3104c0s13b1n0:10241:15002 [3] NCCL INFO Connection to proxy localRank 3 -> connection 0x145ab4002100
x3104c0s13b1n0:10241:15046 [3] NCCL INFO transport/p2p.cc:449 Cuda Alloc Size 6291456 pointer 0x145a7e000000
x3104c0s13b1n0:10238:15004 [2] NCCL INFO Connection to proxy localRank 2 -> connection 0x146d74002080
x3104c0s13b1n0:10238:15049 [2] NCCL INFO transport/p2p.cc:449 Cuda Alloc Size 6291456 pointer 0x146d3f800000
x3104c0s13b1n0:10233:15003 [1] NCCL INFO Connection to proxy localRank 1 -> connection 0x14f110002000
x3104c0s13b1n0:10233:15052 [1] NCCL INFO transport/p2p.cc:449 Cuda Alloc Size 6291456 pointer 0x14f0da000000
x3104c0s13b1n0:10231:14997 [0] NCCL INFO Connection to proxy localRank 0 -> connection 0x14d8200021b0
x3104c0s13b1n0:10231:15053 [0] NCCL INFO transport/p2p.cc:449 Cuda Alloc Size 6291456 pointer 0x14d7da000000
x3104c0s13b1n0:10241:15046 [3] NCCL INFO New proxy recv connection 83 from local rank 3, transport 0
x3104c0s13b1n0:10233:15052 [1] NCCL INFO New proxy recv connection 79 from local rank 1, transport 0
x3104c0s13b1n0:10238:15049 [2] NCCL INFO New proxy recv connection 81 from local rank 2, transport 0
x3104c0s13b1n0:10231:15053 [0] NCCL INFO New proxy recv connection 81 from local rank 0, transport 0
x3104c0s13b1n0:10241:15002 [3] NCCL INFO Connection to proxy localRank 3 -> connection 0x145ab4002140
x3104c0s13b1n0:10241:15046 [3] NCCL INFO transport/p2p.cc:449 Cuda Alloc Size 6291456 pointer 0x145a7e600000
x3104c0s13b1n0:10231:14997 [0] NCCL INFO Connection to proxy localRank 0 -> connection 0x14d8200021f0
x3104c0s13b1n0:10231:15053 [0] NCCL INFO transport/p2p.cc:449 Cuda Alloc Size 6291456 pointer 0x14d7da600000
x3104c0s13b1n0:10238:15004 [2] NCCL INFO Connection to proxy localRank 2 -> connection 0x146d740020c0
x3104c0s13b1n0:10238:15049 [2] NCCL INFO transport/p2p.cc:449 Cuda Alloc Size 6291456 pointer 0x146d3c000000
x3104c0s13b1n0:10233:15003 [1] NCCL INFO Connection to proxy localRank 1 -> connection 0x14f110002040
x3104c0s13b1n0:10233:15052 [1] NCCL INFO transport/p2p.cc:449 Cuda Alloc Size 6291456 pointer 0x14f0da600000
x3104c0s13b1n0:10231:15053 [0] NCCL INFO New proxy recv connection 82 from local rank 0, transport 0
x3104c0s13b1n0:10241:15002 [3] NCCL INFO Channel 00/0 : 3[c7000] -> 2[85000] via P2P/IPC/read
x3104c0s13b1n0:10238:15049 [2] NCCL INFO New proxy recv connection 82 from local rank 2, transport 0
x3104c0s13b1n0:10233:15052 [1] NCCL INFO New proxy recv connection 80 from local rank 1, transport 0
x3104c0s13b1n0:10241:15046 [3] NCCL INFO New proxy send connection 84 from local rank 3, transport 0
x3104c0s13b1n0:10231:14997 [0] NCCL INFO Connection to proxy localRank 0 -> connection 0x14d820002230
x3104c0s13b1n0:10231:15053 [0] NCCL INFO transport/p2p.cc:449 Cuda Alloc Size 6291456 pointer 0x14d7dac00000
x3104c0s13b1n0:10241:15002 [3] NCCL INFO Connection to proxy localRank 3 -> connection 0x145ab4002180
x3104c0s13b1n0:10241:15046 [3] NCCL INFO transport/p2p.cc:430 Cuda Alloc Size 6291456 pointer 0x145a7ec00000
x3104c0s13b1n0:10238:15004 [2] NCCL INFO Connection to proxy localRank 2 -> connection 0x146d74002100
x3104c0s13b1n0:10238:15049 [2] NCCL INFO transport/p2p.cc:449 Cuda Alloc Size 6291456 pointer 0x146d3c600000
x3104c0s13b1n0:10233:15003 [1] NCCL INFO Connection to proxy localRank 1 -> connection 0x14f110002080
x3104c0s13b1n0:10233:15052 [1] NCCL INFO transport/p2p.cc:449 Cuda Alloc Size 6291456 pointer 0x14f0dac00000
x3104c0s13b1n0:10241:15002 [3] NCCL INFO Channel 06/0 : 3[c7000] -> 2[85000] via P2P/IPC/read
x3104c0s13b1n0:10241:15046 [3] NCCL INFO New proxy send connection 85 from local rank 3, transport 0
x3104c0s13b1n0:10231:15053 [0] NCCL INFO New proxy recv connection 83 from local rank 0, transport 0
x3104c0s13b1n0:10238:15049 [2] NCCL INFO New proxy recv connection 83 from local rank 2, transport 0
x3104c0s13b1n0:10233:15052 [1] NCCL INFO New proxy recv connection 81 from local rank 1, transport 0
x3104c0s13b1n0:10233:15003 [1] NCCL INFO Connection to proxy localRank 1 -> connection 0x14f1100020c0
x3104c0s13b1n0:10233:15052 [1] NCCL INFO transport/p2p.cc:449 Cuda Alloc Size 6291456 pointer 0x14f0db200000
x3104c0s13b1n0:10241:15002 [3] NCCL INFO Connection to proxy localRank 3 -> connection 0x145ab40021c0
x3104c0s13b1n0:10241:15046 [3] NCCL INFO transport/p2p.cc:430 Cuda Alloc Size 6291456 pointer 0x145a7f200000
x3104c0s13b1n0:10231:14997 [0] NCCL INFO Connection to proxy localRank 0 -> connection 0x14d820002270
x3104c0s13b1n0:10231:15053 [0] NCCL INFO transport/p2p.cc:449 Cuda Alloc Size 6291456 pointer 0x14d7db200000
x3104c0s13b1n0:10238:15004 [2] NCCL INFO Connection to proxy localRank 2 -> connection 0x146d74002140
x3104c0s13b1n0:10238:15049 [2] NCCL INFO transport/p2p.cc:449 Cuda Alloc Size 6291456 pointer 0x146d3cc00000
x3104c0s13b1n0:10241:15002 [3] NCCL INFO Channel 08/0 : 3[c7000] -> 2[85000] via P2P/IPC/read
x3104c0s13b1n0:10241:15046 [3] NCCL INFO New proxy send connection 86 from local rank 3, transport 0
x3104c0s13b1n0:10231:15053 [0] NCCL INFO New proxy recv connection 84 from local rank 0, transport 0
x3104c0s13b1n0:10238:15049 [2] NCCL INFO New proxy recv connection 84 from local rank 2, transport 0
x3104c0s13b1n0:10233:15052 [1] NCCL INFO New proxy recv connection 82 from local rank 1, transport 0
x3104c0s13b1n0:10241:15002 [3] NCCL INFO Connection to proxy localRank 3 -> connection 0x145ab4002200
x3104c0s13b1n0:10241:15046 [3] NCCL INFO transport/p2p.cc:430 Cuda Alloc Size 6291456 pointer 0x145a7f800000
x3104c0s13b1n0:10231:14997 [0] NCCL INFO Connection to proxy localRank 0 -> connection 0x14d8200022b0
x3104c0s13b1n0:10231:15053 [0] NCCL INFO transport/p2p.cc:449 Cuda Alloc Size 6291456 pointer 0x14d7db800000
x3104c0s13b1n0:10238:15004 [2] NCCL INFO Connection to proxy localRank 2 -> connection 0x146d74002180
x3104c0s13b1n0:10238:15049 [2] NCCL INFO transport/p2p.cc:449 Cuda Alloc Size 6291456 pointer 0x146d3d200000
x3104c0s13b1n0:10233:15003 [1] NCCL INFO Connection to proxy localRank 1 -> connection 0x14f110002100
x3104c0s13b1n0:10233:15052 [1] NCCL INFO transport/p2p.cc:449 Cuda Alloc Size 6291456 pointer 0x14f0db800000
x3104c0s13b1n0:10241:15002 [3] NCCL INFO Channel 09/0 : 3[c7000] -> 2[85000] via P2P/IPC/read
x3104c0s13b1n0:10241:15046 [3] NCCL INFO New proxy send connection 87 from local rank 3, transport 0
x3104c0s13b1n0:10231:15053 [0] NCCL INFO New proxy recv connection 85 from local rank 0, transport 0
x3104c0s13b1n0:10233:15052 [1] NCCL INFO New proxy recv connection 83 from local rank 1, transport 0
x3104c0s13b1n0:10238:15049 [2] NCCL INFO New proxy recv connection 85 from local rank 2, transport 0
x3104c0s13b1n0:10241:15002 [3] NCCL INFO Connection to proxy localRank 3 -> connection 0x145ab4002240
x3104c0s13b1n0:10241:15046 [3] NCCL INFO transport/p2p.cc:430 Cuda Alloc Size 6291456 pointer 0x145a7c000000
x3104c0s13b1n0:10231:14997 [0] NCCL INFO Connection to proxy localRank 0 -> connection 0x14d8200022f0
x3104c0s13b1n0:10231:15053 [0] NCCL INFO transport/p2p.cc:449 Cuda Alloc Size 6291456 pointer 0x14d7d8000000
x3104c0s13b1n0:10238:15004 [2] NCCL INFO Connection to proxy localRank 2 -> connection 0x146d740021c0
x3104c0s13b1n0:10238:15049 [2] NCCL INFO transport/p2p.cc:449 Cuda Alloc Size 6291456 pointer 0x146d3d800000
x3104c0s13b1n0:10233:15003 [1] NCCL INFO Connection to proxy localRank 1 -> connection 0x14f110002140
x3104c0s13b1n0:10233:15052 [1] NCCL INFO transport/p2p.cc:449 Cuda Alloc Size 6291456 pointer 0x14f0d8000000
x3104c0s13b1n0:10241:15002 [3] NCCL INFO Channel 12/0 : 3[c7000] -> 2[85000] via P2P/IPC/read
x3104c0s13b1n0:10241:15046 [3] NCCL INFO New proxy send connection 88 from local rank 3, transport 0
x3104c0s13b1n0:10231:15053 [0] NCCL INFO New proxy recv connection 86 from local rank 0, transport 0
x3104c0s13b1n0:10238:15004 [2] NCCL INFO Channel 00/0 : 2[85000] -> 1[46000] via P2P/IPC/read
x3104c0s13b1n0:10238:15049 [2] NCCL INFO New proxy send connection 86 from local rank 2, transport 0
x3104c0s13b1n0:10233:15052 [1] NCCL INFO New proxy recv connection 84 from local rank 1, transport 0
x3104c0s13b1n0:10241:15002 [3] NCCL INFO Connection to proxy localRank 3 -> connection 0x145ab4002280
x3104c0s13b1n0:10241:15046 [3] NCCL INFO transport/p2p.cc:430 Cuda Alloc Size 6291456 pointer 0x145a7c600000
x3104c0s13b1n0:10231:14997 [0] NCCL INFO Connection to proxy localRank 0 -> connection 0x14d820002330
x3104c0s13b1n0:10231:15053 [0] NCCL INFO transport/p2p.cc:449 Cuda Alloc Size 6291456 pointer 0x14d7d8600000
x3104c0s13b1n0:10238:15004 [2] NCCL INFO Connection to proxy localRank 2 -> connection 0x146d74002200
x3104c0s13b1n0:10238:15049 [2] NCCL INFO transport/p2p.cc:430 Cuda Alloc Size 6291456 pointer 0x146d3a000000
x3104c0s13b1n0:10233:15003 [1] NCCL INFO Connection to proxy localRank 1 -> connection 0x14f110002180
x3104c0s13b1n0:10233:15052 [1] NCCL INFO transport/p2p.cc:449 Cuda Alloc Size 6291456 pointer 0x14f0d8600000
x3104c0s13b1n0:10241:15002 [3] NCCL INFO Channel 18/0 : 3[c7000] -> 2[85000] via P2P/IPC/read
x3104c0s13b1n0:10241:15046 [3] NCCL INFO New proxy send connection 89 from local rank 3, transport 0
x3104c0s13b1n0:10233:15052 [1] NCCL INFO New proxy recv connection 85 from local rank 1, transport 0
x3104c0s13b1n0:10231:15053 [0] NCCL INFO New proxy recv connection 87 from local rank 0, transport 0
x3104c0s13b1n0:10238:15004 [2] NCCL INFO Channel 01/0 : 2[85000] -> 1[46000] via P2P/IPC/read
x3104c0s13b1n0:10238:15049 [2] NCCL INFO New proxy send connection 87 from local rank 2, transport 0
x3104c0s13b1n0:10238:15004 [2] NCCL INFO Connection to proxy localRank 2 -> connection 0x146d74002240
x3104c0s13b1n0:10241:15002 [3] NCCL INFO Connection to proxy localRank 3 -> connection 0x145ab40022c0
x3104c0s13b1n0:10241:15046 [3] NCCL INFO transport/p2p.cc:430 Cuda Alloc Size 6291456 pointer 0x145a7cc00000
x3104c0s13b1n0:10233:15003 [1] NCCL INFO Connection to proxy localRank 1 -> connection 0x14f1100021c0
x3104c0s13b1n0:10233:15052 [1] NCCL INFO transport/p2p.cc:449 Cuda Alloc Size 6291456 pointer 0x14f0d8c00000
x3104c0s13b1n0:10231:14997 [0] NCCL INFO Connection to proxy localRank 0 -> connection 0x14d820002370
x3104c0s13b1n0:10231:15053 [0] NCCL INFO transport/p2p.cc:449 Cuda Alloc Size 6291456 pointer 0x14d7d8c00000
x3104c0s13b1n0:10238:15049 [2] NCCL INFO transport/p2p.cc:430 Cuda Alloc Size 6291456 pointer 0x146d3a600000
x3104c0s13b1n0:10233:15003 [1] NCCL INFO Channel 00/0 : 1[46000] -> 0[7000] via P2P/IPC/read
x3104c0s13b1n0:10231:14997 [0] NCCL INFO Channel 02/0 : 0[7000] -> 3[c7000] via P2P/IPC/read
x3104c0s13b1n0:10241:15002 [3] NCCL INFO Channel 20/0 : 3[c7000] -> 2[85000] via P2P/IPC/read
x3104c0s13b1n0:10233:15052 [1] NCCL INFO New proxy send connection 86 from local rank 1, transport 0
x3104c0s13b1n0:10241:15046 [3] NCCL INFO New proxy send connection 90 from local rank 3, transport 0
x3104c0s13b1n0:10231:15053 [0] NCCL INFO New proxy send connection 88 from local rank 0, transport 0
x3104c0s13b1n0:10231:14997 [0] NCCL INFO Connection to proxy localRank 0 -> connection 0x14d8200023b0
x3104c0s13b1n0:10231:15053 [0] NCCL INFO transport/p2p.cc:430 Cuda Alloc Size 6291456 pointer 0x14d7d9200000
x3104c0s13b1n0:10238:15004 [2] NCCL INFO Channel 06/0 : 2[85000] -> 1[46000] via P2P/IPC/read
x3104c0s13b1n0:10238:15049 [2] NCCL INFO New proxy send connection 88 from local rank 2, transport 0
x3104c0s13b1n0:10233:15003 [1] NCCL INFO Connection to proxy localRank 1 -> connection 0x14f110002200
x3104c0s13b1n0:10233:15052 [1] NCCL INFO transport/p2p.cc:430 Cuda Alloc Size 6291456 pointer 0x14f0d9200000
x3104c0s13b1n0:10231:14997 [0] NCCL INFO Channel 03/0 : 0[7000] -> 3[c7000] via P2P/IPC/read
x3104c0s13b1n0:10231:15053 [0] NCCL INFO New proxy send connection 89 from local rank 0, transport 0
x3104c0s13b1n0:10233:15003 [1] NCCL INFO Channel 01/0 : 1[46000] -> 0[7000] via P2P/IPC/read
x3104c0s13b1n0:10233:15052 [1] NCCL INFO New proxy send connection 87 from local rank 1, transport 0
x3104c0s13b1n0:10238:15004 [2] NCCL INFO Connection to proxy localRank 2 -> connection 0x146d74002280
x3104c0s13b1n0:10238:15049 [2] NCCL INFO transport/p2p.cc:430 Cuda Alloc Size 6291456 pointer 0x146d3ac00000
x3104c0s13b1n0:10241:15002 [3] NCCL INFO Connection to proxy localRank 3 -> connection 0x145ab4002300
x3104c0s13b1n0:10241:15046 [3] NCCL INFO transport/p2p.cc:430 Cuda Alloc Size 6291456 pointer 0x145a7d200000
x3104c0s13b1n0:10231:14997 [0] NCCL INFO Connection to proxy localRank 0 -> connection 0x14d8200023f0
x3104c0s13b1n0:10231:15053 [0] NCCL INFO transport/p2p.cc:430 Cuda Alloc Size 6291456 pointer 0x14d7d9800000
x3104c0s13b1n0:10233:15003 [1] NCCL INFO Connection to proxy localRank 1 -> connection 0x14f110002240
x3104c0s13b1n0:10233:15052 [1] NCCL INFO transport/p2p.cc:430 Cuda Alloc Size 6291456 pointer 0x14f0d9800000
x3104c0s13b1n0:10241:15002 [3] NCCL INFO Channel 21/0 : 3[c7000] -> 2[85000] via P2P/IPC/read
x3104c0s13b1n0:10241:15046 [3] NCCL INFO New proxy send connection 91 from local rank 3, transport 0
x3104c0s13b1n0:10238:15004 [2] NCCL INFO Channel 07/0 : 2[85000] -> 1[46000] via P2P/IPC/read
x3104c0s13b1n0:10238:15049 [2] NCCL INFO New proxy send connection 89 from local rank 2, transport 0
x3104c0s13b1n0:10231:14997 [0] NCCL INFO Channel 14/0 : 0[7000] -> 3[c7000] via P2P/IPC/read
x3104c0s13b1n0:10231:15053 [0] NCCL INFO New proxy send connection 90 from local rank 0, transport 0
x3104c0s13b1n0:10241:15002 [3] NCCL INFO Connection to proxy localRank 3 -> connection 0x145ab4002340
x3104c0s13b1n0:10241:15046 [3] NCCL INFO transport/p2p.cc:430 Cuda Alloc Size 6291456 pointer 0x145a7d800000
x3104c0s13b1n0:10233:15003 [1] NCCL INFO Channel 06/0 : 1[46000] -> 0[7000] via P2P/IPC/read
x3104c0s13b1n0:10233:15052 [1] NCCL INFO New proxy send connection 88 from local rank 1, transport 0
x3104c0s13b1n0:10238:15004 [2] NCCL INFO Connection to proxy localRank 2 -> connection 0x146d740022c0
x3104c0s13b1n0:10231:14997 [0] NCCL INFO Connection to proxy localRank 0 -> connection 0x14d820002430
x3104c0s13b1n0:10231:15053 [0] NCCL INFO transport/p2p.cc:430 Cuda Alloc Size 6291456 pointer 0x14d7d6000000
x3104c0s13b1n0:10238:15049 [2] NCCL INFO transport/p2p.cc:430 Cuda Alloc Size 6291456 pointer 0x146d3b200000
x3104c0s13b1n0:10233:15003 [1] NCCL INFO Connection to proxy localRank 1 -> connection 0x14f110002280
x3104c0s13b1n0:10233:15052 [1] NCCL INFO transport/p2p.cc:430 Cuda Alloc Size 6291456 pointer 0x14f0d6000000
x3104c0s13b1n0:10231:14997 [0] NCCL INFO Channel 15/0 : 0[7000] -> 3[c7000] via P2P/IPC/read
x3104c0s13b1n0:10231:15053 [0] NCCL INFO New proxy send connection 91 from local rank 0, transport 0
x3104c0s13b1n0:10238:15004 [2] NCCL INFO Channel 08/0 : 2[85000] -> 1[46000] via P2P/IPC/read
x3104c0s13b1n0:10238:15049 [2] NCCL INFO New proxy send connection 90 from local rank 2, transport 0
x3104c0s13b1n0:10233:15003 [1] NCCL INFO Channel 07/0 : 1[46000] -> 0[7000] via P2P/IPC/read
x3104c0s13b1n0:10233:15052 [1] NCCL INFO New proxy send connection 89 from local rank 1, transport 0
x3104c0s13b1n0:10233:15003 [1] NCCL INFO Connection to proxy localRank 1 -> connection 0x14f1100022c0
x3104c0s13b1n0:10233:15052 [1] NCCL INFO transport/p2p.cc:430 Cuda Alloc Size 6291456 pointer 0x14f0d6600000
x3104c0s13b1n0:10238:15004 [2] NCCL INFO Connection to proxy localRank 2 -> connection 0x146d74002300
x3104c0s13b1n0:10238:15049 [2] NCCL INFO transport/p2p.cc:430 Cuda Alloc Size 6291456 pointer 0x146d3b800000
x3104c0s13b1n0:10231:14997 [0] NCCL INFO Connection to proxy localRank 0 -> connection 0x14d820002470
x3104c0s13b1n0:10231:15053 [0] NCCL INFO transport/p2p.cc:430 Cuda Alloc Size 6291456 pointer 0x14d7d6600000
x3104c0s13b1n0:10233:15003 [1] NCCL INFO Channel 09/0 : 1[46000] -> 0[7000] via P2P/IPC/read
x3104c0s13b1n0:10233:15052 [1] NCCL INFO New proxy send connection 90 from local rank 1, transport 0
x3104c0s13b1n0:10238:15004 [2] NCCL INFO Channel 12/0 : 2[85000] -> 1[46000] via P2P/IPC/read
x3104c0s13b1n0:10238:15049 [2] NCCL INFO New proxy send connection 91 from local rank 2, transport 0
x3104c0s13b1n0:10233:15003 [1] NCCL INFO Connection to proxy localRank 1 -> connection 0x14f110002300
x3104c0s13b1n0:10233:15052 [1] NCCL INFO transport/p2p.cc:430 Cuda Alloc Size 6291456 pointer 0x14f0d6c00000
x3104c0s13b1n0:10238:15004 [2] NCCL INFO Connection to proxy localRank 2 -> connection 0x146d74002340
x3104c0s13b1n0:10238:15049 [2] NCCL INFO transport/p2p.cc:430 Cuda Alloc Size 6291456 pointer 0x146d38000000
x3104c0s13b1n0:10233:15003 [1] NCCL INFO Channel 12/0 : 1[46000] -> 0[7000] via P2P/IPC/read
x3104c0s13b1n0:10233:15052 [1] NCCL INFO New proxy send connection 91 from local rank 1, transport 0
x3104c0s13b1n0:10238:15004 [2] NCCL INFO Channel 13/0 : 2[85000] -> 1[46000] via P2P/IPC/read
x3104c0s13b1n0:10238:15049 [2] NCCL INFO New proxy send connection 92 from local rank 2, transport 0
x3104c0s13b1n0:10238:15004 [2] NCCL INFO Connection to proxy localRank 2 -> connection 0x146d74002380
x3104c0s13b1n0:10238:15049 [2] NCCL INFO transport/p2p.cc:430 Cuda Alloc Size 6291456 pointer 0x146d38600000
x3104c0s13b1n0:10233:15003 [1] NCCL INFO Connection to proxy localRank 1 -> connection 0x14f110002340
x3104c0s13b1n0:10233:15052 [1] NCCL INFO transport/p2p.cc:430 Cuda Alloc Size 6291456 pointer 0x14f0d7200000
x3104c0s13b1n0:10238:15004 [2] NCCL INFO Channel 18/0 : 2[85000] -> 1[46000] via P2P/IPC/read
x3104c0s13b1n0:10238:15049 [2] NCCL INFO New proxy send connection 93 from local rank 2, transport 0
x3104c0s13b1n0:10238:15004 [2] NCCL INFO Connection to proxy localRank 2 -> connection 0x146d740023c0
x3104c0s13b1n0:10238:15049 [2] NCCL INFO transport/p2p.cc:430 Cuda Alloc Size 6291456 pointer 0x146d38c00000
x3104c0s13b1n0:10233:15003 [1] NCCL INFO Channel 13/0 : 1[46000] -> 0[7000] via P2P/IPC/read
x3104c0s13b1n0:10233:15052 [1] NCCL INFO New proxy send connection 92 from local rank 1, transport 0
x3104c0s13b1n0:10238:15004 [2] NCCL INFO Channel 19/0 : 2[85000] -> 1[46000] via P2P/IPC/read
x3104c0s13b1n0:10238:15049 [2] NCCL INFO New proxy send connection 94 from local rank 2, transport 0
x3104c0s13b1n0:10233:15003 [1] NCCL INFO Connection to proxy localRank 1 -> connection 0x14f110002380
x3104c0s13b1n0:10233:15052 [1] NCCL INFO transport/p2p.cc:430 Cuda Alloc Size 6291456 pointer 0x14f0d7800000
x3104c0s13b1n0:10238:15004 [2] NCCL INFO Connection to proxy localRank 2 -> connection 0x146d74002400
x3104c0s13b1n0:10238:15049 [2] NCCL INFO transport/p2p.cc:430 Cuda Alloc Size 6291456 pointer 0x146d39200000
x3104c0s13b1n0:10233:15003 [1] NCCL INFO Channel 18/0 : 1[46000] -> 0[7000] via P2P/IPC/read
x3104c0s13b1n0:10233:15052 [1] NCCL INFO New proxy send connection 93 from local rank 1, transport 0
x3104c0s13b1n0:10233:15003 [1] NCCL INFO Connection to proxy localRank 1 -> connection 0x14f1100023c0
x3104c0s13b1n0:10233:15052 [1] NCCL INFO transport/p2p.cc:430 Cuda Alloc Size 6291456 pointer 0x14f0d4000000
x3104c0s13b1n0:10238:15004 [2] NCCL INFO Channel 20/0 : 2[85000] -> 1[46000] via P2P/IPC/read
x3104c0s13b1n0:10238:15049 [2] NCCL INFO New proxy send connection 95 from local rank 2, transport 0
x3104c0s13b1n0:10238:15004 [2] NCCL INFO Connection to proxy localRank 2 -> connection 0x146d74002440
x3104c0s13b1n0:10238:15049 [2] NCCL INFO transport/p2p.cc:430 Cuda Alloc Size 6291456 pointer 0x146d39800000
x3104c0s13b1n0:10241:15002 [3] NCCL INFO Connected all trees by HAO
x3104c0s13b1n0:10241:15002 [3] NCCL INFO threadThresholds 8/8/64 | 32/8/64 | 512 | 512
x3104c0s13b1n0:10241:15002 [3] NCCL INFO channel.cc:23 Cuda Alloc Size 1920 pointer 0x145b1fe18e00
x3104c0s13b1n0:10241:15002 [3] NCCL INFO channel.cc:27 Cuda Alloc Size 16 pointer 0x145b1fe19600
x3104c0s13b1n0:10241:15002 [3] NCCL INFO channel.cc:23 Cuda Alloc Size 1920 pointer 0x145b1fe19800
x3104c0s13b1n0:10241:15002 [3] NCCL INFO channel.cc:27 Cuda Alloc Size 16 pointer 0x145b1fe1a000
x3104c0s13b1n0:10241:15002 [3] NCCL INFO channel.cc:23 Cuda Alloc Size 1920 pointer 0x145b1fe1a200
x3104c0s13b1n0:10241:15002 [3] NCCL INFO channel.cc:27 Cuda Alloc Size 16 pointer 0x145b1fe1aa00
x3104c0s13b1n0:10241:15002 [3] NCCL INFO channel.cc:23 Cuda Alloc Size 1920 pointer 0x145b1fe1ac00
x3104c0s13b1n0:10241:15002 [3] NCCL INFO channel.cc:27 Cuda Alloc Size 16 pointer 0x145b1fe1b400
x3104c0s13b1n0:10241:15002 [3] NCCL INFO channel.cc:23 Cuda Alloc Size 1920 pointer 0x145b1fe1b600
x3104c0s13b1n0:10241:15002 [3] NCCL INFO channel.cc:27 Cuda Alloc Size 16 pointer 0x145b1fe1be00
x3104c0s13b1n0:10241:15002 [3] NCCL INFO channel.cc:23 Cuda Alloc Size 1920 pointer 0x145b1fe1c000
x3104c0s13b1n0:10241:15002 [3] NCCL INFO channel.cc:27 Cuda Alloc Size 16 pointer 0x145b1fe1c800
x3104c0s13b1n0:10241:15002 [3] NCCL INFO channel.cc:23 Cuda Alloc Size 1920 pointer 0x145b1fe1ca00
x3104c0s13b1n0:10241:15002 [3] NCCL INFO channel.cc:27 Cuda Alloc Size 16 pointer 0x145b1fe1d200
x3104c0s13b1n0:10241:15002 [3] NCCL INFO channel.cc:23 Cuda Alloc Size 1920 pointer 0x145b1fe1d400
x3104c0s13b1n0:10241:15002 [3] NCCL INFO channel.cc:27 Cuda Alloc Size 16 pointer 0x145b1fe1dc00
x3104c0s13b1n0:10241:15002 [3] NCCL INFO 24 coll channels, 32 p2p channels, 8 p2p channels per peer
x3104c0s13b1n0:10241:15046 [3] NCCL INFO Allocated 4194656 bytes of shared memory in /dev/shm/nccl-Mbj7Py

x3104c0s13b1n0:10241:15046 [3] NCCL INFO New proxy send connection 92 from local rank 3, transport 2
x3104c0s13b1n0:10233:15003 [1] NCCL INFO Channel 19/0 : 1[46000] -> 0[7000] via P2P/IPC/read
x3104c0s13b1n0:10233:15052 [1] NCCL INFO New proxy send connection 94 from local rank 1, transport 0
x3104c0s13b1n0:10241:15002 [3] NCCL INFO Connection to proxy localRank 3 -> connection 0x145ab4002380
x3104c0s13b1n0:10241:15046 [3] NCCL INFO transport/net.cc:376 Cuda Alloc Size 67108864 pointer 0x145a6c000000
x3104c0s13b1n0:10233:15003 [1] NCCL INFO Connection to proxy localRank 1 -> connection 0x14f110002400
x3104c0s13b1n0:10233:15052 [1] NCCL INFO transport/p2p.cc:430 Cuda Alloc Size 6291456 pointer 0x14f0d4600000
x3104c0s13b1n0:10233:15003 [1] NCCL INFO Channel 21/0 : 1[46000] -> 0[7000] via P2P/IPC/read
x3104c0s13b1n0:10233:15052 [1] NCCL INFO New proxy send connection 95 from local rank 1, transport 0
x3104c0s13b1n0:10233:15003 [1] NCCL INFO Connection to proxy localRank 1 -> connection 0x14f110002440
x3104c0s13b1n0:10233:15052 [1] NCCL INFO transport/p2p.cc:430 Cuda Alloc Size 6291456 pointer 0x14f0d4c00000
x3104c0s13b1n0:10233:15003 [1] NCCL INFO Connected all trees by HAO
x3104c0s13b1n0:10233:15003 [1] NCCL INFO threadThresholds 8/8/64 | 32/8/64 | 512 | 512
x3104c0s13b1n0:10233:15003 [1] NCCL INFO channel.cc:23 Cuda Alloc Size 1920 pointer 0x14f159818e00
x3104c0s13b1n0:10233:15003 [1] NCCL INFO channel.cc:27 Cuda Alloc Size 16 pointer 0x14f159819600
x3104c0s13b1n0:10233:15003 [1] NCCL INFO channel.cc:23 Cuda Alloc Size 1920 pointer 0x14f159819800
x3104c0s13b1n0:10233:15003 [1] NCCL INFO channel.cc:27 Cuda Alloc Size 16 pointer 0x14f15981a000
x3104c0s13b1n0:10233:15003 [1] NCCL INFO channel.cc:23 Cuda Alloc Size 1920 pointer 0x14f15981a200
x3104c0s13b1n0:10233:15003 [1] NCCL INFO channel.cc:27 Cuda Alloc Size 16 pointer 0x14f15981aa00
x3104c0s13b1n0:10233:15003 [1] NCCL INFO channel.cc:23 Cuda Alloc Size 1920 pointer 0x14f15981ac00
x3104c0s13b1n0:10233:15003 [1] NCCL INFO channel.cc:27 Cuda Alloc Size 16 pointer 0x14f15981b400
x3104c0s13b1n0:10233:15003 [1] NCCL INFO channel.cc:23 Cuda Alloc Size 1920 pointer 0x14f15981b600
x3104c0s13b1n0:10233:15003 [1] NCCL INFO channel.cc:27 Cuda Alloc Size 16 pointer 0x14f15981be00
x3104c0s13b1n0:10233:15003 [1] NCCL INFO channel.cc:23 Cuda Alloc Size 1920 pointer 0x14f15981c000
x3104c0s13b1n0:10233:15003 [1] NCCL INFO channel.cc:27 Cuda Alloc Size 16 pointer 0x14f15981c800
x3104c0s13b1n0:10233:15003 [1] NCCL INFO channel.cc:23 Cuda Alloc Size 1920 pointer 0x14f15981ca00
x3104c0s13b1n0:10233:15003 [1] NCCL INFO channel.cc:27 Cuda Alloc Size 16 pointer 0x14f15981d200
x3104c0s13b1n0:10233:15003 [1] NCCL INFO channel.cc:23 Cuda Alloc Size 1920 pointer 0x14f15981d400
x3104c0s13b1n0:10233:15003 [1] NCCL INFO channel.cc:27 Cuda Alloc Size 16 pointer 0x14f15981dc00
x3104c0s13b1n0:10233:15003 [1] NCCL INFO 24 coll channels, 32 p2p channels, 8 p2p channels per peer
x3104c0s13b1n0:10231:14997 [0] NCCL INFO Connected all trees by HAO
x3104c0s13b1n0:10231:14997 [0] NCCL INFO Latency/AlgBw |    Tree/    LL |    Tree/ LL128 |    Tree/Simple |    Ring/    LL |    Ring/ LL128 |    Ring/Simple | CollNetDirect/    LL | CollNetDirect/ LL128 | CollNetDirect/Simple | CollNetChain/    LL | CollNetChain/ LL128 | CollNetChain/Simple |
x3104c0s13b1n0:10231:14997 [0] NCCL INFO  Max NThreads |            512 |            640 |            512 |            512 |            640 |            512 |              0 |              0 |            512 |              0 |              0 |            512 |
x3104c0s13b1n0:10231:14997 [0] NCCL INFO     Broadcast |     0.0/   0.0 |     0.0/   0.0 |     0.0/   0.0 |     5.5/  78.3 |    17.6/ 216.2 |   120.4/ 235.0 |     0.0/   0.0 |     0.0/   0.0 |     0.0/   0.0 |     0.0/   0.0 |     0.0/   0.0 |     0.0/   0.0 |
x3104c0s13b1n0:10231:14997 [0] NCCL INFO        Reduce |     0.0/   0.0 |     0.0/   0.0 |     0.0/   0.0 |     5.5/  58.8 |    17.6/ 216.2 |   120.4/ 235.0 |     0.0/   0.0 |     0.0/   0.0 |     0.0/   0.0 |     0.0/   0.0 |     0.0/   0.0 |     0.0/   0.0 |
x3104c0s13b1n0:10231:14997 [0] NCCL INFO     AllGather |     0.0/   0.0 |     0.0/   0.0 |     0.0/   0.0 |     5.0/ 104.4 |    15.7/ 288.3 |    18.6/ 313.3 |     0.0/   0.0 |     0.0/   0.0 |     0.0/   0.0 |     0.0/   0.0 |     0.0/   0.0 |     0.0/   0.0 |
x3104c0s13b1n0:10231:14997 [0] NCCL INFO ReduceScatter |     0.0/   0.0 |     0.0/   0.0 |     0.0/   0.0 |     5.0/ 104.4 |    15.7/ 288.3 |    18.6/ 313.3 |     0.0/   0.0 |     0.0/   0.0 |     0.0/   0.0 |     0.0/   0.0 |     0.0/   0.0 |     0.0/   0.0 |
x3104c0s13b1n0:10231:14997 [0] NCCL INFO     AllReduce |     7.5/  28.4 |    11.9/  84.1 |   168.0/ 108.1 |     6.4/  39.2 |    21.4/ 144.1 |    28.8/ 156.7 |     7.4/   0.0 |     7.4/   0.0 |    29.7/   0.0 |     4.4/   0.0 |     4.4/   0.0 |    48.0/   0.0 |
x3104c0s13b1n0:10231:14997 [0] NCCL INFO threadThresholds 8/8/64 | 32/8/64 | 512 | 512
x3104c0s13b1n0:10231:14997 [0] NCCL INFO channel.cc:23 Cuda Alloc Size 1920 pointer 0x14d88782aa00
x3104c0s13b1n0:10231:14997 [0] NCCL INFO channel.cc:27 Cuda Alloc Size 16 pointer 0x14d88782b200
x3104c0s13b1n0:10231:14997 [0] NCCL INFO channel.cc:23 Cuda Alloc Size 1920 pointer 0x14d88782b400
x3104c0s13b1n0:10231:14997 [0] NCCL INFO channel.cc:27 Cuda Alloc Size 16 pointer 0x14d88782bc00
x3104c0s13b1n0:10231:14997 [0] NCCL INFO channel.cc:23 Cuda Alloc Size 1920 pointer 0x14d88782be00
x3104c0s13b1n0:10231:14997 [0] NCCL INFO channel.cc:27 Cuda Alloc Size 16 pointer 0x14d88782c600
x3104c0s13b1n0:10231:14997 [0] NCCL INFO channel.cc:23 Cuda Alloc Size 1920 pointer 0x14d88782c800
x3104c0s13b1n0:10231:14997 [0] NCCL INFO channel.cc:27 Cuda Alloc Size 16 pointer 0x14d88782d000
x3104c0s13b1n0:10231:14997 [0] NCCL INFO channel.cc:23 Cuda Alloc Size 1920 pointer 0x14d88782d200
x3104c0s13b1n0:10231:14997 [0] NCCL INFO channel.cc:27 Cuda Alloc Size 16 pointer 0x14d88782da00
x3104c0s13b1n0:10231:14997 [0] NCCL INFO channel.cc:23 Cuda Alloc Size 1920 pointer 0x14d88782dc00
x3104c0s13b1n0:10231:14997 [0] NCCL INFO channel.cc:27 Cuda Alloc Size 16 pointer 0x14d88782e400
x3104c0s13b1n0:10231:14997 [0] NCCL INFO channel.cc:23 Cuda Alloc Size 1920 pointer 0x14d88782e600
x3104c0s13b1n0:10231:14997 [0] NCCL INFO channel.cc:27 Cuda Alloc Size 16 pointer 0x14d88782ee00
x3104c0s13b1n0:10231:14997 [0] NCCL INFO channel.cc:23 Cuda Alloc Size 1920 pointer 0x14d88782f000
x3104c0s13b1n0:10231:14997 [0] NCCL INFO channel.cc:27 Cuda Alloc Size 16 pointer 0x14d88782f800
x3104c0s13b1n0:10231:14997 [0] NCCL INFO 24 coll channels, 32 p2p channels, 8 p2p channels per peer
x3104c0s13b1n0:10231:15053 [0] NCCL INFO Allocated 4194656 bytes of shared memory in /dev/shm/nccl-t37rTM

x3104c0s13b1n0:10231:15053 [0] NCCL INFO New proxy send connection 92 from local rank 0, transport 2
x3104c0s13b1n0:10238:15004 [2] NCCL INFO Connected all trees by HAO
x3104c0s13b1n0:10238:15004 [2] NCCL INFO threadThresholds 8/8/64 | 32/8/64 | 512 | 512
x3104c0s13b1n0:10238:15004 [2] NCCL INFO channel.cc:23 Cuda Alloc Size 1920 pointer 0x146dbd818e00
x3104c0s13b1n0:10238:15004 [2] NCCL INFO channel.cc:27 Cuda Alloc Size 16 pointer 0x146dbd819600
x3104c0s13b1n0:10238:15004 [2] NCCL INFO channel.cc:23 Cuda Alloc Size 1920 pointer 0x146dbd819800
x3104c0s13b1n0:10238:15004 [2] NCCL INFO channel.cc:27 Cuda Alloc Size 16 pointer 0x146dbd81a000
x3104c0s13b1n0:10238:15004 [2] NCCL INFO channel.cc:23 Cuda Alloc Size 1920 pointer 0x146dbd81a200
x3104c0s13b1n0:10238:15004 [2] NCCL INFO channel.cc:27 Cuda Alloc Size 16 pointer 0x146dbd81aa00
x3104c0s13b1n0:10238:15004 [2] NCCL INFO channel.cc:23 Cuda Alloc Size 1920 pointer 0x146dbd81ac00
x3104c0s13b1n0:10238:15004 [2] NCCL INFO channel.cc:27 Cuda Alloc Size 16 pointer 0x146dbd81b400
x3104c0s13b1n0:10238:15004 [2] NCCL INFO channel.cc:23 Cuda Alloc Size 1920 pointer 0x146dbd81b600
x3104c0s13b1n0:10238:15004 [2] NCCL INFO channel.cc:27 Cuda Alloc Size 16 pointer 0x146dbd81be00
x3104c0s13b1n0:10238:15004 [2] NCCL INFO channel.cc:23 Cuda Alloc Size 1920 pointer 0x146dbd81c000
x3104c0s13b1n0:10238:15004 [2] NCCL INFO channel.cc:27 Cuda Alloc Size 16 pointer 0x146dbd81c800
x3104c0s13b1n0:10238:15004 [2] NCCL INFO channel.cc:23 Cuda Alloc Size 1920 pointer 0x146dbd81ca00
x3104c0s13b1n0:10238:15004 [2] NCCL INFO channel.cc:27 Cuda Alloc Size 16 pointer 0x146dbd81d200
x3104c0s13b1n0:10238:15004 [2] NCCL INFO channel.cc:23 Cuda Alloc Size 1920 pointer 0x146dbd81d400
x3104c0s13b1n0:10238:15004 [2] NCCL INFO channel.cc:27 Cuda Alloc Size 16 pointer 0x146dbd81dc00
x3104c0s13b1n0:10238:15004 [2] NCCL INFO 24 coll channels, 32 p2p channels, 8 p2p channels per peer
x3104c0s13b1n0:10238:15049 [2] NCCL INFO Allocated 4194656 bytes of shared memory in /dev/shm/nccl-Sb3Iml

x3104c0s13b1n0:10238:15049 [2] NCCL INFO New proxy send connection 96 from local rank 2, transport 2
x3104c0s13b1n0:10233:15052 [1] NCCL INFO Allocated 4194656 bytes of shared memory in /dev/shm/nccl-Sb5gbW

x3104c0s13b1n0:10233:15052 [1] NCCL INFO New proxy send connection 96 from local rank 1, transport 2
x3104c0s13b1n0:10233:15003 [1] NCCL INFO Connection to proxy localRank 1 -> connection 0x14f110002480
x3104c0s13b1n0:10233:15052 [1] NCCL INFO transport/net.cc:376 Cuda Alloc Size 67108864 pointer 0x14f0c4000000
x3104c0s13b1n0:10231:14997 [0] NCCL INFO Connection to proxy localRank 0 -> connection 0x14d8200024b0
x3104c0s13b1n0:10231:15053 [0] NCCL INFO transport/net.cc:376 Cuda Alloc Size 67108864 pointer 0x14d7c8000000
x3104c0s13b1n0:10238:15004 [2] NCCL INFO Connection to proxy localRank 2 -> connection 0x146d74002480
x3104c0s13b1n0:10238:15004 [2] NCCL INFO init.cc:367 Cuda Alloc Size 5168 pointer 0x146dbd81de00
x3104c0s13b1n0:10231:14997 [0] NCCL INFO init.cc:367 Cuda Alloc Size 5168 pointer 0x14d88782fa00
x3104c0s13b1n0:10241:15002 [3] NCCL INFO init.cc:367 Cuda Alloc Size 5168 pointer 0x145b1fe1de00
x3104c0s13b1n0:10233:15003 [1] NCCL INFO init.cc:367 Cuda Alloc Size 5168 pointer 0x14f15981de00
x3104c0s13b1n0:10231:14997 [0] NCCL INFO init.cc:392 Cuda Host Alloc Size 33554432 pointer 0x14d7c6000000
x3104c0s13b1n0:10231:14997 [0] NCCL INFO init.cc:398 Cuda Host Alloc Size 128 pointer 0x14d886e00e00
x3104c0s13b1n0:10231:14997 [0] NCCL INFO comm 0x5588feeec4f0 rank 0 nranks 4 cudaDev 0 busId 7000 - Init COMPLETE
x3104c0s13b1n0:10233:15003 [1] NCCL INFO init.cc:392 Cuda Host Alloc Size 33554432 pointer 0x14f0c2000000
x3104c0s13b1n0:10233:15003 [1] NCCL INFO init.cc:398 Cuda Host Alloc Size 128 pointer 0x14f158e00600
x3104c0s13b1n0:10233:15003 [1] NCCL INFO comm 0x557447653f90 rank 1 nranks 4 cudaDev 1 busId 46000 - Init COMPLETE
x3104c0s13b1n0:10238:15004 [2] NCCL INFO init.cc:392 Cuda Host Alloc Size 33554432 pointer 0x146d2a000000
x3104c0s13b1n0:10238:15004 [2] NCCL INFO init.cc:398 Cuda Host Alloc Size 128 pointer 0x146dbce00600
x3104c0s13b1n0:10238:15004 [2] NCCL INFO comm 0x55885de0f610 rank 2 nranks 4 cudaDev 2 busId 85000 - Init COMPLETE
x3104c0s13b1n0:10238:15049 [2] NCCL INFO transport/net.cc:376 Cuda Alloc Size 67108864 pointer 0x146d26000000
x3104c0s13b1n0:10241:15002 [3] NCCL INFO init.cc:392 Cuda Host Alloc Size 33554432 pointer 0x145a6a000000
x3104c0s13b1n0:10241:15002 [3] NCCL INFO init.cc:398 Cuda Host Alloc Size 128 pointer 0x145b1f400600
x3104c0s13b1n0:10241:15002 [3] NCCL INFO comm 0x55d607350080 rank 3 nranks 4 cudaDev 3 busId c7000 - Init COMPLETE
[Hao INFO in ncclBroadcast (broadcast.cc)] rank 0 Broadcast: count: 3, datatype: ncclInt64, message size: 24 Bytes
x3104c0s13b1n0:10231:10231 [0] NCCL INFO Broadcast: opCount 0 sendbuff 0x14d8c7600400 recvbuff 0x14d8c7600400 count 24 datatype 0 op 0 root 0 comm 0x5588feeec4f0 [nranks=4] stream 0x5588fbebfbb0
x3104c0s13b1n0:10231:10231 [0] NCCL INFO misc/utils.cc:235 memory stack hunk malloc(65536)

[LYD INFO in getAlgoInfo (enqueue.cc)] algorithm a is: 0

[LYD INFO in getAlgoInfo (enqueue.cc)] algorithm a is: 1

[LYD INFO in getAlgoInfo (enqueue.cc)] rank: 0, Duration between Point 1 and Point 2: 0.000007000 seconds

[LYD INFO in getAlgoInfo (enqueue.cc)] rank 0, Duration between Point 2 and Point 3: 0.000001000 seconds
[LYD INFO in getAlgoInfo (enqueue.cc)] out rank: 0
[LYD INFO in getAlgoInfo (enqueue.cc)] out coll: 0
[LYD INFO in getAlgoInfo (enqueue.cc)] out sendbuff address: 0x14d8c7600400
[LYD INFO in getAlgoInfo (enqueue.cc)] out recvbuff address: 0x14d8c7600400
[LYD INFO in getAlgoInfo (enqueue.cc)] out count: 24
[LYD INFO in getAlgoInfo (enqueue.cc)] out datatype: 0
[LYD INFO in getAlgoInfo (enqueue.cc)] out chunkSteps: 1
[LYD INFO in getAlgoInfo (enqueue.cc)] out sliceSteps: 1
[LYD INFO in getAlgoInfo (enqueue.cc)] out algorithm: 1
[LYD INFO in getAlgoInfo (enqueue.cc)] out protocol: 0
[LYD INFO in getAlgoInfo (enqueue.cc)] out nChannels: 1
[LYD INFO in getAlgoInfo (enqueue.cc)] out nThreads: 96
[LYD INFO in getAlgoInfo (enqueue.cc)] out nBytes: 24
[LYD INFO in getAlgoInfo (enqueue.cc)] out nstepsPerLoop: 0
[LYD INFO in getAlgoInfo (enqueue.cc)] out nchunksPerLoop: 0
[LYD INFO in getAlgoInfo (enqueue.cc)] out chunkSize: 0
[LYD INFO in ncclLaunchKernel (enqueue.cc)] NCHANNELS is: 24
[LYD INFO in NCCL_KERN_NAME (common.h)] 0 Broadcast RING LL Sum int8_t Elapsed time: 5 us
[Hao INFO in ncclBroadcast (broadcast.cc)] rank 3 Broadcast: count: 3, datatype: ncclInt64, message size: 24 Bytes
x3104c0s13b1n0:10241:10241 [3] NCCL INFO Broadcast: opCount 0 sendbuff 0x145b1b600400 recvbuff 0x145b1b600400 count 24 datatype 0 op 0 root 0 comm 0x55d607350080 [nranks=4] stream 0x55d6052d0790
x3104c0s13b1n0:10241:10241 [3] NCCL INFO misc/utils.cc:235 memory stack hunk malloc(65536)
[LYD INFO in ncclLaunchKernel (enqueue.cc)] NCHANNELS is: 24[Hao INFO in ncclBroadcast (broadcast.cc)] rank 1 Broadcast: count: 3, datatype: ncclInt64, message size: 24 Bytes
x3104c0s13b1n0:10233:10233 [1] NCCL INFO Broadcast: opCount 0 sendbuff 0x14f193000400 recvbuff 0x14f193000400 count 24 datatype 0 op 0 root 0 comm 0x557447653f90 [nranks=4] stream 0x557446060270
x3104c0s13b1n0:10233:10233 [1] NCCL INFO misc/utils.cc:235 memory stack hunk malloc(65536)
[LYD INFO in ncclLaunchKernel (enqueue.cc)] NCHANNELS is: 24
[LYD INFO in NCCL_KERN_NAME (common.h)] 1 Broadcast RING LL Sum int8_t Elapsed time: 5 us
x3104c0s13b1n0:10233:10233 [1] NCCL INFO AllReduce: opCount 7 sendbuff 0x14f193187400 recvbuff 0x14f193187400 count 1 datatype 1 op 0 root 0 comm 0x55742bb2fc80 [nranks=20] stream 0x5574460826d0
[LYD INFO in ncclLaunchKernel (enqueue.cc)] NCHANNELS is: 4[Hao INFO in ncclBroadcast (broadcast.cc)] rank 2 Broadcast: count: 3, datatype: ncclInt64, message size: 24 Bytes
x3104c0s13b1n0:10238:10238 [2] NCCL INFO Broadcast: opCount 0 sendbuff 0x146dff600400 recvbuff 0x146dff600400 count 24 datatype 0 op 0 root 0 comm 0x55885de0f610 [nranks=4] stream 0x55885aeebb70
x3104c0s13b1n0:10238:10238 [2] NCCL INFO misc/utils.cc:235 memory stack hunk malloc(65536)
[LYD INFO in ncclLaunchKernel (enqueue.cc)] NCHANNELS is: 24
[LYD INFO in NCCL_KERN_NAME (common.h)] 2 Broadcast RING LL Sum int8_t Elapsed time: 6 us
x3104c0s13b1n0:10238:10238 [2] NCCL INFO AllReduce: opCount 7 sendbuff 0x146dff787400 recvbuff 0x146dff787400 count 1 datatype 1 op 0 root 0 comm 0x558856de48c0 [nranks=20] stream 0x55885af0c660
[LYD INFO in ncclLaunchKernel (enqueue.cc)] NCHANNELS is: 4
[LYD INFO in NCCL_KERN_NAME (common.h)] 3 Broadcast RING LL Sum int8_t Elapsed time: 18862 us
x3104c0s13b1n0:10241:10241 [3] NCCL INFO AllReduce: opCount 7 sendbuff 0x145b1b787400 recvbuff 0x145b1b787400 count 1 datatype 1 op 0 root 0 comm 0x55d600dd6530 [nranks=20] stream 0x55d6052fc140
[LYD INFO in ncclLaunchKernel (enqueue.cc)] NCHANNELS is: 4x3104c0s13b1n0:10231:10231 [0] NCCL INFO AllReduce: opCount 7 sendbuff 0x14d8c7787400 recvbuff 0x14d8c7787400 count 1 datatype 1 op 0 root 0 comm 0x5588e2c18670 [nranks=20] stream 0x5588fbee1220
[LYD INFO in ncclLaunchKernel (enqueue.cc)] NCHANNELS is: 4
[LYD INFO in NCCL_KERN_NAME (common.h)] 4 AllReduce TREE LL Sum uint8_t Elapsed time: 21718 us

[LYD INFO in NCCL_KERN_NAME (common.h)] 5 AllReduce TREE LL Sum uint8_t Elapsed time: 3081125 us
x3104c0s13b1n0:10233:10233 [1] NCCL INFO AllReduce: opCount 8 sendbuff 0x14f193000400 recvbuff 0x14f193000400 count 1 datatype 1 op 0 root 0 comm 0x55742bb2fc80 [nranks=20] stream 0x5574460826d0
[LYD INFO in ncclLaunchKernel (enqueue.cc)] NCHANNELS is: 4
[LYD INFO in NCCL_KERN_NAME (common.h)] 7 AllReduce TREE LL Sum uint8_t Elapsed time: 3036610 us
x3104c0s13b1n0:10241:10241 [3] NCCL INFO AllReduce: opCount 8 sendbuff 0x145b1b600400 recvbuff 0x145b1b600400 count 1 datatype 1 op 0 root 0 comm 0x55d600dd6530 [nranks=20] stream 0x55d6052fc140
[LYD INFO in ncclLaunchKernel (enqueue.cc)] NCHANNELS is: 4x3104c0s13b1n0:10231:10231 [0] NCCL INFO AllReduce: opCount 8 sendbuff 0x14d8c7600400 recvbuff 0x14d8c7600400 count 1 datatype 1 op 0 root 0 comm 0x5588e2c18670 [nranks=20] stream 0x5588fbee1220
[LYD INFO in ncclLaunchKernel (enqueue.cc)] NCHANNELS is: 4
[LYD INFO in NCCL_KERN_NAME (common.h)] 6 AllReduce TREE LL Sum uint8_t Elapsed time: 3070488 us
x3104c0s13b1n0:10238:10238 [2] NCCL INFO AllReduce: opCount 8 sendbuff 0x146dff600400 recvbuff 0x146dff600400 count 1 datatype 1 op 0 root 0 comm 0x558856de48c0 [nranks=20] stream 0x55885af0c660
[LYD INFO in ncclLaunchKernel (enqueue.cc)] NCHANNELS is: 4
[LYD INFO in NCCL_KERN_NAME (common.h)] 5 AllReduce TREE LL Sum uint8_t Elapsed time: 72105 us
[Hao INFO in ncclRecv (sendrecv.cc)] rank 1 Recv: count: 19660800, datatype: ncclFloat16/ncclHalf, message size: 39321600 Bytes
x3104c0s13b1n0:10233:10233 [1] NCCL INFO Recv: opCount 9 sendbuff (nil) recvbuff 0x14f0be000000 count 19660800 datatype 6 op 0 root 1 comm 0x55742bb2fc80 [nranks=20] stream 0x5574460826d0

[LYD INFO in NCCL_KERN_NAME (common.h)] 7 AllReduce TREE LL Sum uint8_t Elapsed time: 60453 us

[LYD INFO in NCCL_KERN_NAME (common.h)] 6 AllReduce TREE LL Sum uint8_t Elapsed time: 20474 us
[Hao INFO in ncclRecv (sendrecv.cc)] rank 3 Recv: count: 19660800, datatype: ncclFloat16/ncclHalf, message size: 39321600 Bytes
x3104c0s13b1n0:10241:10241 [3] NCCL INFO Recv: opCount 9 sendbuff (nil) recvbuff 0x145a66000000 count 19660800 datatype 6 op 0 root 3 comm 0x55d600dd6530 [nranks=20] stream 0x55d6052fc140
[Hao INFO in ncclRecv (sendrecv.cc)] rank 2 Recv: count: 19660800, datatype: ncclFloat16/ncclHalf, message size: 39321600 Bytes
x3104c0s13b1n0:10238:10238 [2] NCCL INFO Recv: opCount 9 sendbuff (nil) recvbuff 0x146d22000000 count 19660800 datatype 6 op 0 root 2 comm 0x558856de48c0 [nranks=20] stream 0x55885af0c660
x3104c0s13b1n0:10233:16131 [1] NCCL INFO GPU Direct RDMA Disabled for GPU 46000 / HCA 1 (distance 6 > 4)

[LYD INFO in NCCL_KERN_NAME (common.h)] 4 AllReduce TREE LL Sum uint8_t Elapsed time: 43896 us
x3104c0s13b1n0:10233:11657 [1] NCCL INFO New proxy recv connection 21 from local rank 1, transport 2
[Hao INFO in ncclRecv (sendrecv.cc)] rank 0 Recv: count: 19660800, datatype: ncclFloat16/ncclHalf, message size: 39321600 Bytes
x3104c0s13b1n0:10231:10231 [0] NCCL INFO Recv: opCount 9 sendbuff (nil) recvbuff 0x14d79c000000 count 19660800 datatype 6 op 0 root 0 comm 0x5588e2c18670 [nranks=20] stream 0x5588fbee1220
x3104c0s13b1n0:10233:16131 [1] NCCL INFO Connection to proxy localRank 1 -> connection 0x14f1540011c0
x3104c0s13b1n0:10241:16134 [3] NCCL INFO GPU Direct RDMA Disabled for GPU c7000 / HCA 0 (distance 6 > 4)
x3104c0s13b1n0:10241:11664 [3] NCCL INFO New proxy recv connection 13 from local rank 3, transport 2
x3104c0s13b1n0:10238:16135 [2] NCCL INFO GPU Direct RDMA Disabled for GPU 85000 / HCA 1 (distance 7 > 4)
x3104c0s13b1n0:10231:16136 [0] NCCL INFO GPU Direct RDMA Disabled for GPU 7000 / HCA 1 (distance 7 > 4)
x3104c0s13b1n0:10231:11656 [0] NCCL INFO New proxy recv connection 21 from local rank 0, transport 2
x3104c0s13b1n0:10238:11665 [2] NCCL INFO New proxy recv connection 21 from local rank 2, transport 2
x3104c0s13b1n0:10241:16134 [3] NCCL INFO Connection to proxy localRank 3 -> connection 0x145ad4000fc0
x3104c0s13b1n0:10231:16136 [0] NCCL INFO Connection to proxy localRank 0 -> connection 0x14d8780011c0
x3104c0s13b1n0:10233:16131 [1] NCCL INFO Channel 02/1 : 1[46000] -> 5[46000] [receive] via NET/IB/1/Shared
