x3004c0s25b0n0:9583:10603 [3] NCCL INFO Channel 03/0 : 11[c7000] -> 13[46000] [send] via NET/IB/0
x3004c0s25b0n0:9583:10771 [3] NCCL INFO transport/net_ib.cc:596 Ib Alloc Size 26560 pointer 0x14f918020000
x3004c0s25b0n0:9571:10770 [1] NCCL INFO transport/net_ib.cc:683 Ib Alloc Size 21688 pointer 0x14e70009f000
x3004c0s25b0n0:9571:10770 [1] NCCL INFO transport/net_ib.cc:696 Ib Alloc Size 552 pointer 0x14e7000a6000
x3004c0s25b0n0:9583:10771 [3] NCCL INFO NET/IB: Dev 1 Port 1 qpn 12787 mtu 5 GID 0 (80FE/9F0100FEFF000000)
x3004c0s25b0n0:9583:10771 [3] NCCL INFO transport/net_ib.cc:653 Ib Alloc Size 552 pointer 0x14f918042000
x3004c0s25b0n0:9583:10771 [3] NCCL INFO transport/net.cc:571 Cuda Host Alloc Size 9641984 pointer 0x14f910c00000
x3004c0s25b0n0:9583:10771 [3] NCCL INFO Mem Realloc old size 0, new size 768 pointer 0x14f91802f0a0
x3004c0s25b0n0:9583:10771 [3] NCCL INFO transport/net_ib.cc:596 Ib Alloc Size 26560 pointer 0x14f918044000
x3004c0s25b0n0:9575:10773 [2] NCCL INFO New proxy recv connection 6 from local rank 2, transport 0
x3004c0s25b0n0:9571:10770 [1] NCCL INFO transport/net_ib.cc:771 Ib Alloc Size 552 pointer 0x14e7000c1000
x3004c0s25b0n0:9571:10770 [1] NCCL INFO transport/net.cc:698 Cuda Host Alloc Size 9641984 pointer 0x14e6fc000000
x3004c0s25b0n0:9583:10771 [3] NCCL INFO NET/IB: Dev 0 Port 1 qpn 12800 mtu 5 GID 0 (80FE/FC0100FEFF000000)
x3004c0s25b0n0:9583:10771 [3] NCCL INFO transport/net_ib.cc:653 Ib Alloc Size 552 pointer 0x14f918065000
x3004c0s25b0n0:9583:10771 [3] NCCL INFO transport/net.cc:571 Cuda Host Alloc Size 9641984 pointer 0x14f911600000
x3004c0s25b0n0:9583:10771 [3] NCCL INFO Mem Realloc old size 0, new size 768 pointer 0x14f9180521f0
x3004c0s25b0n0:9571:10602 [1] NCCL INFO Channel 00/0 : 9[46000] -> 8[7000] via P2P/IPC/read
x3004c0s25b0n0:9571:10770 [1] NCCL INFO New proxy send connection 4 from local rank 1, transport 0
x3004c0s25b0n0:9583:10771 [3] NCCL INFO transport/net_ib.cc:596 Ib Alloc Size 26560 pointer 0x14f918067000
x3004c0s25b0n0:9575:10605 [2] NCCL INFO Connection to proxy localRank 2 -> connection 0x1501f8000e00
x3004c0s25b0n0:9575:10773 [2] NCCL INFO transport/p2p.cc:449 Cuda Alloc Size 6291456 pointer 0x1501f7800000
x3004c0s25b0n0:9583:10771 [3] NCCL INFO NET/IB: Dev 1 Port 1 qpn 12788 mtu 5 GID 0 (80FE/9F0100FEFF000000)
x3004c0s25b0n0:9583:10771 [3] NCCL INFO transport/net_ib.cc:653 Ib Alloc Size 552 pointer 0x14f91807e000
x3004c0s25b0n0:9583:10771 [3] NCCL INFO transport/net.cc:571 Cuda Host Alloc Size 9641984 pointer 0x14f90e000000
x3004c0s25b0n0:9571:10602 [1] NCCL INFO Connection to proxy localRank 1 -> connection 0x14e700000d80
x3004c0s25b0n0:9571:10770 [1] NCCL INFO transport/p2p.cc:430 Cuda Alloc Size 6291456 pointer 0x14e6fca00000
x3004c0s25b0n0:9571:10602 [1] NCCL INFO Channel 01/0 : 9[46000] -> 8[7000] via P2P/IPC/read
x3004c0s25b0n0:9571:10770 [1] NCCL INFO New proxy send connection 5 from local rank 1, transport 0
x3004c0s25b0n0:9583:10771 [3] NCCL INFO transport/net_ib.cc:596 Ib Alloc Size 26560 pointer 0x14f918080000
x3004c0s25b0n0:9583:10771 [3] NCCL INFO NET/IB: Dev 0 Port 1 qpn 12802 mtu 5 GID 0 (80FE/FC0100FEFF000000)
x3004c0s25b0n0:9583:10771 [3] NCCL INFO transport/net_ib.cc:653 Ib Alloc Size 552 pointer 0x14f918097000
x3004c0s25b0n0:9583:10771 [3] NCCL INFO transport/net.cc:571 Cuda Host Alloc Size 9641984 pointer 0x14f90ea00000
x3004c0s25b0n0:9575:10773 [2] NCCL INFO New proxy recv connection 7 from local rank 2, transport 0
x3004c0s25b0n0:9575:10605 [2] NCCL INFO Connection to proxy localRank 2 -> connection 0x1501f8000e40
x3004c0s25b0n0:9575:10773 [2] NCCL INFO transport/p2p.cc:449 Cuda Alloc Size 6291456 pointer 0x1501f4000000
x3004c0s25b0n0:9583:10603 [3] NCCL INFO Connected all rings
x3004c0s25b0n0:9583:10603 [3] NCCL INFO Channel 00/0 : 11[c7000] -> 10[85000] via P2P/IPC/read
x3004c0s25b0n0:9583:10771 [3] NCCL INFO New proxy send connection 8 from local rank 3, transport 0
x3004c0s25b0n0:9571:10602 [1] NCCL INFO Connection to proxy localRank 1 -> connection 0x14e700000dc0
x3004c0s25b0n0:9571:10770 [1] NCCL INFO transport/p2p.cc:430 Cuda Alloc Size 6291456 pointer 0x14e6fd000000
x3004c0s25b0n0:9575:10605 [2] NCCL INFO Connected all rings
x3004c0s25b0n0:9575:10773 [2] NCCL INFO New proxy recv connection 8 from local rank 2, transport 0
x3004c0s25b0n0:9570:10769 [0] NCCL INFO New proxy recv connection 4 from local rank 0, transport 0
x3004c0s25b0n0:9583:10603 [3] NCCL INFO Connection to proxy localRank 3 -> connection 0x14f918000e80
x3004c0s25b0n0:9583:10771 [3] NCCL INFO transport/p2p.cc:430 Cuda Alloc Size 6291456 pointer 0x14f90f400000
x3004c0s25b0n0:9571:10602 [1] NCCL INFO Channel 02/0 : 9[46000] -> 8[7000] via P2P/IPC/read
x3004c0s25b0n0:9571:10770 [1] NCCL INFO New proxy send connection 6 from local rank 1, transport 0
x3004c0s25b0n0:9583:10603 [3] NCCL INFO Channel 01/0 : 11[c7000] -> 10[85000] via P2P/IPC/read
x3004c0s25b0n0:9583:10771 [3] NCCL INFO New proxy send connection 9 from local rank 3, transport 0
x3004c0s25b0n0:9575:10605 [2] NCCL INFO Connection to proxy localRank 2 -> connection 0x1501f8000e80
x3004c0s25b0n0:9575:10773 [2] NCCL INFO transport/p2p.cc:449 Cuda Alloc Size 6291456 pointer 0x1501f2000000
x3004c0s25b0n0:9571:10602 [1] NCCL INFO Connection to proxy localRank 1 -> connection 0x14e700000e00
x3004c0s25b0n0:9571:10770 [1] NCCL INFO transport/p2p.cc:430 Cuda Alloc Size 6291456 pointer 0x14e6fd600000
x3004c0s25b0n0:9570:10604 [0] NCCL INFO Connection to proxy localRank 0 -> connection 0x14b0c4000d80
x3004c0s25b0n0:9570:10769 [0] NCCL INFO transport/p2p.cc:449 Cuda Alloc Size 6291456 pointer 0x14b0bcc00000
x3004c0s25b0n0:9575:10773 [2] NCCL INFO New proxy recv connection 9 from local rank 2, transport 0
x3004c0s25b0n0:9570:10769 [0] NCCL INFO New proxy recv connection 5 from local rank 0, transport 0
x3004c0s25b0n0:9583:10603 [3] NCCL INFO Connection to proxy localRank 3 -> connection 0x14f918000ec0
x3004c0s25b0n0:9583:10771 [3] NCCL INFO transport/p2p.cc:430 Cuda Alloc Size 6291456 pointer 0x14f90fa00000
x3004c0s25b0n0:9571:10602 [1] NCCL INFO Channel 03/0 : 9[46000] -> 8[7000] via P2P/IPC/read
x3004c0s25b0n0:9571:10770 [1] NCCL INFO New proxy send connection 7 from local rank 1, transport 0
x3004c0s25b0n0:9575:10605 [2] NCCL INFO Connection to proxy localRank 2 -> connection 0x1501f8000ec0
x3004c0s25b0n0:9575:10773 [2] NCCL INFO transport/p2p.cc:449 Cuda Alloc Size 6291456 pointer 0x1501f2600000
x3004c0s25b0n0:9571:10602 [1] NCCL INFO Connection to proxy localRank 1 -> connection 0x14e700000e40
x3004c0s25b0n0:9571:10770 [1] NCCL INFO transport/p2p.cc:430 Cuda Alloc Size 6291456 pointer 0x14e70fa00000
x3004c0s25b0n0:9570:10604 [0] NCCL INFO Connection to proxy localRank 0 -> connection 0x14b0c4000dc0
x3004c0s25b0n0:9570:10769 [0] NCCL INFO transport/p2p.cc:449 Cuda Alloc Size 6291456 pointer 0x14b0bd200000
x3004c0s25b0n0:9583:10603 [3] NCCL INFO Channel 02/0 : 11[c7000] -> 10[85000] via P2P/IPC/read
x3004c0s25b0n0:9583:10771 [3] NCCL INFO New proxy send connection 10 from local rank 3, transport 0
x3004c0s25b0n0:9575:10773 [2] NCCL INFO New proxy recv connection 10 from local rank 2, transport 0
x3004c0s25b0n0:9583:10603 [3] NCCL INFO Connection to proxy localRank 3 -> connection 0x14f918000f00
x3004c0s25b0n0:9570:10769 [0] NCCL INFO New proxy recv connection 6 from local rank 0, transport 0
x3004c0s25b0n0:9575:10605 [2] NCCL INFO Connection to proxy localRank 2 -> connection 0x1501f8000f00
x3004c0s25b0n0:9575:10773 [2] NCCL INFO transport/p2p.cc:449 Cuda Alloc Size 6291456 pointer 0x1501f2c00000
x3004c0s25b0n0:9583:10771 [3] NCCL INFO transport/p2p.cc:430 Cuda Alloc Size 6291456 pointer 0x14f906000000
x3004c0s25b0n0:9583:10603 [3] NCCL INFO Channel 03/0 : 11[c7000] -> 10[85000] via P2P/IPC/read
x3004c0s25b0n0:9583:10771 [3] NCCL INFO New proxy send connection 11 from local rank 3, transport 0
x3004c0s25b0n0:9570:10604 [0] NCCL INFO Connection to proxy localRank 0 -> connection 0x14b0c4000e00
x3004c0s25b0n0:9570:10769 [0] NCCL INFO transport/p2p.cc:449 Cuda Alloc Size 6291456 pointer 0x14b0bd800000
x3004c0s25b0n0:9575:10773 [2] NCCL INFO New proxy recv connection 11 from local rank 2, transport 0
x3004c0s25b0n0:9570:10769 [0] NCCL INFO New proxy recv connection 7 from local rank 0, transport 0
x3004c0s25b0n0:9583:10603 [3] NCCL INFO Connection to proxy localRank 3 -> connection 0x14f918000f40
x3004c0s25b0n0:9583:10771 [3] NCCL INFO transport/p2p.cc:430 Cuda Alloc Size 6291456 pointer 0x14f906600000
x3004c0s25b0n0:9570:10604 [0] NCCL INFO Connection to proxy localRank 0 -> connection 0x14b0c4000e40
x3004c0s25b0n0:9570:10769 [0] NCCL INFO transport/p2p.cc:449 Cuda Alloc Size 6291456 pointer 0x14b0ba000000
x3004c0s25b0n0:9575:10605 [2] NCCL INFO Connection to proxy localRank 2 -> connection 0x1501f8000f40
x3004c0s25b0n0:9575:10773 [2] NCCL INFO transport/p2p.cc:449 Cuda Alloc Size 6291456 pointer 0x1501f3200000
x3004c0s25b0n0:9570:10604 [0] NCCL INFO Connected all rings
x3004c0s25b0n0:9570:10604 [0] NCCL INFO Channel 00/0 : 8[7000] -> 9[46000] via P2P/IPC/read
x3004c0s25b0n0:9570:10769 [0] NCCL INFO New proxy send connection 8 from local rank 0, transport 0
x3004c0s25b0n0:9571:10602 [1] NCCL INFO Connected all rings
x3004c0s25b0n0:9571:10770 [1] NCCL INFO New proxy recv connection 8 from local rank 1, transport 0
x3004c0s25b0n0:9570:10604 [0] NCCL INFO Connection to proxy localRank 0 -> connection 0x14b0c4000e80
x3004c0s25b0n0:9570:10769 [0] NCCL INFO transport/p2p.cc:430 Cuda Alloc Size 6291456 pointer 0x14b0b8000000
x3004c0s25b0n0:9571:10602 [1] NCCL INFO Connection to proxy localRank 1 -> connection 0x14e700000e80
x3004c0s25b0n0:9571:10770 [1] NCCL INFO transport/p2p.cc:449 Cuda Alloc Size 6291456 pointer 0x14e6fb800000
x3004c0s25b0n0:9570:10604 [0] NCCL INFO Channel 01/0 : 8[7000] -> 9[46000] via P2P/IPC/read
x3004c0s25b0n0:9570:10769 [0] NCCL INFO New proxy send connection 9 from local rank 0, transport 0
x3004c0s25b0n0:9570:10604 [0] NCCL INFO Connection to proxy localRank 0 -> connection 0x14b0c4000ec0
x3004c0s25b0n0:9570:10769 [0] NCCL INFO transport/p2p.cc:430 Cuda Alloc Size 6291456 pointer 0x14b0b8600000
x3004c0s25b0n0:9571:10770 [1] NCCL INFO New proxy recv connection 9 from local rank 1, transport 0
x3004c0s25b0n0:9570:10604 [0] NCCL INFO Channel 02/0 : 8[7000] -> 9[46000] via P2P/IPC/read
x3004c0s25b0n0:9570:10769 [0] NCCL INFO New proxy send connection 10 from local rank 0, transport 0
x3004c0s25b0n0:9571:10602 [1] NCCL INFO Connection to proxy localRank 1 -> connection 0x14e700000ec0
x3004c0s25b0n0:9571:10770 [1] NCCL INFO transport/p2p.cc:449 Cuda Alloc Size 6291456 pointer 0x14e6f8000000
x3004c0s25b0n0:9570:10604 [0] NCCL INFO Connection to proxy localRank 0 -> connection 0x14b0c4000f00
x3004c0s25b0n0:9570:10769 [0] NCCL INFO transport/p2p.cc:430 Cuda Alloc Size 6291456 pointer 0x14b0b8c00000
x3004c0s25b0n0:9570:10604 [0] NCCL INFO Channel 03/0 : 8[7000] -> 9[46000] via P2P/IPC/read
x3004c0s25b0n0:9570:10769 [0] NCCL INFO New proxy send connection 11 from local rank 0, transport 0
x3004c0s25b0n0:9571:10770 [1] NCCL INFO New proxy recv connection 10 from local rank 1, transport 0
x3004c0s25b0n0:9571:10602 [1] NCCL INFO Connection to proxy localRank 1 -> connection 0x14e700000f00
x3004c0s25b0n0:9571:10770 [1] NCCL INFO transport/p2p.cc:449 Cuda Alloc Size 6291456 pointer 0x14e6f8600000
x3004c0s25b0n0:9570:10604 [0] NCCL INFO Connection to proxy localRank 0 -> connection 0x14b0c4000f40
x3004c0s25b0n0:9570:10769 [0] NCCL INFO transport/p2p.cc:430 Cuda Alloc Size 6291456 pointer 0x14b0b9200000
x3004c0s25b0n0:9571:10770 [1] NCCL INFO New proxy recv connection 11 from local rank 1, transport 0
x3004c0s25b0n0:9571:10602 [1] NCCL INFO Connection to proxy localRank 1 -> connection 0x14e700000f40
x3004c0s25b0n0:9571:10770 [1] NCCL INFO transport/p2p.cc:449 Cuda Alloc Size 6291456 pointer 0x14e6f8c00000
x3004c0s25b0n0:9571:10602 [1] NCCL INFO Channel 00/0 : 9[46000] -> 10[85000] via P2P/IPC/read
x3004c0s25b0n0:9571:10770 [1] NCCL INFO New proxy send connection 12 from local rank 1, transport 0
x3004c0s25b0n0:9571:10602 [1] NCCL INFO Connection to proxy localRank 1 -> connection 0x14e700000f80
x3004c0s25b0n0:9571:10770 [1] NCCL INFO transport/p2p.cc:430 Cuda Alloc Size 6291456 pointer 0x14e6f9200000
x3004c0s25b0n0:9571:10602 [1] NCCL INFO Channel 01/0 : 9[46000] -> 10[85000] via P2P/IPC/read
x3004c0s25b0n0:9571:10770 [1] NCCL INFO New proxy send connection 13 from local rank 1, transport 0
x3004c0s25b0n0:9571:10602 [1] NCCL INFO Connection to proxy localRank 1 -> connection 0x14e700000fc0
x3004c0s25b0n0:9571:10770 [1] NCCL INFO transport/p2p.cc:430 Cuda Alloc Size 6291456 pointer 0x14e6f9800000
x3004c0s25b0n0:9571:10602 [1] NCCL INFO Channel 02/0 : 9[46000] -> 10[85000] via P2P/IPC/read
x3004c0s25b0n0:9571:10770 [1] NCCL INFO New proxy send connection 14 from local rank 1, transport 0
x3004c0s25b0n0:9571:10602 [1] NCCL INFO Connection to proxy localRank 1 -> connection 0x14e700001000
x3004c0s25b0n0:9571:10770 [1] NCCL INFO transport/p2p.cc:430 Cuda Alloc Size 6291456 pointer 0x14e6f6000000
x3004c0s25b0n0:9571:10602 [1] NCCL INFO Channel 03/0 : 9[46000] -> 10[85000] via P2P/IPC/read
x3004c0s25b0n0:9571:10770 [1] NCCL INFO New proxy send connection 15 from local rank 1, transport 0
x3004c0s25b0n0:9571:10602 [1] NCCL INFO Connection to proxy localRank 1 -> connection 0x14e700001040
x3004c0s25b0n0:9571:10770 [1] NCCL INFO transport/p2p.cc:430 Cuda Alloc Size 6291456 pointer 0x14e6f6600000
x3004c0s25b0n0:9571:10602 [1] NCCL INFO GPU Direct RDMA Disabled for GPU 46000 / HCA 1 (distance 6 > 4)
x3004c0s25b0n0:9575:10773 [2] NCCL INFO New proxy recv connection 12 from local rank 2, transport 0
x3004c0s25b0n0:9571:10770 [1] NCCL INFO New proxy recv connection 16 from local rank 1, transport 2
x3004c0s25b0n0:9570:10604 [0] NCCL INFO GPU Direct RDMA Disabled for GPU 7000 / HCA 1 (distance 7 > 4)
x3004c0s25b0n0:9570:10769 [0] NCCL INFO Allocated 4194656 bytes of shared memory in /dev/shm/nccl-ClQWPP

x3004c0s25b0n0:9570:10769 [0] NCCL INFO New proxy send connection 12 from local rank 0, transport 2
x3004c0s25b0n0:9570:10604 [0] NCCL INFO Connection to proxy localRank 0 -> connection 0x14b0c4000f80
x3004c0s25b0n0:9575:10605 [2] NCCL INFO Connection to proxy localRank 2 -> connection 0x1501f8000f80
x3004c0s25b0n0:9575:10773 [2] NCCL INFO transport/p2p.cc:449 Cuda Alloc Size 6291456 pointer 0x1501f1200000
x3004c0s25b0n0:9570:10604 [0] NCCL INFO Channel 00/0 : 8[7000] -> 12[7000] [send] via NET/IB/1
x3004c0s25b0n0:9570:10604 [0] NCCL INFO GPU Direct RDMA Disabled for GPU 7000 / HCA 0 (distance 7 > 4)
x3004c0s25b0n0:9570:10769 [0] NCCL INFO New proxy send connection 13 from local rank 0, transport 2
x3004c0s25b0n0:9571:10602 [1] NCCL INFO Connection to proxy localRank 1 -> connection 0x14e700001080
x3004c0s25b0n0:9575:10773 [2] NCCL INFO New proxy recv connection 13 from local rank 2, transport 0
x3004c0s25b0n0:9570:10604 [0] NCCL INFO Connection to proxy localRank 0 -> connection 0x14b0c4000fc0
x3004c0s25b0n0:9570:10604 [0] NCCL INFO Channel 01/0 : 8[7000] -> 12[7000] [send] via NET/IB/0
x3004c0s25b0n0:9571:10602 [1] NCCL INFO Channel 00/0 : 4[7000] -> 9[46000] [receive] via NET/IB/1
x3004c0s25b0n0:9571:10602 [1] NCCL INFO GPU Direct RDMA Disabled for GPU 46000 / HCA 0 (distance 7 > 4)
x3004c0s25b0n0:9571:10770 [1] NCCL INFO New proxy recv connection 17 from local rank 1, transport 2
x3004c0s25b0n0:9575:10605 [2] NCCL INFO Connection to proxy localRank 2 -> connection 0x1501f8000fc0
x3004c0s25b0n0:9575:10773 [2] NCCL INFO transport/p2p.cc:449 Cuda Alloc Size 6291456 pointer 0x1501f1800000
x3004c0s25b0n0:9575:10773 [2] NCCL INFO New proxy recv connection 14 from local rank 2, transport 0
x3004c0s25b0n0:9575:10605 [2] NCCL INFO Connection to proxy localRank 2 -> connection 0x1501f8001000
x3004c0s25b0n0:9575:10773 [2] NCCL INFO transport/p2p.cc:449 Cuda Alloc Size 6291456 pointer 0x1501ee000000
x3004c0s25b0n0:9571:10602 [1] NCCL INFO Connection to proxy localRank 1 -> connection 0x14e7000010c0
x3004c0s25b0n0:9575:10773 [2] NCCL INFO New proxy recv connection 15 from local rank 2, transport 0
x3004c0s25b0n0:9571:10602 [1] NCCL INFO Channel 01/0 : 4[7000] -> 9[46000] [receive] via NET/IB/0
x3004c0s25b0n0:9575:10605 [2] NCCL INFO Connection to proxy localRank 2 -> connection 0x1501f8001040
x3004c0s25b0n0:9575:10773 [2] NCCL INFO transport/p2p.cc:449 Cuda Alloc Size 6291456 pointer 0x1501ee600000
x3004c0s25b0n0:9570:10769 [0] NCCL INFO transport/net_ib.cc:596 Ib Alloc Size 26560 pointer 0x14b0c401b000
x3004c0s25b0n0:9570:10769 [0] NCCL INFO NET/IB: Dev 1 Port 1 qpn 12789 mtu 5 GID 0 (80FE/9F0100FEFF000000)
x3004c0s25b0n0:9570:10769 [0] NCCL INFO transport/net_ib.cc:653 Ib Alloc Size 552 pointer 0x14b0c403d000
x3004c0s25b0n0:9570:10769 [0] NCCL INFO transport/net.cc:571 Cuda Host Alloc Size 9641984 pointer 0x14b0b7200000
x3004c0s25b0n0:9570:10769 [0] NCCL INFO Mem Realloc old size 0, new size 768 pointer 0x14b0c403c3b0
x3004c0s25b0n0:9570:10769 [0] NCCL INFO transport/net_ib.cc:596 Ib Alloc Size 26560 pointer 0x14b0c403f000
x3004c0s25b0n0:9575:10605 [2] NCCL INFO Channel 00/0 : 10[85000] -> 9[46000] via P2P/IPC/read
x3004c0s25b0n0:9575:10773 [2] NCCL INFO New proxy send connection 16 from local rank 2, transport 0
x3004c0s25b0n0:9570:10769 [0] NCCL INFO NET/IB: Dev 0 Port 1 qpn 12803 mtu 5 GID 0 (80FE/FC0100FEFF000000)
x3004c0s25b0n0:9570:10769 [0] NCCL INFO transport/net_ib.cc:653 Ib Alloc Size 552 pointer 0x14b0c4060000
x3004c0s25b0n0:9570:10769 [0] NCCL INFO transport/net.cc:571 Cuda Host Alloc Size 9641984 pointer 0x14b0ae000000
x3004c0s25b0n0:9570:10769 [0] NCCL INFO Mem Realloc old size 0, new size 768 pointer 0x14b0c40468c0
x3004c0s25b0n0:9570:10604 [0] NCCL INFO GPU Direct RDMA Disabled for GPU 7000 / HCA 1 (distance 7 > 4)
x3004c0s25b0n0:9570:10769 [0] NCCL INFO New proxy send connection 14 from local rank 0, transport 2
x3004c0s25b0n0:9575:10605 [2] NCCL INFO Connection to proxy localRank 2 -> connection 0x1501f8001080
x3004c0s25b0n0:9575:10773 [2] NCCL INFO transport/p2p.cc:430 Cuda Alloc Size 6291456 pointer 0x1501eec00000
x3004c0s25b0n0:9575:10605 [2] NCCL INFO Channel 01/0 : 10[85000] -> 9[46000] via P2P/IPC/read
x3004c0s25b0n0:9575:10773 [2] NCCL INFO New proxy send connection 17 from local rank 2, transport 0
x3004c0s25b0n0:9570:10604 [0] NCCL INFO Connection to proxy localRank 0 -> connection 0x14b0c4001000
x3004c0s25b0n0:9570:10604 [0] NCCL INFO Channel 02/0 : 8[7000] -> 13[46000] [send] via NET/IB/1
x3004c0s25b0n0:9570:10604 [0] NCCL INFO GPU Direct RDMA Disabled for GPU 7000 / HCA 0 (distance 7 > 4)
x3004c0s25b0n0:9570:10769 [0] NCCL INFO New proxy send connection 15 from local rank 0, transport 2
x3004c0s25b0n0:9575:10605 [2] NCCL INFO Connection to proxy localRank 2 -> connection 0x1501f80010c0
x3004c0s25b0n0:9575:10773 [2] NCCL INFO transport/p2p.cc:430 Cuda Alloc Size 6291456 pointer 0x1501ef200000
x3004c0s25b0n0:9570:10604 [0] NCCL INFO Connection to proxy localRank 0 -> connection 0x14b0c4001040
x3004c0s25b0n0:9570:10604 [0] NCCL INFO Channel 03/0 : 8[7000] -> 13[46000] [send] via NET/IB/0
x3004c0s25b0n0:9570:10769 [0] NCCL INFO transport/net_ib.cc:596 Ib Alloc Size 26560 pointer 0x14b0c406c000
x3004c0s25b0n0:9570:10769 [0] NCCL INFO NET/IB: Dev 1 Port 1 qpn 12790 mtu 5 GID 0 (80FE/9F0100FEFF000000)
x3004c0s25b0n0:9570:10769 [0] NCCL INFO transport/net_ib.cc:653 Ib Alloc Size 552 pointer 0x14b0c4083000
x3004c0s25b0n0:9570:10769 [0] NCCL INFO transport/net.cc:571 Cuda Host Alloc Size 9641984 pointer 0x14b0aea00000
x3004c0s25b0n0:9575:10605 [2] NCCL INFO Channel 02/0 : 10[85000] -> 9[46000] via P2P/IPC/read
x3004c0s25b0n0:9575:10773 [2] NCCL INFO New proxy send connection 18 from local rank 2, transport 0
x3004c0s25b0n0:9575:10605 [2] NCCL INFO Connection to proxy localRank 2 -> connection 0x1501f8001100
x3004c0s25b0n0:9575:10773 [2] NCCL INFO transport/p2p.cc:430 Cuda Alloc Size 6291456 pointer 0x1501ef800000
x3004c0s25b0n0:9570:10769 [0] NCCL INFO transport/net_ib.cc:596 Ib Alloc Size 26560 pointer 0x14b0c4085000
x3004c0s25b0n0:9575:10605 [2] NCCL INFO Channel 03/0 : 10[85000] -> 9[46000] via P2P/IPC/read
x3004c0s25b0n0:9575:10773 [2] NCCL INFO New proxy send connection 19 from local rank 2, transport 0
x3004c0s25b0n0:9570:10769 [0] NCCL INFO NET/IB: Dev 0 Port 1 qpn 12804 mtu 5 GID 0 (80FE/FC0100FEFF000000)
x3004c0s25b0n0:9570:10769 [0] NCCL INFO transport/net_ib.cc:653 Ib Alloc Size 552 pointer 0x14b0c409c000
x3004c0s25b0n0:9570:10769 [0] NCCL INFO transport/net.cc:571 Cuda Host Alloc Size 9641984 pointer 0x14b0af400000
x3004c0s25b0n0:9575:10605 [2] NCCL INFO Connection to proxy localRank 2 -> connection 0x1501f8001140
x3004c0s25b0n0:9575:10773 [2] NCCL INFO transport/p2p.cc:430 Cuda Alloc Size 6291456 pointer 0x1501ec000000
x3004c0s25b0n0:9583:10603 [3] NCCL INFO Connected all trees by HAO
x3004c0s25b0n0:9583:10603 [3] NCCL INFO threadThresholds 8/8/64 | 160/8/64 | 512 | 512
x3004c0s25b0n0:9583:10603 [3] NCCL INFO 4 coll channels, 4 p2p channels, 2 p2p channels per peer
x3004c0s25b0n0:9583:10771 [3] NCCL INFO New proxy send connection 12 from local rank 3, transport 2
x3004c0s25b0n0:9570:10604 [0] NCCL INFO GPU Direct RDMA Disabled for GPU 7000 / HCA 1 (distance 7 > 4)
x3004c0s25b0n0:9570:10769 [0] NCCL INFO New proxy send connection 16 from local rank 0, transport 2
x3004c0s25b0n0:9583:10603 [3] NCCL INFO Connection to proxy localRank 3 -> connection 0x14f918000f80
x3004c0s25b0n0:9583:10771 [3] NCCL INFO transport/net.cc:376 Cuda Alloc Size 8388608 pointer 0x14f904600000
x3004c0s25b0n0:9570:10604 [0] NCCL INFO Connection to proxy localRank 0 -> connection 0x14b0c4001080
x3004c0s25b0n0:9570:10604 [0] NCCL INFO Channel 00/0 : 8[7000] -> 17[46000] [send] via NET/IB/1
x3004c0s25b0n0:9570:10604 [0] NCCL INFO GPU Direct RDMA Disabled for GPU 7000 / HCA 0 (distance 7 > 4)
x3004c0s25b0n0:9570:10769 [0] NCCL INFO New proxy send connection 17 from local rank 0, transport 2
x3004c0s25b0n0:9570:10604 [0] NCCL INFO Connection to proxy localRank 0 -> connection 0x14b0c40010c0
x3004c0s25b0n0:9570:10604 [0] NCCL INFO Channel 01/0 : 8[7000] -> 17[46000] [send] via NET/IB/0
x3004c0s25b0n0:9570:10769 [0] NCCL INFO transport/net_ib.cc:596 Ib Alloc Size 26560 pointer 0x14b0c40a8000
x3004c0s25b0n0:9570:10769 [0] NCCL INFO NET/IB: Dev 1 Port 1 qpn 12791 mtu 5 GID 0 (80FE/9F0100FEFF000000)
x3004c0s25b0n0:9570:10769 [0] NCCL INFO transport/net_ib.cc:653 Ib Alloc Size 552 pointer 0x14b0c40bf000
x3004c0s25b0n0:9570:10769 [0] NCCL INFO transport/net.cc:571 Cuda Host Alloc Size 9641984 pointer 0x14b0ac000000
x3004c0s25b0n0:9570:10769 [0] NCCL INFO transport/net_ib.cc:596 Ib Alloc Size 26560 pointer 0x14b0c40c1000
x3004c0s25b0n0:9570:10769 [0] NCCL INFO NET/IB: Dev 0 Port 1 qpn 12805 mtu 5 GID 0 (80FE/FC0100FEFF000000)
x3004c0s25b0n0:9570:10769 [0] NCCL INFO transport/net_ib.cc:653 Ib Alloc Size 552 pointer 0x14b0c40d8000
x3004c0s25b0n0:9570:10769 [0] NCCL INFO transport/net.cc:571 Cuda Host Alloc Size 9641984 pointer 0x14b0aca00000
x3004c0s25b0n0:9570:10604 [0] NCCL INFO GPU Direct RDMA Disabled for GPU 7000 / HCA 1 (distance 7 > 4)
x3004c0s25b0n0:9570:10769 [0] NCCL INFO New proxy recv connection 18 from local rank 0, transport 2
x3004c0s25b0n0:9570:10604 [0] NCCL INFO Connection to proxy localRank 0 -> connection 0x14b0c4001100
x3004c0s25b0n0:9571:10770 [1] NCCL INFO transport/net_ib.cc:683 Ib Alloc Size 21688 pointer 0x14e7000d2000
x3004c0s25b0n0:9571:10770 [1] NCCL INFO transport/net_ib.cc:696 Ib Alloc Size 552 pointer 0x14e700019000
x3004c0s25b0n0:9571:10770 [1] NCCL INFO transport/net_ib.cc:771 Ib Alloc Size 552 pointer 0x14e7000f2000
x3004c0s25b0n0:9571:10770 [1] NCCL INFO transport/net.cc:698 Cuda Host Alloc Size 9641984 pointer 0x14e6f2000000
x3004c0s25b0n0:9570:10604 [0] NCCL INFO Channel 00/0 : 17[46000] -> 8[7000] [receive] via NET/IB/1
x3004c0s25b0n0:9570:10604 [0] NCCL INFO GPU Direct RDMA Disabled for GPU 7000 / HCA 0 (distance 7 > 4)
x3004c0s25b0n0:9570:10769 [0] NCCL INFO New proxy recv connection 19 from local rank 0, transport 2
x3004c0s25b0n0:9571:10770 [1] NCCL INFO transport/net_ib.cc:683 Ib Alloc Size 21688 pointer 0x14e7000f4000
x3004c0s25b0n0:9571:10770 [1] NCCL INFO transport/net_ib.cc:696 Ib Alloc Size 552 pointer 0x14e7000fb000
x3004c0s25b0n0:9570:10604 [0] NCCL INFO Connection to proxy localRank 0 -> connection 0x14b0c4001140
x3004c0s25b0n0:9570:10604 [0] NCCL INFO Channel 01/0 : 17[46000] -> 8[7000] [receive] via NET/IB/0
x3004c0s25b0n0:9571:10770 [1] NCCL INFO transport/net_ib.cc:771 Ib Alloc Size 552 pointer 0x14e700116000
x3004c0s25b0n0:9571:10770 [1] NCCL INFO transport/net.cc:698 Cuda Host Alloc Size 9641984 pointer 0x14e6f2a00000
x3004c0s25b0n0:9571:10602 [1] NCCL INFO GPU Direct RDMA Disabled for GPU 46000 / HCA 1 (distance 6 > 4)
x3004c0s25b0n0:9571:10770 [1] NCCL INFO New proxy send connection 18 from local rank 1, transport 2
x3004c0s25b0n0:9571:10602 [1] NCCL INFO Connection to proxy localRank 1 -> connection 0x14e700001100
x3004c0s25b0n0:9571:10602 [1] NCCL INFO Channel 00/0 : 9[46000] -> 4[7000] [send] via NET/IB/1
x3004c0s25b0n0:9571:10602 [1] NCCL INFO GPU Direct RDMA Disabled for GPU 46000 / HCA 0 (distance 7 > 4)
x3004c0s25b0n0:9571:10770 [1] NCCL INFO New proxy send connection 19 from local rank 1, transport 2
x3004c0s25b0n0:9571:10602 [1] NCCL INFO Connection to proxy localRank 1 -> connection 0x14e700001140
x3004c0s25b0n0:9571:10602 [1] NCCL INFO Channel 01/0 : 9[46000] -> 4[7000] [send] via NET/IB/0
x3004c0s25b0n0:9571:10770 [1] NCCL INFO transport/net_ib.cc:596 Ib Alloc Size 26560 pointer 0x14e700122000
x3004c0s25b0n0:9571:10770 [1] NCCL INFO NET/IB: Dev 1 Port 1 qpn 12794 mtu 5 GID 0 (80FE/9F0100FEFF000000)
x3004c0s25b0n0:9571:10770 [1] NCCL INFO transport/net_ib.cc:653 Ib Alloc Size 552 pointer 0x14e700139000
x3004c0s25b0n0:9570:10769 [0] NCCL INFO transport/net_ib.cc:683 Ib Alloc Size 21688 pointer 0x14b0c40e4000
x3004c0s25b0n0:9570:10769 [0] NCCL INFO transport/net_ib.cc:696 Ib Alloc Size 552 pointer 0x14b0c40eb000
x3004c0s25b0n0:9571:10770 [1] NCCL INFO transport/net.cc:571 Cuda Host Alloc Size 9641984 pointer 0x14e6f3400000
x3004c0s25b0n0:9571:10770 [1] NCCL INFO transport/net_ib.cc:596 Ib Alloc Size 26560 pointer 0x14e70013b000
x3004c0s25b0n0:9571:10770 [1] NCCL INFO NET/IB: Dev 0 Port 1 qpn 12808 mtu 5 GID 0 (80FE/FC0100FEFF000000)
x3004c0s25b0n0:9571:10770 [1] NCCL INFO transport/net_ib.cc:653 Ib Alloc Size 552 pointer 0x14e700152000
x3004c0s25b0n0:9571:10770 [1] NCCL INFO transport/net.cc:571 Cuda Host Alloc Size 9641984 pointer 0x14e6f0000000
x3004c0s25b0n0:9570:10769 [0] NCCL INFO transport/net_ib.cc:771 Ib Alloc Size 552 pointer 0x14b0c4107000
x3004c0s25b0n0:9570:10769 [0] NCCL INFO transport/net.cc:698 Cuda Host Alloc Size 9641984 pointer 0x14b0ad400000
x3004c0s25b0n0:9571:10770 [1] NCCL INFO New proxy recv connection 20 from local rank 1, transport 0
x3004c0s25b0n0:9571:10602 [1] NCCL INFO Connection to proxy localRank 1 -> connection 0x14e700001180
x3004c0s25b0n0:9570:10769 [0] NCCL INFO transport/net_ib.cc:683 Ib Alloc Size 21688 pointer 0x14b0c4109000
x3004c0s25b0n0:9570:10769 [0] NCCL INFO transport/net_ib.cc:696 Ib Alloc Size 552 pointer 0x14b0c4110000
x3004c0s25b0n0:9570:10769 [0] NCCL INFO transport/net_ib.cc:771 Ib Alloc Size 552 pointer 0x14b0c412b000
x3004c0s25b0n0:9570:10769 [0] NCCL INFO transport/net.cc:698 Cuda Host Alloc Size 9641984 pointer 0x14b0aa000000
x3004c0s25b0n0:9570:10604 [0] NCCL INFO GPU Direct RDMA Disabled for GPU 7000 / HCA 1 (distance 7 > 4)
x3004c0s25b0n0:9571:10770 [1] NCCL INFO transport/p2p.cc:449 Cuda Alloc Size 6291456 pointer 0x14e6f0a00000
x3004c0s25b0n0:9570:10769 [0] NCCL INFO New proxy recv connection 20 from local rank 0, transport 2
x3004c0s25b0n0:9570:10604 [0] NCCL INFO Connection to proxy localRank 0 -> connection 0x14b0c4001180
x3004c0s25b0n0:9571:10770 [1] NCCL INFO New proxy recv connection 21 from local rank 1, transport 0
x3004c0s25b0n0:9570:10604 [0] NCCL INFO Channel 02/0 : 13[46000] -> 8[7000] [receive] via NET/IB/1
x3004c0s25b0n0:9570:10604 [0] NCCL INFO GPU Direct RDMA Disabled for GPU 7000 / HCA 0 (distance 7 > 4)
x3004c0s25b0n0:9570:10769 [0] NCCL INFO New proxy recv connection 21 from local rank 0, transport 2
x3004c0s25b0n0:9571:10602 [1] NCCL INFO Connection to proxy localRank 1 -> connection 0x14e7000011c0
x3004c0s25b0n0:9571:10770 [1] NCCL INFO transport/p2p.cc:449 Cuda Alloc Size 6291456 pointer 0x14e6f1000000
x3004c0s25b0n0:9570:10604 [0] NCCL INFO Connection to proxy localRank 0 -> connection 0x14b0c40011c0
x3004c0s25b0n0:9571:10770 [1] NCCL INFO New proxy recv connection 22 from local rank 1, transport 0
x3004c0s25b0n0:9570:10604 [0] NCCL INFO Channel 03/0 : 13[46000] -> 8[7000] [receive] via NET/IB/0
x3004c0s25b0n0:9570:10769 [0] NCCL INFO transport/net_ib.cc:683 Ib Alloc Size 21688 pointer 0x14b0c4137000
x3004c0s25b0n0:9570:10769 [0] NCCL INFO transport/net_ib.cc:696 Ib Alloc Size 552 pointer 0x14b0c413e000
x3004c0s25b0n0:9570:10769 [0] NCCL INFO transport/net_ib.cc:771 Ib Alloc Size 552 pointer 0x14b0c4159000
x3004c0s25b0n0:9570:10769 [0] NCCL INFO transport/net.cc:698 Cuda Host Alloc Size 9641984 pointer 0x14b0aaa00000
x3004c0s25b0n0:9570:10769 [0] NCCL INFO transport/net_ib.cc:683 Ib Alloc Size 21688 pointer 0x14b0c415b000
x3004c0s25b0n0:9570:10769 [0] NCCL INFO transport/net_ib.cc:696 Ib Alloc Size 552 pointer 0x14b0c4162000
x3004c0s25b0n0:9570:10769 [0] NCCL INFO transport/net_ib.cc:771 Ib Alloc Size 552 pointer 0x14b0c417d000
x3004c0s25b0n0:9570:10769 [0] NCCL INFO transport/net.cc:698 Cuda Host Alloc Size 9641984 pointer 0x14b0ab400000
x3004c0s25b0n0:9570:10604 [0] NCCL INFO GPU Direct RDMA Disabled for GPU 7000 / HCA 1 (distance 7 > 4)
x3004c0s25b0n0:9571:10602 [1] NCCL INFO Connection to proxy localRank 1 -> connection 0x14e700001200
x3004c0s25b0n0:9571:10770 [1] NCCL INFO transport/p2p.cc:449 Cuda Alloc Size 6291456 pointer 0x14e6f1600000
x3004c0s25b0n0:9570:10769 [0] NCCL INFO New proxy recv connection 22 from local rank 0, transport 2
x3004c0s25b0n0:9571:10770 [1] NCCL INFO New proxy recv connection 23 from local rank 1, transport 0
x3004c0s25b0n0:9570:10604 [0] NCCL INFO Connection to proxy localRank 0 -> connection 0x14b0c4001200
x3004c0s25b0n0:9570:10604 [0] NCCL INFO Channel 00/0 : 12[7000] -> 8[7000] [receive] via NET/IB/1
x3004c0s25b0n0:9570:10604 [0] NCCL INFO GPU Direct RDMA Disabled for GPU 7000 / HCA 0 (distance 7 > 4)
x3004c0s25b0n0:9570:10769 [0] NCCL INFO New proxy recv connection 23 from local rank 0, transport 2
x3004c0s25b0n0:9571:10602 [1] NCCL INFO Connection to proxy localRank 1 -> connection 0x14e700001240
x3004c0s25b0n0:9571:10770 [1] NCCL INFO transport/p2p.cc:449 Cuda Alloc Size 6291456 pointer 0x14e6ee000000
x3004c0s25b0n0:9570:10604 [0] NCCL INFO Connection to proxy localRank 0 -> connection 0x14b0c4001240
x3004c0s25b0n0:9570:10604 [0] NCCL INFO Channel 01/0 : 12[7000] -> 8[7000] [receive] via NET/IB/0
x3004c0s25b0n0:9571:10602 [1] NCCL INFO Connected all trees by HAO
x3004c0s25b0n0:9571:10602 [1] NCCL INFO threadThresholds 8/8/64 | 160/8/64 | 512 | 512
x3004c0s25b0n0:9571:10602 [1] NCCL INFO 4 coll channels, 4 p2p channels, 2 p2p channels per peer
x3004c0s25b0n0:9571:10770 [1] NCCL INFO New proxy send connection 24 from local rank 1, transport 2
x3004c0s25b0n0:9575:10605 [2] NCCL INFO Connected all trees by HAO
x3004c0s25b0n0:9575:10605 [2] NCCL INFO threadThresholds 8/8/64 | 160/8/64 | 512 | 512
x3004c0s25b0n0:9575:10605 [2] NCCL INFO 4 coll channels, 4 p2p channels, 2 p2p channels per peer
x3004c0s25b0n0:9575:10773 [2] NCCL INFO Allocated 4194656 bytes of shared memory in /dev/shm/nccl-Ur9eld

x3004c0s25b0n0:9575:10773 [2] NCCL INFO New proxy send connection 20 from local rank 2, transport 2
x3004c0s25b0n0:9571:10602 [1] NCCL INFO Connection to proxy localRank 1 -> connection 0x14e700001280
x3004c0s25b0n0:9575:10605 [2] NCCL INFO Connection to proxy localRank 2 -> connection 0x1501f8001180
x3004c0s25b0n0:9570:10769 [0] NCCL INFO transport/net_ib.cc:683 Ib Alloc Size 21688 pointer 0x14b0c4189000
x3004c0s25b0n0:9570:10769 [0] NCCL INFO transport/net_ib.cc:696 Ib Alloc Size 552 pointer 0x14b0c4190000
x3004c0s25b0n0:9575:10773 [2] NCCL INFO transport/net.cc:376 Cuda Alloc Size 8388608 pointer 0x1501eb800000
x3004c0s25b0n0:9571:10770 [1] NCCL INFO transport/net.cc:376 Cuda Alloc Size 8388608 pointer 0x14e6ec000000
x3004c0s25b0n0:9570:10769 [0] NCCL INFO transport/net_ib.cc:771 Ib Alloc Size 552 pointer 0x14b0c41ab000
x3004c0s25b0n0:9570:10769 [0] NCCL INFO transport/net.cc:698 Cuda Host Alloc Size 9641984 pointer 0x14b0a8000000
x3004c0s25b0n0:9570:10769 [0] NCCL INFO transport/net_ib.cc:683 Ib Alloc Size 21688 pointer 0x14b0c41ad000
x3004c0s25b0n0:9570:10769 [0] NCCL INFO transport/net_ib.cc:696 Ib Alloc Size 552 pointer 0x14b0c41b4000
x3004c0s25b0n0:9570:10769 [0] NCCL INFO transport/net_ib.cc:771 Ib Alloc Size 552 pointer 0x14b0c41cf000
x3004c0s25b0n0:9570:10769 [0] NCCL INFO transport/net.cc:698 Cuda Host Alloc Size 9641984 pointer 0x14b0a8a00000
x3004c0s25b0n0:9570:10604 [0] NCCL INFO Connected all trees by HAO
x3004c0s25b0n0:9570:10604 [0] NCCL INFO threadThresholds 8/8/64 | 160/8/64 | 512 | 512
x3004c0s25b0n0:9570:10604 [0] NCCL INFO 4 coll channels, 4 p2p channels, 2 p2p channels per peer
x3004c0s25b0n0:9570:10769 [0] NCCL INFO New proxy send connection 24 from local rank 0, transport 2
x3004c0s25b0n0:9570:10604 [0] NCCL INFO Connection to proxy localRank 0 -> connection 0x14b0c4001280
x3004c0s25b0n0:9570:10604 [0] NCCL INFO init.cc:367 Cuda Alloc Size 5168 pointer 0x14b0c9808800
x3004c0s25b0n0:9575:10605 [2] NCCL INFO init.cc:367 Cuda Alloc Size 5168 pointer 0x150207808800
x3004c0s25b0n0:9575:10605 [2] NCCL INFO init.cc:392 Cuda Host Alloc Size 33554432 pointer 0x1501e2000000
x3004c0s25b0n0:9575:10605 [2] NCCL INFO init.cc:398 Cuda Host Alloc Size 128 pointer 0x150206e00200
x3004c0s25b0n0:9575:10605 [2] NCCL INFO comm 0x56149ecffd50 rank 10 nranks 20 cudaDev 2 busId 85000 - Init COMPLETE
x3004c0s25b0n0:9571:10602 [1] NCCL INFO init.cc:367 Cuda Alloc Size 5168 pointer 0x14e70f808800
x3004c0s25b0n0:9583:10603 [3] NCCL INFO init.cc:367 Cuda Alloc Size 5168 pointer 0x14f91d808800
x3004c0s25b0n0:9583:10603 [3] NCCL INFO init.cc:392 Cuda Host Alloc Size 33554432 pointer 0x14f902000000
x3004c0s25b0n0:9583:10603 [3] NCCL INFO init.cc:398 Cuda Host Alloc Size 128 pointer 0x14f91ce00200
x3004c0s25b0n0:9583:10603 [3] NCCL INFO comm 0x5641a8d01b60 rank 11 nranks 20 cudaDev 3 busId c7000 - Init COMPLETE
x3004c0s25b0n0:9571:10602 [1] NCCL INFO init.cc:392 Cuda Host Alloc Size 33554432 pointer 0x14e6ea000000
x3004c0s25b0n0:9571:10602 [1] NCCL INFO init.cc:398 Cuda Host Alloc Size 128 pointer 0x14e70ee00200
x3004c0s25b0n0:9571:10602 [1] NCCL INFO comm 0x55c37b447840 rank 9 nranks 20 cudaDev 1 busId 46000 - Init COMPLETE
x3004c0s25b0n0:9570:10604 [0] NCCL INFO init.cc:392 Cuda Host Alloc Size 33554432 pointer 0x14b0a6000000
x3004c0s25b0n0:9570:10604 [0] NCCL INFO init.cc:398 Cuda Host Alloc Size 128 pointer 0x14b0c8e00200
x3004c0s25b0n0:9570:10604 [0] NCCL INFO comm 0x55d0483e2660 rank 8 nranks 20 cudaDev 0 busId 7000 - Init COMPLETE
x3004c0s25b0n0:9570:10769 [0] NCCL INFO transport/net.cc:376 Cuda Alloc Size 8388608 pointer 0x14b0a9400000
x3004c0s25b0n0:9583:9583 [3] NCCL INFO AllReduce: opCount 0 sendbuff 0x14f95d600200 recvbuff 0x14f95d600200 count 1 datatype 1 op 0 root 0 comm 0x5641a8d01b60 [nranks=20] stream 0x5641c49c7400
x3004c0s25b0n0:9583:9583 [3] NCCL INFO misc/utils.cc:235 memory stack hunk malloc(65536)
[LYD INFO in ncclLaunchKernel (enqueue.cc)] NCHANNELS is: 4x3004c0s25b0n0:9575:9575 [2] NCCL INFO AllReduce: opCount 0 sendbuff 0x15024d600200 recvbuff 0x15024d600200 count 1 datatype 1 op 0 root 0 comm 0x56149ecffd50 [nranks=20] stream 0x5614a21cacd0
x3004c0s25b0n0:9575:9575 [2] NCCL INFO misc/utils.cc:235 memory stack hunk malloc(65536)
[LYD INFO in ncclLaunchKernel (enqueue.cc)] NCHANNELS is: 4x3004c0s25b0n0:9570:9570 [0] NCCL INFO AllReduce: opCount 0 sendbuff 0x14b10d600200 recvbuff 0x14b10d600200 count 1 datatype 1 op 0 root 0 comm 0x55d0483e2660 [nranks=20] stream 0x55d066292800
x3004c0s25b0n0:9570:9570 [0] NCCL INFO misc/utils.cc:235 memory stack hunk malloc(65536)
[LYD INFO in ncclLaunchKernel (enqueue.cc)] NCHANNELS is: 4x3004c0s25b0n0:9571:9571 [1] NCCL INFO AllReduce: opCount 0 sendbuff 0x14e74f600200 recvbuff 0x14e74f600200 count 1 datatype 1 op 0 root 0 comm 0x55c37b447840 [nranks=20] stream 0x55c393791f70
x3004c0s25b0n0:9571:9571 [1] NCCL INFO misc/utils.cc:235 memory stack hunk malloc(65536)
[LYD INFO in ncclLaunchKernel (enqueue.cc)] NCHANNELS is: 4
[LYD INFO in NCCL_KERN_NAME (common.h)] 8 AllReduce TREE LL Sum uint8_t Elapsed time: 314708 us

[LYD INFO in NCCL_KERN_NAME (common.h)] 10 AllReduce TREE LL Sum uint8_t Elapsed time: 312221 us

[LYD INFO in NCCL_KERN_NAME (common.h)] 9 AllReduce TREE LL Sum uint8_t Elapsed time: 268037 us

[LYD INFO in NCCL_KERN_NAME (common.h)] 11 AllReduce TREE LL Sum uint8_t Elapsed time: 323272 us
x3004c0s25b0n0:9583:9583 [3] NCCL INFO AllReduce: opCount 1 sendbuff 0x14f95d600000 recvbuff 0x14f95d600000 count 1 datatype 1 op 0 root 0 comm 0x5641a8d01b60 [nranks=20] stream 0x5641c49c7400
[LYD INFO in ncclLaunchKernel (enqueue.cc)] NCHANNELS is: 4x3004c0s25b0n0:9571:9571 [1] NCCL INFO AllReduce: opCount 1 sendbuff 0x14e74f600000 recvbuff 0x14e74f600000 count 1 datatype 1 op 0 root 0 comm 0x55c37b447840 [nranks=20] stream 0x55c393791f70
[LYD INFO in ncclLaunchKernel (enqueue.cc)] NCHANNELS is: 4x3004c0s25b0n0:9570:9570 [0] NCCL INFO AllReduce: opCount 1 sendbuff 0x14b10d600000 recvbuff 0x14b10d600000 count 1 datatype 1 op 0 root 0 comm 0x55d0483e2660 [nranks=20] stream 0x55d066292800
[LYD INFO in ncclLaunchKernel (enqueue.cc)] NCHANNELS is: 4x3004c0s25b0n0:9575:9575 [2] NCCL INFO AllReduce: opCount 1 sendbuff 0x15024d600000 recvbuff 0x15024d600000 count 1 datatype 1 op 0 root 0 comm 0x56149ecffd50 [nranks=20] stream 0x5614a21cacd0
[LYD INFO in ncclLaunchKernel (enqueue.cc)] NCHANNELS is: 4
[LYD INFO in NCCL_KERN_NAME (common.h)] 10 AllReduce TREE LL Sum uint8_t Elapsed time: 2173576 us

[LYD INFO in NCCL_KERN_NAME (common.h)] 8 AllReduce TREE LL Sum uint8_t Elapsed time: 3384482 us

[LYD INFO in NCCL_KERN_NAME (common.h)] 11 AllReduce TREE LL Sum uint8_t Elapsed time: 14278172 us

[LYD INFO in NCCL_KERN_NAME (common.h)] 9 AllReduce TREE LL Sum uint8_t Elapsed time: 13156509 us
x3004c0s25b0n0:9571:9571 [1] NCCL INFO AllReduce: opCount 2 sendbuff 0x14e74f600000 recvbuff 0x14e74f600000 count 1 datatype 8 op 3 root 0 comm 0x55c37b447840 [nranks=20] stream 0x55c393791f70
[LYD INFO in ncclLaunchKernel (enqueue.cc)] NCHANNELS is: 4x3004c0s25b0n0:9570:9570 [0] NCCL INFO AllReduce: opCount 2 sendbuff 0x14b10d600000 recvbuff 0x14b10d600000 count 1 datatype 8 op 3 root 0 comm 0x55d0483e2660 [nranks=20] stream 0x55d066292800
[LYD INFO in ncclLaunchKernel (enqueue.cc)] NCHANNELS is: 4x3004c0s25b0n0:9583:9583 [3] NCCL INFO AllReduce: opCount 2 sendbuff 0x14f95d600000 recvbuff 0x14f95d600000 count 1 datatype 8 op 3 root 0 comm 0x5641a8d01b60 [nranks=20] stream 0x5641c49c7400
[LYD INFO in ncclLaunchKernel (enqueue.cc)] NCHANNELS is: 4x3004c0s25b0n0:9575:9575 [2] NCCL INFO AllReduce: opCount 2 sendbuff 0x15024d600000 recvbuff 0x15024d600000 count 1 datatype 8 op 3 root 0 comm 0x56149ecffd50 [nranks=20] stream 0x5614a21cacd0
[LYD INFO in ncclLaunchKernel (enqueue.cc)] NCHANNELS is: 4
[LYD INFO in NCCL_FUNC_NAME (common.h)] 11 AllReduce TREE LL Min double Elapsed time: 4 us

[LYD INFO in NCCL_FUNC_NAME (common.h)] 10 AllReduce TREE LL Min double Elapsed time: 6 us

[LYD INFO in NCCL_FUNC_NAME (common.h)] 9 AllReduce TREE LL Min double Elapsed time: 109056 us

[LYD INFO in NCCL_FUNC_NAME (common.h)] 8 AllReduce TREE LL Min double Elapsed time: 104656 us

[LYD INFO in NCCL_KERN_NAME (common.h)] 10 AllReduce TREE LL Sum double Elapsed time: 71989 us
x3004c0s25b0n0:9575:9575 [2] NCCL INFO AllReduce: opCount 3 sendbuff 0x15024d600200 recvbuff 0x15024d600200 count 1 datatype 1 op 0 root 0 comm 0x56149ecffd50 [nranks=20] stream 0x5614a21cacd0
[LYD INFO in ncclLaunchKernel (enqueue.cc)] NCHANNELS is: 4
[LYD INFO in NCCL_KERN_NAME (common.h)] 9 AllReduce TREE LL Sum double Elapsed time: 126993 us
x3004c0s25b0n0:9571:9571 [1] NCCL INFO AllReduce: opCount 3 sendbuff 0x14e74f600200 recvbuff 0x14e74f600200 count 1 datatype 1 op 0 root 0 comm 0x55c37b447840 [nranks=20] stream 0x55c393791f70
[LYD INFO in ncclLaunchKernel (enqueue.cc)] NCHANNELS is: 4
[LYD INFO in NCCL_KERN_NAME (common.h)] 11 AllReduce TREE LL Sum double Elapsed time: 116184 us
x3004c0s25b0n0:9583:9583 [3] NCCL INFO AllReduce: opCount 3 sendbuff 0x14f95d600200 recvbuff 0x14f95d600200 count 1 datatype 1 op 0 root 0 comm 0x5641a8d01b60 [nranks=20] stream 0x5641c49c7400
[LYD INFO in ncclLaunchKernel (enqueue.cc)] NCHANNELS is: 4
[LYD INFO in NCCL_KERN_NAME (common.h)] 8 AllReduce TREE LL Sum double Elapsed time: 127752 us
x3004c0s25b0n0:9570:9570 [0] NCCL INFO AllReduce: opCount 3 sendbuff 0x14b10d600200 recvbuff 0x14b10d600200 count 1 datatype 1 op 0 root 0 comm 0x55d0483e2660 [nranks=20] stream 0x55d066292800
[LYD INFO in ncclLaunchKernel (enqueue.cc)] NCHANNELS is: 4
[LYD INFO in NCCL_KERN_NAME (common.h)] 10 AllReduce TREE LL Sum uint8_t Elapsed time: 60040 us

[LYD INFO in NCCL_KERN_NAME (common.h)] 9 AllReduce TREE LL Sum uint8_t Elapsed time: 40570 us

[LYD INFO in NCCL_KERN_NAME (common.h)] 8 AllReduce TREE LL Sum uint8_t Elapsed time: 18902 us
 > number of parameters on (tensor, pipeline) model parallel rank (0, 4): 78709760

[LYD INFO in NCCL_KERN_NAME (common.h)] 11 AllReduce TREE LL Sum uint8_t Elapsed time: 33940 us
 > number of parameters on (tensor, pipeline) model parallel rank (0, 5): 78709760
x3004c0s25b0n0:9575:9575 [2] NCCL INFO AllReduce: opCount 4 sendbuff 0x15024d600400 recvbuff 0x15024d600400 count 1 datatype 1 op 0 root 0 comm 0x56149ecffd50 [nranks=20] stream 0x5614a21cacd0
[LYD INFO in ncclLaunchKernel (enqueue.cc)] NCHANNELS is: 4x3004c0s25b0n0:9570:9570 [0] NCCL INFO AllReduce: opCount 4 sendbuff 0x14b10d600400 recvbuff 0x14b10d600400 count 1 datatype 1 op 0 root 0 comm 0x55d0483e2660 [nranks=20] stream 0x55d066292800
[LYD INFO in ncclLaunchKernel (enqueue.cc)] NCHANNELS is: 4x3004c0s25b0n0:9583:9583 [3] NCCL INFO AllReduce: opCount 4 sendbuff 0x14f95d600400 recvbuff 0x14f95d600400 count 1 datatype 1 op 0 root 0 comm 0x5641a8d01b60 [nranks=20] stream 0x5641c49c7400
[LYD INFO in ncclLaunchKernel (enqueue.cc)] NCHANNELS is: 4x3004c0s25b0n0:9571:9571 [1] NCCL INFO AllReduce: opCount 4 sendbuff 0x14e74f600400 recvbuff 0x14e74f600400 count 1 datatype 1 op 0 root 0 comm 0x55c37b447840 [nranks=20] stream 0x55c393791f70
[LYD INFO in ncclLaunchKernel (enqueue.cc)] NCHANNELS is: 4
[LYD INFO in NCCL_KERN_NAME (common.h)] 9 AllReduce TREE LL Sum uint8_t Elapsed time: 3053912 us
x3004c0s25b0n0:9571:9571 [1] NCCL INFO AllReduce: opCount 5 sendbuff 0x14e74f621000 recvbuff 0x14e74f621000 count 1 datatype 1 op 0 root 0 comm 0x55c37b447840 [nranks=20] stream 0x55c393791f70
[LYD INFO in ncclLaunchKernel (enqueue.cc)] NCHANNELS is: 4
[LYD INFO in NCCL_KERN_NAME (common.h)] 11 AllReduce TREE LL Sum uint8_t Elapsed time: 3074196 us

[LYD INFO in NCCL_KERN_NAME (common.h)] 10 AllReduce TREE LL Sum uint8_t Elapsed time: 3097565 us
x3004c0s25b0n0:9575:9575 [2] NCCL INFO AllReduce: opCount 5 sendbuff 0x15024d621000 recvbuff 0x15024d621000 count 1 datatype 1 op 0 root 0 comm 0x56149ecffd50 [nranks=20] stream 0x5614a21cacd0
[LYD INFO in ncclLaunchKernel (enqueue.cc)] NCHANNELS is: 4
[LYD INFO in NCCL_KERN_NAME (common.h)] 8 AllReduce TREE LL Sum uint8_t Elapsed time: 3090971 us
x3004c0s25b0n0:9570:9570 [0] NCCL INFO AllReduce: opCount 5 sendbuff 0x14b10d621000 recvbuff 0x14b10d621000 count 1 datatype 1 op 0 root 0 comm 0x55d0483e2660 [nranks=20] stream 0x55d066292800
[LYD INFO in ncclLaunchKernel (enqueue.cc)] NCHANNELS is: 4x3004c0s25b0n0:9583:9583 [3] NCCL INFO AllReduce: opCount 5 sendbuff 0x14f95d621000 recvbuff 0x14f95d621000 count 1 datatype 1 op 0 root 0 comm 0x5641a8d01b60 [nranks=20] stream 0x5641c49c7400
[LYD INFO in ncclLaunchKernel (enqueue.cc)] NCHANNELS is: 4
[LYD INFO in NCCL_KERN_NAME (common.h)] 11 AllReduce TREE LL Sum uint8_t Elapsed time: 62548 us
x3004c0s25b0n0:9583:9583 [3] NCCL INFO AllReduce: opCount 6 sendbuff 0x14f95d600400 recvbuff 0x14f95d600400 count 1 datatype 1 op 0 root 0 comm 0x5641a8d01b60 [nranks=20] stream 0x5641c49c7400
[LYD INFO in ncclLaunchKernel (enqueue.cc)] NCHANNELS is: 4
[LYD INFO in NCCL_KERN_NAME (common.h)] 10 AllReduce TREE LL Sum uint8_t Elapsed time: 112589 us
x3004c0s25b0n0:9575:9575 [2] NCCL INFO AllReduce: opCount 6 sendbuff 0x15024d600400 recvbuff 0x15024d600400 count 1 datatype 1 op 0 root 0 comm 0x56149ecffd50 [nranks=20] stream 0x5614a21cacd0
[LYD INFO in ncclLaunchKernel (enqueue.cc)] NCHANNELS is: 4
[LYD INFO in NCCL_KERN_NAME (common.h)] 8 AllReduce TREE LL Sum uint8_t Elapsed time: 101689 us
x3004c0s25b0n0:9570:9570 [0] NCCL INFO AllReduce: opCount 6 sendbuff 0x14b10d600400 recvbuff 0x14b10d600400 count 1 datatype 1 op 0 root 0 comm 0x55d0483e2660 [nranks=20] stream 0x55d066292800
[LYD INFO in ncclLaunchKernel (enqueue.cc)] NCHANNELS is: 4
[LYD INFO in NCCL_KERN_NAME (common.h)] 9 AllReduce TREE LL Sum uint8_t Elapsed time: 115358 us
x3004c0s25b0n0:9571:9571 [1] NCCL INFO AllReduce: opCount 6 sendbuff 0x14e74f600400 recvbuff 0x14e74f600400 count 1 datatype 1 op 0 root 0 comm 0x55c37b447840 [nranks=20] stream 0x55c393791f70
[LYD INFO in ncclLaunchKernel (enqueue.cc)] NCHANNELS is: 4
[LYD INFO in NCCL_KERN_NAME (common.h)] 11 AllReduce TREE LL Sum uint8_t Elapsed time: 209773 us

[LYD INFO in NCCL_KERN_NAME (common.h)] 9 AllReduce TREE LL Sum uint8_t Elapsed time: 177604 us

[LYD INFO in NCCL_KERN_NAME (common.h)] 8 AllReduce TREE LL Sum uint8_t Elapsed time: 189935 us

[LYD INFO in NCCL_KERN_NAME (common.h)] 10 AllReduce TREE LL Sum uint8_t Elapsed time: 201715 us
NCCL version 2.14.3+cuda11.8
x3004c0s25b0n0:9570:9570 [0] NCCL INFO init.cc:1147 Cuda Host Alloc Size 4 pointer 0x14b0c8e00400
NCCL version 2.14.3+cuda11.8
x3004c0s25b0n0:9575:9575 [2] NCCL INFO init.cc:1147 Cuda Host Alloc Size 4 pointer 0x150206e00400
x3004c0s25b0n0:9571:9571 [1] NCCL INFO init.cc:1147 Cuda Host Alloc Size 4 pointer 0x14e70ee00400
x3004c0s25b0n0:9583:9583 [3] NCCL INFO init.cc:1147 Cuda Host Alloc Size 4 pointer 0x14f91ce00400
x3004c0s25b0n0:9570:14468 [0] NCCL INFO Using network IB
x3004c0s25b0n0:9575:14470 [2] NCCL INFO Using network IB
x3004c0s25b0n0:9571:14471 [1] NCCL INFO Using network IB
x3004c0s25b0n0:9583:14472 [3] NCCL INFO Using network IB
x3004c0s25b0n0:9570:14468 [0] NCCL INFO NET/IB : GPU Direct RDMA Enabled for HCA 0 'mlx5_0'
x3004c0s25b0n0:9570:14468 [0] NCCL INFO NET/IB : GPU Direct RDMA Enabled for HCA 1 'mlx5_1'
x3004c0s25b0n0:9570:14468 [0] NCCL INFO GPU Direct RDMA Disabled for GPU 7000 / HCA 1 (distance 7 > 4)
x3004c0s25b0n0:9570:14468 [0] NCCL INFO GPU Direct RDMA Disabled for GPU 46000 / HCA 1 (distance 6 > 4)
x3004c0s25b0n0:9570:14468 [0] NCCL INFO GPU Direct RDMA Disabled for GPU 7000 / HCA 0 (distance 7 > 4)
x3004c0s25b0n0:9570:14468 [0] NCCL INFO GPU Direct RDMA Disabled for GPU 46000 / HCA 0 (distance 7 > 4)
x3004c0s25b0n0:9570:14468 [0] NCCL INFO === System : maxBw 88.0 totalBw 88.0 ===
x3004c0s25b0n0:9570:14468 [0] NCCL INFO CPU/3 (1/2/-1)
x3004c0s25b0n0:9570:14468 [0] NCCL INFO + SYS[5000.0] - CPU/2
x3004c0s25b0n0:9570:14468 [0] NCCL INFO + SYS[5000.0] - CPU/0
x3004c0s25b0n0:9570:14468 [0] NCCL INFO + PCI[24.0] - PCI/5000 (11f8406811f8beef)
x3004c0s25b0n0:9570:14468 [0] NCCL INFO               + PCI[24.0] - GPU/7000 (0)
x3004c0s25b0n0:9570:14468 [0] NCCL INFO                             + NVL[88.0] - GPU/46000
x3004c0s25b0n0:9570:14468 [0] NCCL INFO CPU/2 (1/2/-1)
x3004c0s25b0n0:9570:14468 [0] NCCL INFO + SYS[5000.0] - CPU/3
x3004c0s25b0n0:9570:14468 [0] NCCL INFO + SYS[5000.0] - CPU/0
x3004c0s25b0n0:9570:14468 [0] NCCL INFO + PCI[24.0] - PCI/44000 (11f8406811f8beef)
x3004c0s25b0n0:9570:14468 [0] NCCL INFO               + PCI[24.0] - GPU/46000 (1)
x3004c0s25b0n0:9570:14468 [0] NCCL INFO                             + NVL[88.0] - GPU/7000
x3004c0s25b0n0:9570:14468 [0] NCCL INFO + PCI[12.0] - NIC/43000
x3004c0s25b0n0:9570:14468 [0] NCCL INFO CPU/0 (1/2/-1)
x3004c0s25b0n0:9570:14468 [0] NCCL INFO + SYS[5000.0] - CPU/3
x3004c0s25b0n0:9570:14468 [0] NCCL INFO + SYS[5000.0] - CPU/2
x3004c0s25b0n0:9570:14468 [0] NCCL INFO + PCI[12.0] - NIC/C8000
x3004c0s25b0n0:9570:14468 [0] NCCL INFO ==========================================
x3004c0s25b0n0:9570:14468 [0] NCCL INFO GPU/7000 :GPU/7000 (0/5000.000000/LOC) GPU/46000 (1/88.000000/NVL) CPU/3 (2/24.000000/PHB) CPU/2 (3/24.000000/SYS) CPU/0 (3/24.000000/SYS) 
x3004c0s25b0n0:9570:14468 [0] NCCL INFO GPU/46000 :GPU/7000 (1/88.000000/NVL) GPU/46000 (0/5000.000000/LOC) CPU/3 (3/24.000000/SYS) CPU/2 (2/24.000000/PHB) CPU/0 (3/24.000000/SYS) 
x3004c0s25b0n0:9570:14468 [0] NCCL INFO Pattern 4, crossNic 0, nChannels 4, bw 22.000000/22.000000, type NVL/PIX, sameChannels 1
x3004c0s25b0n0:9570:14468 [0] NCCL INFO  0 : GPU/0 GPU/1
x3004c0s25b0n0:9570:14468 [0] NCCL INFO  1 : GPU/0 GPU/1
x3004c0s25b0n0:9570:14468 [0] NCCL INFO  2 : GPU/0 GPU/1
x3004c0s25b0n0:9570:14468 [0] NCCL INFO  3 : GPU/0 GPU/1
x3004c0s25b0n0:9570:14468 [0] NCCL INFO Pattern 1, crossNic 0, nChannels 4, bw 22.000000/22.000000, type NVL/PIX, sameChannels 1
x3004c0s25b0n0:9570:14468 [0] NCCL INFO  0 : GPU/0 GPU/1
x3004c0s25b0n0:9570:14468 [0] NCCL INFO  1 : GPU/0 GPU/1
x3004c0s25b0n0:9570:14468 [0] NCCL INFO  2 : GPU/0 GPU/1
x3004c0s25b0n0:9570:14468 [0] NCCL INFO  3 : GPU/0 GPU/1
x3004c0s25b0n0:9570:14468 [0] NCCL INFO Pattern 3, crossNic 0, nChannels 4, bw 44.000000/44.000000, type NVL/PIX, sameChannels 0
x3004c0s25b0n0:9570:14468 [0] NCCL INFO  0 : GPU/0 GPU/1
x3004c0s25b0n0:9570:14468 [0] NCCL INFO  1 : GPU/0 GPU/1
x3004c0s25b0n0:9570:14468 [0] NCCL INFO  2 : GPU/1 GPU/0
x3004c0s25b0n0:9570:14468 [0] NCCL INFO  3 : GPU/1 GPU/0
x3004c0s25b0n0:9571:14471 [1] NCCL INFO NET/IB : GPU Direct RDMA Enabled for HCA 0 'mlx5_0'
