x3004c0s25b1n0:20186:24264 [0] NCCL INFO GPU Direct RDMA Disabled for GPU 46000 / HCA 0 (distance 7 > 4)
x3004c0s25b1n0:20186:24264 [0] NCCL INFO GPU Direct RDMA Disabled for GPU 85000 / HCA 0 (distance 7 > 4)
x3004c0s25b1n0:20186:24264 [0] NCCL INFO GPU Direct RDMA Disabled for GPU c7000 / HCA 0 (distance 6 > 4)
x3004c0s25b1n0:20186:24264 [0] NCCL INFO === System : maxBw 12.0 totalBw 264.0 ===
x3004c0s25b1n0:20186:24264 [0] NCCL INFO CPU/3 (1/2/-1)
x3004c0s25b1n0:20186:24264 [0] NCCL INFO + SYS[5000.0] - CPU/2
x3004c0s25b1n0:20186:24264 [0] NCCL INFO + SYS[5000.0] - CPU/1
x3004c0s25b1n0:20186:24264 [0] NCCL INFO + SYS[5000.0] - CPU/0
x3004c0s25b1n0:20186:24264 [0] NCCL INFO + PCI[24.0] - PCI/5000 (11f8406811f8beef)
x3004c0s25b1n0:20186:24264 [0] NCCL INFO               + PCI[24.0] - GPU/7000 (12)
x3004c0s25b1n0:20186:24264 [0] NCCL INFO                             + NVL[88.0] - GPU/85000
x3004c0s25b1n0:20186:24264 [0] NCCL INFO                             + NVL[88.0] - GPU/C7000
x3004c0s25b1n0:20186:24264 [0] NCCL INFO                             + NVL[88.0] - GPU/46000
x3004c0s25b1n0:20186:24264 [0] NCCL INFO CPU/2 (1/2/-1)
x3004c0s25b1n0:20186:24264 [0] NCCL INFO + SYS[5000.0] - CPU/3
x3004c0s25b1n0:20186:24264 [0] NCCL INFO + SYS[5000.0] - CPU/1
x3004c0s25b1n0:20186:24264 [0] NCCL INFO + SYS[5000.0] - CPU/0
x3004c0s25b1n0:20186:24264 [0] NCCL INFO + PCI[24.0] - PCI/44000 (11f8406811f8beef)
x3004c0s25b1n0:20186:24264 [0] NCCL INFO               + PCI[24.0] - GPU/46000 (13)
x3004c0s25b1n0:20186:24264 [0] NCCL INFO                             + NVL[88.0] - GPU/85000
x3004c0s25b1n0:20186:24264 [0] NCCL INFO                             + NVL[88.0] - GPU/C7000
x3004c0s25b1n0:20186:24264 [0] NCCL INFO                             + NVL[88.0] - GPU/7000
x3004c0s25b1n0:20186:24264 [0] NCCL INFO + PCI[12.0] - NIC/43000
x3004c0s25b1n0:20186:24264 [0] NCCL INFO               + NET[12.5] - NET/1 (cc7604ffffa4e988/1/12.500000)
x3004c0s25b1n0:20186:24264 [0] NCCL INFO CPU/1 (1/2/-1)
x3004c0s25b1n0:20186:24264 [0] NCCL INFO + SYS[5000.0] - CPU/3
x3004c0s25b1n0:20186:24264 [0] NCCL INFO + SYS[5000.0] - CPU/2
x3004c0s25b1n0:20186:24264 [0] NCCL INFO + SYS[5000.0] - CPU/0
x3004c0s25b1n0:20186:24264 [0] NCCL INFO + PCI[24.0] - PCI/83000 (11f8406811f8beef)
x3004c0s25b1n0:20186:24264 [0] NCCL INFO               + PCI[24.0] - GPU/85000 (14)
x3004c0s25b1n0:20186:24264 [0] NCCL INFO                             + NVL[88.0] - GPU/C7000
x3004c0s25b1n0:20186:24264 [0] NCCL INFO                             + NVL[88.0] - GPU/46000
x3004c0s25b1n0:20186:24264 [0] NCCL INFO                             + NVL[88.0] - GPU/7000
x3004c0s25b1n0:20186:24264 [0] NCCL INFO CPU/0 (1/2/-1)
x3004c0s25b1n0:20186:24264 [0] NCCL INFO + SYS[5000.0] - CPU/3
x3004c0s25b1n0:20186:24264 [0] NCCL INFO + SYS[5000.0] - CPU/2
x3004c0s25b1n0:20186:24264 [0] NCCL INFO + SYS[5000.0] - CPU/1
x3004c0s25b1n0:20186:24264 [0] NCCL INFO + PCI[24.0] - PCI/C5000 (11f8406811f8beef)
x3004c0s25b1n0:20186:24264 [0] NCCL INFO               + PCI[24.0] - GPU/C7000 (15)
x3004c0s25b1n0:20186:24264 [0] NCCL INFO                             + NVL[88.0] - GPU/85000
x3004c0s25b1n0:20186:24264 [0] NCCL INFO                             + NVL[88.0] - GPU/46000
x3004c0s25b1n0:20186:24264 [0] NCCL INFO                             + NVL[88.0] - GPU/7000
x3004c0s25b1n0:20186:24264 [0] NCCL INFO + PCI[12.0] - NIC/C8000
x3004c0s25b1n0:20186:24264 [0] NCCL INFO               + NET[12.5] - NET/0 (e47604ffffa4e988/1/12.500000)
x3004c0s25b1n0:20186:24264 [0] NCCL INFO ==========================================
x3004c0s25b1n0:20186:24264 [0] NCCL INFO GPU/7000 :GPU/7000 (0/5000.000000/LOC) GPU/46000 (1/88.000000/NVL) GPU/85000 (1/88.000000/NVL) GPU/C7000 (1/88.000000/NVL) CPU/3 (2/24.000000/PHB) CPU/2 (3/24.000000/SYS) CPU/1 (3/24.000000/SYS) CPU/0 (3/24.000000/SYS) NET/1 (5/12.000000/SYS) NET/0 (5/12.000000/SYS) 
x3004c0s25b1n0:20186:24264 [0] NCCL INFO GPU/46000 :GPU/7000 (1/88.000000/NVL) GPU/46000 (0/5000.000000/LOC) GPU/85000 (1/88.000000/NVL) GPU/C7000 (1/88.000000/NVL) CPU/3 (3/24.000000/SYS) CPU/2 (2/24.000000/PHB) CPU/1 (3/24.000000/SYS) CPU/0 (3/24.000000/SYS) NET/1 (4/12.000000/PHB) NET/0 (5/12.000000/SYS) 
x3004c0s25b1n0:20186:24264 [0] NCCL INFO GPU/85000 :GPU/7000 (1/88.000000/NVL) GPU/46000 (1/88.000000/NVL) GPU/85000 (0/5000.000000/LOC) GPU/C7000 (1/88.000000/NVL) CPU/3 (3/24.000000/SYS) CPU/2 (3/24.000000/SYS) CPU/1 (2/24.000000/PHB) CPU/0 (3/24.000000/SYS) NET/1 (5/12.000000/SYS) NET/0 (5/12.000000/SYS) 
x3004c0s25b1n0:20186:24264 [0] NCCL INFO GPU/C7000 :GPU/7000 (1/88.000000/NVL) GPU/46000 (1/88.000000/NVL) GPU/85000 (1/88.000000/NVL) GPU/C7000 (0/5000.000000/LOC) CPU/3 (3/24.000000/SYS) CPU/2 (3/24.000000/SYS) CPU/1 (3/24.000000/SYS) CPU/0 (2/24.000000/PHB) NET/1 (5/12.000000/SYS) NET/0 (4/12.000000/PHB) 
x3004c0s25b1n0:20186:24264 [0] NCCL INFO NET/1 :GPU/7000 (5/12.000000/SYS) GPU/46000 (4/12.000000/PHB) GPU/85000 (5/12.000000/SYS) GPU/C7000 (5/12.000000/SYS) CPU/3 (3/12.000000/SYS) CPU/2 (2/12.000000/PHB) CPU/1 (3/12.000000/SYS) CPU/0 (3/12.000000/SYS) NET/1 (0/5000.000000/LOC) NET/0 (5/12.000000/SYS) 
x3004c0s25b1n0:20186:24264 [0] NCCL INFO NET/0 :GPU/7000 (5/12.000000/SYS) GPU/46000 (5/12.000000/SYS) GPU/85000 (5/12.000000/SYS) GPU/C7000 (4/12.000000/PHB) CPU/3 (3/12.000000/SYS) CPU/2 (3/12.000000/SYS) CPU/1 (3/12.000000/SYS) CPU/0 (2/12.000000/PHB) NET/1 (5/12.000000/SYS) NET/0 (0/5000.000000/LOC) 
x3004c0s25b1n0:20186:24264 [0] NCCL INFO Pattern 4, crossNic 0, nChannels 2, bw 12.000000/12.000000, type NVL/SYS, sameChannels 1
x3004c0s25b1n0:20186:24264 [0] NCCL INFO  0 : NET/1 GPU/13 GPU/12 GPU/14 GPU/15 NET/1
x3004c0s25b1n0:20186:24264 [0] NCCL INFO  1 : NET/0 GPU/13 GPU/12 GPU/14 GPU/15 NET/0
x3004c0s25b1n0:20186:24264 [0] NCCL INFO Pattern 1, crossNic 0, nChannels 2, bw 24.000000/12.000000, type NVL/SYS, sameChannels 1
x3004c0s25b1n0:20186:24264 [0] NCCL INFO  0 : NET/1 GPU/12 GPU/13 GPU/14 GPU/15 NET/1
x3004c0s25b1n0:20186:24264 [0] NCCL INFO  1 : NET/0 GPU/12 GPU/13 GPU/14 GPU/15 NET/0
x3004c0s25b1n0:20186:24264 [0] NCCL INFO Pattern 3, crossNic 0, nChannels 0, bw 0.000000/0.000000, type NVL/PIX, sameChannels 1
x3004c0s25b1n0:20189:24263 [2] NCCL INFO Ring 00 : 12 -> 14 -> 15
x3004c0s25b1n0:20189:24263 [2] NCCL INFO Ring 01 : 12 -> 14 -> 15
x3004c0s25b1n0:20189:24263 [2] NCCL INFO Ring 02 : 12 -> 14 -> 15
x3004c0s25b1n0:20189:24263 [2] NCCL INFO Ring 03 : 12 -> 14 -> 15
x3004c0s25b1n0:20189:24263 [2] NCCL INFO Trees [0] 15/-1/-1->14->13 [1] 15/-1/-1->14->13 [2] 15/-1/-1->14->13 [3] 15/-1/-1->14->13
x3004c0s25b1n0:20189:24263 [2] NCCL INFO misc/utils.cc:235 memory stack hunk malloc(65536)
x3004c0s25b1n0:20189:24263 [2] NCCL INFO channel.cc:23 Cuda Alloc Size 8064 pointer 0x147ff1817400
x3004c0s25b1n0:20189:24263 [2] NCCL INFO channel.cc:27 Cuda Alloc Size 80 pointer 0x147ff1819400
x3004c0s25b1n0:20189:24263 [2] NCCL INFO channel.cc:23 Cuda Alloc Size 8064 pointer 0x147ff1819600
x3004c0s25b1n0:20189:24263 [2] NCCL INFO channel.cc:27 Cuda Alloc Size 80 pointer 0x147ff181b600
x3004c0s25b1n0:20189:24263 [2] NCCL INFO channel.cc:23 Cuda Alloc Size 8064 pointer 0x147ff181b800
x3004c0s25b1n0:20189:24263 [2] NCCL INFO channel.cc:27 Cuda Alloc Size 80 pointer 0x147ff181d800
x3004c0s25b1n0:20189:24263 [2] NCCL INFO channel.cc:23 Cuda Alloc Size 8064 pointer 0x147ff181da00
x3004c0s25b1n0:20189:24263 [2] NCCL INFO channel.cc:27 Cuda Alloc Size 80 pointer 0x147ff181fa00
x3004c0s25b1n0:20189:24263 [2] NCCL INFO Channel 00/0 : 14[85000] -> 15[c7000] via P2P/IPC/read
x3004c0s25b1n0:20189:24438 [2] NCCL INFO Mem Realloc old size 0, new size 8 pointer 0x147f9c000c60
x3004c0s25b1n0:20189:24438 [2] NCCL INFO New proxy send connection 0 from local rank 2, transport 0
x3004c0s25b1n0:20191:24265 [3] NCCL INFO Ring 00 : 14 -> 15 -> 17
x3004c0s25b1n0:20191:24265 [3] NCCL INFO Ring 01 : 14 -> 15 -> 17
x3004c0s25b1n0:20191:24265 [3] NCCL INFO Ring 02 : 14 -> 15 -> 17
x3004c0s25b1n0:20191:24265 [3] NCCL INFO Ring 03 : 14 -> 15 -> 17
x3004c0s25b1n0:20191:24265 [3] NCCL INFO Trees [0] -1/-1/-1->15->14 [1] -1/-1/-1->15->14 [2] -1/-1/-1->15->14 [3] -1/-1/-1->15->14
x3004c0s25b1n0:20191:24265 [3] NCCL INFO misc/utils.cc:235 memory stack hunk malloc(65536)
x3004c0s25b1n0:20191:24265 [3] NCCL INFO channel.cc:23 Cuda Alloc Size 8064 pointer 0x152a31817400
x3004c0s25b1n0:20191:24265 [3] NCCL INFO channel.cc:27 Cuda Alloc Size 80 pointer 0x152a31819400
x3004c0s25b1n0:20191:24265 [3] NCCL INFO channel.cc:23 Cuda Alloc Size 8064 pointer 0x152a31819600
x3004c0s25b1n0:20191:24265 [3] NCCL INFO channel.cc:27 Cuda Alloc Size 80 pointer 0x152a3181b600
x3004c0s25b1n0:20191:24265 [3] NCCL INFO channel.cc:23 Cuda Alloc Size 8064 pointer 0x152a3181b800
x3004c0s25b1n0:20191:24265 [3] NCCL INFO channel.cc:27 Cuda Alloc Size 80 pointer 0x152a3181d800
x3004c0s25b1n0:20191:24265 [3] NCCL INFO channel.cc:23 Cuda Alloc Size 8064 pointer 0x152a3181da00
x3004c0s25b1n0:20191:24265 [3] NCCL INFO channel.cc:27 Cuda Alloc Size 80 pointer 0x152a3181fa00
x3004c0s25b1n0:20189:24263 [2] NCCL INFO Connection to proxy localRank 2 -> connection 0x147f9c000c80
x3004c0s25b1n0:20191:24404 [3] NCCL INFO Mem Realloc old size 0, new size 8 pointer 0x1529dc000c60
x3004c0s25b1n0:20191:24404 [3] NCCL INFO New proxy recv connection 0 from local rank 3, transport 0
x3004c0s25b1n0:20189:24438 [2] NCCL INFO transport/p2p.cc:430 Cuda Alloc Size 6291456 pointer 0x148014000000
x3004c0s25b1n0:20191:24265 [3] NCCL INFO Connection to proxy localRank 3 -> connection 0x1529dc000c80
x3004c0s25b1n0:20191:24404 [3] NCCL INFO transport/p2p.cc:449 Cuda Alloc Size 6291456 pointer 0x152a17600000
x3004c0s25b1n0:20189:24263 [2] NCCL INFO Channel 01/0 : 14[85000] -> 15[c7000] via P2P/IPC/read
x3004c0s25b1n0:20189:24438 [2] NCCL INFO New proxy send connection 1 from local rank 2, transport 0
x3004c0s25b1n0:20191:24404 [3] NCCL INFO New proxy recv connection 1 from local rank 3, transport 0
x3004c0s25b1n0:20189:24263 [2] NCCL INFO Connection to proxy localRank 2 -> connection 0x147f9c000cc0
x3004c0s25b1n0:20189:24438 [2] NCCL INFO transport/p2p.cc:430 Cuda Alloc Size 6291456 pointer 0x148014600000
x3004c0s25b1n0:20189:24263 [2] NCCL INFO Channel 02/0 : 14[85000] -> 15[c7000] via P2P/IPC/read
x3004c0s25b1n0:20189:24438 [2] NCCL INFO New proxy send connection 2 from local rank 2, transport 0
x3004c0s25b1n0:20191:24265 [3] NCCL INFO Connection to proxy localRank 3 -> connection 0x1529dc000cc0
x3004c0s25b1n0:20191:24404 [3] NCCL INFO transport/p2p.cc:449 Cuda Alloc Size 6291456 pointer 0x152a53800000
x3004c0s25b1n0:20189:24263 [2] NCCL INFO Connection to proxy localRank 2 -> connection 0x147f9c000d00
x3004c0s25b1n0:20189:24438 [2] NCCL INFO transport/p2p.cc:430 Cuda Alloc Size 6291456 pointer 0x148014c00000
x3004c0s25b1n0:20191:24404 [3] NCCL INFO New proxy recv connection 2 from local rank 3, transport 0
x3004c0s25b1n0:20186:24264 [0] NCCL INFO Tree 0 : 8 -> 12 -> 13/-1/-1
x3004c0s25b1n0:20186:24264 [0] NCCL INFO Tree 2 : 1 -> 12 -> 13/16/-1
x3004c0s25b1n0:20186:24264 [0] NCCL INFO Tree 1 : 8 -> 12 -> 13/-1/-1
x3004c0s25b1n0:20186:24264 [0] NCCL INFO Tree 3 : 1 -> 12 -> 13/16/-1
x3004c0s25b1n0:20186:24264 [0] NCCL INFO Ring 00 : 13 -> 12 -> 14
x3004c0s25b1n0:20186:24264 [0] NCCL INFO Ring 01 : 13 -> 12 -> 14
x3004c0s25b1n0:20186:24264 [0] NCCL INFO Ring 02 : 13 -> 12 -> 14
x3004c0s25b1n0:20186:24264 [0] NCCL INFO Ring 03 : 13 -> 12 -> 14
x3004c0s25b1n0:20186:24264 [0] NCCL INFO Trees [0] 13/-1/-1->12->8 [1] 13/-1/-1->12->8 [2] 13/16/-1->12->1 [3] 13/16/-1->12->1
x3004c0s25b1n0:20186:24264 [0] NCCL INFO misc/utils.cc:235 memory stack hunk malloc(65536)
x3004c0s25b1n0:20186:24264 [0] NCCL INFO channel.cc:23 Cuda Alloc Size 8064 pointer 0x149ed3817400
x3004c0s25b1n0:20186:24264 [0] NCCL INFO channel.cc:27 Cuda Alloc Size 80 pointer 0x149ed3819400
x3004c0s25b1n0:20186:24264 [0] NCCL INFO channel.cc:23 Cuda Alloc Size 8064 pointer 0x149ed3819600
x3004c0s25b1n0:20186:24264 [0] NCCL INFO channel.cc:27 Cuda Alloc Size 80 pointer 0x149ed381b600
x3004c0s25b1n0:20186:24264 [0] NCCL INFO channel.cc:23 Cuda Alloc Size 8064 pointer 0x149ed381b800
x3004c0s25b1n0:20186:24264 [0] NCCL INFO channel.cc:27 Cuda Alloc Size 80 pointer 0x149ed381d800
x3004c0s25b1n0:20186:24264 [0] NCCL INFO channel.cc:23 Cuda Alloc Size 8064 pointer 0x149ed381da00
x3004c0s25b1n0:20186:24264 [0] NCCL INFO channel.cc:27 Cuda Alloc Size 80 pointer 0x149ed381fa00
x3004c0s25b1n0:20186:24264 [0] NCCL INFO Channel 00/0 : 12[7000] -> 14[85000] via P2P/IPC/read
x3004c0s25b1n0:20186:24444 [0] NCCL INFO Mem Realloc old size 0, new size 8 pointer 0x149e7c000c60
x3004c0s25b1n0:20186:24444 [0] NCCL INFO New proxy send connection 0 from local rank 0, transport 0
x3004c0s25b1n0:20188:24262 [1] NCCL INFO Tree 0 : 12 -> 13 -> 14/-1/-1
x3004c0s25b1n0:20188:24262 [1] NCCL INFO Tree 2 : 12 -> 13 -> 14/8/-1
x3004c0s25b1n0:20188:24262 [1] NCCL INFO Tree 1 : 12 -> 13 -> 14/-1/-1
x3004c0s25b1n0:20188:24262 [1] NCCL INFO Tree 3 : 12 -> 13 -> 14/8/-1
x3004c0s25b1n0:20188:24262 [1] NCCL INFO Ring 00 : 11 -> 13 -> 12
x3004c0s25b1n0:20188:24262 [1] NCCL INFO Ring 01 : 11 -> 13 -> 12
x3004c0s25b1n0:20188:24262 [1] NCCL INFO Ring 02 : 11 -> 13 -> 12
x3004c0s25b1n0:20188:24262 [1] NCCL INFO Ring 03 : 11 -> 13 -> 12
x3004c0s25b1n0:20188:24262 [1] NCCL INFO Trees [0] 14/-1/-1->13->12 [1] 14/-1/-1->13->12 [2] 14/8/-1->13->12 [3] 14/8/-1->13->12
x3004c0s25b1n0:20188:24262 [1] NCCL INFO misc/utils.cc:235 memory stack hunk malloc(65536)
x3004c0s25b1n0:20188:24262 [1] NCCL INFO channel.cc:23 Cuda Alloc Size 8064 pointer 0x14c8a7817400
x3004c0s25b1n0:20188:24262 [1] NCCL INFO channel.cc:27 Cuda Alloc Size 80 pointer 0x14c8a7819400
x3004c0s25b1n0:20188:24262 [1] NCCL INFO channel.cc:23 Cuda Alloc Size 8064 pointer 0x14c8a7819600
x3004c0s25b1n0:20188:24262 [1] NCCL INFO channel.cc:27 Cuda Alloc Size 80 pointer 0x14c8a781b600
x3004c0s25b1n0:20188:24262 [1] NCCL INFO channel.cc:23 Cuda Alloc Size 8064 pointer 0x14c8a781b800
x3004c0s25b1n0:20188:24262 [1] NCCL INFO channel.cc:27 Cuda Alloc Size 80 pointer 0x14c8a781d800
x3004c0s25b1n0:20188:24262 [1] NCCL INFO channel.cc:23 Cuda Alloc Size 8064 pointer 0x14c8a781da00
x3004c0s25b1n0:20188:24262 [1] NCCL INFO channel.cc:27 Cuda Alloc Size 80 pointer 0x14c8a781fa00
x3004c0s25b1n0:20188:24262 [1] NCCL INFO GPU Direct RDMA Disabled for GPU 46000 / HCA 1 (distance 6 > 4)
x3004c0s25b1n0:20189:24263 [2] NCCL INFO Channel 03/0 : 14[85000] -> 15[c7000] via P2P/IPC/read
x3004c0s25b1n0:20188:24434 [1] NCCL INFO Mem Realloc old size 0, new size 8 pointer 0x14c850000c60
x3004c0s25b1n0:20188:24434 [1] NCCL INFO Allocated 4194656 bytes of shared memory in /dev/shm/nccl-vNWswJ

x3004c0s25b1n0:20188:24434 [1] NCCL INFO New proxy recv connection 0 from local rank 1, transport 2
x3004c0s25b1n0:20189:24438 [2] NCCL INFO New proxy send connection 3 from local rank 2, transport 0
x3004c0s25b1n0:20186:24264 [0] NCCL INFO Connection to proxy localRank 0 -> connection 0x149e7c000c80
x3004c0s25b1n0:20186:24444 [0] NCCL INFO transport/p2p.cc:430 Cuda Alloc Size 6291456 pointer 0x149ef8000000
x3004c0s25b1n0:20191:24265 [3] NCCL INFO Connection to proxy localRank 3 -> connection 0x1529dc000d00
x3004c0s25b1n0:20191:24404 [3] NCCL INFO transport/p2p.cc:449 Cuda Alloc Size 6291456 pointer 0x152a53e00000
x3004c0s25b1n0:20188:24262 [1] NCCL INFO Connection to proxy localRank 1 -> connection 0x14c850000c80
x3004c0s25b1n0:20189:24263 [2] NCCL INFO Connection to proxy localRank 2 -> connection 0x147f9c000d40
x3004c0s25b1n0:20189:24438 [2] NCCL INFO transport/p2p.cc:430 Cuda Alloc Size 6291456 pointer 0x148015200000
x3004c0s25b1n0:20191:24404 [3] NCCL INFO New proxy recv connection 3 from local rank 3, transport 0
x3004c0s25b1n0:20186:24264 [0] NCCL INFO Channel 01/0 : 12[7000] -> 14[85000] via P2P/IPC/read
x3004c0s25b1n0:20186:24444 [0] NCCL INFO New proxy send connection 1 from local rank 0, transport 0
x3004c0s25b1n0:20188:24262 [1] NCCL INFO Channel 00/0 : 11[c7000] -> 13[46000] [receive] via NET/IB/1
x3004c0s25b1n0:20188:24262 [1] NCCL INFO GPU Direct RDMA Disabled for GPU 46000 / HCA 0 (distance 7 > 4)
x3004c0s25b1n0:20188:24434 [1] NCCL INFO New proxy recv connection 1 from local rank 1, transport 2
x3004c0s25b1n0:20191:24265 [3] NCCL INFO Connection to proxy localRank 3 -> connection 0x1529dc000d40
x3004c0s25b1n0:20191:24404 [3] NCCL INFO transport/p2p.cc:449 Cuda Alloc Size 6291456 pointer 0x152a54400000
x3004c0s25b1n0:20186:24264 [0] NCCL INFO Connection to proxy localRank 0 -> connection 0x149e7c000cc0
x3004c0s25b1n0:20186:24444 [0] NCCL INFO transport/p2p.cc:430 Cuda Alloc Size 6291456 pointer 0x149ef8600000
x3004c0s25b1n0:20188:24262 [1] NCCL INFO Connection to proxy localRank 1 -> connection 0x14c850000cc0
x3004c0s25b1n0:20186:24264 [0] NCCL INFO Channel 02/0 : 12[7000] -> 14[85000] via P2P/IPC/read
x3004c0s25b1n0:20191:24265 [3] NCCL INFO GPU Direct RDMA Disabled for GPU c7000 / HCA 1 (distance 7 > 4)
x3004c0s25b1n0:20191:24404 [3] NCCL INFO Allocated 4194656 bytes of shared memory in /dev/shm/nccl-LZWUGX

x3004c0s25b1n0:20191:24404 [3] NCCL INFO New proxy send connection 4 from local rank 3, transport 2
x3004c0s25b1n0:20189:24438 [2] NCCL INFO New proxy recv connection 4 from local rank 2, transport 0
x3004c0s25b1n0:20188:24262 [1] NCCL INFO Channel 01/0 : 11[c7000] -> 13[46000] [receive] via NET/IB/0
x3004c0s25b1n0:20188:24262 [1] NCCL INFO GPU Direct RDMA Disabled for GPU 46000 / HCA 1 (distance 6 > 4)
x3004c0s25b1n0:20188:24434 [1] NCCL INFO New proxy recv connection 2 from local rank 1, transport 2
x3004c0s25b1n0:20186:24444 [0] NCCL INFO New proxy send connection 2 from local rank 0, transport 0
x3004c0s25b1n0:20188:24262 [1] NCCL INFO Connection to proxy localRank 1 -> connection 0x14c850000d00
x3004c0s25b1n0:20188:24262 [1] NCCL INFO Channel 02/0 : 11[c7000] -> 13[46000] [receive] via NET/IB/1
x3004c0s25b1n0:20188:24262 [1] NCCL INFO GPU Direct RDMA Disabled for GPU 46000 / HCA 0 (distance 7 > 4)
x3004c0s25b1n0:20191:24265 [3] NCCL INFO Connection to proxy localRank 3 -> connection 0x1529dc000d80
x3004c0s25b1n0:20191:24265 [3] NCCL INFO Channel 00/0 : 15[c7000] -> 17[46000] [send] via NET/IB/1
x3004c0s25b1n0:20191:24265 [3] NCCL INFO GPU Direct RDMA Disabled for GPU c7000 / HCA 0 (distance 6 > 4)
x3004c0s25b1n0:20191:24404 [3] NCCL INFO New proxy send connection 5 from local rank 3, transport 2
x3004c0s25b1n0:20191:24265 [3] NCCL INFO Connection to proxy localRank 3 -> connection 0x1529dc000dc0
x3004c0s25b1n0:20188:24434 [1] NCCL INFO New proxy recv connection 3 from local rank 1, transport 2
x3004c0s25b1n0:20186:24264 [0] NCCL INFO Connection to proxy localRank 0 -> connection 0x149e7c000d00
x3004c0s25b1n0:20186:24444 [0] NCCL INFO transport/p2p.cc:430 Cuda Alloc Size 6291456 pointer 0x149ef8c00000
x3004c0s25b1n0:20189:24263 [2] NCCL INFO Connection to proxy localRank 2 -> connection 0x147f9c000d80
x3004c0s25b1n0:20189:24438 [2] NCCL INFO transport/p2p.cc:449 Cuda Alloc Size 6291456 pointer 0x147f97800000
x3004c0s25b1n0:20191:24265 [3] NCCL INFO Channel 01/0 : 15[c7000] -> 17[46000] [send] via NET/IB/0
x3004c0s25b1n0:20191:24265 [3] NCCL INFO GPU Direct RDMA Disabled for GPU c7000 / HCA 1 (distance 7 > 4)
x3004c0s25b1n0:20186:24264 [0] NCCL INFO Channel 03/0 : 12[7000] -> 14[85000] via P2P/IPC/read
x3004c0s25b1n0:20186:24444 [0] NCCL INFO New proxy send connection 3 from local rank 0, transport 0
x3004c0s25b1n0:20186:24264 [0] NCCL INFO Connection to proxy localRank 0 -> connection 0x149e7c000d40
x3004c0s25b1n0:20188:24262 [1] NCCL INFO Connection to proxy localRank 1 -> connection 0x14c850000d40
x3004c0s25b1n0:20189:24438 [2] NCCL INFO New proxy recv connection 5 from local rank 2, transport 0
x3004c0s25b1n0:20191:24404 [3] NCCL INFO New proxy send connection 6 from local rank 3, transport 2
x3004c0s25b1n0:20188:24262 [1] NCCL INFO Channel 03/0 : 11[c7000] -> 13[46000] [receive] via NET/IB/0
x3004c0s25b1n0:20189:24263 [2] NCCL INFO Connection to proxy localRank 2 -> connection 0x147f9c000dc0
x3004c0s25b1n0:20189:24438 [2] NCCL INFO transport/p2p.cc:449 Cuda Alloc Size 6291456 pointer 0x147f94000000
x3004c0s25b1n0:20191:24265 [3] NCCL INFO Connection to proxy localRank 3 -> connection 0x1529dc000e00
x3004c0s25b1n0:20191:24265 [3] NCCL INFO Channel 02/0 : 15[c7000] -> 17[46000] [send] via NET/IB/1
x3004c0s25b1n0:20191:24265 [3] NCCL INFO GPU Direct RDMA Disabled for GPU c7000 / HCA 0 (distance 6 > 4)
x3004c0s25b1n0:20191:24404 [3] NCCL INFO New proxy send connection 7 from local rank 3, transport 2
x3004c0s25b1n0:20186:24444 [0] NCCL INFO transport/p2p.cc:430 Cuda Alloc Size 6291456 pointer 0x149ef9200000
x3004c0s25b1n0:20189:24438 [2] NCCL INFO New proxy recv connection 6 from local rank 2, transport 0
x3004c0s25b1n0:20191:24265 [3] NCCL INFO Connection to proxy localRank 3 -> connection 0x1529dc000e40
x3004c0s25b1n0:20191:24265 [3] NCCL INFO Channel 03/0 : 15[c7000] -> 17[46000] [send] via NET/IB/0
x3004c0s25b1n0:20189:24263 [2] NCCL INFO Connection to proxy localRank 2 -> connection 0x147f9c000e00
x3004c0s25b1n0:20189:24438 [2] NCCL INFO transport/p2p.cc:449 Cuda Alloc Size 6291456 pointer 0x147f94600000
x3004c0s25b1n0:20191:24404 [3] NCCL INFO transport/net_ib.cc:596 Ib Alloc Size 26560 pointer 0x1529dc020000
x3004c0s25b1n0:20189:24438 [2] NCCL INFO New proxy recv connection 7 from local rank 2, transport 0
x3004c0s25b1n0:20191:24404 [3] NCCL INFO NET/IB: Dev 1 Port 1 qpn 10614 mtu 5 GID 0 (80FE/DA0100FEFF000000)
x3004c0s25b1n0:20191:24404 [3] NCCL INFO transport/net_ib.cc:653 Ib Alloc Size 552 pointer 0x1529dc038000
x3004c0s25b1n0:20191:24404 [3] NCCL INFO transport/net.cc:571 Cuda Host Alloc Size 9641984 pointer 0x1529e2c00000
x3004c0s25b1n0:20188:24434 [1] NCCL INFO transport/net_ib.cc:683 Ib Alloc Size 21688 pointer 0x14c85001d000
x3004c0s25b1n0:20188:24434 [1] NCCL INFO transport/net_ib.cc:696 Ib Alloc Size 552 pointer 0x14c850024000
x3004c0s25b1n0:20189:24263 [2] NCCL INFO Connection to proxy localRank 2 -> connection 0x147f9c000e40
x3004c0s25b1n0:20189:24438 [2] NCCL INFO transport/p2p.cc:449 Cuda Alloc Size 6291456 pointer 0x147f94c00000
x3004c0s25b1n0:20191:24404 [3] NCCL INFO transport/net_ib.cc:596 Ib Alloc Size 26560 pointer 0x1529dc03a000
x3004c0s25b1n0:20191:24404 [3] NCCL INFO NET/IB: Dev 0 Port 1 qpn 10385 mtu 5 GID 0 (80FE/880100FEFF000000)
x3004c0s25b1n0:20191:24404 [3] NCCL INFO transport/net_ib.cc:653 Ib Alloc Size 552 pointer 0x1529dc051000
x3004c0s25b1n0:20188:24434 [1] NCCL INFO transport/net_ib.cc:771 Ib Alloc Size 552 pointer 0x14c850041000
x3004c0s25b1n0:20188:24434 [1] NCCL INFO transport/net.cc:698 Cuda Host Alloc Size 9641984 pointer 0x14c8caa00000
x3004c0s25b1n0:20191:24404 [3] NCCL INFO transport/net.cc:571 Cuda Host Alloc Size 9641984 pointer 0x1529e3600000
x3004c0s25b1n0:20188:24434 [1] NCCL INFO transport/net_ib.cc:683 Ib Alloc Size 21688 pointer 0x14c850043000
x3004c0s25b1n0:20188:24434 [1] NCCL INFO transport/net_ib.cc:696 Ib Alloc Size 552 pointer 0x14c85004a000
x3004c0s25b1n0:20191:24404 [3] NCCL INFO transport/net_ib.cc:596 Ib Alloc Size 26560 pointer 0x1529dc053000
x3004c0s25b1n0:20189:24263 [2] NCCL INFO Connected all rings
x3004c0s25b1n0:20191:24404 [3] NCCL INFO NET/IB: Dev 1 Port 1 qpn 10617 mtu 5 GID 0 (80FE/DA0100FEFF000000)
x3004c0s25b1n0:20191:24404 [3] NCCL INFO transport/net_ib.cc:653 Ib Alloc Size 552 pointer 0x1529dc06a000
x3004c0s25b1n0:20191:24404 [3] NCCL INFO transport/net.cc:571 Cuda Host Alloc Size 9641984 pointer 0x1529d6000000
x3004c0s25b1n0:20186:24444 [0] NCCL INFO New proxy recv connection 4 from local rank 0, transport 0
x3004c0s25b1n0:20191:24404 [3] NCCL INFO transport/net_ib.cc:596 Ib Alloc Size 26560 pointer 0x1529dc06c000
x3004c0s25b1n0:20188:24434 [1] NCCL INFO transport/net_ib.cc:771 Ib Alloc Size 552 pointer 0x14c850065000
x3004c0s25b1n0:20188:24434 [1] NCCL INFO transport/net.cc:698 Cuda Host Alloc Size 9641984 pointer 0x14c8cb400000
x3004c0s25b1n0:20191:24404 [3] NCCL INFO NET/IB: Dev 0 Port 1 qpn 10388 mtu 5 GID 0 (80FE/880100FEFF000000)
x3004c0s25b1n0:20191:24404 [3] NCCL INFO transport/net_ib.cc:653 Ib Alloc Size 552 pointer 0x1529dc083000
x3004c0s25b1n0:20191:24404 [3] NCCL INFO transport/net.cc:571 Cuda Host Alloc Size 9641984 pointer 0x1529d6a00000
x3004c0s25b1n0:20188:24434 [1] NCCL INFO transport/net_ib.cc:683 Ib Alloc Size 21688 pointer 0x14c850067000
x3004c0s25b1n0:20188:24434 [1] NCCL INFO transport/net_ib.cc:696 Ib Alloc Size 552 pointer 0x14c85006e000
x3004c0s25b1n0:20189:24438 [2] NCCL INFO New proxy recv connection 8 from local rank 2, transport 0
x3004c0s25b1n0:20186:24264 [0] NCCL INFO Connection to proxy localRank 0 -> connection 0x149e7c000d80
x3004c0s25b1n0:20186:24444 [0] NCCL INFO transport/p2p.cc:449 Cuda Alloc Size 6291456 pointer 0x149e77800000
x3004c0s25b1n0:20186:24444 [0] NCCL INFO New proxy recv connection 5 from local rank 0, transport 0
x3004c0s25b1n0:20189:24263 [2] NCCL INFO Connection to proxy localRank 2 -> connection 0x147f9c000e80
x3004c0s25b1n0:20189:24438 [2] NCCL INFO transport/p2p.cc:449 Cuda Alloc Size 6291456 pointer 0x147f92c00000
x3004c0s25b1n0:20191:24265 [3] NCCL INFO Connected all rings
x3004c0s25b1n0:20191:24265 [3] NCCL INFO Channel 00/0 : 15[c7000] -> 14[85000] via P2P/IPC/read
x3004c0s25b1n0:20191:24404 [3] NCCL INFO New proxy send connection 8 from local rank 3, transport 0
x3004c0s25b1n0:20188:24434 [1] NCCL INFO transport/net_ib.cc:771 Ib Alloc Size 552 pointer 0x14c850089000
x3004c0s25b1n0:20188:24434 [1] NCCL INFO transport/net.cc:698 Cuda Host Alloc Size 9641984 pointer 0x14c8cbe00000
x3004c0s25b1n0:20189:24438 [2] NCCL INFO New proxy recv connection 9 from local rank 2, transport 0
x3004c0s25b1n0:20191:24265 [3] NCCL INFO Connection to proxy localRank 3 -> connection 0x1529dc000e80
x3004c0s25b1n0:20191:24404 [3] NCCL INFO transport/p2p.cc:430 Cuda Alloc Size 6291456 pointer 0x1529d7400000
x3004c0s25b1n0:20188:24434 [1] NCCL INFO transport/net_ib.cc:683 Ib Alloc Size 21688 pointer 0x14c85008b000
x3004c0s25b1n0:20188:24434 [1] NCCL INFO transport/net_ib.cc:696 Ib Alloc Size 552 pointer 0x14c850092000
x3004c0s25b1n0:20186:24264 [0] NCCL INFO Connection to proxy localRank 0 -> connection 0x149e7c000dc0
x3004c0s25b1n0:20186:24444 [0] NCCL INFO transport/p2p.cc:449 Cuda Alloc Size 6291456 pointer 0x149e74000000
x3004c0s25b1n0:20189:24263 [2] NCCL INFO Connection to proxy localRank 2 -> connection 0x147f9c000ec0
x3004c0s25b1n0:20189:24438 [2] NCCL INFO transport/p2p.cc:449 Cuda Alloc Size 6291456 pointer 0x147f93200000
x3004c0s25b1n0:20191:24265 [3] NCCL INFO Channel 01/0 : 15[c7000] -> 14[85000] via P2P/IPC/read
x3004c0s25b1n0:20191:24404 [3] NCCL INFO New proxy send connection 9 from local rank 3, transport 0
x3004c0s25b1n0:20186:24444 [0] NCCL INFO New proxy recv connection 6 from local rank 0, transport 0
x3004c0s25b1n0:20188:24434 [1] NCCL INFO transport/net_ib.cc:771 Ib Alloc Size 552 pointer 0x14c8500ad000
x3004c0s25b1n0:20188:24434 [1] NCCL INFO transport/net.cc:698 Cuda Host Alloc Size 9641984 pointer 0x14c8cc800000
x3004c0s25b1n0:20189:24438 [2] NCCL INFO New proxy recv connection 10 from local rank 2, transport 0
x3004c0s25b1n0:20188:24262 [1] NCCL INFO Channel 00/0 : 13[46000] -> 12[7000] via P2P/IPC/read
x3004c0s25b1n0:20188:24434 [1] NCCL INFO New proxy send connection 4 from local rank 1, transport 0
x3004c0s25b1n0:20191:24265 [3] NCCL INFO Connection to proxy localRank 3 -> connection 0x1529dc000ec0
x3004c0s25b1n0:20191:24404 [3] NCCL INFO transport/p2p.cc:430 Cuda Alloc Size 6291456 pointer 0x1529d7a00000
x3004c0s25b1n0:20186:24264 [0] NCCL INFO Connection to proxy localRank 0 -> connection 0x149e7c000e00
x3004c0s25b1n0:20186:24444 [0] NCCL INFO transport/p2p.cc:449 Cuda Alloc Size 6291456 pointer 0x149e74600000
x3004c0s25b1n0:20188:24262 [1] NCCL INFO Connection to proxy localRank 1 -> connection 0x14c850000d80
x3004c0s25b1n0:20188:24434 [1] NCCL INFO transport/p2p.cc:430 Cuda Alloc Size 6291456 pointer 0x14c8cd200000
x3004c0s25b1n0:20189:24263 [2] NCCL INFO Connection to proxy localRank 2 -> connection 0x147f9c000f00
x3004c0s25b1n0:20189:24438 [2] NCCL INFO transport/p2p.cc:449 Cuda Alloc Size 6291456 pointer 0x147f93800000
x3004c0s25b1n0:20191:24265 [3] NCCL INFO Channel 02/0 : 15[c7000] -> 14[85000] via P2P/IPC/read
x3004c0s25b1n0:20191:24404 [3] NCCL INFO New proxy send connection 10 from local rank 3, transport 0
x3004c0s25b1n0:20186:24444 [0] NCCL INFO New proxy recv connection 7 from local rank 0, transport 0
x3004c0s25b1n0:20191:24265 [3] NCCL INFO Connection to proxy localRank 3 -> connection 0x1529dc000f00
x3004c0s25b1n0:20191:24404 [3] NCCL INFO transport/p2p.cc:430 Cuda Alloc Size 6291456 pointer 0x1529d4000000
x3004c0s25b1n0:20186:24264 [0] NCCL INFO Connection to proxy localRank 0 -> connection 0x149e7c000e40
x3004c0s25b1n0:20186:24444 [0] NCCL INFO transport/p2p.cc:449 Cuda Alloc Size 6291456 pointer 0x149e74c00000
x3004c0s25b1n0:20188:24262 [1] NCCL INFO Channel 01/0 : 13[46000] -> 12[7000] via P2P/IPC/read
x3004c0s25b1n0:20188:24434 [1] NCCL INFO New proxy send connection 5 from local rank 1, transport 0
x3004c0s25b1n0:20189:24438 [2] NCCL INFO New proxy recv connection 11 from local rank 2, transport 0
x3004c0s25b1n0:20188:24262 [1] NCCL INFO Connection to proxy localRank 1 -> connection 0x14c850000dc0
x3004c0s25b1n0:20188:24434 [1] NCCL INFO transport/p2p.cc:430 Cuda Alloc Size 6291456 pointer 0x14c84a000000
x3004c0s25b1n0:20188:24262 [1] NCCL INFO Channel 02/0 : 13[46000] -> 12[7000] via P2P/IPC/read
x3004c0s25b1n0:20191:24265 [3] NCCL INFO Channel 03/0 : 15[c7000] -> 14[85000] via P2P/IPC/read
x3004c0s25b1n0:20191:24404 [3] NCCL INFO New proxy send connection 11 from local rank 3, transport 0
x3004c0s25b1n0:20188:24434 [1] NCCL INFO New proxy send connection 6 from local rank 1, transport 0
x3004c0s25b1n0:20189:24263 [2] NCCL INFO Connection to proxy localRank 2 -> connection 0x147f9c000f40
x3004c0s25b1n0:20189:24438 [2] NCCL INFO transport/p2p.cc:449 Cuda Alloc Size 6291456 pointer 0x147f90000000
x3004c0s25b1n0:20191:24265 [3] NCCL INFO Connection to proxy localRank 3 -> connection 0x1529dc000f40
x3004c0s25b1n0:20191:24404 [3] NCCL INFO transport/p2p.cc:430 Cuda Alloc Size 6291456 pointer 0x1529d4600000
x3004c0s25b1n0:20188:24262 [1] NCCL INFO Connection to proxy localRank 1 -> connection 0x14c850000e00
x3004c0s25b1n0:20188:24434 [1] NCCL INFO transport/p2p.cc:430 Cuda Alloc Size 6291456 pointer 0x14c84a600000
x3004c0s25b1n0:20188:24262 [1] NCCL INFO Channel 03/0 : 13[46000] -> 12[7000] via P2P/IPC/read
x3004c0s25b1n0:20188:24434 [1] NCCL INFO New proxy send connection 7 from local rank 1, transport 0
x3004c0s25b1n0:20188:24262 [1] NCCL INFO Connection to proxy localRank 1 -> connection 0x14c850000e40
x3004c0s25b1n0:20188:24434 [1] NCCL INFO transport/p2p.cc:430 Cuda Alloc Size 6291456 pointer 0x14c84ac00000
x3004c0s25b1n0:20188:24262 [1] NCCL INFO Connected all rings
x3004c0s25b1n0:20188:24434 [1] NCCL INFO New proxy recv connection 8 from local rank 1, transport 0
x3004c0s25b1n0:20186:24264 [0] NCCL INFO Connected all rings
x3004c0s25b1n0:20186:24264 [0] NCCL INFO Channel 00/0 : 12[7000] -> 13[46000] via P2P/IPC/read
x3004c0s25b1n0:20186:24444 [0] NCCL INFO New proxy send connection 8 from local rank 0, transport 0
x3004c0s25b1n0:20186:24264 [0] NCCL INFO Connection to proxy localRank 0 -> connection 0x149e7c000e80
x3004c0s25b1n0:20186:24444 [0] NCCL INFO transport/p2p.cc:430 Cuda Alloc Size 6291456 pointer 0x149e72c00000
x3004c0s25b1n0:20186:24264 [0] NCCL INFO Channel 01/0 : 12[7000] -> 13[46000] via P2P/IPC/read
x3004c0s25b1n0:20188:24262 [1] NCCL INFO Connection to proxy localRank 1 -> connection 0x14c850000e80
x3004c0s25b1n0:20188:24434 [1] NCCL INFO transport/p2p.cc:449 Cuda Alloc Size 6291456 pointer 0x14c842c00000
x3004c0s25b1n0:20186:24444 [0] NCCL INFO New proxy send connection 9 from local rank 0, transport 0
x3004c0s25b1n0:20188:24434 [1] NCCL INFO New proxy recv connection 9 from local rank 1, transport 0
x3004c0s25b1n0:20188:24262 [1] NCCL INFO Connection to proxy localRank 1 -> connection 0x14c850000ec0
x3004c0s25b1n0:20188:24434 [1] NCCL INFO transport/p2p.cc:449 Cuda Alloc Size 6291456 pointer 0x14c843200000
x3004c0s25b1n0:20186:24264 [0] NCCL INFO Connection to proxy localRank 0 -> connection 0x149e7c000ec0
x3004c0s25b1n0:20186:24444 [0] NCCL INFO transport/p2p.cc:430 Cuda Alloc Size 6291456 pointer 0x149e73200000
x3004c0s25b1n0:20186:24264 [0] NCCL INFO Channel 02/0 : 12[7000] -> 13[46000] via P2P/IPC/read
x3004c0s25b1n0:20186:24444 [0] NCCL INFO New proxy send connection 10 from local rank 0, transport 0
x3004c0s25b1n0:20188:24434 [1] NCCL INFO New proxy recv connection 10 from local rank 1, transport 0
x3004c0s25b1n0:20188:24262 [1] NCCL INFO Connection to proxy localRank 1 -> connection 0x14c850000f00
x3004c0s25b1n0:20188:24434 [1] NCCL INFO transport/p2p.cc:449 Cuda Alloc Size 6291456 pointer 0x14c843800000
x3004c0s25b1n0:20186:24264 [0] NCCL INFO Connection to proxy localRank 0 -> connection 0x149e7c000f00
x3004c0s25b1n0:20186:24444 [0] NCCL INFO transport/p2p.cc:430 Cuda Alloc Size 6291456 pointer 0x149e73800000
x3004c0s25b1n0:20188:24434 [1] NCCL INFO New proxy recv connection 11 from local rank 1, transport 0
x3004c0s25b1n0:20188:24262 [1] NCCL INFO Connection to proxy localRank 1 -> connection 0x14c850000f40
x3004c0s25b1n0:20188:24434 [1] NCCL INFO transport/p2p.cc:449 Cuda Alloc Size 6291456 pointer 0x14c840000000
x3004c0s25b1n0:20186:24264 [0] NCCL INFO Channel 03/0 : 12[7000] -> 13[46000] via P2P/IPC/read
x3004c0s25b1n0:20186:24444 [0] NCCL INFO New proxy send connection 11 from local rank 0, transport 0
x3004c0s25b1n0:20188:24262 [1] NCCL INFO Channel 00/0 : 13[46000] -> 14[85000] via P2P/IPC/read
x3004c0s25b1n0:20188:24434 [1] NCCL INFO New proxy send connection 12 from local rank 1, transport 0
x3004c0s25b1n0:20186:24264 [0] NCCL INFO Connection to proxy localRank 0 -> connection 0x149e7c000f40
x3004c0s25b1n0:20186:24444 [0] NCCL INFO transport/p2p.cc:430 Cuda Alloc Size 6291456 pointer 0x149e70000000
x3004c0s25b1n0:20188:24262 [1] NCCL INFO Connection to proxy localRank 1 -> connection 0x14c850000f80
x3004c0s25b1n0:20188:24434 [1] NCCL INFO transport/p2p.cc:430 Cuda Alloc Size 6291456 pointer 0x14c840600000
x3004c0s25b1n0:20188:24262 [1] NCCL INFO Channel 01/0 : 13[46000] -> 14[85000] via P2P/IPC/read
x3004c0s25b1n0:20188:24434 [1] NCCL INFO New proxy send connection 13 from local rank 1, transport 0
x3004c0s25b1n0:20188:24262 [1] NCCL INFO Connection to proxy localRank 1 -> connection 0x14c850000fc0
x3004c0s25b1n0:20188:24434 [1] NCCL INFO transport/p2p.cc:430 Cuda Alloc Size 6291456 pointer 0x14c840c00000
x3004c0s25b1n0:20188:24262 [1] NCCL INFO Channel 02/0 : 13[46000] -> 14[85000] via P2P/IPC/read
x3004c0s25b1n0:20188:24434 [1] NCCL INFO New proxy send connection 14 from local rank 1, transport 0
x3004c0s25b1n0:20188:24262 [1] NCCL INFO Connection to proxy localRank 1 -> connection 0x14c850001000
x3004c0s25b1n0:20188:24434 [1] NCCL INFO transport/p2p.cc:430 Cuda Alloc Size 6291456 pointer 0x14c841200000
x3004c0s25b1n0:20188:24262 [1] NCCL INFO Channel 03/0 : 13[46000] -> 14[85000] via P2P/IPC/read
x3004c0s25b1n0:20188:24434 [1] NCCL INFO New proxy send connection 15 from local rank 1, transport 0
x3004c0s25b1n0:20188:24262 [1] NCCL INFO Connection to proxy localRank 1 -> connection 0x14c850001040
x3004c0s25b1n0:20188:24434 [1] NCCL INFO transport/p2p.cc:430 Cuda Alloc Size 6291456 pointer 0x14c841800000
x3004c0s25b1n0:20188:24262 [1] NCCL INFO GPU Direct RDMA Disabled for GPU 46000 / HCA 1 (distance 6 > 4)
x3004c0s25b1n0:20188:24434 [1] NCCL INFO New proxy recv connection 16 from local rank 1, transport 2
x3004c0s25b1n0:20189:24438 [2] NCCL INFO New proxy recv connection 12 from local rank 2, transport 0
x3004c0s25b1n0:20186:24264 [0] NCCL INFO GPU Direct RDMA Disabled for GPU 7000 / HCA 1 (distance 7 > 4)
x3004c0s25b1n0:20186:24444 [0] NCCL INFO Allocated 4194656 bytes of shared memory in /dev/shm/nccl-BIxseB

x3004c0s25b1n0:20186:24444 [0] NCCL INFO New proxy recv connection 12 from local rank 0, transport 2
x3004c0s25b1n0:20188:24262 [1] NCCL INFO Connection to proxy localRank 1 -> connection 0x14c850001080
x3004c0s25b1n0:20189:24263 [2] NCCL INFO Connection to proxy localRank 2 -> connection 0x147f9c000f80
x3004c0s25b1n0:20189:24438 [2] NCCL INFO transport/p2p.cc:449 Cuda Alloc Size 6291456 pointer 0x147f8e000000
x3004c0s25b1n0:20186:24264 [0] NCCL INFO Connection to proxy localRank 0 -> connection 0x149e7c000f80
x3004c0s25b1n0:20188:24262 [1] NCCL INFO Channel 02/0 : 8[7000] -> 13[46000] [receive] via NET/IB/1
x3004c0s25b1n0:20188:24262 [1] NCCL INFO GPU Direct RDMA Disabled for GPU 46000 / HCA 0 (distance 7 > 4)
x3004c0s25b1n0:20188:24434 [1] NCCL INFO New proxy recv connection 17 from local rank 1, transport 2
x3004c0s25b1n0:20186:24264 [0] NCCL INFO Channel 00/0 : 8[7000] -> 12[7000] [receive] via NET/IB/1
x3004c0s25b1n0:20186:24264 [0] NCCL INFO GPU Direct RDMA Disabled for GPU 7000 / HCA 0 (distance 7 > 4)
x3004c0s25b1n0:20186:24444 [0] NCCL INFO New proxy recv connection 13 from local rank 0, transport 2
x3004c0s25b1n0:20189:24438 [2] NCCL INFO New proxy recv connection 13 from local rank 2, transport 0
x3004c0s25b1n0:20188:24262 [1] NCCL INFO Connection to proxy localRank 1 -> connection 0x14c8500010c0
x3004c0s25b1n0:20186:24264 [0] NCCL INFO Connection to proxy localRank 0 -> connection 0x149e7c000fc0
x3004c0s25b1n0:20189:24263 [2] NCCL INFO Connection to proxy localRank 2 -> connection 0x147f9c000fc0
x3004c0s25b1n0:20189:24438 [2] NCCL INFO transport/p2p.cc:449 Cuda Alloc Size 6291456 pointer 0x147f8e600000
x3004c0s25b1n0:20186:24264 [0] NCCL INFO Channel 01/0 : 8[7000] -> 12[7000] [receive] via NET/IB/0
x3004c0s25b1n0:20186:24264 [0] NCCL INFO GPU Direct RDMA Disabled for GPU 7000 / HCA 1 (distance 7 > 4)
x3004c0s25b1n0:20186:24444 [0] NCCL INFO New proxy send connection 14 from local rank 0, transport 2
x3004c0s25b1n0:20188:24262 [1] NCCL INFO Channel 03/0 : 8[7000] -> 13[46000] [receive] via NET/IB/0
x3004c0s25b1n0:20189:24438 [2] NCCL INFO New proxy recv connection 14 from local rank 2, transport 0
x3004c0s25b1n0:20189:24263 [2] NCCL INFO Connection to proxy localRank 2 -> connection 0x147f9c001000
x3004c0s25b1n0:20189:24438 [2] NCCL INFO transport/p2p.cc:449 Cuda Alloc Size 6291456 pointer 0x147f8ec00000
x3004c0s25b1n0:20189:24438 [2] NCCL INFO New proxy recv connection 15 from local rank 2, transport 0
x3004c0s25b1n0:20186:24264 [0] NCCL INFO Connection to proxy localRank 0 -> connection 0x149e7c001000
x3004c0s25b1n0:20186:24264 [0] NCCL INFO Channel 02/0 : 12[7000] -> 16[7000] [send] via NET/IB/1
x3004c0s25b1n0:20186:24264 [0] NCCL INFO GPU Direct RDMA Disabled for GPU 7000 / HCA 0 (distance 7 > 4)
x3004c0s25b1n0:20186:24444 [0] NCCL INFO New proxy send connection 15 from local rank 0, transport 2
x3004c0s25b1n0:20189:24263 [2] NCCL INFO Connection to proxy localRank 2 -> connection 0x147f9c001040
x3004c0s25b1n0:20189:24438 [2] NCCL INFO transport/p2p.cc:449 Cuda Alloc Size 6291456 pointer 0x147f8f200000
x3004c0s25b1n0:20189:24263 [2] NCCL INFO Channel 00/0 : 14[85000] -> 13[46000] via P2P/IPC/read
x3004c0s25b1n0:20186:24264 [0] NCCL INFO Connection to proxy localRank 0 -> connection 0x149e7c001040
x3004c0s25b1n0:20186:24264 [0] NCCL INFO Channel 03/0 : 12[7000] -> 16[7000] [send] via NET/IB/0
x3004c0s25b1n0:20186:24444 [0] NCCL INFO transport/net_ib.cc:596 Ib Alloc Size 26560 pointer 0x149e7c026000
x3004c0s25b1n0:20189:24438 [2] NCCL INFO New proxy send connection 16 from local rank 2, transport 0
x3004c0s25b1n0:20186:24444 [0] NCCL INFO NET/IB: Dev 1 Port 1 qpn 10620 mtu 5 GID 0 (80FE/DA0100FEFF000000)
x3004c0s25b1n0:20186:24444 [0] NCCL INFO transport/net_ib.cc:653 Ib Alloc Size 552 pointer 0x149e7c03e000
x3004c0s25b1n0:20186:24444 [0] NCCL INFO transport/net.cc:571 Cuda Host Alloc Size 9641984 pointer 0x149e6e000000
x3004c0s25b1n0:20186:24444 [0] NCCL INFO transport/net_ib.cc:596 Ib Alloc Size 26560 pointer 0x149e7c040000
x3004c0s25b1n0:20186:24444 [0] NCCL INFO NET/IB: Dev 0 Port 1 qpn 10391 mtu 5 GID 0 (80FE/880100FEFF000000)
x3004c0s25b1n0:20186:24444 [0] NCCL INFO transport/net_ib.cc:653 Ib Alloc Size 552 pointer 0x149e7c057000
x3004c0s25b1n0:20186:24444 [0] NCCL INFO transport/net.cc:571 Cuda Host Alloc Size 9641984 pointer 0x149e6ea00000
x3004c0s25b1n0:20189:24263 [2] NCCL INFO Connection to proxy localRank 2 -> connection 0x147f9c001080
x3004c0s25b1n0:20189:24438 [2] NCCL INFO transport/p2p.cc:430 Cuda Alloc Size 6291456 pointer 0x147f8f800000
x3004c0s25b1n0:20186:24444 [0] NCCL INFO transport/net_ib.cc:683 Ib Alloc Size 21688 pointer 0x149e7c059000
x3004c0s25b1n0:20186:24444 [0] NCCL INFO transport/net_ib.cc:696 Ib Alloc Size 552 pointer 0x149e7c060000
x3004c0s25b1n0:20189:24263 [2] NCCL INFO Channel 01/0 : 14[85000] -> 13[46000] via P2P/IPC/read
x3004c0s25b1n0:20186:24444 [0] NCCL INFO transport/net_ib.cc:771 Ib Alloc Size 552 pointer 0x149e7c07c000
x3004c0s25b1n0:20186:24444 [0] NCCL INFO transport/net.cc:698 Cuda Host Alloc Size 9641984 pointer 0x149e6f400000
x3004c0s25b1n0:20189:24438 [2] NCCL INFO New proxy send connection 17 from local rank 2, transport 0
x3004c0s25b1n0:20186:24444 [0] NCCL INFO transport/net_ib.cc:683 Ib Alloc Size 21688 pointer 0x149e7c07e000
x3004c0s25b1n0:20186:24444 [0] NCCL INFO transport/net_ib.cc:696 Ib Alloc Size 552 pointer 0x149e7c085000
x3004c0s25b1n0:20189:24263 [2] NCCL INFO Connection to proxy localRank 2 -> connection 0x147f9c0010c0
x3004c0s25b1n0:20186:24444 [0] NCCL INFO transport/net_ib.cc:771 Ib Alloc Size 552 pointer 0x149e7c0a0000
x3004c0s25b1n0:20186:24444 [0] NCCL INFO transport/net.cc:698 Cuda Host Alloc Size 9641984 pointer 0x149e66000000
x3004c0s25b1n0:20186:24264 [0] NCCL INFO GPU Direct RDMA Disabled for GPU 7000 / HCA 1 (distance 7 > 4)
x3004c0s25b1n0:20186:24444 [0] NCCL INFO New proxy send connection 16 from local rank 0, transport 2
x3004c0s25b1n0:20188:24434 [1] NCCL INFO transport/net_ib.cc:683 Ib Alloc Size 21688 pointer 0x14c8500be000
x3004c0s25b1n0:20188:24434 [1] NCCL INFO transport/net_ib.cc:696 Ib Alloc Size 552 pointer 0x14c85001a000
x3004c0s25b1n0:20189:24438 [2] NCCL INFO transport/p2p.cc:430 Cuda Alloc Size 6291456 pointer 0x147f8c000000
x3004c0s25b1n0:20186:24264 [0] NCCL INFO Connection to proxy localRank 0 -> connection 0x149e7c001080
x3004c0s25b1n0:20186:24264 [0] NCCL INFO Channel 02/0 : 12[7000] -> 1[46000] [send] via NET/IB/1
x3004c0s25b1n0:20186:24264 [0] NCCL INFO GPU Direct RDMA Disabled for GPU 7000 / HCA 0 (distance 7 > 4)
x3004c0s25b1n0:20186:24444 [0] NCCL INFO New proxy send connection 17 from local rank 0, transport 2
x3004c0s25b1n0:20188:24434 [1] NCCL INFO transport/net_ib.cc:771 Ib Alloc Size 552 pointer 0x14c8500df000
x3004c0s25b1n0:20188:24434 [1] NCCL INFO transport/net.cc:698 Cuda Host Alloc Size 9641984 pointer 0x14c83d200000
x3004c0s25b1n0:20189:24263 [2] NCCL INFO Channel 02/0 : 14[85000] -> 13[46000] via P2P/IPC/read
x3004c0s25b1n0:20189:24438 [2] NCCL INFO New proxy send connection 18 from local rank 2, transport 0
x3004c0s25b1n0:20189:24263 [2] NCCL INFO Connection to proxy localRank 2 -> connection 0x147f9c001100
x3004c0s25b1n0:20189:24438 [2] NCCL INFO transport/p2p.cc:430 Cuda Alloc Size 6291456 pointer 0x147f8c600000
x3004c0s25b1n0:20188:24434 [1] NCCL INFO transport/net_ib.cc:683 Ib Alloc Size 21688 pointer 0x14c8500e1000
x3004c0s25b1n0:20188:24434 [1] NCCL INFO transport/net_ib.cc:696 Ib Alloc Size 552 pointer 0x14c8500e8000
x3004c0s25b1n0:20186:24264 [0] NCCL INFO Connection to proxy localRank 0 -> connection 0x149e7c0010c0
x3004c0s25b1n0:20186:24264 [0] NCCL INFO Channel 03/0 : 12[7000] -> 1[46000] [send] via NET/IB/0
x3004c0s25b1n0:20186:24444 [0] NCCL INFO transport/net_ib.cc:596 Ib Alloc Size 26560 pointer 0x149e7c0ac000
x3004c0s25b1n0:20186:24444 [0] NCCL INFO NET/IB: Dev 1 Port 1 qpn 10625 mtu 5 GID 0 (80FE/DA0100FEFF000000)
x3004c0s25b1n0:20186:24444 [0] NCCL INFO transport/net_ib.cc:653 Ib Alloc Size 552 pointer 0x149e7c0c3000
x3004c0s25b1n0:20186:24444 [0] NCCL INFO transport/net.cc:571 Cuda Host Alloc Size 9641984 pointer 0x149e66a00000
x3004c0s25b1n0:20188:24434 [1] NCCL INFO transport/net_ib.cc:771 Ib Alloc Size 552 pointer 0x14c850103000
x3004c0s25b1n0:20188:24434 [1] NCCL INFO transport/net.cc:698 Cuda Host Alloc Size 9641984 pointer 0x14c83a000000
x3004c0s25b1n0:20189:24263 [2] NCCL INFO Channel 03/0 : 14[85000] -> 13[46000] via P2P/IPC/read
x3004c0s25b1n0:20189:24438 [2] NCCL INFO New proxy send connection 19 from local rank 2, transport 0
x3004c0s25b1n0:20186:24444 [0] NCCL INFO transport/net_ib.cc:596 Ib Alloc Size 26560 pointer 0x149e7c0c5000
x3004c0s25b1n0:20186:24444 [0] NCCL INFO NET/IB: Dev 0 Port 1 qpn 10396 mtu 5 GID 0 (80FE/880100FEFF000000)
x3004c0s25b1n0:20186:24444 [0] NCCL INFO transport/net_ib.cc:653 Ib Alloc Size 552 pointer 0x149e7c0dc000
x3004c0s25b1n0:20186:24444 [0] NCCL INFO transport/net.cc:571 Cuda Host Alloc Size 9641984 pointer 0x149e67400000
x3004c0s25b1n0:20186:24264 [0] NCCL INFO GPU Direct RDMA Disabled for GPU 7000 / HCA 1 (distance 7 > 4)
x3004c0s25b1n0:20186:24444 [0] NCCL INFO New proxy recv connection 18 from local rank 0, transport 2
x3004c0s25b1n0:20188:24262 [1] NCCL INFO GPU Direct RDMA Disabled for GPU 46000 / HCA 1 (distance 6 > 4)
x3004c0s25b1n0:20188:24434 [1] NCCL INFO New proxy send connection 18 from local rank 1, transport 2
x3004c0s25b1n0:20189:24263 [2] NCCL INFO Connection to proxy localRank 2 -> connection 0x147f9c001140
x3004c0s25b1n0:20189:24438 [2] NCCL INFO transport/p2p.cc:430 Cuda Alloc Size 6291456 pointer 0x147f8cc00000
x3004c0s25b1n0:20191:24265 [3] NCCL INFO Connected all trees by HAO
x3004c0s25b1n0:20191:24265 [3] NCCL INFO threadThresholds 8/8/64 | 160/8/64 | 512 | 512
x3004c0s25b1n0:20191:24265 [3] NCCL INFO 4 coll channels, 4 p2p channels, 2 p2p channels per peer
x3004c0s25b1n0:20191:24404 [3] NCCL INFO New proxy send connection 12 from local rank 3, transport 2
x3004c0s25b1n0:20191:24265 [3] NCCL INFO Connection to proxy localRank 3 -> connection 0x1529dc000f80
x3004c0s25b1n0:20191:24404 [3] NCCL INFO transport/net.cc:376 Cuda Alloc Size 8388608 pointer 0x1529d2600000
x3004c0s25b1n0:20188:24262 [1] NCCL INFO Connection to proxy localRank 1 -> connection 0x14c850001100
x3004c0s25b1n0:20188:24262 [1] NCCL INFO Channel 02/0 : 13[46000] -> 8[7000] [send] via NET/IB/1
x3004c0s25b1n0:20188:24262 [1] NCCL INFO GPU Direct RDMA Disabled for GPU 46000 / HCA 0 (distance 7 > 4)
x3004c0s25b1n0:20188:24434 [1] NCCL INFO New proxy send connection 19 from local rank 1, transport 2
x3004c0s25b1n0:20186:24264 [0] NCCL INFO Connection to proxy localRank 0 -> connection 0x149e7c001100
x3004c0s25b1n0:20188:24262 [1] NCCL INFO Connection to proxy localRank 1 -> connection 0x14c850001140
x3004c0s25b1n0:20188:24262 [1] NCCL INFO Channel 03/0 : 13[46000] -> 8[7000] [send] via NET/IB/0
x3004c0s25b1n0:20186:24264 [0] NCCL INFO Channel 02/0 : 1[46000] -> 12[7000] [receive] via NET/IB/1
x3004c0s25b1n0:20186:24264 [0] NCCL INFO GPU Direct RDMA Disabled for GPU 7000 / HCA 0 (distance 7 > 4)
x3004c0s25b1n0:20186:24444 [0] NCCL INFO New proxy recv connection 19 from local rank 0, transport 2
x3004c0s25b1n0:20186:24264 [0] NCCL INFO Connection to proxy localRank 0 -> connection 0x149e7c001140
x3004c0s25b1n0:20186:24264 [0] NCCL INFO Channel 03/0 : 1[46000] -> 12[7000] [receive] via NET/IB/0
x3004c0s25b1n0:20186:24444 [0] NCCL INFO transport/net_ib.cc:683 Ib Alloc Size 21688 pointer 0x149e7c0e8000
x3004c0s25b1n0:20186:24444 [0] NCCL INFO transport/net_ib.cc:696 Ib Alloc Size 552 pointer 0x149e7c0ef000
x3004c0s25b1n0:20186:24444 [0] NCCL INFO transport/net_ib.cc:771 Ib Alloc Size 552 pointer 0x149e7c10a000
x3004c0s25b1n0:20186:24444 [0] NCCL INFO transport/net.cc:698 Cuda Host Alloc Size 9641984 pointer 0x149e64000000
x3004c0s25b1n0:20186:24444 [0] NCCL INFO transport/net_ib.cc:683 Ib Alloc Size 21688 pointer 0x149e7c10c000
x3004c0s25b1n0:20186:24444 [0] NCCL INFO transport/net_ib.cc:696 Ib Alloc Size 552 pointer 0x149e7c113000
x3004c0s25b1n0:20186:24444 [0] NCCL INFO transport/net_ib.cc:771 Ib Alloc Size 552 pointer 0x149e7c12e000
x3004c0s25b1n0:20186:24444 [0] NCCL INFO transport/net.cc:698 Cuda Host Alloc Size 9641984 pointer 0x149e64a00000
x3004c0s25b1n0:20186:24264 [0] NCCL INFO GPU Direct RDMA Disabled for GPU 7000 / HCA 1 (distance 7 > 4)
x3004c0s25b1n0:20186:24444 [0] NCCL INFO New proxy recv connection 20 from local rank 0, transport 2
x3004c0s25b1n0:20186:24264 [0] NCCL INFO Connection to proxy localRank 0 -> connection 0x149e7c001180
x3004c0s25b1n0:20186:24264 [0] NCCL INFO Channel 02/0 : 16[7000] -> 12[7000] [receive] via NET/IB/1
x3004c0s25b1n0:20186:24264 [0] NCCL INFO GPU Direct RDMA Disabled for GPU 7000 / HCA 0 (distance 7 > 4)
x3004c0s25b1n0:20186:24444 [0] NCCL INFO New proxy recv connection 21 from local rank 0, transport 2
x3004c0s25b1n0:20186:24264 [0] NCCL INFO Connection to proxy localRank 0 -> connection 0x149e7c0011c0
x3004c0s25b1n0:20186:24264 [0] NCCL INFO Channel 03/0 : 16[7000] -> 12[7000] [receive] via NET/IB/0
x3004c0s25b1n0:20186:24264 [0] NCCL INFO GPU Direct RDMA Disabled for GPU 7000 / HCA 1 (distance 7 > 4)
x3004c0s25b1n0:20186:24444 [0] NCCL INFO New proxy send connection 22 from local rank 0, transport 2
x3004c0s25b1n0:20186:24264 [0] NCCL INFO Connection to proxy localRank 0 -> connection 0x149e7c001200
x3004c0s25b1n0:20186:24264 [0] NCCL INFO Channel 00/0 : 12[7000] -> 8[7000] [send] via NET/IB/1
x3004c0s25b1n0:20186:24264 [0] NCCL INFO GPU Direct RDMA Disabled for GPU 7000 / HCA 0 (distance 7 > 4)
x3004c0s25b1n0:20186:24444 [0] NCCL INFO New proxy send connection 23 from local rank 0, transport 2
x3004c0s25b1n0:20186:24264 [0] NCCL INFO Connection to proxy localRank 0 -> connection 0x149e7c001240
x3004c0s25b1n0:20186:24264 [0] NCCL INFO Channel 01/0 : 12[7000] -> 8[7000] [send] via NET/IB/0
x3004c0s25b1n0:20188:24434 [1] NCCL INFO transport/net_ib.cc:596 Ib Alloc Size 26560 pointer 0x14c85010f000
x3004c0s25b1n0:20188:24434 [1] NCCL INFO NET/IB: Dev 1 Port 1 qpn 10628 mtu 5 GID 0 (80FE/DA0100FEFF000000)
