x3103c0s25b1n0:30946:32225 [3] NCCL INFO Mem Realloc old size 0, new size 768 pointer 0x14b29c02f0a0
x3103c0s25b1n0:30945:32047 [2] NCCL INFO Connected all rings
x3103c0s25b1n0:30945:32220 [2] NCCL INFO New proxy recv connection 8 from local rank 2, transport 0
x3103c0s25b1n0:30943:32210 [0] NCCL INFO New proxy recv connection 4 from local rank 0, transport 0
x3103c0s25b1n0:30943:32046 [0] NCCL INFO Connection to proxy localRank 0 -> connection 0x1533a4000d80
x3103c0s25b1n0:30944:32211 [1] NCCL INFO transport/net_ib.cc:683 Ib Alloc Size 21688 pointer 0x1528a401d000
x3103c0s25b1n0:30944:32211 [1] NCCL INFO transport/net_ib.cc:696 Ib Alloc Size 552 pointer 0x1528a4024000
x3103c0s25b1n0:30946:32225 [3] NCCL INFO transport/net_ib.cc:596 Ib Alloc Size 26560 pointer 0x14b29c044000
x3103c0s25b1n0:30945:32047 [2] NCCL INFO Connection to proxy localRank 2 -> connection 0x148c7c000e80
x3103c0s25b1n0:30945:32220 [2] NCCL INFO transport/p2p.cc:449 Cuda Alloc Size 6291456 pointer 0x148cce000000
x3103c0s25b1n0:30946:32225 [3] NCCL INFO NET/IB: Dev 0 Port 1 qpn 14920 mtu 5 GID 0 (80FE/82100FEFF000000)
x3103c0s25b1n0:30946:32225 [3] NCCL INFO transport/net_ib.cc:653 Ib Alloc Size 552 pointer 0x14b29c065000
x3103c0s25b1n0:30946:32225 [3] NCCL INFO transport/net.cc:571 Cuda Host Alloc Size 9641984 pointer 0x14b295600000
x3103c0s25b1n0:30946:32225 [3] NCCL INFO Mem Realloc old size 0, new size 768 pointer 0x14b29c0521f0
x3103c0s25b1n0:30944:32211 [1] NCCL INFO transport/net_ib.cc:771 Ib Alloc Size 552 pointer 0x1528a404b000
x3103c0s25b1n0:30944:32211 [1] NCCL INFO transport/net.cc:698 Cuda Host Alloc Size 9641984 pointer 0x15289e000000
x3103c0s25b1n0:30944:32211 [1] NCCL INFO Mem Realloc old size 0, new size 768 pointer 0x1528a40406b0
x3103c0s25b1n0:30944:32211 [1] NCCL INFO transport/net_ib.cc:683 Ib Alloc Size 21688 pointer 0x1528a404d000
x3103c0s25b1n0:30944:32211 [1] NCCL INFO transport/net_ib.cc:696 Ib Alloc Size 552 pointer 0x1528a4054000
x3103c0s25b1n0:30943:32210 [0] NCCL INFO transport/p2p.cc:449 Cuda Alloc Size 6291456 pointer 0x1533f7000000
x3103c0s25b1n0:30946:32225 [3] NCCL INFO transport/net_ib.cc:596 Ib Alloc Size 26560 pointer 0x14b29c067000
x3103c0s25b1n0:30946:32225 [3] NCCL INFO NET/IB: Dev 1 Port 1 qpn 10025 mtu 5 GID 0 (80FE/5A2100FEFF000000)
x3103c0s25b1n0:30946:32225 [3] NCCL INFO transport/net_ib.cc:653 Ib Alloc Size 552 pointer 0x14b29c07e000
x3103c0s25b1n0:30946:32225 [3] NCCL INFO transport/net.cc:571 Cuda Host Alloc Size 9641984 pointer 0x14b292000000
x3103c0s25b1n0:30944:32211 [1] NCCL INFO transport/net_ib.cc:771 Ib Alloc Size 552 pointer 0x1528a4079000
x3103c0s25b1n0:30944:32211 [1] NCCL INFO transport/net.cc:698 Cuda Host Alloc Size 9641984 pointer 0x15289ea00000
x3103c0s25b1n0:30944:32211 [1] NCCL INFO Mem Realloc old size 0, new size 768 pointer 0x1528a406e880
x3103c0s25b1n0:30945:32220 [2] NCCL INFO New proxy recv connection 9 from local rank 2, transport 0
x3103c0s25b1n0:30944:32211 [1] NCCL INFO transport/net_ib.cc:683 Ib Alloc Size 21688 pointer 0x1528a407b000
x3103c0s25b1n0:30944:32211 [1] NCCL INFO transport/net_ib.cc:696 Ib Alloc Size 552 pointer 0x1528a4082000
x3103c0s25b1n0:30943:32210 [0] NCCL INFO New proxy recv connection 5 from local rank 0, transport 0
x3103c0s25b1n0:30946:32225 [3] NCCL INFO transport/net_ib.cc:596 Ib Alloc Size 26560 pointer 0x14b29c080000
x3103c0s25b1n0:30945:32047 [2] NCCL INFO Connection to proxy localRank 2 -> connection 0x148c7c000ec0
x3103c0s25b1n0:30945:32220 [2] NCCL INFO transport/p2p.cc:449 Cuda Alloc Size 6291456 pointer 0x148cce600000
x3103c0s25b1n0:30944:32211 [1] NCCL INFO transport/net_ib.cc:771 Ib Alloc Size 552 pointer 0x1528a409d000
x3103c0s25b1n0:30944:32211 [1] NCCL INFO transport/net.cc:698 Cuda Host Alloc Size 9641984 pointer 0x15289f400000
x3103c0s25b1n0:30946:32225 [3] NCCL INFO NET/IB: Dev 0 Port 1 qpn 14923 mtu 5 GID 0 (80FE/82100FEFF000000)
x3103c0s25b1n0:30946:32225 [3] NCCL INFO transport/net_ib.cc:653 Ib Alloc Size 552 pointer 0x14b29c097000
x3103c0s25b1n0:30946:32225 [3] NCCL INFO transport/net.cc:571 Cuda Host Alloc Size 9641984 pointer 0x14b292a00000
x3103c0s25b1n0:30943:32046 [0] NCCL INFO Connection to proxy localRank 0 -> connection 0x1533a4000dc0
x3103c0s25b1n0:30944:32211 [1] NCCL INFO transport/net_ib.cc:683 Ib Alloc Size 21688 pointer 0x1528a409f000
x3103c0s25b1n0:30943:32210 [0] NCCL INFO transport/p2p.cc:449 Cuda Alloc Size 6291456 pointer 0x1533f7600000
x3103c0s25b1n0:30946:32044 [3] NCCL INFO Connected all rings
x3103c0s25b1n0:30946:32044 [3] NCCL INFO Channel 00/0 : 7[c7000] -> 6[85000] via P2P/IPC/read
x3103c0s25b1n0:30946:32225 [3] NCCL INFO New proxy send connection 8 from local rank 3, transport 0
x3103c0s25b1n0:30943:32210 [0] NCCL INFO New proxy recv connection 6 from local rank 0, transport 0
x3103c0s25b1n0:30944:32211 [1] NCCL INFO transport/net_ib.cc:696 Ib Alloc Size 552 pointer 0x1528a40a6000
x3103c0s25b1n0:30945:32220 [2] NCCL INFO New proxy recv connection 10 from local rank 2, transport 0
x3103c0s25b1n0:30944:32211 [1] NCCL INFO transport/net_ib.cc:771 Ib Alloc Size 552 pointer 0x1528a40c1000
x3103c0s25b1n0:30944:32211 [1] NCCL INFO transport/net.cc:698 Cuda Host Alloc Size 9641984 pointer 0x152896000000
x3103c0s25b1n0:30944:32045 [1] NCCL INFO Channel 00/0 : 5[46000] -> 4[7000] via P2P/IPC/read
x3103c0s25b1n0:30944:32211 [1] NCCL INFO New proxy send connection 4 from local rank 1, transport 0
x3103c0s25b1n0:30946:32044 [3] NCCL INFO Connection to proxy localRank 3 -> connection 0x14b29c000e80
x3103c0s25b1n0:30946:32225 [3] NCCL INFO transport/p2p.cc:430 Cuda Alloc Size 6291456 pointer 0x14b293400000
x3103c0s25b1n0:30943:32046 [0] NCCL INFO Connection to proxy localRank 0 -> connection 0x1533a4000e00
x3103c0s25b1n0:30943:32210 [0] NCCL INFO transport/p2p.cc:449 Cuda Alloc Size 6291456 pointer 0x1533f7c00000
x3103c0s25b1n0:30945:32047 [2] NCCL INFO Connection to proxy localRank 2 -> connection 0x148c7c000f00
x3103c0s25b1n0:30945:32220 [2] NCCL INFO transport/p2p.cc:449 Cuda Alloc Size 6291456 pointer 0x148ccec00000
x3103c0s25b1n0:30943:32210 [0] NCCL INFO New proxy recv connection 7 from local rank 0, transport 0
x3103c0s25b1n0:30945:32220 [2] NCCL INFO New proxy recv connection 11 from local rank 2, transport 0
x3103c0s25b1n0:30944:32045 [1] NCCL INFO Connection to proxy localRank 1 -> connection 0x1528a4000d80
x3103c0s25b1n0:30944:32211 [1] NCCL INFO transport/p2p.cc:430 Cuda Alloc Size 6291456 pointer 0x152896a00000
x3103c0s25b1n0:30946:32044 [3] NCCL INFO Channel 01/0 : 7[c7000] -> 6[85000] via P2P/IPC/read
x3103c0s25b1n0:30946:32225 [3] NCCL INFO New proxy send connection 9 from local rank 3, transport 0
x3103c0s25b1n0:30943:32046 [0] NCCL INFO Connection to proxy localRank 0 -> connection 0x1533a4000e40
x3103c0s25b1n0:30943:32210 [0] NCCL INFO transport/p2p.cc:449 Cuda Alloc Size 6291456 pointer 0x1533f8200000
x3103c0s25b1n0:30945:32047 [2] NCCL INFO Connection to proxy localRank 2 -> connection 0x148c7c000f40
x3103c0s25b1n0:30945:32220 [2] NCCL INFO transport/p2p.cc:449 Cuda Alloc Size 6291456 pointer 0x148ccf200000
x3103c0s25b1n0:30944:32045 [1] NCCL INFO Channel 01/0 : 5[46000] -> 4[7000] via P2P/IPC/read
x3103c0s25b1n0:30944:32211 [1] NCCL INFO New proxy send connection 5 from local rank 1, transport 0
x3103c0s25b1n0:30946:32044 [3] NCCL INFO Connection to proxy localRank 3 -> connection 0x14b29c000ec0
x3103c0s25b1n0:30946:32225 [3] NCCL INFO transport/p2p.cc:430 Cuda Alloc Size 6291456 pointer 0x14b293a00000
x3103c0s25b1n0:30944:32045 [1] NCCL INFO Connection to proxy localRank 1 -> connection 0x1528a4000dc0
x3103c0s25b1n0:30944:32211 [1] NCCL INFO transport/p2p.cc:430 Cuda Alloc Size 6291456 pointer 0x152897000000
x3103c0s25b1n0:30946:32044 [3] NCCL INFO Channel 02/0 : 7[c7000] -> 6[85000] via P2P/IPC/read
x3103c0s25b1n0:30946:32225 [3] NCCL INFO New proxy send connection 10 from local rank 3, transport 0
x3103c0s25b1n0:30946:32044 [3] NCCL INFO Connection to proxy localRank 3 -> connection 0x14b29c000f00
x3103c0s25b1n0:30946:32225 [3] NCCL INFO transport/p2p.cc:430 Cuda Alloc Size 6291456 pointer 0x14b28a000000
x3103c0s25b1n0:30946:32044 [3] NCCL INFO Channel 03/0 : 7[c7000] -> 6[85000] via P2P/IPC/read
x3103c0s25b1n0:30946:32225 [3] NCCL INFO New proxy send connection 11 from local rank 3, transport 0
x3103c0s25b1n0:30946:32044 [3] NCCL INFO Connection to proxy localRank 3 -> connection 0x14b29c000f40
x3103c0s25b1n0:30946:32225 [3] NCCL INFO transport/p2p.cc:430 Cuda Alloc Size 6291456 pointer 0x14b28a600000
x3103c0s25b1n0:30944:32045 [1] NCCL INFO Channel 02/0 : 5[46000] -> 4[7000] via P2P/IPC/read
x3103c0s25b1n0:30944:32211 [1] NCCL INFO New proxy send connection 6 from local rank 1, transport 0
x3103c0s25b1n0:30944:32045 [1] NCCL INFO Connection to proxy localRank 1 -> connection 0x1528a4000e00
x3103c0s25b1n0:30944:32211 [1] NCCL INFO transport/p2p.cc:430 Cuda Alloc Size 6291456 pointer 0x152897600000
x3103c0s25b1n0:30944:32045 [1] NCCL INFO Channel 03/0 : 5[46000] -> 4[7000] via P2P/IPC/read
x3103c0s25b1n0:30944:32211 [1] NCCL INFO New proxy send connection 7 from local rank 1, transport 0
x3103c0s25b1n0:30944:32045 [1] NCCL INFO Connection to proxy localRank 1 -> connection 0x1528a4000e40
x3103c0s25b1n0:30944:32211 [1] NCCL INFO transport/p2p.cc:430 Cuda Alloc Size 6291456 pointer 0x1528a9a00000
x3103c0s25b1n0:30944:32045 [1] NCCL INFO Connected all rings
x3103c0s25b1n0:30944:32211 [1] NCCL INFO New proxy recv connection 8 from local rank 1, transport 0
x3103c0s25b1n0:30944:32045 [1] NCCL INFO Connection to proxy localRank 1 -> connection 0x1528a4000e80
x3103c0s25b1n0:30943:32046 [0] NCCL INFO Connected all rings
x3103c0s25b1n0:30943:32046 [0] NCCL INFO Channel 00/0 : 4[7000] -> 5[46000] via P2P/IPC/read
x3103c0s25b1n0:30943:32210 [0] NCCL INFO New proxy send connection 8 from local rank 0, transport 0
x3103c0s25b1n0:30944:32211 [1] NCCL INFO transport/p2p.cc:449 Cuda Alloc Size 6291456 pointer 0x152895800000
x3103c0s25b1n0:30943:32046 [0] NCCL INFO Connection to proxy localRank 0 -> connection 0x1533a4000e80
x3103c0s25b1n0:30943:32210 [0] NCCL INFO transport/p2p.cc:430 Cuda Alloc Size 6291456 pointer 0x1533fa000000
x3103c0s25b1n0:30944:32211 [1] NCCL INFO New proxy recv connection 9 from local rank 1, transport 0
x3103c0s25b1n0:30943:32046 [0] NCCL INFO Channel 01/0 : 4[7000] -> 5[46000] via P2P/IPC/read
x3103c0s25b1n0:30943:32210 [0] NCCL INFO New proxy send connection 9 from local rank 0, transport 0
x3103c0s25b1n0:30943:32046 [0] NCCL INFO Connection to proxy localRank 0 -> connection 0x1533a4000ec0
x3103c0s25b1n0:30943:32210 [0] NCCL INFO transport/p2p.cc:430 Cuda Alloc Size 6291456 pointer 0x1533fa600000
x3103c0s25b1n0:30944:32045 [1] NCCL INFO Connection to proxy localRank 1 -> connection 0x1528a4000ec0
x3103c0s25b1n0:30944:32211 [1] NCCL INFO transport/p2p.cc:449 Cuda Alloc Size 6291456 pointer 0x152892000000
x3103c0s25b1n0:30943:32046 [0] NCCL INFO Channel 02/0 : 4[7000] -> 5[46000] via P2P/IPC/read
x3103c0s25b1n0:30943:32210 [0] NCCL INFO New proxy send connection 10 from local rank 0, transport 0
x3103c0s25b1n0:30944:32211 [1] NCCL INFO New proxy recv connection 10 from local rank 1, transport 0
x3103c0s25b1n0:30944:32045 [1] NCCL INFO Connection to proxy localRank 1 -> connection 0x1528a4000f00
x3103c0s25b1n0:30944:32211 [1] NCCL INFO transport/p2p.cc:449 Cuda Alloc Size 6291456 pointer 0x152892600000
x3103c0s25b1n0:30943:32046 [0] NCCL INFO Connection to proxy localRank 0 -> connection 0x1533a4000f00
x3103c0s25b1n0:30943:32210 [0] NCCL INFO transport/p2p.cc:430 Cuda Alloc Size 6291456 pointer 0x1533fac00000
x3103c0s25b1n0:30943:32046 [0] NCCL INFO Channel 03/0 : 4[7000] -> 5[46000] via P2P/IPC/read
x3103c0s25b1n0:30943:32210 [0] NCCL INFO New proxy send connection 11 from local rank 0, transport 0
x3103c0s25b1n0:30943:32046 [0] NCCL INFO Connection to proxy localRank 0 -> connection 0x1533a4000f40
x3103c0s25b1n0:30944:32211 [1] NCCL INFO New proxy recv connection 11 from local rank 1, transport 0
x3103c0s25b1n0:30943:32210 [0] NCCL INFO transport/p2p.cc:430 Cuda Alloc Size 6291456 pointer 0x1533fb200000
x3103c0s25b1n0:30944:32045 [1] NCCL INFO Connection to proxy localRank 1 -> connection 0x1528a4000f40
x3103c0s25b1n0:30944:32211 [1] NCCL INFO transport/p2p.cc:449 Cuda Alloc Size 6291456 pointer 0x152892c00000
x3103c0s25b1n0:30944:32045 [1] NCCL INFO Channel 00/0 : 5[46000] -> 6[85000] via P2P/IPC/read
x3103c0s25b1n0:30944:32211 [1] NCCL INFO New proxy send connection 12 from local rank 1, transport 0
x3103c0s25b1n0:30944:32045 [1] NCCL INFO Connection to proxy localRank 1 -> connection 0x1528a4000f80
x3103c0s25b1n0:30944:32211 [1] NCCL INFO transport/p2p.cc:430 Cuda Alloc Size 6291456 pointer 0x152893200000
x3103c0s25b1n0:30944:32045 [1] NCCL INFO Channel 01/0 : 5[46000] -> 6[85000] via P2P/IPC/read
x3103c0s25b1n0:30944:32211 [1] NCCL INFO New proxy send connection 13 from local rank 1, transport 0
x3103c0s25b1n0:30944:32045 [1] NCCL INFO Connection to proxy localRank 1 -> connection 0x1528a4000fc0
x3103c0s25b1n0:30944:32211 [1] NCCL INFO transport/p2p.cc:430 Cuda Alloc Size 6291456 pointer 0x152893800000
x3103c0s25b1n0:30944:32045 [1] NCCL INFO Channel 02/0 : 5[46000] -> 6[85000] via P2P/IPC/read
x3103c0s25b1n0:30944:32211 [1] NCCL INFO New proxy send connection 14 from local rank 1, transport 0
x3103c0s25b1n0:30944:32045 [1] NCCL INFO Connection to proxy localRank 1 -> connection 0x1528a4001000
x3103c0s25b1n0:30944:32211 [1] NCCL INFO transport/p2p.cc:430 Cuda Alloc Size 6291456 pointer 0x152890000000
x3103c0s25b1n0:30944:32045 [1] NCCL INFO Channel 03/0 : 5[46000] -> 6[85000] via P2P/IPC/read
x3103c0s25b1n0:30944:32211 [1] NCCL INFO New proxy send connection 15 from local rank 1, transport 0
x3103c0s25b1n0:30944:32045 [1] NCCL INFO Connection to proxy localRank 1 -> connection 0x1528a4001040
x3103c0s25b1n0:30944:32211 [1] NCCL INFO transport/p2p.cc:430 Cuda Alloc Size 6291456 pointer 0x152890600000
x3103c0s25b1n0:30943:32046 [0] NCCL INFO GPU Direct RDMA Disabled for GPU 7000 / HCA 1 (distance 7 > 4)
x3103c0s25b1n0:30943:32210 [0] NCCL INFO Allocated 4194656 bytes of shared memory in /dev/shm/nccl-oSVePZ

x3103c0s25b1n0:30943:32210 [0] NCCL INFO New proxy recv connection 12 from local rank 0, transport 2
x3103c0s25b1n0:30943:32046 [0] NCCL INFO Connection to proxy localRank 0 -> connection 0x1533a4000f80
x3103c0s25b1n0:30944:32211 [1] NCCL INFO New proxy recv connection 16 from local rank 1, transport 0
x3103c0s25b1n0:30945:32220 [2] NCCL INFO New proxy recv connection 12 from local rank 2, transport 0
x3103c0s25b1n0:30945:32047 [2] NCCL INFO Connection to proxy localRank 2 -> connection 0x148c7c000f80
x3103c0s25b1n0:30943:32046 [0] NCCL INFO Channel 02/0 : 0[7000] -> 4[7000] [receive] via NET/IB/1
x3103c0s25b1n0:30943:32046 [0] NCCL INFO GPU Direct RDMA Disabled for GPU 7000 / HCA 0 (distance 7 > 4)
x3103c0s25b1n0:30943:32210 [0] NCCL INFO New proxy recv connection 13 from local rank 0, transport 2
x3103c0s25b1n0:30945:32220 [2] NCCL INFO transport/p2p.cc:449 Cuda Alloc Size 6291456 pointer 0x148cd1000000
x3103c0s25b1n0:30944:32045 [1] NCCL INFO Connection to proxy localRank 1 -> connection 0x1528a4001080
x3103c0s25b1n0:30944:32211 [1] NCCL INFO transport/p2p.cc:449 Cuda Alloc Size 6291456 pointer 0x15288c000000
x3103c0s25b1n0:30944:32211 [1] NCCL INFO New proxy recv connection 17 from local rank 1, transport 0
x3103c0s25b1n0:30943:32046 [0] NCCL INFO Connection to proxy localRank 0 -> connection 0x1533a4000fc0
x3103c0s25b1n0:30945:32220 [2] NCCL INFO New proxy recv connection 13 from local rank 2, transport 0
x3103c0s25b1n0:30944:32045 [1] NCCL INFO Connection to proxy localRank 1 -> connection 0x1528a40010c0
x3103c0s25b1n0:30944:32211 [1] NCCL INFO transport/p2p.cc:449 Cuda Alloc Size 6291456 pointer 0x15288c600000
x3103c0s25b1n0:30943:32046 [0] NCCL INFO Channel 03/0 : 0[7000] -> 4[7000] [receive] via NET/IB/0
x3103c0s25b1n0:30945:32047 [2] NCCL INFO Connection to proxy localRank 2 -> connection 0x148c7c000fc0
x3103c0s25b1n0:30945:32220 [2] NCCL INFO transport/p2p.cc:449 Cuda Alloc Size 6291456 pointer 0x148cd1600000
x3103c0s25b1n0:30944:32211 [1] NCCL INFO New proxy recv connection 18 from local rank 1, transport 0
x3103c0s25b1n0:30945:32220 [2] NCCL INFO New proxy recv connection 14 from local rank 2, transport 0
x3103c0s25b1n0:30944:32045 [1] NCCL INFO Connection to proxy localRank 1 -> connection 0x1528a4001100
x3103c0s25b1n0:30944:32211 [1] NCCL INFO transport/p2p.cc:449 Cuda Alloc Size 6291456 pointer 0x15288cc00000
x3103c0s25b1n0:30944:32211 [1] NCCL INFO New proxy recv connection 19 from local rank 1, transport 0
x3103c0s25b1n0:30945:32047 [2] NCCL INFO Connection to proxy localRank 2 -> connection 0x148c7c001000
x3103c0s25b1n0:30945:32220 [2] NCCL INFO transport/p2p.cc:449 Cuda Alloc Size 6291456 pointer 0x148cd1c00000
x3103c0s25b1n0:30945:32220 [2] NCCL INFO New proxy recv connection 15 from local rank 2, transport 0
x3103c0s25b1n0:30944:32045 [1] NCCL INFO Connection to proxy localRank 1 -> connection 0x1528a4001140
x3103c0s25b1n0:30944:32211 [1] NCCL INFO transport/p2p.cc:449 Cuda Alloc Size 6291456 pointer 0x15288d200000
x3103c0s25b1n0:30945:32047 [2] NCCL INFO Connection to proxy localRank 2 -> connection 0x148c7c001040
x3103c0s25b1n0:30945:32220 [2] NCCL INFO transport/p2p.cc:449 Cuda Alloc Size 6291456 pointer 0x148cd2200000
x3103c0s25b1n0:30945:32047 [2] NCCL INFO Channel 00/0 : 6[85000] -> 5[46000] via P2P/IPC/read
x3103c0s25b1n0:30945:32220 [2] NCCL INFO New proxy send connection 16 from local rank 2, transport 0
x3103c0s25b1n0:30945:32047 [2] NCCL INFO Connection to proxy localRank 2 -> connection 0x148c7c001080
x3103c0s25b1n0:30945:32220 [2] NCCL INFO transport/p2p.cc:430 Cuda Alloc Size 6291456 pointer 0x148cd2800000
x3103c0s25b1n0:30945:32047 [2] NCCL INFO Channel 01/0 : 6[85000] -> 5[46000] via P2P/IPC/read
x3103c0s25b1n0:30945:32220 [2] NCCL INFO New proxy send connection 17 from local rank 2, transport 0
x3103c0s25b1n0:30945:32047 [2] NCCL INFO Connection to proxy localRank 2 -> connection 0x148c7c0010c0
x3103c0s25b1n0:30945:32220 [2] NCCL INFO transport/p2p.cc:430 Cuda Alloc Size 6291456 pointer 0x148cd2e00000
x3103c0s25b1n0:30945:32047 [2] NCCL INFO Channel 02/0 : 6[85000] -> 5[46000] via P2P/IPC/read
x3103c0s25b1n0:30945:32220 [2] NCCL INFO New proxy send connection 18 from local rank 2, transport 0
x3103c0s25b1n0:30943:32210 [0] NCCL INFO transport/net_ib.cc:683 Ib Alloc Size 21688 pointer 0x1533a401b000
x3103c0s25b1n0:30943:32210 [0] NCCL INFO transport/net_ib.cc:696 Ib Alloc Size 552 pointer 0x1533a4022000
x3103c0s25b1n0:30945:32047 [2] NCCL INFO Connection to proxy localRank 2 -> connection 0x148c7c001100
x3103c0s25b1n0:30945:32220 [2] NCCL INFO transport/p2p.cc:430 Cuda Alloc Size 6291456 pointer 0x148cd3400000
x3103c0s25b1n0:30943:32210 [0] NCCL INFO transport/net_ib.cc:771 Ib Alloc Size 552 pointer 0x1533a4049000
x3103c0s25b1n0:30943:32210 [0] NCCL INFO transport/net.cc:698 Cuda Host Alloc Size 9641984 pointer 0x1533fd000000
x3103c0s25b1n0:30943:32210 [0] NCCL INFO Mem Realloc old size 0, new size 768 pointer 0x1533a403e1e0
x3103c0s25b1n0:30945:32047 [2] NCCL INFO Channel 03/0 : 6[85000] -> 5[46000] via P2P/IPC/read
x3103c0s25b1n0:30945:32220 [2] NCCL INFO New proxy send connection 19 from local rank 2, transport 0
x3103c0s25b1n0:30943:32210 [0] NCCL INFO transport/net_ib.cc:683 Ib Alloc Size 21688 pointer 0x1533a404b000
x3103c0s25b1n0:30943:32210 [0] NCCL INFO transport/net_ib.cc:696 Ib Alloc Size 552 pointer 0x1533a4052000
x3103c0s25b1n0:30945:32047 [2] NCCL INFO Connection to proxy localRank 2 -> connection 0x148c7c001140
x3103c0s25b1n0:30945:32220 [2] NCCL INFO transport/p2p.cc:430 Cuda Alloc Size 6291456 pointer 0x148cd3a00000
x3103c0s25b1n0:30943:32210 [0] NCCL INFO transport/net_ib.cc:771 Ib Alloc Size 552 pointer 0x1533a4077000
x3103c0s25b1n0:30943:32210 [0] NCCL INFO transport/net.cc:698 Cuda Host Alloc Size 9641984 pointer 0x1533fda00000
x3103c0s25b1n0:30943:32210 [0] NCCL INFO Mem Realloc old size 0, new size 768 pointer 0x1533a406c310
x3103c0s25b1n0:30943:32046 [0] NCCL INFO GPU Direct RDMA Disabled for GPU 7000 / HCA 1 (distance 7 > 4)
x3103c0s25b1n0:30943:32210 [0] NCCL INFO New proxy send connection 14 from local rank 0, transport 2
x3103c0s25b1n0:30945:32047 [2] NCCL INFO Connected all trees by HAO
x3103c0s25b1n0:30945:32047 [2] NCCL INFO threadThresholds 8/8/64 | 160/8/64 | 512 | 512
x3103c0s25b1n0:30945:32047 [2] NCCL INFO 4 coll channels, 4 p2p channels, 2 p2p channels per peer
x3103c0s25b1n0:30945:32220 [2] NCCL INFO Allocated 4194656 bytes of shared memory in /dev/shm/nccl-8MAWQ8

x3103c0s25b1n0:30945:32220 [2] NCCL INFO New proxy send connection 20 from local rank 2, transport 2
x3103c0s25b1n0:30946:32044 [3] NCCL INFO Connected all trees by HAO
x3103c0s25b1n0:30946:32044 [3] NCCL INFO threadThresholds 8/8/64 | 160/8/64 | 512 | 512
x3103c0s25b1n0:30946:32044 [3] NCCL INFO 4 coll channels, 4 p2p channels, 2 p2p channels per peer
x3103c0s25b1n0:30946:32225 [3] NCCL INFO New proxy send connection 12 from local rank 3, transport 2
x3103c0s25b1n0:30944:32045 [1] NCCL INFO Connected all trees by HAO
x3103c0s25b1n0:30944:32045 [1] NCCL INFO threadThresholds 8/8/64 | 160/8/64 | 512 | 512
x3103c0s25b1n0:30944:32045 [1] NCCL INFO 4 coll channels, 4 p2p channels, 2 p2p channels per peer
x3103c0s25b1n0:30944:32211 [1] NCCL INFO New proxy send connection 20 from local rank 1, transport 2
x3103c0s25b1n0:30943:32046 [0] NCCL INFO Connection to proxy localRank 0 -> connection 0x1533a4001000
x3103c0s25b1n0:30943:32046 [0] NCCL INFO Channel 00/0 : 4[7000] -> 9[46000] [send] via NET/IB/1
x3103c0s25b1n0:30943:32046 [0] NCCL INFO GPU Direct RDMA Disabled for GPU 7000 / HCA 0 (distance 7 > 4)
x3103c0s25b1n0:30943:32210 [0] NCCL INFO New proxy send connection 15 from local rank 0, transport 2
x3103c0s25b1n0:30946:32044 [3] NCCL INFO Connection to proxy localRank 3 -> connection 0x14b29c000f80
x3103c0s25b1n0:30946:32225 [3] NCCL INFO transport/net.cc:376 Cuda Alloc Size 8388608 pointer 0x14b288600000
x3103c0s25b1n0:30944:32045 [1] NCCL INFO Connection to proxy localRank 1 -> connection 0x1528a4001180
x3103c0s25b1n0:30944:32211 [1] NCCL INFO transport/net.cc:376 Cuda Alloc Size 8388608 pointer 0x15288b200000
x3103c0s25b1n0:30945:32047 [2] NCCL INFO Connection to proxy localRank 2 -> connection 0x148c7c001180
x3103c0s25b1n0:30945:32220 [2] NCCL INFO transport/net.cc:376 Cuda Alloc Size 8388608 pointer 0x148cd7000000
x3103c0s25b1n0:30943:32046 [0] NCCL INFO Connection to proxy localRank 0 -> connection 0x1533a4001040
x3103c0s25b1n0:30943:32046 [0] NCCL INFO Channel 01/0 : 4[7000] -> 9[46000] [send] via NET/IB/0
x3103c0s25b1n0:30943:32210 [0] NCCL INFO transport/net_ib.cc:596 Ib Alloc Size 26560 pointer 0x1533a4083000
x3103c0s25b1n0:30943:32210 [0] NCCL INFO NET/IB: Dev 1 Port 1 qpn 10030 mtu 5 GID 0 (80FE/5A2100FEFF000000)
x3103c0s25b1n0:30943:32210 [0] NCCL INFO transport/net_ib.cc:653 Ib Alloc Size 552 pointer 0x1533a409a000
x3103c0s25b1n0:30943:32210 [0] NCCL INFO transport/net.cc:571 Cuda Host Alloc Size 9641984 pointer 0x1533fe400000
x3103c0s25b1n0:30943:32210 [0] NCCL INFO transport/net_ib.cc:596 Ib Alloc Size 26560 pointer 0x1533a409c000
x3103c0s25b1n0:30943:32210 [0] NCCL INFO NET/IB: Dev 0 Port 1 qpn 14928 mtu 5 GID 0 (80FE/82100FEFF000000)
x3103c0s25b1n0:30943:32210 [0] NCCL INFO transport/net_ib.cc:653 Ib Alloc Size 552 pointer 0x1533a40b3000
x3103c0s25b1n0:30943:32210 [0] NCCL INFO transport/net.cc:571 Cuda Host Alloc Size 9641984 pointer 0x1533fee00000
x3103c0s25b1n0:30943:32046 [0] NCCL INFO GPU Direct RDMA Disabled for GPU 7000 / HCA 1 (distance 7 > 4)
x3103c0s25b1n0:30943:32210 [0] NCCL INFO New proxy recv connection 16 from local rank 0, transport 2
x3103c0s25b1n0:30943:32046 [0] NCCL INFO Connection to proxy localRank 0 -> connection 0x1533a4001080
x3103c0s25b1n0:30943:32046 [0] NCCL INFO Channel 00/0 : 9[46000] -> 4[7000] [receive] via NET/IB/1
x3103c0s25b1n0:30943:32046 [0] NCCL INFO GPU Direct RDMA Disabled for GPU 7000 / HCA 0 (distance 7 > 4)
x3103c0s25b1n0:30943:32210 [0] NCCL INFO New proxy recv connection 17 from local rank 0, transport 2
x3103c0s25b1n0:30943:32046 [0] NCCL INFO Connection to proxy localRank 0 -> connection 0x1533a40010c0
x3103c0s25b1n0:30943:32046 [0] NCCL INFO Channel 01/0 : 9[46000] -> 4[7000] [receive] via NET/IB/0
x3103c0s25b1n0:30943:32210 [0] NCCL INFO transport/net_ib.cc:683 Ib Alloc Size 21688 pointer 0x1533a40bf000
x3103c0s25b1n0:30943:32210 [0] NCCL INFO transport/net_ib.cc:696 Ib Alloc Size 552 pointer 0x1533a40c6000
x3103c0s25b1n0:30943:32210 [0] NCCL INFO transport/net_ib.cc:771 Ib Alloc Size 552 pointer 0x1533a40e1000
x3103c0s25b1n0:30943:32210 [0] NCCL INFO transport/net.cc:698 Cuda Host Alloc Size 9641984 pointer 0x1533ff800000
x3103c0s25b1n0:30943:32210 [0] NCCL INFO transport/net_ib.cc:683 Ib Alloc Size 21688 pointer 0x1533a40e3000
x3103c0s25b1n0:30943:32210 [0] NCCL INFO transport/net_ib.cc:696 Ib Alloc Size 552 pointer 0x1533a40ea000
x3103c0s25b1n0:30943:32210 [0] NCCL INFO transport/net_ib.cc:771 Ib Alloc Size 552 pointer 0x1533a4105000
x3103c0s25b1n0:30943:32210 [0] NCCL INFO transport/net.cc:698 Cuda Host Alloc Size 9641984 pointer 0x153400200000
x3103c0s25b1n0:30943:32046 [0] NCCL INFO GPU Direct RDMA Disabled for GPU 7000 / HCA 1 (distance 7 > 4)
x3103c0s25b1n0:30943:32210 [0] NCCL INFO New proxy send connection 18 from local rank 0, transport 2
x3103c0s25b1n0:30943:32046 [0] NCCL INFO Connection to proxy localRank 0 -> connection 0x1533a4001100
x3103c0s25b1n0:30943:32046 [0] NCCL INFO Channel 02/0 : 4[7000] -> 0[7000] [send] via NET/IB/1
x3103c0s25b1n0:30943:32046 [0] NCCL INFO GPU Direct RDMA Disabled for GPU 7000 / HCA 0 (distance 7 > 4)
x3103c0s25b1n0:30943:32210 [0] NCCL INFO New proxy send connection 19 from local rank 0, transport 2
x3103c0s25b1n0:30943:32046 [0] NCCL INFO Connection to proxy localRank 0 -> connection 0x1533a4001140
x3103c0s25b1n0:30943:32046 [0] NCCL INFO Channel 03/0 : 4[7000] -> 0[7000] [send] via NET/IB/0
x3103c0s25b1n0:30943:32210 [0] NCCL INFO transport/net_ib.cc:596 Ib Alloc Size 26560 pointer 0x1533a4111000
x3103c0s25b1n0:30943:32210 [0] NCCL INFO NET/IB: Dev 1 Port 1 qpn 10033 mtu 5 GID 0 (80FE/5A2100FEFF000000)
x3103c0s25b1n0:30943:32210 [0] NCCL INFO transport/net_ib.cc:653 Ib Alloc Size 552 pointer 0x1533a4128000
x3103c0s25b1n0:30943:32210 [0] NCCL INFO transport/net.cc:571 Cuda Host Alloc Size 9641984 pointer 0x153400c00000
x3103c0s25b1n0:30943:32210 [0] NCCL INFO transport/net_ib.cc:596 Ib Alloc Size 26560 pointer 0x1533a412a000
x3103c0s25b1n0:30943:32210 [0] NCCL INFO NET/IB: Dev 0 Port 1 qpn 14931 mtu 5 GID 0 (80FE/82100FEFF000000)
x3103c0s25b1n0:30943:32210 [0] NCCL INFO transport/net_ib.cc:653 Ib Alloc Size 552 pointer 0x1533a4141000
x3103c0s25b1n0:30943:32210 [0] NCCL INFO transport/net.cc:571 Cuda Host Alloc Size 9641984 pointer 0x153401600000
x3103c0s25b1n0:30943:32046 [0] NCCL INFO Connected all trees by HAO
x3103c0s25b1n0:30943:32046 [0] NCCL INFO threadThresholds 8/8/64 | 160/8/64 | 512 | 512
x3103c0s25b1n0:30943:32046 [0] NCCL INFO 4 coll channels, 4 p2p channels, 2 p2p channels per peer
x3103c0s25b1n0:30943:32210 [0] NCCL INFO New proxy send connection 20 from local rank 0, transport 2
x3103c0s25b1n0:30943:32046 [0] NCCL INFO Connection to proxy localRank 0 -> connection 0x1533a4001180
x3103c0s25b1n0:30943:32046 [0] NCCL INFO init.cc:367 Cuda Alloc Size 5168 pointer 0x1533f3e08800
x3103c0s25b1n0:30944:32045 [1] NCCL INFO init.cc:367 Cuda Alloc Size 5168 pointer 0x1528a9808800
x3103c0s25b1n0:30946:32044 [3] NCCL INFO init.cc:367 Cuda Alloc Size 5168 pointer 0x14b2a1808800
x3103c0s25b1n0:30945:32047 [2] NCCL INFO init.cc:367 Cuda Alloc Size 5168 pointer 0x148cc7e08800
x3103c0s25b1n0:30946:32044 [3] NCCL INFO init.cc:392 Cuda Host Alloc Size 33554432 pointer 0x14b286000000
x3103c0s25b1n0:30946:32044 [3] NCCL INFO init.cc:398 Cuda Host Alloc Size 128 pointer 0x14b2a0e00200
x3103c0s25b1n0:30946:32044 [3] NCCL INFO comm 0x560266f571d0 rank 7 nranks 20 cudaDev 3 busId c7000 - Init COMPLETE
x3103c0s25b1n0:30945:32047 [2] NCCL INFO init.cc:392 Cuda Host Alloc Size 33554432 pointer 0x148cd7800000
x3103c0s25b1n0:30945:32047 [2] NCCL INFO init.cc:398 Cuda Host Alloc Size 128 pointer 0x148cc7400200
x3103c0s25b1n0:30945:32047 [2] NCCL INFO comm 0x565364fb87c0 rank 6 nranks 20 cudaDev 2 busId 85000 - Init COMPLETE
x3103c0s25b1n0:30944:32045 [1] NCCL INFO init.cc:392 Cuda Host Alloc Size 33554432 pointer 0x152888000000
x3103c0s25b1n0:30944:32045 [1] NCCL INFO init.cc:398 Cuda Host Alloc Size 128 pointer 0x1528a8e00200
x3103c0s25b1n0:30944:32045 [1] NCCL INFO comm 0x55a793e2f830 rank 5 nranks 20 cudaDev 1 busId 46000 - Init COMPLETE
x3103c0s25b1n0:30943:32210 [0] NCCL INFO transport/net.cc:376 Cuda Alloc Size 8388608 pointer 0x153404000000
x3103c0s25b1n0:30943:32046 [0] NCCL INFO init.cc:392 Cuda Host Alloc Size 33554432 pointer 0x153402000000
x3103c0s25b1n0:30943:32046 [0] NCCL INFO init.cc:398 Cuda Host Alloc Size 128 pointer 0x1533f3400200
x3103c0s25b1n0:30943:32046 [0] NCCL INFO comm 0x55c96bf5b500 rank 4 nranks 20 cudaDev 0 busId 7000 - Init COMPLETE
x3103c0s25b1n0:30944:30944 [1] NCCL INFO AllReduce: opCount 0 sendbuff 0x1528eb600200 recvbuff 0x1528eb600200 count 1 datatype 1 op 0 root 0 comm 0x55a793e2f830 [nranks=20] stream 0x55a7ac57d0e0
x3103c0s25b1n0:30944:30944 [1] NCCL INFO misc/utils.cc:235 memory stack hunk malloc(65536)
[LYD INFO in ncclLaunchKernel (enqueue.cc)] NCHANNELS is: 4x3103c0s25b1n0:30946:30946 [3] NCCL INFO AllReduce: opCount 0 sendbuff 0x14b2df600200 recvbuff 0x14b2df600200 count 1 datatype 1 op 0 root 0 comm 0x560266f571d0 [nranks=20] stream 0x560283b92f80
x3103c0s25b1n0:30946:30946 [3] NCCL INFO misc/utils.cc:235 memory stack hunk malloc(65536)
[LYD INFO in ncclLaunchKernel (enqueue.cc)] NCHANNELS is: 4x3103c0s25b1n0:30945:30945 [2] NCCL INFO AllReduce: opCount 0 sendbuff 0x148cc3a00200 recvbuff 0x148cc3a00200 count 1 datatype 1 op 0 root 0 comm 0x565364fb87c0 [nranks=20] stream 0x56536816b3f0
x3103c0s25b1n0:30945:30945 [2] NCCL INFO misc/utils.cc:235 memory stack hunk malloc(65536)
[LYD INFO in ncclLaunchKernel (enqueue.cc)] NCHANNELS is: 4x3103c0s25b1n0:30943:30943 [0] NCCL INFO AllReduce: opCount 0 sendbuff 0x1533efe00200 recvbuff 0x1533efe00200 count 1 datatype 1 op 0 root 0 comm 0x55c96bf5b500 [nranks=20] stream 0x55c982caef20
x3103c0s25b1n0:30943:30943 [0] NCCL INFO misc/utils.cc:235 memory stack hunk malloc(65536)
[LYD INFO in ncclLaunchKernel (enqueue.cc)] NCHANNELS is: 4
[LYD INFO in NCCL_KERN_NAME (common.h)] 5 AllReduce TREE LL Sum uint8_t Elapsed time: 943727 us

[LYD INFO in NCCL_KERN_NAME (common.h)] 7 AllReduce TREE LL Sum uint8_t Elapsed time: 919335 us

[LYD INFO in NCCL_KERN_NAME (common.h)] 6 AllReduce TREE LL Sum uint8_t Elapsed time: 906928 us

[LYD INFO in NCCL_KERN_NAME (common.h)] 4 AllReduce TREE LL Sum uint8_t Elapsed time: 905091 us
x3103c0s25b1n0:30945:30945 [2] NCCL INFO AllReduce: opCount 1 sendbuff 0x148cc3a00000 recvbuff 0x148cc3a00000 count 1 datatype 1 op 0 root 0 comm 0x565364fb87c0 [nranks=20] stream 0x56536816b3f0
[LYD INFO in ncclLaunchKernel (enqueue.cc)] NCHANNELS is: 4x3103c0s25b1n0:30944:30944 [1] NCCL INFO AllReduce: opCount 1 sendbuff 0x1528eb600000 recvbuff 0x1528eb600000 count 1 datatype 1 op 0 root 0 comm 0x55a793e2f830 [nranks=20] stream 0x55a7ac57d0e0
[LYD INFO in ncclLaunchKernel (enqueue.cc)] NCHANNELS is: 4x3103c0s25b1n0:30946:30946 [3] NCCL INFO AllReduce: opCount 1 sendbuff 0x14b2df600000 recvbuff 0x14b2df600000 count 1 datatype 1 op 0 root 0 comm 0x560266f571d0 [nranks=20] stream 0x560283b92f80
[LYD INFO in ncclLaunchKernel (enqueue.cc)] NCHANNELS is: 4x3103c0s25b1n0:30943:30943 [0] NCCL INFO AllReduce: opCount 1 sendbuff 0x1533efe00000 recvbuff 0x1533efe00000 count 1 datatype 1 op 0 root 0 comm 0x55c96bf5b500 [nranks=20] stream 0x55c982caef20
[LYD INFO in ncclLaunchKernel (enqueue.cc)] NCHANNELS is: 4
[LYD INFO in NCCL_KERN_NAME (common.h)] 6 AllReduce TREE LL Sum uint8_t Elapsed time: 13503475 us

[LYD INFO in NCCL_KERN_NAME (common.h)] 4 AllReduce TREE LL Sum uint8_t Elapsed time: 687603 us

[LYD INFO in NCCL_KERN_NAME (common.h)] 5 AllReduce TREE LL Sum uint8_t Elapsed time: 9732491 us

[LYD INFO in NCCL_KERN_NAME (common.h)] 7 AllReduce TREE LL Sum uint8_t Elapsed time: 5343706 us
x3103c0s25b1n0:30944:30944 [1] NCCL INFO AllReduce: opCount 2 sendbuff 0x1528eb600000 recvbuff 0x1528eb600000 count 1 datatype 8 op 3 root 0 comm 0x55a793e2f830 [nranks=20] stream 0x55a7ac57d0e0
[LYD INFO in ncclLaunchKernel (enqueue.cc)] NCHANNELS is: 4x3103c0s25b1n0:30943:30943 [0] NCCL INFO AllReduce: opCount 2 sendbuff 0x1533efe00000 recvbuff 0x1533efe00000 count 1 datatype 8 op 3 root 0 comm 0x55c96bf5b500 [nranks=20] stream 0x55c982caef20
[LYD INFO in ncclLaunchKernel (enqueue.cc)] NCHANNELS is: 4x3103c0s25b1n0:30946:30946 [3] NCCL INFO AllReduce: opCount 2 sendbuff 0x14b2df600000 recvbuff 0x14b2df600000 count 1 datatype 8 op 3 root 0 comm 0x560266f571d0 [nranks=20] stream 0x560283b92f80
[LYD INFO in ncclLaunchKernel (enqueue.cc)] NCHANNELS is: 4x3103c0s25b1n0:30945:30945 [2] NCCL INFO AllReduce: opCount 2 sendbuff 0x148cc3a00000 recvbuff 0x148cc3a00000 count 1 datatype 8 op 3 root 0 comm 0x565364fb87c0 [nranks=20] stream 0x56536816b3f0
[LYD INFO in ncclLaunchKernel (enqueue.cc)] NCHANNELS is: 4
[LYD INFO in NCCL_FUNC_NAME (common.h)] 5 AllReduce TREE LL Min double Elapsed time: 35826 us

[LYD INFO in NCCL_FUNC_NAME (common.h)] 4 AllReduce TREE LL Min double Elapsed time: 13019 us

[LYD INFO in NCCL_FUNC_NAME (common.h)] 6 AllReduce TREE LL Min double Elapsed time: 6 us

[LYD INFO in NCCL_FUNC_NAME (common.h)] 7 AllReduce TREE LL Min double Elapsed time: 4 us

[LYD INFO in NCCL_KERN_NAME (common.h)] 6 AllReduce TREE LL Sum double Elapsed time: 108285 us
x3103c0s25b1n0:30945:30945 [2] NCCL INFO AllReduce: opCount 3 sendbuff 0x148cc3a00200 recvbuff 0x148cc3a00200 count 1 datatype 1 op 0 root 0 comm 0x565364fb87c0 [nranks=20] stream 0x56536816b3f0
[LYD INFO in ncclLaunchKernel (enqueue.cc)] NCHANNELS is: 4
[LYD INFO in NCCL_KERN_NAME (common.h)] 7 AllReduce TREE LL Sum double Elapsed time: 87694 us
x3103c0s25b1n0:30946:30946 [3] NCCL INFO AllReduce: opCount 3 sendbuff 0x14b2df600200 recvbuff 0x14b2df600200 count 1 datatype 1 op 0 root 0 comm 0x560266f571d0 [nranks=20] stream 0x560283b92f80
[LYD INFO in ncclLaunchKernel (enqueue.cc)] NCHANNELS is: 4
[LYD INFO in NCCL_KERN_NAME (common.h)] 5 AllReduce TREE LL Sum double Elapsed time: 124332 us
x3103c0s25b1n0:30944:30944 [1] NCCL INFO AllReduce: opCount 3 sendbuff 0x1528eb600200 recvbuff 0x1528eb600200 count 1 datatype 1 op 0 root 0 comm 0x55a793e2f830 [nranks=20] stream 0x55a7ac57d0e0
[LYD INFO in ncclLaunchKernel (enqueue.cc)] NCHANNELS is: 4
[LYD INFO in NCCL_KERN_NAME (common.h)] 4 AllReduce TREE LL Sum double Elapsed time: 97286 us
x3103c0s25b1n0:30943:30943 [0] NCCL INFO AllReduce: opCount 3 sendbuff 0x1533efe00200 recvbuff 0x1533efe00200 count 1 datatype 1 op 0 root 0 comm 0x55c96bf5b500 [nranks=20] stream 0x55c982caef20
[LYD INFO in ncclLaunchKernel (enqueue.cc)] NCHANNELS is: 4
[LYD INFO in NCCL_KERN_NAME (common.h)] 6 AllReduce TREE LL Sum uint8_t Elapsed time: 136366 us

[LYD INFO in NCCL_KERN_NAME (common.h)] 7 AllReduce TREE LL Sum uint8_t Elapsed time: 122430 us

[LYD INFO in NCCL_KERN_NAME (common.h)] 5 AllReduce TREE LL Sum uint8_t Elapsed time: 119006 us

[LYD INFO in NCCL_KERN_NAME (common.h)] 4 AllReduce TREE LL Sum uint8_t Elapsed time: 102704 us
 > number of parameters on (tensor, pipeline) model parallel rank (0, 4): 34591200
 > number of parameters on (tensor, pipeline) model parallel rank (0, 5): 34591200
 > number of parameters on (tensor, pipeline) model parallel rank (0, 6): 34591200
 > number of parameters on (tensor, pipeline) model parallel rank (0, 7): 34591200
x3103c0s25b1n0:30943:30943 [0] NCCL INFO AllReduce: opCount 4 sendbuff 0x1533efe00400 recvbuff 0x1533efe00400 count 1 datatype 1 op 0 root 0 comm 0x55c96bf5b500 [nranks=20] stream 0x55c982caef20
[LYD INFO in ncclLaunchKernel (enqueue.cc)] NCHANNELS is: 4x3103c0s25b1n0:30944:30944 [1] NCCL INFO AllReduce: opCount 4 sendbuff 0x1528eb600400 recvbuff 0x1528eb600400 count 1 datatype 1 op 0 root 0 comm 0x55a793e2f830 [nranks=20] stream 0x55a7ac57d0e0
[LYD INFO in ncclLaunchKernel (enqueue.cc)] NCHANNELS is: 4x3103c0s25b1n0:30945:30945 [2] NCCL INFO AllReduce: opCount 4 sendbuff 0x148cc3a00400 recvbuff 0x148cc3a00400 count 1 datatype 1 op 0 root 0 comm 0x565364fb87c0 [nranks=20] stream 0x56536816b3f0
[LYD INFO in ncclLaunchKernel (enqueue.cc)] NCHANNELS is: 4x3103c0s25b1n0:30946:30946 [3] NCCL INFO AllReduce: opCount 4 sendbuff 0x14b2df600400 recvbuff 0x14b2df600400 count 1 datatype 1 op 0 root 0 comm 0x560266f571d0 [nranks=20] stream 0x560283b92f80
[LYD INFO in ncclLaunchKernel (enqueue.cc)] NCHANNELS is: 4
[LYD INFO in NCCL_KERN_NAME (common.h)] 6 AllReduce TREE LL Sum uint8_t Elapsed time: 1683988 us
x3103c0s25b1n0:30945:30945 [2] NCCL INFO AllReduce: opCount 5 sendbuff 0x148cc3a14e00 recvbuff 0x148cc3a14e00 count 1 datatype 1 op 0 root 0 comm 0x565364fb87c0 [nranks=20] stream 0x56536816b3f0
[LYD INFO in ncclLaunchKernel (enqueue.cc)] NCHANNELS is: 4
[LYD INFO in NCCL_KERN_NAME (common.h)] 4 AllReduce TREE LL Sum uint8_t Elapsed time: 1709814 us
x3103c0s25b1n0:30943:30943 [0] NCCL INFO AllReduce: opCount 5 sendbuff 0x1533efe14e00 recvbuff 0x1533efe14e00 count 1 datatype 1 op 0 root 0 comm 0x55c96bf5b500 [nranks=20] stream 0x55c982caef20
[LYD INFO in ncclLaunchKernel (enqueue.cc)] NCHANNELS is: 4
[LYD INFO in NCCL_KERN_NAME (common.h)] 7 AllReduce TREE LL Sum uint8_t Elapsed time: 1669563 us
x3103c0s25b1n0:30946:30946 [3] NCCL INFO AllReduce: opCount 5 sendbuff 0x14b2df614e00 recvbuff 0x14b2df614e00 count 1 datatype 1 op 0 root 0 comm 0x560266f571d0 [nranks=20] stream 0x560283b92f80
[LYD INFO in ncclLaunchKernel (enqueue.cc)] NCHANNELS is: 4
[LYD INFO in NCCL_KERN_NAME (common.h)] 5 AllReduce TREE LL Sum uint8_t Elapsed time: 1694936 us
x3103c0s25b1n0:30944:30944 [1] NCCL INFO AllReduce: opCount 5 sendbuff 0x1528eb614e00 recvbuff 0x1528eb614e00 count 1 datatype 1 op 0 root 0 comm 0x55a793e2f830 [nranks=20] stream 0x55a7ac57d0e0
[LYD INFO in ncclLaunchKernel (enqueue.cc)] NCHANNELS is: 4
[LYD INFO in NCCL_KERN_NAME (common.h)] 4 AllReduce TREE LL Sum uint8_t Elapsed time: 59422 us
x3103c0s25b1n0:30943:30943 [0] NCCL INFO AllReduce: opCount 6 sendbuff 0x1533efe00400 recvbuff 0x1533efe00400 count 1 datatype 1 op 0 root 0 comm 0x55c96bf5b500 [nranks=20] stream 0x55c982caef20
[LYD INFO in ncclLaunchKernel (enqueue.cc)] NCHANNELS is: 4
[LYD INFO in NCCL_KERN_NAME (common.h)] 5 AllReduce TREE LL Sum uint8_t Elapsed time: 32132 us
x3103c0s25b1n0:30944:30944 [1] NCCL INFO AllReduce: opCount 6 sendbuff 0x1528eb600400 recvbuff 0x1528eb600400 count 1 datatype 1 op 0 root 0 comm 0x55a793e2f830 [nranks=20] stream 0x55a7ac57d0e0
[LYD INFO in ncclLaunchKernel (enqueue.cc)] NCHANNELS is: 4
[LYD INFO in NCCL_KERN_NAME (common.h)] 7 AllReduce TREE LL Sum uint8_t Elapsed time: 46929 us
x3103c0s25b1n0:30946:30946 [3] NCCL INFO AllReduce: opCount 6 sendbuff 0x14b2df600400 recvbuff 0x14b2df600400 count 1 datatype 1 op 0 root 0 comm 0x560266f571d0 [nranks=20] stream 0x560283b92f80
[LYD INFO in ncclLaunchKernel (enqueue.cc)] NCHANNELS is: 4
[LYD INFO in NCCL_KERN_NAME (common.h)] 6 AllReduce TREE LL Sum uint8_t Elapsed time: 67405 us
x3103c0s25b1n0:30945:30945 [2] NCCL INFO AllReduce: opCount 6 sendbuff 0x148cc3a00400 recvbuff 0x148cc3a00400 count 1 datatype 1 op 0 root 0 comm 0x565364fb87c0 [nranks=20] stream 0x56536816b3f0
[LYD INFO in ncclLaunchKernel (enqueue.cc)] NCHANNELS is: 4
[LYD INFO in NCCL_KERN_NAME (common.h)] 5 AllReduce TREE LL Sum uint8_t Elapsed time: 97858 us

[LYD INFO in NCCL_KERN_NAME (common.h)] 4 AllReduce TREE LL Sum uint8_t Elapsed time: 104153 us

[LYD INFO in NCCL_KERN_NAME (common.h)] 7 AllReduce TREE LL Sum uint8_t Elapsed time: 87427 us

[LYD INFO in NCCL_KERN_NAME (common.h)] 6 AllReduce TREE LL Sum uint8_t Elapsed time: 71520 us
NCCL version 2.14.3+cuda11.8
x3103c0s25b1n0:30943:30943 [0] NCCL INFO init.cc:1147 Cuda Host Alloc Size 4 pointer 0x1533f3400400
NCCL version 2.14.3+cuda11.8
x3103c0s25b1n0:30946:30946 [3] NCCL INFO init.cc:1147 Cuda Host Alloc Size 4 pointer 0x14b2a0e00400
NCCL version 2.14.3+cuda11.8
x3103c0s25b1n0:30945:30945 [2] NCCL INFO init.cc:1147 Cuda Host Alloc Size 4 pointer 0x148cc7400400
NCCL version 2.14.3+cuda11.8
x3103c0s25b1n0:30944:30944 [1] NCCL INFO init.cc:1147 Cuda Host Alloc Size 4 pointer 0x1528a8e00400
x3103c0s25b1n0:30943:35035 [0] NCCL INFO Using network IB
x3103c0s25b1n0:30946:35037 [3] NCCL INFO Using network IB
x3103c0s25b1n0:30945:35039 [2] NCCL INFO Using network IB
x3103c0s25b1n0:30944:35041 [1] NCCL INFO Using network IB
x3103c0s25b1n0:30946:35037 [3] NCCL INFO NET/IB : GPU Direct RDMA Enabled for HCA 0 'mlx5_0'
x3103c0s25b1n0:30946:35037 [3] NCCL INFO NET/IB : GPU Direct RDMA Enabled for HCA 1 'mlx5_1'
x3103c0s25b1n0:30946:35037 [3] NCCL INFO GPU Direct RDMA Disabled for GPU c7000 / HCA 0 (distance 6 > 4)
x3103c0s25b1n0:30946:35037 [3] NCCL INFO GPU Direct RDMA Disabled for GPU c7000 / HCA 1 (distance 7 > 4)
x3103c0s25b1n0:30946:35037 [3] NCCL INFO === System : maxBw 5000.0 totalBw 0.0 ===
x3103c0s25b1n0:30946:35037 [3] NCCL INFO CPU/0 (1/2/-1)
x3103c0s25b1n0:30946:35037 [3] NCCL INFO + SYS[5000.0] - CPU/2
x3103c0s25b1n0:30946:35037 [3] NCCL INFO + PCI[24.0] - PCI/C5000 (11f8406811f8beef)
x3103c0s25b1n0:30946:35037 [3] NCCL INFO               + PCI[24.0] - GPU/C7000 (0)
x3103c0s25b1n0:30946:35037 [3] NCCL INFO + PCI[12.0] - NIC/C8000
x3103c0s25b1n0:30946:35037 [3] NCCL INFO CPU/2 (1/2/-1)
x3103c0s25b1n0:30946:35037 [3] NCCL INFO + SYS[5000.0] - CPU/0
x3103c0s25b1n0:30946:35037 [3] NCCL INFO + PCI[12.0] - NIC/43000
x3103c0s25b1n0:30946:35037 [3] NCCL INFO ==========================================
x3103c0s25b1n0:30946:35037 [3] NCCL INFO GPU/C7000 :GPU/C7000 (0/5000.000000/LOC) CPU/0 (2/24.000000/PHB) CPU/2 (3/24.000000/SYS) 
x3103c0s25b1n0:30946:35037 [3] NCCL INFO Setting affinity for GPU 3 to 01
x3103c0s25b1n0:30946:35037 [3] NCCL INFO Pattern 4, crossNic 0, nChannels 16, bw 44.000000/44.000000, type LOC/PIX, sameChannels 1
x3103c0s25b1n0:30946:35037 [3] NCCL INFO  0 : GPU/0
x3103c0s25b1n0:30946:35037 [3] NCCL INFO  1 : GPU/0
x3103c0s25b1n0:30946:35037 [3] NCCL INFO  2 : GPU/0
x3103c0s25b1n0:30946:35037 [3] NCCL INFO  3 : GPU/0
x3103c0s25b1n0:30946:35037 [3] NCCL INFO  4 : GPU/0
x3103c0s25b1n0:30946:35037 [3] NCCL INFO  5 : GPU/0
x3103c0s25b1n0:30946:35037 [3] NCCL INFO  6 : GPU/0
x3103c0s25b1n0:30946:35037 [3] NCCL INFO  7 : GPU/0
x3103c0s25b1n0:30946:35037 [3] NCCL INFO  8 : GPU/0
x3103c0s25b1n0:30946:35037 [3] NCCL INFO  9 : GPU/0
x3103c0s25b1n0:30946:35037 [3] NCCL INFO 10 : GPU/0
x3103c0s25b1n0:30946:35037 [3] NCCL INFO 11 : GPU/0
x3103c0s25b1n0:30946:35037 [3] NCCL INFO 12 : GPU/0
x3103c0s25b1n0:30946:35037 [3] NCCL INFO 13 : GPU/0
x3103c0s25b1n0:30946:35037 [3] NCCL INFO 14 : GPU/0
x3103c0s25b1n0:30946:35037 [3] NCCL INFO 15 : GPU/0
x3103c0s25b1n0:30946:35037 [3] NCCL INFO Pattern 3, crossNic 0, nChannels 16, bw 44.000000/44.000000, type LOC/PIX, sameChannels 1
x3103c0s25b1n0:30946:35037 [3] NCCL INFO  0 : GPU/0
x3103c0s25b1n0:30946:35037 [3] NCCL INFO  1 : GPU/0
x3103c0s25b1n0:30946:35037 [3] NCCL INFO  2 : GPU/0
x3103c0s25b1n0:30946:35037 [3] NCCL INFO  3 : GPU/0
x3103c0s25b1n0:30946:35037 [3] NCCL INFO  4 : GPU/0
x3103c0s25b1n0:30946:35037 [3] NCCL INFO  5 : GPU/0
x3103c0s25b1n0:30946:35037 [3] NCCL INFO  6 : GPU/0
x3103c0s25b1n0:30946:35037 [3] NCCL INFO  7 : GPU/0
x3103c0s25b1n0:30946:35037 [3] NCCL INFO  8 : GPU/0
x3103c0s25b1n0:30946:35037 [3] NCCL INFO  9 : GPU/0
x3103c0s25b1n0:30946:35037 [3] NCCL INFO 10 : GPU/0
x3103c0s25b1n0:30946:35037 [3] NCCL INFO 11 : GPU/0
x3103c0s25b1n0:30946:35037 [3] NCCL INFO 12 : GPU/0
x3103c0s25b1n0:30946:35037 [3] NCCL INFO 13 : GPU/0
x3103c0s25b1n0:30946:35037 [3] NCCL INFO 14 : GPU/0
x3103c0s25b1n0:30946:35037 [3] NCCL INFO 15 : GPU/0
x3103c0s25b1n0:30946:35037 [3] NCCL INFO Pattern 3, crossNic 0, nChannels 16, bw 44.000000/44.000000, type LOC/PIX, sameChannels 1
x3103c0s25b1n0:30946:35037 [3] NCCL INFO  0 : GPU/0
x3103c0s25b1n0:30946:35037 [3] NCCL INFO  1 : GPU/0
x3103c0s25b1n0:30946:35037 [3] NCCL INFO  2 : GPU/0
x3103c0s25b1n0:30946:35037 [3] NCCL INFO  3 : GPU/0
x3103c0s25b1n0:30946:35037 [3] NCCL INFO  4 : GPU/0
x3103c0s25b1n0:30946:35037 [3] NCCL INFO  5 : GPU/0
x3103c0s25b1n0:30946:35037 [3] NCCL INFO  6 : GPU/0
x3103c0s25b1n0:30946:35037 [3] NCCL INFO  7 : GPU/0
x3103c0s25b1n0:30946:35037 [3] NCCL INFO  8 : GPU/0
x3103c0s25b1n0:30946:35037 [3] NCCL INFO  9 : GPU/0
x3103c0s25b1n0:30946:35037 [3] NCCL INFO 10 : GPU/0
x3103c0s25b1n0:30946:35037 [3] NCCL INFO 11 : GPU/0
x3103c0s25b1n0:30946:35037 [3] NCCL INFO 12 : GPU/0
x3103c0s25b1n0:30946:35037 [3] NCCL INFO 13 : GPU/0
x3103c0s25b1n0:30946:35037 [3] NCCL INFO 14 : GPU/0
x3103c0s25b1n0:30946:35037 [3] NCCL INFO 15 : GPU/0
x3103c0s25b1n0:30946:35037 [3] NCCL INFO Tree 0 : -1 -> 0 -> -1/-1/-1
x3103c0s25b1n0:30946:35037 [3] NCCL INFO Tree 16 : -1 -> 0 -> -1/-1/-1
x3103c0s25b1n0:30946:35037 [3] NCCL INFO Tree 1 : -1 -> 0 -> -1/-1/-1
x3103c0s25b1n0:30946:35037 [3] NCCL INFO Tree 17 : -1 -> 0 -> -1/-1/-1
x3103c0s25b1n0:30946:35037 [3] NCCL INFO Tree 2 : -1 -> 0 -> -1/-1/-1
x3103c0s25b1n0:30946:35037 [3] NCCL INFO Tree 18 : -1 -> 0 -> -1/-1/-1
x3103c0s25b1n0:30946:35037 [3] NCCL INFO Tree 3 : -1 -> 0 -> -1/-1/-1
x3103c0s25b1n0:30946:35037 [3] NCCL INFO Tree 19 : -1 -> 0 -> -1/-1/-1
x3103c0s25b1n0:30946:35037 [3] NCCL INFO Tree 4 : -1 -> 0 -> -1/-1/-1
x3103c0s25b1n0:30946:35037 [3] NCCL INFO Tree 20 : -1 -> 0 -> -1/-1/-1
x3103c0s25b1n0:30946:35037 [3] NCCL INFO Tree 5 : -1 -> 0 -> -1/-1/-1
x3103c0s25b1n0:30946:35037 [3] NCCL INFO Tree 21 : -1 -> 0 -> -1/-1/-1
x3103c0s25b1n0:30946:35037 [3] NCCL INFO Tree 6 : -1 -> 0 -> -1/-1/-1
x3103c0s25b1n0:30946:35037 [3] NCCL INFO Tree 22 : -1 -> 0 -> -1/-1/-1
x3103c0s25b1n0:30946:35037 [3] NCCL INFO Tree 7 : -1 -> 0 -> -1/-1/-1
x3103c0s25b1n0:30946:35037 [3] NCCL INFO Tree 23 : -1 -> 0 -> -1/-1/-1
x3103c0s25b1n0:30946:35037 [3] NCCL INFO Tree 8 : -1 -> 0 -> -1/-1/-1
x3103c0s25b1n0:30946:35037 [3] NCCL INFO Tree 24 : -1 -> 0 -> -1/-1/-1
x3103c0s25b1n0:30946:35037 [3] NCCL INFO Tree 9 : -1 -> 0 -> -1/-1/-1
x3103c0s25b1n0:30946:35037 [3] NCCL INFO Tree 25 : -1 -> 0 -> -1/-1/-1
x3103c0s25b1n0:30946:35037 [3] NCCL INFO Tree 10 : -1 -> 0 -> -1/-1/-1
x3103c0s25b1n0:30946:35037 [3] NCCL INFO Tree 26 : -1 -> 0 -> -1/-1/-1
x3103c0s25b1n0:30946:35037 [3] NCCL INFO Tree 11 : -1 -> 0 -> -1/-1/-1
x3103c0s25b1n0:30946:35037 [3] NCCL INFO Tree 27 : -1 -> 0 -> -1/-1/-1
x3103c0s25b1n0:30946:35037 [3] NCCL INFO Tree 12 : -1 -> 0 -> -1/-1/-1
x3103c0s25b1n0:30946:35037 [3] NCCL INFO Tree 28 : -1 -> 0 -> -1/-1/-1
x3103c0s25b1n0:30946:35037 [3] NCCL INFO Tree 13 : -1 -> 0 -> -1/-1/-1
x3103c0s25b1n0:30946:35037 [3] NCCL INFO Tree 29 : -1 -> 0 -> -1/-1/-1
x3103c0s25b1n0:30946:35037 [3] NCCL INFO Tree 14 : -1 -> 0 -> -1/-1/-1
x3103c0s25b1n0:30946:35037 [3] NCCL INFO Tree 30 : -1 -> 0 -> -1/-1/-1
x3103c0s25b1n0:30946:35037 [3] NCCL INFO Tree 15 : -1 -> 0 -> -1/-1/-1
x3103c0s25b1n0:30946:35037 [3] NCCL INFO Tree 31 : -1 -> 0 -> -1/-1/-1
x3103c0s25b1n0:30946:35037 [3] NCCL INFO Channel 00/32 :    0
x3103c0s25b1n0:30946:35037 [3] NCCL INFO Channel 01/32 :    0
x3103c0s25b1n0:30946:35037 [3] NCCL INFO Channel 02/32 :    0
x3103c0s25b1n0:30946:35037 [3] NCCL INFO Channel 03/32 :    0
x3103c0s25b1n0:30946:35037 [3] NCCL INFO Channel 04/32 :    0
x3103c0s25b1n0:30946:35037 [3] NCCL INFO Channel 05/32 :    0
x3103c0s25b1n0:30946:35037 [3] NCCL INFO Channel 06/32 :    0
x3103c0s25b1n0:30946:35037 [3] NCCL INFO Channel 07/32 :    0
x3103c0s25b1n0:30946:35037 [3] NCCL INFO Channel 08/32 :    0
x3103c0s25b1n0:30946:35037 [3] NCCL INFO Channel 09/32 :    0
x3103c0s25b1n0:30946:35037 [3] NCCL INFO Channel 10/32 :    0
x3103c0s25b1n0:30946:35037 [3] NCCL INFO Channel 11/32 :    0
x3103c0s25b1n0:30946:35037 [3] NCCL INFO Channel 12/32 :    0
x3103c0s25b1n0:30946:35037 [3] NCCL INFO Channel 13/32 :    0
x3103c0s25b1n0:30946:35037 [3] NCCL INFO Channel 14/32 :    0
x3103c0s25b1n0:30946:35037 [3] NCCL INFO Channel 15/32 :    0
x3103c0s25b1n0:30946:35037 [3] NCCL INFO Channel 16/32 :    0
x3103c0s25b1n0:30946:35037 [3] NCCL INFO Channel 17/32 :    0
x3103c0s25b1n0:30946:35037 [3] NCCL INFO Channel 18/32 :    0
x3103c0s25b1n0:30946:35037 [3] NCCL INFO Channel 19/32 :    0
x3103c0s25b1n0:30946:35037 [3] NCCL INFO Channel 20/32 :    0
x3103c0s25b1n0:30946:35037 [3] NCCL INFO Channel 21/32 :    0
x3103c0s25b1n0:30946:35037 [3] NCCL INFO Channel 22/32 :    0
x3103c0s25b1n0:30946:35037 [3] NCCL INFO Channel 23/32 :    0
x3103c0s25b1n0:30946:35037 [3] NCCL INFO Channel 24/32 :    0
x3103c0s25b1n0:30946:35037 [3] NCCL INFO Channel 25/32 :    0
x3103c0s25b1n0:30946:35037 [3] NCCL INFO Channel 26/32 :    0
x3103c0s25b1n0:30946:35037 [3] NCCL INFO Channel 27/32 :    0
x3103c0s25b1n0:30946:35037 [3] NCCL INFO Channel 28/32 :    0
x3103c0s25b1n0:30946:35037 [3] NCCL INFO Channel 29/32 :    0
x3103c0s25b1n0:30946:35037 [3] NCCL INFO Channel 30/32 :    0
x3103c0s25b1n0:30946:35037 [3] NCCL INFO Channel 31/32 :    0
x3103c0s25b1n0:30946:35037 [3] NCCL INFO Ring 00 : 0 -> 0 -> 0
x3103c0s25b1n0:30946:35037 [3] NCCL INFO Ring 01 : 0 -> 0 -> 0
x3103c0s25b1n0:30946:35037 [3] NCCL INFO Ring 02 : 0 -> 0 -> 0
x3103c0s25b1n0:30946:35037 [3] NCCL INFO Ring 03 : 0 -> 0 -> 0
x3103c0s25b1n0:30946:35037 [3] NCCL INFO Ring 04 : 0 -> 0 -> 0
x3103c0s25b1n0:30946:35037 [3] NCCL INFO Ring 05 : 0 -> 0 -> 0
x3103c0s25b1n0:30946:35037 [3] NCCL INFO Ring 06 : 0 -> 0 -> 0
x3103c0s25b1n0:30946:35037 [3] NCCL INFO Ring 07 : 0 -> 0 -> 0
x3103c0s25b1n0:30946:35037 [3] NCCL INFO Ring 08 : 0 -> 0 -> 0
x3103c0s25b1n0:30946:35037 [3] NCCL INFO Ring 09 : 0 -> 0 -> 0
x3103c0s25b1n0:30946:35037 [3] NCCL INFO Ring 10 : 0 -> 0 -> 0
x3103c0s25b1n0:30946:35037 [3] NCCL INFO Ring 11 : 0 -> 0 -> 0
x3103c0s25b1n0:30946:35037 [3] NCCL INFO Ring 12 : 0 -> 0 -> 0
