x3103c0s37b0n0:25107:30409 [1] NCCL INFO + SYS[5000.0] - CPU/2
x3103c0s37b0n0:25107:30409 [1] NCCL INFO + SYS[5000.0] - CPU/0
x3103c0s37b0n0:25107:30409 [1] NCCL INFO + PCI[24.0] - PCI/83000 (11f8406811f8beef)
x3103c0s37b0n0:25107:30409 [1] NCCL INFO               + PCI[24.0] - GPU/85000 (18)
x3103c0s37b0n0:25107:30409 [1] NCCL INFO                             + NVL[88.0] - GPU/C7000
x3103c0s37b0n0:25107:30409 [1] NCCL INFO                             + NVL[88.0] - GPU/46000
x3103c0s37b0n0:25107:30409 [1] NCCL INFO                             + NVL[88.0] - GPU/7000
x3103c0s37b0n0:25107:30409 [1] NCCL INFO CPU/0 (1/2/-1)
x3103c0s37b0n0:25107:30409 [1] NCCL INFO + SYS[5000.0] - CPU/3
x3103c0s37b0n0:25107:30409 [1] NCCL INFO + SYS[5000.0] - CPU/2
x3103c0s37b0n0:25107:30409 [1] NCCL INFO + SYS[5000.0] - CPU/1
x3103c0s37b0n0:25107:30409 [1] NCCL INFO + PCI[24.0] - PCI/C5000 (11f8406811f8beef)
x3103c0s37b0n0:25107:30409 [1] NCCL INFO               + PCI[24.0] - GPU/C7000 (19)
x3103c0s37b0n0:25107:30409 [1] NCCL INFO                             + NVL[88.0] - GPU/85000
x3103c0s37b0n0:25107:30409 [1] NCCL INFO                             + NVL[88.0] - GPU/46000
x3103c0s37b0n0:25107:30409 [1] NCCL INFO                             + NVL[88.0] - GPU/7000
x3103c0s37b0n0:25107:30409 [1] NCCL INFO + PCI[12.0] - NIC/C8000
x3103c0s37b0n0:25107:30409 [1] NCCL INFO               + NET[12.5] - NET/0 (b8870cffffa4e988/1/12.500000)
x3103c0s37b0n0:25107:30409 [1] NCCL INFO ==========================================
x3103c0s37b0n0:25107:30409 [1] NCCL INFO GPU/7000 :GPU/7000 (0/5000.000000/LOC) GPU/46000 (1/88.000000/NVL) GPU/85000 (1/88.000000/NVL) GPU/C7000 (1/88.000000/NVL) CPU/3 (2/24.000000/PHB) CPU/2 (3/24.000000/SYS) CPU/1 (3/24.000000/SYS) CPU/0 (3/24.000000/SYS) NET/1 (5/12.000000/SYS) NET/0 (5/12.000000/SYS) 
x3103c0s37b0n0:25107:30409 [1] NCCL INFO GPU/46000 :GPU/7000 (1/88.000000/NVL) GPU/46000 (0/5000.000000/LOC) GPU/85000 (1/88.000000/NVL) GPU/C7000 (1/88.000000/NVL) CPU/3 (3/24.000000/SYS) CPU/2 (2/24.000000/PHB) CPU/1 (3/24.000000/SYS) CPU/0 (3/24.000000/SYS) NET/1 (4/12.000000/PHB) NET/0 (5/12.000000/SYS) 
x3103c0s37b0n0:25107:30409 [1] NCCL INFO GPU/85000 :GPU/7000 (1/88.000000/NVL) GPU/46000 (1/88.000000/NVL) GPU/85000 (0/5000.000000/LOC) GPU/C7000 (1/88.000000/NVL) CPU/3 (3/24.000000/SYS) CPU/2 (3/24.000000/SYS) CPU/1 (2/24.000000/PHB) CPU/0 (3/24.000000/SYS) NET/1 (5/12.000000/SYS) NET/0 (5/12.000000/SYS) 
x3103c0s37b0n0:25107:30409 [1] NCCL INFO GPU/C7000 :GPU/7000 (1/88.000000/NVL) GPU/46000 (1/88.000000/NVL) GPU/85000 (1/88.000000/NVL) GPU/C7000 (0/5000.000000/LOC) CPU/3 (3/24.000000/SYS) CPU/2 (3/24.000000/SYS) CPU/1 (3/24.000000/SYS) CPU/0 (2/24.000000/PHB) NET/1 (5/12.000000/SYS) NET/0 (4/12.000000/PHB) 
x3103c0s37b0n0:25107:30409 [1] NCCL INFO NET/1 :GPU/7000 (5/12.000000/SYS) GPU/46000 (4/12.000000/PHB) GPU/85000 (5/12.000000/SYS) GPU/C7000 (5/12.000000/SYS) CPU/3 (3/12.000000/SYS) CPU/2 (2/12.000000/PHB) CPU/1 (3/12.000000/SYS) CPU/0 (3/12.000000/SYS) NET/1 (0/5000.000000/LOC) NET/0 (5/12.000000/SYS) 
x3103c0s37b0n0:25107:30409 [1] NCCL INFO NET/0 :GPU/7000 (5/12.000000/SYS) GPU/46000 (5/12.000000/SYS) GPU/85000 (5/12.000000/SYS) GPU/C7000 (4/12.000000/PHB) CPU/3 (3/12.000000/SYS) CPU/2 (3/12.000000/SYS) CPU/1 (3/12.000000/SYS) CPU/0 (2/12.000000/PHB) NET/1 (5/12.000000/SYS) NET/0 (0/5000.000000/LOC) 
x3103c0s37b0n0:25107:30409 [1] NCCL INFO Pattern 4, crossNic 0, nChannels 2, bw 12.000000/12.000000, type NVL/SYS, sameChannels 1
x3103c0s37b0n0:25107:30409 [1] NCCL INFO  0 : NET/1 GPU/17 GPU/16 GPU/18 GPU/19 NET/1
x3103c0s37b0n0:25107:30409 [1] NCCL INFO  1 : NET/0 GPU/17 GPU/16 GPU/18 GPU/19 NET/0
x3103c0s37b0n0:25107:30409 [1] NCCL INFO Pattern 1, crossNic 0, nChannels 2, bw 24.000000/12.000000, type NVL/SYS, sameChannels 1
x3103c0s37b0n0:25107:30409 [1] NCCL INFO  0 : NET/1 GPU/16 GPU/17 GPU/18 GPU/19 NET/1
x3103c0s37b0n0:25107:30409 [1] NCCL INFO  1 : NET/0 GPU/16 GPU/17 GPU/18 GPU/19 NET/0
x3103c0s37b0n0:25107:30409 [1] NCCL INFO Pattern 3, crossNic 0, nChannels 0, bw 0.000000/0.000000, type NVL/PIX, sameChannels 1
x3103c0s37b0n0:25108:30411 [2] NCCL INFO NET/IB : GPU Direct RDMA Enabled for HCA 0 'mlx5_0'
x3103c0s37b0n0:25108:30411 [2] NCCL INFO NET/IB : GPU Direct RDMA Enabled for HCA 1 'mlx5_1'
x3103c0s37b0n0:25108:30411 [2] NCCL INFO GPU Direct RDMA Disabled for GPU 7000 / HCA 1 (distance 7 > 4)
x3103c0s37b0n0:25108:30411 [2] NCCL INFO GPU Direct RDMA Disabled for GPU 46000 / HCA 1 (distance 6 > 4)
x3103c0s37b0n0:25108:30411 [2] NCCL INFO GPU Direct RDMA Disabled for GPU 85000 / HCA 1 (distance 7 > 4)
x3103c0s37b0n0:25108:30411 [2] NCCL INFO GPU Direct RDMA Disabled for GPU c7000 / HCA 1 (distance 7 > 4)
x3103c0s37b0n0:25108:30411 [2] NCCL INFO GPU Direct RDMA Disabled for GPU 7000 / HCA 0 (distance 7 > 4)
x3103c0s37b0n0:25108:30411 [2] NCCL INFO GPU Direct RDMA Disabled for GPU 46000 / HCA 0 (distance 7 > 4)
x3103c0s37b0n0:25108:30411 [2] NCCL INFO GPU Direct RDMA Disabled for GPU 85000 / HCA 0 (distance 7 > 4)
x3103c0s37b0n0:25108:30411 [2] NCCL INFO GPU Direct RDMA Disabled for GPU c7000 / HCA 0 (distance 6 > 4)
x3103c0s37b0n0:25108:30411 [2] NCCL INFO GPU Direct RDMA Disabled for GPU 7000 / HCA 1 (distance 7 > 4)
x3103c0s37b0n0:25108:30411 [2] NCCL INFO GPU Direct RDMA Disabled for GPU 46000 / HCA 1 (distance 6 > 4)
x3103c0s37b0n0:25108:30411 [2] NCCL INFO GPU Direct RDMA Disabled for GPU 85000 / HCA 1 (distance 7 > 4)
x3103c0s37b0n0:25108:30411 [2] NCCL INFO GPU Direct RDMA Disabled for GPU c7000 / HCA 1 (distance 7 > 4)
x3103c0s37b0n0:25108:30411 [2] NCCL INFO GPU Direct RDMA Disabled for GPU 7000 / HCA 0 (distance 7 > 4)
x3103c0s37b0n0:25108:30411 [2] NCCL INFO GPU Direct RDMA Disabled for GPU 46000 / HCA 0 (distance 7 > 4)
x3103c0s37b0n0:25108:30411 [2] NCCL INFO GPU Direct RDMA Disabled for GPU 85000 / HCA 0 (distance 7 > 4)
x3103c0s37b0n0:25108:30411 [2] NCCL INFO GPU Direct RDMA Disabled for GPU c7000 / HCA 0 (distance 6 > 4)
x3103c0s37b0n0:25108:30411 [2] NCCL INFO === System : maxBw 12.0 totalBw 264.0 ===
x3103c0s37b0n0:25108:30411 [2] NCCL INFO CPU/3 (1/2/-1)
x3103c0s37b0n0:25108:30411 [2] NCCL INFO + SYS[5000.0] - CPU/2
x3103c0s37b0n0:25108:30411 [2] NCCL INFO + SYS[5000.0] - CPU/1
x3103c0s37b0n0:25108:30411 [2] NCCL INFO + SYS[5000.0] - CPU/0
x3103c0s37b0n0:25108:30411 [2] NCCL INFO + PCI[24.0] - PCI/5000 (11f8406811f8beef)
x3103c0s37b0n0:25108:30411 [2] NCCL INFO               + PCI[24.0] - GPU/7000 (16)
x3103c0s37b0n0:25108:30411 [2] NCCL INFO                             + NVL[88.0] - GPU/85000
x3103c0s37b0n0:25108:30411 [2] NCCL INFO                             + NVL[88.0] - GPU/C7000
x3103c0s37b0n0:25108:30411 [2] NCCL INFO                             + NVL[88.0] - GPU/46000
x3103c0s37b0n0:25108:30411 [2] NCCL INFO CPU/2 (1/2/-1)
x3103c0s37b0n0:25108:30411 [2] NCCL INFO + SYS[5000.0] - CPU/3
x3103c0s37b0n0:25108:30411 [2] NCCL INFO + SYS[5000.0] - CPU/1
x3103c0s37b0n0:25108:30411 [2] NCCL INFO + SYS[5000.0] - CPU/0
x3103c0s37b0n0:25108:30411 [2] NCCL INFO + PCI[24.0] - PCI/44000 (11f8406811f8beef)
x3103c0s37b0n0:25108:30411 [2] NCCL INFO               + PCI[24.0] - GPU/46000 (17)
x3103c0s37b0n0:25108:30411 [2] NCCL INFO                             + NVL[88.0] - GPU/85000
x3103c0s37b0n0:25108:30411 [2] NCCL INFO                             + NVL[88.0] - GPU/C7000
x3103c0s37b0n0:25108:30411 [2] NCCL INFO                             + NVL[88.0] - GPU/7000
x3103c0s37b0n0:25108:30411 [2] NCCL INFO + PCI[12.0] - NIC/43000
x3103c0s37b0n0:25108:30411 [2] NCCL INFO               + NET[12.5] - NET/1 (6cb70cffffa4e988/1/12.500000)
x3103c0s37b0n0:25108:30411 [2] NCCL INFO CPU/1 (1/2/-1)
x3103c0s37b0n0:25108:30411 [2] NCCL INFO + SYS[5000.0] - CPU/3
x3103c0s37b0n0:25108:30411 [2] NCCL INFO + SYS[5000.0] - CPU/2
x3103c0s37b0n0:25108:30411 [2] NCCL INFO + SYS[5000.0] - CPU/0
x3103c0s37b0n0:25108:30411 [2] NCCL INFO + PCI[24.0] - PCI/83000 (11f8406811f8beef)
x3103c0s37b0n0:25108:30411 [2] NCCL INFO               + PCI[24.0] - GPU/85000 (18)
x3103c0s37b0n0:25108:30411 [2] NCCL INFO                             + NVL[88.0] - GPU/C7000
x3103c0s37b0n0:25108:30411 [2] NCCL INFO                             + NVL[88.0] - GPU/46000
x3103c0s37b0n0:25108:30411 [2] NCCL INFO                             + NVL[88.0] - GPU/7000
x3103c0s37b0n0:25108:30411 [2] NCCL INFO CPU/0 (1/2/-1)
x3103c0s37b0n0:25108:30411 [2] NCCL INFO + SYS[5000.0] - CPU/3
x3103c0s37b0n0:25108:30411 [2] NCCL INFO + SYS[5000.0] - CPU/2
x3103c0s37b0n0:25108:30411 [2] NCCL INFO + SYS[5000.0] - CPU/1
x3103c0s37b0n0:25108:30411 [2] NCCL INFO + PCI[24.0] - PCI/C5000 (11f8406811f8beef)
x3103c0s37b0n0:25108:30411 [2] NCCL INFO               + PCI[24.0] - GPU/C7000 (19)
x3103c0s37b0n0:25108:30411 [2] NCCL INFO                             + NVL[88.0] - GPU/85000
x3103c0s37b0n0:25108:30411 [2] NCCL INFO                             + NVL[88.0] - GPU/46000
x3103c0s37b0n0:25108:30411 [2] NCCL INFO                             + NVL[88.0] - GPU/7000
x3103c0s37b0n0:25108:30411 [2] NCCL INFO + PCI[12.0] - NIC/C8000
x3103c0s37b0n0:25108:30411 [2] NCCL INFO               + NET[12.5] - NET/0 (b8870cffffa4e988/1/12.500000)
x3103c0s37b0n0:25108:30411 [2] NCCL INFO ==========================================
x3103c0s37b0n0:25108:30411 [2] NCCL INFO GPU/7000 :GPU/7000 (0/5000.000000/LOC) GPU/46000 (1/88.000000/NVL) GPU/85000 (1/88.000000/NVL) GPU/C7000 (1/88.000000/NVL) CPU/3 (2/24.000000/PHB) CPU/2 (3/24.000000/SYS) CPU/1 (3/24.000000/SYS) CPU/0 (3/24.000000/SYS) NET/1 (5/12.000000/SYS) NET/0 (5/12.000000/SYS) 
x3103c0s37b0n0:25108:30411 [2] NCCL INFO GPU/46000 :GPU/7000 (1/88.000000/NVL) GPU/46000 (0/5000.000000/LOC) GPU/85000 (1/88.000000/NVL) GPU/C7000 (1/88.000000/NVL) CPU/3 (3/24.000000/SYS) CPU/2 (2/24.000000/PHB) CPU/1 (3/24.000000/SYS) CPU/0 (3/24.000000/SYS) NET/1 (4/12.000000/PHB) NET/0 (5/12.000000/SYS) 
x3103c0s37b0n0:25108:30411 [2] NCCL INFO GPU/85000 :GPU/7000 (1/88.000000/NVL) GPU/46000 (1/88.000000/NVL) GPU/85000 (0/5000.000000/LOC) GPU/C7000 (1/88.000000/NVL) CPU/3 (3/24.000000/SYS) CPU/2 (3/24.000000/SYS) CPU/1 (2/24.000000/PHB) CPU/0 (3/24.000000/SYS) NET/1 (5/12.000000/SYS) NET/0 (5/12.000000/SYS) 
x3103c0s37b0n0:25108:30411 [2] NCCL INFO GPU/C7000 :GPU/7000 (1/88.000000/NVL) GPU/46000 (1/88.000000/NVL) GPU/85000 (1/88.000000/NVL) GPU/C7000 (0/5000.000000/LOC) CPU/3 (3/24.000000/SYS) CPU/2 (3/24.000000/SYS) CPU/1 (3/24.000000/SYS) CPU/0 (2/24.000000/PHB) NET/1 (5/12.000000/SYS) NET/0 (4/12.000000/PHB) 
x3103c0s37b0n0:25108:30411 [2] NCCL INFO NET/1 :GPU/7000 (5/12.000000/SYS) GPU/46000 (4/12.000000/PHB) GPU/85000 (5/12.000000/SYS) GPU/C7000 (5/12.000000/SYS) CPU/3 (3/12.000000/SYS) CPU/2 (2/12.000000/PHB) CPU/1 (3/12.000000/SYS) CPU/0 (3/12.000000/SYS) NET/1 (0/5000.000000/LOC) NET/0 (5/12.000000/SYS) 
x3103c0s37b0n0:25108:30411 [2] NCCL INFO NET/0 :GPU/7000 (5/12.000000/SYS) GPU/46000 (5/12.000000/SYS) GPU/85000 (5/12.000000/SYS) GPU/C7000 (4/12.000000/PHB) CPU/3 (3/12.000000/SYS) CPU/2 (3/12.000000/SYS) CPU/1 (3/12.000000/SYS) CPU/0 (2/12.000000/PHB) NET/1 (5/12.000000/SYS) NET/0 (0/5000.000000/LOC) 
x3103c0s37b0n0:25108:30411 [2] NCCL INFO Pattern 4, crossNic 0, nChannels 2, bw 12.000000/12.000000, type NVL/SYS, sameChannels 1
x3103c0s37b0n0:25108:30411 [2] NCCL INFO  0 : NET/1 GPU/17 GPU/16 GPU/18 GPU/19 NET/1
x3103c0s37b0n0:25108:30411 [2] NCCL INFO  1 : NET/0 GPU/17 GPU/16 GPU/18 GPU/19 NET/0
x3103c0s37b0n0:25108:30411 [2] NCCL INFO Pattern 1, crossNic 0, nChannels 2, bw 24.000000/12.000000, type NVL/SYS, sameChannels 1
x3103c0s37b0n0:25108:30411 [2] NCCL INFO  0 : NET/1 GPU/16 GPU/17 GPU/18 GPU/19 NET/1
x3103c0s37b0n0:25108:30411 [2] NCCL INFO  1 : NET/0 GPU/16 GPU/17 GPU/18 GPU/19 NET/0
x3103c0s37b0n0:25108:30411 [2] NCCL INFO Pattern 3, crossNic 0, nChannels 0, bw 0.000000/0.000000, type NVL/PIX, sameChannels 1
x3103c0s37b0n0:25108:30411 [2] NCCL INFO Ring 00 : 16 -> 18 -> 19
x3103c0s37b0n0:25108:30411 [2] NCCL INFO Ring 01 : 16 -> 18 -> 19
x3103c0s37b0n0:25108:30411 [2] NCCL INFO Ring 02 : 16 -> 18 -> 19
x3103c0s37b0n0:25108:30411 [2] NCCL INFO Ring 03 : 16 -> 18 -> 19
x3103c0s37b0n0:25108:30411 [2] NCCL INFO Trees [0] 19/-1/-1->18->17 [1] 19/-1/-1->18->17 [2] 19/-1/-1->18->17 [3] 19/-1/-1->18->17
x3103c0s37b0n0:25108:30411 [2] NCCL INFO misc/utils.cc:235 memory stack hunk malloc(65536)
x3103c0s37b0n0:25108:30411 [2] NCCL INFO channel.cc:23 Cuda Alloc Size 8064 pointer 0x153667e17400
x3103c0s37b0n0:25108:30411 [2] NCCL INFO channel.cc:27 Cuda Alloc Size 80 pointer 0x153667e19400
x3103c0s37b0n0:25108:30411 [2] NCCL INFO channel.cc:23 Cuda Alloc Size 8064 pointer 0x153667e19600
x3103c0s37b0n0:25108:30411 [2] NCCL INFO channel.cc:27 Cuda Alloc Size 80 pointer 0x153667e1b600
x3103c0s37b0n0:25108:30411 [2] NCCL INFO channel.cc:23 Cuda Alloc Size 8064 pointer 0x153667e1b800
x3103c0s37b0n0:25108:30411 [2] NCCL INFO channel.cc:27 Cuda Alloc Size 80 pointer 0x153667e1d800
x3103c0s37b0n0:25108:30411 [2] NCCL INFO channel.cc:23 Cuda Alloc Size 8064 pointer 0x153667e1da00
x3103c0s37b0n0:25108:30411 [2] NCCL INFO channel.cc:27 Cuda Alloc Size 80 pointer 0x153667e1fa00
x3103c0s37b0n0:25108:30411 [2] NCCL INFO Channel 00/0 : 18[85000] -> 19[c7000] via P2P/IPC/read
x3103c0s37b0n0:25108:30573 [2] NCCL INFO Mem Realloc old size 0, new size 8 pointer 0x1535ec000c60
x3103c0s37b0n0:25108:30573 [2] NCCL INFO New proxy send connection 0 from local rank 2, transport 0
x3103c0s37b0n0:25108:30411 [2] NCCL INFO Connection to proxy localRank 2 -> connection 0x1535ec000c80
x3103c0s37b0n0:25108:30573 [2] NCCL INFO transport/p2p.cc:430 Cuda Alloc Size 6291456 pointer 0x15364d200000
x3103c0s37b0n0:25109:30408 [3] NCCL INFO Ring 00 : 18 -> 19 -> 1
x3103c0s37b0n0:25109:30408 [3] NCCL INFO Ring 01 : 18 -> 19 -> 1
x3103c0s37b0n0:25109:30408 [3] NCCL INFO Ring 02 : 18 -> 19 -> 1
x3103c0s37b0n0:25109:30408 [3] NCCL INFO Ring 03 : 18 -> 19 -> 1
x3103c0s37b0n0:25109:30408 [3] NCCL INFO Trees [0] -1/-1/-1->19->18 [1] -1/-1/-1->19->18 [2] -1/-1/-1->19->18 [3] -1/-1/-1->19->18
x3103c0s37b0n0:25109:30408 [3] NCCL INFO misc/utils.cc:235 memory stack hunk malloc(65536)
x3103c0s37b0n0:25109:30408 [3] NCCL INFO channel.cc:23 Cuda Alloc Size 8064 pointer 0x151393e19a00
x3103c0s37b0n0:25109:30408 [3] NCCL INFO channel.cc:27 Cuda Alloc Size 80 pointer 0x151393e1ba00
x3103c0s37b0n0:25109:30408 [3] NCCL INFO channel.cc:23 Cuda Alloc Size 8064 pointer 0x151393e1bc00
x3103c0s37b0n0:25109:30408 [3] NCCL INFO channel.cc:27 Cuda Alloc Size 80 pointer 0x151393e1dc00
x3103c0s37b0n0:25109:30408 [3] NCCL INFO channel.cc:23 Cuda Alloc Size 8064 pointer 0x151393e1de00
x3103c0s37b0n0:25109:30408 [3] NCCL INFO channel.cc:27 Cuda Alloc Size 80 pointer 0x151393e1fe00
x3103c0s37b0n0:25109:30408 [3] NCCL INFO channel.cc:23 Cuda Alloc Size 8064 pointer 0x151393e20000
x3103c0s37b0n0:25109:30408 [3] NCCL INFO channel.cc:27 Cuda Alloc Size 80 pointer 0x151393e22000
x3103c0s37b0n0:25109:30559 [3] NCCL INFO Mem Realloc old size 0, new size 8 pointer 0x1512ec000c60
x3103c0s37b0n0:25109:30559 [3] NCCL INFO New proxy recv connection 0 from local rank 3, transport 0
x3103c0s37b0n0:25108:30411 [2] NCCL INFO Channel 01/0 : 18[85000] -> 19[c7000] via P2P/IPC/read
x3103c0s37b0n0:25108:30573 [2] NCCL INFO New proxy send connection 1 from local rank 2, transport 0
x3103c0s37b0n0:25109:30408 [3] NCCL INFO Connection to proxy localRank 3 -> connection 0x1512ec000c80
x3103c0s37b0n0:25109:30559 [3] NCCL INFO transport/p2p.cc:449 Cuda Alloc Size 6291456 pointer 0x151306a00000
x3103c0s37b0n0:25108:30411 [2] NCCL INFO Connection to proxy localRank 2 -> connection 0x1535ec000cc0
x3103c0s37b0n0:25108:30573 [2] NCCL INFO transport/p2p.cc:430 Cuda Alloc Size 6291456 pointer 0x153679800000
x3103c0s37b0n0:25109:30559 [3] NCCL INFO New proxy recv connection 1 from local rank 3, transport 0
x3103c0s37b0n0:25109:30408 [3] NCCL INFO Connection to proxy localRank 3 -> connection 0x1512ec000cc0
x3103c0s37b0n0:25109:30559 [3] NCCL INFO transport/p2p.cc:449 Cuda Alloc Size 6291456 pointer 0x151307000000
x3103c0s37b0n0:25106:30410 [0] NCCL INFO Tree 0 : 0 -> 16 -> 17/-1/-1
x3103c0s37b0n0:25106:30410 [0] NCCL INFO Tree 2 : 12 -> 16 -> 17/-1/-1
x3103c0s37b0n0:25106:30410 [0] NCCL INFO Tree 1 : 0 -> 16 -> 17/-1/-1
x3103c0s37b0n0:25106:30410 [0] NCCL INFO Tree 3 : 12 -> 16 -> 17/-1/-1
x3103c0s37b0n0:25106:30410 [0] NCCL INFO Ring 00 : 17 -> 16 -> 18
x3103c0s37b0n0:25106:30410 [0] NCCL INFO Ring 01 : 17 -> 16 -> 18
x3103c0s37b0n0:25106:30410 [0] NCCL INFO Ring 02 : 17 -> 16 -> 18
x3103c0s37b0n0:25106:30410 [0] NCCL INFO Ring 03 : 17 -> 16 -> 18
x3103c0s37b0n0:25106:30410 [0] NCCL INFO Trees [0] 17/-1/-1->16->0 [1] 17/-1/-1->16->0 [2] 17/-1/-1->16->12 [3] 17/-1/-1->16->12
x3103c0s37b0n0:25106:30410 [0] NCCL INFO misc/utils.cc:235 memory stack hunk malloc(65536)
x3103c0s37b0n0:25106:30410 [0] NCCL INFO channel.cc:23 Cuda Alloc Size 8064 pointer 0x14fe9fe17400
x3103c0s37b0n0:25106:30410 [0] NCCL INFO channel.cc:27 Cuda Alloc Size 80 pointer 0x14fe9fe19400
x3103c0s37b0n0:25106:30410 [0] NCCL INFO channel.cc:23 Cuda Alloc Size 8064 pointer 0x14fe9fe19600
x3103c0s37b0n0:25106:30410 [0] NCCL INFO channel.cc:27 Cuda Alloc Size 80 pointer 0x14fe9fe1b600
x3103c0s37b0n0:25106:30410 [0] NCCL INFO channel.cc:23 Cuda Alloc Size 8064 pointer 0x14fe9fe1b800
x3103c0s37b0n0:25106:30410 [0] NCCL INFO channel.cc:27 Cuda Alloc Size 80 pointer 0x14fe9fe1d800
x3103c0s37b0n0:25106:30410 [0] NCCL INFO channel.cc:23 Cuda Alloc Size 8064 pointer 0x14fe9fe1da00
x3103c0s37b0n0:25106:30410 [0] NCCL INFO channel.cc:27 Cuda Alloc Size 80 pointer 0x14fe9fe1fa00
x3103c0s37b0n0:25106:30410 [0] NCCL INFO Channel 00/0 : 16[7000] -> 18[85000] via P2P/IPC/read
x3103c0s37b0n0:25109:30559 [3] NCCL INFO New proxy recv connection 2 from local rank 3, transport 0
x3103c0s37b0n0:25107:30409 [1] NCCL INFO Tree 0 : 16 -> 17 -> 18/8/-1
x3103c0s37b0n0:25107:30409 [1] NCCL INFO Tree 2 : 16 -> 17 -> 18/-1/-1
x3103c0s37b0n0:25107:30409 [1] NCCL INFO Tree 1 : 16 -> 17 -> 18/8/-1
x3103c0s37b0n0:25107:30409 [1] NCCL INFO Tree 3 : 16 -> 17 -> 18/-1/-1
x3103c0s37b0n0:25107:30409 [1] NCCL INFO Ring 00 : 15 -> 17 -> 16
x3103c0s37b0n0:25107:30409 [1] NCCL INFO Ring 01 : 15 -> 17 -> 16
x3103c0s37b0n0:25107:30409 [1] NCCL INFO Ring 02 : 15 -> 17 -> 16
x3103c0s37b0n0:25107:30409 [1] NCCL INFO Ring 03 : 15 -> 17 -> 16
x3103c0s37b0n0:25107:30409 [1] NCCL INFO Trees [0] 18/8/-1->17->16 [1] 18/8/-1->17->16 [2] 18/-1/-1->17->16 [3] 18/-1/-1->17->16
x3103c0s37b0n0:25107:30409 [1] NCCL INFO misc/utils.cc:235 memory stack hunk malloc(65536)
x3103c0s37b0n0:25107:30409 [1] NCCL INFO channel.cc:23 Cuda Alloc Size 8064 pointer 0x151817e17400
x3103c0s37b0n0:25107:30409 [1] NCCL INFO channel.cc:27 Cuda Alloc Size 80 pointer 0x151817e19400
x3103c0s37b0n0:25107:30409 [1] NCCL INFO channel.cc:23 Cuda Alloc Size 8064 pointer 0x151817e19600
x3103c0s37b0n0:25107:30409 [1] NCCL INFO channel.cc:27 Cuda Alloc Size 80 pointer 0x151817e1b600
x3103c0s37b0n0:25107:30409 [1] NCCL INFO channel.cc:23 Cuda Alloc Size 8064 pointer 0x151817e1b800
x3103c0s37b0n0:25107:30409 [1] NCCL INFO channel.cc:27 Cuda Alloc Size 80 pointer 0x151817e1d800
x3103c0s37b0n0:25107:30409 [1] NCCL INFO channel.cc:23 Cuda Alloc Size 8064 pointer 0x151817e1da00
x3103c0s37b0n0:25107:30409 [1] NCCL INFO channel.cc:27 Cuda Alloc Size 80 pointer 0x151817e1fa00
x3103c0s37b0n0:25107:30409 [1] NCCL INFO GPU Direct RDMA Disabled for GPU 46000 / HCA 1 (distance 6 > 4)
x3103c0s37b0n0:25108:30411 [2] NCCL INFO Channel 02/0 : 18[85000] -> 19[c7000] via P2P/IPC/read
x3103c0s37b0n0:25108:30573 [2] NCCL INFO New proxy send connection 2 from local rank 2, transport 0
x3103c0s37b0n0:25107:30572 [1] NCCL INFO Mem Realloc old size 0, new size 8 pointer 0x1517a0000c60
x3103c0s37b0n0:25107:30572 [1] NCCL INFO Allocated 4194656 bytes of shared memory in /dev/shm/nccl-52ylcF

x3103c0s37b0n0:25107:30572 [1] NCCL INFO New proxy recv connection 0 from local rank 1, transport 2
x3103c0s37b0n0:25106:30568 [0] NCCL INFO Mem Realloc old size 0, new size 8 pointer 0x14fe20000c60
x3103c0s37b0n0:25106:30568 [0] NCCL INFO New proxy send connection 0 from local rank 0, transport 0
x3103c0s37b0n0:25109:30408 [3] NCCL INFO Connection to proxy localRank 3 -> connection 0x1512ec000d00
x3103c0s37b0n0:25109:30559 [3] NCCL INFO transport/p2p.cc:449 Cuda Alloc Size 6291456 pointer 0x151307600000
x3103c0s37b0n0:25107:30409 [1] NCCL INFO Connection to proxy localRank 1 -> connection 0x1517a0000c80
x3103c0s37b0n0:25108:30411 [2] NCCL INFO Connection to proxy localRank 2 -> connection 0x1535ec000d00
x3103c0s37b0n0:25108:30573 [2] NCCL INFO transport/p2p.cc:430 Cuda Alloc Size 6291456 pointer 0x153679e00000
x3103c0s37b0n0:25106:30410 [0] NCCL INFO Connection to proxy localRank 0 -> connection 0x14fe20000c80
x3103c0s37b0n0:25106:30568 [0] NCCL INFO transport/p2p.cc:430 Cuda Alloc Size 6291456 pointer 0x14fe85200000
x3103c0s37b0n0:25109:30559 [3] NCCL INFO New proxy recv connection 3 from local rank 3, transport 0
x3103c0s37b0n0:25109:30408 [3] NCCL INFO Connection to proxy localRank 3 -> connection 0x1512ec000d40
x3103c0s37b0n0:25107:30409 [1] NCCL INFO Channel 00/0 : 15[c7000] -> 17[46000] [receive] via NET/IB/1
x3103c0s37b0n0:25107:30409 [1] NCCL INFO GPU Direct RDMA Disabled for GPU 46000 / HCA 0 (distance 7 > 4)
x3103c0s37b0n0:25107:30572 [1] NCCL INFO New proxy recv connection 1 from local rank 1, transport 2
x3103c0s37b0n0:25108:30411 [2] NCCL INFO Channel 03/0 : 18[85000] -> 19[c7000] via P2P/IPC/read
x3103c0s37b0n0:25108:30573 [2] NCCL INFO New proxy send connection 3 from local rank 2, transport 0
x3103c0s37b0n0:25106:30410 [0] NCCL INFO Channel 01/0 : 16[7000] -> 18[85000] via P2P/IPC/read
x3103c0s37b0n0:25106:30568 [0] NCCL INFO New proxy send connection 1 from local rank 0, transport 0
x3103c0s37b0n0:25108:30411 [2] NCCL INFO Connection to proxy localRank 2 -> connection 0x1535ec000d40
x3103c0s37b0n0:25109:30559 [3] NCCL INFO transport/p2p.cc:449 Cuda Alloc Size 6291456 pointer 0x15130f400000
x3103c0s37b0n0:25108:30573 [2] NCCL INFO transport/p2p.cc:430 Cuda Alloc Size 6291456 pointer 0x15367a400000
x3103c0s37b0n0:25107:30409 [1] NCCL INFO Connection to proxy localRank 1 -> connection 0x1517a0000cc0
x3103c0s37b0n0:25106:30410 [0] NCCL INFO Connection to proxy localRank 0 -> connection 0x14fe20000cc0
x3103c0s37b0n0:25106:30568 [0] NCCL INFO transport/p2p.cc:430 Cuda Alloc Size 6291456 pointer 0x14feb0800000
x3103c0s37b0n0:25107:30409 [1] NCCL INFO Channel 01/0 : 15[c7000] -> 17[46000] [receive] via NET/IB/0
x3103c0s37b0n0:25107:30409 [1] NCCL INFO GPU Direct RDMA Disabled for GPU 46000 / HCA 1 (distance 6 > 4)
x3103c0s37b0n0:25109:30408 [3] NCCL INFO GPU Direct RDMA Disabled for GPU c7000 / HCA 1 (distance 7 > 4)
x3103c0s37b0n0:25109:30559 [3] NCCL INFO Allocated 4194656 bytes of shared memory in /dev/shm/nccl-eBSFQQ

x3103c0s37b0n0:25109:30559 [3] NCCL INFO New proxy send connection 4 from local rank 3, transport 2
x3103c0s37b0n0:25108:30573 [2] NCCL INFO New proxy recv connection 4 from local rank 2, transport 0
x3103c0s37b0n0:25107:30572 [1] NCCL INFO New proxy recv connection 2 from local rank 1, transport 2
x3103c0s37b0n0:25109:30408 [3] NCCL INFO Connection to proxy localRank 3 -> connection 0x1512ec000d80
x3103c0s37b0n0:25109:30408 [3] NCCL INFO Channel 00/0 : 19[c7000] -> 1[46000] [send] via NET/IB/1
x3103c0s37b0n0:25109:30408 [3] NCCL INFO GPU Direct RDMA Disabled for GPU c7000 / HCA 0 (distance 6 > 4)
x3103c0s37b0n0:25109:30559 [3] NCCL INFO New proxy send connection 5 from local rank 3, transport 2
x3103c0s37b0n0:25107:30409 [1] NCCL INFO Connection to proxy localRank 1 -> connection 0x1517a0000d00
x3103c0s37b0n0:25106:30410 [0] NCCL INFO Channel 02/0 : 16[7000] -> 18[85000] via P2P/IPC/read
x3103c0s37b0n0:25106:30568 [0] NCCL INFO New proxy send connection 2 from local rank 0, transport 0
x3103c0s37b0n0:25109:30408 [3] NCCL INFO Connection to proxy localRank 3 -> connection 0x1512ec000dc0
x3103c0s37b0n0:25109:30408 [3] NCCL INFO Channel 01/0 : 19[c7000] -> 1[46000] [send] via NET/IB/0
x3103c0s37b0n0:25109:30408 [3] NCCL INFO GPU Direct RDMA Disabled for GPU c7000 / HCA 1 (distance 7 > 4)
x3103c0s37b0n0:25109:30559 [3] NCCL INFO New proxy send connection 6 from local rank 3, transport 2
x3103c0s37b0n0:25107:30409 [1] NCCL INFO Channel 02/0 : 15[c7000] -> 17[46000] [receive] via NET/IB/1
x3103c0s37b0n0:25107:30409 [1] NCCL INFO GPU Direct RDMA Disabled for GPU 46000 / HCA 0 (distance 7 > 4)
x3103c0s37b0n0:25107:30572 [1] NCCL INFO New proxy recv connection 3 from local rank 1, transport 2
x3103c0s37b0n0:25108:30411 [2] NCCL INFO Connection to proxy localRank 2 -> connection 0x1535ec000d80
x3103c0s37b0n0:25108:30573 [2] NCCL INFO transport/p2p.cc:449 Cuda Alloc Size 6291456 pointer 0x1535f2000000
x3103c0s37b0n0:25106:30410 [0] NCCL INFO Connection to proxy localRank 0 -> connection 0x14fe20000d00
x3103c0s37b0n0:25106:30568 [0] NCCL INFO transport/p2p.cc:430 Cuda Alloc Size 6291456 pointer 0x14feb0e00000
x3103c0s37b0n0:25108:30573 [2] NCCL INFO New proxy recv connection 5 from local rank 2, transport 0
x3103c0s37b0n0:25108:30411 [2] NCCL INFO Connection to proxy localRank 2 -> connection 0x1535ec000dc0
x3103c0s37b0n0:25109:30408 [3] NCCL INFO Connection to proxy localRank 3 -> connection 0x1512ec000e00
x3103c0s37b0n0:25109:30408 [3] NCCL INFO Channel 02/0 : 19[c7000] -> 1[46000] [send] via NET/IB/1
x3103c0s37b0n0:25109:30408 [3] NCCL INFO GPU Direct RDMA Disabled for GPU c7000 / HCA 0 (distance 6 > 4)
x3103c0s37b0n0:25109:30559 [3] NCCL INFO New proxy send connection 7 from local rank 3, transport 2
x3103c0s37b0n0:25108:30573 [2] NCCL INFO transport/p2p.cc:449 Cuda Alloc Size 6291456 pointer 0x1535f2600000
x3103c0s37b0n0:25106:30410 [0] NCCL INFO Channel 03/0 : 16[7000] -> 18[85000] via P2P/IPC/read
x3103c0s37b0n0:25106:30568 [0] NCCL INFO New proxy send connection 3 from local rank 0, transport 0
x3103c0s37b0n0:25107:30409 [1] NCCL INFO Connection to proxy localRank 1 -> connection 0x1517a0000d40
x3103c0s37b0n0:25109:30408 [3] NCCL INFO Connection to proxy localRank 3 -> connection 0x1512ec000e40
x3103c0s37b0n0:25109:30408 [3] NCCL INFO Channel 03/0 : 19[c7000] -> 1[46000] [send] via NET/IB/0
x3103c0s37b0n0:25109:30559 [3] NCCL INFO transport/net_ib.cc:596 Ib Alloc Size 26560 pointer 0x1512ec020000
x3103c0s37b0n0:25109:30559 [3] NCCL INFO NET/IB: Dev 1 Port 1 qpn 10038 mtu 5 GID 0 (80FE/482100FEFF000000)
x3103c0s37b0n0:25109:30559 [3] NCCL INFO transport/net_ib.cc:653 Ib Alloc Size 552 pointer 0x1512ec038000
x3103c0s37b0n0:25109:30559 [3] NCCL INFO transport/net.cc:571 Cuda Host Alloc Size 9641984 pointer 0x1513ab400000
x3103c0s37b0n0:25107:30409 [1] NCCL INFO Channel 03/0 : 15[c7000] -> 17[46000] [receive] via NET/IB/0
x3103c0s37b0n0:25108:30573 [2] NCCL INFO New proxy recv connection 6 from local rank 2, transport 0
x3103c0s37b0n0:25109:30559 [3] NCCL INFO transport/net_ib.cc:596 Ib Alloc Size 26560 pointer 0x1512ec03a000
x3103c0s37b0n0:25106:30410 [0] NCCL INFO Connection to proxy localRank 0 -> connection 0x14fe20000d40
x3103c0s37b0n0:25106:30568 [0] NCCL INFO transport/p2p.cc:430 Cuda Alloc Size 6291456 pointer 0x14feb1400000
x3103c0s37b0n0:25109:30559 [3] NCCL INFO NET/IB: Dev 0 Port 1 qpn 14938 mtu 5 GID 0 (80FE/782100FEFF000000)
x3103c0s37b0n0:25109:30559 [3] NCCL INFO transport/net_ib.cc:653 Ib Alloc Size 552 pointer 0x1512ec051000
x3103c0s37b0n0:25109:30559 [3] NCCL INFO transport/net.cc:571 Cuda Host Alloc Size 9641984 pointer 0x1512e6000000
x3103c0s37b0n0:25109:30559 [3] NCCL INFO transport/net_ib.cc:596 Ib Alloc Size 26560 pointer 0x1512ec053000
x3103c0s37b0n0:25109:30559 [3] NCCL INFO NET/IB: Dev 1 Port 1 qpn 10039 mtu 5 GID 0 (80FE/482100FEFF000000)
x3103c0s37b0n0:25109:30559 [3] NCCL INFO transport/net_ib.cc:653 Ib Alloc Size 552 pointer 0x1512ec06a000
x3103c0s37b0n0:25109:30559 [3] NCCL INFO transport/net.cc:571 Cuda Host Alloc Size 9641984 pointer 0x1512e6a00000
x3103c0s37b0n0:25108:30411 [2] NCCL INFO Connection to proxy localRank 2 -> connection 0x1535ec000e00
x3103c0s37b0n0:25108:30573 [2] NCCL INFO transport/p2p.cc:449 Cuda Alloc Size 6291456 pointer 0x1535f2c00000
x3103c0s37b0n0:25109:30559 [3] NCCL INFO transport/net_ib.cc:596 Ib Alloc Size 26560 pointer 0x1512ec06c000
x3103c0s37b0n0:25109:30559 [3] NCCL INFO NET/IB: Dev 0 Port 1 qpn 14939 mtu 5 GID 0 (80FE/782100FEFF000000)
x3103c0s37b0n0:25109:30559 [3] NCCL INFO transport/net_ib.cc:653 Ib Alloc Size 552 pointer 0x1512ec083000
x3103c0s37b0n0:25109:30559 [3] NCCL INFO transport/net.cc:571 Cuda Host Alloc Size 9641984 pointer 0x1512e7400000
x3103c0s37b0n0:25109:30408 [3] NCCL INFO Connected all rings
x3103c0s37b0n0:25109:30408 [3] NCCL INFO Channel 00/0 : 19[c7000] -> 18[85000] via P2P/IPC/read
x3103c0s37b0n0:25109:30559 [3] NCCL INFO New proxy send connection 8 from local rank 3, transport 0
x3103c0s37b0n0:25109:30408 [3] NCCL INFO Connection to proxy localRank 3 -> connection 0x1512ec000e80
x3103c0s37b0n0:25108:30573 [2] NCCL INFO New proxy recv connection 7 from local rank 2, transport 0
x3103c0s37b0n0:25108:30411 [2] NCCL INFO Connection to proxy localRank 2 -> connection 0x1535ec000e40
x3103c0s37b0n0:25109:30559 [3] NCCL INFO transport/p2p.cc:430 Cuda Alloc Size 6291456 pointer 0x1513b7800000
x3103c0s37b0n0:25107:30572 [1] NCCL INFO transport/net_ib.cc:683 Ib Alloc Size 21688 pointer 0x1517a001d000
x3103c0s37b0n0:25109:30408 [3] NCCL INFO Channel 01/0 : 19[c7000] -> 18[85000] via P2P/IPC/read
x3103c0s37b0n0:25109:30559 [3] NCCL INFO New proxy send connection 9 from local rank 3, transport 0
x3103c0s37b0n0:25108:30573 [2] NCCL INFO transport/p2p.cc:449 Cuda Alloc Size 6291456 pointer 0x1535f3200000
x3103c0s37b0n0:25108:30411 [2] NCCL INFO Connected all rings
x3103c0s37b0n0:25108:30573 [2] NCCL INFO New proxy recv connection 8 from local rank 2, transport 0
x3103c0s37b0n0:25106:30568 [0] NCCL INFO New proxy recv connection 4 from local rank 0, transport 0
x3103c0s37b0n0:25107:30572 [1] NCCL INFO transport/net_ib.cc:696 Ib Alloc Size 552 pointer 0x1517a0024000
x3103c0s37b0n0:25107:30572 [1] NCCL INFO transport/net_ib.cc:771 Ib Alloc Size 552 pointer 0x1517a0041000
x3103c0s37b0n0:25107:30572 [1] NCCL INFO transport/net.cc:698 Cuda Host Alloc Size 9641984 pointer 0x151829800000
x3103c0s37b0n0:25107:30572 [1] NCCL INFO transport/net_ib.cc:683 Ib Alloc Size 21688 pointer 0x1517a0043000
x3103c0s37b0n0:25107:30572 [1] NCCL INFO transport/net_ib.cc:696 Ib Alloc Size 552 pointer 0x1517a004a000
x3103c0s37b0n0:25109:30408 [3] NCCL INFO Connection to proxy localRank 3 -> connection 0x1512ec000ec0
x3103c0s37b0n0:25109:30559 [3] NCCL INFO transport/p2p.cc:430 Cuda Alloc Size 6291456 pointer 0x1512de000000
x3103c0s37b0n0:25108:30411 [2] NCCL INFO Connection to proxy localRank 2 -> connection 0x1535ec000e80
x3103c0s37b0n0:25108:30573 [2] NCCL INFO transport/p2p.cc:449 Cuda Alloc Size 6291456 pointer 0x1535eb200000
x3103c0s37b0n0:25106:30410 [0] NCCL INFO Connection to proxy localRank 0 -> connection 0x14fe20000d80
x3103c0s37b0n0:25107:30572 [1] NCCL INFO transport/net_ib.cc:771 Ib Alloc Size 552 pointer 0x1517a0065000
x3103c0s37b0n0:25107:30572 [1] NCCL INFO transport/net.cc:698 Cuda Host Alloc Size 9641984 pointer 0x15182a200000
x3103c0s37b0n0:25106:30568 [0] NCCL INFO transport/p2p.cc:449 Cuda Alloc Size 6291456 pointer 0x14feb7400000
x3103c0s37b0n0:25109:30408 [3] NCCL INFO Channel 02/0 : 19[c7000] -> 18[85000] via P2P/IPC/read
x3103c0s37b0n0:25108:30573 [2] NCCL INFO New proxy recv connection 9 from local rank 2, transport 0
x3103c0s37b0n0:25109:30559 [3] NCCL INFO New proxy send connection 10 from local rank 3, transport 0
x3103c0s37b0n0:25106:30568 [0] NCCL INFO New proxy recv connection 5 from local rank 0, transport 0
x3103c0s37b0n0:25107:30572 [1] NCCL INFO transport/net_ib.cc:683 Ib Alloc Size 21688 pointer 0x1517a0067000
x3103c0s37b0n0:25107:30572 [1] NCCL INFO transport/net_ib.cc:696 Ib Alloc Size 552 pointer 0x1517a006e000
x3103c0s37b0n0:25107:30572 [1] NCCL INFO transport/net_ib.cc:771 Ib Alloc Size 552 pointer 0x1517a0089000
x3103c0s37b0n0:25107:30572 [1] NCCL INFO transport/net.cc:698 Cuda Host Alloc Size 9641984 pointer 0x15182f400000
x3103c0s37b0n0:25109:30408 [3] NCCL INFO Connection to proxy localRank 3 -> connection 0x1512ec000f00
x3103c0s37b0n0:25109:30559 [3] NCCL INFO transport/p2p.cc:430 Cuda Alloc Size 6291456 pointer 0x1512de600000
x3103c0s37b0n0:25106:30410 [0] NCCL INFO Connection to proxy localRank 0 -> connection 0x14fe20000dc0
x3103c0s37b0n0:25106:30568 [0] NCCL INFO transport/p2p.cc:449 Cuda Alloc Size 6291456 pointer 0x14feb7a00000
x3103c0s37b0n0:25108:30411 [2] NCCL INFO Connection to proxy localRank 2 -> connection 0x1535ec000ec0
x3103c0s37b0n0:25108:30573 [2] NCCL INFO transport/p2p.cc:449 Cuda Alloc Size 6291456 pointer 0x1535eb800000
x3103c0s37b0n0:25107:30572 [1] NCCL INFO transport/net_ib.cc:683 Ib Alloc Size 21688 pointer 0x1517a008b000
x3103c0s37b0n0:25107:30572 [1] NCCL INFO transport/net_ib.cc:696 Ib Alloc Size 552 pointer 0x1517a0092000
x3103c0s37b0n0:25107:30572 [1] NCCL INFO transport/net_ib.cc:771 Ib Alloc Size 552 pointer 0x1517a00ad000
x3103c0s37b0n0:25107:30572 [1] NCCL INFO transport/net.cc:698 Cuda Host Alloc Size 9641984 pointer 0x15179a000000
x3103c0s37b0n0:25107:30409 [1] NCCL INFO Channel 00/0 : 17[46000] -> 16[7000] via P2P/IPC/read
x3103c0s37b0n0:25106:30568 [0] NCCL INFO New proxy recv connection 6 from local rank 0, transport 0
x3103c0s37b0n0:25109:30408 [3] NCCL INFO Channel 03/0 : 19[c7000] -> 18[85000] via P2P/IPC/read
x3103c0s37b0n0:25109:30559 [3] NCCL INFO New proxy send connection 11 from local rank 3, transport 0
x3103c0s37b0n0:25107:30572 [1] NCCL INFO New proxy send connection 4 from local rank 1, transport 0
x3103c0s37b0n0:25108:30573 [2] NCCL INFO New proxy recv connection 10 from local rank 2, transport 0
x3103c0s37b0n0:25106:30410 [0] NCCL INFO Connection to proxy localRank 0 -> connection 0x14fe20000e00
x3103c0s37b0n0:25106:30568 [0] NCCL INFO transport/p2p.cc:449 Cuda Alloc Size 6291456 pointer 0x14fec3800000
x3103c0s37b0n0:25109:30408 [3] NCCL INFO Connection to proxy localRank 3 -> connection 0x1512ec000f40
x3103c0s37b0n0:25109:30559 [3] NCCL INFO transport/p2p.cc:430 Cuda Alloc Size 6291456 pointer 0x1512dec00000
x3103c0s37b0n0:25107:30409 [1] NCCL INFO Connection to proxy localRank 1 -> connection 0x1517a0000d80
x3103c0s37b0n0:25107:30572 [1] NCCL INFO transport/p2p.cc:430 Cuda Alloc Size 6291456 pointer 0x15179aa00000
x3103c0s37b0n0:25107:30409 [1] NCCL INFO Channel 01/0 : 17[46000] -> 16[7000] via P2P/IPC/read
x3103c0s37b0n0:25107:30572 [1] NCCL INFO New proxy send connection 5 from local rank 1, transport 0
x3103c0s37b0n0:25108:30411 [2] NCCL INFO Connection to proxy localRank 2 -> connection 0x1535ec000f00
x3103c0s37b0n0:25108:30573 [2] NCCL INFO transport/p2p.cc:449 Cuda Alloc Size 6291456 pointer 0x1535e8000000
x3103c0s37b0n0:25106:30568 [0] NCCL INFO New proxy recv connection 7 from local rank 0, transport 0
x3103c0s37b0n0:25107:30409 [1] NCCL INFO Connection to proxy localRank 1 -> connection 0x1517a0000dc0
x3103c0s37b0n0:25107:30572 [1] NCCL INFO transport/p2p.cc:430 Cuda Alloc Size 6291456 pointer 0x15179b000000
x3103c0s37b0n0:25108:30573 [2] NCCL INFO New proxy recv connection 11 from local rank 2, transport 0
x3103c0s37b0n0:25106:30410 [0] NCCL INFO Connection to proxy localRank 0 -> connection 0x14fe20000e40
x3103c0s37b0n0:25106:30568 [0] NCCL INFO transport/p2p.cc:449 Cuda Alloc Size 6291456 pointer 0x14fe26000000
x3103c0s37b0n0:25107:30409 [1] NCCL INFO Channel 02/0 : 17[46000] -> 16[7000] via P2P/IPC/read
x3103c0s37b0n0:25107:30572 [1] NCCL INFO New proxy send connection 6 from local rank 1, transport 0
x3103c0s37b0n0:25108:30411 [2] NCCL INFO Connection to proxy localRank 2 -> connection 0x1535ec000f40
x3103c0s37b0n0:25108:30573 [2] NCCL INFO transport/p2p.cc:449 Cuda Alloc Size 6291456 pointer 0x1535e8600000
x3103c0s37b0n0:25107:30409 [1] NCCL INFO Connection to proxy localRank 1 -> connection 0x1517a0000e00
x3103c0s37b0n0:25107:30572 [1] NCCL INFO transport/p2p.cc:430 Cuda Alloc Size 6291456 pointer 0x15179b600000
x3103c0s37b0n0:25107:30409 [1] NCCL INFO Channel 03/0 : 17[46000] -> 16[7000] via P2P/IPC/read
x3103c0s37b0n0:25107:30572 [1] NCCL INFO New proxy send connection 7 from local rank 1, transport 0
x3103c0s37b0n0:25107:30409 [1] NCCL INFO Connection to proxy localRank 1 -> connection 0x1517a0000e40
x3103c0s37b0n0:25107:30572 [1] NCCL INFO transport/p2p.cc:430 Cuda Alloc Size 6291456 pointer 0x1517fd200000
x3103c0s37b0n0:25107:30409 [1] NCCL INFO Connected all rings
x3103c0s37b0n0:25107:30572 [1] NCCL INFO New proxy recv connection 8 from local rank 1, transport 0
x3103c0s37b0n0:25106:30410 [0] NCCL INFO Connected all rings
x3103c0s37b0n0:25106:30410 [0] NCCL INFO Channel 00/0 : 16[7000] -> 17[46000] via P2P/IPC/read
x3103c0s37b0n0:25106:30568 [0] NCCL INFO New proxy send connection 8 from local rank 0, transport 0
x3103c0s37b0n0:25107:30409 [1] NCCL INFO Connection to proxy localRank 1 -> connection 0x1517a0000e80
x3103c0s37b0n0:25107:30572 [1] NCCL INFO transport/p2p.cc:449 Cuda Alloc Size 6291456 pointer 0x151792c00000
x3103c0s37b0n0:25106:30410 [0] NCCL INFO Connection to proxy localRank 0 -> connection 0x14fe20000e80
x3103c0s37b0n0:25106:30568 [0] NCCL INFO transport/p2p.cc:430 Cuda Alloc Size 6291456 pointer 0x14fe1e000000
x3103c0s37b0n0:25107:30572 [1] NCCL INFO New proxy recv connection 9 from local rank 1, transport 0
x3103c0s37b0n0:25106:30410 [0] NCCL INFO Channel 01/0 : 16[7000] -> 17[46000] via P2P/IPC/read
x3103c0s37b0n0:25106:30568 [0] NCCL INFO New proxy send connection 9 from local rank 0, transport 0
x3103c0s37b0n0:25107:30409 [1] NCCL INFO Connection to proxy localRank 1 -> connection 0x1517a0000ec0
x3103c0s37b0n0:25107:30572 [1] NCCL INFO transport/p2p.cc:449 Cuda Alloc Size 6291456 pointer 0x151793200000
x3103c0s37b0n0:25106:30410 [0] NCCL INFO Connection to proxy localRank 0 -> connection 0x14fe20000ec0
x3103c0s37b0n0:25106:30568 [0] NCCL INFO transport/p2p.cc:430 Cuda Alloc Size 6291456 pointer 0x14fe1e600000
x3103c0s37b0n0:25107:30572 [1] NCCL INFO New proxy recv connection 10 from local rank 1, transport 0
x3103c0s37b0n0:25106:30410 [0] NCCL INFO Channel 02/0 : 16[7000] -> 17[46000] via P2P/IPC/read
x3103c0s37b0n0:25106:30568 [0] NCCL INFO New proxy send connection 10 from local rank 0, transport 0
x3103c0s37b0n0:25107:30409 [1] NCCL INFO Connection to proxy localRank 1 -> connection 0x1517a0000f00
x3103c0s37b0n0:25107:30572 [1] NCCL INFO transport/p2p.cc:449 Cuda Alloc Size 6291456 pointer 0x151793800000
x3103c0s37b0n0:25106:30410 [0] NCCL INFO Connection to proxy localRank 0 -> connection 0x14fe20000f00
x3103c0s37b0n0:25106:30568 [0] NCCL INFO transport/p2p.cc:430 Cuda Alloc Size 6291456 pointer 0x14fe1ec00000
x3103c0s37b0n0:25106:30410 [0] NCCL INFO Channel 03/0 : 16[7000] -> 17[46000] via P2P/IPC/read
x3103c0s37b0n0:25106:30568 [0] NCCL INFO New proxy send connection 11 from local rank 0, transport 0
x3103c0s37b0n0:25107:30572 [1] NCCL INFO New proxy recv connection 11 from local rank 1, transport 0
x3103c0s37b0n0:25106:30410 [0] NCCL INFO Connection to proxy localRank 0 -> connection 0x14fe20000f40
x3103c0s37b0n0:25106:30568 [0] NCCL INFO transport/p2p.cc:430 Cuda Alloc Size 6291456 pointer 0x14fe1f200000
x3103c0s37b0n0:25107:30409 [1] NCCL INFO Connection to proxy localRank 1 -> connection 0x1517a0000f40
x3103c0s37b0n0:25107:30572 [1] NCCL INFO transport/p2p.cc:449 Cuda Alloc Size 6291456 pointer 0x151790000000
x3103c0s37b0n0:25107:30409 [1] NCCL INFO Channel 00/0 : 17[46000] -> 18[85000] via P2P/IPC/read
x3103c0s37b0n0:25107:30572 [1] NCCL INFO New proxy send connection 12 from local rank 1, transport 0
x3103c0s37b0n0:25107:30409 [1] NCCL INFO Connection to proxy localRank 1 -> connection 0x1517a0000f80
x3103c0s37b0n0:25107:30572 [1] NCCL INFO transport/p2p.cc:430 Cuda Alloc Size 6291456 pointer 0x151790600000
x3103c0s37b0n0:25107:30409 [1] NCCL INFO Channel 01/0 : 17[46000] -> 18[85000] via P2P/IPC/read
x3103c0s37b0n0:25107:30572 [1] NCCL INFO New proxy send connection 13 from local rank 1, transport 0
x3103c0s37b0n0:25107:30409 [1] NCCL INFO Connection to proxy localRank 1 -> connection 0x1517a0000fc0
x3103c0s37b0n0:25107:30572 [1] NCCL INFO transport/p2p.cc:430 Cuda Alloc Size 6291456 pointer 0x151790c00000
x3103c0s37b0n0:25107:30409 [1] NCCL INFO Channel 02/0 : 17[46000] -> 18[85000] via P2P/IPC/read
x3103c0s37b0n0:25107:30572 [1] NCCL INFO New proxy send connection 14 from local rank 1, transport 0
x3103c0s37b0n0:25107:30409 [1] NCCL INFO Connection to proxy localRank 1 -> connection 0x1517a0001000
x3103c0s37b0n0:25107:30572 [1] NCCL INFO transport/p2p.cc:430 Cuda Alloc Size 6291456 pointer 0x151791200000
x3103c0s37b0n0:25107:30409 [1] NCCL INFO Channel 03/0 : 17[46000] -> 18[85000] via P2P/IPC/read
x3103c0s37b0n0:25107:30572 [1] NCCL INFO New proxy send connection 15 from local rank 1, transport 0
x3103c0s37b0n0:25107:30409 [1] NCCL INFO Connection to proxy localRank 1 -> connection 0x1517a0001040
x3103c0s37b0n0:25107:30572 [1] NCCL INFO transport/p2p.cc:430 Cuda Alloc Size 6291456 pointer 0x151791800000
x3103c0s37b0n0:25107:30409 [1] NCCL INFO GPU Direct RDMA Disabled for GPU 46000 / HCA 1 (distance 6 > 4)
x3103c0s37b0n0:25107:30572 [1] NCCL INFO New proxy recv connection 16 from local rank 1, transport 2
x3103c0s37b0n0:25107:30409 [1] NCCL INFO Connection to proxy localRank 1 -> connection 0x1517a0001080
x3103c0s37b0n0:25108:30573 [2] NCCL INFO New proxy recv connection 12 from local rank 2, transport 0
x3103c0s37b0n0:25106:30410 [0] NCCL INFO GPU Direct RDMA Disabled for GPU 7000 / HCA 1 (distance 7 > 4)
x3103c0s37b0n0:25106:30568 [0] NCCL INFO Allocated 4194656 bytes of shared memory in /dev/shm/nccl-6vIDGA

x3103c0s37b0n0:25106:30568 [0] NCCL INFO New proxy recv connection 12 from local rank 0, transport 2
x3103c0s37b0n0:25108:30411 [2] NCCL INFO Connection to proxy localRank 2 -> connection 0x1535ec000f80
x3103c0s37b0n0:25106:30410 [0] NCCL INFO Connection to proxy localRank 0 -> connection 0x14fe20000f80
x3103c0s37b0n0:25108:30573 [2] NCCL INFO transport/p2p.cc:449 Cuda Alloc Size 6291456 pointer 0x1535e6600000
x3103c0s37b0n0:25108:30573 [2] NCCL INFO New proxy recv connection 13 from local rank 2, transport 0
x3103c0s37b0n0:25107:30409 [1] NCCL INFO Channel 00/0 : 8[7000] -> 17[46000] [receive] via NET/IB/1
x3103c0s37b0n0:25107:30409 [1] NCCL INFO GPU Direct RDMA Disabled for GPU 46000 / HCA 0 (distance 7 > 4)
x3103c0s37b0n0:25107:30572 [1] NCCL INFO New proxy recv connection 17 from local rank 1, transport 2
x3103c0s37b0n0:25106:30410 [0] NCCL INFO Channel 02/0 : 12[7000] -> 16[7000] [receive] via NET/IB/1
x3103c0s37b0n0:25106:30410 [0] NCCL INFO GPU Direct RDMA Disabled for GPU 7000 / HCA 0 (distance 7 > 4)
x3103c0s37b0n0:25106:30568 [0] NCCL INFO New proxy recv connection 13 from local rank 0, transport 2
x3103c0s37b0n0:25108:30411 [2] NCCL INFO Connection to proxy localRank 2 -> connection 0x1535ec000fc0
x3103c0s37b0n0:25108:30573 [2] NCCL INFO transport/p2p.cc:449 Cuda Alloc Size 6291456 pointer 0x1535e6c00000
x3103c0s37b0n0:25107:30409 [1] NCCL INFO Connection to proxy localRank 1 -> connection 0x1517a00010c0
x3103c0s37b0n0:25108:30573 [2] NCCL INFO New proxy recv connection 14 from local rank 2, transport 0
x3103c0s37b0n0:25108:30411 [2] NCCL INFO Connection to proxy localRank 2 -> connection 0x1535ec001000
x3103c0s37b0n0:25106:30410 [0] NCCL INFO Connection to proxy localRank 0 -> connection 0x14fe20000fc0
x3103c0s37b0n0:25107:30409 [1] NCCL INFO Channel 01/0 : 8[7000] -> 17[46000] [receive] via NET/IB/0
x3103c0s37b0n0:25108:30573 [2] NCCL INFO transport/p2p.cc:449 Cuda Alloc Size 6291456 pointer 0x1535e7200000
x3103c0s37b0n0:25108:30573 [2] NCCL INFO New proxy recv connection 15 from local rank 2, transport 0
x3103c0s37b0n0:25108:30411 [2] NCCL INFO Connection to proxy localRank 2 -> connection 0x1535ec001040
x3103c0s37b0n0:25106:30410 [0] NCCL INFO Channel 03/0 : 12[7000] -> 16[7000] [receive] via NET/IB/0
x3103c0s37b0n0:25106:30410 [0] NCCL INFO GPU Direct RDMA Disabled for GPU 7000 / HCA 1 (distance 7 > 4)
x3103c0s37b0n0:25106:30568 [0] NCCL INFO New proxy send connection 14 from local rank 0, transport 2
x3103c0s37b0n0:25108:30573 [2] NCCL INFO transport/p2p.cc:449 Cuda Alloc Size 6291456 pointer 0x1535e7800000
x3103c0s37b0n0:25108:30411 [2] NCCL INFO Channel 00/0 : 18[85000] -> 17[46000] via P2P/IPC/read
x3103c0s37b0n0:25108:30573 [2] NCCL INFO New proxy send connection 16 from local rank 2, transport 0
x3103c0s37b0n0:25106:30410 [0] NCCL INFO Connection to proxy localRank 0 -> connection 0x14fe20001000
x3103c0s37b0n0:25106:30410 [0] NCCL INFO Channel 00/0 : 16[7000] -> 0[7000] [send] via NET/IB/1
x3103c0s37b0n0:25106:30410 [0] NCCL INFO GPU Direct RDMA Disabled for GPU 7000 / HCA 0 (distance 7 > 4)
x3103c0s37b0n0:25106:30568 [0] NCCL INFO New proxy send connection 15 from local rank 0, transport 2
x3103c0s37b0n0:25108:30411 [2] NCCL INFO Connection to proxy localRank 2 -> connection 0x1535ec001080
x3103c0s37b0n0:25108:30573 [2] NCCL INFO transport/p2p.cc:430 Cuda Alloc Size 6291456 pointer 0x1535e4000000
x3103c0s37b0n0:25106:30410 [0] NCCL INFO Connection to proxy localRank 0 -> connection 0x14fe20001040
x3103c0s37b0n0:25106:30410 [0] NCCL INFO Channel 01/0 : 16[7000] -> 0[7000] [send] via NET/IB/0
x3103c0s37b0n0:25106:30568 [0] NCCL INFO transport/net_ib.cc:596 Ib Alloc Size 26560 pointer 0x14fe20026000
x3103c0s37b0n0:25106:30568 [0] NCCL INFO NET/IB: Dev 1 Port 1 qpn 10044 mtu 5 GID 0 (80FE/482100FEFF000000)
x3103c0s37b0n0:25106:30568 [0] NCCL INFO transport/net_ib.cc:653 Ib Alloc Size 552 pointer 0x14fe2003e000
x3103c0s37b0n0:25106:30568 [0] NCCL INFO transport/net.cc:571 Cuda Host Alloc Size 9641984 pointer 0x14fe1d200000
x3103c0s37b0n0:25108:30411 [2] NCCL INFO Channel 01/0 : 18[85000] -> 17[46000] via P2P/IPC/read
x3103c0s37b0n0:25108:30573 [2] NCCL INFO New proxy send connection 17 from local rank 2, transport 0
x3103c0s37b0n0:25108:30411 [2] NCCL INFO Connection to proxy localRank 2 -> connection 0x1535ec0010c0
x3103c0s37b0n0:25106:30568 [0] NCCL INFO transport/net_ib.cc:596 Ib Alloc Size 26560 pointer 0x14fe20040000
x3103c0s37b0n0:25106:30568 [0] NCCL INFO NET/IB: Dev 0 Port 1 qpn 14944 mtu 5 GID 0 (80FE/782100FEFF000000)
x3103c0s37b0n0:25106:30568 [0] NCCL INFO transport/net_ib.cc:653 Ib Alloc Size 552 pointer 0x14fe20057000
x3103c0s37b0n0:25106:30568 [0] NCCL INFO transport/net.cc:571 Cuda Host Alloc Size 9641984 pointer 0x14fe16000000
x3103c0s37b0n0:25108:30573 [2] NCCL INFO transport/p2p.cc:430 Cuda Alloc Size 6291456 pointer 0x1535e4600000
x3103c0s37b0n0:25106:30568 [0] NCCL INFO transport/net_ib.cc:683 Ib Alloc Size 21688 pointer 0x14fe20059000
x3103c0s37b0n0:25106:30568 [0] NCCL INFO transport/net_ib.cc:696 Ib Alloc Size 552 pointer 0x14fe20060000
x3103c0s37b0n0:25108:30411 [2] NCCL INFO Channel 02/0 : 18[85000] -> 17[46000] via P2P/IPC/read
x3103c0s37b0n0:25108:30573 [2] NCCL INFO New proxy send connection 18 from local rank 2, transport 0
x3103c0s37b0n0:25106:30568 [0] NCCL INFO transport/net_ib.cc:771 Ib Alloc Size 552 pointer 0x14fe2007c000
x3103c0s37b0n0:25106:30568 [0] NCCL INFO transport/net.cc:698 Cuda Host Alloc Size 9641984 pointer 0x14fe16a00000
x3103c0s37b0n0:25106:30568 [0] NCCL INFO transport/net_ib.cc:683 Ib Alloc Size 21688 pointer 0x14fe2007e000
x3103c0s37b0n0:25106:30568 [0] NCCL INFO transport/net_ib.cc:696 Ib Alloc Size 552 pointer 0x14fe20085000
x3103c0s37b0n0:25108:30411 [2] NCCL INFO Connection to proxy localRank 2 -> connection 0x1535ec001100
x3103c0s37b0n0:25108:30573 [2] NCCL INFO transport/p2p.cc:430 Cuda Alloc Size 6291456 pointer 0x1535e4c00000
x3103c0s37b0n0:25106:30568 [0] NCCL INFO transport/net_ib.cc:771 Ib Alloc Size 552 pointer 0x14fe200a0000
x3103c0s37b0n0:25106:30568 [0] NCCL INFO transport/net.cc:698 Cuda Host Alloc Size 9641984 pointer 0x14fe17400000
x3103c0s37b0n0:25106:30410 [0] NCCL INFO GPU Direct RDMA Disabled for GPU 7000 / HCA 1 (distance 7 > 4)
x3103c0s37b0n0:25106:30568 [0] NCCL INFO New proxy recv connection 16 from local rank 0, transport 2
x3103c0s37b0n0:25108:30411 [2] NCCL INFO Channel 03/0 : 18[85000] -> 17[46000] via P2P/IPC/read
x3103c0s37b0n0:25108:30573 [2] NCCL INFO New proxy send connection 19 from local rank 2, transport 0
x3103c0s37b0n0:25106:30410 [0] NCCL INFO Connection to proxy localRank 0 -> connection 0x14fe20001080
x3103c0s37b0n0:25108:30411 [2] NCCL INFO Connection to proxy localRank 2 -> connection 0x1535ec001140
x3103c0s37b0n0:25108:30573 [2] NCCL INFO transport/p2p.cc:430 Cuda Alloc Size 6291456 pointer 0x1535e5200000
x3103c0s37b0n0:25109:30408 [3] NCCL INFO Connected all trees by HAO
x3103c0s37b0n0:25109:30408 [3] NCCL INFO threadThresholds 8/8/64 | 160/8/64 | 512 | 512
x3103c0s37b0n0:25109:30408 [3] NCCL INFO 4 coll channels, 4 p2p channels, 2 p2p channels per peer
x3103c0s37b0n0:25109:30559 [3] NCCL INFO New proxy send connection 12 from local rank 3, transport 2
x3103c0s37b0n0:25106:30410 [0] NCCL INFO Channel 00/0 : 0[7000] -> 16[7000] [receive] via NET/IB/1
x3103c0s37b0n0:25106:30410 [0] NCCL INFO GPU Direct RDMA Disabled for GPU 7000 / HCA 0 (distance 7 > 4)
x3103c0s37b0n0:25106:30568 [0] NCCL INFO New proxy recv connection 17 from local rank 0, transport 2
x3103c0s37b0n0:25109:30408 [3] NCCL INFO Connection to proxy localRank 3 -> connection 0x1512ec000f80
x3103c0s37b0n0:25109:30559 [3] NCCL INFO transport/net.cc:376 Cuda Alloc Size 8388608 pointer 0x1512dcc00000
x3103c0s37b0n0:25107:30572 [1] NCCL INFO transport/net_ib.cc:683 Ib Alloc Size 21688 pointer 0x1517a00be000
x3103c0s37b0n0:25107:30572 [1] NCCL INFO transport/net_ib.cc:696 Ib Alloc Size 552 pointer 0x1517a001a000
x3103c0s37b0n0:25106:30410 [0] NCCL INFO Connection to proxy localRank 0 -> connection 0x14fe200010c0
x3103c0s37b0n0:25107:30572 [1] NCCL INFO transport/net_ib.cc:771 Ib Alloc Size 552 pointer 0x1517a00df000
x3103c0s37b0n0:25107:30572 [1] NCCL INFO transport/net.cc:698 Cuda Host Alloc Size 9641984 pointer 0x15178d200000
