x3012c0s19b1n0:20349:25081 [1] NCCL INFO transport/net_ib.cc:596 Ib Alloc Size 26560 pointer 0x145d28128000
x3012c0s19b1n0:20349:25081 [1] NCCL INFO NET/IB: Dev 0 Port 1 qpn 3175 mtu 5 GID 0 (80FE/DE1100FEFF000000)
x3012c0s19b1n0:20349:25081 [1] NCCL INFO transport/net_ib.cc:653 Ib Alloc Size 552 pointer 0x145d2813f000
x3012c0s19b1n0:20349:25081 [1] NCCL INFO transport/net.cc:571 Cuda Host Alloc Size 9641984 pointer 0x145d13400000
x3012c0s19b1n0:20348:24934 [0] NCCL INFO Connection to proxy localRank 0 -> connection 0x14b378001240
x3012c0s19b1n0:20348:24934 [0] NCCL INFO Channel 01/0 : 12[7000] -> 8[7000] [send] via NET/IB/0
x3012c0s19b1n0:20349:25081 [1] NCCL INFO New proxy recv connection 20 from local rank 1, transport 0
x3012c0s19b1n0:20349:24931 [1] NCCL INFO Connection to proxy localRank 1 -> connection 0x145d28001180
x3012c0s19b1n0:20349:25081 [1] NCCL INFO transport/p2p.cc:449 Cuda Alloc Size 6291456 pointer 0x145d10000000
x3012c0s19b1n0:20349:25081 [1] NCCL INFO New proxy recv connection 21 from local rank 1, transport 0
x3012c0s19b1n0:20349:24931 [1] NCCL INFO Connection to proxy localRank 1 -> connection 0x145d280011c0
x3012c0s19b1n0:20349:25081 [1] NCCL INFO transport/p2p.cc:449 Cuda Alloc Size 6291456 pointer 0x145d10600000
x3012c0s19b1n0:20349:25081 [1] NCCL INFO New proxy recv connection 22 from local rank 1, transport 0
x3012c0s19b1n0:20349:24931 [1] NCCL INFO Connection to proxy localRank 1 -> connection 0x145d28001200
x3012c0s19b1n0:20349:25081 [1] NCCL INFO transport/p2p.cc:449 Cuda Alloc Size 6291456 pointer 0x145d10c00000
x3012c0s19b1n0:20349:25081 [1] NCCL INFO New proxy recv connection 23 from local rank 1, transport 0
x3012c0s19b1n0:20349:24931 [1] NCCL INFO Connection to proxy localRank 1 -> connection 0x145d28001240
x3012c0s19b1n0:20349:25081 [1] NCCL INFO transport/p2p.cc:449 Cuda Alloc Size 6291456 pointer 0x145d11200000
x3012c0s19b1n0:20349:24931 [1] NCCL INFO Connected all trees by HAO
x3012c0s19b1n0:20349:24931 [1] NCCL INFO threadThresholds 8/8/64 | 160/8/64 | 512 | 512
x3012c0s19b1n0:20349:24931 [1] NCCL INFO 4 coll channels, 4 p2p channels, 2 p2p channels per peer
x3012c0s19b1n0:20349:25081 [1] NCCL INFO New proxy send connection 24 from local rank 1, transport 2
x3012c0s19b1n0:20350:24932 [2] NCCL INFO Connected all trees by HAO
x3012c0s19b1n0:20350:24932 [2] NCCL INFO threadThresholds 8/8/64 | 160/8/64 | 512 | 512
x3012c0s19b1n0:20350:24932 [2] NCCL INFO 4 coll channels, 4 p2p channels, 2 p2p channels per peer
x3012c0s19b1n0:20350:25082 [2] NCCL INFO Allocated 4194656 bytes of shared memory in /dev/shm/nccl-bHsUgY

x3012c0s19b1n0:20350:25082 [2] NCCL INFO New proxy send connection 20 from local rank 2, transport 2
x3012c0s19b1n0:20350:24932 [2] NCCL INFO Connection to proxy localRank 2 -> connection 0x14e1ec001180
x3012c0s19b1n0:20348:25075 [0] NCCL INFO transport/net_ib.cc:596 Ib Alloc Size 26560 pointer 0x14b378144000
x3012c0s19b1n0:20348:25075 [0] NCCL INFO NET/IB: Dev 1 Port 1 qpn 3582 mtu 5 GID 0 (80FE/891100FEFF000000)
x3012c0s19b1n0:20348:25075 [0] NCCL INFO transport/net_ib.cc:653 Ib Alloc Size 552 pointer 0x14b37815b000
x3012c0s19b1n0:20348:25075 [0] NCCL INFO transport/net.cc:571 Cuda Host Alloc Size 9641984 pointer 0x14b361400000
x3012c0s19b1n0:20348:25075 [0] NCCL INFO Mem Realloc old size 768, new size 1536 pointer 0x14b3780b8050
x3012c0s19b1n0:20348:25075 [0] NCCL INFO transport/net_ib.cc:596 Ib Alloc Size 26560 pointer 0x14b37815d000
x3012c0s19b1n0:20350:25082 [2] NCCL INFO transport/net.cc:376 Cuda Alloc Size 8388608 pointer 0x14e1d8600000
x3012c0s19b1n0:20348:25075 [0] NCCL INFO NET/IB: Dev 0 Port 1 qpn 3176 mtu 5 GID 0 (80FE/DE1100FEFF000000)
x3012c0s19b1n0:20348:25075 [0] NCCL INFO transport/net_ib.cc:653 Ib Alloc Size 552 pointer 0x14b378174000
x3012c0s19b1n0:20348:25075 [0] NCCL INFO transport/net.cc:571 Cuda Host Alloc Size 9641984 pointer 0x14b35e000000
x3012c0s19b1n0:20348:25075 [0] NCCL INFO Mem Realloc old size 768, new size 1536 pointer 0x14b378169150
x3012c0s19b1n0:20349:24931 [1] NCCL INFO Connection to proxy localRank 1 -> connection 0x145d28001280
x3012c0s19b1n0:20349:25081 [1] NCCL INFO transport/net.cc:376 Cuda Alloc Size 8388608 pointer 0x145d0f200000
x3012c0s19b1n0:20348:25075 [0] NCCL INFO transport/net_ib.cc:683 Ib Alloc Size 21688 pointer 0x14b378176000
x3012c0s19b1n0:20348:25075 [0] NCCL INFO transport/net_ib.cc:696 Ib Alloc Size 552 pointer 0x14b37817d000
x3012c0s19b1n0:20348:25075 [0] NCCL INFO transport/net_ib.cc:771 Ib Alloc Size 552 pointer 0x14b378198000
x3012c0s19b1n0:20348:25075 [0] NCCL INFO transport/net.cc:698 Cuda Host Alloc Size 9641984 pointer 0x14b35ea00000
x3012c0s19b1n0:20348:25075 [0] NCCL INFO transport/net_ib.cc:683 Ib Alloc Size 21688 pointer 0x14b37819a000
x3012c0s19b1n0:20348:25075 [0] NCCL INFO transport/net_ib.cc:696 Ib Alloc Size 552 pointer 0x14b3781a1000
x3012c0s19b1n0:20348:25075 [0] NCCL INFO transport/net_ib.cc:771 Ib Alloc Size 552 pointer 0x14b3781bc000
x3012c0s19b1n0:20348:25075 [0] NCCL INFO transport/net.cc:698 Cuda Host Alloc Size 9641984 pointer 0x14b35f400000
x3012c0s19b1n0:20348:24934 [0] NCCL INFO Connected all trees by HAO
x3012c0s19b1n0:20348:24934 [0] NCCL INFO threadThresholds 8/8/64 | 160/8/64 | 512 | 512
x3012c0s19b1n0:20348:24934 [0] NCCL INFO 4 coll channels, 4 p2p channels, 2 p2p channels per peer
x3012c0s19b1n0:20348:25075 [0] NCCL INFO New proxy send connection 24 from local rank 0, transport 2
x3012c0s19b1n0:20348:24934 [0] NCCL INFO Connection to proxy localRank 0 -> connection 0x14b378001280
x3012c0s19b1n0:20348:24934 [0] NCCL INFO init.cc:367 Cuda Alloc Size 5168 pointer 0x14b3cf81fc00
x3012c0s19b1n0:20349:24931 [1] NCCL INFO init.cc:367 Cuda Alloc Size 5168 pointer 0x145d7d81fc00
x3012c0s19b1n0:20351:24933 [3] NCCL INFO init.cc:367 Cuda Alloc Size 5168 pointer 0x15527181fc00
x3012c0s19b1n0:20350:24932 [2] NCCL INFO init.cc:367 Cuda Alloc Size 5168 pointer 0x14e24381fc00
x3012c0s19b1n0:20351:24933 [3] NCCL INFO init.cc:392 Cuda Host Alloc Size 33554432 pointer 0x155210000000
x3012c0s19b1n0:20351:24933 [3] NCCL INFO init.cc:398 Cuda Host Alloc Size 128 pointer 0x155270e00a00
x3012c0s19b1n0:20351:24933 [3] NCCL INFO comm 0x558441efeb70 rank 15 nranks 20 cudaDev 3 busId c7000 - Init COMPLETE
x3012c0s19b1n0:20350:24932 [2] NCCL INFO init.cc:392 Cuda Host Alloc Size 33554432 pointer 0x14e1d6000000
x3012c0s19b1n0:20350:24932 [2] NCCL INFO init.cc:398 Cuda Host Alloc Size 128 pointer 0x14e242e00a00
x3012c0s19b1n0:20350:24932 [2] NCCL INFO comm 0x55a9f302e470 rank 14 nranks 20 cudaDev 2 busId 85000 - Init COMPLETE
x3012c0s19b1n0:20349:24931 [1] NCCL INFO init.cc:392 Cuda Host Alloc Size 33554432 pointer 0x145d0c000000
x3012c0s19b1n0:20349:24931 [1] NCCL INFO init.cc:398 Cuda Host Alloc Size 128 pointer 0x145d7ce00a00
x3012c0s19b1n0:20349:24931 [1] NCCL INFO comm 0x5609073c70d0 rank 13 nranks 20 cudaDev 1 busId 46000 - Init COMPLETE
x3012c0s19b1n0:20348:24934 [0] NCCL INFO init.cc:392 Cuda Host Alloc Size 33554432 pointer 0x14b35c000000
x3012c0s19b1n0:20348:24934 [0] NCCL INFO init.cc:398 Cuda Host Alloc Size 128 pointer 0x14b3cee00a00
x3012c0s19b1n0:20348:24934 [0] NCCL INFO comm 0x55b7709c42e0 rank 12 nranks 20 cudaDev 0 busId 7000 - Init COMPLETE
x3012c0s19b1n0:20348:25075 [0] NCCL INFO transport/net.cc:376 Cuda Alloc Size 8388608 pointer 0x14b35a000000
x3012c0s19b1n0:20351:20351 [3] NCCL INFO AllReduce: opCount 0 sendbuff 0x1552af600400 recvbuff 0x1552af600400 count 1 datatype 4 op 0 root 0 comm 0x558441efeb70 [nranks=20] stream 0x558440777fe0
x3012c0s19b1n0:20351:20351 [3] NCCL INFO misc/utils.cc:235 memory stack hunk malloc(65536)
[LYD INFO in ncclLaunchKernel (enqueue.cc)] NCHANNELS is: 4x3012c0s19b1n0:20349:20349 [1] NCCL INFO AllReduce: opCount 0 sendbuff 0x145dbf600400 recvbuff 0x145dbf600400 count 1 datatype 4 op 0 root 0 comm 0x5609073c70d0 [nranks=20] stream 0x560905be7340
x3012c0s19b1n0:20349:20349 [1] NCCL INFO misc/utils.cc:235 memory stack hunk malloc(65536)
[LYD INFO in ncclLaunchKernel (enqueue.cc)] NCHANNELS is: 4x3012c0s19b1n0:20350:20350 [2] NCCL INFO AllReduce: opCount 0 sendbuff 0x14e283600400 recvbuff 0x14e283600400 count 1 datatype 4 op 0 root 0 comm 0x55a9f302e470 [nranks=20] stream 0x55a9f1600d70
x3012c0s19b1n0:20350:20350 [2] NCCL INFO misc/utils.cc:235 memory stack hunk malloc(65536)
[LYD INFO in ncclLaunchKernel (enqueue.cc)] NCHANNELS is: 4x3012c0s19b1n0:20348:20348 [0] NCCL INFO AllReduce: opCount 0 sendbuff 0x14b40f600400 recvbuff 0x14b40f600400 count 1 datatype 4 op 0 root 0 comm 0x55b7709c42e0 [nranks=20] stream 0x55b76e9d11b0
x3012c0s19b1n0:20348:20348 [0] NCCL INFO misc/utils.cc:235 memory stack hunk malloc(65536)
[LYD INFO in ncclLaunchKernel (enqueue.cc)] NCHANNELS is: 4
[LYD INFO in NCCL_KERN_NAME (common.h)] 12 AllReduce TREE LL Sum int64_t Elapsed time: 58893 us

[LYD INFO in NCCL_KERN_NAME (common.h)] 13 AllReduce TREE LL Sum int64_t Elapsed time: 89657 us

[LYD INFO in NCCL_KERN_NAME (common.h)] 14 AllReduce TREE LL Sum int64_t Elapsed time: 79851 us
[Hao INFO in ncclAllReduce (all_reduce.cc)] rank 0 ncclAllReduce: count: 1, datatype: ncclInt64, message size: 8 Bytes
x3012c0s19b1n0:20348:20348 [0] NCCL INFO AllReduce: opCount 0 sendbuff 0x14b40f600400 recvbuff 0x14b40f600400 count 1 datatype 4 op 0 root 0 comm 0x55b7703afd80 [nranks=1] stream 0x55b76e9d1070

[LYD INFO in ncclAllReduce (all_reduce.cc)] rank 0 AllReduce Time: 0.000016000 seconds
x3012c0s19b1n0:20348:20348 [0] NCCL INFO AllReduce: opCount 1 sendbuff 0x14b40f600400 recvbuff 0x14b40f600400 count 1 datatype 4 op 0 root 0 comm 0x55b7709c42e0 [nranks=20] stream 0x55b76e9d11b0
[LYD INFO in ncclLaunchKernel (enqueue.cc)] NCHANNELS is: 4[Hao INFO in ncclAllReduce (all_reduce.cc)] rank 1 ncclAllReduce: count: 1, datatype: ncclInt64, message size: 8 Bytes
x3012c0s19b1n0:20349:20349 [1] NCCL INFO AllReduce: opCount 0 sendbuff 0x145dbf600400 recvbuff 0x145dbf600400 count 1 datatype 4 op 0 root 0 comm 0x56090759a490 [nranks=1] stream 0x560905be7200

[LYD INFO in ncclAllReduce (all_reduce.cc)] rank 0 AllReduce Time: 0.000015000 seconds
x3012c0s19b1n0:20349:20349 [1] NCCL INFO AllReduce: opCount 1 sendbuff 0x145dbf600400 recvbuff 0x145dbf600400 count 1 datatype 4 op 0 root 0 comm 0x5609073c70d0 [nranks=20] stream 0x560905be7340
[LYD INFO in ncclLaunchKernel (enqueue.cc)] NCHANNELS is: 4[Hao INFO in ncclAllReduce (all_reduce.cc)] rank 2 ncclAllReduce: count: 1, datatype: ncclInt64, message size: 8 Bytes
x3012c0s19b1n0:20350:20350 [2] NCCL INFO AllReduce: opCount 0 sendbuff 0x14e283600400 recvbuff 0x14e283600400 count 1 datatype 4 op 0 root 0 comm 0x55a9f2c27c80 [nranks=1] stream 0x55a9f1600c30

[LYD INFO in ncclAllReduce (all_reduce.cc)] rank 0 AllReduce Time: 0.000015000 seconds
x3012c0s19b1n0:20350:20350 [2] NCCL INFO AllReduce: opCount 1 sendbuff 0x14e283600400 recvbuff 0x14e283600400 count 1 datatype 4 op 0 root 0 comm 0x55a9f302e470 [nranks=20] stream 0x55a9f1600d70
[LYD INFO in ncclLaunchKernel (enqueue.cc)] NCHANNELS is: 4
[LYD INFO in NCCL_KERN_NAME (common.h)] 15 AllReduce TREE LL Sum int64_t Elapsed time: 102100 us
[Hao INFO in ncclAllReduce (all_reduce.cc)] rank 3 ncclAllReduce: count: 1, datatype: ncclInt64, message size: 8 Bytes
x3012c0s19b1n0:20351:20351 [3] NCCL INFO AllReduce: opCount 0 sendbuff 0x1552af600400 recvbuff 0x1552af600400 count 1 datatype 4 op 0 root 0 comm 0x55844260e760 [nranks=1] stream 0x558440777ea0

[LYD INFO in ncclAllReduce (all_reduce.cc)] rank 0 AllReduce Time: 0.000015000 seconds
x3012c0s19b1n0:20351:20351 [3] NCCL INFO AllReduce: opCount 1 sendbuff 0x1552af600400 recvbuff 0x1552af600400 count 1 datatype 4 op 0 root 0 comm 0x558441efeb70 [nranks=20] stream 0x558440777fe0
[LYD INFO in ncclLaunchKernel (enqueue.cc)] NCHANNELS is: 4