x3004c0s25b1n0:20191:21472 [3] NCCL INFO transport/net.cc:571 Cuda Host Alloc Size 9641984 pointer 0x152a22c00000
x3004c0s25b1n0:20191:21472 [3] NCCL INFO Mem Realloc old size 0, new size 768 pointer 0x152a2402f0a0
x3004c0s25b1n0:20189:21293 [2] NCCL INFO Connection to proxy localRank 2 -> connection 0x147fe4000e40
x3004c0s25b1n0:20189:21471 [2] NCCL INFO transport/p2p.cc:449 Cuda Alloc Size 6291456 pointer 0x147fe0000000
x3004c0s25b1n0:20191:21472 [3] NCCL INFO transport/net_ib.cc:596 Ib Alloc Size 26560 pointer 0x152a24044000
x3004c0s25b1n0:20191:21472 [3] NCCL INFO NET/IB: Dev 0 Port 1 qpn 10367 mtu 5 GID 0 (80FE/880100FEFF000000)
x3004c0s25b1n0:20191:21472 [3] NCCL INFO transport/net_ib.cc:653 Ib Alloc Size 552 pointer 0x152a24065000
x3004c0s25b1n0:20191:21472 [3] NCCL INFO transport/net.cc:571 Cuda Host Alloc Size 9641984 pointer 0x152a23600000
x3004c0s25b1n0:20191:21472 [3] NCCL INFO Mem Realloc old size 0, new size 768 pointer 0x152a240521f0
x3004c0s25b1n0:20191:21472 [3] NCCL INFO transport/net_ib.cc:596 Ib Alloc Size 26560 pointer 0x152a24067000
x3004c0s25b1n0:20189:21293 [2] NCCL INFO Connected all rings
x3004c0s25b1n0:20188:21467 [1] NCCL INFO transport/net_ib.cc:683 Ib Alloc Size 21688 pointer 0x14c89801d000
x3004c0s25b1n0:20188:21467 [1] NCCL INFO transport/net_ib.cc:696 Ib Alloc Size 552 pointer 0x14c898024000
x3004c0s25b1n0:20189:21471 [2] NCCL INFO New proxy recv connection 8 from local rank 2, transport 0
x3004c0s25b1n0:20186:21468 [0] NCCL INFO New proxy recv connection 4 from local rank 0, transport 0
x3004c0s25b1n0:20188:21467 [1] NCCL INFO transport/net_ib.cc:771 Ib Alloc Size 552 pointer 0x14c89804b000
x3004c0s25b1n0:20188:21467 [1] NCCL INFO transport/net.cc:698 Cuda Host Alloc Size 9641984 pointer 0x14c896000000
x3004c0s25b1n0:20188:21467 [1] NCCL INFO Mem Realloc old size 0, new size 768 pointer 0x14c8980406b0
x3004c0s25b1n0:20191:21472 [3] NCCL INFO NET/IB: Dev 1 Port 1 qpn 10597 mtu 5 GID 0 (80FE/DA0100FEFF000000)
x3004c0s25b1n0:20191:21472 [3] NCCL INFO transport/net_ib.cc:653 Ib Alloc Size 552 pointer 0x152a2407e000
x3004c0s25b1n0:20191:21472 [3] NCCL INFO transport/net.cc:571 Cuda Host Alloc Size 9641984 pointer 0x152a1a000000
x3004c0s25b1n0:20188:21467 [1] NCCL INFO transport/net_ib.cc:683 Ib Alloc Size 21688 pointer 0x14c89804d000
x3004c0s25b1n0:20188:21467 [1] NCCL INFO transport/net_ib.cc:696 Ib Alloc Size 552 pointer 0x14c898054000
x3004c0s25b1n0:20186:21291 [0] NCCL INFO Connection to proxy localRank 0 -> connection 0x149ec4000d80
x3004c0s25b1n0:20186:21468 [0] NCCL INFO transport/p2p.cc:449 Cuda Alloc Size 6291456 pointer 0x149ec2c00000
x3004c0s25b1n0:20189:21293 [2] NCCL INFO Connection to proxy localRank 2 -> connection 0x147fe4000e80
x3004c0s25b1n0:20189:21471 [2] NCCL INFO transport/p2p.cc:449 Cuda Alloc Size 6291456 pointer 0x147fde000000
x3004c0s25b1n0:20191:21472 [3] NCCL INFO transport/net_ib.cc:596 Ib Alloc Size 26560 pointer 0x152a24080000
x3004c0s25b1n0:20186:21468 [0] NCCL INFO New proxy recv connection 5 from local rank 0, transport 0
x3004c0s25b1n0:20189:21471 [2] NCCL INFO New proxy recv connection 9 from local rank 2, transport 0
x3004c0s25b1n0:20188:21467 [1] NCCL INFO transport/net_ib.cc:771 Ib Alloc Size 552 pointer 0x14c898079000
x3004c0s25b1n0:20188:21467 [1] NCCL INFO transport/net.cc:698 Cuda Host Alloc Size 9641984 pointer 0x14c896a00000
x3004c0s25b1n0:20188:21467 [1] NCCL INFO Mem Realloc old size 0, new size 768 pointer 0x14c89806e880
x3004c0s25b1n0:20191:21472 [3] NCCL INFO NET/IB: Dev 0 Port 1 qpn 10370 mtu 5 GID 0 (80FE/880100FEFF000000)
x3004c0s25b1n0:20191:21472 [3] NCCL INFO transport/net_ib.cc:653 Ib Alloc Size 552 pointer 0x152a24097000
x3004c0s25b1n0:20191:21472 [3] NCCL INFO transport/net.cc:571 Cuda Host Alloc Size 9641984 pointer 0x152a1aa00000
x3004c0s25b1n0:20186:21291 [0] NCCL INFO Connection to proxy localRank 0 -> connection 0x149ec4000dc0
x3004c0s25b1n0:20186:21468 [0] NCCL INFO transport/p2p.cc:449 Cuda Alloc Size 6291456 pointer 0x149ec3200000
x3004c0s25b1n0:20188:21467 [1] NCCL INFO transport/net_ib.cc:683 Ib Alloc Size 21688 pointer 0x14c89807b000
x3004c0s25b1n0:20188:21467 [1] NCCL INFO transport/net_ib.cc:696 Ib Alloc Size 552 pointer 0x14c898082000
x3004c0s25b1n0:20188:21467 [1] NCCL INFO transport/net_ib.cc:771 Ib Alloc Size 552 pointer 0x14c89809d000
x3004c0s25b1n0:20188:21467 [1] NCCL INFO transport/net.cc:698 Cuda Host Alloc Size 9641984 pointer 0x14c897400000
x3004c0s25b1n0:20191:21290 [3] NCCL INFO Connected all rings
x3004c0s25b1n0:20191:21290 [3] NCCL INFO Channel 00/0 : 15[c7000] -> 14[85000] via P2P/IPC/read
x3004c0s25b1n0:20191:21472 [3] NCCL INFO New proxy send connection 8 from local rank 3, transport 0
x3004c0s25b1n0:20189:21293 [2] NCCL INFO Connection to proxy localRank 2 -> connection 0x147fe4000ec0
x3004c0s25b1n0:20189:21471 [2] NCCL INFO transport/p2p.cc:449 Cuda Alloc Size 6291456 pointer 0x147fde600000
x3004c0s25b1n0:20186:21468 [0] NCCL INFO New proxy recv connection 6 from local rank 0, transport 0
x3004c0s25b1n0:20191:21290 [3] NCCL INFO Connection to proxy localRank 3 -> connection 0x152a24000e80
x3004c0s25b1n0:20191:21472 [3] NCCL INFO transport/p2p.cc:430 Cuda Alloc Size 6291456 pointer 0x152a1b400000
x3004c0s25b1n0:20188:21467 [1] NCCL INFO transport/net_ib.cc:683 Ib Alloc Size 21688 pointer 0x14c89809f000
x3004c0s25b1n0:20188:21467 [1] NCCL INFO transport/net_ib.cc:696 Ib Alloc Size 552 pointer 0x14c8980a6000
x3004c0s25b1n0:20188:21467 [1] NCCL INFO transport/net_ib.cc:771 Ib Alloc Size 552 pointer 0x14c8980c1000
x3004c0s25b1n0:20188:21467 [1] NCCL INFO transport/net.cc:698 Cuda Host Alloc Size 9641984 pointer 0x14c894000000
x3004c0s25b1n0:20189:21471 [2] NCCL INFO New proxy recv connection 10 from local rank 2, transport 0
x3004c0s25b1n0:20189:21293 [2] NCCL INFO Connection to proxy localRank 2 -> connection 0x147fe4000f00
x3004c0s25b1n0:20189:21471 [2] NCCL INFO transport/p2p.cc:449 Cuda Alloc Size 6291456 pointer 0x147fdec00000
x3004c0s25b1n0:20191:21290 [3] NCCL INFO Channel 01/0 : 15[c7000] -> 14[85000] via P2P/IPC/read
x3004c0s25b1n0:20191:21472 [3] NCCL INFO New proxy send connection 9 from local rank 3, transport 0
x3004c0s25b1n0:20188:21292 [1] NCCL INFO Channel 00/0 : 13[46000] -> 12[7000] via P2P/IPC/read
x3004c0s25b1n0:20188:21467 [1] NCCL INFO New proxy send connection 4 from local rank 1, transport 0
x3004c0s25b1n0:20186:21291 [0] NCCL INFO Connection to proxy localRank 0 -> connection 0x149ec4000e00
x3004c0s25b1n0:20186:21468 [0] NCCL INFO transport/p2p.cc:449 Cuda Alloc Size 6291456 pointer 0x149ec3800000
x3004c0s25b1n0:20191:21290 [3] NCCL INFO Connection to proxy localRank 3 -> connection 0x152a24000ec0
x3004c0s25b1n0:20191:21472 [3] NCCL INFO transport/p2p.cc:430 Cuda Alloc Size 6291456 pointer 0x152a1ba00000
x3004c0s25b1n0:20188:21292 [1] NCCL INFO Connection to proxy localRank 1 -> connection 0x14c898000d80
x3004c0s25b1n0:20188:21467 [1] NCCL INFO transport/p2p.cc:430 Cuda Alloc Size 6291456 pointer 0x14c894a00000
x3004c0s25b1n0:20191:21290 [3] NCCL INFO Channel 02/0 : 15[c7000] -> 14[85000] via P2P/IPC/read
x3004c0s25b1n0:20191:21472 [3] NCCL INFO New proxy send connection 10 from local rank 3, transport 0
x3004c0s25b1n0:20186:21468 [0] NCCL INFO New proxy recv connection 7 from local rank 0, transport 0
x3004c0s25b1n0:20189:21471 [2] NCCL INFO New proxy recv connection 11 from local rank 2, transport 0
x3004c0s25b1n0:20191:21290 [3] NCCL INFO Connection to proxy localRank 3 -> connection 0x152a24000f00
x3004c0s25b1n0:20191:21472 [3] NCCL INFO transport/p2p.cc:430 Cuda Alloc Size 6291456 pointer 0x152a18000000
x3004c0s25b1n0:20188:21292 [1] NCCL INFO Channel 01/0 : 13[46000] -> 12[7000] via P2P/IPC/read
x3004c0s25b1n0:20188:21467 [1] NCCL INFO New proxy send connection 5 from local rank 1, transport 0
x3004c0s25b1n0:20186:21291 [0] NCCL INFO Connection to proxy localRank 0 -> connection 0x149ec4000e40
x3004c0s25b1n0:20186:21468 [0] NCCL INFO transport/p2p.cc:449 Cuda Alloc Size 6291456 pointer 0x149ec0000000
x3004c0s25b1n0:20189:21293 [2] NCCL INFO Connection to proxy localRank 2 -> connection 0x147fe4000f40
x3004c0s25b1n0:20189:21471 [2] NCCL INFO transport/p2p.cc:449 Cuda Alloc Size 6291456 pointer 0x147fdf200000
x3004c0s25b1n0:20191:21290 [3] NCCL INFO Channel 03/0 : 15[c7000] -> 14[85000] via P2P/IPC/read
x3004c0s25b1n0:20191:21472 [3] NCCL INFO New proxy send connection 11 from local rank 3, transport 0
x3004c0s25b1n0:20188:21292 [1] NCCL INFO Connection to proxy localRank 1 -> connection 0x14c898000dc0
x3004c0s25b1n0:20188:21467 [1] NCCL INFO transport/p2p.cc:430 Cuda Alloc Size 6291456 pointer 0x14c895000000
x3004c0s25b1n0:20191:21290 [3] NCCL INFO Connection to proxy localRank 3 -> connection 0x152a24000f40
x3004c0s25b1n0:20191:21472 [3] NCCL INFO transport/p2p.cc:430 Cuda Alloc Size 6291456 pointer 0x152a18600000
x3004c0s25b1n0:20188:21292 [1] NCCL INFO Channel 02/0 : 13[46000] -> 12[7000] via P2P/IPC/read
x3004c0s25b1n0:20188:21467 [1] NCCL INFO New proxy send connection 6 from local rank 1, transport 0
x3004c0s25b1n0:20188:21292 [1] NCCL INFO Connection to proxy localRank 1 -> connection 0x14c898000e00
x3004c0s25b1n0:20188:21467 [1] NCCL INFO transport/p2p.cc:430 Cuda Alloc Size 6291456 pointer 0x14c895600000
x3004c0s25b1n0:20188:21292 [1] NCCL INFO Channel 03/0 : 13[46000] -> 12[7000] via P2P/IPC/read
x3004c0s25b1n0:20188:21467 [1] NCCL INFO New proxy send connection 7 from local rank 1, transport 0
x3004c0s25b1n0:20188:21292 [1] NCCL INFO Connection to proxy localRank 1 -> connection 0x14c898000e40
x3004c0s25b1n0:20188:21467 [1] NCCL INFO transport/p2p.cc:430 Cuda Alloc Size 6291456 pointer 0x14c8a7a00000
x3004c0s25b1n0:20188:21292 [1] NCCL INFO Connected all rings
x3004c0s25b1n0:20186:21291 [0] NCCL INFO Connected all rings
x3004c0s25b1n0:20186:21291 [0] NCCL INFO Channel 00/0 : 12[7000] -> 13[46000] via P2P/IPC/read
x3004c0s25b1n0:20186:21468 [0] NCCL INFO New proxy send connection 8 from local rank 0, transport 0
x3004c0s25b1n0:20188:21467 [1] NCCL INFO New proxy recv connection 8 from local rank 1, transport 0
x3004c0s25b1n0:20186:21291 [0] NCCL INFO Connection to proxy localRank 0 -> connection 0x149ec4000e80
x3004c0s25b1n0:20186:21468 [0] NCCL INFO transport/p2p.cc:430 Cuda Alloc Size 6291456 pointer 0x149ebe000000
x3004c0s25b1n0:20186:21291 [0] NCCL INFO Channel 01/0 : 12[7000] -> 13[46000] via P2P/IPC/read
x3004c0s25b1n0:20186:21468 [0] NCCL INFO New proxy send connection 9 from local rank 0, transport 0
x3004c0s25b1n0:20188:21292 [1] NCCL INFO Connection to proxy localRank 1 -> connection 0x14c898000e80
x3004c0s25b1n0:20188:21467 [1] NCCL INFO transport/p2p.cc:449 Cuda Alloc Size 6291456 pointer 0x14c893800000
x3004c0s25b1n0:20186:21291 [0] NCCL INFO Connection to proxy localRank 0 -> connection 0x149ec4000ec0
x3004c0s25b1n0:20186:21468 [0] NCCL INFO transport/p2p.cc:430 Cuda Alloc Size 6291456 pointer 0x149ebe600000
x3004c0s25b1n0:20188:21467 [1] NCCL INFO New proxy recv connection 9 from local rank 1, transport 0
x3004c0s25b1n0:20188:21292 [1] NCCL INFO Connection to proxy localRank 1 -> connection 0x14c898000ec0
x3004c0s25b1n0:20188:21467 [1] NCCL INFO transport/p2p.cc:449 Cuda Alloc Size 6291456 pointer 0x14c890000000
x3004c0s25b1n0:20186:21291 [0] NCCL INFO Channel 02/0 : 12[7000] -> 13[46000] via P2P/IPC/read
x3004c0s25b1n0:20186:21468 [0] NCCL INFO New proxy send connection 10 from local rank 0, transport 0
x3004c0s25b1n0:20188:21467 [1] NCCL INFO New proxy recv connection 10 from local rank 1, transport 0
x3004c0s25b1n0:20186:21291 [0] NCCL INFO Connection to proxy localRank 0 -> connection 0x149ec4000f00
x3004c0s25b1n0:20186:21468 [0] NCCL INFO transport/p2p.cc:430 Cuda Alloc Size 6291456 pointer 0x149ebec00000
x3004c0s25b1n0:20188:21292 [1] NCCL INFO Connection to proxy localRank 1 -> connection 0x14c898000f00
x3004c0s25b1n0:20188:21467 [1] NCCL INFO transport/p2p.cc:449 Cuda Alloc Size 6291456 pointer 0x14c890600000
x3004c0s25b1n0:20186:21291 [0] NCCL INFO Channel 03/0 : 12[7000] -> 13[46000] via P2P/IPC/read
x3004c0s25b1n0:20186:21468 [0] NCCL INFO New proxy send connection 11 from local rank 0, transport 0
x3004c0s25b1n0:20188:21467 [1] NCCL INFO New proxy recv connection 11 from local rank 1, transport 0
x3004c0s25b1n0:20186:21291 [0] NCCL INFO Connection to proxy localRank 0 -> connection 0x149ec4000f40
x3004c0s25b1n0:20186:21468 [0] NCCL INFO transport/p2p.cc:430 Cuda Alloc Size 6291456 pointer 0x149ebf200000
x3004c0s25b1n0:20188:21292 [1] NCCL INFO Connection to proxy localRank 1 -> connection 0x14c898000f40
x3004c0s25b1n0:20188:21467 [1] NCCL INFO transport/p2p.cc:449 Cuda Alloc Size 6291456 pointer 0x14c890c00000
x3004c0s25b1n0:20188:21292 [1] NCCL INFO Channel 00/0 : 13[46000] -> 14[85000] via P2P/IPC/read
x3004c0s25b1n0:20188:21467 [1] NCCL INFO New proxy send connection 12 from local rank 1, transport 0
x3004c0s25b1n0:20188:21292 [1] NCCL INFO Connection to proxy localRank 1 -> connection 0x14c898000f80
x3004c0s25b1n0:20188:21467 [1] NCCL INFO transport/p2p.cc:430 Cuda Alloc Size 6291456 pointer 0x14c891200000
x3004c0s25b1n0:20188:21292 [1] NCCL INFO Channel 01/0 : 13[46000] -> 14[85000] via P2P/IPC/read
x3004c0s25b1n0:20188:21467 [1] NCCL INFO New proxy send connection 13 from local rank 1, transport 0
x3004c0s25b1n0:20188:21292 [1] NCCL INFO Connection to proxy localRank 1 -> connection 0x14c898000fc0
x3004c0s25b1n0:20188:21467 [1] NCCL INFO transport/p2p.cc:430 Cuda Alloc Size 6291456 pointer 0x14c891800000
x3004c0s25b1n0:20188:21292 [1] NCCL INFO Channel 02/0 : 13[46000] -> 14[85000] via P2P/IPC/read
x3004c0s25b1n0:20188:21467 [1] NCCL INFO New proxy send connection 14 from local rank 1, transport 0
x3004c0s25b1n0:20188:21292 [1] NCCL INFO Connection to proxy localRank 1 -> connection 0x14c898001000
x3004c0s25b1n0:20188:21467 [1] NCCL INFO transport/p2p.cc:430 Cuda Alloc Size 6291456 pointer 0x14c88e000000
x3004c0s25b1n0:20188:21292 [1] NCCL INFO Channel 03/0 : 13[46000] -> 14[85000] via P2P/IPC/read
x3004c0s25b1n0:20188:21467 [1] NCCL INFO New proxy send connection 15 from local rank 1, transport 0
x3004c0s25b1n0:20188:21292 [1] NCCL INFO Connection to proxy localRank 1 -> connection 0x14c898001040
x3004c0s25b1n0:20188:21467 [1] NCCL INFO transport/p2p.cc:430 Cuda Alloc Size 6291456 pointer 0x14c88e600000
x3004c0s25b1n0:20188:21292 [1] NCCL INFO GPU Direct RDMA Disabled for GPU 46000 / HCA 1 (distance 6 > 4)
x3004c0s25b1n0:20188:21467 [1] NCCL INFO New proxy recv connection 16 from local rank 1, transport 2
x3004c0s25b1n0:20186:21291 [0] NCCL INFO GPU Direct RDMA Disabled for GPU 7000 / HCA 1 (distance 7 > 4)
x3004c0s25b1n0:20186:21468 [0] NCCL INFO Allocated 4194656 bytes of shared memory in /dev/shm/nccl-jFi9ax

x3004c0s25b1n0:20186:21468 [0] NCCL INFO New proxy recv connection 12 from local rank 0, transport 2
x3004c0s25b1n0:20189:21471 [2] NCCL INFO New proxy recv connection 12 from local rank 2, transport 0
x3004c0s25b1n0:20188:21292 [1] NCCL INFO Connection to proxy localRank 1 -> connection 0x14c898001080
x3004c0s25b1n0:20186:21291 [0] NCCL INFO Connection to proxy localRank 0 -> connection 0x149ec4000f80
x3004c0s25b1n0:20189:21293 [2] NCCL INFO Connection to proxy localRank 2 -> connection 0x147fe4000f80
x3004c0s25b1n0:20189:21471 [2] NCCL INFO transport/p2p.cc:449 Cuda Alloc Size 6291456 pointer 0x147fdd200000
x3004c0s25b1n0:20188:21292 [1] NCCL INFO Channel 02/0 : 8[7000] -> 13[46000] [receive] via NET/IB/1
x3004c0s25b1n0:20188:21292 [1] NCCL INFO GPU Direct RDMA Disabled for GPU 46000 / HCA 0 (distance 7 > 4)
x3004c0s25b1n0:20188:21467 [1] NCCL INFO New proxy recv connection 17 from local rank 1, transport 2
x3004c0s25b1n0:20186:21291 [0] NCCL INFO Channel 00/0 : 8[7000] -> 12[7000] [receive] via NET/IB/1
x3004c0s25b1n0:20186:21291 [0] NCCL INFO GPU Direct RDMA Disabled for GPU 7000 / HCA 0 (distance 7 > 4)
x3004c0s25b1n0:20186:21468 [0] NCCL INFO New proxy recv connection 13 from local rank 0, transport 2
x3004c0s25b1n0:20189:21471 [2] NCCL INFO New proxy recv connection 13 from local rank 2, transport 0
x3004c0s25b1n0:20188:21292 [1] NCCL INFO Connection to proxy localRank 1 -> connection 0x14c8980010c0
x3004c0s25b1n0:20186:21291 [0] NCCL INFO Connection to proxy localRank 0 -> connection 0x149ec4000fc0
x3004c0s25b1n0:20186:21291 [0] NCCL INFO Channel 01/0 : 8[7000] -> 12[7000] [receive] via NET/IB/0
x3004c0s25b1n0:20186:21291 [0] NCCL INFO GPU Direct RDMA Disabled for GPU 7000 / HCA 1 (distance 7 > 4)
x3004c0s25b1n0:20189:21293 [2] NCCL INFO Connection to proxy localRank 2 -> connection 0x147fe4000fc0
x3004c0s25b1n0:20189:21471 [2] NCCL INFO transport/p2p.cc:449 Cuda Alloc Size 6291456 pointer 0x147fdd800000
x3004c0s25b1n0:20186:21468 [0] NCCL INFO New proxy send connection 14 from local rank 0, transport 2
x3004c0s25b1n0:20188:21292 [1] NCCL INFO Channel 03/0 : 8[7000] -> 13[46000] [receive] via NET/IB/0
x3004c0s25b1n0:20189:21471 [2] NCCL INFO New proxy recv connection 14 from local rank 2, transport 0
x3004c0s25b1n0:20186:21291 [0] NCCL INFO Connection to proxy localRank 0 -> connection 0x149ec4001000
x3004c0s25b1n0:20186:21291 [0] NCCL INFO Channel 02/0 : 12[7000] -> 16[7000] [send] via NET/IB/1
x3004c0s25b1n0:20186:21291 [0] NCCL INFO GPU Direct RDMA Disabled for GPU 7000 / HCA 0 (distance 7 > 4)
x3004c0s25b1n0:20186:21468 [0] NCCL INFO New proxy send connection 15 from local rank 0, transport 2
x3004c0s25b1n0:20186:21291 [0] NCCL INFO Connection to proxy localRank 0 -> connection 0x149ec4001040
x3004c0s25b1n0:20189:21293 [2] NCCL INFO Connection to proxy localRank 2 -> connection 0x147fe4001000
x3004c0s25b1n0:20189:21471 [2] NCCL INFO transport/p2p.cc:449 Cuda Alloc Size 6291456 pointer 0x147fda000000
x3004c0s25b1n0:20186:21291 [0] NCCL INFO Channel 03/0 : 12[7000] -> 16[7000] [send] via NET/IB/0
x3004c0s25b1n0:20189:21471 [2] NCCL INFO New proxy recv connection 15 from local rank 2, transport 0
x3004c0s25b1n0:20189:21293 [2] NCCL INFO Connection to proxy localRank 2 -> connection 0x147fe4001040
x3004c0s25b1n0:20189:21471 [2] NCCL INFO transport/p2p.cc:449 Cuda Alloc Size 6291456 pointer 0x147fda600000
x3004c0s25b1n0:20186:21468 [0] NCCL INFO transport/net_ib.cc:596 Ib Alloc Size 26560 pointer 0x149ec4026000
x3004c0s25b1n0:20186:21468 [0] NCCL INFO NET/IB: Dev 1 Port 1 qpn 10602 mtu 5 GID 0 (80FE/DA0100FEFF000000)
x3004c0s25b1n0:20186:21468 [0] NCCL INFO transport/net_ib.cc:653 Ib Alloc Size 552 pointer 0x149ec4048000
x3004c0s25b1n0:20186:21468 [0] NCCL INFO transport/net.cc:571 Cuda Host Alloc Size 9641984 pointer 0x149ebd200000
x3004c0s25b1n0:20186:21468 [0] NCCL INFO Mem Realloc old size 0, new size 768 pointer 0x149ec40354d0
x3004c0s25b1n0:20186:21468 [0] NCCL INFO transport/net_ib.cc:596 Ib Alloc Size 26560 pointer 0x149ec404a000
x3004c0s25b1n0:20186:21468 [0] NCCL INFO NET/IB: Dev 0 Port 1 qpn 10373 mtu 5 GID 0 (80FE/880100FEFF000000)
x3004c0s25b1n0:20186:21468 [0] NCCL INFO transport/net_ib.cc:653 Ib Alloc Size 552 pointer 0x149ec406b000
x3004c0s25b1n0:20186:21468 [0] NCCL INFO transport/net.cc:571 Cuda Host Alloc Size 9641984 pointer 0x149eb6000000
x3004c0s25b1n0:20186:21468 [0] NCCL INFO Mem Realloc old size 0, new size 768 pointer 0x149ec4056050
x3004c0s25b1n0:20189:21293 [2] NCCL INFO Channel 00/0 : 14[85000] -> 13[46000] via P2P/IPC/read
x3004c0s25b1n0:20189:21471 [2] NCCL INFO New proxy send connection 16 from local rank 2, transport 0
x3004c0s25b1n0:20189:21293 [2] NCCL INFO Connection to proxy localRank 2 -> connection 0x147fe4001080
x3004c0s25b1n0:20189:21471 [2] NCCL INFO transport/p2p.cc:430 Cuda Alloc Size 6291456 pointer 0x147fdac00000
x3004c0s25b1n0:20189:21293 [2] NCCL INFO Channel 01/0 : 14[85000] -> 13[46000] via P2P/IPC/read
x3004c0s25b1n0:20189:21471 [2] NCCL INFO New proxy send connection 17 from local rank 2, transport 0
x3004c0s25b1n0:20186:21468 [0] NCCL INFO transport/net_ib.cc:683 Ib Alloc Size 21688 pointer 0x149ec406d000
x3004c0s25b1n0:20186:21468 [0] NCCL INFO transport/net_ib.cc:696 Ib Alloc Size 552 pointer 0x149ec4074000
x3004c0s25b1n0:20188:21467 [1] NCCL INFO transport/net_ib.cc:683 Ib Alloc Size 21688 pointer 0x14c8980d2000
x3004c0s25b1n0:20188:21467 [1] NCCL INFO transport/net_ib.cc:696 Ib Alloc Size 552 pointer 0x14c898019000
x3004c0s25b1n0:20186:21468 [0] NCCL INFO transport/net_ib.cc:771 Ib Alloc Size 552 pointer 0x149ec4090000
x3004c0s25b1n0:20186:21468 [0] NCCL INFO transport/net.cc:698 Cuda Host Alloc Size 9641984 pointer 0x149eb6a00000
x3004c0s25b1n0:20186:21468 [0] NCCL INFO transport/net_ib.cc:683 Ib Alloc Size 21688 pointer 0x149ec4092000
x3004c0s25b1n0:20186:21468 [0] NCCL INFO transport/net_ib.cc:696 Ib Alloc Size 552 pointer 0x149ec4099000
x3004c0s25b1n0:20186:21468 [0] NCCL INFO transport/net_ib.cc:771 Ib Alloc Size 552 pointer 0x149ec40b4000
x3004c0s25b1n0:20186:21468 [0] NCCL INFO transport/net.cc:698 Cuda Host Alloc Size 9641984 pointer 0x149eb7400000
x3004c0s25b1n0:20189:21293 [2] NCCL INFO Connection to proxy localRank 2 -> connection 0x147fe40010c0
x3004c0s25b1n0:20189:21471 [2] NCCL INFO transport/p2p.cc:430 Cuda Alloc Size 6291456 pointer 0x147fdb200000
x3004c0s25b1n0:20186:21291 [0] NCCL INFO GPU Direct RDMA Disabled for GPU 7000 / HCA 1 (distance 7 > 4)
x3004c0s25b1n0:20186:21468 [0] NCCL INFO New proxy send connection 16 from local rank 0, transport 2
x3004c0s25b1n0:20189:21293 [2] NCCL INFO Channel 02/0 : 14[85000] -> 13[46000] via P2P/IPC/read
x3004c0s25b1n0:20188:21467 [1] NCCL INFO transport/net_ib.cc:771 Ib Alloc Size 552 pointer 0x14c8980f2000
x3004c0s25b1n0:20188:21467 [1] NCCL INFO transport/net.cc:698 Cuda Host Alloc Size 9641984 pointer 0x14c88a000000
x3004c0s25b1n0:20189:21471 [2] NCCL INFO New proxy send connection 18 from local rank 2, transport 0
x3004c0s25b1n0:20188:21467 [1] NCCL INFO transport/net_ib.cc:683 Ib Alloc Size 21688 pointer 0x14c8980f4000
x3004c0s25b1n0:20188:21467 [1] NCCL INFO transport/net_ib.cc:696 Ib Alloc Size 552 pointer 0x14c8980fb000
x3004c0s25b1n0:20186:21291 [0] NCCL INFO Connection to proxy localRank 0 -> connection 0x149ec4001080
x3004c0s25b1n0:20186:21291 [0] NCCL INFO Channel 02/0 : 12[7000] -> 1[46000] [send] via NET/IB/1
x3004c0s25b1n0:20186:21291 [0] NCCL INFO GPU Direct RDMA Disabled for GPU 7000 / HCA 0 (distance 7 > 4)
x3004c0s25b1n0:20186:21468 [0] NCCL INFO New proxy send connection 17 from local rank 0, transport 2
x3004c0s25b1n0:20189:21293 [2] NCCL INFO Connection to proxy localRank 2 -> connection 0x147fe4001100
x3004c0s25b1n0:20189:21471 [2] NCCL INFO transport/p2p.cc:430 Cuda Alloc Size 6291456 pointer 0x147fdb800000
x3004c0s25b1n0:20188:21467 [1] NCCL INFO transport/net_ib.cc:771 Ib Alloc Size 552 pointer 0x14c898116000
x3004c0s25b1n0:20188:21467 [1] NCCL INFO transport/net.cc:698 Cuda Host Alloc Size 9641984 pointer 0x14c88aa00000
x3004c0s25b1n0:20186:21291 [0] NCCL INFO Connection to proxy localRank 0 -> connection 0x149ec40010c0
x3004c0s25b1n0:20186:21291 [0] NCCL INFO Channel 03/0 : 12[7000] -> 1[46000] [send] via NET/IB/0
x3004c0s25b1n0:20186:21468 [0] NCCL INFO transport/net_ib.cc:596 Ib Alloc Size 26560 pointer 0x149ec40be000
x3004c0s25b1n0:20186:21468 [0] NCCL INFO NET/IB: Dev 1 Port 1 qpn 10607 mtu 5 GID 0 (80FE/DA0100FEFF000000)
x3004c0s25b1n0:20186:21468 [0] NCCL INFO transport/net_ib.cc:653 Ib Alloc Size 552 pointer 0x149ec40d5000
x3004c0s25b1n0:20186:21468 [0] NCCL INFO transport/net.cc:571 Cuda Host Alloc Size 9641984 pointer 0x149eb4000000
x3004c0s25b1n0:20189:21293 [2] NCCL INFO Channel 03/0 : 14[85000] -> 13[46000] via P2P/IPC/read
x3004c0s25b1n0:20189:21471 [2] NCCL INFO New proxy send connection 19 from local rank 2, transport 0
x3004c0s25b1n0:20188:21292 [1] NCCL INFO GPU Direct RDMA Disabled for GPU 46000 / HCA 1 (distance 6 > 4)
x3004c0s25b1n0:20188:21467 [1] NCCL INFO New proxy send connection 18 from local rank 1, transport 2
x3004c0s25b1n0:20186:21468 [0] NCCL INFO transport/net_ib.cc:596 Ib Alloc Size 26560 pointer 0x149ec40d7000
x3004c0s25b1n0:20189:21293 [2] NCCL INFO Connection to proxy localRank 2 -> connection 0x147fe4001140
x3004c0s25b1n0:20186:21468 [0] NCCL INFO NET/IB: Dev 0 Port 1 qpn 10378 mtu 5 GID 0 (80FE/880100FEFF000000)
x3004c0s25b1n0:20186:21468 [0] NCCL INFO transport/net_ib.cc:653 Ib Alloc Size 552 pointer 0x149ec40ee000
x3004c0s25b1n0:20186:21468 [0] NCCL INFO transport/net.cc:571 Cuda Host Alloc Size 9641984 pointer 0x149eb4a00000
x3004c0s25b1n0:20189:21471 [2] NCCL INFO transport/p2p.cc:430 Cuda Alloc Size 6291456 pointer 0x147fd8000000
x3004c0s25b1n0:20188:21292 [1] NCCL INFO Connection to proxy localRank 1 -> connection 0x14c898001100
x3004c0s25b1n0:20188:21292 [1] NCCL INFO Channel 02/0 : 13[46000] -> 8[7000] [send] via NET/IB/1
x3004c0s25b1n0:20188:21292 [1] NCCL INFO GPU Direct RDMA Disabled for GPU 46000 / HCA 0 (distance 7 > 4)
x3004c0s25b1n0:20188:21467 [1] NCCL INFO New proxy send connection 19 from local rank 1, transport 2
x3004c0s25b1n0:20186:21291 [0] NCCL INFO GPU Direct RDMA Disabled for GPU 7000 / HCA 1 (distance 7 > 4)
x3004c0s25b1n0:20186:21468 [0] NCCL INFO New proxy recv connection 18 from local rank 0, transport 2
x3004c0s25b1n0:20186:21291 [0] NCCL INFO Connection to proxy localRank 0 -> connection 0x149ec4001100
x3004c0s25b1n0:20191:21290 [3] NCCL INFO Connected all trees by HAO
x3004c0s25b1n0:20191:21290 [3] NCCL INFO threadThresholds 8/8/64 | 160/8/64 | 512 | 512
x3004c0s25b1n0:20191:21290 [3] NCCL INFO 4 coll channels, 4 p2p channels, 2 p2p channels per peer
x3004c0s25b1n0:20191:21472 [3] NCCL INFO New proxy send connection 12 from local rank 3, transport 2
x3004c0s25b1n0:20188:21292 [1] NCCL INFO Connection to proxy localRank 1 -> connection 0x14c898001140
x3004c0s25b1n0:20188:21292 [1] NCCL INFO Channel 03/0 : 13[46000] -> 8[7000] [send] via NET/IB/0
x3004c0s25b1n0:20186:21291 [0] NCCL INFO Channel 02/0 : 1[46000] -> 12[7000] [receive] via NET/IB/1
x3004c0s25b1n0:20186:21291 [0] NCCL INFO GPU Direct RDMA Disabled for GPU 7000 / HCA 0 (distance 7 > 4)
x3004c0s25b1n0:20186:21468 [0] NCCL INFO New proxy recv connection 19 from local rank 0, transport 2
x3004c0s25b1n0:20191:21290 [3] NCCL INFO Connection to proxy localRank 3 -> connection 0x152a24000f80
x3004c0s25b1n0:20191:21472 [3] NCCL INFO transport/net.cc:376 Cuda Alloc Size 8388608 pointer 0x152a16600000
x3004c0s25b1n0:20186:21291 [0] NCCL INFO Connection to proxy localRank 0 -> connection 0x149ec4001140
x3004c0s25b1n0:20186:21291 [0] NCCL INFO Channel 03/0 : 1[46000] -> 12[7000] [receive] via NET/IB/0
x3004c0s25b1n0:20186:21468 [0] NCCL INFO transport/net_ib.cc:683 Ib Alloc Size 21688 pointer 0x149ec40fa000
x3004c0s25b1n0:20186:21468 [0] NCCL INFO transport/net_ib.cc:696 Ib Alloc Size 552 pointer 0x149ec4101000
x3004c0s25b1n0:20186:21468 [0] NCCL INFO transport/net_ib.cc:771 Ib Alloc Size 552 pointer 0x149ec411d000
x3004c0s25b1n0:20186:21468 [0] NCCL INFO transport/net.cc:698 Cuda Host Alloc Size 9641984 pointer 0x149eb5400000
x3004c0s25b1n0:20186:21468 [0] NCCL INFO transport/net_ib.cc:683 Ib Alloc Size 21688 pointer 0x149ec411f000
x3004c0s25b1n0:20186:21468 [0] NCCL INFO transport/net_ib.cc:696 Ib Alloc Size 552 pointer 0x149ec4126000
x3004c0s25b1n0:20186:21468 [0] NCCL INFO transport/net_ib.cc:771 Ib Alloc Size 552 pointer 0x149ec4141000
x3004c0s25b1n0:20186:21468 [0] NCCL INFO transport/net.cc:698 Cuda Host Alloc Size 9641984 pointer 0x149eb2000000
x3004c0s25b1n0:20186:21291 [0] NCCL INFO GPU Direct RDMA Disabled for GPU 7000 / HCA 1 (distance 7 > 4)
x3004c0s25b1n0:20186:21468 [0] NCCL INFO New proxy recv connection 20 from local rank 0, transport 2
x3004c0s25b1n0:20186:21291 [0] NCCL INFO Connection to proxy localRank 0 -> connection 0x149ec4001180
x3004c0s25b1n0:20186:21291 [0] NCCL INFO Channel 02/0 : 16[7000] -> 12[7000] [receive] via NET/IB/1
x3004c0s25b1n0:20186:21291 [0] NCCL INFO GPU Direct RDMA Disabled for GPU 7000 / HCA 0 (distance 7 > 4)
x3004c0s25b1n0:20186:21468 [0] NCCL INFO New proxy recv connection 21 from local rank 0, transport 2
x3004c0s25b1n0:20186:21291 [0] NCCL INFO Connection to proxy localRank 0 -> connection 0x149ec40011c0
x3004c0s25b1n0:20186:21291 [0] NCCL INFO Channel 03/0 : 16[7000] -> 12[7000] [receive] via NET/IB/0
x3004c0s25b1n0:20186:21291 [0] NCCL INFO GPU Direct RDMA Disabled for GPU 7000 / HCA 1 (distance 7 > 4)
x3004c0s25b1n0:20186:21468 [0] NCCL INFO New proxy send connection 22 from local rank 0, transport 2
x3004c0s25b1n0:20186:21291 [0] NCCL INFO Connection to proxy localRank 0 -> connection 0x149ec4001200
x3004c0s25b1n0:20186:21291 [0] NCCL INFO Channel 00/0 : 12[7000] -> 8[7000] [send] via NET/IB/1
x3004c0s25b1n0:20186:21291 [0] NCCL INFO GPU Direct RDMA Disabled for GPU 7000 / HCA 0 (distance 7 > 4)
x3004c0s25b1n0:20186:21468 [0] NCCL INFO New proxy send connection 23 from local rank 0, transport 2
x3004c0s25b1n0:20186:21291 [0] NCCL INFO Connection to proxy localRank 0 -> connection 0x149ec4001240
x3004c0s25b1n0:20186:21291 [0] NCCL INFO Channel 01/0 : 12[7000] -> 8[7000] [send] via NET/IB/0
x3004c0s25b1n0:20188:21467 [1] NCCL INFO transport/net_ib.cc:596 Ib Alloc Size 26560 pointer 0x14c898122000
x3004c0s25b1n0:20188:21467 [1] NCCL INFO NET/IB: Dev 1 Port 1 qpn 10610 mtu 5 GID 0 (80FE/DA0100FEFF000000)
x3004c0s25b1n0:20188:21467 [1] NCCL INFO transport/net_ib.cc:653 Ib Alloc Size 552 pointer 0x14c898139000
x3004c0s25b1n0:20188:21467 [1] NCCL INFO transport/net.cc:571 Cuda Host Alloc Size 9641984 pointer 0x14c88b400000
x3004c0s25b1n0:20188:21467 [1] NCCL INFO transport/net_ib.cc:596 Ib Alloc Size 26560 pointer 0x14c89813b000
x3004c0s25b1n0:20188:21467 [1] NCCL INFO NET/IB: Dev 0 Port 1 qpn 10381 mtu 5 GID 0 (80FE/880100FEFF000000)
x3004c0s25b1n0:20188:21467 [1] NCCL INFO transport/net_ib.cc:653 Ib Alloc Size 552 pointer 0x14c898152000
x3004c0s25b1n0:20188:21467 [1] NCCL INFO transport/net.cc:571 Cuda Host Alloc Size 9641984 pointer 0x14c888000000
x3004c0s25b1n0:20188:21467 [1] NCCL INFO New proxy recv connection 20 from local rank 1, transport 0
x3004c0s25b1n0:20188:21292 [1] NCCL INFO Connection to proxy localRank 1 -> connection 0x14c898001180
x3004c0s25b1n0:20188:21467 [1] NCCL INFO transport/p2p.cc:449 Cuda Alloc Size 6291456 pointer 0x14c888a00000
x3004c0s25b1n0:20188:21467 [1] NCCL INFO New proxy recv connection 21 from local rank 1, transport 0
x3004c0s25b1n0:20188:21292 [1] NCCL INFO Connection to proxy localRank 1 -> connection 0x14c8980011c0
x3004c0s25b1n0:20188:21467 [1] NCCL INFO transport/p2p.cc:449 Cuda Alloc Size 6291456 pointer 0x14c889000000
x3004c0s25b1n0:20188:21467 [1] NCCL INFO New proxy recv connection 22 from local rank 1, transport 0
x3004c0s25b1n0:20188:21292 [1] NCCL INFO Connection to proxy localRank 1 -> connection 0x14c898001200
x3004c0s25b1n0:20188:21467 [1] NCCL INFO transport/p2p.cc:449 Cuda Alloc Size 6291456 pointer 0x14c889600000
x3004c0s25b1n0:20188:21467 [1] NCCL INFO New proxy recv connection 23 from local rank 1, transport 0
x3004c0s25b1n0:20188:21292 [1] NCCL INFO Connection to proxy localRank 1 -> connection 0x14c898001240
x3004c0s25b1n0:20188:21467 [1] NCCL INFO transport/p2p.cc:449 Cuda Alloc Size 6291456 pointer 0x14c886000000
x3004c0s25b1n0:20188:21292 [1] NCCL INFO Connected all trees by HAO
x3004c0s25b1n0:20188:21292 [1] NCCL INFO threadThresholds 8/8/64 | 160/8/64 | 512 | 512
x3004c0s25b1n0:20188:21292 [1] NCCL INFO 4 coll channels, 4 p2p channels, 2 p2p channels per peer
x3004c0s25b1n0:20188:21467 [1] NCCL INFO New proxy send connection 24 from local rank 1, transport 2
x3004c0s25b1n0:20189:21293 [2] NCCL INFO Connected all trees by HAO
x3004c0s25b1n0:20189:21293 [2] NCCL INFO threadThresholds 8/8/64 | 160/8/64 | 512 | 512
x3004c0s25b1n0:20189:21293 [2] NCCL INFO 4 coll channels, 4 p2p channels, 2 p2p channels per peer
x3004c0s25b1n0:20189:21471 [2] NCCL INFO Allocated 4194656 bytes of shared memory in /dev/shm/nccl-PE7uOO

x3004c0s25b1n0:20189:21471 [2] NCCL INFO New proxy send connection 20 from local rank 2, transport 2
x3004c0s25b1n0:20188:21292 [1] NCCL INFO Connection to proxy localRank 1 -> connection 0x14c898001280
x3004c0s25b1n0:20188:21467 [1] NCCL INFO transport/net.cc:376 Cuda Alloc Size 8388608 pointer 0x14c884000000
x3004c0s25b1n0:20189:21293 [2] NCCL INFO Connection to proxy localRank 2 -> connection 0x147fe4001180
x3004c0s25b1n0:20186:21468 [0] NCCL INFO transport/net_ib.cc:596 Ib Alloc Size 26560 pointer 0x149ec4157000
x3004c0s25b1n0:20189:21471 [2] NCCL INFO transport/net.cc:376 Cuda Alloc Size 8388608 pointer 0x147fd7800000
x3004c0s25b1n0:20186:21468 [0] NCCL INFO NET/IB: Dev 1 Port 1 qpn 10611 mtu 5 GID 0 (80FE/DA0100FEFF000000)
x3004c0s25b1n0:20186:21468 [0] NCCL INFO transport/net_ib.cc:653 Ib Alloc Size 552 pointer 0x149ec416e000
x3004c0s25b1n0:20186:21468 [0] NCCL INFO transport/net.cc:571 Cuda Host Alloc Size 9641984 pointer 0x149eb2a00000
x3004c0s25b1n0:20186:21468 [0] NCCL INFO transport/net_ib.cc:596 Ib Alloc Size 26560 pointer 0x149ec4170000
x3004c0s25b1n0:20186:21468 [0] NCCL INFO NET/IB: Dev 0 Port 1 qpn 10382 mtu 5 GID 0 (80FE/880100FEFF000000)
x3004c0s25b1n0:20186:21468 [0] NCCL INFO transport/net_ib.cc:653 Ib Alloc Size 552 pointer 0x149ec4187000
x3004c0s25b1n0:20186:21468 [0] NCCL INFO transport/net.cc:571 Cuda Host Alloc Size 9641984 pointer 0x149eb3400000
x3004c0s25b1n0:20186:21468 [0] NCCL INFO transport/net_ib.cc:683 Ib Alloc Size 21688 pointer 0x149ec4189000
x3004c0s25b1n0:20186:21468 [0] NCCL INFO transport/net_ib.cc:696 Ib Alloc Size 552 pointer 0x149ec4190000
x3004c0s25b1n0:20186:21468 [0] NCCL INFO transport/net_ib.cc:771 Ib Alloc Size 552 pointer 0x149ec41ab000
x3004c0s25b1n0:20186:21468 [0] NCCL INFO transport/net.cc:698 Cuda Host Alloc Size 9641984 pointer 0x149eb0000000
x3004c0s25b1n0:20186:21468 [0] NCCL INFO transport/net_ib.cc:683 Ib Alloc Size 21688 pointer 0x149ec41ad000
x3004c0s25b1n0:20186:21468 [0] NCCL INFO transport/net_ib.cc:696 Ib Alloc Size 552 pointer 0x149ec41b4000
x3004c0s25b1n0:20186:21468 [0] NCCL INFO transport/net_ib.cc:771 Ib Alloc Size 552 pointer 0x149ec41cf000
x3004c0s25b1n0:20186:21468 [0] NCCL INFO transport/net.cc:698 Cuda Host Alloc Size 9641984 pointer 0x149eb0a00000
x3004c0s25b1n0:20186:21291 [0] NCCL INFO Connected all trees by HAO
x3004c0s25b1n0:20186:21291 [0] NCCL INFO threadThresholds 8/8/64 | 160/8/64 | 512 | 512
x3004c0s25b1n0:20186:21291 [0] NCCL INFO 4 coll channels, 4 p2p channels, 2 p2p channels per peer
x3004c0s25b1n0:20186:21468 [0] NCCL INFO New proxy send connection 24 from local rank 0, transport 2
x3004c0s25b1n0:20186:21291 [0] NCCL INFO Connection to proxy localRank 0 -> connection 0x149ec4001280
x3004c0s25b1n0:20186:21291 [0] NCCL INFO init.cc:367 Cuda Alloc Size 5168 pointer 0x149ed3808800
x3004c0s25b1n0:20189:21293 [2] NCCL INFO init.cc:367 Cuda Alloc Size 5168 pointer 0x147ff1808800
x3004c0s25b1n0:20188:21292 [1] NCCL INFO init.cc:367 Cuda Alloc Size 5168 pointer 0x14c8a7808800
x3004c0s25b1n0:20191:21290 [3] NCCL INFO init.cc:367 Cuda Alloc Size 5168 pointer 0x152a31808800
x3004c0s25b1n0:20191:21290 [3] NCCL INFO init.cc:392 Cuda Host Alloc Size 33554432 pointer 0x152a14000000
x3004c0s25b1n0:20191:21290 [3] NCCL INFO init.cc:398 Cuda Host Alloc Size 128 pointer 0x152a30e00200
x3004c0s25b1n0:20191:21290 [3] NCCL INFO comm 0x55dceea7b970 rank 15 nranks 20 cudaDev 3 busId c7000 - Init COMPLETE
x3004c0s25b1n0:20189:21293 [2] NCCL INFO init.cc:392 Cuda Host Alloc Size 33554432 pointer 0x147fce000000
x3004c0s25b1n0:20189:21293 [2] NCCL INFO init.cc:398 Cuda Host Alloc Size 128 pointer 0x147ff0e00200
x3004c0s25b1n0:20189:21293 [2] NCCL INFO comm 0x564a6e881810 rank 14 nranks 20 cudaDev 2 busId 85000 - Init COMPLETE
x3004c0s25b1n0:20188:21292 [1] NCCL INFO init.cc:392 Cuda Host Alloc Size 33554432 pointer 0x14c882000000
x3004c0s25b1n0:20188:21292 [1] NCCL INFO init.cc:398 Cuda Host Alloc Size 128 pointer 0x14c8a6e00200
x3004c0s25b1n0:20188:21292 [1] NCCL INFO comm 0x55b07d2c1850 rank 13 nranks 20 cudaDev 1 busId 46000 - Init COMPLETE
x3004c0s25b1n0:20186:21291 [0] NCCL INFO init.cc:392 Cuda Host Alloc Size 33554432 pointer 0x149eae000000
x3004c0s25b1n0:20186:21291 [0] NCCL INFO init.cc:398 Cuda Host Alloc Size 128 pointer 0x149ed2e00200
x3004c0s25b1n0:20186:21291 [0] NCCL INFO comm 0x5578a1bd07c0 rank 12 nranks 20 cudaDev 0 busId 7000 - Init COMPLETE
x3004c0s25b1n0:20186:21468 [0] NCCL INFO transport/net.cc:376 Cuda Alloc Size 8388608 pointer 0x149eb1400000
x3004c0s25b1n0:20189:20189 [2] NCCL INFO AllReduce: opCount 0 sendbuff 0x14802f600200 recvbuff 0x14802f600200 count 1 datatype 1 op 0 root 0 comm 0x564a6e881810 [nranks=20] stream 0x564a725d43b0
x3004c0s25b1n0:20189:20189 [2] NCCL INFO misc/utils.cc:235 memory stack hunk malloc(65536)
[LYD INFO in ncclLaunchKernel (enqueue.cc)] NCHANNELS is: 4x3004c0s25b1n0:20186:20186 [0] NCCL INFO AllReduce: opCount 0 sendbuff 0x149f13600200 recvbuff 0x149f13600200 count 1 datatype 1 op 0 root 0 comm 0x5578a1bd07c0 [nranks=20] stream 0x5578bbad1ba0
x3004c0s25b1n0:20186:20186 [0] NCCL INFO misc/utils.cc:235 memory stack hunk malloc(65536)
[LYD INFO in ncclLaunchKernel (enqueue.cc)] NCHANNELS is: 4x3004c0s25b1n0:20188:20188 [1] NCCL INFO AllReduce: opCount 0 sendbuff 0x14c8e7600200 recvbuff 0x14c8e7600200 count 1 datatype 1 op 0 root 0 comm 0x55b07d2c1850 [nranks=20] stream 0x55b098659560
x3004c0s25b1n0:20188:20188 [1] NCCL INFO misc/utils.cc:235 memory stack hunk malloc(65536)
[LYD INFO in ncclLaunchKernel (enqueue.cc)] NCHANNELS is: 4x3004c0s25b1n0:20191:20191 [3] NCCL INFO AllReduce: opCount 0 sendbuff 0x152a6f600200 recvbuff 0x152a6f600200 count 1 datatype 1 op 0 root 0 comm 0x55dceea7b970 [nranks=20] stream 0x55dd06b30200
x3004c0s25b1n0:20191:20191 [3] NCCL INFO misc/utils.cc:235 memory stack hunk malloc(65536)
[LYD INFO in ncclLaunchKernel (enqueue.cc)] NCHANNELS is: 4
[LYD INFO in NCCL_KERN_NAME (common.h)] 12 AllReduce TREE LL Sum uint8_t Elapsed time: 137567 us

[LYD INFO in NCCL_KERN_NAME (common.h)] 15 AllReduce TREE LL Sum uint8_t Elapsed time: 103628 us

[LYD INFO in NCCL_KERN_NAME (common.h)] 13 AllReduce TREE LL Sum uint8_t Elapsed time: 111884 us

[LYD INFO in NCCL_KERN_NAME (common.h)] 14 AllReduce TREE LL Sum uint8_t Elapsed time: 131676 us
x3004c0s25b1n0:20186:20186 [0] NCCL INFO AllReduce: opCount 1 sendbuff 0x149f13600000 recvbuff 0x149f13600000 count 1 datatype 1 op 0 root 0 comm 0x5578a1bd07c0 [nranks=20] stream 0x5578bbad1ba0
[LYD INFO in ncclLaunchKernel (enqueue.cc)] NCHANNELS is: 4x3004c0s25b1n0:20188:20188 [1] NCCL INFO AllReduce: opCount 1 sendbuff 0x14c8e7600000 recvbuff 0x14c8e7600000 count 1 datatype 1 op 0 root 0 comm 0x55b07d2c1850 [nranks=20] stream 0x55b098659560
[LYD INFO in ncclLaunchKernel (enqueue.cc)] NCHANNELS is: 4x3004c0s25b1n0:20189:20189 [2] NCCL INFO AllReduce: opCount 1 sendbuff 0x14802f600000 recvbuff 0x14802f600000 count 1 datatype 1 op 0 root 0 comm 0x564a6e881810 [nranks=20] stream 0x564a725d43b0
[LYD INFO in ncclLaunchKernel (enqueue.cc)] NCHANNELS is: 4x3004c0s25b1n0:20191:20191 [3] NCCL INFO AllReduce: opCount 1 sendbuff 0x152a6f600000 recvbuff 0x152a6f600000 count 1 datatype 1 op 0 root 0 comm 0x55dceea7b970 [nranks=20] stream 0x55dd06b30200
[LYD INFO in ncclLaunchKernel (enqueue.cc)] NCHANNELS is: 4
[LYD INFO in NCCL_KERN_NAME (common.h)] 13 AllReduce TREE LL Sum uint8_t Elapsed time: 7321613 us

[LYD INFO in NCCL_KERN_NAME (common.h)] 12 AllReduce TREE LL Sum uint8_t Elapsed time: 8478661 us

[LYD INFO in NCCL_KERN_NAME (common.h)] 14 AllReduce TREE LL Sum uint8_t Elapsed time: 6406181 us

[LYD INFO in NCCL_KERN_NAME (common.h)] 15 AllReduce TREE LL Sum uint8_t Elapsed time: 4650763 us
x3004c0s25b1n0:20188:20188 [1] NCCL INFO AllReduce: opCount 2 sendbuff 0x14c8e7600000 recvbuff 0x14c8e7600000 count 1 datatype 8 op 3 root 0 comm 0x55b07d2c1850 [nranks=20] stream 0x55b098659560
[LYD INFO in ncclLaunchKernel (enqueue.cc)] NCHANNELS is: 4x3004c0s25b1n0:20186:20186 [0] NCCL INFO AllReduce: opCount 2 sendbuff 0x149f13600000 recvbuff 0x149f13600000 count 1 datatype 8 op 3 root 0 comm 0x5578a1bd07c0 [nranks=20] stream 0x5578bbad1ba0
[LYD INFO in ncclLaunchKernel (enqueue.cc)] NCHANNELS is: 4x3004c0s25b1n0:20191:20191 [3] NCCL INFO AllReduce: opCount 2 sendbuff 0x152a6f600000 recvbuff 0x152a6f600000 count 1 datatype 8 op 3 root 0 comm 0x55dceea7b970 [nranks=20] stream 0x55dd06b30200
[LYD INFO in ncclLaunchKernel (enqueue.cc)] NCHANNELS is: 4x3004c0s25b1n0:20189:20189 [2] NCCL INFO AllReduce: opCount 2 sendbuff 0x14802f600000 recvbuff 0x14802f600000 count 1 datatype 8 op 3 root 0 comm 0x564a6e881810 [nranks=20] stream 0x564a725d43b0
[LYD INFO in ncclLaunchKernel (enqueue.cc)] NCHANNELS is: 4
[LYD INFO in NCCL_FUNC_NAME (common.h)] 15 AllReduce TREE LL Min double Elapsed time: 4 us

[LYD INFO in NCCL_FUNC_NAME (common.h)] 13 AllReduce TREE LL Min double Elapsed time: 21966 us

[LYD INFO in NCCL_FUNC_NAME (common.h)] 14 AllReduce TREE LL Min double Elapsed time: 6 us

[LYD INFO in NCCL_FUNC_NAME (common.h)] 12 AllReduce TREE LL Min double Elapsed time: 15724 us

[LYD INFO in NCCL_KERN_NAME (common.h)] 14 AllReduce TREE LL Sum double Elapsed time: 96611 us
x3004c0s25b1n0:20189:20189 [2] NCCL INFO AllReduce: opCount 3 sendbuff 0x14802f600200 recvbuff 0x14802f600200 count 1 datatype 1 op 0 root 0 comm 0x564a6e881810 [nranks=20] stream 0x564a725d43b0
[LYD INFO in ncclLaunchKernel (enqueue.cc)] NCHANNELS is: 4
[LYD INFO in NCCL_KERN_NAME (common.h)] 13 AllReduce TREE LL Sum double Elapsed time: 115167 us
x3004c0s25b1n0:20188:20188 [1] NCCL INFO AllReduce: opCount 3 sendbuff 0x14c8e7600200 recvbuff 0x14c8e7600200 count 1 datatype 1 op 0 root 0 comm 0x55b07d2c1850 [nranks=20] stream 0x55b098659560
[LYD INFO in ncclLaunchKernel (enqueue.cc)] NCHANNELS is: 4
[LYD INFO in NCCL_KERN_NAME (common.h)] 12 AllReduce TREE LL Sum double Elapsed time: 122052 us
x3004c0s25b1n0:20186:20186 [0] NCCL INFO AllReduce: opCount 3 sendbuff 0x149f13600200 recvbuff 0x149f13600200 count 1 datatype 1 op 0 root 0 comm 0x5578a1bd07c0 [nranks=20] stream 0x5578bbad1ba0
[LYD INFO in ncclLaunchKernel (enqueue.cc)] NCHANNELS is: 4
[LYD INFO in NCCL_KERN_NAME (common.h)] 15 AllReduce TREE LL Sum double Elapsed time: 96117 us
x3004c0s25b1n0:20191:20191 [3] NCCL INFO AllReduce: opCount 3 sendbuff 0x152a6f600200 recvbuff 0x152a6f600200 count 1 datatype 1 op 0 root 0 comm 0x55dceea7b970 [nranks=20] stream 0x55dd06b30200
[LYD INFO in ncclLaunchKernel (enqueue.cc)] NCHANNELS is: 4
[LYD INFO in NCCL_KERN_NAME (common.h)] 14 AllReduce TREE LL Sum uint8_t Elapsed time: 77293 us

[LYD INFO in NCCL_KERN_NAME (common.h)] 15 AllReduce TREE LL Sum uint8_t Elapsed time: 44291 us

[LYD INFO in NCCL_KERN_NAME (common.h)] 12 AllReduce TREE LL Sum uint8_t Elapsed time: 63691 us

[LYD INFO in NCCL_KERN_NAME (common.h)] 13 AllReduce TREE LL Sum uint8_t Elapsed time: 72006 us
 > number of parameters on (tensor, pipeline) model parallel rank (0, 15): 39354880
 > number of parameters on (tensor, pipeline) model parallel rank (0, 13): 39354880
 > number of parameters on (tensor, pipeline) model parallel rank (0, 12): 39354880
 > number of parameters on (tensor, pipeline) model parallel rank (0, 14): 39354880
x3004c0s25b1n0:20191:20191 [3] NCCL INFO AllReduce: opCount 4 sendbuff 0x152a6f600400 recvbuff 0x152a6f600400 count 1 datatype 1 op 0 root 0 comm 0x55dceea7b970 [nranks=20] stream 0x55dd06b30200
[LYD INFO in ncclLaunchKernel (enqueue.cc)] NCHANNELS is: 4x3004c0s25b1n0:20186:20186 [0] NCCL INFO AllReduce: opCount 4 sendbuff 0x149f13600400 recvbuff 0x149f13600400 count 1 datatype 1 op 0 root 0 comm 0x5578a1bd07c0 [nranks=20] stream 0x5578bbad1ba0
[LYD INFO in ncclLaunchKernel (enqueue.cc)] NCHANNELS is: 4x3004c0s25b1n0:20189:20189 [2] NCCL INFO AllReduce: opCount 4 sendbuff 0x14802f600400 recvbuff 0x14802f600400 count 1 datatype 1 op 0 root 0 comm 0x564a6e881810 [nranks=20] stream 0x564a725d43b0
[LYD INFO in ncclLaunchKernel (enqueue.cc)] NCHANNELS is: 4x3004c0s25b1n0:20188:20188 [1] NCCL INFO AllReduce: opCount 4 sendbuff 0x14c8e7600400 recvbuff 0x14c8e7600400 count 1 datatype 1 op 0 root 0 comm 0x55b07d2c1850 [nranks=20] stream 0x55b098659560
[LYD INFO in ncclLaunchKernel (enqueue.cc)] NCHANNELS is: 4
[LYD INFO in NCCL_KERN_NAME (common.h)] 13 AllReduce TREE LL Sum uint8_t Elapsed time: 2007599 us
x3004c0s25b1n0:20188:20188 [1] NCCL INFO AllReduce: opCount 5 sendbuff 0x14c8e7615200 recvbuff 0x14c8e7615200 count 1 datatype 1 op 0 root 0 comm 0x55b07d2c1850 [nranks=20] stream 0x55b098659560
[LYD INFO in ncclLaunchKernel (enqueue.cc)] NCHANNELS is: 4
[LYD INFO in NCCL_KERN_NAME (common.h)] 15 AllReduce TREE LL Sum uint8_t Elapsed time: 2041676 us
x3004c0s25b1n0:20191:20191 [3] NCCL INFO AllReduce: opCount 5 sendbuff 0x152a6f615200 recvbuff 0x152a6f615200 count 1 datatype 1 op 0 root 0 comm 0x55dceea7b970 [nranks=20] stream 0x55dd06b30200
[LYD INFO in ncclLaunchKernel (enqueue.cc)] NCHANNELS is: 4
[LYD INFO in NCCL_KERN_NAME (common.h)] 12 AllReduce TREE LL Sum uint8_t Elapsed time: 2032229 us
x3004c0s25b1n0:20186:20186 [0] NCCL INFO AllReduce: opCount 5 sendbuff 0x149f13615200 recvbuff 0x149f13615200 count 1 datatype 1 op 0 root 0 comm 0x5578a1bd07c0 [nranks=20] stream 0x5578bbad1ba0
[LYD INFO in ncclLaunchKernel (enqueue.cc)] NCHANNELS is: 4
[LYD INFO in NCCL_KERN_NAME (common.h)] 14 AllReduce TREE LL Sum uint8_t Elapsed time: 2020261 us
x3004c0s25b1n0:20189:20189 [2] NCCL INFO AllReduce: opCount 5 sendbuff 0x14802f615200 recvbuff 0x14802f615200 count 1 datatype 1 op 0 root 0 comm 0x564a6e881810 [nranks=20] stream 0x564a725d43b0
[LYD INFO in ncclLaunchKernel (enqueue.cc)] NCHANNELS is: 4
[LYD INFO in NCCL_KERN_NAME (common.h)] 14 AllReduce TREE LL Sum uint8_t Elapsed time: 60109 us
x3004c0s25b1n0:20189:20189 [2] NCCL INFO AllReduce: opCount 6 sendbuff 0x14802f600400 recvbuff 0x14802f600400 count 1 datatype 1 op 0 root 0 comm 0x564a6e881810 [nranks=20] stream 0x564a725d43b0
[LYD INFO in ncclLaunchKernel (enqueue.cc)] NCHANNELS is: 4
[LYD INFO in NCCL_KERN_NAME (common.h)] 13 AllReduce TREE LL Sum uint8_t Elapsed time: 93528 us
x3004c0s25b1n0:20188:20188 [1] NCCL INFO AllReduce: opCount 6 sendbuff 0x14c8e7600400 recvbuff 0x14c8e7600400 count 1 datatype 1 op 0 root 0 comm 0x55b07d2c1850 [nranks=20] stream 0x55b098659560
[LYD INFO in ncclLaunchKernel (enqueue.cc)] NCHANNELS is: 4
[LYD INFO in NCCL_KERN_NAME (common.h)] 12 AllReduce TREE LL Sum uint8_t Elapsed time: 78728 us
x3004c0s25b1n0:20186:20186 [0] NCCL INFO AllReduce: opCount 6 sendbuff 0x149f13600400 recvbuff 0x149f13600400 count 1 datatype 1 op 0 root 0 comm 0x5578a1bd07c0 [nranks=20] stream 0x5578bbad1ba0
[LYD INFO in ncclLaunchKernel (enqueue.cc)] NCHANNELS is: 4
[LYD INFO in NCCL_KERN_NAME (common.h)] 15 AllReduce TREE LL Sum uint8_t Elapsed time: 90685 us
x3004c0s25b1n0:20191:20191 [3] NCCL INFO AllReduce: opCount 6 sendbuff 0x152a6f600400 recvbuff 0x152a6f600400 count 1 datatype 1 op 0 root 0 comm 0x55dceea7b970 [nranks=20] stream 0x55dd06b30200
[LYD INFO in ncclLaunchKernel (enqueue.cc)] NCHANNELS is: 4
[LYD INFO in NCCL_KERN_NAME (common.h)] 15 AllReduce TREE LL Sum uint8_t Elapsed time: 53879 us

[LYD INFO in NCCL_KERN_NAME (common.h)] 14 AllReduce TREE LL Sum uint8_t Elapsed time: 80842 us

[LYD INFO in NCCL_KERN_NAME (common.h)] 12 AllReduce TREE LL Sum uint8_t Elapsed time: 63869 us

[LYD INFO in NCCL_KERN_NAME (common.h)] 13 AllReduce TREE LL Sum uint8_t Elapsed time: 75859 us
NCCL version 2.14.3+cuda11.8
x3004c0s25b1n0:20189:20189 [2] NCCL INFO init.cc:1147 Cuda Host Alloc Size 4 pointer 0x147ff0e00400
NCCL version 2.14.3+cuda11.8
x3004c0s25b1n0:20188:20188 [1] NCCL INFO init.cc:1147 Cuda Host Alloc Size 4 pointer 0x14c8a6e00400
NCCL version 2.14.3+cuda11.8
x3004c0s25b1n0:20186:20186 [0] NCCL INFO init.cc:1147 Cuda Host Alloc Size 4 pointer 0x149ed2e00400
NCCL version 2.14.3+cuda11.8
x3004c0s25b1n0:20191:20191 [3] NCCL INFO init.cc:1147 Cuda Host Alloc Size 4 pointer 0x152a30e00400
x3004c0s25b1n0:20188:24212 [1] NCCL INFO Using network IB
x3004c0s25b1n0:20189:24209 [2] NCCL INFO Using network IB
x3004c0s25b1n0:20186:24214 [0] NCCL INFO Using network IB
x3004c0s25b1n0:20191:24216 [3] NCCL INFO Using network IB
x3004c0s25b1n0:20189:24209 [2] NCCL INFO NET/IB : GPU Direct RDMA Enabled for HCA 0 'mlx5_0'
x3004c0s25b1n0:20189:24209 [2] NCCL INFO NET/IB : GPU Direct RDMA Enabled for HCA 1 'mlx5_1'
x3004c0s25b1n0:20189:24209 [2] NCCL INFO GPU Direct RDMA Disabled for GPU 85000 / HCA 0 (distance 7 > 4)
x3004c0s25b1n0:20189:24209 [2] NCCL INFO GPU Direct RDMA Disabled for GPU 85000 / HCA 1 (distance 7 > 4)
x3004c0s25b1n0:20189:24209 [2] NCCL INFO === System : maxBw 5000.0 totalBw 0.0 ===
x3004c0s25b1n0:20189:24209 [2] NCCL INFO CPU/1 (1/2/-1)
x3004c0s25b1n0:20189:24209 [2] NCCL INFO + SYS[5000.0] - CPU/0
x3004c0s25b1n0:20189:24209 [2] NCCL INFO + SYS[5000.0] - CPU/2
x3004c0s25b1n0:20189:24209 [2] NCCL INFO + PCI[24.0] - PCI/83000 (11f8406811f8beef)
x3004c0s25b1n0:20189:24209 [2] NCCL INFO               + PCI[24.0] - GPU/85000 (0)
x3004c0s25b1n0:20189:24209 [2] NCCL INFO CPU/0 (1/2/-1)
x3004c0s25b1n0:20189:24209 [2] NCCL INFO + SYS[5000.0] - CPU/1
x3004c0s25b1n0:20189:24209 [2] NCCL INFO + SYS[5000.0] - CPU/2
x3004c0s25b1n0:20189:24209 [2] NCCL INFO + PCI[12.0] - NIC/C8000
x3004c0s25b1n0:20189:24209 [2] NCCL INFO CPU/2 (1/2/-1)
x3004c0s25b1n0:20189:24209 [2] NCCL INFO + SYS[5000.0] - CPU/1
x3004c0s25b1n0:20189:24209 [2] NCCL INFO + SYS[5000.0] - CPU/0
x3004c0s25b1n0:20189:24209 [2] NCCL INFO + PCI[12.0] - NIC/43000
x3004c0s25b1n0:20189:24209 [2] NCCL INFO ==========================================
x3004c0s25b1n0:20189:24209 [2] NCCL INFO GPU/85000 :GPU/85000 (0/5000.000000/LOC) CPU/1 (2/24.000000/PHB) CPU/0 (3/24.000000/SYS) CPU/2 (3/24.000000/SYS) 
x3004c0s25b1n0:20189:24209 [2] NCCL INFO Pattern 4, crossNic 0, nChannels 16, bw 44.000000/44.000000, type LOC/PIX, sameChannels 1
x3004c0s25b1n0:20189:24209 [2] NCCL INFO  0 : GPU/0
x3004c0s25b1n0:20189:24209 [2] NCCL INFO  1 : GPU/0
x3004c0s25b1n0:20189:24209 [2] NCCL INFO  2 : GPU/0
x3004c0s25b1n0:20189:24209 [2] NCCL INFO  3 : GPU/0
x3004c0s25b1n0:20189:24209 [2] NCCL INFO  4 : GPU/0
x3004c0s25b1n0:20189:24209 [2] NCCL INFO  5 : GPU/0
x3004c0s25b1n0:20189:24209 [2] NCCL INFO  6 : GPU/0
x3004c0s25b1n0:20189:24209 [2] NCCL INFO  7 : GPU/0
