x3004c0s31b0n0:5860:9946 [3] NCCL INFO GPU Direct RDMA Disabled for GPU c7000 / HCA 1 (distance 7 > 4)
x3004c0s31b0n0:5860:9946 [3] NCCL INFO GPU Direct RDMA Disabled for GPU 7000 / HCA 0 (distance 7 > 4)
x3004c0s31b0n0:5860:9946 [3] NCCL INFO GPU Direct RDMA Disabled for GPU 46000 / HCA 0 (distance 7 > 4)
x3004c0s31b0n0:5860:9946 [3] NCCL INFO GPU Direct RDMA Disabled for GPU 85000 / HCA 0 (distance 7 > 4)
x3004c0s31b0n0:5860:9946 [3] NCCL INFO GPU Direct RDMA Disabled for GPU c7000 / HCA 0 (distance 6 > 4)
x3004c0s31b0n0:5860:9946 [3] NCCL INFO GPU Direct RDMA Disabled for GPU 7000 / HCA 1 (distance 7 > 4)
x3004c0s31b0n0:5860:9946 [3] NCCL INFO GPU Direct RDMA Disabled for GPU 46000 / HCA 1 (distance 6 > 4)
x3004c0s31b0n0:5860:9946 [3] NCCL INFO GPU Direct RDMA Disabled for GPU 85000 / HCA 1 (distance 7 > 4)
x3004c0s31b0n0:5860:9946 [3] NCCL INFO GPU Direct RDMA Disabled for GPU c7000 / HCA 1 (distance 7 > 4)
x3004c0s31b0n0:5860:9946 [3] NCCL INFO GPU Direct RDMA Disabled for GPU 7000 / HCA 0 (distance 7 > 4)
x3004c0s31b0n0:5860:9946 [3] NCCL INFO GPU Direct RDMA Disabled for GPU 46000 / HCA 0 (distance 7 > 4)
x3004c0s31b0n0:5860:9946 [3] NCCL INFO GPU Direct RDMA Disabled for GPU 85000 / HCA 0 (distance 7 > 4)
x3004c0s31b0n0:5860:9946 [3] NCCL INFO GPU Direct RDMA Disabled for GPU c7000 / HCA 0 (distance 6 > 4)
x3004c0s31b0n0:5860:9946 [3] NCCL INFO === System : maxBw 12.0 totalBw 264.0 ===
x3004c0s31b0n0:5860:9946 [3] NCCL INFO CPU/3 (1/2/-1)
x3004c0s31b0n0:5860:9946 [3] NCCL INFO + SYS[5000.0] - CPU/2
x3004c0s31b0n0:5860:9946 [3] NCCL INFO + SYS[5000.0] - CPU/1
x3004c0s31b0n0:5860:9946 [3] NCCL INFO + SYS[5000.0] - CPU/0
x3004c0s31b0n0:5860:9946 [3] NCCL INFO + PCI[24.0] - PCI/5000 (11f8406811f8beef)
x3004c0s31b0n0:5860:9946 [3] NCCL INFO               + PCI[24.0] - GPU/7000 (16)
x3004c0s31b0n0:5860:9946 [3] NCCL INFO                             + NVL[88.0] - GPU/85000
x3004c0s31b0n0:5860:9946 [3] NCCL INFO                             + NVL[88.0] - GPU/C7000
x3004c0s31b0n0:5860:9946 [3] NCCL INFO                             + NVL[88.0] - GPU/46000
x3004c0s31b0n0:5860:9946 [3] NCCL INFO CPU/2 (1/2/-1)
x3004c0s31b0n0:5860:9946 [3] NCCL INFO + SYS[5000.0] - CPU/3
x3004c0s31b0n0:5860:9946 [3] NCCL INFO + SYS[5000.0] - CPU/1
x3004c0s31b0n0:5860:9946 [3] NCCL INFO + SYS[5000.0] - CPU/0
x3004c0s31b0n0:5860:9946 [3] NCCL INFO + PCI[24.0] - PCI/44000 (11f8406811f8beef)
x3004c0s31b0n0:5860:9946 [3] NCCL INFO               + PCI[24.0] - GPU/46000 (17)
x3004c0s31b0n0:5860:9946 [3] NCCL INFO                             + NVL[88.0] - GPU/85000
x3004c0s31b0n0:5860:9946 [3] NCCL INFO                             + NVL[88.0] - GPU/C7000
x3004c0s31b0n0:5860:9946 [3] NCCL INFO                             + NVL[88.0] - GPU/7000
x3004c0s31b0n0:5860:9946 [3] NCCL INFO + PCI[12.0] - NIC/43000
x3004c0s31b0n0:5860:9946 [3] NCCL INFO               + NET[12.5] - NET/1 (e87604ffffa4e988/1/12.500000)
x3004c0s31b0n0:5860:9946 [3] NCCL INFO CPU/1 (1/2/-1)
x3004c0s31b0n0:5860:9946 [3] NCCL INFO + SYS[5000.0] - CPU/3
x3004c0s31b0n0:5860:9946 [3] NCCL INFO + SYS[5000.0] - CPU/2
x3004c0s31b0n0:5860:9946 [3] NCCL INFO + SYS[5000.0] - CPU/0
x3004c0s31b0n0:5860:9946 [3] NCCL INFO + PCI[24.0] - PCI/83000 (11f8406811f8beef)
x3004c0s31b0n0:5860:9946 [3] NCCL INFO               + PCI[24.0] - GPU/85000 (18)
x3004c0s31b0n0:5860:9946 [3] NCCL INFO                             + NVL[88.0] - GPU/C7000
x3004c0s31b0n0:5860:9946 [3] NCCL INFO                             + NVL[88.0] - GPU/46000
x3004c0s31b0n0:5860:9946 [3] NCCL INFO                             + NVL[88.0] - GPU/7000
x3004c0s31b0n0:5860:9946 [3] NCCL INFO CPU/0 (1/2/-1)
x3004c0s31b0n0:5860:9946 [3] NCCL INFO + SYS[5000.0] - CPU/3
x3004c0s31b0n0:5860:9946 [3] NCCL INFO + SYS[5000.0] - CPU/2
x3004c0s31b0n0:5860:9946 [3] NCCL INFO + SYS[5000.0] - CPU/1
x3004c0s31b0n0:5860:9946 [3] NCCL INFO + PCI[24.0] - PCI/C5000 (11f8406811f8beef)
x3004c0s31b0n0:5860:9946 [3] NCCL INFO               + PCI[24.0] - GPU/C7000 (19)
x3004c0s31b0n0:5860:9946 [3] NCCL INFO                             + NVL[88.0] - GPU/85000
x3004c0s31b0n0:5860:9946 [3] NCCL INFO                             + NVL[88.0] - GPU/46000
x3004c0s31b0n0:5860:9946 [3] NCCL INFO                             + NVL[88.0] - GPU/7000
x3004c0s31b0n0:5860:9946 [3] NCCL INFO + PCI[12.0] - NIC/C8000
x3004c0s31b0n0:5860:9946 [3] NCCL INFO               + NET[12.5] - NET/0 (ec4b02ffffa4e988/1/12.500000)
x3004c0s31b0n0:5860:9946 [3] NCCL INFO ==========================================
x3004c0s31b0n0:5860:9946 [3] NCCL INFO GPU/7000 :GPU/7000 (0/5000.000000/LOC) GPU/46000 (1/88.000000/NVL) GPU/85000 (1/88.000000/NVL) GPU/C7000 (1/88.000000/NVL) CPU/3 (2/24.000000/PHB) CPU/2 (3/24.000000/SYS) CPU/1 (3/24.000000/SYS) CPU/0 (3/24.000000/SYS) NET/1 (5/12.000000/SYS) NET/0 (5/12.000000/SYS) 
x3004c0s31b0n0:5860:9946 [3] NCCL INFO GPU/46000 :GPU/7000 (1/88.000000/NVL) GPU/46000 (0/5000.000000/LOC) GPU/85000 (1/88.000000/NVL) GPU/C7000 (1/88.000000/NVL) CPU/3 (3/24.000000/SYS) CPU/2 (2/24.000000/PHB) CPU/1 (3/24.000000/SYS) CPU/0 (3/24.000000/SYS) NET/1 (4/12.000000/PHB) NET/0 (5/12.000000/SYS) 
x3004c0s31b0n0:5860:9946 [3] NCCL INFO GPU/85000 :GPU/7000 (1/88.000000/NVL) GPU/46000 (1/88.000000/NVL) GPU/85000 (0/5000.000000/LOC) GPU/C7000 (1/88.000000/NVL) CPU/3 (3/24.000000/SYS) CPU/2 (3/24.000000/SYS) CPU/1 (2/24.000000/PHB) CPU/0 (3/24.000000/SYS) NET/1 (5/12.000000/SYS) NET/0 (5/12.000000/SYS) 
x3004c0s31b0n0:5860:9946 [3] NCCL INFO GPU/C7000 :GPU/7000 (1/88.000000/NVL) GPU/46000 (1/88.000000/NVL) GPU/85000 (1/88.000000/NVL) GPU/C7000 (0/5000.000000/LOC) CPU/3 (3/24.000000/SYS) CPU/2 (3/24.000000/SYS) CPU/1 (3/24.000000/SYS) CPU/0 (2/24.000000/PHB) NET/1 (5/12.000000/SYS) NET/0 (4/12.000000/PHB) 
x3004c0s31b0n0:5860:9946 [3] NCCL INFO NET/1 :GPU/7000 (5/12.000000/SYS) GPU/46000 (4/12.000000/PHB) GPU/85000 (5/12.000000/SYS) GPU/C7000 (5/12.000000/SYS) CPU/3 (3/12.000000/SYS) CPU/2 (2/12.000000/PHB) CPU/1 (3/12.000000/SYS) CPU/0 (3/12.000000/SYS) NET/1 (0/5000.000000/LOC) NET/0 (5/12.000000/SYS) 
x3004c0s31b0n0:5860:9946 [3] NCCL INFO NET/0 :GPU/7000 (5/12.000000/SYS) GPU/46000 (5/12.000000/SYS) GPU/85000 (5/12.000000/SYS) GPU/C7000 (4/12.000000/PHB) CPU/3 (3/12.000000/SYS) CPU/2 (3/12.000000/SYS) CPU/1 (3/12.000000/SYS) CPU/0 (2/12.000000/PHB) NET/1 (5/12.000000/SYS) NET/0 (0/5000.000000/LOC) 
x3004c0s31b0n0:5860:9946 [3] NCCL INFO Setting affinity for GPU 3 to 01
x3004c0s31b0n0:5860:9946 [3] NCCL INFO Pattern 4, crossNic 0, nChannels 2, bw 12.000000/12.000000, type NVL/SYS, sameChannels 1
x3004c0s31b0n0:5860:9946 [3] NCCL INFO  0 : NET/1 GPU/17 GPU/16 GPU/18 GPU/19 NET/1
x3004c0s31b0n0:5860:9946 [3] NCCL INFO  1 : NET/0 GPU/17 GPU/16 GPU/18 GPU/19 NET/0
x3004c0s31b0n0:5860:9946 [3] NCCL INFO Pattern 1, crossNic 0, nChannels 2, bw 24.000000/12.000000, type NVL/SYS, sameChannels 1
x3004c0s31b0n0:5860:9946 [3] NCCL INFO  0 : NET/1 GPU/16 GPU/17 GPU/18 GPU/19 NET/1
x3004c0s31b0n0:5860:9946 [3] NCCL INFO  1 : NET/0 GPU/16 GPU/17 GPU/18 GPU/19 NET/0
x3004c0s31b0n0:5860:9946 [3] NCCL INFO Pattern 3, crossNic 0, nChannels 0, bw 0.000000/0.000000, type NVL/PIX, sameChannels 1
x3004c0s31b0n0:5852:9947 [0] NCCL INFO Tree 0 : 0 -> 16 -> 17/-1/-1
x3004c0s31b0n0:5852:9947 [0] NCCL INFO Tree 2 : 12 -> 16 -> 17/-1/-1
x3004c0s31b0n0:5852:9947 [0] NCCL INFO Tree 1 : 0 -> 16 -> 17/-1/-1
x3004c0s31b0n0:5852:9947 [0] NCCL INFO Tree 3 : 12 -> 16 -> 17/-1/-1
x3004c0s31b0n0:5852:9947 [0] NCCL INFO Ring 00 : 17 -> 16 -> 18
x3004c0s31b0n0:5852:9947 [0] NCCL INFO Ring 01 : 17 -> 16 -> 18
x3004c0s31b0n0:5852:9947 [0] NCCL INFO Ring 02 : 17 -> 16 -> 18
x3004c0s31b0n0:5852:9947 [0] NCCL INFO Ring 03 : 17 -> 16 -> 18
x3004c0s31b0n0:5852:9947 [0] NCCL INFO Trees [0] 17/-1/-1->16->0 [1] 17/-1/-1->16->0 [2] 17/-1/-1->16->12 [3] 17/-1/-1->16->12
x3004c0s31b0n0:5852:9947 [0] NCCL INFO misc/utils.cc:235 memory stack hunk malloc(65536)
x3004c0s31b0n0:5852:9947 [0] NCCL INFO channel.cc:23 Cuda Alloc Size 8064 pointer 0x14eeab817400
x3004c0s31b0n0:5852:9947 [0] NCCL INFO channel.cc:27 Cuda Alloc Size 80 pointer 0x14eeab819400
x3004c0s31b0n0:5852:9947 [0] NCCL INFO channel.cc:23 Cuda Alloc Size 8064 pointer 0x14eeab819600
x3004c0s31b0n0:5852:9947 [0] NCCL INFO channel.cc:27 Cuda Alloc Size 80 pointer 0x14eeab81b600
x3004c0s31b0n0:5852:9947 [0] NCCL INFO channel.cc:23 Cuda Alloc Size 8064 pointer 0x14eeab81b800
x3004c0s31b0n0:5852:9947 [0] NCCL INFO channel.cc:27 Cuda Alloc Size 80 pointer 0x14eeab81d800
x3004c0s31b0n0:5852:9947 [0] NCCL INFO channel.cc:23 Cuda Alloc Size 8064 pointer 0x14eeab81da00
x3004c0s31b0n0:5852:9947 [0] NCCL INFO channel.cc:27 Cuda Alloc Size 80 pointer 0x14eeab81fa00
x3004c0s31b0n0:5852:9947 [0] NCCL INFO Channel 00/0 : 16[7000] -> 18[85000] via P2P/IPC/read
x3004c0s31b0n0:5852:10071 [0] NCCL INFO Mem Realloc old size 0, new size 8 pointer 0x14ee50000c60
x3004c0s31b0n0:5852:10071 [0] NCCL INFO New proxy send connection 0 from local rank 0, transport 0
x3004c0s31b0n0:5852:9947 [0] NCCL INFO Connection to proxy localRank 0 -> connection 0x14ee50000c80
x3004c0s31b0n0:5852:10071 [0] NCCL INFO transport/p2p.cc:430 Cuda Alloc Size 6291456 pointer 0x14ee8ba00000
x3004c0s31b0n0:5852:9947 [0] NCCL INFO Channel 01/0 : 16[7000] -> 18[85000] via P2P/IPC/read
x3004c0s31b0n0:5852:10071 [0] NCCL INFO New proxy send connection 1 from local rank 0, transport 0
x3004c0s31b0n0:5854:9948 [1] NCCL INFO Tree 0 : 16 -> 17 -> 18/8/-1
x3004c0s31b0n0:5854:9948 [1] NCCL INFO Tree 2 : 16 -> 17 -> 18/-1/-1
x3004c0s31b0n0:5854:9948 [1] NCCL INFO Tree 1 : 16 -> 17 -> 18/8/-1
x3004c0s31b0n0:5854:9948 [1] NCCL INFO Tree 3 : 16 -> 17 -> 18/-1/-1
x3004c0s31b0n0:5854:9948 [1] NCCL INFO Ring 00 : 15 -> 17 -> 16
x3004c0s31b0n0:5854:9948 [1] NCCL INFO Ring 01 : 15 -> 17 -> 16
x3004c0s31b0n0:5854:9948 [1] NCCL INFO Ring 02 : 15 -> 17 -> 16
x3004c0s31b0n0:5854:9948 [1] NCCL INFO Ring 03 : 15 -> 17 -> 16
x3004c0s31b0n0:5854:9948 [1] NCCL INFO Trees [0] 18/8/-1->17->16 [1] 18/8/-1->17->16 [2] 18/-1/-1->17->16 [3] 18/-1/-1->17->16
x3004c0s31b0n0:5854:9948 [1] NCCL INFO misc/utils.cc:235 memory stack hunk malloc(65536)
x3004c0s31b0n0:5854:9948 [1] NCCL INFO channel.cc:23 Cuda Alloc Size 8064 pointer 0x152e95817400
x3004c0s31b0n0:5854:9948 [1] NCCL INFO channel.cc:27 Cuda Alloc Size 80 pointer 0x152e95819400
x3004c0s31b0n0:5854:9948 [1] NCCL INFO channel.cc:23 Cuda Alloc Size 8064 pointer 0x152e95819600
x3004c0s31b0n0:5854:9948 [1] NCCL INFO channel.cc:27 Cuda Alloc Size 80 pointer 0x152e9581b600
x3004c0s31b0n0:5854:9948 [1] NCCL INFO channel.cc:23 Cuda Alloc Size 8064 pointer 0x152e9581b800
x3004c0s31b0n0:5854:9948 [1] NCCL INFO channel.cc:27 Cuda Alloc Size 80 pointer 0x152e9581d800
x3004c0s31b0n0:5854:9948 [1] NCCL INFO channel.cc:23 Cuda Alloc Size 8064 pointer 0x152e9581da00
x3004c0s31b0n0:5854:9948 [1] NCCL INFO channel.cc:27 Cuda Alloc Size 80 pointer 0x152e9581fa00
x3004c0s31b0n0:5854:9948 [1] NCCL INFO GPU Direct RDMA Disabled for GPU 46000 / HCA 1 (distance 6 > 4)
x3004c0s31b0n0:5858:9949 [2] NCCL INFO Ring 00 : 16 -> 18 -> 19
x3004c0s31b0n0:5858:9949 [2] NCCL INFO Ring 01 : 16 -> 18 -> 19
x3004c0s31b0n0:5858:9949 [2] NCCL INFO Ring 02 : 16 -> 18 -> 19
x3004c0s31b0n0:5858:9949 [2] NCCL INFO Ring 03 : 16 -> 18 -> 19
x3004c0s31b0n0:5858:9949 [2] NCCL INFO Trees [0] 19/-1/-1->18->17 [1] 19/-1/-1->18->17 [2] 19/-1/-1->18->17 [3] 19/-1/-1->18->17
x3004c0s31b0n0:5858:9949 [2] NCCL INFO misc/utils.cc:235 memory stack hunk malloc(65536)
x3004c0s31b0n0:5858:9949 [2] NCCL INFO channel.cc:23 Cuda Alloc Size 8064 pointer 0x152fa7e17400
x3004c0s31b0n0:5858:9949 [2] NCCL INFO channel.cc:27 Cuda Alloc Size 80 pointer 0x152fa7e19400
x3004c0s31b0n0:5858:9949 [2] NCCL INFO channel.cc:23 Cuda Alloc Size 8064 pointer 0x152fa7e19600
x3004c0s31b0n0:5858:9949 [2] NCCL INFO channel.cc:27 Cuda Alloc Size 80 pointer 0x152fa7e1b600
x3004c0s31b0n0:5858:9949 [2] NCCL INFO channel.cc:23 Cuda Alloc Size 8064 pointer 0x152fa7e1b800
x3004c0s31b0n0:5858:9949 [2] NCCL INFO channel.cc:27 Cuda Alloc Size 80 pointer 0x152fa7e1d800
x3004c0s31b0n0:5858:9949 [2] NCCL INFO channel.cc:23 Cuda Alloc Size 8064 pointer 0x152fa7e1da00
x3004c0s31b0n0:5858:9949 [2] NCCL INFO channel.cc:27 Cuda Alloc Size 80 pointer 0x152fa7e1fa00
x3004c0s31b0n0:5858:9949 [2] NCCL INFO Channel 00/0 : 18[85000] -> 19[c7000] via P2P/IPC/read
x3004c0s31b0n0:5854:10079 [1] NCCL INFO Mem Realloc old size 0, new size 8 pointer 0x152e40000c60
x3004c0s31b0n0:5854:10079 [1] NCCL INFO Allocated 4194656 bytes of shared memory in /dev/shm/nccl-L0e4dS

x3004c0s31b0n0:5854:10079 [1] NCCL INFO New proxy recv connection 0 from local rank 1, transport 2
x3004c0s31b0n0:5854:9948 [1] NCCL INFO Connection to proxy localRank 1 -> connection 0x152e40000c80
x3004c0s31b0n0:5858:10078 [2] NCCL INFO Mem Realloc old size 0, new size 8 pointer 0x152f28000c60
x3004c0s31b0n0:5858:10078 [2] NCCL INFO New proxy send connection 0 from local rank 2, transport 0
x3004c0s31b0n0:5852:9947 [0] NCCL INFO Connection to proxy localRank 0 -> connection 0x14ee50000cc0
x3004c0s31b0n0:5860:9946 [3] NCCL INFO Ring 00 : 18 -> 19 -> 1
x3004c0s31b0n0:5860:9946 [3] NCCL INFO Ring 01 : 18 -> 19 -> 1
x3004c0s31b0n0:5860:9946 [3] NCCL INFO Ring 02 : 18 -> 19 -> 1
x3004c0s31b0n0:5860:9946 [3] NCCL INFO Ring 03 : 18 -> 19 -> 1
x3004c0s31b0n0:5860:9946 [3] NCCL INFO Trees [0] -1/-1/-1->19->18 [1] -1/-1/-1->19->18 [2] -1/-1/-1->19->18 [3] -1/-1/-1->19->18
x3004c0s31b0n0:5860:9946 [3] NCCL INFO misc/utils.cc:235 memory stack hunk malloc(65536)
x3004c0s31b0n0:5860:9946 [3] NCCL INFO channel.cc:23 Cuda Alloc Size 8064 pointer 0x15446be19a00
x3004c0s31b0n0:5860:9946 [3] NCCL INFO channel.cc:27 Cuda Alloc Size 80 pointer 0x15446be1ba00
x3004c0s31b0n0:5860:9946 [3] NCCL INFO channel.cc:23 Cuda Alloc Size 8064 pointer 0x15446be1bc00
x3004c0s31b0n0:5860:9946 [3] NCCL INFO channel.cc:27 Cuda Alloc Size 80 pointer 0x15446be1dc00
x3004c0s31b0n0:5860:9946 [3] NCCL INFO channel.cc:23 Cuda Alloc Size 8064 pointer 0x15446be1de00
x3004c0s31b0n0:5860:9946 [3] NCCL INFO channel.cc:27 Cuda Alloc Size 80 pointer 0x15446be1fe00
x3004c0s31b0n0:5860:9946 [3] NCCL INFO channel.cc:23 Cuda Alloc Size 8064 pointer 0x15446be20000
x3004c0s31b0n0:5860:9946 [3] NCCL INFO channel.cc:27 Cuda Alloc Size 80 pointer 0x15446be22000
x3004c0s31b0n0:5860:10080 [3] NCCL INFO Mem Realloc old size 0, new size 8 pointer 0x1543b4000c60
x3004c0s31b0n0:5860:10080 [3] NCCL INFO New proxy recv connection 0 from local rank 3, transport 0
x3004c0s31b0n0:5858:9949 [2] NCCL INFO Connection to proxy localRank 2 -> connection 0x152f28000c80
x3004c0s31b0n0:5858:10078 [2] NCCL INFO transport/p2p.cc:430 Cuda Alloc Size 6291456 pointer 0x152f8c000000
x3004c0s31b0n0:5854:9948 [1] NCCL INFO Channel 00/0 : 15[c7000] -> 17[46000] [receive] via NET/IB/1
x3004c0s31b0n0:5854:9948 [1] NCCL INFO GPU Direct RDMA Disabled for GPU 46000 / HCA 0 (distance 7 > 4)
x3004c0s31b0n0:5854:10079 [1] NCCL INFO New proxy recv connection 1 from local rank 1, transport 2
x3004c0s31b0n0:5852:10071 [0] NCCL INFO transport/p2p.cc:430 Cuda Alloc Size 6291456 pointer 0x14eecf800000
x3004c0s31b0n0:5860:9946 [3] NCCL INFO Connection to proxy localRank 3 -> connection 0x1543b4000c80
x3004c0s31b0n0:5860:10080 [3] NCCL INFO transport/p2p.cc:449 Cuda Alloc Size 6291456 pointer 0x1543dd800000
x3004c0s31b0n0:5852:9947 [0] NCCL INFO Channel 02/0 : 16[7000] -> 18[85000] via P2P/IPC/read
x3004c0s31b0n0:5852:10071 [0] NCCL INFO New proxy send connection 2 from local rank 0, transport 0
x3004c0s31b0n0:5858:9949 [2] NCCL INFO Channel 01/0 : 18[85000] -> 19[c7000] via P2P/IPC/read
x3004c0s31b0n0:5858:10078 [2] NCCL INFO New proxy send connection 1 from local rank 2, transport 0
x3004c0s31b0n0:5854:9948 [1] NCCL INFO Connection to proxy localRank 1 -> connection 0x152e40000cc0
x3004c0s31b0n0:5852:9947 [0] NCCL INFO Connection to proxy localRank 0 -> connection 0x14ee50000d00
x3004c0s31b0n0:5852:10071 [0] NCCL INFO transport/p2p.cc:430 Cuda Alloc Size 6291456 pointer 0x14eecfe00000
x3004c0s31b0n0:5858:9949 [2] NCCL INFO Connection to proxy localRank 2 -> connection 0x152f28000cc0
x3004c0s31b0n0:5858:10078 [2] NCCL INFO transport/p2p.cc:430 Cuda Alloc Size 6291456 pointer 0x152f8c600000
x3004c0s31b0n0:5860:10080 [3] NCCL INFO New proxy recv connection 1 from local rank 3, transport 0
x3004c0s31b0n0:5854:9948 [1] NCCL INFO Channel 01/0 : 15[c7000] -> 17[46000] [receive] via NET/IB/0
x3004c0s31b0n0:5854:9948 [1] NCCL INFO GPU Direct RDMA Disabled for GPU 46000 / HCA 1 (distance 6 > 4)
x3004c0s31b0n0:5854:10079 [1] NCCL INFO New proxy recv connection 2 from local rank 1, transport 2
x3004c0s31b0n0:5852:9947 [0] NCCL INFO Channel 03/0 : 16[7000] -> 18[85000] via P2P/IPC/read
x3004c0s31b0n0:5852:10071 [0] NCCL INFO New proxy send connection 3 from local rank 0, transport 0
x3004c0s31b0n0:5852:9947 [0] NCCL INFO Connection to proxy localRank 0 -> connection 0x14ee50000d40
x3004c0s31b0n0:5858:9949 [2] NCCL INFO Channel 02/0 : 18[85000] -> 19[c7000] via P2P/IPC/read
x3004c0s31b0n0:5858:10078 [2] NCCL INFO New proxy send connection 2 from local rank 2, transport 0
x3004c0s31b0n0:5852:10071 [0] NCCL INFO transport/p2p.cc:430 Cuda Alloc Size 6291456 pointer 0x14eed0400000
x3004c0s31b0n0:5860:9946 [3] NCCL INFO Connection to proxy localRank 3 -> connection 0x1543b4000cc0
x3004c0s31b0n0:5860:10080 [3] NCCL INFO transport/p2p.cc:449 Cuda Alloc Size 6291456 pointer 0x1543f3a00000
x3004c0s31b0n0:5854:9948 [1] NCCL INFO Connection to proxy localRank 1 -> connection 0x152e40000d00
x3004c0s31b0n0:5858:9949 [2] NCCL INFO Connection to proxy localRank 2 -> connection 0x152f28000d00
x3004c0s31b0n0:5858:10078 [2] NCCL INFO transport/p2p.cc:430 Cuda Alloc Size 6291456 pointer 0x152f8cc00000
x3004c0s31b0n0:5860:10080 [3] NCCL INFO New proxy recv connection 2 from local rank 3, transport 0
x3004c0s31b0n0:5858:9949 [2] NCCL INFO Channel 03/0 : 18[85000] -> 19[c7000] via P2P/IPC/read
x3004c0s31b0n0:5858:10078 [2] NCCL INFO New proxy send connection 3 from local rank 2, transport 0
x3004c0s31b0n0:5854:9948 [1] NCCL INFO Channel 02/0 : 15[c7000] -> 17[46000] [receive] via NET/IB/1
x3004c0s31b0n0:5854:9948 [1] NCCL INFO GPU Direct RDMA Disabled for GPU 46000 / HCA 0 (distance 7 > 4)
x3004c0s31b0n0:5854:10079 [1] NCCL INFO New proxy recv connection 3 from local rank 1, transport 2
x3004c0s31b0n0:5860:9946 [3] NCCL INFO Connection to proxy localRank 3 -> connection 0x1543b4000d00
x3004c0s31b0n0:5860:10080 [3] NCCL INFO transport/p2p.cc:449 Cuda Alloc Size 6291456 pointer 0x154451400000
x3004c0s31b0n0:5858:9949 [2] NCCL INFO Connection to proxy localRank 2 -> connection 0x152f28000d40
x3004c0s31b0n0:5858:10078 [2] NCCL INFO transport/p2p.cc:430 Cuda Alloc Size 6291456 pointer 0x152f8d200000
x3004c0s31b0n0:5860:10080 [3] NCCL INFO New proxy recv connection 3 from local rank 3, transport 0
x3004c0s31b0n0:5854:9948 [1] NCCL INFO Connection to proxy localRank 1 -> connection 0x152e40000d40
x3004c0s31b0n0:5860:9946 [3] NCCL INFO Connection to proxy localRank 3 -> connection 0x1543b4000d40
x3004c0s31b0n0:5860:10080 [3] NCCL INFO transport/p2p.cc:449 Cuda Alloc Size 6291456 pointer 0x15447c400000
x3004c0s31b0n0:5860:9946 [3] NCCL INFO GPU Direct RDMA Disabled for GPU c7000 / HCA 1 (distance 7 > 4)
x3004c0s31b0n0:5860:10080 [3] NCCL INFO Allocated 4194656 bytes of shared memory in /dev/shm/nccl-qawZWg

x3004c0s31b0n0:5860:10080 [3] NCCL INFO New proxy send connection 4 from local rank 3, transport 2
x3004c0s31b0n0:5854:9948 [1] NCCL INFO Channel 03/0 : 15[c7000] -> 17[46000] [receive] via NET/IB/0
x3004c0s31b0n0:5854:10079 [1] NCCL INFO transport/net_ib.cc:683 Ib Alloc Size 21688 pointer 0x152e4001d000
x3004c0s31b0n0:5854:10079 [1] NCCL INFO transport/net_ib.cc:696 Ib Alloc Size 552 pointer 0x152e40024000
x3004c0s31b0n0:5858:10078 [2] NCCL INFO New proxy recv connection 4 from local rank 2, transport 0
x3004c0s31b0n0:5860:9946 [3] NCCL INFO Connection to proxy localRank 3 -> connection 0x1543b4000d80
x3004c0s31b0n0:5860:9946 [3] NCCL INFO Channel 00/0 : 19[c7000] -> 1[46000] [send] via NET/IB/1
x3004c0s31b0n0:5860:9946 [3] NCCL INFO GPU Direct RDMA Disabled for GPU c7000 / HCA 0 (distance 6 > 4)
x3004c0s31b0n0:5854:10079 [1] NCCL INFO transport/net_ib.cc:771 Ib Alloc Size 552 pointer 0x152e40041000
x3004c0s31b0n0:5854:10079 [1] NCCL INFO transport/net.cc:698 Cuda Host Alloc Size 9641984 pointer 0x152ebaa00000
x3004c0s31b0n0:5860:10080 [3] NCCL INFO New proxy send connection 5 from local rank 3, transport 2
x3004c0s31b0n0:5860:9946 [3] NCCL INFO Connection to proxy localRank 3 -> connection 0x1543b4000dc0
x3004c0s31b0n0:5860:9946 [3] NCCL INFO Channel 01/0 : 19[c7000] -> 1[46000] [send] via NET/IB/0
x3004c0s31b0n0:5860:9946 [3] NCCL INFO GPU Direct RDMA Disabled for GPU c7000 / HCA 1 (distance 7 > 4)
x3004c0s31b0n0:5860:10080 [3] NCCL INFO New proxy send connection 6 from local rank 3, transport 2
x3004c0s31b0n0:5860:9946 [3] NCCL INFO Connection to proxy localRank 3 -> connection 0x1543b4000e00
x3004c0s31b0n0:5860:9946 [3] NCCL INFO Channel 02/0 : 19[c7000] -> 1[46000] [send] via NET/IB/1
x3004c0s31b0n0:5860:9946 [3] NCCL INFO GPU Direct RDMA Disabled for GPU c7000 / HCA 0 (distance 6 > 4)
x3004c0s31b0n0:5858:9949 [2] NCCL INFO Connection to proxy localRank 2 -> connection 0x152f28000d80
x3004c0s31b0n0:5858:10078 [2] NCCL INFO transport/p2p.cc:449 Cuda Alloc Size 6291456 pointer 0x152fbf400000
x3004c0s31b0n0:5854:10079 [1] NCCL INFO transport/net_ib.cc:683 Ib Alloc Size 21688 pointer 0x152e40043000
x3004c0s31b0n0:5854:10079 [1] NCCL INFO transport/net_ib.cc:696 Ib Alloc Size 552 pointer 0x152e4004a000
x3004c0s31b0n0:5854:10079 [1] NCCL INFO transport/net_ib.cc:771 Ib Alloc Size 552 pointer 0x152e40065000
x3004c0s31b0n0:5854:10079 [1] NCCL INFO transport/net.cc:698 Cuda Host Alloc Size 9641984 pointer 0x152ebb400000
x3004c0s31b0n0:5860:10080 [3] NCCL INFO New proxy send connection 7 from local rank 3, transport 2
x3004c0s31b0n0:5858:10078 [2] NCCL INFO New proxy recv connection 5 from local rank 2, transport 0
x3004c0s31b0n0:5858:9949 [2] NCCL INFO Connection to proxy localRank 2 -> connection 0x152f28000dc0
x3004c0s31b0n0:5854:10079 [1] NCCL INFO transport/net_ib.cc:683 Ib Alloc Size 21688 pointer 0x152e40067000
x3004c0s31b0n0:5858:10078 [2] NCCL INFO transport/p2p.cc:449 Cuda Alloc Size 6291456 pointer 0x152fbfa00000
x3004c0s31b0n0:5860:9946 [3] NCCL INFO Connection to proxy localRank 3 -> connection 0x1543b4000e40
x3004c0s31b0n0:5860:9946 [3] NCCL INFO Channel 03/0 : 19[c7000] -> 1[46000] [send] via NET/IB/0
x3004c0s31b0n0:5860:10080 [3] NCCL INFO transport/net_ib.cc:596 Ib Alloc Size 26560 pointer 0x1543b401f000
x3004c0s31b0n0:5860:10080 [3] NCCL INFO NET/IB: Dev 1 Port 1 qpn 21734 mtu 5 GID 0 (80FE/DB0100FEFF000000)
x3004c0s31b0n0:5860:10080 [3] NCCL INFO transport/net_ib.cc:653 Ib Alloc Size 552 pointer 0x1543b4037000
x3004c0s31b0n0:5860:10080 [3] NCCL INFO transport/net.cc:571 Cuda Host Alloc Size 9641984 pointer 0x15447e200000
x3004c0s31b0n0:5854:10079 [1] NCCL INFO transport/net_ib.cc:696 Ib Alloc Size 552 pointer 0x152e4006e000
x3004c0s31b0n0:5858:10078 [2] NCCL INFO New proxy recv connection 6 from local rank 2, transport 0
x3004c0s31b0n0:5858:9949 [2] NCCL INFO Connection to proxy localRank 2 -> connection 0x152f28000e00
x3004c0s31b0n0:5858:10078 [2] NCCL INFO transport/p2p.cc:449 Cuda Alloc Size 6291456 pointer 0x152ff3800000
x3004c0s31b0n0:5860:10080 [3] NCCL INFO transport/net_ib.cc:596 Ib Alloc Size 26560 pointer 0x1543b4039000
x3004c0s31b0n0:5860:10080 [3] NCCL INFO NET/IB: Dev 0 Port 1 qpn 24120 mtu 5 GID 0 (80FE/9E0100FEFF000000)
x3004c0s31b0n0:5860:10080 [3] NCCL INFO transport/net_ib.cc:653 Ib Alloc Size 552 pointer 0x1543b4050000
x3004c0s31b0n0:5854:10079 [1] NCCL INFO transport/net_ib.cc:771 Ib Alloc Size 552 pointer 0x152e40089000
x3004c0s31b0n0:5860:10080 [3] NCCL INFO transport/net.cc:571 Cuda Host Alloc Size 9641984 pointer 0x154483400000
x3004c0s31b0n0:5854:10079 [1] NCCL INFO transport/net.cc:698 Cuda Host Alloc Size 9641984 pointer 0x152ebbe00000
x3004c0s31b0n0:5854:10079 [1] NCCL INFO transport/net_ib.cc:683 Ib Alloc Size 21688 pointer 0x152e4008b000
x3004c0s31b0n0:5854:10079 [1] NCCL INFO transport/net_ib.cc:696 Ib Alloc Size 552 pointer 0x152e40092000
x3004c0s31b0n0:5854:10079 [1] NCCL INFO transport/net_ib.cc:771 Ib Alloc Size 552 pointer 0x152e400ad000
x3004c0s31b0n0:5854:10079 [1] NCCL INFO transport/net.cc:698 Cuda Host Alloc Size 9641984 pointer 0x152ebc800000
x3004c0s31b0n0:5860:10080 [3] NCCL INFO transport/net_ib.cc:596 Ib Alloc Size 26560 pointer 0x1543b4052000
x3004c0s31b0n0:5860:10080 [3] NCCL INFO NET/IB: Dev 1 Port 1 qpn 21737 mtu 5 GID 0 (80FE/DB0100FEFF000000)
x3004c0s31b0n0:5860:10080 [3] NCCL INFO transport/net_ib.cc:653 Ib Alloc Size 552 pointer 0x1543b4069000
x3004c0s31b0n0:5858:10078 [2] NCCL INFO New proxy recv connection 7 from local rank 2, transport 0
x3004c0s31b0n0:5860:10080 [3] NCCL INFO transport/net.cc:571 Cuda Host Alloc Size 9641984 pointer 0x1543b2000000
x3004c0s31b0n0:5854:9948 [1] NCCL INFO Channel 00/0 : 17[46000] -> 16[7000] via P2P/IPC/read
x3004c0s31b0n0:5854:10079 [1] NCCL INFO New proxy send connection 4 from local rank 1, transport 0
x3004c0s31b0n0:5858:9949 [2] NCCL INFO Connection to proxy localRank 2 -> connection 0x152f28000e40
x3004c0s31b0n0:5858:10078 [2] NCCL INFO transport/p2p.cc:449 Cuda Alloc Size 6291456 pointer 0x152f2e000000
x3004c0s31b0n0:5858:9949 [2] NCCL INFO Connected all rings
x3004c0s31b0n0:5858:10078 [2] NCCL INFO New proxy recv connection 8 from local rank 2, transport 0
x3004c0s31b0n0:5852:10071 [0] NCCL INFO New proxy recv connection 4 from local rank 0, transport 0
x3004c0s31b0n0:5860:10080 [3] NCCL INFO transport/net_ib.cc:596 Ib Alloc Size 26560 pointer 0x1543b406b000
x3004c0s31b0n0:5860:10080 [3] NCCL INFO NET/IB: Dev 0 Port 1 qpn 24123 mtu 5 GID 0 (80FE/9E0100FEFF000000)
x3004c0s31b0n0:5860:10080 [3] NCCL INFO transport/net_ib.cc:653 Ib Alloc Size 552 pointer 0x1543b4082000
x3004c0s31b0n0:5860:10080 [3] NCCL INFO transport/net.cc:571 Cuda Host Alloc Size 9641984 pointer 0x1543b2a00000
x3004c0s31b0n0:5854:9948 [1] NCCL INFO Connection to proxy localRank 1 -> connection 0x152e40000d80
x3004c0s31b0n0:5854:10079 [1] NCCL INFO transport/p2p.cc:430 Cuda Alloc Size 6291456 pointer 0x152ebd200000
x3004c0s31b0n0:5852:9947 [0] NCCL INFO Connection to proxy localRank 0 -> connection 0x14ee50000d80
x3004c0s31b0n0:5852:10071 [0] NCCL INFO transport/p2p.cc:449 Cuda Alloc Size 6291456 pointer 0x14ee56c00000
x3004c0s31b0n0:5860:9946 [3] NCCL INFO Connected all rings
x3004c0s31b0n0:5860:9946 [3] NCCL INFO Channel 00/0 : 19[c7000] -> 18[85000] via P2P/IPC/read
x3004c0s31b0n0:5860:10080 [3] NCCL INFO New proxy send connection 8 from local rank 3, transport 0
x3004c0s31b0n0:5858:9949 [2] NCCL INFO Connection to proxy localRank 2 -> connection 0x152f28000e80
x3004c0s31b0n0:5858:10078 [2] NCCL INFO transport/p2p.cc:449 Cuda Alloc Size 6291456 pointer 0x152f26000000
x3004c0s31b0n0:5858:10078 [2] NCCL INFO New proxy recv connection 9 from local rank 2, transport 0
x3004c0s31b0n0:5858:9949 [2] NCCL INFO Connection to proxy localRank 2 -> connection 0x152f28000ec0
x3004c0s31b0n0:5854:9948 [1] NCCL INFO Channel 01/0 : 17[46000] -> 16[7000] via P2P/IPC/read
x3004c0s31b0n0:5854:10079 [1] NCCL INFO New proxy send connection 5 from local rank 1, transport 0
x3004c0s31b0n0:5852:10071 [0] NCCL INFO New proxy recv connection 5 from local rank 0, transport 0
x3004c0s31b0n0:5858:10078 [2] NCCL INFO transport/p2p.cc:449 Cuda Alloc Size 6291456 pointer 0x152f26600000
x3004c0s31b0n0:5854:9948 [1] NCCL INFO Connection to proxy localRank 1 -> connection 0x152e40000dc0
x3004c0s31b0n0:5854:10079 [1] NCCL INFO transport/p2p.cc:430 Cuda Alloc Size 6291456 pointer 0x152e3a000000
x3004c0s31b0n0:5860:9946 [3] NCCL INFO Connection to proxy localRank 3 -> connection 0x1543b4000e80
x3004c0s31b0n0:5860:10080 [3] NCCL INFO transport/p2p.cc:430 Cuda Alloc Size 6291456 pointer 0x1543b3400000
x3004c0s31b0n0:5858:10078 [2] NCCL INFO New proxy recv connection 10 from local rank 2, transport 0
x3004c0s31b0n0:5852:9947 [0] NCCL INFO Connection to proxy localRank 0 -> connection 0x14ee50000dc0
x3004c0s31b0n0:5852:10071 [0] NCCL INFO transport/p2p.cc:449 Cuda Alloc Size 6291456 pointer 0x14ee57200000
x3004c0s31b0n0:5854:9948 [1] NCCL INFO Channel 02/0 : 17[46000] -> 16[7000] via P2P/IPC/read
x3004c0s31b0n0:5854:10079 [1] NCCL INFO New proxy send connection 6 from local rank 1, transport 0
x3004c0s31b0n0:5860:9946 [3] NCCL INFO Channel 01/0 : 19[c7000] -> 18[85000] via P2P/IPC/read
x3004c0s31b0n0:5860:10080 [3] NCCL INFO New proxy send connection 9 from local rank 3, transport 0
x3004c0s31b0n0:5858:9949 [2] NCCL INFO Connection to proxy localRank 2 -> connection 0x152f28000f00
x3004c0s31b0n0:5858:10078 [2] NCCL INFO transport/p2p.cc:449 Cuda Alloc Size 6291456 pointer 0x152f26c00000
x3004c0s31b0n0:5858:10078 [2] NCCL INFO New proxy recv connection 11 from local rank 2, transport 0
x3004c0s31b0n0:5852:10071 [0] NCCL INFO New proxy recv connection 6 from local rank 0, transport 0
x3004c0s31b0n0:5858:9949 [2] NCCL INFO Connection to proxy localRank 2 -> connection 0x152f28000f40
x3004c0s31b0n0:5858:10078 [2] NCCL INFO transport/p2p.cc:449 Cuda Alloc Size 6291456 pointer 0x152f27200000
x3004c0s31b0n0:5854:9948 [1] NCCL INFO Connection to proxy localRank 1 -> connection 0x152e40000e00
x3004c0s31b0n0:5854:10079 [1] NCCL INFO transport/p2p.cc:430 Cuda Alloc Size 6291456 pointer 0x152e3a600000
x3004c0s31b0n0:5860:9946 [3] NCCL INFO Connection to proxy localRank 3 -> connection 0x1543b4000ec0
x3004c0s31b0n0:5860:10080 [3] NCCL INFO transport/p2p.cc:430 Cuda Alloc Size 6291456 pointer 0x1543b3a00000
x3004c0s31b0n0:5852:9947 [0] NCCL INFO Connection to proxy localRank 0 -> connection 0x14ee50000e00
x3004c0s31b0n0:5852:10071 [0] NCCL INFO transport/p2p.cc:449 Cuda Alloc Size 6291456 pointer 0x14ee57800000
x3004c0s31b0n0:5854:9948 [1] NCCL INFO Channel 03/0 : 17[46000] -> 16[7000] via P2P/IPC/read
x3004c0s31b0n0:5852:10071 [0] NCCL INFO New proxy recv connection 7 from local rank 0, transport 0
x3004c0s31b0n0:5860:9946 [3] NCCL INFO Channel 02/0 : 19[c7000] -> 18[85000] via P2P/IPC/read
x3004c0s31b0n0:5860:10080 [3] NCCL INFO New proxy send connection 10 from local rank 3, transport 0
x3004c0s31b0n0:5854:10079 [1] NCCL INFO New proxy send connection 7 from local rank 1, transport 0
x3004c0s31b0n0:5854:9948 [1] NCCL INFO Connection to proxy localRank 1 -> connection 0x152e40000e40
x3004c0s31b0n0:5854:10079 [1] NCCL INFO transport/p2p.cc:430 Cuda Alloc Size 6291456 pointer 0x152e3ac00000
x3004c0s31b0n0:5852:9947 [0] NCCL INFO Connection to proxy localRank 0 -> connection 0x14ee50000e40
x3004c0s31b0n0:5852:10071 [0] NCCL INFO transport/p2p.cc:449 Cuda Alloc Size 6291456 pointer 0x14ee4e000000
x3004c0s31b0n0:5860:9946 [3] NCCL INFO Connection to proxy localRank 3 -> connection 0x1543b4000f00
x3004c0s31b0n0:5860:10080 [3] NCCL INFO transport/p2p.cc:430 Cuda Alloc Size 6291456 pointer 0x15447ec00000
x3004c0s31b0n0:5852:9947 [0] NCCL INFO Connected all rings
x3004c0s31b0n0:5852:9947 [0] NCCL INFO Channel 00/0 : 16[7000] -> 17[46000] via P2P/IPC/read
x3004c0s31b0n0:5852:10071 [0] NCCL INFO New proxy send connection 8 from local rank 0, transport 0
x3004c0s31b0n0:5854:9948 [1] NCCL INFO Connected all rings
x3004c0s31b0n0:5854:10079 [1] NCCL INFO New proxy recv connection 8 from local rank 1, transport 0
x3004c0s31b0n0:5860:9946 [3] NCCL INFO Channel 03/0 : 19[c7000] -> 18[85000] via P2P/IPC/read
x3004c0s31b0n0:5860:10080 [3] NCCL INFO New proxy send connection 11 from local rank 3, transport 0
x3004c0s31b0n0:5852:9947 [0] NCCL INFO Connection to proxy localRank 0 -> connection 0x14ee50000e80
x3004c0s31b0n0:5852:10071 [0] NCCL INFO transport/p2p.cc:430 Cuda Alloc Size 6291456 pointer 0x14ee4c000000
x3004c0s31b0n0:5854:9948 [1] NCCL INFO Connection to proxy localRank 1 -> connection 0x152e40000e80
x3004c0s31b0n0:5854:10079 [1] NCCL INFO transport/p2p.cc:449 Cuda Alloc Size 6291456 pointer 0x152e32c00000
x3004c0s31b0n0:5854:10079 [1] NCCL INFO New proxy recv connection 9 from local rank 1, transport 0
x3004c0s31b0n0:5860:9946 [3] NCCL INFO Connection to proxy localRank 3 -> connection 0x1543b4000f40
x3004c0s31b0n0:5860:10080 [3] NCCL INFO transport/p2p.cc:430 Cuda Alloc Size 6291456 pointer 0x15448b800000
x3004c0s31b0n0:5852:9947 [0] NCCL INFO Channel 01/0 : 16[7000] -> 17[46000] via P2P/IPC/read
x3004c0s31b0n0:5852:10071 [0] NCCL INFO New proxy send connection 9 from local rank 0, transport 0
x3004c0s31b0n0:5854:9948 [1] NCCL INFO Connection to proxy localRank 1 -> connection 0x152e40000ec0
x3004c0s31b0n0:5854:10079 [1] NCCL INFO transport/p2p.cc:449 Cuda Alloc Size 6291456 pointer 0x152e33200000
x3004c0s31b0n0:5852:9947 [0] NCCL INFO Connection to proxy localRank 0 -> connection 0x14ee50000ec0
x3004c0s31b0n0:5852:10071 [0] NCCL INFO transport/p2p.cc:430 Cuda Alloc Size 6291456 pointer 0x14ee4c600000
x3004c0s31b0n0:5854:10079 [1] NCCL INFO New proxy recv connection 10 from local rank 1, transport 0
x3004c0s31b0n0:5852:9947 [0] NCCL INFO Channel 02/0 : 16[7000] -> 17[46000] via P2P/IPC/read
x3004c0s31b0n0:5852:10071 [0] NCCL INFO New proxy send connection 10 from local rank 0, transport 0
x3004c0s31b0n0:5852:9947 [0] NCCL INFO Connection to proxy localRank 0 -> connection 0x14ee50000f00
x3004c0s31b0n0:5854:9948 [1] NCCL INFO Connection to proxy localRank 1 -> connection 0x152e40000f00
x3004c0s31b0n0:5854:10079 [1] NCCL INFO transport/p2p.cc:449 Cuda Alloc Size 6291456 pointer 0x152e33800000
x3004c0s31b0n0:5854:10079 [1] NCCL INFO New proxy recv connection 11 from local rank 1, transport 0
x3004c0s31b0n0:5854:9948 [1] NCCL INFO Connection to proxy localRank 1 -> connection 0x152e40000f40
x3004c0s31b0n0:5854:10079 [1] NCCL INFO transport/p2p.cc:449 Cuda Alloc Size 6291456 pointer 0x152e30000000
x3004c0s31b0n0:5854:9948 [1] NCCL INFO Channel 00/0 : 17[46000] -> 18[85000] via P2P/IPC/read
x3004c0s31b0n0:5854:10079 [1] NCCL INFO New proxy send connection 12 from local rank 1, transport 0
x3004c0s31b0n0:5852:10071 [0] NCCL INFO transport/p2p.cc:430 Cuda Alloc Size 6291456 pointer 0x14ee4cc00000
x3004c0s31b0n0:5852:9947 [0] NCCL INFO Channel 03/0 : 16[7000] -> 17[46000] via P2P/IPC/read
x3004c0s31b0n0:5852:10071 [0] NCCL INFO New proxy send connection 11 from local rank 0, transport 0
x3004c0s31b0n0:5852:9947 [0] NCCL INFO Connection to proxy localRank 0 -> connection 0x14ee50000f40
x3004c0s31b0n0:5854:9948 [1] NCCL INFO Connection to proxy localRank 1 -> connection 0x152e40000f80
x3004c0s31b0n0:5854:10079 [1] NCCL INFO transport/p2p.cc:430 Cuda Alloc Size 6291456 pointer 0x152e30600000
x3004c0s31b0n0:5854:9948 [1] NCCL INFO Channel 01/0 : 17[46000] -> 18[85000] via P2P/IPC/read
x3004c0s31b0n0:5854:10079 [1] NCCL INFO New proxy send connection 13 from local rank 1, transport 0
x3004c0s31b0n0:5852:10071 [0] NCCL INFO transport/p2p.cc:430 Cuda Alloc Size 6291456 pointer 0x14ee4d200000
x3004c0s31b0n0:5854:9948 [1] NCCL INFO Connection to proxy localRank 1 -> connection 0x152e40000fc0
x3004c0s31b0n0:5854:10079 [1] NCCL INFO transport/p2p.cc:430 Cuda Alloc Size 6291456 pointer 0x152e30c00000
x3004c0s31b0n0:5854:9948 [1] NCCL INFO Channel 02/0 : 17[46000] -> 18[85000] via P2P/IPC/read
x3004c0s31b0n0:5854:10079 [1] NCCL INFO New proxy send connection 14 from local rank 1, transport 0
x3004c0s31b0n0:5854:9948 [1] NCCL INFO Connection to proxy localRank 1 -> connection 0x152e40001000
x3004c0s31b0n0:5854:10079 [1] NCCL INFO transport/p2p.cc:430 Cuda Alloc Size 6291456 pointer 0x152e31200000
x3004c0s31b0n0:5854:9948 [1] NCCL INFO Channel 03/0 : 17[46000] -> 18[85000] via P2P/IPC/read
x3004c0s31b0n0:5854:10079 [1] NCCL INFO New proxy send connection 15 from local rank 1, transport 0
x3004c0s31b0n0:5854:9948 [1] NCCL INFO Connection to proxy localRank 1 -> connection 0x152e40001040
x3004c0s31b0n0:5854:10079 [1] NCCL INFO transport/p2p.cc:430 Cuda Alloc Size 6291456 pointer 0x152e31800000
x3004c0s31b0n0:5854:9948 [1] NCCL INFO GPU Direct RDMA Disabled for GPU 46000 / HCA 1 (distance 6 > 4)
x3004c0s31b0n0:5852:9947 [0] NCCL INFO GPU Direct RDMA Disabled for GPU 7000 / HCA 1 (distance 7 > 4)
x3004c0s31b0n0:5852:10071 [0] NCCL INFO Allocated 4194656 bytes of shared memory in /dev/shm/nccl-i0szpI

x3004c0s31b0n0:5852:10071 [0] NCCL INFO New proxy recv connection 12 from local rank 0, transport 2
x3004c0s31b0n0:5858:10078 [2] NCCL INFO New proxy recv connection 12 from local rank 2, transport 0
x3004c0s31b0n0:5852:9947 [0] NCCL INFO Connection to proxy localRank 0 -> connection 0x14ee50000f80
x3004c0s31b0n0:5854:10079 [1] NCCL INFO New proxy recv connection 16 from local rank 1, transport 2
x3004c0s31b0n0:5858:9949 [2] NCCL INFO Connection to proxy localRank 2 -> connection 0x152f28000f80
x3004c0s31b0n0:5858:10078 [2] NCCL INFO transport/p2p.cc:449 Cuda Alloc Size 6291456 pointer 0x152f25200000
x3004c0s31b0n0:5852:9947 [0] NCCL INFO Channel 02/0 : 12[7000] -> 16[7000] [receive] via NET/IB/1
x3004c0s31b0n0:5852:9947 [0] NCCL INFO GPU Direct RDMA Disabled for GPU 7000 / HCA 0 (distance 7 > 4)
x3004c0s31b0n0:5852:10071 [0] NCCL INFO New proxy recv connection 13 from local rank 0, transport 2
x3004c0s31b0n0:5858:10078 [2] NCCL INFO New proxy recv connection 13 from local rank 2, transport 0
x3004c0s31b0n0:5854:9948 [1] NCCL INFO Connection to proxy localRank 1 -> connection 0x152e40001080
x3004c0s31b0n0:5854:9948 [1] NCCL INFO Channel 00/0 : 8[7000] -> 17[46000] [receive] via NET/IB/1
x3004c0s31b0n0:5854:9948 [1] NCCL INFO GPU Direct RDMA Disabled for GPU 46000 / HCA 0 (distance 7 > 4)
x3004c0s31b0n0:5854:10079 [1] NCCL INFO New proxy recv connection 17 from local rank 1, transport 2
x3004c0s31b0n0:5852:9947 [0] NCCL INFO Connection to proxy localRank 0 -> connection 0x14ee50000fc0
x3004c0s31b0n0:5852:9947 [0] NCCL INFO Channel 03/0 : 12[7000] -> 16[7000] [receive] via NET/IB/0
x3004c0s31b0n0:5852:9947 [0] NCCL INFO GPU Direct RDMA Disabled for GPU 7000 / HCA 1 (distance 7 > 4)
x3004c0s31b0n0:5854:9948 [1] NCCL INFO Connection to proxy localRank 1 -> connection 0x152e400010c0
x3004c0s31b0n0:5854:9948 [1] NCCL INFO Channel 01/0 : 8[7000] -> 17[46000] [receive] via NET/IB/0
x3004c0s31b0n0:5858:9949 [2] NCCL INFO Connection to proxy localRank 2 -> connection 0x152f28000fc0
x3004c0s31b0n0:5858:10078 [2] NCCL INFO transport/p2p.cc:449 Cuda Alloc Size 6291456 pointer 0x152f25800000
x3004c0s31b0n0:5852:10071 [0] NCCL INFO New proxy send connection 14 from local rank 0, transport 2
x3004c0s31b0n0:5858:10078 [2] NCCL INFO New proxy recv connection 14 from local rank 2, transport 0
x3004c0s31b0n0:5858:9949 [2] NCCL INFO Connection to proxy localRank 2 -> connection 0x152f28001000
x3004c0s31b0n0:5858:10078 [2] NCCL INFO transport/p2p.cc:449 Cuda Alloc Size 6291456 pointer 0x152f22000000
x3004c0s31b0n0:5852:9947 [0] NCCL INFO Connection to proxy localRank 0 -> connection 0x14ee50001000
x3004c0s31b0n0:5852:9947 [0] NCCL INFO Channel 00/0 : 16[7000] -> 0[7000] [send] via NET/IB/1
x3004c0s31b0n0:5852:9947 [0] NCCL INFO GPU Direct RDMA Disabled for GPU 7000 / HCA 0 (distance 7 > 4)
x3004c0s31b0n0:5852:10071 [0] NCCL INFO New proxy send connection 15 from local rank 0, transport 2
x3004c0s31b0n0:5852:9947 [0] NCCL INFO Connection to proxy localRank 0 -> connection 0x14ee50001040
x3004c0s31b0n0:5852:9947 [0] NCCL INFO Channel 01/0 : 16[7000] -> 0[7000] [send] via NET/IB/0
x3004c0s31b0n0:5858:10078 [2] NCCL INFO New proxy recv connection 15 from local rank 2, transport 0
x3004c0s31b0n0:5858:9949 [2] NCCL INFO Connection to proxy localRank 2 -> connection 0x152f28001040
x3004c0s31b0n0:5858:10078 [2] NCCL INFO transport/p2p.cc:449 Cuda Alloc Size 6291456 pointer 0x152f22600000
x3004c0s31b0n0:5858:9949 [2] NCCL INFO Channel 00/0 : 18[85000] -> 17[46000] via P2P/IPC/read
x3004c0s31b0n0:5858:10078 [2] NCCL INFO New proxy send connection 16 from local rank 2, transport 0
x3004c0s31b0n0:5858:9949 [2] NCCL INFO Connection to proxy localRank 2 -> connection 0x152f28001080
x3004c0s31b0n0:5858:10078 [2] NCCL INFO transport/p2p.cc:430 Cuda Alloc Size 6291456 pointer 0x152f22c00000
x3004c0s31b0n0:5858:9949 [2] NCCL INFO Channel 01/0 : 18[85000] -> 17[46000] via P2P/IPC/read
x3004c0s31b0n0:5858:10078 [2] NCCL INFO New proxy send connection 17 from local rank 2, transport 0
x3004c0s31b0n0:5858:9949 [2] NCCL INFO Connection to proxy localRank 2 -> connection 0x152f280010c0
x3004c0s31b0n0:5852:10071 [0] NCCL INFO transport/net_ib.cc:596 Ib Alloc Size 26560 pointer 0x14ee50026000
x3004c0s31b0n0:5852:10071 [0] NCCL INFO NET/IB: Dev 1 Port 1 qpn 21738 mtu 5 GID 0 (80FE/DB0100FEFF000000)
x3004c0s31b0n0:5852:10071 [0] NCCL INFO transport/net_ib.cc:653 Ib Alloc Size 552 pointer 0x14ee5003e000
x3004c0s31b0n0:5852:10071 [0] NCCL INFO transport/net.cc:571 Cuda Host Alloc Size 9641984 pointer 0x14ee4b200000
x3004c0s31b0n0:5858:10078 [2] NCCL INFO transport/p2p.cc:430 Cuda Alloc Size 6291456 pointer 0x152f23200000
x3004c0s31b0n0:5852:10071 [0] NCCL INFO transport/net_ib.cc:596 Ib Alloc Size 26560 pointer 0x14ee50040000
x3004c0s31b0n0:5852:10071 [0] NCCL INFO NET/IB: Dev 0 Port 1 qpn 24124 mtu 5 GID 0 (80FE/9E0100FEFF000000)
x3004c0s31b0n0:5852:10071 [0] NCCL INFO transport/net_ib.cc:653 Ib Alloc Size 552 pointer 0x14ee50057000
x3004c0s31b0n0:5852:10071 [0] NCCL INFO transport/net.cc:571 Cuda Host Alloc Size 9641984 pointer 0x14ee42000000
x3004c0s31b0n0:5858:9949 [2] NCCL INFO Channel 02/0 : 18[85000] -> 17[46000] via P2P/IPC/read
x3004c0s31b0n0:5852:10071 [0] NCCL INFO transport/net_ib.cc:683 Ib Alloc Size 21688 pointer 0x14ee50059000
x3004c0s31b0n0:5852:10071 [0] NCCL INFO transport/net_ib.cc:696 Ib Alloc Size 552 pointer 0x14ee50060000
x3004c0s31b0n0:5858:10078 [2] NCCL INFO New proxy send connection 18 from local rank 2, transport 0
x3004c0s31b0n0:5852:10071 [0] NCCL INFO transport/net_ib.cc:771 Ib Alloc Size 552 pointer 0x14ee5007c000
x3004c0s31b0n0:5852:10071 [0] NCCL INFO transport/net.cc:698 Cuda Host Alloc Size 9641984 pointer 0x14ee42a00000
x3004c0s31b0n0:5858:9949 [2] NCCL INFO Connection to proxy localRank 2 -> connection 0x152f28001100
x3004c0s31b0n0:5852:10071 [0] NCCL INFO transport/net_ib.cc:683 Ib Alloc Size 21688 pointer 0x14ee5007e000
x3004c0s31b0n0:5852:10071 [0] NCCL INFO transport/net_ib.cc:696 Ib Alloc Size 552 pointer 0x14ee50085000
x3004c0s31b0n0:5858:10078 [2] NCCL INFO transport/p2p.cc:430 Cuda Alloc Size 6291456 pointer 0x152f23800000
x3004c0s31b0n0:5852:10071 [0] NCCL INFO transport/net_ib.cc:771 Ib Alloc Size 552 pointer 0x14ee500a0000
x3004c0s31b0n0:5852:10071 [0] NCCL INFO transport/net.cc:698 Cuda Host Alloc Size 9641984 pointer 0x14ee43400000
x3004c0s31b0n0:5858:9949 [2] NCCL INFO Channel 03/0 : 18[85000] -> 17[46000] via P2P/IPC/read
x3004c0s31b0n0:5858:10078 [2] NCCL INFO New proxy send connection 19 from local rank 2, transport 0
x3004c0s31b0n0:5852:9947 [0] NCCL INFO GPU Direct RDMA Disabled for GPU 7000 / HCA 1 (distance 7 > 4)
x3004c0s31b0n0:5852:10071 [0] NCCL INFO New proxy recv connection 16 from local rank 0, transport 2
x3004c0s31b0n0:5858:9949 [2] NCCL INFO Connection to proxy localRank 2 -> connection 0x152f28001140
x3004c0s31b0n0:5852:9947 [0] NCCL INFO Connection to proxy localRank 0 -> connection 0x14ee50001080
x3004c0s31b0n0:5858:10078 [2] NCCL INFO transport/p2p.cc:430 Cuda Alloc Size 6291456 pointer 0x152f20000000
x3004c0s31b0n0:5860:9946 [3] NCCL INFO Connected all trees by HAO
x3004c0s31b0n0:5860:9946 [3] NCCL INFO threadThresholds 8/8/64 | 160/8/64 | 512 | 512
x3004c0s31b0n0:5860:9946 [3] NCCL INFO 4 coll channels, 4 p2p channels, 2 p2p channels per peer
x3004c0s31b0n0:5860:10080 [3] NCCL INFO New proxy send connection 12 from local rank 3, transport 2
x3004c0s31b0n0:5852:9947 [0] NCCL INFO Channel 00/0 : 0[7000] -> 16[7000] [receive] via NET/IB/1
x3004c0s31b0n0:5852:9947 [0] NCCL INFO GPU Direct RDMA Disabled for GPU 7000 / HCA 0 (distance 7 > 4)
x3004c0s31b0n0:5852:10071 [0] NCCL INFO New proxy recv connection 17 from local rank 0, transport 2
x3004c0s31b0n0:5860:9946 [3] NCCL INFO Connection to proxy localRank 3 -> connection 0x1543b4000f80
x3004c0s31b0n0:5860:10080 [3] NCCL INFO transport/net.cc:376 Cuda Alloc Size 8388608 pointer 0x1543b1800000
x3004c0s31b0n0:5852:9947 [0] NCCL INFO Connection to proxy localRank 0 -> connection 0x14ee500010c0
x3004c0s31b0n0:5854:10079 [1] NCCL INFO transport/net_ib.cc:683 Ib Alloc Size 21688 pointer 0x152e400be000
x3004c0s31b0n0:5854:10079 [1] NCCL INFO transport/net_ib.cc:696 Ib Alloc Size 552 pointer 0x152e4001a000
x3004c0s31b0n0:5852:9947 [0] NCCL INFO Channel 01/0 : 0[7000] -> 16[7000] [receive] via NET/IB/0
x3004c0s31b0n0:5852:9947 [0] NCCL INFO GPU Direct RDMA Disabled for GPU 7000 / HCA 1 (distance 7 > 4)
x3004c0s31b0n0:5852:10071 [0] NCCL INFO New proxy send connection 18 from local rank 0, transport 2
x3004c0s31b0n0:5854:10079 [1] NCCL INFO transport/net_ib.cc:771 Ib Alloc Size 552 pointer 0x152e400df000
x3004c0s31b0n0:5854:10079 [1] NCCL INFO transport/net.cc:698 Cuda Host Alloc Size 9641984 pointer 0x152e2d200000
x3004c0s31b0n0:5854:10079 [1] NCCL INFO transport/net_ib.cc:683 Ib Alloc Size 21688 pointer 0x152e400e1000
x3004c0s31b0n0:5854:10079 [1] NCCL INFO transport/net_ib.cc:696 Ib Alloc Size 552 pointer 0x152e400e8000
x3004c0s31b0n0:5852:9947 [0] NCCL INFO Connection to proxy localRank 0 -> connection 0x14ee50001100
x3004c0s31b0n0:5852:9947 [0] NCCL INFO Channel 02/0 : 16[7000] -> 12[7000] [send] via NET/IB/1
x3004c0s31b0n0:5852:9947 [0] NCCL INFO GPU Direct RDMA Disabled for GPU 7000 / HCA 0 (distance 7 > 4)
x3004c0s31b0n0:5854:10079 [1] NCCL INFO transport/net_ib.cc:771 Ib Alloc Size 552 pointer 0x152e40103000
x3004c0s31b0n0:5854:10079 [1] NCCL INFO transport/net.cc:698 Cuda Host Alloc Size 9641984 pointer 0x152e2a000000
x3004c0s31b0n0:5852:10071 [0] NCCL INFO New proxy send connection 19 from local rank 0, transport 2
x3004c0s31b0n0:5854:9948 [1] NCCL INFO GPU Direct RDMA Disabled for GPU 46000 / HCA 1 (distance 6 > 4)
x3004c0s31b0n0:5854:10079 [1] NCCL INFO New proxy send connection 18 from local rank 1, transport 2
x3004c0s31b0n0:5854:9948 [1] NCCL INFO Connection to proxy localRank 1 -> connection 0x152e40001100
x3004c0s31b0n0:5854:9948 [1] NCCL INFO Channel 00/0 : 17[46000] -> 8[7000] [send] via NET/IB/1
x3004c0s31b0n0:5854:9948 [1] NCCL INFO GPU Direct RDMA Disabled for GPU 46000 / HCA 0 (distance 7 > 4)
x3004c0s31b0n0:5854:10079 [1] NCCL INFO New proxy send connection 19 from local rank 1, transport 2
x3004c0s31b0n0:5852:9947 [0] NCCL INFO Connection to proxy localRank 0 -> connection 0x14ee50001140
x3004c0s31b0n0:5852:9947 [0] NCCL INFO Channel 03/0 : 16[7000] -> 12[7000] [send] via NET/IB/0
x3004c0s31b0n0:5854:9948 [1] NCCL INFO Connection to proxy localRank 1 -> connection 0x152e40001140
x3004c0s31b0n0:5854:9948 [1] NCCL INFO Channel 01/0 : 17[46000] -> 8[7000] [send] via NET/IB/0
x3004c0s31b0n0:5854:10079 [1] NCCL INFO transport/net_ib.cc:596 Ib Alloc Size 26560 pointer 0x152e4010f000
x3004c0s31b0n0:5854:10079 [1] NCCL INFO NET/IB: Dev 1 Port 1 qpn 21743 mtu 5 GID 0 (80FE/DB0100FEFF000000)
x3004c0s31b0n0:5854:10079 [1] NCCL INFO transport/net_ib.cc:653 Ib Alloc Size 552 pointer 0x152e40126000
x3004c0s31b0n0:5854:10079 [1] NCCL INFO transport/net.cc:571 Cuda Host Alloc Size 9641984 pointer 0x152e2aa00000
x3004c0s31b0n0:5854:10079 [1] NCCL INFO transport/net_ib.cc:596 Ib Alloc Size 26560 pointer 0x152e40128000
x3004c0s31b0n0:5854:10079 [1] NCCL INFO NET/IB: Dev 0 Port 1 qpn 24129 mtu 5 GID 0 (80FE/9E0100FEFF000000)
x3004c0s31b0n0:5854:10079 [1] NCCL INFO transport/net_ib.cc:653 Ib Alloc Size 552 pointer 0x152e4013f000
x3004c0s31b0n0:5854:10079 [1] NCCL INFO transport/net.cc:571 Cuda Host Alloc Size 9641984 pointer 0x152e2b400000
x3004c0s31b0n0:5854:10079 [1] NCCL INFO New proxy recv connection 20 from local rank 1, transport 0
x3004c0s31b0n0:5854:9948 [1] NCCL INFO Connection to proxy localRank 1 -> connection 0x152e40001180
x3004c0s31b0n0:5854:10079 [1] NCCL INFO transport/p2p.cc:449 Cuda Alloc Size 6291456 pointer 0x152e28000000
x3004c0s31b0n0:5854:10079 [1] NCCL INFO New proxy recv connection 21 from local rank 1, transport 0
x3004c0s31b0n0:5854:9948 [1] NCCL INFO Connection to proxy localRank 1 -> connection 0x152e400011c0
x3004c0s31b0n0:5854:10079 [1] NCCL INFO transport/p2p.cc:449 Cuda Alloc Size 6291456 pointer 0x152e28600000
x3004c0s31b0n0:5854:10079 [1] NCCL INFO New proxy recv connection 22 from local rank 1, transport 0
x3004c0s31b0n0:5854:9948 [1] NCCL INFO Connection to proxy localRank 1 -> connection 0x152e40001200
x3004c0s31b0n0:5854:10079 [1] NCCL INFO transport/p2p.cc:449 Cuda Alloc Size 6291456 pointer 0x152e28c00000
x3004c0s31b0n0:5854:10079 [1] NCCL INFO New proxy recv connection 23 from local rank 1, transport 0
x3004c0s31b0n0:5854:9948 [1] NCCL INFO Connection to proxy localRank 1 -> connection 0x152e40001240
x3004c0s31b0n0:5854:10079 [1] NCCL INFO transport/p2p.cc:449 Cuda Alloc Size 6291456 pointer 0x152e29200000
x3004c0s31b0n0:5854:9948 [1] NCCL INFO Connected all trees by HAO
x3004c0s31b0n0:5854:9948 [1] NCCL INFO threadThresholds 8/8/64 | 160/8/64 | 512 | 512
x3004c0s31b0n0:5854:9948 [1] NCCL INFO 4 coll channels, 4 p2p channels, 2 p2p channels per peer
x3004c0s31b0n0:5854:10079 [1] NCCL INFO New proxy send connection 24 from local rank 1, transport 2
x3004c0s31b0n0:5858:9949 [2] NCCL INFO Connected all trees by HAO
x3004c0s31b0n0:5858:9949 [2] NCCL INFO threadThresholds 8/8/64 | 160/8/64 | 512 | 512
x3004c0s31b0n0:5858:9949 [2] NCCL INFO 4 coll channels, 4 p2p channels, 2 p2p channels per peer
x3004c0s31b0n0:5858:10078 [2] NCCL INFO Allocated 4194656 bytes of shared memory in /dev/shm/nccl-sPnxZ7

x3004c0s31b0n0:5858:10078 [2] NCCL INFO New proxy send connection 20 from local rank 2, transport 2
x3004c0s31b0n0:5854:9948 [1] NCCL INFO Connection to proxy localRank 1 -> connection 0x152e40001280
x3004c0s31b0n0:5854:10079 [1] NCCL INFO transport/net.cc:376 Cuda Alloc Size 8388608 pointer 0x152e27200000
x3004c0s31b0n0:5858:9949 [2] NCCL INFO Connection to proxy localRank 2 -> connection 0x152f28001180
