x3101c0s13b0n0:22510:25834 [1] NCCL INFO + SYS[5000.0] - CPU/3
x3101c0s13b0n0:22510:25834 [1] NCCL INFO + SYS[5000.0] - CPU/2
x3101c0s13b0n0:22510:25834 [1] NCCL INFO + SYS[5000.0] - CPU/0
x3101c0s13b0n0:22510:25834 [1] NCCL INFO + PCI[24.0] - PCI/83000 (11f8406811f8beef)
x3101c0s13b0n0:22510:25834 [1] NCCL INFO               + PCI[24.0] - GPU/85000 (2)
x3101c0s13b0n0:22510:25834 [1] NCCL INFO                             + NVL[88.0] - GPU/C7000
x3101c0s13b0n0:22510:25834 [1] NCCL INFO                             + NVL[88.0] - GPU/46000
x3101c0s13b0n0:22510:25834 [1] NCCL INFO                             + NVL[88.0] - GPU/7000
x3101c0s13b0n0:22510:25834 [1] NCCL INFO CPU/0 (1/2/-1)
x3101c0s13b0n0:22510:25834 [1] NCCL INFO + SYS[5000.0] - CPU/3
x3101c0s13b0n0:22510:25834 [1] NCCL INFO + SYS[5000.0] - CPU/2
x3101c0s13b0n0:22510:25834 [1] NCCL INFO + SYS[5000.0] - CPU/1
x3101c0s13b0n0:22510:25834 [1] NCCL INFO + PCI[24.0] - PCI/C5000 (11f8406811f8beef)
x3101c0s13b0n0:22510:25834 [1] NCCL INFO               + PCI[24.0] - GPU/C7000 (3)
x3101c0s13b0n0:22510:25834 [1] NCCL INFO                             + NVL[88.0] - GPU/85000
x3101c0s13b0n0:22510:25834 [1] NCCL INFO                             + NVL[88.0] - GPU/46000
x3101c0s13b0n0:22510:25834 [1] NCCL INFO                             + NVL[88.0] - GPU/7000
x3101c0s13b0n0:22510:25834 [1] NCCL INFO ==========================================
x3101c0s13b0n0:22510:25834 [1] NCCL INFO GPU/7000 :GPU/7000 (0/5000.000000/LOC) GPU/46000 (1/88.000000/NVL) GPU/85000 (1/88.000000/NVL) GPU/C7000 (1/88.000000/NVL) CPU/3 (2/24.000000/PHB) CPU/2 (3/24.000000/SYS) CPU/1 (3/24.000000/SYS) CPU/0 (3/24.000000/SYS) NET/0 (5/24.000000/SYS) 
x3101c0s13b0n0:22510:25834 [1] NCCL INFO GPU/46000 :GPU/7000 (1/88.000000/NVL) GPU/46000 (0/5000.000000/LOC) GPU/85000 (1/88.000000/NVL) GPU/C7000 (1/88.000000/NVL) CPU/3 (3/24.000000/SYS) CPU/2 (2/24.000000/PHB) CPU/1 (3/24.000000/SYS) CPU/0 (3/24.000000/SYS) NET/0 (4/24.000000/PHB) 
x3101c0s13b0n0:22510:25834 [1] NCCL INFO GPU/85000 :GPU/7000 (1/88.000000/NVL) GPU/46000 (1/88.000000/NVL) GPU/85000 (0/5000.000000/LOC) GPU/C7000 (1/88.000000/NVL) CPU/3 (3/24.000000/SYS) CPU/2 (3/24.000000/SYS) CPU/1 (2/24.000000/PHB) CPU/0 (3/24.000000/SYS) NET/0 (5/24.000000/SYS) 
x3101c0s13b0n0:22510:25834 [1] NCCL INFO GPU/C7000 :GPU/7000 (1/88.000000/NVL) GPU/46000 (1/88.000000/NVL) GPU/85000 (1/88.000000/NVL) GPU/C7000 (0/5000.000000/LOC) CPU/3 (3/24.000000/SYS) CPU/2 (3/24.000000/SYS) CPU/1 (3/24.000000/SYS) CPU/0 (2/24.000000/PHB) NET/0 (5/24.000000/SYS) 
x3101c0s13b0n0:22510:25834 [1] NCCL INFO NET/0 :GPU/7000 (5/24.000000/SYS) GPU/46000 (4/24.000000/PHB) GPU/85000 (5/24.000000/SYS) GPU/C7000 (5/24.000000/SYS) CPU/3 (3/24.000000/SYS) CPU/2 (2/24.000000/PHB) CPU/1 (3/24.000000/SYS) CPU/0 (3/24.000000/SYS) NET/0 (0/5000.000000/LOC) 
x3101c0s13b0n0:22510:25834 [1] NCCL INFO Pattern 4, crossNic 0, nChannels 1, bw 24.000000/24.000000, type NVL/SYS, sameChannels 1
x3101c0s13b0n0:22510:25834 [1] NCCL INFO  0 : NET/0 GPU/1 GPU/0 GPU/3 GPU/2 NET/0
x3101c0s13b0n0:22510:25834 [1] NCCL INFO Pattern 1, crossNic 0, nChannels 1, bw 48.000000/24.000000, type NVL/SYS, sameChannels 1
x3101c0s13b0n0:22510:25834 [1] NCCL INFO  0 : NET/0 GPU/0 GPU/1 GPU/2 GPU/3 NET/0
x3101c0s13b0n0:22510:25834 [1] NCCL INFO Pattern 3, crossNic 0, nChannels 0, bw 0.000000/0.000000, type NVL/PIX, sameChannels 1
x3101c0s13b0n0:22511:25836 [2] NCCL INFO Ring 00 : 3 -> 2 -> 5
x3101c0s13b0n0:22511:25836 [2] NCCL INFO Ring 01 : 3 -> 2 -> 5
x3101c0s13b0n0:22511:25836 [2] NCCL INFO Trees [0] 3/-1/-1->2->1 [1] 3/-1/-1->2->1
x3101c0s13b0n0:22511:25836 [2] NCCL INFO misc/utils.cc:235 memory stack hunk malloc(65536)
x3101c0s13b0n0:22511:25836 [2] NCCL INFO channel.cc:23 Cuda Alloc Size 3456 pointer 0x1501b9e03600
x3101c0s13b0n0:22511:25836 [2] NCCL INFO channel.cc:27 Cuda Alloc Size 32 pointer 0x1501b9e04400
x3101c0s13b0n0:22511:25836 [2] NCCL INFO channel.cc:23 Cuda Alloc Size 3456 pointer 0x1501b9e04600
x3101c0s13b0n0:22511:25836 [2] NCCL INFO channel.cc:27 Cuda Alloc Size 32 pointer 0x1501b9e05400
x3101c0s13b0n0:22512:25835 [3] NCCL INFO Ring 00 : 0 -> 3 -> 2
x3101c0s13b0n0:22512:25835 [3] NCCL INFO Ring 01 : 0 -> 3 -> 2
x3101c0s13b0n0:22512:25835 [3] NCCL INFO Trees [0] -1/-1/-1->3->2 [1] -1/-1/-1->3->2
x3101c0s13b0n0:22512:25835 [3] NCCL INFO misc/utils.cc:235 memory stack hunk malloc(65536)
x3101c0s13b0n0:22512:25835 [3] NCCL INFO channel.cc:23 Cuda Alloc Size 3456 pointer 0x145ed9e03600
x3101c0s13b0n0:22512:25835 [3] NCCL INFO channel.cc:27 Cuda Alloc Size 32 pointer 0x145ed9e04400
x3101c0s13b0n0:22512:25835 [3] NCCL INFO channel.cc:23 Cuda Alloc Size 3456 pointer 0x145ed9e04600
x3101c0s13b0n0:22512:25835 [3] NCCL INFO channel.cc:27 Cuda Alloc Size 32 pointer 0x145ed9e05400
x3101c0s13b0n0:22511:25890 [2] NCCL INFO Mem Realloc old size 0, new size 8 pointer 0x14ffd8000c60
x3101c0s13b0n0:22511:25890 [2] NCCL INFO Allocated 4194656 bytes of shared memory in /dev/shm/nccl-1Wj8fo

x3101c0s13b0n0:22511:25890 [2] NCCL INFO New proxy send connection 0 from local rank 2, transport 2
x3101c0s13b0n0:22512:25877 [3] NCCL INFO Mem Realloc old size 0, new size 8 pointer 0x145d04000c60
x3101c0s13b0n0:22512:25877 [3] NCCL INFO New proxy recv connection 0 from local rank 3, transport 0
x3101c0s13b0n0:22512:25835 [3] NCCL INFO Connection to proxy localRank 3 -> connection 0x145d04000c80
x3101c0s13b0n0:22511:25836 [2] NCCL INFO Connection to proxy localRank 2 -> connection 0x14ffd8000c80
x3101c0s13b0n0:22511:25836 [2] NCCL INFO Channel 00/0 : 2[85000] -> 5[46000] [send] via NET/Socket/0
x3101c0s13b0n0:22511:25890 [2] NCCL INFO New proxy send connection 1 from local rank 2, transport 2
x3101c0s13b0n0:22512:25877 [3] NCCL INFO transport/p2p.cc:449 Cuda Alloc Size 6291456 pointer 0x145d09a00000
x3101c0s13b0n0:22511:25836 [2] NCCL INFO Connection to proxy localRank 2 -> connection 0x14ffd8000cc0
x3101c0s13b0n0:22511:25836 [2] NCCL INFO Channel 01/0 : 2[85000] -> 5[46000] [send] via NET/Socket/0
x3101c0s13b0n0:22512:25877 [3] NCCL INFO New proxy recv connection 1 from local rank 3, transport 0
x3101c0s13b0n0:22509:25833 [0] NCCL INFO Tree 0 : -1 -> 0 -> 1/4/-1
x3101c0s13b0n0:22509:25833 [0] NCCL INFO Tree 1 : 4 -> 0 -> 1/-1/-1
x3101c0s13b0n0:22509:25833 [0] NCCL INFO Channel 00/02 :    0   3   2   5   4   7   6   1
x3101c0s13b0n0:22509:25833 [0] NCCL INFO Channel 01/02 :    0   3   2   5   4   7   6   1
x3101c0s13b0n0:22509:25833 [0] NCCL INFO Ring 00 : 1 -> 0 -> 3
x3101c0s13b0n0:22509:25833 [0] NCCL INFO Ring 01 : 1 -> 0 -> 3
x3101c0s13b0n0:22509:25833 [0] NCCL INFO Trees [0] 1/4/-1->0->-1 [1] 1/-1/-1->0->4
x3101c0s13b0n0:22509:25833 [0] NCCL INFO misc/utils.cc:235 memory stack hunk malloc(65536)
x3101c0s13b0n0:22509:25833 [0] NCCL INFO channel.cc:23 Cuda Alloc Size 3456 pointer 0x151316003600
x3101c0s13b0n0:22509:25833 [0] NCCL INFO channel.cc:27 Cuda Alloc Size 32 pointer 0x151316004400
x3101c0s13b0n0:22509:25833 [0] NCCL INFO channel.cc:23 Cuda Alloc Size 3456 pointer 0x151316004600
x3101c0s13b0n0:22509:25833 [0] NCCL INFO channel.cc:27 Cuda Alloc Size 32 pointer 0x151316005400
x3101c0s13b0n0:22509:25833 [0] NCCL INFO Channel 00/0 : 0[7000] -> 3[c7000] via P2P/IPC/read
x3101c0s13b0n0:22509:25889 [0] NCCL INFO Mem Realloc old size 0, new size 8 pointer 0x151148000c60
x3101c0s13b0n0:22509:25889 [0] NCCL INFO New proxy send connection 0 from local rank 0, transport 0
x3101c0s13b0n0:22512:25835 [3] NCCL INFO Connection to proxy localRank 3 -> connection 0x145d04000cc0
x3101c0s13b0n0:22512:25877 [3] NCCL INFO transport/p2p.cc:449 Cuda Alloc Size 6291456 pointer 0x145d0b600000
x3101c0s13b0n0:22509:25833 [0] NCCL INFO Connection to proxy localRank 0 -> connection 0x151148000c80
x3101c0s13b0n0:22509:25889 [0] NCCL INFO transport/p2p.cc:430 Cuda Alloc Size 6291456 pointer 0x15114da00000
x3101c0s13b0n0:22509:25833 [0] NCCL INFO Channel 01/0 : 0[7000] -> 3[c7000] via P2P/IPC/read
x3101c0s13b0n0:22509:25889 [0] NCCL INFO New proxy send connection 1 from local rank 0, transport 0
x3101c0s13b0n0:22510:25834 [1] NCCL INFO Tree 0 : 0 -> 1 -> 2/-1/-1
x3101c0s13b0n0:22510:25834 [1] NCCL INFO Tree 1 : 0 -> 1 -> 2/-1/-1
x3101c0s13b0n0:22510:25834 [1] NCCL INFO Ring 00 : 6 -> 1 -> 0
x3101c0s13b0n0:22510:25834 [1] NCCL INFO Ring 01 : 6 -> 1 -> 0
x3101c0s13b0n0:22510:25834 [1] NCCL INFO Trees [0] 2/-1/-1->1->0 [1] 2/-1/-1->1->0
x3101c0s13b0n0:22510:25834 [1] NCCL INFO misc/utils.cc:235 memory stack hunk malloc(65536)
x3101c0s13b0n0:22510:25834 [1] NCCL INFO channel.cc:23 Cuda Alloc Size 3456 pointer 0x147e9be03600
x3101c0s13b0n0:22510:25834 [1] NCCL INFO channel.cc:27 Cuda Alloc Size 32 pointer 0x147e9be04400
x3101c0s13b0n0:22510:25834 [1] NCCL INFO channel.cc:23 Cuda Alloc Size 3456 pointer 0x147e9be04600
x3101c0s13b0n0:22510:25834 [1] NCCL INFO channel.cc:27 Cuda Alloc Size 32 pointer 0x147e9be05400
x3101c0s13b0n0:22510:25894 [1] NCCL INFO Mem Realloc old size 0, new size 8 pointer 0x147cb4000c60
x3101c0s13b0n0:22510:25894 [1] NCCL INFO Allocated 4194656 bytes of shared memory in /dev/shm/nccl-YbeTmj

x3101c0s13b0n0:22510:25894 [1] NCCL INFO New proxy recv connection 0 from local rank 1, transport 2
x3101c0s13b0n0:22510:25834 [1] NCCL INFO Connection to proxy localRank 1 -> connection 0x147cb4000c80
x3101c0s13b0n0:22510:25834 [1] NCCL INFO Channel 00/0 : 6[85000] -> 1[46000] [receive] via NET/Socket/0
x3101c0s13b0n0:22511:25890 [2] NCCL INFO transport/net.cc:571 Cuda Host Alloc Size 9641984 pointer 0x14ffe9600000
x3101c0s13b0n0:22509:25833 [0] NCCL INFO Connection to proxy localRank 0 -> connection 0x151148000cc0
x3101c0s13b0n0:22509:25889 [0] NCCL INFO transport/p2p.cc:430 Cuda Alloc Size 6291456 pointer 0x15114f600000
x3101c0s13b0n0:22510:25894 [1] NCCL INFO New proxy recv connection 1 from local rank 1, transport 2
x3101c0s13b0n0:22509:25889 [0] NCCL INFO New proxy recv connection 2 from local rank 0, transport 0
x3101c0s13b0n0:22512:25835 [3] NCCL INFO Channel 00/0 : 3[c7000] -> 2[85000] via P2P/IPC/read
x3101c0s13b0n0:22512:25877 [3] NCCL INFO New proxy send connection 2 from local rank 3, transport 0
x3101c0s13b0n0:22511:25890 [2] NCCL INFO transport/net.cc:571 Cuda Host Alloc Size 9641984 pointer 0x14ffed600000
x3101c0s13b0n0:22510:25834 [1] NCCL INFO Connection to proxy localRank 1 -> connection 0x147cb4000cc0
x3101c0s13b0n0:22510:25834 [1] NCCL INFO Channel 01/0 : 6[85000] -> 1[46000] [receive] via NET/Socket/0
x3101c0s13b0n0:22510:25894 [1] NCCL INFO transport/net.cc:698 Cuda Host Alloc Size 9641984 pointer 0x147cc5600000
x3101c0s13b0n0:22512:25835 [3] NCCL INFO Connection to proxy localRank 3 -> connection 0x145d04000d00
x3101c0s13b0n0:22512:25877 [3] NCCL INFO transport/p2p.cc:430 Cuda Alloc Size 6291456 pointer 0x145d13200000
x3101c0s13b0n0:22511:25890 [2] NCCL INFO New proxy recv connection 2 from local rank 2, transport 0
x3101c0s13b0n0:22509:25833 [0] NCCL INFO Connection to proxy localRank 0 -> connection 0x151148000d00
x3101c0s13b0n0:22509:25889 [0] NCCL INFO transport/p2p.cc:449 Cuda Alloc Size 6291456 pointer 0x151157200000
x3101c0s13b0n0:22510:25894 [1] NCCL INFO transport/net.cc:698 Cuda Host Alloc Size 9641984 pointer 0x147cc9600000
x3101c0s13b0n0:22512:25835 [3] NCCL INFO Channel 01/0 : 3[c7000] -> 2[85000] via P2P/IPC/read
x3101c0s13b0n0:22512:25877 [3] NCCL INFO New proxy send connection 3 from local rank 3, transport 0
x3101c0s13b0n0:22511:25836 [2] NCCL INFO Connection to proxy localRank 2 -> connection 0x14ffd8000d00
x3101c0s13b0n0:22511:25890 [2] NCCL INFO transport/p2p.cc:449 Cuda Alloc Size 6291456 pointer 0x14ffe7a00000
x3101c0s13b0n0:22509:25889 [0] NCCL INFO New proxy recv connection 3 from local rank 0, transport 0
x3101c0s13b0n0:22510:25834 [1] NCCL INFO Channel 00/0 : 1[46000] -> 0[7000] via P2P/IPC/read
x3101c0s13b0n0:22510:25894 [1] NCCL INFO New proxy send connection 2 from local rank 1, transport 0
x3101c0s13b0n0:22510:25834 [1] NCCL INFO Connection to proxy localRank 1 -> connection 0x147cb4000d00
x3101c0s13b0n0:22510:25894 [1] NCCL INFO transport/p2p.cc:430 Cuda Alloc Size 6291456 pointer 0x147cc3a00000
x3101c0s13b0n0:22512:25835 [3] NCCL INFO Connection to proxy localRank 3 -> connection 0x145d04000d40
x3101c0s13b0n0:22512:25877 [3] NCCL INFO transport/p2p.cc:430 Cuda Alloc Size 6291456 pointer 0x145d13800000
x3101c0s13b0n0:22511:25890 [2] NCCL INFO New proxy recv connection 3 from local rank 2, transport 0
x3101c0s13b0n0:22509:25833 [0] NCCL INFO Connection to proxy localRank 0 -> connection 0x151148000d40
x3101c0s13b0n0:22509:25889 [0] NCCL INFO transport/p2p.cc:449 Cuda Alloc Size 6291456 pointer 0x151157800000
x3101c0s13b0n0:22510:25834 [1] NCCL INFO Channel 01/0 : 1[46000] -> 0[7000] via P2P/IPC/read
x3101c0s13b0n0:22510:25894 [1] NCCL INFO New proxy send connection 3 from local rank 1, transport 0
x3101c0s13b0n0:22511:25836 [2] NCCL INFO Connection to proxy localRank 2 -> connection 0x14ffd8000d40
x3101c0s13b0n0:22511:25890 [2] NCCL INFO transport/p2p.cc:449 Cuda Alloc Size 6291456 pointer 0x14ffef600000
x3101c0s13b0n0:22510:25834 [1] NCCL INFO Connection to proxy localRank 1 -> connection 0x147cb4000d40
x3101c0s13b0n0:22510:25894 [1] NCCL INFO transport/p2p.cc:430 Cuda Alloc Size 6291456 pointer 0x147ccb600000
x3101c0s13b0n0:22511:25836 [2] NCCL INFO Connected all rings
x3101c0s13b0n0:22512:25835 [3] NCCL INFO Connected all rings
x3101c0s13b0n0:22512:25877 [3] NCCL INFO New proxy recv connection 4 from local rank 3, transport 0
x3101c0s13b0n0:22512:25835 [3] NCCL INFO Connection to proxy localRank 3 -> connection 0x145d04000d80
x3101c0s13b0n0:22511:25890 [2] NCCL INFO New proxy recv connection 4 from local rank 2, transport 0
x3101c0s13b0n0:22512:25877 [3] NCCL INFO transport/p2p.cc:449 Cuda Alloc Size 6291456 pointer 0x145d1b600000
x3101c0s13b0n0:22510:25834 [1] NCCL INFO Connected all rings
x3101c0s13b0n0:22510:25894 [1] NCCL INFO New proxy recv connection 4 from local rank 1, transport 0
x3101c0s13b0n0:22509:25833 [0] NCCL INFO Connected all rings
x3101c0s13b0n0:22509:25833 [0] NCCL INFO Channel 00/0 : 0[7000] -> 1[46000] via P2P/IPC/read
x3101c0s13b0n0:22509:25889 [0] NCCL INFO New proxy send connection 4 from local rank 0, transport 0
x3101c0s13b0n0:22511:25836 [2] NCCL INFO Connection to proxy localRank 2 -> connection 0x14ffd8000d80
x3101c0s13b0n0:22511:25890 [2] NCCL INFO transport/p2p.cc:449 Cuda Alloc Size 6291456 pointer 0x14fff3600000
x3101c0s13b0n0:22511:25890 [2] NCCL INFO New proxy recv connection 5 from local rank 2, transport 0
x3101c0s13b0n0:22511:25836 [2] NCCL INFO Connection to proxy localRank 2 -> connection 0x14ffd8000dc0
x3101c0s13b0n0:22511:25890 [2] NCCL INFO transport/p2p.cc:449 Cuda Alloc Size 6291456 pointer 0x14fff5600000
x3101c0s13b0n0:22512:25877 [3] NCCL INFO New proxy recv connection 5 from local rank 3, transport 0
x3101c0s13b0n0:22509:25833 [0] NCCL INFO Connection to proxy localRank 0 -> connection 0x151148000d80
x3101c0s13b0n0:22509:25889 [0] NCCL INFO transport/p2p.cc:430 Cuda Alloc Size 6291456 pointer 0x15115f600000
x3101c0s13b0n0:22510:25834 [1] NCCL INFO Connection to proxy localRank 1 -> connection 0x147cb4000d80
x3101c0s13b0n0:22510:25894 [1] NCCL INFO transport/p2p.cc:449 Cuda Alloc Size 6291456 pointer 0x147ccf600000
x3101c0s13b0n0:22512:25835 [3] NCCL INFO Connection to proxy localRank 3 -> connection 0x145d04000dc0
x3101c0s13b0n0:22512:25877 [3] NCCL INFO transport/p2p.cc:449 Cuda Alloc Size 6291456 pointer 0x145d1d600000
x3101c0s13b0n0:22510:25894 [1] NCCL INFO New proxy recv connection 5 from local rank 1, transport 0
x3101c0s13b0n0:22511:25836 [2] NCCL INFO Channel 00/0 : 2[85000] -> 3[c7000] via P2P/IPC/read
x3101c0s13b0n0:22511:25890 [2] NCCL INFO New proxy send connection 6 from local rank 2, transport 0
x3101c0s13b0n0:22509:25833 [0] NCCL INFO Channel 01/0 : 0[7000] -> 1[46000] via P2P/IPC/read
x3101c0s13b0n0:22509:25889 [0] NCCL INFO New proxy send connection 5 from local rank 0, transport 0
x3101c0s13b0n0:22510:25834 [1] NCCL INFO Connection to proxy localRank 1 -> connection 0x147cb4000dc0
x3101c0s13b0n0:22510:25894 [1] NCCL INFO transport/p2p.cc:449 Cuda Alloc Size 6291456 pointer 0x147cd1600000
x3101c0s13b0n0:22509:25833 [0] NCCL INFO Connection to proxy localRank 0 -> connection 0x151148000dc0
x3101c0s13b0n0:22509:25889 [0] NCCL INFO transport/p2p.cc:430 Cuda Alloc Size 6291456 pointer 0x151161600000
x3101c0s13b0n0:22511:25836 [2] NCCL INFO Connection to proxy localRank 2 -> connection 0x14ffd8000e00
x3101c0s13b0n0:22511:25890 [2] NCCL INFO transport/p2p.cc:430 Cuda Alloc Size 6291456 pointer 0x14fff9600000
x3101c0s13b0n0:22510:25834 [1] NCCL INFO Channel 00/0 : 1[46000] -> 2[85000] via P2P/IPC/read
x3101c0s13b0n0:22510:25894 [1] NCCL INFO New proxy send connection 6 from local rank 1, transport 0
x3101c0s13b0n0:22511:25836 [2] NCCL INFO Channel 01/0 : 2[85000] -> 3[c7000] via P2P/IPC/read
x3101c0s13b0n0:22511:25890 [2] NCCL INFO New proxy send connection 7 from local rank 2, transport 0
x3101c0s13b0n0:22510:25834 [1] NCCL INFO Connection to proxy localRank 1 -> connection 0x147cb4000e00
x3101c0s13b0n0:22510:25894 [1] NCCL INFO transport/p2p.cc:430 Cuda Alloc Size 6291456 pointer 0x147cd5600000
x3101c0s13b0n0:22510:25834 [1] NCCL INFO Channel 01/0 : 1[46000] -> 2[85000] via P2P/IPC/read
x3101c0s13b0n0:22511:25836 [2] NCCL INFO Connection to proxy localRank 2 -> connection 0x14ffd8000e40
x3101c0s13b0n0:22511:25890 [2] NCCL INFO transport/p2p.cc:430 Cuda Alloc Size 6291456 pointer 0x14fffb600000
x3101c0s13b0n0:22512:25835 [3] NCCL INFO Connected all trees by HAO
x3101c0s13b0n0:22512:25835 [3] NCCL INFO threadThresholds 8/8/64 | 64/8/64 | 512 | 512
x3101c0s13b0n0:22512:25835 [3] NCCL INFO 2 coll channels, 2 p2p channels, 2 p2p channels per peer
x3101c0s13b0n0:22512:25877 [3] NCCL INFO Allocated 4194656 bytes of shared memory in /dev/shm/nccl-7nkEks

x3101c0s13b0n0:22512:25877 [3] NCCL INFO New proxy send connection 6 from local rank 3, transport 2
x3101c0s13b0n0:22510:25894 [1] NCCL INFO New proxy send connection 7 from local rank 1, transport 0
x3101c0s13b0n0:22512:25835 [3] NCCL INFO Connection to proxy localRank 3 -> connection 0x145d04000e00
x3101c0s13b0n0:22512:25877 [3] NCCL INFO transport/net.cc:376 Cuda Alloc Size 4194304 pointer 0x145d0bc00000
x3101c0s13b0n0:22510:25834 [1] NCCL INFO Connection to proxy localRank 1 -> connection 0x147cb4000e40
x3101c0s13b0n0:22510:25894 [1] NCCL INFO transport/p2p.cc:430 Cuda Alloc Size 6291456 pointer 0x147cd7600000
x3101c0s13b0n0:22510:25894 [1] NCCL INFO New proxy recv connection 8 from local rank 1, transport 0
x3101c0s13b0n0:22509:25889 [0] NCCL INFO Allocated 4194656 bytes of shared memory in /dev/shm/nccl-igdaJc

x3101c0s13b0n0:22509:25889 [0] NCCL INFO New proxy recv connection 6 from local rank 0, transport 2
x3101c0s13b0n0:22511:25836 [2] NCCL INFO Channel 00/0 : 2[85000] -> 1[46000] via P2P/IPC/read
x3101c0s13b0n0:22511:25890 [2] NCCL INFO New proxy send connection 8 from local rank 2, transport 0
x3101c0s13b0n0:22511:25836 [2] NCCL INFO Connection to proxy localRank 2 -> connection 0x14ffd8000e80
x3101c0s13b0n0:22511:25890 [2] NCCL INFO transport/p2p.cc:430 Cuda Alloc Size 6291456 pointer 0x150005600000
x3101c0s13b0n0:22511:25836 [2] NCCL INFO Channel 01/0 : 2[85000] -> 1[46000] via P2P/IPC/read
x3101c0s13b0n0:22509:25833 [0] NCCL INFO Connection to proxy localRank 0 -> connection 0x151148000e00
x3101c0s13b0n0:22511:25890 [2] NCCL INFO New proxy send connection 9 from local rank 2, transport 0
x3101c0s13b0n0:22510:25834 [1] NCCL INFO Connection to proxy localRank 1 -> connection 0x147cb4000e80
x3101c0s13b0n0:22510:25894 [1] NCCL INFO transport/p2p.cc:449 Cuda Alloc Size 6291456 pointer 0x147ce1600000
x3101c0s13b0n0:22509:25833 [0] NCCL INFO Channel 00/0 : 4[7000] -> 0[7000] [receive] via NET/Socket/0
x3101c0s13b0n0:22509:25889 [0] NCCL INFO New proxy recv connection 7 from local rank 0, transport 2
x3101c0s13b0n0:22510:25894 [1] NCCL INFO New proxy recv connection 9 from local rank 1, transport 0
x3101c0s13b0n0:22511:25836 [2] NCCL INFO Connection to proxy localRank 2 -> connection 0x14ffd8000ec0
x3101c0s13b0n0:22511:25890 [2] NCCL INFO transport/p2p.cc:430 Cuda Alloc Size 6291456 pointer 0x150007600000
x3101c0s13b0n0:22510:25834 [1] NCCL INFO Connection to proxy localRank 1 -> connection 0x147cb4000ec0
x3101c0s13b0n0:22510:25894 [1] NCCL INFO transport/p2p.cc:449 Cuda Alloc Size 6291456 pointer 0x147ce3600000
x3101c0s13b0n0:22509:25833 [0] NCCL INFO Connection to proxy localRank 0 -> connection 0x151148000e40
x3101c0s13b0n0:22510:25834 [1] NCCL INFO Connected all trees by HAO
x3101c0s13b0n0:22510:25834 [1] NCCL INFO threadThresholds 8/8/64 | 64/8/64 | 512 | 512
x3101c0s13b0n0:22510:25834 [1] NCCL INFO 2 coll channels, 2 p2p channels, 2 p2p channels per peer
x3101c0s13b0n0:22511:25836 [2] NCCL INFO Connected all trees by HAO
x3101c0s13b0n0:22511:25836 [2] NCCL INFO threadThresholds 8/8/64 | 64/8/64 | 512 | 512
x3101c0s13b0n0:22511:25836 [2] NCCL INFO 2 coll channels, 2 p2p channels, 2 p2p channels per peer
x3101c0s13b0n0:22511:25890 [2] NCCL INFO New proxy send connection 10 from local rank 2, transport 2
x3101c0s13b0n0:22511:25836 [2] NCCL INFO Connection to proxy localRank 2 -> connection 0x14ffd8000f00
x3101c0s13b0n0:22511:25890 [2] NCCL INFO transport/net.cc:376 Cuda Alloc Size 4194304 pointer 0x14ffefc00000
x3101c0s13b0n0:22510:25894 [1] NCCL INFO New proxy send connection 10 from local rank 1, transport 2
x3101c0s13b0n0:22509:25833 [0] NCCL INFO Channel 01/0 : 4[7000] -> 0[7000] [receive] via NET/Socket/0
x3101c0s13b0n0:22509:25889 [0] NCCL INFO New proxy send connection 8 from local rank 0, transport 2
x3101c0s13b0n0:22510:25834 [1] NCCL INFO Connection to proxy localRank 1 -> connection 0x147cb4000f00
x3101c0s13b0n0:22510:25894 [1] NCCL INFO transport/net.cc:376 Cuda Alloc Size 4194304 pointer 0x147ccbc00000
x3101c0s13b0n0:22509:25833 [0] NCCL INFO Connection to proxy localRank 0 -> connection 0x151148000e80
x3101c0s13b0n0:22509:25833 [0] NCCL INFO Channel 00/0 : 0[7000] -> 4[7000] [send] via NET/Socket/0
x3101c0s13b0n0:22509:25889 [0] NCCL INFO New proxy send connection 9 from local rank 0, transport 2
x3101c0s13b0n0:22509:25833 [0] NCCL INFO Connection to proxy localRank 0 -> connection 0x151148000ec0
x3101c0s13b0n0:22509:25833 [0] NCCL INFO Channel 01/0 : 0[7000] -> 4[7000] [send] via NET/Socket/0
x3101c0s13b0n0:22509:25889 [0] NCCL INFO transport/net.cc:571 Cuda Host Alloc Size 9641984 pointer 0x151165600000
x3101c0s13b0n0:22509:25889 [0] NCCL INFO transport/net.cc:571 Cuda Host Alloc Size 9641984 pointer 0x151167600000
x3101c0s13b0n0:22509:25889 [0] NCCL INFO transport/net.cc:698 Cuda Host Alloc Size 9641984 pointer 0x15116b600000
x3101c0s13b0n0:22509:25889 [0] NCCL INFO transport/net.cc:698 Cuda Host Alloc Size 9641984 pointer 0x15116d600000
x3101c0s13b0n0:22509:25833 [0] NCCL INFO Connected all trees by HAO
x3101c0s13b0n0:22509:25833 [0] NCCL INFO Latency/AlgBw |    Tree/    LL |    Tree/ LL128 |    Tree/Simple |    Ring/    LL |    Ring/ LL128 |    Ring/Simple | CollNetDirect/    LL | CollNetDirect/ LL128 | CollNetDirect/Simple | CollNetChain/    LL | CollNetChain/ LL128 | CollNetChain/Simple |
x3101c0s13b0n0:22509:25833 [0] NCCL INFO  Max NThreads |            512 |            640 |            512 |            512 |            640 |            512 |              0 |              0 |            512 |              0 |              0 |            512 |
x3101c0s13b0n0:22509:25833 [0] NCCL INFO     Broadcast |     0.0/   0.0 |     0.0/   0.0 |     0.0/   0.0 |     6.3/   6.0 |    14.0/   0.0 |    18.0/  24.0 |     0.0/   0.0 |     0.0/   0.0 |     0.0/   0.0 |     0.0/   0.0 |     0.0/   0.0 |     0.0/   0.0 |
x3101c0s13b0n0:22509:25833 [0] NCCL INFO        Reduce |     0.0/   0.0 |     0.0/   0.0 |     0.0/   0.0 |     6.3/   6.0 |    14.0/   0.0 |    18.0/  24.0 |     0.0/   0.0 |     0.0/   0.0 |     0.0/   0.0 |     0.0/   0.0 |     0.0/   0.0 |     0.0/   0.0 |
x3101c0s13b0n0:22509:25833 [0] NCCL INFO     AllGather |     0.0/   0.0 |     0.0/   0.0 |     0.0/   0.0 |    11.4/   6.9 |    25.4/   0.0 |    38.4/  27.4 |     0.0/   0.0 |     0.0/   0.0 |     0.0/   0.0 |     0.0/   0.0 |     0.0/   0.0 |     0.0/   0.0 |
x3101c0s13b0n0:22509:25833 [0] NCCL INFO ReduceScatter |     0.0/   0.0 |     0.0/   0.0 |     0.0/   0.0 |    11.4/   6.9 |    25.4/   0.0 |    38.4/  27.4 |     0.0/   0.0 |     0.0/   0.0 |     0.0/   0.0 |     0.0/   0.0 |     0.0/   0.0 |     0.0/   0.0 |
x3101c0s13b0n0:22509:25833 [0] NCCL INFO     AllReduce |    20.0/   3.1 |    28.9/   0.0 |   224.0/  11.8 |    22.9/   3.4 |    45.0/   0.0 |    80.8/  13.7 |     7.4/   0.0 |     7.4/   0.0 |    29.7/   0.0 |     4.4/   0.0 |     4.4/   0.0 |    48.0/   0.0 |
x3101c0s13b0n0:22509:25833 [0] NCCL INFO threadThresholds 8/8/64 | 64/8/64 | 512 | 512
x3101c0s13b0n0:22509:25833 [0] NCCL INFO 2 coll channels, 2 p2p channels, 2 p2p channels per peer
x3101c0s13b0n0:22509:25889 [0] NCCL INFO New proxy send connection 10 from local rank 0, transport 2
x3101c0s13b0n0:22509:25833 [0] NCCL INFO Connection to proxy localRank 0 -> connection 0x151148000f00
x3101c0s13b0n0:22509:25833 [0] NCCL INFO init.cc:367 Cuda Alloc Size 5168 pointer 0x151316005600
x3101c0s13b0n0:22511:25836 [2] NCCL INFO init.cc:367 Cuda Alloc Size 5168 pointer 0x1501b9e05600
x3101c0s13b0n0:22510:25834 [1] NCCL INFO init.cc:367 Cuda Alloc Size 5168 pointer 0x147e9be05600
x3101c0s13b0n0:22512:25835 [3] NCCL INFO init.cc:367 Cuda Alloc Size 5168 pointer 0x145ed9e05600
x3101c0s13b0n0:22512:25835 [3] NCCL INFO init.cc:392 Cuda Host Alloc Size 33554432 pointer 0x145cfe000000
x3101c0s13b0n0:22512:25835 [3] NCCL INFO init.cc:398 Cuda Host Alloc Size 128 pointer 0x145ed9400600
x3101c0s13b0n0:22512:25835 [3] NCCL INFO comm 0x56322426ff50 rank 3 nranks 8 cudaDev 3 busId c7000 - Init COMPLETE
x3101c0s13b0n0:22511:25836 [2] NCCL INFO init.cc:392 Cuda Host Alloc Size 33554432 pointer 0x14ffd6000000
x3101c0s13b0n0:22511:25836 [2] NCCL INFO init.cc:398 Cuda Host Alloc Size 128 pointer 0x1501b9400600
x3101c0s13b0n0:22511:25836 [2] NCCL INFO comm 0x557fa72a5870 rank 2 nranks 8 cudaDev 2 busId 85000 - Init COMPLETE
x3101c0s13b0n0:22510:25834 [1] NCCL INFO init.cc:392 Cuda Host Alloc Size 33554432 pointer 0x147cb2000000
x3101c0s13b0n0:22510:25834 [1] NCCL INFO init.cc:398 Cuda Host Alloc Size 128 pointer 0x147e9b400600
x3101c0s13b0n0:22510:25834 [1] NCCL INFO comm 0x55ebe5aaab50 rank 1 nranks 8 cudaDev 1 busId 46000 - Init COMPLETE
x3101c0s13b0n0:22511:22511 [2] NCCL INFO AllReduce: opCount 0 sendbuff 0x1501f7c00400 recvbuff 0x1501f7c00400 count 1 datatype 4 op 0 root 0 comm 0x557fa72a5870 [nranks=8] stream 0x557fa40444d0
x3101c0s13b0n0:22511:22511 [2] NCCL INFO misc/utils.cc:235 memory stack hunk malloc(65536)
[LYD INFO in ncclLaunchKernel (enqueue.cc)] NCHANNELS is: 2NCCL version 2.14.3+cuda11.8
x3101c0s13b0n0:22511:22511 [2] NCCL INFO init.cc:1147 Cuda Host Alloc Size 4 pointer 0x1501b9400800
x3101c0s13b0n0:22509:25833 [0] NCCL INFO init.cc:392 Cuda Host Alloc Size 33554432 pointer 0x151142000000
x3101c0s13b0n0:22509:25833 [0] NCCL INFO init.cc:398 Cuda Host Alloc Size 128 pointer 0x151321600600
x3101c0s13b0n0:22509:25833 [0] NCCL INFO comm 0x55ad0533cc90 rank 0 nranks 8 cudaDev 0 busId 7000 - Init COMPLETE
x3101c0s13b0n0:22509:25889 [0] NCCL INFO transport/net.cc:376 Cuda Alloc Size 4194304 pointer 0x15114fc00000
x3101c0s13b0n0:22512:22512 [3] NCCL INFO AllReduce: opCount 0 sendbuff 0x145f17c00400 recvbuff 0x145f17c00400 count 1 datatype 4 op 0 root 0 comm 0x56322426ff50 [nranks=8] stream 0x563220f95280
x3101c0s13b0n0:22512:22512 [3] NCCL INFO misc/utils.cc:235 memory stack hunk malloc(65536)
[LYD INFO in ncclLaunchKernel (enqueue.cc)] NCHANNELS is: 2NCCL version 2.14.3+cuda11.8
x3101c0s13b0n0:22512:22512 [3] NCCL INFO init.cc:1147 Cuda Host Alloc Size 4 pointer 0x145ed9400800
[Hao INFO in ncclAllReduce (all_reduce.cc)] rank 0 ncclAllReduce: count: 1, datatype: ncclInt64, message size: 8 Bytes
x3101c0s13b0n0:22509:22509 [0] NCCL INFO AllReduce: opCount 0 sendbuff 0x15135fc00400 recvbuff 0x15135fc00400 count 1 datatype 4 op 0 root 0 comm 0x55ad0533cc90 [nranks=8] stream 0x55ad03de2f90
x3101c0s13b0n0:22509:22509 [0] NCCL INFO misc/utils.cc:235 memory stack hunk malloc(65536)

[LYD INFO in ncclAllReduce (all_reduce.cc)] rank 0 AllReduce Time: 0.000052000 seconds

[LYD INFO in getAlgoInfo (enqueue.cc)] algorithm a is: 0

[LYD INFO in getAlgoInfo (enqueue.cc)] algorithm a is: 1

[LYD INFO in getAlgoInfo (enqueue.cc)] rank: 0, Duration between Point 1 and Point 2: 0.000018000 seconds

[LYD INFO in getAlgoInfo (enqueue.cc)] rank 0, Duration between Point 2 and Point 3: 0.000000000 seconds
[LYD INFO in getAlgoInfo (enqueue.cc)] out rank: 0
[LYD INFO in getAlgoInfo (enqueue.cc)] out coll: 4
[LYD INFO in getAlgoInfo (enqueue.cc)] out sendbuff address: 0x15135fc00400
[LYD INFO in getAlgoInfo (enqueue.cc)] out recvbuff address: 0x15135fc00400
[LYD INFO in getAlgoInfo (enqueue.cc)] out count: 1
[LYD INFO in getAlgoInfo (enqueue.cc)] out datatype: 4
[LYD INFO in getAlgoInfo (enqueue.cc)] out chunkSteps: 4
[LYD INFO in getAlgoInfo (enqueue.cc)] out sliceSteps: 2
[LYD INFO in getAlgoInfo (enqueue.cc)] out algorithm: 0
[LYD INFO in getAlgoInfo (enqueue.cc)] out protocol: 0
[LYD INFO in getAlgoInfo (enqueue.cc)] out nChannels: 1
[LYD INFO in getAlgoInfo (enqueue.cc)] out nThreads: 96
[LYD INFO in getAlgoInfo (enqueue.cc)] out nBytes: 8
[LYD INFO in getAlgoInfo (enqueue.cc)] out nstepsPerLoop: 0
[LYD INFO in getAlgoInfo (enqueue.cc)] out nchunksPerLoop: 0
[LYD INFO in getAlgoInfo (enqueue.cc)] out chunkSize: 0
[LYD INFO in ncclLaunchKernel (enqueue.cc)] NCHANNELS is: 2x3101c0s13b0n0:22509:22509 [0] NCCL INFO init.cc:1147 Cuda Host Alloc Size 4 pointer 0x151321600800
x3101c0s13b0n0:22510:22510 [1] NCCL INFO AllReduce: opCount 0 sendbuff 0x147edbc00400 recvbuff 0x147edbc00400 count 1 datatype 4 op 0 root 0 comm 0x55ebe5aaab50 [nranks=8] stream 0x55ebe28eff40
x3101c0s13b0n0:22510:22510 [1] NCCL INFO misc/utils.cc:235 memory stack hunk malloc(65536)
[LYD INFO in ncclLaunchKernel (enqueue.cc)] NCHANNELS is: 2NCCL version 2.14.3+cuda11.8
x3101c0s13b0n0:22510:22510 [1] NCCL INFO init.cc:1147 Cuda Host Alloc Size 4 pointer 0x147e9b400800
x3101c0s13b0n0:22511:26010 [2] NCCL INFO Using network Socket
x3101c0s13b0n0:22512:26013 [3] NCCL INFO Using network Socket
x3101c0s13b0n0:22509:26016 [0] NCCL INFO Using network Socket
x3101c0s13b0n0:22510:26018 [1] NCCL INFO Using network Socket

[LYD INFO in NCCL_KERN_NAME (common.h)] 0 AllReduce TREE LL Sum int64_t Elapsed time: 123733 us

[LYD INFO in NCCL_KERN_NAME (common.h)] 3 AllReduce TREE LL Sum int64_t Elapsed time: 152528 us

[LYD INFO in NCCL_KERN_NAME (common.h)] 1 AllReduce TREE LL Sum int64_t Elapsed time: 110689 us

[LYD INFO in NCCL_KERN_NAME (common.h)] 2 AllReduce TREE LL Sum int64_t Elapsed time: 164308 us
x3101c0s13b0n0:22511:26010 [2] NCCL INFO NET/Socket : GPU Direct RDMA Disabled for HCA 0 'hsn0'
x3101c0s13b0n0:22511:26010 [2] NCCL INFO === System : maxBw 5000.0 totalBw 0.0 ===
x3101c0s13b0n0:22511:26010 [2] NCCL INFO CPU/1 (1/2/-1)
x3101c0s13b0n0:22511:26010 [2] NCCL INFO + SYS[5000.0] - CPU/2
x3101c0s13b0n0:22511:26010 [2] NCCL INFO + PCI[24.0] - PCI/83000 (11f8406811f8beef)
x3101c0s13b0n0:22511:26010 [2] NCCL INFO               + PCI[24.0] - GPU/85000 (0)
x3101c0s13b0n0:22511:26010 [2] NCCL INFO CPU/2 (1/2/-1)
x3101c0s13b0n0:22511:26010 [2] NCCL INFO + SYS[5000.0] - CPU/1
x3101c0s13b0n0:22511:26010 [2] NCCL INFO + PCI[24.0] - NIC/43000
x3101c0s13b0n0:22511:26010 [2] NCCL INFO ==========================================
x3101c0s13b0n0:22511:26010 [2] NCCL INFO GPU/85000 :GPU/85000 (0/5000.000000/LOC) CPU/1 (2/24.000000/PHB) CPU/2 (3/24.000000/SYS) 
x3101c0s13b0n0:22511:26010 [2] NCCL INFO Pattern 4, crossNic 0, nChannels 16, bw 44.000000/44.000000, type LOC/PIX, sameChannels 1
x3101c0s13b0n0:22511:26010 [2] NCCL INFO  0 : GPU/0
x3101c0s13b0n0:22511:26010 [2] NCCL INFO  1 : GPU/0
x3101c0s13b0n0:22511:26010 [2] NCCL INFO  2 : GPU/0
x3101c0s13b0n0:22511:26010 [2] NCCL INFO  3 : GPU/0
x3101c0s13b0n0:22511:26010 [2] NCCL INFO  4 : GPU/0
x3101c0s13b0n0:22511:26010 [2] NCCL INFO  5 : GPU/0
x3101c0s13b0n0:22511:26010 [2] NCCL INFO  6 : GPU/0
x3101c0s13b0n0:22511:26010 [2] NCCL INFO  7 : GPU/0
x3101c0s13b0n0:22511:26010 [2] NCCL INFO  8 : GPU/0
x3101c0s13b0n0:22511:26010 [2] NCCL INFO  9 : GPU/0
x3101c0s13b0n0:22511:26010 [2] NCCL INFO 10 : GPU/0
x3101c0s13b0n0:22511:26010 [2] NCCL INFO 11 : GPU/0
x3101c0s13b0n0:22511:26010 [2] NCCL INFO 12 : GPU/0
x3101c0s13b0n0:22511:26010 [2] NCCL INFO 13 : GPU/0
x3101c0s13b0n0:22511:26010 [2] NCCL INFO 14 : GPU/0
x3101c0s13b0n0:22511:26010 [2] NCCL INFO 15 : GPU/0
x3101c0s13b0n0:22511:26010 [2] NCCL INFO Pattern 3, crossNic 0, nChannels 16, bw 44.000000/44.000000, type LOC/PIX, sameChannels 1
x3101c0s13b0n0:22511:26010 [2] NCCL INFO  0 : GPU/0
x3101c0s13b0n0:22511:26010 [2] NCCL INFO  1 : GPU/0
x3101c0s13b0n0:22511:26010 [2] NCCL INFO  2 : GPU/0
x3101c0s13b0n0:22511:26010 [2] NCCL INFO  3 : GPU/0
x3101c0s13b0n0:22511:26010 [2] NCCL INFO  4 : GPU/0
x3101c0s13b0n0:22511:26010 [2] NCCL INFO  5 : GPU/0
x3101c0s13b0n0:22511:26010 [2] NCCL INFO  6 : GPU/0
x3101c0s13b0n0:22511:26010 [2] NCCL INFO  7 : GPU/0
x3101c0s13b0n0:22511:26010 [2] NCCL INFO  8 : GPU/0
x3101c0s13b0n0:22511:26010 [2] NCCL INFO  9 : GPU/0
x3101c0s13b0n0:22511:26010 [2] NCCL INFO 10 : GPU/0
x3101c0s13b0n0:22511:26010 [2] NCCL INFO 11 : GPU/0
x3101c0s13b0n0:22511:26010 [2] NCCL INFO 12 : GPU/0
x3101c0s13b0n0:22511:26010 [2] NCCL INFO 13 : GPU/0
x3101c0s13b0n0:22511:26010 [2] NCCL INFO 14 : GPU/0
x3101c0s13b0n0:22511:26010 [2] NCCL INFO 15 : GPU/0
x3101c0s13b0n0:22511:26010 [2] NCCL INFO Pattern 3, crossNic 0, nChannels 16, bw 44.000000/44.000000, type LOC/PIX, sameChannels 1
x3101c0s13b0n0:22511:26010 [2] NCCL INFO  0 : GPU/0
x3101c0s13b0n0:22511:26010 [2] NCCL INFO  1 : GPU/0
x3101c0s13b0n0:22511:26010 [2] NCCL INFO  2 : GPU/0
x3101c0s13b0n0:22511:26010 [2] NCCL INFO  3 : GPU/0
x3101c0s13b0n0:22511:26010 [2] NCCL INFO  4 : GPU/0
x3101c0s13b0n0:22511:26010 [2] NCCL INFO  5 : GPU/0
x3101c0s13b0n0:22511:26010 [2] NCCL INFO  6 : GPU/0
x3101c0s13b0n0:22511:26010 [2] NCCL INFO  7 : GPU/0
x3101c0s13b0n0:22511:26010 [2] NCCL INFO  8 : GPU/0
x3101c0s13b0n0:22511:26010 [2] NCCL INFO  9 : GPU/0
x3101c0s13b0n0:22511:26010 [2] NCCL INFO 10 : GPU/0
x3101c0s13b0n0:22511:26010 [2] NCCL INFO 11 : GPU/0
x3101c0s13b0n0:22511:26010 [2] NCCL INFO 12 : GPU/0
x3101c0s13b0n0:22511:26010 [2] NCCL INFO 13 : GPU/0
x3101c0s13b0n0:22511:26010 [2] NCCL INFO 14 : GPU/0
x3101c0s13b0n0:22511:26010 [2] NCCL INFO 15 : GPU/0
x3101c0s13b0n0:22511:26010 [2] NCCL INFO Tree 0 : -1 -> 0 -> -1/-1/-1
x3101c0s13b0n0:22511:26010 [2] NCCL INFO Tree 16 : -1 -> 0 -> -1/-1/-1
x3101c0s13b0n0:22511:26010 [2] NCCL INFO Tree 1 : -1 -> 0 -> -1/-1/-1
x3101c0s13b0n0:22511:26010 [2] NCCL INFO Tree 17 : -1 -> 0 -> -1/-1/-1
x3101c0s13b0n0:22511:26010 [2] NCCL INFO Tree 2 : -1 -> 0 -> -1/-1/-1
x3101c0s13b0n0:22511:26010 [2] NCCL INFO Tree 18 : -1 -> 0 -> -1/-1/-1
x3101c0s13b0n0:22511:26010 [2] NCCL INFO Tree 3 : -1 -> 0 -> -1/-1/-1
x3101c0s13b0n0:22511:26010 [2] NCCL INFO Tree 19 : -1 -> 0 -> -1/-1/-1
x3101c0s13b0n0:22511:26010 [2] NCCL INFO Tree 4 : -1 -> 0 -> -1/-1/-1
x3101c0s13b0n0:22511:26010 [2] NCCL INFO Tree 20 : -1 -> 0 -> -1/-1/-1
x3101c0s13b0n0:22511:26010 [2] NCCL INFO Tree 5 : -1 -> 0 -> -1/-1/-1
x3101c0s13b0n0:22511:26010 [2] NCCL INFO Tree 21 : -1 -> 0 -> -1/-1/-1
x3101c0s13b0n0:22511:26010 [2] NCCL INFO Tree 6 : -1 -> 0 -> -1/-1/-1
x3101c0s13b0n0:22511:26010 [2] NCCL INFO Tree 22 : -1 -> 0 -> -1/-1/-1
x3101c0s13b0n0:22511:26010 [2] NCCL INFO Tree 7 : -1 -> 0 -> -1/-1/-1
x3101c0s13b0n0:22511:26010 [2] NCCL INFO Tree 23 : -1 -> 0 -> -1/-1/-1
x3101c0s13b0n0:22511:26010 [2] NCCL INFO Tree 8 : -1 -> 0 -> -1/-1/-1
x3101c0s13b0n0:22511:26010 [2] NCCL INFO Tree 24 : -1 -> 0 -> -1/-1/-1
x3101c0s13b0n0:22511:26010 [2] NCCL INFO Tree 9 : -1 -> 0 -> -1/-1/-1
x3101c0s13b0n0:22511:26010 [2] NCCL INFO Tree 25 : -1 -> 0 -> -1/-1/-1
x3101c0s13b0n0:22511:26010 [2] NCCL INFO Tree 10 : -1 -> 0 -> -1/-1/-1
x3101c0s13b0n0:22511:26010 [2] NCCL INFO Tree 26 : -1 -> 0 -> -1/-1/-1
x3101c0s13b0n0:22511:26010 [2] NCCL INFO Tree 11 : -1 -> 0 -> -1/-1/-1
x3101c0s13b0n0:22511:26010 [2] NCCL INFO Tree 27 : -1 -> 0 -> -1/-1/-1
x3101c0s13b0n0:22511:26010 [2] NCCL INFO Tree 12 : -1 -> 0 -> -1/-1/-1
x3101c0s13b0n0:22511:26010 [2] NCCL INFO Tree 28 : -1 -> 0 -> -1/-1/-1
x3101c0s13b0n0:22511:26010 [2] NCCL INFO Tree 13 : -1 -> 0 -> -1/-1/-1
x3101c0s13b0n0:22511:26010 [2] NCCL INFO Tree 29 : -1 -> 0 -> -1/-1/-1
x3101c0s13b0n0:22511:26010 [2] NCCL INFO Tree 14 : -1 -> 0 -> -1/-1/-1
x3101c0s13b0n0:22511:26010 [2] NCCL INFO Tree 30 : -1 -> 0 -> -1/-1/-1
x3101c0s13b0n0:22511:26010 [2] NCCL INFO Tree 15 : -1 -> 0 -> -1/-1/-1
x3101c0s13b0n0:22511:26010 [2] NCCL INFO Tree 31 : -1 -> 0 -> -1/-1/-1
x3101c0s13b0n0:22511:26010 [2] NCCL INFO Channel 00/32 :    0
x3101c0s13b0n0:22511:26010 [2] NCCL INFO Channel 01/32 :    0
x3101c0s13b0n0:22511:26010 [2] NCCL INFO Channel 02/32 :    0
x3101c0s13b0n0:22511:26010 [2] NCCL INFO Channel 03/32 :    0
x3101c0s13b0n0:22511:26010 [2] NCCL INFO Channel 04/32 :    0
x3101c0s13b0n0:22511:26010 [2] NCCL INFO Channel 05/32 :    0
x3101c0s13b0n0:22511:26010 [2] NCCL INFO Channel 06/32 :    0
x3101c0s13b0n0:22511:26010 [2] NCCL INFO Channel 07/32 :    0
x3101c0s13b0n0:22511:26010 [2] NCCL INFO Channel 08/32 :    0
x3101c0s13b0n0:22511:26010 [2] NCCL INFO Channel 09/32 :    0
x3101c0s13b0n0:22511:26010 [2] NCCL INFO Channel 10/32 :    0
x3101c0s13b0n0:22511:26010 [2] NCCL INFO Channel 11/32 :    0
x3101c0s13b0n0:22511:26010 [2] NCCL INFO Channel 12/32 :    0
x3101c0s13b0n0:22511:26010 [2] NCCL INFO Channel 13/32 :    0
x3101c0s13b0n0:22511:26010 [2] NCCL INFO Channel 14/32 :    0
x3101c0s13b0n0:22511:26010 [2] NCCL INFO Channel 15/32 :    0
x3101c0s13b0n0:22511:26010 [2] NCCL INFO Channel 16/32 :    0
x3101c0s13b0n0:22511:26010 [2] NCCL INFO Channel 17/32 :    0
x3101c0s13b0n0:22511:26010 [2] NCCL INFO Channel 18/32 :    0
x3101c0s13b0n0:22511:26010 [2] NCCL INFO Channel 19/32 :    0
x3101c0s13b0n0:22511:26010 [2] NCCL INFO Channel 20/32 :    0
x3101c0s13b0n0:22511:26010 [2] NCCL INFO Channel 21/32 :    0
x3101c0s13b0n0:22511:26010 [2] NCCL INFO Channel 22/32 :    0
x3101c0s13b0n0:22511:26010 [2] NCCL INFO Channel 23/32 :    0
x3101c0s13b0n0:22511:26010 [2] NCCL INFO Channel 24/32 :    0
x3101c0s13b0n0:22511:26010 [2] NCCL INFO Channel 25/32 :    0
x3101c0s13b0n0:22511:26010 [2] NCCL INFO Channel 26/32 :    0
x3101c0s13b0n0:22511:26010 [2] NCCL INFO Channel 27/32 :    0
x3101c0s13b0n0:22511:26010 [2] NCCL INFO Channel 28/32 :    0
x3101c0s13b0n0:22511:26010 [2] NCCL INFO Channel 29/32 :    0
x3101c0s13b0n0:22511:26010 [2] NCCL INFO Channel 30/32 :    0
x3101c0s13b0n0:22511:26010 [2] NCCL INFO Channel 31/32 :    0
x3101c0s13b0n0:22511:26010 [2] NCCL INFO Ring 00 : 0 -> 0 -> 0
x3101c0s13b0n0:22511:26010 [2] NCCL INFO Ring 01 : 0 -> 0 -> 0
x3101c0s13b0n0:22511:26010 [2] NCCL INFO Ring 02 : 0 -> 0 -> 0
x3101c0s13b0n0:22511:26010 [2] NCCL INFO Ring 03 : 0 -> 0 -> 0
x3101c0s13b0n0:22511:26010 [2] NCCL INFO Ring 04 : 0 -> 0 -> 0
x3101c0s13b0n0:22511:26010 [2] NCCL INFO Ring 05 : 0 -> 0 -> 0
x3101c0s13b0n0:22511:26010 [2] NCCL INFO Ring 06 : 0 -> 0 -> 0
x3101c0s13b0n0:22511:26010 [2] NCCL INFO Ring 07 : 0 -> 0 -> 0
x3101c0s13b0n0:22511:26010 [2] NCCL INFO Ring 08 : 0 -> 0 -> 0
x3101c0s13b0n0:22511:26010 [2] NCCL INFO Ring 09 : 0 -> 0 -> 0
x3101c0s13b0n0:22511:26010 [2] NCCL INFO Ring 10 : 0 -> 0 -> 0
x3101c0s13b0n0:22511:26010 [2] NCCL INFO Ring 11 : 0 -> 0 -> 0
x3101c0s13b0n0:22511:26010 [2] NCCL INFO Ring 12 : 0 -> 0 -> 0
x3101c0s13b0n0:22511:26010 [2] NCCL INFO Ring 13 : 0 -> 0 -> 0
x3101c0s13b0n0:22511:26010 [2] NCCL INFO Ring 14 : 0 -> 0 -> 0
x3101c0s13b0n0:22511:26010 [2] NCCL INFO Ring 15 : 0 -> 0 -> 0
x3101c0s13b0n0:22511:26010 [2] NCCL INFO Ring 16 : 0 -> 0 -> 0
x3101c0s13b0n0:22511:26010 [2] NCCL INFO Ring 17 : 0 -> 0 -> 0
x3101c0s13b0n0:22511:26010 [2] NCCL INFO Ring 18 : 0 -> 0 -> 0
x3101c0s13b0n0:22511:26010 [2] NCCL INFO Ring 19 : 0 -> 0 -> 0
x3101c0s13b0n0:22511:26010 [2] NCCL INFO Ring 20 : 0 -> 0 -> 0
x3101c0s13b0n0:22511:26010 [2] NCCL INFO Ring 21 : 0 -> 0 -> 0
x3101c0s13b0n0:22511:26010 [2] NCCL INFO Ring 22 : 0 -> 0 -> 0
x3101c0s13b0n0:22511:26010 [2] NCCL INFO Ring 23 : 0 -> 0 -> 0
x3101c0s13b0n0:22511:26010 [2] NCCL INFO Ring 24 : 0 -> 0 -> 0
x3101c0s13b0n0:22511:26010 [2] NCCL INFO Ring 25 : 0 -> 0 -> 0
x3101c0s13b0n0:22511:26010 [2] NCCL INFO Ring 26 : 0 -> 0 -> 0
x3101c0s13b0n0:22511:26010 [2] NCCL INFO Ring 27 : 0 -> 0 -> 0
x3101c0s13b0n0:22511:26010 [2] NCCL INFO Ring 28 : 0 -> 0 -> 0
x3101c0s13b0n0:22511:26010 [2] NCCL INFO Ring 29 : 0 -> 0 -> 0
x3101c0s13b0n0:22511:26010 [2] NCCL INFO Ring 30 : 0 -> 0 -> 0
x3101c0s13b0n0:22511:26010 [2] NCCL INFO Ring 31 : 0 -> 0 -> 0
x3101c0s13b0n0:22511:26010 [2] NCCL INFO Trees [0] -1/-1/-1->0->-1 [1] -1/-1/-1->0->-1 [2] -1/-1/-1->0->-1 [3] -1/-1/-1->0->-1 [4] -1/-1/-1->0->-1 [5] -1/-1/-1->0->-1 [6] -1/-1/-1->0->-1 [7] -1/-1/-1->0->-1 [8] -1/-1/-1->0->-1 [9] -1/-1/-1->0->-1 [10] -1/-1/-1->0->-1 [11] -1/-1/-1->0->-1 [12] -1/-1/-1->0->-1 [13] -1/-1/-1->0->-1 [14] -1/-1/-1->0->-1 [15] -1/-1/-1->0->-1 [16] -1/-1/-1->0->-1 [17] -1/-1/-1->0->-1 [18] -1/-1/-1->0->-1 [19] -1/-1/-1->0->-1 [20] -1/-1/-1->0->-1 [21] -1/-1/-1->0->-1 [22] -1/-1/-1->0->-1 [23] -1/-1/-1->0->-1 [24] -1/-1/-1->0->-1 [25] -1/-1/-1->0->-1 [26] -1/-1/-1->0->-1 [27] -1/-1/-1->0->-1 [28] -1/-1/-1->0->-1 [29] -1/-1/-1->0->-1 [30] -1/-1/-1->0->-1 [31] -1/-1/-1->0->-1
x3101c0s13b0n0:22511:26010 [2] NCCL INFO misc/utils.cc:235 memory stack hunk malloc(65536)
x3101c0s13b0n0:22511:26010 [2] NCCL INFO channel.cc:23 Cuda Alloc Size 768 pointer 0x1501b9e06c00
x3101c0s13b0n0:22511:26010 [2] NCCL INFO channel.cc:27 Cuda Alloc Size 4 pointer 0x1501b9e07000
x3101c0s13b0n0:22511:26010 [2] NCCL INFO channel.cc:23 Cuda Alloc Size 768 pointer 0x1501b9e07200
x3101c0s13b0n0:22511:26010 [2] NCCL INFO channel.cc:27 Cuda Alloc Size 4 pointer 0x1501b9e07600
x3101c0s13b0n0:22511:26010 [2] NCCL INFO channel.cc:23 Cuda Alloc Size 768 pointer 0x1501b9e07800
x3101c0s13b0n0:22511:26010 [2] NCCL INFO channel.cc:27 Cuda Alloc Size 4 pointer 0x1501b9e07c00
x3101c0s13b0n0:22511:26010 [2] NCCL INFO channel.cc:23 Cuda Alloc Size 768 pointer 0x1501b9e07e00
x3101c0s13b0n0:22511:26010 [2] NCCL INFO channel.cc:27 Cuda Alloc Size 4 pointer 0x1501b9e08200
x3101c0s13b0n0:22511:26010 [2] NCCL INFO channel.cc:23 Cuda Alloc Size 768 pointer 0x1501b9e08400
x3101c0s13b0n0:22511:26010 [2] NCCL INFO channel.cc:27 Cuda Alloc Size 4 pointer 0x1501b9e08800
x3101c0s13b0n0:22511:26010 [2] NCCL INFO channel.cc:23 Cuda Alloc Size 768 pointer 0x1501b9e08a00
x3101c0s13b0n0:22511:26010 [2] NCCL INFO channel.cc:27 Cuda Alloc Size 4 pointer 0x1501b9e08e00
x3101c0s13b0n0:22511:26010 [2] NCCL INFO channel.cc:23 Cuda Alloc Size 768 pointer 0x1501b9e09000
x3101c0s13b0n0:22511:26010 [2] NCCL INFO channel.cc:27 Cuda Alloc Size 4 pointer 0x1501b9e09400
x3101c0s13b0n0:22511:26010 [2] NCCL INFO channel.cc:23 Cuda Alloc Size 768 pointer 0x1501b9e09600
x3101c0s13b0n0:22511:26010 [2] NCCL INFO channel.cc:27 Cuda Alloc Size 4 pointer 0x1501b9e09a00
x3101c0s13b0n0:22511:26010 [2] NCCL INFO channel.cc:23 Cuda Alloc Size 768 pointer 0x1501b9e09c00
x3101c0s13b0n0:22511:26010 [2] NCCL INFO channel.cc:27 Cuda Alloc Size 4 pointer 0x1501b9e0a000
x3101c0s13b0n0:22511:26010 [2] NCCL INFO channel.cc:23 Cuda Alloc Size 768 pointer 0x1501b9e0a200
x3101c0s13b0n0:22511:26010 [2] NCCL INFO channel.cc:27 Cuda Alloc Size 4 pointer 0x1501b9e0a600
x3101c0s13b0n0:22511:26010 [2] NCCL INFO channel.cc:23 Cuda Alloc Size 768 pointer 0x1501b9e0a800
x3101c0s13b0n0:22511:26010 [2] NCCL INFO channel.cc:27 Cuda Alloc Size 4 pointer 0x1501b9e0ac00
x3101c0s13b0n0:22511:26010 [2] NCCL INFO channel.cc:23 Cuda Alloc Size 768 pointer 0x1501b9e0ae00
x3101c0s13b0n0:22511:26010 [2] NCCL INFO channel.cc:27 Cuda Alloc Size 4 pointer 0x1501b9e0b200
x3101c0s13b0n0:22511:26010 [2] NCCL INFO channel.cc:23 Cuda Alloc Size 768 pointer 0x1501b9e0b400
x3101c0s13b0n0:22511:26010 [2] NCCL INFO channel.cc:27 Cuda Alloc Size 4 pointer 0x1501b9e0b800
x3101c0s13b0n0:22511:26010 [2] NCCL INFO channel.cc:23 Cuda Alloc Size 768 pointer 0x1501b9e0ba00
x3101c0s13b0n0:22511:26010 [2] NCCL INFO channel.cc:27 Cuda Alloc Size 4 pointer 0x1501b9e0be00
x3101c0s13b0n0:22511:26010 [2] NCCL INFO channel.cc:23 Cuda Alloc Size 768 pointer 0x1501b9e0c000
x3101c0s13b0n0:22511:26010 [2] NCCL INFO channel.cc:27 Cuda Alloc Size 4 pointer 0x1501b9e0c400
x3101c0s13b0n0:22511:26010 [2] NCCL INFO channel.cc:23 Cuda Alloc Size 768 pointer 0x1501b9e0c600
x3101c0s13b0n0:22511:26010 [2] NCCL INFO channel.cc:27 Cuda Alloc Size 4 pointer 0x1501b9e0ca00
x3101c0s13b0n0:22511:26010 [2] NCCL INFO channel.cc:23 Cuda Alloc Size 768 pointer 0x1501b9e0cc00
x3101c0s13b0n0:22511:26010 [2] NCCL INFO channel.cc:27 Cuda Alloc Size 4 pointer 0x1501b9e0d000
x3101c0s13b0n0:22511:26010 [2] NCCL INFO channel.cc:23 Cuda Alloc Size 768 pointer 0x1501b9e0d200
x3101c0s13b0n0:22511:26010 [2] NCCL INFO channel.cc:27 Cuda Alloc Size 4 pointer 0x1501b9e0d600
x3101c0s13b0n0:22511:26010 [2] NCCL INFO channel.cc:23 Cuda Alloc Size 768 pointer 0x1501b9e0d800
x3101c0s13b0n0:22511:26010 [2] NCCL INFO channel.cc:27 Cuda Alloc Size 4 pointer 0x1501b9e0dc00
x3101c0s13b0n0:22511:26010 [2] NCCL INFO channel.cc:23 Cuda Alloc Size 768 pointer 0x1501b9e0de00
x3101c0s13b0n0:22511:26010 [2] NCCL INFO channel.cc:27 Cuda Alloc Size 4 pointer 0x1501b9e0e200
x3101c0s13b0n0:22511:26010 [2] NCCL INFO channel.cc:23 Cuda Alloc Size 768 pointer 0x1501b9e0e400
x3101c0s13b0n0:22511:26010 [2] NCCL INFO channel.cc:27 Cuda Alloc Size 4 pointer 0x1501b9e0e800
x3101c0s13b0n0:22511:26010 [2] NCCL INFO channel.cc:23 Cuda Alloc Size 768 pointer 0x1501b9e0ea00
x3101c0s13b0n0:22511:26010 [2] NCCL INFO channel.cc:27 Cuda Alloc Size 4 pointer 0x1501b9e0ee00
x3101c0s13b0n0:22511:26010 [2] NCCL INFO channel.cc:23 Cuda Alloc Size 768 pointer 0x1501b9e0f000
x3101c0s13b0n0:22511:26010 [2] NCCL INFO channel.cc:27 Cuda Alloc Size 4 pointer 0x1501b9e0f400
x3101c0s13b0n0:22511:26010 [2] NCCL INFO channel.cc:23 Cuda Alloc Size 768 pointer 0x1501b9e0f600
x3101c0s13b0n0:22511:26010 [2] NCCL INFO channel.cc:27 Cuda Alloc Size 4 pointer 0x1501b9e0fa00
x3101c0s13b0n0:22511:26010 [2] NCCL INFO channel.cc:23 Cuda Alloc Size 768 pointer 0x1501b9e0fc00
x3101c0s13b0n0:22511:26010 [2] NCCL INFO channel.cc:27 Cuda Alloc Size 4 pointer 0x1501b9e10000
x3101c0s13b0n0:22511:26010 [2] NCCL INFO channel.cc:23 Cuda Alloc Size 768 pointer 0x1501b9e10200
x3101c0s13b0n0:22511:26010 [2] NCCL INFO channel.cc:27 Cuda Alloc Size 4 pointer 0x1501b9e10600
x3101c0s13b0n0:22511:26010 [2] NCCL INFO channel.cc:23 Cuda Alloc Size 768 pointer 0x1501b9e10800
x3101c0s13b0n0:22511:26010 [2] NCCL INFO channel.cc:27 Cuda Alloc Size 4 pointer 0x1501b9e10c00
x3101c0s13b0n0:22511:26010 [2] NCCL INFO channel.cc:23 Cuda Alloc Size 768 pointer 0x1501b9e10e00
x3101c0s13b0n0:22511:26010 [2] NCCL INFO channel.cc:27 Cuda Alloc Size 4 pointer 0x1501b9e11200
x3101c0s13b0n0:22511:26010 [2] NCCL INFO channel.cc:23 Cuda Alloc Size 768 pointer 0x1501b9e11400
x3101c0s13b0n0:22511:26010 [2] NCCL INFO channel.cc:27 Cuda Alloc Size 4 pointer 0x1501b9e11800
x3101c0s13b0n0:22511:26010 [2] NCCL INFO channel.cc:23 Cuda Alloc Size 768 pointer 0x1501b9e11a00
x3101c0s13b0n0:22511:26010 [2] NCCL INFO channel.cc:27 Cuda Alloc Size 4 pointer 0x1501b9e11e00
x3101c0s13b0n0:22511:26010 [2] NCCL INFO channel.cc:23 Cuda Alloc Size 768 pointer 0x1501b9e12000
x3101c0s13b0n0:22511:26010 [2] NCCL INFO channel.cc:27 Cuda Alloc Size 4 pointer 0x1501b9e12400
x3101c0s13b0n0:22511:26010 [2] NCCL INFO channel.cc:23 Cuda Alloc Size 768 pointer 0x1501b9e12600
x3101c0s13b0n0:22511:26010 [2] NCCL INFO channel.cc:27 Cuda Alloc Size 4 pointer 0x1501b9e12a00
x3101c0s13b0n0:22511:26010 [2] NCCL INFO Connected all rings
x3101c0s13b0n0:22511:26010 [2] NCCL INFO Connected all trees by HAO
x3101c0s13b0n0:22511:26010 [2] NCCL INFO 32 coll channels, 32 p2p channels, 32 p2p channels per peer
x3101c0s13b0n0:22510:26018 [1] NCCL INFO NET/Socket : GPU Direct RDMA Disabled for HCA 0 'hsn0'
x3101c0s13b0n0:22510:26018 [1] NCCL INFO === System : maxBw 5000.0 totalBw 0.0 ===
x3101c0s13b0n0:22510:26018 [1] NCCL INFO CPU/2 (1/2/-1)
x3101c0s13b0n0:22510:26018 [1] NCCL INFO + PCI[24.0] - PCI/44000 (11f8406811f8beef)
x3101c0s13b0n0:22510:26018 [1] NCCL INFO               + PCI[24.0] - GPU/46000 (0)
x3101c0s13b0n0:22510:26018 [1] NCCL INFO + PCI[24.0] - NIC/43000
x3101c0s13b0n0:22510:26018 [1] NCCL INFO ==========================================
x3101c0s13b0n0:22510:26018 [1] NCCL INFO GPU/46000 :GPU/46000 (0/5000.000000/LOC) CPU/2 (2/24.000000/PHB) 
x3101c0s13b0n0:22510:26018 [1] NCCL INFO Pattern 4, crossNic 0, nChannels 16, bw 44.000000/44.000000, type LOC/PIX, sameChannels 1
x3101c0s13b0n0:22510:26018 [1] NCCL INFO  0 : GPU/0
x3101c0s13b0n0:22510:26018 [1] NCCL INFO  1 : GPU/0
x3101c0s13b0n0:22510:26018 [1] NCCL INFO  2 : GPU/0
x3101c0s13b0n0:22510:26018 [1] NCCL INFO  3 : GPU/0
x3101c0s13b0n0:22510:26018 [1] NCCL INFO  4 : GPU/0
x3101c0s13b0n0:22510:26018 [1] NCCL INFO  5 : GPU/0
x3101c0s13b0n0:22510:26018 [1] NCCL INFO  6 : GPU/0
x3101c0s13b0n0:22510:26018 [1] NCCL INFO  7 : GPU/0
x3101c0s13b0n0:22510:26018 [1] NCCL INFO  8 : GPU/0
x3101c0s13b0n0:22510:26018 [1] NCCL INFO  9 : GPU/0
x3101c0s13b0n0:22510:26018 [1] NCCL INFO 10 : GPU/0
x3101c0s13b0n0:22510:26018 [1] NCCL INFO 11 : GPU/0
x3101c0s13b0n0:22510:26018 [1] NCCL INFO 12 : GPU/0
x3101c0s13b0n0:22510:26018 [1] NCCL INFO 13 : GPU/0
x3101c0s13b0n0:22510:26018 [1] NCCL INFO 14 : GPU/0
x3101c0s13b0n0:22510:26018 [1] NCCL INFO 15 : GPU/0
x3101c0s13b0n0:22510:26018 [1] NCCL INFO Pattern 3, crossNic 0, nChannels 16, bw 44.000000/44.000000, type LOC/PIX, sameChannels 1
x3101c0s13b0n0:22510:26018 [1] NCCL INFO  0 : GPU/0
x3101c0s13b0n0:22510:26018 [1] NCCL INFO  1 : GPU/0
x3101c0s13b0n0:22510:26018 [1] NCCL INFO  2 : GPU/0
