x3012c0s19b0n0:7334:12002 [3] NCCL INFO ==========================================
x3012c0s19b0n0:7334:12002 [3] NCCL INFO GPU/7000 :GPU/7000 (0/5000.000000/LOC) GPU/46000 (1/88.000000/NVL) GPU/85000 (1/88.000000/NVL) GPU/C7000 (1/88.000000/NVL) CPU/3 (2/24.000000/PHB) CPU/2 (3/24.000000/SYS) CPU/1 (3/24.000000/SYS) CPU/0 (3/24.000000/SYS) NET/1 (5/12.000000/SYS) NET/0 (5/12.000000/SYS) 
x3012c0s19b0n0:7334:12002 [3] NCCL INFO GPU/46000 :GPU/7000 (1/88.000000/NVL) GPU/46000 (0/5000.000000/LOC) GPU/85000 (1/88.000000/NVL) GPU/C7000 (1/88.000000/NVL) CPU/3 (3/24.000000/SYS) CPU/2 (2/24.000000/PHB) CPU/1 (3/24.000000/SYS) CPU/0 (3/24.000000/SYS) NET/1 (4/12.000000/PHB) NET/0 (5/12.000000/SYS) 
x3012c0s19b0n0:7334:12002 [3] NCCL INFO GPU/85000 :GPU/7000 (1/88.000000/NVL) GPU/46000 (1/88.000000/NVL) GPU/85000 (0/5000.000000/LOC) GPU/C7000 (1/88.000000/NVL) CPU/3 (3/24.000000/SYS) CPU/2 (3/24.000000/SYS) CPU/1 (2/24.000000/PHB) CPU/0 (3/24.000000/SYS) NET/1 (5/12.000000/SYS) NET/0 (5/12.000000/SYS) 
x3012c0s19b0n0:7334:12002 [3] NCCL INFO GPU/C7000 :GPU/7000 (1/88.000000/NVL) GPU/46000 (1/88.000000/NVL) GPU/85000 (1/88.000000/NVL) GPU/C7000 (0/5000.000000/LOC) CPU/3 (3/24.000000/SYS) CPU/2 (3/24.000000/SYS) CPU/1 (3/24.000000/SYS) CPU/0 (2/24.000000/PHB) NET/1 (5/12.000000/SYS) NET/0 (4/12.000000/PHB) 
x3012c0s19b0n0:7334:12002 [3] NCCL INFO NET/1 :GPU/7000 (5/12.000000/SYS) GPU/46000 (4/12.000000/PHB) GPU/85000 (5/12.000000/SYS) GPU/C7000 (5/12.000000/SYS) CPU/3 (3/12.000000/SYS) CPU/2 (2/12.000000/PHB) CPU/1 (3/12.000000/SYS) CPU/0 (3/12.000000/SYS) NET/1 (0/5000.000000/LOC) NET/0 (5/12.000000/SYS) 
x3012c0s19b0n0:7334:12002 [3] NCCL INFO NET/0 :GPU/7000 (5/12.000000/SYS) GPU/46000 (5/12.000000/SYS) GPU/85000 (5/12.000000/SYS) GPU/C7000 (4/12.000000/PHB) CPU/3 (3/12.000000/SYS) CPU/2 (3/12.000000/SYS) CPU/1 (3/12.000000/SYS) CPU/0 (2/12.000000/PHB) NET/1 (5/12.000000/SYS) NET/0 (0/5000.000000/LOC) 
x3012c0s19b0n0:7334:12002 [3] NCCL INFO Setting affinity for GPU 3 to 01
x3012c0s19b0n0:7334:12002 [3] NCCL INFO Pattern 4, crossNic 0, nChannels 2, bw 12.000000/12.000000, type NVL/SYS, sameChannels 1
x3012c0s19b0n0:7334:12002 [3] NCCL INFO  0 : NET/1 GPU/9 GPU/8 GPU/10 GPU/11 NET/1
x3012c0s19b0n0:7334:12002 [3] NCCL INFO  1 : NET/0 GPU/9 GPU/8 GPU/10 GPU/11 NET/0
x3012c0s19b0n0:7334:12002 [3] NCCL INFO Pattern 1, crossNic 0, nChannels 2, bw 24.000000/12.000000, type NVL/SYS, sameChannels 1
x3012c0s19b0n0:7334:12002 [3] NCCL INFO  0 : NET/1 GPU/8 GPU/9 GPU/10 GPU/11 NET/1
x3012c0s19b0n0:7334:12002 [3] NCCL INFO  1 : NET/0 GPU/8 GPU/9 GPU/10 GPU/11 NET/0
x3012c0s19b0n0:7334:12002 [3] NCCL INFO Pattern 3, crossNic 0, nChannels 0, bw 0.000000/0.000000, type NVL/PIX, sameChannels 1
x3012c0s19b0n0:7331:12012 [0] NCCL INFO Tree 0 : 17 -> 8 -> 9/12/-1
x3012c0s19b0n0:7331:12012 [0] NCCL INFO Tree 2 : 13 -> 8 -> 9/-1/-1
x3012c0s19b0n0:7331:12012 [0] NCCL INFO Tree 1 : 17 -> 8 -> 9/12/-1
x3012c0s19b0n0:7331:12012 [0] NCCL INFO Tree 3 : 13 -> 8 -> 9/-1/-1
x3012c0s19b0n0:7331:12012 [0] NCCL INFO Ring 00 : 9 -> 8 -> 10
x3012c0s19b0n0:7331:12012 [0] NCCL INFO Ring 01 : 9 -> 8 -> 10
x3012c0s19b0n0:7331:12012 [0] NCCL INFO Ring 02 : 9 -> 8 -> 10
x3012c0s19b0n0:7331:12012 [0] NCCL INFO Ring 03 : 9 -> 8 -> 10
x3012c0s19b0n0:7331:12012 [0] NCCL INFO Trees [0] 9/12/-1->8->17 [1] 9/12/-1->8->17 [2] 9/-1/-1->8->13 [3] 9/-1/-1->8->13
x3012c0s19b0n0:7331:12012 [0] NCCL INFO misc/utils.cc:235 memory stack hunk malloc(65536)
x3012c0s19b0n0:7331:12012 [0] NCCL INFO channel.cc:23 Cuda Alloc Size 8064 pointer 0x147357817400
x3012c0s19b0n0:7331:12012 [0] NCCL INFO channel.cc:27 Cuda Alloc Size 80 pointer 0x147357819400
x3012c0s19b0n0:7331:12012 [0] NCCL INFO channel.cc:23 Cuda Alloc Size 8064 pointer 0x147357819600
x3012c0s19b0n0:7331:12012 [0] NCCL INFO channel.cc:27 Cuda Alloc Size 80 pointer 0x14735781b600
x3012c0s19b0n0:7331:12012 [0] NCCL INFO channel.cc:23 Cuda Alloc Size 8064 pointer 0x14735781b800
x3012c0s19b0n0:7331:12012 [0] NCCL INFO channel.cc:27 Cuda Alloc Size 80 pointer 0x14735781d800
x3012c0s19b0n0:7331:12012 [0] NCCL INFO channel.cc:23 Cuda Alloc Size 8064 pointer 0x14735781da00
x3012c0s19b0n0:7331:12012 [0] NCCL INFO channel.cc:27 Cuda Alloc Size 80 pointer 0x14735781fa00
x3012c0s19b0n0:7331:12012 [0] NCCL INFO Channel 00/0 : 8[7000] -> 10[85000] via P2P/IPC/read
x3012c0s19b0n0:7331:12129 [0] NCCL INFO Mem Realloc old size 0, new size 8 pointer 0x147300000c60
x3012c0s19b0n0:7331:12129 [0] NCCL INFO New proxy send connection 0 from local rank 0, transport 0
x3012c0s19b0n0:7331:12012 [0] NCCL INFO Connection to proxy localRank 0 -> connection 0x147300000c80
x3012c0s19b0n0:7331:12129 [0] NCCL INFO transport/p2p.cc:430 Cuda Alloc Size 6291456 pointer 0x14737c000000
x3012c0s19b0n0:7332:12013 [1] NCCL INFO Tree 0 : 8 -> 9 -> 10/4/-1
x3012c0s19b0n0:7332:12013 [1] NCCL INFO Tree 2 : 8 -> 9 -> 10/-1/-1
x3012c0s19b0n0:7332:12013 [1] NCCL INFO Tree 1 : 8 -> 9 -> 10/4/-1
x3012c0s19b0n0:7332:12013 [1] NCCL INFO Tree 3 : 8 -> 9 -> 10/-1/-1
x3012c0s19b0n0:7332:12013 [1] NCCL INFO Ring 00 : 7 -> 9 -> 8
x3012c0s19b0n0:7332:12013 [1] NCCL INFO Ring 01 : 7 -> 9 -> 8
x3012c0s19b0n0:7332:12013 [1] NCCL INFO Ring 02 : 7 -> 9 -> 8
x3012c0s19b0n0:7332:12013 [1] NCCL INFO Ring 03 : 7 -> 9 -> 8
x3012c0s19b0n0:7332:12013 [1] NCCL INFO Trees [0] 10/4/-1->9->8 [1] 10/4/-1->9->8 [2] 10/-1/-1->9->8 [3] 10/-1/-1->9->8
x3012c0s19b0n0:7332:12013 [1] NCCL INFO misc/utils.cc:235 memory stack hunk malloc(65536)
x3012c0s19b0n0:7332:12013 [1] NCCL INFO channel.cc:23 Cuda Alloc Size 8064 pointer 0x146607817400
x3012c0s19b0n0:7332:12013 [1] NCCL INFO channel.cc:27 Cuda Alloc Size 80 pointer 0x146607819400
x3012c0s19b0n0:7332:12013 [1] NCCL INFO channel.cc:23 Cuda Alloc Size 8064 pointer 0x146607819600
x3012c0s19b0n0:7332:12013 [1] NCCL INFO channel.cc:27 Cuda Alloc Size 80 pointer 0x14660781b600
x3012c0s19b0n0:7332:12013 [1] NCCL INFO channel.cc:23 Cuda Alloc Size 8064 pointer 0x14660781b800
x3012c0s19b0n0:7332:12013 [1] NCCL INFO channel.cc:27 Cuda Alloc Size 80 pointer 0x14660781d800
x3012c0s19b0n0:7332:12013 [1] NCCL INFO channel.cc:23 Cuda Alloc Size 8064 pointer 0x14660781da00
x3012c0s19b0n0:7332:12013 [1] NCCL INFO channel.cc:27 Cuda Alloc Size 80 pointer 0x14660781fa00
x3012c0s19b0n0:7332:12013 [1] NCCL INFO GPU Direct RDMA Disabled for GPU 46000 / HCA 1 (distance 6 > 4)
x3012c0s19b0n0:7332:12134 [1] NCCL INFO Mem Realloc old size 0, new size 8 pointer 0x1465b0000c60
x3012c0s19b0n0:7332:12134 [1] NCCL INFO Allocated 4194656 bytes of shared memory in /dev/shm/nccl-ZLhIDD

x3012c0s19b0n0:7332:12134 [1] NCCL INFO New proxy recv connection 0 from local rank 1, transport 2
x3012c0s19b0n0:7333:12016 [2] NCCL INFO Ring 00 : 8 -> 10 -> 11
x3012c0s19b0n0:7333:12016 [2] NCCL INFO Ring 01 : 8 -> 10 -> 11
x3012c0s19b0n0:7333:12016 [2] NCCL INFO Ring 02 : 8 -> 10 -> 11
x3012c0s19b0n0:7333:12016 [2] NCCL INFO Ring 03 : 8 -> 10 -> 11
x3012c0s19b0n0:7333:12016 [2] NCCL INFO Trees [0] 11/-1/-1->10->9 [1] 11/-1/-1->10->9 [2] 11/-1/-1->10->9 [3] 11/-1/-1->10->9
x3012c0s19b0n0:7333:12016 [2] NCCL INFO misc/utils.cc:235 memory stack hunk malloc(65536)
x3012c0s19b0n0:7333:12016 [2] NCCL INFO channel.cc:23 Cuda Alloc Size 8064 pointer 0x154b29817400
x3012c0s19b0n0:7333:12016 [2] NCCL INFO channel.cc:27 Cuda Alloc Size 80 pointer 0x154b29819400
x3012c0s19b0n0:7333:12016 [2] NCCL INFO channel.cc:23 Cuda Alloc Size 8064 pointer 0x154b29819600
x3012c0s19b0n0:7333:12016 [2] NCCL INFO channel.cc:27 Cuda Alloc Size 80 pointer 0x154b2981b600
x3012c0s19b0n0:7333:12016 [2] NCCL INFO channel.cc:23 Cuda Alloc Size 8064 pointer 0x154b2981b800
x3012c0s19b0n0:7333:12016 [2] NCCL INFO channel.cc:27 Cuda Alloc Size 80 pointer 0x154b2981d800
x3012c0s19b0n0:7333:12016 [2] NCCL INFO channel.cc:23 Cuda Alloc Size 8064 pointer 0x154b2981da00
x3012c0s19b0n0:7333:12016 [2] NCCL INFO channel.cc:27 Cuda Alloc Size 80 pointer 0x154b2981fa00
x3012c0s19b0n0:7333:12016 [2] NCCL INFO Channel 00/0 : 10[85000] -> 11[c7000] via P2P/IPC/read
x3012c0s19b0n0:7334:12002 [3] NCCL INFO Ring 00 : 10 -> 11 -> 13
x3012c0s19b0n0:7334:12002 [3] NCCL INFO Ring 01 : 10 -> 11 -> 13
x3012c0s19b0n0:7334:12002 [3] NCCL INFO Ring 02 : 10 -> 11 -> 13
x3012c0s19b0n0:7334:12002 [3] NCCL INFO Ring 03 : 10 -> 11 -> 13
x3012c0s19b0n0:7334:12002 [3] NCCL INFO Trees [0] -1/-1/-1->11->10 [1] -1/-1/-1->11->10 [2] -1/-1/-1->11->10 [3] -1/-1/-1->11->10
x3012c0s19b0n0:7334:12002 [3] NCCL INFO misc/utils.cc:235 memory stack hunk malloc(65536)
x3012c0s19b0n0:7334:12002 [3] NCCL INFO channel.cc:23 Cuda Alloc Size 8064 pointer 0x14c0e1817400
x3012c0s19b0n0:7334:12002 [3] NCCL INFO channel.cc:27 Cuda Alloc Size 80 pointer 0x14c0e1819400
x3012c0s19b0n0:7334:12002 [3] NCCL INFO channel.cc:23 Cuda Alloc Size 8064 pointer 0x14c0e1819600
x3012c0s19b0n0:7334:12002 [3] NCCL INFO channel.cc:27 Cuda Alloc Size 80 pointer 0x14c0e181b600
x3012c0s19b0n0:7334:12002 [3] NCCL INFO channel.cc:23 Cuda Alloc Size 8064 pointer 0x14c0e181b800
x3012c0s19b0n0:7334:12002 [3] NCCL INFO channel.cc:27 Cuda Alloc Size 80 pointer 0x14c0e181d800
x3012c0s19b0n0:7334:12002 [3] NCCL INFO channel.cc:23 Cuda Alloc Size 8064 pointer 0x14c0e181da00
x3012c0s19b0n0:7334:12002 [3] NCCL INFO channel.cc:27 Cuda Alloc Size 80 pointer 0x14c0e181fa00
x3012c0s19b0n0:7333:12135 [2] NCCL INFO Mem Realloc old size 0, new size 8 pointer 0x154ad8000c60
x3012c0s19b0n0:7333:12135 [2] NCCL INFO New proxy send connection 0 from local rank 2, transport 0
x3012c0s19b0n0:7332:12013 [1] NCCL INFO Connection to proxy localRank 1 -> connection 0x1465b0000c80
x3012c0s19b0n0:7334:12136 [3] NCCL INFO Mem Realloc old size 0, new size 8 pointer 0x14c08c000c60
x3012c0s19b0n0:7334:12136 [3] NCCL INFO New proxy recv connection 0 from local rank 3, transport 0
x3012c0s19b0n0:7334:12002 [3] NCCL INFO Connection to proxy localRank 3 -> connection 0x14c08c000c80
x3012c0s19b0n0:7331:12012 [0] NCCL INFO Channel 01/0 : 8[7000] -> 10[85000] via P2P/IPC/read
x3012c0s19b0n0:7331:12129 [0] NCCL INFO New proxy send connection 1 from local rank 0, transport 0
x3012c0s19b0n0:7334:12136 [3] NCCL INFO transport/p2p.cc:449 Cuda Alloc Size 6291456 pointer 0x14c0c7600000
x3012c0s19b0n0:7333:12016 [2] NCCL INFO Connection to proxy localRank 2 -> connection 0x154ad8000c80
x3012c0s19b0n0:7333:12135 [2] NCCL INFO transport/p2p.cc:430 Cuda Alloc Size 6291456 pointer 0x154b50000000
x3012c0s19b0n0:7332:12013 [1] NCCL INFO Channel 00/0 : 7[c7000] -> 9[46000] [receive] via NET/IB/1
x3012c0s19b0n0:7332:12013 [1] NCCL INFO GPU Direct RDMA Disabled for GPU 46000 / HCA 0 (distance 7 > 4)
x3012c0s19b0n0:7332:12134 [1] NCCL INFO New proxy recv connection 1 from local rank 1, transport 2
x3012c0s19b0n0:7331:12012 [0] NCCL INFO Connection to proxy localRank 0 -> connection 0x147300000cc0
x3012c0s19b0n0:7331:12129 [0] NCCL INFO transport/p2p.cc:430 Cuda Alloc Size 6291456 pointer 0x14737c600000
x3012c0s19b0n0:7334:12136 [3] NCCL INFO New proxy recv connection 1 from local rank 3, transport 0
x3012c0s19b0n0:7332:12013 [1] NCCL INFO Connection to proxy localRank 1 -> connection 0x1465b0000cc0
x3012c0s19b0n0:7332:12013 [1] NCCL INFO Channel 01/0 : 7[c7000] -> 9[46000] [receive] via NET/IB/0
x3012c0s19b0n0:7332:12013 [1] NCCL INFO GPU Direct RDMA Disabled for GPU 46000 / HCA 1 (distance 6 > 4)
x3012c0s19b0n0:7333:12016 [2] NCCL INFO Channel 01/0 : 10[85000] -> 11[c7000] via P2P/IPC/read
x3012c0s19b0n0:7333:12135 [2] NCCL INFO New proxy send connection 1 from local rank 2, transport 0
x3012c0s19b0n0:7332:12134 [1] NCCL INFO New proxy recv connection 2 from local rank 1, transport 2
x3012c0s19b0n0:7333:12016 [2] NCCL INFO Connection to proxy localRank 2 -> connection 0x154ad8000cc0
x3012c0s19b0n0:7331:12012 [0] NCCL INFO Channel 02/0 : 8[7000] -> 10[85000] via P2P/IPC/read
x3012c0s19b0n0:7331:12129 [0] NCCL INFO New proxy send connection 2 from local rank 0, transport 0
x3012c0s19b0n0:7334:12002 [3] NCCL INFO Connection to proxy localRank 3 -> connection 0x14c08c000cc0
x3012c0s19b0n0:7334:12136 [3] NCCL INFO transport/p2p.cc:449 Cuda Alloc Size 6291456 pointer 0x14c103800000
x3012c0s19b0n0:7333:12135 [2] NCCL INFO transport/p2p.cc:430 Cuda Alloc Size 6291456 pointer 0x154b50600000
x3012c0s19b0n0:7333:12016 [2] NCCL INFO Channel 02/0 : 10[85000] -> 11[c7000] via P2P/IPC/read
x3012c0s19b0n0:7333:12135 [2] NCCL INFO New proxy send connection 2 from local rank 2, transport 0
x3012c0s19b0n0:7331:12012 [0] NCCL INFO Connection to proxy localRank 0 -> connection 0x147300000d00
x3012c0s19b0n0:7331:12129 [0] NCCL INFO transport/p2p.cc:430 Cuda Alloc Size 6291456 pointer 0x14737cc00000
x3012c0s19b0n0:7332:12013 [1] NCCL INFO Connection to proxy localRank 1 -> connection 0x1465b0000d00
x3012c0s19b0n0:7334:12136 [3] NCCL INFO New proxy recv connection 2 from local rank 3, transport 0
x3012c0s19b0n0:7333:12016 [2] NCCL INFO Connection to proxy localRank 2 -> connection 0x154ad8000d00
x3012c0s19b0n0:7333:12135 [2] NCCL INFO transport/p2p.cc:430 Cuda Alloc Size 6291456 pointer 0x154b50c00000
x3012c0s19b0n0:7331:12012 [0] NCCL INFO Channel 03/0 : 8[7000] -> 10[85000] via P2P/IPC/read
x3012c0s19b0n0:7331:12129 [0] NCCL INFO New proxy send connection 3 from local rank 0, transport 0
x3012c0s19b0n0:7332:12013 [1] NCCL INFO Channel 02/0 : 7[c7000] -> 9[46000] [receive] via NET/IB/1
x3012c0s19b0n0:7332:12013 [1] NCCL INFO GPU Direct RDMA Disabled for GPU 46000 / HCA 0 (distance 7 > 4)
x3012c0s19b0n0:7332:12134 [1] NCCL INFO New proxy recv connection 3 from local rank 1, transport 2
x3012c0s19b0n0:7334:12002 [3] NCCL INFO Connection to proxy localRank 3 -> connection 0x14c08c000d00
x3012c0s19b0n0:7334:12136 [3] NCCL INFO transport/p2p.cc:449 Cuda Alloc Size 6291456 pointer 0x14c103e00000
x3012c0s19b0n0:7332:12013 [1] NCCL INFO Connection to proxy localRank 1 -> connection 0x1465b0000d40
x3012c0s19b0n0:7333:12016 [2] NCCL INFO Channel 03/0 : 10[85000] -> 11[c7000] via P2P/IPC/read
x3012c0s19b0n0:7333:12135 [2] NCCL INFO New proxy send connection 3 from local rank 2, transport 0
x3012c0s19b0n0:7331:12012 [0] NCCL INFO Connection to proxy localRank 0 -> connection 0x147300000d40
x3012c0s19b0n0:7331:12129 [0] NCCL INFO transport/p2p.cc:430 Cuda Alloc Size 6291456 pointer 0x14737d200000
x3012c0s19b0n0:7334:12136 [3] NCCL INFO New proxy recv connection 3 from local rank 3, transport 0
x3012c0s19b0n0:7332:12013 [1] NCCL INFO Channel 03/0 : 7[c7000] -> 9[46000] [receive] via NET/IB/0
x3012c0s19b0n0:7333:12016 [2] NCCL INFO Connection to proxy localRank 2 -> connection 0x154ad8000d40
x3012c0s19b0n0:7333:12135 [2] NCCL INFO transport/p2p.cc:430 Cuda Alloc Size 6291456 pointer 0x154b51200000
x3012c0s19b0n0:7334:12002 [3] NCCL INFO Connection to proxy localRank 3 -> connection 0x14c08c000d40
x3012c0s19b0n0:7334:12136 [3] NCCL INFO transport/p2p.cc:449 Cuda Alloc Size 6291456 pointer 0x14c104400000
x3012c0s19b0n0:7334:12002 [3] NCCL INFO GPU Direct RDMA Disabled for GPU c7000 / HCA 1 (distance 7 > 4)
x3012c0s19b0n0:7333:12135 [2] NCCL INFO New proxy recv connection 4 from local rank 2, transport 0
x3012c0s19b0n0:7334:12136 [3] NCCL INFO Allocated 4194656 bytes of shared memory in /dev/shm/nccl-CehQ1K

x3012c0s19b0n0:7334:12136 [3] NCCL INFO New proxy send connection 4 from local rank 3, transport 2
x3012c0s19b0n0:7334:12002 [3] NCCL INFO Connection to proxy localRank 3 -> connection 0x14c08c000d80
x3012c0s19b0n0:7334:12002 [3] NCCL INFO Channel 00/0 : 11[c7000] -> 13[46000] [send] via NET/IB/1
x3012c0s19b0n0:7334:12002 [3] NCCL INFO GPU Direct RDMA Disabled for GPU c7000 / HCA 0 (distance 6 > 4)
x3012c0s19b0n0:7334:12136 [3] NCCL INFO New proxy send connection 5 from local rank 3, transport 2
x3012c0s19b0n0:7333:12016 [2] NCCL INFO Connection to proxy localRank 2 -> connection 0x154ad8000d80
x3012c0s19b0n0:7333:12135 [2] NCCL INFO transport/p2p.cc:449 Cuda Alloc Size 6291456 pointer 0x154ad3800000
x3012c0s19b0n0:7332:12134 [1] NCCL INFO transport/net_ib.cc:683 Ib Alloc Size 21688 pointer 0x1465b001d000
x3012c0s19b0n0:7332:12134 [1] NCCL INFO transport/net_ib.cc:696 Ib Alloc Size 552 pointer 0x1465b0024000
x3012c0s19b0n0:7332:12134 [1] NCCL INFO transport/net_ib.cc:771 Ib Alloc Size 552 pointer 0x1465b0041000
x3012c0s19b0n0:7332:12134 [1] NCCL INFO transport/net.cc:698 Cuda Host Alloc Size 9641984 pointer 0x14662aa00000
x3012c0s19b0n0:7334:12002 [3] NCCL INFO Connection to proxy localRank 3 -> connection 0x14c08c000dc0
x3012c0s19b0n0:7334:12002 [3] NCCL INFO Channel 01/0 : 11[c7000] -> 13[46000] [send] via NET/IB/0
x3012c0s19b0n0:7334:12002 [3] NCCL INFO GPU Direct RDMA Disabled for GPU c7000 / HCA 1 (distance 7 > 4)
x3012c0s19b0n0:7334:12136 [3] NCCL INFO New proxy send connection 6 from local rank 3, transport 2
x3012c0s19b0n0:7333:12135 [2] NCCL INFO New proxy recv connection 5 from local rank 2, transport 0
x3012c0s19b0n0:7332:12134 [1] NCCL INFO transport/net_ib.cc:683 Ib Alloc Size 21688 pointer 0x1465b0043000
x3012c0s19b0n0:7332:12134 [1] NCCL INFO transport/net_ib.cc:696 Ib Alloc Size 552 pointer 0x1465b004a000
x3012c0s19b0n0:7334:12002 [3] NCCL INFO Connection to proxy localRank 3 -> connection 0x14c08c000e00
x3012c0s19b0n0:7334:12002 [3] NCCL INFO Channel 02/0 : 11[c7000] -> 13[46000] [send] via NET/IB/1
x3012c0s19b0n0:7334:12002 [3] NCCL INFO GPU Direct RDMA Disabled for GPU c7000 / HCA 0 (distance 6 > 4)
x3012c0s19b0n0:7334:12136 [3] NCCL INFO New proxy send connection 7 from local rank 3, transport 2
x3012c0s19b0n0:7332:12134 [1] NCCL INFO transport/net_ib.cc:771 Ib Alloc Size 552 pointer 0x1465b0065000
x3012c0s19b0n0:7332:12134 [1] NCCL INFO transport/net.cc:698 Cuda Host Alloc Size 9641984 pointer 0x14662b400000
x3012c0s19b0n0:7333:12016 [2] NCCL INFO Connection to proxy localRank 2 -> connection 0x154ad8000dc0
x3012c0s19b0n0:7333:12135 [2] NCCL INFO transport/p2p.cc:449 Cuda Alloc Size 6291456 pointer 0x154ad0000000
x3012c0s19b0n0:7334:12002 [3] NCCL INFO Connection to proxy localRank 3 -> connection 0x14c08c000e40
x3012c0s19b0n0:7334:12002 [3] NCCL INFO Channel 03/0 : 11[c7000] -> 13[46000] [send] via NET/IB/0
x3012c0s19b0n0:7334:12136 [3] NCCL INFO transport/net_ib.cc:596 Ib Alloc Size 26560 pointer 0x14c08c020000
x3012c0s19b0n0:7332:12134 [1] NCCL INFO transport/net_ib.cc:683 Ib Alloc Size 21688 pointer 0x1465b0067000
x3012c0s19b0n0:7332:12134 [1] NCCL INFO transport/net_ib.cc:696 Ib Alloc Size 552 pointer 0x1465b006e000
x3012c0s19b0n0:7334:12136 [3] NCCL INFO NET/IB: Dev 1 Port 1 qpn 3193 mtu 5 GID 0 (80FE/CD1100FEFF000000)
x3012c0s19b0n0:7334:12136 [3] NCCL INFO transport/net_ib.cc:653 Ib Alloc Size 552 pointer 0x14c08c038000
x3012c0s19b0n0:7334:12136 [3] NCCL INFO transport/net.cc:571 Cuda Host Alloc Size 9641984 pointer 0x14c092c00000
x3012c0s19b0n0:7332:12134 [1] NCCL INFO transport/net_ib.cc:771 Ib Alloc Size 552 pointer 0x1465b0089000
x3012c0s19b0n0:7332:12134 [1] NCCL INFO transport/net.cc:698 Cuda Host Alloc Size 9641984 pointer 0x14662be00000
x3012c0s19b0n0:7333:12135 [2] NCCL INFO New proxy recv connection 6 from local rank 2, transport 0
x3012c0s19b0n0:7334:12136 [3] NCCL INFO transport/net_ib.cc:596 Ib Alloc Size 26560 pointer 0x14c08c03a000
x3012c0s19b0n0:7332:12134 [1] NCCL INFO transport/net_ib.cc:683 Ib Alloc Size 21688 pointer 0x1465b008b000
x3012c0s19b0n0:7332:12134 [1] NCCL INFO transport/net_ib.cc:696 Ib Alloc Size 552 pointer 0x1465b0092000
x3012c0s19b0n0:7334:12136 [3] NCCL INFO NET/IB: Dev 0 Port 1 qpn 3423 mtu 5 GID 0 (80FE/9B1100FEFF000000)
x3012c0s19b0n0:7334:12136 [3] NCCL INFO transport/net_ib.cc:653 Ib Alloc Size 552 pointer 0x14c08c051000
x3012c0s19b0n0:7334:12136 [3] NCCL INFO transport/net.cc:571 Cuda Host Alloc Size 9641984 pointer 0x14c093600000
x3012c0s19b0n0:7332:12134 [1] NCCL INFO transport/net_ib.cc:771 Ib Alloc Size 552 pointer 0x1465b00ad000
x3012c0s19b0n0:7332:12134 [1] NCCL INFO transport/net.cc:698 Cuda Host Alloc Size 9641984 pointer 0x14662c800000
x3012c0s19b0n0:7333:12016 [2] NCCL INFO Connection to proxy localRank 2 -> connection 0x154ad8000e00
x3012c0s19b0n0:7333:12135 [2] NCCL INFO transport/p2p.cc:449 Cuda Alloc Size 6291456 pointer 0x154ad0600000
x3012c0s19b0n0:7332:12013 [1] NCCL INFO Channel 00/0 : 9[46000] -> 8[7000] via P2P/IPC/read
x3012c0s19b0n0:7332:12134 [1] NCCL INFO New proxy send connection 4 from local rank 1, transport 0
x3012c0s19b0n0:7334:12136 [3] NCCL INFO transport/net_ib.cc:596 Ib Alloc Size 26560 pointer 0x14c08c053000
x3012c0s19b0n0:7333:12135 [2] NCCL INFO New proxy recv connection 7 from local rank 2, transport 0
x3012c0s19b0n0:7332:12013 [1] NCCL INFO Connection to proxy localRank 1 -> connection 0x1465b0000d80
x3012c0s19b0n0:7332:12134 [1] NCCL INFO transport/p2p.cc:430 Cuda Alloc Size 6291456 pointer 0x14662d200000
x3012c0s19b0n0:7334:12136 [3] NCCL INFO NET/IB: Dev 1 Port 1 qpn 3196 mtu 5 GID 0 (80FE/CD1100FEFF000000)
x3012c0s19b0n0:7334:12136 [3] NCCL INFO transport/net_ib.cc:653 Ib Alloc Size 552 pointer 0x14c08c06a000
x3012c0s19b0n0:7334:12136 [3] NCCL INFO transport/net.cc:571 Cuda Host Alloc Size 9641984 pointer 0x14c086000000
x3012c0s19b0n0:7333:12016 [2] NCCL INFO Connection to proxy localRank 2 -> connection 0x154ad8000e40
x3012c0s19b0n0:7333:12135 [2] NCCL INFO transport/p2p.cc:449 Cuda Alloc Size 6291456 pointer 0x154ad0c00000
x3012c0s19b0n0:7334:12136 [3] NCCL INFO transport/net_ib.cc:596 Ib Alloc Size 26560 pointer 0x14c08c06c000
x3012c0s19b0n0:7332:12013 [1] NCCL INFO Channel 01/0 : 9[46000] -> 8[7000] via P2P/IPC/read
x3012c0s19b0n0:7332:12134 [1] NCCL INFO New proxy send connection 5 from local rank 1, transport 0
x3012c0s19b0n0:7334:12136 [3] NCCL INFO NET/IB: Dev 0 Port 1 qpn 3426 mtu 5 GID 0 (80FE/9B1100FEFF000000)
x3012c0s19b0n0:7334:12136 [3] NCCL INFO transport/net_ib.cc:653 Ib Alloc Size 552 pointer 0x14c08c083000
x3012c0s19b0n0:7334:12136 [3] NCCL INFO transport/net.cc:571 Cuda Host Alloc Size 9641984 pointer 0x14c086a00000
x3012c0s19b0n0:7333:12016 [2] NCCL INFO Connected all rings
x3012c0s19b0n0:7333:12135 [2] NCCL INFO New proxy recv connection 8 from local rank 2, transport 0
x3012c0s19b0n0:7333:12016 [2] NCCL INFO Connection to proxy localRank 2 -> connection 0x154ad8000e80
x3012c0s19b0n0:7331:12129 [0] NCCL INFO New proxy recv connection 4 from local rank 0, transport 0
x3012c0s19b0n0:7334:12002 [3] NCCL INFO Connected all rings
x3012c0s19b0n0:7334:12002 [3] NCCL INFO Channel 00/0 : 11[c7000] -> 10[85000] via P2P/IPC/read
x3012c0s19b0n0:7334:12136 [3] NCCL INFO New proxy send connection 8 from local rank 3, transport 0
x3012c0s19b0n0:7332:12013 [1] NCCL INFO Connection to proxy localRank 1 -> connection 0x1465b0000dc0
x3012c0s19b0n0:7332:12134 [1] NCCL INFO transport/p2p.cc:430 Cuda Alloc Size 6291456 pointer 0x1465aa000000
x3012c0s19b0n0:7333:12135 [2] NCCL INFO transport/p2p.cc:449 Cuda Alloc Size 6291456 pointer 0x154acec00000
x3012c0s19b0n0:7334:12002 [3] NCCL INFO Connection to proxy localRank 3 -> connection 0x14c08c000e80
x3012c0s19b0n0:7334:12136 [3] NCCL INFO transport/p2p.cc:430 Cuda Alloc Size 6291456 pointer 0x14c087400000
x3012c0s19b0n0:7332:12013 [1] NCCL INFO Channel 02/0 : 9[46000] -> 8[7000] via P2P/IPC/read
x3012c0s19b0n0:7331:12012 [0] NCCL INFO Connection to proxy localRank 0 -> connection 0x147300000d80
x3012c0s19b0n0:7331:12129 [0] NCCL INFO transport/p2p.cc:449 Cuda Alloc Size 6291456 pointer 0x1472fb800000
x3012c0s19b0n0:7332:12134 [1] NCCL INFO New proxy send connection 6 from local rank 1, transport 0
x3012c0s19b0n0:7333:12135 [2] NCCL INFO New proxy recv connection 9 from local rank 2, transport 0
x3012c0s19b0n0:7334:12002 [3] NCCL INFO Channel 01/0 : 11[c7000] -> 10[85000] via P2P/IPC/read
x3012c0s19b0n0:7334:12136 [3] NCCL INFO New proxy send connection 9 from local rank 3, transport 0
x3012c0s19b0n0:7331:12129 [0] NCCL INFO New proxy recv connection 5 from local rank 0, transport 0
x3012c0s19b0n0:7332:12013 [1] NCCL INFO Connection to proxy localRank 1 -> connection 0x1465b0000e00
x3012c0s19b0n0:7332:12134 [1] NCCL INFO transport/p2p.cc:430 Cuda Alloc Size 6291456 pointer 0x1465aa600000
x3012c0s19b0n0:7333:12016 [2] NCCL INFO Connection to proxy localRank 2 -> connection 0x154ad8000ec0
x3012c0s19b0n0:7333:12135 [2] NCCL INFO transport/p2p.cc:449 Cuda Alloc Size 6291456 pointer 0x154acf200000
x3012c0s19b0n0:7334:12002 [3] NCCL INFO Connection to proxy localRank 3 -> connection 0x14c08c000ec0
x3012c0s19b0n0:7334:12136 [3] NCCL INFO transport/p2p.cc:430 Cuda Alloc Size 6291456 pointer 0x14c087a00000
x3012c0s19b0n0:7331:12012 [0] NCCL INFO Connection to proxy localRank 0 -> connection 0x147300000dc0
x3012c0s19b0n0:7331:12129 [0] NCCL INFO transport/p2p.cc:449 Cuda Alloc Size 6291456 pointer 0x1472f8000000
x3012c0s19b0n0:7332:12013 [1] NCCL INFO Channel 03/0 : 9[46000] -> 8[7000] via P2P/IPC/read
x3012c0s19b0n0:7332:12134 [1] NCCL INFO New proxy send connection 7 from local rank 1, transport 0
x3012c0s19b0n0:7333:12135 [2] NCCL INFO New proxy recv connection 10 from local rank 2, transport 0
x3012c0s19b0n0:7334:12002 [3] NCCL INFO Channel 02/0 : 11[c7000] -> 10[85000] via P2P/IPC/read
x3012c0s19b0n0:7334:12136 [3] NCCL INFO New proxy send connection 10 from local rank 3, transport 0
x3012c0s19b0n0:7331:12129 [0] NCCL INFO New proxy recv connection 6 from local rank 0, transport 0
x3012c0s19b0n0:7332:12013 [1] NCCL INFO Connection to proxy localRank 1 -> connection 0x1465b0000e40
x3012c0s19b0n0:7332:12134 [1] NCCL INFO transport/p2p.cc:430 Cuda Alloc Size 6291456 pointer 0x1465aac00000
x3012c0s19b0n0:7333:12016 [2] NCCL INFO Connection to proxy localRank 2 -> connection 0x154ad8000f00
x3012c0s19b0n0:7333:12135 [2] NCCL INFO transport/p2p.cc:449 Cuda Alloc Size 6291456 pointer 0x154acf800000
x3012c0s19b0n0:7334:12002 [3] NCCL INFO Connection to proxy localRank 3 -> connection 0x14c08c000f00
x3012c0s19b0n0:7334:12136 [3] NCCL INFO transport/p2p.cc:430 Cuda Alloc Size 6291456 pointer 0x14c084000000
x3012c0s19b0n0:7331:12012 [0] NCCL INFO Connection to proxy localRank 0 -> connection 0x147300000e00
x3012c0s19b0n0:7331:12129 [0] NCCL INFO transport/p2p.cc:449 Cuda Alloc Size 6291456 pointer 0x1472f8600000
x3012c0s19b0n0:7333:12135 [2] NCCL INFO New proxy recv connection 11 from local rank 2, transport 0
x3012c0s19b0n0:7334:12002 [3] NCCL INFO Channel 03/0 : 11[c7000] -> 10[85000] via P2P/IPC/read
x3012c0s19b0n0:7334:12136 [3] NCCL INFO New proxy send connection 11 from local rank 3, transport 0
x3012c0s19b0n0:7331:12129 [0] NCCL INFO New proxy recv connection 7 from local rank 0, transport 0
x3012c0s19b0n0:7333:12016 [2] NCCL INFO Connection to proxy localRank 2 -> connection 0x154ad8000f40
x3012c0s19b0n0:7333:12135 [2] NCCL INFO transport/p2p.cc:449 Cuda Alloc Size 6291456 pointer 0x154acc000000
x3012c0s19b0n0:7334:12002 [3] NCCL INFO Connection to proxy localRank 3 -> connection 0x14c08c000f40
x3012c0s19b0n0:7334:12136 [3] NCCL INFO transport/p2p.cc:430 Cuda Alloc Size 6291456 pointer 0x14c084600000
x3012c0s19b0n0:7331:12012 [0] NCCL INFO Connection to proxy localRank 0 -> connection 0x147300000e40
x3012c0s19b0n0:7331:12129 [0] NCCL INFO transport/p2p.cc:449 Cuda Alloc Size 6291456 pointer 0x1472f8c00000
x3012c0s19b0n0:7331:12012 [0] NCCL INFO Connected all rings
x3012c0s19b0n0:7331:12012 [0] NCCL INFO Channel 00/0 : 8[7000] -> 9[46000] via P2P/IPC/read
x3012c0s19b0n0:7331:12129 [0] NCCL INFO New proxy send connection 8 from local rank 0, transport 0
x3012c0s19b0n0:7332:12013 [1] NCCL INFO Connected all rings
x3012c0s19b0n0:7332:12134 [1] NCCL INFO New proxy recv connection 8 from local rank 1, transport 0
x3012c0s19b0n0:7331:12012 [0] NCCL INFO Connection to proxy localRank 0 -> connection 0x147300000e80
x3012c0s19b0n0:7331:12129 [0] NCCL INFO transport/p2p.cc:430 Cuda Alloc Size 6291456 pointer 0x1472f6c00000
x3012c0s19b0n0:7331:12012 [0] NCCL INFO Channel 01/0 : 8[7000] -> 9[46000] via P2P/IPC/read
x3012c0s19b0n0:7332:12013 [1] NCCL INFO Connection to proxy localRank 1 -> connection 0x1465b0000e80
x3012c0s19b0n0:7332:12134 [1] NCCL INFO transport/p2p.cc:449 Cuda Alloc Size 6291456 pointer 0x1465a2c00000
x3012c0s19b0n0:7331:12129 [0] NCCL INFO New proxy send connection 9 from local rank 0, transport 0
x3012c0s19b0n0:7331:12012 [0] NCCL INFO Connection to proxy localRank 0 -> connection 0x147300000ec0
x3012c0s19b0n0:7331:12129 [0] NCCL INFO transport/p2p.cc:430 Cuda Alloc Size 6291456 pointer 0x1472f7200000
x3012c0s19b0n0:7332:12134 [1] NCCL INFO New proxy recv connection 9 from local rank 1, transport 0
x3012c0s19b0n0:7331:12012 [0] NCCL INFO Channel 02/0 : 8[7000] -> 9[46000] via P2P/IPC/read
x3012c0s19b0n0:7331:12129 [0] NCCL INFO New proxy send connection 10 from local rank 0, transport 0
x3012c0s19b0n0:7331:12012 [0] NCCL INFO Connection to proxy localRank 0 -> connection 0x147300000f00
x3012c0s19b0n0:7331:12129 [0] NCCL INFO transport/p2p.cc:430 Cuda Alloc Size 6291456 pointer 0x1472f7800000
x3012c0s19b0n0:7332:12013 [1] NCCL INFO Connection to proxy localRank 1 -> connection 0x1465b0000ec0
x3012c0s19b0n0:7332:12134 [1] NCCL INFO transport/p2p.cc:449 Cuda Alloc Size 6291456 pointer 0x1465a3200000
x3012c0s19b0n0:7331:12012 [0] NCCL INFO Channel 03/0 : 8[7000] -> 9[46000] via P2P/IPC/read
x3012c0s19b0n0:7331:12129 [0] NCCL INFO New proxy send connection 11 from local rank 0, transport 0
x3012c0s19b0n0:7332:12134 [1] NCCL INFO New proxy recv connection 10 from local rank 1, transport 0
x3012c0s19b0n0:7331:12012 [0] NCCL INFO Connection to proxy localRank 0 -> connection 0x147300000f40
x3012c0s19b0n0:7331:12129 [0] NCCL INFO transport/p2p.cc:430 Cuda Alloc Size 6291456 pointer 0x1472f4000000
x3012c0s19b0n0:7332:12013 [1] NCCL INFO Connection to proxy localRank 1 -> connection 0x1465b0000f00
x3012c0s19b0n0:7332:12134 [1] NCCL INFO transport/p2p.cc:449 Cuda Alloc Size 6291456 pointer 0x1465a3800000
x3012c0s19b0n0:7332:12134 [1] NCCL INFO New proxy recv connection 11 from local rank 1, transport 0
x3012c0s19b0n0:7332:12013 [1] NCCL INFO Connection to proxy localRank 1 -> connection 0x1465b0000f40
x3012c0s19b0n0:7332:12134 [1] NCCL INFO transport/p2p.cc:449 Cuda Alloc Size 6291456 pointer 0x1465a0000000
x3012c0s19b0n0:7332:12013 [1] NCCL INFO Channel 00/0 : 9[46000] -> 10[85000] via P2P/IPC/read
x3012c0s19b0n0:7332:12134 [1] NCCL INFO New proxy send connection 12 from local rank 1, transport 0
x3012c0s19b0n0:7332:12013 [1] NCCL INFO Connection to proxy localRank 1 -> connection 0x1465b0000f80
x3012c0s19b0n0:7332:12134 [1] NCCL INFO transport/p2p.cc:430 Cuda Alloc Size 6291456 pointer 0x1465a0600000
x3012c0s19b0n0:7332:12013 [1] NCCL INFO Channel 01/0 : 9[46000] -> 10[85000] via P2P/IPC/read
x3012c0s19b0n0:7332:12134 [1] NCCL INFO New proxy send connection 13 from local rank 1, transport 0
x3012c0s19b0n0:7332:12013 [1] NCCL INFO Connection to proxy localRank 1 -> connection 0x1465b0000fc0
x3012c0s19b0n0:7332:12134 [1] NCCL INFO transport/p2p.cc:430 Cuda Alloc Size 6291456 pointer 0x1465a0c00000
x3012c0s19b0n0:7332:12013 [1] NCCL INFO Channel 02/0 : 9[46000] -> 10[85000] via P2P/IPC/read
x3012c0s19b0n0:7332:12134 [1] NCCL INFO New proxy send connection 14 from local rank 1, transport 0
x3012c0s19b0n0:7332:12013 [1] NCCL INFO Connection to proxy localRank 1 -> connection 0x1465b0001000
x3012c0s19b0n0:7332:12134 [1] NCCL INFO transport/p2p.cc:430 Cuda Alloc Size 6291456 pointer 0x1465a1200000
x3012c0s19b0n0:7332:12013 [1] NCCL INFO Channel 03/0 : 9[46000] -> 10[85000] via P2P/IPC/read
x3012c0s19b0n0:7332:12134 [1] NCCL INFO New proxy send connection 15 from local rank 1, transport 0
x3012c0s19b0n0:7332:12013 [1] NCCL INFO Connection to proxy localRank 1 -> connection 0x1465b0001040
x3012c0s19b0n0:7332:12134 [1] NCCL INFO transport/p2p.cc:430 Cuda Alloc Size 6291456 pointer 0x1465a1800000
x3012c0s19b0n0:7332:12013 [1] NCCL INFO GPU Direct RDMA Disabled for GPU 46000 / HCA 1 (distance 6 > 4)
x3012c0s19b0n0:7332:12134 [1] NCCL INFO New proxy recv connection 16 from local rank 1, transport 2
x3012c0s19b0n0:7331:12012 [0] NCCL INFO GPU Direct RDMA Disabled for GPU 7000 / HCA 1 (distance 7 > 4)
x3012c0s19b0n0:7331:12129 [0] NCCL INFO Allocated 4194656 bytes of shared memory in /dev/shm/nccl-7r0Wrz

x3012c0s19b0n0:7331:12129 [0] NCCL INFO New proxy send connection 12 from local rank 0, transport 2
x3012c0s19b0n0:7333:12135 [2] NCCL INFO New proxy recv connection 12 from local rank 2, transport 0
x3012c0s19b0n0:7332:12013 [1] NCCL INFO Connection to proxy localRank 1 -> connection 0x1465b0001080
x3012c0s19b0n0:7331:12012 [0] NCCL INFO Connection to proxy localRank 0 -> connection 0x147300000f80
x3012c0s19b0n0:7331:12012 [0] NCCL INFO Channel 00/0 : 8[7000] -> 12[7000] [send] via NET/IB/1
x3012c0s19b0n0:7331:12012 [0] NCCL INFO GPU Direct RDMA Disabled for GPU 7000 / HCA 0 (distance 7 > 4)
x3012c0s19b0n0:7331:12129 [0] NCCL INFO New proxy send connection 13 from local rank 0, transport 2
x3012c0s19b0n0:7333:12016 [2] NCCL INFO Connection to proxy localRank 2 -> connection 0x154ad8000f80
x3012c0s19b0n0:7333:12135 [2] NCCL INFO transport/p2p.cc:449 Cuda Alloc Size 6291456 pointer 0x154aca000000
x3012c0s19b0n0:7332:12013 [1] NCCL INFO Channel 00/0 : 4[7000] -> 9[46000] [receive] via NET/IB/1
x3012c0s19b0n0:7332:12013 [1] NCCL INFO GPU Direct RDMA Disabled for GPU 46000 / HCA 0 (distance 7 > 4)
x3012c0s19b0n0:7332:12134 [1] NCCL INFO New proxy recv connection 17 from local rank 1, transport 2
x3012c0s19b0n0:7331:12012 [0] NCCL INFO Connection to proxy localRank 0 -> connection 0x147300000fc0
x3012c0s19b0n0:7331:12012 [0] NCCL INFO Channel 01/0 : 8[7000] -> 12[7000] [send] via NET/IB/0
x3012c0s19b0n0:7333:12135 [2] NCCL INFO New proxy recv connection 13 from local rank 2, transport 0
x3012c0s19b0n0:7332:12013 [1] NCCL INFO Connection to proxy localRank 1 -> connection 0x1465b00010c0
x3012c0s19b0n0:7333:12016 [2] NCCL INFO Connection to proxy localRank 2 -> connection 0x154ad8000fc0
x3012c0s19b0n0:7333:12135 [2] NCCL INFO transport/p2p.cc:449 Cuda Alloc Size 6291456 pointer 0x154aca600000
x3012c0s19b0n0:7332:12013 [1] NCCL INFO Channel 01/0 : 4[7000] -> 9[46000] [receive] via NET/IB/0
x3012c0s19b0n0:7333:12135 [2] NCCL INFO New proxy recv connection 14 from local rank 2, transport 0
x3012c0s19b0n0:7333:12016 [2] NCCL INFO Connection to proxy localRank 2 -> connection 0x154ad8001000
x3012c0s19b0n0:7333:12135 [2] NCCL INFO transport/p2p.cc:449 Cuda Alloc Size 6291456 pointer 0x154acac00000
x3012c0s19b0n0:7333:12135 [2] NCCL INFO New proxy recv connection 15 from local rank 2, transport 0
x3012c0s19b0n0:7333:12016 [2] NCCL INFO Connection to proxy localRank 2 -> connection 0x154ad8001040
x3012c0s19b0n0:7333:12135 [2] NCCL INFO transport/p2p.cc:449 Cuda Alloc Size 6291456 pointer 0x154acb200000
x3012c0s19b0n0:7333:12016 [2] NCCL INFO Channel 00/0 : 10[85000] -> 9[46000] via P2P/IPC/read
x3012c0s19b0n0:7333:12135 [2] NCCL INFO New proxy send connection 16 from local rank 2, transport 0
x3012c0s19b0n0:7333:12016 [2] NCCL INFO Connection to proxy localRank 2 -> connection 0x154ad8001080
x3012c0s19b0n0:7333:12135 [2] NCCL INFO transport/p2p.cc:430 Cuda Alloc Size 6291456 pointer 0x154acb800000
x3012c0s19b0n0:7333:12016 [2] NCCL INFO Channel 01/0 : 10[85000] -> 9[46000] via P2P/IPC/read
x3012c0s19b0n0:7333:12135 [2] NCCL INFO New proxy send connection 17 from local rank 2, transport 0
x3012c0s19b0n0:7333:12016 [2] NCCL INFO Connection to proxy localRank 2 -> connection 0x154ad80010c0
x3012c0s19b0n0:7333:12135 [2] NCCL INFO transport/p2p.cc:430 Cuda Alloc Size 6291456 pointer 0x154ac8000000
x3012c0s19b0n0:7333:12016 [2] NCCL INFO Channel 02/0 : 10[85000] -> 9[46000] via P2P/IPC/read
x3012c0s19b0n0:7331:12129 [0] NCCL INFO transport/net_ib.cc:596 Ib Alloc Size 26560 pointer 0x14730001b000
x3012c0s19b0n0:7331:12129 [0] NCCL INFO NET/IB: Dev 1 Port 1 qpn 3197 mtu 5 GID 0 (80FE/CD1100FEFF000000)
x3012c0s19b0n0:7331:12129 [0] NCCL INFO transport/net_ib.cc:653 Ib Alloc Size 552 pointer 0x147300033000
x3012c0s19b0n0:7331:12129 [0] NCCL INFO transport/net.cc:571 Cuda Host Alloc Size 9641984 pointer 0x1472f2000000
x3012c0s19b0n0:7331:12129 [0] NCCL INFO transport/net_ib.cc:596 Ib Alloc Size 26560 pointer 0x147300035000
x3012c0s19b0n0:7333:12135 [2] NCCL INFO New proxy send connection 18 from local rank 2, transport 0
x3012c0s19b0n0:7331:12129 [0] NCCL INFO NET/IB: Dev 0 Port 1 qpn 3427 mtu 5 GID 0 (80FE/9B1100FEFF000000)
x3012c0s19b0n0:7331:12129 [0] NCCL INFO transport/net_ib.cc:653 Ib Alloc Size 552 pointer 0x14730004d000
x3012c0s19b0n0:7331:12129 [0] NCCL INFO transport/net.cc:571 Cuda Host Alloc Size 9641984 pointer 0x1472f2a00000
x3012c0s19b0n0:7331:12012 [0] NCCL INFO GPU Direct RDMA Disabled for GPU 7000 / HCA 1 (distance 7 > 4)
x3012c0s19b0n0:7331:12129 [0] NCCL INFO New proxy send connection 14 from local rank 0, transport 2
x3012c0s19b0n0:7333:12016 [2] NCCL INFO Connection to proxy localRank 2 -> connection 0x154ad8001100
x3012c0s19b0n0:7333:12135 [2] NCCL INFO transport/p2p.cc:430 Cuda Alloc Size 6291456 pointer 0x154ac8600000
x3012c0s19b0n0:7333:12016 [2] NCCL INFO Channel 03/0 : 10[85000] -> 9[46000] via P2P/IPC/read
x3012c0s19b0n0:7333:12135 [2] NCCL INFO New proxy send connection 19 from local rank 2, transport 0
x3012c0s19b0n0:7333:12016 [2] NCCL INFO Connection to proxy localRank 2 -> connection 0x154ad8001140
x3012c0s19b0n0:7331:12012 [0] NCCL INFO Connection to proxy localRank 0 -> connection 0x147300001000
x3012c0s19b0n0:7331:12012 [0] NCCL INFO Channel 02/0 : 8[7000] -> 13[46000] [send] via NET/IB/1
x3012c0s19b0n0:7331:12012 [0] NCCL INFO GPU Direct RDMA Disabled for GPU 7000 / HCA 0 (distance 7 > 4)
x3012c0s19b0n0:7331:12129 [0] NCCL INFO New proxy send connection 15 from local rank 0, transport 2
x3012c0s19b0n0:7333:12135 [2] NCCL INFO transport/p2p.cc:430 Cuda Alloc Size 6291456 pointer 0x154ac8c00000
x3012c0s19b0n0:7331:12012 [0] NCCL INFO Connection to proxy localRank 0 -> connection 0x147300001040
x3012c0s19b0n0:7331:12012 [0] NCCL INFO Channel 03/0 : 8[7000] -> 13[46000] [send] via NET/IB/0
x3012c0s19b0n0:7334:12002 [3] NCCL INFO Connected all trees by HAO
x3012c0s19b0n0:7334:12002 [3] NCCL INFO threadThresholds 8/8/64 | 160/8/64 | 512 | 512
x3012c0s19b0n0:7334:12002 [3] NCCL INFO 4 coll channels, 4 p2p channels, 2 p2p channels per peer
x3012c0s19b0n0:7334:12136 [3] NCCL INFO New proxy send connection 12 from local rank 3, transport 2
x3012c0s19b0n0:7331:12129 [0] NCCL INFO transport/net_ib.cc:596 Ib Alloc Size 26560 pointer 0x147300059000
x3012c0s19b0n0:7331:12129 [0] NCCL INFO NET/IB: Dev 1 Port 1 qpn 3198 mtu 5 GID 0 (80FE/CD1100FEFF000000)
x3012c0s19b0n0:7331:12129 [0] NCCL INFO transport/net_ib.cc:653 Ib Alloc Size 552 pointer 0x147300070000
x3012c0s19b0n0:7331:12129 [0] NCCL INFO transport/net.cc:571 Cuda Host Alloc Size 9641984 pointer 0x1472f3400000
x3012c0s19b0n0:7331:12129 [0] NCCL INFO transport/net_ib.cc:596 Ib Alloc Size 26560 pointer 0x147300072000
x3012c0s19b0n0:7332:12134 [1] NCCL INFO transport/net_ib.cc:683 Ib Alloc Size 21688 pointer 0x1465b00be000
x3012c0s19b0n0:7332:12134 [1] NCCL INFO transport/net_ib.cc:696 Ib Alloc Size 552 pointer 0x1465b001a000
x3012c0s19b0n0:7334:12002 [3] NCCL INFO Connection to proxy localRank 3 -> connection 0x14c08c000f80
x3012c0s19b0n0:7334:12136 [3] NCCL INFO transport/net.cc:376 Cuda Alloc Size 8388608 pointer 0x14c082600000
x3012c0s19b0n0:7331:12129 [0] NCCL INFO NET/IB: Dev 0 Port 1 qpn 3428 mtu 5 GID 0 (80FE/9B1100FEFF000000)
x3012c0s19b0n0:7331:12129 [0] NCCL INFO transport/net_ib.cc:653 Ib Alloc Size 552 pointer 0x147300089000
x3012c0s19b0n0:7331:12129 [0] NCCL INFO transport/net.cc:571 Cuda Host Alloc Size 9641984 pointer 0x1472ea000000
x3012c0s19b0n0:7331:12012 [0] NCCL INFO GPU Direct RDMA Disabled for GPU 7000 / HCA 1 (distance 7 > 4)
x3012c0s19b0n0:7331:12129 [0] NCCL INFO New proxy send connection 16 from local rank 0, transport 2
x3012c0s19b0n0:7332:12134 [1] NCCL INFO transport/net_ib.cc:771 Ib Alloc Size 552 pointer 0x1465b00df000
x3012c0s19b0n0:7332:12134 [1] NCCL INFO transport/net.cc:698 Cuda Host Alloc Size 9641984 pointer 0x14659d200000
x3012c0s19b0n0:7332:12134 [1] NCCL INFO transport/net_ib.cc:683 Ib Alloc Size 21688 pointer 0x1465b00e1000
x3012c0s19b0n0:7332:12134 [1] NCCL INFO transport/net_ib.cc:696 Ib Alloc Size 552 pointer 0x1465b00e8000
x3012c0s19b0n0:7331:12012 [0] NCCL INFO Connection to proxy localRank 0 -> connection 0x147300001080
x3012c0s19b0n0:7331:12012 [0] NCCL INFO Channel 00/0 : 8[7000] -> 17[46000] [send] via NET/IB/1
x3012c0s19b0n0:7331:12012 [0] NCCL INFO GPU Direct RDMA Disabled for GPU 7000 / HCA 0 (distance 7 > 4)
x3012c0s19b0n0:7331:12129 [0] NCCL INFO New proxy send connection 17 from local rank 0, transport 2
x3012c0s19b0n0:7331:12012 [0] NCCL INFO Connection to proxy localRank 0 -> connection 0x1473000010c0
x3012c0s19b0n0:7331:12012 [0] NCCL INFO Channel 01/0 : 8[7000] -> 17[46000] [send] via NET/IB/0
x3012c0s19b0n0:7332:12134 [1] NCCL INFO transport/net_ib.cc:771 Ib Alloc Size 552 pointer 0x1465b0103000
x3012c0s19b0n0:7332:12134 [1] NCCL INFO transport/net.cc:698 Cuda Host Alloc Size 9641984 pointer 0x14659a000000
x3012c0s19b0n0:7331:12129 [0] NCCL INFO transport/net_ib.cc:596 Ib Alloc Size 26560 pointer 0x147300095000
x3012c0s19b0n0:7332:12013 [1] NCCL INFO GPU Direct RDMA Disabled for GPU 46000 / HCA 1 (distance 6 > 4)
x3012c0s19b0n0:7332:12134 [1] NCCL INFO New proxy send connection 18 from local rank 1, transport 2
x3012c0s19b0n0:7331:12129 [0] NCCL INFO NET/IB: Dev 1 Port 1 qpn 3201 mtu 5 GID 0 (80FE/CD1100FEFF000000)
x3012c0s19b0n0:7331:12129 [0] NCCL INFO transport/net_ib.cc:653 Ib Alloc Size 552 pointer 0x1473000ac000
x3012c0s19b0n0:7331:12129 [0] NCCL INFO transport/net.cc:571 Cuda Host Alloc Size 9641984 pointer 0x1472eaa00000
x3012c0s19b0n0:7331:12129 [0] NCCL INFO transport/net_ib.cc:596 Ib Alloc Size 26560 pointer 0x1473000ae000
x3012c0s19b0n0:7332:12013 [1] NCCL INFO Connection to proxy localRank 1 -> connection 0x1465b0001100
x3012c0s19b0n0:7332:12013 [1] NCCL INFO Channel 00/0 : 9[46000] -> 4[7000] [send] via NET/IB/1
x3012c0s19b0n0:7332:12013 [1] NCCL INFO GPU Direct RDMA Disabled for GPU 46000 / HCA 0 (distance 7 > 4)
x3012c0s19b0n0:7331:12129 [0] NCCL INFO NET/IB: Dev 0 Port 1 qpn 3431 mtu 5 GID 0 (80FE/9B1100FEFF000000)
x3012c0s19b0n0:7331:12129 [0] NCCL INFO transport/net_ib.cc:653 Ib Alloc Size 552 pointer 0x1473000c5000
x3012c0s19b0n0:7331:12129 [0] NCCL INFO transport/net.cc:571 Cuda Host Alloc Size 9641984 pointer 0x1472eb400000
x3012c0s19b0n0:7332:12134 [1] NCCL INFO New proxy send connection 19 from local rank 1, transport 2
x3012c0s19b0n0:7331:12012 [0] NCCL INFO GPU Direct RDMA Disabled for GPU 7000 / HCA 1 (distance 7 > 4)
x3012c0s19b0n0:7331:12129 [0] NCCL INFO New proxy recv connection 18 from local rank 0, transport 2
x3012c0s19b0n0:7332:12013 [1] NCCL INFO Connection to proxy localRank 1 -> connection 0x1465b0001140
x3012c0s19b0n0:7332:12013 [1] NCCL INFO Channel 01/0 : 9[46000] -> 4[7000] [send] via NET/IB/0
x3012c0s19b0n0:7332:12134 [1] NCCL INFO transport/net_ib.cc:596 Ib Alloc Size 26560 pointer 0x1465b010f000
x3012c0s19b0n0:7332:12134 [1] NCCL INFO NET/IB: Dev 1 Port 1 qpn 3202 mtu 5 GID 0 (80FE/CD1100FEFF000000)
x3012c0s19b0n0:7332:12134 [1] NCCL INFO transport/net_ib.cc:653 Ib Alloc Size 552 pointer 0x1465b0126000
x3012c0s19b0n0:7332:12134 [1] NCCL INFO transport/net.cc:571 Cuda Host Alloc Size 9641984 pointer 0x14659aa00000
x3012c0s19b0n0:7331:12012 [0] NCCL INFO Connection to proxy localRank 0 -> connection 0x147300001100
x3012c0s19b0n0:7332:12134 [1] NCCL INFO transport/net_ib.cc:596 Ib Alloc Size 26560 pointer 0x1465b0128000
x3012c0s19b0n0:7332:12134 [1] NCCL INFO NET/IB: Dev 0 Port 1 qpn 3432 mtu 5 GID 0 (80FE/9B1100FEFF000000)
x3012c0s19b0n0:7332:12134 [1] NCCL INFO transport/net_ib.cc:653 Ib Alloc Size 552 pointer 0x1465b013f000
x3012c0s19b0n0:7332:12134 [1] NCCL INFO transport/net.cc:571 Cuda Host Alloc Size 9641984 pointer 0x14659b400000
x3012c0s19b0n0:7331:12012 [0] NCCL INFO Channel 00/0 : 17[46000] -> 8[7000] [receive] via NET/IB/1
x3012c0s19b0n0:7331:12012 [0] NCCL INFO GPU Direct RDMA Disabled for GPU 7000 / HCA 0 (distance 7 > 4)
x3012c0s19b0n0:7331:12129 [0] NCCL INFO New proxy recv connection 19 from local rank 0, transport 2
x3012c0s19b0n0:7332:12134 [1] NCCL INFO New proxy recv connection 20 from local rank 1, transport 0
x3012c0s19b0n0:7331:12012 [0] NCCL INFO Connection to proxy localRank 0 -> connection 0x147300001140
x3012c0s19b0n0:7332:12013 [1] NCCL INFO Connection to proxy localRank 1 -> connection 0x1465b0001180
x3012c0s19b0n0:7332:12134 [1] NCCL INFO transport/p2p.cc:449 Cuda Alloc Size 6291456 pointer 0x146598000000
x3012c0s19b0n0:7332:12134 [1] NCCL INFO New proxy recv connection 21 from local rank 1, transport 0
x3012c0s19b0n0:7331:12012 [0] NCCL INFO Channel 01/0 : 17[46000] -> 8[7000] [receive] via NET/IB/0
x3012c0s19b0n0:7331:12129 [0] NCCL INFO transport/net_ib.cc:683 Ib Alloc Size 21688 pointer 0x1473000d1000
x3012c0s19b0n0:7331:12129 [0] NCCL INFO transport/net_ib.cc:696 Ib Alloc Size 552 pointer 0x1473000d8000
x3012c0s19b0n0:7332:12013 [1] NCCL INFO Connection to proxy localRank 1 -> connection 0x1465b00011c0
x3012c0s19b0n0:7332:12134 [1] NCCL INFO transport/p2p.cc:449 Cuda Alloc Size 6291456 pointer 0x146598600000
x3012c0s19b0n0:7331:12129 [0] NCCL INFO transport/net_ib.cc:771 Ib Alloc Size 552 pointer 0x1473000f4000
x3012c0s19b0n0:7331:12129 [0] NCCL INFO transport/net.cc:698 Cuda Host Alloc Size 9641984 pointer 0x1472e8000000
x3012c0s19b0n0:7332:12134 [1] NCCL INFO New proxy recv connection 22 from local rank 1, transport 0
x3012c0s19b0n0:7331:12129 [0] NCCL INFO transport/net_ib.cc:683 Ib Alloc Size 21688 pointer 0x1473000f6000
x3012c0s19b0n0:7331:12129 [0] NCCL INFO transport/net_ib.cc:696 Ib Alloc Size 552 pointer 0x1473000fd000
x3012c0s19b0n0:7332:12013 [1] NCCL INFO Connection to proxy localRank 1 -> connection 0x1465b0001200
x3012c0s19b0n0:7332:12134 [1] NCCL INFO transport/p2p.cc:449 Cuda Alloc Size 6291456 pointer 0x146598c00000
x3012c0s19b0n0:7331:12129 [0] NCCL INFO transport/net_ib.cc:771 Ib Alloc Size 552 pointer 0x147300118000
x3012c0s19b0n0:7331:12129 [0] NCCL INFO transport/net.cc:698 Cuda Host Alloc Size 9641984 pointer 0x1472e8a00000
x3012c0s19b0n0:7331:12012 [0] NCCL INFO GPU Direct RDMA Disabled for GPU 7000 / HCA 1 (distance 7 > 4)
x3012c0s19b0n0:7331:12129 [0] NCCL INFO New proxy recv connection 20 from local rank 0, transport 2
x3012c0s19b0n0:7332:12134 [1] NCCL INFO New proxy recv connection 23 from local rank 1, transport 0
x3012c0s19b0n0:7331:12012 [0] NCCL INFO Connection to proxy localRank 0 -> connection 0x147300001180
x3012c0s19b0n0:7332:12013 [1] NCCL INFO Connection to proxy localRank 1 -> connection 0x1465b0001240
x3012c0s19b0n0:7332:12134 [1] NCCL INFO transport/p2p.cc:449 Cuda Alloc Size 6291456 pointer 0x146599200000
x3012c0s19b0n0:7331:12012 [0] NCCL INFO Channel 02/0 : 13[46000] -> 8[7000] [receive] via NET/IB/1
x3012c0s19b0n0:7331:12012 [0] NCCL INFO GPU Direct RDMA Disabled for GPU 7000 / HCA 0 (distance 7 > 4)
x3012c0s19b0n0:7331:12129 [0] NCCL INFO New proxy recv connection 21 from local rank 0, transport 2
x3012c0s19b0n0:7332:12013 [1] NCCL INFO Connected all trees by HAO
x3012c0s19b0n0:7332:12013 [1] NCCL INFO threadThresholds 8/8/64 | 160/8/64 | 512 | 512
x3012c0s19b0n0:7332:12013 [1] NCCL INFO 4 coll channels, 4 p2p channels, 2 p2p channels per peer
x3012c0s19b0n0:7333:12016 [2] NCCL INFO Connected all trees by HAO
x3012c0s19b0n0:7333:12016 [2] NCCL INFO threadThresholds 8/8/64 | 160/8/64 | 512 | 512
x3012c0s19b0n0:7333:12016 [2] NCCL INFO 4 coll channels, 4 p2p channels, 2 p2p channels per peer
x3012c0s19b0n0:7333:12135 [2] NCCL INFO Allocated 4194656 bytes of shared memory in /dev/shm/nccl-X8yWNG

x3012c0s19b0n0:7333:12135 [2] NCCL INFO New proxy send connection 20 from local rank 2, transport 2
x3012c0s19b0n0:7332:12134 [1] NCCL INFO New proxy send connection 24 from local rank 1, transport 2
x3012c0s19b0n0:7332:12013 [1] NCCL INFO Connection to proxy localRank 1 -> connection 0x1465b0001280
x3012c0s19b0n0:7333:12016 [2] NCCL INFO Connection to proxy localRank 2 -> connection 0x154ad8001180
x3012c0s19b0n0:7333:12135 [2] NCCL INFO transport/net.cc:376 Cuda Alloc Size 8388608 pointer 0x154ac4600000
x3012c0s19b0n0:7331:12012 [0] NCCL INFO Connection to proxy localRank 0 -> connection 0x1473000011c0
x3012c0s19b0n0:7332:12134 [1] NCCL INFO transport/net.cc:376 Cuda Alloc Size 8388608 pointer 0x146597200000
x3012c0s19b0n0:7331:12012 [0] NCCL INFO Channel 03/0 : 13[46000] -> 8[7000] [receive] via NET/IB/0
x3012c0s19b0n0:7331:12129 [0] NCCL INFO transport/net_ib.cc:683 Ib Alloc Size 21688 pointer 0x147300124000
x3012c0s19b0n0:7331:12129 [0] NCCL INFO transport/net_ib.cc:696 Ib Alloc Size 552 pointer 0x14730012b000
x3012c0s19b0n0:7331:12129 [0] NCCL INFO transport/net_ib.cc:771 Ib Alloc Size 552 pointer 0x147300146000
x3012c0s19b0n0:7331:12129 [0] NCCL INFO transport/net.cc:698 Cuda Host Alloc Size 9641984 pointer 0x1472e9400000
x3012c0s19b0n0:7331:12129 [0] NCCL INFO Mem Realloc old size 768, new size 1536 pointer 0x1473000e9990
x3012c0s19b0n0:7331:12129 [0] NCCL INFO transport/net_ib.cc:683 Ib Alloc Size 21688 pointer 0x147300148000
x3012c0s19b0n0:7331:12129 [0] NCCL INFO transport/net_ib.cc:696 Ib Alloc Size 552 pointer 0x14730014f000
x3012c0s19b0n0:7331:12129 [0] NCCL INFO transport/net_ib.cc:771 Ib Alloc Size 552 pointer 0x14730016a000
x3012c0s19b0n0:7331:12129 [0] NCCL INFO transport/net.cc:698 Cuda Host Alloc Size 9641984 pointer 0x1472e6000000
x3012c0s19b0n0:7331:12129 [0] NCCL INFO Mem Realloc old size 768, new size 1536 pointer 0x14730015f410
x3012c0s19b0n0:7331:12012 [0] NCCL INFO GPU Direct RDMA Disabled for GPU 7000 / HCA 1 (distance 7 > 4)
x3012c0s19b0n0:7331:12129 [0] NCCL INFO New proxy recv connection 22 from local rank 0, transport 2
x3012c0s19b0n0:7331:12012 [0] NCCL INFO Connection to proxy localRank 0 -> connection 0x147300001200
x3012c0s19b0n0:7331:12012 [0] NCCL INFO Channel 00/0 : 12[7000] -> 8[7000] [receive] via NET/IB/1
x3012c0s19b0n0:7331:12012 [0] NCCL INFO GPU Direct RDMA Disabled for GPU 7000 / HCA 0 (distance 7 > 4)
x3012c0s19b0n0:7331:12129 [0] NCCL INFO New proxy recv connection 23 from local rank 0, transport 2
