x3002c0s25b1n0:40980:45891 [0] NCCL INFO transport/p2p.cc:449 Cuda Alloc Size 6291456 pointer 0x1488e8200000
x3002c0s25b1n0:40982:45894 [2] NCCL INFO New proxy recv connection 11 from local rank 2, transport 0
x3002c0s25b1n0:40981:45893 [1] NCCL INFO New proxy send connection 5 from local rank 1, transport 0
x3002c0s25b1n0:40983:45732 [3] NCCL INFO Connection to proxy localRank 3 -> connection 0x1497c0000e80
x3002c0s25b1n0:40983:45895 [3] NCCL INFO transport/p2p.cc:430 Cuda Alloc Size 6291456 pointer 0x149821e00000
x3002c0s25b1n0:40981:45730 [1] NCCL INFO Connection to proxy localRank 1 -> connection 0x14b8b0000dc0
x3002c0s25b1n0:40981:45893 [1] NCCL INFO transport/p2p.cc:430 Cuda Alloc Size 6291456 pointer 0x14b919c00000
x3002c0s25b1n0:40980:45891 [0] NCCL INFO New proxy recv connection 7 from local rank 0, transport 0
x3002c0s25b1n0:40982:45729 [2] NCCL INFO Connection to proxy localRank 2 -> connection 0x147abc000f40
x3002c0s25b1n0:40982:45894 [2] NCCL INFO transport/p2p.cc:449 Cuda Alloc Size 6291456 pointer 0x147b30000000
x3002c0s25b1n0:40983:45732 [3] NCCL INFO Channel 01/0 : 19[c7000] -> 18[85000] via P2P/IPC/read
x3002c0s25b1n0:40983:45895 [3] NCCL INFO New proxy send connection 9 from local rank 3, transport 0
x3002c0s25b1n0:40981:45730 [1] NCCL INFO Channel 02/0 : 17[46000] -> 16[7000] via P2P/IPC/read
x3002c0s25b1n0:40981:45893 [1] NCCL INFO New proxy send connection 6 from local rank 1, transport 0
x3002c0s25b1n0:40981:45730 [1] NCCL INFO Connection to proxy localRank 1 -> connection 0x14b8b0000e00
x3002c0s25b1n0:40980:45731 [0] NCCL INFO Connection to proxy localRank 0 -> connection 0x148878000e40
x3002c0s25b1n0:40980:45891 [0] NCCL INFO transport/p2p.cc:449 Cuda Alloc Size 6291456 pointer 0x1488e8800000
x3002c0s25b1n0:40983:45732 [3] NCCL INFO Connection to proxy localRank 3 -> connection 0x1497c0000ec0
x3002c0s25b1n0:40983:45895 [3] NCCL INFO transport/p2p.cc:430 Cuda Alloc Size 6291456 pointer 0x149822400000
x3002c0s25b1n0:40981:45893 [1] NCCL INFO transport/p2p.cc:430 Cuda Alloc Size 6291456 pointer 0x14b91a200000
x3002c0s25b1n0:40983:45732 [3] NCCL INFO Channel 02/0 : 19[c7000] -> 18[85000] via P2P/IPC/read
x3002c0s25b1n0:40983:45895 [3] NCCL INFO New proxy send connection 10 from local rank 3, transport 0
x3002c0s25b1n0:40983:45732 [3] NCCL INFO Connection to proxy localRank 3 -> connection 0x1497c0000f00
x3002c0s25b1n0:40981:45730 [1] NCCL INFO Channel 03/0 : 17[46000] -> 16[7000] via P2P/IPC/read
x3002c0s25b1n0:40981:45893 [1] NCCL INFO New proxy send connection 7 from local rank 1, transport 0
x3002c0s25b1n0:40983:45895 [3] NCCL INFO transport/p2p.cc:430 Cuda Alloc Size 6291456 pointer 0x149822a00000
x3002c0s25b1n0:40983:45732 [3] NCCL INFO Channel 03/0 : 19[c7000] -> 18[85000] via P2P/IPC/read
x3002c0s25b1n0:40983:45895 [3] NCCL INFO New proxy send connection 11 from local rank 3, transport 0
x3002c0s25b1n0:40981:45730 [1] NCCL INFO Connection to proxy localRank 1 -> connection 0x14b8b0000e40
x3002c0s25b1n0:40981:45893 [1] NCCL INFO transport/p2p.cc:430 Cuda Alloc Size 6291456 pointer 0x14b91a800000
x3002c0s25b1n0:40983:45732 [3] NCCL INFO Connection to proxy localRank 3 -> connection 0x1497c0000f40
x3002c0s25b1n0:40983:45895 [3] NCCL INFO transport/p2p.cc:430 Cuda Alloc Size 6291456 pointer 0x149823000000
x3002c0s25b1n0:40981:45730 [1] NCCL INFO Connected all rings
x3002c0s25b1n0:40981:45893 [1] NCCL INFO New proxy recv connection 8 from local rank 1, transport 0
x3002c0s25b1n0:40980:45731 [0] NCCL INFO Connected all rings
x3002c0s25b1n0:40980:45731 [0] NCCL INFO Channel 00/0 : 16[7000] -> 17[46000] via P2P/IPC/read
x3002c0s25b1n0:40980:45891 [0] NCCL INFO New proxy send connection 8 from local rank 0, transport 0
x3002c0s25b1n0:40980:45731 [0] NCCL INFO Connection to proxy localRank 0 -> connection 0x148878000e80
x3002c0s25b1n0:40980:45891 [0] NCCL INFO transport/p2p.cc:430 Cuda Alloc Size 6291456 pointer 0x1488ea600000
x3002c0s25b1n0:40981:45730 [1] NCCL INFO Connection to proxy localRank 1 -> connection 0x14b8b0000e80
x3002c0s25b1n0:40981:45893 [1] NCCL INFO transport/p2p.cc:449 Cuda Alloc Size 6291456 pointer 0x14b91c600000
x3002c0s25b1n0:40980:45731 [0] NCCL INFO Channel 01/0 : 16[7000] -> 17[46000] via P2P/IPC/read
x3002c0s25b1n0:40980:45891 [0] NCCL INFO New proxy send connection 9 from local rank 0, transport 0
x3002c0s25b1n0:40980:45731 [0] NCCL INFO Connection to proxy localRank 0 -> connection 0x148878000ec0
x3002c0s25b1n0:40980:45891 [0] NCCL INFO transport/p2p.cc:430 Cuda Alloc Size 6291456 pointer 0x1488eac00000
x3002c0s25b1n0:40981:45893 [1] NCCL INFO New proxy recv connection 9 from local rank 1, transport 0
x3002c0s25b1n0:40981:45730 [1] NCCL INFO Connection to proxy localRank 1 -> connection 0x14b8b0000ec0
x3002c0s25b1n0:40981:45893 [1] NCCL INFO transport/p2p.cc:449 Cuda Alloc Size 6291456 pointer 0x14b91cc00000
x3002c0s25b1n0:40980:45731 [0] NCCL INFO Channel 02/0 : 16[7000] -> 17[46000] via P2P/IPC/read
x3002c0s25b1n0:40980:45891 [0] NCCL INFO New proxy send connection 10 from local rank 0, transport 0
x3002c0s25b1n0:40980:45731 [0] NCCL INFO Connection to proxy localRank 0 -> connection 0x148878000f00
x3002c0s25b1n0:40980:45891 [0] NCCL INFO transport/p2p.cc:430 Cuda Alloc Size 6291456 pointer 0x1488eb200000
x3002c0s25b1n0:40981:45893 [1] NCCL INFO New proxy recv connection 10 from local rank 1, transport 0
x3002c0s25b1n0:40981:45730 [1] NCCL INFO Connection to proxy localRank 1 -> connection 0x14b8b0000f00
x3002c0s25b1n0:40981:45893 [1] NCCL INFO transport/p2p.cc:449 Cuda Alloc Size 6291456 pointer 0x14b91d200000
x3002c0s25b1n0:40980:45731 [0] NCCL INFO Channel 03/0 : 16[7000] -> 17[46000] via P2P/IPC/read
x3002c0s25b1n0:40980:45891 [0] NCCL INFO New proxy send connection 11 from local rank 0, transport 0
x3002c0s25b1n0:40980:45731 [0] NCCL INFO Connection to proxy localRank 0 -> connection 0x148878000f40
x3002c0s25b1n0:40980:45891 [0] NCCL INFO transport/p2p.cc:430 Cuda Alloc Size 6291456 pointer 0x1488eb800000
x3002c0s25b1n0:40981:45893 [1] NCCL INFO New proxy recv connection 11 from local rank 1, transport 0
x3002c0s25b1n0:40981:45730 [1] NCCL INFO Connection to proxy localRank 1 -> connection 0x14b8b0000f40
x3002c0s25b1n0:40981:45893 [1] NCCL INFO transport/p2p.cc:449 Cuda Alloc Size 6291456 pointer 0x14b91d800000
x3002c0s25b1n0:40981:45730 [1] NCCL INFO Channel 00/0 : 17[46000] -> 18[85000] via P2P/IPC/read
x3002c0s25b1n0:40981:45893 [1] NCCL INFO New proxy send connection 12 from local rank 1, transport 0
x3002c0s25b1n0:40981:45730 [1] NCCL INFO Connection to proxy localRank 1 -> connection 0x14b8b0000f80
x3002c0s25b1n0:40981:45893 [1] NCCL INFO transport/p2p.cc:430 Cuda Alloc Size 6291456 pointer 0x14b91de00000
x3002c0s25b1n0:40981:45730 [1] NCCL INFO Channel 01/0 : 17[46000] -> 18[85000] via P2P/IPC/read
x3002c0s25b1n0:40981:45893 [1] NCCL INFO New proxy send connection 13 from local rank 1, transport 0
x3002c0s25b1n0:40981:45730 [1] NCCL INFO Connection to proxy localRank 1 -> connection 0x14b8b0000fc0
x3002c0s25b1n0:40981:45893 [1] NCCL INFO transport/p2p.cc:430 Cuda Alloc Size 6291456 pointer 0x14b91e400000
x3002c0s25b1n0:40981:45730 [1] NCCL INFO Channel 02/0 : 17[46000] -> 18[85000] via P2P/IPC/read
x3002c0s25b1n0:40981:45893 [1] NCCL INFO New proxy send connection 14 from local rank 1, transport 0
x3002c0s25b1n0:40981:45730 [1] NCCL INFO Connection to proxy localRank 1 -> connection 0x14b8b0001000
x3002c0s25b1n0:40981:45893 [1] NCCL INFO transport/p2p.cc:430 Cuda Alloc Size 6291456 pointer 0x14b91ea00000
x3002c0s25b1n0:40981:45730 [1] NCCL INFO Channel 03/0 : 17[46000] -> 18[85000] via P2P/IPC/read
x3002c0s25b1n0:40981:45893 [1] NCCL INFO New proxy send connection 15 from local rank 1, transport 0
x3002c0s25b1n0:40981:45730 [1] NCCL INFO Connection to proxy localRank 1 -> connection 0x14b8b0001040
x3002c0s25b1n0:40981:45893 [1] NCCL INFO transport/p2p.cc:430 Cuda Alloc Size 6291456 pointer 0x14b91f000000
x3002c0s25b1n0:40981:45730 [1] NCCL INFO GPU Direct RDMA Disabled for GPU 46000 / HCA 1 (distance 6 > 4)
x3002c0s25b1n0:40981:45893 [1] NCCL INFO New proxy recv connection 16 from local rank 1, transport 2
x3002c0s25b1n0:40982:45894 [2] NCCL INFO New proxy recv connection 12 from local rank 2, transport 0
x3002c0s25b1n0:40980:45731 [0] NCCL INFO GPU Direct RDMA Disabled for GPU 7000 / HCA 1 (distance 7 > 4)
x3002c0s25b1n0:40980:45891 [0] NCCL INFO Allocated 4194656 bytes of shared memory in /dev/shm/nccl-qtdctU

x3002c0s25b1n0:40980:45891 [0] NCCL INFO New proxy recv connection 12 from local rank 0, transport 2
x3002c0s25b1n0:40982:45729 [2] NCCL INFO Connection to proxy localRank 2 -> connection 0x147abc000f80
x3002c0s25b1n0:40982:45894 [2] NCCL INFO transport/p2p.cc:449 Cuda Alloc Size 6291456 pointer 0x147ac2600000
x3002c0s25b1n0:40980:45731 [0] NCCL INFO Connection to proxy localRank 0 -> connection 0x148878000f80
x3002c0s25b1n0:40981:45730 [1] NCCL INFO Connection to proxy localRank 1 -> connection 0x14b8b0001080
x3002c0s25b1n0:40982:45894 [2] NCCL INFO New proxy recv connection 13 from local rank 2, transport 0
x3002c0s25b1n0:40981:45730 [1] NCCL INFO Channel 00/0 : 8[7000] -> 17[46000] [receive] via NET/IB/1
x3002c0s25b1n0:40981:45730 [1] NCCL INFO GPU Direct RDMA Disabled for GPU 46000 / HCA 0 (distance 7 > 4)
x3002c0s25b1n0:40981:45893 [1] NCCL INFO New proxy recv connection 17 from local rank 1, transport 2
x3002c0s25b1n0:40980:45731 [0] NCCL INFO Channel 02/0 : 13[46000] -> 16[7000] [receive] via NET/IB/1
x3002c0s25b1n0:40980:45731 [0] NCCL INFO GPU Direct RDMA Disabled for GPU 7000 / HCA 0 (distance 7 > 4)
x3002c0s25b1n0:40980:45891 [0] NCCL INFO New proxy recv connection 13 from local rank 0, transport 2
x3002c0s25b1n0:40980:45731 [0] NCCL INFO Connection to proxy localRank 0 -> connection 0x148878000fc0
x3002c0s25b1n0:40980:45731 [0] NCCL INFO Channel 03/0 : 13[46000] -> 16[7000] [receive] via NET/IB/0
x3002c0s25b1n0:40982:45729 [2] NCCL INFO Connection to proxy localRank 2 -> connection 0x147abc000fc0
x3002c0s25b1n0:40982:45894 [2] NCCL INFO transport/p2p.cc:449 Cuda Alloc Size 6291456 pointer 0x147ac2c00000
x3002c0s25b1n0:40981:45730 [1] NCCL INFO Connection to proxy localRank 1 -> connection 0x14b8b00010c0
x3002c0s25b1n0:40982:45894 [2] NCCL INFO New proxy recv connection 14 from local rank 2, transport 0
x3002c0s25b1n0:40981:45730 [1] NCCL INFO Channel 01/0 : 8[7000] -> 17[46000] [receive] via NET/IB/0
x3002c0s25b1n0:40982:45729 [2] NCCL INFO Connection to proxy localRank 2 -> connection 0x147abc001000
x3002c0s25b1n0:40982:45894 [2] NCCL INFO transport/p2p.cc:449 Cuda Alloc Size 6291456 pointer 0x147ac3200000
x3002c0s25b1n0:40982:45894 [2] NCCL INFO New proxy recv connection 15 from local rank 2, transport 0
x3002c0s25b1n0:40982:45729 [2] NCCL INFO Connection to proxy localRank 2 -> connection 0x147abc001040
x3002c0s25b1n0:40982:45894 [2] NCCL INFO transport/p2p.cc:449 Cuda Alloc Size 6291456 pointer 0x147ac3800000
x3002c0s25b1n0:40982:45729 [2] NCCL INFO Channel 00/0 : 18[85000] -> 17[46000] via P2P/IPC/read
x3002c0s25b1n0:40982:45894 [2] NCCL INFO New proxy send connection 16 from local rank 2, transport 0
x3002c0s25b1n0:40982:45729 [2] NCCL INFO Connection to proxy localRank 2 -> connection 0x147abc001080
x3002c0s25b1n0:40982:45894 [2] NCCL INFO transport/p2p.cc:430 Cuda Alloc Size 6291456 pointer 0x147aba000000
x3002c0s25b1n0:40980:45891 [0] NCCL INFO transport/net_ib.cc:683 Ib Alloc Size 21688 pointer 0x14887801b000
x3002c0s25b1n0:40980:45891 [0] NCCL INFO transport/net_ib.cc:696 Ib Alloc Size 552 pointer 0x148878022000
x3002c0s25b1n0:40982:45729 [2] NCCL INFO Channel 01/0 : 18[85000] -> 17[46000] via P2P/IPC/read
x3002c0s25b1n0:40982:45894 [2] NCCL INFO New proxy send connection 17 from local rank 2, transport 0
x3002c0s25b1n0:40982:45729 [2] NCCL INFO Connection to proxy localRank 2 -> connection 0x147abc0010c0
x3002c0s25b1n0:40980:45891 [0] NCCL INFO transport/net_ib.cc:771 Ib Alloc Size 552 pointer 0x14887803f000
x3002c0s25b1n0:40980:45891 [0] NCCL INFO transport/net.cc:698 Cuda Host Alloc Size 9641984 pointer 0x148876000000
x3002c0s25b1n0:40982:45894 [2] NCCL INFO transport/p2p.cc:430 Cuda Alloc Size 6291456 pointer 0x147aba600000
x3002c0s25b1n0:40982:45729 [2] NCCL INFO Channel 02/0 : 18[85000] -> 17[46000] via P2P/IPC/read
x3002c0s25b1n0:40982:45894 [2] NCCL INFO New proxy send connection 18 from local rank 2, transport 0
x3002c0s25b1n0:40980:45891 [0] NCCL INFO transport/net_ib.cc:683 Ib Alloc Size 21688 pointer 0x148878041000
x3002c0s25b1n0:40980:45891 [0] NCCL INFO transport/net_ib.cc:696 Ib Alloc Size 552 pointer 0x148878048000
x3002c0s25b1n0:40980:45891 [0] NCCL INFO transport/net_ib.cc:771 Ib Alloc Size 552 pointer 0x148878063000
x3002c0s25b1n0:40980:45891 [0] NCCL INFO transport/net.cc:698 Cuda Host Alloc Size 9641984 pointer 0x148876a00000
x3002c0s25b1n0:40982:45729 [2] NCCL INFO Connection to proxy localRank 2 -> connection 0x147abc001100
x3002c0s25b1n0:40982:45894 [2] NCCL INFO transport/p2p.cc:430 Cuda Alloc Size 6291456 pointer 0x147abac00000
x3002c0s25b1n0:40980:45731 [0] NCCL INFO GPU Direct RDMA Disabled for GPU 7000 / HCA 1 (distance 7 > 4)
x3002c0s25b1n0:40980:45891 [0] NCCL INFO New proxy send connection 14 from local rank 0, transport 2
x3002c0s25b1n0:40982:45729 [2] NCCL INFO Channel 03/0 : 18[85000] -> 17[46000] via P2P/IPC/read
x3002c0s25b1n0:40982:45894 [2] NCCL INFO New proxy send connection 19 from local rank 2, transport 0
x3002c0s25b1n0:40980:45731 [0] NCCL INFO Connection to proxy localRank 0 -> connection 0x148878001000
x3002c0s25b1n0:40980:45731 [0] NCCL INFO Channel 00/0 : 16[7000] -> 20[7000] [send] via NET/IB/1
x3002c0s25b1n0:40980:45731 [0] NCCL INFO GPU Direct RDMA Disabled for GPU 7000 / HCA 0 (distance 7 > 4)
x3002c0s25b1n0:40980:45891 [0] NCCL INFO New proxy send connection 15 from local rank 0, transport 2
x3002c0s25b1n0:40982:45729 [2] NCCL INFO Connection to proxy localRank 2 -> connection 0x147abc001140
x3002c0s25b1n0:40982:45894 [2] NCCL INFO transport/p2p.cc:430 Cuda Alloc Size 6291456 pointer 0x147abb200000
x3002c0s25b1n0:40980:45731 [0] NCCL INFO Connection to proxy localRank 0 -> connection 0x148878001040
x3002c0s25b1n0:40980:45731 [0] NCCL INFO Channel 01/0 : 16[7000] -> 20[7000] [send] via NET/IB/0
x3002c0s25b1n0:40980:45891 [0] NCCL INFO transport/net_ib.cc:596 Ib Alloc Size 26560 pointer 0x14887806f000
x3002c0s25b1n0:40980:45891 [0] NCCL INFO NET/IB: Dev 1 Port 1 qpn 47538 mtu 5 GID 0 (80FE/DA0000FEFF000000)
x3002c0s25b1n0:40980:45891 [0] NCCL INFO transport/net_ib.cc:653 Ib Alloc Size 552 pointer 0x148878086000
x3002c0s25b1n0:40980:45891 [0] NCCL INFO transport/net.cc:571 Cuda Host Alloc Size 9641984 pointer 0x148877400000
x3002c0s25b1n0:40983:45732 [3] NCCL INFO Connected all trees by HAO
x3002c0s25b1n0:40983:45732 [3] NCCL INFO threadThresholds 8/8/64 | 192/8/64 | 512 | 512
x3002c0s25b1n0:40983:45732 [3] NCCL INFO 4 coll channels, 4 p2p channels, 2 p2p channels per peer
x3002c0s25b1n0:40983:45895 [3] NCCL INFO New proxy send connection 12 from local rank 3, transport 2
x3002c0s25b1n0:40980:45891 [0] NCCL INFO transport/net_ib.cc:596 Ib Alloc Size 26560 pointer 0x148878088000
x3002c0s25b1n0:40983:45732 [3] NCCL INFO Connection to proxy localRank 3 -> connection 0x1497c0000f80
x3002c0s25b1n0:40983:45895 [3] NCCL INFO transport/net.cc:376 Cuda Alloc Size 8388608 pointer 0x149824e00000
x3002c0s25b1n0:40980:45891 [0] NCCL INFO NET/IB: Dev 0 Port 1 qpn 47005 mtu 5 GID 0 (80FE/880000FEFF000000)
x3002c0s25b1n0:40980:45891 [0] NCCL INFO transport/net_ib.cc:653 Ib Alloc Size 552 pointer 0x14887809f000
x3002c0s25b1n0:40980:45891 [0] NCCL INFO transport/net.cc:571 Cuda Host Alloc Size 9641984 pointer 0x148874000000
x3002c0s25b1n0:40980:45731 [0] NCCL INFO GPU Direct RDMA Disabled for GPU 7000 / HCA 1 (distance 7 > 4)
x3002c0s25b1n0:40980:45891 [0] NCCL INFO New proxy send connection 16 from local rank 0, transport 2
x3002c0s25b1n0:40980:45731 [0] NCCL INFO Connection to proxy localRank 0 -> connection 0x148878001080
x3002c0s25b1n0:40980:45731 [0] NCCL INFO Channel 00/0 : 16[7000] -> 0[7000] [send] via NET/IB/1
x3002c0s25b1n0:40980:45731 [0] NCCL INFO GPU Direct RDMA Disabled for GPU 7000 / HCA 0 (distance 7 > 4)
x3002c0s25b1n0:40980:45891 [0] NCCL INFO New proxy send connection 17 from local rank 0, transport 2
x3002c0s25b1n0:40980:45731 [0] NCCL INFO Connection to proxy localRank 0 -> connection 0x1488780010c0
x3002c0s25b1n0:40980:45731 [0] NCCL INFO Channel 01/0 : 16[7000] -> 0[7000] [send] via NET/IB/0
x3002c0s25b1n0:40980:45891 [0] NCCL INFO transport/net_ib.cc:596 Ib Alloc Size 26560 pointer 0x1488780ab000
x3002c0s25b1n0:40980:45891 [0] NCCL INFO NET/IB: Dev 1 Port 1 qpn 47539 mtu 5 GID 0 (80FE/DA0000FEFF000000)
x3002c0s25b1n0:40980:45891 [0] NCCL INFO transport/net_ib.cc:653 Ib Alloc Size 552 pointer 0x1488780c2000
x3002c0s25b1n0:40980:45891 [0] NCCL INFO transport/net.cc:571 Cuda Host Alloc Size 9641984 pointer 0x148874a00000
x3002c0s25b1n0:40980:45891 [0] NCCL INFO transport/net_ib.cc:596 Ib Alloc Size 26560 pointer 0x1488780c4000
x3002c0s25b1n0:40980:45891 [0] NCCL INFO NET/IB: Dev 0 Port 1 qpn 47006 mtu 5 GID 0 (80FE/880000FEFF000000)
x3002c0s25b1n0:40980:45891 [0] NCCL INFO transport/net_ib.cc:653 Ib Alloc Size 552 pointer 0x1488780db000
x3002c0s25b1n0:40980:45891 [0] NCCL INFO transport/net.cc:571 Cuda Host Alloc Size 9641984 pointer 0x148875400000
x3002c0s25b1n0:40980:45731 [0] NCCL INFO GPU Direct RDMA Disabled for GPU 7000 / HCA 1 (distance 7 > 4)
x3002c0s25b1n0:40980:45891 [0] NCCL INFO New proxy recv connection 18 from local rank 0, transport 2
x3002c0s25b1n0:40980:45731 [0] NCCL INFO Connection to proxy localRank 0 -> connection 0x148878001100
x3002c0s25b1n0:40980:45731 [0] NCCL INFO Channel 00/0 : 0[7000] -> 16[7000] [receive] via NET/IB/1
x3002c0s25b1n0:40980:45731 [0] NCCL INFO GPU Direct RDMA Disabled for GPU 7000 / HCA 0 (distance 7 > 4)
x3002c0s25b1n0:40980:45891 [0] NCCL INFO New proxy recv connection 19 from local rank 0, transport 2
x3002c0s25b1n0:40980:45731 [0] NCCL INFO Connection to proxy localRank 0 -> connection 0x148878001140
x3002c0s25b1n0:40980:45731 [0] NCCL INFO Channel 01/0 : 0[7000] -> 16[7000] [receive] via NET/IB/0
x3002c0s25b1n0:40981:45893 [1] NCCL INFO transport/net_ib.cc:683 Ib Alloc Size 21688 pointer 0x14b8b00be000
x3002c0s25b1n0:40981:45893 [1] NCCL INFO transport/net_ib.cc:696 Ib Alloc Size 552 pointer 0x14b8b001a000
x3002c0s25b1n0:40980:45891 [0] NCCL INFO transport/net_ib.cc:683 Ib Alloc Size 21688 pointer 0x1488780e7000
x3002c0s25b1n0:40980:45891 [0] NCCL INFO transport/net_ib.cc:696 Ib Alloc Size 552 pointer 0x1488780ee000
x3002c0s25b1n0:40981:45893 [1] NCCL INFO transport/net_ib.cc:771 Ib Alloc Size 552 pointer 0x14b8b00df000
x3002c0s25b1n0:40981:45893 [1] NCCL INFO transport/net.cc:698 Cuda Host Alloc Size 9641984 pointer 0x14b8aec00000
x3002c0s25b1n0:40980:45891 [0] NCCL INFO transport/net_ib.cc:771 Ib Alloc Size 552 pointer 0x148878109000
x3002c0s25b1n0:40980:45891 [0] NCCL INFO transport/net.cc:698 Cuda Host Alloc Size 9641984 pointer 0x148872000000
x3002c0s25b1n0:40981:45893 [1] NCCL INFO transport/net_ib.cc:683 Ib Alloc Size 21688 pointer 0x14b8b00e1000
x3002c0s25b1n0:40981:45893 [1] NCCL INFO transport/net_ib.cc:696 Ib Alloc Size 552 pointer 0x14b8b00e8000
x3002c0s25b1n0:40981:45893 [1] NCCL INFO transport/net_ib.cc:771 Ib Alloc Size 552 pointer 0x14b8b0103000
x3002c0s25b1n0:40981:45893 [1] NCCL INFO transport/net.cc:698 Cuda Host Alloc Size 9641984 pointer 0x14b8af600000
x3002c0s25b1n0:40980:45891 [0] NCCL INFO transport/net_ib.cc:683 Ib Alloc Size 21688 pointer 0x14887810b000
x3002c0s25b1n0:40980:45891 [0] NCCL INFO transport/net_ib.cc:696 Ib Alloc Size 552 pointer 0x148878112000
x3002c0s25b1n0:40981:45730 [1] NCCL INFO GPU Direct RDMA Disabled for GPU 46000 / HCA 1 (distance 6 > 4)
x3002c0s25b1n0:40981:45893 [1] NCCL INFO New proxy send connection 18 from local rank 1, transport 2
x3002c0s25b1n0:40980:45891 [0] NCCL INFO transport/net_ib.cc:771 Ib Alloc Size 552 pointer 0x14887812d000
x3002c0s25b1n0:40980:45891 [0] NCCL INFO transport/net.cc:698 Cuda Host Alloc Size 9641984 pointer 0x148872a00000
x3002c0s25b1n0:40980:45731 [0] NCCL INFO GPU Direct RDMA Disabled for GPU 7000 / HCA 1 (distance 7 > 4)
x3002c0s25b1n0:40980:45891 [0] NCCL INFO New proxy recv connection 20 from local rank 0, transport 2
x3002c0s25b1n0:40981:45730 [1] NCCL INFO Connection to proxy localRank 1 -> connection 0x14b8b0001100
x3002c0s25b1n0:40981:45730 [1] NCCL INFO Channel 00/0 : 17[46000] -> 8[7000] [send] via NET/IB/1
x3002c0s25b1n0:40981:45730 [1] NCCL INFO GPU Direct RDMA Disabled for GPU 46000 / HCA 0 (distance 7 > 4)
x3002c0s25b1n0:40981:45893 [1] NCCL INFO New proxy send connection 19 from local rank 1, transport 2
x3002c0s25b1n0:40980:45731 [0] NCCL INFO Connection to proxy localRank 0 -> connection 0x148878001180
x3002c0s25b1n0:40981:45730 [1] NCCL INFO Connection to proxy localRank 1 -> connection 0x14b8b0001140
x3002c0s25b1n0:40981:45730 [1] NCCL INFO Channel 01/0 : 17[46000] -> 8[7000] [send] via NET/IB/0
x3002c0s25b1n0:40980:45731 [0] NCCL INFO Channel 00/0 : 20[7000] -> 16[7000] [receive] via NET/IB/1
x3002c0s25b1n0:40980:45731 [0] NCCL INFO GPU Direct RDMA Disabled for GPU 7000 / HCA 0 (distance 7 > 4)
x3002c0s25b1n0:40980:45891 [0] NCCL INFO New proxy recv connection 21 from local rank 0, transport 2
x3002c0s25b1n0:40980:45731 [0] NCCL INFO Connection to proxy localRank 0 -> connection 0x1488780011c0
x3002c0s25b1n0:40981:45893 [1] NCCL INFO transport/net_ib.cc:596 Ib Alloc Size 26560 pointer 0x14b8b010f000
x3002c0s25b1n0:40980:45731 [0] NCCL INFO Channel 01/0 : 20[7000] -> 16[7000] [receive] via NET/IB/0
x3002c0s25b1n0:40981:45893 [1] NCCL INFO NET/IB: Dev 1 Port 1 qpn 47544 mtu 5 GID 0 (80FE/DA0000FEFF000000)
x3002c0s25b1n0:40981:45893 [1] NCCL INFO transport/net_ib.cc:653 Ib Alloc Size 552 pointer 0x14b8b0126000
x3002c0s25b1n0:40981:45893 [1] NCCL INFO transport/net.cc:571 Cuda Host Alloc Size 9641984 pointer 0x14b8ac000000
x3002c0s25b1n0:40981:45893 [1] NCCL INFO transport/net_ib.cc:596 Ib Alloc Size 26560 pointer 0x14b8b0128000
x3002c0s25b1n0:40981:45893 [1] NCCL INFO NET/IB: Dev 0 Port 1 qpn 47011 mtu 5 GID 0 (80FE/880000FEFF000000)
x3002c0s25b1n0:40981:45893 [1] NCCL INFO transport/net_ib.cc:653 Ib Alloc Size 552 pointer 0x14b8b013f000
x3002c0s25b1n0:40981:45893 [1] NCCL INFO transport/net.cc:571 Cuda Host Alloc Size 9641984 pointer 0x14b8aca00000
x3002c0s25b1n0:40981:45893 [1] NCCL INFO New proxy recv connection 20 from local rank 1, transport 0
x3002c0s25b1n0:40980:45891 [0] NCCL INFO transport/net_ib.cc:683 Ib Alloc Size 21688 pointer 0x148878139000
x3002c0s25b1n0:40981:45730 [1] NCCL INFO Connection to proxy localRank 1 -> connection 0x14b8b0001180
x3002c0s25b1n0:40981:45893 [1] NCCL INFO transport/p2p.cc:449 Cuda Alloc Size 6291456 pointer 0x14b8ad400000
x3002c0s25b1n0:40980:45891 [0] NCCL INFO transport/net_ib.cc:696 Ib Alloc Size 552 pointer 0x148878140000
x3002c0s25b1n0:40980:45891 [0] NCCL INFO transport/net_ib.cc:771 Ib Alloc Size 552 pointer 0x14887815b000
x3002c0s25b1n0:40980:45891 [0] NCCL INFO transport/net.cc:698 Cuda Host Alloc Size 9641984 pointer 0x148873400000
x3002c0s25b1n0:40980:45891 [0] NCCL INFO Mem Realloc old size 768, new size 1536 pointer 0x1488780fe9c0
x3002c0s25b1n0:40981:45893 [1] NCCL INFO New proxy recv connection 21 from local rank 1, transport 0
x3002c0s25b1n0:40980:45891 [0] NCCL INFO transport/net_ib.cc:683 Ib Alloc Size 21688 pointer 0x14887815d000
x3002c0s25b1n0:40980:45891 [0] NCCL INFO transport/net_ib.cc:696 Ib Alloc Size 552 pointer 0x148878164000
x3002c0s25b1n0:40981:45730 [1] NCCL INFO Connection to proxy localRank 1 -> connection 0x14b8b00011c0
x3002c0s25b1n0:40980:45891 [0] NCCL INFO transport/net_ib.cc:771 Ib Alloc Size 552 pointer 0x14887817f000
x3002c0s25b1n0:40980:45891 [0] NCCL INFO transport/net.cc:698 Cuda Host Alloc Size 9641984 pointer 0x148870000000
x3002c0s25b1n0:40980:45891 [0] NCCL INFO Mem Realloc old size 768, new size 1536 pointer 0x1488781743d0
x3002c0s25b1n0:40981:45893 [1] NCCL INFO transport/p2p.cc:449 Cuda Alloc Size 6291456 pointer 0x14b8ada00000
x3002c0s25b1n0:40981:45893 [1] NCCL INFO New proxy recv connection 22 from local rank 1, transport 0
x3002c0s25b1n0:40980:45731 [0] NCCL INFO GPU Direct RDMA Disabled for GPU 7000 / HCA 1 (distance 7 > 4)
x3002c0s25b1n0:40980:45891 [0] NCCL INFO New proxy send connection 22 from local rank 0, transport 2
x3002c0s25b1n0:40981:45730 [1] NCCL INFO Connection to proxy localRank 1 -> connection 0x14b8b0001200
x3002c0s25b1n0:40981:45893 [1] NCCL INFO transport/p2p.cc:449 Cuda Alloc Size 6291456 pointer 0x14b8aa000000
x3002c0s25b1n0:40980:45731 [0] NCCL INFO Connection to proxy localRank 0 -> connection 0x148878001200
x3002c0s25b1n0:40980:45731 [0] NCCL INFO Channel 02/0 : 16[7000] -> 13[46000] [send] via NET/IB/1
x3002c0s25b1n0:40980:45731 [0] NCCL INFO GPU Direct RDMA Disabled for GPU 7000 / HCA 0 (distance 7 > 4)
x3002c0s25b1n0:40980:45891 [0] NCCL INFO New proxy send connection 23 from local rank 0, transport 2
x3002c0s25b1n0:40981:45893 [1] NCCL INFO New proxy recv connection 23 from local rank 1, transport 0
x3002c0s25b1n0:40980:45731 [0] NCCL INFO Connection to proxy localRank 0 -> connection 0x148878001240
x3002c0s25b1n0:40980:45731 [0] NCCL INFO Channel 03/0 : 16[7000] -> 13[46000] [send] via NET/IB/0
x3002c0s25b1n0:40980:45891 [0] NCCL INFO transport/net_ib.cc:596 Ib Alloc Size 26560 pointer 0x14887818b000
x3002c0s25b1n0:40981:45730 [1] NCCL INFO Connection to proxy localRank 1 -> connection 0x14b8b0001240
x3002c0s25b1n0:40981:45893 [1] NCCL INFO transport/p2p.cc:449 Cuda Alloc Size 6291456 pointer 0x14b8aa600000
x3002c0s25b1n0:40980:45891 [0] NCCL INFO NET/IB: Dev 1 Port 1 qpn 47547 mtu 5 GID 0 (80FE/DA0000FEFF000000)
x3002c0s25b1n0:40980:45891 [0] NCCL INFO transport/net_ib.cc:653 Ib Alloc Size 552 pointer 0x1488781a2000
x3002c0s25b1n0:40980:45891 [0] NCCL INFO transport/net.cc:571 Cuda Host Alloc Size 9641984 pointer 0x148870a00000
x3002c0s25b1n0:40980:45891 [0] NCCL INFO transport/net_ib.cc:596 Ib Alloc Size 26560 pointer 0x1488781a4000
x3002c0s25b1n0:40981:45730 [1] NCCL INFO Connected all trees by HAO
x3002c0s25b1n0:40981:45730 [1] NCCL INFO threadThresholds 8/8/64 | 192/8/64 | 512 | 512
x3002c0s25b1n0:40981:45730 [1] NCCL INFO 4 coll channels, 4 p2p channels, 2 p2p channels per peer
x3002c0s25b1n0:40980:45891 [0] NCCL INFO NET/IB: Dev 0 Port 1 qpn 47014 mtu 5 GID 0 (80FE/880000FEFF000000)
x3002c0s25b1n0:40980:45891 [0] NCCL INFO transport/net_ib.cc:653 Ib Alloc Size 552 pointer 0x1488781bb000
x3002c0s25b1n0:40980:45891 [0] NCCL INFO transport/net.cc:571 Cuda Host Alloc Size 9641984 pointer 0x148871400000
x3002c0s25b1n0:40981:45893 [1] NCCL INFO New proxy send connection 24 from local rank 1, transport 2
x3002c0s25b1n0:40981:45730 [1] NCCL INFO Connection to proxy localRank 1 -> connection 0x14b8b0001280
x3002c0s25b1n0:40982:45729 [2] NCCL INFO Connected all trees by HAO
x3002c0s25b1n0:40982:45729 [2] NCCL INFO threadThresholds 8/8/64 | 192/8/64 | 512 | 512
x3002c0s25b1n0:40982:45729 [2] NCCL INFO 4 coll channels, 4 p2p channels, 2 p2p channels per peer
x3002c0s25b1n0:40982:45894 [2] NCCL INFO Allocated 4194656 bytes of shared memory in /dev/shm/nccl-PhmMM3

x3002c0s25b1n0:40982:45894 [2] NCCL INFO New proxy send connection 20 from local rank 2, transport 2
x3002c0s25b1n0:40980:45731 [0] NCCL INFO Connected all trees by HAO
x3002c0s25b1n0:40980:45731 [0] NCCL INFO threadThresholds 8/8/64 | 192/8/64 | 512 | 512
x3002c0s25b1n0:40980:45731 [0] NCCL INFO 4 coll channels, 4 p2p channels, 2 p2p channels per peer
x3002c0s25b1n0:40980:45891 [0] NCCL INFO New proxy send connection 24 from local rank 0, transport 2
x3002c0s25b1n0:40981:45893 [1] NCCL INFO transport/net.cc:376 Cuda Alloc Size 8388608 pointer 0x14b8a8600000
x3002c0s25b1n0:40982:45729 [2] NCCL INFO Connection to proxy localRank 2 -> connection 0x147abc001180
x3002c0s25b1n0:40982:45894 [2] NCCL INFO transport/net.cc:376 Cuda Alloc Size 8388608 pointer 0x147ab6c00000
x3002c0s25b1n0:40980:45731 [0] NCCL INFO Connection to proxy localRank 0 -> connection 0x148878001280
x3002c0s25b1n0:40980:45731 [0] NCCL INFO init.cc:367 Cuda Alloc Size 5168 pointer 0x1488c7815600
x3002c0s25b1n0:40982:45729 [2] NCCL INFO init.cc:367 Cuda Alloc Size 5168 pointer 0x147b0b815600
x3002c0s25b1n0:40982:45729 [2] NCCL INFO init.cc:392 Cuda Host Alloc Size 33554432 pointer 0x147aae000000
x3002c0s25b1n0:40982:45729 [2] NCCL INFO init.cc:398 Cuda Host Alloc Size 128 pointer 0x147b0ae00600
x3002c0s25b1n0:40982:45729 [2] NCCL INFO comm 0x55620ccad290 rank 18 nranks 24 cudaDev 2 busId 85000 - Init COMPLETE
x3002c0s25b1n0:40981:45730 [1] NCCL INFO init.cc:367 Cuda Alloc Size 5168 pointer 0x14b8fd815600
x3002c0s25b1n0:40983:45732 [3] NCCL INFO init.cc:367 Cuda Alloc Size 5168 pointer 0x1497ff815600
x3002c0s25b1n0:40983:45732 [3] NCCL INFO init.cc:392 Cuda Host Alloc Size 33554432 pointer 0x1497ba000000
x3002c0s25b1n0:40983:45732 [3] NCCL INFO init.cc:398 Cuda Host Alloc Size 128 pointer 0x1497fee00600
x3002c0s25b1n0:40983:45732 [3] NCCL INFO comm 0x55a2b29c0b40 rank 19 nranks 24 cudaDev 3 busId c7000 - Init COMPLETE
[Hao INFO in ncclBroadcast (broadcast.cc)] rank 2 Broadcast: count: 3, datatype: ncclInt64, message size: 24 Bytes
x3002c0s25b1n0:40982:40982 [2] NCCL INFO Broadcast: opCount 0 sendbuff 0x147af3fffe00 recvbuff 0x147af3fffe00 count 24 datatype 0 op 0 root 0 comm 0x55620ccad290 [nranks=24] stream 0x55620ac685b0
x3002c0s25b1n0:40982:40982 [2] NCCL INFO misc/utils.cc:235 memory stack hunk malloc(65536)
[LYD INFO in ncclLaunchKernel (enqueue.cc)] NCHANNELS is: 4x3002c0s25b1n0:40981:45730 [1] NCCL INFO init.cc:392 Cuda Host Alloc Size 33554432 pointer 0x14b8a6000000
x3002c0s25b1n0:40981:45730 [1] NCCL INFO init.cc:398 Cuda Host Alloc Size 128 pointer 0x14b8fce00600
x3002c0s25b1n0:40981:45730 [1] NCCL INFO comm 0x55aef6341a30 rank 17 nranks 24 cudaDev 1 busId 46000 - Init COMPLETE
x3002c0s25b1n0:40980:45731 [0] NCCL INFO init.cc:392 Cuda Host Alloc Size 33554432 pointer 0x14886e000000
x3002c0s25b1n0:40980:45731 [0] NCCL INFO init.cc:398 Cuda Host Alloc Size 128 pointer 0x1488c6e00600
x3002c0s25b1n0:40980:45731 [0] NCCL INFO comm 0x558b70516ae0 rank 16 nranks 24 cudaDev 0 busId 7000 - Init COMPLETE
x3002c0s25b1n0:40980:45891 [0] NCCL INFO transport/net.cc:376 Cuda Alloc Size 8388608 pointer 0x14886c000000
[Hao INFO in ncclBroadcast (broadcast.cc)] rank 3 Broadcast: count: 3, datatype: ncclInt64, message size: 24 Bytes
x3002c0s25b1n0:40983:40983 [3] NCCL INFO Broadcast: opCount 0 sendbuff 0x1497e39ffe00 recvbuff 0x1497e39ffe00 count 24 datatype 0 op 0 root 0 comm 0x55a2b29c0b40 [nranks=24] stream 0x55a2b12dcd00
x3002c0s25b1n0:40983:40983 [3] NCCL INFO misc/utils.cc:235 memory stack hunk malloc(65536)
[LYD INFO in ncclLaunchKernel (enqueue.cc)] NCHANNELS is: 4[Hao INFO in ncclBroadcast (broadcast.cc)] rank 0 Broadcast: count: 3, datatype: ncclInt64, message size: 24 Bytes
x3002c0s25b1n0:40980:40980 [0] NCCL INFO Broadcast: opCount 0 sendbuff 0x1488a5fffe00 recvbuff 0x1488a5fffe00 count 24 datatype 0 op 0 root 0 comm 0x558b70516ae0 [nranks=24] stream 0x558b6ebbb880
x3002c0s25b1n0:40980:40980 [0] NCCL INFO misc/utils.cc:235 memory stack hunk malloc(65536)
[LYD INFO in ncclLaunchKernel (enqueue.cc)] NCHANNELS is: 4[Hao INFO in ncclBroadcast (broadcast.cc)] rank 1 Broadcast: count: 3, datatype: ncclInt64, message size: 24 Bytes
x3002c0s25b1n0:40981:40981 [1] NCCL INFO Broadcast: opCount 0 sendbuff 0x14b8db3ffe00 recvbuff 0x14b8db3ffe00 count 24 datatype 0 op 0 root 0 comm 0x55aef6341a30 [nranks=24] stream 0x55aef33e6e30
x3002c0s25b1n0:40981:40981 [1] NCCL INFO misc/utils.cc:235 memory stack hunk malloc(65536)
[LYD INFO in ncclLaunchKernel (enqueue.cc)] NCHANNELS is: 4
[LYD INFO in NCCL_KERN_NAME (common.h)] 19 Broadcast RING LL Sum int8_t Elapsed time: 1031982 us
x3002c0s25b1n0:40983:40983 [3] NCCL INFO AllReduce: opCount 7 sendbuff 0x1497e37fee00 recvbuff 0x1497e37fee00 count 1 datatype 1 op 0 root 0 comm 0x55a2945e6300 [nranks=24] stream 0x55a2b12dcbc0
[LYD INFO in ncclLaunchKernel (enqueue.cc)] NCHANNELS is: 4
[LYD INFO in NCCL_KERN_NAME (common.h)] 17 Broadcast RING LL Sum int8_t Elapsed time: 990466 us
x3002c0s25b1n0:40981:40981 [1] NCCL INFO AllReduce: opCount 7 sendbuff 0x14b8db1fee00 recvbuff 0x14b8db1fee00 count 1 datatype 1 op 0 root 0 comm 0x55aed9167960 [nranks=24] stream 0x55aef3428d30
[LYD INFO in ncclLaunchKernel (enqueue.cc)] NCHANNELS is: 4
[LYD INFO in NCCL_KERN_NAME (common.h)] 16 Broadcast RING LL Sum int8_t Elapsed time: 998682 us
x3002c0s25b1n0:40980:40980 [0] NCCL INFO AllReduce: opCount 7 sendbuff 0x1488a5dfee00 recvbuff 0x1488a5dfee00 count 1 datatype 1 op 0 root 0 comm 0x558b509c2a80 [nranks=24] stream 0x558b6ebbb740
[LYD INFO in ncclLaunchKernel (enqueue.cc)] NCHANNELS is: 4
[LYD INFO in NCCL_KERN_NAME (common.h)] 18 Broadcast RING LL Sum int8_t Elapsed time: 1025067 us
x3002c0s25b1n0:40982:40982 [2] NCCL INFO AllReduce: opCount 7 sendbuff 0x147af1ffee00 recvbuff 0x147af1ffee00 count 1 datatype 1 op 0 root 0 comm 0x5562071d69d0 [nranks=24] stream 0x55620ac89040
[LYD INFO in ncclLaunchKernel (enqueue.cc)] NCHANNELS is: 4
[LYD INFO in NCCL_KERN_NAME (common.h)] 16 AllReduce TREE LL Sum uint8_t Elapsed time: 1541394 us
x3002c0s25b1n0:40980:40980 [0] NCCL INFO AllReduce: opCount 8 sendbuff 0x1488a5fffe00 recvbuff 0x1488a5fffe00 count 1 datatype 1 op 0 root 0 comm 0x558b509c2a80 [nranks=24] stream 0x558b6ebbb740
[LYD INFO in ncclLaunchKernel (enqueue.cc)] NCHANNELS is: 4
[LYD INFO in NCCL_KERN_NAME (common.h)] 19 AllReduce TREE LL Sum uint8_t Elapsed time: 1567725 us
x3002c0s25b1n0:40983:40983 [3] NCCL INFO AllReduce: opCount 8 sendbuff 0x1497e39ffe00 recvbuff 0x1497e39ffe00 count 1 datatype 1 op 0 root 0 comm 0x55a2945e6300 [nranks=24] stream 0x55a2b12dcbc0
[LYD INFO in ncclLaunchKernel (enqueue.cc)] NCHANNELS is: 4
[LYD INFO in NCCL_KERN_NAME (common.h)] 18 AllReduce TREE LL Sum uint8_t Elapsed time: 1508711 us
x3002c0s25b1n0:40982:40982 [2] NCCL INFO AllReduce: opCount 8 sendbuff 0x147af3fffe00 recvbuff 0x147af3fffe00 count 1 datatype 1 op 0 root 0 comm 0x5562071d69d0 [nranks=24] stream 0x55620ac89040
[LYD INFO in ncclLaunchKernel (enqueue.cc)] NCHANNELS is: 4
[LYD INFO in NCCL_KERN_NAME (common.h)] 17 AllReduce TREE LL Sum uint8_t Elapsed time: 1557815 us
x3002c0s25b1n0:40981:40981 [1] NCCL INFO AllReduce: opCount 8 sendbuff 0x14b8db3ffe00 recvbuff 0x14b8db3ffe00 count 1 datatype 1 op 0 root 0 comm 0x55aed9167960 [nranks=24] stream 0x55aef3428d30
[LYD INFO in ncclLaunchKernel (enqueue.cc)] NCHANNELS is: 4
[LYD INFO in NCCL_KERN_NAME (common.h)] 16 AllReduce TREE LL Sum uint8_t Elapsed time: 215592 us
[Hao INFO in ncclBroadcast (broadcast.cc)] rank 0 Broadcast: count: 5, datatype: ncclInt64, message size: 40 Bytes
x3002c0s25b1n0:40980:40980 [0] NCCL INFO Broadcast: opCount 1 sendbuff 0x1488a5fffe00 recvbuff 0x1488a5fffe00 count 40 datatype 0 op 0 root 0 comm 0x558b70516ae0 [nranks=24] stream 0x558b6ebbb880
[LYD INFO in ncclLaunchKernel (enqueue.cc)] NCHANNELS is: 4
[LYD INFO in NCCL_KERN_NAME (common.h)] 17 AllReduce TREE LL Sum uint8_t Elapsed time: 179945 us
[Hao INFO in ncclBroadcast (broadcast.cc)] rank 1 Broadcast: count: 5, datatype: ncclInt64, message size: 40 Bytes
x3002c0s25b1n0:40981:40981 [1] NCCL INFO Broadcast: opCount 1 sendbuff 0x14b8db3ffe00 recvbuff 0x14b8db3ffe00 count 40 datatype 0 op 0 root 0 comm 0x55aef6341a30 [nranks=24] stream 0x55aef33e6e30
[LYD INFO in ncclLaunchKernel (enqueue.cc)] NCHANNELS is: 4
[LYD INFO in NCCL_KERN_NAME (common.h)] 18 AllReduce TREE LL Sum uint8_t Elapsed time: 197569 us
[Hao INFO in ncclBroadcast (broadcast.cc)] rank 2 Broadcast: count: 5, datatype: ncclInt64, message size: 40 Bytes
x3002c0s25b1n0:40982:40982 [2] NCCL INFO Broadcast: opCount 1 sendbuff 0x147af3fffe00 recvbuff 0x147af3fffe00 count 40 datatype 0 op 0 root 0 comm 0x55620ccad290 [nranks=24] stream 0x55620ac685b0
[LYD INFO in ncclLaunchKernel (enqueue.cc)] NCHANNELS is: 4
[LYD INFO in NCCL_KERN_NAME (common.h)] 19 AllReduce TREE LL Sum uint8_t Elapsed time: 206844 us
[Hao INFO in ncclBroadcast (broadcast.cc)] rank 3 Broadcast: count: 5, datatype: ncclInt64, message size: 40 Bytes
x3002c0s25b1n0:40983:40983 [3] NCCL INFO Broadcast: opCount 1 sendbuff 0x1497e39ffe00 recvbuff 0x1497e39ffe00 count 40 datatype 0 op 0 root 0 comm 0x55a2b29c0b40 [nranks=24] stream 0x55a2b12dcd00
[LYD INFO in ncclLaunchKernel (enqueue.cc)] NCHANNELS is: 4
[LYD INFO in NCCL_KERN_NAME (common.h)] 17 Broadcast RING LL Sum int8_t Elapsed time: 80288 us
[Hao INFO in ncclBroadcast (broadcast.cc)] rank 1 Broadcast: count: 65664, datatype: ncclInt64, message size: 525312 Bytes
x3002c0s25b1n0:40981:40981 [1] NCCL INFO Broadcast: opCount 2 sendbuff 0x14b90f75fa00 recvbuff 0x14b90f75fa00 count 525312 datatype 0 op 0 root 0 comm 0x55aef6341a30 [nranks=24] stream 0x55aef33e6e30
[LYD INFO in ncclLaunchKernel (enqueue.cc)] NCHANNELS is: 4
[LYD INFO in NCCL_KERN_NAME (common.h)] 16 Broadcast RING LL Sum int8_t Elapsed time: 81440 us
[Hao INFO in ncclBroadcast (broadcast.cc)] rank 0 Broadcast: count: 65664, datatype: ncclInt64, message size: 525312 Bytes
x3002c0s25b1n0:40980:40980 [0] NCCL INFO Broadcast: opCount 2 sendbuff 0x1488dcf5fa00 recvbuff 0x1488dcf5fa00 count 525312 datatype 0 op 0 root 0 comm 0x558b70516ae0 [nranks=24] stream 0x558b6ebbb880
[LYD INFO in ncclLaunchKernel (enqueue.cc)] NCHANNELS is: 4
[LYD INFO in NCCL_KERN_NAME (common.h)] 19 Broadcast RING LL Sum int8_t Elapsed time: 46341 us
[Hao INFO in ncclBroadcast (broadcast.cc)] rank 3 Broadcast: count: 65664, datatype: ncclInt64, message size: 525312 Bytes
x3002c0s25b1n0:40983:40983 [3] NCCL INFO Broadcast: opCount 2 sendbuff 0x149814f5fa00 recvbuff 0x149814f5fa00 count 525312 datatype 0 op 0 root 0 comm 0x55a2b29c0b40 [nranks=24] stream 0x55a2b12dcd00
[LYD INFO in ncclLaunchKernel (enqueue.cc)] NCHANNELS is: 4
[LYD INFO in NCCL_KERN_NAME (common.h)] 18 Broadcast RING LL Sum int8_t Elapsed time: 60587 us
[Hao INFO in ncclBroadcast (broadcast.cc)] rank 2 Broadcast: count: 65664, datatype: ncclInt64, message size: 525312 Bytes
x3002c0s25b1n0:40982:40982 [2] NCCL INFO Broadcast: opCount 2 sendbuff 0x147b2175fa00 recvbuff 0x147b2175fa00 count 525312 datatype 0 op 0 root 0 comm 0x55620ccad290 [nranks=24] stream 0x55620ac685b0
[LYD INFO in ncclLaunchKernel (enqueue.cc)] NCHANNELS is: 4
[LYD INFO in NCCL_FUNC_NAME (common.h)] 18 Broadcast RING SIMPLE Sum int8_t Elapsed time: 21057 us

[LYD INFO in NCCL_KERN_NAME (common.h)] 18 Broadcast RING LL Sum int8_t Elapsed time: 21170 us
x3002c0s25b1n0:40982:40982 [2] NCCL INFO AllReduce: opCount 3 sendbuff 0x147aa4000000 recvbuff 0x147aa4000000 count 78643200 datatype 6 op 0 root 0 comm 0x55620ccad290 [nranks=24] stream 0x55620ac685b0
[LYD INFO in ncclLaunchKernel (enqueue.cc)] NCHANNELS is: 4
[LYD INFO in NCCL_FUNC_NAME (common.h)] 16 Broadcast RING SIMPLE Sum int8_t Elapsed time: 53359 us

[LYD INFO in NCCL_KERN_NAME (common.h)] 16 Broadcast RING LL Sum int8_t Elapsed time: 53448 us
x3002c0s25b1n0:40980:40980 [0] NCCL INFO AllReduce: opCount 3 sendbuff 0x148862000000 recvbuff 0x148862000000 count 78643200 datatype 6 op 0 root 0 comm 0x558b70516ae0 [nranks=24] stream 0x558b6ebbb880
[LYD INFO in ncclLaunchKernel (enqueue.cc)] NCHANNELS is: 4
[LYD INFO in NCCL_FUNC_NAME (common.h)] 17 Broadcast RING SIMPLE Sum int8_t Elapsed time: 64616 us

[LYD INFO in NCCL_KERN_NAME (common.h)] 17 Broadcast RING LL Sum int8_t Elapsed time: 64730 us
x3002c0s25b1n0:40981:40981 [1] NCCL INFO AllReduce: opCount 3 sendbuff 0x14b89c000000 recvbuff 0x14b89c000000 count 78643200 datatype 6 op 0 root 0 comm 0x55aef6341a30 [nranks=24] stream 0x55aef33e6e30
[LYD INFO in ncclLaunchKernel (enqueue.cc)] NCHANNELS is: 4
[LYD INFO in NCCL_FUNC_NAME (common.h)] 19 Broadcast RING SIMPLE Sum int8_t Elapsed time: 41419 us

[LYD INFO in NCCL_KERN_NAME (common.h)] 19 Broadcast RING LL Sum int8_t Elapsed time: 41536 us
x3002c0s25b1n0:40983:40983 [3] NCCL INFO AllReduce: opCount 3 sendbuff 0x1497aa000000 recvbuff 0x1497aa000000 count 78643200 datatype 6 op 0 root 0 comm 0x55a2b29c0b40 [nranks=24] stream 0x55a2b12dcd00
[LYD INFO in ncclLaunchKernel (enqueue.cc)] NCHANNELS is: 4
[LYD INFO in NCCL_FUNC_NAME (common.h)] 19 AllReduce RING SIMPLE Sum half Elapsed time: 214865 us

[LYD INFO in NCCL_KERN_NAME (common.h)] 19 AllReduce RING LL Sum half Elapsed time: 214990 us

[LYD INFO in NCCL_FUNC_NAME (common.h)] 17 AllReduce RING SIMPLE Sum half Elapsed time: 281386 us

[LYD INFO in NCCL_KERN_NAME (common.h)] 17 AllReduce RING LL Sum half Elapsed time: 281512 us

[LYD INFO in NCCL_FUNC_NAME (common.h)] 18 AllReduce RING SIMPLE Sum half Elapsed time: 263448 us

[LYD INFO in NCCL_KERN_NAME (common.h)] 18 AllReduce RING LL Sum half Elapsed time: 263581 us

[LYD INFO in NCCL_FUNC_NAME (common.h)] 16 AllReduce RING SIMPLE Sum half Elapsed time: 308736 us

[LYD INFO in NCCL_KERN_NAME (common.h)] 16 AllReduce RING LL Sum half Elapsed time: 308838 us
x3002c0s25b1n0:40983:40983 [3] NCCL INFO AllReduce: opCount 4 sendbuff 0x149764000000 recvbuff 0x149764000000 count 78643200 datatype 6 op 0 root 0 comm 0x55a2b29c0b40 [nranks=24] stream 0x55a2b12dcd00
[LYD INFO in ncclLaunchKernel (enqueue.cc)] NCHANNELS is: 4x3002c0s25b1n0:40982:40982 [2] NCCL INFO AllReduce: opCount 4 sendbuff 0x147a5e000000 recvbuff 0x147a5e000000 count 78643200 datatype 6 op 0 root 0 comm 0x55620ccad290 [nranks=24] stream 0x55620ac685b0
[LYD INFO in ncclLaunchKernel (enqueue.cc)] NCHANNELS is: 4x3002c0s25b1n0:40980:40980 [0] NCCL INFO AllReduce: opCount 4 sendbuff 0x14881e000000 recvbuff 0x14881e000000 count 78643200 datatype 6 op 0 root 0 comm 0x558b70516ae0 [nranks=24] stream 0x558b6ebbb880
[LYD INFO in ncclLaunchKernel (enqueue.cc)] NCHANNELS is: 4x3002c0s25b1n0:40981:40981 [1] NCCL INFO AllReduce: opCount 4 sendbuff 0x14b856000000 recvbuff 0x14b856000000 count 78643200 datatype 6 op 0 root 0 comm 0x55aef6341a30 [nranks=24] stream 0x55aef33e6e30
[LYD INFO in ncclLaunchKernel (enqueue.cc)] NCHANNELS is: 4x3002c0s25b1n0:40983:40983 [3] NCCL INFO AllReduce: opCount 5 sendbuff 0x149734000000 recvbuff 0x149734000000 count 78643200 datatype 6 op 0 root 0 comm 0x55a2b29c0b40 [nranks=24] stream 0x55a2b12dcd00
[LYD INFO in ncclLaunchKernel (enqueue.cc)] NCHANNELS is: 4x3002c0s25b1n0:40982:40982 [2] NCCL INFO AllReduce: opCount 5 sendbuff 0x147a2e000000 recvbuff 0x147a2e000000 count 78643200 datatype 6 op 0 root 0 comm 0x55620ccad290 [nranks=24] stream 0x55620ac685b0
[LYD INFO in ncclLaunchKernel (enqueue.cc)] NCHANNELS is: 4x3002c0s25b1n0:40980:40980 [0] NCCL INFO AllReduce: opCount 5 sendbuff 0x1487ee000000 recvbuff 0x1487ee000000 count 78643200 datatype 6 op 0 root 0 comm 0x558b70516ae0 [nranks=24] stream 0x558b6ebbb880
[LYD INFO in ncclLaunchKernel (enqueue.cc)] NCHANNELS is: 4x3002c0s25b1n0:40983:40983 [3] NCCL INFO AllReduce: opCount 6 sendbuff 0x149702000000 recvbuff 0x149702000000 count 78643200 datatype 6 op 0 root 0 comm 0x55a2b29c0b40 [nranks=24] stream 0x55a2b12dcd00
[LYD INFO in ncclLaunchKernel (enqueue.cc)] NCHANNELS is: 4x3002c0s25b1n0:40982:40982 [2] NCCL INFO AllReduce: opCount 6 sendbuff 0x1479fc000000 recvbuff 0x1479fc000000 count 78643200 datatype 6 op 0 root 0 comm 0x55620ccad290 [nranks=24] stream 0x55620ac685b0
[LYD INFO in ncclLaunchKernel (enqueue.cc)] NCHANNELS is: 4x3002c0s25b1n0:40980:40980 [0] NCCL INFO AllReduce: opCount 6 sendbuff 0x1487bc000000 recvbuff 0x1487bc000000 count 78643200 datatype 6 op 0 root 0 comm 0x558b70516ae0 [nranks=24] stream 0x558b6ebbb880
[LYD INFO in ncclLaunchKernel (enqueue.cc)] NCHANNELS is: 4x3002c0s25b1n0:40983:40983 [3] NCCL INFO AllReduce: opCount 7 sendbuff 0x1496dc000000 recvbuff 0x1496dc000000 count 78643200 datatype 6 op 0 root 0 comm 0x55a2b29c0b40 [nranks=24] stream 0x55a2b12dcd00
[LYD INFO in ncclLaunchKernel (enqueue.cc)] NCHANNELS is: 4x3002c0s25b1n0:40982:40982 [2] NCCL INFO AllReduce: opCount 7 sendbuff 0x1479d6000000 recvbuff 0x1479d6000000 count 78643200 datatype 6 op 0 root 0 comm 0x55620ccad290 [nranks=24] stream 0x55620ac685b0
[LYD INFO in ncclLaunchKernel (enqueue.cc)] NCHANNELS is: 4x3002c0s25b1n0:40980:40980 [0] NCCL INFO AllReduce: opCount 7 sendbuff 0x148796000000 recvbuff 0x148796000000 count 78643200 datatype 6 op 0 root 0 comm 0x558b70516ae0 [nranks=24] stream 0x558b6ebbb880
[LYD INFO in ncclLaunchKernel (enqueue.cc)] NCHANNELS is: 4x3002c0s25b1n0:40983:40983 [3] NCCL INFO AllReduce: opCount 8 sendbuff 0x1496ae000000 recvbuff 0x1496ae000000 count 78643200 datatype 6 op 0 root 0 comm 0x55a2b29c0b40 [nranks=24] stream 0x55a2b12dcd00
[LYD INFO in ncclLaunchKernel (enqueue.cc)] NCHANNELS is: 4x3002c0s25b1n0:40982:40982 [2] NCCL INFO AllReduce: opCount 8 sendbuff 0x1479a8000000 recvbuff 0x1479a8000000 count 78643200 datatype 6 op 0 root 0 comm 0x55620ccad290 [nranks=24] stream 0x55620ac685b0
[LYD INFO in ncclLaunchKernel (enqueue.cc)] NCHANNELS is: 4x3002c0s25b1n0:40981:40981 [1] NCCL INFO AllReduce: opCount 5 sendbuff 0x14b826000000 recvbuff 0x14b826000000 count 78643200 datatype 6 op 0 root 0 comm 0x55aef6341a30 [nranks=24] stream 0x55aef33e6e30
[LYD INFO in ncclLaunchKernel (enqueue.cc)] NCHANNELS is: 4x3002c0s25b1n0:40980:40980 [0] NCCL INFO AllReduce: opCount 8 sendbuff 0x148768000000 recvbuff 0x148768000000 count 78643200 datatype 6 op 0 root 0 comm 0x558b70516ae0 [nranks=24] stream 0x558b6ebbb880
[LYD INFO in ncclLaunchKernel (enqueue.cc)] NCHANNELS is: 4x3002c0s25b1n0:40983:40983 [3] NCCL INFO AllReduce: opCount 9 sendbuff 0x149684000000 recvbuff 0x149684000000 count 78643200 datatype 6 op 0 root 0 comm 0x55a2b29c0b40 [nranks=24] stream 0x55a2b12dcd00
[LYD INFO in ncclLaunchKernel (enqueue.cc)] NCHANNELS is: 4x3002c0s25b1n0:40982:40982 [2] NCCL INFO AllReduce: opCount 9 sendbuff 0x14797e000000 recvbuff 0x14797e000000 count 78643200 datatype 6 op 0 root 0 comm 0x55620ccad290 [nranks=24] stream 0x55620ac685b0
[LYD INFO in ncclLaunchKernel (enqueue.cc)] NCHANNELS is: 4x3002c0s25b1n0:40980:40980 [0] NCCL INFO AllReduce: opCount 9 sendbuff 0x14873e000000 recvbuff 0x14873e000000 count 78643200 datatype 6 op 0 root 0 comm 0x558b70516ae0 [nranks=24] stream 0x558b6ebbb880
[LYD INFO in ncclLaunchKernel (enqueue.cc)] NCHANNELS is: 4x3002c0s25b1n0:40981:40981 [1] NCCL INFO AllReduce: opCount 6 sendbuff 0x14b7f4000000 recvbuff 0x14b7f4000000 count 78643200 datatype 6 op 0 root 0 comm 0x55aef6341a30 [nranks=24] stream 0x55aef33e6e30
[LYD INFO in ncclLaunchKernel (enqueue.cc)] NCHANNELS is: 4x3002c0s25b1n0:40983:40983 [3] NCCL INFO AllReduce: opCount a sendbuff 0x149656000000 recvbuff 0x149656000000 count 78643200 datatype 6 op 0 root 0 comm 0x55a2b29c0b40 [nranks=24] stream 0x55a2b12dcd00
[LYD INFO in ncclLaunchKernel (enqueue.cc)] NCHANNELS is: 4x3002c0s25b1n0:40981:40981 [1] NCCL INFO AllReduce: opCount 7 sendbuff 0x14b7ce000000 recvbuff 0x14b7ce000000 count 78643200 datatype 6 op 0 root 0 comm 0x55aef6341a30 [nranks=24] stream 0x55aef33e6e30
[LYD INFO in ncclLaunchKernel (enqueue.cc)] NCHANNELS is: 4x3002c0s25b1n0:40982:40982 [2] NCCL INFO AllReduce: opCount a sendbuff 0x147950000000 recvbuff 0x147950000000 count 78643200 datatype 6 op 0 root 0 comm 0x55620ccad290 [nranks=24] stream 0x55620ac685b0
[LYD INFO in ncclLaunchKernel (enqueue.cc)] NCHANNELS is: 4x3002c0s25b1n0:40980:40980 [0] NCCL INFO AllReduce: opCount a sendbuff 0x148710000000 recvbuff 0x148710000000 count 78643200 datatype 6 op 0 root 0 comm 0x558b70516ae0 [nranks=24] stream 0x558b6ebbb880
[LYD INFO in ncclLaunchKernel (enqueue.cc)] NCHANNELS is: 4x3002c0s25b1n0:40983:40983 [3] NCCL INFO AllReduce: opCount b sendbuff 0x14962c000000 recvbuff 0x14962c000000 count 78643200 datatype 6 op 0 root 0 comm 0x55a2b29c0b40 [nranks=24] stream 0x55a2b12dcd00
[LYD INFO in ncclLaunchKernel (enqueue.cc)] NCHANNELS is: 4x3002c0s25b1n0:40981:40981 [1] NCCL INFO AllReduce: opCount 8 sendbuff 0x14b7a0000000 recvbuff 0x14b7a0000000 count 78643200 datatype 6 op 0 root 0 comm 0x55aef6341a30 [nranks=24] stream 0x55aef33e6e30
[LYD INFO in ncclLaunchKernel (enqueue.cc)] NCHANNELS is: 4x3002c0s25b1n0:40980:40980 [0] NCCL INFO AllReduce: opCount b sendbuff 0x1486e6000000 recvbuff 0x1486e6000000 count 78643200 datatype 6 op 0 root 0 comm 0x558b70516ae0 [nranks=24] stream 0x558b6ebbb880
[LYD INFO in ncclLaunchKernel (enqueue.cc)] NCHANNELS is: 4x3002c0s25b1n0:40982:40982 [2] NCCL INFO AllReduce: opCount b sendbuff 0x147926000000 recvbuff 0x147926000000 count 78643200 datatype 6 op 0 root 0 comm 0x55620ccad290 [nranks=24] stream 0x55620ac685b0
[LYD INFO in ncclLaunchKernel (enqueue.cc)] NCHANNELS is: 4x3002c0s25b1n0:40983:40983 [3] NCCL INFO AllReduce: opCount c sendbuff 0x1495fe000000 recvbuff 0x1495fe000000 count 78643200 datatype 6 op 0 root 0 comm 0x55a2b29c0b40 [nranks=24] stream 0x55a2b12dcd00
[LYD INFO in ncclLaunchKernel (enqueue.cc)] NCHANNELS is: 4x3002c0s25b1n0:40981:40981 [1] NCCL INFO AllReduce: opCount 9 sendbuff 0x14b776000000 recvbuff 0x14b776000000 count 78643200 datatype 6 op 0 root 0 comm 0x55aef6341a30 [nranks=24] stream 0x55aef33e6e30
[LYD INFO in ncclLaunchKernel (enqueue.cc)] NCHANNELS is: 4x3002c0s25b1n0:40980:40980 [0] NCCL INFO AllReduce: opCount c sendbuff 0x1486b8000000 recvbuff 0x1486b8000000 count 78643200 datatype 6 op 0 root 0 comm 0x558b70516ae0 [nranks=24] stream 0x558b6ebbb880
[LYD INFO in ncclLaunchKernel (enqueue.cc)] NCHANNELS is: 4x3002c0s25b1n0:40982:40982 [2] NCCL INFO AllReduce: opCount c sendbuff 0x1478f8000000 recvbuff 0x1478f8000000 count 78643200 datatype 6 op 0 root 0 comm 0x55620ccad290 [nranks=24] stream 0x55620ac685b0
[LYD INFO in ncclLaunchKernel (enqueue.cc)] NCHANNELS is: 4x3002c0s25b1n0:40983:40983 [3] NCCL INFO AllReduce: opCount d sendbuff 0x1495d4000000 recvbuff 0x1495d4000000 count 78643200 datatype 6 op 0 root 0 comm 0x55a2b29c0b40 [nranks=24] stream 0x55a2b12dcd00
[LYD INFO in ncclLaunchKernel (enqueue.cc)] NCHANNELS is: 4x3002c0s25b1n0:40981:40981 [1] NCCL INFO AllReduce: opCount a sendbuff 0x14b748000000 recvbuff 0x14b748000000 count 78643200 datatype 6 op 0 root 0 comm 0x55aef6341a30 [nranks=24] stream 0x55aef33e6e30
