x3103c0s31b1n0:25910:31238 [3] NCCL INFO GPU Direct RDMA Disabled for GPU 85000 / HCA 0 (distance 7 > 4)
x3103c0s31b1n0:25910:31238 [3] NCCL INFO GPU Direct RDMA Disabled for GPU c7000 / HCA 0 (distance 6 > 4)
x3103c0s31b1n0:25910:31238 [3] NCCL INFO === System : maxBw 12.0 totalBw 264.0 ===
x3103c0s31b1n0:25910:31238 [3] NCCL INFO CPU/3 (1/2/-1)
x3103c0s31b1n0:25910:31238 [3] NCCL INFO + SYS[5000.0] - CPU/2
x3103c0s31b1n0:25910:31238 [3] NCCL INFO + SYS[5000.0] - CPU/1
x3103c0s31b1n0:25910:31238 [3] NCCL INFO + SYS[5000.0] - CPU/0
x3103c0s31b1n0:25910:31238 [3] NCCL INFO + PCI[24.0] - PCI/5000 (11f8406811f8beef)
x3103c0s31b1n0:25910:31238 [3] NCCL INFO               + PCI[24.0] - GPU/7000 (12)
x3103c0s31b1n0:25910:31238 [3] NCCL INFO                             + NVL[88.0] - GPU/85000
x3103c0s31b1n0:25910:31238 [3] NCCL INFO                             + NVL[88.0] - GPU/C7000
x3103c0s31b1n0:25910:31238 [3] NCCL INFO                             + NVL[88.0] - GPU/46000
x3103c0s31b1n0:25910:31238 [3] NCCL INFO CPU/2 (1/2/-1)
x3103c0s31b1n0:25910:31238 [3] NCCL INFO + SYS[5000.0] - CPU/3
x3103c0s31b1n0:25910:31238 [3] NCCL INFO + SYS[5000.0] - CPU/1
x3103c0s31b1n0:25910:31238 [3] NCCL INFO + SYS[5000.0] - CPU/0
x3103c0s31b1n0:25910:31238 [3] NCCL INFO + PCI[24.0] - PCI/44000 (11f8406811f8beef)
x3103c0s31b1n0:25910:31238 [3] NCCL INFO               + PCI[24.0] - GPU/46000 (13)
x3103c0s31b1n0:25910:31238 [3] NCCL INFO                             + NVL[88.0] - GPU/85000
x3103c0s31b1n0:25910:31238 [3] NCCL INFO                             + NVL[88.0] - GPU/C7000
x3103c0s31b1n0:25910:31238 [3] NCCL INFO                             + NVL[88.0] - GPU/7000
x3103c0s31b1n0:25910:31238 [3] NCCL INFO + PCI[12.0] - NIC/43000
x3103c0s31b1n0:25910:31238 [3] NCCL INFO               + NET[12.5] - NET/1 (18b70cffffa4e988/1/12.500000)
x3103c0s31b1n0:25910:31238 [3] NCCL INFO CPU/1 (1/2/-1)
x3103c0s31b1n0:25910:31238 [3] NCCL INFO + SYS[5000.0] - CPU/3
x3103c0s31b1n0:25910:31238 [3] NCCL INFO + SYS[5000.0] - CPU/2
x3103c0s31b1n0:25910:31238 [3] NCCL INFO + SYS[5000.0] - CPU/0
x3103c0s31b1n0:25910:31238 [3] NCCL INFO + PCI[24.0] - PCI/83000 (11f8406811f8beef)
x3103c0s31b1n0:25910:31238 [3] NCCL INFO               + PCI[24.0] - GPU/85000 (14)
x3103c0s31b1n0:25910:31238 [3] NCCL INFO                             + NVL[88.0] - GPU/C7000
x3103c0s31b1n0:25910:31238 [3] NCCL INFO                             + NVL[88.0] - GPU/46000
x3103c0s31b1n0:25910:31238 [3] NCCL INFO                             + NVL[88.0] - GPU/7000
x3103c0s31b1n0:25910:31238 [3] NCCL INFO CPU/0 (1/2/-1)
x3103c0s31b1n0:25910:31238 [3] NCCL INFO + SYS[5000.0] - CPU/3
x3103c0s31b1n0:25910:31238 [3] NCCL INFO + SYS[5000.0] - CPU/2
x3103c0s31b1n0:25910:31238 [3] NCCL INFO + SYS[5000.0] - CPU/1
x3103c0s31b1n0:25910:31238 [3] NCCL INFO + PCI[24.0] - PCI/C5000 (11f8406811f8beef)
x3103c0s31b1n0:25910:31238 [3] NCCL INFO               + PCI[24.0] - GPU/C7000 (15)
x3103c0s31b1n0:25910:31238 [3] NCCL INFO                             + NVL[88.0] - GPU/85000
x3103c0s31b1n0:25910:31238 [3] NCCL INFO                             + NVL[88.0] - GPU/46000
x3103c0s31b1n0:25910:31238 [3] NCCL INFO                             + NVL[88.0] - GPU/7000
x3103c0s31b1n0:25910:31238 [3] NCCL INFO + PCI[12.0] - NIC/C8000
x3103c0s31b1n0:25910:31238 [3] NCCL INFO               + NET[12.5] - NET/0 (38b70cffffa4e988/1/12.500000)
x3103c0s31b1n0:25910:31238 [3] NCCL INFO ==========================================
x3103c0s31b1n0:25910:31238 [3] NCCL INFO GPU/7000 :GPU/7000 (0/5000.000000/LOC) GPU/46000 (1/88.000000/NVL) GPU/85000 (1/88.000000/NVL) GPU/C7000 (1/88.000000/NVL) CPU/3 (2/24.000000/PHB) CPU/2 (3/24.000000/SYS) CPU/1 (3/24.000000/SYS) CPU/0 (3/24.000000/SYS) NET/1 (5/12.000000/SYS) NET/0 (5/12.000000/SYS) 
x3103c0s31b1n0:25910:31238 [3] NCCL INFO GPU/46000 :GPU/7000 (1/88.000000/NVL) GPU/46000 (0/5000.000000/LOC) GPU/85000 (1/88.000000/NVL) GPU/C7000 (1/88.000000/NVL) CPU/3 (3/24.000000/SYS) CPU/2 (2/24.000000/PHB) CPU/1 (3/24.000000/SYS) CPU/0 (3/24.000000/SYS) NET/1 (4/12.000000/PHB) NET/0 (5/12.000000/SYS) 
x3103c0s31b1n0:25910:31238 [3] NCCL INFO GPU/85000 :GPU/7000 (1/88.000000/NVL) GPU/46000 (1/88.000000/NVL) GPU/85000 (0/5000.000000/LOC) GPU/C7000 (1/88.000000/NVL) CPU/3 (3/24.000000/SYS) CPU/2 (3/24.000000/SYS) CPU/1 (2/24.000000/PHB) CPU/0 (3/24.000000/SYS) NET/1 (5/12.000000/SYS) NET/0 (5/12.000000/SYS) 
x3103c0s31b1n0:25910:31238 [3] NCCL INFO GPU/C7000 :GPU/7000 (1/88.000000/NVL) GPU/46000 (1/88.000000/NVL) GPU/85000 (1/88.000000/NVL) GPU/C7000 (0/5000.000000/LOC) CPU/3 (3/24.000000/SYS) CPU/2 (3/24.000000/SYS) CPU/1 (3/24.000000/SYS) CPU/0 (2/24.000000/PHB) NET/1 (5/12.000000/SYS) NET/0 (4/12.000000/PHB) 
x3103c0s31b1n0:25910:31238 [3] NCCL INFO NET/1 :GPU/7000 (5/12.000000/SYS) GPU/46000 (4/12.000000/PHB) GPU/85000 (5/12.000000/SYS) GPU/C7000 (5/12.000000/SYS) CPU/3 (3/12.000000/SYS) CPU/2 (2/12.000000/PHB) CPU/1 (3/12.000000/SYS) CPU/0 (3/12.000000/SYS) NET/1 (0/5000.000000/LOC) NET/0 (5/12.000000/SYS) 
x3103c0s31b1n0:25910:31238 [3] NCCL INFO NET/0 :GPU/7000 (5/12.000000/SYS) GPU/46000 (5/12.000000/SYS) GPU/85000 (5/12.000000/SYS) GPU/C7000 (4/12.000000/PHB) CPU/3 (3/12.000000/SYS) CPU/2 (3/12.000000/SYS) CPU/1 (3/12.000000/SYS) CPU/0 (2/12.000000/PHB) NET/1 (5/12.000000/SYS) NET/0 (0/5000.000000/LOC) 
x3103c0s31b1n0:25910:31238 [3] NCCL INFO Setting affinity for GPU 3 to 01
x3103c0s31b1n0:25910:31238 [3] NCCL INFO Pattern 4, crossNic 0, nChannels 2, bw 12.000000/12.000000, type NVL/SYS, sameChannels 1
x3103c0s31b1n0:25910:31238 [3] NCCL INFO  0 : NET/1 GPU/13 GPU/12 GPU/14 GPU/15 NET/1
x3103c0s31b1n0:25910:31238 [3] NCCL INFO  1 : NET/0 GPU/13 GPU/12 GPU/14 GPU/15 NET/0
x3103c0s31b1n0:25910:31238 [3] NCCL INFO Pattern 1, crossNic 0, nChannels 2, bw 24.000000/12.000000, type NVL/SYS, sameChannels 1
x3103c0s31b1n0:25910:31238 [3] NCCL INFO  0 : NET/1 GPU/12 GPU/13 GPU/14 GPU/15 NET/1
x3103c0s31b1n0:25910:31238 [3] NCCL INFO  1 : NET/0 GPU/12 GPU/13 GPU/14 GPU/15 NET/0
x3103c0s31b1n0:25910:31238 [3] NCCL INFO Pattern 3, crossNic 0, nChannels 0, bw 0.000000/0.000000, type NVL/PIX, sameChannels 1
x3103c0s31b1n0:25907:31237 [0] NCCL INFO Tree 0 : 8 -> 12 -> 13/-1/-1
x3103c0s31b1n0:25907:31237 [0] NCCL INFO Tree 2 : 1 -> 12 -> 13/16/-1
x3103c0s31b1n0:25907:31237 [0] NCCL INFO Tree 1 : 8 -> 12 -> 13/-1/-1
x3103c0s31b1n0:25907:31237 [0] NCCL INFO Tree 3 : 1 -> 12 -> 13/16/-1
x3103c0s31b1n0:25907:31237 [0] NCCL INFO Ring 00 : 13 -> 12 -> 14
x3103c0s31b1n0:25907:31237 [0] NCCL INFO Ring 01 : 13 -> 12 -> 14
x3103c0s31b1n0:25907:31237 [0] NCCL INFO Ring 02 : 13 -> 12 -> 14
x3103c0s31b1n0:25907:31237 [0] NCCL INFO Ring 03 : 13 -> 12 -> 14
x3103c0s31b1n0:25907:31237 [0] NCCL INFO Trees [0] 13/-1/-1->12->8 [1] 13/-1/-1->12->8 [2] 13/16/-1->12->1 [3] 13/16/-1->12->1
x3103c0s31b1n0:25907:31237 [0] NCCL INFO misc/utils.cc:235 memory stack hunk malloc(65536)
x3103c0s31b1n0:25907:31237 [0] NCCL INFO channel.cc:23 Cuda Alloc Size 8064 pointer 0x151165817400
x3103c0s31b1n0:25907:31237 [0] NCCL INFO channel.cc:27 Cuda Alloc Size 80 pointer 0x151165819400
x3103c0s31b1n0:25907:31237 [0] NCCL INFO channel.cc:23 Cuda Alloc Size 8064 pointer 0x151165819600
x3103c0s31b1n0:25907:31237 [0] NCCL INFO channel.cc:27 Cuda Alloc Size 80 pointer 0x15116581b600
x3103c0s31b1n0:25907:31237 [0] NCCL INFO channel.cc:23 Cuda Alloc Size 8064 pointer 0x15116581b800
x3103c0s31b1n0:25907:31237 [0] NCCL INFO channel.cc:27 Cuda Alloc Size 80 pointer 0x15116581d800
x3103c0s31b1n0:25907:31237 [0] NCCL INFO channel.cc:23 Cuda Alloc Size 8064 pointer 0x15116581da00
x3103c0s31b1n0:25907:31237 [0] NCCL INFO channel.cc:27 Cuda Alloc Size 80 pointer 0x15116581fa00
x3103c0s31b1n0:25907:31237 [0] NCCL INFO Channel 00/0 : 12[7000] -> 14[85000] via P2P/IPC/read
x3103c0s31b1n0:25907:31384 [0] NCCL INFO Mem Realloc old size 0, new size 8 pointer 0x151114000c60
x3103c0s31b1n0:25907:31384 [0] NCCL INFO New proxy send connection 0 from local rank 0, transport 0
x3103c0s31b1n0:25908:31235 [1] NCCL INFO Tree 0 : 12 -> 13 -> 14/-1/-1
x3103c0s31b1n0:25908:31235 [1] NCCL INFO Tree 2 : 12 -> 13 -> 14/8/-1
x3103c0s31b1n0:25908:31235 [1] NCCL INFO Tree 1 : 12 -> 13 -> 14/-1/-1
x3103c0s31b1n0:25908:31235 [1] NCCL INFO Tree 3 : 12 -> 13 -> 14/8/-1
x3103c0s31b1n0:25908:31235 [1] NCCL INFO Ring 00 : 11 -> 13 -> 12
x3103c0s31b1n0:25908:31235 [1] NCCL INFO Ring 01 : 11 -> 13 -> 12
x3103c0s31b1n0:25908:31235 [1] NCCL INFO Ring 02 : 11 -> 13 -> 12
x3103c0s31b1n0:25908:31235 [1] NCCL INFO Ring 03 : 11 -> 13 -> 12
x3103c0s31b1n0:25908:31235 [1] NCCL INFO Trees [0] 14/-1/-1->13->12 [1] 14/-1/-1->13->12 [2] 14/8/-1->13->12 [3] 14/8/-1->13->12
x3103c0s31b1n0:25908:31235 [1] NCCL INFO misc/utils.cc:235 memory stack hunk malloc(65536)
x3103c0s31b1n0:25908:31235 [1] NCCL INFO channel.cc:23 Cuda Alloc Size 8064 pointer 0x14be9f817400
x3103c0s31b1n0:25908:31235 [1] NCCL INFO channel.cc:27 Cuda Alloc Size 80 pointer 0x14be9f819400
x3103c0s31b1n0:25908:31235 [1] NCCL INFO channel.cc:23 Cuda Alloc Size 8064 pointer 0x14be9f819600
x3103c0s31b1n0:25908:31235 [1] NCCL INFO channel.cc:27 Cuda Alloc Size 80 pointer 0x14be9f81b600
x3103c0s31b1n0:25908:31235 [1] NCCL INFO channel.cc:23 Cuda Alloc Size 8064 pointer 0x14be9f81b800
x3103c0s31b1n0:25908:31235 [1] NCCL INFO channel.cc:27 Cuda Alloc Size 80 pointer 0x14be9f81d800
x3103c0s31b1n0:25908:31235 [1] NCCL INFO channel.cc:23 Cuda Alloc Size 8064 pointer 0x14be9f81da00
x3103c0s31b1n0:25908:31235 [1] NCCL INFO channel.cc:27 Cuda Alloc Size 80 pointer 0x14be9f81fa00
x3103c0s31b1n0:25908:31235 [1] NCCL INFO GPU Direct RDMA Disabled for GPU 46000 / HCA 1 (distance 6 > 4)
x3103c0s31b1n0:25908:31390 [1] NCCL INFO Mem Realloc old size 0, new size 8 pointer 0x14be4c000c60
x3103c0s31b1n0:25908:31390 [1] NCCL INFO Allocated 4194656 bytes of shared memory in /dev/shm/nccl-NdA2Ad

x3103c0s31b1n0:25908:31390 [1] NCCL INFO New proxy recv connection 0 from local rank 1, transport 2
x3103c0s31b1n0:25909:31236 [2] NCCL INFO Ring 00 : 12 -> 14 -> 15
x3103c0s31b1n0:25909:31236 [2] NCCL INFO Ring 01 : 12 -> 14 -> 15
x3103c0s31b1n0:25909:31236 [2] NCCL INFO Ring 02 : 12 -> 14 -> 15
x3103c0s31b1n0:25909:31236 [2] NCCL INFO Ring 03 : 12 -> 14 -> 15
x3103c0s31b1n0:25909:31236 [2] NCCL INFO Trees [0] 15/-1/-1->14->13 [1] 15/-1/-1->14->13 [2] 15/-1/-1->14->13 [3] 15/-1/-1->14->13
x3103c0s31b1n0:25909:31236 [2] NCCL INFO misc/utils.cc:235 memory stack hunk malloc(65536)
x3103c0s31b1n0:25909:31236 [2] NCCL INFO channel.cc:23 Cuda Alloc Size 8064 pointer 0x1547e3817400
x3103c0s31b1n0:25909:31236 [2] NCCL INFO channel.cc:27 Cuda Alloc Size 80 pointer 0x1547e3819400
x3103c0s31b1n0:25909:31236 [2] NCCL INFO channel.cc:23 Cuda Alloc Size 8064 pointer 0x1547e3819600
x3103c0s31b1n0:25909:31236 [2] NCCL INFO channel.cc:27 Cuda Alloc Size 80 pointer 0x1547e381b600
x3103c0s31b1n0:25909:31236 [2] NCCL INFO channel.cc:23 Cuda Alloc Size 8064 pointer 0x1547e381b800
x3103c0s31b1n0:25909:31236 [2] NCCL INFO channel.cc:27 Cuda Alloc Size 80 pointer 0x1547e381d800
x3103c0s31b1n0:25909:31236 [2] NCCL INFO channel.cc:23 Cuda Alloc Size 8064 pointer 0x1547e381da00
x3103c0s31b1n0:25909:31236 [2] NCCL INFO channel.cc:27 Cuda Alloc Size 80 pointer 0x1547e381fa00
x3103c0s31b1n0:25909:31236 [2] NCCL INFO Channel 00/0 : 14[85000] -> 15[c7000] via P2P/IPC/read
x3103c0s31b1n0:25909:31388 [2] NCCL INFO Mem Realloc old size 0, new size 8 pointer 0x154790000c60
x3103c0s31b1n0:25909:31388 [2] NCCL INFO New proxy send connection 0 from local rank 2, transport 0
x3103c0s31b1n0:25907:31237 [0] NCCL INFO Connection to proxy localRank 0 -> connection 0x151114000c80
x3103c0s31b1n0:25907:31384 [0] NCCL INFO transport/p2p.cc:430 Cuda Alloc Size 6291456 pointer 0x15118d200000
x3103c0s31b1n0:25910:31238 [3] NCCL INFO Ring 00 : 14 -> 15 -> 17
x3103c0s31b1n0:25910:31238 [3] NCCL INFO Ring 01 : 14 -> 15 -> 17
x3103c0s31b1n0:25910:31238 [3] NCCL INFO Ring 02 : 14 -> 15 -> 17
x3103c0s31b1n0:25910:31238 [3] NCCL INFO Ring 03 : 14 -> 15 -> 17
x3103c0s31b1n0:25910:31238 [3] NCCL INFO Trees [0] -1/-1/-1->15->14 [1] -1/-1/-1->15->14 [2] -1/-1/-1->15->14 [3] -1/-1/-1->15->14
x3103c0s31b1n0:25910:31238 [3] NCCL INFO misc/utils.cc:235 memory stack hunk malloc(65536)
x3103c0s31b1n0:25910:31238 [3] NCCL INFO channel.cc:23 Cuda Alloc Size 8064 pointer 0x14f4ed817400
x3103c0s31b1n0:25910:31238 [3] NCCL INFO channel.cc:27 Cuda Alloc Size 80 pointer 0x14f4ed819400
x3103c0s31b1n0:25910:31238 [3] NCCL INFO channel.cc:23 Cuda Alloc Size 8064 pointer 0x14f4ed819600
x3103c0s31b1n0:25910:31238 [3] NCCL INFO channel.cc:27 Cuda Alloc Size 80 pointer 0x14f4ed81b600
x3103c0s31b1n0:25910:31238 [3] NCCL INFO channel.cc:23 Cuda Alloc Size 8064 pointer 0x14f4ed81b800
x3103c0s31b1n0:25910:31238 [3] NCCL INFO channel.cc:27 Cuda Alloc Size 80 pointer 0x14f4ed81d800
x3103c0s31b1n0:25910:31238 [3] NCCL INFO channel.cc:23 Cuda Alloc Size 8064 pointer 0x14f4ed81da00
x3103c0s31b1n0:25910:31238 [3] NCCL INFO channel.cc:27 Cuda Alloc Size 80 pointer 0x14f4ed81fa00
x3103c0s31b1n0:25910:31392 [3] NCCL INFO Mem Realloc old size 0, new size 8 pointer 0x14f4a4000c60
x3103c0s31b1n0:25910:31392 [3] NCCL INFO New proxy recv connection 0 from local rank 3, transport 0
x3103c0s31b1n0:25910:31238 [3] NCCL INFO Connection to proxy localRank 3 -> connection 0x14f4a4000c80
x3103c0s31b1n0:25910:31392 [3] NCCL INFO transport/p2p.cc:449 Cuda Alloc Size 6291456 pointer 0x14f4d5600000
x3103c0s31b1n0:25908:31235 [1] NCCL INFO Connection to proxy localRank 1 -> connection 0x14be4c000c80
x3103c0s31b1n0:25909:31236 [2] NCCL INFO Connection to proxy localRank 2 -> connection 0x154790000c80
x3103c0s31b1n0:25909:31388 [2] NCCL INFO transport/p2p.cc:430 Cuda Alloc Size 6291456 pointer 0x15480d200000
x3103c0s31b1n0:25907:31237 [0] NCCL INFO Channel 01/0 : 12[7000] -> 14[85000] via P2P/IPC/read
x3103c0s31b1n0:25907:31384 [0] NCCL INFO New proxy send connection 1 from local rank 0, transport 0
x3103c0s31b1n0:25908:31235 [1] NCCL INFO Channel 00/0 : 11[c7000] -> 13[46000] [receive] via NET/IB/1
x3103c0s31b1n0:25908:31235 [1] NCCL INFO GPU Direct RDMA Disabled for GPU 46000 / HCA 0 (distance 7 > 4)
x3103c0s31b1n0:25908:31390 [1] NCCL INFO New proxy recv connection 1 from local rank 1, transport 2
x3103c0s31b1n0:25908:31235 [1] NCCL INFO Connection to proxy localRank 1 -> connection 0x14be4c000cc0
x3103c0s31b1n0:25909:31236 [2] NCCL INFO Channel 01/0 : 14[85000] -> 15[c7000] via P2P/IPC/read
x3103c0s31b1n0:25909:31388 [2] NCCL INFO New proxy send connection 1 from local rank 2, transport 0
x3103c0s31b1n0:25910:31392 [3] NCCL INFO New proxy recv connection 1 from local rank 3, transport 0
x3103c0s31b1n0:25907:31237 [0] NCCL INFO Connection to proxy localRank 0 -> connection 0x151114000cc0
x3103c0s31b1n0:25907:31384 [0] NCCL INFO transport/p2p.cc:430 Cuda Alloc Size 6291456 pointer 0x15110e000000
x3103c0s31b1n0:25909:31236 [2] NCCL INFO Connection to proxy localRank 2 -> connection 0x154790000cc0
x3103c0s31b1n0:25909:31388 [2] NCCL INFO transport/p2p.cc:430 Cuda Alloc Size 6291456 pointer 0x15478a000000
x3103c0s31b1n0:25910:31238 [3] NCCL INFO Connection to proxy localRank 3 -> connection 0x14f4a4000cc0
x3103c0s31b1n0:25910:31392 [3] NCCL INFO transport/p2p.cc:449 Cuda Alloc Size 6291456 pointer 0x14f514a00000
x3103c0s31b1n0:25909:31236 [2] NCCL INFO Channel 02/0 : 14[85000] -> 15[c7000] via P2P/IPC/read
x3103c0s31b1n0:25909:31388 [2] NCCL INFO New proxy send connection 2 from local rank 2, transport 0
x3103c0s31b1n0:25909:31236 [2] NCCL INFO Connection to proxy localRank 2 -> connection 0x154790000d00
x3103c0s31b1n0:25910:31392 [3] NCCL INFO New proxy recv connection 2 from local rank 3, transport 0
x3103c0s31b1n0:25908:31235 [1] NCCL INFO Channel 01/0 : 11[c7000] -> 13[46000] [receive] via NET/IB/0
x3103c0s31b1n0:25908:31235 [1] NCCL INFO GPU Direct RDMA Disabled for GPU 46000 / HCA 1 (distance 6 > 4)
x3103c0s31b1n0:25907:31237 [0] NCCL INFO Channel 02/0 : 12[7000] -> 14[85000] via P2P/IPC/read
x3103c0s31b1n0:25907:31384 [0] NCCL INFO New proxy send connection 2 from local rank 0, transport 0
x3103c0s31b1n0:25907:31237 [0] NCCL INFO Connection to proxy localRank 0 -> connection 0x151114000d00
x3103c0s31b1n0:25907:31384 [0] NCCL INFO transport/p2p.cc:430 Cuda Alloc Size 6291456 pointer 0x15110e600000
x3103c0s31b1n0:25908:31390 [1] NCCL INFO New proxy recv connection 2 from local rank 1, transport 2
x3103c0s31b1n0:25910:31238 [3] NCCL INFO Connection to proxy localRank 3 -> connection 0x14f4a4000d00
x3103c0s31b1n0:25910:31392 [3] NCCL INFO transport/p2p.cc:449 Cuda Alloc Size 6291456 pointer 0x14f515000000
x3103c0s31b1n0:25908:31235 [1] NCCL INFO Connection to proxy localRank 1 -> connection 0x14be4c000d00
x3103c0s31b1n0:25910:31392 [3] NCCL INFO New proxy recv connection 3 from local rank 3, transport 0
x3103c0s31b1n0:25908:31235 [1] NCCL INFO Channel 02/0 : 11[c7000] -> 13[46000] [receive] via NET/IB/1
x3103c0s31b1n0:25908:31235 [1] NCCL INFO GPU Direct RDMA Disabled for GPU 46000 / HCA 0 (distance 7 > 4)
x3103c0s31b1n0:25907:31237 [0] NCCL INFO Channel 03/0 : 12[7000] -> 14[85000] via P2P/IPC/read
x3103c0s31b1n0:25907:31384 [0] NCCL INFO New proxy send connection 3 from local rank 0, transport 0
x3103c0s31b1n0:25910:31238 [3] NCCL INFO Connection to proxy localRank 3 -> connection 0x14f4a4000d40
x3103c0s31b1n0:25910:31392 [3] NCCL INFO transport/p2p.cc:449 Cuda Alloc Size 6291456 pointer 0x14f49e000000
x3103c0s31b1n0:25909:31388 [2] NCCL INFO transport/p2p.cc:430 Cuda Alloc Size 6291456 pointer 0x15478a600000
x3103c0s31b1n0:25909:31236 [2] NCCL INFO Channel 03/0 : 14[85000] -> 15[c7000] via P2P/IPC/read
x3103c0s31b1n0:25909:31388 [2] NCCL INFO New proxy send connection 3 from local rank 2, transport 0
x3103c0s31b1n0:25908:31390 [1] NCCL INFO New proxy recv connection 3 from local rank 1, transport 2
x3103c0s31b1n0:25909:31236 [2] NCCL INFO Connection to proxy localRank 2 -> connection 0x154790000d40
x3103c0s31b1n0:25909:31388 [2] NCCL INFO transport/p2p.cc:430 Cuda Alloc Size 6291456 pointer 0x15478ac00000
x3103c0s31b1n0:25907:31237 [0] NCCL INFO Connection to proxy localRank 0 -> connection 0x151114000d40
x3103c0s31b1n0:25907:31384 [0] NCCL INFO transport/p2p.cc:430 Cuda Alloc Size 6291456 pointer 0x15110ec00000
x3103c0s31b1n0:25908:31235 [1] NCCL INFO Connection to proxy localRank 1 -> connection 0x14be4c000d40
x3103c0s31b1n0:25908:31235 [1] NCCL INFO Channel 03/0 : 11[c7000] -> 13[46000] [receive] via NET/IB/0
x3103c0s31b1n0:25909:31388 [2] NCCL INFO New proxy recv connection 4 from local rank 2, transport 0
x3103c0s31b1n0:25910:31238 [3] NCCL INFO GPU Direct RDMA Disabled for GPU c7000 / HCA 1 (distance 7 > 4)
x3103c0s31b1n0:25908:31390 [1] NCCL INFO transport/net_ib.cc:683 Ib Alloc Size 21688 pointer 0x14be4c01d000
x3103c0s31b1n0:25908:31390 [1] NCCL INFO transport/net_ib.cc:696 Ib Alloc Size 552 pointer 0x14be4c024000
x3103c0s31b1n0:25910:31392 [3] NCCL INFO Allocated 4194656 bytes of shared memory in /dev/shm/nccl-dHXRem

x3103c0s31b1n0:25910:31392 [3] NCCL INFO New proxy send connection 4 from local rank 3, transport 2
x3103c0s31b1n0:25910:31238 [3] NCCL INFO Connection to proxy localRank 3 -> connection 0x14f4a4000d80
x3103c0s31b1n0:25910:31238 [3] NCCL INFO Channel 00/0 : 15[c7000] -> 17[46000] [send] via NET/IB/1
x3103c0s31b1n0:25910:31238 [3] NCCL INFO GPU Direct RDMA Disabled for GPU c7000 / HCA 0 (distance 6 > 4)
x3103c0s31b1n0:25909:31236 [2] NCCL INFO Connection to proxy localRank 2 -> connection 0x154790000d80
x3103c0s31b1n0:25909:31388 [2] NCCL INFO transport/p2p.cc:449 Cuda Alloc Size 6291456 pointer 0x154788c00000
x3103c0s31b1n0:25910:31392 [3] NCCL INFO New proxy send connection 5 from local rank 3, transport 2
x3103c0s31b1n0:25910:31238 [3] NCCL INFO Connection to proxy localRank 3 -> connection 0x14f4a4000dc0
x3103c0s31b1n0:25910:31238 [3] NCCL INFO Channel 01/0 : 15[c7000] -> 17[46000] [send] via NET/IB/0
x3103c0s31b1n0:25910:31238 [3] NCCL INFO GPU Direct RDMA Disabled for GPU c7000 / HCA 1 (distance 7 > 4)
x3103c0s31b1n0:25910:31392 [3] NCCL INFO New proxy send connection 6 from local rank 3, transport 2
x3103c0s31b1n0:25909:31388 [2] NCCL INFO New proxy recv connection 5 from local rank 2, transport 0
x3103c0s31b1n0:25910:31238 [3] NCCL INFO Connection to proxy localRank 3 -> connection 0x14f4a4000e00
x3103c0s31b1n0:25910:31238 [3] NCCL INFO Channel 02/0 : 15[c7000] -> 17[46000] [send] via NET/IB/1
x3103c0s31b1n0:25910:31238 [3] NCCL INFO GPU Direct RDMA Disabled for GPU c7000 / HCA 0 (distance 6 > 4)
x3103c0s31b1n0:25908:31390 [1] NCCL INFO transport/net_ib.cc:771 Ib Alloc Size 552 pointer 0x14be4c041000
x3103c0s31b1n0:25908:31390 [1] NCCL INFO transport/net.cc:698 Cuda Host Alloc Size 9641984 pointer 0x14bec3e00000
x3103c0s31b1n0:25909:31236 [2] NCCL INFO Connection to proxy localRank 2 -> connection 0x154790000dc0
x3103c0s31b1n0:25909:31388 [2] NCCL INFO transport/p2p.cc:449 Cuda Alloc Size 6291456 pointer 0x154789200000
x3103c0s31b1n0:25908:31390 [1] NCCL INFO transport/net_ib.cc:683 Ib Alloc Size 21688 pointer 0x14be4c043000
x3103c0s31b1n0:25908:31390 [1] NCCL INFO transport/net_ib.cc:696 Ib Alloc Size 552 pointer 0x14be4c04a000
x3103c0s31b1n0:25910:31392 [3] NCCL INFO New proxy send connection 7 from local rank 3, transport 2
x3103c0s31b1n0:25910:31238 [3] NCCL INFO Connection to proxy localRank 3 -> connection 0x14f4a4000e40
x3103c0s31b1n0:25910:31238 [3] NCCL INFO Channel 03/0 : 15[c7000] -> 17[46000] [send] via NET/IB/0
x3103c0s31b1n0:25909:31388 [2] NCCL INFO New proxy recv connection 6 from local rank 2, transport 0
x3103c0s31b1n0:25910:31392 [3] NCCL INFO transport/net_ib.cc:596 Ib Alloc Size 26560 pointer 0x14f4a4020000
x3103c0s31b1n0:25908:31390 [1] NCCL INFO transport/net_ib.cc:771 Ib Alloc Size 552 pointer 0x14be4c065000
x3103c0s31b1n0:25908:31390 [1] NCCL INFO transport/net.cc:698 Cuda Host Alloc Size 9641984 pointer 0x14bec4800000
x3103c0s31b1n0:25910:31392 [3] NCCL INFO NET/IB: Dev 1 Port 1 qpn 10032 mtu 5 GID 0 (80FE/3C2100FEFF000000)
x3103c0s31b1n0:25910:31392 [3] NCCL INFO transport/net_ib.cc:653 Ib Alloc Size 552 pointer 0x14f4a4038000
x3103c0s31b1n0:25910:31392 [3] NCCL INFO transport/net.cc:571 Cuda Host Alloc Size 9641984 pointer 0x14f496000000
x3103c0s31b1n0:25909:31236 [2] NCCL INFO Connection to proxy localRank 2 -> connection 0x154790000e00
x3103c0s31b1n0:25909:31388 [2] NCCL INFO transport/p2p.cc:449 Cuda Alloc Size 6291456 pointer 0x154789800000
x3103c0s31b1n0:25910:31392 [3] NCCL INFO transport/net_ib.cc:596 Ib Alloc Size 26560 pointer 0x14f4a403a000
x3103c0s31b1n0:25910:31392 [3] NCCL INFO NET/IB: Dev 0 Port 1 qpn 14840 mtu 5 GID 0 (80FE/7D2100FEFF000000)
x3103c0s31b1n0:25910:31392 [3] NCCL INFO transport/net_ib.cc:653 Ib Alloc Size 552 pointer 0x14f4a4051000
x3103c0s31b1n0:25910:31392 [3] NCCL INFO transport/net.cc:571 Cuda Host Alloc Size 9641984 pointer 0x14f496a00000
x3103c0s31b1n0:25908:31390 [1] NCCL INFO transport/net_ib.cc:683 Ib Alloc Size 21688 pointer 0x14be4c067000
x3103c0s31b1n0:25908:31390 [1] NCCL INFO transport/net_ib.cc:696 Ib Alloc Size 552 pointer 0x14be4c06e000
x3103c0s31b1n0:25909:31388 [2] NCCL INFO New proxy recv connection 7 from local rank 2, transport 0
x3103c0s31b1n0:25909:31236 [2] NCCL INFO Connection to proxy localRank 2 -> connection 0x154790000e40
x3103c0s31b1n0:25909:31388 [2] NCCL INFO transport/p2p.cc:449 Cuda Alloc Size 6291456 pointer 0x154786000000
x3103c0s31b1n0:25910:31392 [3] NCCL INFO transport/net_ib.cc:596 Ib Alloc Size 26560 pointer 0x14f4a4053000
x3103c0s31b1n0:25910:31392 [3] NCCL INFO NET/IB: Dev 1 Port 1 qpn 10033 mtu 5 GID 0 (80FE/3C2100FEFF000000)
x3103c0s31b1n0:25910:31392 [3] NCCL INFO transport/net_ib.cc:653 Ib Alloc Size 552 pointer 0x14f4a406a000
x3103c0s31b1n0:25910:31392 [3] NCCL INFO transport/net.cc:571 Cuda Host Alloc Size 9641984 pointer 0x14f497400000
x3103c0s31b1n0:25908:31390 [1] NCCL INFO transport/net_ib.cc:771 Ib Alloc Size 552 pointer 0x14be4c089000
x3103c0s31b1n0:25908:31390 [1] NCCL INFO transport/net.cc:698 Cuda Host Alloc Size 9641984 pointer 0x14be46000000
x3103c0s31b1n0:25909:31236 [2] NCCL INFO Connected all rings
x3103c0s31b1n0:25907:31384 [0] NCCL INFO New proxy recv connection 4 from local rank 0, transport 0
x3103c0s31b1n0:25909:31388 [2] NCCL INFO New proxy recv connection 8 from local rank 2, transport 0
x3103c0s31b1n0:25910:31392 [3] NCCL INFO transport/net_ib.cc:596 Ib Alloc Size 26560 pointer 0x14f4a406c000
x3103c0s31b1n0:25908:31390 [1] NCCL INFO transport/net_ib.cc:683 Ib Alloc Size 21688 pointer 0x14be4c08b000
x3103c0s31b1n0:25908:31390 [1] NCCL INFO transport/net_ib.cc:696 Ib Alloc Size 552 pointer 0x14be4c092000
x3103c0s31b1n0:25910:31392 [3] NCCL INFO NET/IB: Dev 0 Port 1 qpn 14841 mtu 5 GID 0 (80FE/7D2100FEFF000000)
x3103c0s31b1n0:25910:31392 [3] NCCL INFO transport/net_ib.cc:653 Ib Alloc Size 552 pointer 0x14f4a4083000
x3103c0s31b1n0:25910:31392 [3] NCCL INFO transport/net.cc:571 Cuda Host Alloc Size 9641984 pointer 0x14f494000000
x3103c0s31b1n0:25908:31390 [1] NCCL INFO transport/net_ib.cc:771 Ib Alloc Size 552 pointer 0x14be4c0ad000
x3103c0s31b1n0:25908:31390 [1] NCCL INFO transport/net.cc:698 Cuda Host Alloc Size 9641984 pointer 0x14be46a00000
x3103c0s31b1n0:25907:31237 [0] NCCL INFO Connection to proxy localRank 0 -> connection 0x151114000d80
x3103c0s31b1n0:25907:31384 [0] NCCL INFO transport/p2p.cc:449 Cuda Alloc Size 6291456 pointer 0x15110cc00000
x3103c0s31b1n0:25909:31236 [2] NCCL INFO Connection to proxy localRank 2 -> connection 0x154790000e80
x3103c0s31b1n0:25909:31388 [2] NCCL INFO transport/p2p.cc:449 Cuda Alloc Size 6291456 pointer 0x154784000000
x3103c0s31b1n0:25910:31238 [3] NCCL INFO Connected all rings
x3103c0s31b1n0:25910:31238 [3] NCCL INFO Channel 00/0 : 15[c7000] -> 14[85000] via P2P/IPC/read
x3103c0s31b1n0:25910:31392 [3] NCCL INFO New proxy send connection 8 from local rank 3, transport 0
x3103c0s31b1n0:25910:31238 [3] NCCL INFO Connection to proxy localRank 3 -> connection 0x14f4a4000e80
x3103c0s31b1n0:25910:31392 [3] NCCL INFO transport/p2p.cc:430 Cuda Alloc Size 6291456 pointer 0x14f494a00000
x3103c0s31b1n0:25908:31235 [1] NCCL INFO Channel 00/0 : 13[46000] -> 12[7000] via P2P/IPC/read
x3103c0s31b1n0:25908:31390 [1] NCCL INFO New proxy send connection 4 from local rank 1, transport 0
x3103c0s31b1n0:25908:31235 [1] NCCL INFO Connection to proxy localRank 1 -> connection 0x14be4c000d80
x3103c0s31b1n0:25908:31390 [1] NCCL INFO transport/p2p.cc:430 Cuda Alloc Size 6291456 pointer 0x14be47400000
x3103c0s31b1n0:25907:31384 [0] NCCL INFO New proxy recv connection 5 from local rank 0, transport 0
x3103c0s31b1n0:25909:31388 [2] NCCL INFO New proxy recv connection 9 from local rank 2, transport 0
x3103c0s31b1n0:25908:31235 [1] NCCL INFO Channel 01/0 : 13[46000] -> 12[7000] via P2P/IPC/read
x3103c0s31b1n0:25908:31390 [1] NCCL INFO New proxy send connection 5 from local rank 1, transport 0
x3103c0s31b1n0:25909:31236 [2] NCCL INFO Connection to proxy localRank 2 -> connection 0x154790000ec0
x3103c0s31b1n0:25909:31388 [2] NCCL INFO transport/p2p.cc:449 Cuda Alloc Size 6291456 pointer 0x154784600000
x3103c0s31b1n0:25907:31237 [0] NCCL INFO Connection to proxy localRank 0 -> connection 0x151114000dc0
x3103c0s31b1n0:25907:31384 [0] NCCL INFO transport/p2p.cc:449 Cuda Alloc Size 6291456 pointer 0x15110d200000
x3103c0s31b1n0:25910:31238 [3] NCCL INFO Channel 01/0 : 15[c7000] -> 14[85000] via P2P/IPC/read
x3103c0s31b1n0:25910:31392 [3] NCCL INFO New proxy send connection 9 from local rank 3, transport 0
x3103c0s31b1n0:25908:31235 [1] NCCL INFO Connection to proxy localRank 1 -> connection 0x14be4c000dc0
x3103c0s31b1n0:25908:31390 [1] NCCL INFO transport/p2p.cc:430 Cuda Alloc Size 6291456 pointer 0x14be47a00000
x3103c0s31b1n0:25909:31388 [2] NCCL INFO New proxy recv connection 10 from local rank 2, transport 0
x3103c0s31b1n0:25907:31384 [0] NCCL INFO New proxy recv connection 6 from local rank 0, transport 0
x3103c0s31b1n0:25910:31238 [3] NCCL INFO Connection to proxy localRank 3 -> connection 0x14f4a4000ec0
x3103c0s31b1n0:25910:31392 [3] NCCL INFO transport/p2p.cc:430 Cuda Alloc Size 6291456 pointer 0x14f495000000
x3103c0s31b1n0:25908:31235 [1] NCCL INFO Channel 02/0 : 13[46000] -> 12[7000] via P2P/IPC/read
x3103c0s31b1n0:25908:31390 [1] NCCL INFO New proxy send connection 6 from local rank 1, transport 0
x3103c0s31b1n0:25909:31236 [2] NCCL INFO Connection to proxy localRank 2 -> connection 0x154790000f00
x3103c0s31b1n0:25909:31388 [2] NCCL INFO transport/p2p.cc:449 Cuda Alloc Size 6291456 pointer 0x154784c00000
x3103c0s31b1n0:25907:31237 [0] NCCL INFO Connection to proxy localRank 0 -> connection 0x151114000e00
x3103c0s31b1n0:25907:31384 [0] NCCL INFO transport/p2p.cc:449 Cuda Alloc Size 6291456 pointer 0x15110d800000
x3103c0s31b1n0:25910:31238 [3] NCCL INFO Channel 02/0 : 15[c7000] -> 14[85000] via P2P/IPC/read
x3103c0s31b1n0:25910:31392 [3] NCCL INFO New proxy send connection 10 from local rank 3, transport 0
x3103c0s31b1n0:25908:31235 [1] NCCL INFO Connection to proxy localRank 1 -> connection 0x14be4c000e00
x3103c0s31b1n0:25908:31390 [1] NCCL INFO transport/p2p.cc:430 Cuda Alloc Size 6291456 pointer 0x14bec5200000
x3103c0s31b1n0:25909:31388 [2] NCCL INFO New proxy recv connection 11 from local rank 2, transport 0
x3103c0s31b1n0:25910:31238 [3] NCCL INFO Connection to proxy localRank 3 -> connection 0x14f4a4000f00
x3103c0s31b1n0:25910:31392 [3] NCCL INFO transport/p2p.cc:430 Cuda Alloc Size 6291456 pointer 0x14f495600000
x3103c0s31b1n0:25907:31384 [0] NCCL INFO New proxy recv connection 7 from local rank 0, transport 0
x3103c0s31b1n0:25908:31235 [1] NCCL INFO Channel 03/0 : 13[46000] -> 12[7000] via P2P/IPC/read
x3103c0s31b1n0:25908:31390 [1] NCCL INFO New proxy send connection 7 from local rank 1, transport 0
x3103c0s31b1n0:25909:31236 [2] NCCL INFO Connection to proxy localRank 2 -> connection 0x154790000f40
x3103c0s31b1n0:25909:31388 [2] NCCL INFO transport/p2p.cc:449 Cuda Alloc Size 6291456 pointer 0x154785200000
x3103c0s31b1n0:25910:31238 [3] NCCL INFO Channel 03/0 : 15[c7000] -> 14[85000] via P2P/IPC/read
x3103c0s31b1n0:25910:31392 [3] NCCL INFO New proxy send connection 11 from local rank 3, transport 0
x3103c0s31b1n0:25907:31237 [0] NCCL INFO Connection to proxy localRank 0 -> connection 0x151114000e40
x3103c0s31b1n0:25907:31384 [0] NCCL INFO transport/p2p.cc:449 Cuda Alloc Size 6291456 pointer 0x15110a000000
x3103c0s31b1n0:25908:31235 [1] NCCL INFO Connection to proxy localRank 1 -> connection 0x14be4c000e40
x3103c0s31b1n0:25908:31390 [1] NCCL INFO transport/p2p.cc:430 Cuda Alloc Size 6291456 pointer 0x14be3e000000
x3103c0s31b1n0:25910:31238 [3] NCCL INFO Connection to proxy localRank 3 -> connection 0x14f4a4000f40
x3103c0s31b1n0:25910:31392 [3] NCCL INFO transport/p2p.cc:430 Cuda Alloc Size 6291456 pointer 0x14f492000000
x3103c0s31b1n0:25907:31237 [0] NCCL INFO Connected all rings
x3103c0s31b1n0:25907:31237 [0] NCCL INFO Channel 00/0 : 12[7000] -> 13[46000] via P2P/IPC/read
x3103c0s31b1n0:25908:31235 [1] NCCL INFO Connected all rings
x3103c0s31b1n0:25908:31390 [1] NCCL INFO New proxy recv connection 8 from local rank 1, transport 0
x3103c0s31b1n0:25907:31384 [0] NCCL INFO New proxy send connection 8 from local rank 0, transport 0
x3103c0s31b1n0:25907:31237 [0] NCCL INFO Connection to proxy localRank 0 -> connection 0x151114000e80
x3103c0s31b1n0:25908:31235 [1] NCCL INFO Connection to proxy localRank 1 -> connection 0x14be4c000e80
x3103c0s31b1n0:25908:31390 [1] NCCL INFO transport/p2p.cc:449 Cuda Alloc Size 6291456 pointer 0x14be3c000000
x3103c0s31b1n0:25907:31384 [0] NCCL INFO transport/p2p.cc:430 Cuda Alloc Size 6291456 pointer 0x151108000000
x3103c0s31b1n0:25908:31390 [1] NCCL INFO New proxy recv connection 9 from local rank 1, transport 0
x3103c0s31b1n0:25907:31237 [0] NCCL INFO Channel 01/0 : 12[7000] -> 13[46000] via P2P/IPC/read
x3103c0s31b1n0:25907:31384 [0] NCCL INFO New proxy send connection 9 from local rank 0, transport 0
x3103c0s31b1n0:25908:31235 [1] NCCL INFO Connection to proxy localRank 1 -> connection 0x14be4c000ec0
x3103c0s31b1n0:25908:31390 [1] NCCL INFO transport/p2p.cc:449 Cuda Alloc Size 6291456 pointer 0x14be3c600000
x3103c0s31b1n0:25907:31237 [0] NCCL INFO Connection to proxy localRank 0 -> connection 0x151114000ec0
x3103c0s31b1n0:25907:31384 [0] NCCL INFO transport/p2p.cc:430 Cuda Alloc Size 6291456 pointer 0x151108600000
x3103c0s31b1n0:25907:31237 [0] NCCL INFO Channel 02/0 : 12[7000] -> 13[46000] via P2P/IPC/read
x3103c0s31b1n0:25907:31384 [0] NCCL INFO New proxy send connection 10 from local rank 0, transport 0
x3103c0s31b1n0:25908:31390 [1] NCCL INFO New proxy recv connection 10 from local rank 1, transport 0
x3103c0s31b1n0:25908:31235 [1] NCCL INFO Connection to proxy localRank 1 -> connection 0x14be4c000f00
x3103c0s31b1n0:25908:31390 [1] NCCL INFO transport/p2p.cc:449 Cuda Alloc Size 6291456 pointer 0x14be3cc00000
x3103c0s31b1n0:25907:31237 [0] NCCL INFO Connection to proxy localRank 0 -> connection 0x151114000f00
x3103c0s31b1n0:25907:31384 [0] NCCL INFO transport/p2p.cc:430 Cuda Alloc Size 6291456 pointer 0x151108c00000
x3103c0s31b1n0:25907:31237 [0] NCCL INFO Channel 03/0 : 12[7000] -> 13[46000] via P2P/IPC/read
x3103c0s31b1n0:25907:31384 [0] NCCL INFO New proxy send connection 11 from local rank 0, transport 0
x3103c0s31b1n0:25908:31390 [1] NCCL INFO New proxy recv connection 11 from local rank 1, transport 0
x3103c0s31b1n0:25907:31237 [0] NCCL INFO Connection to proxy localRank 0 -> connection 0x151114000f40
x3103c0s31b1n0:25907:31384 [0] NCCL INFO transport/p2p.cc:430 Cuda Alloc Size 6291456 pointer 0x151109200000
x3103c0s31b1n0:25908:31235 [1] NCCL INFO Connection to proxy localRank 1 -> connection 0x14be4c000f40
x3103c0s31b1n0:25908:31390 [1] NCCL INFO transport/p2p.cc:449 Cuda Alloc Size 6291456 pointer 0x14be3d200000
x3103c0s31b1n0:25908:31235 [1] NCCL INFO Channel 00/0 : 13[46000] -> 14[85000] via P2P/IPC/read
x3103c0s31b1n0:25908:31390 [1] NCCL INFO New proxy send connection 12 from local rank 1, transport 0
x3103c0s31b1n0:25908:31235 [1] NCCL INFO Connection to proxy localRank 1 -> connection 0x14be4c000f80
x3103c0s31b1n0:25908:31390 [1] NCCL INFO transport/p2p.cc:430 Cuda Alloc Size 6291456 pointer 0x14be3d800000
x3103c0s31b1n0:25908:31235 [1] NCCL INFO Channel 01/0 : 13[46000] -> 14[85000] via P2P/IPC/read
x3103c0s31b1n0:25908:31390 [1] NCCL INFO New proxy send connection 13 from local rank 1, transport 0
x3103c0s31b1n0:25908:31235 [1] NCCL INFO Connection to proxy localRank 1 -> connection 0x14be4c000fc0
x3103c0s31b1n0:25908:31390 [1] NCCL INFO transport/p2p.cc:430 Cuda Alloc Size 6291456 pointer 0x14be3a000000
x3103c0s31b1n0:25908:31235 [1] NCCL INFO Channel 02/0 : 13[46000] -> 14[85000] via P2P/IPC/read
x3103c0s31b1n0:25908:31390 [1] NCCL INFO New proxy send connection 14 from local rank 1, transport 0
x3103c0s31b1n0:25908:31235 [1] NCCL INFO Connection to proxy localRank 1 -> connection 0x14be4c001000
x3103c0s31b1n0:25908:31390 [1] NCCL INFO transport/p2p.cc:430 Cuda Alloc Size 6291456 pointer 0x14be3a600000
x3103c0s31b1n0:25908:31235 [1] NCCL INFO Channel 03/0 : 13[46000] -> 14[85000] via P2P/IPC/read
x3103c0s31b1n0:25908:31390 [1] NCCL INFO New proxy send connection 15 from local rank 1, transport 0
x3103c0s31b1n0:25908:31235 [1] NCCL INFO Connection to proxy localRank 1 -> connection 0x14be4c001040
x3103c0s31b1n0:25908:31390 [1] NCCL INFO transport/p2p.cc:430 Cuda Alloc Size 6291456 pointer 0x14be3ac00000
x3103c0s31b1n0:25907:31237 [0] NCCL INFO GPU Direct RDMA Disabled for GPU 7000 / HCA 1 (distance 7 > 4)
x3103c0s31b1n0:25907:31384 [0] NCCL INFO Allocated 4194656 bytes of shared memory in /dev/shm/nccl-tWQIZ9

x3103c0s31b1n0:25907:31384 [0] NCCL INFO New proxy recv connection 12 from local rank 0, transport 2
x3103c0s31b1n0:25908:31235 [1] NCCL INFO GPU Direct RDMA Disabled for GPU 46000 / HCA 1 (distance 6 > 4)
x3103c0s31b1n0:25908:31390 [1] NCCL INFO New proxy recv connection 16 from local rank 1, transport 2
x3103c0s31b1n0:25909:31388 [2] NCCL INFO New proxy recv connection 12 from local rank 2, transport 0
x3103c0s31b1n0:25908:31235 [1] NCCL INFO Connection to proxy localRank 1 -> connection 0x14be4c001080
x3103c0s31b1n0:25907:31237 [0] NCCL INFO Connection to proxy localRank 0 -> connection 0x151114000f80
x3103c0s31b1n0:25907:31237 [0] NCCL INFO Channel 00/0 : 8[7000] -> 12[7000] [receive] via NET/IB/1
x3103c0s31b1n0:25907:31237 [0] NCCL INFO GPU Direct RDMA Disabled for GPU 7000 / HCA 0 (distance 7 > 4)
x3103c0s31b1n0:25909:31236 [2] NCCL INFO Connection to proxy localRank 2 -> connection 0x154790000f80
x3103c0s31b1n0:25909:31388 [2] NCCL INFO transport/p2p.cc:449 Cuda Alloc Size 6291456 pointer 0x154783200000
x3103c0s31b1n0:25908:31235 [1] NCCL INFO Channel 02/0 : 8[7000] -> 13[46000] [receive] via NET/IB/1
x3103c0s31b1n0:25908:31235 [1] NCCL INFO GPU Direct RDMA Disabled for GPU 46000 / HCA 0 (distance 7 > 4)
x3103c0s31b1n0:25908:31390 [1] NCCL INFO New proxy recv connection 17 from local rank 1, transport 2
x3103c0s31b1n0:25907:31384 [0] NCCL INFO New proxy recv connection 13 from local rank 0, transport 2
x3103c0s31b1n0:25909:31388 [2] NCCL INFO New proxy recv connection 13 from local rank 2, transport 0
x3103c0s31b1n0:25909:31236 [2] NCCL INFO Connection to proxy localRank 2 -> connection 0x154790000fc0
x3103c0s31b1n0:25909:31388 [2] NCCL INFO transport/p2p.cc:449 Cuda Alloc Size 6291456 pointer 0x154783800000
x3103c0s31b1n0:25908:31235 [1] NCCL INFO Connection to proxy localRank 1 -> connection 0x14be4c0010c0
x3103c0s31b1n0:25908:31235 [1] NCCL INFO Channel 03/0 : 8[7000] -> 13[46000] [receive] via NET/IB/0
x3103c0s31b1n0:25909:31388 [2] NCCL INFO New proxy recv connection 14 from local rank 2, transport 0
x3103c0s31b1n0:25907:31237 [0] NCCL INFO Connection to proxy localRank 0 -> connection 0x151114000fc0
x3103c0s31b1n0:25907:31237 [0] NCCL INFO Channel 01/0 : 8[7000] -> 12[7000] [receive] via NET/IB/0
x3103c0s31b1n0:25907:31237 [0] NCCL INFO GPU Direct RDMA Disabled for GPU 7000 / HCA 1 (distance 7 > 4)
x3103c0s31b1n0:25907:31384 [0] NCCL INFO New proxy send connection 14 from local rank 0, transport 2
x3103c0s31b1n0:25907:31237 [0] NCCL INFO Connection to proxy localRank 0 -> connection 0x151114001000
x3103c0s31b1n0:25907:31237 [0] NCCL INFO Channel 02/0 : 12[7000] -> 16[7000] [send] via NET/IB/1
x3103c0s31b1n0:25907:31237 [0] NCCL INFO GPU Direct RDMA Disabled for GPU 7000 / HCA 0 (distance 7 > 4)
x3103c0s31b1n0:25907:31384 [0] NCCL INFO New proxy send connection 15 from local rank 0, transport 2
x3103c0s31b1n0:25909:31236 [2] NCCL INFO Connection to proxy localRank 2 -> connection 0x154790001000
x3103c0s31b1n0:25909:31388 [2] NCCL INFO transport/p2p.cc:449 Cuda Alloc Size 6291456 pointer 0x154780000000
x3103c0s31b1n0:25907:31237 [0] NCCL INFO Connection to proxy localRank 0 -> connection 0x151114001040
x3103c0s31b1n0:25907:31237 [0] NCCL INFO Channel 03/0 : 12[7000] -> 16[7000] [send] via NET/IB/0
x3103c0s31b1n0:25907:31384 [0] NCCL INFO transport/net_ib.cc:596 Ib Alloc Size 26560 pointer 0x151114026000
x3103c0s31b1n0:25909:31388 [2] NCCL INFO New proxy recv connection 15 from local rank 2, transport 0
x3103c0s31b1n0:25907:31384 [0] NCCL INFO NET/IB: Dev 1 Port 1 qpn 10036 mtu 5 GID 0 (80FE/3C2100FEFF000000)
x3103c0s31b1n0:25907:31384 [0] NCCL INFO transport/net_ib.cc:653 Ib Alloc Size 552 pointer 0x15111403e000
x3103c0s31b1n0:25907:31384 [0] NCCL INFO transport/net.cc:571 Cuda Host Alloc Size 9641984 pointer 0x151107200000
x3103c0s31b1n0:25909:31236 [2] NCCL INFO Connection to proxy localRank 2 -> connection 0x154790001040
x3103c0s31b1n0:25909:31388 [2] NCCL INFO transport/p2p.cc:449 Cuda Alloc Size 6291456 pointer 0x154780600000
x3103c0s31b1n0:25907:31384 [0] NCCL INFO transport/net_ib.cc:596 Ib Alloc Size 26560 pointer 0x151114040000
x3103c0s31b1n0:25907:31384 [0] NCCL INFO NET/IB: Dev 0 Port 1 qpn 14844 mtu 5 GID 0 (80FE/7D2100FEFF000000)
x3103c0s31b1n0:25907:31384 [0] NCCL INFO transport/net_ib.cc:653 Ib Alloc Size 552 pointer 0x151114057000
x3103c0s31b1n0:25907:31384 [0] NCCL INFO transport/net.cc:571 Cuda Host Alloc Size 9641984 pointer 0x1510fe000000
x3103c0s31b1n0:25909:31236 [2] NCCL INFO Channel 00/0 : 14[85000] -> 13[46000] via P2P/IPC/read
x3103c0s31b1n0:25909:31388 [2] NCCL INFO New proxy send connection 16 from local rank 2, transport 0
x3103c0s31b1n0:25907:31384 [0] NCCL INFO transport/net_ib.cc:683 Ib Alloc Size 21688 pointer 0x151114059000
x3103c0s31b1n0:25907:31384 [0] NCCL INFO transport/net_ib.cc:696 Ib Alloc Size 552 pointer 0x151114060000
x3103c0s31b1n0:25907:31384 [0] NCCL INFO transport/net_ib.cc:771 Ib Alloc Size 552 pointer 0x15111407c000
x3103c0s31b1n0:25907:31384 [0] NCCL INFO transport/net.cc:698 Cuda Host Alloc Size 9641984 pointer 0x1510fea00000
x3103c0s31b1n0:25909:31236 [2] NCCL INFO Connection to proxy localRank 2 -> connection 0x154790001080
x3103c0s31b1n0:25908:31390 [1] NCCL INFO transport/net_ib.cc:683 Ib Alloc Size 21688 pointer 0x14be4c0be000
x3103c0s31b1n0:25908:31390 [1] NCCL INFO transport/net_ib.cc:696 Ib Alloc Size 552 pointer 0x14be4c01b000
x3103c0s31b1n0:25909:31388 [2] NCCL INFO transport/p2p.cc:430 Cuda Alloc Size 6291456 pointer 0x154780c00000
x3103c0s31b1n0:25907:31384 [0] NCCL INFO transport/net_ib.cc:683 Ib Alloc Size 21688 pointer 0x15111407e000
x3103c0s31b1n0:25907:31384 [0] NCCL INFO transport/net_ib.cc:696 Ib Alloc Size 552 pointer 0x151114085000
x3103c0s31b1n0:25907:31384 [0] NCCL INFO transport/net_ib.cc:771 Ib Alloc Size 552 pointer 0x1511140a0000
x3103c0s31b1n0:25907:31384 [0] NCCL INFO transport/net.cc:698 Cuda Host Alloc Size 9641984 pointer 0x1510ff400000
x3103c0s31b1n0:25908:31390 [1] NCCL INFO transport/net_ib.cc:771 Ib Alloc Size 552 pointer 0x14be4c0e0000
x3103c0s31b1n0:25908:31390 [1] NCCL INFO transport/net.cc:698 Cuda Host Alloc Size 9641984 pointer 0x14be36600000
x3103c0s31b1n0:25909:31236 [2] NCCL INFO Channel 01/0 : 14[85000] -> 13[46000] via P2P/IPC/read
x3103c0s31b1n0:25909:31388 [2] NCCL INFO New proxy send connection 17 from local rank 2, transport 0
x3103c0s31b1n0:25907:31237 [0] NCCL INFO GPU Direct RDMA Disabled for GPU 7000 / HCA 1 (distance 7 > 4)
x3103c0s31b1n0:25907:31384 [0] NCCL INFO New proxy send connection 16 from local rank 0, transport 2
x3103c0s31b1n0:25908:31390 [1] NCCL INFO transport/net_ib.cc:683 Ib Alloc Size 21688 pointer 0x14be4c0e2000
x3103c0s31b1n0:25908:31390 [1] NCCL INFO transport/net_ib.cc:696 Ib Alloc Size 552 pointer 0x14be4c0e9000
x3103c0s31b1n0:25908:31390 [1] NCCL INFO transport/net_ib.cc:771 Ib Alloc Size 552 pointer 0x14be4c104000
x3103c0s31b1n0:25908:31390 [1] NCCL INFO transport/net.cc:698 Cuda Host Alloc Size 9641984 pointer 0x14be37000000
x3103c0s31b1n0:25907:31237 [0] NCCL INFO Connection to proxy localRank 0 -> connection 0x151114001080
x3103c0s31b1n0:25907:31237 [0] NCCL INFO Channel 02/0 : 12[7000] -> 1[46000] [send] via NET/IB/1
x3103c0s31b1n0:25907:31237 [0] NCCL INFO GPU Direct RDMA Disabled for GPU 7000 / HCA 0 (distance 7 > 4)
x3103c0s31b1n0:25907:31384 [0] NCCL INFO New proxy send connection 17 from local rank 0, transport 2
x3103c0s31b1n0:25908:31235 [1] NCCL INFO GPU Direct RDMA Disabled for GPU 46000 / HCA 1 (distance 6 > 4)
x3103c0s31b1n0:25908:31390 [1] NCCL INFO New proxy send connection 18 from local rank 1, transport 2
x3103c0s31b1n0:25909:31236 [2] NCCL INFO Connection to proxy localRank 2 -> connection 0x1547900010c0
x3103c0s31b1n0:25909:31388 [2] NCCL INFO transport/p2p.cc:430 Cuda Alloc Size 6291456 pointer 0x154781200000
x3103c0s31b1n0:25909:31236 [2] NCCL INFO Channel 02/0 : 14[85000] -> 13[46000] via P2P/IPC/read
x3103c0s31b1n0:25909:31388 [2] NCCL INFO New proxy send connection 18 from local rank 2, transport 0
x3103c0s31b1n0:25909:31236 [2] NCCL INFO Connection to proxy localRank 2 -> connection 0x154790001100
x3103c0s31b1n0:25909:31388 [2] NCCL INFO transport/p2p.cc:430 Cuda Alloc Size 6291456 pointer 0x154781800000
x3103c0s31b1n0:25909:31236 [2] NCCL INFO Channel 03/0 : 14[85000] -> 13[46000] via P2P/IPC/read
x3103c0s31b1n0:25909:31388 [2] NCCL INFO New proxy send connection 19 from local rank 2, transport 0
x3103c0s31b1n0:25909:31236 [2] NCCL INFO Connection to proxy localRank 2 -> connection 0x154790001140
x3103c0s31b1n0:25907:31237 [0] NCCL INFO Connection to proxy localRank 0 -> connection 0x1511140010c0
x3103c0s31b1n0:25907:31237 [0] NCCL INFO Channel 03/0 : 12[7000] -> 1[46000] [send] via NET/IB/0
x3103c0s31b1n0:25907:31384 [0] NCCL INFO transport/net_ib.cc:596 Ib Alloc Size 26560 pointer 0x1511140aa000
x3103c0s31b1n0:25907:31384 [0] NCCL INFO NET/IB: Dev 1 Port 1 qpn 10041 mtu 5 GID 0 (80FE/3C2100FEFF000000)
x3103c0s31b1n0:25907:31384 [0] NCCL INFO transport/net_ib.cc:653 Ib Alloc Size 552 pointer 0x1511140c1000
x3103c0s31b1n0:25907:31384 [0] NCCL INFO transport/net.cc:571 Cuda Host Alloc Size 9641984 pointer 0x1510fc000000
x3103c0s31b1n0:25908:31235 [1] NCCL INFO Connection to proxy localRank 1 -> connection 0x14be4c001100
x3103c0s31b1n0:25908:31235 [1] NCCL INFO Channel 02/0 : 13[46000] -> 8[7000] [send] via NET/IB/1
x3103c0s31b1n0:25908:31235 [1] NCCL INFO GPU Direct RDMA Disabled for GPU 46000 / HCA 0 (distance 7 > 4)
x3103c0s31b1n0:25908:31390 [1] NCCL INFO New proxy send connection 19 from local rank 1, transport 2
x3103c0s31b1n0:25908:31235 [1] NCCL INFO Connection to proxy localRank 1 -> connection 0x14be4c001140
x3103c0s31b1n0:25908:31235 [1] NCCL INFO Channel 03/0 : 13[46000] -> 8[7000] [send] via NET/IB/0
x3103c0s31b1n0:25907:31384 [0] NCCL INFO transport/net_ib.cc:596 Ib Alloc Size 26560 pointer 0x1511140c3000
x3103c0s31b1n0:25909:31388 [2] NCCL INFO transport/p2p.cc:430 Cuda Alloc Size 6291456 pointer 0x15477e000000
x3103c0s31b1n0:25907:31384 [0] NCCL INFO NET/IB: Dev 0 Port 1 qpn 14849 mtu 5 GID 0 (80FE/7D2100FEFF000000)
x3103c0s31b1n0:25907:31384 [0] NCCL INFO transport/net_ib.cc:653 Ib Alloc Size 552 pointer 0x1511140da000
x3103c0s31b1n0:25907:31384 [0] NCCL INFO transport/net.cc:571 Cuda Host Alloc Size 9641984 pointer 0x1510fca00000
x3103c0s31b1n0:25910:31238 [3] NCCL INFO Connected all trees by HAO
x3103c0s31b1n0:25910:31238 [3] NCCL INFO threadThresholds 8/8/64 | 160/8/64 | 512 | 512
x3103c0s31b1n0:25910:31238 [3] NCCL INFO 4 coll channels, 4 p2p channels, 2 p2p channels per peer
x3103c0s31b1n0:25910:31392 [3] NCCL INFO New proxy send connection 12 from local rank 3, transport 2
x3103c0s31b1n0:25907:31237 [0] NCCL INFO GPU Direct RDMA Disabled for GPU 7000 / HCA 1 (distance 7 > 4)
x3103c0s31b1n0:25910:31238 [3] NCCL INFO Connection to proxy localRank 3 -> connection 0x14f4a4000f80
x3103c0s31b1n0:25910:31392 [3] NCCL INFO transport/net.cc:376 Cuda Alloc Size 8388608 pointer 0x14f490000000
x3103c0s31b1n0:25907:31384 [0] NCCL INFO New proxy recv connection 18 from local rank 0, transport 2
x3103c0s31b1n0:25907:31237 [0] NCCL INFO Connection to proxy localRank 0 -> connection 0x151114001100
x3103c0s31b1n0:25907:31237 [0] NCCL INFO Channel 02/0 : 1[46000] -> 12[7000] [receive] via NET/IB/1
x3103c0s31b1n0:25907:31237 [0] NCCL INFO GPU Direct RDMA Disabled for GPU 7000 / HCA 0 (distance 7 > 4)
x3103c0s31b1n0:25907:31384 [0] NCCL INFO New proxy recv connection 19 from local rank 0, transport 2
x3103c0s31b1n0:25907:31237 [0] NCCL INFO Connection to proxy localRank 0 -> connection 0x151114001140
x3103c0s31b1n0:25907:31237 [0] NCCL INFO Channel 03/0 : 1[46000] -> 12[7000] [receive] via NET/IB/0
x3103c0s31b1n0:25907:31384 [0] NCCL INFO transport/net_ib.cc:683 Ib Alloc Size 21688 pointer 0x1511140e6000
x3103c0s31b1n0:25907:31384 [0] NCCL INFO transport/net_ib.cc:696 Ib Alloc Size 552 pointer 0x1511140ed000
x3103c0s31b1n0:25907:31384 [0] NCCL INFO transport/net_ib.cc:771 Ib Alloc Size 552 pointer 0x151114109000
x3103c0s31b1n0:25907:31384 [0] NCCL INFO transport/net.cc:698 Cuda Host Alloc Size 9641984 pointer 0x1510fd400000
x3103c0s31b1n0:25907:31384 [0] NCCL INFO transport/net_ib.cc:683 Ib Alloc Size 21688 pointer 0x15111410b000
x3103c0s31b1n0:25907:31384 [0] NCCL INFO transport/net_ib.cc:696 Ib Alloc Size 552 pointer 0x151114112000
x3103c0s31b1n0:25907:31384 [0] NCCL INFO transport/net_ib.cc:771 Ib Alloc Size 552 pointer 0x15111412d000
x3103c0s31b1n0:25907:31384 [0] NCCL INFO transport/net.cc:698 Cuda Host Alloc Size 9641984 pointer 0x1510fa000000
x3103c0s31b1n0:25907:31237 [0] NCCL INFO GPU Direct RDMA Disabled for GPU 7000 / HCA 1 (distance 7 > 4)
x3103c0s31b1n0:25907:31384 [0] NCCL INFO New proxy recv connection 20 from local rank 0, transport 2
x3103c0s31b1n0:25907:31237 [0] NCCL INFO Connection to proxy localRank 0 -> connection 0x151114001180
x3103c0s31b1n0:25907:31237 [0] NCCL INFO Channel 02/0 : 16[7000] -> 12[7000] [receive] via NET/IB/1
x3103c0s31b1n0:25907:31237 [0] NCCL INFO GPU Direct RDMA Disabled for GPU 7000 / HCA 0 (distance 7 > 4)
x3103c0s31b1n0:25907:31384 [0] NCCL INFO New proxy recv connection 21 from local rank 0, transport 2
x3103c0s31b1n0:25907:31237 [0] NCCL INFO Connection to proxy localRank 0 -> connection 0x1511140011c0
x3103c0s31b1n0:25907:31237 [0] NCCL INFO Channel 03/0 : 16[7000] -> 12[7000] [receive] via NET/IB/0
x3103c0s31b1n0:25907:31237 [0] NCCL INFO GPU Direct RDMA Disabled for GPU 7000 / HCA 1 (distance 7 > 4)
x3103c0s31b1n0:25907:31384 [0] NCCL INFO New proxy send connection 22 from local rank 0, transport 2
x3103c0s31b1n0:25907:31237 [0] NCCL INFO Connection to proxy localRank 0 -> connection 0x151114001200
x3103c0s31b1n0:25907:31237 [0] NCCL INFO Channel 00/0 : 12[7000] -> 8[7000] [send] via NET/IB/1
x3103c0s31b1n0:25907:31237 [0] NCCL INFO GPU Direct RDMA Disabled for GPU 7000 / HCA 0 (distance 7 > 4)
x3103c0s31b1n0:25907:31384 [0] NCCL INFO New proxy send connection 23 from local rank 0, transport 2
x3103c0s31b1n0:25907:31237 [0] NCCL INFO Connection to proxy localRank 0 -> connection 0x151114001240
x3103c0s31b1n0:25907:31237 [0] NCCL INFO Channel 01/0 : 12[7000] -> 8[7000] [send] via NET/IB/0
x3103c0s31b1n0:25908:31390 [1] NCCL INFO transport/net_ib.cc:596 Ib Alloc Size 26560 pointer 0x14be4c110000
x3103c0s31b1n0:25908:31390 [1] NCCL INFO NET/IB: Dev 1 Port 1 qpn 10044 mtu 5 GID 0 (80FE/3C2100FEFF000000)
