x3004c0s7b0n0:52863:54057 [1] NCCL INFO transport/net_ib.cc:683 Ib Alloc Size 21688 pointer 0x15291c04d000
x3004c0s7b0n0:52863:54057 [1] NCCL INFO transport/net_ib.cc:696 Ib Alloc Size 552 pointer 0x15291c054000
x3004c0s7b0n0:52864:54059 [2] NCCL INFO transport/p2p.cc:449 Cuda Alloc Size 6291456 pointer 0x1466bbc00000
x3004c0s7b0n0:52865:54062 [3] NCCL INFO transport/net_ib.cc:596 Ib Alloc Size 26560 pointer 0x1521d4044000
x3004c0s7b0n0:52865:54062 [3] NCCL INFO NET/IB: Dev 0 Port 1 qpn 6946 mtu 5 GID 0 (80FE/AE0100FEFF000000)
x3004c0s7b0n0:52865:54062 [3] NCCL INFO transport/net_ib.cc:653 Ib Alloc Size 552 pointer 0x1521d4065000
x3004c0s7b0n0:52865:54062 [3] NCCL INFO transport/net.cc:571 Cuda Host Alloc Size 9641984 pointer 0x1521d3600000
x3004c0s7b0n0:52865:54062 [3] NCCL INFO Mem Realloc old size 0, new size 768 pointer 0x1521d40521f0
x3004c0s7b0n0:52865:54062 [3] NCCL INFO transport/net_ib.cc:596 Ib Alloc Size 26560 pointer 0x1521d4067000
x3004c0s7b0n0:52865:54062 [3] NCCL INFO NET/IB: Dev 1 Port 1 qpn 6002 mtu 5 GID 0 (80FE/EE0100FEFF000000)
x3004c0s7b0n0:52865:54062 [3] NCCL INFO transport/net_ib.cc:653 Ib Alloc Size 552 pointer 0x1521d407e000
x3004c0s7b0n0:52865:54062 [3] NCCL INFO transport/net.cc:571 Cuda Host Alloc Size 9641984 pointer 0x1521ca000000
x3004c0s7b0n0:52865:54062 [3] NCCL INFO transport/net_ib.cc:596 Ib Alloc Size 26560 pointer 0x1521d4080000
x3004c0s7b0n0:52864:54059 [2] NCCL INFO New proxy recv connection 7 from local rank 2, transport 0
x3004c0s7b0n0:52865:54062 [3] NCCL INFO NET/IB: Dev 0 Port 1 qpn 6947 mtu 5 GID 0 (80FE/AE0100FEFF000000)
x3004c0s7b0n0:52865:54062 [3] NCCL INFO transport/net_ib.cc:653 Ib Alloc Size 552 pointer 0x1521d4097000
x3004c0s7b0n0:52865:54062 [3] NCCL INFO transport/net.cc:571 Cuda Host Alloc Size 9641984 pointer 0x1521caa00000
x3004c0s7b0n0:52863:54057 [1] NCCL INFO transport/net_ib.cc:771 Ib Alloc Size 552 pointer 0x15291c079000
x3004c0s7b0n0:52863:54057 [1] NCCL INFO transport/net.cc:698 Cuda Host Alloc Size 9641984 pointer 0x15291aa00000
x3004c0s7b0n0:52863:54057 [1] NCCL INFO Mem Realloc old size 0, new size 768 pointer 0x15291c06e880
x3004c0s7b0n0:52864:53890 [2] NCCL INFO Connection to proxy localRank 2 -> connection 0x146670000e40
x3004c0s7b0n0:52864:54059 [2] NCCL INFO transport/p2p.cc:449 Cuda Alloc Size 6291456 pointer 0x1466bc200000
x3004c0s7b0n0:52863:54057 [1] NCCL INFO transport/net_ib.cc:683 Ib Alloc Size 21688 pointer 0x15291c07b000
x3004c0s7b0n0:52863:54057 [1] NCCL INFO transport/net_ib.cc:696 Ib Alloc Size 552 pointer 0x15291c082000
x3004c0s7b0n0:52865:53888 [3] NCCL INFO Connected all rings
x3004c0s7b0n0:52865:53888 [3] NCCL INFO Channel 00/0 : 19[c7000] -> 18[85000] via P2P/IPC/read
x3004c0s7b0n0:52865:54062 [3] NCCL INFO New proxy send connection 8 from local rank 3, transport 0
x3004c0s7b0n0:52863:54057 [1] NCCL INFO transport/net_ib.cc:771 Ib Alloc Size 552 pointer 0x15291c09d000
x3004c0s7b0n0:52863:54057 [1] NCCL INFO transport/net.cc:698 Cuda Host Alloc Size 9641984 pointer 0x15291b400000
x3004c0s7b0n0:52865:53888 [3] NCCL INFO Connection to proxy localRank 3 -> connection 0x1521d4000e80
x3004c0s7b0n0:52865:54062 [3] NCCL INFO transport/p2p.cc:430 Cuda Alloc Size 6291456 pointer 0x1521cb400000
x3004c0s7b0n0:52864:53890 [2] NCCL INFO Connected all rings
x3004c0s7b0n0:52864:54059 [2] NCCL INFO New proxy recv connection 8 from local rank 2, transport 0
x3004c0s7b0n0:52862:54054 [0] NCCL INFO New proxy recv connection 4 from local rank 0, transport 0
x3004c0s7b0n0:52865:53888 [3] NCCL INFO Channel 01/0 : 19[c7000] -> 18[85000] via P2P/IPC/read
x3004c0s7b0n0:52865:54062 [3] NCCL INFO New proxy send connection 9 from local rank 3, transport 0
x3004c0s7b0n0:52863:54057 [1] NCCL INFO transport/net_ib.cc:683 Ib Alloc Size 21688 pointer 0x15291c09f000
x3004c0s7b0n0:52863:54057 [1] NCCL INFO transport/net_ib.cc:696 Ib Alloc Size 552 pointer 0x15291c0a6000
x3004c0s7b0n0:52864:53890 [2] NCCL INFO Connection to proxy localRank 2 -> connection 0x146670000e80
x3004c0s7b0n0:52864:54059 [2] NCCL INFO transport/p2p.cc:449 Cuda Alloc Size 6291456 pointer 0x1466be000000
x3004c0s7b0n0:52865:53888 [3] NCCL INFO Connection to proxy localRank 3 -> connection 0x1521d4000ec0
x3004c0s7b0n0:52865:54062 [3] NCCL INFO transport/p2p.cc:430 Cuda Alloc Size 6291456 pointer 0x1521cba00000
x3004c0s7b0n0:52862:53889 [0] NCCL INFO Connection to proxy localRank 0 -> connection 0x146370000d80
x3004c0s7b0n0:52862:54054 [0] NCCL INFO transport/p2p.cc:449 Cuda Alloc Size 6291456 pointer 0x146368c00000
x3004c0s7b0n0:52863:54057 [1] NCCL INFO transport/net_ib.cc:771 Ib Alloc Size 552 pointer 0x15291c0c1000
x3004c0s7b0n0:52863:54057 [1] NCCL INFO transport/net.cc:698 Cuda Host Alloc Size 9641984 pointer 0x152918000000
x3004c0s7b0n0:52864:54059 [2] NCCL INFO New proxy recv connection 9 from local rank 2, transport 0
x3004c0s7b0n0:52865:53888 [3] NCCL INFO Channel 02/0 : 19[c7000] -> 18[85000] via P2P/IPC/read
x3004c0s7b0n0:52865:54062 [3] NCCL INFO New proxy send connection 10 from local rank 3, transport 0
x3004c0s7b0n0:52863:53891 [1] NCCL INFO Channel 00/0 : 17[46000] -> 16[7000] via P2P/IPC/read
x3004c0s7b0n0:52863:54057 [1] NCCL INFO New proxy send connection 4 from local rank 1, transport 0
x3004c0s7b0n0:52862:54054 [0] NCCL INFO New proxy recv connection 5 from local rank 0, transport 0
x3004c0s7b0n0:52864:53890 [2] NCCL INFO Connection to proxy localRank 2 -> connection 0x146670000ec0
x3004c0s7b0n0:52864:54059 [2] NCCL INFO transport/p2p.cc:449 Cuda Alloc Size 6291456 pointer 0x1466be600000
x3004c0s7b0n0:52865:53888 [3] NCCL INFO Connection to proxy localRank 3 -> connection 0x1521d4000f00
x3004c0s7b0n0:52865:54062 [3] NCCL INFO transport/p2p.cc:430 Cuda Alloc Size 6291456 pointer 0x1521c8000000
x3004c0s7b0n0:52863:53891 [1] NCCL INFO Connection to proxy localRank 1 -> connection 0x15291c000d80
x3004c0s7b0n0:52863:54057 [1] NCCL INFO transport/p2p.cc:430 Cuda Alloc Size 6291456 pointer 0x152918a00000
x3004c0s7b0n0:52862:53889 [0] NCCL INFO Connection to proxy localRank 0 -> connection 0x146370000dc0
x3004c0s7b0n0:52862:54054 [0] NCCL INFO transport/p2p.cc:449 Cuda Alloc Size 6291456 pointer 0x146369200000
x3004c0s7b0n0:52864:54059 [2] NCCL INFO New proxy recv connection 10 from local rank 2, transport 0
x3004c0s7b0n0:52865:53888 [3] NCCL INFO Channel 03/0 : 19[c7000] -> 18[85000] via P2P/IPC/read
x3004c0s7b0n0:52865:54062 [3] NCCL INFO New proxy send connection 11 from local rank 3, transport 0
x3004c0s7b0n0:52865:53888 [3] NCCL INFO Connection to proxy localRank 3 -> connection 0x1521d4000f40
x3004c0s7b0n0:52863:53891 [1] NCCL INFO Channel 01/0 : 17[46000] -> 16[7000] via P2P/IPC/read
x3004c0s7b0n0:52863:54057 [1] NCCL INFO New proxy send connection 5 from local rank 1, transport 0
x3004c0s7b0n0:52862:54054 [0] NCCL INFO New proxy recv connection 6 from local rank 0, transport 0
x3004c0s7b0n0:52865:54062 [3] NCCL INFO transport/p2p.cc:430 Cuda Alloc Size 6291456 pointer 0x1521c8600000
x3004c0s7b0n0:52864:53890 [2] NCCL INFO Connection to proxy localRank 2 -> connection 0x146670000f00
x3004c0s7b0n0:52864:54059 [2] NCCL INFO transport/p2p.cc:449 Cuda Alloc Size 6291456 pointer 0x1466bec00000
x3004c0s7b0n0:52862:53889 [0] NCCL INFO Connection to proxy localRank 0 -> connection 0x146370000e00
x3004c0s7b0n0:52862:54054 [0] NCCL INFO transport/p2p.cc:449 Cuda Alloc Size 6291456 pointer 0x146369800000
x3004c0s7b0n0:52863:53891 [1] NCCL INFO Connection to proxy localRank 1 -> connection 0x15291c000dc0
x3004c0s7b0n0:52863:54057 [1] NCCL INFO transport/p2p.cc:430 Cuda Alloc Size 6291456 pointer 0x152919000000
x3004c0s7b0n0:52864:54059 [2] NCCL INFO New proxy recv connection 11 from local rank 2, transport 0
x3004c0s7b0n0:52862:54054 [0] NCCL INFO New proxy recv connection 7 from local rank 0, transport 0
x3004c0s7b0n0:52863:53891 [1] NCCL INFO Channel 02/0 : 17[46000] -> 16[7000] via P2P/IPC/read
x3004c0s7b0n0:52863:54057 [1] NCCL INFO New proxy send connection 6 from local rank 1, transport 0
x3004c0s7b0n0:52864:53890 [2] NCCL INFO Connection to proxy localRank 2 -> connection 0x146670000f40
x3004c0s7b0n0:52862:53889 [0] NCCL INFO Connection to proxy localRank 0 -> connection 0x146370000e40
x3004c0s7b0n0:52863:53891 [1] NCCL INFO Connection to proxy localRank 1 -> connection 0x15291c000e00
x3004c0s7b0n0:52864:54059 [2] NCCL INFO transport/p2p.cc:449 Cuda Alloc Size 6291456 pointer 0x1466bf200000
x3004c0s7b0n0:52862:54054 [0] NCCL INFO transport/p2p.cc:449 Cuda Alloc Size 6291456 pointer 0x146366000000
x3004c0s7b0n0:52863:54057 [1] NCCL INFO transport/p2p.cc:430 Cuda Alloc Size 6291456 pointer 0x152919600000
x3004c0s7b0n0:52863:53891 [1] NCCL INFO Channel 03/0 : 17[46000] -> 16[7000] via P2P/IPC/read
x3004c0s7b0n0:52863:54057 [1] NCCL INFO New proxy send connection 7 from local rank 1, transport 0
x3004c0s7b0n0:52863:53891 [1] NCCL INFO Connection to proxy localRank 1 -> connection 0x15291c000e40
x3004c0s7b0n0:52863:54057 [1] NCCL INFO transport/p2p.cc:430 Cuda Alloc Size 6291456 pointer 0x15292ba00000
x3004c0s7b0n0:52863:53891 [1] NCCL INFO Connected all rings
x3004c0s7b0n0:52863:54057 [1] NCCL INFO New proxy recv connection 8 from local rank 1, transport 0
x3004c0s7b0n0:52862:53889 [0] NCCL INFO Connected all rings
x3004c0s7b0n0:52862:53889 [0] NCCL INFO Channel 00/0 : 16[7000] -> 17[46000] via P2P/IPC/read
x3004c0s7b0n0:52862:54054 [0] NCCL INFO New proxy send connection 8 from local rank 0, transport 0
x3004c0s7b0n0:52862:53889 [0] NCCL INFO Connection to proxy localRank 0 -> connection 0x146370000e80
x3004c0s7b0n0:52862:54054 [0] NCCL INFO transport/p2p.cc:430 Cuda Alloc Size 6291456 pointer 0x146364000000
x3004c0s7b0n0:52863:53891 [1] NCCL INFO Connection to proxy localRank 1 -> connection 0x15291c000e80
x3004c0s7b0n0:52863:54057 [1] NCCL INFO transport/p2p.cc:449 Cuda Alloc Size 6291456 pointer 0x152917800000
x3004c0s7b0n0:52862:53889 [0] NCCL INFO Channel 01/0 : 16[7000] -> 17[46000] via P2P/IPC/read
x3004c0s7b0n0:52862:54054 [0] NCCL INFO New proxy send connection 9 from local rank 0, transport 0
x3004c0s7b0n0:52863:54057 [1] NCCL INFO New proxy recv connection 9 from local rank 1, transport 0
x3004c0s7b0n0:52862:53889 [0] NCCL INFO Connection to proxy localRank 0 -> connection 0x146370000ec0
x3004c0s7b0n0:52862:54054 [0] NCCL INFO transport/p2p.cc:430 Cuda Alloc Size 6291456 pointer 0x146364600000
x3004c0s7b0n0:52862:53889 [0] NCCL INFO Channel 02/0 : 16[7000] -> 17[46000] via P2P/IPC/read
x3004c0s7b0n0:52863:53891 [1] NCCL INFO Connection to proxy localRank 1 -> connection 0x15291c000ec0
x3004c0s7b0n0:52863:54057 [1] NCCL INFO transport/p2p.cc:449 Cuda Alloc Size 6291456 pointer 0x152914000000
x3004c0s7b0n0:52862:54054 [0] NCCL INFO New proxy send connection 10 from local rank 0, transport 0
x3004c0s7b0n0:52862:53889 [0] NCCL INFO Connection to proxy localRank 0 -> connection 0x146370000f00
x3004c0s7b0n0:52862:54054 [0] NCCL INFO transport/p2p.cc:430 Cuda Alloc Size 6291456 pointer 0x146364c00000
x3004c0s7b0n0:52862:53889 [0] NCCL INFO Channel 03/0 : 16[7000] -> 17[46000] via P2P/IPC/read
x3004c0s7b0n0:52862:54054 [0] NCCL INFO New proxy send connection 11 from local rank 0, transport 0
x3004c0s7b0n0:52863:54057 [1] NCCL INFO New proxy recv connection 10 from local rank 1, transport 0
x3004c0s7b0n0:52862:53889 [0] NCCL INFO Connection to proxy localRank 0 -> connection 0x146370000f40
x3004c0s7b0n0:52862:54054 [0] NCCL INFO transport/p2p.cc:430 Cuda Alloc Size 6291456 pointer 0x146365200000
x3004c0s7b0n0:52863:53891 [1] NCCL INFO Connection to proxy localRank 1 -> connection 0x15291c000f00
x3004c0s7b0n0:52863:54057 [1] NCCL INFO transport/p2p.cc:449 Cuda Alloc Size 6291456 pointer 0x152914600000
x3004c0s7b0n0:52863:54057 [1] NCCL INFO New proxy recv connection 11 from local rank 1, transport 0
x3004c0s7b0n0:52863:53891 [1] NCCL INFO Connection to proxy localRank 1 -> connection 0x15291c000f40
x3004c0s7b0n0:52863:54057 [1] NCCL INFO transport/p2p.cc:449 Cuda Alloc Size 6291456 pointer 0x152914c00000
x3004c0s7b0n0:52863:53891 [1] NCCL INFO Channel 00/0 : 17[46000] -> 18[85000] via P2P/IPC/read
x3004c0s7b0n0:52863:54057 [1] NCCL INFO New proxy send connection 12 from local rank 1, transport 0
x3004c0s7b0n0:52863:53891 [1] NCCL INFO Connection to proxy localRank 1 -> connection 0x15291c000f80
x3004c0s7b0n0:52863:54057 [1] NCCL INFO transport/p2p.cc:430 Cuda Alloc Size 6291456 pointer 0x152915200000
x3004c0s7b0n0:52863:53891 [1] NCCL INFO Channel 01/0 : 17[46000] -> 18[85000] via P2P/IPC/read
x3004c0s7b0n0:52863:54057 [1] NCCL INFO New proxy send connection 13 from local rank 1, transport 0
x3004c0s7b0n0:52863:53891 [1] NCCL INFO Connection to proxy localRank 1 -> connection 0x15291c000fc0
x3004c0s7b0n0:52863:54057 [1] NCCL INFO transport/p2p.cc:430 Cuda Alloc Size 6291456 pointer 0x152915800000
x3004c0s7b0n0:52863:53891 [1] NCCL INFO Channel 02/0 : 17[46000] -> 18[85000] via P2P/IPC/read
x3004c0s7b0n0:52863:54057 [1] NCCL INFO New proxy send connection 14 from local rank 1, transport 0
x3004c0s7b0n0:52863:53891 [1] NCCL INFO Connection to proxy localRank 1 -> connection 0x15291c001000
x3004c0s7b0n0:52863:54057 [1] NCCL INFO transport/p2p.cc:430 Cuda Alloc Size 6291456 pointer 0x152912000000
x3004c0s7b0n0:52863:53891 [1] NCCL INFO Channel 03/0 : 17[46000] -> 18[85000] via P2P/IPC/read
x3004c0s7b0n0:52863:54057 [1] NCCL INFO New proxy send connection 15 from local rank 1, transport 0
x3004c0s7b0n0:52863:53891 [1] NCCL INFO Connection to proxy localRank 1 -> connection 0x15291c001040
x3004c0s7b0n0:52863:54057 [1] NCCL INFO transport/p2p.cc:430 Cuda Alloc Size 6291456 pointer 0x152912600000
x3004c0s7b0n0:52863:53891 [1] NCCL INFO GPU Direct RDMA Disabled for GPU 46000 / HCA 1 (distance 6 > 4)
x3004c0s7b0n0:52863:54057 [1] NCCL INFO New proxy recv connection 16 from local rank 1, transport 2
x3004c0s7b0n0:52862:53889 [0] NCCL INFO GPU Direct RDMA Disabled for GPU 7000 / HCA 1 (distance 7 > 4)
x3004c0s7b0n0:52862:54054 [0] NCCL INFO Allocated 4194656 bytes of shared memory in /dev/shm/nccl-ntcjol

x3004c0s7b0n0:52862:54054 [0] NCCL INFO New proxy recv connection 12 from local rank 0, transport 2
x3004c0s7b0n0:52864:54059 [2] NCCL INFO New proxy recv connection 12 from local rank 2, transport 0
x3004c0s7b0n0:52862:53889 [0] NCCL INFO Connection to proxy localRank 0 -> connection 0x146370000f80
x3004c0s7b0n0:52864:53890 [2] NCCL INFO Connection to proxy localRank 2 -> connection 0x146670000f80
x3004c0s7b0n0:52864:54059 [2] NCCL INFO transport/p2p.cc:449 Cuda Alloc Size 6291456 pointer 0x1466c1000000
x3004c0s7b0n0:52863:53891 [1] NCCL INFO Connection to proxy localRank 1 -> connection 0x15291c001080
x3004c0s7b0n0:52864:54059 [2] NCCL INFO New proxy recv connection 13 from local rank 2, transport 0
x3004c0s7b0n0:52862:53889 [0] NCCL INFO Channel 02/0 : 12[7000] -> 16[7000] [receive] via NET/IB/1
x3004c0s7b0n0:52862:53889 [0] NCCL INFO GPU Direct RDMA Disabled for GPU 7000 / HCA 0 (distance 7 > 4)
x3004c0s7b0n0:52862:54054 [0] NCCL INFO New proxy recv connection 13 from local rank 0, transport 2
x3004c0s7b0n0:52864:53890 [2] NCCL INFO Connection to proxy localRank 2 -> connection 0x146670000fc0
x3004c0s7b0n0:52864:54059 [2] NCCL INFO transport/p2p.cc:449 Cuda Alloc Size 6291456 pointer 0x1466c1600000
x3004c0s7b0n0:52863:53891 [1] NCCL INFO Channel 00/0 : 8[7000] -> 17[46000] [receive] via NET/IB/1
x3004c0s7b0n0:52863:53891 [1] NCCL INFO GPU Direct RDMA Disabled for GPU 46000 / HCA 0 (distance 7 > 4)
x3004c0s7b0n0:52863:54057 [1] NCCL INFO New proxy recv connection 17 from local rank 1, transport 2
x3004c0s7b0n0:52864:54059 [2] NCCL INFO New proxy recv connection 14 from local rank 2, transport 0
x3004c0s7b0n0:52862:53889 [0] NCCL INFO Connection to proxy localRank 0 -> connection 0x146370000fc0
x3004c0s7b0n0:52864:53890 [2] NCCL INFO Connection to proxy localRank 2 -> connection 0x146670001000
x3004c0s7b0n0:52864:54059 [2] NCCL INFO transport/p2p.cc:449 Cuda Alloc Size 6291456 pointer 0x1466c1c00000
x3004c0s7b0n0:52863:53891 [1] NCCL INFO Connection to proxy localRank 1 -> connection 0x15291c0010c0
x3004c0s7b0n0:52862:53889 [0] NCCL INFO Channel 03/0 : 12[7000] -> 16[7000] [receive] via NET/IB/0
x3004c0s7b0n0:52862:53889 [0] NCCL INFO GPU Direct RDMA Disabled for GPU 7000 / HCA 1 (distance 7 > 4)
x3004c0s7b0n0:52862:54054 [0] NCCL INFO New proxy send connection 14 from local rank 0, transport 2
x3004c0s7b0n0:52864:54059 [2] NCCL INFO New proxy recv connection 15 from local rank 2, transport 0
x3004c0s7b0n0:52863:53891 [1] NCCL INFO Channel 01/0 : 8[7000] -> 17[46000] [receive] via NET/IB/0
x3004c0s7b0n0:52862:53889 [0] NCCL INFO Connection to proxy localRank 0 -> connection 0x146370001000
x3004c0s7b0n0:52862:53889 [0] NCCL INFO Channel 00/0 : 16[7000] -> 0[7000] [send] via NET/IB/1
x3004c0s7b0n0:52862:53889 [0] NCCL INFO GPU Direct RDMA Disabled for GPU 7000 / HCA 0 (distance 7 > 4)
x3004c0s7b0n0:52862:54054 [0] NCCL INFO New proxy send connection 15 from local rank 0, transport 2
x3004c0s7b0n0:52862:53889 [0] NCCL INFO Connection to proxy localRank 0 -> connection 0x146370001040
x3004c0s7b0n0:52862:53889 [0] NCCL INFO Channel 01/0 : 16[7000] -> 0[7000] [send] via NET/IB/0
x3004c0s7b0n0:52864:53890 [2] NCCL INFO Connection to proxy localRank 2 -> connection 0x146670001040
x3004c0s7b0n0:52864:54059 [2] NCCL INFO transport/p2p.cc:449 Cuda Alloc Size 6291456 pointer 0x1466c2200000
x3004c0s7b0n0:52862:54054 [0] NCCL INFO transport/net_ib.cc:596 Ib Alloc Size 26560 pointer 0x146370026000
x3004c0s7b0n0:52862:54054 [0] NCCL INFO NET/IB: Dev 1 Port 1 qpn 6005 mtu 5 GID 0 (80FE/EE0100FEFF000000)
x3004c0s7b0n0:52862:54054 [0] NCCL INFO transport/net_ib.cc:653 Ib Alloc Size 552 pointer 0x146370048000
x3004c0s7b0n0:52862:54054 [0] NCCL INFO transport/net.cc:571 Cuda Host Alloc Size 9641984 pointer 0x146363200000
x3004c0s7b0n0:52862:54054 [0] NCCL INFO Mem Realloc old size 0, new size 768 pointer 0x146370035670
x3004c0s7b0n0:52864:53890 [2] NCCL INFO Channel 00/0 : 18[85000] -> 17[46000] via P2P/IPC/read
x3004c0s7b0n0:52864:54059 [2] NCCL INFO New proxy send connection 16 from local rank 2, transport 0
x3004c0s7b0n0:52862:54054 [0] NCCL INFO transport/net_ib.cc:596 Ib Alloc Size 26560 pointer 0x14637004a000
x3004c0s7b0n0:52862:54054 [0] NCCL INFO NET/IB: Dev 0 Port 1 qpn 6952 mtu 5 GID 0 (80FE/AE0100FEFF000000)
x3004c0s7b0n0:52862:54054 [0] NCCL INFO transport/net_ib.cc:653 Ib Alloc Size 552 pointer 0x14637006b000
x3004c0s7b0n0:52862:54054 [0] NCCL INFO transport/net.cc:571 Cuda Host Alloc Size 9641984 pointer 0x14635a000000
x3004c0s7b0n0:52862:54054 [0] NCCL INFO Mem Realloc old size 0, new size 768 pointer 0x146370058a50
x3004c0s7b0n0:52864:53890 [2] NCCL INFO Connection to proxy localRank 2 -> connection 0x146670001080
x3004c0s7b0n0:52864:54059 [2] NCCL INFO transport/p2p.cc:430 Cuda Alloc Size 6291456 pointer 0x1466c2800000
x3004c0s7b0n0:52862:54054 [0] NCCL INFO transport/net_ib.cc:683 Ib Alloc Size 21688 pointer 0x14637006d000
x3004c0s7b0n0:52862:54054 [0] NCCL INFO transport/net_ib.cc:696 Ib Alloc Size 552 pointer 0x146370074000
x3004c0s7b0n0:52864:53890 [2] NCCL INFO Channel 01/0 : 18[85000] -> 17[46000] via P2P/IPC/read
x3004c0s7b0n0:52864:54059 [2] NCCL INFO New proxy send connection 17 from local rank 2, transport 0
x3004c0s7b0n0:52862:54054 [0] NCCL INFO transport/net_ib.cc:771 Ib Alloc Size 552 pointer 0x146370090000
x3004c0s7b0n0:52862:54054 [0] NCCL INFO transport/net.cc:698 Cuda Host Alloc Size 9641984 pointer 0x14635aa00000
x3004c0s7b0n0:52862:54054 [0] NCCL INFO transport/net_ib.cc:683 Ib Alloc Size 21688 pointer 0x146370092000
x3004c0s7b0n0:52862:54054 [0] NCCL INFO transport/net_ib.cc:696 Ib Alloc Size 552 pointer 0x146370099000
x3004c0s7b0n0:52862:54054 [0] NCCL INFO transport/net_ib.cc:771 Ib Alloc Size 552 pointer 0x1463700b4000
x3004c0s7b0n0:52862:54054 [0] NCCL INFO transport/net.cc:698 Cuda Host Alloc Size 9641984 pointer 0x14635b400000
x3004c0s7b0n0:52862:53889 [0] NCCL INFO GPU Direct RDMA Disabled for GPU 7000 / HCA 1 (distance 7 > 4)
x3004c0s7b0n0:52862:54054 [0] NCCL INFO New proxy recv connection 16 from local rank 0, transport 2
x3004c0s7b0n0:52864:53890 [2] NCCL INFO Connection to proxy localRank 2 -> connection 0x1466700010c0
x3004c0s7b0n0:52864:54059 [2] NCCL INFO transport/p2p.cc:430 Cuda Alloc Size 6291456 pointer 0x1466c2e00000
x3004c0s7b0n0:52862:53889 [0] NCCL INFO Connection to proxy localRank 0 -> connection 0x146370001080
x3004c0s7b0n0:52864:53890 [2] NCCL INFO Channel 02/0 : 18[85000] -> 17[46000] via P2P/IPC/read
x3004c0s7b0n0:52864:54059 [2] NCCL INFO New proxy send connection 18 from local rank 2, transport 0
x3004c0s7b0n0:52862:53889 [0] NCCL INFO Channel 00/0 : 0[7000] -> 16[7000] [receive] via NET/IB/1
x3004c0s7b0n0:52862:53889 [0] NCCL INFO GPU Direct RDMA Disabled for GPU 7000 / HCA 0 (distance 7 > 4)
x3004c0s7b0n0:52862:54054 [0] NCCL INFO New proxy recv connection 17 from local rank 0, transport 2
x3004c0s7b0n0:52862:53889 [0] NCCL INFO Connection to proxy localRank 0 -> connection 0x1463700010c0
x3004c0s7b0n0:52864:53890 [2] NCCL INFO Connection to proxy localRank 2 -> connection 0x146670001100
x3004c0s7b0n0:52864:54059 [2] NCCL INFO transport/p2p.cc:430 Cuda Alloc Size 6291456 pointer 0x1466c3400000
x3004c0s7b0n0:52864:53890 [2] NCCL INFO Channel 03/0 : 18[85000] -> 17[46000] via P2P/IPC/read
x3004c0s7b0n0:52864:54059 [2] NCCL INFO New proxy send connection 19 from local rank 2, transport 0
x3004c0s7b0n0:52863:54057 [1] NCCL INFO transport/net_ib.cc:683 Ib Alloc Size 21688 pointer 0x15291c0d2000
x3004c0s7b0n0:52863:54057 [1] NCCL INFO transport/net_ib.cc:696 Ib Alloc Size 552 pointer 0x15291c019000
x3004c0s7b0n0:52862:53889 [0] NCCL INFO Channel 01/0 : 0[7000] -> 16[7000] [receive] via NET/IB/0
x3004c0s7b0n0:52862:53889 [0] NCCL INFO GPU Direct RDMA Disabled for GPU 7000 / HCA 1 (distance 7 > 4)
x3004c0s7b0n0:52862:54054 [0] NCCL INFO New proxy send connection 18 from local rank 0, transport 2
x3004c0s7b0n0:52864:53890 [2] NCCL INFO Connection to proxy localRank 2 -> connection 0x146670001140
x3004c0s7b0n0:52864:54059 [2] NCCL INFO transport/p2p.cc:430 Cuda Alloc Size 6291456 pointer 0x1466c3a00000
x3004c0s7b0n0:52862:53889 [0] NCCL INFO Connection to proxy localRank 0 -> connection 0x146370001100
x3004c0s7b0n0:52862:53889 [0] NCCL INFO Channel 02/0 : 16[7000] -> 12[7000] [send] via NET/IB/1
x3004c0s7b0n0:52862:53889 [0] NCCL INFO GPU Direct RDMA Disabled for GPU 7000 / HCA 0 (distance 7 > 4)
x3004c0s7b0n0:52863:54057 [1] NCCL INFO transport/net_ib.cc:771 Ib Alloc Size 552 pointer 0x15291c0f2000
x3004c0s7b0n0:52863:54057 [1] NCCL INFO transport/net.cc:698 Cuda Host Alloc Size 9641984 pointer 0x15290e000000
x3004c0s7b0n0:52862:54054 [0] NCCL INFO New proxy send connection 19 from local rank 0, transport 2
x3004c0s7b0n0:52865:53888 [3] NCCL INFO Connected all trees by HAO
x3004c0s7b0n0:52865:53888 [3] NCCL INFO threadThresholds 8/8/64 | 160/8/64 | 512 | 512
x3004c0s7b0n0:52865:53888 [3] NCCL INFO 4 coll channels, 4 p2p channels, 2 p2p channels per peer
x3004c0s7b0n0:52865:54062 [3] NCCL INFO New proxy send connection 12 from local rank 3, transport 2
x3004c0s7b0n0:52863:54057 [1] NCCL INFO transport/net_ib.cc:683 Ib Alloc Size 21688 pointer 0x15291c0f4000
x3004c0s7b0n0:52863:54057 [1] NCCL INFO transport/net_ib.cc:696 Ib Alloc Size 552 pointer 0x15291c0fb000
x3004c0s7b0n0:52862:53889 [0] NCCL INFO Connection to proxy localRank 0 -> connection 0x146370001140
x3004c0s7b0n0:52862:53889 [0] NCCL INFO Channel 03/0 : 16[7000] -> 12[7000] [send] via NET/IB/0
x3004c0s7b0n0:52865:53888 [3] NCCL INFO Connection to proxy localRank 3 -> connection 0x1521d4000f80
x3004c0s7b0n0:52865:54062 [3] NCCL INFO transport/net.cc:376 Cuda Alloc Size 8388608 pointer 0x1521c6600000
x3004c0s7b0n0:52863:54057 [1] NCCL INFO transport/net_ib.cc:771 Ib Alloc Size 552 pointer 0x15291c116000
x3004c0s7b0n0:52863:54057 [1] NCCL INFO transport/net.cc:698 Cuda Host Alloc Size 9641984 pointer 0x15290ea00000
x3004c0s7b0n0:52863:53891 [1] NCCL INFO GPU Direct RDMA Disabled for GPU 46000 / HCA 1 (distance 6 > 4)
x3004c0s7b0n0:52863:54057 [1] NCCL INFO New proxy send connection 18 from local rank 1, transport 2
x3004c0s7b0n0:52863:53891 [1] NCCL INFO Connection to proxy localRank 1 -> connection 0x15291c001100
x3004c0s7b0n0:52863:53891 [1] NCCL INFO Channel 00/0 : 17[46000] -> 8[7000] [send] via NET/IB/1
x3004c0s7b0n0:52863:53891 [1] NCCL INFO GPU Direct RDMA Disabled for GPU 46000 / HCA 0 (distance 7 > 4)
x3004c0s7b0n0:52863:54057 [1] NCCL INFO New proxy send connection 19 from local rank 1, transport 2
x3004c0s7b0n0:52863:53891 [1] NCCL INFO Connection to proxy localRank 1 -> connection 0x15291c001140
x3004c0s7b0n0:52863:53891 [1] NCCL INFO Channel 01/0 : 17[46000] -> 8[7000] [send] via NET/IB/0
x3004c0s7b0n0:52863:54057 [1] NCCL INFO transport/net_ib.cc:596 Ib Alloc Size 26560 pointer 0x15291c122000
x3004c0s7b0n0:52863:54057 [1] NCCL INFO NET/IB: Dev 1 Port 1 qpn 6010 mtu 5 GID 0 (80FE/EE0100FEFF000000)
x3004c0s7b0n0:52863:54057 [1] NCCL INFO transport/net_ib.cc:653 Ib Alloc Size 552 pointer 0x15291c139000
x3004c0s7b0n0:52863:54057 [1] NCCL INFO transport/net.cc:571 Cuda Host Alloc Size 9641984 pointer 0x15290f400000
x3004c0s7b0n0:52863:54057 [1] NCCL INFO transport/net_ib.cc:596 Ib Alloc Size 26560 pointer 0x15291c13b000
x3004c0s7b0n0:52863:54057 [1] NCCL INFO NET/IB: Dev 0 Port 1 qpn 6957 mtu 5 GID 0 (80FE/AE0100FEFF000000)
x3004c0s7b0n0:52863:54057 [1] NCCL INFO transport/net_ib.cc:653 Ib Alloc Size 552 pointer 0x15291c152000
x3004c0s7b0n0:52863:54057 [1] NCCL INFO transport/net.cc:571 Cuda Host Alloc Size 9641984 pointer 0x15290c000000
x3004c0s7b0n0:52863:54057 [1] NCCL INFO New proxy recv connection 20 from local rank 1, transport 0
x3004c0s7b0n0:52863:53891 [1] NCCL INFO Connection to proxy localRank 1 -> connection 0x15291c001180
x3004c0s7b0n0:52863:54057 [1] NCCL INFO transport/p2p.cc:449 Cuda Alloc Size 6291456 pointer 0x15290ca00000
x3004c0s7b0n0:52863:54057 [1] NCCL INFO New proxy recv connection 21 from local rank 1, transport 0
x3004c0s7b0n0:52863:53891 [1] NCCL INFO Connection to proxy localRank 1 -> connection 0x15291c0011c0
x3004c0s7b0n0:52863:54057 [1] NCCL INFO transport/p2p.cc:449 Cuda Alloc Size 6291456 pointer 0x15290d000000
x3004c0s7b0n0:52862:54054 [0] NCCL INFO transport/net_ib.cc:596 Ib Alloc Size 26560 pointer 0x1463700ca000
x3004c0s7b0n0:52862:54054 [0] NCCL INFO NET/IB: Dev 1 Port 1 qpn 6011 mtu 5 GID 0 (80FE/EE0100FEFF000000)
x3004c0s7b0n0:52862:54054 [0] NCCL INFO transport/net_ib.cc:653 Ib Alloc Size 552 pointer 0x1463700e1000
x3004c0s7b0n0:52862:54054 [0] NCCL INFO transport/net.cc:571 Cuda Host Alloc Size 9641984 pointer 0x146358000000
x3004c0s7b0n0:52862:54054 [0] NCCL INFO transport/net_ib.cc:596 Ib Alloc Size 26560 pointer 0x1463700e3000
x3004c0s7b0n0:52862:54054 [0] NCCL INFO NET/IB: Dev 0 Port 1 qpn 6958 mtu 5 GID 0 (80FE/AE0100FEFF000000)
x3004c0s7b0n0:52862:54054 [0] NCCL INFO transport/net_ib.cc:653 Ib Alloc Size 552 pointer 0x1463700fa000
x3004c0s7b0n0:52862:54054 [0] NCCL INFO transport/net.cc:571 Cuda Host Alloc Size 9641984 pointer 0x146358a00000
x3004c0s7b0n0:52863:54057 [1] NCCL INFO New proxy recv connection 22 from local rank 1, transport 0
x3004c0s7b0n0:52863:53891 [1] NCCL INFO Connection to proxy localRank 1 -> connection 0x15291c001200
x3004c0s7b0n0:52863:54057 [1] NCCL INFO transport/p2p.cc:449 Cuda Alloc Size 6291456 pointer 0x15290d600000
x3004c0s7b0n0:52862:54054 [0] NCCL INFO transport/net_ib.cc:683 Ib Alloc Size 21688 pointer 0x1463700fc000
x3004c0s7b0n0:52862:54054 [0] NCCL INFO transport/net_ib.cc:696 Ib Alloc Size 552 pointer 0x146370103000
x3004c0s7b0n0:52862:54054 [0] NCCL INFO transport/net_ib.cc:771 Ib Alloc Size 552 pointer 0x14637011e000
x3004c0s7b0n0:52862:54054 [0] NCCL INFO transport/net.cc:698 Cuda Host Alloc Size 9641984 pointer 0x146359400000
x3004c0s7b0n0:52863:54057 [1] NCCL INFO New proxy recv connection 23 from local rank 1, transport 0
x3004c0s7b0n0:52862:54054 [0] NCCL INFO transport/net_ib.cc:683 Ib Alloc Size 21688 pointer 0x146370120000
x3004c0s7b0n0:52862:54054 [0] NCCL INFO transport/net_ib.cc:696 Ib Alloc Size 552 pointer 0x146370127000
x3004c0s7b0n0:52862:54054 [0] NCCL INFO transport/net_ib.cc:771 Ib Alloc Size 552 pointer 0x146370142000
x3004c0s7b0n0:52862:54054 [0] NCCL INFO transport/net.cc:698 Cuda Host Alloc Size 9641984 pointer 0x146356000000
x3004c0s7b0n0:52863:53891 [1] NCCL INFO Connection to proxy localRank 1 -> connection 0x15291c001240
x3004c0s7b0n0:52863:54057 [1] NCCL INFO transport/p2p.cc:449 Cuda Alloc Size 6291456 pointer 0x15290a000000
x3004c0s7b0n0:52862:53889 [0] NCCL INFO Connected all trees by HAO
x3004c0s7b0n0:52862:53889 [0] NCCL INFO threadThresholds 8/8/64 | 160/8/64 | 512 | 512
x3004c0s7b0n0:52862:53889 [0] NCCL INFO 4 coll channels, 4 p2p channels, 2 p2p channels per peer
x3004c0s7b0n0:52862:54054 [0] NCCL INFO New proxy send connection 20 from local rank 0, transport 2
x3004c0s7b0n0:52863:53891 [1] NCCL INFO Connected all trees by HAO
x3004c0s7b0n0:52863:53891 [1] NCCL INFO threadThresholds 8/8/64 | 160/8/64 | 512 | 512
x3004c0s7b0n0:52863:53891 [1] NCCL INFO 4 coll channels, 4 p2p channels, 2 p2p channels per peer
x3004c0s7b0n0:52863:54057 [1] NCCL INFO New proxy send connection 24 from local rank 1, transport 2
x3004c0s7b0n0:52864:53890 [2] NCCL INFO Connected all trees by HAO
x3004c0s7b0n0:52864:53890 [2] NCCL INFO threadThresholds 8/8/64 | 160/8/64 | 512 | 512
x3004c0s7b0n0:52864:53890 [2] NCCL INFO 4 coll channels, 4 p2p channels, 2 p2p channels per peer
x3004c0s7b0n0:52864:54059 [2] NCCL INFO Allocated 4194656 bytes of shared memory in /dev/shm/nccl-iFmAuy

x3004c0s7b0n0:52864:54059 [2] NCCL INFO New proxy send connection 20 from local rank 2, transport 2
x3004c0s7b0n0:52862:53889 [0] NCCL INFO Connection to proxy localRank 0 -> connection 0x146370001180
x3004c0s7b0n0:52862:54054 [0] NCCL INFO transport/net.cc:376 Cuda Alloc Size 8388608 pointer 0x146356a00000
x3004c0s7b0n0:52863:53891 [1] NCCL INFO Connection to proxy localRank 1 -> connection 0x15291c001280
x3004c0s7b0n0:52863:54057 [1] NCCL INFO transport/net.cc:376 Cuda Alloc Size 8388608 pointer 0x152908000000
x3004c0s7b0n0:52864:53890 [2] NCCL INFO Connection to proxy localRank 2 -> connection 0x146670001180
x3004c0s7b0n0:52864:53890 [2] NCCL INFO init.cc:367 Cuda Alloc Size 5168 pointer 0x1466b7e08800
x3004c0s7b0n0:52865:53888 [3] NCCL INFO init.cc:367 Cuda Alloc Size 5168 pointer 0x1521e3808800
x3004c0s7b0n0:52863:53891 [1] NCCL INFO init.cc:367 Cuda Alloc Size 5168 pointer 0x15292b808800
x3004c0s7b0n0:52862:53889 [0] NCCL INFO init.cc:367 Cuda Alloc Size 5168 pointer 0x146375808800
x3004c0s7b0n0:52865:53888 [3] NCCL INFO init.cc:392 Cuda Host Alloc Size 33554432 pointer 0x1521c4000000
x3004c0s7b0n0:52865:53888 [3] NCCL INFO init.cc:398 Cuda Host Alloc Size 128 pointer 0x1521e2e00200
x3004c0s7b0n0:52865:53888 [3] NCCL INFO comm 0x5597d6fbbc00 rank 19 nranks 20 cudaDev 3 busId c7000 - Init COMPLETE
x3004c0s7b0n0:52863:53891 [1] NCCL INFO init.cc:392 Cuda Host Alloc Size 33554432 pointer 0x152906000000
x3004c0s7b0n0:52863:53891 [1] NCCL INFO init.cc:398 Cuda Host Alloc Size 128 pointer 0x15292ae00200
x3004c0s7b0n0:52863:53891 [1] NCCL INFO comm 0x55ae99a19740 rank 17 nranks 20 cudaDev 1 busId 46000 - Init COMPLETE
x3004c0s7b0n0:52862:53889 [0] NCCL INFO init.cc:392 Cuda Host Alloc Size 33554432 pointer 0x146354000000
x3004c0s7b0n0:52862:53889 [0] NCCL INFO init.cc:398 Cuda Host Alloc Size 128 pointer 0x146374e00200
x3004c0s7b0n0:52862:53889 [0] NCCL INFO comm 0x55b5411f97a0 rank 16 nranks 20 cudaDev 0 busId 7000 - Init COMPLETE
x3004c0s7b0n0:52864:53890 [2] NCCL INFO init.cc:392 Cuda Host Alloc Size 33554432 pointer 0x1466c7000000
x3004c0s7b0n0:52864:53890 [2] NCCL INFO init.cc:398 Cuda Host Alloc Size 128 pointer 0x1466b7400200
x3004c0s7b0n0:52864:53890 [2] NCCL INFO comm 0x5570915eb1a0 rank 18 nranks 20 cudaDev 2 busId 85000 - Init COMPLETE
x3004c0s7b0n0:52864:54059 [2] NCCL INFO transport/net.cc:376 Cuda Alloc Size 8388608 pointer 0x1466c9000000
x3004c0s7b0n0:52862:52862 [0] NCCL INFO AllReduce: opCount 0 sendbuff 0x1463b3600200 recvbuff 0x1463b3600200 count 1 datatype 1 op 0 root 0 comm 0x55b5411f97a0 [nranks=20] stream 0x55b545764510
x3004c0s7b0n0:52862:52862 [0] NCCL INFO misc/utils.cc:235 memory stack hunk malloc(65536)
[LYD INFO in ncclLaunchKernel (enqueue.cc)] NCHANNELS is: 4x3004c0s7b0n0:52863:52863 [1] NCCL INFO AllReduce: opCount 0 sendbuff 0x15296f600200 recvbuff 0x15296f600200 count 1 datatype 1 op 0 root 0 comm 0x55ae99a19740 [nranks=20] stream 0x55aeb1770a70
x3004c0s7b0n0:52863:52863 [1] NCCL INFO misc/utils.cc:235 memory stack hunk malloc(65536)
[LYD INFO in ncclLaunchKernel (enqueue.cc)] NCHANNELS is: 4x3004c0s7b0n0:52864:52864 [2] NCCL INFO AllReduce: opCount 0 sendbuff 0x1466b3c00200 recvbuff 0x1466b3c00200 count 1 datatype 1 op 0 root 0 comm 0x5570915eb1a0 [nranks=20] stream 0x5570af4a6c40
x3004c0s7b0n0:52864:52864 [2] NCCL INFO misc/utils.cc:235 memory stack hunk malloc(65536)
[LYD INFO in ncclLaunchKernel (enqueue.cc)] NCHANNELS is: 4x3004c0s7b0n0:52865:52865 [3] NCCL INFO AllReduce: opCount 0 sendbuff 0x152223600200 recvbuff 0x152223600200 count 1 datatype 1 op 0 root 0 comm 0x5597d6fbbc00 [nranks=20] stream 0x5597f5135520
x3004c0s7b0n0:52865:52865 [3] NCCL INFO misc/utils.cc:235 memory stack hunk malloc(65536)
[LYD INFO in ncclLaunchKernel (enqueue.cc)] NCHANNELS is: 4
[LYD INFO in NCCL_KERN_NAME (common.h)] 18 AllReduce TREE LL Sum uint8_t Elapsed time: 496974 us

[LYD INFO in NCCL_KERN_NAME (common.h)] 17 AllReduce TREE LL Sum uint8_t Elapsed time: 507211 us

[LYD INFO in NCCL_KERN_NAME (common.h)] 19 AllReduce TREE LL Sum uint8_t Elapsed time: 464853 us

[LYD INFO in NCCL_KERN_NAME (common.h)] 16 AllReduce TREE LL Sum uint8_t Elapsed time: 517411 us
x3004c0s7b0n0:52863:52863 [1] NCCL INFO AllReduce: opCount 1 sendbuff 0x15296f600000 recvbuff 0x15296f600000 count 1 datatype 1 op 0 root 0 comm 0x55ae99a19740 [nranks=20] stream 0x55aeb1770a70
[LYD INFO in ncclLaunchKernel (enqueue.cc)] NCHANNELS is: 4x3004c0s7b0n0:52864:52864 [2] NCCL INFO AllReduce: opCount 1 sendbuff 0x1466b3c00000 recvbuff 0x1466b3c00000 count 1 datatype 1 op 0 root 0 comm 0x5570915eb1a0 [nranks=20] stream 0x5570af4a6c40
[LYD INFO in ncclLaunchKernel (enqueue.cc)] NCHANNELS is: 4x3004c0s7b0n0:52862:52862 [0] NCCL INFO AllReduce: opCount 1 sendbuff 0x1463b3600000 recvbuff 0x1463b3600000 count 1 datatype 1 op 0 root 0 comm 0x55b5411f97a0 [nranks=20] stream 0x55b545764510
[LYD INFO in ncclLaunchKernel (enqueue.cc)] NCHANNELS is: 4x3004c0s7b0n0:52865:52865 [3] NCCL INFO AllReduce: opCount 1 sendbuff 0x152223600000 recvbuff 0x152223600000 count 1 datatype 1 op 0 root 0 comm 0x5597d6fbbc00 [nranks=20] stream 0x5597f5135520
[LYD INFO in ncclLaunchKernel (enqueue.cc)] NCHANNELS is: 4
[LYD INFO in NCCL_KERN_NAME (common.h)] 16 AllReduce TREE LL Sum uint8_t Elapsed time: 5904174 us

[LYD INFO in NCCL_KERN_NAME (common.h)] 17 AllReduce TREE LL Sum uint8_t Elapsed time: 13288654 us

[LYD INFO in NCCL_KERN_NAME (common.h)] 18 AllReduce TREE LL Sum uint8_t Elapsed time: 11731597 us

[LYD INFO in NCCL_KERN_NAME (common.h)] 19 AllReduce TREE LL Sum uint8_t Elapsed time: 3541845 us
x3004c0s7b0n0:52862:52862 [0] NCCL INFO AllReduce: opCount 2 sendbuff 0x1463b3600000 recvbuff 0x1463b3600000 count 1 datatype 8 op 3 root 0 comm 0x55b5411f97a0 [nranks=20] stream 0x55b545764510
[LYD INFO in ncclLaunchKernel (enqueue.cc)] NCHANNELS is: 4x3004c0s7b0n0:52863:52863 [1] NCCL INFO AllReduce: opCount 2 sendbuff 0x15296f600000 recvbuff 0x15296f600000 count 1 datatype 8 op 3 root 0 comm 0x55ae99a19740 [nranks=20] stream 0x55aeb1770a70
[LYD INFO in ncclLaunchKernel (enqueue.cc)] NCHANNELS is: 4x3004c0s7b0n0:52864:52864 [2] NCCL INFO AllReduce: opCount 2 sendbuff 0x1466b3c00000 recvbuff 0x1466b3c00000 count 1 datatype 8 op 3 root 0 comm 0x5570915eb1a0 [nranks=20] stream 0x5570af4a6c40
[LYD INFO in ncclLaunchKernel (enqueue.cc)] NCHANNELS is: 4x3004c0s7b0n0:52865:52865 [3] NCCL INFO AllReduce: opCount 2 sendbuff 0x152223600000 recvbuff 0x152223600000 count 1 datatype 8 op 3 root 0 comm 0x5597d6fbbc00 [nranks=20] stream 0x5597f5135520
[LYD INFO in ncclLaunchKernel (enqueue.cc)] NCHANNELS is: 4
[LYD INFO in NCCL_FUNC_NAME (common.h)] 17 AllReduce TREE LL Min double Elapsed time: 73124 us

[LYD INFO in NCCL_KERN_NAME (common.h)] 17 AllReduce TREE LL Sum double Elapsed time: 78065 us
x3004c0s7b0n0:52863:52863 [1] NCCL INFO AllReduce: opCount 3 sendbuff 0x15296f600200 recvbuff 0x15296f600200 count 1 datatype 1 op 0 root 0 comm 0x55ae99a19740 [nranks=20] stream 0x55aeb1770a70
[LYD INFO in ncclLaunchKernel (enqueue.cc)] NCHANNELS is: 4
[LYD INFO in NCCL_FUNC_NAME (common.h)] 16 AllReduce TREE LL Min double Elapsed time: 84647 us

[LYD INFO in NCCL_KERN_NAME (common.h)] 16 AllReduce TREE LL Sum double Elapsed time: 90837 us

[LYD INFO in NCCL_FUNC_NAME (common.h)] 18 AllReduce TREE LL Min double Elapsed time: 18193 us

[LYD INFO in NCCL_KERN_NAME (common.h)] 18 AllReduce TREE LL Sum double Elapsed time: 31446 us

[LYD INFO in NCCL_FUNC_NAME (common.h)] 19 AllReduce TREE LL Min double Elapsed time: 4 us

[LYD INFO in NCCL_KERN_NAME (common.h)] 19 AllReduce TREE LL Sum double Elapsed time: 13441 us
x3004c0s7b0n0:52862:52862 [0] NCCL INFO AllReduce: opCount 3 sendbuff 0x1463b3600200 recvbuff 0x1463b3600200 count 1 datatype 1 op 0 root 0 comm 0x55b5411f97a0 [nranks=20] stream 0x55b545764510
[LYD INFO in ncclLaunchKernel (enqueue.cc)] NCHANNELS is: 4x3004c0s7b0n0:52864:52864 [2] NCCL INFO AllReduce: opCount 3 sendbuff 0x1466b3c00200 recvbuff 0x1466b3c00200 count 1 datatype 1 op 0 root 0 comm 0x5570915eb1a0 [nranks=20] stream 0x5570af4a6c40
[LYD INFO in ncclLaunchKernel (enqueue.cc)] NCHANNELS is: 4x3004c0s7b0n0:52865:52865 [3] NCCL INFO AllReduce: opCount 3 sendbuff 0x152223600200 recvbuff 0x152223600200 count 1 datatype 1 op 0 root 0 comm 0x5597d6fbbc00 [nranks=20] stream 0x5597f5135520
[LYD INFO in ncclLaunchKernel (enqueue.cc)] NCHANNELS is: 4
[LYD INFO in NCCL_KERN_NAME (common.h)] 19 AllReduce TREE LL Sum uint8_t Elapsed time: 2601 us

[LYD INFO in NCCL_KERN_NAME (common.h)] 18 AllReduce TREE LL Sum uint8_t Elapsed time: 14953 us

[LYD INFO in NCCL_KERN_NAME (common.h)] 17 AllReduce TREE LL Sum uint8_t Elapsed time: 68155 us

[LYD INFO in NCCL_KERN_NAME (common.h)] 16 AllReduce TREE LL Sum uint8_t Elapsed time: 44350 us
 > number of parameters on (tensor, pipeline) model parallel rank (0, 18): 39354880
x3004c0s7b0n0:52864:52864 [2] NCCL INFO AllReduce: opCount 4 sendbuff 0x1466b3c00400 recvbuff 0x1466b3c00400 count 1 datatype 1 op 0 root 0 comm 0x5570915eb1a0 [nranks=20] stream 0x5570af4a6c40
[LYD INFO in ncclLaunchKernel (enqueue.cc)] NCHANNELS is: 4 > number of parameters on (tensor, pipeline) model parallel rank (0, 16): 39354880
 > number of parameters on (tensor, pipeline) model parallel rank (0, 17): 39354880
x3004c0s7b0n0:52863:52863 [1] NCCL INFO AllReduce: opCount 4 sendbuff 0x15296f600400 recvbuff 0x15296f600400 count 1 datatype 1 op 0 root 0 comm 0x55ae99a19740 [nranks=20] stream 0x55aeb1770a70
[LYD INFO in ncclLaunchKernel (enqueue.cc)] NCHANNELS is: 4x3004c0s7b0n0:52862:52862 [0] NCCL INFO AllReduce: opCount 4 sendbuff 0x1463b3600400 recvbuff 0x1463b3600400 count 1 datatype 1 op 0 root 0 comm 0x55b5411f97a0 [nranks=20] stream 0x55b545764510
[LYD INFO in ncclLaunchKernel (enqueue.cc)] NCHANNELS is: 4x3004c0s7b0n0:52865:52865 [3] NCCL INFO init.cc:1147 Cuda Host Alloc Size 4 pointer 0x1521e2e00400
x3004c0s7b0n0:52865:56940 [3] NCCL INFO Using network IB
x3004c0s7b0n0:52865:56940 [3] NCCL INFO NET/IB : GPU Direct RDMA Enabled for HCA 0 'mlx5_0'
x3004c0s7b0n0:52865:56940 [3] NCCL INFO NET/IB : GPU Direct RDMA Enabled for HCA 1 'mlx5_1'
x3004c0s7b0n0:52865:56940 [3] NCCL INFO GPU Direct RDMA Disabled for GPU c7000 / HCA 0 (distance 6 > 4)
x3004c0s7b0n0:52865:56940 [3] NCCL INFO GPU Direct RDMA Disabled for GPU c7000 / HCA 1 (distance 7 > 4)
x3004c0s7b0n0:52865:56940 [3] NCCL INFO GPU Direct RDMA Disabled for GPU c7000 / HCA 0 (distance 6 > 4)
x3004c0s7b0n0:52865:56940 [3] NCCL INFO GPU Direct RDMA Disabled for GPU c7000 / HCA 1 (distance 7 > 4)
x3004c0s7b0n0:52865:56940 [3] NCCL INFO === System : maxBw 12.0 totalBw 24.0 ===
x3004c0s7b0n0:52865:56940 [3] NCCL INFO CPU/0 (1/2/-1)
x3004c0s7b0n0:52865:56940 [3] NCCL INFO + SYS[5000.0] - CPU/2
x3004c0s7b0n0:52865:56940 [3] NCCL INFO + PCI[24.0] - PCI/C5000 (11f8406811f8beef)
x3004c0s7b0n0:52865:56940 [3] NCCL INFO               + PCI[24.0] - GPU/C7000 (1)
x3004c0s7b0n0:52865:56940 [3] NCCL INFO + PCI[12.0] - NIC/C8000
x3004c0s7b0n0:52865:56940 [3] NCCL INFO               + NET[12.5] - NET/0 (8604ffffa4e988/1/12.500000)
x3004c0s7b0n0:52865:56940 [3] NCCL INFO CPU/2 (1/2/-1)
x3004c0s7b0n0:52865:56940 [3] NCCL INFO + SYS[5000.0] - CPU/0
x3004c0s7b0n0:52865:56940 [3] NCCL INFO + PCI[12.0] - NIC/43000
x3004c0s7b0n0:52865:56940 [3] NCCL INFO               + NET[12.5] - NET/1 (800704ffffa4e988/1/12.500000)
x3004c0s7b0n0:52865:56940 [3] NCCL INFO ==========================================
x3004c0s7b0n0:52865:56940 [3] NCCL INFO GPU/C7000 :GPU/C7000 (0/5000.000000/LOC) CPU/0 (2/24.000000/PHB) CPU/2 (3/24.000000/SYS) NET/0 (4/12.000000/PHB) NET/1 (5/12.000000/SYS) 
x3004c0s7b0n0:52865:56940 [3] NCCL INFO NET/0 :GPU/C7000 (4/12.000000/PHB) CPU/0 (2/12.000000/PHB) CPU/2 (3/12.000000/SYS) NET/0 (0/5000.000000/LOC) NET/1 (5/12.000000/SYS) 
x3004c0s7b0n0:52865:56940 [3] NCCL INFO NET/1 :GPU/C7000 (5/12.000000/SYS) CPU/0 (3/12.000000/SYS) CPU/2 (2/12.000000/PHB) NET/0 (5/12.000000/SYS) NET/1 (0/5000.000000/LOC) 
x3004c0s7b0n0:52865:56940 [3] NCCL INFO Setting affinity for GPU 3 to 01
x3004c0s7b0n0:52865:56940 [3] NCCL INFO Pattern 4, crossNic 0, nChannels 1, bw 12.000000/12.000000, type LOC/PHB, sameChannels 1
x3004c0s7b0n0:52865:56940 [3] NCCL INFO  0 : NET/0 GPU/1 NET/0
x3004c0s7b0n0:52865:56940 [3] NCCL INFO Pattern 3, crossNic 0, nChannels 1, bw 24.000000/12.000000, type LOC/PHB, sameChannels 1
x3004c0s7b0n0:52865:56940 [3] NCCL INFO  0 : NET/0 GPU/1 NET/0
x3004c0s7b0n0:52865:56940 [3] NCCL INFO Pattern 3, crossNic 0, nChannels 0, bw 0.000000/0.000000, type LOC/PIX, sameChannels 1
x3004c0s7b0n0:52865:56940 [3] NCCL INFO Tree 0 : 0 -> 1 -> -1/-1/-1
x3004c0s7b0n0:52865:56940 [3] NCCL INFO Tree 1 : -1 -> 1 -> 0/-1/-1
x3004c0s7b0n0:52865:56940 [3] NCCL INFO Ring 00 : 0 -> 1 -> 0
x3004c0s7b0n0:52865:56940 [3] NCCL INFO Ring 01 : 0 -> 1 -> 0
x3004c0s7b0n0:52865:56940 [3] NCCL INFO Trees [0] -1/-1/-1->1->0 [1] 0/-1/-1->1->-1
x3004c0s7b0n0:52865:56940 [3] NCCL INFO misc/utils.cc:235 memory stack hunk malloc(65536)
x3004c0s7b0n0:52865:56940 [3] NCCL INFO channel.cc:23 Cuda Alloc Size 1152 pointer 0x1521e3809e00
x3004c0s7b0n0:52865:56940 [3] NCCL INFO channel.cc:27 Cuda Alloc Size 8 pointer 0x1521e380a400
x3004c0s7b0n0:52865:56940 [3] NCCL INFO channel.cc:23 Cuda Alloc Size 1152 pointer 0x1521e380a600
x3004c0s7b0n0:52865:56940 [3] NCCL INFO channel.cc:27 Cuda Alloc Size 8 pointer 0x1521e380ac00
x3004c0s7b0n0:52865:56940 [3] NCCL INFO GPU Direct RDMA Disabled for GPU c7000 / HCA 0 (distance 6 > 4)
x3004c0s7b0n0:52865:56998 [3] NCCL INFO Mem Realloc old size 0, new size 8 pointer 0x1521a4000c60
x3004c0s7b0n0:52865:56998 [3] NCCL INFO Allocated 4194656 bytes of shared memory in /dev/shm/nccl-FqvDDC

x3004c0s7b0n0:52865:56998 [3] NCCL INFO New proxy recv connection 0 from local rank 0, transport 2
x3004c0s7b0n0:52865:56940 [3] NCCL INFO Connection to proxy localRank 0 -> connection 0x1521a4000c80
x3004c0s7b0n0:52865:56940 [3] NCCL INFO Channel 00/0 : 0[7000] -> 1[c7000] [receive] via NET/IB/0
x3004c0s7b0n0:52865:56940 [3] NCCL INFO GPU Direct RDMA Disabled for GPU c7000 / HCA 0 (distance 6 > 4)
x3004c0s7b0n0:52865:56998 [3] NCCL INFO New proxy recv connection 1 from local rank 0, transport 2
x3004c0s7b0n0:52865:56940 [3] NCCL INFO Connection to proxy localRank 0 -> connection 0x1521a4000cc0
x3004c0s7b0n0:52865:56940 [3] NCCL INFO Channel 01/0 : 0[7000] -> 1[c7000] [receive] via NET/IB/0
x3004c0s7b0n0:52865:56940 [3] NCCL INFO GPU Direct RDMA Disabled for GPU c7000 / HCA 0 (distance 6 > 4)
x3004c0s7b0n0:52865:56998 [3] NCCL INFO New proxy send connection 2 from local rank 0, transport 2
x3004c0s7b0n0:52865:56940 [3] NCCL INFO Connection to proxy localRank 0 -> connection 0x1521a4000d00
x3004c0s7b0n0:52865:56940 [3] NCCL INFO Channel 00/0 : 1[c7000] -> 0[7000] [send] via NET/IB/0
x3004c0s7b0n0:52865:56940 [3] NCCL INFO GPU Direct RDMA Disabled for GPU c7000 / HCA 0 (distance 6 > 4)
x3004c0s7b0n0:52865:56998 [3] NCCL INFO New proxy send connection 3 from local rank 0, transport 2
x3004c0s7b0n0:52865:56940 [3] NCCL INFO Connection to proxy localRank 0 -> connection 0x1521a4000d40
x3004c0s7b0n0:52865:56940 [3] NCCL INFO Channel 01/0 : 1[c7000] -> 0[7000] [send] via NET/IB/0
x3004c0s7b0n0:52865:56998 [3] NCCL INFO transport/net_ib.cc:596 Ib Alloc Size 26560 pointer 0x1521a401d000
x3004c0s7b0n0:52865:56998 [3] NCCL INFO NET/IB: Dev 0 Port 1 qpn 6961 mtu 5 GID 0 (80FE/AE0100FEFF000000)
x3004c0s7b0n0:52865:56998 [3] NCCL INFO transport/net_ib.cc:653 Ib Alloc Size 552 pointer 0x1521a4035000
x3004c0s7b0n0:52865:56998 [3] NCCL INFO transport/net.cc:571 Cuda Host Alloc Size 9641984 pointer 0x1521c7600000
x3004c0s7b0n0:52865:56998 [3] NCCL INFO transport/net_ib.cc:596 Ib Alloc Size 26560 pointer 0x1521a4037000
x3004c0s7b0n0:52865:56998 [3] NCCL INFO NET/IB: Dev 0 Port 1 qpn 6962 mtu 5 GID 0 (80FE/AE0100FEFF000000)
x3004c0s7b0n0:52865:56998 [3] NCCL INFO transport/net_ib.cc:653 Ib Alloc Size 552 pointer 0x1521a404e000
x3004c0s7b0n0:52865:56998 [3] NCCL INFO transport/net.cc:571 Cuda Host Alloc Size 9641984 pointer 0x1521fdc00000
x3004c0s7b0n0:52865:56998 [3] NCCL INFO transport/net_ib.cc:683 Ib Alloc Size 21688 pointer 0x1521a4050000
x3004c0s7b0n0:52865:56998 [3] NCCL INFO transport/net_ib.cc:696 Ib Alloc Size 552 pointer 0x1521a4057000
x3004c0s7b0n0:52865:56998 [3] NCCL INFO transport/net_ib.cc:771 Ib Alloc Size 552 pointer 0x1521a4073000
x3004c0s7b0n0:52865:56998 [3] NCCL INFO transport/net.cc:698 Cuda Host Alloc Size 9641984 pointer 0x1521fe600000
x3004c0s7b0n0:52865:56998 [3] NCCL INFO transport/net_ib.cc:683 Ib Alloc Size 21688 pointer 0x1521a4075000
x3004c0s7b0n0:52865:56998 [3] NCCL INFO transport/net_ib.cc:696 Ib Alloc Size 552 pointer 0x1521a407c000
x3004c0s7b0n0:52865:56998 [3] NCCL INFO transport/net_ib.cc:771 Ib Alloc Size 552 pointer 0x1521a4097000
x3004c0s7b0n0:52865:56998 [3] NCCL INFO transport/net.cc:698 Cuda Host Alloc Size 9641984 pointer 0x1521ff000000
x3004c0s7b0n0:52865:56940 [3] NCCL INFO Connected all rings
x3004c0s7b0n0:52865:56940 [3] NCCL INFO Connected all trees by HAO
x3004c0s7b0n0:52865:56940 [3] NCCL INFO threadThresholds 8/8/64 | 16/8/64 | 512 | 512
x3004c0s7b0n0:52865:56940 [3] NCCL INFO 2 coll channels, 2 p2p channels, 2 p2p channels per peer
x3004c0s7b0n0:52865:56998 [3] NCCL INFO New proxy send connection 4 from local rank 0, transport 2
x3004c0s7b0n0:52865:56940 [3] NCCL INFO Connection to proxy localRank 0 -> connection 0x1521a4000d80
x3004c0s7b0n0:52865:56940 [3] NCCL INFO init.cc:367 Cuda Alloc Size 5168 pointer 0x1521e380ae00
x3004c0s7b0n0:52865:56940 [3] NCCL INFO init.cc:392 Cuda Host Alloc Size 33554432 pointer 0x1521ffa00000
x3004c0s7b0n0:52865:56940 [3] NCCL INFO init.cc:398 Cuda Host Alloc Size 128 pointer 0x1521e2e00600
x3004c0s7b0n0:52865:56940 [3] NCCL INFO comm 0x5597f6a43150 rank 1 nranks 2 cudaDev 3 busId c7000 - Init COMPLETE
x3004c0s7b0n0:52865:56998 [3] NCCL INFO transport/net.cc:376 Cuda Alloc Size 4194304 pointer 0x152201a00000
x3004c0s7b0n0:52865:52865 [3] NCCL INFO AllReduce: opCount 0 sendbuff 0x1521f6000000 recvbuff 0x1521f6000000 count 64389120 datatype 6 op 0 root 0 comm 0x5597f6a43150 [nranks=2] stream 0x5597f5135660
x3004c0s7b0n0:52865:52865 [3] NCCL INFO misc/utils.cc:235 memory stack hunk malloc(65536)
[LYD INFO in ncclLaunchKernel (enqueue.cc)] NCHANNELS is: 2 > number of parameters on (tensor, pipeline) model parallel rank (0, 19): 103746560

[LYD INFO in NCCL_FUNC_NAME (common.h)] 1 AllReduce RING SIMPLE Sum half Elapsed time: 177044 us

[LYD INFO in NCCL_KERN_NAME (common.h)] 1 AllReduce RING LL Sum half Elapsed time: 177169 us
x3004c0s7b0n0:52865:52865 [3] NCCL INFO AllReduce: opCount 4 sendbuff 0x152223600400 recvbuff 0x152223600400 count 1 datatype 1 op 0 root 0 comm 0x5597d6fbbc00 [nranks=20] stream 0x5597f5135520
[LYD INFO in ncclLaunchKernel (enqueue.cc)] NCHANNELS is: 4
[LYD INFO in NCCL_KERN_NAME (common.h)] 16 AllReduce TREE LL Sum uint8_t Elapsed time: 1799954 us
x3004c0s7b0n0:52862:52862 [0] NCCL INFO AllReduce: opCount 5 sendbuff 0x1463b3615200 recvbuff 0x1463b3615200 count 1 datatype 1 op 0 root 0 comm 0x55b5411f97a0 [nranks=20] stream 0x55b545764510
[LYD INFO in ncclLaunchKernel (enqueue.cc)] NCHANNELS is: 4
[LYD INFO in NCCL_KERN_NAME (common.h)] 17 AllReduce TREE LL Sum uint8_t Elapsed time: 1806169 us
x3004c0s7b0n0:52863:52863 [1] NCCL INFO AllReduce: opCount 5 sendbuff 0x15296f615200 recvbuff 0x15296f615200 count 1 datatype 1 op 0 root 0 comm 0x55ae99a19740 [nranks=20] stream 0x55aeb1770a70
[LYD INFO in ncclLaunchKernel (enqueue.cc)] NCHANNELS is: 4
[LYD INFO in NCCL_KERN_NAME (common.h)] 18 AllReduce TREE LL Sum uint8_t Elapsed time: 1824653 us
x3004c0s7b0n0:52864:52864 [2] NCCL INFO AllReduce: opCount 5 sendbuff 0x1466b3c15200 recvbuff 0x1466b3c15200 count 1 datatype 1 op 0 root 0 comm 0x5570915eb1a0 [nranks=20] stream 0x5570af4a6c40
[LYD INFO in ncclLaunchKernel (enqueue.cc)] NCHANNELS is: 4
[LYD INFO in NCCL_KERN_NAME (common.h)] 19 AllReduce TREE LL Sum uint8_t Elapsed time: 31094 us
x3004c0s7b0n0:52865:52865 [3] NCCL INFO AllReduce: opCount 5 sendbuff 0x152223617a00 recvbuff 0x152223617a00 count 1 datatype 1 op 0 root 0 comm 0x5597d6fbbc00 [nranks=20] stream 0x5597f5135520
[LYD INFO in ncclLaunchKernel (enqueue.cc)] NCHANNELS is: 4
[LYD INFO in NCCL_KERN_NAME (common.h)] 16 AllReduce TREE LL Sum uint8_t Elapsed time: 87919 us
