x3012c0s1b0n0:2281:3398 [2] NCCL INFO Connection to proxy localRank 2 -> connection 0x148128000e00
x3012c0s1b0n0:2281:3578 [2] NCCL INFO transport/p2p.cc:449 Cuda Alloc Size 6291456 pointer 0x14817bc00000
x3012c0s1b0n0:2282:3580 [3] NCCL INFO transport/net_ib.cc:596 Ib Alloc Size 26560 pointer 0x14bf40044000
x3012c0s1b0n0:2280:3574 [1] NCCL INFO transport/net_ib.cc:771 Ib Alloc Size 552 pointer 0x1503a80c1000
x3012c0s1b0n0:2280:3574 [1] NCCL INFO transport/net.cc:698 Cuda Host Alloc Size 9641984 pointer 0x1503f5e00000
x3012c0s1b0n0:2282:3580 [3] NCCL INFO NET/IB: Dev 0 Port 1 qpn 3074 mtu 5 GID 0 (80FE/EA1100FEFF000000)
x3012c0s1b0n0:2282:3580 [3] NCCL INFO transport/net_ib.cc:653 Ib Alloc Size 552 pointer 0x14bf40065000
x3012c0s1b0n0:2282:3580 [3] NCCL INFO transport/net.cc:571 Cuda Host Alloc Size 9641984 pointer 0x14bf3f600000
x3012c0s1b0n0:2282:3580 [3] NCCL INFO Mem Realloc old size 0, new size 768 pointer 0x14bf400521f0
x3012c0s1b0n0:2281:3578 [2] NCCL INFO New proxy recv connection 7 from local rank 2, transport 0
x3012c0s1b0n0:2280:3397 [1] NCCL INFO Channel 00/0 : 17[46000] -> 16[7000] via P2P/IPC/read
x3012c0s1b0n0:2280:3574 [1] NCCL INFO New proxy send connection 4 from local rank 1, transport 0
x3012c0s1b0n0:2282:3580 [3] NCCL INFO transport/net_ib.cc:596 Ib Alloc Size 26560 pointer 0x14bf40067000
x3012c0s1b0n0:2281:3398 [2] NCCL INFO Connection to proxy localRank 2 -> connection 0x148128000e40
x3012c0s1b0n0:2281:3578 [2] NCCL INFO transport/p2p.cc:449 Cuda Alloc Size 6291456 pointer 0x14817c200000
x3012c0s1b0n0:2282:3580 [3] NCCL INFO NET/IB: Dev 1 Port 1 qpn 3505 mtu 5 GID 0 (80FE/AF1100FEFF000000)
x3012c0s1b0n0:2282:3580 [3] NCCL INFO transport/net_ib.cc:653 Ib Alloc Size 552 pointer 0x14bf4007e000
x3012c0s1b0n0:2282:3580 [3] NCCL INFO transport/net.cc:571 Cuda Host Alloc Size 9641984 pointer 0x14bf36000000
x3012c0s1b0n0:2281:3398 [2] NCCL INFO Connected all rings
x3012c0s1b0n0:2279:3567 [0] NCCL INFO New proxy recv connection 4 from local rank 0, transport 0
x3012c0s1b0n0:2281:3578 [2] NCCL INFO New proxy recv connection 8 from local rank 2, transport 0
x3012c0s1b0n0:2282:3580 [3] NCCL INFO transport/net_ib.cc:596 Ib Alloc Size 26560 pointer 0x14bf40080000
x3012c0s1b0n0:2280:3397 [1] NCCL INFO Connection to proxy localRank 1 -> connection 0x1503a8000d80
x3012c0s1b0n0:2280:3574 [1] NCCL INFO transport/p2p.cc:430 Cuda Alloc Size 6291456 pointer 0x1503f6800000
x3012c0s1b0n0:2280:3397 [1] NCCL INFO Channel 01/0 : 17[46000] -> 16[7000] via P2P/IPC/read
x3012c0s1b0n0:2280:3574 [1] NCCL INFO New proxy send connection 5 from local rank 1, transport 0
x3012c0s1b0n0:2282:3580 [3] NCCL INFO NET/IB: Dev 0 Port 1 qpn 3075 mtu 5 GID 0 (80FE/EA1100FEFF000000)
x3012c0s1b0n0:2282:3580 [3] NCCL INFO transport/net_ib.cc:653 Ib Alloc Size 552 pointer 0x14bf40097000
x3012c0s1b0n0:2282:3580 [3] NCCL INFO transport/net.cc:571 Cuda Host Alloc Size 9641984 pointer 0x14bf36a00000
x3012c0s1b0n0:2279:3395 [0] NCCL INFO Connection to proxy localRank 0 -> connection 0x14b160000d80
x3012c0s1b0n0:2279:3567 [0] NCCL INFO transport/p2p.cc:449 Cuda Alloc Size 6291456 pointer 0x14b15ec00000
x3012c0s1b0n0:2281:3398 [2] NCCL INFO Connection to proxy localRank 2 -> connection 0x148128000e80
x3012c0s1b0n0:2281:3578 [2] NCCL INFO transport/p2p.cc:449 Cuda Alloc Size 6291456 pointer 0x14817e000000
x3012c0s1b0n0:2282:3396 [3] NCCL INFO Connected all rings
x3012c0s1b0n0:2282:3396 [3] NCCL INFO Channel 00/0 : 19[c7000] -> 18[85000] via P2P/IPC/read
x3012c0s1b0n0:2282:3580 [3] NCCL INFO New proxy send connection 8 from local rank 3, transport 0
x3012c0s1b0n0:2282:3396 [3] NCCL INFO Connection to proxy localRank 3 -> connection 0x14bf40000e80
x3012c0s1b0n0:2282:3580 [3] NCCL INFO transport/p2p.cc:430 Cuda Alloc Size 6291456 pointer 0x14bf37400000
x3012c0s1b0n0:2280:3397 [1] NCCL INFO Connection to proxy localRank 1 -> connection 0x1503a8000dc0
x3012c0s1b0n0:2280:3574 [1] NCCL INFO transport/p2p.cc:430 Cuda Alloc Size 6291456 pointer 0x1503f6e00000
x3012c0s1b0n0:2279:3567 [0] NCCL INFO New proxy recv connection 5 from local rank 0, transport 0
x3012c0s1b0n0:2281:3578 [2] NCCL INFO New proxy recv connection 9 from local rank 2, transport 0
x3012c0s1b0n0:2280:3397 [1] NCCL INFO Channel 02/0 : 17[46000] -> 16[7000] via P2P/IPC/read
x3012c0s1b0n0:2280:3574 [1] NCCL INFO New proxy send connection 6 from local rank 1, transport 0
x3012c0s1b0n0:2279:3395 [0] NCCL INFO Connection to proxy localRank 0 -> connection 0x14b160000dc0
x3012c0s1b0n0:2279:3567 [0] NCCL INFO transport/p2p.cc:449 Cuda Alloc Size 6291456 pointer 0x14b15f200000
x3012c0s1b0n0:2282:3396 [3] NCCL INFO Channel 01/0 : 19[c7000] -> 18[85000] via P2P/IPC/read
x3012c0s1b0n0:2282:3580 [3] NCCL INFO New proxy send connection 9 from local rank 3, transport 0
x3012c0s1b0n0:2281:3398 [2] NCCL INFO Connection to proxy localRank 2 -> connection 0x148128000ec0
x3012c0s1b0n0:2281:3578 [2] NCCL INFO transport/p2p.cc:449 Cuda Alloc Size 6291456 pointer 0x14817e600000
x3012c0s1b0n0:2280:3397 [1] NCCL INFO Connection to proxy localRank 1 -> connection 0x1503a8000e00
x3012c0s1b0n0:2280:3574 [1] NCCL INFO transport/p2p.cc:430 Cuda Alloc Size 6291456 pointer 0x1503f7400000
x3012c0s1b0n0:2279:3567 [0] NCCL INFO New proxy recv connection 6 from local rank 0, transport 0
x3012c0s1b0n0:2280:3397 [1] NCCL INFO Channel 03/0 : 17[46000] -> 16[7000] via P2P/IPC/read
x3012c0s1b0n0:2280:3574 [1] NCCL INFO New proxy send connection 7 from local rank 1, transport 0
x3012c0s1b0n0:2281:3578 [2] NCCL INFO New proxy recv connection 10 from local rank 2, transport 0
x3012c0s1b0n0:2281:3398 [2] NCCL INFO Connection to proxy localRank 2 -> connection 0x148128000f00
x3012c0s1b0n0:2281:3578 [2] NCCL INFO transport/p2p.cc:449 Cuda Alloc Size 6291456 pointer 0x14817ec00000
x3012c0s1b0n0:2282:3396 [3] NCCL INFO Connection to proxy localRank 3 -> connection 0x14bf40000ec0
x3012c0s1b0n0:2282:3580 [3] NCCL INFO transport/p2p.cc:430 Cuda Alloc Size 6291456 pointer 0x14bf37a00000
x3012c0s1b0n0:2279:3395 [0] NCCL INFO Connection to proxy localRank 0 -> connection 0x14b160000e00
x3012c0s1b0n0:2279:3567 [0] NCCL INFO transport/p2p.cc:449 Cuda Alloc Size 6291456 pointer 0x14b15f800000
x3012c0s1b0n0:2280:3397 [1] NCCL INFO Connection to proxy localRank 1 -> connection 0x1503a8000e40
x3012c0s1b0n0:2280:3574 [1] NCCL INFO transport/p2p.cc:430 Cuda Alloc Size 6291456 pointer 0x1503f7a00000
x3012c0s1b0n0:2281:3578 [2] NCCL INFO New proxy recv connection 11 from local rank 2, transport 0
x3012c0s1b0n0:2279:3567 [0] NCCL INFO New proxy recv connection 7 from local rank 0, transport 0
x3012c0s1b0n0:2282:3396 [3] NCCL INFO Channel 02/0 : 19[c7000] -> 18[85000] via P2P/IPC/read
x3012c0s1b0n0:2282:3580 [3] NCCL INFO New proxy send connection 10 from local rank 3, transport 0
x3012c0s1b0n0:2281:3398 [2] NCCL INFO Connection to proxy localRank 2 -> connection 0x148128000f40
x3012c0s1b0n0:2281:3578 [2] NCCL INFO transport/p2p.cc:449 Cuda Alloc Size 6291456 pointer 0x14817f200000
x3012c0s1b0n0:2279:3395 [0] NCCL INFO Connection to proxy localRank 0 -> connection 0x14b160000e40
x3012c0s1b0n0:2279:3567 [0] NCCL INFO transport/p2p.cc:449 Cuda Alloc Size 6291456 pointer 0x14b15c000000
x3012c0s1b0n0:2282:3396 [3] NCCL INFO Connection to proxy localRank 3 -> connection 0x14bf40000f00
x3012c0s1b0n0:2282:3580 [3] NCCL INFO transport/p2p.cc:430 Cuda Alloc Size 6291456 pointer 0x14bf34000000
x3012c0s1b0n0:2279:3395 [0] NCCL INFO Connected all rings
x3012c0s1b0n0:2279:3395 [0] NCCL INFO Channel 00/0 : 16[7000] -> 17[46000] via P2P/IPC/read
x3012c0s1b0n0:2279:3567 [0] NCCL INFO New proxy send connection 8 from local rank 0, transport 0
x3012c0s1b0n0:2280:3397 [1] NCCL INFO Connected all rings
x3012c0s1b0n0:2280:3574 [1] NCCL INFO New proxy recv connection 8 from local rank 1, transport 0
x3012c0s1b0n0:2282:3396 [3] NCCL INFO Channel 03/0 : 19[c7000] -> 18[85000] via P2P/IPC/read
x3012c0s1b0n0:2282:3580 [3] NCCL INFO New proxy send connection 11 from local rank 3, transport 0
x3012c0s1b0n0:2279:3395 [0] NCCL INFO Connection to proxy localRank 0 -> connection 0x14b160000e80
x3012c0s1b0n0:2279:3567 [0] NCCL INFO transport/p2p.cc:430 Cuda Alloc Size 6291456 pointer 0x14b15a000000
x3012c0s1b0n0:2280:3397 [1] NCCL INFO Connection to proxy localRank 1 -> connection 0x1503a8000e80
x3012c0s1b0n0:2280:3574 [1] NCCL INFO transport/p2p.cc:449 Cuda Alloc Size 6291456 pointer 0x1503f9800000
x3012c0s1b0n0:2280:3574 [1] NCCL INFO New proxy recv connection 9 from local rank 1, transport 0
x3012c0s1b0n0:2279:3395 [0] NCCL INFO Channel 01/0 : 16[7000] -> 17[46000] via P2P/IPC/read
x3012c0s1b0n0:2279:3567 [0] NCCL INFO New proxy send connection 9 from local rank 0, transport 0
x3012c0s1b0n0:2282:3396 [3] NCCL INFO Connection to proxy localRank 3 -> connection 0x14bf40000f40
x3012c0s1b0n0:2282:3580 [3] NCCL INFO transport/p2p.cc:430 Cuda Alloc Size 6291456 pointer 0x14bf34600000
x3012c0s1b0n0:2279:3395 [0] NCCL INFO Connection to proxy localRank 0 -> connection 0x14b160000ec0
x3012c0s1b0n0:2279:3567 [0] NCCL INFO transport/p2p.cc:430 Cuda Alloc Size 6291456 pointer 0x14b15a600000
x3012c0s1b0n0:2280:3397 [1] NCCL INFO Connection to proxy localRank 1 -> connection 0x1503a8000ec0
x3012c0s1b0n0:2279:3395 [0] NCCL INFO Channel 02/0 : 16[7000] -> 17[46000] via P2P/IPC/read
x3012c0s1b0n0:2279:3567 [0] NCCL INFO New proxy send connection 10 from local rank 0, transport 0
x3012c0s1b0n0:2280:3574 [1] NCCL INFO transport/p2p.cc:449 Cuda Alloc Size 6291456 pointer 0x1503f9e00000
x3012c0s1b0n0:2279:3395 [0] NCCL INFO Connection to proxy localRank 0 -> connection 0x14b160000f00
x3012c0s1b0n0:2279:3567 [0] NCCL INFO transport/p2p.cc:430 Cuda Alloc Size 6291456 pointer 0x14b15ac00000
x3012c0s1b0n0:2280:3574 [1] NCCL INFO New proxy recv connection 10 from local rank 1, transport 0
x3012c0s1b0n0:2280:3397 [1] NCCL INFO Connection to proxy localRank 1 -> connection 0x1503a8000f00
x3012c0s1b0n0:2280:3574 [1] NCCL INFO transport/p2p.cc:449 Cuda Alloc Size 6291456 pointer 0x1503fa400000
x3012c0s1b0n0:2279:3395 [0] NCCL INFO Channel 03/0 : 16[7000] -> 17[46000] via P2P/IPC/read
x3012c0s1b0n0:2279:3567 [0] NCCL INFO New proxy send connection 11 from local rank 0, transport 0
x3012c0s1b0n0:2280:3574 [1] NCCL INFO New proxy recv connection 11 from local rank 1, transport 0
x3012c0s1b0n0:2279:3395 [0] NCCL INFO Connection to proxy localRank 0 -> connection 0x14b160000f40
x3012c0s1b0n0:2279:3567 [0] NCCL INFO transport/p2p.cc:430 Cuda Alloc Size 6291456 pointer 0x14b15b200000
x3012c0s1b0n0:2280:3397 [1] NCCL INFO Connection to proxy localRank 1 -> connection 0x1503a8000f40
x3012c0s1b0n0:2280:3574 [1] NCCL INFO transport/p2p.cc:449 Cuda Alloc Size 6291456 pointer 0x1503faa00000
x3012c0s1b0n0:2280:3397 [1] NCCL INFO Channel 00/0 : 17[46000] -> 18[85000] via P2P/IPC/read
x3012c0s1b0n0:2280:3574 [1] NCCL INFO New proxy send connection 12 from local rank 1, transport 0
x3012c0s1b0n0:2280:3397 [1] NCCL INFO Connection to proxy localRank 1 -> connection 0x1503a8000f80
x3012c0s1b0n0:2280:3574 [1] NCCL INFO transport/p2p.cc:430 Cuda Alloc Size 6291456 pointer 0x1503fb000000
x3012c0s1b0n0:2280:3397 [1] NCCL INFO Channel 01/0 : 17[46000] -> 18[85000] via P2P/IPC/read
x3012c0s1b0n0:2280:3574 [1] NCCL INFO New proxy send connection 13 from local rank 1, transport 0
x3012c0s1b0n0:2280:3397 [1] NCCL INFO Connection to proxy localRank 1 -> connection 0x1503a8000fc0
x3012c0s1b0n0:2280:3574 [1] NCCL INFO transport/p2p.cc:430 Cuda Alloc Size 6291456 pointer 0x1503fb600000
x3012c0s1b0n0:2280:3397 [1] NCCL INFO Channel 02/0 : 17[46000] -> 18[85000] via P2P/IPC/read
x3012c0s1b0n0:2280:3574 [1] NCCL INFO New proxy send connection 14 from local rank 1, transport 0
x3012c0s1b0n0:2280:3397 [1] NCCL INFO Connection to proxy localRank 1 -> connection 0x1503a8001000
x3012c0s1b0n0:2280:3574 [1] NCCL INFO transport/p2p.cc:430 Cuda Alloc Size 6291456 pointer 0x1503fbc00000
x3012c0s1b0n0:2280:3397 [1] NCCL INFO Channel 03/0 : 17[46000] -> 18[85000] via P2P/IPC/read
x3012c0s1b0n0:2280:3574 [1] NCCL INFO New proxy send connection 15 from local rank 1, transport 0
x3012c0s1b0n0:2280:3397 [1] NCCL INFO Connection to proxy localRank 1 -> connection 0x1503a8001040
x3012c0s1b0n0:2280:3574 [1] NCCL INFO transport/p2p.cc:430 Cuda Alloc Size 6291456 pointer 0x1503fc200000
x3012c0s1b0n0:2280:3397 [1] NCCL INFO GPU Direct RDMA Disabled for GPU 46000 / HCA 1 (distance 6 > 4)
x3012c0s1b0n0:2281:3578 [2] NCCL INFO New proxy recv connection 12 from local rank 2, transport 0
x3012c0s1b0n0:2280:3574 [1] NCCL INFO New proxy recv connection 16 from local rank 1, transport 2
x3012c0s1b0n0:2279:3395 [0] NCCL INFO GPU Direct RDMA Disabled for GPU 7000 / HCA 1 (distance 7 > 4)
x3012c0s1b0n0:2279:3567 [0] NCCL INFO Allocated 4194656 bytes of shared memory in /dev/shm/nccl-vMfygy

x3012c0s1b0n0:2279:3567 [0] NCCL INFO New proxy recv connection 12 from local rank 0, transport 2
x3012c0s1b0n0:2280:3397 [1] NCCL INFO Connection to proxy localRank 1 -> connection 0x1503a8001080
x3012c0s1b0n0:2281:3398 [2] NCCL INFO Connection to proxy localRank 2 -> connection 0x148128000f80
x3012c0s1b0n0:2281:3578 [2] NCCL INFO transport/p2p.cc:449 Cuda Alloc Size 6291456 pointer 0x148181000000
x3012c0s1b0n0:2279:3395 [0] NCCL INFO Connection to proxy localRank 0 -> connection 0x14b160000f80
x3012c0s1b0n0:2280:3397 [1] NCCL INFO Channel 00/0 : 8[7000] -> 17[46000] [receive] via NET/IB/1
x3012c0s1b0n0:2280:3397 [1] NCCL INFO GPU Direct RDMA Disabled for GPU 46000 / HCA 0 (distance 7 > 4)
x3012c0s1b0n0:2280:3574 [1] NCCL INFO New proxy recv connection 17 from local rank 1, transport 2
x3012c0s1b0n0:2280:3397 [1] NCCL INFO Connection to proxy localRank 1 -> connection 0x1503a80010c0
x3012c0s1b0n0:2281:3578 [2] NCCL INFO New proxy recv connection 13 from local rank 2, transport 0
x3012c0s1b0n0:2279:3395 [0] NCCL INFO Channel 02/0 : 12[7000] -> 16[7000] [receive] via NET/IB/1
x3012c0s1b0n0:2279:3395 [0] NCCL INFO GPU Direct RDMA Disabled for GPU 7000 / HCA 0 (distance 7 > 4)
x3012c0s1b0n0:2279:3567 [0] NCCL INFO New proxy recv connection 13 from local rank 0, transport 2
x3012c0s1b0n0:2281:3398 [2] NCCL INFO Connection to proxy localRank 2 -> connection 0x148128000fc0
x3012c0s1b0n0:2281:3578 [2] NCCL INFO transport/p2p.cc:449 Cuda Alloc Size 6291456 pointer 0x148181600000
x3012c0s1b0n0:2279:3395 [0] NCCL INFO Connection to proxy localRank 0 -> connection 0x14b160000fc0
x3012c0s1b0n0:2280:3397 [1] NCCL INFO Channel 01/0 : 8[7000] -> 17[46000] [receive] via NET/IB/0
x3012c0s1b0n0:2281:3578 [2] NCCL INFO New proxy recv connection 14 from local rank 2, transport 0
x3012c0s1b0n0:2279:3395 [0] NCCL INFO Channel 03/0 : 12[7000] -> 16[7000] [receive] via NET/IB/0
x3012c0s1b0n0:2279:3395 [0] NCCL INFO GPU Direct RDMA Disabled for GPU 7000 / HCA 1 (distance 7 > 4)
x3012c0s1b0n0:2279:3567 [0] NCCL INFO New proxy send connection 14 from local rank 0, transport 2
x3012c0s1b0n0:2281:3398 [2] NCCL INFO Connection to proxy localRank 2 -> connection 0x148128001000
x3012c0s1b0n0:2281:3578 [2] NCCL INFO transport/p2p.cc:449 Cuda Alloc Size 6291456 pointer 0x148181c00000
x3012c0s1b0n0:2279:3395 [0] NCCL INFO Connection to proxy localRank 0 -> connection 0x14b160001000
x3012c0s1b0n0:2279:3395 [0] NCCL INFO Channel 00/0 : 16[7000] -> 0[7000] [send] via NET/IB/1
x3012c0s1b0n0:2279:3395 [0] NCCL INFO GPU Direct RDMA Disabled for GPU 7000 / HCA 0 (distance 7 > 4)
x3012c0s1b0n0:2279:3567 [0] NCCL INFO New proxy send connection 15 from local rank 0, transport 2
x3012c0s1b0n0:2279:3395 [0] NCCL INFO Connection to proxy localRank 0 -> connection 0x14b160001040
x3012c0s1b0n0:2279:3395 [0] NCCL INFO Channel 01/0 : 16[7000] -> 0[7000] [send] via NET/IB/0
x3012c0s1b0n0:2281:3578 [2] NCCL INFO New proxy recv connection 15 from local rank 2, transport 0
x3012c0s1b0n0:2281:3398 [2] NCCL INFO Connection to proxy localRank 2 -> connection 0x148128001040
x3012c0s1b0n0:2281:3578 [2] NCCL INFO transport/p2p.cc:449 Cuda Alloc Size 6291456 pointer 0x148182200000
x3012c0s1b0n0:2281:3398 [2] NCCL INFO Channel 00/0 : 18[85000] -> 17[46000] via P2P/IPC/read
x3012c0s1b0n0:2281:3578 [2] NCCL INFO New proxy send connection 16 from local rank 2, transport 0
x3012c0s1b0n0:2281:3398 [2] NCCL INFO Connection to proxy localRank 2 -> connection 0x148128001080
x3012c0s1b0n0:2281:3578 [2] NCCL INFO transport/p2p.cc:430 Cuda Alloc Size 6291456 pointer 0x148182800000
x3012c0s1b0n0:2281:3398 [2] NCCL INFO Channel 01/0 : 18[85000] -> 17[46000] via P2P/IPC/read
x3012c0s1b0n0:2281:3578 [2] NCCL INFO New proxy send connection 17 from local rank 2, transport 0
x3012c0s1b0n0:2279:3567 [0] NCCL INFO transport/net_ib.cc:596 Ib Alloc Size 26560 pointer 0x14b160026000
x3012c0s1b0n0:2279:3567 [0] NCCL INFO NET/IB: Dev 1 Port 1 qpn 3506 mtu 5 GID 0 (80FE/AF1100FEFF000000)
x3012c0s1b0n0:2279:3567 [0] NCCL INFO transport/net_ib.cc:653 Ib Alloc Size 552 pointer 0x14b160048000
x3012c0s1b0n0:2279:3567 [0] NCCL INFO transport/net.cc:571 Cuda Host Alloc Size 9641984 pointer 0x14b159200000
x3012c0s1b0n0:2279:3567 [0] NCCL INFO Mem Realloc old size 0, new size 768 pointer 0x14b1600354d0
x3012c0s1b0n0:2279:3567 [0] NCCL INFO transport/net_ib.cc:596 Ib Alloc Size 26560 pointer 0x14b16004a000
x3012c0s1b0n0:2279:3567 [0] NCCL INFO NET/IB: Dev 0 Port 1 qpn 3076 mtu 5 GID 0 (80FE/EA1100FEFF000000)
x3012c0s1b0n0:2279:3567 [0] NCCL INFO transport/net_ib.cc:653 Ib Alloc Size 552 pointer 0x14b16006b000
x3012c0s1b0n0:2279:3567 [0] NCCL INFO transport/net.cc:571 Cuda Host Alloc Size 9641984 pointer 0x14b152000000
x3012c0s1b0n0:2279:3567 [0] NCCL INFO Mem Realloc old size 0, new size 768 pointer 0x14b160056050
x3012c0s1b0n0:2281:3398 [2] NCCL INFO Connection to proxy localRank 2 -> connection 0x1481280010c0
x3012c0s1b0n0:2281:3578 [2] NCCL INFO transport/p2p.cc:430 Cuda Alloc Size 6291456 pointer 0x148182e00000
x3012c0s1b0n0:2281:3398 [2] NCCL INFO Channel 02/0 : 18[85000] -> 17[46000] via P2P/IPC/read
x3012c0s1b0n0:2279:3567 [0] NCCL INFO transport/net_ib.cc:683 Ib Alloc Size 21688 pointer 0x14b16006d000
x3012c0s1b0n0:2279:3567 [0] NCCL INFO transport/net_ib.cc:696 Ib Alloc Size 552 pointer 0x14b160074000
x3012c0s1b0n0:2279:3567 [0] NCCL INFO transport/net_ib.cc:771 Ib Alloc Size 552 pointer 0x14b160090000
x3012c0s1b0n0:2279:3567 [0] NCCL INFO transport/net.cc:698 Cuda Host Alloc Size 9641984 pointer 0x14b152a00000
x3012c0s1b0n0:2281:3578 [2] NCCL INFO New proxy send connection 18 from local rank 2, transport 0
x3012c0s1b0n0:2279:3567 [0] NCCL INFO transport/net_ib.cc:683 Ib Alloc Size 21688 pointer 0x14b160092000
x3012c0s1b0n0:2279:3567 [0] NCCL INFO transport/net_ib.cc:696 Ib Alloc Size 552 pointer 0x14b160099000
x3012c0s1b0n0:2279:3567 [0] NCCL INFO transport/net_ib.cc:771 Ib Alloc Size 552 pointer 0x14b1600b4000
x3012c0s1b0n0:2279:3567 [0] NCCL INFO transport/net.cc:698 Cuda Host Alloc Size 9641984 pointer 0x14b153400000
x3012c0s1b0n0:2281:3398 [2] NCCL INFO Connection to proxy localRank 2 -> connection 0x148128001100
x3012c0s1b0n0:2281:3578 [2] NCCL INFO transport/p2p.cc:430 Cuda Alloc Size 6291456 pointer 0x148183400000
x3012c0s1b0n0:2281:3398 [2] NCCL INFO Channel 03/0 : 18[85000] -> 17[46000] via P2P/IPC/read
x3012c0s1b0n0:2281:3578 [2] NCCL INFO New proxy send connection 19 from local rank 2, transport 0
x3012c0s1b0n0:2279:3395 [0] NCCL INFO GPU Direct RDMA Disabled for GPU 7000 / HCA 1 (distance 7 > 4)
x3012c0s1b0n0:2280:3574 [1] NCCL INFO transport/net_ib.cc:683 Ib Alloc Size 21688 pointer 0x1503a80d2000
x3012c0s1b0n0:2280:3574 [1] NCCL INFO transport/net_ib.cc:696 Ib Alloc Size 552 pointer 0x1503a8018000
x3012c0s1b0n0:2279:3567 [0] NCCL INFO New proxy recv connection 16 from local rank 0, transport 2
x3012c0s1b0n0:2280:3574 [1] NCCL INFO transport/net_ib.cc:771 Ib Alloc Size 552 pointer 0x1503a80f2000
x3012c0s1b0n0:2280:3574 [1] NCCL INFO transport/net.cc:698 Cuda Host Alloc Size 9641984 pointer 0x1503ff800000
x3012c0s1b0n0:2279:3395 [0] NCCL INFO Connection to proxy localRank 0 -> connection 0x14b160001080
x3012c0s1b0n0:2280:3574 [1] NCCL INFO transport/net_ib.cc:683 Ib Alloc Size 21688 pointer 0x1503a80f4000
x3012c0s1b0n0:2281:3398 [2] NCCL INFO Connection to proxy localRank 2 -> connection 0x148128001140
x3012c0s1b0n0:2281:3578 [2] NCCL INFO transport/p2p.cc:430 Cuda Alloc Size 6291456 pointer 0x148183a00000
x3012c0s1b0n0:2279:3395 [0] NCCL INFO Channel 00/0 : 0[7000] -> 16[7000] [receive] via NET/IB/1
x3012c0s1b0n0:2279:3395 [0] NCCL INFO GPU Direct RDMA Disabled for GPU 7000 / HCA 0 (distance 7 > 4)
x3012c0s1b0n0:2279:3567 [0] NCCL INFO New proxy recv connection 17 from local rank 0, transport 2
x3012c0s1b0n0:2280:3574 [1] NCCL INFO transport/net_ib.cc:696 Ib Alloc Size 552 pointer 0x1503a80fb000
x3012c0s1b0n0:2282:3396 [3] NCCL INFO Connected all trees by HAO
x3012c0s1b0n0:2282:3396 [3] NCCL INFO threadThresholds 8/8/64 | 160/8/64 | 512 | 512
x3012c0s1b0n0:2282:3396 [3] NCCL INFO 4 coll channels, 4 p2p channels, 2 p2p channels per peer
x3012c0s1b0n0:2282:3580 [3] NCCL INFO New proxy send connection 12 from local rank 3, transport 2
x3012c0s1b0n0:2279:3395 [0] NCCL INFO Connection to proxy localRank 0 -> connection 0x14b1600010c0
x3012c0s1b0n0:2282:3396 [3] NCCL INFO Connection to proxy localRank 3 -> connection 0x14bf40000f80
x3012c0s1b0n0:2280:3574 [1] NCCL INFO transport/net_ib.cc:771 Ib Alloc Size 552 pointer 0x1503a8116000
x3012c0s1b0n0:2280:3574 [1] NCCL INFO transport/net.cc:698 Cuda Host Alloc Size 9641984 pointer 0x150400200000
x3012c0s1b0n0:2282:3580 [3] NCCL INFO transport/net.cc:376 Cuda Alloc Size 8388608 pointer 0x14bf32600000
x3012c0s1b0n0:2279:3395 [0] NCCL INFO Channel 01/0 : 0[7000] -> 16[7000] [receive] via NET/IB/0
x3012c0s1b0n0:2279:3395 [0] NCCL INFO GPU Direct RDMA Disabled for GPU 7000 / HCA 1 (distance 7 > 4)
x3012c0s1b0n0:2279:3567 [0] NCCL INFO New proxy send connection 18 from local rank 0, transport 2
x3012c0s1b0n0:2279:3395 [0] NCCL INFO Connection to proxy localRank 0 -> connection 0x14b160001100
x3012c0s1b0n0:2279:3395 [0] NCCL INFO Channel 02/0 : 16[7000] -> 12[7000] [send] via NET/IB/1
x3012c0s1b0n0:2279:3395 [0] NCCL INFO GPU Direct RDMA Disabled for GPU 7000 / HCA 0 (distance 7 > 4)
x3012c0s1b0n0:2280:3397 [1] NCCL INFO GPU Direct RDMA Disabled for GPU 46000 / HCA 1 (distance 6 > 4)
x3012c0s1b0n0:2280:3574 [1] NCCL INFO New proxy send connection 18 from local rank 1, transport 2
x3012c0s1b0n0:2279:3567 [0] NCCL INFO New proxy send connection 19 from local rank 0, transport 2
x3012c0s1b0n0:2280:3397 [1] NCCL INFO Connection to proxy localRank 1 -> connection 0x1503a8001100
x3012c0s1b0n0:2280:3397 [1] NCCL INFO Channel 00/0 : 17[46000] -> 8[7000] [send] via NET/IB/1
x3012c0s1b0n0:2280:3397 [1] NCCL INFO GPU Direct RDMA Disabled for GPU 46000 / HCA 0 (distance 7 > 4)
x3012c0s1b0n0:2280:3574 [1] NCCL INFO New proxy send connection 19 from local rank 1, transport 2
x3012c0s1b0n0:2279:3395 [0] NCCL INFO Connection to proxy localRank 0 -> connection 0x14b160001140
x3012c0s1b0n0:2279:3395 [0] NCCL INFO Channel 03/0 : 16[7000] -> 12[7000] [send] via NET/IB/0
x3012c0s1b0n0:2280:3397 [1] NCCL INFO Connection to proxy localRank 1 -> connection 0x1503a8001140
x3012c0s1b0n0:2280:3397 [1] NCCL INFO Channel 01/0 : 17[46000] -> 8[7000] [send] via NET/IB/0
x3012c0s1b0n0:2280:3574 [1] NCCL INFO transport/net_ib.cc:596 Ib Alloc Size 26560 pointer 0x1503a8122000
x3012c0s1b0n0:2280:3574 [1] NCCL INFO NET/IB: Dev 1 Port 1 qpn 3511 mtu 5 GID 0 (80FE/AF1100FEFF000000)
x3012c0s1b0n0:2280:3574 [1] NCCL INFO transport/net_ib.cc:653 Ib Alloc Size 552 pointer 0x1503a8139000
x3012c0s1b0n0:2280:3574 [1] NCCL INFO transport/net.cc:571 Cuda Host Alloc Size 9641984 pointer 0x150400c00000
x3012c0s1b0n0:2280:3574 [1] NCCL INFO transport/net_ib.cc:596 Ib Alloc Size 26560 pointer 0x1503a813b000
x3012c0s1b0n0:2280:3574 [1] NCCL INFO NET/IB: Dev 0 Port 1 qpn 3081 mtu 5 GID 0 (80FE/EA1100FEFF000000)
x3012c0s1b0n0:2280:3574 [1] NCCL INFO transport/net_ib.cc:653 Ib Alloc Size 552 pointer 0x1503a8152000
x3012c0s1b0n0:2280:3574 [1] NCCL INFO transport/net.cc:571 Cuda Host Alloc Size 9641984 pointer 0x150401600000
x3012c0s1b0n0:2280:3574 [1] NCCL INFO New proxy recv connection 20 from local rank 1, transport 0
x3012c0s1b0n0:2280:3397 [1] NCCL INFO Connection to proxy localRank 1 -> connection 0x1503a8001180
x3012c0s1b0n0:2280:3574 [1] NCCL INFO transport/p2p.cc:449 Cuda Alloc Size 6291456 pointer 0x150402000000
x3012c0s1b0n0:2280:3574 [1] NCCL INFO New proxy recv connection 21 from local rank 1, transport 0
x3012c0s1b0n0:2280:3397 [1] NCCL INFO Connection to proxy localRank 1 -> connection 0x1503a80011c0
x3012c0s1b0n0:2280:3574 [1] NCCL INFO transport/p2p.cc:449 Cuda Alloc Size 6291456 pointer 0x150402600000
x3012c0s1b0n0:2279:3567 [0] NCCL INFO transport/net_ib.cc:596 Ib Alloc Size 26560 pointer 0x14b1600c8000
x3012c0s1b0n0:2279:3567 [0] NCCL INFO NET/IB: Dev 1 Port 1 qpn 3512 mtu 5 GID 0 (80FE/AF1100FEFF000000)
x3012c0s1b0n0:2279:3567 [0] NCCL INFO transport/net_ib.cc:653 Ib Alloc Size 552 pointer 0x14b1600df000
x3012c0s1b0n0:2279:3567 [0] NCCL INFO transport/net.cc:571 Cuda Host Alloc Size 9641984 pointer 0x14b150000000
x3012c0s1b0n0:2280:3574 [1] NCCL INFO New proxy recv connection 22 from local rank 1, transport 0
x3012c0s1b0n0:2279:3567 [0] NCCL INFO transport/net_ib.cc:596 Ib Alloc Size 26560 pointer 0x14b1600e1000
x3012c0s1b0n0:2279:3567 [0] NCCL INFO NET/IB: Dev 0 Port 1 qpn 3082 mtu 5 GID 0 (80FE/EA1100FEFF000000)
x3012c0s1b0n0:2279:3567 [0] NCCL INFO transport/net_ib.cc:653 Ib Alloc Size 552 pointer 0x14b1600f8000
x3012c0s1b0n0:2279:3567 [0] NCCL INFO transport/net.cc:571 Cuda Host Alloc Size 9641984 pointer 0x14b150a00000
x3012c0s1b0n0:2280:3397 [1] NCCL INFO Connection to proxy localRank 1 -> connection 0x1503a8001200
x3012c0s1b0n0:2280:3574 [1] NCCL INFO transport/p2p.cc:449 Cuda Alloc Size 6291456 pointer 0x150402c00000
x3012c0s1b0n0:2279:3567 [0] NCCL INFO transport/net_ib.cc:683 Ib Alloc Size 21688 pointer 0x14b1600fa000
x3012c0s1b0n0:2279:3567 [0] NCCL INFO transport/net_ib.cc:696 Ib Alloc Size 552 pointer 0x14b160101000
x3012c0s1b0n0:2280:3574 [1] NCCL INFO New proxy recv connection 23 from local rank 1, transport 0
x3012c0s1b0n0:2279:3567 [0] NCCL INFO transport/net_ib.cc:771 Ib Alloc Size 552 pointer 0x14b16011d000
x3012c0s1b0n0:2279:3567 [0] NCCL INFO transport/net.cc:698 Cuda Host Alloc Size 9641984 pointer 0x14b151400000
x3012c0s1b0n0:2280:3397 [1] NCCL INFO Connection to proxy localRank 1 -> connection 0x1503a8001240
x3012c0s1b0n0:2280:3574 [1] NCCL INFO transport/p2p.cc:449 Cuda Alloc Size 6291456 pointer 0x150403200000
x3012c0s1b0n0:2279:3567 [0] NCCL INFO transport/net_ib.cc:683 Ib Alloc Size 21688 pointer 0x14b16011f000
x3012c0s1b0n0:2279:3567 [0] NCCL INFO transport/net_ib.cc:696 Ib Alloc Size 552 pointer 0x14b160126000
x3012c0s1b0n0:2279:3567 [0] NCCL INFO transport/net_ib.cc:771 Ib Alloc Size 552 pointer 0x14b160141000
x3012c0s1b0n0:2279:3567 [0] NCCL INFO transport/net.cc:698 Cuda Host Alloc Size 9641984 pointer 0x14b14e000000
x3012c0s1b0n0:2280:3397 [1] NCCL INFO Connected all trees by HAO
x3012c0s1b0n0:2280:3397 [1] NCCL INFO threadThresholds 8/8/64 | 160/8/64 | 512 | 512
x3012c0s1b0n0:2280:3397 [1] NCCL INFO 4 coll channels, 4 p2p channels, 2 p2p channels per peer
x3012c0s1b0n0:2280:3574 [1] NCCL INFO New proxy send connection 24 from local rank 1, transport 2
x3012c0s1b0n0:2281:3398 [2] NCCL INFO Connected all trees by HAO
x3012c0s1b0n0:2281:3398 [2] NCCL INFO threadThresholds 8/8/64 | 160/8/64 | 512 | 512
x3012c0s1b0n0:2281:3398 [2] NCCL INFO 4 coll channels, 4 p2p channels, 2 p2p channels per peer
x3012c0s1b0n0:2281:3578 [2] NCCL INFO Allocated 4194656 bytes of shared memory in /dev/shm/nccl-EPlmfI

x3012c0s1b0n0:2281:3578 [2] NCCL INFO New proxy send connection 20 from local rank 2, transport 2
x3012c0s1b0n0:2279:3395 [0] NCCL INFO Connected all trees by HAO
x3012c0s1b0n0:2279:3395 [0] NCCL INFO threadThresholds 8/8/64 | 160/8/64 | 512 | 512
x3012c0s1b0n0:2279:3395 [0] NCCL INFO 4 coll channels, 4 p2p channels, 2 p2p channels per peer
x3012c0s1b0n0:2279:3567 [0] NCCL INFO New proxy send connection 20 from local rank 0, transport 2
x3012c0s1b0n0:2279:3395 [0] NCCL INFO Connection to proxy localRank 0 -> connection 0x14b160001180
x3012c0s1b0n0:2279:3567 [0] NCCL INFO transport/net.cc:376 Cuda Alloc Size 8388608 pointer 0x14b14ea00000
x3012c0s1b0n0:2281:3398 [2] NCCL INFO Connection to proxy localRank 2 -> connection 0x148128001180
x3012c0s1b0n0:2281:3578 [2] NCCL INFO transport/net.cc:376 Cuda Alloc Size 8388608 pointer 0x148187000000
x3012c0s1b0n0:2280:3397 [1] NCCL INFO Connection to proxy localRank 1 -> connection 0x1503a8001280
x3012c0s1b0n0:2280:3397 [1] NCCL INFO init.cc:367 Cuda Alloc Size 5168 pointer 0x1503f3e08800
x3012c0s1b0n0:2282:3396 [3] NCCL INFO init.cc:367 Cuda Alloc Size 5168 pointer 0x14bf4f808800
x3012c0s1b0n0:2281:3398 [2] NCCL INFO init.cc:367 Cuda Alloc Size 5168 pointer 0x148177e08800
x3012c0s1b0n0:2279:3395 [0] NCCL INFO init.cc:367 Cuda Alloc Size 5168 pointer 0x14b16f808800
x3012c0s1b0n0:2279:3395 [0] NCCL INFO init.cc:392 Cuda Host Alloc Size 33554432 pointer 0x14b14c000000
x3012c0s1b0n0:2279:3395 [0] NCCL INFO init.cc:398 Cuda Host Alloc Size 128 pointer 0x14b16ee00200
x3012c0s1b0n0:2279:3395 [0] NCCL INFO comm 0x55c0d7a83f00 rank 16 nranks 20 cudaDev 0 busId 7000 - Init COMPLETE
x3012c0s1b0n0:2282:3396 [3] NCCL INFO init.cc:392 Cuda Host Alloc Size 33554432 pointer 0x14bf30000000
x3012c0s1b0n0:2282:3396 [3] NCCL INFO init.cc:398 Cuda Host Alloc Size 128 pointer 0x14bf4ee00200
x3012c0s1b0n0:2282:3396 [3] NCCL INFO comm 0x55d0f13d5c30 rank 19 nranks 20 cudaDev 3 busId c7000 - Init COMPLETE
x3012c0s1b0n0:2281:3398 [2] NCCL INFO init.cc:392 Cuda Host Alloc Size 33554432 pointer 0x148187800000
x3012c0s1b0n0:2281:3398 [2] NCCL INFO init.cc:398 Cuda Host Alloc Size 128 pointer 0x148177400200
x3012c0s1b0n0:2281:3398 [2] NCCL INFO comm 0x555ae708b610 rank 18 nranks 20 cudaDev 2 busId 85000 - Init COMPLETE
x3012c0s1b0n0:2279:2279 [0] NCCL INFO AllReduce: opCount 0 sendbuff 0x14b1af600200 recvbuff 0x14b1af600200 count 1 datatype 1 op 0 root 0 comm 0x55c0d7a83f00 [nranks=20] stream 0x55c0f4e00470
x3012c0s1b0n0:2279:2279 [0] NCCL INFO misc/utils.cc:235 memory stack hunk malloc(65536)
[LYD INFO in ncclLaunchKernel (enqueue.cc)] NCHANNELS is: 4x3012c0s1b0n0:2281:2281 [2] NCCL INFO AllReduce: opCount 0 sendbuff 0x148173800200 recvbuff 0x148173800200 count 1 datatype 1 op 0 root 0 comm 0x555ae708b610 [nranks=20] stream 0x555aea07cda0
x3012c0s1b0n0:2281:2281 [2] NCCL INFO misc/utils.cc:235 memory stack hunk malloc(65536)
[LYD INFO in ncclLaunchKernel (enqueue.cc)] NCHANNELS is: 4x3012c0s1b0n0:2280:3397 [1] NCCL INFO init.cc:392 Cuda Host Alloc Size 33554432 pointer 0x150405000000
x3012c0s1b0n0:2280:3397 [1] NCCL INFO init.cc:398 Cuda Host Alloc Size 128 pointer 0x1503f3400200
x3012c0s1b0n0:2280:3397 [1] NCCL INFO comm 0x55cef5fb56d0 rank 17 nranks 20 cudaDev 1 busId 46000 - Init COMPLETE
x3012c0s1b0n0:2280:3574 [1] NCCL INFO transport/net.cc:376 Cuda Alloc Size 8388608 pointer 0x15040b400000
x3012c0s1b0n0:2282:2282 [3] NCCL INFO AllReduce: opCount 0 sendbuff 0x14bf8f600200 recvbuff 0x14bf8f600200 count 1 datatype 1 op 0 root 0 comm 0x55d0f13d5c30 [nranks=20] stream 0x55d10d0f9ee0
x3012c0s1b0n0:2282:2282 [3] NCCL INFO misc/utils.cc:235 memory stack hunk malloc(65536)
[LYD INFO in ncclLaunchKernel (enqueue.cc)] NCHANNELS is: 4x3012c0s1b0n0:2280:2280 [1] NCCL INFO AllReduce: opCount 0 sendbuff 0x1503efa00200 recvbuff 0x1503efa00200 count 1 datatype 1 op 0 root 0 comm 0x55cef5fb56d0 [nranks=20] stream 0x55cef90d6660
x3012c0s1b0n0:2280:2280 [1] NCCL INFO misc/utils.cc:235 memory stack hunk malloc(65536)
[LYD INFO in ncclLaunchKernel (enqueue.cc)] NCHANNELS is: 4
[LYD INFO in NCCL_KERN_NAME (common.h)] 19 AllReduce TREE LL Sum uint8_t Elapsed time: 773692 us

[LYD INFO in NCCL_KERN_NAME (common.h)] 17 AllReduce TREE LL Sum uint8_t Elapsed time: 782543 us

[LYD INFO in NCCL_KERN_NAME (common.h)] 16 AllReduce TREE LL Sum uint8_t Elapsed time: 804843 us

[LYD INFO in NCCL_KERN_NAME (common.h)] 18 AllReduce TREE LL Sum uint8_t Elapsed time: 795616 us
x3012c0s1b0n0:2282:2282 [3] NCCL INFO AllReduce: opCount 1 sendbuff 0x14bf8f600000 recvbuff 0x14bf8f600000 count 1 datatype 1 op 0 root 0 comm 0x55d0f13d5c30 [nranks=20] stream 0x55d10d0f9ee0
[LYD INFO in ncclLaunchKernel (enqueue.cc)] NCHANNELS is: 4x3012c0s1b0n0:2280:2280 [1] NCCL INFO AllReduce: opCount 1 sendbuff 0x1503efa00000 recvbuff 0x1503efa00000 count 1 datatype 1 op 0 root 0 comm 0x55cef5fb56d0 [nranks=20] stream 0x55cef90d6660
[LYD INFO in ncclLaunchKernel (enqueue.cc)] NCHANNELS is: 4x3012c0s1b0n0:2279:2279 [0] NCCL INFO AllReduce: opCount 1 sendbuff 0x14b1af600000 recvbuff 0x14b1af600000 count 1 datatype 1 op 0 root 0 comm 0x55c0d7a83f00 [nranks=20] stream 0x55c0f4e00470
[LYD INFO in ncclLaunchKernel (enqueue.cc)] NCHANNELS is: 4x3012c0s1b0n0:2281:2281 [2] NCCL INFO AllReduce: opCount 1 sendbuff 0x148173800000 recvbuff 0x148173800000 count 1 datatype 1 op 0 root 0 comm 0x555ae708b610 [nranks=20] stream 0x555aea07cda0
[LYD INFO in ncclLaunchKernel (enqueue.cc)] NCHANNELS is: 4
[LYD INFO in NCCL_KERN_NAME (common.h)] 16 AllReduce TREE LL Sum uint8_t Elapsed time: 9783292 us

[LYD INFO in NCCL_KERN_NAME (common.h)] 17 AllReduce TREE LL Sum uint8_t Elapsed time: 10851103 us

[LYD INFO in NCCL_KERN_NAME (common.h)] 19 AllReduce TREE LL Sum uint8_t Elapsed time: 13192422 us

[LYD INFO in NCCL_KERN_NAME (common.h)] 18 AllReduce TREE LL Sum uint8_t Elapsed time: 3970355 us
x3012c0s1b0n0:2279:2279 [0] NCCL INFO AllReduce: opCount 2 sendbuff 0x14b1af600000 recvbuff 0x14b1af600000 count 1 datatype 8 op 3 root 0 comm 0x55c0d7a83f00 [nranks=20] stream 0x55c0f4e00470
[LYD INFO in ncclLaunchKernel (enqueue.cc)] NCHANNELS is: 4x3012c0s1b0n0:2280:2280 [1] NCCL INFO AllReduce: opCount 2 sendbuff 0x1503efa00000 recvbuff 0x1503efa00000 count 1 datatype 8 op 3 root 0 comm 0x55cef5fb56d0 [nranks=20] stream 0x55cef90d6660
[LYD INFO in ncclLaunchKernel (enqueue.cc)] NCHANNELS is: 4x3012c0s1b0n0:2281:2281 [2] NCCL INFO AllReduce: opCount 2 sendbuff 0x148173800000 recvbuff 0x148173800000 count 1 datatype 8 op 3 root 0 comm 0x555ae708b610 [nranks=20] stream 0x555aea07cda0
[LYD INFO in ncclLaunchKernel (enqueue.cc)] NCHANNELS is: 4x3012c0s1b0n0:2282:2282 [3] NCCL INFO AllReduce: opCount 2 sendbuff 0x14bf8f600000 recvbuff 0x14bf8f600000 count 1 datatype 8 op 3 root 0 comm 0x55d0f13d5c30 [nranks=20] stream 0x55d10d0f9ee0
[LYD INFO in ncclLaunchKernel (enqueue.cc)] NCHANNELS is: 4
[LYD INFO in NCCL_FUNC_NAME (common.h)] 16 AllReduce TREE LL Min double Elapsed time: 56607 us

[LYD INFO in NCCL_KERN_NAME (common.h)] 16 AllReduce TREE LL Sum double Elapsed time: 72418 us
x3012c0s1b0n0:2279:2279 [0] NCCL INFO AllReduce: opCount 3 sendbuff 0x14b1af600200 recvbuff 0x14b1af600200 count 1 datatype 1 op 0 root 0 comm 0x55c0d7a83f00 [nranks=20] stream 0x55c0f4e00470
[LYD INFO in ncclLaunchKernel (enqueue.cc)] NCHANNELS is: 4
[LYD INFO in NCCL_FUNC_NAME (common.h)] 19 AllReduce TREE LL Min double Elapsed time: 4 us

[LYD INFO in NCCL_KERN_NAME (common.h)] 19 AllReduce TREE LL Sum double Elapsed time: 15810 us
x3012c0s1b0n0:2282:2282 [3] NCCL INFO AllReduce: opCount 3 sendbuff 0x14bf8f600200 recvbuff 0x14bf8f600200 count 1 datatype 1 op 0 root 0 comm 0x55d0f13d5c30 [nranks=20] stream 0x55d10d0f9ee0
[LYD INFO in ncclLaunchKernel (enqueue.cc)] NCHANNELS is: 4
[LYD INFO in NCCL_FUNC_NAME (common.h)] 17 AllReduce TREE LL Min double Elapsed time: 47691 us

[LYD INFO in NCCL_KERN_NAME (common.h)] 17 AllReduce TREE LL Sum double Elapsed time: 66033 us

[LYD INFO in NCCL_FUNC_NAME (common.h)] 18 AllReduce TREE LL Min double Elapsed time: 43307 us

[LYD INFO in NCCL_KERN_NAME (common.h)] 18 AllReduce TREE LL Sum double Elapsed time: 59125 us
x3012c0s1b0n0:2281:2281 [2] NCCL INFO AllReduce: opCount 3 sendbuff 0x148173800200 recvbuff 0x148173800200 count 1 datatype 1 op 0 root 0 comm 0x555ae708b610 [nranks=20] stream 0x555aea07cda0
[LYD INFO in ncclLaunchKernel (enqueue.cc)] NCHANNELS is: 4x3012c0s1b0n0:2280:2280 [1] NCCL INFO AllReduce: opCount 3 sendbuff 0x1503efa00200 recvbuff 0x1503efa00200 count 1 datatype 1 op 0 root 0 comm 0x55cef5fb56d0 [nranks=20] stream 0x55cef90d6660
[LYD INFO in ncclLaunchKernel (enqueue.cc)] NCHANNELS is: 4
[LYD INFO in NCCL_KERN_NAME (common.h)] 19 AllReduce TREE LL Sum uint8_t Elapsed time: 64563 us

[LYD INFO in NCCL_KERN_NAME (common.h)] 18 AllReduce TREE LL Sum uint8_t Elapsed time: 66717 us

[LYD INFO in NCCL_KERN_NAME (common.h)] 16 AllReduce TREE LL Sum uint8_t Elapsed time: 74079 us

[LYD INFO in NCCL_KERN_NAME (common.h)] 17 AllReduce TREE LL Sum uint8_t Elapsed time: 51159 us
 > number of parameters on (tensor, pipeline) model parallel rank (0, 16): 39354880
 > number of parameters on (tensor, pipeline) model parallel rank (0, 18): 39354880
 > number of parameters on (tensor, pipeline) model parallel rank (0, 17): 39354880
x3012c0s1b0n0:2279:2279 [0] NCCL INFO AllReduce: opCount 4 sendbuff 0x14b1af600400 recvbuff 0x14b1af600400 count 1 datatype 1 op 0 root 0 comm 0x55c0d7a83f00 [nranks=20] stream 0x55c0f4e00470
[LYD INFO in ncclLaunchKernel (enqueue.cc)] NCHANNELS is: 4x3012c0s1b0n0:2282:2282 [3] NCCL INFO init.cc:1147 Cuda Host Alloc Size 4 pointer 0x14bf4ee00400
x3012c0s1b0n0:2281:2281 [2] NCCL INFO AllReduce: opCount 4 sendbuff 0x148173800400 recvbuff 0x148173800400 count 1 datatype 1 op 0 root 0 comm 0x555ae708b610 [nranks=20] stream 0x555aea07cda0
[LYD INFO in ncclLaunchKernel (enqueue.cc)] NCHANNELS is: 4x3012c0s1b0n0:2280:2280 [1] NCCL INFO AllReduce: opCount 4 sendbuff 0x1503efa00400 recvbuff 0x1503efa00400 count 1 datatype 1 op 0 root 0 comm 0x55cef5fb56d0 [nranks=20] stream 0x55cef90d6660
[LYD INFO in ncclLaunchKernel (enqueue.cc)] NCHANNELS is: 4x3012c0s1b0n0:2282:6761 [3] NCCL INFO Using network IB
x3012c0s1b0n0:2282:6761 [3] NCCL INFO NET/IB : GPU Direct RDMA Enabled for HCA 0 'mlx5_0'
x3012c0s1b0n0:2282:6761 [3] NCCL INFO NET/IB : GPU Direct RDMA Enabled for HCA 1 'mlx5_1'
x3012c0s1b0n0:2282:6761 [3] NCCL INFO GPU Direct RDMA Disabled for GPU c7000 / HCA 0 (distance 6 > 4)
x3012c0s1b0n0:2282:6761 [3] NCCL INFO GPU Direct RDMA Disabled for GPU c7000 / HCA 1 (distance 7 > 4)
x3012c0s1b0n0:2282:6761 [3] NCCL INFO GPU Direct RDMA Disabled for GPU c7000 / HCA 0 (distance 6 > 4)
x3012c0s1b0n0:2282:6761 [3] NCCL INFO GPU Direct RDMA Disabled for GPU c7000 / HCA 1 (distance 7 > 4)
x3012c0s1b0n0:2282:6761 [3] NCCL INFO === System : maxBw 12.0 totalBw 24.0 ===
x3012c0s1b0n0:2282:6761 [3] NCCL INFO CPU/0 (1/2/-1)
x3012c0s1b0n0:2282:6761 [3] NCCL INFO + SYS[5000.0] - CPU/2
x3012c0s1b0n0:2282:6761 [3] NCCL INFO + PCI[24.0] - PCI/C5000 (11f8406811f8beef)
x3012c0s1b0n0:2282:6761 [3] NCCL INFO               + PCI[24.0] - GPU/C7000 (1)
x3012c0s1b0n0:2282:6761 [3] NCCL INFO + PCI[12.0] - NIC/C8000
x3012c0s1b0n0:2282:6761 [3] NCCL INFO               + NET[12.5] - NET/0 (acc604ffffa4e988/1/12.500000)
x3012c0s1b0n0:2282:6761 [3] NCCL INFO CPU/2 (1/2/-1)
x3012c0s1b0n0:2282:6761 [3] NCCL INFO + SYS[5000.0] - CPU/0
x3012c0s1b0n0:2282:6761 [3] NCCL INFO + PCI[12.0] - NIC/43000
x3012c0s1b0n0:2282:6761 [3] NCCL INFO               + NET[12.5] - NET/1 (88c604ffffa4e988/1/12.500000)
x3012c0s1b0n0:2282:6761 [3] NCCL INFO ==========================================
x3012c0s1b0n0:2282:6761 [3] NCCL INFO GPU/C7000 :GPU/C7000 (0/5000.000000/LOC) CPU/0 (2/24.000000/PHB) CPU/2 (3/24.000000/SYS) NET/0 (4/12.000000/PHB) NET/1 (5/12.000000/SYS) 
x3012c0s1b0n0:2282:6761 [3] NCCL INFO NET/0 :GPU/C7000 (4/12.000000/PHB) CPU/0 (2/12.000000/PHB) CPU/2 (3/12.000000/SYS) NET/0 (0/5000.000000/LOC) NET/1 (5/12.000000/SYS) 
x3012c0s1b0n0:2282:6761 [3] NCCL INFO NET/1 :GPU/C7000 (5/12.000000/SYS) CPU/0 (3/12.000000/SYS) CPU/2 (2/12.000000/PHB) NET/0 (5/12.000000/SYS) NET/1 (0/5000.000000/LOC) 
x3012c0s1b0n0:2282:6761 [3] NCCL INFO Setting affinity for GPU 3 to 01
x3012c0s1b0n0:2282:6761 [3] NCCL INFO Pattern 4, crossNic 0, nChannels 1, bw 12.000000/12.000000, type LOC/PHB, sameChannels 1
x3012c0s1b0n0:2282:6761 [3] NCCL INFO  0 : NET/0 GPU/1 NET/0
x3012c0s1b0n0:2282:6761 [3] NCCL INFO Pattern 3, crossNic 0, nChannels 1, bw 24.000000/12.000000, type LOC/PHB, sameChannels 1
x3012c0s1b0n0:2282:6761 [3] NCCL INFO  0 : NET/0 GPU/1 NET/0
x3012c0s1b0n0:2282:6761 [3] NCCL INFO Pattern 3, crossNic 0, nChannels 0, bw 0.000000/0.000000, type LOC/PIX, sameChannels 1
x3012c0s1b0n0:2282:6761 [3] NCCL INFO Tree 0 : 0 -> 1 -> -1/-1/-1
x3012c0s1b0n0:2282:6761 [3] NCCL INFO Tree 1 : -1 -> 1 -> 0/-1/-1
x3012c0s1b0n0:2282:6761 [3] NCCL INFO Ring 00 : 0 -> 1 -> 0
x3012c0s1b0n0:2282:6761 [3] NCCL INFO Ring 01 : 0 -> 1 -> 0
x3012c0s1b0n0:2282:6761 [3] NCCL INFO Trees [0] -1/-1/-1->1->0 [1] 0/-1/-1->1->-1
x3012c0s1b0n0:2282:6761 [3] NCCL INFO misc/utils.cc:235 memory stack hunk malloc(65536)
x3012c0s1b0n0:2282:6761 [3] NCCL INFO channel.cc:23 Cuda Alloc Size 1152 pointer 0x14bf4f809e00
x3012c0s1b0n0:2282:6761 [3] NCCL INFO channel.cc:27 Cuda Alloc Size 8 pointer 0x14bf4f80a400
x3012c0s1b0n0:2282:6761 [3] NCCL INFO channel.cc:23 Cuda Alloc Size 1152 pointer 0x14bf4f80a600
x3012c0s1b0n0:2282:6761 [3] NCCL INFO channel.cc:27 Cuda Alloc Size 8 pointer 0x14bf4f80ac00
x3012c0s1b0n0:2282:6761 [3] NCCL INFO GPU Direct RDMA Disabled for GPU c7000 / HCA 0 (distance 6 > 4)
x3012c0s1b0n0:2282:6762 [3] NCCL INFO Mem Realloc old size 0, new size 8 pointer 0x14bf10000c60
x3012c0s1b0n0:2282:6762 [3] NCCL INFO Allocated 4194656 bytes of shared memory in /dev/shm/nccl-aCbjdK

x3012c0s1b0n0:2282:6762 [3] NCCL INFO New proxy recv connection 0 from local rank 0, transport 2
x3012c0s1b0n0:2282:6761 [3] NCCL INFO Connection to proxy localRank 0 -> connection 0x14bf10000c80
x3012c0s1b0n0:2282:6761 [3] NCCL INFO Channel 00/0 : 0[7000] -> 1[c7000] [receive] via NET/IB/0
x3012c0s1b0n0:2282:6761 [3] NCCL INFO GPU Direct RDMA Disabled for GPU c7000 / HCA 0 (distance 6 > 4)
x3012c0s1b0n0:2282:6762 [3] NCCL INFO New proxy recv connection 1 from local rank 0, transport 2
x3012c0s1b0n0:2282:6761 [3] NCCL INFO Connection to proxy localRank 0 -> connection 0x14bf10000cc0
x3012c0s1b0n0:2282:6761 [3] NCCL INFO Channel 01/0 : 0[7000] -> 1[c7000] [receive] via NET/IB/0
x3012c0s1b0n0:2282:6761 [3] NCCL INFO GPU Direct RDMA Disabled for GPU c7000 / HCA 0 (distance 6 > 4)
x3012c0s1b0n0:2282:6762 [3] NCCL INFO New proxy send connection 2 from local rank 0, transport 2
x3012c0s1b0n0:2282:6761 [3] NCCL INFO Connection to proxy localRank 0 -> connection 0x14bf10000d00
x3012c0s1b0n0:2282:6761 [3] NCCL INFO Channel 00/0 : 1[c7000] -> 0[7000] [send] via NET/IB/0
x3012c0s1b0n0:2282:6761 [3] NCCL INFO GPU Direct RDMA Disabled for GPU c7000 / HCA 0 (distance 6 > 4)
x3012c0s1b0n0:2282:6762 [3] NCCL INFO New proxy send connection 3 from local rank 0, transport 2
x3012c0s1b0n0:2282:6761 [3] NCCL INFO Connection to proxy localRank 0 -> connection 0x14bf10000d40
x3012c0s1b0n0:2282:6761 [3] NCCL INFO Channel 01/0 : 1[c7000] -> 0[7000] [send] via NET/IB/0
x3012c0s1b0n0:2282:6762 [3] NCCL INFO transport/net_ib.cc:596 Ib Alloc Size 26560 pointer 0x14bf1001d000
x3012c0s1b0n0:2282:6762 [3] NCCL INFO NET/IB: Dev 0 Port 1 qpn 3085 mtu 5 GID 0 (80FE/EA1100FEFF000000)
x3012c0s1b0n0:2282:6762 [3] NCCL INFO transport/net_ib.cc:653 Ib Alloc Size 552 pointer 0x14bf10035000
x3012c0s1b0n0:2282:6762 [3] NCCL INFO transport/net.cc:571 Cuda Host Alloc Size 9641984 pointer 0x14bf33600000
x3012c0s1b0n0:2282:6762 [3] NCCL INFO transport/net_ib.cc:596 Ib Alloc Size 26560 pointer 0x14bf10037000
x3012c0s1b0n0:2282:6762 [3] NCCL INFO NET/IB: Dev 0 Port 1 qpn 3086 mtu 5 GID 0 (80FE/EA1100FEFF000000)
x3012c0s1b0n0:2282:6762 [3] NCCL INFO transport/net_ib.cc:653 Ib Alloc Size 552 pointer 0x14bf1004e000
x3012c0s1b0n0:2282:6762 [3] NCCL INFO transport/net.cc:571 Cuda Host Alloc Size 9641984 pointer 0x14bf69c00000
x3012c0s1b0n0:2282:6762 [3] NCCL INFO transport/net_ib.cc:683 Ib Alloc Size 21688 pointer 0x14bf10050000
x3012c0s1b0n0:2282:6762 [3] NCCL INFO transport/net_ib.cc:696 Ib Alloc Size 552 pointer 0x14bf10057000
x3012c0s1b0n0:2282:6762 [3] NCCL INFO transport/net_ib.cc:771 Ib Alloc Size 552 pointer 0x14bf10073000
x3012c0s1b0n0:2282:6762 [3] NCCL INFO transport/net.cc:698 Cuda Host Alloc Size 9641984 pointer 0x14bf6a600000
x3012c0s1b0n0:2282:6762 [3] NCCL INFO transport/net_ib.cc:683 Ib Alloc Size 21688 pointer 0x14bf10075000
x3012c0s1b0n0:2282:6762 [3] NCCL INFO transport/net_ib.cc:696 Ib Alloc Size 552 pointer 0x14bf1007c000
x3012c0s1b0n0:2282:6762 [3] NCCL INFO transport/net_ib.cc:771 Ib Alloc Size 552 pointer 0x14bf10097000
x3012c0s1b0n0:2282:6762 [3] NCCL INFO transport/net.cc:698 Cuda Host Alloc Size 9641984 pointer 0x14bf6b000000
x3012c0s1b0n0:2282:6761 [3] NCCL INFO Connected all rings
x3012c0s1b0n0:2282:6761 [3] NCCL INFO Connected all trees by HAO
x3012c0s1b0n0:2282:6761 [3] NCCL INFO threadThresholds 8/8/64 | 16/8/64 | 512 | 512
x3012c0s1b0n0:2282:6761 [3] NCCL INFO 2 coll channels, 2 p2p channels, 2 p2p channels per peer
x3012c0s1b0n0:2282:6762 [3] NCCL INFO New proxy send connection 4 from local rank 0, transport 2
x3012c0s1b0n0:2282:6761 [3] NCCL INFO Connection to proxy localRank 0 -> connection 0x14bf10000d80
x3012c0s1b0n0:2282:6761 [3] NCCL INFO init.cc:367 Cuda Alloc Size 5168 pointer 0x14bf4f80ae00
x3012c0s1b0n0:2282:6762 [3] NCCL INFO transport/net.cc:376 Cuda Alloc Size 4194304 pointer 0x14bf6da00000
x3012c0s1b0n0:2282:6761 [3] NCCL INFO init.cc:392 Cuda Host Alloc Size 33554432 pointer 0x14bf6ba00000
x3012c0s1b0n0:2282:6761 [3] NCCL INFO init.cc:398 Cuda Host Alloc Size 128 pointer 0x14bf4ee00600
x3012c0s1b0n0:2282:6761 [3] NCCL INFO comm 0x55d10e679520 rank 1 nranks 2 cudaDev 3 busId c7000 - Init COMPLETE
x3012c0s1b0n0:2282:2282 [3] NCCL INFO AllReduce: opCount 0 sendbuff 0x14bf62000000 recvbuff 0x14bf62000000 count 64389120 datatype 6 op 0 root 0 comm 0x55d10e679520 [nranks=2] stream 0x55d10d0ac030
x3012c0s1b0n0:2282:2282 [3] NCCL INFO misc/utils.cc:235 memory stack hunk malloc(65536)
[LYD INFO in ncclLaunchKernel (enqueue.cc)] NCHANNELS is: 2 > number of parameters on (tensor, pipeline) model parallel rank (0, 19): 103746560

[LYD INFO in NCCL_FUNC_NAME (common.h)] 1 AllReduce RING SIMPLE Sum half Elapsed time: 154806 us

[LYD INFO in NCCL_KERN_NAME (common.h)] 1 AllReduce RING LL Sum half Elapsed time: 154933 us
x3012c0s1b0n0:2282:2282 [3] NCCL INFO AllReduce: opCount 4 sendbuff 0x14bf8f600400 recvbuff 0x14bf8f600400 count 1 datatype 1 op 0 root 0 comm 0x55d0f13d5c30 [nranks=20] stream 0x55d10d0f9ee0
[LYD INFO in ncclLaunchKernel (enqueue.cc)] NCHANNELS is: 4
[LYD INFO in NCCL_KERN_NAME (common.h)] 18 AllReduce TREE LL Sum uint8_t Elapsed time: 1487371 us
x3012c0s1b0n0:2281:2281 [2] NCCL INFO AllReduce: opCount 5 sendbuff 0x148173815200 recvbuff 0x148173815200 count 1 datatype 1 op 0 root 0 comm 0x555ae708b610 [nranks=20] stream 0x555aea07cda0
[LYD INFO in ncclLaunchKernel (enqueue.cc)] NCHANNELS is: 4
[LYD INFO in NCCL_KERN_NAME (common.h)] 16 AllReduce TREE LL Sum uint8_t Elapsed time: 1502602 us
x3012c0s1b0n0:2279:2279 [0] NCCL INFO AllReduce: opCount 5 sendbuff 0x14b1af615200 recvbuff 0x14b1af615200 count 1 datatype 1 op 0 root 0 comm 0x55c0d7a83f00 [nranks=20] stream 0x55c0f4e00470
[LYD INFO in ncclLaunchKernel (enqueue.cc)] NCHANNELS is: 4
[LYD INFO in NCCL_KERN_NAME (common.h)] 19 AllReduce TREE LL Sum uint8_t Elapsed time: 7469 us
x3012c0s1b0n0:2282:2282 [3] NCCL INFO AllReduce: opCount 5 sendbuff 0x14bf8f617a00 recvbuff 0x14bf8f617a00 count 1 datatype 1 op 0 root 0 comm 0x55d0f13d5c30 [nranks=20] stream 0x55d10d0f9ee0
[LYD INFO in ncclLaunchKernel (enqueue.cc)] NCHANNELS is: 4
[LYD INFO in NCCL_KERN_NAME (common.h)] 17 AllReduce TREE LL Sum uint8_t Elapsed time: 1474147 us
x3012c0s1b0n0:2280:2280 [1] NCCL INFO AllReduce: opCount 5 sendbuff 0x1503efa15200 recvbuff 0x1503efa15200 count 1 datatype 1 op 0 root 0 comm 0x55cef5fb56d0 [nranks=20] stream 0x55cef90d6660
[LYD INFO in ncclLaunchKernel (enqueue.cc)] NCHANNELS is: 4
[LYD INFO in NCCL_KERN_NAME (common.h)] 19 AllReduce TREE LL Sum uint8_t Elapsed time: 255931 us
time (ms) | load-checkpoint: 260.89
x3012c0s1b0n0:2282:2282 [3] NCCL INFO AllReduce: opCount 6 sendbuff 0x14bf8f600400 recvbuff 0x14bf8f600400 count 1 datatype 1 op 0 root 0 comm 0x55d0f13d5c30 [nranks=20] stream 0x55d10d0f9ee0
[LYD INFO in ncclLaunchKernel (enqueue.cc)] NCHANNELS is: 4
[LYD INFO in NCCL_KERN_NAME (common.h)] 17 AllReduce TREE LL Sum uint8_t Elapsed time: 74765 us
x3012c0s1b0n0:2280:2280 [1] NCCL INFO AllReduce: opCount 6 sendbuff 0x1503efa00400 recvbuff 0x1503efa00400 count 1 datatype 1 op 0 root 0 comm 0x55cef5fb56d0 [nranks=20] stream 0x55cef90d6660
[LYD INFO in ncclLaunchKernel (enqueue.cc)] NCHANNELS is: 4
[LYD INFO in NCCL_KERN_NAME (common.h)] 16 AllReduce TREE LL Sum uint8_t Elapsed time: 264525 us

[LYD INFO in NCCL_KERN_NAME (common.h)] 18 AllReduce TREE LL Sum uint8_t Elapsed time: 283497 us
x3012c0s1b0n0:2281:2281 [2] NCCL INFO AllReduce: opCount 6 sendbuff 0x148173800400 recvbuff 0x148173800400 count 1 datatype 1 op 0 root 0 comm 0x555ae708b610 [nranks=20] stream 0x555aea07cda0
[LYD INFO in ncclLaunchKernel (enqueue.cc)] NCHANNELS is: 4x3012c0s1b0n0:2279:2279 [0] NCCL INFO AllReduce: opCount 6 sendbuff 0x14b1af600400 recvbuff 0x14b1af600400 count 1 datatype 1 op 0 root 0 comm 0x55c0d7a83f00 [nranks=20] stream 0x55c0f4e00470
[LYD INFO in ncclLaunchKernel (enqueue.cc)] NCHANNELS is: 4
[LYD INFO in NCCL_KERN_NAME (common.h)] 16 AllReduce TREE LL Sum uint8_t Elapsed time: 646 us

[LYD INFO in NCCL_KERN_NAME (common.h)] 18 AllReduce TREE LL Sum uint8_t Elapsed time: 6734 us

[LYD INFO in NCCL_KERN_NAME (common.h)] 17 AllReduce TREE LL Sum uint8_t Elapsed time: 136874 us

[LYD INFO in NCCL_KERN_NAME (common.h)] 19 AllReduce TREE LL Sum uint8_t Elapsed time: 145675 us
NCCL version 2.14.3+cuda11.8
x3012c0s1b0n0:2279:2279 [0] NCCL INFO init.cc:1147 Cuda Host Alloc Size 4 pointer 0x14b16ee00400
NCCL version 2.14.3+cuda11.8
x3012c0s1b0n0:2281:2281 [2] NCCL INFO init.cc:1147 Cuda Host Alloc Size 4 pointer 0x148177400400
NCCL version 2.14.3+cuda11.8
