x3002c0s1b0n0:24890:30039 [0] NCCL INFO               + NET[12.5] - NET/1 (7ce604ffffa4e988/1/12.500000)
x3002c0s1b0n0:24890:30039 [0] NCCL INFO CPU/1 (1/2/-1)
x3002c0s1b0n0:24890:30039 [0] NCCL INFO + SYS[5000.0] - CPU/3
x3002c0s1b0n0:24890:30039 [0] NCCL INFO + SYS[5000.0] - CPU/2
x3002c0s1b0n0:24890:30039 [0] NCCL INFO + SYS[5000.0] - CPU/0
x3002c0s1b0n0:24890:30039 [0] NCCL INFO + PCI[24.0] - PCI/83000 (11f8406811f8beef)
x3002c0s1b0n0:24890:30039 [0] NCCL INFO               + PCI[24.0] - GPU/85000 (10)
x3002c0s1b0n0:24890:30039 [0] NCCL INFO                             + NVL[88.0] - GPU/C7000
x3002c0s1b0n0:24890:30039 [0] NCCL INFO                             + NVL[88.0] - GPU/46000
x3002c0s1b0n0:24890:30039 [0] NCCL INFO                             + NVL[88.0] - GPU/7000
x3002c0s1b0n0:24890:30039 [0] NCCL INFO CPU/0 (1/2/-1)
x3002c0s1b0n0:24890:30039 [0] NCCL INFO + SYS[5000.0] - CPU/3
x3002c0s1b0n0:24890:30039 [0] NCCL INFO + SYS[5000.0] - CPU/2
x3002c0s1b0n0:24890:30039 [0] NCCL INFO + SYS[5000.0] - CPU/1
x3002c0s1b0n0:24890:30039 [0] NCCL INFO + PCI[24.0] - PCI/C5000 (11f8406811f8beef)
x3002c0s1b0n0:24890:30039 [0] NCCL INFO               + PCI[24.0] - GPU/C7000 (11)
x3002c0s1b0n0:24890:30039 [0] NCCL INFO                             + NVL[88.0] - GPU/85000
x3002c0s1b0n0:24890:30039 [0] NCCL INFO                             + NVL[88.0] - GPU/46000
x3002c0s1b0n0:24890:30039 [0] NCCL INFO                             + NVL[88.0] - GPU/7000
x3002c0s1b0n0:24890:30039 [0] NCCL INFO + PCI[12.0] - NIC/C8000
x3002c0s1b0n0:24890:30039 [0] NCCL INFO               + NET[12.5] - NET/0 (80e604ffffa4e988/1/12.500000)
x3002c0s1b0n0:24890:30039 [0] NCCL INFO ==========================================
x3002c0s1b0n0:24890:30039 [0] NCCL INFO GPU/7000 :GPU/7000 (0/5000.000000/LOC) GPU/46000 (1/88.000000/NVL) GPU/85000 (1/88.000000/NVL) GPU/C7000 (1/88.000000/NVL) CPU/3 (2/24.000000/PHB) CPU/2 (3/24.000000/SYS) CPU/1 (3/24.000000/SYS) CPU/0 (3/24.000000/SYS) NET/1 (5/12.000000/SYS) NET/0 (5/12.000000/SYS) 
x3002c0s1b0n0:24890:30039 [0] NCCL INFO GPU/46000 :GPU/7000 (1/88.000000/NVL) GPU/46000 (0/5000.000000/LOC) GPU/85000 (1/88.000000/NVL) GPU/C7000 (1/88.000000/NVL) CPU/3 (3/24.000000/SYS) CPU/2 (2/24.000000/PHB) CPU/1 (3/24.000000/SYS) CPU/0 (3/24.000000/SYS) NET/1 (4/12.000000/PHB) NET/0 (5/12.000000/SYS) 
x3002c0s1b0n0:24890:30039 [0] NCCL INFO GPU/85000 :GPU/7000 (1/88.000000/NVL) GPU/46000 (1/88.000000/NVL) GPU/85000 (0/5000.000000/LOC) GPU/C7000 (1/88.000000/NVL) CPU/3 (3/24.000000/SYS) CPU/2 (3/24.000000/SYS) CPU/1 (2/24.000000/PHB) CPU/0 (3/24.000000/SYS) NET/1 (5/12.000000/SYS) NET/0 (5/12.000000/SYS) 
x3002c0s1b0n0:24890:30039 [0] NCCL INFO GPU/C7000 :GPU/7000 (1/88.000000/NVL) GPU/46000 (1/88.000000/NVL) GPU/85000 (1/88.000000/NVL) GPU/C7000 (0/5000.000000/LOC) CPU/3 (3/24.000000/SYS) CPU/2 (3/24.000000/SYS) CPU/1 (3/24.000000/SYS) CPU/0 (2/24.000000/PHB) NET/1 (5/12.000000/SYS) NET/0 (4/12.000000/PHB) 
x3002c0s1b0n0:24890:30039 [0] NCCL INFO NET/1 :GPU/7000 (5/12.000000/SYS) GPU/46000 (4/12.000000/PHB) GPU/85000 (5/12.000000/SYS) GPU/C7000 (5/12.000000/SYS) CPU/3 (3/12.000000/SYS) CPU/2 (2/12.000000/PHB) CPU/1 (3/12.000000/SYS) CPU/0 (3/12.000000/SYS) NET/1 (0/5000.000000/LOC) NET/0 (5/12.000000/SYS) 
x3002c0s1b0n0:24890:30039 [0] NCCL INFO NET/0 :GPU/7000 (5/12.000000/SYS) GPU/46000 (5/12.000000/SYS) GPU/85000 (5/12.000000/SYS) GPU/C7000 (4/12.000000/PHB) CPU/3 (3/12.000000/SYS) CPU/2 (3/12.000000/SYS) CPU/1 (3/12.000000/SYS) CPU/0 (2/12.000000/PHB) NET/1 (5/12.000000/SYS) NET/0 (0/5000.000000/LOC) 
x3002c0s1b0n0:24890:30039 [0] NCCL INFO Pattern 4, crossNic 0, nChannels 2, bw 12.000000/12.000000, type NVL/SYS, sameChannels 1
x3002c0s1b0n0:24890:30039 [0] NCCL INFO  0 : NET/1 GPU/9 GPU/8 GPU/10 GPU/11 NET/1
x3002c0s1b0n0:24890:30039 [0] NCCL INFO  1 : NET/0 GPU/9 GPU/8 GPU/10 GPU/11 NET/0
x3002c0s1b0n0:24890:30039 [0] NCCL INFO Pattern 1, crossNic 0, nChannels 2, bw 24.000000/12.000000, type NVL/SYS, sameChannels 1
x3002c0s1b0n0:24890:30039 [0] NCCL INFO  0 : NET/1 GPU/8 GPU/9 GPU/10 GPU/11 NET/1
x3002c0s1b0n0:24890:30039 [0] NCCL INFO  1 : NET/0 GPU/8 GPU/9 GPU/10 GPU/11 NET/0
x3002c0s1b0n0:24890:30039 [0] NCCL INFO Pattern 3, crossNic 0, nChannels 0, bw 0.000000/0.000000, type NVL/PIX, sameChannels 1
x3002c0s1b0n0:24892:30036 [2] NCCL INFO NET/IB : GPU Direct RDMA Enabled for HCA 0 'mlx5_0'
x3002c0s1b0n0:24892:30036 [2] NCCL INFO NET/IB : GPU Direct RDMA Enabled for HCA 1 'mlx5_1'
x3002c0s1b0n0:24892:30036 [2] NCCL INFO GPU Direct RDMA Disabled for GPU 7000 / HCA 1 (distance 7 > 4)
x3002c0s1b0n0:24892:30036 [2] NCCL INFO GPU Direct RDMA Disabled for GPU 46000 / HCA 1 (distance 6 > 4)
x3002c0s1b0n0:24892:30036 [2] NCCL INFO GPU Direct RDMA Disabled for GPU 85000 / HCA 1 (distance 7 > 4)
x3002c0s1b0n0:24892:30036 [2] NCCL INFO GPU Direct RDMA Disabled for GPU c7000 / HCA 1 (distance 7 > 4)
x3002c0s1b0n0:24892:30036 [2] NCCL INFO GPU Direct RDMA Disabled for GPU 7000 / HCA 0 (distance 7 > 4)
x3002c0s1b0n0:24892:30036 [2] NCCL INFO GPU Direct RDMA Disabled for GPU 46000 / HCA 0 (distance 7 > 4)
x3002c0s1b0n0:24892:30036 [2] NCCL INFO GPU Direct RDMA Disabled for GPU 85000 / HCA 0 (distance 7 > 4)
x3002c0s1b0n0:24892:30036 [2] NCCL INFO GPU Direct RDMA Disabled for GPU c7000 / HCA 0 (distance 6 > 4)
x3002c0s1b0n0:24892:30036 [2] NCCL INFO GPU Direct RDMA Disabled for GPU 7000 / HCA 1 (distance 7 > 4)
x3002c0s1b0n0:24892:30036 [2] NCCL INFO GPU Direct RDMA Disabled for GPU 46000 / HCA 1 (distance 6 > 4)
x3002c0s1b0n0:24892:30036 [2] NCCL INFO GPU Direct RDMA Disabled for GPU 85000 / HCA 1 (distance 7 > 4)
x3002c0s1b0n0:24892:30036 [2] NCCL INFO GPU Direct RDMA Disabled for GPU c7000 / HCA 1 (distance 7 > 4)
x3002c0s1b0n0:24892:30036 [2] NCCL INFO GPU Direct RDMA Disabled for GPU 7000 / HCA 0 (distance 7 > 4)
x3002c0s1b0n0:24892:30036 [2] NCCL INFO GPU Direct RDMA Disabled for GPU 46000 / HCA 0 (distance 7 > 4)
x3002c0s1b0n0:24892:30036 [2] NCCL INFO GPU Direct RDMA Disabled for GPU 85000 / HCA 0 (distance 7 > 4)
x3002c0s1b0n0:24892:30036 [2] NCCL INFO GPU Direct RDMA Disabled for GPU c7000 / HCA 0 (distance 6 > 4)
x3002c0s1b0n0:24892:30036 [2] NCCL INFO === System : maxBw 12.0 totalBw 264.0 ===
x3002c0s1b0n0:24892:30036 [2] NCCL INFO CPU/3 (1/2/-1)
x3002c0s1b0n0:24892:30036 [2] NCCL INFO + SYS[5000.0] - CPU/2
x3002c0s1b0n0:24892:30036 [2] NCCL INFO + SYS[5000.0] - CPU/1
x3002c0s1b0n0:24892:30036 [2] NCCL INFO + SYS[5000.0] - CPU/0
x3002c0s1b0n0:24892:30036 [2] NCCL INFO + PCI[24.0] - PCI/5000 (11f8406811f8beef)
x3002c0s1b0n0:24892:30036 [2] NCCL INFO               + PCI[24.0] - GPU/7000 (8)
x3002c0s1b0n0:24892:30036 [2] NCCL INFO                             + NVL[88.0] - GPU/85000
x3002c0s1b0n0:24892:30036 [2] NCCL INFO                             + NVL[88.0] - GPU/C7000
x3002c0s1b0n0:24892:30036 [2] NCCL INFO                             + NVL[88.0] - GPU/46000
x3002c0s1b0n0:24892:30036 [2] NCCL INFO CPU/2 (1/2/-1)
x3002c0s1b0n0:24892:30036 [2] NCCL INFO + SYS[5000.0] - CPU/3
x3002c0s1b0n0:24892:30036 [2] NCCL INFO + SYS[5000.0] - CPU/1
x3002c0s1b0n0:24892:30036 [2] NCCL INFO + SYS[5000.0] - CPU/0
x3002c0s1b0n0:24892:30036 [2] NCCL INFO + PCI[24.0] - PCI/44000 (11f8406811f8beef)
x3002c0s1b0n0:24892:30036 [2] NCCL INFO               + PCI[24.0] - GPU/46000 (9)
x3002c0s1b0n0:24892:30036 [2] NCCL INFO                             + NVL[88.0] - GPU/85000
x3002c0s1b0n0:24892:30036 [2] NCCL INFO                             + NVL[88.0] - GPU/C7000
x3002c0s1b0n0:24892:30036 [2] NCCL INFO                             + NVL[88.0] - GPU/7000
x3002c0s1b0n0:24892:30036 [2] NCCL INFO + PCI[12.0] - NIC/43000
x3002c0s1b0n0:24892:30036 [2] NCCL INFO               + NET[12.5] - NET/1 (7ce604ffffa4e988/1/12.500000)
x3002c0s1b0n0:24892:30036 [2] NCCL INFO CPU/1 (1/2/-1)
x3002c0s1b0n0:24892:30036 [2] NCCL INFO + SYS[5000.0] - CPU/3
x3002c0s1b0n0:24892:30036 [2] NCCL INFO + SYS[5000.0] - CPU/2
x3002c0s1b0n0:24892:30036 [2] NCCL INFO + SYS[5000.0] - CPU/0
x3002c0s1b0n0:24892:30036 [2] NCCL INFO + PCI[24.0] - PCI/83000 (11f8406811f8beef)
x3002c0s1b0n0:24892:30036 [2] NCCL INFO               + PCI[24.0] - GPU/85000 (10)
x3002c0s1b0n0:24892:30036 [2] NCCL INFO                             + NVL[88.0] - GPU/C7000
x3002c0s1b0n0:24892:30036 [2] NCCL INFO                             + NVL[88.0] - GPU/46000
x3002c0s1b0n0:24892:30036 [2] NCCL INFO                             + NVL[88.0] - GPU/7000
x3002c0s1b0n0:24892:30036 [2] NCCL INFO CPU/0 (1/2/-1)
x3002c0s1b0n0:24892:30036 [2] NCCL INFO + SYS[5000.0] - CPU/3
x3002c0s1b0n0:24892:30036 [2] NCCL INFO + SYS[5000.0] - CPU/2
x3002c0s1b0n0:24892:30036 [2] NCCL INFO + SYS[5000.0] - CPU/1
x3002c0s1b0n0:24892:30036 [2] NCCL INFO + PCI[24.0] - PCI/C5000 (11f8406811f8beef)
x3002c0s1b0n0:24892:30036 [2] NCCL INFO               + PCI[24.0] - GPU/C7000 (11)
x3002c0s1b0n0:24892:30036 [2] NCCL INFO                             + NVL[88.0] - GPU/85000
x3002c0s1b0n0:24892:30036 [2] NCCL INFO                             + NVL[88.0] - GPU/46000
x3002c0s1b0n0:24892:30036 [2] NCCL INFO                             + NVL[88.0] - GPU/7000
x3002c0s1b0n0:24892:30036 [2] NCCL INFO + PCI[12.0] - NIC/C8000
x3002c0s1b0n0:24892:30036 [2] NCCL INFO               + NET[12.5] - NET/0 (80e604ffffa4e988/1/12.500000)
x3002c0s1b0n0:24892:30036 [2] NCCL INFO ==========================================
x3002c0s1b0n0:24892:30036 [2] NCCL INFO GPU/7000 :GPU/7000 (0/5000.000000/LOC) GPU/46000 (1/88.000000/NVL) GPU/85000 (1/88.000000/NVL) GPU/C7000 (1/88.000000/NVL) CPU/3 (2/24.000000/PHB) CPU/2 (3/24.000000/SYS) CPU/1 (3/24.000000/SYS) CPU/0 (3/24.000000/SYS) NET/1 (5/12.000000/SYS) NET/0 (5/12.000000/SYS) 
x3002c0s1b0n0:24892:30036 [2] NCCL INFO GPU/46000 :GPU/7000 (1/88.000000/NVL) GPU/46000 (0/5000.000000/LOC) GPU/85000 (1/88.000000/NVL) GPU/C7000 (1/88.000000/NVL) CPU/3 (3/24.000000/SYS) CPU/2 (2/24.000000/PHB) CPU/1 (3/24.000000/SYS) CPU/0 (3/24.000000/SYS) NET/1 (4/12.000000/PHB) NET/0 (5/12.000000/SYS) 
x3002c0s1b0n0:24892:30036 [2] NCCL INFO GPU/85000 :GPU/7000 (1/88.000000/NVL) GPU/46000 (1/88.000000/NVL) GPU/85000 (0/5000.000000/LOC) GPU/C7000 (1/88.000000/NVL) CPU/3 (3/24.000000/SYS) CPU/2 (3/24.000000/SYS) CPU/1 (2/24.000000/PHB) CPU/0 (3/24.000000/SYS) NET/1 (5/12.000000/SYS) NET/0 (5/12.000000/SYS) 
x3002c0s1b0n0:24892:30036 [2] NCCL INFO GPU/C7000 :GPU/7000 (1/88.000000/NVL) GPU/46000 (1/88.000000/NVL) GPU/85000 (1/88.000000/NVL) GPU/C7000 (0/5000.000000/LOC) CPU/3 (3/24.000000/SYS) CPU/2 (3/24.000000/SYS) CPU/1 (3/24.000000/SYS) CPU/0 (2/24.000000/PHB) NET/1 (5/12.000000/SYS) NET/0 (4/12.000000/PHB) 
x3002c0s1b0n0:24892:30036 [2] NCCL INFO NET/1 :GPU/7000 (5/12.000000/SYS) GPU/46000 (4/12.000000/PHB) GPU/85000 (5/12.000000/SYS) GPU/C7000 (5/12.000000/SYS) CPU/3 (3/12.000000/SYS) CPU/2 (2/12.000000/PHB) CPU/1 (3/12.000000/SYS) CPU/0 (3/12.000000/SYS) NET/1 (0/5000.000000/LOC) NET/0 (5/12.000000/SYS) 
x3002c0s1b0n0:24892:30036 [2] NCCL INFO NET/0 :GPU/7000 (5/12.000000/SYS) GPU/46000 (5/12.000000/SYS) GPU/85000 (5/12.000000/SYS) GPU/C7000 (4/12.000000/PHB) CPU/3 (3/12.000000/SYS) CPU/2 (3/12.000000/SYS) CPU/1 (3/12.000000/SYS) CPU/0 (2/12.000000/PHB) NET/1 (5/12.000000/SYS) NET/0 (0/5000.000000/LOC) 
x3002c0s1b0n0:24892:30036 [2] NCCL INFO Pattern 4, crossNic 0, nChannels 2, bw 12.000000/12.000000, type NVL/SYS, sameChannels 1
x3002c0s1b0n0:24892:30036 [2] NCCL INFO  0 : NET/1 GPU/9 GPU/8 GPU/10 GPU/11 NET/1
x3002c0s1b0n0:24892:30036 [2] NCCL INFO  1 : NET/0 GPU/9 GPU/8 GPU/10 GPU/11 NET/0
x3002c0s1b0n0:24892:30036 [2] NCCL INFO Pattern 1, crossNic 0, nChannels 2, bw 24.000000/12.000000, type NVL/SYS, sameChannels 1
x3002c0s1b0n0:24892:30036 [2] NCCL INFO  0 : NET/1 GPU/8 GPU/9 GPU/10 GPU/11 NET/1
x3002c0s1b0n0:24892:30036 [2] NCCL INFO  1 : NET/0 GPU/8 GPU/9 GPU/10 GPU/11 NET/0
x3002c0s1b0n0:24892:30036 [2] NCCL INFO Pattern 3, crossNic 0, nChannels 0, bw 0.000000/0.000000, type NVL/PIX, sameChannels 1
x3002c0s1b0n0:24891:30037 [1] NCCL INFO NET/IB : GPU Direct RDMA Enabled for HCA 0 'mlx5_0'
x3002c0s1b0n0:24891:30037 [1] NCCL INFO NET/IB : GPU Direct RDMA Enabled for HCA 1 'mlx5_1'
x3002c0s1b0n0:24891:30037 [1] NCCL INFO GPU Direct RDMA Disabled for GPU 7000 / HCA 1 (distance 7 > 4)
x3002c0s1b0n0:24891:30037 [1] NCCL INFO GPU Direct RDMA Disabled for GPU 46000 / HCA 1 (distance 6 > 4)
x3002c0s1b0n0:24891:30037 [1] NCCL INFO GPU Direct RDMA Disabled for GPU 85000 / HCA 1 (distance 7 > 4)
x3002c0s1b0n0:24891:30037 [1] NCCL INFO GPU Direct RDMA Disabled for GPU c7000 / HCA 1 (distance 7 > 4)
x3002c0s1b0n0:24891:30037 [1] NCCL INFO GPU Direct RDMA Disabled for GPU 7000 / HCA 0 (distance 7 > 4)
x3002c0s1b0n0:24891:30037 [1] NCCL INFO GPU Direct RDMA Disabled for GPU 46000 / HCA 0 (distance 7 > 4)
x3002c0s1b0n0:24891:30037 [1] NCCL INFO GPU Direct RDMA Disabled for GPU 85000 / HCA 0 (distance 7 > 4)
x3002c0s1b0n0:24891:30037 [1] NCCL INFO GPU Direct RDMA Disabled for GPU c7000 / HCA 0 (distance 6 > 4)
x3002c0s1b0n0:24891:30037 [1] NCCL INFO GPU Direct RDMA Disabled for GPU 7000 / HCA 1 (distance 7 > 4)
x3002c0s1b0n0:24891:30037 [1] NCCL INFO GPU Direct RDMA Disabled for GPU 46000 / HCA 1 (distance 6 > 4)
x3002c0s1b0n0:24891:30037 [1] NCCL INFO GPU Direct RDMA Disabled for GPU 85000 / HCA 1 (distance 7 > 4)
x3002c0s1b0n0:24891:30037 [1] NCCL INFO GPU Direct RDMA Disabled for GPU c7000 / HCA 1 (distance 7 > 4)
x3002c0s1b0n0:24891:30037 [1] NCCL INFO GPU Direct RDMA Disabled for GPU 7000 / HCA 0 (distance 7 > 4)
x3002c0s1b0n0:24891:30037 [1] NCCL INFO GPU Direct RDMA Disabled for GPU 46000 / HCA 0 (distance 7 > 4)
x3002c0s1b0n0:24891:30037 [1] NCCL INFO GPU Direct RDMA Disabled for GPU 85000 / HCA 0 (distance 7 > 4)
x3002c0s1b0n0:24891:30037 [1] NCCL INFO GPU Direct RDMA Disabled for GPU c7000 / HCA 0 (distance 6 > 4)
x3002c0s1b0n0:24891:30037 [1] NCCL INFO === System : maxBw 12.0 totalBw 264.0 ===
x3002c0s1b0n0:24891:30037 [1] NCCL INFO CPU/3 (1/2/-1)
x3002c0s1b0n0:24891:30037 [1] NCCL INFO + SYS[5000.0] - CPU/2
x3002c0s1b0n0:24891:30037 [1] NCCL INFO + SYS[5000.0] - CPU/1
x3002c0s1b0n0:24891:30037 [1] NCCL INFO + SYS[5000.0] - CPU/0
x3002c0s1b0n0:24891:30037 [1] NCCL INFO + PCI[24.0] - PCI/5000 (11f8406811f8beef)
x3002c0s1b0n0:24891:30037 [1] NCCL INFO               + PCI[24.0] - GPU/7000 (8)
x3002c0s1b0n0:24891:30037 [1] NCCL INFO                             + NVL[88.0] - GPU/85000
x3002c0s1b0n0:24891:30037 [1] NCCL INFO                             + NVL[88.0] - GPU/C7000
x3002c0s1b0n0:24891:30037 [1] NCCL INFO                             + NVL[88.0] - GPU/46000
x3002c0s1b0n0:24891:30037 [1] NCCL INFO CPU/2 (1/2/-1)
x3002c0s1b0n0:24891:30037 [1] NCCL INFO + SYS[5000.0] - CPU/3
x3002c0s1b0n0:24891:30037 [1] NCCL INFO + SYS[5000.0] - CPU/1
x3002c0s1b0n0:24891:30037 [1] NCCL INFO + SYS[5000.0] - CPU/0
x3002c0s1b0n0:24891:30037 [1] NCCL INFO + PCI[24.0] - PCI/44000 (11f8406811f8beef)
x3002c0s1b0n0:24891:30037 [1] NCCL INFO               + PCI[24.0] - GPU/46000 (9)
x3002c0s1b0n0:24891:30037 [1] NCCL INFO                             + NVL[88.0] - GPU/85000
x3002c0s1b0n0:24891:30037 [1] NCCL INFO                             + NVL[88.0] - GPU/C7000
x3002c0s1b0n0:24891:30037 [1] NCCL INFO                             + NVL[88.0] - GPU/7000
x3002c0s1b0n0:24891:30037 [1] NCCL INFO + PCI[12.0] - NIC/43000
x3002c0s1b0n0:24891:30037 [1] NCCL INFO               + NET[12.5] - NET/1 (7ce604ffffa4e988/1/12.500000)
x3002c0s1b0n0:24891:30037 [1] NCCL INFO CPU/1 (1/2/-1)
x3002c0s1b0n0:24891:30037 [1] NCCL INFO + SYS[5000.0] - CPU/3
x3002c0s1b0n0:24891:30037 [1] NCCL INFO + SYS[5000.0] - CPU/2
x3002c0s1b0n0:24891:30037 [1] NCCL INFO + SYS[5000.0] - CPU/0
x3002c0s1b0n0:24891:30037 [1] NCCL INFO + PCI[24.0] - PCI/83000 (11f8406811f8beef)
x3002c0s1b0n0:24891:30037 [1] NCCL INFO               + PCI[24.0] - GPU/85000 (10)
x3002c0s1b0n0:24891:30037 [1] NCCL INFO                             + NVL[88.0] - GPU/C7000
x3002c0s1b0n0:24891:30037 [1] NCCL INFO                             + NVL[88.0] - GPU/46000
x3002c0s1b0n0:24891:30037 [1] NCCL INFO                             + NVL[88.0] - GPU/7000
x3002c0s1b0n0:24891:30037 [1] NCCL INFO CPU/0 (1/2/-1)
x3002c0s1b0n0:24891:30037 [1] NCCL INFO + SYS[5000.0] - CPU/3
x3002c0s1b0n0:24891:30037 [1] NCCL INFO + SYS[5000.0] - CPU/2
x3002c0s1b0n0:24891:30037 [1] NCCL INFO + SYS[5000.0] - CPU/1
x3002c0s1b0n0:24891:30037 [1] NCCL INFO + PCI[24.0] - PCI/C5000 (11f8406811f8beef)
x3002c0s1b0n0:24891:30037 [1] NCCL INFO               + PCI[24.0] - GPU/C7000 (11)
x3002c0s1b0n0:24891:30037 [1] NCCL INFO                             + NVL[88.0] - GPU/85000
x3002c0s1b0n0:24891:30037 [1] NCCL INFO                             + NVL[88.0] - GPU/46000
x3002c0s1b0n0:24891:30037 [1] NCCL INFO                             + NVL[88.0] - GPU/7000
x3002c0s1b0n0:24891:30037 [1] NCCL INFO + PCI[12.0] - NIC/C8000
x3002c0s1b0n0:24891:30037 [1] NCCL INFO               + NET[12.5] - NET/0 (80e604ffffa4e988/1/12.500000)
x3002c0s1b0n0:24891:30037 [1] NCCL INFO ==========================================
x3002c0s1b0n0:24891:30037 [1] NCCL INFO GPU/7000 :GPU/7000 (0/5000.000000/LOC) GPU/46000 (1/88.000000/NVL) GPU/85000 (1/88.000000/NVL) GPU/C7000 (1/88.000000/NVL) CPU/3 (2/24.000000/PHB) CPU/2 (3/24.000000/SYS) CPU/1 (3/24.000000/SYS) CPU/0 (3/24.000000/SYS) NET/1 (5/12.000000/SYS) NET/0 (5/12.000000/SYS) 
x3002c0s1b0n0:24891:30037 [1] NCCL INFO GPU/46000 :GPU/7000 (1/88.000000/NVL) GPU/46000 (0/5000.000000/LOC) GPU/85000 (1/88.000000/NVL) GPU/C7000 (1/88.000000/NVL) CPU/3 (3/24.000000/SYS) CPU/2 (2/24.000000/PHB) CPU/1 (3/24.000000/SYS) CPU/0 (3/24.000000/SYS) NET/1 (4/12.000000/PHB) NET/0 (5/12.000000/SYS) 
x3002c0s1b0n0:24891:30037 [1] NCCL INFO GPU/85000 :GPU/7000 (1/88.000000/NVL) GPU/46000 (1/88.000000/NVL) GPU/85000 (0/5000.000000/LOC) GPU/C7000 (1/88.000000/NVL) CPU/3 (3/24.000000/SYS) CPU/2 (3/24.000000/SYS) CPU/1 (2/24.000000/PHB) CPU/0 (3/24.000000/SYS) NET/1 (5/12.000000/SYS) NET/0 (5/12.000000/SYS) 
x3002c0s1b0n0:24891:30037 [1] NCCL INFO GPU/C7000 :GPU/7000 (1/88.000000/NVL) GPU/46000 (1/88.000000/NVL) GPU/85000 (1/88.000000/NVL) GPU/C7000 (0/5000.000000/LOC) CPU/3 (3/24.000000/SYS) CPU/2 (3/24.000000/SYS) CPU/1 (3/24.000000/SYS) CPU/0 (2/24.000000/PHB) NET/1 (5/12.000000/SYS) NET/0 (4/12.000000/PHB) 
x3002c0s1b0n0:24891:30037 [1] NCCL INFO NET/1 :GPU/7000 (5/12.000000/SYS) GPU/46000 (4/12.000000/PHB) GPU/85000 (5/12.000000/SYS) GPU/C7000 (5/12.000000/SYS) CPU/3 (3/12.000000/SYS) CPU/2 (2/12.000000/PHB) CPU/1 (3/12.000000/SYS) CPU/0 (3/12.000000/SYS) NET/1 (0/5000.000000/LOC) NET/0 (5/12.000000/SYS) 
x3002c0s1b0n0:24891:30037 [1] NCCL INFO NET/0 :GPU/7000 (5/12.000000/SYS) GPU/46000 (5/12.000000/SYS) GPU/85000 (5/12.000000/SYS) GPU/C7000 (4/12.000000/PHB) CPU/3 (3/12.000000/SYS) CPU/2 (3/12.000000/SYS) CPU/1 (3/12.000000/SYS) CPU/0 (2/12.000000/PHB) NET/1 (5/12.000000/SYS) NET/0 (0/5000.000000/LOC) 
x3002c0s1b0n0:24891:30037 [1] NCCL INFO Pattern 4, crossNic 0, nChannels 2, bw 12.000000/12.000000, type NVL/SYS, sameChannels 1
x3002c0s1b0n0:24891:30037 [1] NCCL INFO  0 : NET/1 GPU/9 GPU/8 GPU/10 GPU/11 NET/1
x3002c0s1b0n0:24891:30037 [1] NCCL INFO  1 : NET/0 GPU/9 GPU/8 GPU/10 GPU/11 NET/0
x3002c0s1b0n0:24891:30037 [1] NCCL INFO Pattern 1, crossNic 0, nChannels 2, bw 24.000000/12.000000, type NVL/SYS, sameChannels 1
x3002c0s1b0n0:24891:30037 [1] NCCL INFO  0 : NET/1 GPU/8 GPU/9 GPU/10 GPU/11 NET/1
x3002c0s1b0n0:24891:30037 [1] NCCL INFO  1 : NET/0 GPU/8 GPU/9 GPU/10 GPU/11 NET/0
x3002c0s1b0n0:24891:30037 [1] NCCL INFO Pattern 3, crossNic 0, nChannels 0, bw 0.000000/0.000000, type NVL/PIX, sameChannels 1
x3002c0s1b0n0:24893:30038 [3] NCCL INFO NET/IB : GPU Direct RDMA Enabled for HCA 0 'mlx5_0'
x3002c0s1b0n0:24893:30038 [3] NCCL INFO NET/IB : GPU Direct RDMA Enabled for HCA 1 'mlx5_1'
x3002c0s1b0n0:24893:30038 [3] NCCL INFO GPU Direct RDMA Disabled for GPU 7000 / HCA 1 (distance 7 > 4)
x3002c0s1b0n0:24893:30038 [3] NCCL INFO GPU Direct RDMA Disabled for GPU 46000 / HCA 1 (distance 6 > 4)
x3002c0s1b0n0:24893:30038 [3] NCCL INFO GPU Direct RDMA Disabled for GPU 85000 / HCA 1 (distance 7 > 4)
x3002c0s1b0n0:24893:30038 [3] NCCL INFO GPU Direct RDMA Disabled for GPU c7000 / HCA 1 (distance 7 > 4)
x3002c0s1b0n0:24893:30038 [3] NCCL INFO GPU Direct RDMA Disabled for GPU 7000 / HCA 0 (distance 7 > 4)
x3002c0s1b0n0:24893:30038 [3] NCCL INFO GPU Direct RDMA Disabled for GPU 46000 / HCA 0 (distance 7 > 4)
x3002c0s1b0n0:24893:30038 [3] NCCL INFO GPU Direct RDMA Disabled for GPU 85000 / HCA 0 (distance 7 > 4)
x3002c0s1b0n0:24893:30038 [3] NCCL INFO GPU Direct RDMA Disabled for GPU c7000 / HCA 0 (distance 6 > 4)
x3002c0s1b0n0:24893:30038 [3] NCCL INFO GPU Direct RDMA Disabled for GPU 7000 / HCA 1 (distance 7 > 4)
x3002c0s1b0n0:24893:30038 [3] NCCL INFO GPU Direct RDMA Disabled for GPU 46000 / HCA 1 (distance 6 > 4)
x3002c0s1b0n0:24893:30038 [3] NCCL INFO GPU Direct RDMA Disabled for GPU 85000 / HCA 1 (distance 7 > 4)
x3002c0s1b0n0:24893:30038 [3] NCCL INFO GPU Direct RDMA Disabled for GPU c7000 / HCA 1 (distance 7 > 4)
x3002c0s1b0n0:24893:30038 [3] NCCL INFO GPU Direct RDMA Disabled for GPU 7000 / HCA 0 (distance 7 > 4)
x3002c0s1b0n0:24893:30038 [3] NCCL INFO GPU Direct RDMA Disabled for GPU 46000 / HCA 0 (distance 7 > 4)
x3002c0s1b0n0:24893:30038 [3] NCCL INFO GPU Direct RDMA Disabled for GPU 85000 / HCA 0 (distance 7 > 4)
x3002c0s1b0n0:24893:30038 [3] NCCL INFO GPU Direct RDMA Disabled for GPU c7000 / HCA 0 (distance 6 > 4)
x3002c0s1b0n0:24893:30038 [3] NCCL INFO === System : maxBw 12.0 totalBw 264.0 ===
x3002c0s1b0n0:24893:30038 [3] NCCL INFO CPU/3 (1/2/-1)
x3002c0s1b0n0:24893:30038 [3] NCCL INFO + SYS[5000.0] - CPU/2
x3002c0s1b0n0:24893:30038 [3] NCCL INFO + SYS[5000.0] - CPU/1
x3002c0s1b0n0:24893:30038 [3] NCCL INFO + SYS[5000.0] - CPU/0
x3002c0s1b0n0:24893:30038 [3] NCCL INFO + PCI[24.0] - PCI/5000 (11f8406811f8beef)
x3002c0s1b0n0:24893:30038 [3] NCCL INFO               + PCI[24.0] - GPU/7000 (8)
x3002c0s1b0n0:24893:30038 [3] NCCL INFO                             + NVL[88.0] - GPU/85000
x3002c0s1b0n0:24893:30038 [3] NCCL INFO                             + NVL[88.0] - GPU/C7000
x3002c0s1b0n0:24893:30038 [3] NCCL INFO                             + NVL[88.0] - GPU/46000
x3002c0s1b0n0:24893:30038 [3] NCCL INFO CPU/2 (1/2/-1)
x3002c0s1b0n0:24893:30038 [3] NCCL INFO + SYS[5000.0] - CPU/3
x3002c0s1b0n0:24893:30038 [3] NCCL INFO + SYS[5000.0] - CPU/1
x3002c0s1b0n0:24893:30038 [3] NCCL INFO + SYS[5000.0] - CPU/0
x3002c0s1b0n0:24893:30038 [3] NCCL INFO + PCI[24.0] - PCI/44000 (11f8406811f8beef)
x3002c0s1b0n0:24893:30038 [3] NCCL INFO               + PCI[24.0] - GPU/46000 (9)
x3002c0s1b0n0:24893:30038 [3] NCCL INFO                             + NVL[88.0] - GPU/85000
x3002c0s1b0n0:24893:30038 [3] NCCL INFO                             + NVL[88.0] - GPU/C7000
x3002c0s1b0n0:24893:30038 [3] NCCL INFO                             + NVL[88.0] - GPU/7000
x3002c0s1b0n0:24893:30038 [3] NCCL INFO + PCI[12.0] - NIC/43000
x3002c0s1b0n0:24893:30038 [3] NCCL INFO               + NET[12.5] - NET/1 (7ce604ffffa4e988/1/12.500000)
x3002c0s1b0n0:24893:30038 [3] NCCL INFO CPU/1 (1/2/-1)
x3002c0s1b0n0:24893:30038 [3] NCCL INFO + SYS[5000.0] - CPU/3
x3002c0s1b0n0:24893:30038 [3] NCCL INFO + SYS[5000.0] - CPU/2
x3002c0s1b0n0:24893:30038 [3] NCCL INFO + SYS[5000.0] - CPU/0
x3002c0s1b0n0:24893:30038 [3] NCCL INFO + PCI[24.0] - PCI/83000 (11f8406811f8beef)
x3002c0s1b0n0:24893:30038 [3] NCCL INFO               + PCI[24.0] - GPU/85000 (10)
x3002c0s1b0n0:24893:30038 [3] NCCL INFO                             + NVL[88.0] - GPU/C7000
x3002c0s1b0n0:24893:30038 [3] NCCL INFO                             + NVL[88.0] - GPU/46000
x3002c0s1b0n0:24893:30038 [3] NCCL INFO                             + NVL[88.0] - GPU/7000
x3002c0s1b0n0:24893:30038 [3] NCCL INFO CPU/0 (1/2/-1)
x3002c0s1b0n0:24893:30038 [3] NCCL INFO + SYS[5000.0] - CPU/3
x3002c0s1b0n0:24893:30038 [3] NCCL INFO + SYS[5000.0] - CPU/2
x3002c0s1b0n0:24893:30038 [3] NCCL INFO + SYS[5000.0] - CPU/1
x3002c0s1b0n0:24893:30038 [3] NCCL INFO + PCI[24.0] - PCI/C5000 (11f8406811f8beef)
x3002c0s1b0n0:24893:30038 [3] NCCL INFO               + PCI[24.0] - GPU/C7000 (11)
x3002c0s1b0n0:24893:30038 [3] NCCL INFO                             + NVL[88.0] - GPU/85000
x3002c0s1b0n0:24893:30038 [3] NCCL INFO                             + NVL[88.0] - GPU/46000
x3002c0s1b0n0:24893:30038 [3] NCCL INFO                             + NVL[88.0] - GPU/7000
x3002c0s1b0n0:24893:30038 [3] NCCL INFO + PCI[12.0] - NIC/C8000
x3002c0s1b0n0:24893:30038 [3] NCCL INFO               + NET[12.5] - NET/0 (80e604ffffa4e988/1/12.500000)
x3002c0s1b0n0:24893:30038 [3] NCCL INFO ==========================================
x3002c0s1b0n0:24893:30038 [3] NCCL INFO GPU/7000 :GPU/7000 (0/5000.000000/LOC) GPU/46000 (1/88.000000/NVL) GPU/85000 (1/88.000000/NVL) GPU/C7000 (1/88.000000/NVL) CPU/3 (2/24.000000/PHB) CPU/2 (3/24.000000/SYS) CPU/1 (3/24.000000/SYS) CPU/0 (3/24.000000/SYS) NET/1 (5/12.000000/SYS) NET/0 (5/12.000000/SYS) 
x3002c0s1b0n0:24893:30038 [3] NCCL INFO GPU/46000 :GPU/7000 (1/88.000000/NVL) GPU/46000 (0/5000.000000/LOC) GPU/85000 (1/88.000000/NVL) GPU/C7000 (1/88.000000/NVL) CPU/3 (3/24.000000/SYS) CPU/2 (2/24.000000/PHB) CPU/1 (3/24.000000/SYS) CPU/0 (3/24.000000/SYS) NET/1 (4/12.000000/PHB) NET/0 (5/12.000000/SYS) 
x3002c0s1b0n0:24893:30038 [3] NCCL INFO GPU/85000 :GPU/7000 (1/88.000000/NVL) GPU/46000 (1/88.000000/NVL) GPU/85000 (0/5000.000000/LOC) GPU/C7000 (1/88.000000/NVL) CPU/3 (3/24.000000/SYS) CPU/2 (3/24.000000/SYS) CPU/1 (2/24.000000/PHB) CPU/0 (3/24.000000/SYS) NET/1 (5/12.000000/SYS) NET/0 (5/12.000000/SYS) 
x3002c0s1b0n0:24893:30038 [3] NCCL INFO GPU/C7000 :GPU/7000 (1/88.000000/NVL) GPU/46000 (1/88.000000/NVL) GPU/85000 (1/88.000000/NVL) GPU/C7000 (0/5000.000000/LOC) CPU/3 (3/24.000000/SYS) CPU/2 (3/24.000000/SYS) CPU/1 (3/24.000000/SYS) CPU/0 (2/24.000000/PHB) NET/1 (5/12.000000/SYS) NET/0 (4/12.000000/PHB) 
x3002c0s1b0n0:24893:30038 [3] NCCL INFO NET/1 :GPU/7000 (5/12.000000/SYS) GPU/46000 (4/12.000000/PHB) GPU/85000 (5/12.000000/SYS) GPU/C7000 (5/12.000000/SYS) CPU/3 (3/12.000000/SYS) CPU/2 (2/12.000000/PHB) CPU/1 (3/12.000000/SYS) CPU/0 (3/12.000000/SYS) NET/1 (0/5000.000000/LOC) NET/0 (5/12.000000/SYS) 
x3002c0s1b0n0:24893:30038 [3] NCCL INFO NET/0 :GPU/7000 (5/12.000000/SYS) GPU/46000 (5/12.000000/SYS) GPU/85000 (5/12.000000/SYS) GPU/C7000 (4/12.000000/PHB) CPU/3 (3/12.000000/SYS) CPU/2 (3/12.000000/SYS) CPU/1 (3/12.000000/SYS) CPU/0 (2/12.000000/PHB) NET/1 (5/12.000000/SYS) NET/0 (0/5000.000000/LOC) 
x3002c0s1b0n0:24893:30038 [3] NCCL INFO Setting affinity for GPU 3 to 01
x3002c0s1b0n0:24893:30038 [3] NCCL INFO Pattern 4, crossNic 0, nChannels 2, bw 12.000000/12.000000, type NVL/SYS, sameChannels 1
x3002c0s1b0n0:24893:30038 [3] NCCL INFO  0 : NET/1 GPU/9 GPU/8 GPU/10 GPU/11 NET/1
x3002c0s1b0n0:24893:30038 [3] NCCL INFO  1 : NET/0 GPU/9 GPU/8 GPU/10 GPU/11 NET/0
x3002c0s1b0n0:24893:30038 [3] NCCL INFO Pattern 1, crossNic 0, nChannels 2, bw 24.000000/12.000000, type NVL/SYS, sameChannels 1
x3002c0s1b0n0:24893:30038 [3] NCCL INFO  0 : NET/1 GPU/8 GPU/9 GPU/10 GPU/11 NET/1
x3002c0s1b0n0:24893:30038 [3] NCCL INFO  1 : NET/0 GPU/8 GPU/9 GPU/10 GPU/11 NET/0
x3002c0s1b0n0:24893:30038 [3] NCCL INFO Pattern 3, crossNic 0, nChannels 0, bw 0.000000/0.000000, type NVL/PIX, sameChannels 1
x3002c0s1b0n0:24890:30039 [0] NCCL INFO Tree 0 : 17 -> 8 -> 9/12/-1
x3002c0s1b0n0:24890:30039 [0] NCCL INFO Tree 2 : 12 -> 8 -> 9/-1/-1
x3002c0s1b0n0:24890:30039 [0] NCCL INFO Tree 1 : 17 -> 8 -> 9/12/-1
x3002c0s1b0n0:24890:30039 [0] NCCL INFO Tree 3 : 12 -> 8 -> 9/-1/-1
x3002c0s1b0n0:24890:30039 [0] NCCL INFO Ring 00 : 9 -> 8 -> 10
x3002c0s1b0n0:24890:30039 [0] NCCL INFO Ring 01 : 9 -> 8 -> 10
x3002c0s1b0n0:24890:30039 [0] NCCL INFO Ring 02 : 9 -> 8 -> 10
x3002c0s1b0n0:24890:30039 [0] NCCL INFO Ring 03 : 9 -> 8 -> 10
x3002c0s1b0n0:24890:30039 [0] NCCL INFO Trees [0] 9/12/-1->8->17 [1] 9/12/-1->8->17 [2] 9/-1/-1->8->12 [3] 9/-1/-1->8->12
x3002c0s1b0n0:24890:30039 [0] NCCL INFO misc/utils.cc:235 memory stack hunk malloc(65536)
x3002c0s1b0n0:24890:30039 [0] NCCL INFO channel.cc:23 Cuda Alloc Size 9600 pointer 0x14d2c380b600
x3002c0s1b0n0:24890:30039 [0] NCCL INFO channel.cc:27 Cuda Alloc Size 96 pointer 0x14d2c380dc00
x3002c0s1b0n0:24890:30039 [0] NCCL INFO channel.cc:23 Cuda Alloc Size 9600 pointer 0x14d2c380de00
x3002c0s1b0n0:24890:30039 [0] NCCL INFO channel.cc:27 Cuda Alloc Size 96 pointer 0x14d2c3810400
x3002c0s1b0n0:24890:30039 [0] NCCL INFO channel.cc:23 Cuda Alloc Size 9600 pointer 0x14d2c3810600
x3002c0s1b0n0:24890:30039 [0] NCCL INFO channel.cc:27 Cuda Alloc Size 96 pointer 0x14d2c3812c00
x3002c0s1b0n0:24890:30039 [0] NCCL INFO channel.cc:23 Cuda Alloc Size 9600 pointer 0x14d2c3812e00
x3002c0s1b0n0:24890:30039 [0] NCCL INFO channel.cc:27 Cuda Alloc Size 96 pointer 0x14d2c3815400
x3002c0s1b0n0:24890:30039 [0] NCCL INFO Channel 00/0 : 8[7000] -> 10[85000] via P2P/IPC/read
x3002c0s1b0n0:24890:30200 [0] NCCL INFO Mem Realloc old size 0, new size 8 pointer 0x14d274000c60
x3002c0s1b0n0:24890:30200 [0] NCCL INFO New proxy send connection 0 from local rank 0, transport 0
x3002c0s1b0n0:24891:30037 [1] NCCL INFO Tree 0 : 8 -> 9 -> 10/4/-1
x3002c0s1b0n0:24891:30037 [1] NCCL INFO Tree 2 : 8 -> 9 -> 10/-1/-1
x3002c0s1b0n0:24891:30037 [1] NCCL INFO Tree 1 : 8 -> 9 -> 10/4/-1
x3002c0s1b0n0:24891:30037 [1] NCCL INFO Tree 3 : 8 -> 9 -> 10/-1/-1
x3002c0s1b0n0:24891:30037 [1] NCCL INFO Ring 00 : 7 -> 9 -> 8
x3002c0s1b0n0:24891:30037 [1] NCCL INFO Ring 01 : 7 -> 9 -> 8
x3002c0s1b0n0:24891:30037 [1] NCCL INFO Ring 02 : 7 -> 9 -> 8
x3002c0s1b0n0:24891:30037 [1] NCCL INFO Ring 03 : 7 -> 9 -> 8
x3002c0s1b0n0:24891:30037 [1] NCCL INFO Trees [0] 10/4/-1->9->8 [1] 10/4/-1->9->8 [2] 10/-1/-1->9->8 [3] 10/-1/-1->9->8
x3002c0s1b0n0:24891:30037 [1] NCCL INFO misc/utils.cc:235 memory stack hunk malloc(65536)
x3002c0s1b0n0:24891:30037 [1] NCCL INFO channel.cc:23 Cuda Alloc Size 9600 pointer 0x154845e0b600
x3002c0s1b0n0:24891:30037 [1] NCCL INFO channel.cc:27 Cuda Alloc Size 96 pointer 0x154845e0dc00
x3002c0s1b0n0:24891:30037 [1] NCCL INFO channel.cc:23 Cuda Alloc Size 9600 pointer 0x154845e0de00
x3002c0s1b0n0:24891:30037 [1] NCCL INFO channel.cc:27 Cuda Alloc Size 96 pointer 0x154845e10400
x3002c0s1b0n0:24891:30037 [1] NCCL INFO channel.cc:23 Cuda Alloc Size 9600 pointer 0x154845e10600
x3002c0s1b0n0:24891:30037 [1] NCCL INFO channel.cc:27 Cuda Alloc Size 96 pointer 0x154845e12c00
x3002c0s1b0n0:24891:30037 [1] NCCL INFO channel.cc:23 Cuda Alloc Size 9600 pointer 0x154845e12e00
x3002c0s1b0n0:24891:30037 [1] NCCL INFO channel.cc:27 Cuda Alloc Size 96 pointer 0x154845e15400
x3002c0s1b0n0:24891:30037 [1] NCCL INFO GPU Direct RDMA Disabled for GPU 46000 / HCA 1 (distance 6 > 4)
x3002c0s1b0n0:24891:30208 [1] NCCL INFO Mem Realloc old size 0, new size 8 pointer 0x1547d0000c60
x3002c0s1b0n0:24891:30208 [1] NCCL INFO Allocated 4194656 bytes of shared memory in /dev/shm/nccl-uhqTKk

x3002c0s1b0n0:24891:30208 [1] NCCL INFO New proxy recv connection 0 from local rank 1, transport 2
x3002c0s1b0n0:24892:30036 [2] NCCL INFO Ring 00 : 8 -> 10 -> 11
x3002c0s1b0n0:24892:30036 [2] NCCL INFO Ring 01 : 8 -> 10 -> 11
x3002c0s1b0n0:24892:30036 [2] NCCL INFO Ring 02 : 8 -> 10 -> 11
x3002c0s1b0n0:24892:30036 [2] NCCL INFO Ring 03 : 8 -> 10 -> 11
x3002c0s1b0n0:24892:30036 [2] NCCL INFO Trees [0] 11/-1/-1->10->9 [1] 11/-1/-1->10->9 [2] 11/-1/-1->10->9 [3] 11/-1/-1->10->9
x3002c0s1b0n0:24892:30036 [2] NCCL INFO misc/utils.cc:235 memory stack hunk malloc(65536)
x3002c0s1b0n0:24892:30036 [2] NCCL INFO channel.cc:23 Cuda Alloc Size 9600 pointer 0x14f9f580b600
x3002c0s1b0n0:24892:30036 [2] NCCL INFO channel.cc:27 Cuda Alloc Size 96 pointer 0x14f9f580dc00
x3002c0s1b0n0:24892:30036 [2] NCCL INFO channel.cc:23 Cuda Alloc Size 9600 pointer 0x14f9f580de00
x3002c0s1b0n0:24892:30036 [2] NCCL INFO channel.cc:27 Cuda Alloc Size 96 pointer 0x14f9f5810400
x3002c0s1b0n0:24892:30036 [2] NCCL INFO channel.cc:23 Cuda Alloc Size 9600 pointer 0x14f9f5810600
x3002c0s1b0n0:24892:30036 [2] NCCL INFO channel.cc:27 Cuda Alloc Size 96 pointer 0x14f9f5812c00
x3002c0s1b0n0:24892:30036 [2] NCCL INFO channel.cc:23 Cuda Alloc Size 9600 pointer 0x14f9f5812e00
x3002c0s1b0n0:24892:30036 [2] NCCL INFO channel.cc:27 Cuda Alloc Size 96 pointer 0x14f9f5815400
x3002c0s1b0n0:24892:30036 [2] NCCL INFO Channel 00/0 : 10[85000] -> 11[c7000] via P2P/IPC/read
x3002c0s1b0n0:24892:30206 [2] NCCL INFO Mem Realloc old size 0, new size 8 pointer 0x14f9ac000c60
x3002c0s1b0n0:24892:30206 [2] NCCL INFO New proxy send connection 0 from local rank 2, transport 0
x3002c0s1b0n0:24892:30036 [2] NCCL INFO Connection to proxy localRank 2 -> connection 0x14f9ac000c80
x3002c0s1b0n0:24892:30206 [2] NCCL INFO transport/p2p.cc:430 Cuda Alloc Size 6291456 pointer 0x14fa14e00000
x3002c0s1b0n0:24890:30039 [0] NCCL INFO Connection to proxy localRank 0 -> connection 0x14d274000c80
x3002c0s1b0n0:24890:30200 [0] NCCL INFO transport/p2p.cc:430 Cuda Alloc Size 6291456 pointer 0x14d2e0600000
x3002c0s1b0n0:24891:30037 [1] NCCL INFO Connection to proxy localRank 1 -> connection 0x1547d0000c80
x3002c0s1b0n0:24893:30038 [3] NCCL INFO Ring 00 : 10 -> 11 -> 13
x3002c0s1b0n0:24893:30038 [3] NCCL INFO Ring 01 : 10 -> 11 -> 13
x3002c0s1b0n0:24893:30038 [3] NCCL INFO Ring 02 : 10 -> 11 -> 13
x3002c0s1b0n0:24893:30038 [3] NCCL INFO Ring 03 : 10 -> 11 -> 13
x3002c0s1b0n0:24893:30038 [3] NCCL INFO Trees [0] -1/-1/-1->11->10 [1] -1/-1/-1->11->10 [2] -1/-1/-1->11->10 [3] -1/-1/-1->11->10
x3002c0s1b0n0:24893:30038 [3] NCCL INFO misc/utils.cc:235 memory stack hunk malloc(65536)
x3002c0s1b0n0:24893:30038 [3] NCCL INFO channel.cc:23 Cuda Alloc Size 9600 pointer 0x1534c180b600
x3002c0s1b0n0:24893:30038 [3] NCCL INFO channel.cc:27 Cuda Alloc Size 96 pointer 0x1534c180dc00
x3002c0s1b0n0:24893:30038 [3] NCCL INFO channel.cc:23 Cuda Alloc Size 9600 pointer 0x1534c180de00
x3002c0s1b0n0:24893:30038 [3] NCCL INFO channel.cc:27 Cuda Alloc Size 96 pointer 0x1534c1810400
x3002c0s1b0n0:24893:30038 [3] NCCL INFO channel.cc:23 Cuda Alloc Size 9600 pointer 0x1534c1810600
x3002c0s1b0n0:24893:30038 [3] NCCL INFO channel.cc:27 Cuda Alloc Size 96 pointer 0x1534c1812c00
x3002c0s1b0n0:24893:30038 [3] NCCL INFO channel.cc:23 Cuda Alloc Size 9600 pointer 0x1534c1812e00
x3002c0s1b0n0:24893:30038 [3] NCCL INFO channel.cc:27 Cuda Alloc Size 96 pointer 0x1534c1815400
x3002c0s1b0n0:24893:30209 [3] NCCL INFO Mem Realloc old size 0, new size 8 pointer 0x15347c000c60
x3002c0s1b0n0:24893:30209 [3] NCCL INFO New proxy recv connection 0 from local rank 3, transport 0
x3002c0s1b0n0:24890:30039 [0] NCCL INFO Channel 01/0 : 8[7000] -> 10[85000] via P2P/IPC/read
x3002c0s1b0n0:24890:30200 [0] NCCL INFO New proxy send connection 1 from local rank 0, transport 0
x3002c0s1b0n0:24890:30039 [0] NCCL INFO Connection to proxy localRank 0 -> connection 0x14d274000cc0
x3002c0s1b0n0:24893:30038 [3] NCCL INFO Connection to proxy localRank 3 -> connection 0x15347c000c80
x3002c0s1b0n0:24893:30209 [3] NCCL INFO transport/p2p.cc:449 Cuda Alloc Size 6291456 pointer 0x1534e0600000
x3002c0s1b0n0:24890:30200 [0] NCCL INFO transport/p2p.cc:430 Cuda Alloc Size 6291456 pointer 0x14d2e0c00000
x3002c0s1b0n0:24892:30036 [2] NCCL INFO Channel 01/0 : 10[85000] -> 11[c7000] via P2P/IPC/read
x3002c0s1b0n0:24892:30206 [2] NCCL INFO New proxy send connection 1 from local rank 2, transport 0
x3002c0s1b0n0:24891:30037 [1] NCCL INFO Channel 00/0 : 7[c7000] -> 9[46000] [receive] via NET/IB/1
x3002c0s1b0n0:24891:30037 [1] NCCL INFO GPU Direct RDMA Disabled for GPU 46000 / HCA 0 (distance 7 > 4)
x3002c0s1b0n0:24891:30208 [1] NCCL INFO New proxy recv connection 1 from local rank 1, transport 2
x3002c0s1b0n0:24893:30209 [3] NCCL INFO New proxy recv connection 1 from local rank 3, transport 0
x3002c0s1b0n0:24890:30039 [0] NCCL INFO Channel 02/0 : 8[7000] -> 10[85000] via P2P/IPC/read
x3002c0s1b0n0:24890:30200 [0] NCCL INFO New proxy send connection 2 from local rank 0, transport 0
x3002c0s1b0n0:24891:30037 [1] NCCL INFO Connection to proxy localRank 1 -> connection 0x1547d0000cc0
x3002c0s1b0n0:24891:30037 [1] NCCL INFO Channel 01/0 : 7[c7000] -> 9[46000] [receive] via NET/IB/0
x3002c0s1b0n0:24891:30037 [1] NCCL INFO GPU Direct RDMA Disabled for GPU 46000 / HCA 1 (distance 6 > 4)
x3002c0s1b0n0:24892:30036 [2] NCCL INFO Connection to proxy localRank 2 -> connection 0x14f9ac000cc0
x3002c0s1b0n0:24892:30206 [2] NCCL INFO transport/p2p.cc:430 Cuda Alloc Size 6291456 pointer 0x14fa15400000
x3002c0s1b0n0:24890:30039 [0] NCCL INFO Connection to proxy localRank 0 -> connection 0x14d274000d00
x3002c0s1b0n0:24890:30200 [0] NCCL INFO transport/p2p.cc:430 Cuda Alloc Size 6291456 pointer 0x14d2e1200000
x3002c0s1b0n0:24893:30038 [3] NCCL INFO Connection to proxy localRank 3 -> connection 0x15347c000cc0
x3002c0s1b0n0:24893:30209 [3] NCCL INFO transport/p2p.cc:449 Cuda Alloc Size 6291456 pointer 0x1534e0c00000
x3002c0s1b0n0:24892:30036 [2] NCCL INFO Channel 02/0 : 10[85000] -> 11[c7000] via P2P/IPC/read
x3002c0s1b0n0:24892:30206 [2] NCCL INFO New proxy send connection 2 from local rank 2, transport 0
x3002c0s1b0n0:24890:30039 [0] NCCL INFO Channel 03/0 : 8[7000] -> 10[85000] via P2P/IPC/read
x3002c0s1b0n0:24890:30200 [0] NCCL INFO New proxy send connection 3 from local rank 0, transport 0
x3002c0s1b0n0:24891:30208 [1] NCCL INFO New proxy recv connection 2 from local rank 1, transport 2
x3002c0s1b0n0:24893:30209 [3] NCCL INFO New proxy recv connection 2 from local rank 3, transport 0
x3002c0s1b0n0:24891:30037 [1] NCCL INFO Connection to proxy localRank 1 -> connection 0x1547d0000d00
x3002c0s1b0n0:24892:30036 [2] NCCL INFO Connection to proxy localRank 2 -> connection 0x14f9ac000d00
x3002c0s1b0n0:24892:30206 [2] NCCL INFO transport/p2p.cc:430 Cuda Alloc Size 6291456 pointer 0x14fa15a00000
x3002c0s1b0n0:24890:30039 [0] NCCL INFO Connection to proxy localRank 0 -> connection 0x14d274000d40
x3002c0s1b0n0:24890:30200 [0] NCCL INFO transport/p2p.cc:430 Cuda Alloc Size 6291456 pointer 0x14d2e1800000
x3002c0s1b0n0:24893:30038 [3] NCCL INFO Connection to proxy localRank 3 -> connection 0x15347c000d00
x3002c0s1b0n0:24893:30209 [3] NCCL INFO transport/p2p.cc:449 Cuda Alloc Size 6291456 pointer 0x1534e1200000
x3002c0s1b0n0:24891:30037 [1] NCCL INFO Channel 02/0 : 7[c7000] -> 9[46000] [receive] via NET/IB/1
x3002c0s1b0n0:24891:30037 [1] NCCL INFO GPU Direct RDMA Disabled for GPU 46000 / HCA 0 (distance 7 > 4)
x3002c0s1b0n0:24891:30208 [1] NCCL INFO New proxy recv connection 3 from local rank 1, transport 2
x3002c0s1b0n0:24892:30036 [2] NCCL INFO Channel 03/0 : 10[85000] -> 11[c7000] via P2P/IPC/read
x3002c0s1b0n0:24892:30206 [2] NCCL INFO New proxy send connection 3 from local rank 2, transport 0
x3002c0s1b0n0:24891:30037 [1] NCCL INFO Connection to proxy localRank 1 -> connection 0x1547d0000d40
x3002c0s1b0n0:24892:30036 [2] NCCL INFO Connection to proxy localRank 2 -> connection 0x14f9ac000d40
x3002c0s1b0n0:24892:30206 [2] NCCL INFO transport/p2p.cc:430 Cuda Alloc Size 6291456 pointer 0x14fa16000000
x3002c0s1b0n0:24893:30209 [3] NCCL INFO New proxy recv connection 3 from local rank 3, transport 0
x3002c0s1b0n0:24891:30037 [1] NCCL INFO Channel 03/0 : 7[c7000] -> 9[46000] [receive] via NET/IB/0
x3002c0s1b0n0:24893:30038 [3] NCCL INFO Connection to proxy localRank 3 -> connection 0x15347c000d40
x3002c0s1b0n0:24893:30209 [3] NCCL INFO transport/p2p.cc:449 Cuda Alloc Size 6291456 pointer 0x1534e1800000
x3002c0s1b0n0:24891:30208 [1] NCCL INFO transport/net_ib.cc:683 Ib Alloc Size 21688 pointer 0x1547d001d000
x3002c0s1b0n0:24891:30208 [1] NCCL INFO transport/net_ib.cc:696 Ib Alloc Size 552 pointer 0x1547d0024000
x3002c0s1b0n0:24893:30038 [3] NCCL INFO GPU Direct RDMA Disabled for GPU c7000 / HCA 1 (distance 7 > 4)
x3002c0s1b0n0:24893:30209 [3] NCCL INFO Allocated 4194656 bytes of shared memory in /dev/shm/nccl-bgbBxt

x3002c0s1b0n0:24893:30209 [3] NCCL INFO New proxy send connection 4 from local rank 3, transport 2
x3002c0s1b0n0:24892:30206 [2] NCCL INFO New proxy recv connection 4 from local rank 2, transport 0
x3002c0s1b0n0:24892:30036 [2] NCCL INFO Connection to proxy localRank 2 -> connection 0x14f9ac000d80
x3002c0s1b0n0:24892:30206 [2] NCCL INFO transport/p2p.cc:449 Cuda Alloc Size 6291456 pointer 0x14fa17e00000
x3002c0s1b0n0:24893:30038 [3] NCCL INFO Connection to proxy localRank 3 -> connection 0x15347c000d80
x3002c0s1b0n0:24893:30038 [3] NCCL INFO Channel 00/0 : 11[c7000] -> 13[46000] [send] via NET/IB/1
x3002c0s1b0n0:24893:30038 [3] NCCL INFO GPU Direct RDMA Disabled for GPU c7000 / HCA 0 (distance 6 > 4)
x3002c0s1b0n0:24891:30208 [1] NCCL INFO transport/net_ib.cc:771 Ib Alloc Size 552 pointer 0x1547d0041000
x3002c0s1b0n0:24891:30208 [1] NCCL INFO transport/net.cc:698 Cuda Host Alloc Size 9641984 pointer 0x154823c00000
x3002c0s1b0n0:24893:30209 [3] NCCL INFO New proxy send connection 5 from local rank 3, transport 2
x3002c0s1b0n0:24891:30208 [1] NCCL INFO transport/net_ib.cc:683 Ib Alloc Size 21688 pointer 0x1547d0043000
x3002c0s1b0n0:24891:30208 [1] NCCL INFO transport/net_ib.cc:696 Ib Alloc Size 552 pointer 0x1547d004a000
x3002c0s1b0n0:24891:30208 [1] NCCL INFO transport/net_ib.cc:771 Ib Alloc Size 552 pointer 0x1547d0065000
x3002c0s1b0n0:24891:30208 [1] NCCL INFO transport/net.cc:698 Cuda Host Alloc Size 9641984 pointer 0x154824600000
x3002c0s1b0n0:24892:30206 [2] NCCL INFO New proxy recv connection 5 from local rank 2, transport 0
x3002c0s1b0n0:24891:30208 [1] NCCL INFO transport/net_ib.cc:683 Ib Alloc Size 21688 pointer 0x1547d0067000
x3002c0s1b0n0:24893:30038 [3] NCCL INFO Connection to proxy localRank 3 -> connection 0x15347c000dc0
x3002c0s1b0n0:24893:30038 [3] NCCL INFO Channel 01/0 : 11[c7000] -> 13[46000] [send] via NET/IB/0
x3002c0s1b0n0:24893:30038 [3] NCCL INFO GPU Direct RDMA Disabled for GPU c7000 / HCA 1 (distance 7 > 4)
x3002c0s1b0n0:24893:30209 [3] NCCL INFO New proxy send connection 6 from local rank 3, transport 2
x3002c0s1b0n0:24892:30036 [2] NCCL INFO Connection to proxy localRank 2 -> connection 0x14f9ac000dc0
x3002c0s1b0n0:24891:30208 [1] NCCL INFO transport/net_ib.cc:696 Ib Alloc Size 552 pointer 0x1547d006e000
x3002c0s1b0n0:24893:30038 [3] NCCL INFO Connection to proxy localRank 3 -> connection 0x15347c000e00
x3002c0s1b0n0:24893:30038 [3] NCCL INFO Channel 02/0 : 11[c7000] -> 13[46000] [send] via NET/IB/1
x3002c0s1b0n0:24893:30038 [3] NCCL INFO GPU Direct RDMA Disabled for GPU c7000 / HCA 0 (distance 6 > 4)
x3002c0s1b0n0:24893:30209 [3] NCCL INFO New proxy send connection 7 from local rank 3, transport 2
x3002c0s1b0n0:24893:30038 [3] NCCL INFO Connection to proxy localRank 3 -> connection 0x15347c000e40
x3002c0s1b0n0:24893:30038 [3] NCCL INFO Channel 03/0 : 11[c7000] -> 13[46000] [send] via NET/IB/0
x3002c0s1b0n0:24893:30209 [3] NCCL INFO transport/net_ib.cc:596 Ib Alloc Size 26560 pointer 0x15347c020000
x3002c0s1b0n0:24891:30208 [1] NCCL INFO transport/net_ib.cc:771 Ib Alloc Size 552 pointer 0x1547d0089000
x3002c0s1b0n0:24891:30208 [1] NCCL INFO transport/net.cc:698 Cuda Host Alloc Size 9641984 pointer 0x154825000000
x3002c0s1b0n0:24893:30209 [3] NCCL INFO NET/IB: Dev 1 Port 1 qpn 51293 mtu 5 GID 0 (80FE/AF0000FEFF000000)
x3002c0s1b0n0:24893:30209 [3] NCCL INFO transport/net_ib.cc:653 Ib Alloc Size 552 pointer 0x15347c038000
x3002c0s1b0n0:24893:30209 [3] NCCL INFO transport/net.cc:571 Cuda Host Alloc Size 9641984 pointer 0x1534e3600000
x3002c0s1b0n0:24892:30206 [2] NCCL INFO transport/p2p.cc:449 Cuda Alloc Size 6291456 pointer 0x14fa18400000
x3002c0s1b0n0:24892:30206 [2] NCCL INFO New proxy recv connection 6 from local rank 2, transport 0
x3002c0s1b0n0:24891:30208 [1] NCCL INFO transport/net_ib.cc:683 Ib Alloc Size 21688 pointer 0x1547d008b000
x3002c0s1b0n0:24891:30208 [1] NCCL INFO transport/net_ib.cc:696 Ib Alloc Size 552 pointer 0x1547d0092000
x3002c0s1b0n0:24893:30209 [3] NCCL INFO transport/net_ib.cc:596 Ib Alloc Size 26560 pointer 0x15347c03a000
x3002c0s1b0n0:24893:30209 [3] NCCL INFO NET/IB: Dev 0 Port 1 qpn 52370 mtu 5 GID 0 (80FE/EA0000FEFF000000)
x3002c0s1b0n0:24893:30209 [3] NCCL INFO transport/net_ib.cc:653 Ib Alloc Size 552 pointer 0x15347c051000
x3002c0s1b0n0:24893:30209 [3] NCCL INFO transport/net.cc:571 Cuda Host Alloc Size 9641984 pointer 0x1534e4000000
x3002c0s1b0n0:24893:30209 [3] NCCL INFO transport/net_ib.cc:596 Ib Alloc Size 26560 pointer 0x15347c053000
x3002c0s1b0n0:24891:30208 [1] NCCL INFO transport/net_ib.cc:771 Ib Alloc Size 552 pointer 0x1547d00ad000
x3002c0s1b0n0:24891:30208 [1] NCCL INFO transport/net.cc:698 Cuda Host Alloc Size 9641984 pointer 0x154825a00000
x3002c0s1b0n0:24893:30209 [3] NCCL INFO NET/IB: Dev 1 Port 1 qpn 51294 mtu 5 GID 0 (80FE/AF0000FEFF000000)
x3002c0s1b0n0:24893:30209 [3] NCCL INFO transport/net_ib.cc:653 Ib Alloc Size 552 pointer 0x15347c06a000
x3002c0s1b0n0:24893:30209 [3] NCCL INFO transport/net.cc:571 Cuda Host Alloc Size 9641984 pointer 0x1534e4a00000
x3002c0s1b0n0:24892:30036 [2] NCCL INFO Connection to proxy localRank 2 -> connection 0x14f9ac000e00
x3002c0s1b0n0:24891:30037 [1] NCCL INFO Channel 00/0 : 9[46000] -> 8[7000] via P2P/IPC/read
x3002c0s1b0n0:24892:30206 [2] NCCL INFO transport/p2p.cc:449 Cuda Alloc Size 6291456 pointer 0x14fa18a00000
x3002c0s1b0n0:24891:30208 [1] NCCL INFO New proxy send connection 4 from local rank 1, transport 0
x3002c0s1b0n0:24893:30209 [3] NCCL INFO transport/net_ib.cc:596 Ib Alloc Size 26560 pointer 0x15347c06c000
x3002c0s1b0n0:24892:30206 [2] NCCL INFO New proxy recv connection 7 from local rank 2, transport 0
x3002c0s1b0n0:24893:30209 [3] NCCL INFO NET/IB: Dev 0 Port 1 qpn 52373 mtu 5 GID 0 (80FE/EA0000FEFF000000)
x3002c0s1b0n0:24893:30209 [3] NCCL INFO transport/net_ib.cc:653 Ib Alloc Size 552 pointer 0x15347c083000
x3002c0s1b0n0:24893:30209 [3] NCCL INFO transport/net.cc:571 Cuda Host Alloc Size 9641984 pointer 0x1534e5400000
x3002c0s1b0n0:24891:30037 [1] NCCL INFO Connection to proxy localRank 1 -> connection 0x1547d0000d80
x3002c0s1b0n0:24891:30208 [1] NCCL INFO transport/p2p.cc:430 Cuda Alloc Size 6291456 pointer 0x154826400000
x3002c0s1b0n0:24892:30036 [2] NCCL INFO Connection to proxy localRank 2 -> connection 0x14f9ac000e40
x3002c0s1b0n0:24892:30206 [2] NCCL INFO transport/p2p.cc:449 Cuda Alloc Size 6291456 pointer 0x14fa19000000
x3002c0s1b0n0:24891:30037 [1] NCCL INFO Channel 01/0 : 9[46000] -> 8[7000] via P2P/IPC/read
x3002c0s1b0n0:24891:30208 [1] NCCL INFO New proxy send connection 5 from local rank 1, transport 0
x3002c0s1b0n0:24893:30038 [3] NCCL INFO Connected all rings
x3002c0s1b0n0:24893:30038 [3] NCCL INFO Channel 00/0 : 11[c7000] -> 10[85000] via P2P/IPC/read
x3002c0s1b0n0:24893:30209 [3] NCCL INFO New proxy send connection 8 from local rank 3, transport 0
x3002c0s1b0n0:24893:30038 [3] NCCL INFO Connection to proxy localRank 3 -> connection 0x15347c000e80
x3002c0s1b0n0:24891:30037 [1] NCCL INFO Connection to proxy localRank 1 -> connection 0x1547d0000dc0
x3002c0s1b0n0:24891:30208 [1] NCCL INFO transport/p2p.cc:430 Cuda Alloc Size 6291456 pointer 0x154826a00000
x3002c0s1b0n0:24893:30209 [3] NCCL INFO transport/p2p.cc:430 Cuda Alloc Size 6291456 pointer 0x1534e5e00000
x3002c0s1b0n0:24892:30036 [2] NCCL INFO Connected all rings
x3002c0s1b0n0:24892:30206 [2] NCCL INFO New proxy recv connection 8 from local rank 2, transport 0
x3002c0s1b0n0:24892:30036 [2] NCCL INFO Connection to proxy localRank 2 -> connection 0x14f9ac000e80
x3002c0s1b0n0:24890:30200 [0] NCCL INFO New proxy recv connection 4 from local rank 0, transport 0
x3002c0s1b0n0:24891:30037 [1] NCCL INFO Channel 02/0 : 9[46000] -> 8[7000] via P2P/IPC/read
x3002c0s1b0n0:24891:30208 [1] NCCL INFO New proxy send connection 6 from local rank 1, transport 0
x3002c0s1b0n0:24893:30038 [3] NCCL INFO Channel 01/0 : 11[c7000] -> 10[85000] via P2P/IPC/read
x3002c0s1b0n0:24893:30209 [3] NCCL INFO New proxy send connection 9 from local rank 3, transport 0
x3002c0s1b0n0:24892:30206 [2] NCCL INFO transport/p2p.cc:449 Cuda Alloc Size 6291456 pointer 0x14fa1ae00000
x3002c0s1b0n0:24891:30037 [1] NCCL INFO Connection to proxy localRank 1 -> connection 0x1547d0000e00
x3002c0s1b0n0:24891:30208 [1] NCCL INFO transport/p2p.cc:430 Cuda Alloc Size 6291456 pointer 0x154827000000
x3002c0s1b0n0:24890:30039 [0] NCCL INFO Connection to proxy localRank 0 -> connection 0x14d274000d80
x3002c0s1b0n0:24890:30200 [0] NCCL INFO transport/p2p.cc:449 Cuda Alloc Size 6291456 pointer 0x14d2e3600000
x3002c0s1b0n0:24893:30038 [3] NCCL INFO Connection to proxy localRank 3 -> connection 0x15347c000ec0
x3002c0s1b0n0:24893:30209 [3] NCCL INFO transport/p2p.cc:430 Cuda Alloc Size 6291456 pointer 0x1534e6400000
x3002c0s1b0n0:24892:30206 [2] NCCL INFO New proxy recv connection 9 from local rank 2, transport 0
x3002c0s1b0n0:24892:30036 [2] NCCL INFO Connection to proxy localRank 2 -> connection 0x14f9ac000ec0
x3002c0s1b0n0:24892:30206 [2] NCCL INFO transport/p2p.cc:449 Cuda Alloc Size 6291456 pointer 0x14fa1b400000
x3002c0s1b0n0:24891:30037 [1] NCCL INFO Channel 03/0 : 9[46000] -> 8[7000] via P2P/IPC/read
x3002c0s1b0n0:24891:30208 [1] NCCL INFO New proxy send connection 7 from local rank 1, transport 0
x3002c0s1b0n0:24890:30200 [0] NCCL INFO New proxy recv connection 5 from local rank 0, transport 0
x3002c0s1b0n0:24893:30038 [3] NCCL INFO Channel 02/0 : 11[c7000] -> 10[85000] via P2P/IPC/read
x3002c0s1b0n0:24893:30209 [3] NCCL INFO New proxy send connection 10 from local rank 3, transport 0
x3002c0s1b0n0:24891:30037 [1] NCCL INFO Connection to proxy localRank 1 -> connection 0x1547d0000e40
x3002c0s1b0n0:24891:30208 [1] NCCL INFO transport/p2p.cc:430 Cuda Alloc Size 6291456 pointer 0x154827600000
x3002c0s1b0n0:24892:30206 [2] NCCL INFO New proxy recv connection 10 from local rank 2, transport 0
x3002c0s1b0n0:24890:30039 [0] NCCL INFO Connection to proxy localRank 0 -> connection 0x14d274000dc0
x3002c0s1b0n0:24890:30200 [0] NCCL INFO transport/p2p.cc:449 Cuda Alloc Size 6291456 pointer 0x14d2e3c00000
x3002c0s1b0n0:24893:30038 [3] NCCL INFO Connection to proxy localRank 3 -> connection 0x15347c000f00
x3002c0s1b0n0:24893:30209 [3] NCCL INFO transport/p2p.cc:430 Cuda Alloc Size 6291456 pointer 0x1534e6a00000
