x3110c0s13b0n0:57887:61248 [0] NCCL INFO Channel 01/0 : 0[7000] -> 1[46000] via P2P/IPC/read
x3110c0s13b0n0:57893:61255 [1] NCCL INFO Connection to proxy localRank 1 -> connection 0x1466bc000d80
x3110c0s13b0n0:57893:61345 [1] NCCL INFO transport/p2p.cc:449 Cuda Alloc Size 6291456 pointer 0x1466ed600000
x3110c0s13b0n0:57887:61342 [0] NCCL INFO New proxy send connection 5 from local rank 0, transport 0
x3110c0s13b0n0:57897:61249 [2] NCCL INFO Channel 00/0 : 2[85000] -> 3[c7000] via P2P/IPC/read
x3110c0s13b0n0:57897:61348 [2] NCCL INFO New proxy send connection 6 from local rank 2, transport 0
x3110c0s13b0n0:57897:61249 [2] NCCL INFO Connection to proxy localRank 2 -> connection 0x148a88000e00
x3110c0s13b0n0:57897:61348 [2] NCCL INFO transport/p2p.cc:430 Cuda Alloc Size 6291456 pointer 0x148abb800000
x3110c0s13b0n0:57887:61248 [0] NCCL INFO Connection to proxy localRank 0 -> connection 0x150604066fd0
x3110c0s13b0n0:57887:61342 [0] NCCL INFO transport/p2p.cc:430 Cuda Alloc Size 6291456 pointer 0x15067f800000
x3110c0s13b0n0:57893:61345 [1] NCCL INFO New proxy recv connection 5 from local rank 1, transport 0
x3110c0s13b0n0:57897:61249 [2] NCCL INFO Channel 01/0 : 2[85000] -> 3[c7000] via P2P/IPC/read
x3110c0s13b0n0:57897:61348 [2] NCCL INFO New proxy send connection 7 from local rank 2, transport 0
x3110c0s13b0n0:57893:61255 [1] NCCL INFO Connection to proxy localRank 1 -> connection 0x1466bc000dc0
x3110c0s13b0n0:57897:61249 [2] NCCL INFO Connection to proxy localRank 2 -> connection 0x148a88000e40
x3110c0s13b0n0:57897:61348 [2] NCCL INFO transport/p2p.cc:430 Cuda Alloc Size 6291456 pointer 0x148b0f600000
x3110c0s13b0n0:57893:61345 [1] NCCL INFO transport/p2p.cc:449 Cuda Alloc Size 6291456 pointer 0x1466ef200000
x3110c0s13b0n0:57893:61255 [1] NCCL INFO Channel 00/0 : 1[46000] -> 2[85000] via P2P/IPC/read
x3110c0s13b0n0:57893:61345 [1] NCCL INFO New proxy send connection 6 from local rank 1, transport 0
x3110c0s13b0n0:57899:61251 [3] NCCL INFO Connected all trees by HAO
x3110c0s13b0n0:57899:61251 [3] NCCL INFO threadThresholds 8/8/64 | 64/8/64 | 512 | 512
x3110c0s13b0n0:57899:61251 [3] NCCL INFO 2 coll channels, 2 p2p channels, 2 p2p channels per peer
x3110c0s13b0n0:57899:61349 [3] NCCL INFO Allocated 4194656 bytes of shared memory in /dev/shm/nccl-rVG6Gd

x3110c0s13b0n0:57899:61349 [3] NCCL INFO New proxy send connection 6 from local rank 3, transport 2
x3110c0s13b0n0:57899:61251 [3] NCCL INFO Connection to proxy localRank 3 -> connection 0x145d10000e00
x3110c0s13b0n0:57899:61349 [3] NCCL INFO transport/net.cc:376 Cuda Alloc Size 4194304 pointer 0x145d2bc00000
x3110c0s13b0n0:57893:61255 [1] NCCL INFO Connection to proxy localRank 1 -> connection 0x1466bc000e00
x3110c0s13b0n0:57893:61345 [1] NCCL INFO transport/p2p.cc:430 Cuda Alloc Size 6291456 pointer 0x1466ef800000
x3110c0s13b0n0:57893:61255 [1] NCCL INFO Channel 01/0 : 1[46000] -> 2[85000] via P2P/IPC/read
x3110c0s13b0n0:57893:61345 [1] NCCL INFO New proxy send connection 7 from local rank 1, transport 0
x3110c0s13b0n0:57893:61255 [1] NCCL INFO Connection to proxy localRank 1 -> connection 0x1466bc000e40
x3110c0s13b0n0:57893:61345 [1] NCCL INFO transport/p2p.cc:430 Cuda Alloc Size 6291456 pointer 0x146749600000
x3110c0s13b0n0:57887:61342 [0] NCCL INFO Allocated 4194656 bytes of shared memory in /dev/shm/nccl-mQtW7k

x3110c0s13b0n0:57887:61342 [0] NCCL INFO New proxy recv connection 6 from local rank 0, transport 2
x3110c0s13b0n0:57887:61248 [0] NCCL INFO Connection to proxy localRank 0 -> connection 0x150604067010
x3110c0s13b0n0:57897:61249 [2] NCCL INFO Channel 00/0 : 2[85000] -> 1[46000] via P2P/IPC/read
x3110c0s13b0n0:57897:61348 [2] NCCL INFO New proxy send connection 8 from local rank 2, transport 0
x3110c0s13b0n0:57893:61345 [1] NCCL INFO New proxy recv connection 8 from local rank 1, transport 0
x3110c0s13b0n0:57897:61249 [2] NCCL INFO Connection to proxy localRank 2 -> connection 0x148a88000e80
x3110c0s13b0n0:57897:61348 [2] NCCL INFO transport/p2p.cc:430 Cuda Alloc Size 6291456 pointer 0x148b19800000
x3110c0s13b0n0:57893:61255 [1] NCCL INFO Connection to proxy localRank 1 -> connection 0x1466bc000e80
x3110c0s13b0n0:57893:61345 [1] NCCL INFO transport/p2p.cc:449 Cuda Alloc Size 6291456 pointer 0x146753800000
x3110c0s13b0n0:57887:61248 [0] NCCL INFO Channel 00/0 : 4[7000] -> 0[7000] [receive] via NET/Socket/0
x3110c0s13b0n0:57887:61342 [0] NCCL INFO New proxy recv connection 7 from local rank 0, transport 2
x3110c0s13b0n0:57897:61249 [2] NCCL INFO Channel 01/0 : 2[85000] -> 1[46000] via P2P/IPC/read
x3110c0s13b0n0:57897:61348 [2] NCCL INFO New proxy send connection 9 from local rank 2, transport 0
x3110c0s13b0n0:57897:61249 [2] NCCL INFO Connection to proxy localRank 2 -> connection 0x148a88000ec0
x3110c0s13b0n0:57897:61348 [2] NCCL INFO transport/p2p.cc:430 Cuda Alloc Size 6291456 pointer 0x148b23800000
x3110c0s13b0n0:57887:61248 [0] NCCL INFO Connection to proxy localRank 0 -> connection 0x150604067050
x3110c0s13b0n0:57887:61248 [0] NCCL INFO Channel 01/0 : 4[7000] -> 0[7000] [receive] via NET/Socket/0
x3110c0s13b0n0:57893:61345 [1] NCCL INFO New proxy recv connection 9 from local rank 1, transport 0
x3110c0s13b0n0:57887:61342 [0] NCCL INFO New proxy send connection 8 from local rank 0, transport 2
x3110c0s13b0n0:57887:61248 [0] NCCL INFO Connection to proxy localRank 0 -> connection 0x150604067090
x3110c0s13b0n0:57887:61248 [0] NCCL INFO Channel 00/0 : 0[7000] -> 4[7000] [send] via NET/Socket/0
x3110c0s13b0n0:57887:61342 [0] NCCL INFO New proxy send connection 9 from local rank 0, transport 2
x3110c0s13b0n0:57893:61255 [1] NCCL INFO Connection to proxy localRank 1 -> connection 0x1466bc000ec0
x3110c0s13b0n0:57893:61345 [1] NCCL INFO transport/p2p.cc:449 Cuda Alloc Size 6291456 pointer 0x14675d800000
x3110c0s13b0n0:57893:61255 [1] NCCL INFO Connected all trees by HAO
x3110c0s13b0n0:57893:61255 [1] NCCL INFO threadThresholds 8/8/64 | 64/8/64 | 512 | 512
x3110c0s13b0n0:57893:61255 [1] NCCL INFO 2 coll channels, 2 p2p channels, 2 p2p channels per peer
x3110c0s13b0n0:57897:61249 [2] NCCL INFO Connected all trees by HAO
x3110c0s13b0n0:57897:61249 [2] NCCL INFO threadThresholds 8/8/64 | 64/8/64 | 512 | 512
x3110c0s13b0n0:57897:61249 [2] NCCL INFO 2 coll channels, 2 p2p channels, 2 p2p channels per peer
x3110c0s13b0n0:57897:61348 [2] NCCL INFO New proxy send connection 10 from local rank 2, transport 2
x3110c0s13b0n0:57887:61248 [0] NCCL INFO Connection to proxy localRank 0 -> connection 0x1506040670d0
x3110c0s13b0n0:57887:61248 [0] NCCL INFO Channel 01/0 : 0[7000] -> 4[7000] [send] via NET/Socket/0
x3110c0s13b0n0:57887:61342 [0] NCCL INFO transport/net.cc:571 Cuda Host Alloc Size 9641984 pointer 0x1505f2c00000
x3110c0s13b0n0:57893:61345 [1] NCCL INFO New proxy send connection 10 from local rank 1, transport 2
x3110c0s13b0n0:57887:61342 [0] NCCL INFO transport/net.cc:571 Cuda Host Alloc Size 9641984 pointer 0x1505f3600000
x3110c0s13b0n0:57897:61249 [2] NCCL INFO Connection to proxy localRank 2 -> connection 0x148a88000f00
x3110c0s13b0n0:57897:61348 [2] NCCL INFO transport/net.cc:376 Cuda Alloc Size 4194304 pointer 0x148a86c00000
x3110c0s13b0n0:57893:61255 [1] NCCL INFO Connection to proxy localRank 1 -> connection 0x1466bc000f00
x3110c0s13b0n0:57893:61345 [1] NCCL INFO transport/net.cc:376 Cuda Alloc Size 4194304 pointer 0x1466bac00000
x3110c0s13b0n0:57887:61342 [0] NCCL INFO transport/net.cc:698 Cuda Host Alloc Size 9641984 pointer 0x1505ea000000
x3110c0s13b0n0:57887:61342 [0] NCCL INFO transport/net.cc:698 Cuda Host Alloc Size 9641984 pointer 0x1505eaa00000
x3110c0s13b0n0:57887:61248 [0] NCCL INFO Connected all trees by HAO
x3110c0s13b0n0:57887:61248 [0] NCCL INFO Latency/AlgBw |    Tree/    LL |    Tree/ LL128 |    Tree/Simple |    Ring/    LL |    Ring/ LL128 |    Ring/Simple | CollNetDirect/    LL | CollNetDirect/ LL128 | CollNetDirect/Simple | CollNetChain/    LL | CollNetChain/ LL128 | CollNetChain/Simple |
x3110c0s13b0n0:57887:61248 [0] NCCL INFO  Max NThreads |            512 |            640 |            512 |            512 |            640 |            512 |              0 |              0 |            512 |              0 |              0 |            512 |
x3110c0s13b0n0:57887:61248 [0] NCCL INFO     Broadcast |     0.0/   0.0 |     0.0/   0.0 |     0.0/   0.0 |     6.3/   6.0 |    14.0/   0.0 |    18.0/  24.0 |     0.0/   0.0 |     0.0/   0.0 |     0.0/   0.0 |     0.0/   0.0 |     0.0/   0.0 |     0.0/   0.0 |
x3110c0s13b0n0:57887:61248 [0] NCCL INFO        Reduce |     0.0/   0.0 |     0.0/   0.0 |     0.0/   0.0 |     6.3/   6.0 |    14.0/   0.0 |    18.0/  24.0 |     0.0/   0.0 |     0.0/   0.0 |     0.0/   0.0 |     0.0/   0.0 |     0.0/   0.0 |     0.0/   0.0 |
x3110c0s13b0n0:57887:61248 [0] NCCL INFO     AllGather |     0.0/   0.0 |     0.0/   0.0 |     0.0/   0.0 |    11.4/   6.9 |    25.4/   0.0 |    38.4/  27.4 |     0.0/   0.0 |     0.0/   0.0 |     0.0/   0.0 |     0.0/   0.0 |     0.0/   0.0 |     0.0/   0.0 |
x3110c0s13b0n0:57887:61248 [0] NCCL INFO ReduceScatter |     0.0/   0.0 |     0.0/   0.0 |     0.0/   0.0 |    11.4/   6.9 |    25.4/   0.0 |    38.4/  27.4 |     0.0/   0.0 |     0.0/   0.0 |     0.0/   0.0 |     0.0/   0.0 |     0.0/   0.0 |     0.0/   0.0 |
x3110c0s13b0n0:57887:61248 [0] NCCL INFO     AllReduce |    20.0/   3.1 |    28.9/   0.0 |   224.0/  11.8 |    22.9/   3.4 |    45.0/   0.0 |    80.8/  13.7 |     7.4/   0.0 |     7.4/   0.0 |    29.7/   0.0 |     4.4/   0.0 |     4.4/   0.0 |    48.0/   0.0 |
x3110c0s13b0n0:57887:61248 [0] NCCL INFO threadThresholds 8/8/64 | 64/8/64 | 512 | 512
x3110c0s13b0n0:57887:61248 [0] NCCL INFO 2 coll channels, 2 p2p channels, 2 p2p channels per peer
x3110c0s13b0n0:57887:61342 [0] NCCL INFO New proxy send connection 10 from local rank 0, transport 2
x3110c0s13b0n0:57887:61248 [0] NCCL INFO Connection to proxy localRank 0 -> connection 0x150604067110
x3110c0s13b0n0:57887:61248 [0] NCCL INFO init.cc:367 Cuda Alloc Size 5168 pointer 0x15068e015200
x3110c0s13b0n0:57897:61249 [2] NCCL INFO init.cc:367 Cuda Alloc Size 5168 pointer 0x148affe12c00
x3110c0s13b0n0:57893:61255 [1] NCCL INFO init.cc:367 Cuda Alloc Size 5168 pointer 0x146733e12c00
x3110c0s13b0n0:57899:61251 [3] NCCL INFO init.cc:367 Cuda Alloc Size 5168 pointer 0x145d7be12c00
x3110c0s13b0n0:57899:61251 [3] NCCL INFO init.cc:392 Cuda Host Alloc Size 33554432 pointer 0x145d0a000000
x3110c0s13b0n0:57899:61251 [3] NCCL INFO init.cc:398 Cuda Host Alloc Size 128 pointer 0x145d7b400a00
x3110c0s13b0n0:57899:61251 [3] NCCL INFO comm 0x564eef1fd610 rank 3 nranks 8 cudaDev 3 busId c7000 - Init COMPLETE
x3110c0s13b0n0:57897:61249 [2] NCCL INFO init.cc:392 Cuda Host Alloc Size 33554432 pointer 0x148a84000000
x3110c0s13b0n0:57897:61249 [2] NCCL INFO init.cc:398 Cuda Host Alloc Size 128 pointer 0x148aff400a00
x3110c0s13b0n0:57897:61249 [2] NCCL INFO comm 0x55938ee65a50 rank 2 nranks 8 cudaDev 2 busId 85000 - Init COMPLETE
x3110c0s13b0n0:57887:61248 [0] NCCL INFO init.cc:392 Cuda Host Alloc Size 33554432 pointer 0x1505e8000000
x3110c0s13b0n0:57887:61248 [0] NCCL INFO init.cc:398 Cuda Host Alloc Size 128 pointer 0x150697600e00
x3110c0s13b0n0:57887:61248 [0] NCCL INFO comm 0x563ad328fbb0 rank 0 nranks 8 cudaDev 0 busId 7000 - Init COMPLETE
x3110c0s13b0n0:57887:61342 [0] NCCL INFO transport/net.cc:376 Cuda Alloc Size 4194304 pointer 0x1505eb400000
x3110c0s13b0n0:57893:61255 [1] NCCL INFO init.cc:392 Cuda Host Alloc Size 33554432 pointer 0x1466b8000000
x3110c0s13b0n0:57893:61255 [1] NCCL INFO init.cc:398 Cuda Host Alloc Size 128 pointer 0x146733400a00
x3110c0s13b0n0:57893:61255 [1] NCCL INFO comm 0x556fc2b91990 rank 1 nranks 8 cudaDev 1 busId 46000 - Init COMPLETE
x3110c0s13b0n0:57893:57893 [1] NCCL INFO AllReduce: opCount 0 sendbuff 0x146779c00400 recvbuff 0x146779c00400 count 1 datatype 4 op 0 root 0 comm 0x556fc2b91990 [nranks=8] stream 0x556fc095cb20
x3110c0s13b0n0:57893:57893 [1] NCCL INFO misc/utils.cc:235 memory stack hunk malloc(65536)
[LYD INFO in ncclLaunchKernel (enqueue.cc)] NCHANNELS is: 2x3110c0s13b0n0:57899:57899 [3] NCCL INFO AllReduce: opCount 0 sendbuff 0x145dbfc00400 recvbuff 0x145dbfc00400 count 1 datatype 4 op 0 root 0 comm 0x564eef1fd610 [nranks=8] stream 0x564eed390fb0
x3110c0s13b0n0:57899:57899 [3] NCCL INFO misc/utils.cc:235 memory stack hunk malloc(65536)
[LYD INFO in ncclLaunchKernel (enqueue.cc)] NCHANNELS is: 2[Hao INFO in ncclAllReduce (all_reduce.cc)] rank 0 ncclAllReduce: count: 1, datatype: ncclInt64, message size: 8 Bytes
x3110c0s13b0n0:57887:57887 [0] NCCL INFO AllReduce: opCount 0 sendbuff 0x1506d7c00400 recvbuff 0x1506d7c00400 count 1 datatype 4 op 0 root 0 comm 0x563ad328fbb0 [nranks=8] stream 0x563ad1ecfe40
x3110c0s13b0n0:57887:57887 [0] NCCL INFO misc/utils.cc:235 memory stack hunk malloc(65536)

[LYD INFO in ncclAllReduce (all_reduce.cc)] rank 0 AllReduce Time: 0.000052000 seconds

[LYD INFO in getAlgoInfo (enqueue.cc)] algorithm a is: 0

[LYD INFO in getAlgoInfo (enqueue.cc)] algorithm a is: 1

[LYD INFO in getAlgoInfo (enqueue.cc)] rank: 0, Duration between Point 1 and Point 2: 0.000018000 seconds

[LYD INFO in getAlgoInfo (enqueue.cc)] rank 0, Duration between Point 2 and Point 3: 0.000000000 seconds
[LYD INFO in getAlgoInfo (enqueue.cc)] out rank: 0
[LYD INFO in getAlgoInfo (enqueue.cc)] out coll: 4
[LYD INFO in getAlgoInfo (enqueue.cc)] out sendbuff address: 0x1506d7c00400
[LYD INFO in getAlgoInfo (enqueue.cc)] out recvbuff address: 0x1506d7c00400
[LYD INFO in getAlgoInfo (enqueue.cc)] out count: 1
[LYD INFO in getAlgoInfo (enqueue.cc)] out datatype: 4
[LYD INFO in getAlgoInfo (enqueue.cc)] out chunkSteps: 4
[LYD INFO in getAlgoInfo (enqueue.cc)] out sliceSteps: 2
[LYD INFO in getAlgoInfo (enqueue.cc)] out algorithm: 0
[LYD INFO in getAlgoInfo (enqueue.cc)] out protocol: 0
[LYD INFO in getAlgoInfo (enqueue.cc)] out nChannels: 1
[LYD INFO in getAlgoInfo (enqueue.cc)] out nThreads: 96
[LYD INFO in getAlgoInfo (enqueue.cc)] out nBytes: 8
[LYD INFO in getAlgoInfo (enqueue.cc)] out nstepsPerLoop: 0
[LYD INFO in getAlgoInfo (enqueue.cc)] out nchunksPerLoop: 0
[LYD INFO in getAlgoInfo (enqueue.cc)] out chunkSize: 0
[LYD INFO in ncclLaunchKernel (enqueue.cc)] NCHANNELS is: 2x3110c0s13b0n0:57897:57897 [2] NCCL INFO AllReduce: opCount 0 sendbuff 0x148b3fc00400 recvbuff 0x148b3fc00400 count 1 datatype 4 op 0 root 0 comm 0x55938ee65a50 [nranks=8] stream 0x55938d141350
x3110c0s13b0n0:57897:57897 [2] NCCL INFO misc/utils.cc:235 memory stack hunk malloc(65536)
[LYD INFO in ncclLaunchKernel (enqueue.cc)] NCHANNELS is: 2
[LYD INFO in NCCL_KERN_NAME (common.h)] 0 AllReduce TREE LL Sum int64_t Elapsed time: 54625 us
 > loading doc-idx mapping from /home/yuke/lyd/Megatron-LM/my-gpt2_text_document_train_indexmap_800ns_512sl_1234s_doc_idx.npy

[LYD INFO in NCCL_KERN_NAME (common.h)] 1 AllReduce TREE LL Sum int64_t Elapsed time: 76353 us
 > loading sample-idx mapping from /home/yuke/lyd/Megatron-LM/my-gpt2_text_document_train_indexmap_800ns_512sl_1234s_sample_idx.npy
 > loading shuffle-idx mapping from /home/yuke/lyd/Megatron-LM/my-gpt2_text_document_train_indexmap_800ns_512sl_1234s_shuffle_idx.npy

[LYD INFO in NCCL_KERN_NAME (common.h)] 2 AllReduce TREE LL Sum int64_t Elapsed time: 40523 us

[LYD INFO in NCCL_KERN_NAME (common.h)] 3 AllReduce TREE LL Sum int64_t Elapsed time: 59063 us
    loaded indexed file in 0.009 seconds
    total number of samples: 40959
    total number of epochs: 1
[Hao INFO in ncclAllReduce (all_reduce.cc)] rank 0 ncclAllReduce: count: 1, datatype: ncclInt64, message size: 8 Bytes
x3110c0s13b0n0:57887:57887 [0] NCCL INFO AllReduce: opCount 0 sendbuff 0x1506d7c00400 recvbuff 0x1506d7c00400 count 1 datatype 4 op 0 root 0 comm 0x563ad349dfd0 [nranks=1] stream 0x563ad1ef5a10

[LYD INFO in ncclAllReduce (all_reduce.cc)] rank 0 AllReduce Time: 0.000047000 seconds
[Hao INFO in ncclAllReduce (all_reduce.cc)] rank 0 ncclAllReduce: count: 1, datatype: ncclInt64, message size: 8 Bytes
x3110c0s13b0n0:57887:57887 [0] NCCL INFO AllReduce: opCount 1 sendbuff 0x1506d7c00400 recvbuff 0x1506d7c00400 count 1 datatype 4 op 0 root 0 comm 0x563ad328fbb0 [nranks=8] stream 0x563ad1ecfe40

[LYD INFO in ncclAllReduce (all_reduce.cc)] rank 0 AllReduce Time: 0.000032000 seconds

[LYD INFO in getAlgoInfo (enqueue.cc)] algorithm a is: 0

[LYD INFO in getAlgoInfo (enqueue.cc)] algorithm a is: 1

[LYD INFO in getAlgoInfo (enqueue.cc)] rank: 0, Duration between Point 1 and Point 2: 0.000017000 seconds

[LYD INFO in getAlgoInfo (enqueue.cc)] rank 0, Duration between Point 2 and Point 3: 0.000001000 seconds
[LYD INFO in getAlgoInfo (enqueue.cc)] out rank: 0
[LYD INFO in getAlgoInfo (enqueue.cc)] out coll: 4
[LYD INFO in getAlgoInfo (enqueue.cc)] out sendbuff address: 0x1506d7c00400
[LYD INFO in getAlgoInfo (enqueue.cc)] out recvbuff address: 0x1506d7c00400
[LYD INFO in getAlgoInfo (enqueue.cc)] out count: 1
[LYD INFO in getAlgoInfo (enqueue.cc)] out datatype: 4
[LYD INFO in getAlgoInfo (enqueue.cc)] out chunkSteps: 4
[LYD INFO in getAlgoInfo (enqueue.cc)] out sliceSteps: 2
[LYD INFO in getAlgoInfo (enqueue.cc)] out algorithm: 0
[LYD INFO in getAlgoInfo (enqueue.cc)] out protocol: 0
[LYD INFO in getAlgoInfo (enqueue.cc)] out nChannels: 1
[LYD INFO in getAlgoInfo (enqueue.cc)] out nThreads: 96
[LYD INFO in getAlgoInfo (enqueue.cc)] out nBytes: 8
[LYD INFO in getAlgoInfo (enqueue.cc)] out nstepsPerLoop: 0
[LYD INFO in getAlgoInfo (enqueue.cc)] out nchunksPerLoop: 0
[LYD INFO in getAlgoInfo (enqueue.cc)] out chunkSize: 0
[LYD INFO in ncclLaunchKernel (enqueue.cc)] NCHANNELS is: 2[Hao INFO in ncclAllReduce (all_reduce.cc)] rank 2 ncclAllReduce: count: 1, datatype: ncclInt64, message size: 8 Bytes
x3110c0s13b0n0:57897:57897 [2] NCCL INFO AllReduce: opCount 0 sendbuff 0x148b3fc00400 recvbuff 0x148b3fc00400 count 1 datatype 4 op 0 root 0 comm 0x5593902e93c0 [nranks=1] stream 0x55938d141290

[LYD INFO in ncclAllReduce (all_reduce.cc)] rank 0 AllReduce Time: 0.000039000 seconds
x3110c0s13b0n0:57897:57897 [2] NCCL INFO AllReduce: opCount 1 sendbuff 0x148b3fc00400 recvbuff 0x148b3fc00400 count 1 datatype 4 op 0 root 0 comm 0x55938ee65a50 [nranks=8] stream 0x55938d141350
[LYD INFO in ncclLaunchKernel (enqueue.cc)] NCHANNELS is: 2[Hao INFO in ncclAllReduce (all_reduce.cc)] rank 3 ncclAllReduce: count: 1, datatype: ncclInt64, message size: 8 Bytes
x3110c0s13b0n0:57899:57899 [3] NCCL INFO AllReduce: opCount 0 sendbuff 0x145dbfc00400 recvbuff 0x145dbfc00400 count 1 datatype 4 op 0 root 0 comm 0x564eef23c400 [nranks=1] stream 0x564eed36f830

[LYD INFO in ncclAllReduce (all_reduce.cc)] rank 0 AllReduce Time: 0.000039000 seconds
x3110c0s13b0n0:57899:57899 [3] NCCL INFO AllReduce: opCount 1 sendbuff 0x145dbfc00400 recvbuff 0x145dbfc00400 count 1 datatype 4 op 0 root 0 comm 0x564eef1fd610 [nranks=8] stream 0x564eed390fb0
[LYD INFO in ncclLaunchKernel (enqueue.cc)] NCHANNELS is: 2[Hao INFO in ncclAllReduce (all_reduce.cc)] rank 1 ncclAllReduce: count: 1, datatype: ncclInt64, message size: 8 Bytes
x3110c0s13b0n0:57893:57893 [1] NCCL INFO AllReduce: opCount 0 sendbuff 0x146779c00400 recvbuff 0x146779c00400 count 1 datatype 4 op 0 root 0 comm 0x556fc2aa9af0 [nranks=1] stream 0x556fc095c9e0

[LYD INFO in ncclAllReduce (all_reduce.cc)] rank 0 AllReduce Time: 0.000040000 seconds
x3110c0s13b0n0:57893:57893 [1] NCCL INFO AllReduce: opCount 1 sendbuff 0x146779c00400 recvbuff 0x146779c00400 count 1 datatype 4 op 0 root 0 comm 0x556fc2b91990 [nranks=8] stream 0x556fc095cb20
[LYD INFO in ncclLaunchKernel (enqueue.cc)] NCHANNELS is: 2
[LYD INFO in NCCL_KERN_NAME (common.h)] 0 AllReduce TREE LL Sum int64_t Elapsed time: 29802 us
 > loading doc-idx mapping from /home/yuke/lyd/Megatron-LM/my-gpt2_text_document_valid_indexmap_88ns_512sl_1234s_doc_idx.npy

[LYD INFO in NCCL_KERN_NAME (common.h)] 3 AllReduce TREE LL Sum int64_t Elapsed time: 19007 us

[LYD INFO in NCCL_KERN_NAME (common.h)] 1 AllReduce TREE LL Sum int64_t Elapsed time: 14810 us

[LYD INFO in NCCL_KERN_NAME (common.h)] 2 AllReduce TREE LL Sum int64_t Elapsed time: 26713 us
[Hao INFO in ncclAllReduce (all_reduce.cc)] rank 3 ncclAllReduce: count: 1, datatype: ncclInt64, message size: 8 Bytes
x3110c0s13b0n0:57899:57899 [3] NCCL INFO AllReduce: opCount 0 sendbuff 0x145dbfc00400 recvbuff 0x145dbfc00400 count 1 datatype 4 op 0 root 0 comm 0x564eef23c400 [nranks=1] stream 0x564eed36f830

[LYD INFO in ncclAllReduce (all_reduce.cc)] rank 0 AllReduce Time: 0.000038000 seconds
x3110c0s13b0n0:57899:57899 [3] NCCL INFO AllReduce: opCount 2 sendbuff 0x145dbfc00400 recvbuff 0x145dbfc00400 count 1 datatype 4 op 0 root 0 comm 0x564eef1fd610 [nranks=8] stream 0x564eed390fb0
[LYD INFO in ncclLaunchKernel (enqueue.cc)] NCHANNELS is: 2 > loading sample-idx mapping from /home/yuke/lyd/Megatron-LM/my-gpt2_text_document_valid_indexmap_88ns_512sl_1234s_sample_idx.npy
 > loading shuffle-idx mapping from /home/yuke/lyd/Megatron-LM/my-gpt2_text_document_valid_indexmap_88ns_512sl_1234s_shuffle_idx.npy
    loaded indexed file in 0.018 seconds
    total number of samples: 1406
    total number of epochs: 1
[Hao INFO in ncclAllReduce (all_reduce.cc)] rank 0 ncclAllReduce: count: 1, datatype: ncclInt64, message size: 8 Bytes
x3110c0s13b0n0:57887:57887 [0] NCCL INFO AllReduce: opCount 0 sendbuff 0x1506d7c00400 recvbuff 0x1506d7c00400 count 1 datatype 4 op 0 root 0 comm 0x563ad349dfd0 [nranks=1] stream 0x563ad1ef5a10

[LYD INFO in ncclAllReduce (all_reduce.cc)] rank 0 AllReduce Time: 0.000035000 seconds
[Hao INFO in ncclAllReduce (all_reduce.cc)] rank 0 ncclAllReduce: count: 1, datatype: ncclInt64, message size: 8 Bytes
x3110c0s13b0n0:57887:57887 [0] NCCL INFO AllReduce: opCount 2 sendbuff 0x1506d7c00400 recvbuff 0x1506d7c00400 count 1 datatype 4 op 0 root 0 comm 0x563ad328fbb0 [nranks=8] stream 0x563ad1ecfe40

[LYD INFO in ncclAllReduce (all_reduce.cc)] rank 0 AllReduce Time: 0.000029000 seconds

[LYD INFO in getAlgoInfo (enqueue.cc)] algorithm a is: 0

[LYD INFO in getAlgoInfo (enqueue.cc)] algorithm a is: 1

[LYD INFO in getAlgoInfo (enqueue.cc)] rank: 0, Duration between Point 1 and Point 2: 0.000017000 seconds

[LYD INFO in getAlgoInfo (enqueue.cc)] rank 0, Duration between Point 2 and Point 3: 0.000001000 seconds
[LYD INFO in getAlgoInfo (enqueue.cc)] out rank: 0
[LYD INFO in getAlgoInfo (enqueue.cc)] out coll: 4
[LYD INFO in getAlgoInfo (enqueue.cc)] out sendbuff address: 0x1506d7c00400
[LYD INFO in getAlgoInfo (enqueue.cc)] out recvbuff address: 0x1506d7c00400
[LYD INFO in getAlgoInfo (enqueue.cc)] out count: 1
[LYD INFO in getAlgoInfo (enqueue.cc)] out datatype: 4
[LYD INFO in getAlgoInfo (enqueue.cc)] out chunkSteps: 4
[LYD INFO in getAlgoInfo (enqueue.cc)] out sliceSteps: 2
[LYD INFO in getAlgoInfo (enqueue.cc)] out algorithm: 0
[LYD INFO in getAlgoInfo (enqueue.cc)] out protocol: 0
[LYD INFO in getAlgoInfo (enqueue.cc)] out nChannels: 1
[LYD INFO in getAlgoInfo (enqueue.cc)] out nThreads: 96
[LYD INFO in getAlgoInfo (enqueue.cc)] out nBytes: 8
[LYD INFO in getAlgoInfo (enqueue.cc)] out nstepsPerLoop: 0
[LYD INFO in getAlgoInfo (enqueue.cc)] out nchunksPerLoop: 0
[LYD INFO in getAlgoInfo (enqueue.cc)] out chunkSize: 0
[LYD INFO in ncclLaunchKernel (enqueue.cc)] NCHANNELS is: 2[Hao INFO in ncclAllReduce (all_reduce.cc)] rank 1 ncclAllReduce: count: 1, datatype: ncclInt64, message size: 8 Bytes
x3110c0s13b0n0:57893:57893 [1] NCCL INFO AllReduce: opCount 0 sendbuff 0x146779c00400 recvbuff 0x146779c00400 count 1 datatype 4 op 0 root 0 comm 0x556fc2aa9af0 [nranks=1] stream 0x556fc095c9e0

[LYD INFO in ncclAllReduce (all_reduce.cc)] rank 0 AllReduce Time: 0.000037000 seconds
x3110c0s13b0n0:57893:57893 [1] NCCL INFO AllReduce: opCount 2 sendbuff 0x146779c00400 recvbuff 0x146779c00400 count 1 datatype 4 op 0 root 0 comm 0x556fc2b91990 [nranks=8] stream 0x556fc095cb20
[LYD INFO in ncclLaunchKernel (enqueue.cc)] NCHANNELS is: 2[Hao INFO in ncclAllReduce (all_reduce.cc)] rank 2 ncclAllReduce: count: 1, datatype: ncclInt64, message size: 8 Bytes
x3110c0s13b0n0:57897:57897 [2] NCCL INFO AllReduce: opCount 0 sendbuff 0x148b3fc00400 recvbuff 0x148b3fc00400 count 1 datatype 4 op 0 root 0 comm 0x5593902e93c0 [nranks=1] stream 0x55938d141290

[LYD INFO in ncclAllReduce (all_reduce.cc)] rank 0 AllReduce Time: 0.000037000 seconds
x3110c0s13b0n0:57897:57897 [2] NCCL INFO AllReduce: opCount 2 sendbuff 0x148b3fc00400 recvbuff 0x148b3fc00400 count 1 datatype 4 op 0 root 0 comm 0x55938ee65a50 [nranks=8] stream 0x55938d141350
[LYD INFO in ncclLaunchKernel (enqueue.cc)] NCHANNELS is: 2
[LYD INFO in NCCL_KERN_NAME (common.h)] 1 AllReduce TREE LL Sum int64_t Elapsed time: 23648 us

[LYD INFO in NCCL_KERN_NAME (common.h)] 3 AllReduce TREE LL Sum int64_t Elapsed time: 36855 us

[LYD INFO in NCCL_KERN_NAME (common.h)] 2 AllReduce TREE LL Sum int64_t Elapsed time: 17342 us

[LYD INFO in NCCL_KERN_NAME (common.h)] 0 AllReduce TREE LL Sum int64_t Elapsed time: 26454 us
 > loading doc-idx mapping from /home/yuke/lyd/Megatron-LM/my-gpt2_text_document_test_indexmap_8ns_512sl_1234s_doc_idx.npy
x3110c0s13b0n0:57893:57893 [1] NCCL INFO init.cc:1147 Cuda Host Alloc Size 4 pointer 0x146733400c00
x3110c0s13b0n0:57899:57899 [3] NCCL INFO init.cc:1147 Cuda Host Alloc Size 4 pointer 0x145d7b400c00
 > loading sample-idx mapping from /home/yuke/lyd/Megatron-LM/my-gpt2_text_document_test_indexmap_8ns_512sl_1234s_sample_idx.npy
 > loading shuffle-idx mapping from /home/yuke/lyd/Megatron-LM/my-gpt2_text_document_test_indexmap_8ns_512sl_1234s_shuffle_idx.npy
    loaded indexed file in 0.029 seconds
    total number of samples: 24
    total number of epochs: 1
> finished creating GPT datasets ...
x3110c0s13b0n0:57887:57887 [0] NCCL INFO init.cc:1147 Cuda Host Alloc Size 4 pointer 0x150697601000
x3110c0s13b0n0:57897:57897 [2] NCCL INFO init.cc:1147 Cuda Host Alloc Size 4 pointer 0x148aff400c00
x3110c0s13b0n0:57893:61491 [1] NCCL INFO Using network Socket
x3110c0s13b0n0:57899:61493 [3] NCCL INFO Using network Socket
x3110c0s13b0n0:57897:61497 [2] NCCL INFO Using network Socket
x3110c0s13b0n0:57887:61495 [0] NCCL INFO Using network Socket
x3110c0s13b0n0:57893:61491 [1] NCCL INFO NET/Socket : GPU Direct RDMA Disabled for HCA 0 'hsn0'
x3110c0s13b0n0:57893:61491 [1] NCCL INFO === System : maxBw 5000.0 totalBw 0.0 ===
x3110c0s13b0n0:57893:61491 [1] NCCL INFO CPU/2 (1/2/-1)
x3110c0s13b0n0:57893:61491 [1] NCCL INFO + PCI[24.0] - PCI/44000 (11f8406811f8beef)
x3110c0s13b0n0:57893:61491 [1] NCCL INFO               + PCI[24.0] - GPU/46000 (0)
x3110c0s13b0n0:57893:61491 [1] NCCL INFO + PCI[24.0] - NIC/43000
x3110c0s13b0n0:57893:61491 [1] NCCL INFO ==========================================
x3110c0s13b0n0:57893:61491 [1] NCCL INFO GPU/46000 :GPU/46000 (0/5000.000000/LOC) CPU/2 (2/24.000000/PHB) 
x3110c0s13b0n0:57893:61491 [1] NCCL INFO Pattern 4, crossNic 0, nChannels 16, bw 44.000000/44.000000, type LOC/PIX, sameChannels 1
x3110c0s13b0n0:57893:61491 [1] NCCL INFO  0 : GPU/0
x3110c0s13b0n0:57893:61491 [1] NCCL INFO  1 : GPU/0
x3110c0s13b0n0:57893:61491 [1] NCCL INFO  2 : GPU/0
x3110c0s13b0n0:57893:61491 [1] NCCL INFO  3 : GPU/0
x3110c0s13b0n0:57893:61491 [1] NCCL INFO  4 : GPU/0
x3110c0s13b0n0:57893:61491 [1] NCCL INFO  5 : GPU/0
x3110c0s13b0n0:57893:61491 [1] NCCL INFO  6 : GPU/0
x3110c0s13b0n0:57893:61491 [1] NCCL INFO  7 : GPU/0
x3110c0s13b0n0:57893:61491 [1] NCCL INFO  8 : GPU/0
x3110c0s13b0n0:57893:61491 [1] NCCL INFO  9 : GPU/0
x3110c0s13b0n0:57893:61491 [1] NCCL INFO 10 : GPU/0
x3110c0s13b0n0:57893:61491 [1] NCCL INFO 11 : GPU/0
x3110c0s13b0n0:57893:61491 [1] NCCL INFO 12 : GPU/0
x3110c0s13b0n0:57893:61491 [1] NCCL INFO 13 : GPU/0
x3110c0s13b0n0:57893:61491 [1] NCCL INFO 14 : GPU/0
x3110c0s13b0n0:57893:61491 [1] NCCL INFO 15 : GPU/0
x3110c0s13b0n0:57893:61491 [1] NCCL INFO Pattern 3, crossNic 0, nChannels 16, bw 44.000000/44.000000, type LOC/PIX, sameChannels 1
x3110c0s13b0n0:57893:61491 [1] NCCL INFO  0 : GPU/0
x3110c0s13b0n0:57893:61491 [1] NCCL INFO  1 : GPU/0
x3110c0s13b0n0:57893:61491 [1] NCCL INFO  2 : GPU/0
x3110c0s13b0n0:57893:61491 [1] NCCL INFO  3 : GPU/0
x3110c0s13b0n0:57893:61491 [1] NCCL INFO  4 : GPU/0
x3110c0s13b0n0:57893:61491 [1] NCCL INFO  5 : GPU/0
x3110c0s13b0n0:57893:61491 [1] NCCL INFO  6 : GPU/0
x3110c0s13b0n0:57893:61491 [1] NCCL INFO  7 : GPU/0
x3110c0s13b0n0:57893:61491 [1] NCCL INFO  8 : GPU/0
x3110c0s13b0n0:57893:61491 [1] NCCL INFO  9 : GPU/0
x3110c0s13b0n0:57893:61491 [1] NCCL INFO 10 : GPU/0
x3110c0s13b0n0:57893:61491 [1] NCCL INFO 11 : GPU/0
x3110c0s13b0n0:57893:61491 [1] NCCL INFO 12 : GPU/0
x3110c0s13b0n0:57893:61491 [1] NCCL INFO 13 : GPU/0
x3110c0s13b0n0:57893:61491 [1] NCCL INFO 14 : GPU/0
x3110c0s13b0n0:57893:61491 [1] NCCL INFO 15 : GPU/0
x3110c0s13b0n0:57893:61491 [1] NCCL INFO Pattern 3, crossNic 0, nChannels 16, bw 44.000000/44.000000, type LOC/PIX, sameChannels 1
x3110c0s13b0n0:57893:61491 [1] NCCL INFO  0 : GPU/0
x3110c0s13b0n0:57893:61491 [1] NCCL INFO  1 : GPU/0
x3110c0s13b0n0:57893:61491 [1] NCCL INFO  2 : GPU/0
x3110c0s13b0n0:57893:61491 [1] NCCL INFO  3 : GPU/0
x3110c0s13b0n0:57893:61491 [1] NCCL INFO  4 : GPU/0
x3110c0s13b0n0:57893:61491 [1] NCCL INFO  5 : GPU/0
x3110c0s13b0n0:57893:61491 [1] NCCL INFO  6 : GPU/0
x3110c0s13b0n0:57893:61491 [1] NCCL INFO  7 : GPU/0
x3110c0s13b0n0:57893:61491 [1] NCCL INFO  8 : GPU/0
x3110c0s13b0n0:57893:61491 [1] NCCL INFO  9 : GPU/0
x3110c0s13b0n0:57893:61491 [1] NCCL INFO 10 : GPU/0
x3110c0s13b0n0:57893:61491 [1] NCCL INFO 11 : GPU/0
x3110c0s13b0n0:57893:61491 [1] NCCL INFO 12 : GPU/0
x3110c0s13b0n0:57893:61491 [1] NCCL INFO 13 : GPU/0
x3110c0s13b0n0:57893:61491 [1] NCCL INFO 14 : GPU/0
x3110c0s13b0n0:57893:61491 [1] NCCL INFO 15 : GPU/0
x3110c0s13b0n0:57893:61491 [1] NCCL INFO Tree 0 : -1 -> 0 -> -1/-1/-1
x3110c0s13b0n0:57893:61491 [1] NCCL INFO Tree 16 : -1 -> 0 -> -1/-1/-1
x3110c0s13b0n0:57893:61491 [1] NCCL INFO Tree 1 : -1 -> 0 -> -1/-1/-1
x3110c0s13b0n0:57893:61491 [1] NCCL INFO Tree 17 : -1 -> 0 -> -1/-1/-1
x3110c0s13b0n0:57893:61491 [1] NCCL INFO Tree 2 : -1 -> 0 -> -1/-1/-1
x3110c0s13b0n0:57893:61491 [1] NCCL INFO Tree 18 : -1 -> 0 -> -1/-1/-1
x3110c0s13b0n0:57893:61491 [1] NCCL INFO Tree 3 : -1 -> 0 -> -1/-1/-1
x3110c0s13b0n0:57893:61491 [1] NCCL INFO Tree 19 : -1 -> 0 -> -1/-1/-1
x3110c0s13b0n0:57893:61491 [1] NCCL INFO Tree 4 : -1 -> 0 -> -1/-1/-1
x3110c0s13b0n0:57893:61491 [1] NCCL INFO Tree 20 : -1 -> 0 -> -1/-1/-1
x3110c0s13b0n0:57893:61491 [1] NCCL INFO Tree 5 : -1 -> 0 -> -1/-1/-1
x3110c0s13b0n0:57893:61491 [1] NCCL INFO Tree 21 : -1 -> 0 -> -1/-1/-1
x3110c0s13b0n0:57893:61491 [1] NCCL INFO Tree 6 : -1 -> 0 -> -1/-1/-1
x3110c0s13b0n0:57893:61491 [1] NCCL INFO Tree 22 : -1 -> 0 -> -1/-1/-1
x3110c0s13b0n0:57893:61491 [1] NCCL INFO Tree 7 : -1 -> 0 -> -1/-1/-1
x3110c0s13b0n0:57893:61491 [1] NCCL INFO Tree 23 : -1 -> 0 -> -1/-1/-1
x3110c0s13b0n0:57893:61491 [1] NCCL INFO Tree 8 : -1 -> 0 -> -1/-1/-1
x3110c0s13b0n0:57893:61491 [1] NCCL INFO Tree 24 : -1 -> 0 -> -1/-1/-1
x3110c0s13b0n0:57893:61491 [1] NCCL INFO Tree 9 : -1 -> 0 -> -1/-1/-1
x3110c0s13b0n0:57893:61491 [1] NCCL INFO Tree 25 : -1 -> 0 -> -1/-1/-1
x3110c0s13b0n0:57893:61491 [1] NCCL INFO Tree 10 : -1 -> 0 -> -1/-1/-1
x3110c0s13b0n0:57893:61491 [1] NCCL INFO Tree 26 : -1 -> 0 -> -1/-1/-1
x3110c0s13b0n0:57893:61491 [1] NCCL INFO Tree 11 : -1 -> 0 -> -1/-1/-1
x3110c0s13b0n0:57893:61491 [1] NCCL INFO Tree 27 : -1 -> 0 -> -1/-1/-1
x3110c0s13b0n0:57893:61491 [1] NCCL INFO Tree 12 : -1 -> 0 -> -1/-1/-1
x3110c0s13b0n0:57893:61491 [1] NCCL INFO Tree 28 : -1 -> 0 -> -1/-1/-1
x3110c0s13b0n0:57893:61491 [1] NCCL INFO Tree 13 : -1 -> 0 -> -1/-1/-1
x3110c0s13b0n0:57893:61491 [1] NCCL INFO Tree 29 : -1 -> 0 -> -1/-1/-1
x3110c0s13b0n0:57893:61491 [1] NCCL INFO Tree 14 : -1 -> 0 -> -1/-1/-1
x3110c0s13b0n0:57893:61491 [1] NCCL INFO Tree 30 : -1 -> 0 -> -1/-1/-1
x3110c0s13b0n0:57893:61491 [1] NCCL INFO Tree 15 : -1 -> 0 -> -1/-1/-1
x3110c0s13b0n0:57893:61491 [1] NCCL INFO Tree 31 : -1 -> 0 -> -1/-1/-1
x3110c0s13b0n0:57893:61491 [1] NCCL INFO Channel 00/32 :    0
x3110c0s13b0n0:57893:61491 [1] NCCL INFO Channel 01/32 :    0
x3110c0s13b0n0:57893:61491 [1] NCCL INFO Channel 02/32 :    0
x3110c0s13b0n0:57893:61491 [1] NCCL INFO Channel 03/32 :    0
x3110c0s13b0n0:57893:61491 [1] NCCL INFO Channel 04/32 :    0
x3110c0s13b0n0:57893:61491 [1] NCCL INFO Channel 05/32 :    0
x3110c0s13b0n0:57893:61491 [1] NCCL INFO Channel 06/32 :    0
x3110c0s13b0n0:57893:61491 [1] NCCL INFO Channel 07/32 :    0
x3110c0s13b0n0:57893:61491 [1] NCCL INFO Channel 08/32 :    0
x3110c0s13b0n0:57893:61491 [1] NCCL INFO Channel 09/32 :    0
x3110c0s13b0n0:57893:61491 [1] NCCL INFO Channel 10/32 :    0
x3110c0s13b0n0:57893:61491 [1] NCCL INFO Channel 11/32 :    0
x3110c0s13b0n0:57893:61491 [1] NCCL INFO Channel 12/32 :    0
x3110c0s13b0n0:57893:61491 [1] NCCL INFO Channel 13/32 :    0
x3110c0s13b0n0:57893:61491 [1] NCCL INFO Channel 14/32 :    0
x3110c0s13b0n0:57893:61491 [1] NCCL INFO Channel 15/32 :    0
x3110c0s13b0n0:57893:61491 [1] NCCL INFO Channel 16/32 :    0
x3110c0s13b0n0:57893:61491 [1] NCCL INFO Channel 17/32 :    0
x3110c0s13b0n0:57893:61491 [1] NCCL INFO Channel 18/32 :    0
x3110c0s13b0n0:57893:61491 [1] NCCL INFO Channel 19/32 :    0
x3110c0s13b0n0:57893:61491 [1] NCCL INFO Channel 20/32 :    0
x3110c0s13b0n0:57893:61491 [1] NCCL INFO Channel 21/32 :    0
x3110c0s13b0n0:57893:61491 [1] NCCL INFO Channel 22/32 :    0
x3110c0s13b0n0:57893:61491 [1] NCCL INFO Channel 23/32 :    0
x3110c0s13b0n0:57893:61491 [1] NCCL INFO Channel 24/32 :    0
x3110c0s13b0n0:57893:61491 [1] NCCL INFO Channel 25/32 :    0
x3110c0s13b0n0:57893:61491 [1] NCCL INFO Channel 26/32 :    0
x3110c0s13b0n0:57893:61491 [1] NCCL INFO Channel 27/32 :    0
x3110c0s13b0n0:57893:61491 [1] NCCL INFO Channel 28/32 :    0
x3110c0s13b0n0:57893:61491 [1] NCCL INFO Channel 29/32 :    0
x3110c0s13b0n0:57893:61491 [1] NCCL INFO Channel 30/32 :    0
x3110c0s13b0n0:57893:61491 [1] NCCL INFO Channel 31/32 :    0
x3110c0s13b0n0:57893:61491 [1] NCCL INFO Ring 00 : 0 -> 0 -> 0
x3110c0s13b0n0:57893:61491 [1] NCCL INFO Ring 01 : 0 -> 0 -> 0
x3110c0s13b0n0:57893:61491 [1] NCCL INFO Ring 02 : 0 -> 0 -> 0
x3110c0s13b0n0:57893:61491 [1] NCCL INFO Ring 03 : 0 -> 0 -> 0
x3110c0s13b0n0:57893:61491 [1] NCCL INFO Ring 04 : 0 -> 0 -> 0
x3110c0s13b0n0:57893:61491 [1] NCCL INFO Ring 05 : 0 -> 0 -> 0
x3110c0s13b0n0:57893:61491 [1] NCCL INFO Ring 06 : 0 -> 0 -> 0
x3110c0s13b0n0:57893:61491 [1] NCCL INFO Ring 07 : 0 -> 0 -> 0
x3110c0s13b0n0:57893:61491 [1] NCCL INFO Ring 08 : 0 -> 0 -> 0
x3110c0s13b0n0:57893:61491 [1] NCCL INFO Ring 09 : 0 -> 0 -> 0
x3110c0s13b0n0:57893:61491 [1] NCCL INFO Ring 10 : 0 -> 0 -> 0
x3110c0s13b0n0:57893:61491 [1] NCCL INFO Ring 11 : 0 -> 0 -> 0
x3110c0s13b0n0:57893:61491 [1] NCCL INFO Ring 12 : 0 -> 0 -> 0
x3110c0s13b0n0:57893:61491 [1] NCCL INFO Ring 13 : 0 -> 0 -> 0
x3110c0s13b0n0:57893:61491 [1] NCCL INFO Ring 14 : 0 -> 0 -> 0
x3110c0s13b0n0:57893:61491 [1] NCCL INFO Ring 15 : 0 -> 0 -> 0
x3110c0s13b0n0:57893:61491 [1] NCCL INFO Ring 16 : 0 -> 0 -> 0
x3110c0s13b0n0:57893:61491 [1] NCCL INFO Ring 17 : 0 -> 0 -> 0
x3110c0s13b0n0:57893:61491 [1] NCCL INFO Ring 18 : 0 -> 0 -> 0
x3110c0s13b0n0:57893:61491 [1] NCCL INFO Ring 19 : 0 -> 0 -> 0
x3110c0s13b0n0:57893:61491 [1] NCCL INFO Ring 20 : 0 -> 0 -> 0
x3110c0s13b0n0:57893:61491 [1] NCCL INFO Ring 21 : 0 -> 0 -> 0
x3110c0s13b0n0:57893:61491 [1] NCCL INFO Ring 22 : 0 -> 0 -> 0
x3110c0s13b0n0:57893:61491 [1] NCCL INFO Ring 23 : 0 -> 0 -> 0
x3110c0s13b0n0:57893:61491 [1] NCCL INFO Ring 24 : 0 -> 0 -> 0
x3110c0s13b0n0:57893:61491 [1] NCCL INFO Ring 25 : 0 -> 0 -> 0
x3110c0s13b0n0:57893:61491 [1] NCCL INFO Ring 26 : 0 -> 0 -> 0
x3110c0s13b0n0:57893:61491 [1] NCCL INFO Ring 27 : 0 -> 0 -> 0
x3110c0s13b0n0:57893:61491 [1] NCCL INFO Ring 28 : 0 -> 0 -> 0
x3110c0s13b0n0:57893:61491 [1] NCCL INFO Ring 29 : 0 -> 0 -> 0
x3110c0s13b0n0:57893:61491 [1] NCCL INFO Ring 30 : 0 -> 0 -> 0
x3110c0s13b0n0:57893:61491 [1] NCCL INFO Ring 31 : 0 -> 0 -> 0
x3110c0s13b0n0:57893:61491 [1] NCCL INFO Trees [0] -1/-1/-1->0->-1 [1] -1/-1/-1->0->-1 [2] -1/-1/-1->0->-1 [3] -1/-1/-1->0->-1 [4] -1/-1/-1->0->-1 [5] -1/-1/-1->0->-1 [6] -1/-1/-1->0->-1 [7] -1/-1/-1->0->-1 [8] -1/-1/-1->0->-1 [9] -1/-1/-1->0->-1 [10] -1/-1/-1->0->-1 [11] -1/-1/-1->0->-1 [12] -1/-1/-1->0->-1 [13] -1/-1/-1->0->-1 [14] -1/-1/-1->0->-1 [15] -1/-1/-1->0->-1 [16] -1/-1/-1->0->-1 [17] -1/-1/-1->0->-1 [18] -1/-1/-1->0->-1 [19] -1/-1/-1->0->-1 [20] -1/-1/-1->0->-1 [21] -1/-1/-1->0->-1 [22] -1/-1/-1->0->-1 [23] -1/-1/-1->0->-1 [24] -1/-1/-1->0->-1 [25] -1/-1/-1->0->-1 [26] -1/-1/-1->0->-1 [27] -1/-1/-1->0->-1 [28] -1/-1/-1->0->-1 [29] -1/-1/-1->0->-1 [30] -1/-1/-1->0->-1 [31] -1/-1/-1->0->-1
x3110c0s13b0n0:57893:61491 [1] NCCL INFO misc/utils.cc:235 memory stack hunk malloc(65536)
x3110c0s13b0n0:57893:61491 [1] NCCL INFO channel.cc:23 Cuda Alloc Size 768 pointer 0x146733e14200
x3110c0s13b0n0:57893:61491 [1] NCCL INFO channel.cc:27 Cuda Alloc Size 4 pointer 0x146733e14600
x3110c0s13b0n0:57893:61491 [1] NCCL INFO channel.cc:23 Cuda Alloc Size 768 pointer 0x146733e14800
x3110c0s13b0n0:57893:61491 [1] NCCL INFO channel.cc:27 Cuda Alloc Size 4 pointer 0x146733e14c00
x3110c0s13b0n0:57893:61491 [1] NCCL INFO channel.cc:23 Cuda Alloc Size 768 pointer 0x146733e14e00
x3110c0s13b0n0:57893:61491 [1] NCCL INFO channel.cc:27 Cuda Alloc Size 4 pointer 0x146733e15200
x3110c0s13b0n0:57893:61491 [1] NCCL INFO channel.cc:23 Cuda Alloc Size 768 pointer 0x146733e15400
x3110c0s13b0n0:57893:61491 [1] NCCL INFO channel.cc:27 Cuda Alloc Size 4 pointer 0x146733e15800
x3110c0s13b0n0:57893:61491 [1] NCCL INFO channel.cc:23 Cuda Alloc Size 768 pointer 0x146733e15a00
x3110c0s13b0n0:57893:61491 [1] NCCL INFO channel.cc:27 Cuda Alloc Size 4 pointer 0x146733e15e00
x3110c0s13b0n0:57893:61491 [1] NCCL INFO channel.cc:23 Cuda Alloc Size 768 pointer 0x146733e16000
x3110c0s13b0n0:57893:61491 [1] NCCL INFO channel.cc:27 Cuda Alloc Size 4 pointer 0x146733e16400
x3110c0s13b0n0:57893:61491 [1] NCCL INFO channel.cc:23 Cuda Alloc Size 768 pointer 0x146733e16600
x3110c0s13b0n0:57893:61491 [1] NCCL INFO channel.cc:27 Cuda Alloc Size 4 pointer 0x146733e16a00
x3110c0s13b0n0:57893:61491 [1] NCCL INFO channel.cc:23 Cuda Alloc Size 768 pointer 0x146733e16c00
x3110c0s13b0n0:57893:61491 [1] NCCL INFO channel.cc:27 Cuda Alloc Size 4 pointer 0x146733e17000
x3110c0s13b0n0:57893:61491 [1] NCCL INFO channel.cc:23 Cuda Alloc Size 768 pointer 0x146733e17200
x3110c0s13b0n0:57893:61491 [1] NCCL INFO channel.cc:27 Cuda Alloc Size 4 pointer 0x146733e17600
x3110c0s13b0n0:57893:61491 [1] NCCL INFO channel.cc:23 Cuda Alloc Size 768 pointer 0x146733e17800
x3110c0s13b0n0:57893:61491 [1] NCCL INFO channel.cc:27 Cuda Alloc Size 4 pointer 0x146733e17c00
x3110c0s13b0n0:57893:61491 [1] NCCL INFO channel.cc:23 Cuda Alloc Size 768 pointer 0x146733e17e00
x3110c0s13b0n0:57893:61491 [1] NCCL INFO channel.cc:27 Cuda Alloc Size 4 pointer 0x146733e18200
x3110c0s13b0n0:57893:61491 [1] NCCL INFO channel.cc:23 Cuda Alloc Size 768 pointer 0x146733e18400
x3110c0s13b0n0:57893:61491 [1] NCCL INFO channel.cc:27 Cuda Alloc Size 4 pointer 0x146733e18800
x3110c0s13b0n0:57893:61491 [1] NCCL INFO channel.cc:23 Cuda Alloc Size 768 pointer 0x146733e18a00
x3110c0s13b0n0:57893:61491 [1] NCCL INFO channel.cc:27 Cuda Alloc Size 4 pointer 0x146733e18e00
x3110c0s13b0n0:57893:61491 [1] NCCL INFO channel.cc:23 Cuda Alloc Size 768 pointer 0x146733e19000
x3110c0s13b0n0:57893:61491 [1] NCCL INFO channel.cc:27 Cuda Alloc Size 4 pointer 0x146733e19400
x3110c0s13b0n0:57893:61491 [1] NCCL INFO channel.cc:23 Cuda Alloc Size 768 pointer 0x146733e19600
x3110c0s13b0n0:57893:61491 [1] NCCL INFO channel.cc:27 Cuda Alloc Size 4 pointer 0x146733e19a00
x3110c0s13b0n0:57893:61491 [1] NCCL INFO channel.cc:23 Cuda Alloc Size 768 pointer 0x146733e19c00
x3110c0s13b0n0:57893:61491 [1] NCCL INFO channel.cc:27 Cuda Alloc Size 4 pointer 0x146733e1a000
x3110c0s13b0n0:57893:61491 [1] NCCL INFO channel.cc:23 Cuda Alloc Size 768 pointer 0x146733e1a200
x3110c0s13b0n0:57893:61491 [1] NCCL INFO channel.cc:27 Cuda Alloc Size 4 pointer 0x146733e1a600
x3110c0s13b0n0:57893:61491 [1] NCCL INFO channel.cc:23 Cuda Alloc Size 768 pointer 0x146733e1a800
x3110c0s13b0n0:57893:61491 [1] NCCL INFO channel.cc:27 Cuda Alloc Size 4 pointer 0x146733e1ac00
x3110c0s13b0n0:57893:61491 [1] NCCL INFO channel.cc:23 Cuda Alloc Size 768 pointer 0x146733e1ae00
x3110c0s13b0n0:57893:61491 [1] NCCL INFO channel.cc:27 Cuda Alloc Size 4 pointer 0x146733e1b200
x3110c0s13b0n0:57893:61491 [1] NCCL INFO channel.cc:23 Cuda Alloc Size 768 pointer 0x146733e1b400
x3110c0s13b0n0:57893:61491 [1] NCCL INFO channel.cc:27 Cuda Alloc Size 4 pointer 0x146733e1b800
x3110c0s13b0n0:57893:61491 [1] NCCL INFO channel.cc:23 Cuda Alloc Size 768 pointer 0x146733e1ba00
x3110c0s13b0n0:57893:61491 [1] NCCL INFO channel.cc:27 Cuda Alloc Size 4 pointer 0x146733e1be00
x3110c0s13b0n0:57893:61491 [1] NCCL INFO channel.cc:23 Cuda Alloc Size 768 pointer 0x146733e1c000
x3110c0s13b0n0:57893:61491 [1] NCCL INFO channel.cc:27 Cuda Alloc Size 4 pointer 0x146733e1c400
x3110c0s13b0n0:57893:61491 [1] NCCL INFO channel.cc:23 Cuda Alloc Size 768 pointer 0x146733e1c600
x3110c0s13b0n0:57893:61491 [1] NCCL INFO channel.cc:27 Cuda Alloc Size 4 pointer 0x146733e1ca00
x3110c0s13b0n0:57893:61491 [1] NCCL INFO channel.cc:23 Cuda Alloc Size 768 pointer 0x146733e1cc00
x3110c0s13b0n0:57893:61491 [1] NCCL INFO channel.cc:27 Cuda Alloc Size 4 pointer 0x146733e1d000
x3110c0s13b0n0:57893:61491 [1] NCCL INFO channel.cc:23 Cuda Alloc Size 768 pointer 0x146733e1d200
x3110c0s13b0n0:57893:61491 [1] NCCL INFO channel.cc:27 Cuda Alloc Size 4 pointer 0x146733e1d600
x3110c0s13b0n0:57893:61491 [1] NCCL INFO channel.cc:23 Cuda Alloc Size 768 pointer 0x146733e1d800
x3110c0s13b0n0:57893:61491 [1] NCCL INFO channel.cc:27 Cuda Alloc Size 4 pointer 0x146733e1dc00
x3110c0s13b0n0:57893:61491 [1] NCCL INFO channel.cc:23 Cuda Alloc Size 768 pointer 0x146733e1de00
x3110c0s13b0n0:57893:61491 [1] NCCL INFO channel.cc:27 Cuda Alloc Size 4 pointer 0x146733e1e200
x3110c0s13b0n0:57893:61491 [1] NCCL INFO channel.cc:23 Cuda Alloc Size 768 pointer 0x146733e1e400
x3110c0s13b0n0:57893:61491 [1] NCCL INFO channel.cc:27 Cuda Alloc Size 4 pointer 0x146733e1e800
x3110c0s13b0n0:57893:61491 [1] NCCL INFO channel.cc:23 Cuda Alloc Size 768 pointer 0x146733e1ea00
x3110c0s13b0n0:57893:61491 [1] NCCL INFO channel.cc:27 Cuda Alloc Size 4 pointer 0x146733e1ee00
x3110c0s13b0n0:57893:61491 [1] NCCL INFO channel.cc:23 Cuda Alloc Size 768 pointer 0x146733e1f000
x3110c0s13b0n0:57893:61491 [1] NCCL INFO channel.cc:27 Cuda Alloc Size 4 pointer 0x146733e1f400
x3110c0s13b0n0:57893:61491 [1] NCCL INFO channel.cc:23 Cuda Alloc Size 768 pointer 0x146733e1f600
x3110c0s13b0n0:57893:61491 [1] NCCL INFO channel.cc:27 Cuda Alloc Size 4 pointer 0x146733e1fa00
x3110c0s13b0n0:57893:61491 [1] NCCL INFO channel.cc:23 Cuda Alloc Size 768 pointer 0x146733e1fc00
x3110c0s13b0n0:57893:61491 [1] NCCL INFO channel.cc:27 Cuda Alloc Size 4 pointer 0x146733e20000
x3110c0s13b0n0:57893:61491 [1] NCCL INFO Connected all rings
x3110c0s13b0n0:57893:61491 [1] NCCL INFO Connected all trees by HAO
x3110c0s13b0n0:57893:61491 [1] NCCL INFO 32 coll channels, 32 p2p channels, 32 p2p channels per peer
x3110c0s13b0n0:57899:61493 [3] NCCL INFO NET/Socket : GPU Direct RDMA Disabled for HCA 0 'hsn0'
x3110c0s13b0n0:57899:61493 [3] NCCL INFO === System : maxBw 5000.0 totalBw 0.0 ===
x3110c0s13b0n0:57899:61493 [3] NCCL INFO CPU/0 (1/2/-1)
x3110c0s13b0n0:57899:61493 [3] NCCL INFO + SYS[5000.0] - CPU/2
x3110c0s13b0n0:57899:61493 [3] NCCL INFO + PCI[24.0] - PCI/C5000 (11f8406811f8beef)
x3110c0s13b0n0:57899:61493 [3] NCCL INFO               + PCI[24.0] - GPU/C7000 (0)
x3110c0s13b0n0:57899:61493 [3] NCCL INFO CPU/2 (1/2/-1)
x3110c0s13b0n0:57899:61493 [3] NCCL INFO + SYS[5000.0] - CPU/0
x3110c0s13b0n0:57899:61493 [3] NCCL INFO + PCI[24.0] - NIC/43000
x3110c0s13b0n0:57899:61493 [3] NCCL INFO ==========================================
x3110c0s13b0n0:57899:61493 [3] NCCL INFO GPU/C7000 :GPU/C7000 (0/5000.000000/LOC) CPU/0 (2/24.000000/PHB) CPU/2 (3/24.000000/SYS) 
x3110c0s13b0n0:57899:61493 [3] NCCL INFO Setting affinity for GPU 3 to 01
x3110c0s13b0n0:57899:61493 [3] NCCL INFO Pattern 4, crossNic 0, nChannels 16, bw 44.000000/44.000000, type LOC/PIX, sameChannels 1
x3110c0s13b0n0:57899:61493 [3] NCCL INFO  0 : GPU/0
x3110c0s13b0n0:57899:61493 [3] NCCL INFO  1 : GPU/0
x3110c0s13b0n0:57899:61493 [3] NCCL INFO  2 : GPU/0
x3110c0s13b0n0:57899:61493 [3] NCCL INFO  3 : GPU/0
x3110c0s13b0n0:57899:61493 [3] NCCL INFO  4 : GPU/0
x3110c0s13b0n0:57899:61493 [3] NCCL INFO  5 : GPU/0
x3110c0s13b0n0:57899:61493 [3] NCCL INFO  6 : GPU/0
x3110c0s13b0n0:57899:61493 [3] NCCL INFO  7 : GPU/0
x3110c0s13b0n0:57899:61493 [3] NCCL INFO  8 : GPU/0
x3110c0s13b0n0:57899:61493 [3] NCCL INFO  9 : GPU/0
x3110c0s13b0n0:57899:61493 [3] NCCL INFO 10 : GPU/0
x3110c0s13b0n0:57899:61493 [3] NCCL INFO 11 : GPU/0
x3110c0s13b0n0:57899:61493 [3] NCCL INFO 12 : GPU/0
x3110c0s13b0n0:57899:61493 [3] NCCL INFO 13 : GPU/0
x3110c0s13b0n0:57899:61493 [3] NCCL INFO 14 : GPU/0
x3110c0s13b0n0:57899:61493 [3] NCCL INFO 15 : GPU/0
x3110c0s13b0n0:57899:61493 [3] NCCL INFO Pattern 3, crossNic 0, nChannels 16, bw 44.000000/44.000000, type LOC/PIX, sameChannels 1
x3110c0s13b0n0:57899:61493 [3] NCCL INFO  0 : GPU/0
x3110c0s13b0n0:57899:61493 [3] NCCL INFO  1 : GPU/0
x3110c0s13b0n0:57899:61493 [3] NCCL INFO  2 : GPU/0
x3110c0s13b0n0:57899:61493 [3] NCCL INFO  3 : GPU/0
x3110c0s13b0n0:57899:61493 [3] NCCL INFO  4 : GPU/0
x3110c0s13b0n0:57899:61493 [3] NCCL INFO  5 : GPU/0
x3110c0s13b0n0:57899:61493 [3] NCCL INFO  6 : GPU/0
x3110c0s13b0n0:57899:61493 [3] NCCL INFO  7 : GPU/0
x3110c0s13b0n0:57899:61493 [3] NCCL INFO  8 : GPU/0
x3110c0s13b0n0:57899:61493 [3] NCCL INFO  9 : GPU/0
x3110c0s13b0n0:57899:61493 [3] NCCL INFO 10 : GPU/0
x3110c0s13b0n0:57899:61493 [3] NCCL INFO 11 : GPU/0
x3110c0s13b0n0:57899:61493 [3] NCCL INFO 12 : GPU/0
x3110c0s13b0n0:57899:61493 [3] NCCL INFO 13 : GPU/0
x3110c0s13b0n0:57899:61493 [3] NCCL INFO 14 : GPU/0
x3110c0s13b0n0:57899:61493 [3] NCCL INFO 15 : GPU/0
x3110c0s13b0n0:57899:61493 [3] NCCL INFO Pattern 3, crossNic 0, nChannels 16, bw 44.000000/44.000000, type LOC/PIX, sameChannels 1
x3110c0s13b0n0:57899:61493 [3] NCCL INFO  0 : GPU/0
x3110c0s13b0n0:57899:61493 [3] NCCL INFO  1 : GPU/0
x3110c0s13b0n0:57899:61493 [3] NCCL INFO  2 : GPU/0
x3110c0s13b0n0:57899:61493 [3] NCCL INFO  3 : GPU/0
x3110c0s13b0n0:57899:61493 [3] NCCL INFO  4 : GPU/0
x3110c0s13b0n0:57899:61493 [3] NCCL INFO  5 : GPU/0
x3110c0s13b0n0:57899:61493 [3] NCCL INFO  6 : GPU/0
x3110c0s13b0n0:57899:61493 [3] NCCL INFO  7 : GPU/0
x3110c0s13b0n0:57899:61493 [3] NCCL INFO  8 : GPU/0
x3110c0s13b0n0:57899:61493 [3] NCCL INFO  9 : GPU/0
x3110c0s13b0n0:57899:61493 [3] NCCL INFO 10 : GPU/0
x3110c0s13b0n0:57899:61493 [3] NCCL INFO 11 : GPU/0
x3110c0s13b0n0:57899:61493 [3] NCCL INFO 12 : GPU/0
x3110c0s13b0n0:57899:61493 [3] NCCL INFO 13 : GPU/0
x3110c0s13b0n0:57899:61493 [3] NCCL INFO 14 : GPU/0
x3110c0s13b0n0:57899:61493 [3] NCCL INFO 15 : GPU/0
x3110c0s13b0n0:57899:61493 [3] NCCL INFO Tree 0 : -1 -> 0 -> -1/-1/-1
x3110c0s13b0n0:57899:61493 [3] NCCL INFO Tree 16 : -1 -> 0 -> -1/-1/-1
x3110c0s13b0n0:57899:61493 [3] NCCL INFO Tree 1 : -1 -> 0 -> -1/-1/-1
x3110c0s13b0n0:57899:61493 [3] NCCL INFO Tree 17 : -1 -> 0 -> -1/-1/-1
x3110c0s13b0n0:57899:61493 [3] NCCL INFO Tree 2 : -1 -> 0 -> -1/-1/-1
x3110c0s13b0n0:57899:61493 [3] NCCL INFO Tree 18 : -1 -> 0 -> -1/-1/-1
x3110c0s13b0n0:57899:61493 [3] NCCL INFO Tree 3 : -1 -> 0 -> -1/-1/-1
x3110c0s13b0n0:57899:61493 [3] NCCL INFO Tree 19 : -1 -> 0 -> -1/-1/-1
x3110c0s13b0n0:57899:61493 [3] NCCL INFO Tree 4 : -1 -> 0 -> -1/-1/-1
x3110c0s13b0n0:57899:61493 [3] NCCL INFO Tree 20 : -1 -> 0 -> -1/-1/-1
x3110c0s13b0n0:57899:61493 [3] NCCL INFO Tree 5 : -1 -> 0 -> -1/-1/-1
x3110c0s13b0n0:57899:61493 [3] NCCL INFO Tree 21 : -1 -> 0 -> -1/-1/-1
x3110c0s13b0n0:57899:61493 [3] NCCL INFO Tree 6 : -1 -> 0 -> -1/-1/-1
x3110c0s13b0n0:57899:61493 [3] NCCL INFO Tree 22 : -1 -> 0 -> -1/-1/-1
x3110c0s13b0n0:57899:61493 [3] NCCL INFO Tree 7 : -1 -> 0 -> -1/-1/-1
x3110c0s13b0n0:57899:61493 [3] NCCL INFO Tree 23 : -1 -> 0 -> -1/-1/-1
x3110c0s13b0n0:57899:61493 [3] NCCL INFO Tree 8 : -1 -> 0 -> -1/-1/-1
x3110c0s13b0n0:57899:61493 [3] NCCL INFO Tree 24 : -1 -> 0 -> -1/-1/-1
x3110c0s13b0n0:57899:61493 [3] NCCL INFO Tree 9 : -1 -> 0 -> -1/-1/-1
x3110c0s13b0n0:57899:61493 [3] NCCL INFO Tree 25 : -1 -> 0 -> -1/-1/-1
x3110c0s13b0n0:57899:61493 [3] NCCL INFO Tree 10 : -1 -> 0 -> -1/-1/-1
x3110c0s13b0n0:57899:61493 [3] NCCL INFO Tree 26 : -1 -> 0 -> -1/-1/-1
x3110c0s13b0n0:57899:61493 [3] NCCL INFO Tree 11 : -1 -> 0 -> -1/-1/-1
x3110c0s13b0n0:57899:61493 [3] NCCL INFO Tree 27 : -1 -> 0 -> -1/-1/-1
x3110c0s13b0n0:57899:61493 [3] NCCL INFO Tree 12 : -1 -> 0 -> -1/-1/-1
x3110c0s13b0n0:57899:61493 [3] NCCL INFO Tree 28 : -1 -> 0 -> -1/-1/-1
x3110c0s13b0n0:57899:61493 [3] NCCL INFO Tree 13 : -1 -> 0 -> -1/-1/-1
x3110c0s13b0n0:57899:61493 [3] NCCL INFO Tree 29 : -1 -> 0 -> -1/-1/-1
x3110c0s13b0n0:57899:61493 [3] NCCL INFO Tree 14 : -1 -> 0 -> -1/-1/-1
x3110c0s13b0n0:57899:61493 [3] NCCL INFO Tree 30 : -1 -> 0 -> -1/-1/-1
x3110c0s13b0n0:57899:61493 [3] NCCL INFO Tree 15 : -1 -> 0 -> -1/-1/-1
x3110c0s13b0n0:57899:61493 [3] NCCL INFO Tree 31 : -1 -> 0 -> -1/-1/-1
x3110c0s13b0n0:57899:61493 [3] NCCL INFO Channel 00/32 :    0
x3110c0s13b0n0:57899:61493 [3] NCCL INFO Channel 01/32 :    0
x3110c0s13b0n0:57899:61493 [3] NCCL INFO Channel 02/32 :    0
x3110c0s13b0n0:57899:61493 [3] NCCL INFO Channel 03/32 :    0
x3110c0s13b0n0:57899:61493 [3] NCCL INFO Channel 04/32 :    0
x3110c0s13b0n0:57899:61493 [3] NCCL INFO Channel 05/32 :    0
x3110c0s13b0n0:57899:61493 [3] NCCL INFO Channel 06/32 :    0
x3110c0s13b0n0:57899:61493 [3] NCCL INFO Channel 07/32 :    0
x3110c0s13b0n0:57899:61493 [3] NCCL INFO Channel 08/32 :    0
x3110c0s13b0n0:57899:61493 [3] NCCL INFO Channel 09/32 :    0
x3110c0s13b0n0:57899:61493 [3] NCCL INFO Channel 10/32 :    0
x3110c0s13b0n0:57899:61493 [3] NCCL INFO Channel 11/32 :    0
x3110c0s13b0n0:57899:61493 [3] NCCL INFO Channel 12/32 :    0
x3110c0s13b0n0:57899:61493 [3] NCCL INFO Channel 13/32 :    0
