x3004c0s31b0n0:61235:1187 [0] NCCL INFO transport/p2p.cc:449 Cuda Alloc Size 6291456 pointer 0x14932f400000
x3004c0s31b0n0:61237:1194 [1] NCCL INFO New proxy recv connection 6 from local rank 1, transport 0
x3004c0s31b0n0:61243:1195 [3] NCCL INFO New proxy recv connection 6 from local rank 1, transport 0
x3004c0s31b0n0:61239:1150 [2] NCCL INFO Connection to proxy localRank 0 -> connection 0x14b9600fc610
x3004c0s31b0n0:61239:1186 [2] NCCL INFO transport/p2p.cc:449 Cuda Alloc Size 6291456 pointer 0x14b933a00000
x3004c0s31b0n0:61235:1187 [0] NCCL INFO New proxy recv connection 6 from local rank 0, transport 0
x3004c0s31b0n0:61237:1155 [1] NCCL INFO Connection to proxy localRank 1 -> connection 0x14b5e0000e00
x3004c0s31b0n0:61237:1194 [1] NCCL INFO transport/p2p.cc:449 Cuda Alloc Size 6291456 pointer 0x14b5f9400000
x3004c0s31b0n0:61243:1156 [3] NCCL INFO Connection to proxy localRank 1 -> connection 0x14c3e0000e00
x3004c0s31b0n0:61243:1195 [3] NCCL INFO transport/p2p.cc:449 Cuda Alloc Size 6291456 pointer 0x14c40b400000
x3004c0s31b0n0:61235:1148 [0] NCCL INFO Connection to proxy localRank 0 -> connection 0x149320000eb0
x3004c0s31b0n0:61235:1187 [0] NCCL INFO transport/p2p.cc:449 Cuda Alloc Size 6291456 pointer 0x14932fa00000
x3004c0s31b0n0:61239:1186 [2] NCCL INFO New proxy recv connection 7 from local rank 0, transport 0
x3004c0s31b0n0:61237:1194 [1] NCCL INFO New proxy recv connection 7 from local rank 1, transport 0
x3004c0s31b0n0:61243:1195 [3] NCCL INFO New proxy recv connection 7 from local rank 1, transport 0
x3004c0s31b0n0:61235:1187 [0] NCCL INFO New proxy recv connection 7 from local rank 0, transport 0
x3004c0s31b0n0:61239:1150 [2] NCCL INFO Connection to proxy localRank 0 -> connection 0x14b9600fc650
x3004c0s31b0n0:61237:1155 [1] NCCL INFO Connection to proxy localRank 1 -> connection 0x14b5e0000e40
x3004c0s31b0n0:61239:1186 [2] NCCL INFO transport/p2p.cc:449 Cuda Alloc Size 6291456 pointer 0x14b935400000
x3004c0s31b0n0:61237:1194 [1] NCCL INFO transport/p2p.cc:449 Cuda Alloc Size 6291456 pointer 0x14b5f9a00000
x3004c0s31b0n0:61243:1156 [3] NCCL INFO Connection to proxy localRank 1 -> connection 0x14c3e0000e40
x3004c0s31b0n0:61243:1195 [3] NCCL INFO transport/p2p.cc:449 Cuda Alloc Size 6291456 pointer 0x14c40ba00000
x3004c0s31b0n0:61237:1155 [1] NCCL INFO Channel 00/0 : 1[46000] -> 0[7000] via P2P/IPC/read
x3004c0s31b0n0:61237:1194 [1] NCCL INFO New proxy send connection 8 from local rank 1, transport 0
x3004c0s31b0n0:61239:1150 [2] NCCL INFO Channel 00/0 : 0[85000] -> 1[c7000] via P2P/IPC/read
x3004c0s31b0n0:61239:1186 [2] NCCL INFO New proxy send connection 8 from local rank 0, transport 0
x3004c0s31b0n0:61235:1148 [0] NCCL INFO Connection to proxy localRank 0 -> connection 0x149320000ef0
x3004c0s31b0n0:61235:1187 [0] NCCL INFO transport/p2p.cc:449 Cuda Alloc Size 6291456 pointer 0x149331a00000
x3004c0s31b0n0:61235:1148 [0] NCCL INFO Channel 00/0 : 0[7000] -> 1[46000] via P2P/IPC/read
x3004c0s31b0n0:61235:1187 [0] NCCL INFO New proxy send connection 8 from local rank 0, transport 0
x3004c0s31b0n0:61235:1148 [0] NCCL INFO Connection to proxy localRank 0 -> connection 0x149320000f30
x3004c0s31b0n0:61235:1187 [0] NCCL INFO transport/p2p.cc:430 Cuda Alloc Size 6291456 pointer 0x149333a00000
x3004c0s31b0n0:61235:1148 [0] NCCL INFO Channel 01/0 : 0[7000] -> 1[46000] via P2P/IPC/read
x3004c0s31b0n0:61235:1187 [0] NCCL INFO New proxy send connection 9 from local rank 0, transport 0
x3004c0s31b0n0:61235:1148 [0] NCCL INFO Connection to proxy localRank 0 -> connection 0x149320000f70
x3004c0s31b0n0:61243:1156 [3] NCCL INFO Channel 00/0 : 1[c7000] -> 0[85000] via P2P/IPC/read
x3004c0s31b0n0:61243:1195 [3] NCCL INFO New proxy send connection 8 from local rank 1, transport 0
x3004c0s31b0n0:61237:1155 [1] NCCL INFO Connection to proxy localRank 1 -> connection 0x14b5e0000e80
x3004c0s31b0n0:61237:1194 [1] NCCL INFO transport/p2p.cc:430 Cuda Alloc Size 6291456 pointer 0x14b5fba00000
x3004c0s31b0n0:61239:1150 [2] NCCL INFO Connection to proxy localRank 0 -> connection 0x14b9600fc690
x3004c0s31b0n0:61239:1186 [2] NCCL INFO transport/p2p.cc:430 Cuda Alloc Size 6291456 pointer 0x14b935a00000
x3004c0s31b0n0:61243:1156 [3] NCCL INFO Connection to proxy localRank 1 -> connection 0x14c3e0000e80
x3004c0s31b0n0:61243:1195 [3] NCCL INFO transport/p2p.cc:430 Cuda Alloc Size 6291456 pointer 0x14c40da00000
x3004c0s31b0n0:61235:1187 [0] NCCL INFO transport/p2p.cc:430 Cuda Alloc Size 6291456 pointer 0x149335400000
x3004c0s31b0n0:61237:1155 [1] NCCL INFO Channel 01/0 : 1[46000] -> 0[7000] via P2P/IPC/read
x3004c0s31b0n0:61237:1194 [1] NCCL INFO New proxy send connection 9 from local rank 1, transport 0
x3004c0s31b0n0:61239:1150 [2] NCCL INFO Channel 01/0 : 0[85000] -> 1[c7000] via P2P/IPC/read
x3004c0s31b0n0:61239:1186 [2] NCCL INFO New proxy send connection 9 from local rank 0, transport 0
x3004c0s31b0n0:61235:1148 [0] NCCL INFO Channel 02/0 : 0[7000] -> 1[46000] via P2P/IPC/read
x3004c0s31b0n0:61235:1187 [0] NCCL INFO New proxy send connection 10 from local rank 0, transport 0
x3004c0s31b0n0:61243:1156 [3] NCCL INFO Channel 01/0 : 1[c7000] -> 0[85000] via P2P/IPC/read
x3004c0s31b0n0:61243:1195 [3] NCCL INFO New proxy send connection 9 from local rank 1, transport 0
x3004c0s31b0n0:61237:1155 [1] NCCL INFO Connection to proxy localRank 1 -> connection 0x14b5e0000ec0
x3004c0s31b0n0:61237:1194 [1] NCCL INFO transport/p2p.cc:430 Cuda Alloc Size 6291456 pointer 0x14b5fda00000
x3004c0s31b0n0:61239:1150 [2] NCCL INFO Connection to proxy localRank 0 -> connection 0x14b9600fc6d0
x3004c0s31b0n0:61239:1186 [2] NCCL INFO transport/p2p.cc:430 Cuda Alloc Size 6291456 pointer 0x14b937a00000
x3004c0s31b0n0:61235:1148 [0] NCCL INFO Connection to proxy localRank 0 -> connection 0x149320000fb0
x3004c0s31b0n0:61235:1187 [0] NCCL INFO transport/p2p.cc:430 Cuda Alloc Size 6291456 pointer 0x149335a00000
x3004c0s31b0n0:61243:1156 [3] NCCL INFO Connection to proxy localRank 1 -> connection 0x14c3e0000ec0
x3004c0s31b0n0:61243:1195 [3] NCCL INFO transport/p2p.cc:430 Cuda Alloc Size 6291456 pointer 0x14c40fa00000
x3004c0s31b0n0:61237:1155 [1] NCCL INFO Channel 02/0 : 1[46000] -> 0[7000] via P2P/IPC/read
x3004c0s31b0n0:61237:1194 [1] NCCL INFO New proxy send connection 10 from local rank 1, transport 0
x3004c0s31b0n0:61235:1148 [0] NCCL INFO Channel 03/0 : 0[7000] -> 1[46000] via P2P/IPC/read
x3004c0s31b0n0:61235:1187 [0] NCCL INFO New proxy send connection 11 from local rank 0, transport 0
x3004c0s31b0n0:61237:1155 [1] NCCL INFO Connection to proxy localRank 1 -> connection 0x14b5e0000f00
x3004c0s31b0n0:61237:1194 [1] NCCL INFO transport/p2p.cc:430 Cuda Alloc Size 6291456 pointer 0x14b601400000
x3004c0s31b0n0:61239:1150 [2] NCCL INFO Channel 02/0 : 0[85000] -> 1[c7000] via P2P/IPC/read
x3004c0s31b0n0:61239:1186 [2] NCCL INFO New proxy send connection 10 from local rank 0, transport 0
x3004c0s31b0n0:61243:1156 [3] NCCL INFO Channel 02/0 : 1[c7000] -> 0[85000] via P2P/IPC/read
x3004c0s31b0n0:61243:1195 [3] NCCL INFO New proxy send connection 10 from local rank 1, transport 0
x3004c0s31b0n0:61235:1148 [0] NCCL INFO Connection to proxy localRank 0 -> connection 0x149320000ff0
x3004c0s31b0n0:61235:1187 [0] NCCL INFO transport/p2p.cc:430 Cuda Alloc Size 6291456 pointer 0x149337a00000
x3004c0s31b0n0:61237:1155 [1] NCCL INFO Channel 03/0 : 1[46000] -> 0[7000] via P2P/IPC/read
x3004c0s31b0n0:61237:1194 [1] NCCL INFO New proxy send connection 11 from local rank 1, transport 0
x3004c0s31b0n0:61239:1150 [2] NCCL INFO Connection to proxy localRank 0 -> connection 0x14b9600fc710
x3004c0s31b0n0:61239:1186 [2] NCCL INFO transport/p2p.cc:430 Cuda Alloc Size 6291456 pointer 0x14b939a00000
x3004c0s31b0n0:61243:1156 [3] NCCL INFO Connection to proxy localRank 1 -> connection 0x14c3e0000f00
x3004c0s31b0n0:61243:1195 [3] NCCL INFO transport/p2p.cc:430 Cuda Alloc Size 6291456 pointer 0x14c411400000
x3004c0s31b0n0:61237:1155 [1] NCCL INFO Connection to proxy localRank 1 -> connection 0x14b5e0000f40
x3004c0s31b0n0:61237:1194 [1] NCCL INFO transport/p2p.cc:430 Cuda Alloc Size 6291456 pointer 0x14b601a00000
x3004c0s31b0n0:61235:1148 [0] NCCL INFO Channel 04/0 : 0[7000] -> 1[46000] via P2P/IPC/read
x3004c0s31b0n0:61235:1187 [0] NCCL INFO New proxy send connection 12 from local rank 0, transport 0
x3004c0s31b0n0:61239:1150 [2] NCCL INFO Channel 03/0 : 0[85000] -> 1[c7000] via P2P/IPC/read
x3004c0s31b0n0:61239:1186 [2] NCCL INFO New proxy send connection 11 from local rank 0, transport 0
x3004c0s31b0n0:61243:1156 [3] NCCL INFO Channel 03/0 : 1[c7000] -> 0[85000] via P2P/IPC/read
x3004c0s31b0n0:61243:1195 [3] NCCL INFO New proxy send connection 11 from local rank 1, transport 0
x3004c0s31b0n0:61239:1150 [2] NCCL INFO Connection to proxy localRank 0 -> connection 0x14b9600fc750
x3004c0s31b0n0:61239:1186 [2] NCCL INFO transport/p2p.cc:430 Cuda Alloc Size 6291456 pointer 0x14b93b400000
x3004c0s31b0n0:61237:1155 [1] NCCL INFO Channel 04/0 : 1[46000] -> 0[7000] via P2P/IPC/read
x3004c0s31b0n0:61237:1194 [1] NCCL INFO New proxy send connection 12 from local rank 1, transport 0
x3004c0s31b0n0:61235:1148 [0] NCCL INFO Connection to proxy localRank 0 -> connection 0x149320001030
x3004c0s31b0n0:61235:1187 [0] NCCL INFO transport/p2p.cc:430 Cuda Alloc Size 6291456 pointer 0x149339a00000
x3004c0s31b0n0:61239:1150 [2] NCCL INFO Channel 04/0 : 0[85000] -> 1[c7000] via P2P/IPC/read
x3004c0s31b0n0:61239:1186 [2] NCCL INFO New proxy send connection 12 from local rank 0, transport 0
x3004c0s31b0n0:61243:1156 [3] NCCL INFO Connection to proxy localRank 1 -> connection 0x14c3e0000f40
x3004c0s31b0n0:61243:1195 [3] NCCL INFO transport/p2p.cc:430 Cuda Alloc Size 6291456 pointer 0x14c411a00000
x3004c0s31b0n0:61237:1155 [1] NCCL INFO Connection to proxy localRank 1 -> connection 0x14b5e0000f80
x3004c0s31b0n0:61237:1194 [1] NCCL INFO transport/p2p.cc:430 Cuda Alloc Size 6291456 pointer 0x14b665200000
x3004c0s31b0n0:61243:1156 [3] NCCL INFO Channel 04/0 : 1[c7000] -> 0[85000] via P2P/IPC/read
x3004c0s31b0n0:61243:1195 [3] NCCL INFO New proxy send connection 12 from local rank 1, transport 0
x3004c0s31b0n0:61237:1155 [1] NCCL INFO Channel 05/0 : 1[46000] -> 0[7000] via P2P/IPC/read
x3004c0s31b0n0:61237:1194 [1] NCCL INFO New proxy send connection 13 from local rank 1, transport 0
x3004c0s31b0n0:61239:1150 [2] NCCL INFO Connection to proxy localRank 0 -> connection 0x14b9600fc790
x3004c0s31b0n0:61239:1186 [2] NCCL INFO transport/p2p.cc:430 Cuda Alloc Size 6291456 pointer 0x14b93ba00000
x3004c0s31b0n0:61235:1148 [0] NCCL INFO Channel 05/0 : 0[7000] -> 1[46000] via P2P/IPC/read
x3004c0s31b0n0:61235:1187 [0] NCCL INFO New proxy send connection 13 from local rank 0, transport 0
x3004c0s31b0n0:61235:1148 [0] NCCL INFO Connection to proxy localRank 0 -> connection 0x149320001070
x3004c0s31b0n0:61243:1156 [3] NCCL INFO Connection to proxy localRank 1 -> connection 0x14c3e0000f80
x3004c0s31b0n0:61243:1195 [3] NCCL INFO transport/p2p.cc:430 Cuda Alloc Size 6291456 pointer 0x14c42ba00000
x3004c0s31b0n0:61237:1155 [1] NCCL INFO Connection to proxy localRank 1 -> connection 0x14b5e0000fc0
x3004c0s31b0n0:61237:1194 [1] NCCL INFO transport/p2p.cc:430 Cuda Alloc Size 6291456 pointer 0x14b5e6000000
x3004c0s31b0n0:61239:1150 [2] NCCL INFO Channel 05/0 : 0[85000] -> 1[c7000] via P2P/IPC/read
x3004c0s31b0n0:61239:1186 [2] NCCL INFO New proxy send connection 13 from local rank 0, transport 0
x3004c0s31b0n0:61239:1150 [2] NCCL INFO Connection to proxy localRank 0 -> connection 0x14b9600fc7d0
x3004c0s31b0n0:61243:1156 [3] NCCL INFO Channel 05/0 : 1[c7000] -> 0[85000] via P2P/IPC/read
x3004c0s31b0n0:61243:1195 [3] NCCL INFO New proxy send connection 13 from local rank 1, transport 0
x3004c0s31b0n0:61239:1186 [2] NCCL INFO transport/p2p.cc:430 Cuda Alloc Size 6291456 pointer 0x14b93da00000
x3004c0s31b0n0:61235:1187 [0] NCCL INFO transport/p2p.cc:430 Cuda Alloc Size 6291456 pointer 0x14933b400000
x3004c0s31b0n0:61235:1148 [0] NCCL INFO Channel 06/0 : 0[7000] -> 1[46000] via P2P/IPC/read
x3004c0s31b0n0:61235:1187 [0] NCCL INFO New proxy send connection 14 from local rank 0, transport 0
x3004c0s31b0n0:61243:1156 [3] NCCL INFO Connection to proxy localRank 1 -> connection 0x14c3e0000fc0
x3004c0s31b0n0:61243:1195 [3] NCCL INFO transport/p2p.cc:430 Cuda Alloc Size 6291456 pointer 0x14c481000000
x3004c0s31b0n0:61237:1155 [1] NCCL INFO Channel 06/0 : 1[46000] -> 0[7000] via P2P/IPC/read
x3004c0s31b0n0:61237:1194 [1] NCCL INFO New proxy send connection 14 from local rank 1, transport 0
x3004c0s31b0n0:61239:1150 [2] NCCL INFO Channel 06/0 : 0[85000] -> 1[c7000] via P2P/IPC/read
x3004c0s31b0n0:61239:1186 [2] NCCL INFO New proxy send connection 14 from local rank 0, transport 0
x3004c0s31b0n0:61235:1148 [0] NCCL INFO Connection to proxy localRank 0 -> connection 0x1493200010b0
x3004c0s31b0n0:61235:1187 [0] NCCL INFO transport/p2p.cc:430 Cuda Alloc Size 6291456 pointer 0x14933ba00000
x3004c0s31b0n0:61235:1148 [0] NCCL INFO Channel 07/0 : 0[7000] -> 1[46000] via P2P/IPC/read
x3004c0s31b0n0:61235:1187 [0] NCCL INFO New proxy send connection 15 from local rank 0, transport 0
x3004c0s31b0n0:61243:1156 [3] NCCL INFO Channel 06/0 : 1[c7000] -> 0[85000] via P2P/IPC/read
x3004c0s31b0n0:61243:1195 [3] NCCL INFO New proxy send connection 14 from local rank 1, transport 0
x3004c0s31b0n0:61237:1155 [1] NCCL INFO Connection to proxy localRank 1 -> connection 0x14b5e0001000
x3004c0s31b0n0:61237:1194 [1] NCCL INFO transport/p2p.cc:430 Cuda Alloc Size 6291456 pointer 0x14b5e6600000
x3004c0s31b0n0:61239:1150 [2] NCCL INFO Connection to proxy localRank 0 -> connection 0x14b9600fc810
x3004c0s31b0n0:61239:1186 [2] NCCL INFO transport/p2p.cc:430 Cuda Alloc Size 6291456 pointer 0x14b93fa00000
x3004c0s31b0n0:61243:1156 [3] NCCL INFO Connection to proxy localRank 1 -> connection 0x14c3e0001000
x3004c0s31b0n0:61237:1155 [1] NCCL INFO Channel 07/0 : 1[46000] -> 0[7000] via P2P/IPC/read
x3004c0s31b0n0:61237:1194 [1] NCCL INFO New proxy send connection 15 from local rank 1, transport 0
x3004c0s31b0n0:61235:1148 [0] NCCL INFO Connection to proxy localRank 0 -> connection 0x1493200010f0
x3004c0s31b0n0:61235:1187 [0] NCCL INFO transport/p2p.cc:430 Cuda Alloc Size 6291456 pointer 0x149388e00000
x3004c0s31b0n0:61239:1150 [2] NCCL INFO Channel 07/0 : 0[85000] -> 1[c7000] via P2P/IPC/read
x3004c0s31b0n0:61239:1186 [2] NCCL INFO New proxy send connection 15 from local rank 0, transport 0
x3004c0s31b0n0:61243:1195 [3] NCCL INFO transport/p2p.cc:430 Cuda Alloc Size 6291456 pointer 0x14c4ae600000
x3004c0s31b0n0:61243:1156 [3] NCCL INFO Channel 07/0 : 1[c7000] -> 0[85000] via P2P/IPC/read
x3004c0s31b0n0:61243:1195 [3] NCCL INFO New proxy send connection 15 from local rank 1, transport 0
x3004c0s31b0n0:61237:1155 [1] NCCL INFO Connection to proxy localRank 1 -> connection 0x14b5e0001040
x3004c0s31b0n0:61237:1194 [1] NCCL INFO transport/p2p.cc:430 Cuda Alloc Size 6291456 pointer 0x14b5e6c00000
x3004c0s31b0n0:61239:1150 [2] NCCL INFO Connection to proxy localRank 0 -> connection 0x14b9600fc850
x3004c0s31b0n0:61239:1186 [2] NCCL INFO transport/p2p.cc:430 Cuda Alloc Size 6291456 pointer 0x14b941400000
x3004c0s31b0n0:61235:1148 [0] NCCL INFO Connected all rings
x3004c0s31b0n0:61235:1148 [0] NCCL INFO Connected all trees by HAO
x3004c0s31b0n0:61235:1148 [0] NCCL INFO Latency/AlgBw |    Tree/    LL |    Tree/ LL128 |    Tree/Simple |    Ring/    LL |    Ring/ LL128 |    Ring/Simple | CollNetDirect/    LL | CollNetDirect/ LL128 | CollNetDirect/Simple | CollNetChain/    LL | CollNetChain/ LL128 | CollNetChain/Simple |
x3004c0s31b0n0:61235:1148 [0] NCCL INFO  Max NThreads |            512 |            640 |            512 |            512 |            640 |            512 |              0 |              0 |            512 |              0 |              0 |            512 |
x3004c0s31b0n0:61235:1148 [0] NCCL INFO     Broadcast |     0.0/   0.0 |     0.0/   0.0 |     0.0/   0.0 |     4.1/  29.3 |    11.9/  80.0 |    11.8/  88.0 |     0.0/   0.0 |     0.0/   0.0 |     0.0/   0.0 |     0.0/   0.0 |     0.0/   0.0 |     0.0/   0.0 |
x3004c0s31b0n0:61235:1148 [0] NCCL INFO        Reduce |     0.0/   0.0 |     0.0/   0.0 |     0.0/   0.0 |     4.1/  22.0 |    11.9/  80.0 |    11.8/  88.0 |     0.0/   0.0 |     0.0/   0.0 |     0.0/   0.0 |     0.0/   0.0 |     0.0/   0.0 |     0.0/   0.0 |
x3004c0s31b0n0:61235:1148 [0] NCCL INFO     AllGather |     0.0/   0.0 |     0.0/   0.0 |     0.0/   0.0 |     4.1/  58.7 |    11.9/ 160.0 |    11.8/ 176.0 |     0.0/   0.0 |     0.0/   0.0 |     0.0/   0.0 |     0.0/   0.0 |     0.0/   0.0 |     0.0/   0.0 |
x3004c0s31b0n0:61235:1148 [0] NCCL INFO ReduceScatter |     0.0/   0.0 |     0.0/   0.0 |     0.0/   0.0 |     4.1/  58.7 |    11.9/ 160.0 |    11.8/ 176.0 |     0.0/   0.0 |     0.0/   0.0 |     0.0/   0.0 |     0.0/   0.0 |     0.0/   0.0 |     0.0/   0.0 |
x3004c0s31b0n0:61235:1148 [0] NCCL INFO     AllReduce |     5.4/  10.7 |     6.9/  31.5 |    56.0/  40.5 |     4.5/  22.0 |    13.8/  80.0 |    15.2/  88.0 |     5.4/   0.0 |     5.4/   0.0 |    27.7/   0.0 |     4.4/   0.0 |     4.4/   0.0 |    16.0/   0.0 |
x3004c0s31b0n0:61235:1148 [0] NCCL INFO threadThresholds 8/8/64 | 16/8/64 | 512 | 512
x3004c0s31b0n0:61235:1148 [0] NCCL INFO 8 coll channels, 8 p2p channels, 8 p2p channels per peer
x3004c0s31b0n0:61235:1187 [0] NCCL INFO Allocated 4194656 bytes of shared memory in /dev/shm/nccl-5IxHFt

x3004c0s31b0n0:61235:1187 [0] NCCL INFO New proxy send connection 16 from local rank 0, transport 2
x3004c0s31b0n0:61235:1148 [0] NCCL INFO Connection to proxy localRank 0 -> connection 0x149320001130
x3004c0s31b0n0:61235:1187 [0] NCCL INFO transport/net.cc:376 Cuda Alloc Size 16777216 pointer 0x14931ac00000
x3004c0s31b0n0:61243:1156 [3] NCCL INFO Connection to proxy localRank 1 -> connection 0x14c3e0001040
x3004c0s31b0n0:61243:1195 [3] NCCL INFO transport/p2p.cc:430 Cuda Alloc Size 6291456 pointer 0x14c4aec00000
x3004c0s31b0n0:61237:1155 [1] NCCL INFO Connected all rings
x3004c0s31b0n0:61237:1155 [1] NCCL INFO Connected all trees by HAO
x3004c0s31b0n0:61237:1155 [1] NCCL INFO threadThresholds 8/8/64 | 16/8/64 | 512 | 512
x3004c0s31b0n0:61237:1155 [1] NCCL INFO 8 coll channels, 8 p2p channels, 8 p2p channels per peer
x3004c0s31b0n0:61237:1194 [1] NCCL INFO Allocated 4194656 bytes of shared memory in /dev/shm/nccl-Ua3SyG

x3004c0s31b0n0:61237:1194 [1] NCCL INFO New proxy send connection 16 from local rank 1, transport 2
x3004c0s31b0n0:61243:1156 [3] NCCL INFO Connected all rings
x3004c0s31b0n0:61243:1156 [3] NCCL INFO Connected all trees by HAO
x3004c0s31b0n0:61243:1156 [3] NCCL INFO threadThresholds 8/8/64 | 16/8/64 | 512 | 512
x3004c0s31b0n0:61243:1156 [3] NCCL INFO 8 coll channels, 8 p2p channels, 8 p2p channels per peer
x3004c0s31b0n0:61243:1195 [3] NCCL INFO Allocated 4194656 bytes of shared memory in /dev/shm/nccl-MF3yC7

x3004c0s31b0n0:61243:1195 [3] NCCL INFO New proxy send connection 16 from local rank 1, transport 2
x3004c0s31b0n0:61239:1150 [2] NCCL INFO Connected all rings
x3004c0s31b0n0:61239:1150 [2] NCCL INFO Connected all trees by HAO
x3004c0s31b0n0:61239:1150 [2] NCCL INFO Latency/AlgBw |    Tree/    LL |    Tree/ LL128 |    Tree/Simple |    Ring/    LL |    Ring/ LL128 |    Ring/Simple | CollNetDirect/    LL | CollNetDirect/ LL128 | CollNetDirect/Simple | CollNetChain/    LL | CollNetChain/ LL128 | CollNetChain/Simple |
x3004c0s31b0n0:61239:1150 [2] NCCL INFO  Max NThreads |            512 |            640 |            512 |            512 |            640 |            512 |              0 |              0 |            512 |              0 |              0 |            512 |
x3004c0s31b0n0:61239:1150 [2] NCCL INFO     Broadcast |     0.0/   0.0 |     0.0/   0.0 |     0.0/   0.0 |     4.1/  29.3 |    11.9/  80.0 |    11.8/  88.0 |     0.0/   0.0 |     0.0/   0.0 |     0.0/   0.0 |     0.0/   0.0 |     0.0/   0.0 |     0.0/   0.0 |
x3004c0s31b0n0:61239:1150 [2] NCCL INFO        Reduce |     0.0/   0.0 |     0.0/   0.0 |     0.0/   0.0 |     4.1/  22.0 |    11.9/  80.0 |    11.8/  88.0 |     0.0/   0.0 |     0.0/   0.0 |     0.0/   0.0 |     0.0/   0.0 |     0.0/   0.0 |     0.0/   0.0 |
x3004c0s31b0n0:61239:1150 [2] NCCL INFO     AllGather |     0.0/   0.0 |     0.0/   0.0 |     0.0/   0.0 |     4.1/  58.7 |    11.9/ 160.0 |    11.8/ 176.0 |     0.0/   0.0 |     0.0/   0.0 |     0.0/   0.0 |     0.0/   0.0 |     0.0/   0.0 |     0.0/   0.0 |
x3004c0s31b0n0:61239:1150 [2] NCCL INFO ReduceScatter |     0.0/   0.0 |     0.0/   0.0 |     0.0/   0.0 |     4.1/  58.7 |    11.9/ 160.0 |    11.8/ 176.0 |     0.0/   0.0 |     0.0/   0.0 |     0.0/   0.0 |     0.0/   0.0 |     0.0/   0.0 |     0.0/   0.0 |
x3004c0s31b0n0:61239:1150 [2] NCCL INFO     AllReduce |     5.4/  10.7 |     6.9/  31.5 |    56.0/  40.5 |     4.5/  22.0 |    13.8/  80.0 |    15.2/  88.0 |     5.4/   0.0 |     5.4/   0.0 |    27.7/   0.0 |     4.4/   0.0 |     4.4/   0.0 |    16.0/   0.0 |
x3004c0s31b0n0:61239:1150 [2] NCCL INFO threadThresholds 8/8/64 | 16/8/64 | 512 | 512
x3004c0s31b0n0:61239:1150 [2] NCCL INFO 8 coll channels, 8 p2p channels, 8 p2p channels per peer
x3004c0s31b0n0:61239:1186 [2] NCCL INFO Allocated 4194656 bytes of shared memory in /dev/shm/nccl-tiCfcQ

x3004c0s31b0n0:61239:1186 [2] NCCL INFO New proxy send connection 16 from local rank 0, transport 2
x3004c0s31b0n0:61237:1155 [1] NCCL INFO Connection to proxy localRank 1 -> connection 0x14b5e0001080
x3004c0s31b0n0:61237:1155 [1] NCCL INFO init.cc:367 Cuda Alloc Size 5168 pointer 0x14b64180de00
x3004c0s31b0n0:61235:1148 [0] NCCL INFO init.cc:367 Cuda Alloc Size 5168 pointer 0x1493a3e0de00
x3004c0s31b0n0:61235:1148 [0] NCCL INFO init.cc:392 Cuda Host Alloc Size 33554432 pointer 0x149312000000
x3004c0s31b0n0:61235:1148 [0] NCCL INFO init.cc:398 Cuda Host Alloc Size 128 pointer 0x1493a3400600
x3004c0s31b0n0:61235:1148 [0] NCCL INFO comm 0x55d00a5a6930 rank 0 nranks 2 cudaDev 0 busId 7000 - Init COMPLETE
x3004c0s31b0n0:61237:1155 [1] NCCL INFO init.cc:392 Cuda Host Alloc Size 33554432 pointer 0x14b5d2000000
x3004c0s31b0n0:61237:1155 [1] NCCL INFO init.cc:398 Cuda Host Alloc Size 128 pointer 0x14b640e00600
x3004c0s31b0n0:61237:1155 [1] NCCL INFO comm 0x55e1fad17360 rank 1 nranks 2 cudaDev 1 busId 46000 - Init COMPLETE
x3004c0s31b0n0:61237:1194 [1] NCCL INFO transport/net.cc:376 Cuda Alloc Size 16777216 pointer 0x14b5d0000000
[Hao INFO in ncclAllReduce (all_reduce.cc)] rank 0 ncclAllReduce: count: 1, datatype: ncclInt64, message size: 8 Bytes
x3004c0s31b0n0:61235:61235 [0] NCCL INFO AllReduce: opCount 0 sendbuff 0x14939ea00400 recvbuff 0x14939ea00400 count 1 datatype 4 op 0 root 0 comm 0x55d00a5a6930 [nranks=2] stream 0x55d0077384b0
x3004c0s31b0n0:61235:61235 [0] NCCL INFO misc/utils.cc:235 memory stack hunk malloc(65536)

[LYD INFO in ncclAllReduce (all_reduce.cc)] rank 0 AllReduce Time: 0.000019000 seconds

[LYD INFO in getAlgoInfo (enqueue.cc)] algorithm a is: 0

[LYD INFO in getAlgoInfo (enqueue.cc)] algorithm a is: 1

[LYD INFO in getAlgoInfo (enqueue.cc)] rank: 0, Duration between Point 1 and Point 2: 0.000003000 seconds

[LYD INFO in getAlgoInfo (enqueue.cc)] rank 0, Duration between Point 2 and Point 3: 0.000000000 seconds
[LYD INFO in getAlgoInfo (enqueue.cc)] out rank: 0
[LYD INFO in getAlgoInfo (enqueue.cc)] out coll: 4
[LYD INFO in getAlgoInfo (enqueue.cc)] out sendbuff address: 0x14939ea00400
[LYD INFO in getAlgoInfo (enqueue.cc)] out recvbuff address: 0x14939ea00400
[LYD INFO in getAlgoInfo (enqueue.cc)] out count: 1
[LYD INFO in getAlgoInfo (enqueue.cc)] out datatype: 4
[LYD INFO in getAlgoInfo (enqueue.cc)] out chunkSteps: 4
[LYD INFO in getAlgoInfo (enqueue.cc)] out sliceSteps: 2
[LYD INFO in getAlgoInfo (enqueue.cc)] out algorithm: 1
[LYD INFO in getAlgoInfo (enqueue.cc)] out protocol: 0
[LYD INFO in getAlgoInfo (enqueue.cc)] out nChannels: 1
[LYD INFO in getAlgoInfo (enqueue.cc)] out nThreads: 96
[LYD INFO in getAlgoInfo (enqueue.cc)] out nBytes: 8
[LYD INFO in getAlgoInfo (enqueue.cc)] out nstepsPerLoop: 0
[LYD INFO in getAlgoInfo (enqueue.cc)] out nchunksPerLoop: 0
[LYD INFO in getAlgoInfo (enqueue.cc)] out chunkSize: 0
[LYD INFO in ncclLaunchKernel (enqueue.cc)] NCHANNELS is: 8x3004c0s31b0n0:61239:1150 [2] NCCL INFO Connection to proxy localRank 0 -> connection 0x14b9600fc890
x3004c0s31b0n0:61239:1186 [2] NCCL INFO transport/net.cc:376 Cuda Alloc Size 16777216 pointer 0x14b8fa000000
x3004c0s31b0n0:61237:61237 [1] NCCL INFO AllReduce: opCount 0 sendbuff 0x14b67f600400 recvbuff 0x14b67f600400 count 1 datatype 4 op 0 root 0 comm 0x55e1fad17360 [nranks=2] stream 0x55e1f905b5e0
x3004c0s31b0n0:61237:61237 [1] NCCL INFO misc/utils.cc:235 memory stack hunk malloc(65536)
[LYD INFO in ncclLaunchKernel (enqueue.cc)] NCHANNELS is: 8x3004c0s31b0n0:61243:1156 [3] NCCL INFO Connection to proxy localRank 1 -> connection 0x14c3e0001080
x3004c0s31b0n0:61243:1156 [3] NCCL INFO init.cc:367 Cuda Alloc Size 5168 pointer 0x14c49be10400
x3004c0s31b0n0:61239:1150 [2] NCCL INFO init.cc:367 Cuda Alloc Size 5168 pointer 0x14b9a1811400
x3004c0s31b0n0:61239:1150 [2] NCCL INFO init.cc:392 Cuda Host Alloc Size 33554432 pointer 0x14b8f8000000
x3004c0s31b0n0:61239:1150 [2] NCCL INFO init.cc:398 Cuda Host Alloc Size 128 pointer 0x14b9a0e00a00
x3004c0s31b0n0:61239:1150 [2] NCCL INFO comm 0x55eebf9d5f30 rank 0 nranks 2 cudaDev 2 busId 85000 - Init COMPLETE
x3004c0s31b0n0:61243:1156 [3] NCCL INFO init.cc:392 Cuda Host Alloc Size 33554432 pointer 0x14c3d6000000
x3004c0s31b0n0:61243:1156 [3] NCCL INFO init.cc:398 Cuda Host Alloc Size 128 pointer 0x14c49b400a00
x3004c0s31b0n0:61243:1156 [3] NCCL INFO comm 0x55e6dbddb960 rank 1 nranks 2 cudaDev 3 busId c7000 - Init COMPLETE
x3004c0s31b0n0:61243:1195 [3] NCCL INFO transport/net.cc:376 Cuda Alloc Size 16777216 pointer 0x14c3d4000000
[Hao INFO in ncclAllReduce (all_reduce.cc)] rank 2 ncclAllReduce: count: 1, datatype: ncclInt64, message size: 8 Bytes
x3004c0s31b0n0:61239:61239 [2] NCCL INFO AllReduce: opCount 0 sendbuff 0x14b9e3600400 recvbuff 0x14b9e3600400 count 1 datatype 4 op 0 root 0 comm 0x55eebf9d5f30 [nranks=2] stream 0x55eebca39220
x3004c0s31b0n0:61239:61239 [2] NCCL INFO misc/utils.cc:235 memory stack hunk malloc(65536)

[LYD INFO in ncclAllReduce (all_reduce.cc)] rank 0 AllReduce Time: 0.000018000 seconds

[LYD INFO in getAlgoInfo (enqueue.cc)] algorithm a is: 0

[LYD INFO in getAlgoInfo (enqueue.cc)] algorithm a is: 1

[LYD INFO in getAlgoInfo (enqueue.cc)] rank: 0, Duration between Point 1 and Point 2: 0.000028000 seconds

[LYD INFO in getAlgoInfo (enqueue.cc)] rank 0, Duration between Point 2 and Point 3: 0.000000000 seconds
[LYD INFO in getAlgoInfo (enqueue.cc)] out rank: 0
[LYD INFO in getAlgoInfo (enqueue.cc)] out coll: 4
[LYD INFO in getAlgoInfo (enqueue.cc)] out sendbuff address: 0x14b9e3600400
[LYD INFO in getAlgoInfo (enqueue.cc)] out recvbuff address: 0x14b9e3600400
[LYD INFO in getAlgoInfo (enqueue.cc)] out count: 1
[LYD INFO in getAlgoInfo (enqueue.cc)] out datatype: 4
[LYD INFO in getAlgoInfo (enqueue.cc)] out chunkSteps: 4
[LYD INFO in getAlgoInfo (enqueue.cc)] out sliceSteps: 2
[LYD INFO in getAlgoInfo (enqueue.cc)] out algorithm: 1
[LYD INFO in getAlgoInfo (enqueue.cc)] out protocol: 0
[LYD INFO in getAlgoInfo (enqueue.cc)] out nChannels: 1
[LYD INFO in getAlgoInfo (enqueue.cc)] out nThreads: 96
[LYD INFO in getAlgoInfo (enqueue.cc)] out nBytes: 8
[LYD INFO in getAlgoInfo (enqueue.cc)] out nstepsPerLoop: 0
[LYD INFO in getAlgoInfo (enqueue.cc)] out nchunksPerLoop: 0
[LYD INFO in getAlgoInfo (enqueue.cc)] out chunkSize: 0
[LYD INFO in ncclLaunchKernel (enqueue.cc)] NCHANNELS is: 8x3004c0s31b0n0:61243:61243 [3] NCCL INFO AllReduce: opCount 0 sendbuff 0x14c497a00400 recvbuff 0x14c497a00400 count 1 datatype 4 op 0 root 0 comm 0x55e6dbddb960 [nranks=2] stream 0x55e6da648a60
x3004c0s31b0n0:61243:61243 [3] NCCL INFO misc/utils.cc:235 memory stack hunk malloc(65536)
[LYD INFO in ncclLaunchKernel (enqueue.cc)] NCHANNELS is: 8
[LYD INFO in NCCL_KERN_NAME (common.h)] 1 AllReduce RING LL Sum int64_t Elapsed time: 7 us

[LYD INFO in NCCL_KERN_NAME (common.h)] 0 AllReduce RING LL Sum int64_t Elapsed time: 2447 us

[LYD INFO in NCCL_KERN_NAME (common.h)] 1 AllReduce RING LL Sum int64_t Elapsed time: 7 us

[LYD INFO in NCCL_KERN_NAME (common.h)] 0 AllReduce RING LL Sum int64_t Elapsed time: 26024 us
x3004c0s31b0n0:61243:61243 [3] NCCL INFO init.cc:1147 Cuda Host Alloc Size 4 pointer 0x14c49b400c00
x3004c0s31b0n0:61237:61237 [1] NCCL INFO init.cc:1147 Cuda Host Alloc Size 4 pointer 0x14b640e00800
x3004c0s31b0n0:61239:61239 [2] NCCL INFO init.cc:1147 Cuda Host Alloc Size 4 pointer 0x14b9a0e00c00
x3004c0s31b0n0:61235:61235 [0] NCCL INFO init.cc:1147 Cuda Host Alloc Size 4 pointer 0x1493a3400800
x3004c0s31b0n0:61243:1399 [3] NCCL INFO Using network IB
x3004c0s31b0n0:61239:1401 [2] NCCL INFO Using network IB
x3004c0s31b0n0:61235:1402 [0] NCCL INFO Using network IB
x3004c0s31b0n0:61237:1400 [1] NCCL INFO Using network IB
x3004c0s31b0n0:61235:1402 [0] NCCL INFO NET/IB : GPU Direct RDMA Enabled for HCA 0 'mlx5_0'
x3004c0s31b0n0:61235:1402 [0] NCCL INFO NET/IB : GPU Direct RDMA Enabled for HCA 1 'mlx5_1'
x3004c0s31b0n0:61235:1402 [0] NCCL INFO GPU Direct RDMA Disabled for GPU 7000 / HCA 0 (distance 7 > 4)
x3004c0s31b0n0:61235:1402 [0] NCCL INFO GPU Direct RDMA Disabled for GPU 85000 / HCA 0 (distance 7 > 4)
x3004c0s31b0n0:61235:1402 [0] NCCL INFO GPU Direct RDMA Disabled for GPU 7000 / HCA 1 (distance 7 > 4)
x3004c0s31b0n0:61235:1402 [0] NCCL INFO GPU Direct RDMA Disabled for GPU 85000 / HCA 1 (distance 7 > 4)
x3004c0s31b0n0:61235:1402 [0] NCCL INFO GPU Direct RDMA Disabled for GPU 7000 / HCA 0 (distance 7 > 4)
x3004c0s31b0n0:61235:1402 [0] NCCL INFO GPU Direct RDMA Disabled for GPU 85000 / HCA 0 (distance 7 > 4)
x3004c0s31b0n0:61235:1402 [0] NCCL INFO GPU Direct RDMA Disabled for GPU 7000 / HCA 1 (distance 7 > 4)
x3004c0s31b0n0:61235:1402 [0] NCCL INFO GPU Direct RDMA Disabled for GPU 85000 / HCA 1 (distance 7 > 4)
x3004c0s31b0n0:61235:1402 [0] NCCL INFO === System : maxBw 12.0 totalBw 88.0 ===
x3004c0s31b0n0:61235:1402 [0] NCCL INFO CPU/3 (1/2/-1)
x3004c0s31b0n0:61235:1402 [0] NCCL INFO + SYS[5000.0] - CPU/1
x3004c0s31b0n0:61235:1402 [0] NCCL INFO + SYS[5000.0] - CPU/0
x3004c0s31b0n0:61235:1402 [0] NCCL INFO + SYS[5000.0] - CPU/2
x3004c0s31b0n0:61235:1402 [0] NCCL INFO + PCI[24.0] - PCI/5000 (11f8406811f8beef)
x3004c0s31b0n0:61235:1402 [0] NCCL INFO               + PCI[24.0] - GPU/7000 (8)
x3004c0s31b0n0:61235:1402 [0] NCCL INFO                             + NVL[88.0] - GPU/85000
x3004c0s31b0n0:61235:1402 [0] NCCL INFO CPU/1 (1/2/-1)
x3004c0s31b0n0:61235:1402 [0] NCCL INFO + SYS[5000.0] - CPU/3
x3004c0s31b0n0:61235:1402 [0] NCCL INFO + SYS[5000.0] - CPU/0
x3004c0s31b0n0:61235:1402 [0] NCCL INFO + SYS[5000.0] - CPU/2
x3004c0s31b0n0:61235:1402 [0] NCCL INFO + PCI[24.0] - PCI/83000 (11f8406811f8beef)
x3004c0s31b0n0:61235:1402 [0] NCCL INFO               + PCI[24.0] - GPU/85000 (9)
x3004c0s31b0n0:61235:1402 [0] NCCL INFO                             + NVL[88.0] - GPU/7000
x3004c0s31b0n0:61235:1402 [0] NCCL INFO CPU/0 (1/2/-1)
x3004c0s31b0n0:61235:1402 [0] NCCL INFO + SYS[5000.0] - CPU/3
x3004c0s31b0n0:61235:1402 [0] NCCL INFO + SYS[5000.0] - CPU/1
x3004c0s31b0n0:61235:1402 [0] NCCL INFO + SYS[5000.0] - CPU/2
x3004c0s31b0n0:61235:1402 [0] NCCL INFO + PCI[12.0] - NIC/C8000
x3004c0s31b0n0:61235:1402 [0] NCCL INFO               + NET[12.5] - NET/0 (ec4b02ffffa4e988/1/12.500000)
x3004c0s31b0n0:61235:1402 [0] NCCL INFO CPU/2 (1/2/-1)
x3004c0s31b0n0:61235:1402 [0] NCCL INFO + SYS[5000.0] - CPU/3
x3004c0s31b0n0:61235:1402 [0] NCCL INFO + SYS[5000.0] - CPU/1
x3004c0s31b0n0:61235:1402 [0] NCCL INFO + SYS[5000.0] - CPU/0
x3004c0s31b0n0:61235:1402 [0] NCCL INFO + PCI[12.0] - NIC/43000
x3004c0s31b0n0:61235:1402 [0] NCCL INFO               + NET[12.5] - NET/1 (e87604ffffa4e988/1/12.500000)
x3004c0s31b0n0:61235:1402 [0] NCCL INFO ==========================================
x3004c0s31b0n0:61235:1402 [0] NCCL INFO GPU/7000 :GPU/7000 (0/5000.000000/LOC) GPU/85000 (1/88.000000/NVL) CPU/3 (2/24.000000/PHB) CPU/1 (3/24.000000/SYS) CPU/0 (3/24.000000/SYS) CPU/2 (3/24.000000/SYS) NET/0 (5/12.000000/SYS) NET/1 (5/12.000000/SYS) 
x3004c0s31b0n0:61235:1402 [0] NCCL INFO GPU/85000 :GPU/7000 (1/88.000000/NVL) GPU/85000 (0/5000.000000/LOC) CPU/3 (3/24.000000/SYS) CPU/1 (2/24.000000/PHB) CPU/0 (3/24.000000/SYS) CPU/2 (3/24.000000/SYS) NET/0 (5/12.000000/SYS) NET/1 (5/12.000000/SYS) 
x3004c0s31b0n0:61235:1402 [0] NCCL INFO NET/0 :GPU/7000 (5/12.000000/SYS) GPU/85000 (5/12.000000/SYS) CPU/3 (3/12.000000/SYS) CPU/1 (3/12.000000/SYS) CPU/0 (2/12.000000/PHB) CPU/2 (3/12.000000/SYS) NET/0 (0/5000.000000/LOC) NET/1 (5/12.000000/SYS) 
x3004c0s31b0n0:61235:1402 [0] NCCL INFO NET/1 :GPU/7000 (5/12.000000/SYS) GPU/85000 (5/12.000000/SYS) CPU/3 (3/12.000000/SYS) CPU/1 (3/12.000000/SYS) CPU/0 (3/12.000000/SYS) CPU/2 (2/12.000000/PHB) NET/0 (5/12.000000/SYS) NET/1 (0/5000.000000/LOC) 
x3004c0s31b0n0:61235:1402 [0] NCCL INFO Pattern 4, crossNic 0, nChannels 2, bw 12.000000/12.000000, type NVL/SYS, sameChannels 1
x3004c0s31b0n0:61235:1402 [0] NCCL INFO  0 : NET/0 GPU/8 GPU/9 NET/0
x3004c0s31b0n0:61235:1402 [0] NCCL INFO  1 : NET/1 GPU/8 GPU/9 NET/1
x3004c0s31b0n0:61235:1402 [0] NCCL INFO Pattern 1, crossNic 0, nChannels 2, bw 24.000000/12.000000, type NVL/SYS, sameChannels 1
x3004c0s31b0n0:61235:1402 [0] NCCL INFO  0 : NET/0 GPU/8 GPU/9 NET/0
x3004c0s31b0n0:61235:1402 [0] NCCL INFO  1 : NET/1 GPU/8 GPU/9 NET/1
x3004c0s31b0n0:61235:1402 [0] NCCL INFO Pattern 3, crossNic 0, nChannels 0, bw 0.000000/0.000000, type NVL/PIX, sameChannels 1
x3004c0s31b0n0:61239:1401 [2] NCCL INFO NET/IB : GPU Direct RDMA Enabled for HCA 0 'mlx5_0'
x3004c0s31b0n0:61239:1401 [2] NCCL INFO NET/IB : GPU Direct RDMA Enabled for HCA 1 'mlx5_1'
x3004c0s31b0n0:61239:1401 [2] NCCL INFO GPU Direct RDMA Disabled for GPU 7000 / HCA 0 (distance 7 > 4)
x3004c0s31b0n0:61239:1401 [2] NCCL INFO GPU Direct RDMA Disabled for GPU 85000 / HCA 0 (distance 7 > 4)
x3004c0s31b0n0:61239:1401 [2] NCCL INFO GPU Direct RDMA Disabled for GPU 7000 / HCA 1 (distance 7 > 4)
x3004c0s31b0n0:61239:1401 [2] NCCL INFO GPU Direct RDMA Disabled for GPU 85000 / HCA 1 (distance 7 > 4)
x3004c0s31b0n0:61239:1401 [2] NCCL INFO GPU Direct RDMA Disabled for GPU 7000 / HCA 0 (distance 7 > 4)
x3004c0s31b0n0:61239:1401 [2] NCCL INFO GPU Direct RDMA Disabled for GPU 85000 / HCA 0 (distance 7 > 4)
x3004c0s31b0n0:61239:1401 [2] NCCL INFO GPU Direct RDMA Disabled for GPU 7000 / HCA 1 (distance 7 > 4)
x3004c0s31b0n0:61239:1401 [2] NCCL INFO GPU Direct RDMA Disabled for GPU 85000 / HCA 1 (distance 7 > 4)
x3004c0s31b0n0:61239:1401 [2] NCCL INFO === System : maxBw 12.0 totalBw 88.0 ===
x3004c0s31b0n0:61239:1401 [2] NCCL INFO CPU/3 (1/2/-1)
x3004c0s31b0n0:61239:1401 [2] NCCL INFO + SYS[5000.0] - CPU/1
x3004c0s31b0n0:61239:1401 [2] NCCL INFO + SYS[5000.0] - CPU/0
x3004c0s31b0n0:61239:1401 [2] NCCL INFO + SYS[5000.0] - CPU/2
x3004c0s31b0n0:61239:1401 [2] NCCL INFO + PCI[24.0] - PCI/5000 (11f8406811f8beef)
x3004c0s31b0n0:61239:1401 [2] NCCL INFO               + PCI[24.0] - GPU/7000 (8)
x3004c0s31b0n0:61239:1401 [2] NCCL INFO                             + NVL[88.0] - GPU/85000
x3004c0s31b0n0:61239:1401 [2] NCCL INFO CPU/1 (1/2/-1)
x3004c0s31b0n0:61239:1401 [2] NCCL INFO + SYS[5000.0] - CPU/3
x3004c0s31b0n0:61239:1401 [2] NCCL INFO + SYS[5000.0] - CPU/0
x3004c0s31b0n0:61239:1401 [2] NCCL INFO + SYS[5000.0] - CPU/2
x3004c0s31b0n0:61239:1401 [2] NCCL INFO + PCI[24.0] - PCI/83000 (11f8406811f8beef)
x3004c0s31b0n0:61239:1401 [2] NCCL INFO               + PCI[24.0] - GPU/85000 (9)
x3004c0s31b0n0:61239:1401 [2] NCCL INFO                             + NVL[88.0] - GPU/7000
x3004c0s31b0n0:61239:1401 [2] NCCL INFO CPU/0 (1/2/-1)
x3004c0s31b0n0:61239:1401 [2] NCCL INFO + SYS[5000.0] - CPU/3
x3004c0s31b0n0:61239:1401 [2] NCCL INFO + SYS[5000.0] - CPU/1
x3004c0s31b0n0:61239:1401 [2] NCCL INFO + SYS[5000.0] - CPU/2
x3004c0s31b0n0:61239:1401 [2] NCCL INFO + PCI[12.0] - NIC/C8000
x3004c0s31b0n0:61239:1401 [2] NCCL INFO               + NET[12.5] - NET/0 (ec4b02ffffa4e988/1/12.500000)
x3004c0s31b0n0:61239:1401 [2] NCCL INFO CPU/2 (1/2/-1)
x3004c0s31b0n0:61239:1401 [2] NCCL INFO + SYS[5000.0] - CPU/3
x3004c0s31b0n0:61239:1401 [2] NCCL INFO + SYS[5000.0] - CPU/1
x3004c0s31b0n0:61239:1401 [2] NCCL INFO + SYS[5000.0] - CPU/0
x3004c0s31b0n0:61239:1401 [2] NCCL INFO + PCI[12.0] - NIC/43000
x3004c0s31b0n0:61239:1401 [2] NCCL INFO               + NET[12.5] - NET/1 (e87604ffffa4e988/1/12.500000)
x3004c0s31b0n0:61239:1401 [2] NCCL INFO ==========================================
x3004c0s31b0n0:61239:1401 [2] NCCL INFO GPU/7000 :GPU/7000 (0/5000.000000/LOC) GPU/85000 (1/88.000000/NVL) CPU/3 (2/24.000000/PHB) CPU/1 (3/24.000000/SYS) CPU/0 (3/24.000000/SYS) CPU/2 (3/24.000000/SYS) NET/0 (5/12.000000/SYS) NET/1 (5/12.000000/SYS) 
x3004c0s31b0n0:61239:1401 [2] NCCL INFO GPU/85000 :GPU/7000 (1/88.000000/NVL) GPU/85000 (0/5000.000000/LOC) CPU/3 (3/24.000000/SYS) CPU/1 (2/24.000000/PHB) CPU/0 (3/24.000000/SYS) CPU/2 (3/24.000000/SYS) NET/0 (5/12.000000/SYS) NET/1 (5/12.000000/SYS) 
x3004c0s31b0n0:61239:1401 [2] NCCL INFO NET/0 :GPU/7000 (5/12.000000/SYS) GPU/85000 (5/12.000000/SYS) CPU/3 (3/12.000000/SYS) CPU/1 (3/12.000000/SYS) CPU/0 (2/12.000000/PHB) CPU/2 (3/12.000000/SYS) NET/0 (0/5000.000000/LOC) NET/1 (5/12.000000/SYS) 
x3004c0s31b0n0:61239:1401 [2] NCCL INFO NET/1 :GPU/7000 (5/12.000000/SYS) GPU/85000 (5/12.000000/SYS) CPU/3 (3/12.000000/SYS) CPU/1 (3/12.000000/SYS) CPU/0 (3/12.000000/SYS) CPU/2 (2/12.000000/PHB) NET/0 (5/12.000000/SYS) NET/1 (0/5000.000000/LOC) 
x3004c0s31b0n0:61239:1401 [2] NCCL INFO Pattern 4, crossNic 0, nChannels 2, bw 12.000000/12.000000, type NVL/SYS, sameChannels 1
x3004c0s31b0n0:61239:1401 [2] NCCL INFO  0 : NET/0 GPU/8 GPU/9 NET/0
x3004c0s31b0n0:61239:1401 [2] NCCL INFO  1 : NET/1 GPU/8 GPU/9 NET/1
x3004c0s31b0n0:61239:1401 [2] NCCL INFO Pattern 1, crossNic 0, nChannels 2, bw 24.000000/12.000000, type NVL/SYS, sameChannels 1
x3004c0s31b0n0:61239:1401 [2] NCCL INFO  0 : NET/0 GPU/8 GPU/9 NET/0
x3004c0s31b0n0:61239:1401 [2] NCCL INFO  1 : NET/1 GPU/8 GPU/9 NET/1
x3004c0s31b0n0:61239:1401 [2] NCCL INFO Pattern 3, crossNic 0, nChannels 0, bw 0.000000/0.000000, type NVL/PIX, sameChannels 1
x3004c0s31b0n0:61243:1399 [3] NCCL INFO NET/IB : GPU Direct RDMA Enabled for HCA 0 'mlx5_0'
x3004c0s31b0n0:61243:1399 [3] NCCL INFO NET/IB : GPU Direct RDMA Enabled for HCA 1 'mlx5_1'
x3004c0s31b0n0:61243:1399 [3] NCCL INFO GPU Direct RDMA Disabled for GPU 46000 / HCA 1 (distance 6 > 4)
x3004c0s31b0n0:61243:1399 [3] NCCL INFO GPU Direct RDMA Disabled for GPU c7000 / HCA 1 (distance 7 > 4)
x3004c0s31b0n0:61243:1399 [3] NCCL INFO GPU Direct RDMA Disabled for GPU 46000 / HCA 0 (distance 7 > 4)
x3004c0s31b0n0:61243:1399 [3] NCCL INFO GPU Direct RDMA Disabled for GPU c7000 / HCA 0 (distance 6 > 4)
x3004c0s31b0n0:61243:1399 [3] NCCL INFO GPU Direct RDMA Disabled for GPU 46000 / HCA 1 (distance 6 > 4)
x3004c0s31b0n0:61243:1399 [3] NCCL INFO GPU Direct RDMA Disabled for GPU c7000 / HCA 1 (distance 7 > 4)
x3004c0s31b0n0:61243:1399 [3] NCCL INFO GPU Direct RDMA Disabled for GPU 46000 / HCA 0 (distance 7 > 4)
x3004c0s31b0n0:61243:1399 [3] NCCL INFO GPU Direct RDMA Disabled for GPU c7000 / HCA 0 (distance 6 > 4)
x3004c0s31b0n0:61243:1399 [3] NCCL INFO === System : maxBw 12.0 totalBw 88.0 ===
x3004c0s31b0n0:61243:1399 [3] NCCL INFO CPU/2 (1/2/-1)
x3004c0s31b0n0:61243:1399 [3] NCCL INFO + SYS[5000.0] - CPU/0
x3004c0s31b0n0:61243:1399 [3] NCCL INFO + PCI[24.0] - PCI/44000 (11f8406811f8beef)
x3004c0s31b0n0:61243:1399 [3] NCCL INFO               + PCI[24.0] - GPU/46000 (8)
x3004c0s31b0n0:61243:1399 [3] NCCL INFO                             + NVL[88.0] - GPU/C7000
x3004c0s31b0n0:61243:1399 [3] NCCL INFO + PCI[12.0] - NIC/43000
x3004c0s31b0n0:61243:1399 [3] NCCL INFO               + NET[12.5] - NET/1 (e87604ffffa4e988/1/12.500000)
x3004c0s31b0n0:61243:1399 [3] NCCL INFO CPU/0 (1/2/-1)
x3004c0s31b0n0:61243:1399 [3] NCCL INFO + SYS[5000.0] - CPU/2
x3004c0s31b0n0:61243:1399 [3] NCCL INFO + PCI[24.0] - PCI/C5000 (11f8406811f8beef)
x3004c0s31b0n0:61243:1399 [3] NCCL INFO               + PCI[24.0] - GPU/C7000 (9)
x3004c0s31b0n0:61243:1399 [3] NCCL INFO                             + NVL[88.0] - GPU/46000
x3004c0s31b0n0:61243:1399 [3] NCCL INFO + PCI[12.0] - NIC/C8000
x3004c0s31b0n0:61243:1399 [3] NCCL INFO               + NET[12.5] - NET/0 (ec4b02ffffa4e988/1/12.500000)
x3004c0s31b0n0:61243:1399 [3] NCCL INFO ==========================================
x3004c0s31b0n0:61243:1399 [3] NCCL INFO GPU/46000 :GPU/46000 (0/5000.000000/LOC) GPU/C7000 (1/88.000000/NVL) CPU/2 (2/24.000000/PHB) CPU/0 (3/24.000000/SYS) NET/1 (4/12.000000/PHB) NET/0 (5/12.000000/SYS) 
x3004c0s31b0n0:61243:1399 [3] NCCL INFO GPU/C7000 :GPU/46000 (1/88.000000/NVL) GPU/C7000 (0/5000.000000/LOC) CPU/2 (3/24.000000/SYS) CPU/0 (2/24.000000/PHB) NET/1 (5/12.000000/SYS) NET/0 (4/12.000000/PHB) 
x3004c0s31b0n0:61243:1399 [3] NCCL INFO NET/1 :GPU/46000 (4/12.000000/PHB) GPU/C7000 (5/12.000000/SYS) CPU/2 (2/12.000000/PHB) CPU/0 (3/12.000000/SYS) NET/1 (0/5000.000000/LOC) NET/0 (5/12.000000/SYS) 
x3004c0s31b0n0:61243:1399 [3] NCCL INFO NET/0 :GPU/46000 (5/12.000000/SYS) GPU/C7000 (4/12.000000/PHB) CPU/2 (3/12.000000/SYS) CPU/0 (2/12.000000/PHB) NET/1 (5/12.000000/SYS) NET/0 (0/5000.000000/LOC) 
x3004c0s31b0n0:61243:1399 [3] NCCL INFO Setting affinity for GPU 3 to 01
x3004c0s31b0n0:61243:1399 [3] NCCL INFO Pattern 4, crossNic 0, nChannels 2, bw 12.000000/12.000000, type NVL/SYS, sameChannels 1
x3004c0s31b0n0:61243:1399 [3] NCCL INFO  0 : NET/1 GPU/8 GPU/9 NET/1
x3004c0s31b0n0:61243:1399 [3] NCCL INFO  1 : NET/0 GPU/8 GPU/9 NET/0
x3004c0s31b0n0:61243:1399 [3] NCCL INFO Pattern 1, crossNic 0, nChannels 2, bw 24.000000/12.000000, type NVL/SYS, sameChannels 1
x3004c0s31b0n0:61243:1399 [3] NCCL INFO  0 : NET/1 GPU/8 GPU/9 NET/1
x3004c0s31b0n0:61243:1399 [3] NCCL INFO  1 : NET/0 GPU/8 GPU/9 NET/0
x3004c0s31b0n0:61243:1399 [3] NCCL INFO Pattern 3, crossNic 0, nChannels 0, bw 0.000000/0.000000, type NVL/PIX, sameChannels 1
x3004c0s31b0n0:61237:1400 [1] NCCL INFO NET/IB : GPU Direct RDMA Enabled for HCA 0 'mlx5_0'
x3004c0s31b0n0:61237:1400 [1] NCCL INFO NET/IB : GPU Direct RDMA Enabled for HCA 1 'mlx5_1'
x3004c0s31b0n0:61237:1400 [1] NCCL INFO GPU Direct RDMA Disabled for GPU 46000 / HCA 1 (distance 6 > 4)
x3004c0s31b0n0:61237:1400 [1] NCCL INFO GPU Direct RDMA Disabled for GPU c7000 / HCA 1 (distance 7 > 4)
x3004c0s31b0n0:61237:1400 [1] NCCL INFO GPU Direct RDMA Disabled for GPU 46000 / HCA 0 (distance 7 > 4)
x3004c0s31b0n0:61237:1400 [1] NCCL INFO GPU Direct RDMA Disabled for GPU c7000 / HCA 0 (distance 6 > 4)
x3004c0s31b0n0:61237:1400 [1] NCCL INFO GPU Direct RDMA Disabled for GPU 46000 / HCA 1 (distance 6 > 4)
x3004c0s31b0n0:61237:1400 [1] NCCL INFO GPU Direct RDMA Disabled for GPU c7000 / HCA 1 (distance 7 > 4)
x3004c0s31b0n0:61237:1400 [1] NCCL INFO GPU Direct RDMA Disabled for GPU 46000 / HCA 0 (distance 7 > 4)
x3004c0s31b0n0:61237:1400 [1] NCCL INFO GPU Direct RDMA Disabled for GPU c7000 / HCA 0 (distance 6 > 4)
x3004c0s31b0n0:61237:1400 [1] NCCL INFO === System : maxBw 12.0 totalBw 88.0 ===
x3004c0s31b0n0:61237:1400 [1] NCCL INFO CPU/2 (1/2/-1)
x3004c0s31b0n0:61237:1400 [1] NCCL INFO + SYS[5000.0] - CPU/0
x3004c0s31b0n0:61237:1400 [1] NCCL INFO + PCI[24.0] - PCI/44000 (11f8406811f8beef)
x3004c0s31b0n0:61237:1400 [1] NCCL INFO               + PCI[24.0] - GPU/46000 (8)
x3004c0s31b0n0:61237:1400 [1] NCCL INFO                             + NVL[88.0] - GPU/C7000
x3004c0s31b0n0:61237:1400 [1] NCCL INFO + PCI[12.0] - NIC/43000
x3004c0s31b0n0:61237:1400 [1] NCCL INFO               + NET[12.5] - NET/1 (e87604ffffa4e988/1/12.500000)
x3004c0s31b0n0:61237:1400 [1] NCCL INFO CPU/0 (1/2/-1)
x3004c0s31b0n0:61237:1400 [1] NCCL INFO + SYS[5000.0] - CPU/2
x3004c0s31b0n0:61237:1400 [1] NCCL INFO + PCI[24.0] - PCI/C5000 (11f8406811f8beef)
x3004c0s31b0n0:61237:1400 [1] NCCL INFO               + PCI[24.0] - GPU/C7000 (9)
x3004c0s31b0n0:61237:1400 [1] NCCL INFO                             + NVL[88.0] - GPU/46000
x3004c0s31b0n0:61237:1400 [1] NCCL INFO + PCI[12.0] - NIC/C8000
x3004c0s31b0n0:61237:1400 [1] NCCL INFO               + NET[12.5] - NET/0 (ec4b02ffffa4e988/1/12.500000)
x3004c0s31b0n0:61237:1400 [1] NCCL INFO ==========================================
x3004c0s31b0n0:61237:1400 [1] NCCL INFO GPU/46000 :GPU/46000 (0/5000.000000/LOC) GPU/C7000 (1/88.000000/NVL) CPU/2 (2/24.000000/PHB) CPU/0 (3/24.000000/SYS) NET/1 (4/12.000000/PHB) NET/0 (5/12.000000/SYS) 
x3004c0s31b0n0:61237:1400 [1] NCCL INFO GPU/C7000 :GPU/46000 (1/88.000000/NVL) GPU/C7000 (0/5000.000000/LOC) CPU/2 (3/24.000000/SYS) CPU/0 (2/24.000000/PHB) NET/1 (5/12.000000/SYS) NET/0 (4/12.000000/PHB) 
x3004c0s31b0n0:61237:1400 [1] NCCL INFO NET/1 :GPU/46000 (4/12.000000/PHB) GPU/C7000 (5/12.000000/SYS) CPU/2 (2/12.000000/PHB) CPU/0 (3/12.000000/SYS) NET/1 (0/5000.000000/LOC) NET/0 (5/12.000000/SYS) 
x3004c0s31b0n0:61237:1400 [1] NCCL INFO NET/0 :GPU/46000 (5/12.000000/SYS) GPU/C7000 (4/12.000000/PHB) CPU/2 (3/12.000000/SYS) CPU/0 (2/12.000000/PHB) NET/1 (5/12.000000/SYS) NET/0 (0/5000.000000/LOC) 
x3004c0s31b0n0:61237:1400 [1] NCCL INFO Pattern 4, crossNic 0, nChannels 2, bw 12.000000/12.000000, type NVL/SYS, sameChannels 1
x3004c0s31b0n0:61237:1400 [1] NCCL INFO  0 : NET/1 GPU/8 GPU/9 NET/1
x3004c0s31b0n0:61237:1400 [1] NCCL INFO  1 : NET/0 GPU/8 GPU/9 NET/0
x3004c0s31b0n0:61237:1400 [1] NCCL INFO Pattern 1, crossNic 0, nChannels 2, bw 24.000000/12.000000, type NVL/SYS, sameChannels 1
x3004c0s31b0n0:61237:1400 [1] NCCL INFO  0 : NET/1 GPU/8 GPU/9 NET/1
x3004c0s31b0n0:61237:1400 [1] NCCL INFO  1 : NET/0 GPU/8 GPU/9 NET/0
x3004c0s31b0n0:61237:1400 [1] NCCL INFO Pattern 3, crossNic 0, nChannels 0, bw 0.000000/0.000000, type NVL/PIX, sameChannels 1
x3004c0s31b0n0:61235:1402 [0] NCCL INFO Tree 0 : 0 -> 8 -> 9/-1/-1
x3004c0s31b0n0:61235:1402 [0] NCCL INFO Tree 2 : 6 -> 8 -> 9/-1/-1
x3004c0s31b0n0:61235:1402 [0] NCCL INFO Tree 1 : 0 -> 8 -> 9/-1/-1
x3004c0s31b0n0:61235:1402 [0] NCCL INFO Tree 3 : 6 -> 8 -> 9/-1/-1
x3004c0s31b0n0:61235:1402 [0] NCCL INFO Ring 00 : 7 -> 8 -> 9
x3004c0s31b0n0:61235:1402 [0] NCCL INFO Ring 01 : 7 -> 8 -> 9
x3004c0s31b0n0:61235:1402 [0] NCCL INFO Ring 02 : 7 -> 8 -> 9
x3004c0s31b0n0:61235:1402 [0] NCCL INFO Ring 03 : 7 -> 8 -> 9
x3004c0s31b0n0:61235:1402 [0] NCCL INFO Trees [0] 9/-1/-1->8->0 [1] 9/-1/-1->8->0 [2] 9/-1/-1->8->6 [3] 9/-1/-1->8->6
x3004c0s31b0n0:61235:1402 [0] NCCL INFO misc/utils.cc:235 memory stack hunk malloc(65536)
x3004c0s31b0n0:61235:1402 [0] NCCL INFO channel.cc:23 Cuda Alloc Size 4224 pointer 0x1493a3e0f400
x3004c0s31b0n0:61235:1402 [0] NCCL INFO channel.cc:27 Cuda Alloc Size 40 pointer 0x1493a3e10600
x3004c0s31b0n0:61235:1402 [0] NCCL INFO channel.cc:23 Cuda Alloc Size 4224 pointer 0x1493a3e10800
x3004c0s31b0n0:61235:1402 [0] NCCL INFO channel.cc:27 Cuda Alloc Size 40 pointer 0x1493a3e11a00
x3004c0s31b0n0:61235:1402 [0] NCCL INFO channel.cc:23 Cuda Alloc Size 4224 pointer 0x1493a3e11c00
x3004c0s31b0n0:61235:1402 [0] NCCL INFO channel.cc:27 Cuda Alloc Size 40 pointer 0x1493a3e12e00
x3004c0s31b0n0:61235:1402 [0] NCCL INFO channel.cc:23 Cuda Alloc Size 4224 pointer 0x1493a3e13000
x3004c0s31b0n0:61235:1402 [0] NCCL INFO channel.cc:27 Cuda Alloc Size 40 pointer 0x1493a3e14200
x3004c0s31b0n0:61235:1402 [0] NCCL INFO GPU Direct RDMA Disabled for GPU 7000 / HCA 0 (distance 7 > 4)
x3004c0s31b0n0:61235:1495 [0] NCCL INFO Mem Realloc old size 0, new size 8 pointer 0x149304000c60
x3004c0s31b0n0:61235:1495 [0] NCCL INFO Allocated 4194656 bytes of shared memory in /dev/shm/nccl-KvcHtv

x3004c0s31b0n0:61235:1495 [0] NCCL INFO New proxy recv connection 0 from local rank 0, transport 2
x3004c0s31b0n0:61235:1402 [0] NCCL INFO Connection to proxy localRank 0 -> connection 0x149304000c80
x3004c0s31b0n0:61239:1401 [2] NCCL INFO Tree 0 : 8 -> 9 -> 4/-1/-1
x3004c0s31b0n0:61239:1401 [2] NCCL INFO Tree 2 : 8 -> 9 -> -1/-1/-1
x3004c0s31b0n0:61239:1401 [2] NCCL INFO Tree 1 : 8 -> 9 -> 4/-1/-1
x3004c0s31b0n0:61239:1401 [2] NCCL INFO Tree 3 : 8 -> 9 -> -1/-1/-1
x3004c0s31b0n0:61239:1401 [2] NCCL INFO Ring 00 : 8 -> 9 -> 0
x3004c0s31b0n0:61239:1401 [2] NCCL INFO Ring 01 : 8 -> 9 -> 0
x3004c0s31b0n0:61239:1401 [2] NCCL INFO Ring 02 : 8 -> 9 -> 0
x3004c0s31b0n0:61239:1401 [2] NCCL INFO Ring 03 : 8 -> 9 -> 0
x3004c0s31b0n0:61239:1401 [2] NCCL INFO Trees [0] 4/-1/-1->9->8 [1] 4/-1/-1->9->8 [2] -1/-1/-1->9->8 [3] -1/-1/-1->9->8
x3004c0s31b0n0:61239:1401 [2] NCCL INFO misc/utils.cc:235 memory stack hunk malloc(65536)
x3004c0s31b0n0:61239:1401 [2] NCCL INFO channel.cc:23 Cuda Alloc Size 4224 pointer 0x14b9a1812a00
x3004c0s31b0n0:61239:1401 [2] NCCL INFO channel.cc:27 Cuda Alloc Size 40 pointer 0x14b9a1813c00
x3004c0s31b0n0:61239:1401 [2] NCCL INFO channel.cc:23 Cuda Alloc Size 4224 pointer 0x14b9a1813e00
x3004c0s31b0n0:61239:1401 [2] NCCL INFO channel.cc:27 Cuda Alloc Size 40 pointer 0x14b9a1815000
x3004c0s31b0n0:61239:1401 [2] NCCL INFO channel.cc:23 Cuda Alloc Size 4224 pointer 0x14b9a1815200
x3004c0s31b0n0:61239:1401 [2] NCCL INFO channel.cc:27 Cuda Alloc Size 40 pointer 0x14b9a1816400
x3004c0s31b0n0:61239:1401 [2] NCCL INFO channel.cc:23 Cuda Alloc Size 4224 pointer 0x14b9a1816600
x3004c0s31b0n0:61239:1401 [2] NCCL INFO channel.cc:27 Cuda Alloc Size 40 pointer 0x14b9a1817800
x3004c0s31b0n0:61239:1497 [2] NCCL INFO Mem Realloc old size 0, new size 8 pointer 0x14b8f4000c60
x3004c0s31b0n0:61239:1497 [2] NCCL INFO New proxy recv connection 0 from local rank 1, transport 0
x3004c0s31b0n0:61239:1401 [2] NCCL INFO Connection to proxy localRank 1 -> connection 0x14b8f4000c80
x3004c0s31b0n0:61239:1497 [2] NCCL INFO transport/p2p.cc:449 Cuda Alloc Size 6291456 pointer 0x14b8fb000000
x3004c0s31b0n0:61235:1402 [0] NCCL INFO Channel 00/0 : 7[85000] -> 8[7000] [receive] via NET/IB/0
x3004c0s31b0n0:61235:1402 [0] NCCL INFO GPU Direct RDMA Disabled for GPU 7000 / HCA 1 (distance 7 > 4)
x3004c0s31b0n0:61235:1495 [0] NCCL INFO New proxy recv connection 1 from local rank 0, transport 2
