x3204c0s19b0n0:19939:23965 [1] NCCL INFO New proxy recv connection 1 from local rank 1, transport 2
x3204c0s19b0n0:19940:23958 [2] NCCL INFO transport/p2p.cc:430 Cuda Alloc Size 6291456 pointer 0x14a313800000
x3204c0s19b0n0:19941:23966 [3] NCCL INFO New proxy recv connection 1 from local rank 3, transport 0
x3204c0s19b0n0:19938:23837 [0] NCCL INFO Channel 03/0 : 0[7000] -> 2[85000] via P2P/IPC/read
x3204c0s19b0n0:19938:23957 [0] NCCL INFO New proxy send connection 3 from local rank 0, transport 0
x3204c0s19b0n0:19938:23837 [0] NCCL INFO Connection to proxy localRank 0 -> connection 0x14d900000d40
x3204c0s19b0n0:19940:23836 [2] NCCL INFO Channel 02/0 : 2[85000] -> 3[c7000] via P2P/IPC/read
x3204c0s19b0n0:19940:23958 [2] NCCL INFO New proxy send connection 2 from local rank 2, transport 0
x3204c0s19b0n0:19939:23838 [1] NCCL INFO Connection to proxy localRank 1 -> connection 0x154a38000cc0
x3204c0s19b0n0:19941:23839 [3] NCCL INFO Connection to proxy localRank 3 -> connection 0x153b80000cc0
x3204c0s19b0n0:19941:23966 [3] NCCL INFO transport/p2p.cc:449 Cuda Alloc Size 6291456 pointer 0x153bf4a00000
x3204c0s19b0n0:19938:23957 [0] NCCL INFO transport/p2p.cc:430 Cuda Alloc Size 6291456 pointer 0x14d906600000
x3204c0s19b0n0:19940:23836 [2] NCCL INFO Connection to proxy localRank 2 -> connection 0x14a280000d00
x3204c0s19b0n0:19940:23958 [2] NCCL INFO transport/p2p.cc:430 Cuda Alloc Size 6291456 pointer 0x14a313e00000
x3204c0s19b0n0:19941:23966 [3] NCCL INFO New proxy recv connection 2 from local rank 3, transport 0
x3204c0s19b0n0:19939:23838 [1] NCCL INFO Channel 01/0 : 19[c7000] -> 1[46000] [receive] via NET/IB/0
x3204c0s19b0n0:19939:23838 [1] NCCL INFO GPU Direct RDMA Disabled for GPU 46000 / HCA 1 (distance 6 > 4)
x3204c0s19b0n0:19939:23965 [1] NCCL INFO New proxy recv connection 2 from local rank 1, transport 2
x3204c0s19b0n0:19941:23839 [3] NCCL INFO Connection to proxy localRank 3 -> connection 0x153b80000d00
x3204c0s19b0n0:19941:23966 [3] NCCL INFO transport/p2p.cc:449 Cuda Alloc Size 6291456 pointer 0x153bf5000000
x3204c0s19b0n0:19941:23966 [3] NCCL INFO New proxy recv connection 3 from local rank 3, transport 0
x3204c0s19b0n0:19940:23836 [2] NCCL INFO Channel 03/0 : 2[85000] -> 3[c7000] via P2P/IPC/read
x3204c0s19b0n0:19940:23958 [2] NCCL INFO New proxy send connection 3 from local rank 2, transport 0
x3204c0s19b0n0:19939:23838 [1] NCCL INFO Connection to proxy localRank 1 -> connection 0x154a38000d00
x3204c0s19b0n0:19941:23839 [3] NCCL INFO Connection to proxy localRank 3 -> connection 0x153b80000d40
x3204c0s19b0n0:19941:23966 [3] NCCL INFO transport/p2p.cc:449 Cuda Alloc Size 6291456 pointer 0x153b86000000
x3204c0s19b0n0:19940:23836 [2] NCCL INFO Connection to proxy localRank 2 -> connection 0x14a280000d40
x3204c0s19b0n0:19940:23958 [2] NCCL INFO transport/p2p.cc:430 Cuda Alloc Size 6291456 pointer 0x14a314400000
x3204c0s19b0n0:19941:23839 [3] NCCL INFO GPU Direct RDMA Disabled for GPU c7000 / HCA 1 (distance 7 > 4)
x3204c0s19b0n0:19940:23958 [2] NCCL INFO New proxy recv connection 4 from local rank 2, transport 0
x3204c0s19b0n0:19941:23966 [3] NCCL INFO Allocated 4194656 bytes of shared memory in /dev/shm/nccl-OadxD4

x3204c0s19b0n0:19941:23966 [3] NCCL INFO New proxy send connection 4 from local rank 3, transport 2
x3204c0s19b0n0:19939:23838 [1] NCCL INFO Channel 02/0 : 19[c7000] -> 1[46000] [receive] via NET/IB/1
x3204c0s19b0n0:19939:23838 [1] NCCL INFO GPU Direct RDMA Disabled for GPU 46000 / HCA 0 (distance 7 > 4)
x3204c0s19b0n0:19939:23965 [1] NCCL INFO New proxy recv connection 3 from local rank 1, transport 2
x3204c0s19b0n0:19940:23836 [2] NCCL INFO Connection to proxy localRank 2 -> connection 0x14a280000d80
x3204c0s19b0n0:19939:23838 [1] NCCL INFO Connection to proxy localRank 1 -> connection 0x154a38000d40
x3204c0s19b0n0:19941:23839 [3] NCCL INFO Connection to proxy localRank 3 -> connection 0x153b80000d80
x3204c0s19b0n0:19941:23839 [3] NCCL INFO Channel 00/0 : 3[c7000] -> 5[46000] [send] via NET/IB/1
x3204c0s19b0n0:19941:23839 [3] NCCL INFO GPU Direct RDMA Disabled for GPU c7000 / HCA 0 (distance 6 > 4)
x3204c0s19b0n0:19941:23966 [3] NCCL INFO New proxy send connection 5 from local rank 3, transport 2
x3204c0s19b0n0:19940:23958 [2] NCCL INFO transport/p2p.cc:449 Cuda Alloc Size 6291456 pointer 0x14a286000000
x3204c0s19b0n0:19941:23839 [3] NCCL INFO Connection to proxy localRank 3 -> connection 0x153b80000dc0
x3204c0s19b0n0:19941:23839 [3] NCCL INFO Channel 01/0 : 3[c7000] -> 5[46000] [send] via NET/IB/0
x3204c0s19b0n0:19941:23839 [3] NCCL INFO GPU Direct RDMA Disabled for GPU c7000 / HCA 1 (distance 7 > 4)
x3204c0s19b0n0:19941:23966 [3] NCCL INFO New proxy send connection 6 from local rank 3, transport 2
x3204c0s19b0n0:19940:23958 [2] NCCL INFO New proxy recv connection 5 from local rank 2, transport 0
x3204c0s19b0n0:19939:23838 [1] NCCL INFO Channel 03/0 : 19[c7000] -> 1[46000] [receive] via NET/IB/0
x3204c0s19b0n0:19941:23839 [3] NCCL INFO Connection to proxy localRank 3 -> connection 0x153b80000e00
x3204c0s19b0n0:19941:23839 [3] NCCL INFO Channel 02/0 : 3[c7000] -> 5[46000] [send] via NET/IB/1
x3204c0s19b0n0:19941:23839 [3] NCCL INFO GPU Direct RDMA Disabled for GPU c7000 / HCA 0 (distance 6 > 4)
x3204c0s19b0n0:19941:23966 [3] NCCL INFO New proxy send connection 7 from local rank 3, transport 2
x3204c0s19b0n0:19941:23839 [3] NCCL INFO Connection to proxy localRank 3 -> connection 0x153b80000e40
x3204c0s19b0n0:19940:23836 [2] NCCL INFO Connection to proxy localRank 2 -> connection 0x14a280000dc0
x3204c0s19b0n0:19940:23958 [2] NCCL INFO transport/p2p.cc:449 Cuda Alloc Size 6291456 pointer 0x14a286600000
x3204c0s19b0n0:19941:23839 [3] NCCL INFO Channel 03/0 : 3[c7000] -> 5[46000] [send] via NET/IB/0
x3204c0s19b0n0:19941:23966 [3] NCCL INFO transport/net_ib.cc:596 Ib Alloc Size 26560 pointer 0x153b80020000
x3204c0s19b0n0:19940:23958 [2] NCCL INFO New proxy recv connection 6 from local rank 2, transport 0
x3204c0s19b0n0:19941:23966 [3] NCCL INFO NET/IB: Dev 1 Port 1 qpn 3018 mtu 5 GID 0 (80FE/CD3900FEFF000000)
x3204c0s19b0n0:19941:23966 [3] NCCL INFO transport/net_ib.cc:653 Ib Alloc Size 552 pointer 0x153b80038000
x3204c0s19b0n0:19941:23966 [3] NCCL INFO transport/net.cc:571 Cuda Host Alloc Size 9641984 pointer 0x153b7a000000
x3204c0s19b0n0:19940:23836 [2] NCCL INFO Connection to proxy localRank 2 -> connection 0x14a280000e00
x3204c0s19b0n0:19940:23958 [2] NCCL INFO transport/p2p.cc:449 Cuda Alloc Size 6291456 pointer 0x14a286c00000
x3204c0s19b0n0:19941:23966 [3] NCCL INFO transport/net_ib.cc:596 Ib Alloc Size 26560 pointer 0x153b8003a000
x3204c0s19b0n0:19941:23966 [3] NCCL INFO NET/IB: Dev 0 Port 1 qpn 4407 mtu 5 GID 0 (80FE/9B3900FEFF000000)
x3204c0s19b0n0:19941:23966 [3] NCCL INFO transport/net_ib.cc:653 Ib Alloc Size 552 pointer 0x153b80051000
x3204c0s19b0n0:19941:23966 [3] NCCL INFO transport/net.cc:571 Cuda Host Alloc Size 9641984 pointer 0x153b7aa00000
x3204c0s19b0n0:19940:23958 [2] NCCL INFO New proxy recv connection 7 from local rank 2, transport 0
x3204c0s19b0n0:19940:23836 [2] NCCL INFO Connection to proxy localRank 2 -> connection 0x14a280000e40
x3204c0s19b0n0:19940:23958 [2] NCCL INFO transport/p2p.cc:449 Cuda Alloc Size 6291456 pointer 0x14a287200000
x3204c0s19b0n0:19940:23836 [2] NCCL INFO Connected all rings
x3204c0s19b0n0:19939:23965 [1] NCCL INFO transport/net_ib.cc:683 Ib Alloc Size 21688 pointer 0x154a3801d000
x3204c0s19b0n0:19939:23965 [1] NCCL INFO transport/net_ib.cc:696 Ib Alloc Size 552 pointer 0x154a38024000
x3204c0s19b0n0:19941:23966 [3] NCCL INFO transport/net_ib.cc:596 Ib Alloc Size 26560 pointer 0x153b80053000
x3204c0s19b0n0:19941:23966 [3] NCCL INFO NET/IB: Dev 1 Port 1 qpn 3019 mtu 5 GID 0 (80FE/CD3900FEFF000000)
x3204c0s19b0n0:19941:23966 [3] NCCL INFO transport/net_ib.cc:653 Ib Alloc Size 552 pointer 0x153b8006a000
x3204c0s19b0n0:19941:23966 [3] NCCL INFO transport/net.cc:571 Cuda Host Alloc Size 9641984 pointer 0x153b7b400000
x3204c0s19b0n0:19938:23957 [0] NCCL INFO New proxy recv connection 4 from local rank 0, transport 0
x3204c0s19b0n0:19939:23965 [1] NCCL INFO transport/net_ib.cc:771 Ib Alloc Size 552 pointer 0x154a38041000
x3204c0s19b0n0:19939:23965 [1] NCCL INFO transport/net.cc:698 Cuda Host Alloc Size 9641984 pointer 0x154aafe00000
x3204c0s19b0n0:19939:23965 [1] NCCL INFO transport/net_ib.cc:683 Ib Alloc Size 21688 pointer 0x154a38043000
x3204c0s19b0n0:19939:23965 [1] NCCL INFO transport/net_ib.cc:696 Ib Alloc Size 552 pointer 0x154a3804a000
x3204c0s19b0n0:19938:23837 [0] NCCL INFO Connection to proxy localRank 0 -> connection 0x14d900000d80
x3204c0s19b0n0:19938:23957 [0] NCCL INFO transport/p2p.cc:449 Cuda Alloc Size 6291456 pointer 0x14d8fe600000
x3204c0s19b0n0:19939:23965 [1] NCCL INFO transport/net_ib.cc:771 Ib Alloc Size 552 pointer 0x154a38065000
x3204c0s19b0n0:19939:23965 [1] NCCL INFO transport/net.cc:698 Cuda Host Alloc Size 9641984 pointer 0x154ab0800000
x3204c0s19b0n0:19938:23957 [0] NCCL INFO New proxy recv connection 5 from local rank 0, transport 0
x3204c0s19b0n0:19940:23958 [2] NCCL INFO New proxy recv connection 8 from local rank 2, transport 0
x3204c0s19b0n0:19941:23966 [3] NCCL INFO transport/net_ib.cc:596 Ib Alloc Size 26560 pointer 0x153b8006c000
x3204c0s19b0n0:19939:23965 [1] NCCL INFO transport/net_ib.cc:683 Ib Alloc Size 21688 pointer 0x154a38067000
x3204c0s19b0n0:19939:23965 [1] NCCL INFO transport/net_ib.cc:696 Ib Alloc Size 552 pointer 0x154a3806e000
x3204c0s19b0n0:19941:23966 [3] NCCL INFO NET/IB: Dev 0 Port 1 qpn 4411 mtu 5 GID 0 (80FE/9B3900FEFF000000)
x3204c0s19b0n0:19941:23966 [3] NCCL INFO transport/net_ib.cc:653 Ib Alloc Size 552 pointer 0x153b80083000
x3204c0s19b0n0:19941:23966 [3] NCCL INFO transport/net.cc:571 Cuda Host Alloc Size 9641984 pointer 0x153b78000000
x3204c0s19b0n0:19938:23837 [0] NCCL INFO Connection to proxy localRank 0 -> connection 0x14d900000dc0
x3204c0s19b0n0:19938:23957 [0] NCCL INFO transport/p2p.cc:449 Cuda Alloc Size 6291456 pointer 0x14d8fec00000
x3204c0s19b0n0:19941:23839 [3] NCCL INFO Connected all rings
x3204c0s19b0n0:19941:23839 [3] NCCL INFO Channel 00/0 : 3[c7000] -> 2[85000] via P2P/IPC/read
x3204c0s19b0n0:19941:23966 [3] NCCL INFO New proxy send connection 8 from local rank 3, transport 0
x3204c0s19b0n0:19939:23965 [1] NCCL INFO transport/net_ib.cc:771 Ib Alloc Size 552 pointer 0x154a38089000
x3204c0s19b0n0:19939:23965 [1] NCCL INFO transport/net.cc:698 Cuda Host Alloc Size 9641984 pointer 0x154a32000000
x3204c0s19b0n0:19940:23836 [2] NCCL INFO Connection to proxy localRank 2 -> connection 0x14a280000e80
x3204c0s19b0n0:19940:23958 [2] NCCL INFO transport/p2p.cc:449 Cuda Alloc Size 6291456 pointer 0x14a27f200000
x3204c0s19b0n0:19939:23965 [1] NCCL INFO transport/net_ib.cc:683 Ib Alloc Size 21688 pointer 0x154a3808b000
x3204c0s19b0n0:19939:23965 [1] NCCL INFO transport/net_ib.cc:696 Ib Alloc Size 552 pointer 0x154a38092000
x3204c0s19b0n0:19938:23957 [0] NCCL INFO New proxy recv connection 6 from local rank 0, transport 0
x3204c0s19b0n0:19941:23839 [3] NCCL INFO Connection to proxy localRank 3 -> connection 0x153b80000e80
x3204c0s19b0n0:19939:23965 [1] NCCL INFO transport/net_ib.cc:771 Ib Alloc Size 552 pointer 0x154a380ad000
x3204c0s19b0n0:19939:23965 [1] NCCL INFO transport/net.cc:698 Cuda Host Alloc Size 9641984 pointer 0x154a32a00000
x3204c0s19b0n0:19941:23966 [3] NCCL INFO transport/p2p.cc:430 Cuda Alloc Size 6291456 pointer 0x153b78a00000
x3204c0s19b0n0:19941:23839 [3] NCCL INFO Channel 01/0 : 3[c7000] -> 2[85000] via P2P/IPC/read
x3204c0s19b0n0:19941:23966 [3] NCCL INFO New proxy send connection 9 from local rank 3, transport 0
x3204c0s19b0n0:19941:23839 [3] NCCL INFO Connection to proxy localRank 3 -> connection 0x153b80000ec0
x3204c0s19b0n0:19938:23837 [0] NCCL INFO Connection to proxy localRank 0 -> connection 0x14d900000e00
x3204c0s19b0n0:19938:23957 [0] NCCL INFO transport/p2p.cc:449 Cuda Alloc Size 6291456 pointer 0x14d8ff200000
x3204c0s19b0n0:19940:23958 [2] NCCL INFO New proxy recv connection 9 from local rank 2, transport 0
x3204c0s19b0n0:19940:23836 [2] NCCL INFO Connection to proxy localRank 2 -> connection 0x14a280000ec0
x3204c0s19b0n0:19939:23838 [1] NCCL INFO Channel 00/0 : 1[46000] -> 0[7000] via P2P/IPC/read
x3204c0s19b0n0:19939:23965 [1] NCCL INFO New proxy send connection 4 from local rank 1, transport 0
x3204c0s19b0n0:19940:23958 [2] NCCL INFO transport/p2p.cc:449 Cuda Alloc Size 6291456 pointer 0x14a27f800000
x3204c0s19b0n0:19941:23966 [3] NCCL INFO transport/p2p.cc:430 Cuda Alloc Size 6291456 pointer 0x153b79000000
x3204c0s19b0n0:19939:23838 [1] NCCL INFO Connection to proxy localRank 1 -> connection 0x154a38000d80
x3204c0s19b0n0:19939:23965 [1] NCCL INFO transport/p2p.cc:430 Cuda Alloc Size 6291456 pointer 0x154a33400000
x3204c0s19b0n0:19941:23839 [3] NCCL INFO Channel 02/0 : 3[c7000] -> 2[85000] via P2P/IPC/read
x3204c0s19b0n0:19941:23966 [3] NCCL INFO New proxy send connection 10 from local rank 3, transport 0
x3204c0s19b0n0:19941:23839 [3] NCCL INFO Connection to proxy localRank 3 -> connection 0x153b80000f00
x3204c0s19b0n0:19938:23957 [0] NCCL INFO New proxy recv connection 7 from local rank 0, transport 0
x3204c0s19b0n0:19938:23837 [0] NCCL INFO Connection to proxy localRank 0 -> connection 0x14d900000e40
x3204c0s19b0n0:19939:23838 [1] NCCL INFO Channel 01/0 : 1[46000] -> 0[7000] via P2P/IPC/read
x3204c0s19b0n0:19939:23965 [1] NCCL INFO New proxy send connection 5 from local rank 1, transport 0
x3204c0s19b0n0:19939:23838 [1] NCCL INFO Connection to proxy localRank 1 -> connection 0x154a38000dc0
x3204c0s19b0n0:19941:23966 [3] NCCL INFO transport/p2p.cc:430 Cuda Alloc Size 6291456 pointer 0x153b79600000
x3204c0s19b0n0:19939:23965 [1] NCCL INFO transport/p2p.cc:430 Cuda Alloc Size 6291456 pointer 0x154a33a00000
x3204c0s19b0n0:19940:23958 [2] NCCL INFO New proxy recv connection 10 from local rank 2, transport 0
x3204c0s19b0n0:19940:23836 [2] NCCL INFO Connection to proxy localRank 2 -> connection 0x14a280000f00
x3204c0s19b0n0:19938:23957 [0] NCCL INFO transport/p2p.cc:449 Cuda Alloc Size 6291456 pointer 0x14d8ff800000
x3204c0s19b0n0:19939:23838 [1] NCCL INFO Channel 02/0 : 1[46000] -> 0[7000] via P2P/IPC/read
x3204c0s19b0n0:19939:23965 [1] NCCL INFO New proxy send connection 6 from local rank 1, transport 0
x3204c0s19b0n0:19941:23839 [3] NCCL INFO Channel 03/0 : 3[c7000] -> 2[85000] via P2P/IPC/read
x3204c0s19b0n0:19941:23966 [3] NCCL INFO New proxy send connection 11 from local rank 3, transport 0
x3204c0s19b0n0:19940:23958 [2] NCCL INFO transport/p2p.cc:449 Cuda Alloc Size 6291456 pointer 0x14a27c000000
x3204c0s19b0n0:19939:23838 [1] NCCL INFO Connection to proxy localRank 1 -> connection 0x154a38000e00
x3204c0s19b0n0:19939:23965 [1] NCCL INFO transport/p2p.cc:430 Cuda Alloc Size 6291456 pointer 0x154ab1200000
x3204c0s19b0n0:19941:23839 [3] NCCL INFO Connection to proxy localRank 3 -> connection 0x153b80000f40
x3204c0s19b0n0:19941:23966 [3] NCCL INFO transport/p2p.cc:430 Cuda Alloc Size 6291456 pointer 0x153b76000000
x3204c0s19b0n0:19940:23958 [2] NCCL INFO New proxy recv connection 11 from local rank 2, transport 0
x3204c0s19b0n0:19940:23836 [2] NCCL INFO Connection to proxy localRank 2 -> connection 0x14a280000f40
x3204c0s19b0n0:19940:23958 [2] NCCL INFO transport/p2p.cc:449 Cuda Alloc Size 6291456 pointer 0x14a27c600000
x3204c0s19b0n0:19939:23838 [1] NCCL INFO Channel 03/0 : 1[46000] -> 0[7000] via P2P/IPC/read
x3204c0s19b0n0:19939:23965 [1] NCCL INFO New proxy send connection 7 from local rank 1, transport 0
x3204c0s19b0n0:19939:23838 [1] NCCL INFO Connection to proxy localRank 1 -> connection 0x154a38000e40
x3204c0s19b0n0:19939:23965 [1] NCCL INFO transport/p2p.cc:430 Cuda Alloc Size 6291456 pointer 0x154a2a000000
x3204c0s19b0n0:19939:23838 [1] NCCL INFO Connected all rings
x3204c0s19b0n0:19938:23837 [0] NCCL INFO Connected all rings
x3204c0s19b0n0:19938:23837 [0] NCCL INFO Channel 00/0 : 0[7000] -> 1[46000] via P2P/IPC/read
x3204c0s19b0n0:19938:23957 [0] NCCL INFO New proxy send connection 8 from local rank 0, transport 0
x3204c0s19b0n0:19939:23965 [1] NCCL INFO New proxy recv connection 8 from local rank 1, transport 0
x3204c0s19b0n0:19938:23837 [0] NCCL INFO Connection to proxy localRank 0 -> connection 0x14d900000e80
x3204c0s19b0n0:19938:23957 [0] NCCL INFO transport/p2p.cc:430 Cuda Alloc Size 6291456 pointer 0x14d8fd800000
x3204c0s19b0n0:19938:23837 [0] NCCL INFO Channel 01/0 : 0[7000] -> 1[46000] via P2P/IPC/read
x3204c0s19b0n0:19938:23957 [0] NCCL INFO New proxy send connection 9 from local rank 0, transport 0
x3204c0s19b0n0:19939:23838 [1] NCCL INFO Connection to proxy localRank 1 -> connection 0x154a38000e80
x3204c0s19b0n0:19939:23965 [1] NCCL INFO transport/p2p.cc:449 Cuda Alloc Size 6291456 pointer 0x154a28000000
x3204c0s19b0n0:19939:23965 [1] NCCL INFO New proxy recv connection 9 from local rank 1, transport 0
x3204c0s19b0n0:19938:23837 [0] NCCL INFO Connection to proxy localRank 0 -> connection 0x14d900000ec0
x3204c0s19b0n0:19938:23957 [0] NCCL INFO transport/p2p.cc:430 Cuda Alloc Size 6291456 pointer 0x14d8fa000000
x3204c0s19b0n0:19938:23837 [0] NCCL INFO Channel 02/0 : 0[7000] -> 1[46000] via P2P/IPC/read
x3204c0s19b0n0:19938:23957 [0] NCCL INFO New proxy send connection 10 from local rank 0, transport 0
x3204c0s19b0n0:19938:23837 [0] NCCL INFO Connection to proxy localRank 0 -> connection 0x14d900000f00
x3204c0s19b0n0:19938:23957 [0] NCCL INFO transport/p2p.cc:430 Cuda Alloc Size 6291456 pointer 0x14d8fa600000
x3204c0s19b0n0:19939:23838 [1] NCCL INFO Connection to proxy localRank 1 -> connection 0x154a38000ec0
x3204c0s19b0n0:19939:23965 [1] NCCL INFO transport/p2p.cc:449 Cuda Alloc Size 6291456 pointer 0x154a28600000
x3204c0s19b0n0:19939:23965 [1] NCCL INFO New proxy recv connection 10 from local rank 1, transport 0
x3204c0s19b0n0:19938:23837 [0] NCCL INFO Channel 03/0 : 0[7000] -> 1[46000] via P2P/IPC/read
x3204c0s19b0n0:19938:23957 [0] NCCL INFO New proxy send connection 11 from local rank 0, transport 0
x3204c0s19b0n0:19939:23838 [1] NCCL INFO Connection to proxy localRank 1 -> connection 0x154a38000f00
x3204c0s19b0n0:19939:23965 [1] NCCL INFO transport/p2p.cc:449 Cuda Alloc Size 6291456 pointer 0x154a28c00000
x3204c0s19b0n0:19939:23965 [1] NCCL INFO New proxy recv connection 11 from local rank 1, transport 0
x3204c0s19b0n0:19938:23837 [0] NCCL INFO Connection to proxy localRank 0 -> connection 0x14d900000f40
x3204c0s19b0n0:19938:23957 [0] NCCL INFO transport/p2p.cc:430 Cuda Alloc Size 6291456 pointer 0x14d8fac00000
x3204c0s19b0n0:19939:23838 [1] NCCL INFO Connection to proxy localRank 1 -> connection 0x154a38000f40
x3204c0s19b0n0:19939:23965 [1] NCCL INFO transport/p2p.cc:449 Cuda Alloc Size 6291456 pointer 0x154a29200000
x3204c0s19b0n0:19939:23838 [1] NCCL INFO Channel 00/0 : 1[46000] -> 2[85000] via P2P/IPC/read
x3204c0s19b0n0:19939:23965 [1] NCCL INFO New proxy send connection 12 from local rank 1, transport 0
x3204c0s19b0n0:19939:23838 [1] NCCL INFO Connection to proxy localRank 1 -> connection 0x154a38000f80
x3204c0s19b0n0:19939:23965 [1] NCCL INFO transport/p2p.cc:430 Cuda Alloc Size 6291456 pointer 0x154a29800000
x3204c0s19b0n0:19939:23838 [1] NCCL INFO Channel 01/0 : 1[46000] -> 2[85000] via P2P/IPC/read
x3204c0s19b0n0:19939:23965 [1] NCCL INFO New proxy send connection 13 from local rank 1, transport 0
x3204c0s19b0n0:19939:23838 [1] NCCL INFO Connection to proxy localRank 1 -> connection 0x154a38000fc0
x3204c0s19b0n0:19939:23965 [1] NCCL INFO transport/p2p.cc:430 Cuda Alloc Size 6291456 pointer 0x154a26000000
x3204c0s19b0n0:19939:23838 [1] NCCL INFO Channel 02/0 : 1[46000] -> 2[85000] via P2P/IPC/read
x3204c0s19b0n0:19939:23965 [1] NCCL INFO New proxy send connection 14 from local rank 1, transport 0
x3204c0s19b0n0:19939:23838 [1] NCCL INFO Connection to proxy localRank 1 -> connection 0x154a38001000
x3204c0s19b0n0:19939:23965 [1] NCCL INFO transport/p2p.cc:430 Cuda Alloc Size 6291456 pointer 0x154a26600000
x3204c0s19b0n0:19939:23838 [1] NCCL INFO Channel 03/0 : 1[46000] -> 2[85000] via P2P/IPC/read
x3204c0s19b0n0:19939:23965 [1] NCCL INFO New proxy send connection 15 from local rank 1, transport 0
x3204c0s19b0n0:19939:23838 [1] NCCL INFO Connection to proxy localRank 1 -> connection 0x154a38001040
x3204c0s19b0n0:19939:23965 [1] NCCL INFO transport/p2p.cc:430 Cuda Alloc Size 6291456 pointer 0x154a26c00000
x3204c0s19b0n0:19939:23838 [1] NCCL INFO GPU Direct RDMA Disabled for GPU 46000 / HCA 1 (distance 6 > 4)
x3204c0s19b0n0:19938:23837 [0] NCCL INFO GPU Direct RDMA Disabled for GPU 7000 / HCA 1 (distance 7 > 4)
x3204c0s19b0n0:19938:23957 [0] NCCL INFO Allocated 4194656 bytes of shared memory in /dev/shm/nccl-DzpoQQ

x3204c0s19b0n0:19938:23957 [0] NCCL INFO New proxy recv connection 12 from local rank 0, transport 2
x3204c0s19b0n0:19939:23965 [1] NCCL INFO New proxy recv connection 16 from local rank 1, transport 2
x3204c0s19b0n0:19940:23958 [2] NCCL INFO New proxy recv connection 12 from local rank 2, transport 0
x3204c0s19b0n0:19938:23837 [0] NCCL INFO Connection to proxy localRank 0 -> connection 0x14d900000f80
x3204c0s19b0n0:19938:23837 [0] NCCL INFO Channel 00/0 : 16[7000] -> 0[7000] [receive] via NET/IB/1
x3204c0s19b0n0:19938:23837 [0] NCCL INFO GPU Direct RDMA Disabled for GPU 7000 / HCA 0 (distance 7 > 4)
x3204c0s19b0n0:19939:23838 [1] NCCL INFO Connection to proxy localRank 1 -> connection 0x154a38001080
x3204c0s19b0n0:19940:23836 [2] NCCL INFO Connection to proxy localRank 2 -> connection 0x14a280000f80
x3204c0s19b0n0:19940:23958 [2] NCCL INFO transport/p2p.cc:449 Cuda Alloc Size 6291456 pointer 0x14a27a600000
x3204c0s19b0n0:19939:23838 [1] NCCL INFO Channel 02/0 : 12[7000] -> 1[46000] [receive] via NET/IB/1
x3204c0s19b0n0:19939:23838 [1] NCCL INFO GPU Direct RDMA Disabled for GPU 46000 / HCA 0 (distance 7 > 4)
x3204c0s19b0n0:19939:23965 [1] NCCL INFO New proxy recv connection 17 from local rank 1, transport 2
x3204c0s19b0n0:19939:23838 [1] NCCL INFO Connection to proxy localRank 1 -> connection 0x154a380010c0
x3204c0s19b0n0:19938:23957 [0] NCCL INFO New proxy recv connection 13 from local rank 0, transport 2
x3204c0s19b0n0:19938:23837 [0] NCCL INFO Connection to proxy localRank 0 -> connection 0x14d900000fc0
x3204c0s19b0n0:19940:23958 [2] NCCL INFO New proxy recv connection 13 from local rank 2, transport 0
x3204c0s19b0n0:19938:23837 [0] NCCL INFO Channel 01/0 : 16[7000] -> 0[7000] [receive] via NET/IB/0
x3204c0s19b0n0:19938:23837 [0] NCCL INFO GPU Direct RDMA Disabled for GPU 7000 / HCA 1 (distance 7 > 4)
x3204c0s19b0n0:19938:23957 [0] NCCL INFO New proxy send connection 14 from local rank 0, transport 2
x3204c0s19b0n0:19938:23837 [0] NCCL INFO Connection to proxy localRank 0 -> connection 0x14d900001000
x3204c0s19b0n0:19938:23837 [0] NCCL INFO Channel 02/0 : 0[7000] -> 4[7000] [send] via NET/IB/1
x3204c0s19b0n0:19938:23837 [0] NCCL INFO GPU Direct RDMA Disabled for GPU 7000 / HCA 0 (distance 7 > 4)
x3204c0s19b0n0:19938:23957 [0] NCCL INFO New proxy send connection 15 from local rank 0, transport 2
x3204c0s19b0n0:19939:23838 [1] NCCL INFO Channel 03/0 : 12[7000] -> 1[46000] [receive] via NET/IB/0
x3204c0s19b0n0:19940:23836 [2] NCCL INFO Connection to proxy localRank 2 -> connection 0x14a280000fc0
x3204c0s19b0n0:19940:23958 [2] NCCL INFO transport/p2p.cc:449 Cuda Alloc Size 6291456 pointer 0x14a27ac00000
x3204c0s19b0n0:19938:23837 [0] NCCL INFO Connection to proxy localRank 0 -> connection 0x14d900001040
x3204c0s19b0n0:19938:23837 [0] NCCL INFO Channel 03/0 : 0[7000] -> 4[7000] [send] via NET/IB/0
x3204c0s19b0n0:19940:23958 [2] NCCL INFO New proxy recv connection 14 from local rank 2, transport 0
x3204c0s19b0n0:19940:23836 [2] NCCL INFO Connection to proxy localRank 2 -> connection 0x14a280001000
x3204c0s19b0n0:19940:23958 [2] NCCL INFO transport/p2p.cc:449 Cuda Alloc Size 6291456 pointer 0x14a27b200000
x3204c0s19b0n0:19940:23958 [2] NCCL INFO New proxy recv connection 15 from local rank 2, transport 0
x3204c0s19b0n0:19940:23836 [2] NCCL INFO Connection to proxy localRank 2 -> connection 0x14a280001040
x3204c0s19b0n0:19940:23958 [2] NCCL INFO transport/p2p.cc:449 Cuda Alloc Size 6291456 pointer 0x14a27b800000
x3204c0s19b0n0:19940:23836 [2] NCCL INFO Channel 00/0 : 2[85000] -> 1[46000] via P2P/IPC/read
x3204c0s19b0n0:19940:23958 [2] NCCL INFO New proxy send connection 16 from local rank 2, transport 0
x3204c0s19b0n0:19940:23836 [2] NCCL INFO Connection to proxy localRank 2 -> connection 0x14a280001080
x3204c0s19b0n0:19940:23958 [2] NCCL INFO transport/p2p.cc:430 Cuda Alloc Size 6291456 pointer 0x14a278000000
x3204c0s19b0n0:19940:23836 [2] NCCL INFO Channel 01/0 : 2[85000] -> 1[46000] via P2P/IPC/read
x3204c0s19b0n0:19940:23958 [2] NCCL INFO New proxy send connection 17 from local rank 2, transport 0
x3204c0s19b0n0:19940:23836 [2] NCCL INFO Connection to proxy localRank 2 -> connection 0x14a2800010c0
x3204c0s19b0n0:19940:23958 [2] NCCL INFO transport/p2p.cc:430 Cuda Alloc Size 6291456 pointer 0x14a278600000
x3204c0s19b0n0:19940:23836 [2] NCCL INFO Channel 02/0 : 2[85000] -> 1[46000] via P2P/IPC/read
x3204c0s19b0n0:19940:23958 [2] NCCL INFO New proxy send connection 18 from local rank 2, transport 0
x3204c0s19b0n0:19940:23836 [2] NCCL INFO Connection to proxy localRank 2 -> connection 0x14a280001100
x3204c0s19b0n0:19940:23958 [2] NCCL INFO transport/p2p.cc:430 Cuda Alloc Size 6291456 pointer 0x14a278c00000
x3204c0s19b0n0:19940:23836 [2] NCCL INFO Channel 03/0 : 2[85000] -> 1[46000] via P2P/IPC/read
x3204c0s19b0n0:19940:23958 [2] NCCL INFO New proxy send connection 19 from local rank 2, transport 0
x3204c0s19b0n0:19940:23836 [2] NCCL INFO Connection to proxy localRank 2 -> connection 0x14a280001140
x3204c0s19b0n0:19940:23958 [2] NCCL INFO transport/p2p.cc:430 Cuda Alloc Size 6291456 pointer 0x14a279200000
x3204c0s19b0n0:19941:23839 [3] NCCL INFO Connected all trees by HAO
x3204c0s19b0n0:19941:23839 [3] NCCL INFO threadThresholds 8/8/64 | 160/8/64 | 512 | 512
x3204c0s19b0n0:19941:23839 [3] NCCL INFO 4 coll channels, 4 p2p channels, 2 p2p channels per peer
x3204c0s19b0n0:19941:23966 [3] NCCL INFO New proxy send connection 12 from local rank 3, transport 2
x3204c0s19b0n0:19941:23839 [3] NCCL INFO Connection to proxy localRank 3 -> connection 0x153b80000f80
x3204c0s19b0n0:19941:23966 [3] NCCL INFO transport/net.cc:376 Cuda Alloc Size 8388608 pointer 0x153b74000000
x3204c0s19b0n0:19938:23957 [0] NCCL INFO transport/net_ib.cc:596 Ib Alloc Size 26560 pointer 0x14d900026000
x3204c0s19b0n0:19938:23957 [0] NCCL INFO NET/IB: Dev 1 Port 1 qpn 3024 mtu 5 GID 0 (80FE/CD3900FEFF000000)
x3204c0s19b0n0:19938:23957 [0] NCCL INFO transport/net_ib.cc:653 Ib Alloc Size 552 pointer 0x14d90003e000
x3204c0s19b0n0:19938:23957 [0] NCCL INFO transport/net.cc:571 Cuda Host Alloc Size 9641984 pointer 0x14d8f8c00000
x3204c0s19b0n0:19938:23957 [0] NCCL INFO transport/net_ib.cc:596 Ib Alloc Size 26560 pointer 0x14d900040000
x3204c0s19b0n0:19938:23957 [0] NCCL INFO NET/IB: Dev 0 Port 1 qpn 4414 mtu 5 GID 0 (80FE/9B3900FEFF000000)
x3204c0s19b0n0:19938:23957 [0] NCCL INFO transport/net_ib.cc:653 Ib Alloc Size 552 pointer 0x14d900057000
x3204c0s19b0n0:19938:23957 [0] NCCL INFO transport/net.cc:571 Cuda Host Alloc Size 9641984 pointer 0x14d8f9600000
x3204c0s19b0n0:19938:23957 [0] NCCL INFO transport/net_ib.cc:683 Ib Alloc Size 21688 pointer 0x14d900059000
x3204c0s19b0n0:19938:23957 [0] NCCL INFO transport/net_ib.cc:696 Ib Alloc Size 552 pointer 0x14d900060000
x3204c0s19b0n0:19938:23957 [0] NCCL INFO transport/net_ib.cc:771 Ib Alloc Size 552 pointer 0x14d90007c000
x3204c0s19b0n0:19938:23957 [0] NCCL INFO transport/net.cc:698 Cuda Host Alloc Size 9641984 pointer 0x14d8f2000000
x3204c0s19b0n0:19938:23957 [0] NCCL INFO transport/net_ib.cc:683 Ib Alloc Size 21688 pointer 0x14d90007e000
x3204c0s19b0n0:19938:23957 [0] NCCL INFO transport/net_ib.cc:696 Ib Alloc Size 552 pointer 0x14d900085000
x3204c0s19b0n0:19938:23957 [0] NCCL INFO transport/net_ib.cc:771 Ib Alloc Size 552 pointer 0x14d9000a0000
x3204c0s19b0n0:19938:23957 [0] NCCL INFO transport/net.cc:698 Cuda Host Alloc Size 9641984 pointer 0x14d8f2a00000
x3204c0s19b0n0:19938:23837 [0] NCCL INFO GPU Direct RDMA Disabled for GPU 7000 / HCA 1 (distance 7 > 4)
x3204c0s19b0n0:19938:23957 [0] NCCL INFO New proxy recv connection 16 from local rank 0, transport 2
x3204c0s19b0n0:19939:23965 [1] NCCL INFO transport/net_ib.cc:683 Ib Alloc Size 21688 pointer 0x154a380be000
x3204c0s19b0n0:19939:23965 [1] NCCL INFO transport/net_ib.cc:696 Ib Alloc Size 552 pointer 0x154a3801b000
x3204c0s19b0n0:19938:23837 [0] NCCL INFO Connection to proxy localRank 0 -> connection 0x14d900001080
x3204c0s19b0n0:19938:23837 [0] NCCL INFO Channel 02/0 : 4[7000] -> 0[7000] [receive] via NET/IB/1
x3204c0s19b0n0:19938:23837 [0] NCCL INFO GPU Direct RDMA Disabled for GPU 7000 / HCA 0 (distance 7 > 4)
x3204c0s19b0n0:19939:23965 [1] NCCL INFO transport/net_ib.cc:771 Ib Alloc Size 552 pointer 0x154a380e0000
x3204c0s19b0n0:19939:23965 [1] NCCL INFO transport/net.cc:698 Cuda Host Alloc Size 9641984 pointer 0x154a22600000
x3204c0s19b0n0:19938:23957 [0] NCCL INFO New proxy recv connection 17 from local rank 0, transport 2
x3204c0s19b0n0:19938:23837 [0] NCCL INFO Connection to proxy localRank 0 -> connection 0x14d9000010c0
x3204c0s19b0n0:19938:23837 [0] NCCL INFO Channel 03/0 : 4[7000] -> 0[7000] [receive] via NET/IB/0
x3204c0s19b0n0:19938:23837 [0] NCCL INFO GPU Direct RDMA Disabled for GPU 7000 / HCA 1 (distance 7 > 4)
x3204c0s19b0n0:19939:23965 [1] NCCL INFO transport/net_ib.cc:683 Ib Alloc Size 21688 pointer 0x154a380e2000
x3204c0s19b0n0:19939:23965 [1] NCCL INFO transport/net_ib.cc:696 Ib Alloc Size 552 pointer 0x154a380e9000
x3204c0s19b0n0:19938:23957 [0] NCCL INFO New proxy send connection 18 from local rank 0, transport 2
x3204c0s19b0n0:19939:23965 [1] NCCL INFO transport/net_ib.cc:771 Ib Alloc Size 552 pointer 0x154a38104000
x3204c0s19b0n0:19939:23965 [1] NCCL INFO transport/net.cc:698 Cuda Host Alloc Size 9641984 pointer 0x154a23000000
x3204c0s19b0n0:19938:23837 [0] NCCL INFO Connection to proxy localRank 0 -> connection 0x14d900001100
x3204c0s19b0n0:19938:23837 [0] NCCL INFO Channel 00/0 : 0[7000] -> 16[7000] [send] via NET/IB/1
x3204c0s19b0n0:19938:23837 [0] NCCL INFO GPU Direct RDMA Disabled for GPU 7000 / HCA 0 (distance 7 > 4)
x3204c0s19b0n0:19938:23957 [0] NCCL INFO New proxy send connection 19 from local rank 0, transport 2
x3204c0s19b0n0:19939:23838 [1] NCCL INFO GPU Direct RDMA Disabled for GPU 46000 / HCA 1 (distance 6 > 4)
x3204c0s19b0n0:19939:23965 [1] NCCL INFO New proxy send connection 18 from local rank 1, transport 2
x3204c0s19b0n0:19938:23837 [0] NCCL INFO Connection to proxy localRank 0 -> connection 0x14d900001140
x3204c0s19b0n0:19938:23837 [0] NCCL INFO Channel 01/0 : 0[7000] -> 16[7000] [send] via NET/IB/0
x3204c0s19b0n0:19939:23838 [1] NCCL INFO Connection to proxy localRank 1 -> connection 0x154a38001100
x3204c0s19b0n0:19939:23838 [1] NCCL INFO Channel 02/0 : 1[46000] -> 12[7000] [send] via NET/IB/1
x3204c0s19b0n0:19939:23838 [1] NCCL INFO GPU Direct RDMA Disabled for GPU 46000 / HCA 0 (distance 7 > 4)
x3204c0s19b0n0:19939:23965 [1] NCCL INFO New proxy send connection 19 from local rank 1, transport 2
x3204c0s19b0n0:19939:23838 [1] NCCL INFO Connection to proxy localRank 1 -> connection 0x154a38001140
x3204c0s19b0n0:19939:23838 [1] NCCL INFO Channel 03/0 : 1[46000] -> 12[7000] [send] via NET/IB/0
x3204c0s19b0n0:19939:23965 [1] NCCL INFO transport/net_ib.cc:596 Ib Alloc Size 26560 pointer 0x154a38110000
x3204c0s19b0n0:19939:23965 [1] NCCL INFO NET/IB: Dev 1 Port 1 qpn 3029 mtu 5 GID 0 (80FE/CD3900FEFF000000)
x3204c0s19b0n0:19939:23965 [1] NCCL INFO transport/net_ib.cc:653 Ib Alloc Size 552 pointer 0x154a38127000
x3204c0s19b0n0:19939:23965 [1] NCCL INFO transport/net.cc:571 Cuda Host Alloc Size 9641984 pointer 0x154a20000000
x3204c0s19b0n0:19939:23965 [1] NCCL INFO transport/net_ib.cc:596 Ib Alloc Size 26560 pointer 0x154a38129000
x3204c0s19b0n0:19939:23965 [1] NCCL INFO NET/IB: Dev 0 Port 1 qpn 4420 mtu 5 GID 0 (80FE/9B3900FEFF000000)
x3204c0s19b0n0:19939:23965 [1] NCCL INFO transport/net_ib.cc:653 Ib Alloc Size 552 pointer 0x154a38140000
x3204c0s19b0n0:19939:23965 [1] NCCL INFO transport/net.cc:571 Cuda Host Alloc Size 9641984 pointer 0x154a20a00000
x3204c0s19b0n0:19939:23965 [1] NCCL INFO New proxy recv connection 20 from local rank 1, transport 0
x3204c0s19b0n0:19939:23838 [1] NCCL INFO Connection to proxy localRank 1 -> connection 0x154a38001180
x3204c0s19b0n0:19939:23965 [1] NCCL INFO transport/p2p.cc:449 Cuda Alloc Size 6291456 pointer 0x154a21400000
x3204c0s19b0n0:19939:23965 [1] NCCL INFO New proxy recv connection 21 from local rank 1, transport 0
x3204c0s19b0n0:19939:23838 [1] NCCL INFO Connection to proxy localRank 1 -> connection 0x154a380011c0
x3204c0s19b0n0:19939:23965 [1] NCCL INFO transport/p2p.cc:449 Cuda Alloc Size 6291456 pointer 0x154a21a00000
x3204c0s19b0n0:19938:23957 [0] NCCL INFO transport/net_ib.cc:596 Ib Alloc Size 26560 pointer 0x14d9000b6000
x3204c0s19b0n0:19938:23957 [0] NCCL INFO NET/IB: Dev 1 Port 1 qpn 3030 mtu 5 GID 0 (80FE/CD3900FEFF000000)
x3204c0s19b0n0:19938:23957 [0] NCCL INFO transport/net_ib.cc:653 Ib Alloc Size 552 pointer 0x14d9000cd000
x3204c0s19b0n0:19938:23957 [0] NCCL INFO transport/net.cc:571 Cuda Host Alloc Size 9641984 pointer 0x14d8f3400000
x3204c0s19b0n0:19938:23957 [0] NCCL INFO transport/net_ib.cc:596 Ib Alloc Size 26560 pointer 0x14d9000cf000
x3204c0s19b0n0:19938:23957 [0] NCCL INFO NET/IB: Dev 0 Port 1 qpn 4422 mtu 5 GID 0 (80FE/9B3900FEFF000000)
x3204c0s19b0n0:19938:23957 [0] NCCL INFO transport/net_ib.cc:653 Ib Alloc Size 552 pointer 0x14d9000e6000
x3204c0s19b0n0:19938:23957 [0] NCCL INFO transport/net.cc:571 Cuda Host Alloc Size 9641984 pointer 0x14d8f0000000
x3204c0s19b0n0:19938:23957 [0] NCCL INFO Mem Realloc old size 768, new size 1536 pointer 0x14d9000ce0d0
x3204c0s19b0n0:19939:23965 [1] NCCL INFO New proxy recv connection 22 from local rank 1, transport 0
x3204c0s19b0n0:19938:23957 [0] NCCL INFO transport/net_ib.cc:683 Ib Alloc Size 21688 pointer 0x14d9000e8000
x3204c0s19b0n0:19938:23957 [0] NCCL INFO transport/net_ib.cc:696 Ib Alloc Size 552 pointer 0x14d9000ef000
x3204c0s19b0n0:19939:23838 [1] NCCL INFO Connection to proxy localRank 1 -> connection 0x154a38001200
x3204c0s19b0n0:19939:23965 [1] NCCL INFO transport/p2p.cc:449 Cuda Alloc Size 6291456 pointer 0x154a23a00000
x3204c0s19b0n0:19938:23957 [0] NCCL INFO transport/net_ib.cc:771 Ib Alloc Size 552 pointer 0x14d90010a000
x3204c0s19b0n0:19938:23957 [0] NCCL INFO transport/net.cc:698 Cuda Host Alloc Size 9641984 pointer 0x14d8f0a00000
x3204c0s19b0n0:19938:23957 [0] NCCL INFO transport/net_ib.cc:683 Ib Alloc Size 21688 pointer 0x14d90010c000
x3204c0s19b0n0:19938:23957 [0] NCCL INFO transport/net_ib.cc:696 Ib Alloc Size 552 pointer 0x14d900113000
x3204c0s19b0n0:19939:23965 [1] NCCL INFO New proxy recv connection 23 from local rank 1, transport 0
x3204c0s19b0n0:19938:23957 [0] NCCL INFO transport/net_ib.cc:771 Ib Alloc Size 552 pointer 0x14d90012e000
x3204c0s19b0n0:19938:23957 [0] NCCL INFO transport/net.cc:698 Cuda Host Alloc Size 9641984 pointer 0x14d8f1400000
x3204c0s19b0n0:19939:23838 [1] NCCL INFO Connection to proxy localRank 1 -> connection 0x154a38001240
x3204c0s19b0n0:19939:23965 [1] NCCL INFO transport/p2p.cc:449 Cuda Alloc Size 6291456 pointer 0x154a1e000000
x3204c0s19b0n0:19939:23838 [1] NCCL INFO Connected all trees by HAO
x3204c0s19b0n0:19939:23838 [1] NCCL INFO threadThresholds 8/8/64 | 160/8/64 | 512 | 512
x3204c0s19b0n0:19939:23838 [1] NCCL INFO 4 coll channels, 4 p2p channels, 2 p2p channels per peer
x3204c0s19b0n0:19940:23836 [2] NCCL INFO Connected all trees by HAO
x3204c0s19b0n0:19940:23836 [2] NCCL INFO threadThresholds 8/8/64 | 160/8/64 | 512 | 512
x3204c0s19b0n0:19940:23836 [2] NCCL INFO 4 coll channels, 4 p2p channels, 2 p2p channels per peer
x3204c0s19b0n0:19940:23958 [2] NCCL INFO Allocated 4194656 bytes of shared memory in /dev/shm/nccl-iHzyeZ

x3204c0s19b0n0:19940:23958 [2] NCCL INFO New proxy send connection 20 from local rank 2, transport 2
x3204c0s19b0n0:19940:23836 [2] NCCL INFO Connection to proxy localRank 2 -> connection 0x14a280001180
x3204c0s19b0n0:19939:23965 [1] NCCL INFO New proxy send connection 24 from local rank 1, transport 2
x3204c0s19b0n0:19940:23958 [2] NCCL INFO transport/net.cc:376 Cuda Alloc Size 8388608 pointer 0x14a274c00000
x3204c0s19b0n0:19938:23837 [0] NCCL INFO Connected all trees by HAO
x3204c0s19b0n0:19938:23837 [0] NCCL INFO Latency/AlgBw |    Tree/    LL |    Tree/ LL128 |    Tree/Simple |    Ring/    LL |    Ring/ LL128 |    Ring/Simple | CollNetDirect/    LL | CollNetDirect/ LL128 | CollNetDirect/Simple | CollNetChain/    LL | CollNetChain/ LL128 | CollNetChain/Simple |
x3204c0s19b0n0:19938:23837 [0] NCCL INFO  Max NThreads |            512 |            640 |            512 |            512 |            640 |            512 |              0 |              0 |            512 |              0 |              0 |            512 |
x3204c0s19b0n0:19938:23837 [0] NCCL INFO     Broadcast |     0.0/   0.0 |     0.0/   0.0 |     0.0/   0.0 |     6.3/   6.0 |    14.0/   0.0 |    18.0/  24.0 |     0.0/   0.0 |     0.0/   0.0 |     0.0/   0.0 |     0.0/   0.0 |     0.0/   0.0 |     0.0/   0.0 |
x3204c0s19b0n0:19938:23837 [0] NCCL INFO        Reduce |     0.0/   0.0 |     0.0/   0.0 |     0.0/   0.0 |     6.3/   6.0 |    14.0/   0.0 |    18.0/  24.0 |     0.0/   0.0 |     0.0/   0.0 |     0.0/   0.0 |     0.0/   0.0 |     0.0/   0.0 |     0.0/   0.0 |
x3204c0s19b0n0:19938:23837 [0] NCCL INFO     AllGather |     0.0/   0.0 |     0.0/   0.0 |     0.0/   0.0 |    27.1/   6.3 |    54.5/   0.0 |    97.8/  25.3 |     0.0/   0.0 |     0.0/   0.0 |     0.0/   0.0 |     0.0/   0.0 |     0.0/   0.0 |     0.0/   0.0 |
x3204c0s19b0n0:19938:23837 [0] NCCL INFO ReduceScatter |     0.0/   0.0 |     0.0/   0.0 |     0.0/   0.0 |    27.1/   6.3 |    54.5/   0.0 |    97.8/  25.3 |     0.0/   0.0 |     0.0/   0.0 |     0.0/   0.0 |     0.0/   0.0 |     0.0/   0.0 |     0.0/   0.0 |
x3204c0s19b0n0:19938:23837 [0] NCCL INFO     AllReduce |    30.0/   2.9 |    45.9/   0.0 |   280.0/  11.0 |    54.3/   3.2 |   103.2/   0.0 |   199.6/  12.6 |     7.4/   0.0 |     7.4/   0.0 |    29.7/   0.0 |     4.4/   0.0 |     4.4/   0.0 |    48.0/   0.0 |
x3204c0s19b0n0:19938:23837 [0] NCCL INFO threadThresholds 8/8/64 | 160/8/64 | 512 | 512
x3204c0s19b0n0:19938:23837 [0] NCCL INFO 4 coll channels, 4 p2p channels, 2 p2p channels per peer
x3204c0s19b0n0:19938:23957 [0] NCCL INFO New proxy send connection 20 from local rank 0, transport 2
x3204c0s19b0n0:19939:23838 [1] NCCL INFO Connection to proxy localRank 1 -> connection 0x154a38001280
x3204c0s19b0n0:19939:23965 [1] NCCL INFO transport/net.cc:376 Cuda Alloc Size 8388608 pointer 0x154a1c000000
x3204c0s19b0n0:19938:23837 [0] NCCL INFO Connection to proxy localRank 0 -> connection 0x14d900001180
x3204c0s19b0n0:19938:23837 [0] NCCL INFO init.cc:367 Cuda Alloc Size 5168 pointer 0x14d987a22200
x3204c0s19b0n0:19939:23838 [1] NCCL INFO init.cc:367 Cuda Alloc Size 5168 pointer 0x154a8981fc00
x3204c0s19b0n0:19941:23839 [3] NCCL INFO init.cc:367 Cuda Alloc Size 5168 pointer 0x153bd181fc00
x3204c0s19b0n0:19940:23836 [2] NCCL INFO init.cc:367 Cuda Alloc Size 5168 pointer 0x14a301e1fc00
x3204c0s19b0n0:19941:23839 [3] NCCL INFO init.cc:392 Cuda Host Alloc Size 33554432 pointer 0x153b72000000
x3204c0s19b0n0:19941:23839 [3] NCCL INFO init.cc:398 Cuda Host Alloc Size 128 pointer 0x153bd0e00a00
x3204c0s19b0n0:19941:23839 [3] NCCL INFO comm 0x557e298de620 rank 3 nranks 20 cudaDev 3 busId c7000 - Init COMPLETE
x3204c0s19b0n0:19938:23957 [0] NCCL INFO transport/net.cc:376 Cuda Alloc Size 8388608 pointer 0x14d8ec000000
x3204c0s19b0n0:19938:23837 [0] NCCL INFO init.cc:392 Cuda Host Alloc Size 33554432 pointer 0x14d8ee000000
x3204c0s19b0n0:19938:23837 [0] NCCL INFO init.cc:398 Cuda Host Alloc Size 128 pointer 0x14d987000e00
x3204c0s19b0n0:19938:23837 [0] NCCL INFO comm 0x561e8bb78480 rank 0 nranks 20 cudaDev 0 busId 7000 - Init COMPLETE
x3204c0s19b0n0:19939:23838 [1] NCCL INFO init.cc:392 Cuda Host Alloc Size 33554432 pointer 0x154a1a000000
x3204c0s19b0n0:19939:23838 [1] NCCL INFO init.cc:398 Cuda Host Alloc Size 128 pointer 0x154a88e00a00
x3204c0s19b0n0:19939:23838 [1] NCCL INFO comm 0x564f9e815280 rank 1 nranks 20 cudaDev 1 busId 46000 - Init COMPLETE
x3204c0s19b0n0:19940:23836 [2] NCCL INFO init.cc:392 Cuda Host Alloc Size 33554432 pointer 0x14a26e000000
x3204c0s19b0n0:19940:23836 [2] NCCL INFO init.cc:398 Cuda Host Alloc Size 128 pointer 0x14a301400a00
x3204c0s19b0n0:19940:23836 [2] NCCL INFO comm 0x559827b6b290 rank 2 nranks 20 cudaDev 2 busId 85000 - Init COMPLETE
x3204c0s19b0n0:19941:19941 [3] NCCL INFO AllReduce: opCount 0 sendbuff 0x153c0f600400 recvbuff 0x153c0f600400 count 1 datatype 4 op 0 root 0 comm 0x557e298de620 [nranks=20] stream 0x557e2679b590
x3204c0s19b0n0:19941:19941 [3] NCCL INFO misc/utils.cc:235 memory stack hunk malloc(65536)
[LYD INFO in ncclLaunchKernel (enqueue.cc)] NCHANNELS is: 4x3204c0s19b0n0:19940:19940 [2] NCCL INFO AllReduce: opCount 0 sendbuff 0x14a2fd800400 recvbuff 0x14a2fd800400 count 1 datatype 4 op 0 root 0 comm 0x559827b6b290 [nranks=20] stream 0x559826204070
x3204c0s19b0n0:19940:19940 [2] NCCL INFO misc/utils.cc:235 memory stack hunk malloc(65536)
[LYD INFO in ncclLaunchKernel (enqueue.cc)] NCHANNELS is: 4[Hao INFO in ncclAllReduce (all_reduce.cc)] rank 0 ncclAllReduce: count: 1, datatype: ncclInt64, message size: 8 Bytes
x3204c0s19b0n0:19938:19938 [0] NCCL INFO AllReduce: opCount 0 sendbuff 0x14d9c7800400 recvbuff 0x14d9c7800400 count 1 datatype 4 op 0 root 0 comm 0x561e8bb78480 [nranks=20] stream 0x561e88c82200
x3204c0s19b0n0:19938:19938 [0] NCCL INFO misc/utils.cc:235 memory stack hunk malloc(65536)

[LYD INFO in ncclAllReduce (all_reduce.cc)] rank 0 AllReduce Time: 0.000043000 seconds

[LYD INFO in getAlgoInfo (enqueue.cc)] algorithm a is: 0

[LYD INFO in getAlgoInfo (enqueue.cc)] algorithm a is: 1

[LYD INFO in getAlgoInfo (enqueue.cc)] rank: 0, Duration between Point 1 and Point 2: 0.000011000 seconds

[LYD INFO in getAlgoInfo (enqueue.cc)] rank 0, Duration between Point 2 and Point 3: 0.000001000 seconds
[LYD INFO in getAlgoInfo (enqueue.cc)] out rank: 0
[LYD INFO in getAlgoInfo (enqueue.cc)] out coll: 4
[LYD INFO in getAlgoInfo (enqueue.cc)] out sendbuff address: 0x14d9c7800400
[LYD INFO in getAlgoInfo (enqueue.cc)] out recvbuff address: 0x14d9c7800400
[LYD INFO in getAlgoInfo (enqueue.cc)] out count: 1
[LYD INFO in getAlgoInfo (enqueue.cc)] out datatype: 4
[LYD INFO in getAlgoInfo (enqueue.cc)] out chunkSteps: 4
[LYD INFO in getAlgoInfo (enqueue.cc)] out sliceSteps: 2
[LYD INFO in getAlgoInfo (enqueue.cc)] out algorithm: 0
[LYD INFO in getAlgoInfo (enqueue.cc)] out protocol: 0
[LYD INFO in getAlgoInfo (enqueue.cc)] out nChannels: 1
[LYD INFO in getAlgoInfo (enqueue.cc)] out nThreads: 96
[LYD INFO in getAlgoInfo (enqueue.cc)] out nBytes: 8
[LYD INFO in getAlgoInfo (enqueue.cc)] out nstepsPerLoop: 0
[LYD INFO in getAlgoInfo (enqueue.cc)] out nchunksPerLoop: 0
[LYD INFO in getAlgoInfo (enqueue.cc)] out chunkSize: 0
[LYD INFO in ncclLaunchKernel (enqueue.cc)] NCHANNELS is: 4x3204c0s19b0n0:19939:19939 [1] NCCL INFO AllReduce: opCount 0 sendbuff 0x154acb600400 recvbuff 0x154acb600400 count 1 datatype 4 op 0 root 0 comm 0x564f9e815280 [nranks=20] stream 0x564f9d21dd90
x3204c0s19b0n0:19939:19939 [1] NCCL INFO misc/utils.cc:235 memory stack hunk malloc(65536)
[LYD INFO in ncclLaunchKernel (enqueue.cc)] NCHANNELS is: 4
[LYD INFO in NCCL_KERN_NAME (common.h)] 1 AllReduce TREE LL Sum int64_t Elapsed time: 487795 us

[LYD INFO in NCCL_KERN_NAME (common.h)] 2 AllReduce TREE LL Sum int64_t Elapsed time: 530872 us

[LYD INFO in NCCL_KERN_NAME (common.h)] 0 AllReduce TREE LL Sum int64_t Elapsed time: 522328 us
 > loading doc-idx mapping from /home/yuke/lyd/Megatron-LM/my-gpt2_text_document_train_indexmap_12800ns_512sl_1234s_doc_idx.npy

[LYD INFO in NCCL_KERN_NAME (common.h)] 3 AllReduce TREE LL Sum int64_t Elapsed time: 541040 us
 > loading sample-idx mapping from /home/yuke/lyd/Megatron-LM/my-gpt2_text_document_train_indexmap_12800ns_512sl_1234s_sample_idx.npy
 > loading shuffle-idx mapping from /home/yuke/lyd/Megatron-LM/my-gpt2_text_document_train_indexmap_12800ns_512sl_1234s_shuffle_idx.npy
[Hao INFO in ncclAllReduce (all_reduce.cc)] rank 2 ncclAllReduce: count: 1, datatype: ncclInt64, message size: 8 Bytes
x3204c0s19b0n0:19940:19940 [2] NCCL INFO AllReduce: opCount 0 sendbuff 0x14a2fd800400 recvbuff 0x14a2fd800400 count 1 datatype 4 op 0 root 0 comm 0x5598283faea0 [nranks=1] stream 0x5598261e1f00

[LYD INFO in ncclAllReduce (all_reduce.cc)] rank 0 AllReduce Time: 0.000035000 seconds
x3204c0s19b0n0:19940:19940 [2] NCCL INFO AllReduce: opCount 1 sendbuff 0x14a2fd800400 recvbuff 0x14a2fd800400 count 1 datatype 4 op 0 root 0 comm 0x559827b6b290 [nranks=20] stream 0x559826204070
[LYD INFO in ncclLaunchKernel (enqueue.cc)] NCHANNELS is: 4[Hao INFO in ncclAllReduce (all_reduce.cc)] rank 1 ncclAllReduce: count: 1, datatype: ncclInt64, message size: 8 Bytes
x3204c0s19b0n0:19939:19939 [1] NCCL INFO AllReduce: opCount 0 sendbuff 0x154acb600400 recvbuff 0x154acb600400 count 1 datatype 4 op 0 root 0 comm 0x564f9eb7fba0 [nranks=1] stream 0x564f9d21dc50

[LYD INFO in ncclAllReduce (all_reduce.cc)] rank 0 AllReduce Time: 0.000032000 seconds
x3204c0s19b0n0:19939:19939 [1] NCCL INFO AllReduce: opCount 1 sendbuff 0x154acb600400 recvbuff 0x154acb600400 count 1 datatype 4 op 0 root 0 comm 0x564f9e815280 [nranks=20] stream 0x564f9d21dd90
[LYD INFO in ncclLaunchKernel (enqueue.cc)] NCHANNELS is: 4[Hao INFO in ncclAllReduce (all_reduce.cc)] rank 3 ncclAllReduce: count: 1, datatype: ncclInt64, message size: 8 Bytes
x3204c0s19b0n0:19941:19941 [3] NCCL INFO AllReduce: opCount 0 sendbuff 0x153c0f600400 recvbuff 0x153c0f600400 count 1 datatype 4 op 0 root 0 comm 0x557e288d15f0 [nranks=1] stream 0x557e2679b450

[LYD INFO in ncclAllReduce (all_reduce.cc)] rank 0 AllReduce Time: 0.000032000 seconds
x3204c0s19b0n0:19941:19941 [3] NCCL INFO AllReduce: opCount 1 sendbuff 0x153c0f600400 recvbuff 0x153c0f600400 count 1 datatype 4 op 0 root 0 comm 0x557e298de620 [nranks=20] stream 0x557e2679b590
[LYD INFO in ncclLaunchKernel (enqueue.cc)] NCHANNELS is: 4    loaded indexed file in 0.051 seconds
    total number of samples: 13112
    total number of epochs: 1
[Hao INFO in ncclAllReduce (all_reduce.cc)] rank 0 ncclAllReduce: count: 1, datatype: ncclInt64, message size: 8 Bytes
x3204c0s19b0n0:19938:19938 [0] NCCL INFO AllReduce: opCount 0 sendbuff 0x14d9c7800400 recvbuff 0x14d9c7800400 count 1 datatype 4 op 0 root 0 comm 0x561e8b849c70 [nranks=1] stream 0x561e88c820c0

[LYD INFO in ncclAllReduce (all_reduce.cc)] rank 0 AllReduce Time: 0.000032000 seconds
[Hao INFO in ncclAllReduce (all_reduce.cc)] rank 0 ncclAllReduce: count: 1, datatype: ncclInt64, message size: 8 Bytes
x3204c0s19b0n0:19938:19938 [0] NCCL INFO AllReduce: opCount 1 sendbuff 0x14d9c7800400 recvbuff 0x14d9c7800400 count 1 datatype 4 op 0 root 0 comm 0x561e8bb78480 [nranks=20] stream 0x561e88c82200

[LYD INFO in ncclAllReduce (all_reduce.cc)] rank 0 AllReduce Time: 0.000021000 seconds

[LYD INFO in getAlgoInfo (enqueue.cc)] algorithm a is: 0

[LYD INFO in getAlgoInfo (enqueue.cc)] algorithm a is: 1

[LYD INFO in getAlgoInfo (enqueue.cc)] rank: 0, Duration between Point 1 and Point 2: 0.000010000 seconds

[LYD INFO in getAlgoInfo (enqueue.cc)] rank 0, Duration between Point 2 and Point 3: 0.000001000 seconds
[LYD INFO in getAlgoInfo (enqueue.cc)] out rank: 0
[LYD INFO in getAlgoInfo (enqueue.cc)] out coll: 4
[LYD INFO in getAlgoInfo (enqueue.cc)] out sendbuff address: 0x14d9c7800400
[LYD INFO in getAlgoInfo (enqueue.cc)] out recvbuff address: 0x14d9c7800400
[LYD INFO in getAlgoInfo (enqueue.cc)] out count: 1
[LYD INFO in getAlgoInfo (enqueue.cc)] out datatype: 4
[LYD INFO in getAlgoInfo (enqueue.cc)] out chunkSteps: 4
[LYD INFO in getAlgoInfo (enqueue.cc)] out sliceSteps: 2
[LYD INFO in getAlgoInfo (enqueue.cc)] out algorithm: 0
[LYD INFO in getAlgoInfo (enqueue.cc)] out protocol: 0
[LYD INFO in getAlgoInfo (enqueue.cc)] out nChannels: 1
[LYD INFO in getAlgoInfo (enqueue.cc)] out nThreads: 96
[LYD INFO in getAlgoInfo (enqueue.cc)] out nBytes: 8
[LYD INFO in getAlgoInfo (enqueue.cc)] out nstepsPerLoop: 0
[LYD INFO in getAlgoInfo (enqueue.cc)] out nchunksPerLoop: 0
[LYD INFO in getAlgoInfo (enqueue.cc)] out chunkSize: 0
[LYD INFO in ncclLaunchKernel (enqueue.cc)] NCHANNELS is: 4
[LYD INFO in NCCL_KERN_NAME (common.h)] 2 AllReduce TREE LL Sum int64_t Elapsed time: 90946 us

[LYD INFO in NCCL_KERN_NAME (common.h)] 1 AllReduce TREE LL Sum int64_t Elapsed time: 81395 us

[LYD INFO in NCCL_KERN_NAME (common.h)] 0 AllReduce TREE LL Sum int64_t Elapsed time: 35911 us
 > loading doc-idx mapping from /home/yuke/lyd/Megatron-LM/my-gpt2_text_document_valid_indexmap_1408ns_512sl_1234s_doc_idx.npy

[LYD INFO in NCCL_KERN_NAME (common.h)] 3 AllReduce TREE LL Sum int64_t Elapsed time: 61388 us
 > loading sample-idx mapping from /home/yuke/lyd/Megatron-LM/my-gpt2_text_document_valid_indexmap_1408ns_512sl_1234s_sample_idx.npy
 > loading shuffle-idx mapping from /home/yuke/lyd/Megatron-LM/my-gpt2_text_document_valid_indexmap_1408ns_512sl_1234s_shuffle_idx.npy
[Hao INFO in ncclAllReduce (all_reduce.cc)] rank 1 ncclAllReduce: count: 1, datatype: ncclInt64, message size: 8 Bytes
x3204c0s19b0n0:19939:19939 [1] NCCL INFO AllReduce: opCount 0 sendbuff 0x154acb600400 recvbuff 0x154acb600400 count 1 datatype 4 op 0 root 0 comm 0x564f9eb7fba0 [nranks=1] stream 0x564f9d21dc50

[LYD INFO in ncclAllReduce (all_reduce.cc)] rank 0 AllReduce Time: 0.000038000 seconds
x3204c0s19b0n0:19939:19939 [1] NCCL INFO AllReduce: opCount 2 sendbuff 0x154acb600400 recvbuff 0x154acb600400 count 1 datatype 4 op 0 root 0 comm 0x564f9e815280 [nranks=20] stream 0x564f9d21dd90
[LYD INFO in ncclLaunchKernel (enqueue.cc)] NCHANNELS is: 4[Hao INFO in ncclAllReduce (all_reduce.cc)] rank 2 ncclAllReduce: count: 1, datatype: ncclInt64, message size: 8 Bytes
