x3103c0s31b1n0:58468:59746 [1] NCCL INFO transport/net.cc:698 Cuda Host Alloc Size 9641984 pointer 0x14b05ca00000
x3103c0s31b1n0:58468:59746 [1] NCCL INFO Mem Realloc old size 0, new size 768 pointer 0x14b01006e4f0
x3103c0s31b1n0:58468:59746 [1] NCCL INFO transport/net_ib.cc:683 Ib Alloc Size 21688 pointer 0x14b01007b000
x3103c0s31b1n0:58468:59746 [1] NCCL INFO transport/net_ib.cc:696 Ib Alloc Size 552 pointer 0x14b010082000
x3103c0s31b1n0:58468:59746 [1] NCCL INFO transport/net_ib.cc:771 Ib Alloc Size 552 pointer 0x14b01009d000
x3103c0s31b1n0:58468:59746 [1] NCCL INFO transport/net.cc:698 Cuda Host Alloc Size 9641984 pointer 0x14b05d400000
x3103c0s31b1n0:58470:59602 [3] NCCL INFO Connection to proxy localRank 3 -> connection 0x149a14000e40
x3103c0s31b1n0:58470:59602 [3] NCCL INFO Channel 03/0 : 15[c7000] -> 1[46000] [send] via NET/IB/0
x3103c0s31b1n0:58470:59748 [3] NCCL INFO transport/net_ib.cc:596 Ib Alloc Size 26560 pointer 0x149a14020000
x3103c0s31b1n0:58470:59748 [3] NCCL INFO NET/IB: Dev 1 Port 1 qpn 10052 mtu 5 GID 0 (80FE/3C2100FEFF000000)
x3103c0s31b1n0:58470:59748 [3] NCCL INFO transport/net_ib.cc:653 Ib Alloc Size 552 pointer 0x149a14042000
x3103c0s31b1n0:58470:59748 [3] NCCL INFO transport/net.cc:571 Cuda Host Alloc Size 9641984 pointer 0x149a12c00000
x3103c0s31b1n0:58470:59748 [3] NCCL INFO Mem Realloc old size 0, new size 768 pointer 0x149a1402f0a0
x3103c0s31b1n0:58469:59600 [2] NCCL INFO Connection to proxy localRank 2 -> connection 0x14f3d0000e00
x3103c0s31b1n0:58469:59747 [2] NCCL INFO transport/p2p.cc:449 Cuda Alloc Size 6291456 pointer 0x14f3cf800000
x3103c0s31b1n0:58468:59746 [1] NCCL INFO transport/net_ib.cc:683 Ib Alloc Size 21688 pointer 0x14b01009f000
x3103c0s31b1n0:58468:59746 [1] NCCL INFO transport/net_ib.cc:696 Ib Alloc Size 552 pointer 0x14b0100a6000
x3103c0s31b1n0:58469:59747 [2] NCCL INFO New proxy recv connection 7 from local rank 2, transport 0
x3103c0s31b1n0:58469:59600 [2] NCCL INFO Connection to proxy localRank 2 -> connection 0x14f3d0000e40
x3103c0s31b1n0:58468:59746 [1] NCCL INFO transport/net_ib.cc:771 Ib Alloc Size 552 pointer 0x14b0100c1000
x3103c0s31b1n0:58468:59746 [1] NCCL INFO transport/net.cc:698 Cuda Host Alloc Size 9641984 pointer 0x14b05de00000
x3103c0s31b1n0:58470:59748 [3] NCCL INFO transport/net_ib.cc:596 Ib Alloc Size 26560 pointer 0x149a14044000
x3103c0s31b1n0:58470:59748 [3] NCCL INFO NET/IB: Dev 0 Port 1 qpn 15004 mtu 5 GID 0 (80FE/7D2100FEFF000000)
x3103c0s31b1n0:58470:59748 [3] NCCL INFO transport/net_ib.cc:653 Ib Alloc Size 552 pointer 0x149a14065000
x3103c0s31b1n0:58470:59748 [3] NCCL INFO transport/net.cc:571 Cuda Host Alloc Size 9641984 pointer 0x149a13600000
x3103c0s31b1n0:58470:59748 [3] NCCL INFO Mem Realloc old size 0, new size 768 pointer 0x149a140521f0
x3103c0s31b1n0:58469:59747 [2] NCCL INFO transport/p2p.cc:449 Cuda Alloc Size 6291456 pointer 0x14f3cc000000
x3103c0s31b1n0:58468:59598 [1] NCCL INFO Channel 00/0 : 13[46000] -> 12[7000] via P2P/IPC/read
x3103c0s31b1n0:58468:59746 [1] NCCL INFO New proxy send connection 4 from local rank 1, transport 0
x3103c0s31b1n0:58469:59600 [2] NCCL INFO Connected all rings
x3103c0s31b1n0:58469:59747 [2] NCCL INFO New proxy recv connection 8 from local rank 2, transport 0
x3103c0s31b1n0:58467:59745 [0] NCCL INFO New proxy recv connection 4 from local rank 0, transport 0
x3103c0s31b1n0:58470:59748 [3] NCCL INFO transport/net_ib.cc:596 Ib Alloc Size 26560 pointer 0x149a14067000
x3103c0s31b1n0:58468:59598 [1] NCCL INFO Connection to proxy localRank 1 -> connection 0x14b010000d80
x3103c0s31b1n0:58468:59746 [1] NCCL INFO transport/p2p.cc:430 Cuda Alloc Size 6291456 pointer 0x14b05e800000
x3103c0s31b1n0:58470:59748 [3] NCCL INFO NET/IB: Dev 1 Port 1 qpn 10053 mtu 5 GID 0 (80FE/3C2100FEFF000000)
x3103c0s31b1n0:58470:59748 [3] NCCL INFO transport/net_ib.cc:653 Ib Alloc Size 552 pointer 0x149a1407e000
x3103c0s31b1n0:58470:59748 [3] NCCL INFO transport/net.cc:571 Cuda Host Alloc Size 9641984 pointer 0x149a0a000000
x3103c0s31b1n0:58467:59603 [0] NCCL INFO Connection to proxy localRank 0 -> connection 0x14af30000d80
x3103c0s31b1n0:58467:59745 [0] NCCL INFO transport/p2p.cc:449 Cuda Alloc Size 6291456 pointer 0x14af7b000000
x3103c0s31b1n0:58469:59600 [2] NCCL INFO Connection to proxy localRank 2 -> connection 0x14f3d0000e80
x3103c0s31b1n0:58469:59747 [2] NCCL INFO transport/p2p.cc:449 Cuda Alloc Size 6291456 pointer 0x14f3ca000000
x3103c0s31b1n0:58470:59748 [3] NCCL INFO transport/net_ib.cc:596 Ib Alloc Size 26560 pointer 0x149a14080000
x3103c0s31b1n0:58468:59598 [1] NCCL INFO Channel 01/0 : 13[46000] -> 12[7000] via P2P/IPC/read
x3103c0s31b1n0:58468:59746 [1] NCCL INFO New proxy send connection 5 from local rank 1, transport 0
x3103c0s31b1n0:58470:59748 [3] NCCL INFO NET/IB: Dev 0 Port 1 qpn 15005 mtu 5 GID 0 (80FE/7D2100FEFF000000)
x3103c0s31b1n0:58470:59748 [3] NCCL INFO transport/net_ib.cc:653 Ib Alloc Size 552 pointer 0x149a14097000
x3103c0s31b1n0:58470:59748 [3] NCCL INFO transport/net.cc:571 Cuda Host Alloc Size 9641984 pointer 0x149a0aa00000
x3103c0s31b1n0:58467:59745 [0] NCCL INFO New proxy recv connection 5 from local rank 0, transport 0
x3103c0s31b1n0:58469:59747 [2] NCCL INFO New proxy recv connection 9 from local rank 2, transport 0
x3103c0s31b1n0:58468:59598 [1] NCCL INFO Connection to proxy localRank 1 -> connection 0x14b010000dc0
x3103c0s31b1n0:58468:59746 [1] NCCL INFO transport/p2p.cc:430 Cuda Alloc Size 6291456 pointer 0x14b05ee00000
x3103c0s31b1n0:58467:59603 [0] NCCL INFO Connection to proxy localRank 0 -> connection 0x14af30000dc0
x3103c0s31b1n0:58467:59745 [0] NCCL INFO transport/p2p.cc:449 Cuda Alloc Size 6291456 pointer 0x14af7b600000
x3103c0s31b1n0:58470:59602 [3] NCCL INFO Connected all rings
x3103c0s31b1n0:58470:59602 [3] NCCL INFO Channel 00/0 : 15[c7000] -> 14[85000] via P2P/IPC/read
x3103c0s31b1n0:58470:59748 [3] NCCL INFO New proxy send connection 8 from local rank 3, transport 0
x3103c0s31b1n0:58469:59600 [2] NCCL INFO Connection to proxy localRank 2 -> connection 0x14f3d0000ec0
x3103c0s31b1n0:58469:59747 [2] NCCL INFO transport/p2p.cc:449 Cuda Alloc Size 6291456 pointer 0x14f3ca600000
x3103c0s31b1n0:58468:59598 [1] NCCL INFO Channel 02/0 : 13[46000] -> 12[7000] via P2P/IPC/read
x3103c0s31b1n0:58468:59746 [1] NCCL INFO New proxy send connection 6 from local rank 1, transport 0
x3103c0s31b1n0:58467:59745 [0] NCCL INFO New proxy recv connection 6 from local rank 0, transport 0
x3103c0s31b1n0:58469:59747 [2] NCCL INFO New proxy recv connection 10 from local rank 2, transport 0
x3103c0s31b1n0:58470:59602 [3] NCCL INFO Connection to proxy localRank 3 -> connection 0x149a14000e80
x3103c0s31b1n0:58470:59748 [3] NCCL INFO transport/p2p.cc:430 Cuda Alloc Size 6291456 pointer 0x149a0b400000
x3103c0s31b1n0:58470:59602 [3] NCCL INFO Channel 01/0 : 15[c7000] -> 14[85000] via P2P/IPC/read
x3103c0s31b1n0:58468:59598 [1] NCCL INFO Connection to proxy localRank 1 -> connection 0x14b010000e00
x3103c0s31b1n0:58468:59746 [1] NCCL INFO transport/p2p.cc:430 Cuda Alloc Size 6291456 pointer 0x14b05f400000
x3103c0s31b1n0:58467:59603 [0] NCCL INFO Connection to proxy localRank 0 -> connection 0x14af30000e00
x3103c0s31b1n0:58467:59745 [0] NCCL INFO transport/p2p.cc:449 Cuda Alloc Size 6291456 pointer 0x14af7bc00000
x3103c0s31b1n0:58469:59600 [2] NCCL INFO Connection to proxy localRank 2 -> connection 0x14f3d0000f00
x3103c0s31b1n0:58469:59747 [2] NCCL INFO transport/p2p.cc:449 Cuda Alloc Size 6291456 pointer 0x14f3cac00000
x3103c0s31b1n0:58468:59598 [1] NCCL INFO Channel 03/0 : 13[46000] -> 12[7000] via P2P/IPC/read
x3103c0s31b1n0:58468:59746 [1] NCCL INFO New proxy send connection 7 from local rank 1, transport 0
x3103c0s31b1n0:58470:59748 [3] NCCL INFO New proxy send connection 9 from local rank 3, transport 0
x3103c0s31b1n0:58467:59745 [0] NCCL INFO New proxy recv connection 7 from local rank 0, transport 0
x3103c0s31b1n0:58467:59603 [0] NCCL INFO Connection to proxy localRank 0 -> connection 0x14af30000e40
x3103c0s31b1n0:58469:59747 [2] NCCL INFO New proxy recv connection 11 from local rank 2, transport 0
x3103c0s31b1n0:58467:59745 [0] NCCL INFO transport/p2p.cc:449 Cuda Alloc Size 6291456 pointer 0x14af7c200000
x3103c0s31b1n0:58470:59602 [3] NCCL INFO Connection to proxy localRank 3 -> connection 0x149a14000ec0
x3103c0s31b1n0:58470:59748 [3] NCCL INFO transport/p2p.cc:430 Cuda Alloc Size 6291456 pointer 0x149a0ba00000
x3103c0s31b1n0:58468:59598 [1] NCCL INFO Connection to proxy localRank 1 -> connection 0x14b010000e40
x3103c0s31b1n0:58468:59746 [1] NCCL INFO transport/p2p.cc:430 Cuda Alloc Size 6291456 pointer 0x14b05fa00000
x3103c0s31b1n0:58469:59600 [2] NCCL INFO Connection to proxy localRank 2 -> connection 0x14f3d0000f40
x3103c0s31b1n0:58469:59747 [2] NCCL INFO transport/p2p.cc:449 Cuda Alloc Size 6291456 pointer 0x14f3cb200000
x3103c0s31b1n0:58470:59602 [3] NCCL INFO Channel 02/0 : 15[c7000] -> 14[85000] via P2P/IPC/read
x3103c0s31b1n0:58470:59748 [3] NCCL INFO New proxy send connection 10 from local rank 3, transport 0
x3103c0s31b1n0:58468:59598 [1] NCCL INFO Connected all rings
x3103c0s31b1n0:58467:59603 [0] NCCL INFO Connected all rings
x3103c0s31b1n0:58467:59603 [0] NCCL INFO Channel 00/0 : 12[7000] -> 13[46000] via P2P/IPC/read
x3103c0s31b1n0:58467:59745 [0] NCCL INFO New proxy send connection 8 from local rank 0, transport 0
x3103c0s31b1n0:58468:59746 [1] NCCL INFO New proxy recv connection 8 from local rank 1, transport 0
x3103c0s31b1n0:58467:59603 [0] NCCL INFO Connection to proxy localRank 0 -> connection 0x14af30000e80
x3103c0s31b1n0:58467:59745 [0] NCCL INFO transport/p2p.cc:430 Cuda Alloc Size 6291456 pointer 0x14af7e000000
x3103c0s31b1n0:58470:59602 [3] NCCL INFO Connection to proxy localRank 3 -> connection 0x149a14000f00
x3103c0s31b1n0:58470:59748 [3] NCCL INFO transport/p2p.cc:430 Cuda Alloc Size 6291456 pointer 0x149a08000000
x3103c0s31b1n0:58468:59598 [1] NCCL INFO Connection to proxy localRank 1 -> connection 0x14b010000e80
x3103c0s31b1n0:58468:59746 [1] NCCL INFO transport/p2p.cc:449 Cuda Alloc Size 6291456 pointer 0x14b061800000
x3103c0s31b1n0:58468:59746 [1] NCCL INFO New proxy recv connection 9 from local rank 1, transport 0
x3103c0s31b1n0:58468:59598 [1] NCCL INFO Connection to proxy localRank 1 -> connection 0x14b010000ec0
x3103c0s31b1n0:58467:59603 [0] NCCL INFO Channel 01/0 : 12[7000] -> 13[46000] via P2P/IPC/read
x3103c0s31b1n0:58467:59745 [0] NCCL INFO New proxy send connection 9 from local rank 0, transport 0
x3103c0s31b1n0:58470:59602 [3] NCCL INFO Channel 03/0 : 15[c7000] -> 14[85000] via P2P/IPC/read
x3103c0s31b1n0:58470:59748 [3] NCCL INFO New proxy send connection 11 from local rank 3, transport 0
x3103c0s31b1n0:58468:59746 [1] NCCL INFO transport/p2p.cc:449 Cuda Alloc Size 6291456 pointer 0x14b061e00000
x3103c0s31b1n0:58467:59603 [0] NCCL INFO Connection to proxy localRank 0 -> connection 0x14af30000ec0
x3103c0s31b1n0:58467:59745 [0] NCCL INFO transport/p2p.cc:430 Cuda Alloc Size 6291456 pointer 0x14af7e600000
x3103c0s31b1n0:58468:59746 [1] NCCL INFO New proxy recv connection 10 from local rank 1, transport 0
x3103c0s31b1n0:58470:59602 [3] NCCL INFO Connection to proxy localRank 3 -> connection 0x149a14000f40
x3103c0s31b1n0:58470:59748 [3] NCCL INFO transport/p2p.cc:430 Cuda Alloc Size 6291456 pointer 0x149a08600000
x3103c0s31b1n0:58468:59598 [1] NCCL INFO Connection to proxy localRank 1 -> connection 0x14b010000f00
x3103c0s31b1n0:58467:59603 [0] NCCL INFO Channel 02/0 : 12[7000] -> 13[46000] via P2P/IPC/read
x3103c0s31b1n0:58467:59745 [0] NCCL INFO New proxy send connection 10 from local rank 0, transport 0
x3103c0s31b1n0:58467:59603 [0] NCCL INFO Connection to proxy localRank 0 -> connection 0x14af30000f00
x3103c0s31b1n0:58467:59745 [0] NCCL INFO transport/p2p.cc:430 Cuda Alloc Size 6291456 pointer 0x14af7ec00000
x3103c0s31b1n0:58468:59746 [1] NCCL INFO transport/p2p.cc:449 Cuda Alloc Size 6291456 pointer 0x14b062400000
x3103c0s31b1n0:58468:59746 [1] NCCL INFO New proxy recv connection 11 from local rank 1, transport 0
x3103c0s31b1n0:58468:59598 [1] NCCL INFO Connection to proxy localRank 1 -> connection 0x14b010000f40
x3103c0s31b1n0:58468:59746 [1] NCCL INFO transport/p2p.cc:449 Cuda Alloc Size 6291456 pointer 0x14b062a00000
x3103c0s31b1n0:58467:59603 [0] NCCL INFO Channel 03/0 : 12[7000] -> 13[46000] via P2P/IPC/read
x3103c0s31b1n0:58467:59745 [0] NCCL INFO New proxy send connection 11 from local rank 0, transport 0
x3103c0s31b1n0:58468:59598 [1] NCCL INFO Channel 00/0 : 13[46000] -> 14[85000] via P2P/IPC/read
x3103c0s31b1n0:58468:59746 [1] NCCL INFO New proxy send connection 12 from local rank 1, transport 0
x3103c0s31b1n0:58468:59598 [1] NCCL INFO Connection to proxy localRank 1 -> connection 0x14b010000f80
x3103c0s31b1n0:58468:59746 [1] NCCL INFO transport/p2p.cc:430 Cuda Alloc Size 6291456 pointer 0x14b063000000
x3103c0s31b1n0:58467:59603 [0] NCCL INFO Connection to proxy localRank 0 -> connection 0x14af30000f40
x3103c0s31b1n0:58467:59745 [0] NCCL INFO transport/p2p.cc:430 Cuda Alloc Size 6291456 pointer 0x14af7f200000
x3103c0s31b1n0:58468:59598 [1] NCCL INFO Channel 01/0 : 13[46000] -> 14[85000] via P2P/IPC/read
x3103c0s31b1n0:58468:59746 [1] NCCL INFO New proxy send connection 13 from local rank 1, transport 0
x3103c0s31b1n0:58468:59598 [1] NCCL INFO Connection to proxy localRank 1 -> connection 0x14b010000fc0
x3103c0s31b1n0:58468:59746 [1] NCCL INFO transport/p2p.cc:430 Cuda Alloc Size 6291456 pointer 0x14b063600000
x3103c0s31b1n0:58468:59598 [1] NCCL INFO Channel 02/0 : 13[46000] -> 14[85000] via P2P/IPC/read
x3103c0s31b1n0:58468:59746 [1] NCCL INFO New proxy send connection 14 from local rank 1, transport 0
x3103c0s31b1n0:58468:59598 [1] NCCL INFO Connection to proxy localRank 1 -> connection 0x14b010001000
x3103c0s31b1n0:58468:59746 [1] NCCL INFO transport/p2p.cc:430 Cuda Alloc Size 6291456 pointer 0x14b063c00000
x3103c0s31b1n0:58468:59598 [1] NCCL INFO Channel 03/0 : 13[46000] -> 14[85000] via P2P/IPC/read
x3103c0s31b1n0:58468:59746 [1] NCCL INFO New proxy send connection 15 from local rank 1, transport 0
x3103c0s31b1n0:58468:59598 [1] NCCL INFO Connection to proxy localRank 1 -> connection 0x14b010001040
x3103c0s31b1n0:58468:59746 [1] NCCL INFO transport/p2p.cc:430 Cuda Alloc Size 6291456 pointer 0x14b064200000
x3103c0s31b1n0:58469:59747 [2] NCCL INFO New proxy recv connection 12 from local rank 2, transport 0
x3103c0s31b1n0:58468:59746 [1] NCCL INFO New proxy recv connection 16 from local rank 1, transport 0
x3103c0s31b1n0:58467:59603 [0] NCCL INFO GPU Direct RDMA Disabled for GPU 7000 / HCA 1 (distance 7 > 4)
x3103c0s31b1n0:58467:59745 [0] NCCL INFO Allocated 4194656 bytes of shared memory in /dev/shm/nccl-Anx5Nc

x3103c0s31b1n0:58467:59745 [0] NCCL INFO New proxy recv connection 12 from local rank 0, transport 2
x3103c0s31b1n0:58469:59600 [2] NCCL INFO Connection to proxy localRank 2 -> connection 0x14f3d0000f80
x3103c0s31b1n0:58469:59747 [2] NCCL INFO transport/p2p.cc:449 Cuda Alloc Size 6291456 pointer 0x14f3c9200000
x3103c0s31b1n0:58467:59603 [0] NCCL INFO Connection to proxy localRank 0 -> connection 0x14af30000f80
x3103c0s31b1n0:58468:59598 [1] NCCL INFO Connection to proxy localRank 1 -> connection 0x14b010001080
x3103c0s31b1n0:58468:59746 [1] NCCL INFO transport/p2p.cc:449 Cuda Alloc Size 6291456 pointer 0x14b067800000
x3103c0s31b1n0:58469:59747 [2] NCCL INFO New proxy recv connection 13 from local rank 2, transport 0
x3103c0s31b1n0:58467:59603 [0] NCCL INFO Channel 00/0 : 8[7000] -> 12[7000] [receive] via NET/IB/1
x3103c0s31b1n0:58467:59603 [0] NCCL INFO GPU Direct RDMA Disabled for GPU 7000 / HCA 0 (distance 7 > 4)
x3103c0s31b1n0:58467:59745 [0] NCCL INFO New proxy recv connection 13 from local rank 0, transport 2
x3103c0s31b1n0:58467:59603 [0] NCCL INFO Connection to proxy localRank 0 -> connection 0x14af30000fc0
x3103c0s31b1n0:58469:59600 [2] NCCL INFO Connection to proxy localRank 2 -> connection 0x14f3d0000fc0
x3103c0s31b1n0:58469:59747 [2] NCCL INFO transport/p2p.cc:449 Cuda Alloc Size 6291456 pointer 0x14f3c9800000
x3103c0s31b1n0:58468:59746 [1] NCCL INFO New proxy recv connection 17 from local rank 1, transport 0
x3103c0s31b1n0:58467:59603 [0] NCCL INFO Channel 01/0 : 8[7000] -> 12[7000] [receive] via NET/IB/0
x3103c0s31b1n0:58469:59747 [2] NCCL INFO New proxy recv connection 14 from local rank 2, transport 0
x3103c0s31b1n0:58468:59598 [1] NCCL INFO Connection to proxy localRank 1 -> connection 0x14b0100010c0
x3103c0s31b1n0:58468:59746 [1] NCCL INFO transport/p2p.cc:449 Cuda Alloc Size 6291456 pointer 0x14b067e00000
x3103c0s31b1n0:58468:59746 [1] NCCL INFO New proxy recv connection 18 from local rank 1, transport 0
x3103c0s31b1n0:58469:59600 [2] NCCL INFO Connection to proxy localRank 2 -> connection 0x14f3d0001000
x3103c0s31b1n0:58469:59747 [2] NCCL INFO transport/p2p.cc:449 Cuda Alloc Size 6291456 pointer 0x14f3c6000000
x3103c0s31b1n0:58468:59598 [1] NCCL INFO Connection to proxy localRank 1 -> connection 0x14b010001100
x3103c0s31b1n0:58468:59746 [1] NCCL INFO transport/p2p.cc:449 Cuda Alloc Size 6291456 pointer 0x14b068400000
x3103c0s31b1n0:58468:59746 [1] NCCL INFO New proxy recv connection 19 from local rank 1, transport 0
x3103c0s31b1n0:58469:59747 [2] NCCL INFO New proxy recv connection 15 from local rank 2, transport 0
x3103c0s31b1n0:58468:59598 [1] NCCL INFO Connection to proxy localRank 1 -> connection 0x14b010001140
x3103c0s31b1n0:58468:59746 [1] NCCL INFO transport/p2p.cc:449 Cuda Alloc Size 6291456 pointer 0x14b068a00000
x3103c0s31b1n0:58469:59600 [2] NCCL INFO Connection to proxy localRank 2 -> connection 0x14f3d0001040
x3103c0s31b1n0:58469:59747 [2] NCCL INFO transport/p2p.cc:449 Cuda Alloc Size 6291456 pointer 0x14f3c6600000
x3103c0s31b1n0:58469:59600 [2] NCCL INFO Channel 00/0 : 14[85000] -> 13[46000] via P2P/IPC/read
x3103c0s31b1n0:58469:59747 [2] NCCL INFO New proxy send connection 16 from local rank 2, transport 0
x3103c0s31b1n0:58467:59745 [0] NCCL INFO transport/net_ib.cc:683 Ib Alloc Size 21688 pointer 0x14af3001b000
x3103c0s31b1n0:58467:59745 [0] NCCL INFO transport/net_ib.cc:696 Ib Alloc Size 552 pointer 0x14af30022000
x3103c0s31b1n0:58467:59745 [0] NCCL INFO transport/net_ib.cc:771 Ib Alloc Size 552 pointer 0x14af30049000
x3103c0s31b1n0:58467:59745 [0] NCCL INFO transport/net.cc:698 Cuda Host Alloc Size 9641984 pointer 0x14af81000000
x3103c0s31b1n0:58467:59745 [0] NCCL INFO Mem Realloc old size 0, new size 768 pointer 0x14af3003e1e0
x3103c0s31b1n0:58469:59600 [2] NCCL INFO Connection to proxy localRank 2 -> connection 0x14f3d0001080
x3103c0s31b1n0:58469:59747 [2] NCCL INFO transport/p2p.cc:430 Cuda Alloc Size 6291456 pointer 0x14f3c6c00000
x3103c0s31b1n0:58469:59600 [2] NCCL INFO Channel 01/0 : 14[85000] -> 13[46000] via P2P/IPC/read
x3103c0s31b1n0:58469:59747 [2] NCCL INFO New proxy send connection 17 from local rank 2, transport 0
x3103c0s31b1n0:58469:59600 [2] NCCL INFO Connection to proxy localRank 2 -> connection 0x14f3d00010c0
x3103c0s31b1n0:58467:59745 [0] NCCL INFO transport/net_ib.cc:683 Ib Alloc Size 21688 pointer 0x14af3004b000
x3103c0s31b1n0:58467:59745 [0] NCCL INFO transport/net_ib.cc:696 Ib Alloc Size 552 pointer 0x14af30052000
x3103c0s31b1n0:58469:59747 [2] NCCL INFO transport/p2p.cc:430 Cuda Alloc Size 6291456 pointer 0x14f3c7200000
x3103c0s31b1n0:58467:59745 [0] NCCL INFO transport/net_ib.cc:771 Ib Alloc Size 552 pointer 0x14af30077000
x3103c0s31b1n0:58467:59745 [0] NCCL INFO transport/net.cc:698 Cuda Host Alloc Size 9641984 pointer 0x14af81a00000
x3103c0s31b1n0:58467:59745 [0] NCCL INFO Mem Realloc old size 0, new size 768 pointer 0x14af3006c310
x3103c0s31b1n0:58467:59603 [0] NCCL INFO GPU Direct RDMA Disabled for GPU 7000 / HCA 1 (distance 7 > 4)
x3103c0s31b1n0:58469:59600 [2] NCCL INFO Channel 02/0 : 14[85000] -> 13[46000] via P2P/IPC/read
x3103c0s31b1n0:58469:59747 [2] NCCL INFO New proxy send connection 18 from local rank 2, transport 0
x3103c0s31b1n0:58469:59600 [2] NCCL INFO Connection to proxy localRank 2 -> connection 0x14f3d0001100
x3103c0s31b1n0:58469:59747 [2] NCCL INFO transport/p2p.cc:430 Cuda Alloc Size 6291456 pointer 0x14f3c7800000
x3103c0s31b1n0:58467:59745 [0] NCCL INFO New proxy recv connection 14 from local rank 0, transport 2
x3103c0s31b1n0:58467:59603 [0] NCCL INFO Connection to proxy localRank 0 -> connection 0x14af30001000
x3103c0s31b1n0:58469:59600 [2] NCCL INFO Channel 03/0 : 14[85000] -> 13[46000] via P2P/IPC/read
x3103c0s31b1n0:58469:59747 [2] NCCL INFO New proxy send connection 19 from local rank 2, transport 0
x3103c0s31b1n0:58467:59603 [0] NCCL INFO Channel 02/0 : 4[7000] -> 12[7000] [receive] via NET/IB/1
x3103c0s31b1n0:58467:59603 [0] NCCL INFO GPU Direct RDMA Disabled for GPU 7000 / HCA 0 (distance 7 > 4)
x3103c0s31b1n0:58467:59745 [0] NCCL INFO New proxy recv connection 15 from local rank 0, transport 2
x3103c0s31b1n0:58469:59600 [2] NCCL INFO Connection to proxy localRank 2 -> connection 0x14f3d0001140
x3103c0s31b1n0:58469:59747 [2] NCCL INFO transport/p2p.cc:430 Cuda Alloc Size 6291456 pointer 0x14f3c4000000
x3103c0s31b1n0:58467:59603 [0] NCCL INFO Connection to proxy localRank 0 -> connection 0x14af30001040
x3103c0s31b1n0:58467:59603 [0] NCCL INFO Channel 03/0 : 4[7000] -> 12[7000] [receive] via NET/IB/0
x3103c0s31b1n0:58467:59603 [0] NCCL INFO GPU Direct RDMA Disabled for GPU 7000 / HCA 1 (distance 7 > 4)
x3103c0s31b1n0:58467:59745 [0] NCCL INFO New proxy send connection 16 from local rank 0, transport 2
x3103c0s31b1n0:58467:59603 [0] NCCL INFO Connection to proxy localRank 0 -> connection 0x14af30001080
x3103c0s31b1n0:58467:59603 [0] NCCL INFO Channel 02/0 : 12[7000] -> 4[7000] [send] via NET/IB/1
x3103c0s31b1n0:58467:59603 [0] NCCL INFO GPU Direct RDMA Disabled for GPU 7000 / HCA 0 (distance 7 > 4)
x3103c0s31b1n0:58469:59600 [2] NCCL INFO Connected all trees by HAO
x3103c0s31b1n0:58469:59600 [2] NCCL INFO threadThresholds 8/8/64 | 128/8/64 | 512 | 512
x3103c0s31b1n0:58469:59600 [2] NCCL INFO 4 coll channels, 4 p2p channels, 2 p2p channels per peer
x3103c0s31b1n0:58469:59747 [2] NCCL INFO Allocated 4194656 bytes of shared memory in /dev/shm/nccl-qLRUxk

x3103c0s31b1n0:58469:59747 [2] NCCL INFO New proxy send connection 20 from local rank 2, transport 2
x3103c0s31b1n0:58468:59598 [1] NCCL INFO Connected all trees by HAO
x3103c0s31b1n0:58468:59598 [1] NCCL INFO threadThresholds 8/8/64 | 128/8/64 | 512 | 512
x3103c0s31b1n0:58468:59598 [1] NCCL INFO 4 coll channels, 4 p2p channels, 2 p2p channels per peer
x3103c0s31b1n0:58468:59746 [1] NCCL INFO New proxy send connection 20 from local rank 1, transport 2
x3103c0s31b1n0:58470:59602 [3] NCCL INFO Connected all trees by HAO
x3103c0s31b1n0:58470:59602 [3] NCCL INFO threadThresholds 8/8/64 | 128/8/64 | 512 | 512
x3103c0s31b1n0:58470:59602 [3] NCCL INFO 4 coll channels, 4 p2p channels, 2 p2p channels per peer
x3103c0s31b1n0:58470:59748 [3] NCCL INFO New proxy send connection 12 from local rank 3, transport 2
x3103c0s31b1n0:58467:59745 [0] NCCL INFO New proxy send connection 17 from local rank 0, transport 2
x3103c0s31b1n0:58468:59598 [1] NCCL INFO Connection to proxy localRank 1 -> connection 0x14b010001180
x3103c0s31b1n0:58468:59746 [1] NCCL INFO transport/net.cc:376 Cuda Alloc Size 8388608 pointer 0x14b06a800000
x3103c0s31b1n0:58469:59600 [2] NCCL INFO Connection to proxy localRank 2 -> connection 0x14f3d0001180
x3103c0s31b1n0:58469:59747 [2] NCCL INFO transport/net.cc:376 Cuda Alloc Size 8388608 pointer 0x14f3c3800000
x3103c0s31b1n0:58470:59602 [3] NCCL INFO Connection to proxy localRank 3 -> connection 0x149a14000f80
x3103c0s31b1n0:58470:59748 [3] NCCL INFO transport/net.cc:376 Cuda Alloc Size 8388608 pointer 0x149a06600000
x3103c0s31b1n0:58467:59603 [0] NCCL INFO Connection to proxy localRank 0 -> connection 0x14af300010c0
x3103c0s31b1n0:58467:59603 [0] NCCL INFO Channel 03/0 : 12[7000] -> 4[7000] [send] via NET/IB/0
x3103c0s31b1n0:58467:59745 [0] NCCL INFO transport/net_ib.cc:596 Ib Alloc Size 26560 pointer 0x14af3008d000
x3103c0s31b1n0:58467:59745 [0] NCCL INFO NET/IB: Dev 1 Port 1 qpn 10056 mtu 5 GID 0 (80FE/3C2100FEFF000000)
x3103c0s31b1n0:58467:59745 [0] NCCL INFO transport/net_ib.cc:653 Ib Alloc Size 552 pointer 0x14af300a4000
x3103c0s31b1n0:58467:59745 [0] NCCL INFO transport/net.cc:571 Cuda Host Alloc Size 9641984 pointer 0x14af82400000
x3103c0s31b1n0:58467:59745 [0] NCCL INFO transport/net_ib.cc:596 Ib Alloc Size 26560 pointer 0x14af300a6000
x3103c0s31b1n0:58467:59745 [0] NCCL INFO NET/IB: Dev 0 Port 1 qpn 15008 mtu 5 GID 0 (80FE/7D2100FEFF000000)
x3103c0s31b1n0:58467:59745 [0] NCCL INFO transport/net_ib.cc:653 Ib Alloc Size 552 pointer 0x14af300bd000
x3103c0s31b1n0:58467:59745 [0] NCCL INFO transport/net.cc:571 Cuda Host Alloc Size 9641984 pointer 0x14af82e00000
x3103c0s31b1n0:58467:59745 [0] NCCL INFO transport/net_ib.cc:683 Ib Alloc Size 21688 pointer 0x14af300bf000
x3103c0s31b1n0:58467:59745 [0] NCCL INFO transport/net_ib.cc:696 Ib Alloc Size 552 pointer 0x14af300c6000
x3103c0s31b1n0:58467:59745 [0] NCCL INFO transport/net_ib.cc:771 Ib Alloc Size 552 pointer 0x14af300e1000
x3103c0s31b1n0:58467:59745 [0] NCCL INFO transport/net.cc:698 Cuda Host Alloc Size 9641984 pointer 0x14af83800000
x3103c0s31b1n0:58467:59745 [0] NCCL INFO transport/net_ib.cc:683 Ib Alloc Size 21688 pointer 0x14af300e3000
x3103c0s31b1n0:58467:59745 [0] NCCL INFO transport/net_ib.cc:696 Ib Alloc Size 552 pointer 0x14af300ea000
x3103c0s31b1n0:58467:59745 [0] NCCL INFO transport/net_ib.cc:771 Ib Alloc Size 552 pointer 0x14af30105000
x3103c0s31b1n0:58467:59745 [0] NCCL INFO transport/net.cc:698 Cuda Host Alloc Size 9641984 pointer 0x14af84200000
x3103c0s31b1n0:58467:59603 [0] NCCL INFO GPU Direct RDMA Disabled for GPU 7000 / HCA 1 (distance 7 > 4)
x3103c0s31b1n0:58467:59745 [0] NCCL INFO New proxy send connection 18 from local rank 0, transport 2
x3103c0s31b1n0:58467:59603 [0] NCCL INFO Connection to proxy localRank 0 -> connection 0x14af30001100
x3103c0s31b1n0:58467:59603 [0] NCCL INFO Channel 00/0 : 12[7000] -> 8[7000] [send] via NET/IB/1
x3103c0s31b1n0:58467:59603 [0] NCCL INFO GPU Direct RDMA Disabled for GPU 7000 / HCA 0 (distance 7 > 4)
x3103c0s31b1n0:58467:59745 [0] NCCL INFO New proxy send connection 19 from local rank 0, transport 2
x3103c0s31b1n0:58467:59603 [0] NCCL INFO Connection to proxy localRank 0 -> connection 0x14af30001140
x3103c0s31b1n0:58467:59603 [0] NCCL INFO Channel 01/0 : 12[7000] -> 8[7000] [send] via NET/IB/0
x3103c0s31b1n0:58467:59745 [0] NCCL INFO transport/net_ib.cc:596 Ib Alloc Size 26560 pointer 0x14af30111000
x3103c0s31b1n0:58467:59745 [0] NCCL INFO NET/IB: Dev 1 Port 1 qpn 10059 mtu 5 GID 0 (80FE/3C2100FEFF000000)
x3103c0s31b1n0:58467:59745 [0] NCCL INFO transport/net_ib.cc:653 Ib Alloc Size 552 pointer 0x14af30128000
x3103c0s31b1n0:58467:59745 [0] NCCL INFO transport/net.cc:571 Cuda Host Alloc Size 9641984 pointer 0x14af84c00000
x3103c0s31b1n0:58467:59745 [0] NCCL INFO transport/net_ib.cc:596 Ib Alloc Size 26560 pointer 0x14af30128000
x3103c0s31b1n0:58467:59745 [0] NCCL INFO NET/IB: Dev 0 Port 1 qpn 15011 mtu 5 GID 0 (80FE/7D2100FEFF000000)
x3103c0s31b1n0:58467:59745 [0] NCCL INFO transport/net_ib.cc:653 Ib Alloc Size 552 pointer 0x14af3013f000
x3103c0s31b1n0:58467:59745 [0] NCCL INFO transport/net.cc:571 Cuda Host Alloc Size 9641984 pointer 0x14af85600000
x3103c0s31b1n0:58467:59603 [0] NCCL INFO Connected all trees by HAO
x3103c0s31b1n0:58467:59603 [0] NCCL INFO threadThresholds 8/8/64 | 128/8/64 | 512 | 512
x3103c0s31b1n0:58467:59603 [0] NCCL INFO 4 coll channels, 4 p2p channels, 2 p2p channels per peer
x3103c0s31b1n0:58467:59745 [0] NCCL INFO New proxy send connection 20 from local rank 0, transport 2
x3103c0s31b1n0:58467:59603 [0] NCCL INFO Connection to proxy localRank 0 -> connection 0x14af30001180
x3103c0s31b1n0:58467:59603 [0] NCCL INFO init.cc:367 Cuda Alloc Size 5168 pointer 0x14af77e07000
x3103c0s31b1n0:58469:59600 [2] NCCL INFO init.cc:367 Cuda Alloc Size 5168 pointer 0x14f3df807000
x3103c0s31b1n0:58468:59598 [1] NCCL INFO init.cc:367 Cuda Alloc Size 5168 pointer 0x14b05be07000
x3103c0s31b1n0:58470:59602 [3] NCCL INFO init.cc:367 Cuda Alloc Size 5168 pointer 0x149a23807000
x3103c0s31b1n0:58470:59602 [3] NCCL INFO init.cc:392 Cuda Host Alloc Size 33554432 pointer 0x149a04000000
x3103c0s31b1n0:58470:59602 [3] NCCL INFO init.cc:398 Cuda Host Alloc Size 128 pointer 0x149a22e00200
x3103c0s31b1n0:58470:59602 [3] NCCL INFO comm 0x55cadcd19500 rank 15 nranks 16 cudaDev 3 busId c7000 - Init COMPLETE
x3103c0s31b1n0:58469:59600 [2] NCCL INFO init.cc:392 Cuda Host Alloc Size 33554432 pointer 0x14f3ba000000
x3103c0s31b1n0:58469:59600 [2] NCCL INFO init.cc:398 Cuda Host Alloc Size 128 pointer 0x14f3dee00200
x3103c0s31b1n0:58469:59600 [2] NCCL INFO comm 0x55b1b8d653c0 rank 14 nranks 16 cudaDev 2 busId 85000 - Init COMPLETE
x3103c0s31b1n0:58467:59603 [0] NCCL INFO init.cc:392 Cuda Host Alloc Size 33554432 pointer 0x14af86000000
x3103c0s31b1n0:58467:59603 [0] NCCL INFO init.cc:398 Cuda Host Alloc Size 128 pointer 0x14af77400200
x3103c0s31b1n0:58467:59603 [0] NCCL INFO comm 0x55cafd8be1a0 rank 12 nranks 16 cudaDev 0 busId 7000 - Init COMPLETE
x3103c0s31b1n0:58467:59745 [0] NCCL INFO transport/net.cc:376 Cuda Alloc Size 8388608 pointer 0x14af88000000
x3103c0s31b1n0:58468:59598 [1] NCCL INFO init.cc:392 Cuda Host Alloc Size 33554432 pointer 0x14b06b000000
x3103c0s31b1n0:58468:59598 [1] NCCL INFO init.cc:398 Cuda Host Alloc Size 128 pointer 0x14b05b400200
x3103c0s31b1n0:58468:59598 [1] NCCL INFO comm 0x55bcdeefe140 rank 13 nranks 16 cudaDev 1 busId 46000 - Init COMPLETE
x3103c0s31b1n0:58470:58470 [3] NCCL INFO AllReduce: opCount 0 sendbuff 0x149a63600200 recvbuff 0x149a63600200 count 1 datatype 1 op 0 root 0 comm 0x55cadcd19500 [nranks=16] stream 0x55caf83f0450
x3103c0s31b1n0:58470:58470 [3] NCCL INFO misc/utils.cc:235 memory stack hunk malloc(65536)
[LYD INFO in ncclLaunchKernel (enqueue.cc)] NCHANNELS is: 4x3103c0s31b1n0:58467:58467 [0] NCCL INFO AllReduce: opCount 0 sendbuff 0x14af73c00200 recvbuff 0x14af73c00200 count 1 datatype 1 op 0 root 0 comm 0x55cafd8be1a0 [nranks=16] stream 0x55cb1bfef390
x3103c0s31b1n0:58467:58467 [0] NCCL INFO misc/utils.cc:235 memory stack hunk malloc(65536)
[LYD INFO in ncclLaunchKernel (enqueue.cc)] NCHANNELS is: 4x3103c0s31b1n0:58468:58468 [1] NCCL INFO AllReduce: opCount 0 sendbuff 0x14b057c00200 recvbuff 0x14b057c00200 count 1 datatype 1 op 0 root 0 comm 0x55bcdeefe140 [nranks=16] stream 0x55bcfaccacb0
x3103c0s31b1n0:58468:58468 [1] NCCL INFO misc/utils.cc:235 memory stack hunk malloc(65536)
[LYD INFO in ncclLaunchKernel (enqueue.cc)] NCHANNELS is: 4x3103c0s31b1n0:58469:58469 [2] NCCL INFO AllReduce: opCount 0 sendbuff 0x14f41f600200 recvbuff 0x14f41f600200 count 1 datatype 1 op 0 root 0 comm 0x55b1b8d653c0 [nranks=16] stream 0x55b1bc312e60
x3103c0s31b1n0:58469:58469 [2] NCCL INFO misc/utils.cc:235 memory stack hunk malloc(65536)
[LYD INFO in ncclLaunchKernel (enqueue.cc)] NCHANNELS is: 4
[LYD INFO in NCCL_KERN_NAME (common.h)] 15 AllReduce TREE LL Sum uint8_t Elapsed time: 1375866 us

[LYD INFO in NCCL_KERN_NAME (common.h)] 12 AllReduce TREE LL Sum uint8_t Elapsed time: 1350787 us

[LYD INFO in NCCL_KERN_NAME (common.h)] 13 AllReduce TREE LL Sum uint8_t Elapsed time: 1301123 us

[LYD INFO in NCCL_KERN_NAME (common.h)] 14 AllReduce TREE LL Sum uint8_t Elapsed time: 1208266 us
x3103c0s31b1n0:58469:58469 [2] NCCL INFO AllReduce: opCount 1 sendbuff 0x14f41f600000 recvbuff 0x14f41f600000 count 1 datatype 1 op 0 root 0 comm 0x55b1b8d653c0 [nranks=16] stream 0x55b1bc312e60
[LYD INFO in ncclLaunchKernel (enqueue.cc)] NCHANNELS is: 4x3103c0s31b1n0:58467:58467 [0] NCCL INFO AllReduce: opCount 1 sendbuff 0x14af73c00000 recvbuff 0x14af73c00000 count 1 datatype 1 op 0 root 0 comm 0x55cafd8be1a0 [nranks=16] stream 0x55cb1bfef390
[LYD INFO in ncclLaunchKernel (enqueue.cc)] NCHANNELS is: 4x3103c0s31b1n0:58468:58468 [1] NCCL INFO AllReduce: opCount 1 sendbuff 0x14b057c00000 recvbuff 0x14b057c00000 count 1 datatype 1 op 0 root 0 comm 0x55bcdeefe140 [nranks=16] stream 0x55bcfaccacb0
[LYD INFO in ncclLaunchKernel (enqueue.cc)] NCHANNELS is: 4x3103c0s31b1n0:58470:58470 [3] NCCL INFO AllReduce: opCount 1 sendbuff 0x149a63600000 recvbuff 0x149a63600000 count 1 datatype 1 op 0 root 0 comm 0x55cadcd19500 [nranks=16] stream 0x55caf83f0450
[LYD INFO in ncclLaunchKernel (enqueue.cc)] NCHANNELS is: 4
[LYD INFO in NCCL_KERN_NAME (common.h)] 12 AllReduce TREE LL Sum uint8_t Elapsed time: 2896921 us

[LYD INFO in NCCL_KERN_NAME (common.h)] 15 AllReduce TREE LL Sum uint8_t Elapsed time: 1773914 us

[LYD INFO in NCCL_KERN_NAME (common.h)] 13 AllReduce TREE LL Sum uint8_t Elapsed time: 2506345 us

[LYD INFO in NCCL_KERN_NAME (common.h)] 14 AllReduce TREE LL Sum uint8_t Elapsed time: 4026190 us
x3103c0s31b1n0:58469:58469 [2] NCCL INFO AllReduce: opCount 2 sendbuff 0x14f41f600000 recvbuff 0x14f41f600000 count 1 datatype 8 op 3 root 0 comm 0x55b1b8d653c0 [nranks=16] stream 0x55b1bc312e60
[LYD INFO in ncclLaunchKernel (enqueue.cc)] NCHANNELS is: 4x3103c0s31b1n0:58468:58468 [1] NCCL INFO AllReduce: opCount 2 sendbuff 0x14b057c00000 recvbuff 0x14b057c00000 count 1 datatype 8 op 3 root 0 comm 0x55bcdeefe140 [nranks=16] stream 0x55bcfaccacb0
[LYD INFO in ncclLaunchKernel (enqueue.cc)] NCHANNELS is: 4x3103c0s31b1n0:58470:58470 [3] NCCL INFO AllReduce: opCount 2 sendbuff 0x149a63600000 recvbuff 0x149a63600000 count 1 datatype 8 op 3 root 0 comm 0x55cadcd19500 [nranks=16] stream 0x55caf83f0450
[LYD INFO in ncclLaunchKernel (enqueue.cc)] NCHANNELS is: 4x3103c0s31b1n0:58467:58467 [0] NCCL INFO AllReduce: opCount 2 sendbuff 0x14af73c00000 recvbuff 0x14af73c00000 count 1 datatype 8 op 3 root 0 comm 0x55cafd8be1a0 [nranks=16] stream 0x55cb1bfef390
[LYD INFO in ncclLaunchKernel (enqueue.cc)] NCHANNELS is: 4
[LYD INFO in NCCL_FUNC_NAME (common.h)] 13 AllReduce TREE LL Min double Elapsed time: 9821 us

[LYD INFO in NCCL_FUNC_NAME (common.h)] 14 AllReduce TREE LL Min double Elapsed time: 16203 us

[LYD INFO in NCCL_FUNC_NAME (common.h)] 15 AllReduce TREE LL Min double Elapsed time: 4 us

[LYD INFO in NCCL_FUNC_NAME (common.h)] 12 AllReduce TREE LL Min double Elapsed time: 7 us

[LYD INFO in NCCL_KERN_NAME (common.h)] 12 AllReduce TREE LL Sum double Elapsed time: 52845 us
x3103c0s31b1n0:58467:58467 [0] NCCL INFO AllReduce: opCount 3 sendbuff 0x14af73c00200 recvbuff 0x14af73c00200 count 1 datatype 1 op 0 root 0 comm 0x55cafd8be1a0 [nranks=16] stream 0x55cb1bfef390
[LYD INFO in ncclLaunchKernel (enqueue.cc)] NCHANNELS is: 4
[LYD INFO in NCCL_KERN_NAME (common.h)] 14 AllReduce TREE LL Sum double Elapsed time: 79451 us
x3103c0s31b1n0:58469:58469 [2] NCCL INFO AllReduce: opCount 3 sendbuff 0x14f41f600200 recvbuff 0x14f41f600200 count 1 datatype 1 op 0 root 0 comm 0x55b1b8d653c0 [nranks=16] stream 0x55b1bc312e60
[LYD INFO in ncclLaunchKernel (enqueue.cc)] NCHANNELS is: 4
[LYD INFO in NCCL_KERN_NAME (common.h)] 15 AllReduce TREE LL Sum double Elapsed time: 63216 us
x3103c0s31b1n0:58470:58470 [3] NCCL INFO AllReduce: opCount 3 sendbuff 0x149a63600200 recvbuff 0x149a63600200 count 1 datatype 1 op 0 root 0 comm 0x55cadcd19500 [nranks=16] stream 0x55caf83f0450
[LYD INFO in ncclLaunchKernel (enqueue.cc)] NCHANNELS is: 4
[LYD INFO in NCCL_KERN_NAME (common.h)] 13 AllReduce TREE LL Sum double Elapsed time: 73066 us
x3103c0s31b1n0:58468:58468 [1] NCCL INFO AllReduce: opCount 3 sendbuff 0x14b057c00200 recvbuff 0x14b057c00200 count 1 datatype 1 op 0 root 0 comm 0x55bcdeefe140 [nranks=16] stream 0x55bcfaccacb0
[LYD INFO in ncclLaunchKernel (enqueue.cc)] NCHANNELS is: 4
[LYD INFO in NCCL_KERN_NAME (common.h)] 12 AllReduce TREE LL Sum uint8_t Elapsed time: 57638 us

[LYD INFO in NCCL_KERN_NAME (common.h)] 14 AllReduce TREE LL Sum uint8_t Elapsed time: 44899 us

[LYD INFO in NCCL_KERN_NAME (common.h)] 15 AllReduce TREE LL Sum uint8_t Elapsed time: 47288 us

[LYD INFO in NCCL_KERN_NAME (common.h)] 13 AllReduce TREE LL Sum uint8_t Elapsed time: 38223 us
x3103c0s31b1n0:58469:58469 [2] NCCL INFO AllReduce: opCount 4 sendbuff 0x14f41f600400 recvbuff 0x14f41f600400 count 1 datatype 1 op 0 root 0 comm 0x55b1b8d653c0 [nranks=16] stream 0x55b1bc312e60
[LYD INFO in ncclLaunchKernel (enqueue.cc)] NCHANNELS is: 4x3103c0s31b1n0:58467:58467 [0] NCCL INFO AllReduce: opCount 4 sendbuff 0x14af73c00400 recvbuff 0x14af73c00400 count 1 datatype 1 op 0 root 0 comm 0x55cafd8be1a0 [nranks=16] stream 0x55cb1bfef390
[LYD INFO in ncclLaunchKernel (enqueue.cc)] NCHANNELS is: 4x3103c0s31b1n0:58470:58470 [3] NCCL INFO AllReduce: opCount 4 sendbuff 0x149a63600400 recvbuff 0x149a63600400 count 1 datatype 1 op 0 root 0 comm 0x55cadcd19500 [nranks=16] stream 0x55caf83f0450
[LYD INFO in ncclLaunchKernel (enqueue.cc)] NCHANNELS is: 4x3103c0s31b1n0:58468:58468 [1] NCCL INFO AllReduce: opCount 4 sendbuff 0x14b057c00400 recvbuff 0x14b057c00400 count 1 datatype 1 op 0 root 0 comm 0x55bcdeefe140 [nranks=16] stream 0x55bcfaccacb0
[LYD INFO in ncclLaunchKernel (enqueue.cc)] NCHANNELS is: 4
[LYD INFO in NCCL_KERN_NAME (common.h)] 13 AllReduce TREE LL Sum uint8_t Elapsed time: 9732 us
x3103c0s31b1n0:58468:58468 [1] NCCL INFO AllReduce: opCount 5 sendbuff 0x14ae59609a00 recvbuff 0x14ae59609a00 count 1 datatype 1 op 0 root 0 comm 0x55bcdeefe140 [nranks=16] stream 0x55bcfaccacb0
[LYD INFO in ncclLaunchKernel (enqueue.cc)] NCHANNELS is: 4
[LYD INFO in NCCL_KERN_NAME (common.h)] 12 AllReduce TREE LL Sum uint8_t Elapsed time: 52155 us
x3103c0s31b1n0:58467:58467 [0] NCCL INFO AllReduce: opCount 5 sendbuff 0x14ad79609a00 recvbuff 0x14ad79609a00 count 1 datatype 1 op 0 root 0 comm 0x55cafd8be1a0 [nranks=16] stream 0x55cb1bfef390
[LYD INFO in ncclLaunchKernel (enqueue.cc)] NCHANNELS is: 4
[LYD INFO in NCCL_KERN_NAME (common.h)] 14 AllReduce TREE LL Sum uint8_t Elapsed time: 61667 us
x3103c0s31b1n0:58469:58469 [2] NCCL INFO AllReduce: opCount 5 sendbuff 0x14f1ff609a00 recvbuff 0x14f1ff609a00 count 1 datatype 1 op 0 root 0 comm 0x55b1b8d653c0 [nranks=16] stream 0x55b1bc312e60
[LYD INFO in ncclLaunchKernel (enqueue.cc)] NCHANNELS is: 4
[LYD INFO in NCCL_KERN_NAME (common.h)] 15 AllReduce TREE LL Sum uint8_t Elapsed time: 30748 us
x3103c0s31b1n0:58470:58470 [3] NCCL INFO AllReduce: opCount 5 sendbuff 0x14984b609a00 recvbuff 0x14984b609a00 count 1 datatype 1 op 0 root 0 comm 0x55cadcd19500 [nranks=16] stream 0x55caf83f0450
[LYD INFO in ncclLaunchKernel (enqueue.cc)] NCHANNELS is: 4
[LYD INFO in NCCL_KERN_NAME (common.h)] 14 AllReduce TREE LL Sum uint8_t Elapsed time: 26180 us
x3103c0s31b1n0:58469:58469 [2] NCCL INFO AllReduce: opCount 6 sendbuff 0x14f41f600400 recvbuff 0x14f41f600400 count 1 datatype 1 op 0 root 0 comm 0x55b1b8d653c0 [nranks=16] stream 0x55b1bc312e60
[LYD INFO in ncclLaunchKernel (enqueue.cc)] NCHANNELS is: 4
[LYD INFO in NCCL_KERN_NAME (common.h)] 15 AllReduce TREE LL Sum uint8_t Elapsed time: 8495 us
time (ms) | load-checkpoint: 24.45
x3103c0s31b1n0:58470:58470 [3] NCCL INFO AllReduce: opCount 6 sendbuff 0x149a63600400 recvbuff 0x149a63600400 count 1 datatype 1 op 0 root 0 comm 0x55cadcd19500 [nranks=16] stream 0x55caf83f0450
[LYD INFO in ncclLaunchKernel (enqueue.cc)] NCHANNELS is: 4
[LYD INFO in NCCL_KERN_NAME (common.h)] 12 AllReduce TREE LL Sum uint8_t Elapsed time: 33104 us
x3103c0s31b1n0:58467:58467 [0] NCCL INFO AllReduce: opCount 6 sendbuff 0x14af73c00400 recvbuff 0x14af73c00400 count 1 datatype 1 op 0 root 0 comm 0x55cafd8be1a0 [nranks=16] stream 0x55cb1bfef390
[LYD INFO in ncclLaunchKernel (enqueue.cc)] NCHANNELS is: 4
[LYD INFO in NCCL_KERN_NAME (common.h)] 13 AllReduce TREE LL Sum uint8_t Elapsed time: 56446 us
x3103c0s31b1n0:58468:58468 [1] NCCL INFO AllReduce: opCount 6 sendbuff 0x14b057c00400 recvbuff 0x14b057c00400 count 1 datatype 1 op 0 root 0 comm 0x55bcdeefe140 [nranks=16] stream 0x55bcfaccacb0
[LYD INFO in ncclLaunchKernel (enqueue.cc)] NCHANNELS is: 4
[LYD INFO in NCCL_KERN_NAME (common.h)] 14 AllReduce TREE LL Sum uint8_t Elapsed time: 70734 us

[LYD INFO in NCCL_KERN_NAME (common.h)] 13 AllReduce TREE LL Sum uint8_t Elapsed time: 6294 us

[LYD INFO in NCCL_KERN_NAME (common.h)] 12 AllReduce TREE LL Sum uint8_t Elapsed time: 38356 us

[LYD INFO in NCCL_KERN_NAME (common.h)] 15 AllReduce TREE LL Sum uint8_t Elapsed time: 55114 us
x3103c0s31b1n0:58468:58468 [1] NCCL INFO init.cc:1147 Cuda Host Alloc Size 4 pointer 0x14b05b400400
x3103c0s31b1n0:58467:58467 [0] NCCL INFO init.cc:1147 Cuda Host Alloc Size 4 pointer 0x14af77400400
x3103c0s31b1n0:58469:58469 [2] NCCL INFO init.cc:1147 Cuda Host Alloc Size 4 pointer 0x14f3dee00400
x3103c0s31b1n0:58470:58470 [3] NCCL INFO init.cc:1147 Cuda Host Alloc Size 4 pointer 0x149a22e00400
x3103c0s31b1n0:58469:61786 [2] NCCL INFO Using network IB
x3103c0s31b1n0:58470:61787 [3] NCCL INFO Using network IB
x3103c0s31b1n0:58468:61784 [1] NCCL INFO Using network IB
x3103c0s31b1n0:58467:61785 [0] NCCL INFO Using network IB
x3103c0s31b1n0:58467:61785 [0] NCCL INFO NET/IB : GPU Direct RDMA Enabled for HCA 0 'mlx5_0'
x3103c0s31b1n0:58467:61785 [0] NCCL INFO NET/IB : GPU Direct RDMA Enabled for HCA 1 'mlx5_1'
x3103c0s31b1n0:58467:61785 [0] NCCL INFO GPU Direct RDMA Disabled for GPU 7000 / HCA 1 (distance 7 > 4)
x3103c0s31b1n0:58467:61785 [0] NCCL INFO GPU Direct RDMA Disabled for GPU 46000 / HCA 1 (distance 6 > 4)
x3103c0s31b1n0:58467:61785 [0] NCCL INFO GPU Direct RDMA Disabled for GPU 85000 / HCA 1 (distance 7 > 4)
x3103c0s31b1n0:58467:61785 [0] NCCL INFO GPU Direct RDMA Disabled for GPU c7000 / HCA 1 (distance 7 > 4)
x3103c0s31b1n0:58467:61785 [0] NCCL INFO GPU Direct RDMA Disabled for GPU 7000 / HCA 0 (distance 7 > 4)
x3103c0s31b1n0:58467:61785 [0] NCCL INFO GPU Direct RDMA Disabled for GPU 46000 / HCA 0 (distance 7 > 4)
x3103c0s31b1n0:58467:61785 [0] NCCL INFO GPU Direct RDMA Disabled for GPU 85000 / HCA 0 (distance 7 > 4)
x3103c0s31b1n0:58467:61785 [0] NCCL INFO GPU Direct RDMA Disabled for GPU c7000 / HCA 0 (distance 6 > 4)
x3103c0s31b1n0:58467:61785 [0] NCCL INFO GPU Direct RDMA Disabled for GPU 7000 / HCA 1 (distance 7 > 4)
x3103c0s31b1n0:58467:61785 [0] NCCL INFO GPU Direct RDMA Disabled for GPU 46000 / HCA 1 (distance 6 > 4)
x3103c0s31b1n0:58467:61785 [0] NCCL INFO GPU Direct RDMA Disabled for GPU 85000 / HCA 1 (distance 7 > 4)
x3103c0s31b1n0:58467:61785 [0] NCCL INFO GPU Direct RDMA Disabled for GPU c7000 / HCA 1 (distance 7 > 4)
x3103c0s31b1n0:58467:61785 [0] NCCL INFO GPU Direct RDMA Disabled for GPU 7000 / HCA 0 (distance 7 > 4)
x3103c0s31b1n0:58467:61785 [0] NCCL INFO GPU Direct RDMA Disabled for GPU 46000 / HCA 0 (distance 7 > 4)
x3103c0s31b1n0:58467:61785 [0] NCCL INFO GPU Direct RDMA Disabled for GPU 85000 / HCA 0 (distance 7 > 4)
x3103c0s31b1n0:58467:61785 [0] NCCL INFO GPU Direct RDMA Disabled for GPU c7000 / HCA 0 (distance 6 > 4)
x3103c0s31b1n0:58467:61785 [0] NCCL INFO === System : maxBw 12.0 totalBw 264.0 ===
x3103c0s31b1n0:58467:61785 [0] NCCL INFO CPU/3 (1/2/-1)
x3103c0s31b1n0:58467:61785 [0] NCCL INFO + SYS[5000.0] - CPU/2
x3103c0s31b1n0:58467:61785 [0] NCCL INFO + SYS[5000.0] - CPU/1
x3103c0s31b1n0:58467:61785 [0] NCCL INFO + SYS[5000.0] - CPU/0
x3103c0s31b1n0:58467:61785 [0] NCCL INFO + PCI[24.0] - PCI/5000 (11f8406811f8beef)
x3103c0s31b1n0:58467:61785 [0] NCCL INFO               + PCI[24.0] - GPU/7000 (12)
x3103c0s31b1n0:58467:61785 [0] NCCL INFO                             + NVL[88.0] - GPU/85000
x3103c0s31b1n0:58467:61785 [0] NCCL INFO                             + NVL[88.0] - GPU/C7000
x3103c0s31b1n0:58467:61785 [0] NCCL INFO                             + NVL[88.0] - GPU/46000
x3103c0s31b1n0:58467:61785 [0] NCCL INFO CPU/2 (1/2/-1)
x3103c0s31b1n0:58467:61785 [0] NCCL INFO + SYS[5000.0] - CPU/3
x3103c0s31b1n0:58467:61785 [0] NCCL INFO + SYS[5000.0] - CPU/1
x3103c0s31b1n0:58467:61785 [0] NCCL INFO + SYS[5000.0] - CPU/0
x3103c0s31b1n0:58467:61785 [0] NCCL INFO + PCI[24.0] - PCI/44000 (11f8406811f8beef)
x3103c0s31b1n0:58467:61785 [0] NCCL INFO               + PCI[24.0] - GPU/46000 (13)
x3103c0s31b1n0:58467:61785 [0] NCCL INFO                             + NVL[88.0] - GPU/85000
x3103c0s31b1n0:58467:61785 [0] NCCL INFO                             + NVL[88.0] - GPU/C7000
x3103c0s31b1n0:58467:61785 [0] NCCL INFO                             + NVL[88.0] - GPU/7000
x3103c0s31b1n0:58467:61785 [0] NCCL INFO + PCI[12.0] - NIC/43000
x3103c0s31b1n0:58467:61785 [0] NCCL INFO               + NET[12.5] - NET/1 (18b70cffffa4e988/1/12.500000)
x3103c0s31b1n0:58467:61785 [0] NCCL INFO CPU/1 (1/2/-1)
x3103c0s31b1n0:58467:61785 [0] NCCL INFO + SYS[5000.0] - CPU/3
x3103c0s31b1n0:58467:61785 [0] NCCL INFO + SYS[5000.0] - CPU/2
x3103c0s31b1n0:58467:61785 [0] NCCL INFO + SYS[5000.0] - CPU/0
x3103c0s31b1n0:58467:61785 [0] NCCL INFO + PCI[24.0] - PCI/83000 (11f8406811f8beef)
x3103c0s31b1n0:58467:61785 [0] NCCL INFO               + PCI[24.0] - GPU/85000 (14)
x3103c0s31b1n0:58467:61785 [0] NCCL INFO                             + NVL[88.0] - GPU/C7000
x3103c0s31b1n0:58467:61785 [0] NCCL INFO                             + NVL[88.0] - GPU/46000
x3103c0s31b1n0:58467:61785 [0] NCCL INFO                             + NVL[88.0] - GPU/7000
x3103c0s31b1n0:58467:61785 [0] NCCL INFO CPU/0 (1/2/-1)
x3103c0s31b1n0:58467:61785 [0] NCCL INFO + SYS[5000.0] - CPU/3
x3103c0s31b1n0:58467:61785 [0] NCCL INFO + SYS[5000.0] - CPU/2
x3103c0s31b1n0:58467:61785 [0] NCCL INFO + SYS[5000.0] - CPU/1
x3103c0s31b1n0:58467:61785 [0] NCCL INFO + PCI[24.0] - PCI/C5000 (11f8406811f8beef)
x3103c0s31b1n0:58467:61785 [0] NCCL INFO               + PCI[24.0] - GPU/C7000 (15)
x3103c0s31b1n0:58467:61785 [0] NCCL INFO                             + NVL[88.0] - GPU/85000
x3103c0s31b1n0:58467:61785 [0] NCCL INFO                             + NVL[88.0] - GPU/46000
x3103c0s31b1n0:58467:61785 [0] NCCL INFO                             + NVL[88.0] - GPU/7000
x3103c0s31b1n0:58467:61785 [0] NCCL INFO + PCI[12.0] - NIC/C8000
x3103c0s31b1n0:58467:61785 [0] NCCL INFO               + NET[12.5] - NET/0 (38b70cffffa4e988/1/12.500000)
x3103c0s31b1n0:58467:61785 [0] NCCL INFO ==========================================
x3103c0s31b1n0:58467:61785 [0] NCCL INFO GPU/7000 :GPU/7000 (0/5000.000000/LOC) GPU/46000 (1/88.000000/NVL) GPU/85000 (1/88.000000/NVL) GPU/C7000 (1/88.000000/NVL) CPU/3 (2/24.000000/PHB) CPU/2 (3/24.000000/SYS) CPU/1 (3/24.000000/SYS) CPU/0 (3/24.000000/SYS) NET/1 (5/12.000000/SYS) NET/0 (5/12.000000/SYS) 
x3103c0s31b1n0:58467:61785 [0] NCCL INFO GPU/46000 :GPU/7000 (1/88.000000/NVL) GPU/46000 (0/5000.000000/LOC) GPU/85000 (1/88.000000/NVL) GPU/C7000 (1/88.000000/NVL) CPU/3 (3/24.000000/SYS) CPU/2 (2/24.000000/PHB) CPU/1 (3/24.000000/SYS) CPU/0 (3/24.000000/SYS) NET/1 (4/12.000000/PHB) NET/0 (5/12.000000/SYS) 
x3103c0s31b1n0:58467:61785 [0] NCCL INFO GPU/85000 :GPU/7000 (1/88.000000/NVL) GPU/46000 (1/88.000000/NVL) GPU/85000 (0/5000.000000/LOC) GPU/C7000 (1/88.000000/NVL) CPU/3 (3/24.000000/SYS) CPU/2 (3/24.000000/SYS) CPU/1 (2/24.000000/PHB) CPU/0 (3/24.000000/SYS) NET/1 (5/12.000000/SYS) NET/0 (5/12.000000/SYS) 
x3103c0s31b1n0:58467:61785 [0] NCCL INFO GPU/C7000 :GPU/7000 (1/88.000000/NVL) GPU/46000 (1/88.000000/NVL) GPU/85000 (1/88.000000/NVL) GPU/C7000 (0/5000.000000/LOC) CPU/3 (3/24.000000/SYS) CPU/2 (3/24.000000/SYS) CPU/1 (3/24.000000/SYS) CPU/0 (2/24.000000/PHB) NET/1 (5/12.000000/SYS) NET/0 (4/12.000000/PHB) 
x3103c0s31b1n0:58467:61785 [0] NCCL INFO NET/1 :GPU/7000 (5/12.000000/SYS) GPU/46000 (4/12.000000/PHB) GPU/85000 (5/12.000000/SYS) GPU/C7000 (5/12.000000/SYS) CPU/3 (3/12.000000/SYS) CPU/2 (2/12.000000/PHB) CPU/1 (3/12.000000/SYS) CPU/0 (3/12.000000/SYS) NET/1 (0/5000.000000/LOC) NET/0 (5/12.000000/SYS) 
x3103c0s31b1n0:58467:61785 [0] NCCL INFO NET/0 :GPU/7000 (5/12.000000/SYS) GPU/46000 (5/12.000000/SYS) GPU/85000 (5/12.000000/SYS) GPU/C7000 (4/12.000000/PHB) CPU/3 (3/12.000000/SYS) CPU/2 (3/12.000000/SYS) CPU/1 (3/12.000000/SYS) CPU/0 (2/12.000000/PHB) NET/1 (5/12.000000/SYS) NET/0 (0/5000.000000/LOC) 
x3103c0s31b1n0:58467:61785 [0] NCCL INFO Pattern 4, crossNic 0, nChannels 2, bw 12.000000/12.000000, type NVL/SYS, sameChannels 1
x3103c0s31b1n0:58467:61785 [0] NCCL INFO  0 : NET/1 GPU/13 GPU/12 GPU/14 GPU/15 NET/1
x3103c0s31b1n0:58467:61785 [0] NCCL INFO  1 : NET/0 GPU/13 GPU/12 GPU/14 GPU/15 NET/0
x3103c0s31b1n0:58467:61785 [0] NCCL INFO Pattern 1, crossNic 0, nChannels 2, bw 24.000000/12.000000, type NVL/SYS, sameChannels 1
x3103c0s31b1n0:58467:61785 [0] NCCL INFO  0 : NET/1 GPU/12 GPU/13 GPU/14 GPU/15 NET/1
x3103c0s31b1n0:58467:61785 [0] NCCL INFO  1 : NET/0 GPU/12 GPU/13 GPU/14 GPU/15 NET/0
x3103c0s31b1n0:58467:61785 [0] NCCL INFO Pattern 3, crossNic 0, nChannels 0, bw 0.000000/0.000000, type NVL/PIX, sameChannels 1
x3103c0s31b1n0:58468:61784 [1] NCCL INFO NET/IB : GPU Direct RDMA Enabled for HCA 0 'mlx5_0'
x3103c0s31b1n0:58468:61784 [1] NCCL INFO NET/IB : GPU Direct RDMA Enabled for HCA 1 'mlx5_1'
x3103c0s31b1n0:58469:61786 [2] NCCL INFO NET/IB : GPU Direct RDMA Enabled for HCA 0 'mlx5_0'
x3103c0s31b1n0:58469:61786 [2] NCCL INFO NET/IB : GPU Direct RDMA Enabled for HCA 1 'mlx5_1'
x3103c0s31b1n0:58469:61786 [2] NCCL INFO GPU Direct RDMA Disabled for GPU 7000 / HCA 1 (distance 7 > 4)
x3103c0s31b1n0:58469:61786 [2] NCCL INFO GPU Direct RDMA Disabled for GPU 46000 / HCA 1 (distance 6 > 4)
x3103c0s31b1n0:58469:61786 [2] NCCL INFO GPU Direct RDMA Disabled for GPU 85000 / HCA 1 (distance 7 > 4)
x3103c0s31b1n0:58469:61786 [2] NCCL INFO GPU Direct RDMA Disabled for GPU c7000 / HCA 1 (distance 7 > 4)
x3103c0s31b1n0:58469:61786 [2] NCCL INFO GPU Direct RDMA Disabled for GPU 7000 / HCA 0 (distance 7 > 4)
x3103c0s31b1n0:58469:61786 [2] NCCL INFO GPU Direct RDMA Disabled for GPU 46000 / HCA 0 (distance 7 > 4)
x3103c0s31b1n0:58469:61786 [2] NCCL INFO GPU Direct RDMA Disabled for GPU 85000 / HCA 0 (distance 7 > 4)
x3103c0s31b1n0:58469:61786 [2] NCCL INFO GPU Direct RDMA Disabled for GPU c7000 / HCA 0 (distance 6 > 4)
x3103c0s31b1n0:58469:61786 [2] NCCL INFO GPU Direct RDMA Disabled for GPU 7000 / HCA 1 (distance 7 > 4)
x3103c0s31b1n0:58469:61786 [2] NCCL INFO GPU Direct RDMA Disabled for GPU 46000 / HCA 1 (distance 6 > 4)
x3103c0s31b1n0:58469:61786 [2] NCCL INFO GPU Direct RDMA Disabled for GPU 85000 / HCA 1 (distance 7 > 4)
