x3004c0s1b1n0:59810:64484 [1] NCCL INFO Mem Realloc old size 0, new size 8 pointer 0x149f68000c60
x3004c0s1b1n0:59810:64484 [1] NCCL INFO Allocated 4194656 bytes of shared memory in /dev/shm/nccl-l8VesM

x3004c0s1b1n0:59810:64484 [1] NCCL INFO New proxy recv connection 0 from local rank 1, transport 2
x3004c0s1b1n0:59810:64330 [1] NCCL INFO Connection to proxy localRank 1 -> connection 0x149f68000c80
x3004c0s1b1n0:59807:64481 [0] NCCL INFO Mem Realloc old size 0, new size 8 pointer 0x148084000c60
x3004c0s1b1n0:59807:64481 [0] NCCL INFO New proxy send connection 0 from local rank 0, transport 0
x3004c0s1b1n0:59807:64326 [0] NCCL INFO Connection to proxy localRank 0 -> connection 0x148084000c80
x3004c0s1b1n0:59807:64481 [0] NCCL INFO transport/p2p.cc:430 Cuda Alloc Size 6291456 pointer 0x1480bfa00000
x3004c0s1b1n0:59815:64329 [2] NCCL INFO Ring 00 : 4 -> 6 -> 7
x3004c0s1b1n0:59815:64329 [2] NCCL INFO Ring 01 : 4 -> 6 -> 7
x3004c0s1b1n0:59815:64329 [2] NCCL INFO Ring 02 : 4 -> 6 -> 7
x3004c0s1b1n0:59815:64329 [2] NCCL INFO Ring 03 : 4 -> 6 -> 7
x3004c0s1b1n0:59815:64329 [2] NCCL INFO Trees [0] 7/-1/-1->6->5 [1] 7/-1/-1->6->5 [2] 7/-1/-1->6->5 [3] 7/-1/-1->6->5
x3004c0s1b1n0:59815:64329 [2] NCCL INFO misc/utils.cc:235 memory stack hunk malloc(65536)
x3004c0s1b1n0:59815:64329 [2] NCCL INFO channel.cc:23 Cuda Alloc Size 8064 pointer 0x14bd1f817400
x3004c0s1b1n0:59815:64329 [2] NCCL INFO channel.cc:27 Cuda Alloc Size 80 pointer 0x14bd1f819400
x3004c0s1b1n0:59815:64329 [2] NCCL INFO channel.cc:23 Cuda Alloc Size 8064 pointer 0x14bd1f819600
x3004c0s1b1n0:59815:64329 [2] NCCL INFO channel.cc:27 Cuda Alloc Size 80 pointer 0x14bd1f81b600
x3004c0s1b1n0:59815:64329 [2] NCCL INFO channel.cc:23 Cuda Alloc Size 8064 pointer 0x14bd1f81b800
x3004c0s1b1n0:59815:64329 [2] NCCL INFO channel.cc:27 Cuda Alloc Size 80 pointer 0x14bd1f81d800
x3004c0s1b1n0:59815:64329 [2] NCCL INFO channel.cc:23 Cuda Alloc Size 8064 pointer 0x14bd1f81da00
x3004c0s1b1n0:59815:64329 [2] NCCL INFO channel.cc:27 Cuda Alloc Size 80 pointer 0x14bd1f81fa00
x3004c0s1b1n0:59815:64329 [2] NCCL INFO Channel 00/0 : 6[85000] -> 7[c7000] via P2P/IPC/read
x3004c0s1b1n0:59819:64328 [3] NCCL INFO Ring 00 : 6 -> 7 -> 9
x3004c0s1b1n0:59819:64328 [3] NCCL INFO Ring 01 : 6 -> 7 -> 9
x3004c0s1b1n0:59819:64328 [3] NCCL INFO Ring 02 : 6 -> 7 -> 9
x3004c0s1b1n0:59819:64328 [3] NCCL INFO Ring 03 : 6 -> 7 -> 9
x3004c0s1b1n0:59819:64328 [3] NCCL INFO Trees [0] -1/-1/-1->7->6 [1] -1/-1/-1->7->6 [2] -1/-1/-1->7->6 [3] -1/-1/-1->7->6
x3004c0s1b1n0:59819:64328 [3] NCCL INFO misc/utils.cc:235 memory stack hunk malloc(65536)
x3004c0s1b1n0:59819:64328 [3] NCCL INFO channel.cc:23 Cuda Alloc Size 8064 pointer 0x14f0c3e17400
x3004c0s1b1n0:59819:64328 [3] NCCL INFO channel.cc:27 Cuda Alloc Size 80 pointer 0x14f0c3e19400
x3004c0s1b1n0:59819:64328 [3] NCCL INFO channel.cc:23 Cuda Alloc Size 8064 pointer 0x14f0c3e19600
x3004c0s1b1n0:59819:64328 [3] NCCL INFO channel.cc:27 Cuda Alloc Size 80 pointer 0x14f0c3e1b600
x3004c0s1b1n0:59819:64328 [3] NCCL INFO channel.cc:23 Cuda Alloc Size 8064 pointer 0x14f0c3e1b800
x3004c0s1b1n0:59819:64328 [3] NCCL INFO channel.cc:27 Cuda Alloc Size 80 pointer 0x14f0c3e1d800
x3004c0s1b1n0:59819:64328 [3] NCCL INFO channel.cc:23 Cuda Alloc Size 8064 pointer 0x14f0c3e1da00
x3004c0s1b1n0:59819:64328 [3] NCCL INFO channel.cc:27 Cuda Alloc Size 80 pointer 0x14f0c3e1fa00
x3004c0s1b1n0:59815:64490 [2] NCCL INFO Mem Realloc old size 0, new size 8 pointer 0x14bcc8000c60
x3004c0s1b1n0:59815:64490 [2] NCCL INFO New proxy send connection 0 from local rank 2, transport 0
x3004c0s1b1n0:59819:64491 [3] NCCL INFO Mem Realloc old size 0, new size 8 pointer 0x14f044000c60
x3004c0s1b1n0:59819:64491 [3] NCCL INFO New proxy recv connection 0 from local rank 3, transport 0
x3004c0s1b1n0:59810:64330 [1] NCCL INFO Channel 00/0 : 3[c7000] -> 5[46000] [receive] via NET/IB/1
x3004c0s1b1n0:59810:64330 [1] NCCL INFO GPU Direct RDMA Disabled for GPU 46000 / HCA 0 (distance 7 > 4)
x3004c0s1b1n0:59810:64484 [1] NCCL INFO New proxy recv connection 1 from local rank 1, transport 2
x3004c0s1b1n0:59807:64326 [0] NCCL INFO Channel 01/0 : 4[7000] -> 6[85000] via P2P/IPC/read
x3004c0s1b1n0:59807:64481 [0] NCCL INFO New proxy send connection 1 from local rank 0, transport 0
x3004c0s1b1n0:59807:64326 [0] NCCL INFO Connection to proxy localRank 0 -> connection 0x148084000cc0
x3004c0s1b1n0:59815:64329 [2] NCCL INFO Connection to proxy localRank 2 -> connection 0x14bcc8000c80
x3004c0s1b1n0:59815:64490 [2] NCCL INFO transport/p2p.cc:430 Cuda Alloc Size 6291456 pointer 0x14bd44000000
x3004c0s1b1n0:59819:64328 [3] NCCL INFO Connection to proxy localRank 3 -> connection 0x14f044000c80
x3004c0s1b1n0:59819:64491 [3] NCCL INFO transport/p2p.cc:449 Cuda Alloc Size 6291456 pointer 0x14f0a8000000
x3004c0s1b1n0:59810:64330 [1] NCCL INFO Connection to proxy localRank 1 -> connection 0x149f68000cc0
x3004c0s1b1n0:59807:64481 [0] NCCL INFO transport/p2p.cc:430 Cuda Alloc Size 6291456 pointer 0x148103800000
x3004c0s1b1n0:59815:64329 [2] NCCL INFO Channel 01/0 : 6[85000] -> 7[c7000] via P2P/IPC/read
x3004c0s1b1n0:59815:64490 [2] NCCL INFO New proxy send connection 1 from local rank 2, transport 0
x3004c0s1b1n0:59807:64326 [0] NCCL INFO Channel 02/0 : 4[7000] -> 6[85000] via P2P/IPC/read
x3004c0s1b1n0:59807:64481 [0] NCCL INFO New proxy send connection 2 from local rank 0, transport 0
x3004c0s1b1n0:59819:64491 [3] NCCL INFO New proxy recv connection 1 from local rank 3, transport 0
x3004c0s1b1n0:59810:64330 [1] NCCL INFO Channel 01/0 : 3[c7000] -> 5[46000] [receive] via NET/IB/0
x3004c0s1b1n0:59810:64330 [1] NCCL INFO GPU Direct RDMA Disabled for GPU 46000 / HCA 1 (distance 6 > 4)
x3004c0s1b1n0:59810:64484 [1] NCCL INFO New proxy recv connection 2 from local rank 1, transport 2
x3004c0s1b1n0:59810:64330 [1] NCCL INFO Connection to proxy localRank 1 -> connection 0x149f68000d00
x3004c0s1b1n0:59815:64329 [2] NCCL INFO Connection to proxy localRank 2 -> connection 0x14bcc8000cc0
x3004c0s1b1n0:59815:64490 [2] NCCL INFO transport/p2p.cc:430 Cuda Alloc Size 6291456 pointer 0x14bd44600000
x3004c0s1b1n0:59807:64326 [0] NCCL INFO Connection to proxy localRank 0 -> connection 0x148084000d00
x3004c0s1b1n0:59807:64481 [0] NCCL INFO transport/p2p.cc:430 Cuda Alloc Size 6291456 pointer 0x148103e00000
x3004c0s1b1n0:59819:64328 [3] NCCL INFO Connection to proxy localRank 3 -> connection 0x14f044000cc0
x3004c0s1b1n0:59819:64491 [3] NCCL INFO transport/p2p.cc:449 Cuda Alloc Size 6291456 pointer 0x14f0a8600000
x3004c0s1b1n0:59815:64329 [2] NCCL INFO Channel 02/0 : 6[85000] -> 7[c7000] via P2P/IPC/read
x3004c0s1b1n0:59815:64490 [2] NCCL INFO New proxy send connection 2 from local rank 2, transport 0
x3004c0s1b1n0:59807:64326 [0] NCCL INFO Channel 03/0 : 4[7000] -> 6[85000] via P2P/IPC/read
x3004c0s1b1n0:59807:64481 [0] NCCL INFO New proxy send connection 3 from local rank 0, transport 0
x3004c0s1b1n0:59807:64326 [0] NCCL INFO Connection to proxy localRank 0 -> connection 0x148084000d40
x3004c0s1b1n0:59807:64481 [0] NCCL INFO transport/p2p.cc:430 Cuda Alloc Size 6291456 pointer 0x148104400000
x3004c0s1b1n0:59810:64330 [1] NCCL INFO Channel 02/0 : 3[c7000] -> 5[46000] [receive] via NET/IB/1
x3004c0s1b1n0:59810:64330 [1] NCCL INFO GPU Direct RDMA Disabled for GPU 46000 / HCA 0 (distance 7 > 4)
x3004c0s1b1n0:59810:64484 [1] NCCL INFO New proxy recv connection 3 from local rank 1, transport 2
x3004c0s1b1n0:59819:64491 [3] NCCL INFO New proxy recv connection 2 from local rank 3, transport 0
x3004c0s1b1n0:59815:64329 [2] NCCL INFO Connection to proxy localRank 2 -> connection 0x14bcc8000d00
x3004c0s1b1n0:59815:64490 [2] NCCL INFO transport/p2p.cc:430 Cuda Alloc Size 6291456 pointer 0x14bd44c00000
x3004c0s1b1n0:59810:64330 [1] NCCL INFO Connection to proxy localRank 1 -> connection 0x149f68000d40
x3004c0s1b1n0:59819:64328 [3] NCCL INFO Connection to proxy localRank 3 -> connection 0x14f044000d00
x3004c0s1b1n0:59819:64491 [3] NCCL INFO transport/p2p.cc:449 Cuda Alloc Size 6291456 pointer 0x14f0a8c00000
x3004c0s1b1n0:59819:64491 [3] NCCL INFO New proxy recv connection 3 from local rank 3, transport 0
x3004c0s1b1n0:59815:64329 [2] NCCL INFO Channel 03/0 : 6[85000] -> 7[c7000] via P2P/IPC/read
x3004c0s1b1n0:59815:64490 [2] NCCL INFO New proxy send connection 3 from local rank 2, transport 0
x3004c0s1b1n0:59810:64330 [1] NCCL INFO Channel 03/0 : 3[c7000] -> 5[46000] [receive] via NET/IB/0
x3004c0s1b1n0:59819:64328 [3] NCCL INFO Connection to proxy localRank 3 -> connection 0x14f044000d40
x3004c0s1b1n0:59819:64491 [3] NCCL INFO transport/p2p.cc:449 Cuda Alloc Size 6291456 pointer 0x14f0a9200000
x3004c0s1b1n0:59815:64329 [2] NCCL INFO Connection to proxy localRank 2 -> connection 0x14bcc8000d40
x3004c0s1b1n0:59815:64490 [2] NCCL INFO transport/p2p.cc:430 Cuda Alloc Size 6291456 pointer 0x14bd45200000
x3004c0s1b1n0:59819:64328 [3] NCCL INFO GPU Direct RDMA Disabled for GPU c7000 / HCA 1 (distance 7 > 4)
x3004c0s1b1n0:59819:64491 [3] NCCL INFO Allocated 4194656 bytes of shared memory in /dev/shm/nccl-vdh3Wq

x3004c0s1b1n0:59819:64491 [3] NCCL INFO New proxy send connection 4 from local rank 3, transport 2
x3004c0s1b1n0:59819:64328 [3] NCCL INFO Connection to proxy localRank 3 -> connection 0x14f044000d80
x3004c0s1b1n0:59819:64328 [3] NCCL INFO Channel 00/0 : 7[c7000] -> 9[46000] [send] via NET/IB/1
x3004c0s1b1n0:59819:64328 [3] NCCL INFO GPU Direct RDMA Disabled for GPU c7000 / HCA 0 (distance 6 > 4)
x3004c0s1b1n0:59815:64490 [2] NCCL INFO New proxy recv connection 4 from local rank 2, transport 0
x3004c0s1b1n0:59819:64491 [3] NCCL INFO New proxy send connection 5 from local rank 3, transport 2
x3004c0s1b1n0:59815:64329 [2] NCCL INFO Connection to proxy localRank 2 -> connection 0x14bcc8000d80
x3004c0s1b1n0:59815:64490 [2] NCCL INFO transport/p2p.cc:449 Cuda Alloc Size 6291456 pointer 0x14bcc3800000
x3004c0s1b1n0:59819:64328 [3] NCCL INFO Connection to proxy localRank 3 -> connection 0x14f044000dc0
x3004c0s1b1n0:59819:64328 [3] NCCL INFO Channel 01/0 : 7[c7000] -> 9[46000] [send] via NET/IB/0
x3004c0s1b1n0:59819:64328 [3] NCCL INFO GPU Direct RDMA Disabled for GPU c7000 / HCA 1 (distance 7 > 4)
x3004c0s1b1n0:59819:64491 [3] NCCL INFO New proxy send connection 6 from local rank 3, transport 2
x3004c0s1b1n0:59815:64490 [2] NCCL INFO New proxy recv connection 5 from local rank 2, transport 0
x3004c0s1b1n0:59810:64484 [1] NCCL INFO transport/net_ib.cc:683 Ib Alloc Size 21688 pointer 0x149f6801d000
x3004c0s1b1n0:59810:64484 [1] NCCL INFO transport/net_ib.cc:696 Ib Alloc Size 552 pointer 0x149f68024000
x3004c0s1b1n0:59815:64329 [2] NCCL INFO Connection to proxy localRank 2 -> connection 0x14bcc8000dc0
x3004c0s1b1n0:59815:64490 [2] NCCL INFO transport/p2p.cc:449 Cuda Alloc Size 6291456 pointer 0x14bcc0000000
x3004c0s1b1n0:59819:64328 [3] NCCL INFO Connection to proxy localRank 3 -> connection 0x14f044000e00
x3004c0s1b1n0:59819:64328 [3] NCCL INFO Channel 02/0 : 7[c7000] -> 9[46000] [send] via NET/IB/1
x3004c0s1b1n0:59819:64328 [3] NCCL INFO GPU Direct RDMA Disabled for GPU c7000 / HCA 0 (distance 6 > 4)
x3004c0s1b1n0:59819:64491 [3] NCCL INFO New proxy send connection 7 from local rank 3, transport 2
x3004c0s1b1n0:59819:64328 [3] NCCL INFO Connection to proxy localRank 3 -> connection 0x14f044000e40
x3004c0s1b1n0:59819:64328 [3] NCCL INFO Channel 03/0 : 7[c7000] -> 9[46000] [send] via NET/IB/0
x3004c0s1b1n0:59815:64490 [2] NCCL INFO New proxy recv connection 6 from local rank 2, transport 0
x3004c0s1b1n0:59810:64484 [1] NCCL INFO transport/net_ib.cc:771 Ib Alloc Size 552 pointer 0x149f68041000
x3004c0s1b1n0:59810:64484 [1] NCCL INFO transport/net.cc:698 Cuda Host Alloc Size 9641984 pointer 0x149fe0000000
x3004c0s1b1n0:59810:64484 [1] NCCL INFO transport/net_ib.cc:683 Ib Alloc Size 21688 pointer 0x149f68043000
x3004c0s1b1n0:59810:64484 [1] NCCL INFO transport/net_ib.cc:696 Ib Alloc Size 552 pointer 0x149f6804a000
x3004c0s1b1n0:59819:64491 [3] NCCL INFO transport/net_ib.cc:596 Ib Alloc Size 26560 pointer 0x14f044020000
x3004c0s1b1n0:59819:64491 [3] NCCL INFO NET/IB: Dev 1 Port 1 qpn 12354 mtu 5 GID 0 (80FE/EF0100FEFF000000)
x3004c0s1b1n0:59819:64491 [3] NCCL INFO transport/net_ib.cc:653 Ib Alloc Size 552 pointer 0x14f044038000
x3004c0s1b1n0:59810:64484 [1] NCCL INFO transport/net_ib.cc:771 Ib Alloc Size 552 pointer 0x149f68065000
x3004c0s1b1n0:59810:64484 [1] NCCL INFO transport/net.cc:698 Cuda Host Alloc Size 9641984 pointer 0x149fe0a00000
x3004c0s1b1n0:59819:64491 [3] NCCL INFO transport/net.cc:571 Cuda Host Alloc Size 9641984 pointer 0x14f0d4800000
x3004c0s1b1n0:59815:64329 [2] NCCL INFO Connection to proxy localRank 2 -> connection 0x14bcc8000e00
x3004c0s1b1n0:59815:64490 [2] NCCL INFO transport/p2p.cc:449 Cuda Alloc Size 6291456 pointer 0x14bcc0600000
x3004c0s1b1n0:59810:64484 [1] NCCL INFO transport/net_ib.cc:683 Ib Alloc Size 21688 pointer 0x149f68067000
x3004c0s1b1n0:59810:64484 [1] NCCL INFO transport/net_ib.cc:696 Ib Alloc Size 552 pointer 0x149f6806e000
x3004c0s1b1n0:59810:64484 [1] NCCL INFO transport/net_ib.cc:771 Ib Alloc Size 552 pointer 0x149f68089000
x3004c0s1b1n0:59810:64484 [1] NCCL INFO transport/net.cc:698 Cuda Host Alloc Size 9641984 pointer 0x149f62000000
x3004c0s1b1n0:59819:64491 [3] NCCL INFO transport/net_ib.cc:596 Ib Alloc Size 26560 pointer 0x14f04403a000
x3004c0s1b1n0:59815:64490 [2] NCCL INFO New proxy recv connection 7 from local rank 2, transport 0
x3004c0s1b1n0:59810:64484 [1] NCCL INFO transport/net_ib.cc:683 Ib Alloc Size 21688 pointer 0x149f6808b000
x3004c0s1b1n0:59819:64491 [3] NCCL INFO NET/IB: Dev 0 Port 1 qpn 12298 mtu 5 GID 0 (80FE/AA0100FEFF000000)
x3004c0s1b1n0:59819:64491 [3] NCCL INFO transport/net_ib.cc:653 Ib Alloc Size 552 pointer 0x14f044051000
x3004c0s1b1n0:59819:64491 [3] NCCL INFO transport/net.cc:571 Cuda Host Alloc Size 9641984 pointer 0x14f0d5200000
x3004c0s1b1n0:59815:64329 [2] NCCL INFO Connection to proxy localRank 2 -> connection 0x14bcc8000e40
x3004c0s1b1n0:59815:64490 [2] NCCL INFO transport/p2p.cc:449 Cuda Alloc Size 6291456 pointer 0x14bcc0c00000
x3004c0s1b1n0:59810:64484 [1] NCCL INFO transport/net_ib.cc:696 Ib Alloc Size 552 pointer 0x149f68092000
x3004c0s1b1n0:59819:64491 [3] NCCL INFO transport/net_ib.cc:596 Ib Alloc Size 26560 pointer 0x14f044053000
x3004c0s1b1n0:59815:64329 [2] NCCL INFO Connected all rings
x3004c0s1b1n0:59815:64490 [2] NCCL INFO New proxy recv connection 8 from local rank 2, transport 0
x3004c0s1b1n0:59807:64481 [0] NCCL INFO New proxy recv connection 4 from local rank 0, transport 0
x3004c0s1b1n0:59819:64491 [3] NCCL INFO NET/IB: Dev 1 Port 1 qpn 12357 mtu 5 GID 0 (80FE/EF0100FEFF000000)
x3004c0s1b1n0:59819:64491 [3] NCCL INFO transport/net_ib.cc:653 Ib Alloc Size 552 pointer 0x14f04406a000
x3004c0s1b1n0:59819:64491 [3] NCCL INFO transport/net.cc:571 Cuda Host Alloc Size 9641984 pointer 0x14f0d5c00000
x3004c0s1b1n0:59810:64484 [1] NCCL INFO transport/net_ib.cc:771 Ib Alloc Size 552 pointer 0x149f680ad000
x3004c0s1b1n0:59810:64484 [1] NCCL INFO transport/net.cc:698 Cuda Host Alloc Size 9641984 pointer 0x149f62a00000
x3004c0s1b1n0:59807:64326 [0] NCCL INFO Connection to proxy localRank 0 -> connection 0x148084000d80
x3004c0s1b1n0:59807:64481 [0] NCCL INFO transport/p2p.cc:449 Cuda Alloc Size 6291456 pointer 0x14808ac00000
x3004c0s1b1n0:59815:64329 [2] NCCL INFO Connection to proxy localRank 2 -> connection 0x14bcc8000e80
x3004c0s1b1n0:59815:64490 [2] NCCL INFO transport/p2p.cc:449 Cuda Alloc Size 6291456 pointer 0x14bcbec00000
x3004c0s1b1n0:59819:64491 [3] NCCL INFO transport/net_ib.cc:596 Ib Alloc Size 26560 pointer 0x14f04406c000
x3004c0s1b1n0:59810:64330 [1] NCCL INFO Channel 00/0 : 5[46000] -> 4[7000] via P2P/IPC/read
x3004c0s1b1n0:59810:64484 [1] NCCL INFO New proxy send connection 4 from local rank 1, transport 0
x3004c0s1b1n0:59807:64481 [0] NCCL INFO New proxy recv connection 5 from local rank 0, transport 0
x3004c0s1b1n0:59819:64491 [3] NCCL INFO NET/IB: Dev 0 Port 1 qpn 12301 mtu 5 GID 0 (80FE/AA0100FEFF000000)
x3004c0s1b1n0:59819:64491 [3] NCCL INFO transport/net_ib.cc:653 Ib Alloc Size 552 pointer 0x14f044083000
x3004c0s1b1n0:59819:64491 [3] NCCL INFO transport/net.cc:571 Cuda Host Alloc Size 9641984 pointer 0x14f0d6600000
x3004c0s1b1n0:59815:64490 [2] NCCL INFO New proxy recv connection 9 from local rank 2, transport 0
x3004c0s1b1n0:59810:64330 [1] NCCL INFO Connection to proxy localRank 1 -> connection 0x149f68000d80
x3004c0s1b1n0:59810:64484 [1] NCCL INFO transport/p2p.cc:430 Cuda Alloc Size 6291456 pointer 0x149f63400000
x3004c0s1b1n0:59819:64328 [3] NCCL INFO Connected all rings
x3004c0s1b1n0:59819:64328 [3] NCCL INFO Channel 00/0 : 7[c7000] -> 6[85000] via P2P/IPC/read
x3004c0s1b1n0:59819:64491 [3] NCCL INFO New proxy send connection 8 from local rank 3, transport 0
x3004c0s1b1n0:59807:64326 [0] NCCL INFO Connection to proxy localRank 0 -> connection 0x148084000dc0
x3004c0s1b1n0:59807:64481 [0] NCCL INFO transport/p2p.cc:449 Cuda Alloc Size 6291456 pointer 0x14808b200000
x3004c0s1b1n0:59815:64329 [2] NCCL INFO Connection to proxy localRank 2 -> connection 0x14bcc8000ec0
x3004c0s1b1n0:59815:64490 [2] NCCL INFO transport/p2p.cc:449 Cuda Alloc Size 6291456 pointer 0x14bcbf200000
x3004c0s1b1n0:59810:64330 [1] NCCL INFO Channel 01/0 : 5[46000] -> 4[7000] via P2P/IPC/read
x3004c0s1b1n0:59810:64484 [1] NCCL INFO New proxy send connection 5 from local rank 1, transport 0
x3004c0s1b1n0:59819:64328 [3] NCCL INFO Connection to proxy localRank 3 -> connection 0x14f044000e80
x3004c0s1b1n0:59819:64491 [3] NCCL INFO transport/p2p.cc:430 Cuda Alloc Size 6291456 pointer 0x14f0db400000
x3004c0s1b1n0:59807:64481 [0] NCCL INFO New proxy recv connection 6 from local rank 0, transport 0
x3004c0s1b1n0:59807:64326 [0] NCCL INFO Connection to proxy localRank 0 -> connection 0x148084000e00
x3004c0s1b1n0:59815:64490 [2] NCCL INFO New proxy recv connection 10 from local rank 2, transport 0
x3004c0s1b1n0:59810:64330 [1] NCCL INFO Connection to proxy localRank 1 -> connection 0x149f68000dc0
x3004c0s1b1n0:59810:64484 [1] NCCL INFO transport/p2p.cc:430 Cuda Alloc Size 6291456 pointer 0x149f63a00000
x3004c0s1b1n0:59807:64481 [0] NCCL INFO transport/p2p.cc:449 Cuda Alloc Size 6291456 pointer 0x14808b800000
x3004c0s1b1n0:59819:64328 [3] NCCL INFO Channel 01/0 : 7[c7000] -> 6[85000] via P2P/IPC/read
x3004c0s1b1n0:59819:64491 [3] NCCL INFO New proxy send connection 9 from local rank 3, transport 0
x3004c0s1b1n0:59819:64328 [3] NCCL INFO Connection to proxy localRank 3 -> connection 0x14f044000ec0
x3004c0s1b1n0:59819:64491 [3] NCCL INFO transport/p2p.cc:430 Cuda Alloc Size 6291456 pointer 0x14f0dba00000
x3004c0s1b1n0:59815:64329 [2] NCCL INFO Connection to proxy localRank 2 -> connection 0x14bcc8000f00
x3004c0s1b1n0:59815:64490 [2] NCCL INFO transport/p2p.cc:449 Cuda Alloc Size 6291456 pointer 0x14bcbf800000
x3004c0s1b1n0:59810:64330 [1] NCCL INFO Channel 02/0 : 5[46000] -> 4[7000] via P2P/IPC/read
x3004c0s1b1n0:59810:64484 [1] NCCL INFO New proxy send connection 6 from local rank 1, transport 0
x3004c0s1b1n0:59807:64481 [0] NCCL INFO New proxy recv connection 7 from local rank 0, transport 0
x3004c0s1b1n0:59819:64328 [3] NCCL INFO Channel 02/0 : 7[c7000] -> 6[85000] via P2P/IPC/read
x3004c0s1b1n0:59819:64491 [3] NCCL INFO New proxy send connection 10 from local rank 3, transport 0
x3004c0s1b1n0:59815:64490 [2] NCCL INFO New proxy recv connection 11 from local rank 2, transport 0
x3004c0s1b1n0:59810:64330 [1] NCCL INFO Connection to proxy localRank 1 -> connection 0x149f68000e00
x3004c0s1b1n0:59810:64484 [1] NCCL INFO transport/p2p.cc:430 Cuda Alloc Size 6291456 pointer 0x149f9da00000
x3004c0s1b1n0:59807:64326 [0] NCCL INFO Connection to proxy localRank 0 -> connection 0x148084000e40
x3004c0s1b1n0:59807:64481 [0] NCCL INFO transport/p2p.cc:449 Cuda Alloc Size 6291456 pointer 0x148082000000
x3004c0s1b1n0:59815:64329 [2] NCCL INFO Connection to proxy localRank 2 -> connection 0x14bcc8000f40
x3004c0s1b1n0:59815:64490 [2] NCCL INFO transport/p2p.cc:449 Cuda Alloc Size 6291456 pointer 0x14bcbc000000
x3004c0s1b1n0:59819:64328 [3] NCCL INFO Connection to proxy localRank 3 -> connection 0x14f044000f00
x3004c0s1b1n0:59819:64491 [3] NCCL INFO transport/p2p.cc:430 Cuda Alloc Size 6291456 pointer 0x14f0e7800000
x3004c0s1b1n0:59810:64330 [1] NCCL INFO Channel 03/0 : 5[46000] -> 4[7000] via P2P/IPC/read
x3004c0s1b1n0:59810:64484 [1] NCCL INFO New proxy send connection 7 from local rank 1, transport 0
x3004c0s1b1n0:59819:64328 [3] NCCL INFO Channel 03/0 : 7[c7000] -> 6[85000] via P2P/IPC/read
x3004c0s1b1n0:59819:64491 [3] NCCL INFO New proxy send connection 11 from local rank 3, transport 0
x3004c0s1b1n0:59810:64330 [1] NCCL INFO Connection to proxy localRank 1 -> connection 0x149f68000e40
x3004c0s1b1n0:59810:64484 [1] NCCL INFO transport/p2p.cc:430 Cuda Alloc Size 6291456 pointer 0x149fe1400000
x3004c0s1b1n0:59819:64328 [3] NCCL INFO Connection to proxy localRank 3 -> connection 0x14f044000f40
x3004c0s1b1n0:59819:64491 [3] NCCL INFO transport/p2p.cc:430 Cuda Alloc Size 6291456 pointer 0x14f042000000
x3004c0s1b1n0:59810:64330 [1] NCCL INFO Connected all rings
x3004c0s1b1n0:59807:64326 [0] NCCL INFO Connected all rings
x3004c0s1b1n0:59807:64326 [0] NCCL INFO Channel 00/0 : 4[7000] -> 5[46000] via P2P/IPC/read
x3004c0s1b1n0:59810:64484 [1] NCCL INFO New proxy recv connection 8 from local rank 1, transport 0
x3004c0s1b1n0:59807:64481 [0] NCCL INFO New proxy send connection 8 from local rank 0, transport 0
x3004c0s1b1n0:59810:64330 [1] NCCL INFO Connection to proxy localRank 1 -> connection 0x149f68000e80
x3004c0s1b1n0:59810:64484 [1] NCCL INFO transport/p2p.cc:449 Cuda Alloc Size 6291456 pointer 0x149f5b800000
x3004c0s1b1n0:59807:64326 [0] NCCL INFO Connection to proxy localRank 0 -> connection 0x148084000e80
x3004c0s1b1n0:59807:64481 [0] NCCL INFO transport/p2p.cc:430 Cuda Alloc Size 6291456 pointer 0x148080000000
x3004c0s1b1n0:59807:64326 [0] NCCL INFO Channel 01/0 : 4[7000] -> 5[46000] via P2P/IPC/read
x3004c0s1b1n0:59807:64481 [0] NCCL INFO New proxy send connection 9 from local rank 0, transport 0
x3004c0s1b1n0:59807:64326 [0] NCCL INFO Connection to proxy localRank 0 -> connection 0x148084000ec0
x3004c0s1b1n0:59810:64484 [1] NCCL INFO New proxy recv connection 9 from local rank 1, transport 0
x3004c0s1b1n0:59807:64481 [0] NCCL INFO transport/p2p.cc:430 Cuda Alloc Size 6291456 pointer 0x148080600000
x3004c0s1b1n0:59810:64330 [1] NCCL INFO Connection to proxy localRank 1 -> connection 0x149f68000ec0
x3004c0s1b1n0:59810:64484 [1] NCCL INFO transport/p2p.cc:449 Cuda Alloc Size 6291456 pointer 0x149f58000000
x3004c0s1b1n0:59807:64326 [0] NCCL INFO Channel 02/0 : 4[7000] -> 5[46000] via P2P/IPC/read
x3004c0s1b1n0:59807:64481 [0] NCCL INFO New proxy send connection 10 from local rank 0, transport 0
x3004c0s1b1n0:59810:64484 [1] NCCL INFO New proxy recv connection 10 from local rank 1, transport 0
x3004c0s1b1n0:59807:64326 [0] NCCL INFO Connection to proxy localRank 0 -> connection 0x148084000f00
x3004c0s1b1n0:59807:64481 [0] NCCL INFO transport/p2p.cc:430 Cuda Alloc Size 6291456 pointer 0x148080c00000
x3004c0s1b1n0:59810:64330 [1] NCCL INFO Connection to proxy localRank 1 -> connection 0x149f68000f00
x3004c0s1b1n0:59810:64484 [1] NCCL INFO transport/p2p.cc:449 Cuda Alloc Size 6291456 pointer 0x149f58600000
x3004c0s1b1n0:59807:64326 [0] NCCL INFO Channel 03/0 : 4[7000] -> 5[46000] via P2P/IPC/read
x3004c0s1b1n0:59807:64481 [0] NCCL INFO New proxy send connection 11 from local rank 0, transport 0
x3004c0s1b1n0:59810:64484 [1] NCCL INFO New proxy recv connection 11 from local rank 1, transport 0
x3004c0s1b1n0:59807:64326 [0] NCCL INFO Connection to proxy localRank 0 -> connection 0x148084000f40
x3004c0s1b1n0:59807:64481 [0] NCCL INFO transport/p2p.cc:430 Cuda Alloc Size 6291456 pointer 0x148081200000
x3004c0s1b1n0:59810:64330 [1] NCCL INFO Connection to proxy localRank 1 -> connection 0x149f68000f40
x3004c0s1b1n0:59810:64484 [1] NCCL INFO transport/p2p.cc:449 Cuda Alloc Size 6291456 pointer 0x149f58c00000
x3004c0s1b1n0:59810:64330 [1] NCCL INFO Channel 00/0 : 5[46000] -> 6[85000] via P2P/IPC/read
x3004c0s1b1n0:59810:64484 [1] NCCL INFO New proxy send connection 12 from local rank 1, transport 0
x3004c0s1b1n0:59810:64330 [1] NCCL INFO Connection to proxy localRank 1 -> connection 0x149f68000f80
x3004c0s1b1n0:59810:64484 [1] NCCL INFO transport/p2p.cc:430 Cuda Alloc Size 6291456 pointer 0x149f59200000
x3004c0s1b1n0:59810:64330 [1] NCCL INFO Channel 01/0 : 5[46000] -> 6[85000] via P2P/IPC/read
x3004c0s1b1n0:59810:64484 [1] NCCL INFO New proxy send connection 13 from local rank 1, transport 0
x3004c0s1b1n0:59810:64330 [1] NCCL INFO Connection to proxy localRank 1 -> connection 0x149f68000fc0
x3004c0s1b1n0:59810:64484 [1] NCCL INFO transport/p2p.cc:430 Cuda Alloc Size 6291456 pointer 0x149f59800000
x3004c0s1b1n0:59810:64330 [1] NCCL INFO Channel 02/0 : 5[46000] -> 6[85000] via P2P/IPC/read
x3004c0s1b1n0:59810:64484 [1] NCCL INFO New proxy send connection 14 from local rank 1, transport 0
x3004c0s1b1n0:59810:64330 [1] NCCL INFO Connection to proxy localRank 1 -> connection 0x149f68001000
x3004c0s1b1n0:59810:64484 [1] NCCL INFO transport/p2p.cc:430 Cuda Alloc Size 6291456 pointer 0x149f56000000
x3004c0s1b1n0:59810:64330 [1] NCCL INFO Channel 03/0 : 5[46000] -> 6[85000] via P2P/IPC/read
x3004c0s1b1n0:59810:64484 [1] NCCL INFO New proxy send connection 15 from local rank 1, transport 0
x3004c0s1b1n0:59810:64330 [1] NCCL INFO Connection to proxy localRank 1 -> connection 0x149f68001040
x3004c0s1b1n0:59810:64484 [1] NCCL INFO transport/p2p.cc:430 Cuda Alloc Size 6291456 pointer 0x149f56600000
x3004c0s1b1n0:59810:64484 [1] NCCL INFO New proxy recv connection 16 from local rank 1, transport 0
x3004c0s1b1n0:59807:64326 [0] NCCL INFO GPU Direct RDMA Disabled for GPU 7000 / HCA 1 (distance 7 > 4)
x3004c0s1b1n0:59807:64481 [0] NCCL INFO Allocated 4194656 bytes of shared memory in /dev/shm/nccl-OMgdhy

x3004c0s1b1n0:59807:64481 [0] NCCL INFO New proxy recv connection 12 from local rank 0, transport 2
x3004c0s1b1n0:59815:64490 [2] NCCL INFO New proxy recv connection 12 from local rank 2, transport 0
x3004c0s1b1n0:59807:64326 [0] NCCL INFO Connection to proxy localRank 0 -> connection 0x148084000f80
x3004c0s1b1n0:59810:64330 [1] NCCL INFO Connection to proxy localRank 1 -> connection 0x149f68001080
x3004c0s1b1n0:59810:64484 [1] NCCL INFO transport/p2p.cc:449 Cuda Alloc Size 6291456 pointer 0x149f52000000
x3004c0s1b1n0:59815:64329 [2] NCCL INFO Connection to proxy localRank 2 -> connection 0x14bcc8000f80
x3004c0s1b1n0:59815:64490 [2] NCCL INFO transport/p2p.cc:449 Cuda Alloc Size 6291456 pointer 0x14bcba000000
x3004c0s1b1n0:59810:64484 [1] NCCL INFO New proxy recv connection 17 from local rank 1, transport 0
x3004c0s1b1n0:59815:64490 [2] NCCL INFO New proxy recv connection 13 from local rank 2, transport 0
x3004c0s1b1n0:59807:64326 [0] NCCL INFO Channel 02/0 : 0[7000] -> 4[7000] [receive] via NET/IB/1
x3004c0s1b1n0:59807:64326 [0] NCCL INFO GPU Direct RDMA Disabled for GPU 7000 / HCA 0 (distance 7 > 4)
x3004c0s1b1n0:59807:64481 [0] NCCL INFO New proxy recv connection 13 from local rank 0, transport 2
x3004c0s1b1n0:59810:64330 [1] NCCL INFO Connection to proxy localRank 1 -> connection 0x149f680010c0
x3004c0s1b1n0:59810:64484 [1] NCCL INFO transport/p2p.cc:449 Cuda Alloc Size 6291456 pointer 0x149f52600000
x3004c0s1b1n0:59815:64329 [2] NCCL INFO Connection to proxy localRank 2 -> connection 0x14bcc8000fc0
x3004c0s1b1n0:59815:64490 [2] NCCL INFO transport/p2p.cc:449 Cuda Alloc Size 6291456 pointer 0x14bcba600000
x3004c0s1b1n0:59807:64326 [0] NCCL INFO Connection to proxy localRank 0 -> connection 0x148084000fc0
x3004c0s1b1n0:59810:64484 [1] NCCL INFO New proxy recv connection 18 from local rank 1, transport 0
x3004c0s1b1n0:59815:64490 [2] NCCL INFO New proxy recv connection 14 from local rank 2, transport 0
x3004c0s1b1n0:59807:64326 [0] NCCL INFO Channel 03/0 : 0[7000] -> 4[7000] [receive] via NET/IB/0
x3004c0s1b1n0:59807:64481 [0] NCCL INFO transport/net_ib.cc:683 Ib Alloc Size 21688 pointer 0x14808401b000
x3004c0s1b1n0:59810:64330 [1] NCCL INFO Connection to proxy localRank 1 -> connection 0x149f68001100
x3004c0s1b1n0:59810:64484 [1] NCCL INFO transport/p2p.cc:449 Cuda Alloc Size 6291456 pointer 0x149f52c00000
x3004c0s1b1n0:59815:64329 [2] NCCL INFO Connection to proxy localRank 2 -> connection 0x14bcc8001000
x3004c0s1b1n0:59815:64490 [2] NCCL INFO transport/p2p.cc:449 Cuda Alloc Size 6291456 pointer 0x14bcbac00000
x3004c0s1b1n0:59810:64484 [1] NCCL INFO New proxy recv connection 19 from local rank 1, transport 0
x3004c0s1b1n0:59815:64490 [2] NCCL INFO New proxy recv connection 15 from local rank 2, transport 0
x3004c0s1b1n0:59810:64330 [1] NCCL INFO Connection to proxy localRank 1 -> connection 0x149f68001140
x3004c0s1b1n0:59810:64484 [1] NCCL INFO transport/p2p.cc:449 Cuda Alloc Size 6291456 pointer 0x149f53200000
x3004c0s1b1n0:59815:64329 [2] NCCL INFO Connection to proxy localRank 2 -> connection 0x14bcc8001040
x3004c0s1b1n0:59815:64490 [2] NCCL INFO transport/p2p.cc:449 Cuda Alloc Size 6291456 pointer 0x14bcbb200000
x3004c0s1b1n0:59815:64329 [2] NCCL INFO Channel 00/0 : 6[85000] -> 5[46000] via P2P/IPC/read
x3004c0s1b1n0:59815:64490 [2] NCCL INFO New proxy send connection 16 from local rank 2, transport 0
x3004c0s1b1n0:59807:64481 [0] NCCL INFO transport/net_ib.cc:696 Ib Alloc Size 552 pointer 0x148084022000
x3004c0s1b1n0:59815:64329 [2] NCCL INFO Connection to proxy localRank 2 -> connection 0x14bcc8001080
x3004c0s1b1n0:59807:64481 [0] NCCL INFO transport/net_ib.cc:771 Ib Alloc Size 552 pointer 0x14808403f000
x3004c0s1b1n0:59807:64481 [0] NCCL INFO transport/net.cc:698 Cuda Host Alloc Size 9641984 pointer 0x14807f200000
x3004c0s1b1n0:59815:64490 [2] NCCL INFO transport/p2p.cc:430 Cuda Alloc Size 6291456 pointer 0x14bcbb800000
x3004c0s1b1n0:59807:64481 [0] NCCL INFO transport/net_ib.cc:683 Ib Alloc Size 21688 pointer 0x148084041000
x3004c0s1b1n0:59807:64481 [0] NCCL INFO transport/net_ib.cc:696 Ib Alloc Size 552 pointer 0x148084048000
x3004c0s1b1n0:59807:64481 [0] NCCL INFO transport/net_ib.cc:771 Ib Alloc Size 552 pointer 0x148084064000
x3004c0s1b1n0:59807:64481 [0] NCCL INFO transport/net.cc:698 Cuda Host Alloc Size 9641984 pointer 0x148076000000
x3004c0s1b1n0:59807:64326 [0] NCCL INFO GPU Direct RDMA Disabled for GPU 7000 / HCA 1 (distance 7 > 4)
x3004c0s1b1n0:59807:64481 [0] NCCL INFO New proxy send connection 14 from local rank 0, transport 2
x3004c0s1b1n0:59815:64329 [2] NCCL INFO Channel 01/0 : 6[85000] -> 5[46000] via P2P/IPC/read
x3004c0s1b1n0:59815:64490 [2] NCCL INFO New proxy send connection 17 from local rank 2, transport 0
x3004c0s1b1n0:59807:64326 [0] NCCL INFO Connection to proxy localRank 0 -> connection 0x148084001000
x3004c0s1b1n0:59807:64326 [0] NCCL INFO Channel 00/0 : 4[7000] -> 9[46000] [send] via NET/IB/1
x3004c0s1b1n0:59807:64326 [0] NCCL INFO GPU Direct RDMA Disabled for GPU 7000 / HCA 0 (distance 7 > 4)
x3004c0s1b1n0:59807:64481 [0] NCCL INFO New proxy send connection 15 from local rank 0, transport 2
x3004c0s1b1n0:59807:64326 [0] NCCL INFO Connection to proxy localRank 0 -> connection 0x148084001040
x3004c0s1b1n0:59815:64329 [2] NCCL INFO Connection to proxy localRank 2 -> connection 0x14bcc80010c0
x3004c0s1b1n0:59815:64490 [2] NCCL INFO transport/p2p.cc:430 Cuda Alloc Size 6291456 pointer 0x14bcb8000000
x3004c0s1b1n0:59807:64326 [0] NCCL INFO Channel 01/0 : 4[7000] -> 9[46000] [send] via NET/IB/0
x3004c0s1b1n0:59815:64329 [2] NCCL INFO Channel 02/0 : 6[85000] -> 5[46000] via P2P/IPC/read
x3004c0s1b1n0:59815:64490 [2] NCCL INFO New proxy send connection 18 from local rank 2, transport 0
x3004c0s1b1n0:59815:64329 [2] NCCL INFO Connection to proxy localRank 2 -> connection 0x14bcc8001100
x3004c0s1b1n0:59815:64490 [2] NCCL INFO transport/p2p.cc:430 Cuda Alloc Size 6291456 pointer 0x14bcb8600000
x3004c0s1b1n0:59807:64481 [0] NCCL INFO transport/net_ib.cc:596 Ib Alloc Size 26560 pointer 0x148084070000
x3004c0s1b1n0:59807:64481 [0] NCCL INFO NET/IB: Dev 1 Port 1 qpn 12360 mtu 5 GID 0 (80FE/EF0100FEFF000000)
x3004c0s1b1n0:59807:64481 [0] NCCL INFO transport/net_ib.cc:653 Ib Alloc Size 552 pointer 0x148084087000
x3004c0s1b1n0:59807:64481 [0] NCCL INFO transport/net.cc:571 Cuda Host Alloc Size 9641984 pointer 0x148076a00000
x3004c0s1b1n0:59807:64481 [0] NCCL INFO transport/net_ib.cc:596 Ib Alloc Size 26560 pointer 0x148084089000
x3004c0s1b1n0:59815:64329 [2] NCCL INFO Channel 03/0 : 6[85000] -> 5[46000] via P2P/IPC/read
x3004c0s1b1n0:59815:64490 [2] NCCL INFO New proxy send connection 19 from local rank 2, transport 0
x3004c0s1b1n0:59807:64481 [0] NCCL INFO NET/IB: Dev 0 Port 1 qpn 12304 mtu 5 GID 0 (80FE/AA0100FEFF000000)
x3004c0s1b1n0:59807:64481 [0] NCCL INFO transport/net_ib.cc:653 Ib Alloc Size 552 pointer 0x1480840a0000
x3004c0s1b1n0:59807:64481 [0] NCCL INFO transport/net.cc:571 Cuda Host Alloc Size 9641984 pointer 0x148077400000
x3004c0s1b1n0:59815:64329 [2] NCCL INFO Connection to proxy localRank 2 -> connection 0x14bcc8001140
x3004c0s1b1n0:59815:64490 [2] NCCL INFO transport/p2p.cc:430 Cuda Alloc Size 6291456 pointer 0x14bcb8c00000
x3004c0s1b1n0:59807:64326 [0] NCCL INFO GPU Direct RDMA Disabled for GPU 7000 / HCA 1 (distance 7 > 4)
x3004c0s1b1n0:59807:64481 [0] NCCL INFO New proxy recv connection 16 from local rank 0, transport 2
x3004c0s1b1n0:59815:64329 [2] NCCL INFO Connected all trees by HAO
x3004c0s1b1n0:59815:64329 [2] NCCL INFO threadThresholds 8/8/64 | 160/8/64 | 512 | 512
x3004c0s1b1n0:59815:64329 [2] NCCL INFO 4 coll channels, 4 p2p channels, 2 p2p channels per peer
x3004c0s1b1n0:59815:64490 [2] NCCL INFO Allocated 4194656 bytes of shared memory in /dev/shm/nccl-RSxME7

x3004c0s1b1n0:59815:64490 [2] NCCL INFO New proxy send connection 20 from local rank 2, transport 2
x3004c0s1b1n0:59819:64328 [3] NCCL INFO Connected all trees by HAO
x3004c0s1b1n0:59819:64328 [3] NCCL INFO threadThresholds 8/8/64 | 160/8/64 | 512 | 512
x3004c0s1b1n0:59819:64328 [3] NCCL INFO 4 coll channels, 4 p2p channels, 2 p2p channels per peer
x3004c0s1b1n0:59819:64491 [3] NCCL INFO New proxy send connection 12 from local rank 3, transport 2
x3004c0s1b1n0:59810:64330 [1] NCCL INFO Connected all trees by HAO
x3004c0s1b1n0:59810:64330 [1] NCCL INFO threadThresholds 8/8/64 | 160/8/64 | 512 | 512
x3004c0s1b1n0:59810:64330 [1] NCCL INFO 4 coll channels, 4 p2p channels, 2 p2p channels per peer
x3004c0s1b1n0:59810:64484 [1] NCCL INFO New proxy send connection 20 from local rank 1, transport 2
x3004c0s1b1n0:59807:64326 [0] NCCL INFO Connection to proxy localRank 0 -> connection 0x148084001080
x3004c0s1b1n0:59815:64329 [2] NCCL INFO Connection to proxy localRank 2 -> connection 0x14bcc8001180
x3004c0s1b1n0:59815:64490 [2] NCCL INFO transport/net.cc:376 Cuda Alloc Size 8388608 pointer 0x14bcb4600000
x3004c0s1b1n0:59807:64326 [0] NCCL INFO Channel 00/0 : 9[46000] -> 4[7000] [receive] via NET/IB/1
x3004c0s1b1n0:59807:64326 [0] NCCL INFO GPU Direct RDMA Disabled for GPU 7000 / HCA 0 (distance 7 > 4)
x3004c0s1b1n0:59807:64481 [0] NCCL INFO New proxy recv connection 17 from local rank 0, transport 2
x3004c0s1b1n0:59819:64328 [3] NCCL INFO Connection to proxy localRank 3 -> connection 0x14f044000f80
x3004c0s1b1n0:59819:64491 [3] NCCL INFO transport/net.cc:376 Cuda Alloc Size 8388608 pointer 0x14f040000000
x3004c0s1b1n0:59810:64330 [1] NCCL INFO Connection to proxy localRank 1 -> connection 0x149f68001180
x3004c0s1b1n0:59810:64484 [1] NCCL INFO transport/net.cc:376 Cuda Alloc Size 8388608 pointer 0x149f51200000
x3004c0s1b1n0:59807:64326 [0] NCCL INFO Connection to proxy localRank 0 -> connection 0x1480840010c0
x3004c0s1b1n0:59807:64326 [0] NCCL INFO Channel 01/0 : 9[46000] -> 4[7000] [receive] via NET/IB/0
x3004c0s1b1n0:59807:64481 [0] NCCL INFO transport/net_ib.cc:683 Ib Alloc Size 21688 pointer 0x1480840ac000
x3004c0s1b1n0:59807:64481 [0] NCCL INFO transport/net_ib.cc:696 Ib Alloc Size 552 pointer 0x1480840b3000
x3004c0s1b1n0:59807:64481 [0] NCCL INFO transport/net_ib.cc:771 Ib Alloc Size 552 pointer 0x1480840ce000
x3004c0s1b1n0:59807:64481 [0] NCCL INFO transport/net.cc:698 Cuda Host Alloc Size 9641984 pointer 0x148074000000
x3004c0s1b1n0:59807:64481 [0] NCCL INFO transport/net_ib.cc:683 Ib Alloc Size 21688 pointer 0x1480840d0000
x3004c0s1b1n0:59807:64481 [0] NCCL INFO transport/net_ib.cc:696 Ib Alloc Size 552 pointer 0x1480840d7000
x3004c0s1b1n0:59807:64481 [0] NCCL INFO transport/net_ib.cc:771 Ib Alloc Size 552 pointer 0x1480840f2000
x3004c0s1b1n0:59807:64481 [0] NCCL INFO transport/net.cc:698 Cuda Host Alloc Size 9641984 pointer 0x148074a00000
x3004c0s1b1n0:59807:64326 [0] NCCL INFO GPU Direct RDMA Disabled for GPU 7000 / HCA 1 (distance 7 > 4)
x3004c0s1b1n0:59807:64481 [0] NCCL INFO New proxy send connection 18 from local rank 0, transport 2
x3004c0s1b1n0:59807:64326 [0] NCCL INFO Connection to proxy localRank 0 -> connection 0x148084001100
x3004c0s1b1n0:59807:64326 [0] NCCL INFO Channel 02/0 : 4[7000] -> 0[7000] [send] via NET/IB/1
x3004c0s1b1n0:59807:64326 [0] NCCL INFO GPU Direct RDMA Disabled for GPU 7000 / HCA 0 (distance 7 > 4)
x3004c0s1b1n0:59807:64481 [0] NCCL INFO New proxy send connection 19 from local rank 0, transport 2
x3004c0s1b1n0:59807:64326 [0] NCCL INFO Connection to proxy localRank 0 -> connection 0x148084001140
x3004c0s1b1n0:59807:64326 [0] NCCL INFO Channel 03/0 : 4[7000] -> 0[7000] [send] via NET/IB/0
x3004c0s1b1n0:59807:64481 [0] NCCL INFO transport/net_ib.cc:596 Ib Alloc Size 26560 pointer 0x1480840fe000
x3004c0s1b1n0:59807:64481 [0] NCCL INFO NET/IB: Dev 1 Port 1 qpn 12363 mtu 5 GID 0 (80FE/EF0100FEFF000000)
x3004c0s1b1n0:59807:64481 [0] NCCL INFO transport/net_ib.cc:653 Ib Alloc Size 552 pointer 0x148084115000
x3004c0s1b1n0:59807:64481 [0] NCCL INFO transport/net.cc:571 Cuda Host Alloc Size 9641984 pointer 0x148075400000
x3004c0s1b1n0:59807:64481 [0] NCCL INFO transport/net_ib.cc:596 Ib Alloc Size 26560 pointer 0x148084117000
x3004c0s1b1n0:59807:64481 [0] NCCL INFO NET/IB: Dev 0 Port 1 qpn 12307 mtu 5 GID 0 (80FE/AA0100FEFF000000)
x3004c0s1b1n0:59807:64481 [0] NCCL INFO transport/net_ib.cc:653 Ib Alloc Size 552 pointer 0x14808412e000
x3004c0s1b1n0:59807:64481 [0] NCCL INFO transport/net.cc:571 Cuda Host Alloc Size 9641984 pointer 0x148072000000
x3004c0s1b1n0:59807:64326 [0] NCCL INFO Connected all trees by HAO
x3004c0s1b1n0:59807:64326 [0] NCCL INFO threadThresholds 8/8/64 | 160/8/64 | 512 | 512
x3004c0s1b1n0:59807:64326 [0] NCCL INFO 4 coll channels, 4 p2p channels, 2 p2p channels per peer
x3004c0s1b1n0:59807:64481 [0] NCCL INFO New proxy send connection 20 from local rank 0, transport 2
x3004c0s1b1n0:59807:64326 [0] NCCL INFO Connection to proxy localRank 0 -> connection 0x148084001180
x3004c0s1b1n0:59807:64326 [0] NCCL INFO init.cc:367 Cuda Alloc Size 5168 pointer 0x1480dd81fc00
x3004c0s1b1n0:59815:64329 [2] NCCL INFO init.cc:367 Cuda Alloc Size 5168 pointer 0x14bd1f81fc00
x3004c0s1b1n0:59810:64330 [1] NCCL INFO init.cc:367 Cuda Alloc Size 5168 pointer 0x149fbb81fc00
x3004c0s1b1n0:59819:64328 [3] NCCL INFO init.cc:367 Cuda Alloc Size 5168 pointer 0x14f0c3e1fc00
x3004c0s1b1n0:59815:64329 [2] NCCL INFO init.cc:392 Cuda Host Alloc Size 33554432 pointer 0x14bcb2000000
x3004c0s1b1n0:59815:64329 [2] NCCL INFO init.cc:398 Cuda Host Alloc Size 128 pointer 0x14bd1ee00a00
x3004c0s1b1n0:59815:64329 [2] NCCL INFO comm 0x5594fa233ed0 rank 6 nranks 20 cudaDev 2 busId 85000 - Init COMPLETE
x3004c0s1b1n0:59819:64328 [3] NCCL INFO init.cc:392 Cuda Host Alloc Size 33554432 pointer 0x14f03e000000
x3004c0s1b1n0:59819:64328 [3] NCCL INFO init.cc:398 Cuda Host Alloc Size 128 pointer 0x14f0c3400a00
x3004c0s1b1n0:59819:64328 [3] NCCL INFO comm 0x55741f7d34a0 rank 7 nranks 20 cudaDev 3 busId c7000 - Init COMPLETE
x3004c0s1b1n0:59819:59819 [3] NCCL INFO AllReduce: opCount 0 sendbuff 0x14f0bfa00400 recvbuff 0x14f0bfa00400 count 1 datatype 4 op 0 root 0 comm 0x55741f7d34a0 [nranks=20] stream 0x55741de6d1f0
x3004c0s1b1n0:59819:59819 [3] NCCL INFO misc/utils.cc:235 memory stack hunk malloc(65536)
[LYD INFO in ncclLaunchKernel (enqueue.cc)] NCHANNELS is: 4x3004c0s1b1n0:59810:64330 [1] NCCL INFO init.cc:392 Cuda Host Alloc Size 33554432 pointer 0x149f4e000000
x3004c0s1b1n0:59810:64330 [1] NCCL INFO init.cc:398 Cuda Host Alloc Size 128 pointer 0x149fbae00a00
x3004c0s1b1n0:59810:64330 [1] NCCL INFO comm 0x55822da904a0 rank 5 nranks 20 cudaDev 1 busId 46000 - Init COMPLETE
x3004c0s1b1n0:59807:64326 [0] NCCL INFO init.cc:392 Cuda Host Alloc Size 33554432 pointer 0x148070000000
x3004c0s1b1n0:59807:64326 [0] NCCL INFO init.cc:398 Cuda Host Alloc Size 128 pointer 0x1480dce00a00
x3004c0s1b1n0:59807:64326 [0] NCCL INFO comm 0x5590a141c310 rank 4 nranks 20 cudaDev 0 busId 7000 - Init COMPLETE
x3004c0s1b1n0:59807:64481 [0] NCCL INFO transport/net.cc:376 Cuda Alloc Size 8388608 pointer 0x148072a00000
x3004c0s1b1n0:59810:59810 [1] NCCL INFO AllReduce: opCount 0 sendbuff 0x149ffb600400 recvbuff 0x149ffb600400 count 1 datatype 4 op 0 root 0 comm 0x55822da904a0 [nranks=20] stream 0x55822ba50510
x3004c0s1b1n0:59810:59810 [1] NCCL INFO misc/utils.cc:235 memory stack hunk malloc(65536)
[LYD INFO in ncclLaunchKernel (enqueue.cc)] NCHANNELS is: 4x3004c0s1b1n0:59815:59815 [2] NCCL INFO AllReduce: opCount 0 sendbuff 0x14bd5f600400 recvbuff 0x14bd5f600400 count 1 datatype 4 op 0 root 0 comm 0x5594fa233ed0 [nranks=20] stream 0x5594f8021740
x3004c0s1b1n0:59815:59815 [2] NCCL INFO misc/utils.cc:235 memory stack hunk malloc(65536)
[LYD INFO in ncclLaunchKernel (enqueue.cc)] NCHANNELS is: 4x3004c0s1b1n0:59807:59807 [0] NCCL INFO AllReduce: opCount 0 sendbuff 0x14811f600400 recvbuff 0x14811f600400 count 1 datatype 4 op 0 root 0 comm 0x5590a141c310 [nranks=20] stream 0x55909fa27a40
x3004c0s1b1n0:59807:59807 [0] NCCL INFO misc/utils.cc:235 memory stack hunk malloc(65536)
[LYD INFO in ncclLaunchKernel (enqueue.cc)] NCHANNELS is: 4
[LYD INFO in NCCL_KERN_NAME (common.h)] 7 AllReduce TREE LL Sum int64_t Elapsed time: 1438183 us

[LYD INFO in NCCL_KERN_NAME (common.h)] 4 AllReduce TREE LL Sum int64_t Elapsed time: 1325526 us

[LYD INFO in NCCL_KERN_NAME (common.h)] 5 AllReduce TREE LL Sum int64_t Elapsed time: 1414498 us

[LYD INFO in NCCL_KERN_NAME (common.h)] 6 AllReduce TREE LL Sum int64_t Elapsed time: 1385597 us
[Hao INFO in ncclAllReduce (all_reduce.cc)] rank 0 ncclAllReduce: count: 1, datatype: ncclInt64, message size: 8 Bytes
x3004c0s1b1n0:59807:59807 [0] NCCL INFO AllReduce: opCount 0 sendbuff 0x14811f600400 recvbuff 0x14811f600400 count 1 datatype 4 op 0 root 0 comm 0x5590a12b91a0 [nranks=1] stream 0x55909fa27900

[LYD INFO in ncclAllReduce (all_reduce.cc)] rank 0 AllReduce Time: 0.000018000 seconds
x3004c0s1b1n0:59807:59807 [0] NCCL INFO AllReduce: opCount 1 sendbuff 0x14811f600400 recvbuff 0x14811f600400 count 1 datatype 4 op 0 root 0 comm 0x5590a141c310 [nranks=20] stream 0x55909fa27a40
[LYD INFO in ncclLaunchKernel (enqueue.cc)] NCHANNELS is: 4[Hao INFO in ncclAllReduce (all_reduce.cc)] rank 2 ncclAllReduce: count: 1, datatype: ncclInt64, message size: 8 Bytes
x3004c0s1b1n0:59815:59815 [2] NCCL INFO AllReduce: opCount 0 sendbuff 0x14bd5f600400 recvbuff 0x14bd5f600400 count 1 datatype 4 op 0 root 0 comm 0x5594f9860730 [nranks=1] stream 0x5594f8021600

[LYD INFO in ncclAllReduce (all_reduce.cc)] rank 0 AllReduce Time: 0.000017000 seconds
x3004c0s1b1n0:59815:59815 [2] NCCL INFO AllReduce: opCount 1 sendbuff 0x14bd5f600400 recvbuff 0x14bd5f600400 count 1 datatype 4 op 0 root 0 comm 0x5594fa233ed0 [nranks=20] stream 0x5594f8021740
[LYD INFO in ncclLaunchKernel (enqueue.cc)] NCHANNELS is: 4[Hao INFO in ncclAllReduce (all_reduce.cc)] rank 3 ncclAllReduce: count: 1, datatype: ncclInt64, message size: 8 Bytes
x3004c0s1b1n0:59819:59819 [3] NCCL INFO AllReduce: opCount 0 sendbuff 0x14f0bfa00400 recvbuff 0x14f0bfa00400 count 1 datatype 4 op 0 root 0 comm 0x55741f6e3dc0 [nranks=1] stream 0x55741de6d0b0

[LYD INFO in ncclAllReduce (all_reduce.cc)] rank 0 AllReduce Time: 0.000015000 seconds
x3004c0s1b1n0:59819:59819 [3] NCCL INFO AllReduce: opCount 1 sendbuff 0x14f0bfa00400 recvbuff 0x14f0bfa00400 count 1 datatype 4 op 0 root 0 comm 0x55741f7d34a0 [nranks=20] stream 0x55741de6d1f0
[LYD INFO in ncclLaunchKernel (enqueue.cc)] NCHANNELS is: 4[Hao INFO in ncclAllReduce (all_reduce.cc)] rank 1 ncclAllReduce: count: 1, datatype: ncclInt64, message size: 8 Bytes
x3004c0s1b1n0:59810:59810 [1] NCCL INFO AllReduce: opCount 0 sendbuff 0x149ffb600400 recvbuff 0x149ffb600400 count 1 datatype 4 op 0 root 0 comm 0x55822d117bc0 [nranks=1] stream 0x55822ba503d0

[LYD INFO in ncclAllReduce (all_reduce.cc)] rank 0 AllReduce Time: 0.000015000 seconds
x3004c0s1b1n0:59810:59810 [1] NCCL INFO AllReduce: opCount 1 sendbuff 0x149ffb600400 recvbuff 0x149ffb600400 count 1 datatype 4 op 0 root 0 comm 0x55822da904a0 [nranks=20] stream 0x55822ba50510
[LYD INFO in ncclLaunchKernel (enqueue.cc)] NCHANNELS is: 4
[LYD INFO in NCCL_KERN_NAME (common.h)] 4 AllReduce TREE LL Sum int64_t Elapsed time: 66427 us

[LYD INFO in NCCL_KERN_NAME (common.h)] 7 AllReduce TREE LL Sum int64_t Elapsed time: 52284 us

[LYD INFO in NCCL_KERN_NAME (common.h)] 5 AllReduce TREE LL Sum int64_t Elapsed time: 48274 us

[LYD INFO in NCCL_KERN_NAME (common.h)] 6 AllReduce TREE LL Sum int64_t Elapsed time: 64326 us
x3004c0s1b1n0:59815:59815 [2] NCCL INFO init.cc:1147 Cuda Host Alloc Size 4 pointer 0x14bd1ee00c00
x3004c0s1b1n0:59810:59810 [1] NCCL INFO init.cc:1147 Cuda Host Alloc Size 4 pointer 0x149fbae00c00
x3004c0s1b1n0:59819:59819 [3] NCCL INFO init.cc:1147 Cuda Host Alloc Size 4 pointer 0x14f0c3400c00
x3004c0s1b1n0:59807:59807 [0] NCCL INFO init.cc:1147 Cuda Host Alloc Size 4 pointer 0x1480dce00c00
x3004c0s1b1n0:59807:65423 [0] NCCL INFO Using network IB
x3004c0s1b1n0:59815:65417 [2] NCCL INFO Using network IB
x3004c0s1b1n0:59810:65419 [1] NCCL INFO Using network IB
x3004c0s1b1n0:59819:65421 [3] NCCL INFO Using network IB
x3004c0s1b1n0:59815:65417 [2] NCCL INFO NET/IB : GPU Direct RDMA Enabled for HCA 0 'mlx5_0'
x3004c0s1b1n0:59815:65417 [2] NCCL INFO NET/IB : GPU Direct RDMA Enabled for HCA 1 'mlx5_1'
x3004c0s1b1n0:59815:65417 [2] NCCL INFO GPU Direct RDMA Disabled for GPU 85000 / HCA 0 (distance 7 > 4)
x3004c0s1b1n0:59815:65417 [2] NCCL INFO GPU Direct RDMA Disabled for GPU 85000 / HCA 1 (distance 7 > 4)
x3004c0s1b1n0:59815:65417 [2] NCCL INFO === System : maxBw 5000.0 totalBw 0.0 ===
x3004c0s1b1n0:59815:65417 [2] NCCL INFO CPU/1 (1/2/-1)
x3004c0s1b1n0:59815:65417 [2] NCCL INFO + SYS[5000.0] - CPU/0
x3004c0s1b1n0:59815:65417 [2] NCCL INFO + SYS[5000.0] - CPU/2
x3004c0s1b1n0:59815:65417 [2] NCCL INFO + PCI[24.0] - PCI/83000 (11f8406811f8beef)
x3004c0s1b1n0:59815:65417 [2] NCCL INFO               + PCI[24.0] - GPU/85000 (0)
x3004c0s1b1n0:59815:65417 [2] NCCL INFO CPU/0 (1/2/-1)
x3004c0s1b1n0:59815:65417 [2] NCCL INFO + SYS[5000.0] - CPU/1
x3004c0s1b1n0:59815:65417 [2] NCCL INFO + SYS[5000.0] - CPU/2
x3004c0s1b1n0:59815:65417 [2] NCCL INFO + PCI[12.0] - NIC/C8000
x3004c0s1b1n0:59815:65417 [2] NCCL INFO CPU/2 (1/2/-1)
x3004c0s1b1n0:59815:65417 [2] NCCL INFO + SYS[5000.0] - CPU/1
x3004c0s1b1n0:59815:65417 [2] NCCL INFO + SYS[5000.0] - CPU/0
x3004c0s1b1n0:59815:65417 [2] NCCL INFO + PCI[12.0] - NIC/43000
x3004c0s1b1n0:59815:65417 [2] NCCL INFO ==========================================
x3004c0s1b1n0:59815:65417 [2] NCCL INFO GPU/85000 :GPU/85000 (0/5000.000000/LOC) CPU/1 (2/24.000000/PHB) CPU/0 (3/24.000000/SYS) CPU/2 (3/24.000000/SYS) 
x3004c0s1b1n0:59815:65417 [2] NCCL INFO Pattern 4, crossNic 0, nChannels 16, bw 44.000000/44.000000, type LOC/PIX, sameChannels 1
x3004c0s1b1n0:59815:65417 [2] NCCL INFO  0 : GPU/0
x3004c0s1b1n0:59815:65417 [2] NCCL INFO  1 : GPU/0
x3004c0s1b1n0:59815:65417 [2] NCCL INFO  2 : GPU/0
x3004c0s1b1n0:59815:65417 [2] NCCL INFO  3 : GPU/0
x3004c0s1b1n0:59815:65417 [2] NCCL INFO  4 : GPU/0
x3004c0s1b1n0:59815:65417 [2] NCCL INFO  5 : GPU/0
x3004c0s1b1n0:59815:65417 [2] NCCL INFO  6 : GPU/0
x3004c0s1b1n0:59815:65417 [2] NCCL INFO  7 : GPU/0
x3004c0s1b1n0:59815:65417 [2] NCCL INFO  8 : GPU/0
x3004c0s1b1n0:59815:65417 [2] NCCL INFO  9 : GPU/0
x3004c0s1b1n0:59815:65417 [2] NCCL INFO 10 : GPU/0
x3004c0s1b1n0:59815:65417 [2] NCCL INFO 11 : GPU/0
x3004c0s1b1n0:59815:65417 [2] NCCL INFO 12 : GPU/0
x3004c0s1b1n0:59815:65417 [2] NCCL INFO 13 : GPU/0
x3004c0s1b1n0:59815:65417 [2] NCCL INFO 14 : GPU/0
x3004c0s1b1n0:59815:65417 [2] NCCL INFO 15 : GPU/0
x3004c0s1b1n0:59815:65417 [2] NCCL INFO Pattern 3, crossNic 0, nChannels 16, bw 44.000000/44.000000, type LOC/PIX, sameChannels 1
x3004c0s1b1n0:59815:65417 [2] NCCL INFO  0 : GPU/0
x3004c0s1b1n0:59815:65417 [2] NCCL INFO  1 : GPU/0
x3004c0s1b1n0:59815:65417 [2] NCCL INFO  2 : GPU/0
x3004c0s1b1n0:59815:65417 [2] NCCL INFO  3 : GPU/0
x3004c0s1b1n0:59815:65417 [2] NCCL INFO  4 : GPU/0
x3004c0s1b1n0:59815:65417 [2] NCCL INFO  5 : GPU/0
x3004c0s1b1n0:59815:65417 [2] NCCL INFO  6 : GPU/0
x3004c0s1b1n0:59815:65417 [2] NCCL INFO  7 : GPU/0
x3004c0s1b1n0:59815:65417 [2] NCCL INFO  8 : GPU/0
x3004c0s1b1n0:59815:65417 [2] NCCL INFO  9 : GPU/0
x3004c0s1b1n0:59815:65417 [2] NCCL INFO 10 : GPU/0
x3004c0s1b1n0:59815:65417 [2] NCCL INFO 11 : GPU/0
x3004c0s1b1n0:59815:65417 [2] NCCL INFO 12 : GPU/0
x3004c0s1b1n0:59815:65417 [2] NCCL INFO 13 : GPU/0
x3004c0s1b1n0:59815:65417 [2] NCCL INFO 14 : GPU/0
x3004c0s1b1n0:59815:65417 [2] NCCL INFO 15 : GPU/0
x3004c0s1b1n0:59815:65417 [2] NCCL INFO Pattern 3, crossNic 0, nChannels 16, bw 44.000000/44.000000, type LOC/PIX, sameChannels 1
x3004c0s1b1n0:59815:65417 [2] NCCL INFO  0 : GPU/0
x3004c0s1b1n0:59815:65417 [2] NCCL INFO  1 : GPU/0
x3004c0s1b1n0:59815:65417 [2] NCCL INFO  2 : GPU/0
x3004c0s1b1n0:59815:65417 [2] NCCL INFO  3 : GPU/0
x3004c0s1b1n0:59815:65417 [2] NCCL INFO  4 : GPU/0
x3004c0s1b1n0:59815:65417 [2] NCCL INFO  5 : GPU/0
x3004c0s1b1n0:59815:65417 [2] NCCL INFO  6 : GPU/0
x3004c0s1b1n0:59815:65417 [2] NCCL INFO  7 : GPU/0
x3004c0s1b1n0:59815:65417 [2] NCCL INFO  8 : GPU/0
x3004c0s1b1n0:59815:65417 [2] NCCL INFO  9 : GPU/0
x3004c0s1b1n0:59815:65417 [2] NCCL INFO 10 : GPU/0
x3004c0s1b1n0:59815:65417 [2] NCCL INFO 11 : GPU/0
