x3204c0s19b0n0:19941:21377 [3] NCCL INFO channel.cc:23 Cuda Alloc Size 8064 pointer 0x153bd1804400
x3204c0s19b0n0:19941:21377 [3] NCCL INFO channel.cc:27 Cuda Alloc Size 80 pointer 0x153bd1806400
x3204c0s19b0n0:19941:21377 [3] NCCL INFO channel.cc:23 Cuda Alloc Size 8064 pointer 0x153bd1806600
x3204c0s19b0n0:19941:21377 [3] NCCL INFO channel.cc:27 Cuda Alloc Size 80 pointer 0x153bd1808600
x3204c0s19b0n0:19939:21524 [1] NCCL INFO Mem Realloc old size 0, new size 8 pointer 0x154a84000c60
x3204c0s19b0n0:19940:21509 [2] NCCL INFO Mem Realloc old size 0, new size 8 pointer 0x14a2b4000c60
x3204c0s19b0n0:19940:21509 [2] NCCL INFO New proxy send connection 0 from local rank 2, transport 0
x3204c0s19b0n0:19941:21512 [3] NCCL INFO Mem Realloc old size 0, new size 8 pointer 0x153bc4000c60
x3204c0s19b0n0:19941:21512 [3] NCCL INFO New proxy recv connection 0 from local rank 3, transport 0
x3204c0s19b0n0:19940:21378 [2] NCCL INFO Connection to proxy localRank 2 -> connection 0x14a2b4000c80
x3204c0s19b0n0:19940:21509 [2] NCCL INFO transport/p2p.cc:430 Cuda Alloc Size 6291456 pointer 0x14a302000000
x3204c0s19b0n0:19939:21524 [1] NCCL INFO Allocated 4194656 bytes of shared memory in /dev/shm/nccl-Q7S8YU

x3204c0s19b0n0:19939:21524 [1] NCCL INFO New proxy recv connection 0 from local rank 1, transport 2
x3204c0s19b0n0:19941:21377 [3] NCCL INFO Connection to proxy localRank 3 -> connection 0x153bc4000c80
x3204c0s19b0n0:19941:21512 [3] NCCL INFO transport/p2p.cc:449 Cuda Alloc Size 6291456 pointer 0x153bd1a00000
x3204c0s19b0n0:19939:21379 [1] NCCL INFO Connection to proxy localRank 1 -> connection 0x154a84000c80
x3204c0s19b0n0:19940:21378 [2] NCCL INFO Channel 01/0 : 2[85000] -> 3[c7000] via P2P/IPC/read
x3204c0s19b0n0:19940:21509 [2] NCCL INFO New proxy send connection 1 from local rank 2, transport 0
x3204c0s19b0n0:19940:21378 [2] NCCL INFO Connection to proxy localRank 2 -> connection 0x14a2b4000cc0
x3204c0s19b0n0:19940:21509 [2] NCCL INFO transport/p2p.cc:430 Cuda Alloc Size 6291456 pointer 0x14a302600000
x3204c0s19b0n0:19940:21378 [2] NCCL INFO Channel 02/0 : 2[85000] -> 3[c7000] via P2P/IPC/read
x3204c0s19b0n0:19940:21509 [2] NCCL INFO New proxy send connection 2 from local rank 2, transport 0
x3204c0s19b0n0:19940:21378 [2] NCCL INFO Connection to proxy localRank 2 -> connection 0x14a2b4000d00
x3204c0s19b0n0:19940:21509 [2] NCCL INFO transport/p2p.cc:430 Cuda Alloc Size 6291456 pointer 0x14a302c00000
x3204c0s19b0n0:19941:21512 [3] NCCL INFO New proxy recv connection 1 from local rank 3, transport 0
x3204c0s19b0n0:19939:21379 [1] NCCL INFO Channel 00/0 : 19[c7000] -> 1[46000] [receive] via NET/IB/1
x3204c0s19b0n0:19939:21379 [1] NCCL INFO GPU Direct RDMA Disabled for GPU 46000 / HCA 0 (distance 7 > 4)
x3204c0s19b0n0:19939:21524 [1] NCCL INFO New proxy recv connection 1 from local rank 1, transport 2
x3204c0s19b0n0:19940:21378 [2] NCCL INFO Channel 03/0 : 2[85000] -> 3[c7000] via P2P/IPC/read
x3204c0s19b0n0:19940:21509 [2] NCCL INFO New proxy send connection 3 from local rank 2, transport 0
x3204c0s19b0n0:19941:21377 [3] NCCL INFO Connection to proxy localRank 3 -> connection 0x153bc4000cc0
x3204c0s19b0n0:19941:21512 [3] NCCL INFO transport/p2p.cc:449 Cuda Alloc Size 6291456 pointer 0x153bca000000
x3204c0s19b0n0:19939:21379 [1] NCCL INFO Connection to proxy localRank 1 -> connection 0x154a84000cc0
x3204c0s19b0n0:19938:21344 [0] NCCL INFO Tree 0 : -1 -> 0 -> 1/16/-1
x3204c0s19b0n0:19938:21344 [0] NCCL INFO Tree 2 : 4 -> 0 -> 1/-1/-1
x3204c0s19b0n0:19938:21344 [0] NCCL INFO Tree 1 : -1 -> 0 -> 1/16/-1
x3204c0s19b0n0:19938:21344 [0] NCCL INFO Tree 3 : 4 -> 0 -> 1/-1/-1
x3204c0s19b0n0:19938:21344 [0] NCCL INFO Channel 00/04 :    0   2   3   5   4   6   7   9   8  10  11  13  12  14  15  17  16  18  19   1
x3204c0s19b0n0:19938:21344 [0] NCCL INFO Channel 01/04 :    0   2   3   5   4   6   7   9   8  10  11  13  12  14  15  17  16  18  19   1
x3204c0s19b0n0:19938:21344 [0] NCCL INFO Channel 02/04 :    0   2   3   5   4   6   7   9   8  10  11  13  12  14  15  17  16  18  19   1
x3204c0s19b0n0:19938:21344 [0] NCCL INFO Channel 03/04 :    0   2   3   5   4   6   7   9   8  10  11  13  12  14  15  17  16  18  19   1
x3204c0s19b0n0:19938:21344 [0] NCCL INFO Ring 00 : 1 -> 0 -> 2
x3204c0s19b0n0:19938:21344 [0] NCCL INFO Ring 01 : 1 -> 0 -> 2
x3204c0s19b0n0:19938:21344 [0] NCCL INFO Ring 02 : 1 -> 0 -> 2
x3204c0s19b0n0:19938:21344 [0] NCCL INFO Ring 03 : 1 -> 0 -> 2
x3204c0s19b0n0:19938:21344 [0] NCCL INFO Trees [0] 1/16/-1->0->-1 [1] 1/16/-1->0->-1 [2] 1/-1/-1->0->4 [3] 1/-1/-1->0->4
x3204c0s19b0n0:19938:21344 [0] NCCL INFO misc/utils.cc:235 memory stack hunk malloc(65536)
x3204c0s19b0n0:19938:21344 [0] NCCL INFO channel.cc:23 Cuda Alloc Size 8064 pointer 0x14d987a00000
x3204c0s19b0n0:19938:21344 [0] NCCL INFO channel.cc:27 Cuda Alloc Size 80 pointer 0x14d987a02000
x3204c0s19b0n0:19938:21344 [0] NCCL INFO channel.cc:23 Cuda Alloc Size 8064 pointer 0x14d987a02200
x3204c0s19b0n0:19938:21344 [0] NCCL INFO channel.cc:27 Cuda Alloc Size 80 pointer 0x14d987a04200
x3204c0s19b0n0:19938:21344 [0] NCCL INFO channel.cc:23 Cuda Alloc Size 8064 pointer 0x14d987a04400
x3204c0s19b0n0:19938:21344 [0] NCCL INFO channel.cc:27 Cuda Alloc Size 80 pointer 0x14d987a06400
x3204c0s19b0n0:19938:21344 [0] NCCL INFO channel.cc:23 Cuda Alloc Size 8064 pointer 0x14d987a06600
x3204c0s19b0n0:19938:21344 [0] NCCL INFO channel.cc:27 Cuda Alloc Size 80 pointer 0x14d987a08600
x3204c0s19b0n0:19938:21344 [0] NCCL INFO Channel 00/0 : 0[7000] -> 2[85000] via P2P/IPC/read
x3204c0s19b0n0:19938:21523 [0] NCCL INFO Mem Realloc old size 0, new size 8 pointer 0x14d978000c60
x3204c0s19b0n0:19938:21523 [0] NCCL INFO New proxy send connection 0 from local rank 0, transport 0
x3204c0s19b0n0:19939:21379 [1] NCCL INFO Channel 01/0 : 19[c7000] -> 1[46000] [receive] via NET/IB/0
x3204c0s19b0n0:19939:21379 [1] NCCL INFO GPU Direct RDMA Disabled for GPU 46000 / HCA 1 (distance 6 > 4)
x3204c0s19b0n0:19939:21524 [1] NCCL INFO New proxy recv connection 2 from local rank 1, transport 2
x3204c0s19b0n0:19938:21344 [0] NCCL INFO Connection to proxy localRank 0 -> connection 0x14d978000c80
x3204c0s19b0n0:19938:21523 [0] NCCL INFO transport/p2p.cc:430 Cuda Alloc Size 6291456 pointer 0x14d97e000000
x3204c0s19b0n0:19940:21378 [2] NCCL INFO Connection to proxy localRank 2 -> connection 0x14a2b4000d40
x3204c0s19b0n0:19941:21512 [3] NCCL INFO New proxy recv connection 2 from local rank 3, transport 0
x3204c0s19b0n0:19940:21509 [2] NCCL INFO transport/p2p.cc:430 Cuda Alloc Size 6291456 pointer 0x14a303200000
x3204c0s19b0n0:19939:21379 [1] NCCL INFO Connection to proxy localRank 1 -> connection 0x154a84000d00
x3204c0s19b0n0:19938:21344 [0] NCCL INFO Channel 01/0 : 0[7000] -> 2[85000] via P2P/IPC/read
x3204c0s19b0n0:19938:21523 [0] NCCL INFO New proxy send connection 1 from local rank 0, transport 0
x3204c0s19b0n0:19939:21379 [1] NCCL INFO Channel 02/0 : 19[c7000] -> 1[46000] [receive] via NET/IB/1
x3204c0s19b0n0:19939:21379 [1] NCCL INFO GPU Direct RDMA Disabled for GPU 46000 / HCA 0 (distance 7 > 4)
x3204c0s19b0n0:19939:21524 [1] NCCL INFO New proxy recv connection 3 from local rank 1, transport 2
x3204c0s19b0n0:19941:21377 [3] NCCL INFO Connection to proxy localRank 3 -> connection 0x153bc4000d00
x3204c0s19b0n0:19941:21512 [3] NCCL INFO transport/p2p.cc:449 Cuda Alloc Size 6291456 pointer 0x153bca600000
x3204c0s19b0n0:19938:21344 [0] NCCL INFO Connection to proxy localRank 0 -> connection 0x14d978000cc0
x3204c0s19b0n0:19938:21523 [0] NCCL INFO transport/p2p.cc:430 Cuda Alloc Size 6291456 pointer 0x14d97e600000
x3204c0s19b0n0:19941:21512 [3] NCCL INFO New proxy recv connection 3 from local rank 3, transport 0
x3204c0s19b0n0:19938:21344 [0] NCCL INFO Channel 02/0 : 0[7000] -> 2[85000] via P2P/IPC/read
x3204c0s19b0n0:19938:21523 [0] NCCL INFO New proxy send connection 2 from local rank 0, transport 0
x3204c0s19b0n0:19939:21379 [1] NCCL INFO Connection to proxy localRank 1 -> connection 0x154a84000d40
x3204c0s19b0n0:19938:21344 [0] NCCL INFO Connection to proxy localRank 0 -> connection 0x14d978000d00
x3204c0s19b0n0:19938:21523 [0] NCCL INFO transport/p2p.cc:430 Cuda Alloc Size 6291456 pointer 0x14d97ec00000
x3204c0s19b0n0:19939:21379 [1] NCCL INFO Channel 03/0 : 19[c7000] -> 1[46000] [receive] via NET/IB/0
x3204c0s19b0n0:19941:21377 [3] NCCL INFO Connection to proxy localRank 3 -> connection 0x153bc4000d40
x3204c0s19b0n0:19941:21512 [3] NCCL INFO transport/p2p.cc:449 Cuda Alloc Size 6291456 pointer 0x153bcac00000
x3204c0s19b0n0:19938:21344 [0] NCCL INFO Channel 03/0 : 0[7000] -> 2[85000] via P2P/IPC/read
x3204c0s19b0n0:19938:21523 [0] NCCL INFO New proxy send connection 3 from local rank 0, transport 0
x3204c0s19b0n0:19941:21377 [3] NCCL INFO GPU Direct RDMA Disabled for GPU c7000 / HCA 1 (distance 7 > 4)
x3204c0s19b0n0:19940:21509 [2] NCCL INFO New proxy recv connection 4 from local rank 2, transport 0
x3204c0s19b0n0:19938:21344 [0] NCCL INFO Connection to proxy localRank 0 -> connection 0x14d978000d40
x3204c0s19b0n0:19938:21523 [0] NCCL INFO transport/p2p.cc:430 Cuda Alloc Size 6291456 pointer 0x14d97f200000
x3204c0s19b0n0:19941:21512 [3] NCCL INFO Allocated 4194656 bytes of shared memory in /dev/shm/nccl-PA8Pm4

x3204c0s19b0n0:19941:21512 [3] NCCL INFO New proxy send connection 4 from local rank 3, transport 2
x3204c0s19b0n0:19940:21378 [2] NCCL INFO Connection to proxy localRank 2 -> connection 0x14a2b4000d80
x3204c0s19b0n0:19940:21509 [2] NCCL INFO transport/p2p.cc:449 Cuda Alloc Size 6291456 pointer 0x14a305000000
x3204c0s19b0n0:19941:21377 [3] NCCL INFO Connection to proxy localRank 3 -> connection 0x153bc4000d80
x3204c0s19b0n0:19941:21377 [3] NCCL INFO Channel 00/0 : 3[c7000] -> 5[46000] [send] via NET/IB/1
x3204c0s19b0n0:19941:21377 [3] NCCL INFO GPU Direct RDMA Disabled for GPU c7000 / HCA 0 (distance 6 > 4)
x3204c0s19b0n0:19941:21512 [3] NCCL INFO New proxy send connection 5 from local rank 3, transport 2
x3204c0s19b0n0:19940:21509 [2] NCCL INFO New proxy recv connection 5 from local rank 2, transport 0
x3204c0s19b0n0:19941:21377 [3] NCCL INFO Connection to proxy localRank 3 -> connection 0x153bc4000dc0
x3204c0s19b0n0:19941:21377 [3] NCCL INFO Channel 01/0 : 3[c7000] -> 5[46000] [send] via NET/IB/0
x3204c0s19b0n0:19941:21377 [3] NCCL INFO GPU Direct RDMA Disabled for GPU c7000 / HCA 1 (distance 7 > 4)
x3204c0s19b0n0:19941:21512 [3] NCCL INFO New proxy send connection 6 from local rank 3, transport 2
x3204c0s19b0n0:19940:21378 [2] NCCL INFO Connection to proxy localRank 2 -> connection 0x14a2b4000dc0
x3204c0s19b0n0:19940:21509 [2] NCCL INFO transport/p2p.cc:449 Cuda Alloc Size 6291456 pointer 0x14a305600000
x3204c0s19b0n0:19941:21377 [3] NCCL INFO Connection to proxy localRank 3 -> connection 0x153bc4000e00
x3204c0s19b0n0:19941:21377 [3] NCCL INFO Channel 02/0 : 3[c7000] -> 5[46000] [send] via NET/IB/1
x3204c0s19b0n0:19941:21377 [3] NCCL INFO GPU Direct RDMA Disabled for GPU c7000 / HCA 0 (distance 6 > 4)
x3204c0s19b0n0:19941:21512 [3] NCCL INFO New proxy send connection 7 from local rank 3, transport 2
x3204c0s19b0n0:19941:21377 [3] NCCL INFO Connection to proxy localRank 3 -> connection 0x153bc4000e40
x3204c0s19b0n0:19941:21377 [3] NCCL INFO Channel 03/0 : 3[c7000] -> 5[46000] [send] via NET/IB/0
x3204c0s19b0n0:19941:21512 [3] NCCL INFO transport/net_ib.cc:596 Ib Alloc Size 26560 pointer 0x153bc4020000
x3204c0s19b0n0:19940:21509 [2] NCCL INFO New proxy recv connection 6 from local rank 2, transport 0
x3204c0s19b0n0:19941:21512 [3] NCCL INFO NET/IB: Dev 1 Port 1 qpn 3003 mtu 5 GID 0 (80FE/CD3900FEFF000000)
x3204c0s19b0n0:19941:21512 [3] NCCL INFO transport/net_ib.cc:653 Ib Alloc Size 552 pointer 0x153bc4042000
x3204c0s19b0n0:19941:21512 [3] NCCL INFO transport/net.cc:571 Cuda Host Alloc Size 9641984 pointer 0x153bc2c00000
x3204c0s19b0n0:19941:21512 [3] NCCL INFO Mem Realloc old size 0, new size 768 pointer 0x153bc402f0a0
x3204c0s19b0n0:19941:21512 [3] NCCL INFO transport/net_ib.cc:596 Ib Alloc Size 26560 pointer 0x153bc4044000
x3204c0s19b0n0:19940:21378 [2] NCCL INFO Connection to proxy localRank 2 -> connection 0x14a2b4000e00
x3204c0s19b0n0:19940:21509 [2] NCCL INFO transport/p2p.cc:449 Cuda Alloc Size 6291456 pointer 0x14a305c00000
x3204c0s19b0n0:19941:21512 [3] NCCL INFO NET/IB: Dev 0 Port 1 qpn 4381 mtu 5 GID 0 (80FE/9B3900FEFF000000)
x3204c0s19b0n0:19941:21512 [3] NCCL INFO transport/net_ib.cc:653 Ib Alloc Size 552 pointer 0x153bc4065000
x3204c0s19b0n0:19941:21512 [3] NCCL INFO transport/net.cc:571 Cuda Host Alloc Size 9641984 pointer 0x153bc3600000
x3204c0s19b0n0:19941:21512 [3] NCCL INFO Mem Realloc old size 0, new size 768 pointer 0x153bc40521f0
x3204c0s19b0n0:19940:21509 [2] NCCL INFO New proxy recv connection 7 from local rank 2, transport 0
x3204c0s19b0n0:19941:21512 [3] NCCL INFO transport/net_ib.cc:596 Ib Alloc Size 26560 pointer 0x153bc4067000
x3204c0s19b0n0:19941:21512 [3] NCCL INFO NET/IB: Dev 1 Port 1 qpn 3004 mtu 5 GID 0 (80FE/CD3900FEFF000000)
x3204c0s19b0n0:19941:21512 [3] NCCL INFO transport/net_ib.cc:653 Ib Alloc Size 552 pointer 0x153bc407e000
x3204c0s19b0n0:19941:21512 [3] NCCL INFO transport/net.cc:571 Cuda Host Alloc Size 9641984 pointer 0x153bba000000
x3204c0s19b0n0:19940:21378 [2] NCCL INFO Connection to proxy localRank 2 -> connection 0x14a2b4000e40
x3204c0s19b0n0:19940:21509 [2] NCCL INFO transport/p2p.cc:449 Cuda Alloc Size 6291456 pointer 0x14a306200000
x3204c0s19b0n0:19941:21512 [3] NCCL INFO transport/net_ib.cc:596 Ib Alloc Size 26560 pointer 0x153bc4080000
x3204c0s19b0n0:19941:21512 [3] NCCL INFO NET/IB: Dev 0 Port 1 qpn 4382 mtu 5 GID 0 (80FE/9B3900FEFF000000)
x3204c0s19b0n0:19941:21512 [3] NCCL INFO transport/net_ib.cc:653 Ib Alloc Size 552 pointer 0x153bc4097000
x3204c0s19b0n0:19941:21512 [3] NCCL INFO transport/net.cc:571 Cuda Host Alloc Size 9641984 pointer 0x153bbaa00000
x3204c0s19b0n0:19940:21378 [2] NCCL INFO Connected all rings
x3204c0s19b0n0:19940:21509 [2] NCCL INFO New proxy recv connection 8 from local rank 2, transport 0
x3204c0s19b0n0:19939:21524 [1] NCCL INFO transport/net_ib.cc:683 Ib Alloc Size 21688 pointer 0x154a8401d000
x3204c0s19b0n0:19938:21523 [0] NCCL INFO New proxy recv connection 4 from local rank 0, transport 0
x3204c0s19b0n0:19939:21524 [1] NCCL INFO transport/net_ib.cc:696 Ib Alloc Size 552 pointer 0x154a84024000
x3204c0s19b0n0:19941:21377 [3] NCCL INFO Connected all rings
x3204c0s19b0n0:19941:21377 [3] NCCL INFO Channel 00/0 : 3[c7000] -> 2[85000] via P2P/IPC/read
x3204c0s19b0n0:19941:21512 [3] NCCL INFO New proxy send connection 8 from local rank 3, transport 0
x3204c0s19b0n0:19940:21378 [2] NCCL INFO Connection to proxy localRank 2 -> connection 0x14a2b4000e80
x3204c0s19b0n0:19940:21509 [2] NCCL INFO transport/p2p.cc:449 Cuda Alloc Size 6291456 pointer 0x14a308000000
x3204c0s19b0n0:19938:21344 [0] NCCL INFO Connection to proxy localRank 0 -> connection 0x14d978000d80
x3204c0s19b0n0:19938:21523 [0] NCCL INFO transport/p2p.cc:449 Cuda Alloc Size 6291456 pointer 0x14d977200000
x3204c0s19b0n0:19941:21377 [3] NCCL INFO Connection to proxy localRank 3 -> connection 0x153bc4000e80
x3204c0s19b0n0:19941:21512 [3] NCCL INFO transport/p2p.cc:430 Cuda Alloc Size 6291456 pointer 0x153bbb400000
x3204c0s19b0n0:19939:21524 [1] NCCL INFO transport/net_ib.cc:771 Ib Alloc Size 552 pointer 0x154a8404b000
x3204c0s19b0n0:19939:21524 [1] NCCL INFO transport/net.cc:698 Cuda Host Alloc Size 9641984 pointer 0x154a7e000000
x3204c0s19b0n0:19939:21524 [1] NCCL INFO Mem Realloc old size 0, new size 768 pointer 0x154a840406b0
x3204c0s19b0n0:19940:21509 [2] NCCL INFO New proxy recv connection 9 from local rank 2, transport 0
x3204c0s19b0n0:19939:21524 [1] NCCL INFO transport/net_ib.cc:683 Ib Alloc Size 21688 pointer 0x154a8404d000
x3204c0s19b0n0:19939:21524 [1] NCCL INFO transport/net_ib.cc:696 Ib Alloc Size 552 pointer 0x154a84054000
x3204c0s19b0n0:19939:21524 [1] NCCL INFO transport/net_ib.cc:771 Ib Alloc Size 552 pointer 0x154a84079000
x3204c0s19b0n0:19939:21524 [1] NCCL INFO transport/net.cc:698 Cuda Host Alloc Size 9641984 pointer 0x154a7ea00000
x3204c0s19b0n0:19939:21524 [1] NCCL INFO Mem Realloc old size 0, new size 768 pointer 0x154a8406e880
x3204c0s19b0n0:19938:21523 [0] NCCL INFO New proxy recv connection 5 from local rank 0, transport 0
x3204c0s19b0n0:19941:21377 [3] NCCL INFO Channel 01/0 : 3[c7000] -> 2[85000] via P2P/IPC/read
x3204c0s19b0n0:19941:21512 [3] NCCL INFO New proxy send connection 9 from local rank 3, transport 0
x3204c0s19b0n0:19941:21377 [3] NCCL INFO Connection to proxy localRank 3 -> connection 0x153bc4000ec0
x3204c0s19b0n0:19938:21344 [0] NCCL INFO Connection to proxy localRank 0 -> connection 0x14d978000dc0
x3204c0s19b0n0:19938:21523 [0] NCCL INFO transport/p2p.cc:449 Cuda Alloc Size 6291456 pointer 0x14d977800000
x3204c0s19b0n0:19940:21378 [2] NCCL INFO Connection to proxy localRank 2 -> connection 0x14a2b4000ec0
x3204c0s19b0n0:19940:21509 [2] NCCL INFO transport/p2p.cc:449 Cuda Alloc Size 6291456 pointer 0x14a308600000
x3204c0s19b0n0:19940:21509 [2] NCCL INFO New proxy recv connection 10 from local rank 2, transport 0
x3204c0s19b0n0:19940:21378 [2] NCCL INFO Connection to proxy localRank 2 -> connection 0x14a2b4000f00
x3204c0s19b0n0:19939:21524 [1] NCCL INFO transport/net_ib.cc:683 Ib Alloc Size 21688 pointer 0x154a8407b000
x3204c0s19b0n0:19939:21524 [1] NCCL INFO transport/net_ib.cc:696 Ib Alloc Size 552 pointer 0x154a84082000
x3204c0s19b0n0:19939:21524 [1] NCCL INFO transport/net_ib.cc:771 Ib Alloc Size 552 pointer 0x154a8409d000
x3204c0s19b0n0:19939:21524 [1] NCCL INFO transport/net.cc:698 Cuda Host Alloc Size 9641984 pointer 0x154a7f400000
x3204c0s19b0n0:19941:21512 [3] NCCL INFO transport/p2p.cc:430 Cuda Alloc Size 6291456 pointer 0x153bbba00000
x3204c0s19b0n0:19938:21523 [0] NCCL INFO New proxy recv connection 6 from local rank 0, transport 0
x3204c0s19b0n0:19940:21509 [2] NCCL INFO transport/p2p.cc:449 Cuda Alloc Size 6291456 pointer 0x14a308c00000
x3204c0s19b0n0:19940:21509 [2] NCCL INFO New proxy recv connection 11 from local rank 2, transport 0
x3204c0s19b0n0:19941:21377 [3] NCCL INFO Channel 02/0 : 3[c7000] -> 2[85000] via P2P/IPC/read
x3204c0s19b0n0:19939:21524 [1] NCCL INFO transport/net_ib.cc:683 Ib Alloc Size 21688 pointer 0x154a8409f000
x3204c0s19b0n0:19939:21524 [1] NCCL INFO transport/net_ib.cc:696 Ib Alloc Size 552 pointer 0x154a840a6000
x3204c0s19b0n0:19941:21512 [3] NCCL INFO New proxy send connection 10 from local rank 3, transport 0
x3204c0s19b0n0:19938:21344 [0] NCCL INFO Connection to proxy localRank 0 -> connection 0x14d978000e00
x3204c0s19b0n0:19938:21523 [0] NCCL INFO transport/p2p.cc:449 Cuda Alloc Size 6291456 pointer 0x14d974000000
x3204c0s19b0n0:19940:21378 [2] NCCL INFO Connection to proxy localRank 2 -> connection 0x14a2b4000f40
x3204c0s19b0n0:19940:21509 [2] NCCL INFO transport/p2p.cc:449 Cuda Alloc Size 6291456 pointer 0x14a309200000
x3204c0s19b0n0:19939:21524 [1] NCCL INFO transport/net_ib.cc:771 Ib Alloc Size 552 pointer 0x154a840c1000
x3204c0s19b0n0:19939:21524 [1] NCCL INFO transport/net.cc:698 Cuda Host Alloc Size 9641984 pointer 0x154a76000000
x3204c0s19b0n0:19938:21523 [0] NCCL INFO New proxy recv connection 7 from local rank 0, transport 0
x3204c0s19b0n0:19941:21377 [3] NCCL INFO Connection to proxy localRank 3 -> connection 0x153bc4000f00
x3204c0s19b0n0:19941:21512 [3] NCCL INFO transport/p2p.cc:430 Cuda Alloc Size 6291456 pointer 0x153bb8000000
x3204c0s19b0n0:19938:21344 [0] NCCL INFO Connection to proxy localRank 0 -> connection 0x14d978000e40
x3204c0s19b0n0:19938:21523 [0] NCCL INFO transport/p2p.cc:449 Cuda Alloc Size 6291456 pointer 0x14d974600000
x3204c0s19b0n0:19939:21379 [1] NCCL INFO Channel 00/0 : 1[46000] -> 0[7000] via P2P/IPC/read
x3204c0s19b0n0:19939:21524 [1] NCCL INFO New proxy send connection 4 from local rank 1, transport 0
x3204c0s19b0n0:19941:21377 [3] NCCL INFO Channel 03/0 : 3[c7000] -> 2[85000] via P2P/IPC/read
x3204c0s19b0n0:19941:21512 [3] NCCL INFO New proxy send connection 11 from local rank 3, transport 0
x3204c0s19b0n0:19939:21379 [1] NCCL INFO Connection to proxy localRank 1 -> connection 0x154a84000d80
x3204c0s19b0n0:19939:21524 [1] NCCL INFO transport/p2p.cc:430 Cuda Alloc Size 6291456 pointer 0x154a76a00000
x3204c0s19b0n0:19941:21377 [3] NCCL INFO Connection to proxy localRank 3 -> connection 0x153bc4000f40
x3204c0s19b0n0:19941:21512 [3] NCCL INFO transport/p2p.cc:430 Cuda Alloc Size 6291456 pointer 0x153bb8600000
x3204c0s19b0n0:19939:21379 [1] NCCL INFO Channel 01/0 : 1[46000] -> 0[7000] via P2P/IPC/read
x3204c0s19b0n0:19939:21524 [1] NCCL INFO New proxy send connection 5 from local rank 1, transport 0
x3204c0s19b0n0:19939:21379 [1] NCCL INFO Connection to proxy localRank 1 -> connection 0x154a84000dc0
x3204c0s19b0n0:19939:21524 [1] NCCL INFO transport/p2p.cc:430 Cuda Alloc Size 6291456 pointer 0x154a77000000
x3204c0s19b0n0:19939:21379 [1] NCCL INFO Channel 02/0 : 1[46000] -> 0[7000] via P2P/IPC/read
x3204c0s19b0n0:19939:21524 [1] NCCL INFO New proxy send connection 6 from local rank 1, transport 0
x3204c0s19b0n0:19939:21379 [1] NCCL INFO Connection to proxy localRank 1 -> connection 0x154a84000e00
x3204c0s19b0n0:19939:21524 [1] NCCL INFO transport/p2p.cc:430 Cuda Alloc Size 6291456 pointer 0x154a77600000
x3204c0s19b0n0:19939:21379 [1] NCCL INFO Channel 03/0 : 1[46000] -> 0[7000] via P2P/IPC/read
x3204c0s19b0n0:19939:21524 [1] NCCL INFO New proxy send connection 7 from local rank 1, transport 0
x3204c0s19b0n0:19939:21379 [1] NCCL INFO Connection to proxy localRank 1 -> connection 0x154a84000e40
x3204c0s19b0n0:19939:21524 [1] NCCL INFO transport/p2p.cc:430 Cuda Alloc Size 6291456 pointer 0x154a89a00000
x3204c0s19b0n0:19939:21379 [1] NCCL INFO Connected all rings
x3204c0s19b0n0:19939:21524 [1] NCCL INFO New proxy recv connection 8 from local rank 1, transport 0
x3204c0s19b0n0:19938:21344 [0] NCCL INFO Connected all rings
x3204c0s19b0n0:19938:21344 [0] NCCL INFO Channel 00/0 : 0[7000] -> 1[46000] via P2P/IPC/read
x3204c0s19b0n0:19938:21523 [0] NCCL INFO New proxy send connection 8 from local rank 0, transport 0
x3204c0s19b0n0:19939:21379 [1] NCCL INFO Connection to proxy localRank 1 -> connection 0x154a84000e80
x3204c0s19b0n0:19939:21524 [1] NCCL INFO transport/p2p.cc:449 Cuda Alloc Size 6291456 pointer 0x154a75800000
x3204c0s19b0n0:19939:21524 [1] NCCL INFO New proxy recv connection 9 from local rank 1, transport 0
x3204c0s19b0n0:19938:21344 [0] NCCL INFO Connection to proxy localRank 0 -> connection 0x14d978000e80
x3204c0s19b0n0:19938:21523 [0] NCCL INFO transport/p2p.cc:430 Cuda Alloc Size 6291456 pointer 0x14d972600000
x3204c0s19b0n0:19938:21344 [0] NCCL INFO Channel 01/0 : 0[7000] -> 1[46000] via P2P/IPC/read
x3204c0s19b0n0:19939:21379 [1] NCCL INFO Connection to proxy localRank 1 -> connection 0x154a84000ec0
x3204c0s19b0n0:19939:21524 [1] NCCL INFO transport/p2p.cc:449 Cuda Alloc Size 6291456 pointer 0x154a72000000
x3204c0s19b0n0:19938:21523 [0] NCCL INFO New proxy send connection 9 from local rank 0, transport 0
x3204c0s19b0n0:19939:21524 [1] NCCL INFO New proxy recv connection 10 from local rank 1, transport 0
x3204c0s19b0n0:19939:21379 [1] NCCL INFO Connection to proxy localRank 1 -> connection 0x154a84000f00
x3204c0s19b0n0:19939:21524 [1] NCCL INFO transport/p2p.cc:449 Cuda Alloc Size 6291456 pointer 0x154a72600000
x3204c0s19b0n0:19938:21344 [0] NCCL INFO Connection to proxy localRank 0 -> connection 0x14d978000ec0
x3204c0s19b0n0:19938:21523 [0] NCCL INFO transport/p2p.cc:430 Cuda Alloc Size 6291456 pointer 0x14d972c00000
x3204c0s19b0n0:19939:21524 [1] NCCL INFO New proxy recv connection 11 from local rank 1, transport 0
x3204c0s19b0n0:19939:21379 [1] NCCL INFO Connection to proxy localRank 1 -> connection 0x154a84000f40
x3204c0s19b0n0:19938:21344 [0] NCCL INFO Channel 02/0 : 0[7000] -> 1[46000] via P2P/IPC/read
x3204c0s19b0n0:19938:21523 [0] NCCL INFO New proxy send connection 10 from local rank 0, transport 0
x3204c0s19b0n0:19938:21344 [0] NCCL INFO Connection to proxy localRank 0 -> connection 0x14d978000f00
x3204c0s19b0n0:19938:21523 [0] NCCL INFO transport/p2p.cc:430 Cuda Alloc Size 6291456 pointer 0x14d973200000
x3204c0s19b0n0:19939:21524 [1] NCCL INFO transport/p2p.cc:449 Cuda Alloc Size 6291456 pointer 0x154a72c00000
x3204c0s19b0n0:19938:21344 [0] NCCL INFO Channel 03/0 : 0[7000] -> 1[46000] via P2P/IPC/read
x3204c0s19b0n0:19938:21523 [0] NCCL INFO New proxy send connection 11 from local rank 0, transport 0
x3204c0s19b0n0:19939:21379 [1] NCCL INFO Channel 00/0 : 1[46000] -> 2[85000] via P2P/IPC/read
x3204c0s19b0n0:19939:21524 [1] NCCL INFO New proxy send connection 12 from local rank 1, transport 0
x3204c0s19b0n0:19938:21344 [0] NCCL INFO Connection to proxy localRank 0 -> connection 0x14d978000f40
x3204c0s19b0n0:19938:21523 [0] NCCL INFO transport/p2p.cc:430 Cuda Alloc Size 6291456 pointer 0x14d973800000
x3204c0s19b0n0:19939:21379 [1] NCCL INFO Connection to proxy localRank 1 -> connection 0x154a84000f80
x3204c0s19b0n0:19939:21524 [1] NCCL INFO transport/p2p.cc:430 Cuda Alloc Size 6291456 pointer 0x154a73200000
x3204c0s19b0n0:19939:21379 [1] NCCL INFO Channel 01/0 : 1[46000] -> 2[85000] via P2P/IPC/read
x3204c0s19b0n0:19939:21524 [1] NCCL INFO New proxy send connection 13 from local rank 1, transport 0
x3204c0s19b0n0:19939:21379 [1] NCCL INFO Connection to proxy localRank 1 -> connection 0x154a84000fc0
x3204c0s19b0n0:19939:21524 [1] NCCL INFO transport/p2p.cc:430 Cuda Alloc Size 6291456 pointer 0x154a73800000
x3204c0s19b0n0:19939:21379 [1] NCCL INFO Channel 02/0 : 1[46000] -> 2[85000] via P2P/IPC/read
x3204c0s19b0n0:19939:21524 [1] NCCL INFO New proxy send connection 14 from local rank 1, transport 0
x3204c0s19b0n0:19939:21379 [1] NCCL INFO Connection to proxy localRank 1 -> connection 0x154a84001000
x3204c0s19b0n0:19939:21524 [1] NCCL INFO transport/p2p.cc:430 Cuda Alloc Size 6291456 pointer 0x154a70000000
x3204c0s19b0n0:19939:21379 [1] NCCL INFO Channel 03/0 : 1[46000] -> 2[85000] via P2P/IPC/read
x3204c0s19b0n0:19939:21524 [1] NCCL INFO New proxy send connection 15 from local rank 1, transport 0
x3204c0s19b0n0:19939:21379 [1] NCCL INFO Connection to proxy localRank 1 -> connection 0x154a84001040
x3204c0s19b0n0:19939:21524 [1] NCCL INFO transport/p2p.cc:430 Cuda Alloc Size 6291456 pointer 0x154a70600000
x3204c0s19b0n0:19939:21379 [1] NCCL INFO GPU Direct RDMA Disabled for GPU 46000 / HCA 1 (distance 6 > 4)
x3204c0s19b0n0:19938:21344 [0] NCCL INFO GPU Direct RDMA Disabled for GPU 7000 / HCA 1 (distance 7 > 4)
x3204c0s19b0n0:19938:21523 [0] NCCL INFO Allocated 4194656 bytes of shared memory in /dev/shm/nccl-UDaCpO

x3204c0s19b0n0:19938:21523 [0] NCCL INFO New proxy recv connection 12 from local rank 0, transport 2
x3204c0s19b0n0:19940:21509 [2] NCCL INFO New proxy recv connection 12 from local rank 2, transport 0
x3204c0s19b0n0:19939:21524 [1] NCCL INFO New proxy recv connection 16 from local rank 1, transport 2
x3204c0s19b0n0:19940:21378 [2] NCCL INFO Connection to proxy localRank 2 -> connection 0x14a2b4000f80
x3204c0s19b0n0:19939:21379 [1] NCCL INFO Connection to proxy localRank 1 -> connection 0x154a84001080
x3204c0s19b0n0:19940:21509 [2] NCCL INFO transport/p2p.cc:449 Cuda Alloc Size 6291456 pointer 0x14a30b000000
x3204c0s19b0n0:19938:21344 [0] NCCL INFO Connection to proxy localRank 0 -> connection 0x14d978000f80
x3204c0s19b0n0:19938:21344 [0] NCCL INFO Channel 00/0 : 16[7000] -> 0[7000] [receive] via NET/IB/1
x3204c0s19b0n0:19938:21344 [0] NCCL INFO GPU Direct RDMA Disabled for GPU 7000 / HCA 0 (distance 7 > 4)
x3204c0s19b0n0:19938:21523 [0] NCCL INFO New proxy recv connection 13 from local rank 0, transport 2
x3204c0s19b0n0:19939:21379 [1] NCCL INFO Channel 02/0 : 12[7000] -> 1[46000] [receive] via NET/IB/1
x3204c0s19b0n0:19939:21379 [1] NCCL INFO GPU Direct RDMA Disabled for GPU 46000 / HCA 0 (distance 7 > 4)
x3204c0s19b0n0:19939:21524 [1] NCCL INFO New proxy recv connection 17 from local rank 1, transport 2
x3204c0s19b0n0:19940:21509 [2] NCCL INFO New proxy recv connection 13 from local rank 2, transport 0
x3204c0s19b0n0:19939:21379 [1] NCCL INFO Connection to proxy localRank 1 -> connection 0x154a840010c0
x3204c0s19b0n0:19938:21344 [0] NCCL INFO Connection to proxy localRank 0 -> connection 0x14d978000fc0
x3204c0s19b0n0:19940:21378 [2] NCCL INFO Connection to proxy localRank 2 -> connection 0x14a2b4000fc0
x3204c0s19b0n0:19940:21509 [2] NCCL INFO transport/p2p.cc:449 Cuda Alloc Size 6291456 pointer 0x14a30b600000
x3204c0s19b0n0:19939:21379 [1] NCCL INFO Channel 03/0 : 12[7000] -> 1[46000] [receive] via NET/IB/0
x3204c0s19b0n0:19938:21344 [0] NCCL INFO Channel 01/0 : 16[7000] -> 0[7000] [receive] via NET/IB/0
x3204c0s19b0n0:19938:21344 [0] NCCL INFO GPU Direct RDMA Disabled for GPU 7000 / HCA 1 (distance 7 > 4)
x3204c0s19b0n0:19938:21523 [0] NCCL INFO New proxy send connection 14 from local rank 0, transport 2
x3204c0s19b0n0:19938:21344 [0] NCCL INFO Connection to proxy localRank 0 -> connection 0x14d978001000
x3204c0s19b0n0:19940:21509 [2] NCCL INFO New proxy recv connection 14 from local rank 2, transport 0
x3204c0s19b0n0:19938:21344 [0] NCCL INFO Channel 02/0 : 0[7000] -> 4[7000] [send] via NET/IB/1
x3204c0s19b0n0:19938:21344 [0] NCCL INFO GPU Direct RDMA Disabled for GPU 7000 / HCA 0 (distance 7 > 4)
x3204c0s19b0n0:19938:21523 [0] NCCL INFO New proxy send connection 15 from local rank 0, transport 2
x3204c0s19b0n0:19940:21378 [2] NCCL INFO Connection to proxy localRank 2 -> connection 0x14a2b4001000
x3204c0s19b0n0:19940:21509 [2] NCCL INFO transport/p2p.cc:449 Cuda Alloc Size 6291456 pointer 0x14a30bc00000
x3204c0s19b0n0:19938:21344 [0] NCCL INFO Connection to proxy localRank 0 -> connection 0x14d978001040
x3204c0s19b0n0:19938:21344 [0] NCCL INFO Channel 03/0 : 0[7000] -> 4[7000] [send] via NET/IB/0
x3204c0s19b0n0:19940:21509 [2] NCCL INFO New proxy recv connection 15 from local rank 2, transport 0
x3204c0s19b0n0:19940:21378 [2] NCCL INFO Connection to proxy localRank 2 -> connection 0x14a2b4001040
x3204c0s19b0n0:19940:21509 [2] NCCL INFO transport/p2p.cc:449 Cuda Alloc Size 6291456 pointer 0x14a30c200000
x3204c0s19b0n0:19940:21378 [2] NCCL INFO Channel 00/0 : 2[85000] -> 1[46000] via P2P/IPC/read
x3204c0s19b0n0:19940:21509 [2] NCCL INFO New proxy send connection 16 from local rank 2, transport 0
x3204c0s19b0n0:19940:21378 [2] NCCL INFO Connection to proxy localRank 2 -> connection 0x14a2b4001080
x3204c0s19b0n0:19940:21509 [2] NCCL INFO transport/p2p.cc:430 Cuda Alloc Size 6291456 pointer 0x14a30c800000
x3204c0s19b0n0:19940:21378 [2] NCCL INFO Channel 01/0 : 2[85000] -> 1[46000] via P2P/IPC/read
x3204c0s19b0n0:19940:21509 [2] NCCL INFO New proxy send connection 17 from local rank 2, transport 0
x3204c0s19b0n0:19940:21378 [2] NCCL INFO Connection to proxy localRank 2 -> connection 0x14a2b40010c0
x3204c0s19b0n0:19938:21523 [0] NCCL INFO transport/net_ib.cc:596 Ib Alloc Size 26560 pointer 0x14d978026000
x3204c0s19b0n0:19938:21523 [0] NCCL INFO NET/IB: Dev 1 Port 1 qpn 3009 mtu 5 GID 0 (80FE/CD3900FEFF000000)
x3204c0s19b0n0:19938:21523 [0] NCCL INFO transport/net_ib.cc:653 Ib Alloc Size 552 pointer 0x14d978048000
x3204c0s19b0n0:19938:21523 [0] NCCL INFO transport/net.cc:571 Cuda Host Alloc Size 9641984 pointer 0x14d96a000000
x3204c0s19b0n0:19938:21523 [0] NCCL INFO Mem Realloc old size 0, new size 768 pointer 0x14d978035260
x3204c0s19b0n0:19938:21523 [0] NCCL INFO transport/net_ib.cc:596 Ib Alloc Size 26560 pointer 0x14d97804a000
x3204c0s19b0n0:19940:21509 [2] NCCL INFO transport/p2p.cc:430 Cuda Alloc Size 6291456 pointer 0x14a30ce00000
x3204c0s19b0n0:19938:21523 [0] NCCL INFO NET/IB: Dev 0 Port 1 qpn 4388 mtu 5 GID 0 (80FE/9B3900FEFF000000)
x3204c0s19b0n0:19938:21523 [0] NCCL INFO transport/net_ib.cc:653 Ib Alloc Size 552 pointer 0x14d97806b000
x3204c0s19b0n0:19938:21523 [0] NCCL INFO transport/net.cc:571 Cuda Host Alloc Size 9641984 pointer 0x14d96aa00000
x3204c0s19b0n0:19938:21523 [0] NCCL INFO Mem Realloc old size 0, new size 768 pointer 0x14d978058940
x3204c0s19b0n0:19940:21378 [2] NCCL INFO Channel 02/0 : 2[85000] -> 1[46000] via P2P/IPC/read
x3204c0s19b0n0:19940:21509 [2] NCCL INFO New proxy send connection 18 from local rank 2, transport 0
x3204c0s19b0n0:19940:21378 [2] NCCL INFO Connection to proxy localRank 2 -> connection 0x14a2b4001100
x3204c0s19b0n0:19940:21509 [2] NCCL INFO transport/p2p.cc:430 Cuda Alloc Size 6291456 pointer 0x14a30d400000
x3204c0s19b0n0:19938:21523 [0] NCCL INFO transport/net_ib.cc:683 Ib Alloc Size 21688 pointer 0x14d97806d000
x3204c0s19b0n0:19938:21523 [0] NCCL INFO transport/net_ib.cc:696 Ib Alloc Size 552 pointer 0x14d978074000
x3204c0s19b0n0:19938:21523 [0] NCCL INFO transport/net_ib.cc:771 Ib Alloc Size 552 pointer 0x14d978090000
x3204c0s19b0n0:19938:21523 [0] NCCL INFO transport/net.cc:698 Cuda Host Alloc Size 9641984 pointer 0x14d96b400000
x3204c0s19b0n0:19940:21378 [2] NCCL INFO Channel 03/0 : 2[85000] -> 1[46000] via P2P/IPC/read
x3204c0s19b0n0:19940:21509 [2] NCCL INFO New proxy send connection 19 from local rank 2, transport 0
x3204c0s19b0n0:19938:21523 [0] NCCL INFO transport/net_ib.cc:683 Ib Alloc Size 21688 pointer 0x14d978092000
x3204c0s19b0n0:19938:21523 [0] NCCL INFO transport/net_ib.cc:696 Ib Alloc Size 552 pointer 0x14d978099000
x3204c0s19b0n0:19938:21523 [0] NCCL INFO transport/net_ib.cc:771 Ib Alloc Size 552 pointer 0x14d9780b4000
x3204c0s19b0n0:19938:21523 [0] NCCL INFO transport/net.cc:698 Cuda Host Alloc Size 9641984 pointer 0x14d968000000
x3204c0s19b0n0:19938:21344 [0] NCCL INFO GPU Direct RDMA Disabled for GPU 7000 / HCA 1 (distance 7 > 4)
x3204c0s19b0n0:19938:21523 [0] NCCL INFO New proxy recv connection 16 from local rank 0, transport 2
x3204c0s19b0n0:19940:21378 [2] NCCL INFO Connection to proxy localRank 2 -> connection 0x14a2b4001140
x3204c0s19b0n0:19940:21509 [2] NCCL INFO transport/p2p.cc:430 Cuda Alloc Size 6291456 pointer 0x14a30da00000
x3204c0s19b0n0:19938:21344 [0] NCCL INFO Connection to proxy localRank 0 -> connection 0x14d978001080
x3204c0s19b0n0:19941:21377 [3] NCCL INFO Connected all trees by HAO
x3204c0s19b0n0:19941:21377 [3] NCCL INFO threadThresholds 8/8/64 | 160/8/64 | 512 | 512
x3204c0s19b0n0:19941:21377 [3] NCCL INFO 4 coll channels, 4 p2p channels, 2 p2p channels per peer
x3204c0s19b0n0:19941:21512 [3] NCCL INFO New proxy send connection 12 from local rank 3, transport 2
x3204c0s19b0n0:19938:21344 [0] NCCL INFO Channel 02/0 : 4[7000] -> 0[7000] [receive] via NET/IB/1
x3204c0s19b0n0:19938:21344 [0] NCCL INFO GPU Direct RDMA Disabled for GPU 7000 / HCA 0 (distance 7 > 4)
x3204c0s19b0n0:19938:21523 [0] NCCL INFO New proxy recv connection 17 from local rank 0, transport 2
x3204c0s19b0n0:19941:21377 [3] NCCL INFO Connection to proxy localRank 3 -> connection 0x153bc4000f80
x3204c0s19b0n0:19941:21512 [3] NCCL INFO transport/net.cc:376 Cuda Alloc Size 8388608 pointer 0x153bb6600000
x3204c0s19b0n0:19938:21344 [0] NCCL INFO Connection to proxy localRank 0 -> connection 0x14d9780010c0
x3204c0s19b0n0:19939:21524 [1] NCCL INFO transport/net_ib.cc:683 Ib Alloc Size 21688 pointer 0x154a840d2000
x3204c0s19b0n0:19939:21524 [1] NCCL INFO transport/net_ib.cc:696 Ib Alloc Size 552 pointer 0x154a84019000
x3204c0s19b0n0:19938:21344 [0] NCCL INFO Channel 03/0 : 4[7000] -> 0[7000] [receive] via NET/IB/0
x3204c0s19b0n0:19938:21344 [0] NCCL INFO GPU Direct RDMA Disabled for GPU 7000 / HCA 1 (distance 7 > 4)
x3204c0s19b0n0:19938:21523 [0] NCCL INFO New proxy send connection 18 from local rank 0, transport 2
x3204c0s19b0n0:19939:21524 [1] NCCL INFO transport/net_ib.cc:771 Ib Alloc Size 552 pointer 0x154a840f2000
x3204c0s19b0n0:19939:21524 [1] NCCL INFO transport/net.cc:698 Cuda Host Alloc Size 9641984 pointer 0x154a6c000000
x3204c0s19b0n0:19938:21344 [0] NCCL INFO Connection to proxy localRank 0 -> connection 0x14d978001100
x3204c0s19b0n0:19938:21344 [0] NCCL INFO Channel 00/0 : 0[7000] -> 16[7000] [send] via NET/IB/1
x3204c0s19b0n0:19938:21344 [0] NCCL INFO GPU Direct RDMA Disabled for GPU 7000 / HCA 0 (distance 7 > 4)
x3204c0s19b0n0:19938:21523 [0] NCCL INFO New proxy send connection 19 from local rank 0, transport 2
x3204c0s19b0n0:19938:21344 [0] NCCL INFO Connection to proxy localRank 0 -> connection 0x14d978001140
x3204c0s19b0n0:19938:21344 [0] NCCL INFO Channel 01/0 : 0[7000] -> 16[7000] [send] via NET/IB/0
x3204c0s19b0n0:19939:21524 [1] NCCL INFO transport/net_ib.cc:683 Ib Alloc Size 21688 pointer 0x154a840f4000
x3204c0s19b0n0:19939:21524 [1] NCCL INFO transport/net_ib.cc:696 Ib Alloc Size 552 pointer 0x154a840fb000
x3204c0s19b0n0:19939:21524 [1] NCCL INFO transport/net_ib.cc:771 Ib Alloc Size 552 pointer 0x154a84116000
x3204c0s19b0n0:19939:21524 [1] NCCL INFO transport/net.cc:698 Cuda Host Alloc Size 9641984 pointer 0x154a6ca00000
x3204c0s19b0n0:19939:21379 [1] NCCL INFO GPU Direct RDMA Disabled for GPU 46000 / HCA 1 (distance 6 > 4)
x3204c0s19b0n0:19939:21524 [1] NCCL INFO New proxy send connection 18 from local rank 1, transport 2
x3204c0s19b0n0:19939:21379 [1] NCCL INFO Connection to proxy localRank 1 -> connection 0x154a84001100
x3204c0s19b0n0:19939:21379 [1] NCCL INFO Channel 02/0 : 1[46000] -> 12[7000] [send] via NET/IB/1
x3204c0s19b0n0:19939:21379 [1] NCCL INFO GPU Direct RDMA Disabled for GPU 46000 / HCA 0 (distance 7 > 4)
x3204c0s19b0n0:19939:21524 [1] NCCL INFO New proxy send connection 19 from local rank 1, transport 2
x3204c0s19b0n0:19939:21379 [1] NCCL INFO Connection to proxy localRank 1 -> connection 0x154a84001140
x3204c0s19b0n0:19939:21379 [1] NCCL INFO Channel 03/0 : 1[46000] -> 12[7000] [send] via NET/IB/0
x3204c0s19b0n0:19939:21524 [1] NCCL INFO transport/net_ib.cc:596 Ib Alloc Size 26560 pointer 0x154a84122000
x3204c0s19b0n0:19939:21524 [1] NCCL INFO NET/IB: Dev 1 Port 1 qpn 3014 mtu 5 GID 0 (80FE/CD3900FEFF000000)
x3204c0s19b0n0:19939:21524 [1] NCCL INFO transport/net_ib.cc:653 Ib Alloc Size 552 pointer 0x154a84139000
x3204c0s19b0n0:19939:21524 [1] NCCL INFO transport/net.cc:571 Cuda Host Alloc Size 9641984 pointer 0x154a6d400000
x3204c0s19b0n0:19939:21524 [1] NCCL INFO transport/net_ib.cc:596 Ib Alloc Size 26560 pointer 0x154a8413b000
x3204c0s19b0n0:19939:21524 [1] NCCL INFO NET/IB: Dev 0 Port 1 qpn 4395 mtu 5 GID 0 (80FE/9B3900FEFF000000)
x3204c0s19b0n0:19939:21524 [1] NCCL INFO transport/net_ib.cc:653 Ib Alloc Size 552 pointer 0x154a84152000
x3204c0s19b0n0:19939:21524 [1] NCCL INFO transport/net.cc:571 Cuda Host Alloc Size 9641984 pointer 0x154a6a000000
x3204c0s19b0n0:19939:21524 [1] NCCL INFO New proxy recv connection 20 from local rank 1, transport 0
x3204c0s19b0n0:19939:21379 [1] NCCL INFO Connection to proxy localRank 1 -> connection 0x154a84001180
x3204c0s19b0n0:19939:21524 [1] NCCL INFO transport/p2p.cc:449 Cuda Alloc Size 6291456 pointer 0x154a6aa00000
x3204c0s19b0n0:19939:21524 [1] NCCL INFO New proxy recv connection 21 from local rank 1, transport 0
x3204c0s19b0n0:19939:21379 [1] NCCL INFO Connection to proxy localRank 1 -> connection 0x154a840011c0
x3204c0s19b0n0:19939:21524 [1] NCCL INFO transport/p2p.cc:449 Cuda Alloc Size 6291456 pointer 0x154a6b000000
x3204c0s19b0n0:19939:21524 [1] NCCL INFO New proxy recv connection 22 from local rank 1, transport 0
x3204c0s19b0n0:19939:21379 [1] NCCL INFO Connection to proxy localRank 1 -> connection 0x154a84001200
x3204c0s19b0n0:19939:21524 [1] NCCL INFO transport/p2p.cc:449 Cuda Alloc Size 6291456 pointer 0x154a6b600000
x3204c0s19b0n0:19939:21524 [1] NCCL INFO New proxy recv connection 23 from local rank 1, transport 0
x3204c0s19b0n0:19939:21379 [1] NCCL INFO Connection to proxy localRank 1 -> connection 0x154a84001240
x3204c0s19b0n0:19939:21524 [1] NCCL INFO transport/p2p.cc:449 Cuda Alloc Size 6291456 pointer 0x154a68000000
x3204c0s19b0n0:19939:21379 [1] NCCL INFO Connected all trees by HAO
x3204c0s19b0n0:19939:21379 [1] NCCL INFO threadThresholds 8/8/64 | 160/8/64 | 512 | 512
x3204c0s19b0n0:19939:21379 [1] NCCL INFO 4 coll channels, 4 p2p channels, 2 p2p channels per peer
x3204c0s19b0n0:19938:21523 [0] NCCL INFO transport/net_ib.cc:596 Ib Alloc Size 26560 pointer 0x14d9780ca000
x3204c0s19b0n0:19938:21523 [0] NCCL INFO NET/IB: Dev 1 Port 1 qpn 3015 mtu 5 GID 0 (80FE/CD3900FEFF000000)
x3204c0s19b0n0:19938:21523 [0] NCCL INFO transport/net_ib.cc:653 Ib Alloc Size 552 pointer 0x14d9780e1000
x3204c0s19b0n0:19938:21523 [0] NCCL INFO transport/net.cc:571 Cuda Host Alloc Size 9641984 pointer 0x14d968a00000
x3204c0s19b0n0:19940:21378 [2] NCCL INFO Connected all trees by HAO
x3204c0s19b0n0:19940:21378 [2] NCCL INFO threadThresholds 8/8/64 | 160/8/64 | 512 | 512
x3204c0s19b0n0:19940:21378 [2] NCCL INFO 4 coll channels, 4 p2p channels, 2 p2p channels per peer
x3204c0s19b0n0:19940:21509 [2] NCCL INFO Allocated 4194656 bytes of shared memory in /dev/shm/nccl-YC3jxY

x3204c0s19b0n0:19940:21509 [2] NCCL INFO New proxy send connection 20 from local rank 2, transport 2
x3204c0s19b0n0:19938:21523 [0] NCCL INFO transport/net_ib.cc:596 Ib Alloc Size 26560 pointer 0x14d9780e3000
x3204c0s19b0n0:19938:21523 [0] NCCL INFO NET/IB: Dev 0 Port 1 qpn 4396 mtu 5 GID 0 (80FE/9B3900FEFF000000)
x3204c0s19b0n0:19938:21523 [0] NCCL INFO transport/net_ib.cc:653 Ib Alloc Size 552 pointer 0x14d9780fa000
x3204c0s19b0n0:19938:21523 [0] NCCL INFO transport/net.cc:571 Cuda Host Alloc Size 9641984 pointer 0x14d969400000
x3204c0s19b0n0:19939:21524 [1] NCCL INFO New proxy send connection 24 from local rank 1, transport 2
x3204c0s19b0n0:19938:21523 [0] NCCL INFO transport/net_ib.cc:683 Ib Alloc Size 21688 pointer 0x14d9780fc000
x3204c0s19b0n0:19938:21523 [0] NCCL INFO transport/net_ib.cc:696 Ib Alloc Size 552 pointer 0x14d978103000
x3204c0s19b0n0:19938:21523 [0] NCCL INFO transport/net_ib.cc:771 Ib Alloc Size 552 pointer 0x14d97811e000
x3204c0s19b0n0:19938:21523 [0] NCCL INFO transport/net.cc:698 Cuda Host Alloc Size 9641984 pointer 0x14d966000000
x3204c0s19b0n0:19940:21378 [2] NCCL INFO Connection to proxy localRank 2 -> connection 0x14a2b4001180
x3204c0s19b0n0:19940:21509 [2] NCCL INFO transport/net.cc:376 Cuda Alloc Size 8388608 pointer 0x14a311000000
x3204c0s19b0n0:19939:21379 [1] NCCL INFO Connection to proxy localRank 1 -> connection 0x154a84001280
x3204c0s19b0n0:19939:21524 [1] NCCL INFO transport/net.cc:376 Cuda Alloc Size 8388608 pointer 0x154a66000000
x3204c0s19b0n0:19938:21523 [0] NCCL INFO transport/net_ib.cc:683 Ib Alloc Size 21688 pointer 0x14d978120000
x3204c0s19b0n0:19938:21523 [0] NCCL INFO transport/net_ib.cc:696 Ib Alloc Size 552 pointer 0x14d978127000
x3204c0s19b0n0:19938:21523 [0] NCCL INFO transport/net_ib.cc:771 Ib Alloc Size 552 pointer 0x14d978142000
x3204c0s19b0n0:19938:21523 [0] NCCL INFO transport/net.cc:698 Cuda Host Alloc Size 9641984 pointer 0x14d966a00000
x3204c0s19b0n0:19938:21344 [0] NCCL INFO Connected all trees by HAO
x3204c0s19b0n0:19938:21344 [0] NCCL INFO Latency/AlgBw |    Tree/    LL |    Tree/ LL128 |    Tree/Simple |    Ring/    LL |    Ring/ LL128 |    Ring/Simple | CollNetDirect/    LL | CollNetDirect/ LL128 | CollNetDirect/Simple | CollNetChain/    LL | CollNetChain/ LL128 | CollNetChain/Simple |
x3204c0s19b0n0:19938:21344 [0] NCCL INFO  Max NThreads |            512 |            640 |            512 |            512 |            640 |            512 |              0 |              0 |            512 |              0 |              0 |            512 |
x3204c0s19b0n0:19938:21344 [0] NCCL INFO     Broadcast |     0.0/   0.0 |     0.0/   0.0 |     0.0/   0.0 |     6.3/   6.0 |    14.0/   0.0 |    18.0/  24.0 |     0.0/   0.0 |     0.0/   0.0 |     0.0/   0.0 |     0.0/   0.0 |     0.0/   0.0 |     0.0/   0.0 |
x3204c0s19b0n0:19938:21344 [0] NCCL INFO        Reduce |     0.0/   0.0 |     0.0/   0.0 |     0.0/   0.0 |     6.3/   6.0 |    14.0/   0.0 |    18.0/  24.0 |     0.0/   0.0 |     0.0/   0.0 |     0.0/   0.0 |     0.0/   0.0 |     0.0/   0.0 |     0.0/   0.0 |
x3204c0s19b0n0:19938:21344 [0] NCCL INFO     AllGather |     0.0/   0.0 |     0.0/   0.0 |     0.0/   0.0 |    27.1/   6.3 |    54.5/   0.0 |    97.8/  25.3 |     0.0/   0.0 |     0.0/   0.0 |     0.0/   0.0 |     0.0/   0.0 |     0.0/   0.0 |     0.0/   0.0 |
x3204c0s19b0n0:19938:21344 [0] NCCL INFO ReduceScatter |     0.0/   0.0 |     0.0/   0.0 |     0.0/   0.0 |    27.1/   6.3 |    54.5/   0.0 |    97.8/  25.3 |     0.0/   0.0 |     0.0/   0.0 |     0.0/   0.0 |     0.0/   0.0 |     0.0/   0.0 |     0.0/   0.0 |
x3204c0s19b0n0:19938:21344 [0] NCCL INFO     AllReduce |    30.0/   2.9 |    45.9/   0.0 |   280.0/  11.0 |    54.3/   3.2 |   103.2/   0.0 |   199.6/  12.6 |     7.4/   0.0 |     7.4/   0.0 |    29.7/   0.0 |     4.4/   0.0 |     4.4/   0.0 |    48.0/   0.0 |
x3204c0s19b0n0:19938:21344 [0] NCCL INFO threadThresholds 8/8/64 | 160/8/64 | 512 | 512
x3204c0s19b0n0:19938:21344 [0] NCCL INFO 4 coll channels, 4 p2p channels, 2 p2p channels per peer
x3204c0s19b0n0:19938:21523 [0] NCCL INFO New proxy send connection 20 from local rank 0, transport 2
x3204c0s19b0n0:19938:21344 [0] NCCL INFO Connection to proxy localRank 0 -> connection 0x14d978001180
x3204c0s19b0n0:19938:21344 [0] NCCL INFO init.cc:367 Cuda Alloc Size 5168 pointer 0x14d987a08800
x3204c0s19b0n0:19939:21379 [1] NCCL INFO init.cc:367 Cuda Alloc Size 5168 pointer 0x154a89808800
x3204c0s19b0n0:19941:21377 [3] NCCL INFO init.cc:367 Cuda Alloc Size 5168 pointer 0x153bd1808800
x3204c0s19b0n0:19941:21377 [3] NCCL INFO init.cc:392 Cuda Host Alloc Size 33554432 pointer 0x153bb4000000
x3204c0s19b0n0:19941:21377 [3] NCCL INFO init.cc:398 Cuda Host Alloc Size 128 pointer 0x153bd0e00200
x3204c0s19b0n0:19941:21377 [3] NCCL INFO comm 0x557e23796e50 rank 3 nranks 20 cudaDev 3 busId c7000 - Init COMPLETE
x3204c0s19b0n0:19939:21379 [1] NCCL INFO init.cc:392 Cuda Host Alloc Size 33554432 pointer 0x154a64000000
x3204c0s19b0n0:19939:21379 [1] NCCL INFO init.cc:398 Cuda Host Alloc Size 128 pointer 0x154a88e00200
x3204c0s19b0n0:19939:21379 [1] NCCL INFO comm 0x564f85a7ee50 rank 1 nranks 20 cudaDev 1 busId 46000 - Init COMPLETE
x3204c0s19b0n0:19940:21378 [2] NCCL INFO init.cc:367 Cuda Alloc Size 5168 pointer 0x14a301e08800
x3204c0s19b0n0:19939:19939 [1] NCCL INFO AllReduce: opCount 0 sendbuff 0x154acb600200 recvbuff 0x154acb600200 count 1 datatype 1 op 0 root 0 comm 0x564f85a7ee50 [nranks=20] stream 0x564f9d21db10
x3204c0s19b0n0:19939:19939 [1] NCCL INFO misc/utils.cc:235 memory stack hunk malloc(65536)
[LYD INFO in ncclLaunchKernel (enqueue.cc)] NCHANNELS is: 4x3204c0s19b0n0:19941:19941 [3] NCCL INFO AllReduce: opCount 0 sendbuff 0x153c0f600200 recvbuff 0x153c0f600200 count 1 datatype 1 op 0 root 0 comm 0x557e23796e50 [nranks=20] stream 0x557e2679b310
x3204c0s19b0n0:19941:19941 [3] NCCL INFO misc/utils.cc:235 memory stack hunk malloc(65536)
[LYD INFO in ncclLaunchKernel (enqueue.cc)] NCHANNELS is: 4x3204c0s19b0n0:19940:21378 [2] NCCL INFO init.cc:392 Cuda Host Alloc Size 33554432 pointer 0x14a311800000
x3204c0s19b0n0:19940:21378 [2] NCCL INFO init.cc:398 Cuda Host Alloc Size 128 pointer 0x14a301400200
x3204c0s19b0n0:19940:21378 [2] NCCL INFO comm 0x55980a0a4490 rank 2 nranks 20 cudaDev 2 busId 85000 - Init COMPLETE
x3204c0s19b0n0:19938:21523 [0] NCCL INFO transport/net.cc:376 Cuda Alloc Size 8388608 pointer 0x14d967400000
x3204c0s19b0n0:19938:21344 [0] NCCL INFO init.cc:392 Cuda Host Alloc Size 33554432 pointer 0x14d964000000
x3204c0s19b0n0:19938:21344 [0] NCCL INFO init.cc:398 Cuda Host Alloc Size 128 pointer 0x14d987000200
x3204c0s19b0n0:19938:21344 [0] NCCL INFO comm 0x561e6e070850 rank 0 nranks 20 cudaDev 0 busId 7000 - Init COMPLETE
x3204c0s19b0n0:19940:19940 [2] NCCL INFO AllReduce: opCount 0 sendbuff 0x14a2fd800200 recvbuff 0x14a2fd800200 count 1 datatype 1 op 0 root 0 comm 0x55980a0a4490 [nranks=20] stream 0x5598261e1dc0
x3204c0s19b0n0:19940:19940 [2] NCCL INFO misc/utils.cc:235 memory stack hunk malloc(65536)
[LYD INFO in ncclLaunchKernel (enqueue.cc)] NCHANNELS is: 4[Hao INFO in ncclAllReduce (all_reduce.cc)] rank 0 ncclAllReduce: count: 1, datatype: ncclUint8, message size: 1 Bytes
x3204c0s19b0n0:19938:19938 [0] NCCL INFO AllReduce: opCount 0 sendbuff 0x14d9c7800200 recvbuff 0x14d9c7800200 count 1 datatype 1 op 0 root 0 comm 0x561e6e070850 [nranks=20] stream 0x561e88c81e40
x3204c0s19b0n0:19938:19938 [0] NCCL INFO misc/utils.cc:235 memory stack hunk malloc(65536)

[LYD INFO in ncclAllReduce (all_reduce.cc)] rank 0 AllReduce Time: 0.000048000 seconds

[LYD INFO in getAlgoInfo (enqueue.cc)] algorithm a is: 0

[LYD INFO in getAlgoInfo (enqueue.cc)] algorithm a is: 1

[LYD INFO in getAlgoInfo (enqueue.cc)] rank: 0, Duration between Point 1 and Point 2: 0.000012000 seconds

[LYD INFO in getAlgoInfo (enqueue.cc)] rank 0, Duration between Point 2 and Point 3: 0.000000000 seconds
[LYD INFO in getAlgoInfo (enqueue.cc)] out rank: 0
[LYD INFO in getAlgoInfo (enqueue.cc)] out coll: 4
[LYD INFO in getAlgoInfo (enqueue.cc)] out sendbuff address: 0x14d9c7800200
[LYD INFO in getAlgoInfo (enqueue.cc)] out recvbuff address: 0x14d9c7800200
[LYD INFO in getAlgoInfo (enqueue.cc)] out count: 1
[LYD INFO in getAlgoInfo (enqueue.cc)] out datatype: 1
[LYD INFO in getAlgoInfo (enqueue.cc)] out chunkSteps: 4
[LYD INFO in getAlgoInfo (enqueue.cc)] out sliceSteps: 2
[LYD INFO in getAlgoInfo (enqueue.cc)] out algorithm: 0
[LYD INFO in getAlgoInfo (enqueue.cc)] out protocol: 0
[LYD INFO in getAlgoInfo (enqueue.cc)] out nChannels: 1
[LYD INFO in getAlgoInfo (enqueue.cc)] out nThreads: 96
[LYD INFO in getAlgoInfo (enqueue.cc)] out nBytes: 1
[LYD INFO in getAlgoInfo (enqueue.cc)] out nstepsPerLoop: 0
[LYD INFO in getAlgoInfo (enqueue.cc)] out nchunksPerLoop: 0
[LYD INFO in getAlgoInfo (enqueue.cc)] out chunkSize: 0
[LYD INFO in ncclLaunchKernel (enqueue.cc)] NCHANNELS is: 4
[LYD INFO in NCCL_KERN_NAME (common.h)] 0 AllReduce TREE LL Sum uint8_t Elapsed time: 777127 us
[Hao INFO in ncclAllReduce (all_reduce.cc)] rank 0 ncclAllReduce: count: 1, datatype: ncclUint8, message size: 1 Bytes
x3204c0s19b0n0:19938:19938 [0] NCCL INFO AllReduce: opCount 1 sendbuff 0x14d9c7800000 recvbuff 0x14d9c7800000 count 1 datatype 1 op 0 root 0 comm 0x561e6e070850 [nranks=20] stream 0x561e88c81e40

[LYD INFO in ncclAllReduce (all_reduce.cc)] rank 0 AllReduce Time: 0.000107000 seconds

