x3104c0s13b1n0:10233:16131 [1] NCCL INFO GPU Direct RDMA Disabled for GPU 46000 / HCA 1 (distance 6 > 4)
x3104c0s13b1n0:10233:11657 [1] NCCL INFO New proxy recv connection 22 from local rank 1, transport 2
x3104c0s13b1n0:10238:16135 [2] NCCL INFO Connection to proxy localRank 2 -> connection 0x146db80011c0
x3104c0s13b1n0:10231:16136 [0] NCCL INFO Channel 02/1 : 0[7000] -> 4[7000] [receive] via NET/IB/1/Shared
x3104c0s13b1n0:10231:16136 [0] NCCL INFO GPU Direct RDMA Disabled for GPU 7000 / HCA 1 (distance 7 > 4)
x3104c0s13b1n0:10231:11656 [0] NCCL INFO New proxy recv connection 22 from local rank 0, transport 2
x3104c0s13b1n0:10241:16134 [3] NCCL INFO Channel 02/1 : 3[c7000] -> 7[c7000] [receive] via NET/IB/0/Shared
x3104c0s13b1n0:10241:16134 [3] NCCL INFO GPU Direct RDMA Disabled for GPU c7000 / HCA 0 (distance 6 > 4)
x3104c0s13b1n0:10241:11664 [3] NCCL INFO New proxy recv connection 14 from local rank 3, transport 2
x3104c0s13b1n0:10233:16131 [1] NCCL INFO Connection to proxy localRank 1 -> connection 0x14f154001200
x3104c0s13b1n0:10238:16135 [2] NCCL INFO Channel 02/1 : 2[85000] -> 6[85000] [receive] via NET/IB/1/Shared
x3104c0s13b1n0:10238:16135 [2] NCCL INFO GPU Direct RDMA Disabled for GPU 85000 / HCA 1 (distance 7 > 4)
x3104c0s13b1n0:10238:11665 [2] NCCL INFO New proxy recv connection 22 from local rank 2, transport 2
x3104c0s13b1n0:10231:16136 [0] NCCL INFO Connection to proxy localRank 0 -> connection 0x14d878001200
x3104c0s13b1n0:10241:16134 [3] NCCL INFO Connection to proxy localRank 3 -> connection 0x145ad4001000
x3104c0s13b1n0:10233:16131 [1] NCCL INFO Channel 03/1 : 1[46000] -> 5[46000] [receive] via NET/IB/1/Shared
x3104c0s13b1n0:10238:16135 [2] NCCL INFO Connection to proxy localRank 2 -> connection 0x146db8001200
x3104c0s13b1n0:10231:16136 [0] NCCL INFO Channel 03/1 : 0[7000] -> 4[7000] [receive] via NET/IB/1/Shared
x3104c0s13b1n0:10241:16134 [3] NCCL INFO Channel 03/1 : 3[c7000] -> 7[c7000] [receive] via NET/IB/0/Shared
x3104c0s13b1n0:10238:16135 [2] NCCL INFO Channel 03/1 : 2[85000] -> 6[85000] [receive] via NET/IB/1/Shared
x3104c0s13b1n0:10231:11656 [0] NCCL INFO transport/net_ib.cc:683 Ib Alloc Size 21688 pointer 0x14d878151000
x3104c0s13b1n0:10231:11656 [0] NCCL INFO transport/net_ib.cc:696 Ib Alloc Size 552 pointer 0x14d878158000
x3104c0s13b1n0:10241:11664 [3] NCCL INFO transport/net_ib.cc:683 Ib Alloc Size 21688 pointer 0x145ad40a6000
x3104c0s13b1n0:10241:11664 [3] NCCL INFO transport/net_ib.cc:696 Ib Alloc Size 552 pointer 0x145ad40ad000
x3104c0s13b1n0:10238:11665 [2] NCCL INFO transport/net_ib.cc:683 Ib Alloc Size 21688 pointer 0x146db8026000
x3104c0s13b1n0:10238:11665 [2] NCCL INFO transport/net_ib.cc:696 Ib Alloc Size 552 pointer 0x146db802d000
x3104c0s13b1n0:10233:11657 [1] NCCL INFO transport/net_ib.cc:683 Ib Alloc Size 21688 pointer 0x14f1540d6000
x3104c0s13b1n0:10233:11657 [1] NCCL INFO transport/net_ib.cc:696 Ib Alloc Size 552 pointer 0x14f1540dd000
x3104c0s13b1n0:10231:11656 [0] NCCL INFO transport/net_ib.cc:771 Ib Alloc Size 552 pointer 0x14d878173000
x3104c0s13b1n0:10231:11656 [0] NCCL INFO transport/net.cc:382 Cuda Host Alloc Size 8388608 pointer 0x14d79e600000
x3104c0s13b1n0:10231:11656 [0] NCCL INFO transport/net.cc:698 Cuda Host Alloc Size 8192 pointer 0x14d886f01000
x3104c0s13b1n0:10233:11657 [1] NCCL INFO transport/net_ib.cc:771 Ib Alloc Size 552 pointer 0x14f1540fa000
x3104c0s13b1n0:10238:11665 [2] NCCL INFO transport/net_ib.cc:771 Ib Alloc Size 552 pointer 0x146db8054000
x3104c0s13b1n0:10233:11657 [1] NCCL INFO transport/net.cc:382 Cuda Host Alloc Size 8388608 pointer 0x14f0c0600000
x3104c0s13b1n0:10233:11657 [1] NCCL INFO transport/net.cc:698 Cuda Host Alloc Size 8192 pointer 0x14f158e00800
x3104c0s13b1n0:10238:11665 [2] NCCL INFO transport/net.cc:382 Cuda Host Alloc Size 8388608 pointer 0x146d24600000
x3104c0s13b1n0:10238:11665 [2] NCCL INFO transport/net.cc:698 Cuda Host Alloc Size 8192 pointer 0x146dbce00800
x3104c0s13b1n0:10238:11665 [2] NCCL INFO Mem Realloc old size 0, new size 768 pointer 0x146db8049500
x3104c0s13b1n0:10241:11664 [3] NCCL INFO transport/net_ib.cc:771 Ib Alloc Size 552 pointer 0x145ad40ca000
x3104c0s13b1n0:10241:11664 [3] NCCL INFO transport/net.cc:382 Cuda Host Alloc Size 8388608 pointer 0x145a68600000
x3104c0s13b1n0:10241:11664 [3] NCCL INFO transport/net.cc:698 Cuda Host Alloc Size 8192 pointer 0x145b1f400800
x3104c0s13b1n0:10238:11665 [2] NCCL INFO transport/net_ib.cc:683 Ib Alloc Size 21688 pointer 0x146db8056000
x3104c0s13b1n0:10238:11665 [2] NCCL INFO transport/net_ib.cc:696 Ib Alloc Size 552 pointer 0x146db805d000
x3104c0s13b1n0:10231:11656 [0] NCCL INFO transport/net_ib.cc:683 Ib Alloc Size 21688 pointer 0x14d878175000
x3104c0s13b1n0:10231:11656 [0] NCCL INFO transport/net_ib.cc:696 Ib Alloc Size 552 pointer 0x14d87817c000
x3104c0s13b1n0:10241:11664 [3] NCCL INFO transport/net_ib.cc:683 Ib Alloc Size 21688 pointer 0x145ad40cc000
x3104c0s13b1n0:10241:11664 [3] NCCL INFO transport/net_ib.cc:696 Ib Alloc Size 552 pointer 0x145ad40d3000
x3104c0s13b1n0:10233:11657 [1] NCCL INFO transport/net_ib.cc:683 Ib Alloc Size 21688 pointer 0x14f1540fc000
x3104c0s13b1n0:10233:11657 [1] NCCL INFO transport/net_ib.cc:696 Ib Alloc Size 552 pointer 0x14f154103000
x3104c0s13b1n0:10238:11665 [2] NCCL INFO transport/net_ib.cc:771 Ib Alloc Size 552 pointer 0x146db8078000
x3104c0s13b1n0:10238:11665 [2] NCCL INFO transport/net.cc:698 Cuda Host Alloc Size 8192 pointer 0x146dbce02800
x3104c0s13b1n0:10231:11656 [0] NCCL INFO transport/net_ib.cc:771 Ib Alloc Size 552 pointer 0x14d878197000
x3104c0s13b1n0:10231:11656 [0] NCCL INFO transport/net.cc:698 Cuda Host Alloc Size 8192 pointer 0x14d886f03000
x3104c0s13b1n0:10241:11664 [3] NCCL INFO transport/net_ib.cc:771 Ib Alloc Size 552 pointer 0x145ad40ee000
x3104c0s13b1n0:10241:11664 [3] NCCL INFO transport/net.cc:698 Cuda Host Alloc Size 8192 pointer 0x145b1f402800
x3104c0s13b1n0:10233:11657 [1] NCCL INFO transport/net_ib.cc:771 Ib Alloc Size 552 pointer 0x14f15411e000
x3104c0s13b1n0:10233:11657 [1] NCCL INFO transport/net.cc:698 Cuda Host Alloc Size 8192 pointer 0x14f158e02800
[LYD INFO in ncclLaunchKernel (enqueue.cc)] NCHANNELS is: 4[LYD INFO in ncclLaunchKernel (enqueue.cc)] NCHANNELS is: 4[LYD INFO in ncclLaunchKernel (enqueue.cc)] NCHANNELS is: 4[LYD INFO in ncclLaunchKernel (enqueue.cc)] NCHANNELS is: 4
x3104c0s13b1n0:10241:11736 [3] misc/socket.cc:518 NCCL WARN Net : Call to recv from 10.201.2.88<57126> failed : Connection reset by peer
x3104c0s13b1n0:10241:11736 [3] NCCL INFO misc/socket.cc:535 -> 6
x3104c0s13b1n0:10241:11736 [3] NCCL INFO transport/net_ib.cc:832 -> 6
x3104c0s13b1n0:10241:11736 [3] NCCL INFO transport/net_ib.cc:1143 -> 6
x3104c0s13b1n0:10241:11736 [3] NCCL INFO include/net.h:33 -> 6
x3104c0s13b1n0:10241:11736 [3] NCCL INFO transport/net.cc:1012 -> 6
x3104c0s13b1n0:10241:11736 [3] NCCL INFO proxy.cc:520 -> 6
x3104c0s13b1n0:10241:11736 [3] NCCL INFO proxy.cc:684 -> 6 [Proxy Thread]

x3104c0s13b1n0:10231:11854 [0] misc/socket.cc:518 NCCL WARN Net : Call to recv from 10.201.2.88<43836> failed : Connection reset by peer
x3104c0s13b1n0:10231:11854 [0] NCCL INFO misc/socket.cc:535 -> 6
x3104c0s13b1n0:10231:11854 [0] NCCL INFO transport/net_ib.cc:832 -> 6
x3104c0s13b1n0:10231:11854 [0] NCCL INFO transport/net_ib.cc:1143 -> 6
x3104c0s13b1n0:10231:11854 [0] NCCL INFO include/net.h:33 -> 6
x3104c0s13b1n0:10231:11854 [0] NCCL INFO transport/net.cc:1012 -> 6
x3104c0s13b1n0:10231:11854 [0] NCCL INFO proxy.cc:520 -> 6
x3104c0s13b1n0:10231:11854 [0] NCCL INFO proxy.cc:684 -> 6 [Proxy Thread]

x3104c0s13b1n0:10233:11717 [1] misc/socket.cc:518 NCCL WARN Net : Call to recv from 10.201.2.88<43426> failed : Connection reset by peer
x3104c0s13b1n0:10233:11717 [1] NCCL INFO misc/socket.cc:535 -> 6
x3104c0s13b1n0:10233:11717 [1] NCCL INFO transport/net_ib.cc:832 -> 6
x3104c0s13b1n0:10233:11717 [1] NCCL INFO transport/net_ib.cc:1143 -> 6
x3104c0s13b1n0:10233:11717 [1] NCCL INFO include/net.h:33 -> 6
x3104c0s13b1n0:10233:11717 [1] NCCL INFO transport/net.cc:1012 -> 6
x3104c0s13b1n0:10233:11717 [1] NCCL INFO proxy.cc:520 -> 6
x3104c0s13b1n0:10233:11717 [1] NCCL INFO proxy.cc:684 -> 6 [Proxy Thread]

x3104c0s13b1n0:10238:11904 [2] misc/socket.cc:518 NCCL WARN Net : Call to recv from 10.201.2.88<39118> failed : Connection reset by peer
x3104c0s13b1n0:10238:11904 [2] NCCL INFO misc/socket.cc:535 -> 6
x3104c0s13b1n0:10238:11904 [2] NCCL INFO transport/net_ib.cc:832 -> 6
x3104c0s13b1n0:10238:11904 [2] NCCL INFO transport/net_ib.cc:1143 -> 6
x3104c0s13b1n0:10238:11904 [2] NCCL INFO include/net.h:33 -> 6
x3104c0s13b1n0:10238:11904 [2] NCCL INFO transport/net.cc:1012 -> 6
x3104c0s13b1n0:10238:11904 [2] NCCL INFO proxy.cc:520 -> 6
x3104c0s13b1n0:10238:11904 [2] NCCL INFO proxy.cc:684 -> 6 [Proxy Thread]

x3104c0s13b1n0:10238:10921 [2] misc/strongstream.cc:270 NCCL WARN Cuda failure 'an illegal memory access was encountered'
x3104c0s13b1n0:10238:10921 [2] NCCL INFO init.cc:1313 -> 1

x3104c0s13b1n0:10238:10921 [2] init.cc:1452 NCCL WARN commReclaim: comm 0x558856de48c0 (rank = 6) in abort, error 1

x3104c0s13b1n0:10238:10921 [2] bootstrap.cc:439 NCCL WARN Unexpected connections are not empty
x3104c0s13b1n0:10238:10921 [2] NCCL INFO init.cc:198 -> 3
x3104c0s13b1n0:10238:10921 [2] NCCL INFO init.cc:1340 -> 3

x3104c0s13b1n0:10238:10921 [2] init.cc:1456 NCCL WARN commReclaim: cleanup comm 0x558856de48c0 rank 6 failed in destroy/abort, error 3
x3104c0s13b1n0:10238:10921 [2] NCCL INFO comm 0x558856de48c0 rank 6 nranks 20 cudaDev 2 busId 85000 - Abort COMPLETE

x3104c0s13b1n0:10238:11665 [2] transport/net.cc:409 NCCL WARN Cuda failure 'an illegal memory access was encountered'
x3104c0s13b1n0:10238:11665 [2] NCCL INFO transport/net.cc:744 -> 1
x3104c0s13b1n0:10238:11665 [2] NCCL INFO proxy.cc:802 -> 1
x3104c0s13b1n0:10238:11665 [2] NCCL INFO proxy.cc:818 -> 1

x3104c0s13b1n0:10241:10924 [3] misc/strongstream.cc:270 NCCL WARN Cuda failure 'an illegal memory access was encountered'
x3104c0s13b1n0:10241:10924 [3] NCCL INFO init.cc:1313 -> 1

x3104c0s13b1n0:10241:10924 [3] init.cc:1452 NCCL WARN commReclaim: comm 0x55d600dd6530 (rank = 7) in abort, error 1

x3104c0s13b1n0:10241:10924 [3] bootstrap.cc:439 NCCL WARN Unexpected connections are not empty
x3104c0s13b1n0:10241:10924 [3] NCCL INFO init.cc:198 -> 3
x3104c0s13b1n0:10241:10924 [3] NCCL INFO init.cc:1340 -> 3

x3104c0s13b1n0:10241:10924 [3] init.cc:1456 NCCL WARN commReclaim: cleanup comm 0x55d600dd6530 rank 7 failed in destroy/abort, error 3
x3104c0s13b1n0:10241:10924 [3] NCCL INFO comm 0x55d600dd6530 rank 7 nranks 20 cudaDev 3 busId c7000 - Abort COMPLETE

x3104c0s13b1n0:10231:10915 [0] misc/strongstream.cc:270 NCCL WARN Cuda failure 'an illegal memory access was encountered'
x3104c0s13b1n0:10231:10915 [0] NCCL INFO init.cc:1313 -> 1

x3104c0s13b1n0:10231:10915 [0] init.cc:1452 NCCL WARN commReclaim: comm 0x5588e2c18670 (rank = 4) in abort, error 1

x3104c0s13b1n0:10231:10915 [0] bootstrap.cc:439 NCCL WARN Unexpected connections are not empty
x3104c0s13b1n0:10231:10915 [0] NCCL INFO init.cc:198 -> 3
x3104c0s13b1n0:10231:10915 [0] NCCL INFO init.cc:1340 -> 3

x3104c0s13b1n0:10231:10915 [0] init.cc:1456 NCCL WARN commReclaim: cleanup comm 0x5588e2c18670 rank 4 failed in destroy/abort, error 3
x3104c0s13b1n0:10231:10915 [0] NCCL INFO comm 0x5588e2c18670 rank 4 nranks 20 cudaDev 0 busId 7000 - Abort COMPLETE

x3104c0s13b1n0:10233:10918 [1] misc/strongstream.cc:270 NCCL WARN Cuda failure 'an illegal memory access was encountered'
x3104c0s13b1n0:10233:10918 [1] NCCL INFO init.cc:1313 -> 1

x3104c0s13b1n0:10233:10918 [1] init.cc:1452 NCCL WARN commReclaim: comm 0x55742bb2fc80 (rank = 5) in abort, error 1

x3104c0s13b1n0:10233:10918 [1] bootstrap.cc:439 NCCL WARN Unexpected connections are not empty
x3104c0s13b1n0:10233:10918 [1] NCCL INFO init.cc:198 -> 3
x3104c0s13b1n0:10233:10918 [1] NCCL INFO init.cc:1340 -> 3

x3104c0s13b1n0:10233:10918 [1] init.cc:1456 NCCL WARN commReclaim: cleanup comm 0x55742bb2fc80 rank 5 failed in destroy/abort, error 3
x3104c0s13b1n0:10233:10918 [1] NCCL INFO comm 0x55742bb2fc80 rank 5 nranks 20 cudaDev 1 busId 46000 - Abort COMPLETE

x3104c0s13b1n0:10241:11664 [3] include/alloc.h:38 NCCL WARN Cuda failure 'an illegal memory access was encountered'
x3104c0s13b1n0:10241:11664 [3] NCCL INFO transport/net.cc:754 -> 1
x3104c0s13b1n0:10241:11664 [3] NCCL INFO proxy.cc:802 -> 1
x3104c0s13b1n0:10241:11664 [3] NCCL INFO proxy.cc:818 -> 1

x3104c0s13b1n0:10233:11657 [1] include/alloc.h:38 NCCL WARN Cuda failure 'an illegal memory access was encountered'
x3104c0s13b1n0:10233:11657 [1] NCCL INFO transport/net.cc:788 -> 1
x3104c0s13b1n0:10233:11657 [1] NCCL INFO proxy.cc:806 -> 1
x3104c0s13b1n0:10233:11657 [1] NCCL INFO proxy.cc:818 -> 1

x3104c0s13b1n0:10231:11656 [0] include/alloc.h:38 NCCL WARN Cuda failure 'an illegal memory access was encountered'
x3104c0s13b1n0:10231:11656 [0] NCCL INFO transport/net.cc:788 -> 1
x3104c0s13b1n0:10231:11656 [0] NCCL INFO proxy.cc:806 -> 1
x3104c0s13b1n0:10231:11656 [0] NCCL INFO proxy.cc:818 -> 1
