x3004c0s31b1n0:49361:50752 [3] NCCL INFO transport/net.cc:571 Cuda Host Alloc Size 9641984 pointer 0x1471d3000000
x3004c0s31b1n0:49361:50752 [3] NCCL INFO Mem Realloc old size 0, new size 768 pointer 0x14718402f5c0
x3004c0s31b1n0:49351:50768 [1] NCCL INFO transport/net_ib.cc:683 Ib Alloc Size 21688 pointer 0x1532a004d000
x3004c0s31b1n0:49351:50768 [1] NCCL INFO transport/net_ib.cc:696 Ib Alloc Size 552 pointer 0x1532a0054000
x3004c0s31b1n0:49357:50592 [2] NCCL INFO Connection to proxy localRank 2 -> connection 0x14b954000e00
x3004c0s31b1n0:49357:50771 [2] NCCL INFO transport/p2p.cc:449 Cuda Alloc Size 6291456 pointer 0x14b94d800000
x3004c0s31b1n0:49357:50771 [2] NCCL INFO New proxy recv connection 7 from local rank 2, transport 0
x3004c0s31b1n0:49361:50752 [3] NCCL INFO transport/net_ib.cc:596 Ib Alloc Size 26560 pointer 0x147184042000
x3004c0s31b1n0:49361:50752 [3] NCCL INFO NET/IB: Dev 0 Port 1 qpn 10827 mtu 5 GID 0 (80FE/FD0100FEFF000000)
x3004c0s31b1n0:49361:50752 [3] NCCL INFO transport/net_ib.cc:653 Ib Alloc Size 552 pointer 0x147184064000
x3004c0s31b1n0:49361:50752 [3] NCCL INFO transport/net.cc:571 Cuda Host Alloc Size 9641984 pointer 0x1471d3a00000
x3004c0s31b1n0:49361:50752 [3] NCCL INFO Mem Realloc old size 0, new size 768 pointer 0x147184051c50
x3004c0s31b1n0:49351:50768 [1] NCCL INFO transport/net_ib.cc:771 Ib Alloc Size 552 pointer 0x1532a0079000
x3004c0s31b1n0:49351:50768 [1] NCCL INFO transport/net.cc:698 Cuda Host Alloc Size 9641984 pointer 0x1532e8a00000
x3004c0s31b1n0:49351:50768 [1] NCCL INFO Mem Realloc old size 0, new size 768 pointer 0x1532a006e4f0
x3004c0s31b1n0:49357:50592 [2] NCCL INFO Connection to proxy localRank 2 -> connection 0x14b954000e40
x3004c0s31b1n0:49357:50771 [2] NCCL INFO transport/p2p.cc:449 Cuda Alloc Size 6291456 pointer 0x14b94a000000
x3004c0s31b1n0:49361:50752 [3] NCCL INFO transport/net_ib.cc:596 Ib Alloc Size 26560 pointer 0x147184066000
x3004c0s31b1n0:49361:50752 [3] NCCL INFO NET/IB: Dev 1 Port 1 qpn 10670 mtu 5 GID 0 (80FE/BC0100FEFF000000)
x3004c0s31b1n0:49361:50752 [3] NCCL INFO transport/net_ib.cc:653 Ib Alloc Size 552 pointer 0x14718407d000
x3004c0s31b1n0:49361:50752 [3] NCCL INFO transport/net.cc:571 Cuda Host Alloc Size 9641984 pointer 0x1471d4400000
x3004c0s31b1n0:49357:50592 [2] NCCL INFO Connected all rings
x3004c0s31b1n0:49357:50771 [2] NCCL INFO New proxy recv connection 8 from local rank 2, transport 0
x3004c0s31b1n0:49357:50592 [2] NCCL INFO Connection to proxy localRank 2 -> connection 0x14b954000e80
x3004c0s31b1n0:49348:50766 [0] NCCL INFO New proxy recv connection 4 from local rank 0, transport 0
x3004c0s31b1n0:49351:50768 [1] NCCL INFO transport/net_ib.cc:683 Ib Alloc Size 21688 pointer 0x1532a007b000
x3004c0s31b1n0:49351:50768 [1] NCCL INFO transport/net_ib.cc:696 Ib Alloc Size 552 pointer 0x1532a0082000
x3004c0s31b1n0:49357:50771 [2] NCCL INFO transport/p2p.cc:449 Cuda Alloc Size 6291456 pointer 0x14b948000000
x3004c0s31b1n0:49361:50752 [3] NCCL INFO transport/net_ib.cc:596 Ib Alloc Size 26560 pointer 0x14718407f000
x3004c0s31b1n0:49348:50596 [0] NCCL INFO Connection to proxy localRank 0 -> connection 0x1483e4000d80
x3004c0s31b1n0:49348:50766 [0] NCCL INFO transport/p2p.cc:449 Cuda Alloc Size 6291456 pointer 0x1483dcc00000
x3004c0s31b1n0:49351:50768 [1] NCCL INFO transport/net_ib.cc:771 Ib Alloc Size 552 pointer 0x1532a009d000
x3004c0s31b1n0:49351:50768 [1] NCCL INFO transport/net.cc:698 Cuda Host Alloc Size 9641984 pointer 0x1532e9400000
x3004c0s31b1n0:49361:50752 [3] NCCL INFO NET/IB: Dev 0 Port 1 qpn 10830 mtu 5 GID 0 (80FE/FD0100FEFF000000)
x3004c0s31b1n0:49361:50752 [3] NCCL INFO transport/net_ib.cc:653 Ib Alloc Size 552 pointer 0x147184096000
x3004c0s31b1n0:49361:50752 [3] NCCL INFO transport/net.cc:571 Cuda Host Alloc Size 9641984 pointer 0x1471d4e00000
x3004c0s31b1n0:49361:50593 [3] NCCL INFO Connected all rings
x3004c0s31b1n0:49361:50593 [3] NCCL INFO Channel 00/0 : 7[c7000] -> 6[85000] via P2P/IPC/read
x3004c0s31b1n0:49351:50768 [1] NCCL INFO transport/net_ib.cc:683 Ib Alloc Size 21688 pointer 0x1532a009f000
x3004c0s31b1n0:49351:50768 [1] NCCL INFO transport/net_ib.cc:696 Ib Alloc Size 552 pointer 0x1532a00a6000
x3004c0s31b1n0:49357:50771 [2] NCCL INFO New proxy recv connection 9 from local rank 2, transport 0
x3004c0s31b1n0:49348:50766 [0] NCCL INFO New proxy recv connection 5 from local rank 0, transport 0
x3004c0s31b1n0:49361:50752 [3] NCCL INFO New proxy send connection 8 from local rank 3, transport 0
x3004c0s31b1n0:49357:50592 [2] NCCL INFO Connection to proxy localRank 2 -> connection 0x14b954000ec0
x3004c0s31b1n0:49351:50768 [1] NCCL INFO transport/net_ib.cc:771 Ib Alloc Size 552 pointer 0x1532a00c1000
x3004c0s31b1n0:49351:50768 [1] NCCL INFO transport/net.cc:698 Cuda Host Alloc Size 9641984 pointer 0x1532e9e00000
x3004c0s31b1n0:49357:50771 [2] NCCL INFO transport/p2p.cc:449 Cuda Alloc Size 6291456 pointer 0x14b948600000
x3004c0s31b1n0:49348:50596 [0] NCCL INFO Connection to proxy localRank 0 -> connection 0x1483e4000dc0
x3004c0s31b1n0:49348:50766 [0] NCCL INFO transport/p2p.cc:449 Cuda Alloc Size 6291456 pointer 0x1483dd200000
x3004c0s31b1n0:49361:50593 [3] NCCL INFO Connection to proxy localRank 3 -> connection 0x147184000e80
x3004c0s31b1n0:49361:50752 [3] NCCL INFO transport/p2p.cc:430 Cuda Alloc Size 6291456 pointer 0x1471d5800000
x3004c0s31b1n0:49348:50766 [0] NCCL INFO New proxy recv connection 6 from local rank 0, transport 0
x3004c0s31b1n0:49351:50597 [1] NCCL INFO Channel 00/0 : 5[46000] -> 4[7000] via P2P/IPC/read
x3004c0s31b1n0:49351:50768 [1] NCCL INFO New proxy send connection 4 from local rank 1, transport 0
x3004c0s31b1n0:49357:50771 [2] NCCL INFO New proxy recv connection 10 from local rank 2, transport 0
x3004c0s31b1n0:49351:50597 [1] NCCL INFO Connection to proxy localRank 1 -> connection 0x1532a0000d80
x3004c0s31b1n0:49351:50768 [1] NCCL INFO transport/p2p.cc:430 Cuda Alloc Size 6291456 pointer 0x1532ea800000
x3004c0s31b1n0:49361:50593 [3] NCCL INFO Channel 01/0 : 7[c7000] -> 6[85000] via P2P/IPC/read
x3004c0s31b1n0:49361:50752 [3] NCCL INFO New proxy send connection 9 from local rank 3, transport 0
x3004c0s31b1n0:49348:50596 [0] NCCL INFO Connection to proxy localRank 0 -> connection 0x1483e4000e00
x3004c0s31b1n0:49348:50766 [0] NCCL INFO transport/p2p.cc:449 Cuda Alloc Size 6291456 pointer 0x1483dd800000
x3004c0s31b1n0:49357:50592 [2] NCCL INFO Connection to proxy localRank 2 -> connection 0x14b954000f00
x3004c0s31b1n0:49357:50771 [2] NCCL INFO transport/p2p.cc:449 Cuda Alloc Size 6291456 pointer 0x14b948c00000
x3004c0s31b1n0:49357:50771 [2] NCCL INFO New proxy recv connection 11 from local rank 2, transport 0
x3004c0s31b1n0:49357:50592 [2] NCCL INFO Connection to proxy localRank 2 -> connection 0x14b954000f40
x3004c0s31b1n0:49361:50593 [3] NCCL INFO Connection to proxy localRank 3 -> connection 0x147184000ec0
x3004c0s31b1n0:49361:50752 [3] NCCL INFO transport/p2p.cc:430 Cuda Alloc Size 6291456 pointer 0x1471d5e00000
x3004c0s31b1n0:49351:50597 [1] NCCL INFO Channel 01/0 : 5[46000] -> 4[7000] via P2P/IPC/read
x3004c0s31b1n0:49351:50768 [1] NCCL INFO New proxy send connection 5 from local rank 1, transport 0
x3004c0s31b1n0:49357:50771 [2] NCCL INFO transport/p2p.cc:449 Cuda Alloc Size 6291456 pointer 0x14b949200000
x3004c0s31b1n0:49348:50766 [0] NCCL INFO New proxy recv connection 7 from local rank 0, transport 0
x3004c0s31b1n0:49361:50593 [3] NCCL INFO Channel 02/0 : 7[c7000] -> 6[85000] via P2P/IPC/read
x3004c0s31b1n0:49361:50752 [3] NCCL INFO New proxy send connection 10 from local rank 3, transport 0
x3004c0s31b1n0:49351:50597 [1] NCCL INFO Connection to proxy localRank 1 -> connection 0x1532a0000dc0
x3004c0s31b1n0:49351:50768 [1] NCCL INFO transport/p2p.cc:430 Cuda Alloc Size 6291456 pointer 0x1532eae00000
x3004c0s31b1n0:49348:50596 [0] NCCL INFO Connection to proxy localRank 0 -> connection 0x1483e4000e40
x3004c0s31b1n0:49348:50766 [0] NCCL INFO transport/p2p.cc:449 Cuda Alloc Size 6291456 pointer 0x1483da000000
x3004c0s31b1n0:49361:50593 [3] NCCL INFO Connection to proxy localRank 3 -> connection 0x147184000f00
x3004c0s31b1n0:49361:50752 [3] NCCL INFO transport/p2p.cc:430 Cuda Alloc Size 6291456 pointer 0x1471d6400000
x3004c0s31b1n0:49351:50597 [1] NCCL INFO Channel 02/0 : 5[46000] -> 4[7000] via P2P/IPC/read
x3004c0s31b1n0:49351:50768 [1] NCCL INFO New proxy send connection 6 from local rank 1, transport 0
x3004c0s31b1n0:49361:50593 [3] NCCL INFO Channel 03/0 : 7[c7000] -> 6[85000] via P2P/IPC/read
x3004c0s31b1n0:49361:50752 [3] NCCL INFO New proxy send connection 11 from local rank 3, transport 0
x3004c0s31b1n0:49351:50597 [1] NCCL INFO Connection to proxy localRank 1 -> connection 0x1532a0000e00
x3004c0s31b1n0:49351:50768 [1] NCCL INFO transport/p2p.cc:430 Cuda Alloc Size 6291456 pointer 0x1532eb400000
x3004c0s31b1n0:49361:50593 [3] NCCL INFO Connection to proxy localRank 3 -> connection 0x147184000f40
x3004c0s31b1n0:49361:50752 [3] NCCL INFO transport/p2p.cc:430 Cuda Alloc Size 6291456 pointer 0x1471d6a00000
x3004c0s31b1n0:49351:50597 [1] NCCL INFO Channel 03/0 : 5[46000] -> 4[7000] via P2P/IPC/read
x3004c0s31b1n0:49351:50768 [1] NCCL INFO New proxy send connection 7 from local rank 1, transport 0
x3004c0s31b1n0:49351:50597 [1] NCCL INFO Connection to proxy localRank 1 -> connection 0x1532a0000e40
x3004c0s31b1n0:49351:50768 [1] NCCL INFO transport/p2p.cc:430 Cuda Alloc Size 6291456 pointer 0x1532eba00000
x3004c0s31b1n0:49351:50597 [1] NCCL INFO Connected all rings
x3004c0s31b1n0:49351:50768 [1] NCCL INFO New proxy recv connection 8 from local rank 1, transport 0
x3004c0s31b1n0:49348:50596 [0] NCCL INFO Connected all rings
x3004c0s31b1n0:49348:50596 [0] NCCL INFO Channel 00/0 : 4[7000] -> 5[46000] via P2P/IPC/read
x3004c0s31b1n0:49348:50766 [0] NCCL INFO New proxy send connection 8 from local rank 0, transport 0
x3004c0s31b1n0:49351:50597 [1] NCCL INFO Connection to proxy localRank 1 -> connection 0x1532a0000e80
x3004c0s31b1n0:49351:50768 [1] NCCL INFO transport/p2p.cc:449 Cuda Alloc Size 6291456 pointer 0x1532ed800000
x3004c0s31b1n0:49348:50596 [0] NCCL INFO Connection to proxy localRank 0 -> connection 0x1483e4000e80
x3004c0s31b1n0:49348:50766 [0] NCCL INFO transport/p2p.cc:430 Cuda Alloc Size 6291456 pointer 0x1483d8000000
x3004c0s31b1n0:49351:50768 [1] NCCL INFO New proxy recv connection 9 from local rank 1, transport 0
x3004c0s31b1n0:49348:50596 [0] NCCL INFO Channel 01/0 : 4[7000] -> 5[46000] via P2P/IPC/read
x3004c0s31b1n0:49348:50766 [0] NCCL INFO New proxy send connection 9 from local rank 0, transport 0
x3004c0s31b1n0:49351:50597 [1] NCCL INFO Connection to proxy localRank 1 -> connection 0x1532a0000ec0
x3004c0s31b1n0:49351:50768 [1] NCCL INFO transport/p2p.cc:449 Cuda Alloc Size 6291456 pointer 0x1532ede00000
x3004c0s31b1n0:49348:50596 [0] NCCL INFO Connection to proxy localRank 0 -> connection 0x1483e4000ec0
x3004c0s31b1n0:49348:50766 [0] NCCL INFO transport/p2p.cc:430 Cuda Alloc Size 6291456 pointer 0x1483d8600000
x3004c0s31b1n0:49348:50596 [0] NCCL INFO Channel 02/0 : 4[7000] -> 5[46000] via P2P/IPC/read
x3004c0s31b1n0:49348:50766 [0] NCCL INFO New proxy send connection 10 from local rank 0, transport 0
x3004c0s31b1n0:49351:50768 [1] NCCL INFO New proxy recv connection 10 from local rank 1, transport 0
x3004c0s31b1n0:49351:50597 [1] NCCL INFO Connection to proxy localRank 1 -> connection 0x1532a0000f00
x3004c0s31b1n0:49351:50768 [1] NCCL INFO transport/p2p.cc:449 Cuda Alloc Size 6291456 pointer 0x1532ee400000
x3004c0s31b1n0:49351:50768 [1] NCCL INFO New proxy recv connection 11 from local rank 1, transport 0
x3004c0s31b1n0:49348:50596 [0] NCCL INFO Connection to proxy localRank 0 -> connection 0x1483e4000f00
x3004c0s31b1n0:49348:50766 [0] NCCL INFO transport/p2p.cc:430 Cuda Alloc Size 6291456 pointer 0x1483d8c00000
x3004c0s31b1n0:49351:50597 [1] NCCL INFO Connection to proxy localRank 1 -> connection 0x1532a0000f40
x3004c0s31b1n0:49351:50768 [1] NCCL INFO transport/p2p.cc:449 Cuda Alloc Size 6291456 pointer 0x1532eea00000
x3004c0s31b1n0:49351:50597 [1] NCCL INFO Channel 00/0 : 5[46000] -> 6[85000] via P2P/IPC/read
x3004c0s31b1n0:49351:50768 [1] NCCL INFO New proxy send connection 12 from local rank 1, transport 0
x3004c0s31b1n0:49348:50596 [0] NCCL INFO Channel 03/0 : 4[7000] -> 5[46000] via P2P/IPC/read
x3004c0s31b1n0:49348:50766 [0] NCCL INFO New proxy send connection 11 from local rank 0, transport 0
x3004c0s31b1n0:49351:50597 [1] NCCL INFO Connection to proxy localRank 1 -> connection 0x1532a0000f80
x3004c0s31b1n0:49351:50768 [1] NCCL INFO transport/p2p.cc:430 Cuda Alloc Size 6291456 pointer 0x1532ef000000
x3004c0s31b1n0:49348:50596 [0] NCCL INFO Connection to proxy localRank 0 -> connection 0x1483e4000f40
x3004c0s31b1n0:49348:50766 [0] NCCL INFO transport/p2p.cc:430 Cuda Alloc Size 6291456 pointer 0x1483d9200000
x3004c0s31b1n0:49351:50597 [1] NCCL INFO Channel 01/0 : 5[46000] -> 6[85000] via P2P/IPC/read
x3004c0s31b1n0:49351:50768 [1] NCCL INFO New proxy send connection 13 from local rank 1, transport 0
x3004c0s31b1n0:49351:50597 [1] NCCL INFO Connection to proxy localRank 1 -> connection 0x1532a0000fc0
x3004c0s31b1n0:49351:50768 [1] NCCL INFO transport/p2p.cc:430 Cuda Alloc Size 6291456 pointer 0x1532ef600000
x3004c0s31b1n0:49351:50597 [1] NCCL INFO Channel 02/0 : 5[46000] -> 6[85000] via P2P/IPC/read
x3004c0s31b1n0:49351:50768 [1] NCCL INFO New proxy send connection 14 from local rank 1, transport 0
x3004c0s31b1n0:49351:50597 [1] NCCL INFO Connection to proxy localRank 1 -> connection 0x1532a0001000
x3004c0s31b1n0:49351:50768 [1] NCCL INFO transport/p2p.cc:430 Cuda Alloc Size 6291456 pointer 0x1532efc00000
x3004c0s31b1n0:49351:50597 [1] NCCL INFO Channel 03/0 : 5[46000] -> 6[85000] via P2P/IPC/read
x3004c0s31b1n0:49351:50768 [1] NCCL INFO New proxy send connection 15 from local rank 1, transport 0
x3004c0s31b1n0:49351:50597 [1] NCCL INFO Connection to proxy localRank 1 -> connection 0x1532a0001040
x3004c0s31b1n0:49351:50768 [1] NCCL INFO transport/p2p.cc:430 Cuda Alloc Size 6291456 pointer 0x1532f0200000
x3004c0s31b1n0:49348:50596 [0] NCCL INFO GPU Direct RDMA Disabled for GPU 7000 / HCA 1 (distance 7 > 4)
x3004c0s31b1n0:49348:50766 [0] NCCL INFO Allocated 4194656 bytes of shared memory in /dev/shm/nccl-UaqiKG

x3004c0s31b1n0:49348:50766 [0] NCCL INFO New proxy recv connection 12 from local rank 0, transport 2
x3004c0s31b1n0:49357:50771 [2] NCCL INFO New proxy recv connection 12 from local rank 2, transport 0
x3004c0s31b1n0:49357:50592 [2] NCCL INFO Connection to proxy localRank 2 -> connection 0x14b954000f80
x3004c0s31b1n0:49351:50768 [1] NCCL INFO New proxy recv connection 16 from local rank 1, transport 0
x3004c0s31b1n0:49357:50771 [2] NCCL INFO transport/p2p.cc:449 Cuda Alloc Size 6291456 pointer 0x14b947200000
x3004c0s31b1n0:49348:50596 [0] NCCL INFO Connection to proxy localRank 0 -> connection 0x1483e4000f80
x3004c0s31b1n0:49348:50596 [0] NCCL INFO Channel 02/0 : 0[7000] -> 4[7000] [receive] via NET/IB/1
x3004c0s31b1n0:49348:50596 [0] NCCL INFO GPU Direct RDMA Disabled for GPU 7000 / HCA 0 (distance 7 > 4)
x3004c0s31b1n0:49348:50766 [0] NCCL INFO New proxy recv connection 13 from local rank 0, transport 2
x3004c0s31b1n0:49357:50771 [2] NCCL INFO New proxy recv connection 13 from local rank 2, transport 0
x3004c0s31b1n0:49351:50597 [1] NCCL INFO Connection to proxy localRank 1 -> connection 0x1532a0001080
x3004c0s31b1n0:49351:50768 [1] NCCL INFO transport/p2p.cc:449 Cuda Alloc Size 6291456 pointer 0x1532f3800000
x3004c0s31b1n0:49351:50768 [1] NCCL INFO New proxy recv connection 17 from local rank 1, transport 0
x3004c0s31b1n0:49357:50592 [2] NCCL INFO Connection to proxy localRank 2 -> connection 0x14b954000fc0
x3004c0s31b1n0:49357:50771 [2] NCCL INFO transport/p2p.cc:449 Cuda Alloc Size 6291456 pointer 0x14b947800000
x3004c0s31b1n0:49348:50596 [0] NCCL INFO Connection to proxy localRank 0 -> connection 0x1483e4000fc0
x3004c0s31b1n0:49351:50597 [1] NCCL INFO Connection to proxy localRank 1 -> connection 0x1532a00010c0
x3004c0s31b1n0:49351:50768 [1] NCCL INFO transport/p2p.cc:449 Cuda Alloc Size 6291456 pointer 0x1532f3e00000
x3004c0s31b1n0:49357:50771 [2] NCCL INFO New proxy recv connection 14 from local rank 2, transport 0
x3004c0s31b1n0:49357:50592 [2] NCCL INFO Connection to proxy localRank 2 -> connection 0x14b954001000
x3004c0s31b1n0:49348:50596 [0] NCCL INFO Channel 03/0 : 0[7000] -> 4[7000] [receive] via NET/IB/0
x3004c0s31b1n0:49351:50768 [1] NCCL INFO New proxy recv connection 18 from local rank 1, transport 0
x3004c0s31b1n0:49357:50771 [2] NCCL INFO transport/p2p.cc:449 Cuda Alloc Size 6291456 pointer 0x14b944000000
x3004c0s31b1n0:49351:50597 [1] NCCL INFO Connection to proxy localRank 1 -> connection 0x1532a0001100
x3004c0s31b1n0:49351:50768 [1] NCCL INFO transport/p2p.cc:449 Cuda Alloc Size 6291456 pointer 0x1532f4400000
x3004c0s31b1n0:49357:50771 [2] NCCL INFO New proxy recv connection 15 from local rank 2, transport 0
x3004c0s31b1n0:49351:50768 [1] NCCL INFO New proxy recv connection 19 from local rank 1, transport 0
x3004c0s31b1n0:49357:50592 [2] NCCL INFO Connection to proxy localRank 2 -> connection 0x14b954001040
x3004c0s31b1n0:49357:50771 [2] NCCL INFO transport/p2p.cc:449 Cuda Alloc Size 6291456 pointer 0x14b944600000
x3004c0s31b1n0:49351:50597 [1] NCCL INFO Connection to proxy localRank 1 -> connection 0x1532a0001140
x3004c0s31b1n0:49351:50768 [1] NCCL INFO transport/p2p.cc:449 Cuda Alloc Size 6291456 pointer 0x1532f4a00000
x3004c0s31b1n0:49357:50592 [2] NCCL INFO Channel 00/0 : 6[85000] -> 5[46000] via P2P/IPC/read
x3004c0s31b1n0:49357:50771 [2] NCCL INFO New proxy send connection 16 from local rank 2, transport 0
x3004c0s31b1n0:49357:50592 [2] NCCL INFO Connection to proxy localRank 2 -> connection 0x14b954001080
x3004c0s31b1n0:49357:50771 [2] NCCL INFO transport/p2p.cc:430 Cuda Alloc Size 6291456 pointer 0x14b944c00000
x3004c0s31b1n0:49357:50592 [2] NCCL INFO Channel 01/0 : 6[85000] -> 5[46000] via P2P/IPC/read
x3004c0s31b1n0:49357:50771 [2] NCCL INFO New proxy send connection 17 from local rank 2, transport 0
x3004c0s31b1n0:49348:50766 [0] NCCL INFO transport/net_ib.cc:683 Ib Alloc Size 21688 pointer 0x1483e401c000
x3004c0s31b1n0:49357:50592 [2] NCCL INFO Connection to proxy localRank 2 -> connection 0x14b9540010c0
x3004c0s31b1n0:49357:50771 [2] NCCL INFO transport/p2p.cc:430 Cuda Alloc Size 6291456 pointer 0x14b945200000
x3004c0s31b1n0:49357:50592 [2] NCCL INFO Channel 02/0 : 6[85000] -> 5[46000] via P2P/IPC/read
x3004c0s31b1n0:49357:50771 [2] NCCL INFO New proxy send connection 18 from local rank 2, transport 0
x3004c0s31b1n0:49357:50592 [2] NCCL INFO Connection to proxy localRank 2 -> connection 0x14b954001100
x3004c0s31b1n0:49357:50771 [2] NCCL INFO transport/p2p.cc:430 Cuda Alloc Size 6291456 pointer 0x14b945800000
x3004c0s31b1n0:49357:50592 [2] NCCL INFO Channel 03/0 : 6[85000] -> 5[46000] via P2P/IPC/read
x3004c0s31b1n0:49357:50771 [2] NCCL INFO New proxy send connection 19 from local rank 2, transport 0
x3004c0s31b1n0:49357:50592 [2] NCCL INFO Connection to proxy localRank 2 -> connection 0x14b954001140
x3004c0s31b1n0:49357:50771 [2] NCCL INFO transport/p2p.cc:430 Cuda Alloc Size 6291456 pointer 0x14b942000000
x3004c0s31b1n0:49357:50592 [2] NCCL INFO Connected all trees by HAO
x3004c0s31b1n0:49357:50592 [2] NCCL INFO threadThresholds 8/8/64 | 160/8/64 | 512 | 512
x3004c0s31b1n0:49357:50592 [2] NCCL INFO 4 coll channels, 4 p2p channels, 2 p2p channels per peer
x3004c0s31b1n0:49357:50771 [2] NCCL INFO Allocated 4194656 bytes of shared memory in /dev/shm/nccl-gaGNqk

x3004c0s31b1n0:49357:50771 [2] NCCL INFO New proxy send connection 20 from local rank 2, transport 2
x3004c0s31b1n0:49361:50593 [3] NCCL INFO Connected all trees by HAO
x3004c0s31b1n0:49361:50593 [3] NCCL INFO threadThresholds 8/8/64 | 160/8/64 | 512 | 512
x3004c0s31b1n0:49361:50593 [3] NCCL INFO 4 coll channels, 4 p2p channels, 2 p2p channels per peer
x3004c0s31b1n0:49361:50752 [3] NCCL INFO New proxy send connection 12 from local rank 3, transport 2
x3004c0s31b1n0:49351:50597 [1] NCCL INFO Connected all trees by HAO
x3004c0s31b1n0:49351:50597 [1] NCCL INFO threadThresholds 8/8/64 | 160/8/64 | 512 | 512
x3004c0s31b1n0:49351:50597 [1] NCCL INFO 4 coll channels, 4 p2p channels, 2 p2p channels per peer
x3004c0s31b1n0:49351:50768 [1] NCCL INFO New proxy send connection 20 from local rank 1, transport 2
x3004c0s31b1n0:49348:50766 [0] NCCL INFO transport/net_ib.cc:696 Ib Alloc Size 552 pointer 0x1483e4023000
x3004c0s31b1n0:49361:50593 [3] NCCL INFO Connection to proxy localRank 3 -> connection 0x147184000f80
x3004c0s31b1n0:49361:50752 [3] NCCL INFO transport/net.cc:376 Cuda Alloc Size 8388608 pointer 0x1471d8800000
x3004c0s31b1n0:49357:50592 [2] NCCL INFO Connection to proxy localRank 2 -> connection 0x14b954001180
x3004c0s31b1n0:49357:50771 [2] NCCL INFO transport/net.cc:376 Cuda Alloc Size 8388608 pointer 0x14b941800000
x3004c0s31b1n0:49348:50766 [0] NCCL INFO transport/net_ib.cc:771 Ib Alloc Size 552 pointer 0x1483e404a000
x3004c0s31b1n0:49348:50766 [0] NCCL INFO transport/net.cc:698 Cuda Host Alloc Size 9641984 pointer 0x1483d7200000
x3004c0s31b1n0:49348:50766 [0] NCCL INFO Mem Realloc old size 0, new size 768 pointer 0x1483e401bbd0
x3004c0s31b1n0:49351:50597 [1] NCCL INFO Connection to proxy localRank 1 -> connection 0x1532a0001180
x3004c0s31b1n0:49351:50768 [1] NCCL INFO transport/net.cc:376 Cuda Alloc Size 8388608 pointer 0x1532f6800000
x3004c0s31b1n0:49348:50766 [0] NCCL INFO transport/net_ib.cc:683 Ib Alloc Size 21688 pointer 0x1483e404c000
x3004c0s31b1n0:49348:50766 [0] NCCL INFO transport/net_ib.cc:696 Ib Alloc Size 552 pointer 0x1483e4053000
x3004c0s31b1n0:49348:50766 [0] NCCL INFO transport/net_ib.cc:771 Ib Alloc Size 552 pointer 0x1483e4078000
x3004c0s31b1n0:49348:50766 [0] NCCL INFO transport/net.cc:698 Cuda Host Alloc Size 9641984 pointer 0x1483ce000000
x3004c0s31b1n0:49348:50766 [0] NCCL INFO Mem Realloc old size 0, new size 768 pointer 0x1483e406d460
x3004c0s31b1n0:49348:50596 [0] NCCL INFO GPU Direct RDMA Disabled for GPU 7000 / HCA 1 (distance 7 > 4)
x3004c0s31b1n0:49348:50766 [0] NCCL INFO New proxy send connection 14 from local rank 0, transport 2
x3004c0s31b1n0:49348:50596 [0] NCCL INFO Connection to proxy localRank 0 -> connection 0x1483e4001000
x3004c0s31b1n0:49348:50596 [0] NCCL INFO Channel 00/0 : 4[7000] -> 9[46000] [send] via NET/IB/1
x3004c0s31b1n0:49348:50596 [0] NCCL INFO GPU Direct RDMA Disabled for GPU 7000 / HCA 0 (distance 7 > 4)
x3004c0s31b1n0:49348:50766 [0] NCCL INFO New proxy send connection 15 from local rank 0, transport 2
x3004c0s31b1n0:49348:50596 [0] NCCL INFO Connection to proxy localRank 0 -> connection 0x1483e4001040
x3004c0s31b1n0:49348:50596 [0] NCCL INFO Channel 01/0 : 4[7000] -> 9[46000] [send] via NET/IB/0
x3004c0s31b1n0:49348:50766 [0] NCCL INFO transport/net_ib.cc:596 Ib Alloc Size 26560 pointer 0x1483e4082000
x3004c0s31b1n0:49348:50766 [0] NCCL INFO NET/IB: Dev 1 Port 1 qpn 10675 mtu 5 GID 0 (80FE/BC0100FEFF000000)
x3004c0s31b1n0:49348:50766 [0] NCCL INFO transport/net_ib.cc:653 Ib Alloc Size 552 pointer 0x1483e4099000
x3004c0s31b1n0:49348:50766 [0] NCCL INFO transport/net.cc:571 Cuda Host Alloc Size 9641984 pointer 0x1483cea00000
x3004c0s31b1n0:49348:50766 [0] NCCL INFO transport/net_ib.cc:596 Ib Alloc Size 26560 pointer 0x1483e409b000
x3004c0s31b1n0:49348:50766 [0] NCCL INFO NET/IB: Dev 0 Port 1 qpn 10835 mtu 5 GID 0 (80FE/FD0100FEFF000000)
x3004c0s31b1n0:49348:50766 [0] NCCL INFO transport/net_ib.cc:653 Ib Alloc Size 552 pointer 0x1483e40b2000
x3004c0s31b1n0:49348:50766 [0] NCCL INFO transport/net.cc:571 Cuda Host Alloc Size 9641984 pointer 0x1483cf400000
x3004c0s31b1n0:49348:50596 [0] NCCL INFO GPU Direct RDMA Disabled for GPU 7000 / HCA 1 (distance 7 > 4)
x3004c0s31b1n0:49348:50766 [0] NCCL INFO New proxy recv connection 16 from local rank 0, transport 2
x3004c0s31b1n0:49348:50596 [0] NCCL INFO Connection to proxy localRank 0 -> connection 0x1483e4001080
x3004c0s31b1n0:49348:50596 [0] NCCL INFO Channel 00/0 : 9[46000] -> 4[7000] [receive] via NET/IB/1
x3004c0s31b1n0:49348:50596 [0] NCCL INFO GPU Direct RDMA Disabled for GPU 7000 / HCA 0 (distance 7 > 4)
x3004c0s31b1n0:49348:50766 [0] NCCL INFO New proxy recv connection 17 from local rank 0, transport 2
x3004c0s31b1n0:49348:50596 [0] NCCL INFO Connection to proxy localRank 0 -> connection 0x1483e40010c0
x3004c0s31b1n0:49348:50596 [0] NCCL INFO Channel 01/0 : 9[46000] -> 4[7000] [receive] via NET/IB/0
x3004c0s31b1n0:49348:50766 [0] NCCL INFO transport/net_ib.cc:683 Ib Alloc Size 21688 pointer 0x1483e40be000
x3004c0s31b1n0:49348:50766 [0] NCCL INFO transport/net_ib.cc:696 Ib Alloc Size 552 pointer 0x1483e40c5000
x3004c0s31b1n0:49348:50766 [0] NCCL INFO transport/net_ib.cc:771 Ib Alloc Size 552 pointer 0x1483e40e1000
x3004c0s31b1n0:49348:50766 [0] NCCL INFO transport/net.cc:698 Cuda Host Alloc Size 9641984 pointer 0x1483cc000000
x3004c0s31b1n0:49348:50766 [0] NCCL INFO transport/net_ib.cc:683 Ib Alloc Size 21688 pointer 0x1483e40e3000
x3004c0s31b1n0:49348:50766 [0] NCCL INFO transport/net_ib.cc:696 Ib Alloc Size 552 pointer 0x1483e40ea000
x3004c0s31b1n0:49348:50766 [0] NCCL INFO transport/net_ib.cc:771 Ib Alloc Size 552 pointer 0x1483e4105000
x3004c0s31b1n0:49348:50766 [0] NCCL INFO transport/net.cc:698 Cuda Host Alloc Size 9641984 pointer 0x1483cca00000
x3004c0s31b1n0:49348:50596 [0] NCCL INFO GPU Direct RDMA Disabled for GPU 7000 / HCA 1 (distance 7 > 4)
x3004c0s31b1n0:49348:50766 [0] NCCL INFO New proxy send connection 18 from local rank 0, transport 2
x3004c0s31b1n0:49348:50596 [0] NCCL INFO Connection to proxy localRank 0 -> connection 0x1483e4001100
x3004c0s31b1n0:49348:50596 [0] NCCL INFO Channel 02/0 : 4[7000] -> 0[7000] [send] via NET/IB/1
x3004c0s31b1n0:49348:50596 [0] NCCL INFO GPU Direct RDMA Disabled for GPU 7000 / HCA 0 (distance 7 > 4)
x3004c0s31b1n0:49348:50766 [0] NCCL INFO New proxy send connection 19 from local rank 0, transport 2
x3004c0s31b1n0:49348:50596 [0] NCCL INFO Connection to proxy localRank 0 -> connection 0x1483e4001140
x3004c0s31b1n0:49348:50596 [0] NCCL INFO Channel 03/0 : 4[7000] -> 0[7000] [send] via NET/IB/0
x3004c0s31b1n0:49348:50766 [0] NCCL INFO transport/net_ib.cc:596 Ib Alloc Size 26560 pointer 0x1483e4111000
x3004c0s31b1n0:49348:50766 [0] NCCL INFO NET/IB: Dev 1 Port 1 qpn 10678 mtu 5 GID 0 (80FE/BC0100FEFF000000)
x3004c0s31b1n0:49348:50766 [0] NCCL INFO transport/net_ib.cc:653 Ib Alloc Size 552 pointer 0x1483e4128000
x3004c0s31b1n0:49348:50766 [0] NCCL INFO transport/net.cc:571 Cuda Host Alloc Size 9641984 pointer 0x1483cd400000
x3004c0s31b1n0:49348:50766 [0] NCCL INFO transport/net_ib.cc:596 Ib Alloc Size 26560 pointer 0x1483e412a000
x3004c0s31b1n0:49348:50766 [0] NCCL INFO NET/IB: Dev 0 Port 1 qpn 10838 mtu 5 GID 0 (80FE/FD0100FEFF000000)
x3004c0s31b1n0:49348:50766 [0] NCCL INFO transport/net_ib.cc:653 Ib Alloc Size 552 pointer 0x1483e4141000
x3004c0s31b1n0:49348:50766 [0] NCCL INFO transport/net.cc:571 Cuda Host Alloc Size 9641984 pointer 0x1483ca000000
x3004c0s31b1n0:49348:50596 [0] NCCL INFO Connected all trees by HAO
x3004c0s31b1n0:49348:50596 [0] NCCL INFO threadThresholds 8/8/64 | 160/8/64 | 512 | 512
x3004c0s31b1n0:49348:50596 [0] NCCL INFO 4 coll channels, 4 p2p channels, 2 p2p channels per peer
x3004c0s31b1n0:49348:50766 [0] NCCL INFO New proxy send connection 20 from local rank 0, transport 2
x3004c0s31b1n0:49348:50596 [0] NCCL INFO Connection to proxy localRank 0 -> connection 0x1483e4001180
x3004c0s31b1n0:49348:50596 [0] NCCL INFO init.cc:367 Cuda Alloc Size 5168 pointer 0x1483e9808800
x3004c0s31b1n0:49351:50597 [1] NCCL INFO init.cc:367 Cuda Alloc Size 5168 pointer 0x1532e7e08800
x3004c0s31b1n0:49361:50593 [3] NCCL INFO init.cc:367 Cuda Alloc Size 5168 pointer 0x1471cfe08800
x3004c0s31b1n0:49357:50592 [2] NCCL INFO init.cc:367 Cuda Alloc Size 5168 pointer 0x14b959808800
x3004c0s31b1n0:49361:50593 [3] NCCL INFO init.cc:392 Cuda Host Alloc Size 33554432 pointer 0x1471d9000000
x3004c0s31b1n0:49361:50593 [3] NCCL INFO init.cc:398 Cuda Host Alloc Size 128 pointer 0x1471cf400200
x3004c0s31b1n0:49361:50593 [3] NCCL INFO comm 0x5604431eb850 rank 7 nranks 20 cudaDev 3 busId c7000 - Init COMPLETE
x3004c0s31b1n0:49357:50592 [2] NCCL INFO init.cc:392 Cuda Host Alloc Size 33554432 pointer 0x14b93e000000
x3004c0s31b1n0:49357:50592 [2] NCCL INFO init.cc:398 Cuda Host Alloc Size 128 pointer 0x14b958e00200
x3004c0s31b1n0:49357:50592 [2] NCCL INFO comm 0x55c2234b3460 rank 6 nranks 20 cudaDev 2 busId 85000 - Init COMPLETE
x3004c0s31b1n0:49348:50596 [0] NCCL INFO init.cc:392 Cuda Host Alloc Size 33554432 pointer 0x1483c8000000
x3004c0s31b1n0:49348:50596 [0] NCCL INFO init.cc:398 Cuda Host Alloc Size 128 pointer 0x1483e8e00200
x3004c0s31b1n0:49348:50596 [0] NCCL INFO comm 0x559f61d02bf0 rank 4 nranks 20 cudaDev 0 busId 7000 - Init COMPLETE
x3004c0s31b1n0:49348:50766 [0] NCCL INFO transport/net.cc:376 Cuda Alloc Size 8388608 pointer 0x1483caa00000
x3004c0s31b1n0:49351:50597 [1] NCCL INFO init.cc:392 Cuda Host Alloc Size 33554432 pointer 0x1532f7000000
x3004c0s31b1n0:49351:50597 [1] NCCL INFO init.cc:398 Cuda Host Alloc Size 128 pointer 0x1532e7400200
x3004c0s31b1n0:49351:50597 [1] NCCL INFO comm 0x55ccd53ae4b0 rank 5 nranks 20 cudaDev 1 busId 46000 - Init COMPLETE
x3004c0s31b1n0:49361:49361 [3] NCCL INFO AllReduce: opCount 0 sendbuff 0x1471cba00200 recvbuff 0x1471cba00200 count 1 datatype 1 op 0 root 0 comm 0x5604431eb850 [nranks=20] stream 0x560446d8eff0
x3004c0s31b1n0:49361:49361 [3] NCCL INFO misc/utils.cc:235 memory stack hunk malloc(65536)
[LYD INFO in ncclLaunchKernel (enqueue.cc)] NCHANNELS is: 4x3004c0s31b1n0:49357:49357 [2] NCCL INFO AllReduce: opCount 0 sendbuff 0x14b99b600200 recvbuff 0x14b99b600200 count 1 datatype 1 op 0 root 0 comm 0x55c2234b3460 [nranks=20] stream 0x55c227b3e4d0
x3004c0s31b1n0:49357:49357 [2] NCCL INFO misc/utils.cc:235 memory stack hunk malloc(65536)
[LYD INFO in ncclLaunchKernel (enqueue.cc)] NCHANNELS is: 4x3004c0s31b1n0:49351:49351 [1] NCCL INFO AllReduce: opCount 0 sendbuff 0x1532e3a00200 recvbuff 0x1532e3a00200 count 1 datatype 1 op 0 root 0 comm 0x55ccd53ae4b0 [nranks=20] stream 0x55ccf1c0aa60
x3004c0s31b1n0:49351:49351 [1] NCCL INFO misc/utils.cc:235 memory stack hunk malloc(65536)
[LYD INFO in ncclLaunchKernel (enqueue.cc)] NCHANNELS is: 4x3004c0s31b1n0:49348:49348 [0] NCCL INFO AllReduce: opCount 0 sendbuff 0x148427600200 recvbuff 0x148427600200 count 1 datatype 1 op 0 root 0 comm 0x559f61d02bf0 [nranks=20] stream 0x559f7f930120
x3004c0s31b1n0:49348:49348 [0] NCCL INFO misc/utils.cc:235 memory stack hunk malloc(65536)
[LYD INFO in ncclLaunchKernel (enqueue.cc)] NCHANNELS is: 4
[LYD INFO in NCCL_KERN_NAME (common.h)] 4 AllReduce TREE LL Sum uint8_t Elapsed time: 1245800 us

[LYD INFO in NCCL_KERN_NAME (common.h)] 5 AllReduce TREE LL Sum uint8_t Elapsed time: 1258206 us

[LYD INFO in NCCL_KERN_NAME (common.h)] 7 AllReduce TREE LL Sum uint8_t Elapsed time: 1290419 us

[LYD INFO in NCCL_KERN_NAME (common.h)] 6 AllReduce TREE LL Sum uint8_t Elapsed time: 1291611 us
x3004c0s31b1n0:49361:49361 [3] NCCL INFO AllReduce: opCount 1 sendbuff 0x1471cba00000 recvbuff 0x1471cba00000 count 1 datatype 1 op 0 root 0 comm 0x5604431eb850 [nranks=20] stream 0x560446d8eff0
[LYD INFO in ncclLaunchKernel (enqueue.cc)] NCHANNELS is: 4x3004c0s31b1n0:49357:49357 [2] NCCL INFO AllReduce: opCount 1 sendbuff 0x14b99b600000 recvbuff 0x14b99b600000 count 1 datatype 1 op 0 root 0 comm 0x55c2234b3460 [nranks=20] stream 0x55c227b3e4d0
[LYD INFO in ncclLaunchKernel (enqueue.cc)] NCHANNELS is: 4x3004c0s31b1n0:49351:49351 [1] NCCL INFO AllReduce: opCount 1 sendbuff 0x1532e3a00000 recvbuff 0x1532e3a00000 count 1 datatype 1 op 0 root 0 comm 0x55ccd53ae4b0 [nranks=20] stream 0x55ccf1c0aa60
[LYD INFO in ncclLaunchKernel (enqueue.cc)] NCHANNELS is: 4x3004c0s31b1n0:49348:49348 [0] NCCL INFO AllReduce: opCount 1 sendbuff 0x148427600000 recvbuff 0x148427600000 count 1 datatype 1 op 0 root 0 comm 0x559f61d02bf0 [nranks=20] stream 0x559f7f930120
[LYD INFO in ncclLaunchKernel (enqueue.cc)] NCHANNELS is: 4
[LYD INFO in NCCL_KERN_NAME (common.h)] 4 AllReduce TREE LL Sum uint8_t Elapsed time: 52502 us

[LYD INFO in NCCL_KERN_NAME (common.h)] 7 AllReduce TREE LL Sum uint8_t Elapsed time: 4303538 us

[LYD INFO in NCCL_KERN_NAME (common.h)] 6 AllReduce TREE LL Sum uint8_t Elapsed time: 1101462 us

[LYD INFO in NCCL_KERN_NAME (common.h)] 5 AllReduce TREE LL Sum uint8_t Elapsed time: 68599 us
x3004c0s31b1n0:49361:49361 [3] NCCL INFO AllReduce: opCount 2 sendbuff 0x1471cba00000 recvbuff 0x1471cba00000 count 1 datatype 8 op 3 root 0 comm 0x5604431eb850 [nranks=20] stream 0x560446d8eff0
[LYD INFO in ncclLaunchKernel (enqueue.cc)] NCHANNELS is: 4x3004c0s31b1n0:49351:49351 [1] NCCL INFO AllReduce: opCount 2 sendbuff 0x1532e3a00000 recvbuff 0x1532e3a00000 count 1 datatype 8 op 3 root 0 comm 0x55ccd53ae4b0 [nranks=20] stream 0x55ccf1c0aa60
[LYD INFO in ncclLaunchKernel (enqueue.cc)] NCHANNELS is: 4x3004c0s31b1n0:49357:49357 [2] NCCL INFO AllReduce: opCount 2 sendbuff 0x14b99b600000 recvbuff 0x14b99b600000 count 1 datatype 8 op 3 root 0 comm 0x55c2234b3460 [nranks=20] stream 0x55c227b3e4d0
[LYD INFO in ncclLaunchKernel (enqueue.cc)] NCHANNELS is: 4x3004c0s31b1n0:49348:49348 [0] NCCL INFO AllReduce: opCount 2 sendbuff 0x148427600000 recvbuff 0x148427600000 count 1 datatype 8 op 3 root 0 comm 0x559f61d02bf0 [nranks=20] stream 0x559f7f930120
[LYD INFO in ncclLaunchKernel (enqueue.cc)] NCHANNELS is: 4
[LYD INFO in NCCL_FUNC_NAME (common.h)] 6 AllReduce TREE LL Min double Elapsed time: 6 us

[LYD INFO in NCCL_KERN_NAME (common.h)] 6 AllReduce TREE LL Sum double Elapsed time: 40989 us
x3004c0s31b1n0:49357:49357 [2] NCCL INFO AllReduce: opCount 3 sendbuff 0x14b99b600200 recvbuff 0x14b99b600200 count 1 datatype 1 op 0 root 0 comm 0x55c2234b3460 [nranks=20] stream 0x55c227b3e4d0
[LYD INFO in ncclLaunchKernel (enqueue.cc)] NCHANNELS is: 4
[LYD INFO in NCCL_FUNC_NAME (common.h)] 4 AllReduce TREE LL Min double Elapsed time: 8 us

[LYD INFO in NCCL_KERN_NAME (common.h)] 4 AllReduce TREE LL Sum double Elapsed time: 33567 us
x3004c0s31b1n0:49348:49348 [0] NCCL INFO AllReduce: opCount 3 sendbuff 0x148427600200 recvbuff 0x148427600200 count 1 datatype 1 op 0 root 0 comm 0x559f61d02bf0 [nranks=20] stream 0x559f7f930120
[LYD INFO in ncclLaunchKernel (enqueue.cc)] NCHANNELS is: 4
[LYD INFO in NCCL_FUNC_NAME (common.h)] 7 AllReduce TREE LL Min double Elapsed time: 4 us

[LYD INFO in NCCL_KERN_NAME (common.h)] 7 AllReduce TREE LL Sum double Elapsed time: 56603 us

[LYD INFO in NCCL_FUNC_NAME (common.h)] 5 AllReduce TREE LL Min double Elapsed time: 9313 us

[LYD INFO in NCCL_KERN_NAME (common.h)] 5 AllReduce TREE LL Sum double Elapsed time: 49540 us
x3004c0s31b1n0:49351:49351 [1] NCCL INFO AllReduce: opCount 3 sendbuff 0x1532e3a00200 recvbuff 0x1532e3a00200 count 1 datatype 1 op 0 root 0 comm 0x55ccd53ae4b0 [nranks=20] stream 0x55ccf1c0aa60
[LYD INFO in ncclLaunchKernel (enqueue.cc)] NCHANNELS is: 4x3004c0s31b1n0:49361:49361 [3] NCCL INFO AllReduce: opCount 3 sendbuff 0x1471cba00200 recvbuff 0x1471cba00200 count 1 datatype 1 op 0 root 0 comm 0x5604431eb850 [nranks=20] stream 0x560446d8eff0
[LYD INFO in ncclLaunchKernel (enqueue.cc)] NCHANNELS is: 4
[LYD INFO in NCCL_KERN_NAME (common.h)] 7 AllReduce TREE LL Sum uint8_t Elapsed time: 178912 us

[LYD INFO in NCCL_KERN_NAME (common.h)] 4 AllReduce TREE LL Sum uint8_t Elapsed time: 217016 us
 > number of parameters on (tensor, pipeline) model parallel rank (0, 4): 39354880

[LYD INFO in NCCL_KERN_NAME (common.h)] 5 AllReduce TREE LL Sum uint8_t Elapsed time: 203562 us

[LYD INFO in NCCL_KERN_NAME (common.h)] 6 AllReduce TREE LL Sum uint8_t Elapsed time: 233517 us
 > number of parameters on (tensor, pipeline) model parallel rank (0, 6): 39354880
 > number of parameters on (tensor, pipeline) model parallel rank (0, 7): 39354880
x3004c0s31b1n0:49361:49361 [3] NCCL INFO AllReduce: opCount 4 sendbuff 0x1471cba00400 recvbuff 0x1471cba00400 count 1 datatype 1 op 0 root 0 comm 0x5604431eb850 [nranks=20] stream 0x560446d8eff0
[LYD INFO in ncclLaunchKernel (enqueue.cc)] NCHANNELS is: 4 > number of parameters on (tensor, pipeline) model parallel rank (0, 5): 39354880
x3004c0s31b1n0:49351:49351 [1] NCCL INFO AllReduce: opCount 4 sendbuff 0x1532e3a00400 recvbuff 0x1532e3a00400 count 1 datatype 1 op 0 root 0 comm 0x55ccd53ae4b0 [nranks=20] stream 0x55ccf1c0aa60
[LYD INFO in ncclLaunchKernel (enqueue.cc)] NCHANNELS is: 4x3004c0s31b1n0:49348:49348 [0] NCCL INFO AllReduce: opCount 4 sendbuff 0x148427600400 recvbuff 0x148427600400 count 1 datatype 1 op 0 root 0 comm 0x559f61d02bf0 [nranks=20] stream 0x559f7f930120
[LYD INFO in ncclLaunchKernel (enqueue.cc)] NCHANNELS is: 4x3004c0s31b1n0:49357:49357 [2] NCCL INFO AllReduce: opCount 4 sendbuff 0x14b99b600400 recvbuff 0x14b99b600400 count 1 datatype 1 op 0 root 0 comm 0x55c2234b3460 [nranks=20] stream 0x55c227b3e4d0
[LYD INFO in ncclLaunchKernel (enqueue.cc)] NCHANNELS is: 4
[LYD INFO in NCCL_KERN_NAME (common.h)] 5 AllReduce TREE LL Sum uint8_t Elapsed time: 1742769 us
x3004c0s31b1n0:49351:49351 [1] NCCL INFO AllReduce: opCount 5 sendbuff 0x1532e3a15200 recvbuff 0x1532e3a15200 count 1 datatype 1 op 0 root 0 comm 0x55ccd53ae4b0 [nranks=20] stream 0x55ccf1c0aa60
[LYD INFO in ncclLaunchKernel (enqueue.cc)] NCHANNELS is: 4
[LYD INFO in NCCL_KERN_NAME (common.h)] 4 AllReduce TREE LL Sum uint8_t Elapsed time: 1736005 us
x3004c0s31b1n0:49348:49348 [0] NCCL INFO AllReduce: opCount 5 sendbuff 0x148427615200 recvbuff 0x148427615200 count 1 datatype 1 op 0 root 0 comm 0x559f61d02bf0 [nranks=20] stream 0x559f7f930120
[LYD INFO in ncclLaunchKernel (enqueue.cc)] NCHANNELS is: 4
[LYD INFO in NCCL_KERN_NAME (common.h)] 7 AllReduce TREE LL Sum uint8_t Elapsed time: 1744918 us
x3004c0s31b1n0:49361:49361 [3] NCCL INFO AllReduce: opCount 5 sendbuff 0x1471cba15200 recvbuff 0x1471cba15200 count 1 datatype 1 op 0 root 0 comm 0x5604431eb850 [nranks=20] stream 0x560446d8eff0
[LYD INFO in ncclLaunchKernel (enqueue.cc)] NCHANNELS is: 4
[LYD INFO in NCCL_KERN_NAME (common.h)] 6 AllReduce TREE LL Sum uint8_t Elapsed time: 1707247 us
x3004c0s31b1n0:49357:49357 [2] NCCL INFO AllReduce: opCount 5 sendbuff 0x14b99b615200 recvbuff 0x14b99b615200 count 1 datatype 1 op 0 root 0 comm 0x55c2234b3460 [nranks=20] stream 0x55c227b3e4d0
[LYD INFO in ncclLaunchKernel (enqueue.cc)] NCHANNELS is: 4
[LYD INFO in NCCL_KERN_NAME (common.h)] 5 AllReduce TREE LL Sum uint8_t Elapsed time: 132988 us
x3004c0s31b1n0:49351:49351 [1] NCCL INFO AllReduce: opCount 6 sendbuff 0x1532e3a00400 recvbuff 0x1532e3a00400 count 1 datatype 1 op 0 root 0 comm 0x55ccd53ae4b0 [nranks=20] stream 0x55ccf1c0aa60
[LYD INFO in ncclLaunchKernel (enqueue.cc)] NCHANNELS is: 4
[LYD INFO in NCCL_KERN_NAME (common.h)] 7 AllReduce TREE LL Sum uint8_t Elapsed time: 114135 us
x3004c0s31b1n0:49361:49361 [3] NCCL INFO AllReduce: opCount 6 sendbuff 0x1471cba00400 recvbuff 0x1471cba00400 count 1 datatype 1 op 0 root 0 comm 0x5604431eb850 [nranks=20] stream 0x560446d8eff0
[LYD INFO in ncclLaunchKernel (enqueue.cc)] NCHANNELS is: 4
[LYD INFO in NCCL_KERN_NAME (common.h)] 4 AllReduce TREE LL Sum uint8_t Elapsed time: 127442 us

[LYD INFO in NCCL_KERN_NAME (common.h)] 6 AllReduce TREE LL Sum uint8_t Elapsed time: 99710 us
x3004c0s31b1n0:49348:49348 [0] NCCL INFO AllReduce: opCount 6 sendbuff 0x148427600400 recvbuff 0x148427600400 count 1 datatype 1 op 0 root 0 comm 0x559f61d02bf0 [nranks=20] stream 0x559f7f930120
[LYD INFO in ncclLaunchKernel (enqueue.cc)] NCHANNELS is: 4x3004c0s31b1n0:49357:49357 [2] NCCL INFO AllReduce: opCount 6 sendbuff 0x14b99b600400 recvbuff 0x14b99b600400 count 1 datatype 1 op 0 root 0 comm 0x55c2234b3460 [nranks=20] stream 0x55c227b3e4d0
[LYD INFO in ncclLaunchKernel (enqueue.cc)] NCHANNELS is: 4
[LYD INFO in NCCL_KERN_NAME (common.h)] 6 AllReduce TREE LL Sum uint8_t Elapsed time: 132513 us

[LYD INFO in NCCL_KERN_NAME (common.h)] 4 AllReduce TREE LL Sum uint8_t Elapsed time: 147855 us

[LYD INFO in NCCL_KERN_NAME (common.h)] 5 AllReduce TREE LL Sum uint8_t Elapsed time: 171368 us

[LYD INFO in NCCL_KERN_NAME (common.h)] 7 AllReduce TREE LL Sum uint8_t Elapsed time: 158175 us
NCCL version 2.14.3+cuda11.8
x3004c0s31b1n0:49357:49357 [2] NCCL INFO init.cc:1147 Cuda Host Alloc Size 4 pointer 0x14b958e00400
NCCL version 2.14.3+cuda11.8
x3004c0s31b1n0:49351:49351 [1] NCCL INFO init.cc:1147 Cuda Host Alloc Size 4 pointer 0x1532e7400400
NCCL version 2.14.3+cuda11.8
x3004c0s31b1n0:49348:49348 [0] NCCL INFO init.cc:1147 Cuda Host Alloc Size 4 pointer 0x1483e8e00400
NCCL version 2.14.3+cuda11.8
x3004c0s31b1n0:49361:49361 [3] NCCL INFO init.cc:1147 Cuda Host Alloc Size 4 pointer 0x1471cf400400
x3004c0s31b1n0:49351:53287 [1] NCCL INFO Using network IB
x3004c0s31b1n0:49357:53285 [2] NCCL INFO Using network IB
x3004c0s31b1n0:49348:53289 [0] NCCL INFO Using network IB
x3004c0s31b1n0:49361:53291 [3] NCCL INFO Using network IB
x3004c0s31b1n0:49348:53289 [0] NCCL INFO NET/IB : GPU Direct RDMA Enabled for HCA 0 'mlx5_0'
x3004c0s31b1n0:49348:53289 [0] NCCL INFO NET/IB : GPU Direct RDMA Enabled for HCA 1 'mlx5_1'
x3004c0s31b1n0:49348:53289 [0] NCCL INFO GPU Direct RDMA Disabled for GPU 7000 / HCA 0 (distance 7 > 4)
x3004c0s31b1n0:49348:53289 [0] NCCL INFO GPU Direct RDMA Disabled for GPU 7000 / HCA 1 (distance 7 > 4)
x3004c0s31b1n0:49348:53289 [0] NCCL INFO === System : maxBw 5000.0 totalBw 0.0 ===
x3004c0s31b1n0:49348:53289 [0] NCCL INFO CPU/3 (1/2/-1)
x3004c0s31b1n0:49348:53289 [0] NCCL INFO + SYS[5000.0] - CPU/0
x3004c0s31b1n0:49348:53289 [0] NCCL INFO + SYS[5000.0] - CPU/2
x3004c0s31b1n0:49348:53289 [0] NCCL INFO + PCI[24.0] - PCI/5000 (11f8406811f8beef)
x3004c0s31b1n0:49348:53289 [0] NCCL INFO               + PCI[24.0] - GPU/7000 (0)
x3004c0s31b1n0:49348:53289 [0] NCCL INFO CPU/0 (1/2/-1)
x3004c0s31b1n0:49348:53289 [0] NCCL INFO + SYS[5000.0] - CPU/3
x3004c0s31b1n0:49348:53289 [0] NCCL INFO + SYS[5000.0] - CPU/2
x3004c0s31b1n0:49348:53289 [0] NCCL INFO + PCI[12.0] - NIC/C8000
x3004c0s31b1n0:49348:53289 [0] NCCL INFO CPU/2 (1/2/-1)
x3004c0s31b1n0:49348:53289 [0] NCCL INFO + SYS[5000.0] - CPU/3
x3004c0s31b1n0:49348:53289 [0] NCCL INFO + SYS[5000.0] - CPU/0
x3004c0s31b1n0:49348:53289 [0] NCCL INFO + PCI[12.0] - NIC/43000
x3004c0s31b1n0:49348:53289 [0] NCCL INFO ==========================================
x3004c0s31b1n0:49348:53289 [0] NCCL INFO GPU/7000 :GPU/7000 (0/5000.000000/LOC) CPU/3 (2/24.000000/PHB) CPU/0 (3/24.000000/SYS) CPU/2 (3/24.000000/SYS) 
x3004c0s31b1n0:49348:53289 [0] NCCL INFO Pattern 4, crossNic 0, nChannels 16, bw 44.000000/44.000000, type LOC/PIX, sameChannels 1
x3004c0s31b1n0:49348:53289 [0] NCCL INFO  0 : GPU/0
x3004c0s31b1n0:49348:53289 [0] NCCL INFO  1 : GPU/0
x3004c0s31b1n0:49348:53289 [0] NCCL INFO  2 : GPU/0
x3004c0s31b1n0:49348:53289 [0] NCCL INFO  3 : GPU/0
x3004c0s31b1n0:49348:53289 [0] NCCL INFO  4 : GPU/0
x3004c0s31b1n0:49348:53289 [0] NCCL INFO  5 : GPU/0
x3004c0s31b1n0:49348:53289 [0] NCCL INFO  6 : GPU/0
x3004c0s31b1n0:49348:53289 [0] NCCL INFO  7 : GPU/0
x3004c0s31b1n0:49348:53289 [0] NCCL INFO  8 : GPU/0
x3004c0s31b1n0:49348:53289 [0] NCCL INFO  9 : GPU/0
x3004c0s31b1n0:49348:53289 [0] NCCL INFO 10 : GPU/0
x3004c0s31b1n0:49348:53289 [0] NCCL INFO 11 : GPU/0
x3004c0s31b1n0:49348:53289 [0] NCCL INFO 12 : GPU/0
x3004c0s31b1n0:49348:53289 [0] NCCL INFO 13 : GPU/0
x3004c0s31b1n0:49348:53289 [0] NCCL INFO 14 : GPU/0
x3004c0s31b1n0:49348:53289 [0] NCCL INFO 15 : GPU/0
x3004c0s31b1n0:49348:53289 [0] NCCL INFO Pattern 3, crossNic 0, nChannels 16, bw 44.000000/44.000000, type LOC/PIX, sameChannels 1
x3004c0s31b1n0:49348:53289 [0] NCCL INFO  0 : GPU/0
x3004c0s31b1n0:49348:53289 [0] NCCL INFO  1 : GPU/0
x3004c0s31b1n0:49348:53289 [0] NCCL INFO  2 : GPU/0
x3004c0s31b1n0:49348:53289 [0] NCCL INFO  3 : GPU/0
x3004c0s31b1n0:49348:53289 [0] NCCL INFO  4 : GPU/0
x3004c0s31b1n0:49348:53289 [0] NCCL INFO  5 : GPU/0
x3004c0s31b1n0:49348:53289 [0] NCCL INFO  6 : GPU/0
x3004c0s31b1n0:49348:53289 [0] NCCL INFO  7 : GPU/0
x3004c0s31b1n0:49348:53289 [0] NCCL INFO  8 : GPU/0
x3004c0s31b1n0:49348:53289 [0] NCCL INFO  9 : GPU/0
x3004c0s31b1n0:49348:53289 [0] NCCL INFO 10 : GPU/0
x3004c0s31b1n0:49348:53289 [0] NCCL INFO 11 : GPU/0
x3004c0s31b1n0:49348:53289 [0] NCCL INFO 12 : GPU/0
x3004c0s31b1n0:49348:53289 [0] NCCL INFO 13 : GPU/0
x3004c0s31b1n0:49348:53289 [0] NCCL INFO 14 : GPU/0
x3004c0s31b1n0:49348:53289 [0] NCCL INFO 15 : GPU/0
x3004c0s31b1n0:49348:53289 [0] NCCL INFO Pattern 3, crossNic 0, nChannels 16, bw 44.000000/44.000000, type LOC/PIX, sameChannels 1
x3004c0s31b1n0:49348:53289 [0] NCCL INFO  0 : GPU/0
x3004c0s31b1n0:49348:53289 [0] NCCL INFO  1 : GPU/0
x3004c0s31b1n0:49348:53289 [0] NCCL INFO  2 : GPU/0
x3004c0s31b1n0:49348:53289 [0] NCCL INFO  3 : GPU/0
x3004c0s31b1n0:49348:53289 [0] NCCL INFO  4 : GPU/0
x3004c0s31b1n0:49348:53289 [0] NCCL INFO  5 : GPU/0
x3004c0s31b1n0:49348:53289 [0] NCCL INFO  6 : GPU/0
x3004c0s31b1n0:49348:53289 [0] NCCL INFO  7 : GPU/0
x3004c0s31b1n0:49348:53289 [0] NCCL INFO  8 : GPU/0
x3004c0s31b1n0:49348:53289 [0] NCCL INFO  9 : GPU/0
x3004c0s31b1n0:49348:53289 [0] NCCL INFO 10 : GPU/0
x3004c0s31b1n0:49348:53289 [0] NCCL INFO 11 : GPU/0
x3004c0s31b1n0:49348:53289 [0] NCCL INFO 12 : GPU/0
x3004c0s31b1n0:49348:53289 [0] NCCL INFO 13 : GPU/0
x3004c0s31b1n0:49348:53289 [0] NCCL INFO 14 : GPU/0
x3004c0s31b1n0:49348:53289 [0] NCCL INFO 15 : GPU/0
x3004c0s31b1n0:49348:53289 [0] NCCL INFO Tree 0 : -1 -> 0 -> -1/-1/-1
x3004c0s31b1n0:49348:53289 [0] NCCL INFO Tree 16 : -1 -> 0 -> -1/-1/-1
x3004c0s31b1n0:49348:53289 [0] NCCL INFO Tree 1 : -1 -> 0 -> -1/-1/-1
x3004c0s31b1n0:49348:53289 [0] NCCL INFO Tree 17 : -1 -> 0 -> -1/-1/-1
x3004c0s31b1n0:49348:53289 [0] NCCL INFO Tree 2 : -1 -> 0 -> -1/-1/-1
x3004c0s31b1n0:49348:53289 [0] NCCL INFO Tree 18 : -1 -> 0 -> -1/-1/-1
x3004c0s31b1n0:49348:53289 [0] NCCL INFO Tree 3 : -1 -> 0 -> -1/-1/-1
x3004c0s31b1n0:49348:53289 [0] NCCL INFO Tree 19 : -1 -> 0 -> -1/-1/-1
x3004c0s31b1n0:49348:53289 [0] NCCL INFO Tree 4 : -1 -> 0 -> -1/-1/-1
x3004c0s31b1n0:49348:53289 [0] NCCL INFO Tree 20 : -1 -> 0 -> -1/-1/-1
x3004c0s31b1n0:49348:53289 [0] NCCL INFO Tree 5 : -1 -> 0 -> -1/-1/-1
x3004c0s31b1n0:49348:53289 [0] NCCL INFO Tree 21 : -1 -> 0 -> -1/-1/-1
x3004c0s31b1n0:49348:53289 [0] NCCL INFO Tree 6 : -1 -> 0 -> -1/-1/-1
x3004c0s31b1n0:49348:53289 [0] NCCL INFO Tree 22 : -1 -> 0 -> -1/-1/-1
x3004c0s31b1n0:49348:53289 [0] NCCL INFO Tree 7 : -1 -> 0 -> -1/-1/-1
x3004c0s31b1n0:49348:53289 [0] NCCL INFO Tree 23 : -1 -> 0 -> -1/-1/-1
x3004c0s31b1n0:49348:53289 [0] NCCL INFO Tree 8 : -1 -> 0 -> -1/-1/-1
x3004c0s31b1n0:49348:53289 [0] NCCL INFO Tree 24 : -1 -> 0 -> -1/-1/-1
x3004c0s31b1n0:49348:53289 [0] NCCL INFO Tree 9 : -1 -> 0 -> -1/-1/-1
x3004c0s31b1n0:49348:53289 [0] NCCL INFO Tree 25 : -1 -> 0 -> -1/-1/-1
x3004c0s31b1n0:49348:53289 [0] NCCL INFO Tree 10 : -1 -> 0 -> -1/-1/-1
x3004c0s31b1n0:49348:53289 [0] NCCL INFO Tree 26 : -1 -> 0 -> -1/-1/-1
x3004c0s31b1n0:49348:53289 [0] NCCL INFO Tree 11 : -1 -> 0 -> -1/-1/-1
x3004c0s31b1n0:49348:53289 [0] NCCL INFO Tree 27 : -1 -> 0 -> -1/-1/-1
x3004c0s31b1n0:49348:53289 [0] NCCL INFO Tree 12 : -1 -> 0 -> -1/-1/-1
x3004c0s31b1n0:49348:53289 [0] NCCL INFO Tree 28 : -1 -> 0 -> -1/-1/-1
x3004c0s31b1n0:49348:53289 [0] NCCL INFO Tree 13 : -1 -> 0 -> -1/-1/-1
x3004c0s31b1n0:49348:53289 [0] NCCL INFO Tree 29 : -1 -> 0 -> -1/-1/-1
x3004c0s31b1n0:49348:53289 [0] NCCL INFO Tree 14 : -1 -> 0 -> -1/-1/-1
x3004c0s31b1n0:49348:53289 [0] NCCL INFO Tree 30 : -1 -> 0 -> -1/-1/-1
x3004c0s31b1n0:49348:53289 [0] NCCL INFO Tree 15 : -1 -> 0 -> -1/-1/-1
x3004c0s31b1n0:49348:53289 [0] NCCL INFO Tree 31 : -1 -> 0 -> -1/-1/-1
x3004c0s31b1n0:49348:53289 [0] NCCL INFO Channel 00/32 :    0
x3004c0s31b1n0:49348:53289 [0] NCCL INFO Channel 01/32 :    0
x3004c0s31b1n0:49348:53289 [0] NCCL INFO Channel 02/32 :    0
x3004c0s31b1n0:49348:53289 [0] NCCL INFO Channel 03/32 :    0
x3004c0s31b1n0:49348:53289 [0] NCCL INFO Channel 04/32 :    0
x3004c0s31b1n0:49348:53289 [0] NCCL INFO Channel 05/32 :    0
x3004c0s31b1n0:49348:53289 [0] NCCL INFO Channel 06/32 :    0
x3004c0s31b1n0:49348:53289 [0] NCCL INFO Channel 07/32 :    0
x3004c0s31b1n0:49348:53289 [0] NCCL INFO Channel 08/32 :    0
x3004c0s31b1n0:49348:53289 [0] NCCL INFO Channel 09/32 :    0
x3004c0s31b1n0:49348:53289 [0] NCCL INFO Channel 10/32 :    0
x3004c0s31b1n0:49348:53289 [0] NCCL INFO Channel 11/32 :    0
x3004c0s31b1n0:49348:53289 [0] NCCL INFO Channel 12/32 :    0
x3004c0s31b1n0:49348:53289 [0] NCCL INFO Channel 13/32 :    0
x3004c0s31b1n0:49348:53289 [0] NCCL INFO Channel 14/32 :    0
x3004c0s31b1n0:49348:53289 [0] NCCL INFO Channel 15/32 :    0
x3004c0s31b1n0:49348:53289 [0] NCCL INFO Channel 16/32 :    0
x3004c0s31b1n0:49348:53289 [0] NCCL INFO Channel 17/32 :    0
x3004c0s31b1n0:49348:53289 [0] NCCL INFO Channel 18/32 :    0
x3004c0s31b1n0:49348:53289 [0] NCCL INFO Channel 19/32 :    0
x3004c0s31b1n0:49348:53289 [0] NCCL INFO Channel 20/32 :    0
x3004c0s31b1n0:49348:53289 [0] NCCL INFO Channel 21/32 :    0
x3004c0s31b1n0:49348:53289 [0] NCCL INFO Channel 22/32 :    0
x3004c0s31b1n0:49348:53289 [0] NCCL INFO Channel 23/32 :    0
x3004c0s31b1n0:49348:53289 [0] NCCL INFO Channel 24/32 :    0
x3004c0s31b1n0:49348:53289 [0] NCCL INFO Channel 25/32 :    0
x3004c0s31b1n0:49348:53289 [0] NCCL INFO Channel 26/32 :    0
x3004c0s31b1n0:49348:53289 [0] NCCL INFO Channel 27/32 :    0
x3004c0s31b1n0:49348:53289 [0] NCCL INFO Channel 28/32 :    0
x3004c0s31b1n0:49348:53289 [0] NCCL INFO Channel 29/32 :    0
x3004c0s31b1n0:49348:53289 [0] NCCL INFO Channel 30/32 :    0
x3004c0s31b1n0:49348:53289 [0] NCCL INFO Channel 31/32 :    0
x3004c0s31b1n0:49348:53289 [0] NCCL INFO Ring 00 : 0 -> 0 -> 0
x3004c0s31b1n0:49348:53289 [0] NCCL INFO Ring 01 : 0 -> 0 -> 0
x3004c0s31b1n0:49348:53289 [0] NCCL INFO Ring 02 : 0 -> 0 -> 0
x3004c0s31b1n0:49348:53289 [0] NCCL INFO Ring 03 : 0 -> 0 -> 0
x3004c0s31b1n0:49348:53289 [0] NCCL INFO Ring 04 : 0 -> 0 -> 0
x3004c0s31b1n0:49348:53289 [0] NCCL INFO Ring 05 : 0 -> 0 -> 0
x3004c0s31b1n0:49348:53289 [0] NCCL INFO Ring 06 : 0 -> 0 -> 0
