x3104c0s13b0n0:24983:26333 [3] NCCL INFO channel.cc:23 Cuda Alloc Size 8064 pointer 0x14cff5804400
x3104c0s13b0n0:24983:26333 [3] NCCL INFO channel.cc:27 Cuda Alloc Size 80 pointer 0x14cff5806400
x3104c0s13b0n0:24983:26333 [3] NCCL INFO channel.cc:23 Cuda Alloc Size 8064 pointer 0x14cff5806600
x3104c0s13b0n0:24983:26333 [3] NCCL INFO channel.cc:27 Cuda Alloc Size 80 pointer 0x14cff5808600
x3104c0s13b0n0:24978:26497 [2] NCCL INFO Mem Realloc old size 0, new size 8 pointer 0x147410000c60
x3104c0s13b0n0:24978:26497 [2] NCCL INFO New proxy send connection 0 from local rank 2, transport 0
x3104c0s13b0n0:24978:26334 [2] NCCL INFO Connection to proxy localRank 2 -> connection 0x147410000c80
x3104c0s13b0n0:24978:26497 [2] NCCL INFO transport/p2p.cc:430 Cuda Alloc Size 6291456 pointer 0x14741fa00000
x3104c0s13b0n0:24976:26508 [1] NCCL INFO Mem Realloc old size 0, new size 8 pointer 0x15147c000c60
x3104c0s13b0n0:24976:26508 [1] NCCL INFO Allocated 4194656 bytes of shared memory in /dev/shm/nccl-xsjbVK

x3104c0s13b0n0:24976:26508 [1] NCCL INFO New proxy recv connection 0 from local rank 1, transport 2
x3104c0s13b0n0:24976:26341 [1] NCCL INFO Connection to proxy localRank 1 -> connection 0x15147c000c80
x3104c0s13b0n0:24983:26506 [3] NCCL INFO Mem Realloc old size 0, new size 8 pointer 0x14cff0000c60
x3104c0s13b0n0:24983:26506 [3] NCCL INFO New proxy recv connection 0 from local rank 3, transport 0
x3104c0s13b0n0:24983:26333 [3] NCCL INFO Connection to proxy localRank 3 -> connection 0x14cff0000c80
x3104c0s13b0n0:24983:26506 [3] NCCL INFO transport/p2p.cc:449 Cuda Alloc Size 6291456 pointer 0x14cff5a00000
x3104c0s13b0n0:24975:26298 [0] NCCL INFO Tree 0 : -1 -> 0 -> 1/16/-1
x3104c0s13b0n0:24975:26298 [0] NCCL INFO Tree 2 : 4 -> 0 -> 1/-1/-1
x3104c0s13b0n0:24975:26298 [0] NCCL INFO Tree 1 : -1 -> 0 -> 1/16/-1
x3104c0s13b0n0:24975:26298 [0] NCCL INFO Tree 3 : 4 -> 0 -> 1/-1/-1
x3104c0s13b0n0:24975:26298 [0] NCCL INFO Channel 00/04 :    0   2   3   5   4   6   7   9   8  10  11  13  12  14  15  17  16  18  19   1
x3104c0s13b0n0:24975:26298 [0] NCCL INFO Channel 01/04 :    0   2   3   5   4   6   7   9   8  10  11  13  12  14  15  17  16  18  19   1
x3104c0s13b0n0:24975:26298 [0] NCCL INFO Channel 02/04 :    0   2   3   5   4   6   7   9   8  10  11  13  12  14  15  17  16  18  19   1
x3104c0s13b0n0:24975:26298 [0] NCCL INFO Channel 03/04 :    0   2   3   5   4   6   7   9   8  10  11  13  12  14  15  17  16  18  19   1
x3104c0s13b0n0:24975:26298 [0] NCCL INFO Ring 00 : 1 -> 0 -> 2
x3104c0s13b0n0:24975:26298 [0] NCCL INFO Ring 01 : 1 -> 0 -> 2
x3104c0s13b0n0:24975:26298 [0] NCCL INFO Ring 02 : 1 -> 0 -> 2
x3104c0s13b0n0:24975:26298 [0] NCCL INFO Ring 03 : 1 -> 0 -> 2
x3104c0s13b0n0:24975:26298 [0] NCCL INFO Trees [0] 1/16/-1->0->-1 [1] 1/16/-1->0->-1 [2] 1/-1/-1->0->4 [3] 1/-1/-1->0->4
x3104c0s13b0n0:24975:26298 [0] NCCL INFO misc/utils.cc:235 memory stack hunk malloc(65536)
x3104c0s13b0n0:24975:26298 [0] NCCL INFO channel.cc:23 Cuda Alloc Size 8064 pointer 0x151dc3a00000
x3104c0s13b0n0:24975:26298 [0] NCCL INFO channel.cc:27 Cuda Alloc Size 80 pointer 0x151dc3a02000
x3104c0s13b0n0:24975:26298 [0] NCCL INFO channel.cc:23 Cuda Alloc Size 8064 pointer 0x151dc3a02200
x3104c0s13b0n0:24975:26298 [0] NCCL INFO channel.cc:27 Cuda Alloc Size 80 pointer 0x151dc3a04200
x3104c0s13b0n0:24975:26298 [0] NCCL INFO channel.cc:23 Cuda Alloc Size 8064 pointer 0x151dc3a04400
x3104c0s13b0n0:24975:26298 [0] NCCL INFO channel.cc:27 Cuda Alloc Size 80 pointer 0x151dc3a06400
x3104c0s13b0n0:24975:26298 [0] NCCL INFO channel.cc:23 Cuda Alloc Size 8064 pointer 0x151dc3a06600
x3104c0s13b0n0:24975:26298 [0] NCCL INFO channel.cc:27 Cuda Alloc Size 80 pointer 0x151dc3a08600
x3104c0s13b0n0:24975:26298 [0] NCCL INFO Channel 00/0 : 0[7000] -> 2[85000] via P2P/IPC/read
x3104c0s13b0n0:24978:26334 [2] NCCL INFO Channel 01/0 : 2[85000] -> 3[c7000] via P2P/IPC/read
x3104c0s13b0n0:24978:26497 [2] NCCL INFO New proxy send connection 1 from local rank 2, transport 0
x3104c0s13b0n0:24976:26341 [1] NCCL INFO Channel 00/0 : 19[c7000] -> 1[46000] [receive] via NET/IB/1
x3104c0s13b0n0:24976:26341 [1] NCCL INFO GPU Direct RDMA Disabled for GPU 46000 / HCA 0 (distance 7 > 4)
x3104c0s13b0n0:24976:26508 [1] NCCL INFO New proxy recv connection 1 from local rank 1, transport 2
x3104c0s13b0n0:24983:26506 [3] NCCL INFO New proxy recv connection 1 from local rank 3, transport 0
x3104c0s13b0n0:24978:26334 [2] NCCL INFO Connection to proxy localRank 2 -> connection 0x147410000cc0
x3104c0s13b0n0:24978:26497 [2] NCCL INFO transport/p2p.cc:430 Cuda Alloc Size 6291456 pointer 0x147416000000
x3104c0s13b0n0:24978:26334 [2] NCCL INFO Channel 02/0 : 2[85000] -> 3[c7000] via P2P/IPC/read
x3104c0s13b0n0:24975:26507 [0] NCCL INFO Mem Realloc old size 0, new size 8 pointer 0x151db4000c60
x3104c0s13b0n0:24978:26497 [2] NCCL INFO New proxy send connection 2 from local rank 2, transport 0
x3104c0s13b0n0:24976:26341 [1] NCCL INFO Connection to proxy localRank 1 -> connection 0x15147c000cc0
x3104c0s13b0n0:24983:26333 [3] NCCL INFO Connection to proxy localRank 3 -> connection 0x14cff0000cc0
x3104c0s13b0n0:24983:26506 [3] NCCL INFO transport/p2p.cc:449 Cuda Alloc Size 6291456 pointer 0x14cfea000000
x3104c0s13b0n0:24975:26507 [0] NCCL INFO New proxy send connection 0 from local rank 0, transport 0
x3104c0s13b0n0:24978:26334 [2] NCCL INFO Connection to proxy localRank 2 -> connection 0x147410000d00
x3104c0s13b0n0:24978:26497 [2] NCCL INFO transport/p2p.cc:430 Cuda Alloc Size 6291456 pointer 0x147416600000
x3104c0s13b0n0:24976:26341 [1] NCCL INFO Channel 01/0 : 19[c7000] -> 1[46000] [receive] via NET/IB/0
x3104c0s13b0n0:24976:26341 [1] NCCL INFO GPU Direct RDMA Disabled for GPU 46000 / HCA 1 (distance 6 > 4)
x3104c0s13b0n0:24976:26508 [1] NCCL INFO New proxy recv connection 2 from local rank 1, transport 2
x3104c0s13b0n0:24983:26506 [3] NCCL INFO New proxy recv connection 2 from local rank 3, transport 0
x3104c0s13b0n0:24978:26334 [2] NCCL INFO Channel 03/0 : 2[85000] -> 3[c7000] via P2P/IPC/read
x3104c0s13b0n0:24978:26497 [2] NCCL INFO New proxy send connection 3 from local rank 2, transport 0
x3104c0s13b0n0:24975:26298 [0] NCCL INFO Connection to proxy localRank 0 -> connection 0x151db4000c80
x3104c0s13b0n0:24975:26507 [0] NCCL INFO transport/p2p.cc:430 Cuda Alloc Size 6291456 pointer 0x151dba000000
x3104c0s13b0n0:24976:26341 [1] NCCL INFO Connection to proxy localRank 1 -> connection 0x15147c000d00
x3104c0s13b0n0:24983:26333 [3] NCCL INFO Connection to proxy localRank 3 -> connection 0x14cff0000d00
x3104c0s13b0n0:24983:26506 [3] NCCL INFO transport/p2p.cc:449 Cuda Alloc Size 6291456 pointer 0x14cfea600000
x3104c0s13b0n0:24978:26334 [2] NCCL INFO Connection to proxy localRank 2 -> connection 0x147410000d40
x3104c0s13b0n0:24978:26497 [2] NCCL INFO transport/p2p.cc:430 Cuda Alloc Size 6291456 pointer 0x147416c00000
x3104c0s13b0n0:24975:26298 [0] NCCL INFO Channel 01/0 : 0[7000] -> 2[85000] via P2P/IPC/read
x3104c0s13b0n0:24975:26507 [0] NCCL INFO New proxy send connection 1 from local rank 0, transport 0
x3104c0s13b0n0:24976:26341 [1] NCCL INFO Channel 02/0 : 19[c7000] -> 1[46000] [receive] via NET/IB/1
x3104c0s13b0n0:24976:26341 [1] NCCL INFO GPU Direct RDMA Disabled for GPU 46000 / HCA 0 (distance 7 > 4)
x3104c0s13b0n0:24976:26508 [1] NCCL INFO New proxy recv connection 3 from local rank 1, transport 2
x3104c0s13b0n0:24975:26298 [0] NCCL INFO Connection to proxy localRank 0 -> connection 0x151db4000cc0
x3104c0s13b0n0:24975:26507 [0] NCCL INFO transport/p2p.cc:430 Cuda Alloc Size 6291456 pointer 0x151dba600000
x3104c0s13b0n0:24983:26506 [3] NCCL INFO New proxy recv connection 3 from local rank 3, transport 0
x3104c0s13b0n0:24975:26298 [0] NCCL INFO Channel 02/0 : 0[7000] -> 2[85000] via P2P/IPC/read
x3104c0s13b0n0:24983:26333 [3] NCCL INFO Connection to proxy localRank 3 -> connection 0x14cff0000d40
x3104c0s13b0n0:24983:26506 [3] NCCL INFO transport/p2p.cc:449 Cuda Alloc Size 6291456 pointer 0x14cfeac00000
x3104c0s13b0n0:24976:26341 [1] NCCL INFO Connection to proxy localRank 1 -> connection 0x15147c000d40
x3104c0s13b0n0:24975:26507 [0] NCCL INFO New proxy send connection 2 from local rank 0, transport 0
x3104c0s13b0n0:24983:26333 [3] NCCL INFO GPU Direct RDMA Disabled for GPU c7000 / HCA 1 (distance 7 > 4)
x3104c0s13b0n0:24983:26506 [3] NCCL INFO Allocated 4194656 bytes of shared memory in /dev/shm/nccl-gw2K5i

x3104c0s13b0n0:24983:26506 [3] NCCL INFO New proxy send connection 4 from local rank 3, transport 2
x3104c0s13b0n0:24978:26497 [2] NCCL INFO New proxy recv connection 4 from local rank 2, transport 0
x3104c0s13b0n0:24976:26341 [1] NCCL INFO Channel 03/0 : 19[c7000] -> 1[46000] [receive] via NET/IB/0
x3104c0s13b0n0:24975:26298 [0] NCCL INFO Connection to proxy localRank 0 -> connection 0x151db4000d00
x3104c0s13b0n0:24975:26507 [0] NCCL INFO transport/p2p.cc:430 Cuda Alloc Size 6291456 pointer 0x151dbac00000
x3104c0s13b0n0:24978:26334 [2] NCCL INFO Connection to proxy localRank 2 -> connection 0x147410000d80
x3104c0s13b0n0:24978:26497 [2] NCCL INFO transport/p2p.cc:449 Cuda Alloc Size 6291456 pointer 0x14740ec00000
x3104c0s13b0n0:24983:26333 [3] NCCL INFO Connection to proxy localRank 3 -> connection 0x14cff0000d80
x3104c0s13b0n0:24983:26333 [3] NCCL INFO Channel 00/0 : 3[c7000] -> 5[46000] [send] via NET/IB/1
x3104c0s13b0n0:24983:26333 [3] NCCL INFO GPU Direct RDMA Disabled for GPU c7000 / HCA 0 (distance 6 > 4)
x3104c0s13b0n0:24983:26506 [3] NCCL INFO New proxy send connection 5 from local rank 3, transport 2
x3104c0s13b0n0:24983:26333 [3] NCCL INFO Connection to proxy localRank 3 -> connection 0x14cff0000dc0
x3104c0s13b0n0:24983:26333 [3] NCCL INFO Channel 01/0 : 3[c7000] -> 5[46000] [send] via NET/IB/0
x3104c0s13b0n0:24983:26333 [3] NCCL INFO GPU Direct RDMA Disabled for GPU c7000 / HCA 1 (distance 7 > 4)
x3104c0s13b0n0:24975:26298 [0] NCCL INFO Channel 03/0 : 0[7000] -> 2[85000] via P2P/IPC/read
x3104c0s13b0n0:24975:26507 [0] NCCL INFO New proxy send connection 3 from local rank 0, transport 0
x3104c0s13b0n0:24983:26506 [3] NCCL INFO New proxy send connection 6 from local rank 3, transport 2
x3104c0s13b0n0:24978:26497 [2] NCCL INFO New proxy recv connection 5 from local rank 2, transport 0
x3104c0s13b0n0:24978:26334 [2] NCCL INFO Connection to proxy localRank 2 -> connection 0x147410000dc0
x3104c0s13b0n0:24978:26497 [2] NCCL INFO transport/p2p.cc:449 Cuda Alloc Size 6291456 pointer 0x14740f200000
x3104c0s13b0n0:24975:26298 [0] NCCL INFO Connection to proxy localRank 0 -> connection 0x151db4000d40
x3104c0s13b0n0:24975:26507 [0] NCCL INFO transport/p2p.cc:430 Cuda Alloc Size 6291456 pointer 0x151dbb200000
x3104c0s13b0n0:24983:26333 [3] NCCL INFO Connection to proxy localRank 3 -> connection 0x14cff0000e00
x3104c0s13b0n0:24983:26333 [3] NCCL INFO Channel 02/0 : 3[c7000] -> 5[46000] [send] via NET/IB/1
x3104c0s13b0n0:24983:26333 [3] NCCL INFO GPU Direct RDMA Disabled for GPU c7000 / HCA 0 (distance 6 > 4)
x3104c0s13b0n0:24983:26506 [3] NCCL INFO New proxy send connection 7 from local rank 3, transport 2
x3104c0s13b0n0:24978:26497 [2] NCCL INFO New proxy recv connection 6 from local rank 2, transport 0
x3104c0s13b0n0:24983:26333 [3] NCCL INFO Connection to proxy localRank 3 -> connection 0x14cff0000e40
x3104c0s13b0n0:24983:26333 [3] NCCL INFO Channel 03/0 : 3[c7000] -> 5[46000] [send] via NET/IB/0
x3104c0s13b0n0:24976:26508 [1] NCCL INFO transport/net_ib.cc:683 Ib Alloc Size 21688 pointer 0x15147c01d000
x3104c0s13b0n0:24976:26508 [1] NCCL INFO transport/net_ib.cc:696 Ib Alloc Size 552 pointer 0x15147c024000
x3104c0s13b0n0:24983:26506 [3] NCCL INFO transport/net_ib.cc:596 Ib Alloc Size 26560 pointer 0x14cff0020000
x3104c0s13b0n0:24978:26334 [2] NCCL INFO Connection to proxy localRank 2 -> connection 0x147410000e00
x3104c0s13b0n0:24978:26497 [2] NCCL INFO transport/p2p.cc:449 Cuda Alloc Size 6291456 pointer 0x14740f800000
x3104c0s13b0n0:24983:26506 [3] NCCL INFO NET/IB: Dev 1 Port 1 qpn 9572 mtu 5 GID 0 (80FE/9A2100FEFF000000)
x3104c0s13b0n0:24983:26506 [3] NCCL INFO transport/net_ib.cc:653 Ib Alloc Size 552 pointer 0x14cff0042000
x3104c0s13b0n0:24983:26506 [3] NCCL INFO transport/net.cc:571 Cuda Host Alloc Size 9641984 pointer 0x14cfe8c00000
x3104c0s13b0n0:24983:26506 [3] NCCL INFO Mem Realloc old size 0, new size 768 pointer 0x14cff002f0a0
x3104c0s13b0n0:24983:26506 [3] NCCL INFO transport/net_ib.cc:596 Ib Alloc Size 26560 pointer 0x14cff0044000
x3104c0s13b0n0:24983:26506 [3] NCCL INFO NET/IB: Dev 0 Port 1 qpn 10868 mtu 5 GID 0 (80FE/DF2100FEFF000000)
x3104c0s13b0n0:24983:26506 [3] NCCL INFO transport/net_ib.cc:653 Ib Alloc Size 552 pointer 0x14cff0065000
x3104c0s13b0n0:24983:26506 [3] NCCL INFO transport/net.cc:571 Cuda Host Alloc Size 9641984 pointer 0x14cfe9600000
x3104c0s13b0n0:24983:26506 [3] NCCL INFO Mem Realloc old size 0, new size 768 pointer 0x14cff00521f0
x3104c0s13b0n0:24978:26497 [2] NCCL INFO New proxy recv connection 7 from local rank 2, transport 0
x3104c0s13b0n0:24976:26508 [1] NCCL INFO transport/net_ib.cc:771 Ib Alloc Size 552 pointer 0x15147c04b000
x3104c0s13b0n0:24976:26508 [1] NCCL INFO transport/net.cc:698 Cuda Host Alloc Size 9641984 pointer 0x1514c8000000
x3104c0s13b0n0:24976:26508 [1] NCCL INFO Mem Realloc old size 0, new size 768 pointer 0x15147c0403c0
x3104c0s13b0n0:24983:26506 [3] NCCL INFO transport/net_ib.cc:596 Ib Alloc Size 26560 pointer 0x14cff0067000
x3104c0s13b0n0:24976:26508 [1] NCCL INFO transport/net_ib.cc:683 Ib Alloc Size 21688 pointer 0x15147c04d000
x3104c0s13b0n0:24976:26508 [1] NCCL INFO transport/net_ib.cc:696 Ib Alloc Size 552 pointer 0x15147c054000
x3104c0s13b0n0:24976:26508 [1] NCCL INFO transport/net_ib.cc:771 Ib Alloc Size 552 pointer 0x15147c079000
x3104c0s13b0n0:24976:26508 [1] NCCL INFO transport/net.cc:698 Cuda Host Alloc Size 9641984 pointer 0x1514c8a00000
x3104c0s13b0n0:24976:26508 [1] NCCL INFO Mem Realloc old size 0, new size 768 pointer 0x15147c06e4f0
x3104c0s13b0n0:24983:26506 [3] NCCL INFO NET/IB: Dev 1 Port 1 qpn 9575 mtu 5 GID 0 (80FE/9A2100FEFF000000)
x3104c0s13b0n0:24983:26506 [3] NCCL INFO transport/net_ib.cc:653 Ib Alloc Size 552 pointer 0x14cff007e000
x3104c0s13b0n0:24983:26506 [3] NCCL INFO transport/net.cc:571 Cuda Host Alloc Size 9641984 pointer 0x14cfe6000000
x3104c0s13b0n0:24976:26508 [1] NCCL INFO transport/net_ib.cc:683 Ib Alloc Size 21688 pointer 0x15147c07b000
x3104c0s13b0n0:24976:26508 [1] NCCL INFO transport/net_ib.cc:696 Ib Alloc Size 552 pointer 0x15147c082000
x3104c0s13b0n0:24978:26334 [2] NCCL INFO Connection to proxy localRank 2 -> connection 0x147410000e40
x3104c0s13b0n0:24978:26497 [2] NCCL INFO transport/p2p.cc:449 Cuda Alloc Size 6291456 pointer 0x14740c000000
x3104c0s13b0n0:24976:26508 [1] NCCL INFO transport/net_ib.cc:771 Ib Alloc Size 552 pointer 0x15147c09d000
x3104c0s13b0n0:24976:26508 [1] NCCL INFO transport/net.cc:698 Cuda Host Alloc Size 9641984 pointer 0x1514c9400000
x3104c0s13b0n0:24978:26334 [2] NCCL INFO Connected all rings
x3104c0s13b0n0:24978:26497 [2] NCCL INFO New proxy recv connection 8 from local rank 2, transport 0
x3104c0s13b0n0:24975:26507 [0] NCCL INFO New proxy recv connection 4 from local rank 0, transport 0
x3104c0s13b0n0:24983:26506 [3] NCCL INFO transport/net_ib.cc:596 Ib Alloc Size 26560 pointer 0x14cff0080000
x3104c0s13b0n0:24978:26334 [2] NCCL INFO Connection to proxy localRank 2 -> connection 0x147410000e80
x3104c0s13b0n0:24978:26497 [2] NCCL INFO transport/p2p.cc:449 Cuda Alloc Size 6291456 pointer 0x14740a000000
x3104c0s13b0n0:24978:26497 [2] NCCL INFO New proxy recv connection 9 from local rank 2, transport 0
x3104c0s13b0n0:24976:26508 [1] NCCL INFO transport/net_ib.cc:683 Ib Alloc Size 21688 pointer 0x15147c09f000
x3104c0s13b0n0:24976:26508 [1] NCCL INFO transport/net_ib.cc:696 Ib Alloc Size 552 pointer 0x15147c0a6000
x3104c0s13b0n0:24976:26508 [1] NCCL INFO transport/net_ib.cc:771 Ib Alloc Size 552 pointer 0x15147c0c1000
x3104c0s13b0n0:24976:26508 [1] NCCL INFO transport/net.cc:698 Cuda Host Alloc Size 9641984 pointer 0x1514c9e00000
x3104c0s13b0n0:24976:26341 [1] NCCL INFO Channel 00/0 : 1[46000] -> 0[7000] via P2P/IPC/read
x3104c0s13b0n0:24983:26506 [3] NCCL INFO NET/IB: Dev 0 Port 1 qpn 10873 mtu 5 GID 0 (80FE/DF2100FEFF000000)
x3104c0s13b0n0:24983:26506 [3] NCCL INFO transport/net_ib.cc:653 Ib Alloc Size 552 pointer 0x14cff0097000
x3104c0s13b0n0:24983:26506 [3] NCCL INFO transport/net.cc:571 Cuda Host Alloc Size 9641984 pointer 0x14cfe6a00000
x3104c0s13b0n0:24976:26508 [1] NCCL INFO New proxy send connection 4 from local rank 1, transport 0
x3104c0s13b0n0:24975:26298 [0] NCCL INFO Connection to proxy localRank 0 -> connection 0x151db4000d80
x3104c0s13b0n0:24975:26507 [0] NCCL INFO transport/p2p.cc:449 Cuda Alloc Size 6291456 pointer 0x151db3200000
x3104c0s13b0n0:24983:26333 [3] NCCL INFO Connected all rings
x3104c0s13b0n0:24983:26333 [3] NCCL INFO Channel 00/0 : 3[c7000] -> 2[85000] via P2P/IPC/read
x3104c0s13b0n0:24983:26506 [3] NCCL INFO New proxy send connection 8 from local rank 3, transport 0
x3104c0s13b0n0:24978:26334 [2] NCCL INFO Connection to proxy localRank 2 -> connection 0x147410000ec0
x3104c0s13b0n0:24978:26497 [2] NCCL INFO transport/p2p.cc:449 Cuda Alloc Size 6291456 pointer 0x14740a600000
x3104c0s13b0n0:24976:26341 [1] NCCL INFO Connection to proxy localRank 1 -> connection 0x15147c000d80
x3104c0s13b0n0:24976:26508 [1] NCCL INFO transport/p2p.cc:430 Cuda Alloc Size 6291456 pointer 0x1514ca800000
x3104c0s13b0n0:24978:26497 [2] NCCL INFO New proxy recv connection 10 from local rank 2, transport 0
x3104c0s13b0n0:24978:26334 [2] NCCL INFO Connection to proxy localRank 2 -> connection 0x147410000f00
x3104c0s13b0n0:24983:26333 [3] NCCL INFO Connection to proxy localRank 3 -> connection 0x14cff0000e80
x3104c0s13b0n0:24983:26506 [3] NCCL INFO transport/p2p.cc:430 Cuda Alloc Size 6291456 pointer 0x14cfe7400000
x3104c0s13b0n0:24978:26497 [2] NCCL INFO transport/p2p.cc:449 Cuda Alloc Size 6291456 pointer 0x14740ac00000
x3104c0s13b0n0:24975:26507 [0] NCCL INFO New proxy recv connection 5 from local rank 0, transport 0
x3104c0s13b0n0:24976:26341 [1] NCCL INFO Channel 01/0 : 1[46000] -> 0[7000] via P2P/IPC/read
x3104c0s13b0n0:24976:26508 [1] NCCL INFO New proxy send connection 5 from local rank 1, transport 0
x3104c0s13b0n0:24983:26333 [3] NCCL INFO Channel 01/0 : 3[c7000] -> 2[85000] via P2P/IPC/read
x3104c0s13b0n0:24983:26506 [3] NCCL INFO New proxy send connection 9 from local rank 3, transport 0
x3104c0s13b0n0:24975:26298 [0] NCCL INFO Connection to proxy localRank 0 -> connection 0x151db4000dc0
x3104c0s13b0n0:24975:26507 [0] NCCL INFO transport/p2p.cc:449 Cuda Alloc Size 6291456 pointer 0x151db3800000
x3104c0s13b0n0:24976:26341 [1] NCCL INFO Connection to proxy localRank 1 -> connection 0x15147c000dc0
x3104c0s13b0n0:24976:26508 [1] NCCL INFO transport/p2p.cc:430 Cuda Alloc Size 6291456 pointer 0x1514cae00000
x3104c0s13b0n0:24978:26497 [2] NCCL INFO New proxy recv connection 11 from local rank 2, transport 0
x3104c0s13b0n0:24983:26333 [3] NCCL INFO Connection to proxy localRank 3 -> connection 0x14cff0000ec0
x3104c0s13b0n0:24983:26506 [3] NCCL INFO transport/p2p.cc:430 Cuda Alloc Size 6291456 pointer 0x14cfe7a00000
x3104c0s13b0n0:24975:26507 [0] NCCL INFO New proxy recv connection 6 from local rank 0, transport 0
x3104c0s13b0n0:24976:26341 [1] NCCL INFO Channel 02/0 : 1[46000] -> 0[7000] via P2P/IPC/read
x3104c0s13b0n0:24976:26508 [1] NCCL INFO New proxy send connection 6 from local rank 1, transport 0
x3104c0s13b0n0:24978:26334 [2] NCCL INFO Connection to proxy localRank 2 -> connection 0x147410000f40
x3104c0s13b0n0:24978:26497 [2] NCCL INFO transport/p2p.cc:449 Cuda Alloc Size 6291456 pointer 0x14740b200000
x3104c0s13b0n0:24983:26333 [3] NCCL INFO Channel 02/0 : 3[c7000] -> 2[85000] via P2P/IPC/read
x3104c0s13b0n0:24983:26506 [3] NCCL INFO New proxy send connection 10 from local rank 3, transport 0
x3104c0s13b0n0:24975:26298 [0] NCCL INFO Connection to proxy localRank 0 -> connection 0x151db4000e00
x3104c0s13b0n0:24976:26341 [1] NCCL INFO Connection to proxy localRank 1 -> connection 0x15147c000e00
x3104c0s13b0n0:24975:26507 [0] NCCL INFO transport/p2p.cc:449 Cuda Alloc Size 6291456 pointer 0x151db0000000
x3104c0s13b0n0:24976:26508 [1] NCCL INFO transport/p2p.cc:430 Cuda Alloc Size 6291456 pointer 0x1514cb400000
x3104c0s13b0n0:24975:26507 [0] NCCL INFO New proxy recv connection 7 from local rank 0, transport 0
x3104c0s13b0n0:24983:26333 [3] NCCL INFO Connection to proxy localRank 3 -> connection 0x14cff0000f00
x3104c0s13b0n0:24983:26506 [3] NCCL INFO transport/p2p.cc:430 Cuda Alloc Size 6291456 pointer 0x14cfde000000
x3104c0s13b0n0:24976:26341 [1] NCCL INFO Channel 03/0 : 1[46000] -> 0[7000] via P2P/IPC/read
x3104c0s13b0n0:24976:26508 [1] NCCL INFO New proxy send connection 7 from local rank 1, transport 0
x3104c0s13b0n0:24976:26341 [1] NCCL INFO Connection to proxy localRank 1 -> connection 0x15147c000e40
x3104c0s13b0n0:24976:26508 [1] NCCL INFO transport/p2p.cc:430 Cuda Alloc Size 6291456 pointer 0x1514cba00000
x3104c0s13b0n0:24975:26298 [0] NCCL INFO Connection to proxy localRank 0 -> connection 0x151db4000e40
x3104c0s13b0n0:24975:26507 [0] NCCL INFO transport/p2p.cc:449 Cuda Alloc Size 6291456 pointer 0x151db0600000
x3104c0s13b0n0:24975:26298 [0] NCCL INFO Connected all rings
x3104c0s13b0n0:24975:26298 [0] NCCL INFO Channel 00/0 : 0[7000] -> 1[46000] via P2P/IPC/read
x3104c0s13b0n0:24975:26507 [0] NCCL INFO New proxy send connection 8 from local rank 0, transport 0
x3104c0s13b0n0:24983:26333 [3] NCCL INFO Channel 03/0 : 3[c7000] -> 2[85000] via P2P/IPC/read
x3104c0s13b0n0:24983:26506 [3] NCCL INFO New proxy send connection 11 from local rank 3, transport 0
x3104c0s13b0n0:24976:26341 [1] NCCL INFO Connected all rings
x3104c0s13b0n0:24976:26508 [1] NCCL INFO New proxy recv connection 8 from local rank 1, transport 0
x3104c0s13b0n0:24975:26298 [0] NCCL INFO Connection to proxy localRank 0 -> connection 0x151db4000e80
x3104c0s13b0n0:24975:26507 [0] NCCL INFO transport/p2p.cc:430 Cuda Alloc Size 6291456 pointer 0x151dae600000
x3104c0s13b0n0:24976:26341 [1] NCCL INFO Connection to proxy localRank 1 -> connection 0x15147c000e80
x3104c0s13b0n0:24976:26508 [1] NCCL INFO transport/p2p.cc:449 Cuda Alloc Size 6291456 pointer 0x1514cd800000
x3104c0s13b0n0:24983:26333 [3] NCCL INFO Connection to proxy localRank 3 -> connection 0x14cff0000f40
x3104c0s13b0n0:24983:26506 [3] NCCL INFO transport/p2p.cc:430 Cuda Alloc Size 6291456 pointer 0x14cfde600000
x3104c0s13b0n0:24976:26508 [1] NCCL INFO New proxy recv connection 9 from local rank 1, transport 0
x3104c0s13b0n0:24975:26298 [0] NCCL INFO Channel 01/0 : 0[7000] -> 1[46000] via P2P/IPC/read
x3104c0s13b0n0:24975:26507 [0] NCCL INFO New proxy send connection 9 from local rank 0, transport 0
x3104c0s13b0n0:24975:26298 [0] NCCL INFO Connection to proxy localRank 0 -> connection 0x151db4000ec0
x3104c0s13b0n0:24975:26507 [0] NCCL INFO transport/p2p.cc:430 Cuda Alloc Size 6291456 pointer 0x151daec00000
x3104c0s13b0n0:24975:26298 [0] NCCL INFO Channel 02/0 : 0[7000] -> 1[46000] via P2P/IPC/read
x3104c0s13b0n0:24975:26507 [0] NCCL INFO New proxy send connection 10 from local rank 0, transport 0
x3104c0s13b0n0:24976:26341 [1] NCCL INFO Connection to proxy localRank 1 -> connection 0x15147c000ec0
x3104c0s13b0n0:24976:26508 [1] NCCL INFO transport/p2p.cc:449 Cuda Alloc Size 6291456 pointer 0x1514cde00000
x3104c0s13b0n0:24976:26508 [1] NCCL INFO New proxy recv connection 10 from local rank 1, transport 0
x3104c0s13b0n0:24975:26298 [0] NCCL INFO Connection to proxy localRank 0 -> connection 0x151db4000f00
x3104c0s13b0n0:24975:26507 [0] NCCL INFO transport/p2p.cc:430 Cuda Alloc Size 6291456 pointer 0x151daf200000
x3104c0s13b0n0:24976:26341 [1] NCCL INFO Connection to proxy localRank 1 -> connection 0x15147c000f00
x3104c0s13b0n0:24976:26508 [1] NCCL INFO transport/p2p.cc:449 Cuda Alloc Size 6291456 pointer 0x1514ce400000
x3104c0s13b0n0:24975:26298 [0] NCCL INFO Channel 03/0 : 0[7000] -> 1[46000] via P2P/IPC/read
x3104c0s13b0n0:24975:26507 [0] NCCL INFO New proxy send connection 11 from local rank 0, transport 0
x3104c0s13b0n0:24976:26508 [1] NCCL INFO New proxy recv connection 11 from local rank 1, transport 0
x3104c0s13b0n0:24975:26298 [0] NCCL INFO Connection to proxy localRank 0 -> connection 0x151db4000f40
x3104c0s13b0n0:24975:26507 [0] NCCL INFO transport/p2p.cc:430 Cuda Alloc Size 6291456 pointer 0x151daf800000
x3104c0s13b0n0:24976:26341 [1] NCCL INFO Connection to proxy localRank 1 -> connection 0x15147c000f40
x3104c0s13b0n0:24976:26508 [1] NCCL INFO transport/p2p.cc:449 Cuda Alloc Size 6291456 pointer 0x1514cea00000
x3104c0s13b0n0:24976:26341 [1] NCCL INFO Channel 00/0 : 1[46000] -> 2[85000] via P2P/IPC/read
x3104c0s13b0n0:24976:26508 [1] NCCL INFO New proxy send connection 12 from local rank 1, transport 0
x3104c0s13b0n0:24976:26341 [1] NCCL INFO Connection to proxy localRank 1 -> connection 0x15147c000f80
x3104c0s13b0n0:24976:26508 [1] NCCL INFO transport/p2p.cc:430 Cuda Alloc Size 6291456 pointer 0x1514cf000000
x3104c0s13b0n0:24976:26341 [1] NCCL INFO Channel 01/0 : 1[46000] -> 2[85000] via P2P/IPC/read
x3104c0s13b0n0:24976:26508 [1] NCCL INFO New proxy send connection 13 from local rank 1, transport 0
x3104c0s13b0n0:24976:26341 [1] NCCL INFO Connection to proxy localRank 1 -> connection 0x15147c000fc0
x3104c0s13b0n0:24976:26508 [1] NCCL INFO transport/p2p.cc:430 Cuda Alloc Size 6291456 pointer 0x1514cf600000
x3104c0s13b0n0:24976:26341 [1] NCCL INFO Channel 02/0 : 1[46000] -> 2[85000] via P2P/IPC/read
x3104c0s13b0n0:24976:26508 [1] NCCL INFO New proxy send connection 14 from local rank 1, transport 0
x3104c0s13b0n0:24976:26341 [1] NCCL INFO Connection to proxy localRank 1 -> connection 0x15147c001000
x3104c0s13b0n0:24976:26508 [1] NCCL INFO transport/p2p.cc:430 Cuda Alloc Size 6291456 pointer 0x1514cfc00000
x3104c0s13b0n0:24976:26341 [1] NCCL INFO Channel 03/0 : 1[46000] -> 2[85000] via P2P/IPC/read
x3104c0s13b0n0:24976:26508 [1] NCCL INFO New proxy send connection 15 from local rank 1, transport 0
x3104c0s13b0n0:24976:26341 [1] NCCL INFO Connection to proxy localRank 1 -> connection 0x15147c001040
x3104c0s13b0n0:24976:26508 [1] NCCL INFO transport/p2p.cc:430 Cuda Alloc Size 6291456 pointer 0x1514d0200000
x3104c0s13b0n0:24976:26341 [1] NCCL INFO GPU Direct RDMA Disabled for GPU 46000 / HCA 1 (distance 6 > 4)
x3104c0s13b0n0:24976:26508 [1] NCCL INFO New proxy recv connection 16 from local rank 1, transport 2
x3104c0s13b0n0:24975:26298 [0] NCCL INFO GPU Direct RDMA Disabled for GPU 7000 / HCA 1 (distance 7 > 4)
x3104c0s13b0n0:24975:26507 [0] NCCL INFO Allocated 4194656 bytes of shared memory in /dev/shm/nccl-BlE01E

x3104c0s13b0n0:24975:26507 [0] NCCL INFO New proxy recv connection 12 from local rank 0, transport 2
x3104c0s13b0n0:24978:26497 [2] NCCL INFO New proxy recv connection 12 from local rank 2, transport 0
x3104c0s13b0n0:24978:26334 [2] NCCL INFO Connection to proxy localRank 2 -> connection 0x147410000f80
x3104c0s13b0n0:24978:26497 [2] NCCL INFO transport/p2p.cc:449 Cuda Alloc Size 6291456 pointer 0x147409200000
x3104c0s13b0n0:24975:26298 [0] NCCL INFO Connection to proxy localRank 0 -> connection 0x151db4000f80
x3104c0s13b0n0:24976:26341 [1] NCCL INFO Connection to proxy localRank 1 -> connection 0x15147c001080
x3104c0s13b0n0:24978:26497 [2] NCCL INFO New proxy recv connection 13 from local rank 2, transport 0
x3104c0s13b0n0:24975:26298 [0] NCCL INFO Channel 00/0 : 16[7000] -> 0[7000] [receive] via NET/IB/1
x3104c0s13b0n0:24975:26298 [0] NCCL INFO GPU Direct RDMA Disabled for GPU 7000 / HCA 0 (distance 7 > 4)
x3104c0s13b0n0:24975:26507 [0] NCCL INFO New proxy recv connection 13 from local rank 0, transport 2
x3104c0s13b0n0:24975:26298 [0] NCCL INFO Connection to proxy localRank 0 -> connection 0x151db4000fc0
x3104c0s13b0n0:24978:26334 [2] NCCL INFO Connection to proxy localRank 2 -> connection 0x147410000fc0
x3104c0s13b0n0:24978:26497 [2] NCCL INFO transport/p2p.cc:449 Cuda Alloc Size 6291456 pointer 0x147409800000
x3104c0s13b0n0:24978:26497 [2] NCCL INFO New proxy recv connection 14 from local rank 2, transport 0
x3104c0s13b0n0:24975:26298 [0] NCCL INFO Channel 01/0 : 16[7000] -> 0[7000] [receive] via NET/IB/0
x3104c0s13b0n0:24975:26298 [0] NCCL INFO GPU Direct RDMA Disabled for GPU 7000 / HCA 1 (distance 7 > 4)
x3104c0s13b0n0:24975:26507 [0] NCCL INFO New proxy send connection 14 from local rank 0, transport 2
x3104c0s13b0n0:24978:26334 [2] NCCL INFO Connection to proxy localRank 2 -> connection 0x147410001000
x3104c0s13b0n0:24978:26497 [2] NCCL INFO transport/p2p.cc:449 Cuda Alloc Size 6291456 pointer 0x147406000000
x3104c0s13b0n0:24976:26341 [1] NCCL INFO Channel 02/0 : 12[7000] -> 1[46000] [receive] via NET/IB/1
x3104c0s13b0n0:24976:26341 [1] NCCL INFO GPU Direct RDMA Disabled for GPU 46000 / HCA 0 (distance 7 > 4)
x3104c0s13b0n0:24976:26508 [1] NCCL INFO New proxy recv connection 17 from local rank 1, transport 2
x3104c0s13b0n0:24975:26298 [0] NCCL INFO Connection to proxy localRank 0 -> connection 0x151db4001000
x3104c0s13b0n0:24975:26298 [0] NCCL INFO Channel 02/0 : 0[7000] -> 4[7000] [send] via NET/IB/1
x3104c0s13b0n0:24975:26298 [0] NCCL INFO GPU Direct RDMA Disabled for GPU 7000 / HCA 0 (distance 7 > 4)
x3104c0s13b0n0:24975:26507 [0] NCCL INFO New proxy send connection 15 from local rank 0, transport 2
x3104c0s13b0n0:24978:26497 [2] NCCL INFO New proxy recv connection 15 from local rank 2, transport 0
x3104c0s13b0n0:24976:26341 [1] NCCL INFO Connection to proxy localRank 1 -> connection 0x15147c0010c0
x3104c0s13b0n0:24975:26298 [0] NCCL INFO Connection to proxy localRank 0 -> connection 0x151db4001040
x3104c0s13b0n0:24975:26298 [0] NCCL INFO Channel 03/0 : 0[7000] -> 4[7000] [send] via NET/IB/0
x3104c0s13b0n0:24978:26334 [2] NCCL INFO Connection to proxy localRank 2 -> connection 0x147410001040
x3104c0s13b0n0:24978:26497 [2] NCCL INFO transport/p2p.cc:449 Cuda Alloc Size 6291456 pointer 0x147406600000
x3104c0s13b0n0:24976:26341 [1] NCCL INFO Channel 03/0 : 12[7000] -> 1[46000] [receive] via NET/IB/0
x3104c0s13b0n0:24978:26334 [2] NCCL INFO Channel 00/0 : 2[85000] -> 1[46000] via P2P/IPC/read
x3104c0s13b0n0:24978:26497 [2] NCCL INFO New proxy send connection 16 from local rank 2, transport 0
x3104c0s13b0n0:24978:26334 [2] NCCL INFO Connection to proxy localRank 2 -> connection 0x147410001080
x3104c0s13b0n0:24978:26497 [2] NCCL INFO transport/p2p.cc:430 Cuda Alloc Size 6291456 pointer 0x147406c00000
x3104c0s13b0n0:24978:26334 [2] NCCL INFO Channel 01/0 : 2[85000] -> 1[46000] via P2P/IPC/read
x3104c0s13b0n0:24978:26497 [2] NCCL INFO New proxy send connection 17 from local rank 2, transport 0
x3104c0s13b0n0:24978:26334 [2] NCCL INFO Connection to proxy localRank 2 -> connection 0x1474100010c0
x3104c0s13b0n0:24978:26497 [2] NCCL INFO transport/p2p.cc:430 Cuda Alloc Size 6291456 pointer 0x147407200000
x3104c0s13b0n0:24978:26334 [2] NCCL INFO Channel 02/0 : 2[85000] -> 1[46000] via P2P/IPC/read
x3104c0s13b0n0:24978:26497 [2] NCCL INFO New proxy send connection 18 from local rank 2, transport 0
x3104c0s13b0n0:24978:26334 [2] NCCL INFO Connection to proxy localRank 2 -> connection 0x147410001100
x3104c0s13b0n0:24978:26497 [2] NCCL INFO transport/p2p.cc:430 Cuda Alloc Size 6291456 pointer 0x147407800000
x3104c0s13b0n0:24978:26334 [2] NCCL INFO Channel 03/0 : 2[85000] -> 1[46000] via P2P/IPC/read
x3104c0s13b0n0:24978:26497 [2] NCCL INFO New proxy send connection 19 from local rank 2, transport 0
x3104c0s13b0n0:24978:26334 [2] NCCL INFO Connection to proxy localRank 2 -> connection 0x147410001140
x3104c0s13b0n0:24978:26497 [2] NCCL INFO transport/p2p.cc:430 Cuda Alloc Size 6291456 pointer 0x147404000000
x3104c0s13b0n0:24983:26333 [3] NCCL INFO Connected all trees by HAO
x3104c0s13b0n0:24983:26333 [3] NCCL INFO threadThresholds 8/8/64 | 160/8/64 | 512 | 512
x3104c0s13b0n0:24983:26333 [3] NCCL INFO 4 coll channels, 4 p2p channels, 2 p2p channels per peer
x3104c0s13b0n0:24983:26506 [3] NCCL INFO New proxy send connection 12 from local rank 3, transport 2
x3104c0s13b0n0:24983:26333 [3] NCCL INFO Connection to proxy localRank 3 -> connection 0x14cff0000f80
x3104c0s13b0n0:24983:26506 [3] NCCL INFO transport/net.cc:376 Cuda Alloc Size 8388608 pointer 0x14cfdc600000
x3104c0s13b0n0:24975:26507 [0] NCCL INFO transport/net_ib.cc:596 Ib Alloc Size 26560 pointer 0x151db4026000
x3104c0s13b0n0:24975:26507 [0] NCCL INFO NET/IB: Dev 1 Port 1 qpn 9578 mtu 5 GID 0 (80FE/9A2100FEFF000000)
x3104c0s13b0n0:24975:26507 [0] NCCL INFO transport/net_ib.cc:653 Ib Alloc Size 552 pointer 0x151db4048000
x3104c0s13b0n0:24975:26507 [0] NCCL INFO transport/net.cc:571 Cuda Host Alloc Size 9641984 pointer 0x151da6000000
x3104c0s13b0n0:24975:26507 [0] NCCL INFO Mem Realloc old size 0, new size 768 pointer 0x151db4035260
x3104c0s13b0n0:24975:26507 [0] NCCL INFO transport/net_ib.cc:596 Ib Alloc Size 26560 pointer 0x151db404a000
x3104c0s13b0n0:24975:26507 [0] NCCL INFO NET/IB: Dev 0 Port 1 qpn 10874 mtu 5 GID 0 (80FE/DF2100FEFF000000)
x3104c0s13b0n0:24975:26507 [0] NCCL INFO transport/net_ib.cc:653 Ib Alloc Size 552 pointer 0x151db406b000
x3104c0s13b0n0:24975:26507 [0] NCCL INFO transport/net.cc:571 Cuda Host Alloc Size 9641984 pointer 0x151da6a00000
x3104c0s13b0n0:24975:26507 [0] NCCL INFO Mem Realloc old size 0, new size 768 pointer 0x151db4058940
x3104c0s13b0n0:24975:26507 [0] NCCL INFO transport/net_ib.cc:683 Ib Alloc Size 21688 pointer 0x151db406d000
x3104c0s13b0n0:24975:26507 [0] NCCL INFO transport/net_ib.cc:696 Ib Alloc Size 552 pointer 0x151db4074000
x3104c0s13b0n0:24975:26507 [0] NCCL INFO transport/net_ib.cc:771 Ib Alloc Size 552 pointer 0x151db4090000
x3104c0s13b0n0:24975:26507 [0] NCCL INFO transport/net.cc:698 Cuda Host Alloc Size 9641984 pointer 0x151da7400000
x3104c0s13b0n0:24975:26507 [0] NCCL INFO transport/net_ib.cc:683 Ib Alloc Size 21688 pointer 0x151db4092000
x3104c0s13b0n0:24975:26507 [0] NCCL INFO transport/net_ib.cc:696 Ib Alloc Size 552 pointer 0x151db4099000
x3104c0s13b0n0:24975:26507 [0] NCCL INFO transport/net_ib.cc:771 Ib Alloc Size 552 pointer 0x151db40b4000
x3104c0s13b0n0:24975:26507 [0] NCCL INFO transport/net.cc:698 Cuda Host Alloc Size 9641984 pointer 0x151da4000000
x3104c0s13b0n0:24975:26298 [0] NCCL INFO GPU Direct RDMA Disabled for GPU 7000 / HCA 1 (distance 7 > 4)
x3104c0s13b0n0:24975:26507 [0] NCCL INFO New proxy recv connection 16 from local rank 0, transport 2
x3104c0s13b0n0:24975:26298 [0] NCCL INFO Connection to proxy localRank 0 -> connection 0x151db4001080
x3104c0s13b0n0:24975:26298 [0] NCCL INFO Channel 02/0 : 4[7000] -> 0[7000] [receive] via NET/IB/1
x3104c0s13b0n0:24975:26298 [0] NCCL INFO GPU Direct RDMA Disabled for GPU 7000 / HCA 0 (distance 7 > 4)
x3104c0s13b0n0:24975:26507 [0] NCCL INFO New proxy recv connection 17 from local rank 0, transport 2
x3104c0s13b0n0:24975:26298 [0] NCCL INFO Connection to proxy localRank 0 -> connection 0x151db40010c0
x3104c0s13b0n0:24975:26298 [0] NCCL INFO Channel 03/0 : 4[7000] -> 0[7000] [receive] via NET/IB/0
x3104c0s13b0n0:24975:26298 [0] NCCL INFO GPU Direct RDMA Disabled for GPU 7000 / HCA 1 (distance 7 > 4)
x3104c0s13b0n0:24975:26507 [0] NCCL INFO New proxy send connection 18 from local rank 0, transport 2
x3104c0s13b0n0:24975:26298 [0] NCCL INFO Connection to proxy localRank 0 -> connection 0x151db4001100
x3104c0s13b0n0:24975:26298 [0] NCCL INFO Channel 00/0 : 0[7000] -> 16[7000] [send] via NET/IB/1
x3104c0s13b0n0:24975:26298 [0] NCCL INFO GPU Direct RDMA Disabled for GPU 7000 / HCA 0 (distance 7 > 4)
x3104c0s13b0n0:24975:26507 [0] NCCL INFO New proxy send connection 19 from local rank 0, transport 2
x3104c0s13b0n0:24975:26298 [0] NCCL INFO Connection to proxy localRank 0 -> connection 0x151db4001140
x3104c0s13b0n0:24975:26298 [0] NCCL INFO Channel 01/0 : 0[7000] -> 16[7000] [send] via NET/IB/0
x3104c0s13b0n0:24976:26508 [1] NCCL INFO transport/net_ib.cc:683 Ib Alloc Size 21688 pointer 0x15147c0d2000
x3104c0s13b0n0:24976:26508 [1] NCCL INFO transport/net_ib.cc:696 Ib Alloc Size 552 pointer 0x15147c018000
x3104c0s13b0n0:24976:26508 [1] NCCL INFO transport/net_ib.cc:771 Ib Alloc Size 552 pointer 0x15147c0f2000
x3104c0s13b0n0:24976:26508 [1] NCCL INFO transport/net.cc:698 Cuda Host Alloc Size 9641984 pointer 0x1514d3800000
x3104c0s13b0n0:24976:26508 [1] NCCL INFO transport/net_ib.cc:683 Ib Alloc Size 21688 pointer 0x15147c0f4000
x3104c0s13b0n0:24976:26508 [1] NCCL INFO transport/net_ib.cc:696 Ib Alloc Size 552 pointer 0x15147c0fb000
x3104c0s13b0n0:24976:26508 [1] NCCL INFO transport/net_ib.cc:771 Ib Alloc Size 552 pointer 0x15147c116000
x3104c0s13b0n0:24976:26508 [1] NCCL INFO transport/net.cc:698 Cuda Host Alloc Size 9641984 pointer 0x1514d4200000
x3104c0s13b0n0:24976:26341 [1] NCCL INFO GPU Direct RDMA Disabled for GPU 46000 / HCA 1 (distance 6 > 4)
x3104c0s13b0n0:24976:26508 [1] NCCL INFO New proxy send connection 18 from local rank 1, transport 2
x3104c0s13b0n0:24976:26341 [1] NCCL INFO Connection to proxy localRank 1 -> connection 0x15147c001100
x3104c0s13b0n0:24976:26341 [1] NCCL INFO Channel 02/0 : 1[46000] -> 12[7000] [send] via NET/IB/1
x3104c0s13b0n0:24976:26341 [1] NCCL INFO GPU Direct RDMA Disabled for GPU 46000 / HCA 0 (distance 7 > 4)
x3104c0s13b0n0:24976:26508 [1] NCCL INFO New proxy send connection 19 from local rank 1, transport 2
x3104c0s13b0n0:24976:26341 [1] NCCL INFO Connection to proxy localRank 1 -> connection 0x15147c001140
x3104c0s13b0n0:24976:26341 [1] NCCL INFO Channel 03/0 : 1[46000] -> 12[7000] [send] via NET/IB/0
x3104c0s13b0n0:24976:26508 [1] NCCL INFO transport/net_ib.cc:596 Ib Alloc Size 26560 pointer 0x15147c122000
x3104c0s13b0n0:24976:26508 [1] NCCL INFO NET/IB: Dev 1 Port 1 qpn 9583 mtu 5 GID 0 (80FE/9A2100FEFF000000)
x3104c0s13b0n0:24976:26508 [1] NCCL INFO transport/net_ib.cc:653 Ib Alloc Size 552 pointer 0x15147c139000
x3104c0s13b0n0:24976:26508 [1] NCCL INFO transport/net.cc:571 Cuda Host Alloc Size 9641984 pointer 0x1514d4c00000
x3104c0s13b0n0:24976:26508 [1] NCCL INFO transport/net_ib.cc:596 Ib Alloc Size 26560 pointer 0x15147c13b000
x3104c0s13b0n0:24976:26508 [1] NCCL INFO NET/IB: Dev 0 Port 1 qpn 10879 mtu 5 GID 0 (80FE/DF2100FEFF000000)
x3104c0s13b0n0:24976:26508 [1] NCCL INFO transport/net_ib.cc:653 Ib Alloc Size 552 pointer 0x15147c152000
x3104c0s13b0n0:24976:26508 [1] NCCL INFO transport/net.cc:571 Cuda Host Alloc Size 9641984 pointer 0x1514d5600000
x3104c0s13b0n0:24975:26507 [0] NCCL INFO transport/net_ib.cc:596 Ib Alloc Size 26560 pointer 0x151db40ca000
x3104c0s13b0n0:24975:26507 [0] NCCL INFO NET/IB: Dev 1 Port 1 qpn 9584 mtu 5 GID 0 (80FE/9A2100FEFF000000)
x3104c0s13b0n0:24975:26507 [0] NCCL INFO transport/net_ib.cc:653 Ib Alloc Size 552 pointer 0x151db40e1000
x3104c0s13b0n0:24975:26507 [0] NCCL INFO transport/net.cc:571 Cuda Host Alloc Size 9641984 pointer 0x151da4a00000
x3104c0s13b0n0:24975:26507 [0] NCCL INFO transport/net_ib.cc:596 Ib Alloc Size 26560 pointer 0x151db40e3000
x3104c0s13b0n0:24975:26507 [0] NCCL INFO NET/IB: Dev 0 Port 1 qpn 10880 mtu 5 GID 0 (80FE/DF2100FEFF000000)
x3104c0s13b0n0:24975:26507 [0] NCCL INFO transport/net_ib.cc:653 Ib Alloc Size 552 pointer 0x151db40fa000
x3104c0s13b0n0:24975:26507 [0] NCCL INFO transport/net.cc:571 Cuda Host Alloc Size 9641984 pointer 0x151da5400000
x3104c0s13b0n0:24976:26508 [1] NCCL INFO New proxy recv connection 20 from local rank 1, transport 0
x3104c0s13b0n0:24975:26507 [0] NCCL INFO transport/net_ib.cc:683 Ib Alloc Size 21688 pointer 0x151db40fc000
x3104c0s13b0n0:24975:26507 [0] NCCL INFO transport/net_ib.cc:696 Ib Alloc Size 552 pointer 0x151db4103000
x3104c0s13b0n0:24976:26341 [1] NCCL INFO Connection to proxy localRank 1 -> connection 0x15147c001180
x3104c0s13b0n0:24976:26508 [1] NCCL INFO transport/p2p.cc:449 Cuda Alloc Size 6291456 pointer 0x1514d6000000
x3104c0s13b0n0:24975:26507 [0] NCCL INFO transport/net_ib.cc:771 Ib Alloc Size 552 pointer 0x151db411e000
x3104c0s13b0n0:24975:26507 [0] NCCL INFO transport/net.cc:698 Cuda Host Alloc Size 9641984 pointer 0x151da2000000
x3104c0s13b0n0:24976:26508 [1] NCCL INFO New proxy recv connection 21 from local rank 1, transport 0
x3104c0s13b0n0:24976:26341 [1] NCCL INFO Connection to proxy localRank 1 -> connection 0x15147c0011c0
x3104c0s13b0n0:24976:26508 [1] NCCL INFO transport/p2p.cc:449 Cuda Alloc Size 6291456 pointer 0x1514d6600000
x3104c0s13b0n0:24976:26508 [1] NCCL INFO New proxy recv connection 22 from local rank 1, transport 0
x3104c0s13b0n0:24975:26507 [0] NCCL INFO transport/net_ib.cc:683 Ib Alloc Size 21688 pointer 0x151db4120000
x3104c0s13b0n0:24975:26507 [0] NCCL INFO transport/net_ib.cc:696 Ib Alloc Size 552 pointer 0x151db4127000
x3104c0s13b0n0:24975:26507 [0] NCCL INFO transport/net_ib.cc:771 Ib Alloc Size 552 pointer 0x151db4142000
x3104c0s13b0n0:24975:26507 [0] NCCL INFO transport/net.cc:698 Cuda Host Alloc Size 9641984 pointer 0x151da2a00000
x3104c0s13b0n0:24976:26341 [1] NCCL INFO Connection to proxy localRank 1 -> connection 0x15147c001200
x3104c0s13b0n0:24976:26508 [1] NCCL INFO transport/p2p.cc:449 Cuda Alloc Size 6291456 pointer 0x1514d6c00000
x3104c0s13b0n0:24975:26298 [0] NCCL INFO Connected all trees by HAO
x3104c0s13b0n0:24975:26298 [0] NCCL INFO Latency/AlgBw |    Tree/    LL |    Tree/ LL128 |    Tree/Simple |    Ring/    LL |    Ring/ LL128 |    Ring/Simple | CollNetDirect/    LL | CollNetDirect/ LL128 | CollNetDirect/Simple | CollNetChain/    LL | CollNetChain/ LL128 | CollNetChain/Simple |
x3104c0s13b0n0:24975:26298 [0] NCCL INFO  Max NThreads |            512 |            640 |            512 |            512 |            640 |            512 |              0 |              0 |            512 |              0 |              0 |            512 |
x3104c0s13b0n0:24975:26298 [0] NCCL INFO     Broadcast |     0.0/   0.0 |     0.0/   0.0 |     0.0/   0.0 |     6.3/   6.0 |    14.0/   0.0 |    18.0/  24.0 |     0.0/   0.0 |     0.0/   0.0 |     0.0/   0.0 |     0.0/   0.0 |     0.0/   0.0 |     0.0/   0.0 |
x3104c0s13b0n0:24975:26298 [0] NCCL INFO        Reduce |     0.0/   0.0 |     0.0/   0.0 |     0.0/   0.0 |     6.3/   6.0 |    14.0/   0.0 |    18.0/  24.0 |     0.0/   0.0 |     0.0/   0.0 |     0.0/   0.0 |     0.0/   0.0 |     0.0/   0.0 |     0.0/   0.0 |
x3104c0s13b0n0:24975:26298 [0] NCCL INFO     AllGather |     0.0/   0.0 |     0.0/   0.0 |     0.0/   0.0 |    27.1/   6.3 |    54.5/   0.0 |    97.8/  25.3 |     0.0/   0.0 |     0.0/   0.0 |     0.0/   0.0 |     0.0/   0.0 |     0.0/   0.0 |     0.0/   0.0 |
x3104c0s13b0n0:24975:26298 [0] NCCL INFO ReduceScatter |     0.0/   0.0 |     0.0/   0.0 |     0.0/   0.0 |    27.1/   6.3 |    54.5/   0.0 |    97.8/  25.3 |     0.0/   0.0 |     0.0/   0.0 |     0.0/   0.0 |     0.0/   0.0 |     0.0/   0.0 |     0.0/   0.0 |
x3104c0s13b0n0:24975:26298 [0] NCCL INFO     AllReduce |    30.0/   2.9 |    45.9/   0.0 |   280.0/  11.0 |    54.3/   3.2 |   103.2/   0.0 |   199.6/  12.6 |     7.4/   0.0 |     7.4/   0.0 |    29.7/   0.0 |     4.4/   0.0 |     4.4/   0.0 |    48.0/   0.0 |
x3104c0s13b0n0:24975:26298 [0] NCCL INFO threadThresholds 8/8/64 | 160/8/64 | 512 | 512
x3104c0s13b0n0:24975:26298 [0] NCCL INFO 4 coll channels, 4 p2p channels, 2 p2p channels per peer
x3104c0s13b0n0:24975:26507 [0] NCCL INFO New proxy send connection 20 from local rank 0, transport 2
x3104c0s13b0n0:24976:26508 [1] NCCL INFO New proxy recv connection 23 from local rank 1, transport 0
x3104c0s13b0n0:24976:26341 [1] NCCL INFO Connection to proxy localRank 1 -> connection 0x15147c001240
x3104c0s13b0n0:24976:26508 [1] NCCL INFO transport/p2p.cc:449 Cuda Alloc Size 6291456 pointer 0x1514d7200000
x3104c0s13b0n0:24975:26298 [0] NCCL INFO Connection to proxy localRank 0 -> connection 0x151db4001180
x3104c0s13b0n0:24976:26341 [1] NCCL INFO Connected all trees by HAO
x3104c0s13b0n0:24976:26341 [1] NCCL INFO threadThresholds 8/8/64 | 160/8/64 | 512 | 512
x3104c0s13b0n0:24976:26341 [1] NCCL INFO 4 coll channels, 4 p2p channels, 2 p2p channels per peer
x3104c0s13b0n0:24978:26334 [2] NCCL INFO Connected all trees by HAO
x3104c0s13b0n0:24978:26334 [2] NCCL INFO threadThresholds 8/8/64 | 160/8/64 | 512 | 512
x3104c0s13b0n0:24978:26334 [2] NCCL INFO 4 coll channels, 4 p2p channels, 2 p2p channels per peer
x3104c0s13b0n0:24978:26497 [2] NCCL INFO Allocated 4194656 bytes of shared memory in /dev/shm/nccl-shwZFV

x3104c0s13b0n0:24978:26497 [2] NCCL INFO New proxy send connection 20 from local rank 2, transport 2
x3104c0s13b0n0:24978:26334 [2] NCCL INFO Connection to proxy localRank 2 -> connection 0x147410001180
x3104c0s13b0n0:24978:26497 [2] NCCL INFO transport/net.cc:376 Cuda Alloc Size 8388608 pointer 0x147403800000
x3104c0s13b0n0:24976:26508 [1] NCCL INFO New proxy send connection 24 from local rank 1, transport 2
x3104c0s13b0n0:24975:26507 [0] NCCL INFO transport/net.cc:376 Cuda Alloc Size 8388608 pointer 0x151da3400000
x3104c0s13b0n0:24976:26341 [1] NCCL INFO Connection to proxy localRank 1 -> connection 0x15147c001280
x3104c0s13b0n0:24978:26334 [2] NCCL INFO init.cc:367 Cuda Alloc Size 5168 pointer 0x14741f808800
x3104c0s13b0n0:24975:26298 [0] NCCL INFO init.cc:367 Cuda Alloc Size 5168 pointer 0x151dc3a08800
x3104c0s13b0n0:24976:26508 [1] NCCL INFO transport/net.cc:376 Cuda Alloc Size 8388608 pointer 0x1514d9000000
x3104c0s13b0n0:24975:26298 [0] NCCL INFO init.cc:392 Cuda Host Alloc Size 33554432 pointer 0x151da0000000
x3104c0s13b0n0:24975:26298 [0] NCCL INFO init.cc:398 Cuda Host Alloc Size 128 pointer 0x151dc3000200
x3104c0s13b0n0:24975:26298 [0] NCCL INFO comm 0x5599375d8da0 rank 0 nranks 20 cudaDev 0 busId 7000 - Init COMPLETE
x3104c0s13b0n0:24978:26334 [2] NCCL INFO init.cc:392 Cuda Host Alloc Size 33554432 pointer 0x147400000000
x3104c0s13b0n0:24978:26334 [2] NCCL INFO init.cc:398 Cuda Host Alloc Size 128 pointer 0x14741ee00200
x3104c0s13b0n0:24978:26334 [2] NCCL INFO comm 0x561d6565e090 rank 2 nranks 20 cudaDev 2 busId 85000 - Init COMPLETE
x3104c0s13b0n0:24976:26341 [1] NCCL INFO init.cc:367 Cuda Alloc Size 5168 pointer 0x1514c7e08800
x3104c0s13b0n0:24976:26341 [1] NCCL INFO init.cc:392 Cuda Host Alloc Size 33554432 pointer 0x15147a000000
x3104c0s13b0n0:24976:26341 [1] NCCL INFO init.cc:398 Cuda Host Alloc Size 128 pointer 0x1514c7400200
x3104c0s13b0n0:24976:26341 [1] NCCL INFO comm 0x55924f34e060 rank 1 nranks 20 cudaDev 1 busId 46000 - Init COMPLETE
x3104c0s13b0n0:24978:24978 [2] NCCL INFO AllReduce: opCount 0 sendbuff 0x14745f600200 recvbuff 0x14745f600200 count 1 datatype 1 op 0 root 0 comm 0x561d6565e090 [nranks=20] stream 0x561d7ce34c30
x3104c0s13b0n0:24978:24978 [2] NCCL INFO misc/utils.cc:235 memory stack hunk malloc(65536)
[LYD INFO in ncclLaunchKernel (enqueue.cc)] NCHANNELS is: 4x3104c0s13b0n0:24983:26333 [3] NCCL INFO init.cc:367 Cuda Alloc Size 5168 pointer 0x14cff5808800
[Hao INFO in ncclAllReduce (all_reduce.cc)] rank 0 ncclAllReduce: count: 1, datatype: ncclUint8, message size: 1 Bytes
x3104c0s13b0n0:24975:24975 [0] NCCL INFO AllReduce: opCount 0 sendbuff 0x151e03600200 recvbuff 0x151e03600200 count 1 datatype 1 op 0 root 0 comm 0x5599375d8da0 [nranks=20] stream 0x559953531540
x3104c0s13b0n0:24975:24975 [0] NCCL INFO misc/utils.cc:235 memory stack hunk malloc(65536)

[LYD INFO in ncclAllReduce (all_reduce.cc)] rank 0 AllReduce Time: 0.000052000 seconds

[LYD INFO in getAlgoInfo (enqueue.cc)] algorithm a is: 0

[LYD INFO in getAlgoInfo (enqueue.cc)] algorithm a is: 1

[LYD INFO in getAlgoInfo (enqueue.cc)] rank: 0, Duration between Point 1 and Point 2: 0.000015000 seconds

[LYD INFO in getAlgoInfo (enqueue.cc)] rank 0, Duration between Point 2 and Point 3: 0.000000000 seconds
[LYD INFO in getAlgoInfo (enqueue.cc)] out rank: 0
[LYD INFO in getAlgoInfo (enqueue.cc)] out coll: 4
[LYD INFO in getAlgoInfo (enqueue.cc)] out sendbuff address: 0x151e03600200
[LYD INFO in getAlgoInfo (enqueue.cc)] out recvbuff address: 0x151e03600200
[LYD INFO in getAlgoInfo (enqueue.cc)] out count: 1
[LYD INFO in getAlgoInfo (enqueue.cc)] out datatype: 1
[LYD INFO in getAlgoInfo (enqueue.cc)] out chunkSteps: 4
[LYD INFO in getAlgoInfo (enqueue.cc)] out sliceSteps: 2
[LYD INFO in getAlgoInfo (enqueue.cc)] out algorithm: 0
[LYD INFO in getAlgoInfo (enqueue.cc)] out protocol: 0
[LYD INFO in getAlgoInfo (enqueue.cc)] out nChannels: 1
[LYD INFO in getAlgoInfo (enqueue.cc)] out nThreads: 96
[LYD INFO in getAlgoInfo (enqueue.cc)] out nBytes: 1
[LYD INFO in getAlgoInfo (enqueue.cc)] out nstepsPerLoop: 0
[LYD INFO in getAlgoInfo (enqueue.cc)] out nchunksPerLoop: 0
[LYD INFO in getAlgoInfo (enqueue.cc)] out chunkSize: 0
[LYD INFO in ncclLaunchKernel (enqueue.cc)] NCHANNELS is: 4x3104c0s13b0n0:24983:26333 [3] NCCL INFO init.cc:392 Cuda Host Alloc Size 33554432 pointer 0x14cfda000000
x3104c0s13b0n0:24983:26333 [3] NCCL INFO init.cc:398 Cuda Host Alloc Size 128 pointer 0x14cff4e00200
x3104c0s13b0n0:24983:26333 [3] NCCL INFO comm 0x557824feb150 rank 3 nranks 20 cudaDev 3 busId c7000 - Init COMPLETE
x3104c0s13b0n0:24976:24976 [1] NCCL INFO AllReduce: opCount 0 sendbuff 0x1514c3c00200 recvbuff 0x1514c3c00200 count 1 datatype 1 op 0 root 0 comm 0x55924f34e060 [nranks=20] stream 0x559267b02520
x3104c0s13b0n0:24976:24976 [1] NCCL INFO misc/utils.cc:235 memory stack hunk malloc(65536)
[LYD INFO in ncclLaunchKernel (enqueue.cc)] NCHANNELS is: 4x3104c0s13b0n0:24983:24983 [3] NCCL INFO AllReduce: opCount 0 sendbuff 0x14d037600200 recvbuff 0x14d037600200 count 1 datatype 1 op 0 root 0 comm 0x557824feb150 [nranks=20] stream 0x55783f2a94c0
x3104c0s13b0n0:24983:24983 [3] NCCL INFO misc/utils.cc:235 memory stack hunk malloc(65536)
[LYD INFO in ncclLaunchKernel (enqueue.cc)] NCHANNELS is: 4
[LYD INFO in NCCL_KERN_NAME (common.h)] 0 AllReduce TREE LL Sum uint8_t Elapsed time: 997180 us
[Hao INFO in ncclAllReduce (all_reduce.cc)] rank 0 ncclAllReduce: count: 1, datatype: ncclUint8, message size: 1 Bytes
x3104c0s13b0n0:24975:24975 [0] NCCL INFO AllReduce: opCount 1 sendbuff 0x151e03600000 recvbuff 0x151e03600000 count 1 datatype 1 op 0 root 0 comm 0x5599375d8da0 [nranks=20] stream 0x559953531540

[LYD INFO in ncclAllReduce (all_reduce.cc)] rank 0 AllReduce Time: 0.000033000 seconds

