x3104c0s1b1n0:12779:16468 [0] NCCL INFO channel.cc:27 Cuda Alloc Size 8 pointer 0x14f53380bc00
x3104c0s1b1n0:12779:16468 [0] NCCL INFO GPU Direct RDMA Disabled for GPU 7000 / HCA 0 (distance 7 > 4)
x3104c0s1b1n0:12782:16466 [1] NCCL INFO NET/IB : GPU Direct RDMA Enabled for HCA 0 'mlx5_0'
x3104c0s1b1n0:12782:16466 [1] NCCL INFO NET/IB : GPU Direct RDMA Enabled for HCA 1 'mlx5_1'
x3104c0s1b1n0:12782:16466 [1] NCCL INFO GPU Direct RDMA Disabled for GPU 46000 / HCA 1 (distance 6 > 4)
x3104c0s1b1n0:12782:16466 [1] NCCL INFO GPU Direct RDMA Disabled for GPU 46000 / HCA 0 (distance 7 > 4)
x3104c0s1b1n0:12782:16466 [1] NCCL INFO GPU Direct RDMA Disabled for GPU 46000 / HCA 1 (distance 6 > 4)
x3104c0s1b1n0:12782:16466 [1] NCCL INFO GPU Direct RDMA Disabled for GPU 46000 / HCA 0 (distance 7 > 4)
x3104c0s1b1n0:12782:16466 [1] NCCL INFO === System : maxBw 12.0 totalBw 24.0 ===
x3104c0s1b1n0:12782:16466 [1] NCCL INFO CPU/2 (1/2/-1)
x3104c0s1b1n0:12782:16466 [1] NCCL INFO + SYS[5000.0] - CPU/0
x3104c0s1b1n0:12782:16466 [1] NCCL INFO + PCI[24.0] - PCI/44000 (11f8406811f8beef)
x3104c0s1b1n0:12782:16466 [1] NCCL INFO               + PCI[24.0] - GPU/46000 (1)
x3104c0s1b1n0:12782:16466 [1] NCCL INFO + PCI[12.0] - NIC/43000
x3104c0s1b1n0:12782:16466 [1] NCCL INFO               + NET[12.5] - NET/1 (84a70cffffa4e988/1/12.500000)
x3104c0s1b1n0:12782:16466 [1] NCCL INFO CPU/0 (1/2/-1)
x3104c0s1b1n0:12782:16466 [1] NCCL INFO + SYS[5000.0] - CPU/2
x3104c0s1b1n0:12782:16466 [1] NCCL INFO + PCI[12.0] - NIC/C8000
x3104c0s1b1n0:12782:16466 [1] NCCL INFO               + NET[12.5] - NET/0 (68970cffffa4e988/1/12.500000)
x3104c0s1b1n0:12782:16466 [1] NCCL INFO ==========================================
x3104c0s1b1n0:12782:16466 [1] NCCL INFO GPU/46000 :GPU/46000 (0/5000.000000/LOC) CPU/2 (2/24.000000/PHB) CPU/0 (3/24.000000/SYS) NET/1 (4/12.000000/PHB) NET/0 (5/12.000000/SYS) 
x3104c0s1b1n0:12782:16466 [1] NCCL INFO NET/1 :GPU/46000 (4/12.000000/PHB) CPU/2 (2/12.000000/PHB) CPU/0 (3/12.000000/SYS) NET/1 (0/5000.000000/LOC) NET/0 (5/12.000000/SYS) 
x3104c0s1b1n0:12782:16466 [1] NCCL INFO NET/0 :GPU/46000 (5/12.000000/SYS) CPU/2 (3/12.000000/SYS) CPU/0 (2/12.000000/PHB) NET/1 (5/12.000000/SYS) NET/0 (0/5000.000000/LOC) 
x3104c0s1b1n0:12782:16466 [1] NCCL INFO Pattern 4, crossNic 0, nChannels 1, bw 12.000000/12.000000, type LOC/PHB, sameChannels 1
x3104c0s1b1n0:12782:16466 [1] NCCL INFO  0 : NET/1 GPU/1 NET/1
x3104c0s1b1n0:12782:16466 [1] NCCL INFO Pattern 3, crossNic 0, nChannels 1, bw 24.000000/12.000000, type LOC/PHB, sameChannels 1
x3104c0s1b1n0:12782:16466 [1] NCCL INFO  0 : NET/1 GPU/1 NET/1
x3104c0s1b1n0:12782:16466 [1] NCCL INFO Pattern 3, crossNic 0, nChannels 0, bw 0.000000/0.000000, type LOC/PIX, sameChannels 1
x3104c0s1b1n0:12779:16470 [0] NCCL INFO Mem Realloc old size 0, new size 8 pointer 0x14f4f0000c60
x3104c0s1b1n0:12779:16470 [0] NCCL INFO Allocated 4194656 bytes of shared memory in /dev/shm/nccl-vEKZvv

x3104c0s1b1n0:12779:16470 [0] NCCL INFO New proxy recv connection 0 from local rank 0, transport 2
x3104c0s1b1n0:12779:16468 [0] NCCL INFO Connection to proxy localRank 0 -> connection 0x14f4f0000c80
x3104c0s1b1n0:12791:16471 [3] NCCL INFO Mem Realloc old size 0, new size 8 pointer 0x15153c000c60
x3104c0s1b1n0:12791:16471 [3] NCCL INFO Allocated 4194656 bytes of shared memory in /dev/shm/nccl-i8p16o

x3104c0s1b1n0:12791:16471 [3] NCCL INFO New proxy recv connection 0 from local rank 0, transport 2
x3104c0s1b1n0:12791:16469 [3] NCCL INFO Connection to proxy localRank 0 -> connection 0x15153c000c80
x3104c0s1b1n0:12782:16466 [1] NCCL INFO Tree 0 : 0 -> 1 -> -1/-1/-1
x3104c0s1b1n0:12782:16466 [1] NCCL INFO Tree 1 : -1 -> 1 -> 0/-1/-1
x3104c0s1b1n0:12782:16466 [1] NCCL INFO Ring 00 : 0 -> 1 -> 0
x3104c0s1b1n0:12782:16466 [1] NCCL INFO Ring 01 : 0 -> 1 -> 0
x3104c0s1b1n0:12782:16466 [1] NCCL INFO Trees [0] -1/-1/-1->1->0 [1] 0/-1/-1->1->-1
x3104c0s1b1n0:12782:16466 [1] NCCL INFO misc/utils.cc:235 memory stack hunk malloc(65536)
x3104c0s1b1n0:12782:16466 [1] NCCL INFO channel.cc:23 Cuda Alloc Size 1152 pointer 0x148be7809e00
x3104c0s1b1n0:12782:16466 [1] NCCL INFO channel.cc:27 Cuda Alloc Size 8 pointer 0x148be780a400
x3104c0s1b1n0:12782:16466 [1] NCCL INFO channel.cc:23 Cuda Alloc Size 1152 pointer 0x148be780a600
x3104c0s1b1n0:12782:16466 [1] NCCL INFO channel.cc:27 Cuda Alloc Size 8 pointer 0x148be780ac00
x3104c0s1b1n0:12782:16466 [1] NCCL INFO GPU Direct RDMA Disabled for GPU 46000 / HCA 1 (distance 6 > 4)
x3104c0s1b1n0:12782:16473 [1] NCCL INFO Mem Realloc old size 0, new size 8 pointer 0x148b98000c60
x3104c0s1b1n0:12782:16473 [1] NCCL INFO Allocated 4194656 bytes of shared memory in /dev/shm/nccl-DmHplI

x3104c0s1b1n0:12782:16473 [1] NCCL INFO New proxy recv connection 0 from local rank 0, transport 2
x3104c0s1b1n0:12779:16468 [0] NCCL INFO Channel 00/0 : 0[7000] -> 1[7000] [receive] via NET/IB/0
x3104c0s1b1n0:12779:16468 [0] NCCL INFO GPU Direct RDMA Disabled for GPU 7000 / HCA 1 (distance 7 > 4)
x3104c0s1b1n0:12779:16470 [0] NCCL INFO New proxy recv connection 1 from local rank 0, transport 2
x3104c0s1b1n0:12789:16467 [2] NCCL INFO Tree 0 : 0 -> 1 -> -1/-1/-1
x3104c0s1b1n0:12789:16467 [2] NCCL INFO Tree 2 : -1 -> 1 -> 0/-1/-1
x3104c0s1b1n0:12789:16467 [2] NCCL INFO Tree 1 : 0 -> 1 -> -1/-1/-1
x3104c0s1b1n0:12789:16467 [2] NCCL INFO Tree 3 : -1 -> 1 -> 0/-1/-1
x3104c0s1b1n0:12789:16467 [2] NCCL INFO Ring 00 : 0 -> 1 -> 0
x3104c0s1b1n0:12789:16467 [2] NCCL INFO Ring 01 : 0 -> 1 -> 0
x3104c0s1b1n0:12789:16467 [2] NCCL INFO Ring 02 : 0 -> 1 -> 0
x3104c0s1b1n0:12789:16467 [2] NCCL INFO Ring 03 : 0 -> 1 -> 0
x3104c0s1b1n0:12789:16467 [2] NCCL INFO Trees [0] -1/-1/-1->1->0 [1] -1/-1/-1->1->0 [2] 0/-1/-1->1->-1 [3] 0/-1/-1->1->-1
x3104c0s1b1n0:12789:16467 [2] NCCL INFO misc/utils.cc:235 memory stack hunk malloc(65536)
x3104c0s1b1n0:12789:16467 [2] NCCL INFO channel.cc:23 Cuda Alloc Size 1152 pointer 0x1503a1809e00
x3104c0s1b1n0:12789:16467 [2] NCCL INFO channel.cc:27 Cuda Alloc Size 8 pointer 0x1503a180a400
x3104c0s1b1n0:12789:16467 [2] NCCL INFO channel.cc:23 Cuda Alloc Size 1152 pointer 0x1503a180a600
x3104c0s1b1n0:12789:16467 [2] NCCL INFO channel.cc:27 Cuda Alloc Size 8 pointer 0x1503a180ac00
x3104c0s1b1n0:12789:16467 [2] NCCL INFO channel.cc:23 Cuda Alloc Size 1152 pointer 0x1503a180ae00
x3104c0s1b1n0:12789:16467 [2] NCCL INFO channel.cc:27 Cuda Alloc Size 8 pointer 0x1503a180b400
x3104c0s1b1n0:12789:16467 [2] NCCL INFO channel.cc:23 Cuda Alloc Size 1152 pointer 0x1503a180b600
x3104c0s1b1n0:12789:16467 [2] NCCL INFO channel.cc:27 Cuda Alloc Size 8 pointer 0x1503a180bc00
x3104c0s1b1n0:12789:16467 [2] NCCL INFO GPU Direct RDMA Disabled for GPU 85000 / HCA 0 (distance 7 > 4)
x3104c0s1b1n0:12791:16469 [3] NCCL INFO Channel 00/0 : 0[c7000] -> 1[c7000] [receive] via NET/IB/0
x3104c0s1b1n0:12791:16469 [3] NCCL INFO GPU Direct RDMA Disabled for GPU c7000 / HCA 0 (distance 6 > 4)
x3104c0s1b1n0:12789:16472 [2] NCCL INFO Mem Realloc old size 0, new size 8 pointer 0x150360000c60
x3104c0s1b1n0:12789:16472 [2] NCCL INFO Allocated 4194656 bytes of shared memory in /dev/shm/nccl-vWOBWf

x3104c0s1b1n0:12789:16472 [2] NCCL INFO New proxy recv connection 0 from local rank 0, transport 2
x3104c0s1b1n0:12791:16471 [3] NCCL INFO New proxy recv connection 1 from local rank 0, transport 2
x3104c0s1b1n0:12782:16466 [1] NCCL INFO Connection to proxy localRank 0 -> connection 0x148b98000c80
x3104c0s1b1n0:12779:16468 [0] NCCL INFO Connection to proxy localRank 0 -> connection 0x14f4f0000cc0
x3104c0s1b1n0:12789:16467 [2] NCCL INFO Connection to proxy localRank 0 -> connection 0x150360000c80
x3104c0s1b1n0:12782:16466 [1] NCCL INFO Channel 00/0 : 0[46000] -> 1[46000] [receive] via NET/IB/1
x3104c0s1b1n0:12782:16466 [1] NCCL INFO GPU Direct RDMA Disabled for GPU 46000 / HCA 1 (distance 6 > 4)
x3104c0s1b1n0:12782:16473 [1] NCCL INFO New proxy recv connection 1 from local rank 0, transport 2
x3104c0s1b1n0:12791:16469 [3] NCCL INFO Connection to proxy localRank 0 -> connection 0x15153c000cc0
x3104c0s1b1n0:12782:16466 [1] NCCL INFO Connection to proxy localRank 0 -> connection 0x148b98000cc0
x3104c0s1b1n0:12779:16468 [0] NCCL INFO Channel 01/0 : 0[7000] -> 1[7000] [receive] via NET/IB/1
x3104c0s1b1n0:12779:16468 [0] NCCL INFO GPU Direct RDMA Disabled for GPU 7000 / HCA 0 (distance 7 > 4)
x3104c0s1b1n0:12779:16470 [0] NCCL INFO New proxy recv connection 2 from local rank 0, transport 2
x3104c0s1b1n0:12791:16469 [3] NCCL INFO Channel 01/0 : 0[c7000] -> 1[c7000] [receive] via NET/IB/0
x3104c0s1b1n0:12791:16469 [3] NCCL INFO GPU Direct RDMA Disabled for GPU c7000 / HCA 0 (distance 6 > 4)
x3104c0s1b1n0:12791:16471 [3] NCCL INFO New proxy send connection 2 from local rank 0, transport 2
x3104c0s1b1n0:12789:16467 [2] NCCL INFO Channel 00/0 : 0[85000] -> 1[85000] [receive] via NET/IB/0
x3104c0s1b1n0:12789:16467 [2] NCCL INFO GPU Direct RDMA Disabled for GPU 85000 / HCA 1 (distance 7 > 4)
x3104c0s1b1n0:12789:16472 [2] NCCL INFO New proxy recv connection 1 from local rank 0, transport 2
x3104c0s1b1n0:12782:16466 [1] NCCL INFO Channel 01/0 : 0[46000] -> 1[46000] [receive] via NET/IB/1
x3104c0s1b1n0:12782:16466 [1] NCCL INFO GPU Direct RDMA Disabled for GPU 46000 / HCA 1 (distance 6 > 4)
x3104c0s1b1n0:12782:16473 [1] NCCL INFO New proxy send connection 2 from local rank 0, transport 2
x3104c0s1b1n0:12779:16468 [0] NCCL INFO Connection to proxy localRank 0 -> connection 0x14f4f0000d00
x3104c0s1b1n0:12791:16469 [3] NCCL INFO Connection to proxy localRank 0 -> connection 0x15153c000d00
x3104c0s1b1n0:12791:16469 [3] NCCL INFO Channel 00/0 : 1[c7000] -> 0[c7000] [send] via NET/IB/0
x3104c0s1b1n0:12791:16469 [3] NCCL INFO GPU Direct RDMA Disabled for GPU c7000 / HCA 0 (distance 6 > 4)
x3104c0s1b1n0:12791:16471 [3] NCCL INFO New proxy send connection 3 from local rank 0, transport 2
x3104c0s1b1n0:12779:16468 [0] NCCL INFO Channel 02/0 : 0[7000] -> 1[7000] [receive] via NET/IB/0
x3104c0s1b1n0:12779:16468 [0] NCCL INFO GPU Direct RDMA Disabled for GPU 7000 / HCA 1 (distance 7 > 4)
x3104c0s1b1n0:12779:16470 [0] NCCL INFO New proxy recv connection 3 from local rank 0, transport 2
x3104c0s1b1n0:12782:16466 [1] NCCL INFO Connection to proxy localRank 0 -> connection 0x148b98000d00
x3104c0s1b1n0:12782:16466 [1] NCCL INFO Channel 00/0 : 1[46000] -> 0[46000] [send] via NET/IB/1
x3104c0s1b1n0:12782:16466 [1] NCCL INFO GPU Direct RDMA Disabled for GPU 46000 / HCA 1 (distance 6 > 4)
x3104c0s1b1n0:12782:16473 [1] NCCL INFO New proxy send connection 3 from local rank 0, transport 2
x3104c0s1b1n0:12789:16467 [2] NCCL INFO Connection to proxy localRank 0 -> connection 0x150360000cc0
x3104c0s1b1n0:12782:16466 [1] NCCL INFO Connection to proxy localRank 0 -> connection 0x148b98000d40
x3104c0s1b1n0:12782:16466 [1] NCCL INFO Channel 01/0 : 1[46000] -> 0[46000] [send] via NET/IB/1
x3104c0s1b1n0:12791:16469 [3] NCCL INFO Connection to proxy localRank 0 -> connection 0x15153c000d40
x3104c0s1b1n0:12791:16469 [3] NCCL INFO Channel 01/0 : 1[c7000] -> 0[c7000] [send] via NET/IB/0
x3104c0s1b1n0:12791:16471 [3] NCCL INFO transport/net_ib.cc:596 Ib Alloc Size 26560 pointer 0x15153c01d000
x3104c0s1b1n0:12791:16471 [3] NCCL INFO NET/IB: Dev 0 Port 1 qpn 11506 mtu 5 GID 0 (80FE/AA2100FEFF000000)
x3104c0s1b1n0:12791:16471 [3] NCCL INFO transport/net_ib.cc:653 Ib Alloc Size 552 pointer 0x15153c035000
x3104c0s1b1n0:12791:16471 [3] NCCL INFO transport/net.cc:571 Cuda Host Alloc Size 9641984 pointer 0x15157ba00000
x3104c0s1b1n0:12779:16468 [0] NCCL INFO Connection to proxy localRank 0 -> connection 0x14f4f0000d40
x3104c0s1b1n0:12789:16467 [2] NCCL INFO Channel 01/0 : 0[85000] -> 1[85000] [receive] via NET/IB/1
x3104c0s1b1n0:12789:16467 [2] NCCL INFO GPU Direct RDMA Disabled for GPU 85000 / HCA 0 (distance 7 > 4)
x3104c0s1b1n0:12782:16473 [1] NCCL INFO transport/net_ib.cc:596 Ib Alloc Size 26560 pointer 0x148b9801d000
x3104c0s1b1n0:12789:16472 [2] NCCL INFO New proxy recv connection 2 from local rank 0, transport 2
x3104c0s1b1n0:12782:16473 [1] NCCL INFO NET/IB: Dev 1 Port 1 qpn 10436 mtu 5 GID 0 (80FE/EF2100FEFF000000)
x3104c0s1b1n0:12782:16473 [1] NCCL INFO transport/net_ib.cc:653 Ib Alloc Size 552 pointer 0x148b98035000
x3104c0s1b1n0:12782:16473 [1] NCCL INFO transport/net.cc:571 Cuda Host Alloc Size 9641984 pointer 0x148bc3400000
x3104c0s1b1n0:12791:16471 [3] NCCL INFO transport/net_ib.cc:596 Ib Alloc Size 26560 pointer 0x15153c037000
x3104c0s1b1n0:12782:16473 [1] NCCL INFO transport/net_ib.cc:596 Ib Alloc Size 26560 pointer 0x148b98037000
x3104c0s1b1n0:12791:16471 [3] NCCL INFO NET/IB: Dev 0 Port 1 qpn 11507 mtu 5 GID 0 (80FE/AA2100FEFF000000)
x3104c0s1b1n0:12791:16471 [3] NCCL INFO transport/net_ib.cc:653 Ib Alloc Size 552 pointer 0x15153c04e000
x3104c0s1b1n0:12782:16473 [1] NCCL INFO NET/IB: Dev 1 Port 1 qpn 10437 mtu 5 GID 0 (80FE/EF2100FEFF000000)
x3104c0s1b1n0:12782:16473 [1] NCCL INFO transport/net_ib.cc:653 Ib Alloc Size 552 pointer 0x148b9804e000
x3104c0s1b1n0:12782:16473 [1] NCCL INFO transport/net.cc:571 Cuda Host Alloc Size 9641984 pointer 0x148bfee00000
x3104c0s1b1n0:12791:16471 [3] NCCL INFO transport/net.cc:571 Cuda Host Alloc Size 9641984 pointer 0x15157c400000
x3104c0s1b1n0:12779:16468 [0] NCCL INFO Channel 03/0 : 0[7000] -> 1[7000] [receive] via NET/IB/1
x3104c0s1b1n0:12779:16468 [0] NCCL INFO GPU Direct RDMA Disabled for GPU 7000 / HCA 0 (distance 7 > 4)
x3104c0s1b1n0:12779:16470 [0] NCCL INFO New proxy send connection 4 from local rank 0, transport 2
x3104c0s1b1n0:12789:16467 [2] NCCL INFO Connection to proxy localRank 0 -> connection 0x150360000d00
x3104c0s1b1n0:12789:16467 [2] NCCL INFO Channel 02/0 : 0[85000] -> 1[85000] [receive] via NET/IB/0
x3104c0s1b1n0:12789:16467 [2] NCCL INFO GPU Direct RDMA Disabled for GPU 85000 / HCA 1 (distance 7 > 4)
x3104c0s1b1n0:12789:16472 [2] NCCL INFO New proxy recv connection 3 from local rank 0, transport 2
x3104c0s1b1n0:12782:16473 [1] NCCL INFO transport/net_ib.cc:683 Ib Alloc Size 21688 pointer 0x148b98050000
x3104c0s1b1n0:12782:16473 [1] NCCL INFO transport/net_ib.cc:696 Ib Alloc Size 552 pointer 0x148b98057000
x3104c0s1b1n0:12791:16471 [3] NCCL INFO transport/net_ib.cc:683 Ib Alloc Size 21688 pointer 0x15153c050000
x3104c0s1b1n0:12791:16471 [3] NCCL INFO transport/net_ib.cc:696 Ib Alloc Size 552 pointer 0x15153c057000
x3104c0s1b1n0:12779:16468 [0] NCCL INFO Connection to proxy localRank 0 -> connection 0x14f4f0000d80
x3104c0s1b1n0:12779:16468 [0] NCCL INFO Channel 00/0 : 1[7000] -> 0[7000] [send] via NET/IB/0
x3104c0s1b1n0:12779:16468 [0] NCCL INFO GPU Direct RDMA Disabled for GPU 7000 / HCA 1 (distance 7 > 4)
x3104c0s1b1n0:12779:16470 [0] NCCL INFO New proxy send connection 5 from local rank 0, transport 2
x3104c0s1b1n0:12782:16473 [1] NCCL INFO transport/net_ib.cc:771 Ib Alloc Size 552 pointer 0x148b98073000
x3104c0s1b1n0:12782:16473 [1] NCCL INFO transport/net.cc:698 Cuda Host Alloc Size 9641984 pointer 0x148bff800000
x3104c0s1b1n0:12789:16467 [2] NCCL INFO Connection to proxy localRank 0 -> connection 0x150360000d40
x3104c0s1b1n0:12791:16471 [3] NCCL INFO transport/net_ib.cc:771 Ib Alloc Size 552 pointer 0x15153c073000
x3104c0s1b1n0:12791:16471 [3] NCCL INFO transport/net.cc:698 Cuda Host Alloc Size 9641984 pointer 0x15157ce00000
x3104c0s1b1n0:12791:16471 [3] NCCL INFO transport/net_ib.cc:683 Ib Alloc Size 21688 pointer 0x15153c075000
x3104c0s1b1n0:12791:16471 [3] NCCL INFO transport/net_ib.cc:696 Ib Alloc Size 552 pointer 0x15153c07c000
x3104c0s1b1n0:12779:16468 [0] NCCL INFO Connection to proxy localRank 0 -> connection 0x14f4f0000dc0
x3104c0s1b1n0:12779:16468 [0] NCCL INFO Channel 01/0 : 1[7000] -> 0[7000] [send] via NET/IB/1
x3104c0s1b1n0:12779:16468 [0] NCCL INFO GPU Direct RDMA Disabled for GPU 7000 / HCA 0 (distance 7 > 4)
x3104c0s1b1n0:12791:16471 [3] NCCL INFO transport/net_ib.cc:771 Ib Alloc Size 552 pointer 0x15153c097000
x3104c0s1b1n0:12791:16471 [3] NCCL INFO transport/net.cc:698 Cuda Host Alloc Size 9641984 pointer 0x15157d800000
x3104c0s1b1n0:12779:16470 [0] NCCL INFO New proxy send connection 6 from local rank 0, transport 2
x3104c0s1b1n0:12782:16473 [1] NCCL INFO transport/net_ib.cc:683 Ib Alloc Size 21688 pointer 0x148b98075000
x3104c0s1b1n0:12782:16473 [1] NCCL INFO transport/net_ib.cc:696 Ib Alloc Size 552 pointer 0x148b9807c000
x3104c0s1b1n0:12789:16467 [2] NCCL INFO Channel 03/0 : 0[85000] -> 1[85000] [receive] via NET/IB/1
x3104c0s1b1n0:12789:16467 [2] NCCL INFO GPU Direct RDMA Disabled for GPU 85000 / HCA 0 (distance 7 > 4)
x3104c0s1b1n0:12789:16472 [2] NCCL INFO New proxy send connection 4 from local rank 0, transport 2
x3104c0s1b1n0:12782:16473 [1] NCCL INFO transport/net_ib.cc:771 Ib Alloc Size 552 pointer 0x148b98097000
x3104c0s1b1n0:12782:16473 [1] NCCL INFO transport/net.cc:698 Cuda Host Alloc Size 9641984 pointer 0x148c00200000
x3104c0s1b1n0:12791:16469 [3] NCCL INFO Connected all rings
x3104c0s1b1n0:12791:16469 [3] NCCL INFO Connected all trees by HAO
x3104c0s1b1n0:12791:16469 [3] NCCL INFO threadThresholds 8/8/64 | 16/8/64 | 512 | 512
x3104c0s1b1n0:12791:16469 [3] NCCL INFO 2 coll channels, 2 p2p channels, 2 p2p channels per peer
x3104c0s1b1n0:12791:16471 [3] NCCL INFO New proxy send connection 4 from local rank 0, transport 2
x3104c0s1b1n0:12782:16466 [1] NCCL INFO Connected all rings
x3104c0s1b1n0:12782:16466 [1] NCCL INFO Connected all trees by HAO
x3104c0s1b1n0:12782:16466 [1] NCCL INFO threadThresholds 8/8/64 | 16/8/64 | 512 | 512
x3104c0s1b1n0:12782:16466 [1] NCCL INFO 2 coll channels, 2 p2p channels, 2 p2p channels per peer
x3104c0s1b1n0:12782:16473 [1] NCCL INFO New proxy send connection 4 from local rank 0, transport 2
x3104c0s1b1n0:12782:16466 [1] NCCL INFO Connection to proxy localRank 0 -> connection 0x148b98000d80
x3104c0s1b1n0:12782:16466 [1] NCCL INFO init.cc:367 Cuda Alloc Size 5168 pointer 0x148be780ae00
x3104c0s1b1n0:12789:16467 [2] NCCL INFO Connection to proxy localRank 0 -> connection 0x150360000d80
x3104c0s1b1n0:12789:16467 [2] NCCL INFO Channel 00/0 : 1[85000] -> 0[85000] [send] via NET/IB/0
x3104c0s1b1n0:12789:16467 [2] NCCL INFO GPU Direct RDMA Disabled for GPU 85000 / HCA 1 (distance 7 > 4)
x3104c0s1b1n0:12789:16472 [2] NCCL INFO New proxy send connection 5 from local rank 0, transport 2
x3104c0s1b1n0:12779:16468 [0] NCCL INFO Connection to proxy localRank 0 -> connection 0x14f4f0000e00
x3104c0s1b1n0:12779:16468 [0] NCCL INFO Channel 02/0 : 1[7000] -> 0[7000] [send] via NET/IB/0
x3104c0s1b1n0:12779:16468 [0] NCCL INFO GPU Direct RDMA Disabled for GPU 7000 / HCA 1 (distance 7 > 4)
x3104c0s1b1n0:12779:16470 [0] NCCL INFO New proxy send connection 7 from local rank 0, transport 2
x3104c0s1b1n0:12791:16469 [3] NCCL INFO Connection to proxy localRank 0 -> connection 0x15153c000d80
x3104c0s1b1n0:12791:16469 [3] NCCL INFO init.cc:367 Cuda Alloc Size 5168 pointer 0x1515a7c0ae00
x3104c0s1b1n0:12791:16469 [3] NCCL INFO init.cc:392 Cuda Host Alloc Size 33554432 pointer 0x15157e200000
x3104c0s1b1n0:12791:16469 [3] NCCL INFO init.cc:398 Cuda Host Alloc Size 128 pointer 0x1515a7200600
x3104c0s1b1n0:12791:16469 [3] NCCL INFO comm 0x559ae6d2ee10 rank 1 nranks 2 cudaDev 3 busId c7000 - Init COMPLETE
x3104c0s1b1n0:12791:16471 [3] NCCL INFO transport/net.cc:376 Cuda Alloc Size 4194304 pointer 0x151580200000
x3104c0s1b1n0:12782:16473 [1] NCCL INFO transport/net.cc:376 Cuda Alloc Size 4194304 pointer 0x148bc9c00000
x3104c0s1b1n0:12782:16466 [1] NCCL INFO init.cc:392 Cuda Host Alloc Size 33554432 pointer 0x148c00c00000
x3104c0s1b1n0:12782:16466 [1] NCCL INFO init.cc:398 Cuda Host Alloc Size 128 pointer 0x148be6e00600
x3104c0s1b1n0:12782:16466 [1] NCCL INFO comm 0x556d0c2c62c0 rank 1 nranks 2 cudaDev 1 busId 46000 - Init COMPLETE
x3104c0s1b1n0:12789:16467 [2] NCCL INFO Connection to proxy localRank 0 -> connection 0x150360000dc0
x3104c0s1b1n0:12789:16467 [2] NCCL INFO Channel 01/0 : 1[85000] -> 0[85000] [send] via NET/IB/1
x3104c0s1b1n0:12789:16467 [2] NCCL INFO GPU Direct RDMA Disabled for GPU 85000 / HCA 0 (distance 7 > 4)
x3104c0s1b1n0:12789:16472 [2] NCCL INFO New proxy send connection 6 from local rank 0, transport 2
x3104c0s1b1n0:12782:12782 [1] NCCL INFO AllReduce: opCount 0 sendbuff 0x148bfd000000 recvbuff 0x148bfd000000 count 15206400 datatype 6 op 0 root 0 comm 0x556d0c2c62c0 [nranks=2] stream 0x556d0aab15d0
x3104c0s1b1n0:12782:12782 [1] NCCL INFO misc/utils.cc:235 memory stack hunk malloc(65536)
[LYD INFO in ncclLaunchKernel (enqueue.cc)] NCHANNELS is: 2 > number of parameters on (tensor, pipeline) model parallel rank (1, 4): 49843200
x3104c0s1b1n0:12779:16468 [0] NCCL INFO Connection to proxy localRank 0 -> connection 0x14f4f0000e40
x3104c0s1b1n0:12779:16468 [0] NCCL INFO Channel 03/0 : 1[7000] -> 0[7000] [send] via NET/IB/1
x3104c0s1b1n0:12789:16467 [2] NCCL INFO Connection to proxy localRank 0 -> connection 0x150360000e00
x3104c0s1b1n0:12789:16467 [2] NCCL INFO Channel 02/0 : 1[85000] -> 0[85000] [send] via NET/IB/0
x3104c0s1b1n0:12789:16467 [2] NCCL INFO GPU Direct RDMA Disabled for GPU 85000 / HCA 1 (distance 7 > 4)
x3104c0s1b1n0:12789:16472 [2] NCCL INFO New proxy send connection 7 from local rank 0, transport 2
x3104c0s1b1n0:12791:12791 [3] NCCL INFO AllReduce: opCount 0 sendbuff 0x151579c00000 recvbuff 0x151579c00000 count 15206400 datatype 6 op 0 root 0 comm 0x559ae6d2ee10 [nranks=2] stream 0x559ae3bc0a50
x3104c0s1b1n0:12791:12791 [3] NCCL INFO misc/utils.cc:235 memory stack hunk malloc(65536)
[LYD INFO in ncclLaunchKernel (enqueue.cc)] NCHANNELS is: 2 > number of parameters on (tensor, pipeline) model parallel rank (3, 4): 49843200

[LYD INFO in NCCL_FUNC_NAME (common.h)] 1 AllReduce RING SIMPLE Sum half Elapsed time: 34306 us

[LYD INFO in NCCL_KERN_NAME (common.h)] 1 AllReduce RING LL Sum half Elapsed time: 34428 us
x3104c0s1b1n0:12779:16470 [0] NCCL INFO transport/net_ib.cc:596 Ib Alloc Size 26560 pointer 0x14f4f0031000
x3104c0s1b1n0:12789:16467 [2] NCCL INFO Connection to proxy localRank 0 -> connection 0x150360000e40
x3104c0s1b1n0:12789:16467 [2] NCCL INFO Channel 03/0 : 1[85000] -> 0[85000] [send] via NET/IB/1
x3104c0s1b1n0:12789:16472 [2] NCCL INFO transport/net_ib.cc:596 Ib Alloc Size 26560 pointer 0x150360031000
x3104c0s1b1n0:12779:16470 [0] NCCL INFO NET/IB: Dev 0 Port 1 qpn 11512 mtu 5 GID 0 (80FE/AA2100FEFF000000)
x3104c0s1b1n0:12779:16470 [0] NCCL INFO transport/net_ib.cc:653 Ib Alloc Size 552 pointer 0x14f4f0049000
x3104c0s1b1n0:12779:16470 [0] NCCL INFO transport/net.cc:571 Cuda Host Alloc Size 9641984 pointer 0x14f546e00000
x3104c0s1b1n0:12789:16472 [2] NCCL INFO NET/IB: Dev 0 Port 1 qpn 11513 mtu 5 GID 0 (80FE/AA2100FEFF000000)
x3104c0s1b1n0:12789:16472 [2] NCCL INFO transport/net_ib.cc:653 Ib Alloc Size 552 pointer 0x150360053000
x3104c0s1b1n0:12789:16472 [2] NCCL INFO transport/net.cc:571 Cuda Host Alloc Size 9641984 pointer 0x1503b7600000
x3104c0s1b1n0:12789:16472 [2] NCCL INFO Mem Realloc old size 0, new size 768 pointer 0x150360052020
x3104c0s1b1n0:12791:12791 [3] NCCL INFO AllReduce: opCount 4 sendbuff 0x1515a2e00400 recvbuff 0x1515a2e00400 count 1 datatype 1 op 0 root 0 comm 0x559ae0448de0 [nranks=20] stream 0x559ae3bc0910
[LYD INFO in ncclLaunchKernel (enqueue.cc)] NCHANNELS is: 4
[LYD INFO in NCCL_FUNC_NAME (common.h)] 1 AllReduce RING SIMPLE Sum half Elapsed time: 252029 us

[LYD INFO in NCCL_KERN_NAME (common.h)] 1 AllReduce RING LL Sum half Elapsed time: 252153 us
x3104c0s1b1n0:12782:12782 [1] NCCL INFO AllReduce: opCount 4 sendbuff 0x148c2b600400 recvbuff 0x148c2b600400 count 1 datatype 1 op 0 root 0 comm 0x556cf5209ce0 [nranks=20] stream 0x556d0aab1490
[LYD INFO in ncclLaunchKernel (enqueue.cc)] NCHANNELS is: 4x3104c0s1b1n0:12779:16470 [0] NCCL INFO transport/net_ib.cc:596 Ib Alloc Size 26560 pointer 0x14f4f004b000
x3104c0s1b1n0:12779:16470 [0] NCCL INFO NET/IB: Dev 1 Port 1 qpn 10442 mtu 5 GID 0 (80FE/EF2100FEFF000000)
x3104c0s1b1n0:12779:16470 [0] NCCL INFO transport/net_ib.cc:653 Ib Alloc Size 552 pointer 0x14f4f0062000
x3104c0s1b1n0:12779:16470 [0] NCCL INFO transport/net.cc:571 Cuda Host Alloc Size 9641984 pointer 0x14f547800000
x3104c0s1b1n0:12779:16470 [0] NCCL INFO transport/net_ib.cc:596 Ib Alloc Size 26560 pointer 0x14f4f0064000
x3104c0s1b1n0:12779:16470 [0] NCCL INFO NET/IB: Dev 0 Port 1 qpn 11514 mtu 5 GID 0 (80FE/AA2100FEFF000000)
x3104c0s1b1n0:12779:16470 [0] NCCL INFO transport/net_ib.cc:653 Ib Alloc Size 552 pointer 0x14f4f007b000
x3104c0s1b1n0:12779:16470 [0] NCCL INFO transport/net.cc:571 Cuda Host Alloc Size 9641984 pointer 0x14f548200000
x3104c0s1b1n0:12789:16472 [2] NCCL INFO transport/net_ib.cc:596 Ib Alloc Size 26560 pointer 0x150360055000
x3104c0s1b1n0:12789:16472 [2] NCCL INFO NET/IB: Dev 1 Port 1 qpn 10443 mtu 5 GID 0 (80FE/EF2100FEFF000000)
x3104c0s1b1n0:12789:16472 [2] NCCL INFO transport/net_ib.cc:653 Ib Alloc Size 552 pointer 0x150360076000
x3104c0s1b1n0:12789:16472 [2] NCCL INFO transport/net.cc:571 Cuda Host Alloc Size 9641984 pointer 0x1503b8000000
x3104c0s1b1n0:12789:16472 [2] NCCL INFO Mem Realloc old size 0, new size 768 pointer 0x1503600610e0
x3104c0s1b1n0:12779:16470 [0] NCCL INFO transport/net_ib.cc:596 Ib Alloc Size 26560 pointer 0x14f4f007d000
x3104c0s1b1n0:12779:16470 [0] NCCL INFO NET/IB: Dev 1 Port 1 qpn 10444 mtu 5 GID 0 (80FE/EF2100FEFF000000)
x3104c0s1b1n0:12779:16470 [0] NCCL INFO transport/net_ib.cc:653 Ib Alloc Size 552 pointer 0x14f4f0094000
x3104c0s1b1n0:12779:16470 [0] NCCL INFO transport/net.cc:571 Cuda Host Alloc Size 9641984 pointer 0x14f548c00000
x3104c0s1b1n0:12789:16472 [2] NCCL INFO transport/net_ib.cc:596 Ib Alloc Size 26560 pointer 0x150360078000
x3104c0s1b1n0:12789:16472 [2] NCCL INFO NET/IB: Dev 0 Port 1 qpn 11515 mtu 5 GID 0 (80FE/AA2100FEFF000000)
x3104c0s1b1n0:12789:16472 [2] NCCL INFO transport/net_ib.cc:653 Ib Alloc Size 552 pointer 0x15036008f000
x3104c0s1b1n0:12789:16472 [2] NCCL INFO transport/net.cc:571 Cuda Host Alloc Size 9641984 pointer 0x1503b8a00000
x3104c0s1b1n0:12789:16472 [2] NCCL INFO transport/net_ib.cc:596 Ib Alloc Size 26560 pointer 0x150360091000
x3104c0s1b1n0:12789:16472 [2] NCCL INFO NET/IB: Dev 1 Port 1 qpn 10445 mtu 5 GID 0 (80FE/EF2100FEFF000000)
x3104c0s1b1n0:12789:16472 [2] NCCL INFO transport/net_ib.cc:653 Ib Alloc Size 552 pointer 0x1503600a8000
x3104c0s1b1n0:12789:16472 [2] NCCL INFO transport/net.cc:571 Cuda Host Alloc Size 9641984 pointer 0x1503b9400000
x3104c0s1b1n0:12779:16470 [0] NCCL INFO transport/net_ib.cc:683 Ib Alloc Size 21688 pointer 0x14f4f0096000
x3104c0s1b1n0:12779:16470 [0] NCCL INFO transport/net_ib.cc:696 Ib Alloc Size 552 pointer 0x14f4f009d000
x3104c0s1b1n0:12789:16472 [2] NCCL INFO transport/net_ib.cc:683 Ib Alloc Size 21688 pointer 0x1503600aa000
x3104c0s1b1n0:12789:16472 [2] NCCL INFO transport/net_ib.cc:696 Ib Alloc Size 552 pointer 0x1503600b1000
x3104c0s1b1n0:12779:16470 [0] NCCL INFO transport/net_ib.cc:771 Ib Alloc Size 552 pointer 0x14f4f00b9000
x3104c0s1b1n0:12789:16472 [2] NCCL INFO transport/net_ib.cc:771 Ib Alloc Size 552 pointer 0x1503600b1000
x3104c0s1b1n0:12789:16472 [2] NCCL INFO transport/net.cc:698 Cuda Host Alloc Size 9641984 pointer 0x1503b9e00000
x3104c0s1b1n0:12779:16470 [0] NCCL INFO transport/net.cc:698 Cuda Host Alloc Size 9641984 pointer 0x14f549600000
x3104c0s1b1n0:12779:16470 [0] NCCL INFO transport/net_ib.cc:683 Ib Alloc Size 21688 pointer 0x14f4f00bb000
x3104c0s1b1n0:12779:16470 [0] NCCL INFO transport/net_ib.cc:696 Ib Alloc Size 552 pointer 0x14f4f00c2000
x3104c0s1b1n0:12779:16470 [0] NCCL INFO transport/net_ib.cc:771 Ib Alloc Size 552 pointer 0x14f4f00dd000
x3104c0s1b1n0:12779:16470 [0] NCCL INFO transport/net.cc:698 Cuda Host Alloc Size 9641984 pointer 0x14f54a000000
x3104c0s1b1n0:12789:16472 [2] NCCL INFO transport/net_ib.cc:683 Ib Alloc Size 21688 pointer 0x1503600cd000
x3104c0s1b1n0:12789:16472 [2] NCCL INFO transport/net_ib.cc:696 Ib Alloc Size 552 pointer 0x1503600d4000
x3104c0s1b1n0:12789:16472 [2] NCCL INFO transport/net_ib.cc:771 Ib Alloc Size 552 pointer 0x1503600f0000
x3104c0s1b1n0:12779:16470 [0] NCCL INFO transport/net_ib.cc:683 Ib Alloc Size 21688 pointer 0x14f4f00df000
x3104c0s1b1n0:12779:16470 [0] NCCL INFO transport/net_ib.cc:696 Ib Alloc Size 552 pointer 0x14f4f00e6000
x3104c0s1b1n0:12789:16472 [2] NCCL INFO transport/net.cc:698 Cuda Host Alloc Size 9641984 pointer 0x1503ba800000
x3104c0s1b1n0:12779:16470 [0] NCCL INFO transport/net_ib.cc:771 Ib Alloc Size 552 pointer 0x14f4f0101000
x3104c0s1b1n0:12779:16470 [0] NCCL INFO transport/net.cc:698 Cuda Host Alloc Size 9641984 pointer 0x14f54aa00000
x3104c0s1b1n0:12789:16472 [2] NCCL INFO transport/net_ib.cc:683 Ib Alloc Size 21688 pointer 0x1503600f2000
x3104c0s1b1n0:12789:16472 [2] NCCL INFO transport/net_ib.cc:696 Ib Alloc Size 552 pointer 0x1503600f9000
x3104c0s1b1n0:12789:16472 [2] NCCL INFO transport/net_ib.cc:771 Ib Alloc Size 552 pointer 0x150360114000
x3104c0s1b1n0:12789:16472 [2] NCCL INFO transport/net.cc:698 Cuda Host Alloc Size 9641984 pointer 0x1503bb200000
x3104c0s1b1n0:12779:16470 [0] NCCL INFO transport/net_ib.cc:683 Ib Alloc Size 21688 pointer 0x14f4f0103000
x3104c0s1b1n0:12779:16470 [0] NCCL INFO transport/net_ib.cc:696 Ib Alloc Size 552 pointer 0x14f4f010a000
x3104c0s1b1n0:12779:16470 [0] NCCL INFO transport/net_ib.cc:771 Ib Alloc Size 552 pointer 0x14f4f0125000
x3104c0s1b1n0:12779:16470 [0] NCCL INFO transport/net.cc:698 Cuda Host Alloc Size 9641984 pointer 0x14f54b400000
x3104c0s1b1n0:12789:16472 [2] NCCL INFO transport/net_ib.cc:683 Ib Alloc Size 21688 pointer 0x150360116000
x3104c0s1b1n0:12789:16472 [2] NCCL INFO transport/net_ib.cc:696 Ib Alloc Size 552 pointer 0x15036011d000
x3104c0s1b1n0:12789:16472 [2] NCCL INFO transport/net_ib.cc:771 Ib Alloc Size 552 pointer 0x150360138000
x3104c0s1b1n0:12789:16472 [2] NCCL INFO transport/net.cc:698 Cuda Host Alloc Size 9641984 pointer 0x1503bbc00000
x3104c0s1b1n0:12779:16468 [0] NCCL INFO Connected all rings
x3104c0s1b1n0:12779:16468 [0] NCCL INFO Connected all trees by HAO
x3104c0s1b1n0:12779:16468 [0] NCCL INFO threadThresholds 8/8/64 | 16/8/64 | 512 | 512
x3104c0s1b1n0:12779:16468 [0] NCCL INFO 4 coll channels, 4 p2p channels, 2 p2p channels per peer
x3104c0s1b1n0:12779:16470 [0] NCCL INFO New proxy send connection 8 from local rank 0, transport 2
x3104c0s1b1n0:12789:16467 [2] NCCL INFO Connected all rings
x3104c0s1b1n0:12789:16467 [2] NCCL INFO Connected all trees by HAO
x3104c0s1b1n0:12789:16467 [2] NCCL INFO threadThresholds 8/8/64 | 16/8/64 | 512 | 512
x3104c0s1b1n0:12789:16467 [2] NCCL INFO 4 coll channels, 4 p2p channels, 2 p2p channels per peer
x3104c0s1b1n0:12789:16472 [2] NCCL INFO New proxy send connection 8 from local rank 0, transport 2
x3104c0s1b1n0:12779:16468 [0] NCCL INFO Connection to proxy localRank 0 -> connection 0x14f4f0000e80
x3104c0s1b1n0:12779:16468 [0] NCCL INFO init.cc:367 Cuda Alloc Size 5168 pointer 0x14f53380be00
x3104c0s1b1n0:12789:16467 [2] NCCL INFO Connection to proxy localRank 0 -> connection 0x150360000e80
x3104c0s1b1n0:12789:16467 [2] NCCL INFO init.cc:367 Cuda Alloc Size 5168 pointer 0x1503a180be00
x3104c0s1b1n0:12779:16468 [0] NCCL INFO init.cc:392 Cuda Host Alloc Size 33554432 pointer 0x14f54be00000
x3104c0s1b1n0:12779:16468 [0] NCCL INFO init.cc:398 Cuda Host Alloc Size 128 pointer 0x14f532e00600
x3104c0s1b1n0:12779:16468 [0] NCCL INFO comm 0x5612836975d0 rank 1 nranks 2 cudaDev 0 busId 7000 - Init COMPLETE
x3104c0s1b1n0:12779:16470 [0] NCCL INFO transport/net.cc:376 Cuda Alloc Size 8388608 pointer 0x14f54de00000
x3104c0s1b1n0:12779:12779 [0] NCCL INFO AllReduce: opCount 0 sendbuff 0x14f545000000 recvbuff 0x14f545000000 count 15206400 datatype 6 op 0 root 0 comm 0x5612836975d0 [nranks=2] stream 0x561281f23870
x3104c0s1b1n0:12779:12779 [0] NCCL INFO misc/utils.cc:235 memory stack hunk malloc(65536)
[LYD INFO in ncclLaunchKernel (enqueue.cc)] NCHANNELS is: 4x3104c0s1b1n0:12789:16472 [2] NCCL INFO transport/net.cc:376 Cuda Alloc Size 8388608 pointer 0x1503be600000
x3104c0s1b1n0:12789:16467 [2] NCCL INFO init.cc:392 Cuda Host Alloc Size 33554432 pointer 0x1503bc600000
x3104c0s1b1n0:12789:16467 [2] NCCL INFO init.cc:398 Cuda Host Alloc Size 128 pointer 0x1503a0e00600
x3104c0s1b1n0:12789:16467 [2] NCCL INFO comm 0x564e260a6a40 rank 1 nranks 2 cudaDev 2 busId 85000 - Init COMPLETE
 > number of parameters on (tensor, pipeline) model parallel rank (0, 4): 49843200

[LYD INFO in NCCL_FUNC_NAME (common.h)] 1 AllReduce RING SIMPLE Sum half Elapsed time: 11549 us

[LYD INFO in NCCL_KERN_NAME (common.h)] 1 AllReduce RING LL Sum half Elapsed time: 11668 us
x3104c0s1b1n0:12779:12779 [0] NCCL INFO AllReduce: opCount 4 sendbuff 0x14f573600400 recvbuff 0x14f573600400 count 1 datatype 1 op 0 root 0 comm 0x5612645f3280 [nranks=20] stream 0x561281f23730
[LYD INFO in ncclLaunchKernel (enqueue.cc)] NCHANNELS is: 4x3104c0s1b1n0:12789:12789 [2] NCCL INFO AllReduce: opCount 0 sendbuff 0x1503b5800000 recvbuff 0x1503b5800000 count 15206400 datatype 6 op 0 root 0 comm 0x564e260a6a40 [nranks=2] stream 0x564e24903d00
x3104c0s1b1n0:12789:12789 [2] NCCL INFO misc/utils.cc:235 memory stack hunk malloc(65536)
[LYD INFO in ncclLaunchKernel (enqueue.cc)] NCHANNELS is: 4 > number of parameters on (tensor, pipeline) model parallel rank (2, 4): 49843200

[LYD INFO in NCCL_FUNC_NAME (common.h)] 1 AllReduce RING SIMPLE Sum half Elapsed time: 10993 us

[LYD INFO in NCCL_KERN_NAME (common.h)] 1 AllReduce RING LL Sum half Elapsed time: 11087 us
x3104c0s1b1n0:12789:12789 [2] NCCL INFO AllReduce: opCount 4 sendbuff 0x1503e3600400 recvbuff 0x1503e3600400 count 1 datatype 1 op 0 root 0 comm 0x564e043a63f0 [nranks=20] stream 0x564e24903bc0
[LYD INFO in ncclLaunchKernel (enqueue.cc)] NCHANNELS is: 4
[LYD INFO in NCCL_KERN_NAME (common.h)] 17 AllReduce TREE LL Sum uint8_t Elapsed time: 1269905 us
x3104c0s1b1n0:12782:12782 [1] NCCL INFO AllReduce: opCount 5 sendbuff 0x148c2b788800 recvbuff 0x148c2b788800 count 1 datatype 1 op 0 root 0 comm 0x556cf5209ce0 [nranks=20] stream 0x556d0aab1490
[LYD INFO in ncclLaunchKernel (enqueue.cc)] NCHANNELS is: 4
[LYD INFO in NCCL_KERN_NAME (common.h)] 18 AllReduce TREE LL Sum uint8_t Elapsed time: 42057 us
x3104c0s1b1n0:12789:12789 [2] NCCL INFO AllReduce: opCount 5 sendbuff 0x1503e3788800 recvbuff 0x1503e3788800 count 1 datatype 1 op 0 root 0 comm 0x564e043a63f0 [nranks=20] stream 0x564e24903bc0
[LYD INFO in ncclLaunchKernel (enqueue.cc)] NCHANNELS is: 4
[LYD INFO in NCCL_KERN_NAME (common.h)] 16 AllReduce TREE LL Sum uint8_t Elapsed time: 64880 us
x3104c0s1b1n0:12779:12779 [0] NCCL INFO AllReduce: opCount 5 sendbuff 0x14f573788800 recvbuff 0x14f573788800 count 1 datatype 1 op 0 root 0 comm 0x5612645f3280 [nranks=20] stream 0x561281f23730
[LYD INFO in ncclLaunchKernel (enqueue.cc)] NCHANNELS is: 4
[LYD INFO in NCCL_KERN_NAME (common.h)] 19 AllReduce TREE LL Sum uint8_t Elapsed time: 1280890 us
x3104c0s1b1n0:12791:12791 [3] NCCL INFO AllReduce: opCount 5 sendbuff 0x1515a2f88800 recvbuff 0x1515a2f88800 count 1 datatype 1 op 0 root 0 comm 0x559ae0448de0 [nranks=20] stream 0x559ae3bc0910
[LYD INFO in ncclLaunchKernel (enqueue.cc)] NCHANNELS is: 4
[LYD INFO in NCCL_KERN_NAME (common.h)] 19 AllReduce TREE LL Sum uint8_t Elapsed time: 35605 us
time (ms) | load-checkpoint: 35.90
x3104c0s1b1n0:12791:12791 [3] NCCL INFO AllReduce: opCount 6 sendbuff 0x1515a2e00400 recvbuff 0x1515a2e00400 count 1 datatype 1 op 0 root 0 comm 0x559ae0448de0 [nranks=20] stream 0x559ae3bc0910
[LYD INFO in ncclLaunchKernel (enqueue.cc)] NCHANNELS is: 4
[LYD INFO in NCCL_KERN_NAME (common.h)] 16 AllReduce TREE LL Sum uint8_t Elapsed time: 52669 us
x3104c0s1b1n0:12779:12779 [0] NCCL INFO AllReduce: opCount 6 sendbuff 0x14f573600400 recvbuff 0x14f573600400 count 1 datatype 1 op 0 root 0 comm 0x5612645f3280 [nranks=20] stream 0x561281f23730
[LYD INFO in ncclLaunchKernel (enqueue.cc)] NCHANNELS is: 4
[LYD INFO in NCCL_KERN_NAME (common.h)] 17 AllReduce TREE LL Sum uint8_t Elapsed time: 86211 us
x3104c0s1b1n0:12782:12782 [1] NCCL INFO AllReduce: opCount 6 sendbuff 0x148c2b600400 recvbuff 0x148c2b600400 count 1 datatype 1 op 0 root 0 comm 0x556cf5209ce0 [nranks=20] stream 0x556d0aab1490
[LYD INFO in ncclLaunchKernel (enqueue.cc)] NCHANNELS is: 4
[LYD INFO in NCCL_KERN_NAME (common.h)] 18 AllReduce TREE LL Sum uint8_t Elapsed time: 57811 us
x3104c0s1b1n0:12789:12789 [2] NCCL INFO AllReduce: opCount 6 sendbuff 0x1503e3600400 recvbuff 0x1503e3600400 count 1 datatype 1 op 0 root 0 comm 0x564e043a63f0 [nranks=20] stream 0x564e24903bc0
[LYD INFO in ncclLaunchKernel (enqueue.cc)] NCHANNELS is: 4
[LYD INFO in NCCL_KERN_NAME (common.h)] 19 AllReduce TREE LL Sum uint8_t Elapsed time: 79429 us

[LYD INFO in NCCL_KERN_NAME (common.h)] 17 AllReduce TREE LL Sum uint8_t Elapsed time: 64109 us

[LYD INFO in NCCL_KERN_NAME (common.h)] 18 AllReduce TREE LL Sum uint8_t Elapsed time: 20595 us

[LYD INFO in NCCL_KERN_NAME (common.h)] 16 AllReduce TREE LL Sum uint8_t Elapsed time: 73986 us
NCCL version 2.14.3+cuda11.8
x3104c0s1b1n0:12779:12779 [0] NCCL INFO init.cc:1147 Cuda Host Alloc Size 4 pointer 0x14f532e00800
x3104c0s1b1n0:12779:16718 [0] NCCL INFO Using network IB
x3104c0s1b1n0:12779:16718 [0] NCCL INFO NET/IB : GPU Direct RDMA Enabled for HCA 0 'mlx5_0'
x3104c0s1b1n0:12779:16718 [0] NCCL INFO NET/IB : GPU Direct RDMA Enabled for HCA 1 'mlx5_1'
x3104c0s1b1n0:12779:16718 [0] NCCL INFO GPU Direct RDMA Disabled for GPU 7000 / HCA 0 (distance 7 > 4)
x3104c0s1b1n0:12779:16718 [0] NCCL INFO GPU Direct RDMA Disabled for GPU 7000 / HCA 1 (distance 7 > 4)
x3104c0s1b1n0:12779:16718 [0] NCCL INFO === System : maxBw 5000.0 totalBw 0.0 ===
x3104c0s1b1n0:12779:16718 [0] NCCL INFO CPU/3 (1/2/-1)
x3104c0s1b1n0:12779:16718 [0] NCCL INFO + SYS[5000.0] - CPU/0
x3104c0s1b1n0:12779:16718 [0] NCCL INFO + SYS[5000.0] - CPU/2
x3104c0s1b1n0:12779:16718 [0] NCCL INFO + PCI[24.0] - PCI/5000 (11f8406811f8beef)
x3104c0s1b1n0:12779:16718 [0] NCCL INFO               + PCI[24.0] - GPU/7000 (0)
x3104c0s1b1n0:12779:16718 [0] NCCL INFO CPU/0 (1/2/-1)
x3104c0s1b1n0:12779:16718 [0] NCCL INFO + SYS[5000.0] - CPU/3
x3104c0s1b1n0:12779:16718 [0] NCCL INFO + SYS[5000.0] - CPU/2
x3104c0s1b1n0:12779:16718 [0] NCCL INFO + PCI[12.0] - NIC/C8000
x3104c0s1b1n0:12779:16718 [0] NCCL INFO CPU/2 (1/2/-1)
x3104c0s1b1n0:12779:16718 [0] NCCL INFO + SYS[5000.0] - CPU/3
x3104c0s1b1n0:12779:16718 [0] NCCL INFO + SYS[5000.0] - CPU/0
x3104c0s1b1n0:12779:16718 [0] NCCL INFO + PCI[12.0] - NIC/43000
x3104c0s1b1n0:12779:16718 [0] NCCL INFO ==========================================
x3104c0s1b1n0:12779:16718 [0] NCCL INFO GPU/7000 :GPU/7000 (0/5000.000000/LOC) CPU/3 (2/24.000000/PHB) CPU/0 (3/24.000000/SYS) CPU/2 (3/24.000000/SYS) 
x3104c0s1b1n0:12779:16718 [0] NCCL INFO Pattern 4, crossNic 0, nChannels 16, bw 44.000000/44.000000, type LOC/PIX, sameChannels 1
x3104c0s1b1n0:12779:16718 [0] NCCL INFO  0 : GPU/0
x3104c0s1b1n0:12779:16718 [0] NCCL INFO  1 : GPU/0
x3104c0s1b1n0:12779:16718 [0] NCCL INFO  2 : GPU/0
x3104c0s1b1n0:12779:16718 [0] NCCL INFO  3 : GPU/0
x3104c0s1b1n0:12779:16718 [0] NCCL INFO  4 : GPU/0
x3104c0s1b1n0:12779:16718 [0] NCCL INFO  5 : GPU/0
x3104c0s1b1n0:12779:16718 [0] NCCL INFO  6 : GPU/0
x3104c0s1b1n0:12779:16718 [0] NCCL INFO  7 : GPU/0
x3104c0s1b1n0:12779:16718 [0] NCCL INFO  8 : GPU/0
x3104c0s1b1n0:12779:16718 [0] NCCL INFO  9 : GPU/0
x3104c0s1b1n0:12779:16718 [0] NCCL INFO 10 : GPU/0
x3104c0s1b1n0:12779:16718 [0] NCCL INFO 11 : GPU/0
x3104c0s1b1n0:12779:16718 [0] NCCL INFO 12 : GPU/0
x3104c0s1b1n0:12779:16718 [0] NCCL INFO 13 : GPU/0
x3104c0s1b1n0:12779:16718 [0] NCCL INFO 14 : GPU/0
x3104c0s1b1n0:12779:16718 [0] NCCL INFO 15 : GPU/0
x3104c0s1b1n0:12779:16718 [0] NCCL INFO Pattern 3, crossNic 0, nChannels 16, bw 44.000000/44.000000, type LOC/PIX, sameChannels 1
x3104c0s1b1n0:12779:16718 [0] NCCL INFO  0 : GPU/0
x3104c0s1b1n0:12779:16718 [0] NCCL INFO  1 : GPU/0
x3104c0s1b1n0:12779:16718 [0] NCCL INFO  2 : GPU/0
x3104c0s1b1n0:12779:16718 [0] NCCL INFO  3 : GPU/0
x3104c0s1b1n0:12779:16718 [0] NCCL INFO  4 : GPU/0
x3104c0s1b1n0:12779:16718 [0] NCCL INFO  5 : GPU/0
x3104c0s1b1n0:12779:16718 [0] NCCL INFO  6 : GPU/0
x3104c0s1b1n0:12779:16718 [0] NCCL INFO  7 : GPU/0
x3104c0s1b1n0:12779:16718 [0] NCCL INFO  8 : GPU/0
x3104c0s1b1n0:12779:16718 [0] NCCL INFO  9 : GPU/0
x3104c0s1b1n0:12779:16718 [0] NCCL INFO 10 : GPU/0
x3104c0s1b1n0:12779:16718 [0] NCCL INFO 11 : GPU/0
x3104c0s1b1n0:12779:16718 [0] NCCL INFO 12 : GPU/0
x3104c0s1b1n0:12779:16718 [0] NCCL INFO 13 : GPU/0
x3104c0s1b1n0:12779:16718 [0] NCCL INFO 14 : GPU/0
x3104c0s1b1n0:12779:16718 [0] NCCL INFO 15 : GPU/0
x3104c0s1b1n0:12779:16718 [0] NCCL INFO Pattern 3, crossNic 0, nChannels 16, bw 44.000000/44.000000, type LOC/PIX, sameChannels 1
x3104c0s1b1n0:12779:16718 [0] NCCL INFO  0 : GPU/0
x3104c0s1b1n0:12779:16718 [0] NCCL INFO  1 : GPU/0
x3104c0s1b1n0:12779:16718 [0] NCCL INFO  2 : GPU/0
x3104c0s1b1n0:12779:16718 [0] NCCL INFO  3 : GPU/0
x3104c0s1b1n0:12779:16718 [0] NCCL INFO  4 : GPU/0
x3104c0s1b1n0:12779:16718 [0] NCCL INFO  5 : GPU/0
x3104c0s1b1n0:12779:16718 [0] NCCL INFO  6 : GPU/0
x3104c0s1b1n0:12779:16718 [0] NCCL INFO  7 : GPU/0
x3104c0s1b1n0:12779:16718 [0] NCCL INFO  8 : GPU/0
x3104c0s1b1n0:12779:16718 [0] NCCL INFO  9 : GPU/0
x3104c0s1b1n0:12779:16718 [0] NCCL INFO 10 : GPU/0
x3104c0s1b1n0:12779:16718 [0] NCCL INFO 11 : GPU/0
x3104c0s1b1n0:12779:16718 [0] NCCL INFO 12 : GPU/0
x3104c0s1b1n0:12779:16718 [0] NCCL INFO 13 : GPU/0
x3104c0s1b1n0:12779:16718 [0] NCCL INFO 14 : GPU/0
x3104c0s1b1n0:12779:16718 [0] NCCL INFO 15 : GPU/0
x3104c0s1b1n0:12779:16718 [0] NCCL INFO Tree 0 : -1 -> 0 -> -1/-1/-1
x3104c0s1b1n0:12779:16718 [0] NCCL INFO Tree 16 : -1 -> 0 -> -1/-1/-1
x3104c0s1b1n0:12779:16718 [0] NCCL INFO Tree 1 : -1 -> 0 -> -1/-1/-1
x3104c0s1b1n0:12779:16718 [0] NCCL INFO Tree 17 : -1 -> 0 -> -1/-1/-1
x3104c0s1b1n0:12779:16718 [0] NCCL INFO Tree 2 : -1 -> 0 -> -1/-1/-1
x3104c0s1b1n0:12779:16718 [0] NCCL INFO Tree 18 : -1 -> 0 -> -1/-1/-1
x3104c0s1b1n0:12779:16718 [0] NCCL INFO Tree 3 : -1 -> 0 -> -1/-1/-1
x3104c0s1b1n0:12779:16718 [0] NCCL INFO Tree 19 : -1 -> 0 -> -1/-1/-1
x3104c0s1b1n0:12779:16718 [0] NCCL INFO Tree 4 : -1 -> 0 -> -1/-1/-1
x3104c0s1b1n0:12779:16718 [0] NCCL INFO Tree 20 : -1 -> 0 -> -1/-1/-1
x3104c0s1b1n0:12779:16718 [0] NCCL INFO Tree 5 : -1 -> 0 -> -1/-1/-1
x3104c0s1b1n0:12779:16718 [0] NCCL INFO Tree 21 : -1 -> 0 -> -1/-1/-1
x3104c0s1b1n0:12779:16718 [0] NCCL INFO Tree 6 : -1 -> 0 -> -1/-1/-1
x3104c0s1b1n0:12779:16718 [0] NCCL INFO Tree 22 : -1 -> 0 -> -1/-1/-1
x3104c0s1b1n0:12779:16718 [0] NCCL INFO Tree 7 : -1 -> 0 -> -1/-1/-1
x3104c0s1b1n0:12779:16718 [0] NCCL INFO Tree 23 : -1 -> 0 -> -1/-1/-1
x3104c0s1b1n0:12779:16718 [0] NCCL INFO Tree 8 : -1 -> 0 -> -1/-1/-1
x3104c0s1b1n0:12779:16718 [0] NCCL INFO Tree 24 : -1 -> 0 -> -1/-1/-1
x3104c0s1b1n0:12779:16718 [0] NCCL INFO Tree 9 : -1 -> 0 -> -1/-1/-1
x3104c0s1b1n0:12779:16718 [0] NCCL INFO Tree 25 : -1 -> 0 -> -1/-1/-1
x3104c0s1b1n0:12779:16718 [0] NCCL INFO Tree 10 : -1 -> 0 -> -1/-1/-1
x3104c0s1b1n0:12779:16718 [0] NCCL INFO Tree 26 : -1 -> 0 -> -1/-1/-1
x3104c0s1b1n0:12779:16718 [0] NCCL INFO Tree 11 : -1 -> 0 -> -1/-1/-1
x3104c0s1b1n0:12779:16718 [0] NCCL INFO Tree 27 : -1 -> 0 -> -1/-1/-1
x3104c0s1b1n0:12779:16718 [0] NCCL INFO Tree 12 : -1 -> 0 -> -1/-1/-1
x3104c0s1b1n0:12779:16718 [0] NCCL INFO Tree 28 : -1 -> 0 -> -1/-1/-1
x3104c0s1b1n0:12779:16718 [0] NCCL INFO Tree 13 : -1 -> 0 -> -1/-1/-1
x3104c0s1b1n0:12779:16718 [0] NCCL INFO Tree 29 : -1 -> 0 -> -1/-1/-1
x3104c0s1b1n0:12779:16718 [0] NCCL INFO Tree 14 : -1 -> 0 -> -1/-1/-1
x3104c0s1b1n0:12779:16718 [0] NCCL INFO Tree 30 : -1 -> 0 -> -1/-1/-1
x3104c0s1b1n0:12779:16718 [0] NCCL INFO Tree 15 : -1 -> 0 -> -1/-1/-1
x3104c0s1b1n0:12779:16718 [0] NCCL INFO Tree 31 : -1 -> 0 -> -1/-1/-1
x3104c0s1b1n0:12779:16718 [0] NCCL INFO Channel 00/32 :    0
x3104c0s1b1n0:12779:16718 [0] NCCL INFO Channel 01/32 :    0
x3104c0s1b1n0:12779:16718 [0] NCCL INFO Channel 02/32 :    0
x3104c0s1b1n0:12779:16718 [0] NCCL INFO Channel 03/32 :    0
x3104c0s1b1n0:12779:16718 [0] NCCL INFO Channel 04/32 :    0
x3104c0s1b1n0:12779:16718 [0] NCCL INFO Channel 05/32 :    0
x3104c0s1b1n0:12779:16718 [0] NCCL INFO Channel 06/32 :    0
x3104c0s1b1n0:12779:16718 [0] NCCL INFO Channel 07/32 :    0
x3104c0s1b1n0:12779:16718 [0] NCCL INFO Channel 08/32 :    0
x3104c0s1b1n0:12779:16718 [0] NCCL INFO Channel 09/32 :    0
x3104c0s1b1n0:12779:16718 [0] NCCL INFO Channel 10/32 :    0
x3104c0s1b1n0:12779:16718 [0] NCCL INFO Channel 11/32 :    0
x3104c0s1b1n0:12779:16718 [0] NCCL INFO Channel 12/32 :    0
x3104c0s1b1n0:12779:16718 [0] NCCL INFO Channel 13/32 :    0
x3104c0s1b1n0:12779:16718 [0] NCCL INFO Channel 14/32 :    0
x3104c0s1b1n0:12779:16718 [0] NCCL INFO Channel 15/32 :    0
x3104c0s1b1n0:12779:16718 [0] NCCL INFO Channel 16/32 :    0
x3104c0s1b1n0:12779:16718 [0] NCCL INFO Channel 17/32 :    0
x3104c0s1b1n0:12779:16718 [0] NCCL INFO Channel 18/32 :    0
x3104c0s1b1n0:12779:16718 [0] NCCL INFO Channel 19/32 :    0
x3104c0s1b1n0:12779:16718 [0] NCCL INFO Channel 20/32 :    0
x3104c0s1b1n0:12779:16718 [0] NCCL INFO Channel 21/32 :    0
x3104c0s1b1n0:12779:16718 [0] NCCL INFO Channel 22/32 :    0
x3104c0s1b1n0:12779:16718 [0] NCCL INFO Channel 23/32 :    0
x3104c0s1b1n0:12779:16718 [0] NCCL INFO Channel 24/32 :    0
x3104c0s1b1n0:12779:16718 [0] NCCL INFO Channel 25/32 :    0
x3104c0s1b1n0:12779:16718 [0] NCCL INFO Channel 26/32 :    0
x3104c0s1b1n0:12779:16718 [0] NCCL INFO Channel 27/32 :    0
x3104c0s1b1n0:12779:16718 [0] NCCL INFO Channel 28/32 :    0
x3104c0s1b1n0:12779:16718 [0] NCCL INFO Channel 29/32 :    0
x3104c0s1b1n0:12779:16718 [0] NCCL INFO Channel 30/32 :    0
x3104c0s1b1n0:12779:16718 [0] NCCL INFO Channel 31/32 :    0
x3104c0s1b1n0:12779:16718 [0] NCCL INFO Ring 00 : 0 -> 0 -> 0
x3104c0s1b1n0:12779:16718 [0] NCCL INFO Ring 01 : 0 -> 0 -> 0
x3104c0s1b1n0:12779:16718 [0] NCCL INFO Ring 02 : 0 -> 0 -> 0
x3104c0s1b1n0:12779:16718 [0] NCCL INFO Ring 03 : 0 -> 0 -> 0
x3104c0s1b1n0:12779:16718 [0] NCCL INFO Ring 04 : 0 -> 0 -> 0
x3104c0s1b1n0:12779:16718 [0] NCCL INFO Ring 05 : 0 -> 0 -> 0
x3104c0s1b1n0:12779:16718 [0] NCCL INFO Ring 06 : 0 -> 0 -> 0
x3104c0s1b1n0:12779:16718 [0] NCCL INFO Ring 07 : 0 -> 0 -> 0
x3104c0s1b1n0:12779:16718 [0] NCCL INFO Ring 08 : 0 -> 0 -> 0
x3104c0s1b1n0:12779:16718 [0] NCCL INFO Ring 09 : 0 -> 0 -> 0
x3104c0s1b1n0:12779:16718 [0] NCCL INFO Ring 10 : 0 -> 0 -> 0
x3104c0s1b1n0:12779:16718 [0] NCCL INFO Ring 11 : 0 -> 0 -> 0
x3104c0s1b1n0:12779:16718 [0] NCCL INFO Ring 12 : 0 -> 0 -> 0
x3104c0s1b1n0:12779:16718 [0] NCCL INFO Ring 13 : 0 -> 0 -> 0
x3104c0s1b1n0:12779:16718 [0] NCCL INFO Ring 14 : 0 -> 0 -> 0
x3104c0s1b1n0:12779:16718 [0] NCCL INFO Ring 15 : 0 -> 0 -> 0
x3104c0s1b1n0:12779:16718 [0] NCCL INFO Ring 16 : 0 -> 0 -> 0
x3104c0s1b1n0:12779:16718 [0] NCCL INFO Ring 17 : 0 -> 0 -> 0
x3104c0s1b1n0:12779:16718 [0] NCCL INFO Ring 18 : 0 -> 0 -> 0
x3104c0s1b1n0:12779:16718 [0] NCCL INFO Ring 19 : 0 -> 0 -> 0
x3104c0s1b1n0:12779:16718 [0] NCCL INFO Ring 20 : 0 -> 0 -> 0
x3104c0s1b1n0:12779:16718 [0] NCCL INFO Ring 21 : 0 -> 0 -> 0
x3104c0s1b1n0:12779:16718 [0] NCCL INFO Ring 22 : 0 -> 0 -> 0
x3104c0s1b1n0:12779:16718 [0] NCCL INFO Ring 23 : 0 -> 0 -> 0
x3104c0s1b1n0:12779:16718 [0] NCCL INFO Ring 24 : 0 -> 0 -> 0
x3104c0s1b1n0:12779:16718 [0] NCCL INFO Ring 25 : 0 -> 0 -> 0
x3104c0s1b1n0:12779:16718 [0] NCCL INFO Ring 26 : 0 -> 0 -> 0
x3104c0s1b1n0:12779:16718 [0] NCCL INFO Ring 27 : 0 -> 0 -> 0
x3104c0s1b1n0:12779:16718 [0] NCCL INFO Ring 28 : 0 -> 0 -> 0
x3104c0s1b1n0:12779:16718 [0] NCCL INFO Ring 29 : 0 -> 0 -> 0
x3104c0s1b1n0:12779:16718 [0] NCCL INFO Ring 30 : 0 -> 0 -> 0
x3104c0s1b1n0:12779:16718 [0] NCCL INFO Ring 31 : 0 -> 0 -> 0
x3104c0s1b1n0:12779:16718 [0] NCCL INFO Trees [0] -1/-1/-1->0->-1 [1] -1/-1/-1->0->-1 [2] -1/-1/-1->0->-1 [3] -1/-1/-1->0->-1 [4] -1/-1/-1->0->-1 [5] -1/-1/-1->0->-1 [6] -1/-1/-1->0->-1 [7] -1/-1/-1->0->-1 [8] -1/-1/-1->0->-1 [9] -1/-1/-1->0->-1 [10] -1/-1/-1->0->-1 [11] -1/-1/-1->0->-1 [12] -1/-1/-1->0->-1 [13] -1/-1/-1->0->-1 [14] -1/-1/-1->0->-1 [15] -1/-1/-1->0->-1 [16] -1/-1/-1->0->-1 [17] -1/-1/-1->0->-1 [18] -1/-1/-1->0->-1 [19] -1/-1/-1->0->-1 [20] -1/-1/-1->0->-1 [21] -1/-1/-1->0->-1 [22] -1/-1/-1->0->-1 [23] -1/-1/-1->0->-1 [24] -1/-1/-1->0->-1 [25] -1/-1/-1->0->-1 [26] -1/-1/-1->0->-1 [27] -1/-1/-1->0->-1 [28] -1/-1/-1->0->-1 [29] -1/-1/-1->0->-1 [30] -1/-1/-1->0->-1 [31] -1/-1/-1->0->-1
x3104c0s1b1n0:12779:16718 [0] NCCL INFO misc/utils.cc:235 memory stack hunk malloc(65536)
x3104c0s1b1n0:12779:16718 [0] NCCL INFO channel.cc:23 Cuda Alloc Size 768 pointer 0x14f53380d400
x3104c0s1b1n0:12779:16718 [0] NCCL INFO channel.cc:27 Cuda Alloc Size 4 pointer 0x14f53380d800
x3104c0s1b1n0:12779:16718 [0] NCCL INFO channel.cc:23 Cuda Alloc Size 768 pointer 0x14f53380da00
x3104c0s1b1n0:12779:16718 [0] NCCL INFO channel.cc:27 Cuda Alloc Size 4 pointer 0x14f53380de00
x3104c0s1b1n0:12779:16718 [0] NCCL INFO channel.cc:23 Cuda Alloc Size 768 pointer 0x14f53380e000
x3104c0s1b1n0:12779:16718 [0] NCCL INFO channel.cc:27 Cuda Alloc Size 4 pointer 0x14f53380e400
x3104c0s1b1n0:12779:16718 [0] NCCL INFO channel.cc:23 Cuda Alloc Size 768 pointer 0x14f53380e600
x3104c0s1b1n0:12779:16718 [0] NCCL INFO channel.cc:27 Cuda Alloc Size 4 pointer 0x14f53380ea00
x3104c0s1b1n0:12779:16718 [0] NCCL INFO channel.cc:23 Cuda Alloc Size 768 pointer 0x14f53380ec00
x3104c0s1b1n0:12779:16718 [0] NCCL INFO channel.cc:27 Cuda Alloc Size 4 pointer 0x14f53380f000
x3104c0s1b1n0:12779:16718 [0] NCCL INFO channel.cc:23 Cuda Alloc Size 768 pointer 0x14f53380f200
x3104c0s1b1n0:12779:16718 [0] NCCL INFO channel.cc:27 Cuda Alloc Size 4 pointer 0x14f53380f600
x3104c0s1b1n0:12779:16718 [0] NCCL INFO channel.cc:23 Cuda Alloc Size 768 pointer 0x14f53380f800
x3104c0s1b1n0:12779:16718 [0] NCCL INFO channel.cc:27 Cuda Alloc Size 4 pointer 0x14f53380fc00
x3104c0s1b1n0:12779:16718 [0] NCCL INFO channel.cc:23 Cuda Alloc Size 768 pointer 0x14f53380fe00
x3104c0s1b1n0:12779:16718 [0] NCCL INFO channel.cc:27 Cuda Alloc Size 4 pointer 0x14f533810200
x3104c0s1b1n0:12779:16718 [0] NCCL INFO channel.cc:23 Cuda Alloc Size 768 pointer 0x14f533810400
x3104c0s1b1n0:12779:16718 [0] NCCL INFO channel.cc:27 Cuda Alloc Size 4 pointer 0x14f533810800
