x3012c0s19b1n0:34476:35497 [2] NCCL INFO Connection to proxy localRank 2 -> connection 0x148f84000e00
x3012c0s19b1n0:34476:35674 [2] NCCL INFO transport/p2p.cc:449 Cuda Alloc Size 6291456 pointer 0x148f83800000
x3012c0s19b1n0:34477:35680 [3] NCCL INFO transport/net_ib.cc:596 Ib Alloc Size 26560 pointer 0x151944044000
x3012c0s19b1n0:34477:35680 [3] NCCL INFO NET/IB: Dev 0 Port 1 qpn 3179 mtu 5 GID 0 (80FE/DE1100FEFF000000)
x3012c0s19b1n0:34477:35680 [3] NCCL INFO transport/net_ib.cc:653 Ib Alloc Size 552 pointer 0x151944065000
x3012c0s19b1n0:34477:35680 [3] NCCL INFO transport/net.cc:571 Cuda Host Alloc Size 9641984 pointer 0x151943600000
x3012c0s19b1n0:34477:35680 [3] NCCL INFO Mem Realloc old size 0, new size 768 pointer 0x1519440521f0
x3012c0s19b1n0:34475:35669 [1] NCCL INFO transport/net_ib.cc:771 Ib Alloc Size 552 pointer 0x14f1ec04b000
x3012c0s19b1n0:34475:35669 [1] NCCL INFO transport/net.cc:698 Cuda Host Alloc Size 9641984 pointer 0x14f1ea000000
x3012c0s19b1n0:34475:35669 [1] NCCL INFO Mem Realloc old size 0, new size 768 pointer 0x14f1ec0406b0
x3012c0s19b1n0:34477:35680 [3] NCCL INFO transport/net_ib.cc:596 Ib Alloc Size 26560 pointer 0x151944067000
x3012c0s19b1n0:34477:35680 [3] NCCL INFO NET/IB: Dev 1 Port 1 qpn 3590 mtu 5 GID 0 (80FE/891100FEFF000000)
x3012c0s19b1n0:34477:35680 [3] NCCL INFO transport/net_ib.cc:653 Ib Alloc Size 552 pointer 0x15194407e000
x3012c0s19b1n0:34477:35680 [3] NCCL INFO transport/net.cc:571 Cuda Host Alloc Size 9641984 pointer 0x15193a000000
x3012c0s19b1n0:34476:35674 [2] NCCL INFO New proxy recv connection 7 from local rank 2, transport 0
x3012c0s19b1n0:34476:35497 [2] NCCL INFO Connection to proxy localRank 2 -> connection 0x148f84000e40
x3012c0s19b1n0:34475:35669 [1] NCCL INFO transport/net_ib.cc:683 Ib Alloc Size 21688 pointer 0x14f1ec04d000
x3012c0s19b1n0:34475:35669 [1] NCCL INFO transport/net_ib.cc:696 Ib Alloc Size 552 pointer 0x14f1ec054000
x3012c0s19b1n0:34475:35669 [1] NCCL INFO transport/net_ib.cc:771 Ib Alloc Size 552 pointer 0x14f1ec079000
x3012c0s19b1n0:34475:35669 [1] NCCL INFO transport/net.cc:698 Cuda Host Alloc Size 9641984 pointer 0x14f1eaa00000
x3012c0s19b1n0:34475:35669 [1] NCCL INFO Mem Realloc old size 0, new size 768 pointer 0x14f1ec06e880
x3012c0s19b1n0:34477:35680 [3] NCCL INFO transport/net_ib.cc:596 Ib Alloc Size 26560 pointer 0x151944080000
x3012c0s19b1n0:34475:35669 [1] NCCL INFO transport/net_ib.cc:683 Ib Alloc Size 21688 pointer 0x14f1ec07b000
x3012c0s19b1n0:34476:35674 [2] NCCL INFO transport/p2p.cc:449 Cuda Alloc Size 6291456 pointer 0x148f80000000
x3012c0s19b1n0:34477:35680 [3] NCCL INFO NET/IB: Dev 0 Port 1 qpn 3182 mtu 5 GID 0 (80FE/DE1100FEFF000000)
x3012c0s19b1n0:34477:35680 [3] NCCL INFO transport/net_ib.cc:653 Ib Alloc Size 552 pointer 0x151944097000
x3012c0s19b1n0:34477:35680 [3] NCCL INFO transport/net.cc:571 Cuda Host Alloc Size 9641984 pointer 0x15193aa00000
x3012c0s19b1n0:34477:35505 [3] NCCL INFO Connected all rings
x3012c0s19b1n0:34477:35505 [3] NCCL INFO Channel 00/0 : 15[c7000] -> 14[85000] via P2P/IPC/read
x3012c0s19b1n0:34477:35680 [3] NCCL INFO New proxy send connection 8 from local rank 3, transport 0
x3012c0s19b1n0:34475:35669 [1] NCCL INFO transport/net_ib.cc:696 Ib Alloc Size 552 pointer 0x14f1ec082000
x3012c0s19b1n0:34476:35497 [2] NCCL INFO Connected all rings
x3012c0s19b1n0:34476:35674 [2] NCCL INFO New proxy recv connection 8 from local rank 2, transport 0
x3012c0s19b1n0:34474:35666 [0] NCCL INFO New proxy recv connection 4 from local rank 0, transport 0
x3012c0s19b1n0:34477:35505 [3] NCCL INFO Connection to proxy localRank 3 -> connection 0x151944000e80
x3012c0s19b1n0:34477:35680 [3] NCCL INFO transport/p2p.cc:430 Cuda Alloc Size 6291456 pointer 0x15193b400000
x3012c0s19b1n0:34475:35669 [1] NCCL INFO transport/net_ib.cc:771 Ib Alloc Size 552 pointer 0x14f1ec09d000
x3012c0s19b1n0:34475:35669 [1] NCCL INFO transport/net.cc:698 Cuda Host Alloc Size 9641984 pointer 0x14f1eb400000
x3012c0s19b1n0:34475:35669 [1] NCCL INFO transport/net_ib.cc:683 Ib Alloc Size 21688 pointer 0x14f1ec09f000
x3012c0s19b1n0:34475:35669 [1] NCCL INFO transport/net_ib.cc:696 Ib Alloc Size 552 pointer 0x14f1ec0a6000
x3012c0s19b1n0:34474:35499 [0] NCCL INFO Connection to proxy localRank 0 -> connection 0x149c3c000d80
x3012c0s19b1n0:34474:35666 [0] NCCL INFO transport/p2p.cc:449 Cuda Alloc Size 6291456 pointer 0x149c3ac00000
x3012c0s19b1n0:34476:35497 [2] NCCL INFO Connection to proxy localRank 2 -> connection 0x148f84000e80
x3012c0s19b1n0:34476:35674 [2] NCCL INFO transport/p2p.cc:449 Cuda Alloc Size 6291456 pointer 0x148f7e000000
x3012c0s19b1n0:34475:35669 [1] NCCL INFO transport/net_ib.cc:771 Ib Alloc Size 552 pointer 0x14f1ec0c1000
x3012c0s19b1n0:34475:35669 [1] NCCL INFO transport/net.cc:698 Cuda Host Alloc Size 9641984 pointer 0x14f1e8000000
x3012c0s19b1n0:34476:35674 [2] NCCL INFO New proxy recv connection 9 from local rank 2, transport 0
x3012c0s19b1n0:34477:35505 [3] NCCL INFO Channel 01/0 : 15[c7000] -> 14[85000] via P2P/IPC/read
x3012c0s19b1n0:34477:35680 [3] NCCL INFO New proxy send connection 9 from local rank 3, transport 0
x3012c0s19b1n0:34474:35666 [0] NCCL INFO New proxy recv connection 5 from local rank 0, transport 0
x3012c0s19b1n0:34475:35504 [1] NCCL INFO Channel 00/0 : 13[46000] -> 12[7000] via P2P/IPC/read
x3012c0s19b1n0:34475:35669 [1] NCCL INFO New proxy send connection 4 from local rank 1, transport 0
x3012c0s19b1n0:34476:35497 [2] NCCL INFO Connection to proxy localRank 2 -> connection 0x148f84000ec0
x3012c0s19b1n0:34476:35674 [2] NCCL INFO transport/p2p.cc:449 Cuda Alloc Size 6291456 pointer 0x148f7e600000
x3012c0s19b1n0:34477:35505 [3] NCCL INFO Connection to proxy localRank 3 -> connection 0x151944000ec0
x3012c0s19b1n0:34477:35680 [3] NCCL INFO transport/p2p.cc:430 Cuda Alloc Size 6291456 pointer 0x15193ba00000
x3012c0s19b1n0:34475:35504 [1] NCCL INFO Connection to proxy localRank 1 -> connection 0x14f1ec000d80
x3012c0s19b1n0:34475:35669 [1] NCCL INFO transport/p2p.cc:430 Cuda Alloc Size 6291456 pointer 0x14f1e8a00000
x3012c0s19b1n0:34475:35504 [1] NCCL INFO Channel 01/0 : 13[46000] -> 12[7000] via P2P/IPC/read
x3012c0s19b1n0:34475:35669 [1] NCCL INFO New proxy send connection 5 from local rank 1, transport 0
x3012c0s19b1n0:34476:35674 [2] NCCL INFO New proxy recv connection 10 from local rank 2, transport 0
x3012c0s19b1n0:34477:35505 [3] NCCL INFO Channel 02/0 : 15[c7000] -> 14[85000] via P2P/IPC/read
x3012c0s19b1n0:34477:35680 [3] NCCL INFO New proxy send connection 10 from local rank 3, transport 0
x3012c0s19b1n0:34474:35499 [0] NCCL INFO Connection to proxy localRank 0 -> connection 0x149c3c000dc0
x3012c0s19b1n0:34474:35666 [0] NCCL INFO transport/p2p.cc:449 Cuda Alloc Size 6291456 pointer 0x149c3b200000
x3012c0s19b1n0:34476:35497 [2] NCCL INFO Connection to proxy localRank 2 -> connection 0x148f84000f00
x3012c0s19b1n0:34476:35674 [2] NCCL INFO transport/p2p.cc:449 Cuda Alloc Size 6291456 pointer 0x148f7ec00000
x3012c0s19b1n0:34475:35504 [1] NCCL INFO Connection to proxy localRank 1 -> connection 0x14f1ec000dc0
x3012c0s19b1n0:34475:35669 [1] NCCL INFO transport/p2p.cc:430 Cuda Alloc Size 6291456 pointer 0x14f1e9000000
x3012c0s19b1n0:34477:35505 [3] NCCL INFO Connection to proxy localRank 3 -> connection 0x151944000f00
x3012c0s19b1n0:34477:35680 [3] NCCL INFO transport/p2p.cc:430 Cuda Alloc Size 6291456 pointer 0x151938000000
x3012c0s19b1n0:34476:35674 [2] NCCL INFO New proxy recv connection 11 from local rank 2, transport 0
x3012c0s19b1n0:34474:35666 [0] NCCL INFO New proxy recv connection 6 from local rank 0, transport 0
x3012c0s19b1n0:34475:35504 [1] NCCL INFO Channel 02/0 : 13[46000] -> 12[7000] via P2P/IPC/read
x3012c0s19b1n0:34475:35669 [1] NCCL INFO New proxy send connection 6 from local rank 1, transport 0
x3012c0s19b1n0:34477:35505 [3] NCCL INFO Channel 03/0 : 15[c7000] -> 14[85000] via P2P/IPC/read
x3012c0s19b1n0:34477:35680 [3] NCCL INFO New proxy send connection 11 from local rank 3, transport 0
x3012c0s19b1n0:34476:35497 [2] NCCL INFO Connection to proxy localRank 2 -> connection 0x148f84000f40
x3012c0s19b1n0:34476:35674 [2] NCCL INFO transport/p2p.cc:449 Cuda Alloc Size 6291456 pointer 0x148f7f200000
x3012c0s19b1n0:34474:35499 [0] NCCL INFO Connection to proxy localRank 0 -> connection 0x149c3c000e00
x3012c0s19b1n0:34474:35666 [0] NCCL INFO transport/p2p.cc:449 Cuda Alloc Size 6291456 pointer 0x149c3b800000
x3012c0s19b1n0:34475:35504 [1] NCCL INFO Connection to proxy localRank 1 -> connection 0x14f1ec000e00
x3012c0s19b1n0:34475:35669 [1] NCCL INFO transport/p2p.cc:430 Cuda Alloc Size 6291456 pointer 0x14f1e9600000
x3012c0s19b1n0:34477:35505 [3] NCCL INFO Connection to proxy localRank 3 -> connection 0x151944000f40
x3012c0s19b1n0:34477:35680 [3] NCCL INFO transport/p2p.cc:430 Cuda Alloc Size 6291456 pointer 0x151938600000
x3012c0s19b1n0:34474:35666 [0] NCCL INFO New proxy recv connection 7 from local rank 0, transport 0
x3012c0s19b1n0:34475:35504 [1] NCCL INFO Channel 03/0 : 13[46000] -> 12[7000] via P2P/IPC/read
x3012c0s19b1n0:34475:35669 [1] NCCL INFO New proxy send connection 7 from local rank 1, transport 0
x3012c0s19b1n0:34474:35499 [0] NCCL INFO Connection to proxy localRank 0 -> connection 0x149c3c000e40
x3012c0s19b1n0:34474:35666 [0] NCCL INFO transport/p2p.cc:449 Cuda Alloc Size 6291456 pointer 0x149c38000000
x3012c0s19b1n0:34475:35504 [1] NCCL INFO Connection to proxy localRank 1 -> connection 0x14f1ec000e40
x3012c0s19b1n0:34475:35669 [1] NCCL INFO transport/p2p.cc:430 Cuda Alloc Size 6291456 pointer 0x14f1fba00000
x3012c0s19b1n0:34475:35504 [1] NCCL INFO Connected all rings
x3012c0s19b1n0:34475:35669 [1] NCCL INFO New proxy recv connection 8 from local rank 1, transport 0
x3012c0s19b1n0:34474:35499 [0] NCCL INFO Connected all rings
x3012c0s19b1n0:34474:35499 [0] NCCL INFO Channel 00/0 : 12[7000] -> 13[46000] via P2P/IPC/read
x3012c0s19b1n0:34474:35666 [0] NCCL INFO New proxy send connection 8 from local rank 0, transport 0
x3012c0s19b1n0:34475:35504 [1] NCCL INFO Connection to proxy localRank 1 -> connection 0x14f1ec000e80
x3012c0s19b1n0:34474:35499 [0] NCCL INFO Connection to proxy localRank 0 -> connection 0x149c3c000e80
x3012c0s19b1n0:34474:35666 [0] NCCL INFO transport/p2p.cc:430 Cuda Alloc Size 6291456 pointer 0x149c36000000
x3012c0s19b1n0:34475:35669 [1] NCCL INFO transport/p2p.cc:449 Cuda Alloc Size 6291456 pointer 0x14f1e7800000
x3012c0s19b1n0:34475:35669 [1] NCCL INFO New proxy recv connection 9 from local rank 1, transport 0
x3012c0s19b1n0:34475:35504 [1] NCCL INFO Connection to proxy localRank 1 -> connection 0x14f1ec000ec0
x3012c0s19b1n0:34475:35669 [1] NCCL INFO transport/p2p.cc:449 Cuda Alloc Size 6291456 pointer 0x14f1e4000000
x3012c0s19b1n0:34474:35499 [0] NCCL INFO Channel 01/0 : 12[7000] -> 13[46000] via P2P/IPC/read
x3012c0s19b1n0:34474:35666 [0] NCCL INFO New proxy send connection 9 from local rank 0, transport 0
x3012c0s19b1n0:34474:35499 [0] NCCL INFO Connection to proxy localRank 0 -> connection 0x149c3c000ec0
x3012c0s19b1n0:34474:35666 [0] NCCL INFO transport/p2p.cc:430 Cuda Alloc Size 6291456 pointer 0x149c36600000
x3012c0s19b1n0:34475:35669 [1] NCCL INFO New proxy recv connection 10 from local rank 1, transport 0
x3012c0s19b1n0:34474:35499 [0] NCCL INFO Channel 02/0 : 12[7000] -> 13[46000] via P2P/IPC/read
x3012c0s19b1n0:34474:35666 [0] NCCL INFO New proxy send connection 10 from local rank 0, transport 0
x3012c0s19b1n0:34475:35504 [1] NCCL INFO Connection to proxy localRank 1 -> connection 0x14f1ec000f00
x3012c0s19b1n0:34475:35669 [1] NCCL INFO transport/p2p.cc:449 Cuda Alloc Size 6291456 pointer 0x14f1e4600000
x3012c0s19b1n0:34474:35499 [0] NCCL INFO Connection to proxy localRank 0 -> connection 0x149c3c000f00
x3012c0s19b1n0:34474:35666 [0] NCCL INFO transport/p2p.cc:430 Cuda Alloc Size 6291456 pointer 0x149c36c00000
x3012c0s19b1n0:34475:35669 [1] NCCL INFO New proxy recv connection 11 from local rank 1, transport 0
x3012c0s19b1n0:34474:35499 [0] NCCL INFO Channel 03/0 : 12[7000] -> 13[46000] via P2P/IPC/read
x3012c0s19b1n0:34474:35666 [0] NCCL INFO New proxy send connection 11 from local rank 0, transport 0
x3012c0s19b1n0:34475:35504 [1] NCCL INFO Connection to proxy localRank 1 -> connection 0x14f1ec000f40
x3012c0s19b1n0:34475:35669 [1] NCCL INFO transport/p2p.cc:449 Cuda Alloc Size 6291456 pointer 0x14f1e4c00000
x3012c0s19b1n0:34474:35499 [0] NCCL INFO Connection to proxy localRank 0 -> connection 0x149c3c000f40
x3012c0s19b1n0:34474:35666 [0] NCCL INFO transport/p2p.cc:430 Cuda Alloc Size 6291456 pointer 0x149c37200000
x3012c0s19b1n0:34475:35504 [1] NCCL INFO Channel 00/0 : 13[46000] -> 14[85000] via P2P/IPC/read
x3012c0s19b1n0:34475:35669 [1] NCCL INFO New proxy send connection 12 from local rank 1, transport 0
x3012c0s19b1n0:34475:35504 [1] NCCL INFO Connection to proxy localRank 1 -> connection 0x14f1ec000f80
x3012c0s19b1n0:34475:35669 [1] NCCL INFO transport/p2p.cc:430 Cuda Alloc Size 6291456 pointer 0x14f1e5200000
x3012c0s19b1n0:34475:35504 [1] NCCL INFO Channel 01/0 : 13[46000] -> 14[85000] via P2P/IPC/read
x3012c0s19b1n0:34475:35669 [1] NCCL INFO New proxy send connection 13 from local rank 1, transport 0
x3012c0s19b1n0:34475:35504 [1] NCCL INFO Connection to proxy localRank 1 -> connection 0x14f1ec000fc0
x3012c0s19b1n0:34475:35669 [1] NCCL INFO transport/p2p.cc:430 Cuda Alloc Size 6291456 pointer 0x14f1e5800000
x3012c0s19b1n0:34475:35504 [1] NCCL INFO Channel 02/0 : 13[46000] -> 14[85000] via P2P/IPC/read
x3012c0s19b1n0:34475:35669 [1] NCCL INFO New proxy send connection 14 from local rank 1, transport 0
x3012c0s19b1n0:34475:35504 [1] NCCL INFO Connection to proxy localRank 1 -> connection 0x14f1ec001000
x3012c0s19b1n0:34475:35669 [1] NCCL INFO transport/p2p.cc:430 Cuda Alloc Size 6291456 pointer 0x14f1e2000000
x3012c0s19b1n0:34475:35504 [1] NCCL INFO Channel 03/0 : 13[46000] -> 14[85000] via P2P/IPC/read
x3012c0s19b1n0:34475:35669 [1] NCCL INFO New proxy send connection 15 from local rank 1, transport 0
x3012c0s19b1n0:34475:35504 [1] NCCL INFO Connection to proxy localRank 1 -> connection 0x14f1ec001040
x3012c0s19b1n0:34475:35669 [1] NCCL INFO transport/p2p.cc:430 Cuda Alloc Size 6291456 pointer 0x14f1e2600000
x3012c0s19b1n0:34475:35504 [1] NCCL INFO GPU Direct RDMA Disabled for GPU 46000 / HCA 1 (distance 6 > 4)
x3012c0s19b1n0:34475:35669 [1] NCCL INFO New proxy recv connection 16 from local rank 1, transport 2
x3012c0s19b1n0:34476:35674 [2] NCCL INFO New proxy recv connection 12 from local rank 2, transport 0
x3012c0s19b1n0:34474:35499 [0] NCCL INFO GPU Direct RDMA Disabled for GPU 7000 / HCA 1 (distance 7 > 4)
x3012c0s19b1n0:34474:35666 [0] NCCL INFO Allocated 4194656 bytes of shared memory in /dev/shm/nccl-5XITXX

x3012c0s19b1n0:34474:35666 [0] NCCL INFO New proxy recv connection 12 from local rank 0, transport 2
x3012c0s19b1n0:34475:35504 [1] NCCL INFO Connection to proxy localRank 1 -> connection 0x14f1ec001080
x3012c0s19b1n0:34476:35497 [2] NCCL INFO Connection to proxy localRank 2 -> connection 0x148f84000f80
x3012c0s19b1n0:34476:35674 [2] NCCL INFO transport/p2p.cc:449 Cuda Alloc Size 6291456 pointer 0x148f7d200000
x3012c0s19b1n0:34474:35499 [0] NCCL INFO Connection to proxy localRank 0 -> connection 0x149c3c000f80
x3012c0s19b1n0:34474:35499 [0] NCCL INFO Channel 00/0 : 8[7000] -> 12[7000] [receive] via NET/IB/1
x3012c0s19b1n0:34474:35499 [0] NCCL INFO GPU Direct RDMA Disabled for GPU 7000 / HCA 0 (distance 7 > 4)
x3012c0s19b1n0:34474:35666 [0] NCCL INFO New proxy recv connection 13 from local rank 0, transport 2
x3012c0s19b1n0:34475:35504 [1] NCCL INFO Channel 02/0 : 8[7000] -> 13[46000] [receive] via NET/IB/1
x3012c0s19b1n0:34475:35504 [1] NCCL INFO GPU Direct RDMA Disabled for GPU 46000 / HCA 0 (distance 7 > 4)
x3012c0s19b1n0:34475:35669 [1] NCCL INFO New proxy recv connection 17 from local rank 1, transport 2
x3012c0s19b1n0:34476:35674 [2] NCCL INFO New proxy recv connection 13 from local rank 2, transport 0
x3012c0s19b1n0:34475:35504 [1] NCCL INFO Connection to proxy localRank 1 -> connection 0x14f1ec0010c0
x3012c0s19b1n0:34476:35497 [2] NCCL INFO Connection to proxy localRank 2 -> connection 0x148f84000fc0
x3012c0s19b1n0:34476:35674 [2] NCCL INFO transport/p2p.cc:449 Cuda Alloc Size 6291456 pointer 0x148f7d800000
x3012c0s19b1n0:34474:35499 [0] NCCL INFO Connection to proxy localRank 0 -> connection 0x149c3c000fc0
x3012c0s19b1n0:34475:35504 [1] NCCL INFO Channel 03/0 : 8[7000] -> 13[46000] [receive] via NET/IB/0
x3012c0s19b1n0:34476:35674 [2] NCCL INFO New proxy recv connection 14 from local rank 2, transport 0
x3012c0s19b1n0:34474:35499 [0] NCCL INFO Channel 01/0 : 8[7000] -> 12[7000] [receive] via NET/IB/0
x3012c0s19b1n0:34474:35499 [0] NCCL INFO GPU Direct RDMA Disabled for GPU 7000 / HCA 1 (distance 7 > 4)
x3012c0s19b1n0:34474:35666 [0] NCCL INFO New proxy send connection 14 from local rank 0, transport 2
x3012c0s19b1n0:34474:35499 [0] NCCL INFO Connection to proxy localRank 0 -> connection 0x149c3c001000
x3012c0s19b1n0:34474:35499 [0] NCCL INFO Channel 02/0 : 12[7000] -> 16[7000] [send] via NET/IB/1
x3012c0s19b1n0:34474:35499 [0] NCCL INFO GPU Direct RDMA Disabled for GPU 7000 / HCA 0 (distance 7 > 4)
x3012c0s19b1n0:34474:35666 [0] NCCL INFO New proxy send connection 15 from local rank 0, transport 2
x3012c0s19b1n0:34476:35497 [2] NCCL INFO Connection to proxy localRank 2 -> connection 0x148f84001000
x3012c0s19b1n0:34476:35674 [2] NCCL INFO transport/p2p.cc:449 Cuda Alloc Size 6291456 pointer 0x148f7a000000
x3012c0s19b1n0:34476:35674 [2] NCCL INFO New proxy recv connection 15 from local rank 2, transport 0
x3012c0s19b1n0:34474:35499 [0] NCCL INFO Connection to proxy localRank 0 -> connection 0x149c3c001040
x3012c0s19b1n0:34474:35499 [0] NCCL INFO Channel 03/0 : 12[7000] -> 16[7000] [send] via NET/IB/0
x3012c0s19b1n0:34476:35497 [2] NCCL INFO Connection to proxy localRank 2 -> connection 0x148f84001040
x3012c0s19b1n0:34476:35674 [2] NCCL INFO transport/p2p.cc:449 Cuda Alloc Size 6291456 pointer 0x148f7a600000
x3012c0s19b1n0:34474:35666 [0] NCCL INFO transport/net_ib.cc:596 Ib Alloc Size 26560 pointer 0x149c3c026000
x3012c0s19b1n0:34474:35666 [0] NCCL INFO NET/IB: Dev 1 Port 1 qpn 3593 mtu 5 GID 0 (80FE/891100FEFF000000)
x3012c0s19b1n0:34474:35666 [0] NCCL INFO transport/net_ib.cc:653 Ib Alloc Size 552 pointer 0x149c3c048000
x3012c0s19b1n0:34474:35666 [0] NCCL INFO transport/net.cc:571 Cuda Host Alloc Size 9641984 pointer 0x149c35200000
x3012c0s19b1n0:34474:35666 [0] NCCL INFO Mem Realloc old size 0, new size 768 pointer 0x149c3c035670
x3012c0s19b1n0:34474:35666 [0] NCCL INFO transport/net_ib.cc:596 Ib Alloc Size 26560 pointer 0x149c3c04a000
x3012c0s19b1n0:34476:35497 [2] NCCL INFO Channel 00/0 : 14[85000] -> 13[46000] via P2P/IPC/read
x3012c0s19b1n0:34476:35674 [2] NCCL INFO New proxy send connection 16 from local rank 2, transport 0
x3012c0s19b1n0:34476:35497 [2] NCCL INFO Connection to proxy localRank 2 -> connection 0x148f84001080
x3012c0s19b1n0:34474:35666 [0] NCCL INFO NET/IB: Dev 0 Port 1 qpn 3185 mtu 5 GID 0 (80FE/DE1100FEFF000000)
x3012c0s19b1n0:34474:35666 [0] NCCL INFO transport/net_ib.cc:653 Ib Alloc Size 552 pointer 0x149c3c06b000
x3012c0s19b1n0:34474:35666 [0] NCCL INFO transport/net.cc:571 Cuda Host Alloc Size 9641984 pointer 0x149c2e000000
x3012c0s19b1n0:34474:35666 [0] NCCL INFO Mem Realloc old size 0, new size 768 pointer 0x149c3c058a50
x3012c0s19b1n0:34476:35674 [2] NCCL INFO transport/p2p.cc:430 Cuda Alloc Size 6291456 pointer 0x148f7ac00000
x3012c0s19b1n0:34474:35666 [0] NCCL INFO transport/net_ib.cc:683 Ib Alloc Size 21688 pointer 0x149c3c06d000
x3012c0s19b1n0:34474:35666 [0] NCCL INFO transport/net_ib.cc:696 Ib Alloc Size 552 pointer 0x149c3c074000
x3012c0s19b1n0:34474:35666 [0] NCCL INFO transport/net_ib.cc:771 Ib Alloc Size 552 pointer 0x149c3c090000
x3012c0s19b1n0:34474:35666 [0] NCCL INFO transport/net.cc:698 Cuda Host Alloc Size 9641984 pointer 0x149c2ea00000
x3012c0s19b1n0:34476:35497 [2] NCCL INFO Channel 01/0 : 14[85000] -> 13[46000] via P2P/IPC/read
x3012c0s19b1n0:34476:35674 [2] NCCL INFO New proxy send connection 17 from local rank 2, transport 0
x3012c0s19b1n0:34476:35497 [2] NCCL INFO Connection to proxy localRank 2 -> connection 0x148f840010c0
x3012c0s19b1n0:34476:35674 [2] NCCL INFO transport/p2p.cc:430 Cuda Alloc Size 6291456 pointer 0x148f7b200000
x3012c0s19b1n0:34475:35669 [1] NCCL INFO transport/net_ib.cc:683 Ib Alloc Size 21688 pointer 0x14f1ec0d2000
x3012c0s19b1n0:34475:35669 [1] NCCL INFO transport/net_ib.cc:696 Ib Alloc Size 552 pointer 0x14f1ec019000
x3012c0s19b1n0:34474:35666 [0] NCCL INFO transport/net_ib.cc:683 Ib Alloc Size 21688 pointer 0x149c3c092000
x3012c0s19b1n0:34474:35666 [0] NCCL INFO transport/net_ib.cc:696 Ib Alloc Size 552 pointer 0x149c3c099000
x3012c0s19b1n0:34476:35497 [2] NCCL INFO Channel 02/0 : 14[85000] -> 13[46000] via P2P/IPC/read
x3012c0s19b1n0:34476:35674 [2] NCCL INFO New proxy send connection 18 from local rank 2, transport 0
x3012c0s19b1n0:34474:35666 [0] NCCL INFO transport/net_ib.cc:771 Ib Alloc Size 552 pointer 0x149c3c0b4000
x3012c0s19b1n0:34475:35669 [1] NCCL INFO transport/net_ib.cc:771 Ib Alloc Size 552 pointer 0x14f1ec0f2000
x3012c0s19b1n0:34475:35669 [1] NCCL INFO transport/net.cc:698 Cuda Host Alloc Size 9641984 pointer 0x14f1de000000
x3012c0s19b1n0:34474:35666 [0] NCCL INFO transport/net.cc:698 Cuda Host Alloc Size 9641984 pointer 0x149c2f400000
x3012c0s19b1n0:34476:35497 [2] NCCL INFO Connection to proxy localRank 2 -> connection 0x148f84001100
x3012c0s19b1n0:34476:35674 [2] NCCL INFO transport/p2p.cc:430 Cuda Alloc Size 6291456 pointer 0x148f7b800000
x3012c0s19b1n0:34474:35499 [0] NCCL INFO GPU Direct RDMA Disabled for GPU 7000 / HCA 1 (distance 7 > 4)
x3012c0s19b1n0:34474:35666 [0] NCCL INFO New proxy send connection 16 from local rank 0, transport 2
x3012c0s19b1n0:34475:35669 [1] NCCL INFO transport/net_ib.cc:683 Ib Alloc Size 21688 pointer 0x14f1ec0f4000
x3012c0s19b1n0:34476:35497 [2] NCCL INFO Channel 03/0 : 14[85000] -> 13[46000] via P2P/IPC/read
x3012c0s19b1n0:34476:35674 [2] NCCL INFO New proxy send connection 19 from local rank 2, transport 0
x3012c0s19b1n0:34474:35499 [0] NCCL INFO Connection to proxy localRank 0 -> connection 0x149c3c001080
x3012c0s19b1n0:34474:35499 [0] NCCL INFO Channel 02/0 : 12[7000] -> 1[46000] [send] via NET/IB/1
x3012c0s19b1n0:34474:35499 [0] NCCL INFO GPU Direct RDMA Disabled for GPU 7000 / HCA 0 (distance 7 > 4)
x3012c0s19b1n0:34474:35666 [0] NCCL INFO New proxy send connection 17 from local rank 0, transport 2
x3012c0s19b1n0:34475:35669 [1] NCCL INFO transport/net_ib.cc:696 Ib Alloc Size 552 pointer 0x14f1ec0fb000
x3012c0s19b1n0:34476:35497 [2] NCCL INFO Connection to proxy localRank 2 -> connection 0x148f84001140
x3012c0s19b1n0:34476:35674 [2] NCCL INFO transport/p2p.cc:430 Cuda Alloc Size 6291456 pointer 0x148f78000000
x3012c0s19b1n0:34474:35499 [0] NCCL INFO Connection to proxy localRank 0 -> connection 0x149c3c0010c0
x3012c0s19b1n0:34474:35499 [0] NCCL INFO Channel 03/0 : 12[7000] -> 1[46000] [send] via NET/IB/0
x3012c0s19b1n0:34474:35666 [0] NCCL INFO transport/net_ib.cc:596 Ib Alloc Size 26560 pointer 0x149c3c0c0000
x3012c0s19b1n0:34474:35666 [0] NCCL INFO NET/IB: Dev 1 Port 1 qpn 3598 mtu 5 GID 0 (80FE/891100FEFF000000)
x3012c0s19b1n0:34474:35666 [0] NCCL INFO transport/net_ib.cc:653 Ib Alloc Size 552 pointer 0x149c3c0d7000
x3012c0s19b1n0:34474:35666 [0] NCCL INFO transport/net.cc:571 Cuda Host Alloc Size 9641984 pointer 0x149c2c000000
x3012c0s19b1n0:34477:35505 [3] NCCL INFO Connected all trees by HAO
x3012c0s19b1n0:34477:35505 [3] NCCL INFO threadThresholds 8/8/64 | 160/8/64 | 512 | 512
x3012c0s19b1n0:34477:35505 [3] NCCL INFO 4 coll channels, 4 p2p channels, 2 p2p channels per peer
x3012c0s19b1n0:34477:35680 [3] NCCL INFO New proxy send connection 12 from local rank 3, transport 2
x3012c0s19b1n0:34475:35669 [1] NCCL INFO transport/net_ib.cc:771 Ib Alloc Size 552 pointer 0x14f1ec116000
x3012c0s19b1n0:34475:35669 [1] NCCL INFO transport/net.cc:698 Cuda Host Alloc Size 9641984 pointer 0x14f1dea00000
x3012c0s19b1n0:34474:35666 [0] NCCL INFO transport/net_ib.cc:596 Ib Alloc Size 26560 pointer 0x149c3c0d7000
x3012c0s19b1n0:34475:35504 [1] NCCL INFO GPU Direct RDMA Disabled for GPU 46000 / HCA 1 (distance 6 > 4)
x3012c0s19b1n0:34474:35666 [0] NCCL INFO NET/IB: Dev 0 Port 1 qpn 3190 mtu 5 GID 0 (80FE/DE1100FEFF000000)
x3012c0s19b1n0:34474:35666 [0] NCCL INFO transport/net_ib.cc:653 Ib Alloc Size 552 pointer 0x149c3c0ee000
x3012c0s19b1n0:34474:35666 [0] NCCL INFO transport/net.cc:571 Cuda Host Alloc Size 9641984 pointer 0x149c2ca00000
x3012c0s19b1n0:34475:35669 [1] NCCL INFO New proxy send connection 18 from local rank 1, transport 2
x3012c0s19b1n0:34477:35505 [3] NCCL INFO Connection to proxy localRank 3 -> connection 0x151944000f80
x3012c0s19b1n0:34477:35680 [3] NCCL INFO transport/net.cc:376 Cuda Alloc Size 8388608 pointer 0x151936600000
x3012c0s19b1n0:34474:35499 [0] NCCL INFO GPU Direct RDMA Disabled for GPU 7000 / HCA 1 (distance 7 > 4)
x3012c0s19b1n0:34474:35666 [0] NCCL INFO New proxy recv connection 18 from local rank 0, transport 2
x3012c0s19b1n0:34475:35504 [1] NCCL INFO Connection to proxy localRank 1 -> connection 0x14f1ec001100
x3012c0s19b1n0:34475:35504 [1] NCCL INFO Channel 02/0 : 13[46000] -> 8[7000] [send] via NET/IB/1
x3012c0s19b1n0:34475:35504 [1] NCCL INFO GPU Direct RDMA Disabled for GPU 46000 / HCA 0 (distance 7 > 4)
x3012c0s19b1n0:34475:35669 [1] NCCL INFO New proxy send connection 19 from local rank 1, transport 2
x3012c0s19b1n0:34475:35504 [1] NCCL INFO Connection to proxy localRank 1 -> connection 0x14f1ec001140
x3012c0s19b1n0:34475:35504 [1] NCCL INFO Channel 03/0 : 13[46000] -> 8[7000] [send] via NET/IB/0
x3012c0s19b1n0:34474:35499 [0] NCCL INFO Connection to proxy localRank 0 -> connection 0x149c3c001100
x3012c0s19b1n0:34474:35499 [0] NCCL INFO Channel 02/0 : 1[46000] -> 12[7000] [receive] via NET/IB/1
x3012c0s19b1n0:34474:35499 [0] NCCL INFO GPU Direct RDMA Disabled for GPU 7000 / HCA 0 (distance 7 > 4)
x3012c0s19b1n0:34474:35666 [0] NCCL INFO New proxy recv connection 19 from local rank 0, transport 2
x3012c0s19b1n0:34474:35499 [0] NCCL INFO Connection to proxy localRank 0 -> connection 0x149c3c001140
x3012c0s19b1n0:34474:35499 [0] NCCL INFO Channel 03/0 : 1[46000] -> 12[7000] [receive] via NET/IB/0
x3012c0s19b1n0:34474:35666 [0] NCCL INFO transport/net_ib.cc:683 Ib Alloc Size 21688 pointer 0x149c3c0fa000
x3012c0s19b1n0:34474:35666 [0] NCCL INFO transport/net_ib.cc:696 Ib Alloc Size 552 pointer 0x149c3c101000
x3012c0s19b1n0:34474:35666 [0] NCCL INFO transport/net_ib.cc:771 Ib Alloc Size 552 pointer 0x149c3c11d000
x3012c0s19b1n0:34474:35666 [0] NCCL INFO transport/net.cc:698 Cuda Host Alloc Size 9641984 pointer 0x149c2d400000
x3012c0s19b1n0:34474:35666 [0] NCCL INFO transport/net_ib.cc:683 Ib Alloc Size 21688 pointer 0x149c3c11f000
x3012c0s19b1n0:34474:35666 [0] NCCL INFO transport/net_ib.cc:696 Ib Alloc Size 552 pointer 0x149c3c126000
x3012c0s19b1n0:34474:35666 [0] NCCL INFO transport/net_ib.cc:771 Ib Alloc Size 552 pointer 0x149c3c141000
x3012c0s19b1n0:34474:35666 [0] NCCL INFO transport/net.cc:698 Cuda Host Alloc Size 9641984 pointer 0x149c2a000000
x3012c0s19b1n0:34474:35499 [0] NCCL INFO GPU Direct RDMA Disabled for GPU 7000 / HCA 1 (distance 7 > 4)
x3012c0s19b1n0:34474:35666 [0] NCCL INFO New proxy recv connection 20 from local rank 0, transport 2
x3012c0s19b1n0:34474:35499 [0] NCCL INFO Connection to proxy localRank 0 -> connection 0x149c3c001180
x3012c0s19b1n0:34474:35499 [0] NCCL INFO Channel 02/0 : 16[7000] -> 12[7000] [receive] via NET/IB/1
x3012c0s19b1n0:34474:35499 [0] NCCL INFO GPU Direct RDMA Disabled for GPU 7000 / HCA 0 (distance 7 > 4)
x3012c0s19b1n0:34474:35666 [0] NCCL INFO New proxy recv connection 21 from local rank 0, transport 2
x3012c0s19b1n0:34474:35499 [0] NCCL INFO Connection to proxy localRank 0 -> connection 0x149c3c0011c0
x3012c0s19b1n0:34474:35499 [0] NCCL INFO Channel 03/0 : 16[7000] -> 12[7000] [receive] via NET/IB/0
x3012c0s19b1n0:34474:35499 [0] NCCL INFO GPU Direct RDMA Disabled for GPU 7000 / HCA 1 (distance 7 > 4)
x3012c0s19b1n0:34474:35666 [0] NCCL INFO New proxy send connection 22 from local rank 0, transport 2
x3012c0s19b1n0:34474:35499 [0] NCCL INFO Connection to proxy localRank 0 -> connection 0x149c3c001200
x3012c0s19b1n0:34474:35499 [0] NCCL INFO Channel 00/0 : 12[7000] -> 8[7000] [send] via NET/IB/1
x3012c0s19b1n0:34474:35499 [0] NCCL INFO GPU Direct RDMA Disabled for GPU 7000 / HCA 0 (distance 7 > 4)
x3012c0s19b1n0:34474:35666 [0] NCCL INFO New proxy send connection 23 from local rank 0, transport 2
x3012c0s19b1n0:34474:35499 [0] NCCL INFO Connection to proxy localRank 0 -> connection 0x149c3c001240
x3012c0s19b1n0:34474:35499 [0] NCCL INFO Channel 01/0 : 12[7000] -> 8[7000] [send] via NET/IB/0
x3012c0s19b1n0:34475:35669 [1] NCCL INFO transport/net_ib.cc:596 Ib Alloc Size 26560 pointer 0x14f1ec122000
x3012c0s19b1n0:34475:35669 [1] NCCL INFO NET/IB: Dev 1 Port 1 qpn 3601 mtu 5 GID 0 (80FE/891100FEFF000000)
x3012c0s19b1n0:34475:35669 [1] NCCL INFO transport/net_ib.cc:653 Ib Alloc Size 552 pointer 0x14f1ec139000
x3012c0s19b1n0:34475:35669 [1] NCCL INFO transport/net.cc:571 Cuda Host Alloc Size 9641984 pointer 0x14f1df400000
x3012c0s19b1n0:34475:35669 [1] NCCL INFO transport/net_ib.cc:596 Ib Alloc Size 26560 pointer 0x14f1ec13b000
x3012c0s19b1n0:34475:35669 [1] NCCL INFO NET/IB: Dev 0 Port 1 qpn 3193 mtu 5 GID 0 (80FE/DE1100FEFF000000)
x3012c0s19b1n0:34475:35669 [1] NCCL INFO transport/net_ib.cc:653 Ib Alloc Size 552 pointer 0x14f1ec152000
x3012c0s19b1n0:34475:35669 [1] NCCL INFO transport/net.cc:571 Cuda Host Alloc Size 9641984 pointer 0x14f1dc000000
x3012c0s19b1n0:34475:35669 [1] NCCL INFO New proxy recv connection 20 from local rank 1, transport 0
x3012c0s19b1n0:34475:35504 [1] NCCL INFO Connection to proxy localRank 1 -> connection 0x14f1ec001180
x3012c0s19b1n0:34475:35669 [1] NCCL INFO transport/p2p.cc:449 Cuda Alloc Size 6291456 pointer 0x14f1dca00000
x3012c0s19b1n0:34475:35669 [1] NCCL INFO New proxy recv connection 21 from local rank 1, transport 0
x3012c0s19b1n0:34475:35504 [1] NCCL INFO Connection to proxy localRank 1 -> connection 0x14f1ec0011c0
x3012c0s19b1n0:34475:35669 [1] NCCL INFO transport/p2p.cc:449 Cuda Alloc Size 6291456 pointer 0x14f1dd000000
x3012c0s19b1n0:34475:35669 [1] NCCL INFO New proxy recv connection 22 from local rank 1, transport 0
x3012c0s19b1n0:34475:35504 [1] NCCL INFO Connection to proxy localRank 1 -> connection 0x14f1ec001200
x3012c0s19b1n0:34475:35669 [1] NCCL INFO transport/p2p.cc:449 Cuda Alloc Size 6291456 pointer 0x14f1dd600000
x3012c0s19b1n0:34474:35666 [0] NCCL INFO transport/net_ib.cc:596 Ib Alloc Size 26560 pointer 0x149c3c157000
x3012c0s19b1n0:34474:35666 [0] NCCL INFO NET/IB: Dev 1 Port 1 qpn 3602 mtu 5 GID 0 (80FE/891100FEFF000000)
x3012c0s19b1n0:34474:35666 [0] NCCL INFO transport/net_ib.cc:653 Ib Alloc Size 552 pointer 0x149c3c16e000
x3012c0s19b1n0:34474:35666 [0] NCCL INFO transport/net.cc:571 Cuda Host Alloc Size 9641984 pointer 0x149c2aa00000
x3012c0s19b1n0:34475:35669 [1] NCCL INFO New proxy recv connection 23 from local rank 1, transport 0
x3012c0s19b1n0:34474:35666 [0] NCCL INFO transport/net_ib.cc:596 Ib Alloc Size 26560 pointer 0x149c3c170000
x3012c0s19b1n0:34475:35504 [1] NCCL INFO Connection to proxy localRank 1 -> connection 0x14f1ec001240
x3012c0s19b1n0:34475:35669 [1] NCCL INFO transport/p2p.cc:449 Cuda Alloc Size 6291456 pointer 0x14f1da000000
x3012c0s19b1n0:34474:35666 [0] NCCL INFO NET/IB: Dev 0 Port 1 qpn 3194 mtu 5 GID 0 (80FE/DE1100FEFF000000)
x3012c0s19b1n0:34474:35666 [0] NCCL INFO transport/net_ib.cc:653 Ib Alloc Size 552 pointer 0x149c3c187000
x3012c0s19b1n0:34474:35666 [0] NCCL INFO transport/net.cc:571 Cuda Host Alloc Size 9641984 pointer 0x149c2b400000
x3012c0s19b1n0:34475:35504 [1] NCCL INFO Connected all trees by HAO
x3012c0s19b1n0:34475:35504 [1] NCCL INFO threadThresholds 8/8/64 | 160/8/64 | 512 | 512
x3012c0s19b1n0:34475:35504 [1] NCCL INFO 4 coll channels, 4 p2p channels, 2 p2p channels per peer
x3012c0s19b1n0:34475:35669 [1] NCCL INFO New proxy send connection 24 from local rank 1, transport 2
x3012c0s19b1n0:34476:35497 [2] NCCL INFO Connected all trees by HAO
x3012c0s19b1n0:34476:35497 [2] NCCL INFO threadThresholds 8/8/64 | 160/8/64 | 512 | 512
x3012c0s19b1n0:34476:35497 [2] NCCL INFO 4 coll channels, 4 p2p channels, 2 p2p channels per peer
x3012c0s19b1n0:34476:35674 [2] NCCL INFO Allocated 4194656 bytes of shared memory in /dev/shm/nccl-qrIag6

x3012c0s19b1n0:34476:35674 [2] NCCL INFO New proxy send connection 20 from local rank 2, transport 2
x3012c0s19b1n0:34475:35504 [1] NCCL INFO Connection to proxy localRank 1 -> connection 0x14f1ec001280
x3012c0s19b1n0:34475:35669 [1] NCCL INFO transport/net.cc:376 Cuda Alloc Size 8388608 pointer 0x14f1d8000000
x3012c0s19b1n0:34476:35497 [2] NCCL INFO Connection to proxy localRank 2 -> connection 0x148f84001180
x3012c0s19b1n0:34476:35674 [2] NCCL INFO transport/net.cc:376 Cuda Alloc Size 8388608 pointer 0x148f77800000
x3012c0s19b1n0:34474:35666 [0] NCCL INFO transport/net_ib.cc:683 Ib Alloc Size 21688 pointer 0x149c3c189000
x3012c0s19b1n0:34474:35666 [0] NCCL INFO transport/net_ib.cc:696 Ib Alloc Size 552 pointer 0x149c3c190000
x3012c0s19b1n0:34474:35666 [0] NCCL INFO transport/net_ib.cc:771 Ib Alloc Size 552 pointer 0x149c3c1ab000
x3012c0s19b1n0:34474:35666 [0] NCCL INFO transport/net.cc:698 Cuda Host Alloc Size 9641984 pointer 0x149c28000000
x3012c0s19b1n0:34474:35666 [0] NCCL INFO transport/net_ib.cc:683 Ib Alloc Size 21688 pointer 0x149c3c1ad000
x3012c0s19b1n0:34474:35666 [0] NCCL INFO transport/net_ib.cc:696 Ib Alloc Size 552 pointer 0x149c3c1b4000
x3012c0s19b1n0:34474:35666 [0] NCCL INFO transport/net_ib.cc:771 Ib Alloc Size 552 pointer 0x149c3c1cf000
x3012c0s19b1n0:34474:35666 [0] NCCL INFO transport/net.cc:698 Cuda Host Alloc Size 9641984 pointer 0x149c28a00000
x3012c0s19b1n0:34474:35499 [0] NCCL INFO Connected all trees by HAO
x3012c0s19b1n0:34474:35499 [0] NCCL INFO threadThresholds 8/8/64 | 160/8/64 | 512 | 512
x3012c0s19b1n0:34474:35499 [0] NCCL INFO 4 coll channels, 4 p2p channels, 2 p2p channels per peer
x3012c0s19b1n0:34474:35666 [0] NCCL INFO New proxy send connection 24 from local rank 0, transport 2
x3012c0s19b1n0:34474:35499 [0] NCCL INFO Connection to proxy localRank 0 -> connection 0x149c3c001280
x3012c0s19b1n0:34474:35499 [0] NCCL INFO init.cc:367 Cuda Alloc Size 5168 pointer 0x149c4b808800
x3012c0s19b1n0:34476:35497 [2] NCCL INFO init.cc:367 Cuda Alloc Size 5168 pointer 0x148f91808800
x3012c0s19b1n0:34475:35504 [1] NCCL INFO init.cc:367 Cuda Alloc Size 5168 pointer 0x14f1fb808800
x3012c0s19b1n0:34477:35505 [3] NCCL INFO init.cc:367 Cuda Alloc Size 5168 pointer 0x151953808800
x3012c0s19b1n0:34476:35497 [2] NCCL INFO init.cc:392 Cuda Host Alloc Size 33554432 pointer 0x148f6e000000
x3012c0s19b1n0:34476:35497 [2] NCCL INFO init.cc:398 Cuda Host Alloc Size 128 pointer 0x148f90e00200
x3012c0s19b1n0:34476:35497 [2] NCCL INFO comm 0x55e06a8343b0 rank 14 nranks 20 cudaDev 2 busId 85000 - Init COMPLETE
x3012c0s19b1n0:34477:35505 [3] NCCL INFO init.cc:392 Cuda Host Alloc Size 33554432 pointer 0x151934000000
x3012c0s19b1n0:34477:35505 [3] NCCL INFO init.cc:398 Cuda Host Alloc Size 128 pointer 0x151952e00200
x3012c0s19b1n0:34477:35505 [3] NCCL INFO comm 0x55f45c75a1a0 rank 15 nranks 20 cudaDev 3 busId c7000 - Init COMPLETE
x3012c0s19b1n0:34475:35504 [1] NCCL INFO init.cc:392 Cuda Host Alloc Size 33554432 pointer 0x14f1d6000000
x3012c0s19b1n0:34475:35504 [1] NCCL INFO init.cc:398 Cuda Host Alloc Size 128 pointer 0x14f1fae00200
x3012c0s19b1n0:34475:35504 [1] NCCL INFO comm 0x56497b8fc2e0 rank 13 nranks 20 cudaDev 1 busId 46000 - Init COMPLETE
x3012c0s19b1n0:34474:35499 [0] NCCL INFO init.cc:392 Cuda Host Alloc Size 33554432 pointer 0x149c26000000
x3012c0s19b1n0:34474:35499 [0] NCCL INFO init.cc:398 Cuda Host Alloc Size 128 pointer 0x149c4ae00200
x3012c0s19b1n0:34474:35499 [0] NCCL INFO comm 0x559ef6ac9a30 rank 12 nranks 20 cudaDev 0 busId 7000 - Init COMPLETE
x3012c0s19b1n0:34474:35666 [0] NCCL INFO transport/net.cc:376 Cuda Alloc Size 8388608 pointer 0x149c29400000
x3012c0s19b1n0:34475:34475 [1] NCCL INFO AllReduce: opCount 0 sendbuff 0x14f23b600200 recvbuff 0x14f23b600200 count 1 datatype 1 op 0 root 0 comm 0x56497b8fc2e0 [nranks=20] stream 0x5649951bc0e0
x3012c0s19b1n0:34475:34475 [1] NCCL INFO misc/utils.cc:235 memory stack hunk malloc(65536)
[LYD INFO in ncclLaunchKernel (enqueue.cc)] NCHANNELS is: 4x3012c0s19b1n0:34477:34477 [3] NCCL INFO AllReduce: opCount 0 sendbuff 0x151993600200 recvbuff 0x151993600200 count 1 datatype 1 op 0 root 0 comm 0x55f45c75a1a0 [nranks=20] stream 0x55f474025710
x3012c0s19b1n0:34477:34477 [3] NCCL INFO misc/utils.cc:235 memory stack hunk malloc(65536)
[LYD INFO in ncclLaunchKernel (enqueue.cc)] NCHANNELS is: 4x3012c0s19b1n0:34476:34476 [2] NCCL INFO AllReduce: opCount 0 sendbuff 0x148fcf600200 recvbuff 0x148fcf600200 count 1 datatype 1 op 0 root 0 comm 0x55e06a8343b0 [nranks=20] stream 0x55e0844edf10
x3012c0s19b1n0:34476:34476 [2] NCCL INFO misc/utils.cc:235 memory stack hunk malloc(65536)
[LYD INFO in ncclLaunchKernel (enqueue.cc)] NCHANNELS is: 4x3012c0s19b1n0:34474:34474 [0] NCCL INFO AllReduce: opCount 0 sendbuff 0x149c8b600200 recvbuff 0x149c8b600200 count 1 datatype 1 op 0 root 0 comm 0x559ef6ac9a30 [nranks=20] stream 0x559f11821c40
x3012c0s19b1n0:34474:34474 [0] NCCL INFO misc/utils.cc:235 memory stack hunk malloc(65536)
[LYD INFO in ncclLaunchKernel (enqueue.cc)] NCHANNELS is: 4
[LYD INFO in NCCL_KERN_NAME (common.h)] 15 AllReduce TREE LL Sum uint8_t Elapsed time: 58504 us

[LYD INFO in NCCL_KERN_NAME (common.h)] 12 AllReduce TREE LL Sum uint8_t Elapsed time: 36454 us

[LYD INFO in NCCL_KERN_NAME (common.h)] 14 AllReduce TREE LL Sum uint8_t Elapsed time: 47605 us

[LYD INFO in NCCL_KERN_NAME (common.h)] 13 AllReduce TREE LL Sum uint8_t Elapsed time: 67464 us
x3012c0s19b1n0:34474:34474 [0] NCCL INFO AllReduce: opCount 1 sendbuff 0x149c8b600000 recvbuff 0x149c8b600000 count 1 datatype 1 op 0 root 0 comm 0x559ef6ac9a30 [nranks=20] stream 0x559f11821c40
[LYD INFO in ncclLaunchKernel (enqueue.cc)] NCHANNELS is: 4x3012c0s19b1n0:34476:34476 [2] NCCL INFO AllReduce: opCount 1 sendbuff 0x148fcf600000 recvbuff 0x148fcf600000 count 1 datatype 1 op 0 root 0 comm 0x55e06a8343b0 [nranks=20] stream 0x55e0844edf10
[LYD INFO in ncclLaunchKernel (enqueue.cc)] NCHANNELS is: 4x3012c0s19b1n0:34475:34475 [1] NCCL INFO AllReduce: opCount 1 sendbuff 0x14f23b600000 recvbuff 0x14f23b600000 count 1 datatype 1 op 0 root 0 comm 0x56497b8fc2e0 [nranks=20] stream 0x5649951bc0e0
[LYD INFO in ncclLaunchKernel (enqueue.cc)] NCHANNELS is: 4x3012c0s19b1n0:34477:34477 [3] NCCL INFO AllReduce: opCount 1 sendbuff 0x151993600000 recvbuff 0x151993600000 count 1 datatype 1 op 0 root 0 comm 0x55f45c75a1a0 [nranks=20] stream 0x55f474025710
[LYD INFO in ncclLaunchKernel (enqueue.cc)] NCHANNELS is: 4
[LYD INFO in NCCL_KERN_NAME (common.h)] 15 AllReduce TREE LL Sum uint8_t Elapsed time: 48021 us

[LYD INFO in NCCL_KERN_NAME (common.h)] 13 AllReduce TREE LL Sum uint8_t Elapsed time: 1307972 us

[LYD INFO in NCCL_KERN_NAME (common.h)] 12 AllReduce TREE LL Sum uint8_t Elapsed time: 11879408 us

[LYD INFO in NCCL_KERN_NAME (common.h)] 14 AllReduce TREE LL Sum uint8_t Elapsed time: 10895476 us
x3012c0s19b1n0:34477:34477 [3] NCCL INFO AllReduce: opCount 2 sendbuff 0x151993600000 recvbuff 0x151993600000 count 1 datatype 8 op 3 root 0 comm 0x55f45c75a1a0 [nranks=20] stream 0x55f474025710
[LYD INFO in ncclLaunchKernel (enqueue.cc)] NCHANNELS is: 4x3012c0s19b1n0:34475:34475 [1] NCCL INFO AllReduce: opCount 2 sendbuff 0x14f23b600000 recvbuff 0x14f23b600000 count 1 datatype 8 op 3 root 0 comm 0x56497b8fc2e0 [nranks=20] stream 0x5649951bc0e0
[LYD INFO in ncclLaunchKernel (enqueue.cc)] NCHANNELS is: 4x3012c0s19b1n0:34474:34474 [0] NCCL INFO AllReduce: opCount 2 sendbuff 0x149c8b600000 recvbuff 0x149c8b600000 count 1 datatype 8 op 3 root 0 comm 0x559ef6ac9a30 [nranks=20] stream 0x559f11821c40
[LYD INFO in ncclLaunchKernel (enqueue.cc)] NCHANNELS is: 4x3012c0s19b1n0:34476:34476 [2] NCCL INFO AllReduce: opCount 2 sendbuff 0x148fcf600000 recvbuff 0x148fcf600000 count 1 datatype 8 op 3 root 0 comm 0x55e06a8343b0 [nranks=20] stream 0x55e0844edf10
[LYD INFO in ncclLaunchKernel (enqueue.cc)] NCHANNELS is: 4
[LYD INFO in NCCL_FUNC_NAME (common.h)] 15 AllReduce TREE LL Min double Elapsed time: 4 us

[LYD INFO in NCCL_FUNC_NAME (common.h)] 14 AllReduce TREE LL Min double Elapsed time: 5 us

[LYD INFO in NCCL_FUNC_NAME (common.h)] 13 AllReduce TREE LL Min double Elapsed time: 21157 us

[LYD INFO in NCCL_KERN_NAME (common.h)] 14 AllReduce TREE LL Sum double Elapsed time: 37980 us
x3012c0s19b1n0:34476:34476 [2] NCCL INFO AllReduce: opCount 3 sendbuff 0x148fcf600200 recvbuff 0x148fcf600200 count 1 datatype 1 op 0 root 0 comm 0x55e06a8343b0 [nranks=20] stream 0x55e0844edf10
[LYD INFO in ncclLaunchKernel (enqueue.cc)] NCHANNELS is: 4
[LYD INFO in NCCL_FUNC_NAME (common.h)] 12 AllReduce TREE LL Min double Elapsed time: 19984 us

[LYD INFO in NCCL_KERN_NAME (common.h)] 12 AllReduce TREE LL Sum double Elapsed time: 57956 us
x3012c0s19b1n0:34474:34474 [0] NCCL INFO AllReduce: opCount 3 sendbuff 0x149c8b600200 recvbuff 0x149c8b600200 count 1 datatype 1 op 0 root 0 comm 0x559ef6ac9a30 [nranks=20] stream 0x559f11821c40
[LYD INFO in ncclLaunchKernel (enqueue.cc)] NCHANNELS is: 4
[LYD INFO in NCCL_KERN_NAME (common.h)] 15 AllReduce TREE LL Sum double Elapsed time: 64829 us
x3012c0s19b1n0:34477:34477 [3] NCCL INFO AllReduce: opCount 3 sendbuff 0x151993600200 recvbuff 0x151993600200 count 1 datatype 1 op 0 root 0 comm 0x55f45c75a1a0 [nranks=20] stream 0x55f474025710
[LYD INFO in ncclLaunchKernel (enqueue.cc)] NCHANNELS is: 4
[LYD INFO in NCCL_KERN_NAME (common.h)] 13 AllReduce TREE LL Sum double Elapsed time: 59130 us
x3012c0s19b1n0:34475:34475 [1] NCCL INFO AllReduce: opCount 3 sendbuff 0x14f23b600200 recvbuff 0x14f23b600200 count 1 datatype 1 op 0 root 0 comm 0x56497b8fc2e0 [nranks=20] stream 0x5649951bc0e0
[LYD INFO in ncclLaunchKernel (enqueue.cc)] NCHANNELS is: 4
[LYD INFO in NCCL_KERN_NAME (common.h)] 12 AllReduce TREE LL Sum uint8_t Elapsed time: 88057 us

[LYD INFO in NCCL_KERN_NAME (common.h)] 15 AllReduce TREE LL Sum uint8_t Elapsed time: 97930 us

[LYD INFO in NCCL_KERN_NAME (common.h)] 14 AllReduce TREE LL Sum uint8_t Elapsed time: 89350 us
 > number of parameters on (tensor, pipeline) model parallel rank (0, 14): 39354880
x3012c0s19b1n0:34476:34476 [2] NCCL INFO AllReduce: opCount 4 sendbuff 0x148fcf600400 recvbuff 0x148fcf600400 count 1 datatype 1 op 0 root 0 comm 0x55e06a8343b0 [nranks=20] stream 0x55e0844edf10
[LYD INFO in ncclLaunchKernel (enqueue.cc)] NCHANNELS is: 4 > number of parameters on (tensor, pipeline) model parallel rank (0, 15): 39354880
x3012c0s19b1n0:34477:34477 [3] NCCL INFO AllReduce: opCount 4 sendbuff 0x151993600400 recvbuff 0x151993600400 count 1 datatype 1 op 0 root 0 comm 0x55f45c75a1a0 [nranks=20] stream 0x55f474025710
[LYD INFO in ncclLaunchKernel (enqueue.cc)] NCHANNELS is: 4
[LYD INFO in NCCL_KERN_NAME (common.h)] 13 AllReduce TREE LL Sum uint8_t Elapsed time: 59890 us
 > number of parameters on (tensor, pipeline) model parallel rank (0, 13): 39354880
 > number of parameters on (tensor, pipeline) model parallel rank (0, 12): 39354880
x3012c0s19b1n0:34474:34474 [0] NCCL INFO AllReduce: opCount 4 sendbuff 0x149c8b600400 recvbuff 0x149c8b600400 count 1 datatype 1 op 0 root 0 comm 0x559ef6ac9a30 [nranks=20] stream 0x559f11821c40
[LYD INFO in ncclLaunchKernel (enqueue.cc)] NCHANNELS is: 4x3012c0s19b1n0:34475:34475 [1] NCCL INFO AllReduce: opCount 4 sendbuff 0x14f23b600400 recvbuff 0x14f23b600400 count 1 datatype 1 op 0 root 0 comm 0x56497b8fc2e0 [nranks=20] stream 0x5649951bc0e0
[LYD INFO in ncclLaunchKernel (enqueue.cc)] NCHANNELS is: 4
[LYD INFO in NCCL_KERN_NAME (common.h)] 12 AllReduce TREE LL Sum uint8_t Elapsed time: 1675846 us
x3012c0s19b1n0:34474:34474 [0] NCCL INFO AllReduce: opCount 5 sendbuff 0x149c8b615200 recvbuff 0x149c8b615200 count 1 datatype 1 op 0 root 0 comm 0x559ef6ac9a30 [nranks=20] stream 0x559f11821c40
[LYD INFO in ncclLaunchKernel (enqueue.cc)] NCHANNELS is: 4
[LYD INFO in NCCL_KERN_NAME (common.h)] 13 AllReduce TREE LL Sum uint8_t Elapsed time: 1678480 us
x3012c0s19b1n0:34475:34475 [1] NCCL INFO AllReduce: opCount 5 sendbuff 0x14f23b615200 recvbuff 0x14f23b615200 count 1 datatype 1 op 0 root 0 comm 0x56497b8fc2e0 [nranks=20] stream 0x5649951bc0e0
[LYD INFO in ncclLaunchKernel (enqueue.cc)] NCHANNELS is: 4
[LYD INFO in NCCL_KERN_NAME (common.h)] 15 AllReduce TREE LL Sum uint8_t Elapsed time: 1722109 us
x3012c0s19b1n0:34477:34477 [3] NCCL INFO AllReduce: opCount 5 sendbuff 0x151993615200 recvbuff 0x151993615200 count 1 datatype 1 op 0 root 0 comm 0x55f45c75a1a0 [nranks=20] stream 0x55f474025710
[LYD INFO in ncclLaunchKernel (enqueue.cc)] NCHANNELS is: 4
[LYD INFO in NCCL_KERN_NAME (common.h)] 14 AllReduce TREE LL Sum uint8_t Elapsed time: 1721500 us
x3012c0s19b1n0:34476:34476 [2] NCCL INFO AllReduce: opCount 5 sendbuff 0x148fcf615200 recvbuff 0x148fcf615200 count 1 datatype 1 op 0 root 0 comm 0x55e06a8343b0 [nranks=20] stream 0x55e0844edf10
[LYD INFO in ncclLaunchKernel (enqueue.cc)] NCHANNELS is: 4
[LYD INFO in NCCL_KERN_NAME (common.h)] 15 AllReduce TREE LL Sum uint8_t Elapsed time: 42242 us
x3012c0s19b1n0:34477:34477 [3] NCCL INFO AllReduce: opCount 6 sendbuff 0x151993600400 recvbuff 0x151993600400 count 1 datatype 1 op 0 root 0 comm 0x55f45c75a1a0 [nranks=20] stream 0x55f474025710
[LYD INFO in ncclLaunchKernel (enqueue.cc)] NCHANNELS is: 4
[LYD INFO in NCCL_KERN_NAME (common.h)] 14 AllReduce TREE LL Sum uint8_t Elapsed time: 37730 us
x3012c0s19b1n0:34476:34476 [2] NCCL INFO AllReduce: opCount 6 sendbuff 0x148fcf600400 recvbuff 0x148fcf600400 count 1 datatype 1 op 0 root 0 comm 0x55e06a8343b0 [nranks=20] stream 0x55e0844edf10
[LYD INFO in ncclLaunchKernel (enqueue.cc)] NCHANNELS is: 4
[LYD INFO in NCCL_KERN_NAME (common.h)] 12 AllReduce TREE LL Sum uint8_t Elapsed time: 69234 us
x3012c0s19b1n0:34474:34474 [0] NCCL INFO AllReduce: opCount 6 sendbuff 0x149c8b600400 recvbuff 0x149c8b600400 count 1 datatype 1 op 0 root 0 comm 0x559ef6ac9a30 [nranks=20] stream 0x559f11821c40
[LYD INFO in ncclLaunchKernel (enqueue.cc)] NCHANNELS is: 4
[LYD INFO in NCCL_KERN_NAME (common.h)] 13 AllReduce TREE LL Sum uint8_t Elapsed time: 56037 us
x3012c0s19b1n0:34475:34475 [1] NCCL INFO AllReduce: opCount 6 sendbuff 0x14f23b600400 recvbuff 0x14f23b600400 count 1 datatype 1 op 0 root 0 comm 0x56497b8fc2e0 [nranks=20] stream 0x5649951bc0e0
[LYD INFO in ncclLaunchKernel (enqueue.cc)] NCHANNELS is: 4
[LYD INFO in NCCL_KERN_NAME (common.h)] 15 AllReduce TREE LL Sum uint8_t Elapsed time: 157456 us

[LYD INFO in NCCL_KERN_NAME (common.h)] 14 AllReduce TREE LL Sum uint8_t Elapsed time: 149095 us

[LYD INFO in NCCL_KERN_NAME (common.h)] 13 AllReduce TREE LL Sum uint8_t Elapsed time: 121981 us

[LYD INFO in NCCL_KERN_NAME (common.h)] 12 AllReduce TREE LL Sum uint8_t Elapsed time: 136981 us
NCCL version 2.14.3+cuda11.8
x3012c0s19b1n0:34476:34476 [2] NCCL INFO init.cc:1147 Cuda Host Alloc Size 4 pointer 0x148f90e00400
NCCL version 2.14.3+cuda11.8
x3012c0s19b1n0:34477:34477 [3] NCCL INFO init.cc:1147 Cuda Host Alloc Size 4 pointer 0x151952e00400
NCCL version 2.14.3+cuda11.8
x3012c0s19b1n0:34474:34474 [0] NCCL INFO init.cc:1147 Cuda Host Alloc Size 4 pointer 0x149c4ae00400
NCCL version 2.14.3+cuda11.8
x3012c0s19b1n0:34475:34475 [1] NCCL INFO init.cc:1147 Cuda Host Alloc Size 4 pointer 0x14f1fae00400
x3012c0s19b1n0:34476:39181 [2] NCCL INFO Using network IB
x3012c0s19b1n0:34477:39183 [3] NCCL INFO Using network IB
x3012c0s19b1n0:34474:39185 [0] NCCL INFO Using network IB
x3012c0s19b1n0:34475:39188 [1] NCCL INFO Using network IB
x3012c0s19b1n0:34477:39183 [3] NCCL INFO NET/IB : GPU Direct RDMA Enabled for HCA 0 'mlx5_0'
x3012c0s19b1n0:34477:39183 [3] NCCL INFO NET/IB : GPU Direct RDMA Enabled for HCA 1 'mlx5_1'
x3012c0s19b1n0:34477:39183 [3] NCCL INFO GPU Direct RDMA Disabled for GPU c7000 / HCA 0 (distance 6 > 4)
x3012c0s19b1n0:34477:39183 [3] NCCL INFO GPU Direct RDMA Disabled for GPU c7000 / HCA 1 (distance 7 > 4)
x3012c0s19b1n0:34477:39183 [3] NCCL INFO === System : maxBw 5000.0 totalBw 0.0 ===
x3012c0s19b1n0:34477:39183 [3] NCCL INFO CPU/0 (1/2/-1)
x3012c0s19b1n0:34477:39183 [3] NCCL INFO + SYS[5000.0] - CPU/2
x3012c0s19b1n0:34477:39183 [3] NCCL INFO + PCI[24.0] - PCI/C5000 (11f8406811f8beef)
x3012c0s19b1n0:34477:39183 [3] NCCL INFO               + PCI[24.0] - GPU/C7000 (0)
x3012c0s19b1n0:34477:39183 [3] NCCL INFO + PCI[12.0] - NIC/C8000
x3012c0s19b1n0:34477:39183 [3] NCCL INFO CPU/2 (1/2/-1)
x3012c0s19b1n0:34477:39183 [3] NCCL INFO + SYS[5000.0] - CPU/0
x3012c0s19b1n0:34477:39183 [3] NCCL INFO + PCI[12.0] - NIC/43000
x3012c0s19b1n0:34477:39183 [3] NCCL INFO ==========================================
x3012c0s19b1n0:34477:39183 [3] NCCL INFO GPU/C7000 :GPU/C7000 (0/5000.000000/LOC) CPU/0 (2/24.000000/PHB) CPU/2 (3/24.000000/SYS) 
x3012c0s19b1n0:34477:39183 [3] NCCL INFO Setting affinity for GPU 3 to 01
x3012c0s19b1n0:34477:39183 [3] NCCL INFO Pattern 4, crossNic 0, nChannels 16, bw 44.000000/44.000000, type LOC/PIX, sameChannels 1
x3012c0s19b1n0:34477:39183 [3] NCCL INFO  0 : GPU/0
x3012c0s19b1n0:34477:39183 [3] NCCL INFO  1 : GPU/0
x3012c0s19b1n0:34477:39183 [3] NCCL INFO  2 : GPU/0
x3012c0s19b1n0:34477:39183 [3] NCCL INFO  3 : GPU/0
x3012c0s19b1n0:34477:39183 [3] NCCL INFO  4 : GPU/0
x3012c0s19b1n0:34477:39183 [3] NCCL INFO  5 : GPU/0
x3012c0s19b1n0:34477:39183 [3] NCCL INFO  6 : GPU/0
x3012c0s19b1n0:34477:39183 [3] NCCL INFO  7 : GPU/0
x3012c0s19b1n0:34477:39183 [3] NCCL INFO  8 : GPU/0
x3012c0s19b1n0:34477:39183 [3] NCCL INFO  9 : GPU/0
x3012c0s19b1n0:34477:39183 [3] NCCL INFO 10 : GPU/0
x3012c0s19b1n0:34477:39183 [3] NCCL INFO 11 : GPU/0
x3012c0s19b1n0:34477:39183 [3] NCCL INFO 12 : GPU/0
x3012c0s19b1n0:34477:39183 [3] NCCL INFO 13 : GPU/0
x3012c0s19b1n0:34477:39183 [3] NCCL INFO 14 : GPU/0
