x3001c0s37b0n0:45030:49383 [0] NCCL INFO Channel 03/0 : 13[46000] -> 8[7000] [receive] via NET/IB/0
x3001c0s37b0n0:45030:49541 [0] NCCL INFO transport/net_ib.cc:683 Ib Alloc Size 21688 pointer 0x154480124000
x3001c0s37b0n0:45030:49541 [0] NCCL INFO transport/net_ib.cc:696 Ib Alloc Size 552 pointer 0x15448012b000
x3001c0s37b0n0:45031:49547 [1] NCCL INFO New proxy recv connection 22 from local rank 1, transport 0
x3001c0s37b0n0:45030:49541 [0] NCCL INFO transport/net_ib.cc:771 Ib Alloc Size 552 pointer 0x154480146000
x3001c0s37b0n0:45030:49541 [0] NCCL INFO transport/net.cc:698 Cuda Host Alloc Size 9641984 pointer 0x154469400000
x3001c0s37b0n0:45030:49541 [0] NCCL INFO Mem Realloc old size 768, new size 1536 pointer 0x1544800e9990
x3001c0s37b0n0:45031:49385 [1] NCCL INFO Connection to proxy localRank 1 -> connection 0x148da0001200
x3001c0s37b0n0:45031:49547 [1] NCCL INFO transport/p2p.cc:449 Cuda Alloc Size 6291456 pointer 0x148d88c00000
x3001c0s37b0n0:45030:49541 [0] NCCL INFO transport/net_ib.cc:683 Ib Alloc Size 21688 pointer 0x154480148000
x3001c0s37b0n0:45030:49541 [0] NCCL INFO transport/net_ib.cc:696 Ib Alloc Size 552 pointer 0x15448014f000
x3001c0s37b0n0:45030:49541 [0] NCCL INFO transport/net_ib.cc:771 Ib Alloc Size 552 pointer 0x15448016a000
x3001c0s37b0n0:45030:49541 [0] NCCL INFO transport/net.cc:698 Cuda Host Alloc Size 9641984 pointer 0x154466000000
x3001c0s37b0n0:45030:49541 [0] NCCL INFO Mem Realloc old size 768, new size 1536 pointer 0x15448015f410
x3001c0s37b0n0:45030:49383 [0] NCCL INFO GPU Direct RDMA Disabled for GPU 7000 / HCA 1 (distance 7 > 4)
x3001c0s37b0n0:45031:49547 [1] NCCL INFO New proxy recv connection 23 from local rank 1, transport 0
x3001c0s37b0n0:45031:49385 [1] NCCL INFO Connection to proxy localRank 1 -> connection 0x148da0001240
x3001c0s37b0n0:45031:49547 [1] NCCL INFO transport/p2p.cc:449 Cuda Alloc Size 6291456 pointer 0x148d89200000
x3001c0s37b0n0:45030:49541 [0] NCCL INFO New proxy recv connection 22 from local rank 0, transport 2
x3001c0s37b0n0:45031:49385 [1] NCCL INFO Connected all trees by HAO
x3001c0s37b0n0:45031:49385 [1] NCCL INFO threadThresholds 8/8/64 | 160/8/64 | 512 | 512
x3001c0s37b0n0:45031:49385 [1] NCCL INFO 4 coll channels, 4 p2p channels, 2 p2p channels per peer
x3001c0s37b0n0:45031:49547 [1] NCCL INFO New proxy send connection 24 from local rank 1, transport 2
x3001c0s37b0n0:45031:49385 [1] NCCL INFO Connection to proxy localRank 1 -> connection 0x148da0001280
x3001c0s37b0n0:45032:49384 [2] NCCL INFO Connected all trees by HAO
x3001c0s37b0n0:45032:49384 [2] NCCL INFO threadThresholds 8/8/64 | 160/8/64 | 512 | 512
x3001c0s37b0n0:45032:49384 [2] NCCL INFO 4 coll channels, 4 p2p channels, 2 p2p channels per peer
x3001c0s37b0n0:45032:49546 [2] NCCL INFO Allocated 4194656 bytes of shared memory in /dev/shm/nccl-wNg9Jh

x3001c0s37b0n0:45032:49546 [2] NCCL INFO New proxy send connection 20 from local rank 2, transport 2
x3001c0s37b0n0:45030:49383 [0] NCCL INFO Connection to proxy localRank 0 -> connection 0x154480001200
x3001c0s37b0n0:45031:49547 [1] NCCL INFO transport/net.cc:376 Cuda Alloc Size 8388608 pointer 0x148d87200000
x3001c0s37b0n0:45032:49384 [2] NCCL INFO Connection to proxy localRank 2 -> connection 0x14db24001180
x3001c0s37b0n0:45032:49546 [2] NCCL INFO transport/net.cc:376 Cuda Alloc Size 8388608 pointer 0x14db1b800000
x3001c0s37b0n0:45030:49383 [0] NCCL INFO Channel 00/0 : 12[7000] -> 8[7000] [receive] via NET/IB/1
x3001c0s37b0n0:45030:49383 [0] NCCL INFO GPU Direct RDMA Disabled for GPU 7000 / HCA 0 (distance 7 > 4)
x3001c0s37b0n0:45030:49541 [0] NCCL INFO New proxy recv connection 23 from local rank 0, transport 2
x3001c0s37b0n0:45030:49383 [0] NCCL INFO Connection to proxy localRank 0 -> connection 0x154480001240
x3001c0s37b0n0:45030:49383 [0] NCCL INFO Channel 01/0 : 12[7000] -> 8[7000] [receive] via NET/IB/0
x3001c0s37b0n0:45030:49541 [0] NCCL INFO transport/net_ib.cc:683 Ib Alloc Size 21688 pointer 0x154480176000
x3001c0s37b0n0:45030:49541 [0] NCCL INFO transport/net_ib.cc:696 Ib Alloc Size 552 pointer 0x15448017d000
x3001c0s37b0n0:45030:49541 [0] NCCL INFO transport/net_ib.cc:771 Ib Alloc Size 552 pointer 0x154480198000
x3001c0s37b0n0:45030:49541 [0] NCCL INFO transport/net.cc:698 Cuda Host Alloc Size 9641984 pointer 0x154466a00000
x3001c0s37b0n0:45030:49541 [0] NCCL INFO transport/net_ib.cc:683 Ib Alloc Size 21688 pointer 0x15448019a000
x3001c0s37b0n0:45030:49541 [0] NCCL INFO transport/net_ib.cc:696 Ib Alloc Size 552 pointer 0x1544801a1000
x3001c0s37b0n0:45030:49541 [0] NCCL INFO transport/net_ib.cc:771 Ib Alloc Size 552 pointer 0x1544801bc000
x3001c0s37b0n0:45030:49541 [0] NCCL INFO transport/net.cc:698 Cuda Host Alloc Size 9641984 pointer 0x154467400000
x3001c0s37b0n0:45030:49383 [0] NCCL INFO Connected all trees by HAO
x3001c0s37b0n0:45030:49383 [0] NCCL INFO threadThresholds 8/8/64 | 160/8/64 | 512 | 512
x3001c0s37b0n0:45030:49383 [0] NCCL INFO 4 coll channels, 4 p2p channels, 2 p2p channels per peer
x3001c0s37b0n0:45030:49541 [0] NCCL INFO New proxy send connection 24 from local rank 0, transport 2
x3001c0s37b0n0:45030:49383 [0] NCCL INFO Connection to proxy localRank 0 -> connection 0x154480001280
x3001c0s37b0n0:45030:49383 [0] NCCL INFO init.cc:367 Cuda Alloc Size 5168 pointer 0x1544d781fc00
x3001c0s37b0n0:45031:49385 [1] NCCL INFO init.cc:367 Cuda Alloc Size 5168 pointer 0x148df581fc00
x3001c0s37b0n0:45033:49386 [3] NCCL INFO init.cc:367 Cuda Alloc Size 5168 pointer 0x1467a381fc00
x3001c0s37b0n0:45032:49384 [2] NCCL INFO init.cc:367 Cuda Alloc Size 5168 pointer 0x14dba7e1fc00
x3001c0s37b0n0:45033:49386 [3] NCCL INFO init.cc:392 Cuda Host Alloc Size 33554432 pointer 0x146740000000
x3001c0s37b0n0:45033:49386 [3] NCCL INFO init.cc:398 Cuda Host Alloc Size 128 pointer 0x1467a2e00a00
x3001c0s37b0n0:45033:49386 [3] NCCL INFO comm 0x557251c05b40 rank 11 nranks 20 cudaDev 3 busId c7000 - Init COMPLETE
x3001c0s37b0n0:45032:49384 [2] NCCL INFO init.cc:392 Cuda Host Alloc Size 33554432 pointer 0x14db12000000
x3001c0s37b0n0:45032:49384 [2] NCCL INFO init.cc:398 Cuda Host Alloc Size 128 pointer 0x14dba7400a00
x3001c0s37b0n0:45032:49384 [2] NCCL INFO comm 0x5591a34aa880 rank 10 nranks 20 cudaDev 2 busId 85000 - Init COMPLETE
x3001c0s37b0n0:45031:49385 [1] NCCL INFO init.cc:392 Cuda Host Alloc Size 33554432 pointer 0x148d84000000
x3001c0s37b0n0:45031:49385 [1] NCCL INFO init.cc:398 Cuda Host Alloc Size 128 pointer 0x148df4e00a00
x3001c0s37b0n0:45031:49385 [1] NCCL INFO comm 0x5643291ec320 rank 9 nranks 20 cudaDev 1 busId 46000 - Init COMPLETE
x3001c0s37b0n0:45030:49383 [0] NCCL INFO init.cc:392 Cuda Host Alloc Size 33554432 pointer 0x154464000000
x3001c0s37b0n0:45030:49383 [0] NCCL INFO init.cc:398 Cuda Host Alloc Size 128 pointer 0x1544d6e00a00
x3001c0s37b0n0:45030:49383 [0] NCCL INFO comm 0x55f80fec0a20 rank 8 nranks 20 cudaDev 0 busId 7000 - Init COMPLETE
x3001c0s37b0n0:45030:49541 [0] NCCL INFO transport/net.cc:376 Cuda Alloc Size 8388608 pointer 0x154462000000
x3001c0s37b0n0:45030:45030 [0] NCCL INFO AllReduce: opCount 0 sendbuff 0x154517600400 recvbuff 0x154517600400 count 1 datatype 4 op 0 root 0 comm 0x55f80fec0a20 [nranks=20] stream 0x55f80e60f340
x3001c0s37b0n0:45030:45030 [0] NCCL INFO misc/utils.cc:235 memory stack hunk malloc(65536)
[LYD INFO in ncclLaunchKernel (enqueue.cc)] NCHANNELS is: 4x3001c0s37b0n0:45033:45033 [3] NCCL INFO AllReduce: opCount 0 sendbuff 0x1467e7600400 recvbuff 0x1467e7600400 count 1 datatype 4 op 0 root 0 comm 0x557251c05b40 [nranks=20] stream 0x55724fb07730
x3001c0s37b0n0:45033:45033 [3] NCCL INFO misc/utils.cc:235 memory stack hunk malloc(65536)
[LYD INFO in ncclLaunchKernel (enqueue.cc)] NCHANNELS is: 4x3001c0s37b0n0:45032:45032 [2] NCCL INFO AllReduce: opCount 0 sendbuff 0x14dba3a00400 recvbuff 0x14dba3a00400 count 1 datatype 4 op 0 root 0 comm 0x5591a34aa880 [nranks=20] stream 0x5591a1b6fb70
x3001c0s37b0n0:45032:45032 [2] NCCL INFO misc/utils.cc:235 memory stack hunk malloc(65536)
[LYD INFO in ncclLaunchKernel (enqueue.cc)] NCHANNELS is: 4x3001c0s37b0n0:45031:45031 [1] NCCL INFO AllReduce: opCount 0 sendbuff 0x148e37600400 recvbuff 0x148e37600400 count 1 datatype 4 op 0 root 0 comm 0x5643291ec320 [nranks=20] stream 0x564327891510
x3001c0s37b0n0:45031:45031 [1] NCCL INFO misc/utils.cc:235 memory stack hunk malloc(65536)
[LYD INFO in ncclLaunchKernel (enqueue.cc)] NCHANNELS is: 4
[LYD INFO in NCCL_KERN_NAME (common.h)] 11 AllReduce TREE LL Sum int64_t Elapsed time: 68791 us

[LYD INFO in NCCL_KERN_NAME (common.h)] 9 AllReduce TREE LL Sum int64_t Elapsed time: 51426 us
[Hao INFO in ncclAllReduce (all_reduce.cc)] rank 3 ncclAllReduce: count: 1, datatype: ncclInt64, message size: 8 Bytes
x3001c0s37b0n0:45033:45033 [3] NCCL INFO AllReduce: opCount 0 sendbuff 0x1467e7600400 recvbuff 0x1467e7600400 count 1 datatype 4 op 0 root 0 comm 0x557251317e30 [nranks=1] stream 0x55724fb075f0

[LYD INFO in ncclAllReduce (all_reduce.cc)] rank 0 AllReduce Time: 0.000015000 seconds
x3001c0s37b0n0:45033:45033 [3] NCCL INFO AllReduce: opCount 1 sendbuff 0x1467e7600400 recvbuff 0x1467e7600400 count 1 datatype 4 op 0 root 0 comm 0x557251c05b40 [nranks=20] stream 0x55724fb07730
[LYD INFO in ncclLaunchKernel (enqueue.cc)] NCHANNELS is: 4
[LYD INFO in NCCL_KERN_NAME (common.h)] 10 AllReduce TREE LL Sum int64_t Elapsed time: 63116 us
[Hao INFO in ncclAllReduce (all_reduce.cc)] rank 1 ncclAllReduce: count: 1, datatype: ncclInt64, message size: 8 Bytes
x3001c0s37b0n0:45031:45031 [1] NCCL INFO AllReduce: opCount 0 sendbuff 0x148e37600400 recvbuff 0x148e37600400 count 1 datatype 4 op 0 root 0 comm 0x56432aad0a30 [nranks=1] stream 0x5643278913d0

[LYD INFO in ncclAllReduce (all_reduce.cc)] rank 0 AllReduce Time: 0.000013000 seconds
x3001c0s37b0n0:45031:45031 [1] NCCL INFO AllReduce: opCount 1 sendbuff 0x148e37600400 recvbuff 0x148e37600400 count 1 datatype 4 op 0 root 0 comm 0x5643291ec320 [nranks=20] stream 0x564327891510
[LYD INFO in ncclLaunchKernel (enqueue.cc)] NCHANNELS is: 4[Hao INFO in ncclAllReduce (all_reduce.cc)] rank 2 ncclAllReduce: count: 1, datatype: ncclInt64, message size: 8 Bytes
x3001c0s37b0n0:45032:45032 [2] NCCL INFO AllReduce: opCount 0 sendbuff 0x14dba3a00400 recvbuff 0x14dba3a00400 count 1 datatype 4 op 0 root 0 comm 0x5591a3521310 [nranks=1] stream 0x5591a1b6fa30

[LYD INFO in ncclAllReduce (all_reduce.cc)] rank 0 AllReduce Time: 0.000013000 seconds
x3001c0s37b0n0:45032:45032 [2] NCCL INFO AllReduce: opCount 1 sendbuff 0x14dba3a00400 recvbuff 0x14dba3a00400 count 1 datatype 4 op 0 root 0 comm 0x5591a34aa880 [nranks=20] stream 0x5591a1b6fb70
[LYD INFO in ncclLaunchKernel (enqueue.cc)] NCHANNELS is: 4
[LYD INFO in NCCL_KERN_NAME (common.h)] 8 AllReduce TREE LL Sum int64_t Elapsed time: 84609 us
[Hao INFO in ncclAllReduce (all_reduce.cc)] rank 0 ncclAllReduce: count: 1, datatype: ncclInt64, message size: 8 Bytes
x3001c0s37b0n0:45030:45030 [0] NCCL INFO AllReduce: opCount 0 sendbuff 0x154517600400 recvbuff 0x154517600400 count 1 datatype 4 op 0 root 0 comm 0x55f8105e55b0 [nranks=1] stream 0x55f80e60f200

[LYD INFO in ncclAllReduce (all_reduce.cc)] rank 0 AllReduce Time: 0.000015000 seconds
x3001c0s37b0n0:45030:45030 [0] NCCL INFO AllReduce: opCount 1 sendbuff 0x154517600400 recvbuff 0x154517600400 count 1 datatype 4 op 0 root 0 comm 0x55f80fec0a20 [nranks=20] stream 0x55f80e60f340
[LYD INFO in ncclLaunchKernel (enqueue.cc)] NCHANNELS is: 4