x3006c0s7b0n0:61809:62851 [2] NCCL INFO New proxy recv connection 6 from local rank 2, transport 0
x3006c0s7b0n0:61809:62681 [2] NCCL INFO Connection to proxy localRank 2 -> connection 0x14903c000e00
x3006c0s7b0n0:61802:62850 [1] NCCL INFO transport/net_ib.cc:771 Ib Alloc Size 552 pointer 0x146dc8079000
x3006c0s7b0n0:61802:62850 [1] NCCL INFO transport/net.cc:698 Cuda Host Alloc Size 9641984 pointer 0x146e16a00000
x3006c0s7b0n0:61802:62850 [1] NCCL INFO Mem Realloc old size 0, new size 768 pointer 0x146dc806e4f0
x3006c0s7b0n0:61812:62857 [3] NCCL INFO transport/net_ib.cc:596 Ib Alloc Size 26560 pointer 0x14c624042000
x3006c0s7b0n0:61802:62850 [1] NCCL INFO transport/net_ib.cc:683 Ib Alloc Size 21688 pointer 0x146dc807b000
x3006c0s7b0n0:61802:62850 [1] NCCL INFO transport/net_ib.cc:696 Ib Alloc Size 552 pointer 0x146dc8082000
x3006c0s7b0n0:61812:62857 [3] NCCL INFO NET/IB: Dev 0 Port 1 qpn 4060 mtu 5 GID 0 (80FE/AE0800FEFF000000)
x3006c0s7b0n0:61812:62857 [3] NCCL INFO transport/net_ib.cc:653 Ib Alloc Size 552 pointer 0x14c624064000
x3006c0s7b0n0:61812:62857 [3] NCCL INFO transport/net.cc:571 Cuda Host Alloc Size 9641984 pointer 0x14c673a00000
x3006c0s7b0n0:61812:62857 [3] NCCL INFO Mem Realloc old size 0, new size 768 pointer 0x14c624051c50
x3006c0s7b0n0:61809:62851 [2] NCCL INFO transport/p2p.cc:449 Cuda Alloc Size 6291456 pointer 0x14903b800000
x3006c0s7b0n0:61809:62851 [2] NCCL INFO New proxy recv connection 7 from local rank 2, transport 0
x3006c0s7b0n0:61812:62857 [3] NCCL INFO transport/net_ib.cc:596 Ib Alloc Size 26560 pointer 0x14c624066000
x3006c0s7b0n0:61809:62681 [2] NCCL INFO Connection to proxy localRank 2 -> connection 0x14903c000e40
x3006c0s7b0n0:61812:62857 [3] NCCL INFO NET/IB: Dev 1 Port 1 qpn 3046 mtu 5 GID 0 (80FE/EE0800FEFF000000)
x3006c0s7b0n0:61812:62857 [3] NCCL INFO transport/net_ib.cc:653 Ib Alloc Size 552 pointer 0x14c62407d000
x3006c0s7b0n0:61812:62857 [3] NCCL INFO transport/net.cc:571 Cuda Host Alloc Size 9641984 pointer 0x14c674400000
x3006c0s7b0n0:61809:62851 [2] NCCL INFO transport/p2p.cc:449 Cuda Alloc Size 6291456 pointer 0x149038000000
x3006c0s7b0n0:61802:62850 [1] NCCL INFO transport/net_ib.cc:771 Ib Alloc Size 552 pointer 0x146dc809d000
x3006c0s7b0n0:61802:62850 [1] NCCL INFO transport/net.cc:698 Cuda Host Alloc Size 9641984 pointer 0x146e17400000
x3006c0s7b0n0:61812:62857 [3] NCCL INFO transport/net_ib.cc:596 Ib Alloc Size 26560 pointer 0x14c62407f000
x3006c0s7b0n0:61802:62850 [1] NCCL INFO transport/net_ib.cc:683 Ib Alloc Size 21688 pointer 0x146dc809f000
x3006c0s7b0n0:61802:62850 [1] NCCL INFO transport/net_ib.cc:696 Ib Alloc Size 552 pointer 0x146dc80a6000
x3006c0s7b0n0:61809:62681 [2] NCCL INFO Connected all rings
x3006c0s7b0n0:61809:62851 [2] NCCL INFO New proxy recv connection 8 from local rank 2, transport 0
x3006c0s7b0n0:61809:62681 [2] NCCL INFO Connection to proxy localRank 2 -> connection 0x14903c000e80
x3006c0s7b0n0:61799:62849 [0] NCCL INFO New proxy recv connection 4 from local rank 0, transport 0
x3006c0s7b0n0:61812:62857 [3] NCCL INFO NET/IB: Dev 0 Port 1 qpn 4061 mtu 5 GID 0 (80FE/AE0800FEFF000000)
x3006c0s7b0n0:61812:62857 [3] NCCL INFO transport/net_ib.cc:653 Ib Alloc Size 552 pointer 0x14c624096000
x3006c0s7b0n0:61812:62857 [3] NCCL INFO transport/net.cc:571 Cuda Host Alloc Size 9641984 pointer 0x14c674e00000
x3006c0s7b0n0:61809:62851 [2] NCCL INFO transport/p2p.cc:449 Cuda Alloc Size 6291456 pointer 0x149036000000
x3006c0s7b0n0:61799:62683 [0] NCCL INFO Connection to proxy localRank 0 -> connection 0x14ee98000d80
x3006c0s7b0n0:61812:62682 [3] NCCL INFO Connected all rings
x3006c0s7b0n0:61812:62682 [3] NCCL INFO Channel 00/0 : 15[c7000] -> 14[85000] via P2P/IPC/read
x3006c0s7b0n0:61799:62849 [0] NCCL INFO transport/p2p.cc:449 Cuda Alloc Size 6291456 pointer 0x14ee96c00000
x3006c0s7b0n0:61812:62857 [3] NCCL INFO New proxy send connection 8 from local rank 3, transport 0
x3006c0s7b0n0:61802:62850 [1] NCCL INFO transport/net_ib.cc:771 Ib Alloc Size 552 pointer 0x146dc80c1000
x3006c0s7b0n0:61802:62850 [1] NCCL INFO transport/net.cc:698 Cuda Host Alloc Size 9641984 pointer 0x146e17e00000
x3006c0s7b0n0:61799:62849 [0] NCCL INFO New proxy recv connection 5 from local rank 0, transport 0
x3006c0s7b0n0:61809:62851 [2] NCCL INFO New proxy recv connection 9 from local rank 2, transport 0
x3006c0s7b0n0:61802:62684 [1] NCCL INFO Channel 00/0 : 13[46000] -> 12[7000] via P2P/IPC/read
x3006c0s7b0n0:61802:62850 [1] NCCL INFO New proxy send connection 4 from local rank 1, transport 0
x3006c0s7b0n0:61812:62682 [3] NCCL INFO Connection to proxy localRank 3 -> connection 0x14c624000e80
x3006c0s7b0n0:61812:62857 [3] NCCL INFO transport/p2p.cc:430 Cuda Alloc Size 6291456 pointer 0x14c675800000
x3006c0s7b0n0:61809:62681 [2] NCCL INFO Connection to proxy localRank 2 -> connection 0x14903c000ec0
x3006c0s7b0n0:61809:62851 [2] NCCL INFO transport/p2p.cc:449 Cuda Alloc Size 6291456 pointer 0x149036600000
x3006c0s7b0n0:61799:62683 [0] NCCL INFO Connection to proxy localRank 0 -> connection 0x14ee98000dc0
x3006c0s7b0n0:61799:62849 [0] NCCL INFO transport/p2p.cc:449 Cuda Alloc Size 6291456 pointer 0x14ee97200000
x3006c0s7b0n0:61802:62684 [1] NCCL INFO Connection to proxy localRank 1 -> connection 0x146dc8000d80
x3006c0s7b0n0:61802:62850 [1] NCCL INFO transport/p2p.cc:430 Cuda Alloc Size 6291456 pointer 0x146e18800000
x3006c0s7b0n0:61812:62682 [3] NCCL INFO Channel 01/0 : 15[c7000] -> 14[85000] via P2P/IPC/read
x3006c0s7b0n0:61812:62857 [3] NCCL INFO New proxy send connection 9 from local rank 3, transport 0
x3006c0s7b0n0:61809:62851 [2] NCCL INFO New proxy recv connection 10 from local rank 2, transport 0
x3006c0s7b0n0:61799:62849 [0] NCCL INFO New proxy recv connection 6 from local rank 0, transport 0
x3006c0s7b0n0:61799:62683 [0] NCCL INFO Connection to proxy localRank 0 -> connection 0x14ee98000e00
x3006c0s7b0n0:61812:62682 [3] NCCL INFO Connection to proxy localRank 3 -> connection 0x14c624000ec0
x3006c0s7b0n0:61812:62857 [3] NCCL INFO transport/p2p.cc:430 Cuda Alloc Size 6291456 pointer 0x14c675e00000
x3006c0s7b0n0:61812:62682 [3] NCCL INFO Channel 02/0 : 15[c7000] -> 14[85000] via P2P/IPC/read
x3006c0s7b0n0:61799:62849 [0] NCCL INFO transport/p2p.cc:449 Cuda Alloc Size 6291456 pointer 0x14ee97800000
x3006c0s7b0n0:61812:62857 [3] NCCL INFO New proxy send connection 10 from local rank 3, transport 0
x3006c0s7b0n0:61802:62684 [1] NCCL INFO Channel 01/0 : 13[46000] -> 12[7000] via P2P/IPC/read
x3006c0s7b0n0:61802:62850 [1] NCCL INFO New proxy send connection 5 from local rank 1, transport 0
x3006c0s7b0n0:61809:62681 [2] NCCL INFO Connection to proxy localRank 2 -> connection 0x14903c000f00
x3006c0s7b0n0:61809:62851 [2] NCCL INFO transport/p2p.cc:449 Cuda Alloc Size 6291456 pointer 0x149036c00000
x3006c0s7b0n0:61799:62849 [0] NCCL INFO New proxy recv connection 7 from local rank 0, transport 0
x3006c0s7b0n0:61802:62684 [1] NCCL INFO Connection to proxy localRank 1 -> connection 0x146dc8000dc0
x3006c0s7b0n0:61802:62850 [1] NCCL INFO transport/p2p.cc:430 Cuda Alloc Size 6291456 pointer 0x146e18e00000
x3006c0s7b0n0:61812:62682 [3] NCCL INFO Connection to proxy localRank 3 -> connection 0x14c624000f00
x3006c0s7b0n0:61812:62857 [3] NCCL INFO transport/p2p.cc:430 Cuda Alloc Size 6291456 pointer 0x14c676400000
x3006c0s7b0n0:61809:62851 [2] NCCL INFO New proxy recv connection 11 from local rank 2, transport 0
x3006c0s7b0n0:61799:62683 [0] NCCL INFO Connection to proxy localRank 0 -> connection 0x14ee98000e40
x3006c0s7b0n0:61799:62849 [0] NCCL INFO transport/p2p.cc:449 Cuda Alloc Size 6291456 pointer 0x14ee94000000
x3006c0s7b0n0:61812:62682 [3] NCCL INFO Channel 03/0 : 15[c7000] -> 14[85000] via P2P/IPC/read
x3006c0s7b0n0:61812:62857 [3] NCCL INFO New proxy send connection 11 from local rank 3, transport 0
x3006c0s7b0n0:61802:62684 [1] NCCL INFO Channel 02/0 : 13[46000] -> 12[7000] via P2P/IPC/read
x3006c0s7b0n0:61802:62850 [1] NCCL INFO New proxy send connection 6 from local rank 1, transport 0
x3006c0s7b0n0:61809:62681 [2] NCCL INFO Connection to proxy localRank 2 -> connection 0x14903c000f40
x3006c0s7b0n0:61809:62851 [2] NCCL INFO transport/p2p.cc:449 Cuda Alloc Size 6291456 pointer 0x149037200000
x3006c0s7b0n0:61812:62682 [3] NCCL INFO Connection to proxy localRank 3 -> connection 0x14c624000f40
x3006c0s7b0n0:61812:62857 [3] NCCL INFO transport/p2p.cc:430 Cuda Alloc Size 6291456 pointer 0x14c676a00000
x3006c0s7b0n0:61802:62684 [1] NCCL INFO Connection to proxy localRank 1 -> connection 0x146dc8000e00
x3006c0s7b0n0:61802:62850 [1] NCCL INFO transport/p2p.cc:430 Cuda Alloc Size 6291456 pointer 0x146e19400000
x3006c0s7b0n0:61802:62684 [1] NCCL INFO Channel 03/0 : 13[46000] -> 12[7000] via P2P/IPC/read
x3006c0s7b0n0:61802:62850 [1] NCCL INFO New proxy send connection 7 from local rank 1, transport 0
x3006c0s7b0n0:61802:62684 [1] NCCL INFO Connection to proxy localRank 1 -> connection 0x146dc8000e40
x3006c0s7b0n0:61802:62850 [1] NCCL INFO transport/p2p.cc:430 Cuda Alloc Size 6291456 pointer 0x146e19a00000
x3006c0s7b0n0:61802:62684 [1] NCCL INFO Connected all rings
x3006c0s7b0n0:61802:62850 [1] NCCL INFO New proxy recv connection 8 from local rank 1, transport 0
x3006c0s7b0n0:61799:62683 [0] NCCL INFO Connected all rings
x3006c0s7b0n0:61799:62683 [0] NCCL INFO Channel 00/0 : 12[7000] -> 13[46000] via P2P/IPC/read
x3006c0s7b0n0:61799:62849 [0] NCCL INFO New proxy send connection 8 from local rank 0, transport 0
x3006c0s7b0n0:61799:62683 [0] NCCL INFO Connection to proxy localRank 0 -> connection 0x14ee98000e80
x3006c0s7b0n0:61799:62849 [0] NCCL INFO transport/p2p.cc:430 Cuda Alloc Size 6291456 pointer 0x14ee92000000
x3006c0s7b0n0:61802:62684 [1] NCCL INFO Connection to proxy localRank 1 -> connection 0x146dc8000e80
x3006c0s7b0n0:61802:62850 [1] NCCL INFO transport/p2p.cc:449 Cuda Alloc Size 6291456 pointer 0x146e1b800000
x3006c0s7b0n0:61799:62683 [0] NCCL INFO Channel 01/0 : 12[7000] -> 13[46000] via P2P/IPC/read
x3006c0s7b0n0:61799:62849 [0] NCCL INFO New proxy send connection 9 from local rank 0, transport 0
x3006c0s7b0n0:61802:62850 [1] NCCL INFO New proxy recv connection 9 from local rank 1, transport 0
x3006c0s7b0n0:61799:62683 [0] NCCL INFO Connection to proxy localRank 0 -> connection 0x14ee98000ec0
x3006c0s7b0n0:61799:62849 [0] NCCL INFO transport/p2p.cc:430 Cuda Alloc Size 6291456 pointer 0x14ee92600000
x3006c0s7b0n0:61802:62684 [1] NCCL INFO Connection to proxy localRank 1 -> connection 0x146dc8000ec0
x3006c0s7b0n0:61802:62850 [1] NCCL INFO transport/p2p.cc:449 Cuda Alloc Size 6291456 pointer 0x146e1be00000
x3006c0s7b0n0:61799:62683 [0] NCCL INFO Channel 02/0 : 12[7000] -> 13[46000] via P2P/IPC/read
x3006c0s7b0n0:61799:62849 [0] NCCL INFO New proxy send connection 10 from local rank 0, transport 0
x3006c0s7b0n0:61802:62850 [1] NCCL INFO New proxy recv connection 10 from local rank 1, transport 0
x3006c0s7b0n0:61799:62683 [0] NCCL INFO Connection to proxy localRank 0 -> connection 0x14ee98000f00
x3006c0s7b0n0:61799:62849 [0] NCCL INFO transport/p2p.cc:430 Cuda Alloc Size 6291456 pointer 0x14ee92c00000
x3006c0s7b0n0:61799:62683 [0] NCCL INFO Channel 03/0 : 12[7000] -> 13[46000] via P2P/IPC/read
x3006c0s7b0n0:61802:62684 [1] NCCL INFO Connection to proxy localRank 1 -> connection 0x146dc8000f00
x3006c0s7b0n0:61802:62850 [1] NCCL INFO transport/p2p.cc:449 Cuda Alloc Size 6291456 pointer 0x146e1c400000
x3006c0s7b0n0:61799:62849 [0] NCCL INFO New proxy send connection 11 from local rank 0, transport 0
x3006c0s7b0n0:61802:62850 [1] NCCL INFO New proxy recv connection 11 from local rank 1, transport 0
x3006c0s7b0n0:61799:62683 [0] NCCL INFO Connection to proxy localRank 0 -> connection 0x14ee98000f40
x3006c0s7b0n0:61799:62849 [0] NCCL INFO transport/p2p.cc:430 Cuda Alloc Size 6291456 pointer 0x14ee93200000
x3006c0s7b0n0:61802:62684 [1] NCCL INFO Connection to proxy localRank 1 -> connection 0x146dc8000f40
x3006c0s7b0n0:61802:62850 [1] NCCL INFO transport/p2p.cc:449 Cuda Alloc Size 6291456 pointer 0x146e1ca00000
x3006c0s7b0n0:61802:62684 [1] NCCL INFO Channel 00/0 : 13[46000] -> 14[85000] via P2P/IPC/read
x3006c0s7b0n0:61802:62850 [1] NCCL INFO New proxy send connection 12 from local rank 1, transport 0
x3006c0s7b0n0:61802:62684 [1] NCCL INFO Connection to proxy localRank 1 -> connection 0x146dc8000f80
x3006c0s7b0n0:61802:62850 [1] NCCL INFO transport/p2p.cc:430 Cuda Alloc Size 6291456 pointer 0x146e1d000000
x3006c0s7b0n0:61802:62684 [1] NCCL INFO Channel 01/0 : 13[46000] -> 14[85000] via P2P/IPC/read
x3006c0s7b0n0:61802:62850 [1] NCCL INFO New proxy send connection 13 from local rank 1, transport 0
x3006c0s7b0n0:61802:62684 [1] NCCL INFO Connection to proxy localRank 1 -> connection 0x146dc8000fc0
x3006c0s7b0n0:61802:62850 [1] NCCL INFO transport/p2p.cc:430 Cuda Alloc Size 6291456 pointer 0x146e1d600000
x3006c0s7b0n0:61802:62684 [1] NCCL INFO Channel 02/0 : 13[46000] -> 14[85000] via P2P/IPC/read
x3006c0s7b0n0:61802:62850 [1] NCCL INFO New proxy send connection 14 from local rank 1, transport 0
x3006c0s7b0n0:61802:62684 [1] NCCL INFO Connection to proxy localRank 1 -> connection 0x146dc8001000
x3006c0s7b0n0:61802:62850 [1] NCCL INFO transport/p2p.cc:430 Cuda Alloc Size 6291456 pointer 0x146e1dc00000
x3006c0s7b0n0:61802:62684 [1] NCCL INFO Channel 03/0 : 13[46000] -> 14[85000] via P2P/IPC/read
x3006c0s7b0n0:61802:62850 [1] NCCL INFO New proxy send connection 15 from local rank 1, transport 0
x3006c0s7b0n0:61802:62684 [1] NCCL INFO Connection to proxy localRank 1 -> connection 0x146dc8001040
x3006c0s7b0n0:61802:62850 [1] NCCL INFO transport/p2p.cc:430 Cuda Alloc Size 6291456 pointer 0x146e1e200000
x3006c0s7b0n0:61802:62684 [1] NCCL INFO GPU Direct RDMA Disabled for GPU 46000 / HCA 1 (distance 6 > 4)
x3006c0s7b0n0:61809:62851 [2] NCCL INFO New proxy recv connection 12 from local rank 2, transport 0
x3006c0s7b0n0:61802:62850 [1] NCCL INFO New proxy recv connection 16 from local rank 1, transport 2
x3006c0s7b0n0:61799:62683 [0] NCCL INFO GPU Direct RDMA Disabled for GPU 7000 / HCA 1 (distance 7 > 4)
x3006c0s7b0n0:61799:62849 [0] NCCL INFO Allocated 4194656 bytes of shared memory in /dev/shm/nccl-Fm53rb

x3006c0s7b0n0:61799:62849 [0] NCCL INFO New proxy recv connection 12 from local rank 0, transport 2
x3006c0s7b0n0:61799:62683 [0] NCCL INFO Connection to proxy localRank 0 -> connection 0x14ee98000f80
x3006c0s7b0n0:61799:62683 [0] NCCL INFO Channel 00/0 : 8[7000] -> 12[7000] [receive] via NET/IB/1
x3006c0s7b0n0:61799:62683 [0] NCCL INFO GPU Direct RDMA Disabled for GPU 7000 / HCA 0 (distance 7 > 4)
x3006c0s7b0n0:61809:62681 [2] NCCL INFO Connection to proxy localRank 2 -> connection 0x14903c000f80
x3006c0s7b0n0:61809:62851 [2] NCCL INFO transport/p2p.cc:449 Cuda Alloc Size 6291456 pointer 0x149035200000
x3006c0s7b0n0:61802:62684 [1] NCCL INFO Connection to proxy localRank 1 -> connection 0x146dc8001080
x3006c0s7b0n0:61799:62849 [0] NCCL INFO New proxy recv connection 13 from local rank 0, transport 2
x3006c0s7b0n0:61809:62851 [2] NCCL INFO New proxy recv connection 13 from local rank 2, transport 0
x3006c0s7b0n0:61802:62684 [1] NCCL INFO Channel 02/0 : 8[7000] -> 13[46000] [receive] via NET/IB/1
x3006c0s7b0n0:61802:62684 [1] NCCL INFO GPU Direct RDMA Disabled for GPU 46000 / HCA 0 (distance 7 > 4)
x3006c0s7b0n0:61802:62850 [1] NCCL INFO New proxy recv connection 17 from local rank 1, transport 2
x3006c0s7b0n0:61799:62683 [0] NCCL INFO Connection to proxy localRank 0 -> connection 0x14ee98000fc0
x3006c0s7b0n0:61799:62683 [0] NCCL INFO Channel 01/0 : 8[7000] -> 12[7000] [receive] via NET/IB/0
x3006c0s7b0n0:61799:62683 [0] NCCL INFO GPU Direct RDMA Disabled for GPU 7000 / HCA 1 (distance 7 > 4)
x3006c0s7b0n0:61799:62849 [0] NCCL INFO New proxy send connection 14 from local rank 0, transport 2
x3006c0s7b0n0:61809:62681 [2] NCCL INFO Connection to proxy localRank 2 -> connection 0x14903c000fc0
x3006c0s7b0n0:61809:62851 [2] NCCL INFO transport/p2p.cc:449 Cuda Alloc Size 6291456 pointer 0x149035800000
x3006c0s7b0n0:61802:62684 [1] NCCL INFO Connection to proxy localRank 1 -> connection 0x146dc80010c0
x3006c0s7b0n0:61799:62683 [0] NCCL INFO Connection to proxy localRank 0 -> connection 0x14ee98001000
x3006c0s7b0n0:61799:62683 [0] NCCL INFO Channel 02/0 : 12[7000] -> 16[7000] [send] via NET/IB/1
x3006c0s7b0n0:61799:62683 [0] NCCL INFO GPU Direct RDMA Disabled for GPU 7000 / HCA 0 (distance 7 > 4)
x3006c0s7b0n0:61799:62849 [0] NCCL INFO New proxy send connection 15 from local rank 0, transport 2
x3006c0s7b0n0:61809:62851 [2] NCCL INFO New proxy recv connection 14 from local rank 2, transport 0
x3006c0s7b0n0:61802:62684 [1] NCCL INFO Channel 03/0 : 8[7000] -> 13[46000] [receive] via NET/IB/0
x3006c0s7b0n0:61809:62681 [2] NCCL INFO Connection to proxy localRank 2 -> connection 0x14903c001000
x3006c0s7b0n0:61809:62851 [2] NCCL INFO transport/p2p.cc:449 Cuda Alloc Size 6291456 pointer 0x149032000000
x3006c0s7b0n0:61799:62683 [0] NCCL INFO Connection to proxy localRank 0 -> connection 0x14ee98001040
x3006c0s7b0n0:61799:62683 [0] NCCL INFO Channel 03/0 : 12[7000] -> 16[7000] [send] via NET/IB/0
x3006c0s7b0n0:61799:62849 [0] NCCL INFO transport/net_ib.cc:596 Ib Alloc Size 26560 pointer 0x14ee98026000
x3006c0s7b0n0:61799:62849 [0] NCCL INFO NET/IB: Dev 1 Port 1 qpn 3049 mtu 5 GID 0 (80FE/EE0800FEFF000000)
x3006c0s7b0n0:61799:62849 [0] NCCL INFO transport/net_ib.cc:653 Ib Alloc Size 552 pointer 0x14ee98048000
x3006c0s7b0n0:61799:62849 [0] NCCL INFO transport/net.cc:571 Cuda Host Alloc Size 9641984 pointer 0x14ee91200000
x3006c0s7b0n0:61799:62849 [0] NCCL INFO Mem Realloc old size 0, new size 768 pointer 0x14ee98035670
x3006c0s7b0n0:61809:62851 [2] NCCL INFO New proxy recv connection 15 from local rank 2, transport 0
x3006c0s7b0n0:61799:62849 [0] NCCL INFO transport/net_ib.cc:596 Ib Alloc Size 26560 pointer 0x14ee9804a000
x3006c0s7b0n0:61809:62681 [2] NCCL INFO Connection to proxy localRank 2 -> connection 0x14903c001040
x3006c0s7b0n0:61809:62851 [2] NCCL INFO transport/p2p.cc:449 Cuda Alloc Size 6291456 pointer 0x149032600000
x3006c0s7b0n0:61799:62849 [0] NCCL INFO NET/IB: Dev 0 Port 1 qpn 4064 mtu 5 GID 0 (80FE/AE0800FEFF000000)
x3006c0s7b0n0:61799:62849 [0] NCCL INFO transport/net_ib.cc:653 Ib Alloc Size 552 pointer 0x14ee9806b000
x3006c0s7b0n0:61799:62849 [0] NCCL INFO transport/net.cc:571 Cuda Host Alloc Size 9641984 pointer 0x14ee8a000000
x3006c0s7b0n0:61799:62849 [0] NCCL INFO Mem Realloc old size 0, new size 768 pointer 0x14ee98058a50
x3006c0s7b0n0:61809:62681 [2] NCCL INFO Channel 00/0 : 14[85000] -> 13[46000] via P2P/IPC/read
x3006c0s7b0n0:61809:62851 [2] NCCL INFO New proxy send connection 16 from local rank 2, transport 0
x3006c0s7b0n0:61799:62849 [0] NCCL INFO transport/net_ib.cc:683 Ib Alloc Size 21688 pointer 0x14ee9806d000
x3006c0s7b0n0:61799:62849 [0] NCCL INFO transport/net_ib.cc:696 Ib Alloc Size 552 pointer 0x14ee98074000
x3006c0s7b0n0:61809:62681 [2] NCCL INFO Connection to proxy localRank 2 -> connection 0x14903c001080
x3006c0s7b0n0:61809:62851 [2] NCCL INFO transport/p2p.cc:430 Cuda Alloc Size 6291456 pointer 0x149032c00000
x3006c0s7b0n0:61799:62849 [0] NCCL INFO transport/net_ib.cc:771 Ib Alloc Size 552 pointer 0x14ee98090000
x3006c0s7b0n0:61799:62849 [0] NCCL INFO transport/net.cc:698 Cuda Host Alloc Size 9641984 pointer 0x14ee8aa00000
x3006c0s7b0n0:61809:62681 [2] NCCL INFO Channel 01/0 : 14[85000] -> 13[46000] via P2P/IPC/read
x3006c0s7b0n0:61809:62851 [2] NCCL INFO New proxy send connection 17 from local rank 2, transport 0
x3006c0s7b0n0:61802:62850 [1] NCCL INFO transport/net_ib.cc:683 Ib Alloc Size 21688 pointer 0x146dc80d2000
x3006c0s7b0n0:61802:62850 [1] NCCL INFO transport/net_ib.cc:696 Ib Alloc Size 552 pointer 0x146dc8018000
x3006c0s7b0n0:61799:62849 [0] NCCL INFO transport/net_ib.cc:683 Ib Alloc Size 21688 pointer 0x14ee98092000
x3006c0s7b0n0:61799:62849 [0] NCCL INFO transport/net_ib.cc:696 Ib Alloc Size 552 pointer 0x14ee98099000
x3006c0s7b0n0:61799:62849 [0] NCCL INFO transport/net_ib.cc:771 Ib Alloc Size 552 pointer 0x14ee980b4000
x3006c0s7b0n0:61799:62849 [0] NCCL INFO transport/net.cc:698 Cuda Host Alloc Size 9641984 pointer 0x14ee8b400000
x3006c0s7b0n0:61809:62681 [2] NCCL INFO Connection to proxy localRank 2 -> connection 0x14903c0010c0
x3006c0s7b0n0:61809:62851 [2] NCCL INFO transport/p2p.cc:430 Cuda Alloc Size 6291456 pointer 0x149033200000
x3006c0s7b0n0:61809:62681 [2] NCCL INFO Channel 02/0 : 14[85000] -> 13[46000] via P2P/IPC/read
x3006c0s7b0n0:61809:62851 [2] NCCL INFO New proxy send connection 18 from local rank 2, transport 0
x3006c0s7b0n0:61799:62683 [0] NCCL INFO GPU Direct RDMA Disabled for GPU 7000 / HCA 1 (distance 7 > 4)
x3006c0s7b0n0:61799:62849 [0] NCCL INFO New proxy send connection 16 from local rank 0, transport 2
x3006c0s7b0n0:61802:62850 [1] NCCL INFO transport/net_ib.cc:771 Ib Alloc Size 552 pointer 0x146dc80f2000
x3006c0s7b0n0:61802:62850 [1] NCCL INFO transport/net.cc:698 Cuda Host Alloc Size 9641984 pointer 0x146e21800000
x3006c0s7b0n0:61809:62681 [2] NCCL INFO Connection to proxy localRank 2 -> connection 0x14903c001100
x3006c0s7b0n0:61809:62851 [2] NCCL INFO transport/p2p.cc:430 Cuda Alloc Size 6291456 pointer 0x149033800000
x3006c0s7b0n0:61802:62850 [1] NCCL INFO transport/net_ib.cc:683 Ib Alloc Size 21688 pointer 0x146dc80f4000
x3006c0s7b0n0:61802:62850 [1] NCCL INFO transport/net_ib.cc:696 Ib Alloc Size 552 pointer 0x146dc80fb000
x3006c0s7b0n0:61799:62683 [0] NCCL INFO Connection to proxy localRank 0 -> connection 0x14ee98001080
x3006c0s7b0n0:61799:62683 [0] NCCL INFO Channel 02/0 : 12[7000] -> 1[46000] [send] via NET/IB/1
x3006c0s7b0n0:61799:62683 [0] NCCL INFO GPU Direct RDMA Disabled for GPU 7000 / HCA 0 (distance 7 > 4)
x3006c0s7b0n0:61799:62849 [0] NCCL INFO New proxy send connection 17 from local rank 0, transport 2
x3006c0s7b0n0:61799:62683 [0] NCCL INFO Connection to proxy localRank 0 -> connection 0x14ee980010c0
x3006c0s7b0n0:61799:62683 [0] NCCL INFO Channel 03/0 : 12[7000] -> 1[46000] [send] via NET/IB/0
x3006c0s7b0n0:61802:62850 [1] NCCL INFO transport/net_ib.cc:771 Ib Alloc Size 552 pointer 0x146dc8116000
x3006c0s7b0n0:61802:62850 [1] NCCL INFO transport/net.cc:698 Cuda Host Alloc Size 9641984 pointer 0x146e22200000
x3006c0s7b0n0:61799:62849 [0] NCCL INFO transport/net_ib.cc:596 Ib Alloc Size 26560 pointer 0x14ee980c0000
x3006c0s7b0n0:61809:62681 [2] NCCL INFO Channel 03/0 : 14[85000] -> 13[46000] via P2P/IPC/read
x3006c0s7b0n0:61809:62851 [2] NCCL INFO New proxy send connection 19 from local rank 2, transport 0
x3006c0s7b0n0:61799:62849 [0] NCCL INFO NET/IB: Dev 1 Port 1 qpn 3054 mtu 5 GID 0 (80FE/EE0800FEFF000000)
x3006c0s7b0n0:61799:62849 [0] NCCL INFO transport/net_ib.cc:653 Ib Alloc Size 552 pointer 0x14ee980d7000
x3006c0s7b0n0:61799:62849 [0] NCCL INFO transport/net.cc:571 Cuda Host Alloc Size 9641984 pointer 0x14ee88000000
x3006c0s7b0n0:61809:62681 [2] NCCL INFO Connection to proxy localRank 2 -> connection 0x14903c001140
x3006c0s7b0n0:61802:62684 [1] NCCL INFO GPU Direct RDMA Disabled for GPU 46000 / HCA 1 (distance 6 > 4)
x3006c0s7b0n0:61802:62850 [1] NCCL INFO New proxy send connection 18 from local rank 1, transport 2
x3006c0s7b0n0:61799:62849 [0] NCCL INFO transport/net_ib.cc:596 Ib Alloc Size 26560 pointer 0x14ee980d7000
x3006c0s7b0n0:61802:62684 [1] NCCL INFO Connection to proxy localRank 1 -> connection 0x146dc8001100
x3006c0s7b0n0:61802:62684 [1] NCCL INFO Channel 02/0 : 13[46000] -> 8[7000] [send] via NET/IB/1
x3006c0s7b0n0:61802:62684 [1] NCCL INFO GPU Direct RDMA Disabled for GPU 46000 / HCA 0 (distance 7 > 4)
x3006c0s7b0n0:61809:62851 [2] NCCL INFO transport/p2p.cc:430 Cuda Alloc Size 6291456 pointer 0x149030000000
x3006c0s7b0n0:61799:62849 [0] NCCL INFO NET/IB: Dev 0 Port 1 qpn 4069 mtu 5 GID 0 (80FE/AE0800FEFF000000)
x3006c0s7b0n0:61799:62849 [0] NCCL INFO transport/net_ib.cc:653 Ib Alloc Size 552 pointer 0x14ee980ee000
x3006c0s7b0n0:61799:62849 [0] NCCL INFO transport/net.cc:571 Cuda Host Alloc Size 9641984 pointer 0x14ee88a00000
x3006c0s7b0n0:61802:62850 [1] NCCL INFO New proxy send connection 19 from local rank 1, transport 2
x3006c0s7b0n0:61802:62684 [1] NCCL INFO Connection to proxy localRank 1 -> connection 0x146dc8001140
x3006c0s7b0n0:61802:62684 [1] NCCL INFO Channel 03/0 : 13[46000] -> 8[7000] [send] via NET/IB/0
x3006c0s7b0n0:61799:62683 [0] NCCL INFO GPU Direct RDMA Disabled for GPU 7000 / HCA 1 (distance 7 > 4)
x3006c0s7b0n0:61799:62849 [0] NCCL INFO New proxy recv connection 18 from local rank 0, transport 2
x3006c0s7b0n0:61812:62682 [3] NCCL INFO Connected all trees by HAO
x3006c0s7b0n0:61812:62682 [3] NCCL INFO threadThresholds 8/8/64 | 160/8/64 | 512 | 512
x3006c0s7b0n0:61812:62682 [3] NCCL INFO 4 coll channels, 4 p2p channels, 2 p2p channels per peer
x3006c0s7b0n0:61812:62857 [3] NCCL INFO New proxy send connection 12 from local rank 3, transport 2
x3006c0s7b0n0:61799:62683 [0] NCCL INFO Connection to proxy localRank 0 -> connection 0x14ee98001100
x3006c0s7b0n0:61812:62682 [3] NCCL INFO Connection to proxy localRank 3 -> connection 0x14c624000f80
x3006c0s7b0n0:61812:62857 [3] NCCL INFO transport/net.cc:376 Cuda Alloc Size 8388608 pointer 0x14c678800000
x3006c0s7b0n0:61799:62683 [0] NCCL INFO Channel 02/0 : 1[46000] -> 12[7000] [receive] via NET/IB/1
x3006c0s7b0n0:61799:62683 [0] NCCL INFO GPU Direct RDMA Disabled for GPU 7000 / HCA 0 (distance 7 > 4)
x3006c0s7b0n0:61799:62849 [0] NCCL INFO New proxy recv connection 19 from local rank 0, transport 2
x3006c0s7b0n0:61799:62683 [0] NCCL INFO Connection to proxy localRank 0 -> connection 0x14ee98001140
x3006c0s7b0n0:61799:62683 [0] NCCL INFO Channel 03/0 : 1[46000] -> 12[7000] [receive] via NET/IB/0
x3006c0s7b0n0:61799:62849 [0] NCCL INFO transport/net_ib.cc:683 Ib Alloc Size 21688 pointer 0x14ee980fa000
x3006c0s7b0n0:61799:62849 [0] NCCL INFO transport/net_ib.cc:696 Ib Alloc Size 552 pointer 0x14ee98101000
x3006c0s7b0n0:61799:62849 [0] NCCL INFO transport/net_ib.cc:771 Ib Alloc Size 552 pointer 0x14ee9811d000
x3006c0s7b0n0:61799:62849 [0] NCCL INFO transport/net.cc:698 Cuda Host Alloc Size 9641984 pointer 0x14ee89400000
x3006c0s7b0n0:61799:62849 [0] NCCL INFO transport/net_ib.cc:683 Ib Alloc Size 21688 pointer 0x14ee9811f000
x3006c0s7b0n0:61799:62849 [0] NCCL INFO transport/net_ib.cc:696 Ib Alloc Size 552 pointer 0x14ee98126000
x3006c0s7b0n0:61799:62849 [0] NCCL INFO transport/net_ib.cc:771 Ib Alloc Size 552 pointer 0x14ee98141000
x3006c0s7b0n0:61799:62849 [0] NCCL INFO transport/net.cc:698 Cuda Host Alloc Size 9641984 pointer 0x14ee86000000
x3006c0s7b0n0:61799:62683 [0] NCCL INFO GPU Direct RDMA Disabled for GPU 7000 / HCA 1 (distance 7 > 4)
x3006c0s7b0n0:61799:62849 [0] NCCL INFO New proxy recv connection 20 from local rank 0, transport 2
x3006c0s7b0n0:61799:62683 [0] NCCL INFO Connection to proxy localRank 0 -> connection 0x14ee98001180
x3006c0s7b0n0:61799:62683 [0] NCCL INFO Channel 02/0 : 16[7000] -> 12[7000] [receive] via NET/IB/1
x3006c0s7b0n0:61799:62683 [0] NCCL INFO GPU Direct RDMA Disabled for GPU 7000 / HCA 0 (distance 7 > 4)
x3006c0s7b0n0:61799:62849 [0] NCCL INFO New proxy recv connection 21 from local rank 0, transport 2
x3006c0s7b0n0:61799:62683 [0] NCCL INFO Connection to proxy localRank 0 -> connection 0x14ee980011c0
x3006c0s7b0n0:61799:62683 [0] NCCL INFO Channel 03/0 : 16[7000] -> 12[7000] [receive] via NET/IB/0
x3006c0s7b0n0:61799:62683 [0] NCCL INFO GPU Direct RDMA Disabled for GPU 7000 / HCA 1 (distance 7 > 4)
x3006c0s7b0n0:61799:62849 [0] NCCL INFO New proxy send connection 22 from local rank 0, transport 2
x3006c0s7b0n0:61799:62683 [0] NCCL INFO Connection to proxy localRank 0 -> connection 0x14ee98001200
x3006c0s7b0n0:61799:62683 [0] NCCL INFO Channel 00/0 : 12[7000] -> 8[7000] [send] via NET/IB/1
x3006c0s7b0n0:61799:62683 [0] NCCL INFO GPU Direct RDMA Disabled for GPU 7000 / HCA 0 (distance 7 > 4)
x3006c0s7b0n0:61799:62849 [0] NCCL INFO New proxy send connection 23 from local rank 0, transport 2
x3006c0s7b0n0:61799:62683 [0] NCCL INFO Connection to proxy localRank 0 -> connection 0x14ee98001240
x3006c0s7b0n0:61799:62683 [0] NCCL INFO Channel 01/0 : 12[7000] -> 8[7000] [send] via NET/IB/0
x3006c0s7b0n0:61802:62850 [1] NCCL INFO transport/net_ib.cc:596 Ib Alloc Size 26560 pointer 0x146dc8122000
x3006c0s7b0n0:61802:62850 [1] NCCL INFO NET/IB: Dev 1 Port 1 qpn 3057 mtu 5 GID 0 (80FE/EE0800FEFF000000)
x3006c0s7b0n0:61802:62850 [1] NCCL INFO transport/net_ib.cc:653 Ib Alloc Size 552 pointer 0x146dc8139000
x3006c0s7b0n0:61802:62850 [1] NCCL INFO transport/net.cc:571 Cuda Host Alloc Size 9641984 pointer 0x146e22c00000
x3006c0s7b0n0:61802:62850 [1] NCCL INFO transport/net_ib.cc:596 Ib Alloc Size 26560 pointer 0x146dc813b000
x3006c0s7b0n0:61802:62850 [1] NCCL INFO NET/IB: Dev 0 Port 1 qpn 4072 mtu 5 GID 0 (80FE/AE0800FEFF000000)
x3006c0s7b0n0:61802:62850 [1] NCCL INFO transport/net_ib.cc:653 Ib Alloc Size 552 pointer 0x146dc8152000
x3006c0s7b0n0:61802:62850 [1] NCCL INFO transport/net.cc:571 Cuda Host Alloc Size 9641984 pointer 0x146e23600000
x3006c0s7b0n0:61802:62850 [1] NCCL INFO New proxy recv connection 20 from local rank 1, transport 0
x3006c0s7b0n0:61802:62684 [1] NCCL INFO Connection to proxy localRank 1 -> connection 0x146dc8001180
x3006c0s7b0n0:61802:62850 [1] NCCL INFO transport/p2p.cc:449 Cuda Alloc Size 6291456 pointer 0x146e24000000
x3006c0s7b0n0:61802:62850 [1] NCCL INFO New proxy recv connection 21 from local rank 1, transport 0
x3006c0s7b0n0:61802:62684 [1] NCCL INFO Connection to proxy localRank 1 -> connection 0x146dc80011c0
x3006c0s7b0n0:61802:62850 [1] NCCL INFO transport/p2p.cc:449 Cuda Alloc Size 6291456 pointer 0x146e24600000
x3006c0s7b0n0:61802:62850 [1] NCCL INFO New proxy recv connection 22 from local rank 1, transport 0
x3006c0s7b0n0:61799:62849 [0] NCCL INFO transport/net_ib.cc:596 Ib Alloc Size 26560 pointer 0x14ee98157000
x3006c0s7b0n0:61799:62849 [0] NCCL INFO NET/IB: Dev 1 Port 1 qpn 3058 mtu 5 GID 0 (80FE/EE0800FEFF000000)
x3006c0s7b0n0:61799:62849 [0] NCCL INFO transport/net_ib.cc:653 Ib Alloc Size 552 pointer 0x14ee9816e000
x3006c0s7b0n0:61799:62849 [0] NCCL INFO transport/net.cc:571 Cuda Host Alloc Size 9641984 pointer 0x14ee86a00000
x3006c0s7b0n0:61799:62849 [0] NCCL INFO transport/net_ib.cc:596 Ib Alloc Size 26560 pointer 0x14ee98170000
x3006c0s7b0n0:61802:62684 [1] NCCL INFO Connection to proxy localRank 1 -> connection 0x146dc8001200
x3006c0s7b0n0:61802:62850 [1] NCCL INFO transport/p2p.cc:449 Cuda Alloc Size 6291456 pointer 0x146e24c00000
x3006c0s7b0n0:61799:62849 [0] NCCL INFO NET/IB: Dev 0 Port 1 qpn 4073 mtu 5 GID 0 (80FE/AE0800FEFF000000)
x3006c0s7b0n0:61799:62849 [0] NCCL INFO transport/net_ib.cc:653 Ib Alloc Size 552 pointer 0x14ee98187000
x3006c0s7b0n0:61799:62849 [0] NCCL INFO transport/net.cc:571 Cuda Host Alloc Size 9641984 pointer 0x14ee87400000
x3006c0s7b0n0:61799:62849 [0] NCCL INFO transport/net_ib.cc:683 Ib Alloc Size 21688 pointer 0x14ee98189000
x3006c0s7b0n0:61799:62849 [0] NCCL INFO transport/net_ib.cc:696 Ib Alloc Size 552 pointer 0x14ee98190000
x3006c0s7b0n0:61802:62850 [1] NCCL INFO New proxy recv connection 23 from local rank 1, transport 0
x3006c0s7b0n0:61799:62849 [0] NCCL INFO transport/net_ib.cc:771 Ib Alloc Size 552 pointer 0x14ee981ab000
x3006c0s7b0n0:61799:62849 [0] NCCL INFO transport/net.cc:698 Cuda Host Alloc Size 9641984 pointer 0x14ee84000000
x3006c0s7b0n0:61802:62684 [1] NCCL INFO Connection to proxy localRank 1 -> connection 0x146dc8001240
x3006c0s7b0n0:61802:62850 [1] NCCL INFO transport/p2p.cc:449 Cuda Alloc Size 6291456 pointer 0x146e25200000
x3006c0s7b0n0:61799:62849 [0] NCCL INFO transport/net_ib.cc:683 Ib Alloc Size 21688 pointer 0x14ee981ad000
x3006c0s7b0n0:61799:62849 [0] NCCL INFO transport/net_ib.cc:696 Ib Alloc Size 552 pointer 0x14ee981b4000
x3006c0s7b0n0:61802:62684 [1] NCCL INFO Connected all trees by HAO
x3006c0s7b0n0:61802:62684 [1] NCCL INFO threadThresholds 8/8/64 | 160/8/64 | 512 | 512
x3006c0s7b0n0:61802:62684 [1] NCCL INFO 4 coll channels, 4 p2p channels, 2 p2p channels per peer
x3006c0s7b0n0:61799:62849 [0] NCCL INFO transport/net_ib.cc:771 Ib Alloc Size 552 pointer 0x14ee981cf000
x3006c0s7b0n0:61799:62849 [0] NCCL INFO transport/net.cc:698 Cuda Host Alloc Size 9641984 pointer 0x14ee84a00000
x3006c0s7b0n0:61802:62850 [1] NCCL INFO New proxy send connection 24 from local rank 1, transport 2
x3006c0s7b0n0:61809:62681 [2] NCCL INFO Connected all trees by HAO
x3006c0s7b0n0:61809:62681 [2] NCCL INFO threadThresholds 8/8/64 | 160/8/64 | 512 | 512
x3006c0s7b0n0:61809:62681 [2] NCCL INFO 4 coll channels, 4 p2p channels, 2 p2p channels per peer
x3006c0s7b0n0:61809:62851 [2] NCCL INFO Allocated 4194656 bytes of shared memory in /dev/shm/nccl-jaGFQT

x3006c0s7b0n0:61809:62851 [2] NCCL INFO New proxy send connection 20 from local rank 2, transport 2
x3006c0s7b0n0:61799:62683 [0] NCCL INFO Connected all trees by HAO
x3006c0s7b0n0:61799:62683 [0] NCCL INFO threadThresholds 8/8/64 | 160/8/64 | 512 | 512
x3006c0s7b0n0:61799:62683 [0] NCCL INFO 4 coll channels, 4 p2p channels, 2 p2p channels per peer
x3006c0s7b0n0:61799:62849 [0] NCCL INFO New proxy send connection 24 from local rank 0, transport 2
x3006c0s7b0n0:61799:62683 [0] NCCL INFO Connection to proxy localRank 0 -> connection 0x14ee98001280
x3006c0s7b0n0:61802:62684 [1] NCCL INFO Connection to proxy localRank 1 -> connection 0x146dc8001280
x3006c0s7b0n0:61799:62849 [0] NCCL INFO transport/net.cc:376 Cuda Alloc Size 8388608 pointer 0x14ee85400000
x3006c0s7b0n0:61802:62850 [1] NCCL INFO transport/net.cc:376 Cuda Alloc Size 8388608 pointer 0x146e27000000
x3006c0s7b0n0:61809:62681 [2] NCCL INFO Connection to proxy localRank 2 -> connection 0x14903c001180
x3006c0s7b0n0:61809:62681 [2] NCCL INFO init.cc:367 Cuda Alloc Size 5168 pointer 0x14904b808800
x3006c0s7b0n0:61799:62683 [0] NCCL INFO init.cc:367 Cuda Alloc Size 5168 pointer 0x14eea7808800
x3006c0s7b0n0:61812:62682 [3] NCCL INFO init.cc:367 Cuda Alloc Size 5168 pointer 0x14c66fe08800
x3006c0s7b0n0:61802:62684 [1] NCCL INFO init.cc:367 Cuda Alloc Size 5168 pointer 0x146e15e08800
x3006c0s7b0n0:61802:62684 [1] NCCL INFO init.cc:392 Cuda Host Alloc Size 33554432 pointer 0x146dc6000000
x3006c0s7b0n0:61802:62684 [1] NCCL INFO init.cc:398 Cuda Host Alloc Size 128 pointer 0x146e15400200
x3006c0s7b0n0:61802:62684 [1] NCCL INFO comm 0x562571dfe3d0 rank 13 nranks 20 cudaDev 1 busId 46000 - Init COMPLETE
x3006c0s7b0n0:61802:61802 [1] NCCL INFO AllReduce: opCount 0 sendbuff 0x146e11a00200 recvbuff 0x146e11a00200 count 1 datatype 1 op 0 root 0 comm 0x562571dfe3d0 [nranks=20] stream 0x562588a24db0
x3006c0s7b0n0:61802:61802 [1] NCCL INFO misc/utils.cc:235 memory stack hunk malloc(65536)
[LYD INFO in ncclLaunchKernel (enqueue.cc)] NCHANNELS is: 4x3006c0s7b0n0:61809:62681 [2] NCCL INFO init.cc:392 Cuda Host Alloc Size 33554432 pointer 0x149026000000
x3006c0s7b0n0:61809:62681 [2] NCCL INFO init.cc:398 Cuda Host Alloc Size 128 pointer 0x14904ae00200
x3006c0s7b0n0:61809:62681 [2] NCCL INFO comm 0x55cd2ce18df0 rank 14 nranks 20 cudaDev 2 busId 85000 - Init COMPLETE
x3006c0s7b0n0:61809:62851 [2] NCCL INFO transport/net.cc:376 Cuda Alloc Size 8388608 pointer 0x14902f800000
x3006c0s7b0n0:61799:62683 [0] NCCL INFO init.cc:392 Cuda Host Alloc Size 33554432 pointer 0x14ee82000000
x3006c0s7b0n0:61799:62683 [0] NCCL INFO init.cc:398 Cuda Host Alloc Size 128 pointer 0x14eea6e00200
x3006c0s7b0n0:61799:62683 [0] NCCL INFO comm 0x5557c76ff800 rank 12 nranks 20 cudaDev 0 busId 7000 - Init COMPLETE
x3006c0s7b0n0:61812:62682 [3] NCCL INFO init.cc:392 Cuda Host Alloc Size 33554432 pointer 0x14c679000000
x3006c0s7b0n0:61812:62682 [3] NCCL INFO init.cc:398 Cuda Host Alloc Size 128 pointer 0x14c66f400200
x3006c0s7b0n0:61812:62682 [3] NCCL INFO comm 0x55877e1cb8c0 rank 15 nranks 20 cudaDev 3 busId c7000 - Init COMPLETE
x3006c0s7b0n0:61809:61809 [2] NCCL INFO AllReduce: opCount 0 sendbuff 0x14908b600200 recvbuff 0x14908b600200 count 1 datatype 1 op 0 root 0 comm 0x55cd2ce18df0 [nranks=20] stream 0x55cd30c44bf0
x3006c0s7b0n0:61809:61809 [2] NCCL INFO misc/utils.cc:235 memory stack hunk malloc(65536)
[LYD INFO in ncclLaunchKernel (enqueue.cc)] NCHANNELS is: 4x3006c0s7b0n0:61812:61812 [3] NCCL INFO AllReduce: opCount 0 sendbuff 0x14c66ba00200 recvbuff 0x14c66ba00200 count 1 datatype 1 op 0 root 0 comm 0x55877e1cb8c0 [nranks=20] stream 0x55879a8a5d70
x3006c0s7b0n0:61812:61812 [3] NCCL INFO misc/utils.cc:235 memory stack hunk malloc(65536)
[LYD INFO in ncclLaunchKernel (enqueue.cc)] NCHANNELS is: 4x3006c0s7b0n0:61799:61799 [0] NCCL INFO AllReduce: opCount 0 sendbuff 0x14eee7600200 recvbuff 0x14eee7600200 count 1 datatype 1 op 0 root 0 comm 0x5557c76ff800 [nranks=20] stream 0x5557e37ea3b0
x3006c0s7b0n0:61799:61799 [0] NCCL INFO misc/utils.cc:235 memory stack hunk malloc(65536)
[LYD INFO in ncclLaunchKernel (enqueue.cc)] NCHANNELS is: 4
[LYD INFO in NCCL_KERN_NAME (common.h)] 12 AllReduce TREE LL Sum uint8_t Elapsed time: 46825 us

[LYD INFO in NCCL_KERN_NAME (common.h)] 13 AllReduce TREE LL Sum uint8_t Elapsed time: 99563 us

[LYD INFO in NCCL_KERN_NAME (common.h)] 15 AllReduce TREE LL Sum uint8_t Elapsed time: 62005 us

[LYD INFO in NCCL_KERN_NAME (common.h)] 14 AllReduce TREE LL Sum uint8_t Elapsed time: 83486 us
x3006c0s7b0n0:61799:61799 [0] NCCL INFO AllReduce: opCount 1 sendbuff 0x14eee7600000 recvbuff 0x14eee7600000 count 1 datatype 1 op 0 root 0 comm 0x5557c76ff800 [nranks=20] stream 0x5557e37ea3b0
[LYD INFO in ncclLaunchKernel (enqueue.cc)] NCHANNELS is: 4x3006c0s7b0n0:61809:61809 [2] NCCL INFO AllReduce: opCount 1 sendbuff 0x14908b600000 recvbuff 0x14908b600000 count 1 datatype 1 op 0 root 0 comm 0x55cd2ce18df0 [nranks=20] stream 0x55cd30c44bf0
[LYD INFO in ncclLaunchKernel (enqueue.cc)] NCHANNELS is: 4x3006c0s7b0n0:61812:61812 [3] NCCL INFO AllReduce: opCount 1 sendbuff 0x14c66ba00000 recvbuff 0x14c66ba00000 count 1 datatype 1 op 0 root 0 comm 0x55877e1cb8c0 [nranks=20] stream 0x55879a8a5d70
[LYD INFO in ncclLaunchKernel (enqueue.cc)] NCHANNELS is: 4x3006c0s7b0n0:61802:61802 [1] NCCL INFO AllReduce: opCount 1 sendbuff 0x146e11a00000 recvbuff 0x146e11a00000 count 1 datatype 1 op 0 root 0 comm 0x562571dfe3d0 [nranks=20] stream 0x562588a24db0
[LYD INFO in ncclLaunchKernel (enqueue.cc)] NCHANNELS is: 4
[LYD INFO in NCCL_KERN_NAME (common.h)] 12 AllReduce TREE LL Sum uint8_t Elapsed time: 8280961 us

[LYD INFO in NCCL_KERN_NAME (common.h)] 15 AllReduce TREE LL Sum uint8_t Elapsed time: 86975 us

[LYD INFO in NCCL_KERN_NAME (common.h)] 13 AllReduce TREE LL Sum uint8_t Elapsed time: 18957 us

[LYD INFO in NCCL_KERN_NAME (common.h)] 14 AllReduce TREE LL Sum uint8_t Elapsed time: 498790 us
x3006c0s7b0n0:61809:61809 [2] NCCL INFO AllReduce: opCount 2 sendbuff 0x14908b600000 recvbuff 0x14908b600000 count 1 datatype 8 op 3 root 0 comm 0x55cd2ce18df0 [nranks=20] stream 0x55cd30c44bf0
[LYD INFO in ncclLaunchKernel (enqueue.cc)] NCHANNELS is: 4x3006c0s7b0n0:61799:61799 [0] NCCL INFO AllReduce: opCount 2 sendbuff 0x14eee7600000 recvbuff 0x14eee7600000 count 1 datatype 8 op 3 root 0 comm 0x5557c76ff800 [nranks=20] stream 0x5557e37ea3b0
[LYD INFO in ncclLaunchKernel (enqueue.cc)] NCHANNELS is: 4x3006c0s7b0n0:61802:61802 [1] NCCL INFO AllReduce: opCount 2 sendbuff 0x146e11a00000 recvbuff 0x146e11a00000 count 1 datatype 8 op 3 root 0 comm 0x562571dfe3d0 [nranks=20] stream 0x562588a24db0
[LYD INFO in ncclLaunchKernel (enqueue.cc)] NCHANNELS is: 4x3006c0s7b0n0:61812:61812 [3] NCCL INFO AllReduce: opCount 2 sendbuff 0x14c66ba00000 recvbuff 0x14c66ba00000 count 1 datatype 8 op 3 root 0 comm 0x55877e1cb8c0 [nranks=20] stream 0x55879a8a5d70
[LYD INFO in ncclLaunchKernel (enqueue.cc)] NCHANNELS is: 4
[LYD INFO in NCCL_FUNC_NAME (common.h)] 13 AllReduce TREE LL Min double Elapsed time: 7008 us

[LYD INFO in NCCL_FUNC_NAME (common.h)] 15 AllReduce TREE LL Min double Elapsed time: 5 us

[LYD INFO in NCCL_FUNC_NAME (common.h)] 12 AllReduce TREE LL Min double Elapsed time: 9664 us

[LYD INFO in NCCL_FUNC_NAME (common.h)] 14 AllReduce TREE LL Min double Elapsed time: 19993 us

[LYD INFO in NCCL_KERN_NAME (common.h)] 15 AllReduce TREE LL Sum double Elapsed time: 417434 us
x3006c0s7b0n0:61812:61812 [3] NCCL INFO AllReduce: opCount 3 sendbuff 0x14c66ba00200 recvbuff 0x14c66ba00200 count 1 datatype 1 op 0 root 0 comm 0x55877e1cb8c0 [nranks=20] stream 0x55879a8a5d70
[LYD INFO in ncclLaunchKernel (enqueue.cc)] NCHANNELS is: 4
[LYD INFO in NCCL_KERN_NAME (common.h)] 14 AllReduce TREE LL Sum double Elapsed time: 406798 us
x3006c0s7b0n0:61809:61809 [2] NCCL INFO AllReduce: opCount 3 sendbuff 0x14908b600200 recvbuff 0x14908b600200 count 1 datatype 1 op 0 root 0 comm 0x55cd2ce18df0 [nranks=20] stream 0x55cd30c44bf0
[LYD INFO in ncclLaunchKernel (enqueue.cc)] NCHANNELS is: 4
[LYD INFO in NCCL_KERN_NAME (common.h)] 13 AllReduce TREE LL Sum double Elapsed time: 406703 us
x3006c0s7b0n0:61802:61802 [1] NCCL INFO AllReduce: opCount 3 sendbuff 0x146e11a00200 recvbuff 0x146e11a00200 count 1 datatype 1 op 0 root 0 comm 0x562571dfe3d0 [nranks=20] stream 0x562588a24db0
[LYD INFO in ncclLaunchKernel (enqueue.cc)] NCHANNELS is: 4
[LYD INFO in NCCL_KERN_NAME (common.h)] 12 AllReduce TREE LL Sum double Elapsed time: 402007 us
x3006c0s7b0n0:61799:61799 [0] NCCL INFO AllReduce: opCount 3 sendbuff 0x14eee7600200 recvbuff 0x14eee7600200 count 1 datatype 1 op 0 root 0 comm 0x5557c76ff800 [nranks=20] stream 0x5557e37ea3b0
[LYD INFO in ncclLaunchKernel (enqueue.cc)] NCHANNELS is: 4
[LYD INFO in NCCL_KERN_NAME (common.h)] 12 AllReduce TREE LL Sum uint8_t Elapsed time: 41272 us

[LYD INFO in NCCL_KERN_NAME (common.h)] 14 AllReduce TREE LL Sum uint8_t Elapsed time: 85194 us

[LYD INFO in NCCL_KERN_NAME (common.h)] 15 AllReduce TREE LL Sum uint8_t Elapsed time: 93312 us

[LYD INFO in NCCL_KERN_NAME (common.h)] 13 AllReduce TREE LL Sum uint8_t Elapsed time: 65084 us
 > number of parameters on (tensor, pipeline) model parallel rank (0, 6): 78709760
x3006c0s7b0n0:61799:61799 [0] NCCL INFO AllReduce: opCount 4 sendbuff 0x14eee7600400 recvbuff 0x14eee7600400 count 1 datatype 1 op 0 root 0 comm 0x5557c76ff800 [nranks=20] stream 0x5557e37ea3b0
[LYD INFO in ncclLaunchKernel (enqueue.cc)] NCHANNELS is: 4 > number of parameters on (tensor, pipeline) model parallel rank (0, 7): 78709760
x3006c0s7b0n0:61809:61809 [2] NCCL INFO AllReduce: opCount 4 sendbuff 0x14908b600400 recvbuff 0x14908b600400 count 1 datatype 1 op 0 root 0 comm 0x55cd2ce18df0 [nranks=20] stream 0x55cd30c44bf0
[LYD INFO in ncclLaunchKernel (enqueue.cc)] NCHANNELS is: 4x3006c0s7b0n0:61802:61802 [1] NCCL INFO AllReduce: opCount 4 sendbuff 0x146e11a00400 recvbuff 0x146e11a00400 count 1 datatype 1 op 0 root 0 comm 0x562571dfe3d0 [nranks=20] stream 0x562588a24db0
[LYD INFO in ncclLaunchKernel (enqueue.cc)] NCHANNELS is: 4x3006c0s7b0n0:61812:61812 [3] NCCL INFO AllReduce: opCount 4 sendbuff 0x14c66ba00400 recvbuff 0x14c66ba00400 count 1 datatype 1 op 0 root 0 comm 0x55877e1cb8c0 [nranks=20] stream 0x55879a8a5d70
[LYD INFO in ncclLaunchKernel (enqueue.cc)] NCHANNELS is: 4
[LYD INFO in NCCL_KERN_NAME (common.h)] 12 AllReduce TREE LL Sum uint8_t Elapsed time: 3132114 us
x3006c0s7b0n0:61799:61799 [0] NCCL INFO AllReduce: opCount 5 sendbuff 0x14eee7621000 recvbuff 0x14eee7621000 count 1 datatype 1 op 0 root 0 comm 0x5557c76ff800 [nranks=20] stream 0x5557e37ea3b0
[LYD INFO in ncclLaunchKernel (enqueue.cc)] NCHANNELS is: 4
[LYD INFO in NCCL_KERN_NAME (common.h)] 13 AllReduce TREE LL Sum uint8_t Elapsed time: 3066253 us
x3006c0s7b0n0:61802:61802 [1] NCCL INFO AllReduce: opCount 5 sendbuff 0x146e11a21000 recvbuff 0x146e11a21000 count 1 datatype 1 op 0 root 0 comm 0x562571dfe3d0 [nranks=20] stream 0x562588a24db0
[LYD INFO in ncclLaunchKernel (enqueue.cc)] NCHANNELS is: 4
[LYD INFO in NCCL_KERN_NAME (common.h)] 15 AllReduce TREE LL Sum uint8_t Elapsed time: 3069887 us
x3006c0s7b0n0:61812:61812 [3] NCCL INFO AllReduce: opCount 5 sendbuff 0x14c66ba21000 recvbuff 0x14c66ba21000 count 1 datatype 1 op 0 root 0 comm 0x55877e1cb8c0 [nranks=20] stream 0x55879a8a5d70
[LYD INFO in ncclLaunchKernel (enqueue.cc)] NCHANNELS is: 4
[LYD INFO in NCCL_KERN_NAME (common.h)] 14 AllReduce TREE LL Sum uint8_t Elapsed time: 3108292 us
x3006c0s7b0n0:61809:61809 [2] NCCL INFO AllReduce: opCount 5 sendbuff 0x14908b621000 recvbuff 0x14908b621000 count 1 datatype 1 op 0 root 0 comm 0x55cd2ce18df0 [nranks=20] stream 0x55cd30c44bf0
[LYD INFO in ncclLaunchKernel (enqueue.cc)] NCHANNELS is: 4
[LYD INFO in NCCL_KERN_NAME (common.h)] 12 AllReduce TREE LL Sum uint8_t Elapsed time: 91780 us
x3006c0s7b0n0:61799:61799 [0] NCCL INFO AllReduce: opCount 6 sendbuff 0x14eee7600400 recvbuff 0x14eee7600400 count 1 datatype 1 op 0 root 0 comm 0x5557c76ff800 [nranks=20] stream 0x5557e37ea3b0
[LYD INFO in ncclLaunchKernel (enqueue.cc)] NCHANNELS is: 4
[LYD INFO in NCCL_KERN_NAME (common.h)] 13 AllReduce TREE LL Sum uint8_t Elapsed time: 74401 us
x3006c0s7b0n0:61802:61802 [1] NCCL INFO AllReduce: opCount 6 sendbuff 0x146e11a00400 recvbuff 0x146e11a00400 count 1 datatype 1 op 0 root 0 comm 0x562571dfe3d0 [nranks=20] stream 0x562588a24db0
[LYD INFO in ncclLaunchKernel (enqueue.cc)] NCHANNELS is: 4
[LYD INFO in NCCL_KERN_NAME (common.h)] 15 AllReduce TREE LL Sum uint8_t Elapsed time: 67687 us
x3006c0s7b0n0:61812:61812 [3] NCCL INFO AllReduce: opCount 6 sendbuff 0x14c66ba00400 recvbuff 0x14c66ba00400 count 1 datatype 1 op 0 root 0 comm 0x55877e1cb8c0 [nranks=20] stream 0x55879a8a5d70
[LYD INFO in ncclLaunchKernel (enqueue.cc)] NCHANNELS is: 4
[LYD INFO in NCCL_KERN_NAME (common.h)] 14 AllReduce TREE LL Sum uint8_t Elapsed time: 55124 us
x3006c0s7b0n0:61809:61809 [2] NCCL INFO AllReduce: opCount 6 sendbuff 0x14908b600400 recvbuff 0x14908b600400 count 1 datatype 1 op 0 root 0 comm 0x55cd2ce18df0 [nranks=20] stream 0x55cd30c44bf0
[LYD INFO in ncclLaunchKernel (enqueue.cc)] NCHANNELS is: 4
[LYD INFO in NCCL_KERN_NAME (common.h)] 15 AllReduce TREE LL Sum uint8_t Elapsed time: 45498 us

[LYD INFO in NCCL_KERN_NAME (common.h)] 13 AllReduce TREE LL Sum uint8_t Elapsed time: 73548 us

[LYD INFO in NCCL_KERN_NAME (common.h)] 12 AllReduce TREE LL Sum uint8_t Elapsed time: 80319 us

[LYD INFO in NCCL_KERN_NAME (common.h)] 14 AllReduce TREE LL Sum uint8_t Elapsed time: 42807 us
NCCL version 2.14.3+cuda11.8
x3006c0s7b0n0:61799:61799 [0] NCCL INFO init.cc:1147 Cuda Host Alloc Size 4 pointer 0x14eea6e00400
x3006c0s7b0n0:61802:61802 [1] NCCL INFO init.cc:1147 Cuda Host Alloc Size 4 pointer 0x146e15400400
NCCL version 2.14.3+cuda11.8
x3006c0s7b0n0:61809:61809 [2] NCCL INFO init.cc:1147 Cuda Host Alloc Size 4 pointer 0x14904ae00400
x3006c0s7b0n0:61812:61812 [3] NCCL INFO init.cc:1147 Cuda Host Alloc Size 4 pointer 0x14c66f400400
x3006c0s7b0n0:61812:952 [3] NCCL INFO Using network IB
x3006c0s7b0n0:61799:948 [0] NCCL INFO Using network IB
x3006c0s7b0n0:61802:949 [1] NCCL INFO Using network IB
x3006c0s7b0n0:61809:951 [2] NCCL INFO Using network IB
x3006c0s7b0n0:61809:951 [2] NCCL INFO NET/IB : GPU Direct RDMA Enabled for HCA 0 'mlx5_0'
x3006c0s7b0n0:61809:951 [2] NCCL INFO NET/IB : GPU Direct RDMA Enabled for HCA 1 'mlx5_1'
x3006c0s7b0n0:61809:951 [2] NCCL INFO GPU Direct RDMA Disabled for GPU 85000 / HCA 0 (distance 7 > 4)
x3006c0s7b0n0:61809:951 [2] NCCL INFO GPU Direct RDMA Disabled for GPU c7000 / HCA 0 (distance 6 > 4)
x3006c0s7b0n0:61809:951 [2] NCCL INFO GPU Direct RDMA Disabled for GPU 85000 / HCA 1 (distance 7 > 4)
x3006c0s7b0n0:61809:951 [2] NCCL INFO GPU Direct RDMA Disabled for GPU c7000 / HCA 1 (distance 7 > 4)
x3006c0s7b0n0:61809:951 [2] NCCL INFO === System : maxBw 88.0 totalBw 88.0 ===
x3006c0s7b0n0:61809:951 [2] NCCL INFO CPU/1 (1/2/-1)
x3006c0s7b0n0:61809:951 [2] NCCL INFO + SYS[5000.0] - CPU/0
x3006c0s7b0n0:61809:951 [2] NCCL INFO + SYS[5000.0] - CPU/2
x3006c0s7b0n0:61809:951 [2] NCCL INFO + PCI[24.0] - PCI/83000 (11f8406811f8beef)
x3006c0s7b0n0:61809:951 [2] NCCL INFO               + PCI[24.0] - GPU/85000 (0)
x3006c0s7b0n0:61809:951 [2] NCCL INFO                             + NVL[88.0] - GPU/C7000
x3006c0s7b0n0:61809:951 [2] NCCL INFO CPU/0 (1/2/-1)
x3006c0s7b0n0:61809:951 [2] NCCL INFO + SYS[5000.0] - CPU/1
x3006c0s7b0n0:61809:951 [2] NCCL INFO + SYS[5000.0] - CPU/2
x3006c0s7b0n0:61809:951 [2] NCCL INFO + PCI[24.0] - PCI/C5000 (11f8406811f8beef)
x3006c0s7b0n0:61809:951 [2] NCCL INFO               + PCI[24.0] - GPU/C7000 (1)
x3006c0s7b0n0:61809:951 [2] NCCL INFO                             + NVL[88.0] - GPU/85000
x3006c0s7b0n0:61809:951 [2] NCCL INFO + PCI[12.0] - NIC/C8000
x3006c0s7b0n0:61809:951 [2] NCCL INFO CPU/2 (1/2/-1)
x3006c0s7b0n0:61809:951 [2] NCCL INFO + SYS[5000.0] - CPU/1
x3006c0s7b0n0:61809:951 [2] NCCL INFO + SYS[5000.0] - CPU/0
x3006c0s7b0n0:61809:951 [2] NCCL INFO + PCI[12.0] - NIC/43000
x3006c0s7b0n0:61809:951 [2] NCCL INFO ==========================================
x3006c0s7b0n0:61809:951 [2] NCCL INFO GPU/85000 :GPU/85000 (0/5000.000000/LOC) GPU/C7000 (1/88.000000/NVL) CPU/1 (2/24.000000/PHB) CPU/0 (3/24.000000/SYS) CPU/2 (3/24.000000/SYS) 
x3006c0s7b0n0:61809:951 [2] NCCL INFO GPU/C7000 :GPU/85000 (1/88.000000/NVL) GPU/C7000 (0/5000.000000/LOC) CPU/1 (3/24.000000/SYS) CPU/0 (2/24.000000/PHB) CPU/2 (3/24.000000/SYS) 
x3006c0s7b0n0:61809:951 [2] NCCL INFO Pattern 4, crossNic 0, nChannels 4, bw 22.000000/22.000000, type NVL/PIX, sameChannels 1
x3006c0s7b0n0:61809:951 [2] NCCL INFO  0 : GPU/0 GPU/1
x3006c0s7b0n0:61809:951 [2] NCCL INFO  1 : GPU/0 GPU/1
x3006c0s7b0n0:61809:951 [2] NCCL INFO  2 : GPU/0 GPU/1
x3006c0s7b0n0:61809:951 [2] NCCL INFO  3 : GPU/0 GPU/1
x3006c0s7b0n0:61809:951 [2] NCCL INFO Pattern 1, crossNic 0, nChannels 4, bw 22.000000/22.000000, type NVL/PIX, sameChannels 1
x3006c0s7b0n0:61809:951 [2] NCCL INFO  0 : GPU/0 GPU/1
x3006c0s7b0n0:61809:951 [2] NCCL INFO  1 : GPU/0 GPU/1
x3006c0s7b0n0:61809:951 [2] NCCL INFO  2 : GPU/0 GPU/1
x3006c0s7b0n0:61809:951 [2] NCCL INFO  3 : GPU/0 GPU/1
x3006c0s7b0n0:61809:951 [2] NCCL INFO Pattern 3, crossNic 0, nChannels 4, bw 44.000000/44.000000, type NVL/PIX, sameChannels 0
x3006c0s7b0n0:61809:951 [2] NCCL INFO  0 : GPU/0 GPU/1
x3006c0s7b0n0:61809:951 [2] NCCL INFO  1 : GPU/0 GPU/1
x3006c0s7b0n0:61809:951 [2] NCCL INFO  2 : GPU/1 GPU/0
x3006c0s7b0n0:61809:951 [2] NCCL INFO  3 : GPU/1 GPU/0
