x3101c0s13b1n0:55560:55560 [2] NCCL INFO cudaDriverVersion 11080
x3101c0s13b1n0:55562:55562 [3] NCCL INFO cudaDriverVersion 11080
x3101c0s13b1n0:55556:55556 [1] NCCL INFO cudaDriverVersion 11080
x3101c0s13b1n0:55551:55551 [0] NCCL INFO cudaDriverVersion 11080
x3101c0s13b1n0:55556:55556 [1] NCCL INFO NCCL_SOCKET_IFNAME set by environment to hsn0
x3101c0s13b1n0:55556:55556 [1] NCCL INFO NCCL_SOCKET_IFNAME set to hsn0
x3101c0s13b1n0:55556:55556 [1] NCCL INFO Bootstrap : Using hsn0:10.201.3.210<0>
x3101c0s13b1n0:55560:55560 [2] NCCL INFO NCCL_SOCKET_IFNAME set by environment to hsn0
x3101c0s13b1n0:55560:55560 [2] NCCL INFO NCCL_SOCKET_IFNAME set to hsn0
x3101c0s13b1n0:55560:55560 [2] NCCL INFO Bootstrap : Using hsn0:10.201.3.210<0>
x3101c0s13b1n0:55562:55562 [3] NCCL INFO NCCL_SOCKET_IFNAME set by environment to hsn0
x3101c0s13b1n0:55562:55562 [3] NCCL INFO NCCL_SOCKET_IFNAME set to hsn0
x3101c0s13b1n0:55562:55562 [3] NCCL INFO Bootstrap : Using hsn0:10.201.3.210<0>
x3101c0s13b1n0:55551:55551 [0] NCCL INFO NCCL_SOCKET_IFNAME set by environment to hsn0
x3101c0s13b1n0:55551:55551 [0] NCCL INFO NCCL_SOCKET_IFNAME set to hsn0
x3101c0s13b1n0:55551:55551 [0] NCCL INFO Bootstrap : Using hsn0:10.201.3.210<0>
x3101c0s13b1n0:55556:55556 [1] NCCL INFO NET/Plugin : No plugin found (libnccl-net.so), using internal implementation
x3101c0s13b1n0:55551:55551 [0] NCCL INFO NET/Plugin : No plugin found (libnccl-net.so), using internal implementation
x3101c0s13b1n0:55551:55551 [0] NCCL INFO init.cc:1147 Cuda Host Alloc Size 4 pointer 0x14abd9400000
x3101c0s13b1n0:55562:55562 [3] NCCL INFO NET/Plugin : No plugin found (libnccl-net.so), using internal implementation
x3101c0s13b1n0:55562:55562 [3] NCCL INFO init.cc:1147 Cuda Host Alloc Size 4 pointer 0x151ba5400000
x3101c0s13b1n0:55556:55556 [1] NCCL INFO init.cc:1147 Cuda Host Alloc Size 4 pointer 0x149949400000
x3101c0s13b1n0:55560:55560 [2] NCCL INFO NET/Plugin : No plugin found (libnccl-net.so), using internal implementation
x3101c0s13b1n0:55560:55560 [2] NCCL INFO init.cc:1147 Cuda Host Alloc Size 4 pointer 0x146b07400000
x3101c0s13b1n0:55551:56903 [0] NCCL INFO NCCL_SOCKET_IFNAME set by environment to hsn0
x3101c0s13b1n0:55551:56903 [0] NCCL INFO NET/IB : No device found.
x3101c0s13b1n0:55551:56903 [0] NCCL INFO NCCL_SOCKET_IFNAME set by environment to hsn0
x3101c0s13b1n0:55551:56903 [0] NCCL INFO NET/Socket : Using [0]hsn0:10.201.3.210<0>
x3101c0s13b1n0:55551:56903 [0] NCCL INFO Using network Socket
x3101c0s13b1n0:55556:56905 [1] NCCL INFO NCCL_SOCKET_IFNAME set by environment to hsn0
x3101c0s13b1n0:55556:56905 [1] NCCL INFO NET/IB : No device found.
x3101c0s13b1n0:55556:56905 [1] NCCL INFO NCCL_SOCKET_IFNAME set by environment to hsn0
x3101c0s13b1n0:55556:56905 [1] NCCL INFO NET/Socket : Using [0]hsn0:10.201.3.210<0>
x3101c0s13b1n0:55556:56905 [1] NCCL INFO Using network Socket
x3101c0s13b1n0:55562:56904 [3] NCCL INFO NCCL_SOCKET_IFNAME set by environment to hsn0
x3101c0s13b1n0:55562:56904 [3] NCCL INFO NET/IB : No device found.
x3101c0s13b1n0:55562:56904 [3] NCCL INFO NCCL_SOCKET_IFNAME set by environment to hsn0
x3101c0s13b1n0:55562:56904 [3] NCCL INFO NET/Socket : Using [0]hsn0:10.201.3.210<0>
x3101c0s13b1n0:55562:56904 [3] NCCL INFO Using network Socket
x3101c0s13b1n0:55560:56907 [2] NCCL INFO NCCL_SOCKET_IFNAME set by environment to hsn0
x3101c0s13b1n0:55560:56907 [2] NCCL INFO NET/IB : No device found.
x3101c0s13b1n0:55560:56907 [2] NCCL INFO NCCL_SOCKET_IFNAME set by environment to hsn0
x3101c0s13b1n0:55560:56907 [2] NCCL INFO NET/Socket : Using [0]hsn0:10.201.3.210<0>
x3101c0s13b1n0:55560:56907 [2] NCCL INFO Using network Socket
x3101c0s13b1n0:55551:56903 [0] NCCL INFO NET/Socket : GPU Direct RDMA Disabled for HCA 0 'hsn0'
x3101c0s13b1n0:55551:56903 [0] NCCL INFO transport/p2p.cc:151 Cuda Alloc Size 2097152 pointer 0x14abd9e00000
x3101c0s13b1n0:55551:56903 [0] NCCL INFO === System : maxBw 24.0 totalBw 264.0 ===
x3101c0s13b1n0:55551:56903 [0] NCCL INFO CPU/3 (1/2/-1)
x3101c0s13b1n0:55551:56903 [0] NCCL INFO + SYS[5000.0] - CPU/2
x3101c0s13b1n0:55551:56903 [0] NCCL INFO + SYS[5000.0] - CPU/1
x3101c0s13b1n0:55551:56903 [0] NCCL INFO + SYS[5000.0] - CPU/0
x3101c0s13b1n0:55551:56903 [0] NCCL INFO + PCI[24.0] - PCI/5000 (11f8406811f8beef)
x3101c0s13b1n0:55551:56903 [0] NCCL INFO               + PCI[24.0] - GPU/7000 (4)
x3101c0s13b1n0:55551:56903 [0] NCCL INFO                             + NVL[88.0] - GPU/85000
x3101c0s13b1n0:55551:56903 [0] NCCL INFO                             + NVL[88.0] - GPU/C7000
x3101c0s13b1n0:55551:56903 [0] NCCL INFO                             + NVL[88.0] - GPU/46000
x3101c0s13b1n0:55551:56903 [0] NCCL INFO CPU/2 (1/2/-1)
x3101c0s13b1n0:55551:56903 [0] NCCL INFO + SYS[5000.0] - CPU/3
x3101c0s13b1n0:55551:56903 [0] NCCL INFO + SYS[5000.0] - CPU/1
x3101c0s13b1n0:55551:56903 [0] NCCL INFO + SYS[5000.0] - CPU/0
x3101c0s13b1n0:55551:56903 [0] NCCL INFO + PCI[24.0] - PCI/44000 (11f8406811f8beef)
x3101c0s13b1n0:55551:56903 [0] NCCL INFO               + PCI[24.0] - GPU/46000 (5)
x3101c0s13b1n0:55551:56903 [0] NCCL INFO                             + NVL[88.0] - GPU/85000
x3101c0s13b1n0:55551:56903 [0] NCCL INFO                             + NVL[88.0] - GPU/C7000
x3101c0s13b1n0:55551:56903 [0] NCCL INFO                             + NVL[88.0] - GPU/7000
x3101c0s13b1n0:55551:56903 [0] NCCL INFO + PCI[24.0] - NIC/43000
x3101c0s13b1n0:55551:56903 [0] NCCL INFO               + NET[25.0] - NET/0 (0/0/25.000000)
x3101c0s13b1n0:55551:56903 [0] NCCL INFO CPU/1 (1/2/-1)
x3101c0s13b1n0:55551:56903 [0] NCCL INFO + SYS[5000.0] - CPU/3
x3101c0s13b1n0:55551:56903 [0] NCCL INFO + SYS[5000.0] - CPU/2
x3101c0s13b1n0:55551:56903 [0] NCCL INFO + SYS[5000.0] - CPU/0
x3101c0s13b1n0:55551:56903 [0] NCCL INFO + PCI[24.0] - PCI/83000 (11f8406811f8beef)
x3101c0s13b1n0:55551:56903 [0] NCCL INFO               + PCI[24.0] - GPU/85000 (6)
x3101c0s13b1n0:55551:56903 [0] NCCL INFO                             + NVL[88.0] - GPU/C7000
x3101c0s13b1n0:55551:56903 [0] NCCL INFO                             + NVL[88.0] - GPU/46000
x3101c0s13b1n0:55551:56903 [0] NCCL INFO                             + NVL[88.0] - GPU/7000
x3101c0s13b1n0:55551:56903 [0] NCCL INFO CPU/0 (1/2/-1)
x3101c0s13b1n0:55551:56903 [0] NCCL INFO + SYS[5000.0] - CPU/3
x3101c0s13b1n0:55551:56903 [0] NCCL INFO + SYS[5000.0] - CPU/2
x3101c0s13b1n0:55551:56903 [0] NCCL INFO + SYS[5000.0] - CPU/1
x3101c0s13b1n0:55551:56903 [0] NCCL INFO + PCI[24.0] - PCI/C5000 (11f8406811f8beef)
x3101c0s13b1n0:55551:56903 [0] NCCL INFO               + PCI[24.0] - GPU/C7000 (7)
x3101c0s13b1n0:55551:56903 [0] NCCL INFO                             + NVL[88.0] - GPU/85000
x3101c0s13b1n0:55551:56903 [0] NCCL INFO                             + NVL[88.0] - GPU/46000
x3101c0s13b1n0:55551:56903 [0] NCCL INFO                             + NVL[88.0] - GPU/7000
x3101c0s13b1n0:55551:56903 [0] NCCL INFO ==========================================
x3101c0s13b1n0:55551:56903 [0] NCCL INFO GPU/7000 :GPU/7000 (0/5000.000000/LOC) GPU/46000 (1/88.000000/NVL) GPU/85000 (1/88.000000/NVL) GPU/C7000 (1/88.000000/NVL) CPU/3 (2/24.000000/PHB) CPU/2 (3/24.000000/SYS) CPU/1 (3/24.000000/SYS) CPU/0 (3/24.000000/SYS) NET/0 (5/24.000000/SYS) 
x3101c0s13b1n0:55551:56903 [0] NCCL INFO GPU/46000 :GPU/7000 (1/88.000000/NVL) GPU/46000 (0/5000.000000/LOC) GPU/85000 (1/88.000000/NVL) GPU/C7000 (1/88.000000/NVL) CPU/3 (3/24.000000/SYS) CPU/2 (2/24.000000/PHB) CPU/1 (3/24.000000/SYS) CPU/0 (3/24.000000/SYS) NET/0 (4/24.000000/PHB) 
x3101c0s13b1n0:55551:56903 [0] NCCL INFO GPU/85000 :GPU/7000 (1/88.000000/NVL) GPU/46000 (1/88.000000/NVL) GPU/85000 (0/5000.000000/LOC) GPU/C7000 (1/88.000000/NVL) CPU/3 (3/24.000000/SYS) CPU/2 (3/24.000000/SYS) CPU/1 (2/24.000000/PHB) CPU/0 (3/24.000000/SYS) NET/0 (5/24.000000/SYS) 
x3101c0s13b1n0:55551:56903 [0] NCCL INFO GPU/C7000 :GPU/7000 (1/88.000000/NVL) GPU/46000 (1/88.000000/NVL) GPU/85000 (1/88.000000/NVL) GPU/C7000 (0/5000.000000/LOC) CPU/3 (3/24.000000/SYS) CPU/2 (3/24.000000/SYS) CPU/1 (3/24.000000/SYS) CPU/0 (2/24.000000/PHB) NET/0 (5/24.000000/SYS) 
x3101c0s13b1n0:55551:56903 [0] NCCL INFO NET/0 :GPU/7000 (5/24.000000/SYS) GPU/46000 (4/24.000000/PHB) GPU/85000 (5/24.000000/SYS) GPU/C7000 (5/24.000000/SYS) CPU/3 (3/24.000000/SYS) CPU/2 (2/24.000000/PHB) CPU/1 (3/24.000000/SYS) CPU/0 (3/24.000000/SYS) NET/0 (0/5000.000000/LOC) 
x3101c0s13b1n0:55551:56903 [0] NCCL INFO Pattern 4, crossNic 0, nChannels 1, bw 24.000000/24.000000, type NVL/SYS, sameChannels 1
x3101c0s13b1n0:55551:56903 [0] NCCL INFO  0 : NET/0 GPU/5 GPU/4 GPU/7 GPU/6 NET/0
x3101c0s13b1n0:55551:56903 [0] NCCL INFO Pattern 1, crossNic 0, nChannels 1, bw 48.000000/24.000000, type NVL/SYS, sameChannels 1
x3101c0s13b1n0:55551:56903 [0] NCCL INFO  0 : NET/0 GPU/4 GPU/5 GPU/6 GPU/7 NET/0
x3101c0s13b1n0:55551:56903 [0] NCCL INFO Pattern 3, crossNic 0, nChannels 0, bw 0.000000/0.000000, type NVL/PIX, sameChannels 1
x3101c0s13b1n0:55556:56905 [1] NCCL INFO NET/Socket : GPU Direct RDMA Disabled for HCA 0 'hsn0'
x3101c0s13b1n0:55556:56905 [1] NCCL INFO transport/p2p.cc:151 Cuda Alloc Size 2097152 pointer 0x149949e00000
x3101c0s13b1n0:55556:56905 [1] NCCL INFO === System : maxBw 24.0 totalBw 264.0 ===
x3101c0s13b1n0:55556:56905 [1] NCCL INFO CPU/3 (1/2/-1)
x3101c0s13b1n0:55556:56905 [1] NCCL INFO + SYS[5000.0] - CPU/2
x3101c0s13b1n0:55556:56905 [1] NCCL INFO + SYS[5000.0] - CPU/1
x3101c0s13b1n0:55556:56905 [1] NCCL INFO + SYS[5000.0] - CPU/0
x3101c0s13b1n0:55556:56905 [1] NCCL INFO + PCI[24.0] - PCI/5000 (11f8406811f8beef)
x3101c0s13b1n0:55556:56905 [1] NCCL INFO               + PCI[24.0] - GPU/7000 (4)
x3101c0s13b1n0:55556:56905 [1] NCCL INFO                             + NVL[88.0] - GPU/85000
x3101c0s13b1n0:55556:56905 [1] NCCL INFO                             + NVL[88.0] - GPU/C7000
x3101c0s13b1n0:55556:56905 [1] NCCL INFO                             + NVL[88.0] - GPU/46000
x3101c0s13b1n0:55556:56905 [1] NCCL INFO CPU/2 (1/2/-1)
x3101c0s13b1n0:55556:56905 [1] NCCL INFO + SYS[5000.0] - CPU/3
x3101c0s13b1n0:55556:56905 [1] NCCL INFO + SYS[5000.0] - CPU/1
x3101c0s13b1n0:55556:56905 [1] NCCL INFO + SYS[5000.0] - CPU/0
x3101c0s13b1n0:55556:56905 [1] NCCL INFO + PCI[24.0] - PCI/44000 (11f8406811f8beef)
x3101c0s13b1n0:55556:56905 [1] NCCL INFO               + PCI[24.0] - GPU/46000 (5)
x3101c0s13b1n0:55556:56905 [1] NCCL INFO                             + NVL[88.0] - GPU/85000
x3101c0s13b1n0:55556:56905 [1] NCCL INFO                             + NVL[88.0] - GPU/C7000
x3101c0s13b1n0:55556:56905 [1] NCCL INFO                             + NVL[88.0] - GPU/7000
x3101c0s13b1n0:55556:56905 [1] NCCL INFO + PCI[24.0] - NIC/43000
x3101c0s13b1n0:55556:56905 [1] NCCL INFO               + NET[25.0] - NET/0 (0/0/25.000000)
x3101c0s13b1n0:55556:56905 [1] NCCL INFO CPU/1 (1/2/-1)
x3101c0s13b1n0:55556:56905 [1] NCCL INFO + SYS[5000.0] - CPU/3
x3101c0s13b1n0:55556:56905 [1] NCCL INFO + SYS[5000.0] - CPU/2
x3101c0s13b1n0:55556:56905 [1] NCCL INFO + SYS[5000.0] - CPU/0
x3101c0s13b1n0:55556:56905 [1] NCCL INFO + PCI[24.0] - PCI/83000 (11f8406811f8beef)
x3101c0s13b1n0:55556:56905 [1] NCCL INFO               + PCI[24.0] - GPU/85000 (6)
x3101c0s13b1n0:55556:56905 [1] NCCL INFO                             + NVL[88.0] - GPU/C7000
x3101c0s13b1n0:55556:56905 [1] NCCL INFO                             + NVL[88.0] - GPU/46000
x3101c0s13b1n0:55556:56905 [1] NCCL INFO                             + NVL[88.0] - GPU/7000
x3101c0s13b1n0:55556:56905 [1] NCCL INFO CPU/0 (1/2/-1)
x3101c0s13b1n0:55556:56905 [1] NCCL INFO + SYS[5000.0] - CPU/3
x3101c0s13b1n0:55556:56905 [1] NCCL INFO + SYS[5000.0] - CPU/2
x3101c0s13b1n0:55556:56905 [1] NCCL INFO + SYS[5000.0] - CPU/1
x3101c0s13b1n0:55556:56905 [1] NCCL INFO + PCI[24.0] - PCI/C5000 (11f8406811f8beef)
x3101c0s13b1n0:55556:56905 [1] NCCL INFO               + PCI[24.0] - GPU/C7000 (7)
x3101c0s13b1n0:55556:56905 [1] NCCL INFO                             + NVL[88.0] - GPU/85000
x3101c0s13b1n0:55556:56905 [1] NCCL INFO                             + NVL[88.0] - GPU/46000
x3101c0s13b1n0:55556:56905 [1] NCCL INFO                             + NVL[88.0] - GPU/7000
x3101c0s13b1n0:55556:56905 [1] NCCL INFO ==========================================
x3101c0s13b1n0:55556:56905 [1] NCCL INFO GPU/7000 :GPU/7000 (0/5000.000000/LOC) GPU/46000 (1/88.000000/NVL) GPU/85000 (1/88.000000/NVL) GPU/C7000 (1/88.000000/NVL) CPU/3 (2/24.000000/PHB) CPU/2 (3/24.000000/SYS) CPU/1 (3/24.000000/SYS) CPU/0 (3/24.000000/SYS) NET/0 (5/24.000000/SYS) 
x3101c0s13b1n0:55556:56905 [1] NCCL INFO GPU/46000 :GPU/7000 (1/88.000000/NVL) GPU/46000 (0/5000.000000/LOC) GPU/85000 (1/88.000000/NVL) GPU/C7000 (1/88.000000/NVL) CPU/3 (3/24.000000/SYS) CPU/2 (2/24.000000/PHB) CPU/1 (3/24.000000/SYS) CPU/0 (3/24.000000/SYS) NET/0 (4/24.000000/PHB) 
x3101c0s13b1n0:55556:56905 [1] NCCL INFO GPU/85000 :GPU/7000 (1/88.000000/NVL) GPU/46000 (1/88.000000/NVL) GPU/85000 (0/5000.000000/LOC) GPU/C7000 (1/88.000000/NVL) CPU/3 (3/24.000000/SYS) CPU/2 (3/24.000000/SYS) CPU/1 (2/24.000000/PHB) CPU/0 (3/24.000000/SYS) NET/0 (5/24.000000/SYS) 
x3101c0s13b1n0:55556:56905 [1] NCCL INFO GPU/C7000 :GPU/7000 (1/88.000000/NVL) GPU/46000 (1/88.000000/NVL) GPU/85000 (1/88.000000/NVL) GPU/C7000 (0/5000.000000/LOC) CPU/3 (3/24.000000/SYS) CPU/2 (3/24.000000/SYS) CPU/1 (3/24.000000/SYS) CPU/0 (2/24.000000/PHB) NET/0 (5/24.000000/SYS) 
x3101c0s13b1n0:55556:56905 [1] NCCL INFO NET/0 :GPU/7000 (5/24.000000/SYS) GPU/46000 (4/24.000000/PHB) GPU/85000 (5/24.000000/SYS) GPU/C7000 (5/24.000000/SYS) CPU/3 (3/24.000000/SYS) CPU/2 (2/24.000000/PHB) CPU/1 (3/24.000000/SYS) CPU/0 (3/24.000000/SYS) NET/0 (0/5000.000000/LOC) 
x3101c0s13b1n0:55556:56905 [1] NCCL INFO Pattern 4, crossNic 0, nChannels 1, bw 24.000000/24.000000, type NVL/SYS, sameChannels 1
x3101c0s13b1n0:55556:56905 [1] NCCL INFO  0 : NET/0 GPU/5 GPU/4 GPU/7 GPU/6 NET/0
x3101c0s13b1n0:55556:56905 [1] NCCL INFO Pattern 1, crossNic 0, nChannels 1, bw 48.000000/24.000000, type NVL/SYS, sameChannels 1
x3101c0s13b1n0:55556:56905 [1] NCCL INFO  0 : NET/0 GPU/4 GPU/5 GPU/6 GPU/7 NET/0
x3101c0s13b1n0:55556:56905 [1] NCCL INFO Pattern 3, crossNic 0, nChannels 0, bw 0.000000/0.000000, type NVL/PIX, sameChannels 1
x3101c0s13b1n0:55562:56904 [3] NCCL INFO NET/Socket : GPU Direct RDMA Disabled for HCA 0 'hsn0'
x3101c0s13b1n0:55562:56904 [3] NCCL INFO transport/p2p.cc:151 Cuda Alloc Size 2097152 pointer 0x151ba5e00000
x3101c0s13b1n0:55562:56904 [3] NCCL INFO === System : maxBw 24.0 totalBw 264.0 ===
x3101c0s13b1n0:55562:56904 [3] NCCL INFO CPU/3 (1/2/-1)
x3101c0s13b1n0:55562:56904 [3] NCCL INFO + SYS[5000.0] - CPU/2
x3101c0s13b1n0:55562:56904 [3] NCCL INFO + SYS[5000.0] - CPU/1
x3101c0s13b1n0:55562:56904 [3] NCCL INFO + SYS[5000.0] - CPU/0
x3101c0s13b1n0:55562:56904 [3] NCCL INFO + PCI[24.0] - PCI/5000 (11f8406811f8beef)
x3101c0s13b1n0:55562:56904 [3] NCCL INFO               + PCI[24.0] - GPU/7000 (4)
x3101c0s13b1n0:55562:56904 [3] NCCL INFO                             + NVL[88.0] - GPU/85000
x3101c0s13b1n0:55562:56904 [3] NCCL INFO                             + NVL[88.0] - GPU/C7000
x3101c0s13b1n0:55562:56904 [3] NCCL INFO                             + NVL[88.0] - GPU/46000
x3101c0s13b1n0:55562:56904 [3] NCCL INFO CPU/2 (1/2/-1)
x3101c0s13b1n0:55562:56904 [3] NCCL INFO + SYS[5000.0] - CPU/3
x3101c0s13b1n0:55562:56904 [3] NCCL INFO + SYS[5000.0] - CPU/1
x3101c0s13b1n0:55562:56904 [3] NCCL INFO + SYS[5000.0] - CPU/0
x3101c0s13b1n0:55562:56904 [3] NCCL INFO + PCI[24.0] - PCI/44000 (11f8406811f8beef)
x3101c0s13b1n0:55562:56904 [3] NCCL INFO               + PCI[24.0] - GPU/46000 (5)
x3101c0s13b1n0:55562:56904 [3] NCCL INFO                             + NVL[88.0] - GPU/85000
x3101c0s13b1n0:55562:56904 [3] NCCL INFO                             + NVL[88.0] - GPU/C7000
x3101c0s13b1n0:55562:56904 [3] NCCL INFO                             + NVL[88.0] - GPU/7000
x3101c0s13b1n0:55562:56904 [3] NCCL INFO + PCI[24.0] - NIC/43000
x3101c0s13b1n0:55562:56904 [3] NCCL INFO               + NET[25.0] - NET/0 (0/0/25.000000)
x3101c0s13b1n0:55562:56904 [3] NCCL INFO CPU/1 (1/2/-1)
x3101c0s13b1n0:55562:56904 [3] NCCL INFO + SYS[5000.0] - CPU/3
x3101c0s13b1n0:55562:56904 [3] NCCL INFO + SYS[5000.0] - CPU/2
x3101c0s13b1n0:55562:56904 [3] NCCL INFO + SYS[5000.0] - CPU/0
x3101c0s13b1n0:55562:56904 [3] NCCL INFO + PCI[24.0] - PCI/83000 (11f8406811f8beef)
x3101c0s13b1n0:55562:56904 [3] NCCL INFO               + PCI[24.0] - GPU/85000 (6)
x3101c0s13b1n0:55562:56904 [3] NCCL INFO                             + NVL[88.0] - GPU/C7000
x3101c0s13b1n0:55562:56904 [3] NCCL INFO                             + NVL[88.0] - GPU/46000
x3101c0s13b1n0:55562:56904 [3] NCCL INFO                             + NVL[88.0] - GPU/7000
x3101c0s13b1n0:55562:56904 [3] NCCL INFO CPU/0 (1/2/-1)
x3101c0s13b1n0:55562:56904 [3] NCCL INFO + SYS[5000.0] - CPU/3
x3101c0s13b1n0:55562:56904 [3] NCCL INFO + SYS[5000.0] - CPU/2
x3101c0s13b1n0:55562:56904 [3] NCCL INFO + SYS[5000.0] - CPU/1
x3101c0s13b1n0:55562:56904 [3] NCCL INFO + PCI[24.0] - PCI/C5000 (11f8406811f8beef)
x3101c0s13b1n0:55562:56904 [3] NCCL INFO               + PCI[24.0] - GPU/C7000 (7)
x3101c0s13b1n0:55562:56904 [3] NCCL INFO                             + NVL[88.0] - GPU/85000
x3101c0s13b1n0:55562:56904 [3] NCCL INFO                             + NVL[88.0] - GPU/46000
x3101c0s13b1n0:55562:56904 [3] NCCL INFO                             + NVL[88.0] - GPU/7000
x3101c0s13b1n0:55562:56904 [3] NCCL INFO ==========================================
x3101c0s13b1n0:55562:56904 [3] NCCL INFO GPU/7000 :GPU/7000 (0/5000.000000/LOC) GPU/46000 (1/88.000000/NVL) GPU/85000 (1/88.000000/NVL) GPU/C7000 (1/88.000000/NVL) CPU/3 (2/24.000000/PHB) CPU/2 (3/24.000000/SYS) CPU/1 (3/24.000000/SYS) CPU/0 (3/24.000000/SYS) NET/0 (5/24.000000/SYS) 
x3101c0s13b1n0:55562:56904 [3] NCCL INFO GPU/46000 :GPU/7000 (1/88.000000/NVL) GPU/46000 (0/5000.000000/LOC) GPU/85000 (1/88.000000/NVL) GPU/C7000 (1/88.000000/NVL) CPU/3 (3/24.000000/SYS) CPU/2 (2/24.000000/PHB) CPU/1 (3/24.000000/SYS) CPU/0 (3/24.000000/SYS) NET/0 (4/24.000000/PHB) 
x3101c0s13b1n0:55562:56904 [3] NCCL INFO GPU/85000 :GPU/7000 (1/88.000000/NVL) GPU/46000 (1/88.000000/NVL) GPU/85000 (0/5000.000000/LOC) GPU/C7000 (1/88.000000/NVL) CPU/3 (3/24.000000/SYS) CPU/2 (3/24.000000/SYS) CPU/1 (2/24.000000/PHB) CPU/0 (3/24.000000/SYS) NET/0 (5/24.000000/SYS) 
x3101c0s13b1n0:55562:56904 [3] NCCL INFO GPU/C7000 :GPU/7000 (1/88.000000/NVL) GPU/46000 (1/88.000000/NVL) GPU/85000 (1/88.000000/NVL) GPU/C7000 (0/5000.000000/LOC) CPU/3 (3/24.000000/SYS) CPU/2 (3/24.000000/SYS) CPU/1 (3/24.000000/SYS) CPU/0 (2/24.000000/PHB) NET/0 (5/24.000000/SYS) 
x3101c0s13b1n0:55562:56904 [3] NCCL INFO NET/0 :GPU/7000 (5/24.000000/SYS) GPU/46000 (4/24.000000/PHB) GPU/85000 (5/24.000000/SYS) GPU/C7000 (5/24.000000/SYS) CPU/3 (3/24.000000/SYS) CPU/2 (2/24.000000/PHB) CPU/1 (3/24.000000/SYS) CPU/0 (3/24.000000/SYS) NET/0 (0/5000.000000/LOC) 
x3101c0s13b1n0:55562:56904 [3] NCCL INFO Setting affinity for GPU 3 to 01
x3101c0s13b1n0:55562:56904 [3] NCCL INFO Pattern 4, crossNic 0, nChannels 1, bw 24.000000/24.000000, type NVL/SYS, sameChannels 1
x3101c0s13b1n0:55562:56904 [3] NCCL INFO  0 : NET/0 GPU/5 GPU/4 GPU/7 GPU/6 NET/0
x3101c0s13b1n0:55562:56904 [3] NCCL INFO Pattern 1, crossNic 0, nChannels 1, bw 48.000000/24.000000, type NVL/SYS, sameChannels 1
x3101c0s13b1n0:55562:56904 [3] NCCL INFO  0 : NET/0 GPU/4 GPU/5 GPU/6 GPU/7 NET/0
x3101c0s13b1n0:55562:56904 [3] NCCL INFO Pattern 3, crossNic 0, nChannels 0, bw 0.000000/0.000000, type NVL/PIX, sameChannels 1
x3101c0s13b1n0:55560:56907 [2] NCCL INFO NET/Socket : GPU Direct RDMA Disabled for HCA 0 'hsn0'
x3101c0s13b1n0:55560:56907 [2] NCCL INFO transport/p2p.cc:151 Cuda Alloc Size 2097152 pointer 0x146b07e00000
x3101c0s13b1n0:55560:56907 [2] NCCL INFO === System : maxBw 24.0 totalBw 264.0 ===
x3101c0s13b1n0:55560:56907 [2] NCCL INFO CPU/3 (1/2/-1)
x3101c0s13b1n0:55560:56907 [2] NCCL INFO + SYS[5000.0] - CPU/2
x3101c0s13b1n0:55560:56907 [2] NCCL INFO + SYS[5000.0] - CPU/1
x3101c0s13b1n0:55560:56907 [2] NCCL INFO + SYS[5000.0] - CPU/0
x3101c0s13b1n0:55560:56907 [2] NCCL INFO + PCI[24.0] - PCI/5000 (11f8406811f8beef)
x3101c0s13b1n0:55560:56907 [2] NCCL INFO               + PCI[24.0] - GPU/7000 (4)
x3101c0s13b1n0:55560:56907 [2] NCCL INFO                             + NVL[88.0] - GPU/85000
x3101c0s13b1n0:55560:56907 [2] NCCL INFO                             + NVL[88.0] - GPU/C7000
x3101c0s13b1n0:55560:56907 [2] NCCL INFO                             + NVL[88.0] - GPU/46000
x3101c0s13b1n0:55560:56907 [2] NCCL INFO CPU/2 (1/2/-1)
x3101c0s13b1n0:55560:56907 [2] NCCL INFO + SYS[5000.0] - CPU/3
x3101c0s13b1n0:55560:56907 [2] NCCL INFO + SYS[5000.0] - CPU/1
x3101c0s13b1n0:55560:56907 [2] NCCL INFO + SYS[5000.0] - CPU/0
x3101c0s13b1n0:55560:56907 [2] NCCL INFO + PCI[24.0] - PCI/44000 (11f8406811f8beef)
x3101c0s13b1n0:55560:56907 [2] NCCL INFO               + PCI[24.0] - GPU/46000 (5)
x3101c0s13b1n0:55560:56907 [2] NCCL INFO                             + NVL[88.0] - GPU/85000
x3101c0s13b1n0:55560:56907 [2] NCCL INFO                             + NVL[88.0] - GPU/C7000
x3101c0s13b1n0:55560:56907 [2] NCCL INFO                             + NVL[88.0] - GPU/7000
x3101c0s13b1n0:55560:56907 [2] NCCL INFO + PCI[24.0] - NIC/43000
x3101c0s13b1n0:55560:56907 [2] NCCL INFO               + NET[25.0] - NET/0 (0/0/25.000000)
x3101c0s13b1n0:55560:56907 [2] NCCL INFO CPU/1 (1/2/-1)
x3101c0s13b1n0:55560:56907 [2] NCCL INFO + SYS[5000.0] - CPU/3
x3101c0s13b1n0:55560:56907 [2] NCCL INFO + SYS[5000.0] - CPU/2
x3101c0s13b1n0:55560:56907 [2] NCCL INFO + SYS[5000.0] - CPU/0
x3101c0s13b1n0:55560:56907 [2] NCCL INFO + PCI[24.0] - PCI/83000 (11f8406811f8beef)
x3101c0s13b1n0:55560:56907 [2] NCCL INFO               + PCI[24.0] - GPU/85000 (6)
x3101c0s13b1n0:55560:56907 [2] NCCL INFO                             + NVL[88.0] - GPU/C7000
x3101c0s13b1n0:55560:56907 [2] NCCL INFO                             + NVL[88.0] - GPU/46000
x3101c0s13b1n0:55560:56907 [2] NCCL INFO                             + NVL[88.0] - GPU/7000
x3101c0s13b1n0:55560:56907 [2] NCCL INFO CPU/0 (1/2/-1)
x3101c0s13b1n0:55560:56907 [2] NCCL INFO + SYS[5000.0] - CPU/3
x3101c0s13b1n0:55560:56907 [2] NCCL INFO + SYS[5000.0] - CPU/2
x3101c0s13b1n0:55560:56907 [2] NCCL INFO + SYS[5000.0] - CPU/1
x3101c0s13b1n0:55560:56907 [2] NCCL INFO + PCI[24.0] - PCI/C5000 (11f8406811f8beef)
x3101c0s13b1n0:55560:56907 [2] NCCL INFO               + PCI[24.0] - GPU/C7000 (7)
x3101c0s13b1n0:55560:56907 [2] NCCL INFO                             + NVL[88.0] - GPU/85000
x3101c0s13b1n0:55560:56907 [2] NCCL INFO                             + NVL[88.0] - GPU/46000
x3101c0s13b1n0:55560:56907 [2] NCCL INFO                             + NVL[88.0] - GPU/7000
x3101c0s13b1n0:55560:56907 [2] NCCL INFO ==========================================
x3101c0s13b1n0:55560:56907 [2] NCCL INFO GPU/7000 :GPU/7000 (0/5000.000000/LOC) GPU/46000 (1/88.000000/NVL) GPU/85000 (1/88.000000/NVL) GPU/C7000 (1/88.000000/NVL) CPU/3 (2/24.000000/PHB) CPU/2 (3/24.000000/SYS) CPU/1 (3/24.000000/SYS) CPU/0 (3/24.000000/SYS) NET/0 (5/24.000000/SYS) 
x3101c0s13b1n0:55560:56907 [2] NCCL INFO GPU/46000 :GPU/7000 (1/88.000000/NVL) GPU/46000 (0/5000.000000/LOC) GPU/85000 (1/88.000000/NVL) GPU/C7000 (1/88.000000/NVL) CPU/3 (3/24.000000/SYS) CPU/2 (2/24.000000/PHB) CPU/1 (3/24.000000/SYS) CPU/0 (3/24.000000/SYS) NET/0 (4/24.000000/PHB) 
x3101c0s13b1n0:55560:56907 [2] NCCL INFO GPU/85000 :GPU/7000 (1/88.000000/NVL) GPU/46000 (1/88.000000/NVL) GPU/85000 (0/5000.000000/LOC) GPU/C7000 (1/88.000000/NVL) CPU/3 (3/24.000000/SYS) CPU/2 (3/24.000000/SYS) CPU/1 (2/24.000000/PHB) CPU/0 (3/24.000000/SYS) NET/0 (5/24.000000/SYS) 
x3101c0s13b1n0:55560:56907 [2] NCCL INFO GPU/C7000 :GPU/7000 (1/88.000000/NVL) GPU/46000 (1/88.000000/NVL) GPU/85000 (1/88.000000/NVL) GPU/C7000 (0/5000.000000/LOC) CPU/3 (3/24.000000/SYS) CPU/2 (3/24.000000/SYS) CPU/1 (3/24.000000/SYS) CPU/0 (2/24.000000/PHB) NET/0 (5/24.000000/SYS) 
x3101c0s13b1n0:55560:56907 [2] NCCL INFO NET/0 :GPU/7000 (5/24.000000/SYS) GPU/46000 (4/24.000000/PHB) GPU/85000 (5/24.000000/SYS) GPU/C7000 (5/24.000000/SYS) CPU/3 (3/24.000000/SYS) CPU/2 (2/24.000000/PHB) CPU/1 (3/24.000000/SYS) CPU/0 (3/24.000000/SYS) NET/0 (0/5000.000000/LOC) 
x3101c0s13b1n0:55560:56907 [2] NCCL INFO Pattern 4, crossNic 0, nChannels 1, bw 24.000000/24.000000, type NVL/SYS, sameChannels 1
x3101c0s13b1n0:55560:56907 [2] NCCL INFO  0 : NET/0 GPU/5 GPU/4 GPU/7 GPU/6 NET/0
x3101c0s13b1n0:55560:56907 [2] NCCL INFO Pattern 1, crossNic 0, nChannels 1, bw 48.000000/24.000000, type NVL/SYS, sameChannels 1
x3101c0s13b1n0:55560:56907 [2] NCCL INFO  0 : NET/0 GPU/4 GPU/5 GPU/6 GPU/7 NET/0
x3101c0s13b1n0:55560:56907 [2] NCCL INFO Pattern 3, crossNic 0, nChannels 0, bw 0.000000/0.000000, type NVL/PIX, sameChannels 1
x3101c0s13b1n0:55551:56903 [0] NCCL INFO Tree 0 : 0 -> 4 -> 5/-1/-1
x3101c0s13b1n0:55551:56903 [0] NCCL INFO Tree 1 : -1 -> 4 -> 5/0/-1
x3101c0s13b1n0:55551:56903 [0] NCCL INFO Ring 00 : 5 -> 4 -> 7
x3101c0s13b1n0:55551:56903 [0] NCCL INFO Ring 01 : 5 -> 4 -> 7
x3101c0s13b1n0:55551:56903 [0] NCCL INFO Trees [0] 5/-1/-1->4->0 [1] 5/0/-1->4->-1
x3101c0s13b1n0:55551:56903 [0] NCCL INFO misc/utils.cc:235 memory stack hunk malloc(65536)
x3101c0s13b1n0:55551:56903 [0] NCCL INFO channel.cc:23 Cuda Alloc Size 3456 pointer 0x14abd9e00000
x3101c0s13b1n0:55551:56903 [0] NCCL INFO channel.cc:27 Cuda Alloc Size 32 pointer 0x14abd9e00e00
x3101c0s13b1n0:55551:56903 [0] NCCL INFO channel.cc:23 Cuda Alloc Size 3456 pointer 0x14abd9e01000
x3101c0s13b1n0:55551:56903 [0] NCCL INFO channel.cc:27 Cuda Alloc Size 32 pointer 0x14abd9e01e00
x3101c0s13b1n0:55551:56903 [0] NCCL INFO Channel 00/0 : 4[7000] -> 7[c7000] via P2P/IPC/read
x3101c0s13b1n0:55551:56988 [0] NCCL INFO Mem Realloc old size 0, new size 8 pointer 0x14abcc000c60
x3101c0s13b1n0:55551:56988 [0] NCCL INFO New proxy send connection 0 from local rank 0, transport 0
x3101c0s13b1n0:55556:56905 [1] NCCL INFO Tree 0 : 4 -> 5 -> 6/-1/-1
x3101c0s13b1n0:55556:56905 [1] NCCL INFO Tree 1 : 4 -> 5 -> 6/-1/-1
x3101c0s13b1n0:55556:56905 [1] NCCL INFO Ring 00 : 2 -> 5 -> 4
x3101c0s13b1n0:55556:56905 [1] NCCL INFO Ring 01 : 2 -> 5 -> 4
x3101c0s13b1n0:55556:56905 [1] NCCL INFO Trees [0] 6/-1/-1->5->4 [1] 6/-1/-1->5->4
x3101c0s13b1n0:55556:56905 [1] NCCL INFO misc/utils.cc:235 memory stack hunk malloc(65536)
x3101c0s13b1n0:55556:56905 [1] NCCL INFO channel.cc:23 Cuda Alloc Size 3456 pointer 0x149949e00000
x3101c0s13b1n0:55556:56905 [1] NCCL INFO channel.cc:27 Cuda Alloc Size 32 pointer 0x149949e00e00
x3101c0s13b1n0:55556:56905 [1] NCCL INFO channel.cc:23 Cuda Alloc Size 3456 pointer 0x149949e01000
x3101c0s13b1n0:55556:56905 [1] NCCL INFO channel.cc:27 Cuda Alloc Size 32 pointer 0x149949e01e00
x3101c0s13b1n0:55556:56989 [1] NCCL INFO Mem Realloc old size 0, new size 8 pointer 0x14993c000c60
x3101c0s13b1n0:55556:56989 [1] NCCL INFO Allocated 4194656 bytes of shared memory in /dev/shm/nccl-f4Iz32

x3101c0s13b1n0:55556:56989 [1] NCCL INFO New proxy recv connection 0 from local rank 1, transport 2
x3101c0s13b1n0:55556:56905 [1] NCCL INFO Connection to proxy localRank 1 -> connection 0x14993c000c80
x3101c0s13b1n0:55551:56903 [0] NCCL INFO Connection to proxy localRank 0 -> connection 0x14abcc000c80
x3101c0s13b1n0:55551:56988 [0] NCCL INFO transport/p2p.cc:430 Cuda Alloc Size 6291456 pointer 0x14abd2000000
x3101c0s13b1n0:55560:56907 [2] NCCL INFO Ring 00 : 7 -> 6 -> 1
x3101c0s13b1n0:55560:56907 [2] NCCL INFO Ring 01 : 7 -> 6 -> 1
x3101c0s13b1n0:55560:56907 [2] NCCL INFO Trees [0] 7/-1/-1->6->5 [1] 7/-1/-1->6->5
x3101c0s13b1n0:55560:56907 [2] NCCL INFO misc/utils.cc:235 memory stack hunk malloc(65536)
x3101c0s13b1n0:55560:56907 [2] NCCL INFO channel.cc:23 Cuda Alloc Size 3456 pointer 0x146b07e00000
x3101c0s13b1n0:55560:56907 [2] NCCL INFO channel.cc:27 Cuda Alloc Size 32 pointer 0x146b07e00e00
x3101c0s13b1n0:55560:56907 [2] NCCL INFO channel.cc:23 Cuda Alloc Size 3456 pointer 0x146b07e01000
x3101c0s13b1n0:55560:56907 [2] NCCL INFO channel.cc:27 Cuda Alloc Size 32 pointer 0x146b07e01e00
x3101c0s13b1n0:55560:56991 [2] NCCL INFO Mem Realloc old size 0, new size 8 pointer 0x146af8000c60
x3101c0s13b1n0:55560:56991 [2] NCCL INFO Allocated 4194656 bytes of shared memory in /dev/shm/nccl-eTdAin

x3101c0s13b1n0:55560:56991 [2] NCCL INFO New proxy send connection 0 from local rank 2, transport 2
x3101c0s13b1n0:55560:56907 [2] NCCL INFO Connection to proxy localRank 2 -> connection 0x146af8000c80
x3101c0s13b1n0:55560:56907 [2] NCCL INFO Channel 00/0 : 6[85000] -> 1[46000] [send] via NET/Socket/0
x3101c0s13b1n0:55560:56991 [2] NCCL INFO New proxy send connection 1 from local rank 2, transport 2
x3101c0s13b1n0:55562:56904 [3] NCCL INFO Ring 00 : 4 -> 7 -> 6
x3101c0s13b1n0:55562:56904 [3] NCCL INFO Ring 01 : 4 -> 7 -> 6
x3101c0s13b1n0:55562:56904 [3] NCCL INFO Trees [0] -1/-1/-1->7->6 [1] -1/-1/-1->7->6
x3101c0s13b1n0:55562:56904 [3] NCCL INFO misc/utils.cc:235 memory stack hunk malloc(65536)
x3101c0s13b1n0:55562:56904 [3] NCCL INFO channel.cc:23 Cuda Alloc Size 3456 pointer 0x151ba5e00000
x3101c0s13b1n0:55562:56904 [3] NCCL INFO channel.cc:27 Cuda Alloc Size 32 pointer 0x151ba5e00e00
x3101c0s13b1n0:55562:56904 [3] NCCL INFO channel.cc:23 Cuda Alloc Size 3456 pointer 0x151ba5e01000
x3101c0s13b1n0:55562:56904 [3] NCCL INFO channel.cc:27 Cuda Alloc Size 32 pointer 0x151ba5e01e00
x3101c0s13b1n0:55556:56905 [1] NCCL INFO Channel 00/0 : 2[85000] -> 5[46000] [receive] via NET/Socket/0
x3101c0s13b1n0:55562:56990 [3] NCCL INFO Mem Realloc old size 0, new size 8 pointer 0x151ba0000c60
x3101c0s13b1n0:55562:56990 [3] NCCL INFO New proxy recv connection 0 from local rank 3, transport 0
x3101c0s13b1n0:55556:56989 [1] NCCL INFO New proxy recv connection 1 from local rank 1, transport 2
x3101c0s13b1n0:55556:56905 [1] NCCL INFO Connection to proxy localRank 1 -> connection 0x14993c000cc0
x3101c0s13b1n0:55551:56903 [0] NCCL INFO Channel 01/0 : 4[7000] -> 7[c7000] via P2P/IPC/read
x3101c0s13b1n0:55551:56988 [0] NCCL INFO New proxy send connection 1 from local rank 0, transport 0
x3101c0s13b1n0:55562:56904 [3] NCCL INFO Connection to proxy localRank 3 -> connection 0x151ba0000c80
x3101c0s13b1n0:55562:56990 [3] NCCL INFO transport/p2p.cc:449 Cuda Alloc Size 6291456 pointer 0x151b9a000000
x3101c0s13b1n0:55560:56907 [2] NCCL INFO Connection to proxy localRank 2 -> connection 0x146af8000cc0
x3101c0s13b1n0:55560:56907 [2] NCCL INFO Channel 01/0 : 6[85000] -> 1[46000] [send] via NET/Socket/0
x3101c0s13b1n0:55551:56903 [0] NCCL INFO Connection to proxy localRank 0 -> connection 0x14abcc000cc0
x3101c0s13b1n0:55551:56988 [0] NCCL INFO transport/p2p.cc:430 Cuda Alloc Size 6291456 pointer 0x14abd2600000
x3101c0s13b1n0:55562:56990 [3] NCCL INFO New proxy recv connection 1 from local rank 3, transport 0
x3101c0s13b1n0:55556:56905 [1] NCCL INFO Channel 01/0 : 2[85000] -> 5[46000] [receive] via NET/Socket/0
x3101c0s13b1n0:55556:56989 [1] NCCL INFO transport/net.cc:698 Cuda Host Alloc Size 9641984 pointer 0x14993a000000
x3101c0s13b1n0:55562:56904 [3] NCCL INFO Connection to proxy localRank 3 -> connection 0x151ba0000cc0
x3101c0s13b1n0:55562:56990 [3] NCCL INFO transport/p2p.cc:449 Cuda Alloc Size 6291456 pointer 0x151b9a600000
x3101c0s13b1n0:55556:56989 [1] NCCL INFO transport/net.cc:698 Cuda Host Alloc Size 9641984 pointer 0x14993aa00000
x3101c0s13b1n0:55562:56904 [3] NCCL INFO Channel 00/0 : 7[c7000] -> 6[85000] via P2P/IPC/read
x3101c0s13b1n0:55551:56988 [0] NCCL INFO New proxy recv connection 2 from local rank 0, transport 0
x3101c0s13b1n0:55551:56903 [0] NCCL INFO Connection to proxy localRank 0 -> connection 0x14abcc000d00
x3101c0s13b1n0:55560:56991 [2] NCCL INFO transport/net.cc:571 Cuda Host Alloc Size 9641984 pointer 0x146af6000000
x3101c0s13b1n0:55562:56990 [3] NCCL INFO New proxy send connection 2 from local rank 3, transport 0
x3101c0s13b1n0:55551:56988 [0] NCCL INFO transport/p2p.cc:449 Cuda Alloc Size 6291456 pointer 0x14abd3800000
x3101c0s13b1n0:55560:56991 [2] NCCL INFO transport/net.cc:571 Cuda Host Alloc Size 9641984 pointer 0x146af6a00000
x3101c0s13b1n0:55556:56905 [1] NCCL INFO Channel 00/0 : 5[46000] -> 4[7000] via P2P/IPC/read
x3101c0s13b1n0:55556:56989 [1] NCCL INFO New proxy send connection 2 from local rank 1, transport 0
x3101c0s13b1n0:55551:56988 [0] NCCL INFO New proxy recv connection 3 from local rank 0, transport 0
x3101c0s13b1n0:55562:56904 [3] NCCL INFO Connection to proxy localRank 3 -> connection 0x151ba0000d00
x3101c0s13b1n0:55562:56990 [3] NCCL INFO transport/p2p.cc:430 Cuda Alloc Size 6291456 pointer 0x151b9b800000
x3101c0s13b1n0:55560:56991 [2] NCCL INFO New proxy recv connection 2 from local rank 2, transport 0
x3101c0s13b1n0:55556:56905 [1] NCCL INFO Connection to proxy localRank 1 -> connection 0x14993c000d00
x3101c0s13b1n0:55556:56989 [1] NCCL INFO transport/p2p.cc:430 Cuda Alloc Size 6291456 pointer 0x14993b400000
x3101c0s13b1n0:55556:56905 [1] NCCL INFO Channel 01/0 : 5[46000] -> 4[7000] via P2P/IPC/read
x3101c0s13b1n0:55551:56903 [0] NCCL INFO Connection to proxy localRank 0 -> connection 0x14abcc000d40
x3101c0s13b1n0:55551:56988 [0] NCCL INFO transport/p2p.cc:449 Cuda Alloc Size 6291456 pointer 0x14abca000000
x3101c0s13b1n0:55562:56904 [3] NCCL INFO Channel 01/0 : 7[c7000] -> 6[85000] via P2P/IPC/read
x3101c0s13b1n0:55562:56990 [3] NCCL INFO New proxy send connection 3 from local rank 3, transport 0
x3101c0s13b1n0:55560:56907 [2] NCCL INFO Connection to proxy localRank 2 -> connection 0x146af8000d00
x3101c0s13b1n0:55560:56991 [2] NCCL INFO transport/p2p.cc:449 Cuda Alloc Size 6291456 pointer 0x146af7400000
x3101c0s13b1n0:55556:56989 [1] NCCL INFO New proxy send connection 3 from local rank 1, transport 0
x3101c0s13b1n0:55560:56991 [2] NCCL INFO New proxy recv connection 3 from local rank 2, transport 0
x3101c0s13b1n0:55562:56904 [3] NCCL INFO Connection to proxy localRank 3 -> connection 0x151ba0000d40
x3101c0s13b1n0:55562:56990 [3] NCCL INFO transport/p2p.cc:430 Cuda Alloc Size 6291456 pointer 0x151b98000000
x3101c0s13b1n0:55556:56905 [1] NCCL INFO Connection to proxy localRank 1 -> connection 0x14993c000d40
x3101c0s13b1n0:55556:56989 [1] NCCL INFO transport/p2p.cc:430 Cuda Alloc Size 6291456 pointer 0x14993ba00000
x3101c0s13b1n0:55560:56907 [2] NCCL INFO Connection to proxy localRank 2 -> connection 0x146af8000d40
x3101c0s13b1n0:55560:56991 [2] NCCL INFO transport/p2p.cc:449 Cuda Alloc Size 6291456 pointer 0x146af7a00000
x3101c0s13b1n0:55556:56905 [1] NCCL INFO Connected all rings
x3101c0s13b1n0:55556:56989 [1] NCCL INFO New proxy recv connection 4 from local rank 1, transport 0
x3101c0s13b1n0:55551:56903 [0] NCCL INFO Connected all rings
x3101c0s13b1n0:55551:56903 [0] NCCL INFO Channel 00/0 : 4[7000] -> 5[46000] via P2P/IPC/read
x3101c0s13b1n0:55551:56988 [0] NCCL INFO New proxy send connection 4 from local rank 0, transport 0
x3101c0s13b1n0:55560:56907 [2] NCCL INFO Connected all rings
x3101c0s13b1n0:55562:56904 [3] NCCL INFO Connected all rings
x3101c0s13b1n0:55562:56990 [3] NCCL INFO New proxy recv connection 4 from local rank 3, transport 0
x3101c0s13b1n0:55560:56991 [2] NCCL INFO New proxy recv connection 4 from local rank 2, transport 0
x3101c0s13b1n0:55560:56907 [2] NCCL INFO Connection to proxy localRank 2 -> connection 0x146af8000d80
x3101c0s13b1n0:55562:56904 [3] NCCL INFO Connection to proxy localRank 3 -> connection 0x151ba0000d80
x3101c0s13b1n0:55562:56990 [3] NCCL INFO transport/p2p.cc:449 Cuda Alloc Size 6291456 pointer 0x151b99200000
x3101c0s13b1n0:55551:56903 [0] NCCL INFO Connection to proxy localRank 0 -> connection 0x14abcc000d80
x3101c0s13b1n0:55551:56988 [0] NCCL INFO transport/p2p.cc:430 Cuda Alloc Size 6291456 pointer 0x14abcb200000
x3101c0s13b1n0:55556:56905 [1] NCCL INFO Connection to proxy localRank 1 -> connection 0x14993c000d80
x3101c0s13b1n0:55556:56989 [1] NCCL INFO transport/p2p.cc:449 Cuda Alloc Size 6291456 pointer 0x149938c00000
x3101c0s13b1n0:55562:56990 [3] NCCL INFO New proxy recv connection 5 from local rank 3, transport 0
x3101c0s13b1n0:55551:56903 [0] NCCL INFO Channel 01/0 : 4[7000] -> 5[46000] via P2P/IPC/read
x3101c0s13b1n0:55551:56988 [0] NCCL INFO New proxy send connection 5 from local rank 0, transport 0
x3101c0s13b1n0:55560:56991 [2] NCCL INFO transport/p2p.cc:449 Cuda Alloc Size 6291456 pointer 0x146af4c00000
x3101c0s13b1n0:55556:56989 [1] NCCL INFO New proxy recv connection 5 from local rank 1, transport 0
x3101c0s13b1n0:55560:56991 [2] NCCL INFO New proxy recv connection 5 from local rank 2, transport 0
x3101c0s13b1n0:55551:56903 [0] NCCL INFO Connection to proxy localRank 0 -> connection 0x14abcc000dc0
x3101c0s13b1n0:55551:56988 [0] NCCL INFO transport/p2p.cc:430 Cuda Alloc Size 6291456 pointer 0x14abcb800000
x3101c0s13b1n0:55562:56904 [3] NCCL INFO Connection to proxy localRank 3 -> connection 0x151ba0000dc0
x3101c0s13b1n0:55562:56990 [3] NCCL INFO transport/p2p.cc:449 Cuda Alloc Size 6291456 pointer 0x151b99800000
x3101c0s13b1n0:55556:56905 [1] NCCL INFO Connection to proxy localRank 1 -> connection 0x14993c000dc0
x3101c0s13b1n0:55556:56989 [1] NCCL INFO transport/p2p.cc:449 Cuda Alloc Size 6291456 pointer 0x149939200000
x3101c0s13b1n0:55560:56907 [2] NCCL INFO Connection to proxy localRank 2 -> connection 0x146af8000dc0
x3101c0s13b1n0:55560:56991 [2] NCCL INFO transport/p2p.cc:449 Cuda Alloc Size 6291456 pointer 0x146af5200000
x3101c0s13b1n0:55556:56905 [1] NCCL INFO Channel 00/0 : 5[46000] -> 6[85000] via P2P/IPC/read
x3101c0s13b1n0:55556:56989 [1] NCCL INFO New proxy send connection 6 from local rank 1, transport 0
x3101c0s13b1n0:55560:56907 [2] NCCL INFO Channel 00/0 : 6[85000] -> 7[c7000] via P2P/IPC/read
x3101c0s13b1n0:55560:56991 [2] NCCL INFO New proxy send connection 6 from local rank 2, transport 0
x3101c0s13b1n0:55556:56905 [1] NCCL INFO Connection to proxy localRank 1 -> connection 0x14993c000e00
x3101c0s13b1n0:55556:56989 [1] NCCL INFO transport/p2p.cc:430 Cuda Alloc Size 6291456 pointer 0x149939800000
x3101c0s13b1n0:55556:56905 [1] NCCL INFO Channel 01/0 : 5[46000] -> 6[85000] via P2P/IPC/read
x3101c0s13b1n0:55556:56989 [1] NCCL INFO New proxy send connection 7 from local rank 1, transport 0
x3101c0s13b1n0:55560:56907 [2] NCCL INFO Connection to proxy localRank 2 -> connection 0x146af8000e00
x3101c0s13b1n0:55560:56991 [2] NCCL INFO transport/p2p.cc:430 Cuda Alloc Size 6291456 pointer 0x146af5800000
x3101c0s13b1n0:55560:56907 [2] NCCL INFO Channel 01/0 : 6[85000] -> 7[c7000] via P2P/IPC/read
x3101c0s13b1n0:55560:56991 [2] NCCL INFO New proxy send connection 7 from local rank 2, transport 0
x3101c0s13b1n0:55556:56905 [1] NCCL INFO Connection to proxy localRank 1 -> connection 0x14993c000e40
x3101c0s13b1n0:55556:56989 [1] NCCL INFO transport/p2p.cc:430 Cuda Alloc Size 6291456 pointer 0x149936000000
x3101c0s13b1n0:55560:56907 [2] NCCL INFO Connection to proxy localRank 2 -> connection 0x146af8000e40
x3101c0s13b1n0:55560:56991 [2] NCCL INFO transport/p2p.cc:430 Cuda Alloc Size 6291456 pointer 0x146af2000000
x3101c0s13b1n0:55551:56988 [0] NCCL INFO Allocated 4194656 bytes of shared memory in /dev/shm/nccl-qAJOSI

x3101c0s13b1n0:55551:56988 [0] NCCL INFO New proxy recv connection 6 from local rank 0, transport 2
x3101c0s13b1n0:55551:56903 [0] NCCL INFO Connection to proxy localRank 0 -> connection 0x14abcc000e00
x3101c0s13b1n0:55560:56907 [2] NCCL INFO Channel 00/0 : 6[85000] -> 5[46000] via P2P/IPC/read
x3101c0s13b1n0:55562:56904 [3] NCCL INFO Connected all trees by HAO
x3101c0s13b1n0:55562:56904 [3] NCCL INFO threadThresholds 8/8/64 | 64/8/64 | 512 | 512
x3101c0s13b1n0:55562:56904 [3] NCCL INFO 2 coll channels, 2 p2p channels, 2 p2p channels per peer
x3101c0s13b1n0:55562:56990 [3] NCCL INFO Allocated 4194656 bytes of shared memory in /dev/shm/nccl-2vVZoy

x3101c0s13b1n0:55562:56990 [3] NCCL INFO New proxy send connection 6 from local rank 3, transport 2
x3101c0s13b1n0:55560:56991 [2] NCCL INFO New proxy send connection 8 from local rank 2, transport 0
x3101c0s13b1n0:55556:56989 [1] NCCL INFO New proxy recv connection 8 from local rank 1, transport 0
x3101c0s13b1n0:55556:56905 [1] NCCL INFO Connection to proxy localRank 1 -> connection 0x14993c000e80
x3101c0s13b1n0:55562:56904 [3] NCCL INFO Connection to proxy localRank 3 -> connection 0x151ba0000e00
x3101c0s13b1n0:55560:56907 [2] NCCL INFO Connection to proxy localRank 2 -> connection 0x146af8000e80
x3101c0s13b1n0:55560:56991 [2] NCCL INFO transport/p2p.cc:430 Cuda Alloc Size 6291456 pointer 0x146af0000000
x3101c0s13b1n0:55551:56903 [0] NCCL INFO Channel 00/0 : 0[7000] -> 4[7000] [receive] via NET/Socket/0
x3101c0s13b1n0:55551:56988 [0] NCCL INFO New proxy recv connection 7 from local rank 0, transport 2
x3101c0s13b1n0:55562:56990 [3] NCCL INFO transport/net.cc:376 Cuda Alloc Size 4194304 pointer 0x151b96c00000
x3101c0s13b1n0:55560:56907 [2] NCCL INFO Channel 01/0 : 6[85000] -> 5[46000] via P2P/IPC/read
x3101c0s13b1n0:55560:56991 [2] NCCL INFO New proxy send connection 9 from local rank 2, transport 0
x3101c0s13b1n0:55556:56989 [1] NCCL INFO transport/p2p.cc:449 Cuda Alloc Size 6291456 pointer 0x149934000000
x3101c0s13b1n0:55551:56903 [0] NCCL INFO Connection to proxy localRank 0 -> connection 0x14abcc000e40
x3101c0s13b1n0:55556:56989 [1] NCCL INFO New proxy recv connection 9 from local rank 1, transport 0
x3101c0s13b1n0:55560:56907 [2] NCCL INFO Connection to proxy localRank 2 -> connection 0x146af8000ec0
x3101c0s13b1n0:55560:56991 [2] NCCL INFO transport/p2p.cc:430 Cuda Alloc Size 6291456 pointer 0x146af0600000
x3101c0s13b1n0:55551:56903 [0] NCCL INFO Channel 01/0 : 0[7000] -> 4[7000] [receive] via NET/Socket/0
x3101c0s13b1n0:55551:56988 [0] NCCL INFO New proxy send connection 8 from local rank 0, transport 2
x3101c0s13b1n0:55556:56905 [1] NCCL INFO Connection to proxy localRank 1 -> connection 0x14993c000ec0
x3101c0s13b1n0:55556:56989 [1] NCCL INFO transport/p2p.cc:449 Cuda Alloc Size 6291456 pointer 0x149934600000
x3101c0s13b1n0:55556:56905 [1] NCCL INFO Connected all trees by HAO
x3101c0s13b1n0:55556:56905 [1] NCCL INFO threadThresholds 8/8/64 | 64/8/64 | 512 | 512
x3101c0s13b1n0:55556:56905 [1] NCCL INFO 2 coll channels, 2 p2p channels, 2 p2p channels per peer
x3101c0s13b1n0:55560:56907 [2] NCCL INFO Connected all trees by HAO
x3101c0s13b1n0:55560:56907 [2] NCCL INFO threadThresholds 8/8/64 | 64/8/64 | 512 | 512
x3101c0s13b1n0:55560:56907 [2] NCCL INFO 2 coll channels, 2 p2p channels, 2 p2p channels per peer
x3101c0s13b1n0:55560:56991 [2] NCCL INFO New proxy send connection 10 from local rank 2, transport 2
x3101c0s13b1n0:55556:56989 [1] NCCL INFO New proxy send connection 10 from local rank 1, transport 2
x3101c0s13b1n0:55560:56907 [2] NCCL INFO Connection to proxy localRank 2 -> connection 0x146af8000f00
x3101c0s13b1n0:55560:56991 [2] NCCL INFO transport/net.cc:376 Cuda Alloc Size 4194304 pointer 0x146af1800000
x3101c0s13b1n0:55551:56903 [0] NCCL INFO Connection to proxy localRank 0 -> connection 0x14abcc000e80
x3101c0s13b1n0:55551:56903 [0] NCCL INFO Channel 00/0 : 4[7000] -> 0[7000] [send] via NET/Socket/0
x3101c0s13b1n0:55551:56988 [0] NCCL INFO New proxy send connection 9 from local rank 0, transport 2
x3101c0s13b1n0:55551:56903 [0] NCCL INFO Connection to proxy localRank 0 -> connection 0x14abcc000ec0
x3101c0s13b1n0:55551:56903 [0] NCCL INFO Channel 01/0 : 4[7000] -> 0[7000] [send] via NET/Socket/0
x3101c0s13b1n0:55551:56988 [0] NCCL INFO transport/net.cc:571 Cuda Host Alloc Size 9641984 pointer 0x14abc8c00000
x3101c0s13b1n0:55556:56905 [1] NCCL INFO Connection to proxy localRank 1 -> connection 0x14993c000f00
x3101c0s13b1n0:55556:56989 [1] NCCL INFO transport/net.cc:376 Cuda Alloc Size 4194304 pointer 0x149935800000
x3101c0s13b1n0:55551:56988 [0] NCCL INFO transport/net.cc:571 Cuda Host Alloc Size 9641984 pointer 0x14abc9600000
x3101c0s13b1n0:55551:56988 [0] NCCL INFO transport/net.cc:698 Cuda Host Alloc Size 9641984 pointer 0x14abc2000000
x3101c0s13b1n0:55551:56988 [0] NCCL INFO transport/net.cc:698 Cuda Host Alloc Size 9641984 pointer 0x14abc2a00000
x3101c0s13b1n0:55551:56903 [0] NCCL INFO Connected all trees by HAO
x3101c0s13b1n0:55551:56903 [0] NCCL INFO threadThresholds 8/8/64 | 64/8/64 | 512 | 512
x3101c0s13b1n0:55551:56903 [0] NCCL INFO 2 coll channels, 2 p2p channels, 2 p2p channels per peer
x3101c0s13b1n0:55551:56988 [0] NCCL INFO New proxy send connection 10 from local rank 0, transport 2
x3101c0s13b1n0:55551:56903 [0] NCCL INFO Connection to proxy localRank 0 -> connection 0x14abcc000f00
x3101c0s13b1n0:55556:56905 [1] NCCL INFO init.cc:367 Cuda Alloc Size 5168 pointer 0x149949e02000
x3101c0s13b1n0:55551:56988 [0] NCCL INFO transport/net.cc:376 Cuda Alloc Size 4194304 pointer 0x14abc3400000
x3101c0s13b1n0:55562:56904 [3] NCCL INFO init.cc:367 Cuda Alloc Size 5168 pointer 0x151ba5e02000
x3101c0s13b1n0:55551:56903 [0] NCCL INFO init.cc:367 Cuda Alloc Size 5168 pointer 0x14abd9e02000
x3101c0s13b1n0:55556:56905 [1] NCCL INFO init.cc:392 Cuda Host Alloc Size 33554432 pointer 0x149932000000
x3101c0s13b1n0:55556:56905 [1] NCCL INFO init.cc:398 Cuda Host Alloc Size 128 pointer 0x149949400200
x3101c0s13b1n0:55556:56905 [1] NCCL INFO comm 0x5626332b6dc0 rank 5 nranks 8 cudaDev 1 busId 46000 - Init COMPLETE
x3101c0s13b1n0:55562:56904 [3] NCCL INFO init.cc:392 Cuda Host Alloc Size 33554432 pointer 0x151b8e000000
x3101c0s13b1n0:55562:56904 [3] NCCL INFO init.cc:398 Cuda Host Alloc Size 128 pointer 0x151ba5400200
x3101c0s13b1n0:55562:56904 [3] NCCL INFO comm 0x55cd8b7a7370 rank 7 nranks 8 cudaDev 3 busId c7000 - Init COMPLETE
x3101c0s13b1n0:55551:56903 [0] NCCL INFO init.cc:392 Cuda Host Alloc Size 33554432 pointer 0x14abc0000000
x3101c0s13b1n0:55551:56903 [0] NCCL INFO init.cc:398 Cuda Host Alloc Size 128 pointer 0x14abd9400200
x3101c0s13b1n0:55551:56903 [0] NCCL INFO comm 0x56123922c370 rank 4 nranks 8 cudaDev 0 busId 7000 - Init COMPLETE
x3101c0s13b1n0:55560:56907 [2] NCCL INFO init.cc:367 Cuda Alloc Size 5168 pointer 0x146b07e02000
x3101c0s13b1n0:55560:56907 [2] NCCL INFO init.cc:392 Cuda Host Alloc Size 33554432 pointer 0x146aee000000
x3101c0s13b1n0:55560:56907 [2] NCCL INFO init.cc:398 Cuda Host Alloc Size 128 pointer 0x146b07400200
x3101c0s13b1n0:55560:56907 [2] NCCL INFO comm 0x563e1baac0c0 rank 6 nranks 8 cudaDev 2 busId 85000 - Init COMPLETE
x3101c0s13b1n0:55562:55562 [3] NCCL INFO AllReduce: opCount 0 sendbuff 0x151be3c00200 recvbuff 0x151be3c00200 count 1 datatype 1 op 0 root 0 comm 0x55cd8b7a7370 [nranks=8] stream 0x55cd8ab30c80
x3101c0s13b1n0:55562:55562 [3] NCCL INFO misc/utils.cc:235 memory stack hunk malloc(65536)
[LYD INFO in ncclLaunchKernel (enqueue.cc)] NCHANNELS is: 2x3101c0s13b1n0:55556:55556 [1] NCCL INFO AllReduce: opCount 0 sendbuff 0x149987c00200 recvbuff 0x149987c00200 count 1 datatype 1 op 0 root 0 comm 0x5626332b6dc0 [nranks=8] stream 0x56263261fd80
x3101c0s13b1n0:55556:55556 [1] NCCL INFO misc/utils.cc:235 memory stack hunk malloc(65536)
[LYD INFO in ncclLaunchKernel (enqueue.cc)] NCHANNELS is: 2x3101c0s13b1n0:55560:55560 [2] NCCL INFO AllReduce: opCount 0 sendbuff 0x146b47c00200 recvbuff 0x146b47c00200 count 1 datatype 1 op 0 root 0 comm 0x563e1baac0c0 [nranks=8] stream 0x563e1ae571e0
x3101c0s13b1n0:55560:55560 [2] NCCL INFO misc/utils.cc:235 memory stack hunk malloc(65536)
[LYD INFO in ncclLaunchKernel (enqueue.cc)] NCHANNELS is: 2x3101c0s13b1n0:55551:55551 [0] NCCL INFO AllReduce: opCount 0 sendbuff 0x14ac17c00200 recvbuff 0x14ac17c00200 count 1 datatype 1 op 0 root 0 comm 0x56123922c370 [nranks=8] stream 0x5612385b5c80
x3101c0s13b1n0:55551:55551 [0] NCCL INFO misc/utils.cc:235 memory stack hunk malloc(65536)
[LYD INFO in ncclLaunchKernel (enqueue.cc)] NCHANNELS is: 2
[LYD INFO in NCCL_KERN_NAME (common.h)] 4 AllReduce TREE LL Sum uint8_t Elapsed time: 980 us

[LYD INFO in NCCL_KERN_NAME (common.h)] 7 AllReduce TREE LL Sum uint8_t Elapsed time: 31280 us

[LYD INFO in NCCL_KERN_NAME (common.h)] 5 AllReduce TREE LL Sum uint8_t Elapsed time: 23447 us

[LYD INFO in NCCL_KERN_NAME (common.h)] 6 AllReduce TREE LL Sum uint8_t Elapsed time: 14596 us
x3101c0s13b1n0:55562:55562 [3] NCCL INFO AllReduce: opCount 1 sendbuff 0x151be3c00000 recvbuff 0x151be3c00000 count 1 datatype 1 op 0 root 0 comm 0x55cd8b7a7370 [nranks=8] stream 0x55cd8ab30c80
[LYD INFO in ncclLaunchKernel (enqueue.cc)] NCHANNELS is: 2x3101c0s13b1n0:55556:55556 [1] NCCL INFO AllReduce: opCount 1 sendbuff 0x149987c00000 recvbuff 0x149987c00000 count 1 datatype 1 op 0 root 0 comm 0x5626332b6dc0 [nranks=8] stream 0x56263261fd80
[LYD INFO in ncclLaunchKernel (enqueue.cc)] NCHANNELS is: 2x3101c0s13b1n0:55551:55551 [0] NCCL INFO AllReduce: opCount 1 sendbuff 0x14ac17c00000 recvbuff 0x14ac17c00000 count 1 datatype 1 op 0 root 0 comm 0x56123922c370 [nranks=8] stream 0x5612385b5c80
[LYD INFO in ncclLaunchKernel (enqueue.cc)] NCHANNELS is: 2x3101c0s13b1n0:55560:55560 [2] NCCL INFO AllReduce: opCount 1 sendbuff 0x146b47c00000 recvbuff 0x146b47c00000 count 1 datatype 1 op 0 root 0 comm 0x563e1baac0c0 [nranks=8] stream 0x563e1ae571e0
[LYD INFO in ncclLaunchKernel (enqueue.cc)] NCHANNELS is: 2
[LYD INFO in NCCL_KERN_NAME (common.h)] 4 AllReduce TREE LL Sum uint8_t Elapsed time: 3489606 us

[LYD INFO in NCCL_KERN_NAME (common.h)] 6 AllReduce TREE LL Sum uint8_t Elapsed time: 2714137 us

[LYD INFO in NCCL_KERN_NAME (common.h)] 5 AllReduce TREE LL Sum uint8_t Elapsed time: 4440253 us

[LYD INFO in NCCL_KERN_NAME (common.h)] 7 AllReduce TREE LL Sum uint8_t Elapsed time: 6878802 us
x3101c0s13b1n0:55562:55562 [3] NCCL INFO AllReduce: opCount 2 sendbuff 0x151be3c00000 recvbuff 0x151be3c00000 count 1 datatype 8 op 3 root 0 comm 0x55cd8b7a7370 [nranks=8] stream 0x55cd8ab30c80
[LYD INFO in ncclLaunchKernel (enqueue.cc)] NCHANNELS is: 2x3101c0s13b1n0:55556:55556 [1] NCCL INFO AllReduce: opCount 2 sendbuff 0x149987c00000 recvbuff 0x149987c00000 count 1 datatype 8 op 3 root 0 comm 0x5626332b6dc0 [nranks=8] stream 0x56263261fd80
