x3001c0s31b0n0:46259:52263 [0] NCCL INFO channel.cc:23 Cuda Alloc Size 768 pointer 0x153f17a6f000
x3001c0s31b0n0:46259:52263 [0] NCCL INFO channel.cc:27 Cuda Alloc Size 4 pointer 0x153f17a6f400
x3001c0s31b0n0:46259:52263 [0] NCCL INFO channel.cc:23 Cuda Alloc Size 768 pointer 0x153f17a6f600
x3001c0s31b0n0:46259:52263 [0] NCCL INFO channel.cc:27 Cuda Alloc Size 4 pointer 0x153f17a6fa00
x3001c0s31b0n0:46259:52263 [0] NCCL INFO channel.cc:23 Cuda Alloc Size 768 pointer 0x153f17a6fc00
x3001c0s31b0n0:46259:52263 [0] NCCL INFO channel.cc:27 Cuda Alloc Size 4 pointer 0x153f17a70000
x3001c0s31b0n0:46259:52263 [0] NCCL INFO channel.cc:23 Cuda Alloc Size 768 pointer 0x153f17a70200
x3001c0s31b0n0:46259:52263 [0] NCCL INFO channel.cc:27 Cuda Alloc Size 4 pointer 0x153f17a70600
x3001c0s31b0n0:46259:52263 [0] NCCL INFO channel.cc:23 Cuda Alloc Size 768 pointer 0x153f17a70800
x3001c0s31b0n0:46259:52263 [0] NCCL INFO channel.cc:27 Cuda Alloc Size 4 pointer 0x153f17a70c00
x3001c0s31b0n0:46259:52263 [0] NCCL INFO channel.cc:23 Cuda Alloc Size 768 pointer 0x153f17a70e00
x3001c0s31b0n0:46259:52263 [0] NCCL INFO channel.cc:27 Cuda Alloc Size 4 pointer 0x153f17a71200
x3001c0s31b0n0:46259:52263 [0] NCCL INFO channel.cc:23 Cuda Alloc Size 768 pointer 0x153f17a71400
x3001c0s31b0n0:46259:52263 [0] NCCL INFO channel.cc:27 Cuda Alloc Size 4 pointer 0x153f17a71800
x3001c0s31b0n0:46259:52263 [0] NCCL INFO channel.cc:23 Cuda Alloc Size 768 pointer 0x153f17a71a00
x3001c0s31b0n0:46259:52263 [0] NCCL INFO channel.cc:27 Cuda Alloc Size 4 pointer 0x153f17a71e00
x3001c0s31b0n0:46259:52263 [0] NCCL INFO channel.cc:23 Cuda Alloc Size 768 pointer 0x153f17a72000
x3001c0s31b0n0:46259:52263 [0] NCCL INFO channel.cc:27 Cuda Alloc Size 4 pointer 0x153f17a72400
x3001c0s31b0n0:46259:52263 [0] NCCL INFO channel.cc:23 Cuda Alloc Size 768 pointer 0x153f17a72600
x3001c0s31b0n0:46259:52263 [0] NCCL INFO channel.cc:27 Cuda Alloc Size 4 pointer 0x153f17a72a00
x3001c0s31b0n0:46259:52263 [0] NCCL INFO channel.cc:23 Cuda Alloc Size 768 pointer 0x153f17a72c00
x3001c0s31b0n0:46259:52263 [0] NCCL INFO channel.cc:27 Cuda Alloc Size 4 pointer 0x153f17a73000
x3001c0s31b0n0:46259:52263 [0] NCCL INFO channel.cc:23 Cuda Alloc Size 768 pointer 0x153f17a73200
x3001c0s31b0n0:46259:52263 [0] NCCL INFO channel.cc:27 Cuda Alloc Size 4 pointer 0x153f17a73600
x3001c0s31b0n0:46259:52263 [0] NCCL INFO channel.cc:23 Cuda Alloc Size 768 pointer 0x153f17a73800
x3001c0s31b0n0:46259:52263 [0] NCCL INFO channel.cc:27 Cuda Alloc Size 4 pointer 0x153f17a73c00
x3001c0s31b0n0:46259:52263 [0] NCCL INFO channel.cc:23 Cuda Alloc Size 768 pointer 0x153f17a73e00
x3001c0s31b0n0:46259:52263 [0] NCCL INFO channel.cc:27 Cuda Alloc Size 4 pointer 0x153f17a74200
x3001c0s31b0n0:46259:52263 [0] NCCL INFO channel.cc:23 Cuda Alloc Size 768 pointer 0x153f17a74400
x3001c0s31b0n0:46259:52263 [0] NCCL INFO channel.cc:27 Cuda Alloc Size 4 pointer 0x153f17a74800
x3001c0s31b0n0:46259:52263 [0] NCCL INFO channel.cc:23 Cuda Alloc Size 768 pointer 0x153f17a74a00
x3001c0s31b0n0:46259:52263 [0] NCCL INFO channel.cc:27 Cuda Alloc Size 4 pointer 0x153f17a74e00
x3001c0s31b0n0:46259:52263 [0] NCCL INFO channel.cc:23 Cuda Alloc Size 768 pointer 0x153f17a75000
x3001c0s31b0n0:46259:52263 [0] NCCL INFO channel.cc:27 Cuda Alloc Size 4 pointer 0x153f17a75400
x3001c0s31b0n0:46259:52263 [0] NCCL INFO channel.cc:23 Cuda Alloc Size 768 pointer 0x153f17a75600
x3001c0s31b0n0:46259:52263 [0] NCCL INFO channel.cc:27 Cuda Alloc Size 4 pointer 0x153f17a75a00
x3001c0s31b0n0:46259:52263 [0] NCCL INFO channel.cc:23 Cuda Alloc Size 768 pointer 0x153f17a75c00
x3001c0s31b0n0:46259:52263 [0] NCCL INFO channel.cc:27 Cuda Alloc Size 4 pointer 0x153f17a76000
x3001c0s31b0n0:46259:52263 [0] NCCL INFO channel.cc:23 Cuda Alloc Size 768 pointer 0x153f17a76200
x3001c0s31b0n0:46259:52263 [0] NCCL INFO channel.cc:27 Cuda Alloc Size 4 pointer 0x153f17a76600
x3001c0s31b0n0:46259:52263 [0] NCCL INFO channel.cc:23 Cuda Alloc Size 768 pointer 0x153f17a76800
x3001c0s31b0n0:46259:52263 [0] NCCL INFO channel.cc:27 Cuda Alloc Size 4 pointer 0x153f17a76c00
x3001c0s31b0n0:46259:52263 [0] NCCL INFO channel.cc:23 Cuda Alloc Size 768 pointer 0x153f17a76e00
x3001c0s31b0n0:46259:52263 [0] NCCL INFO channel.cc:27 Cuda Alloc Size 4 pointer 0x153f17a77200
x3001c0s31b0n0:46259:52263 [0] NCCL INFO channel.cc:23 Cuda Alloc Size 768 pointer 0x153f17a77400
x3001c0s31b0n0:46259:52263 [0] NCCL INFO channel.cc:27 Cuda Alloc Size 4 pointer 0x153f17a77800
x3001c0s31b0n0:46259:52263 [0] NCCL INFO channel.cc:23 Cuda Alloc Size 768 pointer 0x153f17a77a00
x3001c0s31b0n0:46259:52263 [0] NCCL INFO channel.cc:27 Cuda Alloc Size 4 pointer 0x153f17a77e00
x3001c0s31b0n0:46259:52263 [0] NCCL INFO channel.cc:23 Cuda Alloc Size 768 pointer 0x153f17a78000
x3001c0s31b0n0:46259:52263 [0] NCCL INFO channel.cc:27 Cuda Alloc Size 4 pointer 0x153f17a78400
x3001c0s31b0n0:46259:52263 [0] NCCL INFO channel.cc:23 Cuda Alloc Size 768 pointer 0x153f17a78600
x3001c0s31b0n0:46259:52263 [0] NCCL INFO channel.cc:27 Cuda Alloc Size 4 pointer 0x153f17a78a00
x3001c0s31b0n0:46259:52263 [0] NCCL INFO channel.cc:23 Cuda Alloc Size 768 pointer 0x153f17a78c00
x3001c0s31b0n0:46259:52263 [0] NCCL INFO channel.cc:27 Cuda Alloc Size 4 pointer 0x153f17a79000
x3001c0s31b0n0:46259:52263 [0] NCCL INFO channel.cc:23 Cuda Alloc Size 768 pointer 0x153f17a79200
x3001c0s31b0n0:46259:52263 [0] NCCL INFO channel.cc:27 Cuda Alloc Size 4 pointer 0x153f17a79600
x3001c0s31b0n0:46259:52263 [0] NCCL INFO channel.cc:23 Cuda Alloc Size 768 pointer 0x153f17a79800
x3001c0s31b0n0:46259:52263 [0] NCCL INFO channel.cc:27 Cuda Alloc Size 4 pointer 0x153f17a79c00
x3001c0s31b0n0:46259:52263 [0] NCCL INFO channel.cc:23 Cuda Alloc Size 768 pointer 0x153f17a79e00
x3001c0s31b0n0:46259:52263 [0] NCCL INFO channel.cc:27 Cuda Alloc Size 4 pointer 0x153f17a7a200
x3001c0s31b0n0:46259:52263 [0] NCCL INFO channel.cc:23 Cuda Alloc Size 768 pointer 0x153f17a7a400
x3001c0s31b0n0:46259:52263 [0] NCCL INFO channel.cc:27 Cuda Alloc Size 4 pointer 0x153f17a7a800
x3001c0s31b0n0:46259:52263 [0] NCCL INFO channel.cc:23 Cuda Alloc Size 768 pointer 0x153f17a7aa00
x3001c0s31b0n0:46259:52263 [0] NCCL INFO channel.cc:27 Cuda Alloc Size 4 pointer 0x153f17a7ae00
x3001c0s31b0n0:46259:52263 [0] NCCL INFO Connected all rings
x3001c0s31b0n0:46259:52263 [0] NCCL INFO Connected all trees by HAO
x3001c0s31b0n0:46259:52263 [0] NCCL INFO 32 coll channels, 32 p2p channels, 32 p2p channels per peer
x3001c0s31b0n0:46262:52268 [3] NCCL INFO Mem Realloc old size 0, new size 8 pointer 0x14e8a0000cf0
x3001c0s31b0n0:46262:52268 [3] NCCL INFO Allocated 4194656 bytes of shared memory in /dev/shm/nccl-2MeWCl

x3001c0s31b0n0:46262:52268 [3] NCCL INFO New proxy send connection 0 from local rank 0, transport 2
x3001c0s31b0n0:46261:52264 [2] NCCL INFO Connection to proxy localRank 0 -> connection 0x14d5b4000d10
x3001c0s31b0n0:46261:52264 [2] NCCL INFO init.cc:367 Cuda Alloc Size 5168 pointer 0x14dea787b000
x3001c0s31b0n0:46262:52259 [3] NCCL INFO Connection to proxy localRank 0 -> connection 0x14e8a0000d10
x3001c0s31b0n0:46262:52259 [3] NCCL INFO init.cc:367 Cuda Alloc Size 5168 pointer 0x14f1afe7b000
x3001c0s31b0n0:46259:52273 [0] NCCL INFO Mem Realloc old size 0, new size 8 pointer 0x153628000cf0
x3001c0s31b0n0:46259:52273 [0] NCCL INFO Allocated 4194656 bytes of shared memory in /dev/shm/nccl-hMvnr6

x3001c0s31b0n0:46259:52273 [0] NCCL INFO New proxy send connection 0 from local rank 0, transport 2
x3001c0s31b0n0:46260:52272 [1] NCCL INFO Mem Realloc old size 0, new size 8 pointer 0x14da54000cf0
x3001c0s31b0n0:46260:52272 [1] NCCL INFO Allocated 4194656 bytes of shared memory in /dev/shm/nccl-Efuowc

x3001c0s31b0n0:46260:52272 [1] NCCL INFO New proxy send connection 0 from local rank 0, transport 2
x3001c0s31b0n0:46261:52264 [2] NCCL INFO init.cc:392 Cuda Host Alloc Size 33554432 pointer 0x14d5b2000000
x3001c0s31b0n0:46261:52264 [2] NCCL INFO init.cc:398 Cuda Host Alloc Size 128 pointer 0x14dea6e91200
x3001c0s31b0n0:46261:52264 [2] NCCL INFO comm 0x55d128765340 rank 0 nranks 1 cudaDev 2 busId 85000 - Init COMPLETE
x3001c0s31b0n0:46261:52265 [2] NCCL INFO transport/net.cc:376 Cuda Alloc Size 67108864 pointer 0x14d5a8000000
x3001c0s31b0n0:46262:52268 [3] NCCL INFO transport/net.cc:376 Cuda Alloc Size 67108864 pointer 0x14e894000000
x3001c0s31b0n0:46262:52259 [3] NCCL INFO init.cc:392 Cuda Host Alloc Size 33554432 pointer 0x14e89e000000
x3001c0s31b0n0:46262:52259 [3] NCCL INFO init.cc:398 Cuda Host Alloc Size 128 pointer 0x14f1af491200
x3001c0s31b0n0:46262:52259 [3] NCCL INFO comm 0x557295e093b0 rank 0 nranks 1 cudaDev 3 busId c7000 - Init COMPLETE
x3001c0s31b0n0:46259:52263 [0] NCCL INFO Connection to proxy localRank 0 -> connection 0x153628000d10
x3001c0s31b0n0:46259:52263 [0] NCCL INFO init.cc:367 Cuda Alloc Size 5168 pointer 0x153f17a7b000
x3001c0s31b0n0:46260:52261 [1] NCCL INFO Connection to proxy localRank 0 -> connection 0x14da54000d10
x3001c0s31b0n0:46260:52261 [1] NCCL INFO init.cc:367 Cuda Alloc Size 5168 pointer 0x14e34587b000
[Hao INFO in ncclAllReduce (all_reduce.cc)] rank 3 ncclAllReduce: count: 1, datatype: ncclFloat32/ncclFloat, message size: 4 Bytes
x3001c0s31b0n0:46262:46262 [3] NCCL INFO AllReduce: opCount 0 sendbuff 0x14f1aafbf200 recvbuff 0x14f1aafbf200 count 1 datatype 7 op 2 root 0 comm 0x557295e093b0 [nranks=1] stream 0x55725e80e2e0

[LYD INFO in ncclAllReduce (all_reduce.cc)] rank 0 AllReduce Time: 0.000047000 seconds
[Hao INFO in ncclBroadcast (broadcast.cc)] rank 3 Broadcast: count: 5, datatype: ncclInt64, message size: 40 Bytes
x3001c0s31b0n0:46262:46262 [3] NCCL INFO Broadcast: opCount 0 sendbuff 0x14f1aae00400 recvbuff 0x14f1aae00400 count 40 datatype 0 op 0 root 0 comm 0x557261b69bd0 [nranks=1] stream 0x55725e996be0
[Hao INFO in ncclBroadcast (broadcast.cc)] rank 3 Broadcast: count: 6156, datatype: ncclInt64, message size: 49248 Bytes
x3001c0s31b0n0:46262:46262 [3] NCCL INFO Broadcast: opCount 0 sendbuff 0x14ef69bee600 recvbuff 0x14ef69bee600 count 49248 datatype 0 op 0 root 0 comm 0x557261b69bd0 [nranks=1] stream 0x55725e996be0
x3001c0s31b0n0:46259:52273 [0] NCCL INFO transport/net.cc:376 Cuda Alloc Size 67108864 pointer 0x15361c000000
x3001c0s31b0n0:46259:52263 [0] NCCL INFO init.cc:392 Cuda Host Alloc Size 33554432 pointer 0x153626000000
x3001c0s31b0n0:46259:52263 [0] NCCL INFO init.cc:398 Cuda Host Alloc Size 128 pointer 0x153f17091200
x3001c0s31b0n0:46259:52263 [0] NCCL INFO comm 0x5583d16fb280 rank 0 nranks 1 cudaDev 0 busId 7000 - Init COMPLETE
x3001c0s31b0n0:46260:52272 [1] NCCL INFO transport/net.cc:376 Cuda Alloc Size 67108864 pointer 0x14da48000000
x3001c0s31b0n0:46260:52261 [1] NCCL INFO init.cc:392 Cuda Host Alloc Size 33554432 pointer 0x14da52000000
x3001c0s31b0n0:46260:52261 [1] NCCL INFO init.cc:398 Cuda Host Alloc Size 128 pointer 0x14e344e91200
x3001c0s31b0n0:46260:52261 [1] NCCL INFO comm 0x5607f05ba6c0 rank 0 nranks 1 cudaDev 1 busId 46000 - Init COMPLETE
[Hao INFO in ncclAllReduce (all_reduce.cc)] rank 0 ncclAllReduce: count: 1, datatype: ncclFloat32/ncclFloat, message size: 4 Bytes
x3001c0s31b0n0:46259:46259 [0] NCCL INFO AllReduce: opCount 0 sendbuff 0x153f579bf200 recvbuff 0x153f579bf200 count 1 datatype 7 op 2 root 0 comm 0x5583d16fb280 [nranks=1] stream 0x55839b5fbbb0

[LYD INFO in ncclAllReduce (all_reduce.cc)] rank 0 AllReduce Time: 0.000031000 seconds
[Hao INFO in ncclBroadcast (broadcast.cc)] rank 0 Broadcast: count: 5, datatype: ncclInt64, message size: 40 Bytes
x3001c0s31b0n0:46259:46259 [0] NCCL INFO Broadcast: opCount 0 sendbuff 0x153f57800400 recvbuff 0x153f57800400 count 40 datatype 0 op 0 root 0 comm 0x55839ca856d0 [nranks=1] stream 0x55839b806d00
[Hao INFO in ncclBroadcast (broadcast.cc)] rank 0 Broadcast: count: 6156, datatype: ncclInt64, message size: 49248 Bytes
x3001c0s31b0n0:46259:46259 [0] NCCL INFO Broadcast: opCount 0 sendbuff 0x153cf1bee600 recvbuff 0x153cf1bee600 count 49248 datatype 0 op 0 root 0 comm 0x55839ca856d0 [nranks=1] stream 0x55839b806d00
[Hao INFO in ncclAllReduce (all_reduce.cc)] rank 1 ncclAllReduce: count: 1, datatype: ncclFloat32/ncclFloat, message size: 4 Bytes
x3001c0s31b0n0:46260:46260 [1] NCCL INFO AllReduce: opCount 0 sendbuff 0x14e3877bf200 recvbuff 0x14e3877bf200 count 1 datatype 7 op 2 root 0 comm 0x5607f05ba6c0 [nranks=1] stream 0x5607b8fab540

[LYD INFO in ncclAllReduce (all_reduce.cc)] rank 0 AllReduce Time: 0.000037000 seconds
[Hao INFO in ncclBroadcast (broadcast.cc)] rank 1 Broadcast: count: 5, datatype: ncclInt64, message size: 40 Bytes
x3001c0s31b0n0:46260:46260 [1] NCCL INFO Broadcast: opCount 0 sendbuff 0x14e387600400 recvbuff 0x14e387600400 count 40 datatype 0 op 0 root 0 comm 0x5607bc36e0e0 [nranks=1] stream 0x5607b91d7260
[Hao INFO in ncclBroadcast (broadcast.cc)] rank 1 Broadcast: count: 6156, datatype: ncclInt64, message size: 49248 Bytes
x3001c0s31b0n0:46260:46260 [1] NCCL INFO Broadcast: opCount 0 sendbuff 0x14e11dbee600 recvbuff 0x14e11dbee600 count 49248 datatype 0 op 0 root 0 comm 0x5607bc36e0e0 [nranks=1] stream 0x5607b91d7260
[Hao INFO in ncclAllReduce (all_reduce.cc)] rank 2 ncclAllReduce: count: 1, datatype: ncclFloat32/ncclFloat, message size: 4 Bytes
x3001c0s31b0n0:46261:46261 [2] NCCL INFO AllReduce: opCount 0 sendbuff 0x14dee77bf200 recvbuff 0x14dee77bf200 count 1 datatype 7 op 2 root 0 comm 0x55d128765340 [nranks=1] stream 0x55d0f16d37c0

[LYD INFO in ncclAllReduce (all_reduce.cc)] rank 0 AllReduce Time: 0.000037000 seconds
[Hao INFO in ncclBroadcast (broadcast.cc)] rank 2 Broadcast: count: 5, datatype: ncclInt64, message size: 40 Bytes
x3001c0s31b0n0:46261:46261 [2] NCCL INFO Broadcast: opCount 0 sendbuff 0x14dee7600400 recvbuff 0x14dee7600400 count 40 datatype 0 op 0 root 0 comm 0x55d0f2ec0ef0 [nranks=1] stream 0x55d0f18df7c0
[Hao INFO in ncclBroadcast (broadcast.cc)] rank 2 Broadcast: count: 6156, datatype: ncclInt64, message size: 49248 Bytes
x3001c0s31b0n0:46261:46261 [2] NCCL INFO Broadcast: opCount 0 sendbuff 0x14dc7dbee600 recvbuff 0x14dc7dbee600 count 49248 datatype 0 op 0 root 0 comm 0x55d0f2ec0ef0 [nranks=1] stream 0x55d0f18df7c0
[Hao INFO in ncclAllReduce (all_reduce.cc)] rank 3 ncclAllReduce: count: 6144, datatype: ncclFloat32/ncclFloat, message size: 24576 Bytes
x3001c0s31b0n0:46262:46262 [3] NCCL INFO AllReduce: opCount 0 sendbuff 0x14ef75e30000 recvbuff 0x14ef75e30000 count 6144 datatype 7 op 2 root 0 comm 0x557261b69bd0 [nranks=1] stream 0x55725e996be0

[LYD INFO in ncclAllReduce (all_reduce.cc)] rank 0 AllReduce Time: 0.000043000 seconds
[Hao INFO in ncclAllReduce (all_reduce.cc)] rank 3 ncclAllReduce: count: 6144, datatype: ncclFloat32/ncclFloat, message size: 24576 Bytes
x3001c0s31b0n0:46262:46262 [3] NCCL INFO AllReduce: opCount 0 sendbuff 0x14ef75e54000 recvbuff 0x14ef75e54000 count 6144 datatype 7 op 0 root 0 comm 0x557261b69bd0 [nranks=1] stream 0x55725e996be0

[LYD INFO in ncclAllReduce (all_reduce.cc)] rank 0 AllReduce Time: 0.000027000 seconds
[Hao INFO in ncclAllReduce (all_reduce.cc)] rank 3 ncclAllReduce: count: 6144, datatype: ncclFloat32/ncclFloat, message size: 24576 Bytes
x3001c0s31b0n0:46262:46262 [3] NCCL INFO AllReduce: opCount 0 sendbuff 0x14ef75e4e000 recvbuff 0x14ef75e4e000 count 6144 datatype 7 op 0 root 0 comm 0x557261b69bd0 [nranks=1] stream 0x55725e996be0

[LYD INFO in ncclAllReduce (all_reduce.cc)] rank 0 AllReduce Time: 0.000023000 seconds
x3001c0s31b0n0:46262:46262 [3] NCCL INFO AllReduce: opCount 4 sendbuff 0x14ef69a06600 recvbuff 0x14ef69a06600 count 1 datatype 7 op 0 root 0 comm 0x55726061d640 [nranks=20] stream 0x55725e996960
[LYD INFO in ncclLaunchKernel (enqueue.cc)] NCHANNELS is: 4[Hao INFO in ncclAllReduce (all_reduce.cc)] rank 0 ncclAllReduce: count: 6144, datatype: ncclFloat32/ncclFloat, message size: 24576 Bytes
x3001c0s31b0n0:46259:46259 [0] NCCL INFO AllReduce: opCount 0 sendbuff 0x153d01c30000 recvbuff 0x153d01c30000 count 6144 datatype 7 op 2 root 0 comm 0x55839ca856d0 [nranks=1] stream 0x55839b806d00

[LYD INFO in ncclAllReduce (all_reduce.cc)] rank 0 AllReduce Time: 0.000039000 seconds
[Hao INFO in ncclAllReduce (all_reduce.cc)] rank 0 ncclAllReduce: count: 6144, datatype: ncclFloat32/ncclFloat, message size: 24576 Bytes
x3001c0s31b0n0:46259:46259 [0] NCCL INFO AllReduce: opCount 0 sendbuff 0x153d01c54000 recvbuff 0x153d01c54000 count 6144 datatype 7 op 0 root 0 comm 0x55839ca856d0 [nranks=1] stream 0x55839b806d00

[LYD INFO in ncclAllReduce (all_reduce.cc)] rank 0 AllReduce Time: 0.000027000 seconds
[Hao INFO in ncclAllReduce (all_reduce.cc)] rank 0 ncclAllReduce: count: 6144, datatype: ncclFloat32/ncclFloat, message size: 24576 Bytes
x3001c0s31b0n0:46259:46259 [0] NCCL INFO AllReduce: opCount 0 sendbuff 0x153d01c4e000 recvbuff 0x153d01c4e000 count 6144 datatype 7 op 0 root 0 comm 0x55839ca856d0 [nranks=1] stream 0x55839b806d00

[LYD INFO in ncclAllReduce (all_reduce.cc)] rank 0 AllReduce Time: 0.000023000 seconds
[Hao INFO in ncclAllReduce (all_reduce.cc)] rank 0 ncclAllReduce: count: 1, datatype: ncclFloat32/ncclFloat, message size: 4 Bytes
x3001c0s31b0n0:46259:46259 [0] NCCL INFO AllReduce: opCount 4 sendbuff 0x153cf1a06600 recvbuff 0x153cf1a06600 count 1 datatype 7 op 0 root 0 comm 0x55839cb21d30 [nranks=20] stream 0x55839b8284b0

[LYD INFO in ncclAllReduce (all_reduce.cc)] rank 0 AllReduce Time: 0.000028000 seconds

[LYD INFO in getAlgoInfo (enqueue.cc)] algorithm a is: 0

[LYD INFO in getAlgoInfo (enqueue.cc)] algorithm a is: 1

[LYD INFO in getAlgoInfo (enqueue.cc)] rank: 0, Duration between Point 1 and Point 2: 0.000010000 seconds

[LYD INFO in getAlgoInfo (enqueue.cc)] rank 0, Duration between Point 2 and Point 3: 0.000000000 seconds
[LYD INFO in getAlgoInfo (enqueue.cc)] out rank: 0
[LYD INFO in getAlgoInfo (enqueue.cc)] out coll: 4
[LYD INFO in getAlgoInfo (enqueue.cc)] out sendbuff address: 0x153cf1a06600
[LYD INFO in getAlgoInfo (enqueue.cc)] out recvbuff address: 0x153cf1a06600
[LYD INFO in getAlgoInfo (enqueue.cc)] out count: 1
[LYD INFO in getAlgoInfo (enqueue.cc)] out datatype: 7
[LYD INFO in getAlgoInfo (enqueue.cc)] out chunkSteps: 4
[LYD INFO in getAlgoInfo (enqueue.cc)] out sliceSteps: 2
[LYD INFO in getAlgoInfo (enqueue.cc)] out algorithm: 0
[LYD INFO in getAlgoInfo (enqueue.cc)] out protocol: 0
[LYD INFO in getAlgoInfo (enqueue.cc)] out nChannels: 1
[LYD INFO in getAlgoInfo (enqueue.cc)] out nThreads: 96
[LYD INFO in getAlgoInfo (enqueue.cc)] out nBytes: 4
[LYD INFO in getAlgoInfo (enqueue.cc)] out nstepsPerLoop: 0
[LYD INFO in getAlgoInfo (enqueue.cc)] out nchunksPerLoop: 0
[LYD INFO in getAlgoInfo (enqueue.cc)] out chunkSize: 0
[LYD INFO in ncclLaunchKernel (enqueue.cc)] NCHANNELS is: 4[Hao INFO in ncclAllReduce (all_reduce.cc)] rank 2 ncclAllReduce: count: 6144, datatype: ncclFloat32/ncclFloat, message size: 24576 Bytes
x3001c0s31b0n0:46261:46261 [2] NCCL INFO AllReduce: opCount 0 sendbuff 0x14dc9bc30000 recvbuff 0x14dc9bc30000 count 6144 datatype 7 op 2 root 0 comm 0x55d0f2ec0ef0 [nranks=1] stream 0x55d0f18df7c0

[LYD INFO in ncclAllReduce (all_reduce.cc)] rank 0 AllReduce Time: 0.000038000 seconds
[Hao INFO in ncclAllReduce (all_reduce.cc)] rank 2 ncclAllReduce: count: 6144, datatype: ncclFloat32/ncclFloat, message size: 24576 Bytes
x3001c0s31b0n0:46261:46261 [2] NCCL INFO AllReduce: opCount 0 sendbuff 0x14dc9bc54000 recvbuff 0x14dc9bc54000 count 6144 datatype 7 op 0 root 0 comm 0x55d0f2ec0ef0 [nranks=1] stream 0x55d0f18df7c0

[LYD INFO in ncclAllReduce (all_reduce.cc)] rank 0 AllReduce Time: 0.000028000 seconds
[Hao INFO in ncclAllReduce (all_reduce.cc)] rank 2 ncclAllReduce: count: 6144, datatype: ncclFloat32/ncclFloat, message size: 24576 Bytes
x3001c0s31b0n0:46261:46261 [2] NCCL INFO AllReduce: opCount 0 sendbuff 0x14dc9bc4e000 recvbuff 0x14dc9bc4e000 count 6144 datatype 7 op 0 root 0 comm 0x55d0f2ec0ef0 [nranks=1] stream 0x55d0f18df7c0

[LYD INFO in ncclAllReduce (all_reduce.cc)] rank 0 AllReduce Time: 0.000023000 seconds
x3001c0s31b0n0:46261:46261 [2] NCCL INFO AllReduce: opCount 4 sendbuff 0x14dc7da06600 recvbuff 0x14dc7da06600 count 1 datatype 7 op 0 root 0 comm 0x55d0f4aa0530 [nranks=20] stream 0x55d0f1901b20
[LYD INFO in ncclLaunchKernel (enqueue.cc)] NCHANNELS is: 4[Hao INFO in ncclAllReduce (all_reduce.cc)] rank 1 ncclAllReduce: count: 6144, datatype: ncclFloat32/ncclFloat, message size: 24576 Bytes
x3001c0s31b0n0:46260:46260 [1] NCCL INFO AllReduce: opCount 0 sendbuff 0x14e121e30000 recvbuff 0x14e121e30000 count 6144 datatype 7 op 2 root 0 comm 0x5607bc36e0e0 [nranks=1] stream 0x5607b91d7260

[LYD INFO in ncclAllReduce (all_reduce.cc)] rank 0 AllReduce Time: 0.000038000 seconds
[Hao INFO in ncclAllReduce (all_reduce.cc)] rank 1 ncclAllReduce: count: 6144, datatype: ncclFloat32/ncclFloat, message size: 24576 Bytes
x3001c0s31b0n0:46260:46260 [1] NCCL INFO AllReduce: opCount 0 sendbuff 0x14e121e54000 recvbuff 0x14e121e54000 count 6144 datatype 7 op 0 root 0 comm 0x5607bc36e0e0 [nranks=1] stream 0x5607b91d7260

[LYD INFO in ncclAllReduce (all_reduce.cc)] rank 0 AllReduce Time: 0.000027000 seconds
[Hao INFO in ncclAllReduce (all_reduce.cc)] rank 1 ncclAllReduce: count: 6144, datatype: ncclFloat32/ncclFloat, message size: 24576 Bytes
x3001c0s31b0n0:46260:46260 [1] NCCL INFO AllReduce: opCount 0 sendbuff 0x14e121e4e000 recvbuff 0x14e121e4e000 count 6144 datatype 7 op 0 root 0 comm 0x5607bc36e0e0 [nranks=1] stream 0x5607b91d7260

[LYD INFO in ncclAllReduce (all_reduce.cc)] rank 0 AllReduce Time: 0.000023000 seconds
x3001c0s31b0n0:46260:46260 [1] NCCL INFO AllReduce: opCount 4 sendbuff 0x14e11da06600 recvbuff 0x14e11da06600 count 1 datatype 7 op 0 root 0 comm 0x5607bc364ca0 [nranks=20] stream 0x5607b91d6fe0
[LYD INFO in ncclLaunchKernel (enqueue.cc)] NCHANNELS is: 4
[LYD INFO in NCCL_KERN_NAME (common.h)] 1 AllReduce TREE LL Sum float Elapsed time: 108568 us

[LYD INFO in NCCL_KERN_NAME (common.h)] 0 AllReduce TREE LL Sum float Elapsed time: 120375 us

[LYD INFO in NCCL_KERN_NAME (common.h)] 2 AllReduce TREE LL Sum float Elapsed time: 108377 us

[LYD INFO in NCCL_KERN_NAME (common.h)] 3 AllReduce TREE LL Sum float Elapsed time: 170056 us
x3001c0s31b0n0:46261:46261 [2] NCCL INFO AllReduce: opCount 5 sendbuff 0x14dd90000000 recvbuff 0x14dd90000000 count 852144640 datatype 6 op 0 root 0 comm 0x55d0f4aa0530 [nranks=20] stream 0x55d0f1901b20
[LYD INFO in ncclLaunchKernel (enqueue.cc)] NCHANNELS is: 4x3001c0s31b0n0:46260:46260 [1] NCCL INFO AllReduce: opCount 5 sendbuff 0x14e230000000 recvbuff 0x14e230000000 count 852144640 datatype 6 op 0 root 0 comm 0x5607bc364ca0 [nranks=20] stream 0x5607b91d6fe0
[LYD INFO in ncclLaunchKernel (enqueue.cc)] NCHANNELS is: 4x3001c0s31b0n0:46262:46262 [3] NCCL INFO AllReduce: opCount 5 sendbuff 0x14f07c000000 recvbuff 0x14f07c000000 count 852144640 datatype 6 op 0 root 0 comm 0x55726061d640 [nranks=20] stream 0x55725e996960
[LYD INFO in ncclLaunchKernel (enqueue.cc)] NCHANNELS is: 4[Hao INFO in ncclAllReduce (all_reduce.cc)] rank 0 ncclAllReduce: count: 852144640, datatype: ncclFloat16/ncclHalf, message size: 1704289280 Bytes
x3001c0s31b0n0:46259:46259 [0] NCCL INFO AllReduce: opCount 5 sendbuff 0x153e02000000 recvbuff 0x153e02000000 count 852144640 datatype 6 op 0 root 0 comm 0x55839cb21d30 [nranks=20] stream 0x55839b8284b0

[LYD INFO in ncclAllReduce (all_reduce.cc)] rank 0 AllReduce Time: 0.000040000 seconds

[LYD INFO in getAlgoInfo (enqueue.cc)] algorithm a is: 0

[LYD INFO in getAlgoInfo (enqueue.cc)] algorithm a is: 1

[LYD INFO in getAlgoInfo (enqueue.cc)] rank: 0, Duration between Point 1 and Point 2: 0.000011000 seconds

[LYD INFO in getAlgoInfo (enqueue.cc)] rank 0, Duration between Point 2 and Point 3: 0.000000000 seconds
[LYD INFO in getAlgoInfo (enqueue.cc)] out rank: 0
[LYD INFO in getAlgoInfo (enqueue.cc)] out coll: 4
[LYD INFO in getAlgoInfo (enqueue.cc)] out sendbuff address: 0x153e02000000
[LYD INFO in getAlgoInfo (enqueue.cc)] out recvbuff address: 0x153e02000000
[LYD INFO in getAlgoInfo (enqueue.cc)] out count: 852144640
[LYD INFO in getAlgoInfo (enqueue.cc)] out datatype: 6
[LYD INFO in getAlgoInfo (enqueue.cc)] out chunkSteps: 4
[LYD INFO in getAlgoInfo (enqueue.cc)] out sliceSteps: 2
[LYD INFO in getAlgoInfo (enqueue.cc)] out algorithm: 1
[LYD INFO in getAlgoInfo (enqueue.cc)] out protocol: 2
[LYD INFO in getAlgoInfo (enqueue.cc)] out nChannels: 4
[LYD INFO in getAlgoInfo (enqueue.cc)] out nThreads: 544
[LYD INFO in getAlgoInfo (enqueue.cc)] out nBytes: 1704289280
[LYD INFO in getAlgoInfo (enqueue.cc)] out nstepsPerLoop: 0
[LYD INFO in getAlgoInfo (enqueue.cc)] out nchunksPerLoop: 0
[LYD INFO in getAlgoInfo (enqueue.cc)] out chunkSize: 0
[LYD INFO in ncclLaunchKernel (enqueue.cc)] NCHANNELS is: 4
[LYD INFO in NCCL_FUNC_NAME (common.h)] 3 AllReduce RING SIMPLE Sum half Elapsed time: 1709587 us

[LYD INFO in NCCL_KERN_NAME (common.h)] 3 AllReduce RING LL Sum half Elapsed time: 1709741 us
[Hao INFO in ncclAllReduce (all_reduce.cc)] rank 3 ncclAllReduce: count: 1, datatype: ncclFloat32/ncclFloat, message size: 4 Bytes
x3001c0s31b0n0:46262:46262 [3] NCCL INFO AllReduce: opCount 0 sendbuff 0x14f1aafbf200 recvbuff 0x14f1aafbf200 count 1 datatype 7 op 2 root 0 comm 0x557295e093b0 [nranks=1] stream 0x55725e80e2e0

[LYD INFO in ncclAllReduce (all_reduce.cc)] rank 0 AllReduce Time: 0.000038000 seconds

[LYD INFO in NCCL_FUNC_NAME (common.h)] 2 AllReduce RING SIMPLE Sum half Elapsed time: 1752136 us

[LYD INFO in NCCL_KERN_NAME (common.h)] 2 AllReduce RING LL Sum half Elapsed time: 1752269 us

[LYD INFO in NCCL_FUNC_NAME (common.h)] 1 AllReduce RING SIMPLE Sum half Elapsed time: 1724472 us

[LYD INFO in NCCL_KERN_NAME (common.h)] 1 AllReduce RING LL Sum half Elapsed time: 1724601 us
[Hao INFO in ncclAllReduce (all_reduce.cc)] rank 2 ncclAllReduce: count: 1, datatype: ncclFloat32/ncclFloat, message size: 4 Bytes
x3001c0s31b0n0:46261:46261 [2] NCCL INFO AllReduce: opCount 0 sendbuff 0x14dee77bf200 recvbuff 0x14dee77bf200 count 1 datatype 7 op 2 root 0 comm 0x55d128765340 [nranks=1] stream 0x55d0f16d37c0

[LYD INFO in ncclAllReduce (all_reduce.cc)] rank 0 AllReduce Time: 0.000043000 seconds

[LYD INFO in NCCL_FUNC_NAME (common.h)] 0 AllReduce RING SIMPLE Sum half Elapsed time: 1629712 us

[LYD INFO in NCCL_KERN_NAME (common.h)] 0 AllReduce RING LL Sum half Elapsed time: 1629810 us
[Hao INFO in ncclBroadcast (broadcast.cc)] rank 2 Broadcast: count: 5, datatype: ncclInt64, message size: 40 Bytes
x3001c0s31b0n0:46261:46261 [2] NCCL INFO Broadcast: opCount 0 sendbuff 0x14dee7600400 recvbuff 0x14dee7600400 count 40 datatype 0 op 0 root 0 comm 0x55d0f2ec0ef0 [nranks=1] stream 0x55d0f18df7c0
[Hao INFO in ncclBroadcast (broadcast.cc)] rank 2 Broadcast: count: 6156, datatype: ncclInt64, message size: 49248 Bytes
x3001c0s31b0n0:46261:46261 [2] NCCL INFO Broadcast: opCount 0 sendbuff 0x14dc7dbee600 recvbuff 0x14dc7dbee600 count 49248 datatype 0 op 0 root 0 comm 0x55d0f2ec0ef0 [nranks=1] stream 0x55d0f18df7c0
[Hao INFO in ncclAllReduce (all_reduce.cc)] rank 0 ncclAllReduce: count: 1, datatype: ncclFloat32/ncclFloat, message size: 4 Bytes
x3001c0s31b0n0:46259:46259 [0] NCCL INFO AllReduce: opCount 0 sendbuff 0x153f579bf200 recvbuff 0x153f579bf200 count 1 datatype 7 op 2 root 0 comm 0x5583d16fb280 [nranks=1] stream 0x55839b5fbbb0

[LYD INFO in ncclAllReduce (all_reduce.cc)] rank 0 AllReduce Time: 0.000064000 seconds
[Hao INFO in ncclBroadcast (broadcast.cc)] rank 0 Broadcast: count: 5, datatype: ncclInt64, message size: 40 Bytes
x3001c0s31b0n0:46259:46259 [0] NCCL INFO Broadcast: opCount 0 sendbuff 0x153f57800400 recvbuff 0x153f57800400 count 40 datatype 0 op 0 root 0 comm 0x55839ca856d0 [nranks=1] stream 0x55839b806d00
[Hao INFO in ncclBroadcast (broadcast.cc)] rank 0 Broadcast: count: 6156, datatype: ncclInt64, message size: 49248 Bytes
x3001c0s31b0n0:46259:46259 [0] NCCL INFO Broadcast: opCount 0 sendbuff 0x153cf1bee600 recvbuff 0x153cf1bee600 count 49248 datatype 0 op 0 root 0 comm 0x55839ca856d0 [nranks=1] stream 0x55839b806d00
[Hao INFO in ncclBroadcast (broadcast.cc)] rank 3 Broadcast: count: 5, datatype: ncclInt64, message size: 40 Bytes
x3001c0s31b0n0:46262:46262 [3] NCCL INFO Broadcast: opCount 0 sendbuff 0x14f1aae00400 recvbuff 0x14f1aae00400 count 40 datatype 0 op 0 root 0 comm 0x557261b69bd0 [nranks=1] stream 0x55725e996be0
[Hao INFO in ncclBroadcast (broadcast.cc)] rank 3 Broadcast: count: 6156, datatype: ncclInt64, message size: 49248 Bytes
x3001c0s31b0n0:46262:46262 [3] NCCL INFO Broadcast: opCount 0 sendbuff 0x14ef69bee600 recvbuff 0x14ef69bee600 count 49248 datatype 0 op 0 root 0 comm 0x557261b69bd0 [nranks=1] stream 0x55725e996be0
[Hao INFO in ncclAllReduce (all_reduce.cc)] rank 1 ncclAllReduce: count: 1, datatype: ncclFloat32/ncclFloat, message size: 4 Bytes
x3001c0s31b0n0:46260:46260 [1] NCCL INFO AllReduce: opCount 0 sendbuff 0x14e3877bf200 recvbuff 0x14e3877bf200 count 1 datatype 7 op 2 root 0 comm 0x5607f05ba6c0 [nranks=1] stream 0x5607b8fab540

[LYD INFO in ncclAllReduce (all_reduce.cc)] rank 0 AllReduce Time: 0.000071000 seconds
[Hao INFO in ncclBroadcast (broadcast.cc)] rank 1 Broadcast: count: 5, datatype: ncclInt64, message size: 40 Bytes
x3001c0s31b0n0:46260:46260 [1] NCCL INFO Broadcast: opCount 0 sendbuff 0x14e387600400 recvbuff 0x14e387600400 count 40 datatype 0 op 0 root 0 comm 0x5607bc36e0e0 [nranks=1] stream 0x5607b91d7260
[Hao INFO in ncclBroadcast (broadcast.cc)] rank 1 Broadcast: count: 6156, datatype: ncclInt64, message size: 49248 Bytes
x3001c0s31b0n0:46260:46260 [1] NCCL INFO Broadcast: opCount 0 sendbuff 0x14e11dbee600 recvbuff 0x14e11dbee600 count 49248 datatype 0 op 0 root 0 comm 0x5607bc36e0e0 [nranks=1] stream 0x5607b91d7260
[Hao INFO in ncclAllReduce (all_reduce.cc)] rank 3 ncclAllReduce: count: 6144, datatype: ncclFloat32/ncclFloat, message size: 24576 Bytes
x3001c0s31b0n0:46262:46262 [3] NCCL INFO AllReduce: opCount 0 sendbuff 0x14ef75e30000 recvbuff 0x14ef75e30000 count 6144 datatype 7 op 2 root 0 comm 0x557261b69bd0 [nranks=1] stream 0x55725e996be0

[LYD INFO in ncclAllReduce (all_reduce.cc)] rank 0 AllReduce Time: 0.000057000 seconds
[Hao INFO in ncclAllReduce (all_reduce.cc)] rank 3 ncclAllReduce: count: 6144, datatype: ncclFloat32/ncclFloat, message size: 24576 Bytes
x3001c0s31b0n0:46262:46262 [3] NCCL INFO AllReduce: opCount 0 sendbuff 0x14ef75e54000 recvbuff 0x14ef75e54000 count 6144 datatype 7 op 0 root 0 comm 0x557261b69bd0 [nranks=1] stream 0x55725e996be0

[LYD INFO in ncclAllReduce (all_reduce.cc)] rank 0 AllReduce Time: 0.000028000 seconds
[Hao INFO in ncclAllReduce (all_reduce.cc)] rank 3 ncclAllReduce: count: 6144, datatype: ncclFloat32/ncclFloat, message size: 24576 Bytes
x3001c0s31b0n0:46262:46262 [3] NCCL INFO AllReduce: opCount 0 sendbuff 0x14ef75e4e000 recvbuff 0x14ef75e4e000 count 6144 datatype 7 op 0 root 0 comm 0x557261b69bd0 [nranks=1] stream 0x55725e996be0

[LYD INFO in ncclAllReduce (all_reduce.cc)] rank 0 AllReduce Time: 0.000024000 seconds
x3001c0s31b0n0:46262:46262 [3] NCCL INFO AllReduce: opCount 6 sendbuff 0x14ef69bffa00 recvbuff 0x14ef69bffa00 count 1 datatype 7 op 0 root 0 comm 0x55726061d640 [nranks=20] stream 0x55725e996960
[LYD INFO in ncclLaunchKernel (enqueue.cc)] NCHANNELS is: 4[Hao INFO in ncclAllReduce (all_reduce.cc)] rank 2 ncclAllReduce: count: 6144, datatype: ncclFloat32/ncclFloat, message size: 24576 Bytes
x3001c0s31b0n0:46261:46261 [2] NCCL INFO AllReduce: opCount 0 sendbuff 0x14dc9bc30000 recvbuff 0x14dc9bc30000 count 6144 datatype 7 op 2 root 0 comm 0x55d0f2ec0ef0 [nranks=1] stream 0x55d0f18df7c0

[LYD INFO in ncclAllReduce (all_reduce.cc)] rank 0 AllReduce Time: 0.000037000 seconds
[Hao INFO in ncclAllReduce (all_reduce.cc)] rank 2 ncclAllReduce: count: 6144, datatype: ncclFloat32/ncclFloat, message size: 24576 Bytes
x3001c0s31b0n0:46261:46261 [2] NCCL INFO AllReduce: opCount 0 sendbuff 0x14dc9bc54000 recvbuff 0x14dc9bc54000 count 6144 datatype 7 op 0 root 0 comm 0x55d0f2ec0ef0 [nranks=1] stream 0x55d0f18df7c0

[LYD INFO in ncclAllReduce (all_reduce.cc)] rank 0 AllReduce Time: 0.000027000 seconds
[Hao INFO in ncclAllReduce (all_reduce.cc)] rank 2 ncclAllReduce: count: 6144, datatype: ncclFloat32/ncclFloat, message size: 24576 Bytes
x3001c0s31b0n0:46261:46261 [2] NCCL INFO AllReduce: opCount 0 sendbuff 0x14dc9bc4e000 recvbuff 0x14dc9bc4e000 count 6144 datatype 7 op 0 root 0 comm 0x55d0f2ec0ef0 [nranks=1] stream 0x55d0f18df7c0

[LYD INFO in ncclAllReduce (all_reduce.cc)] rank 0 AllReduce Time: 0.000023000 seconds
x3001c0s31b0n0:46261:46261 [2] NCCL INFO AllReduce: opCount 6 sendbuff 0x14dc7dbffa00 recvbuff 0x14dc7dbffa00 count 1 datatype 7 op 0 root 0 comm 0x55d0f4aa0530 [nranks=20] stream 0x55d0f1901b20
[LYD INFO in ncclLaunchKernel (enqueue.cc)] NCHANNELS is: 4[Hao INFO in ncclAllReduce (all_reduce.cc)] rank 1 ncclAllReduce: count: 6144, datatype: ncclFloat32/ncclFloat, message size: 24576 Bytes
x3001c0s31b0n0:46260:46260 [1] NCCL INFO AllReduce: opCount 0 sendbuff 0x14e121e30000 recvbuff 0x14e121e30000 count 6144 datatype 7 op 2 root 0 comm 0x5607bc36e0e0 [nranks=1] stream 0x5607b91d7260

[LYD INFO in ncclAllReduce (all_reduce.cc)] rank 0 AllReduce Time: 0.000039000 seconds
[Hao INFO in ncclAllReduce (all_reduce.cc)] rank 1 ncclAllReduce: count: 6144, datatype: ncclFloat32/ncclFloat, message size: 24576 Bytes
x3001c0s31b0n0:46260:46260 [1] NCCL INFO AllReduce: opCount 0 sendbuff 0x14e121e54000 recvbuff 0x14e121e54000 count 6144 datatype 7 op 0 root 0 comm 0x5607bc36e0e0 [nranks=1] stream 0x5607b91d7260

[LYD INFO in ncclAllReduce (all_reduce.cc)] rank 0 AllReduce Time: 0.000027000 seconds
[Hao INFO in ncclAllReduce (all_reduce.cc)] rank 1 ncclAllReduce: count: 6144, datatype: ncclFloat32/ncclFloat, message size: 24576 Bytes
x3001c0s31b0n0:46260:46260 [1] NCCL INFO AllReduce: opCount 0 sendbuff 0x14e121e4e000 recvbuff 0x14e121e4e000 count 6144 datatype 7 op 0 root 0 comm 0x5607bc36e0e0 [nranks=1] stream 0x5607b91d7260

[LYD INFO in ncclAllReduce (all_reduce.cc)] rank 0 AllReduce Time: 0.000023000 seconds
x3001c0s31b0n0:46260:46260 [1] NCCL INFO AllReduce: opCount 6 sendbuff 0x14e11dbffa00 recvbuff 0x14e11dbffa00 count 1 datatype 7 op 0 root 0 comm 0x5607bc364ca0 [nranks=20] stream 0x5607b91d6fe0
[LYD INFO in ncclLaunchKernel (enqueue.cc)] NCHANNELS is: 4[Hao INFO in ncclAllReduce (all_reduce.cc)] rank 0 ncclAllReduce: count: 6144, datatype: ncclFloat32/ncclFloat, message size: 24576 Bytes
x3001c0s31b0n0:46259:46259 [0] NCCL INFO AllReduce: opCount 0 sendbuff 0x153d01c30000 recvbuff 0x153d01c30000 count 6144 datatype 7 op 2 root 0 comm 0x55839ca856d0 [nranks=1] stream 0x55839b806d00

[LYD INFO in ncclAllReduce (all_reduce.cc)] rank 0 AllReduce Time: 0.000037000 seconds
[Hao INFO in ncclAllReduce (all_reduce.cc)] rank 0 ncclAllReduce: count: 6144, datatype: ncclFloat32/ncclFloat, message size: 24576 Bytes
x3001c0s31b0n0:46259:46259 [0] NCCL INFO AllReduce: opCount 0 sendbuff 0x153d01c54000 recvbuff 0x153d01c54000 count 6144 datatype 7 op 0 root 0 comm 0x55839ca856d0 [nranks=1] stream 0x55839b806d00

[LYD INFO in ncclAllReduce (all_reduce.cc)] rank 0 AllReduce Time: 0.000028000 seconds
[Hao INFO in ncclAllReduce (all_reduce.cc)] rank 0 ncclAllReduce: count: 6144, datatype: ncclFloat32/ncclFloat, message size: 24576 Bytes
x3001c0s31b0n0:46259:46259 [0] NCCL INFO AllReduce: opCount 0 sendbuff 0x153d01c4e000 recvbuff 0x153d01c4e000 count 6144 datatype 7 op 0 root 0 comm 0x55839ca856d0 [nranks=1] stream 0x55839b806d00

[LYD INFO in ncclAllReduce (all_reduce.cc)] rank 0 AllReduce Time: 0.000022000 seconds
[Hao INFO in ncclAllReduce (all_reduce.cc)] rank 0 ncclAllReduce: count: 1, datatype: ncclFloat32/ncclFloat, message size: 4 Bytes
x3001c0s31b0n0:46259:46259 [0] NCCL INFO AllReduce: opCount 6 sendbuff 0x153cf1bffa00 recvbuff 0x153cf1bffa00 count 1 datatype 7 op 0 root 0 comm 0x55839cb21d30 [nranks=20] stream 0x55839b8284b0

[LYD INFO in ncclAllReduce (all_reduce.cc)] rank 0 AllReduce Time: 0.000028000 seconds

[LYD INFO in getAlgoInfo (enqueue.cc)] algorithm a is: 0

[LYD INFO in getAlgoInfo (enqueue.cc)] algorithm a is: 1

[LYD INFO in getAlgoInfo (enqueue.cc)] rank: 0, Duration between Point 1 and Point 2: 0.000010000 seconds

[LYD INFO in getAlgoInfo (enqueue.cc)] rank 0, Duration between Point 2 and Point 3: 0.000000000 seconds
[LYD INFO in getAlgoInfo (enqueue.cc)] out rank: 0
[LYD INFO in getAlgoInfo (enqueue.cc)] out coll: 4
[LYD INFO in getAlgoInfo (enqueue.cc)] out sendbuff address: 0x153cf1bffa00
[LYD INFO in getAlgoInfo (enqueue.cc)] out recvbuff address: 0x153cf1bffa00
[LYD INFO in getAlgoInfo (enqueue.cc)] out count: 1
[LYD INFO in getAlgoInfo (enqueue.cc)] out datatype: 7
[LYD INFO in getAlgoInfo (enqueue.cc)] out chunkSteps: 4
[LYD INFO in getAlgoInfo (enqueue.cc)] out sliceSteps: 2
[LYD INFO in getAlgoInfo (enqueue.cc)] out algorithm: 0
[LYD INFO in getAlgoInfo (enqueue.cc)] out protocol: 0
[LYD INFO in getAlgoInfo (enqueue.cc)] out nChannels: 1
[LYD INFO in getAlgoInfo (enqueue.cc)] out nThreads: 96
[LYD INFO in getAlgoInfo (enqueue.cc)] out nBytes: 4
[LYD INFO in getAlgoInfo (enqueue.cc)] out nstepsPerLoop: 0
[LYD INFO in getAlgoInfo (enqueue.cc)] out nchunksPerLoop: 0
[LYD INFO in getAlgoInfo (enqueue.cc)] out chunkSize: 0
[LYD INFO in ncclLaunchKernel (enqueue.cc)] NCHANNELS is: 4
[LYD INFO in NCCL_KERN_NAME (common.h)] 2 AllReduce TREE LL Sum float Elapsed time: 208542 us

[LYD INFO in NCCL_KERN_NAME (common.h)] 1 AllReduce TREE LL Sum float Elapsed time: 164798 us

[LYD INFO in NCCL_KERN_NAME (common.h)] 3 AllReduce TREE LL Sum float Elapsed time: 211491 us

[LYD INFO in NCCL_KERN_NAME (common.h)] 0 AllReduce TREE LL Sum float Elapsed time: 165017 us
x3001c0s31b0n0:46261:46261 [2] NCCL INFO AllReduce: opCount 7 sendbuff 0x14dd90000000 recvbuff 0x14dd90000000 count 852144640 datatype 6 op 0 root 0 comm 0x55d0f4aa0530 [nranks=20] stream 0x55d0f1901b20
[LYD INFO in ncclLaunchKernel (enqueue.cc)] NCHANNELS is: 4x3001c0s31b0n0:46262:46262 [3] NCCL INFO AllReduce: opCount 7 sendbuff 0x14f07c000000 recvbuff 0x14f07c000000 count 852144640 datatype 6 op 0 root 0 comm 0x55726061d640 [nranks=20] stream 0x55725e996960
[LYD INFO in ncclLaunchKernel (enqueue.cc)] NCHANNELS is: 4x3001c0s31b0n0:46260:46260 [1] NCCL INFO AllReduce: opCount 7 sendbuff 0x14e230000000 recvbuff 0x14e230000000 count 852144640 datatype 6 op 0 root 0 comm 0x5607bc364ca0 [nranks=20] stream 0x5607b91d6fe0
[LYD INFO in ncclLaunchKernel (enqueue.cc)] NCHANNELS is: 4[Hao INFO in ncclAllReduce (all_reduce.cc)] rank 0 ncclAllReduce: count: 852144640, datatype: ncclFloat16/ncclHalf, message size: 1704289280 Bytes
x3001c0s31b0n0:46259:46259 [0] NCCL INFO AllReduce: opCount 7 sendbuff 0x153e02000000 recvbuff 0x153e02000000 count 852144640 datatype 6 op 0 root 0 comm 0x55839cb21d30 [nranks=20] stream 0x55839b8284b0

[LYD INFO in ncclAllReduce (all_reduce.cc)] rank 0 AllReduce Time: 0.000038000 seconds

[LYD INFO in getAlgoInfo (enqueue.cc)] algorithm a is: 0

[LYD INFO in getAlgoInfo (enqueue.cc)] algorithm a is: 1

[LYD INFO in getAlgoInfo (enqueue.cc)] rank: 0, Duration between Point 1 and Point 2: 0.000010000 seconds

[LYD INFO in getAlgoInfo (enqueue.cc)] rank 0, Duration between Point 2 and Point 3: 0.000001000 seconds
[LYD INFO in getAlgoInfo (enqueue.cc)] out rank: 0
[LYD INFO in getAlgoInfo (enqueue.cc)] out coll: 4
[LYD INFO in getAlgoInfo (enqueue.cc)] out sendbuff address: 0x153e02000000
[LYD INFO in getAlgoInfo (enqueue.cc)] out recvbuff address: 0x153e02000000
[LYD INFO in getAlgoInfo (enqueue.cc)] out count: 852144640
[LYD INFO in getAlgoInfo (enqueue.cc)] out datatype: 6
[LYD INFO in getAlgoInfo (enqueue.cc)] out chunkSteps: 4
[LYD INFO in getAlgoInfo (enqueue.cc)] out sliceSteps: 2
[LYD INFO in getAlgoInfo (enqueue.cc)] out algorithm: 1
[LYD INFO in getAlgoInfo (enqueue.cc)] out protocol: 2
[LYD INFO in getAlgoInfo (enqueue.cc)] out nChannels: 4
[LYD INFO in getAlgoInfo (enqueue.cc)] out nThreads: 544
[LYD INFO in getAlgoInfo (enqueue.cc)] out nBytes: 1704289280
[LYD INFO in getAlgoInfo (enqueue.cc)] out nstepsPerLoop: 0
[LYD INFO in getAlgoInfo (enqueue.cc)] out nchunksPerLoop: 0
[LYD INFO in getAlgoInfo (enqueue.cc)] out chunkSize: 0
[LYD INFO in ncclLaunchKernel (enqueue.cc)] NCHANNELS is: 4
[LYD INFO in NCCL_FUNC_NAME (common.h)] 3 AllReduce RING SIMPLE Sum half Elapsed time: 1983177 us

[LYD INFO in NCCL_KERN_NAME (common.h)] 3 AllReduce RING LL Sum half Elapsed time: 1983308 us
[Hao INFO in ncclAllReduce (all_reduce.cc)] rank 3 ncclAllReduce: count: 1, datatype: ncclFloat32/ncclFloat, message size: 4 Bytes
x3001c0s31b0n0:46262:46262 [3] NCCL INFO AllReduce: opCount 0 sendbuff 0x14f1aafbf200 recvbuff 0x14f1aafbf200 count 1 datatype 7 op 2 root 0 comm 0x557295e093b0 [nranks=1] stream 0x55725e80e2e0

[LYD INFO in ncclAllReduce (all_reduce.cc)] rank 0 AllReduce Time: 0.000034000 seconds

[LYD INFO in NCCL_FUNC_NAME (common.h)] 2 AllReduce RING SIMPLE Sum half Elapsed time: 2052706 us

[LYD INFO in NCCL_KERN_NAME (common.h)] 2 AllReduce RING LL Sum half Elapsed time: 2052837 us

[LYD INFO in NCCL_FUNC_NAME (common.h)] 0 AllReduce RING SIMPLE Sum half Elapsed time: 1906154 us

[LYD INFO in NCCL_KERN_NAME (common.h)] 0 AllReduce RING LL Sum half Elapsed time: 1906251 us

[LYD INFO in NCCL_FUNC_NAME (common.h)] 1 AllReduce RING SIMPLE Sum half Elapsed time: 1990965 us

[LYD INFO in NCCL_KERN_NAME (common.h)] 1 AllReduce RING LL Sum half Elapsed time: 1991095 us
[Hao INFO in ncclAllReduce (all_reduce.cc)] rank 2 ncclAllReduce: count: 1, datatype: ncclFloat32/ncclFloat, message size: 4 Bytes
x3001c0s31b0n0:46261:46261 [2] NCCL INFO AllReduce: opCount 0 sendbuff 0x14dee77bf200 recvbuff 0x14dee77bf200 count 1 datatype 7 op 2 root 0 comm 0x55d128765340 [nranks=1] stream 0x55d0f16d37c0

[LYD INFO in ncclAllReduce (all_reduce.cc)] rank 0 AllReduce Time: 0.000034000 seconds
[Hao INFO in ncclAllReduce (all_reduce.cc)] rank 0 ncclAllReduce: count: 1, datatype: ncclFloat32/ncclFloat, message size: 4 Bytes
x3001c0s31b0n0:46259:46259 [0] NCCL INFO AllReduce: opCount 0 sendbuff 0x153f579bf200 recvbuff 0x153f579bf200 count 1 datatype 7 op 2 root 0 comm 0x5583d16fb280 [nranks=1] stream 0x55839b5fbbb0

[LYD INFO in ncclAllReduce (all_reduce.cc)] rank 0 AllReduce Time: 0.000036000 seconds
[Hao INFO in ncclAllReduce (all_reduce.cc)] rank 1 ncclAllReduce: count: 1, datatype: ncclFloat32/ncclFloat, message size: 4 Bytes
x3001c0s31b0n0:46260:46260 [1] NCCL INFO AllReduce: opCount 0 sendbuff 0x14e3877bf200 recvbuff 0x14e3877bf200 count 1 datatype 7 op 2 root 0 comm 0x5607f05ba6c0 [nranks=1] stream 0x5607b8fab540

[LYD INFO in ncclAllReduce (all_reduce.cc)] rank 0 AllReduce Time: 0.000036000 seconds
[Hao INFO in ncclBroadcast (broadcast.cc)] rank 3 Broadcast: count: 5, datatype: ncclInt64, message size: 40 Bytes
x3001c0s31b0n0:46262:46262 [3] NCCL INFO Broadcast: opCount 0 sendbuff 0x14f1aae00400 recvbuff 0x14f1aae00400 count 40 datatype 0 op 0 root 0 comm 0x557261b69bd0 [nranks=1] stream 0x55725e996be0
[Hao INFO in ncclBroadcast (broadcast.cc)] rank 3 Broadcast: count: 6156, datatype: ncclInt64, message size: 49248 Bytes
x3001c0s31b0n0:46262:46262 [3] NCCL INFO Broadcast: opCount 0 sendbuff 0x14ef69bee600 recvbuff 0x14ef69bee600 count 49248 datatype 0 op 0 root 0 comm 0x557261b69bd0 [nranks=1] stream 0x55725e996be0
[Hao INFO in ncclBroadcast (broadcast.cc)] rank 2 Broadcast: count: 5, datatype: ncclInt64, message size: 40 Bytes
x3001c0s31b0n0:46261:46261 [2] NCCL INFO Broadcast: opCount 0 sendbuff 0x14dee7600400 recvbuff 0x14dee7600400 count 40 datatype 0 op 0 root 0 comm 0x55d0f2ec0ef0 [nranks=1] stream 0x55d0f18df7c0
[Hao INFO in ncclBroadcast (broadcast.cc)] rank 2 Broadcast: count: 6156, datatype: ncclInt64, message size: 49248 Bytes
x3001c0s31b0n0:46261:46261 [2] NCCL INFO Broadcast: opCount 0 sendbuff 0x14dc7dbee600 recvbuff 0x14dc7dbee600 count 49248 datatype 0 op 0 root 0 comm 0x55d0f2ec0ef0 [nranks=1] stream 0x55d0f18df7c0
[Hao INFO in ncclBroadcast (broadcast.cc)] rank 0 Broadcast: count: 5, datatype: ncclInt64, message size: 40 Bytes
x3001c0s31b0n0:46259:46259 [0] NCCL INFO Broadcast: opCount 0 sendbuff 0x153f57800400 recvbuff 0x153f57800400 count 40 datatype 0 op 0 root 0 comm 0x55839ca856d0 [nranks=1] stream 0x55839b806d00
[Hao INFO in ncclBroadcast (broadcast.cc)] rank 0 Broadcast: count: 6156, datatype: ncclInt64, message size: 49248 Bytes
x3001c0s31b0n0:46259:46259 [0] NCCL INFO Broadcast: opCount 0 sendbuff 0x153cf1bee600 recvbuff 0x153cf1bee600 count 49248 datatype 0 op 0 root 0 comm 0x55839ca856d0 [nranks=1] stream 0x55839b806d00
[Hao INFO in ncclBroadcast (broadcast.cc)] rank 1 Broadcast: count: 5, datatype: ncclInt64, message size: 40 Bytes
x3001c0s31b0n0:46260:46260 [1] NCCL INFO Broadcast: opCount 0 sendbuff 0x14e387600400 recvbuff 0x14e387600400 count 40 datatype 0 op 0 root 0 comm 0x5607bc36e0e0 [nranks=1] stream 0x5607b91d7260
[Hao INFO in ncclBroadcast (broadcast.cc)] rank 1 Broadcast: count: 6156, datatype: ncclInt64, message size: 49248 Bytes
x3001c0s31b0n0:46260:46260 [1] NCCL INFO Broadcast: opCount 0 sendbuff 0x14e11dbee600 recvbuff 0x14e11dbee600 count 49248 datatype 0 op 0 root 0 comm 0x5607bc36e0e0 [nranks=1] stream 0x5607b91d7260
[Hao INFO in ncclAllReduce (all_reduce.cc)] rank 2 ncclAllReduce: count: 6144, datatype: ncclFloat32/ncclFloat, message size: 24576 Bytes
x3001c0s31b0n0:46261:46261 [2] NCCL INFO AllReduce: opCount 0 sendbuff 0x14dc9bc30000 recvbuff 0x14dc9bc30000 count 6144 datatype 7 op 2 root 0 comm 0x55d0f2ec0ef0 [nranks=1] stream 0x55d0f18df7c0

[LYD INFO in ncclAllReduce (all_reduce.cc)] rank 0 AllReduce Time: 0.000043000 seconds
[Hao INFO in ncclAllReduce (all_reduce.cc)] rank 2 ncclAllReduce: count: 6144, datatype: ncclFloat32/ncclFloat, message size: 24576 Bytes
x3001c0s31b0n0:46261:46261 [2] NCCL INFO AllReduce: opCount 0 sendbuff 0x14dc9bc54000 recvbuff 0x14dc9bc54000 count 6144 datatype 7 op 0 root 0 comm 0x55d0f2ec0ef0 [nranks=1] stream 0x55d0f18df7c0

[LYD INFO in ncclAllReduce (all_reduce.cc)] rank 0 AllReduce Time: 0.000027000 seconds
[Hao INFO in ncclAllReduce (all_reduce.cc)] rank 2 ncclAllReduce: count: 6144, datatype: ncclFloat32/ncclFloat, message size: 24576 Bytes
x3001c0s31b0n0:46261:46261 [2] NCCL INFO AllReduce: opCount 0 sendbuff 0x14dc9bc4e000 recvbuff 0x14dc9bc4e000 count 6144 datatype 7 op 0 root 0 comm 0x55d0f2ec0ef0 [nranks=1] stream 0x55d0f18df7c0

[LYD INFO in ncclAllReduce (all_reduce.cc)] rank 0 AllReduce Time: 0.000036000 seconds
x3001c0s31b0n0:46261:46261 [2] NCCL INFO AllReduce: opCount 8 sendbuff 0x14dc7dbffa00 recvbuff 0x14dc7dbffa00 count 1 datatype 7 op 0 root 0 comm 0x55d0f4aa0530 [nranks=20] stream 0x55d0f1901b20
[LYD INFO in ncclLaunchKernel (enqueue.cc)] NCHANNELS is: 4[Hao INFO in ncclAllReduce (all_reduce.cc)] rank 3 ncclAllReduce: count: 6144, datatype: ncclFloat32/ncclFloat, message size: 24576 Bytes
x3001c0s31b0n0:46262:46262 [3] NCCL INFO AllReduce: opCount 0 sendbuff 0x14ef75e30000 recvbuff 0x14ef75e30000 count 6144 datatype 7 op 2 root 0 comm 0x557261b69bd0 [nranks=1] stream 0x55725e996be0

[LYD INFO in ncclAllReduce (all_reduce.cc)] rank 0 AllReduce Time: 0.000038000 seconds
[Hao INFO in ncclAllReduce (all_reduce.cc)] rank 3 ncclAllReduce: count: 6144, datatype: ncclFloat32/ncclFloat, message size: 24576 Bytes
x3001c0s31b0n0:46262:46262 [3] NCCL INFO AllReduce: opCount 0 sendbuff 0x14ef75e54000 recvbuff 0x14ef75e54000 count 6144 datatype 7 op 0 root 0 comm 0x557261b69bd0 [nranks=1] stream 0x55725e996be0

[LYD INFO in ncclAllReduce (all_reduce.cc)] rank 0 AllReduce Time: 0.000027000 seconds
[Hao INFO in ncclAllReduce (all_reduce.cc)] rank 3 ncclAllReduce: count: 6144, datatype: ncclFloat32/ncclFloat, message size: 24576 Bytes
x3001c0s31b0n0:46262:46262 [3] NCCL INFO AllReduce: opCount 0 sendbuff 0x14ef75e4e000 recvbuff 0x14ef75e4e000 count 6144 datatype 7 op 0 root 0 comm 0x557261b69bd0 [nranks=1] stream 0x55725e996be0

[LYD INFO in ncclAllReduce (all_reduce.cc)] rank 0 AllReduce Time: 0.000024000 seconds
x3001c0s31b0n0:46262:46262 [3] NCCL INFO AllReduce: opCount 8 sendbuff 0x14ef69bffa00 recvbuff 0x14ef69bffa00 count 1 datatype 7 op 0 root 0 comm 0x55726061d640 [nranks=20] stream 0x55725e996960
[LYD INFO in ncclLaunchKernel (enqueue.cc)] NCHANNELS is: 4[Hao INFO in ncclAllReduce (all_reduce.cc)] rank 0 ncclAllReduce: count: 6144, datatype: ncclFloat32/ncclFloat, message size: 24576 Bytes
x3001c0s31b0n0:46259:46259 [0] NCCL INFO AllReduce: opCount 0 sendbuff 0x153d01c30000 recvbuff 0x153d01c30000 count 6144 datatype 7 op 2 root 0 comm 0x55839ca856d0 [nranks=1] stream 0x55839b806d00

[LYD INFO in ncclAllReduce (all_reduce.cc)] rank 0 AllReduce Time: 0.000037000 seconds
[Hao INFO in ncclAllReduce (all_reduce.cc)] rank 0 ncclAllReduce: count: 6144, datatype: ncclFloat32/ncclFloat, message size: 24576 Bytes
x3001c0s31b0n0:46259:46259 [0] NCCL INFO AllReduce: opCount 0 sendbuff 0x153d01c54000 recvbuff 0x153d01c54000 count 6144 datatype 7 op 0 root 0 comm 0x55839ca856d0 [nranks=1] stream 0x55839b806d00

[LYD INFO in ncclAllReduce (all_reduce.cc)] rank 0 AllReduce Time: 0.000027000 seconds
[Hao INFO in ncclAllReduce (all_reduce.cc)] rank 0 ncclAllReduce: count: 6144, datatype: ncclFloat32/ncclFloat, message size: 24576 Bytes
x3001c0s31b0n0:46259:46259 [0] NCCL INFO AllReduce: opCount 0 sendbuff 0x153d01c4e000 recvbuff 0x153d01c4e000 count 6144 datatype 7 op 0 root 0 comm 0x55839ca856d0 [nranks=1] stream 0x55839b806d00

[LYD INFO in ncclAllReduce (all_reduce.cc)] rank 0 AllReduce Time: 0.000023000 seconds
[Hao INFO in ncclAllReduce (all_reduce.cc)] rank 0 ncclAllReduce: count: 1, datatype: ncclFloat32/ncclFloat, message size: 4 Bytes
x3001c0s31b0n0:46259:46259 [0] NCCL INFO AllReduce: opCount 8 sendbuff 0x153cf1bffa00 recvbuff 0x153cf1bffa00 count 1 datatype 7 op 0 root 0 comm 0x55839cb21d30 [nranks=20] stream 0x55839b8284b0

[LYD INFO in ncclAllReduce (all_reduce.cc)] rank 0 AllReduce Time: 0.000028000 seconds

[LYD INFO in getAlgoInfo (enqueue.cc)] algorithm a is: 0

[LYD INFO in getAlgoInfo (enqueue.cc)] algorithm a is: 1

[LYD INFO in getAlgoInfo (enqueue.cc)] rank: 0, Duration between Point 1 and Point 2: 0.000010000 seconds

