x3004c0s7b0n0:52864:57129 [2] NCCL INFO GPU/85000 :GPU/7000 (1/88.000000/NVL) GPU/46000 (1/88.000000/NVL) GPU/85000 (0/5000.000000/LOC) GPU/C7000 (1/88.000000/NVL) CPU/3 (3/24.000000/SYS) CPU/2 (3/24.000000/SYS) CPU/1 (2/24.000000/PHB) CPU/0 (3/24.000000/SYS) NET/1 (5/12.000000/SYS) NET/0 (5/12.000000/SYS) 
x3004c0s7b0n0:52864:57129 [2] NCCL INFO GPU/C7000 :GPU/7000 (1/88.000000/NVL) GPU/46000 (1/88.000000/NVL) GPU/85000 (1/88.000000/NVL) GPU/C7000 (0/5000.000000/LOC) CPU/3 (3/24.000000/SYS) CPU/2 (3/24.000000/SYS) CPU/1 (3/24.000000/SYS) CPU/0 (2/24.000000/PHB) NET/1 (5/12.000000/SYS) NET/0 (4/12.000000/PHB) 
x3004c0s7b0n0:52864:57129 [2] NCCL INFO NET/1 :GPU/7000 (5/12.000000/SYS) GPU/46000 (4/12.000000/PHB) GPU/85000 (5/12.000000/SYS) GPU/C7000 (5/12.000000/SYS) CPU/3 (3/12.000000/SYS) CPU/2 (2/12.000000/PHB) CPU/1 (3/12.000000/SYS) CPU/0 (3/12.000000/SYS) NET/1 (0/5000.000000/LOC) NET/0 (5/12.000000/SYS) 
x3004c0s7b0n0:52864:57129 [2] NCCL INFO NET/0 :GPU/7000 (5/12.000000/SYS) GPU/46000 (5/12.000000/SYS) GPU/85000 (5/12.000000/SYS) GPU/C7000 (4/12.000000/PHB) CPU/3 (3/12.000000/SYS) CPU/2 (3/12.000000/SYS) CPU/1 (3/12.000000/SYS) CPU/0 (2/12.000000/PHB) NET/1 (5/12.000000/SYS) NET/0 (0/5000.000000/LOC) 
x3004c0s7b0n0:52864:57129 [2] NCCL INFO Pattern 4, crossNic 0, nChannels 2, bw 12.000000/12.000000, type NVL/SYS, sameChannels 1
x3004c0s7b0n0:52864:57129 [2] NCCL INFO  0 : NET/1 GPU/17 GPU/16 GPU/18 GPU/19 NET/1
x3004c0s7b0n0:52864:57129 [2] NCCL INFO  1 : NET/0 GPU/17 GPU/16 GPU/18 GPU/19 NET/0
x3004c0s7b0n0:52864:57129 [2] NCCL INFO Pattern 1, crossNic 0, nChannels 2, bw 24.000000/12.000000, type NVL/SYS, sameChannels 1
x3004c0s7b0n0:52864:57129 [2] NCCL INFO  0 : NET/1 GPU/16 GPU/17 GPU/18 GPU/19 NET/1
x3004c0s7b0n0:52864:57129 [2] NCCL INFO  1 : NET/0 GPU/16 GPU/17 GPU/18 GPU/19 NET/0
x3004c0s7b0n0:52864:57129 [2] NCCL INFO Pattern 3, crossNic 0, nChannels 0, bw 0.000000/0.000000, type NVL/PIX, sameChannels 1
x3004c0s7b0n0:52865:57125 [3] NCCL INFO NET/IB : GPU Direct RDMA Enabled for HCA 0 'mlx5_0'
x3004c0s7b0n0:52865:57125 [3] NCCL INFO NET/IB : GPU Direct RDMA Enabled for HCA 1 'mlx5_1'
x3004c0s7b0n0:52865:57125 [3] NCCL INFO GPU Direct RDMA Disabled for GPU 7000 / HCA 1 (distance 7 > 4)
x3004c0s7b0n0:52865:57125 [3] NCCL INFO GPU Direct RDMA Disabled for GPU 46000 / HCA 1 (distance 6 > 4)
x3004c0s7b0n0:52865:57125 [3] NCCL INFO GPU Direct RDMA Disabled for GPU 85000 / HCA 1 (distance 7 > 4)
x3004c0s7b0n0:52865:57125 [3] NCCL INFO GPU Direct RDMA Disabled for GPU c7000 / HCA 1 (distance 7 > 4)
x3004c0s7b0n0:52865:57125 [3] NCCL INFO GPU Direct RDMA Disabled for GPU 7000 / HCA 0 (distance 7 > 4)
x3004c0s7b0n0:52865:57125 [3] NCCL INFO GPU Direct RDMA Disabled for GPU 46000 / HCA 0 (distance 7 > 4)
x3004c0s7b0n0:52865:57125 [3] NCCL INFO GPU Direct RDMA Disabled for GPU 85000 / HCA 0 (distance 7 > 4)
x3004c0s7b0n0:52865:57125 [3] NCCL INFO GPU Direct RDMA Disabled for GPU c7000 / HCA 0 (distance 6 > 4)
x3004c0s7b0n0:52865:57125 [3] NCCL INFO GPU Direct RDMA Disabled for GPU 7000 / HCA 1 (distance 7 > 4)
x3004c0s7b0n0:52865:57125 [3] NCCL INFO GPU Direct RDMA Disabled for GPU 46000 / HCA 1 (distance 6 > 4)
x3004c0s7b0n0:52865:57125 [3] NCCL INFO GPU Direct RDMA Disabled for GPU 85000 / HCA 1 (distance 7 > 4)
x3004c0s7b0n0:52865:57125 [3] NCCL INFO GPU Direct RDMA Disabled for GPU c7000 / HCA 1 (distance 7 > 4)
x3004c0s7b0n0:52865:57125 [3] NCCL INFO GPU Direct RDMA Disabled for GPU 7000 / HCA 0 (distance 7 > 4)
x3004c0s7b0n0:52865:57125 [3] NCCL INFO GPU Direct RDMA Disabled for GPU 46000 / HCA 0 (distance 7 > 4)
x3004c0s7b0n0:52865:57125 [3] NCCL INFO GPU Direct RDMA Disabled for GPU 85000 / HCA 0 (distance 7 > 4)
x3004c0s7b0n0:52865:57125 [3] NCCL INFO GPU Direct RDMA Disabled for GPU c7000 / HCA 0 (distance 6 > 4)
x3004c0s7b0n0:52865:57125 [3] NCCL INFO === System : maxBw 12.0 totalBw 264.0 ===
x3004c0s7b0n0:52865:57125 [3] NCCL INFO CPU/3 (1/2/-1)
x3004c0s7b0n0:52865:57125 [3] NCCL INFO + SYS[5000.0] - CPU/2
x3004c0s7b0n0:52865:57125 [3] NCCL INFO + SYS[5000.0] - CPU/1
x3004c0s7b0n0:52865:57125 [3] NCCL INFO + SYS[5000.0] - CPU/0
x3004c0s7b0n0:52865:57125 [3] NCCL INFO + PCI[24.0] - PCI/5000 (11f8406811f8beef)
x3004c0s7b0n0:52865:57125 [3] NCCL INFO               + PCI[24.0] - GPU/7000 (16)
x3004c0s7b0n0:52865:57125 [3] NCCL INFO                             + NVL[88.0] - GPU/85000
x3004c0s7b0n0:52865:57125 [3] NCCL INFO                             + NVL[88.0] - GPU/C7000
x3004c0s7b0n0:52865:57125 [3] NCCL INFO                             + NVL[88.0] - GPU/46000
x3004c0s7b0n0:52865:57125 [3] NCCL INFO CPU/2 (1/2/-1)
x3004c0s7b0n0:52865:57125 [3] NCCL INFO + SYS[5000.0] - CPU/3
x3004c0s7b0n0:52865:57125 [3] NCCL INFO + SYS[5000.0] - CPU/1
x3004c0s7b0n0:52865:57125 [3] NCCL INFO + SYS[5000.0] - CPU/0
x3004c0s7b0n0:52865:57125 [3] NCCL INFO + PCI[24.0] - PCI/44000 (11f8406811f8beef)
x3004c0s7b0n0:52865:57125 [3] NCCL INFO               + PCI[24.0] - GPU/46000 (17)
x3004c0s7b0n0:52865:57125 [3] NCCL INFO                             + NVL[88.0] - GPU/85000
x3004c0s7b0n0:52865:57125 [3] NCCL INFO                             + NVL[88.0] - GPU/C7000
x3004c0s7b0n0:52865:57125 [3] NCCL INFO                             + NVL[88.0] - GPU/7000
x3004c0s7b0n0:52865:57125 [3] NCCL INFO + PCI[12.0] - NIC/43000
x3004c0s7b0n0:52865:57125 [3] NCCL INFO               + NET[12.5] - NET/1 (800704ffffa4e988/1/12.500000)
x3004c0s7b0n0:52865:57125 [3] NCCL INFO CPU/1 (1/2/-1)
x3004c0s7b0n0:52865:57125 [3] NCCL INFO + SYS[5000.0] - CPU/3
x3004c0s7b0n0:52865:57125 [3] NCCL INFO + SYS[5000.0] - CPU/2
x3004c0s7b0n0:52865:57125 [3] NCCL INFO + SYS[5000.0] - CPU/0
x3004c0s7b0n0:52865:57125 [3] NCCL INFO + PCI[24.0] - PCI/83000 (11f8406811f8beef)
x3004c0s7b0n0:52865:57125 [3] NCCL INFO               + PCI[24.0] - GPU/85000 (18)
x3004c0s7b0n0:52865:57125 [3] NCCL INFO                             + NVL[88.0] - GPU/C7000
x3004c0s7b0n0:52865:57125 [3] NCCL INFO                             + NVL[88.0] - GPU/46000
x3004c0s7b0n0:52865:57125 [3] NCCL INFO                             + NVL[88.0] - GPU/7000
x3004c0s7b0n0:52865:57125 [3] NCCL INFO CPU/0 (1/2/-1)
x3004c0s7b0n0:52865:57125 [3] NCCL INFO + SYS[5000.0] - CPU/3
x3004c0s7b0n0:52865:57125 [3] NCCL INFO + SYS[5000.0] - CPU/2
x3004c0s7b0n0:52865:57125 [3] NCCL INFO + SYS[5000.0] - CPU/1
x3004c0s7b0n0:52865:57125 [3] NCCL INFO + PCI[24.0] - PCI/C5000 (11f8406811f8beef)
x3004c0s7b0n0:52865:57125 [3] NCCL INFO               + PCI[24.0] - GPU/C7000 (19)
x3004c0s7b0n0:52865:57125 [3] NCCL INFO                             + NVL[88.0] - GPU/85000
x3004c0s7b0n0:52865:57125 [3] NCCL INFO                             + NVL[88.0] - GPU/46000
x3004c0s7b0n0:52865:57125 [3] NCCL INFO                             + NVL[88.0] - GPU/7000
x3004c0s7b0n0:52865:57125 [3] NCCL INFO + PCI[12.0] - NIC/C8000
x3004c0s7b0n0:52865:57125 [3] NCCL INFO               + NET[12.5] - NET/0 (8604ffffa4e988/1/12.500000)
x3004c0s7b0n0:52865:57125 [3] NCCL INFO ==========================================
x3004c0s7b0n0:52865:57125 [3] NCCL INFO GPU/7000 :GPU/7000 (0/5000.000000/LOC) GPU/46000 (1/88.000000/NVL) GPU/85000 (1/88.000000/NVL) GPU/C7000 (1/88.000000/NVL) CPU/3 (2/24.000000/PHB) CPU/2 (3/24.000000/SYS) CPU/1 (3/24.000000/SYS) CPU/0 (3/24.000000/SYS) NET/1 (5/12.000000/SYS) NET/0 (5/12.000000/SYS) 
x3004c0s7b0n0:52865:57125 [3] NCCL INFO GPU/46000 :GPU/7000 (1/88.000000/NVL) GPU/46000 (0/5000.000000/LOC) GPU/85000 (1/88.000000/NVL) GPU/C7000 (1/88.000000/NVL) CPU/3 (3/24.000000/SYS) CPU/2 (2/24.000000/PHB) CPU/1 (3/24.000000/SYS) CPU/0 (3/24.000000/SYS) NET/1 (4/12.000000/PHB) NET/0 (5/12.000000/SYS) 
x3004c0s7b0n0:52865:57125 [3] NCCL INFO GPU/85000 :GPU/7000 (1/88.000000/NVL) GPU/46000 (1/88.000000/NVL) GPU/85000 (0/5000.000000/LOC) GPU/C7000 (1/88.000000/NVL) CPU/3 (3/24.000000/SYS) CPU/2 (3/24.000000/SYS) CPU/1 (2/24.000000/PHB) CPU/0 (3/24.000000/SYS) NET/1 (5/12.000000/SYS) NET/0 (5/12.000000/SYS) 
x3004c0s7b0n0:52865:57125 [3] NCCL INFO GPU/C7000 :GPU/7000 (1/88.000000/NVL) GPU/46000 (1/88.000000/NVL) GPU/85000 (1/88.000000/NVL) GPU/C7000 (0/5000.000000/LOC) CPU/3 (3/24.000000/SYS) CPU/2 (3/24.000000/SYS) CPU/1 (3/24.000000/SYS) CPU/0 (2/24.000000/PHB) NET/1 (5/12.000000/SYS) NET/0 (4/12.000000/PHB) 
x3004c0s7b0n0:52865:57125 [3] NCCL INFO NET/1 :GPU/7000 (5/12.000000/SYS) GPU/46000 (4/12.000000/PHB) GPU/85000 (5/12.000000/SYS) GPU/C7000 (5/12.000000/SYS) CPU/3 (3/12.000000/SYS) CPU/2 (2/12.000000/PHB) CPU/1 (3/12.000000/SYS) CPU/0 (3/12.000000/SYS) NET/1 (0/5000.000000/LOC) NET/0 (5/12.000000/SYS) 
x3004c0s7b0n0:52865:57125 [3] NCCL INFO NET/0 :GPU/7000 (5/12.000000/SYS) GPU/46000 (5/12.000000/SYS) GPU/85000 (5/12.000000/SYS) GPU/C7000 (4/12.000000/PHB) CPU/3 (3/12.000000/SYS) CPU/2 (3/12.000000/SYS) CPU/1 (3/12.000000/SYS) CPU/0 (2/12.000000/PHB) NET/1 (5/12.000000/SYS) NET/0 (0/5000.000000/LOC) 
x3004c0s7b0n0:52865:57125 [3] NCCL INFO Setting affinity for GPU 3 to 01
x3004c0s7b0n0:52865:57125 [3] NCCL INFO Pattern 4, crossNic 0, nChannels 2, bw 12.000000/12.000000, type NVL/SYS, sameChannels 1
x3004c0s7b0n0:52865:57125 [3] NCCL INFO  0 : NET/1 GPU/17 GPU/16 GPU/18 GPU/19 NET/1
x3004c0s7b0n0:52865:57125 [3] NCCL INFO  1 : NET/0 GPU/17 GPU/16 GPU/18 GPU/19 NET/0
x3004c0s7b0n0:52865:57125 [3] NCCL INFO Pattern 1, crossNic 0, nChannels 2, bw 24.000000/12.000000, type NVL/SYS, sameChannels 1
x3004c0s7b0n0:52865:57125 [3] NCCL INFO  0 : NET/1 GPU/16 GPU/17 GPU/18 GPU/19 NET/1
x3004c0s7b0n0:52865:57125 [3] NCCL INFO  1 : NET/0 GPU/16 GPU/17 GPU/18 GPU/19 NET/0
x3004c0s7b0n0:52865:57125 [3] NCCL INFO Pattern 3, crossNic 0, nChannels 0, bw 0.000000/0.000000, type NVL/PIX, sameChannels 1
x3004c0s7b0n0:52865:57125 [3] NCCL INFO Ring 00 : 18 -> 19 -> 1
x3004c0s7b0n0:52865:57125 [3] NCCL INFO Ring 01 : 18 -> 19 -> 1
x3004c0s7b0n0:52865:57125 [3] NCCL INFO Ring 02 : 18 -> 19 -> 1
x3004c0s7b0n0:52865:57125 [3] NCCL INFO Ring 03 : 18 -> 19 -> 1
x3004c0s7b0n0:52865:57125 [3] NCCL INFO Trees [0] -1/-1/-1->19->18 [1] -1/-1/-1->19->18 [2] -1/-1/-1->19->18 [3] -1/-1/-1->19->18
x3004c0s7b0n0:52865:57125 [3] NCCL INFO misc/utils.cc:235 memory stack hunk malloc(65536)
x3004c0s7b0n0:52865:57125 [3] NCCL INFO channel.cc:23 Cuda Alloc Size 8064 pointer 0x1521e3819a00
x3004c0s7b0n0:52865:57125 [3] NCCL INFO channel.cc:27 Cuda Alloc Size 80 pointer 0x1521e381ba00
x3004c0s7b0n0:52865:57125 [3] NCCL INFO channel.cc:23 Cuda Alloc Size 8064 pointer 0x1521e381bc00
x3004c0s7b0n0:52865:57125 [3] NCCL INFO channel.cc:27 Cuda Alloc Size 80 pointer 0x1521e381dc00
x3004c0s7b0n0:52865:57125 [3] NCCL INFO channel.cc:23 Cuda Alloc Size 8064 pointer 0x1521e381de00
x3004c0s7b0n0:52865:57125 [3] NCCL INFO channel.cc:27 Cuda Alloc Size 80 pointer 0x1521e381fe00
x3004c0s7b0n0:52865:57125 [3] NCCL INFO channel.cc:23 Cuda Alloc Size 8064 pointer 0x1521e3820000
x3004c0s7b0n0:52865:57125 [3] NCCL INFO channel.cc:27 Cuda Alloc Size 80 pointer 0x1521e3822000
x3004c0s7b0n0:52865:57303 [3] NCCL INFO Mem Realloc old size 0, new size 8 pointer 0x152150000c60
x3004c0s7b0n0:52865:57303 [3] NCCL INFO New proxy recv connection 0 from local rank 3, transport 0
x3004c0s7b0n0:52865:57125 [3] NCCL INFO Connection to proxy localRank 3 -> connection 0x152150000c80
x3004c0s7b0n0:52865:57303 [3] NCCL INFO transport/p2p.cc:449 Cuda Alloc Size 6291456 pointer 0x15217f800000
x3004c0s7b0n0:52865:57303 [3] NCCL INFO New proxy recv connection 1 from local rank 3, transport 0
x3004c0s7b0n0:52865:57125 [3] NCCL INFO Connection to proxy localRank 3 -> connection 0x152150000cc0
x3004c0s7b0n0:52865:57303 [3] NCCL INFO transport/p2p.cc:449 Cuda Alloc Size 6291456 pointer 0x152189a00000
x3004c0s7b0n0:52865:57303 [3] NCCL INFO New proxy recv connection 2 from local rank 3, transport 0
x3004c0s7b0n0:52865:57125 [3] NCCL INFO Connection to proxy localRank 3 -> connection 0x152150000d00
x3004c0s7b0n0:52865:57303 [3] NCCL INFO transport/p2p.cc:449 Cuda Alloc Size 6291456 pointer 0x15219fa00000
x3004c0s7b0n0:52865:57303 [3] NCCL INFO New proxy recv connection 3 from local rank 3, transport 0
x3004c0s7b0n0:52865:57125 [3] NCCL INFO Connection to proxy localRank 3 -> connection 0x152150000d40
x3004c0s7b0n0:52865:57303 [3] NCCL INFO transport/p2p.cc:449 Cuda Alloc Size 6291456 pointer 0x152197a00000
x3004c0s7b0n0:52862:57127 [0] NCCL INFO Tree 0 : 0 -> 16 -> 17/-1/-1
x3004c0s7b0n0:52862:57127 [0] NCCL INFO Tree 2 : 12 -> 16 -> 17/-1/-1
x3004c0s7b0n0:52862:57127 [0] NCCL INFO Tree 1 : 0 -> 16 -> 17/-1/-1
x3004c0s7b0n0:52862:57127 [0] NCCL INFO Tree 3 : 12 -> 16 -> 17/-1/-1
x3004c0s7b0n0:52862:57127 [0] NCCL INFO Ring 00 : 17 -> 16 -> 18
x3004c0s7b0n0:52862:57127 [0] NCCL INFO Ring 01 : 17 -> 16 -> 18
x3004c0s7b0n0:52862:57127 [0] NCCL INFO Ring 02 : 17 -> 16 -> 18
x3004c0s7b0n0:52862:57127 [0] NCCL INFO Ring 03 : 17 -> 16 -> 18
x3004c0s7b0n0:52862:57127 [0] NCCL INFO Trees [0] 17/-1/-1->16->0 [1] 17/-1/-1->16->0 [2] 17/-1/-1->16->12 [3] 17/-1/-1->16->12
x3004c0s7b0n0:52862:57127 [0] NCCL INFO misc/utils.cc:235 memory stack hunk malloc(65536)
x3004c0s7b0n0:52862:57127 [0] NCCL INFO channel.cc:23 Cuda Alloc Size 8064 pointer 0x146375817400
x3004c0s7b0n0:52862:57127 [0] NCCL INFO channel.cc:27 Cuda Alloc Size 80 pointer 0x146375819400
x3004c0s7b0n0:52862:57127 [0] NCCL INFO channel.cc:23 Cuda Alloc Size 8064 pointer 0x146375819600
x3004c0s7b0n0:52862:57127 [0] NCCL INFO channel.cc:27 Cuda Alloc Size 80 pointer 0x14637581b600
x3004c0s7b0n0:52862:57127 [0] NCCL INFO channel.cc:23 Cuda Alloc Size 8064 pointer 0x14637581b800
x3004c0s7b0n0:52862:57127 [0] NCCL INFO channel.cc:27 Cuda Alloc Size 80 pointer 0x14637581d800
x3004c0s7b0n0:52862:57127 [0] NCCL INFO channel.cc:23 Cuda Alloc Size 8064 pointer 0x14637581da00
x3004c0s7b0n0:52862:57127 [0] NCCL INFO channel.cc:27 Cuda Alloc Size 80 pointer 0x14637581fa00
x3004c0s7b0n0:52862:57127 [0] NCCL INFO Channel 00/0 : 16[7000] -> 18[85000] via P2P/IPC/read
x3004c0s7b0n0:52863:57128 [1] NCCL INFO Tree 0 : 16 -> 17 -> 18/8/-1
x3004c0s7b0n0:52863:57128 [1] NCCL INFO Tree 2 : 16 -> 17 -> 18/-1/-1
x3004c0s7b0n0:52863:57128 [1] NCCL INFO Tree 1 : 16 -> 17 -> 18/8/-1
x3004c0s7b0n0:52863:57128 [1] NCCL INFO Tree 3 : 16 -> 17 -> 18/-1/-1
x3004c0s7b0n0:52863:57128 [1] NCCL INFO Ring 00 : 15 -> 17 -> 16
x3004c0s7b0n0:52863:57128 [1] NCCL INFO Ring 01 : 15 -> 17 -> 16
x3004c0s7b0n0:52863:57128 [1] NCCL INFO Ring 02 : 15 -> 17 -> 16
x3004c0s7b0n0:52863:57128 [1] NCCL INFO Ring 03 : 15 -> 17 -> 16
x3004c0s7b0n0:52863:57128 [1] NCCL INFO Trees [0] 18/8/-1->17->16 [1] 18/8/-1->17->16 [2] 18/-1/-1->17->16 [3] 18/-1/-1->17->16
x3004c0s7b0n0:52863:57128 [1] NCCL INFO misc/utils.cc:235 memory stack hunk malloc(65536)
x3004c0s7b0n0:52863:57128 [1] NCCL INFO channel.cc:23 Cuda Alloc Size 8064 pointer 0x15292b817400
x3004c0s7b0n0:52863:57128 [1] NCCL INFO channel.cc:27 Cuda Alloc Size 80 pointer 0x15292b819400
x3004c0s7b0n0:52863:57128 [1] NCCL INFO channel.cc:23 Cuda Alloc Size 8064 pointer 0x15292b819600
x3004c0s7b0n0:52863:57128 [1] NCCL INFO channel.cc:27 Cuda Alloc Size 80 pointer 0x15292b81b600
x3004c0s7b0n0:52863:57128 [1] NCCL INFO channel.cc:23 Cuda Alloc Size 8064 pointer 0x15292b81b800
x3004c0s7b0n0:52863:57128 [1] NCCL INFO channel.cc:27 Cuda Alloc Size 80 pointer 0x15292b81d800
x3004c0s7b0n0:52863:57128 [1] NCCL INFO channel.cc:23 Cuda Alloc Size 8064 pointer 0x15292b81da00
x3004c0s7b0n0:52863:57128 [1] NCCL INFO channel.cc:27 Cuda Alloc Size 80 pointer 0x15292b81fa00
x3004c0s7b0n0:52863:57128 [1] NCCL INFO GPU Direct RDMA Disabled for GPU 46000 / HCA 1 (distance 6 > 4)
x3004c0s7b0n0:52862:57297 [0] NCCL INFO Mem Realloc old size 0, new size 8 pointer 0x14631c000c60
x3004c0s7b0n0:52862:57297 [0] NCCL INFO New proxy send connection 0 from local rank 0, transport 0
x3004c0s7b0n0:52862:57127 [0] NCCL INFO Connection to proxy localRank 0 -> connection 0x14631c000c80
x3004c0s7b0n0:52862:57297 [0] NCCL INFO transport/p2p.cc:430 Cuda Alloc Size 6291456 pointer 0x146357a00000
x3004c0s7b0n0:52863:57301 [1] NCCL INFO Mem Realloc old size 0, new size 8 pointer 0x1528d4000c60
x3004c0s7b0n0:52863:57301 [1] NCCL INFO Allocated 4194656 bytes of shared memory in /dev/shm/nccl-EFtvar

x3004c0s7b0n0:52863:57301 [1] NCCL INFO New proxy recv connection 0 from local rank 1, transport 2
x3004c0s7b0n0:52863:57128 [1] NCCL INFO Connection to proxy localRank 1 -> connection 0x1528d4000c80
x3004c0s7b0n0:52864:57129 [2] NCCL INFO Ring 00 : 16 -> 18 -> 19
x3004c0s7b0n0:52864:57129 [2] NCCL INFO Ring 01 : 16 -> 18 -> 19
x3004c0s7b0n0:52864:57129 [2] NCCL INFO Ring 02 : 16 -> 18 -> 19
x3004c0s7b0n0:52864:57129 [2] NCCL INFO Ring 03 : 16 -> 18 -> 19
x3004c0s7b0n0:52864:57129 [2] NCCL INFO Trees [0] 19/-1/-1->18->17 [1] 19/-1/-1->18->17 [2] 19/-1/-1->18->17 [3] 19/-1/-1->18->17
x3004c0s7b0n0:52864:57129 [2] NCCL INFO misc/utils.cc:235 memory stack hunk malloc(65536)
x3004c0s7b0n0:52864:57129 [2] NCCL INFO channel.cc:23 Cuda Alloc Size 8064 pointer 0x1466b7e17400
x3004c0s7b0n0:52864:57129 [2] NCCL INFO channel.cc:27 Cuda Alloc Size 80 pointer 0x1466b7e19400
x3004c0s7b0n0:52864:57129 [2] NCCL INFO channel.cc:23 Cuda Alloc Size 8064 pointer 0x1466b7e19600
x3004c0s7b0n0:52864:57129 [2] NCCL INFO channel.cc:27 Cuda Alloc Size 80 pointer 0x1466b7e1b600
x3004c0s7b0n0:52864:57129 [2] NCCL INFO channel.cc:23 Cuda Alloc Size 8064 pointer 0x1466b7e1b800
x3004c0s7b0n0:52864:57129 [2] NCCL INFO channel.cc:27 Cuda Alloc Size 80 pointer 0x1466b7e1d800
x3004c0s7b0n0:52864:57129 [2] NCCL INFO channel.cc:23 Cuda Alloc Size 8064 pointer 0x1466b7e1da00
x3004c0s7b0n0:52864:57129 [2] NCCL INFO channel.cc:27 Cuda Alloc Size 80 pointer 0x1466b7e1fa00
x3004c0s7b0n0:52864:57129 [2] NCCL INFO Channel 00/0 : 18[85000] -> 19[c7000] via P2P/IPC/read
x3004c0s7b0n0:52864:57302 [2] NCCL INFO Mem Realloc old size 0, new size 8 pointer 0x146638000c60
x3004c0s7b0n0:52864:57302 [2] NCCL INFO New proxy send connection 0 from local rank 2, transport 0
x3004c0s7b0n0:52862:57127 [0] NCCL INFO Channel 01/0 : 16[7000] -> 18[85000] via P2P/IPC/read
x3004c0s7b0n0:52863:57128 [1] NCCL INFO Channel 00/0 : 15[c7000] -> 17[46000] [receive] via NET/IB/1
x3004c0s7b0n0:52863:57128 [1] NCCL INFO GPU Direct RDMA Disabled for GPU 46000 / HCA 0 (distance 7 > 4)
x3004c0s7b0n0:52862:57297 [0] NCCL INFO New proxy send connection 1 from local rank 0, transport 0
x3004c0s7b0n0:52863:57301 [1] NCCL INFO New proxy recv connection 1 from local rank 1, transport 2
x3004c0s7b0n0:52864:57129 [2] NCCL INFO Connection to proxy localRank 2 -> connection 0x146638000c80
x3004c0s7b0n0:52864:57302 [2] NCCL INFO transport/p2p.cc:430 Cuda Alloc Size 6291456 pointer 0x14669c000000
x3004c0s7b0n0:52862:57127 [0] NCCL INFO Connection to proxy localRank 0 -> connection 0x14631c000cc0
x3004c0s7b0n0:52863:57128 [1] NCCL INFO Connection to proxy localRank 1 -> connection 0x1528d4000cc0
x3004c0s7b0n0:52862:57297 [0] NCCL INFO transport/p2p.cc:430 Cuda Alloc Size 6291456 pointer 0x146397800000
x3004c0s7b0n0:52864:57129 [2] NCCL INFO Channel 01/0 : 18[85000] -> 19[c7000] via P2P/IPC/read
x3004c0s7b0n0:52864:57302 [2] NCCL INFO New proxy send connection 1 from local rank 2, transport 0
x3004c0s7b0n0:52862:57127 [0] NCCL INFO Channel 02/0 : 16[7000] -> 18[85000] via P2P/IPC/read
x3004c0s7b0n0:52863:57128 [1] NCCL INFO Channel 01/0 : 15[c7000] -> 17[46000] [receive] via NET/IB/0
x3004c0s7b0n0:52863:57128 [1] NCCL INFO GPU Direct RDMA Disabled for GPU 46000 / HCA 1 (distance 6 > 4)
x3004c0s7b0n0:52863:57301 [1] NCCL INFO New proxy recv connection 2 from local rank 1, transport 2
x3004c0s7b0n0:52862:57297 [0] NCCL INFO New proxy send connection 2 from local rank 0, transport 0
x3004c0s7b0n0:52864:57129 [2] NCCL INFO Connection to proxy localRank 2 -> connection 0x146638000cc0
x3004c0s7b0n0:52864:57302 [2] NCCL INFO transport/p2p.cc:430 Cuda Alloc Size 6291456 pointer 0x14669c600000
x3004c0s7b0n0:52864:57129 [2] NCCL INFO Channel 02/0 : 18[85000] -> 19[c7000] via P2P/IPC/read
x3004c0s7b0n0:52864:57302 [2] NCCL INFO New proxy send connection 2 from local rank 2, transport 0
x3004c0s7b0n0:52862:57127 [0] NCCL INFO Connection to proxy localRank 0 -> connection 0x14631c000d00
x3004c0s7b0n0:52863:57128 [1] NCCL INFO Connection to proxy localRank 1 -> connection 0x1528d4000d00
x3004c0s7b0n0:52864:57129 [2] NCCL INFO Connection to proxy localRank 2 -> connection 0x146638000d00
x3004c0s7b0n0:52862:57297 [0] NCCL INFO transport/p2p.cc:430 Cuda Alloc Size 6291456 pointer 0x146397e00000
x3004c0s7b0n0:52863:57128 [1] NCCL INFO Channel 02/0 : 15[c7000] -> 17[46000] [receive] via NET/IB/1
x3004c0s7b0n0:52863:57128 [1] NCCL INFO GPU Direct RDMA Disabled for GPU 46000 / HCA 0 (distance 7 > 4)
x3004c0s7b0n0:52863:57301 [1] NCCL INFO New proxy recv connection 3 from local rank 1, transport 2
x3004c0s7b0n0:52862:57127 [0] NCCL INFO Channel 03/0 : 16[7000] -> 18[85000] via P2P/IPC/read
x3004c0s7b0n0:52862:57297 [0] NCCL INFO New proxy send connection 3 from local rank 0, transport 0
x3004c0s7b0n0:52863:57128 [1] NCCL INFO Connection to proxy localRank 1 -> connection 0x1528d4000d40
x3004c0s7b0n0:52862:57127 [0] NCCL INFO Connection to proxy localRank 0 -> connection 0x14631c000d40
x3004c0s7b0n0:52862:57297 [0] NCCL INFO transport/p2p.cc:430 Cuda Alloc Size 6291456 pointer 0x146398400000
x3004c0s7b0n0:52864:57302 [2] NCCL INFO transport/p2p.cc:430 Cuda Alloc Size 6291456 pointer 0x14669cc00000
x3004c0s7b0n0:52864:57129 [2] NCCL INFO Channel 03/0 : 18[85000] -> 19[c7000] via P2P/IPC/read
x3004c0s7b0n0:52864:57302 [2] NCCL INFO New proxy send connection 3 from local rank 2, transport 0
x3004c0s7b0n0:52864:57129 [2] NCCL INFO Connection to proxy localRank 2 -> connection 0x146638000d40
x3004c0s7b0n0:52863:57128 [1] NCCL INFO Channel 03/0 : 15[c7000] -> 17[46000] [receive] via NET/IB/0
x3004c0s7b0n0:52864:57302 [2] NCCL INFO transport/p2p.cc:430 Cuda Alloc Size 6291456 pointer 0x14669d200000
x3004c0s7b0n0:52865:57125 [3] NCCL INFO GPU Direct RDMA Disabled for GPU c7000 / HCA 1 (distance 7 > 4)
x3004c0s7b0n0:52865:57303 [3] NCCL INFO Allocated 4194656 bytes of shared memory in /dev/shm/nccl-DLdcqC

x3004c0s7b0n0:52865:57303 [3] NCCL INFO New proxy send connection 4 from local rank 3, transport 2
x3004c0s7b0n0:52864:57302 [2] NCCL INFO New proxy recv connection 4 from local rank 2, transport 0
x3004c0s7b0n0:52864:57129 [2] NCCL INFO Connection to proxy localRank 2 -> connection 0x146638000d80
x3004c0s7b0n0:52864:57302 [2] NCCL INFO transport/p2p.cc:449 Cuda Alloc Size 6291456 pointer 0x1466cf400000
x3004c0s7b0n0:52865:57125 [3] NCCL INFO Connection to proxy localRank 3 -> connection 0x152150000d80
x3004c0s7b0n0:52865:57125 [3] NCCL INFO Channel 00/0 : 19[c7000] -> 1[46000] [send] via NET/IB/1
x3004c0s7b0n0:52865:57125 [3] NCCL INFO GPU Direct RDMA Disabled for GPU c7000 / HCA 0 (distance 6 > 4)
x3004c0s7b0n0:52865:57303 [3] NCCL INFO New proxy send connection 5 from local rank 3, transport 2
x3004c0s7b0n0:52864:57302 [2] NCCL INFO New proxy recv connection 5 from local rank 2, transport 0
x3004c0s7b0n0:52865:57125 [3] NCCL INFO Connection to proxy localRank 3 -> connection 0x152150000dc0
x3004c0s7b0n0:52865:57125 [3] NCCL INFO Channel 01/0 : 19[c7000] -> 1[46000] [send] via NET/IB/0
x3004c0s7b0n0:52865:57125 [3] NCCL INFO GPU Direct RDMA Disabled for GPU c7000 / HCA 1 (distance 7 > 4)
x3004c0s7b0n0:52865:57303 [3] NCCL INFO New proxy send connection 6 from local rank 3, transport 2
x3004c0s7b0n0:52864:57129 [2] NCCL INFO Connection to proxy localRank 2 -> connection 0x146638000dc0
x3004c0s7b0n0:52864:57302 [2] NCCL INFO transport/p2p.cc:449 Cuda Alloc Size 6291456 pointer 0x1466cfa00000
x3004c0s7b0n0:52865:57125 [3] NCCL INFO Connection to proxy localRank 3 -> connection 0x152150000e00
x3004c0s7b0n0:52865:57125 [3] NCCL INFO Channel 02/0 : 19[c7000] -> 1[46000] [send] via NET/IB/1
x3004c0s7b0n0:52865:57125 [3] NCCL INFO GPU Direct RDMA Disabled for GPU c7000 / HCA 0 (distance 6 > 4)
x3004c0s7b0n0:52865:57303 [3] NCCL INFO New proxy send connection 7 from local rank 3, transport 2
x3004c0s7b0n0:52864:57302 [2] NCCL INFO New proxy recv connection 6 from local rank 2, transport 0
x3004c0s7b0n0:52864:57129 [2] NCCL INFO Connection to proxy localRank 2 -> connection 0x146638000e00
x3004c0s7b0n0:52864:57302 [2] NCCL INFO transport/p2p.cc:449 Cuda Alloc Size 6291456 pointer 0x146703800000
x3004c0s7b0n0:52865:57125 [3] NCCL INFO Connection to proxy localRank 3 -> connection 0x152150000e40
x3004c0s7b0n0:52865:57125 [3] NCCL INFO Channel 03/0 : 19[c7000] -> 1[46000] [send] via NET/IB/0
x3004c0s7b0n0:52865:57303 [3] NCCL INFO transport/net_ib.cc:596 Ib Alloc Size 26560 pointer 0x15215001f000
x3004c0s7b0n0:52865:57303 [3] NCCL INFO NET/IB: Dev 1 Port 1 qpn 6014 mtu 5 GID 0 (80FE/EE0100FEFF000000)
x3004c0s7b0n0:52865:57303 [3] NCCL INFO transport/net_ib.cc:653 Ib Alloc Size 552 pointer 0x152150037000
x3004c0s7b0n0:52865:57303 [3] NCCL INFO transport/net.cc:571 Cuda Host Alloc Size 9641984 pointer 0x15214e000000
x3004c0s7b0n0:52864:57302 [2] NCCL INFO New proxy recv connection 7 from local rank 2, transport 0
x3004c0s7b0n0:52864:57129 [2] NCCL INFO Connection to proxy localRank 2 -> connection 0x146638000e40
x3004c0s7b0n0:52864:57302 [2] NCCL INFO transport/p2p.cc:449 Cuda Alloc Size 6291456 pointer 0x14663e000000
x3004c0s7b0n0:52865:57303 [3] NCCL INFO transport/net_ib.cc:596 Ib Alloc Size 26560 pointer 0x152150039000
x3004c0s7b0n0:52865:57303 [3] NCCL INFO NET/IB: Dev 0 Port 1 qpn 6967 mtu 5 GID 0 (80FE/AE0100FEFF000000)
x3004c0s7b0n0:52865:57303 [3] NCCL INFO transport/net_ib.cc:653 Ib Alloc Size 552 pointer 0x152150051000
x3004c0s7b0n0:52865:57303 [3] NCCL INFO transport/net.cc:571 Cuda Host Alloc Size 9641984 pointer 0x15214ea00000
x3004c0s7b0n0:52863:57301 [1] NCCL INFO transport/net_ib.cc:683 Ib Alloc Size 21688 pointer 0x1528d401d000
x3004c0s7b0n0:52863:57301 [1] NCCL INFO transport/net_ib.cc:696 Ib Alloc Size 552 pointer 0x1528d4024000
x3004c0s7b0n0:52864:57129 [2] NCCL INFO Connected all rings
x3004c0s7b0n0:52864:57302 [2] NCCL INFO New proxy recv connection 8 from local rank 2, transport 0
x3004c0s7b0n0:52862:57297 [0] NCCL INFO New proxy recv connection 4 from local rank 0, transport 0
x3004c0s7b0n0:52862:57127 [0] NCCL INFO Connection to proxy localRank 0 -> connection 0x14631c000d80
x3004c0s7b0n0:52865:57303 [3] NCCL INFO transport/net_ib.cc:596 Ib Alloc Size 26560 pointer 0x152150053000
x3004c0s7b0n0:52865:57303 [3] NCCL INFO NET/IB: Dev 1 Port 1 qpn 6015 mtu 5 GID 0 (80FE/EE0100FEFF000000)
x3004c0s7b0n0:52865:57303 [3] NCCL INFO transport/net_ib.cc:653 Ib Alloc Size 552 pointer 0x15215006a000
x3004c0s7b0n0:52865:57303 [3] NCCL INFO transport/net.cc:571 Cuda Host Alloc Size 9641984 pointer 0x15214f400000
x3004c0s7b0n0:52862:57297 [0] NCCL INFO transport/p2p.cc:449 Cuda Alloc Size 6291456 pointer 0x146322c00000
x3004c0s7b0n0:52865:57303 [3] NCCL INFO transport/net_ib.cc:596 Ib Alloc Size 26560 pointer 0x15215006c000
x3004c0s7b0n0:52865:57303 [3] NCCL INFO NET/IB: Dev 0 Port 1 qpn 6968 mtu 5 GID 0 (80FE/AE0100FEFF000000)
x3004c0s7b0n0:52865:57303 [3] NCCL INFO transport/net_ib.cc:653 Ib Alloc Size 552 pointer 0x152150083000
x3004c0s7b0n0:52865:57303 [3] NCCL INFO transport/net.cc:571 Cuda Host Alloc Size 9641984 pointer 0x15214c000000
x3004c0s7b0n0:52864:57129 [2] NCCL INFO Connection to proxy localRank 2 -> connection 0x146638000e80
x3004c0s7b0n0:52864:57302 [2] NCCL INFO transport/p2p.cc:449 Cuda Alloc Size 6291456 pointer 0x146636000000
x3004c0s7b0n0:52863:57301 [1] NCCL INFO transport/net_ib.cc:771 Ib Alloc Size 552 pointer 0x1528d4041000
x3004c0s7b0n0:52863:57301 [1] NCCL INFO transport/net.cc:698 Cuda Host Alloc Size 9641984 pointer 0x152952a00000
x3004c0s7b0n0:52863:57301 [1] NCCL INFO transport/net_ib.cc:683 Ib Alloc Size 21688 pointer 0x1528d4043000
x3004c0s7b0n0:52863:57301 [1] NCCL INFO transport/net_ib.cc:696 Ib Alloc Size 552 pointer 0x1528d404a000
x3004c0s7b0n0:52862:57297 [0] NCCL INFO New proxy recv connection 5 from local rank 0, transport 0
x3004c0s7b0n0:52865:57125 [3] NCCL INFO Connected all rings
x3004c0s7b0n0:52865:57125 [3] NCCL INFO Channel 00/0 : 19[c7000] -> 18[85000] via P2P/IPC/read
x3004c0s7b0n0:52865:57303 [3] NCCL INFO New proxy send connection 8 from local rank 3, transport 0
x3004c0s7b0n0:52864:57302 [2] NCCL INFO New proxy recv connection 9 from local rank 2, transport 0
x3004c0s7b0n0:52863:57301 [1] NCCL INFO transport/net_ib.cc:771 Ib Alloc Size 552 pointer 0x1528d4065000
x3004c0s7b0n0:52863:57301 [1] NCCL INFO transport/net.cc:698 Cuda Host Alloc Size 9641984 pointer 0x152953400000
x3004c0s7b0n0:52862:57127 [0] NCCL INFO Connection to proxy localRank 0 -> connection 0x14631c000dc0
x3004c0s7b0n0:52862:57297 [0] NCCL INFO transport/p2p.cc:449 Cuda Alloc Size 6291456 pointer 0x146323200000
x3004c0s7b0n0:52865:57125 [3] NCCL INFO Connection to proxy localRank 3 -> connection 0x152150000e80
x3004c0s7b0n0:52865:57303 [3] NCCL INFO transport/p2p.cc:430 Cuda Alloc Size 6291456 pointer 0x15214ca00000
x3004c0s7b0n0:52864:57129 [2] NCCL INFO Connection to proxy localRank 2 -> connection 0x146638000ec0
x3004c0s7b0n0:52864:57302 [2] NCCL INFO transport/p2p.cc:449 Cuda Alloc Size 6291456 pointer 0x146636600000
x3004c0s7b0n0:52863:57301 [1] NCCL INFO transport/net_ib.cc:683 Ib Alloc Size 21688 pointer 0x1528d4067000
x3004c0s7b0n0:52863:57301 [1] NCCL INFO transport/net_ib.cc:696 Ib Alloc Size 552 pointer 0x1528d406e000
x3004c0s7b0n0:52862:57297 [0] NCCL INFO New proxy recv connection 6 from local rank 0, transport 0
x3004c0s7b0n0:52864:57302 [2] NCCL INFO New proxy recv connection 10 from local rank 2, transport 0
x3004c0s7b0n0:52865:57125 [3] NCCL INFO Channel 01/0 : 19[c7000] -> 18[85000] via P2P/IPC/read
x3004c0s7b0n0:52865:57303 [3] NCCL INFO New proxy send connection 9 from local rank 3, transport 0
x3004c0s7b0n0:52865:57125 [3] NCCL INFO Connection to proxy localRank 3 -> connection 0x152150000ec0
x3004c0s7b0n0:52865:57303 [3] NCCL INFO transport/p2p.cc:430 Cuda Alloc Size 6291456 pointer 0x15214d000000
x3004c0s7b0n0:52865:57125 [3] NCCL INFO Channel 02/0 : 19[c7000] -> 18[85000] via P2P/IPC/read
x3004c0s7b0n0:52865:57303 [3] NCCL INFO New proxy send connection 10 from local rank 3, transport 0
x3004c0s7b0n0:52865:57125 [3] NCCL INFO Connection to proxy localRank 3 -> connection 0x152150000f00
x3004c0s7b0n0:52863:57301 [1] NCCL INFO transport/net_ib.cc:771 Ib Alloc Size 552 pointer 0x1528d4089000
x3004c0s7b0n0:52863:57301 [1] NCCL INFO transport/net.cc:698 Cuda Host Alloc Size 9641984 pointer 0x152953e00000
x3004c0s7b0n0:52863:57301 [1] NCCL INFO transport/net_ib.cc:683 Ib Alloc Size 21688 pointer 0x1528d408b000
x3004c0s7b0n0:52863:57301 [1] NCCL INFO transport/net_ib.cc:696 Ib Alloc Size 552 pointer 0x1528d4092000
x3004c0s7b0n0:52862:57127 [0] NCCL INFO Connection to proxy localRank 0 -> connection 0x14631c000e00
x3004c0s7b0n0:52863:57301 [1] NCCL INFO transport/net_ib.cc:771 Ib Alloc Size 552 pointer 0x1528d40ad000
x3004c0s7b0n0:52863:57301 [1] NCCL INFO transport/net.cc:698 Cuda Host Alloc Size 9641984 pointer 0x152954800000
x3004c0s7b0n0:52862:57297 [0] NCCL INFO transport/p2p.cc:449 Cuda Alloc Size 6291456 pointer 0x146323800000
x3004c0s7b0n0:52865:57303 [3] NCCL INFO transport/p2p.cc:430 Cuda Alloc Size 6291456 pointer 0x15214d600000
x3004c0s7b0n0:52864:57129 [2] NCCL INFO Connection to proxy localRank 2 -> connection 0x146638000f00
x3004c0s7b0n0:52864:57302 [2] NCCL INFO transport/p2p.cc:449 Cuda Alloc Size 6291456 pointer 0x146636c00000
x3004c0s7b0n0:52863:57128 [1] NCCL INFO Channel 00/0 : 17[46000] -> 16[7000] via P2P/IPC/read
x3004c0s7b0n0:52863:57301 [1] NCCL INFO New proxy send connection 4 from local rank 1, transport 0
x3004c0s7b0n0:52865:57125 [3] NCCL INFO Channel 03/0 : 19[c7000] -> 18[85000] via P2P/IPC/read
x3004c0s7b0n0:52865:57303 [3] NCCL INFO New proxy send connection 11 from local rank 3, transport 0
x3004c0s7b0n0:52862:57297 [0] NCCL INFO New proxy recv connection 7 from local rank 0, transport 0
x3004c0s7b0n0:52864:57302 [2] NCCL INFO New proxy recv connection 11 from local rank 2, transport 0
x3004c0s7b0n0:52863:57128 [1] NCCL INFO Connection to proxy localRank 1 -> connection 0x1528d4000d80
x3004c0s7b0n0:52863:57301 [1] NCCL INFO transport/p2p.cc:430 Cuda Alloc Size 6291456 pointer 0x152955200000
x3004c0s7b0n0:52862:57127 [0] NCCL INFO Connection to proxy localRank 0 -> connection 0x14631c000e40
x3004c0s7b0n0:52862:57297 [0] NCCL INFO transport/p2p.cc:449 Cuda Alloc Size 6291456 pointer 0x14631a000000
x3004c0s7b0n0:52865:57125 [3] NCCL INFO Connection to proxy localRank 3 -> connection 0x152150000f40
x3004c0s7b0n0:52865:57303 [3] NCCL INFO transport/p2p.cc:430 Cuda Alloc Size 6291456 pointer 0x15214a000000
x3004c0s7b0n0:52863:57128 [1] NCCL INFO Channel 01/0 : 17[46000] -> 16[7000] via P2P/IPC/read
x3004c0s7b0n0:52863:57301 [1] NCCL INFO New proxy send connection 5 from local rank 1, transport 0
x3004c0s7b0n0:52864:57129 [2] NCCL INFO Connection to proxy localRank 2 -> connection 0x146638000f40
x3004c0s7b0n0:52864:57302 [2] NCCL INFO transport/p2p.cc:449 Cuda Alloc Size 6291456 pointer 0x146637200000
x3004c0s7b0n0:52863:57128 [1] NCCL INFO Connection to proxy localRank 1 -> connection 0x1528d4000dc0
x3004c0s7b0n0:52863:57301 [1] NCCL INFO transport/p2p.cc:430 Cuda Alloc Size 6291456 pointer 0x1528ce000000
x3004c0s7b0n0:52863:57128 [1] NCCL INFO Channel 02/0 : 17[46000] -> 16[7000] via P2P/IPC/read
x3004c0s7b0n0:52863:57301 [1] NCCL INFO New proxy send connection 6 from local rank 1, transport 0
x3004c0s7b0n0:52863:57128 [1] NCCL INFO Connection to proxy localRank 1 -> connection 0x1528d4000e00
x3004c0s7b0n0:52863:57301 [1] NCCL INFO transport/p2p.cc:430 Cuda Alloc Size 6291456 pointer 0x1528ce600000
x3004c0s7b0n0:52863:57128 [1] NCCL INFO Channel 03/0 : 17[46000] -> 16[7000] via P2P/IPC/read
x3004c0s7b0n0:52863:57301 [1] NCCL INFO New proxy send connection 7 from local rank 1, transport 0
x3004c0s7b0n0:52863:57128 [1] NCCL INFO Connection to proxy localRank 1 -> connection 0x1528d4000e40
x3004c0s7b0n0:52863:57301 [1] NCCL INFO transport/p2p.cc:430 Cuda Alloc Size 6291456 pointer 0x1528cec00000
x3004c0s7b0n0:52863:57128 [1] NCCL INFO Connected all rings
x3004c0s7b0n0:52863:57301 [1] NCCL INFO New proxy recv connection 8 from local rank 1, transport 0
x3004c0s7b0n0:52862:57127 [0] NCCL INFO Connected all rings
x3004c0s7b0n0:52862:57127 [0] NCCL INFO Channel 00/0 : 16[7000] -> 17[46000] via P2P/IPC/read
x3004c0s7b0n0:52862:57297 [0] NCCL INFO New proxy send connection 8 from local rank 0, transport 0
x3004c0s7b0n0:52863:57128 [1] NCCL INFO Connection to proxy localRank 1 -> connection 0x1528d4000e80
x3004c0s7b0n0:52863:57301 [1] NCCL INFO transport/p2p.cc:449 Cuda Alloc Size 6291456 pointer 0x1528c6c00000
x3004c0s7b0n0:52862:57127 [0] NCCL INFO Connection to proxy localRank 0 -> connection 0x14631c000e80
x3004c0s7b0n0:52862:57297 [0] NCCL INFO transport/p2p.cc:430 Cuda Alloc Size 6291456 pointer 0x146318000000
x3004c0s7b0n0:52863:57301 [1] NCCL INFO New proxy recv connection 9 from local rank 1, transport 0
x3004c0s7b0n0:52862:57127 [0] NCCL INFO Channel 01/0 : 16[7000] -> 17[46000] via P2P/IPC/read
x3004c0s7b0n0:52862:57297 [0] NCCL INFO New proxy send connection 9 from local rank 0, transport 0
x3004c0s7b0n0:52863:57128 [1] NCCL INFO Connection to proxy localRank 1 -> connection 0x1528d4000ec0
x3004c0s7b0n0:52863:57301 [1] NCCL INFO transport/p2p.cc:449 Cuda Alloc Size 6291456 pointer 0x1528c7200000
x3004c0s7b0n0:52862:57127 [0] NCCL INFO Connection to proxy localRank 0 -> connection 0x14631c000ec0
x3004c0s7b0n0:52862:57297 [0] NCCL INFO transport/p2p.cc:430 Cuda Alloc Size 6291456 pointer 0x146318600000
x3004c0s7b0n0:52862:57127 [0] NCCL INFO Channel 02/0 : 16[7000] -> 17[46000] via P2P/IPC/read
x3004c0s7b0n0:52862:57297 [0] NCCL INFO New proxy send connection 10 from local rank 0, transport 0
x3004c0s7b0n0:52863:57301 [1] NCCL INFO New proxy recv connection 10 from local rank 1, transport 0
x3004c0s7b0n0:52862:57127 [0] NCCL INFO Connection to proxy localRank 0 -> connection 0x14631c000f00
x3004c0s7b0n0:52862:57297 [0] NCCL INFO transport/p2p.cc:430 Cuda Alloc Size 6291456 pointer 0x146318c00000
x3004c0s7b0n0:52863:57128 [1] NCCL INFO Connection to proxy localRank 1 -> connection 0x1528d4000f00
x3004c0s7b0n0:52863:57301 [1] NCCL INFO transport/p2p.cc:449 Cuda Alloc Size 6291456 pointer 0x1528c7800000
x3004c0s7b0n0:52863:57301 [1] NCCL INFO New proxy recv connection 11 from local rank 1, transport 0
x3004c0s7b0n0:52862:57127 [0] NCCL INFO Channel 03/0 : 16[7000] -> 17[46000] via P2P/IPC/read
x3004c0s7b0n0:52862:57297 [0] NCCL INFO New proxy send connection 11 from local rank 0, transport 0
x3004c0s7b0n0:52863:57128 [1] NCCL INFO Connection to proxy localRank 1 -> connection 0x1528d4000f40
x3004c0s7b0n0:52863:57301 [1] NCCL INFO transport/p2p.cc:449 Cuda Alloc Size 6291456 pointer 0x1528c4000000
x3004c0s7b0n0:52862:57127 [0] NCCL INFO Connection to proxy localRank 0 -> connection 0x14631c000f40
x3004c0s7b0n0:52862:57297 [0] NCCL INFO transport/p2p.cc:430 Cuda Alloc Size 6291456 pointer 0x146319200000
x3004c0s7b0n0:52863:57128 [1] NCCL INFO Channel 00/0 : 17[46000] -> 18[85000] via P2P/IPC/read
x3004c0s7b0n0:52863:57301 [1] NCCL INFO New proxy send connection 12 from local rank 1, transport 0
x3004c0s7b0n0:52863:57128 [1] NCCL INFO Connection to proxy localRank 1 -> connection 0x1528d4000f80
x3004c0s7b0n0:52863:57301 [1] NCCL INFO transport/p2p.cc:430 Cuda Alloc Size 6291456 pointer 0x1528c4600000
x3004c0s7b0n0:52863:57128 [1] NCCL INFO Channel 01/0 : 17[46000] -> 18[85000] via P2P/IPC/read
x3004c0s7b0n0:52863:57301 [1] NCCL INFO New proxy send connection 13 from local rank 1, transport 0
x3004c0s7b0n0:52863:57128 [1] NCCL INFO Connection to proxy localRank 1 -> connection 0x1528d4000fc0
x3004c0s7b0n0:52863:57301 [1] NCCL INFO transport/p2p.cc:430 Cuda Alloc Size 6291456 pointer 0x1528c4c00000
x3004c0s7b0n0:52863:57128 [1] NCCL INFO Channel 02/0 : 17[46000] -> 18[85000] via P2P/IPC/read
x3004c0s7b0n0:52863:57301 [1] NCCL INFO New proxy send connection 14 from local rank 1, transport 0
x3004c0s7b0n0:52863:57128 [1] NCCL INFO Connection to proxy localRank 1 -> connection 0x1528d4001000
x3004c0s7b0n0:52863:57301 [1] NCCL INFO transport/p2p.cc:430 Cuda Alloc Size 6291456 pointer 0x1528c5200000
x3004c0s7b0n0:52863:57128 [1] NCCL INFO Channel 03/0 : 17[46000] -> 18[85000] via P2P/IPC/read
x3004c0s7b0n0:52863:57301 [1] NCCL INFO New proxy send connection 15 from local rank 1, transport 0
x3004c0s7b0n0:52863:57128 [1] NCCL INFO Connection to proxy localRank 1 -> connection 0x1528d4001040
x3004c0s7b0n0:52863:57301 [1] NCCL INFO transport/p2p.cc:430 Cuda Alloc Size 6291456 pointer 0x1528c5800000
x3004c0s7b0n0:52863:57128 [1] NCCL INFO GPU Direct RDMA Disabled for GPU 46000 / HCA 1 (distance 6 > 4)
x3004c0s7b0n0:52862:57127 [0] NCCL INFO GPU Direct RDMA Disabled for GPU 7000 / HCA 1 (distance 7 > 4)
x3004c0s7b0n0:52862:57297 [0] NCCL INFO Allocated 4194656 bytes of shared memory in /dev/shm/nccl-m6EaAp

x3004c0s7b0n0:52862:57297 [0] NCCL INFO New proxy recv connection 12 from local rank 0, transport 2
x3004c0s7b0n0:52863:57301 [1] NCCL INFO New proxy recv connection 16 from local rank 1, transport 2
x3004c0s7b0n0:52864:57302 [2] NCCL INFO New proxy recv connection 12 from local rank 2, transport 0
x3004c0s7b0n0:52862:57127 [0] NCCL INFO Connection to proxy localRank 0 -> connection 0x14631c000f80
x3004c0s7b0n0:52864:57129 [2] NCCL INFO Connection to proxy localRank 2 -> connection 0x146638000f80
x3004c0s7b0n0:52864:57302 [2] NCCL INFO transport/p2p.cc:449 Cuda Alloc Size 6291456 pointer 0x146635200000
x3004c0s7b0n0:52863:57128 [1] NCCL INFO Connection to proxy localRank 1 -> connection 0x1528d4001080
x3004c0s7b0n0:52862:57127 [0] NCCL INFO Channel 02/0 : 12[7000] -> 16[7000] [receive] via NET/IB/1
x3004c0s7b0n0:52862:57127 [0] NCCL INFO GPU Direct RDMA Disabled for GPU 7000 / HCA 0 (distance 7 > 4)
x3004c0s7b0n0:52862:57297 [0] NCCL INFO New proxy recv connection 13 from local rank 0, transport 2
x3004c0s7b0n0:52864:57302 [2] NCCL INFO New proxy recv connection 13 from local rank 2, transport 0
x3004c0s7b0n0:52863:57128 [1] NCCL INFO Channel 00/0 : 8[7000] -> 17[46000] [receive] via NET/IB/1
x3004c0s7b0n0:52863:57128 [1] NCCL INFO GPU Direct RDMA Disabled for GPU 46000 / HCA 0 (distance 7 > 4)
x3004c0s7b0n0:52863:57301 [1] NCCL INFO New proxy recv connection 17 from local rank 1, transport 2
x3004c0s7b0n0:52864:57129 [2] NCCL INFO Connection to proxy localRank 2 -> connection 0x146638000fc0
x3004c0s7b0n0:52864:57302 [2] NCCL INFO transport/p2p.cc:449 Cuda Alloc Size 6291456 pointer 0x146635800000
x3004c0s7b0n0:52862:57127 [0] NCCL INFO Connection to proxy localRank 0 -> connection 0x14631c000fc0
x3004c0s7b0n0:52864:57302 [2] NCCL INFO New proxy recv connection 14 from local rank 2, transport 0
x3004c0s7b0n0:52862:57127 [0] NCCL INFO Channel 03/0 : 12[7000] -> 16[7000] [receive] via NET/IB/0
x3004c0s7b0n0:52862:57127 [0] NCCL INFO GPU Direct RDMA Disabled for GPU 7000 / HCA 1 (distance 7 > 4)
x3004c0s7b0n0:52862:57297 [0] NCCL INFO New proxy send connection 14 from local rank 0, transport 2
x3004c0s7b0n0:52863:57128 [1] NCCL INFO Connection to proxy localRank 1 -> connection 0x1528d40010c0
x3004c0s7b0n0:52862:57127 [0] NCCL INFO Connection to proxy localRank 0 -> connection 0x14631c001000
x3004c0s7b0n0:52862:57127 [0] NCCL INFO Channel 00/0 : 16[7000] -> 0[7000] [send] via NET/IB/1
x3004c0s7b0n0:52862:57127 [0] NCCL INFO GPU Direct RDMA Disabled for GPU 7000 / HCA 0 (distance 7 > 4)
x3004c0s7b0n0:52862:57297 [0] NCCL INFO New proxy send connection 15 from local rank 0, transport 2
x3004c0s7b0n0:52864:57129 [2] NCCL INFO Connection to proxy localRank 2 -> connection 0x146638001000
x3004c0s7b0n0:52864:57302 [2] NCCL INFO transport/p2p.cc:449 Cuda Alloc Size 6291456 pointer 0x146632000000
x3004c0s7b0n0:52863:57128 [1] NCCL INFO Channel 01/0 : 8[7000] -> 17[46000] [receive] via NET/IB/0
x3004c0s7b0n0:52862:57127 [0] NCCL INFO Connection to proxy localRank 0 -> connection 0x14631c001040
x3004c0s7b0n0:52862:57127 [0] NCCL INFO Channel 01/0 : 16[7000] -> 0[7000] [send] via NET/IB/0
x3004c0s7b0n0:52862:57297 [0] NCCL INFO transport/net_ib.cc:596 Ib Alloc Size 26560 pointer 0x14631c026000
x3004c0s7b0n0:52862:57297 [0] NCCL INFO NET/IB: Dev 1 Port 1 qpn 6020 mtu 5 GID 0 (80FE/EE0100FEFF000000)
x3004c0s7b0n0:52862:57297 [0] NCCL INFO transport/net_ib.cc:653 Ib Alloc Size 552 pointer 0x14631c03e000
x3004c0s7b0n0:52862:57297 [0] NCCL INFO transport/net.cc:571 Cuda Host Alloc Size 9641984 pointer 0x146317200000
x3004c0s7b0n0:52864:57302 [2] NCCL INFO New proxy recv connection 15 from local rank 2, transport 0
x3004c0s7b0n0:52862:57297 [0] NCCL INFO transport/net_ib.cc:596 Ib Alloc Size 26560 pointer 0x14631c040000
x3004c0s7b0n0:52862:57297 [0] NCCL INFO NET/IB: Dev 0 Port 1 qpn 6973 mtu 5 GID 0 (80FE/AE0100FEFF000000)
x3004c0s7b0n0:52862:57297 [0] NCCL INFO transport/net_ib.cc:653 Ib Alloc Size 552 pointer 0x14631c057000
x3004c0s7b0n0:52862:57297 [0] NCCL INFO transport/net.cc:571 Cuda Host Alloc Size 9641984 pointer 0x14630e000000
x3004c0s7b0n0:52864:57129 [2] NCCL INFO Connection to proxy localRank 2 -> connection 0x146638001040
x3004c0s7b0n0:52864:57302 [2] NCCL INFO transport/p2p.cc:449 Cuda Alloc Size 6291456 pointer 0x146632600000
x3004c0s7b0n0:52862:57297 [0] NCCL INFO transport/net_ib.cc:683 Ib Alloc Size 21688 pointer 0x14631c059000
x3004c0s7b0n0:52862:57297 [0] NCCL INFO transport/net_ib.cc:696 Ib Alloc Size 552 pointer 0x14631c060000
x3004c0s7b0n0:52864:57129 [2] NCCL INFO Channel 00/0 : 18[85000] -> 17[46000] via P2P/IPC/read
x3004c0s7b0n0:52864:57302 [2] NCCL INFO New proxy send connection 16 from local rank 2, transport 0
x3004c0s7b0n0:52864:57129 [2] NCCL INFO Connection to proxy localRank 2 -> connection 0x146638001080
x3004c0s7b0n0:52862:57297 [0] NCCL INFO transport/net_ib.cc:771 Ib Alloc Size 552 pointer 0x14631c07c000
x3004c0s7b0n0:52862:57297 [0] NCCL INFO transport/net.cc:698 Cuda Host Alloc Size 9641984 pointer 0x14630ea00000
x3004c0s7b0n0:52864:57302 [2] NCCL INFO transport/p2p.cc:430 Cuda Alloc Size 6291456 pointer 0x146632c00000
x3004c0s7b0n0:52862:57297 [0] NCCL INFO transport/net_ib.cc:683 Ib Alloc Size 21688 pointer 0x14631c07e000
x3004c0s7b0n0:52862:57297 [0] NCCL INFO transport/net_ib.cc:696 Ib Alloc Size 552 pointer 0x14631c085000
x3004c0s7b0n0:52864:57129 [2] NCCL INFO Channel 01/0 : 18[85000] -> 17[46000] via P2P/IPC/read
x3004c0s7b0n0:52864:57302 [2] NCCL INFO New proxy send connection 17 from local rank 2, transport 0
x3004c0s7b0n0:52862:57297 [0] NCCL INFO transport/net_ib.cc:771 Ib Alloc Size 552 pointer 0x14631c0a0000
x3004c0s7b0n0:52862:57297 [0] NCCL INFO transport/net.cc:698 Cuda Host Alloc Size 9641984 pointer 0x14630f400000
x3004c0s7b0n0:52862:57127 [0] NCCL INFO GPU Direct RDMA Disabled for GPU 7000 / HCA 1 (distance 7 > 4)
x3004c0s7b0n0:52862:57297 [0] NCCL INFO New proxy recv connection 16 from local rank 0, transport 2
x3004c0s7b0n0:52864:57129 [2] NCCL INFO Connection to proxy localRank 2 -> connection 0x1466380010c0
x3004c0s7b0n0:52864:57302 [2] NCCL INFO transport/p2p.cc:430 Cuda Alloc Size 6291456 pointer 0x146633200000
x3004c0s7b0n0:52862:57127 [0] NCCL INFO Connection to proxy localRank 0 -> connection 0x14631c001080
x3004c0s7b0n0:52864:57129 [2] NCCL INFO Channel 02/0 : 18[85000] -> 17[46000] via P2P/IPC/read
x3004c0s7b0n0:52864:57302 [2] NCCL INFO New proxy send connection 18 from local rank 2, transport 0
x3004c0s7b0n0:52864:57129 [2] NCCL INFO Connection to proxy localRank 2 -> connection 0x146638001100
x3004c0s7b0n0:52864:57302 [2] NCCL INFO transport/p2p.cc:430 Cuda Alloc Size 6291456 pointer 0x146633800000
x3004c0s7b0n0:52862:57127 [0] NCCL INFO Channel 00/0 : 0[7000] -> 16[7000] [receive] via NET/IB/1
x3004c0s7b0n0:52862:57127 [0] NCCL INFO GPU Direct RDMA Disabled for GPU 7000 / HCA 0 (distance 7 > 4)
x3004c0s7b0n0:52864:57129 [2] NCCL INFO Channel 03/0 : 18[85000] -> 17[46000] via P2P/IPC/read
x3004c0s7b0n0:52864:57302 [2] NCCL INFO New proxy send connection 19 from local rank 2, transport 0
x3004c0s7b0n0:52862:57297 [0] NCCL INFO New proxy recv connection 17 from local rank 0, transport 2
x3004c0s7b0n0:52864:57129 [2] NCCL INFO Connection to proxy localRank 2 -> connection 0x146638001140
x3004c0s7b0n0:52864:57302 [2] NCCL INFO transport/p2p.cc:430 Cuda Alloc Size 6291456 pointer 0x146630000000
x3004c0s7b0n0:52863:57301 [1] NCCL INFO transport/net_ib.cc:683 Ib Alloc Size 21688 pointer 0x1528d40be000
x3004c0s7b0n0:52863:57301 [1] NCCL INFO transport/net_ib.cc:696 Ib Alloc Size 552 pointer 0x1528d401a000
x3004c0s7b0n0:52862:57127 [0] NCCL INFO Connection to proxy localRank 0 -> connection 0x14631c0010c0
x3004c0s7b0n0:52863:57301 [1] NCCL INFO transport/net_ib.cc:771 Ib Alloc Size 552 pointer 0x1528d40df000
x3004c0s7b0n0:52863:57301 [1] NCCL INFO transport/net.cc:698 Cuda Host Alloc Size 9641984 pointer 0x1528c1200000
x3004c0s7b0n0:52863:57301 [1] NCCL INFO transport/net_ib.cc:683 Ib Alloc Size 21688 pointer 0x1528d40e1000
x3004c0s7b0n0:52865:57125 [3] NCCL INFO Connected all trees by HAO
x3004c0s7b0n0:52865:57125 [3] NCCL INFO threadThresholds 8/8/64 | 160/8/64 | 512 | 512
x3004c0s7b0n0:52865:57125 [3] NCCL INFO 4 coll channels, 4 p2p channels, 2 p2p channels per peer
x3004c0s7b0n0:52865:57303 [3] NCCL INFO New proxy send connection 12 from local rank 3, transport 2
x3004c0s7b0n0:52862:57127 [0] NCCL INFO Channel 01/0 : 0[7000] -> 16[7000] [receive] via NET/IB/0
x3004c0s7b0n0:52862:57127 [0] NCCL INFO GPU Direct RDMA Disabled for GPU 7000 / HCA 1 (distance 7 > 4)
x3004c0s7b0n0:52862:57297 [0] NCCL INFO New proxy send connection 18 from local rank 0, transport 2
x3004c0s7b0n0:52863:57301 [1] NCCL INFO transport/net_ib.cc:696 Ib Alloc Size 552 pointer 0x1528d40e8000
x3004c0s7b0n0:52865:57125 [3] NCCL INFO Connection to proxy localRank 3 -> connection 0x152150000f80
x3004c0s7b0n0:52865:57303 [3] NCCL INFO transport/net.cc:376 Cuda Alloc Size 8388608 pointer 0x152148000000
x3004c0s7b0n0:52862:57127 [0] NCCL INFO Connection to proxy localRank 0 -> connection 0x14631c001100
x3004c0s7b0n0:52862:57127 [0] NCCL INFO Channel 02/0 : 16[7000] -> 12[7000] [send] via NET/IB/1
x3004c0s7b0n0:52862:57127 [0] NCCL INFO GPU Direct RDMA Disabled for GPU 7000 / HCA 0 (distance 7 > 4)
x3004c0s7b0n0:52862:57297 [0] NCCL INFO New proxy send connection 19 from local rank 0, transport 2
x3004c0s7b0n0:52863:57301 [1] NCCL INFO transport/net_ib.cc:771 Ib Alloc Size 552 pointer 0x1528d4103000
x3004c0s7b0n0:52863:57301 [1] NCCL INFO transport/net.cc:698 Cuda Host Alloc Size 9641984 pointer 0x1528be000000
x3004c0s7b0n0:52862:57127 [0] NCCL INFO Connection to proxy localRank 0 -> connection 0x14631c001140
x3004c0s7b0n0:52862:57127 [0] NCCL INFO Channel 03/0 : 16[7000] -> 12[7000] [send] via NET/IB/0
x3004c0s7b0n0:52863:57128 [1] NCCL INFO GPU Direct RDMA Disabled for GPU 46000 / HCA 1 (distance 6 > 4)
x3004c0s7b0n0:52863:57301 [1] NCCL INFO New proxy send connection 18 from local rank 1, transport 2
x3004c0s7b0n0:52863:57128 [1] NCCL INFO Connection to proxy localRank 1 -> connection 0x1528d4001100
x3004c0s7b0n0:52863:57128 [1] NCCL INFO Channel 00/0 : 17[46000] -> 8[7000] [send] via NET/IB/1
x3004c0s7b0n0:52863:57128 [1] NCCL INFO GPU Direct RDMA Disabled for GPU 46000 / HCA 0 (distance 7 > 4)
x3004c0s7b0n0:52863:57301 [1] NCCL INFO New proxy send connection 19 from local rank 1, transport 2
x3004c0s7b0n0:52863:57128 [1] NCCL INFO Connection to proxy localRank 1 -> connection 0x1528d4001140
x3004c0s7b0n0:52863:57128 [1] NCCL INFO Channel 01/0 : 17[46000] -> 8[7000] [send] via NET/IB/0
x3004c0s7b0n0:52863:57301 [1] NCCL INFO transport/net_ib.cc:596 Ib Alloc Size 26560 pointer 0x1528d410f000
x3004c0s7b0n0:52863:57301 [1] NCCL INFO NET/IB: Dev 1 Port 1 qpn 6025 mtu 5 GID 0 (80FE/EE0100FEFF000000)
x3004c0s7b0n0:52863:57301 [1] NCCL INFO transport/net_ib.cc:653 Ib Alloc Size 552 pointer 0x1528d4126000
x3004c0s7b0n0:52863:57301 [1] NCCL INFO transport/net.cc:571 Cuda Host Alloc Size 9641984 pointer 0x1528bea00000
