x3004c0s37b1n0:33130:34319 [3] NCCL INFO Mem Realloc old size 0, new size 768 pointer 0x151a1802f0a0
x3004c0s37b1n0:33129:34328 [2] NCCL INFO New proxy recv connection 7 from local rank 2, transport 0
x3004c0s37b1n0:33130:34319 [3] NCCL INFO transport/net_ib.cc:596 Ib Alloc Size 26560 pointer 0x151a18044000
x3004c0s37b1n0:33128:34327 [1] NCCL INFO transport/net_ib.cc:683 Ib Alloc Size 21688 pointer 0x14cb3001d000
x3004c0s37b1n0:33128:34327 [1] NCCL INFO transport/net_ib.cc:696 Ib Alloc Size 552 pointer 0x14cb30024000
x3004c0s37b1n0:33128:34327 [1] NCCL INFO transport/net_ib.cc:771 Ib Alloc Size 552 pointer 0x14cb3004b000
x3004c0s37b1n0:33128:34327 [1] NCCL INFO transport/net.cc:698 Cuda Host Alloc Size 9641984 pointer 0x14cb2a000000
x3004c0s37b1n0:33128:34327 [1] NCCL INFO Mem Realloc old size 0, new size 768 pointer 0x14cb300406b0
x3004c0s37b1n0:33128:34327 [1] NCCL INFO transport/net_ib.cc:683 Ib Alloc Size 21688 pointer 0x14cb3004d000
x3004c0s37b1n0:33130:34319 [3] NCCL INFO NET/IB: Dev 0 Port 1 qpn 5813 mtu 5 GID 0 (80FE/BD0100FEFF000000)
x3004c0s37b1n0:33130:34319 [3] NCCL INFO transport/net_ib.cc:653 Ib Alloc Size 552 pointer 0x151a18065000
x3004c0s37b1n0:33130:34319 [3] NCCL INFO transport/net.cc:571 Cuda Host Alloc Size 9641984 pointer 0x151a17600000
x3004c0s37b1n0:33130:34319 [3] NCCL INFO Mem Realloc old size 0, new size 768 pointer 0x151a180521f0
x3004c0s37b1n0:33129:34161 [2] NCCL INFO Connection to proxy localRank 2 -> connection 0x14db54000e40
x3004c0s37b1n0:33129:34328 [2] NCCL INFO transport/p2p.cc:449 Cuda Alloc Size 6291456 pointer 0x14db4a000000
x3004c0s37b1n0:33130:34319 [3] NCCL INFO transport/net_ib.cc:596 Ib Alloc Size 26560 pointer 0x151a18067000
x3004c0s37b1n0:33130:34319 [3] NCCL INFO NET/IB: Dev 1 Port 1 qpn 6134 mtu 5 GID 0 (80FE/AB0100FEFF000000)
x3004c0s37b1n0:33130:34319 [3] NCCL INFO transport/net_ib.cc:653 Ib Alloc Size 552 pointer 0x151a1807e000
x3004c0s37b1n0:33130:34319 [3] NCCL INFO transport/net.cc:571 Cuda Host Alloc Size 9641984 pointer 0x151a0e000000
x3004c0s37b1n0:33130:34319 [3] NCCL INFO transport/net_ib.cc:596 Ib Alloc Size 26560 pointer 0x151a18080000
x3004c0s37b1n0:33128:34327 [1] NCCL INFO transport/net_ib.cc:696 Ib Alloc Size 552 pointer 0x14cb30054000
x3004c0s37b1n0:33129:34161 [2] NCCL INFO Connected all rings
x3004c0s37b1n0:33130:34319 [3] NCCL INFO NET/IB: Dev 0 Port 1 qpn 5814 mtu 5 GID 0 (80FE/BD0100FEFF000000)
x3004c0s37b1n0:33130:34319 [3] NCCL INFO transport/net_ib.cc:653 Ib Alloc Size 552 pointer 0x151a18097000
x3004c0s37b1n0:33130:34319 [3] NCCL INFO transport/net.cc:571 Cuda Host Alloc Size 9641984 pointer 0x151a0ea00000
x3004c0s37b1n0:33129:34328 [2] NCCL INFO New proxy recv connection 8 from local rank 2, transport 0
x3004c0s37b1n0:33127:34325 [0] NCCL INFO New proxy recv connection 4 from local rank 0, transport 0
x3004c0s37b1n0:33129:34161 [2] NCCL INFO Connection to proxy localRank 2 -> connection 0x14db54000e80
x3004c0s37b1n0:33128:34327 [1] NCCL INFO transport/net_ib.cc:771 Ib Alloc Size 552 pointer 0x14cb30079000
x3004c0s37b1n0:33128:34327 [1] NCCL INFO transport/net.cc:698 Cuda Host Alloc Size 9641984 pointer 0x14cb2aa00000
x3004c0s37b1n0:33128:34327 [1] NCCL INFO Mem Realloc old size 0, new size 768 pointer 0x14cb3006e880
x3004c0s37b1n0:33129:34328 [2] NCCL INFO transport/p2p.cc:449 Cuda Alloc Size 6291456 pointer 0x14db48000000
x3004c0s37b1n0:33127:34157 [0] NCCL INFO Connection to proxy localRank 0 -> connection 0x148d14000d80
x3004c0s37b1n0:33127:34325 [0] NCCL INFO transport/p2p.cc:449 Cuda Alloc Size 6291456 pointer 0x148d0cc00000
x3004c0s37b1n0:33130:34160 [3] NCCL INFO Connected all rings
x3004c0s37b1n0:33130:34160 [3] NCCL INFO Channel 00/0 : 15[c7000] -> 14[85000] via P2P/IPC/read
x3004c0s37b1n0:33130:34319 [3] NCCL INFO New proxy send connection 8 from local rank 3, transport 0
x3004c0s37b1n0:33129:34328 [2] NCCL INFO New proxy recv connection 9 from local rank 2, transport 0
x3004c0s37b1n0:33127:34325 [0] NCCL INFO New proxy recv connection 5 from local rank 0, transport 0
x3004c0s37b1n0:33128:34327 [1] NCCL INFO transport/net_ib.cc:683 Ib Alloc Size 21688 pointer 0x14cb3007b000
x3004c0s37b1n0:33128:34327 [1] NCCL INFO transport/net_ib.cc:696 Ib Alloc Size 552 pointer 0x14cb30082000
x3004c0s37b1n0:33130:34160 [3] NCCL INFO Connection to proxy localRank 3 -> connection 0x151a18000e80
x3004c0s37b1n0:33130:34319 [3] NCCL INFO transport/p2p.cc:430 Cuda Alloc Size 6291456 pointer 0x151a0f400000
x3004c0s37b1n0:33128:34327 [1] NCCL INFO transport/net_ib.cc:771 Ib Alloc Size 552 pointer 0x14cb3009d000
x3004c0s37b1n0:33128:34327 [1] NCCL INFO transport/net.cc:698 Cuda Host Alloc Size 9641984 pointer 0x14cb2b400000
x3004c0s37b1n0:33129:34161 [2] NCCL INFO Connection to proxy localRank 2 -> connection 0x14db54000ec0
x3004c0s37b1n0:33129:34328 [2] NCCL INFO transport/p2p.cc:449 Cuda Alloc Size 6291456 pointer 0x14db48600000
x3004c0s37b1n0:33127:34157 [0] NCCL INFO Connection to proxy localRank 0 -> connection 0x148d14000dc0
x3004c0s37b1n0:33127:34325 [0] NCCL INFO transport/p2p.cc:449 Cuda Alloc Size 6291456 pointer 0x148d0d200000
x3004c0s37b1n0:33130:34160 [3] NCCL INFO Channel 01/0 : 15[c7000] -> 14[85000] via P2P/IPC/read
x3004c0s37b1n0:33130:34319 [3] NCCL INFO New proxy send connection 9 from local rank 3, transport 0
x3004c0s37b1n0:33128:34327 [1] NCCL INFO transport/net_ib.cc:683 Ib Alloc Size 21688 pointer 0x14cb3009f000
x3004c0s37b1n0:33128:34327 [1] NCCL INFO transport/net_ib.cc:696 Ib Alloc Size 552 pointer 0x14cb300a6000
x3004c0s37b1n0:33128:34327 [1] NCCL INFO transport/net_ib.cc:771 Ib Alloc Size 552 pointer 0x14cb300c1000
x3004c0s37b1n0:33128:34327 [1] NCCL INFO transport/net.cc:698 Cuda Host Alloc Size 9641984 pointer 0x14cb22000000
x3004c0s37b1n0:33129:34328 [2] NCCL INFO New proxy recv connection 10 from local rank 2, transport 0
x3004c0s37b1n0:33127:34325 [0] NCCL INFO New proxy recv connection 6 from local rank 0, transport 0
x3004c0s37b1n0:33130:34160 [3] NCCL INFO Connection to proxy localRank 3 -> connection 0x151a18000ec0
x3004c0s37b1n0:33130:34319 [3] NCCL INFO transport/p2p.cc:430 Cuda Alloc Size 6291456 pointer 0x151a0fa00000
x3004c0s37b1n0:33128:34158 [1] NCCL INFO Channel 00/0 : 13[46000] -> 12[7000] via P2P/IPC/read
x3004c0s37b1n0:33128:34327 [1] NCCL INFO New proxy send connection 4 from local rank 1, transport 0
x3004c0s37b1n0:33129:34161 [2] NCCL INFO Connection to proxy localRank 2 -> connection 0x14db54000f00
x3004c0s37b1n0:33129:34328 [2] NCCL INFO transport/p2p.cc:449 Cuda Alloc Size 6291456 pointer 0x14db48c00000
x3004c0s37b1n0:33127:34157 [0] NCCL INFO Connection to proxy localRank 0 -> connection 0x148d14000e00
x3004c0s37b1n0:33127:34325 [0] NCCL INFO transport/p2p.cc:449 Cuda Alloc Size 6291456 pointer 0x148d0d800000
x3004c0s37b1n0:33128:34158 [1] NCCL INFO Connection to proxy localRank 1 -> connection 0x14cb30000d80
x3004c0s37b1n0:33128:34327 [1] NCCL INFO transport/p2p.cc:430 Cuda Alloc Size 6291456 pointer 0x14cb22a00000
x3004c0s37b1n0:33128:34158 [1] NCCL INFO Channel 01/0 : 13[46000] -> 12[7000] via P2P/IPC/read
x3004c0s37b1n0:33127:34325 [0] NCCL INFO New proxy recv connection 7 from local rank 0, transport 0
x3004c0s37b1n0:33128:34327 [1] NCCL INFO New proxy send connection 5 from local rank 1, transport 0
x3004c0s37b1n0:33130:34160 [3] NCCL INFO Channel 02/0 : 15[c7000] -> 14[85000] via P2P/IPC/read
x3004c0s37b1n0:33130:34319 [3] NCCL INFO New proxy send connection 10 from local rank 3, transport 0
x3004c0s37b1n0:33129:34328 [2] NCCL INFO New proxy recv connection 11 from local rank 2, transport 0
x3004c0s37b1n0:33129:34161 [2] NCCL INFO Connection to proxy localRank 2 -> connection 0x14db54000f40
x3004c0s37b1n0:33127:34157 [0] NCCL INFO Connection to proxy localRank 0 -> connection 0x148d14000e40
x3004c0s37b1n0:33127:34325 [0] NCCL INFO transport/p2p.cc:449 Cuda Alloc Size 6291456 pointer 0x148d0a000000
x3004c0s37b1n0:33129:34328 [2] NCCL INFO transport/p2p.cc:449 Cuda Alloc Size 6291456 pointer 0x14db49200000
x3004c0s37b1n0:33128:34158 [1] NCCL INFO Connection to proxy localRank 1 -> connection 0x14cb30000dc0
x3004c0s37b1n0:33128:34327 [1] NCCL INFO transport/p2p.cc:430 Cuda Alloc Size 6291456 pointer 0x14cb23000000
x3004c0s37b1n0:33130:34160 [3] NCCL INFO Connection to proxy localRank 3 -> connection 0x151a18000f00
x3004c0s37b1n0:33130:34319 [3] NCCL INFO transport/p2p.cc:430 Cuda Alloc Size 6291456 pointer 0x151a0c000000
x3004c0s37b1n0:33130:34160 [3] NCCL INFO Channel 03/0 : 15[c7000] -> 14[85000] via P2P/IPC/read
x3004c0s37b1n0:33130:34319 [3] NCCL INFO New proxy send connection 11 from local rank 3, transport 0
x3004c0s37b1n0:33128:34158 [1] NCCL INFO Channel 02/0 : 13[46000] -> 12[7000] via P2P/IPC/read
x3004c0s37b1n0:33128:34327 [1] NCCL INFO New proxy send connection 6 from local rank 1, transport 0
x3004c0s37b1n0:33130:34160 [3] NCCL INFO Connection to proxy localRank 3 -> connection 0x151a18000f40
x3004c0s37b1n0:33130:34319 [3] NCCL INFO transport/p2p.cc:430 Cuda Alloc Size 6291456 pointer 0x151a0c600000
x3004c0s37b1n0:33128:34158 [1] NCCL INFO Connection to proxy localRank 1 -> connection 0x14cb30000e00
x3004c0s37b1n0:33128:34327 [1] NCCL INFO transport/p2p.cc:430 Cuda Alloc Size 6291456 pointer 0x14cb23600000
x3004c0s37b1n0:33128:34158 [1] NCCL INFO Channel 03/0 : 13[46000] -> 12[7000] via P2P/IPC/read
x3004c0s37b1n0:33128:34327 [1] NCCL INFO New proxy send connection 7 from local rank 1, transport 0
x3004c0s37b1n0:33128:34158 [1] NCCL INFO Connection to proxy localRank 1 -> connection 0x14cb30000e40
x3004c0s37b1n0:33128:34327 [1] NCCL INFO transport/p2p.cc:430 Cuda Alloc Size 6291456 pointer 0x14cb35a00000
x3004c0s37b1n0:33128:34158 [1] NCCL INFO Connected all rings
x3004c0s37b1n0:33127:34157 [0] NCCL INFO Connected all rings
x3004c0s37b1n0:33127:34157 [0] NCCL INFO Channel 00/0 : 12[7000] -> 13[46000] via P2P/IPC/read
x3004c0s37b1n0:33127:34325 [0] NCCL INFO New proxy send connection 8 from local rank 0, transport 0
x3004c0s37b1n0:33128:34327 [1] NCCL INFO New proxy recv connection 8 from local rank 1, transport 0
x3004c0s37b1n0:33128:34158 [1] NCCL INFO Connection to proxy localRank 1 -> connection 0x14cb30000e80
x3004c0s37b1n0:33128:34327 [1] NCCL INFO transport/p2p.cc:449 Cuda Alloc Size 6291456 pointer 0x14cb21800000
x3004c0s37b1n0:33127:34157 [0] NCCL INFO Connection to proxy localRank 0 -> connection 0x148d14000e80
x3004c0s37b1n0:33127:34325 [0] NCCL INFO transport/p2p.cc:430 Cuda Alloc Size 6291456 pointer 0x148d08000000
x3004c0s37b1n0:33127:34157 [0] NCCL INFO Channel 01/0 : 12[7000] -> 13[46000] via P2P/IPC/read
x3004c0s37b1n0:33127:34325 [0] NCCL INFO New proxy send connection 9 from local rank 0, transport 0
x3004c0s37b1n0:33128:34327 [1] NCCL INFO New proxy recv connection 9 from local rank 1, transport 0
x3004c0s37b1n0:33127:34157 [0] NCCL INFO Connection to proxy localRank 0 -> connection 0x148d14000ec0
x3004c0s37b1n0:33127:34325 [0] NCCL INFO transport/p2p.cc:430 Cuda Alloc Size 6291456 pointer 0x148d08600000
x3004c0s37b1n0:33128:34158 [1] NCCL INFO Connection to proxy localRank 1 -> connection 0x14cb30000ec0
x3004c0s37b1n0:33128:34327 [1] NCCL INFO transport/p2p.cc:449 Cuda Alloc Size 6291456 pointer 0x14cb1e000000
x3004c0s37b1n0:33127:34157 [0] NCCL INFO Channel 02/0 : 12[7000] -> 13[46000] via P2P/IPC/read
x3004c0s37b1n0:33127:34325 [0] NCCL INFO New proxy send connection 10 from local rank 0, transport 0
x3004c0s37b1n0:33128:34327 [1] NCCL INFO New proxy recv connection 10 from local rank 1, transport 0
x3004c0s37b1n0:33127:34157 [0] NCCL INFO Connection to proxy localRank 0 -> connection 0x148d14000f00
x3004c0s37b1n0:33127:34325 [0] NCCL INFO transport/p2p.cc:430 Cuda Alloc Size 6291456 pointer 0x148d08c00000
x3004c0s37b1n0:33128:34158 [1] NCCL INFO Connection to proxy localRank 1 -> connection 0x14cb30000f00
x3004c0s37b1n0:33128:34327 [1] NCCL INFO transport/p2p.cc:449 Cuda Alloc Size 6291456 pointer 0x14cb1e600000
x3004c0s37b1n0:33128:34327 [1] NCCL INFO New proxy recv connection 11 from local rank 1, transport 0
x3004c0s37b1n0:33127:34157 [0] NCCL INFO Channel 03/0 : 12[7000] -> 13[46000] via P2P/IPC/read
x3004c0s37b1n0:33127:34325 [0] NCCL INFO New proxy send connection 11 from local rank 0, transport 0
x3004c0s37b1n0:33128:34158 [1] NCCL INFO Connection to proxy localRank 1 -> connection 0x14cb30000f40
x3004c0s37b1n0:33128:34327 [1] NCCL INFO transport/p2p.cc:449 Cuda Alloc Size 6291456 pointer 0x14cb1ec00000
x3004c0s37b1n0:33127:34157 [0] NCCL INFO Connection to proxy localRank 0 -> connection 0x148d14000f40
x3004c0s37b1n0:33127:34325 [0] NCCL INFO transport/p2p.cc:430 Cuda Alloc Size 6291456 pointer 0x148d09200000
x3004c0s37b1n0:33128:34158 [1] NCCL INFO Channel 00/0 : 13[46000] -> 14[85000] via P2P/IPC/read
x3004c0s37b1n0:33128:34327 [1] NCCL INFO New proxy send connection 12 from local rank 1, transport 0
x3004c0s37b1n0:33128:34158 [1] NCCL INFO Connection to proxy localRank 1 -> connection 0x14cb30000f80
x3004c0s37b1n0:33128:34327 [1] NCCL INFO transport/p2p.cc:430 Cuda Alloc Size 6291456 pointer 0x14cb1f200000
x3004c0s37b1n0:33128:34158 [1] NCCL INFO Channel 01/0 : 13[46000] -> 14[85000] via P2P/IPC/read
x3004c0s37b1n0:33128:34327 [1] NCCL INFO New proxy send connection 13 from local rank 1, transport 0
x3004c0s37b1n0:33128:34158 [1] NCCL INFO Connection to proxy localRank 1 -> connection 0x14cb30000fc0
x3004c0s37b1n0:33128:34327 [1] NCCL INFO transport/p2p.cc:430 Cuda Alloc Size 6291456 pointer 0x14cb1f800000
x3004c0s37b1n0:33128:34158 [1] NCCL INFO Channel 02/0 : 13[46000] -> 14[85000] via P2P/IPC/read
x3004c0s37b1n0:33128:34327 [1] NCCL INFO New proxy send connection 14 from local rank 1, transport 0
x3004c0s37b1n0:33128:34158 [1] NCCL INFO Connection to proxy localRank 1 -> connection 0x14cb30001000
x3004c0s37b1n0:33128:34327 [1] NCCL INFO transport/p2p.cc:430 Cuda Alloc Size 6291456 pointer 0x14cb1c000000
x3004c0s37b1n0:33128:34158 [1] NCCL INFO Channel 03/0 : 13[46000] -> 14[85000] via P2P/IPC/read
x3004c0s37b1n0:33128:34327 [1] NCCL INFO New proxy send connection 15 from local rank 1, transport 0
x3004c0s37b1n0:33128:34158 [1] NCCL INFO Connection to proxy localRank 1 -> connection 0x14cb30001040
x3004c0s37b1n0:33128:34327 [1] NCCL INFO transport/p2p.cc:430 Cuda Alloc Size 6291456 pointer 0x14cb1c600000
x3004c0s37b1n0:33127:34157 [0] NCCL INFO GPU Direct RDMA Disabled for GPU 7000 / HCA 1 (distance 7 > 4)
x3004c0s37b1n0:33127:34325 [0] NCCL INFO Allocated 4194656 bytes of shared memory in /dev/shm/nccl-vJK4b7

x3004c0s37b1n0:33127:34325 [0] NCCL INFO New proxy recv connection 12 from local rank 0, transport 2
x3004c0s37b1n0:33129:34328 [2] NCCL INFO New proxy recv connection 12 from local rank 2, transport 0
x3004c0s37b1n0:33129:34161 [2] NCCL INFO Connection to proxy localRank 2 -> connection 0x14db54000f80
x3004c0s37b1n0:33129:34328 [2] NCCL INFO transport/p2p.cc:449 Cuda Alloc Size 6291456 pointer 0x14db47200000
x3004c0s37b1n0:33128:34158 [1] NCCL INFO GPU Direct RDMA Disabled for GPU 46000 / HCA 1 (distance 6 > 4)
x3004c0s37b1n0:33128:34327 [1] NCCL INFO New proxy recv connection 16 from local rank 1, transport 2
x3004c0s37b1n0:33129:34328 [2] NCCL INFO New proxy recv connection 13 from local rank 2, transport 0
x3004c0s37b1n0:33127:34157 [0] NCCL INFO Connection to proxy localRank 0 -> connection 0x148d14000f80
x3004c0s37b1n0:33128:34158 [1] NCCL INFO Connection to proxy localRank 1 -> connection 0x14cb30001080
x3004c0s37b1n0:33129:34161 [2] NCCL INFO Connection to proxy localRank 2 -> connection 0x14db54000fc0
x3004c0s37b1n0:33129:34328 [2] NCCL INFO transport/p2p.cc:449 Cuda Alloc Size 6291456 pointer 0x14db47800000
x3004c0s37b1n0:33127:34157 [0] NCCL INFO Channel 00/0 : 8[7000] -> 12[7000] [receive] via NET/IB/1
x3004c0s37b1n0:33127:34157 [0] NCCL INFO GPU Direct RDMA Disabled for GPU 7000 / HCA 0 (distance 7 > 4)
x3004c0s37b1n0:33127:34325 [0] NCCL INFO New proxy recv connection 13 from local rank 0, transport 2
x3004c0s37b1n0:33129:34328 [2] NCCL INFO New proxy recv connection 14 from local rank 2, transport 0
x3004c0s37b1n0:33127:34157 [0] NCCL INFO Connection to proxy localRank 0 -> connection 0x148d14000fc0
x3004c0s37b1n0:33128:34158 [1] NCCL INFO Channel 02/0 : 8[7000] -> 13[46000] [receive] via NET/IB/1
x3004c0s37b1n0:33128:34158 [1] NCCL INFO GPU Direct RDMA Disabled for GPU 46000 / HCA 0 (distance 7 > 4)
x3004c0s37b1n0:33128:34327 [1] NCCL INFO New proxy recv connection 17 from local rank 1, transport 2
x3004c0s37b1n0:33128:34158 [1] NCCL INFO Connection to proxy localRank 1 -> connection 0x14cb300010c0
x3004c0s37b1n0:33127:34157 [0] NCCL INFO Channel 01/0 : 8[7000] -> 12[7000] [receive] via NET/IB/0
x3004c0s37b1n0:33127:34157 [0] NCCL INFO GPU Direct RDMA Disabled for GPU 7000 / HCA 1 (distance 7 > 4)
x3004c0s37b1n0:33127:34325 [0] NCCL INFO New proxy send connection 14 from local rank 0, transport 2
x3004c0s37b1n0:33127:34157 [0] NCCL INFO Connection to proxy localRank 0 -> connection 0x148d14001000
x3004c0s37b1n0:33127:34157 [0] NCCL INFO Channel 02/0 : 12[7000] -> 16[7000] [send] via NET/IB/1
x3004c0s37b1n0:33127:34157 [0] NCCL INFO GPU Direct RDMA Disabled for GPU 7000 / HCA 0 (distance 7 > 4)
x3004c0s37b1n0:33129:34161 [2] NCCL INFO Connection to proxy localRank 2 -> connection 0x14db54001000
x3004c0s37b1n0:33129:34328 [2] NCCL INFO transport/p2p.cc:449 Cuda Alloc Size 6291456 pointer 0x14db44000000
x3004c0s37b1n0:33127:34325 [0] NCCL INFO New proxy send connection 15 from local rank 0, transport 2
x3004c0s37b1n0:33128:34158 [1] NCCL INFO Channel 03/0 : 8[7000] -> 13[46000] [receive] via NET/IB/0
x3004c0s37b1n0:33129:34328 [2] NCCL INFO New proxy recv connection 15 from local rank 2, transport 0
x3004c0s37b1n0:33127:34157 [0] NCCL INFO Connection to proxy localRank 0 -> connection 0x148d14001040
x3004c0s37b1n0:33127:34157 [0] NCCL INFO Channel 03/0 : 12[7000] -> 16[7000] [send] via NET/IB/0
x3004c0s37b1n0:33129:34161 [2] NCCL INFO Connection to proxy localRank 2 -> connection 0x14db54001040
x3004c0s37b1n0:33129:34328 [2] NCCL INFO transport/p2p.cc:449 Cuda Alloc Size 6291456 pointer 0x14db44600000
x3004c0s37b1n0:33127:34325 [0] NCCL INFO transport/net_ib.cc:596 Ib Alloc Size 26560 pointer 0x148d14026000
x3004c0s37b1n0:33127:34325 [0] NCCL INFO NET/IB: Dev 1 Port 1 qpn 6137 mtu 5 GID 0 (80FE/AB0100FEFF000000)
x3004c0s37b1n0:33127:34325 [0] NCCL INFO transport/net_ib.cc:653 Ib Alloc Size 552 pointer 0x148d14048000
x3004c0s37b1n0:33127:34325 [0] NCCL INFO transport/net.cc:571 Cuda Host Alloc Size 9641984 pointer 0x148d07200000
x3004c0s37b1n0:33127:34325 [0] NCCL INFO Mem Realloc old size 0, new size 768 pointer 0x148d14035670
x3004c0s37b1n0:33127:34325 [0] NCCL INFO transport/net_ib.cc:596 Ib Alloc Size 26560 pointer 0x148d1404a000
x3004c0s37b1n0:33127:34325 [0] NCCL INFO NET/IB: Dev 0 Port 1 qpn 5819 mtu 5 GID 0 (80FE/BD0100FEFF000000)
x3004c0s37b1n0:33127:34325 [0] NCCL INFO transport/net_ib.cc:653 Ib Alloc Size 552 pointer 0x148d1406b000
x3004c0s37b1n0:33127:34325 [0] NCCL INFO transport/net.cc:571 Cuda Host Alloc Size 9641984 pointer 0x148cfe000000
x3004c0s37b1n0:33127:34325 [0] NCCL INFO Mem Realloc old size 0, new size 768 pointer 0x148d14058a50
x3004c0s37b1n0:33127:34325 [0] NCCL INFO transport/net_ib.cc:683 Ib Alloc Size 21688 pointer 0x148d1406d000
x3004c0s37b1n0:33127:34325 [0] NCCL INFO transport/net_ib.cc:696 Ib Alloc Size 552 pointer 0x148d14074000
x3004c0s37b1n0:33129:34161 [2] NCCL INFO Channel 00/0 : 14[85000] -> 13[46000] via P2P/IPC/read
x3004c0s37b1n0:33129:34328 [2] NCCL INFO New proxy send connection 16 from local rank 2, transport 0
x3004c0s37b1n0:33129:34161 [2] NCCL INFO Connection to proxy localRank 2 -> connection 0x14db54001080
x3004c0s37b1n0:33127:34325 [0] NCCL INFO transport/net_ib.cc:771 Ib Alloc Size 552 pointer 0x148d14090000
x3004c0s37b1n0:33127:34325 [0] NCCL INFO transport/net.cc:698 Cuda Host Alloc Size 9641984 pointer 0x148cfea00000
x3004c0s37b1n0:33129:34328 [2] NCCL INFO transport/p2p.cc:430 Cuda Alloc Size 6291456 pointer 0x14db44c00000
x3004c0s37b1n0:33128:34327 [1] NCCL INFO transport/net_ib.cc:683 Ib Alloc Size 21688 pointer 0x14cb300d2000
x3004c0s37b1n0:33128:34327 [1] NCCL INFO transport/net_ib.cc:696 Ib Alloc Size 552 pointer 0x14cb30019000
x3004c0s37b1n0:33127:34325 [0] NCCL INFO transport/net_ib.cc:683 Ib Alloc Size 21688 pointer 0x148d14092000
x3004c0s37b1n0:33127:34325 [0] NCCL INFO transport/net_ib.cc:696 Ib Alloc Size 552 pointer 0x148d14099000
x3004c0s37b1n0:33127:34325 [0] NCCL INFO transport/net_ib.cc:771 Ib Alloc Size 552 pointer 0x148d140b4000
x3004c0s37b1n0:33127:34325 [0] NCCL INFO transport/net.cc:698 Cuda Host Alloc Size 9641984 pointer 0x148cff400000
x3004c0s37b1n0:33128:34327 [1] NCCL INFO transport/net_ib.cc:771 Ib Alloc Size 552 pointer 0x14cb300f2000
x3004c0s37b1n0:33128:34327 [1] NCCL INFO transport/net.cc:698 Cuda Host Alloc Size 9641984 pointer 0x14cb18000000
x3004c0s37b1n0:33129:34161 [2] NCCL INFO Channel 01/0 : 14[85000] -> 13[46000] via P2P/IPC/read
x3004c0s37b1n0:33129:34328 [2] NCCL INFO New proxy send connection 17 from local rank 2, transport 0
x3004c0s37b1n0:33127:34157 [0] NCCL INFO GPU Direct RDMA Disabled for GPU 7000 / HCA 1 (distance 7 > 4)
x3004c0s37b1n0:33127:34325 [0] NCCL INFO New proxy send connection 16 from local rank 0, transport 2
x3004c0s37b1n0:33128:34327 [1] NCCL INFO transport/net_ib.cc:683 Ib Alloc Size 21688 pointer 0x14cb300f4000
x3004c0s37b1n0:33128:34327 [1] NCCL INFO transport/net_ib.cc:696 Ib Alloc Size 552 pointer 0x14cb300fb000
x3004c0s37b1n0:33128:34327 [1] NCCL INFO transport/net_ib.cc:771 Ib Alloc Size 552 pointer 0x14cb30116000
x3004c0s37b1n0:33128:34327 [1] NCCL INFO transport/net.cc:698 Cuda Host Alloc Size 9641984 pointer 0x14cb18a00000
x3004c0s37b1n0:33127:34157 [0] NCCL INFO Connection to proxy localRank 0 -> connection 0x148d14001080
x3004c0s37b1n0:33127:34157 [0] NCCL INFO Channel 02/0 : 12[7000] -> 1[46000] [send] via NET/IB/1
x3004c0s37b1n0:33127:34157 [0] NCCL INFO GPU Direct RDMA Disabled for GPU 7000 / HCA 0 (distance 7 > 4)
x3004c0s37b1n0:33127:34325 [0] NCCL INFO New proxy send connection 17 from local rank 0, transport 2
x3004c0s37b1n0:33129:34161 [2] NCCL INFO Connection to proxy localRank 2 -> connection 0x14db540010c0
x3004c0s37b1n0:33129:34328 [2] NCCL INFO transport/p2p.cc:430 Cuda Alloc Size 6291456 pointer 0x14db45200000
x3004c0s37b1n0:33128:34158 [1] NCCL INFO GPU Direct RDMA Disabled for GPU 46000 / HCA 1 (distance 6 > 4)
x3004c0s37b1n0:33128:34327 [1] NCCL INFO New proxy send connection 18 from local rank 1, transport 2
x3004c0s37b1n0:33127:34157 [0] NCCL INFO Connection to proxy localRank 0 -> connection 0x148d140010c0
x3004c0s37b1n0:33127:34157 [0] NCCL INFO Channel 03/0 : 12[7000] -> 1[46000] [send] via NET/IB/0
x3004c0s37b1n0:33127:34325 [0] NCCL INFO transport/net_ib.cc:596 Ib Alloc Size 26560 pointer 0x148d140c0000
x3004c0s37b1n0:33129:34161 [2] NCCL INFO Channel 02/0 : 14[85000] -> 13[46000] via P2P/IPC/read
x3004c0s37b1n0:33129:34328 [2] NCCL INFO New proxy send connection 18 from local rank 2, transport 0
x3004c0s37b1n0:33128:34158 [1] NCCL INFO Connection to proxy localRank 1 -> connection 0x14cb30001100
x3004c0s37b1n0:33128:34158 [1] NCCL INFO Channel 02/0 : 13[46000] -> 8[7000] [send] via NET/IB/1
x3004c0s37b1n0:33128:34158 [1] NCCL INFO GPU Direct RDMA Disabled for GPU 46000 / HCA 0 (distance 7 > 4)
x3004c0s37b1n0:33128:34327 [1] NCCL INFO New proxy send connection 19 from local rank 1, transport 2
x3004c0s37b1n0:33127:34325 [0] NCCL INFO NET/IB: Dev 1 Port 1 qpn 6142 mtu 5 GID 0 (80FE/AB0100FEFF000000)
x3004c0s37b1n0:33127:34325 [0] NCCL INFO transport/net_ib.cc:653 Ib Alloc Size 552 pointer 0x148d140d7000
x3004c0s37b1n0:33127:34325 [0] NCCL INFO transport/net.cc:571 Cuda Host Alloc Size 9641984 pointer 0x148cfc000000
x3004c0s37b1n0:33127:34325 [0] NCCL INFO transport/net_ib.cc:596 Ib Alloc Size 26560 pointer 0x148d140d7000
x3004c0s37b1n0:33127:34325 [0] NCCL INFO NET/IB: Dev 0 Port 1 qpn 5824 mtu 5 GID 0 (80FE/BD0100FEFF000000)
x3004c0s37b1n0:33127:34325 [0] NCCL INFO transport/net_ib.cc:653 Ib Alloc Size 552 pointer 0x148d140ee000
x3004c0s37b1n0:33127:34325 [0] NCCL INFO transport/net.cc:571 Cuda Host Alloc Size 9641984 pointer 0x148cfca00000
x3004c0s37b1n0:33129:34161 [2] NCCL INFO Connection to proxy localRank 2 -> connection 0x14db54001100
x3004c0s37b1n0:33129:34328 [2] NCCL INFO transport/p2p.cc:430 Cuda Alloc Size 6291456 pointer 0x14db45800000
x3004c0s37b1n0:33128:34158 [1] NCCL INFO Connection to proxy localRank 1 -> connection 0x14cb30001140
x3004c0s37b1n0:33128:34158 [1] NCCL INFO Channel 03/0 : 13[46000] -> 8[7000] [send] via NET/IB/0
x3004c0s37b1n0:33127:34157 [0] NCCL INFO GPU Direct RDMA Disabled for GPU 7000 / HCA 1 (distance 7 > 4)
x3004c0s37b1n0:33127:34325 [0] NCCL INFO New proxy recv connection 18 from local rank 0, transport 2
x3004c0s37b1n0:33129:34161 [2] NCCL INFO Channel 03/0 : 14[85000] -> 13[46000] via P2P/IPC/read
x3004c0s37b1n0:33129:34328 [2] NCCL INFO New proxy send connection 19 from local rank 2, transport 0
x3004c0s37b1n0:33129:34161 [2] NCCL INFO Connection to proxy localRank 2 -> connection 0x14db54001140
x3004c0s37b1n0:33129:34328 [2] NCCL INFO transport/p2p.cc:430 Cuda Alloc Size 6291456 pointer 0x14db42000000
x3004c0s37b1n0:33127:34157 [0] NCCL INFO Connection to proxy localRank 0 -> connection 0x148d14001100
x3004c0s37b1n0:33130:34160 [3] NCCL INFO Connected all trees by HAO
x3004c0s37b1n0:33130:34160 [3] NCCL INFO threadThresholds 8/8/64 | 160/8/64 | 512 | 512
x3004c0s37b1n0:33130:34160 [3] NCCL INFO 4 coll channels, 4 p2p channels, 2 p2p channels per peer
x3004c0s37b1n0:33130:34319 [3] NCCL INFO New proxy send connection 12 from local rank 3, transport 2
x3004c0s37b1n0:33127:34157 [0] NCCL INFO Channel 02/0 : 1[46000] -> 12[7000] [receive] via NET/IB/1
x3004c0s37b1n0:33127:34157 [0] NCCL INFO GPU Direct RDMA Disabled for GPU 7000 / HCA 0 (distance 7 > 4)
x3004c0s37b1n0:33127:34325 [0] NCCL INFO New proxy recv connection 19 from local rank 0, transport 2
x3004c0s37b1n0:33127:34157 [0] NCCL INFO Connection to proxy localRank 0 -> connection 0x148d14001140
x3004c0s37b1n0:33127:34157 [0] NCCL INFO Channel 03/0 : 1[46000] -> 12[7000] [receive] via NET/IB/0
x3004c0s37b1n0:33127:34325 [0] NCCL INFO transport/net_ib.cc:683 Ib Alloc Size 21688 pointer 0x148d140fa000
x3004c0s37b1n0:33127:34325 [0] NCCL INFO transport/net_ib.cc:696 Ib Alloc Size 552 pointer 0x148d14101000
x3004c0s37b1n0:33130:34160 [3] NCCL INFO Connection to proxy localRank 3 -> connection 0x151a18000f80
x3004c0s37b1n0:33130:34319 [3] NCCL INFO transport/net.cc:376 Cuda Alloc Size 8388608 pointer 0x151a0a600000
x3004c0s37b1n0:33127:34325 [0] NCCL INFO transport/net_ib.cc:771 Ib Alloc Size 552 pointer 0x148d1411d000
x3004c0s37b1n0:33127:34325 [0] NCCL INFO transport/net.cc:698 Cuda Host Alloc Size 9641984 pointer 0x148cfd400000
x3004c0s37b1n0:33127:34325 [0] NCCL INFO transport/net_ib.cc:683 Ib Alloc Size 21688 pointer 0x148d1411f000
x3004c0s37b1n0:33127:34325 [0] NCCL INFO transport/net_ib.cc:696 Ib Alloc Size 552 pointer 0x148d14126000
x3004c0s37b1n0:33127:34325 [0] NCCL INFO transport/net_ib.cc:771 Ib Alloc Size 552 pointer 0x148d14141000
x3004c0s37b1n0:33127:34325 [0] NCCL INFO transport/net.cc:698 Cuda Host Alloc Size 9641984 pointer 0x148cfa000000
x3004c0s37b1n0:33127:34157 [0] NCCL INFO GPU Direct RDMA Disabled for GPU 7000 / HCA 1 (distance 7 > 4)
x3004c0s37b1n0:33127:34325 [0] NCCL INFO New proxy recv connection 20 from local rank 0, transport 2
x3004c0s37b1n0:33127:34157 [0] NCCL INFO Connection to proxy localRank 0 -> connection 0x148d14001180
x3004c0s37b1n0:33127:34157 [0] NCCL INFO Channel 02/0 : 16[7000] -> 12[7000] [receive] via NET/IB/1
x3004c0s37b1n0:33127:34157 [0] NCCL INFO GPU Direct RDMA Disabled for GPU 7000 / HCA 0 (distance 7 > 4)
x3004c0s37b1n0:33127:34325 [0] NCCL INFO New proxy recv connection 21 from local rank 0, transport 2
x3004c0s37b1n0:33127:34157 [0] NCCL INFO Connection to proxy localRank 0 -> connection 0x148d140011c0
x3004c0s37b1n0:33127:34157 [0] NCCL INFO Channel 03/0 : 16[7000] -> 12[7000] [receive] via NET/IB/0
x3004c0s37b1n0:33127:34157 [0] NCCL INFO GPU Direct RDMA Disabled for GPU 7000 / HCA 1 (distance 7 > 4)
x3004c0s37b1n0:33127:34325 [0] NCCL INFO New proxy send connection 22 from local rank 0, transport 2
x3004c0s37b1n0:33127:34157 [0] NCCL INFO Connection to proxy localRank 0 -> connection 0x148d14001200
x3004c0s37b1n0:33127:34157 [0] NCCL INFO Channel 00/0 : 12[7000] -> 8[7000] [send] via NET/IB/1
x3004c0s37b1n0:33127:34157 [0] NCCL INFO GPU Direct RDMA Disabled for GPU 7000 / HCA 0 (distance 7 > 4)
x3004c0s37b1n0:33127:34325 [0] NCCL INFO New proxy send connection 23 from local rank 0, transport 2
x3004c0s37b1n0:33127:34157 [0] NCCL INFO Connection to proxy localRank 0 -> connection 0x148d14001240
x3004c0s37b1n0:33127:34157 [0] NCCL INFO Channel 01/0 : 12[7000] -> 8[7000] [send] via NET/IB/0
x3004c0s37b1n0:33128:34327 [1] NCCL INFO transport/net_ib.cc:596 Ib Alloc Size 26560 pointer 0x14cb30122000
x3004c0s37b1n0:33128:34327 [1] NCCL INFO NET/IB: Dev 1 Port 1 qpn 6145 mtu 5 GID 0 (80FE/AB0100FEFF000000)
x3004c0s37b1n0:33128:34327 [1] NCCL INFO transport/net_ib.cc:653 Ib Alloc Size 552 pointer 0x14cb30139000
x3004c0s37b1n0:33128:34327 [1] NCCL INFO transport/net.cc:571 Cuda Host Alloc Size 9641984 pointer 0x14cb19400000
x3004c0s37b1n0:33128:34327 [1] NCCL INFO transport/net_ib.cc:596 Ib Alloc Size 26560 pointer 0x14cb3013b000
x3004c0s37b1n0:33128:34327 [1] NCCL INFO NET/IB: Dev 0 Port 1 qpn 5827 mtu 5 GID 0 (80FE/BD0100FEFF000000)
x3004c0s37b1n0:33128:34327 [1] NCCL INFO transport/net_ib.cc:653 Ib Alloc Size 552 pointer 0x14cb30152000
x3004c0s37b1n0:33128:34327 [1] NCCL INFO transport/net.cc:571 Cuda Host Alloc Size 9641984 pointer 0x14cb16000000
x3004c0s37b1n0:33128:34327 [1] NCCL INFO New proxy recv connection 20 from local rank 1, transport 0
x3004c0s37b1n0:33128:34158 [1] NCCL INFO Connection to proxy localRank 1 -> connection 0x14cb30001180
x3004c0s37b1n0:33128:34327 [1] NCCL INFO transport/p2p.cc:449 Cuda Alloc Size 6291456 pointer 0x14cb16a00000
x3004c0s37b1n0:33128:34327 [1] NCCL INFO New proxy recv connection 21 from local rank 1, transport 0
x3004c0s37b1n0:33128:34158 [1] NCCL INFO Connection to proxy localRank 1 -> connection 0x14cb300011c0
x3004c0s37b1n0:33128:34327 [1] NCCL INFO transport/p2p.cc:449 Cuda Alloc Size 6291456 pointer 0x14cb17000000
x3004c0s37b1n0:33128:34327 [1] NCCL INFO New proxy recv connection 22 from local rank 1, transport 0
x3004c0s37b1n0:33127:34325 [0] NCCL INFO transport/net_ib.cc:596 Ib Alloc Size 26560 pointer 0x148d14157000
x3004c0s37b1n0:33127:34325 [0] NCCL INFO NET/IB: Dev 1 Port 1 qpn 6146 mtu 5 GID 0 (80FE/AB0100FEFF000000)
x3004c0s37b1n0:33127:34325 [0] NCCL INFO transport/net_ib.cc:653 Ib Alloc Size 552 pointer 0x148d1416e000
x3004c0s37b1n0:33127:34325 [0] NCCL INFO transport/net.cc:571 Cuda Host Alloc Size 9641984 pointer 0x148cfaa00000
x3004c0s37b1n0:33127:34325 [0] NCCL INFO transport/net_ib.cc:596 Ib Alloc Size 26560 pointer 0x148d14170000
x3004c0s37b1n0:33128:34158 [1] NCCL INFO Connection to proxy localRank 1 -> connection 0x14cb30001200
x3004c0s37b1n0:33127:34325 [0] NCCL INFO NET/IB: Dev 0 Port 1 qpn 5828 mtu 5 GID 0 (80FE/BD0100FEFF000000)
x3004c0s37b1n0:33127:34325 [0] NCCL INFO transport/net_ib.cc:653 Ib Alloc Size 552 pointer 0x148d14187000
x3004c0s37b1n0:33127:34325 [0] NCCL INFO transport/net.cc:571 Cuda Host Alloc Size 9641984 pointer 0x148cfb400000
x3004c0s37b1n0:33128:34327 [1] NCCL INFO transport/p2p.cc:449 Cuda Alloc Size 6291456 pointer 0x14cb17600000
x3004c0s37b1n0:33128:34327 [1] NCCL INFO New proxy recv connection 23 from local rank 1, transport 0
x3004c0s37b1n0:33127:34325 [0] NCCL INFO transport/net_ib.cc:683 Ib Alloc Size 21688 pointer 0x148d14189000
x3004c0s37b1n0:33127:34325 [0] NCCL INFO transport/net_ib.cc:696 Ib Alloc Size 552 pointer 0x148d14190000
x3004c0s37b1n0:33127:34325 [0] NCCL INFO transport/net_ib.cc:771 Ib Alloc Size 552 pointer 0x148d141ab000
x3004c0s37b1n0:33127:34325 [0] NCCL INFO transport/net.cc:698 Cuda Host Alloc Size 9641984 pointer 0x148cf8000000
x3004c0s37b1n0:33128:34158 [1] NCCL INFO Connection to proxy localRank 1 -> connection 0x14cb30001240
x3004c0s37b1n0:33128:34327 [1] NCCL INFO transport/p2p.cc:449 Cuda Alloc Size 6291456 pointer 0x14cb14000000
x3004c0s37b1n0:33127:34325 [0] NCCL INFO transport/net_ib.cc:683 Ib Alloc Size 21688 pointer 0x148d141ad000
x3004c0s37b1n0:33127:34325 [0] NCCL INFO transport/net_ib.cc:696 Ib Alloc Size 552 pointer 0x148d141b4000
x3004c0s37b1n0:33128:34158 [1] NCCL INFO Connected all trees by HAO
x3004c0s37b1n0:33128:34158 [1] NCCL INFO threadThresholds 8/8/64 | 160/8/64 | 512 | 512
x3004c0s37b1n0:33128:34158 [1] NCCL INFO 4 coll channels, 4 p2p channels, 2 p2p channels per peer
x3004c0s37b1n0:33128:34327 [1] NCCL INFO New proxy send connection 24 from local rank 1, transport 2
x3004c0s37b1n0:33129:34161 [2] NCCL INFO Connected all trees by HAO
x3004c0s37b1n0:33129:34161 [2] NCCL INFO threadThresholds 8/8/64 | 160/8/64 | 512 | 512
x3004c0s37b1n0:33129:34161 [2] NCCL INFO 4 coll channels, 4 p2p channels, 2 p2p channels per peer
x3004c0s37b1n0:33127:34325 [0] NCCL INFO transport/net_ib.cc:771 Ib Alloc Size 552 pointer 0x148d141cf000
x3004c0s37b1n0:33127:34325 [0] NCCL INFO transport/net.cc:698 Cuda Host Alloc Size 9641984 pointer 0x148cf8a00000
x3004c0s37b1n0:33129:34328 [2] NCCL INFO Allocated 4194656 bytes of shared memory in /dev/shm/nccl-j9D8df

x3004c0s37b1n0:33129:34328 [2] NCCL INFO New proxy send connection 20 from local rank 2, transport 2
x3004c0s37b1n0:33127:34157 [0] NCCL INFO Connected all trees by HAO
x3004c0s37b1n0:33127:34157 [0] NCCL INFO threadThresholds 8/8/64 | 160/8/64 | 512 | 512
x3004c0s37b1n0:33127:34157 [0] NCCL INFO 4 coll channels, 4 p2p channels, 2 p2p channels per peer
x3004c0s37b1n0:33127:34325 [0] NCCL INFO New proxy send connection 24 from local rank 0, transport 2
x3004c0s37b1n0:33128:34158 [1] NCCL INFO Connection to proxy localRank 1 -> connection 0x14cb30001280
x3004c0s37b1n0:33128:34327 [1] NCCL INFO transport/net.cc:376 Cuda Alloc Size 8388608 pointer 0x14cb12000000
x3004c0s37b1n0:33129:34161 [2] NCCL INFO Connection to proxy localRank 2 -> connection 0x14db54001180
x3004c0s37b1n0:33129:34328 [2] NCCL INFO transport/net.cc:376 Cuda Alloc Size 8388608 pointer 0x14db41800000
x3004c0s37b1n0:33127:34157 [0] NCCL INFO Connection to proxy localRank 0 -> connection 0x148d14001280
x3004c0s37b1n0:33127:34157 [0] NCCL INFO init.cc:367 Cuda Alloc Size 5168 pointer 0x148d19808800
x3004c0s37b1n0:33128:34158 [1] NCCL INFO init.cc:367 Cuda Alloc Size 5168 pointer 0x14cb35808800
x3004c0s37b1n0:33130:34160 [3] NCCL INFO init.cc:367 Cuda Alloc Size 5168 pointer 0x151a27808800
x3004c0s37b1n0:33129:34161 [2] NCCL INFO init.cc:367 Cuda Alloc Size 5168 pointer 0x14db59808800
x3004c0s37b1n0:33128:34158 [1] NCCL INFO init.cc:392 Cuda Host Alloc Size 33554432 pointer 0x14cb10000000
x3004c0s37b1n0:33128:34158 [1] NCCL INFO init.cc:398 Cuda Host Alloc Size 128 pointer 0x14cb34e00200
x3004c0s37b1n0:33128:34158 [1] NCCL INFO comm 0x55d46f6c6470 rank 13 nranks 20 cudaDev 1 busId 46000 - Init COMPLETE
x3004c0s37b1n0:33130:34160 [3] NCCL INFO init.cc:392 Cuda Host Alloc Size 33554432 pointer 0x151a08000000
x3004c0s37b1n0:33130:34160 [3] NCCL INFO init.cc:398 Cuda Host Alloc Size 128 pointer 0x151a26e00200
x3004c0s37b1n0:33130:34160 [3] NCCL INFO comm 0x5587040c9a70 rank 15 nranks 20 cudaDev 3 busId c7000 - Init COMPLETE
x3004c0s37b1n0:33129:34161 [2] NCCL INFO init.cc:392 Cuda Host Alloc Size 33554432 pointer 0x14db3e000000
x3004c0s37b1n0:33129:34161 [2] NCCL INFO init.cc:398 Cuda Host Alloc Size 128 pointer 0x14db58e00200
x3004c0s37b1n0:33129:34161 [2] NCCL INFO comm 0x55ea8bde3980 rank 14 nranks 20 cudaDev 2 busId 85000 - Init COMPLETE
x3004c0s37b1n0:33128:33128 [1] NCCL INFO AllReduce: opCount 0 sendbuff 0x14cb77600200 recvbuff 0x14cb77600200 count 1 datatype 1 op 0 root 0 comm 0x55d46f6c6470 [nranks=20] stream 0x55d4898487a0
x3004c0s37b1n0:33128:33128 [1] NCCL INFO misc/utils.cc:235 memory stack hunk malloc(65536)
[LYD INFO in ncclLaunchKernel (enqueue.cc)] NCHANNELS is: 4x3004c0s37b1n0:33127:34157 [0] NCCL INFO init.cc:392 Cuda Host Alloc Size 33554432 pointer 0x148cf6000000
x3004c0s37b1n0:33127:34157 [0] NCCL INFO init.cc:398 Cuda Host Alloc Size 128 pointer 0x148d18e00200
x3004c0s37b1n0:33127:34157 [0] NCCL INFO comm 0x55ea0a43aa10 rank 12 nranks 20 cudaDev 0 busId 7000 - Init COMPLETE
x3004c0s37b1n0:33127:34325 [0] NCCL INFO transport/net.cc:376 Cuda Alloc Size 8388608 pointer 0x148cf9400000
x3004c0s37b1n0:33129:33129 [2] NCCL INFO AllReduce: opCount 0 sendbuff 0x14db9b600200 recvbuff 0x14db9b600200 count 1 datatype 1 op 0 root 0 comm 0x55ea8bde3980 [nranks=20] stream 0x55eaa33648d0
x3004c0s37b1n0:33129:33129 [2] NCCL INFO misc/utils.cc:235 memory stack hunk malloc(65536)
[LYD INFO in ncclLaunchKernel (enqueue.cc)] NCHANNELS is: 4x3004c0s37b1n0:33130:33130 [3] NCCL INFO AllReduce: opCount 0 sendbuff 0x151a67600200 recvbuff 0x151a67600200 count 1 datatype 1 op 0 root 0 comm 0x5587040c9a70 [nranks=20] stream 0x55871991a370
x3004c0s37b1n0:33130:33130 [3] NCCL INFO misc/utils.cc:235 memory stack hunk malloc(65536)
[LYD INFO in ncclLaunchKernel (enqueue.cc)] NCHANNELS is: 4x3004c0s37b1n0:33127:33127 [0] NCCL INFO AllReduce: opCount 0 sendbuff 0x148d5b600200 recvbuff 0x148d5b600200 count 1 datatype 1 op 0 root 0 comm 0x55ea0a43aa10 [nranks=20] stream 0x55ea0e198d00
x3004c0s37b1n0:33127:33127 [0] NCCL INFO misc/utils.cc:235 memory stack hunk malloc(65536)
[LYD INFO in ncclLaunchKernel (enqueue.cc)] NCHANNELS is: 4
[LYD INFO in NCCL_KERN_NAME (common.h)] 13 AllReduce TREE LL Sum uint8_t Elapsed time: 71361 us

[LYD INFO in NCCL_KERN_NAME (common.h)] 12 AllReduce TREE LL Sum uint8_t Elapsed time: 45588 us

[LYD INFO in NCCL_KERN_NAME (common.h)] 14 AllReduce TREE LL Sum uint8_t Elapsed time: 62264 us

[LYD INFO in NCCL_KERN_NAME (common.h)] 15 AllReduce TREE LL Sum uint8_t Elapsed time: 54783 us
x3004c0s37b1n0:33129:33129 [2] NCCL INFO AllReduce: opCount 1 sendbuff 0x14db9b600000 recvbuff 0x14db9b600000 count 1 datatype 1 op 0 root 0 comm 0x55ea8bde3980 [nranks=20] stream 0x55eaa33648d0
[LYD INFO in ncclLaunchKernel (enqueue.cc)] NCHANNELS is: 4x3004c0s37b1n0:33128:33128 [1] NCCL INFO AllReduce: opCount 1 sendbuff 0x14cb77600000 recvbuff 0x14cb77600000 count 1 datatype 1 op 0 root 0 comm 0x55d46f6c6470 [nranks=20] stream 0x55d4898487a0
[LYD INFO in ncclLaunchKernel (enqueue.cc)] NCHANNELS is: 4x3004c0s37b1n0:33127:33127 [0] NCCL INFO AllReduce: opCount 1 sendbuff 0x148d5b600000 recvbuff 0x148d5b600000 count 1 datatype 1 op 0 root 0 comm 0x55ea0a43aa10 [nranks=20] stream 0x55ea0e198d00
[LYD INFO in ncclLaunchKernel (enqueue.cc)] NCHANNELS is: 4x3004c0s37b1n0:33130:33130 [3] NCCL INFO AllReduce: opCount 1 sendbuff 0x151a67600000 recvbuff 0x151a67600000 count 1 datatype 1 op 0 root 0 comm 0x5587040c9a70 [nranks=20] stream 0x55871991a370
[LYD INFO in ncclLaunchKernel (enqueue.cc)] NCHANNELS is: 4
[LYD INFO in NCCL_KERN_NAME (common.h)] 13 AllReduce TREE LL Sum uint8_t Elapsed time: 6963663 us

[LYD INFO in NCCL_KERN_NAME (common.h)] 15 AllReduce TREE LL Sum uint8_t Elapsed time: 3152770 us

[LYD INFO in NCCL_KERN_NAME (common.h)] 12 AllReduce TREE LL Sum uint8_t Elapsed time: 4896350 us

[LYD INFO in NCCL_KERN_NAME (common.h)] 14 AllReduce TREE LL Sum uint8_t Elapsed time: 7997071 us
x3004c0s37b1n0:33128:33128 [1] NCCL INFO AllReduce: opCount 2 sendbuff 0x14cb77600000 recvbuff 0x14cb77600000 count 1 datatype 8 op 3 root 0 comm 0x55d46f6c6470 [nranks=20] stream 0x55d4898487a0
[LYD INFO in ncclLaunchKernel (enqueue.cc)] NCHANNELS is: 4x3004c0s37b1n0:33129:33129 [2] NCCL INFO AllReduce: opCount 2 sendbuff 0x14db9b600000 recvbuff 0x14db9b600000 count 1 datatype 8 op 3 root 0 comm 0x55ea8bde3980 [nranks=20] stream 0x55eaa33648d0
[LYD INFO in ncclLaunchKernel (enqueue.cc)] NCHANNELS is: 4x3004c0s37b1n0:33130:33130 [3] NCCL INFO AllReduce: opCount 2 sendbuff 0x151a67600000 recvbuff 0x151a67600000 count 1 datatype 8 op 3 root 0 comm 0x5587040c9a70 [nranks=20] stream 0x55871991a370
[LYD INFO in ncclLaunchKernel (enqueue.cc)] NCHANNELS is: 4x3004c0s37b1n0:33127:33127 [0] NCCL INFO AllReduce: opCount 2 sendbuff 0x148d5b600000 recvbuff 0x148d5b600000 count 1 datatype 8 op 3 root 0 comm 0x55ea0a43aa10 [nranks=20] stream 0x55ea0e198d00
[LYD INFO in ncclLaunchKernel (enqueue.cc)] NCHANNELS is: 4
[LYD INFO in NCCL_FUNC_NAME (common.h)] 14 AllReduce TREE LL Min double Elapsed time: 9211 us

[LYD INFO in NCCL_FUNC_NAME (common.h)] 13 AllReduce TREE LL Min double Elapsed time: 24945 us

[LYD INFO in NCCL_FUNC_NAME (common.h)] 12 AllReduce TREE LL Min double Elapsed time: 8 us

[LYD INFO in NCCL_FUNC_NAME (common.h)] 15 AllReduce TREE LL Min double Elapsed time: 4 us

[LYD INFO in NCCL_KERN_NAME (common.h)] 15 AllReduce TREE LL Sum double Elapsed time: 80533 us
x3004c0s37b1n0:33130:33130 [3] NCCL INFO AllReduce: opCount 3 sendbuff 0x151a67600200 recvbuff 0x151a67600200 count 1 datatype 1 op 0 root 0 comm 0x5587040c9a70 [nranks=20] stream 0x55871991a370
[LYD INFO in ncclLaunchKernel (enqueue.cc)] NCHANNELS is: 4
[LYD INFO in NCCL_KERN_NAME (common.h)] 12 AllReduce TREE LL Sum double Elapsed time: 72183 us
x3004c0s37b1n0:33127:33127 [0] NCCL INFO AllReduce: opCount 3 sendbuff 0x148d5b600200 recvbuff 0x148d5b600200 count 1 datatype 1 op 0 root 0 comm 0x55ea0a43aa10 [nranks=20] stream 0x55ea0e198d00
[LYD INFO in ncclLaunchKernel (enqueue.cc)] NCHANNELS is: 4
[LYD INFO in NCCL_KERN_NAME (common.h)] 14 AllReduce TREE LL Sum double Elapsed time: 89739 us

[LYD INFO in NCCL_KERN_NAME (common.h)] 13 AllReduce TREE LL Sum double Elapsed time: 105471 us
x3004c0s37b1n0:33128:33128 [1] NCCL INFO AllReduce: opCount 3 sendbuff 0x14cb77600200 recvbuff 0x14cb77600200 count 1 datatype 1 op 0 root 0 comm 0x55d46f6c6470 [nranks=20] stream 0x55d4898487a0
[LYD INFO in ncclLaunchKernel (enqueue.cc)] NCHANNELS is: 4x3004c0s37b1n0:33129:33129 [2] NCCL INFO AllReduce: opCount 3 sendbuff 0x14db9b600200 recvbuff 0x14db9b600200 count 1 datatype 1 op 0 root 0 comm 0x55ea8bde3980 [nranks=20] stream 0x55eaa33648d0
[LYD INFO in ncclLaunchKernel (enqueue.cc)] NCHANNELS is: 4
[LYD INFO in NCCL_KERN_NAME (common.h)] 12 AllReduce TREE LL Sum uint8_t Elapsed time: 70322 us

[LYD INFO in NCCL_KERN_NAME (common.h)] 14 AllReduce TREE LL Sum uint8_t Elapsed time: 60604 us
 > number of parameters on (tensor, pipeline) model parallel rank (0, 14): 39354880

[LYD INFO in NCCL_KERN_NAME (common.h)] 15 AllReduce TREE LL Sum uint8_t Elapsed time: 82777 us

[LYD INFO in NCCL_KERN_NAME (common.h)] 13 AllReduce TREE LL Sum uint8_t Elapsed time: 64761 us
 > number of parameters on (tensor, pipeline) model parallel rank (0, 13): 39354880
 > number of parameters on (tensor, pipeline) model parallel rank (0, 12): 39354880
x3004c0s37b1n0:33127:33127 [0] NCCL INFO AllReduce: opCount 4 sendbuff 0x148d5b600400 recvbuff 0x148d5b600400 count 1 datatype 1 op 0 root 0 comm 0x55ea0a43aa10 [nranks=20] stream 0x55ea0e198d00
[LYD INFO in ncclLaunchKernel (enqueue.cc)] NCHANNELS is: 4 > number of parameters on (tensor, pipeline) model parallel rank (0, 15): 39354880
x3004c0s37b1n0:33130:33130 [3] NCCL INFO AllReduce: opCount 4 sendbuff 0x151a67600400 recvbuff 0x151a67600400 count 1 datatype 1 op 0 root 0 comm 0x5587040c9a70 [nranks=20] stream 0x55871991a370
[LYD INFO in ncclLaunchKernel (enqueue.cc)] NCHANNELS is: 4x3004c0s37b1n0:33129:33129 [2] NCCL INFO AllReduce: opCount 4 sendbuff 0x14db9b600400 recvbuff 0x14db9b600400 count 1 datatype 1 op 0 root 0 comm 0x55ea8bde3980 [nranks=20] stream 0x55eaa33648d0
[LYD INFO in ncclLaunchKernel (enqueue.cc)] NCHANNELS is: 4x3004c0s37b1n0:33128:33128 [1] NCCL INFO AllReduce: opCount 4 sendbuff 0x14cb77600400 recvbuff 0x14cb77600400 count 1 datatype 1 op 0 root 0 comm 0x55d46f6c6470 [nranks=20] stream 0x55d4898487a0
[LYD INFO in ncclLaunchKernel (enqueue.cc)] NCHANNELS is: 4
[LYD INFO in NCCL_KERN_NAME (common.h)] 12 AllReduce TREE LL Sum uint8_t Elapsed time: 1815857 us

[LYD INFO in NCCL_KERN_NAME (common.h)] 13 AllReduce TREE LL Sum uint8_t Elapsed time: 1777247 us
x3004c0s37b1n0:33128:33128 [1] NCCL INFO AllReduce: opCount 5 sendbuff 0x14cb77615200 recvbuff 0x14cb77615200 count 1 datatype 1 op 0 root 0 comm 0x55d46f6c6470 [nranks=20] stream 0x55d4898487a0
[LYD INFO in ncclLaunchKernel (enqueue.cc)] NCHANNELS is: 4
[LYD INFO in NCCL_KERN_NAME (common.h)] 15 AllReduce TREE LL Sum uint8_t Elapsed time: 1807440 us
x3004c0s37b1n0:33130:33130 [3] NCCL INFO AllReduce: opCount 5 sendbuff 0x151a67615200 recvbuff 0x151a67615200 count 1 datatype 1 op 0 root 0 comm 0x5587040c9a70 [nranks=20] stream 0x55871991a370
[LYD INFO in ncclLaunchKernel (enqueue.cc)] NCHANNELS is: 4
[LYD INFO in NCCL_KERN_NAME (common.h)] 14 AllReduce TREE LL Sum uint8_t Elapsed time: 1802589 us
x3004c0s37b1n0:33129:33129 [2] NCCL INFO AllReduce: opCount 5 sendbuff 0x14db9b615200 recvbuff 0x14db9b615200 count 1 datatype 1 op 0 root 0 comm 0x55ea8bde3980 [nranks=20] stream 0x55eaa33648d0
[LYD INFO in ncclLaunchKernel (enqueue.cc)] NCHANNELS is: 4x3004c0s37b1n0:33127:33127 [0] NCCL INFO AllReduce: opCount 5 sendbuff 0x148d5b615200 recvbuff 0x148d5b615200 count 1 datatype 1 op 0 root 0 comm 0x55ea0a43aa10 [nranks=20] stream 0x55ea0e198d00
[LYD INFO in ncclLaunchKernel (enqueue.cc)] NCHANNELS is: 4
[LYD INFO in NCCL_KERN_NAME (common.h)] 15 AllReduce TREE LL Sum uint8_t Elapsed time: 71496 us
x3004c0s37b1n0:33130:33130 [3] NCCL INFO AllReduce: opCount 6 sendbuff 0x151a67600400 recvbuff 0x151a67600400 count 1 datatype 1 op 0 root 0 comm 0x5587040c9a70 [nranks=20] stream 0x55871991a370
[LYD INFO in ncclLaunchKernel (enqueue.cc)] NCHANNELS is: 4
[LYD INFO in NCCL_KERN_NAME (common.h)] 14 AllReduce TREE LL Sum uint8_t Elapsed time: 59504 us
x3004c0s37b1n0:33129:33129 [2] NCCL INFO AllReduce: opCount 6 sendbuff 0x14db9b600400 recvbuff 0x14db9b600400 count 1 datatype 1 op 0 root 0 comm 0x55ea8bde3980 [nranks=20] stream 0x55eaa33648d0
[LYD INFO in ncclLaunchKernel (enqueue.cc)] NCHANNELS is: 4
[LYD INFO in NCCL_KERN_NAME (common.h)] 13 AllReduce TREE LL Sum uint8_t Elapsed time: 83429 us
x3004c0s37b1n0:33128:33128 [1] NCCL INFO AllReduce: opCount 6 sendbuff 0x14cb77600400 recvbuff 0x14cb77600400 count 1 datatype 1 op 0 root 0 comm 0x55d46f6c6470 [nranks=20] stream 0x55d4898487a0
[LYD INFO in ncclLaunchKernel (enqueue.cc)] NCHANNELS is: 4
[LYD INFO in NCCL_KERN_NAME (common.h)] 12 AllReduce TREE LL Sum uint8_t Elapsed time: 47628 us
x3004c0s37b1n0:33127:33127 [0] NCCL INFO AllReduce: opCount 6 sendbuff 0x148d5b600400 recvbuff 0x148d5b600400 count 1 datatype 1 op 0 root 0 comm 0x55ea0a43aa10 [nranks=20] stream 0x55ea0e198d00
[LYD INFO in ncclLaunchKernel (enqueue.cc)] NCHANNELS is: 4
[LYD INFO in NCCL_KERN_NAME (common.h)] 12 AllReduce TREE LL Sum uint8_t Elapsed time: 122508 us

[LYD INFO in NCCL_KERN_NAME (common.h)] 13 AllReduce TREE LL Sum uint8_t Elapsed time: 134520 us

[LYD INFO in NCCL_KERN_NAME (common.h)] 14 AllReduce TREE LL Sum uint8_t Elapsed time: 150523 us

[LYD INFO in NCCL_KERN_NAME (common.h)] 15 AllReduce TREE LL Sum uint8_t Elapsed time: 154699 us
NCCL version 2.14.3+cuda11.8
x3004c0s37b1n0:33130:33130 [3] NCCL INFO init.cc:1147 Cuda Host Alloc Size 4 pointer 0x151a26e00400
NCCL version 2.14.3+cuda11.8
x3004c0s37b1n0:33129:33129 [2] NCCL INFO init.cc:1147 Cuda Host Alloc Size 4 pointer 0x14db58e00400
NCCL version 2.14.3+cuda11.8
x3004c0s37b1n0:33128:33128 [1] NCCL INFO init.cc:1147 Cuda Host Alloc Size 4 pointer 0x14cb34e00400
NCCL version 2.14.3+cuda11.8
x3004c0s37b1n0:33127:33127 [0] NCCL INFO init.cc:1147 Cuda Host Alloc Size 4 pointer 0x148d18e00400
x3004c0s37b1n0:33129:37561 [2] NCCL INFO Using network IB
x3004c0s37b1n0:33130:37559 [3] NCCL INFO Using network IB
x3004c0s37b1n0:33128:37563 [1] NCCL INFO Using network IB
x3004c0s37b1n0:33127:37565 [0] NCCL INFO Using network IB
x3004c0s37b1n0:33130:37559 [3] NCCL INFO NET/IB : GPU Direct RDMA Enabled for HCA 0 'mlx5_0'
x3004c0s37b1n0:33130:37559 [3] NCCL INFO NET/IB : GPU Direct RDMA Enabled for HCA 1 'mlx5_1'
x3004c0s37b1n0:33130:37559 [3] NCCL INFO GPU Direct RDMA Disabled for GPU c7000 / HCA 0 (distance 6 > 4)
x3004c0s37b1n0:33130:37559 [3] NCCL INFO GPU Direct RDMA Disabled for GPU c7000 / HCA 1 (distance 7 > 4)
x3004c0s37b1n0:33130:37559 [3] NCCL INFO === System : maxBw 5000.0 totalBw 0.0 ===
x3004c0s37b1n0:33130:37559 [3] NCCL INFO CPU/0 (1/2/-1)
x3004c0s37b1n0:33130:37559 [3] NCCL INFO + SYS[5000.0] - CPU/2
x3004c0s37b1n0:33130:37559 [3] NCCL INFO + PCI[24.0] - PCI/C5000 (11f8406811f8beef)
x3004c0s37b1n0:33130:37559 [3] NCCL INFO               + PCI[24.0] - GPU/C7000 (0)
x3004c0s37b1n0:33130:37559 [3] NCCL INFO + PCI[12.0] - NIC/C8000
x3004c0s37b1n0:33130:37559 [3] NCCL INFO CPU/2 (1/2/-1)
x3004c0s37b1n0:33130:37559 [3] NCCL INFO + SYS[5000.0] - CPU/0
x3004c0s37b1n0:33130:37559 [3] NCCL INFO + PCI[12.0] - NIC/43000
x3004c0s37b1n0:33130:37559 [3] NCCL INFO ==========================================
x3004c0s37b1n0:33130:37559 [3] NCCL INFO GPU/C7000 :GPU/C7000 (0/5000.000000/LOC) CPU/0 (2/24.000000/PHB) CPU/2 (3/24.000000/SYS) 
x3004c0s37b1n0:33130:37559 [3] NCCL INFO Setting affinity for GPU 3 to 01
x3004c0s37b1n0:33130:37559 [3] NCCL INFO Pattern 4, crossNic 0, nChannels 16, bw 44.000000/44.000000, type LOC/PIX, sameChannels 1
x3004c0s37b1n0:33130:37559 [3] NCCL INFO  0 : GPU/0
x3004c0s37b1n0:33130:37559 [3] NCCL INFO  1 : GPU/0
x3004c0s37b1n0:33130:37559 [3] NCCL INFO  2 : GPU/0
x3004c0s37b1n0:33130:37559 [3] NCCL INFO  3 : GPU/0
x3004c0s37b1n0:33130:37559 [3] NCCL INFO  4 : GPU/0
x3004c0s37b1n0:33130:37559 [3] NCCL INFO  5 : GPU/0
x3004c0s37b1n0:33130:37559 [3] NCCL INFO  6 : GPU/0
x3004c0s37b1n0:33130:37559 [3] NCCL INFO  7 : GPU/0
x3004c0s37b1n0:33130:37559 [3] NCCL INFO  8 : GPU/0
x3004c0s37b1n0:33130:37559 [3] NCCL INFO  9 : GPU/0
x3004c0s37b1n0:33130:37559 [3] NCCL INFO 10 : GPU/0
x3004c0s37b1n0:33130:37559 [3] NCCL INFO 11 : GPU/0
x3004c0s37b1n0:33130:37559 [3] NCCL INFO 12 : GPU/0
