x3004c0s25b1n0:52481:53580 [3] NCCL INFO Channel 03/0 : 15[c7000] -> 17[46000] [send] via NET/IB/0
x3004c0s25b1n0:52481:53763 [3] NCCL INFO transport/net_ib.cc:596 Ib Alloc Size 26560 pointer 0x14eccc020000
x3004c0s25b1n0:52479:53756 [1] NCCL INFO transport/net_ib.cc:683 Ib Alloc Size 21688 pointer 0x151a7c07b000
x3004c0s25b1n0:52479:53756 [1] NCCL INFO transport/net_ib.cc:696 Ib Alloc Size 552 pointer 0x151a7c082000
x3004c0s25b1n0:52481:53763 [3] NCCL INFO NET/IB: Dev 1 Port 1 qpn 10913 mtu 5 GID 0 (80FE/DA0100FEFF000000)
x3004c0s25b1n0:52481:53763 [3] NCCL INFO transport/net_ib.cc:653 Ib Alloc Size 552 pointer 0x14eccc042000
x3004c0s25b1n0:52481:53763 [3] NCCL INFO transport/net.cc:571 Cuda Host Alloc Size 9641984 pointer 0x14eccac00000
x3004c0s25b1n0:52481:53763 [3] NCCL INFO Mem Realloc old size 0, new size 768 pointer 0x14eccc02f0a0
x3004c0s25b1n0:52479:53756 [1] NCCL INFO transport/net_ib.cc:771 Ib Alloc Size 552 pointer 0x151a7c09d000
x3004c0s25b1n0:52479:53756 [1] NCCL INFO transport/net.cc:698 Cuda Host Alloc Size 9641984 pointer 0x151a7b400000
x3004c0s25b1n0:52481:53763 [3] NCCL INFO transport/net_ib.cc:596 Ib Alloc Size 26560 pointer 0x14eccc044000
x3004c0s25b1n0:52480:53575 [2] NCCL INFO Connection to proxy localRank 2 -> connection 0x1455d4000dc0
x3004c0s25b1n0:52480:53757 [2] NCCL INFO transport/p2p.cc:449 Cuda Alloc Size 6291456 pointer 0x1455cd200000
x3004c0s25b1n0:52481:53763 [3] NCCL INFO NET/IB: Dev 0 Port 1 qpn 10681 mtu 5 GID 0 (80FE/880100FEFF000000)
x3004c0s25b1n0:52481:53763 [3] NCCL INFO transport/net_ib.cc:653 Ib Alloc Size 552 pointer 0x14eccc065000
x3004c0s25b1n0:52481:53763 [3] NCCL INFO transport/net.cc:571 Cuda Host Alloc Size 9641984 pointer 0x14eccb600000
x3004c0s25b1n0:52481:53763 [3] NCCL INFO Mem Realloc old size 0, new size 768 pointer 0x14eccc0521f0
x3004c0s25b1n0:52479:53756 [1] NCCL INFO transport/net_ib.cc:683 Ib Alloc Size 21688 pointer 0x151a7c09f000
x3004c0s25b1n0:52480:53757 [2] NCCL INFO New proxy recv connection 6 from local rank 2, transport 0
x3004c0s25b1n0:52481:53763 [3] NCCL INFO transport/net_ib.cc:596 Ib Alloc Size 26560 pointer 0x14eccc067000
x3004c0s25b1n0:52481:53763 [3] NCCL INFO NET/IB: Dev 1 Port 1 qpn 10916 mtu 5 GID 0 (80FE/DA0100FEFF000000)
x3004c0s25b1n0:52481:53763 [3] NCCL INFO transport/net_ib.cc:653 Ib Alloc Size 552 pointer 0x14eccc07e000
x3004c0s25b1n0:52481:53763 [3] NCCL INFO transport/net.cc:571 Cuda Host Alloc Size 9641984 pointer 0x14ecc2000000
x3004c0s25b1n0:52479:53756 [1] NCCL INFO transport/net_ib.cc:696 Ib Alloc Size 552 pointer 0x151a7c0a6000
x3004c0s25b1n0:52481:53763 [3] NCCL INFO transport/net_ib.cc:596 Ib Alloc Size 26560 pointer 0x14eccc080000
x3004c0s25b1n0:52480:53575 [2] NCCL INFO Connection to proxy localRank 2 -> connection 0x1455d4000e00
x3004c0s25b1n0:52480:53757 [2] NCCL INFO transport/p2p.cc:449 Cuda Alloc Size 6291456 pointer 0x1455cd800000
x3004c0s25b1n0:52479:53756 [1] NCCL INFO transport/net_ib.cc:771 Ib Alloc Size 552 pointer 0x151a7c0c1000
x3004c0s25b1n0:52479:53756 [1] NCCL INFO transport/net.cc:698 Cuda Host Alloc Size 9641984 pointer 0x151a78000000
x3004c0s25b1n0:52481:53763 [3] NCCL INFO NET/IB: Dev 0 Port 1 qpn 10684 mtu 5 GID 0 (80FE/880100FEFF000000)
x3004c0s25b1n0:52481:53763 [3] NCCL INFO transport/net_ib.cc:653 Ib Alloc Size 552 pointer 0x14eccc097000
x3004c0s25b1n0:52481:53763 [3] NCCL INFO transport/net.cc:571 Cuda Host Alloc Size 9641984 pointer 0x14ecc2a00000
x3004c0s25b1n0:52480:53757 [2] NCCL INFO New proxy recv connection 7 from local rank 2, transport 0
x3004c0s25b1n0:52481:53580 [3] NCCL INFO Connected all rings
x3004c0s25b1n0:52481:53580 [3] NCCL INFO Channel 00/0 : 15[c7000] -> 14[85000] via P2P/IPC/read
x3004c0s25b1n0:52481:53763 [3] NCCL INFO New proxy send connection 8 from local rank 3, transport 0
x3004c0s25b1n0:52479:53576 [1] NCCL INFO Channel 00/0 : 13[46000] -> 12[7000] via P2P/IPC/read
x3004c0s25b1n0:52479:53756 [1] NCCL INFO New proxy send connection 4 from local rank 1, transport 0
x3004c0s25b1n0:52480:53575 [2] NCCL INFO Connection to proxy localRank 2 -> connection 0x1455d4000e40
x3004c0s25b1n0:52480:53757 [2] NCCL INFO transport/p2p.cc:449 Cuda Alloc Size 6291456 pointer 0x1455ca000000
x3004c0s25b1n0:52481:53580 [3] NCCL INFO Connection to proxy localRank 3 -> connection 0x14eccc000e80
x3004c0s25b1n0:52481:53763 [3] NCCL INFO transport/p2p.cc:430 Cuda Alloc Size 6291456 pointer 0x14ecc3400000
x3004c0s25b1n0:52479:53576 [1] NCCL INFO Connection to proxy localRank 1 -> connection 0x151a7c000d80
x3004c0s25b1n0:52479:53756 [1] NCCL INFO transport/p2p.cc:430 Cuda Alloc Size 6291456 pointer 0x151a78a00000
x3004c0s25b1n0:52480:53575 [2] NCCL INFO Connected all rings
x3004c0s25b1n0:52480:53757 [2] NCCL INFO New proxy recv connection 8 from local rank 2, transport 0
x3004c0s25b1n0:52478:53752 [0] NCCL INFO New proxy recv connection 4 from local rank 0, transport 0
x3004c0s25b1n0:52481:53580 [3] NCCL INFO Channel 01/0 : 15[c7000] -> 14[85000] via P2P/IPC/read
x3004c0s25b1n0:52481:53763 [3] NCCL INFO New proxy send connection 9 from local rank 3, transport 0
x3004c0s25b1n0:52479:53576 [1] NCCL INFO Channel 01/0 : 13[46000] -> 12[7000] via P2P/IPC/read
x3004c0s25b1n0:52479:53756 [1] NCCL INFO New proxy send connection 5 from local rank 1, transport 0
x3004c0s25b1n0:52478:53577 [0] NCCL INFO Connection to proxy localRank 0 -> connection 0x145c68000d80
x3004c0s25b1n0:52478:53752 [0] NCCL INFO transport/p2p.cc:449 Cuda Alloc Size 6291456 pointer 0x145c66c00000
x3004c0s25b1n0:52480:53575 [2] NCCL INFO Connection to proxy localRank 2 -> connection 0x1455d4000e80
x3004c0s25b1n0:52480:53757 [2] NCCL INFO transport/p2p.cc:449 Cuda Alloc Size 6291456 pointer 0x1455c8000000
x3004c0s25b1n0:52479:53576 [1] NCCL INFO Connection to proxy localRank 1 -> connection 0x151a7c000dc0
x3004c0s25b1n0:52479:53756 [1] NCCL INFO transport/p2p.cc:430 Cuda Alloc Size 6291456 pointer 0x151a79000000
x3004c0s25b1n0:52481:53580 [3] NCCL INFO Connection to proxy localRank 3 -> connection 0x14eccc000ec0
x3004c0s25b1n0:52481:53763 [3] NCCL INFO transport/p2p.cc:430 Cuda Alloc Size 6291456 pointer 0x14ecc3a00000
x3004c0s25b1n0:52478:53752 [0] NCCL INFO New proxy recv connection 5 from local rank 0, transport 0
x3004c0s25b1n0:52481:53580 [3] NCCL INFO Channel 02/0 : 15[c7000] -> 14[85000] via P2P/IPC/read
x3004c0s25b1n0:52481:53763 [3] NCCL INFO New proxy send connection 10 from local rank 3, transport 0
x3004c0s25b1n0:52479:53576 [1] NCCL INFO Channel 02/0 : 13[46000] -> 12[7000] via P2P/IPC/read
x3004c0s25b1n0:52479:53756 [1] NCCL INFO New proxy send connection 6 from local rank 1, transport 0
x3004c0s25b1n0:52480:53757 [2] NCCL INFO New proxy recv connection 9 from local rank 2, transport 0
x3004c0s25b1n0:52478:53577 [0] NCCL INFO Connection to proxy localRank 0 -> connection 0x145c68000dc0
x3004c0s25b1n0:52478:53752 [0] NCCL INFO transport/p2p.cc:449 Cuda Alloc Size 6291456 pointer 0x145c67200000
x3004c0s25b1n0:52480:53575 [2] NCCL INFO Connection to proxy localRank 2 -> connection 0x1455d4000ec0
x3004c0s25b1n0:52480:53757 [2] NCCL INFO transport/p2p.cc:449 Cuda Alloc Size 6291456 pointer 0x1455c8600000
x3004c0s25b1n0:52481:53580 [3] NCCL INFO Connection to proxy localRank 3 -> connection 0x14eccc000f00
x3004c0s25b1n0:52481:53763 [3] NCCL INFO transport/p2p.cc:430 Cuda Alloc Size 6291456 pointer 0x14ecc0000000
x3004c0s25b1n0:52479:53576 [1] NCCL INFO Connection to proxy localRank 1 -> connection 0x151a7c000e00
x3004c0s25b1n0:52479:53756 [1] NCCL INFO transport/p2p.cc:430 Cuda Alloc Size 6291456 pointer 0x151a79600000
x3004c0s25b1n0:52478:53752 [0] NCCL INFO New proxy recv connection 6 from local rank 0, transport 0
x3004c0s25b1n0:52479:53576 [1] NCCL INFO Channel 03/0 : 13[46000] -> 12[7000] via P2P/IPC/read
x3004c0s25b1n0:52479:53756 [1] NCCL INFO New proxy send connection 7 from local rank 1, transport 0
x3004c0s25b1n0:52480:53757 [2] NCCL INFO New proxy recv connection 10 from local rank 2, transport 0
x3004c0s25b1n0:52478:53577 [0] NCCL INFO Connection to proxy localRank 0 -> connection 0x145c68000e00
x3004c0s25b1n0:52478:53752 [0] NCCL INFO transport/p2p.cc:449 Cuda Alloc Size 6291456 pointer 0x145c67800000
x3004c0s25b1n0:52481:53580 [3] NCCL INFO Channel 03/0 : 15[c7000] -> 14[85000] via P2P/IPC/read
x3004c0s25b1n0:52481:53763 [3] NCCL INFO New proxy send connection 11 from local rank 3, transport 0
x3004c0s25b1n0:52479:53576 [1] NCCL INFO Connection to proxy localRank 1 -> connection 0x151a7c000e40
x3004c0s25b1n0:52479:53756 [1] NCCL INFO transport/p2p.cc:430 Cuda Alloc Size 6291456 pointer 0x151a8ba00000
x3004c0s25b1n0:52480:53575 [2] NCCL INFO Connection to proxy localRank 2 -> connection 0x1455d4000f00
x3004c0s25b1n0:52480:53757 [2] NCCL INFO transport/p2p.cc:449 Cuda Alloc Size 6291456 pointer 0x1455c8c00000
x3004c0s25b1n0:52478:53752 [0] NCCL INFO New proxy recv connection 7 from local rank 0, transport 0
x3004c0s25b1n0:52481:53580 [3] NCCL INFO Connection to proxy localRank 3 -> connection 0x14eccc000f40
x3004c0s25b1n0:52481:53763 [3] NCCL INFO transport/p2p.cc:430 Cuda Alloc Size 6291456 pointer 0x14ecc0600000
x3004c0s25b1n0:52480:53757 [2] NCCL INFO New proxy recv connection 11 from local rank 2, transport 0
x3004c0s25b1n0:52478:53577 [0] NCCL INFO Connection to proxy localRank 0 -> connection 0x145c68000e40
x3004c0s25b1n0:52478:53752 [0] NCCL INFO transport/p2p.cc:449 Cuda Alloc Size 6291456 pointer 0x145c64000000
x3004c0s25b1n0:52480:53575 [2] NCCL INFO Connection to proxy localRank 2 -> connection 0x1455d4000f40
x3004c0s25b1n0:52480:53757 [2] NCCL INFO transport/p2p.cc:449 Cuda Alloc Size 6291456 pointer 0x1455c9200000
x3004c0s25b1n0:52478:53577 [0] NCCL INFO Connected all rings
x3004c0s25b1n0:52478:53577 [0] NCCL INFO Channel 00/0 : 12[7000] -> 13[46000] via P2P/IPC/read
x3004c0s25b1n0:52479:53576 [1] NCCL INFO Connected all rings
x3004c0s25b1n0:52479:53756 [1] NCCL INFO New proxy recv connection 8 from local rank 1, transport 0
x3004c0s25b1n0:52478:53752 [0] NCCL INFO New proxy send connection 8 from local rank 0, transport 0
x3004c0s25b1n0:52479:53576 [1] NCCL INFO Connection to proxy localRank 1 -> connection 0x151a7c000e80
x3004c0s25b1n0:52479:53756 [1] NCCL INFO transport/p2p.cc:449 Cuda Alloc Size 6291456 pointer 0x151a77800000
x3004c0s25b1n0:52478:53577 [0] NCCL INFO Connection to proxy localRank 0 -> connection 0x145c68000e80
x3004c0s25b1n0:52478:53752 [0] NCCL INFO transport/p2p.cc:430 Cuda Alloc Size 6291456 pointer 0x145c62000000
x3004c0s25b1n0:52479:53756 [1] NCCL INFO New proxy recv connection 9 from local rank 1, transport 0
x3004c0s25b1n0:52479:53576 [1] NCCL INFO Connection to proxy localRank 1 -> connection 0x151a7c000ec0
x3004c0s25b1n0:52479:53756 [1] NCCL INFO transport/p2p.cc:449 Cuda Alloc Size 6291456 pointer 0x151a74000000
x3004c0s25b1n0:52478:53577 [0] NCCL INFO Channel 01/0 : 12[7000] -> 13[46000] via P2P/IPC/read
x3004c0s25b1n0:52478:53752 [0] NCCL INFO New proxy send connection 9 from local rank 0, transport 0
x3004c0s25b1n0:52478:53577 [0] NCCL INFO Connection to proxy localRank 0 -> connection 0x145c68000ec0
x3004c0s25b1n0:52478:53752 [0] NCCL INFO transport/p2p.cc:430 Cuda Alloc Size 6291456 pointer 0x145c62600000
x3004c0s25b1n0:52479:53756 [1] NCCL INFO New proxy recv connection 10 from local rank 1, transport 0
x3004c0s25b1n0:52478:53577 [0] NCCL INFO Channel 02/0 : 12[7000] -> 13[46000] via P2P/IPC/read
x3004c0s25b1n0:52478:53752 [0] NCCL INFO New proxy send connection 10 from local rank 0, transport 0
x3004c0s25b1n0:52479:53576 [1] NCCL INFO Connection to proxy localRank 1 -> connection 0x151a7c000f00
x3004c0s25b1n0:52479:53756 [1] NCCL INFO transport/p2p.cc:449 Cuda Alloc Size 6291456 pointer 0x151a74600000
x3004c0s25b1n0:52478:53577 [0] NCCL INFO Connection to proxy localRank 0 -> connection 0x145c68000f00
x3004c0s25b1n0:52478:53752 [0] NCCL INFO transport/p2p.cc:430 Cuda Alloc Size 6291456 pointer 0x145c62c00000
x3004c0s25b1n0:52478:53577 [0] NCCL INFO Channel 03/0 : 12[7000] -> 13[46000] via P2P/IPC/read
x3004c0s25b1n0:52479:53756 [1] NCCL INFO New proxy recv connection 11 from local rank 1, transport 0
x3004c0s25b1n0:52478:53752 [0] NCCL INFO New proxy send connection 11 from local rank 0, transport 0
x3004c0s25b1n0:52479:53576 [1] NCCL INFO Connection to proxy localRank 1 -> connection 0x151a7c000f40
x3004c0s25b1n0:52478:53577 [0] NCCL INFO Connection to proxy localRank 0 -> connection 0x145c68000f40
x3004c0s25b1n0:52478:53752 [0] NCCL INFO transport/p2p.cc:430 Cuda Alloc Size 6291456 pointer 0x145c63200000
x3004c0s25b1n0:52479:53756 [1] NCCL INFO transport/p2p.cc:449 Cuda Alloc Size 6291456 pointer 0x151a74c00000
x3004c0s25b1n0:52479:53576 [1] NCCL INFO Channel 00/0 : 13[46000] -> 14[85000] via P2P/IPC/read
x3004c0s25b1n0:52479:53756 [1] NCCL INFO New proxy send connection 12 from local rank 1, transport 0
x3004c0s25b1n0:52479:53576 [1] NCCL INFO Connection to proxy localRank 1 -> connection 0x151a7c000f80
x3004c0s25b1n0:52479:53756 [1] NCCL INFO transport/p2p.cc:430 Cuda Alloc Size 6291456 pointer 0x151a75200000
x3004c0s25b1n0:52479:53576 [1] NCCL INFO Channel 01/0 : 13[46000] -> 14[85000] via P2P/IPC/read
x3004c0s25b1n0:52479:53756 [1] NCCL INFO New proxy send connection 13 from local rank 1, transport 0
x3004c0s25b1n0:52479:53576 [1] NCCL INFO Connection to proxy localRank 1 -> connection 0x151a7c000fc0
x3004c0s25b1n0:52479:53756 [1] NCCL INFO transport/p2p.cc:430 Cuda Alloc Size 6291456 pointer 0x151a75800000
x3004c0s25b1n0:52479:53576 [1] NCCL INFO Channel 02/0 : 13[46000] -> 14[85000] via P2P/IPC/read
x3004c0s25b1n0:52479:53756 [1] NCCL INFO New proxy send connection 14 from local rank 1, transport 0
x3004c0s25b1n0:52479:53576 [1] NCCL INFO Connection to proxy localRank 1 -> connection 0x151a7c001000
x3004c0s25b1n0:52479:53756 [1] NCCL INFO transport/p2p.cc:430 Cuda Alloc Size 6291456 pointer 0x151a72000000
x3004c0s25b1n0:52479:53576 [1] NCCL INFO Channel 03/0 : 13[46000] -> 14[85000] via P2P/IPC/read
x3004c0s25b1n0:52479:53756 [1] NCCL INFO New proxy send connection 15 from local rank 1, transport 0
x3004c0s25b1n0:52479:53576 [1] NCCL INFO Connection to proxy localRank 1 -> connection 0x151a7c001040
x3004c0s25b1n0:52479:53756 [1] NCCL INFO transport/p2p.cc:430 Cuda Alloc Size 6291456 pointer 0x151a72600000
x3004c0s25b1n0:52479:53576 [1] NCCL INFO GPU Direct RDMA Disabled for GPU 46000 / HCA 1 (distance 6 > 4)
x3004c0s25b1n0:52479:53756 [1] NCCL INFO New proxy recv connection 16 from local rank 1, transport 2
x3004c0s25b1n0:52480:53757 [2] NCCL INFO New proxy recv connection 12 from local rank 2, transport 0
x3004c0s25b1n0:52478:53577 [0] NCCL INFO GPU Direct RDMA Disabled for GPU 7000 / HCA 1 (distance 7 > 4)
x3004c0s25b1n0:52478:53752 [0] NCCL INFO Allocated 4194656 bytes of shared memory in /dev/shm/nccl-qL7DXk

x3004c0s25b1n0:52478:53752 [0] NCCL INFO New proxy recv connection 12 from local rank 0, transport 2
x3004c0s25b1n0:52478:53577 [0] NCCL INFO Connection to proxy localRank 0 -> connection 0x145c68000f80
x3004c0s25b1n0:52480:53575 [2] NCCL INFO Connection to proxy localRank 2 -> connection 0x1455d4000f80
x3004c0s25b1n0:52480:53757 [2] NCCL INFO transport/p2p.cc:449 Cuda Alloc Size 6291456 pointer 0x1455c7200000
x3004c0s25b1n0:52479:53576 [1] NCCL INFO Connection to proxy localRank 1 -> connection 0x151a7c001080
x3004c0s25b1n0:52478:53577 [0] NCCL INFO Channel 00/0 : 8[7000] -> 12[7000] [receive] via NET/IB/1
x3004c0s25b1n0:52478:53577 [0] NCCL INFO GPU Direct RDMA Disabled for GPU 7000 / HCA 0 (distance 7 > 4)
x3004c0s25b1n0:52478:53752 [0] NCCL INFO New proxy recv connection 13 from local rank 0, transport 2
x3004c0s25b1n0:52479:53576 [1] NCCL INFO Channel 02/0 : 8[7000] -> 13[46000] [receive] via NET/IB/1
x3004c0s25b1n0:52479:53576 [1] NCCL INFO GPU Direct RDMA Disabled for GPU 46000 / HCA 0 (distance 7 > 4)
x3004c0s25b1n0:52479:53756 [1] NCCL INFO New proxy recv connection 17 from local rank 1, transport 2
x3004c0s25b1n0:52480:53757 [2] NCCL INFO New proxy recv connection 13 from local rank 2, transport 0
x3004c0s25b1n0:52478:53577 [0] NCCL INFO Connection to proxy localRank 0 -> connection 0x145c68000fc0
x3004c0s25b1n0:52479:53576 [1] NCCL INFO Connection to proxy localRank 1 -> connection 0x151a7c0010c0
x3004c0s25b1n0:52480:53575 [2] NCCL INFO Connection to proxy localRank 2 -> connection 0x1455d4000fc0
x3004c0s25b1n0:52480:53757 [2] NCCL INFO transport/p2p.cc:449 Cuda Alloc Size 6291456 pointer 0x1455c7800000
x3004c0s25b1n0:52478:53577 [0] NCCL INFO Channel 01/0 : 8[7000] -> 12[7000] [receive] via NET/IB/0
x3004c0s25b1n0:52478:53577 [0] NCCL INFO GPU Direct RDMA Disabled for GPU 7000 / HCA 1 (distance 7 > 4)
x3004c0s25b1n0:52478:53752 [0] NCCL INFO New proxy send connection 14 from local rank 0, transport 2
x3004c0s25b1n0:52479:53576 [1] NCCL INFO Channel 03/0 : 8[7000] -> 13[46000] [receive] via NET/IB/0
x3004c0s25b1n0:52480:53757 [2] NCCL INFO New proxy recv connection 14 from local rank 2, transport 0
x3004c0s25b1n0:52478:53577 [0] NCCL INFO Connection to proxy localRank 0 -> connection 0x145c68001000
x3004c0s25b1n0:52478:53577 [0] NCCL INFO Channel 02/0 : 12[7000] -> 16[7000] [send] via NET/IB/1
x3004c0s25b1n0:52478:53577 [0] NCCL INFO GPU Direct RDMA Disabled for GPU 7000 / HCA 0 (distance 7 > 4)
x3004c0s25b1n0:52478:53752 [0] NCCL INFO New proxy send connection 15 from local rank 0, transport 2
x3004c0s25b1n0:52480:53575 [2] NCCL INFO Connection to proxy localRank 2 -> connection 0x1455d4001000
x3004c0s25b1n0:52480:53757 [2] NCCL INFO transport/p2p.cc:449 Cuda Alloc Size 6291456 pointer 0x1455c4000000
x3004c0s25b1n0:52478:53577 [0] NCCL INFO Connection to proxy localRank 0 -> connection 0x145c68001040
x3004c0s25b1n0:52478:53577 [0] NCCL INFO Channel 03/0 : 12[7000] -> 16[7000] [send] via NET/IB/0
x3004c0s25b1n0:52478:53752 [0] NCCL INFO transport/net_ib.cc:596 Ib Alloc Size 26560 pointer 0x145c68026000
x3004c0s25b1n0:52480:53757 [2] NCCL INFO New proxy recv connection 15 from local rank 2, transport 0
x3004c0s25b1n0:52478:53752 [0] NCCL INFO NET/IB: Dev 1 Port 1 qpn 10917 mtu 5 GID 0 (80FE/DA0100FEFF000000)
x3004c0s25b1n0:52478:53752 [0] NCCL INFO transport/net_ib.cc:653 Ib Alloc Size 552 pointer 0x145c68048000
x3004c0s25b1n0:52478:53752 [0] NCCL INFO transport/net.cc:571 Cuda Host Alloc Size 9641984 pointer 0x145c61200000
x3004c0s25b1n0:52478:53752 [0] NCCL INFO Mem Realloc old size 0, new size 768 pointer 0x145c680354d0
x3004c0s25b1n0:52480:53575 [2] NCCL INFO Connection to proxy localRank 2 -> connection 0x1455d4001040
x3004c0s25b1n0:52480:53757 [2] NCCL INFO transport/p2p.cc:449 Cuda Alloc Size 6291456 pointer 0x1455c4600000
x3004c0s25b1n0:52478:53752 [0] NCCL INFO transport/net_ib.cc:596 Ib Alloc Size 26560 pointer 0x145c6804a000
x3004c0s25b1n0:52478:53752 [0] NCCL INFO NET/IB: Dev 0 Port 1 qpn 10685 mtu 5 GID 0 (80FE/880100FEFF000000)
x3004c0s25b1n0:52478:53752 [0] NCCL INFO transport/net_ib.cc:653 Ib Alloc Size 552 pointer 0x145c6806b000
x3004c0s25b1n0:52478:53752 [0] NCCL INFO transport/net.cc:571 Cuda Host Alloc Size 9641984 pointer 0x145c5a000000
x3004c0s25b1n0:52478:53752 [0] NCCL INFO Mem Realloc old size 0, new size 768 pointer 0x145c68056050
x3004c0s25b1n0:52480:53575 [2] NCCL INFO Channel 00/0 : 14[85000] -> 13[46000] via P2P/IPC/read
x3004c0s25b1n0:52480:53757 [2] NCCL INFO New proxy send connection 16 from local rank 2, transport 0
x3004c0s25b1n0:52480:53575 [2] NCCL INFO Connection to proxy localRank 2 -> connection 0x1455d4001080
x3004c0s25b1n0:52480:53757 [2] NCCL INFO transport/p2p.cc:430 Cuda Alloc Size 6291456 pointer 0x1455c4c00000
x3004c0s25b1n0:52480:53575 [2] NCCL INFO Channel 01/0 : 14[85000] -> 13[46000] via P2P/IPC/read
x3004c0s25b1n0:52479:53756 [1] NCCL INFO transport/net_ib.cc:683 Ib Alloc Size 21688 pointer 0x151a7c0d2000
x3004c0s25b1n0:52479:53756 [1] NCCL INFO transport/net_ib.cc:696 Ib Alloc Size 552 pointer 0x151a7c019000
x3004c0s25b1n0:52479:53756 [1] NCCL INFO transport/net_ib.cc:771 Ib Alloc Size 552 pointer 0x151a7c0f2000
x3004c0s25b1n0:52479:53756 [1] NCCL INFO transport/net.cc:698 Cuda Host Alloc Size 9641984 pointer 0x151a6e000000
x3004c0s25b1n0:52479:53756 [1] NCCL INFO transport/net_ib.cc:683 Ib Alloc Size 21688 pointer 0x151a7c0f4000
x3004c0s25b1n0:52478:53752 [0] NCCL INFO transport/net_ib.cc:683 Ib Alloc Size 21688 pointer 0x145c6806d000
x3004c0s25b1n0:52478:53752 [0] NCCL INFO transport/net_ib.cc:696 Ib Alloc Size 552 pointer 0x145c68074000
x3004c0s25b1n0:52480:53757 [2] NCCL INFO New proxy send connection 17 from local rank 2, transport 0
x3004c0s25b1n0:52478:53752 [0] NCCL INFO transport/net_ib.cc:771 Ib Alloc Size 552 pointer 0x145c68090000
x3004c0s25b1n0:52478:53752 [0] NCCL INFO transport/net.cc:698 Cuda Host Alloc Size 9641984 pointer 0x145c5aa00000
x3004c0s25b1n0:52478:53752 [0] NCCL INFO transport/net_ib.cc:683 Ib Alloc Size 21688 pointer 0x145c68092000
x3004c0s25b1n0:52478:53752 [0] NCCL INFO transport/net_ib.cc:696 Ib Alloc Size 552 pointer 0x145c68099000
x3004c0s25b1n0:52479:53756 [1] NCCL INFO transport/net_ib.cc:696 Ib Alloc Size 552 pointer 0x151a7c0fb000
x3004c0s25b1n0:52480:53575 [2] NCCL INFO Connection to proxy localRank 2 -> connection 0x1455d40010c0
x3004c0s25b1n0:52480:53757 [2] NCCL INFO transport/p2p.cc:430 Cuda Alloc Size 6291456 pointer 0x1455c5200000
x3004c0s25b1n0:52478:53752 [0] NCCL INFO transport/net_ib.cc:771 Ib Alloc Size 552 pointer 0x145c680b4000
x3004c0s25b1n0:52478:53752 [0] NCCL INFO transport/net.cc:698 Cuda Host Alloc Size 9641984 pointer 0x145c5b400000
x3004c0s25b1n0:52479:53756 [1] NCCL INFO transport/net_ib.cc:771 Ib Alloc Size 552 pointer 0x151a7c116000
x3004c0s25b1n0:52479:53756 [1] NCCL INFO transport/net.cc:698 Cuda Host Alloc Size 9641984 pointer 0x151a6ea00000
x3004c0s25b1n0:52478:53577 [0] NCCL INFO GPU Direct RDMA Disabled for GPU 7000 / HCA 1 (distance 7 > 4)
x3004c0s25b1n0:52478:53752 [0] NCCL INFO New proxy send connection 16 from local rank 0, transport 2
x3004c0s25b1n0:52480:53575 [2] NCCL INFO Channel 02/0 : 14[85000] -> 13[46000] via P2P/IPC/read
x3004c0s25b1n0:52480:53757 [2] NCCL INFO New proxy send connection 18 from local rank 2, transport 0
x3004c0s25b1n0:52479:53576 [1] NCCL INFO GPU Direct RDMA Disabled for GPU 46000 / HCA 1 (distance 6 > 4)
x3004c0s25b1n0:52479:53756 [1] NCCL INFO New proxy send connection 18 from local rank 1, transport 2
x3004c0s25b1n0:52478:53577 [0] NCCL INFO Connection to proxy localRank 0 -> connection 0x145c68001080
x3004c0s25b1n0:52478:53577 [0] NCCL INFO Channel 02/0 : 12[7000] -> 1[46000] [send] via NET/IB/1
x3004c0s25b1n0:52478:53577 [0] NCCL INFO GPU Direct RDMA Disabled for GPU 7000 / HCA 0 (distance 7 > 4)
x3004c0s25b1n0:52478:53752 [0] NCCL INFO New proxy send connection 17 from local rank 0, transport 2
x3004c0s25b1n0:52480:53575 [2] NCCL INFO Connection to proxy localRank 2 -> connection 0x1455d4001100
x3004c0s25b1n0:52478:53577 [0] NCCL INFO Connection to proxy localRank 0 -> connection 0x145c680010c0
x3004c0s25b1n0:52478:53577 [0] NCCL INFO Channel 03/0 : 12[7000] -> 1[46000] [send] via NET/IB/0
x3004c0s25b1n0:52478:53752 [0] NCCL INFO transport/net_ib.cc:596 Ib Alloc Size 26560 pointer 0x145c680be000
x3004c0s25b1n0:52480:53757 [2] NCCL INFO transport/p2p.cc:430 Cuda Alloc Size 6291456 pointer 0x1455c5800000
x3004c0s25b1n0:52479:53576 [1] NCCL INFO Connection to proxy localRank 1 -> connection 0x151a7c001100
x3004c0s25b1n0:52479:53576 [1] NCCL INFO Channel 02/0 : 13[46000] -> 8[7000] [send] via NET/IB/1
x3004c0s25b1n0:52479:53576 [1] NCCL INFO GPU Direct RDMA Disabled for GPU 46000 / HCA 0 (distance 7 > 4)
x3004c0s25b1n0:52479:53756 [1] NCCL INFO New proxy send connection 19 from local rank 1, transport 2
x3004c0s25b1n0:52480:53575 [2] NCCL INFO Channel 03/0 : 14[85000] -> 13[46000] via P2P/IPC/read
x3004c0s25b1n0:52480:53757 [2] NCCL INFO New proxy send connection 19 from local rank 2, transport 0
x3004c0s25b1n0:52478:53752 [0] NCCL INFO NET/IB: Dev 1 Port 1 qpn 10922 mtu 5 GID 0 (80FE/DA0100FEFF000000)
x3004c0s25b1n0:52478:53752 [0] NCCL INFO transport/net_ib.cc:653 Ib Alloc Size 552 pointer 0x145c680d5000
x3004c0s25b1n0:52478:53752 [0] NCCL INFO transport/net.cc:571 Cuda Host Alloc Size 9641984 pointer 0x145c58000000
x3004c0s25b1n0:52478:53752 [0] NCCL INFO transport/net_ib.cc:596 Ib Alloc Size 26560 pointer 0x145c680d7000
x3004c0s25b1n0:52479:53576 [1] NCCL INFO Connection to proxy localRank 1 -> connection 0x151a7c001140
x3004c0s25b1n0:52479:53576 [1] NCCL INFO Channel 03/0 : 13[46000] -> 8[7000] [send] via NET/IB/0
x3004c0s25b1n0:52478:53752 [0] NCCL INFO NET/IB: Dev 0 Port 1 qpn 10690 mtu 5 GID 0 (80FE/880100FEFF000000)
x3004c0s25b1n0:52478:53752 [0] NCCL INFO transport/net_ib.cc:653 Ib Alloc Size 552 pointer 0x145c680ee000
x3004c0s25b1n0:52478:53752 [0] NCCL INFO transport/net.cc:571 Cuda Host Alloc Size 9641984 pointer 0x145c58a00000
x3004c0s25b1n0:52480:53575 [2] NCCL INFO Connection to proxy localRank 2 -> connection 0x1455d4001140
x3004c0s25b1n0:52480:53757 [2] NCCL INFO transport/p2p.cc:430 Cuda Alloc Size 6291456 pointer 0x1455c2000000
x3004c0s25b1n0:52481:53580 [3] NCCL INFO Connected all trees by HAO
x3004c0s25b1n0:52481:53580 [3] NCCL INFO threadThresholds 8/8/64 | 160/8/64 | 512 | 512
x3004c0s25b1n0:52481:53580 [3] NCCL INFO 4 coll channels, 4 p2p channels, 2 p2p channels per peer
x3004c0s25b1n0:52481:53763 [3] NCCL INFO New proxy send connection 12 from local rank 3, transport 2
x3004c0s25b1n0:52478:53577 [0] NCCL INFO GPU Direct RDMA Disabled for GPU 7000 / HCA 1 (distance 7 > 4)
x3004c0s25b1n0:52478:53752 [0] NCCL INFO New proxy recv connection 18 from local rank 0, transport 2
x3004c0s25b1n0:52481:53580 [3] NCCL INFO Connection to proxy localRank 3 -> connection 0x14eccc000f80
x3004c0s25b1n0:52481:53763 [3] NCCL INFO transport/net.cc:376 Cuda Alloc Size 8388608 pointer 0x14ecbe600000
x3004c0s25b1n0:52478:53577 [0] NCCL INFO Connection to proxy localRank 0 -> connection 0x145c68001100
x3004c0s25b1n0:52478:53577 [0] NCCL INFO Channel 02/0 : 1[46000] -> 12[7000] [receive] via NET/IB/1
x3004c0s25b1n0:52478:53577 [0] NCCL INFO GPU Direct RDMA Disabled for GPU 7000 / HCA 0 (distance 7 > 4)
x3004c0s25b1n0:52478:53752 [0] NCCL INFO New proxy recv connection 19 from local rank 0, transport 2
x3004c0s25b1n0:52478:53577 [0] NCCL INFO Connection to proxy localRank 0 -> connection 0x145c68001140
x3004c0s25b1n0:52478:53577 [0] NCCL INFO Channel 03/0 : 1[46000] -> 12[7000] [receive] via NET/IB/0
x3004c0s25b1n0:52478:53752 [0] NCCL INFO transport/net_ib.cc:683 Ib Alloc Size 21688 pointer 0x145c680fa000
x3004c0s25b1n0:52478:53752 [0] NCCL INFO transport/net_ib.cc:696 Ib Alloc Size 552 pointer 0x145c68101000
x3004c0s25b1n0:52478:53752 [0] NCCL INFO transport/net_ib.cc:771 Ib Alloc Size 552 pointer 0x145c6811d000
x3004c0s25b1n0:52478:53752 [0] NCCL INFO transport/net.cc:698 Cuda Host Alloc Size 9641984 pointer 0x145c59400000
x3004c0s25b1n0:52478:53752 [0] NCCL INFO transport/net_ib.cc:683 Ib Alloc Size 21688 pointer 0x145c6811f000
x3004c0s25b1n0:52478:53752 [0] NCCL INFO transport/net_ib.cc:696 Ib Alloc Size 552 pointer 0x145c68126000
x3004c0s25b1n0:52478:53752 [0] NCCL INFO transport/net_ib.cc:771 Ib Alloc Size 552 pointer 0x145c68141000
x3004c0s25b1n0:52478:53752 [0] NCCL INFO transport/net.cc:698 Cuda Host Alloc Size 9641984 pointer 0x145c56000000
x3004c0s25b1n0:52478:53577 [0] NCCL INFO GPU Direct RDMA Disabled for GPU 7000 / HCA 1 (distance 7 > 4)
x3004c0s25b1n0:52478:53752 [0] NCCL INFO New proxy recv connection 20 from local rank 0, transport 2
x3004c0s25b1n0:52478:53577 [0] NCCL INFO Connection to proxy localRank 0 -> connection 0x145c68001180
x3004c0s25b1n0:52479:53756 [1] NCCL INFO transport/net_ib.cc:596 Ib Alloc Size 26560 pointer 0x151a7c122000
x3004c0s25b1n0:52479:53756 [1] NCCL INFO NET/IB: Dev 1 Port 1 qpn 10925 mtu 5 GID 0 (80FE/DA0100FEFF000000)
x3004c0s25b1n0:52479:53756 [1] NCCL INFO transport/net_ib.cc:653 Ib Alloc Size 552 pointer 0x151a7c139000
x3004c0s25b1n0:52479:53756 [1] NCCL INFO transport/net.cc:571 Cuda Host Alloc Size 9641984 pointer 0x151a6f400000
x3004c0s25b1n0:52479:53756 [1] NCCL INFO transport/net_ib.cc:596 Ib Alloc Size 26560 pointer 0x151a7c13b000
x3004c0s25b1n0:52479:53756 [1] NCCL INFO NET/IB: Dev 0 Port 1 qpn 10693 mtu 5 GID 0 (80FE/880100FEFF000000)
x3004c0s25b1n0:52479:53756 [1] NCCL INFO transport/net_ib.cc:653 Ib Alloc Size 552 pointer 0x151a7c152000
x3004c0s25b1n0:52479:53756 [1] NCCL INFO transport/net.cc:571 Cuda Host Alloc Size 9641984 pointer 0x151a6c000000
x3004c0s25b1n0:52479:53756 [1] NCCL INFO New proxy recv connection 20 from local rank 1, transport 0
x3004c0s25b1n0:52478:53577 [0] NCCL INFO Channel 02/0 : 16[7000] -> 12[7000] [receive] via NET/IB/1
x3004c0s25b1n0:52478:53577 [0] NCCL INFO GPU Direct RDMA Disabled for GPU 7000 / HCA 0 (distance 7 > 4)
x3004c0s25b1n0:52478:53752 [0] NCCL INFO New proxy recv connection 21 from local rank 0, transport 2
x3004c0s25b1n0:52479:53576 [1] NCCL INFO Connection to proxy localRank 1 -> connection 0x151a7c001180
x3004c0s25b1n0:52479:53756 [1] NCCL INFO transport/p2p.cc:449 Cuda Alloc Size 6291456 pointer 0x151a6ca00000
x3004c0s25b1n0:52478:53577 [0] NCCL INFO Connection to proxy localRank 0 -> connection 0x145c680011c0
x3004c0s25b1n0:52478:53577 [0] NCCL INFO Channel 03/0 : 16[7000] -> 12[7000] [receive] via NET/IB/0
x3004c0s25b1n0:52478:53577 [0] NCCL INFO GPU Direct RDMA Disabled for GPU 7000 / HCA 1 (distance 7 > 4)
x3004c0s25b1n0:52478:53752 [0] NCCL INFO New proxy send connection 22 from local rank 0, transport 2
x3004c0s25b1n0:52479:53756 [1] NCCL INFO New proxy recv connection 21 from local rank 1, transport 0
x3004c0s25b1n0:52479:53576 [1] NCCL INFO Connection to proxy localRank 1 -> connection 0x151a7c0011c0
x3004c0s25b1n0:52479:53756 [1] NCCL INFO transport/p2p.cc:449 Cuda Alloc Size 6291456 pointer 0x151a6d000000
x3004c0s25b1n0:52478:53577 [0] NCCL INFO Connection to proxy localRank 0 -> connection 0x145c68001200
x3004c0s25b1n0:52478:53577 [0] NCCL INFO Channel 00/0 : 12[7000] -> 8[7000] [send] via NET/IB/1
x3004c0s25b1n0:52478:53577 [0] NCCL INFO GPU Direct RDMA Disabled for GPU 7000 / HCA 0 (distance 7 > 4)
x3004c0s25b1n0:52478:53752 [0] NCCL INFO New proxy send connection 23 from local rank 0, transport 2
x3004c0s25b1n0:52479:53756 [1] NCCL INFO New proxy recv connection 22 from local rank 1, transport 0
x3004c0s25b1n0:52478:53577 [0] NCCL INFO Connection to proxy localRank 0 -> connection 0x145c68001240
x3004c0s25b1n0:52478:53577 [0] NCCL INFO Channel 01/0 : 12[7000] -> 8[7000] [send] via NET/IB/0
x3004c0s25b1n0:52479:53576 [1] NCCL INFO Connection to proxy localRank 1 -> connection 0x151a7c001200
x3004c0s25b1n0:52479:53756 [1] NCCL INFO transport/p2p.cc:449 Cuda Alloc Size 6291456 pointer 0x151a6d600000
x3004c0s25b1n0:52478:53752 [0] NCCL INFO transport/net_ib.cc:596 Ib Alloc Size 26560 pointer 0x145c68157000
x3004c0s25b1n0:52478:53752 [0] NCCL INFO NET/IB: Dev 1 Port 1 qpn 10926 mtu 5 GID 0 (80FE/DA0100FEFF000000)
x3004c0s25b1n0:52478:53752 [0] NCCL INFO transport/net_ib.cc:653 Ib Alloc Size 552 pointer 0x145c6816e000
x3004c0s25b1n0:52478:53752 [0] NCCL INFO transport/net.cc:571 Cuda Host Alloc Size 9641984 pointer 0x145c56a00000
x3004c0s25b1n0:52478:53752 [0] NCCL INFO transport/net_ib.cc:596 Ib Alloc Size 26560 pointer 0x145c68170000
x3004c0s25b1n0:52479:53756 [1] NCCL INFO New proxy recv connection 23 from local rank 1, transport 0
x3004c0s25b1n0:52478:53752 [0] NCCL INFO NET/IB: Dev 0 Port 1 qpn 10694 mtu 5 GID 0 (80FE/880100FEFF000000)
x3004c0s25b1n0:52478:53752 [0] NCCL INFO transport/net_ib.cc:653 Ib Alloc Size 552 pointer 0x145c68187000
x3004c0s25b1n0:52478:53752 [0] NCCL INFO transport/net.cc:571 Cuda Host Alloc Size 9641984 pointer 0x145c57400000
x3004c0s25b1n0:52479:53576 [1] NCCL INFO Connection to proxy localRank 1 -> connection 0x151a7c001240
x3004c0s25b1n0:52479:53756 [1] NCCL INFO transport/p2p.cc:449 Cuda Alloc Size 6291456 pointer 0x151a6a000000
x3004c0s25b1n0:52478:53752 [0] NCCL INFO transport/net_ib.cc:683 Ib Alloc Size 21688 pointer 0x145c68189000
x3004c0s25b1n0:52478:53752 [0] NCCL INFO transport/net_ib.cc:696 Ib Alloc Size 552 pointer 0x145c68190000
x3004c0s25b1n0:52478:53752 [0] NCCL INFO transport/net_ib.cc:771 Ib Alloc Size 552 pointer 0x145c681ab000
x3004c0s25b1n0:52478:53752 [0] NCCL INFO transport/net.cc:698 Cuda Host Alloc Size 9641984 pointer 0x145c54000000
x3004c0s25b1n0:52479:53576 [1] NCCL INFO Connected all trees by HAO
x3004c0s25b1n0:52479:53576 [1] NCCL INFO threadThresholds 8/8/64 | 160/8/64 | 512 | 512
x3004c0s25b1n0:52479:53576 [1] NCCL INFO 4 coll channels, 4 p2p channels, 2 p2p channels per peer
x3004c0s25b1n0:52478:53752 [0] NCCL INFO transport/net_ib.cc:683 Ib Alloc Size 21688 pointer 0x145c681ad000
x3004c0s25b1n0:52478:53752 [0] NCCL INFO transport/net_ib.cc:696 Ib Alloc Size 552 pointer 0x145c681b4000
x3004c0s25b1n0:52478:53752 [0] NCCL INFO transport/net_ib.cc:771 Ib Alloc Size 552 pointer 0x145c681cf000
x3004c0s25b1n0:52478:53752 [0] NCCL INFO transport/net.cc:698 Cuda Host Alloc Size 9641984 pointer 0x145c54a00000
x3004c0s25b1n0:52479:53756 [1] NCCL INFO New proxy send connection 24 from local rank 1, transport 2
x3004c0s25b1n0:52478:53577 [0] NCCL INFO Connected all trees by HAO
x3004c0s25b1n0:52478:53577 [0] NCCL INFO threadThresholds 8/8/64 | 160/8/64 | 512 | 512
x3004c0s25b1n0:52478:53577 [0] NCCL INFO 4 coll channels, 4 p2p channels, 2 p2p channels per peer
x3004c0s25b1n0:52478:53752 [0] NCCL INFO New proxy send connection 24 from local rank 0, transport 2
x3004c0s25b1n0:52479:53576 [1] NCCL INFO Connection to proxy localRank 1 -> connection 0x151a7c001280
x3004c0s25b1n0:52479:53756 [1] NCCL INFO transport/net.cc:376 Cuda Alloc Size 8388608 pointer 0x151a68000000
x3004c0s25b1n0:52480:53575 [2] NCCL INFO Connected all trees by HAO
x3004c0s25b1n0:52480:53575 [2] NCCL INFO threadThresholds 8/8/64 | 160/8/64 | 512 | 512
x3004c0s25b1n0:52480:53575 [2] NCCL INFO 4 coll channels, 4 p2p channels, 2 p2p channels per peer
x3004c0s25b1n0:52480:53757 [2] NCCL INFO Allocated 4194656 bytes of shared memory in /dev/shm/nccl-oMB1eu

x3004c0s25b1n0:52480:53757 [2] NCCL INFO New proxy send connection 20 from local rank 2, transport 2
x3004c0s25b1n0:52478:53577 [0] NCCL INFO Connection to proxy localRank 0 -> connection 0x145c68001280
x3004c0s25b1n0:52478:53752 [0] NCCL INFO transport/net.cc:376 Cuda Alloc Size 8388608 pointer 0x145c55400000
x3004c0s25b1n0:52480:53575 [2] NCCL INFO Connection to proxy localRank 2 -> connection 0x1455d4001180
x3004c0s25b1n0:52480:53575 [2] NCCL INFO init.cc:367 Cuda Alloc Size 5168 pointer 0x1455d9808800
x3004c0s25b1n0:52481:53580 [3] NCCL INFO init.cc:367 Cuda Alloc Size 5168 pointer 0x14ecdb808800
x3004c0s25b1n0:52478:53577 [0] NCCL INFO init.cc:367 Cuda Alloc Size 5168 pointer 0x145c77808800
x3004c0s25b1n0:52479:53576 [1] NCCL INFO init.cc:367 Cuda Alloc Size 5168 pointer 0x151a8b808800
x3004c0s25b1n0:52478:53577 [0] NCCL INFO init.cc:392 Cuda Host Alloc Size 33554432 pointer 0x145c52000000
x3004c0s25b1n0:52478:53577 [0] NCCL INFO init.cc:398 Cuda Host Alloc Size 128 pointer 0x145c76e00200
x3004c0s25b1n0:52478:53577 [0] NCCL INFO comm 0x556d0ea611a0 rank 12 nranks 20 cudaDev 0 busId 7000 - Init COMPLETE
x3004c0s25b1n0:52479:53576 [1] NCCL INFO init.cc:392 Cuda Host Alloc Size 33554432 pointer 0x151a66000000
x3004c0s25b1n0:52479:53576 [1] NCCL INFO init.cc:398 Cuda Host Alloc Size 128 pointer 0x151a8ae00200
x3004c0s25b1n0:52479:53576 [1] NCCL INFO comm 0x561729875a60 rank 13 nranks 20 cudaDev 1 busId 46000 - Init COMPLETE
x3004c0s25b1n0:52481:53580 [3] NCCL INFO init.cc:392 Cuda Host Alloc Size 33554432 pointer 0x14ecbc000000
x3004c0s25b1n0:52481:53580 [3] NCCL INFO init.cc:398 Cuda Host Alloc Size 128 pointer 0x14ecdae00200
x3004c0s25b1n0:52481:53580 [3] NCCL INFO comm 0x5641c4c48a90 rank 15 nranks 20 cudaDev 3 busId c7000 - Init COMPLETE
x3004c0s25b1n0:52480:53575 [2] NCCL INFO init.cc:392 Cuda Host Alloc Size 33554432 pointer 0x1455be000000
x3004c0s25b1n0:52480:53575 [2] NCCL INFO init.cc:398 Cuda Host Alloc Size 128 pointer 0x1455d8e00200
x3004c0s25b1n0:52480:53575 [2] NCCL INFO comm 0x55f82fc8bdf0 rank 14 nranks 20 cudaDev 2 busId 85000 - Init COMPLETE
x3004c0s25b1n0:52480:53757 [2] NCCL INFO transport/net.cc:376 Cuda Alloc Size 8388608 pointer 0x1455c1800000
x3004c0s25b1n0:52481:52481 [3] NCCL INFO AllReduce: opCount 0 sendbuff 0x14ed1b600200 recvbuff 0x14ed1b600200 count 1 datatype 1 op 0 root 0 comm 0x5641c4c48a90 [nranks=20] stream 0x5641dc7cd1f0
x3004c0s25b1n0:52481:52481 [3] NCCL INFO misc/utils.cc:235 memory stack hunk malloc(65536)
[LYD INFO in ncclLaunchKernel (enqueue.cc)] NCHANNELS is: 4x3004c0s25b1n0:52479:52479 [1] NCCL INFO AllReduce: opCount 0 sendbuff 0x151acb600200 recvbuff 0x151acb600200 count 1 datatype 1 op 0 root 0 comm 0x561729875a60 [nranks=20] stream 0x561744edc7a0
x3004c0s25b1n0:52479:52479 [1] NCCL INFO misc/utils.cc:235 memory stack hunk malloc(65536)
[LYD INFO in ncclLaunchKernel (enqueue.cc)] NCHANNELS is: 4x3004c0s25b1n0:52478:52478 [0] NCCL INFO AllReduce: opCount 0 sendbuff 0x145cb7600200 recvbuff 0x145cb7600200 count 1 datatype 1 op 0 root 0 comm 0x556d0ea611a0 [nranks=20] stream 0x556d11a893b0
x3004c0s25b1n0:52478:52478 [0] NCCL INFO misc/utils.cc:235 memory stack hunk malloc(65536)
[LYD INFO in ncclLaunchKernel (enqueue.cc)] NCHANNELS is: 4x3004c0s25b1n0:52480:52480 [2] NCCL INFO AllReduce: opCount 0 sendbuff 0x145619600200 recvbuff 0x145619600200 count 1 datatype 1 op 0 root 0 comm 0x55f82fc8bdf0 [nranks=20] stream 0x55f84c30cda0
x3004c0s25b1n0:52480:52480 [2] NCCL INFO misc/utils.cc:235 memory stack hunk malloc(65536)
[LYD INFO in ncclLaunchKernel (enqueue.cc)] NCHANNELS is: 4
[LYD INFO in NCCL_KERN_NAME (common.h)] 14 AllReduce TREE LL Sum uint8_t Elapsed time: 119284 us

[LYD INFO in NCCL_KERN_NAME (common.h)] 13 AllReduce TREE LL Sum uint8_t Elapsed time: 157504 us

[LYD INFO in NCCL_KERN_NAME (common.h)] 12 AllReduce TREE LL Sum uint8_t Elapsed time: 147398 us

[LYD INFO in NCCL_KERN_NAME (common.h)] 15 AllReduce TREE LL Sum uint8_t Elapsed time: 150663 us
x3004c0s25b1n0:52478:52478 [0] NCCL INFO AllReduce: opCount 1 sendbuff 0x145cb7600000 recvbuff 0x145cb7600000 count 1 datatype 1 op 0 root 0 comm 0x556d0ea611a0 [nranks=20] stream 0x556d11a893b0
[LYD INFO in ncclLaunchKernel (enqueue.cc)] NCHANNELS is: 4x3004c0s25b1n0:52481:52481 [3] NCCL INFO AllReduce: opCount 1 sendbuff 0x14ed1b600000 recvbuff 0x14ed1b600000 count 1 datatype 1 op 0 root 0 comm 0x5641c4c48a90 [nranks=20] stream 0x5641dc7cd1f0
[LYD INFO in ncclLaunchKernel (enqueue.cc)] NCHANNELS is: 4x3004c0s25b1n0:52480:52480 [2] NCCL INFO AllReduce: opCount 1 sendbuff 0x145619600000 recvbuff 0x145619600000 count 1 datatype 1 op 0 root 0 comm 0x55f82fc8bdf0 [nranks=20] stream 0x55f84c30cda0
[LYD INFO in ncclLaunchKernel (enqueue.cc)] NCHANNELS is: 4x3004c0s25b1n0:52479:52479 [1] NCCL INFO AllReduce: opCount 1 sendbuff 0x151acb600000 recvbuff 0x151acb600000 count 1 datatype 1 op 0 root 0 comm 0x561729875a60 [nranks=20] stream 0x561744edc7a0
[LYD INFO in ncclLaunchKernel (enqueue.cc)] NCHANNELS is: 4
[LYD INFO in NCCL_KERN_NAME (common.h)] 14 AllReduce TREE LL Sum uint8_t Elapsed time: 443159 us

[LYD INFO in NCCL_KERN_NAME (common.h)] 13 AllReduce TREE LL Sum uint8_t Elapsed time: 35390 us

[LYD INFO in NCCL_KERN_NAME (common.h)] 15 AllReduce TREE LL Sum uint8_t Elapsed time: 1554724 us

[LYD INFO in NCCL_KERN_NAME (common.h)] 12 AllReduce TREE LL Sum uint8_t Elapsed time: 3717494 us
x3004c0s25b1n0:52479:52479 [1] NCCL INFO AllReduce: opCount 2 sendbuff 0x151acb600000 recvbuff 0x151acb600000 count 1 datatype 8 op 3 root 0 comm 0x561729875a60 [nranks=20] stream 0x561744edc7a0
[LYD INFO in ncclLaunchKernel (enqueue.cc)] NCHANNELS is: 4x3004c0s25b1n0:52481:52481 [3] NCCL INFO AllReduce: opCount 2 sendbuff 0x14ed1b600000 recvbuff 0x14ed1b600000 count 1 datatype 8 op 3 root 0 comm 0x5641c4c48a90 [nranks=20] stream 0x5641dc7cd1f0
[LYD INFO in ncclLaunchKernel (enqueue.cc)] NCHANNELS is: 4
[LYD INFO in NCCL_FUNC_NAME (common.h)] 15 AllReduce TREE LL Min double Elapsed time: 5 us
x3004c0s25b1n0:52480:52480 [2] NCCL INFO AllReduce: opCount 2 sendbuff 0x145619600000 recvbuff 0x145619600000 count 1 datatype 8 op 3 root 0 comm 0x55f82fc8bdf0 [nranks=20] stream 0x55f84c30cda0
[LYD INFO in ncclLaunchKernel (enqueue.cc)] NCHANNELS is: 4x3004c0s25b1n0:52478:52478 [0] NCCL INFO AllReduce: opCount 2 sendbuff 0x145cb7600000 recvbuff 0x145cb7600000 count 1 datatype 8 op 3 root 0 comm 0x556d0ea611a0 [nranks=20] stream 0x556d11a893b0
[LYD INFO in ncclLaunchKernel (enqueue.cc)] NCHANNELS is: 4
[LYD INFO in NCCL_FUNC_NAME (common.h)] 14 AllReduce TREE LL Min double Elapsed time: 6 us

[LYD INFO in NCCL_KERN_NAME (common.h)] 14 AllReduce TREE LL Sum double Elapsed time: 64036 us
x3004c0s25b1n0:52480:52480 [2] NCCL INFO AllReduce: opCount 3 sendbuff 0x145619600200 recvbuff 0x145619600200 count 1 datatype 1 op 0 root 0 comm 0x55f82fc8bdf0 [nranks=20] stream 0x55f84c30cda0
[LYD INFO in ncclLaunchKernel (enqueue.cc)] NCHANNELS is: 4
[LYD INFO in NCCL_FUNC_NAME (common.h)] 12 AllReduce TREE LL Min double Elapsed time: 7 us

[LYD INFO in NCCL_KERN_NAME (common.h)] 12 AllReduce TREE LL Sum double Elapsed time: 22178 us

[LYD INFO in NCCL_KERN_NAME (common.h)] 15 AllReduce TREE LL Sum double Elapsed time: 83494 us

[LYD INFO in NCCL_FUNC_NAME (common.h)] 13 AllReduce TREE LL Min double Elapsed time: 23503 us

[LYD INFO in NCCL_KERN_NAME (common.h)] 13 AllReduce TREE LL Sum double Elapsed time: 87530 us
x3004c0s25b1n0:52481:52481 [3] NCCL INFO AllReduce: opCount 3 sendbuff 0x14ed1b600200 recvbuff 0x14ed1b600200 count 1 datatype 1 op 0 root 0 comm 0x5641c4c48a90 [nranks=20] stream 0x5641dc7cd1f0
[LYD INFO in ncclLaunchKernel (enqueue.cc)] NCHANNELS is: 4x3004c0s25b1n0:52479:52479 [1] NCCL INFO AllReduce: opCount 3 sendbuff 0x151acb600200 recvbuff 0x151acb600200 count 1 datatype 1 op 0 root 0 comm 0x561729875a60 [nranks=20] stream 0x561744edc7a0
[LYD INFO in ncclLaunchKernel (enqueue.cc)] NCHANNELS is: 4x3004c0s25b1n0:52478:52478 [0] NCCL INFO AllReduce: opCount 3 sendbuff 0x145cb7600200 recvbuff 0x145cb7600200 count 1 datatype 1 op 0 root 0 comm 0x556d0ea611a0 [nranks=20] stream 0x556d11a893b0
[LYD INFO in ncclLaunchKernel (enqueue.cc)] NCHANNELS is: 4
[LYD INFO in NCCL_KERN_NAME (common.h)] 14 AllReduce TREE LL Sum uint8_t Elapsed time: 57004 us

[LYD INFO in NCCL_KERN_NAME (common.h)] 12 AllReduce TREE LL Sum uint8_t Elapsed time: 25255 us

[LYD INFO in NCCL_KERN_NAME (common.h)] 13 AllReduce TREE LL Sum uint8_t Elapsed time: 38008 us

[LYD INFO in NCCL_KERN_NAME (common.h)] 15 AllReduce TREE LL Sum uint8_t Elapsed time: 60521 us
 > number of parameters on (tensor, pipeline) model parallel rank (0, 12): 39354880
 > number of parameters on (tensor, pipeline) model parallel rank (0, 14): 39354880
 > number of parameters on (tensor, pipeline) model parallel rank (0, 13): 39354880
x3004c0s25b1n0:52478:52478 [0] NCCL INFO AllReduce: opCount 4 sendbuff 0x145cb7600400 recvbuff 0x145cb7600400 count 1 datatype 1 op 0 root 0 comm 0x556d0ea611a0 [nranks=20] stream 0x556d11a893b0
[LYD INFO in ncclLaunchKernel (enqueue.cc)] NCHANNELS is: 4 > number of parameters on (tensor, pipeline) model parallel rank (0, 15): 39354880
x3004c0s25b1n0:52480:52480 [2] NCCL INFO AllReduce: opCount 4 sendbuff 0x145619600400 recvbuff 0x145619600400 count 1 datatype 1 op 0 root 0 comm 0x55f82fc8bdf0 [nranks=20] stream 0x55f84c30cda0
[LYD INFO in ncclLaunchKernel (enqueue.cc)] NCHANNELS is: 4x3004c0s25b1n0:52479:52479 [1] NCCL INFO AllReduce: opCount 4 sendbuff 0x151acb600400 recvbuff 0x151acb600400 count 1 datatype 1 op 0 root 0 comm 0x561729875a60 [nranks=20] stream 0x561744edc7a0
[LYD INFO in ncclLaunchKernel (enqueue.cc)] NCHANNELS is: 4x3004c0s25b1n0:52481:52481 [3] NCCL INFO AllReduce: opCount 4 sendbuff 0x14ed1b600400 recvbuff 0x14ed1b600400 count 1 datatype 1 op 0 root 0 comm 0x5641c4c48a90 [nranks=20] stream 0x5641dc7cd1f0
[LYD INFO in ncclLaunchKernel (enqueue.cc)] NCHANNELS is: 4
[LYD INFO in NCCL_KERN_NAME (common.h)] 13 AllReduce TREE LL Sum uint8_t Elapsed time: 1960132 us
x3004c0s25b1n0:52479:52479 [1] NCCL INFO AllReduce: opCount 5 sendbuff 0x151acb615200 recvbuff 0x151acb615200 count 1 datatype 1 op 0 root 0 comm 0x561729875a60 [nranks=20] stream 0x561744edc7a0
[LYD INFO in ncclLaunchKernel (enqueue.cc)] NCHANNELS is: 4
[LYD INFO in NCCL_KERN_NAME (common.h)] 12 AllReduce TREE LL Sum uint8_t Elapsed time: 1999323 us
x3004c0s25b1n0:52478:52478 [0] NCCL INFO AllReduce: opCount 5 sendbuff 0x145cb7615200 recvbuff 0x145cb7615200 count 1 datatype 1 op 0 root 0 comm 0x556d0ea611a0 [nranks=20] stream 0x556d11a893b0
[LYD INFO in ncclLaunchKernel (enqueue.cc)] NCHANNELS is: 4
[LYD INFO in NCCL_KERN_NAME (common.h)] 14 AllReduce TREE LL Sum uint8_t Elapsed time: 1970515 us
x3004c0s25b1n0:52480:52480 [2] NCCL INFO AllReduce: opCount 5 sendbuff 0x145619615200 recvbuff 0x145619615200 count 1 datatype 1 op 0 root 0 comm 0x55f82fc8bdf0 [nranks=20] stream 0x55f84c30cda0
[LYD INFO in ncclLaunchKernel (enqueue.cc)] NCHANNELS is: 4
[LYD INFO in NCCL_KERN_NAME (common.h)] 15 AllReduce TREE LL Sum uint8_t Elapsed time: 1944219 us
x3004c0s25b1n0:52481:52481 [3] NCCL INFO AllReduce: opCount 5 sendbuff 0x14ed1b615200 recvbuff 0x14ed1b615200 count 1 datatype 1 op 0 root 0 comm 0x5641c4c48a90 [nranks=20] stream 0x5641dc7cd1f0
[LYD INFO in ncclLaunchKernel (enqueue.cc)] NCHANNELS is: 4
[LYD INFO in NCCL_KERN_NAME (common.h)] 14 AllReduce TREE LL Sum uint8_t Elapsed time: 74470 us
x3004c0s25b1n0:52480:52480 [2] NCCL INFO AllReduce: opCount 6 sendbuff 0x145619600400 recvbuff 0x145619600400 count 1 datatype 1 op 0 root 0 comm 0x55f82fc8bdf0 [nranks=20] stream 0x55f84c30cda0
[LYD INFO in ncclLaunchKernel (enqueue.cc)] NCHANNELS is: 4
[LYD INFO in NCCL_KERN_NAME (common.h)] 12 AllReduce TREE LL Sum uint8_t Elapsed time: 76719 us

[LYD INFO in NCCL_KERN_NAME (common.h)] 15 AllReduce TREE LL Sum uint8_t Elapsed time: 46187 us

[LYD INFO in NCCL_KERN_NAME (common.h)] 13 AllReduce TREE LL Sum uint8_t Elapsed time: 80504 us
x3004c0s25b1n0:52478:52478 [0] NCCL INFO AllReduce: opCount 6 sendbuff 0x145cb7600400 recvbuff 0x145cb7600400 count 1 datatype 1 op 0 root 0 comm 0x556d0ea611a0 [nranks=20] stream 0x556d11a893b0
[LYD INFO in ncclLaunchKernel (enqueue.cc)] NCHANNELS is: 4x3004c0s25b1n0:52481:52481 [3] NCCL INFO AllReduce: opCount 6 sendbuff 0x14ed1b600400 recvbuff 0x14ed1b600400 count 1 datatype 1 op 0 root 0 comm 0x5641c4c48a90 [nranks=20] stream 0x5641dc7cd1f0
[LYD INFO in ncclLaunchKernel (enqueue.cc)] NCHANNELS is: 4x3004c0s25b1n0:52479:52479 [1] NCCL INFO AllReduce: opCount 6 sendbuff 0x151acb600400 recvbuff 0x151acb600400 count 1 datatype 1 op 0 root 0 comm 0x561729875a60 [nranks=20] stream 0x561744edc7a0
[LYD INFO in ncclLaunchKernel (enqueue.cc)] NCHANNELS is: 4
[LYD INFO in NCCL_KERN_NAME (common.h)] 15 AllReduce TREE LL Sum uint8_t Elapsed time: 86096 us

[LYD INFO in NCCL_KERN_NAME (common.h)] 14 AllReduce TREE LL Sum uint8_t Elapsed time: 118949 us

[LYD INFO in NCCL_KERN_NAME (common.h)] 13 AllReduce TREE LL Sum uint8_t Elapsed time: 64807 us

[LYD INFO in NCCL_KERN_NAME (common.h)] 12 AllReduce TREE LL Sum uint8_t Elapsed time: 89871 us
NCCL version 2.14.3+cuda11.8
x3004c0s25b1n0:52481:52481 [3] NCCL INFO init.cc:1147 Cuda Host Alloc Size 4 pointer 0x14ecdae00400
NCCL version 2.14.3+cuda11.8
x3004c0s25b1n0:52480:52480 [2] NCCL INFO init.cc:1147 Cuda Host Alloc Size 4 pointer 0x1455d8e00400
NCCL version 2.14.3+cuda11.8
x3004c0s25b1n0:52479:52479 [1] NCCL INFO init.cc:1147 Cuda Host Alloc Size 4 pointer 0x151a8ae00400
NCCL version 2.14.3+cuda11.8
x3004c0s25b1n0:52478:52478 [0] NCCL INFO init.cc:1147 Cuda Host Alloc Size 4 pointer 0x145c76e00400
x3004c0s25b1n0:52478:57366 [0] NCCL INFO Using network IB
x3004c0s25b1n0:52480:57362 [2] NCCL INFO Using network IB
x3004c0s25b1n0:52481:57360 [3] NCCL INFO Using network IB
x3004c0s25b1n0:52479:57364 [1] NCCL INFO Using network IB
x3004c0s25b1n0:52479:57364 [1] NCCL INFO NET/IB : GPU Direct RDMA Enabled for HCA 0 'mlx5_0'
x3004c0s25b1n0:52479:57364 [1] NCCL INFO NET/IB : GPU Direct RDMA Enabled for HCA 1 'mlx5_1'
x3004c0s25b1n0:52479:57364 [1] NCCL INFO GPU Direct RDMA Disabled for GPU 46000 / HCA 1 (distance 6 > 4)
x3004c0s25b1n0:52479:57364 [1] NCCL INFO GPU Direct RDMA Disabled for GPU 46000 / HCA 0 (distance 7 > 4)
x3004c0s25b1n0:52479:57364 [1] NCCL INFO === System : maxBw 5000.0 totalBw 0.0 ===
x3004c0s25b1n0:52479:57364 [1] NCCL INFO CPU/2 (1/2/-1)
x3004c0s25b1n0:52479:57364 [1] NCCL INFO + SYS[5000.0] - CPU/0
x3004c0s25b1n0:52479:57364 [1] NCCL INFO + PCI[24.0] - PCI/44000 (11f8406811f8beef)
x3004c0s25b1n0:52479:57364 [1] NCCL INFO               + PCI[24.0] - GPU/46000 (0)
x3004c0s25b1n0:52479:57364 [1] NCCL INFO + PCI[12.0] - NIC/43000
x3004c0s25b1n0:52479:57364 [1] NCCL INFO CPU/0 (1/2/-1)
x3004c0s25b1n0:52479:57364 [1] NCCL INFO + SYS[5000.0] - CPU/2
x3004c0s25b1n0:52479:57364 [1] NCCL INFO + PCI[12.0] - NIC/C8000
x3004c0s25b1n0:52479:57364 [1] NCCL INFO ==========================================
x3004c0s25b1n0:52479:57364 [1] NCCL INFO GPU/46000 :GPU/46000 (0/5000.000000/LOC) CPU/2 (2/24.000000/PHB) CPU/0 (3/24.000000/SYS) 
x3004c0s25b1n0:52479:57364 [1] NCCL INFO Pattern 4, crossNic 0, nChannels 16, bw 44.000000/44.000000, type LOC/PIX, sameChannels 1
x3004c0s25b1n0:52479:57364 [1] NCCL INFO  0 : GPU/0
x3004c0s25b1n0:52479:57364 [1] NCCL INFO  1 : GPU/0
x3004c0s25b1n0:52479:57364 [1] NCCL INFO  2 : GPU/0
x3004c0s25b1n0:52479:57364 [1] NCCL INFO  3 : GPU/0
x3004c0s25b1n0:52479:57364 [1] NCCL INFO  4 : GPU/0
x3004c0s25b1n0:52479:57364 [1] NCCL INFO  5 : GPU/0
x3004c0s25b1n0:52479:57364 [1] NCCL INFO  6 : GPU/0
x3004c0s25b1n0:52479:57364 [1] NCCL INFO  7 : GPU/0
x3004c0s25b1n0:52479:57364 [1] NCCL INFO  8 : GPU/0
x3004c0s25b1n0:52479:57364 [1] NCCL INFO  9 : GPU/0
x3004c0s25b1n0:52479:57364 [1] NCCL INFO 10 : GPU/0
x3004c0s25b1n0:52479:57364 [1] NCCL INFO 11 : GPU/0
x3004c0s25b1n0:52479:57364 [1] NCCL INFO 12 : GPU/0
x3004c0s25b1n0:52479:57364 [1] NCCL INFO 13 : GPU/0
x3004c0s25b1n0:52479:57364 [1] NCCL INFO 14 : GPU/0
