x3012c0s19b1n0:20350:21615 [2] NCCL INFO transport/p2p.cc:449 Cuda Alloc Size 6291456 pointer 0x14e233200000
x3012c0s19b1n0:20349:21613 [1] NCCL INFO transport/net_ib.cc:683 Ib Alloc Size 21688 pointer 0x145d7807b000
x3012c0s19b1n0:20349:21613 [1] NCCL INFO transport/net_ib.cc:696 Ib Alloc Size 552 pointer 0x145d78082000
x3012c0s19b1n0:20351:21446 [3] NCCL INFO Connection to proxy localRank 3 -> connection 0x155264000e40
x3012c0s19b1n0:20351:21446 [3] NCCL INFO Channel 03/0 : 15[c7000] -> 17[46000] [send] via NET/IB/0
x3012c0s19b1n0:20351:21617 [3] NCCL INFO transport/net_ib.cc:596 Ib Alloc Size 26560 pointer 0x155264020000
x3012c0s19b1n0:20349:21613 [1] NCCL INFO transport/net_ib.cc:771 Ib Alloc Size 552 pointer 0x145d7809d000
x3012c0s19b1n0:20349:21613 [1] NCCL INFO transport/net.cc:698 Cuda Host Alloc Size 9641984 pointer 0x145d73400000
x3012c0s19b1n0:20351:21617 [3] NCCL INFO NET/IB: Dev 1 Port 1 qpn 3553 mtu 5 GID 0 (80FE/891100FEFF000000)
x3012c0s19b1n0:20351:21617 [3] NCCL INFO transport/net_ib.cc:653 Ib Alloc Size 552 pointer 0x155264042000
x3012c0s19b1n0:20351:21617 [3] NCCL INFO transport/net.cc:571 Cuda Host Alloc Size 9641984 pointer 0x155262c00000
x3012c0s19b1n0:20351:21617 [3] NCCL INFO Mem Realloc old size 0, new size 768 pointer 0x15526402f0a0
x3012c0s19b1n0:20350:21615 [2] NCCL INFO New proxy recv connection 6 from local rank 2, transport 0
x3012c0s19b1n0:20349:21613 [1] NCCL INFO transport/net_ib.cc:683 Ib Alloc Size 21688 pointer 0x145d7809f000
x3012c0s19b1n0:20349:21613 [1] NCCL INFO transport/net_ib.cc:696 Ib Alloc Size 552 pointer 0x145d780a6000
x3012c0s19b1n0:20349:21613 [1] NCCL INFO transport/net_ib.cc:771 Ib Alloc Size 552 pointer 0x145d780c1000
x3012c0s19b1n0:20349:21613 [1] NCCL INFO transport/net.cc:698 Cuda Host Alloc Size 9641984 pointer 0x145d6a000000
x3012c0s19b1n0:20351:21617 [3] NCCL INFO transport/net_ib.cc:596 Ib Alloc Size 26560 pointer 0x155264044000
x3012c0s19b1n0:20349:21447 [1] NCCL INFO Channel 00/0 : 13[46000] -> 12[7000] via P2P/IPC/read
x3012c0s19b1n0:20349:21613 [1] NCCL INFO New proxy send connection 4 from local rank 1, transport 0
x3012c0s19b1n0:20351:21617 [3] NCCL INFO NET/IB: Dev 0 Port 1 qpn 3147 mtu 5 GID 0 (80FE/DE1100FEFF000000)
x3012c0s19b1n0:20351:21617 [3] NCCL INFO transport/net_ib.cc:653 Ib Alloc Size 552 pointer 0x155264065000
x3012c0s19b1n0:20351:21617 [3] NCCL INFO transport/net.cc:571 Cuda Host Alloc Size 9641984 pointer 0x155263600000
x3012c0s19b1n0:20351:21617 [3] NCCL INFO Mem Realloc old size 0, new size 768 pointer 0x1552640521f0
x3012c0s19b1n0:20350:21445 [2] NCCL INFO Connection to proxy localRank 2 -> connection 0x14e234000e00
x3012c0s19b1n0:20350:21615 [2] NCCL INFO transport/p2p.cc:449 Cuda Alloc Size 6291456 pointer 0x14e233800000
x3012c0s19b1n0:20349:21447 [1] NCCL INFO Connection to proxy localRank 1 -> connection 0x145d78000d80
x3012c0s19b1n0:20349:21613 [1] NCCL INFO transport/p2p.cc:430 Cuda Alloc Size 6291456 pointer 0x145d6aa00000
x3012c0s19b1n0:20351:21617 [3] NCCL INFO transport/net_ib.cc:596 Ib Alloc Size 26560 pointer 0x155264067000
x3012c0s19b1n0:20350:21615 [2] NCCL INFO New proxy recv connection 7 from local rank 2, transport 0
x3012c0s19b1n0:20349:21447 [1] NCCL INFO Channel 01/0 : 13[46000] -> 12[7000] via P2P/IPC/read
x3012c0s19b1n0:20349:21613 [1] NCCL INFO New proxy send connection 5 from local rank 1, transport 0
x3012c0s19b1n0:20351:21617 [3] NCCL INFO NET/IB: Dev 1 Port 1 qpn 3554 mtu 5 GID 0 (80FE/891100FEFF000000)
x3012c0s19b1n0:20351:21617 [3] NCCL INFO transport/net_ib.cc:653 Ib Alloc Size 552 pointer 0x15526407e000
x3012c0s19b1n0:20351:21617 [3] NCCL INFO transport/net.cc:571 Cuda Host Alloc Size 9641984 pointer 0x15525a000000
x3012c0s19b1n0:20350:21445 [2] NCCL INFO Connection to proxy localRank 2 -> connection 0x14e234000e40
x3012c0s19b1n0:20350:21615 [2] NCCL INFO transport/p2p.cc:449 Cuda Alloc Size 6291456 pointer 0x14e230000000
x3012c0s19b1n0:20349:21447 [1] NCCL INFO Connection to proxy localRank 1 -> connection 0x145d78000dc0
x3012c0s19b1n0:20349:21613 [1] NCCL INFO transport/p2p.cc:430 Cuda Alloc Size 6291456 pointer 0x145d6b000000
x3012c0s19b1n0:20349:21447 [1] NCCL INFO Channel 02/0 : 13[46000] -> 12[7000] via P2P/IPC/read
x3012c0s19b1n0:20349:21613 [1] NCCL INFO New proxy send connection 6 from local rank 1, transport 0
x3012c0s19b1n0:20351:21617 [3] NCCL INFO transport/net_ib.cc:596 Ib Alloc Size 26560 pointer 0x155264080000
x3012c0s19b1n0:20351:21617 [3] NCCL INFO NET/IB: Dev 0 Port 1 qpn 3148 mtu 5 GID 0 (80FE/DE1100FEFF000000)
x3012c0s19b1n0:20351:21617 [3] NCCL INFO transport/net_ib.cc:653 Ib Alloc Size 552 pointer 0x155264097000
x3012c0s19b1n0:20351:21617 [3] NCCL INFO transport/net.cc:571 Cuda Host Alloc Size 9641984 pointer 0x15525aa00000
x3012c0s19b1n0:20350:21445 [2] NCCL INFO Connected all rings
x3012c0s19b1n0:20348:21612 [0] NCCL INFO New proxy recv connection 4 from local rank 0, transport 0
x3012c0s19b1n0:20350:21615 [2] NCCL INFO New proxy recv connection 8 from local rank 2, transport 0
x3012c0s19b1n0:20351:21446 [3] NCCL INFO Connected all rings
x3012c0s19b1n0:20351:21446 [3] NCCL INFO Channel 00/0 : 15[c7000] -> 14[85000] via P2P/IPC/read
x3012c0s19b1n0:20351:21617 [3] NCCL INFO New proxy send connection 8 from local rank 3, transport 0
x3012c0s19b1n0:20348:21448 [0] NCCL INFO Connection to proxy localRank 0 -> connection 0x14b3c0000d80
x3012c0s19b1n0:20348:21612 [0] NCCL INFO transport/p2p.cc:449 Cuda Alloc Size 6291456 pointer 0x14b3bec00000
x3012c0s19b1n0:20349:21447 [1] NCCL INFO Connection to proxy localRank 1 -> connection 0x145d78000e00
x3012c0s19b1n0:20349:21613 [1] NCCL INFO transport/p2p.cc:430 Cuda Alloc Size 6291456 pointer 0x145d6b600000
x3012c0s19b1n0:20350:21445 [2] NCCL INFO Connection to proxy localRank 2 -> connection 0x14e234000e80
x3012c0s19b1n0:20350:21615 [2] NCCL INFO transport/p2p.cc:449 Cuda Alloc Size 6291456 pointer 0x14e22e000000
x3012c0s19b1n0:20351:21446 [3] NCCL INFO Connection to proxy localRank 3 -> connection 0x155264000e80
x3012c0s19b1n0:20351:21617 [3] NCCL INFO transport/p2p.cc:430 Cuda Alloc Size 6291456 pointer 0x15525b400000
x3012c0s19b1n0:20349:21447 [1] NCCL INFO Channel 03/0 : 13[46000] -> 12[7000] via P2P/IPC/read
x3012c0s19b1n0:20348:21612 [0] NCCL INFO New proxy recv connection 5 from local rank 0, transport 0
x3012c0s19b1n0:20351:21446 [3] NCCL INFO Channel 01/0 : 15[c7000] -> 14[85000] via P2P/IPC/read
x3012c0s19b1n0:20351:21617 [3] NCCL INFO New proxy send connection 9 from local rank 3, transport 0
x3012c0s19b1n0:20350:21615 [2] NCCL INFO New proxy recv connection 9 from local rank 2, transport 0
x3012c0s19b1n0:20349:21613 [1] NCCL INFO New proxy send connection 7 from local rank 1, transport 0
x3012c0s19b1n0:20349:21447 [1] NCCL INFO Connection to proxy localRank 1 -> connection 0x145d78000e40
x3012c0s19b1n0:20349:21613 [1] NCCL INFO transport/p2p.cc:430 Cuda Alloc Size 6291456 pointer 0x145d7da00000
x3012c0s19b1n0:20348:21448 [0] NCCL INFO Connection to proxy localRank 0 -> connection 0x14b3c0000dc0
x3012c0s19b1n0:20348:21612 [0] NCCL INFO transport/p2p.cc:449 Cuda Alloc Size 6291456 pointer 0x14b3bf200000
x3012c0s19b1n0:20351:21446 [3] NCCL INFO Connection to proxy localRank 3 -> connection 0x155264000ec0
x3012c0s19b1n0:20351:21617 [3] NCCL INFO transport/p2p.cc:430 Cuda Alloc Size 6291456 pointer 0x15525ba00000
x3012c0s19b1n0:20348:21612 [0] NCCL INFO New proxy recv connection 6 from local rank 0, transport 0
x3012c0s19b1n0:20348:21448 [0] NCCL INFO Connection to proxy localRank 0 -> connection 0x14b3c0000e00
x3012c0s19b1n0:20350:21445 [2] NCCL INFO Connection to proxy localRank 2 -> connection 0x14e234000ec0
x3012c0s19b1n0:20350:21615 [2] NCCL INFO transport/p2p.cc:449 Cuda Alloc Size 6291456 pointer 0x14e22e600000
x3012c0s19b1n0:20351:21446 [3] NCCL INFO Channel 02/0 : 15[c7000] -> 14[85000] via P2P/IPC/read
x3012c0s19b1n0:20351:21617 [3] NCCL INFO New proxy send connection 10 from local rank 3, transport 0
x3012c0s19b1n0:20350:21615 [2] NCCL INFO New proxy recv connection 10 from local rank 2, transport 0
x3012c0s19b1n0:20348:21612 [0] NCCL INFO transport/p2p.cc:449 Cuda Alloc Size 6291456 pointer 0x14b3bf800000
x3012c0s19b1n0:20348:21612 [0] NCCL INFO New proxy recv connection 7 from local rank 0, transport 0
x3012c0s19b1n0:20351:21446 [3] NCCL INFO Connection to proxy localRank 3 -> connection 0x155264000f00
x3012c0s19b1n0:20351:21617 [3] NCCL INFO transport/p2p.cc:430 Cuda Alloc Size 6291456 pointer 0x155258000000
x3012c0s19b1n0:20350:21445 [2] NCCL INFO Connection to proxy localRank 2 -> connection 0x14e234000f00
x3012c0s19b1n0:20350:21615 [2] NCCL INFO transport/p2p.cc:449 Cuda Alloc Size 6291456 pointer 0x14e22ec00000
x3012c0s19b1n0:20348:21448 [0] NCCL INFO Connection to proxy localRank 0 -> connection 0x14b3c0000e40
x3012c0s19b1n0:20348:21612 [0] NCCL INFO transport/p2p.cc:449 Cuda Alloc Size 6291456 pointer 0x14b3bc000000
x3012c0s19b1n0:20351:21446 [3] NCCL INFO Channel 03/0 : 15[c7000] -> 14[85000] via P2P/IPC/read
x3012c0s19b1n0:20351:21617 [3] NCCL INFO New proxy send connection 11 from local rank 3, transport 0
x3012c0s19b1n0:20348:21448 [0] NCCL INFO Connected all rings
x3012c0s19b1n0:20348:21448 [0] NCCL INFO Channel 00/0 : 12[7000] -> 13[46000] via P2P/IPC/read
x3012c0s19b1n0:20348:21612 [0] NCCL INFO New proxy send connection 8 from local rank 0, transport 0
x3012c0s19b1n0:20349:21447 [1] NCCL INFO Connected all rings
x3012c0s19b1n0:20349:21613 [1] NCCL INFO New proxy recv connection 8 from local rank 1, transport 0
x3012c0s19b1n0:20350:21615 [2] NCCL INFO New proxy recv connection 11 from local rank 2, transport 0
x3012c0s19b1n0:20351:21446 [3] NCCL INFO Connection to proxy localRank 3 -> connection 0x155264000f40
x3012c0s19b1n0:20351:21617 [3] NCCL INFO transport/p2p.cc:430 Cuda Alloc Size 6291456 pointer 0x155258600000
x3012c0s19b1n0:20348:21448 [0] NCCL INFO Connection to proxy localRank 0 -> connection 0x14b3c0000e80
x3012c0s19b1n0:20348:21612 [0] NCCL INFO transport/p2p.cc:430 Cuda Alloc Size 6291456 pointer 0x14b3ba000000
x3012c0s19b1n0:20350:21445 [2] NCCL INFO Connection to proxy localRank 2 -> connection 0x14e234000f40
x3012c0s19b1n0:20350:21615 [2] NCCL INFO transport/p2p.cc:449 Cuda Alloc Size 6291456 pointer 0x14e22f200000
x3012c0s19b1n0:20349:21447 [1] NCCL INFO Connection to proxy localRank 1 -> connection 0x145d78000e80
x3012c0s19b1n0:20349:21613 [1] NCCL INFO transport/p2p.cc:449 Cuda Alloc Size 6291456 pointer 0x145d69800000
x3012c0s19b1n0:20348:21448 [0] NCCL INFO Channel 01/0 : 12[7000] -> 13[46000] via P2P/IPC/read
x3012c0s19b1n0:20348:21612 [0] NCCL INFO New proxy send connection 9 from local rank 0, transport 0
x3012c0s19b1n0:20349:21613 [1] NCCL INFO New proxy recv connection 9 from local rank 1, transport 0
x3012c0s19b1n0:20348:21448 [0] NCCL INFO Connection to proxy localRank 0 -> connection 0x14b3c0000ec0
x3012c0s19b1n0:20348:21612 [0] NCCL INFO transport/p2p.cc:430 Cuda Alloc Size 6291456 pointer 0x14b3ba600000
x3012c0s19b1n0:20348:21448 [0] NCCL INFO Channel 02/0 : 12[7000] -> 13[46000] via P2P/IPC/read
x3012c0s19b1n0:20348:21612 [0] NCCL INFO New proxy send connection 10 from local rank 0, transport 0
x3012c0s19b1n0:20349:21447 [1] NCCL INFO Connection to proxy localRank 1 -> connection 0x145d78000ec0
x3012c0s19b1n0:20349:21613 [1] NCCL INFO transport/p2p.cc:449 Cuda Alloc Size 6291456 pointer 0x145d66000000
x3012c0s19b1n0:20348:21448 [0] NCCL INFO Connection to proxy localRank 0 -> connection 0x14b3c0000f00
x3012c0s19b1n0:20348:21612 [0] NCCL INFO transport/p2p.cc:430 Cuda Alloc Size 6291456 pointer 0x14b3bac00000
x3012c0s19b1n0:20349:21613 [1] NCCL INFO New proxy recv connection 10 from local rank 1, transport 0
x3012c0s19b1n0:20348:21448 [0] NCCL INFO Channel 03/0 : 12[7000] -> 13[46000] via P2P/IPC/read
x3012c0s19b1n0:20349:21447 [1] NCCL INFO Connection to proxy localRank 1 -> connection 0x145d78000f00
x3012c0s19b1n0:20349:21613 [1] NCCL INFO transport/p2p.cc:449 Cuda Alloc Size 6291456 pointer 0x145d66600000
x3012c0s19b1n0:20349:21613 [1] NCCL INFO New proxy recv connection 11 from local rank 1, transport 0
x3012c0s19b1n0:20348:21612 [0] NCCL INFO New proxy send connection 11 from local rank 0, transport 0
x3012c0s19b1n0:20348:21448 [0] NCCL INFO Connection to proxy localRank 0 -> connection 0x14b3c0000f40
x3012c0s19b1n0:20348:21612 [0] NCCL INFO transport/p2p.cc:430 Cuda Alloc Size 6291456 pointer 0x14b3bb200000
x3012c0s19b1n0:20349:21447 [1] NCCL INFO Connection to proxy localRank 1 -> connection 0x145d78000f40
x3012c0s19b1n0:20349:21613 [1] NCCL INFO transport/p2p.cc:449 Cuda Alloc Size 6291456 pointer 0x145d66c00000
x3012c0s19b1n0:20349:21447 [1] NCCL INFO Channel 00/0 : 13[46000] -> 14[85000] via P2P/IPC/read
x3012c0s19b1n0:20349:21613 [1] NCCL INFO New proxy send connection 12 from local rank 1, transport 0
x3012c0s19b1n0:20349:21447 [1] NCCL INFO Connection to proxy localRank 1 -> connection 0x145d78000f80
x3012c0s19b1n0:20349:21613 [1] NCCL INFO transport/p2p.cc:430 Cuda Alloc Size 6291456 pointer 0x145d67200000
x3012c0s19b1n0:20349:21447 [1] NCCL INFO Channel 01/0 : 13[46000] -> 14[85000] via P2P/IPC/read
x3012c0s19b1n0:20349:21613 [1] NCCL INFO New proxy send connection 13 from local rank 1, transport 0
x3012c0s19b1n0:20349:21447 [1] NCCL INFO Connection to proxy localRank 1 -> connection 0x145d78000fc0
x3012c0s19b1n0:20349:21613 [1] NCCL INFO transport/p2p.cc:430 Cuda Alloc Size 6291456 pointer 0x145d67800000
x3012c0s19b1n0:20349:21447 [1] NCCL INFO Channel 02/0 : 13[46000] -> 14[85000] via P2P/IPC/read
x3012c0s19b1n0:20349:21613 [1] NCCL INFO New proxy send connection 14 from local rank 1, transport 0
x3012c0s19b1n0:20349:21447 [1] NCCL INFO Connection to proxy localRank 1 -> connection 0x145d78001000
x3012c0s19b1n0:20349:21613 [1] NCCL INFO transport/p2p.cc:430 Cuda Alloc Size 6291456 pointer 0x145d64000000
x3012c0s19b1n0:20349:21447 [1] NCCL INFO Channel 03/0 : 13[46000] -> 14[85000] via P2P/IPC/read
x3012c0s19b1n0:20349:21613 [1] NCCL INFO New proxy send connection 15 from local rank 1, transport 0
x3012c0s19b1n0:20349:21447 [1] NCCL INFO Connection to proxy localRank 1 -> connection 0x145d78001040
x3012c0s19b1n0:20349:21613 [1] NCCL INFO transport/p2p.cc:430 Cuda Alloc Size 6291456 pointer 0x145d64600000
x3012c0s19b1n0:20349:21447 [1] NCCL INFO GPU Direct RDMA Disabled for GPU 46000 / HCA 1 (distance 6 > 4)
x3012c0s19b1n0:20349:21613 [1] NCCL INFO New proxy recv connection 16 from local rank 1, transport 2
x3012c0s19b1n0:20350:21615 [2] NCCL INFO New proxy recv connection 12 from local rank 2, transport 0
x3012c0s19b1n0:20348:21448 [0] NCCL INFO GPU Direct RDMA Disabled for GPU 7000 / HCA 1 (distance 7 > 4)
x3012c0s19b1n0:20348:21612 [0] NCCL INFO Allocated 4194656 bytes of shared memory in /dev/shm/nccl-VLX5QP

x3012c0s19b1n0:20348:21612 [0] NCCL INFO New proxy recv connection 12 from local rank 0, transport 2
x3012c0s19b1n0:20348:21448 [0] NCCL INFO Connection to proxy localRank 0 -> connection 0x14b3c0000f80
x3012c0s19b1n0:20350:21445 [2] NCCL INFO Connection to proxy localRank 2 -> connection 0x14e234000f80
x3012c0s19b1n0:20349:21447 [1] NCCL INFO Connection to proxy localRank 1 -> connection 0x145d78001080
x3012c0s19b1n0:20350:21615 [2] NCCL INFO transport/p2p.cc:449 Cuda Alloc Size 6291456 pointer 0x14e22d200000
x3012c0s19b1n0:20348:21448 [0] NCCL INFO Channel 00/0 : 8[7000] -> 12[7000] [receive] via NET/IB/1
x3012c0s19b1n0:20348:21448 [0] NCCL INFO GPU Direct RDMA Disabled for GPU 7000 / HCA 0 (distance 7 > 4)
x3012c0s19b1n0:20348:21612 [0] NCCL INFO New proxy recv connection 13 from local rank 0, transport 2
x3012c0s19b1n0:20350:21615 [2] NCCL INFO New proxy recv connection 13 from local rank 2, transport 0
x3012c0s19b1n0:20349:21447 [1] NCCL INFO Channel 02/0 : 8[7000] -> 13[46000] [receive] via NET/IB/1
x3012c0s19b1n0:20349:21447 [1] NCCL INFO GPU Direct RDMA Disabled for GPU 46000 / HCA 0 (distance 7 > 4)
x3012c0s19b1n0:20349:21613 [1] NCCL INFO New proxy recv connection 17 from local rank 1, transport 2
x3012c0s19b1n0:20348:21448 [0] NCCL INFO Connection to proxy localRank 0 -> connection 0x14b3c0000fc0
x3012c0s19b1n0:20348:21448 [0] NCCL INFO Channel 01/0 : 8[7000] -> 12[7000] [receive] via NET/IB/0
x3012c0s19b1n0:20348:21448 [0] NCCL INFO GPU Direct RDMA Disabled for GPU 7000 / HCA 1 (distance 7 > 4)
x3012c0s19b1n0:20348:21612 [0] NCCL INFO New proxy send connection 14 from local rank 0, transport 2
x3012c0s19b1n0:20348:21448 [0] NCCL INFO Connection to proxy localRank 0 -> connection 0x14b3c0001000
x3012c0s19b1n0:20350:21445 [2] NCCL INFO Connection to proxy localRank 2 -> connection 0x14e234000fc0
x3012c0s19b1n0:20350:21615 [2] NCCL INFO transport/p2p.cc:449 Cuda Alloc Size 6291456 pointer 0x14e22d800000
x3012c0s19b1n0:20349:21447 [1] NCCL INFO Connection to proxy localRank 1 -> connection 0x145d780010c0
x3012c0s19b1n0:20348:21448 [0] NCCL INFO Channel 02/0 : 12[7000] -> 16[7000] [send] via NET/IB/1
x3012c0s19b1n0:20348:21448 [0] NCCL INFO GPU Direct RDMA Disabled for GPU 7000 / HCA 0 (distance 7 > 4)
x3012c0s19b1n0:20350:21615 [2] NCCL INFO New proxy recv connection 14 from local rank 2, transport 0
x3012c0s19b1n0:20348:21612 [0] NCCL INFO New proxy send connection 15 from local rank 0, transport 2
x3012c0s19b1n0:20349:21447 [1] NCCL INFO Channel 03/0 : 8[7000] -> 13[46000] [receive] via NET/IB/0
x3012c0s19b1n0:20350:21445 [2] NCCL INFO Connection to proxy localRank 2 -> connection 0x14e234001000
x3012c0s19b1n0:20350:21615 [2] NCCL INFO transport/p2p.cc:449 Cuda Alloc Size 6291456 pointer 0x14e22a000000
x3012c0s19b1n0:20348:21448 [0] NCCL INFO Connection to proxy localRank 0 -> connection 0x14b3c0001040
x3012c0s19b1n0:20348:21448 [0] NCCL INFO Channel 03/0 : 12[7000] -> 16[7000] [send] via NET/IB/0
x3012c0s19b1n0:20348:21612 [0] NCCL INFO transport/net_ib.cc:596 Ib Alloc Size 26560 pointer 0x14b3c0026000
x3012c0s19b1n0:20348:21612 [0] NCCL INFO NET/IB: Dev 1 Port 1 qpn 3555 mtu 5 GID 0 (80FE/891100FEFF000000)
x3012c0s19b1n0:20348:21612 [0] NCCL INFO transport/net_ib.cc:653 Ib Alloc Size 552 pointer 0x14b3c0048000
x3012c0s19b1n0:20348:21612 [0] NCCL INFO transport/net.cc:571 Cuda Host Alloc Size 9641984 pointer 0x14b3b9200000
x3012c0s19b1n0:20348:21612 [0] NCCL INFO Mem Realloc old size 0, new size 768 pointer 0x14b3c0035670
x3012c0s19b1n0:20350:21615 [2] NCCL INFO New proxy recv connection 15 from local rank 2, transport 0
x3012c0s19b1n0:20348:21612 [0] NCCL INFO transport/net_ib.cc:596 Ib Alloc Size 26560 pointer 0x14b3c004a000
x3012c0s19b1n0:20348:21612 [0] NCCL INFO NET/IB: Dev 0 Port 1 qpn 3149 mtu 5 GID 0 (80FE/DE1100FEFF000000)
x3012c0s19b1n0:20348:21612 [0] NCCL INFO transport/net_ib.cc:653 Ib Alloc Size 552 pointer 0x14b3c006b000
x3012c0s19b1n0:20348:21612 [0] NCCL INFO transport/net.cc:571 Cuda Host Alloc Size 9641984 pointer 0x14b3b2000000
x3012c0s19b1n0:20348:21612 [0] NCCL INFO Mem Realloc old size 0, new size 768 pointer 0x14b3c0058a50
x3012c0s19b1n0:20348:21612 [0] NCCL INFO transport/net_ib.cc:683 Ib Alloc Size 21688 pointer 0x14b3c006d000
x3012c0s19b1n0:20348:21612 [0] NCCL INFO transport/net_ib.cc:696 Ib Alloc Size 552 pointer 0x14b3c0074000
x3012c0s19b1n0:20348:21612 [0] NCCL INFO transport/net_ib.cc:771 Ib Alloc Size 552 pointer 0x14b3c0090000
x3012c0s19b1n0:20348:21612 [0] NCCL INFO transport/net.cc:698 Cuda Host Alloc Size 9641984 pointer 0x14b3b2a00000
x3012c0s19b1n0:20350:21445 [2] NCCL INFO Connection to proxy localRank 2 -> connection 0x14e234001040
x3012c0s19b1n0:20350:21615 [2] NCCL INFO transport/p2p.cc:449 Cuda Alloc Size 6291456 pointer 0x14e22a600000
x3012c0s19b1n0:20349:21613 [1] NCCL INFO transport/net_ib.cc:683 Ib Alloc Size 21688 pointer 0x145d780d2000
x3012c0s19b1n0:20349:21613 [1] NCCL INFO transport/net_ib.cc:696 Ib Alloc Size 552 pointer 0x145d78019000
x3012c0s19b1n0:20348:21612 [0] NCCL INFO transport/net_ib.cc:683 Ib Alloc Size 21688 pointer 0x14b3c0092000
x3012c0s19b1n0:20348:21612 [0] NCCL INFO transport/net_ib.cc:696 Ib Alloc Size 552 pointer 0x14b3c0099000
x3012c0s19b1n0:20348:21612 [0] NCCL INFO transport/net_ib.cc:771 Ib Alloc Size 552 pointer 0x14b3c00b4000
x3012c0s19b1n0:20348:21612 [0] NCCL INFO transport/net.cc:698 Cuda Host Alloc Size 9641984 pointer 0x14b3b3400000
x3012c0s19b1n0:20350:21445 [2] NCCL INFO Channel 00/0 : 14[85000] -> 13[46000] via P2P/IPC/read
x3012c0s19b1n0:20350:21615 [2] NCCL INFO New proxy send connection 16 from local rank 2, transport 0
x3012c0s19b1n0:20348:21448 [0] NCCL INFO GPU Direct RDMA Disabled for GPU 7000 / HCA 1 (distance 7 > 4)
x3012c0s19b1n0:20348:21612 [0] NCCL INFO New proxy send connection 16 from local rank 0, transport 2
x3012c0s19b1n0:20349:21613 [1] NCCL INFO transport/net_ib.cc:771 Ib Alloc Size 552 pointer 0x145d780f2000
x3012c0s19b1n0:20349:21613 [1] NCCL INFO transport/net.cc:698 Cuda Host Alloc Size 9641984 pointer 0x145d60000000
x3012c0s19b1n0:20350:21445 [2] NCCL INFO Connection to proxy localRank 2 -> connection 0x14e234001080
x3012c0s19b1n0:20350:21615 [2] NCCL INFO transport/p2p.cc:430 Cuda Alloc Size 6291456 pointer 0x14e22ac00000
x3012c0s19b1n0:20350:21445 [2] NCCL INFO Channel 01/0 : 14[85000] -> 13[46000] via P2P/IPC/read
x3012c0s19b1n0:20350:21615 [2] NCCL INFO New proxy send connection 17 from local rank 2, transport 0
x3012c0s19b1n0:20348:21448 [0] NCCL INFO Connection to proxy localRank 0 -> connection 0x14b3c0001080
x3012c0s19b1n0:20348:21448 [0] NCCL INFO Channel 02/0 : 12[7000] -> 1[46000] [send] via NET/IB/1
x3012c0s19b1n0:20348:21448 [0] NCCL INFO GPU Direct RDMA Disabled for GPU 7000 / HCA 0 (distance 7 > 4)
x3012c0s19b1n0:20348:21612 [0] NCCL INFO New proxy send connection 17 from local rank 0, transport 2
x3012c0s19b1n0:20349:21613 [1] NCCL INFO transport/net_ib.cc:683 Ib Alloc Size 21688 pointer 0x145d780f4000
x3012c0s19b1n0:20349:21613 [1] NCCL INFO transport/net_ib.cc:696 Ib Alloc Size 552 pointer 0x145d780fb000
x3012c0s19b1n0:20350:21445 [2] NCCL INFO Connection to proxy localRank 2 -> connection 0x14e2340010c0
x3012c0s19b1n0:20350:21615 [2] NCCL INFO transport/p2p.cc:430 Cuda Alloc Size 6291456 pointer 0x14e22b200000
x3012c0s19b1n0:20349:21613 [1] NCCL INFO transport/net_ib.cc:771 Ib Alloc Size 552 pointer 0x145d78116000
x3012c0s19b1n0:20349:21613 [1] NCCL INFO transport/net.cc:698 Cuda Host Alloc Size 9641984 pointer 0x145d60a00000
x3012c0s19b1n0:20348:21448 [0] NCCL INFO Connection to proxy localRank 0 -> connection 0x14b3c00010c0
x3012c0s19b1n0:20348:21448 [0] NCCL INFO Channel 03/0 : 12[7000] -> 1[46000] [send] via NET/IB/0
x3012c0s19b1n0:20348:21612 [0] NCCL INFO transport/net_ib.cc:596 Ib Alloc Size 26560 pointer 0x14b3c00c0000
x3012c0s19b1n0:20348:21612 [0] NCCL INFO NET/IB: Dev 1 Port 1 qpn 3560 mtu 5 GID 0 (80FE/891100FEFF000000)
x3012c0s19b1n0:20348:21612 [0] NCCL INFO transport/net_ib.cc:653 Ib Alloc Size 552 pointer 0x14b3c00d7000
x3012c0s19b1n0:20348:21612 [0] NCCL INFO transport/net.cc:571 Cuda Host Alloc Size 9641984 pointer 0x14b3b0000000
x3012c0s19b1n0:20349:21447 [1] NCCL INFO GPU Direct RDMA Disabled for GPU 46000 / HCA 1 (distance 6 > 4)
x3012c0s19b1n0:20349:21613 [1] NCCL INFO New proxy send connection 18 from local rank 1, transport 2
x3012c0s19b1n0:20350:21445 [2] NCCL INFO Channel 02/0 : 14[85000] -> 13[46000] via P2P/IPC/read
x3012c0s19b1n0:20350:21615 [2] NCCL INFO New proxy send connection 18 from local rank 2, transport 0
x3012c0s19b1n0:20348:21612 [0] NCCL INFO transport/net_ib.cc:596 Ib Alloc Size 26560 pointer 0x14b3c00d7000
x3012c0s19b1n0:20349:21447 [1] NCCL INFO Connection to proxy localRank 1 -> connection 0x145d78001100
x3012c0s19b1n0:20349:21447 [1] NCCL INFO Channel 02/0 : 13[46000] -> 8[7000] [send] via NET/IB/1
x3012c0s19b1n0:20349:21447 [1] NCCL INFO GPU Direct RDMA Disabled for GPU 46000 / HCA 0 (distance 7 > 4)
x3012c0s19b1n0:20349:21613 [1] NCCL INFO New proxy send connection 19 from local rank 1, transport 2
x3012c0s19b1n0:20350:21445 [2] NCCL INFO Connection to proxy localRank 2 -> connection 0x14e234001100
x3012c0s19b1n0:20348:21612 [0] NCCL INFO NET/IB: Dev 0 Port 1 qpn 3154 mtu 5 GID 0 (80FE/DE1100FEFF000000)
x3012c0s19b1n0:20348:21612 [0] NCCL INFO transport/net_ib.cc:653 Ib Alloc Size 552 pointer 0x14b3c00ee000
x3012c0s19b1n0:20348:21612 [0] NCCL INFO transport/net.cc:571 Cuda Host Alloc Size 9641984 pointer 0x14b3b0a00000
x3012c0s19b1n0:20350:21615 [2] NCCL INFO transport/p2p.cc:430 Cuda Alloc Size 6291456 pointer 0x14e22b800000
x3012c0s19b1n0:20349:21447 [1] NCCL INFO Connection to proxy localRank 1 -> connection 0x145d78001140
x3012c0s19b1n0:20349:21447 [1] NCCL INFO Channel 03/0 : 13[46000] -> 8[7000] [send] via NET/IB/0
x3012c0s19b1n0:20350:21445 [2] NCCL INFO Channel 03/0 : 14[85000] -> 13[46000] via P2P/IPC/read
x3012c0s19b1n0:20350:21615 [2] NCCL INFO New proxy send connection 19 from local rank 2, transport 0
x3012c0s19b1n0:20348:21448 [0] NCCL INFO GPU Direct RDMA Disabled for GPU 7000 / HCA 1 (distance 7 > 4)
x3012c0s19b1n0:20348:21612 [0] NCCL INFO New proxy recv connection 18 from local rank 0, transport 2
x3012c0s19b1n0:20350:21445 [2] NCCL INFO Connection to proxy localRank 2 -> connection 0x14e234001140
x3012c0s19b1n0:20350:21615 [2] NCCL INFO transport/p2p.cc:430 Cuda Alloc Size 6291456 pointer 0x14e228000000
x3012c0s19b1n0:20348:21448 [0] NCCL INFO Connection to proxy localRank 0 -> connection 0x14b3c0001100
x3012c0s19b1n0:20348:21448 [0] NCCL INFO Channel 02/0 : 1[46000] -> 12[7000] [receive] via NET/IB/1
x3012c0s19b1n0:20348:21448 [0] NCCL INFO GPU Direct RDMA Disabled for GPU 7000 / HCA 0 (distance 7 > 4)
x3012c0s19b1n0:20351:21446 [3] NCCL INFO Connected all trees by HAO
x3012c0s19b1n0:20351:21446 [3] NCCL INFO threadThresholds 8/8/64 | 160/8/64 | 512 | 512
x3012c0s19b1n0:20351:21446 [3] NCCL INFO 4 coll channels, 4 p2p channels, 2 p2p channels per peer
x3012c0s19b1n0:20351:21617 [3] NCCL INFO New proxy send connection 12 from local rank 3, transport 2
x3012c0s19b1n0:20348:21612 [0] NCCL INFO New proxy recv connection 19 from local rank 0, transport 2
x3012c0s19b1n0:20348:21448 [0] NCCL INFO Connection to proxy localRank 0 -> connection 0x14b3c0001140
x3012c0s19b1n0:20351:21446 [3] NCCL INFO Connection to proxy localRank 3 -> connection 0x155264000f80
x3012c0s19b1n0:20351:21617 [3] NCCL INFO transport/net.cc:376 Cuda Alloc Size 8388608 pointer 0x155256600000
x3012c0s19b1n0:20348:21448 [0] NCCL INFO Channel 03/0 : 1[46000] -> 12[7000] [receive] via NET/IB/0
x3012c0s19b1n0:20348:21612 [0] NCCL INFO transport/net_ib.cc:683 Ib Alloc Size 21688 pointer 0x14b3c00fa000
x3012c0s19b1n0:20348:21612 [0] NCCL INFO transport/net_ib.cc:696 Ib Alloc Size 552 pointer 0x14b3c0101000
x3012c0s19b1n0:20348:21612 [0] NCCL INFO transport/net_ib.cc:771 Ib Alloc Size 552 pointer 0x14b3c011d000
x3012c0s19b1n0:20348:21612 [0] NCCL INFO transport/net.cc:698 Cuda Host Alloc Size 9641984 pointer 0x14b3b1400000
x3012c0s19b1n0:20348:21612 [0] NCCL INFO transport/net_ib.cc:683 Ib Alloc Size 21688 pointer 0x14b3c011f000
x3012c0s19b1n0:20348:21612 [0] NCCL INFO transport/net_ib.cc:696 Ib Alloc Size 552 pointer 0x14b3c0126000
x3012c0s19b1n0:20348:21612 [0] NCCL INFO transport/net_ib.cc:771 Ib Alloc Size 552 pointer 0x14b3c0141000
x3012c0s19b1n0:20348:21612 [0] NCCL INFO transport/net.cc:698 Cuda Host Alloc Size 9641984 pointer 0x14b3ae000000
x3012c0s19b1n0:20348:21448 [0] NCCL INFO GPU Direct RDMA Disabled for GPU 7000 / HCA 1 (distance 7 > 4)
x3012c0s19b1n0:20348:21612 [0] NCCL INFO New proxy recv connection 20 from local rank 0, transport 2
x3012c0s19b1n0:20348:21448 [0] NCCL INFO Connection to proxy localRank 0 -> connection 0x14b3c0001180
x3012c0s19b1n0:20348:21448 [0] NCCL INFO Channel 02/0 : 16[7000] -> 12[7000] [receive] via NET/IB/1
x3012c0s19b1n0:20348:21448 [0] NCCL INFO GPU Direct RDMA Disabled for GPU 7000 / HCA 0 (distance 7 > 4)
x3012c0s19b1n0:20348:21612 [0] NCCL INFO New proxy recv connection 21 from local rank 0, transport 2
x3012c0s19b1n0:20348:21448 [0] NCCL INFO Connection to proxy localRank 0 -> connection 0x14b3c00011c0
x3012c0s19b1n0:20348:21448 [0] NCCL INFO Channel 03/0 : 16[7000] -> 12[7000] [receive] via NET/IB/0
x3012c0s19b1n0:20348:21448 [0] NCCL INFO GPU Direct RDMA Disabled for GPU 7000 / HCA 1 (distance 7 > 4)
x3012c0s19b1n0:20348:21612 [0] NCCL INFO New proxy send connection 22 from local rank 0, transport 2
x3012c0s19b1n0:20348:21448 [0] NCCL INFO Connection to proxy localRank 0 -> connection 0x14b3c0001200
x3012c0s19b1n0:20348:21448 [0] NCCL INFO Channel 00/0 : 12[7000] -> 8[7000] [send] via NET/IB/1
x3012c0s19b1n0:20348:21448 [0] NCCL INFO GPU Direct RDMA Disabled for GPU 7000 / HCA 0 (distance 7 > 4)
x3012c0s19b1n0:20348:21612 [0] NCCL INFO New proxy send connection 23 from local rank 0, transport 2
x3012c0s19b1n0:20349:21613 [1] NCCL INFO transport/net_ib.cc:596 Ib Alloc Size 26560 pointer 0x145d78122000
x3012c0s19b1n0:20349:21613 [1] NCCL INFO NET/IB: Dev 1 Port 1 qpn 3563 mtu 5 GID 0 (80FE/891100FEFF000000)
x3012c0s19b1n0:20349:21613 [1] NCCL INFO transport/net_ib.cc:653 Ib Alloc Size 552 pointer 0x145d78139000
x3012c0s19b1n0:20349:21613 [1] NCCL INFO transport/net.cc:571 Cuda Host Alloc Size 9641984 pointer 0x145d61400000
x3012c0s19b1n0:20349:21613 [1] NCCL INFO transport/net_ib.cc:596 Ib Alloc Size 26560 pointer 0x145d7813b000
x3012c0s19b1n0:20348:21448 [0] NCCL INFO Connection to proxy localRank 0 -> connection 0x14b3c0001240
x3012c0s19b1n0:20348:21448 [0] NCCL INFO Channel 01/0 : 12[7000] -> 8[7000] [send] via NET/IB/0
x3012c0s19b1n0:20349:21613 [1] NCCL INFO NET/IB: Dev 0 Port 1 qpn 3157 mtu 5 GID 0 (80FE/DE1100FEFF000000)
x3012c0s19b1n0:20349:21613 [1] NCCL INFO transport/net_ib.cc:653 Ib Alloc Size 552 pointer 0x145d78152000
x3012c0s19b1n0:20349:21613 [1] NCCL INFO transport/net.cc:571 Cuda Host Alloc Size 9641984 pointer 0x145d5e000000
x3012c0s19b1n0:20349:21613 [1] NCCL INFO New proxy recv connection 20 from local rank 1, transport 0
x3012c0s19b1n0:20349:21447 [1] NCCL INFO Connection to proxy localRank 1 -> connection 0x145d78001180
x3012c0s19b1n0:20349:21613 [1] NCCL INFO transport/p2p.cc:449 Cuda Alloc Size 6291456 pointer 0x145d5ea00000
x3012c0s19b1n0:20349:21613 [1] NCCL INFO New proxy recv connection 21 from local rank 1, transport 0
x3012c0s19b1n0:20349:21447 [1] NCCL INFO Connection to proxy localRank 1 -> connection 0x145d780011c0
x3012c0s19b1n0:20349:21613 [1] NCCL INFO transport/p2p.cc:449 Cuda Alloc Size 6291456 pointer 0x145d5f000000
x3012c0s19b1n0:20349:21613 [1] NCCL INFO New proxy recv connection 22 from local rank 1, transport 0
x3012c0s19b1n0:20349:21447 [1] NCCL INFO Connection to proxy localRank 1 -> connection 0x145d78001200
x3012c0s19b1n0:20349:21613 [1] NCCL INFO transport/p2p.cc:449 Cuda Alloc Size 6291456 pointer 0x145d5f600000
x3012c0s19b1n0:20349:21613 [1] NCCL INFO New proxy recv connection 23 from local rank 1, transport 0
x3012c0s19b1n0:20349:21447 [1] NCCL INFO Connection to proxy localRank 1 -> connection 0x145d78001240
x3012c0s19b1n0:20349:21613 [1] NCCL INFO transport/p2p.cc:449 Cuda Alloc Size 6291456 pointer 0x145d5c000000
x3012c0s19b1n0:20348:21612 [0] NCCL INFO transport/net_ib.cc:596 Ib Alloc Size 26560 pointer 0x14b3c0157000
x3012c0s19b1n0:20348:21612 [0] NCCL INFO NET/IB: Dev 1 Port 1 qpn 3564 mtu 5 GID 0 (80FE/891100FEFF000000)
x3012c0s19b1n0:20348:21612 [0] NCCL INFO transport/net_ib.cc:653 Ib Alloc Size 552 pointer 0x14b3c016e000
x3012c0s19b1n0:20348:21612 [0] NCCL INFO transport/net.cc:571 Cuda Host Alloc Size 9641984 pointer 0x14b3aea00000
x3012c0s19b1n0:20348:21612 [0] NCCL INFO transport/net_ib.cc:596 Ib Alloc Size 26560 pointer 0x14b3c0170000
x3012c0s19b1n0:20348:21612 [0] NCCL INFO NET/IB: Dev 0 Port 1 qpn 3158 mtu 5 GID 0 (80FE/DE1100FEFF000000)
x3012c0s19b1n0:20348:21612 [0] NCCL INFO transport/net_ib.cc:653 Ib Alloc Size 552 pointer 0x14b3c0187000
x3012c0s19b1n0:20348:21612 [0] NCCL INFO transport/net.cc:571 Cuda Host Alloc Size 9641984 pointer 0x14b3af400000
x3012c0s19b1n0:20349:21447 [1] NCCL INFO Connected all trees by HAO
x3012c0s19b1n0:20349:21447 [1] NCCL INFO threadThresholds 8/8/64 | 160/8/64 | 512 | 512
x3012c0s19b1n0:20349:21447 [1] NCCL INFO 4 coll channels, 4 p2p channels, 2 p2p channels per peer
x3012c0s19b1n0:20350:21445 [2] NCCL INFO Connected all trees by HAO
x3012c0s19b1n0:20350:21445 [2] NCCL INFO threadThresholds 8/8/64 | 160/8/64 | 512 | 512
x3012c0s19b1n0:20350:21445 [2] NCCL INFO 4 coll channels, 4 p2p channels, 2 p2p channels per peer
x3012c0s19b1n0:20350:21615 [2] NCCL INFO Allocated 4194656 bytes of shared memory in /dev/shm/nccl-Q7af2V

x3012c0s19b1n0:20350:21615 [2] NCCL INFO New proxy send connection 20 from local rank 2, transport 2
x3012c0s19b1n0:20349:21613 [1] NCCL INFO New proxy send connection 24 from local rank 1, transport 2
x3012c0s19b1n0:20350:21445 [2] NCCL INFO Connection to proxy localRank 2 -> connection 0x14e234001180
x3012c0s19b1n0:20350:21615 [2] NCCL INFO transport/net.cc:376 Cuda Alloc Size 8388608 pointer 0x14e227800000
x3012c0s19b1n0:20348:21612 [0] NCCL INFO transport/net_ib.cc:683 Ib Alloc Size 21688 pointer 0x14b3c0189000
x3012c0s19b1n0:20348:21612 [0] NCCL INFO transport/net_ib.cc:696 Ib Alloc Size 552 pointer 0x14b3c0190000
x3012c0s19b1n0:20349:21447 [1] NCCL INFO Connection to proxy localRank 1 -> connection 0x145d78001280
x3012c0s19b1n0:20349:21613 [1] NCCL INFO transport/net.cc:376 Cuda Alloc Size 8388608 pointer 0x145d5a000000
x3012c0s19b1n0:20348:21612 [0] NCCL INFO transport/net_ib.cc:771 Ib Alloc Size 552 pointer 0x14b3c01ab000
x3012c0s19b1n0:20348:21612 [0] NCCL INFO transport/net.cc:698 Cuda Host Alloc Size 9641984 pointer 0x14b3ac000000
x3012c0s19b1n0:20348:21612 [0] NCCL INFO transport/net_ib.cc:683 Ib Alloc Size 21688 pointer 0x14b3c01ad000
x3012c0s19b1n0:20348:21612 [0] NCCL INFO transport/net_ib.cc:696 Ib Alloc Size 552 pointer 0x14b3c01b4000
x3012c0s19b1n0:20348:21612 [0] NCCL INFO transport/net_ib.cc:771 Ib Alloc Size 552 pointer 0x14b3c01cf000
x3012c0s19b1n0:20348:21612 [0] NCCL INFO transport/net.cc:698 Cuda Host Alloc Size 9641984 pointer 0x14b3aca00000
x3012c0s19b1n0:20348:21448 [0] NCCL INFO Connected all trees by HAO
x3012c0s19b1n0:20348:21448 [0] NCCL INFO threadThresholds 8/8/64 | 160/8/64 | 512 | 512
x3012c0s19b1n0:20348:21448 [0] NCCL INFO 4 coll channels, 4 p2p channels, 2 p2p channels per peer
x3012c0s19b1n0:20348:21612 [0] NCCL INFO New proxy send connection 24 from local rank 0, transport 2
x3012c0s19b1n0:20348:21448 [0] NCCL INFO Connection to proxy localRank 0 -> connection 0x14b3c0001280
x3012c0s19b1n0:20348:21448 [0] NCCL INFO init.cc:367 Cuda Alloc Size 5168 pointer 0x14b3cf808800
x3012c0s19b1n0:20349:21447 [1] NCCL INFO init.cc:367 Cuda Alloc Size 5168 pointer 0x145d7d808800
x3012c0s19b1n0:20351:21446 [3] NCCL INFO init.cc:367 Cuda Alloc Size 5168 pointer 0x155271808800
x3012c0s19b1n0:20351:21446 [3] NCCL INFO init.cc:392 Cuda Host Alloc Size 33554432 pointer 0x155254000000
x3012c0s19b1n0:20351:21446 [3] NCCL INFO init.cc:398 Cuda Host Alloc Size 128 pointer 0x155270e00200
x3012c0s19b1n0:20351:21446 [3] NCCL INFO comm 0x5584266b9000 rank 15 nranks 20 cudaDev 3 busId c7000 - Init COMPLETE
x3012c0s19b1n0:20349:21447 [1] NCCL INFO init.cc:392 Cuda Host Alloc Size 33554432 pointer 0x145d58000000
x3012c0s19b1n0:20349:21447 [1] NCCL INFO init.cc:398 Cuda Host Alloc Size 128 pointer 0x145d7ce00200
x3012c0s19b1n0:20349:21447 [1] NCCL INFO comm 0x5608ec101f50 rank 13 nranks 20 cudaDev 1 busId 46000 - Init COMPLETE
x3012c0s19b1n0:20350:21445 [2] NCCL INFO init.cc:367 Cuda Alloc Size 5168 pointer 0x14e243808800
x3012c0s19b1n0:20350:21445 [2] NCCL INFO init.cc:392 Cuda Host Alloc Size 33554432 pointer 0x14e21e000000
x3012c0s19b1n0:20350:21445 [2] NCCL INFO init.cc:398 Cuda Host Alloc Size 128 pointer 0x14e242e00200
x3012c0s19b1n0:20350:21445 [2] NCCL INFO comm 0x55a9d7ce7cf0 rank 14 nranks 20 cudaDev 2 busId 85000 - Init COMPLETE
x3012c0s19b1n0:20348:21448 [0] NCCL INFO init.cc:392 Cuda Host Alloc Size 33554432 pointer 0x14b3aa000000
x3012c0s19b1n0:20348:21448 [0] NCCL INFO init.cc:398 Cuda Host Alloc Size 128 pointer 0x14b3cee00200
x3012c0s19b1n0:20348:21448 [0] NCCL INFO comm 0x55b751881fc0 rank 12 nranks 20 cudaDev 0 busId 7000 - Init COMPLETE
x3012c0s19b1n0:20348:21612 [0] NCCL INFO transport/net.cc:376 Cuda Alloc Size 8388608 pointer 0x14b3ad400000
x3012c0s19b1n0:20351:20351 [3] NCCL INFO AllReduce: opCount 0 sendbuff 0x1552af600200 recvbuff 0x1552af600200 count 1 datatype 1 op 0 root 0 comm 0x5584266b9000 [nranks=20] stream 0x558440777d60
x3012c0s19b1n0:20351:20351 [3] NCCL INFO misc/utils.cc:235 memory stack hunk malloc(65536)
[LYD INFO in ncclLaunchKernel (enqueue.cc)] NCHANNELS is: 4x3012c0s19b1n0:20349:20349 [1] NCCL INFO AllReduce: opCount 0 sendbuff 0x145dbf600200 recvbuff 0x145dbf600200 count 1 datatype 1 op 0 root 0 comm 0x5608ec101f50 [nranks=20] stream 0x560905be70c0
x3012c0s19b1n0:20349:20349 [1] NCCL INFO misc/utils.cc:235 memory stack hunk malloc(65536)
[LYD INFO in ncclLaunchKernel (enqueue.cc)] NCHANNELS is: 4x3012c0s19b1n0:20348:20348 [0] NCCL INFO AllReduce: opCount 0 sendbuff 0x14b40f600200 recvbuff 0x14b40f600200 count 1 datatype 1 op 0 root 0 comm 0x55b751881fc0 [nranks=20] stream 0x55b76e9d0f30
x3012c0s19b1n0:20348:20348 [0] NCCL INFO misc/utils.cc:235 memory stack hunk malloc(65536)
[LYD INFO in ncclLaunchKernel (enqueue.cc)] NCHANNELS is: 4x3012c0s19b1n0:20350:20350 [2] NCCL INFO AllReduce: opCount 0 sendbuff 0x14e283600200 recvbuff 0x14e283600200 count 1 datatype 1 op 0 root 0 comm 0x55a9d7ce7cf0 [nranks=20] stream 0x55a9f1600af0
x3012c0s19b1n0:20350:20350 [2] NCCL INFO misc/utils.cc:235 memory stack hunk malloc(65536)
[LYD INFO in ncclLaunchKernel (enqueue.cc)] NCHANNELS is: 4
[LYD INFO in NCCL_KERN_NAME (common.h)] 14 AllReduce TREE LL Sum uint8_t Elapsed time: 81207 us

[LYD INFO in NCCL_KERN_NAME (common.h)] 15 AllReduce TREE LL Sum uint8_t Elapsed time: 116997 us

[LYD INFO in NCCL_KERN_NAME (common.h)] 13 AllReduce TREE LL Sum uint8_t Elapsed time: 109744 us

[LYD INFO in NCCL_KERN_NAME (common.h)] 12 AllReduce TREE LL Sum uint8_t Elapsed time: 90183 us
x3012c0s19b1n0:20349:20349 [1] NCCL INFO AllReduce: opCount 1 sendbuff 0x145dbf600000 recvbuff 0x145dbf600000 count 1 datatype 1 op 0 root 0 comm 0x5608ec101f50 [nranks=20] stream 0x560905be70c0
[LYD INFO in ncclLaunchKernel (enqueue.cc)] NCHANNELS is: 4x3012c0s19b1n0:20350:20350 [2] NCCL INFO AllReduce: opCount 1 sendbuff 0x14e283600000 recvbuff 0x14e283600000 count 1 datatype 1 op 0 root 0 comm 0x55a9d7ce7cf0 [nranks=20] stream 0x55a9f1600af0
[LYD INFO in ncclLaunchKernel (enqueue.cc)] NCHANNELS is: 4x3012c0s19b1n0:20351:20351 [3] NCCL INFO AllReduce: opCount 1 sendbuff 0x1552af600000 recvbuff 0x1552af600000 count 1 datatype 1 op 0 root 0 comm 0x5584266b9000 [nranks=20] stream 0x558440777d60
[LYD INFO in ncclLaunchKernel (enqueue.cc)] NCHANNELS is: 4x3012c0s19b1n0:20348:20348 [0] NCCL INFO AllReduce: opCount 1 sendbuff 0x14b40f600000 recvbuff 0x14b40f600000 count 1 datatype 1 op 0 root 0 comm 0x55b751881fc0 [nranks=20] stream 0x55b76e9d0f30
[LYD INFO in ncclLaunchKernel (enqueue.cc)] NCHANNELS is: 4
[LYD INFO in NCCL_KERN_NAME (common.h)] 12 AllReduce TREE LL Sum uint8_t Elapsed time: 7440869 us

[LYD INFO in NCCL_KERN_NAME (common.h)] 15 AllReduce TREE LL Sum uint8_t Elapsed time: 8388285 us

[LYD INFO in NCCL_KERN_NAME (common.h)] 14 AllReduce TREE LL Sum uint8_t Elapsed time: 9817041 us

[LYD INFO in NCCL_KERN_NAME (common.h)] 13 AllReduce TREE LL Sum uint8_t Elapsed time: 10854161 us
x3012c0s19b1n0:20351:20351 [3] NCCL INFO AllReduce: opCount 2 sendbuff 0x1552af600000 recvbuff 0x1552af600000 count 1 datatype 8 op 3 root 0 comm 0x5584266b9000 [nranks=20] stream 0x558440777d60
[LYD INFO in ncclLaunchKernel (enqueue.cc)] NCHANNELS is: 4x3012c0s19b1n0:20348:20348 [0] NCCL INFO AllReduce: opCount 2 sendbuff 0x14b40f600000 recvbuff 0x14b40f600000 count 1 datatype 8 op 3 root 0 comm 0x55b751881fc0 [nranks=20] stream 0x55b76e9d0f30
[LYD INFO in ncclLaunchKernel (enqueue.cc)] NCHANNELS is: 4x3012c0s19b1n0:20350:20350 [2] NCCL INFO AllReduce: opCount 2 sendbuff 0x14e283600000 recvbuff 0x14e283600000 count 1 datatype 8 op 3 root 0 comm 0x55a9d7ce7cf0 [nranks=20] stream 0x55a9f1600af0
[LYD INFO in ncclLaunchKernel (enqueue.cc)] NCHANNELS is: 4x3012c0s19b1n0:20349:20349 [1] NCCL INFO AllReduce: opCount 2 sendbuff 0x145dbf600000 recvbuff 0x145dbf600000 count 1 datatype 8 op 3 root 0 comm 0x5608ec101f50 [nranks=20] stream 0x560905be70c0
[LYD INFO in ncclLaunchKernel (enqueue.cc)] NCHANNELS is: 4
[LYD INFO in NCCL_FUNC_NAME (common.h)] 15 AllReduce TREE LL Min double Elapsed time: 4 us

[LYD INFO in NCCL_FUNC_NAME (common.h)] 12 AllReduce TREE LL Min double Elapsed time: 31192 us

[LYD INFO in NCCL_FUNC_NAME (common.h)] 14 AllReduce TREE LL Min double Elapsed time: 5 us

[LYD INFO in NCCL_FUNC_NAME (common.h)] 13 AllReduce TREE LL Min double Elapsed time: 6 us

[LYD INFO in NCCL_KERN_NAME (common.h)] 14 AllReduce TREE LL Sum double Elapsed time: 84179 us
x3012c0s19b1n0:20350:20350 [2] NCCL INFO AllReduce: opCount 3 sendbuff 0x14e283600200 recvbuff 0x14e283600200 count 1 datatype 1 op 0 root 0 comm 0x55a9d7ce7cf0 [nranks=20] stream 0x55a9f1600af0
[LYD INFO in ncclLaunchKernel (enqueue.cc)] NCHANNELS is: 4
[LYD INFO in NCCL_KERN_NAME (common.h)] 15 AllReduce TREE LL Sum double Elapsed time: 98013 us
x3012c0s19b1n0:20351:20351 [3] NCCL INFO AllReduce: opCount 3 sendbuff 0x1552af600200 recvbuff 0x1552af600200 count 1 datatype 1 op 0 root 0 comm 0x5584266b9000 [nranks=20] stream 0x558440777d60
[LYD INFO in ncclLaunchKernel (enqueue.cc)] NCHANNELS is: 4
[LYD INFO in NCCL_KERN_NAME (common.h)] 12 AllReduce TREE LL Sum double Elapsed time: 93428 us
x3012c0s19b1n0:20348:20348 [0] NCCL INFO AllReduce: opCount 3 sendbuff 0x14b40f600200 recvbuff 0x14b40f600200 count 1 datatype 1 op 0 root 0 comm 0x55b751881fc0 [nranks=20] stream 0x55b76e9d0f30
[LYD INFO in ncclLaunchKernel (enqueue.cc)] NCHANNELS is: 4
[LYD INFO in NCCL_KERN_NAME (common.h)] 13 AllReduce TREE LL Sum double Elapsed time: 61882 us
x3012c0s19b1n0:20349:20349 [1] NCCL INFO AllReduce: opCount 3 sendbuff 0x145dbf600200 recvbuff 0x145dbf600200 count 1 datatype 1 op 0 root 0 comm 0x5608ec101f50 [nranks=20] stream 0x560905be70c0
[LYD INFO in ncclLaunchKernel (enqueue.cc)] NCHANNELS is: 4
[LYD INFO in NCCL_KERN_NAME (common.h)] 12 AllReduce TREE LL Sum uint8_t Elapsed time: 68002 us

[LYD INFO in NCCL_KERN_NAME (common.h)] 13 AllReduce TREE LL Sum uint8_t Elapsed time: 45826 us
 > number of parameters on (tensor, pipeline) model parallel rank (0, 13): 39354880

[LYD INFO in NCCL_KERN_NAME (common.h)] 14 AllReduce TREE LL Sum uint8_t Elapsed time: 86989 us

[LYD INFO in NCCL_KERN_NAME (common.h)] 15 AllReduce TREE LL Sum uint8_t Elapsed time: 80131 us
x3012c0s19b1n0:20349:20349 [1] NCCL INFO AllReduce: opCount 4 sendbuff 0x145dbf600400 recvbuff 0x145dbf600400 count 1 datatype 1 op 0 root 0 comm 0x5608ec101f50 [nranks=20] stream 0x560905be70c0
[LYD INFO in ncclLaunchKernel (enqueue.cc)] NCHANNELS is: 4 > number of parameters on (tensor, pipeline) model parallel rank (0, 14): 39354880
 > number of parameters on (tensor, pipeline) model parallel rank (0, 15): 39354880
 > number of parameters on (tensor, pipeline) model parallel rank (0, 12): 39354880
x3012c0s19b1n0:20350:20350 [2] NCCL INFO AllReduce: opCount 4 sendbuff 0x14e283600400 recvbuff 0x14e283600400 count 1 datatype 1 op 0 root 0 comm 0x55a9d7ce7cf0 [nranks=20] stream 0x55a9f1600af0
[LYD INFO in ncclLaunchKernel (enqueue.cc)] NCHANNELS is: 4x3012c0s19b1n0:20351:20351 [3] NCCL INFO AllReduce: opCount 4 sendbuff 0x1552af600400 recvbuff 0x1552af600400 count 1 datatype 1 op 0 root 0 comm 0x5584266b9000 [nranks=20] stream 0x558440777d60
[LYD INFO in ncclLaunchKernel (enqueue.cc)] NCHANNELS is: 4x3012c0s19b1n0:20348:20348 [0] NCCL INFO AllReduce: opCount 4 sendbuff 0x14b40f600400 recvbuff 0x14b40f600400 count 1 datatype 1 op 0 root 0 comm 0x55b751881fc0 [nranks=20] stream 0x55b76e9d0f30
[LYD INFO in ncclLaunchKernel (enqueue.cc)] NCHANNELS is: 4
[LYD INFO in NCCL_KERN_NAME (common.h)] 13 AllReduce TREE LL Sum uint8_t Elapsed time: 1725940 us
x3012c0s19b1n0:20349:20349 [1] NCCL INFO AllReduce: opCount 5 sendbuff 0x145dbf615200 recvbuff 0x145dbf615200 count 1 datatype 1 op 0 root 0 comm 0x5608ec101f50 [nranks=20] stream 0x560905be70c0
[LYD INFO in ncclLaunchKernel (enqueue.cc)] NCHANNELS is: 4
[LYD INFO in NCCL_KERN_NAME (common.h)] 14 AllReduce TREE LL Sum uint8_t Elapsed time: 1681177 us
x3012c0s19b1n0:20350:20350 [2] NCCL INFO AllReduce: opCount 5 sendbuff 0x14e283615200 recvbuff 0x14e283615200 count 1 datatype 1 op 0 root 0 comm 0x55a9d7ce7cf0 [nranks=20] stream 0x55a9f1600af0
[LYD INFO in ncclLaunchKernel (enqueue.cc)] NCHANNELS is: 4
[LYD INFO in NCCL_KERN_NAME (common.h)] 15 AllReduce TREE LL Sum uint8_t Elapsed time: 1667458 us
x3012c0s19b1n0:20351:20351 [3] NCCL INFO AllReduce: opCount 5 sendbuff 0x1552af615200 recvbuff 0x1552af615200 count 1 datatype 1 op 0 root 0 comm 0x5584266b9000 [nranks=20] stream 0x558440777d60
[LYD INFO in ncclLaunchKernel (enqueue.cc)] NCHANNELS is: 4
[LYD INFO in NCCL_KERN_NAME (common.h)] 12 AllReduce TREE LL Sum uint8_t Elapsed time: 1657122 us
x3012c0s19b1n0:20348:20348 [0] NCCL INFO AllReduce: opCount 5 sendbuff 0x14b40f615200 recvbuff 0x14b40f615200 count 1 datatype 1 op 0 root 0 comm 0x55b751881fc0 [nranks=20] stream 0x55b76e9d0f30
[LYD INFO in ncclLaunchKernel (enqueue.cc)] NCHANNELS is: 4
[LYD INFO in NCCL_KERN_NAME (common.h)] 12 AllReduce TREE LL Sum uint8_t Elapsed time: 93503 us
x3012c0s19b1n0:20348:20348 [0] NCCL INFO AllReduce: opCount 6 sendbuff 0x14b40f600400 recvbuff 0x14b40f600400 count 1 datatype 1 op 0 root 0 comm 0x55b751881fc0 [nranks=20] stream 0x55b76e9d0f30
[LYD INFO in ncclLaunchKernel (enqueue.cc)] NCHANNELS is: 4
[LYD INFO in NCCL_KERN_NAME (common.h)] 14 AllReduce TREE LL Sum uint8_t Elapsed time: 125462 us
x3012c0s19b1n0:20350:20350 [2] NCCL INFO AllReduce: opCount 6 sendbuff 0x14e283600400 recvbuff 0x14e283600400 count 1 datatype 1 op 0 root 0 comm 0x55a9d7ce7cf0 [nranks=20] stream 0x55a9f1600af0
[LYD INFO in ncclLaunchKernel (enqueue.cc)] NCHANNELS is: 4
[LYD INFO in NCCL_KERN_NAME (common.h)] 13 AllReduce TREE LL Sum uint8_t Elapsed time: 135485 us
x3012c0s19b1n0:20349:20349 [1] NCCL INFO AllReduce: opCount 6 sendbuff 0x145dbf600400 recvbuff 0x145dbf600400 count 1 datatype 1 op 0 root 0 comm 0x5608ec101f50 [nranks=20] stream 0x560905be70c0
[LYD INFO in ncclLaunchKernel (enqueue.cc)] NCHANNELS is: 4
[LYD INFO in NCCL_KERN_NAME (common.h)] 15 AllReduce TREE LL Sum uint8_t Elapsed time: 113352 us
x3012c0s19b1n0:20351:20351 [3] NCCL INFO AllReduce: opCount 6 sendbuff 0x1552af600400 recvbuff 0x1552af600400 count 1 datatype 1 op 0 root 0 comm 0x5584266b9000 [nranks=20] stream 0x558440777d60
[LYD INFO in ncclLaunchKernel (enqueue.cc)] NCHANNELS is: 4
[LYD INFO in NCCL_KERN_NAME (common.h)] 15 AllReduce TREE LL Sum uint8_t Elapsed time: 155502 us

[LYD INFO in NCCL_KERN_NAME (common.h)] 12 AllReduce TREE LL Sum uint8_t Elapsed time: 190422 us

[LYD INFO in NCCL_KERN_NAME (common.h)] 13 AllReduce TREE LL Sum uint8_t Elapsed time: 164992 us

[LYD INFO in NCCL_KERN_NAME (common.h)] 14 AllReduce TREE LL Sum uint8_t Elapsed time: 176540 us
NCCL version 2.14.3+cuda11.8
x3012c0s19b1n0:20348:20348 [0] NCCL INFO init.cc:1147 Cuda Host Alloc Size 4 pointer 0x14b3cee00400
NCCL version 2.14.3+cuda11.8
x3012c0s19b1n0:20351:20351 [3] NCCL INFO init.cc:1147 Cuda Host Alloc Size 4 pointer 0x155270e00400
NCCL version 2.14.3+cuda11.8
x3012c0s19b1n0:20349:20349 [1] NCCL INFO init.cc:1147 Cuda Host Alloc Size 4 pointer 0x145d7ce00400
NCCL version 2.14.3+cuda11.8
x3012c0s19b1n0:20350:20350 [2] NCCL INFO init.cc:1147 Cuda Host Alloc Size 4 pointer 0x14e242e00400
x3012c0s19b1n0:20351:24859 [3] NCCL INFO Using network IB
x3012c0s19b1n0:20348:24857 [0] NCCL INFO Using network IB
x3012c0s19b1n0:20349:24861 [1] NCCL INFO Using network IB
x3012c0s19b1n0:20350:24863 [2] NCCL INFO Using network IB
x3012c0s19b1n0:20351:24859 [3] NCCL INFO NET/IB : GPU Direct RDMA Enabled for HCA 0 'mlx5_0'
x3012c0s19b1n0:20351:24859 [3] NCCL INFO NET/IB : GPU Direct RDMA Enabled for HCA 1 'mlx5_1'
x3012c0s19b1n0:20351:24859 [3] NCCL INFO GPU Direct RDMA Disabled for GPU c7000 / HCA 0 (distance 6 > 4)
x3012c0s19b1n0:20351:24859 [3] NCCL INFO GPU Direct RDMA Disabled for GPU c7000 / HCA 1 (distance 7 > 4)
x3012c0s19b1n0:20351:24859 [3] NCCL INFO === System : maxBw 5000.0 totalBw 0.0 ===
x3012c0s19b1n0:20351:24859 [3] NCCL INFO CPU/0 (1/2/-1)
x3012c0s19b1n0:20351:24859 [3] NCCL INFO + SYS[5000.0] - CPU/2
x3012c0s19b1n0:20351:24859 [3] NCCL INFO + PCI[24.0] - PCI/C5000 (11f8406811f8beef)
x3012c0s19b1n0:20351:24859 [3] NCCL INFO               + PCI[24.0] - GPU/C7000 (0)
x3012c0s19b1n0:20351:24859 [3] NCCL INFO + PCI[12.0] - NIC/C8000
x3012c0s19b1n0:20351:24859 [3] NCCL INFO CPU/2 (1/2/-1)
x3012c0s19b1n0:20351:24859 [3] NCCL INFO + SYS[5000.0] - CPU/0
x3012c0s19b1n0:20351:24859 [3] NCCL INFO + PCI[12.0] - NIC/43000
x3012c0s19b1n0:20351:24859 [3] NCCL INFO ==========================================
x3012c0s19b1n0:20351:24859 [3] NCCL INFO GPU/C7000 :GPU/C7000 (0/5000.000000/LOC) CPU/0 (2/24.000000/PHB) CPU/2 (3/24.000000/SYS) 
x3012c0s19b1n0:20351:24859 [3] NCCL INFO Setting affinity for GPU 3 to 01
x3012c0s19b1n0:20351:24859 [3] NCCL INFO Pattern 4, crossNic 0, nChannels 16, bw 44.000000/44.000000, type LOC/PIX, sameChannels 1
x3012c0s19b1n0:20351:24859 [3] NCCL INFO  0 : GPU/0
x3012c0s19b1n0:20351:24859 [3] NCCL INFO  1 : GPU/0
x3012c0s19b1n0:20351:24859 [3] NCCL INFO  2 : GPU/0
x3012c0s19b1n0:20351:24859 [3] NCCL INFO  3 : GPU/0
x3012c0s19b1n0:20351:24859 [3] NCCL INFO  4 : GPU/0
x3012c0s19b1n0:20351:24859 [3] NCCL INFO  5 : GPU/0
x3012c0s19b1n0:20351:24859 [3] NCCL INFO  6 : GPU/0
x3012c0s19b1n0:20351:24859 [3] NCCL INFO  7 : GPU/0
x3012c0s19b1n0:20351:24859 [3] NCCL INFO  8 : GPU/0
x3012c0s19b1n0:20351:24859 [3] NCCL INFO  9 : GPU/0
x3012c0s19b1n0:20351:24859 [3] NCCL INFO 10 : GPU/0
x3012c0s19b1n0:20351:24859 [3] NCCL INFO 11 : GPU/0
x3012c0s19b1n0:20351:24859 [3] NCCL INFO 12 : GPU/0
x3012c0s19b1n0:20351:24859 [3] NCCL INFO 13 : GPU/0
