x3004c0s31b0n0:10446:14448 [0] NCCL INFO                             + NVL[88.0] - GPU/C7000
x3004c0s31b0n0:10446:14448 [0] NCCL INFO                             + NVL[88.0] - GPU/46000
x3004c0s31b0n0:10446:14448 [0] NCCL INFO                             + NVL[88.0] - GPU/7000
x3004c0s31b0n0:10446:14448 [0] NCCL INFO CPU/0 (1/2/-1)
x3004c0s31b0n0:10446:14448 [0] NCCL INFO + SYS[5000.0] - CPU/3
x3004c0s31b0n0:10446:14448 [0] NCCL INFO + SYS[5000.0] - CPU/2
x3004c0s31b0n0:10446:14448 [0] NCCL INFO + SYS[5000.0] - CPU/1
x3004c0s31b0n0:10446:14448 [0] NCCL INFO + PCI[24.0] - PCI/C5000 (11f8406811f8beef)
x3004c0s31b0n0:10446:14448 [0] NCCL INFO               + PCI[24.0] - GPU/C7000 (19)
x3004c0s31b0n0:10446:14448 [0] NCCL INFO                             + NVL[88.0] - GPU/85000
x3004c0s31b0n0:10446:14448 [0] NCCL INFO                             + NVL[88.0] - GPU/46000
x3004c0s31b0n0:10446:14448 [0] NCCL INFO                             + NVL[88.0] - GPU/7000
x3004c0s31b0n0:10446:14448 [0] NCCL INFO + PCI[12.0] - NIC/C8000
x3004c0s31b0n0:10446:14448 [0] NCCL INFO               + NET[12.5] - NET/0 (ec4b02ffffa4e988/1/12.500000)
x3004c0s31b0n0:10446:14448 [0] NCCL INFO ==========================================
x3004c0s31b0n0:10446:14448 [0] NCCL INFO GPU/7000 :GPU/7000 (0/5000.000000/LOC) GPU/46000 (1/88.000000/NVL) GPU/85000 (1/88.000000/NVL) GPU/C7000 (1/88.000000/NVL) CPU/3 (2/24.000000/PHB) CPU/2 (3/24.000000/SYS) CPU/1 (3/24.000000/SYS) CPU/0 (3/24.000000/SYS) NET/1 (5/12.000000/SYS) NET/0 (5/12.000000/SYS) 
x3004c0s31b0n0:10446:14448 [0] NCCL INFO GPU/46000 :GPU/7000 (1/88.000000/NVL) GPU/46000 (0/5000.000000/LOC) GPU/85000 (1/88.000000/NVL) GPU/C7000 (1/88.000000/NVL) CPU/3 (3/24.000000/SYS) CPU/2 (2/24.000000/PHB) CPU/1 (3/24.000000/SYS) CPU/0 (3/24.000000/SYS) NET/1 (4/12.000000/PHB) NET/0 (5/12.000000/SYS) 
x3004c0s31b0n0:10446:14448 [0] NCCL INFO GPU/85000 :GPU/7000 (1/88.000000/NVL) GPU/46000 (1/88.000000/NVL) GPU/85000 (0/5000.000000/LOC) GPU/C7000 (1/88.000000/NVL) CPU/3 (3/24.000000/SYS) CPU/2 (3/24.000000/SYS) CPU/1 (2/24.000000/PHB) CPU/0 (3/24.000000/SYS) NET/1 (5/12.000000/SYS) NET/0 (5/12.000000/SYS) 
x3004c0s31b0n0:10446:14448 [0] NCCL INFO GPU/C7000 :GPU/7000 (1/88.000000/NVL) GPU/46000 (1/88.000000/NVL) GPU/85000 (1/88.000000/NVL) GPU/C7000 (0/5000.000000/LOC) CPU/3 (3/24.000000/SYS) CPU/2 (3/24.000000/SYS) CPU/1 (3/24.000000/SYS) CPU/0 (2/24.000000/PHB) NET/1 (5/12.000000/SYS) NET/0 (4/12.000000/PHB) 
x3004c0s31b0n0:10446:14448 [0] NCCL INFO NET/1 :GPU/7000 (5/12.000000/SYS) GPU/46000 (4/12.000000/PHB) GPU/85000 (5/12.000000/SYS) GPU/C7000 (5/12.000000/SYS) CPU/3 (3/12.000000/SYS) CPU/2 (2/12.000000/PHB) CPU/1 (3/12.000000/SYS) CPU/0 (3/12.000000/SYS) NET/1 (0/5000.000000/LOC) NET/0 (5/12.000000/SYS) 
x3004c0s31b0n0:10446:14448 [0] NCCL INFO NET/0 :GPU/7000 (5/12.000000/SYS) GPU/46000 (5/12.000000/SYS) GPU/85000 (5/12.000000/SYS) GPU/C7000 (4/12.000000/PHB) CPU/3 (3/12.000000/SYS) CPU/2 (3/12.000000/SYS) CPU/1 (3/12.000000/SYS) CPU/0 (2/12.000000/PHB) NET/1 (5/12.000000/SYS) NET/0 (0/5000.000000/LOC) 
x3004c0s31b0n0:10446:14448 [0] NCCL INFO Pattern 4, crossNic 0, nChannels 2, bw 12.000000/12.000000, type NVL/SYS, sameChannels 1
x3004c0s31b0n0:10446:14448 [0] NCCL INFO  0 : NET/1 GPU/17 GPU/16 GPU/18 GPU/19 NET/1
x3004c0s31b0n0:10446:14448 [0] NCCL INFO  1 : NET/0 GPU/17 GPU/16 GPU/18 GPU/19 NET/0
x3004c0s31b0n0:10446:14448 [0] NCCL INFO Pattern 1, crossNic 0, nChannels 2, bw 24.000000/12.000000, type NVL/SYS, sameChannels 1
x3004c0s31b0n0:10446:14448 [0] NCCL INFO  0 : NET/1 GPU/16 GPU/17 GPU/18 GPU/19 NET/1
x3004c0s31b0n0:10446:14448 [0] NCCL INFO  1 : NET/0 GPU/16 GPU/17 GPU/18 GPU/19 NET/0
x3004c0s31b0n0:10446:14448 [0] NCCL INFO Pattern 3, crossNic 0, nChannels 0, bw 0.000000/0.000000, type NVL/PIX, sameChannels 1
x3004c0s31b0n0:10449:14449 [1] NCCL INFO NET/IB : GPU Direct RDMA Enabled for HCA 0 'mlx5_0'
x3004c0s31b0n0:10449:14449 [1] NCCL INFO NET/IB : GPU Direct RDMA Enabled for HCA 1 'mlx5_1'
x3004c0s31b0n0:10449:14449 [1] NCCL INFO GPU Direct RDMA Disabled for GPU 7000 / HCA 1 (distance 7 > 4)
x3004c0s31b0n0:10449:14449 [1] NCCL INFO GPU Direct RDMA Disabled for GPU 46000 / HCA 1 (distance 6 > 4)
x3004c0s31b0n0:10449:14449 [1] NCCL INFO GPU Direct RDMA Disabled for GPU 85000 / HCA 1 (distance 7 > 4)
x3004c0s31b0n0:10449:14449 [1] NCCL INFO GPU Direct RDMA Disabled for GPU c7000 / HCA 1 (distance 7 > 4)
x3004c0s31b0n0:10449:14449 [1] NCCL INFO GPU Direct RDMA Disabled for GPU 7000 / HCA 0 (distance 7 > 4)
x3004c0s31b0n0:10449:14449 [1] NCCL INFO GPU Direct RDMA Disabled for GPU 46000 / HCA 0 (distance 7 > 4)
x3004c0s31b0n0:10449:14449 [1] NCCL INFO GPU Direct RDMA Disabled for GPU 85000 / HCA 0 (distance 7 > 4)
x3004c0s31b0n0:10449:14449 [1] NCCL INFO GPU Direct RDMA Disabled for GPU c7000 / HCA 0 (distance 6 > 4)
x3004c0s31b0n0:10449:14449 [1] NCCL INFO GPU Direct RDMA Disabled for GPU 7000 / HCA 1 (distance 7 > 4)
x3004c0s31b0n0:10449:14449 [1] NCCL INFO GPU Direct RDMA Disabled for GPU 46000 / HCA 1 (distance 6 > 4)
x3004c0s31b0n0:10449:14449 [1] NCCL INFO GPU Direct RDMA Disabled for GPU 85000 / HCA 1 (distance 7 > 4)
x3004c0s31b0n0:10449:14449 [1] NCCL INFO GPU Direct RDMA Disabled for GPU c7000 / HCA 1 (distance 7 > 4)
x3004c0s31b0n0:10449:14449 [1] NCCL INFO GPU Direct RDMA Disabled for GPU 7000 / HCA 0 (distance 7 > 4)
x3004c0s31b0n0:10449:14449 [1] NCCL INFO GPU Direct RDMA Disabled for GPU 46000 / HCA 0 (distance 7 > 4)
x3004c0s31b0n0:10449:14449 [1] NCCL INFO GPU Direct RDMA Disabled for GPU 85000 / HCA 0 (distance 7 > 4)
x3004c0s31b0n0:10449:14449 [1] NCCL INFO GPU Direct RDMA Disabled for GPU c7000 / HCA 0 (distance 6 > 4)
x3004c0s31b0n0:10449:14449 [1] NCCL INFO === System : maxBw 12.0 totalBw 264.0 ===
x3004c0s31b0n0:10449:14449 [1] NCCL INFO CPU/3 (1/2/-1)
x3004c0s31b0n0:10449:14449 [1] NCCL INFO + SYS[5000.0] - CPU/2
x3004c0s31b0n0:10449:14449 [1] NCCL INFO + SYS[5000.0] - CPU/1
x3004c0s31b0n0:10449:14449 [1] NCCL INFO + SYS[5000.0] - CPU/0
x3004c0s31b0n0:10449:14449 [1] NCCL INFO + PCI[24.0] - PCI/5000 (11f8406811f8beef)
x3004c0s31b0n0:10449:14449 [1] NCCL INFO               + PCI[24.0] - GPU/7000 (16)
x3004c0s31b0n0:10449:14449 [1] NCCL INFO                             + NVL[88.0] - GPU/85000
x3004c0s31b0n0:10449:14449 [1] NCCL INFO                             + NVL[88.0] - GPU/C7000
x3004c0s31b0n0:10449:14449 [1] NCCL INFO                             + NVL[88.0] - GPU/46000
x3004c0s31b0n0:10449:14449 [1] NCCL INFO CPU/2 (1/2/-1)
x3004c0s31b0n0:10449:14449 [1] NCCL INFO + SYS[5000.0] - CPU/3
x3004c0s31b0n0:10449:14449 [1] NCCL INFO + SYS[5000.0] - CPU/1
x3004c0s31b0n0:10449:14449 [1] NCCL INFO + SYS[5000.0] - CPU/0
x3004c0s31b0n0:10449:14449 [1] NCCL INFO + PCI[24.0] - PCI/44000 (11f8406811f8beef)
x3004c0s31b0n0:10449:14449 [1] NCCL INFO               + PCI[24.0] - GPU/46000 (17)
x3004c0s31b0n0:10449:14449 [1] NCCL INFO                             + NVL[88.0] - GPU/85000
x3004c0s31b0n0:10449:14449 [1] NCCL INFO                             + NVL[88.0] - GPU/C7000
x3004c0s31b0n0:10449:14449 [1] NCCL INFO                             + NVL[88.0] - GPU/7000
x3004c0s31b0n0:10449:14449 [1] NCCL INFO + PCI[12.0] - NIC/43000
x3004c0s31b0n0:10449:14449 [1] NCCL INFO               + NET[12.5] - NET/1 (e87604ffffa4e988/1/12.500000)
x3004c0s31b0n0:10449:14449 [1] NCCL INFO CPU/1 (1/2/-1)
x3004c0s31b0n0:10449:14449 [1] NCCL INFO + SYS[5000.0] - CPU/3
x3004c0s31b0n0:10449:14449 [1] NCCL INFO + SYS[5000.0] - CPU/2
x3004c0s31b0n0:10449:14449 [1] NCCL INFO + SYS[5000.0] - CPU/0
x3004c0s31b0n0:10449:14449 [1] NCCL INFO + PCI[24.0] - PCI/83000 (11f8406811f8beef)
x3004c0s31b0n0:10449:14449 [1] NCCL INFO               + PCI[24.0] - GPU/85000 (18)
x3004c0s31b0n0:10449:14449 [1] NCCL INFO                             + NVL[88.0] - GPU/C7000
x3004c0s31b0n0:10449:14449 [1] NCCL INFO                             + NVL[88.0] - GPU/46000
x3004c0s31b0n0:10449:14449 [1] NCCL INFO                             + NVL[88.0] - GPU/7000
x3004c0s31b0n0:10449:14449 [1] NCCL INFO CPU/0 (1/2/-1)
x3004c0s31b0n0:10449:14449 [1] NCCL INFO + SYS[5000.0] - CPU/3
x3004c0s31b0n0:10449:14449 [1] NCCL INFO + SYS[5000.0] - CPU/2
x3004c0s31b0n0:10449:14449 [1] NCCL INFO + SYS[5000.0] - CPU/1
x3004c0s31b0n0:10449:14449 [1] NCCL INFO + PCI[24.0] - PCI/C5000 (11f8406811f8beef)
x3004c0s31b0n0:10449:14449 [1] NCCL INFO               + PCI[24.0] - GPU/C7000 (19)
x3004c0s31b0n0:10449:14449 [1] NCCL INFO                             + NVL[88.0] - GPU/85000
x3004c0s31b0n0:10449:14449 [1] NCCL INFO                             + NVL[88.0] - GPU/46000
x3004c0s31b0n0:10449:14449 [1] NCCL INFO                             + NVL[88.0] - GPU/7000
x3004c0s31b0n0:10449:14449 [1] NCCL INFO + PCI[12.0] - NIC/C8000
x3004c0s31b0n0:10449:14449 [1] NCCL INFO               + NET[12.5] - NET/0 (ec4b02ffffa4e988/1/12.500000)
x3004c0s31b0n0:10449:14449 [1] NCCL INFO ==========================================
x3004c0s31b0n0:10449:14449 [1] NCCL INFO GPU/7000 :GPU/7000 (0/5000.000000/LOC) GPU/46000 (1/88.000000/NVL) GPU/85000 (1/88.000000/NVL) GPU/C7000 (1/88.000000/NVL) CPU/3 (2/24.000000/PHB) CPU/2 (3/24.000000/SYS) CPU/1 (3/24.000000/SYS) CPU/0 (3/24.000000/SYS) NET/1 (5/12.000000/SYS) NET/0 (5/12.000000/SYS) 
x3004c0s31b0n0:10449:14449 [1] NCCL INFO GPU/46000 :GPU/7000 (1/88.000000/NVL) GPU/46000 (0/5000.000000/LOC) GPU/85000 (1/88.000000/NVL) GPU/C7000 (1/88.000000/NVL) CPU/3 (3/24.000000/SYS) CPU/2 (2/24.000000/PHB) CPU/1 (3/24.000000/SYS) CPU/0 (3/24.000000/SYS) NET/1 (4/12.000000/PHB) NET/0 (5/12.000000/SYS) 
x3004c0s31b0n0:10449:14449 [1] NCCL INFO GPU/85000 :GPU/7000 (1/88.000000/NVL) GPU/46000 (1/88.000000/NVL) GPU/85000 (0/5000.000000/LOC) GPU/C7000 (1/88.000000/NVL) CPU/3 (3/24.000000/SYS) CPU/2 (3/24.000000/SYS) CPU/1 (2/24.000000/PHB) CPU/0 (3/24.000000/SYS) NET/1 (5/12.000000/SYS) NET/0 (5/12.000000/SYS) 
x3004c0s31b0n0:10449:14449 [1] NCCL INFO GPU/C7000 :GPU/7000 (1/88.000000/NVL) GPU/46000 (1/88.000000/NVL) GPU/85000 (1/88.000000/NVL) GPU/C7000 (0/5000.000000/LOC) CPU/3 (3/24.000000/SYS) CPU/2 (3/24.000000/SYS) CPU/1 (3/24.000000/SYS) CPU/0 (2/24.000000/PHB) NET/1 (5/12.000000/SYS) NET/0 (4/12.000000/PHB) 
x3004c0s31b0n0:10449:14449 [1] NCCL INFO NET/1 :GPU/7000 (5/12.000000/SYS) GPU/46000 (4/12.000000/PHB) GPU/85000 (5/12.000000/SYS) GPU/C7000 (5/12.000000/SYS) CPU/3 (3/12.000000/SYS) CPU/2 (2/12.000000/PHB) CPU/1 (3/12.000000/SYS) CPU/0 (3/12.000000/SYS) NET/1 (0/5000.000000/LOC) NET/0 (5/12.000000/SYS) 
x3004c0s31b0n0:10449:14449 [1] NCCL INFO NET/0 :GPU/7000 (5/12.000000/SYS) GPU/46000 (5/12.000000/SYS) GPU/85000 (5/12.000000/SYS) GPU/C7000 (4/12.000000/PHB) CPU/3 (3/12.000000/SYS) CPU/2 (3/12.000000/SYS) CPU/1 (3/12.000000/SYS) CPU/0 (2/12.000000/PHB) NET/1 (5/12.000000/SYS) NET/0 (0/5000.000000/LOC) 
x3004c0s31b0n0:10449:14449 [1] NCCL INFO Pattern 4, crossNic 0, nChannels 2, bw 12.000000/12.000000, type NVL/SYS, sameChannels 1
x3004c0s31b0n0:10449:14449 [1] NCCL INFO  0 : NET/1 GPU/17 GPU/16 GPU/18 GPU/19 NET/1
x3004c0s31b0n0:10449:14449 [1] NCCL INFO  1 : NET/0 GPU/17 GPU/16 GPU/18 GPU/19 NET/0
x3004c0s31b0n0:10449:14449 [1] NCCL INFO Pattern 1, crossNic 0, nChannels 2, bw 24.000000/12.000000, type NVL/SYS, sameChannels 1
x3004c0s31b0n0:10449:14449 [1] NCCL INFO  0 : NET/1 GPU/16 GPU/17 GPU/18 GPU/19 NET/1
x3004c0s31b0n0:10449:14449 [1] NCCL INFO  1 : NET/0 GPU/16 GPU/17 GPU/18 GPU/19 NET/0
x3004c0s31b0n0:10449:14449 [1] NCCL INFO Pattern 3, crossNic 0, nChannels 0, bw 0.000000/0.000000, type NVL/PIX, sameChannels 1
x3004c0s31b0n0:10449:14449 [1] NCCL INFO Tree 0 : 16 -> 17 -> 18/8/-1
x3004c0s31b0n0:10449:14449 [1] NCCL INFO Tree 2 : 16 -> 17 -> 18/-1/-1
x3004c0s31b0n0:10449:14449 [1] NCCL INFO Tree 1 : 16 -> 17 -> 18/8/-1
x3004c0s31b0n0:10449:14449 [1] NCCL INFO Tree 3 : 16 -> 17 -> 18/-1/-1
x3004c0s31b0n0:10449:14449 [1] NCCL INFO Ring 00 : 15 -> 17 -> 16
x3004c0s31b0n0:10449:14449 [1] NCCL INFO Ring 01 : 15 -> 17 -> 16
x3004c0s31b0n0:10449:14449 [1] NCCL INFO Ring 02 : 15 -> 17 -> 16
x3004c0s31b0n0:10449:14449 [1] NCCL INFO Ring 03 : 15 -> 17 -> 16
x3004c0s31b0n0:10449:14449 [1] NCCL INFO Trees [0] 18/8/-1->17->16 [1] 18/8/-1->17->16 [2] 18/-1/-1->17->16 [3] 18/-1/-1->17->16
x3004c0s31b0n0:10449:14449 [1] NCCL INFO misc/utils.cc:235 memory stack hunk malloc(65536)
x3004c0s31b0n0:10449:14449 [1] NCCL INFO channel.cc:23 Cuda Alloc Size 8064 pointer 0x14ba3f817400
x3004c0s31b0n0:10449:14449 [1] NCCL INFO channel.cc:27 Cuda Alloc Size 80 pointer 0x14ba3f819400
x3004c0s31b0n0:10449:14449 [1] NCCL INFO channel.cc:23 Cuda Alloc Size 8064 pointer 0x14ba3f819600
x3004c0s31b0n0:10449:14449 [1] NCCL INFO channel.cc:27 Cuda Alloc Size 80 pointer 0x14ba3f81b600
x3004c0s31b0n0:10449:14449 [1] NCCL INFO channel.cc:23 Cuda Alloc Size 8064 pointer 0x14ba3f81b800
x3004c0s31b0n0:10449:14449 [1] NCCL INFO channel.cc:27 Cuda Alloc Size 80 pointer 0x14ba3f81d800
x3004c0s31b0n0:10449:14449 [1] NCCL INFO channel.cc:23 Cuda Alloc Size 8064 pointer 0x14ba3f81da00
x3004c0s31b0n0:10449:14449 [1] NCCL INFO channel.cc:27 Cuda Alloc Size 80 pointer 0x14ba3f81fa00
x3004c0s31b0n0:10449:14449 [1] NCCL INFO GPU Direct RDMA Disabled for GPU 46000 / HCA 1 (distance 6 > 4)
x3004c0s31b0n0:10449:14613 [1] NCCL INFO Mem Realloc old size 0, new size 8 pointer 0x14b9e8000c60
x3004c0s31b0n0:10449:14613 [1] NCCL INFO Allocated 4194656 bytes of shared memory in /dev/shm/nccl-MMZ30g

x3004c0s31b0n0:10449:14613 [1] NCCL INFO New proxy recv connection 0 from local rank 1, transport 2
x3004c0s31b0n0:10449:14449 [1] NCCL INFO Connection to proxy localRank 1 -> connection 0x14b9e8000c80
x3004c0s31b0n0:10453:14446 [2] NCCL INFO Ring 00 : 16 -> 18 -> 19
x3004c0s31b0n0:10453:14446 [2] NCCL INFO Ring 01 : 16 -> 18 -> 19
x3004c0s31b0n0:10453:14446 [2] NCCL INFO Ring 02 : 16 -> 18 -> 19
x3004c0s31b0n0:10453:14446 [2] NCCL INFO Ring 03 : 16 -> 18 -> 19
x3004c0s31b0n0:10453:14446 [2] NCCL INFO Trees [0] 19/-1/-1->18->17 [1] 19/-1/-1->18->17 [2] 19/-1/-1->18->17 [3] 19/-1/-1->18->17
x3004c0s31b0n0:10453:14446 [2] NCCL INFO misc/utils.cc:235 memory stack hunk malloc(65536)
x3004c0s31b0n0:10453:14446 [2] NCCL INFO channel.cc:23 Cuda Alloc Size 8064 pointer 0x145b7f817400
x3004c0s31b0n0:10453:14446 [2] NCCL INFO channel.cc:27 Cuda Alloc Size 80 pointer 0x145b7f819400
x3004c0s31b0n0:10453:14446 [2] NCCL INFO channel.cc:23 Cuda Alloc Size 8064 pointer 0x145b7f819600
x3004c0s31b0n0:10453:14446 [2] NCCL INFO channel.cc:27 Cuda Alloc Size 80 pointer 0x145b7f81b600
x3004c0s31b0n0:10453:14446 [2] NCCL INFO channel.cc:23 Cuda Alloc Size 8064 pointer 0x145b7f81b800
x3004c0s31b0n0:10453:14446 [2] NCCL INFO channel.cc:27 Cuda Alloc Size 80 pointer 0x145b7f81d800
x3004c0s31b0n0:10453:14446 [2] NCCL INFO channel.cc:23 Cuda Alloc Size 8064 pointer 0x145b7f81da00
x3004c0s31b0n0:10453:14446 [2] NCCL INFO channel.cc:27 Cuda Alloc Size 80 pointer 0x145b7f81fa00
x3004c0s31b0n0:10453:14446 [2] NCCL INFO Channel 00/0 : 18[85000] -> 19[c7000] via P2P/IPC/read
x3004c0s31b0n0:10449:14449 [1] NCCL INFO Channel 00/0 : 15[c7000] -> 17[46000] [receive] via NET/IB/1
x3004c0s31b0n0:10449:14449 [1] NCCL INFO GPU Direct RDMA Disabled for GPU 46000 / HCA 0 (distance 7 > 4)
x3004c0s31b0n0:10453:14596 [2] NCCL INFO Mem Realloc old size 0, new size 8 pointer 0x145b28000c60
x3004c0s31b0n0:10453:14596 [2] NCCL INFO New proxy send connection 0 from local rank 2, transport 0
x3004c0s31b0n0:10458:14447 [3] NCCL INFO Ring 00 : 18 -> 19 -> 1
x3004c0s31b0n0:10458:14447 [3] NCCL INFO Ring 01 : 18 -> 19 -> 1
x3004c0s31b0n0:10458:14447 [3] NCCL INFO Ring 02 : 18 -> 19 -> 1
x3004c0s31b0n0:10458:14447 [3] NCCL INFO Ring 03 : 18 -> 19 -> 1
x3004c0s31b0n0:10458:14447 [3] NCCL INFO Trees [0] -1/-1/-1->19->18 [1] -1/-1/-1->19->18 [2] -1/-1/-1->19->18 [3] -1/-1/-1->19->18
x3004c0s31b0n0:10458:14447 [3] NCCL INFO misc/utils.cc:235 memory stack hunk malloc(65536)
x3004c0s31b0n0:10458:14447 [3] NCCL INFO channel.cc:23 Cuda Alloc Size 8064 pointer 0x14d651819a00
x3004c0s31b0n0:10458:14447 [3] NCCL INFO channel.cc:27 Cuda Alloc Size 80 pointer 0x14d65181ba00
x3004c0s31b0n0:10458:14447 [3] NCCL INFO channel.cc:23 Cuda Alloc Size 8064 pointer 0x14d65181bc00
x3004c0s31b0n0:10458:14447 [3] NCCL INFO channel.cc:27 Cuda Alloc Size 80 pointer 0x14d65181dc00
x3004c0s31b0n0:10458:14447 [3] NCCL INFO channel.cc:23 Cuda Alloc Size 8064 pointer 0x14d65181de00
x3004c0s31b0n0:10458:14447 [3] NCCL INFO channel.cc:27 Cuda Alloc Size 80 pointer 0x14d65181fe00
x3004c0s31b0n0:10458:14447 [3] NCCL INFO channel.cc:23 Cuda Alloc Size 8064 pointer 0x14d651820000
x3004c0s31b0n0:10458:14447 [3] NCCL INFO channel.cc:27 Cuda Alloc Size 80 pointer 0x14d651822000
x3004c0s31b0n0:10449:14613 [1] NCCL INFO New proxy recv connection 1 from local rank 1, transport 2
x3004c0s31b0n0:10458:14599 [3] NCCL INFO Mem Realloc old size 0, new size 8 pointer 0x14d5c0000c60
x3004c0s31b0n0:10458:14599 [3] NCCL INFO New proxy recv connection 0 from local rank 3, transport 0
x3004c0s31b0n0:10453:14446 [2] NCCL INFO Connection to proxy localRank 2 -> connection 0x145b28000c80
x3004c0s31b0n0:10449:14449 [1] NCCL INFO Connection to proxy localRank 1 -> connection 0x14b9e8000cc0
x3004c0s31b0n0:10453:14596 [2] NCCL INFO transport/p2p.cc:430 Cuda Alloc Size 6291456 pointer 0x145ba4000000
x3004c0s31b0n0:10458:14447 [3] NCCL INFO Connection to proxy localRank 3 -> connection 0x14d5c0000c80
x3004c0s31b0n0:10458:14599 [3] NCCL INFO transport/p2p.cc:449 Cuda Alloc Size 6291456 pointer 0x14d5f1800000
x3004c0s31b0n0:10446:14448 [0] NCCL INFO Tree 0 : 0 -> 16 -> 17/-1/-1
x3004c0s31b0n0:10446:14448 [0] NCCL INFO Tree 2 : 12 -> 16 -> 17/-1/-1
x3004c0s31b0n0:10446:14448 [0] NCCL INFO Tree 1 : 0 -> 16 -> 17/-1/-1
x3004c0s31b0n0:10446:14448 [0] NCCL INFO Tree 3 : 12 -> 16 -> 17/-1/-1
x3004c0s31b0n0:10446:14448 [0] NCCL INFO Ring 00 : 17 -> 16 -> 18
x3004c0s31b0n0:10446:14448 [0] NCCL INFO Ring 01 : 17 -> 16 -> 18
x3004c0s31b0n0:10446:14448 [0] NCCL INFO Ring 02 : 17 -> 16 -> 18
x3004c0s31b0n0:10446:14448 [0] NCCL INFO Ring 03 : 17 -> 16 -> 18
x3004c0s31b0n0:10446:14448 [0] NCCL INFO Trees [0] 17/-1/-1->16->0 [1] 17/-1/-1->16->0 [2] 17/-1/-1->16->12 [3] 17/-1/-1->16->12
x3004c0s31b0n0:10446:14448 [0] NCCL INFO misc/utils.cc:235 memory stack hunk malloc(65536)
x3004c0s31b0n0:10446:14448 [0] NCCL INFO channel.cc:23 Cuda Alloc Size 8064 pointer 0x14f81b817400
x3004c0s31b0n0:10446:14448 [0] NCCL INFO channel.cc:27 Cuda Alloc Size 80 pointer 0x14f81b819400
x3004c0s31b0n0:10446:14448 [0] NCCL INFO channel.cc:23 Cuda Alloc Size 8064 pointer 0x14f81b819600
x3004c0s31b0n0:10446:14448 [0] NCCL INFO channel.cc:27 Cuda Alloc Size 80 pointer 0x14f81b81b600
x3004c0s31b0n0:10446:14448 [0] NCCL INFO channel.cc:23 Cuda Alloc Size 8064 pointer 0x14f81b81b800
x3004c0s31b0n0:10446:14448 [0] NCCL INFO channel.cc:27 Cuda Alloc Size 80 pointer 0x14f81b81d800
x3004c0s31b0n0:10446:14448 [0] NCCL INFO channel.cc:23 Cuda Alloc Size 8064 pointer 0x14f81b81da00
x3004c0s31b0n0:10446:14448 [0] NCCL INFO channel.cc:27 Cuda Alloc Size 80 pointer 0x14f81b81fa00
x3004c0s31b0n0:10446:14448 [0] NCCL INFO Channel 00/0 : 16[7000] -> 18[85000] via P2P/IPC/read
x3004c0s31b0n0:10453:14446 [2] NCCL INFO Channel 01/0 : 18[85000] -> 19[c7000] via P2P/IPC/read
x3004c0s31b0n0:10453:14596 [2] NCCL INFO New proxy send connection 1 from local rank 2, transport 0
x3004c0s31b0n0:10449:14449 [1] NCCL INFO Channel 01/0 : 15[c7000] -> 17[46000] [receive] via NET/IB/0
x3004c0s31b0n0:10449:14449 [1] NCCL INFO GPU Direct RDMA Disabled for GPU 46000 / HCA 1 (distance 6 > 4)
x3004c0s31b0n0:10449:14613 [1] NCCL INFO New proxy recv connection 2 from local rank 1, transport 2
x3004c0s31b0n0:10446:14610 [0] NCCL INFO Mem Realloc old size 0, new size 8 pointer 0x14f7c0000c60
x3004c0s31b0n0:10446:14610 [0] NCCL INFO New proxy send connection 0 from local rank 0, transport 0
x3004c0s31b0n0:10446:14448 [0] NCCL INFO Connection to proxy localRank 0 -> connection 0x14f7c0000c80
x3004c0s31b0n0:10446:14610 [0] NCCL INFO transport/p2p.cc:430 Cuda Alloc Size 6291456 pointer 0x14f7fba00000
x3004c0s31b0n0:10458:14599 [3] NCCL INFO New proxy recv connection 1 from local rank 3, transport 0
x3004c0s31b0n0:10453:14446 [2] NCCL INFO Connection to proxy localRank 2 -> connection 0x145b28000cc0
x3004c0s31b0n0:10453:14596 [2] NCCL INFO transport/p2p.cc:430 Cuda Alloc Size 6291456 pointer 0x145ba4600000
x3004c0s31b0n0:10449:14449 [1] NCCL INFO Connection to proxy localRank 1 -> connection 0x14b9e8000d00
x3004c0s31b0n0:10446:14448 [0] NCCL INFO Channel 01/0 : 16[7000] -> 18[85000] via P2P/IPC/read
x3004c0s31b0n0:10446:14610 [0] NCCL INFO New proxy send connection 1 from local rank 0, transport 0
x3004c0s31b0n0:10458:14447 [3] NCCL INFO Connection to proxy localRank 3 -> connection 0x14d5c0000cc0
x3004c0s31b0n0:10458:14599 [3] NCCL INFO transport/p2p.cc:449 Cuda Alloc Size 6291456 pointer 0x14d5fba00000
x3004c0s31b0n0:10453:14446 [2] NCCL INFO Channel 02/0 : 18[85000] -> 19[c7000] via P2P/IPC/read
x3004c0s31b0n0:10453:14596 [2] NCCL INFO New proxy send connection 2 from local rank 2, transport 0
x3004c0s31b0n0:10449:14449 [1] NCCL INFO Channel 02/0 : 15[c7000] -> 17[46000] [receive] via NET/IB/1
x3004c0s31b0n0:10449:14449 [1] NCCL INFO GPU Direct RDMA Disabled for GPU 46000 / HCA 0 (distance 7 > 4)
x3004c0s31b0n0:10449:14613 [1] NCCL INFO New proxy recv connection 3 from local rank 1, transport 2
x3004c0s31b0n0:10446:14448 [0] NCCL INFO Connection to proxy localRank 0 -> connection 0x14f7c0000cc0
x3004c0s31b0n0:10446:14610 [0] NCCL INFO transport/p2p.cc:430 Cuda Alloc Size 6291456 pointer 0x14f83f800000
x3004c0s31b0n0:10458:14599 [3] NCCL INFO New proxy recv connection 2 from local rank 3, transport 0
x3004c0s31b0n0:10453:14446 [2] NCCL INFO Connection to proxy localRank 2 -> connection 0x145b28000d00
x3004c0s31b0n0:10453:14596 [2] NCCL INFO transport/p2p.cc:430 Cuda Alloc Size 6291456 pointer 0x145ba4c00000
x3004c0s31b0n0:10449:14449 [1] NCCL INFO Connection to proxy localRank 1 -> connection 0x14b9e8000d40
x3004c0s31b0n0:10458:14447 [3] NCCL INFO Connection to proxy localRank 3 -> connection 0x14d5c0000d00
x3004c0s31b0n0:10458:14599 [3] NCCL INFO transport/p2p.cc:449 Cuda Alloc Size 6291456 pointer 0x14d5fda00000
x3004c0s31b0n0:10449:14449 [1] NCCL INFO Channel 03/0 : 15[c7000] -> 17[46000] [receive] via NET/IB/0
x3004c0s31b0n0:10446:14448 [0] NCCL INFO Channel 02/0 : 16[7000] -> 18[85000] via P2P/IPC/read
x3004c0s31b0n0:10446:14610 [0] NCCL INFO New proxy send connection 2 from local rank 0, transport 0
x3004c0s31b0n0:10458:14599 [3] NCCL INFO New proxy recv connection 3 from local rank 3, transport 0
x3004c0s31b0n0:10453:14446 [2] NCCL INFO Channel 03/0 : 18[85000] -> 19[c7000] via P2P/IPC/read
x3004c0s31b0n0:10453:14596 [2] NCCL INFO New proxy send connection 3 from local rank 2, transport 0
x3004c0s31b0n0:10446:14448 [0] NCCL INFO Connection to proxy localRank 0 -> connection 0x14f7c0000d00
x3004c0s31b0n0:10446:14610 [0] NCCL INFO transport/p2p.cc:430 Cuda Alloc Size 6291456 pointer 0x14f83fe00000
x3004c0s31b0n0:10458:14447 [3] NCCL INFO Connection to proxy localRank 3 -> connection 0x14d5c0000d40
x3004c0s31b0n0:10458:14599 [3] NCCL INFO transport/p2p.cc:449 Cuda Alloc Size 6291456 pointer 0x14d60ba00000
x3004c0s31b0n0:10446:14448 [0] NCCL INFO Channel 03/0 : 16[7000] -> 18[85000] via P2P/IPC/read
x3004c0s31b0n0:10453:14446 [2] NCCL INFO Connection to proxy localRank 2 -> connection 0x145b28000d40
x3004c0s31b0n0:10453:14596 [2] NCCL INFO transport/p2p.cc:430 Cuda Alloc Size 6291456 pointer 0x145ba5200000
x3004c0s31b0n0:10446:14610 [0] NCCL INFO New proxy send connection 3 from local rank 0, transport 0
x3004c0s31b0n0:10458:14447 [3] NCCL INFO GPU Direct RDMA Disabled for GPU c7000 / HCA 1 (distance 7 > 4)
x3004c0s31b0n0:10458:14599 [3] NCCL INFO Allocated 4194656 bytes of shared memory in /dev/shm/nccl-o56uYZ

x3004c0s31b0n0:10458:14599 [3] NCCL INFO New proxy send connection 4 from local rank 3, transport 2
x3004c0s31b0n0:10458:14447 [3] NCCL INFO Connection to proxy localRank 3 -> connection 0x14d5c0000d80
x3004c0s31b0n0:10458:14447 [3] NCCL INFO Channel 00/0 : 19[c7000] -> 1[46000] [send] via NET/IB/1
x3004c0s31b0n0:10458:14447 [3] NCCL INFO GPU Direct RDMA Disabled for GPU c7000 / HCA 0 (distance 6 > 4)
x3004c0s31b0n0:10458:14599 [3] NCCL INFO New proxy send connection 5 from local rank 3, transport 2
x3004c0s31b0n0:10458:14447 [3] NCCL INFO Connection to proxy localRank 3 -> connection 0x14d5c0000dc0
x3004c0s31b0n0:10458:14447 [3] NCCL INFO Channel 01/0 : 19[c7000] -> 1[46000] [send] via NET/IB/0
x3004c0s31b0n0:10458:14447 [3] NCCL INFO GPU Direct RDMA Disabled for GPU c7000 / HCA 1 (distance 7 > 4)
x3004c0s31b0n0:10458:14599 [3] NCCL INFO New proxy send connection 6 from local rank 3, transport 2
x3004c0s31b0n0:10453:14596 [2] NCCL INFO New proxy recv connection 4 from local rank 2, transport 0
x3004c0s31b0n0:10446:14448 [0] NCCL INFO Connection to proxy localRank 0 -> connection 0x14f7c0000d40
x3004c0s31b0n0:10446:14610 [0] NCCL INFO transport/p2p.cc:430 Cuda Alloc Size 6291456 pointer 0x14f840400000
x3004c0s31b0n0:10458:14447 [3] NCCL INFO Connection to proxy localRank 3 -> connection 0x14d5c0000e00
x3004c0s31b0n0:10458:14447 [3] NCCL INFO Channel 02/0 : 19[c7000] -> 1[46000] [send] via NET/IB/1
x3004c0s31b0n0:10458:14447 [3] NCCL INFO GPU Direct RDMA Disabled for GPU c7000 / HCA 0 (distance 6 > 4)
x3004c0s31b0n0:10458:14599 [3] NCCL INFO New proxy send connection 7 from local rank 3, transport 2
x3004c0s31b0n0:10453:14446 [2] NCCL INFO Connection to proxy localRank 2 -> connection 0x145b28000d80
x3004c0s31b0n0:10453:14596 [2] NCCL INFO transport/p2p.cc:449 Cuda Alloc Size 6291456 pointer 0x145b23800000
x3004c0s31b0n0:10458:14447 [3] NCCL INFO Connection to proxy localRank 3 -> connection 0x14d5c0000e40
x3004c0s31b0n0:10458:14447 [3] NCCL INFO Channel 03/0 : 19[c7000] -> 1[46000] [send] via NET/IB/0
x3004c0s31b0n0:10458:14599 [3] NCCL INFO transport/net_ib.cc:596 Ib Alloc Size 26560 pointer 0x14d5c001f000
x3004c0s31b0n0:10458:14599 [3] NCCL INFO NET/IB: Dev 1 Port 1 qpn 21552 mtu 5 GID 0 (80FE/DB0100FEFF000000)
x3004c0s31b0n0:10458:14599 [3] NCCL INFO transport/net_ib.cc:653 Ib Alloc Size 552 pointer 0x14d5c0037000
x3004c0s31b0n0:10458:14599 [3] NCCL INFO transport/net.cc:571 Cuda Host Alloc Size 9641984 pointer 0x14d5be000000
x3004c0s31b0n0:10453:14596 [2] NCCL INFO New proxy recv connection 5 from local rank 2, transport 0
x3004c0s31b0n0:10458:14599 [3] NCCL INFO transport/net_ib.cc:596 Ib Alloc Size 26560 pointer 0x14d5c0039000
x3004c0s31b0n0:10458:14599 [3] NCCL INFO NET/IB: Dev 0 Port 1 qpn 23908 mtu 5 GID 0 (80FE/9E0100FEFF000000)
x3004c0s31b0n0:10458:14599 [3] NCCL INFO transport/net_ib.cc:653 Ib Alloc Size 552 pointer 0x14d5c0051000
x3004c0s31b0n0:10458:14599 [3] NCCL INFO transport/net.cc:571 Cuda Host Alloc Size 9641984 pointer 0x14d5bea00000
x3004c0s31b0n0:10453:14446 [2] NCCL INFO Connection to proxy localRank 2 -> connection 0x145b28000dc0
x3004c0s31b0n0:10453:14596 [2] NCCL INFO transport/p2p.cc:449 Cuda Alloc Size 6291456 pointer 0x145b20000000
x3004c0s31b0n0:10458:14599 [3] NCCL INFO transport/net_ib.cc:596 Ib Alloc Size 26560 pointer 0x14d5c0053000
x3004c0s31b0n0:10458:14599 [3] NCCL INFO NET/IB: Dev 1 Port 1 qpn 21553 mtu 5 GID 0 (80FE/DB0100FEFF000000)
x3004c0s31b0n0:10458:14599 [3] NCCL INFO transport/net_ib.cc:653 Ib Alloc Size 552 pointer 0x14d5c006a000
x3004c0s31b0n0:10458:14599 [3] NCCL INFO transport/net.cc:571 Cuda Host Alloc Size 9641984 pointer 0x14d5bf400000
x3004c0s31b0n0:10458:14599 [3] NCCL INFO transport/net_ib.cc:596 Ib Alloc Size 26560 pointer 0x14d5c006c000
x3004c0s31b0n0:10453:14596 [2] NCCL INFO New proxy recv connection 6 from local rank 2, transport 0
x3004c0s31b0n0:10458:14599 [3] NCCL INFO NET/IB: Dev 0 Port 1 qpn 23909 mtu 5 GID 0 (80FE/9E0100FEFF000000)
x3004c0s31b0n0:10458:14599 [3] NCCL INFO transport/net_ib.cc:653 Ib Alloc Size 552 pointer 0x14d5c0083000
x3004c0s31b0n0:10458:14599 [3] NCCL INFO transport/net.cc:571 Cuda Host Alloc Size 9641984 pointer 0x14d5bc000000
x3004c0s31b0n0:10453:14446 [2] NCCL INFO Connection to proxy localRank 2 -> connection 0x145b28000e00
x3004c0s31b0n0:10453:14596 [2] NCCL INFO transport/p2p.cc:449 Cuda Alloc Size 6291456 pointer 0x145b20600000
x3004c0s31b0n0:10458:14447 [3] NCCL INFO Connected all rings
x3004c0s31b0n0:10458:14447 [3] NCCL INFO Channel 00/0 : 19[c7000] -> 18[85000] via P2P/IPC/read
x3004c0s31b0n0:10458:14599 [3] NCCL INFO New proxy send connection 8 from local rank 3, transport 0
x3004c0s31b0n0:10453:14596 [2] NCCL INFO New proxy recv connection 7 from local rank 2, transport 0
x3004c0s31b0n0:10458:14447 [3] NCCL INFO Connection to proxy localRank 3 -> connection 0x14d5c0000e80
x3004c0s31b0n0:10458:14599 [3] NCCL INFO transport/p2p.cc:430 Cuda Alloc Size 6291456 pointer 0x14d5bca00000
x3004c0s31b0n0:10458:14447 [3] NCCL INFO Channel 01/0 : 19[c7000] -> 18[85000] via P2P/IPC/read
x3004c0s31b0n0:10453:14446 [2] NCCL INFO Connection to proxy localRank 2 -> connection 0x145b28000e40
x3004c0s31b0n0:10453:14596 [2] NCCL INFO transport/p2p.cc:449 Cuda Alloc Size 6291456 pointer 0x145b20c00000
x3004c0s31b0n0:10458:14599 [3] NCCL INFO New proxy send connection 9 from local rank 3, transport 0
x3004c0s31b0n0:10453:14446 [2] NCCL INFO Connected all rings
x3004c0s31b0n0:10449:14613 [1] NCCL INFO transport/net_ib.cc:683 Ib Alloc Size 21688 pointer 0x14b9e801d000
x3004c0s31b0n0:10449:14613 [1] NCCL INFO transport/net_ib.cc:696 Ib Alloc Size 552 pointer 0x14b9e8024000
x3004c0s31b0n0:10453:14596 [2] NCCL INFO New proxy recv connection 8 from local rank 2, transport 0
x3004c0s31b0n0:10446:14610 [0] NCCL INFO New proxy recv connection 4 from local rank 0, transport 0
x3004c0s31b0n0:10458:14447 [3] NCCL INFO Connection to proxy localRank 3 -> connection 0x14d5c0000ec0
x3004c0s31b0n0:10458:14599 [3] NCCL INFO transport/p2p.cc:430 Cuda Alloc Size 6291456 pointer 0x14d5bd000000
x3004c0s31b0n0:10453:14446 [2] NCCL INFO Connection to proxy localRank 2 -> connection 0x145b28000e80
x3004c0s31b0n0:10453:14596 [2] NCCL INFO transport/p2p.cc:449 Cuda Alloc Size 6291456 pointer 0x145b1ec00000
x3004c0s31b0n0:10458:14447 [3] NCCL INFO Channel 02/0 : 19[c7000] -> 18[85000] via P2P/IPC/read
x3004c0s31b0n0:10458:14599 [3] NCCL INFO New proxy send connection 10 from local rank 3, transport 0
x3004c0s31b0n0:10458:14447 [3] NCCL INFO Connection to proxy localRank 3 -> connection 0x14d5c0000f00
x3004c0s31b0n0:10446:14448 [0] NCCL INFO Connection to proxy localRank 0 -> connection 0x14f7c0000d80
x3004c0s31b0n0:10446:14610 [0] NCCL INFO transport/p2p.cc:449 Cuda Alloc Size 6291456 pointer 0x14f7c6c00000
x3004c0s31b0n0:10453:14596 [2] NCCL INFO New proxy recv connection 9 from local rank 2, transport 0
x3004c0s31b0n0:10458:14599 [3] NCCL INFO transport/p2p.cc:430 Cuda Alloc Size 6291456 pointer 0x14d5bd600000
x3004c0s31b0n0:10449:14613 [1] NCCL INFO transport/net_ib.cc:771 Ib Alloc Size 552 pointer 0x14b9e8041000
x3004c0s31b0n0:10449:14613 [1] NCCL INFO transport/net.cc:698 Cuda Host Alloc Size 9641984 pointer 0x14ba62a00000
x3004c0s31b0n0:10446:14610 [0] NCCL INFO New proxy recv connection 5 from local rank 0, transport 0
x3004c0s31b0n0:10453:14446 [2] NCCL INFO Connection to proxy localRank 2 -> connection 0x145b28000ec0
x3004c0s31b0n0:10453:14596 [2] NCCL INFO transport/p2p.cc:449 Cuda Alloc Size 6291456 pointer 0x145b1f200000
x3004c0s31b0n0:10453:14596 [2] NCCL INFO New proxy recv connection 10 from local rank 2, transport 0
x3004c0s31b0n0:10446:14448 [0] NCCL INFO Connection to proxy localRank 0 -> connection 0x14f7c0000dc0
x3004c0s31b0n0:10458:14447 [3] NCCL INFO Channel 03/0 : 19[c7000] -> 18[85000] via P2P/IPC/read
x3004c0s31b0n0:10458:14599 [3] NCCL INFO New proxy send connection 11 from local rank 3, transport 0
x3004c0s31b0n0:10449:14613 [1] NCCL INFO transport/net_ib.cc:683 Ib Alloc Size 21688 pointer 0x14b9e8043000
x3004c0s31b0n0:10449:14613 [1] NCCL INFO transport/net_ib.cc:696 Ib Alloc Size 552 pointer 0x14b9e804a000
x3004c0s31b0n0:10446:14610 [0] NCCL INFO transport/p2p.cc:449 Cuda Alloc Size 6291456 pointer 0x14f7c7200000
x3004c0s31b0n0:10449:14613 [1] NCCL INFO transport/net_ib.cc:771 Ib Alloc Size 552 pointer 0x14b9e8065000
x3004c0s31b0n0:10449:14613 [1] NCCL INFO transport/net.cc:698 Cuda Host Alloc Size 9641984 pointer 0x14ba63400000
x3004c0s31b0n0:10458:14447 [3] NCCL INFO Connection to proxy localRank 3 -> connection 0x14d5c0000f40
x3004c0s31b0n0:10458:14599 [3] NCCL INFO transport/p2p.cc:430 Cuda Alloc Size 6291456 pointer 0x14d5ba000000
x3004c0s31b0n0:10449:14613 [1] NCCL INFO transport/net_ib.cc:683 Ib Alloc Size 21688 pointer 0x14b9e8067000
x3004c0s31b0n0:10449:14613 [1] NCCL INFO transport/net_ib.cc:696 Ib Alloc Size 552 pointer 0x14b9e806e000
x3004c0s31b0n0:10453:14446 [2] NCCL INFO Connection to proxy localRank 2 -> connection 0x145b28000f00
x3004c0s31b0n0:10449:14613 [1] NCCL INFO transport/net_ib.cc:771 Ib Alloc Size 552 pointer 0x14b9e8089000
x3004c0s31b0n0:10449:14613 [1] NCCL INFO transport/net.cc:698 Cuda Host Alloc Size 9641984 pointer 0x14ba63e00000
x3004c0s31b0n0:10453:14596 [2] NCCL INFO transport/p2p.cc:449 Cuda Alloc Size 6291456 pointer 0x145b1f800000
x3004c0s31b0n0:10446:14610 [0] NCCL INFO New proxy recv connection 6 from local rank 0, transport 0
x3004c0s31b0n0:10446:14448 [0] NCCL INFO Connection to proxy localRank 0 -> connection 0x14f7c0000e00
x3004c0s31b0n0:10446:14610 [0] NCCL INFO transport/p2p.cc:449 Cuda Alloc Size 6291456 pointer 0x14f7c7800000
x3004c0s31b0n0:10449:14613 [1] NCCL INFO transport/net_ib.cc:683 Ib Alloc Size 21688 pointer 0x14b9e808b000
x3004c0s31b0n0:10449:14613 [1] NCCL INFO transport/net_ib.cc:696 Ib Alloc Size 552 pointer 0x14b9e8092000
x3004c0s31b0n0:10453:14596 [2] NCCL INFO New proxy recv connection 11 from local rank 2, transport 0
x3004c0s31b0n0:10449:14613 [1] NCCL INFO transport/net_ib.cc:771 Ib Alloc Size 552 pointer 0x14b9e80ad000
x3004c0s31b0n0:10449:14613 [1] NCCL INFO transport/net.cc:698 Cuda Host Alloc Size 9641984 pointer 0x14ba64800000
x3004c0s31b0n0:10449:14449 [1] NCCL INFO Channel 00/0 : 17[46000] -> 16[7000] via P2P/IPC/read
x3004c0s31b0n0:10449:14613 [1] NCCL INFO New proxy send connection 4 from local rank 1, transport 0
x3004c0s31b0n0:10449:14449 [1] NCCL INFO Connection to proxy localRank 1 -> connection 0x14b9e8000d80
x3004c0s31b0n0:10449:14613 [1] NCCL INFO transport/p2p.cc:430 Cuda Alloc Size 6291456 pointer 0x14ba65200000
x3004c0s31b0n0:10453:14446 [2] NCCL INFO Connection to proxy localRank 2 -> connection 0x145b28000f40
x3004c0s31b0n0:10453:14596 [2] NCCL INFO transport/p2p.cc:449 Cuda Alloc Size 6291456 pointer 0x145b1c000000
x3004c0s31b0n0:10446:14610 [0] NCCL INFO New proxy recv connection 7 from local rank 0, transport 0
x3004c0s31b0n0:10449:14449 [1] NCCL INFO Channel 01/0 : 17[46000] -> 16[7000] via P2P/IPC/read
x3004c0s31b0n0:10449:14613 [1] NCCL INFO New proxy send connection 5 from local rank 1, transport 0
x3004c0s31b0n0:10446:14448 [0] NCCL INFO Connection to proxy localRank 0 -> connection 0x14f7c0000e40
x3004c0s31b0n0:10446:14610 [0] NCCL INFO transport/p2p.cc:449 Cuda Alloc Size 6291456 pointer 0x14f7be000000
x3004c0s31b0n0:10449:14449 [1] NCCL INFO Connection to proxy localRank 1 -> connection 0x14b9e8000dc0
x3004c0s31b0n0:10449:14613 [1] NCCL INFO transport/p2p.cc:430 Cuda Alloc Size 6291456 pointer 0x14b9e2000000
x3004c0s31b0n0:10449:14449 [1] NCCL INFO Channel 02/0 : 17[46000] -> 16[7000] via P2P/IPC/read
x3004c0s31b0n0:10449:14613 [1] NCCL INFO New proxy send connection 6 from local rank 1, transport 0
x3004c0s31b0n0:10449:14449 [1] NCCL INFO Connection to proxy localRank 1 -> connection 0x14b9e8000e00
x3004c0s31b0n0:10449:14613 [1] NCCL INFO transport/p2p.cc:430 Cuda Alloc Size 6291456 pointer 0x14b9e2600000
x3004c0s31b0n0:10449:14449 [1] NCCL INFO Channel 03/0 : 17[46000] -> 16[7000] via P2P/IPC/read
x3004c0s31b0n0:10449:14613 [1] NCCL INFO New proxy send connection 7 from local rank 1, transport 0
x3004c0s31b0n0:10449:14449 [1] NCCL INFO Connection to proxy localRank 1 -> connection 0x14b9e8000e40
x3004c0s31b0n0:10449:14613 [1] NCCL INFO transport/p2p.cc:430 Cuda Alloc Size 6291456 pointer 0x14b9e2c00000
x3004c0s31b0n0:10449:14449 [1] NCCL INFO Connected all rings
x3004c0s31b0n0:10449:14613 [1] NCCL INFO New proxy recv connection 8 from local rank 1, transport 0
x3004c0s31b0n0:10446:14448 [0] NCCL INFO Connected all rings
x3004c0s31b0n0:10446:14448 [0] NCCL INFO Channel 00/0 : 16[7000] -> 17[46000] via P2P/IPC/read
x3004c0s31b0n0:10446:14610 [0] NCCL INFO New proxy send connection 8 from local rank 0, transport 0
x3004c0s31b0n0:10446:14448 [0] NCCL INFO Connection to proxy localRank 0 -> connection 0x14f7c0000e80
x3004c0s31b0n0:10446:14610 [0] NCCL INFO transport/p2p.cc:430 Cuda Alloc Size 6291456 pointer 0x14f7bc000000
x3004c0s31b0n0:10449:14449 [1] NCCL INFO Connection to proxy localRank 1 -> connection 0x14b9e8000e80
x3004c0s31b0n0:10449:14613 [1] NCCL INFO transport/p2p.cc:449 Cuda Alloc Size 6291456 pointer 0x14b9dac00000
x3004c0s31b0n0:10446:14448 [0] NCCL INFO Channel 01/0 : 16[7000] -> 17[46000] via P2P/IPC/read
x3004c0s31b0n0:10446:14610 [0] NCCL INFO New proxy send connection 9 from local rank 0, transport 0
x3004c0s31b0n0:10446:14448 [0] NCCL INFO Connection to proxy localRank 0 -> connection 0x14f7c0000ec0
x3004c0s31b0n0:10449:14613 [1] NCCL INFO New proxy recv connection 9 from local rank 1, transport 0
x3004c0s31b0n0:10449:14449 [1] NCCL INFO Connection to proxy localRank 1 -> connection 0x14b9e8000ec0
x3004c0s31b0n0:10449:14613 [1] NCCL INFO transport/p2p.cc:449 Cuda Alloc Size 6291456 pointer 0x14b9db200000
x3004c0s31b0n0:10446:14610 [0] NCCL INFO transport/p2p.cc:430 Cuda Alloc Size 6291456 pointer 0x14f7bc600000
x3004c0s31b0n0:10446:14448 [0] NCCL INFO Channel 02/0 : 16[7000] -> 17[46000] via P2P/IPC/read
x3004c0s31b0n0:10446:14610 [0] NCCL INFO New proxy send connection 10 from local rank 0, transport 0
x3004c0s31b0n0:10446:14448 [0] NCCL INFO Connection to proxy localRank 0 -> connection 0x14f7c0000f00
x3004c0s31b0n0:10446:14610 [0] NCCL INFO transport/p2p.cc:430 Cuda Alloc Size 6291456 pointer 0x14f7bcc00000
x3004c0s31b0n0:10449:14613 [1] NCCL INFO New proxy recv connection 10 from local rank 1, transport 0
x3004c0s31b0n0:10446:14448 [0] NCCL INFO Channel 03/0 : 16[7000] -> 17[46000] via P2P/IPC/read
x3004c0s31b0n0:10446:14610 [0] NCCL INFO New proxy send connection 11 from local rank 0, transport 0
x3004c0s31b0n0:10449:14449 [1] NCCL INFO Connection to proxy localRank 1 -> connection 0x14b9e8000f00
x3004c0s31b0n0:10449:14613 [1] NCCL INFO transport/p2p.cc:449 Cuda Alloc Size 6291456 pointer 0x14b9db800000
x3004c0s31b0n0:10446:14448 [0] NCCL INFO Connection to proxy localRank 0 -> connection 0x14f7c0000f40
x3004c0s31b0n0:10446:14610 [0] NCCL INFO transport/p2p.cc:430 Cuda Alloc Size 6291456 pointer 0x14f7bd200000
x3004c0s31b0n0:10449:14613 [1] NCCL INFO New proxy recv connection 11 from local rank 1, transport 0
x3004c0s31b0n0:10449:14449 [1] NCCL INFO Connection to proxy localRank 1 -> connection 0x14b9e8000f40
x3004c0s31b0n0:10449:14613 [1] NCCL INFO transport/p2p.cc:449 Cuda Alloc Size 6291456 pointer 0x14b9d8000000
x3004c0s31b0n0:10449:14449 [1] NCCL INFO Channel 00/0 : 17[46000] -> 18[85000] via P2P/IPC/read
x3004c0s31b0n0:10449:14613 [1] NCCL INFO New proxy send connection 12 from local rank 1, transport 0
x3004c0s31b0n0:10449:14449 [1] NCCL INFO Connection to proxy localRank 1 -> connection 0x14b9e8000f80
x3004c0s31b0n0:10449:14613 [1] NCCL INFO transport/p2p.cc:430 Cuda Alloc Size 6291456 pointer 0x14b9d8600000
x3004c0s31b0n0:10449:14449 [1] NCCL INFO Channel 01/0 : 17[46000] -> 18[85000] via P2P/IPC/read
x3004c0s31b0n0:10449:14613 [1] NCCL INFO New proxy send connection 13 from local rank 1, transport 0
x3004c0s31b0n0:10449:14449 [1] NCCL INFO Connection to proxy localRank 1 -> connection 0x14b9e8000fc0
x3004c0s31b0n0:10449:14613 [1] NCCL INFO transport/p2p.cc:430 Cuda Alloc Size 6291456 pointer 0x14b9d8c00000
x3004c0s31b0n0:10449:14449 [1] NCCL INFO Channel 02/0 : 17[46000] -> 18[85000] via P2P/IPC/read
x3004c0s31b0n0:10449:14613 [1] NCCL INFO New proxy send connection 14 from local rank 1, transport 0
x3004c0s31b0n0:10449:14449 [1] NCCL INFO Connection to proxy localRank 1 -> connection 0x14b9e8001000
x3004c0s31b0n0:10449:14613 [1] NCCL INFO transport/p2p.cc:430 Cuda Alloc Size 6291456 pointer 0x14b9d9200000
x3004c0s31b0n0:10449:14449 [1] NCCL INFO Channel 03/0 : 17[46000] -> 18[85000] via P2P/IPC/read
x3004c0s31b0n0:10449:14613 [1] NCCL INFO New proxy send connection 15 from local rank 1, transport 0
x3004c0s31b0n0:10449:14449 [1] NCCL INFO Connection to proxy localRank 1 -> connection 0x14b9e8001040
x3004c0s31b0n0:10449:14613 [1] NCCL INFO transport/p2p.cc:430 Cuda Alloc Size 6291456 pointer 0x14b9d9800000
x3004c0s31b0n0:10449:14449 [1] NCCL INFO GPU Direct RDMA Disabled for GPU 46000 / HCA 1 (distance 6 > 4)
x3004c0s31b0n0:10453:14596 [2] NCCL INFO New proxy recv connection 12 from local rank 2, transport 0
x3004c0s31b0n0:10449:14613 [1] NCCL INFO New proxy recv connection 16 from local rank 1, transport 2
x3004c0s31b0n0:10446:14448 [0] NCCL INFO GPU Direct RDMA Disabled for GPU 7000 / HCA 1 (distance 7 > 4)
x3004c0s31b0n0:10446:14610 [0] NCCL INFO Allocated 4194656 bytes of shared memory in /dev/shm/nccl-bhVep3

x3004c0s31b0n0:10446:14610 [0] NCCL INFO New proxy recv connection 12 from local rank 0, transport 2
x3004c0s31b0n0:10446:14448 [0] NCCL INFO Connection to proxy localRank 0 -> connection 0x14f7c0000f80
x3004c0s31b0n0:10453:14446 [2] NCCL INFO Connection to proxy localRank 2 -> connection 0x145b28000f80
x3004c0s31b0n0:10453:14596 [2] NCCL INFO transport/p2p.cc:449 Cuda Alloc Size 6291456 pointer 0x145b1a000000
x3004c0s31b0n0:10449:14449 [1] NCCL INFO Connection to proxy localRank 1 -> connection 0x14b9e8001080
x3004c0s31b0n0:10453:14596 [2] NCCL INFO New proxy recv connection 13 from local rank 2, transport 0
x3004c0s31b0n0:10446:14448 [0] NCCL INFO Channel 02/0 : 12[7000] -> 16[7000] [receive] via NET/IB/1
x3004c0s31b0n0:10446:14448 [0] NCCL INFO GPU Direct RDMA Disabled for GPU 7000 / HCA 0 (distance 7 > 4)
x3004c0s31b0n0:10446:14610 [0] NCCL INFO New proxy recv connection 13 from local rank 0, transport 2
x3004c0s31b0n0:10453:14446 [2] NCCL INFO Connection to proxy localRank 2 -> connection 0x145b28000fc0
x3004c0s31b0n0:10453:14596 [2] NCCL INFO transport/p2p.cc:449 Cuda Alloc Size 6291456 pointer 0x145b1a600000
x3004c0s31b0n0:10449:14449 [1] NCCL INFO Channel 00/0 : 8[7000] -> 17[46000] [receive] via NET/IB/1
x3004c0s31b0n0:10449:14449 [1] NCCL INFO GPU Direct RDMA Disabled for GPU 46000 / HCA 0 (distance 7 > 4)
x3004c0s31b0n0:10449:14613 [1] NCCL INFO New proxy recv connection 17 from local rank 1, transport 2
x3004c0s31b0n0:10446:14448 [0] NCCL INFO Connection to proxy localRank 0 -> connection 0x14f7c0000fc0
x3004c0s31b0n0:10453:14596 [2] NCCL INFO New proxy recv connection 14 from local rank 2, transport 0
x3004c0s31b0n0:10449:14449 [1] NCCL INFO Connection to proxy localRank 1 -> connection 0x14b9e80010c0
x3004c0s31b0n0:10449:14449 [1] NCCL INFO Channel 01/0 : 8[7000] -> 17[46000] [receive] via NET/IB/0
x3004c0s31b0n0:10453:14446 [2] NCCL INFO Connection to proxy localRank 2 -> connection 0x145b28001000
x3004c0s31b0n0:10453:14596 [2] NCCL INFO transport/p2p.cc:449 Cuda Alloc Size 6291456 pointer 0x145b1ac00000
x3004c0s31b0n0:10446:14448 [0] NCCL INFO Channel 03/0 : 12[7000] -> 16[7000] [receive] via NET/IB/0
x3004c0s31b0n0:10446:14448 [0] NCCL INFO GPU Direct RDMA Disabled for GPU 7000 / HCA 1 (distance 7 > 4)
x3004c0s31b0n0:10446:14610 [0] NCCL INFO New proxy send connection 14 from local rank 0, transport 2
x3004c0s31b0n0:10453:14596 [2] NCCL INFO New proxy recv connection 15 from local rank 2, transport 0
x3004c0s31b0n0:10446:14448 [0] NCCL INFO Connection to proxy localRank 0 -> connection 0x14f7c0001000
x3004c0s31b0n0:10446:14448 [0] NCCL INFO Channel 00/0 : 16[7000] -> 0[7000] [send] via NET/IB/1
x3004c0s31b0n0:10446:14448 [0] NCCL INFO GPU Direct RDMA Disabled for GPU 7000 / HCA 0 (distance 7 > 4)
x3004c0s31b0n0:10446:14610 [0] NCCL INFO New proxy send connection 15 from local rank 0, transport 2
x3004c0s31b0n0:10446:14448 [0] NCCL INFO Connection to proxy localRank 0 -> connection 0x14f7c0001040
x3004c0s31b0n0:10446:14448 [0] NCCL INFO Channel 01/0 : 16[7000] -> 0[7000] [send] via NET/IB/0
x3004c0s31b0n0:10453:14446 [2] NCCL INFO Connection to proxy localRank 2 -> connection 0x145b28001040
x3004c0s31b0n0:10453:14596 [2] NCCL INFO transport/p2p.cc:449 Cuda Alloc Size 6291456 pointer 0x145b1b200000
x3004c0s31b0n0:10453:14446 [2] NCCL INFO Channel 00/0 : 18[85000] -> 17[46000] via P2P/IPC/read
x3004c0s31b0n0:10453:14596 [2] NCCL INFO New proxy send connection 16 from local rank 2, transport 0
x3004c0s31b0n0:10453:14446 [2] NCCL INFO Connection to proxy localRank 2 -> connection 0x145b28001080
x3004c0s31b0n0:10453:14596 [2] NCCL INFO transport/p2p.cc:430 Cuda Alloc Size 6291456 pointer 0x145b1b800000
x3004c0s31b0n0:10453:14446 [2] NCCL INFO Channel 01/0 : 18[85000] -> 17[46000] via P2P/IPC/read
x3004c0s31b0n0:10453:14596 [2] NCCL INFO New proxy send connection 17 from local rank 2, transport 0
x3004c0s31b0n0:10453:14446 [2] NCCL INFO Connection to proxy localRank 2 -> connection 0x145b280010c0
x3004c0s31b0n0:10446:14610 [0] NCCL INFO transport/net_ib.cc:596 Ib Alloc Size 26560 pointer 0x14f7c0026000
x3004c0s31b0n0:10446:14610 [0] NCCL INFO NET/IB: Dev 1 Port 1 qpn 21558 mtu 5 GID 0 (80FE/DB0100FEFF000000)
x3004c0s31b0n0:10446:14610 [0] NCCL INFO transport/net_ib.cc:653 Ib Alloc Size 552 pointer 0x14f7c003e000
x3004c0s31b0n0:10446:14610 [0] NCCL INFO transport/net.cc:571 Cuda Host Alloc Size 9641984 pointer 0x14f7bb200000
x3004c0s31b0n0:10453:14596 [2] NCCL INFO transport/p2p.cc:430 Cuda Alloc Size 6291456 pointer 0x145b18000000
x3004c0s31b0n0:10446:14610 [0] NCCL INFO transport/net_ib.cc:596 Ib Alloc Size 26560 pointer 0x14f7c0040000
x3004c0s31b0n0:10446:14610 [0] NCCL INFO NET/IB: Dev 0 Port 1 qpn 23914 mtu 5 GID 0 (80FE/9E0100FEFF000000)
x3004c0s31b0n0:10446:14610 [0] NCCL INFO transport/net_ib.cc:653 Ib Alloc Size 552 pointer 0x14f7c0057000
x3004c0s31b0n0:10446:14610 [0] NCCL INFO transport/net.cc:571 Cuda Host Alloc Size 9641984 pointer 0x14f7b2000000
x3004c0s31b0n0:10446:14610 [0] NCCL INFO transport/net_ib.cc:683 Ib Alloc Size 21688 pointer 0x14f7c0059000
x3004c0s31b0n0:10446:14610 [0] NCCL INFO transport/net_ib.cc:696 Ib Alloc Size 552 pointer 0x14f7c0060000
x3004c0s31b0n0:10453:14446 [2] NCCL INFO Channel 02/0 : 18[85000] -> 17[46000] via P2P/IPC/read
x3004c0s31b0n0:10453:14596 [2] NCCL INFO New proxy send connection 18 from local rank 2, transport 0
x3004c0s31b0n0:10446:14610 [0] NCCL INFO transport/net_ib.cc:771 Ib Alloc Size 552 pointer 0x14f7c007c000
x3004c0s31b0n0:10446:14610 [0] NCCL INFO transport/net.cc:698 Cuda Host Alloc Size 9641984 pointer 0x14f7b2a00000
x3004c0s31b0n0:10453:14446 [2] NCCL INFO Connection to proxy localRank 2 -> connection 0x145b28001100
x3004c0s31b0n0:10453:14596 [2] NCCL INFO transport/p2p.cc:430 Cuda Alloc Size 6291456 pointer 0x145b18600000
x3004c0s31b0n0:10446:14610 [0] NCCL INFO transport/net_ib.cc:683 Ib Alloc Size 21688 pointer 0x14f7c007e000
x3004c0s31b0n0:10446:14610 [0] NCCL INFO transport/net_ib.cc:696 Ib Alloc Size 552 pointer 0x14f7c0085000
x3004c0s31b0n0:10446:14610 [0] NCCL INFO transport/net_ib.cc:771 Ib Alloc Size 552 pointer 0x14f7c00a0000
x3004c0s31b0n0:10446:14610 [0] NCCL INFO transport/net.cc:698 Cuda Host Alloc Size 9641984 pointer 0x14f7b3400000
x3004c0s31b0n0:10453:14446 [2] NCCL INFO Channel 03/0 : 18[85000] -> 17[46000] via P2P/IPC/read
x3004c0s31b0n0:10453:14596 [2] NCCL INFO New proxy send connection 19 from local rank 2, transport 0
x3004c0s31b0n0:10446:14448 [0] NCCL INFO GPU Direct RDMA Disabled for GPU 7000 / HCA 1 (distance 7 > 4)
x3004c0s31b0n0:10446:14610 [0] NCCL INFO New proxy recv connection 16 from local rank 0, transport 2
x3004c0s31b0n0:10453:14446 [2] NCCL INFO Connection to proxy localRank 2 -> connection 0x145b28001140
x3004c0s31b0n0:10453:14596 [2] NCCL INFO transport/p2p.cc:430 Cuda Alloc Size 6291456 pointer 0x145b18c00000
x3004c0s31b0n0:10446:14448 [0] NCCL INFO Connection to proxy localRank 0 -> connection 0x14f7c0001080
x3004c0s31b0n0:10458:14447 [3] NCCL INFO Connected all trees by HAO
x3004c0s31b0n0:10458:14447 [3] NCCL INFO threadThresholds 8/8/64 | 160/8/64 | 512 | 512
x3004c0s31b0n0:10458:14447 [3] NCCL INFO 4 coll channels, 4 p2p channels, 2 p2p channels per peer
x3004c0s31b0n0:10458:14599 [3] NCCL INFO New proxy send connection 12 from local rank 3, transport 2
x3004c0s31b0n0:10446:14448 [0] NCCL INFO Channel 00/0 : 0[7000] -> 16[7000] [receive] via NET/IB/1
x3004c0s31b0n0:10446:14448 [0] NCCL INFO GPU Direct RDMA Disabled for GPU 7000 / HCA 0 (distance 7 > 4)
x3004c0s31b0n0:10449:14613 [1] NCCL INFO transport/net_ib.cc:683 Ib Alloc Size 21688 pointer 0x14b9e80be000
x3004c0s31b0n0:10449:14613 [1] NCCL INFO transport/net_ib.cc:696 Ib Alloc Size 552 pointer 0x14b9e801a000
x3004c0s31b0n0:10446:14610 [0] NCCL INFO New proxy recv connection 17 from local rank 0, transport 2
x3004c0s31b0n0:10458:14447 [3] NCCL INFO Connection to proxy localRank 3 -> connection 0x14d5c0000f80
x3004c0s31b0n0:10458:14599 [3] NCCL INFO transport/net.cc:376 Cuda Alloc Size 8388608 pointer 0x14d5b8000000
x3004c0s31b0n0:10449:14613 [1] NCCL INFO transport/net_ib.cc:771 Ib Alloc Size 552 pointer 0x14b9e80df000
x3004c0s31b0n0:10449:14613 [1] NCCL INFO transport/net.cc:698 Cuda Host Alloc Size 9641984 pointer 0x14b9d5200000
x3004c0s31b0n0:10449:14613 [1] NCCL INFO transport/net_ib.cc:683 Ib Alloc Size 21688 pointer 0x14b9e80e1000
x3004c0s31b0n0:10446:14448 [0] NCCL INFO Connection to proxy localRank 0 -> connection 0x14f7c00010c0
x3004c0s31b0n0:10449:14613 [1] NCCL INFO transport/net_ib.cc:696 Ib Alloc Size 552 pointer 0x14b9e80e8000
x3004c0s31b0n0:10446:14448 [0] NCCL INFO Channel 01/0 : 0[7000] -> 16[7000] [receive] via NET/IB/0
