x3004c0s1b0n0:6349:10946 [1] NCCL INFO 32 coll channels, 32 p2p channels, 32 p2p channels per peer
x3004c0s1b0n0:6353:10948 [2] NCCL INFO Connection to proxy localRank 0 -> connection 0x14baac000d10
x3004c0s1b0n0:6353:10948 [2] NCCL INFO init.cc:367 Cuda Alloc Size 5168 pointer 0x14baed815e00
x3004c0s1b0n0:6346:10953 [0] NCCL INFO Mem Realloc old size 0, new size 8 pointer 0x145b00000cf0
x3004c0s1b0n0:6346:10953 [0] NCCL INFO Allocated 4194656 bytes of shared memory in /dev/shm/nccl-KTapu5

x3004c0s1b0n0:6346:10953 [0] NCCL INFO New proxy send connection 0 from local rank 0, transport 2
x3004c0s1b0n0:6355:10954 [3] NCCL INFO Mem Realloc old size 0, new size 8 pointer 0x151ea0000cf0
x3004c0s1b0n0:6355:10954 [3] NCCL INFO Allocated 4194656 bytes of shared memory in /dev/shm/nccl-a1fWKI

x3004c0s1b0n0:6355:10954 [3] NCCL INFO New proxy send connection 0 from local rank 0, transport 2
x3004c0s1b0n0:6349:10955 [1] NCCL INFO Mem Realloc old size 0, new size 8 pointer 0x1498e4000cf0
x3004c0s1b0n0:6349:10955 [1] NCCL INFO Allocated 4194656 bytes of shared memory in /dev/shm/nccl-QeL76h

x3004c0s1b0n0:6349:10955 [1] NCCL INFO New proxy send connection 0 from local rank 0, transport 2
x3004c0s1b0n0:6353:10951 [2] NCCL INFO transport/net.cc:376 Cuda Alloc Size 67108864 pointer 0x14baa0000000
x3004c0s1b0n0:6353:10948 [2] NCCL INFO init.cc:392 Cuda Host Alloc Size 33554432 pointer 0x14bb0e000000
x3004c0s1b0n0:6353:10948 [2] NCCL INFO init.cc:398 Cuda Host Alloc Size 128 pointer 0x14baece00600
x3004c0s1b0n0:6353:10948 [2] NCCL INFO comm 0x55c4dfb79d60 rank 0 nranks 1 cudaDev 2 busId 85000 - Init COMPLETE
x3004c0s1b0n0:6346:10950 [0] NCCL INFO Connection to proxy localRank 0 -> connection 0x145b00000d10
x3004c0s1b0n0:6346:10950 [0] NCCL INFO init.cc:367 Cuda Alloc Size 5168 pointer 0x145ba4018400
x3004c0s1b0n0:6355:10944 [3] NCCL INFO Connection to proxy localRank 0 -> connection 0x151ea0000d10
x3004c0s1b0n0:6355:10944 [3] NCCL INFO init.cc:367 Cuda Alloc Size 5168 pointer 0x151ee1815e00
x3004c0s1b0n0:6349:10946 [1] NCCL INFO Connection to proxy localRank 0 -> connection 0x1498e4000d10
x3004c0s1b0n0:6349:10946 [1] NCCL INFO init.cc:367 Cuda Alloc Size 5168 pointer 0x149931815e00
x3004c0s1b0n0:6346:10953 [0] NCCL INFO transport/net.cc:376 Cuda Alloc Size 67108864 pointer 0x145af4000000
x3004c0s1b0n0:6346:10950 [0] NCCL INFO init.cc:392 Cuda Host Alloc Size 33554432 pointer 0x145b86000000
x3004c0s1b0n0:6346:10950 [0] NCCL INFO init.cc:398 Cuda Host Alloc Size 128 pointer 0x145ba3600a00
x3004c0s1b0n0:6346:10950 [0] NCCL INFO comm 0x56417f8ddbe0 rank 0 nranks 1 cudaDev 0 busId 7000 - Init COMPLETE
x3004c0s1b0n0:6355:10944 [3] NCCL INFO init.cc:392 Cuda Host Alloc Size 33554432 pointer 0x151f01800000
x3004c0s1b0n0:6355:10944 [3] NCCL INFO init.cc:398 Cuda Host Alloc Size 128 pointer 0x151ee0e00600
x3004c0s1b0n0:6355:10944 [3] NCCL INFO comm 0x5617205bdfd0 rank 0 nranks 1 cudaDev 3 busId c7000 - Init COMPLETE
x3004c0s1b0n0:6355:10954 [3] NCCL INFO transport/net.cc:376 Cuda Alloc Size 67108864 pointer 0x151e94000000
x3004c0s1b0n0:6349:10946 [1] NCCL INFO init.cc:392 Cuda Host Alloc Size 33554432 pointer 0x149950a00000
x3004c0s1b0n0:6349:10946 [1] NCCL INFO init.cc:398 Cuda Host Alloc Size 128 pointer 0x149930e00600
x3004c0s1b0n0:6349:10946 [1] NCCL INFO comm 0x556a5538cd90 rank 0 nranks 1 cudaDev 1 busId 46000 - Init COMPLETE
x3004c0s1b0n0:6349:10955 [1] NCCL INFO transport/net.cc:376 Cuda Alloc Size 67108864 pointer 0x1498e0000000
[Hao INFO in ncclAllReduce (all_reduce.cc)] rank 3 ncclAllReduce: count: 1, datatype: ncclInt64, message size: 8 Bytes
x3004c0s1b0n0:6355:6355 [3] NCCL INFO AllReduce: opCount 0 sendbuff 0x151f1f600400 recvbuff 0x151f1f600400 count 1 datatype 4 op 0 root 0 comm 0x5617205bdfd0 [nranks=1] stream 0x56171d61f180

[LYD INFO in ncclAllReduce (all_reduce.cc)] rank 0 AllReduce Time: 0.000027000 seconds
[Hao INFO in ncclAllReduce (all_reduce.cc)] rank 2 ncclAllReduce: count: 1, datatype: ncclInt64, message size: 8 Bytes
x3004c0s1b0n0:6353:6353 [2] NCCL INFO AllReduce: opCount 0 sendbuff 0x14bb2b600400 recvbuff 0x14bb2b600400 count 1 datatype 4 op 0 root 0 comm 0x55c4dfb79d60 [nranks=1] stream 0x55c4de4907f0

[LYD INFO in ncclAllReduce (all_reduce.cc)] rank 0 AllReduce Time: 0.000030000 seconds
[Hao INFO in ncclAllReduce (all_reduce.cc)] rank 1 ncclAllReduce: count: 1, datatype: ncclInt64, message size: 8 Bytes
x3004c0s1b0n0:6349:6349 [1] NCCL INFO AllReduce: opCount 0 sendbuff 0x14996f600400 recvbuff 0x14996f600400 count 1 datatype 4 op 0 root 0 comm 0x556a5538cd90 [nranks=1] stream 0x556a53c88cd0

[LYD INFO in ncclAllReduce (all_reduce.cc)] rank 0 AllReduce Time: 0.000030000 seconds
[Hao INFO in ncclAllReduce (all_reduce.cc)] rank 0 ncclAllReduce: count: 1, datatype: ncclInt64, message size: 8 Bytes
x3004c0s1b0n0:6346:6346 [0] NCCL INFO AllReduce: opCount 0 sendbuff 0x145b9fa00400 recvbuff 0x145b9fa00400 count 1 datatype 4 op 0 root 0 comm 0x56417f8ddbe0 [nranks=1] stream 0x56417e2de3d0

[LYD INFO in ncclAllReduce (all_reduce.cc)] rank 0 AllReduce Time: 0.000033000 seconds
x3004c0s1b0n0:6346:6346 [0] NCCL INFO init.cc:1147 Cuda Host Alloc Size 4 pointer 0x145ba3600c00
x3004c0s1b0n0:6355:6355 [3] NCCL INFO init.cc:1147 Cuda Host Alloc Size 4 pointer 0x151ee0e00800
x3004c0s1b0n0:6353:6353 [2] NCCL INFO init.cc:1147 Cuda Host Alloc Size 4 pointer 0x14baece00800
x3004c0s1b0n0:6349:6349 [1] NCCL INFO init.cc:1147 Cuda Host Alloc Size 4 pointer 0x149930e00800
x3004c0s1b0n0:6353:10962 [2] NCCL INFO Using network IB
x3004c0s1b0n0:6349:10963 [1] NCCL INFO Using network IB
x3004c0s1b0n0:6346:10960 [0] NCCL INFO Using network IB
x3004c0s1b0n0:6355:10961 [3] NCCL INFO Using network IB
x3004c0s1b0n0:6355:10961 [3] NCCL INFO NET/IB : GPU Direct RDMA Enabled for HCA 0 'mlx5_0'
x3004c0s1b0n0:6355:10961 [3] NCCL INFO NET/IB : GPU Direct RDMA Enabled for HCA 1 'mlx5_1'
x3004c0s1b0n0:6355:10961 [3] NCCL INFO GPU Direct RDMA Disabled for GPU 7000 / HCA 1 (distance 7 > 4)
x3004c0s1b0n0:6355:10961 [3] NCCL INFO GPU Direct RDMA Disabled for GPU 46000 / HCA 1 (distance 6 > 4)
x3004c0s1b0n0:6355:10961 [3] NCCL INFO GPU Direct RDMA Disabled for GPU 85000 / HCA 1 (distance 7 > 4)
x3004c0s1b0n0:6355:10961 [3] NCCL INFO GPU Direct RDMA Disabled for GPU c7000 / HCA 1 (distance 7 > 4)
x3004c0s1b0n0:6355:10961 [3] NCCL INFO GPU Direct RDMA Disabled for GPU 7000 / HCA 0 (distance 7 > 4)
x3004c0s1b0n0:6355:10961 [3] NCCL INFO GPU Direct RDMA Disabled for GPU 46000 / HCA 0 (distance 7 > 4)
x3004c0s1b0n0:6355:10961 [3] NCCL INFO GPU Direct RDMA Disabled for GPU 85000 / HCA 0 (distance 7 > 4)
x3004c0s1b0n0:6355:10961 [3] NCCL INFO GPU Direct RDMA Disabled for GPU c7000 / HCA 0 (distance 6 > 4)
x3004c0s1b0n0:6355:10961 [3] NCCL INFO GPU Direct RDMA Disabled for GPU 7000 / HCA 1 (distance 7 > 4)
x3004c0s1b0n0:6355:10961 [3] NCCL INFO GPU Direct RDMA Disabled for GPU 46000 / HCA 1 (distance 6 > 4)
x3004c0s1b0n0:6355:10961 [3] NCCL INFO GPU Direct RDMA Disabled for GPU 85000 / HCA 1 (distance 7 > 4)
x3004c0s1b0n0:6355:10961 [3] NCCL INFO GPU Direct RDMA Disabled for GPU c7000 / HCA 1 (distance 7 > 4)
x3004c0s1b0n0:6355:10961 [3] NCCL INFO GPU Direct RDMA Disabled for GPU 7000 / HCA 0 (distance 7 > 4)
x3004c0s1b0n0:6355:10961 [3] NCCL INFO GPU Direct RDMA Disabled for GPU 46000 / HCA 0 (distance 7 > 4)
x3004c0s1b0n0:6355:10961 [3] NCCL INFO GPU Direct RDMA Disabled for GPU 85000 / HCA 0 (distance 7 > 4)
x3004c0s1b0n0:6355:10961 [3] NCCL INFO GPU Direct RDMA Disabled for GPU c7000 / HCA 0 (distance 6 > 4)
x3004c0s1b0n0:6355:10961 [3] NCCL INFO === System : maxBw 12.0 totalBw 264.0 ===
x3004c0s1b0n0:6355:10961 [3] NCCL INFO CPU/3 (1/2/-1)
x3004c0s1b0n0:6355:10961 [3] NCCL INFO + SYS[5000.0] - CPU/2
x3004c0s1b0n0:6355:10961 [3] NCCL INFO + SYS[5000.0] - CPU/1
x3004c0s1b0n0:6355:10961 [3] NCCL INFO + SYS[5000.0] - CPU/0
x3004c0s1b0n0:6355:10961 [3] NCCL INFO + PCI[24.0] - PCI/5000 (11f8406811f8beef)
x3004c0s1b0n0:6355:10961 [3] NCCL INFO               + PCI[24.0] - GPU/7000 (0)
x3004c0s1b0n0:6355:10961 [3] NCCL INFO                             + NVL[88.0] - GPU/85000
x3004c0s1b0n0:6355:10961 [3] NCCL INFO                             + NVL[88.0] - GPU/C7000
x3004c0s1b0n0:6355:10961 [3] NCCL INFO                             + NVL[88.0] - GPU/46000
x3004c0s1b0n0:6355:10961 [3] NCCL INFO CPU/2 (1/2/-1)
x3004c0s1b0n0:6355:10961 [3] NCCL INFO + SYS[5000.0] - CPU/3
x3004c0s1b0n0:6355:10961 [3] NCCL INFO + SYS[5000.0] - CPU/1
x3004c0s1b0n0:6355:10961 [3] NCCL INFO + SYS[5000.0] - CPU/0
x3004c0s1b0n0:6355:10961 [3] NCCL INFO + PCI[24.0] - PCI/44000 (11f8406811f8beef)
x3004c0s1b0n0:6355:10961 [3] NCCL INFO               + PCI[24.0] - GPU/46000 (1)
x3004c0s1b0n0:6355:10961 [3] NCCL INFO                             + NVL[88.0] - GPU/85000
x3004c0s1b0n0:6355:10961 [3] NCCL INFO                             + NVL[88.0] - GPU/C7000
x3004c0s1b0n0:6355:10961 [3] NCCL INFO                             + NVL[88.0] - GPU/7000
x3004c0s1b0n0:6355:10961 [3] NCCL INFO + PCI[12.0] - NIC/43000
x3004c0s1b0n0:6355:10961 [3] NCCL INFO               + NET[12.5] - NET/1 (940704ffffa4e988/1/12.500000)
x3004c0s1b0n0:6355:10961 [3] NCCL INFO CPU/1 (1/2/-1)
x3004c0s1b0n0:6355:10961 [3] NCCL INFO + SYS[5000.0] - CPU/3
x3004c0s1b0n0:6355:10961 [3] NCCL INFO + SYS[5000.0] - CPU/2
x3004c0s1b0n0:6355:10961 [3] NCCL INFO + SYS[5000.0] - CPU/0
x3004c0s1b0n0:6355:10961 [3] NCCL INFO + PCI[24.0] - PCI/83000 (11f8406811f8beef)
x3004c0s1b0n0:6355:10961 [3] NCCL INFO               + PCI[24.0] - GPU/85000 (2)
x3004c0s1b0n0:6355:10961 [3] NCCL INFO                             + NVL[88.0] - GPU/C7000
x3004c0s1b0n0:6355:10961 [3] NCCL INFO                             + NVL[88.0] - GPU/46000
x3004c0s1b0n0:6355:10961 [3] NCCL INFO                             + NVL[88.0] - GPU/7000
x3004c0s1b0n0:6355:10961 [3] NCCL INFO CPU/0 (1/2/-1)
x3004c0s1b0n0:6355:10961 [3] NCCL INFO + SYS[5000.0] - CPU/3
x3004c0s1b0n0:6355:10961 [3] NCCL INFO + SYS[5000.0] - CPU/2
x3004c0s1b0n0:6355:10961 [3] NCCL INFO + SYS[5000.0] - CPU/1
x3004c0s1b0n0:6355:10961 [3] NCCL INFO + PCI[24.0] - PCI/C5000 (11f8406811f8beef)
x3004c0s1b0n0:6355:10961 [3] NCCL INFO               + PCI[24.0] - GPU/C7000 (3)
x3004c0s1b0n0:6355:10961 [3] NCCL INFO                             + NVL[88.0] - GPU/85000
x3004c0s1b0n0:6355:10961 [3] NCCL INFO                             + NVL[88.0] - GPU/46000
x3004c0s1b0n0:6355:10961 [3] NCCL INFO                             + NVL[88.0] - GPU/7000
x3004c0s1b0n0:6355:10961 [3] NCCL INFO + PCI[12.0] - NIC/C8000
x3004c0s1b0n0:6355:10961 [3] NCCL INFO               + NET[12.5] - NET/0 (d40704ffffa4e988/1/12.500000)
x3004c0s1b0n0:6355:10961 [3] NCCL INFO ==========================================
x3004c0s1b0n0:6355:10961 [3] NCCL INFO GPU/7000 :GPU/7000 (0/5000.000000/LOC) GPU/46000 (1/88.000000/NVL) GPU/85000 (1/88.000000/NVL) GPU/C7000 (1/88.000000/NVL) CPU/3 (2/24.000000/PHB) CPU/2 (3/24.000000/SYS) CPU/1 (3/24.000000/SYS) CPU/0 (3/24.000000/SYS) NET/1 (5/12.000000/SYS) NET/0 (5/12.000000/SYS) 
x3004c0s1b0n0:6355:10961 [3] NCCL INFO GPU/46000 :GPU/7000 (1/88.000000/NVL) GPU/46000 (0/5000.000000/LOC) GPU/85000 (1/88.000000/NVL) GPU/C7000 (1/88.000000/NVL) CPU/3 (3/24.000000/SYS) CPU/2 (2/24.000000/PHB) CPU/1 (3/24.000000/SYS) CPU/0 (3/24.000000/SYS) NET/1 (4/12.000000/PHB) NET/0 (5/12.000000/SYS) 
x3004c0s1b0n0:6355:10961 [3] NCCL INFO GPU/85000 :GPU/7000 (1/88.000000/NVL) GPU/46000 (1/88.000000/NVL) GPU/85000 (0/5000.000000/LOC) GPU/C7000 (1/88.000000/NVL) CPU/3 (3/24.000000/SYS) CPU/2 (3/24.000000/SYS) CPU/1 (2/24.000000/PHB) CPU/0 (3/24.000000/SYS) NET/1 (5/12.000000/SYS) NET/0 (5/12.000000/SYS) 
x3004c0s1b0n0:6355:10961 [3] NCCL INFO GPU/C7000 :GPU/7000 (1/88.000000/NVL) GPU/46000 (1/88.000000/NVL) GPU/85000 (1/88.000000/NVL) GPU/C7000 (0/5000.000000/LOC) CPU/3 (3/24.000000/SYS) CPU/2 (3/24.000000/SYS) CPU/1 (3/24.000000/SYS) CPU/0 (2/24.000000/PHB) NET/1 (5/12.000000/SYS) NET/0 (4/12.000000/PHB) 
x3004c0s1b0n0:6355:10961 [3] NCCL INFO NET/1 :GPU/7000 (5/12.000000/SYS) GPU/46000 (4/12.000000/PHB) GPU/85000 (5/12.000000/SYS) GPU/C7000 (5/12.000000/SYS) CPU/3 (3/12.000000/SYS) CPU/2 (2/12.000000/PHB) CPU/1 (3/12.000000/SYS) CPU/0 (3/12.000000/SYS) NET/1 (0/5000.000000/LOC) NET/0 (5/12.000000/SYS) 
x3004c0s1b0n0:6355:10961 [3] NCCL INFO NET/0 :GPU/7000 (5/12.000000/SYS) GPU/46000 (5/12.000000/SYS) GPU/85000 (5/12.000000/SYS) GPU/C7000 (4/12.000000/PHB) CPU/3 (3/12.000000/SYS) CPU/2 (3/12.000000/SYS) CPU/1 (3/12.000000/SYS) CPU/0 (2/12.000000/PHB) NET/1 (5/12.000000/SYS) NET/0 (0/5000.000000/LOC) 
x3004c0s1b0n0:6355:10961 [3] NCCL INFO Setting affinity for GPU 3 to 01
x3004c0s1b0n0:6355:10961 [3] NCCL INFO Pattern 4, crossNic 0, nChannels 2, bw 12.000000/12.000000, type NVL/SYS, sameChannels 1
x3004c0s1b0n0:6355:10961 [3] NCCL INFO  0 : NET/1 GPU/1 GPU/0 GPU/2 GPU/3 NET/1
x3004c0s1b0n0:6355:10961 [3] NCCL INFO  1 : NET/0 GPU/1 GPU/0 GPU/2 GPU/3 NET/0
x3004c0s1b0n0:6355:10961 [3] NCCL INFO Pattern 1, crossNic 0, nChannels 2, bw 24.000000/12.000000, type NVL/SYS, sameChannels 1
x3004c0s1b0n0:6355:10961 [3] NCCL INFO  0 : NET/1 GPU/0 GPU/1 GPU/2 GPU/3 NET/1
x3004c0s1b0n0:6355:10961 [3] NCCL INFO  1 : NET/0 GPU/0 GPU/1 GPU/2 GPU/3 NET/0
x3004c0s1b0n0:6355:10961 [3] NCCL INFO Pattern 3, crossNic 0, nChannels 0, bw 0.000000/0.000000, type NVL/PIX, sameChannels 1
x3004c0s1b0n0:6346:10960 [0] NCCL INFO NET/IB : GPU Direct RDMA Enabled for HCA 0 'mlx5_0'
x3004c0s1b0n0:6346:10960 [0] NCCL INFO NET/IB : GPU Direct RDMA Enabled for HCA 1 'mlx5_1'
x3004c0s1b0n0:6346:10960 [0] NCCL INFO GPU Direct RDMA Disabled for GPU 7000 / HCA 1 (distance 7 > 4)
x3004c0s1b0n0:6346:10960 [0] NCCL INFO GPU Direct RDMA Disabled for GPU 46000 / HCA 1 (distance 6 > 4)
x3004c0s1b0n0:6346:10960 [0] NCCL INFO GPU Direct RDMA Disabled for GPU 85000 / HCA 1 (distance 7 > 4)
x3004c0s1b0n0:6346:10960 [0] NCCL INFO GPU Direct RDMA Disabled for GPU c7000 / HCA 1 (distance 7 > 4)
x3004c0s1b0n0:6346:10960 [0] NCCL INFO GPU Direct RDMA Disabled for GPU 7000 / HCA 0 (distance 7 > 4)
x3004c0s1b0n0:6346:10960 [0] NCCL INFO GPU Direct RDMA Disabled for GPU 46000 / HCA 0 (distance 7 > 4)
x3004c0s1b0n0:6346:10960 [0] NCCL INFO GPU Direct RDMA Disabled for GPU 85000 / HCA 0 (distance 7 > 4)
x3004c0s1b0n0:6346:10960 [0] NCCL INFO GPU Direct RDMA Disabled for GPU c7000 / HCA 0 (distance 6 > 4)
x3004c0s1b0n0:6346:10960 [0] NCCL INFO GPU Direct RDMA Disabled for GPU 7000 / HCA 1 (distance 7 > 4)
x3004c0s1b0n0:6346:10960 [0] NCCL INFO GPU Direct RDMA Disabled for GPU 46000 / HCA 1 (distance 6 > 4)
x3004c0s1b0n0:6346:10960 [0] NCCL INFO GPU Direct RDMA Disabled for GPU 85000 / HCA 1 (distance 7 > 4)
x3004c0s1b0n0:6346:10960 [0] NCCL INFO GPU Direct RDMA Disabled for GPU c7000 / HCA 1 (distance 7 > 4)
x3004c0s1b0n0:6346:10960 [0] NCCL INFO GPU Direct RDMA Disabled for GPU 7000 / HCA 0 (distance 7 > 4)
x3004c0s1b0n0:6346:10960 [0] NCCL INFO GPU Direct RDMA Disabled for GPU 46000 / HCA 0 (distance 7 > 4)
x3004c0s1b0n0:6346:10960 [0] NCCL INFO GPU Direct RDMA Disabled for GPU 85000 / HCA 0 (distance 7 > 4)
x3004c0s1b0n0:6346:10960 [0] NCCL INFO GPU Direct RDMA Disabled for GPU c7000 / HCA 0 (distance 6 > 4)
x3004c0s1b0n0:6346:10960 [0] NCCL INFO === System : maxBw 12.0 totalBw 264.0 ===
x3004c0s1b0n0:6346:10960 [0] NCCL INFO CPU/3 (1/2/-1)
x3004c0s1b0n0:6346:10960 [0] NCCL INFO + SYS[5000.0] - CPU/2
x3004c0s1b0n0:6346:10960 [0] NCCL INFO + SYS[5000.0] - CPU/1
x3004c0s1b0n0:6346:10960 [0] NCCL INFO + SYS[5000.0] - CPU/0
x3004c0s1b0n0:6346:10960 [0] NCCL INFO + PCI[24.0] - PCI/5000 (11f8406811f8beef)
x3004c0s1b0n0:6346:10960 [0] NCCL INFO               + PCI[24.0] - GPU/7000 (0)
x3004c0s1b0n0:6346:10960 [0] NCCL INFO                             + NVL[88.0] - GPU/85000
x3004c0s1b0n0:6346:10960 [0] NCCL INFO                             + NVL[88.0] - GPU/C7000
x3004c0s1b0n0:6346:10960 [0] NCCL INFO                             + NVL[88.0] - GPU/46000
x3004c0s1b0n0:6346:10960 [0] NCCL INFO CPU/2 (1/2/-1)
x3004c0s1b0n0:6346:10960 [0] NCCL INFO + SYS[5000.0] - CPU/3
x3004c0s1b0n0:6346:10960 [0] NCCL INFO + SYS[5000.0] - CPU/1
x3004c0s1b0n0:6346:10960 [0] NCCL INFO + SYS[5000.0] - CPU/0
x3004c0s1b0n0:6346:10960 [0] NCCL INFO + PCI[24.0] - PCI/44000 (11f8406811f8beef)
x3004c0s1b0n0:6346:10960 [0] NCCL INFO               + PCI[24.0] - GPU/46000 (1)
x3004c0s1b0n0:6346:10960 [0] NCCL INFO                             + NVL[88.0] - GPU/85000
x3004c0s1b0n0:6346:10960 [0] NCCL INFO                             + NVL[88.0] - GPU/C7000
x3004c0s1b0n0:6346:10960 [0] NCCL INFO                             + NVL[88.0] - GPU/7000
x3004c0s1b0n0:6346:10960 [0] NCCL INFO + PCI[12.0] - NIC/43000
x3004c0s1b0n0:6346:10960 [0] NCCL INFO               + NET[12.5] - NET/1 (940704ffffa4e988/1/12.500000)
x3004c0s1b0n0:6346:10960 [0] NCCL INFO CPU/1 (1/2/-1)
x3004c0s1b0n0:6346:10960 [0] NCCL INFO + SYS[5000.0] - CPU/3
x3004c0s1b0n0:6346:10960 [0] NCCL INFO + SYS[5000.0] - CPU/2
x3004c0s1b0n0:6346:10960 [0] NCCL INFO + SYS[5000.0] - CPU/0
x3004c0s1b0n0:6346:10960 [0] NCCL INFO + PCI[24.0] - PCI/83000 (11f8406811f8beef)
x3004c0s1b0n0:6346:10960 [0] NCCL INFO               + PCI[24.0] - GPU/85000 (2)
x3004c0s1b0n0:6346:10960 [0] NCCL INFO                             + NVL[88.0] - GPU/C7000
x3004c0s1b0n0:6346:10960 [0] NCCL INFO                             + NVL[88.0] - GPU/46000
x3004c0s1b0n0:6346:10960 [0] NCCL INFO                             + NVL[88.0] - GPU/7000
x3004c0s1b0n0:6346:10960 [0] NCCL INFO CPU/0 (1/2/-1)
x3004c0s1b0n0:6346:10960 [0] NCCL INFO + SYS[5000.0] - CPU/3
x3004c0s1b0n0:6346:10960 [0] NCCL INFO + SYS[5000.0] - CPU/2
x3004c0s1b0n0:6346:10960 [0] NCCL INFO + SYS[5000.0] - CPU/1
x3004c0s1b0n0:6346:10960 [0] NCCL INFO + PCI[24.0] - PCI/C5000 (11f8406811f8beef)
x3004c0s1b0n0:6346:10960 [0] NCCL INFO               + PCI[24.0] - GPU/C7000 (3)
x3004c0s1b0n0:6346:10960 [0] NCCL INFO                             + NVL[88.0] - GPU/85000
x3004c0s1b0n0:6346:10960 [0] NCCL INFO                             + NVL[88.0] - GPU/46000
x3004c0s1b0n0:6346:10960 [0] NCCL INFO                             + NVL[88.0] - GPU/7000
x3004c0s1b0n0:6346:10960 [0] NCCL INFO + PCI[12.0] - NIC/C8000
x3004c0s1b0n0:6346:10960 [0] NCCL INFO               + NET[12.5] - NET/0 (d40704ffffa4e988/1/12.500000)
x3004c0s1b0n0:6346:10960 [0] NCCL INFO ==========================================
x3004c0s1b0n0:6346:10960 [0] NCCL INFO GPU/7000 :GPU/7000 (0/5000.000000/LOC) GPU/46000 (1/88.000000/NVL) GPU/85000 (1/88.000000/NVL) GPU/C7000 (1/88.000000/NVL) CPU/3 (2/24.000000/PHB) CPU/2 (3/24.000000/SYS) CPU/1 (3/24.000000/SYS) CPU/0 (3/24.000000/SYS) NET/1 (5/12.000000/SYS) NET/0 (5/12.000000/SYS) 
x3004c0s1b0n0:6346:10960 [0] NCCL INFO GPU/46000 :GPU/7000 (1/88.000000/NVL) GPU/46000 (0/5000.000000/LOC) GPU/85000 (1/88.000000/NVL) GPU/C7000 (1/88.000000/NVL) CPU/3 (3/24.000000/SYS) CPU/2 (2/24.000000/PHB) CPU/1 (3/24.000000/SYS) CPU/0 (3/24.000000/SYS) NET/1 (4/12.000000/PHB) NET/0 (5/12.000000/SYS) 
x3004c0s1b0n0:6346:10960 [0] NCCL INFO GPU/85000 :GPU/7000 (1/88.000000/NVL) GPU/46000 (1/88.000000/NVL) GPU/85000 (0/5000.000000/LOC) GPU/C7000 (1/88.000000/NVL) CPU/3 (3/24.000000/SYS) CPU/2 (3/24.000000/SYS) CPU/1 (2/24.000000/PHB) CPU/0 (3/24.000000/SYS) NET/1 (5/12.000000/SYS) NET/0 (5/12.000000/SYS) 
x3004c0s1b0n0:6346:10960 [0] NCCL INFO GPU/C7000 :GPU/7000 (1/88.000000/NVL) GPU/46000 (1/88.000000/NVL) GPU/85000 (1/88.000000/NVL) GPU/C7000 (0/5000.000000/LOC) CPU/3 (3/24.000000/SYS) CPU/2 (3/24.000000/SYS) CPU/1 (3/24.000000/SYS) CPU/0 (2/24.000000/PHB) NET/1 (5/12.000000/SYS) NET/0 (4/12.000000/PHB) 
x3004c0s1b0n0:6346:10960 [0] NCCL INFO NET/1 :GPU/7000 (5/12.000000/SYS) GPU/46000 (4/12.000000/PHB) GPU/85000 (5/12.000000/SYS) GPU/C7000 (5/12.000000/SYS) CPU/3 (3/12.000000/SYS) CPU/2 (2/12.000000/PHB) CPU/1 (3/12.000000/SYS) CPU/0 (3/12.000000/SYS) NET/1 (0/5000.000000/LOC) NET/0 (5/12.000000/SYS) 
x3004c0s1b0n0:6346:10960 [0] NCCL INFO NET/0 :GPU/7000 (5/12.000000/SYS) GPU/46000 (5/12.000000/SYS) GPU/85000 (5/12.000000/SYS) GPU/C7000 (4/12.000000/PHB) CPU/3 (3/12.000000/SYS) CPU/2 (3/12.000000/SYS) CPU/1 (3/12.000000/SYS) CPU/0 (2/12.000000/PHB) NET/1 (5/12.000000/SYS) NET/0 (0/5000.000000/LOC) 
x3004c0s1b0n0:6346:10960 [0] NCCL INFO Pattern 4, crossNic 0, nChannels 2, bw 12.000000/12.000000, type NVL/SYS, sameChannels 1
x3004c0s1b0n0:6346:10960 [0] NCCL INFO  0 : NET/1 GPU/1 GPU/0 GPU/2 GPU/3 NET/1
x3004c0s1b0n0:6346:10960 [0] NCCL INFO  1 : NET/0 GPU/1 GPU/0 GPU/2 GPU/3 NET/0
x3004c0s1b0n0:6346:10960 [0] NCCL INFO Pattern 1, crossNic 0, nChannels 2, bw 24.000000/12.000000, type NVL/SYS, sameChannels 1
x3004c0s1b0n0:6346:10960 [0] NCCL INFO  0 : NET/1 GPU/0 GPU/1 GPU/2 GPU/3 NET/1
x3004c0s1b0n0:6346:10960 [0] NCCL INFO  1 : NET/0 GPU/0 GPU/1 GPU/2 GPU/3 NET/0
x3004c0s1b0n0:6346:10960 [0] NCCL INFO Pattern 3, crossNic 0, nChannels 0, bw 0.000000/0.000000, type NVL/PIX, sameChannels 1
x3004c0s1b0n0:6349:10963 [1] NCCL INFO NET/IB : GPU Direct RDMA Enabled for HCA 0 'mlx5_0'
x3004c0s1b0n0:6349:10963 [1] NCCL INFO NET/IB : GPU Direct RDMA Enabled for HCA 1 'mlx5_1'
x3004c0s1b0n0:6349:10963 [1] NCCL INFO GPU Direct RDMA Disabled for GPU 7000 / HCA 1 (distance 7 > 4)
x3004c0s1b0n0:6349:10963 [1] NCCL INFO GPU Direct RDMA Disabled for GPU 46000 / HCA 1 (distance 6 > 4)
x3004c0s1b0n0:6349:10963 [1] NCCL INFO GPU Direct RDMA Disabled for GPU 85000 / HCA 1 (distance 7 > 4)
x3004c0s1b0n0:6349:10963 [1] NCCL INFO GPU Direct RDMA Disabled for GPU c7000 / HCA 1 (distance 7 > 4)
x3004c0s1b0n0:6349:10963 [1] NCCL INFO GPU Direct RDMA Disabled for GPU 7000 / HCA 0 (distance 7 > 4)
x3004c0s1b0n0:6349:10963 [1] NCCL INFO GPU Direct RDMA Disabled for GPU 46000 / HCA 0 (distance 7 > 4)
x3004c0s1b0n0:6349:10963 [1] NCCL INFO GPU Direct RDMA Disabled for GPU 85000 / HCA 0 (distance 7 > 4)
x3004c0s1b0n0:6349:10963 [1] NCCL INFO GPU Direct RDMA Disabled for GPU c7000 / HCA 0 (distance 6 > 4)
x3004c0s1b0n0:6349:10963 [1] NCCL INFO GPU Direct RDMA Disabled for GPU 7000 / HCA 1 (distance 7 > 4)
x3004c0s1b0n0:6349:10963 [1] NCCL INFO GPU Direct RDMA Disabled for GPU 46000 / HCA 1 (distance 6 > 4)
x3004c0s1b0n0:6349:10963 [1] NCCL INFO GPU Direct RDMA Disabled for GPU 85000 / HCA 1 (distance 7 > 4)
x3004c0s1b0n0:6349:10963 [1] NCCL INFO GPU Direct RDMA Disabled for GPU c7000 / HCA 1 (distance 7 > 4)
x3004c0s1b0n0:6349:10963 [1] NCCL INFO GPU Direct RDMA Disabled for GPU 7000 / HCA 0 (distance 7 > 4)
x3004c0s1b0n0:6349:10963 [1] NCCL INFO GPU Direct RDMA Disabled for GPU 46000 / HCA 0 (distance 7 > 4)
x3004c0s1b0n0:6349:10963 [1] NCCL INFO GPU Direct RDMA Disabled for GPU 85000 / HCA 0 (distance 7 > 4)
x3004c0s1b0n0:6349:10963 [1] NCCL INFO GPU Direct RDMA Disabled for GPU c7000 / HCA 0 (distance 6 > 4)
x3004c0s1b0n0:6349:10963 [1] NCCL INFO === System : maxBw 12.0 totalBw 264.0 ===
x3004c0s1b0n0:6349:10963 [1] NCCL INFO CPU/3 (1/2/-1)
x3004c0s1b0n0:6349:10963 [1] NCCL INFO + SYS[5000.0] - CPU/2
x3004c0s1b0n0:6349:10963 [1] NCCL INFO + SYS[5000.0] - CPU/1
x3004c0s1b0n0:6349:10963 [1] NCCL INFO + SYS[5000.0] - CPU/0
x3004c0s1b0n0:6349:10963 [1] NCCL INFO + PCI[24.0] - PCI/5000 (11f8406811f8beef)
x3004c0s1b0n0:6349:10963 [1] NCCL INFO               + PCI[24.0] - GPU/7000 (0)
x3004c0s1b0n0:6349:10963 [1] NCCL INFO                             + NVL[88.0] - GPU/85000
x3004c0s1b0n0:6349:10963 [1] NCCL INFO                             + NVL[88.0] - GPU/C7000
x3004c0s1b0n0:6349:10963 [1] NCCL INFO                             + NVL[88.0] - GPU/46000
x3004c0s1b0n0:6349:10963 [1] NCCL INFO CPU/2 (1/2/-1)
x3004c0s1b0n0:6349:10963 [1] NCCL INFO + SYS[5000.0] - CPU/3
x3004c0s1b0n0:6349:10963 [1] NCCL INFO + SYS[5000.0] - CPU/1
x3004c0s1b0n0:6349:10963 [1] NCCL INFO + SYS[5000.0] - CPU/0
x3004c0s1b0n0:6349:10963 [1] NCCL INFO + PCI[24.0] - PCI/44000 (11f8406811f8beef)
x3004c0s1b0n0:6349:10963 [1] NCCL INFO               + PCI[24.0] - GPU/46000 (1)
x3004c0s1b0n0:6349:10963 [1] NCCL INFO                             + NVL[88.0] - GPU/85000
x3004c0s1b0n0:6349:10963 [1] NCCL INFO                             + NVL[88.0] - GPU/C7000
x3004c0s1b0n0:6349:10963 [1] NCCL INFO                             + NVL[88.0] - GPU/7000
x3004c0s1b0n0:6349:10963 [1] NCCL INFO + PCI[12.0] - NIC/43000
x3004c0s1b0n0:6349:10963 [1] NCCL INFO               + NET[12.5] - NET/1 (940704ffffa4e988/1/12.500000)
x3004c0s1b0n0:6349:10963 [1] NCCL INFO CPU/1 (1/2/-1)
x3004c0s1b0n0:6349:10963 [1] NCCL INFO + SYS[5000.0] - CPU/3
x3004c0s1b0n0:6349:10963 [1] NCCL INFO + SYS[5000.0] - CPU/2
x3004c0s1b0n0:6349:10963 [1] NCCL INFO + SYS[5000.0] - CPU/0
x3004c0s1b0n0:6349:10963 [1] NCCL INFO + PCI[24.0] - PCI/83000 (11f8406811f8beef)
x3004c0s1b0n0:6349:10963 [1] NCCL INFO               + PCI[24.0] - GPU/85000 (2)
x3004c0s1b0n0:6349:10963 [1] NCCL INFO                             + NVL[88.0] - GPU/C7000
x3004c0s1b0n0:6349:10963 [1] NCCL INFO                             + NVL[88.0] - GPU/46000
x3004c0s1b0n0:6349:10963 [1] NCCL INFO                             + NVL[88.0] - GPU/7000
x3004c0s1b0n0:6349:10963 [1] NCCL INFO CPU/0 (1/2/-1)
x3004c0s1b0n0:6349:10963 [1] NCCL INFO + SYS[5000.0] - CPU/3
x3004c0s1b0n0:6349:10963 [1] NCCL INFO + SYS[5000.0] - CPU/2
x3004c0s1b0n0:6349:10963 [1] NCCL INFO + SYS[5000.0] - CPU/1
x3004c0s1b0n0:6349:10963 [1] NCCL INFO + PCI[24.0] - PCI/C5000 (11f8406811f8beef)
x3004c0s1b0n0:6349:10963 [1] NCCL INFO               + PCI[24.0] - GPU/C7000 (3)
x3004c0s1b0n0:6349:10963 [1] NCCL INFO                             + NVL[88.0] - GPU/85000
x3004c0s1b0n0:6349:10963 [1] NCCL INFO                             + NVL[88.0] - GPU/46000
x3004c0s1b0n0:6349:10963 [1] NCCL INFO                             + NVL[88.0] - GPU/7000
x3004c0s1b0n0:6349:10963 [1] NCCL INFO + PCI[12.0] - NIC/C8000
x3004c0s1b0n0:6349:10963 [1] NCCL INFO               + NET[12.5] - NET/0 (d40704ffffa4e988/1/12.500000)
x3004c0s1b0n0:6349:10963 [1] NCCL INFO ==========================================
x3004c0s1b0n0:6349:10963 [1] NCCL INFO GPU/7000 :GPU/7000 (0/5000.000000/LOC) GPU/46000 (1/88.000000/NVL) GPU/85000 (1/88.000000/NVL) GPU/C7000 (1/88.000000/NVL) CPU/3 (2/24.000000/PHB) CPU/2 (3/24.000000/SYS) CPU/1 (3/24.000000/SYS) CPU/0 (3/24.000000/SYS) NET/1 (5/12.000000/SYS) NET/0 (5/12.000000/SYS) 
x3004c0s1b0n0:6349:10963 [1] NCCL INFO GPU/46000 :GPU/7000 (1/88.000000/NVL) GPU/46000 (0/5000.000000/LOC) GPU/85000 (1/88.000000/NVL) GPU/C7000 (1/88.000000/NVL) CPU/3 (3/24.000000/SYS) CPU/2 (2/24.000000/PHB) CPU/1 (3/24.000000/SYS) CPU/0 (3/24.000000/SYS) NET/1 (4/12.000000/PHB) NET/0 (5/12.000000/SYS) 
x3004c0s1b0n0:6349:10963 [1] NCCL INFO GPU/85000 :GPU/7000 (1/88.000000/NVL) GPU/46000 (1/88.000000/NVL) GPU/85000 (0/5000.000000/LOC) GPU/C7000 (1/88.000000/NVL) CPU/3 (3/24.000000/SYS) CPU/2 (3/24.000000/SYS) CPU/1 (2/24.000000/PHB) CPU/0 (3/24.000000/SYS) NET/1 (5/12.000000/SYS) NET/0 (5/12.000000/SYS) 
x3004c0s1b0n0:6349:10963 [1] NCCL INFO GPU/C7000 :GPU/7000 (1/88.000000/NVL) GPU/46000 (1/88.000000/NVL) GPU/85000 (1/88.000000/NVL) GPU/C7000 (0/5000.000000/LOC) CPU/3 (3/24.000000/SYS) CPU/2 (3/24.000000/SYS) CPU/1 (3/24.000000/SYS) CPU/0 (2/24.000000/PHB) NET/1 (5/12.000000/SYS) NET/0 (4/12.000000/PHB) 
x3004c0s1b0n0:6349:10963 [1] NCCL INFO NET/1 :GPU/7000 (5/12.000000/SYS) GPU/46000 (4/12.000000/PHB) GPU/85000 (5/12.000000/SYS) GPU/C7000 (5/12.000000/SYS) CPU/3 (3/12.000000/SYS) CPU/2 (2/12.000000/PHB) CPU/1 (3/12.000000/SYS) CPU/0 (3/12.000000/SYS) NET/1 (0/5000.000000/LOC) NET/0 (5/12.000000/SYS) 
x3004c0s1b0n0:6349:10963 [1] NCCL INFO NET/0 :GPU/7000 (5/12.000000/SYS) GPU/46000 (5/12.000000/SYS) GPU/85000 (5/12.000000/SYS) GPU/C7000 (4/12.000000/PHB) CPU/3 (3/12.000000/SYS) CPU/2 (3/12.000000/SYS) CPU/1 (3/12.000000/SYS) CPU/0 (2/12.000000/PHB) NET/1 (5/12.000000/SYS) NET/0 (0/5000.000000/LOC) 
x3004c0s1b0n0:6349:10963 [1] NCCL INFO Pattern 4, crossNic 0, nChannels 2, bw 12.000000/12.000000, type NVL/SYS, sameChannels 1
x3004c0s1b0n0:6349:10963 [1] NCCL INFO  0 : NET/1 GPU/1 GPU/0 GPU/2 GPU/3 NET/1
x3004c0s1b0n0:6349:10963 [1] NCCL INFO  1 : NET/0 GPU/1 GPU/0 GPU/2 GPU/3 NET/0
x3004c0s1b0n0:6349:10963 [1] NCCL INFO Pattern 1, crossNic 0, nChannels 2, bw 24.000000/12.000000, type NVL/SYS, sameChannels 1
x3004c0s1b0n0:6349:10963 [1] NCCL INFO  0 : NET/1 GPU/0 GPU/1 GPU/2 GPU/3 NET/1
x3004c0s1b0n0:6349:10963 [1] NCCL INFO  1 : NET/0 GPU/0 GPU/1 GPU/2 GPU/3 NET/0
x3004c0s1b0n0:6349:10963 [1] NCCL INFO Pattern 3, crossNic 0, nChannels 0, bw 0.000000/0.000000, type NVL/PIX, sameChannels 1
x3004c0s1b0n0:6353:10962 [2] NCCL INFO NET/IB : GPU Direct RDMA Enabled for HCA 0 'mlx5_0'
x3004c0s1b0n0:6353:10962 [2] NCCL INFO NET/IB : GPU Direct RDMA Enabled for HCA 1 'mlx5_1'
x3004c0s1b0n0:6353:10962 [2] NCCL INFO GPU Direct RDMA Disabled for GPU 7000 / HCA 1 (distance 7 > 4)
x3004c0s1b0n0:6353:10962 [2] NCCL INFO GPU Direct RDMA Disabled for GPU 46000 / HCA 1 (distance 6 > 4)
x3004c0s1b0n0:6353:10962 [2] NCCL INFO GPU Direct RDMA Disabled for GPU 85000 / HCA 1 (distance 7 > 4)
x3004c0s1b0n0:6353:10962 [2] NCCL INFO GPU Direct RDMA Disabled for GPU c7000 / HCA 1 (distance 7 > 4)
x3004c0s1b0n0:6353:10962 [2] NCCL INFO GPU Direct RDMA Disabled for GPU 7000 / HCA 0 (distance 7 > 4)
x3004c0s1b0n0:6353:10962 [2] NCCL INFO GPU Direct RDMA Disabled for GPU 46000 / HCA 0 (distance 7 > 4)
x3004c0s1b0n0:6353:10962 [2] NCCL INFO GPU Direct RDMA Disabled for GPU 85000 / HCA 0 (distance 7 > 4)
x3004c0s1b0n0:6353:10962 [2] NCCL INFO GPU Direct RDMA Disabled for GPU c7000 / HCA 0 (distance 6 > 4)
x3004c0s1b0n0:6353:10962 [2] NCCL INFO GPU Direct RDMA Disabled for GPU 7000 / HCA 1 (distance 7 > 4)
x3004c0s1b0n0:6353:10962 [2] NCCL INFO GPU Direct RDMA Disabled for GPU 46000 / HCA 1 (distance 6 > 4)
x3004c0s1b0n0:6353:10962 [2] NCCL INFO GPU Direct RDMA Disabled for GPU 85000 / HCA 1 (distance 7 > 4)
x3004c0s1b0n0:6353:10962 [2] NCCL INFO GPU Direct RDMA Disabled for GPU c7000 / HCA 1 (distance 7 > 4)
x3004c0s1b0n0:6353:10962 [2] NCCL INFO GPU Direct RDMA Disabled for GPU 7000 / HCA 0 (distance 7 > 4)
x3004c0s1b0n0:6353:10962 [2] NCCL INFO GPU Direct RDMA Disabled for GPU 46000 / HCA 0 (distance 7 > 4)
x3004c0s1b0n0:6353:10962 [2] NCCL INFO GPU Direct RDMA Disabled for GPU 85000 / HCA 0 (distance 7 > 4)
x3004c0s1b0n0:6353:10962 [2] NCCL INFO GPU Direct RDMA Disabled for GPU c7000 / HCA 0 (distance 6 > 4)
x3004c0s1b0n0:6353:10962 [2] NCCL INFO === System : maxBw 12.0 totalBw 264.0 ===
x3004c0s1b0n0:6353:10962 [2] NCCL INFO CPU/3 (1/2/-1)
x3004c0s1b0n0:6353:10962 [2] NCCL INFO + SYS[5000.0] - CPU/2
x3004c0s1b0n0:6353:10962 [2] NCCL INFO + SYS[5000.0] - CPU/1
x3004c0s1b0n0:6353:10962 [2] NCCL INFO + SYS[5000.0] - CPU/0
x3004c0s1b0n0:6353:10962 [2] NCCL INFO + PCI[24.0] - PCI/5000 (11f8406811f8beef)
x3004c0s1b0n0:6353:10962 [2] NCCL INFO               + PCI[24.0] - GPU/7000 (0)
x3004c0s1b0n0:6353:10962 [2] NCCL INFO                             + NVL[88.0] - GPU/85000
x3004c0s1b0n0:6353:10962 [2] NCCL INFO                             + NVL[88.0] - GPU/C7000
x3004c0s1b0n0:6353:10962 [2] NCCL INFO                             + NVL[88.0] - GPU/46000
x3004c0s1b0n0:6353:10962 [2] NCCL INFO CPU/2 (1/2/-1)
x3004c0s1b0n0:6353:10962 [2] NCCL INFO + SYS[5000.0] - CPU/3
x3004c0s1b0n0:6353:10962 [2] NCCL INFO + SYS[5000.0] - CPU/1
x3004c0s1b0n0:6353:10962 [2] NCCL INFO + SYS[5000.0] - CPU/0
x3004c0s1b0n0:6353:10962 [2] NCCL INFO + PCI[24.0] - PCI/44000 (11f8406811f8beef)
x3004c0s1b0n0:6353:10962 [2] NCCL INFO               + PCI[24.0] - GPU/46000 (1)
x3004c0s1b0n0:6353:10962 [2] NCCL INFO                             + NVL[88.0] - GPU/85000
x3004c0s1b0n0:6353:10962 [2] NCCL INFO                             + NVL[88.0] - GPU/C7000
x3004c0s1b0n0:6353:10962 [2] NCCL INFO                             + NVL[88.0] - GPU/7000
x3004c0s1b0n0:6353:10962 [2] NCCL INFO + PCI[12.0] - NIC/43000
x3004c0s1b0n0:6353:10962 [2] NCCL INFO               + NET[12.5] - NET/1 (940704ffffa4e988/1/12.500000)
x3004c0s1b0n0:6353:10962 [2] NCCL INFO CPU/1 (1/2/-1)
x3004c0s1b0n0:6353:10962 [2] NCCL INFO + SYS[5000.0] - CPU/3
x3004c0s1b0n0:6353:10962 [2] NCCL INFO + SYS[5000.0] - CPU/2
x3004c0s1b0n0:6353:10962 [2] NCCL INFO + SYS[5000.0] - CPU/0
x3004c0s1b0n0:6353:10962 [2] NCCL INFO + PCI[24.0] - PCI/83000 (11f8406811f8beef)
x3004c0s1b0n0:6353:10962 [2] NCCL INFO               + PCI[24.0] - GPU/85000 (2)
x3004c0s1b0n0:6353:10962 [2] NCCL INFO                             + NVL[88.0] - GPU/C7000
x3004c0s1b0n0:6353:10962 [2] NCCL INFO                             + NVL[88.0] - GPU/46000
x3004c0s1b0n0:6353:10962 [2] NCCL INFO                             + NVL[88.0] - GPU/7000
x3004c0s1b0n0:6353:10962 [2] NCCL INFO CPU/0 (1/2/-1)
x3004c0s1b0n0:6353:10962 [2] NCCL INFO + SYS[5000.0] - CPU/3
x3004c0s1b0n0:6353:10962 [2] NCCL INFO + SYS[5000.0] - CPU/2
x3004c0s1b0n0:6353:10962 [2] NCCL INFO + SYS[5000.0] - CPU/1
x3004c0s1b0n0:6353:10962 [2] NCCL INFO + PCI[24.0] - PCI/C5000 (11f8406811f8beef)
x3004c0s1b0n0:6353:10962 [2] NCCL INFO               + PCI[24.0] - GPU/C7000 (3)
x3004c0s1b0n0:6353:10962 [2] NCCL INFO                             + NVL[88.0] - GPU/85000
x3004c0s1b0n0:6353:10962 [2] NCCL INFO                             + NVL[88.0] - GPU/46000
x3004c0s1b0n0:6353:10962 [2] NCCL INFO                             + NVL[88.0] - GPU/7000
x3004c0s1b0n0:6353:10962 [2] NCCL INFO + PCI[12.0] - NIC/C8000
x3004c0s1b0n0:6353:10962 [2] NCCL INFO               + NET[12.5] - NET/0 (d40704ffffa4e988/1/12.500000)
x3004c0s1b0n0:6353:10962 [2] NCCL INFO ==========================================
x3004c0s1b0n0:6353:10962 [2] NCCL INFO GPU/7000 :GPU/7000 (0/5000.000000/LOC) GPU/46000 (1/88.000000/NVL) GPU/85000 (1/88.000000/NVL) GPU/C7000 (1/88.000000/NVL) CPU/3 (2/24.000000/PHB) CPU/2 (3/24.000000/SYS) CPU/1 (3/24.000000/SYS) CPU/0 (3/24.000000/SYS) NET/1 (5/12.000000/SYS) NET/0 (5/12.000000/SYS) 
x3004c0s1b0n0:6353:10962 [2] NCCL INFO GPU/46000 :GPU/7000 (1/88.000000/NVL) GPU/46000 (0/5000.000000/LOC) GPU/85000 (1/88.000000/NVL) GPU/C7000 (1/88.000000/NVL) CPU/3 (3/24.000000/SYS) CPU/2 (2/24.000000/PHB) CPU/1 (3/24.000000/SYS) CPU/0 (3/24.000000/SYS) NET/1 (4/12.000000/PHB) NET/0 (5/12.000000/SYS) 
x3004c0s1b0n0:6353:10962 [2] NCCL INFO GPU/85000 :GPU/7000 (1/88.000000/NVL) GPU/46000 (1/88.000000/NVL) GPU/85000 (0/5000.000000/LOC) GPU/C7000 (1/88.000000/NVL) CPU/3 (3/24.000000/SYS) CPU/2 (3/24.000000/SYS) CPU/1 (2/24.000000/PHB) CPU/0 (3/24.000000/SYS) NET/1 (5/12.000000/SYS) NET/0 (5/12.000000/SYS) 
x3004c0s1b0n0:6353:10962 [2] NCCL INFO GPU/C7000 :GPU/7000 (1/88.000000/NVL) GPU/46000 (1/88.000000/NVL) GPU/85000 (1/88.000000/NVL) GPU/C7000 (0/5000.000000/LOC) CPU/3 (3/24.000000/SYS) CPU/2 (3/24.000000/SYS) CPU/1 (3/24.000000/SYS) CPU/0 (2/24.000000/PHB) NET/1 (5/12.000000/SYS) NET/0 (4/12.000000/PHB) 
x3004c0s1b0n0:6353:10962 [2] NCCL INFO NET/1 :GPU/7000 (5/12.000000/SYS) GPU/46000 (4/12.000000/PHB) GPU/85000 (5/12.000000/SYS) GPU/C7000 (5/12.000000/SYS) CPU/3 (3/12.000000/SYS) CPU/2 (2/12.000000/PHB) CPU/1 (3/12.000000/SYS) CPU/0 (3/12.000000/SYS) NET/1 (0/5000.000000/LOC) NET/0 (5/12.000000/SYS) 
x3004c0s1b0n0:6353:10962 [2] NCCL INFO NET/0 :GPU/7000 (5/12.000000/SYS) GPU/46000 (5/12.000000/SYS) GPU/85000 (5/12.000000/SYS) GPU/C7000 (4/12.000000/PHB) CPU/3 (3/12.000000/SYS) CPU/2 (3/12.000000/SYS) CPU/1 (3/12.000000/SYS) CPU/0 (2/12.000000/PHB) NET/1 (5/12.000000/SYS) NET/0 (0/5000.000000/LOC) 
x3004c0s1b0n0:6353:10962 [2] NCCL INFO Pattern 4, crossNic 0, nChannels 2, bw 12.000000/12.000000, type NVL/SYS, sameChannels 1
x3004c0s1b0n0:6353:10962 [2] NCCL INFO  0 : NET/1 GPU/1 GPU/0 GPU/2 GPU/3 NET/1
x3004c0s1b0n0:6353:10962 [2] NCCL INFO  1 : NET/0 GPU/1 GPU/0 GPU/2 GPU/3 NET/0
x3004c0s1b0n0:6353:10962 [2] NCCL INFO Pattern 1, crossNic 0, nChannels 2, bw 24.000000/12.000000, type NVL/SYS, sameChannels 1
x3004c0s1b0n0:6353:10962 [2] NCCL INFO  0 : NET/1 GPU/0 GPU/1 GPU/2 GPU/3 NET/1
x3004c0s1b0n0:6353:10962 [2] NCCL INFO  1 : NET/0 GPU/0 GPU/1 GPU/2 GPU/3 NET/0
x3004c0s1b0n0:6353:10962 [2] NCCL INFO Pattern 3, crossNic 0, nChannels 0, bw 0.000000/0.000000, type NVL/PIX, sameChannels 1
x3004c0s1b0n0:6353:10962 [2] NCCL INFO Ring 00 : 0 -> 2 -> 3
x3004c0s1b0n0:6353:10962 [2] NCCL INFO Ring 01 : 0 -> 2 -> 3
x3004c0s1b0n0:6353:10962 [2] NCCL INFO Ring 02 : 0 -> 2 -> 3
x3004c0s1b0n0:6353:10962 [2] NCCL INFO Ring 03 : 0 -> 2 -> 3
x3004c0s1b0n0:6353:10962 [2] NCCL INFO Trees [0] 3/-1/-1->2->1 [1] 3/-1/-1->2->1 [2] 3/-1/-1->2->1 [3] 3/-1/-1->2->1
x3004c0s1b0n0:6353:10962 [2] NCCL INFO misc/utils.cc:235 memory stack hunk malloc(65536)
x3004c0s1b0n0:6353:10962 [2] NCCL INFO channel.cc:23 Cuda Alloc Size 8064 pointer 0x14baed817400
x3004c0s1b0n0:6353:10962 [2] NCCL INFO channel.cc:27 Cuda Alloc Size 80 pointer 0x14baed819400
x3004c0s1b0n0:6353:10962 [2] NCCL INFO channel.cc:23 Cuda Alloc Size 8064 pointer 0x14baed819600
x3004c0s1b0n0:6353:10962 [2] NCCL INFO channel.cc:27 Cuda Alloc Size 80 pointer 0x14baed81b600
x3004c0s1b0n0:6353:10962 [2] NCCL INFO channel.cc:23 Cuda Alloc Size 8064 pointer 0x14baed81b800
x3004c0s1b0n0:6353:10962 [2] NCCL INFO channel.cc:27 Cuda Alloc Size 80 pointer 0x14baed81d800
x3004c0s1b0n0:6353:10962 [2] NCCL INFO channel.cc:23 Cuda Alloc Size 8064 pointer 0x14baed81da00
x3004c0s1b0n0:6353:10962 [2] NCCL INFO channel.cc:27 Cuda Alloc Size 80 pointer 0x14baed81fa00
x3004c0s1b0n0:6353:10962 [2] NCCL INFO Channel 00/0 : 2[85000] -> 3[c7000] via P2P/IPC/read
x3004c0s1b0n0:6353:11235 [2] NCCL INFO Mem Realloc old size 0, new size 8 pointer 0x14ba9c000c60
x3004c0s1b0n0:6353:11235 [2] NCCL INFO New proxy send connection 0 from local rank 2, transport 0
x3004c0s1b0n0:6355:10961 [3] NCCL INFO Ring 00 : 2 -> 3 -> 5
x3004c0s1b0n0:6355:10961 [3] NCCL INFO Ring 01 : 2 -> 3 -> 5
x3004c0s1b0n0:6355:10961 [3] NCCL INFO Ring 02 : 2 -> 3 -> 5
x3004c0s1b0n0:6355:10961 [3] NCCL INFO Ring 03 : 2 -> 3 -> 5
x3004c0s1b0n0:6355:10961 [3] NCCL INFO Trees [0] -1/-1/-1->3->2 [1] -1/-1/-1->3->2 [2] -1/-1/-1->3->2 [3] -1/-1/-1->3->2
x3004c0s1b0n0:6355:10961 [3] NCCL INFO misc/utils.cc:235 memory stack hunk malloc(65536)
x3004c0s1b0n0:6355:10961 [3] NCCL INFO channel.cc:23 Cuda Alloc Size 8064 pointer 0x151ee1817400
x3004c0s1b0n0:6355:10961 [3] NCCL INFO channel.cc:27 Cuda Alloc Size 80 pointer 0x151ee1819400
x3004c0s1b0n0:6355:10961 [3] NCCL INFO channel.cc:23 Cuda Alloc Size 8064 pointer 0x151ee1819600
x3004c0s1b0n0:6355:10961 [3] NCCL INFO channel.cc:27 Cuda Alloc Size 80 pointer 0x151ee181b600
x3004c0s1b0n0:6355:10961 [3] NCCL INFO channel.cc:23 Cuda Alloc Size 8064 pointer 0x151ee181b800
x3004c0s1b0n0:6355:10961 [3] NCCL INFO channel.cc:27 Cuda Alloc Size 80 pointer 0x151ee181d800
x3004c0s1b0n0:6355:10961 [3] NCCL INFO channel.cc:23 Cuda Alloc Size 8064 pointer 0x151ee181da00
x3004c0s1b0n0:6355:10961 [3] NCCL INFO channel.cc:27 Cuda Alloc Size 80 pointer 0x151ee181fa00
x3004c0s1b0n0:6355:11105 [3] NCCL INFO Mem Realloc old size 0, new size 8 pointer 0x151e8c000c60
x3004c0s1b0n0:6355:11105 [3] NCCL INFO New proxy recv connection 0 from local rank 3, transport 0
x3004c0s1b0n0:6355:10961 [3] NCCL INFO Connection to proxy localRank 3 -> connection 0x151e8c000c80
x3004c0s1b0n0:6355:11105 [3] NCCL INFO transport/p2p.cc:449 Cuda Alloc Size 6291456 pointer 0x151ec7600000
x3004c0s1b0n0:6353:10962 [2] NCCL INFO Connection to proxy localRank 2 -> connection 0x14ba9c000c80
x3004c0s1b0n0:6353:11235 [2] NCCL INFO transport/p2p.cc:430 Cuda Alloc Size 6291456 pointer 0x14bb10000000
x3004c0s1b0n0:6355:11105 [3] NCCL INFO New proxy recv connection 1 from local rank 3, transport 0
x3004c0s1b0n0:6355:10961 [3] NCCL INFO Connection to proxy localRank 3 -> connection 0x151e8c000cc0
x3004c0s1b0n0:6353:10962 [2] NCCL INFO Channel 01/0 : 2[85000] -> 3[c7000] via P2P/IPC/read
x3004c0s1b0n0:6353:11235 [2] NCCL INFO New proxy send connection 1 from local rank 2, transport 0
x3004c0s1b0n0:6353:10962 [2] NCCL INFO Connection to proxy localRank 2 -> connection 0x14ba9c000cc0
x3004c0s1b0n0:6355:11105 [3] NCCL INFO transport/p2p.cc:449 Cuda Alloc Size 6291456 pointer 0x151f03800000
x3004c0s1b0n0:6346:10960 [0] NCCL INFO Tree 0 : -1 -> 0 -> 1/16/-1
x3004c0s1b0n0:6346:10960 [0] NCCL INFO Tree 2 : 4 -> 0 -> 1/-1/-1
x3004c0s1b0n0:6346:10960 [0] NCCL INFO Tree 1 : -1 -> 0 -> 1/16/-1
x3004c0s1b0n0:6346:10960 [0] NCCL INFO Tree 3 : 4 -> 0 -> 1/-1/-1
x3004c0s1b0n0:6346:10960 [0] NCCL INFO Channel 00/04 :    0   2   3   5   4   6   7   9   8  10  11  13  12  14  15  17  16  18  19   1
x3004c0s1b0n0:6346:10960 [0] NCCL INFO Channel 01/04 :    0   2   3   5   4   6   7   9   8  10  11  13  12  14  15  17  16  18  19   1
x3004c0s1b0n0:6346:10960 [0] NCCL INFO Channel 02/04 :    0   2   3   5   4   6   7   9   8  10  11  13  12  14  15  17  16  18  19   1
x3004c0s1b0n0:6346:10960 [0] NCCL INFO Channel 03/04 :    0   2   3   5   4   6   7   9   8  10  11  13  12  14  15  17  16  18  19   1
x3004c0s1b0n0:6346:10960 [0] NCCL INFO Ring 00 : 1 -> 0 -> 2
x3004c0s1b0n0:6346:10960 [0] NCCL INFO Ring 01 : 1 -> 0 -> 2
x3004c0s1b0n0:6346:10960 [0] NCCL INFO Ring 02 : 1 -> 0 -> 2
x3004c0s1b0n0:6346:10960 [0] NCCL INFO Ring 03 : 1 -> 0 -> 2
x3004c0s1b0n0:6346:10960 [0] NCCL INFO Trees [0] 1/16/-1->0->-1 [1] 1/16/-1->0->-1 [2] 1/-1/-1->0->4 [3] 1/-1/-1->0->4
x3004c0s1b0n0:6346:10960 [0] NCCL INFO misc/utils.cc:235 memory stack hunk malloc(65536)
x3004c0s1b0n0:6346:10960 [0] NCCL INFO channel.cc:23 Cuda Alloc Size 8064 pointer 0x145ba4019a00
x3004c0s1b0n0:6346:10960 [0] NCCL INFO channel.cc:27 Cuda Alloc Size 80 pointer 0x145ba401ba00
x3004c0s1b0n0:6346:10960 [0] NCCL INFO channel.cc:23 Cuda Alloc Size 8064 pointer 0x145ba401bc00
x3004c0s1b0n0:6346:10960 [0] NCCL INFO channel.cc:27 Cuda Alloc Size 80 pointer 0x145ba401dc00
x3004c0s1b0n0:6346:10960 [0] NCCL INFO channel.cc:23 Cuda Alloc Size 8064 pointer 0x145ba401de00
x3004c0s1b0n0:6346:10960 [0] NCCL INFO channel.cc:27 Cuda Alloc Size 80 pointer 0x145ba401fe00
x3004c0s1b0n0:6346:10960 [0] NCCL INFO channel.cc:23 Cuda Alloc Size 8064 pointer 0x145ba4020000
x3004c0s1b0n0:6346:10960 [0] NCCL INFO channel.cc:27 Cuda Alloc Size 80 pointer 0x145ba4022000
x3004c0s1b0n0:6346:10960 [0] NCCL INFO Channel 00/0 : 0[7000] -> 2[85000] via P2P/IPC/read
x3004c0s1b0n0:6346:11233 [0] NCCL INFO Mem Realloc old size 0, new size 8 pointer 0x145aec000c60
x3004c0s1b0n0:6346:11233 [0] NCCL INFO New proxy send connection 0 from local rank 0, transport 0
x3004c0s1b0n0:6355:11105 [3] NCCL INFO New proxy recv connection 2 from local rank 3, transport 0
x3004c0s1b0n0:6353:11235 [2] NCCL INFO transport/p2p.cc:430 Cuda Alloc Size 6291456 pointer 0x14bb10600000
x3004c0s1b0n0:6349:10963 [1] NCCL INFO Tree 0 : 0 -> 1 -> 2/-1/-1
x3004c0s1b0n0:6349:10963 [1] NCCL INFO Tree 2 : 0 -> 1 -> 2/12/-1
x3004c0s1b0n0:6349:10963 [1] NCCL INFO Tree 1 : 0 -> 1 -> 2/-1/-1
x3004c0s1b0n0:6349:10963 [1] NCCL INFO Tree 3 : 0 -> 1 -> 2/12/-1
x3004c0s1b0n0:6349:10963 [1] NCCL INFO Ring 00 : 19 -> 1 -> 0
x3004c0s1b0n0:6349:10963 [1] NCCL INFO Ring 01 : 19 -> 1 -> 0
x3004c0s1b0n0:6349:10963 [1] NCCL INFO Ring 02 : 19 -> 1 -> 0
x3004c0s1b0n0:6349:10963 [1] NCCL INFO Ring 03 : 19 -> 1 -> 0
x3004c0s1b0n0:6349:10963 [1] NCCL INFO Trees [0] 2/-1/-1->1->0 [1] 2/-1/-1->1->0 [2] 2/12/-1->1->0 [3] 2/12/-1->1->0
x3004c0s1b0n0:6349:10963 [1] NCCL INFO misc/utils.cc:235 memory stack hunk malloc(65536)
x3004c0s1b0n0:6349:10963 [1] NCCL INFO channel.cc:23 Cuda Alloc Size 8064 pointer 0x149931817400
x3004c0s1b0n0:6349:10963 [1] NCCL INFO channel.cc:27 Cuda Alloc Size 80 pointer 0x149931819400
x3004c0s1b0n0:6349:10963 [1] NCCL INFO channel.cc:23 Cuda Alloc Size 8064 pointer 0x149931819600
x3004c0s1b0n0:6349:10963 [1] NCCL INFO channel.cc:27 Cuda Alloc Size 80 pointer 0x14993181b600
x3004c0s1b0n0:6349:10963 [1] NCCL INFO channel.cc:23 Cuda Alloc Size 8064 pointer 0x14993181b800
x3004c0s1b0n0:6349:10963 [1] NCCL INFO channel.cc:27 Cuda Alloc Size 80 pointer 0x14993181d800
x3004c0s1b0n0:6349:10963 [1] NCCL INFO channel.cc:23 Cuda Alloc Size 8064 pointer 0x14993181da00
x3004c0s1b0n0:6349:10963 [1] NCCL INFO channel.cc:27 Cuda Alloc Size 80 pointer 0x14993181fa00
x3004c0s1b0n0:6349:10963 [1] NCCL INFO GPU Direct RDMA Disabled for GPU 46000 / HCA 1 (distance 6 > 4)
x3004c0s1b0n0:6355:10961 [3] NCCL INFO Connection to proxy localRank 3 -> connection 0x151e8c000d00
x3004c0s1b0n0:6355:11105 [3] NCCL INFO transport/p2p.cc:449 Cuda Alloc Size 6291456 pointer 0x151f03e00000
x3004c0s1b0n0:6353:10962 [2] NCCL INFO Channel 02/0 : 2[85000] -> 3[c7000] via P2P/IPC/read
x3004c0s1b0n0:6353:11235 [2] NCCL INFO New proxy send connection 2 from local rank 2, transport 0
x3004c0s1b0n0:6349:11234 [1] NCCL INFO Mem Realloc old size 0, new size 8 pointer 0x1498dc000c60
x3004c0s1b0n0:6349:11234 [1] NCCL INFO Allocated 4194656 bytes of shared memory in /dev/shm/nccl-GfRFIj

x3004c0s1b0n0:6349:11234 [1] NCCL INFO New proxy recv connection 0 from local rank 1, transport 2
x3004c0s1b0n0:6346:10960 [0] NCCL INFO Connection to proxy localRank 0 -> connection 0x145aec000c80
x3004c0s1b0n0:6346:11233 [0] NCCL INFO transport/p2p.cc:430 Cuda Alloc Size 6291456 pointer 0x145b15800000
x3004c0s1b0n0:6355:11105 [3] NCCL INFO New proxy recv connection 3 from local rank 3, transport 0
x3004c0s1b0n0:6355:10961 [3] NCCL INFO Connection to proxy localRank 3 -> connection 0x151e8c000d40
x3004c0s1b0n0:6353:10962 [2] NCCL INFO Connection to proxy localRank 2 -> connection 0x14ba9c000d00
x3004c0s1b0n0:6353:11235 [2] NCCL INFO transport/p2p.cc:430 Cuda Alloc Size 6291456 pointer 0x14bb10c00000
x3004c0s1b0n0:6349:10963 [1] NCCL INFO Connection to proxy localRank 1 -> connection 0x1498dc000c80
x3004c0s1b0n0:6346:10960 [0] NCCL INFO Channel 01/0 : 0[7000] -> 2[85000] via P2P/IPC/read
x3004c0s1b0n0:6346:11233 [0] NCCL INFO New proxy send connection 1 from local rank 0, transport 0
x3004c0s1b0n0:6349:10963 [1] NCCL INFO Channel 00/0 : 19[c7000] -> 1[46000] [receive] via NET/IB/1
x3004c0s1b0n0:6349:10963 [1] NCCL INFO GPU Direct RDMA Disabled for GPU 46000 / HCA 0 (distance 7 > 4)
x3004c0s1b0n0:6349:11234 [1] NCCL INFO New proxy recv connection 1 from local rank 1, transport 2
x3004c0s1b0n0:6353:10962 [2] NCCL INFO Channel 03/0 : 2[85000] -> 3[c7000] via P2P/IPC/read
x3004c0s1b0n0:6353:11235 [2] NCCL INFO New proxy send connection 3 from local rank 2, transport 0
x3004c0s1b0n0:6346:10960 [0] NCCL INFO Connection to proxy localRank 0 -> connection 0x145aec000cc0
x3004c0s1b0n0:6346:11233 [0] NCCL INFO transport/p2p.cc:430 Cuda Alloc Size 6291456 pointer 0x145b2a800000
x3004c0s1b0n0:6349:10963 [1] NCCL INFO Connection to proxy localRank 1 -> connection 0x1498dc000cc0
x3004c0s1b0n0:6355:11105 [3] NCCL INFO transport/p2p.cc:449 Cuda Alloc Size 6291456 pointer 0x151f04400000
x3004c0s1b0n0:6353:10962 [2] NCCL INFO Connection to proxy localRank 2 -> connection 0x14ba9c000d40
x3004c0s1b0n0:6353:11235 [2] NCCL INFO transport/p2p.cc:430 Cuda Alloc Size 6291456 pointer 0x14bb11200000
x3004c0s1b0n0:6346:10960 [0] NCCL INFO Channel 02/0 : 0[7000] -> 2[85000] via P2P/IPC/read
x3004c0s1b0n0:6346:11233 [0] NCCL INFO New proxy send connection 2 from local rank 0, transport 0
x3004c0s1b0n0:6349:10963 [1] NCCL INFO Channel 01/0 : 19[c7000] -> 1[46000] [receive] via NET/IB/0
x3004c0s1b0n0:6349:10963 [1] NCCL INFO GPU Direct RDMA Disabled for GPU 46000 / HCA 1 (distance 6 > 4)
x3004c0s1b0n0:6349:11234 [1] NCCL INFO New proxy recv connection 2 from local rank 1, transport 2
x3004c0s1b0n0:6355:10961 [3] NCCL INFO GPU Direct RDMA Disabled for GPU c7000 / HCA 1 (distance 7 > 4)
x3004c0s1b0n0:6355:11105 [3] NCCL INFO Allocated 4194656 bytes of shared memory in /dev/shm/nccl-tBXWsL

x3004c0s1b0n0:6355:11105 [3] NCCL INFO New proxy send connection 4 from local rank 3, transport 2
x3004c0s1b0n0:6353:11235 [2] NCCL INFO New proxy recv connection 4 from local rank 2, transport 0
x3004c0s1b0n0:6346:10960 [0] NCCL INFO Connection to proxy localRank 0 -> connection 0x145aec000d00
x3004c0s1b0n0:6346:11233 [0] NCCL INFO transport/p2p.cc:430 Cuda Alloc Size 6291456 pointer 0x145b2ae00000
x3004c0s1b0n0:6349:10963 [1] NCCL INFO Connection to proxy localRank 1 -> connection 0x1498dc000d00
x3004c0s1b0n0:6353:10962 [2] NCCL INFO Connection to proxy localRank 2 -> connection 0x14ba9c000d80
x3004c0s1b0n0:6353:11235 [2] NCCL INFO transport/p2p.cc:449 Cuda Alloc Size 6291456 pointer 0x14ba97800000
x3004c0s1b0n0:6355:10961 [3] NCCL INFO Connection to proxy localRank 3 -> connection 0x151e8c000d80
x3004c0s1b0n0:6355:10961 [3] NCCL INFO Channel 00/0 : 3[c7000] -> 5[46000] [send] via NET/IB/1
x3004c0s1b0n0:6355:10961 [3] NCCL INFO GPU Direct RDMA Disabled for GPU c7000 / HCA 0 (distance 6 > 4)
x3004c0s1b0n0:6355:11105 [3] NCCL INFO New proxy send connection 5 from local rank 3, transport 2
x3004c0s1b0n0:6346:10960 [0] NCCL INFO Channel 03/0 : 0[7000] -> 2[85000] via P2P/IPC/read
x3004c0s1b0n0:6346:11233 [0] NCCL INFO New proxy send connection 3 from local rank 0, transport 0
x3004c0s1b0n0:6353:11235 [2] NCCL INFO New proxy recv connection 5 from local rank 2, transport 0
x3004c0s1b0n0:6355:10961 [3] NCCL INFO Connection to proxy localRank 3 -> connection 0x151e8c000dc0
x3004c0s1b0n0:6355:10961 [3] NCCL INFO Channel 01/0 : 3[c7000] -> 5[46000] [send] via NET/IB/0
x3004c0s1b0n0:6355:10961 [3] NCCL INFO GPU Direct RDMA Disabled for GPU c7000 / HCA 1 (distance 7 > 4)
x3004c0s1b0n0:6355:11105 [3] NCCL INFO New proxy send connection 6 from local rank 3, transport 2
x3004c0s1b0n0:6346:10960 [0] NCCL INFO Connection to proxy localRank 0 -> connection 0x145aec000d40
x3004c0s1b0n0:6346:11233 [0] NCCL INFO transport/p2p.cc:430 Cuda Alloc Size 6291456 pointer 0x145b2b400000
x3004c0s1b0n0:6349:10963 [1] NCCL INFO Channel 02/0 : 19[c7000] -> 1[46000] [receive] via NET/IB/1
x3004c0s1b0n0:6349:10963 [1] NCCL INFO GPU Direct RDMA Disabled for GPU 46000 / HCA 0 (distance 7 > 4)
x3004c0s1b0n0:6349:11234 [1] NCCL INFO New proxy recv connection 3 from local rank 1, transport 2
x3004c0s1b0n0:6355:10961 [3] NCCL INFO Connection to proxy localRank 3 -> connection 0x151e8c000e00
x3004c0s1b0n0:6355:10961 [3] NCCL INFO Channel 02/0 : 3[c7000] -> 5[46000] [send] via NET/IB/1
x3004c0s1b0n0:6355:10961 [3] NCCL INFO GPU Direct RDMA Disabled for GPU c7000 / HCA 0 (distance 6 > 4)
