x3002c0s25b1n0:40981:42212 [1] NCCL INFO transport/net_ib.cc:683 Ib Alloc Size 21688 pointer 0x14b8f807b000
x3002c0s25b1n0:40981:42212 [1] NCCL INFO transport/net_ib.cc:696 Ib Alloc Size 552 pointer 0x14b8f8082000
x3002c0s25b1n0:40983:42021 [3] NCCL INFO Connection to proxy localRank 3 -> connection 0x1497f0000e00
x3002c0s25b1n0:40983:42021 [3] NCCL INFO Channel 02/0 : 19[c7000] -> 21[46000] [send] via NET/IB/1
x3002c0s25b1n0:40983:42021 [3] NCCL INFO GPU Direct RDMA Disabled for GPU c7000 / HCA 0 (distance 6 > 4)
x3002c0s25b1n0:40983:42222 [3] NCCL INFO New proxy send connection 7 from local rank 3, transport 2
x3002c0s25b1n0:40981:42212 [1] NCCL INFO transport/net_ib.cc:771 Ib Alloc Size 552 pointer 0x14b8f809d000
x3002c0s25b1n0:40981:42212 [1] NCCL INFO transport/net.cc:698 Cuda Host Alloc Size 9641984 pointer 0x14b8f3400000
x3002c0s25b1n0:40982:42217 [2] NCCL INFO New proxy recv connection 7 from local rank 2, transport 0
x3002c0s25b1n0:40983:42021 [3] NCCL INFO Connection to proxy localRank 3 -> connection 0x1497f0000e40
x3002c0s25b1n0:40983:42021 [3] NCCL INFO Channel 03/0 : 19[c7000] -> 21[46000] [send] via NET/IB/0
x3002c0s25b1n0:40983:42222 [3] NCCL INFO transport/net_ib.cc:596 Ib Alloc Size 26560 pointer 0x1497f0020000
x3002c0s25b1n0:40983:42222 [3] NCCL INFO NET/IB: Dev 1 Port 1 qpn 47516 mtu 5 GID 0 (80FE/DA0000FEFF000000)
x3002c0s25b1n0:40983:42222 [3] NCCL INFO transport/net_ib.cc:653 Ib Alloc Size 552 pointer 0x1497f0042000
x3002c0s25b1n0:40983:42222 [3] NCCL INFO transport/net.cc:571 Cuda Host Alloc Size 9641984 pointer 0x1497eec00000
x3002c0s25b1n0:40983:42222 [3] NCCL INFO Mem Realloc old size 0, new size 768 pointer 0x1497f002f0a0
x3002c0s25b1n0:40981:42212 [1] NCCL INFO transport/net_ib.cc:683 Ib Alloc Size 21688 pointer 0x14b8f809f000
x3002c0s25b1n0:40981:42212 [1] NCCL INFO transport/net_ib.cc:696 Ib Alloc Size 552 pointer 0x14b8f80a6000
x3002c0s25b1n0:40982:42022 [2] NCCL INFO Connection to proxy localRank 2 -> connection 0x147afc000e40
x3002c0s25b1n0:40982:42217 [2] NCCL INFO transport/p2p.cc:449 Cuda Alloc Size 6291456 pointer 0x147af8000000
x3002c0s25b1n0:40982:42022 [2] NCCL INFO Connected all rings
x3002c0s25b1n0:40981:42212 [1] NCCL INFO transport/net_ib.cc:771 Ib Alloc Size 552 pointer 0x14b8f80c1000
x3002c0s25b1n0:40980:42211 [0] NCCL INFO New proxy recv connection 4 from local rank 0, transport 0
x3002c0s25b1n0:40981:42212 [1] NCCL INFO transport/net.cc:698 Cuda Host Alloc Size 9641984 pointer 0x14b8ea000000
x3002c0s25b1n0:40983:42222 [3] NCCL INFO transport/net_ib.cc:596 Ib Alloc Size 26560 pointer 0x1497f0044000
x3002c0s25b1n0:40983:42222 [3] NCCL INFO NET/IB: Dev 0 Port 1 qpn 46983 mtu 5 GID 0 (80FE/880000FEFF000000)
x3002c0s25b1n0:40983:42222 [3] NCCL INFO transport/net_ib.cc:653 Ib Alloc Size 552 pointer 0x1497f0065000
x3002c0s25b1n0:40983:42222 [3] NCCL INFO transport/net.cc:571 Cuda Host Alloc Size 9641984 pointer 0x1497ef600000
x3002c0s25b1n0:40983:42222 [3] NCCL INFO Mem Realloc old size 0, new size 768 pointer 0x1497f00521f0
x3002c0s25b1n0:40982:42217 [2] NCCL INFO New proxy recv connection 8 from local rank 2, transport 0
x3002c0s25b1n0:40983:42222 [3] NCCL INFO transport/net_ib.cc:596 Ib Alloc Size 26560 pointer 0x1497f0067000
x3002c0s25b1n0:40983:42222 [3] NCCL INFO NET/IB: Dev 1 Port 1 qpn 47517 mtu 5 GID 0 (80FE/DA0000FEFF000000)
x3002c0s25b1n0:40983:42222 [3] NCCL INFO transport/net_ib.cc:653 Ib Alloc Size 552 pointer 0x1497f007e000
x3002c0s25b1n0:40983:42222 [3] NCCL INFO transport/net.cc:571 Cuda Host Alloc Size 9641984 pointer 0x1497e6000000
x3002c0s25b1n0:40981:42023 [1] NCCL INFO Channel 00/0 : 17[46000] -> 16[7000] via P2P/IPC/read
x3002c0s25b1n0:40980:42020 [0] NCCL INFO Connection to proxy localRank 0 -> connection 0x1488b8000d80
x3002c0s25b1n0:40980:42211 [0] NCCL INFO transport/p2p.cc:449 Cuda Alloc Size 6291456 pointer 0x1488b6c00000
x3002c0s25b1n0:40981:42212 [1] NCCL INFO New proxy send connection 4 from local rank 1, transport 0
x3002c0s25b1n0:40982:42022 [2] NCCL INFO Connection to proxy localRank 2 -> connection 0x147afc000e80
x3002c0s25b1n0:40981:42023 [1] NCCL INFO Connection to proxy localRank 1 -> connection 0x14b8f8000d80
x3002c0s25b1n0:40980:42211 [0] NCCL INFO New proxy recv connection 5 from local rank 0, transport 0
x3002c0s25b1n0:40980:42020 [0] NCCL INFO Connection to proxy localRank 0 -> connection 0x1488b8000dc0
x3002c0s25b1n0:40981:42212 [1] NCCL INFO transport/p2p.cc:430 Cuda Alloc Size 6291456 pointer 0x14b8eaa00000
x3002c0s25b1n0:40982:42217 [2] NCCL INFO transport/p2p.cc:449 Cuda Alloc Size 6291456 pointer 0x147af6000000
x3002c0s25b1n0:40983:42222 [3] NCCL INFO transport/net_ib.cc:596 Ib Alloc Size 26560 pointer 0x1497f0080000
x3002c0s25b1n0:40982:42217 [2] NCCL INFO New proxy recv connection 9 from local rank 2, transport 0
x3002c0s25b1n0:40980:42211 [0] NCCL INFO transport/p2p.cc:449 Cuda Alloc Size 6291456 pointer 0x1488b7200000
x3002c0s25b1n0:40983:42222 [3] NCCL INFO NET/IB: Dev 0 Port 1 qpn 46984 mtu 5 GID 0 (80FE/880000FEFF000000)
x3002c0s25b1n0:40983:42222 [3] NCCL INFO transport/net_ib.cc:653 Ib Alloc Size 552 pointer 0x1497f0097000
x3002c0s25b1n0:40983:42222 [3] NCCL INFO transport/net.cc:571 Cuda Host Alloc Size 9641984 pointer 0x1497e6a00000
x3002c0s25b1n0:40981:42023 [1] NCCL INFO Channel 01/0 : 17[46000] -> 16[7000] via P2P/IPC/read
x3002c0s25b1n0:40982:42022 [2] NCCL INFO Connection to proxy localRank 2 -> connection 0x147afc000ec0
x3002c0s25b1n0:40981:42212 [1] NCCL INFO New proxy send connection 5 from local rank 1, transport 0
x3002c0s25b1n0:40982:42217 [2] NCCL INFO transport/p2p.cc:449 Cuda Alloc Size 6291456 pointer 0x147af6600000
x3002c0s25b1n0:40983:42021 [3] NCCL INFO Connected all rings
x3002c0s25b1n0:40983:42021 [3] NCCL INFO Channel 00/0 : 19[c7000] -> 18[85000] via P2P/IPC/read
x3002c0s25b1n0:40983:42222 [3] NCCL INFO New proxy send connection 8 from local rank 3, transport 0
x3002c0s25b1n0:40981:42023 [1] NCCL INFO Connection to proxy localRank 1 -> connection 0x14b8f8000dc0
x3002c0s25b1n0:40981:42212 [1] NCCL INFO transport/p2p.cc:430 Cuda Alloc Size 6291456 pointer 0x14b8eb000000
x3002c0s25b1n0:40980:42211 [0] NCCL INFO New proxy recv connection 6 from local rank 0, transport 0
x3002c0s25b1n0:40982:42217 [2] NCCL INFO New proxy recv connection 10 from local rank 2, transport 0
x3002c0s25b1n0:40983:42021 [3] NCCL INFO Connection to proxy localRank 3 -> connection 0x1497f0000e80
x3002c0s25b1n0:40983:42222 [3] NCCL INFO transport/p2p.cc:430 Cuda Alloc Size 6291456 pointer 0x1497e7400000
x3002c0s25b1n0:40981:42023 [1] NCCL INFO Channel 02/0 : 17[46000] -> 16[7000] via P2P/IPC/read
x3002c0s25b1n0:40981:42212 [1] NCCL INFO New proxy send connection 6 from local rank 1, transport 0
x3002c0s25b1n0:40980:42020 [0] NCCL INFO Connection to proxy localRank 0 -> connection 0x1488b8000e00
x3002c0s25b1n0:40980:42211 [0] NCCL INFO transport/p2p.cc:449 Cuda Alloc Size 6291456 pointer 0x1488b7800000
x3002c0s25b1n0:40982:42022 [2] NCCL INFO Connection to proxy localRank 2 -> connection 0x147afc000f00
x3002c0s25b1n0:40982:42217 [2] NCCL INFO transport/p2p.cc:449 Cuda Alloc Size 6291456 pointer 0x147af6c00000
x3002c0s25b1n0:40983:42021 [3] NCCL INFO Channel 01/0 : 19[c7000] -> 18[85000] via P2P/IPC/read
x3002c0s25b1n0:40983:42222 [3] NCCL INFO New proxy send connection 9 from local rank 3, transport 0
x3002c0s25b1n0:40981:42023 [1] NCCL INFO Connection to proxy localRank 1 -> connection 0x14b8f8000e00
x3002c0s25b1n0:40981:42212 [1] NCCL INFO transport/p2p.cc:430 Cuda Alloc Size 6291456 pointer 0x14b8eb600000
x3002c0s25b1n0:40980:42211 [0] NCCL INFO New proxy recv connection 7 from local rank 0, transport 0
x3002c0s25b1n0:40983:42021 [3] NCCL INFO Connection to proxy localRank 3 -> connection 0x1497f0000ec0
x3002c0s25b1n0:40983:42222 [3] NCCL INFO transport/p2p.cc:430 Cuda Alloc Size 6291456 pointer 0x1497e7a00000
x3002c0s25b1n0:40982:42217 [2] NCCL INFO New proxy recv connection 11 from local rank 2, transport 0
x3002c0s25b1n0:40982:42022 [2] NCCL INFO Connection to proxy localRank 2 -> connection 0x147afc000f40
x3002c0s25b1n0:40982:42217 [2] NCCL INFO transport/p2p.cc:449 Cuda Alloc Size 6291456 pointer 0x147af7200000
x3002c0s25b1n0:40981:42023 [1] NCCL INFO Channel 03/0 : 17[46000] -> 16[7000] via P2P/IPC/read
x3002c0s25b1n0:40981:42212 [1] NCCL INFO New proxy send connection 7 from local rank 1, transport 0
x3002c0s25b1n0:40983:42021 [3] NCCL INFO Channel 02/0 : 19[c7000] -> 18[85000] via P2P/IPC/read
x3002c0s25b1n0:40983:42222 [3] NCCL INFO New proxy send connection 10 from local rank 3, transport 0
x3002c0s25b1n0:40981:42023 [1] NCCL INFO Connection to proxy localRank 1 -> connection 0x14b8f8000e40
x3002c0s25b1n0:40981:42212 [1] NCCL INFO transport/p2p.cc:430 Cuda Alloc Size 6291456 pointer 0x14b8fda00000
x3002c0s25b1n0:40980:42020 [0] NCCL INFO Connection to proxy localRank 0 -> connection 0x1488b8000e40
x3002c0s25b1n0:40980:42211 [0] NCCL INFO transport/p2p.cc:449 Cuda Alloc Size 6291456 pointer 0x1488b4000000
x3002c0s25b1n0:40983:42021 [3] NCCL INFO Connection to proxy localRank 3 -> connection 0x1497f0000f00
x3002c0s25b1n0:40983:42222 [3] NCCL INFO transport/p2p.cc:430 Cuda Alloc Size 6291456 pointer 0x1497e4000000
x3002c0s25b1n0:40980:42020 [0] NCCL INFO Connected all rings
x3002c0s25b1n0:40980:42020 [0] NCCL INFO Channel 00/0 : 16[7000] -> 17[46000] via P2P/IPC/read
x3002c0s25b1n0:40980:42211 [0] NCCL INFO New proxy send connection 8 from local rank 0, transport 0
x3002c0s25b1n0:40981:42023 [1] NCCL INFO Connected all rings
x3002c0s25b1n0:40981:42212 [1] NCCL INFO New proxy recv connection 8 from local rank 1, transport 0
x3002c0s25b1n0:40983:42021 [3] NCCL INFO Channel 03/0 : 19[c7000] -> 18[85000] via P2P/IPC/read
x3002c0s25b1n0:40983:42222 [3] NCCL INFO New proxy send connection 11 from local rank 3, transport 0
x3002c0s25b1n0:40981:42023 [1] NCCL INFO Connection to proxy localRank 1 -> connection 0x14b8f8000e80
x3002c0s25b1n0:40981:42212 [1] NCCL INFO transport/p2p.cc:449 Cuda Alloc Size 6291456 pointer 0x14b8e9800000
x3002c0s25b1n0:40983:42021 [3] NCCL INFO Connection to proxy localRank 3 -> connection 0x1497f0000f40
x3002c0s25b1n0:40983:42222 [3] NCCL INFO transport/p2p.cc:430 Cuda Alloc Size 6291456 pointer 0x1497e4600000
x3002c0s25b1n0:40980:42020 [0] NCCL INFO Connection to proxy localRank 0 -> connection 0x1488b8000e80
x3002c0s25b1n0:40980:42211 [0] NCCL INFO transport/p2p.cc:430 Cuda Alloc Size 6291456 pointer 0x1488b2000000
x3002c0s25b1n0:40980:42020 [0] NCCL INFO Channel 01/0 : 16[7000] -> 17[46000] via P2P/IPC/read
x3002c0s25b1n0:40980:42211 [0] NCCL INFO New proxy send connection 9 from local rank 0, transport 0
x3002c0s25b1n0:40981:42212 [1] NCCL INFO New proxy recv connection 9 from local rank 1, transport 0
x3002c0s25b1n0:40980:42020 [0] NCCL INFO Connection to proxy localRank 0 -> connection 0x1488b8000ec0
x3002c0s25b1n0:40980:42211 [0] NCCL INFO transport/p2p.cc:430 Cuda Alloc Size 6291456 pointer 0x1488b2600000
x3002c0s25b1n0:40981:42023 [1] NCCL INFO Connection to proxy localRank 1 -> connection 0x14b8f8000ec0
x3002c0s25b1n0:40981:42212 [1] NCCL INFO transport/p2p.cc:449 Cuda Alloc Size 6291456 pointer 0x14b8e6000000
x3002c0s25b1n0:40980:42020 [0] NCCL INFO Channel 02/0 : 16[7000] -> 17[46000] via P2P/IPC/read
x3002c0s25b1n0:40980:42211 [0] NCCL INFO New proxy send connection 10 from local rank 0, transport 0
x3002c0s25b1n0:40981:42212 [1] NCCL INFO New proxy recv connection 10 from local rank 1, transport 0
x3002c0s25b1n0:40981:42023 [1] NCCL INFO Connection to proxy localRank 1 -> connection 0x14b8f8000f00
x3002c0s25b1n0:40980:42020 [0] NCCL INFO Connection to proxy localRank 0 -> connection 0x1488b8000f00
x3002c0s25b1n0:40980:42211 [0] NCCL INFO transport/p2p.cc:430 Cuda Alloc Size 6291456 pointer 0x1488b2c00000
x3002c0s25b1n0:40981:42212 [1] NCCL INFO transport/p2p.cc:449 Cuda Alloc Size 6291456 pointer 0x14b8e6600000
x3002c0s25b1n0:40980:42020 [0] NCCL INFO Channel 03/0 : 16[7000] -> 17[46000] via P2P/IPC/read
x3002c0s25b1n0:40980:42211 [0] NCCL INFO New proxy send connection 11 from local rank 0, transport 0
x3002c0s25b1n0:40981:42212 [1] NCCL INFO New proxy recv connection 11 from local rank 1, transport 0
x3002c0s25b1n0:40980:42020 [0] NCCL INFO Connection to proxy localRank 0 -> connection 0x1488b8000f40
x3002c0s25b1n0:40980:42211 [0] NCCL INFO transport/p2p.cc:430 Cuda Alloc Size 6291456 pointer 0x1488b3200000
x3002c0s25b1n0:40981:42023 [1] NCCL INFO Connection to proxy localRank 1 -> connection 0x14b8f8000f40
x3002c0s25b1n0:40981:42212 [1] NCCL INFO transport/p2p.cc:449 Cuda Alloc Size 6291456 pointer 0x14b8e6c00000
x3002c0s25b1n0:40981:42023 [1] NCCL INFO Channel 00/0 : 17[46000] -> 18[85000] via P2P/IPC/read
x3002c0s25b1n0:40981:42212 [1] NCCL INFO New proxy send connection 12 from local rank 1, transport 0
x3002c0s25b1n0:40981:42023 [1] NCCL INFO Connection to proxy localRank 1 -> connection 0x14b8f8000f80
x3002c0s25b1n0:40981:42212 [1] NCCL INFO transport/p2p.cc:430 Cuda Alloc Size 6291456 pointer 0x14b8e7200000
x3002c0s25b1n0:40981:42023 [1] NCCL INFO Channel 01/0 : 17[46000] -> 18[85000] via P2P/IPC/read
x3002c0s25b1n0:40981:42212 [1] NCCL INFO New proxy send connection 13 from local rank 1, transport 0
x3002c0s25b1n0:40981:42023 [1] NCCL INFO Connection to proxy localRank 1 -> connection 0x14b8f8000fc0
x3002c0s25b1n0:40981:42212 [1] NCCL INFO transport/p2p.cc:430 Cuda Alloc Size 6291456 pointer 0x14b8e7800000
x3002c0s25b1n0:40981:42023 [1] NCCL INFO Channel 02/0 : 17[46000] -> 18[85000] via P2P/IPC/read
x3002c0s25b1n0:40981:42212 [1] NCCL INFO New proxy send connection 14 from local rank 1, transport 0
x3002c0s25b1n0:40981:42023 [1] NCCL INFO Connection to proxy localRank 1 -> connection 0x14b8f8001000
x3002c0s25b1n0:40981:42212 [1] NCCL INFO transport/p2p.cc:430 Cuda Alloc Size 6291456 pointer 0x14b8e4000000
x3002c0s25b1n0:40981:42023 [1] NCCL INFO Channel 03/0 : 17[46000] -> 18[85000] via P2P/IPC/read
x3002c0s25b1n0:40981:42212 [1] NCCL INFO New proxy send connection 15 from local rank 1, transport 0
x3002c0s25b1n0:40981:42023 [1] NCCL INFO Connection to proxy localRank 1 -> connection 0x14b8f8001040
x3002c0s25b1n0:40981:42212 [1] NCCL INFO transport/p2p.cc:430 Cuda Alloc Size 6291456 pointer 0x14b8e4600000
x3002c0s25b1n0:40981:42023 [1] NCCL INFO GPU Direct RDMA Disabled for GPU 46000 / HCA 1 (distance 6 > 4)
x3002c0s25b1n0:40980:42020 [0] NCCL INFO GPU Direct RDMA Disabled for GPU 7000 / HCA 1 (distance 7 > 4)
x3002c0s25b1n0:40980:42211 [0] NCCL INFO Allocated 4194656 bytes of shared memory in /dev/shm/nccl-f2vqQS

x3002c0s25b1n0:40980:42211 [0] NCCL INFO New proxy recv connection 12 from local rank 0, transport 2
x3002c0s25b1n0:40981:42212 [1] NCCL INFO New proxy recv connection 16 from local rank 1, transport 2
x3002c0s25b1n0:40982:42217 [2] NCCL INFO New proxy recv connection 12 from local rank 2, transport 0
x3002c0s25b1n0:40980:42020 [0] NCCL INFO Connection to proxy localRank 0 -> connection 0x1488b8000f80
x3002c0s25b1n0:40982:42022 [2] NCCL INFO Connection to proxy localRank 2 -> connection 0x147afc000f80
x3002c0s25b1n0:40982:42217 [2] NCCL INFO transport/p2p.cc:449 Cuda Alloc Size 6291456 pointer 0x147af5200000
x3002c0s25b1n0:40981:42023 [1] NCCL INFO Connection to proxy localRank 1 -> connection 0x14b8f8001080
x3002c0s25b1n0:40980:42020 [0] NCCL INFO Channel 02/0 : 13[46000] -> 16[7000] [receive] via NET/IB/1
x3002c0s25b1n0:40980:42020 [0] NCCL INFO GPU Direct RDMA Disabled for GPU 7000 / HCA 0 (distance 7 > 4)
x3002c0s25b1n0:40980:42211 [0] NCCL INFO New proxy recv connection 13 from local rank 0, transport 2
x3002c0s25b1n0:40980:42020 [0] NCCL INFO Connection to proxy localRank 0 -> connection 0x1488b8000fc0
x3002c0s25b1n0:40982:42217 [2] NCCL INFO New proxy recv connection 13 from local rank 2, transport 0
x3002c0s25b1n0:40981:42023 [1] NCCL INFO Channel 00/0 : 8[7000] -> 17[46000] [receive] via NET/IB/1
x3002c0s25b1n0:40981:42023 [1] NCCL INFO GPU Direct RDMA Disabled for GPU 46000 / HCA 0 (distance 7 > 4)
x3002c0s25b1n0:40981:42212 [1] NCCL INFO New proxy recv connection 17 from local rank 1, transport 2
x3002c0s25b1n0:40981:42023 [1] NCCL INFO Connection to proxy localRank 1 -> connection 0x14b8f80010c0
x3002c0s25b1n0:40982:42022 [2] NCCL INFO Connection to proxy localRank 2 -> connection 0x147afc000fc0
x3002c0s25b1n0:40982:42217 [2] NCCL INFO transport/p2p.cc:449 Cuda Alloc Size 6291456 pointer 0x147af5800000
x3002c0s25b1n0:40980:42020 [0] NCCL INFO Channel 03/0 : 13[46000] -> 16[7000] [receive] via NET/IB/0
x3002c0s25b1n0:40980:42211 [0] NCCL INFO transport/net_ib.cc:683 Ib Alloc Size 21688 pointer 0x1488b801c000
x3002c0s25b1n0:40980:42211 [0] NCCL INFO transport/net_ib.cc:696 Ib Alloc Size 552 pointer 0x1488b8023000
x3002c0s25b1n0:40980:42211 [0] NCCL INFO transport/net_ib.cc:771 Ib Alloc Size 552 pointer 0x1488b804a000
x3002c0s25b1n0:40980:42211 [0] NCCL INFO transport/net.cc:698 Cuda Host Alloc Size 9641984 pointer 0x1488b1200000
x3002c0s25b1n0:40980:42211 [0] NCCL INFO Mem Realloc old size 0, new size 768 pointer 0x1488b803f4d0
x3002c0s25b1n0:40982:42217 [2] NCCL INFO New proxy recv connection 14 from local rank 2, transport 0
x3002c0s25b1n0:40980:42211 [0] NCCL INFO transport/net_ib.cc:683 Ib Alloc Size 21688 pointer 0x1488b804c000
x3002c0s25b1n0:40980:42211 [0] NCCL INFO transport/net_ib.cc:696 Ib Alloc Size 552 pointer 0x1488b8053000
x3002c0s25b1n0:40981:42023 [1] NCCL INFO Channel 01/0 : 8[7000] -> 17[46000] [receive] via NET/IB/0
x3002c0s25b1n0:40980:42211 [0] NCCL INFO transport/net_ib.cc:771 Ib Alloc Size 552 pointer 0x1488b8078000
x3002c0s25b1n0:40980:42211 [0] NCCL INFO transport/net.cc:698 Cuda Host Alloc Size 9641984 pointer 0x1488aa000000
x3002c0s25b1n0:40980:42211 [0] NCCL INFO Mem Realloc old size 0, new size 768 pointer 0x1488b804b210
x3002c0s25b1n0:40982:42022 [2] NCCL INFO Connection to proxy localRank 2 -> connection 0x147afc001000
x3002c0s25b1n0:40982:42217 [2] NCCL INFO transport/p2p.cc:449 Cuda Alloc Size 6291456 pointer 0x147af2000000
x3002c0s25b1n0:40980:42020 [0] NCCL INFO GPU Direct RDMA Disabled for GPU 7000 / HCA 1 (distance 7 > 4)
x3002c0s25b1n0:40980:42211 [0] NCCL INFO New proxy send connection 14 from local rank 0, transport 2
x3002c0s25b1n0:40982:42217 [2] NCCL INFO New proxy recv connection 15 from local rank 2, transport 0
x3002c0s25b1n0:40980:42020 [0] NCCL INFO Connection to proxy localRank 0 -> connection 0x1488b8001000
x3002c0s25b1n0:40980:42020 [0] NCCL INFO Channel 00/0 : 16[7000] -> 20[7000] [send] via NET/IB/1
x3002c0s25b1n0:40980:42020 [0] NCCL INFO GPU Direct RDMA Disabled for GPU 7000 / HCA 0 (distance 7 > 4)
x3002c0s25b1n0:40980:42211 [0] NCCL INFO New proxy send connection 15 from local rank 0, transport 2
x3002c0s25b1n0:40982:42022 [2] NCCL INFO Connection to proxy localRank 2 -> connection 0x147afc001040
x3002c0s25b1n0:40982:42217 [2] NCCL INFO transport/p2p.cc:449 Cuda Alloc Size 6291456 pointer 0x147af2600000
x3002c0s25b1n0:40980:42020 [0] NCCL INFO Connection to proxy localRank 0 -> connection 0x1488b8001040
x3002c0s25b1n0:40980:42020 [0] NCCL INFO Channel 01/0 : 16[7000] -> 20[7000] [send] via NET/IB/0
x3002c0s25b1n0:40980:42211 [0] NCCL INFO transport/net_ib.cc:596 Ib Alloc Size 26560 pointer 0x1488b8084000
x3002c0s25b1n0:40982:42022 [2] NCCL INFO Channel 00/0 : 18[85000] -> 17[46000] via P2P/IPC/read
x3002c0s25b1n0:40982:42217 [2] NCCL INFO New proxy send connection 16 from local rank 2, transport 0
x3002c0s25b1n0:40980:42211 [0] NCCL INFO NET/IB: Dev 1 Port 1 qpn 47520 mtu 5 GID 0 (80FE/DA0000FEFF000000)
x3002c0s25b1n0:40980:42211 [0] NCCL INFO transport/net_ib.cc:653 Ib Alloc Size 552 pointer 0x1488b809b000
x3002c0s25b1n0:40980:42211 [0] NCCL INFO transport/net.cc:571 Cuda Host Alloc Size 9641984 pointer 0x1488aaa00000
x3002c0s25b1n0:40980:42211 [0] NCCL INFO transport/net_ib.cc:596 Ib Alloc Size 26560 pointer 0x1488b809d000
x3002c0s25b1n0:40982:42022 [2] NCCL INFO Connection to proxy localRank 2 -> connection 0x147afc001080
x3002c0s25b1n0:40982:42217 [2] NCCL INFO transport/p2p.cc:430 Cuda Alloc Size 6291456 pointer 0x147af2c00000
x3002c0s25b1n0:40980:42211 [0] NCCL INFO NET/IB: Dev 0 Port 1 qpn 46987 mtu 5 GID 0 (80FE/880000FEFF000000)
x3002c0s25b1n0:40980:42211 [0] NCCL INFO transport/net_ib.cc:653 Ib Alloc Size 552 pointer 0x1488b80b4000
x3002c0s25b1n0:40980:42211 [0] NCCL INFO transport/net.cc:571 Cuda Host Alloc Size 9641984 pointer 0x1488ab400000
x3002c0s25b1n0:40982:42022 [2] NCCL INFO Channel 01/0 : 18[85000] -> 17[46000] via P2P/IPC/read
x3002c0s25b1n0:40982:42217 [2] NCCL INFO New proxy send connection 17 from local rank 2, transport 0
x3002c0s25b1n0:40980:42020 [0] NCCL INFO GPU Direct RDMA Disabled for GPU 7000 / HCA 1 (distance 7 > 4)
x3002c0s25b1n0:40980:42211 [0] NCCL INFO New proxy send connection 16 from local rank 0, transport 2
x3002c0s25b1n0:40982:42022 [2] NCCL INFO Connection to proxy localRank 2 -> connection 0x147afc0010c0
x3002c0s25b1n0:40982:42217 [2] NCCL INFO transport/p2p.cc:430 Cuda Alloc Size 6291456 pointer 0x147af3200000
x3002c0s25b1n0:40981:42212 [1] NCCL INFO transport/net_ib.cc:683 Ib Alloc Size 21688 pointer 0x14b8f80d2000
x3002c0s25b1n0:40981:42212 [1] NCCL INFO transport/net_ib.cc:696 Ib Alloc Size 552 pointer 0x14b8f8019000
x3002c0s25b1n0:40980:42020 [0] NCCL INFO Connection to proxy localRank 0 -> connection 0x1488b8001080
x3002c0s25b1n0:40980:42020 [0] NCCL INFO Channel 00/0 : 16[7000] -> 0[7000] [send] via NET/IB/1
x3002c0s25b1n0:40980:42020 [0] NCCL INFO GPU Direct RDMA Disabled for GPU 7000 / HCA 0 (distance 7 > 4)
x3002c0s25b1n0:40980:42211 [0] NCCL INFO New proxy send connection 17 from local rank 0, transport 2
x3002c0s25b1n0:40980:42020 [0] NCCL INFO Connection to proxy localRank 0 -> connection 0x1488b80010c0
x3002c0s25b1n0:40980:42020 [0] NCCL INFO Channel 01/0 : 16[7000] -> 0[7000] [send] via NET/IB/0
x3002c0s25b1n0:40980:42211 [0] NCCL INFO transport/net_ib.cc:596 Ib Alloc Size 26560 pointer 0x1488b80c0000
x3002c0s25b1n0:40982:42022 [2] NCCL INFO Channel 02/0 : 18[85000] -> 17[46000] via P2P/IPC/read
x3002c0s25b1n0:40982:42217 [2] NCCL INFO New proxy send connection 18 from local rank 2, transport 0
x3002c0s25b1n0:40980:42211 [0] NCCL INFO NET/IB: Dev 1 Port 1 qpn 47521 mtu 5 GID 0 (80FE/DA0000FEFF000000)
x3002c0s25b1n0:40980:42211 [0] NCCL INFO transport/net_ib.cc:653 Ib Alloc Size 552 pointer 0x1488b80d7000
x3002c0s25b1n0:40980:42211 [0] NCCL INFO transport/net.cc:571 Cuda Host Alloc Size 9641984 pointer 0x1488a8000000
x3002c0s25b1n0:40981:42212 [1] NCCL INFO transport/net_ib.cc:771 Ib Alloc Size 552 pointer 0x14b8f80f2000
x3002c0s25b1n0:40981:42212 [1] NCCL INFO transport/net.cc:698 Cuda Host Alloc Size 9641984 pointer 0x14b8e0000000
x3002c0s25b1n0:40982:42022 [2] NCCL INFO Connection to proxy localRank 2 -> connection 0x147afc001100
x3002c0s25b1n0:40982:42217 [2] NCCL INFO transport/p2p.cc:430 Cuda Alloc Size 6291456 pointer 0x147af3800000
x3002c0s25b1n0:40981:42212 [1] NCCL INFO transport/net_ib.cc:683 Ib Alloc Size 21688 pointer 0x14b8f80f4000
x3002c0s25b1n0:40981:42212 [1] NCCL INFO transport/net_ib.cc:696 Ib Alloc Size 552 pointer 0x14b8f80fb000
x3002c0s25b1n0:40980:42211 [0] NCCL INFO transport/net_ib.cc:596 Ib Alloc Size 26560 pointer 0x1488b80d9000
x3002c0s25b1n0:40980:42211 [0] NCCL INFO NET/IB: Dev 0 Port 1 qpn 46989 mtu 5 GID 0 (80FE/880000FEFF000000)
x3002c0s25b1n0:40980:42211 [0] NCCL INFO transport/net_ib.cc:653 Ib Alloc Size 552 pointer 0x1488b80f0000
x3002c0s25b1n0:40980:42211 [0] NCCL INFO transport/net.cc:571 Cuda Host Alloc Size 9641984 pointer 0x1488a8a00000
x3002c0s25b1n0:40981:42212 [1] NCCL INFO transport/net_ib.cc:771 Ib Alloc Size 552 pointer 0x14b8f8116000
x3002c0s25b1n0:40981:42212 [1] NCCL INFO transport/net.cc:698 Cuda Host Alloc Size 9641984 pointer 0x14b8e0a00000
x3002c0s25b1n0:40982:42022 [2] NCCL INFO Channel 03/0 : 18[85000] -> 17[46000] via P2P/IPC/read
x3002c0s25b1n0:40982:42217 [2] NCCL INFO New proxy send connection 19 from local rank 2, transport 0
x3002c0s25b1n0:40981:42023 [1] NCCL INFO GPU Direct RDMA Disabled for GPU 46000 / HCA 1 (distance 6 > 4)
x3002c0s25b1n0:40981:42212 [1] NCCL INFO New proxy send connection 18 from local rank 1, transport 2
x3002c0s25b1n0:40980:42020 [0] NCCL INFO GPU Direct RDMA Disabled for GPU 7000 / HCA 1 (distance 7 > 4)
x3002c0s25b1n0:40980:42211 [0] NCCL INFO New proxy recv connection 18 from local rank 0, transport 2
x3002c0s25b1n0:40982:42022 [2] NCCL INFO Connection to proxy localRank 2 -> connection 0x147afc001140
x3002c0s25b1n0:40982:42217 [2] NCCL INFO transport/p2p.cc:430 Cuda Alloc Size 6291456 pointer 0x147af0000000
x3002c0s25b1n0:40981:42023 [1] NCCL INFO Connection to proxy localRank 1 -> connection 0x14b8f8001100
x3002c0s25b1n0:40981:42023 [1] NCCL INFO Channel 00/0 : 17[46000] -> 8[7000] [send] via NET/IB/1
x3002c0s25b1n0:40981:42023 [1] NCCL INFO GPU Direct RDMA Disabled for GPU 46000 / HCA 0 (distance 7 > 4)
x3002c0s25b1n0:40981:42212 [1] NCCL INFO New proxy send connection 19 from local rank 1, transport 2
x3002c0s25b1n0:40980:42020 [0] NCCL INFO Connection to proxy localRank 0 -> connection 0x1488b8001100
x3002c0s25b1n0:40983:42021 [3] NCCL INFO Connected all trees by HAO
x3002c0s25b1n0:40983:42021 [3] NCCL INFO threadThresholds 8/8/64 | 192/8/64 | 512 | 512
x3002c0s25b1n0:40983:42021 [3] NCCL INFO 4 coll channels, 4 p2p channels, 2 p2p channels per peer
x3002c0s25b1n0:40983:42222 [3] NCCL INFO New proxy send connection 12 from local rank 3, transport 2
x3002c0s25b1n0:40981:42023 [1] NCCL INFO Connection to proxy localRank 1 -> connection 0x14b8f8001140
x3002c0s25b1n0:40981:42023 [1] NCCL INFO Channel 01/0 : 17[46000] -> 8[7000] [send] via NET/IB/0
x3002c0s25b1n0:40981:42212 [1] NCCL INFO transport/net_ib.cc:596 Ib Alloc Size 26560 pointer 0x14b8f8122000
x3002c0s25b1n0:40980:42020 [0] NCCL INFO Channel 00/0 : 0[7000] -> 16[7000] [receive] via NET/IB/1
x3002c0s25b1n0:40980:42020 [0] NCCL INFO GPU Direct RDMA Disabled for GPU 7000 / HCA 0 (distance 7 > 4)
x3002c0s25b1n0:40980:42211 [0] NCCL INFO New proxy recv connection 19 from local rank 0, transport 2
x3002c0s25b1n0:40983:42021 [3] NCCL INFO Connection to proxy localRank 3 -> connection 0x1497f0000f80
x3002c0s25b1n0:40983:42222 [3] NCCL INFO transport/net.cc:376 Cuda Alloc Size 8388608 pointer 0x1497e2600000
x3002c0s25b1n0:40981:42212 [1] NCCL INFO NET/IB: Dev 1 Port 1 qpn 47524 mtu 5 GID 0 (80FE/DA0000FEFF000000)
x3002c0s25b1n0:40981:42212 [1] NCCL INFO transport/net_ib.cc:653 Ib Alloc Size 552 pointer 0x14b8f8139000
x3002c0s25b1n0:40981:42212 [1] NCCL INFO transport/net.cc:571 Cuda Host Alloc Size 9641984 pointer 0x14b8e1400000
x3002c0s25b1n0:40981:42212 [1] NCCL INFO transport/net_ib.cc:596 Ib Alloc Size 26560 pointer 0x14b8f813b000
x3002c0s25b1n0:40980:42020 [0] NCCL INFO Connection to proxy localRank 0 -> connection 0x1488b8001140
x3002c0s25b1n0:40981:42212 [1] NCCL INFO NET/IB: Dev 0 Port 1 qpn 46991 mtu 5 GID 0 (80FE/880000FEFF000000)
x3002c0s25b1n0:40981:42212 [1] NCCL INFO transport/net_ib.cc:653 Ib Alloc Size 552 pointer 0x14b8f8152000
x3002c0s25b1n0:40981:42212 [1] NCCL INFO transport/net.cc:571 Cuda Host Alloc Size 9641984 pointer 0x14b8de000000
x3002c0s25b1n0:40980:42020 [0] NCCL INFO Channel 01/0 : 0[7000] -> 16[7000] [receive] via NET/IB/0
x3002c0s25b1n0:40980:42211 [0] NCCL INFO transport/net_ib.cc:683 Ib Alloc Size 21688 pointer 0x1488b80fc000
x3002c0s25b1n0:40980:42211 [0] NCCL INFO transport/net_ib.cc:696 Ib Alloc Size 552 pointer 0x1488b8103000
x3002c0s25b1n0:40981:42212 [1] NCCL INFO New proxy recv connection 20 from local rank 1, transport 0
x3002c0s25b1n0:40980:42211 [0] NCCL INFO transport/net_ib.cc:771 Ib Alloc Size 552 pointer 0x1488b811e000
x3002c0s25b1n0:40980:42211 [0] NCCL INFO transport/net.cc:698 Cuda Host Alloc Size 9641984 pointer 0x1488a9400000
x3002c0s25b1n0:40981:42023 [1] NCCL INFO Connection to proxy localRank 1 -> connection 0x14b8f8001180
x3002c0s25b1n0:40981:42212 [1] NCCL INFO transport/p2p.cc:449 Cuda Alloc Size 6291456 pointer 0x14b8dea00000
x3002c0s25b1n0:40980:42211 [0] NCCL INFO transport/net_ib.cc:683 Ib Alloc Size 21688 pointer 0x1488b8120000
x3002c0s25b1n0:40980:42211 [0] NCCL INFO transport/net_ib.cc:696 Ib Alloc Size 552 pointer 0x1488b8127000
x3002c0s25b1n0:40980:42211 [0] NCCL INFO transport/net_ib.cc:771 Ib Alloc Size 552 pointer 0x1488b8142000
x3002c0s25b1n0:40980:42211 [0] NCCL INFO transport/net.cc:698 Cuda Host Alloc Size 9641984 pointer 0x1488a6000000
x3002c0s25b1n0:40981:42212 [1] NCCL INFO New proxy recv connection 21 from local rank 1, transport 0
x3002c0s25b1n0:40980:42020 [0] NCCL INFO GPU Direct RDMA Disabled for GPU 7000 / HCA 1 (distance 7 > 4)
x3002c0s25b1n0:40980:42211 [0] NCCL INFO New proxy recv connection 20 from local rank 0, transport 2
x3002c0s25b1n0:40980:42020 [0] NCCL INFO Connection to proxy localRank 0 -> connection 0x1488b8001180
x3002c0s25b1n0:40980:42020 [0] NCCL INFO Channel 00/0 : 20[7000] -> 16[7000] [receive] via NET/IB/1
x3002c0s25b1n0:40980:42020 [0] NCCL INFO GPU Direct RDMA Disabled for GPU 7000 / HCA 0 (distance 7 > 4)
x3002c0s25b1n0:40980:42211 [0] NCCL INFO New proxy recv connection 21 from local rank 0, transport 2
x3002c0s25b1n0:40981:42023 [1] NCCL INFO Connection to proxy localRank 1 -> connection 0x14b8f80011c0
x3002c0s25b1n0:40981:42212 [1] NCCL INFO transport/p2p.cc:449 Cuda Alloc Size 6291456 pointer 0x14b8df000000
x3002c0s25b1n0:40980:42020 [0] NCCL INFO Connection to proxy localRank 0 -> connection 0x1488b80011c0
x3002c0s25b1n0:40981:42212 [1] NCCL INFO New proxy recv connection 22 from local rank 1, transport 0
x3002c0s25b1n0:40981:42023 [1] NCCL INFO Connection to proxy localRank 1 -> connection 0x14b8f8001200
x3002c0s25b1n0:40981:42212 [1] NCCL INFO transport/p2p.cc:449 Cuda Alloc Size 6291456 pointer 0x14b8df600000
x3002c0s25b1n0:40980:42020 [0] NCCL INFO Channel 01/0 : 20[7000] -> 16[7000] [receive] via NET/IB/0
x3002c0s25b1n0:40980:42211 [0] NCCL INFO transport/net_ib.cc:683 Ib Alloc Size 21688 pointer 0x1488b814e000
x3002c0s25b1n0:40980:42211 [0] NCCL INFO transport/net_ib.cc:696 Ib Alloc Size 552 pointer 0x1488b8155000
x3002c0s25b1n0:40981:42212 [1] NCCL INFO New proxy recv connection 23 from local rank 1, transport 0
x3002c0s25b1n0:40980:42211 [0] NCCL INFO transport/net_ib.cc:771 Ib Alloc Size 552 pointer 0x1488b8170000
x3002c0s25b1n0:40980:42211 [0] NCCL INFO transport/net.cc:698 Cuda Host Alloc Size 9641984 pointer 0x1488a6a00000
x3002c0s25b1n0:40980:42211 [0] NCCL INFO transport/net_ib.cc:683 Ib Alloc Size 21688 pointer 0x1488b8172000
x3002c0s25b1n0:40980:42211 [0] NCCL INFO transport/net_ib.cc:696 Ib Alloc Size 552 pointer 0x1488b8179000
x3002c0s25b1n0:40981:42023 [1] NCCL INFO Connection to proxy localRank 1 -> connection 0x14b8f8001240
x3002c0s25b1n0:40981:42212 [1] NCCL INFO transport/p2p.cc:449 Cuda Alloc Size 6291456 pointer 0x14b8dc000000
x3002c0s25b1n0:40980:42211 [0] NCCL INFO transport/net_ib.cc:771 Ib Alloc Size 552 pointer 0x1488b8194000
x3002c0s25b1n0:40980:42211 [0] NCCL INFO transport/net.cc:698 Cuda Host Alloc Size 9641984 pointer 0x1488a7400000
x3002c0s25b1n0:40981:42023 [1] NCCL INFO Connected all trees by HAO
x3002c0s25b1n0:40981:42023 [1] NCCL INFO threadThresholds 8/8/64 | 192/8/64 | 512 | 512
x3002c0s25b1n0:40981:42023 [1] NCCL INFO 4 coll channels, 4 p2p channels, 2 p2p channels per peer
x3002c0s25b1n0:40982:42022 [2] NCCL INFO Connected all trees by HAO
x3002c0s25b1n0:40982:42022 [2] NCCL INFO threadThresholds 8/8/64 | 192/8/64 | 512 | 512
x3002c0s25b1n0:40982:42022 [2] NCCL INFO 4 coll channels, 4 p2p channels, 2 p2p channels per peer
x3002c0s25b1n0:40982:42217 [2] NCCL INFO Allocated 4194656 bytes of shared memory in /dev/shm/nccl-uQv8G5

x3002c0s25b1n0:40982:42217 [2] NCCL INFO New proxy send connection 20 from local rank 2, transport 2
x3002c0s25b1n0:40981:42212 [1] NCCL INFO New proxy send connection 24 from local rank 1, transport 2
x3002c0s25b1n0:40980:42020 [0] NCCL INFO GPU Direct RDMA Disabled for GPU 7000 / HCA 1 (distance 7 > 4)
x3002c0s25b1n0:40980:42211 [0] NCCL INFO New proxy send connection 22 from local rank 0, transport 2
x3002c0s25b1n0:40981:42023 [1] NCCL INFO Connection to proxy localRank 1 -> connection 0x14b8f8001280
x3002c0s25b1n0:40981:42212 [1] NCCL INFO transport/net.cc:376 Cuda Alloc Size 8388608 pointer 0x14b8da000000
x3002c0s25b1n0:40982:42022 [2] NCCL INFO Connection to proxy localRank 2 -> connection 0x147afc001180
x3002c0s25b1n0:40982:42217 [2] NCCL INFO transport/net.cc:376 Cuda Alloc Size 8388608 pointer 0x147aef800000
x3002c0s25b1n0:40980:42020 [0] NCCL INFO Connection to proxy localRank 0 -> connection 0x1488b8001200
x3002c0s25b1n0:40980:42020 [0] NCCL INFO Channel 02/0 : 16[7000] -> 13[46000] [send] via NET/IB/1
x3002c0s25b1n0:40980:42020 [0] NCCL INFO GPU Direct RDMA Disabled for GPU 7000 / HCA 0 (distance 7 > 4)
x3002c0s25b1n0:40980:42211 [0] NCCL INFO New proxy send connection 23 from local rank 0, transport 2
x3002c0s25b1n0:40980:42020 [0] NCCL INFO Connection to proxy localRank 0 -> connection 0x1488b8001240
x3002c0s25b1n0:40980:42020 [0] NCCL INFO Channel 03/0 : 16[7000] -> 13[46000] [send] via NET/IB/0
x3002c0s25b1n0:40980:42211 [0] NCCL INFO transport/net_ib.cc:596 Ib Alloc Size 26560 pointer 0x1488b81a0000
x3002c0s25b1n0:40980:42211 [0] NCCL INFO NET/IB: Dev 1 Port 1 qpn 47529 mtu 5 GID 0 (80FE/DA0000FEFF000000)
x3002c0s25b1n0:40980:42211 [0] NCCL INFO transport/net_ib.cc:653 Ib Alloc Size 552 pointer 0x1488b81b7000
x3002c0s25b1n0:40980:42211 [0] NCCL INFO transport/net.cc:571 Cuda Host Alloc Size 9641984 pointer 0x1488a4000000
x3002c0s25b1n0:40980:42211 [0] NCCL INFO transport/net_ib.cc:596 Ib Alloc Size 26560 pointer 0x1488b81b9000
x3002c0s25b1n0:40980:42211 [0] NCCL INFO NET/IB: Dev 0 Port 1 qpn 46996 mtu 5 GID 0 (80FE/880000FEFF000000)
x3002c0s25b1n0:40980:42211 [0] NCCL INFO transport/net_ib.cc:653 Ib Alloc Size 552 pointer 0x1488b81d0000
x3002c0s25b1n0:40980:42211 [0] NCCL INFO transport/net.cc:571 Cuda Host Alloc Size 9641984 pointer 0x1488a4a00000
x3002c0s25b1n0:40980:42020 [0] NCCL INFO Connected all trees by HAO
x3002c0s25b1n0:40980:42020 [0] NCCL INFO threadThresholds 8/8/64 | 192/8/64 | 512 | 512
x3002c0s25b1n0:40980:42020 [0] NCCL INFO 4 coll channels, 4 p2p channels, 2 p2p channels per peer
x3002c0s25b1n0:40980:42211 [0] NCCL INFO New proxy send connection 24 from local rank 0, transport 2
x3002c0s25b1n0:40980:42020 [0] NCCL INFO Connection to proxy localRank 0 -> connection 0x1488b8001280
x3002c0s25b1n0:40980:42211 [0] NCCL INFO transport/net.cc:376 Cuda Alloc Size 8388608 pointer 0x1488a5400000
x3002c0s25b1n0:40980:42020 [0] NCCL INFO init.cc:367 Cuda Alloc Size 5168 pointer 0x1488c780a000
x3002c0s25b1n0:40982:42022 [2] NCCL INFO init.cc:367 Cuda Alloc Size 5168 pointer 0x147b0b80a000
x3002c0s25b1n0:40982:42022 [2] NCCL INFO init.cc:392 Cuda Host Alloc Size 33554432 pointer 0x147ae6000000
x3002c0s25b1n0:40982:42022 [2] NCCL INFO init.cc:398 Cuda Host Alloc Size 128 pointer 0x147b0ae00200
x3002c0s25b1n0:40982:42022 [2] NCCL INFO comm 0x5562071d69d0 rank 18 nranks 24 cudaDev 2 busId 85000 - Init COMPLETE
x3002c0s25b1n0:40980:42020 [0] NCCL INFO init.cc:392 Cuda Host Alloc Size 33554432 pointer 0x1488a2000000
x3002c0s25b1n0:40980:42020 [0] NCCL INFO init.cc:398 Cuda Host Alloc Size 128 pointer 0x1488c6e00200
x3002c0s25b1n0:40980:42020 [0] NCCL INFO comm 0x558b509c2a80 rank 16 nranks 24 cudaDev 0 busId 7000 - Init COMPLETE
x3002c0s25b1n0:40981:42023 [1] NCCL INFO init.cc:367 Cuda Alloc Size 5168 pointer 0x14b8fd80a000
x3002c0s25b1n0:40983:42021 [3] NCCL INFO init.cc:367 Cuda Alloc Size 5168 pointer 0x1497ff80a000
x3002c0s25b1n0:40980:40980 [0] NCCL INFO AllReduce: opCount 0 sendbuff 0x148907600200 recvbuff 0x148907600200 count 1 datatype 1 op 0 root 0 comm 0x558b509c2a80 [nranks=24] stream 0x558b6ebbb740
x3002c0s25b1n0:40980:40980 [0] NCCL INFO misc/utils.cc:235 memory stack hunk malloc(65536)
[LYD INFO in ncclLaunchKernel (enqueue.cc)] NCHANNELS is: 4x3002c0s25b1n0:40981:42023 [1] NCCL INFO init.cc:392 Cuda Host Alloc Size 33554432 pointer 0x14b8d8000000
x3002c0s25b1n0:40981:42023 [1] NCCL INFO init.cc:398 Cuda Host Alloc Size 128 pointer 0x14b8fce00200
x3002c0s25b1n0:40981:42023 [1] NCCL INFO comm 0x55aed9167960 rank 17 nranks 24 cudaDev 1 busId 46000 - Init COMPLETE
x3002c0s25b1n0:40983:42021 [3] NCCL INFO init.cc:392 Cuda Host Alloc Size 33554432 pointer 0x1497e0000000
x3002c0s25b1n0:40983:42021 [3] NCCL INFO init.cc:398 Cuda Host Alloc Size 128 pointer 0x1497fee00200
x3002c0s25b1n0:40983:42021 [3] NCCL INFO comm 0x55a2945e6300 rank 19 nranks 24 cudaDev 3 busId c7000 - Init COMPLETE
x3002c0s25b1n0:40983:40983 [3] NCCL INFO AllReduce: opCount 0 sendbuff 0x14983f600200 recvbuff 0x14983f600200 count 1 datatype 1 op 0 root 0 comm 0x55a2945e6300 [nranks=24] stream 0x55a2b12dcbc0
x3002c0s25b1n0:40983:40983 [3] NCCL INFO misc/utils.cc:235 memory stack hunk malloc(65536)
[LYD INFO in ncclLaunchKernel (enqueue.cc)] NCHANNELS is: 4x3002c0s25b1n0:40982:40982 [2] NCCL INFO AllReduce: opCount 0 sendbuff 0x147b4b600200 recvbuff 0x147b4b600200 count 1 datatype 1 op 0 root 0 comm 0x5562071d69d0 [nranks=24] stream 0x55620ac89040
x3002c0s25b1n0:40982:40982 [2] NCCL INFO misc/utils.cc:235 memory stack hunk malloc(65536)
[LYD INFO in ncclLaunchKernel (enqueue.cc)] NCHANNELS is: 4x3002c0s25b1n0:40981:40981 [1] NCCL INFO AllReduce: opCount 0 sendbuff 0x14b93b600200 recvbuff 0x14b93b600200 count 1 datatype 1 op 0 root 0 comm 0x55aed9167960 [nranks=24] stream 0x55aef3428d30
x3002c0s25b1n0:40981:40981 [1] NCCL INFO misc/utils.cc:235 memory stack hunk malloc(65536)
[LYD INFO in ncclLaunchKernel (enqueue.cc)] NCHANNELS is: 4
[LYD INFO in NCCL_KERN_NAME (common.h)] 17 AllReduce TREE LL Sum uint8_t Elapsed time: 600728 us

[LYD INFO in NCCL_KERN_NAME (common.h)] 18 AllReduce TREE LL Sum uint8_t Elapsed time: 614917 us

[LYD INFO in NCCL_KERN_NAME (common.h)] 19 AllReduce TREE LL Sum uint8_t Elapsed time: 642540 us

[LYD INFO in NCCL_KERN_NAME (common.h)] 16 AllReduce TREE LL Sum uint8_t Elapsed time: 668572 us
x3002c0s25b1n0:40983:40983 [3] NCCL INFO AllReduce: opCount 1 sendbuff 0x14983f600000 recvbuff 0x14983f600000 count 1 datatype 1 op 0 root 0 comm 0x55a2945e6300 [nranks=24] stream 0x55a2b12dcbc0
[LYD INFO in ncclLaunchKernel (enqueue.cc)] NCHANNELS is: 4x3002c0s25b1n0:40981:40981 [1] NCCL INFO AllReduce: opCount 1 sendbuff 0x14b93b600000 recvbuff 0x14b93b600000 count 1 datatype 1 op 0 root 0 comm 0x55aed9167960 [nranks=24] stream 0x55aef3428d30
[LYD INFO in ncclLaunchKernel (enqueue.cc)] NCHANNELS is: 4x3002c0s25b1n0:40982:40982 [2] NCCL INFO AllReduce: opCount 1 sendbuff 0x147b4b600000 recvbuff 0x147b4b600000 count 1 datatype 1 op 0 root 0 comm 0x5562071d69d0 [nranks=24] stream 0x55620ac89040
[LYD INFO in ncclLaunchKernel (enqueue.cc)] NCHANNELS is: 4x3002c0s25b1n0:40980:40980 [0] NCCL INFO AllReduce: opCount 1 sendbuff 0x148907600000 recvbuff 0x148907600000 count 1 datatype 1 op 0 root 0 comm 0x558b509c2a80 [nranks=24] stream 0x558b6ebbb740
[LYD INFO in ncclLaunchKernel (enqueue.cc)] NCHANNELS is: 4
[LYD INFO in NCCL_KERN_NAME (common.h)] 19 AllReduce TREE LL Sum uint8_t Elapsed time: 7420574 us

[LYD INFO in NCCL_KERN_NAME (common.h)] 18 AllReduce TREE LL Sum uint8_t Elapsed time: 4283220 us

[LYD INFO in NCCL_KERN_NAME (common.h)] 16 AllReduce TREE LL Sum uint8_t Elapsed time: 3839652 us

[LYD INFO in NCCL_KERN_NAME (common.h)] 17 AllReduce TREE LL Sum uint8_t Elapsed time: 5063430 us
x3002c0s25b1n0:40983:40983 [3] NCCL INFO AllReduce: opCount 2 sendbuff 0x14983f600000 recvbuff 0x14983f600000 count 1 datatype 8 op 3 root 0 comm 0x55a2945e6300 [nranks=24] stream 0x55a2b12dcbc0
[LYD INFO in ncclLaunchKernel (enqueue.cc)] NCHANNELS is: 4x3002c0s25b1n0:40981:40981 [1] NCCL INFO AllReduce: opCount 2 sendbuff 0x14b93b600000 recvbuff 0x14b93b600000 count 1 datatype 8 op 3 root 0 comm 0x55aed9167960 [nranks=24] stream 0x55aef3428d30
[LYD INFO in ncclLaunchKernel (enqueue.cc)] NCHANNELS is: 4
[LYD INFO in NCCL_FUNC_NAME (common.h)] 19 AllReduce TREE LL Min double Elapsed time: 4 us
x3002c0s25b1n0:40980:40980 [0] NCCL INFO AllReduce: opCount 2 sendbuff 0x148907600000 recvbuff 0x148907600000 count 1 datatype 8 op 3 root 0 comm 0x558b509c2a80 [nranks=24] stream 0x558b6ebbb740
[LYD INFO in ncclLaunchKernel (enqueue.cc)] NCHANNELS is: 4x3002c0s25b1n0:40982:40982 [2] NCCL INFO AllReduce: opCount 2 sendbuff 0x147b4b600000 recvbuff 0x147b4b600000 count 1 datatype 8 op 3 root 0 comm 0x5562071d69d0 [nranks=24] stream 0x55620ac89040
[LYD INFO in ncclLaunchKernel (enqueue.cc)] NCHANNELS is: 4
[LYD INFO in NCCL_KERN_NAME (common.h)] 19 AllReduce TREE LL Sum double Elapsed time: 72833 us
x3002c0s25b1n0:40983:40983 [3] NCCL INFO AllReduce: opCount 3 sendbuff 0x14983f600200 recvbuff 0x14983f600200 count 1 datatype 1 op 0 root 0 comm 0x55a2945e6300 [nranks=24] stream 0x55a2b12dcbc0
[LYD INFO in ncclLaunchKernel (enqueue.cc)] NCHANNELS is: 4
[LYD INFO in NCCL_FUNC_NAME (common.h)] 16 AllReduce TREE LL Min double Elapsed time: 37452 us

[LYD INFO in NCCL_KERN_NAME (common.h)] 16 AllReduce TREE LL Sum double Elapsed time: 48879 us
x3002c0s25b1n0:40980:40980 [0] NCCL INFO AllReduce: opCount 3 sendbuff 0x148907600200 recvbuff 0x148907600200 count 1 datatype 1 op 0 root 0 comm 0x558b509c2a80 [nranks=24] stream 0x558b6ebbb740
[LYD INFO in ncclLaunchKernel (enqueue.cc)] NCHANNELS is: 4
[LYD INFO in NCCL_FUNC_NAME (common.h)] 18 AllReduce TREE LL Min double Elapsed time: 6 us

[LYD INFO in NCCL_KERN_NAME (common.h)] 18 AllReduce TREE LL Sum double Elapsed time: 12340 us

[LYD INFO in NCCL_FUNC_NAME (common.h)] 17 AllReduce TREE LL Min double Elapsed time: 53507 us

[LYD INFO in NCCL_KERN_NAME (common.h)] 17 AllReduce TREE LL Sum double Elapsed time: 64938 us
x3002c0s25b1n0:40981:40981 [1] NCCL INFO AllReduce: opCount 3 sendbuff 0x14b93b600200 recvbuff 0x14b93b600200 count 1 datatype 1 op 0 root 0 comm 0x55aed9167960 [nranks=24] stream 0x55aef3428d30
[LYD INFO in ncclLaunchKernel (enqueue.cc)] NCHANNELS is: 4x3002c0s25b1n0:40982:40982 [2] NCCL INFO AllReduce: opCount 3 sendbuff 0x147b4b600200 recvbuff 0x147b4b600200 count 1 datatype 1 op 0 root 0 comm 0x5562071d69d0 [nranks=24] stream 0x55620ac89040
[LYD INFO in ncclLaunchKernel (enqueue.cc)] NCHANNELS is: 4
[LYD INFO in NCCL_KERN_NAME (common.h)] 19 AllReduce TREE LL Sum uint8_t Elapsed time: 72103 us

[LYD INFO in NCCL_KERN_NAME (common.h)] 16 AllReduce TREE LL Sum uint8_t Elapsed time: 59279 us

[LYD INFO in NCCL_KERN_NAME (common.h)] 18 AllReduce TREE LL Sum uint8_t Elapsed time: 22275 us

[LYD INFO in NCCL_KERN_NAME (common.h)] 17 AllReduce TREE LL Sum uint8_t Elapsed time: 39902 us
 > number of parameters on (tensor, pipeline) model parallel rank (19, 0): 32330000
 > number of parameters on (tensor, pipeline) model parallel rank (16, 0): 32330000
 > number of parameters on (tensor, pipeline) model parallel rank (17, 0): 32330000
 > number of parameters on (tensor, pipeline) model parallel rank (18, 0): 32330000
x3002c0s25b1n0:40980:40980 [0] NCCL INFO AllReduce: opCount 4 sendbuff 0x1488a5fffe00 recvbuff 0x1488a5fffe00 count 1 datatype 1 op 0 root 0 comm 0x558b509c2a80 [nranks=24] stream 0x558b6ebbb740
[LYD INFO in ncclLaunchKernel (enqueue.cc)] NCHANNELS is: 4x3002c0s25b1n0:40983:40983 [3] NCCL INFO AllReduce: opCount 4 sendbuff 0x1497e39ffe00 recvbuff 0x1497e39ffe00 count 1 datatype 1 op 0 root 0 comm 0x55a2945e6300 [nranks=24] stream 0x55a2b12dcbc0
[LYD INFO in ncclLaunchKernel (enqueue.cc)] NCHANNELS is: 4x3002c0s25b1n0:40981:40981 [1] NCCL INFO AllReduce: opCount 4 sendbuff 0x14b8db3ffe00 recvbuff 0x14b8db3ffe00 count 1 datatype 1 op 0 root 0 comm 0x55aed9167960 [nranks=24] stream 0x55aef3428d30
[LYD INFO in ncclLaunchKernel (enqueue.cc)] NCHANNELS is: 4x3002c0s25b1n0:40982:40982 [2] NCCL INFO AllReduce: opCount 4 sendbuff 0x147af3fffe00 recvbuff 0x147af3fffe00 count 1 datatype 1 op 0 root 0 comm 0x5562071d69d0 [nranks=24] stream 0x55620ac89040
[LYD INFO in ncclLaunchKernel (enqueue.cc)] NCHANNELS is: 4
[LYD INFO in NCCL_KERN_NAME (common.h)] 17 AllReduce TREE LL Sum uint8_t Elapsed time: 15788 us
x3002c0s25b1n0:40981:40981 [1] NCCL INFO AllReduce: opCount 5 sendbuff 0x14b8db1fee00 recvbuff 0x14b8db1fee00 count 1 datatype 1 op 0 root 0 comm 0x55aed9167960 [nranks=24] stream 0x55aef3428d30
[LYD INFO in ncclLaunchKernel (enqueue.cc)] NCHANNELS is: 4
[LYD INFO in NCCL_KERN_NAME (common.h)] 16 AllReduce TREE LL Sum uint8_t Elapsed time: 105094 us
x3002c0s25b1n0:40980:40980 [0] NCCL INFO AllReduce: opCount 5 sendbuff 0x1488a5dfee00 recvbuff 0x1488a5dfee00 count 1 datatype 1 op 0 root 0 comm 0x558b509c2a80 [nranks=24] stream 0x558b6ebbb740
[LYD INFO in ncclLaunchKernel (enqueue.cc)] NCHANNELS is: 4
[LYD INFO in NCCL_KERN_NAME (common.h)] 19 AllReduce TREE LL Sum uint8_t Elapsed time: 94061 us
x3002c0s25b1n0:40983:40983 [3] NCCL INFO AllReduce: opCount 5 sendbuff 0x1497e37fee00 recvbuff 0x1497e37fee00 count 1 datatype 1 op 0 root 0 comm 0x55a2945e6300 [nranks=24] stream 0x55a2b12dcbc0
[LYD INFO in ncclLaunchKernel (enqueue.cc)] NCHANNELS is: 4
[LYD INFO in NCCL_KERN_NAME (common.h)] 18 AllReduce TREE LL Sum uint8_t Elapsed time: 12094 us
x3002c0s25b1n0:40982:40982 [2] NCCL INFO AllReduce: opCount 5 sendbuff 0x147af1ffee00 recvbuff 0x147af1ffee00 count 1 datatype 1 op 0 root 0 comm 0x5562071d69d0 [nranks=24] stream 0x55620ac89040
[LYD INFO in ncclLaunchKernel (enqueue.cc)] NCHANNELS is: 4
[LYD INFO in NCCL_KERN_NAME (common.h)] 17 AllReduce TREE LL Sum uint8_t Elapsed time: 74081 us
x3002c0s25b1n0:40981:40981 [1] NCCL INFO AllReduce: opCount 6 sendbuff 0x14b8db3ffe00 recvbuff 0x14b8db3ffe00 count 1 datatype 1 op 0 root 0 comm 0x55aed9167960 [nranks=24] stream 0x55aef3428d30
[LYD INFO in ncclLaunchKernel (enqueue.cc)] NCHANNELS is: 4
[LYD INFO in NCCL_KERN_NAME (common.h)] 19 AllReduce TREE LL Sum uint8_t Elapsed time: 29421 us
x3002c0s25b1n0:40983:40983 [3] NCCL INFO AllReduce: opCount 6 sendbuff 0x1497e39ffe00 recvbuff 0x1497e39ffe00 count 1 datatype 1 op 0 root 0 comm 0x55a2945e6300 [nranks=24] stream 0x55a2b12dcbc0
[LYD INFO in ncclLaunchKernel (enqueue.cc)] NCHANNELS is: 4
[LYD INFO in NCCL_KERN_NAME (common.h)] 18 AllReduce TREE LL Sum uint8_t Elapsed time: 15048 us

[LYD INFO in NCCL_KERN_NAME (common.h)] 16 AllReduce TREE LL Sum uint8_t Elapsed time: 67255 us
x3002c0s25b1n0:40980:40980 [0] NCCL INFO AllReduce: opCount 6 sendbuff 0x1488a5fffe00 recvbuff 0x1488a5fffe00 count 1 datatype 1 op 0 root 0 comm 0x558b509c2a80 [nranks=24] stream 0x558b6ebbb740
[LYD INFO in ncclLaunchKernel (enqueue.cc)] NCHANNELS is: 4x3002c0s25b1n0:40982:40982 [2] NCCL INFO AllReduce: opCount 6 sendbuff 0x147af3fffe00 recvbuff 0x147af3fffe00 count 1 datatype 1 op 0 root 0 comm 0x5562071d69d0 [nranks=24] stream 0x55620ac89040
[LYD INFO in ncclLaunchKernel (enqueue.cc)] NCHANNELS is: 4
[LYD INFO in NCCL_KERN_NAME (common.h)] 16 AllReduce TREE LL Sum uint8_t Elapsed time: 144971 us

[LYD INFO in NCCL_KERN_NAME (common.h)] 18 AllReduce TREE LL Sum uint8_t Elapsed time: 83446 us

[LYD INFO in NCCL_KERN_NAME (common.h)] 19 AllReduce TREE LL Sum uint8_t Elapsed time: 149401 us

[LYD INFO in NCCL_KERN_NAME (common.h)] 17 AllReduce TREE LL Sum uint8_t Elapsed time: 154876 us
x3002c0s25b1n0:40982:40982 [2] NCCL INFO init.cc:1147 Cuda Host Alloc Size 4 pointer 0x147b0ae00400
x3002c0s25b1n0:40981:40981 [1] NCCL INFO init.cc:1147 Cuda Host Alloc Size 4 pointer 0x14b8fce00400
x3002c0s25b1n0:40980:40980 [0] NCCL INFO init.cc:1147 Cuda Host Alloc Size 4 pointer 0x1488c6e00400
x3002c0s25b1n0:40983:40983 [3] NCCL INFO init.cc:1147 Cuda Host Alloc Size 4 pointer 0x1497fee00400
x3002c0s25b1n0:40980:45731 [0] NCCL INFO Using network IB
x3002c0s25b1n0:40982:45729 [2] NCCL INFO Using network IB
x3002c0s25b1n0:40983:45732 [3] NCCL INFO Using network IB
x3002c0s25b1n0:40981:45730 [1] NCCL INFO Using network IB
x3002c0s25b1n0:40980:45731 [0] NCCL INFO NET/IB : GPU Direct RDMA Enabled for HCA 0 'mlx5_0'
x3002c0s25b1n0:40980:45731 [0] NCCL INFO NET/IB : GPU Direct RDMA Enabled for HCA 1 'mlx5_1'
x3002c0s25b1n0:40980:45731 [0] NCCL INFO GPU Direct RDMA Disabled for GPU 7000 / HCA 1 (distance 7 > 4)
x3002c0s25b1n0:40980:45731 [0] NCCL INFO GPU Direct RDMA Disabled for GPU 46000 / HCA 1 (distance 6 > 4)
x3002c0s25b1n0:40980:45731 [0] NCCL INFO GPU Direct RDMA Disabled for GPU 85000 / HCA 1 (distance 7 > 4)
x3002c0s25b1n0:40980:45731 [0] NCCL INFO GPU Direct RDMA Disabled for GPU c7000 / HCA 1 (distance 7 > 4)
x3002c0s25b1n0:40980:45731 [0] NCCL INFO GPU Direct RDMA Disabled for GPU 7000 / HCA 0 (distance 7 > 4)
x3002c0s25b1n0:40980:45731 [0] NCCL INFO GPU Direct RDMA Disabled for GPU 46000 / HCA 0 (distance 7 > 4)
x3002c0s25b1n0:40980:45731 [0] NCCL INFO GPU Direct RDMA Disabled for GPU 85000 / HCA 0 (distance 7 > 4)
x3002c0s25b1n0:40980:45731 [0] NCCL INFO GPU Direct RDMA Disabled for GPU c7000 / HCA 0 (distance 6 > 4)
x3002c0s25b1n0:40980:45731 [0] NCCL INFO GPU Direct RDMA Disabled for GPU 7000 / HCA 1 (distance 7 > 4)
x3002c0s25b1n0:40980:45731 [0] NCCL INFO GPU Direct RDMA Disabled for GPU 46000 / HCA 1 (distance 6 > 4)
x3002c0s25b1n0:40980:45731 [0] NCCL INFO GPU Direct RDMA Disabled for GPU 85000 / HCA 1 (distance 7 > 4)
x3002c0s25b1n0:40980:45731 [0] NCCL INFO GPU Direct RDMA Disabled for GPU c7000 / HCA 1 (distance 7 > 4)
x3002c0s25b1n0:40980:45731 [0] NCCL INFO GPU Direct RDMA Disabled for GPU 7000 / HCA 0 (distance 7 > 4)
x3002c0s25b1n0:40980:45731 [0] NCCL INFO GPU Direct RDMA Disabled for GPU 46000 / HCA 0 (distance 7 > 4)
x3002c0s25b1n0:40980:45731 [0] NCCL INFO GPU Direct RDMA Disabled for GPU 85000 / HCA 0 (distance 7 > 4)
x3002c0s25b1n0:40980:45731 [0] NCCL INFO GPU Direct RDMA Disabled for GPU c7000 / HCA 0 (distance 6 > 4)
x3002c0s25b1n0:40980:45731 [0] NCCL INFO === System : maxBw 12.0 totalBw 264.0 ===
x3002c0s25b1n0:40980:45731 [0] NCCL INFO CPU/3 (1/2/-1)
x3002c0s25b1n0:40980:45731 [0] NCCL INFO + SYS[5000.0] - CPU/2
x3002c0s25b1n0:40980:45731 [0] NCCL INFO + SYS[5000.0] - CPU/1
x3002c0s25b1n0:40980:45731 [0] NCCL INFO + SYS[5000.0] - CPU/0
x3002c0s25b1n0:40980:45731 [0] NCCL INFO + PCI[24.0] - PCI/5000 (11f8406811f8beef)
