x3004c0s25b0n0:19064:22994 [0] NCCL INFO GPU Direct RDMA Disabled for GPU c7000 / HCA 0 (distance 6 > 4)
x3004c0s25b0n0:19064:22994 [0] NCCL INFO === System : maxBw 12.0 totalBw 264.0 ===
x3004c0s25b0n0:19064:22994 [0] NCCL INFO CPU/3 (1/2/-1)
x3004c0s25b0n0:19064:22994 [0] NCCL INFO + SYS[5000.0] - CPU/2
x3004c0s25b0n0:19064:22994 [0] NCCL INFO + SYS[5000.0] - CPU/1
x3004c0s25b0n0:19064:22994 [0] NCCL INFO + SYS[5000.0] - CPU/0
x3004c0s25b0n0:19064:22994 [0] NCCL INFO + PCI[24.0] - PCI/5000 (11f8406811f8beef)
x3004c0s25b0n0:19064:22994 [0] NCCL INFO               + PCI[24.0] - GPU/7000 (8)
x3004c0s25b0n0:19064:22994 [0] NCCL INFO                             + NVL[88.0] - GPU/85000
x3004c0s25b0n0:19064:22994 [0] NCCL INFO                             + NVL[88.0] - GPU/C7000
x3004c0s25b0n0:19064:22994 [0] NCCL INFO                             + NVL[88.0] - GPU/46000
x3004c0s25b0n0:19064:22994 [0] NCCL INFO CPU/2 (1/2/-1)
x3004c0s25b0n0:19064:22994 [0] NCCL INFO + SYS[5000.0] - CPU/3
x3004c0s25b0n0:19064:22994 [0] NCCL INFO + SYS[5000.0] - CPU/1
x3004c0s25b0n0:19064:22994 [0] NCCL INFO + SYS[5000.0] - CPU/0
x3004c0s25b0n0:19064:22994 [0] NCCL INFO + PCI[24.0] - PCI/44000 (11f8406811f8beef)
x3004c0s25b0n0:19064:22994 [0] NCCL INFO               + PCI[24.0] - GPU/46000 (9)
x3004c0s25b0n0:19064:22994 [0] NCCL INFO                             + NVL[88.0] - GPU/85000
x3004c0s25b0n0:19064:22994 [0] NCCL INFO                             + NVL[88.0] - GPU/C7000
x3004c0s25b0n0:19064:22994 [0] NCCL INFO                             + NVL[88.0] - GPU/7000
x3004c0s25b0n0:19064:22994 [0] NCCL INFO + PCI[12.0] - NIC/43000
x3004c0s25b0n0:19064:22994 [0] NCCL INFO               + NET[12.5] - NET/1 (d84b02ffffa4e988/1/12.500000)
x3004c0s25b0n0:19064:22994 [0] NCCL INFO CPU/1 (1/2/-1)
x3004c0s25b0n0:19064:22994 [0] NCCL INFO + SYS[5000.0] - CPU/3
x3004c0s25b0n0:19064:22994 [0] NCCL INFO + SYS[5000.0] - CPU/2
x3004c0s25b0n0:19064:22994 [0] NCCL INFO + SYS[5000.0] - CPU/0
x3004c0s25b0n0:19064:22994 [0] NCCL INFO + PCI[24.0] - PCI/83000 (11f8406811f8beef)
x3004c0s25b0n0:19064:22994 [0] NCCL INFO               + PCI[24.0] - GPU/85000 (10)
x3004c0s25b0n0:19064:22994 [0] NCCL INFO                             + NVL[88.0] - GPU/C7000
x3004c0s25b0n0:19064:22994 [0] NCCL INFO                             + NVL[88.0] - GPU/46000
x3004c0s25b0n0:19064:22994 [0] NCCL INFO                             + NVL[88.0] - GPU/7000
x3004c0s25b0n0:19064:22994 [0] NCCL INFO CPU/0 (1/2/-1)
x3004c0s25b0n0:19064:22994 [0] NCCL INFO + SYS[5000.0] - CPU/3
x3004c0s25b0n0:19064:22994 [0] NCCL INFO + SYS[5000.0] - CPU/2
x3004c0s25b0n0:19064:22994 [0] NCCL INFO + SYS[5000.0] - CPU/1
x3004c0s25b0n0:19064:22994 [0] NCCL INFO + PCI[24.0] - PCI/C5000 (11f8406811f8beef)
x3004c0s25b0n0:19064:22994 [0] NCCL INFO               + PCI[24.0] - GPU/C7000 (11)
x3004c0s25b0n0:19064:22994 [0] NCCL INFO                             + NVL[88.0] - GPU/85000
x3004c0s25b0n0:19064:22994 [0] NCCL INFO                             + NVL[88.0] - GPU/46000
x3004c0s25b0n0:19064:22994 [0] NCCL INFO                             + NVL[88.0] - GPU/7000
x3004c0s25b0n0:19064:22994 [0] NCCL INFO + PCI[12.0] - NIC/C8000
x3004c0s25b0n0:19064:22994 [0] NCCL INFO               + NET[12.5] - NET/0 (680704ffffa4e988/1/12.500000)
x3004c0s25b0n0:19064:22994 [0] NCCL INFO ==========================================
x3004c0s25b0n0:19064:22994 [0] NCCL INFO GPU/7000 :GPU/7000 (0/5000.000000/LOC) GPU/46000 (1/88.000000/NVL) GPU/85000 (1/88.000000/NVL) GPU/C7000 (1/88.000000/NVL) CPU/3 (2/24.000000/PHB) CPU/2 (3/24.000000/SYS) CPU/1 (3/24.000000/SYS) CPU/0 (3/24.000000/SYS) NET/1 (5/12.000000/SYS) NET/0 (5/12.000000/SYS) 
x3004c0s25b0n0:19064:22994 [0] NCCL INFO GPU/46000 :GPU/7000 (1/88.000000/NVL) GPU/46000 (0/5000.000000/LOC) GPU/85000 (1/88.000000/NVL) GPU/C7000 (1/88.000000/NVL) CPU/3 (3/24.000000/SYS) CPU/2 (2/24.000000/PHB) CPU/1 (3/24.000000/SYS) CPU/0 (3/24.000000/SYS) NET/1 (4/12.000000/PHB) NET/0 (5/12.000000/SYS) 
x3004c0s25b0n0:19064:22994 [0] NCCL INFO GPU/85000 :GPU/7000 (1/88.000000/NVL) GPU/46000 (1/88.000000/NVL) GPU/85000 (0/5000.000000/LOC) GPU/C7000 (1/88.000000/NVL) CPU/3 (3/24.000000/SYS) CPU/2 (3/24.000000/SYS) CPU/1 (2/24.000000/PHB) CPU/0 (3/24.000000/SYS) NET/1 (5/12.000000/SYS) NET/0 (5/12.000000/SYS) 
x3004c0s25b0n0:19064:22994 [0] NCCL INFO GPU/C7000 :GPU/7000 (1/88.000000/NVL) GPU/46000 (1/88.000000/NVL) GPU/85000 (1/88.000000/NVL) GPU/C7000 (0/5000.000000/LOC) CPU/3 (3/24.000000/SYS) CPU/2 (3/24.000000/SYS) CPU/1 (3/24.000000/SYS) CPU/0 (2/24.000000/PHB) NET/1 (5/12.000000/SYS) NET/0 (4/12.000000/PHB) 
x3004c0s25b0n0:19064:22994 [0] NCCL INFO NET/1 :GPU/7000 (5/12.000000/SYS) GPU/46000 (4/12.000000/PHB) GPU/85000 (5/12.000000/SYS) GPU/C7000 (5/12.000000/SYS) CPU/3 (3/12.000000/SYS) CPU/2 (2/12.000000/PHB) CPU/1 (3/12.000000/SYS) CPU/0 (3/12.000000/SYS) NET/1 (0/5000.000000/LOC) NET/0 (5/12.000000/SYS) 
x3004c0s25b0n0:19064:22994 [0] NCCL INFO NET/0 :GPU/7000 (5/12.000000/SYS) GPU/46000 (5/12.000000/SYS) GPU/85000 (5/12.000000/SYS) GPU/C7000 (4/12.000000/PHB) CPU/3 (3/12.000000/SYS) CPU/2 (3/12.000000/SYS) CPU/1 (3/12.000000/SYS) CPU/0 (2/12.000000/PHB) NET/1 (5/12.000000/SYS) NET/0 (0/5000.000000/LOC) 
x3004c0s25b0n0:19064:22994 [0] NCCL INFO Pattern 4, crossNic 0, nChannels 2, bw 12.000000/12.000000, type NVL/SYS, sameChannels 1
x3004c0s25b0n0:19064:22994 [0] NCCL INFO  0 : NET/1 GPU/9 GPU/8 GPU/10 GPU/11 NET/1
x3004c0s25b0n0:19064:22994 [0] NCCL INFO  1 : NET/0 GPU/9 GPU/8 GPU/10 GPU/11 NET/0
x3004c0s25b0n0:19064:22994 [0] NCCL INFO Pattern 1, crossNic 0, nChannels 2, bw 24.000000/12.000000, type NVL/SYS, sameChannels 1
x3004c0s25b0n0:19064:22994 [0] NCCL INFO  0 : NET/1 GPU/8 GPU/9 GPU/10 GPU/11 NET/1
x3004c0s25b0n0:19064:22994 [0] NCCL INFO  1 : NET/0 GPU/8 GPU/9 GPU/10 GPU/11 NET/0
x3004c0s25b0n0:19064:22994 [0] NCCL INFO Pattern 3, crossNic 0, nChannels 0, bw 0.000000/0.000000, type NVL/PIX, sameChannels 1
x3004c0s25b0n0:19064:22994 [0] NCCL INFO Tree 0 : 17 -> 8 -> 9/12/-1
x3004c0s25b0n0:19064:22994 [0] NCCL INFO Tree 2 : 13 -> 8 -> 9/-1/-1
x3004c0s25b0n0:19064:22994 [0] NCCL INFO Tree 1 : 17 -> 8 -> 9/12/-1
x3004c0s25b0n0:19064:22994 [0] NCCL INFO Tree 3 : 13 -> 8 -> 9/-1/-1
x3004c0s25b0n0:19064:22994 [0] NCCL INFO Ring 00 : 9 -> 8 -> 10
x3004c0s25b0n0:19064:22994 [0] NCCL INFO Ring 01 : 9 -> 8 -> 10
x3004c0s25b0n0:19064:22994 [0] NCCL INFO Ring 02 : 9 -> 8 -> 10
x3004c0s25b0n0:19064:22994 [0] NCCL INFO Ring 03 : 9 -> 8 -> 10
x3004c0s25b0n0:19064:22994 [0] NCCL INFO Trees [0] 9/12/-1->8->17 [1] 9/12/-1->8->17 [2] 9/-1/-1->8->13 [3] 9/-1/-1->8->13
x3004c0s25b0n0:19064:22994 [0] NCCL INFO misc/utils.cc:235 memory stack hunk malloc(65536)
x3004c0s25b0n0:19064:22994 [0] NCCL INFO channel.cc:23 Cuda Alloc Size 8064 pointer 0x145d3f817400
x3004c0s25b0n0:19064:22994 [0] NCCL INFO channel.cc:27 Cuda Alloc Size 80 pointer 0x145d3f819400
x3004c0s25b0n0:19064:22994 [0] NCCL INFO channel.cc:23 Cuda Alloc Size 8064 pointer 0x145d3f819600
x3004c0s25b0n0:19064:22994 [0] NCCL INFO channel.cc:27 Cuda Alloc Size 80 pointer 0x145d3f81b600
x3004c0s25b0n0:19064:22994 [0] NCCL INFO channel.cc:23 Cuda Alloc Size 8064 pointer 0x145d3f81b800
x3004c0s25b0n0:19064:22994 [0] NCCL INFO channel.cc:27 Cuda Alloc Size 80 pointer 0x145d3f81d800
x3004c0s25b0n0:19064:22994 [0] NCCL INFO channel.cc:23 Cuda Alloc Size 8064 pointer 0x145d3f81da00
x3004c0s25b0n0:19064:22994 [0] NCCL INFO channel.cc:27 Cuda Alloc Size 80 pointer 0x145d3f81fa00
x3004c0s25b0n0:19064:22994 [0] NCCL INFO Channel 00/0 : 8[7000] -> 10[85000] via P2P/IPC/read
x3004c0s25b0n0:19064:23176 [0] NCCL INFO Mem Realloc old size 0, new size 8 pointer 0x145ce8000c60
x3004c0s25b0n0:19064:23176 [0] NCCL INFO New proxy send connection 0 from local rank 0, transport 0
x3004c0s25b0n0:19064:22994 [0] NCCL INFO Connection to proxy localRank 0 -> connection 0x145ce8000c80
x3004c0s25b0n0:19064:23176 [0] NCCL INFO transport/p2p.cc:430 Cuda Alloc Size 6291456 pointer 0x145d64000000
x3004c0s25b0n0:19066:22996 [1] NCCL INFO Tree 0 : 8 -> 9 -> 10/4/-1
x3004c0s25b0n0:19066:22996 [1] NCCL INFO Tree 2 : 8 -> 9 -> 10/-1/-1
x3004c0s25b0n0:19066:22996 [1] NCCL INFO Tree 1 : 8 -> 9 -> 10/4/-1
x3004c0s25b0n0:19066:22996 [1] NCCL INFO Tree 3 : 8 -> 9 -> 10/-1/-1
x3004c0s25b0n0:19066:22996 [1] NCCL INFO Ring 00 : 7 -> 9 -> 8
x3004c0s25b0n0:19066:22996 [1] NCCL INFO Ring 01 : 7 -> 9 -> 8
x3004c0s25b0n0:19066:22996 [1] NCCL INFO Ring 02 : 7 -> 9 -> 8
x3004c0s25b0n0:19066:22996 [1] NCCL INFO Ring 03 : 7 -> 9 -> 8
x3004c0s25b0n0:19066:22996 [1] NCCL INFO Trees [0] 10/4/-1->9->8 [1] 10/4/-1->9->8 [2] 10/-1/-1->9->8 [3] 10/-1/-1->9->8
x3004c0s25b0n0:19066:22996 [1] NCCL INFO misc/utils.cc:235 memory stack hunk malloc(65536)
x3004c0s25b0n0:19066:22996 [1] NCCL INFO channel.cc:23 Cuda Alloc Size 8064 pointer 0x152f53817400
x3004c0s25b0n0:19066:22996 [1] NCCL INFO channel.cc:27 Cuda Alloc Size 80 pointer 0x152f53819400
x3004c0s25b0n0:19066:22996 [1] NCCL INFO channel.cc:23 Cuda Alloc Size 8064 pointer 0x152f53819600
x3004c0s25b0n0:19066:22996 [1] NCCL INFO channel.cc:27 Cuda Alloc Size 80 pointer 0x152f5381b600
x3004c0s25b0n0:19066:22996 [1] NCCL INFO channel.cc:23 Cuda Alloc Size 8064 pointer 0x152f5381b800
x3004c0s25b0n0:19066:22996 [1] NCCL INFO channel.cc:27 Cuda Alloc Size 80 pointer 0x152f5381d800
x3004c0s25b0n0:19066:22996 [1] NCCL INFO channel.cc:23 Cuda Alloc Size 8064 pointer 0x152f5381da00
x3004c0s25b0n0:19066:22996 [1] NCCL INFO channel.cc:27 Cuda Alloc Size 80 pointer 0x152f5381fa00
x3004c0s25b0n0:19066:22996 [1] NCCL INFO GPU Direct RDMA Disabled for GPU 46000 / HCA 1 (distance 6 > 4)
x3004c0s25b0n0:19068:22995 [2] NCCL INFO Ring 00 : 8 -> 10 -> 11
x3004c0s25b0n0:19068:22995 [2] NCCL INFO Ring 01 : 8 -> 10 -> 11
x3004c0s25b0n0:19068:22995 [2] NCCL INFO Ring 02 : 8 -> 10 -> 11
x3004c0s25b0n0:19068:22995 [2] NCCL INFO Ring 03 : 8 -> 10 -> 11
x3004c0s25b0n0:19068:22995 [2] NCCL INFO Trees [0] 11/-1/-1->10->9 [1] 11/-1/-1->10->9 [2] 11/-1/-1->10->9 [3] 11/-1/-1->10->9
x3004c0s25b0n0:19068:22995 [2] NCCL INFO misc/utils.cc:235 memory stack hunk malloc(65536)
x3004c0s25b0n0:19068:22995 [2] NCCL INFO channel.cc:23 Cuda Alloc Size 8064 pointer 0x14be9b817400
x3004c0s25b0n0:19068:22995 [2] NCCL INFO channel.cc:27 Cuda Alloc Size 80 pointer 0x14be9b819400
x3004c0s25b0n0:19068:22995 [2] NCCL INFO channel.cc:23 Cuda Alloc Size 8064 pointer 0x14be9b819600
x3004c0s25b0n0:19068:22995 [2] NCCL INFO channel.cc:27 Cuda Alloc Size 80 pointer 0x14be9b81b600
x3004c0s25b0n0:19068:22995 [2] NCCL INFO channel.cc:23 Cuda Alloc Size 8064 pointer 0x14be9b81b800
x3004c0s25b0n0:19068:22995 [2] NCCL INFO channel.cc:27 Cuda Alloc Size 80 pointer 0x14be9b81d800
x3004c0s25b0n0:19068:22995 [2] NCCL INFO channel.cc:23 Cuda Alloc Size 8064 pointer 0x14be9b81da00
x3004c0s25b0n0:19068:22995 [2] NCCL INFO channel.cc:27 Cuda Alloc Size 80 pointer 0x14be9b81fa00
x3004c0s25b0n0:19068:22995 [2] NCCL INFO Channel 00/0 : 10[85000] -> 11[c7000] via P2P/IPC/read
x3004c0s25b0n0:19066:23146 [1] NCCL INFO Mem Realloc old size 0, new size 8 pointer 0x152efc000c60
x3004c0s25b0n0:19066:23146 [1] NCCL INFO Allocated 4194656 bytes of shared memory in /dev/shm/nccl-YSTXXR

x3004c0s25b0n0:19066:23146 [1] NCCL INFO New proxy recv connection 0 from local rank 1, transport 2
x3004c0s25b0n0:19066:22996 [1] NCCL INFO Connection to proxy localRank 1 -> connection 0x152efc000c80
x3004c0s25b0n0:19068:23153 [2] NCCL INFO Mem Realloc old size 0, new size 8 pointer 0x14be44000c60
x3004c0s25b0n0:19068:23153 [2] NCCL INFO New proxy send connection 0 from local rank 2, transport 0
x3004c0s25b0n0:19064:22994 [0] NCCL INFO Channel 01/0 : 8[7000] -> 10[85000] via P2P/IPC/read
x3004c0s25b0n0:19064:23176 [0] NCCL INFO New proxy send connection 1 from local rank 0, transport 0
x3004c0s25b0n0:19072:22993 [3] NCCL INFO Ring 00 : 10 -> 11 -> 13
x3004c0s25b0n0:19072:22993 [3] NCCL INFO Ring 01 : 10 -> 11 -> 13
x3004c0s25b0n0:19072:22993 [3] NCCL INFO Ring 02 : 10 -> 11 -> 13
x3004c0s25b0n0:19072:22993 [3] NCCL INFO Ring 03 : 10 -> 11 -> 13
x3004c0s25b0n0:19072:22993 [3] NCCL INFO Trees [0] -1/-1/-1->11->10 [1] -1/-1/-1->11->10 [2] -1/-1/-1->11->10 [3] -1/-1/-1->11->10
x3004c0s25b0n0:19072:22993 [3] NCCL INFO misc/utils.cc:235 memory stack hunk malloc(65536)
x3004c0s25b0n0:19072:22993 [3] NCCL INFO channel.cc:23 Cuda Alloc Size 8064 pointer 0x14664b817400
x3004c0s25b0n0:19072:22993 [3] NCCL INFO channel.cc:27 Cuda Alloc Size 80 pointer 0x14664b819400
x3004c0s25b0n0:19072:22993 [3] NCCL INFO channel.cc:23 Cuda Alloc Size 8064 pointer 0x14664b819600
x3004c0s25b0n0:19072:22993 [3] NCCL INFO channel.cc:27 Cuda Alloc Size 80 pointer 0x14664b81b600
x3004c0s25b0n0:19072:22993 [3] NCCL INFO channel.cc:23 Cuda Alloc Size 8064 pointer 0x14664b81b800
x3004c0s25b0n0:19072:22993 [3] NCCL INFO channel.cc:27 Cuda Alloc Size 80 pointer 0x14664b81d800
x3004c0s25b0n0:19072:22993 [3] NCCL INFO channel.cc:23 Cuda Alloc Size 8064 pointer 0x14664b81da00
x3004c0s25b0n0:19072:22993 [3] NCCL INFO channel.cc:27 Cuda Alloc Size 80 pointer 0x14664b81fa00
x3004c0s25b0n0:19068:22995 [2] NCCL INFO Connection to proxy localRank 2 -> connection 0x14be44000c80
x3004c0s25b0n0:19072:23154 [3] NCCL INFO Mem Realloc old size 0, new size 8 pointer 0x1465f4000c60
x3004c0s25b0n0:19072:23154 [3] NCCL INFO New proxy recv connection 0 from local rank 3, transport 0
x3004c0s25b0n0:19072:22993 [3] NCCL INFO Connection to proxy localRank 3 -> connection 0x1465f4000c80
x3004c0s25b0n0:19068:23153 [2] NCCL INFO transport/p2p.cc:430 Cuda Alloc Size 6291456 pointer 0x14bec0000000
x3004c0s25b0n0:19072:23154 [3] NCCL INFO transport/p2p.cc:449 Cuda Alloc Size 6291456 pointer 0x14662f600000
x3004c0s25b0n0:19064:22994 [0] NCCL INFO Connection to proxy localRank 0 -> connection 0x145ce8000cc0
x3004c0s25b0n0:19064:23176 [0] NCCL INFO transport/p2p.cc:430 Cuda Alloc Size 6291456 pointer 0x145d64600000
x3004c0s25b0n0:19066:22996 [1] NCCL INFO Channel 00/0 : 7[c7000] -> 9[46000] [receive] via NET/IB/1
x3004c0s25b0n0:19066:22996 [1] NCCL INFO GPU Direct RDMA Disabled for GPU 46000 / HCA 0 (distance 7 > 4)
x3004c0s25b0n0:19066:23146 [1] NCCL INFO New proxy recv connection 1 from local rank 1, transport 2
x3004c0s25b0n0:19068:22995 [2] NCCL INFO Channel 01/0 : 10[85000] -> 11[c7000] via P2P/IPC/read
x3004c0s25b0n0:19068:23153 [2] NCCL INFO New proxy send connection 1 from local rank 2, transport 0
x3004c0s25b0n0:19064:22994 [0] NCCL INFO Channel 02/0 : 8[7000] -> 10[85000] via P2P/IPC/read
x3004c0s25b0n0:19064:23176 [0] NCCL INFO New proxy send connection 2 from local rank 0, transport 0
x3004c0s25b0n0:19072:23154 [3] NCCL INFO New proxy recv connection 1 from local rank 3, transport 0
x3004c0s25b0n0:19072:22993 [3] NCCL INFO Connection to proxy localRank 3 -> connection 0x1465f4000cc0
x3004c0s25b0n0:19068:22995 [2] NCCL INFO Connection to proxy localRank 2 -> connection 0x14be44000cc0
x3004c0s25b0n0:19068:23153 [2] NCCL INFO transport/p2p.cc:430 Cuda Alloc Size 6291456 pointer 0x14bec0600000
x3004c0s25b0n0:19066:22996 [1] NCCL INFO Connection to proxy localRank 1 -> connection 0x152efc000cc0
x3004c0s25b0n0:19064:22994 [0] NCCL INFO Connection to proxy localRank 0 -> connection 0x145ce8000d00
x3004c0s25b0n0:19064:23176 [0] NCCL INFO transport/p2p.cc:430 Cuda Alloc Size 6291456 pointer 0x145d64c00000
x3004c0s25b0n0:19064:22994 [0] NCCL INFO Channel 03/0 : 8[7000] -> 10[85000] via P2P/IPC/read
x3004c0s25b0n0:19072:23154 [3] NCCL INFO transport/p2p.cc:449 Cuda Alloc Size 6291456 pointer 0x14666f800000
x3004c0s25b0n0:19068:22995 [2] NCCL INFO Channel 02/0 : 10[85000] -> 11[c7000] via P2P/IPC/read
x3004c0s25b0n0:19068:23153 [2] NCCL INFO New proxy send connection 2 from local rank 2, transport 0
x3004c0s25b0n0:19072:23154 [3] NCCL INFO New proxy recv connection 2 from local rank 3, transport 0
x3004c0s25b0n0:19064:23176 [0] NCCL INFO New proxy send connection 3 from local rank 0, transport 0
x3004c0s25b0n0:19066:22996 [1] NCCL INFO Channel 01/0 : 7[c7000] -> 9[46000] [receive] via NET/IB/0
x3004c0s25b0n0:19066:22996 [1] NCCL INFO GPU Direct RDMA Disabled for GPU 46000 / HCA 1 (distance 6 > 4)
x3004c0s25b0n0:19066:23146 [1] NCCL INFO New proxy recv connection 2 from local rank 1, transport 2
x3004c0s25b0n0:19068:22995 [2] NCCL INFO Connection to proxy localRank 2 -> connection 0x14be44000d00
x3004c0s25b0n0:19068:23153 [2] NCCL INFO transport/p2p.cc:430 Cuda Alloc Size 6291456 pointer 0x14bec0c00000
x3004c0s25b0n0:19072:22993 [3] NCCL INFO Connection to proxy localRank 3 -> connection 0x1465f4000d00
x3004c0s25b0n0:19072:23154 [3] NCCL INFO transport/p2p.cc:449 Cuda Alloc Size 6291456 pointer 0x14666fe00000
x3004c0s25b0n0:19064:22994 [0] NCCL INFO Connection to proxy localRank 0 -> connection 0x145ce8000d40
x3004c0s25b0n0:19064:23176 [0] NCCL INFO transport/p2p.cc:430 Cuda Alloc Size 6291456 pointer 0x145d65200000
x3004c0s25b0n0:19066:22996 [1] NCCL INFO Connection to proxy localRank 1 -> connection 0x152efc000d00
x3004c0s25b0n0:19068:22995 [2] NCCL INFO Channel 03/0 : 10[85000] -> 11[c7000] via P2P/IPC/read
x3004c0s25b0n0:19068:23153 [2] NCCL INFO New proxy send connection 3 from local rank 2, transport 0
x3004c0s25b0n0:19072:23154 [3] NCCL INFO New proxy recv connection 3 from local rank 3, transport 0
x3004c0s25b0n0:19066:22996 [1] NCCL INFO Channel 02/0 : 7[c7000] -> 9[46000] [receive] via NET/IB/1
x3004c0s25b0n0:19066:22996 [1] NCCL INFO GPU Direct RDMA Disabled for GPU 46000 / HCA 0 (distance 7 > 4)
x3004c0s25b0n0:19066:23146 [1] NCCL INFO New proxy recv connection 3 from local rank 1, transport 2
x3004c0s25b0n0:19068:22995 [2] NCCL INFO Connection to proxy localRank 2 -> connection 0x14be44000d40
x3004c0s25b0n0:19068:23153 [2] NCCL INFO transport/p2p.cc:430 Cuda Alloc Size 6291456 pointer 0x14bec1200000
x3004c0s25b0n0:19072:22993 [3] NCCL INFO Connection to proxy localRank 3 -> connection 0x1465f4000d40
x3004c0s25b0n0:19072:23154 [3] NCCL INFO transport/p2p.cc:449 Cuda Alloc Size 6291456 pointer 0x146670400000
x3004c0s25b0n0:19066:22996 [1] NCCL INFO Connection to proxy localRank 1 -> connection 0x152efc000d40
x3004c0s25b0n0:19072:22993 [3] NCCL INFO GPU Direct RDMA Disabled for GPU c7000 / HCA 1 (distance 7 > 4)
x3004c0s25b0n0:19068:23153 [2] NCCL INFO New proxy recv connection 4 from local rank 2, transport 0
x3004c0s25b0n0:19068:22995 [2] NCCL INFO Connection to proxy localRank 2 -> connection 0x14be44000d80
x3004c0s25b0n0:19068:23153 [2] NCCL INFO transport/p2p.cc:449 Cuda Alloc Size 6291456 pointer 0x14be3f800000
x3004c0s25b0n0:19072:23154 [3] NCCL INFO Allocated 4194656 bytes of shared memory in /dev/shm/nccl-DgDnel

x3004c0s25b0n0:19072:23154 [3] NCCL INFO New proxy send connection 4 from local rank 3, transport 2
x3004c0s25b0n0:19066:22996 [1] NCCL INFO Channel 03/0 : 7[c7000] -> 9[46000] [receive] via NET/IB/0
x3004c0s25b0n0:19068:23153 [2] NCCL INFO New proxy recv connection 5 from local rank 2, transport 0
x3004c0s25b0n0:19072:22993 [3] NCCL INFO Connection to proxy localRank 3 -> connection 0x1465f4000d80
x3004c0s25b0n0:19072:22993 [3] NCCL INFO Channel 00/0 : 11[c7000] -> 13[46000] [send] via NET/IB/1
x3004c0s25b0n0:19072:22993 [3] NCCL INFO GPU Direct RDMA Disabled for GPU c7000 / HCA 0 (distance 6 > 4)
x3004c0s25b0n0:19072:23154 [3] NCCL INFO New proxy send connection 5 from local rank 3, transport 2
x3004c0s25b0n0:19068:22995 [2] NCCL INFO Connection to proxy localRank 2 -> connection 0x14be44000dc0
x3004c0s25b0n0:19068:23153 [2] NCCL INFO transport/p2p.cc:449 Cuda Alloc Size 6291456 pointer 0x14be3c000000
x3004c0s25b0n0:19072:22993 [3] NCCL INFO Connection to proxy localRank 3 -> connection 0x1465f4000dc0
x3004c0s25b0n0:19072:22993 [3] NCCL INFO Channel 01/0 : 11[c7000] -> 13[46000] [send] via NET/IB/0
x3004c0s25b0n0:19072:22993 [3] NCCL INFO GPU Direct RDMA Disabled for GPU c7000 / HCA 1 (distance 7 > 4)
x3004c0s25b0n0:19072:23154 [3] NCCL INFO New proxy send connection 6 from local rank 3, transport 2
x3004c0s25b0n0:19068:23153 [2] NCCL INFO New proxy recv connection 6 from local rank 2, transport 0
x3004c0s25b0n0:19068:22995 [2] NCCL INFO Connection to proxy localRank 2 -> connection 0x14be44000e00
x3004c0s25b0n0:19072:22993 [3] NCCL INFO Connection to proxy localRank 3 -> connection 0x1465f4000e00
x3004c0s25b0n0:19072:22993 [3] NCCL INFO Channel 02/0 : 11[c7000] -> 13[46000] [send] via NET/IB/1
x3004c0s25b0n0:19072:22993 [3] NCCL INFO GPU Direct RDMA Disabled for GPU c7000 / HCA 0 (distance 6 > 4)
x3004c0s25b0n0:19072:23154 [3] NCCL INFO New proxy send connection 7 from local rank 3, transport 2
x3004c0s25b0n0:19068:23153 [2] NCCL INFO transport/p2p.cc:449 Cuda Alloc Size 6291456 pointer 0x14be3c600000
x3004c0s25b0n0:19072:22993 [3] NCCL INFO Connection to proxy localRank 3 -> connection 0x1465f4000e40
x3004c0s25b0n0:19072:22993 [3] NCCL INFO Channel 03/0 : 11[c7000] -> 13[46000] [send] via NET/IB/0
x3004c0s25b0n0:19072:23154 [3] NCCL INFO transport/net_ib.cc:596 Ib Alloc Size 26560 pointer 0x1465f4020000
x3004c0s25b0n0:19072:23154 [3] NCCL INFO NET/IB: Dev 1 Port 1 qpn 12857 mtu 5 GID 0 (80FE/9F0100FEFF000000)
x3004c0s25b0n0:19072:23154 [3] NCCL INFO transport/net_ib.cc:653 Ib Alloc Size 552 pointer 0x1465f4038000
x3004c0s25b0n0:19072:23154 [3] NCCL INFO transport/net.cc:571 Cuda Host Alloc Size 9641984 pointer 0x1465fac00000
x3004c0s25b0n0:19068:23153 [2] NCCL INFO New proxy recv connection 7 from local rank 2, transport 0
x3004c0s25b0n0:19068:22995 [2] NCCL INFO Connection to proxy localRank 2 -> connection 0x14be44000e40
x3004c0s25b0n0:19068:23153 [2] NCCL INFO transport/p2p.cc:449 Cuda Alloc Size 6291456 pointer 0x14be3cc00000
x3004c0s25b0n0:19072:23154 [3] NCCL INFO transport/net_ib.cc:596 Ib Alloc Size 26560 pointer 0x1465f403a000
x3004c0s25b0n0:19072:23154 [3] NCCL INFO NET/IB: Dev 0 Port 1 qpn 12870 mtu 5 GID 0 (80FE/FC0100FEFF000000)
x3004c0s25b0n0:19072:23154 [3] NCCL INFO transport/net_ib.cc:653 Ib Alloc Size 552 pointer 0x1465f4051000
x3004c0s25b0n0:19072:23154 [3] NCCL INFO transport/net.cc:571 Cuda Host Alloc Size 9641984 pointer 0x1465fb600000
x3004c0s25b0n0:19068:22995 [2] NCCL INFO Connected all rings
x3004c0s25b0n0:19068:23153 [2] NCCL INFO New proxy recv connection 8 from local rank 2, transport 0
x3004c0s25b0n0:19064:23176 [0] NCCL INFO New proxy recv connection 4 from local rank 0, transport 0
x3004c0s25b0n0:19072:23154 [3] NCCL INFO transport/net_ib.cc:596 Ib Alloc Size 26560 pointer 0x1465f4053000
x3004c0s25b0n0:19072:23154 [3] NCCL INFO NET/IB: Dev 1 Port 1 qpn 12858 mtu 5 GID 0 (80FE/9F0100FEFF000000)
x3004c0s25b0n0:19072:23154 [3] NCCL INFO transport/net_ib.cc:653 Ib Alloc Size 552 pointer 0x1465f406a000
x3004c0s25b0n0:19072:23154 [3] NCCL INFO transport/net.cc:571 Cuda Host Alloc Size 9641984 pointer 0x1465ee000000
x3004c0s25b0n0:19064:22994 [0] NCCL INFO Connection to proxy localRank 0 -> connection 0x145ce8000d80
x3004c0s25b0n0:19064:23176 [0] NCCL INFO transport/p2p.cc:449 Cuda Alloc Size 6291456 pointer 0x145ce3800000
x3004c0s25b0n0:19068:22995 [2] NCCL INFO Connection to proxy localRank 2 -> connection 0x14be44000e80
x3004c0s25b0n0:19068:23153 [2] NCCL INFO transport/p2p.cc:449 Cuda Alloc Size 6291456 pointer 0x14be3ac00000
x3004c0s25b0n0:19072:23154 [3] NCCL INFO transport/net_ib.cc:596 Ib Alloc Size 26560 pointer 0x1465f406c000
x3004c0s25b0n0:19068:23153 [2] NCCL INFO New proxy recv connection 9 from local rank 2, transport 0
x3004c0s25b0n0:19072:23154 [3] NCCL INFO NET/IB: Dev 0 Port 1 qpn 12871 mtu 5 GID 0 (80FE/FC0100FEFF000000)
x3004c0s25b0n0:19072:23154 [3] NCCL INFO transport/net_ib.cc:653 Ib Alloc Size 552 pointer 0x1465f4083000
x3004c0s25b0n0:19072:23154 [3] NCCL INFO transport/net.cc:571 Cuda Host Alloc Size 9641984 pointer 0x1465eea00000
x3004c0s25b0n0:19064:23176 [0] NCCL INFO New proxy recv connection 5 from local rank 0, transport 0
x3004c0s25b0n0:19072:22993 [3] NCCL INFO Connected all rings
x3004c0s25b0n0:19072:22993 [3] NCCL INFO Channel 00/0 : 11[c7000] -> 10[85000] via P2P/IPC/read
x3004c0s25b0n0:19072:23154 [3] NCCL INFO New proxy send connection 8 from local rank 3, transport 0
x3004c0s25b0n0:19068:22995 [2] NCCL INFO Connection to proxy localRank 2 -> connection 0x14be44000ec0
x3004c0s25b0n0:19068:23153 [2] NCCL INFO transport/p2p.cc:449 Cuda Alloc Size 6291456 pointer 0x14be3b200000
x3004c0s25b0n0:19064:22994 [0] NCCL INFO Connection to proxy localRank 0 -> connection 0x145ce8000dc0
x3004c0s25b0n0:19064:23176 [0] NCCL INFO transport/p2p.cc:449 Cuda Alloc Size 6291456 pointer 0x145ce0000000
x3004c0s25b0n0:19072:22993 [3] NCCL INFO Connection to proxy localRank 3 -> connection 0x1465f4000e80
x3004c0s25b0n0:19072:23154 [3] NCCL INFO transport/p2p.cc:430 Cuda Alloc Size 6291456 pointer 0x1465ef400000
x3004c0s25b0n0:19068:23153 [2] NCCL INFO New proxy recv connection 10 from local rank 2, transport 0
x3004c0s25b0n0:19068:22995 [2] NCCL INFO Connection to proxy localRank 2 -> connection 0x14be44000f00
x3004c0s25b0n0:19068:23153 [2] NCCL INFO transport/p2p.cc:449 Cuda Alloc Size 6291456 pointer 0x14be3b800000
x3004c0s25b0n0:19066:23146 [1] NCCL INFO transport/net_ib.cc:683 Ib Alloc Size 21688 pointer 0x152efc01d000
x3004c0s25b0n0:19066:23146 [1] NCCL INFO transport/net_ib.cc:696 Ib Alloc Size 552 pointer 0x152efc024000
x3004c0s25b0n0:19066:23146 [1] NCCL INFO transport/net_ib.cc:771 Ib Alloc Size 552 pointer 0x152efc041000
x3004c0s25b0n0:19066:23146 [1] NCCL INFO transport/net.cc:698 Cuda Host Alloc Size 9641984 pointer 0x152f7aa00000
x3004c0s25b0n0:19064:23176 [0] NCCL INFO New proxy recv connection 6 from local rank 0, transport 0
x3004c0s25b0n0:19072:22993 [3] NCCL INFO Channel 01/0 : 11[c7000] -> 10[85000] via P2P/IPC/read
x3004c0s25b0n0:19072:23154 [3] NCCL INFO New proxy send connection 9 from local rank 3, transport 0
x3004c0s25b0n0:19068:23153 [2] NCCL INFO New proxy recv connection 11 from local rank 2, transport 0
x3004c0s25b0n0:19066:23146 [1] NCCL INFO transport/net_ib.cc:683 Ib Alloc Size 21688 pointer 0x152efc043000
x3004c0s25b0n0:19064:22994 [0] NCCL INFO Connection to proxy localRank 0 -> connection 0x145ce8000e00
x3004c0s25b0n0:19064:23176 [0] NCCL INFO transport/p2p.cc:449 Cuda Alloc Size 6291456 pointer 0x145ce0600000
x3004c0s25b0n0:19072:22993 [3] NCCL INFO Connection to proxy localRank 3 -> connection 0x1465f4000ec0
x3004c0s25b0n0:19072:23154 [3] NCCL INFO transport/p2p.cc:430 Cuda Alloc Size 6291456 pointer 0x1465efa00000
x3004c0s25b0n0:19064:23176 [0] NCCL INFO New proxy recv connection 7 from local rank 0, transport 0
x3004c0s25b0n0:19066:23146 [1] NCCL INFO transport/net_ib.cc:696 Ib Alloc Size 552 pointer 0x152efc04a000
x3004c0s25b0n0:19068:22995 [2] NCCL INFO Connection to proxy localRank 2 -> connection 0x14be44000f40
x3004c0s25b0n0:19068:23153 [2] NCCL INFO transport/p2p.cc:449 Cuda Alloc Size 6291456 pointer 0x14be38000000
x3004c0s25b0n0:19072:22993 [3] NCCL INFO Channel 02/0 : 11[c7000] -> 10[85000] via P2P/IPC/read
x3004c0s25b0n0:19072:23154 [3] NCCL INFO New proxy send connection 10 from local rank 3, transport 0
x3004c0s25b0n0:19066:23146 [1] NCCL INFO transport/net_ib.cc:771 Ib Alloc Size 552 pointer 0x152efc065000
x3004c0s25b0n0:19066:23146 [1] NCCL INFO transport/net.cc:698 Cuda Host Alloc Size 9641984 pointer 0x152f7b400000
x3004c0s25b0n0:19072:22993 [3] NCCL INFO Connection to proxy localRank 3 -> connection 0x1465f4000f00
x3004c0s25b0n0:19072:23154 [3] NCCL INFO transport/p2p.cc:430 Cuda Alloc Size 6291456 pointer 0x1465ec000000
x3004c0s25b0n0:19072:22993 [3] NCCL INFO Channel 03/0 : 11[c7000] -> 10[85000] via P2P/IPC/read
x3004c0s25b0n0:19072:23154 [3] NCCL INFO New proxy send connection 11 from local rank 3, transport 0
x3004c0s25b0n0:19064:22994 [0] NCCL INFO Connection to proxy localRank 0 -> connection 0x145ce8000e40
x3004c0s25b0n0:19064:23176 [0] NCCL INFO transport/p2p.cc:449 Cuda Alloc Size 6291456 pointer 0x145ce0c00000
x3004c0s25b0n0:19066:23146 [1] NCCL INFO transport/net_ib.cc:683 Ib Alloc Size 21688 pointer 0x152efc067000
x3004c0s25b0n0:19066:23146 [1] NCCL INFO transport/net_ib.cc:696 Ib Alloc Size 552 pointer 0x152efc06e000
x3004c0s25b0n0:19066:23146 [1] NCCL INFO transport/net_ib.cc:771 Ib Alloc Size 552 pointer 0x152efc089000
x3004c0s25b0n0:19066:23146 [1] NCCL INFO transport/net.cc:698 Cuda Host Alloc Size 9641984 pointer 0x152f7be00000
x3004c0s25b0n0:19072:22993 [3] NCCL INFO Connection to proxy localRank 3 -> connection 0x1465f4000f40
x3004c0s25b0n0:19072:23154 [3] NCCL INFO transport/p2p.cc:430 Cuda Alloc Size 6291456 pointer 0x1465ec600000
x3004c0s25b0n0:19066:23146 [1] NCCL INFO transport/net_ib.cc:683 Ib Alloc Size 21688 pointer 0x152efc08b000
x3004c0s25b0n0:19066:23146 [1] NCCL INFO transport/net_ib.cc:696 Ib Alloc Size 552 pointer 0x152efc092000
x3004c0s25b0n0:19066:23146 [1] NCCL INFO transport/net_ib.cc:771 Ib Alloc Size 552 pointer 0x152efc0ad000
x3004c0s25b0n0:19066:23146 [1] NCCL INFO transport/net.cc:698 Cuda Host Alloc Size 9641984 pointer 0x152f7c800000
x3004c0s25b0n0:19066:22996 [1] NCCL INFO Channel 00/0 : 9[46000] -> 8[7000] via P2P/IPC/read
x3004c0s25b0n0:19066:23146 [1] NCCL INFO New proxy send connection 4 from local rank 1, transport 0
x3004c0s25b0n0:19066:22996 [1] NCCL INFO Connection to proxy localRank 1 -> connection 0x152efc000d80
x3004c0s25b0n0:19066:23146 [1] NCCL INFO transport/p2p.cc:430 Cuda Alloc Size 6291456 pointer 0x152f7d200000
x3004c0s25b0n0:19066:22996 [1] NCCL INFO Channel 01/0 : 9[46000] -> 8[7000] via P2P/IPC/read
x3004c0s25b0n0:19066:23146 [1] NCCL INFO New proxy send connection 5 from local rank 1, transport 0
x3004c0s25b0n0:19066:22996 [1] NCCL INFO Connection to proxy localRank 1 -> connection 0x152efc000dc0
x3004c0s25b0n0:19066:23146 [1] NCCL INFO transport/p2p.cc:430 Cuda Alloc Size 6291456 pointer 0x152ef6000000
x3004c0s25b0n0:19066:22996 [1] NCCL INFO Channel 02/0 : 9[46000] -> 8[7000] via P2P/IPC/read
x3004c0s25b0n0:19066:23146 [1] NCCL INFO New proxy send connection 6 from local rank 1, transport 0
x3004c0s25b0n0:19066:22996 [1] NCCL INFO Connection to proxy localRank 1 -> connection 0x152efc000e00
x3004c0s25b0n0:19066:23146 [1] NCCL INFO transport/p2p.cc:430 Cuda Alloc Size 6291456 pointer 0x152ef6600000
x3004c0s25b0n0:19066:22996 [1] NCCL INFO Channel 03/0 : 9[46000] -> 8[7000] via P2P/IPC/read
x3004c0s25b0n0:19066:23146 [1] NCCL INFO New proxy send connection 7 from local rank 1, transport 0
x3004c0s25b0n0:19066:22996 [1] NCCL INFO Connection to proxy localRank 1 -> connection 0x152efc000e40
x3004c0s25b0n0:19066:23146 [1] NCCL INFO transport/p2p.cc:430 Cuda Alloc Size 6291456 pointer 0x152ef6c00000
x3004c0s25b0n0:19066:22996 [1] NCCL INFO Connected all rings
x3004c0s25b0n0:19064:22994 [0] NCCL INFO Connected all rings
x3004c0s25b0n0:19064:22994 [0] NCCL INFO Channel 00/0 : 8[7000] -> 9[46000] via P2P/IPC/read
x3004c0s25b0n0:19064:23176 [0] NCCL INFO New proxy send connection 8 from local rank 0, transport 0
x3004c0s25b0n0:19066:23146 [1] NCCL INFO New proxy recv connection 8 from local rank 1, transport 0
x3004c0s25b0n0:19064:22994 [0] NCCL INFO Connection to proxy localRank 0 -> connection 0x145ce8000e80
x3004c0s25b0n0:19064:23176 [0] NCCL INFO transport/p2p.cc:430 Cuda Alloc Size 6291456 pointer 0x145cdec00000
x3004c0s25b0n0:19064:22994 [0] NCCL INFO Channel 01/0 : 8[7000] -> 9[46000] via P2P/IPC/read
x3004c0s25b0n0:19064:23176 [0] NCCL INFO New proxy send connection 9 from local rank 0, transport 0
x3004c0s25b0n0:19066:22996 [1] NCCL INFO Connection to proxy localRank 1 -> connection 0x152efc000e80
x3004c0s25b0n0:19066:23146 [1] NCCL INFO transport/p2p.cc:449 Cuda Alloc Size 6291456 pointer 0x152eeec00000
x3004c0s25b0n0:19066:23146 [1] NCCL INFO New proxy recv connection 9 from local rank 1, transport 0
x3004c0s25b0n0:19064:22994 [0] NCCL INFO Connection to proxy localRank 0 -> connection 0x145ce8000ec0
x3004c0s25b0n0:19064:23176 [0] NCCL INFO transport/p2p.cc:430 Cuda Alloc Size 6291456 pointer 0x145cdf200000
x3004c0s25b0n0:19066:22996 [1] NCCL INFO Connection to proxy localRank 1 -> connection 0x152efc000ec0
x3004c0s25b0n0:19066:23146 [1] NCCL INFO transport/p2p.cc:449 Cuda Alloc Size 6291456 pointer 0x152eef200000
x3004c0s25b0n0:19064:22994 [0] NCCL INFO Channel 02/0 : 8[7000] -> 9[46000] via P2P/IPC/read
x3004c0s25b0n0:19064:23176 [0] NCCL INFO New proxy send connection 10 from local rank 0, transport 0
x3004c0s25b0n0:19064:22994 [0] NCCL INFO Connection to proxy localRank 0 -> connection 0x145ce8000f00
x3004c0s25b0n0:19064:23176 [0] NCCL INFO transport/p2p.cc:430 Cuda Alloc Size 6291456 pointer 0x145cdf800000
x3004c0s25b0n0:19064:22994 [0] NCCL INFO Channel 03/0 : 8[7000] -> 9[46000] via P2P/IPC/read
x3004c0s25b0n0:19066:23146 [1] NCCL INFO New proxy recv connection 10 from local rank 1, transport 0
x3004c0s25b0n0:19066:22996 [1] NCCL INFO Connection to proxy localRank 1 -> connection 0x152efc000f00
x3004c0s25b0n0:19066:23146 [1] NCCL INFO transport/p2p.cc:449 Cuda Alloc Size 6291456 pointer 0x152eef800000
x3004c0s25b0n0:19064:23176 [0] NCCL INFO New proxy send connection 11 from local rank 0, transport 0
x3004c0s25b0n0:19064:22994 [0] NCCL INFO Connection to proxy localRank 0 -> connection 0x145ce8000f40
x3004c0s25b0n0:19064:23176 [0] NCCL INFO transport/p2p.cc:430 Cuda Alloc Size 6291456 pointer 0x145cdc000000
x3004c0s25b0n0:19066:23146 [1] NCCL INFO New proxy recv connection 11 from local rank 1, transport 0
x3004c0s25b0n0:19066:22996 [1] NCCL INFO Connection to proxy localRank 1 -> connection 0x152efc000f40
x3004c0s25b0n0:19066:23146 [1] NCCL INFO transport/p2p.cc:449 Cuda Alloc Size 6291456 pointer 0x152eec000000
x3004c0s25b0n0:19066:22996 [1] NCCL INFO Channel 00/0 : 9[46000] -> 10[85000] via P2P/IPC/read
x3004c0s25b0n0:19066:23146 [1] NCCL INFO New proxy send connection 12 from local rank 1, transport 0
x3004c0s25b0n0:19066:22996 [1] NCCL INFO Connection to proxy localRank 1 -> connection 0x152efc000f80
x3004c0s25b0n0:19066:23146 [1] NCCL INFO transport/p2p.cc:430 Cuda Alloc Size 6291456 pointer 0x152eec600000
x3004c0s25b0n0:19066:22996 [1] NCCL INFO Channel 01/0 : 9[46000] -> 10[85000] via P2P/IPC/read
x3004c0s25b0n0:19066:23146 [1] NCCL INFO New proxy send connection 13 from local rank 1, transport 0
x3004c0s25b0n0:19066:22996 [1] NCCL INFO Connection to proxy localRank 1 -> connection 0x152efc000fc0
x3004c0s25b0n0:19066:23146 [1] NCCL INFO transport/p2p.cc:430 Cuda Alloc Size 6291456 pointer 0x152eecc00000
x3004c0s25b0n0:19066:22996 [1] NCCL INFO Channel 02/0 : 9[46000] -> 10[85000] via P2P/IPC/read
x3004c0s25b0n0:19066:23146 [1] NCCL INFO New proxy send connection 14 from local rank 1, transport 0
x3004c0s25b0n0:19066:22996 [1] NCCL INFO Connection to proxy localRank 1 -> connection 0x152efc001000
x3004c0s25b0n0:19066:23146 [1] NCCL INFO transport/p2p.cc:430 Cuda Alloc Size 6291456 pointer 0x152eed200000
x3004c0s25b0n0:19066:22996 [1] NCCL INFO Channel 03/0 : 9[46000] -> 10[85000] via P2P/IPC/read
x3004c0s25b0n0:19066:23146 [1] NCCL INFO New proxy send connection 15 from local rank 1, transport 0
x3004c0s25b0n0:19066:22996 [1] NCCL INFO Connection to proxy localRank 1 -> connection 0x152efc001040
x3004c0s25b0n0:19066:23146 [1] NCCL INFO transport/p2p.cc:430 Cuda Alloc Size 6291456 pointer 0x152eed800000
x3004c0s25b0n0:19066:22996 [1] NCCL INFO GPU Direct RDMA Disabled for GPU 46000 / HCA 1 (distance 6 > 4)
x3004c0s25b0n0:19068:23153 [2] NCCL INFO New proxy recv connection 12 from local rank 2, transport 0
x3004c0s25b0n0:19066:23146 [1] NCCL INFO New proxy recv connection 16 from local rank 1, transport 2
x3004c0s25b0n0:19064:22994 [0] NCCL INFO GPU Direct RDMA Disabled for GPU 7000 / HCA 1 (distance 7 > 4)
x3004c0s25b0n0:19064:23176 [0] NCCL INFO Allocated 4194656 bytes of shared memory in /dev/shm/nccl-Sksr2G

x3004c0s25b0n0:19064:23176 [0] NCCL INFO New proxy send connection 12 from local rank 0, transport 2
x3004c0s25b0n0:19064:22994 [0] NCCL INFO Connection to proxy localRank 0 -> connection 0x145ce8000f80
x3004c0s25b0n0:19064:22994 [0] NCCL INFO Channel 00/0 : 8[7000] -> 12[7000] [send] via NET/IB/1
x3004c0s25b0n0:19064:22994 [0] NCCL INFO GPU Direct RDMA Disabled for GPU 7000 / HCA 0 (distance 7 > 4)
x3004c0s25b0n0:19064:23176 [0] NCCL INFO New proxy send connection 13 from local rank 0, transport 2
x3004c0s25b0n0:19068:22995 [2] NCCL INFO Connection to proxy localRank 2 -> connection 0x14be44000f80
x3004c0s25b0n0:19068:23153 [2] NCCL INFO transport/p2p.cc:449 Cuda Alloc Size 6291456 pointer 0x14be36000000
x3004c0s25b0n0:19066:22996 [1] NCCL INFO Connection to proxy localRank 1 -> connection 0x152efc001080
x3004c0s25b0n0:19066:22996 [1] NCCL INFO Channel 00/0 : 4[7000] -> 9[46000] [receive] via NET/IB/1
x3004c0s25b0n0:19066:22996 [1] NCCL INFO GPU Direct RDMA Disabled for GPU 46000 / HCA 0 (distance 7 > 4)
x3004c0s25b0n0:19068:23153 [2] NCCL INFO New proxy recv connection 13 from local rank 2, transport 0
x3004c0s25b0n0:19068:22995 [2] NCCL INFO Connection to proxy localRank 2 -> connection 0x14be44000fc0
x3004c0s25b0n0:19068:23153 [2] NCCL INFO transport/p2p.cc:449 Cuda Alloc Size 6291456 pointer 0x14be36600000
x3004c0s25b0n0:19066:23146 [1] NCCL INFO New proxy recv connection 17 from local rank 1, transport 2
x3004c0s25b0n0:19064:22994 [0] NCCL INFO Connection to proxy localRank 0 -> connection 0x145ce8000fc0
x3004c0s25b0n0:19064:22994 [0] NCCL INFO Channel 01/0 : 8[7000] -> 12[7000] [send] via NET/IB/0
x3004c0s25b0n0:19068:23153 [2] NCCL INFO New proxy recv connection 14 from local rank 2, transport 0
x3004c0s25b0n0:19066:22996 [1] NCCL INFO Connection to proxy localRank 1 -> connection 0x152efc0010c0
x3004c0s25b0n0:19068:22995 [2] NCCL INFO Connection to proxy localRank 2 -> connection 0x14be44001000
x3004c0s25b0n0:19068:23153 [2] NCCL INFO transport/p2p.cc:449 Cuda Alloc Size 6291456 pointer 0x14be36c00000
x3004c0s25b0n0:19066:22996 [1] NCCL INFO Channel 01/0 : 4[7000] -> 9[46000] [receive] via NET/IB/0
x3004c0s25b0n0:19068:23153 [2] NCCL INFO New proxy recv connection 15 from local rank 2, transport 0
x3004c0s25b0n0:19068:22995 [2] NCCL INFO Connection to proxy localRank 2 -> connection 0x14be44001040
x3004c0s25b0n0:19068:23153 [2] NCCL INFO transport/p2p.cc:449 Cuda Alloc Size 6291456 pointer 0x14be37200000
x3004c0s25b0n0:19064:23176 [0] NCCL INFO transport/net_ib.cc:596 Ib Alloc Size 26560 pointer 0x145ce801b000
x3004c0s25b0n0:19064:23176 [0] NCCL INFO NET/IB: Dev 1 Port 1 qpn 12863 mtu 5 GID 0 (80FE/9F0100FEFF000000)
x3004c0s25b0n0:19064:23176 [0] NCCL INFO transport/net_ib.cc:653 Ib Alloc Size 552 pointer 0x145ce8033000
x3004c0s25b0n0:19064:23176 [0] NCCL INFO transport/net.cc:571 Cuda Host Alloc Size 9641984 pointer 0x145cda000000
x3004c0s25b0n0:19068:22995 [2] NCCL INFO Channel 00/0 : 10[85000] -> 9[46000] via P2P/IPC/read
x3004c0s25b0n0:19068:23153 [2] NCCL INFO New proxy send connection 16 from local rank 2, transport 0
x3004c0s25b0n0:19064:23176 [0] NCCL INFO transport/net_ib.cc:596 Ib Alloc Size 26560 pointer 0x145ce8035000
x3004c0s25b0n0:19064:23176 [0] NCCL INFO NET/IB: Dev 0 Port 1 qpn 12876 mtu 5 GID 0 (80FE/FC0100FEFF000000)
x3004c0s25b0n0:19064:23176 [0] NCCL INFO transport/net_ib.cc:653 Ib Alloc Size 552 pointer 0x145ce804d000
x3004c0s25b0n0:19064:23176 [0] NCCL INFO transport/net.cc:571 Cuda Host Alloc Size 9641984 pointer 0x145cdaa00000
x3004c0s25b0n0:19068:22995 [2] NCCL INFO Connection to proxy localRank 2 -> connection 0x14be44001080
x3004c0s25b0n0:19068:23153 [2] NCCL INFO transport/p2p.cc:430 Cuda Alloc Size 6291456 pointer 0x14be37800000
x3004c0s25b0n0:19064:22994 [0] NCCL INFO GPU Direct RDMA Disabled for GPU 7000 / HCA 1 (distance 7 > 4)
x3004c0s25b0n0:19064:23176 [0] NCCL INFO New proxy send connection 14 from local rank 0, transport 2
x3004c0s25b0n0:19068:22995 [2] NCCL INFO Channel 01/0 : 10[85000] -> 9[46000] via P2P/IPC/read
x3004c0s25b0n0:19068:23153 [2] NCCL INFO New proxy send connection 17 from local rank 2, transport 0
x3004c0s25b0n0:19064:22994 [0] NCCL INFO Connection to proxy localRank 0 -> connection 0x145ce8001000
x3004c0s25b0n0:19064:22994 [0] NCCL INFO Channel 02/0 : 8[7000] -> 13[46000] [send] via NET/IB/1
x3004c0s25b0n0:19064:22994 [0] NCCL INFO GPU Direct RDMA Disabled for GPU 7000 / HCA 0 (distance 7 > 4)
x3004c0s25b0n0:19064:23176 [0] NCCL INFO New proxy send connection 15 from local rank 0, transport 2
x3004c0s25b0n0:19068:22995 [2] NCCL INFO Connection to proxy localRank 2 -> connection 0x14be440010c0
x3004c0s25b0n0:19068:23153 [2] NCCL INFO transport/p2p.cc:430 Cuda Alloc Size 6291456 pointer 0x14be34000000
x3004c0s25b0n0:19068:22995 [2] NCCL INFO Channel 02/0 : 10[85000] -> 9[46000] via P2P/IPC/read
x3004c0s25b0n0:19064:22994 [0] NCCL INFO Connection to proxy localRank 0 -> connection 0x145ce8001040
x3004c0s25b0n0:19064:22994 [0] NCCL INFO Channel 03/0 : 8[7000] -> 13[46000] [send] via NET/IB/0
x3004c0s25b0n0:19064:23176 [0] NCCL INFO transport/net_ib.cc:596 Ib Alloc Size 26560 pointer 0x145ce8059000
x3004c0s25b0n0:19064:23176 [0] NCCL INFO NET/IB: Dev 1 Port 1 qpn 12864 mtu 5 GID 0 (80FE/9F0100FEFF000000)
x3004c0s25b0n0:19064:23176 [0] NCCL INFO transport/net_ib.cc:653 Ib Alloc Size 552 pointer 0x145ce8070000
x3004c0s25b0n0:19064:23176 [0] NCCL INFO transport/net.cc:571 Cuda Host Alloc Size 9641984 pointer 0x145cdb400000
x3004c0s25b0n0:19068:23153 [2] NCCL INFO New proxy send connection 18 from local rank 2, transport 0
x3004c0s25b0n0:19064:23176 [0] NCCL INFO transport/net_ib.cc:596 Ib Alloc Size 26560 pointer 0x145ce8072000
x3004c0s25b0n0:19068:22995 [2] NCCL INFO Connection to proxy localRank 2 -> connection 0x14be44001100
x3004c0s25b0n0:19068:23153 [2] NCCL INFO transport/p2p.cc:430 Cuda Alloc Size 6291456 pointer 0x14be34600000
x3004c0s25b0n0:19068:22995 [2] NCCL INFO Channel 03/0 : 10[85000] -> 9[46000] via P2P/IPC/read
x3004c0s25b0n0:19064:23176 [0] NCCL INFO NET/IB: Dev 0 Port 1 qpn 12877 mtu 5 GID 0 (80FE/FC0100FEFF000000)
x3004c0s25b0n0:19064:23176 [0] NCCL INFO transport/net_ib.cc:653 Ib Alloc Size 552 pointer 0x145ce8089000
x3004c0s25b0n0:19064:23176 [0] NCCL INFO transport/net.cc:571 Cuda Host Alloc Size 9641984 pointer 0x145cd2000000
x3004c0s25b0n0:19068:23153 [2] NCCL INFO New proxy send connection 19 from local rank 2, transport 0
x3004c0s25b0n0:19064:22994 [0] NCCL INFO GPU Direct RDMA Disabled for GPU 7000 / HCA 1 (distance 7 > 4)
x3004c0s25b0n0:19064:23176 [0] NCCL INFO New proxy send connection 16 from local rank 0, transport 2
x3004c0s25b0n0:19064:22994 [0] NCCL INFO Connection to proxy localRank 0 -> connection 0x145ce8001080
x3004c0s25b0n0:19064:22994 [0] NCCL INFO Channel 00/0 : 8[7000] -> 17[46000] [send] via NET/IB/1
x3004c0s25b0n0:19064:22994 [0] NCCL INFO GPU Direct RDMA Disabled for GPU 7000 / HCA 0 (distance 7 > 4)
x3004c0s25b0n0:19064:23176 [0] NCCL INFO New proxy send connection 17 from local rank 0, transport 2
x3004c0s25b0n0:19068:22995 [2] NCCL INFO Connection to proxy localRank 2 -> connection 0x14be44001140
x3004c0s25b0n0:19068:23153 [2] NCCL INFO transport/p2p.cc:430 Cuda Alloc Size 6291456 pointer 0x14be34c00000
x3004c0s25b0n0:19064:22994 [0] NCCL INFO Connection to proxy localRank 0 -> connection 0x145ce80010c0
x3004c0s25b0n0:19064:22994 [0] NCCL INFO Channel 01/0 : 8[7000] -> 17[46000] [send] via NET/IB/0
x3004c0s25b0n0:19064:23176 [0] NCCL INFO transport/net_ib.cc:596 Ib Alloc Size 26560 pointer 0x145ce8095000
x3004c0s25b0n0:19072:22993 [3] NCCL INFO Connected all trees by HAO
x3004c0s25b0n0:19072:22993 [3] NCCL INFO threadThresholds 8/8/64 | 160/8/64 | 512 | 512
x3004c0s25b0n0:19072:22993 [3] NCCL INFO 4 coll channels, 4 p2p channels, 2 p2p channels per peer
x3004c0s25b0n0:19072:23154 [3] NCCL INFO New proxy send connection 12 from local rank 3, transport 2
x3004c0s25b0n0:19064:23176 [0] NCCL INFO NET/IB: Dev 1 Port 1 qpn 12865 mtu 5 GID 0 (80FE/9F0100FEFF000000)
x3004c0s25b0n0:19064:23176 [0] NCCL INFO transport/net_ib.cc:653 Ib Alloc Size 552 pointer 0x145ce80ac000
x3004c0s25b0n0:19064:23176 [0] NCCL INFO transport/net.cc:571 Cuda Host Alloc Size 9641984 pointer 0x145cd2a00000
x3004c0s25b0n0:19064:23176 [0] NCCL INFO transport/net_ib.cc:596 Ib Alloc Size 26560 pointer 0x145ce80ae000
x3004c0s25b0n0:19072:22993 [3] NCCL INFO Connection to proxy localRank 3 -> connection 0x1465f4000f80
x3004c0s25b0n0:19072:23154 [3] NCCL INFO transport/net.cc:376 Cuda Alloc Size 8388608 pointer 0x1465ea600000
x3004c0s25b0n0:19064:23176 [0] NCCL INFO NET/IB: Dev 0 Port 1 qpn 12878 mtu 5 GID 0 (80FE/FC0100FEFF000000)
x3004c0s25b0n0:19064:23176 [0] NCCL INFO transport/net_ib.cc:653 Ib Alloc Size 552 pointer 0x145ce80c5000
x3004c0s25b0n0:19066:23146 [1] NCCL INFO transport/net_ib.cc:683 Ib Alloc Size 21688 pointer 0x152efc0be000
x3004c0s25b0n0:19066:23146 [1] NCCL INFO transport/net_ib.cc:696 Ib Alloc Size 552 pointer 0x152efc01a000
x3004c0s25b0n0:19064:23176 [0] NCCL INFO transport/net.cc:571 Cuda Host Alloc Size 9641984 pointer 0x145cd3400000
x3004c0s25b0n0:19064:22994 [0] NCCL INFO GPU Direct RDMA Disabled for GPU 7000 / HCA 1 (distance 7 > 4)
x3004c0s25b0n0:19064:23176 [0] NCCL INFO New proxy recv connection 18 from local rank 0, transport 2
x3004c0s25b0n0:19066:23146 [1] NCCL INFO transport/net_ib.cc:771 Ib Alloc Size 552 pointer 0x152efc0df000
x3004c0s25b0n0:19066:23146 [1] NCCL INFO transport/net.cc:698 Cuda Host Alloc Size 9641984 pointer 0x152ee9200000
x3004c0s25b0n0:19066:23146 [1] NCCL INFO transport/net_ib.cc:683 Ib Alloc Size 21688 pointer 0x152efc0e1000
x3004c0s25b0n0:19066:23146 [1] NCCL INFO transport/net_ib.cc:696 Ib Alloc Size 552 pointer 0x152efc0e8000
x3004c0s25b0n0:19066:23146 [1] NCCL INFO transport/net_ib.cc:771 Ib Alloc Size 552 pointer 0x152efc103000
x3004c0s25b0n0:19066:23146 [1] NCCL INFO transport/net.cc:698 Cuda Host Alloc Size 9641984 pointer 0x152ee6000000
x3004c0s25b0n0:19064:22994 [0] NCCL INFO Connection to proxy localRank 0 -> connection 0x145ce8001100
x3004c0s25b0n0:19064:22994 [0] NCCL INFO Channel 00/0 : 17[46000] -> 8[7000] [receive] via NET/IB/1
x3004c0s25b0n0:19064:22994 [0] NCCL INFO GPU Direct RDMA Disabled for GPU 7000 / HCA 0 (distance 7 > 4)
x3004c0s25b0n0:19064:23176 [0] NCCL INFO New proxy recv connection 19 from local rank 0, transport 2
x3004c0s25b0n0:19066:22996 [1] NCCL INFO GPU Direct RDMA Disabled for GPU 46000 / HCA 1 (distance 6 > 4)
x3004c0s25b0n0:19066:23146 [1] NCCL INFO New proxy send connection 18 from local rank 1, transport 2
x3004c0s25b0n0:19066:22996 [1] NCCL INFO Connection to proxy localRank 1 -> connection 0x152efc001100
x3004c0s25b0n0:19066:22996 [1] NCCL INFO Channel 00/0 : 9[46000] -> 4[7000] [send] via NET/IB/1
x3004c0s25b0n0:19066:22996 [1] NCCL INFO GPU Direct RDMA Disabled for GPU 46000 / HCA 0 (distance 7 > 4)
x3004c0s25b0n0:19064:22994 [0] NCCL INFO Connection to proxy localRank 0 -> connection 0x145ce8001140
x3004c0s25b0n0:19066:23146 [1] NCCL INFO New proxy send connection 19 from local rank 1, transport 2
x3004c0s25b0n0:19064:22994 [0] NCCL INFO Channel 01/0 : 17[46000] -> 8[7000] [receive] via NET/IB/0
x3004c0s25b0n0:19064:23176 [0] NCCL INFO transport/net_ib.cc:683 Ib Alloc Size 21688 pointer 0x145ce80d1000
x3004c0s25b0n0:19064:23176 [0] NCCL INFO transport/net_ib.cc:696 Ib Alloc Size 552 pointer 0x145ce80d8000
x3004c0s25b0n0:19066:22996 [1] NCCL INFO Connection to proxy localRank 1 -> connection 0x152efc001140
x3004c0s25b0n0:19066:22996 [1] NCCL INFO Channel 01/0 : 9[46000] -> 4[7000] [send] via NET/IB/0
x3004c0s25b0n0:19066:23146 [1] NCCL INFO transport/net_ib.cc:596 Ib Alloc Size 26560 pointer 0x152efc10f000
x3004c0s25b0n0:19066:23146 [1] NCCL INFO NET/IB: Dev 1 Port 1 qpn 12869 mtu 5 GID 0 (80FE/9F0100FEFF000000)
x3004c0s25b0n0:19066:23146 [1] NCCL INFO transport/net_ib.cc:653 Ib Alloc Size 552 pointer 0x152efc126000
x3004c0s25b0n0:19066:23146 [1] NCCL INFO transport/net.cc:571 Cuda Host Alloc Size 9641984 pointer 0x152ee6a00000
x3004c0s25b0n0:19064:23176 [0] NCCL INFO transport/net_ib.cc:771 Ib Alloc Size 552 pointer 0x145ce80f4000
x3004c0s25b0n0:19064:23176 [0] NCCL INFO transport/net.cc:698 Cuda Host Alloc Size 9641984 pointer 0x145cd0000000
x3004c0s25b0n0:19064:23176 [0] NCCL INFO transport/net_ib.cc:683 Ib Alloc Size 21688 pointer 0x145ce80f6000
x3004c0s25b0n0:19064:23176 [0] NCCL INFO transport/net_ib.cc:696 Ib Alloc Size 552 pointer 0x145ce80fd000
x3004c0s25b0n0:19064:23176 [0] NCCL INFO transport/net_ib.cc:771 Ib Alloc Size 552 pointer 0x145ce8118000
x3004c0s25b0n0:19064:23176 [0] NCCL INFO transport/net.cc:698 Cuda Host Alloc Size 9641984 pointer 0x145cd0a00000
x3004c0s25b0n0:19066:23146 [1] NCCL INFO transport/net_ib.cc:596 Ib Alloc Size 26560 pointer 0x152efc128000
x3004c0s25b0n0:19066:23146 [1] NCCL INFO NET/IB: Dev 0 Port 1 qpn 12883 mtu 5 GID 0 (80FE/FC0100FEFF000000)
x3004c0s25b0n0:19066:23146 [1] NCCL INFO transport/net_ib.cc:653 Ib Alloc Size 552 pointer 0x152efc13f000
x3004c0s25b0n0:19066:23146 [1] NCCL INFO transport/net.cc:571 Cuda Host Alloc Size 9641984 pointer 0x152ee7400000
x3004c0s25b0n0:19064:22994 [0] NCCL INFO GPU Direct RDMA Disabled for GPU 7000 / HCA 1 (distance 7 > 4)
x3004c0s25b0n0:19066:23146 [1] NCCL INFO New proxy recv connection 20 from local rank 1, transport 0
x3004c0s25b0n0:19064:23176 [0] NCCL INFO New proxy recv connection 20 from local rank 0, transport 2
x3004c0s25b0n0:19066:22996 [1] NCCL INFO Connection to proxy localRank 1 -> connection 0x152efc001180
x3004c0s25b0n0:19066:23146 [1] NCCL INFO transport/p2p.cc:449 Cuda Alloc Size 6291456 pointer 0x152ee4000000
x3004c0s25b0n0:19064:22994 [0] NCCL INFO Connection to proxy localRank 0 -> connection 0x145ce8001180
x3004c0s25b0n0:19066:23146 [1] NCCL INFO New proxy recv connection 21 from local rank 1, transport 0
x3004c0s25b0n0:19064:22994 [0] NCCL INFO Channel 02/0 : 13[46000] -> 8[7000] [receive] via NET/IB/1
x3004c0s25b0n0:19064:22994 [0] NCCL INFO GPU Direct RDMA Disabled for GPU 7000 / HCA 0 (distance 7 > 4)
x3004c0s25b0n0:19064:23176 [0] NCCL INFO New proxy recv connection 21 from local rank 0, transport 2
x3004c0s25b0n0:19066:22996 [1] NCCL INFO Connection to proxy localRank 1 -> connection 0x152efc0011c0
x3004c0s25b0n0:19066:23146 [1] NCCL INFO transport/p2p.cc:449 Cuda Alloc Size 6291456 pointer 0x152ee4600000
