x3004c0s25b1n0:16549:21087 [0] NCCL INFO Allocated 4194656 bytes of shared memory in /dev/shm/nccl-5Frdgx

x3004c0s25b1n0:16549:21087 [0] NCCL INFO New proxy send connection 16 from local rank 0, transport 2
x3004c0s25b1n0:16549:21059 [0] NCCL INFO Connection to proxy localRank 0 -> connection 0x152acc001130
x3004c0s25b1n0:16549:21087 [0] NCCL INFO transport/net.cc:376 Cuda Alloc Size 16777216 pointer 0x152abe000000
x3004c0s25b1n0:16550:21088 [1] NCCL INFO Allocated 4194656 bytes of shared memory in /dev/shm/nccl-WFWiYD

x3004c0s25b1n0:16550:21088 [1] NCCL INFO New proxy send connection 16 from local rank 1, transport 2
x3004c0s25b1n0:16552:21060 [3] NCCL INFO Connected all rings
x3004c0s25b1n0:16552:21060 [3] NCCL INFO Connected all trees by HAO
x3004c0s25b1n0:16552:21060 [3] NCCL INFO threadThresholds 8/8/64 | 16/8/64 | 512 | 512
x3004c0s25b1n0:16552:21060 [3] NCCL INFO 8 coll channels, 8 p2p channels, 8 p2p channels per peer
x3004c0s25b1n0:16552:21091 [3] NCCL INFO Allocated 4194656 bytes of shared memory in /dev/shm/nccl-5MgQ7K

x3004c0s25b1n0:16552:21091 [3] NCCL INFO New proxy send connection 16 from local rank 1, transport 2
x3004c0s25b1n0:16551:21057 [2] NCCL INFO Connected all rings
x3004c0s25b1n0:16551:21057 [2] NCCL INFO Connected all trees by HAO
x3004c0s25b1n0:16551:21057 [2] NCCL INFO Latency/AlgBw |    Tree/    LL |    Tree/ LL128 |    Tree/Simple |    Ring/    LL |    Ring/ LL128 |    Ring/Simple | CollNetDirect/    LL | CollNetDirect/ LL128 | CollNetDirect/Simple | CollNetChain/    LL | CollNetChain/ LL128 | CollNetChain/Simple |
x3004c0s25b1n0:16551:21057 [2] NCCL INFO  Max NThreads |            512 |            640 |            512 |            512 |            640 |            512 |              0 |              0 |            512 |              0 |              0 |            512 |
x3004c0s25b1n0:16551:21057 [2] NCCL INFO     Broadcast |     0.0/   0.0 |     0.0/   0.0 |     0.0/   0.0 |     4.1/  29.3 |    11.9/  80.0 |    11.8/  88.0 |     0.0/   0.0 |     0.0/   0.0 |     0.0/   0.0 |     0.0/   0.0 |     0.0/   0.0 |     0.0/   0.0 |
x3004c0s25b1n0:16551:21057 [2] NCCL INFO        Reduce |     0.0/   0.0 |     0.0/   0.0 |     0.0/   0.0 |     4.1/  22.0 |    11.9/  80.0 |    11.8/  88.0 |     0.0/   0.0 |     0.0/   0.0 |     0.0/   0.0 |     0.0/   0.0 |     0.0/   0.0 |     0.0/   0.0 |
x3004c0s25b1n0:16551:21057 [2] NCCL INFO     AllGather |     0.0/   0.0 |     0.0/   0.0 |     0.0/   0.0 |     4.1/  58.7 |    11.9/ 160.0 |    11.8/ 176.0 |     0.0/   0.0 |     0.0/   0.0 |     0.0/   0.0 |     0.0/   0.0 |     0.0/   0.0 |     0.0/   0.0 |
x3004c0s25b1n0:16551:21057 [2] NCCL INFO ReduceScatter |     0.0/   0.0 |     0.0/   0.0 |     0.0/   0.0 |     4.1/  58.7 |    11.9/ 160.0 |    11.8/ 176.0 |     0.0/   0.0 |     0.0/   0.0 |     0.0/   0.0 |     0.0/   0.0 |     0.0/   0.0 |     0.0/   0.0 |
x3004c0s25b1n0:16551:21057 [2] NCCL INFO     AllReduce |     5.4/  10.7 |     6.9/  31.5 |    56.0/  40.5 |     4.5/  22.0 |    13.8/  80.0 |    15.2/  88.0 |     5.4/   0.0 |     5.4/   0.0 |    27.7/   0.0 |     4.4/   0.0 |     4.4/   0.0 |    16.0/   0.0 |
x3004c0s25b1n0:16551:21057 [2] NCCL INFO threadThresholds 8/8/64 | 16/8/64 | 512 | 512
x3004c0s25b1n0:16551:21057 [2] NCCL INFO 8 coll channels, 8 p2p channels, 8 p2p channels per peer
x3004c0s25b1n0:16551:21093 [2] NCCL INFO Allocated 4194656 bytes of shared memory in /dev/shm/nccl-I47NQG

x3004c0s25b1n0:16551:21093 [2] NCCL INFO New proxy send connection 16 from local rank 0, transport 2
x3004c0s25b1n0:16551:21057 [2] NCCL INFO Connection to proxy localRank 0 -> connection 0x14a798001130
x3004c0s25b1n0:16550:21063 [1] NCCL INFO Connection to proxy localRank 1 -> connection 0x15453c001080
x3004c0s25b1n0:16550:21063 [1] NCCL INFO init.cc:367 Cuda Alloc Size 5168 pointer 0x15459d80de00
x3004c0s25b1n0:16549:21059 [0] NCCL INFO init.cc:367 Cuda Alloc Size 5168 pointer 0x152b4be0de00
x3004c0s25b1n0:16551:21093 [2] NCCL INFO transport/net.cc:376 Cuda Alloc Size 16777216 pointer 0x14a786000000
x3004c0s25b1n0:16549:21059 [0] NCCL INFO init.cc:392 Cuda Host Alloc Size 33554432 pointer 0x152ab6000000
x3004c0s25b1n0:16549:21059 [0] NCCL INFO init.cc:398 Cuda Host Alloc Size 128 pointer 0x152b4b400600
x3004c0s25b1n0:16549:21059 [0] NCCL INFO comm 0x55b2ab7b0ce0 rank 0 nranks 2 cudaDev 0 busId 7000 - Init COMPLETE
x3004c0s25b1n0:16550:21088 [1] NCCL INFO transport/net.cc:376 Cuda Alloc Size 16777216 pointer 0x15452c000000
x3004c0s25b1n0:16550:21063 [1] NCCL INFO init.cc:392 Cuda Host Alloc Size 33554432 pointer 0x15452e000000
x3004c0s25b1n0:16550:21063 [1] NCCL INFO init.cc:398 Cuda Host Alloc Size 128 pointer 0x15459ce00600
x3004c0s25b1n0:16550:21063 [1] NCCL INFO comm 0x5602ca073550 rank 1 nranks 2 cudaDev 1 busId 46000 - Init COMPLETE
[Hao INFO in ncclAllReduce (all_reduce.cc)] rank 0 ncclAllReduce: count: 1, datatype: ncclInt64, message size: 8 Bytes
x3004c0s25b1n0:16549:16549 [0] NCCL INFO AllReduce: opCount 0 sendbuff 0x152b47c00400 recvbuff 0x152b47c00400 count 1 datatype 4 op 0 root 0 comm 0x55b2ab7b0ce0 [nranks=2] stream 0x55b2a9ea33e0
x3004c0s25b1n0:16549:16549 [0] NCCL INFO misc/utils.cc:235 memory stack hunk malloc(65536)

[LYD INFO in ncclAllReduce (all_reduce.cc)] rank 0 AllReduce Time: 0.000017000 seconds

[LYD INFO in getAlgoInfo (enqueue.cc)] algorithm a is: 0

[LYD INFO in getAlgoInfo (enqueue.cc)] algorithm a is: 1

[LYD INFO in getAlgoInfo (enqueue.cc)] rank: 0, Duration between Point 1 and Point 2: 0.000003000 seconds

[LYD INFO in getAlgoInfo (enqueue.cc)] rank 0, Duration between Point 2 and Point 3: 0.000001000 seconds
[LYD INFO in getAlgoInfo (enqueue.cc)] out rank: 0
[LYD INFO in getAlgoInfo (enqueue.cc)] out coll: 4
[LYD INFO in getAlgoInfo (enqueue.cc)] out sendbuff address: 0x152b47c00400
[LYD INFO in getAlgoInfo (enqueue.cc)] out recvbuff address: 0x152b47c00400
[LYD INFO in getAlgoInfo (enqueue.cc)] out count: 1
[LYD INFO in getAlgoInfo (enqueue.cc)] out datatype: 4
[LYD INFO in getAlgoInfo (enqueue.cc)] out chunkSteps: 4
[LYD INFO in getAlgoInfo (enqueue.cc)] out sliceSteps: 2
[LYD INFO in getAlgoInfo (enqueue.cc)] out algorithm: 1
[LYD INFO in getAlgoInfo (enqueue.cc)] out protocol: 0
[LYD INFO in getAlgoInfo (enqueue.cc)] out nChannels: 1
[LYD INFO in getAlgoInfo (enqueue.cc)] out nThreads: 96
[LYD INFO in getAlgoInfo (enqueue.cc)] out nBytes: 8
[LYD INFO in getAlgoInfo (enqueue.cc)] out nstepsPerLoop: 0
[LYD INFO in getAlgoInfo (enqueue.cc)] out nchunksPerLoop: 0
[LYD INFO in getAlgoInfo (enqueue.cc)] out chunkSize: 0
[LYD INFO in ncclLaunchKernel (enqueue.cc)] NCHANNELS is: 8x3004c0s25b1n0:16552:21060 [3] NCCL INFO Connection to proxy localRank 1 -> connection 0x150b94001080
x3004c0s25b1n0:16552:21060 [3] NCCL INFO init.cc:367 Cuda Alloc Size 5168 pointer 0x150c07e0de00
x3004c0s25b1n0:16551:21057 [2] NCCL INFO init.cc:367 Cuda Alloc Size 5168 pointer 0x14a817e0de00
x3004c0s25b1n0:16551:21057 [2] NCCL INFO init.cc:392 Cuda Host Alloc Size 33554432 pointer 0x14a784000000
x3004c0s25b1n0:16551:21057 [2] NCCL INFO init.cc:398 Cuda Host Alloc Size 128 pointer 0x14a817400600
x3004c0s25b1n0:16551:21057 [2] NCCL INFO comm 0x55c703b27020 rank 0 nranks 2 cudaDev 2 busId 85000 - Init COMPLETE
[Hao INFO in ncclAllReduce (all_reduce.cc)] rank 2 ncclAllReduce: count: 1, datatype: ncclInt64, message size: 8 Bytes
x3004c0s25b1n0:16551:16551 [2] NCCL INFO AllReduce: opCount 0 sendbuff 0x14a813a00400 recvbuff 0x14a813a00400 count 1 datatype 4 op 0 root 0 comm 0x55c703b27020 [nranks=2] stream 0x55c7022e4610
x3004c0s25b1n0:16551:16551 [2] NCCL INFO misc/utils.cc:235 memory stack hunk malloc(65536)

[LYD INFO in ncclAllReduce (all_reduce.cc)] rank 0 AllReduce Time: 0.000015000 seconds

[LYD INFO in getAlgoInfo (enqueue.cc)] algorithm a is: 0

[LYD INFO in getAlgoInfo (enqueue.cc)] algorithm a is: 1

[LYD INFO in getAlgoInfo (enqueue.cc)] rank: 0, Duration between Point 1 and Point 2: 0.000002000 seconds

[LYD INFO in getAlgoInfo (enqueue.cc)] rank 0, Duration between Point 2 and Point 3: 0.000001000 seconds
[LYD INFO in getAlgoInfo (enqueue.cc)] out rank: 0
[LYD INFO in getAlgoInfo (enqueue.cc)] out coll: 4
[LYD INFO in getAlgoInfo (enqueue.cc)] out sendbuff address: 0x14a813a00400
[LYD INFO in getAlgoInfo (enqueue.cc)] out recvbuff address: 0x14a813a00400
[LYD INFO in getAlgoInfo (enqueue.cc)] out count: 1
[LYD INFO in getAlgoInfo (enqueue.cc)] out datatype: 4
[LYD INFO in getAlgoInfo (enqueue.cc)] out chunkSteps: 4
[LYD INFO in getAlgoInfo (enqueue.cc)] out sliceSteps: 2
[LYD INFO in getAlgoInfo (enqueue.cc)] out algorithm: 1
[LYD INFO in getAlgoInfo (enqueue.cc)] out protocol: 0
[LYD INFO in getAlgoInfo (enqueue.cc)] out nChannels: 1
[LYD INFO in getAlgoInfo (enqueue.cc)] out nThreads: 96
[LYD INFO in getAlgoInfo (enqueue.cc)] out nBytes: 8
[LYD INFO in getAlgoInfo (enqueue.cc)] out nstepsPerLoop: 0
[LYD INFO in getAlgoInfo (enqueue.cc)] out nchunksPerLoop: 0
[LYD INFO in getAlgoInfo (enqueue.cc)] out chunkSize: 0
[LYD INFO in ncclLaunchKernel (enqueue.cc)] NCHANNELS is: 8x3004c0s25b1n0:16552:21060 [3] NCCL INFO init.cc:392 Cuda Host Alloc Size 33554432 pointer 0x150b86000000
x3004c0s25b1n0:16552:21060 [3] NCCL INFO init.cc:398 Cuda Host Alloc Size 128 pointer 0x150c07400600
x3004c0s25b1n0:16552:21060 [3] NCCL INFO comm 0x55c8bf8ab270 rank 1 nranks 2 cudaDev 3 busId c7000 - Init COMPLETE
x3004c0s25b1n0:16552:21091 [3] NCCL INFO transport/net.cc:376 Cuda Alloc Size 16777216 pointer 0x150b7e000000
x3004c0s25b1n0:16550:16550 [1] NCCL INFO AllReduce: opCount 0 sendbuff 0x1545df600400 recvbuff 0x1545df600400 count 1 datatype 4 op 0 root 0 comm 0x5602ca073550 [nranks=2] stream 0x5602c883bf40
x3004c0s25b1n0:16550:16550 [1] NCCL INFO misc/utils.cc:235 memory stack hunk malloc(65536)
[LYD INFO in ncclLaunchKernel (enqueue.cc)] NCHANNELS is: 8x3004c0s25b1n0:16550:16550 [1] NCCL INFO init.cc:1147 Cuda Host Alloc Size 4 pointer 0x15459ce00800

[LYD INFO in NCCL_KERN_NAME (common.h)] 0 AllReduce RING LL Sum int64_t Elapsed time: 27222 us

[LYD INFO in NCCL_KERN_NAME (common.h)] 1 AllReduce RING LL Sum int64_t Elapsed time: 7 us
x3004c0s25b1n0:16551:16551 [2] NCCL INFO init.cc:1147 Cuda Host Alloc Size 4 pointer 0x14a817400800
x3004c0s25b1n0:16549:16549 [0] NCCL INFO init.cc:1147 Cuda Host Alloc Size 4 pointer 0x152b4b400800
x3004c0s25b1n0:16552:16552 [3] NCCL INFO AllReduce: opCount 0 sendbuff 0x150c03a00400 recvbuff 0x150c03a00400 count 1 datatype 4 op 0 root 0 comm 0x55c8bf8ab270 [nranks=2] stream 0x55c8bc777040
x3004c0s25b1n0:16552:16552 [3] NCCL INFO misc/utils.cc:235 memory stack hunk malloc(65536)
[LYD INFO in ncclLaunchKernel (enqueue.cc)] NCHANNELS is: 8x3004c0s25b1n0:16552:16552 [3] NCCL INFO init.cc:1147 Cuda Host Alloc Size 4 pointer 0x150c07400800
x3004c0s25b1n0:16551:21243 [2] NCCL INFO Using network IB
x3004c0s25b1n0:16549:21244 [0] NCCL INFO Using network IB
x3004c0s25b1n0:16550:21242 [1] NCCL INFO Using network IB

[LYD INFO in NCCL_KERN_NAME (common.h)] 0 AllReduce RING LL Sum int64_t Elapsed time: 57768 us

[LYD INFO in NCCL_KERN_NAME (common.h)] 1 AllReduce RING LL Sum int64_t Elapsed time: 7 us
x3004c0s25b1n0:16552:21247 [3] NCCL INFO Using network IB
x3004c0s25b1n0:16549:21244 [0] NCCL INFO NET/IB : GPU Direct RDMA Enabled for HCA 0 'mlx5_0'
x3004c0s25b1n0:16549:21244 [0] NCCL INFO NET/IB : GPU Direct RDMA Enabled for HCA 1 'mlx5_1'
x3004c0s25b1n0:16549:21244 [0] NCCL INFO GPU Direct RDMA Disabled for GPU 7000 / HCA 0 (distance 7 > 4)
x3004c0s25b1n0:16549:21244 [0] NCCL INFO GPU Direct RDMA Disabled for GPU 85000 / HCA 0 (distance 7 > 4)
x3004c0s25b1n0:16549:21244 [0] NCCL INFO GPU Direct RDMA Disabled for GPU 7000 / HCA 1 (distance 7 > 4)
x3004c0s25b1n0:16549:21244 [0] NCCL INFO GPU Direct RDMA Disabled for GPU 85000 / HCA 1 (distance 7 > 4)
x3004c0s25b1n0:16549:21244 [0] NCCL INFO GPU Direct RDMA Disabled for GPU 7000 / HCA 0 (distance 7 > 4)
x3004c0s25b1n0:16549:21244 [0] NCCL INFO GPU Direct RDMA Disabled for GPU 85000 / HCA 0 (distance 7 > 4)
x3004c0s25b1n0:16549:21244 [0] NCCL INFO GPU Direct RDMA Disabled for GPU 7000 / HCA 1 (distance 7 > 4)
x3004c0s25b1n0:16549:21244 [0] NCCL INFO GPU Direct RDMA Disabled for GPU 85000 / HCA 1 (distance 7 > 4)
x3004c0s25b1n0:16549:21244 [0] NCCL INFO === System : maxBw 12.0 totalBw 88.0 ===
x3004c0s25b1n0:16549:21244 [0] NCCL INFO CPU/3 (1/2/-1)
x3004c0s25b1n0:16549:21244 [0] NCCL INFO + SYS[5000.0] - CPU/1
x3004c0s25b1n0:16549:21244 [0] NCCL INFO + SYS[5000.0] - CPU/0
x3004c0s25b1n0:16549:21244 [0] NCCL INFO + SYS[5000.0] - CPU/2
x3004c0s25b1n0:16549:21244 [0] NCCL INFO + PCI[24.0] - PCI/5000 (11f8406811f8beef)
x3004c0s25b1n0:16549:21244 [0] NCCL INFO               + PCI[24.0] - GPU/7000 (6)
x3004c0s25b1n0:16549:21244 [0] NCCL INFO                             + NVL[88.0] - GPU/85000
x3004c0s25b1n0:16549:21244 [0] NCCL INFO CPU/1 (1/2/-1)
x3004c0s25b1n0:16549:21244 [0] NCCL INFO + SYS[5000.0] - CPU/3
x3004c0s25b1n0:16549:21244 [0] NCCL INFO + SYS[5000.0] - CPU/0
x3004c0s25b1n0:16549:21244 [0] NCCL INFO + SYS[5000.0] - CPU/2
x3004c0s25b1n0:16549:21244 [0] NCCL INFO + PCI[24.0] - PCI/83000 (11f8406811f8beef)
x3004c0s25b1n0:16549:21244 [0] NCCL INFO               + PCI[24.0] - GPU/85000 (7)
x3004c0s25b1n0:16549:21244 [0] NCCL INFO                             + NVL[88.0] - GPU/7000
x3004c0s25b1n0:16549:21244 [0] NCCL INFO CPU/0 (1/2/-1)
x3004c0s25b1n0:16549:21244 [0] NCCL INFO + SYS[5000.0] - CPU/3
x3004c0s25b1n0:16549:21244 [0] NCCL INFO + SYS[5000.0] - CPU/1
x3004c0s25b1n0:16549:21244 [0] NCCL INFO + SYS[5000.0] - CPU/2
x3004c0s25b1n0:16549:21244 [0] NCCL INFO + PCI[12.0] - NIC/C8000
x3004c0s25b1n0:16549:21244 [0] NCCL INFO               + NET[12.5] - NET/0 (e47604ffffa4e988/1/12.500000)
x3004c0s25b1n0:16549:21244 [0] NCCL INFO CPU/2 (1/2/-1)
x3004c0s25b1n0:16549:21244 [0] NCCL INFO + SYS[5000.0] - CPU/3
x3004c0s25b1n0:16549:21244 [0] NCCL INFO + SYS[5000.0] - CPU/1
x3004c0s25b1n0:16549:21244 [0] NCCL INFO + SYS[5000.0] - CPU/0
x3004c0s25b1n0:16549:21244 [0] NCCL INFO + PCI[12.0] - NIC/43000
x3004c0s25b1n0:16549:21244 [0] NCCL INFO               + NET[12.5] - NET/1 (cc7604ffffa4e988/1/12.500000)
x3004c0s25b1n0:16549:21244 [0] NCCL INFO ==========================================
x3004c0s25b1n0:16549:21244 [0] NCCL INFO GPU/7000 :GPU/7000 (0/5000.000000/LOC) GPU/85000 (1/88.000000/NVL) CPU/3 (2/24.000000/PHB) CPU/1 (3/24.000000/SYS) CPU/0 (3/24.000000/SYS) CPU/2 (3/24.000000/SYS) NET/0 (5/12.000000/SYS) NET/1 (5/12.000000/SYS) 
x3004c0s25b1n0:16549:21244 [0] NCCL INFO GPU/85000 :GPU/7000 (1/88.000000/NVL) GPU/85000 (0/5000.000000/LOC) CPU/3 (3/24.000000/SYS) CPU/1 (2/24.000000/PHB) CPU/0 (3/24.000000/SYS) CPU/2 (3/24.000000/SYS) NET/0 (5/12.000000/SYS) NET/1 (5/12.000000/SYS) 
x3004c0s25b1n0:16549:21244 [0] NCCL INFO NET/0 :GPU/7000 (5/12.000000/SYS) GPU/85000 (5/12.000000/SYS) CPU/3 (3/12.000000/SYS) CPU/1 (3/12.000000/SYS) CPU/0 (2/12.000000/PHB) CPU/2 (3/12.000000/SYS) NET/0 (0/5000.000000/LOC) NET/1 (5/12.000000/SYS) 
x3004c0s25b1n0:16549:21244 [0] NCCL INFO NET/1 :GPU/7000 (5/12.000000/SYS) GPU/85000 (5/12.000000/SYS) CPU/3 (3/12.000000/SYS) CPU/1 (3/12.000000/SYS) CPU/0 (3/12.000000/SYS) CPU/2 (2/12.000000/PHB) NET/0 (5/12.000000/SYS) NET/1 (0/5000.000000/LOC) 
x3004c0s25b1n0:16551:21243 [2] NCCL INFO NET/IB : GPU Direct RDMA Enabled for HCA 0 'mlx5_0'
x3004c0s25b1n0:16551:21243 [2] NCCL INFO NET/IB : GPU Direct RDMA Enabled for HCA 1 'mlx5_1'
x3004c0s25b1n0:16551:21243 [2] NCCL INFO GPU Direct RDMA Disabled for GPU 7000 / HCA 0 (distance 7 > 4)
x3004c0s25b1n0:16551:21243 [2] NCCL INFO GPU Direct RDMA Disabled for GPU 85000 / HCA 0 (distance 7 > 4)
x3004c0s25b1n0:16551:21243 [2] NCCL INFO GPU Direct RDMA Disabled for GPU 7000 / HCA 1 (distance 7 > 4)
x3004c0s25b1n0:16551:21243 [2] NCCL INFO GPU Direct RDMA Disabled for GPU 85000 / HCA 1 (distance 7 > 4)
x3004c0s25b1n0:16551:21243 [2] NCCL INFO GPU Direct RDMA Disabled for GPU 7000 / HCA 0 (distance 7 > 4)
x3004c0s25b1n0:16551:21243 [2] NCCL INFO GPU Direct RDMA Disabled for GPU 85000 / HCA 0 (distance 7 > 4)
x3004c0s25b1n0:16551:21243 [2] NCCL INFO GPU Direct RDMA Disabled for GPU 7000 / HCA 1 (distance 7 > 4)
x3004c0s25b1n0:16551:21243 [2] NCCL INFO GPU Direct RDMA Disabled for GPU 85000 / HCA 1 (distance 7 > 4)
x3004c0s25b1n0:16551:21243 [2] NCCL INFO === System : maxBw 12.0 totalBw 88.0 ===
x3004c0s25b1n0:16551:21243 [2] NCCL INFO CPU/3 (1/2/-1)
x3004c0s25b1n0:16551:21243 [2] NCCL INFO + SYS[5000.0] - CPU/1
x3004c0s25b1n0:16551:21243 [2] NCCL INFO + SYS[5000.0] - CPU/0
x3004c0s25b1n0:16551:21243 [2] NCCL INFO + SYS[5000.0] - CPU/2
x3004c0s25b1n0:16551:21243 [2] NCCL INFO + PCI[24.0] - PCI/5000 (11f8406811f8beef)
x3004c0s25b1n0:16551:21243 [2] NCCL INFO               + PCI[24.0] - GPU/7000 (6)
x3004c0s25b1n0:16551:21243 [2] NCCL INFO                             + NVL[88.0] - GPU/85000
x3004c0s25b1n0:16551:21243 [2] NCCL INFO CPU/1 (1/2/-1)
x3004c0s25b1n0:16551:21243 [2] NCCL INFO + SYS[5000.0] - CPU/3
x3004c0s25b1n0:16551:21243 [2] NCCL INFO + SYS[5000.0] - CPU/0
x3004c0s25b1n0:16551:21243 [2] NCCL INFO + SYS[5000.0] - CPU/2
x3004c0s25b1n0:16551:21243 [2] NCCL INFO + PCI[24.0] - PCI/83000 (11f8406811f8beef)
x3004c0s25b1n0:16551:21243 [2] NCCL INFO               + PCI[24.0] - GPU/85000 (7)
x3004c0s25b1n0:16551:21243 [2] NCCL INFO                             + NVL[88.0] - GPU/7000
x3004c0s25b1n0:16551:21243 [2] NCCL INFO CPU/0 (1/2/-1)
x3004c0s25b1n0:16551:21243 [2] NCCL INFO + SYS[5000.0] - CPU/3
x3004c0s25b1n0:16551:21243 [2] NCCL INFO + SYS[5000.0] - CPU/1
x3004c0s25b1n0:16551:21243 [2] NCCL INFO + SYS[5000.0] - CPU/2
x3004c0s25b1n0:16551:21243 [2] NCCL INFO + PCI[12.0] - NIC/C8000
x3004c0s25b1n0:16551:21243 [2] NCCL INFO               + NET[12.5] - NET/0 (e47604ffffa4e988/1/12.500000)
x3004c0s25b1n0:16551:21243 [2] NCCL INFO CPU/2 (1/2/-1)
x3004c0s25b1n0:16551:21243 [2] NCCL INFO + SYS[5000.0] - CPU/3
x3004c0s25b1n0:16551:21243 [2] NCCL INFO + SYS[5000.0] - CPU/1
x3004c0s25b1n0:16551:21243 [2] NCCL INFO + SYS[5000.0] - CPU/0
x3004c0s25b1n0:16551:21243 [2] NCCL INFO + PCI[12.0] - NIC/43000
x3004c0s25b1n0:16551:21243 [2] NCCL INFO               + NET[12.5] - NET/1 (cc7604ffffa4e988/1/12.500000)
x3004c0s25b1n0:16551:21243 [2] NCCL INFO ==========================================
x3004c0s25b1n0:16551:21243 [2] NCCL INFO GPU/7000 :GPU/7000 (0/5000.000000/LOC) GPU/85000 (1/88.000000/NVL) CPU/3 (2/24.000000/PHB) CPU/1 (3/24.000000/SYS) CPU/0 (3/24.000000/SYS) CPU/2 (3/24.000000/SYS) NET/0 (5/12.000000/SYS) NET/1 (5/12.000000/SYS) 
x3004c0s25b1n0:16551:21243 [2] NCCL INFO GPU/85000 :GPU/7000 (1/88.000000/NVL) GPU/85000 (0/5000.000000/LOC) CPU/3 (3/24.000000/SYS) CPU/1 (2/24.000000/PHB) CPU/0 (3/24.000000/SYS) CPU/2 (3/24.000000/SYS) NET/0 (5/12.000000/SYS) NET/1 (5/12.000000/SYS) 
x3004c0s25b1n0:16551:21243 [2] NCCL INFO NET/0 :GPU/7000 (5/12.000000/SYS) GPU/85000 (5/12.000000/SYS) CPU/3 (3/12.000000/SYS) CPU/1 (3/12.000000/SYS) CPU/0 (2/12.000000/PHB) CPU/2 (3/12.000000/SYS) NET/0 (0/5000.000000/LOC) NET/1 (5/12.000000/SYS) 
x3004c0s25b1n0:16551:21243 [2] NCCL INFO NET/1 :GPU/7000 (5/12.000000/SYS) GPU/85000 (5/12.000000/SYS) CPU/3 (3/12.000000/SYS) CPU/1 (3/12.000000/SYS) CPU/0 (3/12.000000/SYS) CPU/2 (2/12.000000/PHB) NET/0 (5/12.000000/SYS) NET/1 (0/5000.000000/LOC) 
x3004c0s25b1n0:16551:21243 [2] NCCL INFO Pattern 4, crossNic 0, nChannels 2, bw 12.000000/12.000000, type NVL/SYS, sameChannels 1
x3004c0s25b1n0:16551:21243 [2] NCCL INFO  0 : NET/0 GPU/6 GPU/7 NET/0
x3004c0s25b1n0:16551:21243 [2] NCCL INFO  1 : NET/1 GPU/6 GPU/7 NET/1
x3004c0s25b1n0:16551:21243 [2] NCCL INFO Pattern 1, crossNic 0, nChannels 2, bw 24.000000/12.000000, type NVL/SYS, sameChannels 1
x3004c0s25b1n0:16551:21243 [2] NCCL INFO  0 : NET/0 GPU/6 GPU/7 NET/0
x3004c0s25b1n0:16551:21243 [2] NCCL INFO  1 : NET/1 GPU/6 GPU/7 NET/1
x3004c0s25b1n0:16551:21243 [2] NCCL INFO Pattern 3, crossNic 0, nChannels 0, bw 0.000000/0.000000, type NVL/PIX, sameChannels 1
x3004c0s25b1n0:16549:21244 [0] NCCL INFO Pattern 4, crossNic 0, nChannels 2, bw 12.000000/12.000000, type NVL/SYS, sameChannels 1
x3004c0s25b1n0:16549:21244 [0] NCCL INFO  0 : NET/0 GPU/6 GPU/7 NET/0
x3004c0s25b1n0:16549:21244 [0] NCCL INFO  1 : NET/1 GPU/6 GPU/7 NET/1
x3004c0s25b1n0:16549:21244 [0] NCCL INFO Pattern 1, crossNic 0, nChannels 2, bw 24.000000/12.000000, type NVL/SYS, sameChannels 1
x3004c0s25b1n0:16549:21244 [0] NCCL INFO  0 : NET/0 GPU/6 GPU/7 NET/0
x3004c0s25b1n0:16549:21244 [0] NCCL INFO  1 : NET/1 GPU/6 GPU/7 NET/1
x3004c0s25b1n0:16549:21244 [0] NCCL INFO Pattern 3, crossNic 0, nChannels 0, bw 0.000000/0.000000, type NVL/PIX, sameChannels 1
x3004c0s25b1n0:16551:21243 [2] NCCL INFO Tree 0 : 6 -> 7 -> -1/-1/-1
x3004c0s25b1n0:16551:21243 [2] NCCL INFO Tree 2 : 6 -> 7 -> 4/-1/-1
x3004c0s25b1n0:16551:21243 [2] NCCL INFO Tree 1 : 6 -> 7 -> -1/-1/-1
x3004c0s25b1n0:16551:21243 [2] NCCL INFO Tree 3 : 6 -> 7 -> 4/-1/-1
x3004c0s25b1n0:16551:21243 [2] NCCL INFO Ring 00 : 6 -> 7 -> 8
x3004c0s25b1n0:16551:21243 [2] NCCL INFO Ring 01 : 6 -> 7 -> 8
x3004c0s25b1n0:16551:21243 [2] NCCL INFO Ring 02 : 6 -> 7 -> 8
x3004c0s25b1n0:16551:21243 [2] NCCL INFO Ring 03 : 6 -> 7 -> 8
x3004c0s25b1n0:16551:21243 [2] NCCL INFO Trees [0] -1/-1/-1->7->6 [1] -1/-1/-1->7->6 [2] 4/-1/-1->7->6 [3] 4/-1/-1->7->6
x3004c0s25b1n0:16551:21243 [2] NCCL INFO misc/utils.cc:235 memory stack hunk malloc(65536)
x3004c0s25b1n0:16551:21243 [2] NCCL INFO channel.cc:23 Cuda Alloc Size 4224 pointer 0x14a817e0f400
x3004c0s25b1n0:16551:21243 [2] NCCL INFO channel.cc:27 Cuda Alloc Size 40 pointer 0x14a817e10600
x3004c0s25b1n0:16551:21243 [2] NCCL INFO channel.cc:23 Cuda Alloc Size 4224 pointer 0x14a817e10800
x3004c0s25b1n0:16551:21243 [2] NCCL INFO channel.cc:27 Cuda Alloc Size 40 pointer 0x14a817e11a00
x3004c0s25b1n0:16551:21243 [2] NCCL INFO channel.cc:23 Cuda Alloc Size 4224 pointer 0x14a817e11c00
x3004c0s25b1n0:16551:21243 [2] NCCL INFO channel.cc:27 Cuda Alloc Size 40 pointer 0x14a817e12e00
x3004c0s25b1n0:16551:21243 [2] NCCL INFO channel.cc:23 Cuda Alloc Size 4224 pointer 0x14a817e13000
x3004c0s25b1n0:16551:21243 [2] NCCL INFO channel.cc:27 Cuda Alloc Size 40 pointer 0x14a817e14200
x3004c0s25b1n0:16551:21316 [2] NCCL INFO Mem Realloc old size 0, new size 8 pointer 0x14a780000c60
x3004c0s25b1n0:16551:21316 [2] NCCL INFO New proxy recv connection 0 from local rank 1, transport 0
x3004c0s25b1n0:16551:21243 [2] NCCL INFO Connection to proxy localRank 1 -> connection 0x14a780000c80
x3004c0s25b1n0:16551:21316 [2] NCCL INFO transport/p2p.cc:449 Cuda Alloc Size 6291456 pointer 0x14a787200000
x3004c0s25b1n0:16551:21316 [2] NCCL INFO New proxy recv connection 1 from local rank 1, transport 0
x3004c0s25b1n0:16550:21242 [1] NCCL INFO NET/IB : GPU Direct RDMA Enabled for HCA 0 'mlx5_0'
x3004c0s25b1n0:16550:21242 [1] NCCL INFO NET/IB : GPU Direct RDMA Enabled for HCA 1 'mlx5_1'
x3004c0s25b1n0:16550:21242 [1] NCCL INFO GPU Direct RDMA Disabled for GPU 46000 / HCA 1 (distance 6 > 4)
x3004c0s25b1n0:16550:21242 [1] NCCL INFO GPU Direct RDMA Disabled for GPU c7000 / HCA 1 (distance 7 > 4)
x3004c0s25b1n0:16550:21242 [1] NCCL INFO GPU Direct RDMA Disabled for GPU 46000 / HCA 0 (distance 7 > 4)
x3004c0s25b1n0:16550:21242 [1] NCCL INFO GPU Direct RDMA Disabled for GPU c7000 / HCA 0 (distance 6 > 4)
x3004c0s25b1n0:16550:21242 [1] NCCL INFO GPU Direct RDMA Disabled for GPU 46000 / HCA 1 (distance 6 > 4)
x3004c0s25b1n0:16550:21242 [1] NCCL INFO GPU Direct RDMA Disabled for GPU c7000 / HCA 1 (distance 7 > 4)
x3004c0s25b1n0:16550:21242 [1] NCCL INFO GPU Direct RDMA Disabled for GPU 46000 / HCA 0 (distance 7 > 4)
x3004c0s25b1n0:16550:21242 [1] NCCL INFO GPU Direct RDMA Disabled for GPU c7000 / HCA 0 (distance 6 > 4)
x3004c0s25b1n0:16550:21242 [1] NCCL INFO === System : maxBw 12.0 totalBw 88.0 ===
x3004c0s25b1n0:16550:21242 [1] NCCL INFO CPU/2 (1/2/-1)
x3004c0s25b1n0:16550:21242 [1] NCCL INFO + SYS[5000.0] - CPU/0
x3004c0s25b1n0:16550:21242 [1] NCCL INFO + PCI[24.0] - PCI/44000 (11f8406811f8beef)
x3004c0s25b1n0:16550:21242 [1] NCCL INFO               + PCI[24.0] - GPU/46000 (6)
x3004c0s25b1n0:16550:21242 [1] NCCL INFO                             + NVL[88.0] - GPU/C7000
x3004c0s25b1n0:16550:21242 [1] NCCL INFO + PCI[12.0] - NIC/43000
x3004c0s25b1n0:16550:21242 [1] NCCL INFO               + NET[12.5] - NET/1 (cc7604ffffa4e988/1/12.500000)
x3004c0s25b1n0:16550:21242 [1] NCCL INFO CPU/0 (1/2/-1)
x3004c0s25b1n0:16550:21242 [1] NCCL INFO + SYS[5000.0] - CPU/2
x3004c0s25b1n0:16550:21242 [1] NCCL INFO + PCI[24.0] - PCI/C5000 (11f8406811f8beef)
x3004c0s25b1n0:16550:21242 [1] NCCL INFO               + PCI[24.0] - GPU/C7000 (7)
x3004c0s25b1n0:16550:21242 [1] NCCL INFO                             + NVL[88.0] - GPU/46000
x3004c0s25b1n0:16550:21242 [1] NCCL INFO + PCI[12.0] - NIC/C8000
x3004c0s25b1n0:16550:21242 [1] NCCL INFO               + NET[12.5] - NET/0 (e47604ffffa4e988/1/12.500000)
x3004c0s25b1n0:16550:21242 [1] NCCL INFO ==========================================
x3004c0s25b1n0:16550:21242 [1] NCCL INFO GPU/46000 :GPU/46000 (0/5000.000000/LOC) GPU/C7000 (1/88.000000/NVL) CPU/2 (2/24.000000/PHB) CPU/0 (3/24.000000/SYS) NET/1 (4/12.000000/PHB) NET/0 (5/12.000000/SYS) 
x3004c0s25b1n0:16550:21242 [1] NCCL INFO GPU/C7000 :GPU/46000 (1/88.000000/NVL) GPU/C7000 (0/5000.000000/LOC) CPU/2 (3/24.000000/SYS) CPU/0 (2/24.000000/PHB) NET/1 (5/12.000000/SYS) NET/0 (4/12.000000/PHB) 
x3004c0s25b1n0:16550:21242 [1] NCCL INFO NET/1 :GPU/46000 (4/12.000000/PHB) GPU/C7000 (5/12.000000/SYS) CPU/2 (2/12.000000/PHB) CPU/0 (3/12.000000/SYS) NET/1 (0/5000.000000/LOC) NET/0 (5/12.000000/SYS) 
x3004c0s25b1n0:16550:21242 [1] NCCL INFO NET/0 :GPU/46000 (5/12.000000/SYS) GPU/C7000 (4/12.000000/PHB) CPU/2 (3/12.000000/SYS) CPU/0 (2/12.000000/PHB) NET/1 (5/12.000000/SYS) NET/0 (0/5000.000000/LOC) 
x3004c0s25b1n0:16550:21242 [1] NCCL INFO Pattern 4, crossNic 0, nChannels 2, bw 12.000000/12.000000, type NVL/SYS, sameChannels 1
x3004c0s25b1n0:16550:21242 [1] NCCL INFO  0 : NET/1 GPU/6 GPU/7 NET/1
x3004c0s25b1n0:16550:21242 [1] NCCL INFO  1 : NET/0 GPU/6 GPU/7 NET/0
x3004c0s25b1n0:16550:21242 [1] NCCL INFO Pattern 1, crossNic 0, nChannels 2, bw 24.000000/12.000000, type NVL/SYS, sameChannels 1
x3004c0s25b1n0:16550:21242 [1] NCCL INFO  0 : NET/1 GPU/6 GPU/7 NET/1
x3004c0s25b1n0:16550:21242 [1] NCCL INFO  1 : NET/0 GPU/6 GPU/7 NET/0
x3004c0s25b1n0:16550:21242 [1] NCCL INFO Pattern 3, crossNic 0, nChannels 0, bw 0.000000/0.000000, type NVL/PIX, sameChannels 1
x3004c0s25b1n0:16552:21247 [3] NCCL INFO NET/IB : GPU Direct RDMA Enabled for HCA 0 'mlx5_0'
x3004c0s25b1n0:16552:21247 [3] NCCL INFO NET/IB : GPU Direct RDMA Enabled for HCA 1 'mlx5_1'
x3004c0s25b1n0:16552:21247 [3] NCCL INFO GPU Direct RDMA Disabled for GPU 46000 / HCA 1 (distance 6 > 4)
x3004c0s25b1n0:16552:21247 [3] NCCL INFO GPU Direct RDMA Disabled for GPU c7000 / HCA 1 (distance 7 > 4)
x3004c0s25b1n0:16552:21247 [3] NCCL INFO GPU Direct RDMA Disabled for GPU 46000 / HCA 0 (distance 7 > 4)
x3004c0s25b1n0:16552:21247 [3] NCCL INFO GPU Direct RDMA Disabled for GPU c7000 / HCA 0 (distance 6 > 4)
x3004c0s25b1n0:16552:21247 [3] NCCL INFO GPU Direct RDMA Disabled for GPU 46000 / HCA 1 (distance 6 > 4)
x3004c0s25b1n0:16552:21247 [3] NCCL INFO GPU Direct RDMA Disabled for GPU c7000 / HCA 1 (distance 7 > 4)
x3004c0s25b1n0:16552:21247 [3] NCCL INFO GPU Direct RDMA Disabled for GPU 46000 / HCA 0 (distance 7 > 4)
x3004c0s25b1n0:16552:21247 [3] NCCL INFO GPU Direct RDMA Disabled for GPU c7000 / HCA 0 (distance 6 > 4)
x3004c0s25b1n0:16552:21247 [3] NCCL INFO === System : maxBw 12.0 totalBw 88.0 ===
x3004c0s25b1n0:16552:21247 [3] NCCL INFO CPU/2 (1/2/-1)
x3004c0s25b1n0:16552:21247 [3] NCCL INFO + SYS[5000.0] - CPU/0
x3004c0s25b1n0:16552:21247 [3] NCCL INFO + PCI[24.0] - PCI/44000 (11f8406811f8beef)
x3004c0s25b1n0:16552:21247 [3] NCCL INFO               + PCI[24.0] - GPU/46000 (6)
x3004c0s25b1n0:16552:21247 [3] NCCL INFO                             + NVL[88.0] - GPU/C7000
x3004c0s25b1n0:16552:21247 [3] NCCL INFO + PCI[12.0] - NIC/43000
x3004c0s25b1n0:16552:21247 [3] NCCL INFO               + NET[12.5] - NET/1 (cc7604ffffa4e988/1/12.500000)
x3004c0s25b1n0:16552:21247 [3] NCCL INFO CPU/0 (1/2/-1)
x3004c0s25b1n0:16552:21247 [3] NCCL INFO + SYS[5000.0] - CPU/2
x3004c0s25b1n0:16552:21247 [3] NCCL INFO + PCI[24.0] - PCI/C5000 (11f8406811f8beef)
x3004c0s25b1n0:16552:21247 [3] NCCL INFO               + PCI[24.0] - GPU/C7000 (7)
x3004c0s25b1n0:16552:21247 [3] NCCL INFO                             + NVL[88.0] - GPU/46000
x3004c0s25b1n0:16552:21247 [3] NCCL INFO + PCI[12.0] - NIC/C8000
x3004c0s25b1n0:16552:21247 [3] NCCL INFO               + NET[12.5] - NET/0 (e47604ffffa4e988/1/12.500000)
x3004c0s25b1n0:16552:21247 [3] NCCL INFO ==========================================
x3004c0s25b1n0:16552:21247 [3] NCCL INFO GPU/46000 :GPU/46000 (0/5000.000000/LOC) GPU/C7000 (1/88.000000/NVL) CPU/2 (2/24.000000/PHB) CPU/0 (3/24.000000/SYS) NET/1 (4/12.000000/PHB) NET/0 (5/12.000000/SYS) 
x3004c0s25b1n0:16552:21247 [3] NCCL INFO GPU/C7000 :GPU/46000 (1/88.000000/NVL) GPU/C7000 (0/5000.000000/LOC) CPU/2 (3/24.000000/SYS) CPU/0 (2/24.000000/PHB) NET/1 (5/12.000000/SYS) NET/0 (4/12.000000/PHB) 
x3004c0s25b1n0:16552:21247 [3] NCCL INFO NET/1 :GPU/46000 (4/12.000000/PHB) GPU/C7000 (5/12.000000/SYS) CPU/2 (2/12.000000/PHB) CPU/0 (3/12.000000/SYS) NET/1 (0/5000.000000/LOC) NET/0 (5/12.000000/SYS) 
x3004c0s25b1n0:16552:21247 [3] NCCL INFO NET/0 :GPU/46000 (5/12.000000/SYS) GPU/C7000 (4/12.000000/PHB) CPU/2 (3/12.000000/SYS) CPU/0 (2/12.000000/PHB) NET/1 (5/12.000000/SYS) NET/0 (0/5000.000000/LOC) 
x3004c0s25b1n0:16552:21247 [3] NCCL INFO Setting affinity for GPU 3 to 01
x3004c0s25b1n0:16552:21247 [3] NCCL INFO Pattern 4, crossNic 0, nChannels 2, bw 12.000000/12.000000, type NVL/SYS, sameChannels 1
x3004c0s25b1n0:16552:21247 [3] NCCL INFO  0 : NET/1 GPU/6 GPU/7 NET/1
x3004c0s25b1n0:16552:21247 [3] NCCL INFO  1 : NET/0 GPU/6 GPU/7 NET/0
x3004c0s25b1n0:16552:21247 [3] NCCL INFO Pattern 1, crossNic 0, nChannels 2, bw 24.000000/12.000000, type NVL/SYS, sameChannels 1
x3004c0s25b1n0:16552:21247 [3] NCCL INFO  0 : NET/1 GPU/6 GPU/7 NET/1
x3004c0s25b1n0:16552:21247 [3] NCCL INFO  1 : NET/0 GPU/6 GPU/7 NET/0
x3004c0s25b1n0:16552:21247 [3] NCCL INFO Pattern 3, crossNic 0, nChannels 0, bw 0.000000/0.000000, type NVL/PIX, sameChannels 1
x3004c0s25b1n0:16552:21247 [3] NCCL INFO Tree 0 : 6 -> 7 -> -1/-1/-1
x3004c0s25b1n0:16552:21247 [3] NCCL INFO Tree 2 : 6 -> 7 -> 4/-1/-1
x3004c0s25b1n0:16552:21247 [3] NCCL INFO Tree 1 : 6 -> 7 -> -1/-1/-1
x3004c0s25b1n0:16552:21247 [3] NCCL INFO Tree 3 : 6 -> 7 -> 4/-1/-1
x3004c0s25b1n0:16552:21247 [3] NCCL INFO Ring 00 : 6 -> 7 -> 8
x3004c0s25b1n0:16552:21247 [3] NCCL INFO Ring 01 : 6 -> 7 -> 8
x3004c0s25b1n0:16552:21247 [3] NCCL INFO Ring 02 : 6 -> 7 -> 8
x3004c0s25b1n0:16552:21247 [3] NCCL INFO Ring 03 : 6 -> 7 -> 8
x3004c0s25b1n0:16552:21247 [3] NCCL INFO Trees [0] -1/-1/-1->7->6 [1] -1/-1/-1->7->6 [2] 4/-1/-1->7->6 [3] 4/-1/-1->7->6
x3004c0s25b1n0:16552:21247 [3] NCCL INFO misc/utils.cc:235 memory stack hunk malloc(65536)
x3004c0s25b1n0:16552:21247 [3] NCCL INFO channel.cc:23 Cuda Alloc Size 4224 pointer 0x150c07e0f400
x3004c0s25b1n0:16552:21247 [3] NCCL INFO channel.cc:27 Cuda Alloc Size 40 pointer 0x150c07e10600
x3004c0s25b1n0:16552:21247 [3] NCCL INFO channel.cc:23 Cuda Alloc Size 4224 pointer 0x150c07e10800
x3004c0s25b1n0:16552:21247 [3] NCCL INFO channel.cc:27 Cuda Alloc Size 40 pointer 0x150c07e11a00
x3004c0s25b1n0:16552:21247 [3] NCCL INFO channel.cc:23 Cuda Alloc Size 4224 pointer 0x150c07e11c00
x3004c0s25b1n0:16552:21247 [3] NCCL INFO channel.cc:27 Cuda Alloc Size 40 pointer 0x150c07e12e00
x3004c0s25b1n0:16552:21247 [3] NCCL INFO channel.cc:23 Cuda Alloc Size 4224 pointer 0x150c07e13000
x3004c0s25b1n0:16552:21247 [3] NCCL INFO channel.cc:27 Cuda Alloc Size 40 pointer 0x150c07e14200
x3004c0s25b1n0:16552:21334 [3] NCCL INFO Mem Realloc old size 0, new size 8 pointer 0x150b70000c60
x3004c0s25b1n0:16552:21334 [3] NCCL INFO New proxy recv connection 0 from local rank 1, transport 0
x3004c0s25b1n0:16551:21243 [2] NCCL INFO Connection to proxy localRank 1 -> connection 0x14a780000cc0
x3004c0s25b1n0:16551:21316 [2] NCCL INFO transport/p2p.cc:449 Cuda Alloc Size 6291456 pointer 0x14a787800000
x3004c0s25b1n0:16549:21244 [0] NCCL INFO Tree 0 : 4 -> 6 -> 7/-1/-1
x3004c0s25b1n0:16549:21244 [0] NCCL INFO Tree 2 : 1 -> 6 -> 7/8/-1
x3004c0s25b1n0:16549:21244 [0] NCCL INFO Tree 1 : 4 -> 6 -> 7/-1/-1
x3004c0s25b1n0:16549:21244 [0] NCCL INFO Tree 3 : 1 -> 6 -> 7/8/-1
x3004c0s25b1n0:16549:21244 [0] NCCL INFO Ring 00 : 5 -> 6 -> 7
x3004c0s25b1n0:16549:21244 [0] NCCL INFO Ring 01 : 5 -> 6 -> 7
x3004c0s25b1n0:16549:21244 [0] NCCL INFO Ring 02 : 5 -> 6 -> 7
x3004c0s25b1n0:16549:21244 [0] NCCL INFO Ring 03 : 5 -> 6 -> 7
x3004c0s25b1n0:16549:21244 [0] NCCL INFO Trees [0] 7/-1/-1->6->4 [1] 7/-1/-1->6->4 [2] 7/8/-1->6->1 [3] 7/8/-1->6->1
x3004c0s25b1n0:16549:21244 [0] NCCL INFO misc/utils.cc:235 memory stack hunk malloc(65536)
x3004c0s25b1n0:16549:21244 [0] NCCL INFO channel.cc:23 Cuda Alloc Size 4224 pointer 0x152b4be0f400
x3004c0s25b1n0:16549:21244 [0] NCCL INFO channel.cc:27 Cuda Alloc Size 40 pointer 0x152b4be10600
x3004c0s25b1n0:16549:21244 [0] NCCL INFO channel.cc:23 Cuda Alloc Size 4224 pointer 0x152b4be10800
x3004c0s25b1n0:16549:21244 [0] NCCL INFO channel.cc:27 Cuda Alloc Size 40 pointer 0x152b4be11a00
x3004c0s25b1n0:16549:21244 [0] NCCL INFO channel.cc:23 Cuda Alloc Size 4224 pointer 0x152b4be11c00
x3004c0s25b1n0:16549:21244 [0] NCCL INFO channel.cc:27 Cuda Alloc Size 40 pointer 0x152b4be12e00
x3004c0s25b1n0:16549:21244 [0] NCCL INFO channel.cc:23 Cuda Alloc Size 4224 pointer 0x152b4be13000
x3004c0s25b1n0:16549:21244 [0] NCCL INFO channel.cc:27 Cuda Alloc Size 40 pointer 0x152b4be14200
x3004c0s25b1n0:16549:21244 [0] NCCL INFO GPU Direct RDMA Disabled for GPU 7000 / HCA 0 (distance 7 > 4)
x3004c0s25b1n0:16549:21314 [0] NCCL INFO Mem Realloc old size 0, new size 8 pointer 0x152aa8000c60
x3004c0s25b1n0:16549:21314 [0] NCCL INFO Allocated 4194656 bytes of shared memory in /dev/shm/nccl-579fTy

x3004c0s25b1n0:16549:21314 [0] NCCL INFO New proxy recv connection 0 from local rank 0, transport 2
x3004c0s25b1n0:16551:21316 [2] NCCL INFO New proxy recv connection 2 from local rank 1, transport 0
x3004c0s25b1n0:16552:21247 [3] NCCL INFO Connection to proxy localRank 1 -> connection 0x150b70000c80
x3004c0s25b1n0:16552:21334 [3] NCCL INFO transport/p2p.cc:449 Cuda Alloc Size 6291456 pointer 0x150b7f200000
x3004c0s25b1n0:16551:21243 [2] NCCL INFO Connection to proxy localRank 1 -> connection 0x14a780000d00
x3004c0s25b1n0:16551:21316 [2] NCCL INFO transport/p2p.cc:449 Cuda Alloc Size 6291456 pointer 0x14a77a000000
x3004c0s25b1n0:16549:21244 [0] NCCL INFO Connection to proxy localRank 0 -> connection 0x152aa8000c80
x3004c0s25b1n0:16551:21316 [2] NCCL INFO New proxy recv connection 3 from local rank 1, transport 0
x3004c0s25b1n0:16552:21334 [3] NCCL INFO New proxy recv connection 1 from local rank 1, transport 0
x3004c0s25b1n0:16552:21247 [3] NCCL INFO Connection to proxy localRank 1 -> connection 0x150b70000cc0
x3004c0s25b1n0:16550:21242 [1] NCCL INFO Tree 0 : 4 -> 6 -> 7/-1/-1
x3004c0s25b1n0:16550:21242 [1] NCCL INFO Tree 2 : 1 -> 6 -> 7/8/-1
x3004c0s25b1n0:16550:21242 [1] NCCL INFO Tree 1 : 4 -> 6 -> 7/-1/-1
x3004c0s25b1n0:16550:21242 [1] NCCL INFO Tree 3 : 1 -> 6 -> 7/8/-1
x3004c0s25b1n0:16550:21242 [1] NCCL INFO Ring 00 : 5 -> 6 -> 7
x3004c0s25b1n0:16550:21242 [1] NCCL INFO Ring 01 : 5 -> 6 -> 7
x3004c0s25b1n0:16550:21242 [1] NCCL INFO Ring 02 : 5 -> 6 -> 7
x3004c0s25b1n0:16550:21242 [1] NCCL INFO Ring 03 : 5 -> 6 -> 7
x3004c0s25b1n0:16550:21242 [1] NCCL INFO Trees [0] 7/-1/-1->6->4 [1] 7/-1/-1->6->4 [2] 7/8/-1->6->1 [3] 7/8/-1->6->1
x3004c0s25b1n0:16550:21242 [1] NCCL INFO misc/utils.cc:235 memory stack hunk malloc(65536)
x3004c0s25b1n0:16550:21242 [1] NCCL INFO channel.cc:23 Cuda Alloc Size 4224 pointer 0x15459d80f400
x3004c0s25b1n0:16550:21242 [1] NCCL INFO channel.cc:27 Cuda Alloc Size 40 pointer 0x15459d810600
x3004c0s25b1n0:16550:21242 [1] NCCL INFO channel.cc:23 Cuda Alloc Size 4224 pointer 0x15459d810800
x3004c0s25b1n0:16550:21242 [1] NCCL INFO channel.cc:27 Cuda Alloc Size 40 pointer 0x15459d811a00
x3004c0s25b1n0:16550:21242 [1] NCCL INFO channel.cc:23 Cuda Alloc Size 4224 pointer 0x15459d811c00
x3004c0s25b1n0:16550:21242 [1] NCCL INFO channel.cc:27 Cuda Alloc Size 40 pointer 0x15459d812e00
x3004c0s25b1n0:16550:21242 [1] NCCL INFO channel.cc:23 Cuda Alloc Size 4224 pointer 0x15459d813000
x3004c0s25b1n0:16550:21242 [1] NCCL INFO channel.cc:27 Cuda Alloc Size 40 pointer 0x15459d814200
x3004c0s25b1n0:16550:21242 [1] NCCL INFO GPU Direct RDMA Disabled for GPU 46000 / HCA 1 (distance 6 > 4)
x3004c0s25b1n0:16549:21244 [0] NCCL INFO Channel 00/0 : 5[85000] -> 6[7000] [receive] via NET/IB/0
x3004c0s25b1n0:16549:21244 [0] NCCL INFO GPU Direct RDMA Disabled for GPU 7000 / HCA 1 (distance 7 > 4)
x3004c0s25b1n0:16549:21314 [0] NCCL INFO New proxy recv connection 1 from local rank 0, transport 2
x3004c0s25b1n0:16552:21334 [3] NCCL INFO transport/p2p.cc:449 Cuda Alloc Size 6291456 pointer 0x150b7f800000
x3004c0s25b1n0:16549:21244 [0] NCCL INFO Connection to proxy localRank 0 -> connection 0x152aa8000cc0
x3004c0s25b1n0:16550:21333 [1] NCCL INFO Mem Realloc old size 0, new size 8 pointer 0x154528000c60
x3004c0s25b1n0:16550:21333 [1] NCCL INFO Allocated 4194656 bytes of shared memory in /dev/shm/nccl-0nbbKE

x3004c0s25b1n0:16550:21333 [1] NCCL INFO New proxy recv connection 0 from local rank 0, transport 2
x3004c0s25b1n0:16551:21243 [2] NCCL INFO Connection to proxy localRank 1 -> connection 0x14a780000d40
x3004c0s25b1n0:16551:21316 [2] NCCL INFO transport/p2p.cc:449 Cuda Alloc Size 6291456 pointer 0x14a77a600000
x3004c0s25b1n0:16550:21242 [1] NCCL INFO Connection to proxy localRank 0 -> connection 0x154528000c80
x3004c0s25b1n0:16552:21334 [3] NCCL INFO New proxy recv connection 2 from local rank 1, transport 0
x3004c0s25b1n0:16551:21243 [2] NCCL INFO GPU Direct RDMA Disabled for GPU 85000 / HCA 0 (distance 7 > 4)
x3004c0s25b1n0:16549:21244 [0] NCCL INFO Channel 01/0 : 5[85000] -> 6[7000] [receive] via NET/IB/1
x3004c0s25b1n0:16549:21244 [0] NCCL INFO GPU Direct RDMA Disabled for GPU 7000 / HCA 0 (distance 7 > 4)
x3004c0s25b1n0:16549:21314 [0] NCCL INFO New proxy recv connection 2 from local rank 0, transport 2
x3004c0s25b1n0:16550:21242 [1] NCCL INFO Channel 00/0 : 5[c7000] -> 6[46000] [receive] via NET/IB/1
x3004c0s25b1n0:16550:21242 [1] NCCL INFO GPU Direct RDMA Disabled for GPU 46000 / HCA 0 (distance 7 > 4)
x3004c0s25b1n0:16550:21333 [1] NCCL INFO New proxy recv connection 1 from local rank 0, transport 2
x3004c0s25b1n0:16551:21316 [2] NCCL INFO Allocated 4194656 bytes of shared memory in /dev/shm/nccl-MVdwYH

x3004c0s25b1n0:16551:21316 [2] NCCL INFO New proxy send connection 4 from local rank 1, transport 2
x3004c0s25b1n0:16552:21247 [3] NCCL INFO Connection to proxy localRank 1 -> connection 0x150b70000d00
x3004c0s25b1n0:16552:21334 [3] NCCL INFO transport/p2p.cc:449 Cuda Alloc Size 6291456 pointer 0x150b89800000
x3004c0s25b1n0:16551:21243 [2] NCCL INFO Connection to proxy localRank 1 -> connection 0x14a780000d80
x3004c0s25b1n0:16551:21243 [2] NCCL INFO Channel 00/0 : 7[85000] -> 8[7000] [send] via NET/IB/0
x3004c0s25b1n0:16551:21243 [2] NCCL INFO GPU Direct RDMA Disabled for GPU 85000 / HCA 1 (distance 7 > 4)
x3004c0s25b1n0:16551:21316 [2] NCCL INFO New proxy send connection 5 from local rank 1, transport 2
x3004c0s25b1n0:16551:21243 [2] NCCL INFO Connection to proxy localRank 1 -> connection 0x14a780000dc0
x3004c0s25b1n0:16551:21243 [2] NCCL INFO Channel 01/0 : 7[85000] -> 8[7000] [send] via NET/IB/1
x3004c0s25b1n0:16551:21243 [2] NCCL INFO GPU Direct RDMA Disabled for GPU 85000 / HCA 0 (distance 7 > 4)
x3004c0s25b1n0:16549:21244 [0] NCCL INFO Connection to proxy localRank 0 -> connection 0x152aa8000d00
x3004c0s25b1n0:16549:21244 [0] NCCL INFO Channel 02/0 : 5[85000] -> 6[7000] [receive] via NET/IB/0
x3004c0s25b1n0:16549:21244 [0] NCCL INFO GPU Direct RDMA Disabled for GPU 7000 / HCA 1 (distance 7 > 4)
x3004c0s25b1n0:16550:21242 [1] NCCL INFO Connection to proxy localRank 0 -> connection 0x154528000cc0
x3004c0s25b1n0:16550:21242 [1] NCCL INFO Channel 01/0 : 5[c7000] -> 6[46000] [receive] via NET/IB/0
x3004c0s25b1n0:16550:21242 [1] NCCL INFO GPU Direct RDMA Disabled for GPU 46000 / HCA 1 (distance 6 > 4)
x3004c0s25b1n0:16550:21333 [1] NCCL INFO New proxy recv connection 2 from local rank 0, transport 2
x3004c0s25b1n0:16550:21242 [1] NCCL INFO Connection to proxy localRank 0 -> connection 0x154528000d00
x3004c0s25b1n0:16551:21316 [2] NCCL INFO New proxy send connection 6 from local rank 1, transport 2
x3004c0s25b1n0:16552:21334 [3] NCCL INFO New proxy recv connection 3 from local rank 1, transport 0
x3004c0s25b1n0:16549:21314 [0] NCCL INFO New proxy recv connection 3 from local rank 0, transport 2
x3004c0s25b1n0:16551:21243 [2] NCCL INFO Connection to proxy localRank 1 -> connection 0x14a780000e00
x3004c0s25b1n0:16551:21243 [2] NCCL INFO Channel 02/0 : 7[85000] -> 8[7000] [send] via NET/IB/0
x3004c0s25b1n0:16551:21243 [2] NCCL INFO GPU Direct RDMA Disabled for GPU 85000 / HCA 1 (distance 7 > 4)
x3004c0s25b1n0:16551:21316 [2] NCCL INFO New proxy send connection 7 from local rank 1, transport 2
x3004c0s25b1n0:16549:21244 [0] NCCL INFO Connection to proxy localRank 0 -> connection 0x152aa8000d40
x3004c0s25b1n0:16552:21247 [3] NCCL INFO Connection to proxy localRank 1 -> connection 0x150b70000d40
x3004c0s25b1n0:16552:21334 [3] NCCL INFO transport/p2p.cc:449 Cuda Alloc Size 6291456 pointer 0x150b76000000
x3004c0s25b1n0:16550:21242 [1] NCCL INFO Channel 02/0 : 5[c7000] -> 6[46000] [receive] via NET/IB/1
x3004c0s25b1n0:16550:21242 [1] NCCL INFO GPU Direct RDMA Disabled for GPU 46000 / HCA 0 (distance 7 > 4)
x3004c0s25b1n0:16550:21333 [1] NCCL INFO New proxy recv connection 3 from local rank 0, transport 2
x3004c0s25b1n0:16549:21244 [0] NCCL INFO Channel 03/0 : 5[85000] -> 6[7000] [receive] via NET/IB/1
x3004c0s25b1n0:16549:21244 [0] NCCL INFO Channel 00/0 : 6[7000] -> 7[85000] via P2P/IPC/read
x3004c0s25b1n0:16549:21314 [0] NCCL INFO New proxy send connection 4 from local rank 0, transport 0
x3004c0s25b1n0:16551:21243 [2] NCCL INFO Connection to proxy localRank 1 -> connection 0x14a780000e40
x3004c0s25b1n0:16551:21243 [2] NCCL INFO Channel 03/0 : 7[85000] -> 8[7000] [send] via NET/IB/1
x3004c0s25b1n0:16552:21247 [3] NCCL INFO GPU Direct RDMA Disabled for GPU c7000 / HCA 1 (distance 7 > 4)
x3004c0s25b1n0:16550:21242 [1] NCCL INFO Connection to proxy localRank 0 -> connection 0x154528000d40
x3004c0s25b1n0:16552:21334 [3] NCCL INFO Allocated 4194656 bytes of shared memory in /dev/shm/nccl-DQHUqL

x3004c0s25b1n0:16552:21334 [3] NCCL INFO New proxy send connection 4 from local rank 1, transport 2
x3004c0s25b1n0:16549:21244 [0] NCCL INFO Connection to proxy localRank 0 -> connection 0x152aa8000d80
x3004c0s25b1n0:16549:21314 [0] NCCL INFO transport/p2p.cc:430 Cuda Alloc Size 6291456 pointer 0x152abf200000
x3004c0s25b1n0:16552:21247 [3] NCCL INFO Connection to proxy localRank 1 -> connection 0x150b70000d80
x3004c0s25b1n0:16552:21247 [3] NCCL INFO Channel 00/0 : 7[c7000] -> 8[46000] [send] via NET/IB/1
x3004c0s25b1n0:16552:21247 [3] NCCL INFO GPU Direct RDMA Disabled for GPU c7000 / HCA 0 (distance 6 > 4)
x3004c0s25b1n0:16552:21334 [3] NCCL INFO New proxy send connection 5 from local rank 1, transport 2
x3004c0s25b1n0:16550:21242 [1] NCCL INFO Channel 03/0 : 5[c7000] -> 6[46000] [receive] via NET/IB/0
x3004c0s25b1n0:16550:21242 [1] NCCL INFO Channel 00/0 : 6[46000] -> 7[c7000] via P2P/IPC/read
x3004c0s25b1n0:16550:21333 [1] NCCL INFO New proxy send connection 4 from local rank 0, transport 0
x3004c0s25b1n0:16549:21244 [0] NCCL INFO Channel 01/0 : 6[7000] -> 7[85000] via P2P/IPC/read
x3004c0s25b1n0:16549:21314 [0] NCCL INFO New proxy send connection 5 from local rank 0, transport 0
x3004c0s25b1n0:16552:21247 [3] NCCL INFO Connection to proxy localRank 1 -> connection 0x150b70000dc0
x3004c0s25b1n0:16552:21247 [3] NCCL INFO Channel 01/0 : 7[c7000] -> 8[46000] [send] via NET/IB/0
x3004c0s25b1n0:16552:21247 [3] NCCL INFO GPU Direct RDMA Disabled for GPU c7000 / HCA 1 (distance 7 > 4)
x3004c0s25b1n0:16552:21334 [3] NCCL INFO New proxy send connection 6 from local rank 1, transport 2
x3004c0s25b1n0:16550:21242 [1] NCCL INFO Connection to proxy localRank 0 -> connection 0x154528000d80
x3004c0s25b1n0:16550:21333 [1] NCCL INFO transport/p2p.cc:430 Cuda Alloc Size 6291456 pointer 0x15452d200000
x3004c0s25b1n0:16552:21247 [3] NCCL INFO Connection to proxy localRank 1 -> connection 0x150b70000e00
x3004c0s25b1n0:16552:21247 [3] NCCL INFO Channel 02/0 : 7[c7000] -> 8[46000] [send] via NET/IB/1
x3004c0s25b1n0:16552:21247 [3] NCCL INFO GPU Direct RDMA Disabled for GPU c7000 / HCA 0 (distance 6 > 4)
x3004c0s25b1n0:16552:21334 [3] NCCL INFO New proxy send connection 7 from local rank 1, transport 2
x3004c0s25b1n0:16549:21244 [0] NCCL INFO Connection to proxy localRank 0 -> connection 0x152aa8000dc0
x3004c0s25b1n0:16549:21314 [0] NCCL INFO transport/p2p.cc:430 Cuda Alloc Size 6291456 pointer 0x152abf800000
x3004c0s25b1n0:16549:21244 [0] NCCL INFO Channel 02/0 : 6[7000] -> 7[85000] via P2P/IPC/read
x3004c0s25b1n0:16549:21314 [0] NCCL INFO New proxy send connection 6 from local rank 0, transport 0
x3004c0s25b1n0:16549:21244 [0] NCCL INFO Connection to proxy localRank 0 -> connection 0x152aa8000e00
x3004c0s25b1n0:16550:21242 [1] NCCL INFO Channel 01/0 : 6[46000] -> 7[c7000] via P2P/IPC/read
x3004c0s25b1n0:16550:21333 [1] NCCL INFO New proxy send connection 5 from local rank 0, transport 0
x3004c0s25b1n0:16552:21247 [3] NCCL INFO Connection to proxy localRank 1 -> connection 0x150b70000e40
x3004c0s25b1n0:16552:21247 [3] NCCL INFO Channel 03/0 : 7[c7000] -> 8[46000] [send] via NET/IB/0
x3004c0s25b1n0:16549:21314 [0] NCCL INFO transport/p2p.cc:430 Cuda Alloc Size 6291456 pointer 0x152ac1800000
x3004c0s25b1n0:16550:21242 [1] NCCL INFO Connection to proxy localRank 0 -> connection 0x154528000dc0
x3004c0s25b1n0:16550:21333 [1] NCCL INFO transport/p2p.cc:430 Cuda Alloc Size 6291456 pointer 0x15452d800000
x3004c0s25b1n0:16549:21244 [0] NCCL INFO Channel 03/0 : 6[7000] -> 7[85000] via P2P/IPC/read
x3004c0s25b1n0:16549:21314 [0] NCCL INFO New proxy send connection 7 from local rank 0, transport 0
x3004c0s25b1n0:16549:21244 [0] NCCL INFO Connection to proxy localRank 0 -> connection 0x152aa8000e40
x3004c0s25b1n0:16550:21242 [1] NCCL INFO Channel 02/0 : 6[46000] -> 7[c7000] via P2P/IPC/read
x3004c0s25b1n0:16550:21333 [1] NCCL INFO New proxy send connection 6 from local rank 0, transport 0
x3004c0s25b1n0:16549:21314 [0] NCCL INFO transport/p2p.cc:430 Cuda Alloc Size 6291456 pointer 0x152aa6000000
x3004c0s25b1n0:16550:21242 [1] NCCL INFO Connection to proxy localRank 0 -> connection 0x154528000e00
x3004c0s25b1n0:16550:21333 [1] NCCL INFO transport/p2p.cc:430 Cuda Alloc Size 6291456 pointer 0x154537800000
x3004c0s25b1n0:16551:21316 [2] NCCL INFO transport/net_ib.cc:596 Ib Alloc Size 26560 pointer 0x14a780020000
x3004c0s25b1n0:16550:21242 [1] NCCL INFO Channel 03/0 : 6[46000] -> 7[c7000] via P2P/IPC/read
x3004c0s25b1n0:16550:21333 [1] NCCL INFO New proxy send connection 7 from local rank 0, transport 0
x3004c0s25b1n0:16551:21316 [2] NCCL INFO NET/IB: Dev 0 Port 1 qpn 10769 mtu 5 GID 0 (80FE/880100FEFF000000)
x3004c0s25b1n0:16551:21316 [2] NCCL INFO transport/net_ib.cc:653 Ib Alloc Size 552 pointer 0x14a780042000
x3004c0s25b1n0:16551:21316 [2] NCCL INFO transport/net.cc:571 Cuda Host Alloc Size 9641984 pointer 0x14a77ac00000
x3004c0s25b1n0:16551:21316 [2] NCCL INFO Mem Realloc old size 0, new size 768 pointer 0x14a78002f0a0
x3004c0s25b1n0:16551:21316 [2] NCCL INFO transport/net_ib.cc:596 Ib Alloc Size 26560 pointer 0x14a780044000
x3004c0s25b1n0:16551:21316 [2] NCCL INFO NET/IB: Dev 1 Port 1 qpn 11013 mtu 5 GID 0 (80FE/DA0100FEFF000000)
x3004c0s25b1n0:16551:21316 [2] NCCL INFO transport/net_ib.cc:653 Ib Alloc Size 552 pointer 0x14a780065000
x3004c0s25b1n0:16551:21316 [2] NCCL INFO transport/net.cc:571 Cuda Host Alloc Size 9641984 pointer 0x14a77b600000
x3004c0s25b1n0:16551:21316 [2] NCCL INFO Mem Realloc old size 0, new size 768 pointer 0x14a780052330
x3004c0s25b1n0:16551:21316 [2] NCCL INFO transport/net_ib.cc:596 Ib Alloc Size 26560 pointer 0x14a780067000
x3004c0s25b1n0:16551:21316 [2] NCCL INFO NET/IB: Dev 0 Port 1 qpn 10770 mtu 5 GID 0 (80FE/880100FEFF000000)
x3004c0s25b1n0:16551:21316 [2] NCCL INFO transport/net_ib.cc:653 Ib Alloc Size 552 pointer 0x14a78007e000
x3004c0s25b1n0:16551:21316 [2] NCCL INFO transport/net.cc:571 Cuda Host Alloc Size 9641984 pointer 0x14a772000000
x3004c0s25b1n0:16550:21242 [1] NCCL INFO Connection to proxy localRank 0 -> connection 0x154528000e40
x3004c0s25b1n0:16550:21333 [1] NCCL INFO transport/p2p.cc:430 Cuda Alloc Size 6291456 pointer 0x154522000000
x3004c0s25b1n0:16549:21314 [0] NCCL INFO transport/net_ib.cc:683 Ib Alloc Size 21688 pointer 0x152aa8020000
x3004c0s25b1n0:16551:21316 [2] NCCL INFO transport/net_ib.cc:596 Ib Alloc Size 26560 pointer 0x14a780080000
x3004c0s25b1n0:16550:21333 [1] NCCL INFO transport/net_ib.cc:683 Ib Alloc Size 21688 pointer 0x154528020000
x3004c0s25b1n0:16551:21316 [2] NCCL INFO NET/IB: Dev 1 Port 1 qpn 11014 mtu 5 GID 0 (80FE/DA0100FEFF000000)
x3004c0s25b1n0:16551:21316 [2] NCCL INFO transport/net_ib.cc:653 Ib Alloc Size 552 pointer 0x14a780097000
x3004c0s25b1n0:16551:21316 [2] NCCL INFO transport/net.cc:571 Cuda Host Alloc Size 9641984 pointer 0x14a772a00000
x3004c0s25b1n0:16552:21334 [3] NCCL INFO transport/net_ib.cc:596 Ib Alloc Size 26560 pointer 0x150b70020000
x3004c0s25b1n0:16552:21334 [3] NCCL INFO NET/IB: Dev 1 Port 1 qpn 11015 mtu 5 GID 0 (80FE/DA0100FEFF000000)
x3004c0s25b1n0:16552:21334 [3] NCCL INFO transport/net_ib.cc:653 Ib Alloc Size 552 pointer 0x150b70038000
x3004c0s25b1n0:16552:21334 [3] NCCL INFO transport/net.cc:571 Cuda Host Alloc Size 9641984 pointer 0x150b76600000
x3004c0s25b1n0:16552:21334 [3] NCCL INFO transport/net_ib.cc:596 Ib Alloc Size 26560 pointer 0x150b7003a000
