x3004c0s1b0n0:6353:7522 [2] NCCL INFO channel.cc:23 Cuda Alloc Size 8064 pointer 0x14baed800000
x3004c0s1b0n0:6353:7522 [2] NCCL INFO channel.cc:27 Cuda Alloc Size 80 pointer 0x14baed802000
x3004c0s1b0n0:6353:7522 [2] NCCL INFO channel.cc:23 Cuda Alloc Size 8064 pointer 0x14baed802200
x3004c0s1b0n0:6353:7522 [2] NCCL INFO channel.cc:27 Cuda Alloc Size 80 pointer 0x14baed804200
x3004c0s1b0n0:6353:7522 [2] NCCL INFO channel.cc:23 Cuda Alloc Size 8064 pointer 0x14baed804400
x3004c0s1b0n0:6353:7522 [2] NCCL INFO channel.cc:27 Cuda Alloc Size 80 pointer 0x14baed806400
x3004c0s1b0n0:6353:7522 [2] NCCL INFO channel.cc:23 Cuda Alloc Size 8064 pointer 0x14baed806600
x3004c0s1b0n0:6353:7522 [2] NCCL INFO channel.cc:27 Cuda Alloc Size 80 pointer 0x14baed808600
x3004c0s1b0n0:6353:7522 [2] NCCL INFO Channel 00/0 : 2[85000] -> 3[c7000] via P2P/IPC/read
x3004c0s1b0n0:6346:7491 [0] NCCL INFO Channel 01/0 : 0[7000] -> 2[85000] via P2P/IPC/read
x3004c0s1b0n0:6353:7685 [2] NCCL INFO Mem Realloc old size 0, new size 8 pointer 0x14bae8000c60
x3004c0s1b0n0:6353:7685 [2] NCCL INFO New proxy send connection 0 from local rank 2, transport 0
x3004c0s1b0n0:6346:7683 [0] NCCL INFO New proxy send connection 1 from local rank 0, transport 0
x3004c0s1b0n0:6349:7524 [1] NCCL INFO Connection to proxy localRank 1 -> connection 0x149924000c80
x3004c0s1b0n0:6349:7524 [1] NCCL INFO Channel 00/0 : 19[c7000] -> 1[46000] [receive] via NET/IB/1
x3004c0s1b0n0:6349:7524 [1] NCCL INFO GPU Direct RDMA Disabled for GPU 46000 / HCA 0 (distance 7 > 4)
x3004c0s1b0n0:6349:7682 [1] NCCL INFO New proxy recv connection 1 from local rank 1, transport 2
x3004c0s1b0n0:6353:7522 [2] NCCL INFO Connection to proxy localRank 2 -> connection 0x14bae8000c80
x3004c0s1b0n0:6353:7685 [2] NCCL INFO transport/p2p.cc:430 Cuda Alloc Size 6291456 pointer 0x14baeda00000
x3004c0s1b0n0:6355:7518 [3] NCCL INFO Ring 00 : 2 -> 3 -> 5
x3004c0s1b0n0:6355:7518 [3] NCCL INFO Ring 01 : 2 -> 3 -> 5
x3004c0s1b0n0:6355:7518 [3] NCCL INFO Ring 02 : 2 -> 3 -> 5
x3004c0s1b0n0:6355:7518 [3] NCCL INFO Ring 03 : 2 -> 3 -> 5
x3004c0s1b0n0:6355:7518 [3] NCCL INFO Trees [0] -1/-1/-1->3->2 [1] -1/-1/-1->3->2 [2] -1/-1/-1->3->2 [3] -1/-1/-1->3->2
x3004c0s1b0n0:6355:7518 [3] NCCL INFO misc/utils.cc:235 memory stack hunk malloc(65536)
x3004c0s1b0n0:6355:7518 [3] NCCL INFO channel.cc:23 Cuda Alloc Size 8064 pointer 0x151ee1800000
x3004c0s1b0n0:6355:7518 [3] NCCL INFO channel.cc:27 Cuda Alloc Size 80 pointer 0x151ee1802000
x3004c0s1b0n0:6355:7518 [3] NCCL INFO channel.cc:23 Cuda Alloc Size 8064 pointer 0x151ee1802200
x3004c0s1b0n0:6355:7518 [3] NCCL INFO channel.cc:27 Cuda Alloc Size 80 pointer 0x151ee1804200
x3004c0s1b0n0:6355:7518 [3] NCCL INFO channel.cc:23 Cuda Alloc Size 8064 pointer 0x151ee1804400
x3004c0s1b0n0:6355:7518 [3] NCCL INFO channel.cc:27 Cuda Alloc Size 80 pointer 0x151ee1806400
x3004c0s1b0n0:6355:7518 [3] NCCL INFO channel.cc:23 Cuda Alloc Size 8064 pointer 0x151ee1806600
x3004c0s1b0n0:6355:7518 [3] NCCL INFO channel.cc:27 Cuda Alloc Size 80 pointer 0x151ee1808600
x3004c0s1b0n0:6346:7491 [0] NCCL INFO Connection to proxy localRank 0 -> connection 0x145b58000cc0
x3004c0s1b0n0:6346:7683 [0] NCCL INFO transport/p2p.cc:430 Cuda Alloc Size 6291456 pointer 0x145ba4800000
x3004c0s1b0n0:6346:7491 [0] NCCL INFO Channel 02/0 : 0[7000] -> 2[85000] via P2P/IPC/read
x3004c0s1b0n0:6355:7686 [3] NCCL INFO Mem Realloc old size 0, new size 8 pointer 0x151ed4000c60
x3004c0s1b0n0:6355:7686 [3] NCCL INFO New proxy recv connection 0 from local rank 3, transport 0
x3004c0s1b0n0:6355:7518 [3] NCCL INFO Connection to proxy localRank 3 -> connection 0x151ed4000c80
x3004c0s1b0n0:6355:7686 [3] NCCL INFO transport/p2p.cc:449 Cuda Alloc Size 6291456 pointer 0x151ee1a00000
x3004c0s1b0n0:6353:7522 [2] NCCL INFO Channel 01/0 : 2[85000] -> 3[c7000] via P2P/IPC/read
x3004c0s1b0n0:6353:7685 [2] NCCL INFO New proxy send connection 1 from local rank 2, transport 0
x3004c0s1b0n0:6353:7522 [2] NCCL INFO Connection to proxy localRank 2 -> connection 0x14bae8000cc0
x3004c0s1b0n0:6353:7685 [2] NCCL INFO transport/p2p.cc:430 Cuda Alloc Size 6291456 pointer 0x14bae2000000
x3004c0s1b0n0:6353:7522 [2] NCCL INFO Channel 02/0 : 2[85000] -> 3[c7000] via P2P/IPC/read
x3004c0s1b0n0:6346:7683 [0] NCCL INFO New proxy send connection 2 from local rank 0, transport 0
x3004c0s1b0n0:6349:7524 [1] NCCL INFO Connection to proxy localRank 1 -> connection 0x149924000cc0
x3004c0s1b0n0:6353:7685 [2] NCCL INFO New proxy send connection 2 from local rank 2, transport 0
x3004c0s1b0n0:6346:7491 [0] NCCL INFO Connection to proxy localRank 0 -> connection 0x145b58000d00
x3004c0s1b0n0:6355:7686 [3] NCCL INFO New proxy recv connection 1 from local rank 3, transport 0
x3004c0s1b0n0:6346:7683 [0] NCCL INFO transport/p2p.cc:430 Cuda Alloc Size 6291456 pointer 0x145ba4e00000
x3004c0s1b0n0:6349:7524 [1] NCCL INFO Channel 01/0 : 19[c7000] -> 1[46000] [receive] via NET/IB/0
x3004c0s1b0n0:6349:7524 [1] NCCL INFO GPU Direct RDMA Disabled for GPU 46000 / HCA 1 (distance 6 > 4)
x3004c0s1b0n0:6349:7682 [1] NCCL INFO New proxy recv connection 2 from local rank 1, transport 2
x3004c0s1b0n0:6353:7522 [2] NCCL INFO Connection to proxy localRank 2 -> connection 0x14bae8000d00
x3004c0s1b0n0:6353:7685 [2] NCCL INFO transport/p2p.cc:430 Cuda Alloc Size 6291456 pointer 0x14bae2600000
x3004c0s1b0n0:6353:7522 [2] NCCL INFO Channel 03/0 : 2[85000] -> 3[c7000] via P2P/IPC/read
x3004c0s1b0n0:6353:7685 [2] NCCL INFO New proxy send connection 3 from local rank 2, transport 0
x3004c0s1b0n0:6355:7518 [3] NCCL INFO Connection to proxy localRank 3 -> connection 0x151ed4000cc0
x3004c0s1b0n0:6346:7491 [0] NCCL INFO Channel 03/0 : 0[7000] -> 2[85000] via P2P/IPC/read
x3004c0s1b0n0:6355:7686 [3] NCCL INFO transport/p2p.cc:449 Cuda Alloc Size 6291456 pointer 0x151eda000000
x3004c0s1b0n0:6346:7683 [0] NCCL INFO New proxy send connection 3 from local rank 0, transport 0
x3004c0s1b0n0:6353:7522 [2] NCCL INFO Connection to proxy localRank 2 -> connection 0x14bae8000d40
x3004c0s1b0n0:6349:7524 [1] NCCL INFO Connection to proxy localRank 1 -> connection 0x149924000d00
x3004c0s1b0n0:6353:7685 [2] NCCL INFO transport/p2p.cc:430 Cuda Alloc Size 6291456 pointer 0x14bae2c00000
x3004c0s1b0n0:6346:7491 [0] NCCL INFO Connection to proxy localRank 0 -> connection 0x145b58000d40
x3004c0s1b0n0:6346:7683 [0] NCCL INFO transport/p2p.cc:430 Cuda Alloc Size 6291456 pointer 0x145ba5400000
x3004c0s1b0n0:6349:7524 [1] NCCL INFO Channel 02/0 : 19[c7000] -> 1[46000] [receive] via NET/IB/1
x3004c0s1b0n0:6349:7524 [1] NCCL INFO GPU Direct RDMA Disabled for GPU 46000 / HCA 0 (distance 7 > 4)
x3004c0s1b0n0:6349:7682 [1] NCCL INFO New proxy recv connection 3 from local rank 1, transport 2
x3004c0s1b0n0:6355:7686 [3] NCCL INFO New proxy recv connection 2 from local rank 3, transport 0
x3004c0s1b0n0:6355:7518 [3] NCCL INFO Connection to proxy localRank 3 -> connection 0x151ed4000d00
x3004c0s1b0n0:6355:7686 [3] NCCL INFO transport/p2p.cc:449 Cuda Alloc Size 6291456 pointer 0x151eda600000
x3004c0s1b0n0:6349:7524 [1] NCCL INFO Connection to proxy localRank 1 -> connection 0x149924000d40
x3004c0s1b0n0:6349:7524 [1] NCCL INFO Channel 03/0 : 19[c7000] -> 1[46000] [receive] via NET/IB/0
x3004c0s1b0n0:6355:7686 [3] NCCL INFO New proxy recv connection 3 from local rank 3, transport 0
x3004c0s1b0n0:6355:7518 [3] NCCL INFO Connection to proxy localRank 3 -> connection 0x151ed4000d40
x3004c0s1b0n0:6355:7686 [3] NCCL INFO transport/p2p.cc:449 Cuda Alloc Size 6291456 pointer 0x151edac00000
x3004c0s1b0n0:6355:7518 [3] NCCL INFO GPU Direct RDMA Disabled for GPU c7000 / HCA 1 (distance 7 > 4)
x3004c0s1b0n0:6355:7686 [3] NCCL INFO Allocated 4194656 bytes of shared memory in /dev/shm/nccl-XoQv6H

x3004c0s1b0n0:6355:7686 [3] NCCL INFO New proxy send connection 4 from local rank 3, transport 2
x3004c0s1b0n0:6349:7682 [1] NCCL INFO transport/net_ib.cc:683 Ib Alloc Size 21688 pointer 0x14992401d000
x3004c0s1b0n0:6349:7682 [1] NCCL INFO transport/net_ib.cc:696 Ib Alloc Size 552 pointer 0x149924024000
x3004c0s1b0n0:6353:7685 [2] NCCL INFO New proxy recv connection 4 from local rank 2, transport 0
x3004c0s1b0n0:6353:7522 [2] NCCL INFO Connection to proxy localRank 2 -> connection 0x14bae8000d80
x3004c0s1b0n0:6353:7685 [2] NCCL INFO transport/p2p.cc:449 Cuda Alloc Size 6291456 pointer 0x14bae0c00000
x3004c0s1b0n0:6355:7518 [3] NCCL INFO Connection to proxy localRank 3 -> connection 0x151ed4000d80
x3004c0s1b0n0:6355:7518 [3] NCCL INFO Channel 00/0 : 3[c7000] -> 5[46000] [send] via NET/IB/1
x3004c0s1b0n0:6355:7518 [3] NCCL INFO GPU Direct RDMA Disabled for GPU c7000 / HCA 0 (distance 6 > 4)
x3004c0s1b0n0:6355:7686 [3] NCCL INFO New proxy send connection 5 from local rank 3, transport 2
x3004c0s1b0n0:6349:7682 [1] NCCL INFO transport/net_ib.cc:771 Ib Alloc Size 552 pointer 0x14992404b000
x3004c0s1b0n0:6349:7682 [1] NCCL INFO transport/net.cc:698 Cuda Host Alloc Size 9641984 pointer 0x149922000000
x3004c0s1b0n0:6349:7682 [1] NCCL INFO Mem Realloc old size 0, new size 768 pointer 0x1499240406b0
x3004c0s1b0n0:6349:7682 [1] NCCL INFO transport/net_ib.cc:683 Ib Alloc Size 21688 pointer 0x14992404d000
x3004c0s1b0n0:6353:7685 [2] NCCL INFO New proxy recv connection 5 from local rank 2, transport 0
x3004c0s1b0n0:6355:7518 [3] NCCL INFO Connection to proxy localRank 3 -> connection 0x151ed4000dc0
x3004c0s1b0n0:6355:7518 [3] NCCL INFO Channel 01/0 : 3[c7000] -> 5[46000] [send] via NET/IB/0
x3004c0s1b0n0:6355:7518 [3] NCCL INFO GPU Direct RDMA Disabled for GPU c7000 / HCA 1 (distance 7 > 4)
x3004c0s1b0n0:6355:7686 [3] NCCL INFO New proxy send connection 6 from local rank 3, transport 2
x3004c0s1b0n0:6349:7682 [1] NCCL INFO transport/net_ib.cc:696 Ib Alloc Size 552 pointer 0x149924054000
x3004c0s1b0n0:6349:7682 [1] NCCL INFO transport/net_ib.cc:771 Ib Alloc Size 552 pointer 0x149924079000
x3004c0s1b0n0:6349:7682 [1] NCCL INFO transport/net.cc:698 Cuda Host Alloc Size 9641984 pointer 0x149922a00000
x3004c0s1b0n0:6349:7682 [1] NCCL INFO Mem Realloc old size 0, new size 768 pointer 0x14992406e880
x3004c0s1b0n0:6355:7518 [3] NCCL INFO Connection to proxy localRank 3 -> connection 0x151ed4000e00
x3004c0s1b0n0:6355:7518 [3] NCCL INFO Channel 02/0 : 3[c7000] -> 5[46000] [send] via NET/IB/1
x3004c0s1b0n0:6355:7518 [3] NCCL INFO GPU Direct RDMA Disabled for GPU c7000 / HCA 0 (distance 6 > 4)
x3004c0s1b0n0:6355:7686 [3] NCCL INFO New proxy send connection 7 from local rank 3, transport 2
x3004c0s1b0n0:6353:7522 [2] NCCL INFO Connection to proxy localRank 2 -> connection 0x14bae8000dc0
x3004c0s1b0n0:6353:7685 [2] NCCL INFO transport/p2p.cc:449 Cuda Alloc Size 6291456 pointer 0x14bae1200000
x3004c0s1b0n0:6353:7685 [2] NCCL INFO New proxy recv connection 6 from local rank 2, transport 0
x3004c0s1b0n0:6353:7522 [2] NCCL INFO Connection to proxy localRank 2 -> connection 0x14bae8000e00
x3004c0s1b0n0:6353:7685 [2] NCCL INFO transport/p2p.cc:449 Cuda Alloc Size 6291456 pointer 0x14bae1800000
x3004c0s1b0n0:6355:7518 [3] NCCL INFO Connection to proxy localRank 3 -> connection 0x151ed4000e40
x3004c0s1b0n0:6355:7518 [3] NCCL INFO Channel 03/0 : 3[c7000] -> 5[46000] [send] via NET/IB/0
x3004c0s1b0n0:6355:7686 [3] NCCL INFO transport/net_ib.cc:596 Ib Alloc Size 26560 pointer 0x151ed4020000
x3004c0s1b0n0:6355:7686 [3] NCCL INFO NET/IB: Dev 1 Port 1 qpn 12227 mtu 5 GID 0 (80FE/AF0100FEFF000000)
x3004c0s1b0n0:6355:7686 [3] NCCL INFO transport/net_ib.cc:653 Ib Alloc Size 552 pointer 0x151ed4042000
x3004c0s1b0n0:6355:7686 [3] NCCL INFO transport/net.cc:571 Cuda Host Alloc Size 9641984 pointer 0x151ed2c00000
x3004c0s1b0n0:6355:7686 [3] NCCL INFO Mem Realloc old size 0, new size 768 pointer 0x151ed402f0a0
x3004c0s1b0n0:6349:7682 [1] NCCL INFO transport/net_ib.cc:683 Ib Alloc Size 21688 pointer 0x14992407b000
x3004c0s1b0n0:6349:7682 [1] NCCL INFO transport/net_ib.cc:696 Ib Alloc Size 552 pointer 0x149924082000
x3004c0s1b0n0:6349:7682 [1] NCCL INFO transport/net_ib.cc:771 Ib Alloc Size 552 pointer 0x14992409d000
x3004c0s1b0n0:6349:7682 [1] NCCL INFO transport/net.cc:698 Cuda Host Alloc Size 9641984 pointer 0x149923400000
x3004c0s1b0n0:6355:7686 [3] NCCL INFO transport/net_ib.cc:596 Ib Alloc Size 26560 pointer 0x151ed4044000
x3004c0s1b0n0:6353:7685 [2] NCCL INFO New proxy recv connection 7 from local rank 2, transport 0
x3004c0s1b0n0:6349:7682 [1] NCCL INFO transport/net_ib.cc:683 Ib Alloc Size 21688 pointer 0x14992409f000
x3004c0s1b0n0:6349:7682 [1] NCCL INFO transport/net_ib.cc:696 Ib Alloc Size 552 pointer 0x1499240a6000
x3004c0s1b0n0:6355:7686 [3] NCCL INFO NET/IB: Dev 0 Port 1 qpn 12848 mtu 5 GID 0 (80FE/EA0100FEFF000000)
x3004c0s1b0n0:6355:7686 [3] NCCL INFO transport/net_ib.cc:653 Ib Alloc Size 552 pointer 0x151ed4065000
x3004c0s1b0n0:6355:7686 [3] NCCL INFO transport/net.cc:571 Cuda Host Alloc Size 9641984 pointer 0x151ed3600000
x3004c0s1b0n0:6355:7686 [3] NCCL INFO Mem Realloc old size 0, new size 768 pointer 0x151ed40521f0
x3004c0s1b0n0:6349:7682 [1] NCCL INFO transport/net_ib.cc:771 Ib Alloc Size 552 pointer 0x1499240c1000
x3004c0s1b0n0:6349:7682 [1] NCCL INFO transport/net.cc:698 Cuda Host Alloc Size 9641984 pointer 0x149920000000
x3004c0s1b0n0:6355:7686 [3] NCCL INFO transport/net_ib.cc:596 Ib Alloc Size 26560 pointer 0x151ed4067000
x3004c0s1b0n0:6353:7522 [2] NCCL INFO Connection to proxy localRank 2 -> connection 0x14bae8000e40
x3004c0s1b0n0:6353:7685 [2] NCCL INFO transport/p2p.cc:449 Cuda Alloc Size 6291456 pointer 0x14bade000000
x3004c0s1b0n0:6355:7686 [3] NCCL INFO NET/IB: Dev 1 Port 1 qpn 12230 mtu 5 GID 0 (80FE/AF0100FEFF000000)
x3004c0s1b0n0:6355:7686 [3] NCCL INFO transport/net_ib.cc:653 Ib Alloc Size 552 pointer 0x151ed407e000
x3004c0s1b0n0:6355:7686 [3] NCCL INFO transport/net.cc:571 Cuda Host Alloc Size 9641984 pointer 0x151eca000000
x3004c0s1b0n0:6349:7524 [1] NCCL INFO Channel 00/0 : 1[46000] -> 0[7000] via P2P/IPC/read
x3004c0s1b0n0:6349:7682 [1] NCCL INFO New proxy send connection 4 from local rank 1, transport 0
x3004c0s1b0n0:6355:7686 [3] NCCL INFO transport/net_ib.cc:596 Ib Alloc Size 26560 pointer 0x151ed4080000
x3004c0s1b0n0:6353:7522 [2] NCCL INFO Connected all rings
x3004c0s1b0n0:6353:7685 [2] NCCL INFO New proxy recv connection 8 from local rank 2, transport 0
x3004c0s1b0n0:6346:7683 [0] NCCL INFO New proxy recv connection 4 from local rank 0, transport 0
x3004c0s1b0n0:6355:7686 [3] NCCL INFO NET/IB: Dev 0 Port 1 qpn 12851 mtu 5 GID 0 (80FE/EA0100FEFF000000)
x3004c0s1b0n0:6355:7686 [3] NCCL INFO transport/net_ib.cc:653 Ib Alloc Size 552 pointer 0x151ed4097000
x3004c0s1b0n0:6355:7686 [3] NCCL INFO transport/net.cc:571 Cuda Host Alloc Size 9641984 pointer 0x151ecaa00000
x3004c0s1b0n0:6349:7524 [1] NCCL INFO Connection to proxy localRank 1 -> connection 0x149924000d80
x3004c0s1b0n0:6349:7682 [1] NCCL INFO transport/p2p.cc:430 Cuda Alloc Size 6291456 pointer 0x149920a00000
x3004c0s1b0n0:6349:7524 [1] NCCL INFO Channel 01/0 : 1[46000] -> 0[7000] via P2P/IPC/read
x3004c0s1b0n0:6349:7682 [1] NCCL INFO New proxy send connection 5 from local rank 1, transport 0
x3004c0s1b0n0:6353:7522 [2] NCCL INFO Connection to proxy localRank 2 -> connection 0x14bae8000e80
x3004c0s1b0n0:6353:7685 [2] NCCL INFO transport/p2p.cc:449 Cuda Alloc Size 6291456 pointer 0x14badc000000
x3004c0s1b0n0:6346:7491 [0] NCCL INFO Connection to proxy localRank 0 -> connection 0x145b58000d80
x3004c0s1b0n0:6346:7683 [0] NCCL INFO transport/p2p.cc:449 Cuda Alloc Size 6291456 pointer 0x145ba7200000
x3004c0s1b0n0:6349:7524 [1] NCCL INFO Connection to proxy localRank 1 -> connection 0x149924000dc0
x3004c0s1b0n0:6349:7682 [1] NCCL INFO transport/p2p.cc:430 Cuda Alloc Size 6291456 pointer 0x149921000000
x3004c0s1b0n0:6355:7518 [3] NCCL INFO Connected all rings
x3004c0s1b0n0:6355:7518 [3] NCCL INFO Channel 00/0 : 3[c7000] -> 2[85000] via P2P/IPC/read
x3004c0s1b0n0:6355:7686 [3] NCCL INFO New proxy send connection 8 from local rank 3, transport 0
x3004c0s1b0n0:6346:7683 [0] NCCL INFO New proxy recv connection 5 from local rank 0, transport 0
x3004c0s1b0n0:6353:7685 [2] NCCL INFO New proxy recv connection 9 from local rank 2, transport 0
x3004c0s1b0n0:6353:7522 [2] NCCL INFO Connection to proxy localRank 2 -> connection 0x14bae8000ec0
x3004c0s1b0n0:6353:7685 [2] NCCL INFO transport/p2p.cc:449 Cuda Alloc Size 6291456 pointer 0x14badc600000
x3004c0s1b0n0:6349:7524 [1] NCCL INFO Channel 02/0 : 1[46000] -> 0[7000] via P2P/IPC/read
x3004c0s1b0n0:6349:7682 [1] NCCL INFO New proxy send connection 6 from local rank 1, transport 0
x3004c0s1b0n0:6355:7518 [3] NCCL INFO Connection to proxy localRank 3 -> connection 0x151ed4000e80
x3004c0s1b0n0:6355:7686 [3] NCCL INFO transport/p2p.cc:430 Cuda Alloc Size 6291456 pointer 0x151ecb400000
x3004c0s1b0n0:6346:7491 [0] NCCL INFO Connection to proxy localRank 0 -> connection 0x145b58000dc0
x3004c0s1b0n0:6346:7683 [0] NCCL INFO transport/p2p.cc:449 Cuda Alloc Size 6291456 pointer 0x145ba7800000
x3004c0s1b0n0:6353:7685 [2] NCCL INFO New proxy recv connection 10 from local rank 2, transport 0
x3004c0s1b0n0:6349:7524 [1] NCCL INFO Connection to proxy localRank 1 -> connection 0x149924000e00
x3004c0s1b0n0:6349:7682 [1] NCCL INFO transport/p2p.cc:430 Cuda Alloc Size 6291456 pointer 0x149921600000
x3004c0s1b0n0:6349:7524 [1] NCCL INFO Channel 03/0 : 1[46000] -> 0[7000] via P2P/IPC/read
x3004c0s1b0n0:6349:7682 [1] NCCL INFO New proxy send connection 7 from local rank 1, transport 0
x3004c0s1b0n0:6349:7524 [1] NCCL INFO Connection to proxy localRank 1 -> connection 0x149924000e40
x3004c0s1b0n0:6346:7683 [0] NCCL INFO New proxy recv connection 6 from local rank 0, transport 0
x3004c0s1b0n0:6355:7518 [3] NCCL INFO Channel 01/0 : 3[c7000] -> 2[85000] via P2P/IPC/read
x3004c0s1b0n0:6355:7686 [3] NCCL INFO New proxy send connection 9 from local rank 3, transport 0
x3004c0s1b0n0:6349:7682 [1] NCCL INFO transport/p2p.cc:430 Cuda Alloc Size 6291456 pointer 0x149931a00000
x3004c0s1b0n0:6353:7522 [2] NCCL INFO Connection to proxy localRank 2 -> connection 0x14bae8000f00
x3004c0s1b0n0:6353:7685 [2] NCCL INFO transport/p2p.cc:449 Cuda Alloc Size 6291456 pointer 0x14badcc00000
x3004c0s1b0n0:6346:7491 [0] NCCL INFO Connection to proxy localRank 0 -> connection 0x145b58000e00
x3004c0s1b0n0:6346:7683 [0] NCCL INFO transport/p2p.cc:449 Cuda Alloc Size 6291456 pointer 0x145ba7e00000
x3004c0s1b0n0:6346:7683 [0] NCCL INFO New proxy recv connection 7 from local rank 0, transport 0
x3004c0s1b0n0:6355:7518 [3] NCCL INFO Connection to proxy localRank 3 -> connection 0x151ed4000ec0
x3004c0s1b0n0:6355:7686 [3] NCCL INFO transport/p2p.cc:430 Cuda Alloc Size 6291456 pointer 0x151ecba00000
x3004c0s1b0n0:6346:7491 [0] NCCL INFO Connection to proxy localRank 0 -> connection 0x145b58000e40
x3004c0s1b0n0:6346:7683 [0] NCCL INFO transport/p2p.cc:449 Cuda Alloc Size 6291456 pointer 0x145ba8400000
x3004c0s1b0n0:6355:7518 [3] NCCL INFO Channel 02/0 : 3[c7000] -> 2[85000] via P2P/IPC/read
x3004c0s1b0n0:6355:7686 [3] NCCL INFO New proxy send connection 10 from local rank 3, transport 0
x3004c0s1b0n0:6353:7685 [2] NCCL INFO New proxy recv connection 11 from local rank 2, transport 0
x3004c0s1b0n0:6346:7491 [0] NCCL INFO Connected all rings
x3004c0s1b0n0:6346:7491 [0] NCCL INFO Channel 00/0 : 0[7000] -> 1[46000] via P2P/IPC/read
x3004c0s1b0n0:6349:7524 [1] NCCL INFO Connected all rings
x3004c0s1b0n0:6349:7682 [1] NCCL INFO New proxy recv connection 8 from local rank 1, transport 0
x3004c0s1b0n0:6346:7683 [0] NCCL INFO New proxy send connection 8 from local rank 0, transport 0
x3004c0s1b0n0:6355:7518 [3] NCCL INFO Connection to proxy localRank 3 -> connection 0x151ed4000f00
x3004c0s1b0n0:6355:7686 [3] NCCL INFO transport/p2p.cc:430 Cuda Alloc Size 6291456 pointer 0x151ec8000000
x3004c0s1b0n0:6349:7524 [1] NCCL INFO Connection to proxy localRank 1 -> connection 0x149924000e80
x3004c0s1b0n0:6349:7682 [1] NCCL INFO transport/p2p.cc:449 Cuda Alloc Size 6291456 pointer 0x14991f800000
x3004c0s1b0n0:6346:7491 [0] NCCL INFO Connection to proxy localRank 0 -> connection 0x145b58000e80
x3004c0s1b0n0:6346:7683 [0] NCCL INFO transport/p2p.cc:430 Cuda Alloc Size 6291456 pointer 0x145baa200000
x3004c0s1b0n0:6353:7522 [2] NCCL INFO Connection to proxy localRank 2 -> connection 0x14bae8000f40
x3004c0s1b0n0:6353:7685 [2] NCCL INFO transport/p2p.cc:449 Cuda Alloc Size 6291456 pointer 0x14badd200000
x3004c0s1b0n0:6355:7518 [3] NCCL INFO Channel 03/0 : 3[c7000] -> 2[85000] via P2P/IPC/read
x3004c0s1b0n0:6355:7686 [3] NCCL INFO New proxy send connection 11 from local rank 3, transport 0
x3004c0s1b0n0:6355:7518 [3] NCCL INFO Connection to proxy localRank 3 -> connection 0x151ed4000f40
x3004c0s1b0n0:6349:7682 [1] NCCL INFO New proxy recv connection 9 from local rank 1, transport 0
x3004c0s1b0n0:6346:7491 [0] NCCL INFO Channel 01/0 : 0[7000] -> 1[46000] via P2P/IPC/read
x3004c0s1b0n0:6346:7683 [0] NCCL INFO New proxy send connection 9 from local rank 0, transport 0
x3004c0s1b0n0:6355:7686 [3] NCCL INFO transport/p2p.cc:430 Cuda Alloc Size 6291456 pointer 0x151ec8600000
x3004c0s1b0n0:6349:7524 [1] NCCL INFO Connection to proxy localRank 1 -> connection 0x149924000ec0
x3004c0s1b0n0:6349:7682 [1] NCCL INFO transport/p2p.cc:449 Cuda Alloc Size 6291456 pointer 0x14991c000000
x3004c0s1b0n0:6346:7491 [0] NCCL INFO Connection to proxy localRank 0 -> connection 0x145b58000ec0
x3004c0s1b0n0:6346:7683 [0] NCCL INFO transport/p2p.cc:430 Cuda Alloc Size 6291456 pointer 0x145baa800000
x3004c0s1b0n0:6349:7682 [1] NCCL INFO New proxy recv connection 10 from local rank 1, transport 0
x3004c0s1b0n0:6346:7491 [0] NCCL INFO Channel 02/0 : 0[7000] -> 1[46000] via P2P/IPC/read
x3004c0s1b0n0:6346:7683 [0] NCCL INFO New proxy send connection 10 from local rank 0, transport 0
x3004c0s1b0n0:6349:7524 [1] NCCL INFO Connection to proxy localRank 1 -> connection 0x149924000f00
x3004c0s1b0n0:6349:7682 [1] NCCL INFO transport/p2p.cc:449 Cuda Alloc Size 6291456 pointer 0x14991c600000
x3004c0s1b0n0:6346:7491 [0] NCCL INFO Connection to proxy localRank 0 -> connection 0x145b58000f00
x3004c0s1b0n0:6346:7683 [0] NCCL INFO transport/p2p.cc:430 Cuda Alloc Size 6291456 pointer 0x145baae00000
x3004c0s1b0n0:6349:7682 [1] NCCL INFO New proxy recv connection 11 from local rank 1, transport 0
x3004c0s1b0n0:6349:7524 [1] NCCL INFO Connection to proxy localRank 1 -> connection 0x149924000f40
x3004c0s1b0n0:6349:7682 [1] NCCL INFO transport/p2p.cc:449 Cuda Alloc Size 6291456 pointer 0x14991cc00000
x3004c0s1b0n0:6346:7491 [0] NCCL INFO Channel 03/0 : 0[7000] -> 1[46000] via P2P/IPC/read
x3004c0s1b0n0:6346:7683 [0] NCCL INFO New proxy send connection 11 from local rank 0, transport 0
x3004c0s1b0n0:6349:7524 [1] NCCL INFO Channel 00/0 : 1[46000] -> 2[85000] via P2P/IPC/read
x3004c0s1b0n0:6349:7682 [1] NCCL INFO New proxy send connection 12 from local rank 1, transport 0
x3004c0s1b0n0:6346:7491 [0] NCCL INFO Connection to proxy localRank 0 -> connection 0x145b58000f40
x3004c0s1b0n0:6346:7683 [0] NCCL INFO transport/p2p.cc:430 Cuda Alloc Size 6291456 pointer 0x145bab400000
x3004c0s1b0n0:6349:7524 [1] NCCL INFO Connection to proxy localRank 1 -> connection 0x149924000f80
x3004c0s1b0n0:6349:7682 [1] NCCL INFO transport/p2p.cc:430 Cuda Alloc Size 6291456 pointer 0x14991d200000
x3004c0s1b0n0:6349:7524 [1] NCCL INFO Channel 01/0 : 1[46000] -> 2[85000] via P2P/IPC/read
x3004c0s1b0n0:6349:7682 [1] NCCL INFO New proxy send connection 13 from local rank 1, transport 0
x3004c0s1b0n0:6349:7524 [1] NCCL INFO Connection to proxy localRank 1 -> connection 0x149924000fc0
x3004c0s1b0n0:6349:7682 [1] NCCL INFO transport/p2p.cc:430 Cuda Alloc Size 6291456 pointer 0x14991d800000
x3004c0s1b0n0:6349:7524 [1] NCCL INFO Channel 02/0 : 1[46000] -> 2[85000] via P2P/IPC/read
x3004c0s1b0n0:6349:7682 [1] NCCL INFO New proxy send connection 14 from local rank 1, transport 0
x3004c0s1b0n0:6349:7524 [1] NCCL INFO Connection to proxy localRank 1 -> connection 0x149924001000
x3004c0s1b0n0:6349:7682 [1] NCCL INFO transport/p2p.cc:430 Cuda Alloc Size 6291456 pointer 0x14991a000000
x3004c0s1b0n0:6349:7524 [1] NCCL INFO Channel 03/0 : 1[46000] -> 2[85000] via P2P/IPC/read
x3004c0s1b0n0:6349:7682 [1] NCCL INFO New proxy send connection 15 from local rank 1, transport 0
x3004c0s1b0n0:6349:7524 [1] NCCL INFO Connection to proxy localRank 1 -> connection 0x149924001040
x3004c0s1b0n0:6349:7682 [1] NCCL INFO transport/p2p.cc:430 Cuda Alloc Size 6291456 pointer 0x14991a600000
x3004c0s1b0n0:6349:7524 [1] NCCL INFO GPU Direct RDMA Disabled for GPU 46000 / HCA 1 (distance 6 > 4)
x3004c0s1b0n0:6346:7491 [0] NCCL INFO GPU Direct RDMA Disabled for GPU 7000 / HCA 1 (distance 7 > 4)
x3004c0s1b0n0:6346:7683 [0] NCCL INFO Allocated 4194656 bytes of shared memory in /dev/shm/nccl-HLF6J1

x3004c0s1b0n0:6346:7683 [0] NCCL INFO New proxy recv connection 12 from local rank 0, transport 2
x3004c0s1b0n0:6349:7682 [1] NCCL INFO New proxy recv connection 16 from local rank 1, transport 2
x3004c0s1b0n0:6353:7685 [2] NCCL INFO New proxy recv connection 12 from local rank 2, transport 0
x3004c0s1b0n0:6353:7522 [2] NCCL INFO Connection to proxy localRank 2 -> connection 0x14bae8000f80
x3004c0s1b0n0:6346:7491 [0] NCCL INFO Connection to proxy localRank 0 -> connection 0x145b58000f80
x3004c0s1b0n0:6349:7524 [1] NCCL INFO Connection to proxy localRank 1 -> connection 0x149924001080
x3004c0s1b0n0:6353:7685 [2] NCCL INFO transport/p2p.cc:449 Cuda Alloc Size 6291456 pointer 0x14badb200000
x3004c0s1b0n0:6349:7524 [1] NCCL INFO Channel 02/0 : 12[7000] -> 1[46000] [receive] via NET/IB/1
x3004c0s1b0n0:6349:7524 [1] NCCL INFO GPU Direct RDMA Disabled for GPU 46000 / HCA 0 (distance 7 > 4)
x3004c0s1b0n0:6349:7682 [1] NCCL INFO New proxy recv connection 17 from local rank 1, transport 2
x3004c0s1b0n0:6346:7491 [0] NCCL INFO Channel 00/0 : 16[7000] -> 0[7000] [receive] via NET/IB/1
x3004c0s1b0n0:6346:7491 [0] NCCL INFO GPU Direct RDMA Disabled for GPU 7000 / HCA 0 (distance 7 > 4)
x3004c0s1b0n0:6346:7683 [0] NCCL INFO New proxy recv connection 13 from local rank 0, transport 2
x3004c0s1b0n0:6349:7524 [1] NCCL INFO Connection to proxy localRank 1 -> connection 0x1499240010c0
x3004c0s1b0n0:6346:7491 [0] NCCL INFO Connection to proxy localRank 0 -> connection 0x145b58000fc0
x3004c0s1b0n0:6349:7524 [1] NCCL INFO Channel 03/0 : 12[7000] -> 1[46000] [receive] via NET/IB/0
x3004c0s1b0n0:6353:7685 [2] NCCL INFO New proxy recv connection 13 from local rank 2, transport 0
x3004c0s1b0n0:6353:7522 [2] NCCL INFO Connection to proxy localRank 2 -> connection 0x14bae8000fc0
x3004c0s1b0n0:6353:7685 [2] NCCL INFO transport/p2p.cc:449 Cuda Alloc Size 6291456 pointer 0x14badb800000
x3004c0s1b0n0:6346:7491 [0] NCCL INFO Channel 01/0 : 16[7000] -> 0[7000] [receive] via NET/IB/0
x3004c0s1b0n0:6346:7491 [0] NCCL INFO GPU Direct RDMA Disabled for GPU 7000 / HCA 1 (distance 7 > 4)
x3004c0s1b0n0:6346:7683 [0] NCCL INFO New proxy send connection 14 from local rank 0, transport 2
x3004c0s1b0n0:6346:7491 [0] NCCL INFO Connection to proxy localRank 0 -> connection 0x145b58001000
x3004c0s1b0n0:6346:7491 [0] NCCL INFO Channel 02/0 : 0[7000] -> 4[7000] [send] via NET/IB/1
x3004c0s1b0n0:6346:7491 [0] NCCL INFO GPU Direct RDMA Disabled for GPU 7000 / HCA 0 (distance 7 > 4)
x3004c0s1b0n0:6346:7683 [0] NCCL INFO New proxy send connection 15 from local rank 0, transport 2
x3004c0s1b0n0:6353:7685 [2] NCCL INFO New proxy recv connection 14 from local rank 2, transport 0
x3004c0s1b0n0:6353:7522 [2] NCCL INFO Connection to proxy localRank 2 -> connection 0x14bae8001000
x3004c0s1b0n0:6346:7491 [0] NCCL INFO Connection to proxy localRank 0 -> connection 0x145b58001040
x3004c0s1b0n0:6346:7491 [0] NCCL INFO Channel 03/0 : 0[7000] -> 4[7000] [send] via NET/IB/0
x3004c0s1b0n0:6353:7685 [2] NCCL INFO transport/p2p.cc:449 Cuda Alloc Size 6291456 pointer 0x14bad8000000
x3004c0s1b0n0:6353:7685 [2] NCCL INFO New proxy recv connection 15 from local rank 2, transport 0
x3004c0s1b0n0:6353:7522 [2] NCCL INFO Connection to proxy localRank 2 -> connection 0x14bae8001040
x3004c0s1b0n0:6353:7685 [2] NCCL INFO transport/p2p.cc:449 Cuda Alloc Size 6291456 pointer 0x14bad8600000
x3004c0s1b0n0:6346:7683 [0] NCCL INFO transport/net_ib.cc:596 Ib Alloc Size 26560 pointer 0x145b58025000
x3004c0s1b0n0:6346:7683 [0] NCCL INFO NET/IB: Dev 1 Port 1 qpn 12231 mtu 5 GID 0 (80FE/AF0100FEFF000000)
x3004c0s1b0n0:6346:7683 [0] NCCL INFO transport/net_ib.cc:653 Ib Alloc Size 552 pointer 0x145b58047000
x3004c0s1b0n0:6346:7683 [0] NCCL INFO transport/net.cc:571 Cuda Host Alloc Size 9641984 pointer 0x145bad200000
x3004c0s1b0n0:6346:7683 [0] NCCL INFO Mem Realloc old size 0, new size 768 pointer 0x145b58034320
x3004c0s1b0n0:6353:7522 [2] NCCL INFO Channel 00/0 : 2[85000] -> 1[46000] via P2P/IPC/read
x3004c0s1b0n0:6346:7683 [0] NCCL INFO transport/net_ib.cc:596 Ib Alloc Size 26560 pointer 0x145b58049000
x3004c0s1b0n0:6353:7685 [2] NCCL INFO New proxy send connection 16 from local rank 2, transport 0
x3004c0s1b0n0:6346:7683 [0] NCCL INFO NET/IB: Dev 0 Port 1 qpn 12852 mtu 5 GID 0 (80FE/EA0100FEFF000000)
x3004c0s1b0n0:6346:7683 [0] NCCL INFO transport/net_ib.cc:653 Ib Alloc Size 552 pointer 0x145b5806a000
x3004c0s1b0n0:6346:7683 [0] NCCL INFO transport/net.cc:571 Cuda Host Alloc Size 9641984 pointer 0x145badc00000
x3004c0s1b0n0:6346:7683 [0] NCCL INFO Mem Realloc old size 0, new size 768 pointer 0x145b58057760
x3004c0s1b0n0:6353:7522 [2] NCCL INFO Connection to proxy localRank 2 -> connection 0x14bae8001080
x3004c0s1b0n0:6353:7685 [2] NCCL INFO transport/p2p.cc:430 Cuda Alloc Size 6291456 pointer 0x14bad8c00000
x3004c0s1b0n0:6346:7683 [0] NCCL INFO transport/net_ib.cc:683 Ib Alloc Size 21688 pointer 0x145b5806c000
x3004c0s1b0n0:6346:7683 [0] NCCL INFO transport/net_ib.cc:696 Ib Alloc Size 552 pointer 0x145b58073000
x3004c0s1b0n0:6346:7683 [0] NCCL INFO transport/net_ib.cc:771 Ib Alloc Size 552 pointer 0x145b5808f000
x3004c0s1b0n0:6346:7683 [0] NCCL INFO transport/net.cc:698 Cuda Host Alloc Size 9641984 pointer 0x145bae600000
x3004c0s1b0n0:6353:7522 [2] NCCL INFO Channel 01/0 : 2[85000] -> 1[46000] via P2P/IPC/read
x3004c0s1b0n0:6353:7685 [2] NCCL INFO New proxy send connection 17 from local rank 2, transport 0
x3004c0s1b0n0:6346:7683 [0] NCCL INFO transport/net_ib.cc:683 Ib Alloc Size 21688 pointer 0x145b58091000
x3004c0s1b0n0:6346:7683 [0] NCCL INFO transport/net_ib.cc:696 Ib Alloc Size 552 pointer 0x145b58098000
x3004c0s1b0n0:6353:7522 [2] NCCL INFO Connection to proxy localRank 2 -> connection 0x14bae80010c0
x3004c0s1b0n0:6353:7685 [2] NCCL INFO transport/p2p.cc:430 Cuda Alloc Size 6291456 pointer 0x14bad9200000
x3004c0s1b0n0:6346:7683 [0] NCCL INFO transport/net_ib.cc:771 Ib Alloc Size 552 pointer 0x145b580b3000
x3004c0s1b0n0:6346:7683 [0] NCCL INFO transport/net.cc:698 Cuda Host Alloc Size 9641984 pointer 0x145baf000000
x3004c0s1b0n0:6353:7522 [2] NCCL INFO Channel 02/0 : 2[85000] -> 1[46000] via P2P/IPC/read
x3004c0s1b0n0:6353:7685 [2] NCCL INFO New proxy send connection 18 from local rank 2, transport 0
x3004c0s1b0n0:6346:7491 [0] NCCL INFO GPU Direct RDMA Disabled for GPU 7000 / HCA 1 (distance 7 > 4)
x3004c0s1b0n0:6346:7683 [0] NCCL INFO New proxy recv connection 16 from local rank 0, transport 2
x3004c0s1b0n0:6349:7682 [1] NCCL INFO transport/net_ib.cc:683 Ib Alloc Size 21688 pointer 0x1499240d2000
x3004c0s1b0n0:6349:7682 [1] NCCL INFO transport/net_ib.cc:696 Ib Alloc Size 552 pointer 0x149924019000
x3004c0s1b0n0:6353:7522 [2] NCCL INFO Connection to proxy localRank 2 -> connection 0x14bae8001100
x3004c0s1b0n0:6353:7685 [2] NCCL INFO transport/p2p.cc:430 Cuda Alloc Size 6291456 pointer 0x14bad9800000
x3004c0s1b0n0:6353:7522 [2] NCCL INFO Channel 03/0 : 2[85000] -> 1[46000] via P2P/IPC/read
x3004c0s1b0n0:6353:7685 [2] NCCL INFO New proxy send connection 19 from local rank 2, transport 0
x3004c0s1b0n0:6346:7491 [0] NCCL INFO Connection to proxy localRank 0 -> connection 0x145b58001080
x3004c0s1b0n0:6349:7682 [1] NCCL INFO transport/net_ib.cc:771 Ib Alloc Size 552 pointer 0x1499240f2000
x3004c0s1b0n0:6349:7682 [1] NCCL INFO transport/net.cc:698 Cuda Host Alloc Size 9641984 pointer 0x149916000000
x3004c0s1b0n0:6353:7522 [2] NCCL INFO Connection to proxy localRank 2 -> connection 0x14bae8001140
x3004c0s1b0n0:6353:7685 [2] NCCL INFO transport/p2p.cc:430 Cuda Alloc Size 6291456 pointer 0x14bad6000000
x3004c0s1b0n0:6349:7682 [1] NCCL INFO transport/net_ib.cc:683 Ib Alloc Size 21688 pointer 0x1499240f4000
x3004c0s1b0n0:6349:7682 [1] NCCL INFO transport/net_ib.cc:696 Ib Alloc Size 552 pointer 0x1499240fb000
x3004c0s1b0n0:6349:7682 [1] NCCL INFO transport/net_ib.cc:771 Ib Alloc Size 552 pointer 0x149924116000
x3004c0s1b0n0:6349:7682 [1] NCCL INFO transport/net.cc:698 Cuda Host Alloc Size 9641984 pointer 0x149916a00000
x3004c0s1b0n0:6346:7491 [0] NCCL INFO Channel 02/0 : 4[7000] -> 0[7000] [receive] via NET/IB/1
x3004c0s1b0n0:6346:7491 [0] NCCL INFO GPU Direct RDMA Disabled for GPU 7000 / HCA 0 (distance 7 > 4)
x3004c0s1b0n0:6346:7683 [0] NCCL INFO New proxy recv connection 17 from local rank 0, transport 2
x3004c0s1b0n0:6349:7524 [1] NCCL INFO GPU Direct RDMA Disabled for GPU 46000 / HCA 1 (distance 6 > 4)
x3004c0s1b0n0:6349:7682 [1] NCCL INFO New proxy send connection 18 from local rank 1, transport 2
x3004c0s1b0n0:6355:7518 [3] NCCL INFO Connected all trees by HAO
x3004c0s1b0n0:6355:7518 [3] NCCL INFO threadThresholds 8/8/64 | 160/8/64 | 512 | 512
x3004c0s1b0n0:6355:7518 [3] NCCL INFO 4 coll channels, 4 p2p channels, 2 p2p channels per peer
x3004c0s1b0n0:6355:7686 [3] NCCL INFO New proxy send connection 12 from local rank 3, transport 2
x3004c0s1b0n0:6355:7518 [3] NCCL INFO Connection to proxy localRank 3 -> connection 0x151ed4000f80
x3004c0s1b0n0:6355:7686 [3] NCCL INFO transport/net.cc:376 Cuda Alloc Size 8388608 pointer 0x151ec6600000
x3004c0s1b0n0:6349:7524 [1] NCCL INFO Connection to proxy localRank 1 -> connection 0x149924001100
x3004c0s1b0n0:6349:7524 [1] NCCL INFO Channel 02/0 : 1[46000] -> 12[7000] [send] via NET/IB/1
x3004c0s1b0n0:6349:7524 [1] NCCL INFO GPU Direct RDMA Disabled for GPU 46000 / HCA 0 (distance 7 > 4)
x3004c0s1b0n0:6349:7682 [1] NCCL INFO New proxy send connection 19 from local rank 1, transport 2
x3004c0s1b0n0:6346:7491 [0] NCCL INFO Connection to proxy localRank 0 -> connection 0x145b580010c0
x3004c0s1b0n0:6346:7491 [0] NCCL INFO Channel 03/0 : 4[7000] -> 0[7000] [receive] via NET/IB/0
x3004c0s1b0n0:6346:7491 [0] NCCL INFO GPU Direct RDMA Disabled for GPU 7000 / HCA 1 (distance 7 > 4)
x3004c0s1b0n0:6346:7683 [0] NCCL INFO New proxy send connection 18 from local rank 0, transport 2
x3004c0s1b0n0:6349:7524 [1] NCCL INFO Connection to proxy localRank 1 -> connection 0x149924001140
x3004c0s1b0n0:6349:7524 [1] NCCL INFO Channel 03/0 : 1[46000] -> 12[7000] [send] via NET/IB/0
x3004c0s1b0n0:6349:7682 [1] NCCL INFO transport/net_ib.cc:596 Ib Alloc Size 26560 pointer 0x149924122000
x3004c0s1b0n0:6349:7682 [1] NCCL INFO NET/IB: Dev 1 Port 1 qpn 12236 mtu 5 GID 0 (80FE/AF0100FEFF000000)
x3004c0s1b0n0:6349:7682 [1] NCCL INFO transport/net_ib.cc:653 Ib Alloc Size 552 pointer 0x149924139000
x3004c0s1b0n0:6349:7682 [1] NCCL INFO transport/net.cc:571 Cuda Host Alloc Size 9641984 pointer 0x149917400000
x3004c0s1b0n0:6349:7682 [1] NCCL INFO transport/net_ib.cc:596 Ib Alloc Size 26560 pointer 0x14992413b000
x3004c0s1b0n0:6346:7491 [0] NCCL INFO Connection to proxy localRank 0 -> connection 0x145b58001100
x3004c0s1b0n0:6346:7491 [0] NCCL INFO Channel 00/0 : 0[7000] -> 16[7000] [send] via NET/IB/1
x3004c0s1b0n0:6346:7491 [0] NCCL INFO GPU Direct RDMA Disabled for GPU 7000 / HCA 0 (distance 7 > 4)
x3004c0s1b0n0:6346:7683 [0] NCCL INFO New proxy send connection 19 from local rank 0, transport 2
x3004c0s1b0n0:6349:7682 [1] NCCL INFO NET/IB: Dev 0 Port 1 qpn 12857 mtu 5 GID 0 (80FE/EA0100FEFF000000)
x3004c0s1b0n0:6349:7682 [1] NCCL INFO transport/net_ib.cc:653 Ib Alloc Size 552 pointer 0x149924152000
x3004c0s1b0n0:6349:7682 [1] NCCL INFO transport/net.cc:571 Cuda Host Alloc Size 9641984 pointer 0x149914000000
x3004c0s1b0n0:6349:7682 [1] NCCL INFO New proxy recv connection 20 from local rank 1, transport 0
x3004c0s1b0n0:6346:7491 [0] NCCL INFO Connection to proxy localRank 0 -> connection 0x145b58001140
x3004c0s1b0n0:6346:7491 [0] NCCL INFO Channel 01/0 : 0[7000] -> 16[7000] [send] via NET/IB/0
x3004c0s1b0n0:6349:7524 [1] NCCL INFO Connection to proxy localRank 1 -> connection 0x149924001180
x3004c0s1b0n0:6349:7682 [1] NCCL INFO transport/p2p.cc:449 Cuda Alloc Size 6291456 pointer 0x149914a00000
x3004c0s1b0n0:6349:7682 [1] NCCL INFO New proxy recv connection 21 from local rank 1, transport 0
x3004c0s1b0n0:6349:7524 [1] NCCL INFO Connection to proxy localRank 1 -> connection 0x1499240011c0
x3004c0s1b0n0:6349:7682 [1] NCCL INFO transport/p2p.cc:449 Cuda Alloc Size 6291456 pointer 0x149915000000
x3004c0s1b0n0:6349:7682 [1] NCCL INFO New proxy recv connection 22 from local rank 1, transport 0
x3004c0s1b0n0:6349:7524 [1] NCCL INFO Connection to proxy localRank 1 -> connection 0x149924001200
x3004c0s1b0n0:6349:7682 [1] NCCL INFO transport/p2p.cc:449 Cuda Alloc Size 6291456 pointer 0x149915600000
x3004c0s1b0n0:6349:7682 [1] NCCL INFO New proxy recv connection 23 from local rank 1, transport 0
x3004c0s1b0n0:6349:7524 [1] NCCL INFO Connection to proxy localRank 1 -> connection 0x149924001240
x3004c0s1b0n0:6346:7683 [0] NCCL INFO transport/net_ib.cc:596 Ib Alloc Size 26560 pointer 0x145b580c9000
x3004c0s1b0n0:6346:7683 [0] NCCL INFO NET/IB: Dev 1 Port 1 qpn 12237 mtu 5 GID 0 (80FE/AF0100FEFF000000)
x3004c0s1b0n0:6346:7683 [0] NCCL INFO transport/net_ib.cc:653 Ib Alloc Size 552 pointer 0x145b580e0000
x3004c0s1b0n0:6346:7683 [0] NCCL INFO transport/net.cc:571 Cuda Host Alloc Size 9641984 pointer 0x145bafa00000
x3004c0s1b0n0:6346:7683 [0] NCCL INFO transport/net_ib.cc:596 Ib Alloc Size 26560 pointer 0x145b580e2000
x3004c0s1b0n0:6346:7683 [0] NCCL INFO NET/IB: Dev 0 Port 1 qpn 12858 mtu 5 GID 0 (80FE/EA0100FEFF000000)
x3004c0s1b0n0:6346:7683 [0] NCCL INFO transport/net_ib.cc:653 Ib Alloc Size 552 pointer 0x145b580f9000
x3004c0s1b0n0:6346:7683 [0] NCCL INFO transport/net.cc:571 Cuda Host Alloc Size 9641984 pointer 0x145bb0400000
x3004c0s1b0n0:6349:7682 [1] NCCL INFO transport/p2p.cc:449 Cuda Alloc Size 6291456 pointer 0x149912000000
x3004c0s1b0n0:6349:7524 [1] NCCL INFO Connected all trees by HAO
x3004c0s1b0n0:6349:7524 [1] NCCL INFO threadThresholds 8/8/64 | 160/8/64 | 512 | 512
x3004c0s1b0n0:6349:7524 [1] NCCL INFO 4 coll channels, 4 p2p channels, 2 p2p channels per peer
x3004c0s1b0n0:6349:7682 [1] NCCL INFO New proxy send connection 24 from local rank 1, transport 2
x3004c0s1b0n0:6353:7522 [2] NCCL INFO Connected all trees by HAO
x3004c0s1b0n0:6353:7522 [2] NCCL INFO threadThresholds 8/8/64 | 160/8/64 | 512 | 512
x3004c0s1b0n0:6353:7522 [2] NCCL INFO 4 coll channels, 4 p2p channels, 2 p2p channels per peer
x3004c0s1b0n0:6353:7685 [2] NCCL INFO Allocated 4194656 bytes of shared memory in /dev/shm/nccl-frWkkB

x3004c0s1b0n0:6353:7685 [2] NCCL INFO New proxy send connection 20 from local rank 2, transport 2
x3004c0s1b0n0:6346:7683 [0] NCCL INFO transport/net_ib.cc:683 Ib Alloc Size 21688 pointer 0x145b580fb000
x3004c0s1b0n0:6346:7683 [0] NCCL INFO transport/net_ib.cc:696 Ib Alloc Size 552 pointer 0x145b58102000
x3004c0s1b0n0:6349:7524 [1] NCCL INFO Connection to proxy localRank 1 -> connection 0x149924001280
x3004c0s1b0n0:6349:7682 [1] NCCL INFO transport/net.cc:376 Cuda Alloc Size 8388608 pointer 0x149910000000
x3004c0s1b0n0:6353:7522 [2] NCCL INFO Connection to proxy localRank 2 -> connection 0x14bae8001180
x3004c0s1b0n0:6353:7685 [2] NCCL INFO transport/net.cc:376 Cuda Alloc Size 8388608 pointer 0x14bad5800000
x3004c0s1b0n0:6346:7683 [0] NCCL INFO transport/net_ib.cc:771 Ib Alloc Size 552 pointer 0x145b5811d000
x3004c0s1b0n0:6346:7683 [0] NCCL INFO transport/net.cc:698 Cuda Host Alloc Size 9641984 pointer 0x145bb0e00000
x3004c0s1b0n0:6346:7683 [0] NCCL INFO transport/net_ib.cc:683 Ib Alloc Size 21688 pointer 0x145b5811f000
x3004c0s1b0n0:6346:7683 [0] NCCL INFO transport/net_ib.cc:696 Ib Alloc Size 552 pointer 0x145b58126000
x3004c0s1b0n0:6346:7683 [0] NCCL INFO transport/net_ib.cc:771 Ib Alloc Size 552 pointer 0x145b58141000
x3004c0s1b0n0:6346:7683 [0] NCCL INFO transport/net.cc:698 Cuda Host Alloc Size 9641984 pointer 0x145bb1800000
x3004c0s1b0n0:6346:7491 [0] NCCL INFO Connected all trees by HAO
x3004c0s1b0n0:6346:7491 [0] NCCL INFO Latency/AlgBw |    Tree/    LL |    Tree/ LL128 |    Tree/Simple |    Ring/    LL |    Ring/ LL128 |    Ring/Simple | CollNetDirect/    LL | CollNetDirect/ LL128 | CollNetDirect/Simple | CollNetChain/    LL | CollNetChain/ LL128 | CollNetChain/Simple |
x3004c0s1b0n0:6346:7491 [0] NCCL INFO  Max NThreads |            512 |            640 |            512 |            512 |            640 |            512 |              0 |              0 |            512 |              0 |              0 |            512 |
x3004c0s1b0n0:6346:7491 [0] NCCL INFO     Broadcast |     0.0/   0.0 |     0.0/   0.0 |     0.0/   0.0 |     6.3/   6.0 |    14.0/   0.0 |    18.0/  24.0 |     0.0/   0.0 |     0.0/   0.0 |     0.0/   0.0 |     0.0/   0.0 |     0.0/   0.0 |     0.0/   0.0 |
x3004c0s1b0n0:6346:7491 [0] NCCL INFO        Reduce |     0.0/   0.0 |     0.0/   0.0 |     0.0/   0.0 |     6.3/   6.0 |    14.0/   0.0 |    18.0/  24.0 |     0.0/   0.0 |     0.0/   0.0 |     0.0/   0.0 |     0.0/   0.0 |     0.0/   0.0 |     0.0/   0.0 |
x3004c0s1b0n0:6346:7491 [0] NCCL INFO     AllGather |     0.0/   0.0 |     0.0/   0.0 |     0.0/   0.0 |    27.1/   6.3 |    54.5/   0.0 |    97.8/  25.3 |     0.0/   0.0 |     0.0/   0.0 |     0.0/   0.0 |     0.0/   0.0 |     0.0/   0.0 |     0.0/   0.0 |
x3004c0s1b0n0:6346:7491 [0] NCCL INFO ReduceScatter |     0.0/   0.0 |     0.0/   0.0 |     0.0/   0.0 |    27.1/   6.3 |    54.5/   0.0 |    97.8/  25.3 |     0.0/   0.0 |     0.0/   0.0 |     0.0/   0.0 |     0.0/   0.0 |     0.0/   0.0 |     0.0/   0.0 |
x3004c0s1b0n0:6346:7491 [0] NCCL INFO     AllReduce |    30.0/   2.9 |    45.9/   0.0 |   280.0/  11.0 |    54.3/   3.2 |   103.2/   0.0 |   199.6/  12.6 |     7.4/   0.0 |     7.4/   0.0 |    29.7/   0.0 |     4.4/   0.0 |     4.4/   0.0 |    48.0/   0.0 |
x3004c0s1b0n0:6346:7491 [0] NCCL INFO threadThresholds 8/8/64 | 160/8/64 | 512 | 512
x3004c0s1b0n0:6346:7491 [0] NCCL INFO 4 coll channels, 4 p2p channels, 2 p2p channels per peer
x3004c0s1b0n0:6346:7683 [0] NCCL INFO New proxy send connection 20 from local rank 0, transport 2
x3004c0s1b0n0:6346:7491 [0] NCCL INFO Connection to proxy localRank 0 -> connection 0x145b58001180
x3004c0s1b0n0:6346:7491 [0] NCCL INFO init.cc:367 Cuda Alloc Size 5168 pointer 0x145ba4008800
x3004c0s1b0n0:6349:7524 [1] NCCL INFO init.cc:367 Cuda Alloc Size 5168 pointer 0x149931808800
x3004c0s1b0n0:6355:7518 [3] NCCL INFO init.cc:367 Cuda Alloc Size 5168 pointer 0x151ee1808800
x3004c0s1b0n0:6355:7518 [3] NCCL INFO init.cc:392 Cuda Host Alloc Size 33554432 pointer 0x151ec4000000
x3004c0s1b0n0:6355:7518 [3] NCCL INFO init.cc:398 Cuda Host Alloc Size 128 pointer 0x151ee0e00200
x3004c0s1b0n0:6355:7518 [3] NCCL INFO comm 0x5617040eb040 rank 3 nranks 20 cudaDev 3 busId c7000 - Init COMPLETE
x3004c0s1b0n0:6353:7522 [2] NCCL INFO init.cc:367 Cuda Alloc Size 5168 pointer 0x14baed808800
x3004c0s1b0n0:6355:6355 [3] NCCL INFO AllReduce: opCount 0 sendbuff 0x151f1f600200 recvbuff 0x151f1f600200 count 1 datatype 1 op 0 root 0 comm 0x5617040eb040 [nranks=20] stream 0x56171d64aaf0
x3004c0s1b0n0:6355:6355 [3] NCCL INFO misc/utils.cc:235 memory stack hunk malloc(65536)
[LYD INFO in ncclLaunchKernel (enqueue.cc)] NCHANNELS is: 4x3004c0s1b0n0:6349:7524 [1] NCCL INFO init.cc:392 Cuda Host Alloc Size 33554432 pointer 0x14990e000000
x3004c0s1b0n0:6349:7524 [1] NCCL INFO init.cc:398 Cuda Host Alloc Size 128 pointer 0x149930e00200
x3004c0s1b0n0:6349:7524 [1] NCCL INFO comm 0x556a50c06730 rank 1 nranks 20 cudaDev 1 busId 46000 - Init COMPLETE
x3004c0s1b0n0:6349:6349 [1] NCCL INFO AllReduce: opCount 0 sendbuff 0x14996f600200 recvbuff 0x14996f600200 count 1 datatype 1 op 0 root 0 comm 0x556a50c06730 [nranks=20] stream 0x556a53c88b90
x3004c0s1b0n0:6349:6349 [1] NCCL INFO misc/utils.cc:235 memory stack hunk malloc(65536)
[LYD INFO in ncclLaunchKernel (enqueue.cc)] NCHANNELS is: 4x3004c0s1b0n0:6353:7522 [2] NCCL INFO init.cc:392 Cuda Host Alloc Size 33554432 pointer 0x14bad2000000
x3004c0s1b0n0:6353:7522 [2] NCCL INFO init.cc:398 Cuda Host Alloc Size 128 pointer 0x14baece00200
x3004c0s1b0n0:6353:7522 [2] NCCL INFO comm 0x55c4c0e3a080 rank 2 nranks 20 cudaDev 2 busId 85000 - Init COMPLETE
x3004c0s1b0n0:6346:7491 [0] NCCL INFO init.cc:392 Cuda Host Alloc Size 33554432 pointer 0x145bb2200000
x3004c0s1b0n0:6346:7491 [0] NCCL INFO init.cc:398 Cuda Host Alloc Size 128 pointer 0x145ba3600200
x3004c0s1b0n0:6346:7491 [0] NCCL INFO comm 0x5641627fa160 rank 0 nranks 20 cudaDev 0 busId 7000 - Init COMPLETE
x3004c0s1b0n0:6346:7683 [0] NCCL INFO transport/net.cc:376 Cuda Alloc Size 8388608 pointer 0x145bb4200000
x3004c0s1b0n0:6353:6353 [2] NCCL INFO AllReduce: opCount 0 sendbuff 0x14bb2b600200 recvbuff 0x14bb2b600200 count 1 datatype 1 op 0 root 0 comm 0x55c4c0e3a080 [nranks=20] stream 0x55c4de4906b0
x3004c0s1b0n0:6353:6353 [2] NCCL INFO misc/utils.cc:235 memory stack hunk malloc(65536)
[LYD INFO in ncclLaunchKernel (enqueue.cc)] NCHANNELS is: 4[Hao INFO in ncclAllReduce (all_reduce.cc)] rank 0 ncclAllReduce: count: 1, datatype: ncclUint8, message size: 1 Bytes
x3004c0s1b0n0:6346:6346 [0] NCCL INFO AllReduce: opCount 0 sendbuff 0x145b9fa00200 recvbuff 0x145b9fa00200 count 1 datatype 1 op 0 root 0 comm 0x5641627fa160 [nranks=20] stream 0x56417e2de150
x3004c0s1b0n0:6346:6346 [0] NCCL INFO misc/utils.cc:235 memory stack hunk malloc(65536)

[LYD INFO in ncclAllReduce (all_reduce.cc)] rank 0 AllReduce Time: 0.000048000 seconds

[LYD INFO in getAlgoInfo (enqueue.cc)] algorithm a is: 0

[LYD INFO in getAlgoInfo (enqueue.cc)] algorithm a is: 1

[LYD INFO in getAlgoInfo (enqueue.cc)] rank: 0, Duration between Point 1 and Point 2: 0.000014000 seconds

[LYD INFO in getAlgoInfo (enqueue.cc)] rank 0, Duration between Point 2 and Point 3: 0.000001000 seconds
[LYD INFO in getAlgoInfo (enqueue.cc)] out rank: 0
[LYD INFO in getAlgoInfo (enqueue.cc)] out coll: 4
[LYD INFO in getAlgoInfo (enqueue.cc)] out sendbuff address: 0x145b9fa00200
[LYD INFO in getAlgoInfo (enqueue.cc)] out recvbuff address: 0x145b9fa00200
[LYD INFO in getAlgoInfo (enqueue.cc)] out count: 1
[LYD INFO in getAlgoInfo (enqueue.cc)] out datatype: 1
[LYD INFO in getAlgoInfo (enqueue.cc)] out chunkSteps: 4
[LYD INFO in getAlgoInfo (enqueue.cc)] out sliceSteps: 2
[LYD INFO in getAlgoInfo (enqueue.cc)] out algorithm: 0
[LYD INFO in getAlgoInfo (enqueue.cc)] out protocol: 0
[LYD INFO in getAlgoInfo (enqueue.cc)] out nChannels: 1
[LYD INFO in getAlgoInfo (enqueue.cc)] out nThreads: 96
[LYD INFO in getAlgoInfo (enqueue.cc)] out nBytes: 1
[LYD INFO in getAlgoInfo (enqueue.cc)] out nstepsPerLoop: 0
[LYD INFO in getAlgoInfo (enqueue.cc)] out nchunksPerLoop: 0
[LYD INFO in getAlgoInfo (enqueue.cc)] out chunkSize: 0
[LYD INFO in ncclLaunchKernel (enqueue.cc)] NCHANNELS is: 4
[LYD INFO in NCCL_KERN_NAME (common.h)] 2 AllReduce TREE LL Sum uint8_t Elapsed time: 424039 us

[LYD INFO in NCCL_KERN_NAME (common.h)] 1 AllReduce TREE LL Sum uint8_t Elapsed time: 464347 us

[LYD INFO in NCCL_KERN_NAME (common.h)] 3 AllReduce TREE LL Sum uint8_t Elapsed time: 446948 us

[LYD INFO in NCCL_KERN_NAME (common.h)] 0 AllReduce TREE LL Sum uint8_t Elapsed time: 398307 us
[Hao INFO in ncclAllReduce (all_reduce.cc)] rank 0 ncclAllReduce: count: 1, datatype: ncclUint8, message size: 1 Bytes
x3004c0s1b0n0:6346:6346 [0] NCCL INFO AllReduce: opCount 1 sendbuff 0x145b9fa00000 recvbuff 0x145b9fa00000 count 1 datatype 1 op 0 root 0 comm 0x5641627fa160 [nranks=20] stream 0x56417e2de150

[LYD INFO in ncclAllReduce (all_reduce.cc)] rank 0 AllReduce Time: 0.000030000 seconds

[LYD INFO in getAlgoInfo (enqueue.cc)] algorithm a is: 0

[LYD INFO in getAlgoInfo (enqueue.cc)] algorithm a is: 1

[LYD INFO in getAlgoInfo (enqueue.cc)] rank: 0, Duration between Point 1 and Point 2: 0.000013000 seconds

[LYD INFO in getAlgoInfo (enqueue.cc)] rank 0, Duration between Point 2 and Point 3: 0.000001000 seconds
[LYD INFO in getAlgoInfo (enqueue.cc)] out rank: 0
[LYD INFO in getAlgoInfo (enqueue.cc)] out coll: 4
[LYD INFO in getAlgoInfo (enqueue.cc)] out sendbuff address: 0x145b9fa00000
[LYD INFO in getAlgoInfo (enqueue.cc)] out recvbuff address: 0x145b9fa00000
[LYD INFO in getAlgoInfo (enqueue.cc)] out count: 1
[LYD INFO in getAlgoInfo (enqueue.cc)] out datatype: 1
[LYD INFO in getAlgoInfo (enqueue.cc)] out chunkSteps: 4
[LYD INFO in getAlgoInfo (enqueue.cc)] out sliceSteps: 2
[LYD INFO in getAlgoInfo (enqueue.cc)] out algorithm: 0
[LYD INFO in getAlgoInfo (enqueue.cc)] out protocol: 0
[LYD INFO in getAlgoInfo (enqueue.cc)] out nChannels: 1
[LYD INFO in getAlgoInfo (enqueue.cc)] out nThreads: 96
[LYD INFO in getAlgoInfo (enqueue.cc)] out nBytes: 1
[LYD INFO in getAlgoInfo (enqueue.cc)] out nstepsPerLoop: 0
[LYD INFO in getAlgoInfo (enqueue.cc)] out nchunksPerLoop: 0
[LYD INFO in getAlgoInfo (enqueue.cc)] out chunkSize: 0
[LYD INFO in ncclLaunchKernel (enqueue.cc)] NCHANNELS is: 4x3004c0s1b0n0:6349:6349 [1] NCCL INFO AllReduce: opCount 1 sendbuff 0x14996f600000 recvbuff 0x14996f600000 count 1 datatype 1 op 0 root 0 comm 0x556a50c06730 [nranks=20] stream 0x556a53c88b90
[LYD INFO in ncclLaunchKernel (enqueue.cc)] NCHANNELS is: 4x3004c0s1b0n0:6355:6355 [3] NCCL INFO AllReduce: opCount 1 sendbuff 0x151f1f600000 recvbuff 0x151f1f600000 count 1 datatype 1 op 0 root 0 comm 0x5617040eb040 [nranks=20] stream 0x56171d64aaf0
[LYD INFO in ncclLaunchKernel (enqueue.cc)] NCHANNELS is: 4x3004c0s1b0n0:6353:6353 [2] NCCL INFO AllReduce: opCount 1 sendbuff 0x14bb2b600000 recvbuff 0x14bb2b600000 count 1 datatype 1 op 0 root 0 comm 0x55c4c0e3a080 [nranks=20] stream 0x55c4de4906b0
[LYD INFO in ncclLaunchKernel (enqueue.cc)] NCHANNELS is: 4
[LYD INFO in NCCL_KERN_NAME (common.h)] 2 AllReduce TREE LL Sum uint8_t Elapsed time: 2700761 us

