x3012c0s13b1n0:23130:24235 [3] NCCL INFO transport/net_ib.cc:653 Ib Alloc Size 552 pointer 0x1539b4064000
x3012c0s13b1n0:23130:24235 [3] NCCL INFO transport/net.cc:571 Cuda Host Alloc Size 9641984 pointer 0x153a03a00000
x3012c0s13b1n0:23130:24235 [3] NCCL INFO Mem Realloc old size 0, new size 768 pointer 0x1539b4051c50
x3012c0s13b1n0:23128:24233 [2] NCCL INFO New proxy recv connection 7 from local rank 2, transport 0
x3012c0s13b1n0:23130:24235 [3] NCCL INFO transport/net_ib.cc:596 Ib Alloc Size 26560 pointer 0x1539b4066000
x3012c0s13b1n0:23130:24235 [3] NCCL INFO NET/IB: Dev 1 Port 1 qpn 24047 mtu 5 GID 0 (80FE/CC1100FEFF000000)
x3012c0s13b1n0:23130:24235 [3] NCCL INFO transport/net_ib.cc:653 Ib Alloc Size 552 pointer 0x1539b407d000
x3012c0s13b1n0:23130:24235 [3] NCCL INFO transport/net.cc:571 Cuda Host Alloc Size 9641984 pointer 0x153a04400000
x3012c0s13b1n0:23128:24063 [2] NCCL INFO Connection to proxy localRank 2 -> connection 0x14fff0000e40
x3012c0s13b1n0:23128:24233 [2] NCCL INFO transport/p2p.cc:449 Cuda Alloc Size 6291456 pointer 0x14ffec000000
x3012c0s13b1n0:23130:24235 [3] NCCL INFO transport/net_ib.cc:596 Ib Alloc Size 26560 pointer 0x1539b407f000
x3012c0s13b1n0:23127:24231 [1] NCCL INFO transport/net_ib.cc:683 Ib Alloc Size 21688 pointer 0x15422001d000
x3012c0s13b1n0:23130:24235 [3] NCCL INFO NET/IB: Dev 0 Port 1 qpn 24780 mtu 5 GID 0 (80FE/8D1100FEFF000000)
x3012c0s13b1n0:23130:24235 [3] NCCL INFO transport/net_ib.cc:653 Ib Alloc Size 552 pointer 0x1539b4096000
x3012c0s13b1n0:23130:24235 [3] NCCL INFO transport/net.cc:571 Cuda Host Alloc Size 9641984 pointer 0x153a04e00000
x3012c0s13b1n0:23128:24063 [2] NCCL INFO Connected all rings
x3012c0s13b1n0:23125:24255 [0] NCCL INFO New proxy recv connection 4 from local rank 0, transport 0
x3012c0s13b1n0:23128:24233 [2] NCCL INFO New proxy recv connection 8 from local rank 2, transport 0
x3012c0s13b1n0:23127:24231 [1] NCCL INFO transport/net_ib.cc:696 Ib Alloc Size 552 pointer 0x154220024000
x3012c0s13b1n0:23130:24062 [3] NCCL INFO Connected all rings
x3012c0s13b1n0:23130:24062 [3] NCCL INFO Channel 00/0 : 7[c7000] -> 6[85000] via P2P/IPC/read
x3012c0s13b1n0:23130:24235 [3] NCCL INFO New proxy send connection 8 from local rank 3, transport 0
x3012c0s13b1n0:23125:24065 [0] NCCL INFO Connection to proxy localRank 0 -> connection 0x14ee84000d80
x3012c0s13b1n0:23125:24255 [0] NCCL INFO transport/p2p.cc:449 Cuda Alloc Size 6291456 pointer 0x14ee82c00000
x3012c0s13b1n0:23128:24063 [2] NCCL INFO Connection to proxy localRank 2 -> connection 0x14fff0000e80
x3012c0s13b1n0:23128:24233 [2] NCCL INFO transport/p2p.cc:449 Cuda Alloc Size 6291456 pointer 0x14ffea000000
x3012c0s13b1n0:23127:24231 [1] NCCL INFO transport/net_ib.cc:771 Ib Alloc Size 552 pointer 0x15422004b000
x3012c0s13b1n0:23127:24231 [1] NCCL INFO transport/net.cc:698 Cuda Host Alloc Size 9641984 pointer 0x15421e000000
x3012c0s13b1n0:23127:24231 [1] NCCL INFO Mem Realloc old size 0, new size 768 pointer 0x1542200406b0
x3012c0s13b1n0:23130:24062 [3] NCCL INFO Connection to proxy localRank 3 -> connection 0x1539b4000e80
x3012c0s13b1n0:23130:24235 [3] NCCL INFO transport/p2p.cc:430 Cuda Alloc Size 6291456 pointer 0x153a05800000
x3012c0s13b1n0:23127:24231 [1] NCCL INFO transport/net_ib.cc:683 Ib Alloc Size 21688 pointer 0x15422004d000
x3012c0s13b1n0:23127:24231 [1] NCCL INFO transport/net_ib.cc:696 Ib Alloc Size 552 pointer 0x154220054000
x3012c0s13b1n0:23127:24231 [1] NCCL INFO transport/net_ib.cc:771 Ib Alloc Size 552 pointer 0x154220079000
x3012c0s13b1n0:23127:24231 [1] NCCL INFO transport/net.cc:698 Cuda Host Alloc Size 9641984 pointer 0x15421ea00000
x3012c0s13b1n0:23127:24231 [1] NCCL INFO Mem Realloc old size 0, new size 768 pointer 0x15422006e880
x3012c0s13b1n0:23125:24255 [0] NCCL INFO New proxy recv connection 5 from local rank 0, transport 0
x3012c0s13b1n0:23128:24233 [2] NCCL INFO New proxy recv connection 9 from local rank 2, transport 0
x3012c0s13b1n0:23130:24062 [3] NCCL INFO Channel 01/0 : 7[c7000] -> 6[85000] via P2P/IPC/read
x3012c0s13b1n0:23130:24235 [3] NCCL INFO New proxy send connection 9 from local rank 3, transport 0
x3012c0s13b1n0:23127:24231 [1] NCCL INFO transport/net_ib.cc:683 Ib Alloc Size 21688 pointer 0x15422007b000
x3012c0s13b1n0:23127:24231 [1] NCCL INFO transport/net_ib.cc:696 Ib Alloc Size 552 pointer 0x154220082000
x3012c0s13b1n0:23125:24065 [0] NCCL INFO Connection to proxy localRank 0 -> connection 0x14ee84000dc0
x3012c0s13b1n0:23125:24255 [0] NCCL INFO transport/p2p.cc:449 Cuda Alloc Size 6291456 pointer 0x14ee83200000
x3012c0s13b1n0:23128:24063 [2] NCCL INFO Connection to proxy localRank 2 -> connection 0x14fff0000ec0
x3012c0s13b1n0:23128:24233 [2] NCCL INFO transport/p2p.cc:449 Cuda Alloc Size 6291456 pointer 0x14ffea600000
x3012c0s13b1n0:23127:24231 [1] NCCL INFO transport/net_ib.cc:771 Ib Alloc Size 552 pointer 0x15422009d000
x3012c0s13b1n0:23127:24231 [1] NCCL INFO transport/net.cc:698 Cuda Host Alloc Size 9641984 pointer 0x15421f400000
x3012c0s13b1n0:23130:24062 [3] NCCL INFO Connection to proxy localRank 3 -> connection 0x1539b4000ec0
x3012c0s13b1n0:23130:24235 [3] NCCL INFO transport/p2p.cc:430 Cuda Alloc Size 6291456 pointer 0x153a05e00000
x3012c0s13b1n0:23127:24231 [1] NCCL INFO transport/net_ib.cc:683 Ib Alloc Size 21688 pointer 0x15422009f000
x3012c0s13b1n0:23127:24231 [1] NCCL INFO transport/net_ib.cc:696 Ib Alloc Size 552 pointer 0x1542200a6000
x3012c0s13b1n0:23127:24231 [1] NCCL INFO transport/net_ib.cc:771 Ib Alloc Size 552 pointer 0x1542200c1000
x3012c0s13b1n0:23127:24231 [1] NCCL INFO transport/net.cc:698 Cuda Host Alloc Size 9641984 pointer 0x15421c000000
x3012c0s13b1n0:23125:24255 [0] NCCL INFO New proxy recv connection 6 from local rank 0, transport 0
x3012c0s13b1n0:23128:24233 [2] NCCL INFO New proxy recv connection 10 from local rank 2, transport 0
x3012c0s13b1n0:23130:24062 [3] NCCL INFO Channel 02/0 : 7[c7000] -> 6[85000] via P2P/IPC/read
x3012c0s13b1n0:23130:24235 [3] NCCL INFO New proxy send connection 10 from local rank 3, transport 0
x3012c0s13b1n0:23127:24064 [1] NCCL INFO Channel 00/0 : 5[46000] -> 4[7000] via P2P/IPC/read
x3012c0s13b1n0:23127:24231 [1] NCCL INFO New proxy send connection 4 from local rank 1, transport 0
x3012c0s13b1n0:23125:24065 [0] NCCL INFO Connection to proxy localRank 0 -> connection 0x14ee84000e00
x3012c0s13b1n0:23125:24255 [0] NCCL INFO transport/p2p.cc:449 Cuda Alloc Size 6291456 pointer 0x14ee83800000
x3012c0s13b1n0:23128:24063 [2] NCCL INFO Connection to proxy localRank 2 -> connection 0x14fff0000f00
x3012c0s13b1n0:23128:24233 [2] NCCL INFO transport/p2p.cc:449 Cuda Alloc Size 6291456 pointer 0x14ffeac00000
x3012c0s13b1n0:23128:24233 [2] NCCL INFO New proxy recv connection 11 from local rank 2, transport 0
x3012c0s13b1n0:23130:24062 [3] NCCL INFO Connection to proxy localRank 3 -> connection 0x1539b4000f00
x3012c0s13b1n0:23130:24235 [3] NCCL INFO transport/p2p.cc:430 Cuda Alloc Size 6291456 pointer 0x153a06400000
x3012c0s13b1n0:23127:24064 [1] NCCL INFO Connection to proxy localRank 1 -> connection 0x154220000d80
x3012c0s13b1n0:23127:24231 [1] NCCL INFO transport/p2p.cc:430 Cuda Alloc Size 6291456 pointer 0x15421ca00000
x3012c0s13b1n0:23125:24255 [0] NCCL INFO New proxy recv connection 7 from local rank 0, transport 0
x3012c0s13b1n0:23128:24063 [2] NCCL INFO Connection to proxy localRank 2 -> connection 0x14fff0000f40
x3012c0s13b1n0:23128:24233 [2] NCCL INFO transport/p2p.cc:449 Cuda Alloc Size 6291456 pointer 0x14ffeb200000
x3012c0s13b1n0:23130:24062 [3] NCCL INFO Channel 03/0 : 7[c7000] -> 6[85000] via P2P/IPC/read
x3012c0s13b1n0:23130:24235 [3] NCCL INFO New proxy send connection 11 from local rank 3, transport 0
x3012c0s13b1n0:23127:24064 [1] NCCL INFO Channel 01/0 : 5[46000] -> 4[7000] via P2P/IPC/read
x3012c0s13b1n0:23127:24231 [1] NCCL INFO New proxy send connection 5 from local rank 1, transport 0
x3012c0s13b1n0:23125:24065 [0] NCCL INFO Connection to proxy localRank 0 -> connection 0x14ee84000e40
x3012c0s13b1n0:23125:24255 [0] NCCL INFO transport/p2p.cc:449 Cuda Alloc Size 6291456 pointer 0x14ee80000000
x3012c0s13b1n0:23130:24062 [3] NCCL INFO Connection to proxy localRank 3 -> connection 0x1539b4000f40
x3012c0s13b1n0:23130:24235 [3] NCCL INFO transport/p2p.cc:430 Cuda Alloc Size 6291456 pointer 0x153a06a00000
x3012c0s13b1n0:23127:24064 [1] NCCL INFO Connection to proxy localRank 1 -> connection 0x154220000dc0
x3012c0s13b1n0:23127:24231 [1] NCCL INFO transport/p2p.cc:430 Cuda Alloc Size 6291456 pointer 0x15421d000000
x3012c0s13b1n0:23127:24064 [1] NCCL INFO Channel 02/0 : 5[46000] -> 4[7000] via P2P/IPC/read
x3012c0s13b1n0:23127:24231 [1] NCCL INFO New proxy send connection 6 from local rank 1, transport 0
x3012c0s13b1n0:23127:24064 [1] NCCL INFO Connection to proxy localRank 1 -> connection 0x154220000e00
x3012c0s13b1n0:23127:24231 [1] NCCL INFO transport/p2p.cc:430 Cuda Alloc Size 6291456 pointer 0x15421d600000
x3012c0s13b1n0:23127:24064 [1] NCCL INFO Channel 03/0 : 5[46000] -> 4[7000] via P2P/IPC/read
x3012c0s13b1n0:23127:24231 [1] NCCL INFO New proxy send connection 7 from local rank 1, transport 0
x3012c0s13b1n0:23127:24064 [1] NCCL INFO Connection to proxy localRank 1 -> connection 0x154220000e40
x3012c0s13b1n0:23127:24231 [1] NCCL INFO transport/p2p.cc:430 Cuda Alloc Size 6291456 pointer 0x15422fa00000
x3012c0s13b1n0:23127:24064 [1] NCCL INFO Connected all rings
x3012c0s13b1n0:23127:24231 [1] NCCL INFO New proxy recv connection 8 from local rank 1, transport 0
x3012c0s13b1n0:23125:24065 [0] NCCL INFO Connected all rings
x3012c0s13b1n0:23125:24065 [0] NCCL INFO Channel 00/0 : 4[7000] -> 5[46000] via P2P/IPC/read
x3012c0s13b1n0:23125:24255 [0] NCCL INFO New proxy send connection 8 from local rank 0, transport 0
x3012c0s13b1n0:23125:24065 [0] NCCL INFO Connection to proxy localRank 0 -> connection 0x14ee84000e80
x3012c0s13b1n0:23127:24064 [1] NCCL INFO Connection to proxy localRank 1 -> connection 0x154220000e80
x3012c0s13b1n0:23127:24231 [1] NCCL INFO transport/p2p.cc:449 Cuda Alloc Size 6291456 pointer 0x15421b800000
x3012c0s13b1n0:23125:24255 [0] NCCL INFO transport/p2p.cc:430 Cuda Alloc Size 6291456 pointer 0x14ee7e000000
x3012c0s13b1n0:23127:24231 [1] NCCL INFO New proxy recv connection 9 from local rank 1, transport 0
x3012c0s13b1n0:23127:24064 [1] NCCL INFO Connection to proxy localRank 1 -> connection 0x154220000ec0
x3012c0s13b1n0:23127:24231 [1] NCCL INFO transport/p2p.cc:449 Cuda Alloc Size 6291456 pointer 0x154218000000
x3012c0s13b1n0:23125:24065 [0] NCCL INFO Channel 01/0 : 4[7000] -> 5[46000] via P2P/IPC/read
x3012c0s13b1n0:23125:24255 [0] NCCL INFO New proxy send connection 9 from local rank 0, transport 0
x3012c0s13b1n0:23125:24065 [0] NCCL INFO Connection to proxy localRank 0 -> connection 0x14ee84000ec0
x3012c0s13b1n0:23125:24255 [0] NCCL INFO transport/p2p.cc:430 Cuda Alloc Size 6291456 pointer 0x14ee7e600000
x3012c0s13b1n0:23127:24231 [1] NCCL INFO New proxy recv connection 10 from local rank 1, transport 0
x3012c0s13b1n0:23127:24064 [1] NCCL INFO Connection to proxy localRank 1 -> connection 0x154220000f00
x3012c0s13b1n0:23127:24231 [1] NCCL INFO transport/p2p.cc:449 Cuda Alloc Size 6291456 pointer 0x154218600000
x3012c0s13b1n0:23125:24065 [0] NCCL INFO Channel 02/0 : 4[7000] -> 5[46000] via P2P/IPC/read
x3012c0s13b1n0:23125:24255 [0] NCCL INFO New proxy send connection 10 from local rank 0, transport 0
x3012c0s13b1n0:23127:24231 [1] NCCL INFO New proxy recv connection 11 from local rank 1, transport 0
x3012c0s13b1n0:23125:24065 [0] NCCL INFO Connection to proxy localRank 0 -> connection 0x14ee84000f00
x3012c0s13b1n0:23125:24255 [0] NCCL INFO transport/p2p.cc:430 Cuda Alloc Size 6291456 pointer 0x14ee7ec00000
x3012c0s13b1n0:23127:24064 [1] NCCL INFO Connection to proxy localRank 1 -> connection 0x154220000f40
x3012c0s13b1n0:23127:24231 [1] NCCL INFO transport/p2p.cc:449 Cuda Alloc Size 6291456 pointer 0x154218c00000
x3012c0s13b1n0:23125:24065 [0] NCCL INFO Channel 03/0 : 4[7000] -> 5[46000] via P2P/IPC/read
x3012c0s13b1n0:23125:24255 [0] NCCL INFO New proxy send connection 11 from local rank 0, transport 0
x3012c0s13b1n0:23127:24064 [1] NCCL INFO Channel 00/0 : 5[46000] -> 6[85000] via P2P/IPC/read
x3012c0s13b1n0:23127:24231 [1] NCCL INFO New proxy send connection 12 from local rank 1, transport 0
x3012c0s13b1n0:23125:24065 [0] NCCL INFO Connection to proxy localRank 0 -> connection 0x14ee84000f40
x3012c0s13b1n0:23125:24255 [0] NCCL INFO transport/p2p.cc:430 Cuda Alloc Size 6291456 pointer 0x14ee7f200000
x3012c0s13b1n0:23127:24064 [1] NCCL INFO Connection to proxy localRank 1 -> connection 0x154220000f80
x3012c0s13b1n0:23127:24231 [1] NCCL INFO transport/p2p.cc:430 Cuda Alloc Size 6291456 pointer 0x154219200000
x3012c0s13b1n0:23127:24064 [1] NCCL INFO Channel 01/0 : 5[46000] -> 6[85000] via P2P/IPC/read
x3012c0s13b1n0:23127:24231 [1] NCCL INFO New proxy send connection 13 from local rank 1, transport 0
x3012c0s13b1n0:23127:24064 [1] NCCL INFO Connection to proxy localRank 1 -> connection 0x154220000fc0
x3012c0s13b1n0:23127:24231 [1] NCCL INFO transport/p2p.cc:430 Cuda Alloc Size 6291456 pointer 0x154219800000
x3012c0s13b1n0:23127:24064 [1] NCCL INFO Channel 02/0 : 5[46000] -> 6[85000] via P2P/IPC/read
x3012c0s13b1n0:23127:24231 [1] NCCL INFO New proxy send connection 14 from local rank 1, transport 0
x3012c0s13b1n0:23127:24064 [1] NCCL INFO Connection to proxy localRank 1 -> connection 0x154220001000
x3012c0s13b1n0:23127:24231 [1] NCCL INFO transport/p2p.cc:430 Cuda Alloc Size 6291456 pointer 0x154216000000
x3012c0s13b1n0:23127:24064 [1] NCCL INFO Channel 03/0 : 5[46000] -> 6[85000] via P2P/IPC/read
x3012c0s13b1n0:23127:24231 [1] NCCL INFO New proxy send connection 15 from local rank 1, transport 0
x3012c0s13b1n0:23127:24064 [1] NCCL INFO Connection to proxy localRank 1 -> connection 0x154220001040
x3012c0s13b1n0:23127:24231 [1] NCCL INFO transport/p2p.cc:430 Cuda Alloc Size 6291456 pointer 0x154216600000
x3012c0s13b1n0:23127:24231 [1] NCCL INFO New proxy recv connection 16 from local rank 1, transport 0
x3012c0s13b1n0:23125:24065 [0] NCCL INFO GPU Direct RDMA Disabled for GPU 7000 / HCA 1 (distance 7 > 4)
x3012c0s13b1n0:23125:24255 [0] NCCL INFO Allocated 4194656 bytes of shared memory in /dev/shm/nccl-YlJYcM

x3012c0s13b1n0:23125:24255 [0] NCCL INFO New proxy recv connection 12 from local rank 0, transport 2
x3012c0s13b1n0:23128:24233 [2] NCCL INFO New proxy recv connection 12 from local rank 2, transport 0
x3012c0s13b1n0:23125:24065 [0] NCCL INFO Connection to proxy localRank 0 -> connection 0x14ee84000f80
x3012c0s13b1n0:23127:24064 [1] NCCL INFO Connection to proxy localRank 1 -> connection 0x154220001080
x3012c0s13b1n0:23127:24231 [1] NCCL INFO transport/p2p.cc:449 Cuda Alloc Size 6291456 pointer 0x154212000000
x3012c0s13b1n0:23128:24063 [2] NCCL INFO Connection to proxy localRank 2 -> connection 0x14fff0000f80
x3012c0s13b1n0:23128:24233 [2] NCCL INFO transport/p2p.cc:449 Cuda Alloc Size 6291456 pointer 0x14ffe9200000
x3012c0s13b1n0:23128:24233 [2] NCCL INFO New proxy recv connection 13 from local rank 2, transport 0
x3012c0s13b1n0:23128:24063 [2] NCCL INFO Connection to proxy localRank 2 -> connection 0x14fff0000fc0
x3012c0s13b1n0:23127:24231 [1] NCCL INFO New proxy recv connection 17 from local rank 1, transport 0
x3012c0s13b1n0:23125:24065 [0] NCCL INFO Channel 02/0 : 0[7000] -> 4[7000] [receive] via NET/IB/1
x3012c0s13b1n0:23125:24065 [0] NCCL INFO GPU Direct RDMA Disabled for GPU 7000 / HCA 0 (distance 7 > 4)
x3012c0s13b1n0:23125:24255 [0] NCCL INFO New proxy recv connection 13 from local rank 0, transport 2
x3012c0s13b1n0:23128:24233 [2] NCCL INFO transport/p2p.cc:449 Cuda Alloc Size 6291456 pointer 0x14ffe9800000
x3012c0s13b1n0:23127:24064 [1] NCCL INFO Connection to proxy localRank 1 -> connection 0x1542200010c0
x3012c0s13b1n0:23127:24231 [1] NCCL INFO transport/p2p.cc:449 Cuda Alloc Size 6291456 pointer 0x154212600000
x3012c0s13b1n0:23128:24233 [2] NCCL INFO New proxy recv connection 14 from local rank 2, transport 0
x3012c0s13b1n0:23127:24231 [1] NCCL INFO New proxy recv connection 18 from local rank 1, transport 0
x3012c0s13b1n0:23125:24065 [0] NCCL INFO Connection to proxy localRank 0 -> connection 0x14ee84000fc0
x3012c0s13b1n0:23128:24063 [2] NCCL INFO Connection to proxy localRank 2 -> connection 0x14fff0001000
x3012c0s13b1n0:23128:24233 [2] NCCL INFO transport/p2p.cc:449 Cuda Alloc Size 6291456 pointer 0x14ffe6000000
x3012c0s13b1n0:23127:24064 [1] NCCL INFO Connection to proxy localRank 1 -> connection 0x154220001100
x3012c0s13b1n0:23127:24231 [1] NCCL INFO transport/p2p.cc:449 Cuda Alloc Size 6291456 pointer 0x154212c00000
x3012c0s13b1n0:23125:24065 [0] NCCL INFO Channel 03/0 : 0[7000] -> 4[7000] [receive] via NET/IB/0
x3012c0s13b1n0:23127:24231 [1] NCCL INFO New proxy recv connection 19 from local rank 1, transport 0
x3012c0s13b1n0:23125:24255 [0] NCCL INFO transport/net_ib.cc:683 Ib Alloc Size 21688 pointer 0x14ee8401c000
x3012c0s13b1n0:23128:24233 [2] NCCL INFO New proxy recv connection 15 from local rank 2, transport 0
x3012c0s13b1n0:23127:24064 [1] NCCL INFO Connection to proxy localRank 1 -> connection 0x154220001140
x3012c0s13b1n0:23127:24231 [1] NCCL INFO transport/p2p.cc:449 Cuda Alloc Size 6291456 pointer 0x154213200000
x3012c0s13b1n0:23125:24255 [0] NCCL INFO transport/net_ib.cc:696 Ib Alloc Size 552 pointer 0x14ee84023000
x3012c0s13b1n0:23128:24063 [2] NCCL INFO Connection to proxy localRank 2 -> connection 0x14fff0001040
x3012c0s13b1n0:23128:24233 [2] NCCL INFO transport/p2p.cc:449 Cuda Alloc Size 6291456 pointer 0x14ffe6600000
x3012c0s13b1n0:23125:24255 [0] NCCL INFO transport/net_ib.cc:771 Ib Alloc Size 552 pointer 0x14ee8404a000
x3012c0s13b1n0:23125:24255 [0] NCCL INFO transport/net.cc:698 Cuda Host Alloc Size 9641984 pointer 0x14ee7d200000
x3012c0s13b1n0:23125:24255 [0] NCCL INFO Mem Realloc old size 0, new size 768 pointer 0x14ee8401bbd0
x3012c0s13b1n0:23128:24063 [2] NCCL INFO Channel 00/0 : 6[85000] -> 5[46000] via P2P/IPC/read
x3012c0s13b1n0:23128:24233 [2] NCCL INFO New proxy send connection 16 from local rank 2, transport 0
x3012c0s13b1n0:23125:24255 [0] NCCL INFO transport/net_ib.cc:683 Ib Alloc Size 21688 pointer 0x14ee8404c000
x3012c0s13b1n0:23125:24255 [0] NCCL INFO transport/net_ib.cc:696 Ib Alloc Size 552 pointer 0x14ee84053000
x3012c0s13b1n0:23125:24255 [0] NCCL INFO transport/net_ib.cc:771 Ib Alloc Size 552 pointer 0x14ee84078000
x3012c0s13b1n0:23125:24255 [0] NCCL INFO transport/net.cc:698 Cuda Host Alloc Size 9641984 pointer 0x14ee76000000
x3012c0s13b1n0:23125:24255 [0] NCCL INFO Mem Realloc old size 0, new size 768 pointer 0x14ee8406d460
x3012c0s13b1n0:23125:24065 [0] NCCL INFO GPU Direct RDMA Disabled for GPU 7000 / HCA 1 (distance 7 > 4)
x3012c0s13b1n0:23125:24255 [0] NCCL INFO New proxy send connection 14 from local rank 0, transport 2
x3012c0s13b1n0:23128:24063 [2] NCCL INFO Connection to proxy localRank 2 -> connection 0x14fff0001080
x3012c0s13b1n0:23128:24233 [2] NCCL INFO transport/p2p.cc:430 Cuda Alloc Size 6291456 pointer 0x14ffe6c00000
x3012c0s13b1n0:23125:24065 [0] NCCL INFO Connection to proxy localRank 0 -> connection 0x14ee84001000
x3012c0s13b1n0:23125:24065 [0] NCCL INFO Channel 00/0 : 4[7000] -> 9[46000] [send] via NET/IB/1
x3012c0s13b1n0:23125:24065 [0] NCCL INFO GPU Direct RDMA Disabled for GPU 7000 / HCA 0 (distance 7 > 4)
x3012c0s13b1n0:23125:24255 [0] NCCL INFO New proxy send connection 15 from local rank 0, transport 2
x3012c0s13b1n0:23125:24065 [0] NCCL INFO Connection to proxy localRank 0 -> connection 0x14ee84001040
x3012c0s13b1n0:23125:24065 [0] NCCL INFO Channel 01/0 : 4[7000] -> 9[46000] [send] via NET/IB/0
x3012c0s13b1n0:23125:24255 [0] NCCL INFO transport/net_ib.cc:596 Ib Alloc Size 26560 pointer 0x14ee84082000
x3012c0s13b1n0:23128:24063 [2] NCCL INFO Channel 01/0 : 6[85000] -> 5[46000] via P2P/IPC/read
x3012c0s13b1n0:23128:24233 [2] NCCL INFO New proxy send connection 17 from local rank 2, transport 0
x3012c0s13b1n0:23125:24255 [0] NCCL INFO NET/IB: Dev 1 Port 1 qpn 24054 mtu 5 GID 0 (80FE/CC1100FEFF000000)
x3012c0s13b1n0:23125:24255 [0] NCCL INFO transport/net_ib.cc:653 Ib Alloc Size 552 pointer 0x14ee84099000
x3012c0s13b1n0:23125:24255 [0] NCCL INFO transport/net.cc:571 Cuda Host Alloc Size 9641984 pointer 0x14ee76a00000
x3012c0s13b1n0:23128:24063 [2] NCCL INFO Connection to proxy localRank 2 -> connection 0x14fff00010c0
x3012c0s13b1n0:23128:24233 [2] NCCL INFO transport/p2p.cc:430 Cuda Alloc Size 6291456 pointer 0x14ffe7200000
x3012c0s13b1n0:23125:24255 [0] NCCL INFO transport/net_ib.cc:596 Ib Alloc Size 26560 pointer 0x14ee8409b000
x3012c0s13b1n0:23125:24255 [0] NCCL INFO NET/IB: Dev 0 Port 1 qpn 24787 mtu 5 GID 0 (80FE/8D1100FEFF000000)
x3012c0s13b1n0:23125:24255 [0] NCCL INFO transport/net_ib.cc:653 Ib Alloc Size 552 pointer 0x14ee840b2000
x3012c0s13b1n0:23125:24255 [0] NCCL INFO transport/net.cc:571 Cuda Host Alloc Size 9641984 pointer 0x14ee77400000
x3012c0s13b1n0:23128:24063 [2] NCCL INFO Channel 02/0 : 6[85000] -> 5[46000] via P2P/IPC/read
x3012c0s13b1n0:23128:24233 [2] NCCL INFO New proxy send connection 18 from local rank 2, transport 0
x3012c0s13b1n0:23125:24065 [0] NCCL INFO GPU Direct RDMA Disabled for GPU 7000 / HCA 1 (distance 7 > 4)
x3012c0s13b1n0:23125:24255 [0] NCCL INFO New proxy recv connection 16 from local rank 0, transport 2
x3012c0s13b1n0:23128:24063 [2] NCCL INFO Connection to proxy localRank 2 -> connection 0x14fff0001100
x3012c0s13b1n0:23128:24233 [2] NCCL INFO transport/p2p.cc:430 Cuda Alloc Size 6291456 pointer 0x14ffe7800000
x3012c0s13b1n0:23128:24063 [2] NCCL INFO Channel 03/0 : 6[85000] -> 5[46000] via P2P/IPC/read
x3012c0s13b1n0:23128:24233 [2] NCCL INFO New proxy send connection 19 from local rank 2, transport 0
x3012c0s13b1n0:23128:24063 [2] NCCL INFO Connection to proxy localRank 2 -> connection 0x14fff0001140
x3012c0s13b1n0:23128:24233 [2] NCCL INFO transport/p2p.cc:430 Cuda Alloc Size 6291456 pointer 0x14ffe4000000
x3012c0s13b1n0:23125:24065 [0] NCCL INFO Connection to proxy localRank 0 -> connection 0x14ee84001080
x3012c0s13b1n0:23128:24063 [2] NCCL INFO Connected all trees by HAO
x3012c0s13b1n0:23128:24063 [2] NCCL INFO threadThresholds 8/8/64 | 160/8/64 | 512 | 512
x3012c0s13b1n0:23128:24063 [2] NCCL INFO 4 coll channels, 4 p2p channels, 2 p2p channels per peer
x3012c0s13b1n0:23127:24064 [1] NCCL INFO Connected all trees by HAO
x3012c0s13b1n0:23127:24064 [1] NCCL INFO threadThresholds 8/8/64 | 160/8/64 | 512 | 512
x3012c0s13b1n0:23127:24064 [1] NCCL INFO 4 coll channels, 4 p2p channels, 2 p2p channels per peer
x3012c0s13b1n0:23127:24231 [1] NCCL INFO New proxy send connection 20 from local rank 1, transport 2
x3012c0s13b1n0:23127:24064 [1] NCCL INFO Connection to proxy localRank 1 -> connection 0x154220001180
x3012c0s13b1n0:23127:24231 [1] NCCL INFO transport/net.cc:376 Cuda Alloc Size 8388608 pointer 0x154211200000
x3012c0s13b1n0:23128:24233 [2] NCCL INFO Allocated 4194656 bytes of shared memory in /dev/shm/nccl-51ggr3

x3012c0s13b1n0:23128:24233 [2] NCCL INFO New proxy send connection 20 from local rank 2, transport 2
x3012c0s13b1n0:23130:24062 [3] NCCL INFO Connected all trees by HAO
x3012c0s13b1n0:23130:24062 [3] NCCL INFO threadThresholds 8/8/64 | 160/8/64 | 512 | 512
x3012c0s13b1n0:23130:24062 [3] NCCL INFO 4 coll channels, 4 p2p channels, 2 p2p channels per peer
x3012c0s13b1n0:23130:24235 [3] NCCL INFO New proxy send connection 12 from local rank 3, transport 2
x3012c0s13b1n0:23125:24065 [0] NCCL INFO Channel 00/0 : 9[46000] -> 4[7000] [receive] via NET/IB/1
x3012c0s13b1n0:23125:24065 [0] NCCL INFO GPU Direct RDMA Disabled for GPU 7000 / HCA 0 (distance 7 > 4)
x3012c0s13b1n0:23125:24255 [0] NCCL INFO New proxy recv connection 17 from local rank 0, transport 2
x3012c0s13b1n0:23130:24062 [3] NCCL INFO Connection to proxy localRank 3 -> connection 0x1539b4000f80
x3012c0s13b1n0:23130:24235 [3] NCCL INFO transport/net.cc:376 Cuda Alloc Size 8388608 pointer 0x153a08800000
x3012c0s13b1n0:23128:24063 [2] NCCL INFO Connection to proxy localRank 2 -> connection 0x14fff0001180
x3012c0s13b1n0:23128:24233 [2] NCCL INFO transport/net.cc:376 Cuda Alloc Size 8388608 pointer 0x14ffe3800000
x3012c0s13b1n0:23125:24065 [0] NCCL INFO Connection to proxy localRank 0 -> connection 0x14ee840010c0
x3012c0s13b1n0:23125:24065 [0] NCCL INFO Channel 01/0 : 9[46000] -> 4[7000] [receive] via NET/IB/0
x3012c0s13b1n0:23125:24255 [0] NCCL INFO transport/net_ib.cc:683 Ib Alloc Size 21688 pointer 0x14ee840be000
x3012c0s13b1n0:23125:24255 [0] NCCL INFO transport/net_ib.cc:696 Ib Alloc Size 552 pointer 0x14ee840c5000
x3012c0s13b1n0:23125:24255 [0] NCCL INFO transport/net_ib.cc:771 Ib Alloc Size 552 pointer 0x14ee840e1000
x3012c0s13b1n0:23125:24255 [0] NCCL INFO transport/net.cc:698 Cuda Host Alloc Size 9641984 pointer 0x14ee74000000
x3012c0s13b1n0:23125:24255 [0] NCCL INFO transport/net_ib.cc:683 Ib Alloc Size 21688 pointer 0x14ee840e3000
x3012c0s13b1n0:23125:24255 [0] NCCL INFO transport/net_ib.cc:696 Ib Alloc Size 552 pointer 0x14ee840ea000
x3012c0s13b1n0:23125:24255 [0] NCCL INFO transport/net_ib.cc:771 Ib Alloc Size 552 pointer 0x14ee84105000
x3012c0s13b1n0:23125:24255 [0] NCCL INFO transport/net.cc:698 Cuda Host Alloc Size 9641984 pointer 0x14ee74a00000
x3012c0s13b1n0:23125:24065 [0] NCCL INFO GPU Direct RDMA Disabled for GPU 7000 / HCA 1 (distance 7 > 4)
x3012c0s13b1n0:23125:24255 [0] NCCL INFO New proxy send connection 18 from local rank 0, transport 2
x3012c0s13b1n0:23125:24065 [0] NCCL INFO Connection to proxy localRank 0 -> connection 0x14ee84001100
x3012c0s13b1n0:23125:24065 [0] NCCL INFO Channel 02/0 : 4[7000] -> 0[7000] [send] via NET/IB/1
x3012c0s13b1n0:23125:24065 [0] NCCL INFO GPU Direct RDMA Disabled for GPU 7000 / HCA 0 (distance 7 > 4)
x3012c0s13b1n0:23125:24255 [0] NCCL INFO New proxy send connection 19 from local rank 0, transport 2
x3012c0s13b1n0:23125:24065 [0] NCCL INFO Connection to proxy localRank 0 -> connection 0x14ee84001140
x3012c0s13b1n0:23125:24065 [0] NCCL INFO Channel 03/0 : 4[7000] -> 0[7000] [send] via NET/IB/0
x3012c0s13b1n0:23125:24255 [0] NCCL INFO transport/net_ib.cc:596 Ib Alloc Size 26560 pointer 0x14ee84111000
x3012c0s13b1n0:23125:24255 [0] NCCL INFO NET/IB: Dev 1 Port 1 qpn 24057 mtu 5 GID 0 (80FE/CC1100FEFF000000)
x3012c0s13b1n0:23125:24255 [0] NCCL INFO transport/net_ib.cc:653 Ib Alloc Size 552 pointer 0x14ee84128000
x3012c0s13b1n0:23125:24255 [0] NCCL INFO transport/net.cc:571 Cuda Host Alloc Size 9641984 pointer 0x14ee75400000
x3012c0s13b1n0:23125:24255 [0] NCCL INFO transport/net_ib.cc:596 Ib Alloc Size 26560 pointer 0x14ee8412a000
x3012c0s13b1n0:23125:24255 [0] NCCL INFO NET/IB: Dev 0 Port 1 qpn 24790 mtu 5 GID 0 (80FE/8D1100FEFF000000)
x3012c0s13b1n0:23125:24255 [0] NCCL INFO transport/net_ib.cc:653 Ib Alloc Size 552 pointer 0x14ee84141000
x3012c0s13b1n0:23125:24255 [0] NCCL INFO transport/net.cc:571 Cuda Host Alloc Size 9641984 pointer 0x14ee72000000
x3012c0s13b1n0:23125:24065 [0] NCCL INFO Connected all trees by HAO
x3012c0s13b1n0:23125:24065 [0] NCCL INFO threadThresholds 8/8/64 | 160/8/64 | 512 | 512
x3012c0s13b1n0:23125:24065 [0] NCCL INFO 4 coll channels, 4 p2p channels, 2 p2p channels per peer
x3012c0s13b1n0:23125:24255 [0] NCCL INFO New proxy send connection 20 from local rank 0, transport 2
x3012c0s13b1n0:23125:24065 [0] NCCL INFO Connection to proxy localRank 0 -> connection 0x14ee84001180
x3012c0s13b1n0:23125:24065 [0] NCCL INFO init.cc:367 Cuda Alloc Size 5168 pointer 0x14ee91808800
x3012c0s13b1n0:23127:24064 [1] NCCL INFO init.cc:367 Cuda Alloc Size 5168 pointer 0x15422f808800
x3012c0s13b1n0:23130:24062 [3] NCCL INFO init.cc:367 Cuda Alloc Size 5168 pointer 0x1539ffe08800
x3012c0s13b1n0:23130:24062 [3] NCCL INFO init.cc:392 Cuda Host Alloc Size 33554432 pointer 0x153a09000000
x3012c0s13b1n0:23130:24062 [3] NCCL INFO init.cc:398 Cuda Host Alloc Size 128 pointer 0x1539ff400200
x3012c0s13b1n0:23130:24062 [3] NCCL INFO comm 0x55ca1a3c2570 rank 7 nranks 20 cudaDev 3 busId c7000 - Init COMPLETE
x3012c0s13b1n0:23127:24064 [1] NCCL INFO init.cc:392 Cuda Host Alloc Size 33554432 pointer 0x15420e000000
x3012c0s13b1n0:23127:24064 [1] NCCL INFO init.cc:398 Cuda Host Alloc Size 128 pointer 0x15422ee00200
x3012c0s13b1n0:23127:24064 [1] NCCL INFO comm 0x556e012df2d0 rank 5 nranks 20 cudaDev 1 busId 46000 - Init COMPLETE
x3012c0s13b1n0:23128:24063 [2] NCCL INFO init.cc:367 Cuda Alloc Size 5168 pointer 0x14ffff808800
x3012c0s13b1n0:23127:23127 [1] NCCL INFO AllReduce: opCount 0 sendbuff 0x15426f600200 recvbuff 0x15426f600200 count 1 datatype 1 op 0 root 0 comm 0x556e012df2d0 [nranks=20] stream 0x556e19546090
x3012c0s13b1n0:23127:23127 [1] NCCL INFO misc/utils.cc:235 memory stack hunk malloc(65536)
[LYD INFO in ncclLaunchKernel (enqueue.cc)] NCHANNELS is: 4x3012c0s13b1n0:23128:24063 [2] NCCL INFO init.cc:392 Cuda Host Alloc Size 33554432 pointer 0x14ffda000000
x3012c0s13b1n0:23128:24063 [2] NCCL INFO init.cc:398 Cuda Host Alloc Size 128 pointer 0x14fffee00200
x3012c0s13b1n0:23128:24063 [2] NCCL INFO comm 0x55f17ad3b020 rank 6 nranks 20 cudaDev 2 busId 85000 - Init COMPLETE
x3012c0s13b1n0:23125:24065 [0] NCCL INFO init.cc:392 Cuda Host Alloc Size 33554432 pointer 0x14ee70000000
x3012c0s13b1n0:23125:24065 [0] NCCL INFO init.cc:398 Cuda Host Alloc Size 128 pointer 0x14ee90e00200
x3012c0s13b1n0:23125:24065 [0] NCCL INFO comm 0x5632151d2560 rank 4 nranks 20 cudaDev 0 busId 7000 - Init COMPLETE
x3012c0s13b1n0:23125:24255 [0] NCCL INFO transport/net.cc:376 Cuda Alloc Size 8388608 pointer 0x14ee72a00000
x3012c0s13b1n0:23130:23130 [3] NCCL INFO AllReduce: opCount 0 sendbuff 0x1539fba00200 recvbuff 0x1539fba00200 count 1 datatype 1 op 0 root 0 comm 0x55ca1a3c2570 [nranks=20] stream 0x55ca325f9ab0
x3012c0s13b1n0:23130:23130 [3] NCCL INFO misc/utils.cc:235 memory stack hunk malloc(65536)
[LYD INFO in ncclLaunchKernel (enqueue.cc)] NCHANNELS is: 4x3012c0s13b1n0:23128:23128 [2] NCCL INFO AllReduce: opCount 0 sendbuff 0x15003b000200 recvbuff 0x15003b000200 count 1 datatype 1 op 0 root 0 comm 0x55f17ad3b020 [nranks=20] stream 0x55f1942336a0
x3012c0s13b1n0:23128:23128 [2] NCCL INFO misc/utils.cc:235 memory stack hunk malloc(65536)
[LYD INFO in ncclLaunchKernel (enqueue.cc)] NCHANNELS is: 4x3012c0s13b1n0:23125:23125 [0] NCCL INFO AllReduce: opCount 0 sendbuff 0x14eecf600200 recvbuff 0x14eecf600200 count 1 datatype 1 op 0 root 0 comm 0x5632151d2560 [nranks=20] stream 0x5632181555e0
x3012c0s13b1n0:23125:23125 [0] NCCL INFO misc/utils.cc:235 memory stack hunk malloc(65536)
[LYD INFO in ncclLaunchKernel (enqueue.cc)] NCHANNELS is: 4
[LYD INFO in NCCL_KERN_NAME (common.h)] 6 AllReduce TREE LL Sum uint8_t Elapsed time: 1101433 us

[LYD INFO in NCCL_KERN_NAME (common.h)] 4 AllReduce TREE LL Sum uint8_t Elapsed time: 1072721 us

[LYD INFO in NCCL_KERN_NAME (common.h)] 5 AllReduce TREE LL Sum uint8_t Elapsed time: 1141486 us

[LYD INFO in NCCL_KERN_NAME (common.h)] 7 AllReduce TREE LL Sum uint8_t Elapsed time: 1090585 us
x3012c0s13b1n0:23125:23125 [0] NCCL INFO AllReduce: opCount 1 sendbuff 0x14eecf600000 recvbuff 0x14eecf600000 count 1 datatype 1 op 0 root 0 comm 0x5632151d2560 [nranks=20] stream 0x5632181555e0
[LYD INFO in ncclLaunchKernel (enqueue.cc)] NCHANNELS is: 4x3012c0s13b1n0:23127:23127 [1] NCCL INFO AllReduce: opCount 1 sendbuff 0x15426f600000 recvbuff 0x15426f600000 count 1 datatype 1 op 0 root 0 comm 0x556e012df2d0 [nranks=20] stream 0x556e19546090
[LYD INFO in ncclLaunchKernel (enqueue.cc)] NCHANNELS is: 4x3012c0s13b1n0:23130:23130 [3] NCCL INFO AllReduce: opCount 1 sendbuff 0x1539fba00000 recvbuff 0x1539fba00000 count 1 datatype 1 op 0 root 0 comm 0x55ca1a3c2570 [nranks=20] stream 0x55ca325f9ab0
[LYD INFO in ncclLaunchKernel (enqueue.cc)] NCHANNELS is: 4x3012c0s13b1n0:23128:23128 [2] NCCL INFO AllReduce: opCount 1 sendbuff 0x15003b000000 recvbuff 0x15003b000000 count 1 datatype 1 op 0 root 0 comm 0x55f17ad3b020 [nranks=20] stream 0x55f1942336a0
[LYD INFO in ncclLaunchKernel (enqueue.cc)] NCHANNELS is: 4
[LYD INFO in NCCL_KERN_NAME (common.h)] 6 AllReduce TREE LL Sum uint8_t Elapsed time: 12570 us

[LYD INFO in NCCL_KERN_NAME (common.h)] 7 AllReduce TREE LL Sum uint8_t Elapsed time: 3160760 us

[LYD INFO in NCCL_KERN_NAME (common.h)] 5 AllReduce TREE LL Sum uint8_t Elapsed time: 12340863 us

[LYD INFO in NCCL_KERN_NAME (common.h)] 4 AllReduce TREE LL Sum uint8_t Elapsed time: 13505020 us
x3012c0s13b1n0:23128:23128 [2] NCCL INFO AllReduce: opCount 2 sendbuff 0x15003b000000 recvbuff 0x15003b000000 count 1 datatype 8 op 3 root 0 comm 0x55f17ad3b020 [nranks=20] stream 0x55f1942336a0
[LYD INFO in ncclLaunchKernel (enqueue.cc)] NCHANNELS is: 4x3012c0s13b1n0:23130:23130 [3] NCCL INFO AllReduce: opCount 2 sendbuff 0x1539fba00000 recvbuff 0x1539fba00000 count 1 datatype 8 op 3 root 0 comm 0x55ca1a3c2570 [nranks=20] stream 0x55ca325f9ab0
[LYD INFO in ncclLaunchKernel (enqueue.cc)] NCHANNELS is: 4x3012c0s13b1n0:23127:23127 [1] NCCL INFO AllReduce: opCount 2 sendbuff 0x15426f600000 recvbuff 0x15426f600000 count 1 datatype 8 op 3 root 0 comm 0x556e012df2d0 [nranks=20] stream 0x556e19546090
[LYD INFO in ncclLaunchKernel (enqueue.cc)] NCHANNELS is: 4x3012c0s13b1n0:23125:23125 [0] NCCL INFO AllReduce: opCount 2 sendbuff 0x14eecf600000 recvbuff 0x14eecf600000 count 1 datatype 8 op 3 root 0 comm 0x5632151d2560 [nranks=20] stream 0x5632181555e0
[LYD INFO in ncclLaunchKernel (enqueue.cc)] NCHANNELS is: 4
[LYD INFO in NCCL_FUNC_NAME (common.h)] 6 AllReduce TREE LL Min double Elapsed time: 11579 us

[LYD INFO in NCCL_KERN_NAME (common.h)] 6 AllReduce TREE LL Sum double Elapsed time: 47348 us
x3012c0s13b1n0:23128:23128 [2] NCCL INFO AllReduce: opCount 3 sendbuff 0x15003b000200 recvbuff 0x15003b000200 count 1 datatype 1 op 0 root 0 comm 0x55f17ad3b020 [nranks=20] stream 0x55f1942336a0
[LYD INFO in ncclLaunchKernel (enqueue.cc)] NCHANNELS is: 4
[LYD INFO in NCCL_FUNC_NAME (common.h)] 7 AllReduce TREE LL Min double Elapsed time: 4 us

[LYD INFO in NCCL_KERN_NAME (common.h)] 7 AllReduce TREE LL Sum double Elapsed time: 35781 us
x3012c0s13b1n0:23130:23130 [3] NCCL INFO AllReduce: opCount 3 sendbuff 0x1539fba00200 recvbuff 0x1539fba00200 count 1 datatype 1 op 0 root 0 comm 0x55ca1a3c2570 [nranks=20] stream 0x55ca325f9ab0
[LYD INFO in ncclLaunchKernel (enqueue.cc)] NCHANNELS is: 4
[LYD INFO in NCCL_FUNC_NAME (common.h)] 5 AllReduce TREE LL Min double Elapsed time: 6 us

[LYD INFO in NCCL_KERN_NAME (common.h)] 5 AllReduce TREE LL Sum double Elapsed time: 21575 us
x3012c0s13b1n0:23127:23127 [1] NCCL INFO AllReduce: opCount 3 sendbuff 0x15426f600200 recvbuff 0x15426f600200 count 1 datatype 1 op 0 root 0 comm 0x556e012df2d0 [nranks=20] stream 0x556e19546090
[LYD INFO in ncclLaunchKernel (enqueue.cc)] NCHANNELS is: 4
[LYD INFO in NCCL_FUNC_NAME (common.h)] 4 AllReduce TREE LL Min double Elapsed time: 7 us

[LYD INFO in NCCL_KERN_NAME (common.h)] 4 AllReduce TREE LL Sum double Elapsed time: 14043 us
x3012c0s13b1n0:23125:23125 [0] NCCL INFO AllReduce: opCount 3 sendbuff 0x14eecf600200 recvbuff 0x14eecf600200 count 1 datatype 1 op 0 root 0 comm 0x5632151d2560 [nranks=20] stream 0x5632181555e0
[LYD INFO in ncclLaunchKernel (enqueue.cc)] NCHANNELS is: 4
[LYD INFO in NCCL_KERN_NAME (common.h)] 6 AllReduce TREE LL Sum uint8_t Elapsed time: 79424 us

[LYD INFO in NCCL_KERN_NAME (common.h)] 7 AllReduce TREE LL Sum uint8_t Elapsed time: 80420 us
 > number of parameters on (tensor, pipeline) model parallel rank (0, 7): 39354880
x3012c0s13b1n0:23130:23130 [3] NCCL INFO AllReduce: opCount 4 sendbuff 0x1539fba00400 recvbuff 0x1539fba00400 count 1 datatype 1 op 0 root 0 comm 0x55ca1a3c2570 [nranks=20] stream 0x55ca325f9ab0
[LYD INFO in ncclLaunchKernel (enqueue.cc)] NCHANNELS is: 4
[LYD INFO in NCCL_KERN_NAME (common.h)] 5 AllReduce TREE LL Sum uint8_t Elapsed time: 66883 us
 > number of parameters on (tensor, pipeline) model parallel rank (0, 5): 39354880
x3012c0s13b1n0:23127:23127 [1] NCCL INFO AllReduce: opCount 4 sendbuff 0x15426f600400 recvbuff 0x15426f600400 count 1 datatype 1 op 0 root 0 comm 0x556e012df2d0 [nranks=20] stream 0x556e19546090
[LYD INFO in ncclLaunchKernel (enqueue.cc)] NCHANNELS is: 4
[LYD INFO in NCCL_KERN_NAME (common.h)] 4 AllReduce TREE LL Sum uint8_t Elapsed time: 56903 us
 > number of parameters on (tensor, pipeline) model parallel rank (0, 4): 39354880
x3012c0s13b1n0:23125:23125 [0] NCCL INFO AllReduce: opCount 4 sendbuff 0x14eecf600400 recvbuff 0x14eecf600400 count 1 datatype 1 op 0 root 0 comm 0x5632151d2560 [nranks=20] stream 0x5632181555e0
[LYD INFO in ncclLaunchKernel (enqueue.cc)] NCHANNELS is: 4 > number of parameters on (tensor, pipeline) model parallel rank (0, 6): 39354880
x3012c0s13b1n0:23128:23128 [2] NCCL INFO AllReduce: opCount 4 sendbuff 0x15003b000400 recvbuff 0x15003b000400 count 1 datatype 1 op 0 root 0 comm 0x55f17ad3b020 [nranks=20] stream 0x55f1942336a0
[LYD INFO in ncclLaunchKernel (enqueue.cc)] NCHANNELS is: 4
[LYD INFO in NCCL_KERN_NAME (common.h)] 4 AllReduce TREE LL Sum uint8_t Elapsed time: 1684627 us
x3012c0s13b1n0:23125:23125 [0] NCCL INFO AllReduce: opCount 5 sendbuff 0x14eecf615200 recvbuff 0x14eecf615200 count 1 datatype 1 op 0 root 0 comm 0x5632151d2560 [nranks=20] stream 0x5632181555e0
[LYD INFO in ncclLaunchKernel (enqueue.cc)] NCHANNELS is: 4
[LYD INFO in NCCL_KERN_NAME (common.h)] 7 AllReduce TREE LL Sum uint8_t Elapsed time: 1733235 us
x3012c0s13b1n0:23130:23130 [3] NCCL INFO AllReduce: opCount 5 sendbuff 0x1539fba15200 recvbuff 0x1539fba15200 count 1 datatype 1 op 0 root 0 comm 0x55ca1a3c2570 [nranks=20] stream 0x55ca325f9ab0
[LYD INFO in ncclLaunchKernel (enqueue.cc)] NCHANNELS is: 4
[LYD INFO in NCCL_KERN_NAME (common.h)] 6 AllReduce TREE LL Sum uint8_t Elapsed time: 1669459 us
x3012c0s13b1n0:23128:23128 [2] NCCL INFO AllReduce: opCount 5 sendbuff 0x15003b015200 recvbuff 0x15003b015200 count 1 datatype 1 op 0 root 0 comm 0x55f17ad3b020 [nranks=20] stream 0x55f1942336a0
[LYD INFO in ncclLaunchKernel (enqueue.cc)] NCHANNELS is: 4
[LYD INFO in NCCL_KERN_NAME (common.h)] 5 AllReduce TREE LL Sum uint8_t Elapsed time: 1720280 us
x3012c0s13b1n0:23127:23127 [1] NCCL INFO AllReduce: opCount 5 sendbuff 0x15426f615200 recvbuff 0x15426f615200 count 1 datatype 1 op 0 root 0 comm 0x556e012df2d0 [nranks=20] stream 0x556e19546090
[LYD INFO in ncclLaunchKernel (enqueue.cc)] NCHANNELS is: 4
[LYD INFO in NCCL_KERN_NAME (common.h)] 5 AllReduce TREE LL Sum uint8_t Elapsed time: 102288 us
x3012c0s13b1n0:23127:23127 [1] NCCL INFO AllReduce: opCount 6 sendbuff 0x15426f600400 recvbuff 0x15426f600400 count 1 datatype 1 op 0 root 0 comm 0x556e012df2d0 [nranks=20] stream 0x556e19546090
[LYD INFO in ncclLaunchKernel (enqueue.cc)] NCHANNELS is: 4
[LYD INFO in NCCL_KERN_NAME (common.h)] 7 AllReduce TREE LL Sum uint8_t Elapsed time: 125110 us
x3012c0s13b1n0:23130:23130 [3] NCCL INFO AllReduce: opCount 6 sendbuff 0x1539fba00400 recvbuff 0x1539fba00400 count 1 datatype 1 op 0 root 0 comm 0x55ca1a3c2570 [nranks=20] stream 0x55ca325f9ab0
[LYD INFO in ncclLaunchKernel (enqueue.cc)] NCHANNELS is: 4
[LYD INFO in NCCL_KERN_NAME (common.h)] 4 AllReduce TREE LL Sum uint8_t Elapsed time: 135448 us
x3012c0s13b1n0:23125:23125 [0] NCCL INFO AllReduce: opCount 6 sendbuff 0x14eecf600400 recvbuff 0x14eecf600400 count 1 datatype 1 op 0 root 0 comm 0x5632151d2560 [nranks=20] stream 0x5632181555e0
[LYD INFO in ncclLaunchKernel (enqueue.cc)] NCHANNELS is: 4
[LYD INFO in NCCL_KERN_NAME (common.h)] 6 AllReduce TREE LL Sum uint8_t Elapsed time: 113192 us
x3012c0s13b1n0:23128:23128 [2] NCCL INFO AllReduce: opCount 6 sendbuff 0x15003b000400 recvbuff 0x15003b000400 count 1 datatype 1 op 0 root 0 comm 0x55f17ad3b020 [nranks=20] stream 0x55f1942336a0
[LYD INFO in ncclLaunchKernel (enqueue.cc)] NCHANNELS is: 4
[LYD INFO in NCCL_KERN_NAME (common.h)] 4 AllReduce TREE LL Sum uint8_t Elapsed time: 169195 us

[LYD INFO in NCCL_KERN_NAME (common.h)] 5 AllReduce TREE LL Sum uint8_t Elapsed time: 190410 us

[LYD INFO in NCCL_KERN_NAME (common.h)] 7 AllReduce TREE LL Sum uint8_t Elapsed time: 181277 us

[LYD INFO in NCCL_KERN_NAME (common.h)] 6 AllReduce TREE LL Sum uint8_t Elapsed time: 154764 us
NCCL version 2.14.3+cuda11.8
x3012c0s13b1n0:23125:23125 [0] NCCL INFO init.cc:1147 Cuda Host Alloc Size 4 pointer 0x14ee90e00400
NCCL version 2.14.3+cuda11.8
x3012c0s13b1n0:23127:23127 [1] NCCL INFO init.cc:1147 Cuda Host Alloc Size 4 pointer 0x15422ee00400
NCCL version 2.14.3+cuda11.8
x3012c0s13b1n0:23130:23130 [3] NCCL INFO init.cc:1147 Cuda Host Alloc Size 4 pointer 0x1539ff400400
NCCL version 2.14.3+cuda11.8
x3012c0s13b1n0:23128:23128 [2] NCCL INFO init.cc:1147 Cuda Host Alloc Size 4 pointer 0x14fffee00400
x3012c0s13b1n0:23125:27759 [0] NCCL INFO Using network IB
x3012c0s13b1n0:23127:27762 [1] NCCL INFO Using network IB
x3012c0s13b1n0:23130:27764 [3] NCCL INFO Using network IB
x3012c0s13b1n0:23128:27766 [2] NCCL INFO Using network IB
x3012c0s13b1n0:23127:27762 [1] NCCL INFO NET/IB : GPU Direct RDMA Enabled for HCA 0 'mlx5_0'
x3012c0s13b1n0:23127:27762 [1] NCCL INFO NET/IB : GPU Direct RDMA Enabled for HCA 1 'mlx5_1'
x3012c0s13b1n0:23127:27762 [1] NCCL INFO GPU Direct RDMA Disabled for GPU 46000 / HCA 1 (distance 6 > 4)
x3012c0s13b1n0:23127:27762 [1] NCCL INFO GPU Direct RDMA Disabled for GPU 46000 / HCA 0 (distance 7 > 4)
x3012c0s13b1n0:23127:27762 [1] NCCL INFO === System : maxBw 5000.0 totalBw 0.0 ===
x3012c0s13b1n0:23127:27762 [1] NCCL INFO CPU/2 (1/2/-1)
x3012c0s13b1n0:23127:27762 [1] NCCL INFO + SYS[5000.0] - CPU/0
x3012c0s13b1n0:23127:27762 [1] NCCL INFO + PCI[24.0] - PCI/44000 (11f8406811f8beef)
x3012c0s13b1n0:23127:27762 [1] NCCL INFO               + PCI[24.0] - GPU/46000 (0)
x3012c0s13b1n0:23127:27762 [1] NCCL INFO + PCI[12.0] - NIC/43000
x3012c0s13b1n0:23127:27762 [1] NCCL INFO CPU/0 (1/2/-1)
x3012c0s13b1n0:23127:27762 [1] NCCL INFO + SYS[5000.0] - CPU/2
x3012c0s13b1n0:23127:27762 [1] NCCL INFO + PCI[12.0] - NIC/C8000
x3012c0s13b1n0:23127:27762 [1] NCCL INFO ==========================================
x3012c0s13b1n0:23127:27762 [1] NCCL INFO GPU/46000 :GPU/46000 (0/5000.000000/LOC) CPU/2 (2/24.000000/PHB) CPU/0 (3/24.000000/SYS) 
x3012c0s13b1n0:23127:27762 [1] NCCL INFO Pattern 4, crossNic 0, nChannels 16, bw 44.000000/44.000000, type LOC/PIX, sameChannels 1
x3012c0s13b1n0:23127:27762 [1] NCCL INFO  0 : GPU/0
x3012c0s13b1n0:23127:27762 [1] NCCL INFO  1 : GPU/0
x3012c0s13b1n0:23127:27762 [1] NCCL INFO  2 : GPU/0
x3012c0s13b1n0:23127:27762 [1] NCCL INFO  3 : GPU/0
x3012c0s13b1n0:23127:27762 [1] NCCL INFO  4 : GPU/0
x3012c0s13b1n0:23127:27762 [1] NCCL INFO  5 : GPU/0
x3012c0s13b1n0:23127:27762 [1] NCCL INFO  6 : GPU/0
x3012c0s13b1n0:23127:27762 [1] NCCL INFO  7 : GPU/0
x3012c0s13b1n0:23127:27762 [1] NCCL INFO  8 : GPU/0
x3012c0s13b1n0:23127:27762 [1] NCCL INFO  9 : GPU/0
x3012c0s13b1n0:23127:27762 [1] NCCL INFO 10 : GPU/0
x3012c0s13b1n0:23127:27762 [1] NCCL INFO 11 : GPU/0
x3012c0s13b1n0:23127:27762 [1] NCCL INFO 12 : GPU/0
x3012c0s13b1n0:23127:27762 [1] NCCL INFO 13 : GPU/0
x3012c0s13b1n0:23127:27762 [1] NCCL INFO 14 : GPU/0
x3012c0s13b1n0:23127:27762 [1] NCCL INFO 15 : GPU/0
x3012c0s13b1n0:23127:27762 [1] NCCL INFO Pattern 3, crossNic 0, nChannels 16, bw 44.000000/44.000000, type LOC/PIX, sameChannels 1
x3012c0s13b1n0:23127:27762 [1] NCCL INFO  0 : GPU/0
x3012c0s13b1n0:23127:27762 [1] NCCL INFO  1 : GPU/0
x3012c0s13b1n0:23127:27762 [1] NCCL INFO  2 : GPU/0
x3012c0s13b1n0:23127:27762 [1] NCCL INFO  3 : GPU/0
x3012c0s13b1n0:23127:27762 [1] NCCL INFO  4 : GPU/0
x3012c0s13b1n0:23127:27762 [1] NCCL INFO  5 : GPU/0
x3012c0s13b1n0:23127:27762 [1] NCCL INFO  6 : GPU/0
x3012c0s13b1n0:23127:27762 [1] NCCL INFO  7 : GPU/0
x3012c0s13b1n0:23127:27762 [1] NCCL INFO  8 : GPU/0
x3012c0s13b1n0:23127:27762 [1] NCCL INFO  9 : GPU/0
x3012c0s13b1n0:23127:27762 [1] NCCL INFO 10 : GPU/0
x3012c0s13b1n0:23127:27762 [1] NCCL INFO 11 : GPU/0
x3012c0s13b1n0:23127:27762 [1] NCCL INFO 12 : GPU/0
x3012c0s13b1n0:23127:27762 [1] NCCL INFO 13 : GPU/0
x3012c0s13b1n0:23127:27762 [1] NCCL INFO 14 : GPU/0
x3012c0s13b1n0:23127:27762 [1] NCCL INFO 15 : GPU/0
x3012c0s13b1n0:23127:27762 [1] NCCL INFO Pattern 3, crossNic 0, nChannels 16, bw 44.000000/44.000000, type LOC/PIX, sameChannels 1
x3012c0s13b1n0:23127:27762 [1] NCCL INFO  0 : GPU/0
x3012c0s13b1n0:23127:27762 [1] NCCL INFO  1 : GPU/0
x3012c0s13b1n0:23127:27762 [1] NCCL INFO  2 : GPU/0
x3012c0s13b1n0:23127:27762 [1] NCCL INFO  3 : GPU/0
x3012c0s13b1n0:23127:27762 [1] NCCL INFO  4 : GPU/0
x3012c0s13b1n0:23127:27762 [1] NCCL INFO  5 : GPU/0
x3012c0s13b1n0:23127:27762 [1] NCCL INFO  6 : GPU/0
x3012c0s13b1n0:23127:27762 [1] NCCL INFO  7 : GPU/0
x3012c0s13b1n0:23127:27762 [1] NCCL INFO  8 : GPU/0
x3012c0s13b1n0:23127:27762 [1] NCCL INFO  9 : GPU/0
x3012c0s13b1n0:23127:27762 [1] NCCL INFO 10 : GPU/0
x3012c0s13b1n0:23127:27762 [1] NCCL INFO 11 : GPU/0
x3012c0s13b1n0:23127:27762 [1] NCCL INFO 12 : GPU/0
x3012c0s13b1n0:23127:27762 [1] NCCL INFO 13 : GPU/0
x3012c0s13b1n0:23127:27762 [1] NCCL INFO 14 : GPU/0
x3012c0s13b1n0:23127:27762 [1] NCCL INFO 15 : GPU/0
x3012c0s13b1n0:23127:27762 [1] NCCL INFO Tree 0 : -1 -> 0 -> -1/-1/-1
x3012c0s13b1n0:23127:27762 [1] NCCL INFO Tree 16 : -1 -> 0 -> -1/-1/-1
x3012c0s13b1n0:23127:27762 [1] NCCL INFO Tree 1 : -1 -> 0 -> -1/-1/-1
x3012c0s13b1n0:23127:27762 [1] NCCL INFO Tree 17 : -1 -> 0 -> -1/-1/-1
x3012c0s13b1n0:23127:27762 [1] NCCL INFO Tree 2 : -1 -> 0 -> -1/-1/-1
x3012c0s13b1n0:23127:27762 [1] NCCL INFO Tree 18 : -1 -> 0 -> -1/-1/-1
x3012c0s13b1n0:23127:27762 [1] NCCL INFO Tree 3 : -1 -> 0 -> -1/-1/-1
x3012c0s13b1n0:23127:27762 [1] NCCL INFO Tree 19 : -1 -> 0 -> -1/-1/-1
x3012c0s13b1n0:23127:27762 [1] NCCL INFO Tree 4 : -1 -> 0 -> -1/-1/-1
x3012c0s13b1n0:23127:27762 [1] NCCL INFO Tree 20 : -1 -> 0 -> -1/-1/-1
x3012c0s13b1n0:23127:27762 [1] NCCL INFO Tree 5 : -1 -> 0 -> -1/-1/-1
x3012c0s13b1n0:23127:27762 [1] NCCL INFO Tree 21 : -1 -> 0 -> -1/-1/-1
x3012c0s13b1n0:23127:27762 [1] NCCL INFO Tree 6 : -1 -> 0 -> -1/-1/-1
x3012c0s13b1n0:23127:27762 [1] NCCL INFO Tree 22 : -1 -> 0 -> -1/-1/-1
x3012c0s13b1n0:23127:27762 [1] NCCL INFO Tree 7 : -1 -> 0 -> -1/-1/-1
x3012c0s13b1n0:23127:27762 [1] NCCL INFO Tree 23 : -1 -> 0 -> -1/-1/-1
x3012c0s13b1n0:23127:27762 [1] NCCL INFO Tree 8 : -1 -> 0 -> -1/-1/-1
x3012c0s13b1n0:23127:27762 [1] NCCL INFO Tree 24 : -1 -> 0 -> -1/-1/-1
x3012c0s13b1n0:23127:27762 [1] NCCL INFO Tree 9 : -1 -> 0 -> -1/-1/-1
x3012c0s13b1n0:23127:27762 [1] NCCL INFO Tree 25 : -1 -> 0 -> -1/-1/-1
x3012c0s13b1n0:23127:27762 [1] NCCL INFO Tree 10 : -1 -> 0 -> -1/-1/-1
x3012c0s13b1n0:23127:27762 [1] NCCL INFO Tree 26 : -1 -> 0 -> -1/-1/-1
x3012c0s13b1n0:23127:27762 [1] NCCL INFO Tree 11 : -1 -> 0 -> -1/-1/-1
x3012c0s13b1n0:23127:27762 [1] NCCL INFO Tree 27 : -1 -> 0 -> -1/-1/-1
x3012c0s13b1n0:23127:27762 [1] NCCL INFO Tree 12 : -1 -> 0 -> -1/-1/-1
x3012c0s13b1n0:23127:27762 [1] NCCL INFO Tree 28 : -1 -> 0 -> -1/-1/-1
x3012c0s13b1n0:23127:27762 [1] NCCL INFO Tree 13 : -1 -> 0 -> -1/-1/-1
x3012c0s13b1n0:23127:27762 [1] NCCL INFO Tree 29 : -1 -> 0 -> -1/-1/-1
x3012c0s13b1n0:23127:27762 [1] NCCL INFO Tree 14 : -1 -> 0 -> -1/-1/-1
x3012c0s13b1n0:23127:27762 [1] NCCL INFO Tree 30 : -1 -> 0 -> -1/-1/-1
x3012c0s13b1n0:23127:27762 [1] NCCL INFO Tree 15 : -1 -> 0 -> -1/-1/-1
x3012c0s13b1n0:23127:27762 [1] NCCL INFO Tree 31 : -1 -> 0 -> -1/-1/-1
x3012c0s13b1n0:23127:27762 [1] NCCL INFO Channel 00/32 :    0
x3012c0s13b1n0:23127:27762 [1] NCCL INFO Channel 01/32 :    0
x3012c0s13b1n0:23127:27762 [1] NCCL INFO Channel 02/32 :    0
x3012c0s13b1n0:23127:27762 [1] NCCL INFO Channel 03/32 :    0
x3012c0s13b1n0:23127:27762 [1] NCCL INFO Channel 04/32 :    0
x3012c0s13b1n0:23127:27762 [1] NCCL INFO Channel 05/32 :    0
x3012c0s13b1n0:23127:27762 [1] NCCL INFO Channel 06/32 :    0
x3012c0s13b1n0:23127:27762 [1] NCCL INFO Channel 07/32 :    0
x3012c0s13b1n0:23127:27762 [1] NCCL INFO Channel 08/32 :    0
x3012c0s13b1n0:23127:27762 [1] NCCL INFO Channel 09/32 :    0
x3012c0s13b1n0:23127:27762 [1] NCCL INFO Channel 10/32 :    0
x3012c0s13b1n0:23127:27762 [1] NCCL INFO Channel 11/32 :    0
x3012c0s13b1n0:23127:27762 [1] NCCL INFO Channel 12/32 :    0
x3012c0s13b1n0:23127:27762 [1] NCCL INFO Channel 13/32 :    0
x3012c0s13b1n0:23127:27762 [1] NCCL INFO Channel 14/32 :    0
x3012c0s13b1n0:23127:27762 [1] NCCL INFO Channel 15/32 :    0
x3012c0s13b1n0:23127:27762 [1] NCCL INFO Channel 16/32 :    0
x3012c0s13b1n0:23127:27762 [1] NCCL INFO Channel 17/32 :    0
x3012c0s13b1n0:23127:27762 [1] NCCL INFO Channel 18/32 :    0
x3012c0s13b1n0:23127:27762 [1] NCCL INFO Channel 19/32 :    0
x3012c0s13b1n0:23127:27762 [1] NCCL INFO Channel 20/32 :    0
x3012c0s13b1n0:23127:27762 [1] NCCL INFO Channel 21/32 :    0
x3012c0s13b1n0:23127:27762 [1] NCCL INFO Channel 22/32 :    0
x3012c0s13b1n0:23127:27762 [1] NCCL INFO Channel 23/32 :    0
x3012c0s13b1n0:23127:27762 [1] NCCL INFO Channel 24/32 :    0
x3012c0s13b1n0:23127:27762 [1] NCCL INFO Channel 25/32 :    0
x3012c0s13b1n0:23127:27762 [1] NCCL INFO Channel 26/32 :    0
x3012c0s13b1n0:23127:27762 [1] NCCL INFO Channel 27/32 :    0
x3012c0s13b1n0:23127:27762 [1] NCCL INFO Channel 28/32 :    0
x3012c0s13b1n0:23127:27762 [1] NCCL INFO Channel 29/32 :    0
x3012c0s13b1n0:23127:27762 [1] NCCL INFO Channel 30/32 :    0
x3012c0s13b1n0:23127:27762 [1] NCCL INFO Channel 31/32 :    0
x3012c0s13b1n0:23127:27762 [1] NCCL INFO Ring 00 : 0 -> 0 -> 0
x3012c0s13b1n0:23127:27762 [1] NCCL INFO Ring 01 : 0 -> 0 -> 0
x3012c0s13b1n0:23127:27762 [1] NCCL INFO Ring 02 : 0 -> 0 -> 0
x3012c0s13b1n0:23127:27762 [1] NCCL INFO Ring 03 : 0 -> 0 -> 0
x3012c0s13b1n0:23127:27762 [1] NCCL INFO Ring 04 : 0 -> 0 -> 0
x3012c0s13b1n0:23127:27762 [1] NCCL INFO Ring 05 : 0 -> 0 -> 0
x3012c0s13b1n0:23127:27762 [1] NCCL INFO Ring 06 : 0 -> 0 -> 0
x3012c0s13b1n0:23127:27762 [1] NCCL INFO Ring 07 : 0 -> 0 -> 0
x3012c0s13b1n0:23127:27762 [1] NCCL INFO Ring 08 : 0 -> 0 -> 0
x3012c0s13b1n0:23127:27762 [1] NCCL INFO Ring 09 : 0 -> 0 -> 0
x3012c0s13b1n0:23127:27762 [1] NCCL INFO Ring 10 : 0 -> 0 -> 0
x3012c0s13b1n0:23127:27762 [1] NCCL INFO Ring 11 : 0 -> 0 -> 0
x3012c0s13b1n0:23127:27762 [1] NCCL INFO Ring 12 : 0 -> 0 -> 0
x3012c0s13b1n0:23127:27762 [1] NCCL INFO Ring 13 : 0 -> 0 -> 0
