x3103c0s31b0n0:21341:22644 [1] NCCL INFO transport/net_ib.cc:771 Ib Alloc Size 552 pointer 0x14da2c09d000
x3103c0s31b0n0:21341:22644 [1] NCCL INFO transport/net.cc:698 Cuda Host Alloc Size 9641984 pointer 0x14da2b400000
x3103c0s31b0n0:21342:22448 [2] NCCL INFO Connection to proxy localRank 2 -> connection 0x15234c000dc0
x3103c0s31b0n0:21342:22648 [2] NCCL INFO transport/p2p.cc:449 Cuda Alloc Size 6291456 pointer 0x15234b200000
x3103c0s31b0n0:21343:22447 [3] NCCL INFO Connection to proxy localRank 3 -> connection 0x153054000e40
x3103c0s31b0n0:21343:22447 [3] NCCL INFO Channel 03/0 : 11[c7000] -> 13[46000] [send] via NET/IB/0
x3103c0s31b0n0:21343:22649 [3] NCCL INFO transport/net_ib.cc:596 Ib Alloc Size 26560 pointer 0x153054020000
x3103c0s31b0n0:21341:22644 [1] NCCL INFO transport/net_ib.cc:683 Ib Alloc Size 21688 pointer 0x14da2c09f000
x3103c0s31b0n0:21341:22644 [1] NCCL INFO transport/net_ib.cc:696 Ib Alloc Size 552 pointer 0x14da2c0a6000
x3103c0s31b0n0:21341:22644 [1] NCCL INFO transport/net_ib.cc:771 Ib Alloc Size 552 pointer 0x14da2c0c1000
x3103c0s31b0n0:21341:22644 [1] NCCL INFO transport/net.cc:698 Cuda Host Alloc Size 9641984 pointer 0x14da28000000
x3103c0s31b0n0:21343:22649 [3] NCCL INFO NET/IB: Dev 1 Port 1 qpn 11341 mtu 5 GID 0 (80FE/5B2100FEFF000000)
x3103c0s31b0n0:21343:22649 [3] NCCL INFO transport/net_ib.cc:653 Ib Alloc Size 552 pointer 0x153054042000
x3103c0s31b0n0:21343:22649 [3] NCCL INFO transport/net.cc:571 Cuda Host Alloc Size 9641984 pointer 0x153052c00000
x3103c0s31b0n0:21343:22649 [3] NCCL INFO Mem Realloc old size 0, new size 768 pointer 0x15305402f0a0
x3103c0s31b0n0:21342:22648 [2] NCCL INFO New proxy recv connection 6 from local rank 2, transport 0
x3103c0s31b0n0:21342:22448 [2] NCCL INFO Connection to proxy localRank 2 -> connection 0x15234c000e00
x3103c0s31b0n0:21342:22648 [2] NCCL INFO transport/p2p.cc:449 Cuda Alloc Size 6291456 pointer 0x15234b800000
x3103c0s31b0n0:21343:22649 [3] NCCL INFO transport/net_ib.cc:596 Ib Alloc Size 26560 pointer 0x153054044000
x3103c0s31b0n0:21343:22649 [3] NCCL INFO NET/IB: Dev 0 Port 1 qpn 11380 mtu 5 GID 0 (80FE/1E2100FEFF000000)
x3103c0s31b0n0:21343:22649 [3] NCCL INFO transport/net_ib.cc:653 Ib Alloc Size 552 pointer 0x153054065000
x3103c0s31b0n0:21343:22649 [3] NCCL INFO transport/net.cc:571 Cuda Host Alloc Size 9641984 pointer 0x153053600000
x3103c0s31b0n0:21343:22649 [3] NCCL INFO Mem Realloc old size 0, new size 768 pointer 0x1530540521f0
x3103c0s31b0n0:21341:22451 [1] NCCL INFO Channel 00/0 : 9[46000] -> 8[7000] via P2P/IPC/read
x3103c0s31b0n0:21341:22644 [1] NCCL INFO New proxy send connection 4 from local rank 1, transport 0
x3103c0s31b0n0:21343:22649 [3] NCCL INFO transport/net_ib.cc:596 Ib Alloc Size 26560 pointer 0x153054067000
x3103c0s31b0n0:21341:22451 [1] NCCL INFO Connection to proxy localRank 1 -> connection 0x14da2c000d80
x3103c0s31b0n0:21341:22644 [1] NCCL INFO transport/p2p.cc:430 Cuda Alloc Size 6291456 pointer 0x14da28a00000
x3103c0s31b0n0:21343:22649 [3] NCCL INFO NET/IB: Dev 1 Port 1 qpn 11342 mtu 5 GID 0 (80FE/5B2100FEFF000000)
x3103c0s31b0n0:21343:22649 [3] NCCL INFO transport/net_ib.cc:653 Ib Alloc Size 552 pointer 0x15305407e000
x3103c0s31b0n0:21343:22649 [3] NCCL INFO transport/net.cc:571 Cuda Host Alloc Size 9641984 pointer 0x15304a000000
x3103c0s31b0n0:21342:22648 [2] NCCL INFO New proxy recv connection 7 from local rank 2, transport 0
x3103c0s31b0n0:21341:22451 [1] NCCL INFO Channel 01/0 : 9[46000] -> 8[7000] via P2P/IPC/read
x3103c0s31b0n0:21341:22644 [1] NCCL INFO New proxy send connection 5 from local rank 1, transport 0
x3103c0s31b0n0:21343:22649 [3] NCCL INFO transport/net_ib.cc:596 Ib Alloc Size 26560 pointer 0x153054080000
x3103c0s31b0n0:21341:22451 [1] NCCL INFO Connection to proxy localRank 1 -> connection 0x14da2c000dc0
x3103c0s31b0n0:21341:22644 [1] NCCL INFO transport/p2p.cc:430 Cuda Alloc Size 6291456 pointer 0x14da29000000
x3103c0s31b0n0:21343:22649 [3] NCCL INFO NET/IB: Dev 0 Port 1 qpn 11381 mtu 5 GID 0 (80FE/1E2100FEFF000000)
x3103c0s31b0n0:21343:22649 [3] NCCL INFO transport/net_ib.cc:653 Ib Alloc Size 552 pointer 0x153054097000
x3103c0s31b0n0:21343:22649 [3] NCCL INFO transport/net.cc:571 Cuda Host Alloc Size 9641984 pointer 0x15304aa00000
x3103c0s31b0n0:21342:22448 [2] NCCL INFO Connection to proxy localRank 2 -> connection 0x15234c000e40
x3103c0s31b0n0:21343:22447 [3] NCCL INFO Connected all rings
x3103c0s31b0n0:21343:22447 [3] NCCL INFO Channel 00/0 : 11[c7000] -> 10[85000] via P2P/IPC/read
x3103c0s31b0n0:21343:22649 [3] NCCL INFO New proxy send connection 8 from local rank 3, transport 0
x3103c0s31b0n0:21343:22447 [3] NCCL INFO Connection to proxy localRank 3 -> connection 0x153054000e80
x3103c0s31b0n0:21341:22451 [1] NCCL INFO Channel 02/0 : 9[46000] -> 8[7000] via P2P/IPC/read
x3103c0s31b0n0:21341:22644 [1] NCCL INFO New proxy send connection 6 from local rank 1, transport 0
x3103c0s31b0n0:21341:22451 [1] NCCL INFO Connection to proxy localRank 1 -> connection 0x14da2c000e00
x3103c0s31b0n0:21342:22648 [2] NCCL INFO transport/p2p.cc:449 Cuda Alloc Size 6291456 pointer 0x152348000000
x3103c0s31b0n0:21343:22649 [3] NCCL INFO transport/p2p.cc:430 Cuda Alloc Size 6291456 pointer 0x15304b400000
x3103c0s31b0n0:21341:22644 [1] NCCL INFO transport/p2p.cc:430 Cuda Alloc Size 6291456 pointer 0x14da29600000
x3103c0s31b0n0:21342:22448 [2] NCCL INFO Connected all rings
x3103c0s31b0n0:21342:22648 [2] NCCL INFO New proxy recv connection 8 from local rank 2, transport 0
x3103c0s31b0n0:21340:22643 [0] NCCL INFO New proxy recv connection 4 from local rank 0, transport 0
x3103c0s31b0n0:21343:22447 [3] NCCL INFO Channel 01/0 : 11[c7000] -> 10[85000] via P2P/IPC/read
x3103c0s31b0n0:21343:22649 [3] NCCL INFO New proxy send connection 9 from local rank 3, transport 0
x3103c0s31b0n0:21342:22448 [2] NCCL INFO Connection to proxy localRank 2 -> connection 0x15234c000e80
x3103c0s31b0n0:21342:22648 [2] NCCL INFO transport/p2p.cc:449 Cuda Alloc Size 6291456 pointer 0x152346000000
x3103c0s31b0n0:21341:22451 [1] NCCL INFO Channel 03/0 : 9[46000] -> 8[7000] via P2P/IPC/read
x3103c0s31b0n0:21341:22644 [1] NCCL INFO New proxy send connection 7 from local rank 1, transport 0
x3103c0s31b0n0:21341:22451 [1] NCCL INFO Connection to proxy localRank 1 -> connection 0x14da2c000e40
x3103c0s31b0n0:21341:22644 [1] NCCL INFO transport/p2p.cc:430 Cuda Alloc Size 6291456 pointer 0x14da3ba00000
x3103c0s31b0n0:21340:22449 [0] NCCL INFO Connection to proxy localRank 0 -> connection 0x148e94000d80
x3103c0s31b0n0:21340:22643 [0] NCCL INFO transport/p2p.cc:449 Cuda Alloc Size 6291456 pointer 0x148e92c00000
x3103c0s31b0n0:21343:22447 [3] NCCL INFO Connection to proxy localRank 3 -> connection 0x153054000ec0
x3103c0s31b0n0:21343:22649 [3] NCCL INFO transport/p2p.cc:430 Cuda Alloc Size 6291456 pointer 0x15304ba00000
x3103c0s31b0n0:21342:22648 [2] NCCL INFO New proxy recv connection 9 from local rank 2, transport 0
x3103c0s31b0n0:21340:22643 [0] NCCL INFO New proxy recv connection 5 from local rank 0, transport 0
x3103c0s31b0n0:21343:22447 [3] NCCL INFO Channel 02/0 : 11[c7000] -> 10[85000] via P2P/IPC/read
x3103c0s31b0n0:21343:22649 [3] NCCL INFO New proxy send connection 10 from local rank 3, transport 0
x3103c0s31b0n0:21342:22448 [2] NCCL INFO Connection to proxy localRank 2 -> connection 0x15234c000ec0
x3103c0s31b0n0:21342:22648 [2] NCCL INFO transport/p2p.cc:449 Cuda Alloc Size 6291456 pointer 0x152346600000
x3103c0s31b0n0:21340:22449 [0] NCCL INFO Connection to proxy localRank 0 -> connection 0x148e94000dc0
x3103c0s31b0n0:21340:22643 [0] NCCL INFO transport/p2p.cc:449 Cuda Alloc Size 6291456 pointer 0x148e93200000
x3103c0s31b0n0:21343:22447 [3] NCCL INFO Connection to proxy localRank 3 -> connection 0x153054000f00
x3103c0s31b0n0:21343:22649 [3] NCCL INFO transport/p2p.cc:430 Cuda Alloc Size 6291456 pointer 0x153048000000
x3103c0s31b0n0:21340:22643 [0] NCCL INFO New proxy recv connection 6 from local rank 0, transport 0
x3103c0s31b0n0:21342:22648 [2] NCCL INFO New proxy recv connection 10 from local rank 2, transport 0
x3103c0s31b0n0:21343:22447 [3] NCCL INFO Channel 03/0 : 11[c7000] -> 10[85000] via P2P/IPC/read
x3103c0s31b0n0:21343:22649 [3] NCCL INFO New proxy send connection 11 from local rank 3, transport 0
x3103c0s31b0n0:21342:22448 [2] NCCL INFO Connection to proxy localRank 2 -> connection 0x15234c000f00
x3103c0s31b0n0:21342:22648 [2] NCCL INFO transport/p2p.cc:449 Cuda Alloc Size 6291456 pointer 0x152346c00000
x3103c0s31b0n0:21340:22449 [0] NCCL INFO Connection to proxy localRank 0 -> connection 0x148e94000e00
x3103c0s31b0n0:21340:22643 [0] NCCL INFO transport/p2p.cc:449 Cuda Alloc Size 6291456 pointer 0x148e93800000
x3103c0s31b0n0:21342:22648 [2] NCCL INFO New proxy recv connection 11 from local rank 2, transport 0
x3103c0s31b0n0:21343:22447 [3] NCCL INFO Connection to proxy localRank 3 -> connection 0x153054000f40
x3103c0s31b0n0:21343:22649 [3] NCCL INFO transport/p2p.cc:430 Cuda Alloc Size 6291456 pointer 0x153048600000
x3103c0s31b0n0:21340:22643 [0] NCCL INFO New proxy recv connection 7 from local rank 0, transport 0
x3103c0s31b0n0:21342:22448 [2] NCCL INFO Connection to proxy localRank 2 -> connection 0x15234c000f40
x3103c0s31b0n0:21342:22648 [2] NCCL INFO transport/p2p.cc:449 Cuda Alloc Size 6291456 pointer 0x152347200000
x3103c0s31b0n0:21340:22449 [0] NCCL INFO Connection to proxy localRank 0 -> connection 0x148e94000e40
x3103c0s31b0n0:21340:22643 [0] NCCL INFO transport/p2p.cc:449 Cuda Alloc Size 6291456 pointer 0x148e90000000
x3103c0s31b0n0:21340:22449 [0] NCCL INFO Connected all rings
x3103c0s31b0n0:21340:22449 [0] NCCL INFO Channel 00/0 : 8[7000] -> 9[46000] via P2P/IPC/read
x3103c0s31b0n0:21340:22643 [0] NCCL INFO New proxy send connection 8 from local rank 0, transport 0
x3103c0s31b0n0:21341:22451 [1] NCCL INFO Connected all rings
x3103c0s31b0n0:21341:22644 [1] NCCL INFO New proxy recv connection 8 from local rank 1, transport 0
x3103c0s31b0n0:21340:22449 [0] NCCL INFO Connection to proxy localRank 0 -> connection 0x148e94000e80
x3103c0s31b0n0:21340:22643 [0] NCCL INFO transport/p2p.cc:430 Cuda Alloc Size 6291456 pointer 0x148e8e000000
x3103c0s31b0n0:21340:22449 [0] NCCL INFO Channel 01/0 : 8[7000] -> 9[46000] via P2P/IPC/read
x3103c0s31b0n0:21340:22643 [0] NCCL INFO New proxy send connection 9 from local rank 0, transport 0
x3103c0s31b0n0:21341:22451 [1] NCCL INFO Connection to proxy localRank 1 -> connection 0x14da2c000e80
x3103c0s31b0n0:21341:22644 [1] NCCL INFO transport/p2p.cc:449 Cuda Alloc Size 6291456 pointer 0x14da27800000
x3103c0s31b0n0:21341:22644 [1] NCCL INFO New proxy recv connection 9 from local rank 1, transport 0
x3103c0s31b0n0:21340:22449 [0] NCCL INFO Connection to proxy localRank 0 -> connection 0x148e94000ec0
x3103c0s31b0n0:21340:22643 [0] NCCL INFO transport/p2p.cc:430 Cuda Alloc Size 6291456 pointer 0x148e8e600000
x3103c0s31b0n0:21341:22451 [1] NCCL INFO Connection to proxy localRank 1 -> connection 0x14da2c000ec0
x3103c0s31b0n0:21341:22644 [1] NCCL INFO transport/p2p.cc:449 Cuda Alloc Size 6291456 pointer 0x14da24000000
x3103c0s31b0n0:21341:22644 [1] NCCL INFO New proxy recv connection 10 from local rank 1, transport 0
x3103c0s31b0n0:21340:22449 [0] NCCL INFO Channel 02/0 : 8[7000] -> 9[46000] via P2P/IPC/read
x3103c0s31b0n0:21340:22643 [0] NCCL INFO New proxy send connection 10 from local rank 0, transport 0
x3103c0s31b0n0:21340:22449 [0] NCCL INFO Connection to proxy localRank 0 -> connection 0x148e94000f00
x3103c0s31b0n0:21340:22643 [0] NCCL INFO transport/p2p.cc:430 Cuda Alloc Size 6291456 pointer 0x148e8ec00000
x3103c0s31b0n0:21341:22451 [1] NCCL INFO Connection to proxy localRank 1 -> connection 0x14da2c000f00
x3103c0s31b0n0:21341:22644 [1] NCCL INFO transport/p2p.cc:449 Cuda Alloc Size 6291456 pointer 0x14da24600000
x3103c0s31b0n0:21340:22449 [0] NCCL INFO Channel 03/0 : 8[7000] -> 9[46000] via P2P/IPC/read
x3103c0s31b0n0:21340:22643 [0] NCCL INFO New proxy send connection 11 from local rank 0, transport 0
x3103c0s31b0n0:21341:22644 [1] NCCL INFO New proxy recv connection 11 from local rank 1, transport 0
x3103c0s31b0n0:21340:22449 [0] NCCL INFO Connection to proxy localRank 0 -> connection 0x148e94000f40
x3103c0s31b0n0:21340:22643 [0] NCCL INFO transport/p2p.cc:430 Cuda Alloc Size 6291456 pointer 0x148e8f200000
x3103c0s31b0n0:21341:22451 [1] NCCL INFO Connection to proxy localRank 1 -> connection 0x14da2c000f40
x3103c0s31b0n0:21341:22644 [1] NCCL INFO transport/p2p.cc:449 Cuda Alloc Size 6291456 pointer 0x14da24c00000
x3103c0s31b0n0:21341:22451 [1] NCCL INFO Channel 00/0 : 9[46000] -> 10[85000] via P2P/IPC/read
x3103c0s31b0n0:21341:22644 [1] NCCL INFO New proxy send connection 12 from local rank 1, transport 0
x3103c0s31b0n0:21341:22451 [1] NCCL INFO Connection to proxy localRank 1 -> connection 0x14da2c000f80
x3103c0s31b0n0:21341:22644 [1] NCCL INFO transport/p2p.cc:430 Cuda Alloc Size 6291456 pointer 0x14da25200000
x3103c0s31b0n0:21341:22451 [1] NCCL INFO Channel 01/0 : 9[46000] -> 10[85000] via P2P/IPC/read
x3103c0s31b0n0:21341:22644 [1] NCCL INFO New proxy send connection 13 from local rank 1, transport 0
x3103c0s31b0n0:21341:22451 [1] NCCL INFO Connection to proxy localRank 1 -> connection 0x14da2c000fc0
x3103c0s31b0n0:21341:22644 [1] NCCL INFO transport/p2p.cc:430 Cuda Alloc Size 6291456 pointer 0x14da25800000
x3103c0s31b0n0:21341:22451 [1] NCCL INFO Channel 02/0 : 9[46000] -> 10[85000] via P2P/IPC/read
x3103c0s31b0n0:21341:22644 [1] NCCL INFO New proxy send connection 14 from local rank 1, transport 0
x3103c0s31b0n0:21341:22451 [1] NCCL INFO Connection to proxy localRank 1 -> connection 0x14da2c001000
x3103c0s31b0n0:21341:22644 [1] NCCL INFO transport/p2p.cc:430 Cuda Alloc Size 6291456 pointer 0x14da22000000
x3103c0s31b0n0:21341:22451 [1] NCCL INFO Channel 03/0 : 9[46000] -> 10[85000] via P2P/IPC/read
x3103c0s31b0n0:21341:22644 [1] NCCL INFO New proxy send connection 15 from local rank 1, transport 0
x3103c0s31b0n0:21341:22451 [1] NCCL INFO Connection to proxy localRank 1 -> connection 0x14da2c001040
x3103c0s31b0n0:21341:22644 [1] NCCL INFO transport/p2p.cc:430 Cuda Alloc Size 6291456 pointer 0x14da22600000
x3103c0s31b0n0:21341:22451 [1] NCCL INFO GPU Direct RDMA Disabled for GPU 46000 / HCA 1 (distance 6 > 4)
x3103c0s31b0n0:21340:22449 [0] NCCL INFO GPU Direct RDMA Disabled for GPU 7000 / HCA 1 (distance 7 > 4)
x3103c0s31b0n0:21340:22643 [0] NCCL INFO Allocated 4194656 bytes of shared memory in /dev/shm/nccl-MRibRQ

x3103c0s31b0n0:21340:22643 [0] NCCL INFO New proxy send connection 12 from local rank 0, transport 2
x3103c0s31b0n0:21342:22648 [2] NCCL INFO New proxy recv connection 12 from local rank 2, transport 0
x3103c0s31b0n0:21342:22448 [2] NCCL INFO Connection to proxy localRank 2 -> connection 0x15234c000f80
x3103c0s31b0n0:21341:22644 [1] NCCL INFO New proxy recv connection 16 from local rank 1, transport 2
x3103c0s31b0n0:21340:22449 [0] NCCL INFO Connection to proxy localRank 0 -> connection 0x148e94000f80
x3103c0s31b0n0:21340:22449 [0] NCCL INFO Channel 00/0 : 8[7000] -> 12[7000] [send] via NET/IB/1
x3103c0s31b0n0:21340:22449 [0] NCCL INFO GPU Direct RDMA Disabled for GPU 7000 / HCA 0 (distance 7 > 4)
x3103c0s31b0n0:21341:22451 [1] NCCL INFO Connection to proxy localRank 1 -> connection 0x14da2c001080
x3103c0s31b0n0:21342:22648 [2] NCCL INFO transport/p2p.cc:449 Cuda Alloc Size 6291456 pointer 0x152345200000
x3103c0s31b0n0:21340:22643 [0] NCCL INFO New proxy send connection 13 from local rank 0, transport 2
x3103c0s31b0n0:21342:22648 [2] NCCL INFO New proxy recv connection 13 from local rank 2, transport 0
x3103c0s31b0n0:21340:22449 [0] NCCL INFO Connection to proxy localRank 0 -> connection 0x148e94000fc0
x3103c0s31b0n0:21340:22449 [0] NCCL INFO Channel 01/0 : 8[7000] -> 12[7000] [send] via NET/IB/0
x3103c0s31b0n0:21340:22449 [0] NCCL INFO GPU Direct RDMA Disabled for GPU 7000 / HCA 1 (distance 7 > 4)
x3103c0s31b0n0:21340:22643 [0] NCCL INFO New proxy send connection 14 from local rank 0, transport 2
x3103c0s31b0n0:21341:22451 [1] NCCL INFO Channel 00/0 : 4[7000] -> 9[46000] [receive] via NET/IB/1
x3103c0s31b0n0:21341:22451 [1] NCCL INFO GPU Direct RDMA Disabled for GPU 46000 / HCA 0 (distance 7 > 4)
x3103c0s31b0n0:21341:22644 [1] NCCL INFO New proxy recv connection 17 from local rank 1, transport 2
x3103c0s31b0n0:21342:22448 [2] NCCL INFO Connection to proxy localRank 2 -> connection 0x15234c000fc0
x3103c0s31b0n0:21342:22648 [2] NCCL INFO transport/p2p.cc:449 Cuda Alloc Size 6291456 pointer 0x152345800000
x3103c0s31b0n0:21340:22449 [0] NCCL INFO Connection to proxy localRank 0 -> connection 0x148e94001000
x3103c0s31b0n0:21340:22449 [0] NCCL INFO Channel 02/0 : 8[7000] -> 12[7000] [send] via NET/IB/1
x3103c0s31b0n0:21340:22449 [0] NCCL INFO GPU Direct RDMA Disabled for GPU 7000 / HCA 0 (distance 7 > 4)
x3103c0s31b0n0:21340:22643 [0] NCCL INFO New proxy send connection 15 from local rank 0, transport 2
x3103c0s31b0n0:21342:22648 [2] NCCL INFO New proxy recv connection 14 from local rank 2, transport 0
x3103c0s31b0n0:21342:22448 [2] NCCL INFO Connection to proxy localRank 2 -> connection 0x15234c001000
x3103c0s31b0n0:21342:22648 [2] NCCL INFO transport/p2p.cc:449 Cuda Alloc Size 6291456 pointer 0x152342000000
x3103c0s31b0n0:21341:22451 [1] NCCL INFO Connection to proxy localRank 1 -> connection 0x14da2c0010c0
x3103c0s31b0n0:21341:22451 [1] NCCL INFO Channel 01/0 : 4[7000] -> 9[46000] [receive] via NET/IB/0
x3103c0s31b0n0:21340:22449 [0] NCCL INFO Connection to proxy localRank 0 -> connection 0x148e94001040
x3103c0s31b0n0:21340:22449 [0] NCCL INFO Channel 03/0 : 8[7000] -> 12[7000] [send] via NET/IB/0
x3103c0s31b0n0:21342:22648 [2] NCCL INFO New proxy recv connection 15 from local rank 2, transport 0
x3103c0s31b0n0:21342:22448 [2] NCCL INFO Connection to proxy localRank 2 -> connection 0x15234c001040
x3103c0s31b0n0:21342:22648 [2] NCCL INFO transport/p2p.cc:449 Cuda Alloc Size 6291456 pointer 0x152342600000
x3103c0s31b0n0:21342:22448 [2] NCCL INFO Channel 00/0 : 10[85000] -> 9[46000] via P2P/IPC/read
x3103c0s31b0n0:21342:22648 [2] NCCL INFO New proxy send connection 16 from local rank 2, transport 0
x3103c0s31b0n0:21342:22448 [2] NCCL INFO Connection to proxy localRank 2 -> connection 0x15234c001080
x3103c0s31b0n0:21342:22648 [2] NCCL INFO transport/p2p.cc:430 Cuda Alloc Size 6291456 pointer 0x152342c00000
x3103c0s31b0n0:21342:22448 [2] NCCL INFO Channel 01/0 : 10[85000] -> 9[46000] via P2P/IPC/read
x3103c0s31b0n0:21341:22644 [1] NCCL INFO transport/net_ib.cc:683 Ib Alloc Size 21688 pointer 0x14da2c0d2000
x3103c0s31b0n0:21341:22644 [1] NCCL INFO transport/net_ib.cc:696 Ib Alloc Size 552 pointer 0x14da2c019000
x3103c0s31b0n0:21341:22644 [1] NCCL INFO transport/net_ib.cc:771 Ib Alloc Size 552 pointer 0x14da2c0f2000
x3103c0s31b0n0:21341:22644 [1] NCCL INFO transport/net.cc:698 Cuda Host Alloc Size 9641984 pointer 0x14da1e000000
x3103c0s31b0n0:21342:22648 [2] NCCL INFO New proxy send connection 17 from local rank 2, transport 0
x3103c0s31b0n0:21340:22643 [0] NCCL INFO transport/net_ib.cc:596 Ib Alloc Size 26560 pointer 0x148e94026000
x3103c0s31b0n0:21341:22644 [1] NCCL INFO transport/net_ib.cc:683 Ib Alloc Size 21688 pointer 0x14da2c0f4000
x3103c0s31b0n0:21341:22644 [1] NCCL INFO transport/net_ib.cc:696 Ib Alloc Size 552 pointer 0x14da2c0fb000
x3103c0s31b0n0:21340:22643 [0] NCCL INFO NET/IB: Dev 1 Port 1 qpn 11345 mtu 5 GID 0 (80FE/5B2100FEFF000000)
x3103c0s31b0n0:21340:22643 [0] NCCL INFO transport/net_ib.cc:653 Ib Alloc Size 552 pointer 0x148e94048000
x3103c0s31b0n0:21340:22643 [0] NCCL INFO transport/net.cc:571 Cuda Host Alloc Size 9641984 pointer 0x148e8d200000
x3103c0s31b0n0:21340:22643 [0] NCCL INFO Mem Realloc old size 0, new size 768 pointer 0x148e94035310
x3103c0s31b0n0:21341:22644 [1] NCCL INFO transport/net_ib.cc:771 Ib Alloc Size 552 pointer 0x14da2c116000
x3103c0s31b0n0:21341:22644 [1] NCCL INFO transport/net.cc:698 Cuda Host Alloc Size 9641984 pointer 0x14da1ea00000
x3103c0s31b0n0:21342:22448 [2] NCCL INFO Connection to proxy localRank 2 -> connection 0x15234c0010c0
x3103c0s31b0n0:21342:22648 [2] NCCL INFO transport/p2p.cc:430 Cuda Alloc Size 6291456 pointer 0x152343200000
x3103c0s31b0n0:21341:22451 [1] NCCL INFO GPU Direct RDMA Disabled for GPU 46000 / HCA 1 (distance 6 > 4)
x3103c0s31b0n0:21341:22644 [1] NCCL INFO New proxy send connection 18 from local rank 1, transport 2
x3103c0s31b0n0:21342:22448 [2] NCCL INFO Channel 02/0 : 10[85000] -> 9[46000] via P2P/IPC/read
x3103c0s31b0n0:21342:22648 [2] NCCL INFO New proxy send connection 18 from local rank 2, transport 0
x3103c0s31b0n0:21342:22448 [2] NCCL INFO Connection to proxy localRank 2 -> connection 0x15234c001100
x3103c0s31b0n0:21341:22451 [1] NCCL INFO Connection to proxy localRank 1 -> connection 0x14da2c001100
x3103c0s31b0n0:21341:22451 [1] NCCL INFO Channel 00/0 : 9[46000] -> 4[7000] [send] via NET/IB/1
x3103c0s31b0n0:21341:22451 [1] NCCL INFO GPU Direct RDMA Disabled for GPU 46000 / HCA 0 (distance 7 > 4)
x3103c0s31b0n0:21341:22644 [1] NCCL INFO New proxy send connection 19 from local rank 1, transport 2
x3103c0s31b0n0:21340:22643 [0] NCCL INFO transport/net_ib.cc:596 Ib Alloc Size 26560 pointer 0x148e9404a000
x3103c0s31b0n0:21342:22648 [2] NCCL INFO transport/p2p.cc:430 Cuda Alloc Size 6291456 pointer 0x152343800000
x3103c0s31b0n0:21340:22643 [0] NCCL INFO NET/IB: Dev 0 Port 1 qpn 11384 mtu 5 GID 0 (80FE/1E2100FEFF000000)
x3103c0s31b0n0:21340:22643 [0] NCCL INFO transport/net_ib.cc:653 Ib Alloc Size 552 pointer 0x148e9406b000
x3103c0s31b0n0:21340:22643 [0] NCCL INFO transport/net.cc:571 Cuda Host Alloc Size 9641984 pointer 0x148e86000000
x3103c0s31b0n0:21340:22643 [0] NCCL INFO Mem Realloc old size 0, new size 768 pointer 0x148e94048410
x3103c0s31b0n0:21341:22451 [1] NCCL INFO Connection to proxy localRank 1 -> connection 0x14da2c001140
x3103c0s31b0n0:21341:22451 [1] NCCL INFO Channel 01/0 : 9[46000] -> 4[7000] [send] via NET/IB/0
x3103c0s31b0n0:21340:22643 [0] NCCL INFO transport/net_ib.cc:596 Ib Alloc Size 26560 pointer 0x148e9406d000
x3103c0s31b0n0:21342:22448 [2] NCCL INFO Channel 03/0 : 10[85000] -> 9[46000] via P2P/IPC/read
x3103c0s31b0n0:21342:22648 [2] NCCL INFO New proxy send connection 19 from local rank 2, transport 0
x3103c0s31b0n0:21340:22643 [0] NCCL INFO NET/IB: Dev 1 Port 1 qpn 11346 mtu 5 GID 0 (80FE/5B2100FEFF000000)
x3103c0s31b0n0:21340:22643 [0] NCCL INFO transport/net_ib.cc:653 Ib Alloc Size 552 pointer 0x148e94084000
x3103c0s31b0n0:21340:22643 [0] NCCL INFO transport/net.cc:571 Cuda Host Alloc Size 9641984 pointer 0x148e86a00000
x3103c0s31b0n0:21340:22643 [0] NCCL INFO transport/net_ib.cc:596 Ib Alloc Size 26560 pointer 0x148e94086000
x3103c0s31b0n0:21340:22643 [0] NCCL INFO NET/IB: Dev 0 Port 1 qpn 11385 mtu 5 GID 0 (80FE/1E2100FEFF000000)
x3103c0s31b0n0:21340:22643 [0] NCCL INFO transport/net_ib.cc:653 Ib Alloc Size 552 pointer 0x148e9409d000
x3103c0s31b0n0:21340:22643 [0] NCCL INFO transport/net.cc:571 Cuda Host Alloc Size 9641984 pointer 0x148e87400000
x3103c0s31b0n0:21342:22448 [2] NCCL INFO Connection to proxy localRank 2 -> connection 0x15234c001140
x3103c0s31b0n0:21342:22648 [2] NCCL INFO transport/p2p.cc:430 Cuda Alloc Size 6291456 pointer 0x152340000000
x3103c0s31b0n0:21340:22449 [0] NCCL INFO GPU Direct RDMA Disabled for GPU 7000 / HCA 1 (distance 7 > 4)
x3103c0s31b0n0:21340:22643 [0] NCCL INFO New proxy send connection 16 from local rank 0, transport 2
x3103c0s31b0n0:21343:22447 [3] NCCL INFO Connected all trees by HAO
x3103c0s31b0n0:21343:22447 [3] NCCL INFO threadThresholds 8/8/64 | 192/8/64 | 512 | 512
x3103c0s31b0n0:21343:22447 [3] NCCL INFO 4 coll channels, 4 p2p channels, 2 p2p channels per peer
x3103c0s31b0n0:21343:22649 [3] NCCL INFO New proxy send connection 12 from local rank 3, transport 2
x3103c0s31b0n0:21340:22449 [0] NCCL INFO Connection to proxy localRank 0 -> connection 0x148e94001080
x3103c0s31b0n0:21340:22449 [0] NCCL INFO Channel 00/0 : 8[7000] -> 17[46000] [send] via NET/IB/1
x3103c0s31b0n0:21340:22449 [0] NCCL INFO GPU Direct RDMA Disabled for GPU 7000 / HCA 0 (distance 7 > 4)
x3103c0s31b0n0:21340:22643 [0] NCCL INFO New proxy send connection 17 from local rank 0, transport 2
x3103c0s31b0n0:21343:22447 [3] NCCL INFO Connection to proxy localRank 3 -> connection 0x153054000f80
x3103c0s31b0n0:21343:22649 [3] NCCL INFO transport/net.cc:376 Cuda Alloc Size 8388608 pointer 0x153046600000
x3103c0s31b0n0:21340:22449 [0] NCCL INFO Connection to proxy localRank 0 -> connection 0x148e940010c0
x3103c0s31b0n0:21340:22449 [0] NCCL INFO Channel 01/0 : 8[7000] -> 17[46000] [send] via NET/IB/0
x3103c0s31b0n0:21340:22643 [0] NCCL INFO transport/net_ib.cc:596 Ib Alloc Size 26560 pointer 0x148e940a9000
x3103c0s31b0n0:21340:22643 [0] NCCL INFO NET/IB: Dev 1 Port 1 qpn 11347 mtu 5 GID 0 (80FE/5B2100FEFF000000)
x3103c0s31b0n0:21340:22643 [0] NCCL INFO transport/net_ib.cc:653 Ib Alloc Size 552 pointer 0x148e940c0000
x3103c0s31b0n0:21340:22643 [0] NCCL INFO transport/net.cc:571 Cuda Host Alloc Size 9641984 pointer 0x148e84000000
x3103c0s31b0n0:21340:22643 [0] NCCL INFO transport/net_ib.cc:596 Ib Alloc Size 26560 pointer 0x148e940c2000
x3103c0s31b0n0:21340:22643 [0] NCCL INFO NET/IB: Dev 0 Port 1 qpn 11386 mtu 5 GID 0 (80FE/1E2100FEFF000000)
x3103c0s31b0n0:21340:22643 [0] NCCL INFO transport/net_ib.cc:653 Ib Alloc Size 552 pointer 0x148e940d9000
x3103c0s31b0n0:21340:22643 [0] NCCL INFO transport/net.cc:571 Cuda Host Alloc Size 9641984 pointer 0x148e84a00000
x3103c0s31b0n0:21340:22449 [0] NCCL INFO GPU Direct RDMA Disabled for GPU 7000 / HCA 1 (distance 7 > 4)
x3103c0s31b0n0:21340:22643 [0] NCCL INFO New proxy recv connection 18 from local rank 0, transport 2
x3103c0s31b0n0:21340:22449 [0] NCCL INFO Connection to proxy localRank 0 -> connection 0x148e94001100
x3103c0s31b0n0:21340:22449 [0] NCCL INFO Channel 00/0 : 17[46000] -> 8[7000] [receive] via NET/IB/1
x3103c0s31b0n0:21340:22449 [0] NCCL INFO GPU Direct RDMA Disabled for GPU 7000 / HCA 0 (distance 7 > 4)
x3103c0s31b0n0:21340:22643 [0] NCCL INFO New proxy recv connection 19 from local rank 0, transport 2
x3103c0s31b0n0:21340:22449 [0] NCCL INFO Connection to proxy localRank 0 -> connection 0x148e94001140
x3103c0s31b0n0:21340:22449 [0] NCCL INFO Channel 01/0 : 17[46000] -> 8[7000] [receive] via NET/IB/0
x3103c0s31b0n0:21340:22643 [0] NCCL INFO transport/net_ib.cc:683 Ib Alloc Size 21688 pointer 0x148e940e5000
x3103c0s31b0n0:21340:22643 [0] NCCL INFO transport/net_ib.cc:696 Ib Alloc Size 552 pointer 0x148e940ec000
x3103c0s31b0n0:21340:22643 [0] NCCL INFO transport/net_ib.cc:771 Ib Alloc Size 552 pointer 0x148e94108000
x3103c0s31b0n0:21340:22643 [0] NCCL INFO transport/net.cc:698 Cuda Host Alloc Size 9641984 pointer 0x148e85400000
x3103c0s31b0n0:21340:22643 [0] NCCL INFO transport/net_ib.cc:683 Ib Alloc Size 21688 pointer 0x148e9410a000
x3103c0s31b0n0:21340:22643 [0] NCCL INFO transport/net_ib.cc:696 Ib Alloc Size 552 pointer 0x148e94111000
x3103c0s31b0n0:21340:22643 [0] NCCL INFO transport/net_ib.cc:771 Ib Alloc Size 552 pointer 0x148e9412c000
x3103c0s31b0n0:21340:22643 [0] NCCL INFO transport/net.cc:698 Cuda Host Alloc Size 9641984 pointer 0x148e82000000
x3103c0s31b0n0:21340:22449 [0] NCCL INFO GPU Direct RDMA Disabled for GPU 7000 / HCA 1 (distance 7 > 4)
x3103c0s31b0n0:21340:22643 [0] NCCL INFO New proxy recv connection 20 from local rank 0, transport 2
x3103c0s31b0n0:21340:22449 [0] NCCL INFO Connection to proxy localRank 0 -> connection 0x148e94001180
x3103c0s31b0n0:21341:22644 [1] NCCL INFO transport/net_ib.cc:596 Ib Alloc Size 26560 pointer 0x14da2c122000
x3103c0s31b0n0:21341:22644 [1] NCCL INFO NET/IB: Dev 1 Port 1 qpn 11350 mtu 5 GID 0 (80FE/5B2100FEFF000000)
x3103c0s31b0n0:21341:22644 [1] NCCL INFO transport/net_ib.cc:653 Ib Alloc Size 552 pointer 0x14da2c139000
x3103c0s31b0n0:21341:22644 [1] NCCL INFO transport/net.cc:571 Cuda Host Alloc Size 9641984 pointer 0x14da1f400000
x3103c0s31b0n0:21341:22644 [1] NCCL INFO transport/net_ib.cc:596 Ib Alloc Size 26560 pointer 0x14da2c13b000
x3103c0s31b0n0:21341:22644 [1] NCCL INFO NET/IB: Dev 0 Port 1 qpn 11389 mtu 5 GID 0 (80FE/1E2100FEFF000000)
x3103c0s31b0n0:21341:22644 [1] NCCL INFO transport/net_ib.cc:653 Ib Alloc Size 552 pointer 0x14da2c152000
x3103c0s31b0n0:21341:22644 [1] NCCL INFO transport/net.cc:571 Cuda Host Alloc Size 9641984 pointer 0x14da1c000000
x3103c0s31b0n0:21341:22644 [1] NCCL INFO New proxy recv connection 20 from local rank 1, transport 0
x3103c0s31b0n0:21340:22449 [0] NCCL INFO Channel 00/0 : 12[7000] -> 8[7000] [receive] via NET/IB/1
x3103c0s31b0n0:21340:22449 [0] NCCL INFO GPU Direct RDMA Disabled for GPU 7000 / HCA 0 (distance 7 > 4)
x3103c0s31b0n0:21340:22643 [0] NCCL INFO New proxy recv connection 21 from local rank 0, transport 2
x3103c0s31b0n0:21341:22451 [1] NCCL INFO Connection to proxy localRank 1 -> connection 0x14da2c001180
x3103c0s31b0n0:21340:22449 [0] NCCL INFO Connection to proxy localRank 0 -> connection 0x148e940011c0
x3103c0s31b0n0:21341:22644 [1] NCCL INFO transport/p2p.cc:449 Cuda Alloc Size 6291456 pointer 0x14da1ca00000
x3103c0s31b0n0:21341:22644 [1] NCCL INFO New proxy recv connection 21 from local rank 1, transport 0
x3103c0s31b0n0:21340:22449 [0] NCCL INFO Channel 01/0 : 12[7000] -> 8[7000] [receive] via NET/IB/0
x3103c0s31b0n0:21340:22449 [0] NCCL INFO GPU Direct RDMA Disabled for GPU 7000 / HCA 1 (distance 7 > 4)
x3103c0s31b0n0:21340:22643 [0] NCCL INFO New proxy recv connection 22 from local rank 0, transport 2
x3103c0s31b0n0:21341:22451 [1] NCCL INFO Connection to proxy localRank 1 -> connection 0x14da2c0011c0
x3103c0s31b0n0:21341:22644 [1] NCCL INFO transport/p2p.cc:449 Cuda Alloc Size 6291456 pointer 0x14da1d000000
x3103c0s31b0n0:21341:22644 [1] NCCL INFO New proxy recv connection 22 from local rank 1, transport 0
x3103c0s31b0n0:21340:22449 [0] NCCL INFO Connection to proxy localRank 0 -> connection 0x148e94001200
x3103c0s31b0n0:21341:22451 [1] NCCL INFO Connection to proxy localRank 1 -> connection 0x14da2c001200
x3103c0s31b0n0:21341:22644 [1] NCCL INFO transport/p2p.cc:449 Cuda Alloc Size 6291456 pointer 0x14da1d600000
x3103c0s31b0n0:21340:22449 [0] NCCL INFO Channel 02/0 : 12[7000] -> 8[7000] [receive] via NET/IB/1
x3103c0s31b0n0:21340:22449 [0] NCCL INFO GPU Direct RDMA Disabled for GPU 7000 / HCA 0 (distance 7 > 4)
x3103c0s31b0n0:21340:22643 [0] NCCL INFO New proxy recv connection 23 from local rank 0, transport 2
x3103c0s31b0n0:21340:22449 [0] NCCL INFO Connection to proxy localRank 0 -> connection 0x148e94001240
x3103c0s31b0n0:21341:22644 [1] NCCL INFO New proxy recv connection 23 from local rank 1, transport 0
x3103c0s31b0n0:21341:22451 [1] NCCL INFO Connection to proxy localRank 1 -> connection 0x14da2c001240
x3103c0s31b0n0:21341:22644 [1] NCCL INFO transport/p2p.cc:449 Cuda Alloc Size 6291456 pointer 0x14da1a000000
x3103c0s31b0n0:21340:22449 [0] NCCL INFO Channel 03/0 : 12[7000] -> 8[7000] [receive] via NET/IB/0
x3103c0s31b0n0:21340:22643 [0] NCCL INFO transport/net_ib.cc:683 Ib Alloc Size 21688 pointer 0x148e94142000
x3103c0s31b0n0:21340:22643 [0] NCCL INFO transport/net_ib.cc:696 Ib Alloc Size 552 pointer 0x148e94149000
x3103c0s31b0n0:21341:22451 [1] NCCL INFO Connected all trees by HAO
x3103c0s31b0n0:21341:22451 [1] NCCL INFO threadThresholds 8/8/64 | 192/8/64 | 512 | 512
x3103c0s31b0n0:21341:22451 [1] NCCL INFO 4 coll channels, 4 p2p channels, 2 p2p channels per peer
x3103c0s31b0n0:21340:22643 [0] NCCL INFO transport/net_ib.cc:771 Ib Alloc Size 552 pointer 0x148e94164000
x3103c0s31b0n0:21340:22643 [0] NCCL INFO transport/net.cc:698 Cuda Host Alloc Size 9641984 pointer 0x148e82a00000
x3103c0s31b0n0:21341:22644 [1] NCCL INFO New proxy send connection 24 from local rank 1, transport 2
x3103c0s31b0n0:21342:22448 [2] NCCL INFO Connected all trees by HAO
x3103c0s31b0n0:21342:22448 [2] NCCL INFO threadThresholds 8/8/64 | 192/8/64 | 512 | 512
x3103c0s31b0n0:21342:22448 [2] NCCL INFO 4 coll channels, 4 p2p channels, 2 p2p channels per peer
x3103c0s31b0n0:21342:22648 [2] NCCL INFO Allocated 4194656 bytes of shared memory in /dev/shm/nccl-QHdfE0

x3103c0s31b0n0:21342:22648 [2] NCCL INFO New proxy send connection 20 from local rank 2, transport 2
x3103c0s31b0n0:21340:22643 [0] NCCL INFO transport/net_ib.cc:683 Ib Alloc Size 21688 pointer 0x148e94166000
x3103c0s31b0n0:21340:22643 [0] NCCL INFO transport/net_ib.cc:696 Ib Alloc Size 552 pointer 0x148e9416d000
x3103c0s31b0n0:21340:22643 [0] NCCL INFO transport/net_ib.cc:771 Ib Alloc Size 552 pointer 0x148e94188000
x3103c0s31b0n0:21340:22643 [0] NCCL INFO transport/net.cc:698 Cuda Host Alloc Size 9641984 pointer 0x148e83400000
x3103c0s31b0n0:21341:22451 [1] NCCL INFO Connection to proxy localRank 1 -> connection 0x14da2c001280
x3103c0s31b0n0:21341:22644 [1] NCCL INFO transport/net.cc:376 Cuda Alloc Size 8388608 pointer 0x14da18000000
x3103c0s31b0n0:21340:22643 [0] NCCL INFO transport/net_ib.cc:683 Ib Alloc Size 21688 pointer 0x148e9418a000
x3103c0s31b0n0:21340:22643 [0] NCCL INFO transport/net_ib.cc:696 Ib Alloc Size 552 pointer 0x148e94191000
x3103c0s31b0n0:21342:22448 [2] NCCL INFO Connection to proxy localRank 2 -> connection 0x15234c001180
x3103c0s31b0n0:21342:22648 [2] NCCL INFO transport/net.cc:376 Cuda Alloc Size 8388608 pointer 0x15233f800000
x3103c0s31b0n0:21340:22643 [0] NCCL INFO transport/net_ib.cc:771 Ib Alloc Size 552 pointer 0x148e941ac000
x3103c0s31b0n0:21340:22643 [0] NCCL INFO transport/net.cc:698 Cuda Host Alloc Size 9641984 pointer 0x148e80000000
x3103c0s31b0n0:21340:22643 [0] NCCL INFO transport/net_ib.cc:683 Ib Alloc Size 21688 pointer 0x148e941ac000
x3103c0s31b0n0:21340:22643 [0] NCCL INFO transport/net_ib.cc:696 Ib Alloc Size 552 pointer 0x148e941b3000
x3103c0s31b0n0:21340:22643 [0] NCCL INFO transport/net_ib.cc:771 Ib Alloc Size 552 pointer 0x148e941cf000
x3103c0s31b0n0:21340:22643 [0] NCCL INFO transport/net.cc:698 Cuda Host Alloc Size 9641984 pointer 0x148e80a00000
x3103c0s31b0n0:21340:22449 [0] NCCL INFO Connected all trees by HAO
x3103c0s31b0n0:21340:22449 [0] NCCL INFO threadThresholds 8/8/64 | 192/8/64 | 512 | 512
x3103c0s31b0n0:21340:22449 [0] NCCL INFO 4 coll channels, 4 p2p channels, 2 p2p channels per peer
x3103c0s31b0n0:21340:22643 [0] NCCL INFO New proxy send connection 24 from local rank 0, transport 2
x3103c0s31b0n0:21340:22449 [0] NCCL INFO Connection to proxy localRank 0 -> connection 0x148e94001280
x3103c0s31b0n0:21340:22449 [0] NCCL INFO init.cc:367 Cuda Alloc Size 5168 pointer 0x148ea180a000
x3103c0s31b0n0:21341:22451 [1] NCCL INFO init.cc:367 Cuda Alloc Size 5168 pointer 0x14da3b80a000
x3103c0s31b0n0:21343:22447 [3] NCCL INFO init.cc:367 Cuda Alloc Size 5168 pointer 0x15306380a000
x3103c0s31b0n0:21342:22448 [2] NCCL INFO init.cc:367 Cuda Alloc Size 5168 pointer 0x15235b80a000
x3103c0s31b0n0:21343:22447 [3] NCCL INFO init.cc:392 Cuda Host Alloc Size 33554432 pointer 0x153044000000
x3103c0s31b0n0:21343:22447 [3] NCCL INFO init.cc:398 Cuda Host Alloc Size 128 pointer 0x153062e00200
x3103c0s31b0n0:21343:22447 [3] NCCL INFO comm 0x5638661f9120 rank 11 nranks 24 cudaDev 3 busId c7000 - Init COMPLETE
x3103c0s31b0n0:21342:22448 [2] NCCL INFO init.cc:392 Cuda Host Alloc Size 33554432 pointer 0x152336000000
x3103c0s31b0n0:21342:22448 [2] NCCL INFO init.cc:398 Cuda Host Alloc Size 128 pointer 0x15235ae00200
x3103c0s31b0n0:21342:22448 [2] NCCL INFO comm 0x556b6825d830 rank 10 nranks 24 cudaDev 2 busId 85000 - Init COMPLETE
x3103c0s31b0n0:21341:22451 [1] NCCL INFO init.cc:392 Cuda Host Alloc Size 33554432 pointer 0x14da16000000
x3103c0s31b0n0:21341:22451 [1] NCCL INFO init.cc:398 Cuda Host Alloc Size 128 pointer 0x14da3ae00200
x3103c0s31b0n0:21341:22451 [1] NCCL INFO comm 0x55e1d358f880 rank 9 nranks 24 cudaDev 1 busId 46000 - Init COMPLETE
x3103c0s31b0n0:21340:22643 [0] NCCL INFO transport/net.cc:376 Cuda Alloc Size 8388608 pointer 0x148e81400000
x3103c0s31b0n0:21340:22449 [0] NCCL INFO init.cc:392 Cuda Host Alloc Size 33554432 pointer 0x148e7e000000
x3103c0s31b0n0:21340:22449 [0] NCCL INFO init.cc:398 Cuda Host Alloc Size 128 pointer 0x148ea0e00200
x3103c0s31b0n0:21340:22449 [0] NCCL INFO comm 0x5627cdc123f0 rank 8 nranks 24 cudaDev 0 busId 7000 - Init COMPLETE
x3103c0s31b0n0:21341:21341 [1] NCCL INFO AllReduce: opCount 0 sendbuff 0x14da7b600200 recvbuff 0x14da7b600200 count 1 datatype 1 op 0 root 0 comm 0x55e1d358f880 [nranks=24] stream 0x55e1f0c377d0
x3103c0s31b0n0:21341:21341 [1] NCCL INFO misc/utils.cc:235 memory stack hunk malloc(65536)
[LYD INFO in ncclLaunchKernel (enqueue.cc)] NCHANNELS is: 4x3103c0s31b0n0:21342:21342 [2] NCCL INFO AllReduce: opCount 0 sendbuff 0x15239b600200 recvbuff 0x15239b600200 count 1 datatype 1 op 0 root 0 comm 0x556b6825d830 [nranks=24] stream 0x556b84e658b0
x3103c0s31b0n0:21342:21342 [2] NCCL INFO misc/utils.cc:235 memory stack hunk malloc(65536)
[LYD INFO in ncclLaunchKernel (enqueue.cc)] NCHANNELS is: 4x3103c0s31b0n0:21343:21343 [3] NCCL INFO AllReduce: opCount 0 sendbuff 0x1530a3600200 recvbuff 0x1530a3600200 count 1 datatype 1 op 0 root 0 comm 0x5638661f9120 [nranks=24] stream 0x563882b6d250
x3103c0s31b0n0:21343:21343 [3] NCCL INFO misc/utils.cc:235 memory stack hunk malloc(65536)
[LYD INFO in ncclLaunchKernel (enqueue.cc)] NCHANNELS is: 4x3103c0s31b0n0:21340:21340 [0] NCCL INFO AllReduce: opCount 0 sendbuff 0x148edf600200 recvbuff 0x148edf600200 count 1 datatype 1 op 0 root 0 comm 0x5627cdc123f0 [nranks=24] stream 0x5627d1bf0880
x3103c0s31b0n0:21340:21340 [0] NCCL INFO misc/utils.cc:235 memory stack hunk malloc(65536)
[LYD INFO in ncclLaunchKernel (enqueue.cc)] NCHANNELS is: 4
[LYD INFO in NCCL_KERN_NAME (common.h)] 11 AllReduce TREE LL Sum uint8_t Elapsed time: 414932 us

[LYD INFO in NCCL_KERN_NAME (common.h)] 9 AllReduce TREE LL Sum uint8_t Elapsed time: 403228 us

[LYD INFO in NCCL_KERN_NAME (common.h)] 10 AllReduce TREE LL Sum uint8_t Elapsed time: 429233 us

[LYD INFO in NCCL_KERN_NAME (common.h)] 8 AllReduce TREE LL Sum uint8_t Elapsed time: 398451 us
x3103c0s31b0n0:21342:21342 [2] NCCL INFO AllReduce: opCount 1 sendbuff 0x15239b600000 recvbuff 0x15239b600000 count 1 datatype 1 op 0 root 0 comm 0x556b6825d830 [nranks=24] stream 0x556b84e658b0
[LYD INFO in ncclLaunchKernel (enqueue.cc)] NCHANNELS is: 4x3103c0s31b0n0:21341:21341 [1] NCCL INFO AllReduce: opCount 1 sendbuff 0x14da7b600000 recvbuff 0x14da7b600000 count 1 datatype 1 op 0 root 0 comm 0x55e1d358f880 [nranks=24] stream 0x55e1f0c377d0
[LYD INFO in ncclLaunchKernel (enqueue.cc)] NCHANNELS is: 4x3103c0s31b0n0:21343:21343 [3] NCCL INFO AllReduce: opCount 1 sendbuff 0x1530a3600000 recvbuff 0x1530a3600000 count 1 datatype 1 op 0 root 0 comm 0x5638661f9120 [nranks=24] stream 0x563882b6d250
[LYD INFO in ncclLaunchKernel (enqueue.cc)] NCHANNELS is: 4x3103c0s31b0n0:21340:21340 [0] NCCL INFO AllReduce: opCount 1 sendbuff 0x148edf600000 recvbuff 0x148edf600000 count 1 datatype 1 op 0 root 0 comm 0x5627cdc123f0 [nranks=24] stream 0x5627d1bf0880
[LYD INFO in ncclLaunchKernel (enqueue.cc)] NCHANNELS is: 4
[LYD INFO in NCCL_KERN_NAME (common.h)] 10 AllReduce TREE LL Sum uint8_t Elapsed time: 44089 us

[LYD INFO in NCCL_KERN_NAME (common.h)] 9 AllReduce TREE LL Sum uint8_t Elapsed time: 39792 us

[LYD INFO in NCCL_KERN_NAME (common.h)] 11 AllReduce TREE LL Sum uint8_t Elapsed time: 30619 us

[LYD INFO in NCCL_KERN_NAME (common.h)] 8 AllReduce TREE LL Sum uint8_t Elapsed time: 21329 us
x3103c0s31b0n0:21342:21342 [2] NCCL INFO AllReduce: opCount 2 sendbuff 0x15239b600000 recvbuff 0x15239b600000 count 1 datatype 8 op 3 root 0 comm 0x556b6825d830 [nranks=24] stream 0x556b84e658b0
[LYD INFO in ncclLaunchKernel (enqueue.cc)] NCHANNELS is: 4x3103c0s31b0n0:21343:21343 [3] NCCL INFO AllReduce: opCount 2 sendbuff 0x1530a3600000 recvbuff 0x1530a3600000 count 1 datatype 8 op 3 root 0 comm 0x5638661f9120 [nranks=24] stream 0x563882b6d250
[LYD INFO in ncclLaunchKernel (enqueue.cc)] NCHANNELS is: 4x3103c0s31b0n0:21341:21341 [1] NCCL INFO AllReduce: opCount 2 sendbuff 0x14da7b600000 recvbuff 0x14da7b600000 count 1 datatype 8 op 3 root 0 comm 0x55e1d358f880 [nranks=24] stream 0x55e1f0c377d0
[LYD INFO in ncclLaunchKernel (enqueue.cc)] NCHANNELS is: 4x3103c0s31b0n0:21340:21340 [0] NCCL INFO AllReduce: opCount 2 sendbuff 0x148edf600000 recvbuff 0x148edf600000 count 1 datatype 8 op 3 root 0 comm 0x5627cdc123f0 [nranks=24] stream 0x5627d1bf0880
[LYD INFO in ncclLaunchKernel (enqueue.cc)] NCHANNELS is: 4
[LYD INFO in NCCL_FUNC_NAME (common.h)] 10 AllReduce TREE LL Min double Elapsed time: 8661 us

[LYD INFO in NCCL_FUNC_NAME (common.h)] 9 AllReduce TREE LL Min double Elapsed time: 250 us

[LYD INFO in NCCL_FUNC_NAME (common.h)] 11 AllReduce TREE LL Min double Elapsed time: 4 us

[LYD INFO in NCCL_FUNC_NAME (common.h)] 8 AllReduce TREE LL Min double Elapsed time: 162 us

[LYD INFO in NCCL_KERN_NAME (common.h)] 9 AllReduce TREE LL Sum double Elapsed time: 51766 us
x3103c0s31b0n0:21341:21341 [1] NCCL INFO AllReduce: opCount 3 sendbuff 0x14da7b600200 recvbuff 0x14da7b600200 count 1 datatype 1 op 0 root 0 comm 0x55e1d358f880 [nranks=24] stream 0x55e1f0c377d0
[LYD INFO in ncclLaunchKernel (enqueue.cc)] NCHANNELS is: 4
[LYD INFO in NCCL_KERN_NAME (common.h)] 11 AllReduce TREE LL Sum double Elapsed time: 63464 us
x3103c0s31b0n0:21343:21343 [3] NCCL INFO AllReduce: opCount 3 sendbuff 0x1530a3600200 recvbuff 0x1530a3600200 count 1 datatype 1 op 0 root 0 comm 0x5638661f9120 [nranks=24] stream 0x563882b6d250
[LYD INFO in ncclLaunchKernel (enqueue.cc)] NCHANNELS is: 4
[LYD INFO in NCCL_KERN_NAME (common.h)] 10 AllReduce TREE LL Sum double Elapsed time: 74082 us
x3103c0s31b0n0:21342:21342 [2] NCCL INFO AllReduce: opCount 3 sendbuff 0x15239b600200 recvbuff 0x15239b600200 count 1 datatype 1 op 0 root 0 comm 0x556b6825d830 [nranks=24] stream 0x556b84e658b0
[LYD INFO in ncclLaunchKernel (enqueue.cc)] NCHANNELS is: 4
[LYD INFO in NCCL_KERN_NAME (common.h)] 8 AllReduce TREE LL Sum double Elapsed time: 38850 us
x3103c0s31b0n0:21340:21340 [0] NCCL INFO AllReduce: opCount 3 sendbuff 0x148edf600200 recvbuff 0x148edf600200 count 1 datatype 1 op 0 root 0 comm 0x5627cdc123f0 [nranks=24] stream 0x5627d1bf0880
[LYD INFO in ncclLaunchKernel (enqueue.cc)] NCHANNELS is: 4
[LYD INFO in NCCL_KERN_NAME (common.h)] 9 AllReduce TREE LL Sum uint8_t Elapsed time: 55763 us

[LYD INFO in NCCL_KERN_NAME (common.h)] 11 AllReduce TREE LL Sum uint8_t Elapsed time: 56220 us

[LYD INFO in NCCL_KERN_NAME (common.h)] 10 AllReduce TREE LL Sum uint8_t Elapsed time: 41348 us

[LYD INFO in NCCL_KERN_NAME (common.h)] 8 AllReduce TREE LL Sum uint8_t Elapsed time: 24993 us
x3103c0s31b0n0:21340:22643 [0] NCCL INFO [Service thread] Connection closed by localRank 0
x3103c0s31b0n0:21341:22644 [1] NCCL INFO [Service thread] Connection closed by localRank 1
x3103c0s31b0n0:21342:22648 [2] NCCL INFO [Service thread] Connection closed by localRank 2
x3103c0s31b0n0:21343:22649 [3] NCCL INFO [Service thread] Connection closed by localRank 3
x3103c0s31b0n0:21342:21342 [2] NCCL INFO comm 0x556b6825d830 rank 10 nranks 24 cudaDev 2 busId 85000 - Abort COMPLETE
x3103c0s31b0n0:21340:21340 [0] NCCL INFO comm 0x5627cdc123f0 rank 8 nranks 24 cudaDev 0 busId 7000 - Abort COMPLETE
x3103c0s31b0n0:21343:21343 [3] NCCL INFO comm 0x5638661f9120 rank 11 nranks 24 cudaDev 3 busId c7000 - Abort COMPLETE
x3103c0s31b0n0:21341:21341 [1] NCCL INFO comm 0x55e1d358f880 rank 9 nranks 24 cudaDev 1 busId 46000 - Abort COMPLETE
