x3002c0s1b1n0:4429:8132 [0] NCCL INFO GPU/7000 :GPU/7000 (0/5000.000000/LOC) GPU/46000 (1/88.000000/NVL) GPU/85000 (1/88.000000/NVL) GPU/C7000 (1/88.000000/NVL) CPU/3 (2/24.000000/PHB) CPU/2 (3/24.000000/SYS) CPU/1 (3/24.000000/SYS) CPU/0 (3/24.000000/SYS) NET/1 (5/12.000000/SYS) NET/0 (5/12.000000/SYS) 
x3002c0s1b1n0:4429:8132 [0] NCCL INFO GPU/46000 :GPU/7000 (1/88.000000/NVL) GPU/46000 (0/5000.000000/LOC) GPU/85000 (1/88.000000/NVL) GPU/C7000 (1/88.000000/NVL) CPU/3 (3/24.000000/SYS) CPU/2 (2/24.000000/PHB) CPU/1 (3/24.000000/SYS) CPU/0 (3/24.000000/SYS) NET/1 (4/12.000000/PHB) NET/0 (5/12.000000/SYS) 
x3002c0s1b1n0:4429:8132 [0] NCCL INFO GPU/85000 :GPU/7000 (1/88.000000/NVL) GPU/46000 (1/88.000000/NVL) GPU/85000 (0/5000.000000/LOC) GPU/C7000 (1/88.000000/NVL) CPU/3 (3/24.000000/SYS) CPU/2 (3/24.000000/SYS) CPU/1 (2/24.000000/PHB) CPU/0 (3/24.000000/SYS) NET/1 (5/12.000000/SYS) NET/0 (5/12.000000/SYS) 
x3002c0s1b1n0:4429:8132 [0] NCCL INFO GPU/C7000 :GPU/7000 (1/88.000000/NVL) GPU/46000 (1/88.000000/NVL) GPU/85000 (1/88.000000/NVL) GPU/C7000 (0/5000.000000/LOC) CPU/3 (3/24.000000/SYS) CPU/2 (3/24.000000/SYS) CPU/1 (3/24.000000/SYS) CPU/0 (2/24.000000/PHB) NET/1 (5/12.000000/SYS) NET/0 (4/12.000000/PHB) 
x3002c0s1b1n0:4429:8132 [0] NCCL INFO NET/1 :GPU/7000 (5/12.000000/SYS) GPU/46000 (4/12.000000/PHB) GPU/85000 (5/12.000000/SYS) GPU/C7000 (5/12.000000/SYS) CPU/3 (3/12.000000/SYS) CPU/2 (2/12.000000/PHB) CPU/1 (3/12.000000/SYS) CPU/0 (3/12.000000/SYS) NET/1 (0/5000.000000/LOC) NET/0 (5/12.000000/SYS) 
x3002c0s1b1n0:4429:8132 [0] NCCL INFO NET/0 :GPU/7000 (5/12.000000/SYS) GPU/46000 (5/12.000000/SYS) GPU/85000 (5/12.000000/SYS) GPU/C7000 (4/12.000000/PHB) CPU/3 (3/12.000000/SYS) CPU/2 (3/12.000000/SYS) CPU/1 (3/12.000000/SYS) CPU/0 (2/12.000000/PHB) NET/1 (5/12.000000/SYS) NET/0 (0/5000.000000/LOC) 
x3002c0s1b1n0:4429:8132 [0] NCCL INFO Pattern 4, crossNic 0, nChannels 2, bw 12.000000/12.000000, type NVL/SYS, sameChannels 1
x3002c0s1b1n0:4429:8132 [0] NCCL INFO  0 : NET/1 GPU/13 GPU/12 GPU/14 GPU/15 NET/1
x3002c0s1b1n0:4429:8132 [0] NCCL INFO  1 : NET/0 GPU/13 GPU/12 GPU/14 GPU/15 NET/0
x3002c0s1b1n0:4429:8132 [0] NCCL INFO Pattern 1, crossNic 0, nChannels 2, bw 24.000000/12.000000, type NVL/SYS, sameChannels 1
x3002c0s1b1n0:4429:8132 [0] NCCL INFO  0 : NET/1 GPU/12 GPU/13 GPU/14 GPU/15 NET/1
x3002c0s1b1n0:4429:8132 [0] NCCL INFO  1 : NET/0 GPU/12 GPU/13 GPU/14 GPU/15 NET/0
x3002c0s1b1n0:4429:8132 [0] NCCL INFO Pattern 3, crossNic 0, nChannels 0, bw 0.000000/0.000000, type NVL/PIX, sameChannels 1
x3002c0s1b1n0:4430:8133 [1] NCCL INFO NET/IB : GPU Direct RDMA Enabled for HCA 0 'mlx5_0'
x3002c0s1b1n0:4430:8133 [1] NCCL INFO NET/IB : GPU Direct RDMA Enabled for HCA 1 'mlx5_1'
x3002c0s1b1n0:4430:8133 [1] NCCL INFO GPU Direct RDMA Disabled for GPU 7000 / HCA 1 (distance 7 > 4)
x3002c0s1b1n0:4430:8133 [1] NCCL INFO GPU Direct RDMA Disabled for GPU 46000 / HCA 1 (distance 6 > 4)
x3002c0s1b1n0:4430:8133 [1] NCCL INFO GPU Direct RDMA Disabled for GPU 85000 / HCA 1 (distance 7 > 4)
x3002c0s1b1n0:4430:8133 [1] NCCL INFO GPU Direct RDMA Disabled for GPU c7000 / HCA 1 (distance 7 > 4)
x3002c0s1b1n0:4430:8133 [1] NCCL INFO GPU Direct RDMA Disabled for GPU 7000 / HCA 0 (distance 7 > 4)
x3002c0s1b1n0:4430:8133 [1] NCCL INFO GPU Direct RDMA Disabled for GPU 46000 / HCA 0 (distance 7 > 4)
x3002c0s1b1n0:4430:8133 [1] NCCL INFO GPU Direct RDMA Disabled for GPU 85000 / HCA 0 (distance 7 > 4)
x3002c0s1b1n0:4430:8133 [1] NCCL INFO GPU Direct RDMA Disabled for GPU c7000 / HCA 0 (distance 6 > 4)
x3002c0s1b1n0:4430:8133 [1] NCCL INFO GPU Direct RDMA Disabled for GPU 7000 / HCA 1 (distance 7 > 4)
x3002c0s1b1n0:4430:8133 [1] NCCL INFO GPU Direct RDMA Disabled for GPU 46000 / HCA 1 (distance 6 > 4)
x3002c0s1b1n0:4430:8133 [1] NCCL INFO GPU Direct RDMA Disabled for GPU 85000 / HCA 1 (distance 7 > 4)
x3002c0s1b1n0:4430:8133 [1] NCCL INFO GPU Direct RDMA Disabled for GPU c7000 / HCA 1 (distance 7 > 4)
x3002c0s1b1n0:4430:8133 [1] NCCL INFO GPU Direct RDMA Disabled for GPU 7000 / HCA 0 (distance 7 > 4)
x3002c0s1b1n0:4430:8133 [1] NCCL INFO GPU Direct RDMA Disabled for GPU 46000 / HCA 0 (distance 7 > 4)
x3002c0s1b1n0:4430:8133 [1] NCCL INFO GPU Direct RDMA Disabled for GPU 85000 / HCA 0 (distance 7 > 4)
x3002c0s1b1n0:4430:8133 [1] NCCL INFO GPU Direct RDMA Disabled for GPU c7000 / HCA 0 (distance 6 > 4)
x3002c0s1b1n0:4430:8133 [1] NCCL INFO === System : maxBw 12.0 totalBw 264.0 ===
x3002c0s1b1n0:4430:8133 [1] NCCL INFO CPU/3 (1/2/-1)
x3002c0s1b1n0:4430:8133 [1] NCCL INFO + SYS[5000.0] - CPU/2
x3002c0s1b1n0:4430:8133 [1] NCCL INFO + SYS[5000.0] - CPU/1
x3002c0s1b1n0:4430:8133 [1] NCCL INFO + SYS[5000.0] - CPU/0
x3002c0s1b1n0:4430:8133 [1] NCCL INFO + PCI[24.0] - PCI/5000 (11f8406811f8beef)
x3002c0s1b1n0:4430:8133 [1] NCCL INFO               + PCI[24.0] - GPU/7000 (12)
x3002c0s1b1n0:4430:8133 [1] NCCL INFO                             + NVL[88.0] - GPU/85000
x3002c0s1b1n0:4430:8133 [1] NCCL INFO                             + NVL[88.0] - GPU/C7000
x3002c0s1b1n0:4430:8133 [1] NCCL INFO                             + NVL[88.0] - GPU/46000
x3002c0s1b1n0:4430:8133 [1] NCCL INFO CPU/2 (1/2/-1)
x3002c0s1b1n0:4430:8133 [1] NCCL INFO + SYS[5000.0] - CPU/3
x3002c0s1b1n0:4430:8133 [1] NCCL INFO + SYS[5000.0] - CPU/1
x3002c0s1b1n0:4430:8133 [1] NCCL INFO + SYS[5000.0] - CPU/0
x3002c0s1b1n0:4430:8133 [1] NCCL INFO + PCI[24.0] - PCI/44000 (11f8406811f8beef)
x3002c0s1b1n0:4430:8133 [1] NCCL INFO               + PCI[24.0] - GPU/46000 (13)
x3002c0s1b1n0:4430:8133 [1] NCCL INFO                             + NVL[88.0] - GPU/85000
x3002c0s1b1n0:4430:8133 [1] NCCL INFO                             + NVL[88.0] - GPU/C7000
x3002c0s1b1n0:4430:8133 [1] NCCL INFO                             + NVL[88.0] - GPU/7000
x3002c0s1b1n0:4430:8133 [1] NCCL INFO + PCI[12.0] - NIC/43000
x3002c0s1b1n0:4430:8133 [1] NCCL INFO               + NET[12.5] - NET/1 (5ce604ffffa4e988/1/12.500000)
x3002c0s1b1n0:4430:8133 [1] NCCL INFO CPU/1 (1/2/-1)
x3002c0s1b1n0:4430:8133 [1] NCCL INFO + SYS[5000.0] - CPU/3
x3002c0s1b1n0:4430:8133 [1] NCCL INFO + SYS[5000.0] - CPU/2
x3002c0s1b1n0:4430:8133 [1] NCCL INFO + SYS[5000.0] - CPU/0
x3002c0s1b1n0:4430:8133 [1] NCCL INFO + PCI[24.0] - PCI/83000 (11f8406811f8beef)
x3002c0s1b1n0:4430:8133 [1] NCCL INFO               + PCI[24.0] - GPU/85000 (14)
x3002c0s1b1n0:4430:8133 [1] NCCL INFO                             + NVL[88.0] - GPU/C7000
x3002c0s1b1n0:4430:8133 [1] NCCL INFO                             + NVL[88.0] - GPU/46000
x3002c0s1b1n0:4430:8133 [1] NCCL INFO                             + NVL[88.0] - GPU/7000
x3002c0s1b1n0:4430:8133 [1] NCCL INFO CPU/0 (1/2/-1)
x3002c0s1b1n0:4430:8133 [1] NCCL INFO + SYS[5000.0] - CPU/3
x3002c0s1b1n0:4430:8133 [1] NCCL INFO + SYS[5000.0] - CPU/2
x3002c0s1b1n0:4430:8133 [1] NCCL INFO + SYS[5000.0] - CPU/1
x3002c0s1b1n0:4430:8133 [1] NCCL INFO + PCI[24.0] - PCI/C5000 (11f8406811f8beef)
x3002c0s1b1n0:4430:8133 [1] NCCL INFO               + PCI[24.0] - GPU/C7000 (15)
x3002c0s1b1n0:4430:8133 [1] NCCL INFO                             + NVL[88.0] - GPU/85000
x3002c0s1b1n0:4430:8133 [1] NCCL INFO                             + NVL[88.0] - GPU/46000
x3002c0s1b1n0:4430:8133 [1] NCCL INFO                             + NVL[88.0] - GPU/7000
x3002c0s1b1n0:4430:8133 [1] NCCL INFO + PCI[12.0] - NIC/C8000
x3002c0s1b1n0:4430:8133 [1] NCCL INFO               + NET[12.5] - NET/0 (70e604ffffa4e988/1/12.500000)
x3002c0s1b1n0:4430:8133 [1] NCCL INFO ==========================================
x3002c0s1b1n0:4430:8133 [1] NCCL INFO GPU/7000 :GPU/7000 (0/5000.000000/LOC) GPU/46000 (1/88.000000/NVL) GPU/85000 (1/88.000000/NVL) GPU/C7000 (1/88.000000/NVL) CPU/3 (2/24.000000/PHB) CPU/2 (3/24.000000/SYS) CPU/1 (3/24.000000/SYS) CPU/0 (3/24.000000/SYS) NET/1 (5/12.000000/SYS) NET/0 (5/12.000000/SYS) 
x3002c0s1b1n0:4430:8133 [1] NCCL INFO GPU/46000 :GPU/7000 (1/88.000000/NVL) GPU/46000 (0/5000.000000/LOC) GPU/85000 (1/88.000000/NVL) GPU/C7000 (1/88.000000/NVL) CPU/3 (3/24.000000/SYS) CPU/2 (2/24.000000/PHB) CPU/1 (3/24.000000/SYS) CPU/0 (3/24.000000/SYS) NET/1 (4/12.000000/PHB) NET/0 (5/12.000000/SYS) 
x3002c0s1b1n0:4430:8133 [1] NCCL INFO GPU/85000 :GPU/7000 (1/88.000000/NVL) GPU/46000 (1/88.000000/NVL) GPU/85000 (0/5000.000000/LOC) GPU/C7000 (1/88.000000/NVL) CPU/3 (3/24.000000/SYS) CPU/2 (3/24.000000/SYS) CPU/1 (2/24.000000/PHB) CPU/0 (3/24.000000/SYS) NET/1 (5/12.000000/SYS) NET/0 (5/12.000000/SYS) 
x3002c0s1b1n0:4430:8133 [1] NCCL INFO GPU/C7000 :GPU/7000 (1/88.000000/NVL) GPU/46000 (1/88.000000/NVL) GPU/85000 (1/88.000000/NVL) GPU/C7000 (0/5000.000000/LOC) CPU/3 (3/24.000000/SYS) CPU/2 (3/24.000000/SYS) CPU/1 (3/24.000000/SYS) CPU/0 (2/24.000000/PHB) NET/1 (5/12.000000/SYS) NET/0 (4/12.000000/PHB) 
x3002c0s1b1n0:4430:8133 [1] NCCL INFO NET/1 :GPU/7000 (5/12.000000/SYS) GPU/46000 (4/12.000000/PHB) GPU/85000 (5/12.000000/SYS) GPU/C7000 (5/12.000000/SYS) CPU/3 (3/12.000000/SYS) CPU/2 (2/12.000000/PHB) CPU/1 (3/12.000000/SYS) CPU/0 (3/12.000000/SYS) NET/1 (0/5000.000000/LOC) NET/0 (5/12.000000/SYS) 
x3002c0s1b1n0:4430:8133 [1] NCCL INFO NET/0 :GPU/7000 (5/12.000000/SYS) GPU/46000 (5/12.000000/SYS) GPU/85000 (5/12.000000/SYS) GPU/C7000 (4/12.000000/PHB) CPU/3 (3/12.000000/SYS) CPU/2 (3/12.000000/SYS) CPU/1 (3/12.000000/SYS) CPU/0 (2/12.000000/PHB) NET/1 (5/12.000000/SYS) NET/0 (0/5000.000000/LOC) 
x3002c0s1b1n0:4430:8133 [1] NCCL INFO Pattern 4, crossNic 0, nChannels 2, bw 12.000000/12.000000, type NVL/SYS, sameChannels 1
x3002c0s1b1n0:4430:8133 [1] NCCL INFO  0 : NET/1 GPU/13 GPU/12 GPU/14 GPU/15 NET/1
x3002c0s1b1n0:4430:8133 [1] NCCL INFO  1 : NET/0 GPU/13 GPU/12 GPU/14 GPU/15 NET/0
x3002c0s1b1n0:4430:8133 [1] NCCL INFO Pattern 1, crossNic 0, nChannels 2, bw 24.000000/12.000000, type NVL/SYS, sameChannels 1
x3002c0s1b1n0:4430:8133 [1] NCCL INFO  0 : NET/1 GPU/12 GPU/13 GPU/14 GPU/15 NET/1
x3002c0s1b1n0:4430:8133 [1] NCCL INFO  1 : NET/0 GPU/12 GPU/13 GPU/14 GPU/15 NET/0
x3002c0s1b1n0:4430:8133 [1] NCCL INFO Pattern 3, crossNic 0, nChannels 0, bw 0.000000/0.000000, type NVL/PIX, sameChannels 1
x3002c0s1b1n0:4431:8134 [2] NCCL INFO NET/IB : GPU Direct RDMA Enabled for HCA 0 'mlx5_0'
x3002c0s1b1n0:4431:8134 [2] NCCL INFO NET/IB : GPU Direct RDMA Enabled for HCA 1 'mlx5_1'
x3002c0s1b1n0:4431:8134 [2] NCCL INFO GPU Direct RDMA Disabled for GPU 7000 / HCA 1 (distance 7 > 4)
x3002c0s1b1n0:4431:8134 [2] NCCL INFO GPU Direct RDMA Disabled for GPU 46000 / HCA 1 (distance 6 > 4)
x3002c0s1b1n0:4431:8134 [2] NCCL INFO GPU Direct RDMA Disabled for GPU 85000 / HCA 1 (distance 7 > 4)
x3002c0s1b1n0:4431:8134 [2] NCCL INFO GPU Direct RDMA Disabled for GPU c7000 / HCA 1 (distance 7 > 4)
x3002c0s1b1n0:4431:8134 [2] NCCL INFO GPU Direct RDMA Disabled for GPU 7000 / HCA 0 (distance 7 > 4)
x3002c0s1b1n0:4431:8134 [2] NCCL INFO GPU Direct RDMA Disabled for GPU 46000 / HCA 0 (distance 7 > 4)
x3002c0s1b1n0:4431:8134 [2] NCCL INFO GPU Direct RDMA Disabled for GPU 85000 / HCA 0 (distance 7 > 4)
x3002c0s1b1n0:4431:8134 [2] NCCL INFO GPU Direct RDMA Disabled for GPU c7000 / HCA 0 (distance 6 > 4)
x3002c0s1b1n0:4431:8134 [2] NCCL INFO GPU Direct RDMA Disabled for GPU 7000 / HCA 1 (distance 7 > 4)
x3002c0s1b1n0:4431:8134 [2] NCCL INFO GPU Direct RDMA Disabled for GPU 46000 / HCA 1 (distance 6 > 4)
x3002c0s1b1n0:4431:8134 [2] NCCL INFO GPU Direct RDMA Disabled for GPU 85000 / HCA 1 (distance 7 > 4)
x3002c0s1b1n0:4431:8134 [2] NCCL INFO GPU Direct RDMA Disabled for GPU c7000 / HCA 1 (distance 7 > 4)
x3002c0s1b1n0:4431:8134 [2] NCCL INFO GPU Direct RDMA Disabled for GPU 7000 / HCA 0 (distance 7 > 4)
x3002c0s1b1n0:4431:8134 [2] NCCL INFO GPU Direct RDMA Disabled for GPU 46000 / HCA 0 (distance 7 > 4)
x3002c0s1b1n0:4431:8134 [2] NCCL INFO GPU Direct RDMA Disabled for GPU 85000 / HCA 0 (distance 7 > 4)
x3002c0s1b1n0:4431:8134 [2] NCCL INFO GPU Direct RDMA Disabled for GPU c7000 / HCA 0 (distance 6 > 4)
x3002c0s1b1n0:4431:8134 [2] NCCL INFO === System : maxBw 12.0 totalBw 264.0 ===
x3002c0s1b1n0:4431:8134 [2] NCCL INFO CPU/3 (1/2/-1)
x3002c0s1b1n0:4431:8134 [2] NCCL INFO + SYS[5000.0] - CPU/2
x3002c0s1b1n0:4431:8134 [2] NCCL INFO + SYS[5000.0] - CPU/1
x3002c0s1b1n0:4431:8134 [2] NCCL INFO + SYS[5000.0] - CPU/0
x3002c0s1b1n0:4431:8134 [2] NCCL INFO + PCI[24.0] - PCI/5000 (11f8406811f8beef)
x3002c0s1b1n0:4431:8134 [2] NCCL INFO               + PCI[24.0] - GPU/7000 (12)
x3002c0s1b1n0:4431:8134 [2] NCCL INFO                             + NVL[88.0] - GPU/85000
x3002c0s1b1n0:4431:8134 [2] NCCL INFO                             + NVL[88.0] - GPU/C7000
x3002c0s1b1n0:4431:8134 [2] NCCL INFO                             + NVL[88.0] - GPU/46000
x3002c0s1b1n0:4431:8134 [2] NCCL INFO CPU/2 (1/2/-1)
x3002c0s1b1n0:4431:8134 [2] NCCL INFO + SYS[5000.0] - CPU/3
x3002c0s1b1n0:4431:8134 [2] NCCL INFO + SYS[5000.0] - CPU/1
x3002c0s1b1n0:4431:8134 [2] NCCL INFO + SYS[5000.0] - CPU/0
x3002c0s1b1n0:4431:8134 [2] NCCL INFO + PCI[24.0] - PCI/44000 (11f8406811f8beef)
x3002c0s1b1n0:4431:8134 [2] NCCL INFO               + PCI[24.0] - GPU/46000 (13)
x3002c0s1b1n0:4431:8134 [2] NCCL INFO                             + NVL[88.0] - GPU/85000
x3002c0s1b1n0:4431:8134 [2] NCCL INFO                             + NVL[88.0] - GPU/C7000
x3002c0s1b1n0:4431:8134 [2] NCCL INFO                             + NVL[88.0] - GPU/7000
x3002c0s1b1n0:4431:8134 [2] NCCL INFO + PCI[12.0] - NIC/43000
x3002c0s1b1n0:4431:8134 [2] NCCL INFO               + NET[12.5] - NET/1 (5ce604ffffa4e988/1/12.500000)
x3002c0s1b1n0:4431:8134 [2] NCCL INFO CPU/1 (1/2/-1)
x3002c0s1b1n0:4431:8134 [2] NCCL INFO + SYS[5000.0] - CPU/3
x3002c0s1b1n0:4431:8134 [2] NCCL INFO + SYS[5000.0] - CPU/2
x3002c0s1b1n0:4431:8134 [2] NCCL INFO + SYS[5000.0] - CPU/0
x3002c0s1b1n0:4431:8134 [2] NCCL INFO + PCI[24.0] - PCI/83000 (11f8406811f8beef)
x3002c0s1b1n0:4431:8134 [2] NCCL INFO               + PCI[24.0] - GPU/85000 (14)
x3002c0s1b1n0:4431:8134 [2] NCCL INFO                             + NVL[88.0] - GPU/C7000
x3002c0s1b1n0:4431:8134 [2] NCCL INFO                             + NVL[88.0] - GPU/46000
x3002c0s1b1n0:4431:8134 [2] NCCL INFO                             + NVL[88.0] - GPU/7000
x3002c0s1b1n0:4431:8134 [2] NCCL INFO CPU/0 (1/2/-1)
x3002c0s1b1n0:4431:8134 [2] NCCL INFO + SYS[5000.0] - CPU/3
x3002c0s1b1n0:4431:8134 [2] NCCL INFO + SYS[5000.0] - CPU/2
x3002c0s1b1n0:4431:8134 [2] NCCL INFO + SYS[5000.0] - CPU/1
x3002c0s1b1n0:4431:8134 [2] NCCL INFO + PCI[24.0] - PCI/C5000 (11f8406811f8beef)
x3002c0s1b1n0:4431:8134 [2] NCCL INFO               + PCI[24.0] - GPU/C7000 (15)
x3002c0s1b1n0:4431:8134 [2] NCCL INFO                             + NVL[88.0] - GPU/85000
x3002c0s1b1n0:4431:8134 [2] NCCL INFO                             + NVL[88.0] - GPU/46000
x3002c0s1b1n0:4431:8134 [2] NCCL INFO                             + NVL[88.0] - GPU/7000
x3002c0s1b1n0:4431:8134 [2] NCCL INFO + PCI[12.0] - NIC/C8000
x3002c0s1b1n0:4431:8134 [2] NCCL INFO               + NET[12.5] - NET/0 (70e604ffffa4e988/1/12.500000)
x3002c0s1b1n0:4431:8134 [2] NCCL INFO ==========================================
x3002c0s1b1n0:4431:8134 [2] NCCL INFO GPU/7000 :GPU/7000 (0/5000.000000/LOC) GPU/46000 (1/88.000000/NVL) GPU/85000 (1/88.000000/NVL) GPU/C7000 (1/88.000000/NVL) CPU/3 (2/24.000000/PHB) CPU/2 (3/24.000000/SYS) CPU/1 (3/24.000000/SYS) CPU/0 (3/24.000000/SYS) NET/1 (5/12.000000/SYS) NET/0 (5/12.000000/SYS) 
x3002c0s1b1n0:4431:8134 [2] NCCL INFO GPU/46000 :GPU/7000 (1/88.000000/NVL) GPU/46000 (0/5000.000000/LOC) GPU/85000 (1/88.000000/NVL) GPU/C7000 (1/88.000000/NVL) CPU/3 (3/24.000000/SYS) CPU/2 (2/24.000000/PHB) CPU/1 (3/24.000000/SYS) CPU/0 (3/24.000000/SYS) NET/1 (4/12.000000/PHB) NET/0 (5/12.000000/SYS) 
x3002c0s1b1n0:4431:8134 [2] NCCL INFO GPU/85000 :GPU/7000 (1/88.000000/NVL) GPU/46000 (1/88.000000/NVL) GPU/85000 (0/5000.000000/LOC) GPU/C7000 (1/88.000000/NVL) CPU/3 (3/24.000000/SYS) CPU/2 (3/24.000000/SYS) CPU/1 (2/24.000000/PHB) CPU/0 (3/24.000000/SYS) NET/1 (5/12.000000/SYS) NET/0 (5/12.000000/SYS) 
x3002c0s1b1n0:4431:8134 [2] NCCL INFO GPU/C7000 :GPU/7000 (1/88.000000/NVL) GPU/46000 (1/88.000000/NVL) GPU/85000 (1/88.000000/NVL) GPU/C7000 (0/5000.000000/LOC) CPU/3 (3/24.000000/SYS) CPU/2 (3/24.000000/SYS) CPU/1 (3/24.000000/SYS) CPU/0 (2/24.000000/PHB) NET/1 (5/12.000000/SYS) NET/0 (4/12.000000/PHB) 
x3002c0s1b1n0:4431:8134 [2] NCCL INFO NET/1 :GPU/7000 (5/12.000000/SYS) GPU/46000 (4/12.000000/PHB) GPU/85000 (5/12.000000/SYS) GPU/C7000 (5/12.000000/SYS) CPU/3 (3/12.000000/SYS) CPU/2 (2/12.000000/PHB) CPU/1 (3/12.000000/SYS) CPU/0 (3/12.000000/SYS) NET/1 (0/5000.000000/LOC) NET/0 (5/12.000000/SYS) 
x3002c0s1b1n0:4431:8134 [2] NCCL INFO NET/0 :GPU/7000 (5/12.000000/SYS) GPU/46000 (5/12.000000/SYS) GPU/85000 (5/12.000000/SYS) GPU/C7000 (4/12.000000/PHB) CPU/3 (3/12.000000/SYS) CPU/2 (3/12.000000/SYS) CPU/1 (3/12.000000/SYS) CPU/0 (2/12.000000/PHB) NET/1 (5/12.000000/SYS) NET/0 (0/5000.000000/LOC) 
x3002c0s1b1n0:4431:8134 [2] NCCL INFO Pattern 4, crossNic 0, nChannels 2, bw 12.000000/12.000000, type NVL/SYS, sameChannels 1
x3002c0s1b1n0:4431:8134 [2] NCCL INFO  0 : NET/1 GPU/13 GPU/12 GPU/14 GPU/15 NET/1
x3002c0s1b1n0:4431:8134 [2] NCCL INFO  1 : NET/0 GPU/13 GPU/12 GPU/14 GPU/15 NET/0
x3002c0s1b1n0:4431:8134 [2] NCCL INFO Pattern 1, crossNic 0, nChannels 2, bw 24.000000/12.000000, type NVL/SYS, sameChannels 1
x3002c0s1b1n0:4431:8134 [2] NCCL INFO  0 : NET/1 GPU/12 GPU/13 GPU/14 GPU/15 NET/1
x3002c0s1b1n0:4431:8134 [2] NCCL INFO  1 : NET/0 GPU/12 GPU/13 GPU/14 GPU/15 NET/0
x3002c0s1b1n0:4431:8134 [2] NCCL INFO Pattern 3, crossNic 0, nChannels 0, bw 0.000000/0.000000, type NVL/PIX, sameChannels 1
x3002c0s1b1n0:4432:8135 [3] NCCL INFO NET/IB : GPU Direct RDMA Enabled for HCA 0 'mlx5_0'
x3002c0s1b1n0:4432:8135 [3] NCCL INFO NET/IB : GPU Direct RDMA Enabled for HCA 1 'mlx5_1'
x3002c0s1b1n0:4432:8135 [3] NCCL INFO GPU Direct RDMA Disabled for GPU 7000 / HCA 1 (distance 7 > 4)
x3002c0s1b1n0:4432:8135 [3] NCCL INFO GPU Direct RDMA Disabled for GPU 46000 / HCA 1 (distance 6 > 4)
x3002c0s1b1n0:4432:8135 [3] NCCL INFO GPU Direct RDMA Disabled for GPU 85000 / HCA 1 (distance 7 > 4)
x3002c0s1b1n0:4432:8135 [3] NCCL INFO GPU Direct RDMA Disabled for GPU c7000 / HCA 1 (distance 7 > 4)
x3002c0s1b1n0:4432:8135 [3] NCCL INFO GPU Direct RDMA Disabled for GPU 7000 / HCA 0 (distance 7 > 4)
x3002c0s1b1n0:4432:8135 [3] NCCL INFO GPU Direct RDMA Disabled for GPU 46000 / HCA 0 (distance 7 > 4)
x3002c0s1b1n0:4432:8135 [3] NCCL INFO GPU Direct RDMA Disabled for GPU 85000 / HCA 0 (distance 7 > 4)
x3002c0s1b1n0:4432:8135 [3] NCCL INFO GPU Direct RDMA Disabled for GPU c7000 / HCA 0 (distance 6 > 4)
x3002c0s1b1n0:4432:8135 [3] NCCL INFO GPU Direct RDMA Disabled for GPU 7000 / HCA 1 (distance 7 > 4)
x3002c0s1b1n0:4432:8135 [3] NCCL INFO GPU Direct RDMA Disabled for GPU 46000 / HCA 1 (distance 6 > 4)
x3002c0s1b1n0:4432:8135 [3] NCCL INFO GPU Direct RDMA Disabled for GPU 85000 / HCA 1 (distance 7 > 4)
x3002c0s1b1n0:4432:8135 [3] NCCL INFO GPU Direct RDMA Disabled for GPU c7000 / HCA 1 (distance 7 > 4)
x3002c0s1b1n0:4432:8135 [3] NCCL INFO GPU Direct RDMA Disabled for GPU 7000 / HCA 0 (distance 7 > 4)
x3002c0s1b1n0:4432:8135 [3] NCCL INFO GPU Direct RDMA Disabled for GPU 46000 / HCA 0 (distance 7 > 4)
x3002c0s1b1n0:4432:8135 [3] NCCL INFO GPU Direct RDMA Disabled for GPU 85000 / HCA 0 (distance 7 > 4)
x3002c0s1b1n0:4432:8135 [3] NCCL INFO GPU Direct RDMA Disabled for GPU c7000 / HCA 0 (distance 6 > 4)
x3002c0s1b1n0:4432:8135 [3] NCCL INFO === System : maxBw 12.0 totalBw 264.0 ===
x3002c0s1b1n0:4432:8135 [3] NCCL INFO CPU/3 (1/2/-1)
x3002c0s1b1n0:4432:8135 [3] NCCL INFO + SYS[5000.0] - CPU/2
x3002c0s1b1n0:4432:8135 [3] NCCL INFO + SYS[5000.0] - CPU/1
x3002c0s1b1n0:4432:8135 [3] NCCL INFO + SYS[5000.0] - CPU/0
x3002c0s1b1n0:4432:8135 [3] NCCL INFO + PCI[24.0] - PCI/5000 (11f8406811f8beef)
x3002c0s1b1n0:4432:8135 [3] NCCL INFO               + PCI[24.0] - GPU/7000 (12)
x3002c0s1b1n0:4432:8135 [3] NCCL INFO                             + NVL[88.0] - GPU/85000
x3002c0s1b1n0:4432:8135 [3] NCCL INFO                             + NVL[88.0] - GPU/C7000
x3002c0s1b1n0:4432:8135 [3] NCCL INFO                             + NVL[88.0] - GPU/46000
x3002c0s1b1n0:4432:8135 [3] NCCL INFO CPU/2 (1/2/-1)
x3002c0s1b1n0:4432:8135 [3] NCCL INFO + SYS[5000.0] - CPU/3
x3002c0s1b1n0:4432:8135 [3] NCCL INFO + SYS[5000.0] - CPU/1
x3002c0s1b1n0:4432:8135 [3] NCCL INFO + SYS[5000.0] - CPU/0
x3002c0s1b1n0:4432:8135 [3] NCCL INFO + PCI[24.0] - PCI/44000 (11f8406811f8beef)
x3002c0s1b1n0:4432:8135 [3] NCCL INFO               + PCI[24.0] - GPU/46000 (13)
x3002c0s1b1n0:4432:8135 [3] NCCL INFO                             + NVL[88.0] - GPU/85000
x3002c0s1b1n0:4432:8135 [3] NCCL INFO                             + NVL[88.0] - GPU/C7000
x3002c0s1b1n0:4432:8135 [3] NCCL INFO                             + NVL[88.0] - GPU/7000
x3002c0s1b1n0:4432:8135 [3] NCCL INFO + PCI[12.0] - NIC/43000
x3002c0s1b1n0:4432:8135 [3] NCCL INFO               + NET[12.5] - NET/1 (5ce604ffffa4e988/1/12.500000)
x3002c0s1b1n0:4432:8135 [3] NCCL INFO CPU/1 (1/2/-1)
x3002c0s1b1n0:4432:8135 [3] NCCL INFO + SYS[5000.0] - CPU/3
x3002c0s1b1n0:4432:8135 [3] NCCL INFO + SYS[5000.0] - CPU/2
x3002c0s1b1n0:4432:8135 [3] NCCL INFO + SYS[5000.0] - CPU/0
x3002c0s1b1n0:4432:8135 [3] NCCL INFO + PCI[24.0] - PCI/83000 (11f8406811f8beef)
x3002c0s1b1n0:4432:8135 [3] NCCL INFO               + PCI[24.0] - GPU/85000 (14)
x3002c0s1b1n0:4432:8135 [3] NCCL INFO                             + NVL[88.0] - GPU/C7000
x3002c0s1b1n0:4432:8135 [3] NCCL INFO                             + NVL[88.0] - GPU/46000
x3002c0s1b1n0:4432:8135 [3] NCCL INFO                             + NVL[88.0] - GPU/7000
x3002c0s1b1n0:4432:8135 [3] NCCL INFO CPU/0 (1/2/-1)
x3002c0s1b1n0:4432:8135 [3] NCCL INFO + SYS[5000.0] - CPU/3
x3002c0s1b1n0:4432:8135 [3] NCCL INFO + SYS[5000.0] - CPU/2
x3002c0s1b1n0:4432:8135 [3] NCCL INFO + SYS[5000.0] - CPU/1
x3002c0s1b1n0:4432:8135 [3] NCCL INFO + PCI[24.0] - PCI/C5000 (11f8406811f8beef)
x3002c0s1b1n0:4432:8135 [3] NCCL INFO               + PCI[24.0] - GPU/C7000 (15)
x3002c0s1b1n0:4432:8135 [3] NCCL INFO                             + NVL[88.0] - GPU/85000
x3002c0s1b1n0:4432:8135 [3] NCCL INFO                             + NVL[88.0] - GPU/46000
x3002c0s1b1n0:4432:8135 [3] NCCL INFO                             + NVL[88.0] - GPU/7000
x3002c0s1b1n0:4432:8135 [3] NCCL INFO + PCI[12.0] - NIC/C8000
x3002c0s1b1n0:4432:8135 [3] NCCL INFO               + NET[12.5] - NET/0 (70e604ffffa4e988/1/12.500000)
x3002c0s1b1n0:4432:8135 [3] NCCL INFO ==========================================
x3002c0s1b1n0:4432:8135 [3] NCCL INFO GPU/7000 :GPU/7000 (0/5000.000000/LOC) GPU/46000 (1/88.000000/NVL) GPU/85000 (1/88.000000/NVL) GPU/C7000 (1/88.000000/NVL) CPU/3 (2/24.000000/PHB) CPU/2 (3/24.000000/SYS) CPU/1 (3/24.000000/SYS) CPU/0 (3/24.000000/SYS) NET/1 (5/12.000000/SYS) NET/0 (5/12.000000/SYS) 
x3002c0s1b1n0:4432:8135 [3] NCCL INFO GPU/46000 :GPU/7000 (1/88.000000/NVL) GPU/46000 (0/5000.000000/LOC) GPU/85000 (1/88.000000/NVL) GPU/C7000 (1/88.000000/NVL) CPU/3 (3/24.000000/SYS) CPU/2 (2/24.000000/PHB) CPU/1 (3/24.000000/SYS) CPU/0 (3/24.000000/SYS) NET/1 (4/12.000000/PHB) NET/0 (5/12.000000/SYS) 
x3002c0s1b1n0:4432:8135 [3] NCCL INFO GPU/85000 :GPU/7000 (1/88.000000/NVL) GPU/46000 (1/88.000000/NVL) GPU/85000 (0/5000.000000/LOC) GPU/C7000 (1/88.000000/NVL) CPU/3 (3/24.000000/SYS) CPU/2 (3/24.000000/SYS) CPU/1 (2/24.000000/PHB) CPU/0 (3/24.000000/SYS) NET/1 (5/12.000000/SYS) NET/0 (5/12.000000/SYS) 
x3002c0s1b1n0:4432:8135 [3] NCCL INFO GPU/C7000 :GPU/7000 (1/88.000000/NVL) GPU/46000 (1/88.000000/NVL) GPU/85000 (1/88.000000/NVL) GPU/C7000 (0/5000.000000/LOC) CPU/3 (3/24.000000/SYS) CPU/2 (3/24.000000/SYS) CPU/1 (3/24.000000/SYS) CPU/0 (2/24.000000/PHB) NET/1 (5/12.000000/SYS) NET/0 (4/12.000000/PHB) 
x3002c0s1b1n0:4432:8135 [3] NCCL INFO NET/1 :GPU/7000 (5/12.000000/SYS) GPU/46000 (4/12.000000/PHB) GPU/85000 (5/12.000000/SYS) GPU/C7000 (5/12.000000/SYS) CPU/3 (3/12.000000/SYS) CPU/2 (2/12.000000/PHB) CPU/1 (3/12.000000/SYS) CPU/0 (3/12.000000/SYS) NET/1 (0/5000.000000/LOC) NET/0 (5/12.000000/SYS) 
x3002c0s1b1n0:4432:8135 [3] NCCL INFO NET/0 :GPU/7000 (5/12.000000/SYS) GPU/46000 (5/12.000000/SYS) GPU/85000 (5/12.000000/SYS) GPU/C7000 (4/12.000000/PHB) CPU/3 (3/12.000000/SYS) CPU/2 (3/12.000000/SYS) CPU/1 (3/12.000000/SYS) CPU/0 (2/12.000000/PHB) NET/1 (5/12.000000/SYS) NET/0 (0/5000.000000/LOC) 
x3002c0s1b1n0:4432:8135 [3] NCCL INFO Setting affinity for GPU 3 to 01
x3002c0s1b1n0:4432:8135 [3] NCCL INFO Pattern 4, crossNic 0, nChannels 2, bw 12.000000/12.000000, type NVL/SYS, sameChannels 1
x3002c0s1b1n0:4432:8135 [3] NCCL INFO  0 : NET/1 GPU/13 GPU/12 GPU/14 GPU/15 NET/1
x3002c0s1b1n0:4432:8135 [3] NCCL INFO  1 : NET/0 GPU/13 GPU/12 GPU/14 GPU/15 NET/0
x3002c0s1b1n0:4432:8135 [3] NCCL INFO Pattern 1, crossNic 0, nChannels 2, bw 24.000000/12.000000, type NVL/SYS, sameChannels 1
x3002c0s1b1n0:4432:8135 [3] NCCL INFO  0 : NET/1 GPU/12 GPU/13 GPU/14 GPU/15 NET/1
x3002c0s1b1n0:4432:8135 [3] NCCL INFO  1 : NET/0 GPU/12 GPU/13 GPU/14 GPU/15 NET/0
x3002c0s1b1n0:4432:8135 [3] NCCL INFO Pattern 3, crossNic 0, nChannels 0, bw 0.000000/0.000000, type NVL/PIX, sameChannels 1
x3002c0s1b1n0:4429:8132 [0] NCCL INFO Tree 0 : 8 -> 12 -> 13/-1/-1
x3002c0s1b1n0:4429:8132 [0] NCCL INFO Tree 2 : 5 -> 12 -> 13/8/-1
x3002c0s1b1n0:4429:8132 [0] NCCL INFO Tree 1 : 8 -> 12 -> 13/-1/-1
x3002c0s1b1n0:4429:8132 [0] NCCL INFO Tree 3 : 5 -> 12 -> 13/8/-1
x3002c0s1b1n0:4429:8132 [0] NCCL INFO Ring 00 : 13 -> 12 -> 14
x3002c0s1b1n0:4429:8132 [0] NCCL INFO Ring 01 : 13 -> 12 -> 14
x3002c0s1b1n0:4429:8132 [0] NCCL INFO Ring 02 : 13 -> 12 -> 14
x3002c0s1b1n0:4429:8132 [0] NCCL INFO Ring 03 : 13 -> 12 -> 14
x3002c0s1b1n0:4429:8132 [0] NCCL INFO Trees [0] 13/-1/-1->12->8 [1] 13/-1/-1->12->8 [2] 13/8/-1->12->5 [3] 13/8/-1->12->5
x3002c0s1b1n0:4429:8132 [0] NCCL INFO misc/utils.cc:235 memory stack hunk malloc(65536)
x3002c0s1b1n0:4429:8132 [0] NCCL INFO channel.cc:23 Cuda Alloc Size 9600 pointer 0x1458bf80b600
x3002c0s1b1n0:4429:8132 [0] NCCL INFO channel.cc:27 Cuda Alloc Size 96 pointer 0x1458bf80dc00
x3002c0s1b1n0:4429:8132 [0] NCCL INFO channel.cc:23 Cuda Alloc Size 9600 pointer 0x1458bf80de00
x3002c0s1b1n0:4429:8132 [0] NCCL INFO channel.cc:27 Cuda Alloc Size 96 pointer 0x1458bf810400
x3002c0s1b1n0:4429:8132 [0] NCCL INFO channel.cc:23 Cuda Alloc Size 9600 pointer 0x1458bf810600
x3002c0s1b1n0:4429:8132 [0] NCCL INFO channel.cc:27 Cuda Alloc Size 96 pointer 0x1458bf812c00
x3002c0s1b1n0:4429:8132 [0] NCCL INFO channel.cc:23 Cuda Alloc Size 9600 pointer 0x1458bf812e00
x3002c0s1b1n0:4429:8132 [0] NCCL INFO channel.cc:27 Cuda Alloc Size 96 pointer 0x1458bf815400
x3002c0s1b1n0:4429:8132 [0] NCCL INFO Channel 00/0 : 12[7000] -> 14[85000] via P2P/IPC/read
x3002c0s1b1n0:4430:8133 [1] NCCL INFO Tree 0 : 12 -> 13 -> 14/-1/-1
x3002c0s1b1n0:4430:8133 [1] NCCL INFO Tree 2 : 12 -> 13 -> 14/16/-1
x3002c0s1b1n0:4430:8133 [1] NCCL INFO Tree 1 : 12 -> 13 -> 14/-1/-1
x3002c0s1b1n0:4430:8133 [1] NCCL INFO Tree 3 : 12 -> 13 -> 14/16/-1
x3002c0s1b1n0:4430:8133 [1] NCCL INFO Ring 00 : 11 -> 13 -> 12
x3002c0s1b1n0:4430:8133 [1] NCCL INFO Ring 01 : 11 -> 13 -> 12
x3002c0s1b1n0:4430:8133 [1] NCCL INFO Ring 02 : 11 -> 13 -> 12
x3002c0s1b1n0:4430:8133 [1] NCCL INFO Ring 03 : 11 -> 13 -> 12
x3002c0s1b1n0:4430:8133 [1] NCCL INFO Trees [0] 14/-1/-1->13->12 [1] 14/-1/-1->13->12 [2] 14/16/-1->13->12 [3] 14/16/-1->13->12
x3002c0s1b1n0:4430:8133 [1] NCCL INFO misc/utils.cc:235 memory stack hunk malloc(65536)
x3002c0s1b1n0:4430:8133 [1] NCCL INFO channel.cc:23 Cuda Alloc Size 9600 pointer 0x15146780b600
x3002c0s1b1n0:4430:8133 [1] NCCL INFO channel.cc:27 Cuda Alloc Size 96 pointer 0x15146780dc00
x3002c0s1b1n0:4430:8133 [1] NCCL INFO channel.cc:23 Cuda Alloc Size 9600 pointer 0x15146780de00
x3002c0s1b1n0:4430:8133 [1] NCCL INFO channel.cc:27 Cuda Alloc Size 96 pointer 0x151467810400
x3002c0s1b1n0:4430:8133 [1] NCCL INFO channel.cc:23 Cuda Alloc Size 9600 pointer 0x151467810600
x3002c0s1b1n0:4430:8133 [1] NCCL INFO channel.cc:27 Cuda Alloc Size 96 pointer 0x151467812c00
x3002c0s1b1n0:4430:8133 [1] NCCL INFO channel.cc:23 Cuda Alloc Size 9600 pointer 0x151467812e00
x3002c0s1b1n0:4430:8133 [1] NCCL INFO channel.cc:27 Cuda Alloc Size 96 pointer 0x151467815400
x3002c0s1b1n0:4430:8133 [1] NCCL INFO GPU Direct RDMA Disabled for GPU 46000 / HCA 1 (distance 6 > 4)
x3002c0s1b1n0:4429:8281 [0] NCCL INFO Mem Realloc old size 0, new size 8 pointer 0x145870000c60
x3002c0s1b1n0:4430:8282 [1] NCCL INFO Mem Realloc old size 0, new size 8 pointer 0x151418000c60
x3002c0s1b1n0:4430:8282 [1] NCCL INFO Allocated 4194656 bytes of shared memory in /dev/shm/nccl-C2xOrb

x3002c0s1b1n0:4430:8282 [1] NCCL INFO New proxy recv connection 0 from local rank 1, transport 2
x3002c0s1b1n0:4429:8281 [0] NCCL INFO New proxy send connection 0 from local rank 0, transport 0
x3002c0s1b1n0:4431:8134 [2] NCCL INFO Ring 00 : 12 -> 14 -> 15
x3002c0s1b1n0:4431:8134 [2] NCCL INFO Ring 01 : 12 -> 14 -> 15
x3002c0s1b1n0:4431:8134 [2] NCCL INFO Ring 02 : 12 -> 14 -> 15
x3002c0s1b1n0:4431:8134 [2] NCCL INFO Ring 03 : 12 -> 14 -> 15
x3002c0s1b1n0:4431:8134 [2] NCCL INFO Trees [0] 15/-1/-1->14->13 [1] 15/-1/-1->14->13 [2] 15/-1/-1->14->13 [3] 15/-1/-1->14->13
x3002c0s1b1n0:4431:8134 [2] NCCL INFO misc/utils.cc:235 memory stack hunk malloc(65536)
x3002c0s1b1n0:4431:8134 [2] NCCL INFO channel.cc:23 Cuda Alloc Size 9600 pointer 0x15274be0b600
x3002c0s1b1n0:4431:8134 [2] NCCL INFO channel.cc:27 Cuda Alloc Size 96 pointer 0x15274be0dc00
x3002c0s1b1n0:4431:8134 [2] NCCL INFO channel.cc:23 Cuda Alloc Size 9600 pointer 0x15274be0de00
x3002c0s1b1n0:4431:8134 [2] NCCL INFO channel.cc:27 Cuda Alloc Size 96 pointer 0x15274be10400
x3002c0s1b1n0:4431:8134 [2] NCCL INFO channel.cc:23 Cuda Alloc Size 9600 pointer 0x15274be10600
x3002c0s1b1n0:4431:8134 [2] NCCL INFO channel.cc:27 Cuda Alloc Size 96 pointer 0x15274be12c00
x3002c0s1b1n0:4431:8134 [2] NCCL INFO channel.cc:23 Cuda Alloc Size 9600 pointer 0x15274be12e00
x3002c0s1b1n0:4431:8134 [2] NCCL INFO channel.cc:27 Cuda Alloc Size 96 pointer 0x15274be15400
x3002c0s1b1n0:4431:8134 [2] NCCL INFO Channel 00/0 : 14[85000] -> 15[c7000] via P2P/IPC/read
x3002c0s1b1n0:4431:8289 [2] NCCL INFO Mem Realloc old size 0, new size 8 pointer 0x1526e0000c60
x3002c0s1b1n0:4431:8289 [2] NCCL INFO New proxy send connection 0 from local rank 2, transport 0
x3002c0s1b1n0:4431:8134 [2] NCCL INFO Connection to proxy localRank 2 -> connection 0x1526e0000c80
x3002c0s1b1n0:4431:8289 [2] NCCL INFO transport/p2p.cc:430 Cuda Alloc Size 6291456 pointer 0x152729c00000
x3002c0s1b1n0:4430:8133 [1] NCCL INFO Connection to proxy localRank 1 -> connection 0x151418000c80
x3002c0s1b1n0:4429:8132 [0] NCCL INFO Connection to proxy localRank 0 -> connection 0x145870000c80
x3002c0s1b1n0:4431:8134 [2] NCCL INFO Channel 01/0 : 14[85000] -> 15[c7000] via P2P/IPC/read
x3002c0s1b1n0:4431:8289 [2] NCCL INFO New proxy send connection 1 from local rank 2, transport 0
x3002c0s1b1n0:4432:8135 [3] NCCL INFO Ring 00 : 14 -> 15 -> 17
x3002c0s1b1n0:4432:8135 [3] NCCL INFO Ring 01 : 14 -> 15 -> 17
x3002c0s1b1n0:4432:8135 [3] NCCL INFO Ring 02 : 14 -> 15 -> 17
x3002c0s1b1n0:4432:8135 [3] NCCL INFO Ring 03 : 14 -> 15 -> 17
x3002c0s1b1n0:4432:8135 [3] NCCL INFO Trees [0] -1/-1/-1->15->14 [1] -1/-1/-1->15->14 [2] -1/-1/-1->15->14 [3] -1/-1/-1->15->14
x3002c0s1b1n0:4432:8135 [3] NCCL INFO misc/utils.cc:235 memory stack hunk malloc(65536)
x3002c0s1b1n0:4432:8135 [3] NCCL INFO channel.cc:23 Cuda Alloc Size 9600 pointer 0x14ebcf80b600
x3002c0s1b1n0:4432:8135 [3] NCCL INFO channel.cc:27 Cuda Alloc Size 96 pointer 0x14ebcf80dc00
x3002c0s1b1n0:4432:8135 [3] NCCL INFO channel.cc:23 Cuda Alloc Size 9600 pointer 0x14ebcf80de00
x3002c0s1b1n0:4432:8135 [3] NCCL INFO channel.cc:27 Cuda Alloc Size 96 pointer 0x14ebcf810400
x3002c0s1b1n0:4432:8135 [3] NCCL INFO channel.cc:23 Cuda Alloc Size 9600 pointer 0x14ebcf810600
x3002c0s1b1n0:4432:8135 [3] NCCL INFO channel.cc:27 Cuda Alloc Size 96 pointer 0x14ebcf812c00
x3002c0s1b1n0:4432:8135 [3] NCCL INFO channel.cc:23 Cuda Alloc Size 9600 pointer 0x14ebcf812e00
x3002c0s1b1n0:4432:8135 [3] NCCL INFO channel.cc:27 Cuda Alloc Size 96 pointer 0x14ebcf815400
x3002c0s1b1n0:4429:8281 [0] NCCL INFO transport/p2p.cc:430 Cuda Alloc Size 6291456 pointer 0x1458dc600000
x3002c0s1b1n0:4430:8133 [1] NCCL INFO Channel 00/0 : 11[c7000] -> 13[46000] [receive] via NET/IB/1
x3002c0s1b1n0:4430:8133 [1] NCCL INFO GPU Direct RDMA Disabled for GPU 46000 / HCA 0 (distance 7 > 4)
x3002c0s1b1n0:4430:8282 [1] NCCL INFO New proxy recv connection 1 from local rank 1, transport 2
x3002c0s1b1n0:4432:8295 [3] NCCL INFO Mem Realloc old size 0, new size 8 pointer 0x14eb90000c60
x3002c0s1b1n0:4432:8295 [3] NCCL INFO New proxy recv connection 0 from local rank 3, transport 0
x3002c0s1b1n0:4432:8135 [3] NCCL INFO Connection to proxy localRank 3 -> connection 0x14eb90000c80
x3002c0s1b1n0:4432:8295 [3] NCCL INFO transport/p2p.cc:449 Cuda Alloc Size 6291456 pointer 0x14ebec600000
x3002c0s1b1n0:4429:8132 [0] NCCL INFO Channel 01/0 : 12[7000] -> 14[85000] via P2P/IPC/read
x3002c0s1b1n0:4429:8281 [0] NCCL INFO New proxy send connection 1 from local rank 0, transport 0
x3002c0s1b1n0:4431:8134 [2] NCCL INFO Connection to proxy localRank 2 -> connection 0x1526e0000cc0
x3002c0s1b1n0:4431:8289 [2] NCCL INFO transport/p2p.cc:430 Cuda Alloc Size 6291456 pointer 0x15272a200000
x3002c0s1b1n0:4429:8132 [0] NCCL INFO Connection to proxy localRank 0 -> connection 0x145870000cc0
x3002c0s1b1n0:4430:8133 [1] NCCL INFO Connection to proxy localRank 1 -> connection 0x151418000cc0
x3002c0s1b1n0:4431:8134 [2] NCCL INFO Channel 02/0 : 14[85000] -> 15[c7000] via P2P/IPC/read
x3002c0s1b1n0:4431:8289 [2] NCCL INFO New proxy send connection 2 from local rank 2, transport 0
x3002c0s1b1n0:4429:8281 [0] NCCL INFO transport/p2p.cc:430 Cuda Alloc Size 6291456 pointer 0x1458dcc00000
x3002c0s1b1n0:4432:8295 [3] NCCL INFO New proxy recv connection 1 from local rank 3, transport 0
x3002c0s1b1n0:4429:8132 [0] NCCL INFO Channel 02/0 : 12[7000] -> 14[85000] via P2P/IPC/read
x3002c0s1b1n0:4429:8281 [0] NCCL INFO New proxy send connection 2 from local rank 0, transport 0
x3002c0s1b1n0:4430:8133 [1] NCCL INFO Channel 01/0 : 11[c7000] -> 13[46000] [receive] via NET/IB/0
x3002c0s1b1n0:4430:8133 [1] NCCL INFO GPU Direct RDMA Disabled for GPU 46000 / HCA 1 (distance 6 > 4)
x3002c0s1b1n0:4430:8282 [1] NCCL INFO New proxy recv connection 2 from local rank 1, transport 2
x3002c0s1b1n0:4431:8134 [2] NCCL INFO Connection to proxy localRank 2 -> connection 0x1526e0000d00
x3002c0s1b1n0:4431:8289 [2] NCCL INFO transport/p2p.cc:430 Cuda Alloc Size 6291456 pointer 0x15272a800000
x3002c0s1b1n0:4429:8132 [0] NCCL INFO Connection to proxy localRank 0 -> connection 0x145870000d00
x3002c0s1b1n0:4429:8281 [0] NCCL INFO transport/p2p.cc:430 Cuda Alloc Size 6291456 pointer 0x1458dd200000
x3002c0s1b1n0:4432:8135 [3] NCCL INFO Connection to proxy localRank 3 -> connection 0x14eb90000cc0
x3002c0s1b1n0:4432:8295 [3] NCCL INFO transport/p2p.cc:449 Cuda Alloc Size 6291456 pointer 0x14ebecc00000
x3002c0s1b1n0:4431:8134 [2] NCCL INFO Channel 03/0 : 14[85000] -> 15[c7000] via P2P/IPC/read
x3002c0s1b1n0:4431:8289 [2] NCCL INFO New proxy send connection 3 from local rank 2, transport 0
x3002c0s1b1n0:4430:8133 [1] NCCL INFO Connection to proxy localRank 1 -> connection 0x151418000d00
x3002c0s1b1n0:4429:8132 [0] NCCL INFO Channel 03/0 : 12[7000] -> 14[85000] via P2P/IPC/read
x3002c0s1b1n0:4429:8281 [0] NCCL INFO New proxy send connection 3 from local rank 0, transport 0
x3002c0s1b1n0:4429:8132 [0] NCCL INFO Connection to proxy localRank 0 -> connection 0x145870000d40
x3002c0s1b1n0:4432:8295 [3] NCCL INFO New proxy recv connection 2 from local rank 3, transport 0
x3002c0s1b1n0:4431:8134 [2] NCCL INFO Connection to proxy localRank 2 -> connection 0x1526e0000d40
x3002c0s1b1n0:4430:8133 [1] NCCL INFO Channel 02/0 : 11[c7000] -> 13[46000] [receive] via NET/IB/1
x3002c0s1b1n0:4430:8133 [1] NCCL INFO GPU Direct RDMA Disabled for GPU 46000 / HCA 0 (distance 7 > 4)
x3002c0s1b1n0:4430:8282 [1] NCCL INFO New proxy recv connection 3 from local rank 1, transport 2
x3002c0s1b1n0:4432:8135 [3] NCCL INFO Connection to proxy localRank 3 -> connection 0x14eb90000d00
x3002c0s1b1n0:4432:8295 [3] NCCL INFO transport/p2p.cc:449 Cuda Alloc Size 6291456 pointer 0x14ebed200000
x3002c0s1b1n0:4430:8133 [1] NCCL INFO Connection to proxy localRank 1 -> connection 0x151418000d40
x3002c0s1b1n0:4431:8289 [2] NCCL INFO transport/p2p.cc:430 Cuda Alloc Size 6291456 pointer 0x15272ae00000
x3002c0s1b1n0:4432:8295 [3] NCCL INFO New proxy recv connection 3 from local rank 3, transport 0
x3002c0s1b1n0:4429:8281 [0] NCCL INFO transport/p2p.cc:430 Cuda Alloc Size 6291456 pointer 0x1458dd800000
x3002c0s1b1n0:4430:8133 [1] NCCL INFO Channel 03/0 : 11[c7000] -> 13[46000] [receive] via NET/IB/0
x3002c0s1b1n0:4432:8135 [3] NCCL INFO Connection to proxy localRank 3 -> connection 0x14eb90000d40
x3002c0s1b1n0:4432:8295 [3] NCCL INFO transport/p2p.cc:449 Cuda Alloc Size 6291456 pointer 0x14ebed800000
x3002c0s1b1n0:4432:8135 [3] NCCL INFO GPU Direct RDMA Disabled for GPU c7000 / HCA 1 (distance 7 > 4)
x3002c0s1b1n0:4431:8289 [2] NCCL INFO New proxy recv connection 4 from local rank 2, transport 0
x3002c0s1b1n0:4432:8295 [3] NCCL INFO Allocated 4194656 bytes of shared memory in /dev/shm/nccl-Bamfsk

x3002c0s1b1n0:4432:8295 [3] NCCL INFO New proxy send connection 4 from local rank 3, transport 2
x3002c0s1b1n0:4431:8134 [2] NCCL INFO Connection to proxy localRank 2 -> connection 0x1526e0000d80
x3002c0s1b1n0:4431:8289 [2] NCCL INFO transport/p2p.cc:449 Cuda Alloc Size 6291456 pointer 0x15272cc00000
x3002c0s1b1n0:4431:8289 [2] NCCL INFO New proxy recv connection 5 from local rank 2, transport 0
x3002c0s1b1n0:4432:8135 [3] NCCL INFO Connection to proxy localRank 3 -> connection 0x14eb90000d80
x3002c0s1b1n0:4432:8135 [3] NCCL INFO Channel 00/0 : 15[c7000] -> 17[46000] [send] via NET/IB/1
x3002c0s1b1n0:4432:8135 [3] NCCL INFO GPU Direct RDMA Disabled for GPU c7000 / HCA 0 (distance 6 > 4)
x3002c0s1b1n0:4432:8295 [3] NCCL INFO New proxy send connection 5 from local rank 3, transport 2
x3002c0s1b1n0:4431:8134 [2] NCCL INFO Connection to proxy localRank 2 -> connection 0x1526e0000dc0
x3002c0s1b1n0:4431:8289 [2] NCCL INFO transport/p2p.cc:449 Cuda Alloc Size 6291456 pointer 0x15272d200000
x3002c0s1b1n0:4432:8135 [3] NCCL INFO Connection to proxy localRank 3 -> connection 0x14eb90000dc0
x3002c0s1b1n0:4432:8135 [3] NCCL INFO Channel 01/0 : 15[c7000] -> 17[46000] [send] via NET/IB/0
x3002c0s1b1n0:4432:8135 [3] NCCL INFO GPU Direct RDMA Disabled for GPU c7000 / HCA 1 (distance 7 > 4)
x3002c0s1b1n0:4432:8295 [3] NCCL INFO New proxy send connection 6 from local rank 3, transport 2
x3002c0s1b1n0:4432:8135 [3] NCCL INFO Connection to proxy localRank 3 -> connection 0x14eb90000e00
x3002c0s1b1n0:4432:8135 [3] NCCL INFO Channel 02/0 : 15[c7000] -> 17[46000] [send] via NET/IB/1
x3002c0s1b1n0:4432:8135 [3] NCCL INFO GPU Direct RDMA Disabled for GPU c7000 / HCA 0 (distance 6 > 4)
x3002c0s1b1n0:4432:8295 [3] NCCL INFO New proxy send connection 7 from local rank 3, transport 2
x3002c0s1b1n0:4431:8289 [2] NCCL INFO New proxy recv connection 6 from local rank 2, transport 0
x3002c0s1b1n0:4430:8282 [1] NCCL INFO transport/net_ib.cc:683 Ib Alloc Size 21688 pointer 0x15141801d000
x3002c0s1b1n0:4430:8282 [1] NCCL INFO transport/net_ib.cc:696 Ib Alloc Size 552 pointer 0x151418024000
x3002c0s1b1n0:4432:8135 [3] NCCL INFO Connection to proxy localRank 3 -> connection 0x14eb90000e40
x3002c0s1b1n0:4432:8135 [3] NCCL INFO Channel 03/0 : 15[c7000] -> 17[46000] [send] via NET/IB/0
x3002c0s1b1n0:4432:8295 [3] NCCL INFO transport/net_ib.cc:596 Ib Alloc Size 26560 pointer 0x14eb90020000
x3002c0s1b1n0:4431:8134 [2] NCCL INFO Connection to proxy localRank 2 -> connection 0x1526e0000e00
x3002c0s1b1n0:4430:8282 [1] NCCL INFO transport/net_ib.cc:771 Ib Alloc Size 552 pointer 0x151418041000
x3002c0s1b1n0:4430:8282 [1] NCCL INFO transport/net.cc:698 Cuda Host Alloc Size 9641984 pointer 0x151482e00000
x3002c0s1b1n0:4431:8289 [2] NCCL INFO transport/p2p.cc:449 Cuda Alloc Size 6291456 pointer 0x15272d800000
x3002c0s1b1n0:4432:8295 [3] NCCL INFO NET/IB: Dev 1 Port 1 qpn 47576 mtu 5 GID 0 (80FE/EF0000FEFF000000)
x3002c0s1b1n0:4432:8295 [3] NCCL INFO transport/net_ib.cc:653 Ib Alloc Size 552 pointer 0x14eb90038000
x3002c0s1b1n0:4432:8295 [3] NCCL INFO transport/net.cc:571 Cuda Host Alloc Size 9641984 pointer 0x14ebef600000
x3002c0s1b1n0:4430:8282 [1] NCCL INFO transport/net_ib.cc:683 Ib Alloc Size 21688 pointer 0x151418043000
x3002c0s1b1n0:4430:8282 [1] NCCL INFO transport/net_ib.cc:696 Ib Alloc Size 552 pointer 0x15141804a000
x3002c0s1b1n0:4432:8295 [3] NCCL INFO transport/net_ib.cc:596 Ib Alloc Size 26560 pointer 0x14eb9003a000
x3002c0s1b1n0:4432:8295 [3] NCCL INFO NET/IB: Dev 0 Port 1 qpn 48748 mtu 5 GID 0 (80FE/AA0000FEFF000000)
x3002c0s1b1n0:4432:8295 [3] NCCL INFO transport/net_ib.cc:653 Ib Alloc Size 552 pointer 0x14eb90051000
x3002c0s1b1n0:4432:8295 [3] NCCL INFO transport/net.cc:571 Cuda Host Alloc Size 9641984 pointer 0x14ebf0000000
x3002c0s1b1n0:4431:8289 [2] NCCL INFO New proxy recv connection 7 from local rank 2, transport 0
x3002c0s1b1n0:4430:8282 [1] NCCL INFO transport/net_ib.cc:771 Ib Alloc Size 552 pointer 0x151418065000
x3002c0s1b1n0:4430:8282 [1] NCCL INFO transport/net.cc:698 Cuda Host Alloc Size 9641984 pointer 0x151483800000
x3002c0s1b1n0:4430:8282 [1] NCCL INFO transport/net_ib.cc:683 Ib Alloc Size 21688 pointer 0x151418067000
x3002c0s1b1n0:4430:8282 [1] NCCL INFO transport/net_ib.cc:696 Ib Alloc Size 552 pointer 0x15141806e000
x3002c0s1b1n0:4432:8295 [3] NCCL INFO transport/net_ib.cc:596 Ib Alloc Size 26560 pointer 0x14eb90053000
x3002c0s1b1n0:4430:8282 [1] NCCL INFO transport/net_ib.cc:771 Ib Alloc Size 552 pointer 0x151418089000
x3002c0s1b1n0:4430:8282 [1] NCCL INFO transport/net.cc:698 Cuda Host Alloc Size 9641984 pointer 0x151484200000
x3002c0s1b1n0:4431:8134 [2] NCCL INFO Connection to proxy localRank 2 -> connection 0x1526e0000e40
x3002c0s1b1n0:4431:8289 [2] NCCL INFO transport/p2p.cc:449 Cuda Alloc Size 6291456 pointer 0x15272de00000
x3002c0s1b1n0:4432:8295 [3] NCCL INFO NET/IB: Dev 1 Port 1 qpn 47579 mtu 5 GID 0 (80FE/EF0000FEFF000000)
x3002c0s1b1n0:4432:8295 [3] NCCL INFO transport/net_ib.cc:653 Ib Alloc Size 552 pointer 0x14eb9006a000
x3002c0s1b1n0:4432:8295 [3] NCCL INFO transport/net.cc:571 Cuda Host Alloc Size 9641984 pointer 0x14ebf0a00000
x3002c0s1b1n0:4430:8282 [1] NCCL INFO transport/net_ib.cc:683 Ib Alloc Size 21688 pointer 0x15141808b000
x3002c0s1b1n0:4430:8282 [1] NCCL INFO transport/net_ib.cc:696 Ib Alloc Size 552 pointer 0x151418092000
x3002c0s1b1n0:4432:8295 [3] NCCL INFO transport/net_ib.cc:596 Ib Alloc Size 26560 pointer 0x14eb9006c000
x3002c0s1b1n0:4430:8282 [1] NCCL INFO transport/net_ib.cc:771 Ib Alloc Size 552 pointer 0x1514180ad000
x3002c0s1b1n0:4430:8282 [1] NCCL INFO transport/net.cc:698 Cuda Host Alloc Size 9641984 pointer 0x151484c00000
x3002c0s1b1n0:4432:8295 [3] NCCL INFO NET/IB: Dev 0 Port 1 qpn 48752 mtu 5 GID 0 (80FE/AA0000FEFF000000)
x3002c0s1b1n0:4432:8295 [3] NCCL INFO transport/net_ib.cc:653 Ib Alloc Size 552 pointer 0x14eb90083000
x3002c0s1b1n0:4432:8295 [3] NCCL INFO transport/net.cc:571 Cuda Host Alloc Size 9641984 pointer 0x14ebf1400000
x3002c0s1b1n0:4431:8134 [2] NCCL INFO Connected all rings
x3002c0s1b1n0:4431:8289 [2] NCCL INFO New proxy recv connection 8 from local rank 2, transport 0
x3002c0s1b1n0:4429:8281 [0] NCCL INFO New proxy recv connection 4 from local rank 0, transport 0
x3002c0s1b1n0:4430:8133 [1] NCCL INFO Channel 00/0 : 13[46000] -> 12[7000] via P2P/IPC/read
x3002c0s1b1n0:4430:8282 [1] NCCL INFO New proxy send connection 4 from local rank 1, transport 0
x3002c0s1b1n0:4431:8134 [2] NCCL INFO Connection to proxy localRank 2 -> connection 0x1526e0000e80
x3002c0s1b1n0:4431:8289 [2] NCCL INFO transport/p2p.cc:449 Cuda Alloc Size 6291456 pointer 0x15272fc00000
x3002c0s1b1n0:4429:8132 [0] NCCL INFO Connection to proxy localRank 0 -> connection 0x145870000d80
x3002c0s1b1n0:4429:8281 [0] NCCL INFO transport/p2p.cc:449 Cuda Alloc Size 6291456 pointer 0x1458df600000
x3002c0s1b1n0:4430:8133 [1] NCCL INFO Connection to proxy localRank 1 -> connection 0x151418000d80
x3002c0s1b1n0:4430:8282 [1] NCCL INFO transport/p2p.cc:430 Cuda Alloc Size 6291456 pointer 0x151485600000
x3002c0s1b1n0:4432:8135 [3] NCCL INFO Connected all rings
x3002c0s1b1n0:4432:8135 [3] NCCL INFO Channel 00/0 : 15[c7000] -> 14[85000] via P2P/IPC/read
x3002c0s1b1n0:4432:8295 [3] NCCL INFO New proxy send connection 8 from local rank 3, transport 0
x3002c0s1b1n0:4431:8289 [2] NCCL INFO New proxy recv connection 9 from local rank 2, transport 0
x3002c0s1b1n0:4432:8135 [3] NCCL INFO Connection to proxy localRank 3 -> connection 0x14eb90000e80
x3002c0s1b1n0:4432:8295 [3] NCCL INFO transport/p2p.cc:430 Cuda Alloc Size 6291456 pointer 0x14ebf1e00000
x3002c0s1b1n0:4429:8281 [0] NCCL INFO New proxy recv connection 5 from local rank 0, transport 0
x3002c0s1b1n0:4430:8133 [1] NCCL INFO Channel 01/0 : 13[46000] -> 12[7000] via P2P/IPC/read
x3002c0s1b1n0:4430:8282 [1] NCCL INFO New proxy send connection 5 from local rank 1, transport 0
x3002c0s1b1n0:4431:8134 [2] NCCL INFO Connection to proxy localRank 2 -> connection 0x1526e0000ec0
x3002c0s1b1n0:4431:8289 [2] NCCL INFO transport/p2p.cc:449 Cuda Alloc Size 6291456 pointer 0x152730200000
x3002c0s1b1n0:4432:8135 [3] NCCL INFO Channel 01/0 : 15[c7000] -> 14[85000] via P2P/IPC/read
x3002c0s1b1n0:4432:8295 [3] NCCL INFO New proxy send connection 9 from local rank 3, transport 0
x3002c0s1b1n0:4429:8132 [0] NCCL INFO Connection to proxy localRank 0 -> connection 0x145870000dc0
x3002c0s1b1n0:4429:8281 [0] NCCL INFO transport/p2p.cc:449 Cuda Alloc Size 6291456 pointer 0x1458dfc00000
x3002c0s1b1n0:4429:8281 [0] NCCL INFO New proxy recv connection 6 from local rank 0, transport 0
x3002c0s1b1n0:4429:8132 [0] NCCL INFO Connection to proxy localRank 0 -> connection 0x145870000e00
x3002c0s1b1n0:4430:8133 [1] NCCL INFO Connection to proxy localRank 1 -> connection 0x151418000dc0
x3002c0s1b1n0:4430:8282 [1] NCCL INFO transport/p2p.cc:430 Cuda Alloc Size 6291456 pointer 0x151485c00000
x3002c0s1b1n0:4431:8289 [2] NCCL INFO New proxy recv connection 10 from local rank 2, transport 0
x3002c0s1b1n0:4429:8281 [0] NCCL INFO transport/p2p.cc:449 Cuda Alloc Size 6291456 pointer 0x1458e0200000
x3002c0s1b1n0:4432:8135 [3] NCCL INFO Connection to proxy localRank 3 -> connection 0x14eb90000ec0
x3002c0s1b1n0:4432:8295 [3] NCCL INFO transport/p2p.cc:430 Cuda Alloc Size 6291456 pointer 0x14ebf2400000
x3002c0s1b1n0:4430:8133 [1] NCCL INFO Channel 02/0 : 13[46000] -> 12[7000] via P2P/IPC/read
x3002c0s1b1n0:4430:8282 [1] NCCL INFO New proxy send connection 6 from local rank 1, transport 0
x3002c0s1b1n0:4431:8134 [2] NCCL INFO Connection to proxy localRank 2 -> connection 0x1526e0000f00
x3002c0s1b1n0:4431:8289 [2] NCCL INFO transport/p2p.cc:449 Cuda Alloc Size 6291456 pointer 0x152730800000
x3002c0s1b1n0:4429:8281 [0] NCCL INFO New proxy recv connection 7 from local rank 0, transport 0
x3002c0s1b1n0:4429:8132 [0] NCCL INFO Connection to proxy localRank 0 -> connection 0x145870000e40
x3002c0s1b1n0:4429:8281 [0] NCCL INFO transport/p2p.cc:449 Cuda Alloc Size 6291456 pointer 0x1458e0800000
x3002c0s1b1n0:4432:8135 [3] NCCL INFO Channel 02/0 : 15[c7000] -> 14[85000] via P2P/IPC/read
x3002c0s1b1n0:4432:8295 [3] NCCL INFO New proxy send connection 10 from local rank 3, transport 0
x3002c0s1b1n0:4430:8133 [1] NCCL INFO Connection to proxy localRank 1 -> connection 0x151418000e00
x3002c0s1b1n0:4430:8282 [1] NCCL INFO transport/p2p.cc:430 Cuda Alloc Size 6291456 pointer 0x151486200000
x3002c0s1b1n0:4431:8289 [2] NCCL INFO New proxy recv connection 11 from local rank 2, transport 0
x3002c0s1b1n0:4432:8135 [3] NCCL INFO Connection to proxy localRank 3 -> connection 0x14eb90000f00
x3002c0s1b1n0:4432:8295 [3] NCCL INFO transport/p2p.cc:430 Cuda Alloc Size 6291456 pointer 0x14ebf2a00000
x3002c0s1b1n0:4430:8133 [1] NCCL INFO Channel 03/0 : 13[46000] -> 12[7000] via P2P/IPC/read
x3002c0s1b1n0:4430:8282 [1] NCCL INFO New proxy send connection 7 from local rank 1, transport 0
x3002c0s1b1n0:4431:8134 [2] NCCL INFO Connection to proxy localRank 2 -> connection 0x1526e0000f40
x3002c0s1b1n0:4431:8289 [2] NCCL INFO transport/p2p.cc:449 Cuda Alloc Size 6291456 pointer 0x152730e00000
x3002c0s1b1n0:4432:8135 [3] NCCL INFO Channel 03/0 : 15[c7000] -> 14[85000] via P2P/IPC/read
x3002c0s1b1n0:4432:8295 [3] NCCL INFO New proxy send connection 11 from local rank 3, transport 0
x3002c0s1b1n0:4432:8135 [3] NCCL INFO Connection to proxy localRank 3 -> connection 0x14eb90000f40
x3002c0s1b1n0:4432:8295 [3] NCCL INFO transport/p2p.cc:430 Cuda Alloc Size 6291456 pointer 0x14ebf3000000
x3002c0s1b1n0:4430:8133 [1] NCCL INFO Connection to proxy localRank 1 -> connection 0x151418000e40
x3002c0s1b1n0:4430:8282 [1] NCCL INFO transport/p2p.cc:430 Cuda Alloc Size 6291456 pointer 0x151486800000
x3002c0s1b1n0:4430:8133 [1] NCCL INFO Connected all rings
x3002c0s1b1n0:4430:8282 [1] NCCL INFO New proxy recv connection 8 from local rank 1, transport 0
x3002c0s1b1n0:4429:8132 [0] NCCL INFO Connected all rings
x3002c0s1b1n0:4429:8132 [0] NCCL INFO Channel 00/0 : 12[7000] -> 13[46000] via P2P/IPC/read
x3002c0s1b1n0:4429:8281 [0] NCCL INFO New proxy send connection 8 from local rank 0, transport 0
x3002c0s1b1n0:4429:8132 [0] NCCL INFO Connection to proxy localRank 0 -> connection 0x145870000e80
x3002c0s1b1n0:4429:8281 [0] NCCL INFO transport/p2p.cc:430 Cuda Alloc Size 6291456 pointer 0x1458e2600000
x3002c0s1b1n0:4429:8132 [0] NCCL INFO Channel 01/0 : 12[7000] -> 13[46000] via P2P/IPC/read
x3002c0s1b1n0:4429:8281 [0] NCCL INFO New proxy send connection 9 from local rank 0, transport 0
x3002c0s1b1n0:4430:8133 [1] NCCL INFO Connection to proxy localRank 1 -> connection 0x151418000e80
x3002c0s1b1n0:4430:8282 [1] NCCL INFO transport/p2p.cc:449 Cuda Alloc Size 6291456 pointer 0x151488600000
