x3012c0s19b0n0:37022:41717 [0] NCCL INFO === System : maxBw 12.0 totalBw 264.0 ===
x3012c0s19b0n0:37022:41717 [0] NCCL INFO CPU/3 (1/2/-1)
x3012c0s19b0n0:37022:41717 [0] NCCL INFO + SYS[5000.0] - CPU/2
x3012c0s19b0n0:37022:41717 [0] NCCL INFO + SYS[5000.0] - CPU/1
x3012c0s19b0n0:37022:41717 [0] NCCL INFO + SYS[5000.0] - CPU/0
x3012c0s19b0n0:37022:41717 [0] NCCL INFO + PCI[24.0] - PCI/5000 (11f8406811f8beef)
x3012c0s19b0n0:37022:41717 [0] NCCL INFO               + PCI[24.0] - GPU/7000 (8)
x3012c0s19b0n0:37022:41717 [0] NCCL INFO                             + NVL[88.0] - GPU/85000
x3012c0s19b0n0:37022:41717 [0] NCCL INFO                             + NVL[88.0] - GPU/C7000
x3012c0s19b0n0:37022:41717 [0] NCCL INFO                             + NVL[88.0] - GPU/46000
x3012c0s19b0n0:37022:41717 [0] NCCL INFO CPU/2 (1/2/-1)
x3012c0s19b0n0:37022:41717 [0] NCCL INFO + SYS[5000.0] - CPU/3
x3012c0s19b0n0:37022:41717 [0] NCCL INFO + SYS[5000.0] - CPU/1
x3012c0s19b0n0:37022:41717 [0] NCCL INFO + SYS[5000.0] - CPU/0
x3012c0s19b0n0:37022:41717 [0] NCCL INFO + PCI[24.0] - PCI/44000 (11f8406811f8beef)
x3012c0s19b0n0:37022:41717 [0] NCCL INFO               + PCI[24.0] - GPU/46000 (9)
x3012c0s19b0n0:37022:41717 [0] NCCL INFO                             + NVL[88.0] - GPU/85000
x3012c0s19b0n0:37022:41717 [0] NCCL INFO                             + NVL[88.0] - GPU/C7000
x3012c0s19b0n0:37022:41717 [0] NCCL INFO                             + NVL[88.0] - GPU/7000
x3012c0s19b0n0:37022:41717 [0] NCCL INFO + PCI[12.0] - NIC/43000
x3012c0s19b0n0:37022:41717 [0] NCCL INFO               + NET[12.5] - NET/1 (e4e604ffffa4e988/1/12.500000)
x3012c0s19b0n0:37022:41717 [0] NCCL INFO CPU/1 (1/2/-1)
x3012c0s19b0n0:37022:41717 [0] NCCL INFO + SYS[5000.0] - CPU/3
x3012c0s19b0n0:37022:41717 [0] NCCL INFO + SYS[5000.0] - CPU/2
x3012c0s19b0n0:37022:41717 [0] NCCL INFO + SYS[5000.0] - CPU/0
x3012c0s19b0n0:37022:41717 [0] NCCL INFO + PCI[24.0] - PCI/83000 (11f8406811f8beef)
x3012c0s19b0n0:37022:41717 [0] NCCL INFO               + PCI[24.0] - GPU/85000 (10)
x3012c0s19b0n0:37022:41717 [0] NCCL INFO                             + NVL[88.0] - GPU/C7000
x3012c0s19b0n0:37022:41717 [0] NCCL INFO                             + NVL[88.0] - GPU/46000
x3012c0s19b0n0:37022:41717 [0] NCCL INFO                             + NVL[88.0] - GPU/7000
x3012c0s19b0n0:37022:41717 [0] NCCL INFO CPU/0 (1/2/-1)
x3012c0s19b0n0:37022:41717 [0] NCCL INFO + SYS[5000.0] - CPU/3
x3012c0s19b0n0:37022:41717 [0] NCCL INFO + SYS[5000.0] - CPU/2
x3012c0s19b0n0:37022:41717 [0] NCCL INFO + SYS[5000.0] - CPU/1
x3012c0s19b0n0:37022:41717 [0] NCCL INFO + PCI[24.0] - PCI/C5000 (11f8406811f8beef)
x3012c0s19b0n0:37022:41717 [0] NCCL INFO               + PCI[24.0] - GPU/C7000 (11)
x3012c0s19b0n0:37022:41717 [0] NCCL INFO                             + NVL[88.0] - GPU/85000
x3012c0s19b0n0:37022:41717 [0] NCCL INFO                             + NVL[88.0] - GPU/46000
x3012c0s19b0n0:37022:41717 [0] NCCL INFO                             + NVL[88.0] - GPU/7000
x3012c0s19b0n0:37022:41717 [0] NCCL INFO + PCI[12.0] - NIC/C8000
x3012c0s19b0n0:37022:41717 [0] NCCL INFO               + NET[12.5] - NET/0 (64c604ffffa4e988/1/12.500000)
x3012c0s19b0n0:37022:41717 [0] NCCL INFO ==========================================
x3012c0s19b0n0:37022:41717 [0] NCCL INFO GPU/7000 :GPU/7000 (0/5000.000000/LOC) GPU/46000 (1/88.000000/NVL) GPU/85000 (1/88.000000/NVL) GPU/C7000 (1/88.000000/NVL) CPU/3 (2/24.000000/PHB) CPU/2 (3/24.000000/SYS) CPU/1 (3/24.000000/SYS) CPU/0 (3/24.000000/SYS) NET/1 (5/12.000000/SYS) NET/0 (5/12.000000/SYS) 
x3012c0s19b0n0:37022:41717 [0] NCCL INFO GPU/46000 :GPU/7000 (1/88.000000/NVL) GPU/46000 (0/5000.000000/LOC) GPU/85000 (1/88.000000/NVL) GPU/C7000 (1/88.000000/NVL) CPU/3 (3/24.000000/SYS) CPU/2 (2/24.000000/PHB) CPU/1 (3/24.000000/SYS) CPU/0 (3/24.000000/SYS) NET/1 (4/12.000000/PHB) NET/0 (5/12.000000/SYS) 
x3012c0s19b0n0:37022:41717 [0] NCCL INFO GPU/85000 :GPU/7000 (1/88.000000/NVL) GPU/46000 (1/88.000000/NVL) GPU/85000 (0/5000.000000/LOC) GPU/C7000 (1/88.000000/NVL) CPU/3 (3/24.000000/SYS) CPU/2 (3/24.000000/SYS) CPU/1 (2/24.000000/PHB) CPU/0 (3/24.000000/SYS) NET/1 (5/12.000000/SYS) NET/0 (5/12.000000/SYS) 
x3012c0s19b0n0:37022:41717 [0] NCCL INFO GPU/C7000 :GPU/7000 (1/88.000000/NVL) GPU/46000 (1/88.000000/NVL) GPU/85000 (1/88.000000/NVL) GPU/C7000 (0/5000.000000/LOC) CPU/3 (3/24.000000/SYS) CPU/2 (3/24.000000/SYS) CPU/1 (3/24.000000/SYS) CPU/0 (2/24.000000/PHB) NET/1 (5/12.000000/SYS) NET/0 (4/12.000000/PHB) 
x3012c0s19b0n0:37022:41717 [0] NCCL INFO NET/1 :GPU/7000 (5/12.000000/SYS) GPU/46000 (4/12.000000/PHB) GPU/85000 (5/12.000000/SYS) GPU/C7000 (5/12.000000/SYS) CPU/3 (3/12.000000/SYS) CPU/2 (2/12.000000/PHB) CPU/1 (3/12.000000/SYS) CPU/0 (3/12.000000/SYS) NET/1 (0/5000.000000/LOC) NET/0 (5/12.000000/SYS) 
x3012c0s19b0n0:37022:41717 [0] NCCL INFO NET/0 :GPU/7000 (5/12.000000/SYS) GPU/46000 (5/12.000000/SYS) GPU/85000 (5/12.000000/SYS) GPU/C7000 (4/12.000000/PHB) CPU/3 (3/12.000000/SYS) CPU/2 (3/12.000000/SYS) CPU/1 (3/12.000000/SYS) CPU/0 (2/12.000000/PHB) NET/1 (5/12.000000/SYS) NET/0 (0/5000.000000/LOC) 
x3012c0s19b0n0:37022:41717 [0] NCCL INFO Pattern 4, crossNic 0, nChannels 2, bw 12.000000/12.000000, type NVL/SYS, sameChannels 1
x3012c0s19b0n0:37022:41717 [0] NCCL INFO  0 : NET/1 GPU/9 GPU/8 GPU/10 GPU/11 NET/1
x3012c0s19b0n0:37022:41717 [0] NCCL INFO  1 : NET/0 GPU/9 GPU/8 GPU/10 GPU/11 NET/0
x3012c0s19b0n0:37022:41717 [0] NCCL INFO Pattern 1, crossNic 0, nChannels 2, bw 24.000000/12.000000, type NVL/SYS, sameChannels 1
x3012c0s19b0n0:37022:41717 [0] NCCL INFO  0 : NET/1 GPU/8 GPU/9 GPU/10 GPU/11 NET/1
x3012c0s19b0n0:37022:41717 [0] NCCL INFO  1 : NET/0 GPU/8 GPU/9 GPU/10 GPU/11 NET/0
x3012c0s19b0n0:37022:41717 [0] NCCL INFO Pattern 3, crossNic 0, nChannels 0, bw 0.000000/0.000000, type NVL/PIX, sameChannels 1
x3012c0s19b0n0:37022:41717 [0] NCCL INFO Tree 0 : 17 -> 8 -> 9/12/-1
x3012c0s19b0n0:37022:41717 [0] NCCL INFO Tree 2 : 13 -> 8 -> 9/-1/-1
x3012c0s19b0n0:37022:41717 [0] NCCL INFO Tree 1 : 17 -> 8 -> 9/12/-1
x3012c0s19b0n0:37022:41717 [0] NCCL INFO Tree 3 : 13 -> 8 -> 9/-1/-1
x3012c0s19b0n0:37022:41717 [0] NCCL INFO Ring 00 : 9 -> 8 -> 10
x3012c0s19b0n0:37022:41717 [0] NCCL INFO Ring 01 : 9 -> 8 -> 10
x3012c0s19b0n0:37022:41717 [0] NCCL INFO Ring 02 : 9 -> 8 -> 10
x3012c0s19b0n0:37022:41717 [0] NCCL INFO Ring 03 : 9 -> 8 -> 10
x3012c0s19b0n0:37022:41717 [0] NCCL INFO Trees [0] 9/12/-1->8->17 [1] 9/12/-1->8->17 [2] 9/-1/-1->8->13 [3] 9/-1/-1->8->13
x3012c0s19b0n0:37022:41717 [0] NCCL INFO misc/utils.cc:235 memory stack hunk malloc(65536)
x3012c0s19b0n0:37022:41717 [0] NCCL INFO channel.cc:23 Cuda Alloc Size 8064 pointer 0x14c259817400
x3012c0s19b0n0:37022:41717 [0] NCCL INFO channel.cc:27 Cuda Alloc Size 80 pointer 0x14c259819400
x3012c0s19b0n0:37022:41717 [0] NCCL INFO channel.cc:23 Cuda Alloc Size 8064 pointer 0x14c259819600
x3012c0s19b0n0:37022:41717 [0] NCCL INFO channel.cc:27 Cuda Alloc Size 80 pointer 0x14c25981b600
x3012c0s19b0n0:37022:41717 [0] NCCL INFO channel.cc:23 Cuda Alloc Size 8064 pointer 0x14c25981b800
x3012c0s19b0n0:37022:41717 [0] NCCL INFO channel.cc:27 Cuda Alloc Size 80 pointer 0x14c25981d800
x3012c0s19b0n0:37022:41717 [0] NCCL INFO channel.cc:23 Cuda Alloc Size 8064 pointer 0x14c25981da00
x3012c0s19b0n0:37022:41717 [0] NCCL INFO channel.cc:27 Cuda Alloc Size 80 pointer 0x14c25981fa00
x3012c0s19b0n0:37022:41717 [0] NCCL INFO Channel 00/0 : 8[7000] -> 10[85000] via P2P/IPC/read
x3012c0s19b0n0:37022:41866 [0] NCCL INFO Mem Realloc old size 0, new size 8 pointer 0x14c204000c60
x3012c0s19b0n0:37022:41866 [0] NCCL INFO New proxy send connection 0 from local rank 0, transport 0
x3012c0s19b0n0:37022:41717 [0] NCCL INFO Connection to proxy localRank 0 -> connection 0x14c204000c80
x3012c0s19b0n0:37022:41866 [0] NCCL INFO transport/p2p.cc:430 Cuda Alloc Size 6291456 pointer 0x14c280000000
x3012c0s19b0n0:37023:41718 [1] NCCL INFO Tree 0 : 8 -> 9 -> 10/4/-1
x3012c0s19b0n0:37023:41718 [1] NCCL INFO Tree 2 : 8 -> 9 -> 10/-1/-1
x3012c0s19b0n0:37023:41718 [1] NCCL INFO Tree 1 : 8 -> 9 -> 10/4/-1
x3012c0s19b0n0:37023:41718 [1] NCCL INFO Tree 3 : 8 -> 9 -> 10/-1/-1
x3012c0s19b0n0:37023:41718 [1] NCCL INFO Ring 00 : 7 -> 9 -> 8
x3012c0s19b0n0:37023:41718 [1] NCCL INFO Ring 01 : 7 -> 9 -> 8
x3012c0s19b0n0:37023:41718 [1] NCCL INFO Ring 02 : 7 -> 9 -> 8
x3012c0s19b0n0:37023:41718 [1] NCCL INFO Ring 03 : 7 -> 9 -> 8
x3012c0s19b0n0:37023:41718 [1] NCCL INFO Trees [0] 10/4/-1->9->8 [1] 10/4/-1->9->8 [2] 10/-1/-1->9->8 [3] 10/-1/-1->9->8
x3012c0s19b0n0:37023:41718 [1] NCCL INFO misc/utils.cc:235 memory stack hunk malloc(65536)
x3012c0s19b0n0:37023:41718 [1] NCCL INFO channel.cc:23 Cuda Alloc Size 8064 pointer 0x14bb87e17400
x3012c0s19b0n0:37023:41718 [1] NCCL INFO channel.cc:27 Cuda Alloc Size 80 pointer 0x14bb87e19400
x3012c0s19b0n0:37023:41718 [1] NCCL INFO channel.cc:23 Cuda Alloc Size 8064 pointer 0x14bb87e19600
x3012c0s19b0n0:37023:41718 [1] NCCL INFO channel.cc:27 Cuda Alloc Size 80 pointer 0x14bb87e1b600
x3012c0s19b0n0:37023:41718 [1] NCCL INFO channel.cc:23 Cuda Alloc Size 8064 pointer 0x14bb87e1b800
x3012c0s19b0n0:37023:41718 [1] NCCL INFO channel.cc:27 Cuda Alloc Size 80 pointer 0x14bb87e1d800
x3012c0s19b0n0:37023:41718 [1] NCCL INFO channel.cc:23 Cuda Alloc Size 8064 pointer 0x14bb87e1da00
x3012c0s19b0n0:37023:41718 [1] NCCL INFO channel.cc:27 Cuda Alloc Size 80 pointer 0x14bb87e1fa00
x3012c0s19b0n0:37023:41718 [1] NCCL INFO GPU Direct RDMA Disabled for GPU 46000 / HCA 1 (distance 6 > 4)
x3012c0s19b0n0:37023:41855 [1] NCCL INFO Mem Realloc old size 0, new size 8 pointer 0x14bb08000c60
x3012c0s19b0n0:37023:41855 [1] NCCL INFO Allocated 4194656 bytes of shared memory in /dev/shm/nccl-S0haBF

x3012c0s19b0n0:37023:41855 [1] NCCL INFO New proxy recv connection 0 from local rank 1, transport 2
x3012c0s19b0n0:37024:41715 [2] NCCL INFO Ring 00 : 8 -> 10 -> 11
x3012c0s19b0n0:37024:41715 [2] NCCL INFO Ring 01 : 8 -> 10 -> 11
x3012c0s19b0n0:37024:41715 [2] NCCL INFO Ring 02 : 8 -> 10 -> 11
x3012c0s19b0n0:37024:41715 [2] NCCL INFO Ring 03 : 8 -> 10 -> 11
x3012c0s19b0n0:37024:41715 [2] NCCL INFO Trees [0] 11/-1/-1->10->9 [1] 11/-1/-1->10->9 [2] 11/-1/-1->10->9 [3] 11/-1/-1->10->9
x3012c0s19b0n0:37024:41715 [2] NCCL INFO misc/utils.cc:235 memory stack hunk malloc(65536)
x3012c0s19b0n0:37024:41715 [2] NCCL INFO channel.cc:23 Cuda Alloc Size 8064 pointer 0x152d07817400
x3012c0s19b0n0:37024:41715 [2] NCCL INFO channel.cc:27 Cuda Alloc Size 80 pointer 0x152d07819400
x3012c0s19b0n0:37024:41715 [2] NCCL INFO channel.cc:23 Cuda Alloc Size 8064 pointer 0x152d07819600
x3012c0s19b0n0:37024:41715 [2] NCCL INFO channel.cc:27 Cuda Alloc Size 80 pointer 0x152d0781b600
x3012c0s19b0n0:37024:41715 [2] NCCL INFO channel.cc:23 Cuda Alloc Size 8064 pointer 0x152d0781b800
x3012c0s19b0n0:37024:41715 [2] NCCL INFO channel.cc:27 Cuda Alloc Size 80 pointer 0x152d0781d800
x3012c0s19b0n0:37024:41715 [2] NCCL INFO channel.cc:23 Cuda Alloc Size 8064 pointer 0x152d0781da00
x3012c0s19b0n0:37024:41715 [2] NCCL INFO channel.cc:27 Cuda Alloc Size 80 pointer 0x152d0781fa00
x3012c0s19b0n0:37024:41715 [2] NCCL INFO Channel 00/0 : 10[85000] -> 11[c7000] via P2P/IPC/read
x3012c0s19b0n0:37024:41858 [2] NCCL INFO Mem Realloc old size 0, new size 8 pointer 0x152cb0000c60
x3012c0s19b0n0:37024:41858 [2] NCCL INFO New proxy send connection 0 from local rank 2, transport 0
x3012c0s19b0n0:37022:41717 [0] NCCL INFO Channel 01/0 : 8[7000] -> 10[85000] via P2P/IPC/read
x3012c0s19b0n0:37022:41866 [0] NCCL INFO New proxy send connection 1 from local rank 0, transport 0
x3012c0s19b0n0:37023:41718 [1] NCCL INFO Connection to proxy localRank 1 -> connection 0x14bb08000c80
x3012c0s19b0n0:37025:41716 [3] NCCL INFO Ring 00 : 10 -> 11 -> 13
x3012c0s19b0n0:37025:41716 [3] NCCL INFO Ring 01 : 10 -> 11 -> 13
x3012c0s19b0n0:37025:41716 [3] NCCL INFO Ring 02 : 10 -> 11 -> 13
x3012c0s19b0n0:37025:41716 [3] NCCL INFO Ring 03 : 10 -> 11 -> 13
x3012c0s19b0n0:37025:41716 [3] NCCL INFO Trees [0] -1/-1/-1->11->10 [1] -1/-1/-1->11->10 [2] -1/-1/-1->11->10 [3] -1/-1/-1->11->10
x3012c0s19b0n0:37025:41716 [3] NCCL INFO misc/utils.cc:235 memory stack hunk malloc(65536)
x3012c0s19b0n0:37025:41716 [3] NCCL INFO channel.cc:23 Cuda Alloc Size 8064 pointer 0x14a8cb817400
x3012c0s19b0n0:37025:41716 [3] NCCL INFO channel.cc:27 Cuda Alloc Size 80 pointer 0x14a8cb819400
x3012c0s19b0n0:37025:41716 [3] NCCL INFO channel.cc:23 Cuda Alloc Size 8064 pointer 0x14a8cb819600
x3012c0s19b0n0:37025:41716 [3] NCCL INFO channel.cc:27 Cuda Alloc Size 80 pointer 0x14a8cb81b600
x3012c0s19b0n0:37025:41716 [3] NCCL INFO channel.cc:23 Cuda Alloc Size 8064 pointer 0x14a8cb81b800
x3012c0s19b0n0:37025:41716 [3] NCCL INFO channel.cc:27 Cuda Alloc Size 80 pointer 0x14a8cb81d800
x3012c0s19b0n0:37025:41716 [3] NCCL INFO channel.cc:23 Cuda Alloc Size 8064 pointer 0x14a8cb81da00
x3012c0s19b0n0:37025:41716 [3] NCCL INFO channel.cc:27 Cuda Alloc Size 80 pointer 0x14a8cb81fa00
x3012c0s19b0n0:37025:41860 [3] NCCL INFO Mem Realloc old size 0, new size 8 pointer 0x14a874000c60
x3012c0s19b0n0:37025:41860 [3] NCCL INFO New proxy recv connection 0 from local rank 3, transport 0
x3012c0s19b0n0:37024:41715 [2] NCCL INFO Connection to proxy localRank 2 -> connection 0x152cb0000c80
x3012c0s19b0n0:37024:41858 [2] NCCL INFO transport/p2p.cc:430 Cuda Alloc Size 6291456 pointer 0x152d2c000000
x3012c0s19b0n0:37022:41717 [0] NCCL INFO Connection to proxy localRank 0 -> connection 0x14c204000cc0
x3012c0s19b0n0:37022:41866 [0] NCCL INFO transport/p2p.cc:430 Cuda Alloc Size 6291456 pointer 0x14c280600000
x3012c0s19b0n0:37022:41717 [0] NCCL INFO Channel 02/0 : 8[7000] -> 10[85000] via P2P/IPC/read
x3012c0s19b0n0:37022:41866 [0] NCCL INFO New proxy send connection 2 from local rank 0, transport 0
x3012c0s19b0n0:37023:41718 [1] NCCL INFO Channel 00/0 : 7[c7000] -> 9[46000] [receive] via NET/IB/1
x3012c0s19b0n0:37023:41718 [1] NCCL INFO GPU Direct RDMA Disabled for GPU 46000 / HCA 0 (distance 7 > 4)
x3012c0s19b0n0:37023:41855 [1] NCCL INFO New proxy recv connection 1 from local rank 1, transport 2
x3012c0s19b0n0:37023:41718 [1] NCCL INFO Connection to proxy localRank 1 -> connection 0x14bb08000cc0
x3012c0s19b0n0:37025:41716 [3] NCCL INFO Connection to proxy localRank 3 -> connection 0x14a874000c80
x3012c0s19b0n0:37025:41860 [3] NCCL INFO transport/p2p.cc:449 Cuda Alloc Size 6291456 pointer 0x14a8af600000
x3012c0s19b0n0:37022:41717 [0] NCCL INFO Connection to proxy localRank 0 -> connection 0x14c204000d00
x3012c0s19b0n0:37022:41866 [0] NCCL INFO transport/p2p.cc:430 Cuda Alloc Size 6291456 pointer 0x14c280c00000
x3012c0s19b0n0:37024:41715 [2] NCCL INFO Channel 01/0 : 10[85000] -> 11[c7000] via P2P/IPC/read
x3012c0s19b0n0:37024:41858 [2] NCCL INFO New proxy send connection 1 from local rank 2, transport 0
x3012c0s19b0n0:37023:41718 [1] NCCL INFO Channel 01/0 : 7[c7000] -> 9[46000] [receive] via NET/IB/0
x3012c0s19b0n0:37023:41718 [1] NCCL INFO GPU Direct RDMA Disabled for GPU 46000 / HCA 1 (distance 6 > 4)
x3012c0s19b0n0:37023:41855 [1] NCCL INFO New proxy recv connection 2 from local rank 1, transport 2
x3012c0s19b0n0:37023:41718 [1] NCCL INFO Connection to proxy localRank 1 -> connection 0x14bb08000d00
x3012c0s19b0n0:37025:41860 [3] NCCL INFO New proxy recv connection 1 from local rank 3, transport 0
x3012c0s19b0n0:37022:41717 [0] NCCL INFO Channel 03/0 : 8[7000] -> 10[85000] via P2P/IPC/read
x3012c0s19b0n0:37024:41715 [2] NCCL INFO Connection to proxy localRank 2 -> connection 0x152cb0000cc0
x3012c0s19b0n0:37024:41858 [2] NCCL INFO transport/p2p.cc:430 Cuda Alloc Size 6291456 pointer 0x152d2c600000
x3012c0s19b0n0:37022:41866 [0] NCCL INFO New proxy send connection 3 from local rank 0, transport 0
x3012c0s19b0n0:37025:41716 [3] NCCL INFO Connection to proxy localRank 3 -> connection 0x14a874000cc0
x3012c0s19b0n0:37025:41860 [3] NCCL INFO transport/p2p.cc:449 Cuda Alloc Size 6291456 pointer 0x14a8ef800000
x3012c0s19b0n0:37023:41718 [1] NCCL INFO Channel 02/0 : 7[c7000] -> 9[46000] [receive] via NET/IB/1
x3012c0s19b0n0:37023:41718 [1] NCCL INFO GPU Direct RDMA Disabled for GPU 46000 / HCA 0 (distance 7 > 4)
x3012c0s19b0n0:37023:41855 [1] NCCL INFO New proxy recv connection 3 from local rank 1, transport 2
x3012c0s19b0n0:37024:41715 [2] NCCL INFO Channel 02/0 : 10[85000] -> 11[c7000] via P2P/IPC/read
x3012c0s19b0n0:37024:41858 [2] NCCL INFO New proxy send connection 2 from local rank 2, transport 0
x3012c0s19b0n0:37022:41717 [0] NCCL INFO Connection to proxy localRank 0 -> connection 0x14c204000d40
x3012c0s19b0n0:37022:41866 [0] NCCL INFO transport/p2p.cc:430 Cuda Alloc Size 6291456 pointer 0x14c281200000
x3012c0s19b0n0:37024:41715 [2] NCCL INFO Connection to proxy localRank 2 -> connection 0x152cb0000d00
x3012c0s19b0n0:37024:41858 [2] NCCL INFO transport/p2p.cc:430 Cuda Alloc Size 6291456 pointer 0x152d2cc00000
x3012c0s19b0n0:37023:41718 [1] NCCL INFO Connection to proxy localRank 1 -> connection 0x14bb08000d40
x3012c0s19b0n0:37025:41860 [3] NCCL INFO New proxy recv connection 2 from local rank 3, transport 0
x3012c0s19b0n0:37023:41718 [1] NCCL INFO Channel 03/0 : 7[c7000] -> 9[46000] [receive] via NET/IB/0
x3012c0s19b0n0:37024:41715 [2] NCCL INFO Channel 03/0 : 10[85000] -> 11[c7000] via P2P/IPC/read
x3012c0s19b0n0:37024:41858 [2] NCCL INFO New proxy send connection 3 from local rank 2, transport 0
x3012c0s19b0n0:37025:41716 [3] NCCL INFO Connection to proxy localRank 3 -> connection 0x14a874000d00
x3012c0s19b0n0:37025:41860 [3] NCCL INFO transport/p2p.cc:449 Cuda Alloc Size 6291456 pointer 0x14a8efe00000
x3012c0s19b0n0:37024:41715 [2] NCCL INFO Connection to proxy localRank 2 -> connection 0x152cb0000d40
x3012c0s19b0n0:37024:41858 [2] NCCL INFO transport/p2p.cc:430 Cuda Alloc Size 6291456 pointer 0x152d2d200000
x3012c0s19b0n0:37025:41860 [3] NCCL INFO New proxy recv connection 3 from local rank 3, transport 0
x3012c0s19b0n0:37025:41716 [3] NCCL INFO Connection to proxy localRank 3 -> connection 0x14a874000d40
x3012c0s19b0n0:37025:41860 [3] NCCL INFO transport/p2p.cc:449 Cuda Alloc Size 6291456 pointer 0x14a8f0400000
x3012c0s19b0n0:37025:41716 [3] NCCL INFO GPU Direct RDMA Disabled for GPU c7000 / HCA 1 (distance 7 > 4)
x3012c0s19b0n0:37025:41860 [3] NCCL INFO Allocated 4194656 bytes of shared memory in /dev/shm/nccl-7T77FQ

x3012c0s19b0n0:37025:41860 [3] NCCL INFO New proxy send connection 4 from local rank 3, transport 2
x3012c0s19b0n0:37024:41858 [2] NCCL INFO New proxy recv connection 4 from local rank 2, transport 0
x3012c0s19b0n0:37024:41715 [2] NCCL INFO Connection to proxy localRank 2 -> connection 0x152cb0000d80
x3012c0s19b0n0:37024:41858 [2] NCCL INFO transport/p2p.cc:449 Cuda Alloc Size 6291456 pointer 0x152cab800000
x3012c0s19b0n0:37025:41716 [3] NCCL INFO Connection to proxy localRank 3 -> connection 0x14a874000d80
x3012c0s19b0n0:37025:41716 [3] NCCL INFO Channel 00/0 : 11[c7000] -> 13[46000] [send] via NET/IB/1
x3012c0s19b0n0:37025:41716 [3] NCCL INFO GPU Direct RDMA Disabled for GPU c7000 / HCA 0 (distance 6 > 4)
x3012c0s19b0n0:37025:41860 [3] NCCL INFO New proxy send connection 5 from local rank 3, transport 2
x3012c0s19b0n0:37024:41858 [2] NCCL INFO New proxy recv connection 5 from local rank 2, transport 0
x3012c0s19b0n0:37025:41716 [3] NCCL INFO Connection to proxy localRank 3 -> connection 0x14a874000dc0
x3012c0s19b0n0:37025:41716 [3] NCCL INFO Channel 01/0 : 11[c7000] -> 13[46000] [send] via NET/IB/0
x3012c0s19b0n0:37025:41716 [3] NCCL INFO GPU Direct RDMA Disabled for GPU c7000 / HCA 1 (distance 7 > 4)
x3012c0s19b0n0:37025:41860 [3] NCCL INFO New proxy send connection 6 from local rank 3, transport 2
x3012c0s19b0n0:37025:41716 [3] NCCL INFO Connection to proxy localRank 3 -> connection 0x14a874000e00
x3012c0s19b0n0:37025:41716 [3] NCCL INFO Channel 02/0 : 11[c7000] -> 13[46000] [send] via NET/IB/1
x3012c0s19b0n0:37025:41716 [3] NCCL INFO GPU Direct RDMA Disabled for GPU c7000 / HCA 0 (distance 6 > 4)
x3012c0s19b0n0:37025:41860 [3] NCCL INFO New proxy send connection 7 from local rank 3, transport 2
x3012c0s19b0n0:37024:41715 [2] NCCL INFO Connection to proxy localRank 2 -> connection 0x152cb0000dc0
x3012c0s19b0n0:37024:41858 [2] NCCL INFO transport/p2p.cc:449 Cuda Alloc Size 6291456 pointer 0x152ca8000000
x3012c0s19b0n0:37024:41858 [2] NCCL INFO New proxy recv connection 6 from local rank 2, transport 0
x3012c0s19b0n0:37025:41716 [3] NCCL INFO Connection to proxy localRank 3 -> connection 0x14a874000e40
x3012c0s19b0n0:37025:41716 [3] NCCL INFO Channel 03/0 : 11[c7000] -> 13[46000] [send] via NET/IB/0
x3012c0s19b0n0:37025:41860 [3] NCCL INFO transport/net_ib.cc:596 Ib Alloc Size 26560 pointer 0x14a874020000
x3012c0s19b0n0:37025:41860 [3] NCCL INFO NET/IB: Dev 1 Port 1 qpn 3267 mtu 5 GID 0 (80FE/CD1100FEFF000000)
x3012c0s19b0n0:37025:41860 [3] NCCL INFO transport/net_ib.cc:653 Ib Alloc Size 552 pointer 0x14a874038000
x3012c0s19b0n0:37025:41860 [3] NCCL INFO transport/net.cc:571 Cuda Host Alloc Size 9641984 pointer 0x14a87ac00000
x3012c0s19b0n0:37024:41715 [2] NCCL INFO Connection to proxy localRank 2 -> connection 0x152cb0000e00
x3012c0s19b0n0:37024:41858 [2] NCCL INFO transport/p2p.cc:449 Cuda Alloc Size 6291456 pointer 0x152ca8600000
x3012c0s19b0n0:37025:41860 [3] NCCL INFO transport/net_ib.cc:596 Ib Alloc Size 26560 pointer 0x14a87403a000
x3012c0s19b0n0:37025:41860 [3] NCCL INFO NET/IB: Dev 0 Port 1 qpn 3497 mtu 5 GID 0 (80FE/9B1100FEFF000000)
x3012c0s19b0n0:37025:41860 [3] NCCL INFO transport/net_ib.cc:653 Ib Alloc Size 552 pointer 0x14a874051000
x3012c0s19b0n0:37025:41860 [3] NCCL INFO transport/net.cc:571 Cuda Host Alloc Size 9641984 pointer 0x14a87b600000
x3012c0s19b0n0:37024:41858 [2] NCCL INFO New proxy recv connection 7 from local rank 2, transport 0
x3012c0s19b0n0:37025:41860 [3] NCCL INFO transport/net_ib.cc:596 Ib Alloc Size 26560 pointer 0x14a874053000
x3012c0s19b0n0:37025:41860 [3] NCCL INFO NET/IB: Dev 1 Port 1 qpn 3268 mtu 5 GID 0 (80FE/CD1100FEFF000000)
x3012c0s19b0n0:37025:41860 [3] NCCL INFO transport/net_ib.cc:653 Ib Alloc Size 552 pointer 0x14a87406a000
x3012c0s19b0n0:37025:41860 [3] NCCL INFO transport/net.cc:571 Cuda Host Alloc Size 9641984 pointer 0x14a86e000000
x3012c0s19b0n0:37024:41715 [2] NCCL INFO Connection to proxy localRank 2 -> connection 0x152cb0000e40
x3012c0s19b0n0:37024:41858 [2] NCCL INFO transport/p2p.cc:449 Cuda Alloc Size 6291456 pointer 0x152ca8c00000
x3012c0s19b0n0:37023:41855 [1] NCCL INFO transport/net_ib.cc:683 Ib Alloc Size 21688 pointer 0x14bb0801d000
x3012c0s19b0n0:37025:41860 [3] NCCL INFO transport/net_ib.cc:596 Ib Alloc Size 26560 pointer 0x14a87406c000
x3012c0s19b0n0:37025:41860 [3] NCCL INFO NET/IB: Dev 0 Port 1 qpn 3498 mtu 5 GID 0 (80FE/9B1100FEFF000000)
x3012c0s19b0n0:37025:41860 [3] NCCL INFO transport/net_ib.cc:653 Ib Alloc Size 552 pointer 0x14a874083000
x3012c0s19b0n0:37025:41860 [3] NCCL INFO transport/net.cc:571 Cuda Host Alloc Size 9641984 pointer 0x14a86ea00000
x3012c0s19b0n0:37024:41715 [2] NCCL INFO Connected all rings
x3012c0s19b0n0:37022:41866 [0] NCCL INFO New proxy recv connection 4 from local rank 0, transport 0
x3012c0s19b0n0:37024:41858 [2] NCCL INFO New proxy recv connection 8 from local rank 2, transport 0
x3012c0s19b0n0:37023:41855 [1] NCCL INFO transport/net_ib.cc:696 Ib Alloc Size 552 pointer 0x14bb08024000
x3012c0s19b0n0:37025:41716 [3] NCCL INFO Connected all rings
x3012c0s19b0n0:37025:41716 [3] NCCL INFO Channel 00/0 : 11[c7000] -> 10[85000] via P2P/IPC/read
x3012c0s19b0n0:37025:41860 [3] NCCL INFO New proxy send connection 8 from local rank 3, transport 0
x3012c0s19b0n0:37024:41715 [2] NCCL INFO Connection to proxy localRank 2 -> connection 0x152cb0000e80
x3012c0s19b0n0:37022:41717 [0] NCCL INFO Connection to proxy localRank 0 -> connection 0x14c204000d80
x3012c0s19b0n0:37022:41866 [0] NCCL INFO transport/p2p.cc:449 Cuda Alloc Size 6291456 pointer 0x14c1ff800000
x3012c0s19b0n0:37023:41855 [1] NCCL INFO transport/net_ib.cc:771 Ib Alloc Size 552 pointer 0x14bb08041000
x3012c0s19b0n0:37023:41855 [1] NCCL INFO transport/net.cc:698 Cuda Host Alloc Size 9641984 pointer 0x14bb6c000000
x3012c0s19b0n0:37024:41858 [2] NCCL INFO transport/p2p.cc:449 Cuda Alloc Size 6291456 pointer 0x152ca6c00000
x3012c0s19b0n0:37024:41858 [2] NCCL INFO New proxy recv connection 9 from local rank 2, transport 0
x3012c0s19b0n0:37025:41716 [3] NCCL INFO Connection to proxy localRank 3 -> connection 0x14a874000e80
x3012c0s19b0n0:37025:41860 [3] NCCL INFO transport/p2p.cc:430 Cuda Alloc Size 6291456 pointer 0x14a86f400000
x3012c0s19b0n0:37023:41855 [1] NCCL INFO transport/net_ib.cc:683 Ib Alloc Size 21688 pointer 0x14bb08043000
x3012c0s19b0n0:37023:41855 [1] NCCL INFO transport/net_ib.cc:696 Ib Alloc Size 552 pointer 0x14bb0804a000
x3012c0s19b0n0:37022:41866 [0] NCCL INFO New proxy recv connection 5 from local rank 0, transport 0
x3012c0s19b0n0:37024:41715 [2] NCCL INFO Connection to proxy localRank 2 -> connection 0x152cb0000ec0
x3012c0s19b0n0:37023:41855 [1] NCCL INFO transport/net_ib.cc:771 Ib Alloc Size 552 pointer 0x14bb08065000
x3012c0s19b0n0:37023:41855 [1] NCCL INFO transport/net.cc:698 Cuda Host Alloc Size 9641984 pointer 0x14bb6ca00000
x3012c0s19b0n0:37024:41858 [2] NCCL INFO transport/p2p.cc:449 Cuda Alloc Size 6291456 pointer 0x152ca7200000
x3012c0s19b0n0:37025:41716 [3] NCCL INFO Channel 01/0 : 11[c7000] -> 10[85000] via P2P/IPC/read
x3012c0s19b0n0:37025:41860 [3] NCCL INFO New proxy send connection 9 from local rank 3, transport 0
x3012c0s19b0n0:37023:41855 [1] NCCL INFO transport/net_ib.cc:683 Ib Alloc Size 21688 pointer 0x14bb08067000
x3012c0s19b0n0:37023:41855 [1] NCCL INFO transport/net_ib.cc:696 Ib Alloc Size 552 pointer 0x14bb0806e000
x3012c0s19b0n0:37022:41717 [0] NCCL INFO Connection to proxy localRank 0 -> connection 0x14c204000dc0
x3012c0s19b0n0:37023:41855 [1] NCCL INFO transport/net_ib.cc:771 Ib Alloc Size 552 pointer 0x14bb08089000
x3012c0s19b0n0:37023:41855 [1] NCCL INFO transport/net.cc:698 Cuda Host Alloc Size 9641984 pointer 0x14bb99800000
x3012c0s19b0n0:37022:41866 [0] NCCL INFO transport/p2p.cc:449 Cuda Alloc Size 6291456 pointer 0x14c1fc000000
x3012c0s19b0n0:37024:41858 [2] NCCL INFO New proxy recv connection 10 from local rank 2, transport 0
x3012c0s19b0n0:37025:41716 [3] NCCL INFO Connection to proxy localRank 3 -> connection 0x14a874000ec0
x3012c0s19b0n0:37023:41855 [1] NCCL INFO transport/net_ib.cc:683 Ib Alloc Size 21688 pointer 0x14bb0808b000
x3012c0s19b0n0:37023:41855 [1] NCCL INFO transport/net_ib.cc:696 Ib Alloc Size 552 pointer 0x14bb08092000
x3012c0s19b0n0:37022:41866 [0] NCCL INFO New proxy recv connection 6 from local rank 0, transport 0
x3012c0s19b0n0:37025:41860 [3] NCCL INFO transport/p2p.cc:430 Cuda Alloc Size 6291456 pointer 0x14a86fa00000
x3012c0s19b0n0:37023:41855 [1] NCCL INFO transport/net_ib.cc:771 Ib Alloc Size 552 pointer 0x14bb080ad000
x3012c0s19b0n0:37023:41855 [1] NCCL INFO transport/net.cc:698 Cuda Host Alloc Size 9641984 pointer 0x14bb9a200000
x3012c0s19b0n0:37025:41716 [3] NCCL INFO Channel 02/0 : 11[c7000] -> 10[85000] via P2P/IPC/read
x3012c0s19b0n0:37025:41860 [3] NCCL INFO New proxy send connection 10 from local rank 3, transport 0
x3012c0s19b0n0:37022:41717 [0] NCCL INFO Connection to proxy localRank 0 -> connection 0x14c204000e00
x3012c0s19b0n0:37022:41866 [0] NCCL INFO transport/p2p.cc:449 Cuda Alloc Size 6291456 pointer 0x14c1fc600000
x3012c0s19b0n0:37024:41715 [2] NCCL INFO Connection to proxy localRank 2 -> connection 0x152cb0000f00
x3012c0s19b0n0:37024:41858 [2] NCCL INFO transport/p2p.cc:449 Cuda Alloc Size 6291456 pointer 0x152ca7800000
x3012c0s19b0n0:37023:41718 [1] NCCL INFO Channel 00/0 : 9[46000] -> 8[7000] via P2P/IPC/read
x3012c0s19b0n0:37023:41855 [1] NCCL INFO New proxy send connection 4 from local rank 1, transport 0
x3012c0s19b0n0:37025:41716 [3] NCCL INFO Connection to proxy localRank 3 -> connection 0x14a874000f00
x3012c0s19b0n0:37025:41860 [3] NCCL INFO transport/p2p.cc:430 Cuda Alloc Size 6291456 pointer 0x14a86c000000
x3012c0s19b0n0:37022:41866 [0] NCCL INFO New proxy recv connection 7 from local rank 0, transport 0
x3012c0s19b0n0:37024:41858 [2] NCCL INFO New proxy recv connection 11 from local rank 2, transport 0
x3012c0s19b0n0:37023:41718 [1] NCCL INFO Connection to proxy localRank 1 -> connection 0x14bb08000d80
x3012c0s19b0n0:37023:41855 [1] NCCL INFO transport/p2p.cc:430 Cuda Alloc Size 6291456 pointer 0x14bb6d400000
x3012c0s19b0n0:37022:41717 [0] NCCL INFO Connection to proxy localRank 0 -> connection 0x14c204000e40
x3012c0s19b0n0:37022:41866 [0] NCCL INFO transport/p2p.cc:449 Cuda Alloc Size 6291456 pointer 0x14c1fcc00000
x3012c0s19b0n0:37025:41716 [3] NCCL INFO Channel 03/0 : 11[c7000] -> 10[85000] via P2P/IPC/read
x3012c0s19b0n0:37025:41860 [3] NCCL INFO New proxy send connection 11 from local rank 3, transport 0
x3012c0s19b0n0:37024:41715 [2] NCCL INFO Connection to proxy localRank 2 -> connection 0x152cb0000f40
x3012c0s19b0n0:37024:41858 [2] NCCL INFO transport/p2p.cc:449 Cuda Alloc Size 6291456 pointer 0x152ca4000000
x3012c0s19b0n0:37023:41718 [1] NCCL INFO Channel 01/0 : 9[46000] -> 8[7000] via P2P/IPC/read
x3012c0s19b0n0:37023:41855 [1] NCCL INFO New proxy send connection 5 from local rank 1, transport 0
x3012c0s19b0n0:37025:41716 [3] NCCL INFO Connection to proxy localRank 3 -> connection 0x14a874000f40
x3012c0s19b0n0:37025:41860 [3] NCCL INFO transport/p2p.cc:430 Cuda Alloc Size 6291456 pointer 0x14a86c600000
x3012c0s19b0n0:37023:41718 [1] NCCL INFO Connection to proxy localRank 1 -> connection 0x14bb08000dc0
x3012c0s19b0n0:37023:41855 [1] NCCL INFO transport/p2p.cc:430 Cuda Alloc Size 6291456 pointer 0x14bb9ac00000
x3012c0s19b0n0:37023:41718 [1] NCCL INFO Channel 02/0 : 9[46000] -> 8[7000] via P2P/IPC/read
x3012c0s19b0n0:37023:41855 [1] NCCL INFO New proxy send connection 6 from local rank 1, transport 0
x3012c0s19b0n0:37023:41718 [1] NCCL INFO Connection to proxy localRank 1 -> connection 0x14bb08000e00
x3012c0s19b0n0:37023:41855 [1] NCCL INFO transport/p2p.cc:430 Cuda Alloc Size 6291456 pointer 0x14bb9f400000
x3012c0s19b0n0:37023:41718 [1] NCCL INFO Channel 03/0 : 9[46000] -> 8[7000] via P2P/IPC/read
x3012c0s19b0n0:37023:41855 [1] NCCL INFO New proxy send connection 7 from local rank 1, transport 0
x3012c0s19b0n0:37023:41718 [1] NCCL INFO Connection to proxy localRank 1 -> connection 0x14bb08000e40
x3012c0s19b0n0:37023:41855 [1] NCCL INFO transport/p2p.cc:430 Cuda Alloc Size 6291456 pointer 0x14bb9fa00000
x3012c0s19b0n0:37023:41718 [1] NCCL INFO Connected all rings
x3012c0s19b0n0:37022:41717 [0] NCCL INFO Connected all rings
x3012c0s19b0n0:37022:41717 [0] NCCL INFO Channel 00/0 : 8[7000] -> 9[46000] via P2P/IPC/read
x3012c0s19b0n0:37022:41866 [0] NCCL INFO New proxy send connection 8 from local rank 0, transport 0
x3012c0s19b0n0:37023:41855 [1] NCCL INFO New proxy recv connection 8 from local rank 1, transport 0
x3012c0s19b0n0:37023:41718 [1] NCCL INFO Connection to proxy localRank 1 -> connection 0x14bb08000e80
x3012c0s19b0n0:37023:41855 [1] NCCL INFO transport/p2p.cc:449 Cuda Alloc Size 6291456 pointer 0x14bb03200000
x3012c0s19b0n0:37022:41717 [0] NCCL INFO Connection to proxy localRank 0 -> connection 0x14c204000e80
x3012c0s19b0n0:37022:41866 [0] NCCL INFO transport/p2p.cc:430 Cuda Alloc Size 6291456 pointer 0x14c1fac00000
x3012c0s19b0n0:37022:41717 [0] NCCL INFO Channel 01/0 : 8[7000] -> 9[46000] via P2P/IPC/read
x3012c0s19b0n0:37022:41866 [0] NCCL INFO New proxy send connection 9 from local rank 0, transport 0
x3012c0s19b0n0:37023:41855 [1] NCCL INFO New proxy recv connection 9 from local rank 1, transport 0
x3012c0s19b0n0:37022:41717 [0] NCCL INFO Connection to proxy localRank 0 -> connection 0x14c204000ec0
x3012c0s19b0n0:37022:41866 [0] NCCL INFO transport/p2p.cc:430 Cuda Alloc Size 6291456 pointer 0x14c1fb200000
x3012c0s19b0n0:37023:41718 [1] NCCL INFO Connection to proxy localRank 1 -> connection 0x14bb08000ec0
x3012c0s19b0n0:37023:41855 [1] NCCL INFO transport/p2p.cc:449 Cuda Alloc Size 6291456 pointer 0x14bb03800000
x3012c0s19b0n0:37022:41717 [0] NCCL INFO Channel 02/0 : 8[7000] -> 9[46000] via P2P/IPC/read
x3012c0s19b0n0:37022:41866 [0] NCCL INFO New proxy send connection 10 from local rank 0, transport 0
x3012c0s19b0n0:37022:41717 [0] NCCL INFO Connection to proxy localRank 0 -> connection 0x14c204000f00
x3012c0s19b0n0:37022:41866 [0] NCCL INFO transport/p2p.cc:430 Cuda Alloc Size 6291456 pointer 0x14c1fb800000
x3012c0s19b0n0:37023:41855 [1] NCCL INFO New proxy recv connection 10 from local rank 1, transport 0
x3012c0s19b0n0:37022:41717 [0] NCCL INFO Channel 03/0 : 8[7000] -> 9[46000] via P2P/IPC/read
x3012c0s19b0n0:37022:41866 [0] NCCL INFO New proxy send connection 11 from local rank 0, transport 0
x3012c0s19b0n0:37023:41718 [1] NCCL INFO Connection to proxy localRank 1 -> connection 0x14bb08000f00
x3012c0s19b0n0:37023:41855 [1] NCCL INFO transport/p2p.cc:449 Cuda Alloc Size 6291456 pointer 0x14bafa000000
x3012c0s19b0n0:37022:41717 [0] NCCL INFO Connection to proxy localRank 0 -> connection 0x14c204000f40
x3012c0s19b0n0:37022:41866 [0] NCCL INFO transport/p2p.cc:430 Cuda Alloc Size 6291456 pointer 0x14c1f8000000
x3012c0s19b0n0:37023:41855 [1] NCCL INFO New proxy recv connection 11 from local rank 1, transport 0
x3012c0s19b0n0:37023:41718 [1] NCCL INFO Connection to proxy localRank 1 -> connection 0x14bb08000f40
x3012c0s19b0n0:37023:41855 [1] NCCL INFO transport/p2p.cc:449 Cuda Alloc Size 6291456 pointer 0x14bafa600000
x3012c0s19b0n0:37023:41718 [1] NCCL INFO Channel 00/0 : 9[46000] -> 10[85000] via P2P/IPC/read
x3012c0s19b0n0:37023:41855 [1] NCCL INFO New proxy send connection 12 from local rank 1, transport 0
x3012c0s19b0n0:37023:41718 [1] NCCL INFO Connection to proxy localRank 1 -> connection 0x14bb08000f80
x3012c0s19b0n0:37023:41855 [1] NCCL INFO transport/p2p.cc:430 Cuda Alloc Size 6291456 pointer 0x14bafac00000
x3012c0s19b0n0:37023:41718 [1] NCCL INFO Channel 01/0 : 9[46000] -> 10[85000] via P2P/IPC/read
x3012c0s19b0n0:37023:41855 [1] NCCL INFO New proxy send connection 13 from local rank 1, transport 0
x3012c0s19b0n0:37023:41718 [1] NCCL INFO Connection to proxy localRank 1 -> connection 0x14bb08000fc0
x3012c0s19b0n0:37023:41855 [1] NCCL INFO transport/p2p.cc:430 Cuda Alloc Size 6291456 pointer 0x14bafb200000
x3012c0s19b0n0:37023:41718 [1] NCCL INFO Channel 02/0 : 9[46000] -> 10[85000] via P2P/IPC/read
x3012c0s19b0n0:37023:41855 [1] NCCL INFO New proxy send connection 14 from local rank 1, transport 0
x3012c0s19b0n0:37023:41718 [1] NCCL INFO Connection to proxy localRank 1 -> connection 0x14bb08001000
x3012c0s19b0n0:37023:41855 [1] NCCL INFO transport/p2p.cc:430 Cuda Alloc Size 6291456 pointer 0x14bafb800000
x3012c0s19b0n0:37023:41718 [1] NCCL INFO Channel 03/0 : 9[46000] -> 10[85000] via P2P/IPC/read
x3012c0s19b0n0:37023:41855 [1] NCCL INFO New proxy send connection 15 from local rank 1, transport 0
x3012c0s19b0n0:37023:41718 [1] NCCL INFO Connection to proxy localRank 1 -> connection 0x14bb08001040
x3012c0s19b0n0:37023:41855 [1] NCCL INFO transport/p2p.cc:430 Cuda Alloc Size 6291456 pointer 0x14baf8000000
x3012c0s19b0n0:37022:41717 [0] NCCL INFO GPU Direct RDMA Disabled for GPU 7000 / HCA 1 (distance 7 > 4)
x3012c0s19b0n0:37022:41866 [0] NCCL INFO Allocated 4194656 bytes of shared memory in /dev/shm/nccl-MCHGcD

x3012c0s19b0n0:37022:41866 [0] NCCL INFO New proxy send connection 12 from local rank 0, transport 2
x3012c0s19b0n0:37022:41717 [0] NCCL INFO Connection to proxy localRank 0 -> connection 0x14c204000f80
x3012c0s19b0n0:37022:41717 [0] NCCL INFO Channel 00/0 : 8[7000] -> 12[7000] [send] via NET/IB/1
x3012c0s19b0n0:37022:41717 [0] NCCL INFO GPU Direct RDMA Disabled for GPU 7000 / HCA 0 (distance 7 > 4)
x3012c0s19b0n0:37023:41718 [1] NCCL INFO GPU Direct RDMA Disabled for GPU 46000 / HCA 1 (distance 6 > 4)
x3012c0s19b0n0:37023:41855 [1] NCCL INFO New proxy recv connection 16 from local rank 1, transport 2
x3012c0s19b0n0:37022:41866 [0] NCCL INFO New proxy send connection 13 from local rank 0, transport 2
x3012c0s19b0n0:37024:41858 [2] NCCL INFO New proxy recv connection 12 from local rank 2, transport 0
x3012c0s19b0n0:37024:41715 [2] NCCL INFO Connection to proxy localRank 2 -> connection 0x152cb0000f80
x3012c0s19b0n0:37022:41717 [0] NCCL INFO Connection to proxy localRank 0 -> connection 0x14c204000fc0
x3012c0s19b0n0:37022:41717 [0] NCCL INFO Channel 01/0 : 8[7000] -> 12[7000] [send] via NET/IB/0
x3012c0s19b0n0:37023:41718 [1] NCCL INFO Connection to proxy localRank 1 -> connection 0x14bb08001080
x3012c0s19b0n0:37023:41718 [1] NCCL INFO Channel 00/0 : 4[7000] -> 9[46000] [receive] via NET/IB/1
x3012c0s19b0n0:37023:41718 [1] NCCL INFO GPU Direct RDMA Disabled for GPU 46000 / HCA 0 (distance 7 > 4)
x3012c0s19b0n0:37023:41855 [1] NCCL INFO New proxy recv connection 17 from local rank 1, transport 2
x3012c0s19b0n0:37024:41858 [2] NCCL INFO transport/p2p.cc:449 Cuda Alloc Size 6291456 pointer 0x152ca2000000
x3012c0s19b0n0:37024:41858 [2] NCCL INFO New proxy recv connection 13 from local rank 2, transport 0
x3012c0s19b0n0:37023:41718 [1] NCCL INFO Connection to proxy localRank 1 -> connection 0x14bb080010c0
x3012c0s19b0n0:37024:41715 [2] NCCL INFO Connection to proxy localRank 2 -> connection 0x152cb0000fc0
x3012c0s19b0n0:37024:41858 [2] NCCL INFO transport/p2p.cc:449 Cuda Alloc Size 6291456 pointer 0x152ca2600000
x3012c0s19b0n0:37022:41866 [0] NCCL INFO transport/net_ib.cc:596 Ib Alloc Size 26560 pointer 0x14c20401b000
x3012c0s19b0n0:37022:41866 [0] NCCL INFO NET/IB: Dev 1 Port 1 qpn 3273 mtu 5 GID 0 (80FE/CD1100FEFF000000)
x3012c0s19b0n0:37022:41866 [0] NCCL INFO transport/net_ib.cc:653 Ib Alloc Size 552 pointer 0x14c204033000
x3012c0s19b0n0:37022:41866 [0] NCCL INFO transport/net.cc:571 Cuda Host Alloc Size 9641984 pointer 0x14c1f6000000
x3012c0s19b0n0:37023:41718 [1] NCCL INFO Channel 01/0 : 4[7000] -> 9[46000] [receive] via NET/IB/0
x3012c0s19b0n0:37022:41866 [0] NCCL INFO transport/net_ib.cc:596 Ib Alloc Size 26560 pointer 0x14c204035000
x3012c0s19b0n0:37024:41858 [2] NCCL INFO New proxy recv connection 14 from local rank 2, transport 0
x3012c0s19b0n0:37022:41866 [0] NCCL INFO NET/IB: Dev 0 Port 1 qpn 3503 mtu 5 GID 0 (80FE/9B1100FEFF000000)
x3012c0s19b0n0:37022:41866 [0] NCCL INFO transport/net_ib.cc:653 Ib Alloc Size 552 pointer 0x14c20404d000
x3012c0s19b0n0:37022:41866 [0] NCCL INFO transport/net.cc:571 Cuda Host Alloc Size 9641984 pointer 0x14c1f6a00000
x3012c0s19b0n0:37022:41717 [0] NCCL INFO GPU Direct RDMA Disabled for GPU 7000 / HCA 1 (distance 7 > 4)
x3012c0s19b0n0:37022:41866 [0] NCCL INFO New proxy send connection 14 from local rank 0, transport 2
x3012c0s19b0n0:37024:41715 [2] NCCL INFO Connection to proxy localRank 2 -> connection 0x152cb0001000
x3012c0s19b0n0:37022:41717 [0] NCCL INFO Connection to proxy localRank 0 -> connection 0x14c204001000
x3012c0s19b0n0:37022:41717 [0] NCCL INFO Channel 02/0 : 8[7000] -> 13[46000] [send] via NET/IB/1
x3012c0s19b0n0:37022:41717 [0] NCCL INFO GPU Direct RDMA Disabled for GPU 7000 / HCA 0 (distance 7 > 4)
x3012c0s19b0n0:37022:41866 [0] NCCL INFO New proxy send connection 15 from local rank 0, transport 2
x3012c0s19b0n0:37024:41858 [2] NCCL INFO transport/p2p.cc:449 Cuda Alloc Size 6291456 pointer 0x152ca2c00000
x3012c0s19b0n0:37022:41717 [0] NCCL INFO Connection to proxy localRank 0 -> connection 0x14c204001040
x3012c0s19b0n0:37022:41717 [0] NCCL INFO Channel 03/0 : 8[7000] -> 13[46000] [send] via NET/IB/0
x3012c0s19b0n0:37022:41866 [0] NCCL INFO transport/net_ib.cc:596 Ib Alloc Size 26560 pointer 0x14c204059000
x3012c0s19b0n0:37022:41866 [0] NCCL INFO NET/IB: Dev 1 Port 1 qpn 3274 mtu 5 GID 0 (80FE/CD1100FEFF000000)
x3012c0s19b0n0:37022:41866 [0] NCCL INFO transport/net_ib.cc:653 Ib Alloc Size 552 pointer 0x14c204070000
x3012c0s19b0n0:37022:41866 [0] NCCL INFO transport/net.cc:571 Cuda Host Alloc Size 9641984 pointer 0x14c1f7400000
x3012c0s19b0n0:37024:41858 [2] NCCL INFO New proxy recv connection 15 from local rank 2, transport 0
x3012c0s19b0n0:37022:41866 [0] NCCL INFO transport/net_ib.cc:596 Ib Alloc Size 26560 pointer 0x14c204072000
x3012c0s19b0n0:37024:41715 [2] NCCL INFO Connection to proxy localRank 2 -> connection 0x152cb0001040
x3012c0s19b0n0:37022:41866 [0] NCCL INFO NET/IB: Dev 0 Port 1 qpn 3504 mtu 5 GID 0 (80FE/9B1100FEFF000000)
x3012c0s19b0n0:37022:41866 [0] NCCL INFO transport/net_ib.cc:653 Ib Alloc Size 552 pointer 0x14c204089000
x3012c0s19b0n0:37022:41866 [0] NCCL INFO transport/net.cc:571 Cuda Host Alloc Size 9641984 pointer 0x14c1ee000000
x3012c0s19b0n0:37024:41858 [2] NCCL INFO transport/p2p.cc:449 Cuda Alloc Size 6291456 pointer 0x152ca3200000
x3012c0s19b0n0:37022:41717 [0] NCCL INFO GPU Direct RDMA Disabled for GPU 7000 / HCA 1 (distance 7 > 4)
x3012c0s19b0n0:37022:41866 [0] NCCL INFO New proxy send connection 16 from local rank 0, transport 2
x3012c0s19b0n0:37024:41715 [2] NCCL INFO Channel 00/0 : 10[85000] -> 9[46000] via P2P/IPC/read
x3012c0s19b0n0:37024:41858 [2] NCCL INFO New proxy send connection 16 from local rank 2, transport 0
x3012c0s19b0n0:37022:41717 [0] NCCL INFO Connection to proxy localRank 0 -> connection 0x14c204001080
x3012c0s19b0n0:37022:41717 [0] NCCL INFO Channel 00/0 : 8[7000] -> 17[46000] [send] via NET/IB/1
x3012c0s19b0n0:37022:41717 [0] NCCL INFO GPU Direct RDMA Disabled for GPU 7000 / HCA 0 (distance 7 > 4)
x3012c0s19b0n0:37022:41866 [0] NCCL INFO New proxy send connection 17 from local rank 0, transport 2
x3012c0s19b0n0:37024:41715 [2] NCCL INFO Connection to proxy localRank 2 -> connection 0x152cb0001080
x3012c0s19b0n0:37024:41858 [2] NCCL INFO transport/p2p.cc:430 Cuda Alloc Size 6291456 pointer 0x152ca3800000
x3012c0s19b0n0:37022:41717 [0] NCCL INFO Connection to proxy localRank 0 -> connection 0x14c2040010c0
x3012c0s19b0n0:37022:41717 [0] NCCL INFO Channel 01/0 : 8[7000] -> 17[46000] [send] via NET/IB/0
x3012c0s19b0n0:37022:41866 [0] NCCL INFO transport/net_ib.cc:596 Ib Alloc Size 26560 pointer 0x14c204095000
x3012c0s19b0n0:37023:41855 [1] NCCL INFO transport/net_ib.cc:683 Ib Alloc Size 21688 pointer 0x14bb080be000
x3012c0s19b0n0:37023:41855 [1] NCCL INFO transport/net_ib.cc:696 Ib Alloc Size 552 pointer 0x14bb0801a000
x3012c0s19b0n0:37022:41866 [0] NCCL INFO NET/IB: Dev 1 Port 1 qpn 3275 mtu 5 GID 0 (80FE/CD1100FEFF000000)
x3012c0s19b0n0:37022:41866 [0] NCCL INFO transport/net_ib.cc:653 Ib Alloc Size 552 pointer 0x14c2040ac000
x3012c0s19b0n0:37022:41866 [0] NCCL INFO transport/net.cc:571 Cuda Host Alloc Size 9641984 pointer 0x14c1eea00000
x3012c0s19b0n0:37024:41715 [2] NCCL INFO Channel 01/0 : 10[85000] -> 9[46000] via P2P/IPC/read
x3012c0s19b0n0:37024:41858 [2] NCCL INFO New proxy send connection 17 from local rank 2, transport 0
x3012c0s19b0n0:37022:41866 [0] NCCL INFO transport/net_ib.cc:596 Ib Alloc Size 26560 pointer 0x14c2040ae000
x3012c0s19b0n0:37023:41855 [1] NCCL INFO transport/net_ib.cc:771 Ib Alloc Size 552 pointer 0x14bb080df000
x3012c0s19b0n0:37023:41855 [1] NCCL INFO transport/net.cc:698 Cuda Host Alloc Size 9641984 pointer 0x14baf4000000
x3012c0s19b0n0:37022:41866 [0] NCCL INFO NET/IB: Dev 0 Port 1 qpn 3505 mtu 5 GID 0 (80FE/9B1100FEFF000000)
x3012c0s19b0n0:37022:41866 [0] NCCL INFO transport/net_ib.cc:653 Ib Alloc Size 552 pointer 0x14c2040c5000
x3012c0s19b0n0:37022:41866 [0] NCCL INFO transport/net.cc:571 Cuda Host Alloc Size 9641984 pointer 0x14c1ef400000
x3012c0s19b0n0:37024:41715 [2] NCCL INFO Connection to proxy localRank 2 -> connection 0x152cb00010c0
x3012c0s19b0n0:37024:41858 [2] NCCL INFO transport/p2p.cc:430 Cuda Alloc Size 6291456 pointer 0x152ca0000000
x3012c0s19b0n0:37022:41717 [0] NCCL INFO GPU Direct RDMA Disabled for GPU 7000 / HCA 1 (distance 7 > 4)
x3012c0s19b0n0:37022:41866 [0] NCCL INFO New proxy recv connection 18 from local rank 0, transport 2
x3012c0s19b0n0:37023:41855 [1] NCCL INFO transport/net_ib.cc:683 Ib Alloc Size 21688 pointer 0x14bb080e1000
x3012c0s19b0n0:37023:41855 [1] NCCL INFO transport/net_ib.cc:696 Ib Alloc Size 552 pointer 0x14bb080e8000
x3012c0s19b0n0:37024:41715 [2] NCCL INFO Channel 02/0 : 10[85000] -> 9[46000] via P2P/IPC/read
x3012c0s19b0n0:37023:41855 [1] NCCL INFO transport/net_ib.cc:771 Ib Alloc Size 552 pointer 0x14bb08103000
x3012c0s19b0n0:37023:41855 [1] NCCL INFO transport/net.cc:698 Cuda Host Alloc Size 9641984 pointer 0x14baf4a00000
x3012c0s19b0n0:37024:41858 [2] NCCL INFO New proxy send connection 18 from local rank 2, transport 0
x3012c0s19b0n0:37024:41715 [2] NCCL INFO Connection to proxy localRank 2 -> connection 0x152cb0001100
x3012c0s19b0n0:37022:41717 [0] NCCL INFO Connection to proxy localRank 0 -> connection 0x14c204001100
x3012c0s19b0n0:37023:41718 [1] NCCL INFO GPU Direct RDMA Disabled for GPU 46000 / HCA 1 (distance 6 > 4)
x3012c0s19b0n0:37023:41855 [1] NCCL INFO New proxy send connection 18 from local rank 1, transport 2
x3012c0s19b0n0:37024:41858 [2] NCCL INFO transport/p2p.cc:430 Cuda Alloc Size 6291456 pointer 0x152ca0600000
x3012c0s19b0n0:37023:41718 [1] NCCL INFO Connection to proxy localRank 1 -> connection 0x14bb08001100
x3012c0s19b0n0:37023:41718 [1] NCCL INFO Channel 00/0 : 9[46000] -> 4[7000] [send] via NET/IB/1
x3012c0s19b0n0:37023:41718 [1] NCCL INFO GPU Direct RDMA Disabled for GPU 46000 / HCA 0 (distance 7 > 4)
x3012c0s19b0n0:37023:41855 [1] NCCL INFO New proxy send connection 19 from local rank 1, transport 2
x3012c0s19b0n0:37022:41717 [0] NCCL INFO Channel 00/0 : 17[46000] -> 8[7000] [receive] via NET/IB/1
x3012c0s19b0n0:37022:41717 [0] NCCL INFO GPU Direct RDMA Disabled for GPU 7000 / HCA 0 (distance 7 > 4)
x3012c0s19b0n0:37022:41866 [0] NCCL INFO New proxy recv connection 19 from local rank 0, transport 2
x3012c0s19b0n0:37024:41715 [2] NCCL INFO Channel 03/0 : 10[85000] -> 9[46000] via P2P/IPC/read
x3012c0s19b0n0:37024:41858 [2] NCCL INFO New proxy send connection 19 from local rank 2, transport 0
x3012c0s19b0n0:37023:41718 [1] NCCL INFO Connection to proxy localRank 1 -> connection 0x14bb08001140
x3012c0s19b0n0:37023:41718 [1] NCCL INFO Channel 01/0 : 9[46000] -> 4[7000] [send] via NET/IB/0
x3012c0s19b0n0:37023:41855 [1] NCCL INFO transport/net_ib.cc:596 Ib Alloc Size 26560 pointer 0x14bb0810f000
x3012c0s19b0n0:37022:41717 [0] NCCL INFO Connection to proxy localRank 0 -> connection 0x14c204001140
x3012c0s19b0n0:37024:41715 [2] NCCL INFO Connection to proxy localRank 2 -> connection 0x152cb0001140
x3012c0s19b0n0:37024:41858 [2] NCCL INFO transport/p2p.cc:430 Cuda Alloc Size 6291456 pointer 0x152ca0c00000
x3012c0s19b0n0:37023:41855 [1] NCCL INFO NET/IB: Dev 1 Port 1 qpn 3278 mtu 5 GID 0 (80FE/CD1100FEFF000000)
x3012c0s19b0n0:37023:41855 [1] NCCL INFO transport/net_ib.cc:653 Ib Alloc Size 552 pointer 0x14bb08126000
x3012c0s19b0n0:37023:41855 [1] NCCL INFO transport/net.cc:571 Cuda Host Alloc Size 9641984 pointer 0x14baf5400000
x3012c0s19b0n0:37023:41855 [1] NCCL INFO transport/net_ib.cc:596 Ib Alloc Size 26560 pointer 0x14bb08128000
x3012c0s19b0n0:37022:41717 [0] NCCL INFO Channel 01/0 : 17[46000] -> 8[7000] [receive] via NET/IB/0
x3012c0s19b0n0:37023:41855 [1] NCCL INFO NET/IB: Dev 0 Port 1 qpn 3508 mtu 5 GID 0 (80FE/9B1100FEFF000000)
x3012c0s19b0n0:37023:41855 [1] NCCL INFO transport/net_ib.cc:653 Ib Alloc Size 552 pointer 0x14bb0813f000
x3012c0s19b0n0:37023:41855 [1] NCCL INFO transport/net.cc:571 Cuda Host Alloc Size 9641984 pointer 0x14baf2000000
x3012c0s19b0n0:37025:41716 [3] NCCL INFO Connected all trees by HAO
x3012c0s19b0n0:37025:41716 [3] NCCL INFO threadThresholds 8/8/64 | 160/8/64 | 512 | 512
x3012c0s19b0n0:37025:41716 [3] NCCL INFO 4 coll channels, 4 p2p channels, 2 p2p channels per peer
x3012c0s19b0n0:37022:41866 [0] NCCL INFO transport/net_ib.cc:683 Ib Alloc Size 21688 pointer 0x14c2040d1000
x3012c0s19b0n0:37025:41860 [3] NCCL INFO New proxy send connection 12 from local rank 3, transport 2
x3012c0s19b0n0:37025:41716 [3] NCCL INFO Connection to proxy localRank 3 -> connection 0x14a874000f80
x3012c0s19b0n0:37025:41860 [3] NCCL INFO transport/net.cc:376 Cuda Alloc Size 8388608 pointer 0x14a86a600000
x3012c0s19b0n0:37023:41855 [1] NCCL INFO New proxy recv connection 20 from local rank 1, transport 0
x3012c0s19b0n0:37022:41866 [0] NCCL INFO transport/net_ib.cc:696 Ib Alloc Size 552 pointer 0x14c2040d8000
x3012c0s19b0n0:37022:41866 [0] NCCL INFO transport/net_ib.cc:771 Ib Alloc Size 552 pointer 0x14c2040f4000
x3012c0s19b0n0:37022:41866 [0] NCCL INFO transport/net.cc:698 Cuda Host Alloc Size 9641984 pointer 0x14c1ec000000
x3012c0s19b0n0:37023:41718 [1] NCCL INFO Connection to proxy localRank 1 -> connection 0x14bb08001180
x3012c0s19b0n0:37023:41855 [1] NCCL INFO transport/p2p.cc:449 Cuda Alloc Size 6291456 pointer 0x14baf2a00000
x3012c0s19b0n0:37022:41866 [0] NCCL INFO transport/net_ib.cc:683 Ib Alloc Size 21688 pointer 0x14c2040f6000
x3012c0s19b0n0:37022:41866 [0] NCCL INFO transport/net_ib.cc:696 Ib Alloc Size 552 pointer 0x14c2040fd000
x3012c0s19b0n0:37023:41855 [1] NCCL INFO New proxy recv connection 21 from local rank 1, transport 0
x3012c0s19b0n0:37023:41718 [1] NCCL INFO Connection to proxy localRank 1 -> connection 0x14bb080011c0
x3012c0s19b0n0:37022:41866 [0] NCCL INFO transport/net_ib.cc:771 Ib Alloc Size 552 pointer 0x14c204118000
x3012c0s19b0n0:37022:41866 [0] NCCL INFO transport/net.cc:698 Cuda Host Alloc Size 9641984 pointer 0x14c1eca00000
x3012c0s19b0n0:37023:41855 [1] NCCL INFO transport/p2p.cc:449 Cuda Alloc Size 6291456 pointer 0x14baf3000000
x3012c0s19b0n0:37022:41717 [0] NCCL INFO GPU Direct RDMA Disabled for GPU 7000 / HCA 1 (distance 7 > 4)
x3012c0s19b0n0:37022:41866 [0] NCCL INFO New proxy recv connection 20 from local rank 0, transport 2
x3012c0s19b0n0:37022:41717 [0] NCCL INFO Connection to proxy localRank 0 -> connection 0x14c204001180
x3012c0s19b0n0:37023:41855 [1] NCCL INFO New proxy recv connection 22 from local rank 1, transport 0
x3012c0s19b0n0:37023:41718 [1] NCCL INFO Connection to proxy localRank 1 -> connection 0x14bb08001200
x3012c0s19b0n0:37023:41855 [1] NCCL INFO transport/p2p.cc:449 Cuda Alloc Size 6291456 pointer 0x14baf3600000
x3012c0s19b0n0:37022:41717 [0] NCCL INFO Channel 02/0 : 13[46000] -> 8[7000] [receive] via NET/IB/1
