x3001c0s37b0n0:36464:40008 [0] NCCL INFO Connection to proxy localRank 0 -> connection 0x15477c000dc0
x3001c0s37b0n0:36464:40139 [0] NCCL INFO transport/p2p.cc:449 Cuda Alloc Size 6291456 pointer 0x15478da00000
x3001c0s37b0n0:36466:40141 [2] NCCL INFO New proxy recv connection 10 from local rank 2, transport 0
x3001c0s37b0n0:36465:40002 [1] NCCL INFO Connection to proxy localRank 1 -> connection 0x15109c000dc0
x3001c0s37b0n0:36465:40140 [1] NCCL INFO transport/p2p.cc:430 Cuda Alloc Size 6291456 pointer 0x1510ad800000
x3001c0s37b0n0:36467:40007 [3] NCCL INFO Connection to proxy localRank 3 -> connection 0x149b60000f40
x3001c0s37b0n0:36467:40142 [3] NCCL INFO transport/p2p.cc:430 Cuda Alloc Size 6291456 pointer 0x149b89a00000
x3001c0s37b0n0:36465:40002 [1] NCCL INFO Channel 02/0 : 9[46000] -> 8[7000] via P2P/IPC/read
x3001c0s37b0n0:36465:40140 [1] NCCL INFO New proxy send connection 6 from local rank 1, transport 0
x3001c0s37b0n0:36465:40002 [1] NCCL INFO Connection to proxy localRank 1 -> connection 0x15109c000e00
x3001c0s37b0n0:36464:40139 [0] NCCL INFO New proxy recv connection 6 from local rank 0, transport 0
x3001c0s37b0n0:36466:40004 [2] NCCL INFO Connection to proxy localRank 2 -> connection 0x1515b0000f00
x3001c0s37b0n0:36466:40141 [2] NCCL INFO transport/p2p.cc:449 Cuda Alloc Size 6291456 pointer 0x1515d3a00000
x3001c0s37b0n0:36465:40140 [1] NCCL INFO transport/p2p.cc:430 Cuda Alloc Size 6291456 pointer 0x1510b1a00000
x3001c0s37b0n0:36464:40008 [0] NCCL INFO Connection to proxy localRank 0 -> connection 0x15477c000e00
x3001c0s37b0n0:36464:40139 [0] NCCL INFO transport/p2p.cc:449 Cuda Alloc Size 6291456 pointer 0x15478fa00000
x3001c0s37b0n0:36465:40002 [1] NCCL INFO Channel 03/0 : 9[46000] -> 8[7000] via P2P/IPC/read
x3001c0s37b0n0:36465:40140 [1] NCCL INFO New proxy send connection 7 from local rank 1, transport 0
x3001c0s37b0n0:36464:40139 [0] NCCL INFO New proxy recv connection 7 from local rank 0, transport 0
x3001c0s37b0n0:36466:40141 [2] NCCL INFO New proxy recv connection 11 from local rank 2, transport 0
x3001c0s37b0n0:36465:40002 [1] NCCL INFO Connection to proxy localRank 1 -> connection 0x15109c000e40
x3001c0s37b0n0:36465:40140 [1] NCCL INFO transport/p2p.cc:430 Cuda Alloc Size 6291456 pointer 0x1510b3a00000
x3001c0s37b0n0:36466:40004 [2] NCCL INFO Connection to proxy localRank 2 -> connection 0x1515b0000f40
x3001c0s37b0n0:36466:40141 [2] NCCL INFO transport/p2p.cc:449 Cuda Alloc Size 6291456 pointer 0x1515d5a00000
x3001c0s37b0n0:36464:40008 [0] NCCL INFO Connection to proxy localRank 0 -> connection 0x15477c000e40
x3001c0s37b0n0:36464:40139 [0] NCCL INFO transport/p2p.cc:449 Cuda Alloc Size 6291456 pointer 0x154791a00000
x3001c0s37b0n0:36464:40008 [0] NCCL INFO Connected all rings
x3001c0s37b0n0:36464:40008 [0] NCCL INFO Channel 00/0 : 8[7000] -> 9[46000] via P2P/IPC/read
x3001c0s37b0n0:36464:40139 [0] NCCL INFO New proxy send connection 8 from local rank 0, transport 0
x3001c0s37b0n0:36465:40002 [1] NCCL INFO Connected all rings
x3001c0s37b0n0:36465:40140 [1] NCCL INFO New proxy recv connection 8 from local rank 1, transport 0
x3001c0s37b0n0:36464:40008 [0] NCCL INFO Connection to proxy localRank 0 -> connection 0x15477c000e80
x3001c0s37b0n0:36464:40139 [0] NCCL INFO transport/p2p.cc:430 Cuda Alloc Size 6291456 pointer 0x154799400000
x3001c0s37b0n0:36465:40002 [1] NCCL INFO Connection to proxy localRank 1 -> connection 0x15109c000e80
x3001c0s37b0n0:36465:40140 [1] NCCL INFO transport/p2p.cc:449 Cuda Alloc Size 6291456 pointer 0x1510c1400000
x3001c0s37b0n0:36465:40140 [1] NCCL INFO New proxy recv connection 9 from local rank 1, transport 0
x3001c0s37b0n0:36464:40008 [0] NCCL INFO Channel 01/0 : 8[7000] -> 9[46000] via P2P/IPC/read
x3001c0s37b0n0:36464:40139 [0] NCCL INFO New proxy send connection 9 from local rank 0, transport 0
x3001c0s37b0n0:36465:40002 [1] NCCL INFO Connection to proxy localRank 1 -> connection 0x15109c000ec0
x3001c0s37b0n0:36465:40140 [1] NCCL INFO transport/p2p.cc:449 Cuda Alloc Size 6291456 pointer 0x1510c1a00000
x3001c0s37b0n0:36464:40008 [0] NCCL INFO Connection to proxy localRank 0 -> connection 0x15477c000ec0
x3001c0s37b0n0:36464:40139 [0] NCCL INFO transport/p2p.cc:430 Cuda Alloc Size 6291456 pointer 0x154799a00000
x3001c0s37b0n0:36464:40008 [0] NCCL INFO Channel 02/0 : 8[7000] -> 9[46000] via P2P/IPC/read
x3001c0s37b0n0:36464:40139 [0] NCCL INFO New proxy send connection 10 from local rank 0, transport 0
x3001c0s37b0n0:36465:40140 [1] NCCL INFO New proxy recv connection 10 from local rank 1, transport 0
x3001c0s37b0n0:36464:40008 [0] NCCL INFO Connection to proxy localRank 0 -> connection 0x15477c000f00
x3001c0s37b0n0:36464:40139 [0] NCCL INFO transport/p2p.cc:430 Cuda Alloc Size 6291456 pointer 0x15479ba00000
x3001c0s37b0n0:36465:40002 [1] NCCL INFO Connection to proxy localRank 1 -> connection 0x15109c000f00
x3001c0s37b0n0:36465:40140 [1] NCCL INFO transport/p2p.cc:449 Cuda Alloc Size 6291456 pointer 0x1510c3a00000
x3001c0s37b0n0:36464:40008 [0] NCCL INFO Channel 03/0 : 8[7000] -> 9[46000] via P2P/IPC/read
x3001c0s37b0n0:36464:40139 [0] NCCL INFO New proxy send connection 11 from local rank 0, transport 0
x3001c0s37b0n0:36465:40140 [1] NCCL INFO New proxy recv connection 11 from local rank 1, transport 0
x3001c0s37b0n0:36464:40008 [0] NCCL INFO Connection to proxy localRank 0 -> connection 0x15477c000f40
x3001c0s37b0n0:36464:40139 [0] NCCL INFO transport/p2p.cc:430 Cuda Alloc Size 6291456 pointer 0x15479da00000
x3001c0s37b0n0:36465:40002 [1] NCCL INFO Connection to proxy localRank 1 -> connection 0x15109c000f40
x3001c0s37b0n0:36465:40140 [1] NCCL INFO transport/p2p.cc:449 Cuda Alloc Size 6291456 pointer 0x1510c5a00000
x3001c0s37b0n0:36465:40002 [1] NCCL INFO Channel 00/0 : 9[46000] -> 10[85000] via P2P/IPC/read
x3001c0s37b0n0:36465:40140 [1] NCCL INFO New proxy send connection 12 from local rank 1, transport 0
x3001c0s37b0n0:36465:40002 [1] NCCL INFO Connection to proxy localRank 1 -> connection 0x15109c000f80
x3001c0s37b0n0:36465:40140 [1] NCCL INFO transport/p2p.cc:430 Cuda Alloc Size 6291456 pointer 0x1510c9400000
x3001c0s37b0n0:36465:40002 [1] NCCL INFO Channel 01/0 : 9[46000] -> 10[85000] via P2P/IPC/read
x3001c0s37b0n0:36465:40140 [1] NCCL INFO New proxy send connection 13 from local rank 1, transport 0
x3001c0s37b0n0:36465:40002 [1] NCCL INFO Connection to proxy localRank 1 -> connection 0x15109c000fc0
x3001c0s37b0n0:36465:40140 [1] NCCL INFO transport/p2p.cc:430 Cuda Alloc Size 6291456 pointer 0x1510c9a00000
x3001c0s37b0n0:36465:40002 [1] NCCL INFO Channel 02/0 : 9[46000] -> 10[85000] via P2P/IPC/read
x3001c0s37b0n0:36465:40140 [1] NCCL INFO New proxy send connection 14 from local rank 1, transport 0
x3001c0s37b0n0:36465:40002 [1] NCCL INFO Connection to proxy localRank 1 -> connection 0x15109c001000
x3001c0s37b0n0:36465:40140 [1] NCCL INFO transport/p2p.cc:430 Cuda Alloc Size 6291456 pointer 0x1510cba00000
x3001c0s37b0n0:36465:40002 [1] NCCL INFO Channel 03/0 : 9[46000] -> 10[85000] via P2P/IPC/read
x3001c0s37b0n0:36465:40140 [1] NCCL INFO New proxy send connection 15 from local rank 1, transport 0
x3001c0s37b0n0:36465:40002 [1] NCCL INFO Connection to proxy localRank 1 -> connection 0x15109c001040
x3001c0s37b0n0:36465:40140 [1] NCCL INFO transport/p2p.cc:430 Cuda Alloc Size 6291456 pointer 0x1510cda00000
x3001c0s37b0n0:36465:40002 [1] NCCL INFO GPU Direct RDMA Disabled for GPU 46000 / HCA 1 (distance 6 > 4)
x3001c0s37b0n0:36465:40140 [1] NCCL INFO New proxy recv connection 16 from local rank 1, transport 2
x3001c0s37b0n0:36464:40008 [0] NCCL INFO GPU Direct RDMA Disabled for GPU 7000 / HCA 1 (distance 7 > 4)
x3001c0s37b0n0:36464:40139 [0] NCCL INFO Allocated 4194656 bytes of shared memory in /dev/shm/nccl-36mNZp

x3001c0s37b0n0:36464:40139 [0] NCCL INFO New proxy send connection 12 from local rank 0, transport 2
x3001c0s37b0n0:36466:40141 [2] NCCL INFO New proxy recv connection 12 from local rank 2, transport 0
x3001c0s37b0n0:36464:40008 [0] NCCL INFO Connection to proxy localRank 0 -> connection 0x15477c000f80
x3001c0s37b0n0:36464:40008 [0] NCCL INFO Channel 00/0 : 8[7000] -> 12[7000] [send] via NET/IB/1
x3001c0s37b0n0:36464:40008 [0] NCCL INFO GPU Direct RDMA Disabled for GPU 7000 / HCA 0 (distance 7 > 4)
x3001c0s37b0n0:36464:40139 [0] NCCL INFO New proxy send connection 13 from local rank 0, transport 2
x3001c0s37b0n0:36466:40004 [2] NCCL INFO Connection to proxy localRank 2 -> connection 0x1515b0000f80
x3001c0s37b0n0:36466:40141 [2] NCCL INFO transport/p2p.cc:449 Cuda Alloc Size 6291456 pointer 0x1515dda00000
x3001c0s37b0n0:36465:40002 [1] NCCL INFO Connection to proxy localRank 1 -> connection 0x15109c001080
x3001c0s37b0n0:36465:40002 [1] NCCL INFO Channel 00/0 : 4[7000] -> 9[46000] [receive] via NET/IB/1
x3001c0s37b0n0:36465:40002 [1] NCCL INFO GPU Direct RDMA Disabled for GPU 46000 / HCA 0 (distance 7 > 4)
x3001c0s37b0n0:36465:40140 [1] NCCL INFO New proxy recv connection 17 from local rank 1, transport 2
x3001c0s37b0n0:36464:40008 [0] NCCL INFO Connection to proxy localRank 0 -> connection 0x15477c000fc0
x3001c0s37b0n0:36464:40008 [0] NCCL INFO Channel 01/0 : 8[7000] -> 12[7000] [send] via NET/IB/0
x3001c0s37b0n0:36466:40141 [2] NCCL INFO New proxy recv connection 13 from local rank 2, transport 0
x3001c0s37b0n0:36466:40004 [2] NCCL INFO Connection to proxy localRank 2 -> connection 0x1515b0000fc0
x3001c0s37b0n0:36466:40141 [2] NCCL INFO transport/p2p.cc:449 Cuda Alloc Size 6291456 pointer 0x1515e1400000
x3001c0s37b0n0:36465:40002 [1] NCCL INFO Connection to proxy localRank 1 -> connection 0x15109c0010c0
x3001c0s37b0n0:36465:40002 [1] NCCL INFO Channel 01/0 : 4[7000] -> 9[46000] [receive] via NET/IB/0
x3001c0s37b0n0:36466:40141 [2] NCCL INFO New proxy recv connection 14 from local rank 2, transport 0
x3001c0s37b0n0:36466:40004 [2] NCCL INFO Connection to proxy localRank 2 -> connection 0x1515b0001000
x3001c0s37b0n0:36466:40141 [2] NCCL INFO transport/p2p.cc:449 Cuda Alloc Size 6291456 pointer 0x1515e1a00000
x3001c0s37b0n0:36464:40139 [0] NCCL INFO transport/net_ib.cc:596 Ib Alloc Size 26560 pointer 0x15477c01a000
x3001c0s37b0n0:36464:40139 [0] NCCL INFO NET/IB: Dev 1 Port 1 qpn 29459 mtu 5 GID 0 (80FE/480000FEFF000000)
x3001c0s37b0n0:36464:40139 [0] NCCL INFO transport/net_ib.cc:653 Ib Alloc Size 552 pointer 0x15477c032000
x3001c0s37b0n0:36464:40139 [0] NCCL INFO transport/net.cc:571 Cuda Host Alloc Size 9641984 pointer 0x1547a7400000
x3001c0s37b0n0:36466:40141 [2] NCCL INFO New proxy recv connection 15 from local rank 2, transport 0
x3001c0s37b0n0:36464:40139 [0] NCCL INFO transport/net_ib.cc:596 Ib Alloc Size 26560 pointer 0x15477c034000
x3001c0s37b0n0:36464:40139 [0] NCCL INFO NET/IB: Dev 0 Port 1 qpn 29528 mtu 5 GID 0 (80FE/780000FEFF000000)
x3001c0s37b0n0:36464:40139 [0] NCCL INFO transport/net_ib.cc:653 Ib Alloc Size 552 pointer 0x15477c04b000
x3001c0s37b0n0:36464:40139 [0] NCCL INFO transport/net.cc:571 Cuda Host Alloc Size 9641984 pointer 0x1547ad400000
x3001c0s37b0n0:36466:40004 [2] NCCL INFO Connection to proxy localRank 2 -> connection 0x1515b0001040
x3001c0s37b0n0:36466:40141 [2] NCCL INFO transport/p2p.cc:449 Cuda Alloc Size 6291456 pointer 0x1515e3a00000
x3001c0s37b0n0:36464:40008 [0] NCCL INFO GPU Direct RDMA Disabled for GPU 7000 / HCA 1 (distance 7 > 4)
x3001c0s37b0n0:36464:40139 [0] NCCL INFO New proxy send connection 14 from local rank 0, transport 2
x3001c0s37b0n0:36466:40004 [2] NCCL INFO Channel 00/0 : 10[85000] -> 9[46000] via P2P/IPC/read
x3001c0s37b0n0:36466:40141 [2] NCCL INFO New proxy send connection 16 from local rank 2, transport 0
x3001c0s37b0n0:36464:40008 [0] NCCL INFO Connection to proxy localRank 0 -> connection 0x15477c001000
x3001c0s37b0n0:36464:40008 [0] NCCL INFO Channel 02/0 : 8[7000] -> 13[46000] [send] via NET/IB/1
x3001c0s37b0n0:36464:40008 [0] NCCL INFO GPU Direct RDMA Disabled for GPU 7000 / HCA 0 (distance 7 > 4)
x3001c0s37b0n0:36464:40139 [0] NCCL INFO New proxy send connection 15 from local rank 0, transport 2
x3001c0s37b0n0:36466:40004 [2] NCCL INFO Connection to proxy localRank 2 -> connection 0x1515b0001080
x3001c0s37b0n0:36464:40008 [0] NCCL INFO Connection to proxy localRank 0 -> connection 0x15477c001040
x3001c0s37b0n0:36464:40008 [0] NCCL INFO Channel 03/0 : 8[7000] -> 13[46000] [send] via NET/IB/0
x3001c0s37b0n0:36464:40139 [0] NCCL INFO transport/net_ib.cc:596 Ib Alloc Size 26560 pointer 0x15477c057000
x3001c0s37b0n0:36464:40139 [0] NCCL INFO NET/IB: Dev 1 Port 1 qpn 29460 mtu 5 GID 0 (80FE/480000FEFF000000)
x3001c0s37b0n0:36464:40139 [0] NCCL INFO transport/net_ib.cc:653 Ib Alloc Size 552 pointer 0x15477c06e000
x3001c0s37b0n0:36464:40139 [0] NCCL INFO transport/net.cc:571 Cuda Host Alloc Size 9641984 pointer 0x1547b3400000
x3001c0s37b0n0:36466:40141 [2] NCCL INFO transport/p2p.cc:430 Cuda Alloc Size 6291456 pointer 0x1515e5a00000
x3001c0s37b0n0:36466:40004 [2] NCCL INFO Channel 01/0 : 10[85000] -> 9[46000] via P2P/IPC/read
x3001c0s37b0n0:36466:40141 [2] NCCL INFO New proxy send connection 17 from local rank 2, transport 0
x3001c0s37b0n0:36464:40139 [0] NCCL INFO transport/net_ib.cc:596 Ib Alloc Size 26560 pointer 0x15477c070000
x3001c0s37b0n0:36464:40139 [0] NCCL INFO NET/IB: Dev 0 Port 1 qpn 29529 mtu 5 GID 0 (80FE/780000FEFF000000)
x3001c0s37b0n0:36464:40139 [0] NCCL INFO transport/net_ib.cc:653 Ib Alloc Size 552 pointer 0x15477c087000
x3001c0s37b0n0:36464:40139 [0] NCCL INFO transport/net.cc:571 Cuda Host Alloc Size 9641984 pointer 0x1547bb400000
x3001c0s37b0n0:36466:40004 [2] NCCL INFO Connection to proxy localRank 2 -> connection 0x1515b00010c0
x3001c0s37b0n0:36466:40141 [2] NCCL INFO transport/p2p.cc:430 Cuda Alloc Size 6291456 pointer 0x1515e7400000
x3001c0s37b0n0:36466:40004 [2] NCCL INFO Channel 02/0 : 10[85000] -> 9[46000] via P2P/IPC/read
x3001c0s37b0n0:36466:40141 [2] NCCL INFO New proxy send connection 18 from local rank 2, transport 0
x3001c0s37b0n0:36465:40140 [1] NCCL INFO transport/net_ib.cc:683 Ib Alloc Size 21688 pointer 0x15109c0b9000
x3001c0s37b0n0:36465:40140 [1] NCCL INFO transport/net_ib.cc:696 Ib Alloc Size 552 pointer 0x15109c0c0000
x3001c0s37b0n0:36466:40004 [2] NCCL INFO Connection to proxy localRank 2 -> connection 0x1515b0001100
x3001c0s37b0n0:36466:40141 [2] NCCL INFO transport/p2p.cc:430 Cuda Alloc Size 6291456 pointer 0x1515e7a00000
x3001c0s37b0n0:36464:40008 [0] NCCL INFO GPU Direct RDMA Disabled for GPU 7000 / HCA 1 (distance 7 > 4)
x3001c0s37b0n0:36464:40139 [0] NCCL INFO New proxy send connection 16 from local rank 0, transport 2
x3001c0s37b0n0:36466:40004 [2] NCCL INFO Channel 03/0 : 10[85000] -> 9[46000] via P2P/IPC/read
x3001c0s37b0n0:36466:40141 [2] NCCL INFO New proxy send connection 19 from local rank 2, transport 0
x3001c0s37b0n0:36465:40140 [1] NCCL INFO transport/net_ib.cc:771 Ib Alloc Size 552 pointer 0x15109c0dd000
x3001c0s37b0n0:36465:40140 [1] NCCL INFO transport/net.cc:698 Cuda Host Alloc Size 9641984 pointer 0x1510db400000
x3001c0s37b0n0:36464:40008 [0] NCCL INFO Connection to proxy localRank 0 -> connection 0x15477c001080
x3001c0s37b0n0:36464:40008 [0] NCCL INFO Channel 00/0 : 8[7000] -> 17[46000] [send] via NET/IB/1
x3001c0s37b0n0:36464:40008 [0] NCCL INFO GPU Direct RDMA Disabled for GPU 7000 / HCA 0 (distance 7 > 4)
x3001c0s37b0n0:36464:40139 [0] NCCL INFO New proxy send connection 17 from local rank 0, transport 2
x3001c0s37b0n0:36466:40004 [2] NCCL INFO Connection to proxy localRank 2 -> connection 0x1515b0001140
x3001c0s37b0n0:36466:40141 [2] NCCL INFO transport/p2p.cc:430 Cuda Alloc Size 6291456 pointer 0x1515e9a00000
x3001c0s37b0n0:36465:40140 [1] NCCL INFO transport/net_ib.cc:683 Ib Alloc Size 21688 pointer 0x15109c0df000
x3001c0s37b0n0:36465:40140 [1] NCCL INFO transport/net_ib.cc:696 Ib Alloc Size 552 pointer 0x15109c0e6000
x3001c0s37b0n0:36465:40140 [1] NCCL INFO transport/net_ib.cc:771 Ib Alloc Size 552 pointer 0x15109c101000
x3001c0s37b0n0:36465:40140 [1] NCCL INFO transport/net.cc:698 Cuda Host Alloc Size 9641984 pointer 0x1510e3400000
x3001c0s37b0n0:36467:40007 [3] NCCL INFO Connected all trees by HAO
x3001c0s37b0n0:36467:40007 [3] NCCL INFO threadThresholds 8/8/64 | 160/8/64 | 512 | 512
x3001c0s37b0n0:36467:40007 [3] NCCL INFO 4 coll channels, 4 p2p channels, 2 p2p channels per peer
x3001c0s37b0n0:36467:40142 [3] NCCL INFO New proxy send connection 12 from local rank 3, transport 2
x3001c0s37b0n0:36464:40008 [0] NCCL INFO Connection to proxy localRank 0 -> connection 0x15477c0010c0
x3001c0s37b0n0:36464:40008 [0] NCCL INFO Channel 01/0 : 8[7000] -> 17[46000] [send] via NET/IB/0
x3001c0s37b0n0:36464:40139 [0] NCCL INFO transport/net_ib.cc:596 Ib Alloc Size 26560 pointer 0x15477c093000
x3001c0s37b0n0:36465:40002 [1] NCCL INFO GPU Direct RDMA Disabled for GPU 46000 / HCA 1 (distance 6 > 4)
x3001c0s37b0n0:36465:40140 [1] NCCL INFO New proxy send connection 18 from local rank 1, transport 2
x3001c0s37b0n0:36465:40002 [1] NCCL INFO Connection to proxy localRank 1 -> connection 0x15109c001100
x3001c0s37b0n0:36465:40002 [1] NCCL INFO Channel 00/0 : 9[46000] -> 4[7000] [send] via NET/IB/1
x3001c0s37b0n0:36465:40002 [1] NCCL INFO GPU Direct RDMA Disabled for GPU 46000 / HCA 0 (distance 7 > 4)
x3001c0s37b0n0:36465:40140 [1] NCCL INFO New proxy send connection 19 from local rank 1, transport 2
x3001c0s37b0n0:36464:40139 [0] NCCL INFO NET/IB: Dev 1 Port 1 qpn 29463 mtu 5 GID 0 (80FE/480000FEFF000000)
x3001c0s37b0n0:36464:40139 [0] NCCL INFO transport/net_ib.cc:653 Ib Alloc Size 552 pointer 0x15477c0aa000
x3001c0s37b0n0:36464:40139 [0] NCCL INFO transport/net.cc:571 Cuda Host Alloc Size 9641984 pointer 0x1547c1400000
x3001c0s37b0n0:36464:40139 [0] NCCL INFO transport/net_ib.cc:596 Ib Alloc Size 26560 pointer 0x15477c0ac000
x3001c0s37b0n0:36464:40139 [0] NCCL INFO NET/IB: Dev 0 Port 1 qpn 29532 mtu 5 GID 0 (80FE/780000FEFF000000)
x3001c0s37b0n0:36464:40139 [0] NCCL INFO transport/net_ib.cc:653 Ib Alloc Size 552 pointer 0x15477c0c3000
x3001c0s37b0n0:36464:40139 [0] NCCL INFO transport/net.cc:571 Cuda Host Alloc Size 9641984 pointer 0x1547c7400000
x3001c0s37b0n0:36467:40007 [3] NCCL INFO Connection to proxy localRank 3 -> connection 0x149b60000f80
x3001c0s37b0n0:36467:40142 [3] NCCL INFO transport/net.cc:376 Cuda Alloc Size 8388608 pointer 0x149b9b400000
x3001c0s37b0n0:36465:40002 [1] NCCL INFO Connection to proxy localRank 1 -> connection 0x15109c001140
x3001c0s37b0n0:36465:40002 [1] NCCL INFO Channel 01/0 : 9[46000] -> 4[7000] [send] via NET/IB/0
x3001c0s37b0n0:36464:40008 [0] NCCL INFO GPU Direct RDMA Disabled for GPU 7000 / HCA 1 (distance 7 > 4)
x3001c0s37b0n0:36464:40139 [0] NCCL INFO New proxy recv connection 18 from local rank 0, transport 2
x3001c0s37b0n0:36464:40008 [0] NCCL INFO Connection to proxy localRank 0 -> connection 0x15477c001100
x3001c0s37b0n0:36464:40008 [0] NCCL INFO Channel 00/0 : 17[46000] -> 8[7000] [receive] via NET/IB/1
x3001c0s37b0n0:36464:40008 [0] NCCL INFO GPU Direct RDMA Disabled for GPU 7000 / HCA 0 (distance 7 > 4)
x3001c0s37b0n0:36464:40139 [0] NCCL INFO New proxy recv connection 19 from local rank 0, transport 2
x3001c0s37b0n0:36465:40140 [1] NCCL INFO transport/net_ib.cc:596 Ib Alloc Size 26560 pointer 0x15109c10d000
x3001c0s37b0n0:36465:40140 [1] NCCL INFO NET/IB: Dev 1 Port 1 qpn 29464 mtu 5 GID 0 (80FE/480000FEFF000000)
x3001c0s37b0n0:36465:40140 [1] NCCL INFO transport/net_ib.cc:653 Ib Alloc Size 552 pointer 0x15109c124000
x3001c0s37b0n0:36465:40140 [1] NCCL INFO transport/net.cc:571 Cuda Host Alloc Size 9641984 pointer 0x1510e9400000
x3001c0s37b0n0:36465:40140 [1] NCCL INFO transport/net_ib.cc:596 Ib Alloc Size 26560 pointer 0x15109c126000
x3001c0s37b0n0:36465:40140 [1] NCCL INFO NET/IB: Dev 0 Port 1 qpn 29533 mtu 5 GID 0 (80FE/780000FEFF000000)
x3001c0s37b0n0:36465:40140 [1] NCCL INFO transport/net_ib.cc:653 Ib Alloc Size 552 pointer 0x15109c13d000
x3001c0s37b0n0:36465:40140 [1] NCCL INFO transport/net.cc:571 Cuda Host Alloc Size 9641984 pointer 0x1510ef400000
x3001c0s37b0n0:36464:40008 [0] NCCL INFO Connection to proxy localRank 0 -> connection 0x15477c001140
x3001c0s37b0n0:36465:40140 [1] NCCL INFO New proxy recv connection 20 from local rank 1, transport 0
x3001c0s37b0n0:36465:40002 [1] NCCL INFO Connection to proxy localRank 1 -> connection 0x15109c001180
x3001c0s37b0n0:36464:40008 [0] NCCL INFO Channel 01/0 : 17[46000] -> 8[7000] [receive] via NET/IB/0
x3001c0s37b0n0:36464:40139 [0] NCCL INFO transport/net_ib.cc:683 Ib Alloc Size 21688 pointer 0x15477c0cf000
x3001c0s37b0n0:36464:40139 [0] NCCL INFO transport/net_ib.cc:696 Ib Alloc Size 552 pointer 0x15477c0d6000
x3001c0s37b0n0:36464:40139 [0] NCCL INFO transport/net_ib.cc:771 Ib Alloc Size 552 pointer 0x15477c0f2000
x3001c0s37b0n0:36464:40139 [0] NCCL INFO transport/net.cc:698 Cuda Host Alloc Size 9641984 pointer 0x1547cd400000
x3001c0s37b0n0:36465:40140 [1] NCCL INFO transport/p2p.cc:449 Cuda Alloc Size 6291456 pointer 0x1510dda00000
x3001c0s37b0n0:36464:40139 [0] NCCL INFO transport/net_ib.cc:683 Ib Alloc Size 21688 pointer 0x15477c0f4000
x3001c0s37b0n0:36464:40139 [0] NCCL INFO transport/net_ib.cc:696 Ib Alloc Size 552 pointer 0x15477c0fb000
x3001c0s37b0n0:36465:40140 [1] NCCL INFO New proxy recv connection 21 from local rank 1, transport 0
x3001c0s37b0n0:36465:40002 [1] NCCL INFO Connection to proxy localRank 1 -> connection 0x15109c0011c0
x3001c0s37b0n0:36465:40140 [1] NCCL INFO transport/p2p.cc:449 Cuda Alloc Size 6291456 pointer 0x1510dfa00000
x3001c0s37b0n0:36464:40139 [0] NCCL INFO transport/net_ib.cc:771 Ib Alloc Size 552 pointer 0x15477c116000
x3001c0s37b0n0:36464:40139 [0] NCCL INFO transport/net.cc:698 Cuda Host Alloc Size 9641984 pointer 0x1547d5400000
x3001c0s37b0n0:36464:40008 [0] NCCL INFO GPU Direct RDMA Disabled for GPU 7000 / HCA 1 (distance 7 > 4)
x3001c0s37b0n0:36464:40139 [0] NCCL INFO New proxy recv connection 20 from local rank 0, transport 2
x3001c0s37b0n0:36465:40140 [1] NCCL INFO New proxy recv connection 22 from local rank 1, transport 0
x3001c0s37b0n0:36465:40002 [1] NCCL INFO Connection to proxy localRank 1 -> connection 0x15109c001200
x3001c0s37b0n0:36464:40008 [0] NCCL INFO Connection to proxy localRank 0 -> connection 0x15477c001180
x3001c0s37b0n0:36464:40008 [0] NCCL INFO Channel 02/0 : 13[46000] -> 8[7000] [receive] via NET/IB/1
x3001c0s37b0n0:36464:40008 [0] NCCL INFO GPU Direct RDMA Disabled for GPU 7000 / HCA 0 (distance 7 > 4)
x3001c0s37b0n0:36464:40139 [0] NCCL INFO New proxy recv connection 21 from local rank 0, transport 2
x3001c0s37b0n0:36464:40008 [0] NCCL INFO Connection to proxy localRank 0 -> connection 0x15477c0011c0
x3001c0s37b0n0:36465:40140 [1] NCCL INFO transport/p2p.cc:449 Cuda Alloc Size 6291456 pointer 0x1510e5a00000
x3001c0s37b0n0:36465:40140 [1] NCCL INFO New proxy recv connection 23 from local rank 1, transport 0
x3001c0s37b0n0:36464:40008 [0] NCCL INFO Channel 03/0 : 13[46000] -> 8[7000] [receive] via NET/IB/0
x3001c0s37b0n0:36464:40139 [0] NCCL INFO transport/net_ib.cc:683 Ib Alloc Size 21688 pointer 0x15477c122000
x3001c0s37b0n0:36464:40139 [0] NCCL INFO transport/net_ib.cc:696 Ib Alloc Size 552 pointer 0x15477c129000
x3001c0s37b0n0:36465:40002 [1] NCCL INFO Connection to proxy localRank 1 -> connection 0x15109c001240
x3001c0s37b0n0:36464:40139 [0] NCCL INFO transport/net_ib.cc:771 Ib Alloc Size 552 pointer 0x15477c144000
x3001c0s37b0n0:36464:40139 [0] NCCL INFO transport/net.cc:698 Cuda Host Alloc Size 9641984 pointer 0x1547db400000
x3001c0s37b0n0:36464:40139 [0] NCCL INFO Mem Realloc old size 768, new size 1536 pointer 0x15477c1390d0
x3001c0s37b0n0:36464:40139 [0] NCCL INFO transport/net_ib.cc:683 Ib Alloc Size 21688 pointer 0x15477c146000
x3001c0s37b0n0:36464:40139 [0] NCCL INFO transport/net_ib.cc:696 Ib Alloc Size 552 pointer 0x15477c14d000
x3001c0s37b0n0:36465:40140 [1] NCCL INFO transport/p2p.cc:449 Cuda Alloc Size 6291456 pointer 0x1510e7a00000
x3001c0s37b0n0:36464:40139 [0] NCCL INFO transport/net_ib.cc:771 Ib Alloc Size 552 pointer 0x15477c168000
x3001c0s37b0n0:36464:40139 [0] NCCL INFO transport/net.cc:698 Cuda Host Alloc Size 9641984 pointer 0x1547e1400000
x3001c0s37b0n0:36464:40139 [0] NCCL INFO Mem Realloc old size 768, new size 1536 pointer 0x15477c15d250
x3001c0s37b0n0:36465:40002 [1] NCCL INFO Connected all trees by HAO
x3001c0s37b0n0:36465:40002 [1] NCCL INFO threadThresholds 8/8/64 | 160/8/64 | 512 | 512
x3001c0s37b0n0:36465:40002 [1] NCCL INFO 4 coll channels, 4 p2p channels, 2 p2p channels per peer
x3001c0s37b0n0:36465:40140 [1] NCCL INFO New proxy send connection 24 from local rank 1, transport 2
x3001c0s37b0n0:36466:40004 [2] NCCL INFO Connected all trees by HAO
x3001c0s37b0n0:36466:40004 [2] NCCL INFO threadThresholds 8/8/64 | 160/8/64 | 512 | 512
x3001c0s37b0n0:36466:40004 [2] NCCL INFO 4 coll channels, 4 p2p channels, 2 p2p channels per peer
x3001c0s37b0n0:36466:40141 [2] NCCL INFO Allocated 4194656 bytes of shared memory in /dev/shm/nccl-XruPlC

x3001c0s37b0n0:36466:40141 [2] NCCL INFO New proxy send connection 20 from local rank 2, transport 2
x3001c0s37b0n0:36464:40008 [0] NCCL INFO GPU Direct RDMA Disabled for GPU 7000 / HCA 1 (distance 7 > 4)
x3001c0s37b0n0:36464:40139 [0] NCCL INFO New proxy recv connection 22 from local rank 0, transport 2
x3001c0s37b0n0:36466:40004 [2] NCCL INFO Connection to proxy localRank 2 -> connection 0x1515b0001180
x3001c0s37b0n0:36466:40141 [2] NCCL INFO transport/net.cc:376 Cuda Alloc Size 8388608 pointer 0x1515fb400000
x3001c0s37b0n0:36465:40002 [1] NCCL INFO Connection to proxy localRank 1 -> connection 0x15109c001280
x3001c0s37b0n0:36465:40140 [1] NCCL INFO transport/net.cc:376 Cuda Alloc Size 8388608 pointer 0x1510f5400000
x3001c0s37b0n0:36464:40008 [0] NCCL INFO Connection to proxy localRank 0 -> connection 0x15477c001200
x3001c0s37b0n0:36464:40008 [0] NCCL INFO Channel 00/0 : 12[7000] -> 8[7000] [receive] via NET/IB/1
x3001c0s37b0n0:36464:40008 [0] NCCL INFO GPU Direct RDMA Disabled for GPU 7000 / HCA 0 (distance 7 > 4)
x3001c0s37b0n0:36464:40139 [0] NCCL INFO New proxy recv connection 23 from local rank 0, transport 2
x3001c0s37b0n0:36464:40008 [0] NCCL INFO Connection to proxy localRank 0 -> connection 0x15477c001240
x3001c0s37b0n0:36464:40008 [0] NCCL INFO Channel 01/0 : 12[7000] -> 8[7000] [receive] via NET/IB/0
x3001c0s37b0n0:36464:40139 [0] NCCL INFO transport/net_ib.cc:683 Ib Alloc Size 21688 pointer 0x15477c174000
x3001c0s37b0n0:36464:40139 [0] NCCL INFO transport/net_ib.cc:696 Ib Alloc Size 552 pointer 0x15477c17b000
x3001c0s37b0n0:36464:40139 [0] NCCL INFO transport/net_ib.cc:771 Ib Alloc Size 552 pointer 0x15477c196000
x3001c0s37b0n0:36464:40139 [0] NCCL INFO transport/net.cc:698 Cuda Host Alloc Size 9641984 pointer 0x1547e7400000
x3001c0s37b0n0:36464:40139 [0] NCCL INFO transport/net_ib.cc:683 Ib Alloc Size 21688 pointer 0x15477c198000
x3001c0s37b0n0:36464:40139 [0] NCCL INFO transport/net_ib.cc:696 Ib Alloc Size 552 pointer 0x15477c19f000
x3001c0s37b0n0:36464:40139 [0] NCCL INFO transport/net_ib.cc:771 Ib Alloc Size 552 pointer 0x15477c1ba000
x3001c0s37b0n0:36464:40139 [0] NCCL INFO transport/net.cc:698 Cuda Host Alloc Size 9641984 pointer 0x1547ef400000
x3001c0s37b0n0:36464:40008 [0] NCCL INFO Connected all trees by HAO
x3001c0s37b0n0:36464:40008 [0] NCCL INFO threadThresholds 8/8/64 | 160/8/64 | 512 | 512
x3001c0s37b0n0:36464:40008 [0] NCCL INFO 4 coll channels, 4 p2p channels, 2 p2p channels per peer
x3001c0s37b0n0:36464:40139 [0] NCCL INFO New proxy send connection 24 from local rank 0, transport 2
x3001c0s37b0n0:36464:40008 [0] NCCL INFO Connection to proxy localRank 0 -> connection 0x15477c001280
x3001c0s37b0n0:36464:40008 [0] NCCL INFO init.cc:367 Cuda Alloc Size 5168 pointer 0x1549ab812600
x3001c0s37b0n0:36466:40004 [2] NCCL INFO init.cc:367 Cuda Alloc Size 5168 pointer 0x151803e12600
x3001c0s37b0n0:36465:40002 [1] NCCL INFO init.cc:367 Cuda Alloc Size 5168 pointer 0x1512d1812600
x3001c0s37b0n0:36467:40007 [3] NCCL INFO init.cc:367 Cuda Alloc Size 5168 pointer 0x149d8d812600
x3001c0s37b0n0:36467:40007 [3] NCCL INFO init.cc:392 Cuda Host Alloc Size 33554432 pointer 0x149b5e000000
x3001c0s37b0n0:36467:40007 [3] NCCL INFO init.cc:398 Cuda Host Alloc Size 128 pointer 0x149d8ce00600
x3001c0s37b0n0:36467:40007 [3] NCCL INFO comm 0x55bba6897ea0 rank 11 nranks 20 cudaDev 3 busId c7000 - Init COMPLETE
x3001c0s37b0n0:36467:36467 [3] NCCL INFO AllReduce: opCount 0 sendbuff 0x149dcf600400 recvbuff 0x149dcf600400 count 1 datatype 4 op 0 root 0 comm 0x55bba6897ea0 [nranks=20] stream 0x55bba48a9d00
x3001c0s37b0n0:36467:36467 [3] NCCL INFO misc/utils.cc:235 memory stack hunk malloc(65536)
[LYD INFO in ncclLaunchKernel (enqueue.cc)] NCHANNELS is: 4NCCL version 2.14.3+cuda11.8
x3001c0s37b0n0:36467:36467 [3] NCCL INFO init.cc:1147 Cuda Host Alloc Size 4 pointer 0x149d8ce00800
x3001c0s37b0n0:36466:40004 [2] NCCL INFO init.cc:392 Cuda Host Alloc Size 33554432 pointer 0x1515aa000000
x3001c0s37b0n0:36466:40004 [2] NCCL INFO init.cc:398 Cuda Host Alloc Size 128 pointer 0x151803400600
x3001c0s37b0n0:36466:40004 [2] NCCL INFO comm 0x556b8aa511e0 rank 10 nranks 20 cudaDev 2 busId 85000 - Init COMPLETE
x3001c0s37b0n0:36465:40002 [1] NCCL INFO init.cc:392 Cuda Host Alloc Size 33554432 pointer 0x15109a000000
x3001c0s37b0n0:36465:40002 [1] NCCL INFO init.cc:398 Cuda Host Alloc Size 128 pointer 0x1512d0e00600
x3001c0s37b0n0:36465:40002 [1] NCCL INFO comm 0x5595bcdd1880 rank 9 nranks 20 cudaDev 1 busId 46000 - Init COMPLETE
x3001c0s37b0n0:36464:40008 [0] NCCL INFO init.cc:392 Cuda Host Alloc Size 33554432 pointer 0x154776000000
x3001c0s37b0n0:36464:40008 [0] NCCL INFO init.cc:398 Cuda Host Alloc Size 128 pointer 0x1549aae00600
x3001c0s37b0n0:36464:40008 [0] NCCL INFO comm 0x5588d5c7c9a0 rank 8 nranks 20 cudaDev 0 busId 7000 - Init COMPLETE
x3001c0s37b0n0:36464:40139 [0] NCCL INFO transport/net.cc:376 Cuda Alloc Size 8388608 pointer 0x1547f5400000
x3001c0s37b0n0:36465:36465 [1] NCCL INFO AllReduce: opCount 0 sendbuff 0x151313600400 recvbuff 0x151313600400 count 1 datatype 4 op 0 root 0 comm 0x5595bcdd1880 [nranks=20] stream 0x5595b9c06ec0
x3001c0s37b0n0:36465:36465 [1] NCCL INFO misc/utils.cc:235 memory stack hunk malloc(65536)
[LYD INFO in ncclLaunchKernel (enqueue.cc)] NCHANNELS is: 4NCCL version 2.14.3+cuda11.8
x3001c0s37b0n0:36465:36465 [1] NCCL INFO init.cc:1147 Cuda Host Alloc Size 4 pointer 0x1512d0e00800
x3001c0s37b0n0:36467:40436 [3] NCCL INFO Using network IB
x3001c0s37b0n0:36464:36464 [0] NCCL INFO AllReduce: opCount 0 sendbuff 0x1549eb600400 recvbuff 0x1549eb600400 count 1 datatype 4 op 0 root 0 comm 0x5588d5c7c9a0 [nranks=20] stream 0x5588d3f6bf30
x3001c0s37b0n0:36464:36464 [0] NCCL INFO misc/utils.cc:235 memory stack hunk malloc(65536)
[LYD INFO in ncclLaunchKernel (enqueue.cc)] NCHANNELS is: 4NCCL version 2.14.3+cuda11.8
x3001c0s37b0n0:36464:36464 [0] NCCL INFO init.cc:1147 Cuda Host Alloc Size 4 pointer 0x1549aae00800
x3001c0s37b0n0:36465:40440 [1] NCCL INFO Using network IB
x3001c0s37b0n0:36464:40444 [0] NCCL INFO Using network IB
x3001c0s37b0n0:36466:36466 [2] NCCL INFO AllReduce: opCount 0 sendbuff 0x1517ff400400 recvbuff 0x1517ff400400 count 1 datatype 4 op 0 root 0 comm 0x556b8aa511e0 [nranks=20] stream 0x556b891954b0
x3001c0s37b0n0:36466:36466 [2] NCCL INFO misc/utils.cc:235 memory stack hunk malloc(65536)
[LYD INFO in ncclLaunchKernel (enqueue.cc)] NCHANNELS is: 4NCCL version 2.14.3+cuda11.8
x3001c0s37b0n0:36466:36466 [2] NCCL INFO init.cc:1147 Cuda Host Alloc Size 4 pointer 0x151803400800
x3001c0s37b0n0:36466:40450 [2] NCCL INFO Using network IB
x3001c0s37b0n0:36467:40436 [3] NCCL INFO NET/IB : GPU Direct RDMA Enabled for HCA 0 'mlx5_0'
x3001c0s37b0n0:36467:40436 [3] NCCL INFO NET/IB : GPU Direct RDMA Enabled for HCA 1 'mlx5_1'
x3001c0s37b0n0:36467:40436 [3] NCCL INFO GPU Direct RDMA Disabled for GPU c7000 / HCA 0 (distance 6 > 4)
x3001c0s37b0n0:36467:40436 [3] NCCL INFO GPU Direct RDMA Disabled for GPU c7000 / HCA 1 (distance 7 > 4)
x3001c0s37b0n0:36467:40436 [3] NCCL INFO === System : maxBw 5000.0 totalBw 0.0 ===
x3001c0s37b0n0:36467:40436 [3] NCCL INFO CPU/0 (1/2/-1)
x3001c0s37b0n0:36467:40436 [3] NCCL INFO + SYS[5000.0] - CPU/2
x3001c0s37b0n0:36467:40436 [3] NCCL INFO + PCI[24.0] - PCI/C5000 (11f8406811f8beef)
x3001c0s37b0n0:36467:40436 [3] NCCL INFO               + PCI[24.0] - GPU/C7000 (0)
x3001c0s37b0n0:36467:40436 [3] NCCL INFO + PCI[12.0] - NIC/C8000
x3001c0s37b0n0:36467:40436 [3] NCCL INFO CPU/2 (1/2/-1)
x3001c0s37b0n0:36467:40436 [3] NCCL INFO + SYS[5000.0] - CPU/0
x3001c0s37b0n0:36467:40436 [3] NCCL INFO + PCI[12.0] - NIC/43000
x3001c0s37b0n0:36467:40436 [3] NCCL INFO ==========================================
x3001c0s37b0n0:36467:40436 [3] NCCL INFO GPU/C7000 :GPU/C7000 (0/5000.000000/LOC) CPU/0 (2/24.000000/PHB) CPU/2 (3/24.000000/SYS) 
x3001c0s37b0n0:36467:40436 [3] NCCL INFO Setting affinity for GPU 3 to 01
x3001c0s37b0n0:36467:40436 [3] NCCL INFO Pattern 4, crossNic 0, nChannels 16, bw 44.000000/44.000000, type LOC/PIX, sameChannels 1
x3001c0s37b0n0:36467:40436 [3] NCCL INFO  0 : GPU/0
x3001c0s37b0n0:36467:40436 [3] NCCL INFO  1 : GPU/0
x3001c0s37b0n0:36467:40436 [3] NCCL INFO  2 : GPU/0
x3001c0s37b0n0:36467:40436 [3] NCCL INFO  3 : GPU/0
x3001c0s37b0n0:36467:40436 [3] NCCL INFO  4 : GPU/0
x3001c0s37b0n0:36467:40436 [3] NCCL INFO  5 : GPU/0
x3001c0s37b0n0:36467:40436 [3] NCCL INFO  6 : GPU/0
x3001c0s37b0n0:36467:40436 [3] NCCL INFO  7 : GPU/0
x3001c0s37b0n0:36467:40436 [3] NCCL INFO  8 : GPU/0
x3001c0s37b0n0:36467:40436 [3] NCCL INFO  9 : GPU/0
x3001c0s37b0n0:36467:40436 [3] NCCL INFO 10 : GPU/0
x3001c0s37b0n0:36467:40436 [3] NCCL INFO 11 : GPU/0
x3001c0s37b0n0:36467:40436 [3] NCCL INFO 12 : GPU/0
x3001c0s37b0n0:36467:40436 [3] NCCL INFO 13 : GPU/0
x3001c0s37b0n0:36467:40436 [3] NCCL INFO 14 : GPU/0
x3001c0s37b0n0:36467:40436 [3] NCCL INFO 15 : GPU/0
x3001c0s37b0n0:36467:40436 [3] NCCL INFO Pattern 3, crossNic 0, nChannels 16, bw 44.000000/44.000000, type LOC/PIX, sameChannels 1
x3001c0s37b0n0:36467:40436 [3] NCCL INFO  0 : GPU/0
x3001c0s37b0n0:36467:40436 [3] NCCL INFO  1 : GPU/0
x3001c0s37b0n0:36467:40436 [3] NCCL INFO  2 : GPU/0
x3001c0s37b0n0:36467:40436 [3] NCCL INFO  3 : GPU/0
x3001c0s37b0n0:36467:40436 [3] NCCL INFO  4 : GPU/0
x3001c0s37b0n0:36467:40436 [3] NCCL INFO  5 : GPU/0
x3001c0s37b0n0:36467:40436 [3] NCCL INFO  6 : GPU/0
x3001c0s37b0n0:36467:40436 [3] NCCL INFO  7 : GPU/0
x3001c0s37b0n0:36467:40436 [3] NCCL INFO  8 : GPU/0
x3001c0s37b0n0:36467:40436 [3] NCCL INFO  9 : GPU/0
x3001c0s37b0n0:36467:40436 [3] NCCL INFO 10 : GPU/0
x3001c0s37b0n0:36467:40436 [3] NCCL INFO 11 : GPU/0
x3001c0s37b0n0:36467:40436 [3] NCCL INFO 12 : GPU/0
x3001c0s37b0n0:36467:40436 [3] NCCL INFO 13 : GPU/0
x3001c0s37b0n0:36467:40436 [3] NCCL INFO 14 : GPU/0
x3001c0s37b0n0:36467:40436 [3] NCCL INFO 15 : GPU/0
x3001c0s37b0n0:36467:40436 [3] NCCL INFO Pattern 3, crossNic 0, nChannels 16, bw 44.000000/44.000000, type LOC/PIX, sameChannels 1
x3001c0s37b0n0:36467:40436 [3] NCCL INFO  0 : GPU/0
x3001c0s37b0n0:36467:40436 [3] NCCL INFO  1 : GPU/0
x3001c0s37b0n0:36467:40436 [3] NCCL INFO  2 : GPU/0
x3001c0s37b0n0:36467:40436 [3] NCCL INFO  3 : GPU/0
x3001c0s37b0n0:36467:40436 [3] NCCL INFO  4 : GPU/0
x3001c0s37b0n0:36467:40436 [3] NCCL INFO  5 : GPU/0
x3001c0s37b0n0:36467:40436 [3] NCCL INFO  6 : GPU/0
x3001c0s37b0n0:36467:40436 [3] NCCL INFO  7 : GPU/0
x3001c0s37b0n0:36467:40436 [3] NCCL INFO  8 : GPU/0
x3001c0s37b0n0:36467:40436 [3] NCCL INFO  9 : GPU/0
x3001c0s37b0n0:36467:40436 [3] NCCL INFO 10 : GPU/0
x3001c0s37b0n0:36467:40436 [3] NCCL INFO 11 : GPU/0
x3001c0s37b0n0:36467:40436 [3] NCCL INFO 12 : GPU/0
x3001c0s37b0n0:36467:40436 [3] NCCL INFO 13 : GPU/0
x3001c0s37b0n0:36467:40436 [3] NCCL INFO 14 : GPU/0
x3001c0s37b0n0:36467:40436 [3] NCCL INFO 15 : GPU/0
x3001c0s37b0n0:36467:40436 [3] NCCL INFO Tree 0 : -1 -> 0 -> -1/-1/-1
x3001c0s37b0n0:36467:40436 [3] NCCL INFO Tree 16 : -1 -> 0 -> -1/-1/-1
x3001c0s37b0n0:36467:40436 [3] NCCL INFO Tree 1 : -1 -> 0 -> -1/-1/-1
x3001c0s37b0n0:36467:40436 [3] NCCL INFO Tree 17 : -1 -> 0 -> -1/-1/-1
x3001c0s37b0n0:36467:40436 [3] NCCL INFO Tree 2 : -1 -> 0 -> -1/-1/-1
x3001c0s37b0n0:36467:40436 [3] NCCL INFO Tree 18 : -1 -> 0 -> -1/-1/-1
x3001c0s37b0n0:36467:40436 [3] NCCL INFO Tree 3 : -1 -> 0 -> -1/-1/-1
x3001c0s37b0n0:36467:40436 [3] NCCL INFO Tree 19 : -1 -> 0 -> -1/-1/-1
x3001c0s37b0n0:36467:40436 [3] NCCL INFO Tree 4 : -1 -> 0 -> -1/-1/-1
x3001c0s37b0n0:36467:40436 [3] NCCL INFO Tree 20 : -1 -> 0 -> -1/-1/-1
x3001c0s37b0n0:36467:40436 [3] NCCL INFO Tree 5 : -1 -> 0 -> -1/-1/-1
x3001c0s37b0n0:36467:40436 [3] NCCL INFO Tree 21 : -1 -> 0 -> -1/-1/-1
x3001c0s37b0n0:36467:40436 [3] NCCL INFO Tree 6 : -1 -> 0 -> -1/-1/-1
x3001c0s37b0n0:36467:40436 [3] NCCL INFO Tree 22 : -1 -> 0 -> -1/-1/-1
x3001c0s37b0n0:36467:40436 [3] NCCL INFO Tree 7 : -1 -> 0 -> -1/-1/-1
x3001c0s37b0n0:36467:40436 [3] NCCL INFO Tree 23 : -1 -> 0 -> -1/-1/-1
x3001c0s37b0n0:36467:40436 [3] NCCL INFO Tree 8 : -1 -> 0 -> -1/-1/-1
x3001c0s37b0n0:36467:40436 [3] NCCL INFO Tree 24 : -1 -> 0 -> -1/-1/-1
x3001c0s37b0n0:36467:40436 [3] NCCL INFO Tree 9 : -1 -> 0 -> -1/-1/-1
x3001c0s37b0n0:36467:40436 [3] NCCL INFO Tree 25 : -1 -> 0 -> -1/-1/-1
x3001c0s37b0n0:36467:40436 [3] NCCL INFO Tree 10 : -1 -> 0 -> -1/-1/-1
x3001c0s37b0n0:36467:40436 [3] NCCL INFO Tree 26 : -1 -> 0 -> -1/-1/-1
x3001c0s37b0n0:36467:40436 [3] NCCL INFO Tree 11 : -1 -> 0 -> -1/-1/-1
x3001c0s37b0n0:36467:40436 [3] NCCL INFO Tree 27 : -1 -> 0 -> -1/-1/-1
x3001c0s37b0n0:36467:40436 [3] NCCL INFO Tree 12 : -1 -> 0 -> -1/-1/-1
x3001c0s37b0n0:36467:40436 [3] NCCL INFO Tree 28 : -1 -> 0 -> -1/-1/-1
x3001c0s37b0n0:36467:40436 [3] NCCL INFO Tree 13 : -1 -> 0 -> -1/-1/-1
x3001c0s37b0n0:36467:40436 [3] NCCL INFO Tree 29 : -1 -> 0 -> -1/-1/-1
x3001c0s37b0n0:36467:40436 [3] NCCL INFO Tree 14 : -1 -> 0 -> -1/-1/-1
x3001c0s37b0n0:36467:40436 [3] NCCL INFO Tree 30 : -1 -> 0 -> -1/-1/-1
x3001c0s37b0n0:36467:40436 [3] NCCL INFO Tree 15 : -1 -> 0 -> -1/-1/-1
x3001c0s37b0n0:36467:40436 [3] NCCL INFO Tree 31 : -1 -> 0 -> -1/-1/-1
x3001c0s37b0n0:36467:40436 [3] NCCL INFO Channel 00/32 :    0
x3001c0s37b0n0:36467:40436 [3] NCCL INFO Channel 01/32 :    0
x3001c0s37b0n0:36467:40436 [3] NCCL INFO Channel 02/32 :    0
x3001c0s37b0n0:36467:40436 [3] NCCL INFO Channel 03/32 :    0
x3001c0s37b0n0:36467:40436 [3] NCCL INFO Channel 04/32 :    0
x3001c0s37b0n0:36467:40436 [3] NCCL INFO Channel 05/32 :    0
x3001c0s37b0n0:36467:40436 [3] NCCL INFO Channel 06/32 :    0
x3001c0s37b0n0:36467:40436 [3] NCCL INFO Channel 07/32 :    0
x3001c0s37b0n0:36467:40436 [3] NCCL INFO Channel 08/32 :    0
x3001c0s37b0n0:36467:40436 [3] NCCL INFO Channel 09/32 :    0
x3001c0s37b0n0:36467:40436 [3] NCCL INFO Channel 10/32 :    0
x3001c0s37b0n0:36467:40436 [3] NCCL INFO Channel 11/32 :    0
x3001c0s37b0n0:36467:40436 [3] NCCL INFO Channel 12/32 :    0
x3001c0s37b0n0:36467:40436 [3] NCCL INFO Channel 13/32 :    0
x3001c0s37b0n0:36467:40436 [3] NCCL INFO Channel 14/32 :    0
x3001c0s37b0n0:36467:40436 [3] NCCL INFO Channel 15/32 :    0
x3001c0s37b0n0:36467:40436 [3] NCCL INFO Channel 16/32 :    0
x3001c0s37b0n0:36467:40436 [3] NCCL INFO Channel 17/32 :    0
x3001c0s37b0n0:36467:40436 [3] NCCL INFO Channel 18/32 :    0
x3001c0s37b0n0:36467:40436 [3] NCCL INFO Channel 19/32 :    0
x3001c0s37b0n0:36467:40436 [3] NCCL INFO Channel 20/32 :    0
x3001c0s37b0n0:36467:40436 [3] NCCL INFO Channel 21/32 :    0
x3001c0s37b0n0:36467:40436 [3] NCCL INFO Channel 22/32 :    0
x3001c0s37b0n0:36467:40436 [3] NCCL INFO Channel 23/32 :    0
x3001c0s37b0n0:36467:40436 [3] NCCL INFO Channel 24/32 :    0
x3001c0s37b0n0:36467:40436 [3] NCCL INFO Channel 25/32 :    0
x3001c0s37b0n0:36467:40436 [3] NCCL INFO Channel 26/32 :    0
x3001c0s37b0n0:36467:40436 [3] NCCL INFO Channel 27/32 :    0
x3001c0s37b0n0:36467:40436 [3] NCCL INFO Channel 28/32 :    0
x3001c0s37b0n0:36467:40436 [3] NCCL INFO Channel 29/32 :    0
x3001c0s37b0n0:36467:40436 [3] NCCL INFO Channel 30/32 :    0
x3001c0s37b0n0:36467:40436 [3] NCCL INFO Channel 31/32 :    0
x3001c0s37b0n0:36467:40436 [3] NCCL INFO Ring 00 : 0 -> 0 -> 0
x3001c0s37b0n0:36467:40436 [3] NCCL INFO Ring 01 : 0 -> 0 -> 0
x3001c0s37b0n0:36467:40436 [3] NCCL INFO Ring 02 : 0 -> 0 -> 0
x3001c0s37b0n0:36467:40436 [3] NCCL INFO Ring 03 : 0 -> 0 -> 0
x3001c0s37b0n0:36467:40436 [3] NCCL INFO Ring 04 : 0 -> 0 -> 0
x3001c0s37b0n0:36467:40436 [3] NCCL INFO Ring 05 : 0 -> 0 -> 0
x3001c0s37b0n0:36467:40436 [3] NCCL INFO Ring 06 : 0 -> 0 -> 0
x3001c0s37b0n0:36467:40436 [3] NCCL INFO Ring 07 : 0 -> 0 -> 0
x3001c0s37b0n0:36467:40436 [3] NCCL INFO Ring 08 : 0 -> 0 -> 0
x3001c0s37b0n0:36467:40436 [3] NCCL INFO Ring 09 : 0 -> 0 -> 0
x3001c0s37b0n0:36467:40436 [3] NCCL INFO Ring 10 : 0 -> 0 -> 0
x3001c0s37b0n0:36467:40436 [3] NCCL INFO Ring 11 : 0 -> 0 -> 0
x3001c0s37b0n0:36467:40436 [3] NCCL INFO Ring 12 : 0 -> 0 -> 0
x3001c0s37b0n0:36467:40436 [3] NCCL INFO Ring 13 : 0 -> 0 -> 0
x3001c0s37b0n0:36467:40436 [3] NCCL INFO Ring 14 : 0 -> 0 -> 0
x3001c0s37b0n0:36467:40436 [3] NCCL INFO Ring 15 : 0 -> 0 -> 0
x3001c0s37b0n0:36467:40436 [3] NCCL INFO Ring 16 : 0 -> 0 -> 0
x3001c0s37b0n0:36467:40436 [3] NCCL INFO Ring 17 : 0 -> 0 -> 0
x3001c0s37b0n0:36467:40436 [3] NCCL INFO Ring 18 : 0 -> 0 -> 0
x3001c0s37b0n0:36467:40436 [3] NCCL INFO Ring 19 : 0 -> 0 -> 0
x3001c0s37b0n0:36467:40436 [3] NCCL INFO Ring 20 : 0 -> 0 -> 0
x3001c0s37b0n0:36467:40436 [3] NCCL INFO Ring 21 : 0 -> 0 -> 0
x3001c0s37b0n0:36467:40436 [3] NCCL INFO Ring 22 : 0 -> 0 -> 0
x3001c0s37b0n0:36467:40436 [3] NCCL INFO Ring 23 : 0 -> 0 -> 0
x3001c0s37b0n0:36467:40436 [3] NCCL INFO Ring 24 : 0 -> 0 -> 0
x3001c0s37b0n0:36467:40436 [3] NCCL INFO Ring 25 : 0 -> 0 -> 0
x3001c0s37b0n0:36467:40436 [3] NCCL INFO Ring 26 : 0 -> 0 -> 0
x3001c0s37b0n0:36467:40436 [3] NCCL INFO Ring 27 : 0 -> 0 -> 0
x3001c0s37b0n0:36467:40436 [3] NCCL INFO Ring 28 : 0 -> 0 -> 0
x3001c0s37b0n0:36467:40436 [3] NCCL INFO Ring 29 : 0 -> 0 -> 0
x3001c0s37b0n0:36467:40436 [3] NCCL INFO Ring 30 : 0 -> 0 -> 0
x3001c0s37b0n0:36467:40436 [3] NCCL INFO Ring 31 : 0 -> 0 -> 0
x3001c0s37b0n0:36467:40436 [3] NCCL INFO Trees [0] -1/-1/-1->0->-1 [1] -1/-1/-1->0->-1 [2] -1/-1/-1->0->-1 [3] -1/-1/-1->0->-1 [4] -1/-1/-1->0->-1 [5] -1/-1/-1->0->-1 [6] -1/-1/-1->0->-1 [7] -1/-1/-1->0->-1 [8] -1/-1/-1->0->-1 [9] -1/-1/-1->0->-1 [10] -1/-1/-1->0->-1 [11] -1/-1/-1->0->-1 [12] -1/-1/-1->0->-1 [13] -1/-1/-1->0->-1 [14] -1/-1/-1->0->-1 [15] -1/-1/-1->0->-1 [16] -1/-1/-1->0->-1 [17] -1/-1/-1->0->-1 [18] -1/-1/-1->0->-1 [19] -1/-1/-1->0->-1 [20] -1/-1/-1->0->-1 [21] -1/-1/-1->0->-1 [22] -1/-1/-1->0->-1 [23] -1/-1/-1->0->-1 [24] -1/-1/-1->0->-1 [25] -1/-1/-1->0->-1 [26] -1/-1/-1->0->-1 [27] -1/-1/-1->0->-1 [28] -1/-1/-1->0->-1 [29] -1/-1/-1->0->-1 [30] -1/-1/-1->0->-1 [31] -1/-1/-1->0->-1
x3001c0s37b0n0:36467:40436 [3] NCCL INFO misc/utils.cc:235 memory stack hunk malloc(65536)
x3001c0s37b0n0:36467:40436 [3] NCCL INFO channel.cc:23 Cuda Alloc Size 768 pointer 0x149d8d813c00
x3001c0s37b0n0:36467:40436 [3] NCCL INFO channel.cc:27 Cuda Alloc Size 4 pointer 0x149d8d814000
x3001c0s37b0n0:36467:40436 [3] NCCL INFO channel.cc:23 Cuda Alloc Size 768 pointer 0x149d8d814200
x3001c0s37b0n0:36467:40436 [3] NCCL INFO channel.cc:27 Cuda Alloc Size 4 pointer 0x149d8d814600
x3001c0s37b0n0:36467:40436 [3] NCCL INFO channel.cc:23 Cuda Alloc Size 768 pointer 0x149d8d814800
x3001c0s37b0n0:36467:40436 [3] NCCL INFO channel.cc:27 Cuda Alloc Size 4 pointer 0x149d8d814c00
x3001c0s37b0n0:36467:40436 [3] NCCL INFO channel.cc:23 Cuda Alloc Size 768 pointer 0x149d8d814e00
x3001c0s37b0n0:36467:40436 [3] NCCL INFO channel.cc:27 Cuda Alloc Size 4 pointer 0x149d8d815200
x3001c0s37b0n0:36467:40436 [3] NCCL INFO channel.cc:23 Cuda Alloc Size 768 pointer 0x149d8d815400
x3001c0s37b0n0:36467:40436 [3] NCCL INFO channel.cc:27 Cuda Alloc Size 4 pointer 0x149d8d815800
x3001c0s37b0n0:36467:40436 [3] NCCL INFO channel.cc:23 Cuda Alloc Size 768 pointer 0x149d8d815a00
x3001c0s37b0n0:36467:40436 [3] NCCL INFO channel.cc:27 Cuda Alloc Size 4 pointer 0x149d8d815e00
x3001c0s37b0n0:36467:40436 [3] NCCL INFO channel.cc:23 Cuda Alloc Size 768 pointer 0x149d8d816000
x3001c0s37b0n0:36467:40436 [3] NCCL INFO channel.cc:27 Cuda Alloc Size 4 pointer 0x149d8d816400
x3001c0s37b0n0:36467:40436 [3] NCCL INFO channel.cc:23 Cuda Alloc Size 768 pointer 0x149d8d816600
x3001c0s37b0n0:36467:40436 [3] NCCL INFO channel.cc:27 Cuda Alloc Size 4 pointer 0x149d8d816a00
x3001c0s37b0n0:36467:40436 [3] NCCL INFO channel.cc:23 Cuda Alloc Size 768 pointer 0x149d8d816c00
x3001c0s37b0n0:36467:40436 [3] NCCL INFO channel.cc:27 Cuda Alloc Size 4 pointer 0x149d8d817000
x3001c0s37b0n0:36467:40436 [3] NCCL INFO channel.cc:23 Cuda Alloc Size 768 pointer 0x149d8d817200
x3001c0s37b0n0:36467:40436 [3] NCCL INFO channel.cc:27 Cuda Alloc Size 4 pointer 0x149d8d817600
x3001c0s37b0n0:36467:40436 [3] NCCL INFO channel.cc:23 Cuda Alloc Size 768 pointer 0x149d8d817800
x3001c0s37b0n0:36467:40436 [3] NCCL INFO channel.cc:27 Cuda Alloc Size 4 pointer 0x149d8d817c00
x3001c0s37b0n0:36467:40436 [3] NCCL INFO channel.cc:23 Cuda Alloc Size 768 pointer 0x149d8d817e00
x3001c0s37b0n0:36467:40436 [3] NCCL INFO channel.cc:27 Cuda Alloc Size 4 pointer 0x149d8d818200
x3001c0s37b0n0:36467:40436 [3] NCCL INFO channel.cc:23 Cuda Alloc Size 768 pointer 0x149d8d818400
x3001c0s37b0n0:36467:40436 [3] NCCL INFO channel.cc:27 Cuda Alloc Size 4 pointer 0x149d8d818800
x3001c0s37b0n0:36467:40436 [3] NCCL INFO channel.cc:23 Cuda Alloc Size 768 pointer 0x149d8d818a00
x3001c0s37b0n0:36467:40436 [3] NCCL INFO channel.cc:27 Cuda Alloc Size 4 pointer 0x149d8d818e00
x3001c0s37b0n0:36467:40436 [3] NCCL INFO channel.cc:23 Cuda Alloc Size 768 pointer 0x149d8d819000
x3001c0s37b0n0:36467:40436 [3] NCCL INFO channel.cc:27 Cuda Alloc Size 4 pointer 0x149d8d819400
x3001c0s37b0n0:36467:40436 [3] NCCL INFO channel.cc:23 Cuda Alloc Size 768 pointer 0x149d8d819600
x3001c0s37b0n0:36467:40436 [3] NCCL INFO channel.cc:27 Cuda Alloc Size 4 pointer 0x149d8d819a00
x3001c0s37b0n0:36467:40436 [3] NCCL INFO channel.cc:23 Cuda Alloc Size 768 pointer 0x149d8d819c00
x3001c0s37b0n0:36467:40436 [3] NCCL INFO channel.cc:27 Cuda Alloc Size 4 pointer 0x149d8d81a000
x3001c0s37b0n0:36467:40436 [3] NCCL INFO channel.cc:23 Cuda Alloc Size 768 pointer 0x149d8d81a200
x3001c0s37b0n0:36467:40436 [3] NCCL INFO channel.cc:27 Cuda Alloc Size 4 pointer 0x149d8d81a600
x3001c0s37b0n0:36467:40436 [3] NCCL INFO channel.cc:23 Cuda Alloc Size 768 pointer 0x149d8d81a800
x3001c0s37b0n0:36467:40436 [3] NCCL INFO channel.cc:27 Cuda Alloc Size 4 pointer 0x149d8d81ac00
x3001c0s37b0n0:36467:40436 [3] NCCL INFO channel.cc:23 Cuda Alloc Size 768 pointer 0x149d8d81ae00
x3001c0s37b0n0:36467:40436 [3] NCCL INFO channel.cc:27 Cuda Alloc Size 4 pointer 0x149d8d81b200
x3001c0s37b0n0:36467:40436 [3] NCCL INFO channel.cc:23 Cuda Alloc Size 768 pointer 0x149d8d81b400
x3001c0s37b0n0:36467:40436 [3] NCCL INFO channel.cc:27 Cuda Alloc Size 4 pointer 0x149d8d81b800
x3001c0s37b0n0:36467:40436 [3] NCCL INFO channel.cc:23 Cuda Alloc Size 768 pointer 0x149d8d81ba00
x3001c0s37b0n0:36467:40436 [3] NCCL INFO channel.cc:27 Cuda Alloc Size 4 pointer 0x149d8d81be00
x3001c0s37b0n0:36467:40436 [3] NCCL INFO channel.cc:23 Cuda Alloc Size 768 pointer 0x149d8d81c000
x3001c0s37b0n0:36467:40436 [3] NCCL INFO channel.cc:27 Cuda Alloc Size 4 pointer 0x149d8d81c400
x3001c0s37b0n0:36467:40436 [3] NCCL INFO channel.cc:23 Cuda Alloc Size 768 pointer 0x149d8d81c600
x3001c0s37b0n0:36467:40436 [3] NCCL INFO channel.cc:27 Cuda Alloc Size 4 pointer 0x149d8d81ca00
x3001c0s37b0n0:36467:40436 [3] NCCL INFO channel.cc:23 Cuda Alloc Size 768 pointer 0x149d8d81cc00
x3001c0s37b0n0:36467:40436 [3] NCCL INFO channel.cc:27 Cuda Alloc Size 4 pointer 0x149d8d81d000
x3001c0s37b0n0:36467:40436 [3] NCCL INFO channel.cc:23 Cuda Alloc Size 768 pointer 0x149d8d81d200
x3001c0s37b0n0:36467:40436 [3] NCCL INFO channel.cc:27 Cuda Alloc Size 4 pointer 0x149d8d81d600
x3001c0s37b0n0:36467:40436 [3] NCCL INFO channel.cc:23 Cuda Alloc Size 768 pointer 0x149d8d81d800
x3001c0s37b0n0:36467:40436 [3] NCCL INFO channel.cc:27 Cuda Alloc Size 4 pointer 0x149d8d81dc00
x3001c0s37b0n0:36467:40436 [3] NCCL INFO channel.cc:23 Cuda Alloc Size 768 pointer 0x149d8d81de00
x3001c0s37b0n0:36467:40436 [3] NCCL INFO channel.cc:27 Cuda Alloc Size 4 pointer 0x149d8d81e200
x3001c0s37b0n0:36467:40436 [3] NCCL INFO channel.cc:23 Cuda Alloc Size 768 pointer 0x149d8d81e400
x3001c0s37b0n0:36467:40436 [3] NCCL INFO channel.cc:27 Cuda Alloc Size 4 pointer 0x149d8d81e800
x3001c0s37b0n0:36467:40436 [3] NCCL INFO channel.cc:23 Cuda Alloc Size 768 pointer 0x149d8d81ea00
x3001c0s37b0n0:36467:40436 [3] NCCL INFO channel.cc:27 Cuda Alloc Size 4 pointer 0x149d8d81ee00
x3001c0s37b0n0:36467:40436 [3] NCCL INFO channel.cc:23 Cuda Alloc Size 768 pointer 0x149d8d81f000
x3001c0s37b0n0:36467:40436 [3] NCCL INFO channel.cc:27 Cuda Alloc Size 4 pointer 0x149d8d81f400
x3001c0s37b0n0:36467:40436 [3] NCCL INFO channel.cc:23 Cuda Alloc Size 768 pointer 0x149d8d81f600
x3001c0s37b0n0:36467:40436 [3] NCCL INFO channel.cc:27 Cuda Alloc Size 4 pointer 0x149d8d81fa00
x3001c0s37b0n0:36467:40436 [3] NCCL INFO Connected all rings
x3001c0s37b0n0:36467:40436 [3] NCCL INFO Connected all trees by HAO
x3001c0s37b0n0:36467:40436 [3] NCCL INFO 32 coll channels, 32 p2p channels, 32 p2p channels per peer
x3001c0s37b0n0:36467:40455 [3] NCCL INFO Mem Realloc old size 0, new size 8 pointer 0x149b50000c60
x3001c0s37b0n0:36467:40455 [3] NCCL INFO Allocated 4194656 bytes of shared memory in /dev/shm/nccl-eVIcyG

x3001c0s37b0n0:36467:40455 [3] NCCL INFO New proxy send connection 0 from local rank 0, transport 2
x3001c0s37b0n0:36464:40444 [0] NCCL INFO NET/IB : GPU Direct RDMA Enabled for HCA 0 'mlx5_0'
x3001c0s37b0n0:36464:40444 [0] NCCL INFO NET/IB : GPU Direct RDMA Enabled for HCA 1 'mlx5_1'
x3001c0s37b0n0:36464:40444 [0] NCCL INFO GPU Direct RDMA Disabled for GPU 7000 / HCA 0 (distance 7 > 4)
x3001c0s37b0n0:36464:40444 [0] NCCL INFO GPU Direct RDMA Disabled for GPU 7000 / HCA 1 (distance 7 > 4)
x3001c0s37b0n0:36464:40444 [0] NCCL INFO === System : maxBw 5000.0 totalBw 0.0 ===
x3001c0s37b0n0:36464:40444 [0] NCCL INFO CPU/3 (1/2/-1)
x3001c0s37b0n0:36464:40444 [0] NCCL INFO + SYS[5000.0] - CPU/0
