x3012c0s13b1n0:23127:27814 [1] NCCL INFO channel.cc:23 Cuda Alloc Size 8064 pointer 0x15422f81b800
x3012c0s13b1n0:23127:27814 [1] NCCL INFO channel.cc:27 Cuda Alloc Size 80 pointer 0x15422f81d800
x3012c0s13b1n0:23127:27814 [1] NCCL INFO channel.cc:23 Cuda Alloc Size 8064 pointer 0x15422f81da00
x3012c0s13b1n0:23127:27814 [1] NCCL INFO channel.cc:27 Cuda Alloc Size 80 pointer 0x15422f81fa00
x3012c0s13b1n0:23127:27814 [1] NCCL INFO GPU Direct RDMA Disabled for GPU 46000 / HCA 1 (distance 6 > 4)
x3012c0s13b1n0:23128:27813 [2] NCCL INFO Ring 00 : 4 -> 6 -> 7
x3012c0s13b1n0:23128:27813 [2] NCCL INFO Ring 01 : 4 -> 6 -> 7
x3012c0s13b1n0:23128:27813 [2] NCCL INFO Ring 02 : 4 -> 6 -> 7
x3012c0s13b1n0:23128:27813 [2] NCCL INFO Ring 03 : 4 -> 6 -> 7
x3012c0s13b1n0:23128:27813 [2] NCCL INFO Trees [0] 7/-1/-1->6->5 [1] 7/-1/-1->6->5 [2] 7/-1/-1->6->5 [3] 7/-1/-1->6->5
x3012c0s13b1n0:23128:27813 [2] NCCL INFO misc/utils.cc:235 memory stack hunk malloc(65536)
x3012c0s13b1n0:23128:27813 [2] NCCL INFO channel.cc:23 Cuda Alloc Size 8064 pointer 0x14ffff817400
x3012c0s13b1n0:23128:27813 [2] NCCL INFO channel.cc:27 Cuda Alloc Size 80 pointer 0x14ffff819400
x3012c0s13b1n0:23128:27813 [2] NCCL INFO channel.cc:23 Cuda Alloc Size 8064 pointer 0x14ffff819600
x3012c0s13b1n0:23128:27813 [2] NCCL INFO channel.cc:27 Cuda Alloc Size 80 pointer 0x14ffff81b600
x3012c0s13b1n0:23128:27813 [2] NCCL INFO channel.cc:23 Cuda Alloc Size 8064 pointer 0x14ffff81b800
x3012c0s13b1n0:23128:27813 [2] NCCL INFO channel.cc:27 Cuda Alloc Size 80 pointer 0x14ffff81d800
x3012c0s13b1n0:23128:27813 [2] NCCL INFO channel.cc:23 Cuda Alloc Size 8064 pointer 0x14ffff81da00
x3012c0s13b1n0:23128:27813 [2] NCCL INFO channel.cc:27 Cuda Alloc Size 80 pointer 0x14ffff81fa00
x3012c0s13b1n0:23128:27813 [2] NCCL INFO Channel 00/0 : 6[85000] -> 7[c7000] via P2P/IPC/read
x3012c0s13b1n0:23127:27962 [1] NCCL INFO Mem Realloc old size 0, new size 8 pointer 0x1541dc000c60
x3012c0s13b1n0:23127:27962 [1] NCCL INFO Allocated 4194656 bytes of shared memory in /dev/shm/nccl-BQvUhY

x3012c0s13b1n0:23127:27962 [1] NCCL INFO New proxy recv connection 0 from local rank 1, transport 2
x3012c0s13b1n0:23128:27943 [2] NCCL INFO Mem Realloc old size 0, new size 8 pointer 0x14ffa8000c60
x3012c0s13b1n0:23128:27943 [2] NCCL INFO New proxy send connection 0 from local rank 2, transport 0
x3012c0s13b1n0:23130:27812 [3] NCCL INFO Ring 00 : 6 -> 7 -> 9
x3012c0s13b1n0:23130:27812 [3] NCCL INFO Ring 01 : 6 -> 7 -> 9
x3012c0s13b1n0:23130:27812 [3] NCCL INFO Ring 02 : 6 -> 7 -> 9
x3012c0s13b1n0:23130:27812 [3] NCCL INFO Ring 03 : 6 -> 7 -> 9
x3012c0s13b1n0:23130:27812 [3] NCCL INFO Trees [0] -1/-1/-1->7->6 [1] -1/-1/-1->7->6 [2] -1/-1/-1->7->6 [3] -1/-1/-1->7->6
x3012c0s13b1n0:23130:27812 [3] NCCL INFO misc/utils.cc:235 memory stack hunk malloc(65536)
x3012c0s13b1n0:23130:27812 [3] NCCL INFO channel.cc:23 Cuda Alloc Size 8064 pointer 0x1539ffe17400
x3012c0s13b1n0:23130:27812 [3] NCCL INFO channel.cc:27 Cuda Alloc Size 80 pointer 0x1539ffe19400
x3012c0s13b1n0:23130:27812 [3] NCCL INFO channel.cc:23 Cuda Alloc Size 8064 pointer 0x1539ffe19600
x3012c0s13b1n0:23130:27812 [3] NCCL INFO channel.cc:27 Cuda Alloc Size 80 pointer 0x1539ffe1b600
x3012c0s13b1n0:23130:27812 [3] NCCL INFO channel.cc:23 Cuda Alloc Size 8064 pointer 0x1539ffe1b800
x3012c0s13b1n0:23130:27812 [3] NCCL INFO channel.cc:27 Cuda Alloc Size 80 pointer 0x1539ffe1d800
x3012c0s13b1n0:23130:27812 [3] NCCL INFO channel.cc:23 Cuda Alloc Size 8064 pointer 0x1539ffe1da00
x3012c0s13b1n0:23130:27812 [3] NCCL INFO channel.cc:27 Cuda Alloc Size 80 pointer 0x1539ffe1fa00
x3012c0s13b1n0:23127:27814 [1] NCCL INFO Connection to proxy localRank 1 -> connection 0x1541dc000c80
x3012c0s13b1n0:23127:27814 [1] NCCL INFO Channel 00/0 : 3[c7000] -> 5[46000] [receive] via NET/IB/1
x3012c0s13b1n0:23127:27814 [1] NCCL INFO GPU Direct RDMA Disabled for GPU 46000 / HCA 0 (distance 7 > 4)
x3012c0s13b1n0:23130:27947 [3] NCCL INFO Mem Realloc old size 0, new size 8 pointer 0x153980000c60
x3012c0s13b1n0:23130:27947 [3] NCCL INFO New proxy recv connection 0 from local rank 3, transport 0
x3012c0s13b1n0:23130:27812 [3] NCCL INFO Connection to proxy localRank 3 -> connection 0x153980000c80
x3012c0s13b1n0:23130:27947 [3] NCCL INFO transport/p2p.cc:449 Cuda Alloc Size 6291456 pointer 0x1539e4000000
x3012c0s13b1n0:23127:27962 [1] NCCL INFO New proxy recv connection 1 from local rank 1, transport 2
x3012c0s13b1n0:23128:27813 [2] NCCL INFO Connection to proxy localRank 2 -> connection 0x14ffa8000c80
x3012c0s13b1n0:23128:27943 [2] NCCL INFO transport/p2p.cc:430 Cuda Alloc Size 6291456 pointer 0x150024000000
x3012c0s13b1n0:23130:27947 [3] NCCL INFO New proxy recv connection 1 from local rank 3, transport 0
x3012c0s13b1n0:23128:27813 [2] NCCL INFO Channel 01/0 : 6[85000] -> 7[c7000] via P2P/IPC/read
x3012c0s13b1n0:23128:27943 [2] NCCL INFO New proxy send connection 1 from local rank 2, transport 0
x3012c0s13b1n0:23127:27814 [1] NCCL INFO Connection to proxy localRank 1 -> connection 0x1541dc000cc0
x3012c0s13b1n0:23127:27814 [1] NCCL INFO Channel 01/0 : 3[c7000] -> 5[46000] [receive] via NET/IB/0
x3012c0s13b1n0:23127:27814 [1] NCCL INFO GPU Direct RDMA Disabled for GPU 46000 / HCA 1 (distance 6 > 4)
x3012c0s13b1n0:23130:27812 [3] NCCL INFO Connection to proxy localRank 3 -> connection 0x153980000cc0
x3012c0s13b1n0:23130:27947 [3] NCCL INFO transport/p2p.cc:449 Cuda Alloc Size 6291456 pointer 0x1539e4600000
x3012c0s13b1n0:23128:27813 [2] NCCL INFO Connection to proxy localRank 2 -> connection 0x14ffa8000cc0
x3012c0s13b1n0:23128:27943 [2] NCCL INFO transport/p2p.cc:430 Cuda Alloc Size 6291456 pointer 0x150024600000
x3012c0s13b1n0:23127:27962 [1] NCCL INFO New proxy recv connection 2 from local rank 1, transport 2
x3012c0s13b1n0:23130:27947 [3] NCCL INFO New proxy recv connection 2 from local rank 3, transport 0
x3012c0s13b1n0:23130:27812 [3] NCCL INFO Connection to proxy localRank 3 -> connection 0x153980000d00
x3012c0s13b1n0:23128:27813 [2] NCCL INFO Channel 02/0 : 6[85000] -> 7[c7000] via P2P/IPC/read
x3012c0s13b1n0:23128:27943 [2] NCCL INFO New proxy send connection 2 from local rank 2, transport 0
x3012c0s13b1n0:23127:27814 [1] NCCL INFO Connection to proxy localRank 1 -> connection 0x1541dc000d00
x3012c0s13b1n0:23128:27813 [2] NCCL INFO Connection to proxy localRank 2 -> connection 0x14ffa8000d00
x3012c0s13b1n0:23128:27943 [2] NCCL INFO transport/p2p.cc:430 Cuda Alloc Size 6291456 pointer 0x150024c00000
x3012c0s13b1n0:23130:27947 [3] NCCL INFO transport/p2p.cc:449 Cuda Alloc Size 6291456 pointer 0x1539e4c00000
x3012c0s13b1n0:23130:27947 [3] NCCL INFO New proxy recv connection 3 from local rank 3, transport 0
x3012c0s13b1n0:23128:27813 [2] NCCL INFO Channel 03/0 : 6[85000] -> 7[c7000] via P2P/IPC/read
x3012c0s13b1n0:23128:27943 [2] NCCL INFO New proxy send connection 3 from local rank 2, transport 0
x3012c0s13b1n0:23127:27814 [1] NCCL INFO Channel 02/0 : 3[c7000] -> 5[46000] [receive] via NET/IB/1
x3012c0s13b1n0:23127:27814 [1] NCCL INFO GPU Direct RDMA Disabled for GPU 46000 / HCA 0 (distance 7 > 4)
x3012c0s13b1n0:23127:27962 [1] NCCL INFO New proxy recv connection 3 from local rank 1, transport 2
x3012c0s13b1n0:23130:27812 [3] NCCL INFO Connection to proxy localRank 3 -> connection 0x153980000d40
x3012c0s13b1n0:23130:27947 [3] NCCL INFO transport/p2p.cc:449 Cuda Alloc Size 6291456 pointer 0x1539e5200000
x3012c0s13b1n0:23128:27813 [2] NCCL INFO Connection to proxy localRank 2 -> connection 0x14ffa8000d40
x3012c0s13b1n0:23128:27943 [2] NCCL INFO transport/p2p.cc:430 Cuda Alloc Size 6291456 pointer 0x150025200000
x3012c0s13b1n0:23127:27814 [1] NCCL INFO Connection to proxy localRank 1 -> connection 0x1541dc000d40
x3012c0s13b1n0:23128:27943 [2] NCCL INFO New proxy recv connection 4 from local rank 2, transport 0
x3012c0s13b1n0:23130:27812 [3] NCCL INFO GPU Direct RDMA Disabled for GPU c7000 / HCA 1 (distance 7 > 4)
x3012c0s13b1n0:23130:27947 [3] NCCL INFO Allocated 4194656 bytes of shared memory in /dev/shm/nccl-XhQrkc

x3012c0s13b1n0:23130:27947 [3] NCCL INFO New proxy send connection 4 from local rank 3, transport 2
x3012c0s13b1n0:23130:27812 [3] NCCL INFO Connection to proxy localRank 3 -> connection 0x153980000d80
x3012c0s13b1n0:23130:27812 [3] NCCL INFO Channel 00/0 : 7[c7000] -> 9[46000] [send] via NET/IB/1
x3012c0s13b1n0:23130:27812 [3] NCCL INFO GPU Direct RDMA Disabled for GPU c7000 / HCA 0 (distance 6 > 4)
x3012c0s13b1n0:23125:27815 [0] NCCL INFO Tree 0 : 9 -> 4 -> 5/-1/-1
x3012c0s13b1n0:23125:27815 [0] NCCL INFO Tree 2 : -1 -> 4 -> 5/0/-1
x3012c0s13b1n0:23125:27815 [0] NCCL INFO Tree 1 : 9 -> 4 -> 5/-1/-1
x3012c0s13b1n0:23125:27815 [0] NCCL INFO Tree 3 : -1 -> 4 -> 5/0/-1
x3012c0s13b1n0:23125:27815 [0] NCCL INFO Ring 00 : 5 -> 4 -> 6
x3012c0s13b1n0:23125:27815 [0] NCCL INFO Ring 01 : 5 -> 4 -> 6
x3012c0s13b1n0:23125:27815 [0] NCCL INFO Ring 02 : 5 -> 4 -> 6
x3012c0s13b1n0:23125:27815 [0] NCCL INFO Ring 03 : 5 -> 4 -> 6
x3012c0s13b1n0:23125:27815 [0] NCCL INFO Trees [0] 5/-1/-1->4->9 [1] 5/-1/-1->4->9 [2] 5/0/-1->4->-1 [3] 5/0/-1->4->-1
x3012c0s13b1n0:23125:27815 [0] NCCL INFO misc/utils.cc:235 memory stack hunk malloc(65536)
x3012c0s13b1n0:23125:27815 [0] NCCL INFO channel.cc:23 Cuda Alloc Size 8064 pointer 0x14ee91817400
x3012c0s13b1n0:23125:27815 [0] NCCL INFO channel.cc:27 Cuda Alloc Size 80 pointer 0x14ee91819400
x3012c0s13b1n0:23125:27815 [0] NCCL INFO channel.cc:23 Cuda Alloc Size 8064 pointer 0x14ee91819600
x3012c0s13b1n0:23125:27815 [0] NCCL INFO channel.cc:27 Cuda Alloc Size 80 pointer 0x14ee9181b600
x3012c0s13b1n0:23125:27815 [0] NCCL INFO channel.cc:23 Cuda Alloc Size 8064 pointer 0x14ee9181b800
x3012c0s13b1n0:23125:27815 [0] NCCL INFO channel.cc:27 Cuda Alloc Size 80 pointer 0x14ee9181d800
x3012c0s13b1n0:23125:27815 [0] NCCL INFO channel.cc:23 Cuda Alloc Size 8064 pointer 0x14ee9181da00
x3012c0s13b1n0:23125:27815 [0] NCCL INFO channel.cc:27 Cuda Alloc Size 80 pointer 0x14ee9181fa00
x3012c0s13b1n0:23125:27815 [0] NCCL INFO Channel 00/0 : 4[7000] -> 6[85000] via P2P/IPC/read
x3012c0s13b1n0:23127:27814 [1] NCCL INFO Channel 03/0 : 3[c7000] -> 5[46000] [receive] via NET/IB/0
x3012c0s13b1n0:23125:27956 [0] NCCL INFO Mem Realloc old size 0, new size 8 pointer 0x14ee38000c60
x3012c0s13b1n0:23125:27956 [0] NCCL INFO New proxy send connection 0 from local rank 0, transport 0
x3012c0s13b1n0:23125:27815 [0] NCCL INFO Connection to proxy localRank 0 -> connection 0x14ee38000c80
x3012c0s13b1n0:23125:27956 [0] NCCL INFO transport/p2p.cc:430 Cuda Alloc Size 6291456 pointer 0x14ee73a00000
x3012c0s13b1n0:23128:27813 [2] NCCL INFO Connection to proxy localRank 2 -> connection 0x14ffa8000d80
x3012c0s13b1n0:23130:27947 [3] NCCL INFO New proxy send connection 5 from local rank 3, transport 2
x3012c0s13b1n0:23128:27943 [2] NCCL INFO transport/p2p.cc:449 Cuda Alloc Size 6291456 pointer 0x14ffa3800000
x3012c0s13b1n0:23125:27815 [0] NCCL INFO Channel 01/0 : 4[7000] -> 6[85000] via P2P/IPC/read
x3012c0s13b1n0:23125:27956 [0] NCCL INFO New proxy send connection 1 from local rank 0, transport 0
x3012c0s13b1n0:23130:27812 [3] NCCL INFO Connection to proxy localRank 3 -> connection 0x153980000dc0
x3012c0s13b1n0:23130:27812 [3] NCCL INFO Channel 01/0 : 7[c7000] -> 9[46000] [send] via NET/IB/0
x3012c0s13b1n0:23130:27812 [3] NCCL INFO GPU Direct RDMA Disabled for GPU c7000 / HCA 1 (distance 7 > 4)
x3012c0s13b1n0:23130:27947 [3] NCCL INFO New proxy send connection 6 from local rank 3, transport 2
x3012c0s13b1n0:23128:27943 [2] NCCL INFO New proxy recv connection 5 from local rank 2, transport 0
x3012c0s13b1n0:23130:27812 [3] NCCL INFO Connection to proxy localRank 3 -> connection 0x153980000e00
x3012c0s13b1n0:23125:27815 [0] NCCL INFO Connection to proxy localRank 0 -> connection 0x14ee38000cc0
x3012c0s13b1n0:23125:27956 [0] NCCL INFO transport/p2p.cc:430 Cuda Alloc Size 6291456 pointer 0x14eeb3800000
x3012c0s13b1n0:23128:27813 [2] NCCL INFO Connection to proxy localRank 2 -> connection 0x14ffa8000dc0
x3012c0s13b1n0:23128:27943 [2] NCCL INFO transport/p2p.cc:449 Cuda Alloc Size 6291456 pointer 0x14ffa0000000
x3012c0s13b1n0:23130:27812 [3] NCCL INFO Channel 02/0 : 7[c7000] -> 9[46000] [send] via NET/IB/1
x3012c0s13b1n0:23130:27812 [3] NCCL INFO GPU Direct RDMA Disabled for GPU c7000 / HCA 0 (distance 6 > 4)
x3012c0s13b1n0:23130:27947 [3] NCCL INFO New proxy send connection 7 from local rank 3, transport 2
x3012c0s13b1n0:23125:27815 [0] NCCL INFO Channel 02/0 : 4[7000] -> 6[85000] via P2P/IPC/read
x3012c0s13b1n0:23125:27956 [0] NCCL INFO New proxy send connection 2 from local rank 0, transport 0
x3012c0s13b1n0:23125:27815 [0] NCCL INFO Connection to proxy localRank 0 -> connection 0x14ee38000d00
x3012c0s13b1n0:23125:27956 [0] NCCL INFO transport/p2p.cc:430 Cuda Alloc Size 6291456 pointer 0x14eeb3e00000
x3012c0s13b1n0:23130:27812 [3] NCCL INFO Connection to proxy localRank 3 -> connection 0x153980000e40
x3012c0s13b1n0:23130:27812 [3] NCCL INFO Channel 03/0 : 7[c7000] -> 9[46000] [send] via NET/IB/0
x3012c0s13b1n0:23130:27947 [3] NCCL INFO transport/net_ib.cc:596 Ib Alloc Size 26560 pointer 0x153980020000
x3012c0s13b1n0:23128:27943 [2] NCCL INFO New proxy recv connection 6 from local rank 2, transport 0
x3012c0s13b1n0:23130:27947 [3] NCCL INFO NET/IB: Dev 1 Port 1 qpn 24058 mtu 5 GID 0 (80FE/CC1100FEFF000000)
x3012c0s13b1n0:23130:27947 [3] NCCL INFO transport/net_ib.cc:653 Ib Alloc Size 552 pointer 0x153980038000
x3012c0s13b1n0:23130:27947 [3] NCCL INFO transport/net.cc:571 Cuda Host Alloc Size 9641984 pointer 0x153a10800000
x3012c0s13b1n0:23125:27815 [0] NCCL INFO Channel 03/0 : 4[7000] -> 6[85000] via P2P/IPC/read
x3012c0s13b1n0:23125:27956 [0] NCCL INFO New proxy send connection 3 from local rank 0, transport 0
x3012c0s13b1n0:23128:27813 [2] NCCL INFO Connection to proxy localRank 2 -> connection 0x14ffa8000e00
x3012c0s13b1n0:23130:27947 [3] NCCL INFO transport/net_ib.cc:596 Ib Alloc Size 26560 pointer 0x15398003a000
x3012c0s13b1n0:23128:27943 [2] NCCL INFO transport/p2p.cc:449 Cuda Alloc Size 6291456 pointer 0x14ffa0600000
x3012c0s13b1n0:23125:27815 [0] NCCL INFO Connection to proxy localRank 0 -> connection 0x14ee38000d40
x3012c0s13b1n0:23125:27956 [0] NCCL INFO transport/p2p.cc:430 Cuda Alloc Size 6291456 pointer 0x14eeb4400000
x3012c0s13b1n0:23130:27947 [3] NCCL INFO NET/IB: Dev 0 Port 1 qpn 24793 mtu 5 GID 0 (80FE/8D1100FEFF000000)
x3012c0s13b1n0:23130:27947 [3] NCCL INFO transport/net_ib.cc:653 Ib Alloc Size 552 pointer 0x153980051000
x3012c0s13b1n0:23130:27947 [3] NCCL INFO transport/net.cc:571 Cuda Host Alloc Size 9641984 pointer 0x153a11200000
x3012c0s13b1n0:23128:27943 [2] NCCL INFO New proxy recv connection 7 from local rank 2, transport 0
x3012c0s13b1n0:23130:27947 [3] NCCL INFO transport/net_ib.cc:596 Ib Alloc Size 26560 pointer 0x153980053000
x3012c0s13b1n0:23130:27947 [3] NCCL INFO NET/IB: Dev 1 Port 1 qpn 24059 mtu 5 GID 0 (80FE/CC1100FEFF000000)
x3012c0s13b1n0:23130:27947 [3] NCCL INFO transport/net_ib.cc:653 Ib Alloc Size 552 pointer 0x15398006a000
x3012c0s13b1n0:23130:27947 [3] NCCL INFO transport/net.cc:571 Cuda Host Alloc Size 9641984 pointer 0x153a11c00000
x3012c0s13b1n0:23130:27947 [3] NCCL INFO transport/net_ib.cc:596 Ib Alloc Size 26560 pointer 0x15398006c000
x3012c0s13b1n0:23128:27813 [2] NCCL INFO Connection to proxy localRank 2 -> connection 0x14ffa8000e40
x3012c0s13b1n0:23128:27943 [2] NCCL INFO transport/p2p.cc:449 Cuda Alloc Size 6291456 pointer 0x14ffa0c00000
x3012c0s13b1n0:23130:27947 [3] NCCL INFO NET/IB: Dev 0 Port 1 qpn 24794 mtu 5 GID 0 (80FE/8D1100FEFF000000)
x3012c0s13b1n0:23130:27947 [3] NCCL INFO transport/net_ib.cc:653 Ib Alloc Size 552 pointer 0x153980083000
x3012c0s13b1n0:23130:27947 [3] NCCL INFO transport/net.cc:571 Cuda Host Alloc Size 9641984 pointer 0x153a12600000
x3012c0s13b1n0:23130:27812 [3] NCCL INFO Connected all rings
x3012c0s13b1n0:23130:27812 [3] NCCL INFO Channel 00/0 : 7[c7000] -> 6[85000] via P2P/IPC/read
x3012c0s13b1n0:23130:27947 [3] NCCL INFO New proxy send connection 8 from local rank 3, transport 0
x3012c0s13b1n0:23130:27812 [3] NCCL INFO Connection to proxy localRank 3 -> connection 0x153980000e80
x3012c0s13b1n0:23130:27947 [3] NCCL INFO transport/p2p.cc:430 Cuda Alloc Size 6291456 pointer 0x153a17400000
x3012c0s13b1n0:23128:27813 [2] NCCL INFO Connected all rings
x3012c0s13b1n0:23125:27956 [0] NCCL INFO New proxy recv connection 4 from local rank 0, transport 0
x3012c0s13b1n0:23130:27812 [3] NCCL INFO Channel 01/0 : 7[c7000] -> 6[85000] via P2P/IPC/read
x3012c0s13b1n0:23130:27947 [3] NCCL INFO New proxy send connection 9 from local rank 3, transport 0
x3012c0s13b1n0:23125:27815 [0] NCCL INFO Connection to proxy localRank 0 -> connection 0x14ee38000d80
x3012c0s13b1n0:23125:27956 [0] NCCL INFO transport/p2p.cc:449 Cuda Alloc Size 6291456 pointer 0x14ee3ec00000
x3012c0s13b1n0:23130:27812 [3] NCCL INFO Connection to proxy localRank 3 -> connection 0x153980000ec0
x3012c0s13b1n0:23130:27947 [3] NCCL INFO transport/p2p.cc:430 Cuda Alloc Size 6291456 pointer 0x153a17a00000
x3012c0s13b1n0:23128:27943 [2] NCCL INFO New proxy recv connection 8 from local rank 2, transport 0
x3012c0s13b1n0:23128:27813 [2] NCCL INFO Connection to proxy localRank 2 -> connection 0x14ffa8000e80
x3012c0s13b1n0:23128:27943 [2] NCCL INFO transport/p2p.cc:449 Cuda Alloc Size 6291456 pointer 0x14ff9ec00000
x3012c0s13b1n0:23125:27956 [0] NCCL INFO New proxy recv connection 5 from local rank 0, transport 0
x3012c0s13b1n0:23128:27943 [2] NCCL INFO New proxy recv connection 9 from local rank 2, transport 0
x3012c0s13b1n0:23130:27812 [3] NCCL INFO Channel 02/0 : 7[c7000] -> 6[85000] via P2P/IPC/read
x3012c0s13b1n0:23130:27947 [3] NCCL INFO New proxy send connection 10 from local rank 3, transport 0
x3012c0s13b1n0:23125:27815 [0] NCCL INFO Connection to proxy localRank 0 -> connection 0x14ee38000dc0
x3012c0s13b1n0:23128:27813 [2] NCCL INFO Connection to proxy localRank 2 -> connection 0x14ffa8000ec0
x3012c0s13b1n0:23130:27812 [3] NCCL INFO Connection to proxy localRank 3 -> connection 0x153980000f00
x3012c0s13b1n0:23125:27956 [0] NCCL INFO transport/p2p.cc:449 Cuda Alloc Size 6291456 pointer 0x14ee3f200000
x3012c0s13b1n0:23128:27943 [2] NCCL INFO transport/p2p.cc:449 Cuda Alloc Size 6291456 pointer 0x14ff9f200000
x3012c0s13b1n0:23130:27947 [3] NCCL INFO transport/p2p.cc:430 Cuda Alloc Size 6291456 pointer 0x153a23800000
x3012c0s13b1n0:23127:27962 [1] NCCL INFO transport/net_ib.cc:683 Ib Alloc Size 21688 pointer 0x1541dc01d000
x3012c0s13b1n0:23127:27962 [1] NCCL INFO transport/net_ib.cc:696 Ib Alloc Size 552 pointer 0x1541dc024000
x3012c0s13b1n0:23125:27956 [0] NCCL INFO New proxy recv connection 6 from local rank 0, transport 0
x3012c0s13b1n0:23128:27943 [2] NCCL INFO New proxy recv connection 10 from local rank 2, transport 0
x3012c0s13b1n0:23130:27812 [3] NCCL INFO Channel 03/0 : 7[c7000] -> 6[85000] via P2P/IPC/read
x3012c0s13b1n0:23130:27947 [3] NCCL INFO New proxy send connection 11 from local rank 3, transport 0
x3012c0s13b1n0:23125:27815 [0] NCCL INFO Connection to proxy localRank 0 -> connection 0x14ee38000e00
x3012c0s13b1n0:23125:27956 [0] NCCL INFO transport/p2p.cc:449 Cuda Alloc Size 6291456 pointer 0x14ee3f800000
x3012c0s13b1n0:23127:27962 [1] NCCL INFO transport/net_ib.cc:771 Ib Alloc Size 552 pointer 0x1541dc041000
x3012c0s13b1n0:23127:27962 [1] NCCL INFO transport/net.cc:698 Cuda Host Alloc Size 9641984 pointer 0x154254000000
x3012c0s13b1n0:23128:27813 [2] NCCL INFO Connection to proxy localRank 2 -> connection 0x14ffa8000f00
x3012c0s13b1n0:23128:27943 [2] NCCL INFO transport/p2p.cc:449 Cuda Alloc Size 6291456 pointer 0x14ff9f800000
x3012c0s13b1n0:23130:27812 [3] NCCL INFO Connection to proxy localRank 3 -> connection 0x153980000f40
x3012c0s13b1n0:23130:27947 [3] NCCL INFO transport/p2p.cc:430 Cuda Alloc Size 6291456 pointer 0x15397e000000
x3012c0s13b1n0:23125:27956 [0] NCCL INFO New proxy recv connection 7 from local rank 0, transport 0
x3012c0s13b1n0:23128:27943 [2] NCCL INFO New proxy recv connection 11 from local rank 2, transport 0
x3012c0s13b1n0:23127:27962 [1] NCCL INFO transport/net_ib.cc:683 Ib Alloc Size 21688 pointer 0x1541dc043000
x3012c0s13b1n0:23127:27962 [1] NCCL INFO transport/net_ib.cc:696 Ib Alloc Size 552 pointer 0x1541dc04a000
x3012c0s13b1n0:23125:27815 [0] NCCL INFO Connection to proxy localRank 0 -> connection 0x14ee38000e40
x3012c0s13b1n0:23125:27956 [0] NCCL INFO transport/p2p.cc:449 Cuda Alloc Size 6291456 pointer 0x14ee36000000
x3012c0s13b1n0:23127:27962 [1] NCCL INFO transport/net_ib.cc:771 Ib Alloc Size 552 pointer 0x1541dc065000
x3012c0s13b1n0:23127:27962 [1] NCCL INFO transport/net.cc:698 Cuda Host Alloc Size 9641984 pointer 0x154254a00000
x3012c0s13b1n0:23128:27813 [2] NCCL INFO Connection to proxy localRank 2 -> connection 0x14ffa8000f40
x3012c0s13b1n0:23128:27943 [2] NCCL INFO transport/p2p.cc:449 Cuda Alloc Size 6291456 pointer 0x14ff9c000000
x3012c0s13b1n0:23127:27962 [1] NCCL INFO transport/net_ib.cc:683 Ib Alloc Size 21688 pointer 0x1541dc067000
x3012c0s13b1n0:23127:27962 [1] NCCL INFO transport/net_ib.cc:696 Ib Alloc Size 552 pointer 0x1541dc06e000
x3012c0s13b1n0:23127:27962 [1] NCCL INFO transport/net_ib.cc:771 Ib Alloc Size 552 pointer 0x1541dc089000
x3012c0s13b1n0:23127:27962 [1] NCCL INFO transport/net.cc:698 Cuda Host Alloc Size 9641984 pointer 0x1541d6000000
x3012c0s13b1n0:23127:27962 [1] NCCL INFO transport/net_ib.cc:683 Ib Alloc Size 21688 pointer 0x1541dc08b000
x3012c0s13b1n0:23127:27962 [1] NCCL INFO transport/net_ib.cc:696 Ib Alloc Size 552 pointer 0x1541dc092000
x3012c0s13b1n0:23127:27962 [1] NCCL INFO transport/net_ib.cc:771 Ib Alloc Size 552 pointer 0x1541dc0ad000
x3012c0s13b1n0:23127:27962 [1] NCCL INFO transport/net.cc:698 Cuda Host Alloc Size 9641984 pointer 0x1541d6a00000
x3012c0s13b1n0:23127:27814 [1] NCCL INFO Channel 00/0 : 5[46000] -> 4[7000] via P2P/IPC/read
x3012c0s13b1n0:23127:27962 [1] NCCL INFO New proxy send connection 4 from local rank 1, transport 0
x3012c0s13b1n0:23127:27814 [1] NCCL INFO Connection to proxy localRank 1 -> connection 0x1541dc000d80
x3012c0s13b1n0:23127:27962 [1] NCCL INFO transport/p2p.cc:430 Cuda Alloc Size 6291456 pointer 0x1541d7400000
x3012c0s13b1n0:23127:27814 [1] NCCL INFO Channel 01/0 : 5[46000] -> 4[7000] via P2P/IPC/read
x3012c0s13b1n0:23127:27962 [1] NCCL INFO New proxy send connection 5 from local rank 1, transport 0
x3012c0s13b1n0:23127:27814 [1] NCCL INFO Connection to proxy localRank 1 -> connection 0x1541dc000dc0
x3012c0s13b1n0:23127:27962 [1] NCCL INFO transport/p2p.cc:430 Cuda Alloc Size 6291456 pointer 0x1541d7a00000
x3012c0s13b1n0:23127:27814 [1] NCCL INFO Channel 02/0 : 5[46000] -> 4[7000] via P2P/IPC/read
x3012c0s13b1n0:23127:27962 [1] NCCL INFO New proxy send connection 6 from local rank 1, transport 0
x3012c0s13b1n0:23127:27814 [1] NCCL INFO Connection to proxy localRank 1 -> connection 0x1541dc000e00
x3012c0s13b1n0:23127:27962 [1] NCCL INFO transport/p2p.cc:430 Cuda Alloc Size 6291456 pointer 0x154211a00000
x3012c0s13b1n0:23127:27814 [1] NCCL INFO Channel 03/0 : 5[46000] -> 4[7000] via P2P/IPC/read
x3012c0s13b1n0:23127:27962 [1] NCCL INFO New proxy send connection 7 from local rank 1, transport 0
x3012c0s13b1n0:23127:27814 [1] NCCL INFO Connection to proxy localRank 1 -> connection 0x1541dc000e40
x3012c0s13b1n0:23127:27962 [1] NCCL INFO transport/p2p.cc:430 Cuda Alloc Size 6291456 pointer 0x154255400000
x3012c0s13b1n0:23127:27814 [1] NCCL INFO Connected all rings
x3012c0s13b1n0:23127:27962 [1] NCCL INFO New proxy recv connection 8 from local rank 1, transport 0
x3012c0s13b1n0:23125:27815 [0] NCCL INFO Connected all rings
x3012c0s13b1n0:23125:27815 [0] NCCL INFO Channel 00/0 : 4[7000] -> 5[46000] via P2P/IPC/read
x3012c0s13b1n0:23125:27956 [0] NCCL INFO New proxy send connection 8 from local rank 0, transport 0
x3012c0s13b1n0:23125:27815 [0] NCCL INFO Connection to proxy localRank 0 -> connection 0x14ee38000e80
x3012c0s13b1n0:23125:27956 [0] NCCL INFO transport/p2p.cc:430 Cuda Alloc Size 6291456 pointer 0x14ee34000000
x3012c0s13b1n0:23127:27814 [1] NCCL INFO Connection to proxy localRank 1 -> connection 0x1541dc000e80
x3012c0s13b1n0:23127:27962 [1] NCCL INFO transport/p2p.cc:449 Cuda Alloc Size 6291456 pointer 0x1541cf800000
x3012c0s13b1n0:23127:27962 [1] NCCL INFO New proxy recv connection 9 from local rank 1, transport 0
x3012c0s13b1n0:23125:27815 [0] NCCL INFO Channel 01/0 : 4[7000] -> 5[46000] via P2P/IPC/read
x3012c0s13b1n0:23125:27956 [0] NCCL INFO New proxy send connection 9 from local rank 0, transport 0
x3012c0s13b1n0:23125:27815 [0] NCCL INFO Connection to proxy localRank 0 -> connection 0x14ee38000ec0
x3012c0s13b1n0:23125:27956 [0] NCCL INFO transport/p2p.cc:430 Cuda Alloc Size 6291456 pointer 0x14ee34600000
x3012c0s13b1n0:23127:27814 [1] NCCL INFO Connection to proxy localRank 1 -> connection 0x1541dc000ec0
x3012c0s13b1n0:23127:27962 [1] NCCL INFO transport/p2p.cc:449 Cuda Alloc Size 6291456 pointer 0x1541cc000000
x3012c0s13b1n0:23125:27815 [0] NCCL INFO Channel 02/0 : 4[7000] -> 5[46000] via P2P/IPC/read
x3012c0s13b1n0:23125:27956 [0] NCCL INFO New proxy send connection 10 from local rank 0, transport 0
x3012c0s13b1n0:23127:27962 [1] NCCL INFO New proxy recv connection 10 from local rank 1, transport 0
x3012c0s13b1n0:23127:27814 [1] NCCL INFO Connection to proxy localRank 1 -> connection 0x1541dc000f00
x3012c0s13b1n0:23127:27962 [1] NCCL INFO transport/p2p.cc:449 Cuda Alloc Size 6291456 pointer 0x1541cc600000
x3012c0s13b1n0:23125:27815 [0] NCCL INFO Connection to proxy localRank 0 -> connection 0x14ee38000f00
x3012c0s13b1n0:23125:27956 [0] NCCL INFO transport/p2p.cc:430 Cuda Alloc Size 6291456 pointer 0x14ee34c00000
x3012c0s13b1n0:23125:27815 [0] NCCL INFO Channel 03/0 : 4[7000] -> 5[46000] via P2P/IPC/read
x3012c0s13b1n0:23125:27956 [0] NCCL INFO New proxy send connection 11 from local rank 0, transport 0
x3012c0s13b1n0:23127:27962 [1] NCCL INFO New proxy recv connection 11 from local rank 1, transport 0
x3012c0s13b1n0:23127:27814 [1] NCCL INFO Connection to proxy localRank 1 -> connection 0x1541dc000f40
x3012c0s13b1n0:23125:27815 [0] NCCL INFO Connection to proxy localRank 0 -> connection 0x14ee38000f40
x3012c0s13b1n0:23125:27956 [0] NCCL INFO transport/p2p.cc:430 Cuda Alloc Size 6291456 pointer 0x14ee35200000
x3012c0s13b1n0:23127:27962 [1] NCCL INFO transport/p2p.cc:449 Cuda Alloc Size 6291456 pointer 0x1541ccc00000
x3012c0s13b1n0:23127:27814 [1] NCCL INFO Channel 00/0 : 5[46000] -> 6[85000] via P2P/IPC/read
x3012c0s13b1n0:23127:27962 [1] NCCL INFO New proxy send connection 12 from local rank 1, transport 0
x3012c0s13b1n0:23127:27814 [1] NCCL INFO Connection to proxy localRank 1 -> connection 0x1541dc000f80
x3012c0s13b1n0:23127:27962 [1] NCCL INFO transport/p2p.cc:430 Cuda Alloc Size 6291456 pointer 0x1541cd200000
x3012c0s13b1n0:23127:27814 [1] NCCL INFO Channel 01/0 : 5[46000] -> 6[85000] via P2P/IPC/read
x3012c0s13b1n0:23127:27962 [1] NCCL INFO New proxy send connection 13 from local rank 1, transport 0
x3012c0s13b1n0:23127:27814 [1] NCCL INFO Connection to proxy localRank 1 -> connection 0x1541dc000fc0
x3012c0s13b1n0:23127:27962 [1] NCCL INFO transport/p2p.cc:430 Cuda Alloc Size 6291456 pointer 0x1541cd800000
x3012c0s13b1n0:23127:27814 [1] NCCL INFO Channel 02/0 : 5[46000] -> 6[85000] via P2P/IPC/read
x3012c0s13b1n0:23127:27962 [1] NCCL INFO New proxy send connection 14 from local rank 1, transport 0
x3012c0s13b1n0:23127:27814 [1] NCCL INFO Connection to proxy localRank 1 -> connection 0x1541dc001000
x3012c0s13b1n0:23127:27962 [1] NCCL INFO transport/p2p.cc:430 Cuda Alloc Size 6291456 pointer 0x1541ca000000
x3012c0s13b1n0:23127:27814 [1] NCCL INFO Channel 03/0 : 5[46000] -> 6[85000] via P2P/IPC/read
x3012c0s13b1n0:23127:27962 [1] NCCL INFO New proxy send connection 15 from local rank 1, transport 0
x3012c0s13b1n0:23127:27814 [1] NCCL INFO Connection to proxy localRank 1 -> connection 0x1541dc001040
x3012c0s13b1n0:23127:27962 [1] NCCL INFO transport/p2p.cc:430 Cuda Alloc Size 6291456 pointer 0x1541ca600000
x3012c0s13b1n0:23127:27962 [1] NCCL INFO New proxy recv connection 16 from local rank 1, transport 0
x3012c0s13b1n0:23125:27815 [0] NCCL INFO GPU Direct RDMA Disabled for GPU 7000 / HCA 1 (distance 7 > 4)
x3012c0s13b1n0:23125:27956 [0] NCCL INFO Allocated 4194656 bytes of shared memory in /dev/shm/nccl-Oxh3WP

x3012c0s13b1n0:23125:27956 [0] NCCL INFO New proxy recv connection 12 from local rank 0, transport 2
x3012c0s13b1n0:23125:27815 [0] NCCL INFO Connection to proxy localRank 0 -> connection 0x14ee38000f80
x3012c0s13b1n0:23128:27943 [2] NCCL INFO New proxy recv connection 12 from local rank 2, transport 0
x3012c0s13b1n0:23127:27814 [1] NCCL INFO Connection to proxy localRank 1 -> connection 0x1541dc001080
x3012c0s13b1n0:23127:27962 [1] NCCL INFO transport/p2p.cc:449 Cuda Alloc Size 6291456 pointer 0x1541c6000000
x3012c0s13b1n0:23127:27962 [1] NCCL INFO New proxy recv connection 17 from local rank 1, transport 0
x3012c0s13b1n0:23128:27813 [2] NCCL INFO Connection to proxy localRank 2 -> connection 0x14ffa8000f80
x3012c0s13b1n0:23128:27943 [2] NCCL INFO transport/p2p.cc:449 Cuda Alloc Size 6291456 pointer 0x14ff9a000000
x3012c0s13b1n0:23125:27815 [0] NCCL INFO Channel 02/0 : 0[7000] -> 4[7000] [receive] via NET/IB/1
x3012c0s13b1n0:23125:27815 [0] NCCL INFO GPU Direct RDMA Disabled for GPU 7000 / HCA 0 (distance 7 > 4)
x3012c0s13b1n0:23125:27956 [0] NCCL INFO New proxy recv connection 13 from local rank 0, transport 2
x3012c0s13b1n0:23127:27814 [1] NCCL INFO Connection to proxy localRank 1 -> connection 0x1541dc0010c0
x3012c0s13b1n0:23127:27962 [1] NCCL INFO transport/p2p.cc:449 Cuda Alloc Size 6291456 pointer 0x1541c6600000
x3012c0s13b1n0:23128:27943 [2] NCCL INFO New proxy recv connection 13 from local rank 2, transport 0
x3012c0s13b1n0:23125:27815 [0] NCCL INFO Connection to proxy localRank 0 -> connection 0x14ee38000fc0
x3012c0s13b1n0:23127:27962 [1] NCCL INFO New proxy recv connection 18 from local rank 1, transport 0
x3012c0s13b1n0:23128:27813 [2] NCCL INFO Connection to proxy localRank 2 -> connection 0x14ffa8000fc0
x3012c0s13b1n0:23128:27943 [2] NCCL INFO transport/p2p.cc:449 Cuda Alloc Size 6291456 pointer 0x14ff9a600000
x3012c0s13b1n0:23125:27815 [0] NCCL INFO Channel 03/0 : 0[7000] -> 4[7000] [receive] via NET/IB/0
x3012c0s13b1n0:23127:27814 [1] NCCL INFO Connection to proxy localRank 1 -> connection 0x1541dc001100
x3012c0s13b1n0:23127:27962 [1] NCCL INFO transport/p2p.cc:449 Cuda Alloc Size 6291456 pointer 0x1541c6c00000
x3012c0s13b1n0:23128:27943 [2] NCCL INFO New proxy recv connection 14 from local rank 2, transport 0
x3012c0s13b1n0:23127:27962 [1] NCCL INFO New proxy recv connection 19 from local rank 1, transport 0
x3012c0s13b1n0:23127:27814 [1] NCCL INFO Connection to proxy localRank 1 -> connection 0x1541dc001140
x3012c0s13b1n0:23127:27962 [1] NCCL INFO transport/p2p.cc:449 Cuda Alloc Size 6291456 pointer 0x1541c7200000
x3012c0s13b1n0:23128:27813 [2] NCCL INFO Connection to proxy localRank 2 -> connection 0x14ffa8001000
x3012c0s13b1n0:23128:27943 [2] NCCL INFO transport/p2p.cc:449 Cuda Alloc Size 6291456 pointer 0x14ff9ac00000
x3012c0s13b1n0:23128:27943 [2] NCCL INFO New proxy recv connection 15 from local rank 2, transport 0
x3012c0s13b1n0:23128:27813 [2] NCCL INFO Connection to proxy localRank 2 -> connection 0x14ffa8001040
x3012c0s13b1n0:23128:27943 [2] NCCL INFO transport/p2p.cc:449 Cuda Alloc Size 6291456 pointer 0x14ff9b200000
x3012c0s13b1n0:23128:27813 [2] NCCL INFO Channel 00/0 : 6[85000] -> 5[46000] via P2P/IPC/read
x3012c0s13b1n0:23128:27943 [2] NCCL INFO New proxy send connection 16 from local rank 2, transport 0
x3012c0s13b1n0:23128:27813 [2] NCCL INFO Connection to proxy localRank 2 -> connection 0x14ffa8001080
x3012c0s13b1n0:23128:27943 [2] NCCL INFO transport/p2p.cc:430 Cuda Alloc Size 6291456 pointer 0x14ff9b800000
x3012c0s13b1n0:23128:27813 [2] NCCL INFO Channel 01/0 : 6[85000] -> 5[46000] via P2P/IPC/read
x3012c0s13b1n0:23128:27943 [2] NCCL INFO New proxy send connection 17 from local rank 2, transport 0
x3012c0s13b1n0:23128:27813 [2] NCCL INFO Connection to proxy localRank 2 -> connection 0x14ffa80010c0
x3012c0s13b1n0:23128:27943 [2] NCCL INFO transport/p2p.cc:430 Cuda Alloc Size 6291456 pointer 0x14ff98000000
x3012c0s13b1n0:23125:27956 [0] NCCL INFO transport/net_ib.cc:683 Ib Alloc Size 21688 pointer 0x14ee3801b000
x3012c0s13b1n0:23128:27813 [2] NCCL INFO Channel 02/0 : 6[85000] -> 5[46000] via P2P/IPC/read
x3012c0s13b1n0:23128:27943 [2] NCCL INFO New proxy send connection 18 from local rank 2, transport 0
x3012c0s13b1n0:23125:27956 [0] NCCL INFO transport/net_ib.cc:696 Ib Alloc Size 552 pointer 0x14ee38022000
x3012c0s13b1n0:23125:27956 [0] NCCL INFO transport/net_ib.cc:771 Ib Alloc Size 552 pointer 0x14ee3803f000
x3012c0s13b1n0:23125:27956 [0] NCCL INFO transport/net.cc:698 Cuda Host Alloc Size 9641984 pointer 0x14ee33200000
x3012c0s13b1n0:23128:27813 [2] NCCL INFO Connection to proxy localRank 2 -> connection 0x14ffa8001100
x3012c0s13b1n0:23128:27943 [2] NCCL INFO transport/p2p.cc:430 Cuda Alloc Size 6291456 pointer 0x14ff98600000
x3012c0s13b1n0:23128:27813 [2] NCCL INFO Channel 03/0 : 6[85000] -> 5[46000] via P2P/IPC/read
x3012c0s13b1n0:23125:27956 [0] NCCL INFO transport/net_ib.cc:683 Ib Alloc Size 21688 pointer 0x14ee38041000
x3012c0s13b1n0:23125:27956 [0] NCCL INFO transport/net_ib.cc:696 Ib Alloc Size 552 pointer 0x14ee38048000
x3012c0s13b1n0:23125:27956 [0] NCCL INFO transport/net_ib.cc:771 Ib Alloc Size 552 pointer 0x14ee38064000
x3012c0s13b1n0:23125:27956 [0] NCCL INFO transport/net.cc:698 Cuda Host Alloc Size 9641984 pointer 0x14ee2a000000
x3012c0s13b1n0:23128:27943 [2] NCCL INFO New proxy send connection 19 from local rank 2, transport 0
x3012c0s13b1n0:23125:27815 [0] NCCL INFO GPU Direct RDMA Disabled for GPU 7000 / HCA 1 (distance 7 > 4)
x3012c0s13b1n0:23125:27956 [0] NCCL INFO New proxy send connection 14 from local rank 0, transport 2
x3012c0s13b1n0:23125:27815 [0] NCCL INFO Connection to proxy localRank 0 -> connection 0x14ee38001000
x3012c0s13b1n0:23125:27815 [0] NCCL INFO Channel 00/0 : 4[7000] -> 9[46000] [send] via NET/IB/1
x3012c0s13b1n0:23125:27815 [0] NCCL INFO GPU Direct RDMA Disabled for GPU 7000 / HCA 0 (distance 7 > 4)
x3012c0s13b1n0:23125:27956 [0] NCCL INFO New proxy send connection 15 from local rank 0, transport 2
x3012c0s13b1n0:23128:27813 [2] NCCL INFO Connection to proxy localRank 2 -> connection 0x14ffa8001140
x3012c0s13b1n0:23128:27943 [2] NCCL INFO transport/p2p.cc:430 Cuda Alloc Size 6291456 pointer 0x14ff98c00000
x3012c0s13b1n0:23125:27815 [0] NCCL INFO Connection to proxy localRank 0 -> connection 0x14ee38001040
x3012c0s13b1n0:23125:27815 [0] NCCL INFO Channel 01/0 : 4[7000] -> 9[46000] [send] via NET/IB/0
x3012c0s13b1n0:23125:27956 [0] NCCL INFO transport/net_ib.cc:596 Ib Alloc Size 26560 pointer 0x14ee38070000
x3012c0s13b1n0:23130:27812 [3] NCCL INFO Connected all trees by HAO
x3012c0s13b1n0:23130:27812 [3] NCCL INFO threadThresholds 8/8/64 | 160/8/64 | 512 | 512
x3012c0s13b1n0:23130:27812 [3] NCCL INFO 4 coll channels, 4 p2p channels, 2 p2p channels per peer
x3012c0s13b1n0:23130:27947 [3] NCCL INFO New proxy send connection 12 from local rank 3, transport 2
x3012c0s13b1n0:23128:27813 [2] NCCL INFO Connected all trees by HAO
x3012c0s13b1n0:23128:27813 [2] NCCL INFO threadThresholds 8/8/64 | 160/8/64 | 512 | 512
x3012c0s13b1n0:23128:27813 [2] NCCL INFO 4 coll channels, 4 p2p channels, 2 p2p channels per peer
x3012c0s13b1n0:23128:27943 [2] NCCL INFO Allocated 4194656 bytes of shared memory in /dev/shm/nccl-3iO12Z

x3012c0s13b1n0:23128:27943 [2] NCCL INFO New proxy send connection 20 from local rank 2, transport 2
x3012c0s13b1n0:23125:27956 [0] NCCL INFO NET/IB: Dev 1 Port 1 qpn 24066 mtu 5 GID 0 (80FE/CC1100FEFF000000)
x3012c0s13b1n0:23125:27956 [0] NCCL INFO transport/net_ib.cc:653 Ib Alloc Size 552 pointer 0x14ee38087000
x3012c0s13b1n0:23125:27956 [0] NCCL INFO transport/net.cc:571 Cuda Host Alloc Size 9641984 pointer 0x14ee2aa00000
x3012c0s13b1n0:23127:27814 [1] NCCL INFO Connected all trees by HAO
x3012c0s13b1n0:23127:27814 [1] NCCL INFO threadThresholds 8/8/64 | 160/8/64 | 512 | 512
x3012c0s13b1n0:23127:27814 [1] NCCL INFO 4 coll channels, 4 p2p channels, 2 p2p channels per peer
x3012c0s13b1n0:23127:27962 [1] NCCL INFO New proxy send connection 20 from local rank 1, transport 2
x3012c0s13b1n0:23127:27814 [1] NCCL INFO Connection to proxy localRank 1 -> connection 0x1541dc001180
x3012c0s13b1n0:23125:27956 [0] NCCL INFO transport/net_ib.cc:596 Ib Alloc Size 26560 pointer 0x14ee38089000
x3012c0s13b1n0:23130:27812 [3] NCCL INFO Connection to proxy localRank 3 -> connection 0x153980000f80
x3012c0s13b1n0:23130:27947 [3] NCCL INFO transport/net.cc:376 Cuda Alloc Size 8388608 pointer 0x15397c000000
x3012c0s13b1n0:23125:27956 [0] NCCL INFO NET/IB: Dev 0 Port 1 qpn 24801 mtu 5 GID 0 (80FE/8D1100FEFF000000)
x3012c0s13b1n0:23125:27956 [0] NCCL INFO transport/net_ib.cc:653 Ib Alloc Size 552 pointer 0x14ee380a0000
x3012c0s13b1n0:23125:27956 [0] NCCL INFO transport/net.cc:571 Cuda Host Alloc Size 9641984 pointer 0x14ee2b400000
x3012c0s13b1n0:23128:27813 [2] NCCL INFO Connection to proxy localRank 2 -> connection 0x14ffa8001180
x3012c0s13b1n0:23128:27943 [2] NCCL INFO transport/net.cc:376 Cuda Alloc Size 8388608 pointer 0x14ff94600000
x3012c0s13b1n0:23127:27962 [1] NCCL INFO transport/net.cc:376 Cuda Alloc Size 8388608 pointer 0x1541c5200000
x3012c0s13b1n0:23125:27815 [0] NCCL INFO GPU Direct RDMA Disabled for GPU 7000 / HCA 1 (distance 7 > 4)
x3012c0s13b1n0:23125:27956 [0] NCCL INFO New proxy recv connection 16 from local rank 0, transport 2
x3012c0s13b1n0:23125:27815 [0] NCCL INFO Connection to proxy localRank 0 -> connection 0x14ee38001080
x3012c0s13b1n0:23125:27815 [0] NCCL INFO Channel 00/0 : 9[46000] -> 4[7000] [receive] via NET/IB/1
x3012c0s13b1n0:23125:27815 [0] NCCL INFO GPU Direct RDMA Disabled for GPU 7000 / HCA 0 (distance 7 > 4)
x3012c0s13b1n0:23125:27956 [0] NCCL INFO New proxy recv connection 17 from local rank 0, transport 2
x3012c0s13b1n0:23125:27815 [0] NCCL INFO Connection to proxy localRank 0 -> connection 0x14ee380010c0
x3012c0s13b1n0:23125:27815 [0] NCCL INFO Channel 01/0 : 9[46000] -> 4[7000] [receive] via NET/IB/0
x3012c0s13b1n0:23125:27956 [0] NCCL INFO transport/net_ib.cc:683 Ib Alloc Size 21688 pointer 0x14ee380ac000
x3012c0s13b1n0:23125:27956 [0] NCCL INFO transport/net_ib.cc:696 Ib Alloc Size 552 pointer 0x14ee380b3000
x3012c0s13b1n0:23125:27956 [0] NCCL INFO transport/net_ib.cc:771 Ib Alloc Size 552 pointer 0x14ee380ce000
x3012c0s13b1n0:23125:27956 [0] NCCL INFO transport/net.cc:698 Cuda Host Alloc Size 9641984 pointer 0x14ee28000000
x3012c0s13b1n0:23125:27956 [0] NCCL INFO transport/net_ib.cc:683 Ib Alloc Size 21688 pointer 0x14ee380d0000
x3012c0s13b1n0:23125:27956 [0] NCCL INFO transport/net_ib.cc:696 Ib Alloc Size 552 pointer 0x14ee380d7000
x3012c0s13b1n0:23125:27956 [0] NCCL INFO transport/net_ib.cc:771 Ib Alloc Size 552 pointer 0x14ee380f2000
x3012c0s13b1n0:23125:27956 [0] NCCL INFO transport/net.cc:698 Cuda Host Alloc Size 9641984 pointer 0x14ee28a00000
x3012c0s13b1n0:23125:27815 [0] NCCL INFO GPU Direct RDMA Disabled for GPU 7000 / HCA 1 (distance 7 > 4)
x3012c0s13b1n0:23125:27956 [0] NCCL INFO New proxy send connection 18 from local rank 0, transport 2
x3012c0s13b1n0:23125:27815 [0] NCCL INFO Connection to proxy localRank 0 -> connection 0x14ee38001100
x3012c0s13b1n0:23125:27815 [0] NCCL INFO Channel 02/0 : 4[7000] -> 0[7000] [send] via NET/IB/1
x3012c0s13b1n0:23125:27815 [0] NCCL INFO GPU Direct RDMA Disabled for GPU 7000 / HCA 0 (distance 7 > 4)
x3012c0s13b1n0:23125:27956 [0] NCCL INFO New proxy send connection 19 from local rank 0, transport 2
x3012c0s13b1n0:23125:27815 [0] NCCL INFO Connection to proxy localRank 0 -> connection 0x14ee38001140
x3012c0s13b1n0:23125:27815 [0] NCCL INFO Channel 03/0 : 4[7000] -> 0[7000] [send] via NET/IB/0
x3012c0s13b1n0:23125:27956 [0] NCCL INFO transport/net_ib.cc:596 Ib Alloc Size 26560 pointer 0x14ee380fe000
x3012c0s13b1n0:23125:27956 [0] NCCL INFO NET/IB: Dev 1 Port 1 qpn 24069 mtu 5 GID 0 (80FE/CC1100FEFF000000)
x3012c0s13b1n0:23125:27956 [0] NCCL INFO transport/net_ib.cc:653 Ib Alloc Size 552 pointer 0x14ee38115000
x3012c0s13b1n0:23125:27956 [0] NCCL INFO transport/net.cc:571 Cuda Host Alloc Size 9641984 pointer 0x14ee29400000
x3012c0s13b1n0:23125:27956 [0] NCCL INFO transport/net_ib.cc:596 Ib Alloc Size 26560 pointer 0x14ee38117000
x3012c0s13b1n0:23125:27956 [0] NCCL INFO NET/IB: Dev 0 Port 1 qpn 24804 mtu 5 GID 0 (80FE/8D1100FEFF000000)
x3012c0s13b1n0:23125:27956 [0] NCCL INFO transport/net_ib.cc:653 Ib Alloc Size 552 pointer 0x14ee3812e000
x3012c0s13b1n0:23125:27956 [0] NCCL INFO transport/net.cc:571 Cuda Host Alloc Size 9641984 pointer 0x14ee26000000
x3012c0s13b1n0:23125:27815 [0] NCCL INFO Connected all trees by HAO
x3012c0s13b1n0:23125:27815 [0] NCCL INFO threadThresholds 8/8/64 | 160/8/64 | 512 | 512
x3012c0s13b1n0:23125:27815 [0] NCCL INFO 4 coll channels, 4 p2p channels, 2 p2p channels per peer
x3012c0s13b1n0:23125:27956 [0] NCCL INFO New proxy send connection 20 from local rank 0, transport 2
x3012c0s13b1n0:23125:27815 [0] NCCL INFO Connection to proxy localRank 0 -> connection 0x14ee38001180
x3012c0s13b1n0:23125:27815 [0] NCCL INFO init.cc:367 Cuda Alloc Size 5168 pointer 0x14ee9181fc00
x3012c0s13b1n0:23128:27813 [2] NCCL INFO init.cc:367 Cuda Alloc Size 5168 pointer 0x14ffff81fc00
x3012c0s13b1n0:23127:27814 [1] NCCL INFO init.cc:367 Cuda Alloc Size 5168 pointer 0x15422f81fc00
x3012c0s13b1n0:23130:27812 [3] NCCL INFO init.cc:367 Cuda Alloc Size 5168 pointer 0x1539ffe1fc00
x3012c0s13b1n0:23130:27812 [3] NCCL INFO init.cc:392 Cuda Host Alloc Size 33554432 pointer 0x15397a000000
x3012c0s13b1n0:23130:27812 [3] NCCL INFO init.cc:398 Cuda Host Alloc Size 128 pointer 0x1539ff400a00
x3012c0s13b1n0:23130:27812 [3] NCCL INFO comm 0x55ca344eb950 rank 7 nranks 20 cudaDev 3 busId c7000 - Init COMPLETE
x3012c0s13b1n0:23128:27813 [2] NCCL INFO init.cc:392 Cuda Host Alloc Size 33554432 pointer 0x14ff92000000
x3012c0s13b1n0:23128:27813 [2] NCCL INFO init.cc:398 Cuda Host Alloc Size 128 pointer 0x14fffee00a00
x3012c0s13b1n0:23128:27813 [2] NCCL INFO comm 0x55f19705fc80 rank 6 nranks 20 cudaDev 2 busId 85000 - Init COMPLETE
x3012c0s13b1n0:23127:27814 [1] NCCL INFO init.cc:392 Cuda Host Alloc Size 33554432 pointer 0x1541c2000000
x3012c0s13b1n0:23127:27814 [1] NCCL INFO init.cc:398 Cuda Host Alloc Size 128 pointer 0x15422ee00a00
x3012c0s13b1n0:23127:27814 [1] NCCL INFO comm 0x556e1b3c0790 rank 5 nranks 20 cudaDev 1 busId 46000 - Init COMPLETE
x3012c0s13b1n0:23125:27815 [0] NCCL INFO init.cc:392 Cuda Host Alloc Size 33554432 pointer 0x14ee24000000
x3012c0s13b1n0:23125:27815 [0] NCCL INFO init.cc:398 Cuda Host Alloc Size 128 pointer 0x14ee90e00a00
x3012c0s13b1n0:23125:27815 [0] NCCL INFO comm 0x56321b2dbc60 rank 4 nranks 20 cudaDev 0 busId 7000 - Init COMPLETE
x3012c0s13b1n0:23125:27956 [0] NCCL INFO transport/net.cc:376 Cuda Alloc Size 8388608 pointer 0x14ee26a00000
x3012c0s13b1n0:23127:23127 [1] NCCL INFO AllReduce: opCount 0 sendbuff 0x15426f600400 recvbuff 0x15426f600400 count 1 datatype 4 op 0 root 0 comm 0x556e1b3c0790 [nranks=20] stream 0x556e19546310
x3012c0s13b1n0:23127:23127 [1] NCCL INFO misc/utils.cc:235 memory stack hunk malloc(65536)
[LYD INFO in ncclLaunchKernel (enqueue.cc)] NCHANNELS is: 4x3012c0s13b1n0:23130:23130 [3] NCCL INFO AllReduce: opCount 0 sendbuff 0x1539fba00400 recvbuff 0x1539fba00400 count 1 datatype 4 op 0 root 0 comm 0x55ca344eb950 [nranks=20] stream 0x55ca325f9d30
x3012c0s13b1n0:23130:23130 [3] NCCL INFO misc/utils.cc:235 memory stack hunk malloc(65536)
[LYD INFO in ncclLaunchKernel (enqueue.cc)] NCHANNELS is: 4x3012c0s13b1n0:23128:23128 [2] NCCL INFO AllReduce: opCount 0 sendbuff 0x15003b000400 recvbuff 0x15003b000400 count 1 datatype 4 op 0 root 0 comm 0x55f19705fc80 [nranks=20] stream 0x55f1941e5940
x3012c0s13b1n0:23128:23128 [2] NCCL INFO misc/utils.cc:235 memory stack hunk malloc(65536)
[LYD INFO in ncclLaunchKernel (enqueue.cc)] NCHANNELS is: 4x3012c0s13b1n0:23125:23125 [0] NCCL INFO AllReduce: opCount 0 sendbuff 0x14eecf600400 recvbuff 0x14eecf600400 count 1 datatype 4 op 0 root 0 comm 0x56321b2dbc60 [nranks=20] stream 0x5632181557e0
x3012c0s13b1n0:23125:23125 [0] NCCL INFO misc/utils.cc:235 memory stack hunk malloc(65536)
[LYD INFO in ncclLaunchKernel (enqueue.cc)] NCHANNELS is: 4
[LYD INFO in NCCL_KERN_NAME (common.h)] 5 AllReduce TREE LL Sum int64_t Elapsed time: 927525 us

[LYD INFO in NCCL_KERN_NAME (common.h)] 4 AllReduce TREE LL Sum int64_t Elapsed time: 916149 us

[LYD INFO in NCCL_KERN_NAME (common.h)] 6 AllReduce TREE LL Sum int64_t Elapsed time: 920223 us

[LYD INFO in NCCL_KERN_NAME (common.h)] 7 AllReduce TREE LL Sum int64_t Elapsed time: 926881 us
[Hao INFO in ncclAllReduce (all_reduce.cc)] rank 1 ncclAllReduce: count: 1, datatype: ncclInt64, message size: 8 Bytes
x3012c0s13b1n0:23127:23127 [1] NCCL INFO AllReduce: opCount 0 sendbuff 0x15426f600400 recvbuff 0x15426f600400 count 1 datatype 4 op 0 root 0 comm 0x556e1b39ec20 [nranks=1] stream 0x556e195461d0

[LYD INFO in ncclAllReduce (all_reduce.cc)] rank 0 AllReduce Time: 0.000018000 seconds
x3012c0s13b1n0:23127:23127 [1] NCCL INFO AllReduce: opCount 1 sendbuff 0x15426f600400 recvbuff 0x15426f600400 count 1 datatype 4 op 0 root 0 comm 0x556e1b3c0790 [nranks=20] stream 0x556e19546310
[LYD INFO in ncclLaunchKernel (enqueue.cc)] NCHANNELS is: 4[Hao INFO in ncclAllReduce (all_reduce.cc)] rank 0 ncclAllReduce: count: 1, datatype: ncclInt64, message size: 8 Bytes
x3012c0s13b1n0:23125:23125 [0] NCCL INFO AllReduce: opCount 0 sendbuff 0x14eecf600400 recvbuff 0x14eecf600400 count 1 datatype 4 op 0 root 0 comm 0x56321b2e4640 [nranks=1] stream 0x563218155720

[LYD INFO in ncclAllReduce (all_reduce.cc)] rank 0 AllReduce Time: 0.000015000 seconds
x3012c0s13b1n0:23125:23125 [0] NCCL INFO AllReduce: opCount 1 sendbuff 0x14eecf600400 recvbuff 0x14eecf600400 count 1 datatype 4 op 0 root 0 comm 0x56321b2dbc60 [nranks=20] stream 0x5632181557e0
[LYD INFO in ncclLaunchKernel (enqueue.cc)] NCHANNELS is: 4[Hao INFO in ncclAllReduce (all_reduce.cc)] rank 2 ncclAllReduce: count: 1, datatype: ncclInt64, message size: 8 Bytes
x3012c0s13b1n0:23128:23128 [2] NCCL INFO AllReduce: opCount 0 sendbuff 0x15003b000400 recvbuff 0x15003b000400 count 1 datatype 4 op 0 root 0 comm 0x55f195fdc090 [nranks=1] stream 0x55f1941e5800

[LYD INFO in ncclAllReduce (all_reduce.cc)] rank 0 AllReduce Time: 0.000015000 seconds
x3012c0s13b1n0:23128:23128 [2] NCCL INFO AllReduce: opCount 1 sendbuff 0x15003b000400 recvbuff 0x15003b000400 count 1 datatype 4 op 0 root 0 comm 0x55f19705fc80 [nranks=20] stream 0x55f1941e5940
[LYD INFO in ncclLaunchKernel (enqueue.cc)] NCHANNELS is: 4[Hao INFO in ncclAllReduce (all_reduce.cc)] rank 3 ncclAllReduce: count: 1, datatype: ncclInt64, message size: 8 Bytes
x3012c0s13b1n0:23130:23130 [3] NCCL INFO AllReduce: opCount 0 sendbuff 0x1539fba00400 recvbuff 0x1539fba00400 count 1 datatype 4 op 0 root 0 comm 0x55ca34484a80 [nranks=1] stream 0x55ca325f9bf0

[LYD INFO in ncclAllReduce (all_reduce.cc)] rank 0 AllReduce Time: 0.000015000 seconds
x3012c0s13b1n0:23130:23130 [3] NCCL INFO AllReduce: opCount 1 sendbuff 0x1539fba00400 recvbuff 0x1539fba00400 count 1 datatype 4 op 0 root 0 comm 0x55ca344eb950 [nranks=20] stream 0x55ca325f9d30
[LYD INFO in ncclLaunchKernel (enqueue.cc)] NCHANNELS is: 4