x3104c0s19b0n0:7633:11923 [0] NCCL INFO Connection to proxy localRank 0 -> connection 0x15226c001eb0
x3104c0s19b0n0:7633:11970 [0] NCCL INFO transport/p2p.cc:449 Cuda Alloc Size 6291456 pointer 0x15223ac00000
x3104c0s19b0n0:7641:11926 [3] NCCL INFO Connection to proxy localRank 3 -> connection 0x1528b4001e00
x3104c0s19b0n0:7641:11963 [3] NCCL INFO transport/p2p.cc:449 Cuda Alloc Size 6291456 pointer 0x152883800000
x3104c0s19b0n0:7637:11925 [2] NCCL INFO Connection to proxy localRank 2 -> connection 0x14ee1c001dc0
x3104c0s19b0n0:7637:11972 [2] NCCL INFO transport/p2p.cc:449 Cuda Alloc Size 6291456 pointer 0x14edf0c00000
x3104c0s19b0n0:7635:11924 [1] NCCL INFO Channel 05/0 : 1[46000] -> 3[c7000] via P2P/IPC/read
x3104c0s19b0n0:7635:11971 [1] NCCL INFO New proxy send connection 68 from local rank 1, transport 0
x3104c0s19b0n0:7641:11963 [3] NCCL INFO New proxy recv connection 71 from local rank 3, transport 0
x3104c0s19b0n0:7633:11970 [0] NCCL INFO New proxy recv connection 69 from local rank 0, transport 0
x3104c0s19b0n0:7637:11925 [2] NCCL INFO Channel 02/0 : 2[85000] -> 0[7000] via P2P/IPC/read
x3104c0s19b0n0:7637:11972 [2] NCCL INFO New proxy send connection 70 from local rank 2, transport 0
x3104c0s19b0n0:7641:11926 [3] NCCL INFO Connection to proxy localRank 3 -> connection 0x1528b4001e40
x3104c0s19b0n0:7641:11963 [3] NCCL INFO transport/p2p.cc:449 Cuda Alloc Size 6291456 pointer 0x152880000000
x3104c0s19b0n0:7633:11923 [0] NCCL INFO Connection to proxy localRank 0 -> connection 0x15226c001ef0
x3104c0s19b0n0:7633:11970 [0] NCCL INFO transport/p2p.cc:449 Cuda Alloc Size 6291456 pointer 0x15223b200000
x3104c0s19b0n0:7637:11925 [2] NCCL INFO Connection to proxy localRank 2 -> connection 0x14ee1c001e00
x3104c0s19b0n0:7637:11972 [2] NCCL INFO transport/p2p.cc:430 Cuda Alloc Size 6291456 pointer 0x14edf1200000
x3104c0s19b0n0:7635:11924 [1] NCCL INFO Connection to proxy localRank 1 -> connection 0x14d8c8001d80
x3104c0s19b0n0:7635:11971 [1] NCCL INFO transport/p2p.cc:430 Cuda Alloc Size 6291456 pointer 0x14d89ec00000
x3104c0s19b0n0:7641:11963 [3] NCCL INFO New proxy recv connection 72 from local rank 3, transport 0
x3104c0s19b0n0:7641:11926 [3] NCCL INFO Connection to proxy localRank 3 -> connection 0x1528b4001e80
x3104c0s19b0n0:7637:11925 [2] NCCL INFO Channel 03/0 : 2[85000] -> 0[7000] via P2P/IPC/read
x3104c0s19b0n0:7637:11972 [2] NCCL INFO New proxy send connection 71 from local rank 2, transport 0
x3104c0s19b0n0:7635:11924 [1] NCCL INFO Channel 10/0 : 1[46000] -> 3[c7000] via P2P/IPC/read
x3104c0s19b0n0:7635:11971 [1] NCCL INFO New proxy send connection 69 from local rank 1, transport 0
x3104c0s19b0n0:7633:11923 [0] NCCL INFO Channel 04/0 : 0[7000] -> 2[85000] via P2P/IPC/read
x3104c0s19b0n0:7633:11970 [0] NCCL INFO New proxy send connection 70 from local rank 0, transport 0
x3104c0s19b0n0:7641:11963 [3] NCCL INFO transport/p2p.cc:449 Cuda Alloc Size 6291456 pointer 0x152880600000
x3104c0s19b0n0:7635:11924 [1] NCCL INFO Connection to proxy localRank 1 -> connection 0x14d8c8001dc0
x3104c0s19b0n0:7635:11971 [1] NCCL INFO transport/p2p.cc:430 Cuda Alloc Size 6291456 pointer 0x14d89f200000
x3104c0s19b0n0:7637:11925 [2] NCCL INFO Connection to proxy localRank 2 -> connection 0x14ee1c001e40
x3104c0s19b0n0:7637:11972 [2] NCCL INFO transport/p2p.cc:430 Cuda Alloc Size 6291456 pointer 0x14edf1800000
x3104c0s19b0n0:7633:11923 [0] NCCL INFO Connection to proxy localRank 0 -> connection 0x15226c001f30
x3104c0s19b0n0:7633:11970 [0] NCCL INFO transport/p2p.cc:430 Cuda Alloc Size 6291456 pointer 0x15223b800000
x3104c0s19b0n0:7641:11963 [3] NCCL INFO New proxy recv connection 73 from local rank 3, transport 0
x3104c0s19b0n0:7635:11924 [1] NCCL INFO Channel 11/0 : 1[46000] -> 3[c7000] via P2P/IPC/read
x3104c0s19b0n0:7635:11971 [1] NCCL INFO New proxy send connection 70 from local rank 1, transport 0
x3104c0s19b0n0:7637:11925 [2] NCCL INFO Channel 05/0 : 2[85000] -> 0[7000] via P2P/IPC/read
x3104c0s19b0n0:7637:11972 [2] NCCL INFO New proxy send connection 72 from local rank 2, transport 0
x3104c0s19b0n0:7641:11926 [3] NCCL INFO Connection to proxy localRank 3 -> connection 0x1528b4001ec0
x3104c0s19b0n0:7641:11963 [3] NCCL INFO transport/p2p.cc:449 Cuda Alloc Size 6291456 pointer 0x152880c00000
x3104c0s19b0n0:7633:11923 [0] NCCL INFO Channel 05/0 : 0[7000] -> 2[85000] via P2P/IPC/read
x3104c0s19b0n0:7633:11970 [0] NCCL INFO New proxy send connection 71 from local rank 0, transport 0
x3104c0s19b0n0:7635:11924 [1] NCCL INFO Connection to proxy localRank 1 -> connection 0x14d8c8001e00
x3104c0s19b0n0:7635:11971 [1] NCCL INFO transport/p2p.cc:430 Cuda Alloc Size 6291456 pointer 0x14d89f800000
x3104c0s19b0n0:7637:11925 [2] NCCL INFO Connection to proxy localRank 2 -> connection 0x14ee1c001e80
x3104c0s19b0n0:7637:11972 [2] NCCL INFO transport/p2p.cc:430 Cuda Alloc Size 6291456 pointer 0x14edee000000
x3104c0s19b0n0:7633:11923 [0] NCCL INFO Connection to proxy localRank 0 -> connection 0x15226c001f70
x3104c0s19b0n0:7633:11970 [0] NCCL INFO transport/p2p.cc:430 Cuda Alloc Size 6291456 pointer 0x152238000000
x3104c0s19b0n0:7641:11926 [3] NCCL INFO Channel 03/0 : 3[c7000] -> 1[46000] via P2P/IPC/read
x3104c0s19b0n0:7641:11963 [3] NCCL INFO New proxy send connection 74 from local rank 3, transport 0
x3104c0s19b0n0:7635:11924 [1] NCCL INFO Channel 14/0 : 1[46000] -> 3[c7000] via P2P/IPC/read
x3104c0s19b0n0:7635:11971 [1] NCCL INFO New proxy send connection 71 from local rank 1, transport 0
x3104c0s19b0n0:7637:11925 [2] NCCL INFO Channel 11/0 : 2[85000] -> 0[7000] via P2P/IPC/read
x3104c0s19b0n0:7637:11972 [2] NCCL INFO New proxy send connection 73 from local rank 2, transport 0
x3104c0s19b0n0:7633:11923 [0] NCCL INFO Channel 10/0 : 0[7000] -> 2[85000] via P2P/IPC/read
x3104c0s19b0n0:7633:11970 [0] NCCL INFO New proxy send connection 72 from local rank 0, transport 0
x3104c0s19b0n0:7641:11926 [3] NCCL INFO Connection to proxy localRank 3 -> connection 0x1528b4001f00
x3104c0s19b0n0:7641:11963 [3] NCCL INFO transport/p2p.cc:430 Cuda Alloc Size 6291456 pointer 0x152881200000
x3104c0s19b0n0:7635:11924 [1] NCCL INFO Connection to proxy localRank 1 -> connection 0x14d8c8001e40
x3104c0s19b0n0:7635:11971 [1] NCCL INFO transport/p2p.cc:430 Cuda Alloc Size 6291456 pointer 0x14d89c000000
x3104c0s19b0n0:7637:11925 [2] NCCL INFO Connection to proxy localRank 2 -> connection 0x14ee1c001ec0
x3104c0s19b0n0:7637:11972 [2] NCCL INFO transport/p2p.cc:430 Cuda Alloc Size 6291456 pointer 0x14edee600000
x3104c0s19b0n0:7633:11923 [0] NCCL INFO Connection to proxy localRank 0 -> connection 0x15226c001fb0
x3104c0s19b0n0:7633:11970 [0] NCCL INFO transport/p2p.cc:430 Cuda Alloc Size 6291456 pointer 0x152238600000
x3104c0s19b0n0:7641:11926 [3] NCCL INFO Channel 05/0 : 3[c7000] -> 1[46000] via P2P/IPC/read
x3104c0s19b0n0:7641:11963 [3] NCCL INFO New proxy send connection 75 from local rank 3, transport 0
x3104c0s19b0n0:7641:11926 [3] NCCL INFO Connection to proxy localRank 3 -> connection 0x1528b4001f40
x3104c0s19b0n0:7641:11963 [3] NCCL INFO transport/p2p.cc:430 Cuda Alloc Size 6291456 pointer 0x152881800000
x3104c0s19b0n0:7633:11923 [0] NCCL INFO Channel 11/0 : 0[7000] -> 2[85000] via P2P/IPC/read
x3104c0s19b0n0:7633:11970 [0] NCCL INFO New proxy send connection 73 from local rank 0, transport 0
x3104c0s19b0n0:7635:11924 [1] NCCL INFO Channel 16/0 : 1[46000] -> 3[c7000] via P2P/IPC/read
x3104c0s19b0n0:7635:11971 [1] NCCL INFO New proxy send connection 72 from local rank 1, transport 0
x3104c0s19b0n0:7637:11925 [2] NCCL INFO Channel 14/0 : 2[85000] -> 0[7000] via P2P/IPC/read
x3104c0s19b0n0:7637:11972 [2] NCCL INFO New proxy send connection 74 from local rank 2, transport 0
x3104c0s19b0n0:7641:11926 [3] NCCL INFO Channel 11/0 : 3[c7000] -> 1[46000] via P2P/IPC/read
x3104c0s19b0n0:7641:11963 [3] NCCL INFO New proxy send connection 76 from local rank 3, transport 0
x3104c0s19b0n0:7633:11923 [0] NCCL INFO Connection to proxy localRank 0 -> connection 0x15226c001ff0
x3104c0s19b0n0:7633:11970 [0] NCCL INFO transport/p2p.cc:430 Cuda Alloc Size 6291456 pointer 0x152238c00000
x3104c0s19b0n0:7637:11925 [2] NCCL INFO Connection to proxy localRank 2 -> connection 0x14ee1c001f00
x3104c0s19b0n0:7637:11972 [2] NCCL INFO transport/p2p.cc:430 Cuda Alloc Size 6291456 pointer 0x14edeec00000
x3104c0s19b0n0:7635:11924 [1] NCCL INFO Connection to proxy localRank 1 -> connection 0x14d8c8001e80
x3104c0s19b0n0:7635:11971 [1] NCCL INFO transport/p2p.cc:430 Cuda Alloc Size 6291456 pointer 0x14d89c600000
x3104c0s19b0n0:7641:11926 [3] NCCL INFO Connection to proxy localRank 3 -> connection 0x1528b4001f80
x3104c0s19b0n0:7641:11963 [3] NCCL INFO transport/p2p.cc:430 Cuda Alloc Size 6291456 pointer 0x15287e000000
x3104c0s19b0n0:7633:11923 [0] NCCL INFO Channel 16/0 : 0[7000] -> 2[85000] via P2P/IPC/read
x3104c0s19b0n0:7633:11970 [0] NCCL INFO New proxy send connection 74 from local rank 0, transport 0
x3104c0s19b0n0:7637:11925 [2] NCCL INFO Channel 15/0 : 2[85000] -> 0[7000] via P2P/IPC/read
x3104c0s19b0n0:7637:11972 [2] NCCL INFO New proxy send connection 75 from local rank 2, transport 0
x3104c0s19b0n0:7635:11924 [1] NCCL INFO Channel 17/0 : 1[46000] -> 3[c7000] via P2P/IPC/read
x3104c0s19b0n0:7635:11971 [1] NCCL INFO New proxy send connection 73 from local rank 1, transport 0
x3104c0s19b0n0:7641:11926 [3] NCCL INFO Channel 15/0 : 3[c7000] -> 1[46000] via P2P/IPC/read
x3104c0s19b0n0:7641:11963 [3] NCCL INFO New proxy send connection 77 from local rank 3, transport 0
x3104c0s19b0n0:7633:11923 [0] NCCL INFO Connection to proxy localRank 0 -> connection 0x15226c002030
x3104c0s19b0n0:7633:11970 [0] NCCL INFO transport/p2p.cc:430 Cuda Alloc Size 6291456 pointer 0x152239200000
x3104c0s19b0n0:7637:11925 [2] NCCL INFO Connection to proxy localRank 2 -> connection 0x14ee1c001f40
x3104c0s19b0n0:7637:11972 [2] NCCL INFO transport/p2p.cc:430 Cuda Alloc Size 6291456 pointer 0x14edef200000
x3104c0s19b0n0:7635:11924 [1] NCCL INFO Connection to proxy localRank 1 -> connection 0x14d8c8001ec0
x3104c0s19b0n0:7635:11971 [1] NCCL INFO transport/p2p.cc:430 Cuda Alloc Size 6291456 pointer 0x14d89cc00000
x3104c0s19b0n0:7635:11924 [1] NCCL INFO Channel 22/0 : 1[46000] -> 3[c7000] via P2P/IPC/read
x3104c0s19b0n0:7635:11971 [1] NCCL INFO New proxy send connection 74 from local rank 1, transport 0
x3104c0s19b0n0:7641:11926 [3] NCCL INFO Connection to proxy localRank 3 -> connection 0x1528b4001fc0
x3104c0s19b0n0:7641:11963 [3] NCCL INFO transport/p2p.cc:430 Cuda Alloc Size 6291456 pointer 0x15287e600000
x3104c0s19b0n0:7637:11925 [2] NCCL INFO Channel 17/0 : 2[85000] -> 0[7000] via P2P/IPC/read
x3104c0s19b0n0:7637:11972 [2] NCCL INFO New proxy send connection 76 from local rank 2, transport 0
x3104c0s19b0n0:7633:11923 [0] NCCL INFO Channel 17/0 : 0[7000] -> 2[85000] via P2P/IPC/read
x3104c0s19b0n0:7633:11970 [0] NCCL INFO New proxy send connection 75 from local rank 0, transport 0
x3104c0s19b0n0:7641:11926 [3] NCCL INFO Channel 17/0 : 3[c7000] -> 1[46000] via P2P/IPC/read
x3104c0s19b0n0:7641:11963 [3] NCCL INFO New proxy send connection 78 from local rank 3, transport 0
x3104c0s19b0n0:7635:11924 [1] NCCL INFO Connection to proxy localRank 1 -> connection 0x14d8c8001f00
x3104c0s19b0n0:7635:11971 [1] NCCL INFO transport/p2p.cc:430 Cuda Alloc Size 6291456 pointer 0x14d89d200000
x3104c0s19b0n0:7637:11925 [2] NCCL INFO Connection to proxy localRank 2 -> connection 0x14ee1c001f80
x3104c0s19b0n0:7637:11972 [2] NCCL INFO transport/p2p.cc:430 Cuda Alloc Size 6291456 pointer 0x14edef800000
x3104c0s19b0n0:7637:11925 [2] NCCL INFO Channel 23/0 : 2[85000] -> 0[7000] via P2P/IPC/read
x3104c0s19b0n0:7633:11923 [0] NCCL INFO Connection to proxy localRank 0 -> connection 0x15226c002070
x3104c0s19b0n0:7633:11970 [0] NCCL INFO transport/p2p.cc:430 Cuda Alloc Size 6291456 pointer 0x152239800000
x3104c0s19b0n0:7637:11972 [2] NCCL INFO New proxy send connection 77 from local rank 2, transport 0
x3104c0s19b0n0:7635:11924 [1] NCCL INFO Channel 23/0 : 1[46000] -> 3[c7000] via P2P/IPC/read
x3104c0s19b0n0:7635:11971 [1] NCCL INFO New proxy send connection 75 from local rank 1, transport 0
x3104c0s19b0n0:7633:11923 [0] NCCL INFO Channel 22/0 : 0[7000] -> 2[85000] via P2P/IPC/read
x3104c0s19b0n0:7633:11970 [0] NCCL INFO New proxy send connection 76 from local rank 0, transport 0
x3104c0s19b0n0:7641:11926 [3] NCCL INFO Connection to proxy localRank 3 -> connection 0x1528b4002000
x3104c0s19b0n0:7641:11963 [3] NCCL INFO transport/p2p.cc:430 Cuda Alloc Size 6291456 pointer 0x15287ec00000
x3104c0s19b0n0:7637:11925 [2] NCCL INFO Connection to proxy localRank 2 -> connection 0x14ee1c001fc0
x3104c0s19b0n0:7637:11972 [2] NCCL INFO transport/p2p.cc:430 Cuda Alloc Size 6291456 pointer 0x14edec000000
x3104c0s19b0n0:7635:11924 [1] NCCL INFO Connection to proxy localRank 1 -> connection 0x14d8c8001f40
x3104c0s19b0n0:7635:11971 [1] NCCL INFO transport/p2p.cc:430 Cuda Alloc Size 6291456 pointer 0x14d89d800000
x3104c0s19b0n0:7633:11923 [0] NCCL INFO Connection to proxy localRank 0 -> connection 0x15226c0020b0
x3104c0s19b0n0:7633:11970 [0] NCCL INFO transport/p2p.cc:430 Cuda Alloc Size 6291456 pointer 0x152236000000
x3104c0s19b0n0:7641:11926 [3] NCCL INFO Channel 23/0 : 3[c7000] -> 1[46000] via P2P/IPC/read
x3104c0s19b0n0:7641:11963 [3] NCCL INFO New proxy send connection 79 from local rank 3, transport 0
x3104c0s19b0n0:7633:11923 [0] NCCL INFO Channel 23/0 : 0[7000] -> 2[85000] via P2P/IPC/read
x3104c0s19b0n0:7633:11970 [0] NCCL INFO New proxy send connection 77 from local rank 0, transport 0
x3104c0s19b0n0:7641:11926 [3] NCCL INFO Connection to proxy localRank 3 -> connection 0x1528b4002040
x3104c0s19b0n0:7641:11963 [3] NCCL INFO transport/p2p.cc:430 Cuda Alloc Size 6291456 pointer 0x15287f200000
x3104c0s19b0n0:7633:11923 [0] NCCL INFO Connection to proxy localRank 0 -> connection 0x15226c0020f0
x3104c0s19b0n0:7633:11970 [0] NCCL INFO transport/p2p.cc:430 Cuda Alloc Size 6291456 pointer 0x152236600000
x3104c0s19b0n0:7641:11963 [3] NCCL INFO New proxy recv connection 80 from local rank 3, transport 0
x3104c0s19b0n0:7635:11971 [1] NCCL INFO New proxy recv connection 76 from local rank 1, transport 0
x3104c0s19b0n0:7641:11926 [3] NCCL INFO Connection to proxy localRank 3 -> connection 0x1528b4002080
x3104c0s19b0n0:7641:11963 [3] NCCL INFO transport/p2p.cc:449 Cuda Alloc Size 6291456 pointer 0x152876000000
x3104c0s19b0n0:7641:11963 [3] NCCL INFO New proxy recv connection 81 from local rank 3, transport 0
x3104c0s19b0n0:7635:11924 [1] NCCL INFO Connection to proxy localRank 1 -> connection 0x14d8c8001f80
x3104c0s19b0n0:7635:11971 [1] NCCL INFO transport/p2p.cc:449 Cuda Alloc Size 6291456 pointer 0x14d894600000
x3104c0s19b0n0:7633:11970 [0] NCCL INFO New proxy recv connection 78 from local rank 0, transport 0
x3104c0s19b0n0:7637:11972 [2] NCCL INFO New proxy recv connection 78 from local rank 2, transport 0
x3104c0s19b0n0:7641:11926 [3] NCCL INFO Connection to proxy localRank 3 -> connection 0x1528b40020c0
x3104c0s19b0n0:7641:11963 [3] NCCL INFO transport/p2p.cc:449 Cuda Alloc Size 6291456 pointer 0x152876600000
x3104c0s19b0n0:7635:11971 [1] NCCL INFO New proxy recv connection 77 from local rank 1, transport 0
x3104c0s19b0n0:7637:11925 [2] NCCL INFO Connection to proxy localRank 2 -> connection 0x14ee1c002000
x3104c0s19b0n0:7637:11972 [2] NCCL INFO transport/p2p.cc:449 Cuda Alloc Size 6291456 pointer 0x14ede6c00000
x3104c0s19b0n0:7633:11923 [0] NCCL INFO Connection to proxy localRank 0 -> connection 0x15226c002130
x3104c0s19b0n0:7633:11970 [0] NCCL INFO transport/p2p.cc:449 Cuda Alloc Size 6291456 pointer 0x152231200000
x3104c0s19b0n0:7635:11924 [1] NCCL INFO Connection to proxy localRank 1 -> connection 0x14d8c8001fc0
x3104c0s19b0n0:7635:11971 [1] NCCL INFO transport/p2p.cc:449 Cuda Alloc Size 6291456 pointer 0x14d894c00000
x3104c0s19b0n0:7641:11963 [3] NCCL INFO New proxy recv connection 82 from local rank 3, transport 0
x3104c0s19b0n0:7633:11970 [0] NCCL INFO New proxy recv connection 79 from local rank 0, transport 0
x3104c0s19b0n0:7637:11972 [2] NCCL INFO New proxy recv connection 79 from local rank 2, transport 0
x3104c0s19b0n0:7635:11971 [1] NCCL INFO New proxy recv connection 78 from local rank 1, transport 0
x3104c0s19b0n0:7641:11926 [3] NCCL INFO Connection to proxy localRank 3 -> connection 0x1528b4002100
x3104c0s19b0n0:7641:11963 [3] NCCL INFO transport/p2p.cc:449 Cuda Alloc Size 6291456 pointer 0x152876c00000
x3104c0s19b0n0:7641:11963 [3] NCCL INFO New proxy recv connection 83 from local rank 3, transport 0
x3104c0s19b0n0:7637:11925 [2] NCCL INFO Connection to proxy localRank 2 -> connection 0x14ee1c002040
x3104c0s19b0n0:7633:11923 [0] NCCL INFO Connection to proxy localRank 0 -> connection 0x15226c002170
x3104c0s19b0n0:7633:11970 [0] NCCL INFO transport/p2p.cc:449 Cuda Alloc Size 6291456 pointer 0x152231800000
x3104c0s19b0n0:7633:11970 [0] NCCL INFO New proxy recv connection 80 from local rank 0, transport 0
x3104c0s19b0n0:7635:11924 [1] NCCL INFO Connection to proxy localRank 1 -> connection 0x14d8c8002000
x3104c0s19b0n0:7635:11971 [1] NCCL INFO transport/p2p.cc:449 Cuda Alloc Size 6291456 pointer 0x14d895200000
x3104c0s19b0n0:7637:11972 [2] NCCL INFO transport/p2p.cc:449 Cuda Alloc Size 6291456 pointer 0x14ede7200000
x3104c0s19b0n0:7641:11926 [3] NCCL INFO Connection to proxy localRank 3 -> connection 0x1528b4002140
x3104c0s19b0n0:7641:11963 [3] NCCL INFO transport/p2p.cc:449 Cuda Alloc Size 6291456 pointer 0x152877200000
x3104c0s19b0n0:7641:11926 [3] NCCL INFO Channel 00/0 : 3[c7000] -> 2[85000] via P2P/IPC/read
x3104c0s19b0n0:7641:11963 [3] NCCL INFO New proxy send connection 84 from local rank 3, transport 0
x3104c0s19b0n0:7641:11926 [3] NCCL INFO Connection to proxy localRank 3 -> connection 0x1528b4002180
x3104c0s19b0n0:7635:11971 [1] NCCL INFO New proxy recv connection 79 from local rank 1, transport 0
x3104c0s19b0n0:7633:11923 [0] NCCL INFO Connection to proxy localRank 0 -> connection 0x15226c0021b0
x3104c0s19b0n0:7633:11970 [0] NCCL INFO transport/p2p.cc:449 Cuda Alloc Size 6291456 pointer 0x15222e000000
x3104c0s19b0n0:7637:11972 [2] NCCL INFO New proxy recv connection 80 from local rank 2, transport 0
x3104c0s19b0n0:7641:11963 [3] NCCL INFO transport/p2p.cc:430 Cuda Alloc Size 6291456 pointer 0x152877800000
x3104c0s19b0n0:7641:11926 [3] NCCL INFO Channel 06/0 : 3[c7000] -> 2[85000] via P2P/IPC/read
x3104c0s19b0n0:7641:11963 [3] NCCL INFO New proxy send connection 85 from local rank 3, transport 0
x3104c0s19b0n0:7641:11926 [3] NCCL INFO Connection to proxy localRank 3 -> connection 0x1528b40021c0
x3104c0s19b0n0:7633:11970 [0] NCCL INFO New proxy recv connection 81 from local rank 0, transport 0
x3104c0s19b0n0:7637:11925 [2] NCCL INFO Connection to proxy localRank 2 -> connection 0x14ee1c002080
x3104c0s19b0n0:7637:11972 [2] NCCL INFO transport/p2p.cc:449 Cuda Alloc Size 6291456 pointer 0x14ede7800000
x3104c0s19b0n0:7635:11924 [1] NCCL INFO Connection to proxy localRank 1 -> connection 0x14d8c8002040
x3104c0s19b0n0:7635:11971 [1] NCCL INFO transport/p2p.cc:449 Cuda Alloc Size 6291456 pointer 0x14d895800000
x3104c0s19b0n0:7641:11963 [3] NCCL INFO transport/p2p.cc:430 Cuda Alloc Size 6291456 pointer 0x152874000000
x3104c0s19b0n0:7633:11923 [0] NCCL INFO Connection to proxy localRank 0 -> connection 0x15226c0021f0
x3104c0s19b0n0:7633:11970 [0] NCCL INFO transport/p2p.cc:449 Cuda Alloc Size 6291456 pointer 0x15222e600000
x3104c0s19b0n0:7633:11970 [0] NCCL INFO New proxy recv connection 82 from local rank 0, transport 0
x3104c0s19b0n0:7637:11972 [2] NCCL INFO New proxy recv connection 81 from local rank 2, transport 0
x3104c0s19b0n0:7635:11971 [1] NCCL INFO New proxy recv connection 80 from local rank 1, transport 0
x3104c0s19b0n0:7641:11926 [3] NCCL INFO Channel 08/0 : 3[c7000] -> 2[85000] via P2P/IPC/read
x3104c0s19b0n0:7641:11963 [3] NCCL INFO New proxy send connection 86 from local rank 3, transport 0
x3104c0s19b0n0:7637:11925 [2] NCCL INFO Connection to proxy localRank 2 -> connection 0x14ee1c0020c0
x3104c0s19b0n0:7637:11972 [2] NCCL INFO transport/p2p.cc:449 Cuda Alloc Size 6291456 pointer 0x14ede4000000
x3104c0s19b0n0:7635:11924 [1] NCCL INFO Connection to proxy localRank 1 -> connection 0x14d8c8002080
x3104c0s19b0n0:7635:11971 [1] NCCL INFO transport/p2p.cc:449 Cuda Alloc Size 6291456 pointer 0x14d892000000
x3104c0s19b0n0:7633:11923 [0] NCCL INFO Connection to proxy localRank 0 -> connection 0x15226c002230
x3104c0s19b0n0:7633:11970 [0] NCCL INFO transport/p2p.cc:449 Cuda Alloc Size 6291456 pointer 0x15222ec00000
x3104c0s19b0n0:7641:11926 [3] NCCL INFO Connection to proxy localRank 3 -> connection 0x1528b4002200
x3104c0s19b0n0:7641:11963 [3] NCCL INFO transport/p2p.cc:430 Cuda Alloc Size 6291456 pointer 0x152874600000
x3104c0s19b0n0:7633:11970 [0] NCCL INFO New proxy recv connection 83 from local rank 0, transport 0
x3104c0s19b0n0:7637:11972 [2] NCCL INFO New proxy recv connection 82 from local rank 2, transport 0
x3104c0s19b0n0:7635:11971 [1] NCCL INFO New proxy recv connection 81 from local rank 1, transport 0
x3104c0s19b0n0:7641:11926 [3] NCCL INFO Channel 09/0 : 3[c7000] -> 2[85000] via P2P/IPC/read
x3104c0s19b0n0:7641:11963 [3] NCCL INFO New proxy send connection 87 from local rank 3, transport 0
x3104c0s19b0n0:7635:11924 [1] NCCL INFO Connection to proxy localRank 1 -> connection 0x14d8c80020c0
x3104c0s19b0n0:7635:11971 [1] NCCL INFO transport/p2p.cc:449 Cuda Alloc Size 6291456 pointer 0x14d892600000
x3104c0s19b0n0:7633:11923 [0] NCCL INFO Connection to proxy localRank 0 -> connection 0x15226c002270
x3104c0s19b0n0:7633:11970 [0] NCCL INFO transport/p2p.cc:449 Cuda Alloc Size 6291456 pointer 0x15222f200000
x3104c0s19b0n0:7637:11925 [2] NCCL INFO Connection to proxy localRank 2 -> connection 0x14ee1c002100
x3104c0s19b0n0:7637:11972 [2] NCCL INFO transport/p2p.cc:449 Cuda Alloc Size 6291456 pointer 0x14ede4600000
x3104c0s19b0n0:7641:11926 [3] NCCL INFO Connection to proxy localRank 3 -> connection 0x1528b4002240
x3104c0s19b0n0:7641:11963 [3] NCCL INFO transport/p2p.cc:430 Cuda Alloc Size 6291456 pointer 0x152874c00000
x3104c0s19b0n0:7635:11971 [1] NCCL INFO New proxy recv connection 82 from local rank 1, transport 0
x3104c0s19b0n0:7633:11970 [0] NCCL INFO New proxy recv connection 84 from local rank 0, transport 0
x3104c0s19b0n0:7637:11972 [2] NCCL INFO New proxy recv connection 83 from local rank 2, transport 0
x3104c0s19b0n0:7641:11926 [3] NCCL INFO Channel 12/0 : 3[c7000] -> 2[85000] via P2P/IPC/read
x3104c0s19b0n0:7641:11963 [3] NCCL INFO New proxy send connection 88 from local rank 3, transport 0
x3104c0s19b0n0:7635:11924 [1] NCCL INFO Connection to proxy localRank 1 -> connection 0x14d8c8002100
x3104c0s19b0n0:7635:11971 [1] NCCL INFO transport/p2p.cc:449 Cuda Alloc Size 6291456 pointer 0x14d892c00000
x3104c0s19b0n0:7633:11923 [0] NCCL INFO Connection to proxy localRank 0 -> connection 0x15226c0022b0
x3104c0s19b0n0:7633:11970 [0] NCCL INFO transport/p2p.cc:449 Cuda Alloc Size 6291456 pointer 0x15222f800000
x3104c0s19b0n0:7637:11925 [2] NCCL INFO Connection to proxy localRank 2 -> connection 0x14ee1c002140
x3104c0s19b0n0:7637:11972 [2] NCCL INFO transport/p2p.cc:449 Cuda Alloc Size 6291456 pointer 0x14ede4c00000
x3104c0s19b0n0:7641:11926 [3] NCCL INFO Connection to proxy localRank 3 -> connection 0x1528b4002280
x3104c0s19b0n0:7641:11963 [3] NCCL INFO transport/p2p.cc:430 Cuda Alloc Size 6291456 pointer 0x152875200000
x3104c0s19b0n0:7635:11971 [1] NCCL INFO New proxy recv connection 83 from local rank 1, transport 0
x3104c0s19b0n0:7641:11926 [3] NCCL INFO Channel 18/0 : 3[c7000] -> 2[85000] via P2P/IPC/read
x3104c0s19b0n0:7641:11963 [3] NCCL INFO New proxy send connection 89 from local rank 3, transport 0
x3104c0s19b0n0:7637:11972 [2] NCCL INFO New proxy recv connection 84 from local rank 2, transport 0
x3104c0s19b0n0:7635:11924 [1] NCCL INFO Connection to proxy localRank 1 -> connection 0x14d8c8002140
x3104c0s19b0n0:7635:11971 [1] NCCL INFO transport/p2p.cc:449 Cuda Alloc Size 6291456 pointer 0x14d893200000
x3104c0s19b0n0:7633:11970 [0] NCCL INFO New proxy recv connection 85 from local rank 0, transport 0
x3104c0s19b0n0:7637:11925 [2] NCCL INFO Connection to proxy localRank 2 -> connection 0x14ee1c002180
x3104c0s19b0n0:7637:11972 [2] NCCL INFO transport/p2p.cc:449 Cuda Alloc Size 6291456 pointer 0x14ede5200000
x3104c0s19b0n0:7641:11926 [3] NCCL INFO Connection to proxy localRank 3 -> connection 0x1528b40022c0
x3104c0s19b0n0:7641:11963 [3] NCCL INFO transport/p2p.cc:430 Cuda Alloc Size 6291456 pointer 0x152875800000
x3104c0s19b0n0:7635:11971 [1] NCCL INFO New proxy recv connection 84 from local rank 1, transport 0
x3104c0s19b0n0:7633:11923 [0] NCCL INFO Connection to proxy localRank 0 -> connection 0x15226c0022f0
x3104c0s19b0n0:7633:11970 [0] NCCL INFO transport/p2p.cc:449 Cuda Alloc Size 6291456 pointer 0x15222c000000
x3104c0s19b0n0:7641:11926 [3] NCCL INFO Channel 20/0 : 3[c7000] -> 2[85000] via P2P/IPC/read
x3104c0s19b0n0:7641:11963 [3] NCCL INFO New proxy send connection 90 from local rank 3, transport 0
x3104c0s19b0n0:7637:11972 [2] NCCL INFO New proxy recv connection 85 from local rank 2, transport 0
x3104c0s19b0n0:7635:11924 [1] NCCL INFO Connection to proxy localRank 1 -> connection 0x14d8c8002180
x3104c0s19b0n0:7635:11971 [1] NCCL INFO transport/p2p.cc:449 Cuda Alloc Size 6291456 pointer 0x14d893800000
x3104c0s19b0n0:7633:11970 [0] NCCL INFO New proxy recv connection 86 from local rank 0, transport 0
x3104c0s19b0n0:7641:11926 [3] NCCL INFO Connection to proxy localRank 3 -> connection 0x1528b4002300
x3104c0s19b0n0:7641:11963 [3] NCCL INFO transport/p2p.cc:430 Cuda Alloc Size 6291456 pointer 0x152872000000
x3104c0s19b0n0:7635:11971 [1] NCCL INFO New proxy recv connection 85 from local rank 1, transport 0
x3104c0s19b0n0:7633:11923 [0] NCCL INFO Connection to proxy localRank 0 -> connection 0x15226c002330
x3104c0s19b0n0:7633:11970 [0] NCCL INFO transport/p2p.cc:449 Cuda Alloc Size 6291456 pointer 0x15222c600000
x3104c0s19b0n0:7637:11925 [2] NCCL INFO Connection to proxy localRank 2 -> connection 0x14ee1c0021c0
x3104c0s19b0n0:7637:11972 [2] NCCL INFO transport/p2p.cc:449 Cuda Alloc Size 6291456 pointer 0x14ede5800000
x3104c0s19b0n0:7633:11970 [0] NCCL INFO New proxy recv connection 87 from local rank 0, transport 0
x3104c0s19b0n0:7641:11926 [3] NCCL INFO Channel 21/0 : 3[c7000] -> 2[85000] via P2P/IPC/read
x3104c0s19b0n0:7641:11963 [3] NCCL INFO New proxy send connection 91 from local rank 3, transport 0
x3104c0s19b0n0:7635:11924 [1] NCCL INFO Connection to proxy localRank 1 -> connection 0x14d8c80021c0
x3104c0s19b0n0:7635:11971 [1] NCCL INFO transport/p2p.cc:449 Cuda Alloc Size 6291456 pointer 0x14d890000000
x3104c0s19b0n0:7637:11925 [2] NCCL INFO Channel 00/0 : 2[85000] -> 1[46000] via P2P/IPC/read
x3104c0s19b0n0:7637:11972 [2] NCCL INFO New proxy send connection 86 from local rank 2, transport 0
x3104c0s19b0n0:7633:11923 [0] NCCL INFO Connection to proxy localRank 0 -> connection 0x15226c002370
x3104c0s19b0n0:7633:11970 [0] NCCL INFO transport/p2p.cc:449 Cuda Alloc Size 6291456 pointer 0x15222cc00000
x3104c0s19b0n0:7635:11924 [1] NCCL INFO Channel 00/0 : 1[46000] -> 0[7000] via P2P/IPC/read
x3104c0s19b0n0:7635:11971 [1] NCCL INFO New proxy send connection 86 from local rank 1, transport 0
x3104c0s19b0n0:7635:11924 [1] NCCL INFO Connection to proxy localRank 1 -> connection 0x14d8c8002200
x3104c0s19b0n0:7635:11971 [1] NCCL INFO transport/p2p.cc:430 Cuda Alloc Size 6291456 pointer 0x14d890600000
x3104c0s19b0n0:7641:11926 [3] NCCL INFO Connection to proxy localRank 3 -> connection 0x1528b4002340
x3104c0s19b0n0:7641:11963 [3] NCCL INFO transport/p2p.cc:430 Cuda Alloc Size 6291456 pointer 0x152872600000
x3104c0s19b0n0:7637:11925 [2] NCCL INFO Connection to proxy localRank 2 -> connection 0x14ee1c002200
x3104c0s19b0n0:7637:11972 [2] NCCL INFO transport/p2p.cc:430 Cuda Alloc Size 6291456 pointer 0x14ede2000000
x3104c0s19b0n0:7633:11923 [0] NCCL INFO Channel 02/0 : 0[7000] -> 3[c7000] via P2P/IPC/read
x3104c0s19b0n0:7633:11970 [0] NCCL INFO New proxy send connection 88 from local rank 0, transport 0
x3104c0s19b0n0:7633:11923 [0] NCCL INFO Connection to proxy localRank 0 -> connection 0x15226c0023b0
x3104c0s19b0n0:7635:11924 [1] NCCL INFO Channel 01/0 : 1[46000] -> 0[7000] via P2P/IPC/read
x3104c0s19b0n0:7635:11971 [1] NCCL INFO New proxy send connection 87 from local rank 1, transport 0
x3104c0s19b0n0:7633:11970 [0] NCCL INFO transport/p2p.cc:430 Cuda Alloc Size 6291456 pointer 0x15222d200000
x3104c0s19b0n0:7635:11924 [1] NCCL INFO Connection to proxy localRank 1 -> connection 0x14d8c8002240
x3104c0s19b0n0:7635:11971 [1] NCCL INFO transport/p2p.cc:430 Cuda Alloc Size 6291456 pointer 0x14d890c00000
x3104c0s19b0n0:7637:11925 [2] NCCL INFO Channel 01/0 : 2[85000] -> 1[46000] via P2P/IPC/read
x3104c0s19b0n0:7637:11972 [2] NCCL INFO New proxy send connection 87 from local rank 2, transport 0
x3104c0s19b0n0:7633:11923 [0] NCCL INFO Channel 03/0 : 0[7000] -> 3[c7000] via P2P/IPC/read
x3104c0s19b0n0:7633:11970 [0] NCCL INFO New proxy send connection 89 from local rank 0, transport 0
x3104c0s19b0n0:7635:11924 [1] NCCL INFO Channel 06/0 : 1[46000] -> 0[7000] via P2P/IPC/read
x3104c0s19b0n0:7635:11971 [1] NCCL INFO New proxy send connection 88 from local rank 1, transport 0
x3104c0s19b0n0:7635:11924 [1] NCCL INFO Connection to proxy localRank 1 -> connection 0x14d8c8002280
x3104c0s19b0n0:7635:11971 [1] NCCL INFO transport/p2p.cc:430 Cuda Alloc Size 6291456 pointer 0x14d891200000
x3104c0s19b0n0:7637:11925 [2] NCCL INFO Connection to proxy localRank 2 -> connection 0x14ee1c002240
x3104c0s19b0n0:7637:11972 [2] NCCL INFO transport/p2p.cc:430 Cuda Alloc Size 6291456 pointer 0x14ede2600000
x3104c0s19b0n0:7633:11923 [0] NCCL INFO Connection to proxy localRank 0 -> connection 0x15226c0023f0
x3104c0s19b0n0:7633:11970 [0] NCCL INFO transport/p2p.cc:430 Cuda Alloc Size 6291456 pointer 0x15222d800000
x3104c0s19b0n0:7637:11925 [2] NCCL INFO Channel 06/0 : 2[85000] -> 1[46000] via P2P/IPC/read
x3104c0s19b0n0:7637:11972 [2] NCCL INFO New proxy send connection 88 from local rank 2, transport 0
x3104c0s19b0n0:7635:11924 [1] NCCL INFO Channel 07/0 : 1[46000] -> 0[7000] via P2P/IPC/read
x3104c0s19b0n0:7635:11971 [1] NCCL INFO New proxy send connection 89 from local rank 1, transport 0
x3104c0s19b0n0:7637:11925 [2] NCCL INFO Connection to proxy localRank 2 -> connection 0x14ee1c002280
x3104c0s19b0n0:7637:11972 [2] NCCL INFO transport/p2p.cc:430 Cuda Alloc Size 6291456 pointer 0x14ede2c00000
x3104c0s19b0n0:7637:11925 [2] NCCL INFO Channel 07/0 : 2[85000] -> 1[46000] via P2P/IPC/read
x3104c0s19b0n0:7637:11972 [2] NCCL INFO New proxy send connection 89 from local rank 2, transport 0
x3104c0s19b0n0:7633:11923 [0] NCCL INFO Channel 14/0 : 0[7000] -> 3[c7000] via P2P/IPC/read
x3104c0s19b0n0:7633:11970 [0] NCCL INFO New proxy send connection 90 from local rank 0, transport 0
x3104c0s19b0n0:7635:11924 [1] NCCL INFO Connection to proxy localRank 1 -> connection 0x14d8c80022c0
x3104c0s19b0n0:7635:11971 [1] NCCL INFO transport/p2p.cc:430 Cuda Alloc Size 6291456 pointer 0x14d891800000
x3104c0s19b0n0:7637:11925 [2] NCCL INFO Connection to proxy localRank 2 -> connection 0x14ee1c0022c0
x3104c0s19b0n0:7637:11972 [2] NCCL INFO transport/p2p.cc:430 Cuda Alloc Size 6291456 pointer 0x14ede3200000
x3104c0s19b0n0:7633:11923 [0] NCCL INFO Connection to proxy localRank 0 -> connection 0x15226c002430
x3104c0s19b0n0:7633:11970 [0] NCCL INFO transport/p2p.cc:430 Cuda Alloc Size 6291456 pointer 0x15222a000000
x3104c0s19b0n0:7635:11924 [1] NCCL INFO Channel 09/0 : 1[46000] -> 0[7000] via P2P/IPC/read
x3104c0s19b0n0:7635:11971 [1] NCCL INFO New proxy send connection 90 from local rank 1, transport 0
x3104c0s19b0n0:7637:11925 [2] NCCL INFO Channel 08/0 : 2[85000] -> 1[46000] via P2P/IPC/read
x3104c0s19b0n0:7637:11972 [2] NCCL INFO New proxy send connection 90 from local rank 2, transport 0
x3104c0s19b0n0:7633:11923 [0] NCCL INFO Channel 15/0 : 0[7000] -> 3[c7000] via P2P/IPC/read
x3104c0s19b0n0:7633:11970 [0] NCCL INFO New proxy send connection 91 from local rank 0, transport 0
x3104c0s19b0n0:7635:11924 [1] NCCL INFO Connection to proxy localRank 1 -> connection 0x14d8c8002300
x3104c0s19b0n0:7635:11971 [1] NCCL INFO transport/p2p.cc:430 Cuda Alloc Size 6291456 pointer 0x14d88e000000
x3104c0s19b0n0:7637:11925 [2] NCCL INFO Connection to proxy localRank 2 -> connection 0x14ee1c002300
x3104c0s19b0n0:7637:11972 [2] NCCL INFO transport/p2p.cc:430 Cuda Alloc Size 6291456 pointer 0x14ede3800000
x3104c0s19b0n0:7633:11923 [0] NCCL INFO Connection to proxy localRank 0 -> connection 0x15226c002470
x3104c0s19b0n0:7633:11970 [0] NCCL INFO transport/p2p.cc:430 Cuda Alloc Size 6291456 pointer 0x15222a600000
x3104c0s19b0n0:7635:11924 [1] NCCL INFO Channel 12/0 : 1[46000] -> 0[7000] via P2P/IPC/read
x3104c0s19b0n0:7635:11971 [1] NCCL INFO New proxy send connection 91 from local rank 1, transport 0
x3104c0s19b0n0:7637:11925 [2] NCCL INFO Channel 12/0 : 2[85000] -> 1[46000] via P2P/IPC/read
x3104c0s19b0n0:7637:11972 [2] NCCL INFO New proxy send connection 91 from local rank 2, transport 0
x3104c0s19b0n0:7637:11925 [2] NCCL INFO Connection to proxy localRank 2 -> connection 0x14ee1c002340
x3104c0s19b0n0:7637:11972 [2] NCCL INFO transport/p2p.cc:430 Cuda Alloc Size 6291456 pointer 0x14ede0000000
x3104c0s19b0n0:7635:11924 [1] NCCL INFO Connection to proxy localRank 1 -> connection 0x14d8c8002340
x3104c0s19b0n0:7635:11971 [1] NCCL INFO transport/p2p.cc:430 Cuda Alloc Size 6291456 pointer 0x14d88e600000
x3104c0s19b0n0:7635:11924 [1] NCCL INFO Channel 13/0 : 1[46000] -> 0[7000] via P2P/IPC/read
x3104c0s19b0n0:7635:11971 [1] NCCL INFO New proxy send connection 92 from local rank 1, transport 0
x3104c0s19b0n0:7637:11925 [2] NCCL INFO Channel 13/0 : 2[85000] -> 1[46000] via P2P/IPC/read
x3104c0s19b0n0:7637:11972 [2] NCCL INFO New proxy send connection 92 from local rank 2, transport 0
x3104c0s19b0n0:7635:11924 [1] NCCL INFO Connection to proxy localRank 1 -> connection 0x14d8c8002380
x3104c0s19b0n0:7635:11971 [1] NCCL INFO transport/p2p.cc:430 Cuda Alloc Size 6291456 pointer 0x14d88ec00000
x3104c0s19b0n0:7635:11924 [1] NCCL INFO Channel 18/0 : 1[46000] -> 0[7000] via P2P/IPC/read
x3104c0s19b0n0:7635:11971 [1] NCCL INFO New proxy send connection 93 from local rank 1, transport 0
x3104c0s19b0n0:7637:11925 [2] NCCL INFO Connection to proxy localRank 2 -> connection 0x14ee1c002380
x3104c0s19b0n0:7637:11972 [2] NCCL INFO transport/p2p.cc:430 Cuda Alloc Size 6291456 pointer 0x14ede0600000
x3104c0s19b0n0:7635:11924 [1] NCCL INFO Connection to proxy localRank 1 -> connection 0x14d8c80023c0
x3104c0s19b0n0:7635:11971 [1] NCCL INFO transport/p2p.cc:430 Cuda Alloc Size 6291456 pointer 0x14d88f200000
x3104c0s19b0n0:7637:11925 [2] NCCL INFO Channel 18/0 : 2[85000] -> 1[46000] via P2P/IPC/read
x3104c0s19b0n0:7637:11972 [2] NCCL INFO New proxy send connection 93 from local rank 2, transport 0
x3104c0s19b0n0:7635:11924 [1] NCCL INFO Channel 19/0 : 1[46000] -> 0[7000] via P2P/IPC/read
x3104c0s19b0n0:7635:11971 [1] NCCL INFO New proxy send connection 94 from local rank 1, transport 0
x3104c0s19b0n0:7637:11925 [2] NCCL INFO Connection to proxy localRank 2 -> connection 0x14ee1c0023c0
x3104c0s19b0n0:7637:11972 [2] NCCL INFO transport/p2p.cc:430 Cuda Alloc Size 6291456 pointer 0x14ede0c00000
x3104c0s19b0n0:7635:11924 [1] NCCL INFO Connection to proxy localRank 1 -> connection 0x14d8c8002400
x3104c0s19b0n0:7635:11971 [1] NCCL INFO transport/p2p.cc:430 Cuda Alloc Size 6291456 pointer 0x14d88f800000
x3104c0s19b0n0:7637:11925 [2] NCCL INFO Channel 19/0 : 2[85000] -> 1[46000] via P2P/IPC/read
x3104c0s19b0n0:7637:11972 [2] NCCL INFO New proxy send connection 94 from local rank 2, transport 0
x3104c0s19b0n0:7637:11925 [2] NCCL INFO Connection to proxy localRank 2 -> connection 0x14ee1c002400
x3104c0s19b0n0:7637:11972 [2] NCCL INFO transport/p2p.cc:430 Cuda Alloc Size 6291456 pointer 0x14ede1200000
x3104c0s19b0n0:7635:11924 [1] NCCL INFO Channel 21/0 : 1[46000] -> 0[7000] via P2P/IPC/read
x3104c0s19b0n0:7635:11971 [1] NCCL INFO New proxy send connection 95 from local rank 1, transport 0
x3104c0s19b0n0:7637:11925 [2] NCCL INFO Channel 20/0 : 2[85000] -> 1[46000] via P2P/IPC/read
x3104c0s19b0n0:7637:11972 [2] NCCL INFO New proxy send connection 95 from local rank 2, transport 0
x3104c0s19b0n0:7635:11924 [1] NCCL INFO Connection to proxy localRank 1 -> connection 0x14d8c8002440
x3104c0s19b0n0:7635:11971 [1] NCCL INFO transport/p2p.cc:430 Cuda Alloc Size 6291456 pointer 0x14d88c000000
x3104c0s19b0n0:7637:11925 [2] NCCL INFO Connection to proxy localRank 2 -> connection 0x14ee1c002440
x3104c0s19b0n0:7637:11972 [2] NCCL INFO transport/p2p.cc:430 Cuda Alloc Size 6291456 pointer 0x14ede1800000
x3104c0s19b0n0:7633:11923 [0] NCCL INFO Connected all trees by HAO
x3104c0s19b0n0:7633:11923 [0] NCCL INFO Latency/AlgBw |    Tree/    LL |    Tree/ LL128 |    Tree/Simple |    Ring/    LL |    Ring/ LL128 |    Ring/Simple | CollNetDirect/    LL | CollNetDirect/ LL128 | CollNetDirect/Simple | CollNetChain/    LL | CollNetChain/ LL128 | CollNetChain/Simple |
x3104c0s19b0n0:7633:11923 [0] NCCL INFO  Max NThreads |            512 |            640 |            512 |            512 |            640 |            512 |              0 |              0 |            512 |              0 |              0 |            512 |
x3104c0s19b0n0:7633:11923 [0] NCCL INFO     Broadcast |     0.0/   0.0 |     0.0/   0.0 |     0.0/   0.0 |     5.5/  78.3 |    17.6/ 216.2 |   120.4/ 235.0 |     0.0/   0.0 |     0.0/   0.0 |     0.0/   0.0 |     0.0/   0.0 |     0.0/   0.0 |     0.0/   0.0 |
x3104c0s19b0n0:7633:11923 [0] NCCL INFO        Reduce |     0.0/   0.0 |     0.0/   0.0 |     0.0/   0.0 |     5.5/  58.8 |    17.6/ 216.2 |   120.4/ 235.0 |     0.0/   0.0 |     0.0/   0.0 |     0.0/   0.0 |     0.0/   0.0 |     0.0/   0.0 |     0.0/   0.0 |
x3104c0s19b0n0:7633:11923 [0] NCCL INFO     AllGather |     0.0/   0.0 |     0.0/   0.0 |     0.0/   0.0 |     5.0/ 104.4 |    15.7/ 288.3 |    18.6/ 313.3 |     0.0/   0.0 |     0.0/   0.0 |     0.0/   0.0 |     0.0/   0.0 |     0.0/   0.0 |     0.0/   0.0 |
x3104c0s19b0n0:7633:11923 [0] NCCL INFO ReduceScatter |     0.0/   0.0 |     0.0/   0.0 |     0.0/   0.0 |     5.0/ 104.4 |    15.7/ 288.3 |    18.6/ 313.3 |     0.0/   0.0 |     0.0/   0.0 |     0.0/   0.0 |     0.0/   0.0 |     0.0/   0.0 |     0.0/   0.0 |
x3104c0s19b0n0:7633:11923 [0] NCCL INFO     AllReduce |     7.5/  28.4 |    11.9/  84.1 |   168.0/ 108.1 |     6.4/  39.2 |    21.4/ 144.1 |    28.8/ 156.7 |     7.4/   0.0 |     7.4/   0.0 |    29.7/   0.0 |     4.4/   0.0 |     4.4/   0.0 |    48.0/   0.0 |
x3104c0s19b0n0:7633:11923 [0] NCCL INFO threadThresholds 8/8/64 | 32/8/64 | 512 | 512
x3104c0s19b0n0:7633:11923 [0] NCCL INFO channel.cc:23 Cuda Alloc Size 1920 pointer 0x152307e2aa00
x3104c0s19b0n0:7633:11923 [0] NCCL INFO channel.cc:27 Cuda Alloc Size 16 pointer 0x152307e2b200
x3104c0s19b0n0:7633:11923 [0] NCCL INFO channel.cc:23 Cuda Alloc Size 1920 pointer 0x152307e2b400
x3104c0s19b0n0:7633:11923 [0] NCCL INFO channel.cc:27 Cuda Alloc Size 16 pointer 0x152307e2bc00
x3104c0s19b0n0:7633:11923 [0] NCCL INFO channel.cc:23 Cuda Alloc Size 1920 pointer 0x152307e2be00
x3104c0s19b0n0:7633:11923 [0] NCCL INFO channel.cc:27 Cuda Alloc Size 16 pointer 0x152307e2c600
x3104c0s19b0n0:7633:11923 [0] NCCL INFO channel.cc:23 Cuda Alloc Size 1920 pointer 0x152307e2c800
x3104c0s19b0n0:7633:11923 [0] NCCL INFO channel.cc:27 Cuda Alloc Size 16 pointer 0x152307e2d000
x3104c0s19b0n0:7633:11923 [0] NCCL INFO channel.cc:23 Cuda Alloc Size 1920 pointer 0x152307e2d200
x3104c0s19b0n0:7633:11923 [0] NCCL INFO channel.cc:27 Cuda Alloc Size 16 pointer 0x152307e2da00
x3104c0s19b0n0:7633:11923 [0] NCCL INFO channel.cc:23 Cuda Alloc Size 1920 pointer 0x152307e2dc00
x3104c0s19b0n0:7633:11923 [0] NCCL INFO channel.cc:27 Cuda Alloc Size 16 pointer 0x152307e2e400
x3104c0s19b0n0:7633:11923 [0] NCCL INFO channel.cc:23 Cuda Alloc Size 1920 pointer 0x152307e2e600
x3104c0s19b0n0:7633:11923 [0] NCCL INFO channel.cc:27 Cuda Alloc Size 16 pointer 0x152307e2ee00
x3104c0s19b0n0:7633:11923 [0] NCCL INFO channel.cc:23 Cuda Alloc Size 1920 pointer 0x152307e2f000
x3104c0s19b0n0:7633:11923 [0] NCCL INFO channel.cc:27 Cuda Alloc Size 16 pointer 0x152307e2f800
x3104c0s19b0n0:7633:11923 [0] NCCL INFO 24 coll channels, 32 p2p channels, 8 p2p channels per peer
x3104c0s19b0n0:7633:11970 [0] NCCL INFO Allocated 4194656 bytes of shared memory in /dev/shm/nccl-CSC4Un

x3104c0s19b0n0:7633:11970 [0] NCCL INFO New proxy send connection 92 from local rank 0, transport 2
x3104c0s19b0n0:7637:11925 [2] NCCL INFO Connected all trees by HAO
x3104c0s19b0n0:7637:11925 [2] NCCL INFO threadThresholds 8/8/64 | 32/8/64 | 512 | 512
x3104c0s19b0n0:7637:11925 [2] NCCL INFO channel.cc:23 Cuda Alloc Size 1920 pointer 0x14ee6b818e00
x3104c0s19b0n0:7637:11925 [2] NCCL INFO channel.cc:27 Cuda Alloc Size 16 pointer 0x14ee6b819600
x3104c0s19b0n0:7637:11925 [2] NCCL INFO channel.cc:23 Cuda Alloc Size 1920 pointer 0x14ee6b819800
x3104c0s19b0n0:7637:11925 [2] NCCL INFO channel.cc:27 Cuda Alloc Size 16 pointer 0x14ee6b81a000
x3104c0s19b0n0:7637:11925 [2] NCCL INFO channel.cc:23 Cuda Alloc Size 1920 pointer 0x14ee6b81a200
x3104c0s19b0n0:7637:11925 [2] NCCL INFO channel.cc:27 Cuda Alloc Size 16 pointer 0x14ee6b81aa00
x3104c0s19b0n0:7637:11925 [2] NCCL INFO channel.cc:23 Cuda Alloc Size 1920 pointer 0x14ee6b81ac00
x3104c0s19b0n0:7637:11925 [2] NCCL INFO channel.cc:27 Cuda Alloc Size 16 pointer 0x14ee6b81b400
x3104c0s19b0n0:7637:11925 [2] NCCL INFO channel.cc:23 Cuda Alloc Size 1920 pointer 0x14ee6b81b600
x3104c0s19b0n0:7637:11925 [2] NCCL INFO channel.cc:27 Cuda Alloc Size 16 pointer 0x14ee6b81be00
x3104c0s19b0n0:7637:11925 [2] NCCL INFO channel.cc:23 Cuda Alloc Size 1920 pointer 0x14ee6b81c000
x3104c0s19b0n0:7637:11925 [2] NCCL INFO channel.cc:27 Cuda Alloc Size 16 pointer 0x14ee6b81c800
x3104c0s19b0n0:7637:11925 [2] NCCL INFO channel.cc:23 Cuda Alloc Size 1920 pointer 0x14ee6b81ca00
x3104c0s19b0n0:7637:11925 [2] NCCL INFO channel.cc:27 Cuda Alloc Size 16 pointer 0x14ee6b81d200
x3104c0s19b0n0:7637:11925 [2] NCCL INFO channel.cc:23 Cuda Alloc Size 1920 pointer 0x14ee6b81d400
x3104c0s19b0n0:7637:11925 [2] NCCL INFO channel.cc:27 Cuda Alloc Size 16 pointer 0x14ee6b81dc00
x3104c0s19b0n0:7637:11925 [2] NCCL INFO 24 coll channels, 32 p2p channels, 8 p2p channels per peer
x3104c0s19b0n0:7635:11924 [1] NCCL INFO Connected all trees by HAO
x3104c0s19b0n0:7635:11924 [1] NCCL INFO threadThresholds 8/8/64 | 32/8/64 | 512 | 512
x3104c0s19b0n0:7635:11924 [1] NCCL INFO channel.cc:23 Cuda Alloc Size 1920 pointer 0x14d917818e00
x3104c0s19b0n0:7635:11924 [1] NCCL INFO channel.cc:27 Cuda Alloc Size 16 pointer 0x14d917819600
x3104c0s19b0n0:7635:11924 [1] NCCL INFO channel.cc:23 Cuda Alloc Size 1920 pointer 0x14d917819800
x3104c0s19b0n0:7635:11924 [1] NCCL INFO channel.cc:27 Cuda Alloc Size 16 pointer 0x14d91781a000
x3104c0s19b0n0:7635:11924 [1] NCCL INFO channel.cc:23 Cuda Alloc Size 1920 pointer 0x14d91781a200
x3104c0s19b0n0:7635:11924 [1] NCCL INFO channel.cc:27 Cuda Alloc Size 16 pointer 0x14d91781aa00
x3104c0s19b0n0:7635:11924 [1] NCCL INFO channel.cc:23 Cuda Alloc Size 1920 pointer 0x14d91781ac00
x3104c0s19b0n0:7635:11924 [1] NCCL INFO channel.cc:27 Cuda Alloc Size 16 pointer 0x14d91781b400
x3104c0s19b0n0:7635:11924 [1] NCCL INFO channel.cc:23 Cuda Alloc Size 1920 pointer 0x14d91781b600
x3104c0s19b0n0:7635:11924 [1] NCCL INFO channel.cc:27 Cuda Alloc Size 16 pointer 0x14d91781be00
x3104c0s19b0n0:7635:11924 [1] NCCL INFO channel.cc:23 Cuda Alloc Size 1920 pointer 0x14d91781c000
x3104c0s19b0n0:7635:11924 [1] NCCL INFO channel.cc:27 Cuda Alloc Size 16 pointer 0x14d91781c800
x3104c0s19b0n0:7635:11924 [1] NCCL INFO channel.cc:23 Cuda Alloc Size 1920 pointer 0x14d91781ca00
x3104c0s19b0n0:7635:11924 [1] NCCL INFO channel.cc:27 Cuda Alloc Size 16 pointer 0x14d91781d200
x3104c0s19b0n0:7635:11924 [1] NCCL INFO channel.cc:23 Cuda Alloc Size 1920 pointer 0x14d91781d400
x3104c0s19b0n0:7635:11924 [1] NCCL INFO channel.cc:27 Cuda Alloc Size 16 pointer 0x14d91781dc00
x3104c0s19b0n0:7635:11924 [1] NCCL INFO 24 coll channels, 32 p2p channels, 8 p2p channels per peer
x3104c0s19b0n0:7635:11971 [1] NCCL INFO Allocated 4194656 bytes of shared memory in /dev/shm/nccl-hPBWBx

x3104c0s19b0n0:7635:11971 [1] NCCL INFO New proxy send connection 96 from local rank 1, transport 2
x3104c0s19b0n0:7641:11926 [3] NCCL INFO Connected all trees by HAO
x3104c0s19b0n0:7641:11926 [3] NCCL INFO threadThresholds 8/8/64 | 32/8/64 | 512 | 512
x3104c0s19b0n0:7641:11926 [3] NCCL INFO channel.cc:23 Cuda Alloc Size 1920 pointer 0x1528f3818e00
x3104c0s19b0n0:7641:11926 [3] NCCL INFO channel.cc:27 Cuda Alloc Size 16 pointer 0x1528f3819600
x3104c0s19b0n0:7641:11926 [3] NCCL INFO channel.cc:23 Cuda Alloc Size 1920 pointer 0x1528f3819800
x3104c0s19b0n0:7641:11926 [3] NCCL INFO channel.cc:27 Cuda Alloc Size 16 pointer 0x1528f381a000
x3104c0s19b0n0:7641:11926 [3] NCCL INFO channel.cc:23 Cuda Alloc Size 1920 pointer 0x1528f381a200
x3104c0s19b0n0:7641:11926 [3] NCCL INFO channel.cc:27 Cuda Alloc Size 16 pointer 0x1528f381aa00
x3104c0s19b0n0:7641:11926 [3] NCCL INFO channel.cc:23 Cuda Alloc Size 1920 pointer 0x1528f381ac00
x3104c0s19b0n0:7641:11926 [3] NCCL INFO channel.cc:27 Cuda Alloc Size 16 pointer 0x1528f381b400
x3104c0s19b0n0:7641:11926 [3] NCCL INFO channel.cc:23 Cuda Alloc Size 1920 pointer 0x1528f381b600
x3104c0s19b0n0:7641:11926 [3] NCCL INFO channel.cc:27 Cuda Alloc Size 16 pointer 0x1528f381be00
x3104c0s19b0n0:7641:11926 [3] NCCL INFO channel.cc:23 Cuda Alloc Size 1920 pointer 0x1528f381c000
x3104c0s19b0n0:7641:11926 [3] NCCL INFO channel.cc:27 Cuda Alloc Size 16 pointer 0x1528f381c800
x3104c0s19b0n0:7641:11926 [3] NCCL INFO channel.cc:23 Cuda Alloc Size 1920 pointer 0x1528f381ca00
x3104c0s19b0n0:7641:11926 [3] NCCL INFO channel.cc:27 Cuda Alloc Size 16 pointer 0x1528f381d200
x3104c0s19b0n0:7641:11926 [3] NCCL INFO channel.cc:23 Cuda Alloc Size 1920 pointer 0x1528f381d400
x3104c0s19b0n0:7641:11926 [3] NCCL INFO channel.cc:27 Cuda Alloc Size 16 pointer 0x1528f381dc00
x3104c0s19b0n0:7641:11926 [3] NCCL INFO 24 coll channels, 32 p2p channels, 8 p2p channels per peer
x3104c0s19b0n0:7641:11963 [3] NCCL INFO Allocated 4194656 bytes of shared memory in /dev/shm/nccl-rldEnX

x3104c0s19b0n0:7641:11963 [3] NCCL INFO New proxy send connection 92 from local rank 3, transport 2
x3104c0s19b0n0:7633:11923 [0] NCCL INFO Connection to proxy localRank 0 -> connection 0x15226c0024b0
x3104c0s19b0n0:7633:11970 [0] NCCL INFO transport/net.cc:376 Cuda Alloc Size 67108864 pointer 0x15221c000000
x3104c0s19b0n0:7635:11924 [1] NCCL INFO Connection to proxy localRank 1 -> connection 0x14d8c8002480
x3104c0s19b0n0:7635:11971 [1] NCCL INFO transport/net.cc:376 Cuda Alloc Size 67108864 pointer 0x14d87c000000
x3104c0s19b0n0:7637:11972 [2] NCCL INFO Allocated 4194656 bytes of shared memory in /dev/shm/nccl-HIAcnE

x3104c0s19b0n0:7637:11972 [2] NCCL INFO New proxy send connection 96 from local rank 2, transport 2
x3104c0s19b0n0:7641:11926 [3] NCCL INFO Connection to proxy localRank 3 -> connection 0x1528b4002380
x3104c0s19b0n0:7641:11963 [3] NCCL INFO transport/net.cc:376 Cuda Alloc Size 67108864 pointer 0x152864000000
x3104c0s19b0n0:7637:11925 [2] NCCL INFO Connection to proxy localRank 2 -> connection 0x14ee1c002480
x3104c0s19b0n0:7637:11925 [2] NCCL INFO init.cc:367 Cuda Alloc Size 5168 pointer 0x14ee6b81de00
x3104c0s19b0n0:7633:11923 [0] NCCL INFO init.cc:367 Cuda Alloc Size 5168 pointer 0x152307e2fa00
x3104c0s19b0n0:7633:11923 [0] NCCL INFO init.cc:392 Cuda Host Alloc Size 33554432 pointer 0x15221a000000
x3104c0s19b0n0:7633:11923 [0] NCCL INFO init.cc:398 Cuda Host Alloc Size 128 pointer 0x152307400e00
x3104c0s19b0n0:7633:11923 [0] NCCL INFO comm 0x55ed14ea0ef0 rank 0 nranks 4 cudaDev 0 busId 7000 - Init COMPLETE
x3104c0s19b0n0:7641:11926 [3] NCCL INFO init.cc:367 Cuda Alloc Size 5168 pointer 0x1528f381de00
x3104c0s19b0n0:7635:11924 [1] NCCL INFO init.cc:367 Cuda Alloc Size 5168 pointer 0x14d91781de00
x3104c0s19b0n0:7635:11924 [1] NCCL INFO init.cc:392 Cuda Host Alloc Size 33554432 pointer 0x14d87a000000
x3104c0s19b0n0:7635:11924 [1] NCCL INFO init.cc:398 Cuda Host Alloc Size 128 pointer 0x14d916e00600
x3104c0s19b0n0:7635:11924 [1] NCCL INFO comm 0x564cae656b50 rank 1 nranks 4 cudaDev 1 busId 46000 - Init COMPLETE
[Hao INFO in ncclBroadcast (broadcast.cc)] rank 1 Broadcast: count: 3, datatype: ncclInt64, message size: 24 Bytes
x3104c0s19b0n0:7635:7635 [1] NCCL INFO Broadcast: opCount 0 sendbuff 0x14d957600400 recvbuff 0x14d957600400 count 24 datatype 0 op 0 root 0 comm 0x564cae656b50 [nranks=4] stream 0x564caccf2e60
x3104c0s19b0n0:7635:7635 [1] NCCL INFO misc/utils.cc:235 memory stack hunk malloc(65536)
[LYD INFO in ncclLaunchKernel (enqueue.cc)] NCHANNELS is: 24x3104c0s19b0n0:7641:11926 [3] NCCL INFO init.cc:392 Cuda Host Alloc Size 33554432 pointer 0x152862000000
x3104c0s19b0n0:7641:11926 [3] NCCL INFO init.cc:398 Cuda Host Alloc Size 128 pointer 0x1528f2e00600
x3104c0s19b0n0:7641:11926 [3] NCCL INFO comm 0x555d5fda9af0 rank 3 nranks 4 cudaDev 3 busId c7000 - Init COMPLETE
x3104c0s19b0n0:7637:11972 [2] NCCL INFO transport/net.cc:376 Cuda Alloc Size 67108864 pointer 0x14edcc000000
x3104c0s19b0n0:7637:11925 [2] NCCL INFO init.cc:392 Cuda Host Alloc Size 33554432 pointer 0x14edd6000000
x3104c0s19b0n0:7637:11925 [2] NCCL INFO init.cc:398 Cuda Host Alloc Size 128 pointer 0x14ee6ae00600
x3104c0s19b0n0:7637:11925 [2] NCCL INFO comm 0x55f42627f0a0 rank 2 nranks 4 cudaDev 2 busId 85000 - Init COMPLETE
[Hao INFO in ncclBroadcast (broadcast.cc)] rank 3 Broadcast: count: 3, datatype: ncclInt64, message size: 24 Bytes
x3104c0s19b0n0:7641:7641 [3] NCCL INFO Broadcast: opCount 0 sendbuff 0x152937600400 recvbuff 0x152937600400 count 24 datatype 0 op 0 root 0 comm 0x555d5fda9af0 [nranks=4] stream 0x555d5ceea380
x3104c0s19b0n0:7641:7641 [3] NCCL INFO misc/utils.cc:235 memory stack hunk malloc(65536)
