x3004c0s1b0n0:27112:32295 [2] NCCL INFO NET/IB: Dev 0 Port 1 qpn 12914 mtu 5 GID 0 (80FE/EA0100FEFF000000)
x3004c0s1b0n0:27112:32295 [2] NCCL INFO transport/net_ib.cc:653 Ib Alloc Size 552 pointer 0x14764c07e000
x3004c0s1b0n0:27112:32295 [2] NCCL INFO transport/net.cc:571 Cuda Host Alloc Size 9641984 pointer 0x147647400000
x3004c0s1b0n0:27106:32296 [1] NCCL INFO transport/p2p.cc:430 Cuda Alloc Size 6291456 pointer 0x14781b200000
x3004c0s1b0n0:27104:32221 [0] NCCL INFO Channel 00/0 : 8[7000] -> 0[7000] [receive] via NET/IB/0
x3004c0s1b0n0:27104:32221 [0] NCCL INFO GPU Direct RDMA Disabled for GPU 7000 / HCA 1 (distance 7 > 4)
x3004c0s1b0n0:27104:32294 [0] NCCL INFO New proxy recv connection 9 from local rank 0, transport 2
x3004c0s1b0n0:27104:32221 [0] NCCL INFO Connection to proxy localRank 0 -> connection 0x14fe9c000ec0
x3004c0s1b0n0:27115:32297 [3] NCCL INFO transport/net_ib.cc:596 Ib Alloc Size 26560 pointer 0x147c34020000
x3004c0s1b0n0:27115:32297 [3] NCCL INFO NET/IB: Dev 1 Port 1 qpn 12295 mtu 5 GID 0 (80FE/AF0100FEFF000000)
x3004c0s1b0n0:27115:32297 [3] NCCL INFO transport/net_ib.cc:653 Ib Alloc Size 552 pointer 0x147c34038000
x3004c0s1b0n0:27115:32297 [3] NCCL INFO transport/net.cc:571 Cuda Host Alloc Size 9641984 pointer 0x147c3ac00000
x3004c0s1b0n0:27106:32296 [1] NCCL INFO transport/net_ib.cc:683 Ib Alloc Size 21688 pointer 0x147824020000
x3004c0s1b0n0:27106:32296 [1] NCCL INFO transport/net_ib.cc:696 Ib Alloc Size 552 pointer 0x147824027000
x3004c0s1b0n0:27115:32297 [3] NCCL INFO transport/net_ib.cc:596 Ib Alloc Size 26560 pointer 0x147c3403a000
x3004c0s1b0n0:27112:32295 [2] NCCL INFO transport/net_ib.cc:596 Ib Alloc Size 26560 pointer 0x14764c080000
x3004c0s1b0n0:27115:32297 [3] NCCL INFO NET/IB: Dev 0 Port 1 qpn 12915 mtu 5 GID 0 (80FE/EA0100FEFF000000)
x3004c0s1b0n0:27115:32297 [3] NCCL INFO transport/net_ib.cc:653 Ib Alloc Size 552 pointer 0x147c34051000
x3004c0s1b0n0:27115:32297 [3] NCCL INFO transport/net.cc:571 Cuda Host Alloc Size 9641984 pointer 0x147c3b600000
x3004c0s1b0n0:27104:32221 [0] NCCL INFO Channel 01/0 : 8[7000] -> 0[7000] [receive] via NET/IB/1
x3004c0s1b0n0:27104:32221 [0] NCCL INFO GPU Direct RDMA Disabled for GPU 7000 / HCA 0 (distance 7 > 4)
x3004c0s1b0n0:27104:32294 [0] NCCL INFO New proxy send connection 10 from local rank 0, transport 2
x3004c0s1b0n0:27104:32221 [0] NCCL INFO Connection to proxy localRank 0 -> connection 0x14fe9c000f00
x3004c0s1b0n0:27104:32221 [0] NCCL INFO Channel 02/0 : 0[7000] -> 2[7000] [send] via NET/IB/0
x3004c0s1b0n0:27104:32221 [0] NCCL INFO GPU Direct RDMA Disabled for GPU 7000 / HCA 1 (distance 7 > 4)
x3004c0s1b0n0:27112:32295 [2] NCCL INFO NET/IB: Dev 1 Port 1 qpn 12296 mtu 5 GID 0 (80FE/AF0100FEFF000000)
x3004c0s1b0n0:27112:32295 [2] NCCL INFO transport/net_ib.cc:653 Ib Alloc Size 552 pointer 0x14764c097000
x3004c0s1b0n0:27112:32295 [2] NCCL INFO transport/net.cc:571 Cuda Host Alloc Size 9641984 pointer 0x147644000000
x3004c0s1b0n0:27106:32296 [1] NCCL INFO transport/net_ib.cc:771 Ib Alloc Size 552 pointer 0x147824044000
x3004c0s1b0n0:27104:32294 [0] NCCL INFO New proxy send connection 11 from local rank 0, transport 2
x3004c0s1b0n0:27106:32296 [1] NCCL INFO transport/net.cc:698 Cuda Host Alloc Size 9641984 pointer 0x147819200000
x3004c0s1b0n0:27115:32297 [3] NCCL INFO transport/net_ib.cc:596 Ib Alloc Size 26560 pointer 0x147c34053000
x3004c0s1b0n0:27115:32297 [3] NCCL INFO NET/IB: Dev 1 Port 1 qpn 12299 mtu 5 GID 0 (80FE/AF0100FEFF000000)
x3004c0s1b0n0:27115:32297 [3] NCCL INFO transport/net_ib.cc:653 Ib Alloc Size 552 pointer 0x147c3406a000
x3004c0s1b0n0:27115:32297 [3] NCCL INFO transport/net.cc:571 Cuda Host Alloc Size 9641984 pointer 0x147c2e000000
x3004c0s1b0n0:27112:32236 [2] NCCL INFO Connected all rings
x3004c0s1b0n0:27112:32236 [2] NCCL INFO GPU Direct RDMA Disabled for GPU 85000 / HCA 0 (distance 7 > 4)
x3004c0s1b0n0:27112:32295 [2] NCCL INFO New proxy recv connection 8 from local rank 1, transport 2
x3004c0s1b0n0:27106:32296 [1] NCCL INFO transport/net_ib.cc:683 Ib Alloc Size 21688 pointer 0x147824046000
x3004c0s1b0n0:27106:32296 [1] NCCL INFO transport/net_ib.cc:696 Ib Alloc Size 552 pointer 0x14782404d000
x3004c0s1b0n0:27115:32297 [3] NCCL INFO transport/net_ib.cc:596 Ib Alloc Size 26560 pointer 0x147c3406c000
x3004c0s1b0n0:27115:32297 [3] NCCL INFO NET/IB: Dev 0 Port 1 qpn 12916 mtu 5 GID 0 (80FE/EA0100FEFF000000)
x3004c0s1b0n0:27115:32297 [3] NCCL INFO transport/net_ib.cc:653 Ib Alloc Size 552 pointer 0x147c34083000
x3004c0s1b0n0:27115:32297 [3] NCCL INFO transport/net.cc:571 Cuda Host Alloc Size 9641984 pointer 0x147c2ea00000
x3004c0s1b0n0:27104:32221 [0] NCCL INFO Connection to proxy localRank 0 -> connection 0x14fe9c000f40
x3004c0s1b0n0:27104:32221 [0] NCCL INFO Channel 03/0 : 0[7000] -> 2[7000] [send] via NET/IB/1
x3004c0s1b0n0:27106:32296 [1] NCCL INFO transport/net_ib.cc:771 Ib Alloc Size 552 pointer 0x147824068000
x3004c0s1b0n0:27106:32296 [1] NCCL INFO transport/net.cc:698 Cuda Host Alloc Size 9641984 pointer 0x147816000000
x3004c0s1b0n0:27112:32236 [2] NCCL INFO Connection to proxy localRank 1 -> connection 0x14764c000e80
x3004c0s1b0n0:27112:32236 [2] NCCL INFO Channel 02/0 : 6[7000] -> 1[85000] [receive] via NET/IB/0
x3004c0s1b0n0:27112:32236 [2] NCCL INFO GPU Direct RDMA Disabled for GPU 85000 / HCA 1 (distance 7 > 4)
x3004c0s1b0n0:27106:32296 [1] NCCL INFO transport/net_ib.cc:683 Ib Alloc Size 21688 pointer 0x14782406a000
x3004c0s1b0n0:27106:32296 [1] NCCL INFO transport/net_ib.cc:696 Ib Alloc Size 552 pointer 0x147824071000
x3004c0s1b0n0:27115:32231 [3] NCCL INFO Connected all rings
x3004c0s1b0n0:27115:32231 [3] NCCL INFO GPU Direct RDMA Disabled for GPU c7000 / HCA 1 (distance 7 > 4)
x3004c0s1b0n0:27115:32297 [3] NCCL INFO New proxy recv connection 8 from local rank 1, transport 2
x3004c0s1b0n0:27106:32296 [1] NCCL INFO transport/net_ib.cc:771 Ib Alloc Size 552 pointer 0x14782408c000
x3004c0s1b0n0:27106:32296 [1] NCCL INFO transport/net.cc:698 Cuda Host Alloc Size 9641984 pointer 0x147816a00000
x3004c0s1b0n0:27112:32295 [2] NCCL INFO New proxy recv connection 9 from local rank 1, transport 2
x3004c0s1b0n0:27106:32296 [1] NCCL INFO transport/net_ib.cc:683 Ib Alloc Size 21688 pointer 0x14782408e000
x3004c0s1b0n0:27106:32296 [1] NCCL INFO transport/net_ib.cc:696 Ib Alloc Size 552 pointer 0x147824095000
x3004c0s1b0n0:27106:32296 [1] NCCL INFO transport/net_ib.cc:771 Ib Alloc Size 552 pointer 0x1478240b0000
x3004c0s1b0n0:27106:32296 [1] NCCL INFO transport/net.cc:698 Cuda Host Alloc Size 9641984 pointer 0x147817400000
x3004c0s1b0n0:27106:32219 [1] NCCL INFO Connected all rings
x3004c0s1b0n0:27106:32219 [1] NCCL INFO GPU Direct RDMA Disabled for GPU 46000 / HCA 1 (distance 6 > 4)
x3004c0s1b0n0:27115:32231 [3] NCCL INFO Connection to proxy localRank 1 -> connection 0x147c34000e80
x3004c0s1b0n0:27106:32296 [1] NCCL INFO New proxy recv connection 8 from local rank 0, transport 2
x3004c0s1b0n0:27112:32236 [2] NCCL INFO Connection to proxy localRank 1 -> connection 0x14764c000ec0
x3004c0s1b0n0:27115:32231 [3] NCCL INFO Channel 02/0 : 6[46000] -> 1[c7000] [receive] via NET/IB/1
x3004c0s1b0n0:27115:32231 [3] NCCL INFO GPU Direct RDMA Disabled for GPU c7000 / HCA 0 (distance 6 > 4)
x3004c0s1b0n0:27115:32297 [3] NCCL INFO New proxy recv connection 9 from local rank 1, transport 2
x3004c0s1b0n0:27106:32219 [1] NCCL INFO Connection to proxy localRank 0 -> connection 0x147824000e80
x3004c0s1b0n0:27106:32219 [1] NCCL INFO Channel 00/0 : 8[46000] -> 0[46000] [receive] via NET/IB/1
x3004c0s1b0n0:27106:32219 [1] NCCL INFO GPU Direct RDMA Disabled for GPU 46000 / HCA 0 (distance 7 > 4)
x3004c0s1b0n0:27112:32236 [2] NCCL INFO Channel 03/0 : 6[7000] -> 1[85000] [receive] via NET/IB/1
x3004c0s1b0n0:27112:32236 [2] NCCL INFO GPU Direct RDMA Disabled for GPU 85000 / HCA 0 (distance 7 > 4)
x3004c0s1b0n0:27112:32295 [2] NCCL INFO New proxy send connection 10 from local rank 1, transport 2
x3004c0s1b0n0:27115:32231 [3] NCCL INFO Connection to proxy localRank 1 -> connection 0x147c34000ec0
x3004c0s1b0n0:27106:32296 [1] NCCL INFO New proxy recv connection 9 from local rank 0, transport 2
x3004c0s1b0n0:27112:32236 [2] NCCL INFO Connection to proxy localRank 1 -> connection 0x14764c000f00
x3004c0s1b0n0:27112:32236 [2] NCCL INFO Channel 02/0 : 1[85000] -> 6[7000] [send] via NET/IB/0
x3004c0s1b0n0:27112:32236 [2] NCCL INFO GPU Direct RDMA Disabled for GPU 85000 / HCA 1 (distance 7 > 4)
x3004c0s1b0n0:27112:32295 [2] NCCL INFO New proxy send connection 11 from local rank 1, transport 2
x3004c0s1b0n0:27115:32231 [3] NCCL INFO Channel 03/0 : 6[46000] -> 1[c7000] [receive] via NET/IB/0
x3004c0s1b0n0:27115:32231 [3] NCCL INFO GPU Direct RDMA Disabled for GPU c7000 / HCA 1 (distance 7 > 4)
x3004c0s1b0n0:27106:32219 [1] NCCL INFO Connection to proxy localRank 0 -> connection 0x147824000ec0
x3004c0s1b0n0:27112:32236 [2] NCCL INFO Connection to proxy localRank 1 -> connection 0x14764c000f40
x3004c0s1b0n0:27112:32236 [2] NCCL INFO Channel 03/0 : 1[85000] -> 6[7000] [send] via NET/IB/1
x3004c0s1b0n0:27115:32297 [3] NCCL INFO New proxy send connection 10 from local rank 1, transport 2
x3004c0s1b0n0:27115:32231 [3] NCCL INFO Connection to proxy localRank 1 -> connection 0x147c34000f00
x3004c0s1b0n0:27115:32231 [3] NCCL INFO Channel 02/0 : 1[c7000] -> 6[46000] [send] via NET/IB/1
x3004c0s1b0n0:27115:32231 [3] NCCL INFO GPU Direct RDMA Disabled for GPU c7000 / HCA 0 (distance 6 > 4)
x3004c0s1b0n0:27115:32297 [3] NCCL INFO New proxy send connection 11 from local rank 1, transport 2
x3004c0s1b0n0:27106:32219 [1] NCCL INFO Channel 01/0 : 8[46000] -> 0[46000] [receive] via NET/IB/0
x3004c0s1b0n0:27106:32219 [1] NCCL INFO GPU Direct RDMA Disabled for GPU 46000 / HCA 1 (distance 6 > 4)
x3004c0s1b0n0:27104:32294 [0] NCCL INFO transport/net_ib.cc:596 Ib Alloc Size 26560 pointer 0x14fe9c0c6000
x3004c0s1b0n0:27104:32294 [0] NCCL INFO NET/IB: Dev 0 Port 1 qpn 12921 mtu 5 GID 0 (80FE/EA0100FEFF000000)
x3004c0s1b0n0:27104:32294 [0] NCCL INFO transport/net_ib.cc:653 Ib Alloc Size 552 pointer 0x14fe9c0dd000
x3004c0s1b0n0:27104:32294 [0] NCCL INFO transport/net.cc:571 Cuda Host Alloc Size 9641984 pointer 0x14fe90a00000
x3004c0s1b0n0:27104:32294 [0] NCCL INFO Mem Realloc old size 768, new size 1536 pointer 0x14fe9c0d2170
x3004c0s1b0n0:27104:32294 [0] NCCL INFO transport/net_ib.cc:596 Ib Alloc Size 26560 pointer 0x14fe9c0df000
x3004c0s1b0n0:27115:32231 [3] NCCL INFO Connection to proxy localRank 1 -> connection 0x147c34000f40
x3004c0s1b0n0:27115:32231 [3] NCCL INFO Channel 03/0 : 1[c7000] -> 6[46000] [send] via NET/IB/0
x3004c0s1b0n0:27106:32296 [1] NCCL INFO New proxy send connection 10 from local rank 0, transport 2
x3004c0s1b0n0:27104:32294 [0] NCCL INFO NET/IB: Dev 1 Port 1 qpn 12302 mtu 5 GID 0 (80FE/AF0100FEFF000000)
x3004c0s1b0n0:27104:32294 [0] NCCL INFO transport/net_ib.cc:653 Ib Alloc Size 552 pointer 0x14fe9c0f6000
x3004c0s1b0n0:27104:32294 [0] NCCL INFO transport/net.cc:571 Cuda Host Alloc Size 9641984 pointer 0x14fe91400000
x3004c0s1b0n0:27106:32219 [1] NCCL INFO Connection to proxy localRank 0 -> connection 0x147824000f00
x3004c0s1b0n0:27106:32219 [1] NCCL INFO Channel 02/0 : 0[46000] -> 2[46000] [send] via NET/IB/1
x3004c0s1b0n0:27106:32219 [1] NCCL INFO GPU Direct RDMA Disabled for GPU 46000 / HCA 0 (distance 7 > 4)
x3004c0s1b0n0:27106:32296 [1] NCCL INFO New proxy send connection 11 from local rank 0, transport 2
x3004c0s1b0n0:27104:32294 [0] NCCL INFO Mem Realloc old size 768, new size 1536 pointer 0x14fe9c0eb4a0
x3004c0s1b0n0:27106:32219 [1] NCCL INFO Connection to proxy localRank 0 -> connection 0x147824000f40
x3004c0s1b0n0:27106:32219 [1] NCCL INFO Channel 03/0 : 0[46000] -> 2[46000] [send] via NET/IB/0
x3004c0s1b0n0:27106:32296 [1] NCCL INFO transport/net_ib.cc:596 Ib Alloc Size 26560 pointer 0x1478240c6000
x3004c0s1b0n0:27106:32296 [1] NCCL INFO NET/IB: Dev 1 Port 1 qpn 12303 mtu 5 GID 0 (80FE/AF0100FEFF000000)
x3004c0s1b0n0:27106:32296 [1] NCCL INFO transport/net_ib.cc:653 Ib Alloc Size 552 pointer 0x1478240dd000
x3004c0s1b0n0:27104:32294 [0] NCCL INFO transport/net_ib.cc:683 Ib Alloc Size 21688 pointer 0x14fe9c0f8000
x3004c0s1b0n0:27106:32296 [1] NCCL INFO transport/net.cc:571 Cuda Host Alloc Size 9641984 pointer 0x147814000000
x3004c0s1b0n0:27106:32296 [1] NCCL INFO Mem Realloc old size 768, new size 1536 pointer 0x1478240d2270
x3004c0s1b0n0:27104:32294 [0] NCCL INFO transport/net_ib.cc:696 Ib Alloc Size 552 pointer 0x14fe9c0ff000
x3004c0s1b0n0:27106:32296 [1] NCCL INFO transport/net_ib.cc:596 Ib Alloc Size 26560 pointer 0x1478240df000
x3004c0s1b0n0:27106:32296 [1] NCCL INFO NET/IB: Dev 0 Port 1 qpn 12922 mtu 5 GID 0 (80FE/EA0100FEFF000000)
x3004c0s1b0n0:27106:32296 [1] NCCL INFO transport/net_ib.cc:653 Ib Alloc Size 552 pointer 0x1478240f6000
x3004c0s1b0n0:27106:32296 [1] NCCL INFO transport/net.cc:571 Cuda Host Alloc Size 9641984 pointer 0x147814a00000
x3004c0s1b0n0:27106:32296 [1] NCCL INFO transport/net_ib.cc:683 Ib Alloc Size 21688 pointer 0x1478240f8000
x3004c0s1b0n0:27104:32294 [0] NCCL INFO transport/net_ib.cc:771 Ib Alloc Size 552 pointer 0x14fe9c11a000
x3004c0s1b0n0:27104:32294 [0] NCCL INFO transport/net.cc:698 Cuda Host Alloc Size 9641984 pointer 0x14fe8e000000
x3004c0s1b0n0:27104:32294 [0] NCCL INFO transport/net_ib.cc:683 Ib Alloc Size 21688 pointer 0x14fe9c11c000
x3004c0s1b0n0:27104:32294 [0] NCCL INFO transport/net_ib.cc:696 Ib Alloc Size 552 pointer 0x14fe9c123000
x3004c0s1b0n0:27104:32294 [0] NCCL INFO transport/net_ib.cc:771 Ib Alloc Size 552 pointer 0x14fe9c13e000
x3004c0s1b0n0:27104:32294 [0] NCCL INFO transport/net.cc:698 Cuda Host Alloc Size 9641984 pointer 0x14fe8ea00000
x3004c0s1b0n0:27106:32296 [1] NCCL INFO transport/net_ib.cc:696 Ib Alloc Size 552 pointer 0x1478240ff000
x3004c0s1b0n0:27106:32296 [1] NCCL INFO transport/net_ib.cc:771 Ib Alloc Size 552 pointer 0x14782411a000
x3004c0s1b0n0:27106:32296 [1] NCCL INFO transport/net.cc:698 Cuda Host Alloc Size 9641984 pointer 0x147815400000
x3004c0s1b0n0:27104:32221 [0] NCCL INFO GPU Direct RDMA Disabled for GPU 7000 / HCA 0 (distance 7 > 4)
x3004c0s1b0n0:27104:32294 [0] NCCL INFO New proxy recv connection 12 from local rank 0, transport 2
x3004c0s1b0n0:27106:32296 [1] NCCL INFO transport/net_ib.cc:683 Ib Alloc Size 21688 pointer 0x14782411c000
x3004c0s1b0n0:27106:32296 [1] NCCL INFO transport/net_ib.cc:696 Ib Alloc Size 552 pointer 0x147824123000
x3004c0s1b0n0:27106:32296 [1] NCCL INFO transport/net_ib.cc:771 Ib Alloc Size 552 pointer 0x14782413e000
x3004c0s1b0n0:27106:32296 [1] NCCL INFO transport/net.cc:698 Cuda Host Alloc Size 9641984 pointer 0x147812000000
x3004c0s1b0n0:27106:32219 [1] NCCL INFO GPU Direct RDMA Disabled for GPU 46000 / HCA 1 (distance 6 > 4)
x3004c0s1b0n0:27104:32221 [0] NCCL INFO Connection to proxy localRank 0 -> connection 0x14fe9c000f80
x3004c0s1b0n0:27106:32296 [1] NCCL INFO New proxy recv connection 12 from local rank 0, transport 2
x3004c0s1b0n0:27104:32221 [0] NCCL INFO Channel 02/0 : 2[7000] -> 0[7000] [receive] via NET/IB/0
x3004c0s1b0n0:27104:32221 [0] NCCL INFO GPU Direct RDMA Disabled for GPU 7000 / HCA 1 (distance 7 > 4)
x3004c0s1b0n0:27104:32294 [0] NCCL INFO New proxy recv connection 13 from local rank 0, transport 2
x3004c0s1b0n0:27106:32219 [1] NCCL INFO Connection to proxy localRank 0 -> connection 0x147824000f80
x3004c0s1b0n0:27106:32219 [1] NCCL INFO Channel 02/0 : 2[46000] -> 0[46000] [receive] via NET/IB/1
x3004c0s1b0n0:27106:32219 [1] NCCL INFO GPU Direct RDMA Disabled for GPU 46000 / HCA 0 (distance 7 > 4)
x3004c0s1b0n0:27106:32296 [1] NCCL INFO New proxy recv connection 13 from local rank 0, transport 2
x3004c0s1b0n0:27104:32221 [0] NCCL INFO Connection to proxy localRank 0 -> connection 0x14fe9c000fc0
x3004c0s1b0n0:27106:32219 [1] NCCL INFO Connection to proxy localRank 0 -> connection 0x147824000fc0
x3004c0s1b0n0:27104:32221 [0] NCCL INFO Channel 03/0 : 2[7000] -> 0[7000] [receive] via NET/IB/1
x3004c0s1b0n0:27104:32221 [0] NCCL INFO GPU Direct RDMA Disabled for GPU 7000 / HCA 0 (distance 7 > 4)
x3004c0s1b0n0:27104:32294 [0] NCCL INFO New proxy send connection 14 from local rank 0, transport 2
x3004c0s1b0n0:27106:32219 [1] NCCL INFO Channel 03/0 : 2[46000] -> 0[46000] [receive] via NET/IB/0
x3004c0s1b0n0:27106:32219 [1] NCCL INFO GPU Direct RDMA Disabled for GPU 46000 / HCA 1 (distance 6 > 4)
x3004c0s1b0n0:27106:32296 [1] NCCL INFO New proxy send connection 14 from local rank 0, transport 2
x3004c0s1b0n0:27104:32221 [0] NCCL INFO Connection to proxy localRank 0 -> connection 0x14fe9c001000
x3004c0s1b0n0:27104:32221 [0] NCCL INFO Channel 00/0 : 0[7000] -> 8[7000] [send] via NET/IB/0
x3004c0s1b0n0:27104:32221 [0] NCCL INFO GPU Direct RDMA Disabled for GPU 7000 / HCA 1 (distance 7 > 4)
x3004c0s1b0n0:27104:32294 [0] NCCL INFO New proxy send connection 15 from local rank 0, transport 2
x3004c0s1b0n0:27106:32219 [1] NCCL INFO Connection to proxy localRank 0 -> connection 0x147824001000
x3004c0s1b0n0:27106:32219 [1] NCCL INFO Channel 00/0 : 0[46000] -> 8[46000] [send] via NET/IB/1
x3004c0s1b0n0:27106:32219 [1] NCCL INFO GPU Direct RDMA Disabled for GPU 46000 / HCA 0 (distance 7 > 4)
x3004c0s1b0n0:27106:32296 [1] NCCL INFO New proxy send connection 15 from local rank 0, transport 2
x3004c0s1b0n0:27104:32221 [0] NCCL INFO Connection to proxy localRank 0 -> connection 0x14fe9c001040
x3004c0s1b0n0:27104:32221 [0] NCCL INFO Channel 01/0 : 0[7000] -> 8[7000] [send] via NET/IB/1
x3004c0s1b0n0:27106:32219 [1] NCCL INFO Connection to proxy localRank 0 -> connection 0x147824001040
x3004c0s1b0n0:27106:32219 [1] NCCL INFO Channel 01/0 : 0[46000] -> 8[46000] [send] via NET/IB/0
x3004c0s1b0n0:27112:32295 [2] NCCL INFO transport/net_ib.cc:596 Ib Alloc Size 26560 pointer 0x14764c0ad000
x3004c0s1b0n0:27112:32295 [2] NCCL INFO NET/IB: Dev 0 Port 1 qpn 12927 mtu 5 GID 0 (80FE/EA0100FEFF000000)
x3004c0s1b0n0:27112:32295 [2] NCCL INFO transport/net_ib.cc:653 Ib Alloc Size 552 pointer 0x14764c0c4000
x3004c0s1b0n0:27112:32295 [2] NCCL INFO transport/net.cc:571 Cuda Host Alloc Size 9641984 pointer 0x147642000000
x3004c0s1b0n0:27112:32295 [2] NCCL INFO transport/net_ib.cc:596 Ib Alloc Size 26560 pointer 0x14764c0c6000
x3004c0s1b0n0:27112:32295 [2] NCCL INFO NET/IB: Dev 1 Port 1 qpn 12308 mtu 5 GID 0 (80FE/AF0100FEFF000000)
x3004c0s1b0n0:27112:32295 [2] NCCL INFO transport/net_ib.cc:653 Ib Alloc Size 552 pointer 0x14764c0dd000
x3004c0s1b0n0:27112:32295 [2] NCCL INFO transport/net.cc:571 Cuda Host Alloc Size 9641984 pointer 0x147642a00000
x3004c0s1b0n0:27112:32295 [2] NCCL INFO transport/net_ib.cc:683 Ib Alloc Size 21688 pointer 0x14764c0df000
x3004c0s1b0n0:27112:32295 [2] NCCL INFO transport/net_ib.cc:696 Ib Alloc Size 552 pointer 0x14764c0e6000
x3004c0s1b0n0:27112:32295 [2] NCCL INFO transport/net_ib.cc:771 Ib Alloc Size 552 pointer 0x14764c102000
x3004c0s1b0n0:27112:32295 [2] NCCL INFO transport/net.cc:698 Cuda Host Alloc Size 9641984 pointer 0x147643400000
x3004c0s1b0n0:27112:32295 [2] NCCL INFO transport/net_ib.cc:683 Ib Alloc Size 21688 pointer 0x14764c104000
x3004c0s1b0n0:27112:32295 [2] NCCL INFO transport/net_ib.cc:696 Ib Alloc Size 552 pointer 0x14764c10b000
x3004c0s1b0n0:27112:32295 [2] NCCL INFO transport/net_ib.cc:771 Ib Alloc Size 552 pointer 0x14764c126000
x3004c0s1b0n0:27112:32295 [2] NCCL INFO transport/net.cc:698 Cuda Host Alloc Size 9641984 pointer 0x147640000000
x3004c0s1b0n0:27115:32297 [3] NCCL INFO transport/net_ib.cc:596 Ib Alloc Size 26560 pointer 0x147c34099000
x3004c0s1b0n0:27115:32297 [3] NCCL INFO NET/IB: Dev 1 Port 1 qpn 12311 mtu 5 GID 0 (80FE/AF0100FEFF000000)
x3004c0s1b0n0:27115:32297 [3] NCCL INFO transport/net_ib.cc:653 Ib Alloc Size 552 pointer 0x147c340b0000
x3004c0s1b0n0:27115:32297 [3] NCCL INFO transport/net.cc:571 Cuda Host Alloc Size 9641984 pointer 0x147c2cc00000
x3004c0s1b0n0:27112:32236 [2] NCCL INFO Channel 00/0 : 1[85000] -> 0[7000] via P2P/IPC/read
x3004c0s1b0n0:27104:32294 [0] NCCL INFO transport/net_ib.cc:596 Ib Alloc Size 26560 pointer 0x14fe9c154000
x3004c0s1b0n0:27104:32294 [0] NCCL INFO NET/IB: Dev 0 Port 1 qpn 12930 mtu 5 GID 0 (80FE/EA0100FEFF000000)
x3004c0s1b0n0:27104:32294 [0] NCCL INFO transport/net_ib.cc:653 Ib Alloc Size 552 pointer 0x14fe9c16b000
x3004c0s1b0n0:27104:32294 [0] NCCL INFO transport/net.cc:571 Cuda Host Alloc Size 9641984 pointer 0x14fe8f400000
x3004c0s1b0n0:27112:32295 [2] NCCL INFO New proxy send connection 12 from local rank 1, transport 0
x3004c0s1b0n0:27104:32294 [0] NCCL INFO transport/net_ib.cc:596 Ib Alloc Size 26560 pointer 0x14fe9c16d000
x3004c0s1b0n0:27115:32297 [3] NCCL INFO transport/net_ib.cc:596 Ib Alloc Size 26560 pointer 0x147c340b2000
x3004c0s1b0n0:27112:32236 [2] NCCL INFO Connection to proxy localRank 1 -> connection 0x14764c000f80
x3004c0s1b0n0:27115:32297 [3] NCCL INFO NET/IB: Dev 0 Port 1 qpn 12931 mtu 5 GID 0 (80FE/EA0100FEFF000000)
x3004c0s1b0n0:27115:32297 [3] NCCL INFO transport/net_ib.cc:653 Ib Alloc Size 552 pointer 0x147c340c9000
x3004c0s1b0n0:27115:32297 [3] NCCL INFO transport/net.cc:571 Cuda Host Alloc Size 9641984 pointer 0x147c2d600000
x3004c0s1b0n0:27112:32295 [2] NCCL INFO transport/p2p.cc:430 Cuda Alloc Size 6291456 pointer 0x147640a00000
x3004c0s1b0n0:27104:32294 [0] NCCL INFO NET/IB: Dev 1 Port 1 qpn 12312 mtu 5 GID 0 (80FE/AF0100FEFF000000)
x3004c0s1b0n0:27104:32294 [0] NCCL INFO transport/net_ib.cc:653 Ib Alloc Size 552 pointer 0x14fe9c184000
x3004c0s1b0n0:27104:32294 [0] NCCL INFO transport/net.cc:571 Cuda Host Alloc Size 9641984 pointer 0x14fe8c000000
x3004c0s1b0n0:27104:32294 [0] NCCL INFO transport/net_ib.cc:683 Ib Alloc Size 21688 pointer 0x14fe9c186000
x3004c0s1b0n0:27104:32294 [0] NCCL INFO transport/net_ib.cc:696 Ib Alloc Size 552 pointer 0x14fe9c18d000
x3004c0s1b0n0:27104:32294 [0] NCCL INFO transport/net_ib.cc:771 Ib Alloc Size 552 pointer 0x14fe9c1a8000
x3004c0s1b0n0:27104:32294 [0] NCCL INFO transport/net.cc:698 Cuda Host Alloc Size 9641984 pointer 0x14fe8ca00000
x3004c0s1b0n0:27106:32296 [1] NCCL INFO transport/net_ib.cc:596 Ib Alloc Size 26560 pointer 0x147824154000
x3004c0s1b0n0:27106:32296 [1] NCCL INFO NET/IB: Dev 1 Port 1 qpn 12313 mtu 5 GID 0 (80FE/AF0100FEFF000000)
x3004c0s1b0n0:27106:32296 [1] NCCL INFO transport/net_ib.cc:653 Ib Alloc Size 552 pointer 0x14782416b000
x3004c0s1b0n0:27106:32296 [1] NCCL INFO transport/net.cc:571 Cuda Host Alloc Size 9641984 pointer 0x147812a00000
x3004c0s1b0n0:27115:32297 [3] NCCL INFO transport/net_ib.cc:683 Ib Alloc Size 21688 pointer 0x147c340cb000
x3004c0s1b0n0:27115:32297 [3] NCCL INFO transport/net_ib.cc:696 Ib Alloc Size 552 pointer 0x147c340d2000
x3004c0s1b0n0:27112:32236 [2] NCCL INFO Channel 01/0 : 1[85000] -> 0[7000] via P2P/IPC/read
x3004c0s1b0n0:27112:32295 [2] NCCL INFO New proxy send connection 13 from local rank 1, transport 0
x3004c0s1b0n0:27115:32297 [3] NCCL INFO transport/net_ib.cc:771 Ib Alloc Size 552 pointer 0x147c340ee000
x3004c0s1b0n0:27106:32296 [1] NCCL INFO transport/net_ib.cc:596 Ib Alloc Size 26560 pointer 0x14782416d000
x3004c0s1b0n0:27115:32297 [3] NCCL INFO transport/net.cc:698 Cuda Host Alloc Size 9641984 pointer 0x147c2a000000
x3004c0s1b0n0:27106:32296 [1] NCCL INFO NET/IB: Dev 0 Port 1 qpn 12934 mtu 5 GID 0 (80FE/EA0100FEFF000000)
x3004c0s1b0n0:27106:32296 [1] NCCL INFO transport/net_ib.cc:653 Ib Alloc Size 552 pointer 0x147824184000
x3004c0s1b0n0:27106:32296 [1] NCCL INFO transport/net.cc:571 Cuda Host Alloc Size 9641984 pointer 0x147813400000
x3004c0s1b0n0:27104:32294 [0] NCCL INFO transport/net_ib.cc:683 Ib Alloc Size 21688 pointer 0x14fe9c1aa000
x3004c0s1b0n0:27104:32294 [0] NCCL INFO transport/net_ib.cc:696 Ib Alloc Size 552 pointer 0x14fe9c1b1000
x3004c0s1b0n0:27115:32297 [3] NCCL INFO transport/net_ib.cc:683 Ib Alloc Size 21688 pointer 0x147c340f0000
x3004c0s1b0n0:27115:32297 [3] NCCL INFO transport/net_ib.cc:696 Ib Alloc Size 552 pointer 0x147c340f7000
x3004c0s1b0n0:27115:32297 [3] NCCL INFO transport/net_ib.cc:771 Ib Alloc Size 552 pointer 0x147c34112000
x3004c0s1b0n0:27115:32297 [3] NCCL INFO transport/net.cc:698 Cuda Host Alloc Size 9641984 pointer 0x147c2aa00000
x3004c0s1b0n0:27115:32231 [3] NCCL INFO Channel 00/0 : 1[c7000] -> 0[46000] via P2P/IPC/read
x3004c0s1b0n0:27104:32294 [0] NCCL INFO transport/net_ib.cc:771 Ib Alloc Size 552 pointer 0x14fe9c1cc000
x3004c0s1b0n0:27104:32294 [0] NCCL INFO transport/net.cc:698 Cuda Host Alloc Size 9641984 pointer 0x14fe8d400000
x3004c0s1b0n0:27112:32236 [2] NCCL INFO Connection to proxy localRank 1 -> connection 0x14764c000fc0
x3004c0s1b0n0:27112:32295 [2] NCCL INFO transport/p2p.cc:430 Cuda Alloc Size 6291456 pointer 0x147641000000
x3004c0s1b0n0:27104:32294 [0] NCCL INFO New proxy recv connection 16 from local rank 0, transport 0
x3004c0s1b0n0:27106:32296 [1] NCCL INFO transport/net_ib.cc:683 Ib Alloc Size 21688 pointer 0x147824186000
x3004c0s1b0n0:27106:32296 [1] NCCL INFO transport/net_ib.cc:696 Ib Alloc Size 552 pointer 0x14782418d000
x3004c0s1b0n0:27115:32297 [3] NCCL INFO New proxy send connection 12 from local rank 1, transport 0
x3004c0s1b0n0:27112:32236 [2] NCCL INFO Channel 02/0 : 1[85000] -> 0[7000] via P2P/IPC/read
x3004c0s1b0n0:27112:32295 [2] NCCL INFO New proxy send connection 14 from local rank 1, transport 0
x3004c0s1b0n0:27106:32296 [1] NCCL INFO transport/net_ib.cc:771 Ib Alloc Size 552 pointer 0x1478241a8000
x3004c0s1b0n0:27106:32296 [1] NCCL INFO transport/net.cc:698 Cuda Host Alloc Size 9641984 pointer 0x147810000000
x3004c0s1b0n0:27115:32231 [3] NCCL INFO Connection to proxy localRank 1 -> connection 0x147c34000f80
x3004c0s1b0n0:27115:32297 [3] NCCL INFO transport/p2p.cc:430 Cuda Alloc Size 6291456 pointer 0x147c2b400000
x3004c0s1b0n0:27112:32236 [2] NCCL INFO Connection to proxy localRank 1 -> connection 0x14764c001000
x3004c0s1b0n0:27112:32295 [2] NCCL INFO transport/p2p.cc:430 Cuda Alloc Size 6291456 pointer 0x147641600000
x3004c0s1b0n0:27104:32221 [0] NCCL INFO Connection to proxy localRank 0 -> connection 0x14fe9c001080
x3004c0s1b0n0:27104:32294 [0] NCCL INFO transport/p2p.cc:449 Cuda Alloc Size 6291456 pointer 0x14fe8a000000
x3004c0s1b0n0:27106:32296 [1] NCCL INFO transport/net_ib.cc:683 Ib Alloc Size 21688 pointer 0x1478241aa000
x3004c0s1b0n0:27106:32296 [1] NCCL INFO transport/net_ib.cc:696 Ib Alloc Size 552 pointer 0x1478241b1000
x3004c0s1b0n0:27115:32231 [3] NCCL INFO Channel 01/0 : 1[c7000] -> 0[46000] via P2P/IPC/read
x3004c0s1b0n0:27115:32297 [3] NCCL INFO New proxy send connection 13 from local rank 1, transport 0
x3004c0s1b0n0:27112:32236 [2] NCCL INFO Channel 03/0 : 1[85000] -> 0[7000] via P2P/IPC/read
x3004c0s1b0n0:27106:32296 [1] NCCL INFO transport/net_ib.cc:771 Ib Alloc Size 552 pointer 0x1478241cc000
x3004c0s1b0n0:27106:32296 [1] NCCL INFO transport/net.cc:698 Cuda Host Alloc Size 9641984 pointer 0x147810a00000
x3004c0s1b0n0:27112:32295 [2] NCCL INFO New proxy send connection 15 from local rank 1, transport 0
x3004c0s1b0n0:27104:32294 [0] NCCL INFO New proxy recv connection 17 from local rank 0, transport 0
x3004c0s1b0n0:27115:32231 [3] NCCL INFO Connection to proxy localRank 1 -> connection 0x147c34000fc0
x3004c0s1b0n0:27115:32297 [3] NCCL INFO transport/p2p.cc:430 Cuda Alloc Size 6291456 pointer 0x147c2ba00000
x3004c0s1b0n0:27115:32231 [3] NCCL INFO Channel 02/0 : 1[c7000] -> 0[46000] via P2P/IPC/read
x3004c0s1b0n0:27112:32236 [2] NCCL INFO Connection to proxy localRank 1 -> connection 0x14764c001040
x3004c0s1b0n0:27112:32295 [2] NCCL INFO transport/p2p.cc:430 Cuda Alloc Size 6291456 pointer 0x14763e000000
x3004c0s1b0n0:27104:32221 [0] NCCL INFO Connection to proxy localRank 0 -> connection 0x14fe9c0010c0
x3004c0s1b0n0:27104:32294 [0] NCCL INFO transport/p2p.cc:449 Cuda Alloc Size 6291456 pointer 0x14fe8a600000
x3004c0s1b0n0:27115:32297 [3] NCCL INFO New proxy send connection 14 from local rank 1, transport 0
x3004c0s1b0n0:27106:32296 [1] NCCL INFO New proxy recv connection 16 from local rank 0, transport 0
x3004c0s1b0n0:27115:32231 [3] NCCL INFO Connection to proxy localRank 1 -> connection 0x147c34001000
x3004c0s1b0n0:27115:32297 [3] NCCL INFO transport/p2p.cc:430 Cuda Alloc Size 6291456 pointer 0x147c28000000
x3004c0s1b0n0:27115:32231 [3] NCCL INFO Channel 03/0 : 1[c7000] -> 0[46000] via P2P/IPC/read
x3004c0s1b0n0:27106:32219 [1] NCCL INFO Connection to proxy localRank 0 -> connection 0x147824001080
x3004c0s1b0n0:27106:32296 [1] NCCL INFO transport/p2p.cc:449 Cuda Alloc Size 6291456 pointer 0x147811400000
x3004c0s1b0n0:27104:32294 [0] NCCL INFO New proxy recv connection 18 from local rank 0, transport 0
x3004c0s1b0n0:27115:32297 [3] NCCL INFO New proxy send connection 15 from local rank 1, transport 0
x3004c0s1b0n0:27106:32296 [1] NCCL INFO New proxy recv connection 17 from local rank 0, transport 0
x3004c0s1b0n0:27104:32221 [0] NCCL INFO Connection to proxy localRank 0 -> connection 0x14fe9c001100
x3004c0s1b0n0:27104:32294 [0] NCCL INFO transport/p2p.cc:449 Cuda Alloc Size 6291456 pointer 0x14fe8ac00000
x3004c0s1b0n0:27115:32231 [3] NCCL INFO Connection to proxy localRank 1 -> connection 0x147c34001040
x3004c0s1b0n0:27115:32297 [3] NCCL INFO transport/p2p.cc:430 Cuda Alloc Size 6291456 pointer 0x147c28600000
x3004c0s1b0n0:27106:32219 [1] NCCL INFO Connection to proxy localRank 0 -> connection 0x1478240010c0
x3004c0s1b0n0:27106:32296 [1] NCCL INFO transport/p2p.cc:449 Cuda Alloc Size 6291456 pointer 0x147811a00000
x3004c0s1b0n0:27104:32294 [0] NCCL INFO New proxy recv connection 19 from local rank 0, transport 0
x3004c0s1b0n0:27104:32221 [0] NCCL INFO Connection to proxy localRank 0 -> connection 0x14fe9c001140
x3004c0s1b0n0:27106:32296 [1] NCCL INFO New proxy recv connection 18 from local rank 0, transport 0
x3004c0s1b0n0:27104:32294 [0] NCCL INFO transport/p2p.cc:449 Cuda Alloc Size 6291456 pointer 0x14fe8b200000
x3004c0s1b0n0:27106:32219 [1] NCCL INFO Connection to proxy localRank 0 -> connection 0x147824001100
x3004c0s1b0n0:27106:32296 [1] NCCL INFO transport/p2p.cc:449 Cuda Alloc Size 6291456 pointer 0x14780e000000
x3004c0s1b0n0:27104:32221 [0] NCCL INFO Connected all trees by HAO
x3004c0s1b0n0:27104:32221 [0] NCCL INFO Latency/AlgBw |    Tree/    LL |    Tree/ LL128 |    Tree/Simple |    Ring/    LL |    Ring/ LL128 |    Ring/Simple | CollNetDirect/    LL | CollNetDirect/ LL128 | CollNetDirect/Simple | CollNetChain/    LL | CollNetChain/ LL128 | CollNetChain/Simple |
x3004c0s1b0n0:27104:32221 [0] NCCL INFO  Max NThreads |            512 |            640 |            512 |            512 |            640 |            512 |              0 |              0 |            512 |              0 |              0 |            512 |
x3004c0s1b0n0:27104:32221 [0] NCCL INFO     Broadcast |     0.0/   0.0 |     0.0/   0.0 |     0.0/   0.0 |     6.3/   6.0 |    14.0/   0.0 |    18.0/  24.0 |     0.0/   0.0 |     0.0/   0.0 |     0.0/   0.0 |     0.0/   0.0 |     0.0/   0.0 |     0.0/   0.0 |
x3004c0s1b0n0:27104:32221 [0] NCCL INFO        Reduce |     0.0/   0.0 |     0.0/   0.0 |     0.0/   0.0 |     6.3/   6.0 |    14.0/   0.0 |    18.0/  24.0 |     0.0/   0.0 |     0.0/   0.0 |     0.0/   0.0 |     0.0/   0.0 |     0.0/   0.0 |     0.0/   0.0 |
x3004c0s1b0n0:27104:32221 [0] NCCL INFO     AllGather |     0.0/   0.0 |     0.0/   0.0 |     0.0/   0.0 |    18.6/   6.7 |    35.5/   0.0 |    63.8/  26.7 |     0.0/   0.0 |     0.0/   0.0 |     0.0/   0.0 |     0.0/   0.0 |     0.0/   0.0 |     0.0/   0.0 |
x3004c0s1b0n0:27104:32221 [0] NCCL INFO ReduceScatter |     0.0/   0.0 |     0.0/   0.0 |     0.0/   0.0 |    18.6/   6.7 |    35.5/   0.0 |    63.8/  26.7 |     0.0/   0.0 |     0.0/   0.0 |     0.0/   0.0 |     0.0/   0.0 |     0.0/   0.0 |     0.0/   0.0 |
x3004c0s1b0n0:27104:32221 [0] NCCL INFO     AllReduce |    26.3/   2.9 |    40.9/   0.0 |   168.0/  11.0 |    37.4/   3.3 |    65.2/   0.0 |   131.6/  13.3 |     5.4/   0.0 |     5.4/   0.0 |    27.7/   0.0 |     4.4/   0.0 |     4.4/   0.0 |    16.0/   0.0 |
x3004c0s1b0n0:27104:32221 [0] NCCL INFO threadThresholds 8/8/64 | 80/8/64 | 512 | 512
x3004c0s1b0n0:27104:32221 [0] NCCL INFO 4 coll channels, 4 p2p channels, 2 p2p channels per peer
x3004c0s1b0n0:27104:32294 [0] NCCL INFO New proxy send connection 20 from local rank 0, transport 2
x3004c0s1b0n0:27112:32236 [2] NCCL INFO Connected all trees by HAO
x3004c0s1b0n0:27112:32236 [2] NCCL INFO threadThresholds 8/8/64 | 80/8/64 | 512 | 512
x3004c0s1b0n0:27112:32236 [2] NCCL INFO 4 coll channels, 4 p2p channels, 2 p2p channels per peer
x3004c0s1b0n0:27112:32295 [2] NCCL INFO New proxy send connection 16 from local rank 1, transport 2
x3004c0s1b0n0:27106:32296 [1] NCCL INFO New proxy recv connection 19 from local rank 0, transport 0
x3004c0s1b0n0:27112:32236 [2] NCCL INFO Connection to proxy localRank 1 -> connection 0x14764c001080
x3004c0s1b0n0:27112:32295 [2] NCCL INFO transport/net.cc:376 Cuda Alloc Size 8388608 pointer 0x14763c000000
x3004c0s1b0n0:27104:32221 [0] NCCL INFO Connection to proxy localRank 0 -> connection 0x14fe9c001180
x3004c0s1b0n0:27104:32221 [0] NCCL INFO init.cc:367 Cuda Alloc Size 5168 pointer 0x14ff4ba17a00
x3004c0s1b0n0:27112:32236 [2] NCCL INFO init.cc:367 Cuda Alloc Size 5168 pointer 0x1476c7814400
x3004c0s1b0n0:27106:32219 [1] NCCL INFO Connection to proxy localRank 0 -> connection 0x147824001140
x3004c0s1b0n0:27106:32296 [1] NCCL INFO transport/p2p.cc:449 Cuda Alloc Size 6291456 pointer 0x14780e600000
x3004c0s1b0n0:27112:32236 [2] NCCL INFO init.cc:392 Cuda Host Alloc Size 33554432 pointer 0x14763a000000
x3004c0s1b0n0:27112:32236 [2] NCCL INFO init.cc:398 Cuda Host Alloc Size 128 pointer 0x1476c6e00a00
x3004c0s1b0n0:27112:32236 [2] NCCL INFO comm 0x560c4fdc9eb0 rank 1 nranks 10 cudaDev 2 busId 85000 - Init COMPLETE
x3004c0s1b0n0:27104:32221 [0] NCCL INFO init.cc:392 Cuda Host Alloc Size 33554432 pointer 0x14fe86000000
x3004c0s1b0n0:27104:32221 [0] NCCL INFO init.cc:398 Cuda Host Alloc Size 128 pointer 0x14ff4b000e00
x3004c0s1b0n0:27104:32221 [0] NCCL INFO comm 0x55e8a7256cc0 rank 0 nranks 10 cudaDev 0 busId 7000 - Init COMPLETE
x3004c0s1b0n0:27104:32294 [0] NCCL INFO transport/net.cc:376 Cuda Alloc Size 8388608 pointer 0x14fe89200000
x3004c0s1b0n0:27106:32219 [1] NCCL INFO Connected all trees by HAO
x3004c0s1b0n0:27106:32219 [1] NCCL INFO Latency/AlgBw |    Tree/    LL |    Tree/ LL128 |    Tree/Simple |    Ring/    LL |    Ring/ LL128 |    Ring/Simple | CollNetDirect/    LL | CollNetDirect/ LL128 | CollNetDirect/Simple | CollNetChain/    LL | CollNetChain/ LL128 | CollNetChain/Simple |
x3004c0s1b0n0:27106:32219 [1] NCCL INFO  Max NThreads |            512 |            640 |            512 |            512 |            640 |            512 |              0 |              0 |            512 |              0 |              0 |            512 |
x3004c0s1b0n0:27106:32219 [1] NCCL INFO     Broadcast |     0.0/   0.0 |     0.0/   0.0 |     0.0/   0.0 |     6.3/   6.0 |    14.0/   0.0 |    18.0/  24.0 |     0.0/   0.0 |     0.0/   0.0 |     0.0/   0.0 |     0.0/   0.0 |     0.0/   0.0 |     0.0/   0.0 |
x3004c0s1b0n0:27106:32219 [1] NCCL INFO        Reduce |     0.0/   0.0 |     0.0/   0.0 |     0.0/   0.0 |     6.3/   6.0 |    14.0/   0.0 |    18.0/  24.0 |     0.0/   0.0 |     0.0/   0.0 |     0.0/   0.0 |     0.0/   0.0 |     0.0/   0.0 |     0.0/   0.0 |
x3004c0s1b0n0:27106:32219 [1] NCCL INFO     AllGather |     0.0/   0.0 |     0.0/   0.0 |     0.0/   0.0 |    18.6/   6.7 |    35.5/   0.0 |    63.8/  26.7 |     0.0/   0.0 |     0.0/   0.0 |     0.0/   0.0 |     0.0/   0.0 |     0.0/   0.0 |     0.0/   0.0 |
x3004c0s1b0n0:27106:32219 [1] NCCL INFO ReduceScatter |     0.0/   0.0 |     0.0/   0.0 |     0.0/   0.0 |    18.6/   6.7 |    35.5/   0.0 |    63.8/  26.7 |     0.0/   0.0 |     0.0/   0.0 |     0.0/   0.0 |     0.0/   0.0 |     0.0/   0.0 |     0.0/   0.0 |
x3004c0s1b0n0:27106:32219 [1] NCCL INFO     AllReduce |    26.3/   2.9 |    40.9/   0.0 |   168.0/  11.0 |    37.4/   3.3 |    65.2/   0.0 |   131.6/  13.3 |     5.4/   0.0 |     5.4/   0.0 |    27.7/   0.0 |     4.4/   0.0 |     4.4/   0.0 |    16.0/   0.0 |
x3004c0s1b0n0:27106:32219 [1] NCCL INFO threadThresholds 8/8/64 | 80/8/64 | 512 | 512
x3004c0s1b0n0:27106:32219 [1] NCCL INFO 4 coll channels, 4 p2p channels, 2 p2p channels per peer
x3004c0s1b0n0:27115:32231 [3] NCCL INFO Connected all trees by HAO
x3004c0s1b0n0:27115:32231 [3] NCCL INFO threadThresholds 8/8/64 | 80/8/64 | 512 | 512
x3004c0s1b0n0:27115:32231 [3] NCCL INFO 4 coll channels, 4 p2p channels, 2 p2p channels per peer
x3004c0s1b0n0:27115:32297 [3] NCCL INFO New proxy send connection 16 from local rank 1, transport 2
x3004c0s1b0n0:27106:32296 [1] NCCL INFO New proxy send connection 20 from local rank 0, transport 2
[Hao INFO in ncclAllReduce (all_reduce.cc)] rank 0 ncclAllReduce: count: 1, datatype: ncclInt64, message size: 8 Bytes
x3004c0s1b0n0:27104:27104 [0] NCCL INFO AllReduce: opCount 0 sendbuff 0x14ff8b600400 recvbuff 0x14ff8b600400 count 1 datatype 4 op 0 root 0 comm 0x55e8a7256cc0 [nranks=10] stream 0x55e8a5fd27f0
x3004c0s1b0n0:27104:27104 [0] NCCL INFO misc/utils.cc:235 memory stack hunk malloc(65536)

[LYD INFO in ncclAllReduce (all_reduce.cc)] rank 0 AllReduce Time: 0.000052000 seconds

[LYD INFO in getAlgoInfo (enqueue.cc)] algorithm a is: 0

[LYD INFO in getAlgoInfo (enqueue.cc)] algorithm a is: 1

[LYD INFO in getAlgoInfo (enqueue.cc)] rank: 0, Duration between Point 1 and Point 2: 0.000014000 seconds

[LYD INFO in getAlgoInfo (enqueue.cc)] rank 0, Duration between Point 2 and Point 3: 0.000000000 seconds
[LYD INFO in getAlgoInfo (enqueue.cc)] out rank: 0
[LYD INFO in getAlgoInfo (enqueue.cc)] out coll: 4
[LYD INFO in getAlgoInfo (enqueue.cc)] out sendbuff address: 0x14ff8b600400
[LYD INFO in getAlgoInfo (enqueue.cc)] out recvbuff address: 0x14ff8b600400
[LYD INFO in getAlgoInfo (enqueue.cc)] out count: 1
[LYD INFO in getAlgoInfo (enqueue.cc)] out datatype: 4
[LYD INFO in getAlgoInfo (enqueue.cc)] out chunkSteps: 4
[LYD INFO in getAlgoInfo (enqueue.cc)] out sliceSteps: 2
[LYD INFO in getAlgoInfo (enqueue.cc)] out algorithm: 0
[LYD INFO in getAlgoInfo (enqueue.cc)] out protocol: 0
[LYD INFO in getAlgoInfo (enqueue.cc)] out nChannels: 1
[LYD INFO in getAlgoInfo (enqueue.cc)] out nThreads: 96
[LYD INFO in getAlgoInfo (enqueue.cc)] out nBytes: 8
[LYD INFO in getAlgoInfo (enqueue.cc)] out nstepsPerLoop: 0
[LYD INFO in getAlgoInfo (enqueue.cc)] out nchunksPerLoop: 0
[LYD INFO in getAlgoInfo (enqueue.cc)] out chunkSize: 0
[LYD INFO in ncclLaunchKernel (enqueue.cc)] NCHANNELS is: 4x3004c0s1b0n0:27112:27112 [2] NCCL INFO AllReduce: opCount 0 sendbuff 0x147707600400 recvbuff 0x147707600400 count 1 datatype 4 op 0 root 0 comm 0x560c4fdc9eb0 [nranks=10] stream 0x560c4ce2f470
x3004c0s1b0n0:27112:27112 [2] NCCL INFO misc/utils.cc:235 memory stack hunk malloc(65536)
[LYD INFO in ncclLaunchKernel (enqueue.cc)] NCHANNELS is: 4x3004c0s1b0n0:27115:32231 [3] NCCL INFO Connection to proxy localRank 1 -> connection 0x147c34001080
x3004c0s1b0n0:27115:32297 [3] NCCL INFO transport/net.cc:376 Cuda Alloc Size 8388608 pointer 0x147c26600000
x3004c0s1b0n0:27106:32219 [1] NCCL INFO Connection to proxy localRank 0 -> connection 0x147824001180
x3004c0s1b0n0:27106:32219 [1] NCCL INFO init.cc:367 Cuda Alloc Size 5168 pointer 0x1478efe16a00
x3004c0s1b0n0:27115:32231 [3] NCCL INFO init.cc:367 Cuda Alloc Size 5168 pointer 0x147cab814400
x3004c0s1b0n0:27115:32231 [3] NCCL INFO init.cc:392 Cuda Host Alloc Size 33554432 pointer 0x147c24000000
x3004c0s1b0n0:27115:32231 [3] NCCL INFO init.cc:398 Cuda Host Alloc Size 128 pointer 0x147caae00a00
x3004c0s1b0n0:27115:32231 [3] NCCL INFO comm 0x560018cd4970 rank 1 nranks 10 cudaDev 3 busId c7000 - Init COMPLETE
x3004c0s1b0n0:27115:27115 [3] NCCL INFO AllReduce: opCount 0 sendbuff 0x147ceb600400 recvbuff 0x147ceb600400 count 1 datatype 4 op 0 root 0 comm 0x560018cd4970 [nranks=10] stream 0x560016bffbd0
x3004c0s1b0n0:27115:27115 [3] NCCL INFO misc/utils.cc:235 memory stack hunk malloc(65536)
[LYD INFO in ncclLaunchKernel (enqueue.cc)] NCHANNELS is: 4x3004c0s1b0n0:27106:32219 [1] NCCL INFO init.cc:392 Cuda Host Alloc Size 33554432 pointer 0x14780a000000
x3004c0s1b0n0:27106:32219 [1] NCCL INFO init.cc:398 Cuda Host Alloc Size 128 pointer 0x1478ef400e00
x3004c0s1b0n0:27106:32219 [1] NCCL INFO comm 0x56504d6c60a0 rank 0 nranks 10 cudaDev 1 busId 46000 - Init COMPLETE
x3004c0s1b0n0:27106:32296 [1] NCCL INFO transport/net.cc:376 Cuda Alloc Size 8388608 pointer 0x14780c600000
[Hao INFO in ncclAllReduce (all_reduce.cc)] rank 1 ncclAllReduce: count: 1, datatype: ncclInt64, message size: 8 Bytes
x3004c0s1b0n0:27106:27106 [1] NCCL INFO AllReduce: opCount 0 sendbuff 0x1478ebc00400 recvbuff 0x1478ebc00400 count 1 datatype 4 op 0 root 0 comm 0x56504d6c60a0 [nranks=10] stream 0x56504bd3fca0
x3004c0s1b0n0:27106:27106 [1] NCCL INFO misc/utils.cc:235 memory stack hunk malloc(65536)

[LYD INFO in ncclAllReduce (all_reduce.cc)] rank 0 AllReduce Time: 0.000039000 seconds

[LYD INFO in getAlgoInfo (enqueue.cc)] algorithm a is: 0

[LYD INFO in getAlgoInfo (enqueue.cc)] algorithm a is: 1

[LYD INFO in getAlgoInfo (enqueue.cc)] rank: 0, Duration between Point 1 and Point 2: 0.000013000 seconds

[LYD INFO in getAlgoInfo (enqueue.cc)] rank 0, Duration between Point 2 and Point 3: 0.000000000 seconds
[LYD INFO in getAlgoInfo (enqueue.cc)] out rank: 0
[LYD INFO in getAlgoInfo (enqueue.cc)] out coll: 4
[LYD INFO in getAlgoInfo (enqueue.cc)] out sendbuff address: 0x1478ebc00400
[LYD INFO in getAlgoInfo (enqueue.cc)] out recvbuff address: 0x1478ebc00400
[LYD INFO in getAlgoInfo (enqueue.cc)] out count: 1
[LYD INFO in getAlgoInfo (enqueue.cc)] out datatype: 4
[LYD INFO in getAlgoInfo (enqueue.cc)] out chunkSteps: 4
[LYD INFO in getAlgoInfo (enqueue.cc)] out sliceSteps: 2
[LYD INFO in getAlgoInfo (enqueue.cc)] out algorithm: 0
[LYD INFO in getAlgoInfo (enqueue.cc)] out protocol: 0
[LYD INFO in getAlgoInfo (enqueue.cc)] out nChannels: 1
[LYD INFO in getAlgoInfo (enqueue.cc)] out nThreads: 96
[LYD INFO in getAlgoInfo (enqueue.cc)] out nBytes: 8
[LYD INFO in getAlgoInfo (enqueue.cc)] out nstepsPerLoop: 0
[LYD INFO in getAlgoInfo (enqueue.cc)] out nchunksPerLoop: 0
[LYD INFO in getAlgoInfo (enqueue.cc)] out chunkSize: 0
[LYD INFO in ncclLaunchKernel (enqueue.cc)] NCHANNELS is: 4
[LYD INFO in NCCL_KERN_NAME (common.h)] 1 AllReduce TREE LL Sum int64_t Elapsed time: 1229616 us

[LYD INFO in NCCL_KERN_NAME (common.h)] 0 AllReduce TREE LL Sum int64_t Elapsed time: 1229314 us
 > loading doc-idx mapping from /home/yuke/lyd/Megatron-LM/my-gpt2_text_document_train_indexmap_12800ns_512sl_1234s_doc_idx.npy
 > loading sample-idx mapping from /home/yuke/lyd/Megatron-LM/my-gpt2_text_document_train_indexmap_12800ns_512sl_1234s_sample_idx.npy
 > loading shuffle-idx mapping from /home/yuke/lyd/Megatron-LM/my-gpt2_text_document_train_indexmap_12800ns_512sl_1234s_shuffle_idx.npy
[Hao INFO in ncclAllReduce (all_reduce.cc)] rank 2 ncclAllReduce: count: 1, datatype: ncclInt64, message size: 8 Bytes
x3004c0s1b0n0:27112:27112 [2] NCCL INFO AllReduce: opCount 1 sendbuff 0x147707600400 recvbuff 0x147707600400 count 1 datatype 4 op 0 root 0 comm 0x560c4e3ece00 [nranks=2] stream 0x560c4ce518d0

[LYD INFO in ncclAllReduce (all_reduce.cc)] rank 0 AllReduce Time: 0.000042000 seconds

[LYD INFO in getAlgoInfo (enqueue.cc)] algorithm a is: 0

[LYD INFO in getAlgoInfo (enqueue.cc)] algorithm a is: 1

[LYD INFO in getAlgoInfo (enqueue.cc)] rank: 0, Duration between Point 1 and Point 2: 0.000013000 seconds

[LYD INFO in getAlgoInfo (enqueue.cc)] rank 0, Duration between Point 2 and Point 3: 0.000001000 seconds
[LYD INFO in getAlgoInfo (enqueue.cc)] out rank: 0
[LYD INFO in getAlgoInfo (enqueue.cc)] out coll: 4
[LYD INFO in getAlgoInfo (enqueue.cc)] out sendbuff address: 0x147707600400
[LYD INFO in getAlgoInfo (enqueue.cc)] out recvbuff address: 0x147707600400
[LYD INFO in getAlgoInfo (enqueue.cc)] out count: 1
[LYD INFO in getAlgoInfo (enqueue.cc)] out datatype: 4
[LYD INFO in getAlgoInfo (enqueue.cc)] out chunkSteps: 4
[LYD INFO in getAlgoInfo (enqueue.cc)] out sliceSteps: 2
[LYD INFO in getAlgoInfo (enqueue.cc)] out algorithm: 1
[LYD INFO in getAlgoInfo (enqueue.cc)] out protocol: 0
[LYD INFO in getAlgoInfo (enqueue.cc)] out nChannels: 1
[LYD INFO in getAlgoInfo (enqueue.cc)] out nThreads: 96
[LYD INFO in getAlgoInfo (enqueue.cc)] out nBytes: 8
[LYD INFO in getAlgoInfo (enqueue.cc)] out nstepsPerLoop: 0
[LYD INFO in getAlgoInfo (enqueue.cc)] out nchunksPerLoop: 0
[LYD INFO in getAlgoInfo (enqueue.cc)] out chunkSize: 0
[LYD INFO in ncclLaunchKernel (enqueue.cc)] NCHANNELS is: 8x3004c0s1b0n0:27112:27112 [2] NCCL INFO AllReduce: opCount 1 sendbuff 0x147707600400 recvbuff 0x147707600400 count 1 datatype 4 op 0 root 0 comm 0x560c4fdc9eb0 [nranks=10] stream 0x560c4ce2f470
[LYD INFO in ncclLaunchKernel (enqueue.cc)] NCHANNELS is: 4    loaded indexed file in 0.023 seconds
    total number of samples: 13112
    total number of epochs: 32
 > WARNING: could not find index map files, building the indices on rank 0 ...

[LYD INFO in NCCL_KERN_NAME (common.h)] 0 AllReduce TREE LL Sum int64_t Elapsed time: 1446262 us

[LYD INFO in NCCL_KERN_NAME (common.h)] 1 AllReduce TREE LL Sum int64_t Elapsed time: 1493014 us
x3004c0s1b0n0:27115:27115 [3] NCCL INFO AllReduce: opCount 1 sendbuff 0x147ceb600400 recvbuff 0x147ceb600400 count 1 datatype 4 op 0 root 0 comm 0x5600184c5830 [nranks=2] stream 0x560016bffa90
[LYD INFO in ncclLaunchKernel (enqueue.cc)] NCHANNELS is: 8x3004c0s1b0n0:27115:27115 [3] NCCL INFO AllReduce: opCount 1 sendbuff 0x147ceb600400 recvbuff 0x147ceb600400 count 1 datatype 4 op 0 root 0 comm 0x560018cd4970 [nranks=10] stream 0x560016bffbd0
[LYD INFO in ncclLaunchKernel (enqueue.cc)] NCHANNELS is: 4x3004c0s1b0n0:27106:27106 [1] NCCL INFO AllReduce: opCount 1 sendbuff 0x1478ebc00400 recvbuff 0x1478ebc00400 count 1 datatype 4 op 0 root 0 comm 0x56504dd1d840 [nranks=2] stream 0x56504bd3fb60
[LYD INFO in ncclLaunchKernel (enqueue.cc)] NCHANNELS is: 8[Hao INFO in ncclAllReduce (all_reduce.cc)] rank 1 ncclAllReduce: count: 1, datatype: ncclInt64, message size: 8 Bytes
x3004c0s1b0n0:27106:27106 [1] NCCL INFO AllReduce: opCount 1 sendbuff 0x1478ebc00400 recvbuff 0x1478ebc00400 count 1 datatype 4 op 0 root 0 comm 0x56504d6c60a0 [nranks=10] stream 0x56504bd3fca0

[LYD INFO in ncclAllReduce (all_reduce.cc)] rank 0 AllReduce Time: 0.000026000 seconds

[LYD INFO in getAlgoInfo (enqueue.cc)] algorithm a is: 0

[LYD INFO in getAlgoInfo (enqueue.cc)] algorithm a is: 1

[LYD INFO in getAlgoInfo (enqueue.cc)] rank: 0, Duration between Point 1 and Point 2: 0.000014000 seconds

[LYD INFO in getAlgoInfo (enqueue.cc)] rank 0, Duration between Point 2 and Point 3: 0.000000000 seconds
[LYD INFO in getAlgoInfo (enqueue.cc)] out rank: 0
[LYD INFO in getAlgoInfo (enqueue.cc)] out coll: 4
[LYD INFO in getAlgoInfo (enqueue.cc)] out sendbuff address: 0x1478ebc00400
[LYD INFO in getAlgoInfo (enqueue.cc)] out recvbuff address: 0x1478ebc00400
[LYD INFO in getAlgoInfo (enqueue.cc)] out count: 1
[LYD INFO in getAlgoInfo (enqueue.cc)] out datatype: 4
[LYD INFO in getAlgoInfo (enqueue.cc)] out chunkSteps: 4
[LYD INFO in getAlgoInfo (enqueue.cc)] out sliceSteps: 2
[LYD INFO in getAlgoInfo (enqueue.cc)] out algorithm: 0
[LYD INFO in getAlgoInfo (enqueue.cc)] out protocol: 0
[LYD INFO in getAlgoInfo (enqueue.cc)] out nChannels: 1
[LYD INFO in getAlgoInfo (enqueue.cc)] out nThreads: 96
[LYD INFO in getAlgoInfo (enqueue.cc)] out nBytes: 8
[LYD INFO in getAlgoInfo (enqueue.cc)] out nstepsPerLoop: 0
[LYD INFO in getAlgoInfo (enqueue.cc)] out nchunksPerLoop: 0
[LYD INFO in getAlgoInfo (enqueue.cc)] out chunkSize: 0
[LYD INFO in ncclLaunchKernel (enqueue.cc)] NCHANNELS is: 4
[LYD INFO in NCCL_KERN_NAME (common.h)] 1 AllReduce RING LL Sum int64_t Elapsed time: 8 us

[LYD INFO in NCCL_KERN_NAME (common.h)] 0 AllReduce RING LL Sum int64_t Elapsed time: 401191 us
x3004c0s1b0n0:27104:28354 [0] NCCL INFO [Service thread] Connection closed by localRank 0
x3004c0s1b0n0:27104:27104 [0] NCCL INFO comm 0x55e88c382770 rank 0 nranks 20 cudaDev 0 busId 7000 - Abort COMPLETE
x3004c0s1b0n0:27104:32294 [0] NCCL INFO [Service thread] Connection closed by localRank 0
x3004c0s1b0n0:27104:27104 [0] NCCL INFO comm 0x55e8a7256cc0 rank 0 nranks 10 cudaDev 0 busId 7000 - Abort COMPLETE
x3004c0s1b0n0:27104:31783 [0] NCCL INFO [Service thread] Connection closed by localRank 0
x3004c0s1b0n0:27104:27104 [0] NCCL INFO comm 0x55e8a7576d60 rank 0 nranks 2 cudaDev 0 busId 7000 - Abort COMPLETE
x3004c0s1b0n0:27104:32069 [0] NCCL INFO [Service thread] Connection closed by localRank 0
x3004c0s1b0n0:27104:27104 [0] NCCL INFO comm 0x55e8a7c64fd0 rank 0 nranks 2 cudaDev 0 busId 7000 - Abort COMPLETE
