x3004c0s1b1n0:59819:60993 [3] NCCL INFO transport/net_ib.cc:596 Ib Alloc Size 26560 pointer 0x14f078066000
x3004c0s1b1n0:59819:60993 [3] NCCL INFO NET/IB: Dev 1 Port 1 qpn 12341 mtu 5 GID 0 (80FE/EF0100FEFF000000)
x3004c0s1b1n0:59819:60993 [3] NCCL INFO transport/net_ib.cc:653 Ib Alloc Size 552 pointer 0x14f07807d000
x3004c0s1b1n0:59819:60993 [3] NCCL INFO transport/net.cc:571 Cuda Host Alloc Size 9641984 pointer 0x14f0c8400000
x3004c0s1b1n0:59815:60822 [2] NCCL INFO Connection to proxy localRank 2 -> connection 0x14bd10000e40
x3004c0s1b1n0:59815:60992 [2] NCCL INFO transport/p2p.cc:449 Cuda Alloc Size 6291456 pointer 0x14bd0c000000
x3004c0s1b1n0:59819:60993 [3] NCCL INFO transport/net_ib.cc:596 Ib Alloc Size 26560 pointer 0x14f07807f000
x3004c0s1b1n0:59819:60993 [3] NCCL INFO NET/IB: Dev 0 Port 1 qpn 12285 mtu 5 GID 0 (80FE/AA0100FEFF000000)
x3004c0s1b1n0:59819:60993 [3] NCCL INFO transport/net_ib.cc:653 Ib Alloc Size 552 pointer 0x14f078096000
x3004c0s1b1n0:59819:60993 [3] NCCL INFO transport/net.cc:571 Cuda Host Alloc Size 9641984 pointer 0x14f0c8e00000
x3004c0s1b1n0:59815:60822 [2] NCCL INFO Connected all rings
x3004c0s1b1n0:59815:60992 [2] NCCL INFO New proxy recv connection 8 from local rank 2, transport 0
x3004c0s1b1n0:59807:61003 [0] NCCL INFO New proxy recv connection 4 from local rank 0, transport 0
x3004c0s1b1n0:59819:60825 [3] NCCL INFO Connected all rings
x3004c0s1b1n0:59819:60825 [3] NCCL INFO Channel 00/0 : 7[c7000] -> 6[85000] via P2P/IPC/read
x3004c0s1b1n0:59819:60993 [3] NCCL INFO New proxy send connection 8 from local rank 3, transport 0
x3004c0s1b1n0:59819:60825 [3] NCCL INFO Connection to proxy localRank 3 -> connection 0x14f078000e80
x3004c0s1b1n0:59815:60822 [2] NCCL INFO Connection to proxy localRank 2 -> connection 0x14bd10000e80
x3004c0s1b1n0:59815:60992 [2] NCCL INFO transport/p2p.cc:449 Cuda Alloc Size 6291456 pointer 0x14bd0a000000
x3004c0s1b1n0:59819:60993 [3] NCCL INFO transport/p2p.cc:430 Cuda Alloc Size 6291456 pointer 0x14f0c9800000
x3004c0s1b1n0:59807:60824 [0] NCCL INFO Connection to proxy localRank 0 -> connection 0x1480d8000d80
x3004c0s1b1n0:59807:61003 [0] NCCL INFO transport/p2p.cc:449 Cuda Alloc Size 6291456 pointer 0x1480d0c00000
x3004c0s1b1n0:59815:60992 [2] NCCL INFO New proxy recv connection 9 from local rank 2, transport 0
x3004c0s1b1n0:59810:60990 [1] NCCL INFO transport/net_ib.cc:683 Ib Alloc Size 21688 pointer 0x149fac01d000
x3004c0s1b1n0:59810:60990 [1] NCCL INFO transport/net_ib.cc:696 Ib Alloc Size 552 pointer 0x149fac024000
x3004c0s1b1n0:59810:60990 [1] NCCL INFO transport/net_ib.cc:771 Ib Alloc Size 552 pointer 0x149fac04b000
x3004c0s1b1n0:59810:60990 [1] NCCL INFO transport/net.cc:698 Cuda Host Alloc Size 9641984 pointer 0x149faa000000
x3004c0s1b1n0:59810:60990 [1] NCCL INFO Mem Realloc old size 0, new size 768 pointer 0x149fac0406b0
x3004c0s1b1n0:59810:60990 [1] NCCL INFO transport/net_ib.cc:683 Ib Alloc Size 21688 pointer 0x149fac04d000
x3004c0s1b1n0:59819:60825 [3] NCCL INFO Channel 01/0 : 7[c7000] -> 6[85000] via P2P/IPC/read
x3004c0s1b1n0:59819:60993 [3] NCCL INFO New proxy send connection 9 from local rank 3, transport 0
x3004c0s1b1n0:59807:61003 [0] NCCL INFO New proxy recv connection 5 from local rank 0, transport 0
x3004c0s1b1n0:59819:60825 [3] NCCL INFO Connection to proxy localRank 3 -> connection 0x14f078000ec0
x3004c0s1b1n0:59819:60993 [3] NCCL INFO transport/p2p.cc:430 Cuda Alloc Size 6291456 pointer 0x14f0c9e00000
x3004c0s1b1n0:59819:60825 [3] NCCL INFO Channel 02/0 : 7[c7000] -> 6[85000] via P2P/IPC/read
x3004c0s1b1n0:59819:60993 [3] NCCL INFO New proxy send connection 10 from local rank 3, transport 0
x3004c0s1b1n0:59819:60825 [3] NCCL INFO Connection to proxy localRank 3 -> connection 0x14f078000f00
x3004c0s1b1n0:59810:60990 [1] NCCL INFO transport/net_ib.cc:696 Ib Alloc Size 552 pointer 0x149fac054000
x3004c0s1b1n0:59815:60822 [2] NCCL INFO Connection to proxy localRank 2 -> connection 0x14bd10000ec0
x3004c0s1b1n0:59815:60992 [2] NCCL INFO transport/p2p.cc:449 Cuda Alloc Size 6291456 pointer 0x14bd0a600000
x3004c0s1b1n0:59807:60824 [0] NCCL INFO Connection to proxy localRank 0 -> connection 0x1480d8000dc0
x3004c0s1b1n0:59807:61003 [0] NCCL INFO transport/p2p.cc:449 Cuda Alloc Size 6291456 pointer 0x1480d1200000
x3004c0s1b1n0:59819:60993 [3] NCCL INFO transport/p2p.cc:430 Cuda Alloc Size 6291456 pointer 0x14f0ca400000
x3004c0s1b1n0:59807:61003 [0] NCCL INFO New proxy recv connection 6 from local rank 0, transport 0
x3004c0s1b1n0:59819:60825 [3] NCCL INFO Channel 03/0 : 7[c7000] -> 6[85000] via P2P/IPC/read
x3004c0s1b1n0:59819:60993 [3] NCCL INFO New proxy send connection 11 from local rank 3, transport 0
x3004c0s1b1n0:59810:60990 [1] NCCL INFO transport/net_ib.cc:771 Ib Alloc Size 552 pointer 0x149fac079000
x3004c0s1b1n0:59810:60990 [1] NCCL INFO transport/net.cc:698 Cuda Host Alloc Size 9641984 pointer 0x149faaa00000
x3004c0s1b1n0:59810:60990 [1] NCCL INFO Mem Realloc old size 0, new size 768 pointer 0x149fac06e880
x3004c0s1b1n0:59815:60992 [2] NCCL INFO New proxy recv connection 10 from local rank 2, transport 0
x3004c0s1b1n0:59807:60824 [0] NCCL INFO Connection to proxy localRank 0 -> connection 0x1480d8000e00
x3004c0s1b1n0:59807:61003 [0] NCCL INFO transport/p2p.cc:449 Cuda Alloc Size 6291456 pointer 0x1480d1800000
x3004c0s1b1n0:59819:60825 [3] NCCL INFO Connection to proxy localRank 3 -> connection 0x14f078000f40
x3004c0s1b1n0:59819:60993 [3] NCCL INFO transport/p2p.cc:430 Cuda Alloc Size 6291456 pointer 0x14f0caa00000
x3004c0s1b1n0:59810:60990 [1] NCCL INFO transport/net_ib.cc:683 Ib Alloc Size 21688 pointer 0x149fac07b000
x3004c0s1b1n0:59810:60990 [1] NCCL INFO transport/net_ib.cc:696 Ib Alloc Size 552 pointer 0x149fac082000
x3004c0s1b1n0:59815:60822 [2] NCCL INFO Connection to proxy localRank 2 -> connection 0x14bd10000f00
x3004c0s1b1n0:59815:60992 [2] NCCL INFO transport/p2p.cc:449 Cuda Alloc Size 6291456 pointer 0x14bd0ac00000
x3004c0s1b1n0:59810:60990 [1] NCCL INFO transport/net_ib.cc:771 Ib Alloc Size 552 pointer 0x149fac09d000
x3004c0s1b1n0:59810:60990 [1] NCCL INFO transport/net.cc:698 Cuda Host Alloc Size 9641984 pointer 0x149fab400000
x3004c0s1b1n0:59807:61003 [0] NCCL INFO New proxy recv connection 7 from local rank 0, transport 0
x3004c0s1b1n0:59810:60990 [1] NCCL INFO transport/net_ib.cc:683 Ib Alloc Size 21688 pointer 0x149fac09f000
x3004c0s1b1n0:59810:60990 [1] NCCL INFO transport/net_ib.cc:696 Ib Alloc Size 552 pointer 0x149fac0a6000
x3004c0s1b1n0:59810:60990 [1] NCCL INFO transport/net_ib.cc:771 Ib Alloc Size 552 pointer 0x149fac0c1000
x3004c0s1b1n0:59810:60990 [1] NCCL INFO transport/net.cc:698 Cuda Host Alloc Size 9641984 pointer 0x149fa8000000
x3004c0s1b1n0:59807:60824 [0] NCCL INFO Connection to proxy localRank 0 -> connection 0x1480d8000e40
x3004c0s1b1n0:59807:61003 [0] NCCL INFO transport/p2p.cc:449 Cuda Alloc Size 6291456 pointer 0x1480ce000000
x3004c0s1b1n0:59815:60992 [2] NCCL INFO New proxy recv connection 11 from local rank 2, transport 0
x3004c0s1b1n0:59810:60826 [1] NCCL INFO Channel 00/0 : 5[46000] -> 4[7000] via P2P/IPC/read
x3004c0s1b1n0:59810:60990 [1] NCCL INFO New proxy send connection 4 from local rank 1, transport 0
x3004c0s1b1n0:59815:60822 [2] NCCL INFO Connection to proxy localRank 2 -> connection 0x14bd10000f40
x3004c0s1b1n0:59815:60992 [2] NCCL INFO transport/p2p.cc:449 Cuda Alloc Size 6291456 pointer 0x14bd0b200000
x3004c0s1b1n0:59810:60826 [1] NCCL INFO Connection to proxy localRank 1 -> connection 0x149fac000d80
x3004c0s1b1n0:59810:60990 [1] NCCL INFO transport/p2p.cc:430 Cuda Alloc Size 6291456 pointer 0x149fa8a00000
x3004c0s1b1n0:59810:60826 [1] NCCL INFO Channel 01/0 : 5[46000] -> 4[7000] via P2P/IPC/read
x3004c0s1b1n0:59810:60990 [1] NCCL INFO New proxy send connection 5 from local rank 1, transport 0
x3004c0s1b1n0:59810:60826 [1] NCCL INFO Connection to proxy localRank 1 -> connection 0x149fac000dc0
x3004c0s1b1n0:59810:60990 [1] NCCL INFO transport/p2p.cc:430 Cuda Alloc Size 6291456 pointer 0x149fa9000000
x3004c0s1b1n0:59810:60826 [1] NCCL INFO Channel 02/0 : 5[46000] -> 4[7000] via P2P/IPC/read
x3004c0s1b1n0:59810:60990 [1] NCCL INFO New proxy send connection 6 from local rank 1, transport 0
x3004c0s1b1n0:59810:60826 [1] NCCL INFO Connection to proxy localRank 1 -> connection 0x149fac000e00
x3004c0s1b1n0:59810:60990 [1] NCCL INFO transport/p2p.cc:430 Cuda Alloc Size 6291456 pointer 0x149fa9600000
x3004c0s1b1n0:59810:60826 [1] NCCL INFO Channel 03/0 : 5[46000] -> 4[7000] via P2P/IPC/read
x3004c0s1b1n0:59810:60990 [1] NCCL INFO New proxy send connection 7 from local rank 1, transport 0
x3004c0s1b1n0:59810:60826 [1] NCCL INFO Connection to proxy localRank 1 -> connection 0x149fac000e40
x3004c0s1b1n0:59810:60990 [1] NCCL INFO transport/p2p.cc:430 Cuda Alloc Size 6291456 pointer 0x149fbba00000
x3004c0s1b1n0:59810:60826 [1] NCCL INFO Connected all rings
x3004c0s1b1n0:59810:60990 [1] NCCL INFO New proxy recv connection 8 from local rank 1, transport 0
x3004c0s1b1n0:59807:60824 [0] NCCL INFO Connected all rings
x3004c0s1b1n0:59807:60824 [0] NCCL INFO Channel 00/0 : 4[7000] -> 5[46000] via P2P/IPC/read
x3004c0s1b1n0:59807:61003 [0] NCCL INFO New proxy send connection 8 from local rank 0, transport 0
x3004c0s1b1n0:59807:60824 [0] NCCL INFO Connection to proxy localRank 0 -> connection 0x1480d8000e80
x3004c0s1b1n0:59807:61003 [0] NCCL INFO transport/p2p.cc:430 Cuda Alloc Size 6291456 pointer 0x1480cc000000
x3004c0s1b1n0:59810:60826 [1] NCCL INFO Connection to proxy localRank 1 -> connection 0x149fac000e80
x3004c0s1b1n0:59810:60990 [1] NCCL INFO transport/p2p.cc:449 Cuda Alloc Size 6291456 pointer 0x149fa7800000
x3004c0s1b1n0:59807:60824 [0] NCCL INFO Channel 01/0 : 4[7000] -> 5[46000] via P2P/IPC/read
x3004c0s1b1n0:59807:61003 [0] NCCL INFO New proxy send connection 9 from local rank 0, transport 0
x3004c0s1b1n0:59810:60990 [1] NCCL INFO New proxy recv connection 9 from local rank 1, transport 0
x3004c0s1b1n0:59807:60824 [0] NCCL INFO Connection to proxy localRank 0 -> connection 0x1480d8000ec0
x3004c0s1b1n0:59807:61003 [0] NCCL INFO transport/p2p.cc:430 Cuda Alloc Size 6291456 pointer 0x1480cc600000
x3004c0s1b1n0:59810:60826 [1] NCCL INFO Connection to proxy localRank 1 -> connection 0x149fac000ec0
x3004c0s1b1n0:59810:60990 [1] NCCL INFO transport/p2p.cc:449 Cuda Alloc Size 6291456 pointer 0x149fa4000000
x3004c0s1b1n0:59807:60824 [0] NCCL INFO Channel 02/0 : 4[7000] -> 5[46000] via P2P/IPC/read
x3004c0s1b1n0:59807:61003 [0] NCCL INFO New proxy send connection 10 from local rank 0, transport 0
x3004c0s1b1n0:59810:60990 [1] NCCL INFO New proxy recv connection 10 from local rank 1, transport 0
x3004c0s1b1n0:59807:60824 [0] NCCL INFO Connection to proxy localRank 0 -> connection 0x1480d8000f00
x3004c0s1b1n0:59807:61003 [0] NCCL INFO transport/p2p.cc:430 Cuda Alloc Size 6291456 pointer 0x1480ccc00000
x3004c0s1b1n0:59810:60826 [1] NCCL INFO Connection to proxy localRank 1 -> connection 0x149fac000f00
x3004c0s1b1n0:59810:60990 [1] NCCL INFO transport/p2p.cc:449 Cuda Alloc Size 6291456 pointer 0x149fa4600000
x3004c0s1b1n0:59807:60824 [0] NCCL INFO Channel 03/0 : 4[7000] -> 5[46000] via P2P/IPC/read
x3004c0s1b1n0:59807:61003 [0] NCCL INFO New proxy send connection 11 from local rank 0, transport 0
x3004c0s1b1n0:59810:60990 [1] NCCL INFO New proxy recv connection 11 from local rank 1, transport 0
x3004c0s1b1n0:59807:60824 [0] NCCL INFO Connection to proxy localRank 0 -> connection 0x1480d8000f40
x3004c0s1b1n0:59810:60826 [1] NCCL INFO Connection to proxy localRank 1 -> connection 0x149fac000f40
x3004c0s1b1n0:59810:60990 [1] NCCL INFO transport/p2p.cc:449 Cuda Alloc Size 6291456 pointer 0x149fa4c00000
x3004c0s1b1n0:59807:61003 [0] NCCL INFO transport/p2p.cc:430 Cuda Alloc Size 6291456 pointer 0x1480cd200000
x3004c0s1b1n0:59810:60826 [1] NCCL INFO Channel 00/0 : 5[46000] -> 6[85000] via P2P/IPC/read
x3004c0s1b1n0:59810:60990 [1] NCCL INFO New proxy send connection 12 from local rank 1, transport 0
x3004c0s1b1n0:59810:60826 [1] NCCL INFO Connection to proxy localRank 1 -> connection 0x149fac000f80
x3004c0s1b1n0:59810:60990 [1] NCCL INFO transport/p2p.cc:430 Cuda Alloc Size 6291456 pointer 0x149fa5200000
x3004c0s1b1n0:59810:60826 [1] NCCL INFO Channel 01/0 : 5[46000] -> 6[85000] via P2P/IPC/read
x3004c0s1b1n0:59810:60990 [1] NCCL INFO New proxy send connection 13 from local rank 1, transport 0
x3004c0s1b1n0:59810:60826 [1] NCCL INFO Connection to proxy localRank 1 -> connection 0x149fac000fc0
x3004c0s1b1n0:59810:60990 [1] NCCL INFO transport/p2p.cc:430 Cuda Alloc Size 6291456 pointer 0x149fa5800000
x3004c0s1b1n0:59810:60826 [1] NCCL INFO Channel 02/0 : 5[46000] -> 6[85000] via P2P/IPC/read
x3004c0s1b1n0:59810:60990 [1] NCCL INFO New proxy send connection 14 from local rank 1, transport 0
x3004c0s1b1n0:59810:60826 [1] NCCL INFO Connection to proxy localRank 1 -> connection 0x149fac001000
x3004c0s1b1n0:59810:60990 [1] NCCL INFO transport/p2p.cc:430 Cuda Alloc Size 6291456 pointer 0x149fa2000000
x3004c0s1b1n0:59810:60826 [1] NCCL INFO Channel 03/0 : 5[46000] -> 6[85000] via P2P/IPC/read
x3004c0s1b1n0:59810:60990 [1] NCCL INFO New proxy send connection 15 from local rank 1, transport 0
x3004c0s1b1n0:59810:60826 [1] NCCL INFO Connection to proxy localRank 1 -> connection 0x149fac001040
x3004c0s1b1n0:59810:60990 [1] NCCL INFO transport/p2p.cc:430 Cuda Alloc Size 6291456 pointer 0x149fa2600000
x3004c0s1b1n0:59807:60824 [0] NCCL INFO GPU Direct RDMA Disabled for GPU 7000 / HCA 1 (distance 7 > 4)
x3004c0s1b1n0:59807:61003 [0] NCCL INFO Allocated 4194656 bytes of shared memory in /dev/shm/nccl-2mVRHy

x3004c0s1b1n0:59807:61003 [0] NCCL INFO New proxy recv connection 12 from local rank 0, transport 2
x3004c0s1b1n0:59815:60992 [2] NCCL INFO New proxy recv connection 12 from local rank 2, transport 0
x3004c0s1b1n0:59810:60990 [1] NCCL INFO New proxy recv connection 16 from local rank 1, transport 0
x3004c0s1b1n0:59807:60824 [0] NCCL INFO Connection to proxy localRank 0 -> connection 0x1480d8000f80
x3004c0s1b1n0:59815:60822 [2] NCCL INFO Connection to proxy localRank 2 -> connection 0x14bd10000f80
x3004c0s1b1n0:59815:60992 [2] NCCL INFO transport/p2p.cc:449 Cuda Alloc Size 6291456 pointer 0x14bd09200000
x3004c0s1b1n0:59810:60826 [1] NCCL INFO Connection to proxy localRank 1 -> connection 0x149fac001080
x3004c0s1b1n0:59810:60990 [1] NCCL INFO transport/p2p.cc:449 Cuda Alloc Size 6291456 pointer 0x149f9e000000
x3004c0s1b1n0:59807:60824 [0] NCCL INFO Channel 02/0 : 0[7000] -> 4[7000] [receive] via NET/IB/1
x3004c0s1b1n0:59807:60824 [0] NCCL INFO GPU Direct RDMA Disabled for GPU 7000 / HCA 0 (distance 7 > 4)
x3004c0s1b1n0:59807:61003 [0] NCCL INFO New proxy recv connection 13 from local rank 0, transport 2
x3004c0s1b1n0:59815:60992 [2] NCCL INFO New proxy recv connection 13 from local rank 2, transport 0
x3004c0s1b1n0:59810:60990 [1] NCCL INFO New proxy recv connection 17 from local rank 1, transport 0
x3004c0s1b1n0:59807:60824 [0] NCCL INFO Connection to proxy localRank 0 -> connection 0x1480d8000fc0
x3004c0s1b1n0:59815:60822 [2] NCCL INFO Connection to proxy localRank 2 -> connection 0x14bd10000fc0
x3004c0s1b1n0:59815:60992 [2] NCCL INFO transport/p2p.cc:449 Cuda Alloc Size 6291456 pointer 0x14bd09800000
x3004c0s1b1n0:59810:60826 [1] NCCL INFO Connection to proxy localRank 1 -> connection 0x149fac0010c0
x3004c0s1b1n0:59810:60990 [1] NCCL INFO transport/p2p.cc:449 Cuda Alloc Size 6291456 pointer 0x149f9e600000
x3004c0s1b1n0:59807:60824 [0] NCCL INFO Channel 03/0 : 0[7000] -> 4[7000] [receive] via NET/IB/0
x3004c0s1b1n0:59815:60992 [2] NCCL INFO New proxy recv connection 14 from local rank 2, transport 0
x3004c0s1b1n0:59810:60990 [1] NCCL INFO New proxy recv connection 18 from local rank 1, transport 0
x3004c0s1b1n0:59807:61003 [0] NCCL INFO transport/net_ib.cc:683 Ib Alloc Size 21688 pointer 0x1480d801c000
x3004c0s1b1n0:59807:61003 [0] NCCL INFO transport/net_ib.cc:696 Ib Alloc Size 552 pointer 0x1480d8023000
x3004c0s1b1n0:59807:61003 [0] NCCL INFO transport/net_ib.cc:771 Ib Alloc Size 552 pointer 0x1480d804a000
x3004c0s1b1n0:59807:61003 [0] NCCL INFO transport/net.cc:698 Cuda Host Alloc Size 9641984 pointer 0x1480cb200000
x3004c0s1b1n0:59807:61003 [0] NCCL INFO Mem Realloc old size 0, new size 768 pointer 0x1480d801bbd0
x3004c0s1b1n0:59807:61003 [0] NCCL INFO transport/net_ib.cc:683 Ib Alloc Size 21688 pointer 0x1480d804c000
x3004c0s1b1n0:59807:61003 [0] NCCL INFO transport/net_ib.cc:696 Ib Alloc Size 552 pointer 0x1480d8053000
x3004c0s1b1n0:59815:60822 [2] NCCL INFO Connection to proxy localRank 2 -> connection 0x14bd10001000
x3004c0s1b1n0:59815:60992 [2] NCCL INFO transport/p2p.cc:449 Cuda Alloc Size 6291456 pointer 0x14bd06000000
x3004c0s1b1n0:59810:60826 [1] NCCL INFO Connection to proxy localRank 1 -> connection 0x149fac001100
x3004c0s1b1n0:59810:60990 [1] NCCL INFO transport/p2p.cc:449 Cuda Alloc Size 6291456 pointer 0x149f9ec00000
x3004c0s1b1n0:59810:60990 [1] NCCL INFO New proxy recv connection 19 from local rank 1, transport 0
x3004c0s1b1n0:59810:60826 [1] NCCL INFO Connection to proxy localRank 1 -> connection 0x149fac001140
x3004c0s1b1n0:59815:60992 [2] NCCL INFO New proxy recv connection 15 from local rank 2, transport 0
x3004c0s1b1n0:59810:60990 [1] NCCL INFO transport/p2p.cc:449 Cuda Alloc Size 6291456 pointer 0x149f9f200000
x3004c0s1b1n0:59807:61003 [0] NCCL INFO transport/net_ib.cc:771 Ib Alloc Size 552 pointer 0x1480d8078000
x3004c0s1b1n0:59807:61003 [0] NCCL INFO transport/net.cc:698 Cuda Host Alloc Size 9641984 pointer 0x1480c2000000
x3004c0s1b1n0:59807:61003 [0] NCCL INFO Mem Realloc old size 0, new size 768 pointer 0x1480d806d460
x3004c0s1b1n0:59815:60822 [2] NCCL INFO Connection to proxy localRank 2 -> connection 0x14bd10001040
x3004c0s1b1n0:59815:60992 [2] NCCL INFO transport/p2p.cc:449 Cuda Alloc Size 6291456 pointer 0x14bd06600000
x3004c0s1b1n0:59807:60824 [0] NCCL INFO GPU Direct RDMA Disabled for GPU 7000 / HCA 1 (distance 7 > 4)
x3004c0s1b1n0:59807:61003 [0] NCCL INFO New proxy send connection 14 from local rank 0, transport 2
x3004c0s1b1n0:59815:60822 [2] NCCL INFO Channel 00/0 : 6[85000] -> 5[46000] via P2P/IPC/read
x3004c0s1b1n0:59815:60992 [2] NCCL INFO New proxy send connection 16 from local rank 2, transport 0
x3004c0s1b1n0:59807:60824 [0] NCCL INFO Connection to proxy localRank 0 -> connection 0x1480d8001000
x3004c0s1b1n0:59807:60824 [0] NCCL INFO Channel 00/0 : 4[7000] -> 9[46000] [send] via NET/IB/1
x3004c0s1b1n0:59807:60824 [0] NCCL INFO GPU Direct RDMA Disabled for GPU 7000 / HCA 0 (distance 7 > 4)
x3004c0s1b1n0:59807:61003 [0] NCCL INFO New proxy send connection 15 from local rank 0, transport 2
x3004c0s1b1n0:59815:60822 [2] NCCL INFO Connection to proxy localRank 2 -> connection 0x14bd10001080
x3004c0s1b1n0:59815:60992 [2] NCCL INFO transport/p2p.cc:430 Cuda Alloc Size 6291456 pointer 0x14bd06c00000
x3004c0s1b1n0:59807:60824 [0] NCCL INFO Connection to proxy localRank 0 -> connection 0x1480d8001040
x3004c0s1b1n0:59807:60824 [0] NCCL INFO Channel 01/0 : 4[7000] -> 9[46000] [send] via NET/IB/0
x3004c0s1b1n0:59807:61003 [0] NCCL INFO transport/net_ib.cc:596 Ib Alloc Size 26560 pointer 0x1480d8082000
x3004c0s1b1n0:59807:61003 [0] NCCL INFO NET/IB: Dev 1 Port 1 qpn 12348 mtu 5 GID 0 (80FE/EF0100FEFF000000)
x3004c0s1b1n0:59807:61003 [0] NCCL INFO transport/net_ib.cc:653 Ib Alloc Size 552 pointer 0x1480d8099000
x3004c0s1b1n0:59807:61003 [0] NCCL INFO transport/net.cc:571 Cuda Host Alloc Size 9641984 pointer 0x1480c2a00000
x3004c0s1b1n0:59815:60822 [2] NCCL INFO Channel 01/0 : 6[85000] -> 5[46000] via P2P/IPC/read
x3004c0s1b1n0:59815:60992 [2] NCCL INFO New proxy send connection 17 from local rank 2, transport 0
x3004c0s1b1n0:59807:61003 [0] NCCL INFO transport/net_ib.cc:596 Ib Alloc Size 26560 pointer 0x1480d809b000
x3004c0s1b1n0:59815:60822 [2] NCCL INFO Connection to proxy localRank 2 -> connection 0x14bd100010c0
x3004c0s1b1n0:59815:60992 [2] NCCL INFO transport/p2p.cc:430 Cuda Alloc Size 6291456 pointer 0x14bd07200000
x3004c0s1b1n0:59807:61003 [0] NCCL INFO NET/IB: Dev 0 Port 1 qpn 12292 mtu 5 GID 0 (80FE/AA0100FEFF000000)
x3004c0s1b1n0:59807:61003 [0] NCCL INFO transport/net_ib.cc:653 Ib Alloc Size 552 pointer 0x1480d80b2000
x3004c0s1b1n0:59807:61003 [0] NCCL INFO transport/net.cc:571 Cuda Host Alloc Size 9641984 pointer 0x1480c3400000
x3004c0s1b1n0:59815:60822 [2] NCCL INFO Channel 02/0 : 6[85000] -> 5[46000] via P2P/IPC/read
x3004c0s1b1n0:59815:60992 [2] NCCL INFO New proxy send connection 18 from local rank 2, transport 0
x3004c0s1b1n0:59815:60822 [2] NCCL INFO Connection to proxy localRank 2 -> connection 0x14bd10001100
x3004c0s1b1n0:59815:60992 [2] NCCL INFO transport/p2p.cc:430 Cuda Alloc Size 6291456 pointer 0x14bd07800000
x3004c0s1b1n0:59807:60824 [0] NCCL INFO GPU Direct RDMA Disabled for GPU 7000 / HCA 1 (distance 7 > 4)
x3004c0s1b1n0:59807:61003 [0] NCCL INFO New proxy recv connection 16 from local rank 0, transport 2
x3004c0s1b1n0:59815:60822 [2] NCCL INFO Channel 03/0 : 6[85000] -> 5[46000] via P2P/IPC/read
x3004c0s1b1n0:59815:60992 [2] NCCL INFO New proxy send connection 19 from local rank 2, transport 0
x3004c0s1b1n0:59807:60824 [0] NCCL INFO Connection to proxy localRank 0 -> connection 0x1480d8001080
x3004c0s1b1n0:59815:60822 [2] NCCL INFO Connection to proxy localRank 2 -> connection 0x14bd10001140
x3004c0s1b1n0:59815:60992 [2] NCCL INFO transport/p2p.cc:430 Cuda Alloc Size 6291456 pointer 0x14bd04000000
x3004c0s1b1n0:59810:60826 [1] NCCL INFO Connected all trees by HAO
x3004c0s1b1n0:59810:60826 [1] NCCL INFO threadThresholds 8/8/64 | 160/8/64 | 512 | 512
x3004c0s1b1n0:59810:60826 [1] NCCL INFO 4 coll channels, 4 p2p channels, 2 p2p channels per peer
x3004c0s1b1n0:59810:60990 [1] NCCL INFO New proxy send connection 20 from local rank 1, transport 2
x3004c0s1b1n0:59807:60824 [0] NCCL INFO Channel 00/0 : 9[46000] -> 4[7000] [receive] via NET/IB/1
x3004c0s1b1n0:59807:60824 [0] NCCL INFO GPU Direct RDMA Disabled for GPU 7000 / HCA 0 (distance 7 > 4)
x3004c0s1b1n0:59807:61003 [0] NCCL INFO New proxy recv connection 17 from local rank 0, transport 2
x3004c0s1b1n0:59815:60822 [2] NCCL INFO Connected all trees by HAO
x3004c0s1b1n0:59815:60822 [2] NCCL INFO threadThresholds 8/8/64 | 160/8/64 | 512 | 512
x3004c0s1b1n0:59815:60822 [2] NCCL INFO 4 coll channels, 4 p2p channels, 2 p2p channels per peer
x3004c0s1b1n0:59819:60825 [3] NCCL INFO Connected all trees by HAO
x3004c0s1b1n0:59819:60825 [3] NCCL INFO threadThresholds 8/8/64 | 160/8/64 | 512 | 512
x3004c0s1b1n0:59819:60825 [3] NCCL INFO 4 coll channels, 4 p2p channels, 2 p2p channels per peer
x3004c0s1b1n0:59819:60993 [3] NCCL INFO New proxy send connection 12 from local rank 3, transport 2
x3004c0s1b1n0:59815:60992 [2] NCCL INFO Allocated 4194656 bytes of shared memory in /dev/shm/nccl-g4d9b6

x3004c0s1b1n0:59815:60992 [2] NCCL INFO New proxy send connection 20 from local rank 2, transport 2
x3004c0s1b1n0:59807:60824 [0] NCCL INFO Connection to proxy localRank 0 -> connection 0x1480d80010c0
x3004c0s1b1n0:59810:60826 [1] NCCL INFO Connection to proxy localRank 1 -> connection 0x149fac001180
x3004c0s1b1n0:59810:60990 [1] NCCL INFO transport/net.cc:376 Cuda Alloc Size 8388608 pointer 0x149f9d200000
x3004c0s1b1n0:59815:60822 [2] NCCL INFO Connection to proxy localRank 2 -> connection 0x14bd10001180
x3004c0s1b1n0:59815:60992 [2] NCCL INFO transport/net.cc:376 Cuda Alloc Size 8388608 pointer 0x14bd03800000
x3004c0s1b1n0:59819:60825 [3] NCCL INFO Connection to proxy localRank 3 -> connection 0x14f078000f80
x3004c0s1b1n0:59819:60993 [3] NCCL INFO transport/net.cc:376 Cuda Alloc Size 8388608 pointer 0x14f0cc800000
x3004c0s1b1n0:59807:60824 [0] NCCL INFO Channel 01/0 : 9[46000] -> 4[7000] [receive] via NET/IB/0
x3004c0s1b1n0:59807:61003 [0] NCCL INFO transport/net_ib.cc:683 Ib Alloc Size 21688 pointer 0x1480d80be000
x3004c0s1b1n0:59807:61003 [0] NCCL INFO transport/net_ib.cc:696 Ib Alloc Size 552 pointer 0x1480d80c5000
x3004c0s1b1n0:59807:61003 [0] NCCL INFO transport/net_ib.cc:771 Ib Alloc Size 552 pointer 0x1480d80e1000
x3004c0s1b1n0:59807:61003 [0] NCCL INFO transport/net.cc:698 Cuda Host Alloc Size 9641984 pointer 0x1480c0000000
x3004c0s1b1n0:59807:61003 [0] NCCL INFO transport/net_ib.cc:683 Ib Alloc Size 21688 pointer 0x1480d80e3000
x3004c0s1b1n0:59807:61003 [0] NCCL INFO transport/net_ib.cc:696 Ib Alloc Size 552 pointer 0x1480d80ea000
x3004c0s1b1n0:59807:61003 [0] NCCL INFO transport/net_ib.cc:771 Ib Alloc Size 552 pointer 0x1480d8105000
x3004c0s1b1n0:59807:61003 [0] NCCL INFO transport/net.cc:698 Cuda Host Alloc Size 9641984 pointer 0x1480c0a00000
x3004c0s1b1n0:59807:60824 [0] NCCL INFO GPU Direct RDMA Disabled for GPU 7000 / HCA 1 (distance 7 > 4)
x3004c0s1b1n0:59807:61003 [0] NCCL INFO New proxy send connection 18 from local rank 0, transport 2
x3004c0s1b1n0:59807:60824 [0] NCCL INFO Connection to proxy localRank 0 -> connection 0x1480d8001100
x3004c0s1b1n0:59807:60824 [0] NCCL INFO Channel 02/0 : 4[7000] -> 0[7000] [send] via NET/IB/1
x3004c0s1b1n0:59807:60824 [0] NCCL INFO GPU Direct RDMA Disabled for GPU 7000 / HCA 0 (distance 7 > 4)
x3004c0s1b1n0:59807:61003 [0] NCCL INFO New proxy send connection 19 from local rank 0, transport 2
x3004c0s1b1n0:59807:60824 [0] NCCL INFO Connection to proxy localRank 0 -> connection 0x1480d8001140
x3004c0s1b1n0:59807:60824 [0] NCCL INFO Channel 03/0 : 4[7000] -> 0[7000] [send] via NET/IB/0
x3004c0s1b1n0:59807:61003 [0] NCCL INFO transport/net_ib.cc:596 Ib Alloc Size 26560 pointer 0x1480d8111000
x3004c0s1b1n0:59807:61003 [0] NCCL INFO NET/IB: Dev 1 Port 1 qpn 12351 mtu 5 GID 0 (80FE/EF0100FEFF000000)
x3004c0s1b1n0:59807:61003 [0] NCCL INFO transport/net_ib.cc:653 Ib Alloc Size 552 pointer 0x1480d8128000
x3004c0s1b1n0:59807:61003 [0] NCCL INFO transport/net.cc:571 Cuda Host Alloc Size 9641984 pointer 0x1480c1400000
x3004c0s1b1n0:59807:61003 [0] NCCL INFO transport/net_ib.cc:596 Ib Alloc Size 26560 pointer 0x1480d812a000
x3004c0s1b1n0:59807:61003 [0] NCCL INFO NET/IB: Dev 0 Port 1 qpn 12295 mtu 5 GID 0 (80FE/AA0100FEFF000000)
x3004c0s1b1n0:59807:61003 [0] NCCL INFO transport/net_ib.cc:653 Ib Alloc Size 552 pointer 0x1480d8141000
x3004c0s1b1n0:59807:61003 [0] NCCL INFO transport/net.cc:571 Cuda Host Alloc Size 9641984 pointer 0x1480be000000
x3004c0s1b1n0:59807:60824 [0] NCCL INFO Connected all trees by HAO
x3004c0s1b1n0:59807:60824 [0] NCCL INFO threadThresholds 8/8/64 | 160/8/64 | 512 | 512
x3004c0s1b1n0:59807:60824 [0] NCCL INFO 4 coll channels, 4 p2p channels, 2 p2p channels per peer
x3004c0s1b1n0:59807:61003 [0] NCCL INFO New proxy send connection 20 from local rank 0, transport 2
x3004c0s1b1n0:59807:60824 [0] NCCL INFO Connection to proxy localRank 0 -> connection 0x1480d8001180
x3004c0s1b1n0:59807:60824 [0] NCCL INFO init.cc:367 Cuda Alloc Size 5168 pointer 0x1480dd808800
x3004c0s1b1n0:59815:60822 [2] NCCL INFO init.cc:367 Cuda Alloc Size 5168 pointer 0x14bd1f808800
x3004c0s1b1n0:59815:60822 [2] NCCL INFO init.cc:392 Cuda Host Alloc Size 33554432 pointer 0x14bcfa000000
x3004c0s1b1n0:59815:60822 [2] NCCL INFO init.cc:398 Cuda Host Alloc Size 128 pointer 0x14bd1ee00200
x3004c0s1b1n0:59815:60822 [2] NCCL INFO comm 0x5594df0e9780 rank 6 nranks 20 cudaDev 2 busId 85000 - Init COMPLETE
x3004c0s1b1n0:59810:60826 [1] NCCL INFO init.cc:367 Cuda Alloc Size 5168 pointer 0x149fbb808800
x3004c0s1b1n0:59819:60825 [3] NCCL INFO init.cc:367 Cuda Alloc Size 5168 pointer 0x14f0c3e08800
x3004c0s1b1n0:59819:60825 [3] NCCL INFO init.cc:392 Cuda Host Alloc Size 33554432 pointer 0x14f0cd000000
x3004c0s1b1n0:59819:60825 [3] NCCL INFO init.cc:398 Cuda Host Alloc Size 128 pointer 0x14f0c3400200
x3004c0s1b1n0:59819:60825 [3] NCCL INFO comm 0x5574049a5b80 rank 7 nranks 20 cudaDev 3 busId c7000 - Init COMPLETE
x3004c0s1b1n0:59810:60826 [1] NCCL INFO init.cc:392 Cuda Host Alloc Size 33554432 pointer 0x149f9a000000
x3004c0s1b1n0:59810:60826 [1] NCCL INFO init.cc:398 Cuda Host Alloc Size 128 pointer 0x149fbae00200
x3004c0s1b1n0:59810:60826 [1] NCCL INFO comm 0x558210f3b7f0 rank 5 nranks 20 cudaDev 1 busId 46000 - Init COMPLETE
x3004c0s1b1n0:59807:61003 [0] NCCL INFO transport/net.cc:376 Cuda Alloc Size 8388608 pointer 0x1480bea00000
x3004c0s1b1n0:59807:60824 [0] NCCL INFO init.cc:392 Cuda Host Alloc Size 33554432 pointer 0x1480bc000000
x3004c0s1b1n0:59807:60824 [0] NCCL INFO init.cc:398 Cuda Host Alloc Size 128 pointer 0x1480dce00200
x3004c0s1b1n0:59807:60824 [0] NCCL INFO comm 0x55908382e870 rank 4 nranks 20 cudaDev 0 busId 7000 - Init COMPLETE
x3004c0s1b1n0:59815:59815 [2] NCCL INFO AllReduce: opCount 0 sendbuff 0x14bd5f600200 recvbuff 0x14bd5f600200 count 1 datatype 1 op 0 root 0 comm 0x5594df0e9780 [nranks=20] stream 0x5594f80214c0
x3004c0s1b1n0:59815:59815 [2] NCCL INFO misc/utils.cc:235 memory stack hunk malloc(65536)
[LYD INFO in ncclLaunchKernel (enqueue.cc)] NCHANNELS is: 4x3004c0s1b1n0:59819:59819 [3] NCCL INFO AllReduce: opCount 0 sendbuff 0x14f0bfa00200 recvbuff 0x14f0bfa00200 count 1 datatype 1 op 0 root 0 comm 0x5574049a5b80 [nranks=20] stream 0x55741debaec0
x3004c0s1b1n0:59819:59819 [3] NCCL INFO misc/utils.cc:235 memory stack hunk malloc(65536)
[LYD INFO in ncclLaunchKernel (enqueue.cc)] NCHANNELS is: 4x3004c0s1b1n0:59807:59807 [0] NCCL INFO AllReduce: opCount 0 sendbuff 0x14811f600200 recvbuff 0x14811f600200 count 1 datatype 1 op 0 root 0 comm 0x55908382e870 [nranks=20] stream 0x55909fa277c0
x3004c0s1b1n0:59807:59807 [0] NCCL INFO misc/utils.cc:235 memory stack hunk malloc(65536)
[LYD INFO in ncclLaunchKernel (enqueue.cc)] NCHANNELS is: 4x3004c0s1b1n0:59810:59810 [1] NCCL INFO AllReduce: opCount 0 sendbuff 0x149ffb600200 recvbuff 0x149ffb600200 count 1 datatype 1 op 0 root 0 comm 0x558210f3b7f0 [nranks=20] stream 0x55822ba50290
x3004c0s1b1n0:59810:59810 [1] NCCL INFO misc/utils.cc:235 memory stack hunk malloc(65536)
[LYD INFO in ncclLaunchKernel (enqueue.cc)] NCHANNELS is: 4
[LYD INFO in NCCL_KERN_NAME (common.h)] 6 AllReduce TREE LL Sum uint8_t Elapsed time: 761407 us

[LYD INFO in NCCL_KERN_NAME (common.h)] 4 AllReduce TREE LL Sum uint8_t Elapsed time: 711972 us

[LYD INFO in NCCL_KERN_NAME (common.h)] 7 AllReduce TREE LL Sum uint8_t Elapsed time: 717566 us

[LYD INFO in NCCL_KERN_NAME (common.h)] 5 AllReduce TREE LL Sum uint8_t Elapsed time: 691238 us
x3004c0s1b1n0:59807:59807 [0] NCCL INFO AllReduce: opCount 1 sendbuff 0x14811f600000 recvbuff 0x14811f600000 count 1 datatype 1 op 0 root 0 comm 0x55908382e870 [nranks=20] stream 0x55909fa277c0
[LYD INFO in ncclLaunchKernel (enqueue.cc)] NCHANNELS is: 4x3004c0s1b1n0:59819:59819 [3] NCCL INFO AllReduce: opCount 1 sendbuff 0x14f0bfa00000 recvbuff 0x14f0bfa00000 count 1 datatype 1 op 0 root 0 comm 0x5574049a5b80 [nranks=20] stream 0x55741debaec0
[LYD INFO in ncclLaunchKernel (enqueue.cc)] NCHANNELS is: 4x3004c0s1b1n0:59810:59810 [1] NCCL INFO AllReduce: opCount 1 sendbuff 0x149ffb600000 recvbuff 0x149ffb600000 count 1 datatype 1 op 0 root 0 comm 0x558210f3b7f0 [nranks=20] stream 0x55822ba50290
[LYD INFO in ncclLaunchKernel (enqueue.cc)] NCHANNELS is: 4x3004c0s1b1n0:59815:59815 [2] NCCL INFO AllReduce: opCount 1 sendbuff 0x14bd5f600000 recvbuff 0x14bd5f600000 count 1 datatype 1 op 0 root 0 comm 0x5594df0e9780 [nranks=20] stream 0x5594f80214c0
[LYD INFO in ncclLaunchKernel (enqueue.cc)] NCHANNELS is: 4
[LYD INFO in NCCL_KERN_NAME (common.h)] 6 AllReduce TREE LL Sum uint8_t Elapsed time: 28306 us

[LYD INFO in NCCL_KERN_NAME (common.h)] 5 AllReduce TREE LL Sum uint8_t Elapsed time: 469826 us

[LYD INFO in NCCL_KERN_NAME (common.h)] 4 AllReduce TREE LL Sum uint8_t Elapsed time: 11430484 us

[LYD INFO in NCCL_KERN_NAME (common.h)] 7 AllReduce TREE LL Sum uint8_t Elapsed time: 1823952 us
x3004c0s1b1n0:59807:59807 [0] NCCL INFO AllReduce: opCount 2 sendbuff 0x14811f600000 recvbuff 0x14811f600000 count 1 datatype 8 op 3 root 0 comm 0x55908382e870 [nranks=20] stream 0x55909fa277c0
[LYD INFO in ncclLaunchKernel (enqueue.cc)] NCHANNELS is: 4x3004c0s1b1n0:59810:59810 [1] NCCL INFO AllReduce: opCount 2 sendbuff 0x149ffb600000 recvbuff 0x149ffb600000 count 1 datatype 8 op 3 root 0 comm 0x558210f3b7f0 [nranks=20] stream 0x55822ba50290
[LYD INFO in ncclLaunchKernel (enqueue.cc)] NCHANNELS is: 4x3004c0s1b1n0:59815:59815 [2] NCCL INFO AllReduce: opCount 2 sendbuff 0x14bd5f600000 recvbuff 0x14bd5f600000 count 1 datatype 8 op 3 root 0 comm 0x5594df0e9780 [nranks=20] stream 0x5594f80214c0
[LYD INFO in ncclLaunchKernel (enqueue.cc)] NCHANNELS is: 4x3004c0s1b1n0:59819:59819 [3] NCCL INFO AllReduce: opCount 2 sendbuff 0x14f0bfa00000 recvbuff 0x14f0bfa00000 count 1 datatype 8 op 3 root 0 comm 0x5574049a5b80 [nranks=20] stream 0x55741debaec0
[LYD INFO in ncclLaunchKernel (enqueue.cc)] NCHANNELS is: 4
[LYD INFO in NCCL_FUNC_NAME (common.h)] 4 AllReduce TREE LL Min double Elapsed time: 41557 us

[LYD INFO in NCCL_KERN_NAME (common.h)] 4 AllReduce TREE LL Sum double Elapsed time: 69625 us
x3004c0s1b1n0:59807:59807 [0] NCCL INFO AllReduce: opCount 3 sendbuff 0x14811f600200 recvbuff 0x14811f600200 count 1 datatype 1 op 0 root 0 comm 0x55908382e870 [nranks=20] stream 0x55909fa277c0
[LYD INFO in ncclLaunchKernel (enqueue.cc)] NCHANNELS is: 4
[LYD INFO in NCCL_FUNC_NAME (common.h)] 7 AllReduce TREE LL Min double Elapsed time: 4 us

[LYD INFO in NCCL_KERN_NAME (common.h)] 7 AllReduce TREE LL Sum double Elapsed time: 28150 us
x3004c0s1b1n0:59819:59819 [3] NCCL INFO AllReduce: opCount 3 sendbuff 0x14f0bfa00200 recvbuff 0x14f0bfa00200 count 1 datatype 1 op 0 root 0 comm 0x5574049a5b80 [nranks=20] stream 0x55741debaec0
[LYD INFO in ncclLaunchKernel (enqueue.cc)] NCHANNELS is: 4
[LYD INFO in NCCL_FUNC_NAME (common.h)] 5 AllReduce TREE LL Min double Elapsed time: 25681 us

[LYD INFO in NCCL_KERN_NAME (common.h)] 5 AllReduce TREE LL Sum double Elapsed time: 53828 us
x3004c0s1b1n0:59810:59810 [1] NCCL INFO AllReduce: opCount 3 sendbuff 0x149ffb600200 recvbuff 0x149ffb600200 count 1 datatype 1 op 0 root 0 comm 0x558210f3b7f0 [nranks=20] stream 0x55822ba50290
[LYD INFO in ncclLaunchKernel (enqueue.cc)] NCHANNELS is: 4
[LYD INFO in NCCL_FUNC_NAME (common.h)] 6 AllReduce TREE LL Min double Elapsed time: 10469 us

[LYD INFO in NCCL_KERN_NAME (common.h)] 6 AllReduce TREE LL Sum double Elapsed time: 43638 us
x3004c0s1b1n0:59815:59815 [2] NCCL INFO AllReduce: opCount 3 sendbuff 0x14bd5f600200 recvbuff 0x14bd5f600200 count 1 datatype 1 op 0 root 0 comm 0x5594df0e9780 [nranks=20] stream 0x5594f80214c0
[LYD INFO in ncclLaunchKernel (enqueue.cc)] NCHANNELS is: 4
[LYD INFO in NCCL_KERN_NAME (common.h)] 5 AllReduce TREE LL Sum uint8_t Elapsed time: 37064 us

[LYD INFO in NCCL_KERN_NAME (common.h)] 4 AllReduce TREE LL Sum uint8_t Elapsed time: 57665 us

[LYD INFO in NCCL_KERN_NAME (common.h)] 6 AllReduce TREE LL Sum uint8_t Elapsed time: 32416 us

[LYD INFO in NCCL_KERN_NAME (common.h)] 7 AllReduce TREE LL Sum uint8_t Elapsed time: 44578 us
 > number of parameters on (tensor, pipeline) model parallel rank (0, 4): 39354880
 > number of parameters on (tensor, pipeline) model parallel rank (0, 6): 39354880
 > number of parameters on (tensor, pipeline) model parallel rank (0, 7): 39354880
 > number of parameters on (tensor, pipeline) model parallel rank (0, 5): 39354880
x3004c0s1b1n0:59807:59807 [0] NCCL INFO AllReduce: opCount 4 sendbuff 0x14811f600400 recvbuff 0x14811f600400 count 1 datatype 1 op 0 root 0 comm 0x55908382e870 [nranks=20] stream 0x55909fa277c0
[LYD INFO in ncclLaunchKernel (enqueue.cc)] NCHANNELS is: 4x3004c0s1b1n0:59815:59815 [2] NCCL INFO AllReduce: opCount 4 sendbuff 0x14bd5f600400 recvbuff 0x14bd5f600400 count 1 datatype 1 op 0 root 0 comm 0x5594df0e9780 [nranks=20] stream 0x5594f80214c0
[LYD INFO in ncclLaunchKernel (enqueue.cc)] NCHANNELS is: 4x3004c0s1b1n0:59819:59819 [3] NCCL INFO AllReduce: opCount 4 sendbuff 0x14f0bfa00400 recvbuff 0x14f0bfa00400 count 1 datatype 1 op 0 root 0 comm 0x5574049a5b80 [nranks=20] stream 0x55741debaec0
[LYD INFO in ncclLaunchKernel (enqueue.cc)] NCHANNELS is: 4x3004c0s1b1n0:59810:59810 [1] NCCL INFO AllReduce: opCount 4 sendbuff 0x149ffb600400 recvbuff 0x149ffb600400 count 1 datatype 1 op 0 root 0 comm 0x558210f3b7f0 [nranks=20] stream 0x55822ba50290
[LYD INFO in ncclLaunchKernel (enqueue.cc)] NCHANNELS is: 4
[LYD INFO in NCCL_KERN_NAME (common.h)] 7 AllReduce TREE LL Sum uint8_t Elapsed time: 2243913 us
x3004c0s1b1n0:59819:59819 [3] NCCL INFO AllReduce: opCount 5 sendbuff 0x14f0bfa15200 recvbuff 0x14f0bfa15200 count 1 datatype 1 op 0 root 0 comm 0x5574049a5b80 [nranks=20] stream 0x55741debaec0
[LYD INFO in ncclLaunchKernel (enqueue.cc)] NCHANNELS is: 4
[LYD INFO in NCCL_KERN_NAME (common.h)] 5 AllReduce TREE LL Sum uint8_t Elapsed time: 2245238 us
x3004c0s1b1n0:59810:59810 [1] NCCL INFO AllReduce: opCount 5 sendbuff 0x149ffb615200 recvbuff 0x149ffb615200 count 1 datatype 1 op 0 root 0 comm 0x558210f3b7f0 [nranks=20] stream 0x55822ba50290
[LYD INFO in ncclLaunchKernel (enqueue.cc)] NCHANNELS is: 4
[LYD INFO in NCCL_KERN_NAME (common.h)] 6 AllReduce TREE LL Sum uint8_t Elapsed time: 2275041 us
x3004c0s1b1n0:59815:59815 [2] NCCL INFO AllReduce: opCount 5 sendbuff 0x14bd5f615200 recvbuff 0x14bd5f615200 count 1 datatype 1 op 0 root 0 comm 0x5594df0e9780 [nranks=20] stream 0x5594f80214c0
[LYD INFO in ncclLaunchKernel (enqueue.cc)] NCHANNELS is: 4
[LYD INFO in NCCL_KERN_NAME (common.h)] 4 AllReduce TREE LL Sum uint8_t Elapsed time: 2270287 us
x3004c0s1b1n0:59807:59807 [0] NCCL INFO AllReduce: opCount 5 sendbuff 0x14811f615200 recvbuff 0x14811f615200 count 1 datatype 1 op 0 root 0 comm 0x55908382e870 [nranks=20] stream 0x55909fa277c0
[LYD INFO in ncclLaunchKernel (enqueue.cc)] NCHANNELS is: 4
[LYD INFO in NCCL_KERN_NAME (common.h)] 5 AllReduce TREE LL Sum uint8_t Elapsed time: 59411 us
x3004c0s1b1n0:59810:59810 [1] NCCL INFO AllReduce: opCount 6 sendbuff 0x149ffb600400 recvbuff 0x149ffb600400 count 1 datatype 1 op 0 root 0 comm 0x558210f3b7f0 [nranks=20] stream 0x55822ba50290
[LYD INFO in ncclLaunchKernel (enqueue.cc)] NCHANNELS is: 4
[LYD INFO in NCCL_KERN_NAME (common.h)] 6 AllReduce TREE LL Sum uint8_t Elapsed time: 47445 us
x3004c0s1b1n0:59815:59815 [2] NCCL INFO AllReduce: opCount 6 sendbuff 0x14bd5f600400 recvbuff 0x14bd5f600400 count 1 datatype 1 op 0 root 0 comm 0x5594df0e9780 [nranks=20] stream 0x5594f80214c0
[LYD INFO in ncclLaunchKernel (enqueue.cc)] NCHANNELS is: 4
[LYD INFO in NCCL_KERN_NAME (common.h)] 4 AllReduce TREE LL Sum uint8_t Elapsed time: 35277 us
x3004c0s1b1n0:59807:59807 [0] NCCL INFO AllReduce: opCount 6 sendbuff 0x14811f600400 recvbuff 0x14811f600400 count 1 datatype 1 op 0 root 0 comm 0x55908382e870 [nranks=20] stream 0x55909fa277c0
[LYD INFO in ncclLaunchKernel (enqueue.cc)] NCHANNELS is: 4
[LYD INFO in NCCL_KERN_NAME (common.h)] 7 AllReduce TREE LL Sum uint8_t Elapsed time: 61914 us
x3004c0s1b1n0:59819:59819 [3] NCCL INFO AllReduce: opCount 6 sendbuff 0x14f0bfa00400 recvbuff 0x14f0bfa00400 count 1 datatype 1 op 0 root 0 comm 0x5574049a5b80 [nranks=20] stream 0x55741debaec0
[LYD INFO in ncclLaunchKernel (enqueue.cc)] NCHANNELS is: 4
[LYD INFO in NCCL_KERN_NAME (common.h)] 5 AllReduce TREE LL Sum uint8_t Elapsed time: 52714 us

[LYD INFO in NCCL_KERN_NAME (common.h)] 4 AllReduce TREE LL Sum uint8_t Elapsed time: 32431 us

[LYD INFO in NCCL_KERN_NAME (common.h)] 6 AllReduce TREE LL Sum uint8_t Elapsed time: 44591 us

[LYD INFO in NCCL_KERN_NAME (common.h)] 7 AllReduce TREE LL Sum uint8_t Elapsed time: 17470 us
NCCL version 2.14.3+cuda11.8
x3004c0s1b1n0:59807:59807 [0] NCCL INFO init.cc:1147 Cuda Host Alloc Size 4 pointer 0x1480dce00400
NCCL version 2.14.3+cuda11.8
x3004c0s1b1n0:59815:59815 [2] NCCL INFO init.cc:1147 Cuda Host Alloc Size 4 pointer 0x14bd1ee00400
x3004c0s1b1n0:59807:64311 [0] NCCL INFO Using network IB
x3004c0s1b1n0:59815:64313 [2] NCCL INFO Using network IB
NCCL version 2.14.3+cuda11.8
x3004c0s1b1n0:59810:59810 [1] NCCL INFO init.cc:1147 Cuda Host Alloc Size 4 pointer 0x149fbae00400
NCCL version 2.14.3+cuda11.8
x3004c0s1b1n0:59819:59819 [3] NCCL INFO init.cc:1147 Cuda Host Alloc Size 4 pointer 0x14f0c3400400
x3004c0s1b1n0:59810:64315 [1] NCCL INFO Using network IB
x3004c0s1b1n0:59819:64317 [3] NCCL INFO Using network IB
x3004c0s1b1n0:59807:64311 [0] NCCL INFO NET/IB : GPU Direct RDMA Enabled for HCA 0 'mlx5_0'
x3004c0s1b1n0:59807:64311 [0] NCCL INFO NET/IB : GPU Direct RDMA Enabled for HCA 1 'mlx5_1'
x3004c0s1b1n0:59807:64311 [0] NCCL INFO GPU Direct RDMA Disabled for GPU 7000 / HCA 0 (distance 7 > 4)
x3004c0s1b1n0:59807:64311 [0] NCCL INFO GPU Direct RDMA Disabled for GPU 7000 / HCA 1 (distance 7 > 4)
x3004c0s1b1n0:59807:64311 [0] NCCL INFO === System : maxBw 5000.0 totalBw 0.0 ===
x3004c0s1b1n0:59807:64311 [0] NCCL INFO CPU/3 (1/2/-1)
x3004c0s1b1n0:59807:64311 [0] NCCL INFO + SYS[5000.0] - CPU/0
x3004c0s1b1n0:59807:64311 [0] NCCL INFO + SYS[5000.0] - CPU/2
x3004c0s1b1n0:59807:64311 [0] NCCL INFO + PCI[24.0] - PCI/5000 (11f8406811f8beef)
x3004c0s1b1n0:59807:64311 [0] NCCL INFO               + PCI[24.0] - GPU/7000 (0)
x3004c0s1b1n0:59807:64311 [0] NCCL INFO CPU/0 (1/2/-1)
x3004c0s1b1n0:59807:64311 [0] NCCL INFO + SYS[5000.0] - CPU/3
x3004c0s1b1n0:59807:64311 [0] NCCL INFO + SYS[5000.0] - CPU/2
x3004c0s1b1n0:59807:64311 [0] NCCL INFO + PCI[12.0] - NIC/C8000
x3004c0s1b1n0:59807:64311 [0] NCCL INFO CPU/2 (1/2/-1)
x3004c0s1b1n0:59807:64311 [0] NCCL INFO + SYS[5000.0] - CPU/3
x3004c0s1b1n0:59807:64311 [0] NCCL INFO + SYS[5000.0] - CPU/0
x3004c0s1b1n0:59807:64311 [0] NCCL INFO + PCI[12.0] - NIC/43000
x3004c0s1b1n0:59807:64311 [0] NCCL INFO ==========================================
x3004c0s1b1n0:59807:64311 [0] NCCL INFO GPU/7000 :GPU/7000 (0/5000.000000/LOC) CPU/3 (2/24.000000/PHB) CPU/0 (3/24.000000/SYS) CPU/2 (3/24.000000/SYS) 
x3004c0s1b1n0:59807:64311 [0] NCCL INFO Pattern 4, crossNic 0, nChannels 16, bw 44.000000/44.000000, type LOC/PIX, sameChannels 1
x3004c0s1b1n0:59807:64311 [0] NCCL INFO  0 : GPU/0
x3004c0s1b1n0:59807:64311 [0] NCCL INFO  1 : GPU/0
x3004c0s1b1n0:59807:64311 [0] NCCL INFO  2 : GPU/0
x3004c0s1b1n0:59807:64311 [0] NCCL INFO  3 : GPU/0
x3004c0s1b1n0:59807:64311 [0] NCCL INFO  4 : GPU/0
x3004c0s1b1n0:59807:64311 [0] NCCL INFO  5 : GPU/0
x3004c0s1b1n0:59807:64311 [0] NCCL INFO  6 : GPU/0
x3004c0s1b1n0:59807:64311 [0] NCCL INFO  7 : GPU/0
x3004c0s1b1n0:59807:64311 [0] NCCL INFO  8 : GPU/0
x3004c0s1b1n0:59807:64311 [0] NCCL INFO  9 : GPU/0
x3004c0s1b1n0:59807:64311 [0] NCCL INFO 10 : GPU/0
x3004c0s1b1n0:59807:64311 [0] NCCL INFO 11 : GPU/0
x3004c0s1b1n0:59807:64311 [0] NCCL INFO 12 : GPU/0
x3004c0s1b1n0:59807:64311 [0] NCCL INFO 13 : GPU/0
x3004c0s1b1n0:59807:64311 [0] NCCL INFO 14 : GPU/0
x3004c0s1b1n0:59807:64311 [0] NCCL INFO 15 : GPU/0
x3004c0s1b1n0:59807:64311 [0] NCCL INFO Pattern 3, crossNic 0, nChannels 16, bw 44.000000/44.000000, type LOC/PIX, sameChannels 1
x3004c0s1b1n0:59807:64311 [0] NCCL INFO  0 : GPU/0
x3004c0s1b1n0:59807:64311 [0] NCCL INFO  1 : GPU/0
x3004c0s1b1n0:59807:64311 [0] NCCL INFO  2 : GPU/0
x3004c0s1b1n0:59807:64311 [0] NCCL INFO  3 : GPU/0
x3004c0s1b1n0:59807:64311 [0] NCCL INFO  4 : GPU/0
x3004c0s1b1n0:59807:64311 [0] NCCL INFO  5 : GPU/0
x3004c0s1b1n0:59807:64311 [0] NCCL INFO  6 : GPU/0
x3004c0s1b1n0:59807:64311 [0] NCCL INFO  7 : GPU/0
x3004c0s1b1n0:59807:64311 [0] NCCL INFO  8 : GPU/0
x3004c0s1b1n0:59807:64311 [0] NCCL INFO  9 : GPU/0
x3004c0s1b1n0:59807:64311 [0] NCCL INFO 10 : GPU/0
x3004c0s1b1n0:59807:64311 [0] NCCL INFO 11 : GPU/0
x3004c0s1b1n0:59807:64311 [0] NCCL INFO 12 : GPU/0
x3004c0s1b1n0:59807:64311 [0] NCCL INFO 13 : GPU/0
x3004c0s1b1n0:59807:64311 [0] NCCL INFO 14 : GPU/0
x3004c0s1b1n0:59807:64311 [0] NCCL INFO 15 : GPU/0
x3004c0s1b1n0:59807:64311 [0] NCCL INFO Pattern 3, crossNic 0, nChannels 16, bw 44.000000/44.000000, type LOC/PIX, sameChannels 1
x3004c0s1b1n0:59807:64311 [0] NCCL INFO  0 : GPU/0
x3004c0s1b1n0:59807:64311 [0] NCCL INFO  1 : GPU/0
x3004c0s1b1n0:59807:64311 [0] NCCL INFO  2 : GPU/0
x3004c0s1b1n0:59807:64311 [0] NCCL INFO  3 : GPU/0
x3004c0s1b1n0:59807:64311 [0] NCCL INFO  4 : GPU/0
x3004c0s1b1n0:59807:64311 [0] NCCL INFO  5 : GPU/0
x3004c0s1b1n0:59807:64311 [0] NCCL INFO  6 : GPU/0
x3004c0s1b1n0:59807:64311 [0] NCCL INFO  7 : GPU/0
x3004c0s1b1n0:59807:64311 [0] NCCL INFO  8 : GPU/0
x3004c0s1b1n0:59807:64311 [0] NCCL INFO  9 : GPU/0
x3004c0s1b1n0:59807:64311 [0] NCCL INFO 10 : GPU/0
x3004c0s1b1n0:59807:64311 [0] NCCL INFO 11 : GPU/0
x3004c0s1b1n0:59807:64311 [0] NCCL INFO 12 : GPU/0
x3004c0s1b1n0:59807:64311 [0] NCCL INFO 13 : GPU/0
x3004c0s1b1n0:59807:64311 [0] NCCL INFO 14 : GPU/0
x3004c0s1b1n0:59807:64311 [0] NCCL INFO 15 : GPU/0
x3004c0s1b1n0:59807:64311 [0] NCCL INFO Tree 0 : -1 -> 0 -> -1/-1/-1
x3004c0s1b1n0:59807:64311 [0] NCCL INFO Tree 16 : -1 -> 0 -> -1/-1/-1
x3004c0s1b1n0:59807:64311 [0] NCCL INFO Tree 1 : -1 -> 0 -> -1/-1/-1
x3004c0s1b1n0:59807:64311 [0] NCCL INFO Tree 17 : -1 -> 0 -> -1/-1/-1
x3004c0s1b1n0:59807:64311 [0] NCCL INFO Tree 2 : -1 -> 0 -> -1/-1/-1
x3004c0s1b1n0:59807:64311 [0] NCCL INFO Tree 18 : -1 -> 0 -> -1/-1/-1
x3004c0s1b1n0:59807:64311 [0] NCCL INFO Tree 3 : -1 -> 0 -> -1/-1/-1
x3004c0s1b1n0:59807:64311 [0] NCCL INFO Tree 19 : -1 -> 0 -> -1/-1/-1
x3004c0s1b1n0:59807:64311 [0] NCCL INFO Tree 4 : -1 -> 0 -> -1/-1/-1
x3004c0s1b1n0:59807:64311 [0] NCCL INFO Tree 20 : -1 -> 0 -> -1/-1/-1
x3004c0s1b1n0:59807:64311 [0] NCCL INFO Tree 5 : -1 -> 0 -> -1/-1/-1
x3004c0s1b1n0:59807:64311 [0] NCCL INFO Tree 21 : -1 -> 0 -> -1/-1/-1
x3004c0s1b1n0:59807:64311 [0] NCCL INFO Tree 6 : -1 -> 0 -> -1/-1/-1
x3004c0s1b1n0:59807:64311 [0] NCCL INFO Tree 22 : -1 -> 0 -> -1/-1/-1
x3004c0s1b1n0:59807:64311 [0] NCCL INFO Tree 7 : -1 -> 0 -> -1/-1/-1
x3004c0s1b1n0:59807:64311 [0] NCCL INFO Tree 23 : -1 -> 0 -> -1/-1/-1
x3004c0s1b1n0:59807:64311 [0] NCCL INFO Tree 8 : -1 -> 0 -> -1/-1/-1
x3004c0s1b1n0:59807:64311 [0] NCCL INFO Tree 24 : -1 -> 0 -> -1/-1/-1
x3004c0s1b1n0:59807:64311 [0] NCCL INFO Tree 9 : -1 -> 0 -> -1/-1/-1
x3004c0s1b1n0:59807:64311 [0] NCCL INFO Tree 25 : -1 -> 0 -> -1/-1/-1
x3004c0s1b1n0:59807:64311 [0] NCCL INFO Tree 10 : -1 -> 0 -> -1/-1/-1
x3004c0s1b1n0:59807:64311 [0] NCCL INFO Tree 26 : -1 -> 0 -> -1/-1/-1
x3004c0s1b1n0:59807:64311 [0] NCCL INFO Tree 11 : -1 -> 0 -> -1/-1/-1
x3004c0s1b1n0:59807:64311 [0] NCCL INFO Tree 27 : -1 -> 0 -> -1/-1/-1
x3004c0s1b1n0:59807:64311 [0] NCCL INFO Tree 12 : -1 -> 0 -> -1/-1/-1
x3004c0s1b1n0:59807:64311 [0] NCCL INFO Tree 28 : -1 -> 0 -> -1/-1/-1
x3004c0s1b1n0:59807:64311 [0] NCCL INFO Tree 13 : -1 -> 0 -> -1/-1/-1
x3004c0s1b1n0:59807:64311 [0] NCCL INFO Tree 29 : -1 -> 0 -> -1/-1/-1
x3004c0s1b1n0:59807:64311 [0] NCCL INFO Tree 14 : -1 -> 0 -> -1/-1/-1
x3004c0s1b1n0:59807:64311 [0] NCCL INFO Tree 30 : -1 -> 0 -> -1/-1/-1
x3004c0s1b1n0:59807:64311 [0] NCCL INFO Tree 15 : -1 -> 0 -> -1/-1/-1
x3004c0s1b1n0:59807:64311 [0] NCCL INFO Tree 31 : -1 -> 0 -> -1/-1/-1
x3004c0s1b1n0:59807:64311 [0] NCCL INFO Channel 00/32 :    0
x3004c0s1b1n0:59807:64311 [0] NCCL INFO Channel 01/32 :    0
x3004c0s1b1n0:59807:64311 [0] NCCL INFO Channel 02/32 :    0
x3004c0s1b1n0:59807:64311 [0] NCCL INFO Channel 03/32 :    0
x3004c0s1b1n0:59807:64311 [0] NCCL INFO Channel 04/32 :    0
x3004c0s1b1n0:59807:64311 [0] NCCL INFO Channel 05/32 :    0
x3004c0s1b1n0:59807:64311 [0] NCCL INFO Channel 06/32 :    0
x3004c0s1b1n0:59807:64311 [0] NCCL INFO Channel 07/32 :    0
x3004c0s1b1n0:59807:64311 [0] NCCL INFO Channel 08/32 :    0
x3004c0s1b1n0:59807:64311 [0] NCCL INFO Channel 09/32 :    0
x3004c0s1b1n0:59807:64311 [0] NCCL INFO Channel 10/32 :    0
x3004c0s1b1n0:59807:64311 [0] NCCL INFO Channel 11/32 :    0
x3004c0s1b1n0:59807:64311 [0] NCCL INFO Channel 12/32 :    0
x3004c0s1b1n0:59807:64311 [0] NCCL INFO Channel 13/32 :    0
x3004c0s1b1n0:59807:64311 [0] NCCL INFO Channel 14/32 :    0
x3004c0s1b1n0:59807:64311 [0] NCCL INFO Channel 15/32 :    0
x3004c0s1b1n0:59807:64311 [0] NCCL INFO Channel 16/32 :    0
x3004c0s1b1n0:59807:64311 [0] NCCL INFO Channel 17/32 :    0
x3004c0s1b1n0:59807:64311 [0] NCCL INFO Channel 18/32 :    0
x3004c0s1b1n0:59807:64311 [0] NCCL INFO Channel 19/32 :    0
x3004c0s1b1n0:59807:64311 [0] NCCL INFO Channel 20/32 :    0
x3004c0s1b1n0:59807:64311 [0] NCCL INFO Channel 21/32 :    0
x3004c0s1b1n0:59807:64311 [0] NCCL INFO Channel 22/32 :    0
x3004c0s1b1n0:59807:64311 [0] NCCL INFO Channel 23/32 :    0
x3004c0s1b1n0:59807:64311 [0] NCCL INFO Channel 24/32 :    0
x3004c0s1b1n0:59807:64311 [0] NCCL INFO Channel 25/32 :    0
x3004c0s1b1n0:59807:64311 [0] NCCL INFO Channel 26/32 :    0
x3004c0s1b1n0:59807:64311 [0] NCCL INFO Channel 27/32 :    0
x3004c0s1b1n0:59807:64311 [0] NCCL INFO Channel 28/32 :    0
x3004c0s1b1n0:59807:64311 [0] NCCL INFO Channel 29/32 :    0
x3004c0s1b1n0:59807:64311 [0] NCCL INFO Channel 30/32 :    0
x3004c0s1b1n0:59807:64311 [0] NCCL INFO Channel 31/32 :    0
x3004c0s1b1n0:59807:64311 [0] NCCL INFO Ring 00 : 0 -> 0 -> 0
x3004c0s1b1n0:59807:64311 [0] NCCL INFO Ring 01 : 0 -> 0 -> 0
x3004c0s1b1n0:59807:64311 [0] NCCL INFO Ring 02 : 0 -> 0 -> 0
x3004c0s1b1n0:59807:64311 [0] NCCL INFO Ring 03 : 0 -> 0 -> 0
x3004c0s1b1n0:59807:64311 [0] NCCL INFO Ring 04 : 0 -> 0 -> 0
x3004c0s1b1n0:59807:64311 [0] NCCL INFO Ring 05 : 0 -> 0 -> 0
x3004c0s1b1n0:59807:64311 [0] NCCL INFO Ring 06 : 0 -> 0 -> 0
x3004c0s1b1n0:59807:64311 [0] NCCL INFO Ring 07 : 0 -> 0 -> 0
x3004c0s1b1n0:59807:64311 [0] NCCL INFO Ring 08 : 0 -> 0 -> 0
x3004c0s1b1n0:59807:64311 [0] NCCL INFO Ring 09 : 0 -> 0 -> 0
x3004c0s1b1n0:59807:64311 [0] NCCL INFO Ring 10 : 0 -> 0 -> 0
x3004c0s1b1n0:59807:64311 [0] NCCL INFO Ring 11 : 0 -> 0 -> 0
x3004c0s1b1n0:59807:64311 [0] NCCL INFO Ring 12 : 0 -> 0 -> 0
x3004c0s1b1n0:59807:64311 [0] NCCL INFO Ring 13 : 0 -> 0 -> 0
x3004c0s1b1n0:59807:64311 [0] NCCL INFO Ring 14 : 0 -> 0 -> 0
x3004c0s1b1n0:59807:64311 [0] NCCL INFO Ring 15 : 0 -> 0 -> 0
x3004c0s1b1n0:59807:64311 [0] NCCL INFO Ring 16 : 0 -> 0 -> 0
x3004c0s1b1n0:59807:64311 [0] NCCL INFO Ring 17 : 0 -> 0 -> 0
x3004c0s1b1n0:59807:64311 [0] NCCL INFO Ring 18 : 0 -> 0 -> 0
x3004c0s1b1n0:59807:64311 [0] NCCL INFO Ring 19 : 0 -> 0 -> 0
x3004c0s1b1n0:59807:64311 [0] NCCL INFO Ring 20 : 0 -> 0 -> 0
x3004c0s1b1n0:59807:64311 [0] NCCL INFO Ring 21 : 0 -> 0 -> 0
x3004c0s1b1n0:59807:64311 [0] NCCL INFO Ring 22 : 0 -> 0 -> 0
