x3004c0s25b1n0:16550:17744 [1] NCCL INFO transport/net.cc:698 Cuda Host Alloc Size 9641984 pointer 0x154592a00000
x3004c0s25b1n0:16550:17744 [1] NCCL INFO Mem Realloc old size 0, new size 768 pointer 0x15459806e880
x3004c0s25b1n0:16552:17572 [3] NCCL INFO Connection to proxy localRank 3 -> connection 0x150bc0000e40
x3004c0s25b1n0:16552:17572 [3] NCCL INFO Channel 03/0 : 15[c7000] -> 17[46000] [send] via NET/IB/0
x3004c0s25b1n0:16552:17747 [3] NCCL INFO transport/net_ib.cc:596 Ib Alloc Size 26560 pointer 0x150bc0020000
x3004c0s25b1n0:16551:17575 [2] NCCL INFO Connection to proxy localRank 2 -> connection 0x14a7cc000e00
x3004c0s25b1n0:16551:17746 [2] NCCL INFO transport/p2p.cc:449 Cuda Alloc Size 6291456 pointer 0x14a81bc00000
x3004c0s25b1n0:16552:17747 [3] NCCL INFO NET/IB: Dev 1 Port 1 qpn 10997 mtu 5 GID 0 (80FE/DA0100FEFF000000)
x3004c0s25b1n0:16552:17747 [3] NCCL INFO transport/net_ib.cc:653 Ib Alloc Size 552 pointer 0x150bc0042000
x3004c0s25b1n0:16552:17747 [3] NCCL INFO transport/net.cc:571 Cuda Host Alloc Size 9641984 pointer 0x150c0b000000
x3004c0s25b1n0:16552:17747 [3] NCCL INFO Mem Realloc old size 0, new size 768 pointer 0x150bc002f5c0
x3004c0s25b1n0:16550:17744 [1] NCCL INFO transport/net_ib.cc:683 Ib Alloc Size 21688 pointer 0x15459807b000
x3004c0s25b1n0:16550:17744 [1] NCCL INFO transport/net_ib.cc:696 Ib Alloc Size 552 pointer 0x154598082000
x3004c0s25b1n0:16550:17744 [1] NCCL INFO transport/net_ib.cc:771 Ib Alloc Size 552 pointer 0x15459809d000
x3004c0s25b1n0:16550:17744 [1] NCCL INFO transport/net.cc:698 Cuda Host Alloc Size 9641984 pointer 0x154593400000
x3004c0s25b1n0:16551:17746 [2] NCCL INFO New proxy recv connection 7 from local rank 2, transport 0
x3004c0s25b1n0:16551:17575 [2] NCCL INFO Connection to proxy localRank 2 -> connection 0x14a7cc000e40
x3004c0s25b1n0:16552:17747 [3] NCCL INFO transport/net_ib.cc:596 Ib Alloc Size 26560 pointer 0x150bc0042000
x3004c0s25b1n0:16551:17746 [2] NCCL INFO transport/p2p.cc:449 Cuda Alloc Size 6291456 pointer 0x14a81c200000
x3004c0s25b1n0:16552:17747 [3] NCCL INFO NET/IB: Dev 0 Port 1 qpn 10753 mtu 5 GID 0 (80FE/880100FEFF000000)
x3004c0s25b1n0:16552:17747 [3] NCCL INFO transport/net_ib.cc:653 Ib Alloc Size 552 pointer 0x150bc0064000
x3004c0s25b1n0:16552:17747 [3] NCCL INFO transport/net.cc:571 Cuda Host Alloc Size 9641984 pointer 0x150c0ba00000
x3004c0s25b1n0:16552:17747 [3] NCCL INFO Mem Realloc old size 0, new size 768 pointer 0x150bc0051c50
x3004c0s25b1n0:16550:17744 [1] NCCL INFO transport/net_ib.cc:683 Ib Alloc Size 21688 pointer 0x15459809f000
x3004c0s25b1n0:16550:17744 [1] NCCL INFO transport/net_ib.cc:696 Ib Alloc Size 552 pointer 0x1545980a6000
x3004c0s25b1n0:16552:17747 [3] NCCL INFO transport/net_ib.cc:596 Ib Alloc Size 26560 pointer 0x150bc0066000
x3004c0s25b1n0:16552:17747 [3] NCCL INFO NET/IB: Dev 1 Port 1 qpn 11000 mtu 5 GID 0 (80FE/DA0100FEFF000000)
x3004c0s25b1n0:16552:17747 [3] NCCL INFO transport/net_ib.cc:653 Ib Alloc Size 552 pointer 0x150bc007d000
x3004c0s25b1n0:16552:17747 [3] NCCL INFO transport/net.cc:571 Cuda Host Alloc Size 9641984 pointer 0x150c0c400000
x3004c0s25b1n0:16551:17575 [2] NCCL INFO Connected all rings
x3004c0s25b1n0:16550:17744 [1] NCCL INFO transport/net_ib.cc:771 Ib Alloc Size 552 pointer 0x1545980c1000
x3004c0s25b1n0:16550:17744 [1] NCCL INFO transport/net.cc:698 Cuda Host Alloc Size 9641984 pointer 0x15458a000000
x3004c0s25b1n0:16549:17743 [0] NCCL INFO New proxy recv connection 4 from local rank 0, transport 0
x3004c0s25b1n0:16551:17746 [2] NCCL INFO New proxy recv connection 8 from local rank 2, transport 0
x3004c0s25b1n0:16552:17747 [3] NCCL INFO transport/net_ib.cc:596 Ib Alloc Size 26560 pointer 0x150bc007f000
x3004c0s25b1n0:16549:17577 [0] NCCL INFO Connection to proxy localRank 0 -> connection 0x152b04000d80
x3004c0s25b1n0:16549:17743 [0] NCCL INFO transport/p2p.cc:449 Cuda Alloc Size 6291456 pointer 0x152b4f000000
x3004c0s25b1n0:16550:17576 [1] NCCL INFO Channel 00/0 : 13[46000] -> 12[7000] via P2P/IPC/read
x3004c0s25b1n0:16550:17744 [1] NCCL INFO New proxy send connection 4 from local rank 1, transport 0
x3004c0s25b1n0:16551:17575 [2] NCCL INFO Connection to proxy localRank 2 -> connection 0x14a7cc000e80
x3004c0s25b1n0:16551:17746 [2] NCCL INFO transport/p2p.cc:449 Cuda Alloc Size 6291456 pointer 0x14a81e000000
x3004c0s25b1n0:16552:17747 [3] NCCL INFO NET/IB: Dev 0 Port 1 qpn 10756 mtu 5 GID 0 (80FE/880100FEFF000000)
x3004c0s25b1n0:16552:17747 [3] NCCL INFO transport/net_ib.cc:653 Ib Alloc Size 552 pointer 0x150bc0096000
x3004c0s25b1n0:16552:17747 [3] NCCL INFO transport/net.cc:571 Cuda Host Alloc Size 9641984 pointer 0x150c0ce00000
x3004c0s25b1n0:16552:17572 [3] NCCL INFO Connected all rings
x3004c0s25b1n0:16552:17572 [3] NCCL INFO Channel 00/0 : 15[c7000] -> 14[85000] via P2P/IPC/read
x3004c0s25b1n0:16552:17747 [3] NCCL INFO New proxy send connection 8 from local rank 3, transport 0
x3004c0s25b1n0:16549:17743 [0] NCCL INFO New proxy recv connection 5 from local rank 0, transport 0
x3004c0s25b1n0:16550:17576 [1] NCCL INFO Connection to proxy localRank 1 -> connection 0x154598000d80
x3004c0s25b1n0:16550:17744 [1] NCCL INFO transport/p2p.cc:430 Cuda Alloc Size 6291456 pointer 0x15458aa00000
x3004c0s25b1n0:16551:17746 [2] NCCL INFO New proxy recv connection 9 from local rank 2, transport 0
x3004c0s25b1n0:16549:17577 [0] NCCL INFO Connection to proxy localRank 0 -> connection 0x152b04000dc0
x3004c0s25b1n0:16549:17743 [0] NCCL INFO transport/p2p.cc:449 Cuda Alloc Size 6291456 pointer 0x152b4f600000
x3004c0s25b1n0:16552:17572 [3] NCCL INFO Connection to proxy localRank 3 -> connection 0x150bc0000e80
x3004c0s25b1n0:16550:17576 [1] NCCL INFO Channel 01/0 : 13[46000] -> 12[7000] via P2P/IPC/read
x3004c0s25b1n0:16550:17744 [1] NCCL INFO New proxy send connection 5 from local rank 1, transport 0
x3004c0s25b1n0:16552:17747 [3] NCCL INFO transport/p2p.cc:430 Cuda Alloc Size 6291456 pointer 0x150c0d800000
x3004c0s25b1n0:16551:17575 [2] NCCL INFO Connection to proxy localRank 2 -> connection 0x14a7cc000ec0
x3004c0s25b1n0:16551:17746 [2] NCCL INFO transport/p2p.cc:449 Cuda Alloc Size 6291456 pointer 0x14a81e600000
x3004c0s25b1n0:16549:17743 [0] NCCL INFO New proxy recv connection 6 from local rank 0, transport 0
x3004c0s25b1n0:16552:17572 [3] NCCL INFO Channel 01/0 : 15[c7000] -> 14[85000] via P2P/IPC/read
x3004c0s25b1n0:16552:17747 [3] NCCL INFO New proxy send connection 9 from local rank 3, transport 0
x3004c0s25b1n0:16550:17576 [1] NCCL INFO Connection to proxy localRank 1 -> connection 0x154598000dc0
x3004c0s25b1n0:16550:17744 [1] NCCL INFO transport/p2p.cc:430 Cuda Alloc Size 6291456 pointer 0x15458b000000
x3004c0s25b1n0:16549:17577 [0] NCCL INFO Connection to proxy localRank 0 -> connection 0x152b04000e00
x3004c0s25b1n0:16549:17743 [0] NCCL INFO transport/p2p.cc:449 Cuda Alloc Size 6291456 pointer 0x152b4fc00000
x3004c0s25b1n0:16551:17746 [2] NCCL INFO New proxy recv connection 10 from local rank 2, transport 0
x3004c0s25b1n0:16552:17572 [3] NCCL INFO Connection to proxy localRank 3 -> connection 0x150bc0000ec0
x3004c0s25b1n0:16552:17747 [3] NCCL INFO transport/p2p.cc:430 Cuda Alloc Size 6291456 pointer 0x150c0de00000
x3004c0s25b1n0:16550:17576 [1] NCCL INFO Channel 02/0 : 13[46000] -> 12[7000] via P2P/IPC/read
x3004c0s25b1n0:16550:17744 [1] NCCL INFO New proxy send connection 6 from local rank 1, transport 0
x3004c0s25b1n0:16549:17743 [0] NCCL INFO New proxy recv connection 7 from local rank 0, transport 0
x3004c0s25b1n0:16551:17575 [2] NCCL INFO Connection to proxy localRank 2 -> connection 0x14a7cc000f00
x3004c0s25b1n0:16551:17746 [2] NCCL INFO transport/p2p.cc:449 Cuda Alloc Size 6291456 pointer 0x14a81ec00000
x3004c0s25b1n0:16552:17572 [3] NCCL INFO Channel 02/0 : 15[c7000] -> 14[85000] via P2P/IPC/read
x3004c0s25b1n0:16550:17576 [1] NCCL INFO Connection to proxy localRank 1 -> connection 0x154598000e00
x3004c0s25b1n0:16550:17744 [1] NCCL INFO transport/p2p.cc:430 Cuda Alloc Size 6291456 pointer 0x15458b600000
x3004c0s25b1n0:16549:17577 [0] NCCL INFO Connection to proxy localRank 0 -> connection 0x152b04000e40
x3004c0s25b1n0:16549:17743 [0] NCCL INFO transport/p2p.cc:449 Cuda Alloc Size 6291456 pointer 0x152b50200000
x3004c0s25b1n0:16551:17746 [2] NCCL INFO New proxy recv connection 11 from local rank 2, transport 0
x3004c0s25b1n0:16552:17747 [3] NCCL INFO New proxy send connection 10 from local rank 3, transport 0
x3004c0s25b1n0:16552:17572 [3] NCCL INFO Connection to proxy localRank 3 -> connection 0x150bc0000f00
x3004c0s25b1n0:16552:17747 [3] NCCL INFO transport/p2p.cc:430 Cuda Alloc Size 6291456 pointer 0x150c0e400000
x3004c0s25b1n0:16550:17576 [1] NCCL INFO Channel 03/0 : 13[46000] -> 12[7000] via P2P/IPC/read
x3004c0s25b1n0:16550:17744 [1] NCCL INFO New proxy send connection 7 from local rank 1, transport 0
x3004c0s25b1n0:16550:17576 [1] NCCL INFO Connection to proxy localRank 1 -> connection 0x154598000e40
x3004c0s25b1n0:16550:17744 [1] NCCL INFO transport/p2p.cc:430 Cuda Alloc Size 6291456 pointer 0x15459da00000
x3004c0s25b1n0:16551:17575 [2] NCCL INFO Connection to proxy localRank 2 -> connection 0x14a7cc000f40
x3004c0s25b1n0:16551:17746 [2] NCCL INFO transport/p2p.cc:449 Cuda Alloc Size 6291456 pointer 0x14a81f200000
x3004c0s25b1n0:16552:17572 [3] NCCL INFO Channel 03/0 : 15[c7000] -> 14[85000] via P2P/IPC/read
x3004c0s25b1n0:16552:17747 [3] NCCL INFO New proxy send connection 11 from local rank 3, transport 0
x3004c0s25b1n0:16550:17576 [1] NCCL INFO Connected all rings
x3004c0s25b1n0:16549:17577 [0] NCCL INFO Connected all rings
x3004c0s25b1n0:16549:17577 [0] NCCL INFO Channel 00/0 : 12[7000] -> 13[46000] via P2P/IPC/read
x3004c0s25b1n0:16550:17744 [1] NCCL INFO New proxy recv connection 8 from local rank 1, transport 0
x3004c0s25b1n0:16549:17743 [0] NCCL INFO New proxy send connection 8 from local rank 0, transport 0
x3004c0s25b1n0:16552:17572 [3] NCCL INFO Connection to proxy localRank 3 -> connection 0x150bc0000f40
x3004c0s25b1n0:16552:17747 [3] NCCL INFO transport/p2p.cc:430 Cuda Alloc Size 6291456 pointer 0x150c0ea00000
x3004c0s25b1n0:16550:17576 [1] NCCL INFO Connection to proxy localRank 1 -> connection 0x154598000e80
x3004c0s25b1n0:16550:17744 [1] NCCL INFO transport/p2p.cc:449 Cuda Alloc Size 6291456 pointer 0x154589800000
x3004c0s25b1n0:16549:17577 [0] NCCL INFO Connection to proxy localRank 0 -> connection 0x152b04000e80
x3004c0s25b1n0:16549:17743 [0] NCCL INFO transport/p2p.cc:430 Cuda Alloc Size 6291456 pointer 0x152b52000000
x3004c0s25b1n0:16550:17744 [1] NCCL INFO New proxy recv connection 9 from local rank 1, transport 0
x3004c0s25b1n0:16549:17577 [0] NCCL INFO Channel 01/0 : 12[7000] -> 13[46000] via P2P/IPC/read
x3004c0s25b1n0:16549:17743 [0] NCCL INFO New proxy send connection 9 from local rank 0, transport 0
x3004c0s25b1n0:16550:17576 [1] NCCL INFO Connection to proxy localRank 1 -> connection 0x154598000ec0
x3004c0s25b1n0:16550:17744 [1] NCCL INFO transport/p2p.cc:449 Cuda Alloc Size 6291456 pointer 0x154586000000
x3004c0s25b1n0:16549:17577 [0] NCCL INFO Connection to proxy localRank 0 -> connection 0x152b04000ec0
x3004c0s25b1n0:16549:17743 [0] NCCL INFO transport/p2p.cc:430 Cuda Alloc Size 6291456 pointer 0x152b52600000
x3004c0s25b1n0:16550:17744 [1] NCCL INFO New proxy recv connection 10 from local rank 1, transport 0
x3004c0s25b1n0:16549:17577 [0] NCCL INFO Channel 02/0 : 12[7000] -> 13[46000] via P2P/IPC/read
x3004c0s25b1n0:16549:17743 [0] NCCL INFO New proxy send connection 10 from local rank 0, transport 0
x3004c0s25b1n0:16550:17576 [1] NCCL INFO Connection to proxy localRank 1 -> connection 0x154598000f00
x3004c0s25b1n0:16549:17577 [0] NCCL INFO Connection to proxy localRank 0 -> connection 0x152b04000f00
x3004c0s25b1n0:16550:17744 [1] NCCL INFO transport/p2p.cc:449 Cuda Alloc Size 6291456 pointer 0x154586600000
x3004c0s25b1n0:16549:17743 [0] NCCL INFO transport/p2p.cc:430 Cuda Alloc Size 6291456 pointer 0x152b52c00000
x3004c0s25b1n0:16550:17744 [1] NCCL INFO New proxy recv connection 11 from local rank 1, transport 0
x3004c0s25b1n0:16549:17577 [0] NCCL INFO Channel 03/0 : 12[7000] -> 13[46000] via P2P/IPC/read
x3004c0s25b1n0:16549:17743 [0] NCCL INFO New proxy send connection 11 from local rank 0, transport 0
x3004c0s25b1n0:16550:17576 [1] NCCL INFO Connection to proxy localRank 1 -> connection 0x154598000f40
x3004c0s25b1n0:16550:17744 [1] NCCL INFO transport/p2p.cc:449 Cuda Alloc Size 6291456 pointer 0x154586c00000
x3004c0s25b1n0:16550:17576 [1] NCCL INFO Channel 00/0 : 13[46000] -> 14[85000] via P2P/IPC/read
x3004c0s25b1n0:16550:17744 [1] NCCL INFO New proxy send connection 12 from local rank 1, transport 0
x3004c0s25b1n0:16549:17577 [0] NCCL INFO Connection to proxy localRank 0 -> connection 0x152b04000f40
x3004c0s25b1n0:16549:17743 [0] NCCL INFO transport/p2p.cc:430 Cuda Alloc Size 6291456 pointer 0x152b53200000
x3004c0s25b1n0:16550:17576 [1] NCCL INFO Connection to proxy localRank 1 -> connection 0x154598000f80
x3004c0s25b1n0:16550:17744 [1] NCCL INFO transport/p2p.cc:430 Cuda Alloc Size 6291456 pointer 0x154587200000
x3004c0s25b1n0:16550:17576 [1] NCCL INFO Channel 01/0 : 13[46000] -> 14[85000] via P2P/IPC/read
x3004c0s25b1n0:16550:17744 [1] NCCL INFO New proxy send connection 13 from local rank 1, transport 0
x3004c0s25b1n0:16550:17576 [1] NCCL INFO Connection to proxy localRank 1 -> connection 0x154598000fc0
x3004c0s25b1n0:16550:17744 [1] NCCL INFO transport/p2p.cc:430 Cuda Alloc Size 6291456 pointer 0x154587800000
x3004c0s25b1n0:16550:17576 [1] NCCL INFO Channel 02/0 : 13[46000] -> 14[85000] via P2P/IPC/read
x3004c0s25b1n0:16550:17744 [1] NCCL INFO New proxy send connection 14 from local rank 1, transport 0
x3004c0s25b1n0:16550:17576 [1] NCCL INFO Connection to proxy localRank 1 -> connection 0x154598001000
x3004c0s25b1n0:16550:17744 [1] NCCL INFO transport/p2p.cc:430 Cuda Alloc Size 6291456 pointer 0x154584000000
x3004c0s25b1n0:16550:17576 [1] NCCL INFO Channel 03/0 : 13[46000] -> 14[85000] via P2P/IPC/read
x3004c0s25b1n0:16550:17744 [1] NCCL INFO New proxy send connection 15 from local rank 1, transport 0
x3004c0s25b1n0:16550:17576 [1] NCCL INFO Connection to proxy localRank 1 -> connection 0x154598001040
x3004c0s25b1n0:16550:17744 [1] NCCL INFO transport/p2p.cc:430 Cuda Alloc Size 6291456 pointer 0x154584600000
x3004c0s25b1n0:16550:17576 [1] NCCL INFO GPU Direct RDMA Disabled for GPU 46000 / HCA 1 (distance 6 > 4)
x3004c0s25b1n0:16551:17746 [2] NCCL INFO New proxy recv connection 12 from local rank 2, transport 0
x3004c0s25b1n0:16551:17575 [2] NCCL INFO Connection to proxy localRank 2 -> connection 0x14a7cc000f80
x3004c0s25b1n0:16551:17746 [2] NCCL INFO transport/p2p.cc:449 Cuda Alloc Size 6291456 pointer 0x14a821000000
x3004c0s25b1n0:16550:17744 [1] NCCL INFO New proxy recv connection 16 from local rank 1, transport 2
x3004c0s25b1n0:16549:17577 [0] NCCL INFO GPU Direct RDMA Disabled for GPU 7000 / HCA 1 (distance 7 > 4)
x3004c0s25b1n0:16549:17743 [0] NCCL INFO Allocated 4194656 bytes of shared memory in /dev/shm/nccl-bbtlFA

x3004c0s25b1n0:16549:17743 [0] NCCL INFO New proxy recv connection 12 from local rank 0, transport 2
x3004c0s25b1n0:16551:17746 [2] NCCL INFO New proxy recv connection 13 from local rank 2, transport 0
x3004c0s25b1n0:16549:17577 [0] NCCL INFO Connection to proxy localRank 0 -> connection 0x152b04000f80
x3004c0s25b1n0:16550:17576 [1] NCCL INFO Connection to proxy localRank 1 -> connection 0x154598001080
x3004c0s25b1n0:16551:17575 [2] NCCL INFO Connection to proxy localRank 2 -> connection 0x14a7cc000fc0
x3004c0s25b1n0:16551:17746 [2] NCCL INFO transport/p2p.cc:449 Cuda Alloc Size 6291456 pointer 0x14a821600000
x3004c0s25b1n0:16550:17576 [1] NCCL INFO Channel 02/0 : 8[7000] -> 13[46000] [receive] via NET/IB/1
x3004c0s25b1n0:16550:17576 [1] NCCL INFO GPU Direct RDMA Disabled for GPU 46000 / HCA 0 (distance 7 > 4)
x3004c0s25b1n0:16550:17744 [1] NCCL INFO New proxy recv connection 17 from local rank 1, transport 2
x3004c0s25b1n0:16549:17577 [0] NCCL INFO Channel 00/0 : 8[7000] -> 12[7000] [receive] via NET/IB/1
x3004c0s25b1n0:16549:17577 [0] NCCL INFO GPU Direct RDMA Disabled for GPU 7000 / HCA 0 (distance 7 > 4)
x3004c0s25b1n0:16549:17743 [0] NCCL INFO New proxy recv connection 13 from local rank 0, transport 2
x3004c0s25b1n0:16550:17576 [1] NCCL INFO Connection to proxy localRank 1 -> connection 0x1545980010c0
x3004c0s25b1n0:16549:17577 [0] NCCL INFO Connection to proxy localRank 0 -> connection 0x152b04000fc0
x3004c0s25b1n0:16551:17746 [2] NCCL INFO New proxy recv connection 14 from local rank 2, transport 0
x3004c0s25b1n0:16551:17575 [2] NCCL INFO Connection to proxy localRank 2 -> connection 0x14a7cc001000
x3004c0s25b1n0:16551:17746 [2] NCCL INFO transport/p2p.cc:449 Cuda Alloc Size 6291456 pointer 0x14a821c00000
x3004c0s25b1n0:16550:17576 [1] NCCL INFO Channel 03/0 : 8[7000] -> 13[46000] [receive] via NET/IB/0
x3004c0s25b1n0:16549:17577 [0] NCCL INFO Channel 01/0 : 8[7000] -> 12[7000] [receive] via NET/IB/0
x3004c0s25b1n0:16549:17577 [0] NCCL INFO GPU Direct RDMA Disabled for GPU 7000 / HCA 1 (distance 7 > 4)
x3004c0s25b1n0:16549:17743 [0] NCCL INFO New proxy send connection 14 from local rank 0, transport 2
x3004c0s25b1n0:16551:17746 [2] NCCL INFO New proxy recv connection 15 from local rank 2, transport 0
x3004c0s25b1n0:16551:17575 [2] NCCL INFO Connection to proxy localRank 2 -> connection 0x14a7cc001040
x3004c0s25b1n0:16549:17577 [0] NCCL INFO Connection to proxy localRank 0 -> connection 0x152b04001000
x3004c0s25b1n0:16549:17577 [0] NCCL INFO Channel 02/0 : 12[7000] -> 16[7000] [send] via NET/IB/1
x3004c0s25b1n0:16549:17577 [0] NCCL INFO GPU Direct RDMA Disabled for GPU 7000 / HCA 0 (distance 7 > 4)
x3004c0s25b1n0:16549:17743 [0] NCCL INFO New proxy send connection 15 from local rank 0, transport 2
x3004c0s25b1n0:16551:17746 [2] NCCL INFO transport/p2p.cc:449 Cuda Alloc Size 6291456 pointer 0x14a822200000
x3004c0s25b1n0:16549:17577 [0] NCCL INFO Connection to proxy localRank 0 -> connection 0x152b04001040
x3004c0s25b1n0:16549:17577 [0] NCCL INFO Channel 03/0 : 12[7000] -> 16[7000] [send] via NET/IB/0
x3004c0s25b1n0:16551:17575 [2] NCCL INFO Channel 00/0 : 14[85000] -> 13[46000] via P2P/IPC/read
x3004c0s25b1n0:16551:17746 [2] NCCL INFO New proxy send connection 16 from local rank 2, transport 0
x3004c0s25b1n0:16551:17575 [2] NCCL INFO Connection to proxy localRank 2 -> connection 0x14a7cc001080
x3004c0s25b1n0:16551:17746 [2] NCCL INFO transport/p2p.cc:430 Cuda Alloc Size 6291456 pointer 0x14a822800000
x3004c0s25b1n0:16551:17575 [2] NCCL INFO Channel 01/0 : 14[85000] -> 13[46000] via P2P/IPC/read
x3004c0s25b1n0:16551:17746 [2] NCCL INFO New proxy send connection 17 from local rank 2, transport 0
x3004c0s25b1n0:16551:17575 [2] NCCL INFO Connection to proxy localRank 2 -> connection 0x14a7cc0010c0
x3004c0s25b1n0:16551:17746 [2] NCCL INFO transport/p2p.cc:430 Cuda Alloc Size 6291456 pointer 0x14a822e00000
x3004c0s25b1n0:16551:17575 [2] NCCL INFO Channel 02/0 : 14[85000] -> 13[46000] via P2P/IPC/read
x3004c0s25b1n0:16550:17744 [1] NCCL INFO transport/net_ib.cc:683 Ib Alloc Size 21688 pointer 0x1545980d2000
x3004c0s25b1n0:16550:17744 [1] NCCL INFO transport/net_ib.cc:696 Ib Alloc Size 552 pointer 0x154598019000
x3004c0s25b1n0:16551:17746 [2] NCCL INFO New proxy send connection 18 from local rank 2, transport 0
x3004c0s25b1n0:16551:17575 [2] NCCL INFO Connection to proxy localRank 2 -> connection 0x14a7cc001100
x3004c0s25b1n0:16549:17743 [0] NCCL INFO transport/net_ib.cc:596 Ib Alloc Size 26560 pointer 0x152b04025000
x3004c0s25b1n0:16551:17746 [2] NCCL INFO transport/p2p.cc:430 Cuda Alloc Size 6291456 pointer 0x14a823400000
x3004c0s25b1n0:16549:17743 [0] NCCL INFO NET/IB: Dev 1 Port 1 qpn 11002 mtu 5 GID 0 (80FE/DA0100FEFF000000)
x3004c0s25b1n0:16549:17743 [0] NCCL INFO transport/net_ib.cc:653 Ib Alloc Size 552 pointer 0x152b04047000
x3004c0s25b1n0:16549:17743 [0] NCCL INFO transport/net.cc:571 Cuda Host Alloc Size 9641984 pointer 0x152b55000000
x3004c0s25b1n0:16549:17743 [0] NCCL INFO Mem Realloc old size 0, new size 768 pointer 0x152b04034320
x3004c0s25b1n0:16550:17744 [1] NCCL INFO transport/net_ib.cc:771 Ib Alloc Size 552 pointer 0x1545980f2000
x3004c0s25b1n0:16550:17744 [1] NCCL INFO transport/net.cc:698 Cuda Host Alloc Size 9641984 pointer 0x154580000000
x3004c0s25b1n0:16549:17743 [0] NCCL INFO transport/net_ib.cc:596 Ib Alloc Size 26560 pointer 0x152b04049000
x3004c0s25b1n0:16550:17744 [1] NCCL INFO transport/net_ib.cc:683 Ib Alloc Size 21688 pointer 0x1545980f4000
x3004c0s25b1n0:16550:17744 [1] NCCL INFO transport/net_ib.cc:696 Ib Alloc Size 552 pointer 0x1545980fb000
x3004c0s25b1n0:16549:17743 [0] NCCL INFO NET/IB: Dev 0 Port 1 qpn 10757 mtu 5 GID 0 (80FE/880100FEFF000000)
x3004c0s25b1n0:16549:17743 [0] NCCL INFO transport/net_ib.cc:653 Ib Alloc Size 552 pointer 0x152b0406a000
x3004c0s25b1n0:16549:17743 [0] NCCL INFO transport/net.cc:571 Cuda Host Alloc Size 9641984 pointer 0x152b55a00000
x3004c0s25b1n0:16549:17743 [0] NCCL INFO Mem Realloc old size 0, new size 768 pointer 0x152b04057760
x3004c0s25b1n0:16551:17575 [2] NCCL INFO Channel 03/0 : 14[85000] -> 13[46000] via P2P/IPC/read
x3004c0s25b1n0:16551:17746 [2] NCCL INFO New proxy send connection 19 from local rank 2, transport 0
x3004c0s25b1n0:16550:17744 [1] NCCL INFO transport/net_ib.cc:771 Ib Alloc Size 552 pointer 0x154598116000
x3004c0s25b1n0:16550:17744 [1] NCCL INFO transport/net.cc:698 Cuda Host Alloc Size 9641984 pointer 0x154580a00000
x3004c0s25b1n0:16551:17575 [2] NCCL INFO Connection to proxy localRank 2 -> connection 0x14a7cc001140
x3004c0s25b1n0:16551:17746 [2] NCCL INFO transport/p2p.cc:430 Cuda Alloc Size 6291456 pointer 0x14a823a00000
x3004c0s25b1n0:16549:17743 [0] NCCL INFO transport/net_ib.cc:683 Ib Alloc Size 21688 pointer 0x152b0406c000
x3004c0s25b1n0:16549:17743 [0] NCCL INFO transport/net_ib.cc:696 Ib Alloc Size 552 pointer 0x152b04073000
x3004c0s25b1n0:16549:17743 [0] NCCL INFO transport/net_ib.cc:771 Ib Alloc Size 552 pointer 0x152b0408f000
x3004c0s25b1n0:16549:17743 [0] NCCL INFO transport/net.cc:698 Cuda Host Alloc Size 9641984 pointer 0x152b56400000
x3004c0s25b1n0:16550:17576 [1] NCCL INFO GPU Direct RDMA Disabled for GPU 46000 / HCA 1 (distance 6 > 4)
x3004c0s25b1n0:16550:17744 [1] NCCL INFO New proxy send connection 18 from local rank 1, transport 2
x3004c0s25b1n0:16552:17572 [3] NCCL INFO Connected all trees by HAO
x3004c0s25b1n0:16552:17572 [3] NCCL INFO threadThresholds 8/8/64 | 160/8/64 | 512 | 512
x3004c0s25b1n0:16552:17572 [3] NCCL INFO 4 coll channels, 4 p2p channels, 2 p2p channels per peer
x3004c0s25b1n0:16552:17747 [3] NCCL INFO New proxy send connection 12 from local rank 3, transport 2
x3004c0s25b1n0:16549:17743 [0] NCCL INFO transport/net_ib.cc:683 Ib Alloc Size 21688 pointer 0x152b04091000
x3004c0s25b1n0:16549:17743 [0] NCCL INFO transport/net_ib.cc:696 Ib Alloc Size 552 pointer 0x152b04098000
x3004c0s25b1n0:16550:17576 [1] NCCL INFO Connection to proxy localRank 1 -> connection 0x154598001100
x3004c0s25b1n0:16550:17576 [1] NCCL INFO Channel 02/0 : 13[46000] -> 8[7000] [send] via NET/IB/1
x3004c0s25b1n0:16550:17576 [1] NCCL INFO GPU Direct RDMA Disabled for GPU 46000 / HCA 0 (distance 7 > 4)
x3004c0s25b1n0:16550:17744 [1] NCCL INFO New proxy send connection 19 from local rank 1, transport 2
x3004c0s25b1n0:16552:17572 [3] NCCL INFO Connection to proxy localRank 3 -> connection 0x150bc0000f80
x3004c0s25b1n0:16552:17747 [3] NCCL INFO transport/net.cc:376 Cuda Alloc Size 8388608 pointer 0x150c10800000
x3004c0s25b1n0:16549:17743 [0] NCCL INFO transport/net_ib.cc:771 Ib Alloc Size 552 pointer 0x152b040b3000
x3004c0s25b1n0:16549:17743 [0] NCCL INFO transport/net.cc:698 Cuda Host Alloc Size 9641984 pointer 0x152b56e00000
x3004c0s25b1n0:16549:17577 [0] NCCL INFO GPU Direct RDMA Disabled for GPU 7000 / HCA 1 (distance 7 > 4)
x3004c0s25b1n0:16549:17743 [0] NCCL INFO New proxy send connection 16 from local rank 0, transport 2
x3004c0s25b1n0:16550:17576 [1] NCCL INFO Connection to proxy localRank 1 -> connection 0x154598001140
x3004c0s25b1n0:16550:17576 [1] NCCL INFO Channel 03/0 : 13[46000] -> 8[7000] [send] via NET/IB/0
x3004c0s25b1n0:16549:17577 [0] NCCL INFO Connection to proxy localRank 0 -> connection 0x152b04001080
x3004c0s25b1n0:16549:17577 [0] NCCL INFO Channel 02/0 : 12[7000] -> 1[46000] [send] via NET/IB/1
x3004c0s25b1n0:16549:17577 [0] NCCL INFO GPU Direct RDMA Disabled for GPU 7000 / HCA 0 (distance 7 > 4)
x3004c0s25b1n0:16549:17743 [0] NCCL INFO New proxy send connection 17 from local rank 0, transport 2
x3004c0s25b1n0:16549:17577 [0] NCCL INFO Connection to proxy localRank 0 -> connection 0x152b040010c0
x3004c0s25b1n0:16549:17577 [0] NCCL INFO Channel 03/0 : 12[7000] -> 1[46000] [send] via NET/IB/0
x3004c0s25b1n0:16549:17743 [0] NCCL INFO transport/net_ib.cc:596 Ib Alloc Size 26560 pointer 0x152b040bf000
x3004c0s25b1n0:16549:17743 [0] NCCL INFO NET/IB: Dev 1 Port 1 qpn 11006 mtu 5 GID 0 (80FE/DA0100FEFF000000)
x3004c0s25b1n0:16549:17743 [0] NCCL INFO transport/net_ib.cc:653 Ib Alloc Size 552 pointer 0x152b040d6000
x3004c0s25b1n0:16549:17743 [0] NCCL INFO transport/net.cc:571 Cuda Host Alloc Size 9641984 pointer 0x152b57800000
x3004c0s25b1n0:16549:17743 [0] NCCL INFO transport/net_ib.cc:596 Ib Alloc Size 26560 pointer 0x152b040d8000
x3004c0s25b1n0:16549:17743 [0] NCCL INFO NET/IB: Dev 0 Port 1 qpn 10762 mtu 5 GID 0 (80FE/880100FEFF000000)
x3004c0s25b1n0:16549:17743 [0] NCCL INFO transport/net_ib.cc:653 Ib Alloc Size 552 pointer 0x152b040ef000
x3004c0s25b1n0:16549:17743 [0] NCCL INFO transport/net.cc:571 Cuda Host Alloc Size 9641984 pointer 0x152b58200000
x3004c0s25b1n0:16549:17577 [0] NCCL INFO GPU Direct RDMA Disabled for GPU 7000 / HCA 1 (distance 7 > 4)
x3004c0s25b1n0:16549:17743 [0] NCCL INFO New proxy recv connection 18 from local rank 0, transport 2
x3004c0s25b1n0:16549:17577 [0] NCCL INFO Connection to proxy localRank 0 -> connection 0x152b04001100
x3004c0s25b1n0:16549:17577 [0] NCCL INFO Channel 02/0 : 1[46000] -> 12[7000] [receive] via NET/IB/1
x3004c0s25b1n0:16549:17577 [0] NCCL INFO GPU Direct RDMA Disabled for GPU 7000 / HCA 0 (distance 7 > 4)
x3004c0s25b1n0:16549:17743 [0] NCCL INFO New proxy recv connection 19 from local rank 0, transport 2
x3004c0s25b1n0:16549:17577 [0] NCCL INFO Connection to proxy localRank 0 -> connection 0x152b04001140
x3004c0s25b1n0:16549:17577 [0] NCCL INFO Channel 03/0 : 1[46000] -> 12[7000] [receive] via NET/IB/0
x3004c0s25b1n0:16549:17743 [0] NCCL INFO transport/net_ib.cc:683 Ib Alloc Size 21688 pointer 0x152b040fb000
x3004c0s25b1n0:16549:17743 [0] NCCL INFO transport/net_ib.cc:696 Ib Alloc Size 552 pointer 0x152b04102000
x3004c0s25b1n0:16549:17743 [0] NCCL INFO transport/net_ib.cc:771 Ib Alloc Size 552 pointer 0x152b0411d000
x3004c0s25b1n0:16549:17743 [0] NCCL INFO transport/net.cc:698 Cuda Host Alloc Size 9641984 pointer 0x152b58c00000
x3004c0s25b1n0:16549:17743 [0] NCCL INFO transport/net_ib.cc:683 Ib Alloc Size 21688 pointer 0x152b0411f000
x3004c0s25b1n0:16549:17743 [0] NCCL INFO transport/net_ib.cc:696 Ib Alloc Size 552 pointer 0x152b04126000
x3004c0s25b1n0:16549:17743 [0] NCCL INFO transport/net_ib.cc:771 Ib Alloc Size 552 pointer 0x152b04141000
x3004c0s25b1n0:16549:17743 [0] NCCL INFO transport/net.cc:698 Cuda Host Alloc Size 9641984 pointer 0x152b59600000
x3004c0s25b1n0:16549:17577 [0] NCCL INFO GPU Direct RDMA Disabled for GPU 7000 / HCA 1 (distance 7 > 4)
x3004c0s25b1n0:16549:17743 [0] NCCL INFO New proxy recv connection 20 from local rank 0, transport 2
x3004c0s25b1n0:16549:17577 [0] NCCL INFO Connection to proxy localRank 0 -> connection 0x152b04001180
x3004c0s25b1n0:16550:17744 [1] NCCL INFO transport/net_ib.cc:596 Ib Alloc Size 26560 pointer 0x154598122000
x3004c0s25b1n0:16550:17744 [1] NCCL INFO NET/IB: Dev 1 Port 1 qpn 11009 mtu 5 GID 0 (80FE/DA0100FEFF000000)
x3004c0s25b1n0:16550:17744 [1] NCCL INFO transport/net_ib.cc:653 Ib Alloc Size 552 pointer 0x154598139000
x3004c0s25b1n0:16550:17744 [1] NCCL INFO transport/net.cc:571 Cuda Host Alloc Size 9641984 pointer 0x154581400000
x3004c0s25b1n0:16550:17744 [1] NCCL INFO transport/net_ib.cc:596 Ib Alloc Size 26560 pointer 0x15459813b000
x3004c0s25b1n0:16550:17744 [1] NCCL INFO NET/IB: Dev 0 Port 1 qpn 10765 mtu 5 GID 0 (80FE/880100FEFF000000)
x3004c0s25b1n0:16550:17744 [1] NCCL INFO transport/net_ib.cc:653 Ib Alloc Size 552 pointer 0x154598152000
x3004c0s25b1n0:16550:17744 [1] NCCL INFO transport/net.cc:571 Cuda Host Alloc Size 9641984 pointer 0x15457e000000
x3004c0s25b1n0:16550:17744 [1] NCCL INFO New proxy recv connection 20 from local rank 1, transport 0
x3004c0s25b1n0:16550:17576 [1] NCCL INFO Connection to proxy localRank 1 -> connection 0x154598001180
x3004c0s25b1n0:16550:17744 [1] NCCL INFO transport/p2p.cc:449 Cuda Alloc Size 6291456 pointer 0x15457ea00000
x3004c0s25b1n0:16549:17577 [0] NCCL INFO Channel 02/0 : 16[7000] -> 12[7000] [receive] via NET/IB/1
x3004c0s25b1n0:16549:17577 [0] NCCL INFO GPU Direct RDMA Disabled for GPU 7000 / HCA 0 (distance 7 > 4)
x3004c0s25b1n0:16549:17743 [0] NCCL INFO New proxy recv connection 21 from local rank 0, transport 2
x3004c0s25b1n0:16550:17744 [1] NCCL INFO New proxy recv connection 21 from local rank 1, transport 0
x3004c0s25b1n0:16549:17577 [0] NCCL INFO Connection to proxy localRank 0 -> connection 0x152b040011c0
x3004c0s25b1n0:16550:17576 [1] NCCL INFO Connection to proxy localRank 1 -> connection 0x1545980011c0
x3004c0s25b1n0:16550:17744 [1] NCCL INFO transport/p2p.cc:449 Cuda Alloc Size 6291456 pointer 0x15457f000000
x3004c0s25b1n0:16549:17577 [0] NCCL INFO Channel 03/0 : 16[7000] -> 12[7000] [receive] via NET/IB/0
x3004c0s25b1n0:16549:17577 [0] NCCL INFO GPU Direct RDMA Disabled for GPU 7000 / HCA 1 (distance 7 > 4)
x3004c0s25b1n0:16549:17743 [0] NCCL INFO New proxy send connection 22 from local rank 0, transport 2
x3004c0s25b1n0:16550:17744 [1] NCCL INFO New proxy recv connection 22 from local rank 1, transport 0
x3004c0s25b1n0:16549:17577 [0] NCCL INFO Connection to proxy localRank 0 -> connection 0x152b04001200
x3004c0s25b1n0:16549:17577 [0] NCCL INFO Channel 00/0 : 12[7000] -> 8[7000] [send] via NET/IB/1
x3004c0s25b1n0:16549:17577 [0] NCCL INFO GPU Direct RDMA Disabled for GPU 7000 / HCA 0 (distance 7 > 4)
x3004c0s25b1n0:16549:17743 [0] NCCL INFO New proxy send connection 23 from local rank 0, transport 2
x3004c0s25b1n0:16550:17576 [1] NCCL INFO Connection to proxy localRank 1 -> connection 0x154598001200
x3004c0s25b1n0:16549:17577 [0] NCCL INFO Connection to proxy localRank 0 -> connection 0x152b04001240
x3004c0s25b1n0:16549:17577 [0] NCCL INFO Channel 01/0 : 12[7000] -> 8[7000] [send] via NET/IB/0
x3004c0s25b1n0:16550:17744 [1] NCCL INFO transport/p2p.cc:449 Cuda Alloc Size 6291456 pointer 0x15457f600000
x3004c0s25b1n0:16549:17743 [0] NCCL INFO transport/net_ib.cc:596 Ib Alloc Size 26560 pointer 0x152b04157000
x3004c0s25b1n0:16550:17744 [1] NCCL INFO New proxy recv connection 23 from local rank 1, transport 0
x3004c0s25b1n0:16549:17743 [0] NCCL INFO NET/IB: Dev 1 Port 1 qpn 11010 mtu 5 GID 0 (80FE/DA0100FEFF000000)
x3004c0s25b1n0:16549:17743 [0] NCCL INFO transport/net_ib.cc:653 Ib Alloc Size 552 pointer 0x152b0416e000
x3004c0s25b1n0:16549:17743 [0] NCCL INFO transport/net.cc:571 Cuda Host Alloc Size 9641984 pointer 0x152b5a000000
x3004c0s25b1n0:16549:17743 [0] NCCL INFO transport/net_ib.cc:596 Ib Alloc Size 26560 pointer 0x152b04170000
x3004c0s25b1n0:16549:17743 [0] NCCL INFO NET/IB: Dev 0 Port 1 qpn 10766 mtu 5 GID 0 (80FE/880100FEFF000000)
x3004c0s25b1n0:16549:17743 [0] NCCL INFO transport/net_ib.cc:653 Ib Alloc Size 552 pointer 0x152b04187000
x3004c0s25b1n0:16549:17743 [0] NCCL INFO transport/net.cc:571 Cuda Host Alloc Size 9641984 pointer 0x152b5aa00000
x3004c0s25b1n0:16550:17576 [1] NCCL INFO Connection to proxy localRank 1 -> connection 0x154598001240
x3004c0s25b1n0:16550:17744 [1] NCCL INFO transport/p2p.cc:449 Cuda Alloc Size 6291456 pointer 0x15457c000000
x3004c0s25b1n0:16550:17576 [1] NCCL INFO Connected all trees by HAO
x3004c0s25b1n0:16550:17576 [1] NCCL INFO threadThresholds 8/8/64 | 160/8/64 | 512 | 512
x3004c0s25b1n0:16550:17576 [1] NCCL INFO 4 coll channels, 4 p2p channels, 2 p2p channels per peer
x3004c0s25b1n0:16550:17744 [1] NCCL INFO New proxy send connection 24 from local rank 1, transport 2
x3004c0s25b1n0:16551:17575 [2] NCCL INFO Connected all trees by HAO
x3004c0s25b1n0:16551:17575 [2] NCCL INFO threadThresholds 8/8/64 | 160/8/64 | 512 | 512
x3004c0s25b1n0:16551:17575 [2] NCCL INFO 4 coll channels, 4 p2p channels, 2 p2p channels per peer
x3004c0s25b1n0:16551:17746 [2] NCCL INFO Allocated 4194656 bytes of shared memory in /dev/shm/nccl-lckmVG

x3004c0s25b1n0:16551:17746 [2] NCCL INFO New proxy send connection 20 from local rank 2, transport 2
x3004c0s25b1n0:16551:17575 [2] NCCL INFO Connection to proxy localRank 2 -> connection 0x14a7cc001180
x3004c0s25b1n0:16551:17746 [2] NCCL INFO transport/net.cc:376 Cuda Alloc Size 8388608 pointer 0x14a827000000
x3004c0s25b1n0:16549:17743 [0] NCCL INFO transport/net_ib.cc:683 Ib Alloc Size 21688 pointer 0x152b04189000
x3004c0s25b1n0:16549:17743 [0] NCCL INFO transport/net_ib.cc:696 Ib Alloc Size 552 pointer 0x152b04190000
x3004c0s25b1n0:16550:17576 [1] NCCL INFO Connection to proxy localRank 1 -> connection 0x154598001280
x3004c0s25b1n0:16550:17744 [1] NCCL INFO transport/net.cc:376 Cuda Alloc Size 8388608 pointer 0x15457a000000
x3004c0s25b1n0:16549:17743 [0] NCCL INFO transport/net_ib.cc:771 Ib Alloc Size 552 pointer 0x152b041ab000
x3004c0s25b1n0:16549:17743 [0] NCCL INFO transport/net.cc:698 Cuda Host Alloc Size 9641984 pointer 0x152b5b400000
x3004c0s25b1n0:16549:17743 [0] NCCL INFO transport/net_ib.cc:683 Ib Alloc Size 21688 pointer 0x152b041ad000
x3004c0s25b1n0:16549:17743 [0] NCCL INFO transport/net_ib.cc:696 Ib Alloc Size 552 pointer 0x152b041b4000
x3004c0s25b1n0:16549:17743 [0] NCCL INFO transport/net_ib.cc:771 Ib Alloc Size 552 pointer 0x152b041cf000
x3004c0s25b1n0:16549:17743 [0] NCCL INFO transport/net.cc:698 Cuda Host Alloc Size 9641984 pointer 0x152b5be00000
x3004c0s25b1n0:16549:17577 [0] NCCL INFO Connected all trees by HAO
x3004c0s25b1n0:16549:17577 [0] NCCL INFO threadThresholds 8/8/64 | 160/8/64 | 512 | 512
x3004c0s25b1n0:16549:17577 [0] NCCL INFO 4 coll channels, 4 p2p channels, 2 p2p channels per peer
x3004c0s25b1n0:16549:17743 [0] NCCL INFO New proxy send connection 24 from local rank 0, transport 2
x3004c0s25b1n0:16549:17577 [0] NCCL INFO Connection to proxy localRank 0 -> connection 0x152b04001280
x3004c0s25b1n0:16549:17577 [0] NCCL INFO init.cc:367 Cuda Alloc Size 5168 pointer 0x152b4be08800
x3004c0s25b1n0:16551:17575 [2] NCCL INFO init.cc:367 Cuda Alloc Size 5168 pointer 0x14a817e08800
x3004c0s25b1n0:16550:17576 [1] NCCL INFO init.cc:367 Cuda Alloc Size 5168 pointer 0x15459d808800
x3004c0s25b1n0:16552:17572 [3] NCCL INFO init.cc:367 Cuda Alloc Size 5168 pointer 0x150c07e08800
x3004c0s25b1n0:16551:17575 [2] NCCL INFO init.cc:392 Cuda Host Alloc Size 33554432 pointer 0x14a827800000
x3004c0s25b1n0:16551:17575 [2] NCCL INFO init.cc:398 Cuda Host Alloc Size 128 pointer 0x14a817400200
x3004c0s25b1n0:16551:17575 [2] NCCL INFO comm 0x55c6fc3460e0 rank 14 nranks 20 cudaDev 2 busId 85000 - Init COMPLETE
x3004c0s25b1n0:16552:17572 [3] NCCL INFO init.cc:392 Cuda Host Alloc Size 33554432 pointer 0x150c11000000
x3004c0s25b1n0:16552:17572 [3] NCCL INFO init.cc:398 Cuda Host Alloc Size 128 pointer 0x150c07400200
x3004c0s25b1n0:16552:17572 [3] NCCL INFO comm 0x55c8a118ae50 rank 15 nranks 20 cudaDev 3 busId c7000 - Init COMPLETE
x3004c0s25b1n0:16550:17576 [1] NCCL INFO init.cc:392 Cuda Host Alloc Size 33554432 pointer 0x154578000000
x3004c0s25b1n0:16550:17576 [1] NCCL INFO init.cc:398 Cuda Host Alloc Size 128 pointer 0x15459ce00200
x3004c0s25b1n0:16550:17576 [1] NCCL INFO comm 0x5602c4eedd60 rank 13 nranks 20 cudaDev 1 busId 46000 - Init COMPLETE
x3004c0s25b1n0:16551:16551 [2] NCCL INFO AllReduce: opCount 0 sendbuff 0x14a813a00200 recvbuff 0x14a813a00200 count 1 datatype 1 op 0 root 0 comm 0x55c6fc3460e0 [nranks=20] stream 0x55c7022e44d0
x3004c0s25b1n0:16551:16551 [2] NCCL INFO misc/utils.cc:235 memory stack hunk malloc(65536)
[LYD INFO in ncclLaunchKernel (enqueue.cc)] NCHANNELS is: 4x3004c0s25b1n0:16549:17743 [0] NCCL INFO transport/net.cc:376 Cuda Alloc Size 8388608 pointer 0x152b5e800000
x3004c0s25b1n0:16549:17577 [0] NCCL INFO init.cc:392 Cuda Host Alloc Size 33554432 pointer 0x152b5c800000
x3004c0s25b1n0:16549:17577 [0] NCCL INFO init.cc:398 Cuda Host Alloc Size 128 pointer 0x152b4b400200
x3004c0s25b1n0:16549:17577 [0] NCCL INFO comm 0x55b2a676fcb0 rank 12 nranks 20 cudaDev 0 busId 7000 - Init COMPLETE
x3004c0s25b1n0:16550:16550 [1] NCCL INFO AllReduce: opCount 0 sendbuff 0x1545df600200 recvbuff 0x1545df600200 count 1 datatype 1 op 0 root 0 comm 0x5602c4eedd60 [nranks=20] stream 0x5602c883be00
x3004c0s25b1n0:16550:16550 [1] NCCL INFO misc/utils.cc:235 memory stack hunk malloc(65536)
[LYD INFO in ncclLaunchKernel (enqueue.cc)] NCHANNELS is: 4x3004c0s25b1n0:16552:16552 [3] NCCL INFO AllReduce: opCount 0 sendbuff 0x150c03a00200 recvbuff 0x150c03a00200 count 1 datatype 1 op 0 root 0 comm 0x55c8a118ae50 [nranks=20] stream 0x55c8bc7a29f0
x3004c0s25b1n0:16552:16552 [3] NCCL INFO misc/utils.cc:235 memory stack hunk malloc(65536)
[LYD INFO in ncclLaunchKernel (enqueue.cc)] NCHANNELS is: 4x3004c0s25b1n0:16549:16549 [0] NCCL INFO AllReduce: opCount 0 sendbuff 0x152b47c00200 recvbuff 0x152b47c00200 count 1 datatype 1 op 0 root 0 comm 0x55b2a676fcb0 [nranks=20] stream 0x55b2a9ef1290
x3004c0s25b1n0:16549:16549 [0] NCCL INFO misc/utils.cc:235 memory stack hunk malloc(65536)
[LYD INFO in ncclLaunchKernel (enqueue.cc)] NCHANNELS is: 4
[LYD INFO in NCCL_KERN_NAME (common.h)] 14 AllReduce TREE LL Sum uint8_t Elapsed time: 69138 us

[LYD INFO in NCCL_KERN_NAME (common.h)] 15 AllReduce TREE LL Sum uint8_t Elapsed time: 42318 us

[LYD INFO in NCCL_KERN_NAME (common.h)] 12 AllReduce TREE LL Sum uint8_t Elapsed time: 33396 us

[LYD INFO in NCCL_KERN_NAME (common.h)] 13 AllReduce TREE LL Sum uint8_t Elapsed time: 61557 us
x3004c0s25b1n0:16552:16552 [3] NCCL INFO AllReduce: opCount 1 sendbuff 0x150c03a00000 recvbuff 0x150c03a00000 count 1 datatype 1 op 0 root 0 comm 0x55c8a118ae50 [nranks=20] stream 0x55c8bc7a29f0
[LYD INFO in ncclLaunchKernel (enqueue.cc)] NCHANNELS is: 4x3004c0s25b1n0:16550:16550 [1] NCCL INFO AllReduce: opCount 1 sendbuff 0x1545df600000 recvbuff 0x1545df600000 count 1 datatype 1 op 0 root 0 comm 0x5602c4eedd60 [nranks=20] stream 0x5602c883be00
[LYD INFO in ncclLaunchKernel (enqueue.cc)] NCHANNELS is: 4x3004c0s25b1n0:16549:16549 [0] NCCL INFO AllReduce: opCount 1 sendbuff 0x152b47c00000 recvbuff 0x152b47c00000 count 1 datatype 1 op 0 root 0 comm 0x55b2a676fcb0 [nranks=20] stream 0x55b2a9ef1290
[LYD INFO in ncclLaunchKernel (enqueue.cc)] NCHANNELS is: 4x3004c0s25b1n0:16551:16551 [2] NCCL INFO AllReduce: opCount 1 sendbuff 0x14a813a00000 recvbuff 0x14a813a00000 count 1 datatype 1 op 0 root 0 comm 0x55c6fc3460e0 [nranks=20] stream 0x55c7022e44d0
[LYD INFO in ncclLaunchKernel (enqueue.cc)] NCHANNELS is: 4
[LYD INFO in NCCL_KERN_NAME (common.h)] 13 AllReduce TREE LL Sum uint8_t Elapsed time: 10851529 us

[LYD INFO in NCCL_KERN_NAME (common.h)] 12 AllReduce TREE LL Sum uint8_t Elapsed time: 6800231 us

[LYD INFO in NCCL_KERN_NAME (common.h)] 14 AllReduce TREE LL Sum uint8_t Elapsed time: 1301563 us

[LYD INFO in NCCL_KERN_NAME (common.h)] 15 AllReduce TREE LL Sum uint8_t Elapsed time: 12572996 us
x3004c0s25b1n0:16552:16552 [3] NCCL INFO AllReduce: opCount 2 sendbuff 0x150c03a00000 recvbuff 0x150c03a00000 count 1 datatype 8 op 3 root 0 comm 0x55c8a118ae50 [nranks=20] stream 0x55c8bc7a29f0
[LYD INFO in ncclLaunchKernel (enqueue.cc)] NCHANNELS is: 4x3004c0s25b1n0:16551:16551 [2] NCCL INFO AllReduce: opCount 2 sendbuff 0x14a813a00000 recvbuff 0x14a813a00000 count 1 datatype 8 op 3 root 0 comm 0x55c6fc3460e0 [nranks=20] stream 0x55c7022e44d0
[LYD INFO in ncclLaunchKernel (enqueue.cc)] NCHANNELS is: 4x3004c0s25b1n0:16549:16549 [0] NCCL INFO AllReduce: opCount 2 sendbuff 0x152b47c00000 recvbuff 0x152b47c00000 count 1 datatype 8 op 3 root 0 comm 0x55b2a676fcb0 [nranks=20] stream 0x55b2a9ef1290
[LYD INFO in ncclLaunchKernel (enqueue.cc)] NCHANNELS is: 4x3004c0s25b1n0:16550:16550 [1] NCCL INFO AllReduce: opCount 2 sendbuff 0x1545df600000 recvbuff 0x1545df600000 count 1 datatype 8 op 3 root 0 comm 0x5602c4eedd60 [nranks=20] stream 0x5602c883be00
[LYD INFO in ncclLaunchKernel (enqueue.cc)] NCHANNELS is: 4
[LYD INFO in NCCL_FUNC_NAME (common.h)] 12 AllReduce TREE LL Min double Elapsed time: 2205 us

[LYD INFO in NCCL_FUNC_NAME (common.h)] 13 AllReduce TREE LL Min double Elapsed time: 6 us

[LYD INFO in NCCL_FUNC_NAME (common.h)] 14 AllReduce TREE LL Min double Elapsed time: 6 us

[LYD INFO in NCCL_FUNC_NAME (common.h)] 15 AllReduce TREE LL Min double Elapsed time: 4 us

[LYD INFO in NCCL_KERN_NAME (common.h)] 14 AllReduce TREE LL Sum double Elapsed time: 50853 us
x3004c0s25b1n0:16551:16551 [2] NCCL INFO AllReduce: opCount 3 sendbuff 0x14a813a00200 recvbuff 0x14a813a00200 count 1 datatype 1 op 0 root 0 comm 0x55c6fc3460e0 [nranks=20] stream 0x55c7022e44d0
[LYD INFO in ncclLaunchKernel (enqueue.cc)] NCHANNELS is: 4
[LYD INFO in NCCL_KERN_NAME (common.h)] 13 AllReduce TREE LL Sum double Elapsed time: 41573 us
x3004c0s25b1n0:16550:16550 [1] NCCL INFO AllReduce: opCount 3 sendbuff 0x1545df600200 recvbuff 0x1545df600200 count 1 datatype 1 op 0 root 0 comm 0x5602c4eedd60 [nranks=20] stream 0x5602c883be00
[LYD INFO in ncclLaunchKernel (enqueue.cc)] NCHANNELS is: 4
[LYD INFO in NCCL_KERN_NAME (common.h)] 15 AllReduce TREE LL Sum double Elapsed time: 63215 us
x3004c0s25b1n0:16552:16552 [3] NCCL INFO AllReduce: opCount 3 sendbuff 0x150c03a00200 recvbuff 0x150c03a00200 count 1 datatype 1 op 0 root 0 comm 0x55c8a118ae50 [nranks=20] stream 0x55c8bc7a29f0
[LYD INFO in ncclLaunchKernel (enqueue.cc)] NCHANNELS is: 4
[LYD INFO in NCCL_KERN_NAME (common.h)] 12 AllReduce TREE LL Sum double Elapsed time: 43771 us
x3004c0s25b1n0:16549:16549 [0] NCCL INFO AllReduce: opCount 3 sendbuff 0x152b47c00200 recvbuff 0x152b47c00200 count 1 datatype 1 op 0 root 0 comm 0x55b2a676fcb0 [nranks=20] stream 0x55b2a9ef1290
[LYD INFO in ncclLaunchKernel (enqueue.cc)] NCHANNELS is: 4
[LYD INFO in NCCL_KERN_NAME (common.h)] 13 AllReduce TREE LL Sum uint8_t Elapsed time: 42851 us

[LYD INFO in NCCL_KERN_NAME (common.h)] 14 AllReduce TREE LL Sum uint8_t Elapsed time: 53169 us

[LYD INFO in NCCL_KERN_NAME (common.h)] 12 AllReduce TREE LL Sum uint8_t Elapsed time: 21466 us

[LYD INFO in NCCL_KERN_NAME (common.h)] 15 AllReduce TREE LL Sum uint8_t Elapsed time: 30783 us
 > number of parameters on (tensor, pipeline) model parallel rank (0, 7): 78709760
 > number of parameters on (tensor, pipeline) model parallel rank (0, 6): 78709760
x3004c0s25b1n0:16549:16549 [0] NCCL INFO AllReduce: opCount 4 sendbuff 0x152b47c00400 recvbuff 0x152b47c00400 count 1 datatype 1 op 0 root 0 comm 0x55b2a676fcb0 [nranks=20] stream 0x55b2a9ef1290
[LYD INFO in ncclLaunchKernel (enqueue.cc)] NCHANNELS is: 4x3004c0s25b1n0:16551:16551 [2] NCCL INFO AllReduce: opCount 4 sendbuff 0x14a813a00400 recvbuff 0x14a813a00400 count 1 datatype 1 op 0 root 0 comm 0x55c6fc3460e0 [nranks=20] stream 0x55c7022e44d0
[LYD INFO in ncclLaunchKernel (enqueue.cc)] NCHANNELS is: 4x3004c0s25b1n0:16552:16552 [3] NCCL INFO AllReduce: opCount 4 sendbuff 0x150c03a00400 recvbuff 0x150c03a00400 count 1 datatype 1 op 0 root 0 comm 0x55c8a118ae50 [nranks=20] stream 0x55c8bc7a29f0
[LYD INFO in ncclLaunchKernel (enqueue.cc)] NCHANNELS is: 4x3004c0s25b1n0:16550:16550 [1] NCCL INFO AllReduce: opCount 4 sendbuff 0x1545df600400 recvbuff 0x1545df600400 count 1 datatype 1 op 0 root 0 comm 0x5602c4eedd60 [nranks=20] stream 0x5602c883be00
[LYD INFO in ncclLaunchKernel (enqueue.cc)] NCHANNELS is: 4
[LYD INFO in NCCL_KERN_NAME (common.h)] 14 AllReduce TREE LL Sum uint8_t Elapsed time: 3098273 us
x3004c0s25b1n0:16551:16551 [2] NCCL INFO AllReduce: opCount 5 sendbuff 0x14a813a21000 recvbuff 0x14a813a21000 count 1 datatype 1 op 0 root 0 comm 0x55c6fc3460e0 [nranks=20] stream 0x55c7022e44d0
[LYD INFO in ncclLaunchKernel (enqueue.cc)] NCHANNELS is: 4
[LYD INFO in NCCL_KERN_NAME (common.h)] 12 AllReduce TREE LL Sum uint8_t Elapsed time: 3114849 us
x3004c0s25b1n0:16549:16549 [0] NCCL INFO AllReduce: opCount 5 sendbuff 0x152b47c21000 recvbuff 0x152b47c21000 count 1 datatype 1 op 0 root 0 comm 0x55b2a676fcb0 [nranks=20] stream 0x55b2a9ef1290
[LYD INFO in ncclLaunchKernel (enqueue.cc)] NCHANNELS is: 4
[LYD INFO in NCCL_KERN_NAME (common.h)] 15 AllReduce TREE LL Sum uint8_t Elapsed time: 3069192 us
x3004c0s25b1n0:16552:16552 [3] NCCL INFO AllReduce: opCount 5 sendbuff 0x150c03a21000 recvbuff 0x150c03a21000 count 1 datatype 1 op 0 root 0 comm 0x55c8a118ae50 [nranks=20] stream 0x55c8bc7a29f0
[LYD INFO in ncclLaunchKernel (enqueue.cc)] NCHANNELS is: 4
[LYD INFO in NCCL_KERN_NAME (common.h)] 13 AllReduce TREE LL Sum uint8_t Elapsed time: 3050404 us
x3004c0s25b1n0:16550:16550 [1] NCCL INFO AllReduce: opCount 5 sendbuff 0x1545df621000 recvbuff 0x1545df621000 count 1 datatype 1 op 0 root 0 comm 0x5602c4eedd60 [nranks=20] stream 0x5602c883be00
[LYD INFO in ncclLaunchKernel (enqueue.cc)] NCHANNELS is: 4
[LYD INFO in NCCL_KERN_NAME (common.h)] 14 AllReduce TREE LL Sum uint8_t Elapsed time: 121591 us
x3004c0s25b1n0:16551:16551 [2] NCCL INFO AllReduce: opCount 6 sendbuff 0x14a813a00400 recvbuff 0x14a813a00400 count 1 datatype 1 op 0 root 0 comm 0x55c6fc3460e0 [nranks=20] stream 0x55c7022e44d0
[LYD INFO in ncclLaunchKernel (enqueue.cc)] NCHANNELS is: 4
[LYD INFO in NCCL_KERN_NAME (common.h)] 15 AllReduce TREE LL Sum uint8_t Elapsed time: 95801 us
x3004c0s25b1n0:16552:16552 [3] NCCL INFO AllReduce: opCount 6 sendbuff 0x150c03a00400 recvbuff 0x150c03a00400 count 1 datatype 1 op 0 root 0 comm 0x55c8a118ae50 [nranks=20] stream 0x55c8bc7a29f0
[LYD INFO in ncclLaunchKernel (enqueue.cc)] NCHANNELS is: 4
[LYD INFO in NCCL_KERN_NAME (common.h)] 12 AllReduce TREE LL Sum uint8_t Elapsed time: 110755 us

[LYD INFO in NCCL_KERN_NAME (common.h)] 13 AllReduce TREE LL Sum uint8_t Elapsed time: 82076 us
x3004c0s25b1n0:16549:16549 [0] NCCL INFO AllReduce: opCount 6 sendbuff 0x152b47c00400 recvbuff 0x152b47c00400 count 1 datatype 1 op 0 root 0 comm 0x55b2a676fcb0 [nranks=20] stream 0x55b2a9ef1290
[LYD INFO in ncclLaunchKernel (enqueue.cc)] NCHANNELS is: 4x3004c0s25b1n0:16550:16550 [1] NCCL INFO AllReduce: opCount 6 sendbuff 0x1545df600400 recvbuff 0x1545df600400 count 1 datatype 1 op 0 root 0 comm 0x5602c4eedd60 [nranks=20] stream 0x5602c883be00
[LYD INFO in ncclLaunchKernel (enqueue.cc)] NCHANNELS is: 4
[LYD INFO in NCCL_KERN_NAME (common.h)] 15 AllReduce TREE LL Sum uint8_t Elapsed time: 187008 us

[LYD INFO in NCCL_KERN_NAME (common.h)] 14 AllReduce TREE LL Sum uint8_t Elapsed time: 199596 us

[LYD INFO in NCCL_KERN_NAME (common.h)] 13 AllReduce TREE LL Sum uint8_t Elapsed time: 158064 us

[LYD INFO in NCCL_KERN_NAME (common.h)] 12 AllReduce TREE LL Sum uint8_t Elapsed time: 173292 us
NCCL version 2.14.3+cuda11.8
x3004c0s25b1n0:16551:16551 [2] NCCL INFO init.cc:1147 Cuda Host Alloc Size 4 pointer 0x14a817400400
NCCL version 2.14.3+cuda11.8
x3004c0s25b1n0:16549:16549 [0] NCCL INFO init.cc:1147 Cuda Host Alloc Size 4 pointer 0x152b4b400400
x3004c0s25b1n0:16552:16552 [3] NCCL INFO init.cc:1147 Cuda Host Alloc Size 4 pointer 0x150c07400400
x3004c0s25b1n0:16550:16550 [1] NCCL INFO init.cc:1147 Cuda Host Alloc Size 4 pointer 0x15459ce00400
x3004c0s25b1n0:16551:21057 [2] NCCL INFO Using network IB
x3004c0s25b1n0:16552:21060 [3] NCCL INFO Using network IB
x3004c0s25b1n0:16549:21059 [0] NCCL INFO Using network IB
x3004c0s25b1n0:16550:21063 [1] NCCL INFO Using network IB
x3004c0s25b1n0:16549:21059 [0] NCCL INFO NET/IB : GPU Direct RDMA Enabled for HCA 0 'mlx5_0'
x3004c0s25b1n0:16549:21059 [0] NCCL INFO NET/IB : GPU Direct RDMA Enabled for HCA 1 'mlx5_1'
x3004c0s25b1n0:16549:21059 [0] NCCL INFO GPU Direct RDMA Disabled for GPU 7000 / HCA 1 (distance 7 > 4)
x3004c0s25b1n0:16549:21059 [0] NCCL INFO GPU Direct RDMA Disabled for GPU 46000 / HCA 1 (distance 6 > 4)
x3004c0s25b1n0:16549:21059 [0] NCCL INFO GPU Direct RDMA Disabled for GPU 7000 / HCA 0 (distance 7 > 4)
x3004c0s25b1n0:16549:21059 [0] NCCL INFO GPU Direct RDMA Disabled for GPU 46000 / HCA 0 (distance 7 > 4)
x3004c0s25b1n0:16549:21059 [0] NCCL INFO === System : maxBw 88.0 totalBw 88.0 ===
x3004c0s25b1n0:16549:21059 [0] NCCL INFO CPU/3 (1/2/-1)
x3004c0s25b1n0:16549:21059 [0] NCCL INFO + SYS[5000.0] - CPU/2
x3004c0s25b1n0:16549:21059 [0] NCCL INFO + SYS[5000.0] - CPU/0
x3004c0s25b1n0:16549:21059 [0] NCCL INFO + PCI[24.0] - PCI/5000 (11f8406811f8beef)
x3004c0s25b1n0:16549:21059 [0] NCCL INFO               + PCI[24.0] - GPU/7000 (0)
x3004c0s25b1n0:16549:21059 [0] NCCL INFO                             + NVL[88.0] - GPU/46000
x3004c0s25b1n0:16549:21059 [0] NCCL INFO CPU/2 (1/2/-1)
x3004c0s25b1n0:16549:21059 [0] NCCL INFO + SYS[5000.0] - CPU/3
x3004c0s25b1n0:16549:21059 [0] NCCL INFO + SYS[5000.0] - CPU/0
x3004c0s25b1n0:16549:21059 [0] NCCL INFO + PCI[24.0] - PCI/44000 (11f8406811f8beef)
x3004c0s25b1n0:16549:21059 [0] NCCL INFO               + PCI[24.0] - GPU/46000 (1)
x3004c0s25b1n0:16549:21059 [0] NCCL INFO                             + NVL[88.0] - GPU/7000
x3004c0s25b1n0:16549:21059 [0] NCCL INFO + PCI[12.0] - NIC/43000
x3004c0s25b1n0:16549:21059 [0] NCCL INFO CPU/0 (1/2/-1)
x3004c0s25b1n0:16549:21059 [0] NCCL INFO + SYS[5000.0] - CPU/3
x3004c0s25b1n0:16549:21059 [0] NCCL INFO + SYS[5000.0] - CPU/2
x3004c0s25b1n0:16549:21059 [0] NCCL INFO + PCI[12.0] - NIC/C8000
x3004c0s25b1n0:16549:21059 [0] NCCL INFO ==========================================
x3004c0s25b1n0:16549:21059 [0] NCCL INFO GPU/7000 :GPU/7000 (0/5000.000000/LOC) GPU/46000 (1/88.000000/NVL) CPU/3 (2/24.000000/PHB) CPU/2 (3/24.000000/SYS) CPU/0 (3/24.000000/SYS) 
x3004c0s25b1n0:16549:21059 [0] NCCL INFO GPU/46000 :GPU/7000 (1/88.000000/NVL) GPU/46000 (0/5000.000000/LOC) CPU/3 (3/24.000000/SYS) CPU/2 (2/24.000000/PHB) CPU/0 (3/24.000000/SYS) 
