x3002c0s31b0n0:19814:21069 [3] NCCL INFO transport/net_ib.cc:596 Ib Alloc Size 26560 pointer 0x14e1d4044000
x3002c0s31b0n0:19812:21068 [2] NCCL INFO New proxy recv connection 7 from local rank 2, transport 0
x3002c0s31b0n0:19814:21069 [3] NCCL INFO NET/IB: Dev 0 Port 1 qpn 39763 mtu 5 GID 0 (80FE/9E0000FEFF000000)
x3002c0s31b0n0:19814:21069 [3] NCCL INFO transport/net_ib.cc:653 Ib Alloc Size 552 pointer 0x14e1d4065000
x3002c0s31b0n0:19814:21069 [3] NCCL INFO transport/net.cc:571 Cuda Host Alloc Size 9641984 pointer 0x14e1d3600000
x3002c0s31b0n0:19814:21069 [3] NCCL INFO Mem Realloc old size 0, new size 768 pointer 0x14e1d40521f0
x3002c0s31b0n0:19814:21069 [3] NCCL INFO transport/net_ib.cc:596 Ib Alloc Size 26560 pointer 0x14e1d4067000
x3002c0s31b0n0:19812:20857 [2] NCCL INFO Connection to proxy localRank 2 -> connection 0x152090000e40
x3002c0s31b0n0:19812:21068 [2] NCCL INFO transport/p2p.cc:449 Cuda Alloc Size 6291456 pointer 0x15208c000000
x3002c0s31b0n0:19814:21069 [3] NCCL INFO NET/IB: Dev 1 Port 1 qpn 38936 mtu 5 GID 0 (80FE/DB0000FEFF000000)
x3002c0s31b0n0:19814:21069 [3] NCCL INFO transport/net_ib.cc:653 Ib Alloc Size 552 pointer 0x14e1d407e000
x3002c0s31b0n0:19814:21069 [3] NCCL INFO transport/net.cc:571 Cuda Host Alloc Size 9641984 pointer 0x14e1ca000000
x3002c0s31b0n0:19811:21061 [1] NCCL INFO transport/net_ib.cc:683 Ib Alloc Size 21688 pointer 0x14982c01d000
x3002c0s31b0n0:19811:21061 [1] NCCL INFO transport/net_ib.cc:696 Ib Alloc Size 552 pointer 0x14982c024000
x3002c0s31b0n0:19811:21061 [1] NCCL INFO transport/net_ib.cc:771 Ib Alloc Size 552 pointer 0x14982c04b000
x3002c0s31b0n0:19811:21061 [1] NCCL INFO transport/net.cc:698 Cuda Host Alloc Size 9641984 pointer 0x14982a000000
x3002c0s31b0n0:19811:21061 [1] NCCL INFO Mem Realloc old size 0, new size 768 pointer 0x14982c0406b0
x3002c0s31b0n0:19812:20857 [2] NCCL INFO Connected all rings
x3002c0s31b0n0:19812:21068 [2] NCCL INFO New proxy recv connection 8 from local rank 2, transport 0
x3002c0s31b0n0:19810:21058 [0] NCCL INFO New proxy recv connection 4 from local rank 0, transport 0
x3002c0s31b0n0:19810:20854 [0] NCCL INFO Connection to proxy localRank 0 -> connection 0x154cfc000d80
x3002c0s31b0n0:19811:21061 [1] NCCL INFO transport/net_ib.cc:683 Ib Alloc Size 21688 pointer 0x14982c04d000
x3002c0s31b0n0:19811:21061 [1] NCCL INFO transport/net_ib.cc:696 Ib Alloc Size 552 pointer 0x14982c054000
x3002c0s31b0n0:19814:21069 [3] NCCL INFO transport/net_ib.cc:596 Ib Alloc Size 26560 pointer 0x14e1d4080000
x3002c0s31b0n0:19811:21061 [1] NCCL INFO transport/net_ib.cc:771 Ib Alloc Size 552 pointer 0x14982c079000
x3002c0s31b0n0:19811:21061 [1] NCCL INFO transport/net.cc:698 Cuda Host Alloc Size 9641984 pointer 0x14982aa00000
x3002c0s31b0n0:19811:21061 [1] NCCL INFO Mem Realloc old size 0, new size 768 pointer 0x14982c06e880
x3002c0s31b0n0:19810:21058 [0] NCCL INFO transport/p2p.cc:449 Cuda Alloc Size 6291456 pointer 0x154cfac00000
x3002c0s31b0n0:19812:20857 [2] NCCL INFO Connection to proxy localRank 2 -> connection 0x152090000e80
x3002c0s31b0n0:19812:21068 [2] NCCL INFO transport/p2p.cc:449 Cuda Alloc Size 6291456 pointer 0x15208a000000
x3002c0s31b0n0:19814:21069 [3] NCCL INFO NET/IB: Dev 0 Port 1 qpn 39766 mtu 5 GID 0 (80FE/9E0000FEFF000000)
x3002c0s31b0n0:19814:21069 [3] NCCL INFO transport/net_ib.cc:653 Ib Alloc Size 552 pointer 0x14e1d4097000
x3002c0s31b0n0:19814:21069 [3] NCCL INFO transport/net.cc:571 Cuda Host Alloc Size 9641984 pointer 0x14e1caa00000
x3002c0s31b0n0:19812:21068 [2] NCCL INFO New proxy recv connection 9 from local rank 2, transport 0
x3002c0s31b0n0:19811:21061 [1] NCCL INFO transport/net_ib.cc:683 Ib Alloc Size 21688 pointer 0x14982c07b000
x3002c0s31b0n0:19811:21061 [1] NCCL INFO transport/net_ib.cc:696 Ib Alloc Size 552 pointer 0x14982c082000
x3002c0s31b0n0:19811:21061 [1] NCCL INFO transport/net_ib.cc:771 Ib Alloc Size 552 pointer 0x14982c09d000
x3002c0s31b0n0:19811:21061 [1] NCCL INFO transport/net.cc:698 Cuda Host Alloc Size 9641984 pointer 0x14982b400000
x3002c0s31b0n0:19814:20856 [3] NCCL INFO Connected all rings
x3002c0s31b0n0:19814:20856 [3] NCCL INFO Channel 00/0 : 23[c7000] -> 22[85000] via P2P/IPC/read
x3002c0s31b0n0:19814:21069 [3] NCCL INFO New proxy send connection 8 from local rank 3, transport 0
x3002c0s31b0n0:19812:20857 [2] NCCL INFO Connection to proxy localRank 2 -> connection 0x152090000ec0
x3002c0s31b0n0:19812:21068 [2] NCCL INFO transport/p2p.cc:449 Cuda Alloc Size 6291456 pointer 0x15208a600000
x3002c0s31b0n0:19811:21061 [1] NCCL INFO transport/net_ib.cc:683 Ib Alloc Size 21688 pointer 0x14982c09f000
x3002c0s31b0n0:19811:21061 [1] NCCL INFO transport/net_ib.cc:696 Ib Alloc Size 552 pointer 0x14982c0a6000
x3002c0s31b0n0:19810:21058 [0] NCCL INFO New proxy recv connection 5 from local rank 0, transport 0
x3002c0s31b0n0:19810:20854 [0] NCCL INFO Connection to proxy localRank 0 -> connection 0x154cfc000dc0
x3002c0s31b0n0:19810:21058 [0] NCCL INFO transport/p2p.cc:449 Cuda Alloc Size 6291456 pointer 0x154cfb200000
x3002c0s31b0n0:19814:20856 [3] NCCL INFO Connection to proxy localRank 3 -> connection 0x14e1d4000e80
x3002c0s31b0n0:19814:21069 [3] NCCL INFO transport/p2p.cc:430 Cuda Alloc Size 6291456 pointer 0x14e1cb400000
x3002c0s31b0n0:19812:21068 [2] NCCL INFO New proxy recv connection 10 from local rank 2, transport 0
x3002c0s31b0n0:19811:21061 [1] NCCL INFO transport/net_ib.cc:771 Ib Alloc Size 552 pointer 0x14982c0c1000
x3002c0s31b0n0:19811:21061 [1] NCCL INFO transport/net.cc:698 Cuda Host Alloc Size 9641984 pointer 0x149828000000
x3002c0s31b0n0:19810:21058 [0] NCCL INFO New proxy recv connection 6 from local rank 0, transport 0
x3002c0s31b0n0:19814:20856 [3] NCCL INFO Channel 01/0 : 23[c7000] -> 22[85000] via P2P/IPC/read
x3002c0s31b0n0:19814:21069 [3] NCCL INFO New proxy send connection 9 from local rank 3, transport 0
x3002c0s31b0n0:19812:20857 [2] NCCL INFO Connection to proxy localRank 2 -> connection 0x152090000f00
x3002c0s31b0n0:19812:21068 [2] NCCL INFO transport/p2p.cc:449 Cuda Alloc Size 6291456 pointer 0x15208ac00000
x3002c0s31b0n0:19811:20855 [1] NCCL INFO Channel 00/0 : 21[46000] -> 20[7000] via P2P/IPC/read
x3002c0s31b0n0:19811:21061 [1] NCCL INFO New proxy send connection 4 from local rank 1, transport 0
x3002c0s31b0n0:19810:20854 [0] NCCL INFO Connection to proxy localRank 0 -> connection 0x154cfc000e00
x3002c0s31b0n0:19810:21058 [0] NCCL INFO transport/p2p.cc:449 Cuda Alloc Size 6291456 pointer 0x154cfb800000
x3002c0s31b0n0:19814:20856 [3] NCCL INFO Connection to proxy localRank 3 -> connection 0x14e1d4000ec0
x3002c0s31b0n0:19814:21069 [3] NCCL INFO transport/p2p.cc:430 Cuda Alloc Size 6291456 pointer 0x14e1cba00000
x3002c0s31b0n0:19812:21068 [2] NCCL INFO New proxy recv connection 11 from local rank 2, transport 0
x3002c0s31b0n0:19811:20855 [1] NCCL INFO Connection to proxy localRank 1 -> connection 0x14982c000d80
x3002c0s31b0n0:19810:21058 [0] NCCL INFO New proxy recv connection 7 from local rank 0, transport 0
x3002c0s31b0n0:19814:20856 [3] NCCL INFO Channel 02/0 : 23[c7000] -> 22[85000] via P2P/IPC/read
x3002c0s31b0n0:19814:21069 [3] NCCL INFO New proxy send connection 10 from local rank 3, transport 0
x3002c0s31b0n0:19811:21061 [1] NCCL INFO transport/p2p.cc:430 Cuda Alloc Size 6291456 pointer 0x149828a00000
x3002c0s31b0n0:19812:20857 [2] NCCL INFO Connection to proxy localRank 2 -> connection 0x152090000f40
x3002c0s31b0n0:19812:21068 [2] NCCL INFO transport/p2p.cc:449 Cuda Alloc Size 6291456 pointer 0x15208b200000
x3002c0s31b0n0:19811:20855 [1] NCCL INFO Channel 01/0 : 21[46000] -> 20[7000] via P2P/IPC/read
x3002c0s31b0n0:19811:21061 [1] NCCL INFO New proxy send connection 5 from local rank 1, transport 0
x3002c0s31b0n0:19810:20854 [0] NCCL INFO Connection to proxy localRank 0 -> connection 0x154cfc000e40
x3002c0s31b0n0:19810:21058 [0] NCCL INFO transport/p2p.cc:449 Cuda Alloc Size 6291456 pointer 0x154cf8000000
x3002c0s31b0n0:19814:20856 [3] NCCL INFO Connection to proxy localRank 3 -> connection 0x14e1d4000f00
x3002c0s31b0n0:19814:21069 [3] NCCL INFO transport/p2p.cc:430 Cuda Alloc Size 6291456 pointer 0x14e1c8000000
x3002c0s31b0n0:19811:20855 [1] NCCL INFO Connection to proxy localRank 1 -> connection 0x14982c000dc0
x3002c0s31b0n0:19811:21061 [1] NCCL INFO transport/p2p.cc:430 Cuda Alloc Size 6291456 pointer 0x149829000000
x3002c0s31b0n0:19814:20856 [3] NCCL INFO Channel 03/0 : 23[c7000] -> 22[85000] via P2P/IPC/read
x3002c0s31b0n0:19814:21069 [3] NCCL INFO New proxy send connection 11 from local rank 3, transport 0
x3002c0s31b0n0:19811:20855 [1] NCCL INFO Channel 02/0 : 21[46000] -> 20[7000] via P2P/IPC/read
x3002c0s31b0n0:19811:21061 [1] NCCL INFO New proxy send connection 6 from local rank 1, transport 0
x3002c0s31b0n0:19814:20856 [3] NCCL INFO Connection to proxy localRank 3 -> connection 0x14e1d4000f40
x3002c0s31b0n0:19814:21069 [3] NCCL INFO transport/p2p.cc:430 Cuda Alloc Size 6291456 pointer 0x14e1c8600000
x3002c0s31b0n0:19811:20855 [1] NCCL INFO Connection to proxy localRank 1 -> connection 0x14982c000e00
x3002c0s31b0n0:19811:21061 [1] NCCL INFO transport/p2p.cc:430 Cuda Alloc Size 6291456 pointer 0x149829600000
x3002c0s31b0n0:19811:20855 [1] NCCL INFO Channel 03/0 : 21[46000] -> 20[7000] via P2P/IPC/read
x3002c0s31b0n0:19811:21061 [1] NCCL INFO New proxy send connection 7 from local rank 1, transport 0
x3002c0s31b0n0:19811:20855 [1] NCCL INFO Connection to proxy localRank 1 -> connection 0x14982c000e40
x3002c0s31b0n0:19811:21061 [1] NCCL INFO transport/p2p.cc:430 Cuda Alloc Size 6291456 pointer 0x149839a00000
x3002c0s31b0n0:19811:20855 [1] NCCL INFO Connected all rings
x3002c0s31b0n0:19811:21061 [1] NCCL INFO New proxy recv connection 8 from local rank 1, transport 0
x3002c0s31b0n0:19810:20854 [0] NCCL INFO Connected all rings
x3002c0s31b0n0:19810:20854 [0] NCCL INFO Channel 00/0 : 20[7000] -> 21[46000] via P2P/IPC/read
x3002c0s31b0n0:19810:21058 [0] NCCL INFO New proxy send connection 8 from local rank 0, transport 0
x3002c0s31b0n0:19810:20854 [0] NCCL INFO Connection to proxy localRank 0 -> connection 0x154cfc000e80
x3002c0s31b0n0:19810:21058 [0] NCCL INFO transport/p2p.cc:430 Cuda Alloc Size 6291456 pointer 0x154cf6000000
x3002c0s31b0n0:19811:20855 [1] NCCL INFO Connection to proxy localRank 1 -> connection 0x14982c000e80
x3002c0s31b0n0:19811:21061 [1] NCCL INFO transport/p2p.cc:449 Cuda Alloc Size 6291456 pointer 0x149827800000
x3002c0s31b0n0:19810:20854 [0] NCCL INFO Channel 01/0 : 20[7000] -> 21[46000] via P2P/IPC/read
x3002c0s31b0n0:19810:21058 [0] NCCL INFO New proxy send connection 9 from local rank 0, transport 0
x3002c0s31b0n0:19810:20854 [0] NCCL INFO Connection to proxy localRank 0 -> connection 0x154cfc000ec0
x3002c0s31b0n0:19811:21061 [1] NCCL INFO New proxy recv connection 9 from local rank 1, transport 0
x3002c0s31b0n0:19810:21058 [0] NCCL INFO transport/p2p.cc:430 Cuda Alloc Size 6291456 pointer 0x154cf6600000
x3002c0s31b0n0:19811:20855 [1] NCCL INFO Connection to proxy localRank 1 -> connection 0x14982c000ec0
x3002c0s31b0n0:19811:21061 [1] NCCL INFO transport/p2p.cc:449 Cuda Alloc Size 6291456 pointer 0x149824000000
x3002c0s31b0n0:19810:20854 [0] NCCL INFO Channel 02/0 : 20[7000] -> 21[46000] via P2P/IPC/read
x3002c0s31b0n0:19810:21058 [0] NCCL INFO New proxy send connection 10 from local rank 0, transport 0
x3002c0s31b0n0:19811:21061 [1] NCCL INFO New proxy recv connection 10 from local rank 1, transport 0
x3002c0s31b0n0:19810:20854 [0] NCCL INFO Connection to proxy localRank 0 -> connection 0x154cfc000f00
x3002c0s31b0n0:19810:21058 [0] NCCL INFO transport/p2p.cc:430 Cuda Alloc Size 6291456 pointer 0x154cf6c00000
x3002c0s31b0n0:19810:20854 [0] NCCL INFO Channel 03/0 : 20[7000] -> 21[46000] via P2P/IPC/read
x3002c0s31b0n0:19811:20855 [1] NCCL INFO Connection to proxy localRank 1 -> connection 0x14982c000f00
x3002c0s31b0n0:19811:21061 [1] NCCL INFO transport/p2p.cc:449 Cuda Alloc Size 6291456 pointer 0x149824600000
x3002c0s31b0n0:19810:21058 [0] NCCL INFO New proxy send connection 11 from local rank 0, transport 0
x3002c0s31b0n0:19810:20854 [0] NCCL INFO Connection to proxy localRank 0 -> connection 0x154cfc000f40
x3002c0s31b0n0:19810:21058 [0] NCCL INFO transport/p2p.cc:430 Cuda Alloc Size 6291456 pointer 0x154cf7200000
x3002c0s31b0n0:19811:21061 [1] NCCL INFO New proxy recv connection 11 from local rank 1, transport 0
x3002c0s31b0n0:19811:20855 [1] NCCL INFO Connection to proxy localRank 1 -> connection 0x14982c000f40
x3002c0s31b0n0:19811:21061 [1] NCCL INFO transport/p2p.cc:449 Cuda Alloc Size 6291456 pointer 0x149824c00000
x3002c0s31b0n0:19811:20855 [1] NCCL INFO Channel 00/0 : 21[46000] -> 22[85000] via P2P/IPC/read
x3002c0s31b0n0:19811:21061 [1] NCCL INFO New proxy send connection 12 from local rank 1, transport 0
x3002c0s31b0n0:19811:20855 [1] NCCL INFO Connection to proxy localRank 1 -> connection 0x14982c000f80
x3002c0s31b0n0:19811:21061 [1] NCCL INFO transport/p2p.cc:430 Cuda Alloc Size 6291456 pointer 0x149825200000
x3002c0s31b0n0:19811:20855 [1] NCCL INFO Channel 01/0 : 21[46000] -> 22[85000] via P2P/IPC/read
x3002c0s31b0n0:19811:21061 [1] NCCL INFO New proxy send connection 13 from local rank 1, transport 0
x3002c0s31b0n0:19811:20855 [1] NCCL INFO Connection to proxy localRank 1 -> connection 0x14982c000fc0
x3002c0s31b0n0:19811:21061 [1] NCCL INFO transport/p2p.cc:430 Cuda Alloc Size 6291456 pointer 0x149825800000
x3002c0s31b0n0:19811:20855 [1] NCCL INFO Channel 02/0 : 21[46000] -> 22[85000] via P2P/IPC/read
x3002c0s31b0n0:19811:21061 [1] NCCL INFO New proxy send connection 14 from local rank 1, transport 0
x3002c0s31b0n0:19811:20855 [1] NCCL INFO Connection to proxy localRank 1 -> connection 0x14982c001000
x3002c0s31b0n0:19811:21061 [1] NCCL INFO transport/p2p.cc:430 Cuda Alloc Size 6291456 pointer 0x149822000000
x3002c0s31b0n0:19811:20855 [1] NCCL INFO Channel 03/0 : 21[46000] -> 22[85000] via P2P/IPC/read
x3002c0s31b0n0:19811:21061 [1] NCCL INFO New proxy send connection 15 from local rank 1, transport 0
x3002c0s31b0n0:19811:20855 [1] NCCL INFO Connection to proxy localRank 1 -> connection 0x14982c001040
x3002c0s31b0n0:19811:21061 [1] NCCL INFO transport/p2p.cc:430 Cuda Alloc Size 6291456 pointer 0x149822600000
x3002c0s31b0n0:19811:21061 [1] NCCL INFO New proxy recv connection 16 from local rank 1, transport 0
x3002c0s31b0n0:19810:20854 [0] NCCL INFO GPU Direct RDMA Disabled for GPU 7000 / HCA 1 (distance 7 > 4)
x3002c0s31b0n0:19810:21058 [0] NCCL INFO Allocated 4194656 bytes of shared memory in /dev/shm/nccl-mBRKz6

x3002c0s31b0n0:19810:21058 [0] NCCL INFO New proxy recv connection 12 from local rank 0, transport 2
x3002c0s31b0n0:19812:21068 [2] NCCL INFO New proxy recv connection 12 from local rank 2, transport 0
x3002c0s31b0n0:19811:20855 [1] NCCL INFO Connection to proxy localRank 1 -> connection 0x14982c001080
x3002c0s31b0n0:19811:21061 [1] NCCL INFO transport/p2p.cc:449 Cuda Alloc Size 6291456 pointer 0x14981e000000
x3002c0s31b0n0:19810:20854 [0] NCCL INFO Connection to proxy localRank 0 -> connection 0x154cfc000f80
x3002c0s31b0n0:19812:20857 [2] NCCL INFO Connection to proxy localRank 2 -> connection 0x152090000f80
x3002c0s31b0n0:19812:21068 [2] NCCL INFO transport/p2p.cc:449 Cuda Alloc Size 6291456 pointer 0x152089200000
x3002c0s31b0n0:19810:20854 [0] NCCL INFO Channel 00/0 : 16[7000] -> 20[7000] [receive] via NET/IB/1
x3002c0s31b0n0:19810:20854 [0] NCCL INFO GPU Direct RDMA Disabled for GPU 7000 / HCA 0 (distance 7 > 4)
x3002c0s31b0n0:19812:21068 [2] NCCL INFO New proxy recv connection 13 from local rank 2, transport 0
x3002c0s31b0n0:19811:21061 [1] NCCL INFO New proxy recv connection 17 from local rank 1, transport 0
x3002c0s31b0n0:19810:21058 [0] NCCL INFO New proxy recv connection 13 from local rank 0, transport 2
x3002c0s31b0n0:19812:20857 [2] NCCL INFO Connection to proxy localRank 2 -> connection 0x152090000fc0
x3002c0s31b0n0:19812:21068 [2] NCCL INFO transport/p2p.cc:449 Cuda Alloc Size 6291456 pointer 0x152089800000
x3002c0s31b0n0:19811:20855 [1] NCCL INFO Connection to proxy localRank 1 -> connection 0x14982c0010c0
x3002c0s31b0n0:19811:21061 [1] NCCL INFO transport/p2p.cc:449 Cuda Alloc Size 6291456 pointer 0x14981e600000
x3002c0s31b0n0:19810:20854 [0] NCCL INFO Connection to proxy localRank 0 -> connection 0x154cfc000fc0
x3002c0s31b0n0:19812:21068 [2] NCCL INFO New proxy recv connection 14 from local rank 2, transport 0
x3002c0s31b0n0:19811:21061 [1] NCCL INFO New proxy recv connection 18 from local rank 1, transport 0
x3002c0s31b0n0:19811:20855 [1] NCCL INFO Connection to proxy localRank 1 -> connection 0x14982c001100
x3002c0s31b0n0:19811:21061 [1] NCCL INFO transport/p2p.cc:449 Cuda Alloc Size 6291456 pointer 0x14981ec00000
x3002c0s31b0n0:19810:20854 [0] NCCL INFO Channel 01/0 : 16[7000] -> 20[7000] [receive] via NET/IB/0
x3002c0s31b0n0:19812:20857 [2] NCCL INFO Connection to proxy localRank 2 -> connection 0x152090001000
x3002c0s31b0n0:19812:21068 [2] NCCL INFO transport/p2p.cc:449 Cuda Alloc Size 6291456 pointer 0x152086000000
x3002c0s31b0n0:19811:21061 [1] NCCL INFO New proxy recv connection 19 from local rank 1, transport 0
x3002c0s31b0n0:19810:21058 [0] NCCL INFO transport/net_ib.cc:683 Ib Alloc Size 21688 pointer 0x154cfc01c000
x3002c0s31b0n0:19810:21058 [0] NCCL INFO transport/net_ib.cc:696 Ib Alloc Size 552 pointer 0x154cfc023000
x3002c0s31b0n0:19812:21068 [2] NCCL INFO New proxy recv connection 15 from local rank 2, transport 0
x3002c0s31b0n0:19812:20857 [2] NCCL INFO Connection to proxy localRank 2 -> connection 0x152090001040
x3002c0s31b0n0:19810:21058 [0] NCCL INFO transport/net_ib.cc:771 Ib Alloc Size 552 pointer 0x154cfc04a000
x3002c0s31b0n0:19810:21058 [0] NCCL INFO transport/net.cc:698 Cuda Host Alloc Size 9641984 pointer 0x154cf5200000
x3002c0s31b0n0:19810:21058 [0] NCCL INFO Mem Realloc old size 0, new size 768 pointer 0x154cfc03f4d0
x3002c0s31b0n0:19812:21068 [2] NCCL INFO transport/p2p.cc:449 Cuda Alloc Size 6291456 pointer 0x152086600000
x3002c0s31b0n0:19811:20855 [1] NCCL INFO Connection to proxy localRank 1 -> connection 0x14982c001140
x3002c0s31b0n0:19811:21061 [1] NCCL INFO transport/p2p.cc:449 Cuda Alloc Size 6291456 pointer 0x14981f200000
x3002c0s31b0n0:19810:21058 [0] NCCL INFO transport/net_ib.cc:683 Ib Alloc Size 21688 pointer 0x154cfc04c000
x3002c0s31b0n0:19810:21058 [0] NCCL INFO transport/net_ib.cc:696 Ib Alloc Size 552 pointer 0x154cfc053000
x3002c0s31b0n0:19812:20857 [2] NCCL INFO Channel 00/0 : 22[85000] -> 21[46000] via P2P/IPC/read
x3002c0s31b0n0:19812:21068 [2] NCCL INFO New proxy send connection 16 from local rank 2, transport 0
x3002c0s31b0n0:19810:21058 [0] NCCL INFO transport/net_ib.cc:771 Ib Alloc Size 552 pointer 0x154cfc078000
x3002c0s31b0n0:19810:21058 [0] NCCL INFO transport/net.cc:698 Cuda Host Alloc Size 9641984 pointer 0x154cee000000
x3002c0s31b0n0:19810:21058 [0] NCCL INFO Mem Realloc old size 0, new size 768 pointer 0x154cfc04b210
x3002c0s31b0n0:19810:20854 [0] NCCL INFO GPU Direct RDMA Disabled for GPU 7000 / HCA 1 (distance 7 > 4)
x3002c0s31b0n0:19810:21058 [0] NCCL INFO New proxy send connection 14 from local rank 0, transport 2
x3002c0s31b0n0:19812:20857 [2] NCCL INFO Connection to proxy localRank 2 -> connection 0x152090001080
x3002c0s31b0n0:19812:21068 [2] NCCL INFO transport/p2p.cc:430 Cuda Alloc Size 6291456 pointer 0x152086c00000
x3002c0s31b0n0:19810:20854 [0] NCCL INFO Connection to proxy localRank 0 -> connection 0x154cfc001000
x3002c0s31b0n0:19810:20854 [0] NCCL INFO Channel 02/0 : 20[7000] -> 4[7000] [send] via NET/IB/1
x3002c0s31b0n0:19810:20854 [0] NCCL INFO GPU Direct RDMA Disabled for GPU 7000 / HCA 0 (distance 7 > 4)
x3002c0s31b0n0:19810:21058 [0] NCCL INFO New proxy send connection 15 from local rank 0, transport 2
x3002c0s31b0n0:19812:20857 [2] NCCL INFO Channel 01/0 : 22[85000] -> 21[46000] via P2P/IPC/read
x3002c0s31b0n0:19812:21068 [2] NCCL INFO New proxy send connection 17 from local rank 2, transport 0
x3002c0s31b0n0:19810:20854 [0] NCCL INFO Connection to proxy localRank 0 -> connection 0x154cfc001040
x3002c0s31b0n0:19810:20854 [0] NCCL INFO Channel 03/0 : 20[7000] -> 4[7000] [send] via NET/IB/0
x3002c0s31b0n0:19810:21058 [0] NCCL INFO transport/net_ib.cc:596 Ib Alloc Size 26560 pointer 0x154cfc084000
x3002c0s31b0n0:19812:20857 [2] NCCL INFO Connection to proxy localRank 2 -> connection 0x1520900010c0
x3002c0s31b0n0:19812:21068 [2] NCCL INFO transport/p2p.cc:430 Cuda Alloc Size 6291456 pointer 0x152087200000
x3002c0s31b0n0:19810:21058 [0] NCCL INFO NET/IB: Dev 1 Port 1 qpn 38943 mtu 5 GID 0 (80FE/DB0000FEFF000000)
x3002c0s31b0n0:19810:21058 [0] NCCL INFO transport/net_ib.cc:653 Ib Alloc Size 552 pointer 0x154cfc09b000
x3002c0s31b0n0:19810:21058 [0] NCCL INFO transport/net.cc:571 Cuda Host Alloc Size 9641984 pointer 0x154ceea00000
x3002c0s31b0n0:19810:21058 [0] NCCL INFO transport/net_ib.cc:596 Ib Alloc Size 26560 pointer 0x154cfc09d000
x3002c0s31b0n0:19812:20857 [2] NCCL INFO Channel 02/0 : 22[85000] -> 21[46000] via P2P/IPC/read
x3002c0s31b0n0:19812:21068 [2] NCCL INFO New proxy send connection 18 from local rank 2, transport 0
x3002c0s31b0n0:19810:21058 [0] NCCL INFO NET/IB: Dev 0 Port 1 qpn 39772 mtu 5 GID 0 (80FE/9E0000FEFF000000)
x3002c0s31b0n0:19810:21058 [0] NCCL INFO transport/net_ib.cc:653 Ib Alloc Size 552 pointer 0x154cfc0b4000
x3002c0s31b0n0:19810:21058 [0] NCCL INFO transport/net.cc:571 Cuda Host Alloc Size 9641984 pointer 0x154cef400000
x3002c0s31b0n0:19810:20854 [0] NCCL INFO GPU Direct RDMA Disabled for GPU 7000 / HCA 1 (distance 7 > 4)
x3002c0s31b0n0:19810:21058 [0] NCCL INFO New proxy recv connection 16 from local rank 0, transport 2
x3002c0s31b0n0:19812:20857 [2] NCCL INFO Connection to proxy localRank 2 -> connection 0x152090001100
x3002c0s31b0n0:19812:21068 [2] NCCL INFO transport/p2p.cc:430 Cuda Alloc Size 6291456 pointer 0x152087800000
x3002c0s31b0n0:19810:20854 [0] NCCL INFO Connection to proxy localRank 0 -> connection 0x154cfc001080
x3002c0s31b0n0:19810:20854 [0] NCCL INFO Channel 02/0 : 4[7000] -> 20[7000] [receive] via NET/IB/1
x3002c0s31b0n0:19810:20854 [0] NCCL INFO GPU Direct RDMA Disabled for GPU 7000 / HCA 0 (distance 7 > 4)
x3002c0s31b0n0:19812:20857 [2] NCCL INFO Channel 03/0 : 22[85000] -> 21[46000] via P2P/IPC/read
x3002c0s31b0n0:19812:21068 [2] NCCL INFO New proxy send connection 19 from local rank 2, transport 0
x3002c0s31b0n0:19812:20857 [2] NCCL INFO Connection to proxy localRank 2 -> connection 0x152090001140
x3002c0s31b0n0:19810:21058 [0] NCCL INFO New proxy recv connection 17 from local rank 0, transport 2
x3002c0s31b0n0:19812:21068 [2] NCCL INFO transport/p2p.cc:430 Cuda Alloc Size 6291456 pointer 0x152084000000
x3002c0s31b0n0:19812:20857 [2] NCCL INFO Connected all trees by HAO
x3002c0s31b0n0:19812:20857 [2] NCCL INFO threadThresholds 8/8/64 | 192/8/64 | 512 | 512
x3002c0s31b0n0:19812:20857 [2] NCCL INFO 4 coll channels, 4 p2p channels, 2 p2p channels per peer
x3002c0s31b0n0:19811:20855 [1] NCCL INFO Connected all trees by HAO
x3002c0s31b0n0:19811:20855 [1] NCCL INFO threadThresholds 8/8/64 | 192/8/64 | 512 | 512
x3002c0s31b0n0:19811:20855 [1] NCCL INFO 4 coll channels, 4 p2p channels, 2 p2p channels per peer
x3002c0s31b0n0:19811:21061 [1] NCCL INFO New proxy send connection 20 from local rank 1, transport 2
x3002c0s31b0n0:19812:21068 [2] NCCL INFO Allocated 4194656 bytes of shared memory in /dev/shm/nccl-cjrbZi

x3002c0s31b0n0:19812:21068 [2] NCCL INFO New proxy send connection 20 from local rank 2, transport 2
x3002c0s31b0n0:19812:20857 [2] NCCL INFO Connection to proxy localRank 2 -> connection 0x152090001180
x3002c0s31b0n0:19812:21068 [2] NCCL INFO transport/net.cc:376 Cuda Alloc Size 8388608 pointer 0x152083800000
x3002c0s31b0n0:19810:20854 [0] NCCL INFO Connection to proxy localRank 0 -> connection 0x154cfc0010c0
x3002c0s31b0n0:19814:20856 [3] NCCL INFO Connected all trees by HAO
x3002c0s31b0n0:19814:20856 [3] NCCL INFO threadThresholds 8/8/64 | 192/8/64 | 512 | 512
x3002c0s31b0n0:19814:20856 [3] NCCL INFO 4 coll channels, 4 p2p channels, 2 p2p channels per peer
x3002c0s31b0n0:19814:21069 [3] NCCL INFO New proxy send connection 12 from local rank 3, transport 2
x3002c0s31b0n0:19811:20855 [1] NCCL INFO Connection to proxy localRank 1 -> connection 0x14982c001180
x3002c0s31b0n0:19811:21061 [1] NCCL INFO transport/net.cc:376 Cuda Alloc Size 8388608 pointer 0x14981d200000
x3002c0s31b0n0:19814:20856 [3] NCCL INFO Connection to proxy localRank 3 -> connection 0x14e1d4000f80
x3002c0s31b0n0:19814:21069 [3] NCCL INFO transport/net.cc:376 Cuda Alloc Size 8388608 pointer 0x14e1c6600000
x3002c0s31b0n0:19810:20854 [0] NCCL INFO Channel 03/0 : 4[7000] -> 20[7000] [receive] via NET/IB/0
x3002c0s31b0n0:19810:21058 [0] NCCL INFO transport/net_ib.cc:683 Ib Alloc Size 21688 pointer 0x154cfc0c0000
x3002c0s31b0n0:19810:21058 [0] NCCL INFO transport/net_ib.cc:696 Ib Alloc Size 552 pointer 0x154cfc0c7000
x3002c0s31b0n0:19810:21058 [0] NCCL INFO transport/net_ib.cc:771 Ib Alloc Size 552 pointer 0x154cfc0e2000
x3002c0s31b0n0:19810:21058 [0] NCCL INFO transport/net.cc:698 Cuda Host Alloc Size 9641984 pointer 0x154cec000000
x3002c0s31b0n0:19810:21058 [0] NCCL INFO transport/net_ib.cc:683 Ib Alloc Size 21688 pointer 0x154cfc0e4000
x3002c0s31b0n0:19810:21058 [0] NCCL INFO transport/net_ib.cc:696 Ib Alloc Size 552 pointer 0x154cfc0eb000
x3002c0s31b0n0:19810:21058 [0] NCCL INFO transport/net_ib.cc:771 Ib Alloc Size 552 pointer 0x154cfc106000
x3002c0s31b0n0:19810:21058 [0] NCCL INFO transport/net.cc:698 Cuda Host Alloc Size 9641984 pointer 0x154ceca00000
x3002c0s31b0n0:19810:20854 [0] NCCL INFO GPU Direct RDMA Disabled for GPU 7000 / HCA 1 (distance 7 > 4)
x3002c0s31b0n0:19810:21058 [0] NCCL INFO New proxy send connection 18 from local rank 0, transport 2
x3002c0s31b0n0:19810:20854 [0] NCCL INFO Connection to proxy localRank 0 -> connection 0x154cfc001100
x3002c0s31b0n0:19810:20854 [0] NCCL INFO Channel 00/0 : 20[7000] -> 16[7000] [send] via NET/IB/1
x3002c0s31b0n0:19810:20854 [0] NCCL INFO GPU Direct RDMA Disabled for GPU 7000 / HCA 0 (distance 7 > 4)
x3002c0s31b0n0:19810:21058 [0] NCCL INFO New proxy send connection 19 from local rank 0, transport 2
x3002c0s31b0n0:19810:20854 [0] NCCL INFO Connection to proxy localRank 0 -> connection 0x154cfc001140
x3002c0s31b0n0:19810:20854 [0] NCCL INFO Channel 01/0 : 20[7000] -> 16[7000] [send] via NET/IB/0
x3002c0s31b0n0:19810:21058 [0] NCCL INFO transport/net_ib.cc:596 Ib Alloc Size 26560 pointer 0x154cfc112000
x3002c0s31b0n0:19810:21058 [0] NCCL INFO NET/IB: Dev 1 Port 1 qpn 38946 mtu 5 GID 0 (80FE/DB0000FEFF000000)
x3002c0s31b0n0:19810:21058 [0] NCCL INFO transport/net_ib.cc:653 Ib Alloc Size 552 pointer 0x154cfc129000
x3002c0s31b0n0:19810:21058 [0] NCCL INFO transport/net.cc:571 Cuda Host Alloc Size 9641984 pointer 0x154ced400000
x3002c0s31b0n0:19810:21058 [0] NCCL INFO transport/net_ib.cc:596 Ib Alloc Size 26560 pointer 0x154cfc12b000
x3002c0s31b0n0:19810:21058 [0] NCCL INFO NET/IB: Dev 0 Port 1 qpn 39775 mtu 5 GID 0 (80FE/9E0000FEFF000000)
x3002c0s31b0n0:19810:21058 [0] NCCL INFO transport/net_ib.cc:653 Ib Alloc Size 552 pointer 0x154cfc142000
x3002c0s31b0n0:19810:21058 [0] NCCL INFO transport/net.cc:571 Cuda Host Alloc Size 9641984 pointer 0x154cea000000
x3002c0s31b0n0:19810:20854 [0] NCCL INFO Connected all trees by HAO
x3002c0s31b0n0:19810:20854 [0] NCCL INFO threadThresholds 8/8/64 | 192/8/64 | 512 | 512
x3002c0s31b0n0:19810:20854 [0] NCCL INFO 4 coll channels, 4 p2p channels, 2 p2p channels per peer
x3002c0s31b0n0:19810:21058 [0] NCCL INFO New proxy send connection 20 from local rank 0, transport 2
x3002c0s31b0n0:19810:20854 [0] NCCL INFO Connection to proxy localRank 0 -> connection 0x154cfc001180
x3002c0s31b0n0:19810:20854 [0] NCCL INFO init.cc:367 Cuda Alloc Size 5168 pointer 0x154d0b80a000
x3002c0s31b0n0:19812:20857 [2] NCCL INFO init.cc:367 Cuda Alloc Size 5168 pointer 0x15209f80a000
x3002c0s31b0n0:19811:20855 [1] NCCL INFO init.cc:367 Cuda Alloc Size 5168 pointer 0x14983980a000
x3002c0s31b0n0:19814:20856 [3] NCCL INFO init.cc:367 Cuda Alloc Size 5168 pointer 0x14e1e380a000
x3002c0s31b0n0:19814:20856 [3] NCCL INFO init.cc:392 Cuda Host Alloc Size 33554432 pointer 0x14e1c4000000
x3002c0s31b0n0:19814:20856 [3] NCCL INFO init.cc:398 Cuda Host Alloc Size 128 pointer 0x14e1e2e00200
x3002c0s31b0n0:19814:20856 [3] NCCL INFO comm 0x55ba882e4e00 rank 23 nranks 24 cudaDev 3 busId c7000 - Init COMPLETE
x3002c0s31b0n0:19812:20857 [2] NCCL INFO init.cc:392 Cuda Host Alloc Size 33554432 pointer 0x15207a000000
x3002c0s31b0n0:19812:20857 [2] NCCL INFO init.cc:398 Cuda Host Alloc Size 128 pointer 0x15209ee00200
x3002c0s31b0n0:19812:20857 [2] NCCL INFO comm 0x562830564640 rank 22 nranks 24 cudaDev 2 busId 85000 - Init COMPLETE
x3002c0s31b0n0:19811:20855 [1] NCCL INFO init.cc:392 Cuda Host Alloc Size 33554432 pointer 0x14981a000000
x3002c0s31b0n0:19811:20855 [1] NCCL INFO init.cc:398 Cuda Host Alloc Size 128 pointer 0x149838e00200
x3002c0s31b0n0:19811:20855 [1] NCCL INFO comm 0x556836116e40 rank 21 nranks 24 cudaDev 1 busId 46000 - Init COMPLETE
x3002c0s31b0n0:19810:20854 [0] NCCL INFO init.cc:392 Cuda Host Alloc Size 33554432 pointer 0x154ce8000000
x3002c0s31b0n0:19810:20854 [0] NCCL INFO init.cc:398 Cuda Host Alloc Size 128 pointer 0x154d0ae00200
x3002c0s31b0n0:19810:20854 [0] NCCL INFO comm 0x561cf5686fe0 rank 20 nranks 24 cudaDev 0 busId 7000 - Init COMPLETE
x3002c0s31b0n0:19810:21058 [0] NCCL INFO transport/net.cc:376 Cuda Alloc Size 8388608 pointer 0x154ceaa00000
x3002c0s31b0n0:19810:19810 [0] NCCL INFO AllReduce: opCount 0 sendbuff 0x154d4b600200 recvbuff 0x154d4b600200 count 1 datatype 1 op 0 root 0 comm 0x561cf5686fe0 [nranks=24] stream 0x561d104a8be0
x3002c0s31b0n0:19810:19810 [0] NCCL INFO misc/utils.cc:235 memory stack hunk malloc(65536)
[LYD INFO in ncclLaunchKernel (enqueue.cc)] NCHANNELS is: 4x3002c0s31b0n0:19812:19812 [2] NCCL INFO AllReduce: opCount 0 sendbuff 0x1520df600200 recvbuff 0x1520df600200 count 1 datatype 1 op 0 root 0 comm 0x562830564640 [nranks=24] stream 0x56284dc84dd0
x3002c0s31b0n0:19812:19812 [2] NCCL INFO misc/utils.cc:235 memory stack hunk malloc(65536)
[LYD INFO in ncclLaunchKernel (enqueue.cc)] NCHANNELS is: 4x3002c0s31b0n0:19811:19811 [1] NCCL INFO AllReduce: opCount 0 sendbuff 0x149877600200 recvbuff 0x149877600200 count 1 datatype 1 op 0 root 0 comm 0x556836116e40 [nranks=24] stream 0x556851510500
x3002c0s31b0n0:19811:19811 [1] NCCL INFO misc/utils.cc:235 memory stack hunk malloc(65536)
[LYD INFO in ncclLaunchKernel (enqueue.cc)] NCHANNELS is: 4x3002c0s31b0n0:19814:19814 [3] NCCL INFO AllReduce: opCount 0 sendbuff 0x14e223600200 recvbuff 0x14e223600200 count 1 datatype 1 op 0 root 0 comm 0x55ba882e4e00 [nranks=24] stream 0x55baa57904b0
x3002c0s31b0n0:19814:19814 [3] NCCL INFO misc/utils.cc:235 memory stack hunk malloc(65536)
[LYD INFO in ncclLaunchKernel (enqueue.cc)] NCHANNELS is: 4
[LYD INFO in NCCL_KERN_NAME (common.h)] 20 AllReduce TREE LL Sum uint8_t Elapsed time: 1353115 us

[LYD INFO in NCCL_KERN_NAME (common.h)] 21 AllReduce TREE LL Sum uint8_t Elapsed time: 1331881 us

[LYD INFO in NCCL_KERN_NAME (common.h)] 23 AllReduce TREE LL Sum uint8_t Elapsed time: 1330763 us

[LYD INFO in NCCL_KERN_NAME (common.h)] 22 AllReduce TREE LL Sum uint8_t Elapsed time: 1348238 us
x3002c0s31b0n0:19810:19810 [0] NCCL INFO AllReduce: opCount 1 sendbuff 0x154d4b600000 recvbuff 0x154d4b600000 count 1 datatype 1 op 0 root 0 comm 0x561cf5686fe0 [nranks=24] stream 0x561d104a8be0
[LYD INFO in ncclLaunchKernel (enqueue.cc)] NCHANNELS is: 4x3002c0s31b0n0:19814:19814 [3] NCCL INFO AllReduce: opCount 1 sendbuff 0x14e223600000 recvbuff 0x14e223600000 count 1 datatype 1 op 0 root 0 comm 0x55ba882e4e00 [nranks=24] stream 0x55baa57904b0
[LYD INFO in ncclLaunchKernel (enqueue.cc)] NCHANNELS is: 4x3002c0s31b0n0:19812:19812 [2] NCCL INFO AllReduce: opCount 1 sendbuff 0x1520df600000 recvbuff 0x1520df600000 count 1 datatype 1 op 0 root 0 comm 0x562830564640 [nranks=24] stream 0x56284dc84dd0
[LYD INFO in ncclLaunchKernel (enqueue.cc)] NCHANNELS is: 4x3002c0s31b0n0:19811:19811 [1] NCCL INFO AllReduce: opCount 1 sendbuff 0x149877600000 recvbuff 0x149877600000 count 1 datatype 1 op 0 root 0 comm 0x556836116e40 [nranks=24] stream 0x556851510500
[LYD INFO in ncclLaunchKernel (enqueue.cc)] NCHANNELS is: 4
[LYD INFO in NCCL_KERN_NAME (common.h)] 20 AllReduce TREE LL Sum uint8_t Elapsed time: 11248711 us

[LYD INFO in NCCL_KERN_NAME (common.h)] 21 AllReduce TREE LL Sum uint8_t Elapsed time: 3020481 us

[LYD INFO in NCCL_KERN_NAME (common.h)] 23 AllReduce TREE LL Sum uint8_t Elapsed time: 9076971 us

[LYD INFO in NCCL_KERN_NAME (common.h)] 22 AllReduce TREE LL Sum uint8_t Elapsed time: 3833384 us
x3002c0s31b0n0:19811:19811 [1] NCCL INFO AllReduce: opCount 2 sendbuff 0x149877600000 recvbuff 0x149877600000 count 1 datatype 8 op 3 root 0 comm 0x556836116e40 [nranks=24] stream 0x556851510500
[LYD INFO in ncclLaunchKernel (enqueue.cc)] NCHANNELS is: 4x3002c0s31b0n0:19812:19812 [2] NCCL INFO AllReduce: opCount 2 sendbuff 0x1520df600000 recvbuff 0x1520df600000 count 1 datatype 8 op 3 root 0 comm 0x562830564640 [nranks=24] stream 0x56284dc84dd0
[LYD INFO in ncclLaunchKernel (enqueue.cc)] NCHANNELS is: 4x3002c0s31b0n0:19814:19814 [3] NCCL INFO AllReduce: opCount 2 sendbuff 0x14e223600000 recvbuff 0x14e223600000 count 1 datatype 8 op 3 root 0 comm 0x55ba882e4e00 [nranks=24] stream 0x55baa57904b0
[LYD INFO in ncclLaunchKernel (enqueue.cc)] NCHANNELS is: 4x3002c0s31b0n0:19810:19810 [0] NCCL INFO AllReduce: opCount 2 sendbuff 0x154d4b600000 recvbuff 0x154d4b600000 count 1 datatype 8 op 3 root 0 comm 0x561cf5686fe0 [nranks=24] stream 0x561d104a8be0
[LYD INFO in ncclLaunchKernel (enqueue.cc)] NCHANNELS is: 4
[LYD INFO in NCCL_FUNC_NAME (common.h)] 23 AllReduce TREE LL Min double Elapsed time: 4 us

[LYD INFO in NCCL_FUNC_NAME (common.h)] 20 AllReduce TREE LL Min double Elapsed time: 8 us

[LYD INFO in NCCL_FUNC_NAME (common.h)] 22 AllReduce TREE LL Min double Elapsed time: 13294 us

[LYD INFO in NCCL_FUNC_NAME (common.h)] 21 AllReduce TREE LL Min double Elapsed time: 27272 us

[LYD INFO in NCCL_KERN_NAME (common.h)] 22 AllReduce TREE LL Sum double Elapsed time: 134003 us
x3002c0s31b0n0:19812:19812 [2] NCCL INFO AllReduce: opCount 3 sendbuff 0x1520df600200 recvbuff 0x1520df600200 count 1 datatype 1 op 0 root 0 comm 0x562830564640 [nranks=24] stream 0x56284dc84dd0
[LYD INFO in ncclLaunchKernel (enqueue.cc)] NCHANNELS is: 4
[LYD INFO in NCCL_KERN_NAME (common.h)] 21 AllReduce TREE LL Sum double Elapsed time: 151941 us
x3002c0s31b0n0:19811:19811 [1] NCCL INFO AllReduce: opCount 3 sendbuff 0x149877600200 recvbuff 0x149877600200 count 1 datatype 1 op 0 root 0 comm 0x556836116e40 [nranks=24] stream 0x556851510500
[LYD INFO in ncclLaunchKernel (enqueue.cc)] NCHANNELS is: 4
[LYD INFO in NCCL_KERN_NAME (common.h)] 23 AllReduce TREE LL Sum double Elapsed time: 121027 us
x3002c0s31b0n0:19814:19814 [3] NCCL INFO AllReduce: opCount 3 sendbuff 0x14e223600200 recvbuff 0x14e223600200 count 1 datatype 1 op 0 root 0 comm 0x55ba882e4e00 [nranks=24] stream 0x55baa57904b0
[LYD INFO in ncclLaunchKernel (enqueue.cc)] NCHANNELS is: 4
[LYD INFO in NCCL_KERN_NAME (common.h)] 20 AllReduce TREE LL Sum double Elapsed time: 118167 us
x3002c0s31b0n0:19810:19810 [0] NCCL INFO AllReduce: opCount 3 sendbuff 0x154d4b600200 recvbuff 0x154d4b600200 count 1 datatype 1 op 0 root 0 comm 0x561cf5686fe0 [nranks=24] stream 0x561d104a8be0
[LYD INFO in ncclLaunchKernel (enqueue.cc)] NCHANNELS is: 4
[LYD INFO in NCCL_KERN_NAME (common.h)] 22 AllReduce TREE LL Sum uint8_t Elapsed time: 83509 us

[LYD INFO in NCCL_KERN_NAME (common.h)] 20 AllReduce TREE LL Sum uint8_t Elapsed time: 52646 us

[LYD INFO in NCCL_KERN_NAME (common.h)] 23 AllReduce TREE LL Sum uint8_t Elapsed time: 65368 us

[LYD INFO in NCCL_KERN_NAME (common.h)] 21 AllReduce TREE LL Sum uint8_t Elapsed time: 68290 us
 > number of parameters on (tensor, pipeline) model parallel rank (22, 0): 32330000
 > number of parameters on (tensor, pipeline) model parallel rank (23, 0): 32330000
 > number of parameters on (tensor, pipeline) model parallel rank (21, 0): 32330000
 > number of parameters on (tensor, pipeline) model parallel rank (20, 0): 32330000
x3002c0s31b0n0:19812:19812 [2] NCCL INFO AllReduce: opCount 4 sendbuff 0x152087fffe00 recvbuff 0x152087fffe00 count 1 datatype 1 op 0 root 0 comm 0x562830564640 [nranks=24] stream 0x56284dc84dd0
[LYD INFO in ncclLaunchKernel (enqueue.cc)] NCHANNELS is: 4x3002c0s31b0n0:19811:19811 [1] NCCL INFO AllReduce: opCount 4 sendbuff 0x14981ddffe00 recvbuff 0x14981ddffe00 count 1 datatype 1 op 0 root 0 comm 0x556836116e40 [nranks=24] stream 0x556851510500
[LYD INFO in ncclLaunchKernel (enqueue.cc)] NCHANNELS is: 4x3002c0s31b0n0:19814:19814 [3] NCCL INFO AllReduce: opCount 4 sendbuff 0x14e1c79ffe00 recvbuff 0x14e1c79ffe00 count 1 datatype 1 op 0 root 0 comm 0x55ba882e4e00 [nranks=24] stream 0x55baa57904b0
[LYD INFO in ncclLaunchKernel (enqueue.cc)] NCHANNELS is: 4x3002c0s31b0n0:19810:19810 [0] NCCL INFO AllReduce: opCount 4 sendbuff 0x154cebdffe00 recvbuff 0x154cebdffe00 count 1 datatype 1 op 0 root 0 comm 0x561cf5686fe0 [nranks=24] stream 0x561d104a8be0
[LYD INFO in ncclLaunchKernel (enqueue.cc)] NCHANNELS is: 4
[LYD INFO in NCCL_KERN_NAME (common.h)] 22 AllReduce TREE LL Sum uint8_t Elapsed time: 188543 us
x3002c0s31b0n0:19812:19812 [2] NCCL INFO AllReduce: opCount 5 sendbuff 0x152085ffee00 recvbuff 0x152085ffee00 count 1 datatype 1 op 0 root 0 comm 0x562830564640 [nranks=24] stream 0x56284dc84dd0
[LYD INFO in ncclLaunchKernel (enqueue.cc)] NCHANNELS is: 4
[LYD INFO in NCCL_KERN_NAME (common.h)] 20 AllReduce TREE LL Sum uint8_t Elapsed time: 153300 us
x3002c0s31b0n0:19810:19810 [0] NCCL INFO AllReduce: opCount 5 sendbuff 0x154cebbfee00 recvbuff 0x154cebbfee00 count 1 datatype 1 op 0 root 0 comm 0x561cf5686fe0 [nranks=24] stream 0x561d104a8be0
[LYD INFO in ncclLaunchKernel (enqueue.cc)] NCHANNELS is: 4
[LYD INFO in NCCL_KERN_NAME (common.h)] 21 AllReduce TREE LL Sum uint8_t Elapsed time: 171666 us
x3002c0s31b0n0:19811:19811 [1] NCCL INFO AllReduce: opCount 5 sendbuff 0x14981dbfee00 recvbuff 0x14981dbfee00 count 1 datatype 1 op 0 root 0 comm 0x556836116e40 [nranks=24] stream 0x556851510500
[LYD INFO in ncclLaunchKernel (enqueue.cc)] NCHANNELS is: 4
[LYD INFO in NCCL_KERN_NAME (common.h)] 23 AllReduce TREE LL Sum uint8_t Elapsed time: 163006 us
x3002c0s31b0n0:19814:19814 [3] NCCL INFO AllReduce: opCount 5 sendbuff 0x14e1c77fee00 recvbuff 0x14e1c77fee00 count 1 datatype 1 op 0 root 0 comm 0x55ba882e4e00 [nranks=24] stream 0x55baa57904b0
[LYD INFO in ncclLaunchKernel (enqueue.cc)] NCHANNELS is: 4
[LYD INFO in NCCL_KERN_NAME (common.h)] 21 AllReduce TREE LL Sum uint8_t Elapsed time: 58930 us
x3002c0s31b0n0:19811:19811 [1] NCCL INFO AllReduce: opCount 6 sendbuff 0x14981ddffe00 recvbuff 0x14981ddffe00 count 1 datatype 1 op 0 root 0 comm 0x556836116e40 [nranks=24] stream 0x556851510500
[LYD INFO in ncclLaunchKernel (enqueue.cc)] NCHANNELS is: 4
[LYD INFO in NCCL_KERN_NAME (common.h)] 23 AllReduce TREE LL Sum uint8_t Elapsed time: 41375 us
time (ms) | load-checkpoint: 50.28
x3002c0s31b0n0:19814:19814 [3] NCCL INFO AllReduce: opCount 6 sendbuff 0x14e1c79ffe00 recvbuff 0x14e1c79ffe00 count 1 datatype 1 op 0 root 0 comm 0x55ba882e4e00 [nranks=24] stream 0x55baa57904b0
[LYD INFO in ncclLaunchKernel (enqueue.cc)] NCHANNELS is: 4
[LYD INFO in NCCL_KERN_NAME (common.h)] 22 AllReduce TREE LL Sum uint8_t Elapsed time: 77805 us
x3002c0s31b0n0:19812:19812 [2] NCCL INFO AllReduce: opCount 6 sendbuff 0x152087fffe00 recvbuff 0x152087fffe00 count 1 datatype 1 op 0 root 0 comm 0x562830564640 [nranks=24] stream 0x56284dc84dd0
[LYD INFO in ncclLaunchKernel (enqueue.cc)] NCHANNELS is: 4
[LYD INFO in NCCL_KERN_NAME (common.h)] 20 AllReduce TREE LL Sum uint8_t Elapsed time: 75056 us
x3002c0s31b0n0:19810:19810 [0] NCCL INFO AllReduce: opCount 6 sendbuff 0x154cebdffe00 recvbuff 0x154cebdffe00 count 1 datatype 1 op 0 root 0 comm 0x561cf5686fe0 [nranks=24] stream 0x561d104a8be0
[LYD INFO in ncclLaunchKernel (enqueue.cc)] NCHANNELS is: 4
[LYD INFO in NCCL_KERN_NAME (common.h)] 23 AllReduce TREE LL Sum uint8_t Elapsed time: 148770 us

[LYD INFO in NCCL_KERN_NAME (common.h)] 21 AllReduce TREE LL Sum uint8_t Elapsed time: 157428 us

[LYD INFO in NCCL_KERN_NAME (common.h)] 20 AllReduce TREE LL Sum uint8_t Elapsed time: 124778 us

[LYD INFO in NCCL_KERN_NAME (common.h)] 22 AllReduce TREE LL Sum uint8_t Elapsed time: 135970 us
x3002c0s31b0n0:19812:19812 [2] NCCL INFO init.cc:1147 Cuda Host Alloc Size 4 pointer 0x15209ee00400
x3002c0s31b0n0:19814:19814 [3] NCCL INFO init.cc:1147 Cuda Host Alloc Size 4 pointer 0x14e1e2e00400
x3002c0s31b0n0:19811:19811 [1] NCCL INFO init.cc:1147 Cuda Host Alloc Size 4 pointer 0x149838e00400
x3002c0s31b0n0:19810:19810 [0] NCCL INFO init.cc:1147 Cuda Host Alloc Size 4 pointer 0x154d0ae00400
x3002c0s31b0n0:19810:24962 [0] NCCL INFO Using network IB
x3002c0s31b0n0:19812:24959 [2] NCCL INFO Using network IB
x3002c0s31b0n0:19814:24960 [3] NCCL INFO Using network IB
x3002c0s31b0n0:19811:24961 [1] NCCL INFO Using network IB
x3002c0s31b0n0:19810:24962 [0] NCCL INFO NET/IB : GPU Direct RDMA Enabled for HCA 0 'mlx5_0'
x3002c0s31b0n0:19810:24962 [0] NCCL INFO NET/IB : GPU Direct RDMA Enabled for HCA 1 'mlx5_1'
x3002c0s31b0n0:19810:24962 [0] NCCL INFO GPU Direct RDMA Disabled for GPU 7000 / HCA 1 (distance 7 > 4)
x3002c0s31b0n0:19810:24962 [0] NCCL INFO GPU Direct RDMA Disabled for GPU 46000 / HCA 1 (distance 6 > 4)
x3002c0s31b0n0:19810:24962 [0] NCCL INFO GPU Direct RDMA Disabled for GPU 85000 / HCA 1 (distance 7 > 4)
x3002c0s31b0n0:19810:24962 [0] NCCL INFO GPU Direct RDMA Disabled for GPU c7000 / HCA 1 (distance 7 > 4)
x3002c0s31b0n0:19810:24962 [0] NCCL INFO GPU Direct RDMA Disabled for GPU 7000 / HCA 0 (distance 7 > 4)
x3002c0s31b0n0:19810:24962 [0] NCCL INFO GPU Direct RDMA Disabled for GPU 46000 / HCA 0 (distance 7 > 4)
x3002c0s31b0n0:19810:24962 [0] NCCL INFO GPU Direct RDMA Disabled for GPU 85000 / HCA 0 (distance 7 > 4)
x3002c0s31b0n0:19810:24962 [0] NCCL INFO GPU Direct RDMA Disabled for GPU c7000 / HCA 0 (distance 6 > 4)
x3002c0s31b0n0:19810:24962 [0] NCCL INFO GPU Direct RDMA Disabled for GPU 7000 / HCA 1 (distance 7 > 4)
x3002c0s31b0n0:19810:24962 [0] NCCL INFO GPU Direct RDMA Disabled for GPU 46000 / HCA 1 (distance 6 > 4)
x3002c0s31b0n0:19810:24962 [0] NCCL INFO GPU Direct RDMA Disabled for GPU 85000 / HCA 1 (distance 7 > 4)
x3002c0s31b0n0:19810:24962 [0] NCCL INFO GPU Direct RDMA Disabled for GPU c7000 / HCA 1 (distance 7 > 4)
x3002c0s31b0n0:19810:24962 [0] NCCL INFO GPU Direct RDMA Disabled for GPU 7000 / HCA 0 (distance 7 > 4)
x3002c0s31b0n0:19810:24962 [0] NCCL INFO GPU Direct RDMA Disabled for GPU 46000 / HCA 0 (distance 7 > 4)
x3002c0s31b0n0:19810:24962 [0] NCCL INFO GPU Direct RDMA Disabled for GPU 85000 / HCA 0 (distance 7 > 4)
x3002c0s31b0n0:19810:24962 [0] NCCL INFO GPU Direct RDMA Disabled for GPU c7000 / HCA 0 (distance 6 > 4)
x3002c0s31b0n0:19810:24962 [0] NCCL INFO === System : maxBw 12.0 totalBw 264.0 ===
x3002c0s31b0n0:19810:24962 [0] NCCL INFO CPU/3 (1/2/-1)
x3002c0s31b0n0:19810:24962 [0] NCCL INFO + SYS[5000.0] - CPU/2
x3002c0s31b0n0:19810:24962 [0] NCCL INFO + SYS[5000.0] - CPU/1
x3002c0s31b0n0:19810:24962 [0] NCCL INFO + SYS[5000.0] - CPU/0
x3002c0s31b0n0:19810:24962 [0] NCCL INFO + PCI[24.0] - PCI/5000 (11f8406811f8beef)
x3002c0s31b0n0:19810:24962 [0] NCCL INFO               + PCI[24.0] - GPU/7000 (20)
x3002c0s31b0n0:19810:24962 [0] NCCL INFO                             + NVL[88.0] - GPU/85000
x3002c0s31b0n0:19810:24962 [0] NCCL INFO                             + NVL[88.0] - GPU/C7000
x3002c0s31b0n0:19810:24962 [0] NCCL INFO                             + NVL[88.0] - GPU/46000
x3002c0s31b0n0:19810:24962 [0] NCCL INFO CPU/2 (1/2/-1)
x3002c0s31b0n0:19810:24962 [0] NCCL INFO + SYS[5000.0] - CPU/3
x3002c0s31b0n0:19810:24962 [0] NCCL INFO + SYS[5000.0] - CPU/1
x3002c0s31b0n0:19810:24962 [0] NCCL INFO + SYS[5000.0] - CPU/0
x3002c0s31b0n0:19810:24962 [0] NCCL INFO + PCI[24.0] - PCI/44000 (11f8406811f8beef)
x3002c0s31b0n0:19810:24962 [0] NCCL INFO               + PCI[24.0] - GPU/46000 (21)
x3002c0s31b0n0:19810:24962 [0] NCCL INFO                             + NVL[88.0] - GPU/85000
x3002c0s31b0n0:19810:24962 [0] NCCL INFO                             + NVL[88.0] - GPU/C7000
x3002c0s31b0n0:19810:24962 [0] NCCL INFO                             + NVL[88.0] - GPU/7000
x3002c0s31b0n0:19810:24962 [0] NCCL INFO + PCI[12.0] - NIC/43000
x3002c0s31b0n0:19810:24962 [0] NCCL INFO               + NET[12.5] - NET/1 (44e604ffffa4e988/1/12.500000)
x3002c0s31b0n0:19810:24962 [0] NCCL INFO CPU/1 (1/2/-1)
x3002c0s31b0n0:19810:24962 [0] NCCL INFO + SYS[5000.0] - CPU/3
x3002c0s31b0n0:19810:24962 [0] NCCL INFO + SYS[5000.0] - CPU/2
x3002c0s31b0n0:19810:24962 [0] NCCL INFO + SYS[5000.0] - CPU/0
x3002c0s31b0n0:19810:24962 [0] NCCL INFO + PCI[24.0] - PCI/83000 (11f8406811f8beef)
x3002c0s31b0n0:19810:24962 [0] NCCL INFO               + PCI[24.0] - GPU/85000 (22)
x3002c0s31b0n0:19810:24962 [0] NCCL INFO                             + NVL[88.0] - GPU/C7000
x3002c0s31b0n0:19810:24962 [0] NCCL INFO                             + NVL[88.0] - GPU/46000
x3002c0s31b0n0:19810:24962 [0] NCCL INFO                             + NVL[88.0] - GPU/7000
x3002c0s31b0n0:19810:24962 [0] NCCL INFO CPU/0 (1/2/-1)
x3002c0s31b0n0:19810:24962 [0] NCCL INFO + SYS[5000.0] - CPU/3
x3002c0s31b0n0:19810:24962 [0] NCCL INFO + SYS[5000.0] - CPU/2
x3002c0s31b0n0:19810:24962 [0] NCCL INFO + SYS[5000.0] - CPU/1
x3002c0s31b0n0:19810:24962 [0] NCCL INFO + PCI[24.0] - PCI/C5000 (11f8406811f8beef)
x3002c0s31b0n0:19810:24962 [0] NCCL INFO               + PCI[24.0] - GPU/C7000 (23)
x3002c0s31b0n0:19810:24962 [0] NCCL INFO                             + NVL[88.0] - GPU/85000
x3002c0s31b0n0:19810:24962 [0] NCCL INFO                             + NVL[88.0] - GPU/46000
x3002c0s31b0n0:19810:24962 [0] NCCL INFO                             + NVL[88.0] - GPU/7000
x3002c0s31b0n0:19810:24962 [0] NCCL INFO + PCI[12.0] - NIC/C8000
x3002c0s31b0n0:19810:24962 [0] NCCL INFO               + NET[12.5] - NET/0 (48e604ffffa4e988/1/12.500000)
x3002c0s31b0n0:19810:24962 [0] NCCL INFO ==========================================
x3002c0s31b0n0:19810:24962 [0] NCCL INFO GPU/7000 :GPU/7000 (0/5000.000000/LOC) GPU/46000 (1/88.000000/NVL) GPU/85000 (1/88.000000/NVL) GPU/C7000 (1/88.000000/NVL) CPU/3 (2/24.000000/PHB) CPU/2 (3/24.000000/SYS) CPU/1 (3/24.000000/SYS) CPU/0 (3/24.000000/SYS) NET/1 (5/12.000000/SYS) NET/0 (5/12.000000/SYS) 
x3002c0s31b0n0:19810:24962 [0] NCCL INFO GPU/46000 :GPU/7000 (1/88.000000/NVL) GPU/46000 (0/5000.000000/LOC) GPU/85000 (1/88.000000/NVL) GPU/C7000 (1/88.000000/NVL) CPU/3 (3/24.000000/SYS) CPU/2 (2/24.000000/PHB) CPU/1 (3/24.000000/SYS) CPU/0 (3/24.000000/SYS) NET/1 (4/12.000000/PHB) NET/0 (5/12.000000/SYS) 
x3002c0s31b0n0:19810:24962 [0] NCCL INFO GPU/85000 :GPU/7000 (1/88.000000/NVL) GPU/46000 (1/88.000000/NVL) GPU/85000 (0/5000.000000/LOC) GPU/C7000 (1/88.000000/NVL) CPU/3 (3/24.000000/SYS) CPU/2 (3/24.000000/SYS) CPU/1 (2/24.000000/PHB) CPU/0 (3/24.000000/SYS) NET/1 (5/12.000000/SYS) NET/0 (5/12.000000/SYS) 
x3002c0s31b0n0:19810:24962 [0] NCCL INFO GPU/C7000 :GPU/7000 (1/88.000000/NVL) GPU/46000 (1/88.000000/NVL) GPU/85000 (1/88.000000/NVL) GPU/C7000 (0/5000.000000/LOC) CPU/3 (3/24.000000/SYS) CPU/2 (3/24.000000/SYS) CPU/1 (3/24.000000/SYS) CPU/0 (2/24.000000/PHB) NET/1 (5/12.000000/SYS) NET/0 (4/12.000000/PHB) 
x3002c0s31b0n0:19810:24962 [0] NCCL INFO NET/1 :GPU/7000 (5/12.000000/SYS) GPU/46000 (4/12.000000/PHB) GPU/85000 (5/12.000000/SYS) GPU/C7000 (5/12.000000/SYS) CPU/3 (3/12.000000/SYS) CPU/2 (2/12.000000/PHB) CPU/1 (3/12.000000/SYS) CPU/0 (3/12.000000/SYS) NET/1 (0/5000.000000/LOC) NET/0 (5/12.000000/SYS) 
x3002c0s31b0n0:19810:24962 [0] NCCL INFO NET/0 :GPU/7000 (5/12.000000/SYS) GPU/46000 (5/12.000000/SYS) GPU/85000 (5/12.000000/SYS) GPU/C7000 (4/12.000000/PHB) CPU/3 (3/12.000000/SYS) CPU/2 (3/12.000000/SYS) CPU/1 (3/12.000000/SYS) CPU/0 (2/12.000000/PHB) NET/1 (5/12.000000/SYS) NET/0 (0/5000.000000/LOC) 
x3002c0s31b0n0:19810:24962 [0] NCCL INFO Pattern 4, crossNic 0, nChannels 2, bw 12.000000/12.000000, type NVL/SYS, sameChannels 1
x3002c0s31b0n0:19810:24962 [0] NCCL INFO  0 : NET/1 GPU/21 GPU/20 GPU/22 GPU/23 NET/1
x3002c0s31b0n0:19810:24962 [0] NCCL INFO  1 : NET/0 GPU/21 GPU/20 GPU/22 GPU/23 NET/0
x3002c0s31b0n0:19810:24962 [0] NCCL INFO Pattern 1, crossNic 0, nChannels 2, bw 24.000000/12.000000, type NVL/SYS, sameChannels 1
x3002c0s31b0n0:19810:24962 [0] NCCL INFO  0 : NET/1 GPU/20 GPU/21 GPU/22 GPU/23 NET/1
x3002c0s31b0n0:19810:24962 [0] NCCL INFO  1 : NET/0 GPU/20 GPU/21 GPU/22 GPU/23 NET/0
x3002c0s31b0n0:19810:24962 [0] NCCL INFO Pattern 3, crossNic 0, nChannels 0, bw 0.000000/0.000000, type NVL/PIX, sameChannels 1
x3002c0s31b0n0:19811:24961 [1] NCCL INFO NET/IB : GPU Direct RDMA Enabled for HCA 0 'mlx5_0'
x3002c0s31b0n0:19811:24961 [1] NCCL INFO NET/IB : GPU Direct RDMA Enabled for HCA 1 'mlx5_1'
x3002c0s31b0n0:19811:24961 [1] NCCL INFO GPU Direct RDMA Disabled for GPU 7000 / HCA 1 (distance 7 > 4)
x3002c0s31b0n0:19811:24961 [1] NCCL INFO GPU Direct RDMA Disabled for GPU 46000 / HCA 1 (distance 6 > 4)
x3002c0s31b0n0:19811:24961 [1] NCCL INFO GPU Direct RDMA Disabled for GPU 85000 / HCA 1 (distance 7 > 4)
x3002c0s31b0n0:19811:24961 [1] NCCL INFO GPU Direct RDMA Disabled for GPU c7000 / HCA 1 (distance 7 > 4)
x3002c0s31b0n0:19811:24961 [1] NCCL INFO GPU Direct RDMA Disabled for GPU 7000 / HCA 0 (distance 7 > 4)
x3002c0s31b0n0:19811:24961 [1] NCCL INFO GPU Direct RDMA Disabled for GPU 46000 / HCA 0 (distance 7 > 4)
x3002c0s31b0n0:19811:24961 [1] NCCL INFO GPU Direct RDMA Disabled for GPU 85000 / HCA 0 (distance 7 > 4)
x3002c0s31b0n0:19811:24961 [1] NCCL INFO GPU Direct RDMA Disabled for GPU c7000 / HCA 0 (distance 6 > 4)
x3002c0s31b0n0:19811:24961 [1] NCCL INFO GPU Direct RDMA Disabled for GPU 7000 / HCA 1 (distance 7 > 4)
x3002c0s31b0n0:19811:24961 [1] NCCL INFO GPU Direct RDMA Disabled for GPU 46000 / HCA 1 (distance 6 > 4)
