x3110c0s13b1n0:30019:33155 [0] NCCL INFO               + PCI[24.0] - GPU/7000 (4)
x3110c0s13b1n0:30019:33155 [0] NCCL INFO                             + NVL[88.0] - GPU/85000
x3110c0s13b1n0:30019:33155 [0] NCCL INFO                             + NVL[88.0] - GPU/C7000
x3110c0s13b1n0:30019:33155 [0] NCCL INFO                             + NVL[88.0] - GPU/46000
x3110c0s13b1n0:30019:33155 [0] NCCL INFO CPU/2 (1/2/-1)
x3110c0s13b1n0:30019:33155 [0] NCCL INFO + SYS[5000.0] - CPU/3
x3110c0s13b1n0:30019:33155 [0] NCCL INFO + SYS[5000.0] - CPU/1
x3110c0s13b1n0:30019:33155 [0] NCCL INFO + SYS[5000.0] - CPU/0
x3110c0s13b1n0:30019:33155 [0] NCCL INFO + PCI[24.0] - PCI/44000 (11f8406811f8beef)
x3110c0s13b1n0:30019:33155 [0] NCCL INFO               + PCI[24.0] - GPU/46000 (5)
x3110c0s13b1n0:30019:33155 [0] NCCL INFO                             + NVL[88.0] - GPU/85000
x3110c0s13b1n0:30019:33155 [0] NCCL INFO                             + NVL[88.0] - GPU/C7000
x3110c0s13b1n0:30019:33155 [0] NCCL INFO                             + NVL[88.0] - GPU/7000
x3110c0s13b1n0:30019:33155 [0] NCCL INFO + PCI[24.0] - NIC/43000
x3110c0s13b1n0:30019:33155 [0] NCCL INFO               + NET[25.0] - NET/0 (0/0/25.000000)
x3110c0s13b1n0:30019:33155 [0] NCCL INFO CPU/1 (1/2/-1)
x3110c0s13b1n0:30019:33155 [0] NCCL INFO + SYS[5000.0] - CPU/3
x3110c0s13b1n0:30019:33155 [0] NCCL INFO + SYS[5000.0] - CPU/2
x3110c0s13b1n0:30019:33155 [0] NCCL INFO + SYS[5000.0] - CPU/0
x3110c0s13b1n0:30019:33155 [0] NCCL INFO + PCI[24.0] - PCI/83000 (11f8406811f8beef)
x3110c0s13b1n0:30019:33155 [0] NCCL INFO               + PCI[24.0] - GPU/85000 (6)
x3110c0s13b1n0:30019:33155 [0] NCCL INFO                             + NVL[88.0] - GPU/C7000
x3110c0s13b1n0:30019:33155 [0] NCCL INFO                             + NVL[88.0] - GPU/46000
x3110c0s13b1n0:30019:33155 [0] NCCL INFO                             + NVL[88.0] - GPU/7000
x3110c0s13b1n0:30019:33155 [0] NCCL INFO CPU/0 (1/2/-1)
x3110c0s13b1n0:30019:33155 [0] NCCL INFO + SYS[5000.0] - CPU/3
x3110c0s13b1n0:30019:33155 [0] NCCL INFO + SYS[5000.0] - CPU/2
x3110c0s13b1n0:30019:33155 [0] NCCL INFO + SYS[5000.0] - CPU/1
x3110c0s13b1n0:30019:33155 [0] NCCL INFO + PCI[24.0] - PCI/C5000 (11f8406811f8beef)
x3110c0s13b1n0:30019:33155 [0] NCCL INFO               + PCI[24.0] - GPU/C7000 (7)
x3110c0s13b1n0:30019:33155 [0] NCCL INFO                             + NVL[88.0] - GPU/85000
x3110c0s13b1n0:30019:33155 [0] NCCL INFO                             + NVL[88.0] - GPU/46000
x3110c0s13b1n0:30019:33155 [0] NCCL INFO                             + NVL[88.0] - GPU/7000
x3110c0s13b1n0:30019:33155 [0] NCCL INFO ==========================================
x3110c0s13b1n0:30019:33155 [0] NCCL INFO GPU/7000 :GPU/7000 (0/5000.000000/LOC) GPU/46000 (1/88.000000/NVL) GPU/85000 (1/88.000000/NVL) GPU/C7000 (1/88.000000/NVL) CPU/3 (2/24.000000/PHB) CPU/2 (3/24.000000/SYS) CPU/1 (3/24.000000/SYS) CPU/0 (3/24.000000/SYS) NET/0 (5/24.000000/SYS) 
x3110c0s13b1n0:30019:33155 [0] NCCL INFO GPU/46000 :GPU/7000 (1/88.000000/NVL) GPU/46000 (0/5000.000000/LOC) GPU/85000 (1/88.000000/NVL) GPU/C7000 (1/88.000000/NVL) CPU/3 (3/24.000000/SYS) CPU/2 (2/24.000000/PHB) CPU/1 (3/24.000000/SYS) CPU/0 (3/24.000000/SYS) NET/0 (4/24.000000/PHB) 
x3110c0s13b1n0:30019:33155 [0] NCCL INFO GPU/85000 :GPU/7000 (1/88.000000/NVL) GPU/46000 (1/88.000000/NVL) GPU/85000 (0/5000.000000/LOC) GPU/C7000 (1/88.000000/NVL) CPU/3 (3/24.000000/SYS) CPU/2 (3/24.000000/SYS) CPU/1 (2/24.000000/PHB) CPU/0 (3/24.000000/SYS) NET/0 (5/24.000000/SYS) 
x3110c0s13b1n0:30019:33155 [0] NCCL INFO GPU/C7000 :GPU/7000 (1/88.000000/NVL) GPU/46000 (1/88.000000/NVL) GPU/85000 (1/88.000000/NVL) GPU/C7000 (0/5000.000000/LOC) CPU/3 (3/24.000000/SYS) CPU/2 (3/24.000000/SYS) CPU/1 (3/24.000000/SYS) CPU/0 (2/24.000000/PHB) NET/0 (5/24.000000/SYS) 
x3110c0s13b1n0:30019:33155 [0] NCCL INFO NET/0 :GPU/7000 (5/24.000000/SYS) GPU/46000 (4/24.000000/PHB) GPU/85000 (5/24.000000/SYS) GPU/C7000 (5/24.000000/SYS) CPU/3 (3/24.000000/SYS) CPU/2 (2/24.000000/PHB) CPU/1 (3/24.000000/SYS) CPU/0 (3/24.000000/SYS) NET/0 (0/5000.000000/LOC) 
x3110c0s13b1n0:30019:33155 [0] NCCL INFO Pattern 4, crossNic 0, nChannels 1, bw 24.000000/24.000000, type NVL/SYS, sameChannels 1
x3110c0s13b1n0:30019:33155 [0] NCCL INFO  0 : NET/0 GPU/5 GPU/4 GPU/7 GPU/6 NET/0
x3110c0s13b1n0:30019:33155 [0] NCCL INFO Pattern 1, crossNic 0, nChannels 1, bw 48.000000/24.000000, type NVL/SYS, sameChannels 1
x3110c0s13b1n0:30019:33155 [0] NCCL INFO  0 : NET/0 GPU/4 GPU/5 GPU/6 GPU/7 NET/0
x3110c0s13b1n0:30019:33155 [0] NCCL INFO Pattern 3, crossNic 0, nChannels 0, bw 0.000000/0.000000, type NVL/PIX, sameChannels 1
x3110c0s13b1n0:30026:33156 [2] NCCL INFO === System : maxBw 24.0 totalBw 264.0 ===
x3110c0s13b1n0:30026:33156 [2] NCCL INFO CPU/3 (1/2/-1)
x3110c0s13b1n0:30026:33156 [2] NCCL INFO + SYS[5000.0] - CPU/2
x3110c0s13b1n0:30026:33156 [2] NCCL INFO + SYS[5000.0] - CPU/1
x3110c0s13b1n0:30026:33156 [2] NCCL INFO + SYS[5000.0] - CPU/0
x3110c0s13b1n0:30026:33156 [2] NCCL INFO + PCI[24.0] - PCI/5000 (11f8406811f8beef)
x3110c0s13b1n0:30026:33156 [2] NCCL INFO               + PCI[24.0] - GPU/7000 (4)
x3110c0s13b1n0:30026:33156 [2] NCCL INFO                             + NVL[88.0] - GPU/85000
x3110c0s13b1n0:30026:33156 [2] NCCL INFO                             + NVL[88.0] - GPU/C7000
x3110c0s13b1n0:30026:33156 [2] NCCL INFO                             + NVL[88.0] - GPU/46000
x3110c0s13b1n0:30026:33156 [2] NCCL INFO CPU/2 (1/2/-1)
x3110c0s13b1n0:30026:33156 [2] NCCL INFO + SYS[5000.0] - CPU/3
x3110c0s13b1n0:30026:33156 [2] NCCL INFO + SYS[5000.0] - CPU/1
x3110c0s13b1n0:30026:33156 [2] NCCL INFO + SYS[5000.0] - CPU/0
x3110c0s13b1n0:30026:33156 [2] NCCL INFO + PCI[24.0] - PCI/44000 (11f8406811f8beef)
x3110c0s13b1n0:30026:33156 [2] NCCL INFO               + PCI[24.0] - GPU/46000 (5)
x3110c0s13b1n0:30026:33156 [2] NCCL INFO                             + NVL[88.0] - GPU/85000
x3110c0s13b1n0:30026:33156 [2] NCCL INFO                             + NVL[88.0] - GPU/C7000
x3110c0s13b1n0:30026:33156 [2] NCCL INFO                             + NVL[88.0] - GPU/7000
x3110c0s13b1n0:30026:33156 [2] NCCL INFO + PCI[24.0] - NIC/43000
x3110c0s13b1n0:30026:33156 [2] NCCL INFO               + NET[25.0] - NET/0 (0/0/25.000000)
x3110c0s13b1n0:30026:33156 [2] NCCL INFO CPU/1 (1/2/-1)
x3110c0s13b1n0:30026:33156 [2] NCCL INFO + SYS[5000.0] - CPU/3
x3110c0s13b1n0:30026:33156 [2] NCCL INFO + SYS[5000.0] - CPU/2
x3110c0s13b1n0:30026:33156 [2] NCCL INFO + SYS[5000.0] - CPU/0
x3110c0s13b1n0:30026:33156 [2] NCCL INFO + PCI[24.0] - PCI/83000 (11f8406811f8beef)
x3110c0s13b1n0:30026:33156 [2] NCCL INFO               + PCI[24.0] - GPU/85000 (6)
x3110c0s13b1n0:30026:33156 [2] NCCL INFO                             + NVL[88.0] - GPU/C7000
x3110c0s13b1n0:30026:33156 [2] NCCL INFO                             + NVL[88.0] - GPU/46000
x3110c0s13b1n0:30026:33156 [2] NCCL INFO                             + NVL[88.0] - GPU/7000
x3110c0s13b1n0:30026:33156 [2] NCCL INFO CPU/0 (1/2/-1)
x3110c0s13b1n0:30026:33156 [2] NCCL INFO + SYS[5000.0] - CPU/3
x3110c0s13b1n0:30026:33156 [2] NCCL INFO + SYS[5000.0] - CPU/2
x3110c0s13b1n0:30026:33156 [2] NCCL INFO + SYS[5000.0] - CPU/1
x3110c0s13b1n0:30026:33156 [2] NCCL INFO + PCI[24.0] - PCI/C5000 (11f8406811f8beef)
x3110c0s13b1n0:30026:33156 [2] NCCL INFO               + PCI[24.0] - GPU/C7000 (7)
x3110c0s13b1n0:30026:33156 [2] NCCL INFO                             + NVL[88.0] - GPU/85000
x3110c0s13b1n0:30026:33156 [2] NCCL INFO                             + NVL[88.0] - GPU/46000
x3110c0s13b1n0:30026:33156 [2] NCCL INFO                             + NVL[88.0] - GPU/7000
x3110c0s13b1n0:30026:33156 [2] NCCL INFO ==========================================
x3110c0s13b1n0:30026:33156 [2] NCCL INFO GPU/7000 :GPU/7000 (0/5000.000000/LOC) GPU/46000 (1/88.000000/NVL) GPU/85000 (1/88.000000/NVL) GPU/C7000 (1/88.000000/NVL) CPU/3 (2/24.000000/PHB) CPU/2 (3/24.000000/SYS) CPU/1 (3/24.000000/SYS) CPU/0 (3/24.000000/SYS) NET/0 (5/24.000000/SYS) 
x3110c0s13b1n0:30026:33156 [2] NCCL INFO GPU/46000 :GPU/7000 (1/88.000000/NVL) GPU/46000 (0/5000.000000/LOC) GPU/85000 (1/88.000000/NVL) GPU/C7000 (1/88.000000/NVL) CPU/3 (3/24.000000/SYS) CPU/2 (2/24.000000/PHB) CPU/1 (3/24.000000/SYS) CPU/0 (3/24.000000/SYS) NET/0 (4/24.000000/PHB) 
x3110c0s13b1n0:30026:33156 [2] NCCL INFO GPU/85000 :GPU/7000 (1/88.000000/NVL) GPU/46000 (1/88.000000/NVL) GPU/85000 (0/5000.000000/LOC) GPU/C7000 (1/88.000000/NVL) CPU/3 (3/24.000000/SYS) CPU/2 (3/24.000000/SYS) CPU/1 (2/24.000000/PHB) CPU/0 (3/24.000000/SYS) NET/0 (5/24.000000/SYS) 
x3110c0s13b1n0:30026:33156 [2] NCCL INFO GPU/C7000 :GPU/7000 (1/88.000000/NVL) GPU/46000 (1/88.000000/NVL) GPU/85000 (1/88.000000/NVL) GPU/C7000 (0/5000.000000/LOC) CPU/3 (3/24.000000/SYS) CPU/2 (3/24.000000/SYS) CPU/1 (3/24.000000/SYS) CPU/0 (2/24.000000/PHB) NET/0 (5/24.000000/SYS) 
x3110c0s13b1n0:30026:33156 [2] NCCL INFO NET/0 :GPU/7000 (5/24.000000/SYS) GPU/46000 (4/24.000000/PHB) GPU/85000 (5/24.000000/SYS) GPU/C7000 (5/24.000000/SYS) CPU/3 (3/24.000000/SYS) CPU/2 (2/24.000000/PHB) CPU/1 (3/24.000000/SYS) CPU/0 (3/24.000000/SYS) NET/0 (0/5000.000000/LOC) 
x3110c0s13b1n0:30026:33156 [2] NCCL INFO Pattern 4, crossNic 0, nChannels 1, bw 24.000000/24.000000, type NVL/SYS, sameChannels 1
x3110c0s13b1n0:30026:33156 [2] NCCL INFO  0 : NET/0 GPU/5 GPU/4 GPU/7 GPU/6 NET/0
x3110c0s13b1n0:30026:33156 [2] NCCL INFO Pattern 1, crossNic 0, nChannels 1, bw 48.000000/24.000000, type NVL/SYS, sameChannels 1
x3110c0s13b1n0:30026:33156 [2] NCCL INFO  0 : NET/0 GPU/4 GPU/5 GPU/6 GPU/7 NET/0
x3110c0s13b1n0:30026:33156 [2] NCCL INFO Pattern 3, crossNic 0, nChannels 0, bw 0.000000/0.000000, type NVL/PIX, sameChannels 1
x3110c0s13b1n0:30026:33156 [2] NCCL INFO Ring 00 : 7 -> 6 -> 1
x3110c0s13b1n0:30026:33156 [2] NCCL INFO Ring 01 : 7 -> 6 -> 1
x3110c0s13b1n0:30026:33156 [2] NCCL INFO Trees [0] 7/-1/-1->6->5 [1] 7/-1/-1->6->5
x3110c0s13b1n0:30026:33156 [2] NCCL INFO misc/utils.cc:235 memory stack hunk malloc(65536)
x3110c0s13b1n0:30026:33156 [2] NCCL INFO channel.cc:23 Cuda Alloc Size 3456 pointer 0x147212410c00
x3110c0s13b1n0:30026:33156 [2] NCCL INFO channel.cc:27 Cuda Alloc Size 32 pointer 0x147212411a00
x3110c0s13b1n0:30026:33156 [2] NCCL INFO channel.cc:23 Cuda Alloc Size 3456 pointer 0x147212411c00
x3110c0s13b1n0:30026:33156 [2] NCCL INFO channel.cc:27 Cuda Alloc Size 32 pointer 0x147212412a00
x3110c0s13b1n0:30031:33154 [3] NCCL INFO Ring 00 : 4 -> 7 -> 6
x3110c0s13b1n0:30031:33154 [3] NCCL INFO Ring 01 : 4 -> 7 -> 6
x3110c0s13b1n0:30031:33154 [3] NCCL INFO Trees [0] -1/-1/-1->7->6 [1] -1/-1/-1->7->6
x3110c0s13b1n0:30031:33154 [3] NCCL INFO misc/utils.cc:235 memory stack hunk malloc(65536)
x3110c0s13b1n0:30031:33154 [3] NCCL INFO channel.cc:23 Cuda Alloc Size 3456 pointer 0x14b9de413200
x3110c0s13b1n0:30031:33154 [3] NCCL INFO channel.cc:27 Cuda Alloc Size 32 pointer 0x14b9de414000
x3110c0s13b1n0:30031:33154 [3] NCCL INFO channel.cc:23 Cuda Alloc Size 3456 pointer 0x14b9de414200
x3110c0s13b1n0:30031:33154 [3] NCCL INFO channel.cc:27 Cuda Alloc Size 32 pointer 0x14b9de415000
x3110c0s13b1n0:30026:33243 [2] NCCL INFO Mem Realloc old size 0, new size 8 pointer 0x14717c000c60
x3110c0s13b1n0:30026:33243 [2] NCCL INFO Allocated 4194656 bytes of shared memory in /dev/shm/nccl-wM2GzC

x3110c0s13b1n0:30026:33243 [2] NCCL INFO New proxy send connection 0 from local rank 2, transport 2
x3110c0s13b1n0:30031:33234 [3] NCCL INFO Mem Realloc old size 0, new size 8 pointer 0x14b90c000c60
x3110c0s13b1n0:30031:33234 [3] NCCL INFO New proxy recv connection 0 from local rank 3, transport 0
x3110c0s13b1n0:30026:33156 [2] NCCL INFO Connection to proxy localRank 2 -> connection 0x14717c000c80
x3110c0s13b1n0:30026:33156 [2] NCCL INFO Channel 00/0 : 6[85000] -> 1[46000] [send] via NET/Socket/0
x3110c0s13b1n0:30026:33243 [2] NCCL INFO New proxy send connection 1 from local rank 2, transport 2
x3110c0s13b1n0:30031:33154 [3] NCCL INFO Connection to proxy localRank 3 -> connection 0x14b90c000c80
x3110c0s13b1n0:30031:33234 [3] NCCL INFO transport/p2p.cc:449 Cuda Alloc Size 6291456 pointer 0x14b934a00000
x3110c0s13b1n0:30019:33155 [0] NCCL INFO Tree 0 : 0 -> 4 -> 5/-1/-1
x3110c0s13b1n0:30019:33155 [0] NCCL INFO Tree 1 : -1 -> 4 -> 5/0/-1
x3110c0s13b1n0:30019:33155 [0] NCCL INFO Ring 00 : 5 -> 4 -> 7
x3110c0s13b1n0:30019:33155 [0] NCCL INFO Ring 01 : 5 -> 4 -> 7
x3110c0s13b1n0:30019:33155 [0] NCCL INFO Trees [0] 5/-1/-1->4->0 [1] 5/0/-1->4->-1
x3110c0s13b1n0:30019:33155 [0] NCCL INFO misc/utils.cc:235 memory stack hunk malloc(65536)
x3110c0s13b1n0:30019:33155 [0] NCCL INFO channel.cc:23 Cuda Alloc Size 3456 pointer 0x152ce7e10c00
x3110c0s13b1n0:30019:33155 [0] NCCL INFO channel.cc:27 Cuda Alloc Size 32 pointer 0x152ce7e11a00
x3110c0s13b1n0:30019:33155 [0] NCCL INFO channel.cc:23 Cuda Alloc Size 3456 pointer 0x152ce7e11c00
x3110c0s13b1n0:30019:33155 [0] NCCL INFO channel.cc:27 Cuda Alloc Size 32 pointer 0x152ce7e12a00
x3110c0s13b1n0:30019:33155 [0] NCCL INFO Channel 00/0 : 4[7000] -> 7[c7000] via P2P/IPC/read
x3110c0s13b1n0:30021:33157 [1] NCCL INFO Tree 0 : 4 -> 5 -> 6/-1/-1
x3110c0s13b1n0:30021:33157 [1] NCCL INFO Tree 1 : 4 -> 5 -> 6/-1/-1
x3110c0s13b1n0:30021:33157 [1] NCCL INFO Ring 00 : 2 -> 5 -> 4
x3110c0s13b1n0:30021:33157 [1] NCCL INFO Ring 01 : 2 -> 5 -> 4
x3110c0s13b1n0:30021:33157 [1] NCCL INFO Trees [0] 6/-1/-1->5->4 [1] 6/-1/-1->5->4
x3110c0s13b1n0:30021:33157 [1] NCCL INFO misc/utils.cc:235 memory stack hunk malloc(65536)
x3110c0s13b1n0:30021:33157 [1] NCCL INFO channel.cc:23 Cuda Alloc Size 3456 pointer 0x14c561e10c00
x3110c0s13b1n0:30021:33157 [1] NCCL INFO channel.cc:27 Cuda Alloc Size 32 pointer 0x14c561e11a00
x3110c0s13b1n0:30021:33157 [1] NCCL INFO channel.cc:23 Cuda Alloc Size 3456 pointer 0x14c561e11c00
x3110c0s13b1n0:30021:33157 [1] NCCL INFO channel.cc:27 Cuda Alloc Size 32 pointer 0x14c561e12a00
x3110c0s13b1n0:30026:33156 [2] NCCL INFO Connection to proxy localRank 2 -> connection 0x14717c000cc0
x3110c0s13b1n0:30026:33156 [2] NCCL INFO Channel 01/0 : 6[85000] -> 1[46000] [send] via NET/Socket/0
x3110c0s13b1n0:30019:33240 [0] NCCL INFO Mem Realloc old size 0, new size 8 pointer 0x152c78000c60
x3110c0s13b1n0:30019:33240 [0] NCCL INFO New proxy send connection 0 from local rank 0, transport 0
x3110c0s13b1n0:30019:33155 [0] NCCL INFO Connection to proxy localRank 0 -> connection 0x152c78000c80
x3110c0s13b1n0:30021:33239 [1] NCCL INFO Mem Realloc old size 0, new size 8 pointer 0x14c4ec000c60
x3110c0s13b1n0:30021:33239 [1] NCCL INFO Allocated 4194656 bytes of shared memory in /dev/shm/nccl-jtUvde

x3110c0s13b1n0:30021:33239 [1] NCCL INFO New proxy recv connection 0 from local rank 1, transport 2
x3110c0s13b1n0:30019:33240 [0] NCCL INFO transport/p2p.cc:430 Cuda Alloc Size 6291456 pointer 0x152c93800000
x3110c0s13b1n0:30031:33234 [3] NCCL INFO New proxy recv connection 1 from local rank 3, transport 0
x3110c0s13b1n0:30021:33157 [1] NCCL INFO Connection to proxy localRank 1 -> connection 0x14c4ec000c80
x3110c0s13b1n0:30019:33155 [0] NCCL INFO Channel 01/0 : 4[7000] -> 7[c7000] via P2P/IPC/read
x3110c0s13b1n0:30019:33240 [0] NCCL INFO New proxy send connection 1 from local rank 0, transport 0
x3110c0s13b1n0:30031:33154 [3] NCCL INFO Connection to proxy localRank 3 -> connection 0x14b90c000cc0
x3110c0s13b1n0:30031:33234 [3] NCCL INFO transport/p2p.cc:449 Cuda Alloc Size 6291456 pointer 0x14b935000000
x3110c0s13b1n0:30021:33157 [1] NCCL INFO Channel 00/0 : 2[85000] -> 5[46000] [receive] via NET/Socket/0
x3110c0s13b1n0:30021:33239 [1] NCCL INFO New proxy recv connection 1 from local rank 1, transport 2
x3110c0s13b1n0:30019:33155 [0] NCCL INFO Connection to proxy localRank 0 -> connection 0x152c78000cc0
x3110c0s13b1n0:30019:33240 [0] NCCL INFO transport/p2p.cc:430 Cuda Alloc Size 6291456 pointer 0x152c95600000
x3110c0s13b1n0:30031:33154 [3] NCCL INFO Channel 00/0 : 7[c7000] -> 6[85000] via P2P/IPC/read
x3110c0s13b1n0:30031:33234 [3] NCCL INFO New proxy send connection 2 from local rank 3, transport 0
x3110c0s13b1n0:30031:33154 [3] NCCL INFO Connection to proxy localRank 3 -> connection 0x14b90c000d00
x3110c0s13b1n0:30031:33234 [3] NCCL INFO transport/p2p.cc:430 Cuda Alloc Size 6291456 pointer 0x14b93da00000
x3110c0s13b1n0:30019:33240 [0] NCCL INFO New proxy recv connection 2 from local rank 0, transport 0
x3110c0s13b1n0:30021:33157 [1] NCCL INFO Connection to proxy localRank 1 -> connection 0x14c4ec000cc0
x3110c0s13b1n0:30031:33154 [3] NCCL INFO Channel 01/0 : 7[c7000] -> 6[85000] via P2P/IPC/read
x3110c0s13b1n0:30031:33234 [3] NCCL INFO New proxy send connection 3 from local rank 3, transport 0
x3110c0s13b1n0:30021:33157 [1] NCCL INFO Channel 01/0 : 2[85000] -> 5[46000] [receive] via NET/Socket/0
x3110c0s13b1n0:30021:33239 [1] NCCL INFO transport/net.cc:698 Cuda Host Alloc Size 9641984 pointer 0x14c50f600000
x3110c0s13b1n0:30019:33155 [0] NCCL INFO Connection to proxy localRank 0 -> connection 0x152c78000d00
x3110c0s13b1n0:30019:33240 [0] NCCL INFO transport/p2p.cc:449 Cuda Alloc Size 6291456 pointer 0x152c99600000
x3110c0s13b1n0:30026:33243 [2] NCCL INFO transport/net.cc:571 Cuda Host Alloc Size 9641984 pointer 0x147197600000
x3110c0s13b1n0:30026:33243 [2] NCCL INFO transport/net.cc:571 Cuda Host Alloc Size 9641984 pointer 0x147199200000
x3110c0s13b1n0:30031:33154 [3] NCCL INFO Connection to proxy localRank 3 -> connection 0x14b90c000d40
x3110c0s13b1n0:30031:33234 [3] NCCL INFO transport/p2p.cc:430 Cuda Alloc Size 6291456 pointer 0x14b93f600000
x3110c0s13b1n0:30026:33243 [2] NCCL INFO New proxy recv connection 2 from local rank 2, transport 0
x3110c0s13b1n0:30021:33239 [1] NCCL INFO transport/net.cc:698 Cuda Host Alloc Size 9641984 pointer 0x14c511200000
x3110c0s13b1n0:30019:33240 [0] NCCL INFO New proxy recv connection 3 from local rank 0, transport 0
x3110c0s13b1n0:30021:33157 [1] NCCL INFO Channel 00/0 : 5[46000] -> 4[7000] via P2P/IPC/read
x3110c0s13b1n0:30021:33239 [1] NCCL INFO New proxy send connection 2 from local rank 1, transport 0
x3110c0s13b1n0:30026:33156 [2] NCCL INFO Connection to proxy localRank 2 -> connection 0x14717c000d00
x3110c0s13b1n0:30026:33243 [2] NCCL INFO transport/p2p.cc:449 Cuda Alloc Size 6291456 pointer 0x147195800000
x3110c0s13b1n0:30021:33157 [1] NCCL INFO Connection to proxy localRank 1 -> connection 0x14c4ec000d00
x3110c0s13b1n0:30021:33239 [1] NCCL INFO transport/p2p.cc:430 Cuda Alloc Size 6291456 pointer 0x14c50d800000
x3110c0s13b1n0:30019:33155 [0] NCCL INFO Connection to proxy localRank 0 -> connection 0x152c78000d40
x3110c0s13b1n0:30019:33240 [0] NCCL INFO transport/p2p.cc:449 Cuda Alloc Size 6291456 pointer 0x152c9b600000
x3110c0s13b1n0:30026:33243 [2] NCCL INFO New proxy recv connection 3 from local rank 2, transport 0
x3110c0s13b1n0:30021:33157 [1] NCCL INFO Channel 01/0 : 5[46000] -> 4[7000] via P2P/IPC/read
x3110c0s13b1n0:30021:33239 [1] NCCL INFO New proxy send connection 3 from local rank 1, transport 0
x3110c0s13b1n0:30021:33157 [1] NCCL INFO Connection to proxy localRank 1 -> connection 0x14c4ec000d40
x3110c0s13b1n0:30021:33239 [1] NCCL INFO transport/p2p.cc:430 Cuda Alloc Size 6291456 pointer 0x14c513600000
x3110c0s13b1n0:30026:33156 [2] NCCL INFO Connection to proxy localRank 2 -> connection 0x14717c000d40
x3110c0s13b1n0:30026:33243 [2] NCCL INFO transport/p2p.cc:449 Cuda Alloc Size 6291456 pointer 0x14719b600000
x3110c0s13b1n0:30021:33157 [1] NCCL INFO Connected all rings
x3110c0s13b1n0:30021:33239 [1] NCCL INFO New proxy recv connection 4 from local rank 1, transport 0
x3110c0s13b1n0:30019:33155 [0] NCCL INFO Connected all rings
x3110c0s13b1n0:30019:33155 [0] NCCL INFO Channel 00/0 : 4[7000] -> 5[46000] via P2P/IPC/read
x3110c0s13b1n0:30019:33240 [0] NCCL INFO New proxy send connection 4 from local rank 0, transport 0
x3110c0s13b1n0:30021:33157 [1] NCCL INFO Connection to proxy localRank 1 -> connection 0x14c4ec000d80
x3110c0s13b1n0:30021:33239 [1] NCCL INFO transport/p2p.cc:449 Cuda Alloc Size 6291456 pointer 0x14c51b600000
x3110c0s13b1n0:30019:33155 [0] NCCL INFO Connection to proxy localRank 0 -> connection 0x152c78000d80
x3110c0s13b1n0:30019:33240 [0] NCCL INFO transport/p2p.cc:430 Cuda Alloc Size 6291456 pointer 0x152ca3200000
x3110c0s13b1n0:30026:33156 [2] NCCL INFO Connected all rings
x3110c0s13b1n0:30031:33154 [3] NCCL INFO Connected all rings
x3110c0s13b1n0:30031:33234 [3] NCCL INFO New proxy recv connection 4 from local rank 3, transport 0
x3110c0s13b1n0:30031:33154 [3] NCCL INFO Connection to proxy localRank 3 -> connection 0x14b90c000d80
x3110c0s13b1n0:30026:33243 [2] NCCL INFO New proxy recv connection 4 from local rank 2, transport 0
x3110c0s13b1n0:30031:33234 [3] NCCL INFO transport/p2p.cc:449 Cuda Alloc Size 6291456 pointer 0x14b943800000
x3110c0s13b1n0:30019:33155 [0] NCCL INFO Channel 01/0 : 4[7000] -> 5[46000] via P2P/IPC/read
x3110c0s13b1n0:30019:33240 [0] NCCL INFO New proxy send connection 5 from local rank 0, transport 0
x3110c0s13b1n0:30026:33156 [2] NCCL INFO Connection to proxy localRank 2 -> connection 0x14717c000d80
x3110c0s13b1n0:30026:33243 [2] NCCL INFO transport/p2p.cc:449 Cuda Alloc Size 6291456 pointer 0x1471a3600000
x3110c0s13b1n0:30026:33243 [2] NCCL INFO New proxy recv connection 5 from local rank 2, transport 0
x3110c0s13b1n0:30026:33156 [2] NCCL INFO Connection to proxy localRank 2 -> connection 0x14717c000dc0
x3110c0s13b1n0:30021:33239 [1] NCCL INFO New proxy recv connection 5 from local rank 1, transport 0
x3110c0s13b1n0:30026:33243 [2] NCCL INFO transport/p2p.cc:449 Cuda Alloc Size 6291456 pointer 0x1471a5200000
x3110c0s13b1n0:30031:33234 [3] NCCL INFO New proxy recv connection 5 from local rank 3, transport 0
x3110c0s13b1n0:30019:33155 [0] NCCL INFO Connection to proxy localRank 0 -> connection 0x152c78000dc0
x3110c0s13b1n0:30019:33240 [0] NCCL INFO transport/p2p.cc:430 Cuda Alloc Size 6291456 pointer 0x152ca3800000
x3110c0s13b1n0:30021:33157 [1] NCCL INFO Connection to proxy localRank 1 -> connection 0x14c4ec000dc0
x3110c0s13b1n0:30021:33239 [1] NCCL INFO transport/p2p.cc:449 Cuda Alloc Size 6291456 pointer 0x14c51d200000
x3110c0s13b1n0:30031:33154 [3] NCCL INFO Connection to proxy localRank 3 -> connection 0x14b90c000dc0
x3110c0s13b1n0:30031:33234 [3] NCCL INFO transport/p2p.cc:449 Cuda Alloc Size 6291456 pointer 0x14b945600000
x3110c0s13b1n0:30026:33156 [2] NCCL INFO Channel 00/0 : 6[85000] -> 7[c7000] via P2P/IPC/read
x3110c0s13b1n0:30026:33243 [2] NCCL INFO New proxy send connection 6 from local rank 2, transport 0
x3110c0s13b1n0:30021:33157 [1] NCCL INFO Channel 00/0 : 5[46000] -> 6[85000] via P2P/IPC/read
x3110c0s13b1n0:30021:33239 [1] NCCL INFO New proxy send connection 6 from local rank 1, transport 0
x3110c0s13b1n0:30026:33156 [2] NCCL INFO Connection to proxy localRank 2 -> connection 0x14717c000e00
x3110c0s13b1n0:30026:33243 [2] NCCL INFO transport/p2p.cc:430 Cuda Alloc Size 6291456 pointer 0x1471a5800000
x3110c0s13b1n0:30021:33157 [1] NCCL INFO Connection to proxy localRank 1 -> connection 0x14c4ec000e00
x3110c0s13b1n0:30021:33239 [1] NCCL INFO transport/p2p.cc:430 Cuda Alloc Size 6291456 pointer 0x14c51d800000
x3110c0s13b1n0:30026:33156 [2] NCCL INFO Channel 01/0 : 6[85000] -> 7[c7000] via P2P/IPC/read
x3110c0s13b1n0:30026:33243 [2] NCCL INFO New proxy send connection 7 from local rank 2, transport 0
x3110c0s13b1n0:30021:33157 [1] NCCL INFO Channel 01/0 : 5[46000] -> 6[85000] via P2P/IPC/read
x3110c0s13b1n0:30021:33239 [1] NCCL INFO New proxy send connection 7 from local rank 1, transport 0
x3110c0s13b1n0:30026:33156 [2] NCCL INFO Connection to proxy localRank 2 -> connection 0x14717c000e40
x3110c0s13b1n0:30026:33243 [2] NCCL INFO transport/p2p.cc:430 Cuda Alloc Size 6291456 pointer 0x1471e3600000
x3110c0s13b1n0:30021:33157 [1] NCCL INFO Connection to proxy localRank 1 -> connection 0x14c4ec000e40
x3110c0s13b1n0:30021:33239 [1] NCCL INFO transport/p2p.cc:430 Cuda Alloc Size 6291456 pointer 0x14c56f600000
x3110c0s13b1n0:30019:33240 [0] NCCL INFO Allocated 4194656 bytes of shared memory in /dev/shm/nccl-t4R2N7

x3110c0s13b1n0:30019:33240 [0] NCCL INFO New proxy recv connection 6 from local rank 0, transport 2
x3110c0s13b1n0:30019:33155 [0] NCCL INFO Connection to proxy localRank 0 -> connection 0x152c78000e00
x3110c0s13b1n0:30026:33156 [2] NCCL INFO Channel 00/0 : 6[85000] -> 5[46000] via P2P/IPC/read
x3110c0s13b1n0:30031:33154 [3] NCCL INFO Connected all trees by HAO
x3110c0s13b1n0:30031:33154 [3] NCCL INFO threadThresholds 8/8/64 | 64/8/64 | 512 | 512
x3110c0s13b1n0:30031:33154 [3] NCCL INFO 2 coll channels, 2 p2p channels, 2 p2p channels per peer
x3110c0s13b1n0:30031:33234 [3] NCCL INFO Allocated 4194656 bytes of shared memory in /dev/shm/nccl-5W5Y1Y

x3110c0s13b1n0:30031:33234 [3] NCCL INFO New proxy send connection 6 from local rank 3, transport 2
x3110c0s13b1n0:30021:33239 [1] NCCL INFO New proxy recv connection 8 from local rank 1, transport 0
x3110c0s13b1n0:30026:33243 [2] NCCL INFO New proxy send connection 8 from local rank 2, transport 0
x3110c0s13b1n0:30031:33154 [3] NCCL INFO Connection to proxy localRank 3 -> connection 0x14b90c000e00
x3110c0s13b1n0:30031:33234 [3] NCCL INFO transport/net.cc:376 Cuda Alloc Size 4194304 pointer 0x14b935c00000
x3110c0s13b1n0:30019:33155 [0] NCCL INFO Channel 00/0 : 0[7000] -> 4[7000] [receive] via NET/Socket/0
x3110c0s13b1n0:30019:33240 [0] NCCL INFO New proxy recv connection 7 from local rank 0, transport 2
x3110c0s13b1n0:30021:33157 [1] NCCL INFO Connection to proxy localRank 1 -> connection 0x14c4ec000e80
x3110c0s13b1n0:30021:33239 [1] NCCL INFO transport/p2p.cc:449 Cuda Alloc Size 6291456 pointer 0x14c579800000
x3110c0s13b1n0:30026:33156 [2] NCCL INFO Connection to proxy localRank 2 -> connection 0x14717c000e80
x3110c0s13b1n0:30026:33243 [2] NCCL INFO transport/p2p.cc:430 Cuda Alloc Size 6291456 pointer 0x14722b400000
x3110c0s13b1n0:30019:33155 [0] NCCL INFO Connection to proxy localRank 0 -> connection 0x152c78000e40
x3110c0s13b1n0:30021:33239 [1] NCCL INFO New proxy recv connection 9 from local rank 1, transport 0
x3110c0s13b1n0:30026:33156 [2] NCCL INFO Channel 01/0 : 6[85000] -> 5[46000] via P2P/IPC/read
x3110c0s13b1n0:30026:33243 [2] NCCL INFO New proxy send connection 9 from local rank 2, transport 0
x3110c0s13b1n0:30019:33155 [0] NCCL INFO Channel 01/0 : 0[7000] -> 4[7000] [receive] via NET/Socket/0
x3110c0s13b1n0:30019:33240 [0] NCCL INFO New proxy send connection 8 from local rank 0, transport 2
x3110c0s13b1n0:30021:33157 [1] NCCL INFO Connection to proxy localRank 1 -> connection 0x14c4ec000ec0
x3110c0s13b1n0:30021:33239 [1] NCCL INFO transport/p2p.cc:449 Cuda Alloc Size 6291456 pointer 0x14c583800000
x3110c0s13b1n0:30026:33156 [2] NCCL INFO Connection to proxy localRank 2 -> connection 0x14717c000ec0
x3110c0s13b1n0:30026:33243 [2] NCCL INFO transport/p2p.cc:430 Cuda Alloc Size 6291456 pointer 0x14722ba00000
x3110c0s13b1n0:30019:33155 [0] NCCL INFO Connection to proxy localRank 0 -> connection 0x152c78000e80
x3110c0s13b1n0:30019:33155 [0] NCCL INFO Channel 00/0 : 4[7000] -> 0[7000] [send] via NET/Socket/0
x3110c0s13b1n0:30019:33240 [0] NCCL INFO New proxy send connection 9 from local rank 0, transport 2
x3110c0s13b1n0:30019:33155 [0] NCCL INFO Connection to proxy localRank 0 -> connection 0x152c78000ec0
x3110c0s13b1n0:30019:33155 [0] NCCL INFO Channel 01/0 : 4[7000] -> 0[7000] [send] via NET/Socket/0
x3110c0s13b1n0:30026:33156 [2] NCCL INFO Connected all trees by HAO
x3110c0s13b1n0:30026:33156 [2] NCCL INFO threadThresholds 8/8/64 | 64/8/64 | 512 | 512
x3110c0s13b1n0:30026:33156 [2] NCCL INFO 2 coll channels, 2 p2p channels, 2 p2p channels per peer
x3110c0s13b1n0:30026:33243 [2] NCCL INFO New proxy send connection 10 from local rank 2, transport 2
x3110c0s13b1n0:30026:33156 [2] NCCL INFO Connection to proxy localRank 2 -> connection 0x14717c000f00
x3110c0s13b1n0:30021:33157 [1] NCCL INFO Connected all trees by HAO
x3110c0s13b1n0:30021:33157 [1] NCCL INFO threadThresholds 8/8/64 | 64/8/64 | 512 | 512
x3110c0s13b1n0:30021:33157 [1] NCCL INFO 2 coll channels, 2 p2p channels, 2 p2p channels per peer
x3110c0s13b1n0:30021:33239 [1] NCCL INFO New proxy send connection 10 from local rank 1, transport 2
x3110c0s13b1n0:30021:33157 [1] NCCL INFO Connection to proxy localRank 1 -> connection 0x14c4ec000f00
x3110c0s13b1n0:30021:33239 [1] NCCL INFO transport/net.cc:376 Cuda Alloc Size 4194304 pointer 0x14c4eac00000
x3110c0s13b1n0:30026:33243 [2] NCCL INFO transport/net.cc:376 Cuda Alloc Size 4194304 pointer 0x147176600000
x3110c0s13b1n0:30019:33240 [0] NCCL INFO transport/net.cc:571 Cuda Host Alloc Size 9641984 pointer 0x152cab600000
x3110c0s13b1n0:30019:33240 [0] NCCL INFO transport/net.cc:571 Cuda Host Alloc Size 9641984 pointer 0x152cad600000
x3110c0s13b1n0:30019:33240 [0] NCCL INFO transport/net.cc:698 Cuda Host Alloc Size 9641984 pointer 0x152c72000000
x3110c0s13b1n0:30019:33240 [0] NCCL INFO transport/net.cc:698 Cuda Host Alloc Size 9641984 pointer 0x152c72a00000
x3110c0s13b1n0:30019:33155 [0] NCCL INFO Connected all trees by HAO
x3110c0s13b1n0:30019:33155 [0] NCCL INFO threadThresholds 8/8/64 | 64/8/64 | 512 | 512
x3110c0s13b1n0:30019:33155 [0] NCCL INFO 2 coll channels, 2 p2p channels, 2 p2p channels per peer
x3110c0s13b1n0:30019:33240 [0] NCCL INFO New proxy send connection 10 from local rank 0, transport 2
x3110c0s13b1n0:30019:33155 [0] NCCL INFO Connection to proxy localRank 0 -> connection 0x152c78000f00
x3110c0s13b1n0:30019:33155 [0] NCCL INFO init.cc:367 Cuda Alloc Size 5168 pointer 0x152ce7e12c00
x3110c0s13b1n0:30026:33156 [2] NCCL INFO init.cc:367 Cuda Alloc Size 5168 pointer 0x147212412c00
x3110c0s13b1n0:30021:33157 [1] NCCL INFO init.cc:367 Cuda Alloc Size 5168 pointer 0x14c561e12c00
x3110c0s13b1n0:30031:33154 [3] NCCL INFO init.cc:367 Cuda Alloc Size 5168 pointer 0x14b9de415200
x3110c0s13b1n0:30031:33154 [3] NCCL INFO init.cc:392 Cuda Host Alloc Size 33554432 pointer 0x14b906000000
x3110c0s13b1n0:30031:33154 [3] NCCL INFO init.cc:398 Cuda Host Alloc Size 128 pointer 0x14b9f3a00e00
x3110c0s13b1n0:30031:33154 [3] NCCL INFO comm 0x55d54bdbb380 rank 7 nranks 8 cudaDev 3 busId c7000 - Init COMPLETE
x3110c0s13b1n0:30026:33156 [2] NCCL INFO init.cc:392 Cuda Host Alloc Size 33554432 pointer 0x14716e000000
x3110c0s13b1n0:30026:33156 [2] NCCL INFO init.cc:398 Cuda Host Alloc Size 128 pointer 0x147227a00a00
x3110c0s13b1n0:30026:33156 [2] NCCL INFO comm 0x55e2a6862150 rank 6 nranks 8 cudaDev 2 busId 85000 - Init COMPLETE
x3110c0s13b1n0:30019:33155 [0] NCCL INFO init.cc:392 Cuda Host Alloc Size 33554432 pointer 0x152c6a000000
x3110c0s13b1n0:30019:33155 [0] NCCL INFO init.cc:398 Cuda Host Alloc Size 128 pointer 0x152ce7400a00
x3110c0s13b1n0:30019:33155 [0] NCCL INFO comm 0x55dfc0d24e00 rank 4 nranks 8 cudaDev 0 busId 7000 - Init COMPLETE
x3110c0s13b1n0:30019:33240 [0] NCCL INFO transport/net.cc:376 Cuda Alloc Size 4194304 pointer 0x152c73400000
x3110c0s13b1n0:30021:33157 [1] NCCL INFO init.cc:392 Cuda Host Alloc Size 33554432 pointer 0x14c4e8000000
x3110c0s13b1n0:30021:33157 [1] NCCL INFO init.cc:398 Cuda Host Alloc Size 128 pointer 0x14c561400a00
x3110c0s13b1n0:30021:33157 [1] NCCL INFO comm 0x556d76462b80 rank 5 nranks 8 cudaDev 1 busId 46000 - Init COMPLETE
x3110c0s13b1n0:30019:30019 [0] NCCL INFO AllReduce: opCount 0 sendbuff 0x152d27c00400 recvbuff 0x152d27c00400 count 1 datatype 4 op 0 root 0 comm 0x55dfc0d24e00 [nranks=8] stream 0x55dfbdbdd180
x3110c0s13b1n0:30019:30019 [0] NCCL INFO misc/utils.cc:235 memory stack hunk malloc(65536)
[LYD INFO in ncclLaunchKernel (enqueue.cc)] NCHANNELS is: 2x3110c0s13b1n0:30031:30031 [3] NCCL INFO AllReduce: opCount 0 sendbuff 0x14b9d8c00400 recvbuff 0x14b9d8c00400 count 1 datatype 4 op 0 root 0 comm 0x55d54bdbb380 [nranks=8] stream 0x55d54a4d6ec0
x3110c0s13b1n0:30031:30031 [3] NCCL INFO misc/utils.cc:235 memory stack hunk malloc(65536)
[LYD INFO in ncclLaunchKernel (enqueue.cc)] NCHANNELS is: 2x3110c0s13b1n0:30021:30021 [1] NCCL INFO AllReduce: opCount 0 sendbuff 0x14c59fc00400 recvbuff 0x14c59fc00400 count 1 datatype 4 op 0 root 0 comm 0x556d76462b80 [nranks=8] stream 0x556d74745060
x3110c0s13b1n0:30021:30021 [1] NCCL INFO misc/utils.cc:235 memory stack hunk malloc(65536)
[LYD INFO in ncclLaunchKernel (enqueue.cc)] NCHANNELS is: 2x3110c0s13b1n0:30026:30026 [2] NCCL INFO AllReduce: opCount 0 sendbuff 0x14720cc00400 recvbuff 0x14720cc00400 count 1 datatype 4 op 0 root 0 comm 0x55e2a6862150 [nranks=8] stream 0x55e2a4b30ae0
x3110c0s13b1n0:30026:30026 [2] NCCL INFO misc/utils.cc:235 memory stack hunk malloc(65536)
[LYD INFO in ncclLaunchKernel (enqueue.cc)] NCHANNELS is: 2
[LYD INFO in NCCL_KERN_NAME (common.h)] 5 AllReduce TREE LL Sum int64_t Elapsed time: 41234 us

[LYD INFO in NCCL_KERN_NAME (common.h)] 4 AllReduce TREE LL Sum int64_t Elapsed time: 66014 us

[LYD INFO in NCCL_KERN_NAME (common.h)] 7 AllReduce TREE LL Sum int64_t Elapsed time: 53856 us

[LYD INFO in NCCL_KERN_NAME (common.h)] 6 AllReduce TREE LL Sum int64_t Elapsed time: 15440 us
[Hao INFO in ncclAllReduce (all_reduce.cc)] rank 0 ncclAllReduce: count: 1, datatype: ncclInt64, message size: 8 Bytes
x3110c0s13b1n0:30019:30019 [0] NCCL INFO AllReduce: opCount 0 sendbuff 0x152d27c00400 recvbuff 0x152d27c00400 count 1 datatype 4 op 0 root 0 comm 0x55dfbf4121b0 [nranks=1] stream 0x55dfbdbdd040

[LYD INFO in ncclAllReduce (all_reduce.cc)] rank 0 AllReduce Time: 0.000017000 seconds
x3110c0s13b1n0:30019:30019 [0] NCCL INFO AllReduce: opCount 1 sendbuff 0x152d27c00400 recvbuff 0x152d27c00400 count 1 datatype 4 op 0 root 0 comm 0x55dfc0d24e00 [nranks=8] stream 0x55dfbdbdd180
[LYD INFO in ncclLaunchKernel (enqueue.cc)] NCHANNELS is: 2[Hao INFO in ncclAllReduce (all_reduce.cc)] rank 3 ncclAllReduce: count: 1, datatype: ncclInt64, message size: 8 Bytes
x3110c0s13b1n0:30031:30031 [3] NCCL INFO AllReduce: opCount 0 sendbuff 0x14b9d8c00400 recvbuff 0x14b9d8c00400 count 1 datatype 4 op 0 root 0 comm 0x55d54bc500c0 [nranks=1] stream 0x55d54a4b5870

[LYD INFO in ncclAllReduce (all_reduce.cc)] rank 0 AllReduce Time: 0.000017000 seconds
x3110c0s13b1n0:30031:30031 [3] NCCL INFO AllReduce: opCount 1 sendbuff 0x14b9d8c00400 recvbuff 0x14b9d8c00400 count 1 datatype 4 op 0 root 0 comm 0x55d54bdbb380 [nranks=8] stream 0x55d54a4d6ec0
[LYD INFO in ncclLaunchKernel (enqueue.cc)] NCHANNELS is: 2[Hao INFO in ncclAllReduce (all_reduce.cc)] rank 1 ncclAllReduce: count: 1, datatype: ncclInt64, message size: 8 Bytes
x3110c0s13b1n0:30021:30021 [1] NCCL INFO AllReduce: opCount 0 sendbuff 0x14c59fc00400 recvbuff 0x14c59fc00400 count 1 datatype 4 op 0 root 0 comm 0x556d764dd7b0 [nranks=1] stream 0x556d74744f20

[LYD INFO in ncclAllReduce (all_reduce.cc)] rank 0 AllReduce Time: 0.000042000 seconds
x3110c0s13b1n0:30021:30021 [1] NCCL INFO AllReduce: opCount 1 sendbuff 0x14c59fc00400 recvbuff 0x14c59fc00400 count 1 datatype 4 op 0 root 0 comm 0x556d76462b80 [nranks=8] stream 0x556d74745060
[LYD INFO in ncclLaunchKernel (enqueue.cc)] NCHANNELS is: 2[Hao INFO in ncclAllReduce (all_reduce.cc)] rank 2 ncclAllReduce: count: 1, datatype: ncclInt64, message size: 8 Bytes
x3110c0s13b1n0:30026:30026 [2] NCCL INFO AllReduce: opCount 0 sendbuff 0x14720cc00400 recvbuff 0x14720cc00400 count 1 datatype 4 op 0 root 0 comm 0x55e2a6485b30 [nranks=1] stream 0x55e2a4b309a0

[LYD INFO in ncclAllReduce (all_reduce.cc)] rank 0 AllReduce Time: 0.000016000 seconds
x3110c0s13b1n0:30026:30026 [2] NCCL INFO AllReduce: opCount 1 sendbuff 0x14720cc00400 recvbuff 0x14720cc00400 count 1 datatype 4 op 0 root 0 comm 0x55e2a6862150 [nranks=8] stream 0x55e2a4b30ae0
[LYD INFO in ncclLaunchKernel (enqueue.cc)] NCHANNELS is: 2
[LYD INFO in NCCL_KERN_NAME (common.h)] 5 AllReduce TREE LL Sum int64_t Elapsed time: 14183 us

[LYD INFO in NCCL_KERN_NAME (common.h)] 4 AllReduce TREE LL Sum int64_t Elapsed time: 30573 us

[LYD INFO in NCCL_KERN_NAME (common.h)] 7 AllReduce TREE LL Sum int64_t Elapsed time: 23942 us

[LYD INFO in NCCL_KERN_NAME (common.h)] 6 AllReduce TREE LL Sum int64_t Elapsed time: 5595 us
[Hao INFO in ncclAllReduce (all_reduce.cc)] rank 1 ncclAllReduce: count: 1, datatype: ncclInt64, message size: 8 Bytes
x3110c0s13b1n0:30021:30021 [1] NCCL INFO AllReduce: opCount 0 sendbuff 0x14c59fc00400 recvbuff 0x14c59fc00400 count 1 datatype 4 op 0 root 0 comm 0x556d764dd7b0 [nranks=1] stream 0x556d74744f20

[LYD INFO in ncclAllReduce (all_reduce.cc)] rank 0 AllReduce Time: 0.000015000 seconds
x3110c0s13b1n0:30021:30021 [1] NCCL INFO AllReduce: opCount 2 sendbuff 0x14c59fc00400 recvbuff 0x14c59fc00400 count 1 datatype 4 op 0 root 0 comm 0x556d76462b80 [nranks=8] stream 0x556d74745060
[LYD INFO in ncclLaunchKernel (enqueue.cc)] NCHANNELS is: 2[Hao INFO in ncclAllReduce (all_reduce.cc)] rank 0 ncclAllReduce: count: 1, datatype: ncclInt64, message size: 8 Bytes
x3110c0s13b1n0:30019:30019 [0] NCCL INFO AllReduce: opCount 0 sendbuff 0x152d27c00400 recvbuff 0x152d27c00400 count 1 datatype 4 op 0 root 0 comm 0x55dfbf4121b0 [nranks=1] stream 0x55dfbdbdd040

[LYD INFO in ncclAllReduce (all_reduce.cc)] rank 0 AllReduce Time: 0.000016000 seconds
x3110c0s13b1n0:30019:30019 [0] NCCL INFO AllReduce: opCount 2 sendbuff 0x152d27c00400 recvbuff 0x152d27c00400 count 1 datatype 4 op 0 root 0 comm 0x55dfc0d24e00 [nranks=8] stream 0x55dfbdbdd180
[LYD INFO in ncclLaunchKernel (enqueue.cc)] NCHANNELS is: 2[Hao INFO in ncclAllReduce (all_reduce.cc)] rank 3 ncclAllReduce: count: 1, datatype: ncclInt64, message size: 8 Bytes
x3110c0s13b1n0:30031:30031 [3] NCCL INFO AllReduce: opCount 0 sendbuff 0x14b9d8c00400 recvbuff 0x14b9d8c00400 count 1 datatype 4 op 0 root 0 comm 0x55d54bc500c0 [nranks=1] stream 0x55d54a4b5870

[LYD INFO in ncclAllReduce (all_reduce.cc)] rank 0 AllReduce Time: 0.000016000 seconds
x3110c0s13b1n0:30031:30031 [3] NCCL INFO AllReduce: opCount 2 sendbuff 0x14b9d8c00400 recvbuff 0x14b9d8c00400 count 1 datatype 4 op 0 root 0 comm 0x55d54bdbb380 [nranks=8] stream 0x55d54a4d6ec0
[LYD INFO in ncclLaunchKernel (enqueue.cc)] NCHANNELS is: 2[Hao INFO in ncclAllReduce (all_reduce.cc)] rank 2 ncclAllReduce: count: 1, datatype: ncclInt64, message size: 8 Bytes
x3110c0s13b1n0:30026:30026 [2] NCCL INFO AllReduce: opCount 0 sendbuff 0x14720cc00400 recvbuff 0x14720cc00400 count 1 datatype 4 op 0 root 0 comm 0x55e2a6485b30 [nranks=1] stream 0x55e2a4b309a0

[LYD INFO in ncclAllReduce (all_reduce.cc)] rank 0 AllReduce Time: 0.000016000 seconds
x3110c0s13b1n0:30026:30026 [2] NCCL INFO AllReduce: opCount 2 sendbuff 0x14720cc00400 recvbuff 0x14720cc00400 count 1 datatype 4 op 0 root 0 comm 0x55e2a6862150 [nranks=8] stream 0x55e2a4b30ae0
[LYD INFO in ncclLaunchKernel (enqueue.cc)] NCHANNELS is: 2
[LYD INFO in NCCL_KERN_NAME (common.h)] 5 AllReduce TREE LL Sum int64_t Elapsed time: 40882 us

[LYD INFO in NCCL_KERN_NAME (common.h)] 7 AllReduce TREE LL Sum int64_t Elapsed time: 26621 us

[LYD INFO in NCCL_KERN_NAME (common.h)] 6 AllReduce TREE LL Sum int64_t Elapsed time: 16399 us

[LYD INFO in NCCL_KERN_NAME (common.h)] 4 AllReduce TREE LL Sum int64_t Elapsed time: 35968 us
x3110c0s13b1n0:30021:30021 [1] NCCL INFO init.cc:1147 Cuda Host Alloc Size 4 pointer 0x14c561400c00
x3110c0s13b1n0:30031:30031 [3] NCCL INFO init.cc:1147 Cuda Host Alloc Size 4 pointer 0x14b9f3a01000
x3110c0s13b1n0:30026:30026 [2] NCCL INFO init.cc:1147 Cuda Host Alloc Size 4 pointer 0x147227a00c00
x3110c0s13b1n0:30021:33360 [1] NCCL INFO Using network Socket
x3110c0s13b1n0:30019:30019 [0] NCCL INFO init.cc:1147 Cuda Host Alloc Size 4 pointer 0x152ce7400c00
x3110c0s13b1n0:30026:33364 [2] NCCL INFO Using network Socket
x3110c0s13b1n0:30031:33362 [3] NCCL INFO Using network Socket
x3110c0s13b1n0:30019:33366 [0] NCCL INFO Using network Socket
x3110c0s13b1n0:30031:33362 [3] NCCL INFO NET/Socket : GPU Direct RDMA Disabled for HCA 0 'hsn0'
x3110c0s13b1n0:30031:33362 [3] NCCL INFO === System : maxBw 5000.0 totalBw 0.0 ===
x3110c0s13b1n0:30031:33362 [3] NCCL INFO CPU/0 (1/2/-1)
x3110c0s13b1n0:30031:33362 [3] NCCL INFO + SYS[5000.0] - CPU/2
x3110c0s13b1n0:30031:33362 [3] NCCL INFO + PCI[24.0] - PCI/C5000 (11f8406811f8beef)
x3110c0s13b1n0:30031:33362 [3] NCCL INFO               + PCI[24.0] - GPU/C7000 (0)
x3110c0s13b1n0:30031:33362 [3] NCCL INFO CPU/2 (1/2/-1)
x3110c0s13b1n0:30031:33362 [3] NCCL INFO + SYS[5000.0] - CPU/0
x3110c0s13b1n0:30031:33362 [3] NCCL INFO + PCI[24.0] - NIC/43000
x3110c0s13b1n0:30031:33362 [3] NCCL INFO ==========================================
x3110c0s13b1n0:30031:33362 [3] NCCL INFO GPU/C7000 :GPU/C7000 (0/5000.000000/LOC) CPU/0 (2/24.000000/PHB) CPU/2 (3/24.000000/SYS) 
x3110c0s13b1n0:30031:33362 [3] NCCL INFO Setting affinity for GPU 3 to 01
x3110c0s13b1n0:30031:33362 [3] NCCL INFO Pattern 4, crossNic 0, nChannels 16, bw 44.000000/44.000000, type LOC/PIX, sameChannels 1
x3110c0s13b1n0:30031:33362 [3] NCCL INFO  0 : GPU/0
x3110c0s13b1n0:30031:33362 [3] NCCL INFO  1 : GPU/0
x3110c0s13b1n0:30031:33362 [3] NCCL INFO  2 : GPU/0
x3110c0s13b1n0:30031:33362 [3] NCCL INFO  3 : GPU/0
x3110c0s13b1n0:30031:33362 [3] NCCL INFO  4 : GPU/0
x3110c0s13b1n0:30031:33362 [3] NCCL INFO  5 : GPU/0
x3110c0s13b1n0:30031:33362 [3] NCCL INFO  6 : GPU/0
x3110c0s13b1n0:30031:33362 [3] NCCL INFO  7 : GPU/0
x3110c0s13b1n0:30031:33362 [3] NCCL INFO  8 : GPU/0
x3110c0s13b1n0:30031:33362 [3] NCCL INFO  9 : GPU/0
x3110c0s13b1n0:30031:33362 [3] NCCL INFO 10 : GPU/0
x3110c0s13b1n0:30031:33362 [3] NCCL INFO 11 : GPU/0
x3110c0s13b1n0:30031:33362 [3] NCCL INFO 12 : GPU/0
x3110c0s13b1n0:30031:33362 [3] NCCL INFO 13 : GPU/0
x3110c0s13b1n0:30031:33362 [3] NCCL INFO 14 : GPU/0
x3110c0s13b1n0:30031:33362 [3] NCCL INFO 15 : GPU/0
x3110c0s13b1n0:30031:33362 [3] NCCL INFO Pattern 3, crossNic 0, nChannels 16, bw 44.000000/44.000000, type LOC/PIX, sameChannels 1
x3110c0s13b1n0:30031:33362 [3] NCCL INFO  0 : GPU/0
x3110c0s13b1n0:30031:33362 [3] NCCL INFO  1 : GPU/0
x3110c0s13b1n0:30031:33362 [3] NCCL INFO  2 : GPU/0
x3110c0s13b1n0:30031:33362 [3] NCCL INFO  3 : GPU/0
x3110c0s13b1n0:30031:33362 [3] NCCL INFO  4 : GPU/0
x3110c0s13b1n0:30031:33362 [3] NCCL INFO  5 : GPU/0
x3110c0s13b1n0:30031:33362 [3] NCCL INFO  6 : GPU/0
x3110c0s13b1n0:30031:33362 [3] NCCL INFO  7 : GPU/0
x3110c0s13b1n0:30031:33362 [3] NCCL INFO  8 : GPU/0
x3110c0s13b1n0:30031:33362 [3] NCCL INFO  9 : GPU/0
x3110c0s13b1n0:30031:33362 [3] NCCL INFO 10 : GPU/0
x3110c0s13b1n0:30031:33362 [3] NCCL INFO 11 : GPU/0
x3110c0s13b1n0:30031:33362 [3] NCCL INFO 12 : GPU/0
x3110c0s13b1n0:30031:33362 [3] NCCL INFO 13 : GPU/0
x3110c0s13b1n0:30031:33362 [3] NCCL INFO 14 : GPU/0
x3110c0s13b1n0:30031:33362 [3] NCCL INFO 15 : GPU/0
x3110c0s13b1n0:30031:33362 [3] NCCL INFO Pattern 3, crossNic 0, nChannels 16, bw 44.000000/44.000000, type LOC/PIX, sameChannels 1
x3110c0s13b1n0:30031:33362 [3] NCCL INFO  0 : GPU/0
x3110c0s13b1n0:30031:33362 [3] NCCL INFO  1 : GPU/0
x3110c0s13b1n0:30031:33362 [3] NCCL INFO  2 : GPU/0
x3110c0s13b1n0:30031:33362 [3] NCCL INFO  3 : GPU/0
x3110c0s13b1n0:30031:33362 [3] NCCL INFO  4 : GPU/0
x3110c0s13b1n0:30031:33362 [3] NCCL INFO  5 : GPU/0
x3110c0s13b1n0:30031:33362 [3] NCCL INFO  6 : GPU/0
x3110c0s13b1n0:30031:33362 [3] NCCL INFO  7 : GPU/0
x3110c0s13b1n0:30031:33362 [3] NCCL INFO  8 : GPU/0
x3110c0s13b1n0:30031:33362 [3] NCCL INFO  9 : GPU/0
x3110c0s13b1n0:30031:33362 [3] NCCL INFO 10 : GPU/0
x3110c0s13b1n0:30031:33362 [3] NCCL INFO 11 : GPU/0
x3110c0s13b1n0:30031:33362 [3] NCCL INFO 12 : GPU/0
x3110c0s13b1n0:30031:33362 [3] NCCL INFO 13 : GPU/0
x3110c0s13b1n0:30031:33362 [3] NCCL INFO 14 : GPU/0
x3110c0s13b1n0:30031:33362 [3] NCCL INFO 15 : GPU/0
x3110c0s13b1n0:30031:33362 [3] NCCL INFO Tree 0 : -1 -> 0 -> -1/-1/-1
x3110c0s13b1n0:30031:33362 [3] NCCL INFO Tree 16 : -1 -> 0 -> -1/-1/-1
x3110c0s13b1n0:30031:33362 [3] NCCL INFO Tree 1 : -1 -> 0 -> -1/-1/-1
x3110c0s13b1n0:30031:33362 [3] NCCL INFO Tree 17 : -1 -> 0 -> -1/-1/-1
x3110c0s13b1n0:30031:33362 [3] NCCL INFO Tree 2 : -1 -> 0 -> -1/-1/-1
x3110c0s13b1n0:30031:33362 [3] NCCL INFO Tree 18 : -1 -> 0 -> -1/-1/-1
x3110c0s13b1n0:30031:33362 [3] NCCL INFO Tree 3 : -1 -> 0 -> -1/-1/-1
x3110c0s13b1n0:30031:33362 [3] NCCL INFO Tree 19 : -1 -> 0 -> -1/-1/-1
x3110c0s13b1n0:30031:33362 [3] NCCL INFO Tree 4 : -1 -> 0 -> -1/-1/-1
x3110c0s13b1n0:30031:33362 [3] NCCL INFO Tree 20 : -1 -> 0 -> -1/-1/-1
x3110c0s13b1n0:30031:33362 [3] NCCL INFO Tree 5 : -1 -> 0 -> -1/-1/-1
x3110c0s13b1n0:30031:33362 [3] NCCL INFO Tree 21 : -1 -> 0 -> -1/-1/-1
x3110c0s13b1n0:30031:33362 [3] NCCL INFO Tree 6 : -1 -> 0 -> -1/-1/-1
x3110c0s13b1n0:30031:33362 [3] NCCL INFO Tree 22 : -1 -> 0 -> -1/-1/-1
x3110c0s13b1n0:30031:33362 [3] NCCL INFO Tree 7 : -1 -> 0 -> -1/-1/-1
x3110c0s13b1n0:30031:33362 [3] NCCL INFO Tree 23 : -1 -> 0 -> -1/-1/-1
x3110c0s13b1n0:30031:33362 [3] NCCL INFO Tree 8 : -1 -> 0 -> -1/-1/-1
x3110c0s13b1n0:30031:33362 [3] NCCL INFO Tree 24 : -1 -> 0 -> -1/-1/-1
x3110c0s13b1n0:30031:33362 [3] NCCL INFO Tree 9 : -1 -> 0 -> -1/-1/-1
x3110c0s13b1n0:30031:33362 [3] NCCL INFO Tree 25 : -1 -> 0 -> -1/-1/-1
x3110c0s13b1n0:30031:33362 [3] NCCL INFO Tree 10 : -1 -> 0 -> -1/-1/-1
x3110c0s13b1n0:30031:33362 [3] NCCL INFO Tree 26 : -1 -> 0 -> -1/-1/-1
x3110c0s13b1n0:30031:33362 [3] NCCL INFO Tree 11 : -1 -> 0 -> -1/-1/-1
x3110c0s13b1n0:30031:33362 [3] NCCL INFO Tree 27 : -1 -> 0 -> -1/-1/-1
x3110c0s13b1n0:30031:33362 [3] NCCL INFO Tree 12 : -1 -> 0 -> -1/-1/-1
x3110c0s13b1n0:30031:33362 [3] NCCL INFO Tree 28 : -1 -> 0 -> -1/-1/-1
x3110c0s13b1n0:30031:33362 [3] NCCL INFO Tree 13 : -1 -> 0 -> -1/-1/-1
x3110c0s13b1n0:30031:33362 [3] NCCL INFO Tree 29 : -1 -> 0 -> -1/-1/-1
x3110c0s13b1n0:30031:33362 [3] NCCL INFO Tree 14 : -1 -> 0 -> -1/-1/-1
x3110c0s13b1n0:30031:33362 [3] NCCL INFO Tree 30 : -1 -> 0 -> -1/-1/-1
x3110c0s13b1n0:30031:33362 [3] NCCL INFO Tree 15 : -1 -> 0 -> -1/-1/-1
x3110c0s13b1n0:30031:33362 [3] NCCL INFO Tree 31 : -1 -> 0 -> -1/-1/-1
x3110c0s13b1n0:30031:33362 [3] NCCL INFO Channel 00/32 :    0
x3110c0s13b1n0:30031:33362 [3] NCCL INFO Channel 01/32 :    0
x3110c0s13b1n0:30031:33362 [3] NCCL INFO Channel 02/32 :    0
x3110c0s13b1n0:30031:33362 [3] NCCL INFO Channel 03/32 :    0
x3110c0s13b1n0:30031:33362 [3] NCCL INFO Channel 04/32 :    0
x3110c0s13b1n0:30031:33362 [3] NCCL INFO Channel 05/32 :    0
x3110c0s13b1n0:30031:33362 [3] NCCL INFO Channel 06/32 :    0
x3110c0s13b1n0:30031:33362 [3] NCCL INFO Channel 07/32 :    0
x3110c0s13b1n0:30031:33362 [3] NCCL INFO Channel 08/32 :    0
x3110c0s13b1n0:30031:33362 [3] NCCL INFO Channel 09/32 :    0
x3110c0s13b1n0:30031:33362 [3] NCCL INFO Channel 10/32 :    0
x3110c0s13b1n0:30031:33362 [3] NCCL INFO Channel 11/32 :    0
x3110c0s13b1n0:30031:33362 [3] NCCL INFO Channel 12/32 :    0
x3110c0s13b1n0:30031:33362 [3] NCCL INFO Channel 13/32 :    0
x3110c0s13b1n0:30031:33362 [3] NCCL INFO Channel 14/32 :    0
x3110c0s13b1n0:30031:33362 [3] NCCL INFO Channel 15/32 :    0
x3110c0s13b1n0:30031:33362 [3] NCCL INFO Channel 16/32 :    0
x3110c0s13b1n0:30031:33362 [3] NCCL INFO Channel 17/32 :    0
x3110c0s13b1n0:30031:33362 [3] NCCL INFO Channel 18/32 :    0
x3110c0s13b1n0:30031:33362 [3] NCCL INFO Channel 19/32 :    0
x3110c0s13b1n0:30031:33362 [3] NCCL INFO Channel 20/32 :    0
x3110c0s13b1n0:30031:33362 [3] NCCL INFO Channel 21/32 :    0
x3110c0s13b1n0:30031:33362 [3] NCCL INFO Channel 22/32 :    0
x3110c0s13b1n0:30031:33362 [3] NCCL INFO Channel 23/32 :    0
x3110c0s13b1n0:30031:33362 [3] NCCL INFO Channel 24/32 :    0
x3110c0s13b1n0:30031:33362 [3] NCCL INFO Channel 25/32 :    0
x3110c0s13b1n0:30031:33362 [3] NCCL INFO Channel 26/32 :    0
x3110c0s13b1n0:30031:33362 [3] NCCL INFO Channel 27/32 :    0
x3110c0s13b1n0:30031:33362 [3] NCCL INFO Channel 28/32 :    0
x3110c0s13b1n0:30031:33362 [3] NCCL INFO Channel 29/32 :    0
x3110c0s13b1n0:30031:33362 [3] NCCL INFO Channel 30/32 :    0
x3110c0s13b1n0:30031:33362 [3] NCCL INFO Channel 31/32 :    0
x3110c0s13b1n0:30031:33362 [3] NCCL INFO Ring 00 : 0 -> 0 -> 0
x3110c0s13b1n0:30031:33362 [3] NCCL INFO Ring 01 : 0 -> 0 -> 0
x3110c0s13b1n0:30031:33362 [3] NCCL INFO Ring 02 : 0 -> 0 -> 0
x3110c0s13b1n0:30031:33362 [3] NCCL INFO Ring 03 : 0 -> 0 -> 0
x3110c0s13b1n0:30031:33362 [3] NCCL INFO Ring 04 : 0 -> 0 -> 0
x3110c0s13b1n0:30031:33362 [3] NCCL INFO Ring 05 : 0 -> 0 -> 0
x3110c0s13b1n0:30031:33362 [3] NCCL INFO Ring 06 : 0 -> 0 -> 0
x3110c0s13b1n0:30031:33362 [3] NCCL INFO Ring 07 : 0 -> 0 -> 0
x3110c0s13b1n0:30031:33362 [3] NCCL INFO Ring 08 : 0 -> 0 -> 0
x3110c0s13b1n0:30031:33362 [3] NCCL INFO Ring 09 : 0 -> 0 -> 0
x3110c0s13b1n0:30031:33362 [3] NCCL INFO Ring 10 : 0 -> 0 -> 0
x3110c0s13b1n0:30031:33362 [3] NCCL INFO Ring 11 : 0 -> 0 -> 0
x3110c0s13b1n0:30031:33362 [3] NCCL INFO Ring 12 : 0 -> 0 -> 0
x3110c0s13b1n0:30031:33362 [3] NCCL INFO Ring 13 : 0 -> 0 -> 0
x3110c0s13b1n0:30031:33362 [3] NCCL INFO Ring 14 : 0 -> 0 -> 0
x3110c0s13b1n0:30031:33362 [3] NCCL INFO Ring 15 : 0 -> 0 -> 0
x3110c0s13b1n0:30031:33362 [3] NCCL INFO Ring 16 : 0 -> 0 -> 0
x3110c0s13b1n0:30031:33362 [3] NCCL INFO Ring 17 : 0 -> 0 -> 0
x3110c0s13b1n0:30031:33362 [3] NCCL INFO Ring 18 : 0 -> 0 -> 0
x3110c0s13b1n0:30031:33362 [3] NCCL INFO Ring 19 : 0 -> 0 -> 0
x3110c0s13b1n0:30031:33362 [3] NCCL INFO Ring 20 : 0 -> 0 -> 0
x3110c0s13b1n0:30031:33362 [3] NCCL INFO Ring 21 : 0 -> 0 -> 0
x3110c0s13b1n0:30031:33362 [3] NCCL INFO Ring 22 : 0 -> 0 -> 0
x3110c0s13b1n0:30031:33362 [3] NCCL INFO Ring 23 : 0 -> 0 -> 0
x3110c0s13b1n0:30031:33362 [3] NCCL INFO Ring 24 : 0 -> 0 -> 0
x3110c0s13b1n0:30031:33362 [3] NCCL INFO Ring 25 : 0 -> 0 -> 0
x3110c0s13b1n0:30031:33362 [3] NCCL INFO Ring 26 : 0 -> 0 -> 0
x3110c0s13b1n0:30031:33362 [3] NCCL INFO Ring 27 : 0 -> 0 -> 0
x3110c0s13b1n0:30031:33362 [3] NCCL INFO Ring 28 : 0 -> 0 -> 0
x3110c0s13b1n0:30031:33362 [3] NCCL INFO Ring 29 : 0 -> 0 -> 0
x3110c0s13b1n0:30031:33362 [3] NCCL INFO Ring 30 : 0 -> 0 -> 0
x3110c0s13b1n0:30031:33362 [3] NCCL INFO Ring 31 : 0 -> 0 -> 0
