x3004c0s25b0n0:9570:14468 [0] NCCL INFO     Broadcast |     0.0/   0.0 |     0.0/   0.0 |     0.0/   0.0 |     4.1/  29.3 |    11.9/  80.0 |    11.8/  88.0 |     0.0/   0.0 |     0.0/   0.0 |     0.0/   0.0 |     0.0/   0.0 |     0.0/   0.0 |     0.0/   0.0 |
x3004c0s25b0n0:9570:14468 [0] NCCL INFO        Reduce |     0.0/   0.0 |     0.0/   0.0 |     0.0/   0.0 |     4.1/  22.0 |    11.9/  80.0 |    11.8/  88.0 |     0.0/   0.0 |     0.0/   0.0 |     0.0/   0.0 |     0.0/   0.0 |     0.0/   0.0 |     0.0/   0.0 |
x3004c0s25b0n0:9570:14468 [0] NCCL INFO     AllGather |     0.0/   0.0 |     0.0/   0.0 |     0.0/   0.0 |     4.1/  58.7 |    11.9/ 160.0 |    11.8/ 176.0 |     0.0/   0.0 |     0.0/   0.0 |     0.0/   0.0 |     0.0/   0.0 |     0.0/   0.0 |     0.0/   0.0 |
x3004c0s25b0n0:9570:14468 [0] NCCL INFO ReduceScatter |     0.0/   0.0 |     0.0/   0.0 |     0.0/   0.0 |     4.1/  58.7 |    11.9/ 160.0 |    11.8/ 176.0 |     0.0/   0.0 |     0.0/   0.0 |     0.0/   0.0 |     0.0/   0.0 |     0.0/   0.0 |     0.0/   0.0 |
x3004c0s25b0n0:9570:14468 [0] NCCL INFO     AllReduce |     5.4/  10.7 |     6.9/  31.5 |    56.0/  40.5 |     4.5/  22.0 |    13.8/  80.0 |    15.2/  88.0 |     5.4/   0.0 |     5.4/   0.0 |    27.7/   0.0 |     4.4/   0.0 |     4.4/   0.0 |    16.0/   0.0 |
x3004c0s25b0n0:9570:14468 [0] NCCL INFO threadThresholds 8/8/64 | 16/8/64 | 512 | 512
x3004c0s25b0n0:9570:14468 [0] NCCL INFO 8 coll channels, 8 p2p channels, 8 p2p channels per peer
x3004c0s25b0n0:9570:14499 [0] NCCL INFO Allocated 4194656 bytes of shared memory in /dev/shm/nccl-OAmTKR

x3004c0s25b0n0:9570:14499 [0] NCCL INFO New proxy send connection 16 from local rank 0, transport 2
x3004c0s25b0n0:9571:14471 [1] NCCL INFO Connected all rings
x3004c0s25b0n0:9571:14471 [1] NCCL INFO Connected all trees by HAO
x3004c0s25b0n0:9571:14471 [1] NCCL INFO threadThresholds 8/8/64 | 16/8/64 | 512 | 512
x3004c0s25b0n0:9571:14471 [1] NCCL INFO 8 coll channels, 8 p2p channels, 8 p2p channels per peer
x3004c0s25b0n0:9571:14500 [1] NCCL INFO Allocated 4194656 bytes of shared memory in /dev/shm/nccl-95hLWT

x3004c0s25b0n0:9571:14500 [1] NCCL INFO New proxy send connection 16 from local rank 1, transport 2
x3004c0s25b0n0:9575:14470 [2] NCCL INFO init.cc:392 Cuda Host Alloc Size 33554432 pointer 0x15019e000000
x3004c0s25b0n0:9575:14470 [2] NCCL INFO init.cc:398 Cuda Host Alloc Size 128 pointer 0x150206e00600
x3004c0s25b0n0:9575:14470 [2] NCCL INFO comm 0x5614a3768ec0 rank 0 nranks 2 cudaDev 2 busId 85000 - Init COMPLETE
x3004c0s25b0n0:9583:14501 [3] NCCL INFO transport/net.cc:376 Cuda Alloc Size 16777216 pointer 0x14f8b4000000
x3004c0s25b0n0:9583:14472 [3] NCCL INFO init.cc:392 Cuda Host Alloc Size 33554432 pointer 0x14f8b6000000
x3004c0s25b0n0:9583:14472 [3] NCCL INFO init.cc:398 Cuda Host Alloc Size 128 pointer 0x14f91ce00600
x3004c0s25b0n0:9583:14472 [3] NCCL INFO comm 0x5641c61495b0 rank 1 nranks 2 cudaDev 3 busId c7000 - Init COMPLETE
[Hao INFO in ncclAllReduce (all_reduce.cc)] rank 2 ncclAllReduce: count: 1, datatype: ncclInt64, message size: 8 Bytes
x3004c0s25b0n0:9575:9575 [2] NCCL INFO AllReduce: opCount 0 sendbuff 0x15024d600400 recvbuff 0x15024d600400 count 1 datatype 4 op 0 root 0 comm 0x5614a3768ec0 [nranks=2] stream 0x5614a217ce90
x3004c0s25b0n0:9575:9575 [2] NCCL INFO misc/utils.cc:235 memory stack hunk malloc(65536)

[LYD INFO in ncclAllReduce (all_reduce.cc)] rank 0 AllReduce Time: 0.000019000 seconds

[LYD INFO in getAlgoInfo (enqueue.cc)] algorithm a is: 0

[LYD INFO in getAlgoInfo (enqueue.cc)] algorithm a is: 1

[LYD INFO in getAlgoInfo (enqueue.cc)] rank: 0, Duration between Point 1 and Point 2: 0.000002000 seconds

[LYD INFO in getAlgoInfo (enqueue.cc)] rank 0, Duration between Point 2 and Point 3: 0.000001000 seconds
[LYD INFO in getAlgoInfo (enqueue.cc)] out rank: 0
[LYD INFO in getAlgoInfo (enqueue.cc)] out coll: 4
[LYD INFO in getAlgoInfo (enqueue.cc)] out sendbuff address: 0x15024d600400
[LYD INFO in getAlgoInfo (enqueue.cc)] out recvbuff address: 0x15024d600400
[LYD INFO in getAlgoInfo (enqueue.cc)] out count: 1
[LYD INFO in getAlgoInfo (enqueue.cc)] out datatype: 4
[LYD INFO in getAlgoInfo (enqueue.cc)] out chunkSteps: 4
[LYD INFO in getAlgoInfo (enqueue.cc)] out sliceSteps: 2
[LYD INFO in getAlgoInfo (enqueue.cc)] out algorithm: 1
[LYD INFO in getAlgoInfo (enqueue.cc)] out protocol: 0
[LYD INFO in getAlgoInfo (enqueue.cc)] out nChannels: 1
[LYD INFO in getAlgoInfo (enqueue.cc)] out nThreads: 96
[LYD INFO in getAlgoInfo (enqueue.cc)] out nBytes: 8
[LYD INFO in getAlgoInfo (enqueue.cc)] out nstepsPerLoop: 0
[LYD INFO in getAlgoInfo (enqueue.cc)] out nchunksPerLoop: 0
[LYD INFO in getAlgoInfo (enqueue.cc)] out chunkSize: 0
[LYD INFO in ncclLaunchKernel (enqueue.cc)] NCHANNELS is: 8x3004c0s25b0n0:9583:9583 [3] NCCL INFO AllReduce: opCount 0 sendbuff 0x14f95d600400 recvbuff 0x14f95d600400 count 1 datatype 4 op 0 root 0 comm 0x5641c61495b0 [nranks=2] stream 0x5641c49c7540
x3004c0s25b0n0:9583:9583 [3] NCCL INFO misc/utils.cc:235 memory stack hunk malloc(65536)
[LYD INFO in ncclLaunchKernel (enqueue.cc)] NCHANNELS is: 8
[LYD INFO in NCCL_KERN_NAME (common.h)] 1 AllReduce RING LL Sum int64_t Elapsed time: 7 us

[LYD INFO in NCCL_KERN_NAME (common.h)] 0 AllReduce RING LL Sum int64_t Elapsed time: 2227 us
x3004c0s25b0n0:9570:14468 [0] NCCL INFO Connection to proxy localRank 0 -> connection 0x14b06c001130
x3004c0s25b0n0:9570:14499 [0] NCCL INFO transport/net.cc:376 Cuda Alloc Size 16777216 pointer 0x14b064c00000
x3004c0s25b0n0:9571:14471 [1] NCCL INFO Connection to proxy localRank 1 -> connection 0x14e6ac001080
x3004c0s25b0n0:9571:14471 [1] NCCL INFO init.cc:367 Cuda Alloc Size 5168 pointer 0x14e70f80de00
x3004c0s25b0n0:9570:14468 [0] NCCL INFO init.cc:367 Cuda Alloc Size 5168 pointer 0x14b0c980de00
x3004c0s25b0n0:9570:14468 [0] NCCL INFO init.cc:392 Cuda Host Alloc Size 33554432 pointer 0x14b062000000
x3004c0s25b0n0:9570:14468 [0] NCCL INFO init.cc:398 Cuda Host Alloc Size 128 pointer 0x14b0c8e00600
x3004c0s25b0n0:9570:14468 [0] NCCL INFO comm 0x55d067b4fc10 rank 0 nranks 2 cudaDev 0 busId 7000 - Init COMPLETE
x3004c0s25b0n0:9571:14471 [1] NCCL INFO init.cc:392 Cuda Host Alloc Size 33554432 pointer 0x14e69e000000
x3004c0s25b0n0:9571:14471 [1] NCCL INFO init.cc:398 Cuda Host Alloc Size 128 pointer 0x14e70ee00600
x3004c0s25b0n0:9571:14471 [1] NCCL INFO comm 0x55c3955354c0 rank 1 nranks 2 cudaDev 1 busId 46000 - Init COMPLETE
x3004c0s25b0n0:9571:14500 [1] NCCL INFO transport/net.cc:376 Cuda Alloc Size 16777216 pointer 0x14e69c000000
x3004c0s25b0n0:9571:9571 [1] NCCL INFO AllReduce: opCount 0 sendbuff 0x14e74f600400 recvbuff 0x14e74f600400 count 1 datatype 4 op 0 root 0 comm 0x55c3955354c0 [nranks=2] stream 0x55c3937920b0
x3004c0s25b0n0:9571:9571 [1] NCCL INFO misc/utils.cc:235 memory stack hunk malloc(65536)
[LYD INFO in ncclLaunchKernel (enqueue.cc)] NCHANNELS is: 8[Hao INFO in ncclAllReduce (all_reduce.cc)] rank 0 ncclAllReduce: count: 1, datatype: ncclInt64, message size: 8 Bytes
x3004c0s25b0n0:9570:9570 [0] NCCL INFO AllReduce: opCount 0 sendbuff 0x14b10d600400 recvbuff 0x14b10d600400 count 1 datatype 4 op 0 root 0 comm 0x55d067b4fc10 [nranks=2] stream 0x55d066266d70
x3004c0s25b0n0:9570:9570 [0] NCCL INFO misc/utils.cc:235 memory stack hunk malloc(65536)

[LYD INFO in ncclAllReduce (all_reduce.cc)] rank 0 AllReduce Time: 0.000017000 seconds

[LYD INFO in getAlgoInfo (enqueue.cc)] algorithm a is: 0

[LYD INFO in getAlgoInfo (enqueue.cc)] algorithm a is: 1

[LYD INFO in getAlgoInfo (enqueue.cc)] rank: 0, Duration between Point 1 and Point 2: 0.000002000 seconds

[LYD INFO in getAlgoInfo (enqueue.cc)] rank 0, Duration between Point 2 and Point 3: 0.000001000 seconds
[LYD INFO in getAlgoInfo (enqueue.cc)] out rank: 0
[LYD INFO in getAlgoInfo (enqueue.cc)] out coll: 4
[LYD INFO in getAlgoInfo (enqueue.cc)] out sendbuff address: 0x14b10d600400
[LYD INFO in getAlgoInfo (enqueue.cc)] out recvbuff address: 0x14b10d600400
[LYD INFO in getAlgoInfo (enqueue.cc)] out count: 1
[LYD INFO in getAlgoInfo (enqueue.cc)] out datatype: 4
[LYD INFO in getAlgoInfo (enqueue.cc)] out chunkSteps: 4
[LYD INFO in getAlgoInfo (enqueue.cc)] out sliceSteps: 2
[LYD INFO in getAlgoInfo (enqueue.cc)] out algorithm: 1
[LYD INFO in getAlgoInfo (enqueue.cc)] out protocol: 0
[LYD INFO in getAlgoInfo (enqueue.cc)] out nChannels: 1
[LYD INFO in getAlgoInfo (enqueue.cc)] out nThreads: 96
[LYD INFO in getAlgoInfo (enqueue.cc)] out nBytes: 8
[LYD INFO in getAlgoInfo (enqueue.cc)] out nstepsPerLoop: 0
[LYD INFO in getAlgoInfo (enqueue.cc)] out nchunksPerLoop: 0
[LYD INFO in getAlgoInfo (enqueue.cc)] out chunkSize: 0
[LYD INFO in ncclLaunchKernel (enqueue.cc)] NCHANNELS is: 8
[LYD INFO in NCCL_KERN_NAME (common.h)] 1 AllReduce RING LL Sum int64_t Elapsed time: 1783 us

[LYD INFO in NCCL_KERN_NAME (common.h)] 0 AllReduce RING LL Sum int64_t Elapsed time: 6 us
x3004c0s25b0n0:9571:9571 [1] NCCL INFO init.cc:1147 Cuda Host Alloc Size 4 pointer 0x14e70ee00800
x3004c0s25b0n0:9583:9583 [3] NCCL INFO init.cc:1147 Cuda Host Alloc Size 4 pointer 0x14f91ce00800
x3004c0s25b0n0:9570:9570 [0] NCCL INFO init.cc:1147 Cuda Host Alloc Size 4 pointer 0x14b0c8e00800
x3004c0s25b0n0:9575:9575 [2] NCCL INFO init.cc:1147 Cuda Host Alloc Size 4 pointer 0x150206e00800
x3004c0s25b0n0:9575:14736 [2] NCCL INFO Using network IB
x3004c0s25b0n0:9583:14734 [3] NCCL INFO Using network IB
x3004c0s25b0n0:9570:14735 [0] NCCL INFO Using network IB
x3004c0s25b0n0:9571:14733 [1] NCCL INFO Using network IB
x3004c0s25b0n0:9570:14735 [0] NCCL INFO NET/IB : GPU Direct RDMA Enabled for HCA 0 'mlx5_0'
x3004c0s25b0n0:9570:14735 [0] NCCL INFO NET/IB : GPU Direct RDMA Enabled for HCA 1 'mlx5_1'
x3004c0s25b0n0:9570:14735 [0] NCCL INFO GPU Direct RDMA Disabled for GPU 7000 / HCA 0 (distance 7 > 4)
x3004c0s25b0n0:9570:14735 [0] NCCL INFO GPU Direct RDMA Disabled for GPU 85000 / HCA 0 (distance 7 > 4)
x3004c0s25b0n0:9570:14735 [0] NCCL INFO GPU Direct RDMA Disabled for GPU 7000 / HCA 1 (distance 7 > 4)
x3004c0s25b0n0:9570:14735 [0] NCCL INFO GPU Direct RDMA Disabled for GPU 85000 / HCA 1 (distance 7 > 4)
x3004c0s25b0n0:9570:14735 [0] NCCL INFO GPU Direct RDMA Disabled for GPU 7000 / HCA 0 (distance 7 > 4)
x3004c0s25b0n0:9570:14735 [0] NCCL INFO GPU Direct RDMA Disabled for GPU 85000 / HCA 0 (distance 7 > 4)
x3004c0s25b0n0:9570:14735 [0] NCCL INFO GPU Direct RDMA Disabled for GPU 7000 / HCA 1 (distance 7 > 4)
x3004c0s25b0n0:9570:14735 [0] NCCL INFO GPU Direct RDMA Disabled for GPU 85000 / HCA 1 (distance 7 > 4)
x3004c0s25b0n0:9570:14735 [0] NCCL INFO === System : maxBw 12.0 totalBw 88.0 ===
x3004c0s25b0n0:9570:14735 [0] NCCL INFO CPU/3 (1/2/-1)
x3004c0s25b0n0:9570:14735 [0] NCCL INFO + SYS[5000.0] - CPU/1
x3004c0s25b0n0:9570:14735 [0] NCCL INFO + SYS[5000.0] - CPU/0
x3004c0s25b0n0:9570:14735 [0] NCCL INFO + SYS[5000.0] - CPU/2
x3004c0s25b0n0:9570:14735 [0] NCCL INFO + PCI[24.0] - PCI/5000 (11f8406811f8beef)
x3004c0s25b0n0:9570:14735 [0] NCCL INFO               + PCI[24.0] - GPU/7000 (4)
x3004c0s25b0n0:9570:14735 [0] NCCL INFO                             + NVL[88.0] - GPU/85000
x3004c0s25b0n0:9570:14735 [0] NCCL INFO CPU/1 (1/2/-1)
x3004c0s25b0n0:9570:14735 [0] NCCL INFO + SYS[5000.0] - CPU/3
x3004c0s25b0n0:9570:14735 [0] NCCL INFO + SYS[5000.0] - CPU/0
x3004c0s25b0n0:9570:14735 [0] NCCL INFO + SYS[5000.0] - CPU/2
x3004c0s25b0n0:9570:14735 [0] NCCL INFO + PCI[24.0] - PCI/83000 (11f8406811f8beef)
x3004c0s25b0n0:9570:14735 [0] NCCL INFO               + PCI[24.0] - GPU/85000 (5)
x3004c0s25b0n0:9570:14735 [0] NCCL INFO                             + NVL[88.0] - GPU/7000
x3004c0s25b0n0:9570:14735 [0] NCCL INFO CPU/0 (1/2/-1)
x3004c0s25b0n0:9570:14735 [0] NCCL INFO + SYS[5000.0] - CPU/3
x3004c0s25b0n0:9570:14735 [0] NCCL INFO + SYS[5000.0] - CPU/1
x3004c0s25b0n0:9570:14735 [0] NCCL INFO + SYS[5000.0] - CPU/2
x3004c0s25b0n0:9570:14735 [0] NCCL INFO + PCI[12.0] - NIC/C8000
x3004c0s25b0n0:9570:14735 [0] NCCL INFO               + NET[12.5] - NET/0 (680704ffffa4e988/1/12.500000)
x3004c0s25b0n0:9570:14735 [0] NCCL INFO CPU/2 (1/2/-1)
x3004c0s25b0n0:9570:14735 [0] NCCL INFO + SYS[5000.0] - CPU/3
x3004c0s25b0n0:9570:14735 [0] NCCL INFO + SYS[5000.0] - CPU/1
x3004c0s25b0n0:9570:14735 [0] NCCL INFO + SYS[5000.0] - CPU/0
x3004c0s25b0n0:9570:14735 [0] NCCL INFO + PCI[12.0] - NIC/43000
x3004c0s25b0n0:9570:14735 [0] NCCL INFO               + NET[12.5] - NET/1 (d84b02ffffa4e988/1/12.500000)
x3004c0s25b0n0:9570:14735 [0] NCCL INFO ==========================================
x3004c0s25b0n0:9570:14735 [0] NCCL INFO GPU/7000 :GPU/7000 (0/5000.000000/LOC) GPU/85000 (1/88.000000/NVL) CPU/3 (2/24.000000/PHB) CPU/1 (3/24.000000/SYS) CPU/0 (3/24.000000/SYS) CPU/2 (3/24.000000/SYS) NET/0 (5/12.000000/SYS) NET/1 (5/12.000000/SYS) 
x3004c0s25b0n0:9570:14735 [0] NCCL INFO GPU/85000 :GPU/7000 (1/88.000000/NVL) GPU/85000 (0/5000.000000/LOC) CPU/3 (3/24.000000/SYS) CPU/1 (2/24.000000/PHB) CPU/0 (3/24.000000/SYS) CPU/2 (3/24.000000/SYS) NET/0 (5/12.000000/SYS) NET/1 (5/12.000000/SYS) 
x3004c0s25b0n0:9570:14735 [0] NCCL INFO NET/0 :GPU/7000 (5/12.000000/SYS) GPU/85000 (5/12.000000/SYS) CPU/3 (3/12.000000/SYS) CPU/1 (3/12.000000/SYS) CPU/0 (2/12.000000/PHB) CPU/2 (3/12.000000/SYS) NET/0 (0/5000.000000/LOC) NET/1 (5/12.000000/SYS) 
x3004c0s25b0n0:9570:14735 [0] NCCL INFO NET/1 :GPU/7000 (5/12.000000/SYS) GPU/85000 (5/12.000000/SYS) CPU/3 (3/12.000000/SYS) CPU/1 (3/12.000000/SYS) CPU/0 (3/12.000000/SYS) CPU/2 (2/12.000000/PHB) NET/0 (5/12.000000/SYS) NET/1 (0/5000.000000/LOC) 
x3004c0s25b0n0:9570:14735 [0] NCCL INFO Pattern 4, crossNic 0, nChannels 2, bw 12.000000/12.000000, type NVL/SYS, sameChannels 1
x3004c0s25b0n0:9570:14735 [0] NCCL INFO  0 : NET/0 GPU/4 GPU/5 NET/0
x3004c0s25b0n0:9570:14735 [0] NCCL INFO  1 : NET/1 GPU/4 GPU/5 NET/1
x3004c0s25b0n0:9570:14735 [0] NCCL INFO Pattern 1, crossNic 0, nChannels 2, bw 24.000000/12.000000, type NVL/SYS, sameChannels 1
x3004c0s25b0n0:9570:14735 [0] NCCL INFO  0 : NET/0 GPU/4 GPU/5 NET/0
x3004c0s25b0n0:9570:14735 [0] NCCL INFO  1 : NET/1 GPU/4 GPU/5 NET/1
x3004c0s25b0n0:9570:14735 [0] NCCL INFO Pattern 3, crossNic 0, nChannels 0, bw 0.000000/0.000000, type NVL/PIX, sameChannels 1
x3004c0s25b0n0:9575:14736 [2] NCCL INFO NET/IB : GPU Direct RDMA Enabled for HCA 0 'mlx5_0'
x3004c0s25b0n0:9575:14736 [2] NCCL INFO NET/IB : GPU Direct RDMA Enabled for HCA 1 'mlx5_1'
x3004c0s25b0n0:9575:14736 [2] NCCL INFO GPU Direct RDMA Disabled for GPU 7000 / HCA 0 (distance 7 > 4)
x3004c0s25b0n0:9575:14736 [2] NCCL INFO GPU Direct RDMA Disabled for GPU 85000 / HCA 0 (distance 7 > 4)
x3004c0s25b0n0:9575:14736 [2] NCCL INFO GPU Direct RDMA Disabled for GPU 7000 / HCA 1 (distance 7 > 4)
x3004c0s25b0n0:9575:14736 [2] NCCL INFO GPU Direct RDMA Disabled for GPU 85000 / HCA 1 (distance 7 > 4)
x3004c0s25b0n0:9575:14736 [2] NCCL INFO GPU Direct RDMA Disabled for GPU 7000 / HCA 0 (distance 7 > 4)
x3004c0s25b0n0:9575:14736 [2] NCCL INFO GPU Direct RDMA Disabled for GPU 85000 / HCA 0 (distance 7 > 4)
x3004c0s25b0n0:9575:14736 [2] NCCL INFO GPU Direct RDMA Disabled for GPU 7000 / HCA 1 (distance 7 > 4)
x3004c0s25b0n0:9575:14736 [2] NCCL INFO GPU Direct RDMA Disabled for GPU 85000 / HCA 1 (distance 7 > 4)
x3004c0s25b0n0:9575:14736 [2] NCCL INFO === System : maxBw 12.0 totalBw 88.0 ===
x3004c0s25b0n0:9575:14736 [2] NCCL INFO CPU/3 (1/2/-1)
x3004c0s25b0n0:9575:14736 [2] NCCL INFO + SYS[5000.0] - CPU/1
x3004c0s25b0n0:9575:14736 [2] NCCL INFO + SYS[5000.0] - CPU/0
x3004c0s25b0n0:9575:14736 [2] NCCL INFO + SYS[5000.0] - CPU/2
x3004c0s25b0n0:9575:14736 [2] NCCL INFO + PCI[24.0] - PCI/5000 (11f8406811f8beef)
x3004c0s25b0n0:9575:14736 [2] NCCL INFO               + PCI[24.0] - GPU/7000 (4)
x3004c0s25b0n0:9575:14736 [2] NCCL INFO                             + NVL[88.0] - GPU/85000
x3004c0s25b0n0:9575:14736 [2] NCCL INFO CPU/1 (1/2/-1)
x3004c0s25b0n0:9575:14736 [2] NCCL INFO + SYS[5000.0] - CPU/3
x3004c0s25b0n0:9575:14736 [2] NCCL INFO + SYS[5000.0] - CPU/0
x3004c0s25b0n0:9575:14736 [2] NCCL INFO + SYS[5000.0] - CPU/2
x3004c0s25b0n0:9575:14736 [2] NCCL INFO + PCI[24.0] - PCI/83000 (11f8406811f8beef)
x3004c0s25b0n0:9575:14736 [2] NCCL INFO               + PCI[24.0] - GPU/85000 (5)
x3004c0s25b0n0:9575:14736 [2] NCCL INFO                             + NVL[88.0] - GPU/7000
x3004c0s25b0n0:9575:14736 [2] NCCL INFO CPU/0 (1/2/-1)
x3004c0s25b0n0:9575:14736 [2] NCCL INFO + SYS[5000.0] - CPU/3
x3004c0s25b0n0:9575:14736 [2] NCCL INFO + SYS[5000.0] - CPU/1
x3004c0s25b0n0:9575:14736 [2] NCCL INFO + SYS[5000.0] - CPU/2
x3004c0s25b0n0:9575:14736 [2] NCCL INFO + PCI[12.0] - NIC/C8000
x3004c0s25b0n0:9575:14736 [2] NCCL INFO               + NET[12.5] - NET/0 (680704ffffa4e988/1/12.500000)
x3004c0s25b0n0:9575:14736 [2] NCCL INFO CPU/2 (1/2/-1)
x3004c0s25b0n0:9575:14736 [2] NCCL INFO + SYS[5000.0] - CPU/3
x3004c0s25b0n0:9575:14736 [2] NCCL INFO + SYS[5000.0] - CPU/1
x3004c0s25b0n0:9575:14736 [2] NCCL INFO + SYS[5000.0] - CPU/0
x3004c0s25b0n0:9575:14736 [2] NCCL INFO + PCI[12.0] - NIC/43000
x3004c0s25b0n0:9575:14736 [2] NCCL INFO               + NET[12.5] - NET/1 (d84b02ffffa4e988/1/12.500000)
x3004c0s25b0n0:9575:14736 [2] NCCL INFO ==========================================
x3004c0s25b0n0:9575:14736 [2] NCCL INFO GPU/7000 :GPU/7000 (0/5000.000000/LOC) GPU/85000 (1/88.000000/NVL) CPU/3 (2/24.000000/PHB) CPU/1 (3/24.000000/SYS) CPU/0 (3/24.000000/SYS) CPU/2 (3/24.000000/SYS) NET/0 (5/12.000000/SYS) NET/1 (5/12.000000/SYS) 
x3004c0s25b0n0:9575:14736 [2] NCCL INFO GPU/85000 :GPU/7000 (1/88.000000/NVL) GPU/85000 (0/5000.000000/LOC) CPU/3 (3/24.000000/SYS) CPU/1 (2/24.000000/PHB) CPU/0 (3/24.000000/SYS) CPU/2 (3/24.000000/SYS) NET/0 (5/12.000000/SYS) NET/1 (5/12.000000/SYS) 
x3004c0s25b0n0:9575:14736 [2] NCCL INFO NET/0 :GPU/7000 (5/12.000000/SYS) GPU/85000 (5/12.000000/SYS) CPU/3 (3/12.000000/SYS) CPU/1 (3/12.000000/SYS) CPU/0 (2/12.000000/PHB) CPU/2 (3/12.000000/SYS) NET/0 (0/5000.000000/LOC) NET/1 (5/12.000000/SYS) 
x3004c0s25b0n0:9575:14736 [2] NCCL INFO NET/1 :GPU/7000 (5/12.000000/SYS) GPU/85000 (5/12.000000/SYS) CPU/3 (3/12.000000/SYS) CPU/1 (3/12.000000/SYS) CPU/0 (3/12.000000/SYS) CPU/2 (2/12.000000/PHB) NET/0 (5/12.000000/SYS) NET/1 (0/5000.000000/LOC) 
x3004c0s25b0n0:9575:14736 [2] NCCL INFO Pattern 4, crossNic 0, nChannels 2, bw 12.000000/12.000000, type NVL/SYS, sameChannels 1
x3004c0s25b0n0:9575:14736 [2] NCCL INFO  0 : NET/0 GPU/4 GPU/5 NET/0
x3004c0s25b0n0:9575:14736 [2] NCCL INFO  1 : NET/1 GPU/4 GPU/5 NET/1
x3004c0s25b0n0:9575:14736 [2] NCCL INFO Pattern 1, crossNic 0, nChannels 2, bw 24.000000/12.000000, type NVL/SYS, sameChannels 1
x3004c0s25b0n0:9575:14736 [2] NCCL INFO  0 : NET/0 GPU/4 GPU/5 NET/0
x3004c0s25b0n0:9575:14736 [2] NCCL INFO  1 : NET/1 GPU/4 GPU/5 NET/1
x3004c0s25b0n0:9575:14736 [2] NCCL INFO Pattern 3, crossNic 0, nChannels 0, bw 0.000000/0.000000, type NVL/PIX, sameChannels 1
x3004c0s25b0n0:9571:14733 [1] NCCL INFO NET/IB : GPU Direct RDMA Enabled for HCA 0 'mlx5_0'
x3004c0s25b0n0:9571:14733 [1] NCCL INFO NET/IB : GPU Direct RDMA Enabled for HCA 1 'mlx5_1'
x3004c0s25b0n0:9571:14733 [1] NCCL INFO GPU Direct RDMA Disabled for GPU 46000 / HCA 1 (distance 6 > 4)
x3004c0s25b0n0:9571:14733 [1] NCCL INFO GPU Direct RDMA Disabled for GPU c7000 / HCA 1 (distance 7 > 4)
x3004c0s25b0n0:9571:14733 [1] NCCL INFO GPU Direct RDMA Disabled for GPU 46000 / HCA 0 (distance 7 > 4)
x3004c0s25b0n0:9571:14733 [1] NCCL INFO GPU Direct RDMA Disabled for GPU c7000 / HCA 0 (distance 6 > 4)
x3004c0s25b0n0:9571:14733 [1] NCCL INFO GPU Direct RDMA Disabled for GPU 46000 / HCA 1 (distance 6 > 4)
x3004c0s25b0n0:9571:14733 [1] NCCL INFO GPU Direct RDMA Disabled for GPU c7000 / HCA 1 (distance 7 > 4)
x3004c0s25b0n0:9571:14733 [1] NCCL INFO GPU Direct RDMA Disabled for GPU 46000 / HCA 0 (distance 7 > 4)
x3004c0s25b0n0:9571:14733 [1] NCCL INFO GPU Direct RDMA Disabled for GPU c7000 / HCA 0 (distance 6 > 4)
x3004c0s25b0n0:9571:14733 [1] NCCL INFO === System : maxBw 12.0 totalBw 88.0 ===
x3004c0s25b0n0:9571:14733 [1] NCCL INFO CPU/2 (1/2/-1)
x3004c0s25b0n0:9571:14733 [1] NCCL INFO + SYS[5000.0] - CPU/0
x3004c0s25b0n0:9571:14733 [1] NCCL INFO + PCI[24.0] - PCI/44000 (11f8406811f8beef)
x3004c0s25b0n0:9571:14733 [1] NCCL INFO               + PCI[24.0] - GPU/46000 (4)
x3004c0s25b0n0:9571:14733 [1] NCCL INFO                             + NVL[88.0] - GPU/C7000
x3004c0s25b0n0:9571:14733 [1] NCCL INFO + PCI[12.0] - NIC/43000
x3004c0s25b0n0:9571:14733 [1] NCCL INFO               + NET[12.5] - NET/1 (d84b02ffffa4e988/1/12.500000)
x3004c0s25b0n0:9571:14733 [1] NCCL INFO CPU/0 (1/2/-1)
x3004c0s25b0n0:9571:14733 [1] NCCL INFO + SYS[5000.0] - CPU/2
x3004c0s25b0n0:9571:14733 [1] NCCL INFO + PCI[24.0] - PCI/C5000 (11f8406811f8beef)
x3004c0s25b0n0:9571:14733 [1] NCCL INFO               + PCI[24.0] - GPU/C7000 (5)
x3004c0s25b0n0:9571:14733 [1] NCCL INFO                             + NVL[88.0] - GPU/46000
x3004c0s25b0n0:9571:14733 [1] NCCL INFO + PCI[12.0] - NIC/C8000
x3004c0s25b0n0:9571:14733 [1] NCCL INFO               + NET[12.5] - NET/0 (680704ffffa4e988/1/12.500000)
x3004c0s25b0n0:9571:14733 [1] NCCL INFO ==========================================
x3004c0s25b0n0:9571:14733 [1] NCCL INFO GPU/46000 :GPU/46000 (0/5000.000000/LOC) GPU/C7000 (1/88.000000/NVL) CPU/2 (2/24.000000/PHB) CPU/0 (3/24.000000/SYS) NET/1 (4/12.000000/PHB) NET/0 (5/12.000000/SYS) 
x3004c0s25b0n0:9571:14733 [1] NCCL INFO GPU/C7000 :GPU/46000 (1/88.000000/NVL) GPU/C7000 (0/5000.000000/LOC) CPU/2 (3/24.000000/SYS) CPU/0 (2/24.000000/PHB) NET/1 (5/12.000000/SYS) NET/0 (4/12.000000/PHB) 
x3004c0s25b0n0:9571:14733 [1] NCCL INFO NET/1 :GPU/46000 (4/12.000000/PHB) GPU/C7000 (5/12.000000/SYS) CPU/2 (2/12.000000/PHB) CPU/0 (3/12.000000/SYS) NET/1 (0/5000.000000/LOC) NET/0 (5/12.000000/SYS) 
x3004c0s25b0n0:9571:14733 [1] NCCL INFO NET/0 :GPU/46000 (5/12.000000/SYS) GPU/C7000 (4/12.000000/PHB) CPU/2 (3/12.000000/SYS) CPU/0 (2/12.000000/PHB) NET/1 (5/12.000000/SYS) NET/0 (0/5000.000000/LOC) 
x3004c0s25b0n0:9571:14733 [1] NCCL INFO Pattern 4, crossNic 0, nChannels 2, bw 12.000000/12.000000, type NVL/SYS, sameChannels 1
x3004c0s25b0n0:9571:14733 [1] NCCL INFO  0 : NET/1 GPU/4 GPU/5 NET/1
x3004c0s25b0n0:9571:14733 [1] NCCL INFO  1 : NET/0 GPU/4 GPU/5 NET/0
x3004c0s25b0n0:9571:14733 [1] NCCL INFO Pattern 1, crossNic 0, nChannels 2, bw 24.000000/12.000000, type NVL/SYS, sameChannels 1
x3004c0s25b0n0:9571:14733 [1] NCCL INFO  0 : NET/1 GPU/4 GPU/5 NET/1
x3004c0s25b0n0:9571:14733 [1] NCCL INFO  1 : NET/0 GPU/4 GPU/5 NET/0
x3004c0s25b0n0:9571:14733 [1] NCCL INFO Pattern 3, crossNic 0, nChannels 0, bw 0.000000/0.000000, type NVL/PIX, sameChannels 1
x3004c0s25b0n0:9583:14734 [3] NCCL INFO NET/IB : GPU Direct RDMA Enabled for HCA 0 'mlx5_0'
x3004c0s25b0n0:9583:14734 [3] NCCL INFO NET/IB : GPU Direct RDMA Enabled for HCA 1 'mlx5_1'
x3004c0s25b0n0:9583:14734 [3] NCCL INFO GPU Direct RDMA Disabled for GPU 46000 / HCA 1 (distance 6 > 4)
x3004c0s25b0n0:9583:14734 [3] NCCL INFO GPU Direct RDMA Disabled for GPU c7000 / HCA 1 (distance 7 > 4)
x3004c0s25b0n0:9583:14734 [3] NCCL INFO GPU Direct RDMA Disabled for GPU 46000 / HCA 0 (distance 7 > 4)
x3004c0s25b0n0:9583:14734 [3] NCCL INFO GPU Direct RDMA Disabled for GPU c7000 / HCA 0 (distance 6 > 4)
x3004c0s25b0n0:9583:14734 [3] NCCL INFO GPU Direct RDMA Disabled for GPU 46000 / HCA 1 (distance 6 > 4)
x3004c0s25b0n0:9583:14734 [3] NCCL INFO GPU Direct RDMA Disabled for GPU c7000 / HCA 1 (distance 7 > 4)
x3004c0s25b0n0:9583:14734 [3] NCCL INFO GPU Direct RDMA Disabled for GPU 46000 / HCA 0 (distance 7 > 4)
x3004c0s25b0n0:9583:14734 [3] NCCL INFO GPU Direct RDMA Disabled for GPU c7000 / HCA 0 (distance 6 > 4)
x3004c0s25b0n0:9583:14734 [3] NCCL INFO === System : maxBw 12.0 totalBw 88.0 ===
x3004c0s25b0n0:9583:14734 [3] NCCL INFO CPU/2 (1/2/-1)
x3004c0s25b0n0:9583:14734 [3] NCCL INFO + SYS[5000.0] - CPU/0
x3004c0s25b0n0:9583:14734 [3] NCCL INFO + PCI[24.0] - PCI/44000 (11f8406811f8beef)
x3004c0s25b0n0:9583:14734 [3] NCCL INFO               + PCI[24.0] - GPU/46000 (4)
x3004c0s25b0n0:9583:14734 [3] NCCL INFO                             + NVL[88.0] - GPU/C7000
x3004c0s25b0n0:9583:14734 [3] NCCL INFO + PCI[12.0] - NIC/43000
x3004c0s25b0n0:9583:14734 [3] NCCL INFO               + NET[12.5] - NET/1 (d84b02ffffa4e988/1/12.500000)
x3004c0s25b0n0:9583:14734 [3] NCCL INFO CPU/0 (1/2/-1)
x3004c0s25b0n0:9583:14734 [3] NCCL INFO + SYS[5000.0] - CPU/2
x3004c0s25b0n0:9583:14734 [3] NCCL INFO + PCI[24.0] - PCI/C5000 (11f8406811f8beef)
x3004c0s25b0n0:9583:14734 [3] NCCL INFO               + PCI[24.0] - GPU/C7000 (5)
x3004c0s25b0n0:9583:14734 [3] NCCL INFO                             + NVL[88.0] - GPU/46000
x3004c0s25b0n0:9583:14734 [3] NCCL INFO + PCI[12.0] - NIC/C8000
x3004c0s25b0n0:9583:14734 [3] NCCL INFO               + NET[12.5] - NET/0 (680704ffffa4e988/1/12.500000)
x3004c0s25b0n0:9583:14734 [3] NCCL INFO ==========================================
x3004c0s25b0n0:9583:14734 [3] NCCL INFO GPU/46000 :GPU/46000 (0/5000.000000/LOC) GPU/C7000 (1/88.000000/NVL) CPU/2 (2/24.000000/PHB) CPU/0 (3/24.000000/SYS) NET/1 (4/12.000000/PHB) NET/0 (5/12.000000/SYS) 
x3004c0s25b0n0:9583:14734 [3] NCCL INFO GPU/C7000 :GPU/46000 (1/88.000000/NVL) GPU/C7000 (0/5000.000000/LOC) CPU/2 (3/24.000000/SYS) CPU/0 (2/24.000000/PHB) NET/1 (5/12.000000/SYS) NET/0 (4/12.000000/PHB) 
x3004c0s25b0n0:9583:14734 [3] NCCL INFO NET/1 :GPU/46000 (4/12.000000/PHB) GPU/C7000 (5/12.000000/SYS) CPU/2 (2/12.000000/PHB) CPU/0 (3/12.000000/SYS) NET/1 (0/5000.000000/LOC) NET/0 (5/12.000000/SYS) 
x3004c0s25b0n0:9583:14734 [3] NCCL INFO NET/0 :GPU/46000 (5/12.000000/SYS) GPU/C7000 (4/12.000000/PHB) CPU/2 (3/12.000000/SYS) CPU/0 (2/12.000000/PHB) NET/1 (5/12.000000/SYS) NET/0 (0/5000.000000/LOC) 
x3004c0s25b0n0:9583:14734 [3] NCCL INFO Setting affinity for GPU 3 to 01
x3004c0s25b0n0:9583:14734 [3] NCCL INFO Pattern 4, crossNic 0, nChannels 2, bw 12.000000/12.000000, type NVL/SYS, sameChannels 1
x3004c0s25b0n0:9583:14734 [3] NCCL INFO  0 : NET/1 GPU/4 GPU/5 NET/1
x3004c0s25b0n0:9583:14734 [3] NCCL INFO  1 : NET/0 GPU/4 GPU/5 NET/0
x3004c0s25b0n0:9583:14734 [3] NCCL INFO Pattern 1, crossNic 0, nChannels 2, bw 24.000000/12.000000, type NVL/SYS, sameChannels 1
x3004c0s25b0n0:9583:14734 [3] NCCL INFO  0 : NET/1 GPU/4 GPU/5 NET/1
x3004c0s25b0n0:9583:14734 [3] NCCL INFO  1 : NET/0 GPU/4 GPU/5 NET/0
x3004c0s25b0n0:9583:14734 [3] NCCL INFO Pattern 3, crossNic 0, nChannels 0, bw 0.000000/0.000000, type NVL/PIX, sameChannels 1
x3004c0s25b0n0:9570:14735 [0] NCCL INFO Tree 0 : 9 -> 4 -> 5/6/-1
x3004c0s25b0n0:9570:14735 [0] NCCL INFO Tree 2 : 7 -> 4 -> 5/-1/-1
x3004c0s25b0n0:9570:14735 [0] NCCL INFO Tree 1 : 9 -> 4 -> 5/6/-1
x3004c0s25b0n0:9570:14735 [0] NCCL INFO Tree 3 : 7 -> 4 -> 5/-1/-1
x3004c0s25b0n0:9570:14735 [0] NCCL INFO Ring 00 : 3 -> 4 -> 5
x3004c0s25b0n0:9570:14735 [0] NCCL INFO Ring 01 : 3 -> 4 -> 5
x3004c0s25b0n0:9570:14735 [0] NCCL INFO Ring 02 : 3 -> 4 -> 5
x3004c0s25b0n0:9570:14735 [0] NCCL INFO Ring 03 : 3 -> 4 -> 5
x3004c0s25b0n0:9570:14735 [0] NCCL INFO Trees [0] 5/6/-1->4->9 [1] 5/6/-1->4->9 [2] 5/-1/-1->4->7 [3] 5/-1/-1->4->7
x3004c0s25b0n0:9570:14735 [0] NCCL INFO misc/utils.cc:235 memory stack hunk malloc(65536)
x3004c0s25b0n0:9570:14735 [0] NCCL INFO channel.cc:23 Cuda Alloc Size 4224 pointer 0x14b0c980f400
x3004c0s25b0n0:9570:14735 [0] NCCL INFO channel.cc:27 Cuda Alloc Size 40 pointer 0x14b0c9810600
x3004c0s25b0n0:9570:14735 [0] NCCL INFO channel.cc:23 Cuda Alloc Size 4224 pointer 0x14b0c9810800
x3004c0s25b0n0:9570:14735 [0] NCCL INFO channel.cc:27 Cuda Alloc Size 40 pointer 0x14b0c9811a00
x3004c0s25b0n0:9570:14735 [0] NCCL INFO channel.cc:23 Cuda Alloc Size 4224 pointer 0x14b0c9811c00
x3004c0s25b0n0:9570:14735 [0] NCCL INFO channel.cc:27 Cuda Alloc Size 40 pointer 0x14b0c9812e00
x3004c0s25b0n0:9570:14735 [0] NCCL INFO channel.cc:23 Cuda Alloc Size 4224 pointer 0x14b0c9813000
x3004c0s25b0n0:9570:14735 [0] NCCL INFO channel.cc:27 Cuda Alloc Size 40 pointer 0x14b0c9814200
x3004c0s25b0n0:9570:14735 [0] NCCL INFO GPU Direct RDMA Disabled for GPU 7000 / HCA 0 (distance 7 > 4)
x3004c0s25b0n0:9570:14792 [0] NCCL INFO Mem Realloc old size 0, new size 8 pointer 0x14b050000c60
x3004c0s25b0n0:9570:14792 [0] NCCL INFO Allocated 4194656 bytes of shared memory in /dev/shm/nccl-r1LTbR

x3004c0s25b0n0:9570:14792 [0] NCCL INFO New proxy recv connection 0 from local rank 0, transport 2
x3004c0s25b0n0:9570:14735 [0] NCCL INFO Connection to proxy localRank 0 -> connection 0x14b050000c80
x3004c0s25b0n0:9571:14733 [1] NCCL INFO Tree 0 : 9 -> 4 -> 5/6/-1
x3004c0s25b0n0:9571:14733 [1] NCCL INFO Tree 2 : 7 -> 4 -> 5/-1/-1
x3004c0s25b0n0:9571:14733 [1] NCCL INFO Tree 1 : 9 -> 4 -> 5/6/-1
x3004c0s25b0n0:9571:14733 [1] NCCL INFO Tree 3 : 7 -> 4 -> 5/-1/-1
x3004c0s25b0n0:9571:14733 [1] NCCL INFO Ring 00 : 3 -> 4 -> 5
x3004c0s25b0n0:9571:14733 [1] NCCL INFO Ring 01 : 3 -> 4 -> 5
x3004c0s25b0n0:9571:14733 [1] NCCL INFO Ring 02 : 3 -> 4 -> 5
x3004c0s25b0n0:9571:14733 [1] NCCL INFO Ring 03 : 3 -> 4 -> 5
x3004c0s25b0n0:9571:14733 [1] NCCL INFO Trees [0] 5/6/-1->4->9 [1] 5/6/-1->4->9 [2] 5/-1/-1->4->7 [3] 5/-1/-1->4->7
x3004c0s25b0n0:9571:14733 [1] NCCL INFO misc/utils.cc:235 memory stack hunk malloc(65536)
x3004c0s25b0n0:9571:14733 [1] NCCL INFO channel.cc:23 Cuda Alloc Size 4224 pointer 0x14e70f80f400
x3004c0s25b0n0:9571:14733 [1] NCCL INFO channel.cc:27 Cuda Alloc Size 40 pointer 0x14e70f810600
x3004c0s25b0n0:9571:14733 [1] NCCL INFO channel.cc:23 Cuda Alloc Size 4224 pointer 0x14e70f810800
x3004c0s25b0n0:9571:14733 [1] NCCL INFO channel.cc:27 Cuda Alloc Size 40 pointer 0x14e70f811a00
x3004c0s25b0n0:9571:14733 [1] NCCL INFO channel.cc:23 Cuda Alloc Size 4224 pointer 0x14e70f811c00
x3004c0s25b0n0:9571:14733 [1] NCCL INFO channel.cc:27 Cuda Alloc Size 40 pointer 0x14e70f812e00
x3004c0s25b0n0:9571:14733 [1] NCCL INFO channel.cc:23 Cuda Alloc Size 4224 pointer 0x14e70f813000
x3004c0s25b0n0:9571:14733 [1] NCCL INFO channel.cc:27 Cuda Alloc Size 40 pointer 0x14e70f814200
x3004c0s25b0n0:9571:14733 [1] NCCL INFO GPU Direct RDMA Disabled for GPU 46000 / HCA 1 (distance 6 > 4)
x3004c0s25b0n0:9575:14736 [2] NCCL INFO Tree 0 : 4 -> 5 -> 2/-1/-1
x3004c0s25b0n0:9575:14736 [2] NCCL INFO Tree 2 : 4 -> 5 -> -1/-1/-1
x3004c0s25b0n0:9575:14736 [2] NCCL INFO Tree 1 : 4 -> 5 -> 2/-1/-1
x3004c0s25b0n0:9575:14736 [2] NCCL INFO Tree 3 : 4 -> 5 -> -1/-1/-1
x3004c0s25b0n0:9575:14736 [2] NCCL INFO Ring 00 : 4 -> 5 -> 6
x3004c0s25b0n0:9575:14736 [2] NCCL INFO Ring 01 : 4 -> 5 -> 6
x3004c0s25b0n0:9575:14736 [2] NCCL INFO Ring 02 : 4 -> 5 -> 6
x3004c0s25b0n0:9575:14736 [2] NCCL INFO Ring 03 : 4 -> 5 -> 6
x3004c0s25b0n0:9575:14736 [2] NCCL INFO Trees [0] 2/-1/-1->5->4 [1] 2/-1/-1->5->4 [2] -1/-1/-1->5->4 [3] -1/-1/-1->5->4
x3004c0s25b0n0:9575:14736 [2] NCCL INFO misc/utils.cc:235 memory stack hunk malloc(65536)
x3004c0s25b0n0:9575:14736 [2] NCCL INFO channel.cc:23 Cuda Alloc Size 4224 pointer 0x15020780f400
x3004c0s25b0n0:9575:14736 [2] NCCL INFO channel.cc:27 Cuda Alloc Size 40 pointer 0x150207810600
x3004c0s25b0n0:9575:14736 [2] NCCL INFO channel.cc:23 Cuda Alloc Size 4224 pointer 0x150207810800
x3004c0s25b0n0:9575:14736 [2] NCCL INFO channel.cc:27 Cuda Alloc Size 40 pointer 0x150207811a00
x3004c0s25b0n0:9575:14736 [2] NCCL INFO channel.cc:23 Cuda Alloc Size 4224 pointer 0x150207811c00
x3004c0s25b0n0:9575:14736 [2] NCCL INFO channel.cc:27 Cuda Alloc Size 40 pointer 0x150207812e00
x3004c0s25b0n0:9575:14736 [2] NCCL INFO channel.cc:23 Cuda Alloc Size 4224 pointer 0x150207813000
x3004c0s25b0n0:9575:14736 [2] NCCL INFO channel.cc:27 Cuda Alloc Size 40 pointer 0x150207814200
x3004c0s25b0n0:9583:14734 [3] NCCL INFO Tree 0 : 4 -> 5 -> 2/-1/-1
x3004c0s25b0n0:9583:14734 [3] NCCL INFO Tree 2 : 4 -> 5 -> -1/-1/-1
x3004c0s25b0n0:9583:14734 [3] NCCL INFO Tree 1 : 4 -> 5 -> 2/-1/-1
x3004c0s25b0n0:9583:14734 [3] NCCL INFO Tree 3 : 4 -> 5 -> -1/-1/-1
x3004c0s25b0n0:9583:14734 [3] NCCL INFO Ring 00 : 4 -> 5 -> 6
x3004c0s25b0n0:9583:14734 [3] NCCL INFO Ring 01 : 4 -> 5 -> 6
x3004c0s25b0n0:9583:14734 [3] NCCL INFO Ring 02 : 4 -> 5 -> 6
x3004c0s25b0n0:9583:14734 [3] NCCL INFO Ring 03 : 4 -> 5 -> 6
x3004c0s25b0n0:9583:14734 [3] NCCL INFO Trees [0] 2/-1/-1->5->4 [1] 2/-1/-1->5->4 [2] -1/-1/-1->5->4 [3] -1/-1/-1->5->4
x3004c0s25b0n0:9583:14734 [3] NCCL INFO misc/utils.cc:235 memory stack hunk malloc(65536)
x3004c0s25b0n0:9583:14734 [3] NCCL INFO channel.cc:23 Cuda Alloc Size 4224 pointer 0x14f91d80f400
x3004c0s25b0n0:9583:14734 [3] NCCL INFO channel.cc:27 Cuda Alloc Size 40 pointer 0x14f91d810600
x3004c0s25b0n0:9583:14734 [3] NCCL INFO channel.cc:23 Cuda Alloc Size 4224 pointer 0x14f91d810800
x3004c0s25b0n0:9583:14734 [3] NCCL INFO channel.cc:27 Cuda Alloc Size 40 pointer 0x14f91d811a00
x3004c0s25b0n0:9583:14734 [3] NCCL INFO channel.cc:23 Cuda Alloc Size 4224 pointer 0x14f91d811c00
x3004c0s25b0n0:9583:14734 [3] NCCL INFO channel.cc:27 Cuda Alloc Size 40 pointer 0x14f91d812e00
x3004c0s25b0n0:9583:14734 [3] NCCL INFO channel.cc:23 Cuda Alloc Size 4224 pointer 0x14f91d813000
x3004c0s25b0n0:9583:14734 [3] NCCL INFO channel.cc:27 Cuda Alloc Size 40 pointer 0x14f91d814200
x3004c0s25b0n0:9570:14735 [0] NCCL INFO Channel 00/0 : 3[85000] -> 4[7000] [receive] via NET/IB/0
x3004c0s25b0n0:9570:14735 [0] NCCL INFO GPU Direct RDMA Disabled for GPU 7000 / HCA 1 (distance 7 > 4)
x3004c0s25b0n0:9575:14793 [2] NCCL INFO Mem Realloc old size 0, new size 8 pointer 0x15018c000c60
x3004c0s25b0n0:9575:14793 [2] NCCL INFO New proxy recv connection 0 from local rank 1, transport 0
x3004c0s25b0n0:9583:14811 [3] NCCL INFO Mem Realloc old size 0, new size 8 pointer 0x14f8b0000c60
x3004c0s25b0n0:9583:14811 [3] NCCL INFO New proxy recv connection 0 from local rank 1, transport 0
x3004c0s25b0n0:9571:14806 [1] NCCL INFO Mem Realloc old size 0, new size 8 pointer 0x14e698000c60
x3004c0s25b0n0:9571:14806 [1] NCCL INFO Allocated 4194656 bytes of shared memory in /dev/shm/nccl-1Bn32S

x3004c0s25b0n0:9571:14806 [1] NCCL INFO New proxy recv connection 0 from local rank 0, transport 2
x3004c0s25b0n0:9570:14792 [0] NCCL INFO New proxy recv connection 1 from local rank 0, transport 2
x3004c0s25b0n0:9571:14733 [1] NCCL INFO Connection to proxy localRank 0 -> connection 0x14e698000c80
x3004c0s25b0n0:9570:14735 [0] NCCL INFO Connection to proxy localRank 0 -> connection 0x14b050000cc0
x3004c0s25b0n0:9575:14736 [2] NCCL INFO Connection to proxy localRank 1 -> connection 0x15018c000c80
x3004c0s25b0n0:9583:14734 [3] NCCL INFO Connection to proxy localRank 1 -> connection 0x14f8b0000c80
x3004c0s25b0n0:9570:14735 [0] NCCL INFO Channel 01/0 : 3[85000] -> 4[7000] [receive] via NET/IB/1
x3004c0s25b0n0:9570:14735 [0] NCCL INFO GPU Direct RDMA Disabled for GPU 7000 / HCA 0 (distance 7 > 4)
x3004c0s25b0n0:9570:14792 [0] NCCL INFO New proxy recv connection 2 from local rank 0, transport 2
x3004c0s25b0n0:9575:14793 [2] NCCL INFO transport/p2p.cc:449 Cuda Alloc Size 6291456 pointer 0x150192000000
x3004c0s25b0n0:9583:14811 [3] NCCL INFO transport/p2p.cc:449 Cuda Alloc Size 6291456 pointer 0x14f8b5200000
x3004c0s25b0n0:9571:14733 [1] NCCL INFO Channel 00/0 : 3[c7000] -> 4[46000] [receive] via NET/IB/1
x3004c0s25b0n0:9571:14733 [1] NCCL INFO GPU Direct RDMA Disabled for GPU 46000 / HCA 0 (distance 7 > 4)
x3004c0s25b0n0:9571:14806 [1] NCCL INFO New proxy recv connection 1 from local rank 0, transport 2
x3004c0s25b0n0:9583:14811 [3] NCCL INFO New proxy recv connection 1 from local rank 1, transport 0
x3004c0s25b0n0:9570:14735 [0] NCCL INFO Connection to proxy localRank 0 -> connection 0x14b050000d00
x3004c0s25b0n0:9575:14793 [2] NCCL INFO New proxy recv connection 1 from local rank 1, transport 0
x3004c0s25b0n0:9583:14734 [3] NCCL INFO Connection to proxy localRank 1 -> connection 0x14f8b0000cc0
x3004c0s25b0n0:9583:14811 [3] NCCL INFO transport/p2p.cc:449 Cuda Alloc Size 6291456 pointer 0x14f8b5800000
x3004c0s25b0n0:9571:14733 [1] NCCL INFO Connection to proxy localRank 0 -> connection 0x14e698000cc0
x3004c0s25b0n0:9570:14735 [0] NCCL INFO Channel 02/0 : 3[85000] -> 4[7000] [receive] via NET/IB/0
x3004c0s25b0n0:9570:14735 [0] NCCL INFO GPU Direct RDMA Disabled for GPU 7000 / HCA 1 (distance 7 > 4)
x3004c0s25b0n0:9570:14792 [0] NCCL INFO New proxy recv connection 3 from local rank 0, transport 2
x3004c0s25b0n0:9570:14735 [0] NCCL INFO Connection to proxy localRank 0 -> connection 0x14b050000d40
x3004c0s25b0n0:9575:14736 [2] NCCL INFO Connection to proxy localRank 1 -> connection 0x15018c000cc0
x3004c0s25b0n0:9575:14793 [2] NCCL INFO transport/p2p.cc:449 Cuda Alloc Size 6291456 pointer 0x150192600000
x3004c0s25b0n0:9583:14811 [3] NCCL INFO New proxy recv connection 2 from local rank 1, transport 0
x3004c0s25b0n0:9571:14733 [1] NCCL INFO Channel 01/0 : 3[c7000] -> 4[46000] [receive] via NET/IB/0
x3004c0s25b0n0:9571:14733 [1] NCCL INFO GPU Direct RDMA Disabled for GPU 46000 / HCA 1 (distance 6 > 4)
x3004c0s25b0n0:9571:14806 [1] NCCL INFO New proxy recv connection 2 from local rank 0, transport 2
x3004c0s25b0n0:9583:14734 [3] NCCL INFO Connection to proxy localRank 1 -> connection 0x14f8b0000d00
x3004c0s25b0n0:9583:14811 [3] NCCL INFO transport/p2p.cc:449 Cuda Alloc Size 6291456 pointer 0x14f8aa000000
x3004c0s25b0n0:9575:14793 [2] NCCL INFO New proxy recv connection 2 from local rank 1, transport 0
x3004c0s25b0n0:9571:14733 [1] NCCL INFO Connection to proxy localRank 0 -> connection 0x14e698000d00
x3004c0s25b0n0:9583:14811 [3] NCCL INFO New proxy recv connection 3 from local rank 1, transport 0
x3004c0s25b0n0:9570:14735 [0] NCCL INFO Channel 03/0 : 3[85000] -> 4[7000] [receive] via NET/IB/1
x3004c0s25b0n0:9570:14735 [0] NCCL INFO Channel 00/0 : 4[7000] -> 5[85000] via P2P/IPC/read
x3004c0s25b0n0:9570:14792 [0] NCCL INFO New proxy send connection 4 from local rank 0, transport 0
x3004c0s25b0n0:9571:14733 [1] NCCL INFO Channel 02/0 : 3[c7000] -> 4[46000] [receive] via NET/IB/1
x3004c0s25b0n0:9571:14733 [1] NCCL INFO GPU Direct RDMA Disabled for GPU 46000 / HCA 0 (distance 7 > 4)
x3004c0s25b0n0:9571:14806 [1] NCCL INFO New proxy recv connection 3 from local rank 0, transport 2
x3004c0s25b0n0:9575:14736 [2] NCCL INFO Connection to proxy localRank 1 -> connection 0x15018c000d00
x3004c0s25b0n0:9575:14793 [2] NCCL INFO transport/p2p.cc:449 Cuda Alloc Size 6291456 pointer 0x150192c00000
x3004c0s25b0n0:9583:14734 [3] NCCL INFO Connection to proxy localRank 1 -> connection 0x14f8b0000d40
x3004c0s25b0n0:9583:14811 [3] NCCL INFO transport/p2p.cc:449 Cuda Alloc Size 6291456 pointer 0x14f8aa600000
x3004c0s25b0n0:9570:14735 [0] NCCL INFO Connection to proxy localRank 0 -> connection 0x14b050000d80
x3004c0s25b0n0:9570:14792 [0] NCCL INFO transport/p2p.cc:430 Cuda Alloc Size 6291456 pointer 0x14b04e000000
x3004c0s25b0n0:9583:14734 [3] NCCL INFO GPU Direct RDMA Disabled for GPU c7000 / HCA 1 (distance 7 > 4)
x3004c0s25b0n0:9583:14811 [3] NCCL INFO Allocated 4194656 bytes of shared memory in /dev/shm/nccl-VGeSkR

x3004c0s25b0n0:9583:14811 [3] NCCL INFO New proxy send connection 4 from local rank 1, transport 2
x3004c0s25b0n0:9571:14733 [1] NCCL INFO Connection to proxy localRank 0 -> connection 0x14e698000d40
x3004c0s25b0n0:9575:14793 [2] NCCL INFO New proxy recv connection 3 from local rank 1, transport 0
x3004c0s25b0n0:9575:14736 [2] NCCL INFO Connection to proxy localRank 1 -> connection 0x15018c000d40
x3004c0s25b0n0:9575:14793 [2] NCCL INFO transport/p2p.cc:449 Cuda Alloc Size 6291456 pointer 0x150193200000
x3004c0s25b0n0:9570:14735 [0] NCCL INFO Channel 01/0 : 4[7000] -> 5[85000] via P2P/IPC/read
x3004c0s25b0n0:9570:14792 [0] NCCL INFO New proxy send connection 5 from local rank 0, transport 0
x3004c0s25b0n0:9583:14734 [3] NCCL INFO Connection to proxy localRank 1 -> connection 0x14f8b0000d80
x3004c0s25b0n0:9583:14734 [3] NCCL INFO Channel 00/0 : 5[c7000] -> 6[46000] [send] via NET/IB/1
x3004c0s25b0n0:9583:14734 [3] NCCL INFO GPU Direct RDMA Disabled for GPU c7000 / HCA 0 (distance 6 > 4)
x3004c0s25b0n0:9583:14811 [3] NCCL INFO New proxy send connection 5 from local rank 1, transport 2
x3004c0s25b0n0:9571:14733 [1] NCCL INFO Channel 03/0 : 3[c7000] -> 4[46000] [receive] via NET/IB/0
x3004c0s25b0n0:9571:14733 [1] NCCL INFO Channel 00/0 : 4[46000] -> 5[c7000] via P2P/IPC/read
x3004c0s25b0n0:9571:14806 [1] NCCL INFO New proxy send connection 4 from local rank 0, transport 0
x3004c0s25b0n0:9571:14733 [1] NCCL INFO Connection to proxy localRank 0 -> connection 0x14e698000d80
x3004c0s25b0n0:9571:14806 [1] NCCL INFO transport/p2p.cc:430 Cuda Alloc Size 6291456 pointer 0x14e69d200000
x3004c0s25b0n0:9575:14736 [2] NCCL INFO GPU Direct RDMA Disabled for GPU 85000 / HCA 0 (distance 7 > 4)
x3004c0s25b0n0:9575:14793 [2] NCCL INFO Allocated 4194656 bytes of shared memory in /dev/shm/nccl-880MYd

x3004c0s25b0n0:9575:14793 [2] NCCL INFO New proxy send connection 4 from local rank 1, transport 2
x3004c0s25b0n0:9570:14735 [0] NCCL INFO Connection to proxy localRank 0 -> connection 0x14b050000dc0
x3004c0s25b0n0:9570:14792 [0] NCCL INFO transport/p2p.cc:430 Cuda Alloc Size 6291456 pointer 0x14b04e600000
x3004c0s25b0n0:9583:14734 [3] NCCL INFO Connection to proxy localRank 1 -> connection 0x14f8b0000dc0
x3004c0s25b0n0:9583:14734 [3] NCCL INFO Channel 01/0 : 5[c7000] -> 6[46000] [send] via NET/IB/0
x3004c0s25b0n0:9583:14734 [3] NCCL INFO GPU Direct RDMA Disabled for GPU c7000 / HCA 1 (distance 7 > 4)
x3004c0s25b0n0:9583:14811 [3] NCCL INFO New proxy send connection 6 from local rank 1, transport 2
x3004c0s25b0n0:9571:14733 [1] NCCL INFO Channel 01/0 : 4[46000] -> 5[c7000] via P2P/IPC/read
x3004c0s25b0n0:9571:14806 [1] NCCL INFO New proxy send connection 5 from local rank 0, transport 0
x3004c0s25b0n0:9575:14736 [2] NCCL INFO Connection to proxy localRank 1 -> connection 0x15018c000d80
x3004c0s25b0n0:9575:14736 [2] NCCL INFO Channel 00/0 : 5[85000] -> 6[7000] [send] via NET/IB/0
x3004c0s25b0n0:9575:14736 [2] NCCL INFO GPU Direct RDMA Disabled for GPU 85000 / HCA 1 (distance 7 > 4)
x3004c0s25b0n0:9575:14793 [2] NCCL INFO New proxy send connection 5 from local rank 1, transport 2
x3004c0s25b0n0:9570:14735 [0] NCCL INFO Channel 02/0 : 4[7000] -> 5[85000] via P2P/IPC/read
x3004c0s25b0n0:9570:14792 [0] NCCL INFO New proxy send connection 6 from local rank 0, transport 0
x3004c0s25b0n0:9583:14734 [3] NCCL INFO Connection to proxy localRank 1 -> connection 0x14f8b0000e00
x3004c0s25b0n0:9583:14734 [3] NCCL INFO Channel 02/0 : 5[c7000] -> 6[46000] [send] via NET/IB/1
x3004c0s25b0n0:9583:14734 [3] NCCL INFO GPU Direct RDMA Disabled for GPU c7000 / HCA 0 (distance 6 > 4)
x3004c0s25b0n0:9583:14811 [3] NCCL INFO New proxy send connection 7 from local rank 1, transport 2
x3004c0s25b0n0:9571:14733 [1] NCCL INFO Connection to proxy localRank 0 -> connection 0x14e698000dc0
x3004c0s25b0n0:9571:14806 [1] NCCL INFO transport/p2p.cc:430 Cuda Alloc Size 6291456 pointer 0x14e69d800000
x3004c0s25b0n0:9575:14736 [2] NCCL INFO Connection to proxy localRank 1 -> connection 0x15018c000dc0
x3004c0s25b0n0:9575:14736 [2] NCCL INFO Channel 01/0 : 5[85000] -> 6[7000] [send] via NET/IB/1
x3004c0s25b0n0:9575:14736 [2] NCCL INFO GPU Direct RDMA Disabled for GPU 85000 / HCA 0 (distance 7 > 4)
x3004c0s25b0n0:9575:14793 [2] NCCL INFO New proxy send connection 6 from local rank 1, transport 2
x3004c0s25b0n0:9570:14735 [0] NCCL INFO Connection to proxy localRank 0 -> connection 0x14b050000e00
x3004c0s25b0n0:9570:14792 [0] NCCL INFO transport/p2p.cc:430 Cuda Alloc Size 6291456 pointer 0x14b04ec00000
x3004c0s25b0n0:9575:14736 [2] NCCL INFO Connection to proxy localRank 1 -> connection 0x15018c000e00
x3004c0s25b0n0:9575:14736 [2] NCCL INFO Channel 02/0 : 5[85000] -> 6[7000] [send] via NET/IB/0
x3004c0s25b0n0:9575:14736 [2] NCCL INFO GPU Direct RDMA Disabled for GPU 85000 / HCA 1 (distance 7 > 4)
x3004c0s25b0n0:9575:14793 [2] NCCL INFO New proxy send connection 7 from local rank 1, transport 2
x3004c0s25b0n0:9583:14734 [3] NCCL INFO Connection to proxy localRank 1 -> connection 0x14f8b0000e40
x3004c0s25b0n0:9583:14734 [3] NCCL INFO Channel 03/0 : 5[c7000] -> 6[46000] [send] via NET/IB/0
x3004c0s25b0n0:9571:14733 [1] NCCL INFO Channel 02/0 : 4[46000] -> 5[c7000] via P2P/IPC/read
x3004c0s25b0n0:9571:14806 [1] NCCL INFO New proxy send connection 6 from local rank 0, transport 0
x3004c0s25b0n0:9575:14736 [2] NCCL INFO Connection to proxy localRank 1 -> connection 0x15018c000e40
x3004c0s25b0n0:9575:14736 [2] NCCL INFO Channel 03/0 : 5[85000] -> 6[7000] [send] via NET/IB/1
x3004c0s25b0n0:9570:14735 [0] NCCL INFO Channel 03/0 : 4[7000] -> 5[85000] via P2P/IPC/read
x3004c0s25b0n0:9570:14792 [0] NCCL INFO New proxy send connection 7 from local rank 0, transport 0
x3004c0s25b0n0:9571:14733 [1] NCCL INFO Connection to proxy localRank 0 -> connection 0x14e698000e00
x3004c0s25b0n0:9571:14806 [1] NCCL INFO transport/p2p.cc:430 Cuda Alloc Size 6291456 pointer 0x14e6a7800000
x3004c0s25b0n0:9570:14735 [0] NCCL INFO Connection to proxy localRank 0 -> connection 0x14b050000e40
x3004c0s25b0n0:9570:14792 [0] NCCL INFO transport/p2p.cc:430 Cuda Alloc Size 6291456 pointer 0x14b04f200000
x3004c0s25b0n0:9571:14733 [1] NCCL INFO Channel 03/0 : 4[46000] -> 5[c7000] via P2P/IPC/read
x3004c0s25b0n0:9571:14806 [1] NCCL INFO New proxy send connection 7 from local rank 0, transport 0
x3004c0s25b0n0:9575:14793 [2] NCCL INFO transport/net_ib.cc:596 Ib Alloc Size 26560 pointer 0x15018c020000
x3004c0s25b0n0:9575:14793 [2] NCCL INFO NET/IB: Dev 0 Port 1 qpn 12815 mtu 5 GID 0 (80FE/FC0100FEFF000000)
x3004c0s25b0n0:9575:14793 [2] NCCL INFO transport/net_ib.cc:653 Ib Alloc Size 552 pointer 0x15018c042000
x3004c0s25b0n0:9575:14793 [2] NCCL INFO transport/net.cc:571 Cuda Host Alloc Size 9641984 pointer 0x150186000000
x3004c0s25b0n0:9575:14793 [2] NCCL INFO Mem Realloc old size 0, new size 768 pointer 0x15018c02f3c0
x3004c0s25b0n0:9571:14733 [1] NCCL INFO Connection to proxy localRank 0 -> connection 0x14e698000e40
x3004c0s25b0n0:9571:14806 [1] NCCL INFO transport/p2p.cc:430 Cuda Alloc Size 6291456 pointer 0x14e692000000
x3004c0s25b0n0:9575:14793 [2] NCCL INFO transport/net_ib.cc:596 Ib Alloc Size 26560 pointer 0x15018c044000
x3004c0s25b0n0:9583:14811 [3] NCCL INFO transport/net_ib.cc:596 Ib Alloc Size 26560 pointer 0x14f8b0020000
x3004c0s25b0n0:9571:14806 [1] NCCL INFO transport/net_ib.cc:683 Ib Alloc Size 21688 pointer 0x14e698020000
x3004c0s25b0n0:9571:14806 [1] NCCL INFO transport/net_ib.cc:696 Ib Alloc Size 552 pointer 0x14e698027000
x3004c0s25b0n0:9583:14811 [3] NCCL INFO NET/IB: Dev 1 Port 1 qpn 12801 mtu 5 GID 0 (80FE/9F0100FEFF000000)
x3004c0s25b0n0:9583:14811 [3] NCCL INFO transport/net_ib.cc:653 Ib Alloc Size 552 pointer 0x14f8b0038000
x3004c0s25b0n0:9583:14811 [3] NCCL INFO transport/net.cc:571 Cuda Host Alloc Size 9641984 pointer 0x14f8aac00000
x3004c0s25b0n0:9570:14792 [0] NCCL INFO transport/net_ib.cc:683 Ib Alloc Size 21688 pointer 0x14b050020000
x3004c0s25b0n0:9570:14792 [0] NCCL INFO transport/net_ib.cc:696 Ib Alloc Size 552 pointer 0x14b050027000
x3004c0s25b0n0:9575:14793 [2] NCCL INFO NET/IB: Dev 1 Port 1 qpn 12802 mtu 5 GID 0 (80FE/9F0100FEFF000000)
x3004c0s25b0n0:9575:14793 [2] NCCL INFO transport/net_ib.cc:653 Ib Alloc Size 552 pointer 0x15018c065000
x3004c0s25b0n0:9575:14793 [2] NCCL INFO transport/net.cc:571 Cuda Host Alloc Size 9641984 pointer 0x150186a00000
x3004c0s25b0n0:9575:14793 [2] NCCL INFO Mem Realloc old size 0, new size 768 pointer 0x15018c0527a0
x3004c0s25b0n0:9583:14811 [3] NCCL INFO transport/net_ib.cc:596 Ib Alloc Size 26560 pointer 0x14f8b003a000
x3004c0s25b0n0:9571:14806 [1] NCCL INFO transport/net_ib.cc:771 Ib Alloc Size 552 pointer 0x14e698044000
x3004c0s25b0n0:9571:14806 [1] NCCL INFO transport/net.cc:698 Cuda Host Alloc Size 9641984 pointer 0x14e68a000000
x3004c0s25b0n0:9570:14792 [0] NCCL INFO transport/net_ib.cc:771 Ib Alloc Size 552 pointer 0x14b050044000
x3004c0s25b0n0:9570:14792 [0] NCCL INFO transport/net.cc:698 Cuda Host Alloc Size 9641984 pointer 0x14b04d200000
x3004c0s25b0n0:9571:14806 [1] NCCL INFO transport/net_ib.cc:683 Ib Alloc Size 21688 pointer 0x14e698046000
x3004c0s25b0n0:9571:14806 [1] NCCL INFO transport/net_ib.cc:696 Ib Alloc Size 552 pointer 0x14e69804d000
x3004c0s25b0n0:9583:14811 [3] NCCL INFO NET/IB: Dev 0 Port 1 qpn 12818 mtu 5 GID 0 (80FE/FC0100FEFF000000)
x3004c0s25b0n0:9583:14811 [3] NCCL INFO transport/net_ib.cc:653 Ib Alloc Size 552 pointer 0x14f8b0051000
x3004c0s25b0n0:9583:14811 [3] NCCL INFO transport/net.cc:571 Cuda Host Alloc Size 9641984 pointer 0x14f8ab600000
x3004c0s25b0n0:9571:14806 [1] NCCL INFO transport/net_ib.cc:771 Ib Alloc Size 552 pointer 0x14e698068000
x3004c0s25b0n0:9571:14806 [1] NCCL INFO transport/net.cc:698 Cuda Host Alloc Size 9641984 pointer 0x14e68aa00000
x3004c0s25b0n0:9575:14793 [2] NCCL INFO transport/net_ib.cc:596 Ib Alloc Size 26560 pointer 0x15018c067000
x3004c0s25b0n0:9571:14806 [1] NCCL INFO transport/net_ib.cc:683 Ib Alloc Size 21688 pointer 0x14e69806a000
x3004c0s25b0n0:9571:14806 [1] NCCL INFO transport/net_ib.cc:696 Ib Alloc Size 552 pointer 0x14e698071000
x3004c0s25b0n0:9571:14806 [1] NCCL INFO transport/net_ib.cc:771 Ib Alloc Size 552 pointer 0x14e69808c000
x3004c0s25b0n0:9571:14806 [1] NCCL INFO transport/net.cc:698 Cuda Host Alloc Size 9641984 pointer 0x14e68b400000
x3004c0s25b0n0:9583:14811 [3] NCCL INFO transport/net_ib.cc:596 Ib Alloc Size 26560 pointer 0x14f8b0053000
x3004c0s25b0n0:9575:14793 [2] NCCL INFO NET/IB: Dev 0 Port 1 qpn 12821 mtu 5 GID 0 (80FE/FC0100FEFF000000)
x3004c0s25b0n0:9575:14793 [2] NCCL INFO transport/net_ib.cc:653 Ib Alloc Size 552 pointer 0x15018c07e000
x3004c0s25b0n0:9575:14793 [2] NCCL INFO transport/net.cc:571 Cuda Host Alloc Size 9641984 pointer 0x150187400000
x3004c0s25b0n0:9583:14811 [3] NCCL INFO NET/IB: Dev 1 Port 1 qpn 12807 mtu 5 GID 0 (80FE/9F0100FEFF000000)
x3004c0s25b0n0:9583:14811 [3] NCCL INFO transport/net_ib.cc:653 Ib Alloc Size 552 pointer 0x14f8b006a000
x3004c0s25b0n0:9583:14811 [3] NCCL INFO transport/net.cc:571 Cuda Host Alloc Size 9641984 pointer 0x14f8a2000000
x3004c0s25b0n0:9570:14792 [0] NCCL INFO transport/net_ib.cc:683 Ib Alloc Size 21688 pointer 0x14b050046000
x3004c0s25b0n0:9570:14792 [0] NCCL INFO transport/net_ib.cc:696 Ib Alloc Size 552 pointer 0x14b05004d000
