x3103c0s31b0n0:58588:61653 [0] NCCL INFO + SYS[5000.0] - CPU/0
x3103c0s31b0n0:58588:61653 [0] NCCL INFO + PCI[24.0] - PCI/44000 (11f8406811f8beef)
x3103c0s31b0n0:58588:61653 [0] NCCL INFO               + PCI[24.0] - GPU/46000 (9)
x3103c0s31b0n0:58588:61653 [0] NCCL INFO                             + NVL[88.0] - GPU/85000
x3103c0s31b0n0:58588:61653 [0] NCCL INFO                             + NVL[88.0] - GPU/C7000
x3103c0s31b0n0:58588:61653 [0] NCCL INFO                             + NVL[88.0] - GPU/7000
x3103c0s31b0n0:58588:61653 [0] NCCL INFO + PCI[12.0] - NIC/43000
x3103c0s31b0n0:58588:61653 [0] NCCL INFO               + NET[12.5] - NET/1 (38870cffffa4e988/1/12.500000)
x3103c0s31b0n0:58588:61653 [0] NCCL INFO CPU/1 (1/2/-1)
x3103c0s31b0n0:58588:61653 [0] NCCL INFO + SYS[5000.0] - CPU/3
x3103c0s31b0n0:58588:61653 [0] NCCL INFO + SYS[5000.0] - CPU/2
x3103c0s31b0n0:58588:61653 [0] NCCL INFO + SYS[5000.0] - CPU/0
x3103c0s31b0n0:58588:61653 [0] NCCL INFO + PCI[24.0] - PCI/83000 (11f8406811f8beef)
x3103c0s31b0n0:58588:61653 [0] NCCL INFO               + PCI[24.0] - GPU/85000 (10)
x3103c0s31b0n0:58588:61653 [0] NCCL INFO                             + NVL[88.0] - GPU/C7000
x3103c0s31b0n0:58588:61653 [0] NCCL INFO                             + NVL[88.0] - GPU/46000
x3103c0s31b0n0:58588:61653 [0] NCCL INFO                             + NVL[88.0] - GPU/7000
x3103c0s31b0n0:58588:61653 [0] NCCL INFO CPU/0 (1/2/-1)
x3103c0s31b0n0:58588:61653 [0] NCCL INFO + SYS[5000.0] - CPU/3
x3103c0s31b0n0:58588:61653 [0] NCCL INFO + SYS[5000.0] - CPU/2
x3103c0s31b0n0:58588:61653 [0] NCCL INFO + SYS[5000.0] - CPU/1
x3103c0s31b0n0:58588:61653 [0] NCCL INFO + PCI[24.0] - PCI/C5000 (11f8406811f8beef)
x3103c0s31b0n0:58588:61653 [0] NCCL INFO               + PCI[24.0] - GPU/C7000 (11)
x3103c0s31b0n0:58588:61653 [0] NCCL INFO                             + NVL[88.0] - GPU/85000
x3103c0s31b0n0:58588:61653 [0] NCCL INFO                             + NVL[88.0] - GPU/46000
x3103c0s31b0n0:58588:61653 [0] NCCL INFO                             + NVL[88.0] - GPU/7000
x3103c0s31b0n0:58588:61653 [0] NCCL INFO + PCI[12.0] - NIC/C8000
x3103c0s31b0n0:58588:61653 [0] NCCL INFO               + NET[12.5] - NET/0 (ac770cffffa4e988/1/12.500000)
x3103c0s31b0n0:58588:61653 [0] NCCL INFO ==========================================
x3103c0s31b0n0:58588:61653 [0] NCCL INFO GPU/7000 :GPU/7000 (0/5000.000000/LOC) GPU/46000 (1/88.000000/NVL) GPU/85000 (1/88.000000/NVL) GPU/C7000 (1/88.000000/NVL) CPU/3 (2/24.000000/PHB) CPU/2 (3/24.000000/SYS) CPU/1 (3/24.000000/SYS) CPU/0 (3/24.000000/SYS) NET/1 (5/12.000000/SYS) NET/0 (5/12.000000/SYS) 
x3103c0s31b0n0:58588:61653 [0] NCCL INFO GPU/46000 :GPU/7000 (1/88.000000/NVL) GPU/46000 (0/5000.000000/LOC) GPU/85000 (1/88.000000/NVL) GPU/C7000 (1/88.000000/NVL) CPU/3 (3/24.000000/SYS) CPU/2 (2/24.000000/PHB) CPU/1 (3/24.000000/SYS) CPU/0 (3/24.000000/SYS) NET/1 (4/12.000000/PHB) NET/0 (5/12.000000/SYS) 
x3103c0s31b0n0:58588:61653 [0] NCCL INFO GPU/85000 :GPU/7000 (1/88.000000/NVL) GPU/46000 (1/88.000000/NVL) GPU/85000 (0/5000.000000/LOC) GPU/C7000 (1/88.000000/NVL) CPU/3 (3/24.000000/SYS) CPU/2 (3/24.000000/SYS) CPU/1 (2/24.000000/PHB) CPU/0 (3/24.000000/SYS) NET/1 (5/12.000000/SYS) NET/0 (5/12.000000/SYS) 
x3103c0s31b0n0:58588:61653 [0] NCCL INFO GPU/C7000 :GPU/7000 (1/88.000000/NVL) GPU/46000 (1/88.000000/NVL) GPU/85000 (1/88.000000/NVL) GPU/C7000 (0/5000.000000/LOC) CPU/3 (3/24.000000/SYS) CPU/2 (3/24.000000/SYS) CPU/1 (3/24.000000/SYS) CPU/0 (2/24.000000/PHB) NET/1 (5/12.000000/SYS) NET/0 (4/12.000000/PHB) 
x3103c0s31b0n0:58588:61653 [0] NCCL INFO NET/1 :GPU/7000 (5/12.000000/SYS) GPU/46000 (4/12.000000/PHB) GPU/85000 (5/12.000000/SYS) GPU/C7000 (5/12.000000/SYS) CPU/3 (3/12.000000/SYS) CPU/2 (2/12.000000/PHB) CPU/1 (3/12.000000/SYS) CPU/0 (3/12.000000/SYS) NET/1 (0/5000.000000/LOC) NET/0 (5/12.000000/SYS) 
x3103c0s31b0n0:58588:61653 [0] NCCL INFO NET/0 :GPU/7000 (5/12.000000/SYS) GPU/46000 (5/12.000000/SYS) GPU/85000 (5/12.000000/SYS) GPU/C7000 (4/12.000000/PHB) CPU/3 (3/12.000000/SYS) CPU/2 (3/12.000000/SYS) CPU/1 (3/12.000000/SYS) CPU/0 (2/12.000000/PHB) NET/1 (5/12.000000/SYS) NET/0 (0/5000.000000/LOC) 
x3103c0s31b0n0:58588:61653 [0] NCCL INFO Pattern 4, crossNic 0, nChannels 2, bw 12.000000/12.000000, type NVL/SYS, sameChannels 1
x3103c0s31b0n0:58588:61653 [0] NCCL INFO  0 : NET/1 GPU/9 GPU/8 GPU/10 GPU/11 NET/1
x3103c0s31b0n0:58588:61653 [0] NCCL INFO  1 : NET/0 GPU/9 GPU/8 GPU/10 GPU/11 NET/0
x3103c0s31b0n0:58588:61653 [0] NCCL INFO Pattern 1, crossNic 0, nChannels 2, bw 24.000000/12.000000, type NVL/SYS, sameChannels 1
x3103c0s31b0n0:58588:61653 [0] NCCL INFO  0 : NET/1 GPU/8 GPU/9 GPU/10 GPU/11 NET/1
x3103c0s31b0n0:58588:61653 [0] NCCL INFO  1 : NET/0 GPU/8 GPU/9 GPU/10 GPU/11 NET/0
x3103c0s31b0n0:58588:61653 [0] NCCL INFO Pattern 3, crossNic 0, nChannels 0, bw 0.000000/0.000000, type NVL/PIX, sameChannels 1
x3103c0s31b0n0:58589:61652 [1] NCCL INFO NET/IB : GPU Direct RDMA Enabled for HCA 0 'mlx5_0'
x3103c0s31b0n0:58589:61652 [1] NCCL INFO NET/IB : GPU Direct RDMA Enabled for HCA 1 'mlx5_1'
x3103c0s31b0n0:58589:61652 [1] NCCL INFO GPU Direct RDMA Disabled for GPU 7000 / HCA 1 (distance 7 > 4)
x3103c0s31b0n0:58589:61652 [1] NCCL INFO GPU Direct RDMA Disabled for GPU 46000 / HCA 1 (distance 6 > 4)
x3103c0s31b0n0:58589:61652 [1] NCCL INFO GPU Direct RDMA Disabled for GPU 85000 / HCA 1 (distance 7 > 4)
x3103c0s31b0n0:58589:61652 [1] NCCL INFO GPU Direct RDMA Disabled for GPU c7000 / HCA 1 (distance 7 > 4)
x3103c0s31b0n0:58589:61652 [1] NCCL INFO GPU Direct RDMA Disabled for GPU 7000 / HCA 0 (distance 7 > 4)
x3103c0s31b0n0:58589:61652 [1] NCCL INFO GPU Direct RDMA Disabled for GPU 46000 / HCA 0 (distance 7 > 4)
x3103c0s31b0n0:58589:61652 [1] NCCL INFO GPU Direct RDMA Disabled for GPU 85000 / HCA 0 (distance 7 > 4)
x3103c0s31b0n0:58589:61652 [1] NCCL INFO GPU Direct RDMA Disabled for GPU c7000 / HCA 0 (distance 6 > 4)
x3103c0s31b0n0:58589:61652 [1] NCCL INFO GPU Direct RDMA Disabled for GPU 7000 / HCA 1 (distance 7 > 4)
x3103c0s31b0n0:58589:61652 [1] NCCL INFO GPU Direct RDMA Disabled for GPU 46000 / HCA 1 (distance 6 > 4)
x3103c0s31b0n0:58589:61652 [1] NCCL INFO GPU Direct RDMA Disabled for GPU 85000 / HCA 1 (distance 7 > 4)
x3103c0s31b0n0:58589:61652 [1] NCCL INFO GPU Direct RDMA Disabled for GPU c7000 / HCA 1 (distance 7 > 4)
x3103c0s31b0n0:58589:61652 [1] NCCL INFO GPU Direct RDMA Disabled for GPU 7000 / HCA 0 (distance 7 > 4)
x3103c0s31b0n0:58589:61652 [1] NCCL INFO GPU Direct RDMA Disabled for GPU 46000 / HCA 0 (distance 7 > 4)
x3103c0s31b0n0:58589:61652 [1] NCCL INFO GPU Direct RDMA Disabled for GPU 85000 / HCA 0 (distance 7 > 4)
x3103c0s31b0n0:58589:61652 [1] NCCL INFO GPU Direct RDMA Disabled for GPU c7000 / HCA 0 (distance 6 > 4)
x3103c0s31b0n0:58589:61652 [1] NCCL INFO === System : maxBw 12.0 totalBw 264.0 ===
x3103c0s31b0n0:58589:61652 [1] NCCL INFO CPU/3 (1/2/-1)
x3103c0s31b0n0:58589:61652 [1] NCCL INFO + SYS[5000.0] - CPU/2
x3103c0s31b0n0:58589:61652 [1] NCCL INFO + SYS[5000.0] - CPU/1
x3103c0s31b0n0:58589:61652 [1] NCCL INFO + SYS[5000.0] - CPU/0
x3103c0s31b0n0:58589:61652 [1] NCCL INFO + PCI[24.0] - PCI/5000 (11f8406811f8beef)
x3103c0s31b0n0:58589:61652 [1] NCCL INFO               + PCI[24.0] - GPU/7000 (8)
x3103c0s31b0n0:58589:61652 [1] NCCL INFO                             + NVL[88.0] - GPU/85000
x3103c0s31b0n0:58589:61652 [1] NCCL INFO                             + NVL[88.0] - GPU/C7000
x3103c0s31b0n0:58589:61652 [1] NCCL INFO                             + NVL[88.0] - GPU/46000
x3103c0s31b0n0:58589:61652 [1] NCCL INFO CPU/2 (1/2/-1)
x3103c0s31b0n0:58589:61652 [1] NCCL INFO + SYS[5000.0] - CPU/3
x3103c0s31b0n0:58589:61652 [1] NCCL INFO + SYS[5000.0] - CPU/1
x3103c0s31b0n0:58589:61652 [1] NCCL INFO + SYS[5000.0] - CPU/0
x3103c0s31b0n0:58589:61652 [1] NCCL INFO + PCI[24.0] - PCI/44000 (11f8406811f8beef)
x3103c0s31b0n0:58589:61652 [1] NCCL INFO               + PCI[24.0] - GPU/46000 (9)
x3103c0s31b0n0:58589:61652 [1] NCCL INFO                             + NVL[88.0] - GPU/85000
x3103c0s31b0n0:58589:61652 [1] NCCL INFO                             + NVL[88.0] - GPU/C7000
x3103c0s31b0n0:58589:61652 [1] NCCL INFO                             + NVL[88.0] - GPU/7000
x3103c0s31b0n0:58589:61652 [1] NCCL INFO + PCI[12.0] - NIC/43000
x3103c0s31b0n0:58589:61652 [1] NCCL INFO               + NET[12.5] - NET/1 (38870cffffa4e988/1/12.500000)
x3103c0s31b0n0:58589:61652 [1] NCCL INFO CPU/1 (1/2/-1)
x3103c0s31b0n0:58589:61652 [1] NCCL INFO + SYS[5000.0] - CPU/3
x3103c0s31b0n0:58589:61652 [1] NCCL INFO + SYS[5000.0] - CPU/2
x3103c0s31b0n0:58589:61652 [1] NCCL INFO + SYS[5000.0] - CPU/0
x3103c0s31b0n0:58589:61652 [1] NCCL INFO + PCI[24.0] - PCI/83000 (11f8406811f8beef)
x3103c0s31b0n0:58589:61652 [1] NCCL INFO               + PCI[24.0] - GPU/85000 (10)
x3103c0s31b0n0:58589:61652 [1] NCCL INFO                             + NVL[88.0] - GPU/C7000
x3103c0s31b0n0:58589:61652 [1] NCCL INFO                             + NVL[88.0] - GPU/46000
x3103c0s31b0n0:58589:61652 [1] NCCL INFO                             + NVL[88.0] - GPU/7000
x3103c0s31b0n0:58589:61652 [1] NCCL INFO CPU/0 (1/2/-1)
x3103c0s31b0n0:58589:61652 [1] NCCL INFO + SYS[5000.0] - CPU/3
x3103c0s31b0n0:58589:61652 [1] NCCL INFO + SYS[5000.0] - CPU/2
x3103c0s31b0n0:58589:61652 [1] NCCL INFO + SYS[5000.0] - CPU/1
x3103c0s31b0n0:58589:61652 [1] NCCL INFO + PCI[24.0] - PCI/C5000 (11f8406811f8beef)
x3103c0s31b0n0:58589:61652 [1] NCCL INFO               + PCI[24.0] - GPU/C7000 (11)
x3103c0s31b0n0:58589:61652 [1] NCCL INFO                             + NVL[88.0] - GPU/85000
x3103c0s31b0n0:58589:61652 [1] NCCL INFO                             + NVL[88.0] - GPU/46000
x3103c0s31b0n0:58589:61652 [1] NCCL INFO                             + NVL[88.0] - GPU/7000
x3103c0s31b0n0:58589:61652 [1] NCCL INFO + PCI[12.0] - NIC/C8000
x3103c0s31b0n0:58589:61652 [1] NCCL INFO               + NET[12.5] - NET/0 (ac770cffffa4e988/1/12.500000)
x3103c0s31b0n0:58589:61652 [1] NCCL INFO ==========================================
x3103c0s31b0n0:58589:61652 [1] NCCL INFO GPU/7000 :GPU/7000 (0/5000.000000/LOC) GPU/46000 (1/88.000000/NVL) GPU/85000 (1/88.000000/NVL) GPU/C7000 (1/88.000000/NVL) CPU/3 (2/24.000000/PHB) CPU/2 (3/24.000000/SYS) CPU/1 (3/24.000000/SYS) CPU/0 (3/24.000000/SYS) NET/1 (5/12.000000/SYS) NET/0 (5/12.000000/SYS) 
x3103c0s31b0n0:58589:61652 [1] NCCL INFO GPU/46000 :GPU/7000 (1/88.000000/NVL) GPU/46000 (0/5000.000000/LOC) GPU/85000 (1/88.000000/NVL) GPU/C7000 (1/88.000000/NVL) CPU/3 (3/24.000000/SYS) CPU/2 (2/24.000000/PHB) CPU/1 (3/24.000000/SYS) CPU/0 (3/24.000000/SYS) NET/1 (4/12.000000/PHB) NET/0 (5/12.000000/SYS) 
x3103c0s31b0n0:58589:61652 [1] NCCL INFO GPU/85000 :GPU/7000 (1/88.000000/NVL) GPU/46000 (1/88.000000/NVL) GPU/85000 (0/5000.000000/LOC) GPU/C7000 (1/88.000000/NVL) CPU/3 (3/24.000000/SYS) CPU/2 (3/24.000000/SYS) CPU/1 (2/24.000000/PHB) CPU/0 (3/24.000000/SYS) NET/1 (5/12.000000/SYS) NET/0 (5/12.000000/SYS) 
x3103c0s31b0n0:58589:61652 [1] NCCL INFO GPU/C7000 :GPU/7000 (1/88.000000/NVL) GPU/46000 (1/88.000000/NVL) GPU/85000 (1/88.000000/NVL) GPU/C7000 (0/5000.000000/LOC) CPU/3 (3/24.000000/SYS) CPU/2 (3/24.000000/SYS) CPU/1 (3/24.000000/SYS) CPU/0 (2/24.000000/PHB) NET/1 (5/12.000000/SYS) NET/0 (4/12.000000/PHB) 
x3103c0s31b0n0:58589:61652 [1] NCCL INFO NET/1 :GPU/7000 (5/12.000000/SYS) GPU/46000 (4/12.000000/PHB) GPU/85000 (5/12.000000/SYS) GPU/C7000 (5/12.000000/SYS) CPU/3 (3/12.000000/SYS) CPU/2 (2/12.000000/PHB) CPU/1 (3/12.000000/SYS) CPU/0 (3/12.000000/SYS) NET/1 (0/5000.000000/LOC) NET/0 (5/12.000000/SYS) 
x3103c0s31b0n0:58589:61652 [1] NCCL INFO NET/0 :GPU/7000 (5/12.000000/SYS) GPU/46000 (5/12.000000/SYS) GPU/85000 (5/12.000000/SYS) GPU/C7000 (4/12.000000/PHB) CPU/3 (3/12.000000/SYS) CPU/2 (3/12.000000/SYS) CPU/1 (3/12.000000/SYS) CPU/0 (2/12.000000/PHB) NET/1 (5/12.000000/SYS) NET/0 (0/5000.000000/LOC) 
x3103c0s31b0n0:58589:61652 [1] NCCL INFO Pattern 4, crossNic 0, nChannels 2, bw 12.000000/12.000000, type NVL/SYS, sameChannels 1
x3103c0s31b0n0:58589:61652 [1] NCCL INFO  0 : NET/1 GPU/9 GPU/8 GPU/10 GPU/11 NET/1
x3103c0s31b0n0:58589:61652 [1] NCCL INFO  1 : NET/0 GPU/9 GPU/8 GPU/10 GPU/11 NET/0
x3103c0s31b0n0:58589:61652 [1] NCCL INFO Pattern 1, crossNic 0, nChannels 2, bw 24.000000/12.000000, type NVL/SYS, sameChannels 1
x3103c0s31b0n0:58589:61652 [1] NCCL INFO  0 : NET/1 GPU/8 GPU/9 GPU/10 GPU/11 NET/1
x3103c0s31b0n0:58589:61652 [1] NCCL INFO  1 : NET/0 GPU/8 GPU/9 GPU/10 GPU/11 NET/0
x3103c0s31b0n0:58589:61652 [1] NCCL INFO Pattern 3, crossNic 0, nChannels 0, bw 0.000000/0.000000, type NVL/PIX, sameChannels 1
x3103c0s31b0n0:58590:61650 [2] NCCL INFO NET/IB : GPU Direct RDMA Enabled for HCA 0 'mlx5_0'
x3103c0s31b0n0:58590:61650 [2] NCCL INFO NET/IB : GPU Direct RDMA Enabled for HCA 1 'mlx5_1'
x3103c0s31b0n0:58590:61650 [2] NCCL INFO GPU Direct RDMA Disabled for GPU 7000 / HCA 1 (distance 7 > 4)
x3103c0s31b0n0:58590:61650 [2] NCCL INFO GPU Direct RDMA Disabled for GPU 46000 / HCA 1 (distance 6 > 4)
x3103c0s31b0n0:58590:61650 [2] NCCL INFO GPU Direct RDMA Disabled for GPU 85000 / HCA 1 (distance 7 > 4)
x3103c0s31b0n0:58590:61650 [2] NCCL INFO GPU Direct RDMA Disabled for GPU c7000 / HCA 1 (distance 7 > 4)
x3103c0s31b0n0:58590:61650 [2] NCCL INFO GPU Direct RDMA Disabled for GPU 7000 / HCA 0 (distance 7 > 4)
x3103c0s31b0n0:58590:61650 [2] NCCL INFO GPU Direct RDMA Disabled for GPU 46000 / HCA 0 (distance 7 > 4)
x3103c0s31b0n0:58590:61650 [2] NCCL INFO GPU Direct RDMA Disabled for GPU 85000 / HCA 0 (distance 7 > 4)
x3103c0s31b0n0:58590:61650 [2] NCCL INFO GPU Direct RDMA Disabled for GPU c7000 / HCA 0 (distance 6 > 4)
x3103c0s31b0n0:58590:61650 [2] NCCL INFO GPU Direct RDMA Disabled for GPU 7000 / HCA 1 (distance 7 > 4)
x3103c0s31b0n0:58590:61650 [2] NCCL INFO GPU Direct RDMA Disabled for GPU 46000 / HCA 1 (distance 6 > 4)
x3103c0s31b0n0:58590:61650 [2] NCCL INFO GPU Direct RDMA Disabled for GPU 85000 / HCA 1 (distance 7 > 4)
x3103c0s31b0n0:58590:61650 [2] NCCL INFO GPU Direct RDMA Disabled for GPU c7000 / HCA 1 (distance 7 > 4)
x3103c0s31b0n0:58590:61650 [2] NCCL INFO GPU Direct RDMA Disabled for GPU 7000 / HCA 0 (distance 7 > 4)
x3103c0s31b0n0:58590:61650 [2] NCCL INFO GPU Direct RDMA Disabled for GPU 46000 / HCA 0 (distance 7 > 4)
x3103c0s31b0n0:58590:61650 [2] NCCL INFO GPU Direct RDMA Disabled for GPU 85000 / HCA 0 (distance 7 > 4)
x3103c0s31b0n0:58590:61650 [2] NCCL INFO GPU Direct RDMA Disabled for GPU c7000 / HCA 0 (distance 6 > 4)
x3103c0s31b0n0:58590:61650 [2] NCCL INFO === System : maxBw 12.0 totalBw 264.0 ===
x3103c0s31b0n0:58590:61650 [2] NCCL INFO CPU/3 (1/2/-1)
x3103c0s31b0n0:58590:61650 [2] NCCL INFO + SYS[5000.0] - CPU/2
x3103c0s31b0n0:58590:61650 [2] NCCL INFO + SYS[5000.0] - CPU/1
x3103c0s31b0n0:58590:61650 [2] NCCL INFO + SYS[5000.0] - CPU/0
x3103c0s31b0n0:58590:61650 [2] NCCL INFO + PCI[24.0] - PCI/5000 (11f8406811f8beef)
x3103c0s31b0n0:58590:61650 [2] NCCL INFO               + PCI[24.0] - GPU/7000 (8)
x3103c0s31b0n0:58590:61650 [2] NCCL INFO                             + NVL[88.0] - GPU/85000
x3103c0s31b0n0:58590:61650 [2] NCCL INFO                             + NVL[88.0] - GPU/C7000
x3103c0s31b0n0:58590:61650 [2] NCCL INFO                             + NVL[88.0] - GPU/46000
x3103c0s31b0n0:58590:61650 [2] NCCL INFO CPU/2 (1/2/-1)
x3103c0s31b0n0:58590:61650 [2] NCCL INFO + SYS[5000.0] - CPU/3
x3103c0s31b0n0:58590:61650 [2] NCCL INFO + SYS[5000.0] - CPU/1
x3103c0s31b0n0:58590:61650 [2] NCCL INFO + SYS[5000.0] - CPU/0
x3103c0s31b0n0:58590:61650 [2] NCCL INFO + PCI[24.0] - PCI/44000 (11f8406811f8beef)
x3103c0s31b0n0:58590:61650 [2] NCCL INFO               + PCI[24.0] - GPU/46000 (9)
x3103c0s31b0n0:58590:61650 [2] NCCL INFO                             + NVL[88.0] - GPU/85000
x3103c0s31b0n0:58590:61650 [2] NCCL INFO                             + NVL[88.0] - GPU/C7000
x3103c0s31b0n0:58590:61650 [2] NCCL INFO                             + NVL[88.0] - GPU/7000
x3103c0s31b0n0:58590:61650 [2] NCCL INFO + PCI[12.0] - NIC/43000
x3103c0s31b0n0:58590:61650 [2] NCCL INFO               + NET[12.5] - NET/1 (38870cffffa4e988/1/12.500000)
x3103c0s31b0n0:58590:61650 [2] NCCL INFO CPU/1 (1/2/-1)
x3103c0s31b0n0:58590:61650 [2] NCCL INFO + SYS[5000.0] - CPU/3
x3103c0s31b0n0:58590:61650 [2] NCCL INFO + SYS[5000.0] - CPU/2
x3103c0s31b0n0:58590:61650 [2] NCCL INFO + SYS[5000.0] - CPU/0
x3103c0s31b0n0:58590:61650 [2] NCCL INFO + PCI[24.0] - PCI/83000 (11f8406811f8beef)
x3103c0s31b0n0:58590:61650 [2] NCCL INFO               + PCI[24.0] - GPU/85000 (10)
x3103c0s31b0n0:58590:61650 [2] NCCL INFO                             + NVL[88.0] - GPU/C7000
x3103c0s31b0n0:58590:61650 [2] NCCL INFO                             + NVL[88.0] - GPU/46000
x3103c0s31b0n0:58590:61650 [2] NCCL INFO                             + NVL[88.0] - GPU/7000
x3103c0s31b0n0:58590:61650 [2] NCCL INFO CPU/0 (1/2/-1)
x3103c0s31b0n0:58590:61650 [2] NCCL INFO + SYS[5000.0] - CPU/3
x3103c0s31b0n0:58590:61650 [2] NCCL INFO + SYS[5000.0] - CPU/2
x3103c0s31b0n0:58590:61650 [2] NCCL INFO + SYS[5000.0] - CPU/1
x3103c0s31b0n0:58590:61650 [2] NCCL INFO + PCI[24.0] - PCI/C5000 (11f8406811f8beef)
x3103c0s31b0n0:58590:61650 [2] NCCL INFO               + PCI[24.0] - GPU/C7000 (11)
x3103c0s31b0n0:58590:61650 [2] NCCL INFO                             + NVL[88.0] - GPU/85000
x3103c0s31b0n0:58590:61650 [2] NCCL INFO                             + NVL[88.0] - GPU/46000
x3103c0s31b0n0:58590:61650 [2] NCCL INFO                             + NVL[88.0] - GPU/7000
x3103c0s31b0n0:58590:61650 [2] NCCL INFO + PCI[12.0] - NIC/C8000
x3103c0s31b0n0:58590:61650 [2] NCCL INFO               + NET[12.5] - NET/0 (ac770cffffa4e988/1/12.500000)
x3103c0s31b0n0:58590:61650 [2] NCCL INFO ==========================================
x3103c0s31b0n0:58590:61650 [2] NCCL INFO GPU/7000 :GPU/7000 (0/5000.000000/LOC) GPU/46000 (1/88.000000/NVL) GPU/85000 (1/88.000000/NVL) GPU/C7000 (1/88.000000/NVL) CPU/3 (2/24.000000/PHB) CPU/2 (3/24.000000/SYS) CPU/1 (3/24.000000/SYS) CPU/0 (3/24.000000/SYS) NET/1 (5/12.000000/SYS) NET/0 (5/12.000000/SYS) 
x3103c0s31b0n0:58590:61650 [2] NCCL INFO GPU/46000 :GPU/7000 (1/88.000000/NVL) GPU/46000 (0/5000.000000/LOC) GPU/85000 (1/88.000000/NVL) GPU/C7000 (1/88.000000/NVL) CPU/3 (3/24.000000/SYS) CPU/2 (2/24.000000/PHB) CPU/1 (3/24.000000/SYS) CPU/0 (3/24.000000/SYS) NET/1 (4/12.000000/PHB) NET/0 (5/12.000000/SYS) 
x3103c0s31b0n0:58590:61650 [2] NCCL INFO GPU/85000 :GPU/7000 (1/88.000000/NVL) GPU/46000 (1/88.000000/NVL) GPU/85000 (0/5000.000000/LOC) GPU/C7000 (1/88.000000/NVL) CPU/3 (3/24.000000/SYS) CPU/2 (3/24.000000/SYS) CPU/1 (2/24.000000/PHB) CPU/0 (3/24.000000/SYS) NET/1 (5/12.000000/SYS) NET/0 (5/12.000000/SYS) 
x3103c0s31b0n0:58590:61650 [2] NCCL INFO GPU/C7000 :GPU/7000 (1/88.000000/NVL) GPU/46000 (1/88.000000/NVL) GPU/85000 (1/88.000000/NVL) GPU/C7000 (0/5000.000000/LOC) CPU/3 (3/24.000000/SYS) CPU/2 (3/24.000000/SYS) CPU/1 (3/24.000000/SYS) CPU/0 (2/24.000000/PHB) NET/1 (5/12.000000/SYS) NET/0 (4/12.000000/PHB) 
x3103c0s31b0n0:58590:61650 [2] NCCL INFO NET/1 :GPU/7000 (5/12.000000/SYS) GPU/46000 (4/12.000000/PHB) GPU/85000 (5/12.000000/SYS) GPU/C7000 (5/12.000000/SYS) CPU/3 (3/12.000000/SYS) CPU/2 (2/12.000000/PHB) CPU/1 (3/12.000000/SYS) CPU/0 (3/12.000000/SYS) NET/1 (0/5000.000000/LOC) NET/0 (5/12.000000/SYS) 
x3103c0s31b0n0:58590:61650 [2] NCCL INFO NET/0 :GPU/7000 (5/12.000000/SYS) GPU/46000 (5/12.000000/SYS) GPU/85000 (5/12.000000/SYS) GPU/C7000 (4/12.000000/PHB) CPU/3 (3/12.000000/SYS) CPU/2 (3/12.000000/SYS) CPU/1 (3/12.000000/SYS) CPU/0 (2/12.000000/PHB) NET/1 (5/12.000000/SYS) NET/0 (0/5000.000000/LOC) 
x3103c0s31b0n0:58590:61650 [2] NCCL INFO Pattern 4, crossNic 0, nChannels 2, bw 12.000000/12.000000, type NVL/SYS, sameChannels 1
x3103c0s31b0n0:58590:61650 [2] NCCL INFO  0 : NET/1 GPU/9 GPU/8 GPU/10 GPU/11 NET/1
x3103c0s31b0n0:58590:61650 [2] NCCL INFO  1 : NET/0 GPU/9 GPU/8 GPU/10 GPU/11 NET/0
x3103c0s31b0n0:58590:61650 [2] NCCL INFO Pattern 1, crossNic 0, nChannels 2, bw 24.000000/12.000000, type NVL/SYS, sameChannels 1
x3103c0s31b0n0:58590:61650 [2] NCCL INFO  0 : NET/1 GPU/8 GPU/9 GPU/10 GPU/11 NET/1
x3103c0s31b0n0:58590:61650 [2] NCCL INFO  1 : NET/0 GPU/8 GPU/9 GPU/10 GPU/11 NET/0
x3103c0s31b0n0:58590:61650 [2] NCCL INFO Pattern 3, crossNic 0, nChannels 0, bw 0.000000/0.000000, type NVL/PIX, sameChannels 1
x3103c0s31b0n0:58591:61651 [3] NCCL INFO NET/IB : GPU Direct RDMA Enabled for HCA 0 'mlx5_0'
x3103c0s31b0n0:58591:61651 [3] NCCL INFO NET/IB : GPU Direct RDMA Enabled for HCA 1 'mlx5_1'
x3103c0s31b0n0:58591:61651 [3] NCCL INFO GPU Direct RDMA Disabled for GPU 7000 / HCA 1 (distance 7 > 4)
x3103c0s31b0n0:58591:61651 [3] NCCL INFO GPU Direct RDMA Disabled for GPU 46000 / HCA 1 (distance 6 > 4)
x3103c0s31b0n0:58591:61651 [3] NCCL INFO GPU Direct RDMA Disabled for GPU 85000 / HCA 1 (distance 7 > 4)
x3103c0s31b0n0:58591:61651 [3] NCCL INFO GPU Direct RDMA Disabled for GPU c7000 / HCA 1 (distance 7 > 4)
x3103c0s31b0n0:58591:61651 [3] NCCL INFO GPU Direct RDMA Disabled for GPU 7000 / HCA 0 (distance 7 > 4)
x3103c0s31b0n0:58591:61651 [3] NCCL INFO GPU Direct RDMA Disabled for GPU 46000 / HCA 0 (distance 7 > 4)
x3103c0s31b0n0:58591:61651 [3] NCCL INFO GPU Direct RDMA Disabled for GPU 85000 / HCA 0 (distance 7 > 4)
x3103c0s31b0n0:58591:61651 [3] NCCL INFO GPU Direct RDMA Disabled for GPU c7000 / HCA 0 (distance 6 > 4)
x3103c0s31b0n0:58591:61651 [3] NCCL INFO GPU Direct RDMA Disabled for GPU 7000 / HCA 1 (distance 7 > 4)
x3103c0s31b0n0:58591:61651 [3] NCCL INFO GPU Direct RDMA Disabled for GPU 46000 / HCA 1 (distance 6 > 4)
x3103c0s31b0n0:58591:61651 [3] NCCL INFO GPU Direct RDMA Disabled for GPU 85000 / HCA 1 (distance 7 > 4)
x3103c0s31b0n0:58591:61651 [3] NCCL INFO GPU Direct RDMA Disabled for GPU c7000 / HCA 1 (distance 7 > 4)
x3103c0s31b0n0:58591:61651 [3] NCCL INFO GPU Direct RDMA Disabled for GPU 7000 / HCA 0 (distance 7 > 4)
x3103c0s31b0n0:58591:61651 [3] NCCL INFO GPU Direct RDMA Disabled for GPU 46000 / HCA 0 (distance 7 > 4)
x3103c0s31b0n0:58591:61651 [3] NCCL INFO GPU Direct RDMA Disabled for GPU 85000 / HCA 0 (distance 7 > 4)
x3103c0s31b0n0:58591:61651 [3] NCCL INFO GPU Direct RDMA Disabled for GPU c7000 / HCA 0 (distance 6 > 4)
x3103c0s31b0n0:58591:61651 [3] NCCL INFO === System : maxBw 12.0 totalBw 264.0 ===
x3103c0s31b0n0:58591:61651 [3] NCCL INFO CPU/3 (1/2/-1)
x3103c0s31b0n0:58591:61651 [3] NCCL INFO + SYS[5000.0] - CPU/2
x3103c0s31b0n0:58591:61651 [3] NCCL INFO + SYS[5000.0] - CPU/1
x3103c0s31b0n0:58591:61651 [3] NCCL INFO + SYS[5000.0] - CPU/0
x3103c0s31b0n0:58591:61651 [3] NCCL INFO + PCI[24.0] - PCI/5000 (11f8406811f8beef)
x3103c0s31b0n0:58591:61651 [3] NCCL INFO               + PCI[24.0] - GPU/7000 (8)
x3103c0s31b0n0:58591:61651 [3] NCCL INFO                             + NVL[88.0] - GPU/85000
x3103c0s31b0n0:58591:61651 [3] NCCL INFO                             + NVL[88.0] - GPU/C7000
x3103c0s31b0n0:58591:61651 [3] NCCL INFO                             + NVL[88.0] - GPU/46000
x3103c0s31b0n0:58591:61651 [3] NCCL INFO CPU/2 (1/2/-1)
x3103c0s31b0n0:58591:61651 [3] NCCL INFO + SYS[5000.0] - CPU/3
x3103c0s31b0n0:58591:61651 [3] NCCL INFO + SYS[5000.0] - CPU/1
x3103c0s31b0n0:58591:61651 [3] NCCL INFO + SYS[5000.0] - CPU/0
x3103c0s31b0n0:58591:61651 [3] NCCL INFO + PCI[24.0] - PCI/44000 (11f8406811f8beef)
x3103c0s31b0n0:58591:61651 [3] NCCL INFO               + PCI[24.0] - GPU/46000 (9)
x3103c0s31b0n0:58591:61651 [3] NCCL INFO                             + NVL[88.0] - GPU/85000
x3103c0s31b0n0:58591:61651 [3] NCCL INFO                             + NVL[88.0] - GPU/C7000
x3103c0s31b0n0:58591:61651 [3] NCCL INFO                             + NVL[88.0] - GPU/7000
x3103c0s31b0n0:58591:61651 [3] NCCL INFO + PCI[12.0] - NIC/43000
x3103c0s31b0n0:58591:61651 [3] NCCL INFO               + NET[12.5] - NET/1 (38870cffffa4e988/1/12.500000)
x3103c0s31b0n0:58591:61651 [3] NCCL INFO CPU/1 (1/2/-1)
x3103c0s31b0n0:58591:61651 [3] NCCL INFO + SYS[5000.0] - CPU/3
x3103c0s31b0n0:58591:61651 [3] NCCL INFO + SYS[5000.0] - CPU/2
x3103c0s31b0n0:58591:61651 [3] NCCL INFO + SYS[5000.0] - CPU/0
x3103c0s31b0n0:58591:61651 [3] NCCL INFO + PCI[24.0] - PCI/83000 (11f8406811f8beef)
x3103c0s31b0n0:58591:61651 [3] NCCL INFO               + PCI[24.0] - GPU/85000 (10)
x3103c0s31b0n0:58591:61651 [3] NCCL INFO                             + NVL[88.0] - GPU/C7000
x3103c0s31b0n0:58591:61651 [3] NCCL INFO                             + NVL[88.0] - GPU/46000
x3103c0s31b0n0:58591:61651 [3] NCCL INFO                             + NVL[88.0] - GPU/7000
x3103c0s31b0n0:58591:61651 [3] NCCL INFO CPU/0 (1/2/-1)
x3103c0s31b0n0:58591:61651 [3] NCCL INFO + SYS[5000.0] - CPU/3
x3103c0s31b0n0:58591:61651 [3] NCCL INFO + SYS[5000.0] - CPU/2
x3103c0s31b0n0:58591:61651 [3] NCCL INFO + SYS[5000.0] - CPU/1
x3103c0s31b0n0:58591:61651 [3] NCCL INFO + PCI[24.0] - PCI/C5000 (11f8406811f8beef)
x3103c0s31b0n0:58591:61651 [3] NCCL INFO               + PCI[24.0] - GPU/C7000 (11)
x3103c0s31b0n0:58591:61651 [3] NCCL INFO                             + NVL[88.0] - GPU/85000
x3103c0s31b0n0:58591:61651 [3] NCCL INFO                             + NVL[88.0] - GPU/46000
x3103c0s31b0n0:58591:61651 [3] NCCL INFO                             + NVL[88.0] - GPU/7000
x3103c0s31b0n0:58591:61651 [3] NCCL INFO + PCI[12.0] - NIC/C8000
x3103c0s31b0n0:58591:61651 [3] NCCL INFO               + NET[12.5] - NET/0 (ac770cffffa4e988/1/12.500000)
x3103c0s31b0n0:58591:61651 [3] NCCL INFO ==========================================
x3103c0s31b0n0:58591:61651 [3] NCCL INFO GPU/7000 :GPU/7000 (0/5000.000000/LOC) GPU/46000 (1/88.000000/NVL) GPU/85000 (1/88.000000/NVL) GPU/C7000 (1/88.000000/NVL) CPU/3 (2/24.000000/PHB) CPU/2 (3/24.000000/SYS) CPU/1 (3/24.000000/SYS) CPU/0 (3/24.000000/SYS) NET/1 (5/12.000000/SYS) NET/0 (5/12.000000/SYS) 
x3103c0s31b0n0:58591:61651 [3] NCCL INFO GPU/46000 :GPU/7000 (1/88.000000/NVL) GPU/46000 (0/5000.000000/LOC) GPU/85000 (1/88.000000/NVL) GPU/C7000 (1/88.000000/NVL) CPU/3 (3/24.000000/SYS) CPU/2 (2/24.000000/PHB) CPU/1 (3/24.000000/SYS) CPU/0 (3/24.000000/SYS) NET/1 (4/12.000000/PHB) NET/0 (5/12.000000/SYS) 
x3103c0s31b0n0:58591:61651 [3] NCCL INFO GPU/85000 :GPU/7000 (1/88.000000/NVL) GPU/46000 (1/88.000000/NVL) GPU/85000 (0/5000.000000/LOC) GPU/C7000 (1/88.000000/NVL) CPU/3 (3/24.000000/SYS) CPU/2 (3/24.000000/SYS) CPU/1 (2/24.000000/PHB) CPU/0 (3/24.000000/SYS) NET/1 (5/12.000000/SYS) NET/0 (5/12.000000/SYS) 
x3103c0s31b0n0:58591:61651 [3] NCCL INFO GPU/C7000 :GPU/7000 (1/88.000000/NVL) GPU/46000 (1/88.000000/NVL) GPU/85000 (1/88.000000/NVL) GPU/C7000 (0/5000.000000/LOC) CPU/3 (3/24.000000/SYS) CPU/2 (3/24.000000/SYS) CPU/1 (3/24.000000/SYS) CPU/0 (2/24.000000/PHB) NET/1 (5/12.000000/SYS) NET/0 (4/12.000000/PHB) 
x3103c0s31b0n0:58591:61651 [3] NCCL INFO NET/1 :GPU/7000 (5/12.000000/SYS) GPU/46000 (4/12.000000/PHB) GPU/85000 (5/12.000000/SYS) GPU/C7000 (5/12.000000/SYS) CPU/3 (3/12.000000/SYS) CPU/2 (2/12.000000/PHB) CPU/1 (3/12.000000/SYS) CPU/0 (3/12.000000/SYS) NET/1 (0/5000.000000/LOC) NET/0 (5/12.000000/SYS) 
x3103c0s31b0n0:58591:61651 [3] NCCL INFO NET/0 :GPU/7000 (5/12.000000/SYS) GPU/46000 (5/12.000000/SYS) GPU/85000 (5/12.000000/SYS) GPU/C7000 (4/12.000000/PHB) CPU/3 (3/12.000000/SYS) CPU/2 (3/12.000000/SYS) CPU/1 (3/12.000000/SYS) CPU/0 (2/12.000000/PHB) NET/1 (5/12.000000/SYS) NET/0 (0/5000.000000/LOC) 
x3103c0s31b0n0:58591:61651 [3] NCCL INFO Setting affinity for GPU 3 to 01
x3103c0s31b0n0:58591:61651 [3] NCCL INFO Pattern 4, crossNic 0, nChannels 2, bw 12.000000/12.000000, type NVL/SYS, sameChannels 1
x3103c0s31b0n0:58591:61651 [3] NCCL INFO  0 : NET/1 GPU/9 GPU/8 GPU/10 GPU/11 NET/1
x3103c0s31b0n0:58591:61651 [3] NCCL INFO  1 : NET/0 GPU/9 GPU/8 GPU/10 GPU/11 NET/0
x3103c0s31b0n0:58591:61651 [3] NCCL INFO Pattern 1, crossNic 0, nChannels 2, bw 24.000000/12.000000, type NVL/SYS, sameChannels 1
x3103c0s31b0n0:58591:61651 [3] NCCL INFO  0 : NET/1 GPU/8 GPU/9 GPU/10 GPU/11 NET/1
x3103c0s31b0n0:58591:61651 [3] NCCL INFO  1 : NET/0 GPU/8 GPU/9 GPU/10 GPU/11 NET/0
x3103c0s31b0n0:58591:61651 [3] NCCL INFO Pattern 3, crossNic 0, nChannels 0, bw 0.000000/0.000000, type NVL/PIX, sameChannels 1
x3103c0s31b0n0:58588:61653 [0] NCCL INFO Tree 0 : 0 -> 8 -> 9/12/-1
x3103c0s31b0n0:58588:61653 [0] NCCL INFO Tree 2 : 5 -> 8 -> 9/-1/-1
x3103c0s31b0n0:58588:61653 [0] NCCL INFO Tree 1 : 0 -> 8 -> 9/12/-1
x3103c0s31b0n0:58588:61653 [0] NCCL INFO Tree 3 : 5 -> 8 -> 9/-1/-1
x3103c0s31b0n0:58588:61653 [0] NCCL INFO Ring 00 : 9 -> 8 -> 10
x3103c0s31b0n0:58588:61653 [0] NCCL INFO Ring 01 : 9 -> 8 -> 10
x3103c0s31b0n0:58588:61653 [0] NCCL INFO Ring 02 : 9 -> 8 -> 10
x3103c0s31b0n0:58588:61653 [0] NCCL INFO Ring 03 : 9 -> 8 -> 10
x3103c0s31b0n0:58588:61653 [0] NCCL INFO Trees [0] 9/12/-1->8->0 [1] 9/12/-1->8->0 [2] 9/-1/-1->8->5 [3] 9/-1/-1->8->5
x3103c0s31b0n0:58588:61653 [0] NCCL INFO misc/utils.cc:235 memory stack hunk malloc(65536)
x3103c0s31b0n0:58588:61653 [0] NCCL INFO channel.cc:23 Cuda Alloc Size 6528 pointer 0x14aecb808600
x3103c0s31b0n0:58588:61653 [0] NCCL INFO channel.cc:27 Cuda Alloc Size 64 pointer 0x14aecb80a000
x3103c0s31b0n0:58588:61653 [0] NCCL INFO channel.cc:23 Cuda Alloc Size 6528 pointer 0x14aecb80a200
x3103c0s31b0n0:58588:61653 [0] NCCL INFO channel.cc:27 Cuda Alloc Size 64 pointer 0x14aecb80bc00
x3103c0s31b0n0:58588:61653 [0] NCCL INFO channel.cc:23 Cuda Alloc Size 6528 pointer 0x14aecb80be00
x3103c0s31b0n0:58588:61653 [0] NCCL INFO channel.cc:27 Cuda Alloc Size 64 pointer 0x14aecb80d800
x3103c0s31b0n0:58588:61653 [0] NCCL INFO channel.cc:23 Cuda Alloc Size 6528 pointer 0x14aecb80da00
x3103c0s31b0n0:58588:61653 [0] NCCL INFO channel.cc:27 Cuda Alloc Size 64 pointer 0x14aecb80f400
x3103c0s31b0n0:58588:61653 [0] NCCL INFO Channel 00/0 : 8[7000] -> 10[85000] via P2P/IPC/read
x3103c0s31b0n0:58588:61762 [0] NCCL INFO Mem Realloc old size 0, new size 8 pointer 0x14acdc000c60
x3103c0s31b0n0:58588:61762 [0] NCCL INFO New proxy send connection 0 from local rank 0, transport 0
x3103c0s31b0n0:58589:61652 [1] NCCL INFO Tree 0 : 8 -> 9 -> 10/4/-1
x3103c0s31b0n0:58589:61652 [1] NCCL INFO Tree 2 : 8 -> 9 -> 10/-1/-1
x3103c0s31b0n0:58589:61652 [1] NCCL INFO Tree 1 : 8 -> 9 -> 10/4/-1
x3103c0s31b0n0:58589:61652 [1] NCCL INFO Tree 3 : 8 -> 9 -> 10/-1/-1
x3103c0s31b0n0:58589:61652 [1] NCCL INFO Ring 00 : 7 -> 9 -> 8
x3103c0s31b0n0:58589:61652 [1] NCCL INFO Ring 01 : 7 -> 9 -> 8
x3103c0s31b0n0:58589:61652 [1] NCCL INFO Ring 02 : 7 -> 9 -> 8
x3103c0s31b0n0:58589:61652 [1] NCCL INFO Ring 03 : 7 -> 9 -> 8
x3103c0s31b0n0:58589:61652 [1] NCCL INFO Trees [0] 10/4/-1->9->8 [1] 10/4/-1->9->8 [2] 10/-1/-1->9->8 [3] 10/-1/-1->9->8
x3103c0s31b0n0:58589:61652 [1] NCCL INFO misc/utils.cc:235 memory stack hunk malloc(65536)
x3103c0s31b0n0:58589:61652 [1] NCCL INFO channel.cc:23 Cuda Alloc Size 6528 pointer 0x14e1c9808600
x3103c0s31b0n0:58589:61652 [1] NCCL INFO channel.cc:27 Cuda Alloc Size 64 pointer 0x14e1c980a000
x3103c0s31b0n0:58589:61652 [1] NCCL INFO channel.cc:23 Cuda Alloc Size 6528 pointer 0x14e1c980a200
x3103c0s31b0n0:58589:61652 [1] NCCL INFO channel.cc:27 Cuda Alloc Size 64 pointer 0x14e1c980bc00
x3103c0s31b0n0:58589:61652 [1] NCCL INFO channel.cc:23 Cuda Alloc Size 6528 pointer 0x14e1c980be00
x3103c0s31b0n0:58589:61652 [1] NCCL INFO channel.cc:27 Cuda Alloc Size 64 pointer 0x14e1c980d800
x3103c0s31b0n0:58589:61652 [1] NCCL INFO channel.cc:23 Cuda Alloc Size 6528 pointer 0x14e1c980da00
x3103c0s31b0n0:58589:61652 [1] NCCL INFO channel.cc:27 Cuda Alloc Size 64 pointer 0x14e1c980f400
x3103c0s31b0n0:58589:61652 [1] NCCL INFO GPU Direct RDMA Disabled for GPU 46000 / HCA 1 (distance 6 > 4)
x3103c0s31b0n0:58589:61771 [1] NCCL INFO Mem Realloc old size 0, new size 8 pointer 0x14dfe8000c60
x3103c0s31b0n0:58589:61771 [1] NCCL INFO Allocated 4194656 bytes of shared memory in /dev/shm/nccl-OUyUhs

x3103c0s31b0n0:58589:61771 [1] NCCL INFO New proxy recv connection 0 from local rank 1, transport 2
x3103c0s31b0n0:58588:61653 [0] NCCL INFO Connection to proxy localRank 0 -> connection 0x14acdc000c80
x3103c0s31b0n0:58588:61762 [0] NCCL INFO transport/p2p.cc:430 Cuda Alloc Size 6291456 pointer 0x14aceba00000
x3103c0s31b0n0:58590:61650 [2] NCCL INFO Ring 00 : 8 -> 10 -> 11
x3103c0s31b0n0:58590:61650 [2] NCCL INFO Ring 01 : 8 -> 10 -> 11
x3103c0s31b0n0:58590:61650 [2] NCCL INFO Ring 02 : 8 -> 10 -> 11
x3103c0s31b0n0:58590:61650 [2] NCCL INFO Ring 03 : 8 -> 10 -> 11
x3103c0s31b0n0:58590:61650 [2] NCCL INFO Trees [0] 11/-1/-1->10->9 [1] 11/-1/-1->10->9 [2] 11/-1/-1->10->9 [3] 11/-1/-1->10->9
x3103c0s31b0n0:58590:61650 [2] NCCL INFO misc/utils.cc:235 memory stack hunk malloc(65536)
x3103c0s31b0n0:58590:61650 [2] NCCL INFO channel.cc:23 Cuda Alloc Size 6528 pointer 0x153997808600
x3103c0s31b0n0:58590:61650 [2] NCCL INFO channel.cc:27 Cuda Alloc Size 64 pointer 0x15399780a000
x3103c0s31b0n0:58590:61650 [2] NCCL INFO channel.cc:23 Cuda Alloc Size 6528 pointer 0x15399780a200
x3103c0s31b0n0:58590:61650 [2] NCCL INFO channel.cc:27 Cuda Alloc Size 64 pointer 0x15399780bc00
x3103c0s31b0n0:58590:61650 [2] NCCL INFO channel.cc:23 Cuda Alloc Size 6528 pointer 0x15399780be00
x3103c0s31b0n0:58590:61650 [2] NCCL INFO channel.cc:27 Cuda Alloc Size 64 pointer 0x15399780d800
x3103c0s31b0n0:58590:61650 [2] NCCL INFO channel.cc:23 Cuda Alloc Size 6528 pointer 0x15399780da00
x3103c0s31b0n0:58590:61650 [2] NCCL INFO channel.cc:27 Cuda Alloc Size 64 pointer 0x15399780f400
x3103c0s31b0n0:58590:61650 [2] NCCL INFO Channel 00/0 : 10[85000] -> 11[c7000] via P2P/IPC/read
x3103c0s31b0n0:58589:61652 [1] NCCL INFO Connection to proxy localRank 1 -> connection 0x14dfe8000c80
x3103c0s31b0n0:58590:61772 [2] NCCL INFO Mem Realloc old size 0, new size 8 pointer 0x1537a8000c60
x3103c0s31b0n0:58590:61772 [2] NCCL INFO New proxy send connection 0 from local rank 2, transport 0
x3103c0s31b0n0:58591:61651 [3] NCCL INFO Ring 00 : 10 -> 11 -> 13
x3103c0s31b0n0:58591:61651 [3] NCCL INFO Ring 01 : 10 -> 11 -> 13
x3103c0s31b0n0:58591:61651 [3] NCCL INFO Ring 02 : 10 -> 11 -> 13
x3103c0s31b0n0:58591:61651 [3] NCCL INFO Ring 03 : 10 -> 11 -> 13
x3103c0s31b0n0:58591:61651 [3] NCCL INFO Trees [0] -1/-1/-1->11->10 [1] -1/-1/-1->11->10 [2] -1/-1/-1->11->10 [3] -1/-1/-1->11->10
x3103c0s31b0n0:58591:61651 [3] NCCL INFO misc/utils.cc:235 memory stack hunk malloc(65536)
x3103c0s31b0n0:58591:61651 [3] NCCL INFO channel.cc:23 Cuda Alloc Size 6528 pointer 0x147055808600
x3103c0s31b0n0:58591:61651 [3] NCCL INFO channel.cc:27 Cuda Alloc Size 64 pointer 0x14705580a000
x3103c0s31b0n0:58591:61651 [3] NCCL INFO channel.cc:23 Cuda Alloc Size 6528 pointer 0x14705580a200
x3103c0s31b0n0:58591:61651 [3] NCCL INFO channel.cc:27 Cuda Alloc Size 64 pointer 0x14705580bc00
x3103c0s31b0n0:58591:61651 [3] NCCL INFO channel.cc:23 Cuda Alloc Size 6528 pointer 0x14705580be00
x3103c0s31b0n0:58591:61651 [3] NCCL INFO channel.cc:27 Cuda Alloc Size 64 pointer 0x14705580d800
x3103c0s31b0n0:58591:61651 [3] NCCL INFO channel.cc:23 Cuda Alloc Size 6528 pointer 0x14705580da00
x3103c0s31b0n0:58591:61651 [3] NCCL INFO channel.cc:27 Cuda Alloc Size 64 pointer 0x14705580f400
x3103c0s31b0n0:58588:61653 [0] NCCL INFO Channel 01/0 : 8[7000] -> 10[85000] via P2P/IPC/read
x3103c0s31b0n0:58588:61762 [0] NCCL INFO New proxy send connection 1 from local rank 0, transport 0
x3103c0s31b0n0:58590:61650 [2] NCCL INFO Connection to proxy localRank 2 -> connection 0x1537a8000c80
x3103c0s31b0n0:58591:61773 [3] NCCL INFO Mem Realloc old size 0, new size 8 pointer 0x146e74000c60
x3103c0s31b0n0:58591:61773 [3] NCCL INFO New proxy recv connection 0 from local rank 3, transport 0
x3103c0s31b0n0:58590:61772 [2] NCCL INFO transport/p2p.cc:430 Cuda Alloc Size 6291456 pointer 0x1537b7a00000
x3103c0s31b0n0:58589:61652 [1] NCCL INFO Channel 00/0 : 7[c7000] -> 9[46000] [receive] via NET/IB/1
x3103c0s31b0n0:58589:61652 [1] NCCL INFO GPU Direct RDMA Disabled for GPU 46000 / HCA 0 (distance 7 > 4)
x3103c0s31b0n0:58589:61771 [1] NCCL INFO New proxy recv connection 1 from local rank 1, transport 2
x3103c0s31b0n0:58591:61651 [3] NCCL INFO Connection to proxy localRank 3 -> connection 0x146e74000c80
x3103c0s31b0n0:58591:61773 [3] NCCL INFO transport/p2p.cc:449 Cuda Alloc Size 6291456 pointer 0x146e81a00000
x3103c0s31b0n0:58590:61650 [2] NCCL INFO Channel 01/0 : 10[85000] -> 11[c7000] via P2P/IPC/read
x3103c0s31b0n0:58590:61772 [2] NCCL INFO New proxy send connection 1 from local rank 2, transport 0
x3103c0s31b0n0:58591:61773 [3] NCCL INFO New proxy recv connection 1 from local rank 3, transport 0
x3103c0s31b0n0:58588:61653 [0] NCCL INFO Connection to proxy localRank 0 -> connection 0x14acdc000cc0
x3103c0s31b0n0:58588:61762 [0] NCCL INFO transport/p2p.cc:430 Cuda Alloc Size 6291456 pointer 0x14aced600000
x3103c0s31b0n0:58589:61652 [1] NCCL INFO Connection to proxy localRank 1 -> connection 0x14dfe8000cc0
x3103c0s31b0n0:58590:61650 [2] NCCL INFO Connection to proxy localRank 2 -> connection 0x1537a8000cc0
x3103c0s31b0n0:58590:61772 [2] NCCL INFO transport/p2p.cc:430 Cuda Alloc Size 6291456 pointer 0x1537b9600000
x3103c0s31b0n0:58591:61651 [3] NCCL INFO Connection to proxy localRank 3 -> connection 0x146e74000cc0
x3103c0s31b0n0:58591:61773 [3] NCCL INFO transport/p2p.cc:449 Cuda Alloc Size 6291456 pointer 0x146e83600000
x3103c0s31b0n0:58588:61653 [0] NCCL INFO Channel 02/0 : 8[7000] -> 10[85000] via P2P/IPC/read
x3103c0s31b0n0:58588:61762 [0] NCCL INFO New proxy send connection 2 from local rank 0, transport 0
x3103c0s31b0n0:58589:61652 [1] NCCL INFO Channel 01/0 : 7[c7000] -> 9[46000] [receive] via NET/IB/0
x3103c0s31b0n0:58589:61652 [1] NCCL INFO GPU Direct RDMA Disabled for GPU 46000 / HCA 1 (distance 6 > 4)
x3103c0s31b0n0:58589:61771 [1] NCCL INFO New proxy recv connection 2 from local rank 1, transport 2
x3103c0s31b0n0:58590:61650 [2] NCCL INFO Channel 02/0 : 10[85000] -> 11[c7000] via P2P/IPC/read
x3103c0s31b0n0:58590:61772 [2] NCCL INFO New proxy send connection 2 from local rank 2, transport 0
x3103c0s31b0n0:58591:61773 [3] NCCL INFO New proxy recv connection 2 from local rank 3, transport 0
x3103c0s31b0n0:58588:61653 [0] NCCL INFO Connection to proxy localRank 0 -> connection 0x14acdc000d00
x3103c0s31b0n0:58588:61762 [0] NCCL INFO transport/p2p.cc:430 Cuda Alloc Size 6291456 pointer 0x14acf1600000
x3103c0s31b0n0:58589:61652 [1] NCCL INFO Connection to proxy localRank 1 -> connection 0x14dfe8000d00
x3103c0s31b0n0:58590:61650 [2] NCCL INFO Connection to proxy localRank 2 -> connection 0x1537a8000d00
x3103c0s31b0n0:58590:61772 [2] NCCL INFO transport/p2p.cc:430 Cuda Alloc Size 6291456 pointer 0x1537bd600000
x3103c0s31b0n0:58591:61651 [3] NCCL INFO Connection to proxy localRank 3 -> connection 0x146e74000d00
x3103c0s31b0n0:58591:61773 [3] NCCL INFO transport/p2p.cc:449 Cuda Alloc Size 6291456 pointer 0x146e87600000
x3103c0s31b0n0:58588:61653 [0] NCCL INFO Channel 03/0 : 8[7000] -> 10[85000] via P2P/IPC/read
x3103c0s31b0n0:58588:61762 [0] NCCL INFO New proxy send connection 3 from local rank 0, transport 0
x3103c0s31b0n0:58589:61652 [1] NCCL INFO Channel 02/0 : 7[c7000] -> 9[46000] [receive] via NET/IB/1
x3103c0s31b0n0:58589:61652 [1] NCCL INFO GPU Direct RDMA Disabled for GPU 46000 / HCA 0 (distance 7 > 4)
x3103c0s31b0n0:58589:61771 [1] NCCL INFO New proxy recv connection 3 from local rank 1, transport 2
x3103c0s31b0n0:58590:61650 [2] NCCL INFO Channel 03/0 : 10[85000] -> 11[c7000] via P2P/IPC/read
x3103c0s31b0n0:58590:61772 [2] NCCL INFO New proxy send connection 3 from local rank 2, transport 0
x3103c0s31b0n0:58591:61773 [3] NCCL INFO New proxy recv connection 3 from local rank 3, transport 0
x3103c0s31b0n0:58589:61652 [1] NCCL INFO Connection to proxy localRank 1 -> connection 0x14dfe8000d40
x3103c0s31b0n0:58588:61653 [0] NCCL INFO Connection to proxy localRank 0 -> connection 0x14acdc000d40
x3103c0s31b0n0:58588:61762 [0] NCCL INFO transport/p2p.cc:430 Cuda Alloc Size 6291456 pointer 0x14acf3600000
x3103c0s31b0n0:58590:61650 [2] NCCL INFO Connection to proxy localRank 2 -> connection 0x1537a8000d40
x3103c0s31b0n0:58590:61772 [2] NCCL INFO transport/p2p.cc:430 Cuda Alloc Size 6291456 pointer 0x1537bf600000
x3103c0s31b0n0:58591:61651 [3] NCCL INFO Connection to proxy localRank 3 -> connection 0x146e74000d40
x3103c0s31b0n0:58591:61773 [3] NCCL INFO transport/p2p.cc:449 Cuda Alloc Size 6291456 pointer 0x146e89600000
x3103c0s31b0n0:58589:61652 [1] NCCL INFO Channel 03/0 : 7[c7000] -> 9[46000] [receive] via NET/IB/0
x3103c0s31b0n0:58591:61651 [3] NCCL INFO GPU Direct RDMA Disabled for GPU c7000 / HCA 1 (distance 7 > 4)
x3103c0s31b0n0:58590:61772 [2] NCCL INFO New proxy recv connection 4 from local rank 2, transport 0
x3103c0s31b0n0:58590:61650 [2] NCCL INFO Connection to proxy localRank 2 -> connection 0x1537a8000d80
x3103c0s31b0n0:58590:61772 [2] NCCL INFO transport/p2p.cc:449 Cuda Alloc Size 6291456 pointer 0x1537c9600000
x3103c0s31b0n0:58591:61773 [3] NCCL INFO Allocated 4194656 bytes of shared memory in /dev/shm/nccl-X7OroA

x3103c0s31b0n0:58591:61773 [3] NCCL INFO New proxy send connection 4 from local rank 3, transport 2
x3103c0s31b0n0:58589:61771 [1] NCCL INFO transport/net_ib.cc:683 Ib Alloc Size 21688 pointer 0x14dfe801d000
x3103c0s31b0n0:58589:61771 [1] NCCL INFO transport/net_ib.cc:696 Ib Alloc Size 552 pointer 0x14dfe8024000
x3103c0s31b0n0:58590:61772 [2] NCCL INFO New proxy recv connection 5 from local rank 2, transport 0
x3103c0s31b0n0:58591:61651 [3] NCCL INFO Connection to proxy localRank 3 -> connection 0x146e74000d80
x3103c0s31b0n0:58591:61651 [3] NCCL INFO Channel 00/0 : 11[c7000] -> 13[46000] [send] via NET/IB/1
x3103c0s31b0n0:58591:61651 [3] NCCL INFO GPU Direct RDMA Disabled for GPU c7000 / HCA 0 (distance 6 > 4)
x3103c0s31b0n0:58591:61773 [3] NCCL INFO New proxy send connection 5 from local rank 3, transport 2
x3103c0s31b0n0:58589:61771 [1] NCCL INFO transport/net_ib.cc:771 Ib Alloc Size 552 pointer 0x14dfe8041000
x3103c0s31b0n0:58589:61771 [1] NCCL INFO transport/net.cc:698 Cuda Host Alloc Size 9641984 pointer 0x14dfef600000
x3103c0s31b0n0:58589:61771 [1] NCCL INFO transport/net_ib.cc:683 Ib Alloc Size 21688 pointer 0x14dfe8043000
x3103c0s31b0n0:58589:61771 [1] NCCL INFO transport/net_ib.cc:696 Ib Alloc Size 552 pointer 0x14dfe804a000
x3103c0s31b0n0:58590:61650 [2] NCCL INFO Connection to proxy localRank 2 -> connection 0x1537a8000dc0
x3103c0s31b0n0:58589:61771 [1] NCCL INFO transport/net_ib.cc:771 Ib Alloc Size 552 pointer 0x14dfe8065000
x3103c0s31b0n0:58589:61771 [1] NCCL INFO transport/net.cc:698 Cuda Host Alloc Size 9641984 pointer 0x14dff3600000
x3103c0s31b0n0:58590:61772 [2] NCCL INFO transport/p2p.cc:449 Cuda Alloc Size 6291456 pointer 0x1537cb600000
x3103c0s31b0n0:58591:61651 [3] NCCL INFO Connection to proxy localRank 3 -> connection 0x146e74000dc0
x3103c0s31b0n0:58591:61651 [3] NCCL INFO Channel 01/0 : 11[c7000] -> 13[46000] [send] via NET/IB/0
x3103c0s31b0n0:58591:61651 [3] NCCL INFO GPU Direct RDMA Disabled for GPU c7000 / HCA 1 (distance 7 > 4)
x3103c0s31b0n0:58591:61773 [3] NCCL INFO New proxy send connection 6 from local rank 3, transport 2
x3103c0s31b0n0:58589:61771 [1] NCCL INFO transport/net_ib.cc:683 Ib Alloc Size 21688 pointer 0x14dfe8067000
x3103c0s31b0n0:58589:61771 [1] NCCL INFO transport/net_ib.cc:696 Ib Alloc Size 552 pointer 0x14dfe806e000
x3103c0s31b0n0:58590:61772 [2] NCCL INFO New proxy recv connection 6 from local rank 2, transport 0
x3103c0s31b0n0:58591:61651 [3] NCCL INFO Connection to proxy localRank 3 -> connection 0x146e74000e00
x3103c0s31b0n0:58591:61651 [3] NCCL INFO Channel 02/0 : 11[c7000] -> 13[46000] [send] via NET/IB/1
x3103c0s31b0n0:58591:61651 [3] NCCL INFO GPU Direct RDMA Disabled for GPU c7000 / HCA 0 (distance 6 > 4)
x3103c0s31b0n0:58591:61773 [3] NCCL INFO New proxy send connection 7 from local rank 3, transport 2
x3103c0s31b0n0:58590:61650 [2] NCCL INFO Connection to proxy localRank 2 -> connection 0x1537a8000e00
x3103c0s31b0n0:58590:61772 [2] NCCL INFO transport/p2p.cc:449 Cuda Alloc Size 6291456 pointer 0x1537cd200000
x3103c0s31b0n0:58591:61651 [3] NCCL INFO Connection to proxy localRank 3 -> connection 0x146e74000e40
x3103c0s31b0n0:58591:61651 [3] NCCL INFO Channel 03/0 : 11[c7000] -> 13[46000] [send] via NET/IB/0
x3103c0s31b0n0:58591:61773 [3] NCCL INFO transport/net_ib.cc:596 Ib Alloc Size 26560 pointer 0x146e7401f000
x3103c0s31b0n0:58590:61772 [2] NCCL INFO New proxy recv connection 7 from local rank 2, transport 0
x3103c0s31b0n0:58591:61773 [3] NCCL INFO NET/IB: Dev 1 Port 1 qpn 11449 mtu 5 GID 0 (80FE/5B2100FEFF000000)
x3103c0s31b0n0:58591:61773 [3] NCCL INFO transport/net_ib.cc:653 Ib Alloc Size 552 pointer 0x146e74037000
x3103c0s31b0n0:58591:61773 [3] NCCL INFO transport/net.cc:571 Cuda Host Alloc Size 9641984 pointer 0x146e93600000
x3103c0s31b0n0:58589:61771 [1] NCCL INFO transport/net_ib.cc:771 Ib Alloc Size 552 pointer 0x14dfe8089000
x3103c0s31b0n0:58589:61771 [1] NCCL INFO transport/net.cc:698 Cuda Host Alloc Size 9641984 pointer 0x14dff5600000
x3103c0s31b0n0:58591:61773 [3] NCCL INFO transport/net_ib.cc:596 Ib Alloc Size 26560 pointer 0x146e74039000
x3103c0s31b0n0:58589:61771 [1] NCCL INFO transport/net_ib.cc:683 Ib Alloc Size 21688 pointer 0x14dfe808b000
x3103c0s31b0n0:58589:61771 [1] NCCL INFO transport/net_ib.cc:696 Ib Alloc Size 552 pointer 0x14dfe8092000
x3103c0s31b0n0:58591:61773 [3] NCCL INFO NET/IB: Dev 0 Port 1 qpn 11595 mtu 5 GID 0 (80FE/1E2100FEFF000000)
x3103c0s31b0n0:58591:61773 [3] NCCL INFO transport/net_ib.cc:653 Ib Alloc Size 552 pointer 0x146e74050000
x3103c0s31b0n0:58591:61773 [3] NCCL INFO transport/net.cc:571 Cuda Host Alloc Size 9641984 pointer 0x146e95600000
x3103c0s31b0n0:58590:61650 [2] NCCL INFO Connection to proxy localRank 2 -> connection 0x1537a8000e40
x3103c0s31b0n0:58590:61772 [2] NCCL INFO transport/p2p.cc:449 Cuda Alloc Size 6291456 pointer 0x1537cd800000
x3103c0s31b0n0:58589:61771 [1] NCCL INFO transport/net_ib.cc:771 Ib Alloc Size 552 pointer 0x14dfe80ad000
x3103c0s31b0n0:58589:61771 [1] NCCL INFO transport/net.cc:698 Cuda Host Alloc Size 9641984 pointer 0x14dff7200000
x3103c0s31b0n0:58591:61773 [3] NCCL INFO transport/net_ib.cc:596 Ib Alloc Size 26560 pointer 0x146e74052000
x3103c0s31b0n0:58589:61652 [1] NCCL INFO Channel 00/0 : 9[46000] -> 8[7000] via P2P/IPC/read
x3103c0s31b0n0:58589:61771 [1] NCCL INFO New proxy send connection 4 from local rank 1, transport 0
x3103c0s31b0n0:58591:61773 [3] NCCL INFO NET/IB: Dev 1 Port 1 qpn 11452 mtu 5 GID 0 (80FE/5B2100FEFF000000)
x3103c0s31b0n0:58591:61773 [3] NCCL INFO transport/net_ib.cc:653 Ib Alloc Size 552 pointer 0x146e74069000
x3103c0s31b0n0:58591:61773 [3] NCCL INFO transport/net.cc:571 Cuda Host Alloc Size 9641984 pointer 0x146e97200000
x3103c0s31b0n0:58590:61650 [2] NCCL INFO Connected all rings
x3103c0s31b0n0:58590:61772 [2] NCCL INFO New proxy recv connection 8 from local rank 2, transport 0
x3103c0s31b0n0:58588:61762 [0] NCCL INFO New proxy recv connection 4 from local rank 0, transport 0
x3103c0s31b0n0:58589:61652 [1] NCCL INFO Connection to proxy localRank 1 -> connection 0x14dfe8000d80
x3103c0s31b0n0:58590:61650 [2] NCCL INFO Connection to proxy localRank 2 -> connection 0x1537a8000e80
x3103c0s31b0n0:58590:61772 [2] NCCL INFO transport/p2p.cc:449 Cuda Alloc Size 6291456 pointer 0x1537d9200000
x3103c0s31b0n0:58588:61653 [0] NCCL INFO Connection to proxy localRank 0 -> connection 0x14acdc000d80
x3103c0s31b0n0:58588:61762 [0] NCCL INFO transport/p2p.cc:449 Cuda Alloc Size 6291456 pointer 0x14acfd600000
x3103c0s31b0n0:58591:61773 [3] NCCL INFO transport/net_ib.cc:596 Ib Alloc Size 26560 pointer 0x146e7406b000
x3103c0s31b0n0:58589:61771 [1] NCCL INFO transport/p2p.cc:430 Cuda Alloc Size 6291456 pointer 0x14dfeda00000
x3103c0s31b0n0:58589:61652 [1] NCCL INFO Channel 01/0 : 9[46000] -> 8[7000] via P2P/IPC/read
x3103c0s31b0n0:58589:61771 [1] NCCL INFO New proxy send connection 5 from local rank 1, transport 0
x3103c0s31b0n0:58590:61772 [2] NCCL INFO New proxy recv connection 9 from local rank 2, transport 0
x3103c0s31b0n0:58591:61773 [3] NCCL INFO NET/IB: Dev 0 Port 1 qpn 11598 mtu 5 GID 0 (80FE/1E2100FEFF000000)
x3103c0s31b0n0:58591:61773 [3] NCCL INFO transport/net_ib.cc:653 Ib Alloc Size 552 pointer 0x146e74082000
x3103c0s31b0n0:58591:61773 [3] NCCL INFO transport/net.cc:571 Cuda Host Alloc Size 9641984 pointer 0x146e99600000
x3103c0s31b0n0:58588:61762 [0] NCCL INFO New proxy recv connection 5 from local rank 0, transport 0
x3103c0s31b0n0:58589:61652 [1] NCCL INFO Connection to proxy localRank 1 -> connection 0x14dfe8000dc0
x3103c0s31b0n0:58589:61771 [1] NCCL INFO transport/p2p.cc:430 Cuda Alloc Size 6291456 pointer 0x14dff9600000
x3103c0s31b0n0:58590:61650 [2] NCCL INFO Connection to proxy localRank 2 -> connection 0x1537a8000ec0
x3103c0s31b0n0:58590:61772 [2] NCCL INFO transport/p2p.cc:449 Cuda Alloc Size 6291456 pointer 0x1537d9800000
x3103c0s31b0n0:58591:61651 [3] NCCL INFO Connected all rings
x3103c0s31b0n0:58591:61651 [3] NCCL INFO Channel 00/0 : 11[c7000] -> 10[85000] via P2P/IPC/read
x3103c0s31b0n0:58591:61773 [3] NCCL INFO New proxy send connection 8 from local rank 3, transport 0
x3103c0s31b0n0:58591:61651 [3] NCCL INFO Connection to proxy localRank 3 -> connection 0x146e74000e80
x3103c0s31b0n0:58589:61652 [1] NCCL INFO Channel 02/0 : 9[46000] -> 8[7000] via P2P/IPC/read
x3103c0s31b0n0:58589:61771 [1] NCCL INFO New proxy send connection 6 from local rank 1, transport 0
x3103c0s31b0n0:58588:61653 [0] NCCL INFO Connection to proxy localRank 0 -> connection 0x14acdc000dc0
x3103c0s31b0n0:58591:61773 [3] NCCL INFO transport/p2p.cc:430 Cuda Alloc Size 6291456 pointer 0x146e9b600000
x3103c0s31b0n0:58590:61772 [2] NCCL INFO New proxy recv connection 10 from local rank 2, transport 0
x3103c0s31b0n0:58588:61762 [0] NCCL INFO transport/p2p.cc:449 Cuda Alloc Size 6291456 pointer 0x14acff600000
x3103c0s31b0n0:58591:61651 [3] NCCL INFO Channel 01/0 : 11[c7000] -> 10[85000] via P2P/IPC/read
x3103c0s31b0n0:58591:61773 [3] NCCL INFO New proxy send connection 9 from local rank 3, transport 0
x3103c0s31b0n0:58589:61652 [1] NCCL INFO Connection to proxy localRank 1 -> connection 0x14dfe8000e00
