x3012c0s13b0n0:47347:52247 [1] NCCL INFO Connection to proxy localRank 1 -> connection 0x154964000cc0
x3012c0s13b0n0:47351:52248 [2] NCCL INFO Connection to proxy localRank 2 -> connection 0x1542d8000cc0
x3012c0s13b0n0:47351:52403 [2] NCCL INFO transport/p2p.cc:430 Cuda Alloc Size 6291456 pointer 0x154354600000
x3012c0s13b0n0:47345:52250 [0] NCCL INFO Channel 03/0 : 0[7000] -> 2[85000] via P2P/IPC/read
x3012c0s13b0n0:47345:52397 [0] NCCL INFO New proxy send connection 3 from local rank 0, transport 0
x3012c0s13b0n0:47353:52404 [3] NCCL INFO New proxy recv connection 1 from local rank 3, transport 0
x3012c0s13b0n0:47345:52250 [0] NCCL INFO Connection to proxy localRank 0 -> connection 0x1504fc000d40
x3012c0s13b0n0:47345:52397 [0] NCCL INFO transport/p2p.cc:430 Cuda Alloc Size 6291456 pointer 0x15052b400000
x3012c0s13b0n0:47351:52248 [2] NCCL INFO Channel 02/0 : 2[85000] -> 3[c7000] via P2P/IPC/read
x3012c0s13b0n0:47351:52403 [2] NCCL INFO New proxy send connection 2 from local rank 2, transport 0
x3012c0s13b0n0:47347:52247 [1] NCCL INFO Channel 01/0 : 19[c7000] -> 1[46000] [receive] via NET/IB/0
x3012c0s13b0n0:47347:52247 [1] NCCL INFO GPU Direct RDMA Disabled for GPU 46000 / HCA 1 (distance 6 > 4)
x3012c0s13b0n0:47347:52398 [1] NCCL INFO New proxy recv connection 2 from local rank 1, transport 2
x3012c0s13b0n0:47353:52249 [3] NCCL INFO Connection to proxy localRank 3 -> connection 0x14b6dc000cc0
x3012c0s13b0n0:47353:52404 [3] NCCL INFO transport/p2p.cc:449 Cuda Alloc Size 6291456 pointer 0x14b74f800000
x3012c0s13b0n0:47347:52247 [1] NCCL INFO Connection to proxy localRank 1 -> connection 0x154964000d00
x3012c0s13b0n0:47347:52247 [1] NCCL INFO Channel 02/0 : 19[c7000] -> 1[46000] [receive] via NET/IB/1
x3012c0s13b0n0:47347:52247 [1] NCCL INFO GPU Direct RDMA Disabled for GPU 46000 / HCA 0 (distance 7 > 4)
x3012c0s13b0n0:47351:52248 [2] NCCL INFO Connection to proxy localRank 2 -> connection 0x1542d8000d00
x3012c0s13b0n0:47351:52403 [2] NCCL INFO transport/p2p.cc:430 Cuda Alloc Size 6291456 pointer 0x154354c00000
x3012c0s13b0n0:47347:52398 [1] NCCL INFO New proxy recv connection 3 from local rank 1, transport 2
x3012c0s13b0n0:47353:52404 [3] NCCL INFO New proxy recv connection 2 from local rank 3, transport 0
x3012c0s13b0n0:47351:52248 [2] NCCL INFO Channel 03/0 : 2[85000] -> 3[c7000] via P2P/IPC/read
x3012c0s13b0n0:47351:52403 [2] NCCL INFO New proxy send connection 3 from local rank 2, transport 0
x3012c0s13b0n0:47347:52247 [1] NCCL INFO Connection to proxy localRank 1 -> connection 0x154964000d40
x3012c0s13b0n0:47353:52249 [3] NCCL INFO Connection to proxy localRank 3 -> connection 0x14b6dc000d00
x3012c0s13b0n0:47353:52404 [3] NCCL INFO transport/p2p.cc:449 Cuda Alloc Size 6291456 pointer 0x14b74fe00000
x3012c0s13b0n0:47351:52248 [2] NCCL INFO Connection to proxy localRank 2 -> connection 0x1542d8000d40
x3012c0s13b0n0:47351:52403 [2] NCCL INFO transport/p2p.cc:430 Cuda Alloc Size 6291456 pointer 0x154355200000
x3012c0s13b0n0:47347:52247 [1] NCCL INFO Channel 03/0 : 19[c7000] -> 1[46000] [receive] via NET/IB/0
x3012c0s13b0n0:47353:52404 [3] NCCL INFO New proxy recv connection 3 from local rank 3, transport 0
x3012c0s13b0n0:47353:52249 [3] NCCL INFO Connection to proxy localRank 3 -> connection 0x14b6dc000d40
x3012c0s13b0n0:47353:52404 [3] NCCL INFO transport/p2p.cc:449 Cuda Alloc Size 6291456 pointer 0x14b750400000
x3012c0s13b0n0:47353:52249 [3] NCCL INFO GPU Direct RDMA Disabled for GPU c7000 / HCA 1 (distance 7 > 4)
x3012c0s13b0n0:47351:52403 [2] NCCL INFO New proxy recv connection 4 from local rank 2, transport 0
x3012c0s13b0n0:47351:52248 [2] NCCL INFO Connection to proxy localRank 2 -> connection 0x1542d8000d80
x3012c0s13b0n0:47351:52403 [2] NCCL INFO transport/p2p.cc:449 Cuda Alloc Size 6291456 pointer 0x1542d3800000
x3012c0s13b0n0:47353:52404 [3] NCCL INFO Allocated 4194656 bytes of shared memory in /dev/shm/nccl-LBJj5N

x3012c0s13b0n0:47353:52404 [3] NCCL INFO New proxy send connection 4 from local rank 3, transport 2
x3012c0s13b0n0:47351:52403 [2] NCCL INFO New proxy recv connection 5 from local rank 2, transport 0
x3012c0s13b0n0:47353:52249 [3] NCCL INFO Connection to proxy localRank 3 -> connection 0x14b6dc000d80
x3012c0s13b0n0:47353:52249 [3] NCCL INFO Channel 00/0 : 3[c7000] -> 5[46000] [send] via NET/IB/1
x3012c0s13b0n0:47353:52249 [3] NCCL INFO GPU Direct RDMA Disabled for GPU c7000 / HCA 0 (distance 6 > 4)
x3012c0s13b0n0:47353:52404 [3] NCCL INFO New proxy send connection 5 from local rank 3, transport 2
x3012c0s13b0n0:47353:52249 [3] NCCL INFO Connection to proxy localRank 3 -> connection 0x14b6dc000dc0
x3012c0s13b0n0:47353:52249 [3] NCCL INFO Channel 01/0 : 3[c7000] -> 5[46000] [send] via NET/IB/0
x3012c0s13b0n0:47353:52249 [3] NCCL INFO GPU Direct RDMA Disabled for GPU c7000 / HCA 1 (distance 7 > 4)
x3012c0s13b0n0:47351:52248 [2] NCCL INFO Connection to proxy localRank 2 -> connection 0x1542d8000dc0
x3012c0s13b0n0:47351:52403 [2] NCCL INFO transport/p2p.cc:449 Cuda Alloc Size 6291456 pointer 0x1542d0000000
x3012c0s13b0n0:47353:52404 [3] NCCL INFO New proxy send connection 6 from local rank 3, transport 2
x3012c0s13b0n0:47353:52249 [3] NCCL INFO Connection to proxy localRank 3 -> connection 0x14b6dc000e00
x3012c0s13b0n0:47353:52249 [3] NCCL INFO Channel 02/0 : 3[c7000] -> 5[46000] [send] via NET/IB/1
x3012c0s13b0n0:47353:52249 [3] NCCL INFO GPU Direct RDMA Disabled for GPU c7000 / HCA 0 (distance 6 > 4)
x3012c0s13b0n0:47353:52404 [3] NCCL INFO New proxy send connection 7 from local rank 3, transport 2
x3012c0s13b0n0:47351:52403 [2] NCCL INFO New proxy recv connection 6 from local rank 2, transport 0
x3012c0s13b0n0:47351:52248 [2] NCCL INFO Connection to proxy localRank 2 -> connection 0x1542d8000e00
x3012c0s13b0n0:47351:52403 [2] NCCL INFO transport/p2p.cc:449 Cuda Alloc Size 6291456 pointer 0x1542d0600000
x3012c0s13b0n0:47351:52403 [2] NCCL INFO New proxy recv connection 7 from local rank 2, transport 0
x3012c0s13b0n0:47353:52249 [3] NCCL INFO Connection to proxy localRank 3 -> connection 0x14b6dc000e40
x3012c0s13b0n0:47353:52249 [3] NCCL INFO Channel 03/0 : 3[c7000] -> 5[46000] [send] via NET/IB/0
x3012c0s13b0n0:47347:52398 [1] NCCL INFO transport/net_ib.cc:683 Ib Alloc Size 21688 pointer 0x15496401d000
x3012c0s13b0n0:47347:52398 [1] NCCL INFO transport/net_ib.cc:696 Ib Alloc Size 552 pointer 0x154964024000
x3012c0s13b0n0:47353:52404 [3] NCCL INFO transport/net_ib.cc:596 Ib Alloc Size 26560 pointer 0x14b6dc020000
x3012c0s13b0n0:47353:52404 [3] NCCL INFO NET/IB: Dev 1 Port 1 qpn 24073 mtu 5 GID 0 (80FE/9A1100FEFF000000)
x3012c0s13b0n0:47353:52404 [3] NCCL INFO transport/net_ib.cc:653 Ib Alloc Size 552 pointer 0x14b6dc038000
x3012c0s13b0n0:47353:52404 [3] NCCL INFO transport/net.cc:571 Cuda Host Alloc Size 9641984 pointer 0x14b6d6c00000
x3012c0s13b0n0:47347:52398 [1] NCCL INFO transport/net_ib.cc:771 Ib Alloc Size 552 pointer 0x154964041000
x3012c0s13b0n0:47347:52398 [1] NCCL INFO transport/net.cc:698 Cuda Host Alloc Size 9641984 pointer 0x1549dea00000
x3012c0s13b0n0:47347:52398 [1] NCCL INFO transport/net_ib.cc:683 Ib Alloc Size 21688 pointer 0x154964043000
x3012c0s13b0n0:47351:52248 [2] NCCL INFO Connection to proxy localRank 2 -> connection 0x1542d8000e40
x3012c0s13b0n0:47351:52403 [2] NCCL INFO transport/p2p.cc:449 Cuda Alloc Size 6291456 pointer 0x1542d0c00000
x3012c0s13b0n0:47353:52404 [3] NCCL INFO transport/net_ib.cc:596 Ib Alloc Size 26560 pointer 0x14b6dc03a000
x3012c0s13b0n0:47353:52404 [3] NCCL INFO NET/IB: Dev 0 Port 1 qpn 25245 mtu 5 GID 0 (80FE/DF1100FEFF000000)
x3012c0s13b0n0:47353:52404 [3] NCCL INFO transport/net_ib.cc:653 Ib Alloc Size 552 pointer 0x14b6dc051000
x3012c0s13b0n0:47353:52404 [3] NCCL INFO transport/net.cc:571 Cuda Host Alloc Size 9641984 pointer 0x14b6d7600000
x3012c0s13b0n0:47347:52398 [1] NCCL INFO transport/net_ib.cc:696 Ib Alloc Size 552 pointer 0x15496404a000
x3012c0s13b0n0:47353:52404 [3] NCCL INFO transport/net_ib.cc:596 Ib Alloc Size 26560 pointer 0x14b6dc053000
x3012c0s13b0n0:47353:52404 [3] NCCL INFO NET/IB: Dev 1 Port 1 qpn 24076 mtu 5 GID 0 (80FE/9A1100FEFF000000)
x3012c0s13b0n0:47353:52404 [3] NCCL INFO transport/net_ib.cc:653 Ib Alloc Size 552 pointer 0x14b6dc06a000
x3012c0s13b0n0:47353:52404 [3] NCCL INFO transport/net.cc:571 Cuda Host Alloc Size 9641984 pointer 0x14b6ce000000
x3012c0s13b0n0:47347:52398 [1] NCCL INFO transport/net_ib.cc:771 Ib Alloc Size 552 pointer 0x154964065000
x3012c0s13b0n0:47347:52398 [1] NCCL INFO transport/net.cc:698 Cuda Host Alloc Size 9641984 pointer 0x1549df400000
x3012c0s13b0n0:47353:52404 [3] NCCL INFO transport/net_ib.cc:596 Ib Alloc Size 26560 pointer 0x14b6dc06c000
x3012c0s13b0n0:47347:52398 [1] NCCL INFO transport/net_ib.cc:683 Ib Alloc Size 21688 pointer 0x154964067000
x3012c0s13b0n0:47347:52398 [1] NCCL INFO transport/net_ib.cc:696 Ib Alloc Size 552 pointer 0x15496406e000
x3012c0s13b0n0:47351:52248 [2] NCCL INFO Connected all rings
x3012c0s13b0n0:47347:52398 [1] NCCL INFO transport/net_ib.cc:771 Ib Alloc Size 552 pointer 0x154964089000
x3012c0s13b0n0:47347:52398 [1] NCCL INFO transport/net.cc:698 Cuda Host Alloc Size 9641984 pointer 0x1549dfe00000
x3012c0s13b0n0:47351:52403 [2] NCCL INFO New proxy recv connection 8 from local rank 2, transport 0
x3012c0s13b0n0:47345:52397 [0] NCCL INFO New proxy recv connection 4 from local rank 0, transport 0
x3012c0s13b0n0:47353:52404 [3] NCCL INFO NET/IB: Dev 0 Port 1 qpn 25248 mtu 5 GID 0 (80FE/DF1100FEFF000000)
x3012c0s13b0n0:47353:52404 [3] NCCL INFO transport/net_ib.cc:653 Ib Alloc Size 552 pointer 0x14b6dc083000
x3012c0s13b0n0:47353:52404 [3] NCCL INFO transport/net.cc:571 Cuda Host Alloc Size 9641984 pointer 0x14b6cea00000
x3012c0s13b0n0:47347:52398 [1] NCCL INFO transport/net_ib.cc:683 Ib Alloc Size 21688 pointer 0x15496408b000
x3012c0s13b0n0:47347:52398 [1] NCCL INFO transport/net_ib.cc:696 Ib Alloc Size 552 pointer 0x154964092000
x3012c0s13b0n0:47353:52249 [3] NCCL INFO Connected all rings
x3012c0s13b0n0:47353:52249 [3] NCCL INFO Channel 00/0 : 3[c7000] -> 2[85000] via P2P/IPC/read
x3012c0s13b0n0:47353:52404 [3] NCCL INFO New proxy send connection 8 from local rank 3, transport 0
x3012c0s13b0n0:47351:52248 [2] NCCL INFO Connection to proxy localRank 2 -> connection 0x1542d8000e80
x3012c0s13b0n0:47351:52403 [2] NCCL INFO transport/p2p.cc:449 Cuda Alloc Size 6291456 pointer 0x1542cec00000
x3012c0s13b0n0:47345:52250 [0] NCCL INFO Connection to proxy localRank 0 -> connection 0x1504fc000d80
x3012c0s13b0n0:47345:52397 [0] NCCL INFO transport/p2p.cc:449 Cuda Alloc Size 6291456 pointer 0x15059ca00000
x3012c0s13b0n0:47347:52398 [1] NCCL INFO transport/net_ib.cc:771 Ib Alloc Size 552 pointer 0x1549640ad000
x3012c0s13b0n0:47347:52398 [1] NCCL INFO transport/net.cc:698 Cuda Host Alloc Size 9641984 pointer 0x1549e0800000
x3012c0s13b0n0:47351:52403 [2] NCCL INFO New proxy recv connection 9 from local rank 2, transport 0
x3012c0s13b0n0:47353:52249 [3] NCCL INFO Connection to proxy localRank 3 -> connection 0x14b6dc000e80
x3012c0s13b0n0:47353:52404 [3] NCCL INFO transport/p2p.cc:430 Cuda Alloc Size 6291456 pointer 0x14b6cf400000
x3012c0s13b0n0:47345:52397 [0] NCCL INFO New proxy recv connection 5 from local rank 0, transport 0
x3012c0s13b0n0:47347:52247 [1] NCCL INFO Channel 00/0 : 1[46000] -> 0[7000] via P2P/IPC/read
x3012c0s13b0n0:47347:52398 [1] NCCL INFO New proxy send connection 4 from local rank 1, transport 0
x3012c0s13b0n0:47351:52248 [2] NCCL INFO Connection to proxy localRank 2 -> connection 0x1542d8000ec0
x3012c0s13b0n0:47351:52403 [2] NCCL INFO transport/p2p.cc:449 Cuda Alloc Size 6291456 pointer 0x1542cf200000
x3012c0s13b0n0:47351:52403 [2] NCCL INFO New proxy recv connection 10 from local rank 2, transport 0
x3012c0s13b0n0:47345:52250 [0] NCCL INFO Connection to proxy localRank 0 -> connection 0x1504fc000dc0
x3012c0s13b0n0:47345:52397 [0] NCCL INFO transport/p2p.cc:449 Cuda Alloc Size 6291456 pointer 0x15059d000000
x3012c0s13b0n0:47345:52397 [0] NCCL INFO New proxy recv connection 6 from local rank 0, transport 0
x3012c0s13b0n0:47353:52249 [3] NCCL INFO Channel 01/0 : 3[c7000] -> 2[85000] via P2P/IPC/read
x3012c0s13b0n0:47353:52404 [3] NCCL INFO New proxy send connection 9 from local rank 3, transport 0
x3012c0s13b0n0:47345:52250 [0] NCCL INFO Connection to proxy localRank 0 -> connection 0x1504fc000e00
x3012c0s13b0n0:47345:52397 [0] NCCL INFO transport/p2p.cc:449 Cuda Alloc Size 6291456 pointer 0x1504f2000000
x3012c0s13b0n0:47351:52248 [2] NCCL INFO Connection to proxy localRank 2 -> connection 0x1542d8000f00
x3012c0s13b0n0:47351:52403 [2] NCCL INFO transport/p2p.cc:449 Cuda Alloc Size 6291456 pointer 0x1542cf800000
x3012c0s13b0n0:47347:52247 [1] NCCL INFO Connection to proxy localRank 1 -> connection 0x154964000d80
x3012c0s13b0n0:47347:52398 [1] NCCL INFO transport/p2p.cc:430 Cuda Alloc Size 6291456 pointer 0x1549e1200000
x3012c0s13b0n0:47347:52247 [1] NCCL INFO Channel 01/0 : 1[46000] -> 0[7000] via P2P/IPC/read
x3012c0s13b0n0:47347:52398 [1] NCCL INFO New proxy send connection 5 from local rank 1, transport 0
x3012c0s13b0n0:47345:52397 [0] NCCL INFO New proxy recv connection 7 from local rank 0, transport 0
x3012c0s13b0n0:47353:52249 [3] NCCL INFO Connection to proxy localRank 3 -> connection 0x14b6dc000ec0
x3012c0s13b0n0:47353:52404 [3] NCCL INFO transport/p2p.cc:430 Cuda Alloc Size 6291456 pointer 0x14b6cfa00000
x3012c0s13b0n0:47347:52247 [1] NCCL INFO Connection to proxy localRank 1 -> connection 0x154964000dc0
x3012c0s13b0n0:47347:52398 [1] NCCL INFO transport/p2p.cc:430 Cuda Alloc Size 6291456 pointer 0x15495e000000
x3012c0s13b0n0:47351:52403 [2] NCCL INFO New proxy recv connection 11 from local rank 2, transport 0
x3012c0s13b0n0:47347:52247 [1] NCCL INFO Channel 02/0 : 1[46000] -> 0[7000] via P2P/IPC/read
x3012c0s13b0n0:47347:52398 [1] NCCL INFO New proxy send connection 6 from local rank 1, transport 0
x3012c0s13b0n0:47345:52250 [0] NCCL INFO Connection to proxy localRank 0 -> connection 0x1504fc000e40
x3012c0s13b0n0:47351:52248 [2] NCCL INFO Connection to proxy localRank 2 -> connection 0x1542d8000f40
x3012c0s13b0n0:47351:52403 [2] NCCL INFO transport/p2p.cc:449 Cuda Alloc Size 6291456 pointer 0x1542cc000000
x3012c0s13b0n0:47345:52397 [0] NCCL INFO transport/p2p.cc:449 Cuda Alloc Size 6291456 pointer 0x1504f2600000
x3012c0s13b0n0:47353:52249 [3] NCCL INFO Channel 02/0 : 3[c7000] -> 2[85000] via P2P/IPC/read
x3012c0s13b0n0:47353:52404 [3] NCCL INFO New proxy send connection 10 from local rank 3, transport 0
x3012c0s13b0n0:47347:52247 [1] NCCL INFO Connection to proxy localRank 1 -> connection 0x154964000e00
x3012c0s13b0n0:47347:52398 [1] NCCL INFO transport/p2p.cc:430 Cuda Alloc Size 6291456 pointer 0x15495e600000
x3012c0s13b0n0:47347:52247 [1] NCCL INFO Channel 03/0 : 1[46000] -> 0[7000] via P2P/IPC/read
x3012c0s13b0n0:47347:52398 [1] NCCL INFO New proxy send connection 7 from local rank 1, transport 0
x3012c0s13b0n0:47353:52249 [3] NCCL INFO Connection to proxy localRank 3 -> connection 0x14b6dc000f00
x3012c0s13b0n0:47353:52404 [3] NCCL INFO transport/p2p.cc:430 Cuda Alloc Size 6291456 pointer 0x14b6cc000000
x3012c0s13b0n0:47347:52247 [1] NCCL INFO Connection to proxy localRank 1 -> connection 0x154964000e40
x3012c0s13b0n0:47347:52398 [1] NCCL INFO transport/p2p.cc:430 Cuda Alloc Size 6291456 pointer 0x15495ec00000
x3012c0s13b0n0:47347:52247 [1] NCCL INFO Connected all rings
x3012c0s13b0n0:47345:52250 [0] NCCL INFO Connected all rings
x3012c0s13b0n0:47345:52250 [0] NCCL INFO Channel 00/0 : 0[7000] -> 1[46000] via P2P/IPC/read
x3012c0s13b0n0:47345:52397 [0] NCCL INFO New proxy send connection 8 from local rank 0, transport 0
x3012c0s13b0n0:47353:52249 [3] NCCL INFO Channel 03/0 : 3[c7000] -> 2[85000] via P2P/IPC/read
x3012c0s13b0n0:47353:52404 [3] NCCL INFO New proxy send connection 11 from local rank 3, transport 0
x3012c0s13b0n0:47347:52398 [1] NCCL INFO New proxy recv connection 8 from local rank 1, transport 0
x3012c0s13b0n0:47345:52250 [0] NCCL INFO Connection to proxy localRank 0 -> connection 0x1504fc000e80
x3012c0s13b0n0:47345:52397 [0] NCCL INFO transport/p2p.cc:430 Cuda Alloc Size 6291456 pointer 0x1504ea600000
x3012c0s13b0n0:47345:52250 [0] NCCL INFO Channel 01/0 : 0[7000] -> 1[46000] via P2P/IPC/read
x3012c0s13b0n0:47345:52397 [0] NCCL INFO New proxy send connection 9 from local rank 0, transport 0
x3012c0s13b0n0:47353:52249 [3] NCCL INFO Connection to proxy localRank 3 -> connection 0x14b6dc000f40
x3012c0s13b0n0:47353:52404 [3] NCCL INFO transport/p2p.cc:430 Cuda Alloc Size 6291456 pointer 0x14b6cc600000
x3012c0s13b0n0:47347:52247 [1] NCCL INFO Connection to proxy localRank 1 -> connection 0x154964000e80
x3012c0s13b0n0:47347:52398 [1] NCCL INFO transport/p2p.cc:449 Cuda Alloc Size 6291456 pointer 0x154956c00000
x3012c0s13b0n0:47345:52250 [0] NCCL INFO Connection to proxy localRank 0 -> connection 0x1504fc000ec0
x3012c0s13b0n0:47345:52397 [0] NCCL INFO transport/p2p.cc:430 Cuda Alloc Size 6291456 pointer 0x1504eac00000
x3012c0s13b0n0:47345:52250 [0] NCCL INFO Channel 02/0 : 0[7000] -> 1[46000] via P2P/IPC/read
x3012c0s13b0n0:47345:52397 [0] NCCL INFO New proxy send connection 10 from local rank 0, transport 0
x3012c0s13b0n0:47347:52398 [1] NCCL INFO New proxy recv connection 9 from local rank 1, transport 0
x3012c0s13b0n0:47345:52250 [0] NCCL INFO Connection to proxy localRank 0 -> connection 0x1504fc000f00
x3012c0s13b0n0:47345:52397 [0] NCCL INFO transport/p2p.cc:430 Cuda Alloc Size 6291456 pointer 0x1504eb200000
x3012c0s13b0n0:47345:52250 [0] NCCL INFO Channel 03/0 : 0[7000] -> 1[46000] via P2P/IPC/read
x3012c0s13b0n0:47345:52397 [0] NCCL INFO New proxy send connection 11 from local rank 0, transport 0
x3012c0s13b0n0:47347:52247 [1] NCCL INFO Connection to proxy localRank 1 -> connection 0x154964000ec0
x3012c0s13b0n0:47347:52398 [1] NCCL INFO transport/p2p.cc:449 Cuda Alloc Size 6291456 pointer 0x154957200000
x3012c0s13b0n0:47345:52250 [0] NCCL INFO Connection to proxy localRank 0 -> connection 0x1504fc000f40
x3012c0s13b0n0:47345:52397 [0] NCCL INFO transport/p2p.cc:430 Cuda Alloc Size 6291456 pointer 0x1504eb800000
x3012c0s13b0n0:47347:52398 [1] NCCL INFO New proxy recv connection 10 from local rank 1, transport 0
x3012c0s13b0n0:47347:52247 [1] NCCL INFO Connection to proxy localRank 1 -> connection 0x154964000f00
x3012c0s13b0n0:47347:52398 [1] NCCL INFO transport/p2p.cc:449 Cuda Alloc Size 6291456 pointer 0x154957800000
x3012c0s13b0n0:47347:52398 [1] NCCL INFO New proxy recv connection 11 from local rank 1, transport 0
x3012c0s13b0n0:47347:52247 [1] NCCL INFO Connection to proxy localRank 1 -> connection 0x154964000f40
x3012c0s13b0n0:47347:52398 [1] NCCL INFO transport/p2p.cc:449 Cuda Alloc Size 6291456 pointer 0x154954000000
x3012c0s13b0n0:47347:52247 [1] NCCL INFO Channel 00/0 : 1[46000] -> 2[85000] via P2P/IPC/read
x3012c0s13b0n0:47347:52398 [1] NCCL INFO New proxy send connection 12 from local rank 1, transport 0
x3012c0s13b0n0:47347:52247 [1] NCCL INFO Connection to proxy localRank 1 -> connection 0x154964000f80
x3012c0s13b0n0:47347:52398 [1] NCCL INFO transport/p2p.cc:430 Cuda Alloc Size 6291456 pointer 0x154954600000
x3012c0s13b0n0:47347:52247 [1] NCCL INFO Channel 01/0 : 1[46000] -> 2[85000] via P2P/IPC/read
x3012c0s13b0n0:47347:52398 [1] NCCL INFO New proxy send connection 13 from local rank 1, transport 0
x3012c0s13b0n0:47347:52247 [1] NCCL INFO Connection to proxy localRank 1 -> connection 0x154964000fc0
x3012c0s13b0n0:47347:52398 [1] NCCL INFO transport/p2p.cc:430 Cuda Alloc Size 6291456 pointer 0x154954c00000
x3012c0s13b0n0:47347:52247 [1] NCCL INFO Channel 02/0 : 1[46000] -> 2[85000] via P2P/IPC/read
x3012c0s13b0n0:47347:52398 [1] NCCL INFO New proxy send connection 14 from local rank 1, transport 0
x3012c0s13b0n0:47347:52247 [1] NCCL INFO Connection to proxy localRank 1 -> connection 0x154964001000
x3012c0s13b0n0:47347:52398 [1] NCCL INFO transport/p2p.cc:430 Cuda Alloc Size 6291456 pointer 0x154955200000
x3012c0s13b0n0:47347:52247 [1] NCCL INFO Channel 03/0 : 1[46000] -> 2[85000] via P2P/IPC/read
x3012c0s13b0n0:47347:52398 [1] NCCL INFO New proxy send connection 15 from local rank 1, transport 0
x3012c0s13b0n0:47347:52247 [1] NCCL INFO Connection to proxy localRank 1 -> connection 0x154964001040
x3012c0s13b0n0:47347:52398 [1] NCCL INFO transport/p2p.cc:430 Cuda Alloc Size 6291456 pointer 0x154955800000
x3012c0s13b0n0:47347:52247 [1] NCCL INFO GPU Direct RDMA Disabled for GPU 46000 / HCA 1 (distance 6 > 4)
x3012c0s13b0n0:47351:52403 [2] NCCL INFO New proxy recv connection 12 from local rank 2, transport 0
x3012c0s13b0n0:47347:52398 [1] NCCL INFO New proxy recv connection 16 from local rank 1, transport 2
x3012c0s13b0n0:47345:52250 [0] NCCL INFO GPU Direct RDMA Disabled for GPU 7000 / HCA 1 (distance 7 > 4)
x3012c0s13b0n0:47345:52397 [0] NCCL INFO Allocated 4194656 bytes of shared memory in /dev/shm/nccl-KFABxb

x3012c0s13b0n0:47345:52397 [0] NCCL INFO New proxy recv connection 12 from local rank 0, transport 2
x3012c0s13b0n0:47351:52248 [2] NCCL INFO Connection to proxy localRank 2 -> connection 0x1542d8000f80
x3012c0s13b0n0:47351:52403 [2] NCCL INFO transport/p2p.cc:449 Cuda Alloc Size 6291456 pointer 0x1542ca000000
x3012c0s13b0n0:47345:52250 [0] NCCL INFO Connection to proxy localRank 0 -> connection 0x1504fc000f80
x3012c0s13b0n0:47347:52247 [1] NCCL INFO Connection to proxy localRank 1 -> connection 0x154964001080
x3012c0s13b0n0:47351:52403 [2] NCCL INFO New proxy recv connection 13 from local rank 2, transport 0
x3012c0s13b0n0:47345:52250 [0] NCCL INFO Channel 00/0 : 16[7000] -> 0[7000] [receive] via NET/IB/1
x3012c0s13b0n0:47345:52250 [0] NCCL INFO GPU Direct RDMA Disabled for GPU 7000 / HCA 0 (distance 7 > 4)
x3012c0s13b0n0:47345:52397 [0] NCCL INFO New proxy recv connection 13 from local rank 0, transport 2
x3012c0s13b0n0:47351:52248 [2] NCCL INFO Connection to proxy localRank 2 -> connection 0x1542d8000fc0
x3012c0s13b0n0:47351:52403 [2] NCCL INFO transport/p2p.cc:449 Cuda Alloc Size 6291456 pointer 0x1542ca600000
x3012c0s13b0n0:47347:52247 [1] NCCL INFO Channel 02/0 : 12[7000] -> 1[46000] [receive] via NET/IB/1
x3012c0s13b0n0:47347:52247 [1] NCCL INFO GPU Direct RDMA Disabled for GPU 46000 / HCA 0 (distance 7 > 4)
x3012c0s13b0n0:47347:52398 [1] NCCL INFO New proxy recv connection 17 from local rank 1, transport 2
x3012c0s13b0n0:47345:52250 [0] NCCL INFO Connection to proxy localRank 0 -> connection 0x1504fc000fc0
x3012c0s13b0n0:47347:52247 [1] NCCL INFO Connection to proxy localRank 1 -> connection 0x1549640010c0
x3012c0s13b0n0:47347:52247 [1] NCCL INFO Channel 03/0 : 12[7000] -> 1[46000] [receive] via NET/IB/0
x3012c0s13b0n0:47351:52403 [2] NCCL INFO New proxy recv connection 14 from local rank 2, transport 0
x3012c0s13b0n0:47351:52248 [2] NCCL INFO Connection to proxy localRank 2 -> connection 0x1542d8001000
x3012c0s13b0n0:47345:52250 [0] NCCL INFO Channel 01/0 : 16[7000] -> 0[7000] [receive] via NET/IB/0
x3012c0s13b0n0:47345:52250 [0] NCCL INFO GPU Direct RDMA Disabled for GPU 7000 / HCA 1 (distance 7 > 4)
x3012c0s13b0n0:47345:52397 [0] NCCL INFO New proxy send connection 14 from local rank 0, transport 2
x3012c0s13b0n0:47351:52403 [2] NCCL INFO transport/p2p.cc:449 Cuda Alloc Size 6291456 pointer 0x1542cac00000
x3012c0s13b0n0:47351:52403 [2] NCCL INFO New proxy recv connection 15 from local rank 2, transport 0
x3012c0s13b0n0:47351:52248 [2] NCCL INFO Connection to proxy localRank 2 -> connection 0x1542d8001040
x3012c0s13b0n0:47351:52403 [2] NCCL INFO transport/p2p.cc:449 Cuda Alloc Size 6291456 pointer 0x1542cb200000
x3012c0s13b0n0:47345:52250 [0] NCCL INFO Connection to proxy localRank 0 -> connection 0x1504fc001000
x3012c0s13b0n0:47345:52250 [0] NCCL INFO Channel 02/0 : 0[7000] -> 4[7000] [send] via NET/IB/1
x3012c0s13b0n0:47345:52250 [0] NCCL INFO GPU Direct RDMA Disabled for GPU 7000 / HCA 0 (distance 7 > 4)
x3012c0s13b0n0:47345:52397 [0] NCCL INFO New proxy send connection 15 from local rank 0, transport 2
x3012c0s13b0n0:47351:52248 [2] NCCL INFO Channel 00/0 : 2[85000] -> 1[46000] via P2P/IPC/read
x3012c0s13b0n0:47351:52403 [2] NCCL INFO New proxy send connection 16 from local rank 2, transport 0
x3012c0s13b0n0:47345:52250 [0] NCCL INFO Connection to proxy localRank 0 -> connection 0x1504fc001040
x3012c0s13b0n0:47345:52250 [0] NCCL INFO Channel 03/0 : 0[7000] -> 4[7000] [send] via NET/IB/0
x3012c0s13b0n0:47351:52248 [2] NCCL INFO Connection to proxy localRank 2 -> connection 0x1542d8001080
x3012c0s13b0n0:47351:52403 [2] NCCL INFO transport/p2p.cc:430 Cuda Alloc Size 6291456 pointer 0x1542cb800000
x3012c0s13b0n0:47351:52248 [2] NCCL INFO Channel 01/0 : 2[85000] -> 1[46000] via P2P/IPC/read
x3012c0s13b0n0:47351:52403 [2] NCCL INFO New proxy send connection 17 from local rank 2, transport 0
x3012c0s13b0n0:47351:52248 [2] NCCL INFO Connection to proxy localRank 2 -> connection 0x1542d80010c0
x3012c0s13b0n0:47351:52403 [2] NCCL INFO transport/p2p.cc:430 Cuda Alloc Size 6291456 pointer 0x1542c8000000
x3012c0s13b0n0:47345:52397 [0] NCCL INFO transport/net_ib.cc:596 Ib Alloc Size 26560 pointer 0x1504fc025000
x3012c0s13b0n0:47345:52397 [0] NCCL INFO NET/IB: Dev 1 Port 1 qpn 24079 mtu 5 GID 0 (80FE/9A1100FEFF000000)
x3012c0s13b0n0:47345:52397 [0] NCCL INFO transport/net_ib.cc:653 Ib Alloc Size 552 pointer 0x1504fc03d000
x3012c0s13b0n0:47345:52397 [0] NCCL INFO transport/net.cc:571 Cuda Host Alloc Size 9641984 pointer 0x1504e2000000
x3012c0s13b0n0:47345:52397 [0] NCCL INFO transport/net_ib.cc:596 Ib Alloc Size 26560 pointer 0x1504fc03f000
x3012c0s13b0n0:47345:52397 [0] NCCL INFO NET/IB: Dev 0 Port 1 qpn 25251 mtu 5 GID 0 (80FE/DF1100FEFF000000)
x3012c0s13b0n0:47345:52397 [0] NCCL INFO transport/net_ib.cc:653 Ib Alloc Size 552 pointer 0x1504fc057000
x3012c0s13b0n0:47345:52397 [0] NCCL INFO transport/net.cc:571 Cuda Host Alloc Size 9641984 pointer 0x1504e2a00000
x3012c0s13b0n0:47351:52248 [2] NCCL INFO Channel 02/0 : 2[85000] -> 1[46000] via P2P/IPC/read
x3012c0s13b0n0:47351:52403 [2] NCCL INFO New proxy send connection 18 from local rank 2, transport 0
x3012c0s13b0n0:47351:52248 [2] NCCL INFO Connection to proxy localRank 2 -> connection 0x1542d8001100
x3012c0s13b0n0:47351:52403 [2] NCCL INFO transport/p2p.cc:430 Cuda Alloc Size 6291456 pointer 0x1542c8600000
x3012c0s13b0n0:47345:52397 [0] NCCL INFO transport/net_ib.cc:683 Ib Alloc Size 21688 pointer 0x1504fc059000
x3012c0s13b0n0:47345:52397 [0] NCCL INFO transport/net_ib.cc:696 Ib Alloc Size 552 pointer 0x1504fc060000
x3012c0s13b0n0:47345:52397 [0] NCCL INFO transport/net_ib.cc:771 Ib Alloc Size 552 pointer 0x1504fc07c000
x3012c0s13b0n0:47345:52397 [0] NCCL INFO transport/net.cc:698 Cuda Host Alloc Size 9641984 pointer 0x1504e3400000
x3012c0s13b0n0:47351:52248 [2] NCCL INFO Channel 03/0 : 2[85000] -> 1[46000] via P2P/IPC/read
x3012c0s13b0n0:47351:52403 [2] NCCL INFO New proxy send connection 19 from local rank 2, transport 0
x3012c0s13b0n0:47345:52397 [0] NCCL INFO transport/net_ib.cc:683 Ib Alloc Size 21688 pointer 0x1504fc07e000
x3012c0s13b0n0:47345:52397 [0] NCCL INFO transport/net_ib.cc:696 Ib Alloc Size 552 pointer 0x1504fc085000
x3012c0s13b0n0:47351:52248 [2] NCCL INFO Connection to proxy localRank 2 -> connection 0x1542d8001140
x3012c0s13b0n0:47351:52403 [2] NCCL INFO transport/p2p.cc:430 Cuda Alloc Size 6291456 pointer 0x1542c8c00000
x3012c0s13b0n0:47345:52397 [0] NCCL INFO transport/net_ib.cc:771 Ib Alloc Size 552 pointer 0x1504fc085000
x3012c0s13b0n0:47345:52397 [0] NCCL INFO transport/net.cc:698 Cuda Host Alloc Size 9641984 pointer 0x1504e0000000
x3012c0s13b0n0:47353:52249 [3] NCCL INFO Connected all trees by HAO
x3012c0s13b0n0:47353:52249 [3] NCCL INFO threadThresholds 8/8/64 | 160/8/64 | 512 | 512
x3012c0s13b0n0:47353:52249 [3] NCCL INFO 4 coll channels, 4 p2p channels, 2 p2p channels per peer
x3012c0s13b0n0:47353:52404 [3] NCCL INFO New proxy send connection 12 from local rank 3, transport 2
x3012c0s13b0n0:47347:52398 [1] NCCL INFO transport/net_ib.cc:683 Ib Alloc Size 21688 pointer 0x1549640be000
x3012c0s13b0n0:47347:52398 [1] NCCL INFO transport/net_ib.cc:696 Ib Alloc Size 552 pointer 0x15496401a000
x3012c0s13b0n0:47347:52398 [1] NCCL INFO transport/net_ib.cc:771 Ib Alloc Size 552 pointer 0x1549640df000
x3012c0s13b0n0:47347:52398 [1] NCCL INFO transport/net.cc:698 Cuda Host Alloc Size 9641984 pointer 0x154951200000
x3012c0s13b0n0:47345:52250 [0] NCCL INFO GPU Direct RDMA Disabled for GPU 7000 / HCA 1 (distance 7 > 4)
x3012c0s13b0n0:47345:52397 [0] NCCL INFO New proxy recv connection 16 from local rank 0, transport 2
x3012c0s13b0n0:47347:52398 [1] NCCL INFO transport/net_ib.cc:683 Ib Alloc Size 21688 pointer 0x1549640e1000
x3012c0s13b0n0:47347:52398 [1] NCCL INFO transport/net_ib.cc:696 Ib Alloc Size 552 pointer 0x1549640e8000
x3012c0s13b0n0:47353:52249 [3] NCCL INFO Connection to proxy localRank 3 -> connection 0x14b6dc000f80
x3012c0s13b0n0:47353:52404 [3] NCCL INFO transport/net.cc:376 Cuda Alloc Size 8388608 pointer 0x14b6ca600000
x3012c0s13b0n0:47347:52398 [1] NCCL INFO transport/net_ib.cc:771 Ib Alloc Size 552 pointer 0x154964103000
x3012c0s13b0n0:47347:52398 [1] NCCL INFO transport/net.cc:698 Cuda Host Alloc Size 9641984 pointer 0x15494e000000
x3012c0s13b0n0:47347:52247 [1] NCCL INFO GPU Direct RDMA Disabled for GPU 46000 / HCA 1 (distance 6 > 4)
x3012c0s13b0n0:47347:52398 [1] NCCL INFO New proxy send connection 18 from local rank 1, transport 2
x3012c0s13b0n0:47345:52250 [0] NCCL INFO Connection to proxy localRank 0 -> connection 0x1504fc001080
x3012c0s13b0n0:47347:52247 [1] NCCL INFO Connection to proxy localRank 1 -> connection 0x154964001100
x3012c0s13b0n0:47347:52247 [1] NCCL INFO Channel 02/0 : 1[46000] -> 12[7000] [send] via NET/IB/1
x3012c0s13b0n0:47347:52247 [1] NCCL INFO GPU Direct RDMA Disabled for GPU 46000 / HCA 0 (distance 7 > 4)
x3012c0s13b0n0:47347:52398 [1] NCCL INFO New proxy send connection 19 from local rank 1, transport 2
x3012c0s13b0n0:47345:52250 [0] NCCL INFO Channel 02/0 : 4[7000] -> 0[7000] [receive] via NET/IB/1
x3012c0s13b0n0:47345:52250 [0] NCCL INFO GPU Direct RDMA Disabled for GPU 7000 / HCA 0 (distance 7 > 4)
x3012c0s13b0n0:47345:52397 [0] NCCL INFO New proxy recv connection 17 from local rank 0, transport 2
x3012c0s13b0n0:47347:52247 [1] NCCL INFO Connection to proxy localRank 1 -> connection 0x154964001140
x3012c0s13b0n0:47347:52247 [1] NCCL INFO Channel 03/0 : 1[46000] -> 12[7000] [send] via NET/IB/0
x3012c0s13b0n0:47345:52250 [0] NCCL INFO Connection to proxy localRank 0 -> connection 0x1504fc0010c0
x3012c0s13b0n0:47345:52250 [0] NCCL INFO Channel 03/0 : 4[7000] -> 0[7000] [receive] via NET/IB/0
x3012c0s13b0n0:47345:52250 [0] NCCL INFO GPU Direct RDMA Disabled for GPU 7000 / HCA 1 (distance 7 > 4)
x3012c0s13b0n0:47347:52398 [1] NCCL INFO transport/net_ib.cc:596 Ib Alloc Size 26560 pointer 0x15496410f000
x3012c0s13b0n0:47347:52398 [1] NCCL INFO NET/IB: Dev 1 Port 1 qpn 24084 mtu 5 GID 0 (80FE/9A1100FEFF000000)
x3012c0s13b0n0:47347:52398 [1] NCCL INFO transport/net_ib.cc:653 Ib Alloc Size 552 pointer 0x154964126000
x3012c0s13b0n0:47347:52398 [1] NCCL INFO transport/net.cc:571 Cuda Host Alloc Size 9641984 pointer 0x15494ea00000
x3012c0s13b0n0:47347:52398 [1] NCCL INFO transport/net_ib.cc:596 Ib Alloc Size 26560 pointer 0x154964128000
x3012c0s13b0n0:47345:52397 [0] NCCL INFO New proxy send connection 18 from local rank 0, transport 2
x3012c0s13b0n0:47347:52398 [1] NCCL INFO NET/IB: Dev 0 Port 1 qpn 25256 mtu 5 GID 0 (80FE/DF1100FEFF000000)
x3012c0s13b0n0:47347:52398 [1] NCCL INFO transport/net_ib.cc:653 Ib Alloc Size 552 pointer 0x15496413f000
x3012c0s13b0n0:47347:52398 [1] NCCL INFO transport/net.cc:571 Cuda Host Alloc Size 9641984 pointer 0x15494f400000
x3012c0s13b0n0:47347:52398 [1] NCCL INFO New proxy recv connection 20 from local rank 1, transport 0
x3012c0s13b0n0:47345:52250 [0] NCCL INFO Connection to proxy localRank 0 -> connection 0x1504fc001100
x3012c0s13b0n0:47345:52250 [0] NCCL INFO Channel 00/0 : 0[7000] -> 16[7000] [send] via NET/IB/1
x3012c0s13b0n0:47345:52250 [0] NCCL INFO GPU Direct RDMA Disabled for GPU 7000 / HCA 0 (distance 7 > 4)
x3012c0s13b0n0:47345:52397 [0] NCCL INFO New proxy send connection 19 from local rank 0, transport 2
x3012c0s13b0n0:47347:52247 [1] NCCL INFO Connection to proxy localRank 1 -> connection 0x154964001180
x3012c0s13b0n0:47347:52398 [1] NCCL INFO transport/p2p.cc:449 Cuda Alloc Size 6291456 pointer 0x15494c000000
x3012c0s13b0n0:47347:52398 [1] NCCL INFO New proxy recv connection 21 from local rank 1, transport 0
x3012c0s13b0n0:47345:52250 [0] NCCL INFO Connection to proxy localRank 0 -> connection 0x1504fc001140
x3012c0s13b0n0:47345:52250 [0] NCCL INFO Channel 01/0 : 0[7000] -> 16[7000] [send] via NET/IB/0
x3012c0s13b0n0:47347:52247 [1] NCCL INFO Connection to proxy localRank 1 -> connection 0x1549640011c0
x3012c0s13b0n0:47347:52398 [1] NCCL INFO transport/p2p.cc:449 Cuda Alloc Size 6291456 pointer 0x15494c600000
x3012c0s13b0n0:47347:52398 [1] NCCL INFO New proxy recv connection 22 from local rank 1, transport 0
x3012c0s13b0n0:47347:52247 [1] NCCL INFO Connection to proxy localRank 1 -> connection 0x154964001200
x3012c0s13b0n0:47345:52397 [0] NCCL INFO transport/net_ib.cc:596 Ib Alloc Size 26560 pointer 0x1504fc0b4000
x3012c0s13b0n0:47345:52397 [0] NCCL INFO NET/IB: Dev 1 Port 1 qpn 24085 mtu 5 GID 0 (80FE/9A1100FEFF000000)
x3012c0s13b0n0:47345:52397 [0] NCCL INFO transport/net_ib.cc:653 Ib Alloc Size 552 pointer 0x1504fc0cb000
x3012c0s13b0n0:47345:52397 [0] NCCL INFO transport/net.cc:571 Cuda Host Alloc Size 9641984 pointer 0x1504e0a00000
x3012c0s13b0n0:47347:52398 [1] NCCL INFO transport/p2p.cc:449 Cuda Alloc Size 6291456 pointer 0x15494cc00000
x3012c0s13b0n0:47345:52397 [0] NCCL INFO transport/net_ib.cc:596 Ib Alloc Size 26560 pointer 0x1504fc0cd000
x3012c0s13b0n0:47345:52397 [0] NCCL INFO NET/IB: Dev 0 Port 1 qpn 25257 mtu 5 GID 0 (80FE/DF1100FEFF000000)
x3012c0s13b0n0:47345:52397 [0] NCCL INFO transport/net_ib.cc:653 Ib Alloc Size 552 pointer 0x1504fc0e4000
x3012c0s13b0n0:47345:52397 [0] NCCL INFO transport/net.cc:571 Cuda Host Alloc Size 9641984 pointer 0x1504e1400000
x3012c0s13b0n0:47345:52397 [0] NCCL INFO Mem Realloc old size 768, new size 1536 pointer 0x1504fc0d9150
x3012c0s13b0n0:47345:52397 [0] NCCL INFO transport/net_ib.cc:683 Ib Alloc Size 21688 pointer 0x1504fc0e6000
x3012c0s13b0n0:47345:52397 [0] NCCL INFO transport/net_ib.cc:696 Ib Alloc Size 552 pointer 0x1504fc0ed000
x3012c0s13b0n0:47347:52398 [1] NCCL INFO New proxy recv connection 23 from local rank 1, transport 0
x3012c0s13b0n0:47345:52397 [0] NCCL INFO transport/net_ib.cc:771 Ib Alloc Size 552 pointer 0x1504fc109000
x3012c0s13b0n0:47345:52397 [0] NCCL INFO transport/net.cc:698 Cuda Host Alloc Size 9641984 pointer 0x1504de000000
x3012c0s13b0n0:47347:52247 [1] NCCL INFO Connection to proxy localRank 1 -> connection 0x154964001240
x3012c0s13b0n0:47347:52398 [1] NCCL INFO transport/p2p.cc:449 Cuda Alloc Size 6291456 pointer 0x15494d200000
x3012c0s13b0n0:47345:52397 [0] NCCL INFO transport/net_ib.cc:683 Ib Alloc Size 21688 pointer 0x1504fc10b000
x3012c0s13b0n0:47345:52397 [0] NCCL INFO transport/net_ib.cc:696 Ib Alloc Size 552 pointer 0x1504fc112000
x3012c0s13b0n0:47347:52247 [1] NCCL INFO Connected all trees by HAO
x3012c0s13b0n0:47347:52247 [1] NCCL INFO threadThresholds 8/8/64 | 160/8/64 | 512 | 512
x3012c0s13b0n0:47347:52247 [1] NCCL INFO 4 coll channels, 4 p2p channels, 2 p2p channels per peer
x3012c0s13b0n0:47347:52398 [1] NCCL INFO New proxy send connection 24 from local rank 1, transport 2
x3012c0s13b0n0:47345:52397 [0] NCCL INFO transport/net_ib.cc:771 Ib Alloc Size 552 pointer 0x1504fc12d000
x3012c0s13b0n0:47345:52397 [0] NCCL INFO transport/net.cc:698 Cuda Host Alloc Size 9641984 pointer 0x1504dea00000
x3012c0s13b0n0:47345:52250 [0] NCCL INFO Connected all trees by HAO
x3012c0s13b0n0:47345:52250 [0] NCCL INFO Latency/AlgBw |    Tree/    LL |    Tree/ LL128 |    Tree/Simple |    Ring/    LL |    Ring/ LL128 |    Ring/Simple | CollNetDirect/    LL | CollNetDirect/ LL128 | CollNetDirect/Simple | CollNetChain/    LL | CollNetChain/ LL128 | CollNetChain/Simple |
x3012c0s13b0n0:47345:52250 [0] NCCL INFO  Max NThreads |            512 |            640 |            512 |            512 |            640 |            512 |              0 |              0 |            512 |              0 |              0 |            512 |
x3012c0s13b0n0:47345:52250 [0] NCCL INFO     Broadcast |     0.0/   0.0 |     0.0/   0.0 |     0.0/   0.0 |     6.3/   6.0 |    14.0/   0.0 |    18.0/  24.0 |     0.0/   0.0 |     0.0/   0.0 |     0.0/   0.0 |     0.0/   0.0 |     0.0/   0.0 |     0.0/   0.0 |
x3012c0s13b0n0:47345:52250 [0] NCCL INFO        Reduce |     0.0/   0.0 |     0.0/   0.0 |     0.0/   0.0 |     6.3/   6.0 |    14.0/   0.0 |    18.0/  24.0 |     0.0/   0.0 |     0.0/   0.0 |     0.0/   0.0 |     0.0/   0.0 |     0.0/   0.0 |     0.0/   0.0 |
x3012c0s13b0n0:47345:52250 [0] NCCL INFO     AllGather |     0.0/   0.0 |     0.0/   0.0 |     0.0/   0.0 |    27.1/   6.3 |    54.5/   0.0 |    97.8/  25.3 |     0.0/   0.0 |     0.0/   0.0 |     0.0/   0.0 |     0.0/   0.0 |     0.0/   0.0 |     0.0/   0.0 |
x3012c0s13b0n0:47345:52250 [0] NCCL INFO ReduceScatter |     0.0/   0.0 |     0.0/   0.0 |     0.0/   0.0 |    27.1/   6.3 |    54.5/   0.0 |    97.8/  25.3 |     0.0/   0.0 |     0.0/   0.0 |     0.0/   0.0 |     0.0/   0.0 |     0.0/   0.0 |     0.0/   0.0 |
x3012c0s13b0n0:47345:52250 [0] NCCL INFO     AllReduce |    30.0/   2.9 |    45.9/   0.0 |   280.0/  11.0 |    54.3/   3.2 |   103.2/   0.0 |   199.6/  12.6 |     7.4/   0.0 |     7.4/   0.0 |    29.7/   0.0 |     4.4/   0.0 |     4.4/   0.0 |    48.0/   0.0 |
x3012c0s13b0n0:47345:52250 [0] NCCL INFO threadThresholds 8/8/64 | 160/8/64 | 512 | 512
x3012c0s13b0n0:47345:52250 [0] NCCL INFO 4 coll channels, 4 p2p channels, 2 p2p channels per peer
x3012c0s13b0n0:47345:52397 [0] NCCL INFO New proxy send connection 20 from local rank 0, transport 2
x3012c0s13b0n0:47351:52248 [2] NCCL INFO Connected all trees by HAO
x3012c0s13b0n0:47351:52248 [2] NCCL INFO threadThresholds 8/8/64 | 160/8/64 | 512 | 512
x3012c0s13b0n0:47351:52248 [2] NCCL INFO 4 coll channels, 4 p2p channels, 2 p2p channels per peer
x3012c0s13b0n0:47351:52403 [2] NCCL INFO Allocated 4194656 bytes of shared memory in /dev/shm/nccl-qQURpE

x3012c0s13b0n0:47351:52403 [2] NCCL INFO New proxy send connection 20 from local rank 2, transport 2
x3012c0s13b0n0:47347:52247 [1] NCCL INFO Connection to proxy localRank 1 -> connection 0x154964001280
x3012c0s13b0n0:47347:52398 [1] NCCL INFO transport/net.cc:376 Cuda Alloc Size 8388608 pointer 0x15494b200000
x3012c0s13b0n0:47351:52248 [2] NCCL INFO Connection to proxy localRank 2 -> connection 0x1542d8001180
x3012c0s13b0n0:47351:52403 [2] NCCL INFO transport/net.cc:376 Cuda Alloc Size 8388608 pointer 0x1542c4600000
x3012c0s13b0n0:47345:52250 [0] NCCL INFO Connection to proxy localRank 0 -> connection 0x1504fc001180
x3012c0s13b0n0:47345:52250 [0] NCCL INFO init.cc:367 Cuda Alloc Size 5168 pointer 0x150579a22200
x3012c0s13b0n0:47347:52247 [1] NCCL INFO init.cc:367 Cuda Alloc Size 5168 pointer 0x1549bb81fc00
x3012c0s13b0n0:47353:52249 [3] NCCL INFO init.cc:367 Cuda Alloc Size 5168 pointer 0x14b72981fc00
x3012c0s13b0n0:47351:52248 [2] NCCL INFO init.cc:367 Cuda Alloc Size 5168 pointer 0x15432f81fc00
x3012c0s13b0n0:47347:52247 [1] NCCL INFO init.cc:392 Cuda Host Alloc Size 33554432 pointer 0x154948000000
x3012c0s13b0n0:47347:52247 [1] NCCL INFO init.cc:398 Cuda Host Alloc Size 128 pointer 0x1549bae00a00
x3012c0s13b0n0:47347:52247 [1] NCCL INFO comm 0x55b3a2c36fa0 rank 1 nranks 20 cudaDev 1 busId 46000 - Init COMPLETE
x3012c0s13b0n0:47353:52249 [3] NCCL INFO init.cc:392 Cuda Host Alloc Size 33554432 pointer 0x14b6c8000000
x3012c0s13b0n0:47353:52249 [3] NCCL INFO init.cc:398 Cuda Host Alloc Size 128 pointer 0x14b728e00a00
x3012c0s13b0n0:47353:52249 [3] NCCL INFO comm 0x556bfb6aef10 rank 3 nranks 20 cudaDev 3 busId c7000 - Init COMPLETE
x3012c0s13b0n0:47351:52248 [2] NCCL INFO init.cc:392 Cuda Host Alloc Size 33554432 pointer 0x1542c2000000
x3012c0s13b0n0:47351:52248 [2] NCCL INFO init.cc:398 Cuda Host Alloc Size 128 pointer 0x15432ee00a00
x3012c0s13b0n0:47351:52248 [2] NCCL INFO comm 0x55e23ea57040 rank 2 nranks 20 cudaDev 2 busId 85000 - Init COMPLETE
x3012c0s13b0n0:47353:47353 [3] NCCL INFO AllReduce: opCount 0 sendbuff 0x14b76b600400 recvbuff 0x14b76b600400 count 1 datatype 4 op 0 root 0 comm 0x556bfb6aef10 [nranks=20] stream 0x556bfa00e1c0
x3012c0s13b0n0:47353:47353 [3] NCCL INFO misc/utils.cc:235 memory stack hunk malloc(65536)
[LYD INFO in ncclLaunchKernel (enqueue.cc)] NCHANNELS is: 4x3012c0s13b0n0:47351:47351 [2] NCCL INFO AllReduce: opCount 0 sendbuff 0x15436f600400 recvbuff 0x15436f600400 count 1 datatype 4 op 0 root 0 comm 0x55e23ea57040 [nranks=20] stream 0x55e23bb3b8c0
x3012c0s13b0n0:47351:47351 [2] NCCL INFO misc/utils.cc:235 memory stack hunk malloc(65536)
[LYD INFO in ncclLaunchKernel (enqueue.cc)] NCHANNELS is: 4x3012c0s13b0n0:47345:52250 [0] NCCL INFO init.cc:392 Cuda Host Alloc Size 33554432 pointer 0x1504dc000000
x3012c0s13b0n0:47345:52250 [0] NCCL INFO init.cc:398 Cuda Host Alloc Size 128 pointer 0x150579000e00
x3012c0s13b0n0:47345:52250 [0] NCCL INFO comm 0x557ddec3aaf0 rank 0 nranks 20 cudaDev 0 busId 7000 - Init COMPLETE
x3012c0s13b0n0:47345:52397 [0] NCCL INFO transport/net.cc:376 Cuda Alloc Size 8388608 pointer 0x1504df400000
[Hao INFO in ncclAllReduce (all_reduce.cc)] rank 0 ncclAllReduce: count: 1, datatype: ncclInt64, message size: 8 Bytes
x3012c0s13b0n0:47345:47345 [0] NCCL INFO AllReduce: opCount 0 sendbuff 0x1505b7600400 recvbuff 0x1505b7600400 count 1 datatype 4 op 0 root 0 comm 0x557ddec3aaf0 [nranks=20] stream 0x557ddd104420
x3012c0s13b0n0:47345:47345 [0] NCCL INFO misc/utils.cc:235 memory stack hunk malloc(65536)

[LYD INFO in ncclAllReduce (all_reduce.cc)] rank 0 AllReduce Time: 0.000034000 seconds

[LYD INFO in getAlgoInfo (enqueue.cc)] algorithm a is: 0

[LYD INFO in getAlgoInfo (enqueue.cc)] algorithm a is: 1

[LYD INFO in getAlgoInfo (enqueue.cc)] rank: 0, Duration between Point 1 and Point 2: 0.000013000 seconds

[LYD INFO in getAlgoInfo (enqueue.cc)] rank 0, Duration between Point 2 and Point 3: 0.000000000 seconds
[LYD INFO in getAlgoInfo (enqueue.cc)] out rank: 0
[LYD INFO in getAlgoInfo (enqueue.cc)] out coll: 4
[LYD INFO in getAlgoInfo (enqueue.cc)] out sendbuff address: 0x1505b7600400
[LYD INFO in getAlgoInfo (enqueue.cc)] out recvbuff address: 0x1505b7600400
[LYD INFO in getAlgoInfo (enqueue.cc)] out count: 1
[LYD INFO in getAlgoInfo (enqueue.cc)] out datatype: 4
[LYD INFO in getAlgoInfo (enqueue.cc)] out chunkSteps: 4
[LYD INFO in getAlgoInfo (enqueue.cc)] out sliceSteps: 2
[LYD INFO in getAlgoInfo (enqueue.cc)] out algorithm: 0
[LYD INFO in getAlgoInfo (enqueue.cc)] out protocol: 0
[LYD INFO in getAlgoInfo (enqueue.cc)] out nChannels: 1
[LYD INFO in getAlgoInfo (enqueue.cc)] out nThreads: 96
[LYD INFO in getAlgoInfo (enqueue.cc)] out nBytes: 8
[LYD INFO in getAlgoInfo (enqueue.cc)] out nstepsPerLoop: 0
[LYD INFO in getAlgoInfo (enqueue.cc)] out nchunksPerLoop: 0
[LYD INFO in getAlgoInfo (enqueue.cc)] out chunkSize: 0
[LYD INFO in ncclLaunchKernel (enqueue.cc)] NCHANNELS is: 4x3012c0s13b0n0:47347:47347 [1] NCCL INFO AllReduce: opCount 0 sendbuff 0x1549fb600400 recvbuff 0x1549fb600400 count 1 datatype 4 op 0 root 0 comm 0x55b3a2c36fa0 [nranks=20] stream 0x55b39fab1cc0
x3012c0s13b0n0:47347:47347 [1] NCCL INFO misc/utils.cc:235 memory stack hunk malloc(65536)
[LYD INFO in ncclLaunchKernel (enqueue.cc)] NCHANNELS is: 4
[LYD INFO in NCCL_KERN_NAME (common.h)] 3 AllReduce TREE LL Sum int64_t Elapsed time: 634776 us

[LYD INFO in NCCL_KERN_NAME (common.h)] 2 AllReduce TREE LL Sum int64_t Elapsed time: 601198 us

[LYD INFO in NCCL_KERN_NAME (common.h)] 0 AllReduce TREE LL Sum int64_t Elapsed time: 601299 us
 > loading doc-idx mapping from /home/yuke/lyd/Megatron-LM/my-gpt2_text_document_train_indexmap_12800ns_512sl_1234s_doc_idx.npy
[Hao INFO in ncclAllReduce (all_reduce.cc)] rank 3 ncclAllReduce: count: 1, datatype: ncclInt64, message size: 8 Bytes
x3012c0s13b0n0:47353:47353 [3] NCCL INFO AllReduce: opCount 0 sendbuff 0x14b76b600400 recvbuff 0x14b76b600400 count 1 datatype 4 op 0 root 0 comm 0x556bfd15c550 [nranks=1] stream 0x556bfa00e080

[LYD INFO in ncclAllReduce (all_reduce.cc)] rank 0 AllReduce Time: 0.000039000 seconds
x3012c0s13b0n0:47353:47353 [3] NCCL INFO AllReduce: opCount 1 sendbuff 0x14b76b600400 recvbuff 0x14b76b600400 count 1 datatype 4 op 0 root 0 comm 0x556bfb6aef10 [nranks=20] stream 0x556bfa00e1c0
[LYD INFO in ncclLaunchKernel (enqueue.cc)] NCHANNELS is: 4 > loading sample-idx mapping from /home/yuke/lyd/Megatron-LM/my-gpt2_text_document_train_indexmap_12800ns_512sl_1234s_sample_idx.npy
 > loading shuffle-idx mapping from /home/yuke/lyd/Megatron-LM/my-gpt2_text_document_train_indexmap_12800ns_512sl_1234s_shuffle_idx.npy
[Hao INFO in ncclAllReduce (all_reduce.cc)] rank 2 ncclAllReduce: count: 1, datatype: ncclInt64, message size: 8 Bytes
x3012c0s13b0n0:47351:47351 [2] NCCL INFO AllReduce: opCount 0 sendbuff 0x15436f600400 recvbuff 0x15436f600400 count 1 datatype 4 op 0 root 0 comm 0x55e23d33f9c0 [nranks=1] stream 0x55e23bb0fe80

[LYD INFO in ncclAllReduce (all_reduce.cc)] rank 0 AllReduce Time: 0.000036000 seconds
x3012c0s13b0n0:47351:47351 [2] NCCL INFO AllReduce: opCount 1 sendbuff 0x15436f600400 recvbuff 0x15436f600400 count 1 datatype 4 op 0 root 0 comm 0x55e23ea57040 [nranks=20] stream 0x55e23bb3b8c0
[LYD INFO in ncclLaunchKernel (enqueue.cc)] NCHANNELS is: 4    loaded indexed file in 0.023 seconds
    total number of samples: 13112
    total number of epochs: 32

[LYD INFO in NCCL_KERN_NAME (common.h)] 1 AllReduce TREE LL Sum int64_t Elapsed time: 563452 us
[Hao INFO in ncclAllReduce (all_reduce.cc)] rank 1 ncclAllReduce: count: 1, datatype: ncclInt64, message size: 8 Bytes
x3012c0s13b0n0:47347:47347 [1] NCCL INFO AllReduce: opCount 0 sendbuff 0x1549fb600400 recvbuff 0x1549fb600400 count 1 datatype 4 op 0 root 0 comm 0x55b3a1286730 [nranks=1] stream 0x55b39fab1b80

[LYD INFO in ncclAllReduce (all_reduce.cc)] rank 0 AllReduce Time: 0.000036000 seconds
x3012c0s13b0n0:47347:47347 [1] NCCL INFO AllReduce: opCount 1 sendbuff 0x1549fb600400 recvbuff 0x1549fb600400 count 1 datatype 4 op 0 root 0 comm 0x55b3a2c36fa0 [nranks=20] stream 0x55b39fab1cc0
[LYD INFO in ncclLaunchKernel (enqueue.cc)] NCHANNELS is: 4 > WARNING: could not find index map files, building the indices on rank 0 ...
x3012c0s13b0n0:47345:48690 [0] NCCL INFO [Service thread] Connection closed by localRank 0
x3012c0s13b0n0:47345:47345 [0] NCCL INFO comm 0x557dda0c8110 rank 0 nranks 20 cudaDev 0 busId 7000 - Abort COMPLETE
x3012c0s13b0n0:47345:52397 [0] NCCL INFO [Service thread] Connection closed by localRank 0
x3012c0s13b0n0:47345:47345 [0] NCCL INFO comm 0x557ddec3aaf0 rank 0 nranks 20 cudaDev 0 busId 7000 - Abort COMPLETE
x3012c0s13b0n0:47345:52019 [0] NCCL INFO [Service thread] Connection closed by localRank 0
x3012c0s13b0n0:47345:47345 [0] NCCL INFO comm 0x557dde5edab0 rank 0 nranks 2 cudaDev 0 busId 7000 - Abort COMPLETE
x3012c0s13b0n0:47345:52241 [0] NCCL INFO [Service thread] Connection closed by localRank 0
x3012c0s13b0n0:47345:47345 [0] NCCL INFO comm 0x557dde5bec90 rank 0 nranks 1 cudaDev 0 busId 7000 - Abort COMPLETE
