x3012c0s19b1n0:4261:9335 [3] NCCL INFO GPU/C7000 :GPU/7000 (1/88.000000/NVL) GPU/46000 (1/88.000000/NVL) GPU/85000 (1/88.000000/NVL) GPU/C7000 (0/5000.000000/LOC) CPU/3 (3/24.000000/SYS) CPU/2 (3/24.000000/SYS) CPU/1 (3/24.000000/SYS) CPU/0 (2/24.000000/PHB) NET/1 (5/12.000000/SYS) NET/0 (4/12.000000/PHB) 
x3012c0s19b1n0:4261:9335 [3] NCCL INFO NET/1 :GPU/7000 (5/12.000000/SYS) GPU/46000 (4/12.000000/PHB) GPU/85000 (5/12.000000/SYS) GPU/C7000 (5/12.000000/SYS) CPU/3 (3/12.000000/SYS) CPU/2 (2/12.000000/PHB) CPU/1 (3/12.000000/SYS) CPU/0 (3/12.000000/SYS) NET/1 (0/5000.000000/LOC) NET/0 (5/12.000000/SYS) 
x3012c0s19b1n0:4261:9335 [3] NCCL INFO NET/0 :GPU/7000 (5/12.000000/SYS) GPU/46000 (5/12.000000/SYS) GPU/85000 (5/12.000000/SYS) GPU/C7000 (4/12.000000/PHB) CPU/3 (3/12.000000/SYS) CPU/2 (3/12.000000/SYS) CPU/1 (3/12.000000/SYS) CPU/0 (2/12.000000/PHB) NET/1 (5/12.000000/SYS) NET/0 (0/5000.000000/LOC) 
x3012c0s19b1n0:4261:9335 [3] NCCL INFO Setting affinity for GPU 3 to 01
x3012c0s19b1n0:4261:9335 [3] NCCL INFO Pattern 4, crossNic 0, nChannels 2, bw 12.000000/12.000000, type NVL/SYS, sameChannels 1
x3012c0s19b1n0:4261:9335 [3] NCCL INFO  0 : NET/1 GPU/13 GPU/12 GPU/14 GPU/15 NET/1
x3012c0s19b1n0:4261:9335 [3] NCCL INFO  1 : NET/0 GPU/13 GPU/12 GPU/14 GPU/15 NET/0
x3012c0s19b1n0:4261:9335 [3] NCCL INFO Pattern 1, crossNic 0, nChannels 2, bw 24.000000/12.000000, type NVL/SYS, sameChannels 1
x3012c0s19b1n0:4261:9335 [3] NCCL INFO  0 : NET/1 GPU/12 GPU/13 GPU/14 GPU/15 NET/1
x3012c0s19b1n0:4261:9335 [3] NCCL INFO  1 : NET/0 GPU/12 GPU/13 GPU/14 GPU/15 NET/0
x3012c0s19b1n0:4261:9335 [3] NCCL INFO Pattern 3, crossNic 0, nChannels 0, bw 0.000000/0.000000, type NVL/PIX, sameChannels 1
x3012c0s19b1n0:4258:9334 [0] NCCL INFO Tree 0 : 8 -> 12 -> 13/-1/-1
x3012c0s19b1n0:4258:9334 [0] NCCL INFO Tree 2 : 1 -> 12 -> 13/16/-1
x3012c0s19b1n0:4258:9334 [0] NCCL INFO Tree 1 : 8 -> 12 -> 13/-1/-1
x3012c0s19b1n0:4258:9334 [0] NCCL INFO Tree 3 : 1 -> 12 -> 13/16/-1
x3012c0s19b1n0:4258:9334 [0] NCCL INFO Ring 00 : 13 -> 12 -> 14
x3012c0s19b1n0:4258:9334 [0] NCCL INFO Ring 01 : 13 -> 12 -> 14
x3012c0s19b1n0:4258:9334 [0] NCCL INFO Ring 02 : 13 -> 12 -> 14
x3012c0s19b1n0:4258:9334 [0] NCCL INFO Ring 03 : 13 -> 12 -> 14
x3012c0s19b1n0:4258:9334 [0] NCCL INFO Trees [0] 13/-1/-1->12->8 [1] 13/-1/-1->12->8 [2] 13/16/-1->12->1 [3] 13/16/-1->12->1
x3012c0s19b1n0:4258:9334 [0] NCCL INFO misc/utils.cc:235 memory stack hunk malloc(65536)
x3012c0s19b1n0:4258:9334 [0] NCCL INFO channel.cc:23 Cuda Alloc Size 8064 pointer 0x1548bb817400
x3012c0s19b1n0:4258:9334 [0] NCCL INFO channel.cc:27 Cuda Alloc Size 80 pointer 0x1548bb819400
x3012c0s19b1n0:4258:9334 [0] NCCL INFO channel.cc:23 Cuda Alloc Size 8064 pointer 0x1548bb819600
x3012c0s19b1n0:4258:9334 [0] NCCL INFO channel.cc:27 Cuda Alloc Size 80 pointer 0x1548bb81b600
x3012c0s19b1n0:4258:9334 [0] NCCL INFO channel.cc:23 Cuda Alloc Size 8064 pointer 0x1548bb81b800
x3012c0s19b1n0:4258:9334 [0] NCCL INFO channel.cc:27 Cuda Alloc Size 80 pointer 0x1548bb81d800
x3012c0s19b1n0:4258:9334 [0] NCCL INFO channel.cc:23 Cuda Alloc Size 8064 pointer 0x1548bb81da00
x3012c0s19b1n0:4258:9334 [0] NCCL INFO channel.cc:27 Cuda Alloc Size 80 pointer 0x1548bb81fa00
x3012c0s19b1n0:4258:9334 [0] NCCL INFO Channel 00/0 : 12[7000] -> 14[85000] via P2P/IPC/read
x3012c0s19b1n0:4258:9503 [0] NCCL INFO Mem Realloc old size 0, new size 8 pointer 0x154864000c60
x3012c0s19b1n0:4258:9503 [0] NCCL INFO New proxy send connection 0 from local rank 0, transport 0
x3012c0s19b1n0:4258:9334 [0] NCCL INFO Connection to proxy localRank 0 -> connection 0x154864000c80
x3012c0s19b1n0:4258:9503 [0] NCCL INFO transport/p2p.cc:430 Cuda Alloc Size 6291456 pointer 0x1548e0000000
x3012c0s19b1n0:4259:9336 [1] NCCL INFO Tree 0 : 12 -> 13 -> 14/-1/-1
x3012c0s19b1n0:4259:9336 [1] NCCL INFO Tree 2 : 12 -> 13 -> 14/8/-1
x3012c0s19b1n0:4259:9336 [1] NCCL INFO Tree 1 : 12 -> 13 -> 14/-1/-1
x3012c0s19b1n0:4259:9336 [1] NCCL INFO Tree 3 : 12 -> 13 -> 14/8/-1
x3012c0s19b1n0:4259:9336 [1] NCCL INFO Ring 00 : 11 -> 13 -> 12
x3012c0s19b1n0:4259:9336 [1] NCCL INFO Ring 01 : 11 -> 13 -> 12
x3012c0s19b1n0:4259:9336 [1] NCCL INFO Ring 02 : 11 -> 13 -> 12
x3012c0s19b1n0:4259:9336 [1] NCCL INFO Ring 03 : 11 -> 13 -> 12
x3012c0s19b1n0:4259:9336 [1] NCCL INFO Trees [0] 14/-1/-1->13->12 [1] 14/-1/-1->13->12 [2] 14/8/-1->13->12 [3] 14/8/-1->13->12
x3012c0s19b1n0:4259:9336 [1] NCCL INFO misc/utils.cc:235 memory stack hunk malloc(65536)
x3012c0s19b1n0:4259:9336 [1] NCCL INFO channel.cc:23 Cuda Alloc Size 8064 pointer 0x14a261817400
x3012c0s19b1n0:4259:9336 [1] NCCL INFO channel.cc:27 Cuda Alloc Size 80 pointer 0x14a261819400
x3012c0s19b1n0:4259:9336 [1] NCCL INFO channel.cc:23 Cuda Alloc Size 8064 pointer 0x14a261819600
x3012c0s19b1n0:4259:9336 [1] NCCL INFO channel.cc:27 Cuda Alloc Size 80 pointer 0x14a26181b600
x3012c0s19b1n0:4259:9336 [1] NCCL INFO channel.cc:23 Cuda Alloc Size 8064 pointer 0x14a26181b800
x3012c0s19b1n0:4259:9336 [1] NCCL INFO channel.cc:27 Cuda Alloc Size 80 pointer 0x14a26181d800
x3012c0s19b1n0:4259:9336 [1] NCCL INFO channel.cc:23 Cuda Alloc Size 8064 pointer 0x14a26181da00
x3012c0s19b1n0:4259:9336 [1] NCCL INFO channel.cc:27 Cuda Alloc Size 80 pointer 0x14a26181fa00
x3012c0s19b1n0:4259:9336 [1] NCCL INFO GPU Direct RDMA Disabled for GPU 46000 / HCA 1 (distance 6 > 4)
x3012c0s19b1n0:4258:9334 [0] NCCL INFO Channel 01/0 : 12[7000] -> 14[85000] via P2P/IPC/read
x3012c0s19b1n0:4258:9503 [0] NCCL INFO New proxy send connection 1 from local rank 0, transport 0
x3012c0s19b1n0:4258:9334 [0] NCCL INFO Connection to proxy localRank 0 -> connection 0x154864000cc0
x3012c0s19b1n0:4259:9512 [1] NCCL INFO Mem Realloc old size 0, new size 8 pointer 0x14a20c000c60
x3012c0s19b1n0:4259:9512 [1] NCCL INFO Allocated 4194656 bytes of shared memory in /dev/shm/nccl-voS9Ce

x3012c0s19b1n0:4259:9512 [1] NCCL INFO New proxy recv connection 0 from local rank 1, transport 2
x3012c0s19b1n0:4258:9503 [0] NCCL INFO transport/p2p.cc:430 Cuda Alloc Size 6291456 pointer 0x1548e0600000
x3012c0s19b1n0:4260:9333 [2] NCCL INFO Ring 00 : 12 -> 14 -> 15
x3012c0s19b1n0:4260:9333 [2] NCCL INFO Ring 01 : 12 -> 14 -> 15
x3012c0s19b1n0:4260:9333 [2] NCCL INFO Ring 02 : 12 -> 14 -> 15
x3012c0s19b1n0:4260:9333 [2] NCCL INFO Ring 03 : 12 -> 14 -> 15
x3012c0s19b1n0:4260:9333 [2] NCCL INFO Trees [0] 15/-1/-1->14->13 [1] 15/-1/-1->14->13 [2] 15/-1/-1->14->13 [3] 15/-1/-1->14->13
x3012c0s19b1n0:4260:9333 [2] NCCL INFO misc/utils.cc:235 memory stack hunk malloc(65536)
x3012c0s19b1n0:4260:9333 [2] NCCL INFO channel.cc:23 Cuda Alloc Size 8064 pointer 0x147b87e17400
x3012c0s19b1n0:4260:9333 [2] NCCL INFO channel.cc:27 Cuda Alloc Size 80 pointer 0x147b87e19400
x3012c0s19b1n0:4260:9333 [2] NCCL INFO channel.cc:23 Cuda Alloc Size 8064 pointer 0x147b87e19600
x3012c0s19b1n0:4260:9333 [2] NCCL INFO channel.cc:27 Cuda Alloc Size 80 pointer 0x147b87e1b600
x3012c0s19b1n0:4260:9333 [2] NCCL INFO channel.cc:23 Cuda Alloc Size 8064 pointer 0x147b87e1b800
x3012c0s19b1n0:4260:9333 [2] NCCL INFO channel.cc:27 Cuda Alloc Size 80 pointer 0x147b87e1d800
x3012c0s19b1n0:4260:9333 [2] NCCL INFO channel.cc:23 Cuda Alloc Size 8064 pointer 0x147b87e1da00
x3012c0s19b1n0:4260:9333 [2] NCCL INFO channel.cc:27 Cuda Alloc Size 80 pointer 0x147b87e1fa00
x3012c0s19b1n0:4260:9333 [2] NCCL INFO Channel 00/0 : 14[85000] -> 15[c7000] via P2P/IPC/read
x3012c0s19b1n0:4260:9516 [2] NCCL INFO Mem Realloc old size 0, new size 8 pointer 0x147b00000c60
x3012c0s19b1n0:4260:9516 [2] NCCL INFO New proxy send connection 0 from local rank 2, transport 0
x3012c0s19b1n0:4261:9335 [3] NCCL INFO Ring 00 : 14 -> 15 -> 17
x3012c0s19b1n0:4261:9335 [3] NCCL INFO Ring 01 : 14 -> 15 -> 17
x3012c0s19b1n0:4261:9335 [3] NCCL INFO Ring 02 : 14 -> 15 -> 17
x3012c0s19b1n0:4261:9335 [3] NCCL INFO Ring 03 : 14 -> 15 -> 17
x3012c0s19b1n0:4261:9335 [3] NCCL INFO Trees [0] -1/-1/-1->15->14 [1] -1/-1/-1->15->14 [2] -1/-1/-1->15->14 [3] -1/-1/-1->15->14
x3012c0s19b1n0:4261:9335 [3] NCCL INFO misc/utils.cc:235 memory stack hunk malloc(65536)
x3012c0s19b1n0:4261:9335 [3] NCCL INFO channel.cc:23 Cuda Alloc Size 8064 pointer 0x1529db817400
x3012c0s19b1n0:4261:9335 [3] NCCL INFO channel.cc:27 Cuda Alloc Size 80 pointer 0x1529db819400
x3012c0s19b1n0:4261:9335 [3] NCCL INFO channel.cc:23 Cuda Alloc Size 8064 pointer 0x1529db819600
x3012c0s19b1n0:4261:9335 [3] NCCL INFO channel.cc:27 Cuda Alloc Size 80 pointer 0x1529db81b600
x3012c0s19b1n0:4261:9335 [3] NCCL INFO channel.cc:23 Cuda Alloc Size 8064 pointer 0x1529db81b800
x3012c0s19b1n0:4261:9335 [3] NCCL INFO channel.cc:27 Cuda Alloc Size 80 pointer 0x1529db81d800
x3012c0s19b1n0:4261:9335 [3] NCCL INFO channel.cc:23 Cuda Alloc Size 8064 pointer 0x1529db81da00
x3012c0s19b1n0:4261:9335 [3] NCCL INFO channel.cc:27 Cuda Alloc Size 80 pointer 0x1529db81fa00
x3012c0s19b1n0:4259:9336 [1] NCCL INFO Connection to proxy localRank 1 -> connection 0x14a20c000c80
x3012c0s19b1n0:4261:9527 [3] NCCL INFO Mem Realloc old size 0, new size 8 pointer 0x152984000c60
x3012c0s19b1n0:4261:9527 [3] NCCL INFO New proxy recv connection 0 from local rank 3, transport 0
x3012c0s19b1n0:4260:9333 [2] NCCL INFO Connection to proxy localRank 2 -> connection 0x147b00000c80
x3012c0s19b1n0:4260:9516 [2] NCCL INFO transport/p2p.cc:430 Cuda Alloc Size 6291456 pointer 0x147b6c000000
x3012c0s19b1n0:4258:9334 [0] NCCL INFO Channel 02/0 : 12[7000] -> 14[85000] via P2P/IPC/read
x3012c0s19b1n0:4258:9503 [0] NCCL INFO New proxy send connection 2 from local rank 0, transport 0
x3012c0s19b1n0:4261:9335 [3] NCCL INFO Connection to proxy localRank 3 -> connection 0x152984000c80
x3012c0s19b1n0:4261:9527 [3] NCCL INFO transport/p2p.cc:449 Cuda Alloc Size 6291456 pointer 0x1529bf600000
x3012c0s19b1n0:4261:9527 [3] NCCL INFO New proxy recv connection 1 from local rank 3, transport 0
x3012c0s19b1n0:4258:9334 [0] NCCL INFO Connection to proxy localRank 0 -> connection 0x154864000d00
x3012c0s19b1n0:4258:9503 [0] NCCL INFO transport/p2p.cc:430 Cuda Alloc Size 6291456 pointer 0x1548e0c00000
x3012c0s19b1n0:4259:9336 [1] NCCL INFO Channel 00/0 : 11[c7000] -> 13[46000] [receive] via NET/IB/1
x3012c0s19b1n0:4259:9336 [1] NCCL INFO GPU Direct RDMA Disabled for GPU 46000 / HCA 0 (distance 7 > 4)
x3012c0s19b1n0:4259:9512 [1] NCCL INFO New proxy recv connection 1 from local rank 1, transport 2
x3012c0s19b1n0:4260:9333 [2] NCCL INFO Channel 01/0 : 14[85000] -> 15[c7000] via P2P/IPC/read
x3012c0s19b1n0:4260:9516 [2] NCCL INFO New proxy send connection 1 from local rank 2, transport 0
x3012c0s19b1n0:4261:9335 [3] NCCL INFO Connection to proxy localRank 3 -> connection 0x152984000cc0
x3012c0s19b1n0:4261:9527 [3] NCCL INFO transport/p2p.cc:449 Cuda Alloc Size 6291456 pointer 0x1529ff800000
x3012c0s19b1n0:4258:9334 [0] NCCL INFO Channel 03/0 : 12[7000] -> 14[85000] via P2P/IPC/read
x3012c0s19b1n0:4258:9503 [0] NCCL INFO New proxy send connection 3 from local rank 0, transport 0
x3012c0s19b1n0:4259:9336 [1] NCCL INFO Connection to proxy localRank 1 -> connection 0x14a20c000cc0
x3012c0s19b1n0:4260:9333 [2] NCCL INFO Connection to proxy localRank 2 -> connection 0x147b00000cc0
x3012c0s19b1n0:4260:9516 [2] NCCL INFO transport/p2p.cc:430 Cuda Alloc Size 6291456 pointer 0x147b6c600000
x3012c0s19b1n0:4260:9333 [2] NCCL INFO Channel 02/0 : 14[85000] -> 15[c7000] via P2P/IPC/read
x3012c0s19b1n0:4261:9527 [3] NCCL INFO New proxy recv connection 2 from local rank 3, transport 0
x3012c0s19b1n0:4260:9516 [2] NCCL INFO New proxy send connection 2 from local rank 2, transport 0
x3012c0s19b1n0:4260:9333 [2] NCCL INFO Connection to proxy localRank 2 -> connection 0x147b00000d00
x3012c0s19b1n0:4260:9516 [2] NCCL INFO transport/p2p.cc:430 Cuda Alloc Size 6291456 pointer 0x147b6cc00000
x3012c0s19b1n0:4259:9336 [1] NCCL INFO Channel 01/0 : 11[c7000] -> 13[46000] [receive] via NET/IB/0
x3012c0s19b1n0:4259:9336 [1] NCCL INFO GPU Direct RDMA Disabled for GPU 46000 / HCA 1 (distance 6 > 4)
x3012c0s19b1n0:4259:9512 [1] NCCL INFO New proxy recv connection 2 from local rank 1, transport 2
x3012c0s19b1n0:4258:9334 [0] NCCL INFO Connection to proxy localRank 0 -> connection 0x154864000d40
x3012c0s19b1n0:4259:9336 [1] NCCL INFO Connection to proxy localRank 1 -> connection 0x14a20c000d00
x3012c0s19b1n0:4259:9336 [1] NCCL INFO Channel 02/0 : 11[c7000] -> 13[46000] [receive] via NET/IB/1
x3012c0s19b1n0:4259:9336 [1] NCCL INFO GPU Direct RDMA Disabled for GPU 46000 / HCA 0 (distance 7 > 4)
x3012c0s19b1n0:4260:9333 [2] NCCL INFO Channel 03/0 : 14[85000] -> 15[c7000] via P2P/IPC/read
x3012c0s19b1n0:4260:9516 [2] NCCL INFO New proxy send connection 3 from local rank 2, transport 0
x3012c0s19b1n0:4258:9503 [0] NCCL INFO transport/p2p.cc:430 Cuda Alloc Size 6291456 pointer 0x1548e1200000
x3012c0s19b1n0:4261:9335 [3] NCCL INFO Connection to proxy localRank 3 -> connection 0x152984000d00
x3012c0s19b1n0:4261:9527 [3] NCCL INFO transport/p2p.cc:449 Cuda Alloc Size 6291456 pointer 0x1529ffe00000
x3012c0s19b1n0:4260:9333 [2] NCCL INFO Connection to proxy localRank 2 -> connection 0x147b00000d40
x3012c0s19b1n0:4260:9516 [2] NCCL INFO transport/p2p.cc:430 Cuda Alloc Size 6291456 pointer 0x147b6d200000
x3012c0s19b1n0:4261:9527 [3] NCCL INFO New proxy recv connection 3 from local rank 3, transport 0
x3012c0s19b1n0:4261:9335 [3] NCCL INFO Connection to proxy localRank 3 -> connection 0x152984000d40
x3012c0s19b1n0:4261:9527 [3] NCCL INFO transport/p2p.cc:449 Cuda Alloc Size 6291456 pointer 0x152a00400000
x3012c0s19b1n0:4259:9512 [1] NCCL INFO New proxy recv connection 3 from local rank 1, transport 2
x3012c0s19b1n0:4259:9336 [1] NCCL INFO Connection to proxy localRank 1 -> connection 0x14a20c000d40
x3012c0s19b1n0:4261:9335 [3] NCCL INFO GPU Direct RDMA Disabled for GPU c7000 / HCA 1 (distance 7 > 4)
x3012c0s19b1n0:4260:9516 [2] NCCL INFO New proxy recv connection 4 from local rank 2, transport 0
x3012c0s19b1n0:4261:9527 [3] NCCL INFO Allocated 4194656 bytes of shared memory in /dev/shm/nccl-IZ8WRn

x3012c0s19b1n0:4261:9527 [3] NCCL INFO New proxy send connection 4 from local rank 3, transport 2
x3012c0s19b1n0:4260:9333 [2] NCCL INFO Connection to proxy localRank 2 -> connection 0x147b00000d80
x3012c0s19b1n0:4260:9516 [2] NCCL INFO transport/p2p.cc:449 Cuda Alloc Size 6291456 pointer 0x147b9f400000
x3012c0s19b1n0:4259:9336 [1] NCCL INFO Channel 03/0 : 11[c7000] -> 13[46000] [receive] via NET/IB/0
x3012c0s19b1n0:4259:9512 [1] NCCL INFO transport/net_ib.cc:683 Ib Alloc Size 21688 pointer 0x14a20c01d000
x3012c0s19b1n0:4259:9512 [1] NCCL INFO transport/net_ib.cc:696 Ib Alloc Size 552 pointer 0x14a20c024000
x3012c0s19b1n0:4260:9516 [2] NCCL INFO New proxy recv connection 5 from local rank 2, transport 0
x3012c0s19b1n0:4261:9335 [3] NCCL INFO Connection to proxy localRank 3 -> connection 0x152984000d80
x3012c0s19b1n0:4261:9335 [3] NCCL INFO Channel 00/0 : 15[c7000] -> 17[46000] [send] via NET/IB/1
x3012c0s19b1n0:4261:9335 [3] NCCL INFO GPU Direct RDMA Disabled for GPU c7000 / HCA 0 (distance 6 > 4)
x3012c0s19b1n0:4261:9527 [3] NCCL INFO New proxy send connection 5 from local rank 3, transport 2
x3012c0s19b1n0:4261:9335 [3] NCCL INFO Connection to proxy localRank 3 -> connection 0x152984000dc0
x3012c0s19b1n0:4261:9335 [3] NCCL INFO Channel 01/0 : 15[c7000] -> 17[46000] [send] via NET/IB/0
x3012c0s19b1n0:4261:9335 [3] NCCL INFO GPU Direct RDMA Disabled for GPU c7000 / HCA 1 (distance 7 > 4)
x3012c0s19b1n0:4260:9333 [2] NCCL INFO Connection to proxy localRank 2 -> connection 0x147b00000dc0
x3012c0s19b1n0:4260:9516 [2] NCCL INFO transport/p2p.cc:449 Cuda Alloc Size 6291456 pointer 0x147b9fa00000
x3012c0s19b1n0:4261:9527 [3] NCCL INFO New proxy send connection 6 from local rank 3, transport 2
x3012c0s19b1n0:4260:9516 [2] NCCL INFO New proxy recv connection 6 from local rank 2, transport 0
x3012c0s19b1n0:4260:9333 [2] NCCL INFO Connection to proxy localRank 2 -> connection 0x147b00000e00
x3012c0s19b1n0:4259:9512 [1] NCCL INFO transport/net_ib.cc:771 Ib Alloc Size 552 pointer 0x14a20c041000
x3012c0s19b1n0:4259:9512 [1] NCCL INFO transport/net.cc:698 Cuda Host Alloc Size 9641984 pointer 0x14a282a00000
x3012c0s19b1n0:4259:9512 [1] NCCL INFO transport/net_ib.cc:683 Ib Alloc Size 21688 pointer 0x14a20c043000
x3012c0s19b1n0:4259:9512 [1] NCCL INFO transport/net_ib.cc:696 Ib Alloc Size 552 pointer 0x14a20c04a000
x3012c0s19b1n0:4260:9516 [2] NCCL INFO transport/p2p.cc:449 Cuda Alloc Size 6291456 pointer 0x147ba7800000
x3012c0s19b1n0:4259:9512 [1] NCCL INFO transport/net_ib.cc:771 Ib Alloc Size 552 pointer 0x14a20c065000
x3012c0s19b1n0:4259:9512 [1] NCCL INFO transport/net.cc:698 Cuda Host Alloc Size 9641984 pointer 0x14a283400000
x3012c0s19b1n0:4261:9335 [3] NCCL INFO Connection to proxy localRank 3 -> connection 0x152984000e00
x3012c0s19b1n0:4261:9335 [3] NCCL INFO Channel 02/0 : 15[c7000] -> 17[46000] [send] via NET/IB/1
x3012c0s19b1n0:4261:9335 [3] NCCL INFO GPU Direct RDMA Disabled for GPU c7000 / HCA 0 (distance 6 > 4)
x3012c0s19b1n0:4261:9527 [3] NCCL INFO New proxy send connection 7 from local rank 3, transport 2
x3012c0s19b1n0:4259:9512 [1] NCCL INFO transport/net_ib.cc:683 Ib Alloc Size 21688 pointer 0x14a20c067000
x3012c0s19b1n0:4259:9512 [1] NCCL INFO transport/net_ib.cc:696 Ib Alloc Size 552 pointer 0x14a20c06e000
x3012c0s19b1n0:4260:9516 [2] NCCL INFO New proxy recv connection 7 from local rank 2, transport 0
x3012c0s19b1n0:4259:9512 [1] NCCL INFO transport/net_ib.cc:771 Ib Alloc Size 552 pointer 0x14a20c089000
x3012c0s19b1n0:4259:9512 [1] NCCL INFO transport/net.cc:698 Cuda Host Alloc Size 9641984 pointer 0x14a283e00000
x3012c0s19b1n0:4261:9335 [3] NCCL INFO Connection to proxy localRank 3 -> connection 0x152984000e40
x3012c0s19b1n0:4261:9335 [3] NCCL INFO Channel 03/0 : 15[c7000] -> 17[46000] [send] via NET/IB/0
x3012c0s19b1n0:4261:9527 [3] NCCL INFO transport/net_ib.cc:596 Ib Alloc Size 26560 pointer 0x152984020000
x3012c0s19b1n0:4259:9512 [1] NCCL INFO transport/net_ib.cc:683 Ib Alloc Size 21688 pointer 0x14a20c08b000
x3012c0s19b1n0:4259:9512 [1] NCCL INFO transport/net_ib.cc:696 Ib Alloc Size 552 pointer 0x14a20c092000
x3012c0s19b1n0:4261:9527 [3] NCCL INFO NET/IB: Dev 1 Port 1 qpn 3529 mtu 5 GID 0 (80FE/891100FEFF000000)
x3012c0s19b1n0:4261:9527 [3] NCCL INFO transport/net_ib.cc:653 Ib Alloc Size 552 pointer 0x152984038000
x3012c0s19b1n0:4261:9527 [3] NCCL INFO transport/net.cc:571 Cuda Host Alloc Size 9641984 pointer 0x15298ac00000
x3012c0s19b1n0:4260:9333 [2] NCCL INFO Connection to proxy localRank 2 -> connection 0x147b00000e40
x3012c0s19b1n0:4260:9516 [2] NCCL INFO transport/p2p.cc:449 Cuda Alloc Size 6291456 pointer 0x147b06000000
x3012c0s19b1n0:4261:9527 [3] NCCL INFO transport/net_ib.cc:596 Ib Alloc Size 26560 pointer 0x15298403a000
x3012c0s19b1n0:4261:9527 [3] NCCL INFO NET/IB: Dev 0 Port 1 qpn 3127 mtu 5 GID 0 (80FE/DE1100FEFF000000)
x3012c0s19b1n0:4261:9527 [3] NCCL INFO transport/net_ib.cc:653 Ib Alloc Size 552 pointer 0x152984051000
x3012c0s19b1n0:4261:9527 [3] NCCL INFO transport/net.cc:571 Cuda Host Alloc Size 9641984 pointer 0x15298b600000
x3012c0s19b1n0:4260:9333 [2] NCCL INFO Connected all rings
x3012c0s19b1n0:4258:9503 [0] NCCL INFO New proxy recv connection 4 from local rank 0, transport 0
x3012c0s19b1n0:4260:9516 [2] NCCL INFO New proxy recv connection 8 from local rank 2, transport 0
x3012c0s19b1n0:4259:9512 [1] NCCL INFO transport/net_ib.cc:771 Ib Alloc Size 552 pointer 0x14a20c0ad000
x3012c0s19b1n0:4259:9512 [1] NCCL INFO transport/net.cc:698 Cuda Host Alloc Size 9641984 pointer 0x14a284800000
x3012c0s19b1n0:4261:9527 [3] NCCL INFO transport/net_ib.cc:596 Ib Alloc Size 26560 pointer 0x152984053000
x3012c0s19b1n0:4259:9336 [1] NCCL INFO Channel 00/0 : 13[46000] -> 12[7000] via P2P/IPC/read
x3012c0s19b1n0:4259:9512 [1] NCCL INFO New proxy send connection 4 from local rank 1, transport 0
x3012c0s19b1n0:4258:9334 [0] NCCL INFO Connection to proxy localRank 0 -> connection 0x154864000d80
x3012c0s19b1n0:4258:9503 [0] NCCL INFO transport/p2p.cc:449 Cuda Alloc Size 6291456 pointer 0x15485f800000
x3012c0s19b1n0:4261:9527 [3] NCCL INFO NET/IB: Dev 1 Port 1 qpn 3530 mtu 5 GID 0 (80FE/891100FEFF000000)
x3012c0s19b1n0:4261:9527 [3] NCCL INFO transport/net_ib.cc:653 Ib Alloc Size 552 pointer 0x15298406a000
x3012c0s19b1n0:4260:9333 [2] NCCL INFO Connection to proxy localRank 2 -> connection 0x147b00000e80
x3012c0s19b1n0:4261:9527 [3] NCCL INFO transport/net.cc:571 Cuda Host Alloc Size 9641984 pointer 0x15297e000000
x3012c0s19b1n0:4258:9503 [0] NCCL INFO New proxy recv connection 5 from local rank 0, transport 0
x3012c0s19b1n0:4259:9336 [1] NCCL INFO Connection to proxy localRank 1 -> connection 0x14a20c000d80
x3012c0s19b1n0:4259:9512 [1] NCCL INFO transport/p2p.cc:430 Cuda Alloc Size 6291456 pointer 0x14a285200000
x3012c0s19b1n0:4260:9516 [2] NCCL INFO transport/p2p.cc:449 Cuda Alloc Size 6291456 pointer 0x147afe000000
x3012c0s19b1n0:4260:9516 [2] NCCL INFO New proxy recv connection 9 from local rank 2, transport 0
x3012c0s19b1n0:4261:9527 [3] NCCL INFO transport/net_ib.cc:596 Ib Alloc Size 26560 pointer 0x15298406c000
x3012c0s19b1n0:4261:9527 [3] NCCL INFO NET/IB: Dev 0 Port 1 qpn 3130 mtu 5 GID 0 (80FE/DE1100FEFF000000)
x3012c0s19b1n0:4261:9527 [3] NCCL INFO transport/net_ib.cc:653 Ib Alloc Size 552 pointer 0x152984083000
x3012c0s19b1n0:4261:9527 [3] NCCL INFO transport/net.cc:571 Cuda Host Alloc Size 9641984 pointer 0x15297ea00000
x3012c0s19b1n0:4258:9334 [0] NCCL INFO Connection to proxy localRank 0 -> connection 0x154864000dc0
x3012c0s19b1n0:4258:9503 [0] NCCL INFO transport/p2p.cc:449 Cuda Alloc Size 6291456 pointer 0x15485c000000
x3012c0s19b1n0:4260:9333 [2] NCCL INFO Connection to proxy localRank 2 -> connection 0x147b00000ec0
x3012c0s19b1n0:4260:9516 [2] NCCL INFO transport/p2p.cc:449 Cuda Alloc Size 6291456 pointer 0x147afe600000
x3012c0s19b1n0:4259:9336 [1] NCCL INFO Channel 01/0 : 13[46000] -> 12[7000] via P2P/IPC/read
x3012c0s19b1n0:4259:9512 [1] NCCL INFO New proxy send connection 5 from local rank 1, transport 0
x3012c0s19b1n0:4261:9335 [3] NCCL INFO Connected all rings
x3012c0s19b1n0:4261:9335 [3] NCCL INFO Channel 00/0 : 15[c7000] -> 14[85000] via P2P/IPC/read
x3012c0s19b1n0:4261:9527 [3] NCCL INFO New proxy send connection 8 from local rank 3, transport 0
x3012c0s19b1n0:4258:9503 [0] NCCL INFO New proxy recv connection 6 from local rank 0, transport 0
x3012c0s19b1n0:4260:9516 [2] NCCL INFO New proxy recv connection 10 from local rank 2, transport 0
x3012c0s19b1n0:4259:9336 [1] NCCL INFO Connection to proxy localRank 1 -> connection 0x14a20c000dc0
x3012c0s19b1n0:4259:9512 [1] NCCL INFO transport/p2p.cc:430 Cuda Alloc Size 6291456 pointer 0x14a206000000
x3012c0s19b1n0:4261:9335 [3] NCCL INFO Connection to proxy localRank 3 -> connection 0x152984000e80
x3012c0s19b1n0:4261:9527 [3] NCCL INFO transport/p2p.cc:430 Cuda Alloc Size 6291456 pointer 0x15297f400000
x3012c0s19b1n0:4261:9335 [3] NCCL INFO Channel 01/0 : 15[c7000] -> 14[85000] via P2P/IPC/read
x3012c0s19b1n0:4258:9334 [0] NCCL INFO Connection to proxy localRank 0 -> connection 0x154864000e00
x3012c0s19b1n0:4258:9503 [0] NCCL INFO transport/p2p.cc:449 Cuda Alloc Size 6291456 pointer 0x15485c600000
x3012c0s19b1n0:4261:9527 [3] NCCL INFO New proxy send connection 9 from local rank 3, transport 0
x3012c0s19b1n0:4260:9333 [2] NCCL INFO Connection to proxy localRank 2 -> connection 0x147b00000f00
x3012c0s19b1n0:4260:9516 [2] NCCL INFO transport/p2p.cc:449 Cuda Alloc Size 6291456 pointer 0x147afec00000
x3012c0s19b1n0:4259:9336 [1] NCCL INFO Channel 02/0 : 13[46000] -> 12[7000] via P2P/IPC/read
x3012c0s19b1n0:4259:9512 [1] NCCL INFO New proxy send connection 6 from local rank 1, transport 0
x3012c0s19b1n0:4261:9335 [3] NCCL INFO Connection to proxy localRank 3 -> connection 0x152984000ec0
x3012c0s19b1n0:4261:9527 [3] NCCL INFO transport/p2p.cc:430 Cuda Alloc Size 6291456 pointer 0x15297fa00000
x3012c0s19b1n0:4260:9516 [2] NCCL INFO New proxy recv connection 11 from local rank 2, transport 0
x3012c0s19b1n0:4261:9335 [3] NCCL INFO Channel 02/0 : 15[c7000] -> 14[85000] via P2P/IPC/read
x3012c0s19b1n0:4261:9527 [3] NCCL INFO New proxy send connection 10 from local rank 3, transport 0
x3012c0s19b1n0:4258:9503 [0] NCCL INFO New proxy recv connection 7 from local rank 0, transport 0
x3012c0s19b1n0:4259:9336 [1] NCCL INFO Connection to proxy localRank 1 -> connection 0x14a20c000e00
x3012c0s19b1n0:4259:9512 [1] NCCL INFO transport/p2p.cc:430 Cuda Alloc Size 6291456 pointer 0x14a206600000
x3012c0s19b1n0:4260:9333 [2] NCCL INFO Connection to proxy localRank 2 -> connection 0x147b00000f40
x3012c0s19b1n0:4260:9516 [2] NCCL INFO transport/p2p.cc:449 Cuda Alloc Size 6291456 pointer 0x147aff200000
x3012c0s19b1n0:4261:9335 [3] NCCL INFO Connection to proxy localRank 3 -> connection 0x152984000f00
x3012c0s19b1n0:4261:9527 [3] NCCL INFO transport/p2p.cc:430 Cuda Alloc Size 6291456 pointer 0x15297c000000
x3012c0s19b1n0:4258:9334 [0] NCCL INFO Connection to proxy localRank 0 -> connection 0x154864000e40
x3012c0s19b1n0:4258:9503 [0] NCCL INFO transport/p2p.cc:449 Cuda Alloc Size 6291456 pointer 0x15485cc00000
x3012c0s19b1n0:4259:9336 [1] NCCL INFO Channel 03/0 : 13[46000] -> 12[7000] via P2P/IPC/read
x3012c0s19b1n0:4259:9512 [1] NCCL INFO New proxy send connection 7 from local rank 1, transport 0
x3012c0s19b1n0:4259:9336 [1] NCCL INFO Connection to proxy localRank 1 -> connection 0x14a20c000e40
x3012c0s19b1n0:4259:9512 [1] NCCL INFO transport/p2p.cc:430 Cuda Alloc Size 6291456 pointer 0x14a206c00000
x3012c0s19b1n0:4259:9336 [1] NCCL INFO Connected all rings
x3012c0s19b1n0:4261:9335 [3] NCCL INFO Channel 03/0 : 15[c7000] -> 14[85000] via P2P/IPC/read
x3012c0s19b1n0:4261:9527 [3] NCCL INFO New proxy send connection 11 from local rank 3, transport 0
x3012c0s19b1n0:4258:9334 [0] NCCL INFO Connected all rings
x3012c0s19b1n0:4258:9334 [0] NCCL INFO Channel 00/0 : 12[7000] -> 13[46000] via P2P/IPC/read
x3012c0s19b1n0:4258:9503 [0] NCCL INFO New proxy send connection 8 from local rank 0, transport 0
x3012c0s19b1n0:4258:9334 [0] NCCL INFO Connection to proxy localRank 0 -> connection 0x154864000e80
x3012c0s19b1n0:4261:9335 [3] NCCL INFO Connection to proxy localRank 3 -> connection 0x152984000f40
x3012c0s19b1n0:4261:9527 [3] NCCL INFO transport/p2p.cc:430 Cuda Alloc Size 6291456 pointer 0x15297c600000
x3012c0s19b1n0:4259:9512 [1] NCCL INFO New proxy recv connection 8 from local rank 1, transport 0
x3012c0s19b1n0:4258:9503 [0] NCCL INFO transport/p2p.cc:430 Cuda Alloc Size 6291456 pointer 0x15485ac00000
x3012c0s19b1n0:4258:9334 [0] NCCL INFO Channel 01/0 : 12[7000] -> 13[46000] via P2P/IPC/read
x3012c0s19b1n0:4258:9503 [0] NCCL INFO New proxy send connection 9 from local rank 0, transport 0
x3012c0s19b1n0:4259:9336 [1] NCCL INFO Connection to proxy localRank 1 -> connection 0x14a20c000e80
x3012c0s19b1n0:4259:9512 [1] NCCL INFO transport/p2p.cc:449 Cuda Alloc Size 6291456 pointer 0x14a1fec00000
x3012c0s19b1n0:4259:9512 [1] NCCL INFO New proxy recv connection 9 from local rank 1, transport 0
x3012c0s19b1n0:4258:9334 [0] NCCL INFO Connection to proxy localRank 0 -> connection 0x154864000ec0
x3012c0s19b1n0:4259:9336 [1] NCCL INFO Connection to proxy localRank 1 -> connection 0x14a20c000ec0
x3012c0s19b1n0:4259:9512 [1] NCCL INFO transport/p2p.cc:449 Cuda Alloc Size 6291456 pointer 0x14a1ff200000
x3012c0s19b1n0:4259:9512 [1] NCCL INFO New proxy recv connection 10 from local rank 1, transport 0
x3012c0s19b1n0:4258:9503 [0] NCCL INFO transport/p2p.cc:430 Cuda Alloc Size 6291456 pointer 0x15485b200000
x3012c0s19b1n0:4258:9334 [0] NCCL INFO Channel 02/0 : 12[7000] -> 13[46000] via P2P/IPC/read
x3012c0s19b1n0:4258:9503 [0] NCCL INFO New proxy send connection 10 from local rank 0, transport 0
x3012c0s19b1n0:4258:9334 [0] NCCL INFO Connection to proxy localRank 0 -> connection 0x154864000f00
x3012c0s19b1n0:4258:9503 [0] NCCL INFO transport/p2p.cc:430 Cuda Alloc Size 6291456 pointer 0x15485b800000
x3012c0s19b1n0:4259:9336 [1] NCCL INFO Connection to proxy localRank 1 -> connection 0x14a20c000f00
x3012c0s19b1n0:4259:9512 [1] NCCL INFO transport/p2p.cc:449 Cuda Alloc Size 6291456 pointer 0x14a1ff800000
x3012c0s19b1n0:4259:9512 [1] NCCL INFO New proxy recv connection 11 from local rank 1, transport 0
x3012c0s19b1n0:4258:9334 [0] NCCL INFO Channel 03/0 : 12[7000] -> 13[46000] via P2P/IPC/read
x3012c0s19b1n0:4258:9503 [0] NCCL INFO New proxy send connection 11 from local rank 0, transport 0
x3012c0s19b1n0:4259:9336 [1] NCCL INFO Connection to proxy localRank 1 -> connection 0x14a20c000f40
x3012c0s19b1n0:4259:9512 [1] NCCL INFO transport/p2p.cc:449 Cuda Alloc Size 6291456 pointer 0x14a1fc000000
x3012c0s19b1n0:4259:9336 [1] NCCL INFO Channel 00/0 : 13[46000] -> 14[85000] via P2P/IPC/read
x3012c0s19b1n0:4258:9334 [0] NCCL INFO Connection to proxy localRank 0 -> connection 0x154864000f40
x3012c0s19b1n0:4258:9503 [0] NCCL INFO transport/p2p.cc:430 Cuda Alloc Size 6291456 pointer 0x154858000000
x3012c0s19b1n0:4259:9512 [1] NCCL INFO New proxy send connection 12 from local rank 1, transport 0
x3012c0s19b1n0:4259:9336 [1] NCCL INFO Connection to proxy localRank 1 -> connection 0x14a20c000f80
x3012c0s19b1n0:4259:9512 [1] NCCL INFO transport/p2p.cc:430 Cuda Alloc Size 6291456 pointer 0x14a1fc600000
x3012c0s19b1n0:4259:9336 [1] NCCL INFO Channel 01/0 : 13[46000] -> 14[85000] via P2P/IPC/read
x3012c0s19b1n0:4259:9512 [1] NCCL INFO New proxy send connection 13 from local rank 1, transport 0
x3012c0s19b1n0:4259:9336 [1] NCCL INFO Connection to proxy localRank 1 -> connection 0x14a20c000fc0
x3012c0s19b1n0:4259:9512 [1] NCCL INFO transport/p2p.cc:430 Cuda Alloc Size 6291456 pointer 0x14a1fcc00000
x3012c0s19b1n0:4259:9336 [1] NCCL INFO Channel 02/0 : 13[46000] -> 14[85000] via P2P/IPC/read
x3012c0s19b1n0:4259:9512 [1] NCCL INFO New proxy send connection 14 from local rank 1, transport 0
x3012c0s19b1n0:4259:9336 [1] NCCL INFO Connection to proxy localRank 1 -> connection 0x14a20c001000
x3012c0s19b1n0:4259:9512 [1] NCCL INFO transport/p2p.cc:430 Cuda Alloc Size 6291456 pointer 0x14a1fd200000
x3012c0s19b1n0:4259:9336 [1] NCCL INFO Channel 03/0 : 13[46000] -> 14[85000] via P2P/IPC/read
x3012c0s19b1n0:4259:9512 [1] NCCL INFO New proxy send connection 15 from local rank 1, transport 0
x3012c0s19b1n0:4259:9336 [1] NCCL INFO Connection to proxy localRank 1 -> connection 0x14a20c001040
x3012c0s19b1n0:4259:9512 [1] NCCL INFO transport/p2p.cc:430 Cuda Alloc Size 6291456 pointer 0x14a1fd800000
x3012c0s19b1n0:4259:9336 [1] NCCL INFO GPU Direct RDMA Disabled for GPU 46000 / HCA 1 (distance 6 > 4)
x3012c0s19b1n0:4260:9516 [2] NCCL INFO New proxy recv connection 12 from local rank 2, transport 0
x3012c0s19b1n0:4258:9334 [0] NCCL INFO GPU Direct RDMA Disabled for GPU 7000 / HCA 1 (distance 7 > 4)
x3012c0s19b1n0:4258:9503 [0] NCCL INFO Allocated 4194656 bytes of shared memory in /dev/shm/nccl-82DONa

x3012c0s19b1n0:4258:9503 [0] NCCL INFO New proxy recv connection 12 from local rank 0, transport 2
x3012c0s19b1n0:4259:9512 [1] NCCL INFO New proxy recv connection 16 from local rank 1, transport 2
x3012c0s19b1n0:4260:9333 [2] NCCL INFO Connection to proxy localRank 2 -> connection 0x147b00000f80
x3012c0s19b1n0:4260:9516 [2] NCCL INFO transport/p2p.cc:449 Cuda Alloc Size 6291456 pointer 0x147afd200000
x3012c0s19b1n0:4258:9334 [0] NCCL INFO Connection to proxy localRank 0 -> connection 0x154864000f80
x3012c0s19b1n0:4259:9336 [1] NCCL INFO Connection to proxy localRank 1 -> connection 0x14a20c001080
x3012c0s19b1n0:4259:9336 [1] NCCL INFO Channel 02/0 : 8[7000] -> 13[46000] [receive] via NET/IB/1
x3012c0s19b1n0:4259:9336 [1] NCCL INFO GPU Direct RDMA Disabled for GPU 46000 / HCA 0 (distance 7 > 4)
x3012c0s19b1n0:4260:9516 [2] NCCL INFO New proxy recv connection 13 from local rank 2, transport 0
x3012c0s19b1n0:4258:9334 [0] NCCL INFO Channel 00/0 : 8[7000] -> 12[7000] [receive] via NET/IB/1
x3012c0s19b1n0:4258:9334 [0] NCCL INFO GPU Direct RDMA Disabled for GPU 7000 / HCA 0 (distance 7 > 4)
x3012c0s19b1n0:4258:9503 [0] NCCL INFO New proxy recv connection 13 from local rank 0, transport 2
x3012c0s19b1n0:4259:9512 [1] NCCL INFO New proxy recv connection 17 from local rank 1, transport 2
x3012c0s19b1n0:4260:9333 [2] NCCL INFO Connection to proxy localRank 2 -> connection 0x147b00000fc0
x3012c0s19b1n0:4260:9516 [2] NCCL INFO transport/p2p.cc:449 Cuda Alloc Size 6291456 pointer 0x147afd800000
x3012c0s19b1n0:4258:9334 [0] NCCL INFO Connection to proxy localRank 0 -> connection 0x154864000fc0
x3012c0s19b1n0:4259:9336 [1] NCCL INFO Connection to proxy localRank 1 -> connection 0x14a20c0010c0
x3012c0s19b1n0:4258:9334 [0] NCCL INFO Channel 01/0 : 8[7000] -> 12[7000] [receive] via NET/IB/0
x3012c0s19b1n0:4258:9334 [0] NCCL INFO GPU Direct RDMA Disabled for GPU 7000 / HCA 1 (distance 7 > 4)
x3012c0s19b1n0:4258:9503 [0] NCCL INFO New proxy send connection 14 from local rank 0, transport 2
x3012c0s19b1n0:4260:9516 [2] NCCL INFO New proxy recv connection 14 from local rank 2, transport 0
x3012c0s19b1n0:4259:9336 [1] NCCL INFO Channel 03/0 : 8[7000] -> 13[46000] [receive] via NET/IB/0
x3012c0s19b1n0:4258:9334 [0] NCCL INFO Connection to proxy localRank 0 -> connection 0x154864001000
x3012c0s19b1n0:4258:9334 [0] NCCL INFO Channel 02/0 : 12[7000] -> 16[7000] [send] via NET/IB/1
x3012c0s19b1n0:4258:9334 [0] NCCL INFO GPU Direct RDMA Disabled for GPU 7000 / HCA 0 (distance 7 > 4)
x3012c0s19b1n0:4258:9503 [0] NCCL INFO New proxy send connection 15 from local rank 0, transport 2
x3012c0s19b1n0:4260:9333 [2] NCCL INFO Connection to proxy localRank 2 -> connection 0x147b00001000
x3012c0s19b1n0:4260:9516 [2] NCCL INFO transport/p2p.cc:449 Cuda Alloc Size 6291456 pointer 0x147afa000000
x3012c0s19b1n0:4258:9334 [0] NCCL INFO Connection to proxy localRank 0 -> connection 0x154864001040
x3012c0s19b1n0:4258:9334 [0] NCCL INFO Channel 03/0 : 12[7000] -> 16[7000] [send] via NET/IB/0
x3012c0s19b1n0:4258:9503 [0] NCCL INFO transport/net_ib.cc:596 Ib Alloc Size 26560 pointer 0x154864026000
x3012c0s19b1n0:4260:9516 [2] NCCL INFO New proxy recv connection 15 from local rank 2, transport 0
x3012c0s19b1n0:4260:9333 [2] NCCL INFO Connection to proxy localRank 2 -> connection 0x147b00001040
x3012c0s19b1n0:4258:9503 [0] NCCL INFO NET/IB: Dev 1 Port 1 qpn 3531 mtu 5 GID 0 (80FE/891100FEFF000000)
x3012c0s19b1n0:4258:9503 [0] NCCL INFO transport/net_ib.cc:653 Ib Alloc Size 552 pointer 0x15486403e000
x3012c0s19b1n0:4258:9503 [0] NCCL INFO transport/net.cc:571 Cuda Host Alloc Size 9641984 pointer 0x154856000000
x3012c0s19b1n0:4258:9503 [0] NCCL INFO transport/net_ib.cc:596 Ib Alloc Size 26560 pointer 0x154864040000
x3012c0s19b1n0:4258:9503 [0] NCCL INFO NET/IB: Dev 0 Port 1 qpn 3131 mtu 5 GID 0 (80FE/DE1100FEFF000000)
x3012c0s19b1n0:4258:9503 [0] NCCL INFO transport/net_ib.cc:653 Ib Alloc Size 552 pointer 0x154864057000
x3012c0s19b1n0:4258:9503 [0] NCCL INFO transport/net.cc:571 Cuda Host Alloc Size 9641984 pointer 0x154856a00000
x3012c0s19b1n0:4260:9516 [2] NCCL INFO transport/p2p.cc:449 Cuda Alloc Size 6291456 pointer 0x147afa600000
x3012c0s19b1n0:4260:9333 [2] NCCL INFO Channel 00/0 : 14[85000] -> 13[46000] via P2P/IPC/read
x3012c0s19b1n0:4260:9516 [2] NCCL INFO New proxy send connection 16 from local rank 2, transport 0
x3012c0s19b1n0:4258:9503 [0] NCCL INFO transport/net_ib.cc:683 Ib Alloc Size 21688 pointer 0x154864059000
x3012c0s19b1n0:4258:9503 [0] NCCL INFO transport/net_ib.cc:696 Ib Alloc Size 552 pointer 0x154864060000
x3012c0s19b1n0:4258:9503 [0] NCCL INFO transport/net_ib.cc:771 Ib Alloc Size 552 pointer 0x15486407c000
x3012c0s19b1n0:4258:9503 [0] NCCL INFO transport/net.cc:698 Cuda Host Alloc Size 9641984 pointer 0x154857400000
x3012c0s19b1n0:4260:9333 [2] NCCL INFO Connection to proxy localRank 2 -> connection 0x147b00001080
x3012c0s19b1n0:4260:9516 [2] NCCL INFO transport/p2p.cc:430 Cuda Alloc Size 6291456 pointer 0x147afac00000
x3012c0s19b1n0:4258:9503 [0] NCCL INFO transport/net_ib.cc:683 Ib Alloc Size 21688 pointer 0x15486407e000
x3012c0s19b1n0:4258:9503 [0] NCCL INFO transport/net_ib.cc:696 Ib Alloc Size 552 pointer 0x154864085000
x3012c0s19b1n0:4258:9503 [0] NCCL INFO transport/net_ib.cc:771 Ib Alloc Size 552 pointer 0x1548640a0000
x3012c0s19b1n0:4258:9503 [0] NCCL INFO transport/net.cc:698 Cuda Host Alloc Size 9641984 pointer 0x15484e000000
x3012c0s19b1n0:4260:9333 [2] NCCL INFO Channel 01/0 : 14[85000] -> 13[46000] via P2P/IPC/read
x3012c0s19b1n0:4260:9516 [2] NCCL INFO New proxy send connection 17 from local rank 2, transport 0
x3012c0s19b1n0:4260:9333 [2] NCCL INFO Connection to proxy localRank 2 -> connection 0x147b000010c0
x3012c0s19b1n0:4259:9512 [1] NCCL INFO transport/net_ib.cc:683 Ib Alloc Size 21688 pointer 0x14a20c0be000
x3012c0s19b1n0:4260:9516 [2] NCCL INFO transport/p2p.cc:430 Cuda Alloc Size 6291456 pointer 0x147afb200000
x3012c0s19b1n0:4258:9334 [0] NCCL INFO GPU Direct RDMA Disabled for GPU 7000 / HCA 1 (distance 7 > 4)
x3012c0s19b1n0:4258:9503 [0] NCCL INFO New proxy send connection 16 from local rank 0, transport 2
x3012c0s19b1n0:4258:9334 [0] NCCL INFO Connection to proxy localRank 0 -> connection 0x154864001080
x3012c0s19b1n0:4258:9334 [0] NCCL INFO Channel 02/0 : 12[7000] -> 1[46000] [send] via NET/IB/1
x3012c0s19b1n0:4258:9334 [0] NCCL INFO GPU Direct RDMA Disabled for GPU 7000 / HCA 0 (distance 7 > 4)
x3012c0s19b1n0:4258:9503 [0] NCCL INFO New proxy send connection 17 from local rank 0, transport 2
x3012c0s19b1n0:4260:9333 [2] NCCL INFO Channel 02/0 : 14[85000] -> 13[46000] via P2P/IPC/read
x3012c0s19b1n0:4260:9516 [2] NCCL INFO New proxy send connection 18 from local rank 2, transport 0
x3012c0s19b1n0:4259:9512 [1] NCCL INFO transport/net_ib.cc:696 Ib Alloc Size 552 pointer 0x14a20c01a000
x3012c0s19b1n0:4258:9334 [0] NCCL INFO Connection to proxy localRank 0 -> connection 0x1548640010c0
x3012c0s19b1n0:4258:9334 [0] NCCL INFO Channel 03/0 : 12[7000] -> 1[46000] [send] via NET/IB/0
x3012c0s19b1n0:4258:9503 [0] NCCL INFO transport/net_ib.cc:596 Ib Alloc Size 26560 pointer 0x1548640ac000
x3012c0s19b1n0:4259:9512 [1] NCCL INFO transport/net_ib.cc:771 Ib Alloc Size 552 pointer 0x14a20c0df000
x3012c0s19b1n0:4259:9512 [1] NCCL INFO transport/net.cc:698 Cuda Host Alloc Size 9641984 pointer 0x14a1f9200000
x3012c0s19b1n0:4260:9333 [2] NCCL INFO Connection to proxy localRank 2 -> connection 0x147b00001100
x3012c0s19b1n0:4260:9516 [2] NCCL INFO transport/p2p.cc:430 Cuda Alloc Size 6291456 pointer 0x147afb800000
x3012c0s19b1n0:4258:9503 [0] NCCL INFO NET/IB: Dev 1 Port 1 qpn 3536 mtu 5 GID 0 (80FE/891100FEFF000000)
x3012c0s19b1n0:4258:9503 [0] NCCL INFO transport/net_ib.cc:653 Ib Alloc Size 552 pointer 0x1548640c3000
x3012c0s19b1n0:4258:9503 [0] NCCL INFO transport/net.cc:571 Cuda Host Alloc Size 9641984 pointer 0x15484ea00000
x3012c0s19b1n0:4260:9333 [2] NCCL INFO Channel 03/0 : 14[85000] -> 13[46000] via P2P/IPC/read
x3012c0s19b1n0:4260:9516 [2] NCCL INFO New proxy send connection 19 from local rank 2, transport 0
x3012c0s19b1n0:4260:9333 [2] NCCL INFO Connection to proxy localRank 2 -> connection 0x147b00001140
x3012c0s19b1n0:4260:9516 [2] NCCL INFO transport/p2p.cc:430 Cuda Alloc Size 6291456 pointer 0x147af8000000
x3012c0s19b1n0:4259:9512 [1] NCCL INFO transport/net_ib.cc:683 Ib Alloc Size 21688 pointer 0x14a20c0e1000
x3012c0s19b1n0:4259:9512 [1] NCCL INFO transport/net_ib.cc:696 Ib Alloc Size 552 pointer 0x14a20c0e8000
x3012c0s19b1n0:4259:9512 [1] NCCL INFO transport/net_ib.cc:771 Ib Alloc Size 552 pointer 0x14a20c103000
x3012c0s19b1n0:4259:9512 [1] NCCL INFO transport/net.cc:698 Cuda Host Alloc Size 9641984 pointer 0x14a1f6000000
x3012c0s19b1n0:4258:9503 [0] NCCL INFO transport/net_ib.cc:596 Ib Alloc Size 26560 pointer 0x1548640c5000
x3012c0s19b1n0:4259:9336 [1] NCCL INFO GPU Direct RDMA Disabled for GPU 46000 / HCA 1 (distance 6 > 4)
x3012c0s19b1n0:4259:9512 [1] NCCL INFO New proxy send connection 18 from local rank 1, transport 2
x3012c0s19b1n0:4259:9336 [1] NCCL INFO Connection to proxy localRank 1 -> connection 0x14a20c001100
x3012c0s19b1n0:4258:9503 [0] NCCL INFO NET/IB: Dev 0 Port 1 qpn 3136 mtu 5 GID 0 (80FE/DE1100FEFF000000)
x3012c0s19b1n0:4258:9503 [0] NCCL INFO transport/net_ib.cc:653 Ib Alloc Size 552 pointer 0x1548640dc000
x3012c0s19b1n0:4258:9503 [0] NCCL INFO transport/net.cc:571 Cuda Host Alloc Size 9641984 pointer 0x15484f400000
x3012c0s19b1n0:4259:9336 [1] NCCL INFO Channel 02/0 : 13[46000] -> 8[7000] [send] via NET/IB/1
x3012c0s19b1n0:4259:9336 [1] NCCL INFO GPU Direct RDMA Disabled for GPU 46000 / HCA 0 (distance 7 > 4)
x3012c0s19b1n0:4261:9335 [3] NCCL INFO Connected all trees by HAO
x3012c0s19b1n0:4261:9335 [3] NCCL INFO threadThresholds 8/8/64 | 160/8/64 | 512 | 512
x3012c0s19b1n0:4261:9335 [3] NCCL INFO 4 coll channels, 4 p2p channels, 2 p2p channels per peer
x3012c0s19b1n0:4261:9527 [3] NCCL INFO New proxy send connection 12 from local rank 3, transport 2
x3012c0s19b1n0:4258:9334 [0] NCCL INFO GPU Direct RDMA Disabled for GPU 7000 / HCA 1 (distance 7 > 4)
x3012c0s19b1n0:4258:9503 [0] NCCL INFO New proxy recv connection 18 from local rank 0, transport 2
x3012c0s19b1n0:4258:9334 [0] NCCL INFO Connection to proxy localRank 0 -> connection 0x154864001100
x3012c0s19b1n0:4261:9335 [3] NCCL INFO Connection to proxy localRank 3 -> connection 0x152984000f80
x3012c0s19b1n0:4261:9527 [3] NCCL INFO transport/net.cc:376 Cuda Alloc Size 8388608 pointer 0x15297a600000
x3012c0s19b1n0:4259:9512 [1] NCCL INFO New proxy send connection 19 from local rank 1, transport 2
x3012c0s19b1n0:4259:9336 [1] NCCL INFO Connection to proxy localRank 1 -> connection 0x14a20c001140
x3012c0s19b1n0:4259:9336 [1] NCCL INFO Channel 03/0 : 13[46000] -> 8[7000] [send] via NET/IB/0
x3012c0s19b1n0:4258:9334 [0] NCCL INFO Channel 02/0 : 1[46000] -> 12[7000] [receive] via NET/IB/1
x3012c0s19b1n0:4258:9334 [0] NCCL INFO GPU Direct RDMA Disabled for GPU 7000 / HCA 0 (distance 7 > 4)
x3012c0s19b1n0:4258:9503 [0] NCCL INFO New proxy recv connection 19 from local rank 0, transport 2
x3012c0s19b1n0:4258:9334 [0] NCCL INFO Connection to proxy localRank 0 -> connection 0x154864001140
x3012c0s19b1n0:4258:9334 [0] NCCL INFO Channel 03/0 : 1[46000] -> 12[7000] [receive] via NET/IB/0
x3012c0s19b1n0:4258:9503 [0] NCCL INFO transport/net_ib.cc:683 Ib Alloc Size 21688 pointer 0x1548640e8000
x3012c0s19b1n0:4258:9503 [0] NCCL INFO transport/net_ib.cc:696 Ib Alloc Size 552 pointer 0x1548640ef000
x3012c0s19b1n0:4258:9503 [0] NCCL INFO transport/net_ib.cc:771 Ib Alloc Size 552 pointer 0x15486410a000
x3012c0s19b1n0:4258:9503 [0] NCCL INFO transport/net.cc:698 Cuda Host Alloc Size 9641984 pointer 0x15484c000000
x3012c0s19b1n0:4258:9503 [0] NCCL INFO transport/net_ib.cc:683 Ib Alloc Size 21688 pointer 0x15486410c000
x3012c0s19b1n0:4258:9503 [0] NCCL INFO transport/net_ib.cc:696 Ib Alloc Size 552 pointer 0x154864113000
x3012c0s19b1n0:4258:9503 [0] NCCL INFO transport/net_ib.cc:771 Ib Alloc Size 552 pointer 0x15486412e000
x3012c0s19b1n0:4258:9503 [0] NCCL INFO transport/net.cc:698 Cuda Host Alloc Size 9641984 pointer 0x15484ca00000
x3012c0s19b1n0:4258:9334 [0] NCCL INFO GPU Direct RDMA Disabled for GPU 7000 / HCA 1 (distance 7 > 4)
x3012c0s19b1n0:4258:9503 [0] NCCL INFO New proxy recv connection 20 from local rank 0, transport 2
x3012c0s19b1n0:4258:9334 [0] NCCL INFO Connection to proxy localRank 0 -> connection 0x154864001180
x3012c0s19b1n0:4258:9334 [0] NCCL INFO Channel 02/0 : 16[7000] -> 12[7000] [receive] via NET/IB/1
x3012c0s19b1n0:4258:9334 [0] NCCL INFO GPU Direct RDMA Disabled for GPU 7000 / HCA 0 (distance 7 > 4)
x3012c0s19b1n0:4258:9503 [0] NCCL INFO New proxy recv connection 21 from local rank 0, transport 2
x3012c0s19b1n0:4258:9334 [0] NCCL INFO Connection to proxy localRank 0 -> connection 0x1548640011c0
x3012c0s19b1n0:4258:9334 [0] NCCL INFO Channel 03/0 : 16[7000] -> 12[7000] [receive] via NET/IB/0
x3012c0s19b1n0:4258:9334 [0] NCCL INFO GPU Direct RDMA Disabled for GPU 7000 / HCA 1 (distance 7 > 4)
x3012c0s19b1n0:4258:9503 [0] NCCL INFO New proxy send connection 22 from local rank 0, transport 2
x3012c0s19b1n0:4259:9512 [1] NCCL INFO transport/net_ib.cc:596 Ib Alloc Size 26560 pointer 0x14a20c10f000
x3012c0s19b1n0:4259:9512 [1] NCCL INFO NET/IB: Dev 1 Port 1 qpn 3539 mtu 5 GID 0 (80FE/891100FEFF000000)
x3012c0s19b1n0:4259:9512 [1] NCCL INFO transport/net_ib.cc:653 Ib Alloc Size 552 pointer 0x14a20c126000
x3012c0s19b1n0:4259:9512 [1] NCCL INFO transport/net.cc:571 Cuda Host Alloc Size 9641984 pointer 0x14a1f6a00000
x3012c0s19b1n0:4259:9512 [1] NCCL INFO transport/net_ib.cc:596 Ib Alloc Size 26560 pointer 0x14a20c128000
x3012c0s19b1n0:4258:9334 [0] NCCL INFO Connection to proxy localRank 0 -> connection 0x154864001200
x3012c0s19b1n0:4259:9512 [1] NCCL INFO NET/IB: Dev 0 Port 1 qpn 3139 mtu 5 GID 0 (80FE/DE1100FEFF000000)
x3012c0s19b1n0:4259:9512 [1] NCCL INFO transport/net_ib.cc:653 Ib Alloc Size 552 pointer 0x14a20c13f000
x3012c0s19b1n0:4259:9512 [1] NCCL INFO transport/net.cc:571 Cuda Host Alloc Size 9641984 pointer 0x14a1f7400000
x3012c0s19b1n0:4258:9334 [0] NCCL INFO Channel 00/0 : 12[7000] -> 8[7000] [send] via NET/IB/1
x3012c0s19b1n0:4258:9334 [0] NCCL INFO GPU Direct RDMA Disabled for GPU 7000 / HCA 0 (distance 7 > 4)
x3012c0s19b1n0:4259:9512 [1] NCCL INFO New proxy recv connection 20 from local rank 1, transport 0
x3012c0s19b1n0:4258:9503 [0] NCCL INFO New proxy send connection 23 from local rank 0, transport 2
x3012c0s19b1n0:4258:9334 [0] NCCL INFO Connection to proxy localRank 0 -> connection 0x154864001240
x3012c0s19b1n0:4258:9334 [0] NCCL INFO Channel 01/0 : 12[7000] -> 8[7000] [send] via NET/IB/0
x3012c0s19b1n0:4259:9336 [1] NCCL INFO Connection to proxy localRank 1 -> connection 0x14a20c001180
x3012c0s19b1n0:4259:9512 [1] NCCL INFO transport/p2p.cc:449 Cuda Alloc Size 6291456 pointer 0x14a1f4000000
x3012c0s19b1n0:4259:9512 [1] NCCL INFO New proxy recv connection 21 from local rank 1, transport 0
x3012c0s19b1n0:4259:9336 [1] NCCL INFO Connection to proxy localRank 1 -> connection 0x14a20c0011c0
x3012c0s19b1n0:4258:9503 [0] NCCL INFO transport/net_ib.cc:596 Ib Alloc Size 26560 pointer 0x154864144000
x3012c0s19b1n0:4258:9503 [0] NCCL INFO NET/IB: Dev 1 Port 1 qpn 3540 mtu 5 GID 0 (80FE/891100FEFF000000)
x3012c0s19b1n0:4258:9503 [0] NCCL INFO transport/net_ib.cc:653 Ib Alloc Size 552 pointer 0x15486415b000
x3012c0s19b1n0:4258:9503 [0] NCCL INFO transport/net.cc:571 Cuda Host Alloc Size 9641984 pointer 0x15484d400000
x3012c0s19b1n0:4258:9503 [0] NCCL INFO Mem Realloc old size 768, new size 1536 pointer 0x1548640b8050
x3012c0s19b1n0:4258:9503 [0] NCCL INFO transport/net_ib.cc:596 Ib Alloc Size 26560 pointer 0x15486415d000
x3012c0s19b1n0:4258:9503 [0] NCCL INFO NET/IB: Dev 0 Port 1 qpn 3140 mtu 5 GID 0 (80FE/DE1100FEFF000000)
x3012c0s19b1n0:4258:9503 [0] NCCL INFO transport/net_ib.cc:653 Ib Alloc Size 552 pointer 0x154864174000
x3012c0s19b1n0:4258:9503 [0] NCCL INFO transport/net.cc:571 Cuda Host Alloc Size 9641984 pointer 0x15484a000000
x3012c0s19b1n0:4258:9503 [0] NCCL INFO Mem Realloc old size 768, new size 1536 pointer 0x154864169150
x3012c0s19b1n0:4258:9503 [0] NCCL INFO transport/net_ib.cc:683 Ib Alloc Size 21688 pointer 0x154864176000
x3012c0s19b1n0:4258:9503 [0] NCCL INFO transport/net_ib.cc:696 Ib Alloc Size 552 pointer 0x15486417d000
x3012c0s19b1n0:4259:9512 [1] NCCL INFO transport/p2p.cc:449 Cuda Alloc Size 6291456 pointer 0x14a1f4600000
x3012c0s19b1n0:4258:9503 [0] NCCL INFO transport/net_ib.cc:771 Ib Alloc Size 552 pointer 0x154864198000
x3012c0s19b1n0:4259:9512 [1] NCCL INFO New proxy recv connection 22 from local rank 1, transport 0
x3012c0s19b1n0:4258:9503 [0] NCCL INFO transport/net.cc:698 Cuda Host Alloc Size 9641984 pointer 0x15484aa00000
x3012c0s19b1n0:4258:9503 [0] NCCL INFO transport/net_ib.cc:683 Ib Alloc Size 21688 pointer 0x15486419a000
x3012c0s19b1n0:4258:9503 [0] NCCL INFO transport/net_ib.cc:696 Ib Alloc Size 552 pointer 0x1548641a1000
x3012c0s19b1n0:4258:9503 [0] NCCL INFO transport/net_ib.cc:771 Ib Alloc Size 552 pointer 0x1548641bc000
x3012c0s19b1n0:4258:9503 [0] NCCL INFO transport/net.cc:698 Cuda Host Alloc Size 9641984 pointer 0x15484b400000
x3012c0s19b1n0:4259:9336 [1] NCCL INFO Connection to proxy localRank 1 -> connection 0x14a20c001200
x3012c0s19b1n0:4259:9512 [1] NCCL INFO transport/p2p.cc:449 Cuda Alloc Size 6291456 pointer 0x14a1f4c00000
x3012c0s19b1n0:4259:9512 [1] NCCL INFO New proxy recv connection 23 from local rank 1, transport 0
x3012c0s19b1n0:4258:9334 [0] NCCL INFO Connected all trees by HAO
x3012c0s19b1n0:4258:9334 [0] NCCL INFO threadThresholds 8/8/64 | 160/8/64 | 512 | 512
x3012c0s19b1n0:4258:9334 [0] NCCL INFO 4 coll channels, 4 p2p channels, 2 p2p channels per peer
x3012c0s19b1n0:4258:9503 [0] NCCL INFO New proxy send connection 24 from local rank 0, transport 2
x3012c0s19b1n0:4259:9336 [1] NCCL INFO Connection to proxy localRank 1 -> connection 0x14a20c001240
x3012c0s19b1n0:4259:9512 [1] NCCL INFO transport/p2p.cc:449 Cuda Alloc Size 6291456 pointer 0x14a1f5200000
x3012c0s19b1n0:4259:9336 [1] NCCL INFO Connected all trees by HAO
x3012c0s19b1n0:4259:9336 [1] NCCL INFO threadThresholds 8/8/64 | 160/8/64 | 512 | 512
x3012c0s19b1n0:4259:9336 [1] NCCL INFO 4 coll channels, 4 p2p channels, 2 p2p channels per peer
x3012c0s19b1n0:4260:9333 [2] NCCL INFO Connected all trees by HAO
x3012c0s19b1n0:4260:9333 [2] NCCL INFO threadThresholds 8/8/64 | 160/8/64 | 512 | 512
x3012c0s19b1n0:4260:9333 [2] NCCL INFO 4 coll channels, 4 p2p channels, 2 p2p channels per peer
x3012c0s19b1n0:4260:9516 [2] NCCL INFO Allocated 4194656 bytes of shared memory in /dev/shm/nccl-TUSgQk

x3012c0s19b1n0:4260:9516 [2] NCCL INFO New proxy send connection 20 from local rank 2, transport 2
x3012c0s19b1n0:4258:9334 [0] NCCL INFO Connection to proxy localRank 0 -> connection 0x154864001280
x3012c0s19b1n0:4258:9503 [0] NCCL INFO transport/net.cc:376 Cuda Alloc Size 8388608 pointer 0x154848000000
x3012c0s19b1n0:4260:9333 [2] NCCL INFO Connection to proxy localRank 2 -> connection 0x147b00001180
x3012c0s19b1n0:4260:9516 [2] NCCL INFO transport/net.cc:376 Cuda Alloc Size 8388608 pointer 0x147af7800000
x3012c0s19b1n0:4259:9512 [1] NCCL INFO New proxy send connection 24 from local rank 1, transport 2
