x3004c0s31b0n0:21309:26212 [0] NCCL INFO transport/p2p.cc:430 Cuda Alloc Size 6291456 pointer 0x14a406800000
x3004c0s31b0n0:21312:26221 [3] NCCL INFO New proxy recv connection 1 from local rank 3, transport 0
x3004c0s31b0n0:21311:26068 [2] NCCL INFO Channel 01/0 : 2[85000] -> 3[c7000] via P2P/IPC/read
x3004c0s31b0n0:21311:26218 [2] NCCL INFO New proxy send connection 1 from local rank 2, transport 0
x3004c0s31b0n0:21309:26065 [0] NCCL INFO Channel 02/0 : 0[7000] -> 2[85000] via P2P/IPC/read
x3004c0s31b0n0:21309:26212 [0] NCCL INFO New proxy send connection 2 from local rank 0, transport 0
x3004c0s31b0n0:21311:26068 [2] NCCL INFO Connection to proxy localRank 2 -> connection 0x14b870000cc0
x3004c0s31b0n0:21311:26218 [2] NCCL INFO transport/p2p.cc:430 Cuda Alloc Size 6291456 pointer 0x14b8ec600000
x3004c0s31b0n0:21312:26067 [3] NCCL INFO Connection to proxy localRank 3 -> connection 0x152b64000cc0
x3004c0s31b0n0:21312:26221 [3] NCCL INFO transport/p2p.cc:449 Cuda Alloc Size 6291456 pointer 0x152bdf800000
x3004c0s31b0n0:21310:26066 [1] NCCL INFO Channel 01/0 : 19[c7000] -> 1[46000] [receive] via NET/IB/0
x3004c0s31b0n0:21310:26066 [1] NCCL INFO GPU Direct RDMA Disabled for GPU 46000 / HCA 1 (distance 6 > 4)
x3004c0s31b0n0:21310:26217 [1] NCCL INFO New proxy recv connection 2 from local rank 1, transport 2
x3004c0s31b0n0:21309:26065 [0] NCCL INFO Connection to proxy localRank 0 -> connection 0x14a3d8000d00
x3004c0s31b0n0:21309:26212 [0] NCCL INFO transport/p2p.cc:430 Cuda Alloc Size 6291456 pointer 0x14a406e00000
x3004c0s31b0n0:21311:26068 [2] NCCL INFO Channel 02/0 : 2[85000] -> 3[c7000] via P2P/IPC/read
x3004c0s31b0n0:21311:26218 [2] NCCL INFO New proxy send connection 2 from local rank 2, transport 0
x3004c0s31b0n0:21312:26221 [3] NCCL INFO New proxy recv connection 2 from local rank 3, transport 0
x3004c0s31b0n0:21310:26066 [1] NCCL INFO Connection to proxy localRank 1 -> connection 0x14d8fc000d00
x3004c0s31b0n0:21311:26068 [2] NCCL INFO Connection to proxy localRank 2 -> connection 0x14b870000d00
x3004c0s31b0n0:21311:26218 [2] NCCL INFO transport/p2p.cc:430 Cuda Alloc Size 6291456 pointer 0x14b8ecc00000
x3004c0s31b0n0:21312:26067 [3] NCCL INFO Connection to proxy localRank 3 -> connection 0x152b64000d00
x3004c0s31b0n0:21312:26221 [3] NCCL INFO transport/p2p.cc:449 Cuda Alloc Size 6291456 pointer 0x152bdfe00000
x3004c0s31b0n0:21309:26065 [0] NCCL INFO Channel 03/0 : 0[7000] -> 2[85000] via P2P/IPC/read
x3004c0s31b0n0:21309:26212 [0] NCCL INFO New proxy send connection 3 from local rank 0, transport 0
x3004c0s31b0n0:21312:26221 [3] NCCL INFO New proxy recv connection 3 from local rank 3, transport 0
x3004c0s31b0n0:21310:26066 [1] NCCL INFO Channel 02/0 : 19[c7000] -> 1[46000] [receive] via NET/IB/1
x3004c0s31b0n0:21310:26066 [1] NCCL INFO GPU Direct RDMA Disabled for GPU 46000 / HCA 0 (distance 7 > 4)
x3004c0s31b0n0:21310:26217 [1] NCCL INFO New proxy recv connection 3 from local rank 1, transport 2
x3004c0s31b0n0:21311:26068 [2] NCCL INFO Channel 03/0 : 2[85000] -> 3[c7000] via P2P/IPC/read
x3004c0s31b0n0:21311:26218 [2] NCCL INFO New proxy send connection 3 from local rank 2, transport 0
x3004c0s31b0n0:21309:26065 [0] NCCL INFO Connection to proxy localRank 0 -> connection 0x14a3d8000d40
x3004c0s31b0n0:21309:26212 [0] NCCL INFO transport/p2p.cc:430 Cuda Alloc Size 6291456 pointer 0x14a407400000
x3004c0s31b0n0:21311:26068 [2] NCCL INFO Connection to proxy localRank 2 -> connection 0x14b870000d40
x3004c0s31b0n0:21311:26218 [2] NCCL INFO transport/p2p.cc:430 Cuda Alloc Size 6291456 pointer 0x14b8ed200000
x3004c0s31b0n0:21312:26067 [3] NCCL INFO Connection to proxy localRank 3 -> connection 0x152b64000d40
x3004c0s31b0n0:21312:26221 [3] NCCL INFO transport/p2p.cc:449 Cuda Alloc Size 6291456 pointer 0x152be0400000
x3004c0s31b0n0:21310:26066 [1] NCCL INFO Connection to proxy localRank 1 -> connection 0x14d8fc000d40
x3004c0s31b0n0:21312:26067 [3] NCCL INFO GPU Direct RDMA Disabled for GPU c7000 / HCA 1 (distance 7 > 4)
x3004c0s31b0n0:21312:26221 [3] NCCL INFO Allocated 4194656 bytes of shared memory in /dev/shm/nccl-CmmebJ

x3004c0s31b0n0:21312:26221 [3] NCCL INFO New proxy send connection 4 from local rank 3, transport 2
x3004c0s31b0n0:21312:26067 [3] NCCL INFO Connection to proxy localRank 3 -> connection 0x152b64000d80
x3004c0s31b0n0:21312:26067 [3] NCCL INFO Channel 00/0 : 3[c7000] -> 5[46000] [send] via NET/IB/1
x3004c0s31b0n0:21312:26067 [3] NCCL INFO GPU Direct RDMA Disabled for GPU c7000 / HCA 0 (distance 6 > 4)
x3004c0s31b0n0:21311:26218 [2] NCCL INFO New proxy recv connection 4 from local rank 2, transport 0
x3004c0s31b0n0:21312:26221 [3] NCCL INFO New proxy send connection 5 from local rank 3, transport 2
x3004c0s31b0n0:21311:26068 [2] NCCL INFO Connection to proxy localRank 2 -> connection 0x14b870000d80
x3004c0s31b0n0:21311:26218 [2] NCCL INFO transport/p2p.cc:449 Cuda Alloc Size 6291456 pointer 0x14b86b800000
x3004c0s31b0n0:21312:26067 [3] NCCL INFO Connection to proxy localRank 3 -> connection 0x152b64000dc0
x3004c0s31b0n0:21312:26067 [3] NCCL INFO Channel 01/0 : 3[c7000] -> 5[46000] [send] via NET/IB/0
x3004c0s31b0n0:21312:26067 [3] NCCL INFO GPU Direct RDMA Disabled for GPU c7000 / HCA 1 (distance 7 > 4)
x3004c0s31b0n0:21312:26221 [3] NCCL INFO New proxy send connection 6 from local rank 3, transport 2
x3004c0s31b0n0:21310:26066 [1] NCCL INFO Channel 03/0 : 19[c7000] -> 1[46000] [receive] via NET/IB/0
x3004c0s31b0n0:21311:26218 [2] NCCL INFO New proxy recv connection 5 from local rank 2, transport 0
x3004c0s31b0n0:21311:26068 [2] NCCL INFO Connection to proxy localRank 2 -> connection 0x14b870000dc0
x3004c0s31b0n0:21312:26067 [3] NCCL INFO Connection to proxy localRank 3 -> connection 0x152b64000e00
x3004c0s31b0n0:21312:26067 [3] NCCL INFO Channel 02/0 : 3[c7000] -> 5[46000] [send] via NET/IB/1
x3004c0s31b0n0:21312:26067 [3] NCCL INFO GPU Direct RDMA Disabled for GPU c7000 / HCA 0 (distance 6 > 4)
x3004c0s31b0n0:21312:26221 [3] NCCL INFO New proxy send connection 7 from local rank 3, transport 2
x3004c0s31b0n0:21311:26218 [2] NCCL INFO transport/p2p.cc:449 Cuda Alloc Size 6291456 pointer 0x14b868000000
x3004c0s31b0n0:21311:26218 [2] NCCL INFO New proxy recv connection 6 from local rank 2, transport 0
x3004c0s31b0n0:21311:26068 [2] NCCL INFO Connection to proxy localRank 2 -> connection 0x14b870000e00
x3004c0s31b0n0:21311:26218 [2] NCCL INFO transport/p2p.cc:449 Cuda Alloc Size 6291456 pointer 0x14b868600000
x3004c0s31b0n0:21312:26067 [3] NCCL INFO Connection to proxy localRank 3 -> connection 0x152b64000e40
x3004c0s31b0n0:21312:26067 [3] NCCL INFO Channel 03/0 : 3[c7000] -> 5[46000] [send] via NET/IB/0
x3004c0s31b0n0:21312:26221 [3] NCCL INFO transport/net_ib.cc:596 Ib Alloc Size 26560 pointer 0x152b64020000
x3004c0s31b0n0:21311:26218 [2] NCCL INFO New proxy recv connection 7 from local rank 2, transport 0
x3004c0s31b0n0:21311:26068 [2] NCCL INFO Connection to proxy localRank 2 -> connection 0x14b870000e40
x3004c0s31b0n0:21312:26221 [3] NCCL INFO NET/IB: Dev 1 Port 1 qpn 21583 mtu 5 GID 0 (80FE/DB0100FEFF000000)
x3004c0s31b0n0:21312:26221 [3] NCCL INFO transport/net_ib.cc:653 Ib Alloc Size 552 pointer 0x152b64038000
x3004c0s31b0n0:21312:26221 [3] NCCL INFO transport/net.cc:571 Cuda Host Alloc Size 9641984 pointer 0x152b6ac00000
x3004c0s31b0n0:21312:26221 [3] NCCL INFO transport/net_ib.cc:596 Ib Alloc Size 26560 pointer 0x152b6403a000
x3004c0s31b0n0:21312:26221 [3] NCCL INFO NET/IB: Dev 0 Port 1 qpn 23945 mtu 5 GID 0 (80FE/9E0100FEFF000000)
x3004c0s31b0n0:21312:26221 [3] NCCL INFO transport/net_ib.cc:653 Ib Alloc Size 552 pointer 0x152b64051000
x3004c0s31b0n0:21312:26221 [3] NCCL INFO transport/net.cc:571 Cuda Host Alloc Size 9641984 pointer 0x152b6b600000
x3004c0s31b0n0:21311:26218 [2] NCCL INFO transport/p2p.cc:449 Cuda Alloc Size 6291456 pointer 0x14b868c00000
x3004c0s31b0n0:21312:26221 [3] NCCL INFO transport/net_ib.cc:596 Ib Alloc Size 26560 pointer 0x152b64053000
x3004c0s31b0n0:21311:26068 [2] NCCL INFO Connected all rings
x3004c0s31b0n0:21312:26221 [3] NCCL INFO NET/IB: Dev 1 Port 1 qpn 21584 mtu 5 GID 0 (80FE/DB0100FEFF000000)
x3004c0s31b0n0:21312:26221 [3] NCCL INFO transport/net_ib.cc:653 Ib Alloc Size 552 pointer 0x152b6406a000
x3004c0s31b0n0:21312:26221 [3] NCCL INFO transport/net.cc:571 Cuda Host Alloc Size 9641984 pointer 0x152b5e000000
x3004c0s31b0n0:21311:26218 [2] NCCL INFO New proxy recv connection 8 from local rank 2, transport 0
x3004c0s31b0n0:21311:26068 [2] NCCL INFO Connection to proxy localRank 2 -> connection 0x14b870000e80
x3004c0s31b0n0:21309:26212 [0] NCCL INFO New proxy recv connection 4 from local rank 0, transport 0
x3004c0s31b0n0:21312:26221 [3] NCCL INFO transport/net_ib.cc:596 Ib Alloc Size 26560 pointer 0x152b6406c000
x3004c0s31b0n0:21312:26221 [3] NCCL INFO NET/IB: Dev 0 Port 1 qpn 23946 mtu 5 GID 0 (80FE/9E0100FEFF000000)
x3004c0s31b0n0:21312:26221 [3] NCCL INFO transport/net_ib.cc:653 Ib Alloc Size 552 pointer 0x152b64083000
x3004c0s31b0n0:21312:26221 [3] NCCL INFO transport/net.cc:571 Cuda Host Alloc Size 9641984 pointer 0x152b5ea00000
x3004c0s31b0n0:21312:26067 [3] NCCL INFO Connected all rings
x3004c0s31b0n0:21312:26067 [3] NCCL INFO Channel 00/0 : 3[c7000] -> 2[85000] via P2P/IPC/read
x3004c0s31b0n0:21312:26221 [3] NCCL INFO New proxy send connection 8 from local rank 3, transport 0
x3004c0s31b0n0:21311:26218 [2] NCCL INFO transport/p2p.cc:449 Cuda Alloc Size 6291456 pointer 0x14b866c00000
x3004c0s31b0n0:21311:26218 [2] NCCL INFO New proxy recv connection 9 from local rank 2, transport 0
x3004c0s31b0n0:21309:26065 [0] NCCL INFO Connection to proxy localRank 0 -> connection 0x14a3d8000d80
x3004c0s31b0n0:21309:26212 [0] NCCL INFO transport/p2p.cc:449 Cuda Alloc Size 6291456 pointer 0x14a47ca00000
x3004c0s31b0n0:21312:26067 [3] NCCL INFO Connection to proxy localRank 3 -> connection 0x152b64000e80
x3004c0s31b0n0:21312:26221 [3] NCCL INFO transport/p2p.cc:430 Cuda Alloc Size 6291456 pointer 0x152b5f400000
x3004c0s31b0n0:21311:26068 [2] NCCL INFO Connection to proxy localRank 2 -> connection 0x14b870000ec0
x3004c0s31b0n0:21311:26218 [2] NCCL INFO transport/p2p.cc:449 Cuda Alloc Size 6291456 pointer 0x14b867200000
x3004c0s31b0n0:21309:26212 [0] NCCL INFO New proxy recv connection 5 from local rank 0, transport 0
x3004c0s31b0n0:21312:26067 [3] NCCL INFO Channel 01/0 : 3[c7000] -> 2[85000] via P2P/IPC/read
x3004c0s31b0n0:21312:26221 [3] NCCL INFO New proxy send connection 9 from local rank 3, transport 0
x3004c0s31b0n0:21311:26218 [2] NCCL INFO New proxy recv connection 10 from local rank 2, transport 0
x3004c0s31b0n0:21310:26217 [1] NCCL INFO transport/net_ib.cc:683 Ib Alloc Size 21688 pointer 0x14d8fc01d000
x3004c0s31b0n0:21310:26217 [1] NCCL INFO transport/net_ib.cc:696 Ib Alloc Size 552 pointer 0x14d8fc024000
x3004c0s31b0n0:21309:26065 [0] NCCL INFO Connection to proxy localRank 0 -> connection 0x14a3d8000dc0
x3004c0s31b0n0:21309:26212 [0] NCCL INFO transport/p2p.cc:449 Cuda Alloc Size 6291456 pointer 0x14a47d000000
x3004c0s31b0n0:21311:26068 [2] NCCL INFO Connection to proxy localRank 2 -> connection 0x14b870000f00
x3004c0s31b0n0:21311:26218 [2] NCCL INFO transport/p2p.cc:449 Cuda Alloc Size 6291456 pointer 0x14b867800000
x3004c0s31b0n0:21312:26067 [3] NCCL INFO Connection to proxy localRank 3 -> connection 0x152b64000ec0
x3004c0s31b0n0:21312:26221 [3] NCCL INFO transport/p2p.cc:430 Cuda Alloc Size 6291456 pointer 0x152b5fa00000
x3004c0s31b0n0:21310:26217 [1] NCCL INFO transport/net_ib.cc:771 Ib Alloc Size 552 pointer 0x14d8fc041000
x3004c0s31b0n0:21310:26217 [1] NCCL INFO transport/net.cc:698 Cuda Host Alloc Size 9641984 pointer 0x14d972a00000
x3004c0s31b0n0:21309:26212 [0] NCCL INFO New proxy recv connection 6 from local rank 0, transport 0
x3004c0s31b0n0:21311:26218 [2] NCCL INFO New proxy recv connection 11 from local rank 2, transport 0
x3004c0s31b0n0:21312:26067 [3] NCCL INFO Channel 02/0 : 3[c7000] -> 2[85000] via P2P/IPC/read
x3004c0s31b0n0:21310:26217 [1] NCCL INFO transport/net_ib.cc:683 Ib Alloc Size 21688 pointer 0x14d8fc043000
x3004c0s31b0n0:21310:26217 [1] NCCL INFO transport/net_ib.cc:696 Ib Alloc Size 552 pointer 0x14d8fc04a000
x3004c0s31b0n0:21312:26221 [3] NCCL INFO New proxy send connection 10 from local rank 3, transport 0
x3004c0s31b0n0:21309:26065 [0] NCCL INFO Connection to proxy localRank 0 -> connection 0x14a3d8000e00
x3004c0s31b0n0:21309:26212 [0] NCCL INFO transport/p2p.cc:449 Cuda Alloc Size 6291456 pointer 0x14a3ce000000
x3004c0s31b0n0:21309:26212 [0] NCCL INFO New proxy recv connection 7 from local rank 0, transport 0
x3004c0s31b0n0:21309:26065 [0] NCCL INFO Connection to proxy localRank 0 -> connection 0x14a3d8000e40
x3004c0s31b0n0:21310:26217 [1] NCCL INFO transport/net_ib.cc:771 Ib Alloc Size 552 pointer 0x14d8fc065000
x3004c0s31b0n0:21310:26217 [1] NCCL INFO transport/net.cc:698 Cuda Host Alloc Size 9641984 pointer 0x14d973400000
x3004c0s31b0n0:21311:26068 [2] NCCL INFO Connection to proxy localRank 2 -> connection 0x14b870000f40
x3004c0s31b0n0:21311:26218 [2] NCCL INFO transport/p2p.cc:449 Cuda Alloc Size 6291456 pointer 0x14b864000000
x3004c0s31b0n0:21312:26067 [3] NCCL INFO Connection to proxy localRank 3 -> connection 0x152b64000f00
x3004c0s31b0n0:21312:26221 [3] NCCL INFO transport/p2p.cc:430 Cuda Alloc Size 6291456 pointer 0x152b5c000000
x3004c0s31b0n0:21309:26212 [0] NCCL INFO transport/p2p.cc:449 Cuda Alloc Size 6291456 pointer 0x14a3ce600000
x3004c0s31b0n0:21310:26217 [1] NCCL INFO transport/net_ib.cc:683 Ib Alloc Size 21688 pointer 0x14d8fc067000
x3004c0s31b0n0:21310:26217 [1] NCCL INFO transport/net_ib.cc:696 Ib Alloc Size 552 pointer 0x14d8fc06e000
x3004c0s31b0n0:21310:26217 [1] NCCL INFO transport/net_ib.cc:771 Ib Alloc Size 552 pointer 0x14d8fc089000
x3004c0s31b0n0:21310:26217 [1] NCCL INFO transport/net.cc:698 Cuda Host Alloc Size 9641984 pointer 0x14d973e00000
x3004c0s31b0n0:21312:26067 [3] NCCL INFO Channel 03/0 : 3[c7000] -> 2[85000] via P2P/IPC/read
x3004c0s31b0n0:21312:26221 [3] NCCL INFO New proxy send connection 11 from local rank 3, transport 0
x3004c0s31b0n0:21310:26217 [1] NCCL INFO transport/net_ib.cc:683 Ib Alloc Size 21688 pointer 0x14d8fc08b000
x3004c0s31b0n0:21310:26217 [1] NCCL INFO transport/net_ib.cc:696 Ib Alloc Size 552 pointer 0x14d8fc092000
x3004c0s31b0n0:21312:26067 [3] NCCL INFO Connection to proxy localRank 3 -> connection 0x152b64000f40
x3004c0s31b0n0:21310:26217 [1] NCCL INFO transport/net_ib.cc:771 Ib Alloc Size 552 pointer 0x14d8fc0ad000
x3004c0s31b0n0:21310:26217 [1] NCCL INFO transport/net.cc:698 Cuda Host Alloc Size 9641984 pointer 0x14d974800000
x3004c0s31b0n0:21312:26221 [3] NCCL INFO transport/p2p.cc:430 Cuda Alloc Size 6291456 pointer 0x152b5c600000
x3004c0s31b0n0:21310:26066 [1] NCCL INFO Channel 00/0 : 1[46000] -> 0[7000] via P2P/IPC/read
x3004c0s31b0n0:21310:26217 [1] NCCL INFO New proxy send connection 4 from local rank 1, transport 0
x3004c0s31b0n0:21310:26066 [1] NCCL INFO Connection to proxy localRank 1 -> connection 0x14d8fc000d80
x3004c0s31b0n0:21310:26217 [1] NCCL INFO transport/p2p.cc:430 Cuda Alloc Size 6291456 pointer 0x14d975200000
x3004c0s31b0n0:21310:26066 [1] NCCL INFO Channel 01/0 : 1[46000] -> 0[7000] via P2P/IPC/read
x3004c0s31b0n0:21310:26217 [1] NCCL INFO New proxy send connection 5 from local rank 1, transport 0
x3004c0s31b0n0:21310:26066 [1] NCCL INFO Connection to proxy localRank 1 -> connection 0x14d8fc000dc0
x3004c0s31b0n0:21310:26217 [1] NCCL INFO transport/p2p.cc:430 Cuda Alloc Size 6291456 pointer 0x14d8f6000000
x3004c0s31b0n0:21310:26066 [1] NCCL INFO Channel 02/0 : 1[46000] -> 0[7000] via P2P/IPC/read
x3004c0s31b0n0:21310:26217 [1] NCCL INFO New proxy send connection 6 from local rank 1, transport 0
x3004c0s31b0n0:21310:26066 [1] NCCL INFO Connection to proxy localRank 1 -> connection 0x14d8fc000e00
x3004c0s31b0n0:21310:26217 [1] NCCL INFO transport/p2p.cc:430 Cuda Alloc Size 6291456 pointer 0x14d8f6600000
x3004c0s31b0n0:21310:26066 [1] NCCL INFO Channel 03/0 : 1[46000] -> 0[7000] via P2P/IPC/read
x3004c0s31b0n0:21310:26217 [1] NCCL INFO New proxy send connection 7 from local rank 1, transport 0
x3004c0s31b0n0:21310:26066 [1] NCCL INFO Connection to proxy localRank 1 -> connection 0x14d8fc000e40
x3004c0s31b0n0:21310:26217 [1] NCCL INFO transport/p2p.cc:430 Cuda Alloc Size 6291456 pointer 0x14d8f6c00000
x3004c0s31b0n0:21310:26066 [1] NCCL INFO Connected all rings
x3004c0s31b0n0:21309:26065 [0] NCCL INFO Connected all rings
x3004c0s31b0n0:21309:26065 [0] NCCL INFO Channel 00/0 : 0[7000] -> 1[46000] via P2P/IPC/read
x3004c0s31b0n0:21309:26212 [0] NCCL INFO New proxy send connection 8 from local rank 0, transport 0
x3004c0s31b0n0:21310:26217 [1] NCCL INFO New proxy recv connection 8 from local rank 1, transport 0
x3004c0s31b0n0:21309:26065 [0] NCCL INFO Connection to proxy localRank 0 -> connection 0x14a3d8000e80
x3004c0s31b0n0:21309:26212 [0] NCCL INFO transport/p2p.cc:430 Cuda Alloc Size 6291456 pointer 0x14a3c6600000
x3004c0s31b0n0:21309:26065 [0] NCCL INFO Channel 01/0 : 0[7000] -> 1[46000] via P2P/IPC/read
x3004c0s31b0n0:21310:26066 [1] NCCL INFO Connection to proxy localRank 1 -> connection 0x14d8fc000e80
x3004c0s31b0n0:21310:26217 [1] NCCL INFO transport/p2p.cc:449 Cuda Alloc Size 6291456 pointer 0x14d8eec00000
x3004c0s31b0n0:21309:26212 [0] NCCL INFO New proxy send connection 9 from local rank 0, transport 0
x3004c0s31b0n0:21309:26065 [0] NCCL INFO Connection to proxy localRank 0 -> connection 0x14a3d8000ec0
x3004c0s31b0n0:21309:26212 [0] NCCL INFO transport/p2p.cc:430 Cuda Alloc Size 6291456 pointer 0x14a3c6c00000
x3004c0s31b0n0:21310:26217 [1] NCCL INFO New proxy recv connection 9 from local rank 1, transport 0
x3004c0s31b0n0:21309:26065 [0] NCCL INFO Channel 02/0 : 0[7000] -> 1[46000] via P2P/IPC/read
x3004c0s31b0n0:21309:26212 [0] NCCL INFO New proxy send connection 10 from local rank 0, transport 0
x3004c0s31b0n0:21310:26066 [1] NCCL INFO Connection to proxy localRank 1 -> connection 0x14d8fc000ec0
x3004c0s31b0n0:21310:26217 [1] NCCL INFO transport/p2p.cc:449 Cuda Alloc Size 6291456 pointer 0x14d8ef200000
x3004c0s31b0n0:21309:26065 [0] NCCL INFO Connection to proxy localRank 0 -> connection 0x14a3d8000f00
x3004c0s31b0n0:21309:26212 [0] NCCL INFO transport/p2p.cc:430 Cuda Alloc Size 6291456 pointer 0x14a3c7200000
x3004c0s31b0n0:21309:26065 [0] NCCL INFO Channel 03/0 : 0[7000] -> 1[46000] via P2P/IPC/read
x3004c0s31b0n0:21310:26217 [1] NCCL INFO New proxy recv connection 10 from local rank 1, transport 0
x3004c0s31b0n0:21309:26212 [0] NCCL INFO New proxy send connection 11 from local rank 0, transport 0
x3004c0s31b0n0:21310:26066 [1] NCCL INFO Connection to proxy localRank 1 -> connection 0x14d8fc000f00
x3004c0s31b0n0:21310:26217 [1] NCCL INFO transport/p2p.cc:449 Cuda Alloc Size 6291456 pointer 0x14d8ef800000
x3004c0s31b0n0:21309:26065 [0] NCCL INFO Connection to proxy localRank 0 -> connection 0x14a3d8000f40
x3004c0s31b0n0:21309:26212 [0] NCCL INFO transport/p2p.cc:430 Cuda Alloc Size 6291456 pointer 0x14a3c7800000
x3004c0s31b0n0:21310:26217 [1] NCCL INFO New proxy recv connection 11 from local rank 1, transport 0
x3004c0s31b0n0:21310:26066 [1] NCCL INFO Connection to proxy localRank 1 -> connection 0x14d8fc000f40
x3004c0s31b0n0:21310:26217 [1] NCCL INFO transport/p2p.cc:449 Cuda Alloc Size 6291456 pointer 0x14d8ec000000
x3004c0s31b0n0:21310:26066 [1] NCCL INFO Channel 00/0 : 1[46000] -> 2[85000] via P2P/IPC/read
x3004c0s31b0n0:21310:26217 [1] NCCL INFO New proxy send connection 12 from local rank 1, transport 0
x3004c0s31b0n0:21310:26066 [1] NCCL INFO Connection to proxy localRank 1 -> connection 0x14d8fc000f80
x3004c0s31b0n0:21310:26217 [1] NCCL INFO transport/p2p.cc:430 Cuda Alloc Size 6291456 pointer 0x14d8ec600000
x3004c0s31b0n0:21310:26066 [1] NCCL INFO Channel 01/0 : 1[46000] -> 2[85000] via P2P/IPC/read
x3004c0s31b0n0:21310:26217 [1] NCCL INFO New proxy send connection 13 from local rank 1, transport 0
x3004c0s31b0n0:21310:26066 [1] NCCL INFO Connection to proxy localRank 1 -> connection 0x14d8fc000fc0
x3004c0s31b0n0:21310:26217 [1] NCCL INFO transport/p2p.cc:430 Cuda Alloc Size 6291456 pointer 0x14d8ecc00000
x3004c0s31b0n0:21310:26066 [1] NCCL INFO Channel 02/0 : 1[46000] -> 2[85000] via P2P/IPC/read
x3004c0s31b0n0:21310:26217 [1] NCCL INFO New proxy send connection 14 from local rank 1, transport 0
x3004c0s31b0n0:21310:26066 [1] NCCL INFO Connection to proxy localRank 1 -> connection 0x14d8fc001000
x3004c0s31b0n0:21310:26217 [1] NCCL INFO transport/p2p.cc:430 Cuda Alloc Size 6291456 pointer 0x14d8ed200000
x3004c0s31b0n0:21310:26066 [1] NCCL INFO Channel 03/0 : 1[46000] -> 2[85000] via P2P/IPC/read
x3004c0s31b0n0:21310:26217 [1] NCCL INFO New proxy send connection 15 from local rank 1, transport 0
x3004c0s31b0n0:21310:26066 [1] NCCL INFO Connection to proxy localRank 1 -> connection 0x14d8fc001040
x3004c0s31b0n0:21310:26217 [1] NCCL INFO transport/p2p.cc:430 Cuda Alloc Size 6291456 pointer 0x14d8ed800000
x3004c0s31b0n0:21310:26066 [1] NCCL INFO GPU Direct RDMA Disabled for GPU 46000 / HCA 1 (distance 6 > 4)
x3004c0s31b0n0:21310:26217 [1] NCCL INFO New proxy recv connection 16 from local rank 1, transport 2
x3004c0s31b0n0:21309:26065 [0] NCCL INFO GPU Direct RDMA Disabled for GPU 7000 / HCA 1 (distance 7 > 4)
x3004c0s31b0n0:21309:26212 [0] NCCL INFO Allocated 4194656 bytes of shared memory in /dev/shm/nccl-FfbRUs

x3004c0s31b0n0:21309:26212 [0] NCCL INFO New proxy recv connection 12 from local rank 0, transport 2
x3004c0s31b0n0:21311:26218 [2] NCCL INFO New proxy recv connection 12 from local rank 2, transport 0
x3004c0s31b0n0:21311:26068 [2] NCCL INFO Connection to proxy localRank 2 -> connection 0x14b870000f80
x3004c0s31b0n0:21311:26218 [2] NCCL INFO transport/p2p.cc:449 Cuda Alloc Size 6291456 pointer 0x14b862000000
x3004c0s31b0n0:21309:26065 [0] NCCL INFO Connection to proxy localRank 0 -> connection 0x14a3d8000f80
x3004c0s31b0n0:21310:26066 [1] NCCL INFO Connection to proxy localRank 1 -> connection 0x14d8fc001080
x3004c0s31b0n0:21310:26066 [1] NCCL INFO Channel 02/0 : 12[7000] -> 1[46000] [receive] via NET/IB/1
x3004c0s31b0n0:21310:26066 [1] NCCL INFO GPU Direct RDMA Disabled for GPU 46000 / HCA 0 (distance 7 > 4)
x3004c0s31b0n0:21310:26217 [1] NCCL INFO New proxy recv connection 17 from local rank 1, transport 2
x3004c0s31b0n0:21311:26218 [2] NCCL INFO New proxy recv connection 13 from local rank 2, transport 0
x3004c0s31b0n0:21309:26065 [0] NCCL INFO Channel 00/0 : 16[7000] -> 0[7000] [receive] via NET/IB/1
x3004c0s31b0n0:21309:26065 [0] NCCL INFO GPU Direct RDMA Disabled for GPU 7000 / HCA 0 (distance 7 > 4)
x3004c0s31b0n0:21309:26212 [0] NCCL INFO New proxy recv connection 13 from local rank 0, transport 2
x3004c0s31b0n0:21310:26066 [1] NCCL INFO Connection to proxy localRank 1 -> connection 0x14d8fc0010c0
x3004c0s31b0n0:21309:26065 [0] NCCL INFO Connection to proxy localRank 0 -> connection 0x14a3d8000fc0
x3004c0s31b0n0:21311:26068 [2] NCCL INFO Connection to proxy localRank 2 -> connection 0x14b870000fc0
x3004c0s31b0n0:21311:26218 [2] NCCL INFO transport/p2p.cc:449 Cuda Alloc Size 6291456 pointer 0x14b862600000
x3004c0s31b0n0:21310:26066 [1] NCCL INFO Channel 03/0 : 12[7000] -> 1[46000] [receive] via NET/IB/0
x3004c0s31b0n0:21309:26065 [0] NCCL INFO Channel 01/0 : 16[7000] -> 0[7000] [receive] via NET/IB/0
x3004c0s31b0n0:21309:26065 [0] NCCL INFO GPU Direct RDMA Disabled for GPU 7000 / HCA 1 (distance 7 > 4)
x3004c0s31b0n0:21309:26212 [0] NCCL INFO New proxy send connection 14 from local rank 0, transport 2
x3004c0s31b0n0:21309:26065 [0] NCCL INFO Connection to proxy localRank 0 -> connection 0x14a3d8001000
x3004c0s31b0n0:21309:26065 [0] NCCL INFO Channel 02/0 : 0[7000] -> 4[7000] [send] via NET/IB/1
x3004c0s31b0n0:21309:26065 [0] NCCL INFO GPU Direct RDMA Disabled for GPU 7000 / HCA 0 (distance 7 > 4)
x3004c0s31b0n0:21309:26212 [0] NCCL INFO New proxy send connection 15 from local rank 0, transport 2
x3004c0s31b0n0:21311:26218 [2] NCCL INFO New proxy recv connection 14 from local rank 2, transport 0
x3004c0s31b0n0:21311:26068 [2] NCCL INFO Connection to proxy localRank 2 -> connection 0x14b870001000
x3004c0s31b0n0:21309:26065 [0] NCCL INFO Connection to proxy localRank 0 -> connection 0x14a3d8001040
x3004c0s31b0n0:21309:26065 [0] NCCL INFO Channel 03/0 : 0[7000] -> 4[7000] [send] via NET/IB/0
x3004c0s31b0n0:21311:26218 [2] NCCL INFO transport/p2p.cc:449 Cuda Alloc Size 6291456 pointer 0x14b862c00000
x3004c0s31b0n0:21311:26218 [2] NCCL INFO New proxy recv connection 15 from local rank 2, transport 0
x3004c0s31b0n0:21311:26068 [2] NCCL INFO Connection to proxy localRank 2 -> connection 0x14b870001040
x3004c0s31b0n0:21311:26218 [2] NCCL INFO transport/p2p.cc:449 Cuda Alloc Size 6291456 pointer 0x14b863200000
x3004c0s31b0n0:21311:26068 [2] NCCL INFO Channel 00/0 : 2[85000] -> 1[46000] via P2P/IPC/read
x3004c0s31b0n0:21311:26218 [2] NCCL INFO New proxy send connection 16 from local rank 2, transport 0
x3004c0s31b0n0:21311:26068 [2] NCCL INFO Connection to proxy localRank 2 -> connection 0x14b870001080
x3004c0s31b0n0:21311:26218 [2] NCCL INFO transport/p2p.cc:430 Cuda Alloc Size 6291456 pointer 0x14b863800000
x3004c0s31b0n0:21311:26068 [2] NCCL INFO Channel 01/0 : 2[85000] -> 1[46000] via P2P/IPC/read
x3004c0s31b0n0:21311:26218 [2] NCCL INFO New proxy send connection 17 from local rank 2, transport 0
x3004c0s31b0n0:21309:26212 [0] NCCL INFO transport/net_ib.cc:596 Ib Alloc Size 26560 pointer 0x14a3d8025000
x3004c0s31b0n0:21309:26212 [0] NCCL INFO NET/IB: Dev 1 Port 1 qpn 21589 mtu 5 GID 0 (80FE/DB0100FEFF000000)
x3004c0s31b0n0:21309:26212 [0] NCCL INFO transport/net_ib.cc:653 Ib Alloc Size 552 pointer 0x14a3d803d000
x3004c0s31b0n0:21309:26212 [0] NCCL INFO transport/net.cc:571 Cuda Host Alloc Size 9641984 pointer 0x14a3be000000
x3004c0s31b0n0:21309:26212 [0] NCCL INFO transport/net_ib.cc:596 Ib Alloc Size 26560 pointer 0x14a3d803f000
x3004c0s31b0n0:21309:26212 [0] NCCL INFO NET/IB: Dev 0 Port 1 qpn 23951 mtu 5 GID 0 (80FE/9E0100FEFF000000)
x3004c0s31b0n0:21309:26212 [0] NCCL INFO transport/net_ib.cc:653 Ib Alloc Size 552 pointer 0x14a3d8057000
x3004c0s31b0n0:21309:26212 [0] NCCL INFO transport/net.cc:571 Cuda Host Alloc Size 9641984 pointer 0x14a3bea00000
x3004c0s31b0n0:21311:26068 [2] NCCL INFO Connection to proxy localRank 2 -> connection 0x14b8700010c0
x3004c0s31b0n0:21311:26218 [2] NCCL INFO transport/p2p.cc:430 Cuda Alloc Size 6291456 pointer 0x14b860000000
x3004c0s31b0n0:21309:26212 [0] NCCL INFO transport/net_ib.cc:683 Ib Alloc Size 21688 pointer 0x14a3d8059000
x3004c0s31b0n0:21309:26212 [0] NCCL INFO transport/net_ib.cc:696 Ib Alloc Size 552 pointer 0x14a3d8060000
x3004c0s31b0n0:21309:26212 [0] NCCL INFO transport/net_ib.cc:771 Ib Alloc Size 552 pointer 0x14a3d807c000
x3004c0s31b0n0:21309:26212 [0] NCCL INFO transport/net.cc:698 Cuda Host Alloc Size 9641984 pointer 0x14a3bf400000
x3004c0s31b0n0:21311:26068 [2] NCCL INFO Channel 02/0 : 2[85000] -> 1[46000] via P2P/IPC/read
x3004c0s31b0n0:21311:26218 [2] NCCL INFO New proxy send connection 18 from local rank 2, transport 0
x3004c0s31b0n0:21309:26212 [0] NCCL INFO transport/net_ib.cc:683 Ib Alloc Size 21688 pointer 0x14a3d807e000
x3004c0s31b0n0:21309:26212 [0] NCCL INFO transport/net_ib.cc:696 Ib Alloc Size 552 pointer 0x14a3d8085000
x3004c0s31b0n0:21311:26068 [2] NCCL INFO Connection to proxy localRank 2 -> connection 0x14b870001100
x3004c0s31b0n0:21311:26218 [2] NCCL INFO transport/p2p.cc:430 Cuda Alloc Size 6291456 pointer 0x14b860600000
x3004c0s31b0n0:21309:26212 [0] NCCL INFO transport/net_ib.cc:771 Ib Alloc Size 552 pointer 0x14a3d8085000
x3004c0s31b0n0:21309:26212 [0] NCCL INFO transport/net.cc:698 Cuda Host Alloc Size 9641984 pointer 0x14a3bc000000
x3004c0s31b0n0:21309:26065 [0] NCCL INFO GPU Direct RDMA Disabled for GPU 7000 / HCA 1 (distance 7 > 4)
x3004c0s31b0n0:21309:26212 [0] NCCL INFO New proxy recv connection 16 from local rank 0, transport 2
x3004c0s31b0n0:21311:26068 [2] NCCL INFO Channel 03/0 : 2[85000] -> 1[46000] via P2P/IPC/read
x3004c0s31b0n0:21310:26217 [1] NCCL INFO transport/net_ib.cc:683 Ib Alloc Size 21688 pointer 0x14d8fc0be000
x3004c0s31b0n0:21310:26217 [1] NCCL INFO transport/net_ib.cc:696 Ib Alloc Size 552 pointer 0x14d8fc01a000
x3004c0s31b0n0:21311:26218 [2] NCCL INFO New proxy send connection 19 from local rank 2, transport 0
x3004c0s31b0n0:21311:26068 [2] NCCL INFO Connection to proxy localRank 2 -> connection 0x14b870001140
x3004c0s31b0n0:21311:26218 [2] NCCL INFO transport/p2p.cc:430 Cuda Alloc Size 6291456 pointer 0x14b860c00000
x3004c0s31b0n0:21309:26065 [0] NCCL INFO Connection to proxy localRank 0 -> connection 0x14a3d8001080
x3004c0s31b0n0:21310:26217 [1] NCCL INFO transport/net_ib.cc:771 Ib Alloc Size 552 pointer 0x14d8fc0df000
x3004c0s31b0n0:21310:26217 [1] NCCL INFO transport/net.cc:698 Cuda Host Alloc Size 9641984 pointer 0x14d8e9200000
x3004c0s31b0n0:21312:26067 [3] NCCL INFO Connected all trees by HAO
x3004c0s31b0n0:21312:26067 [3] NCCL INFO threadThresholds 8/8/64 | 160/8/64 | 512 | 512
x3004c0s31b0n0:21312:26067 [3] NCCL INFO 4 coll channels, 4 p2p channels, 2 p2p channels per peer
x3004c0s31b0n0:21312:26221 [3] NCCL INFO New proxy send connection 12 from local rank 3, transport 2
x3004c0s31b0n0:21309:26065 [0] NCCL INFO Channel 02/0 : 4[7000] -> 0[7000] [receive] via NET/IB/1
x3004c0s31b0n0:21309:26065 [0] NCCL INFO GPU Direct RDMA Disabled for GPU 7000 / HCA 0 (distance 7 > 4)
x3004c0s31b0n0:21309:26212 [0] NCCL INFO New proxy recv connection 17 from local rank 0, transport 2
x3004c0s31b0n0:21309:26065 [0] NCCL INFO Connection to proxy localRank 0 -> connection 0x14a3d80010c0
x3004c0s31b0n0:21312:26067 [3] NCCL INFO Connection to proxy localRank 3 -> connection 0x152b64000f80
x3004c0s31b0n0:21312:26221 [3] NCCL INFO transport/net.cc:376 Cuda Alloc Size 8388608 pointer 0x152b5a600000
x3004c0s31b0n0:21310:26217 [1] NCCL INFO transport/net_ib.cc:683 Ib Alloc Size 21688 pointer 0x14d8fc0e1000
x3004c0s31b0n0:21310:26217 [1] NCCL INFO transport/net_ib.cc:696 Ib Alloc Size 552 pointer 0x14d8fc0e8000
x3004c0s31b0n0:21309:26065 [0] NCCL INFO Channel 03/0 : 4[7000] -> 0[7000] [receive] via NET/IB/0
x3004c0s31b0n0:21309:26065 [0] NCCL INFO GPU Direct RDMA Disabled for GPU 7000 / HCA 1 (distance 7 > 4)
x3004c0s31b0n0:21309:26212 [0] NCCL INFO New proxy send connection 18 from local rank 0, transport 2
x3004c0s31b0n0:21310:26217 [1] NCCL INFO transport/net_ib.cc:771 Ib Alloc Size 552 pointer 0x14d8fc103000
x3004c0s31b0n0:21310:26217 [1] NCCL INFO transport/net.cc:698 Cuda Host Alloc Size 9641984 pointer 0x14d8e6000000
x3004c0s31b0n0:21309:26065 [0] NCCL INFO Connection to proxy localRank 0 -> connection 0x14a3d8001100
x3004c0s31b0n0:21309:26065 [0] NCCL INFO Channel 00/0 : 0[7000] -> 16[7000] [send] via NET/IB/1
x3004c0s31b0n0:21309:26065 [0] NCCL INFO GPU Direct RDMA Disabled for GPU 7000 / HCA 0 (distance 7 > 4)
x3004c0s31b0n0:21309:26212 [0] NCCL INFO New proxy send connection 19 from local rank 0, transport 2
x3004c0s31b0n0:21310:26066 [1] NCCL INFO GPU Direct RDMA Disabled for GPU 46000 / HCA 1 (distance 6 > 4)
x3004c0s31b0n0:21310:26217 [1] NCCL INFO New proxy send connection 18 from local rank 1, transport 2
x3004c0s31b0n0:21309:26065 [0] NCCL INFO Connection to proxy localRank 0 -> connection 0x14a3d8001140
x3004c0s31b0n0:21309:26065 [0] NCCL INFO Channel 01/0 : 0[7000] -> 16[7000] [send] via NET/IB/0
x3004c0s31b0n0:21310:26066 [1] NCCL INFO Connection to proxy localRank 1 -> connection 0x14d8fc001100
x3004c0s31b0n0:21310:26066 [1] NCCL INFO Channel 02/0 : 1[46000] -> 12[7000] [send] via NET/IB/1
x3004c0s31b0n0:21310:26066 [1] NCCL INFO GPU Direct RDMA Disabled for GPU 46000 / HCA 0 (distance 7 > 4)
x3004c0s31b0n0:21310:26217 [1] NCCL INFO New proxy send connection 19 from local rank 1, transport 2
x3004c0s31b0n0:21310:26066 [1] NCCL INFO Connection to proxy localRank 1 -> connection 0x14d8fc001140
x3004c0s31b0n0:21310:26066 [1] NCCL INFO Channel 03/0 : 1[46000] -> 12[7000] [send] via NET/IB/0
x3004c0s31b0n0:21310:26217 [1] NCCL INFO transport/net_ib.cc:596 Ib Alloc Size 26560 pointer 0x14d8fc10f000
x3004c0s31b0n0:21310:26217 [1] NCCL INFO NET/IB: Dev 1 Port 1 qpn 21594 mtu 5 GID 0 (80FE/DB0100FEFF000000)
x3004c0s31b0n0:21310:26217 [1] NCCL INFO transport/net_ib.cc:653 Ib Alloc Size 552 pointer 0x14d8fc126000
x3004c0s31b0n0:21310:26217 [1] NCCL INFO transport/net.cc:571 Cuda Host Alloc Size 9641984 pointer 0x14d8e6a00000
x3004c0s31b0n0:21310:26217 [1] NCCL INFO transport/net_ib.cc:596 Ib Alloc Size 26560 pointer 0x14d8fc128000
x3004c0s31b0n0:21310:26217 [1] NCCL INFO NET/IB: Dev 0 Port 1 qpn 23956 mtu 5 GID 0 (80FE/9E0100FEFF000000)
x3004c0s31b0n0:21310:26217 [1] NCCL INFO transport/net_ib.cc:653 Ib Alloc Size 552 pointer 0x14d8fc13f000
x3004c0s31b0n0:21310:26217 [1] NCCL INFO transport/net.cc:571 Cuda Host Alloc Size 9641984 pointer 0x14d8e7400000
x3004c0s31b0n0:21310:26217 [1] NCCL INFO New proxy recv connection 20 from local rank 1, transport 0
x3004c0s31b0n0:21310:26066 [1] NCCL INFO Connection to proxy localRank 1 -> connection 0x14d8fc001180
x3004c0s31b0n0:21310:26217 [1] NCCL INFO transport/p2p.cc:449 Cuda Alloc Size 6291456 pointer 0x14d8e4000000
x3004c0s31b0n0:21310:26217 [1] NCCL INFO New proxy recv connection 21 from local rank 1, transport 0
x3004c0s31b0n0:21309:26212 [0] NCCL INFO transport/net_ib.cc:596 Ib Alloc Size 26560 pointer 0x14a3d80b4000
x3004c0s31b0n0:21309:26212 [0] NCCL INFO NET/IB: Dev 1 Port 1 qpn 21595 mtu 5 GID 0 (80FE/DB0100FEFF000000)
x3004c0s31b0n0:21309:26212 [0] NCCL INFO transport/net_ib.cc:653 Ib Alloc Size 552 pointer 0x14a3d80cb000
x3004c0s31b0n0:21309:26212 [0] NCCL INFO transport/net.cc:571 Cuda Host Alloc Size 9641984 pointer 0x14a3bca00000
x3004c0s31b0n0:21309:26212 [0] NCCL INFO transport/net_ib.cc:596 Ib Alloc Size 26560 pointer 0x14a3d80cd000
x3004c0s31b0n0:21310:26066 [1] NCCL INFO Connection to proxy localRank 1 -> connection 0x14d8fc0011c0
x3004c0s31b0n0:21310:26217 [1] NCCL INFO transport/p2p.cc:449 Cuda Alloc Size 6291456 pointer 0x14d8e4600000
x3004c0s31b0n0:21309:26212 [0] NCCL INFO NET/IB: Dev 0 Port 1 qpn 23957 mtu 5 GID 0 (80FE/9E0100FEFF000000)
x3004c0s31b0n0:21309:26212 [0] NCCL INFO transport/net_ib.cc:653 Ib Alloc Size 552 pointer 0x14a3d80e4000
x3004c0s31b0n0:21309:26212 [0] NCCL INFO transport/net.cc:571 Cuda Host Alloc Size 9641984 pointer 0x14a3bd400000
x3004c0s31b0n0:21309:26212 [0] NCCL INFO Mem Realloc old size 768, new size 1536 pointer 0x14a3d80d9150
x3004c0s31b0n0:21309:26212 [0] NCCL INFO transport/net_ib.cc:683 Ib Alloc Size 21688 pointer 0x14a3d80e6000
x3004c0s31b0n0:21309:26212 [0] NCCL INFO transport/net_ib.cc:696 Ib Alloc Size 552 pointer 0x14a3d80ed000
x3004c0s31b0n0:21310:26217 [1] NCCL INFO New proxy recv connection 22 from local rank 1, transport 0
x3004c0s31b0n0:21309:26212 [0] NCCL INFO transport/net_ib.cc:771 Ib Alloc Size 552 pointer 0x14a3d8109000
x3004c0s31b0n0:21309:26212 [0] NCCL INFO transport/net.cc:698 Cuda Host Alloc Size 9641984 pointer 0x14a3ba000000
x3004c0s31b0n0:21309:26212 [0] NCCL INFO transport/net_ib.cc:683 Ib Alloc Size 21688 pointer 0x14a3d810b000
x3004c0s31b0n0:21309:26212 [0] NCCL INFO transport/net_ib.cc:696 Ib Alloc Size 552 pointer 0x14a3d8112000
x3004c0s31b0n0:21310:26066 [1] NCCL INFO Connection to proxy localRank 1 -> connection 0x14d8fc001200
x3004c0s31b0n0:21309:26212 [0] NCCL INFO transport/net_ib.cc:771 Ib Alloc Size 552 pointer 0x14a3d812d000
x3004c0s31b0n0:21309:26212 [0] NCCL INFO transport/net.cc:698 Cuda Host Alloc Size 9641984 pointer 0x14a3baa00000
x3004c0s31b0n0:21310:26217 [1] NCCL INFO transport/p2p.cc:449 Cuda Alloc Size 6291456 pointer 0x14d8e4c00000
x3004c0s31b0n0:21309:26065 [0] NCCL INFO Connected all trees by HAO
x3004c0s31b0n0:21309:26065 [0] NCCL INFO Latency/AlgBw |    Tree/    LL |    Tree/ LL128 |    Tree/Simple |    Ring/    LL |    Ring/ LL128 |    Ring/Simple | CollNetDirect/    LL | CollNetDirect/ LL128 | CollNetDirect/Simple | CollNetChain/    LL | CollNetChain/ LL128 | CollNetChain/Simple |
x3004c0s31b0n0:21309:26065 [0] NCCL INFO  Max NThreads |            512 |            640 |            512 |            512 |            640 |            512 |              0 |              0 |            512 |              0 |              0 |            512 |
x3004c0s31b0n0:21309:26065 [0] NCCL INFO     Broadcast |     0.0/   0.0 |     0.0/   0.0 |     0.0/   0.0 |     6.3/   6.0 |    14.0/   0.0 |    18.0/  24.0 |     0.0/   0.0 |     0.0/   0.0 |     0.0/   0.0 |     0.0/   0.0 |     0.0/   0.0 |     0.0/   0.0 |
x3004c0s31b0n0:21309:26065 [0] NCCL INFO        Reduce |     0.0/   0.0 |     0.0/   0.0 |     0.0/   0.0 |     6.3/   6.0 |    14.0/   0.0 |    18.0/  24.0 |     0.0/   0.0 |     0.0/   0.0 |     0.0/   0.0 |     0.0/   0.0 |     0.0/   0.0 |     0.0/   0.0 |
x3004c0s31b0n0:21309:26065 [0] NCCL INFO     AllGather |     0.0/   0.0 |     0.0/   0.0 |     0.0/   0.0 |    27.1/   6.3 |    54.5/   0.0 |    97.8/  25.3 |     0.0/   0.0 |     0.0/   0.0 |     0.0/   0.0 |     0.0/   0.0 |     0.0/   0.0 |     0.0/   0.0 |
x3004c0s31b0n0:21309:26065 [0] NCCL INFO ReduceScatter |     0.0/   0.0 |     0.0/   0.0 |     0.0/   0.0 |    27.1/   6.3 |    54.5/   0.0 |    97.8/  25.3 |     0.0/   0.0 |     0.0/   0.0 |     0.0/   0.0 |     0.0/   0.0 |     0.0/   0.0 |     0.0/   0.0 |
x3004c0s31b0n0:21309:26065 [0] NCCL INFO     AllReduce |    30.0/   2.9 |    45.9/   0.0 |   280.0/  11.0 |    54.3/   3.2 |   103.2/   0.0 |   199.6/  12.6 |     7.4/   0.0 |     7.4/   0.0 |    29.7/   0.0 |     4.4/   0.0 |     4.4/   0.0 |    48.0/   0.0 |
x3004c0s31b0n0:21309:26065 [0] NCCL INFO threadThresholds 8/8/64 | 160/8/64 | 512 | 512
x3004c0s31b0n0:21309:26065 [0] NCCL INFO 4 coll channels, 4 p2p channels, 2 p2p channels per peer
x3004c0s31b0n0:21309:26212 [0] NCCL INFO New proxy send connection 20 from local rank 0, transport 2
x3004c0s31b0n0:21310:26217 [1] NCCL INFO New proxy recv connection 23 from local rank 1, transport 0
x3004c0s31b0n0:21309:26065 [0] NCCL INFO Connection to proxy localRank 0 -> connection 0x14a3d8001180
x3004c0s31b0n0:21309:26212 [0] NCCL INFO transport/net.cc:376 Cuda Alloc Size 8388608 pointer 0x14a3bb400000
x3004c0s31b0n0:21310:26066 [1] NCCL INFO Connection to proxy localRank 1 -> connection 0x14d8fc001240
x3004c0s31b0n0:21310:26217 [1] NCCL INFO transport/p2p.cc:449 Cuda Alloc Size 6291456 pointer 0x14d8e5200000
x3004c0s31b0n0:21310:26066 [1] NCCL INFO Connected all trees by HAO
x3004c0s31b0n0:21310:26066 [1] NCCL INFO threadThresholds 8/8/64 | 160/8/64 | 512 | 512
x3004c0s31b0n0:21310:26066 [1] NCCL INFO 4 coll channels, 4 p2p channels, 2 p2p channels per peer
x3004c0s31b0n0:21310:26217 [1] NCCL INFO New proxy send connection 24 from local rank 1, transport 2
x3004c0s31b0n0:21311:26068 [2] NCCL INFO Connected all trees by HAO
x3004c0s31b0n0:21311:26068 [2] NCCL INFO threadThresholds 8/8/64 | 160/8/64 | 512 | 512
x3004c0s31b0n0:21311:26068 [2] NCCL INFO 4 coll channels, 4 p2p channels, 2 p2p channels per peer
x3004c0s31b0n0:21311:26218 [2] NCCL INFO Allocated 4194656 bytes of shared memory in /dev/shm/nccl-DddR1E

x3004c0s31b0n0:21311:26218 [2] NCCL INFO New proxy send connection 20 from local rank 2, transport 2
x3004c0s31b0n0:21311:26068 [2] NCCL INFO Connection to proxy localRank 2 -> connection 0x14b870001180
x3004c0s31b0n0:21311:26218 [2] NCCL INFO transport/net.cc:376 Cuda Alloc Size 8388608 pointer 0x14b85c600000
x3004c0s31b0n0:21310:26066 [1] NCCL INFO Connection to proxy localRank 1 -> connection 0x14d8fc001280
x3004c0s31b0n0:21310:26066 [1] NCCL INFO init.cc:367 Cuda Alloc Size 5168 pointer 0x14d95181fc00
x3004c0s31b0n0:21312:26067 [3] NCCL INFO init.cc:367 Cuda Alloc Size 5168 pointer 0x152bbb81fc00
x3004c0s31b0n0:21311:26068 [2] NCCL INFO init.cc:367 Cuda Alloc Size 5168 pointer 0x14b8c781fc00
x3004c0s31b0n0:21309:26065 [0] NCCL INFO init.cc:367 Cuda Alloc Size 5168 pointer 0x14a455a22200
x3004c0s31b0n0:21309:26065 [0] NCCL INFO init.cc:392 Cuda Host Alloc Size 33554432 pointer 0x14a3b8000000
x3004c0s31b0n0:21309:26065 [0] NCCL INFO init.cc:398 Cuda Host Alloc Size 128 pointer 0x14a455000e00
x3004c0s31b0n0:21309:26065 [0] NCCL INFO comm 0x5556e5608750 rank 0 nranks 20 cudaDev 0 busId 7000 - Init COMPLETE
[Hao INFO in ncclAllReduce (all_reduce.cc)] rank 0 ncclAllReduce: count: 1, datatype: ncclInt64, message size: 8 Bytes
x3004c0s31b0n0:21309:21309 [0] NCCL INFO AllReduce: opCount 0 sendbuff 0x14a497800400 recvbuff 0x14a497800400 count 1 datatype 4 op 0 root 0 comm 0x5556e5608750 [nranks=20] stream 0x5556e41550c0
x3004c0s31b0n0:21309:21309 [0] NCCL INFO misc/utils.cc:235 memory stack hunk malloc(65536)

[LYD INFO in ncclAllReduce (all_reduce.cc)] rank 0 AllReduce Time: 0.000039000 seconds

[LYD INFO in getAlgoInfo (enqueue.cc)] algorithm a is: 0

[LYD INFO in getAlgoInfo (enqueue.cc)] algorithm a is: 1

[LYD INFO in getAlgoInfo (enqueue.cc)] rank: 0, Duration between Point 1 and Point 2: 0.000010000 seconds

[LYD INFO in getAlgoInfo (enqueue.cc)] rank 0, Duration between Point 2 and Point 3: 0.000001000 seconds
[LYD INFO in getAlgoInfo (enqueue.cc)] out rank: 0
[LYD INFO in getAlgoInfo (enqueue.cc)] out coll: 4
[LYD INFO in getAlgoInfo (enqueue.cc)] out sendbuff address: 0x14a497800400
[LYD INFO in getAlgoInfo (enqueue.cc)] out recvbuff address: 0x14a497800400
[LYD INFO in getAlgoInfo (enqueue.cc)] out count: 1
[LYD INFO in getAlgoInfo (enqueue.cc)] out datatype: 4
[LYD INFO in getAlgoInfo (enqueue.cc)] out chunkSteps: 4
[LYD INFO in getAlgoInfo (enqueue.cc)] out sliceSteps: 2
[LYD INFO in getAlgoInfo (enqueue.cc)] out algorithm: 0
[LYD INFO in getAlgoInfo (enqueue.cc)] out protocol: 0
[LYD INFO in getAlgoInfo (enqueue.cc)] out nChannels: 1
[LYD INFO in getAlgoInfo (enqueue.cc)] out nThreads: 96
[LYD INFO in getAlgoInfo (enqueue.cc)] out nBytes: 8
[LYD INFO in getAlgoInfo (enqueue.cc)] out nstepsPerLoop: 0
[LYD INFO in getAlgoInfo (enqueue.cc)] out nchunksPerLoop: 0
[LYD INFO in getAlgoInfo (enqueue.cc)] out chunkSize: 0
[LYD INFO in ncclLaunchKernel (enqueue.cc)] NCHANNELS is: 4x3004c0s31b0n0:21312:26067 [3] NCCL INFO init.cc:392 Cuda Host Alloc Size 33554432 pointer 0x152b58000000
x3004c0s31b0n0:21312:26067 [3] NCCL INFO init.cc:398 Cuda Host Alloc Size 128 pointer 0x152bbae00a00
x3004c0s31b0n0:21312:26067 [3] NCCL INFO comm 0x56179890fe90 rank 3 nranks 20 cudaDev 3 busId c7000 - Init COMPLETE
x3004c0s31b0n0:21311:26068 [2] NCCL INFO init.cc:392 Cuda Host Alloc Size 33554432 pointer 0x14b85a000000
x3004c0s31b0n0:21311:26068 [2] NCCL INFO init.cc:398 Cuda Host Alloc Size 128 pointer 0x14b8c6e00a00
x3004c0s31b0n0:21311:26068 [2] NCCL INFO comm 0x55d9aef8d900 rank 2 nranks 20 cudaDev 2 busId 85000 - Init COMPLETE
x3004c0s31b0n0:21310:26217 [1] NCCL INFO transport/net.cc:376 Cuda Alloc Size 8388608 pointer 0x14d8e3200000
x3004c0s31b0n0:21310:26066 [1] NCCL INFO init.cc:392 Cuda Host Alloc Size 33554432 pointer 0x14d8e0000000
x3004c0s31b0n0:21310:26066 [1] NCCL INFO init.cc:398 Cuda Host Alloc Size 128 pointer 0x14d950e00a00
x3004c0s31b0n0:21310:26066 [1] NCCL INFO comm 0x563975eb65c0 rank 1 nranks 20 cudaDev 1 busId 46000 - Init COMPLETE
x3004c0s31b0n0:21310:21310 [1] NCCL INFO AllReduce: opCount 0 sendbuff 0x14d98f600400 recvbuff 0x14d98f600400 count 1 datatype 4 op 0 root 0 comm 0x563975eb65c0 [nranks=20] stream 0x563972d147a0
x3004c0s31b0n0:21310:21310 [1] NCCL INFO misc/utils.cc:235 memory stack hunk malloc(65536)
[LYD INFO in ncclLaunchKernel (enqueue.cc)] NCHANNELS is: 4x3004c0s31b0n0:21312:21312 [3] NCCL INFO AllReduce: opCount 0 sendbuff 0x152bfb600400 recvbuff 0x152bfb600400 count 1 datatype 4 op 0 root 0 comm 0x56179890fe90 [nranks=20] stream 0x561796b8ace0
x3004c0s31b0n0:21312:21312 [3] NCCL INFO misc/utils.cc:235 memory stack hunk malloc(65536)
[LYD INFO in ncclLaunchKernel (enqueue.cc)] NCHANNELS is: 4x3004c0s31b0n0:21311:21311 [2] NCCL INFO AllReduce: opCount 0 sendbuff 0x14b907600400 recvbuff 0x14b907600400 count 1 datatype 4 op 0 root 0 comm 0x55d9aef8d900 [nranks=20] stream 0x55d9abe4e010
x3004c0s31b0n0:21311:21311 [2] NCCL INFO misc/utils.cc:235 memory stack hunk malloc(65536)
[LYD INFO in ncclLaunchKernel (enqueue.cc)] NCHANNELS is: 4
[LYD INFO in NCCL_KERN_NAME (common.h)] 0 AllReduce TREE LL Sum int64_t Elapsed time: 1133228 us
 > loading doc-idx mapping from /home/yuke/lyd/Megatron-LM/my-gpt2_text_document_train_indexmap_6400ns_512sl_1234s_doc_idx.npy
 > loading sample-idx mapping from /home/yuke/lyd/Megatron-LM/my-gpt2_text_document_train_indexmap_6400ns_512sl_1234s_sample_idx.npy

[LYD INFO in NCCL_KERN_NAME (common.h)] 1 AllReduce TREE LL Sum int64_t Elapsed time: 1055951 us
 > loading shuffle-idx mapping from /home/yuke/lyd/Megatron-LM/my-gpt2_text_document_train_indexmap_6400ns_512sl_1234s_shuffle_idx.npy

[LYD INFO in NCCL_KERN_NAME (common.h)] 3 AllReduce TREE LL Sum int64_t Elapsed time: 1039598 us
    loaded indexed file in 0.004 seconds
    total number of samples: 6556
    total number of epochs: 16

[LYD INFO in NCCL_KERN_NAME (common.h)] 2 AllReduce TREE LL Sum int64_t Elapsed time: 1029990 us
[Hao INFO in ncclAllReduce (all_reduce.cc)] rank 1 ncclAllReduce: count: 1, datatype: ncclInt64, message size: 8 Bytes
x3004c0s31b0n0:21310:21310 [1] NCCL INFO AllReduce: opCount 0 sendbuff 0x14d98f600400 recvbuff 0x14d98f600400 count 1 datatype 4 op 0 root 0 comm 0x563974497fb0 [nranks=1] stream 0x563972d36c90

[LYD INFO in ncclAllReduce (all_reduce.cc)] rank 0 AllReduce Time: 0.000044000 seconds
x3004c0s31b0n0:21310:21310 [1] NCCL INFO AllReduce: opCount 1 sendbuff 0x14d98f600400 recvbuff 0x14d98f600400 count 1 datatype 4 op 0 root 0 comm 0x563975eb65c0 [nranks=20] stream 0x563972d147a0
[LYD INFO in ncclLaunchKernel (enqueue.cc)] NCHANNELS is: 4 > WARNING: could not find index map files, building the indices on rank 0 ...
 > last epoch number of samples (6) is smaller than 80% of number of samples per epoch (11), setting separate_last_epoch to True
 > elasped time to build and save doc-idx mapping (seconds): 0.005319
    using:
     number of documents:       1
     number of epochs:          61
     sequence length:           512
     total number of samples:   709
[Hao INFO in ncclAllReduce (all_reduce.cc)] rank 3 ncclAllReduce: count: 1, datatype: ncclInt64, message size: 8 Bytes
x3004c0s31b0n0:21312:21312 [3] NCCL INFO AllReduce: opCount 0 sendbuff 0x152bfb600400 recvbuff 0x152bfb600400 count 1 datatype 4 op 0 root 0 comm 0x561799d4b2d0 [nranks=1] stream 0x561796b8aba0

[LYD INFO in ncclAllReduce (all_reduce.cc)] rank 0 AllReduce Time: 0.000033000 seconds
x3004c0s31b0n0:21312:21312 [3] NCCL INFO AllReduce: opCount 1 sendbuff 0x152bfb600400 recvbuff 0x152bfb600400 count 1 datatype 4 op 0 root 0 comm 0x56179890fe90 [nranks=20] stream 0x561796b8ace0
[LYD INFO in ncclLaunchKernel (enqueue.cc)] NCHANNELS is: 4[Hao INFO in ncclAllReduce (all_reduce.cc)] rank 2 ncclAllReduce: count: 1, datatype: ncclInt64, message size: 8 Bytes
x3004c0s31b0n0:21311:21311 [2] NCCL INFO AllReduce: opCount 0 sendbuff 0x14b907600400 recvbuff 0x14b907600400 count 1 datatype 4 op 0 root 0 comm 0x55d9af009160 [nranks=1] stream 0x55d9abe4ded0

[LYD INFO in ncclAllReduce (all_reduce.cc)] rank 0 AllReduce Time: 0.000033000 seconds
x3004c0s31b0n0:21311:21311 [2] NCCL INFO AllReduce: opCount 1 sendbuff 0x14b907600400 recvbuff 0x14b907600400 count 1 datatype 4 op 0 root 0 comm 0x55d9aef8d900 [nranks=20] stream 0x55d9abe4e010
[LYD INFO in ncclLaunchKernel (enqueue.cc)] NCHANNELS is: 4 > elasped time to build and save sample-idx mapping (seconds): 0.023512
 > building shuffle index with split [0, 698) and [698, 709) ...
 > elasped time to build and save shuffle-idx mapping (seconds): 0.074357
[Hao INFO in ncclAllReduce (all_reduce.cc)] rank 0 ncclAllReduce: count: 1, datatype: ncclInt64, message size: 8 Bytes
x3004c0s31b0n0:21309:21309 [0] NCCL INFO AllReduce: opCount 0 sendbuff 0x14a497800400 recvbuff 0x14a497800400 count 1 datatype 4 op 0 root 0 comm 0x5556e5469bc0 [nranks=1] stream 0x5556e4154f80

[LYD INFO in ncclAllReduce (all_reduce.cc)] rank 0 AllReduce Time: 0.000029000 seconds
[Hao INFO in ncclAllReduce (all_reduce.cc)] rank 0 ncclAllReduce: count: 1, datatype: ncclInt64, message size: 8 Bytes
x3004c0s31b0n0:21309:21309 [0] NCCL INFO AllReduce: opCount 1 sendbuff 0x14a497800400 recvbuff 0x14a497800400 count 1 datatype 4 op 0 root 0 comm 0x5556e5608750 [nranks=20] stream 0x5556e41550c0

[LYD INFO in ncclAllReduce (all_reduce.cc)] rank 0 AllReduce Time: 0.000020000 seconds

[LYD INFO in getAlgoInfo (enqueue.cc)] algorithm a is: 0

[LYD INFO in getAlgoInfo (enqueue.cc)] algorithm a is: 1

[LYD INFO in getAlgoInfo (enqueue.cc)] rank: 0, Duration between Point 1 and Point 2: 0.000010000 seconds

[LYD INFO in getAlgoInfo (enqueue.cc)] rank 0, Duration between Point 2 and Point 3: 0.000000000 seconds
[LYD INFO in getAlgoInfo (enqueue.cc)] out rank: 0
[LYD INFO in getAlgoInfo (enqueue.cc)] out coll: 4
[LYD INFO in getAlgoInfo (enqueue.cc)] out sendbuff address: 0x14a497800400
[LYD INFO in getAlgoInfo (enqueue.cc)] out recvbuff address: 0x14a497800400
[LYD INFO in getAlgoInfo (enqueue.cc)] out count: 1
[LYD INFO in getAlgoInfo (enqueue.cc)] out datatype: 4
[LYD INFO in getAlgoInfo (enqueue.cc)] out chunkSteps: 4
[LYD INFO in getAlgoInfo (enqueue.cc)] out sliceSteps: 2
[LYD INFO in getAlgoInfo (enqueue.cc)] out algorithm: 0
[LYD INFO in getAlgoInfo (enqueue.cc)] out protocol: 0
[LYD INFO in getAlgoInfo (enqueue.cc)] out nChannels: 1
[LYD INFO in getAlgoInfo (enqueue.cc)] out nThreads: 96
[LYD INFO in getAlgoInfo (enqueue.cc)] out nBytes: 8
[LYD INFO in getAlgoInfo (enqueue.cc)] out nstepsPerLoop: 0
[LYD INFO in getAlgoInfo (enqueue.cc)] out nchunksPerLoop: 0
[LYD INFO in getAlgoInfo (enqueue.cc)] out chunkSize: 0
[LYD INFO in ncclLaunchKernel (enqueue.cc)] NCHANNELS is: 4
[LYD INFO in NCCL_KERN_NAME (common.h)] 0 AllReduce TREE LL Sum int64_t Elapsed time: 8255 us
 > loading doc-idx mapping from /home/yuke/lyd/Megatron-LM/my-gpt2_text_document_valid_indexmap_704ns_512sl_1234s_doc_idx.npy

[LYD INFO in NCCL_KERN_NAME (common.h)] 3 AllReduce TREE LL Sum int64_t Elapsed time: 103030 us

