x3004c0s25b1n0:33313:34293 [3] NCCL INFO Channel 03/0 : 15[c7000] -> 17[46000] [send] via NET/IB/0
x3004c0s25b1n0:33313:34462 [3] NCCL INFO transport/net_ib.cc:596 Ib Alloc Size 26560 pointer 0x147030020000
x3004c0s25b1n0:33313:34462 [3] NCCL INFO NET/IB: Dev 1 Port 1 qpn 11053 mtu 5 GID 0 (80FE/DA0100FEFF000000)
x3004c0s25b1n0:33313:34462 [3] NCCL INFO transport/net_ib.cc:653 Ib Alloc Size 552 pointer 0x147030042000
x3004c0s25b1n0:33313:34462 [3] NCCL INFO transport/net.cc:571 Cuda Host Alloc Size 9641984 pointer 0x14707b000000
x3004c0s25b1n0:33313:34462 [3] NCCL INFO Mem Realloc old size 0, new size 768 pointer 0x14703002f5c0
x3004c0s25b1n0:33308:34294 [2] NCCL INFO Connection to proxy localRank 2 -> connection 0x14dae4000e00
x3004c0s25b1n0:33308:34456 [2] NCCL INFO transport/p2p.cc:449 Cuda Alloc Size 6291456 pointer 0x14dae3800000
x3004c0s25b1n0:33306:34455 [1] NCCL INFO transport/net_ib.cc:771 Ib Alloc Size 552 pointer 0x155300079000
x3004c0s25b1n0:33306:34455 [1] NCCL INFO transport/net.cc:698 Cuda Host Alloc Size 9641984 pointer 0x1552fea00000
x3004c0s25b1n0:33306:34455 [1] NCCL INFO Mem Realloc old size 0, new size 768 pointer 0x15530006e880
x3004c0s25b1n0:33308:34456 [2] NCCL INFO New proxy recv connection 7 from local rank 2, transport 0
x3004c0s25b1n0:33313:34462 [3] NCCL INFO transport/net_ib.cc:596 Ib Alloc Size 26560 pointer 0x147030042000
x3004c0s25b1n0:33306:34455 [1] NCCL INFO transport/net_ib.cc:683 Ib Alloc Size 21688 pointer 0x15530007b000
x3004c0s25b1n0:33306:34455 [1] NCCL INFO transport/net_ib.cc:696 Ib Alloc Size 552 pointer 0x155300082000
x3004c0s25b1n0:33313:34462 [3] NCCL INFO NET/IB: Dev 0 Port 1 qpn 10808 mtu 5 GID 0 (80FE/880100FEFF000000)
x3004c0s25b1n0:33313:34462 [3] NCCL INFO transport/net_ib.cc:653 Ib Alloc Size 552 pointer 0x147030064000
x3004c0s25b1n0:33313:34462 [3] NCCL INFO transport/net.cc:571 Cuda Host Alloc Size 9641984 pointer 0x14707ba00000
x3004c0s25b1n0:33313:34462 [3] NCCL INFO Mem Realloc old size 0, new size 768 pointer 0x147030051c50
x3004c0s25b1n0:33306:34455 [1] NCCL INFO transport/net_ib.cc:771 Ib Alloc Size 552 pointer 0x15530009d000
x3004c0s25b1n0:33306:34455 [1] NCCL INFO transport/net.cc:698 Cuda Host Alloc Size 9641984 pointer 0x1552ff400000
x3004c0s25b1n0:33308:34294 [2] NCCL INFO Connection to proxy localRank 2 -> connection 0x14dae4000e40
x3004c0s25b1n0:33308:34456 [2] NCCL INFO transport/p2p.cc:449 Cuda Alloc Size 6291456 pointer 0x14dae0000000
x3004c0s25b1n0:33313:34462 [3] NCCL INFO transport/net_ib.cc:596 Ib Alloc Size 26560 pointer 0x147030066000
x3004c0s25b1n0:33313:34462 [3] NCCL INFO NET/IB: Dev 1 Port 1 qpn 11056 mtu 5 GID 0 (80FE/DA0100FEFF000000)
x3004c0s25b1n0:33313:34462 [3] NCCL INFO transport/net_ib.cc:653 Ib Alloc Size 552 pointer 0x14703007d000
x3004c0s25b1n0:33313:34462 [3] NCCL INFO transport/net.cc:571 Cuda Host Alloc Size 9641984 pointer 0x14707c400000
x3004c0s25b1n0:33306:34455 [1] NCCL INFO transport/net_ib.cc:683 Ib Alloc Size 21688 pointer 0x15530009f000
x3004c0s25b1n0:33306:34455 [1] NCCL INFO transport/net_ib.cc:696 Ib Alloc Size 552 pointer 0x1553000a6000
x3004c0s25b1n0:33306:34455 [1] NCCL INFO transport/net_ib.cc:771 Ib Alloc Size 552 pointer 0x1553000c1000
x3004c0s25b1n0:33306:34455 [1] NCCL INFO transport/net.cc:698 Cuda Host Alloc Size 9641984 pointer 0x1552fc000000
x3004c0s25b1n0:33308:34294 [2] NCCL INFO Connected all rings
x3004c0s25b1n0:33308:34456 [2] NCCL INFO New proxy recv connection 8 from local rank 2, transport 0
x3004c0s25b1n0:33299:34454 [0] NCCL INFO New proxy recv connection 4 from local rank 0, transport 0
x3004c0s25b1n0:33313:34462 [3] NCCL INFO transport/net_ib.cc:596 Ib Alloc Size 26560 pointer 0x14703007f000
x3004c0s25b1n0:33313:34462 [3] NCCL INFO NET/IB: Dev 0 Port 1 qpn 10811 mtu 5 GID 0 (80FE/880100FEFF000000)
x3004c0s25b1n0:33313:34462 [3] NCCL INFO transport/net_ib.cc:653 Ib Alloc Size 552 pointer 0x147030096000
x3004c0s25b1n0:33313:34462 [3] NCCL INFO transport/net.cc:571 Cuda Host Alloc Size 9641984 pointer 0x14707ce00000
x3004c0s25b1n0:33306:34297 [1] NCCL INFO Channel 00/0 : 13[46000] -> 12[7000] via P2P/IPC/read
x3004c0s25b1n0:33306:34455 [1] NCCL INFO New proxy send connection 4 from local rank 1, transport 0
x3004c0s25b1n0:33306:34297 [1] NCCL INFO Connection to proxy localRank 1 -> connection 0x155300000d80
x3004c0s25b1n0:33306:34455 [1] NCCL INFO transport/p2p.cc:430 Cuda Alloc Size 6291456 pointer 0x1552fca00000
x3004c0s25b1n0:33306:34297 [1] NCCL INFO Channel 01/0 : 13[46000] -> 12[7000] via P2P/IPC/read
x3004c0s25b1n0:33313:34293 [3] NCCL INFO Connected all rings
x3004c0s25b1n0:33313:34293 [3] NCCL INFO Channel 00/0 : 15[c7000] -> 14[85000] via P2P/IPC/read
x3004c0s25b1n0:33313:34462 [3] NCCL INFO New proxy send connection 8 from local rank 3, transport 0
x3004c0s25b1n0:33313:34293 [3] NCCL INFO Connection to proxy localRank 3 -> connection 0x147030000e80
x3004c0s25b1n0:33299:34295 [0] NCCL INFO Connection to proxy localRank 0 -> connection 0x14696c000d80
x3004c0s25b1n0:33299:34454 [0] NCCL INFO transport/p2p.cc:449 Cuda Alloc Size 6291456 pointer 0x14696ac00000
x3004c0s25b1n0:33308:34294 [2] NCCL INFO Connection to proxy localRank 2 -> connection 0x14dae4000e80
x3004c0s25b1n0:33308:34456 [2] NCCL INFO transport/p2p.cc:449 Cuda Alloc Size 6291456 pointer 0x14dade000000
x3004c0s25b1n0:33299:34454 [0] NCCL INFO New proxy recv connection 5 from local rank 0, transport 0
x3004c0s25b1n0:33308:34456 [2] NCCL INFO New proxy recv connection 9 from local rank 2, transport 0
x3004c0s25b1n0:33306:34455 [1] NCCL INFO New proxy send connection 5 from local rank 1, transport 0
x3004c0s25b1n0:33313:34462 [3] NCCL INFO transport/p2p.cc:430 Cuda Alloc Size 6291456 pointer 0x14707d800000
x3004c0s25b1n0:33299:34295 [0] NCCL INFO Connection to proxy localRank 0 -> connection 0x14696c000dc0
x3004c0s25b1n0:33299:34454 [0] NCCL INFO transport/p2p.cc:449 Cuda Alloc Size 6291456 pointer 0x14696b200000
x3004c0s25b1n0:33313:34293 [3] NCCL INFO Channel 01/0 : 15[c7000] -> 14[85000] via P2P/IPC/read
x3004c0s25b1n0:33313:34462 [3] NCCL INFO New proxy send connection 9 from local rank 3, transport 0
x3004c0s25b1n0:33306:34297 [1] NCCL INFO Connection to proxy localRank 1 -> connection 0x155300000dc0
x3004c0s25b1n0:33306:34455 [1] NCCL INFO transport/p2p.cc:430 Cuda Alloc Size 6291456 pointer 0x1552fd000000
x3004c0s25b1n0:33308:34294 [2] NCCL INFO Connection to proxy localRank 2 -> connection 0x14dae4000ec0
x3004c0s25b1n0:33308:34456 [2] NCCL INFO transport/p2p.cc:449 Cuda Alloc Size 6291456 pointer 0x14dade600000
x3004c0s25b1n0:33299:34454 [0] NCCL INFO New proxy recv connection 6 from local rank 0, transport 0
x3004c0s25b1n0:33313:34293 [3] NCCL INFO Connection to proxy localRank 3 -> connection 0x147030000ec0
x3004c0s25b1n0:33313:34462 [3] NCCL INFO transport/p2p.cc:430 Cuda Alloc Size 6291456 pointer 0x14707de00000
x3004c0s25b1n0:33306:34297 [1] NCCL INFO Channel 02/0 : 13[46000] -> 12[7000] via P2P/IPC/read
x3004c0s25b1n0:33306:34455 [1] NCCL INFO New proxy send connection 6 from local rank 1, transport 0
x3004c0s25b1n0:33308:34456 [2] NCCL INFO New proxy recv connection 10 from local rank 2, transport 0
x3004c0s25b1n0:33313:34293 [3] NCCL INFO Channel 02/0 : 15[c7000] -> 14[85000] via P2P/IPC/read
x3004c0s25b1n0:33313:34462 [3] NCCL INFO New proxy send connection 10 from local rank 3, transport 0
x3004c0s25b1n0:33299:34295 [0] NCCL INFO Connection to proxy localRank 0 -> connection 0x14696c000e00
x3004c0s25b1n0:33299:34454 [0] NCCL INFO transport/p2p.cc:449 Cuda Alloc Size 6291456 pointer 0x14696b800000
x3004c0s25b1n0:33306:34297 [1] NCCL INFO Connection to proxy localRank 1 -> connection 0x155300000e00
x3004c0s25b1n0:33306:34455 [1] NCCL INFO transport/p2p.cc:430 Cuda Alloc Size 6291456 pointer 0x1552fd600000
x3004c0s25b1n0:33308:34294 [2] NCCL INFO Connection to proxy localRank 2 -> connection 0x14dae4000f00
x3004c0s25b1n0:33308:34456 [2] NCCL INFO transport/p2p.cc:449 Cuda Alloc Size 6291456 pointer 0x14dadec00000
x3004c0s25b1n0:33313:34293 [3] NCCL INFO Connection to proxy localRank 3 -> connection 0x147030000f00
x3004c0s25b1n0:33313:34462 [3] NCCL INFO transport/p2p.cc:430 Cuda Alloc Size 6291456 pointer 0x14707e400000
x3004c0s25b1n0:33306:34297 [1] NCCL INFO Channel 03/0 : 13[46000] -> 12[7000] via P2P/IPC/read
x3004c0s25b1n0:33306:34455 [1] NCCL INFO New proxy send connection 7 from local rank 1, transport 0
x3004c0s25b1n0:33308:34456 [2] NCCL INFO New proxy recv connection 11 from local rank 2, transport 0
x3004c0s25b1n0:33308:34294 [2] NCCL INFO Connection to proxy localRank 2 -> connection 0x14dae4000f40
x3004c0s25b1n0:33299:34454 [0] NCCL INFO New proxy recv connection 7 from local rank 0, transport 0
x3004c0s25b1n0:33313:34293 [3] NCCL INFO Channel 03/0 : 15[c7000] -> 14[85000] via P2P/IPC/read
x3004c0s25b1n0:33313:34462 [3] NCCL INFO New proxy send connection 11 from local rank 3, transport 0
x3004c0s25b1n0:33308:34456 [2] NCCL INFO transport/p2p.cc:449 Cuda Alloc Size 6291456 pointer 0x14dadf200000
x3004c0s25b1n0:33299:34295 [0] NCCL INFO Connection to proxy localRank 0 -> connection 0x14696c000e40
x3004c0s25b1n0:33306:34297 [1] NCCL INFO Connection to proxy localRank 1 -> connection 0x155300000e40
x3004c0s25b1n0:33306:34455 [1] NCCL INFO transport/p2p.cc:430 Cuda Alloc Size 6291456 pointer 0x15530fa00000
x3004c0s25b1n0:33299:34454 [0] NCCL INFO transport/p2p.cc:449 Cuda Alloc Size 6291456 pointer 0x146968000000
x3004c0s25b1n0:33313:34293 [3] NCCL INFO Connection to proxy localRank 3 -> connection 0x147030000f40
x3004c0s25b1n0:33313:34462 [3] NCCL INFO transport/p2p.cc:430 Cuda Alloc Size 6291456 pointer 0x14707ea00000
x3004c0s25b1n0:33306:34297 [1] NCCL INFO Connected all rings
x3004c0s25b1n0:33299:34295 [0] NCCL INFO Connected all rings
x3004c0s25b1n0:33299:34295 [0] NCCL INFO Channel 00/0 : 12[7000] -> 13[46000] via P2P/IPC/read
x3004c0s25b1n0:33299:34454 [0] NCCL INFO New proxy send connection 8 from local rank 0, transport 0
x3004c0s25b1n0:33299:34295 [0] NCCL INFO Connection to proxy localRank 0 -> connection 0x14696c000e80
x3004c0s25b1n0:33299:34454 [0] NCCL INFO transport/p2p.cc:430 Cuda Alloc Size 6291456 pointer 0x146966000000
x3004c0s25b1n0:33306:34455 [1] NCCL INFO New proxy recv connection 8 from local rank 1, transport 0
x3004c0s25b1n0:33306:34297 [1] NCCL INFO Connection to proxy localRank 1 -> connection 0x155300000e80
x3004c0s25b1n0:33306:34455 [1] NCCL INFO transport/p2p.cc:449 Cuda Alloc Size 6291456 pointer 0x1552fb800000
x3004c0s25b1n0:33299:34295 [0] NCCL INFO Channel 01/0 : 12[7000] -> 13[46000] via P2P/IPC/read
x3004c0s25b1n0:33299:34454 [0] NCCL INFO New proxy send connection 9 from local rank 0, transport 0
x3004c0s25b1n0:33306:34455 [1] NCCL INFO New proxy recv connection 9 from local rank 1, transport 0
x3004c0s25b1n0:33306:34297 [1] NCCL INFO Connection to proxy localRank 1 -> connection 0x155300000ec0
x3004c0s25b1n0:33306:34455 [1] NCCL INFO transport/p2p.cc:449 Cuda Alloc Size 6291456 pointer 0x1552f8000000
x3004c0s25b1n0:33299:34295 [0] NCCL INFO Connection to proxy localRank 0 -> connection 0x14696c000ec0
x3004c0s25b1n0:33299:34454 [0] NCCL INFO transport/p2p.cc:430 Cuda Alloc Size 6291456 pointer 0x146966600000
x3004c0s25b1n0:33306:34455 [1] NCCL INFO New proxy recv connection 10 from local rank 1, transport 0
x3004c0s25b1n0:33299:34295 [0] NCCL INFO Channel 02/0 : 12[7000] -> 13[46000] via P2P/IPC/read
x3004c0s25b1n0:33299:34454 [0] NCCL INFO New proxy send connection 10 from local rank 0, transport 0
x3004c0s25b1n0:33306:34297 [1] NCCL INFO Connection to proxy localRank 1 -> connection 0x155300000f00
x3004c0s25b1n0:33306:34455 [1] NCCL INFO transport/p2p.cc:449 Cuda Alloc Size 6291456 pointer 0x1552f8600000
x3004c0s25b1n0:33299:34295 [0] NCCL INFO Connection to proxy localRank 0 -> connection 0x14696c000f00
x3004c0s25b1n0:33299:34454 [0] NCCL INFO transport/p2p.cc:430 Cuda Alloc Size 6291456 pointer 0x146966c00000
x3004c0s25b1n0:33299:34295 [0] NCCL INFO Channel 03/0 : 12[7000] -> 13[46000] via P2P/IPC/read
x3004c0s25b1n0:33299:34454 [0] NCCL INFO New proxy send connection 11 from local rank 0, transport 0
x3004c0s25b1n0:33306:34455 [1] NCCL INFO New proxy recv connection 11 from local rank 1, transport 0
x3004c0s25b1n0:33299:34295 [0] NCCL INFO Connection to proxy localRank 0 -> connection 0x14696c000f40
x3004c0s25b1n0:33299:34454 [0] NCCL INFO transport/p2p.cc:430 Cuda Alloc Size 6291456 pointer 0x146967200000
x3004c0s25b1n0:33306:34297 [1] NCCL INFO Connection to proxy localRank 1 -> connection 0x155300000f40
x3004c0s25b1n0:33306:34455 [1] NCCL INFO transport/p2p.cc:449 Cuda Alloc Size 6291456 pointer 0x1552f8c00000
x3004c0s25b1n0:33306:34297 [1] NCCL INFO Channel 00/0 : 13[46000] -> 14[85000] via P2P/IPC/read
x3004c0s25b1n0:33306:34455 [1] NCCL INFO New proxy send connection 12 from local rank 1, transport 0
x3004c0s25b1n0:33306:34297 [1] NCCL INFO Connection to proxy localRank 1 -> connection 0x155300000f80
x3004c0s25b1n0:33306:34455 [1] NCCL INFO transport/p2p.cc:430 Cuda Alloc Size 6291456 pointer 0x1552f9200000
x3004c0s25b1n0:33306:34297 [1] NCCL INFO Channel 01/0 : 13[46000] -> 14[85000] via P2P/IPC/read
x3004c0s25b1n0:33306:34455 [1] NCCL INFO New proxy send connection 13 from local rank 1, transport 0
x3004c0s25b1n0:33306:34297 [1] NCCL INFO Connection to proxy localRank 1 -> connection 0x155300000fc0
x3004c0s25b1n0:33306:34455 [1] NCCL INFO transport/p2p.cc:430 Cuda Alloc Size 6291456 pointer 0x1552f9800000
x3004c0s25b1n0:33306:34297 [1] NCCL INFO Channel 02/0 : 13[46000] -> 14[85000] via P2P/IPC/read
x3004c0s25b1n0:33306:34455 [1] NCCL INFO New proxy send connection 14 from local rank 1, transport 0
x3004c0s25b1n0:33306:34297 [1] NCCL INFO Connection to proxy localRank 1 -> connection 0x155300001000
x3004c0s25b1n0:33306:34455 [1] NCCL INFO transport/p2p.cc:430 Cuda Alloc Size 6291456 pointer 0x1552f6000000
x3004c0s25b1n0:33306:34297 [1] NCCL INFO Channel 03/0 : 13[46000] -> 14[85000] via P2P/IPC/read
x3004c0s25b1n0:33306:34455 [1] NCCL INFO New proxy send connection 15 from local rank 1, transport 0
x3004c0s25b1n0:33306:34297 [1] NCCL INFO Connection to proxy localRank 1 -> connection 0x155300001040
x3004c0s25b1n0:33306:34455 [1] NCCL INFO transport/p2p.cc:430 Cuda Alloc Size 6291456 pointer 0x1552f6600000
x3004c0s25b1n0:33306:34297 [1] NCCL INFO GPU Direct RDMA Disabled for GPU 46000 / HCA 1 (distance 6 > 4)
x3004c0s25b1n0:33306:34455 [1] NCCL INFO New proxy recv connection 16 from local rank 1, transport 2
x3004c0s25b1n0:33299:34295 [0] NCCL INFO GPU Direct RDMA Disabled for GPU 7000 / HCA 1 (distance 7 > 4)
x3004c0s25b1n0:33299:34454 [0] NCCL INFO Allocated 4194656 bytes of shared memory in /dev/shm/nccl-Kcnyi5

x3004c0s25b1n0:33299:34454 [0] NCCL INFO New proxy recv connection 12 from local rank 0, transport 2
x3004c0s25b1n0:33299:34295 [0] NCCL INFO Connection to proxy localRank 0 -> connection 0x14696c000f80
x3004c0s25b1n0:33308:34456 [2] NCCL INFO New proxy recv connection 12 from local rank 2, transport 0
x3004c0s25b1n0:33308:34294 [2] NCCL INFO Connection to proxy localRank 2 -> connection 0x14dae4000f80
x3004c0s25b1n0:33308:34456 [2] NCCL INFO transport/p2p.cc:449 Cuda Alloc Size 6291456 pointer 0x14dadd200000
x3004c0s25b1n0:33306:34297 [1] NCCL INFO Connection to proxy localRank 1 -> connection 0x155300001080
x3004c0s25b1n0:33299:34295 [0] NCCL INFO Channel 00/0 : 8[7000] -> 12[7000] [receive] via NET/IB/1
x3004c0s25b1n0:33299:34295 [0] NCCL INFO GPU Direct RDMA Disabled for GPU 7000 / HCA 0 (distance 7 > 4)
x3004c0s25b1n0:33299:34454 [0] NCCL INFO New proxy recv connection 13 from local rank 0, transport 2
x3004c0s25b1n0:33306:34297 [1] NCCL INFO Channel 02/0 : 8[7000] -> 13[46000] [receive] via NET/IB/1
x3004c0s25b1n0:33306:34297 [1] NCCL INFO GPU Direct RDMA Disabled for GPU 46000 / HCA 0 (distance 7 > 4)
x3004c0s25b1n0:33306:34455 [1] NCCL INFO New proxy recv connection 17 from local rank 1, transport 2
x3004c0s25b1n0:33299:34295 [0] NCCL INFO Connection to proxy localRank 0 -> connection 0x14696c000fc0
x3004c0s25b1n0:33308:34456 [2] NCCL INFO New proxy recv connection 13 from local rank 2, transport 0
x3004c0s25b1n0:33308:34294 [2] NCCL INFO Connection to proxy localRank 2 -> connection 0x14dae4000fc0
x3004c0s25b1n0:33306:34297 [1] NCCL INFO Connection to proxy localRank 1 -> connection 0x1553000010c0
x3004c0s25b1n0:33299:34295 [0] NCCL INFO Channel 01/0 : 8[7000] -> 12[7000] [receive] via NET/IB/0
x3004c0s25b1n0:33299:34295 [0] NCCL INFO GPU Direct RDMA Disabled for GPU 7000 / HCA 1 (distance 7 > 4)
x3004c0s25b1n0:33299:34454 [0] NCCL INFO New proxy send connection 14 from local rank 0, transport 2
x3004c0s25b1n0:33308:34456 [2] NCCL INFO transport/p2p.cc:449 Cuda Alloc Size 6291456 pointer 0x14dadd800000
x3004c0s25b1n0:33308:34456 [2] NCCL INFO New proxy recv connection 14 from local rank 2, transport 0
x3004c0s25b1n0:33306:34297 [1] NCCL INFO Channel 03/0 : 8[7000] -> 13[46000] [receive] via NET/IB/0
x3004c0s25b1n0:33299:34295 [0] NCCL INFO Connection to proxy localRank 0 -> connection 0x14696c001000
x3004c0s25b1n0:33299:34295 [0] NCCL INFO Channel 02/0 : 12[7000] -> 16[7000] [send] via NET/IB/1
x3004c0s25b1n0:33299:34295 [0] NCCL INFO GPU Direct RDMA Disabled for GPU 7000 / HCA 0 (distance 7 > 4)
x3004c0s25b1n0:33299:34454 [0] NCCL INFO New proxy send connection 15 from local rank 0, transport 2
x3004c0s25b1n0:33308:34294 [2] NCCL INFO Connection to proxy localRank 2 -> connection 0x14dae4001000
x3004c0s25b1n0:33308:34456 [2] NCCL INFO transport/p2p.cc:449 Cuda Alloc Size 6291456 pointer 0x14dada000000
x3004c0s25b1n0:33299:34295 [0] NCCL INFO Connection to proxy localRank 0 -> connection 0x14696c001040
x3004c0s25b1n0:33299:34295 [0] NCCL INFO Channel 03/0 : 12[7000] -> 16[7000] [send] via NET/IB/0
x3004c0s25b1n0:33299:34454 [0] NCCL INFO transport/net_ib.cc:596 Ib Alloc Size 26560 pointer 0x14696c026000
x3004c0s25b1n0:33299:34454 [0] NCCL INFO NET/IB: Dev 1 Port 1 qpn 11057 mtu 5 GID 0 (80FE/DA0100FEFF000000)
x3004c0s25b1n0:33299:34454 [0] NCCL INFO transport/net_ib.cc:653 Ib Alloc Size 552 pointer 0x14696c048000
x3004c0s25b1n0:33299:34454 [0] NCCL INFO transport/net.cc:571 Cuda Host Alloc Size 9641984 pointer 0x146965200000
x3004c0s25b1n0:33299:34454 [0] NCCL INFO Mem Realloc old size 0, new size 768 pointer 0x14696c0354d0
x3004c0s25b1n0:33308:34456 [2] NCCL INFO New proxy recv connection 15 from local rank 2, transport 0
x3004c0s25b1n0:33299:34454 [0] NCCL INFO transport/net_ib.cc:596 Ib Alloc Size 26560 pointer 0x14696c04a000
x3004c0s25b1n0:33308:34294 [2] NCCL INFO Connection to proxy localRank 2 -> connection 0x14dae4001040
x3004c0s25b1n0:33308:34456 [2] NCCL INFO transport/p2p.cc:449 Cuda Alloc Size 6291456 pointer 0x14dada600000
x3004c0s25b1n0:33299:34454 [0] NCCL INFO NET/IB: Dev 0 Port 1 qpn 10812 mtu 5 GID 0 (80FE/880100FEFF000000)
x3004c0s25b1n0:33299:34454 [0] NCCL INFO transport/net_ib.cc:653 Ib Alloc Size 552 pointer 0x14696c06b000
x3004c0s25b1n0:33299:34454 [0] NCCL INFO transport/net.cc:571 Cuda Host Alloc Size 9641984 pointer 0x14695e000000
x3004c0s25b1n0:33299:34454 [0] NCCL INFO Mem Realloc old size 0, new size 768 pointer 0x14696c056050
x3004c0s25b1n0:33299:34454 [0] NCCL INFO transport/net_ib.cc:683 Ib Alloc Size 21688 pointer 0x14696c06d000
x3004c0s25b1n0:33299:34454 [0] NCCL INFO transport/net_ib.cc:696 Ib Alloc Size 552 pointer 0x14696c074000
x3004c0s25b1n0:33299:34454 [0] NCCL INFO transport/net_ib.cc:771 Ib Alloc Size 552 pointer 0x14696c090000
x3004c0s25b1n0:33299:34454 [0] NCCL INFO transport/net.cc:698 Cuda Host Alloc Size 9641984 pointer 0x14695ea00000
x3004c0s25b1n0:33306:34455 [1] NCCL INFO transport/net_ib.cc:683 Ib Alloc Size 21688 pointer 0x1553000d2000
x3004c0s25b1n0:33306:34455 [1] NCCL INFO transport/net_ib.cc:696 Ib Alloc Size 552 pointer 0x155300019000
x3004c0s25b1n0:33306:34455 [1] NCCL INFO transport/net_ib.cc:771 Ib Alloc Size 552 pointer 0x1553000f2000
x3004c0s25b1n0:33306:34455 [1] NCCL INFO transport/net.cc:698 Cuda Host Alloc Size 9641984 pointer 0x1552f2000000
x3004c0s25b1n0:33308:34294 [2] NCCL INFO Channel 00/0 : 14[85000] -> 13[46000] via P2P/IPC/read
x3004c0s25b1n0:33308:34456 [2] NCCL INFO New proxy send connection 16 from local rank 2, transport 0
x3004c0s25b1n0:33306:34455 [1] NCCL INFO transport/net_ib.cc:683 Ib Alloc Size 21688 pointer 0x1553000f4000
x3004c0s25b1n0:33306:34455 [1] NCCL INFO transport/net_ib.cc:696 Ib Alloc Size 552 pointer 0x1553000fb000
x3004c0s25b1n0:33299:34454 [0] NCCL INFO transport/net_ib.cc:683 Ib Alloc Size 21688 pointer 0x14696c092000
x3004c0s25b1n0:33299:34454 [0] NCCL INFO transport/net_ib.cc:696 Ib Alloc Size 552 pointer 0x14696c099000
x3004c0s25b1n0:33299:34454 [0] NCCL INFO transport/net_ib.cc:771 Ib Alloc Size 552 pointer 0x14696c0b4000
x3004c0s25b1n0:33299:34454 [0] NCCL INFO transport/net.cc:698 Cuda Host Alloc Size 9641984 pointer 0x14695f400000
x3004c0s25b1n0:33308:34294 [2] NCCL INFO Connection to proxy localRank 2 -> connection 0x14dae4001080
x3004c0s25b1n0:33308:34456 [2] NCCL INFO transport/p2p.cc:430 Cuda Alloc Size 6291456 pointer 0x14dadac00000
x3004c0s25b1n0:33299:34295 [0] NCCL INFO GPU Direct RDMA Disabled for GPU 7000 / HCA 1 (distance 7 > 4)
x3004c0s25b1n0:33299:34454 [0] NCCL INFO New proxy send connection 16 from local rank 0, transport 2
x3004c0s25b1n0:33306:34455 [1] NCCL INFO transport/net_ib.cc:771 Ib Alloc Size 552 pointer 0x155300116000
x3004c0s25b1n0:33306:34455 [1] NCCL INFO transport/net.cc:698 Cuda Host Alloc Size 9641984 pointer 0x1552f2a00000
x3004c0s25b1n0:33308:34294 [2] NCCL INFO Channel 01/0 : 14[85000] -> 13[46000] via P2P/IPC/read
x3004c0s25b1n0:33308:34456 [2] NCCL INFO New proxy send connection 17 from local rank 2, transport 0
x3004c0s25b1n0:33306:34297 [1] NCCL INFO GPU Direct RDMA Disabled for GPU 46000 / HCA 1 (distance 6 > 4)
x3004c0s25b1n0:33306:34455 [1] NCCL INFO New proxy send connection 18 from local rank 1, transport 2
x3004c0s25b1n0:33299:34295 [0] NCCL INFO Connection to proxy localRank 0 -> connection 0x14696c001080
x3004c0s25b1n0:33299:34295 [0] NCCL INFO Channel 02/0 : 12[7000] -> 1[46000] [send] via NET/IB/1
x3004c0s25b1n0:33299:34295 [0] NCCL INFO GPU Direct RDMA Disabled for GPU 7000 / HCA 0 (distance 7 > 4)
x3004c0s25b1n0:33299:34454 [0] NCCL INFO New proxy send connection 17 from local rank 0, transport 2
x3004c0s25b1n0:33306:34297 [1] NCCL INFO Connection to proxy localRank 1 -> connection 0x155300001100
x3004c0s25b1n0:33306:34297 [1] NCCL INFO Channel 02/0 : 13[46000] -> 8[7000] [send] via NET/IB/1
x3004c0s25b1n0:33306:34297 [1] NCCL INFO GPU Direct RDMA Disabled for GPU 46000 / HCA 0 (distance 7 > 4)
x3004c0s25b1n0:33306:34455 [1] NCCL INFO New proxy send connection 19 from local rank 1, transport 2
x3004c0s25b1n0:33308:34294 [2] NCCL INFO Connection to proxy localRank 2 -> connection 0x14dae40010c0
x3004c0s25b1n0:33308:34456 [2] NCCL INFO transport/p2p.cc:430 Cuda Alloc Size 6291456 pointer 0x14dadb200000
x3004c0s25b1n0:33299:34295 [0] NCCL INFO Connection to proxy localRank 0 -> connection 0x14696c0010c0
x3004c0s25b1n0:33299:34295 [0] NCCL INFO Channel 03/0 : 12[7000] -> 1[46000] [send] via NET/IB/0
x3004c0s25b1n0:33299:34454 [0] NCCL INFO transport/net_ib.cc:596 Ib Alloc Size 26560 pointer 0x14696c0be000
x3004c0s25b1n0:33306:34297 [1] NCCL INFO Connection to proxy localRank 1 -> connection 0x155300001140
x3004c0s25b1n0:33306:34297 [1] NCCL INFO Channel 03/0 : 13[46000] -> 8[7000] [send] via NET/IB/0
x3004c0s25b1n0:33299:34454 [0] NCCL INFO NET/IB: Dev 1 Port 1 qpn 11062 mtu 5 GID 0 (80FE/DA0100FEFF000000)
x3004c0s25b1n0:33299:34454 [0] NCCL INFO transport/net_ib.cc:653 Ib Alloc Size 552 pointer 0x14696c0d5000
x3004c0s25b1n0:33299:34454 [0] NCCL INFO transport/net.cc:571 Cuda Host Alloc Size 9641984 pointer 0x14695c000000
x3004c0s25b1n0:33308:34294 [2] NCCL INFO Channel 02/0 : 14[85000] -> 13[46000] via P2P/IPC/read
x3004c0s25b1n0:33308:34456 [2] NCCL INFO New proxy send connection 18 from local rank 2, transport 0
x3004c0s25b1n0:33299:34454 [0] NCCL INFO transport/net_ib.cc:596 Ib Alloc Size 26560 pointer 0x14696c0d7000
x3004c0s25b1n0:33308:34294 [2] NCCL INFO Connection to proxy localRank 2 -> connection 0x14dae4001100
x3004c0s25b1n0:33308:34456 [2] NCCL INFO transport/p2p.cc:430 Cuda Alloc Size 6291456 pointer 0x14dadb800000
x3004c0s25b1n0:33299:34454 [0] NCCL INFO NET/IB: Dev 0 Port 1 qpn 10817 mtu 5 GID 0 (80FE/880100FEFF000000)
x3004c0s25b1n0:33299:34454 [0] NCCL INFO transport/net_ib.cc:653 Ib Alloc Size 552 pointer 0x14696c0ee000
x3004c0s25b1n0:33299:34454 [0] NCCL INFO transport/net.cc:571 Cuda Host Alloc Size 9641984 pointer 0x14695ca00000
x3004c0s25b1n0:33308:34294 [2] NCCL INFO Channel 03/0 : 14[85000] -> 13[46000] via P2P/IPC/read
x3004c0s25b1n0:33308:34456 [2] NCCL INFO New proxy send connection 19 from local rank 2, transport 0
x3004c0s25b1n0:33299:34295 [0] NCCL INFO GPU Direct RDMA Disabled for GPU 7000 / HCA 1 (distance 7 > 4)
x3004c0s25b1n0:33299:34454 [0] NCCL INFO New proxy recv connection 18 from local rank 0, transport 2
x3004c0s25b1n0:33308:34294 [2] NCCL INFO Connection to proxy localRank 2 -> connection 0x14dae4001140
x3004c0s25b1n0:33308:34456 [2] NCCL INFO transport/p2p.cc:430 Cuda Alloc Size 6291456 pointer 0x14dad8000000
x3004c0s25b1n0:33299:34295 [0] NCCL INFO Connection to proxy localRank 0 -> connection 0x14696c001100
x3004c0s25b1n0:33313:34293 [3] NCCL INFO Connected all trees by HAO
x3004c0s25b1n0:33313:34293 [3] NCCL INFO threadThresholds 8/8/64 | 160/8/64 | 512 | 512
x3004c0s25b1n0:33313:34293 [3] NCCL INFO 4 coll channels, 4 p2p channels, 2 p2p channels per peer
x3004c0s25b1n0:33313:34462 [3] NCCL INFO New proxy send connection 12 from local rank 3, transport 2
x3004c0s25b1n0:33299:34295 [0] NCCL INFO Channel 02/0 : 1[46000] -> 12[7000] [receive] via NET/IB/1
x3004c0s25b1n0:33299:34295 [0] NCCL INFO GPU Direct RDMA Disabled for GPU 7000 / HCA 0 (distance 7 > 4)
x3004c0s25b1n0:33299:34454 [0] NCCL INFO New proxy recv connection 19 from local rank 0, transport 2
x3004c0s25b1n0:33313:34293 [3] NCCL INFO Connection to proxy localRank 3 -> connection 0x147030000f80
x3004c0s25b1n0:33313:34462 [3] NCCL INFO transport/net.cc:376 Cuda Alloc Size 8388608 pointer 0x147080800000
x3004c0s25b1n0:33299:34295 [0] NCCL INFO Connection to proxy localRank 0 -> connection 0x14696c001140
x3004c0s25b1n0:33299:34295 [0] NCCL INFO Channel 03/0 : 1[46000] -> 12[7000] [receive] via NET/IB/0
x3004c0s25b1n0:33299:34454 [0] NCCL INFO transport/net_ib.cc:683 Ib Alloc Size 21688 pointer 0x14696c0fa000
x3004c0s25b1n0:33299:34454 [0] NCCL INFO transport/net_ib.cc:696 Ib Alloc Size 552 pointer 0x14696c101000
x3004c0s25b1n0:33299:34454 [0] NCCL INFO transport/net_ib.cc:771 Ib Alloc Size 552 pointer 0x14696c11d000
x3004c0s25b1n0:33299:34454 [0] NCCL INFO transport/net.cc:698 Cuda Host Alloc Size 9641984 pointer 0x14695d400000
x3004c0s25b1n0:33299:34454 [0] NCCL INFO transport/net_ib.cc:683 Ib Alloc Size 21688 pointer 0x14696c11f000
x3004c0s25b1n0:33299:34454 [0] NCCL INFO transport/net_ib.cc:696 Ib Alloc Size 552 pointer 0x14696c126000
x3004c0s25b1n0:33299:34454 [0] NCCL INFO transport/net_ib.cc:771 Ib Alloc Size 552 pointer 0x14696c141000
x3004c0s25b1n0:33299:34454 [0] NCCL INFO transport/net.cc:698 Cuda Host Alloc Size 9641984 pointer 0x14695a000000
x3004c0s25b1n0:33299:34295 [0] NCCL INFO GPU Direct RDMA Disabled for GPU 7000 / HCA 1 (distance 7 > 4)
x3004c0s25b1n0:33299:34454 [0] NCCL INFO New proxy recv connection 20 from local rank 0, transport 2
x3004c0s25b1n0:33299:34295 [0] NCCL INFO Connection to proxy localRank 0 -> connection 0x14696c001180
x3004c0s25b1n0:33299:34295 [0] NCCL INFO Channel 02/0 : 16[7000] -> 12[7000] [receive] via NET/IB/1
x3004c0s25b1n0:33299:34295 [0] NCCL INFO GPU Direct RDMA Disabled for GPU 7000 / HCA 0 (distance 7 > 4)
x3004c0s25b1n0:33299:34454 [0] NCCL INFO New proxy recv connection 21 from local rank 0, transport 2
x3004c0s25b1n0:33299:34295 [0] NCCL INFO Connection to proxy localRank 0 -> connection 0x14696c0011c0
x3004c0s25b1n0:33299:34295 [0] NCCL INFO Channel 03/0 : 16[7000] -> 12[7000] [receive] via NET/IB/0
x3004c0s25b1n0:33299:34295 [0] NCCL INFO GPU Direct RDMA Disabled for GPU 7000 / HCA 1 (distance 7 > 4)
x3004c0s25b1n0:33299:34454 [0] NCCL INFO New proxy send connection 22 from local rank 0, transport 2
x3004c0s25b1n0:33299:34295 [0] NCCL INFO Connection to proxy localRank 0 -> connection 0x14696c001200
x3004c0s25b1n0:33299:34295 [0] NCCL INFO Channel 00/0 : 12[7000] -> 8[7000] [send] via NET/IB/1
x3004c0s25b1n0:33299:34295 [0] NCCL INFO GPU Direct RDMA Disabled for GPU 7000 / HCA 0 (distance 7 > 4)
x3004c0s25b1n0:33299:34454 [0] NCCL INFO New proxy send connection 23 from local rank 0, transport 2
x3004c0s25b1n0:33306:34455 [1] NCCL INFO transport/net_ib.cc:596 Ib Alloc Size 26560 pointer 0x155300122000
x3004c0s25b1n0:33306:34455 [1] NCCL INFO NET/IB: Dev 1 Port 1 qpn 11065 mtu 5 GID 0 (80FE/DA0100FEFF000000)
x3004c0s25b1n0:33306:34455 [1] NCCL INFO transport/net_ib.cc:653 Ib Alloc Size 552 pointer 0x155300139000
x3004c0s25b1n0:33306:34455 [1] NCCL INFO transport/net.cc:571 Cuda Host Alloc Size 9641984 pointer 0x1552f3400000
x3004c0s25b1n0:33306:34455 [1] NCCL INFO transport/net_ib.cc:596 Ib Alloc Size 26560 pointer 0x15530013b000
x3004c0s25b1n0:33306:34455 [1] NCCL INFO NET/IB: Dev 0 Port 1 qpn 10820 mtu 5 GID 0 (80FE/880100FEFF000000)
x3004c0s25b1n0:33306:34455 [1] NCCL INFO transport/net_ib.cc:653 Ib Alloc Size 552 pointer 0x155300152000
x3004c0s25b1n0:33306:34455 [1] NCCL INFO transport/net.cc:571 Cuda Host Alloc Size 9641984 pointer 0x1552f0000000
x3004c0s25b1n0:33299:34295 [0] NCCL INFO Connection to proxy localRank 0 -> connection 0x14696c001240
x3004c0s25b1n0:33299:34295 [0] NCCL INFO Channel 01/0 : 12[7000] -> 8[7000] [send] via NET/IB/0
x3004c0s25b1n0:33306:34455 [1] NCCL INFO New proxy recv connection 20 from local rank 1, transport 0
x3004c0s25b1n0:33306:34297 [1] NCCL INFO Connection to proxy localRank 1 -> connection 0x155300001180
x3004c0s25b1n0:33306:34455 [1] NCCL INFO transport/p2p.cc:449 Cuda Alloc Size 6291456 pointer 0x1552f0a00000
x3004c0s25b1n0:33306:34455 [1] NCCL INFO New proxy recv connection 21 from local rank 1, transport 0
x3004c0s25b1n0:33306:34297 [1] NCCL INFO Connection to proxy localRank 1 -> connection 0x1553000011c0
x3004c0s25b1n0:33306:34455 [1] NCCL INFO transport/p2p.cc:449 Cuda Alloc Size 6291456 pointer 0x1552f1000000
x3004c0s25b1n0:33306:34455 [1] NCCL INFO New proxy recv connection 22 from local rank 1, transport 0
x3004c0s25b1n0:33306:34297 [1] NCCL INFO Connection to proxy localRank 1 -> connection 0x155300001200
x3004c0s25b1n0:33306:34455 [1] NCCL INFO transport/p2p.cc:449 Cuda Alloc Size 6291456 pointer 0x1552f1600000
x3004c0s25b1n0:33299:34454 [0] NCCL INFO transport/net_ib.cc:596 Ib Alloc Size 26560 pointer 0x14696c157000
x3004c0s25b1n0:33299:34454 [0] NCCL INFO NET/IB: Dev 1 Port 1 qpn 11066 mtu 5 GID 0 (80FE/DA0100FEFF000000)
x3004c0s25b1n0:33299:34454 [0] NCCL INFO transport/net_ib.cc:653 Ib Alloc Size 552 pointer 0x14696c16e000
x3004c0s25b1n0:33299:34454 [0] NCCL INFO transport/net.cc:571 Cuda Host Alloc Size 9641984 pointer 0x14695aa00000
x3004c0s25b1n0:33299:34454 [0] NCCL INFO transport/net_ib.cc:596 Ib Alloc Size 26560 pointer 0x14696c170000
x3004c0s25b1n0:33299:34454 [0] NCCL INFO NET/IB: Dev 0 Port 1 qpn 10821 mtu 5 GID 0 (80FE/880100FEFF000000)
x3004c0s25b1n0:33299:34454 [0] NCCL INFO transport/net_ib.cc:653 Ib Alloc Size 552 pointer 0x14696c187000
x3004c0s25b1n0:33299:34454 [0] NCCL INFO transport/net.cc:571 Cuda Host Alloc Size 9641984 pointer 0x14695b400000
x3004c0s25b1n0:33306:34455 [1] NCCL INFO New proxy recv connection 23 from local rank 1, transport 0
x3004c0s25b1n0:33306:34297 [1] NCCL INFO Connection to proxy localRank 1 -> connection 0x155300001240
x3004c0s25b1n0:33306:34455 [1] NCCL INFO transport/p2p.cc:449 Cuda Alloc Size 6291456 pointer 0x1552ee000000
x3004c0s25b1n0:33306:34297 [1] NCCL INFO Connected all trees by HAO
x3004c0s25b1n0:33306:34297 [1] NCCL INFO threadThresholds 8/8/64 | 160/8/64 | 512 | 512
x3004c0s25b1n0:33306:34297 [1] NCCL INFO 4 coll channels, 4 p2p channels, 2 p2p channels per peer
x3004c0s25b1n0:33308:34294 [2] NCCL INFO Connected all trees by HAO
x3004c0s25b1n0:33308:34294 [2] NCCL INFO threadThresholds 8/8/64 | 160/8/64 | 512 | 512
x3004c0s25b1n0:33308:34294 [2] NCCL INFO 4 coll channels, 4 p2p channels, 2 p2p channels per peer
x3004c0s25b1n0:33308:34456 [2] NCCL INFO Allocated 4194656 bytes of shared memory in /dev/shm/nccl-H7cK5N

x3004c0s25b1n0:33308:34456 [2] NCCL INFO New proxy send connection 20 from local rank 2, transport 2
x3004c0s25b1n0:33306:34455 [1] NCCL INFO New proxy send connection 24 from local rank 1, transport 2
x3004c0s25b1n0:33299:34454 [0] NCCL INFO transport/net_ib.cc:683 Ib Alloc Size 21688 pointer 0x14696c189000
x3004c0s25b1n0:33299:34454 [0] NCCL INFO transport/net_ib.cc:696 Ib Alloc Size 552 pointer 0x14696c190000
x3004c0s25b1n0:33299:34454 [0] NCCL INFO transport/net_ib.cc:771 Ib Alloc Size 552 pointer 0x14696c1ab000
x3004c0s25b1n0:33299:34454 [0] NCCL INFO transport/net.cc:698 Cuda Host Alloc Size 9641984 pointer 0x146958000000
x3004c0s25b1n0:33308:34294 [2] NCCL INFO Connection to proxy localRank 2 -> connection 0x14dae4001180
x3004c0s25b1n0:33308:34456 [2] NCCL INFO transport/net.cc:376 Cuda Alloc Size 8388608 pointer 0x14dad7800000
x3004c0s25b1n0:33299:34454 [0] NCCL INFO transport/net_ib.cc:683 Ib Alloc Size 21688 pointer 0x14696c1ad000
x3004c0s25b1n0:33299:34454 [0] NCCL INFO transport/net_ib.cc:696 Ib Alloc Size 552 pointer 0x14696c1b4000
x3004c0s25b1n0:33306:34297 [1] NCCL INFO Connection to proxy localRank 1 -> connection 0x155300001280
x3004c0s25b1n0:33306:34455 [1] NCCL INFO transport/net.cc:376 Cuda Alloc Size 8388608 pointer 0x1552ec000000
x3004c0s25b1n0:33299:34454 [0] NCCL INFO transport/net_ib.cc:771 Ib Alloc Size 552 pointer 0x14696c1cf000
x3004c0s25b1n0:33299:34454 [0] NCCL INFO transport/net.cc:698 Cuda Host Alloc Size 9641984 pointer 0x146958a00000
x3004c0s25b1n0:33299:34295 [0] NCCL INFO Connected all trees by HAO
x3004c0s25b1n0:33299:34295 [0] NCCL INFO threadThresholds 8/8/64 | 160/8/64 | 512 | 512
x3004c0s25b1n0:33299:34295 [0] NCCL INFO 4 coll channels, 4 p2p channels, 2 p2p channels per peer
x3004c0s25b1n0:33299:34454 [0] NCCL INFO New proxy send connection 24 from local rank 0, transport 2
x3004c0s25b1n0:33299:34295 [0] NCCL INFO Connection to proxy localRank 0 -> connection 0x14696c001280
x3004c0s25b1n0:33299:34295 [0] NCCL INFO init.cc:367 Cuda Alloc Size 5168 pointer 0x14697b808800
x3004c0s25b1n0:33308:34294 [2] NCCL INFO init.cc:367 Cuda Alloc Size 5168 pointer 0x14daf1808800
x3004c0s25b1n0:33306:34297 [1] NCCL INFO init.cc:367 Cuda Alloc Size 5168 pointer 0x15530f808800
x3004c0s25b1n0:33313:34293 [3] NCCL INFO init.cc:367 Cuda Alloc Size 5168 pointer 0x147077e08800
x3004c0s25b1n0:33313:34293 [3] NCCL INFO init.cc:392 Cuda Host Alloc Size 33554432 pointer 0x147081000000
x3004c0s25b1n0:33313:34293 [3] NCCL INFO init.cc:398 Cuda Host Alloc Size 128 pointer 0x147077400200
x3004c0s25b1n0:33313:34293 [3] NCCL INFO comm 0x55dd840ba440 rank 15 nranks 20 cudaDev 3 busId c7000 - Init COMPLETE
x3004c0s25b1n0:33308:34294 [2] NCCL INFO init.cc:392 Cuda Host Alloc Size 33554432 pointer 0x14dace000000
x3004c0s25b1n0:33308:34294 [2] NCCL INFO init.cc:398 Cuda Host Alloc Size 128 pointer 0x14daf0e00200
x3004c0s25b1n0:33308:34294 [2] NCCL INFO comm 0x55c9142e8130 rank 14 nranks 20 cudaDev 2 busId 85000 - Init COMPLETE
x3004c0s25b1n0:33306:34297 [1] NCCL INFO init.cc:392 Cuda Host Alloc Size 33554432 pointer 0x1552ea000000
x3004c0s25b1n0:33306:34297 [1] NCCL INFO init.cc:398 Cuda Host Alloc Size 128 pointer 0x15530ee00200
x3004c0s25b1n0:33306:34297 [1] NCCL INFO comm 0x55cd8bc2de70 rank 13 nranks 20 cudaDev 1 busId 46000 - Init COMPLETE
x3004c0s25b1n0:33299:34295 [0] NCCL INFO init.cc:392 Cuda Host Alloc Size 33554432 pointer 0x146956000000
x3004c0s25b1n0:33299:34295 [0] NCCL INFO init.cc:398 Cuda Host Alloc Size 128 pointer 0x14697ae00200
x3004c0s25b1n0:33299:34295 [0] NCCL INFO comm 0x555bf792b0b0 rank 12 nranks 20 cudaDev 0 busId 7000 - Init COMPLETE
x3004c0s25b1n0:33299:34454 [0] NCCL INFO transport/net.cc:376 Cuda Alloc Size 8388608 pointer 0x146959400000
x3004c0s25b1n0:33299:33299 [0] NCCL INFO AllReduce: opCount 0 sendbuff 0x1469bd600200 recvbuff 0x1469bd600200 count 1 datatype 1 op 0 root 0 comm 0x555bf792b0b0 [nranks=20] stream 0x555c0f229fd0
x3004c0s25b1n0:33299:33299 [0] NCCL INFO misc/utils.cc:235 memory stack hunk malloc(65536)
[LYD INFO in ncclLaunchKernel (enqueue.cc)] NCHANNELS is: 4x3004c0s25b1n0:33306:33306 [1] NCCL INFO AllReduce: opCount 0 sendbuff 0x15534f600200 recvbuff 0x15534f600200 count 1 datatype 1 op 0 root 0 comm 0x55cd8bc2de70 [nranks=20] stream 0x55cda4262dc0
x3004c0s25b1n0:33306:33306 [1] NCCL INFO misc/utils.cc:235 memory stack hunk malloc(65536)
[LYD INFO in ncclLaunchKernel (enqueue.cc)] NCHANNELS is: 4x3004c0s25b1n0:33313:33313 [3] NCCL INFO AllReduce: opCount 0 sendbuff 0x147072a00200 recvbuff 0x147072a00200 count 1 datatype 1 op 0 root 0 comm 0x55dd840ba440 [nranks=20] stream 0x55dd9affd960
x3004c0s25b1n0:33313:33313 [3] NCCL INFO misc/utils.cc:235 memory stack hunk malloc(65536)
[LYD INFO in ncclLaunchKernel (enqueue.cc)] NCHANNELS is: 4x3004c0s25b1n0:33308:33308 [2] NCCL INFO AllReduce: opCount 0 sendbuff 0x14db2f600200 recvbuff 0x14db2f600200 count 1 datatype 1 op 0 root 0 comm 0x55c9142e8130 [nranks=20] stream 0x55c9341a6510
x3004c0s25b1n0:33308:33308 [2] NCCL INFO misc/utils.cc:235 memory stack hunk malloc(65536)
[LYD INFO in ncclLaunchKernel (enqueue.cc)] NCHANNELS is: 4
[LYD INFO in NCCL_KERN_NAME (common.h)] 15 AllReduce TREE LL Sum uint8_t Elapsed time: 56482 us

[LYD INFO in NCCL_KERN_NAME (common.h)] 14 AllReduce TREE LL Sum uint8_t Elapsed time: 34349 us

[LYD INFO in NCCL_KERN_NAME (common.h)] 13 AllReduce TREE LL Sum uint8_t Elapsed time: 65158 us

[LYD INFO in NCCL_KERN_NAME (common.h)] 12 AllReduce TREE LL Sum uint8_t Elapsed time: 85171 us
x3004c0s25b1n0:33313:33313 [3] NCCL INFO AllReduce: opCount 1 sendbuff 0x147072a00000 recvbuff 0x147072a00000 count 1 datatype 1 op 0 root 0 comm 0x55dd840ba440 [nranks=20] stream 0x55dd9affd960
[LYD INFO in ncclLaunchKernel (enqueue.cc)] NCHANNELS is: 4x3004c0s25b1n0:33308:33308 [2] NCCL INFO AllReduce: opCount 1 sendbuff 0x14db2f600000 recvbuff 0x14db2f600000 count 1 datatype 1 op 0 root 0 comm 0x55c9142e8130 [nranks=20] stream 0x55c9341a6510
[LYD INFO in ncclLaunchKernel (enqueue.cc)] NCHANNELS is: 4x3004c0s25b1n0:33299:33299 [0] NCCL INFO AllReduce: opCount 1 sendbuff 0x1469bd600000 recvbuff 0x1469bd600000 count 1 datatype 1 op 0 root 0 comm 0x555bf792b0b0 [nranks=20] stream 0x555c0f229fd0
[LYD INFO in ncclLaunchKernel (enqueue.cc)] NCHANNELS is: 4x3004c0s25b1n0:33306:33306 [1] NCCL INFO AllReduce: opCount 1 sendbuff 0x15534f600000 recvbuff 0x15534f600000 count 1 datatype 1 op 0 root 0 comm 0x55cd8bc2de70 [nranks=20] stream 0x55cda4262dc0
[LYD INFO in ncclLaunchKernel (enqueue.cc)] NCHANNELS is: 4
[LYD INFO in NCCL_KERN_NAME (common.h)] 13 AllReduce TREE LL Sum uint8_t Elapsed time: 14216 us

[LYD INFO in NCCL_KERN_NAME (common.h)] 14 AllReduce TREE LL Sum uint8_t Elapsed time: 11439724 us

[LYD INFO in NCCL_KERN_NAME (common.h)] 15 AllReduce TREE LL Sum uint8_t Elapsed time: 13494125 us

[LYD INFO in NCCL_KERN_NAME (common.h)] 12 AllReduce TREE LL Sum uint8_t Elapsed time: 1964775 us
x3004c0s25b1n0:33306:33306 [1] NCCL INFO AllReduce: opCount 2 sendbuff 0x15534f600000 recvbuff 0x15534f600000 count 1 datatype 8 op 3 root 0 comm 0x55cd8bc2de70 [nranks=20] stream 0x55cda4262dc0
[LYD INFO in ncclLaunchKernel (enqueue.cc)] NCHANNELS is: 4x3004c0s25b1n0:33313:33313 [3] NCCL INFO AllReduce: opCount 2 sendbuff 0x147072a00000 recvbuff 0x147072a00000 count 1 datatype 8 op 3 root 0 comm 0x55dd840ba440 [nranks=20] stream 0x55dd9affd960
[LYD INFO in ncclLaunchKernel (enqueue.cc)] NCHANNELS is: 4x3004c0s25b1n0:33308:33308 [2] NCCL INFO AllReduce: opCount 2 sendbuff 0x14db2f600000 recvbuff 0x14db2f600000 count 1 datatype 8 op 3 root 0 comm 0x55c9142e8130 [nranks=20] stream 0x55c9341a6510
[LYD INFO in ncclLaunchKernel (enqueue.cc)] NCHANNELS is: 4x3004c0s25b1n0:33299:33299 [0] NCCL INFO AllReduce: opCount 2 sendbuff 0x1469bd600000 recvbuff 0x1469bd600000 count 1 datatype 8 op 3 root 0 comm 0x555bf792b0b0 [nranks=20] stream 0x555c0f229fd0
[LYD INFO in ncclLaunchKernel (enqueue.cc)] NCHANNELS is: 4
[LYD INFO in NCCL_FUNC_NAME (common.h)] 15 AllReduce TREE LL Min double Elapsed time: 5 us

[LYD INFO in NCCL_KERN_NAME (common.h)] 15 AllReduce TREE LL Sum double Elapsed time: 44939 us
x3004c0s25b1n0:33313:33313 [3] NCCL INFO AllReduce: opCount 3 sendbuff 0x147072a00200 recvbuff 0x147072a00200 count 1 datatype 1 op 0 root 0 comm 0x55dd840ba440 [nranks=20] stream 0x55dd9affd960
[LYD INFO in ncclLaunchKernel (enqueue.cc)] NCHANNELS is: 4
[LYD INFO in NCCL_FUNC_NAME (common.h)] 13 AllReduce TREE LL Min double Elapsed time: 23922 us

[LYD INFO in NCCL_KERN_NAME (common.h)] 13 AllReduce TREE LL Sum double Elapsed time: 61919 us
x3004c0s25b1n0:33306:33306 [1] NCCL INFO AllReduce: opCount 3 sendbuff 0x15534f600200 recvbuff 0x15534f600200 count 1 datatype 1 op 0 root 0 comm 0x55cd8bc2de70 [nranks=20] stream 0x55cda4262dc0
[LYD INFO in ncclLaunchKernel (enqueue.cc)] NCHANNELS is: 4
[LYD INFO in NCCL_FUNC_NAME (common.h)] 12 AllReduce TREE LL Min double Elapsed time: 8 us

[LYD INFO in NCCL_KERN_NAME (common.h)] 12 AllReduce TREE LL Sum double Elapsed time: 25372 us
x3004c0s25b1n0:33299:33299 [0] NCCL INFO AllReduce: opCount 3 sendbuff 0x1469bd600200 recvbuff 0x1469bd600200 count 1 datatype 1 op 0 root 0 comm 0x555bf792b0b0 [nranks=20] stream 0x555c0f229fd0
[LYD INFO in ncclLaunchKernel (enqueue.cc)] NCHANNELS is: 4
[LYD INFO in NCCL_FUNC_NAME (common.h)] 14 AllReduce TREE LL Min double Elapsed time: 6 us

[LYD INFO in NCCL_KERN_NAME (common.h)] 14 AllReduce TREE LL Sum double Elapsed time: 38005 us
x3004c0s25b1n0:33308:33308 [2] NCCL INFO AllReduce: opCount 3 sendbuff 0x14db2f600200 recvbuff 0x14db2f600200 count 1 datatype 1 op 0 root 0 comm 0x55c9142e8130 [nranks=20] stream 0x55c9341a6510
[LYD INFO in ncclLaunchKernel (enqueue.cc)] NCHANNELS is: 4
[LYD INFO in NCCL_KERN_NAME (common.h)] 15 AllReduce TREE LL Sum uint8_t Elapsed time: 52483 us

[LYD INFO in NCCL_KERN_NAME (common.h)] 14 AllReduce TREE LL Sum uint8_t Elapsed time: 33057 us

[LYD INFO in NCCL_KERN_NAME (common.h)] 13 AllReduce TREE LL Sum uint8_t Elapsed time: 55778 us
 > number of parameters on (tensor, pipeline) model parallel rank (0, 13): 39354880
x3004c0s25b1n0:33306:33306 [1] NCCL INFO AllReduce: opCount 4 sendbuff 0x15534f600400 recvbuff 0x15534f600400 count 1 datatype 1 op 0 root 0 comm 0x55cd8bc2de70 [nranks=20] stream 0x55cda4262dc0
[LYD INFO in ncclLaunchKernel (enqueue.cc)] NCHANNELS is: 4 > number of parameters on (tensor, pipeline) model parallel rank (0, 14): 39354880
x3004c0s25b1n0:33308:33308 [2] NCCL INFO AllReduce: opCount 4 sendbuff 0x14db2f600400 recvbuff 0x14db2f600400 count 1 datatype 1 op 0 root 0 comm 0x55c9142e8130 [nranks=20] stream 0x55c9341a6510
[LYD INFO in ncclLaunchKernel (enqueue.cc)] NCHANNELS is: 4 > number of parameters on (tensor, pipeline) model parallel rank (0, 15): 39354880

[LYD INFO in NCCL_KERN_NAME (common.h)] 12 AllReduce TREE LL Sum uint8_t Elapsed time: 39392 us
 > number of parameters on (tensor, pipeline) model parallel rank (0, 12): 39354880
x3004c0s25b1n0:33313:33313 [3] NCCL INFO AllReduce: opCount 4 sendbuff 0x147072a00400 recvbuff 0x147072a00400 count 1 datatype 1 op 0 root 0 comm 0x55dd840ba440 [nranks=20] stream 0x55dd9affd960
[LYD INFO in ncclLaunchKernel (enqueue.cc)] NCHANNELS is: 4x3004c0s25b1n0:33299:33299 [0] NCCL INFO AllReduce: opCount 4 sendbuff 0x1469bd600400 recvbuff 0x1469bd600400 count 1 datatype 1 op 0 root 0 comm 0x555bf792b0b0 [nranks=20] stream 0x555c0f229fd0
[LYD INFO in ncclLaunchKernel (enqueue.cc)] NCHANNELS is: 4
[LYD INFO in NCCL_KERN_NAME (common.h)] 15 AllReduce TREE LL Sum uint8_t Elapsed time: 1725917 us
x3004c0s25b1n0:33313:33313 [3] NCCL INFO AllReduce: opCount 5 sendbuff 0x147072a15200 recvbuff 0x147072a15200 count 1 datatype 1 op 0 root 0 comm 0x55dd840ba440 [nranks=20] stream 0x55dd9affd960
[LYD INFO in ncclLaunchKernel (enqueue.cc)] NCHANNELS is: 4
[LYD INFO in NCCL_KERN_NAME (common.h)] 14 AllReduce TREE LL Sum uint8_t Elapsed time: 1742473 us
x3004c0s25b1n0:33308:33308 [2] NCCL INFO AllReduce: opCount 5 sendbuff 0x14db2f615200 recvbuff 0x14db2f615200 count 1 datatype 1 op 0 root 0 comm 0x55c9142e8130 [nranks=20] stream 0x55c9341a6510
[LYD INFO in ncclLaunchKernel (enqueue.cc)] NCHANNELS is: 4
[LYD INFO in NCCL_KERN_NAME (common.h)] 12 AllReduce TREE LL Sum uint8_t Elapsed time: 1705769 us
x3004c0s25b1n0:33299:33299 [0] NCCL INFO AllReduce: opCount 5 sendbuff 0x1469bd615200 recvbuff 0x1469bd615200 count 1 datatype 1 op 0 root 0 comm 0x555bf792b0b0 [nranks=20] stream 0x555c0f229fd0
[LYD INFO in ncclLaunchKernel (enqueue.cc)] NCHANNELS is: 4
[LYD INFO in NCCL_KERN_NAME (common.h)] 13 AllReduce TREE LL Sum uint8_t Elapsed time: 1780938 us
x3004c0s25b1n0:33306:33306 [1] NCCL INFO AllReduce: opCount 5 sendbuff 0x15534f615200 recvbuff 0x15534f615200 count 1 datatype 1 op 0 root 0 comm 0x55cd8bc2de70 [nranks=20] stream 0x55cda4262dc0
[LYD INFO in ncclLaunchKernel (enqueue.cc)] NCHANNELS is: 4
[LYD INFO in NCCL_KERN_NAME (common.h)] 12 AllReduce TREE LL Sum uint8_t Elapsed time: 55030 us
x3004c0s25b1n0:33299:33299 [0] NCCL INFO AllReduce: opCount 6 sendbuff 0x1469bd600400 recvbuff 0x1469bd600400 count 1 datatype 1 op 0 root 0 comm 0x555bf792b0b0 [nranks=20] stream 0x555c0f229fd0
[LYD INFO in ncclLaunchKernel (enqueue.cc)] NCHANNELS is: 4
[LYD INFO in NCCL_KERN_NAME (common.h)] 15 AllReduce TREE LL Sum uint8_t Elapsed time: 69080 us

[LYD INFO in NCCL_KERN_NAME (common.h)] 14 AllReduce TREE LL Sum uint8_t Elapsed time: 59036 us

[LYD INFO in NCCL_KERN_NAME (common.h)] 13 AllReduce TREE LL Sum uint8_t Elapsed time: 38285 us
x3004c0s25b1n0:33306:33306 [1] NCCL INFO AllReduce: opCount 6 sendbuff 0x15534f600400 recvbuff 0x15534f600400 count 1 datatype 1 op 0 root 0 comm 0x55cd8bc2de70 [nranks=20] stream 0x55cda4262dc0
[LYD INFO in ncclLaunchKernel (enqueue.cc)] NCHANNELS is: 4x3004c0s25b1n0:33308:33308 [2] NCCL INFO AllReduce: opCount 6 sendbuff 0x14db2f600400 recvbuff 0x14db2f600400 count 1 datatype 1 op 0 root 0 comm 0x55c9142e8130 [nranks=20] stream 0x55c9341a6510
[LYD INFO in ncclLaunchKernel (enqueue.cc)] NCHANNELS is: 4x3004c0s25b1n0:33313:33313 [3] NCCL INFO AllReduce: opCount 6 sendbuff 0x147072a00400 recvbuff 0x147072a00400 count 1 datatype 1 op 0 root 0 comm 0x55dd840ba440 [nranks=20] stream 0x55dd9affd960
[LYD INFO in ncclLaunchKernel (enqueue.cc)] NCHANNELS is: 4
[LYD INFO in NCCL_KERN_NAME (common.h)] 12 AllReduce TREE LL Sum uint8_t Elapsed time: 179789 us

[LYD INFO in NCCL_KERN_NAME (common.h)] 13 AllReduce TREE LL Sum uint8_t Elapsed time: 167167 us

[LYD INFO in NCCL_KERN_NAME (common.h)] 15 AllReduce TREE LL Sum uint8_t Elapsed time: 89501 us
NCCL version 2.14.3+cuda11.8
x3004c0s25b1n0:33299:33299 [0] NCCL INFO init.cc:1147 Cuda Host Alloc Size 4 pointer 0x14697ae00400
NCCL version 2.14.3+cuda11.8
x3004c0s25b1n0:33306:33306 [1] NCCL INFO init.cc:1147 Cuda Host Alloc Size 4 pointer 0x15530ee00400
NCCL version 2.14.3+cuda11.8
x3004c0s25b1n0:33313:33313 [3] NCCL INFO init.cc:1147 Cuda Host Alloc Size 4 pointer 0x147077400400

[LYD INFO in NCCL_KERN_NAME (common.h)] 14 AllReduce TREE LL Sum uint8_t Elapsed time: 146142 us
NCCL version 2.14.3+cuda11.8
x3004c0s25b1n0:33308:33308 [2] NCCL INFO init.cc:1147 Cuda Host Alloc Size 4 pointer 0x14daf0e00400
x3004c0s25b1n0:33306:36910 [1] NCCL INFO Using network IB
x3004c0s25b1n0:33299:36907 [0] NCCL INFO Using network IB
x3004c0s25b1n0:33313:36912 [3] NCCL INFO Using network IB
x3004c0s25b1n0:33308:36914 [2] NCCL INFO Using network IB
x3004c0s25b1n0:33306:36910 [1] NCCL INFO NET/IB : GPU Direct RDMA Enabled for HCA 0 'mlx5_0'
x3004c0s25b1n0:33306:36910 [1] NCCL INFO NET/IB : GPU Direct RDMA Enabled for HCA 1 'mlx5_1'
x3004c0s25b1n0:33306:36910 [1] NCCL INFO GPU Direct RDMA Disabled for GPU 46000 / HCA 1 (distance 6 > 4)
x3004c0s25b1n0:33306:36910 [1] NCCL INFO GPU Direct RDMA Disabled for GPU 46000 / HCA 0 (distance 7 > 4)
x3004c0s25b1n0:33306:36910 [1] NCCL INFO === System : maxBw 5000.0 totalBw 0.0 ===
x3004c0s25b1n0:33306:36910 [1] NCCL INFO CPU/2 (1/2/-1)
x3004c0s25b1n0:33306:36910 [1] NCCL INFO + SYS[5000.0] - CPU/0
x3004c0s25b1n0:33306:36910 [1] NCCL INFO + PCI[24.0] - PCI/44000 (11f8406811f8beef)
x3004c0s25b1n0:33306:36910 [1] NCCL INFO               + PCI[24.0] - GPU/46000 (0)
x3004c0s25b1n0:33306:36910 [1] NCCL INFO + PCI[12.0] - NIC/43000
x3004c0s25b1n0:33306:36910 [1] NCCL INFO CPU/0 (1/2/-1)
x3004c0s25b1n0:33306:36910 [1] NCCL INFO + SYS[5000.0] - CPU/2
x3004c0s25b1n0:33306:36910 [1] NCCL INFO + PCI[12.0] - NIC/C8000
x3004c0s25b1n0:33306:36910 [1] NCCL INFO ==========================================
x3004c0s25b1n0:33306:36910 [1] NCCL INFO GPU/46000 :GPU/46000 (0/5000.000000/LOC) CPU/2 (2/24.000000/PHB) CPU/0 (3/24.000000/SYS) 
x3004c0s25b1n0:33306:36910 [1] NCCL INFO Pattern 4, crossNic 0, nChannels 16, bw 44.000000/44.000000, type LOC/PIX, sameChannels 1
x3004c0s25b1n0:33306:36910 [1] NCCL INFO  0 : GPU/0
x3004c0s25b1n0:33306:36910 [1] NCCL INFO  1 : GPU/0
x3004c0s25b1n0:33306:36910 [1] NCCL INFO  2 : GPU/0
x3004c0s25b1n0:33306:36910 [1] NCCL INFO  3 : GPU/0
x3004c0s25b1n0:33306:36910 [1] NCCL INFO  4 : GPU/0
x3004c0s25b1n0:33306:36910 [1] NCCL INFO  5 : GPU/0
x3004c0s25b1n0:33306:36910 [1] NCCL INFO  6 : GPU/0
x3004c0s25b1n0:33306:36910 [1] NCCL INFO  7 : GPU/0
x3004c0s25b1n0:33306:36910 [1] NCCL INFO  8 : GPU/0
x3004c0s25b1n0:33306:36910 [1] NCCL INFO  9 : GPU/0
x3004c0s25b1n0:33306:36910 [1] NCCL INFO 10 : GPU/0
x3004c0s25b1n0:33306:36910 [1] NCCL INFO 11 : GPU/0
x3004c0s25b1n0:33306:36910 [1] NCCL INFO 12 : GPU/0
x3004c0s25b1n0:33306:36910 [1] NCCL INFO 13 : GPU/0
x3004c0s25b1n0:33306:36910 [1] NCCL INFO 14 : GPU/0
