x3204c0s25b0n0:16110:19784 [2] NCCL INFO                             + NVL[88.0] - GPU/7000
x3204c0s25b0n0:16110:19784 [2] NCCL INFO + PCI[12.0] - NIC/43000
x3204c0s25b0n0:16110:19784 [2] NCCL INFO               + NET[12.5] - NET/1 (10cf12ffffa4e988/1/12.500000)
x3204c0s25b0n0:16110:19784 [2] NCCL INFO CPU/1 (1/2/-1)
x3204c0s25b0n0:16110:19784 [2] NCCL INFO + SYS[5000.0] - CPU/3
x3204c0s25b0n0:16110:19784 [2] NCCL INFO + SYS[5000.0] - CPU/2
x3204c0s25b0n0:16110:19784 [2] NCCL INFO + SYS[5000.0] - CPU/0
x3204c0s25b0n0:16110:19784 [2] NCCL INFO + PCI[24.0] - PCI/83000 (11f8406811f8beef)
x3204c0s25b0n0:16110:19784 [2] NCCL INFO               + PCI[24.0] - GPU/85000 (18)
x3204c0s25b0n0:16110:19784 [2] NCCL INFO                             + NVL[88.0] - GPU/C7000
x3204c0s25b0n0:16110:19784 [2] NCCL INFO                             + NVL[88.0] - GPU/46000
x3204c0s25b0n0:16110:19784 [2] NCCL INFO                             + NVL[88.0] - GPU/7000
x3204c0s25b0n0:16110:19784 [2] NCCL INFO CPU/0 (1/2/-1)
x3204c0s25b0n0:16110:19784 [2] NCCL INFO + SYS[5000.0] - CPU/3
x3204c0s25b0n0:16110:19784 [2] NCCL INFO + SYS[5000.0] - CPU/2
x3204c0s25b0n0:16110:19784 [2] NCCL INFO + SYS[5000.0] - CPU/1
x3204c0s25b0n0:16110:19784 [2] NCCL INFO + PCI[24.0] - PCI/C5000 (11f8406811f8beef)
x3204c0s25b0n0:16110:19784 [2] NCCL INFO               + PCI[24.0] - GPU/C7000 (19)
x3204c0s25b0n0:16110:19784 [2] NCCL INFO                             + NVL[88.0] - GPU/85000
x3204c0s25b0n0:16110:19784 [2] NCCL INFO                             + NVL[88.0] - GPU/46000
x3204c0s25b0n0:16110:19784 [2] NCCL INFO                             + NVL[88.0] - GPU/7000
x3204c0s25b0n0:16110:19784 [2] NCCL INFO + PCI[12.0] - NIC/C8000
x3204c0s25b0n0:16110:19784 [2] NCCL INFO               + NET[12.5] - NET/0 (9ccf12ffffa4e988/1/12.500000)
x3204c0s25b0n0:16110:19784 [2] NCCL INFO ==========================================
x3204c0s25b0n0:16110:19784 [2] NCCL INFO GPU/7000 :GPU/7000 (0/5000.000000/LOC) GPU/46000 (1/88.000000/NVL) GPU/85000 (1/88.000000/NVL) GPU/C7000 (1/88.000000/NVL) CPU/3 (2/24.000000/PHB) CPU/2 (3/24.000000/SYS) CPU/1 (3/24.000000/SYS) CPU/0 (3/24.000000/SYS) NET/1 (5/12.000000/SYS) NET/0 (5/12.000000/SYS) 
x3204c0s25b0n0:16110:19784 [2] NCCL INFO GPU/46000 :GPU/7000 (1/88.000000/NVL) GPU/46000 (0/5000.000000/LOC) GPU/85000 (1/88.000000/NVL) GPU/C7000 (1/88.000000/NVL) CPU/3 (3/24.000000/SYS) CPU/2 (2/24.000000/PHB) CPU/1 (3/24.000000/SYS) CPU/0 (3/24.000000/SYS) NET/1 (4/12.000000/PHB) NET/0 (5/12.000000/SYS) 
x3204c0s25b0n0:16110:19784 [2] NCCL INFO GPU/85000 :GPU/7000 (1/88.000000/NVL) GPU/46000 (1/88.000000/NVL) GPU/85000 (0/5000.000000/LOC) GPU/C7000 (1/88.000000/NVL) CPU/3 (3/24.000000/SYS) CPU/2 (3/24.000000/SYS) CPU/1 (2/24.000000/PHB) CPU/0 (3/24.000000/SYS) NET/1 (5/12.000000/SYS) NET/0 (5/12.000000/SYS) 
x3204c0s25b0n0:16110:19784 [2] NCCL INFO GPU/C7000 :GPU/7000 (1/88.000000/NVL) GPU/46000 (1/88.000000/NVL) GPU/85000 (1/88.000000/NVL) GPU/C7000 (0/5000.000000/LOC) CPU/3 (3/24.000000/SYS) CPU/2 (3/24.000000/SYS) CPU/1 (3/24.000000/SYS) CPU/0 (2/24.000000/PHB) NET/1 (5/12.000000/SYS) NET/0 (4/12.000000/PHB) 
x3204c0s25b0n0:16110:19784 [2] NCCL INFO NET/1 :GPU/7000 (5/12.000000/SYS) GPU/46000 (4/12.000000/PHB) GPU/85000 (5/12.000000/SYS) GPU/C7000 (5/12.000000/SYS) CPU/3 (3/12.000000/SYS) CPU/2 (2/12.000000/PHB) CPU/1 (3/12.000000/SYS) CPU/0 (3/12.000000/SYS) NET/1 (0/5000.000000/LOC) NET/0 (5/12.000000/SYS) 
x3204c0s25b0n0:16110:19784 [2] NCCL INFO NET/0 :GPU/7000 (5/12.000000/SYS) GPU/46000 (5/12.000000/SYS) GPU/85000 (5/12.000000/SYS) GPU/C7000 (4/12.000000/PHB) CPU/3 (3/12.000000/SYS) CPU/2 (3/12.000000/SYS) CPU/1 (3/12.000000/SYS) CPU/0 (2/12.000000/PHB) NET/1 (5/12.000000/SYS) NET/0 (0/5000.000000/LOC) 
x3204c0s25b0n0:16110:19784 [2] NCCL INFO Pattern 4, crossNic 0, nChannels 2, bw 12.000000/12.000000, type NVL/SYS, sameChannels 1
x3204c0s25b0n0:16110:19784 [2] NCCL INFO  0 : NET/1 GPU/17 GPU/16 GPU/18 GPU/19 NET/1
x3204c0s25b0n0:16110:19784 [2] NCCL INFO  1 : NET/0 GPU/17 GPU/16 GPU/18 GPU/19 NET/0
x3204c0s25b0n0:16110:19784 [2] NCCL INFO Pattern 1, crossNic 0, nChannels 2, bw 24.000000/12.000000, type NVL/SYS, sameChannels 1
x3204c0s25b0n0:16110:19784 [2] NCCL INFO  0 : NET/1 GPU/16 GPU/17 GPU/18 GPU/19 NET/1
x3204c0s25b0n0:16110:19784 [2] NCCL INFO  1 : NET/0 GPU/16 GPU/17 GPU/18 GPU/19 NET/0
x3204c0s25b0n0:16110:19784 [2] NCCL INFO Pattern 3, crossNic 0, nChannels 0, bw 0.000000/0.000000, type NVL/PIX, sameChannels 1
x3204c0s25b0n0:16108:19781 [0] NCCL INFO NET/IB : GPU Direct RDMA Enabled for HCA 0 'mlx5_0'
x3204c0s25b0n0:16108:19781 [0] NCCL INFO NET/IB : GPU Direct RDMA Enabled for HCA 1 'mlx5_1'
x3204c0s25b0n0:16108:19781 [0] NCCL INFO GPU Direct RDMA Disabled for GPU 7000 / HCA 1 (distance 7 > 4)
x3204c0s25b0n0:16108:19781 [0] NCCL INFO GPU Direct RDMA Disabled for GPU 46000 / HCA 1 (distance 6 > 4)
x3204c0s25b0n0:16108:19781 [0] NCCL INFO GPU Direct RDMA Disabled for GPU 85000 / HCA 1 (distance 7 > 4)
x3204c0s25b0n0:16108:19781 [0] NCCL INFO GPU Direct RDMA Disabled for GPU c7000 / HCA 1 (distance 7 > 4)
x3204c0s25b0n0:16108:19781 [0] NCCL INFO GPU Direct RDMA Disabled for GPU 7000 / HCA 0 (distance 7 > 4)
x3204c0s25b0n0:16108:19781 [0] NCCL INFO GPU Direct RDMA Disabled for GPU 46000 / HCA 0 (distance 7 > 4)
x3204c0s25b0n0:16108:19781 [0] NCCL INFO GPU Direct RDMA Disabled for GPU 85000 / HCA 0 (distance 7 > 4)
x3204c0s25b0n0:16108:19781 [0] NCCL INFO GPU Direct RDMA Disabled for GPU c7000 / HCA 0 (distance 6 > 4)
x3204c0s25b0n0:16108:19781 [0] NCCL INFO GPU Direct RDMA Disabled for GPU 7000 / HCA 1 (distance 7 > 4)
x3204c0s25b0n0:16108:19781 [0] NCCL INFO GPU Direct RDMA Disabled for GPU 46000 / HCA 1 (distance 6 > 4)
x3204c0s25b0n0:16108:19781 [0] NCCL INFO GPU Direct RDMA Disabled for GPU 85000 / HCA 1 (distance 7 > 4)
x3204c0s25b0n0:16108:19781 [0] NCCL INFO GPU Direct RDMA Disabled for GPU c7000 / HCA 1 (distance 7 > 4)
x3204c0s25b0n0:16108:19781 [0] NCCL INFO GPU Direct RDMA Disabled for GPU 7000 / HCA 0 (distance 7 > 4)
x3204c0s25b0n0:16108:19781 [0] NCCL INFO GPU Direct RDMA Disabled for GPU 46000 / HCA 0 (distance 7 > 4)
x3204c0s25b0n0:16108:19781 [0] NCCL INFO GPU Direct RDMA Disabled for GPU 85000 / HCA 0 (distance 7 > 4)
x3204c0s25b0n0:16108:19781 [0] NCCL INFO GPU Direct RDMA Disabled for GPU c7000 / HCA 0 (distance 6 > 4)
x3204c0s25b0n0:16108:19781 [0] NCCL INFO === System : maxBw 12.0 totalBw 264.0 ===
x3204c0s25b0n0:16108:19781 [0] NCCL INFO CPU/3 (1/2/-1)
x3204c0s25b0n0:16108:19781 [0] NCCL INFO + SYS[5000.0] - CPU/2
x3204c0s25b0n0:16108:19781 [0] NCCL INFO + SYS[5000.0] - CPU/1
x3204c0s25b0n0:16108:19781 [0] NCCL INFO + SYS[5000.0] - CPU/0
x3204c0s25b0n0:16108:19781 [0] NCCL INFO + PCI[24.0] - PCI/5000 (11f8406811f8beef)
x3204c0s25b0n0:16108:19781 [0] NCCL INFO               + PCI[24.0] - GPU/7000 (16)
x3204c0s25b0n0:16108:19781 [0] NCCL INFO                             + NVL[88.0] - GPU/85000
x3204c0s25b0n0:16108:19781 [0] NCCL INFO                             + NVL[88.0] - GPU/C7000
x3204c0s25b0n0:16108:19781 [0] NCCL INFO                             + NVL[88.0] - GPU/46000
x3204c0s25b0n0:16108:19781 [0] NCCL INFO CPU/2 (1/2/-1)
x3204c0s25b0n0:16108:19781 [0] NCCL INFO + SYS[5000.0] - CPU/3
x3204c0s25b0n0:16108:19781 [0] NCCL INFO + SYS[5000.0] - CPU/1
x3204c0s25b0n0:16108:19781 [0] NCCL INFO + SYS[5000.0] - CPU/0
x3204c0s25b0n0:16108:19781 [0] NCCL INFO + PCI[24.0] - PCI/44000 (11f8406811f8beef)
x3204c0s25b0n0:16108:19781 [0] NCCL INFO               + PCI[24.0] - GPU/46000 (17)
x3204c0s25b0n0:16108:19781 [0] NCCL INFO                             + NVL[88.0] - GPU/85000
x3204c0s25b0n0:16108:19781 [0] NCCL INFO                             + NVL[88.0] - GPU/C7000
x3204c0s25b0n0:16108:19781 [0] NCCL INFO                             + NVL[88.0] - GPU/7000
x3204c0s25b0n0:16108:19781 [0] NCCL INFO + PCI[12.0] - NIC/43000
x3204c0s25b0n0:16108:19781 [0] NCCL INFO               + NET[12.5] - NET/1 (10cf12ffffa4e988/1/12.500000)
x3204c0s25b0n0:16108:19781 [0] NCCL INFO CPU/1 (1/2/-1)
x3204c0s25b0n0:16108:19781 [0] NCCL INFO + SYS[5000.0] - CPU/3
x3204c0s25b0n0:16108:19781 [0] NCCL INFO + SYS[5000.0] - CPU/2
x3204c0s25b0n0:16108:19781 [0] NCCL INFO + SYS[5000.0] - CPU/0
x3204c0s25b0n0:16108:19781 [0] NCCL INFO + PCI[24.0] - PCI/83000 (11f8406811f8beef)
x3204c0s25b0n0:16108:19781 [0] NCCL INFO               + PCI[24.0] - GPU/85000 (18)
x3204c0s25b0n0:16108:19781 [0] NCCL INFO                             + NVL[88.0] - GPU/C7000
x3204c0s25b0n0:16108:19781 [0] NCCL INFO                             + NVL[88.0] - GPU/46000
x3204c0s25b0n0:16108:19781 [0] NCCL INFO                             + NVL[88.0] - GPU/7000
x3204c0s25b0n0:16108:19781 [0] NCCL INFO CPU/0 (1/2/-1)
x3204c0s25b0n0:16108:19781 [0] NCCL INFO + SYS[5000.0] - CPU/3
x3204c0s25b0n0:16108:19781 [0] NCCL INFO + SYS[5000.0] - CPU/2
x3204c0s25b0n0:16108:19781 [0] NCCL INFO + SYS[5000.0] - CPU/1
x3204c0s25b0n0:16108:19781 [0] NCCL INFO + PCI[24.0] - PCI/C5000 (11f8406811f8beef)
x3204c0s25b0n0:16108:19781 [0] NCCL INFO               + PCI[24.0] - GPU/C7000 (19)
x3204c0s25b0n0:16108:19781 [0] NCCL INFO                             + NVL[88.0] - GPU/85000
x3204c0s25b0n0:16108:19781 [0] NCCL INFO                             + NVL[88.0] - GPU/46000
x3204c0s25b0n0:16108:19781 [0] NCCL INFO                             + NVL[88.0] - GPU/7000
x3204c0s25b0n0:16108:19781 [0] NCCL INFO + PCI[12.0] - NIC/C8000
x3204c0s25b0n0:16108:19781 [0] NCCL INFO               + NET[12.5] - NET/0 (9ccf12ffffa4e988/1/12.500000)
x3204c0s25b0n0:16108:19781 [0] NCCL INFO ==========================================
x3204c0s25b0n0:16108:19781 [0] NCCL INFO GPU/7000 :GPU/7000 (0/5000.000000/LOC) GPU/46000 (1/88.000000/NVL) GPU/85000 (1/88.000000/NVL) GPU/C7000 (1/88.000000/NVL) CPU/3 (2/24.000000/PHB) CPU/2 (3/24.000000/SYS) CPU/1 (3/24.000000/SYS) CPU/0 (3/24.000000/SYS) NET/1 (5/12.000000/SYS) NET/0 (5/12.000000/SYS) 
x3204c0s25b0n0:16108:19781 [0] NCCL INFO GPU/46000 :GPU/7000 (1/88.000000/NVL) GPU/46000 (0/5000.000000/LOC) GPU/85000 (1/88.000000/NVL) GPU/C7000 (1/88.000000/NVL) CPU/3 (3/24.000000/SYS) CPU/2 (2/24.000000/PHB) CPU/1 (3/24.000000/SYS) CPU/0 (3/24.000000/SYS) NET/1 (4/12.000000/PHB) NET/0 (5/12.000000/SYS) 
x3204c0s25b0n0:16108:19781 [0] NCCL INFO GPU/85000 :GPU/7000 (1/88.000000/NVL) GPU/46000 (1/88.000000/NVL) GPU/85000 (0/5000.000000/LOC) GPU/C7000 (1/88.000000/NVL) CPU/3 (3/24.000000/SYS) CPU/2 (3/24.000000/SYS) CPU/1 (2/24.000000/PHB) CPU/0 (3/24.000000/SYS) NET/1 (5/12.000000/SYS) NET/0 (5/12.000000/SYS) 
x3204c0s25b0n0:16108:19781 [0] NCCL INFO GPU/C7000 :GPU/7000 (1/88.000000/NVL) GPU/46000 (1/88.000000/NVL) GPU/85000 (1/88.000000/NVL) GPU/C7000 (0/5000.000000/LOC) CPU/3 (3/24.000000/SYS) CPU/2 (3/24.000000/SYS) CPU/1 (3/24.000000/SYS) CPU/0 (2/24.000000/PHB) NET/1 (5/12.000000/SYS) NET/0 (4/12.000000/PHB) 
x3204c0s25b0n0:16108:19781 [0] NCCL INFO NET/1 :GPU/7000 (5/12.000000/SYS) GPU/46000 (4/12.000000/PHB) GPU/85000 (5/12.000000/SYS) GPU/C7000 (5/12.000000/SYS) CPU/3 (3/12.000000/SYS) CPU/2 (2/12.000000/PHB) CPU/1 (3/12.000000/SYS) CPU/0 (3/12.000000/SYS) NET/1 (0/5000.000000/LOC) NET/0 (5/12.000000/SYS) 
x3204c0s25b0n0:16108:19781 [0] NCCL INFO NET/0 :GPU/7000 (5/12.000000/SYS) GPU/46000 (5/12.000000/SYS) GPU/85000 (5/12.000000/SYS) GPU/C7000 (4/12.000000/PHB) CPU/3 (3/12.000000/SYS) CPU/2 (3/12.000000/SYS) CPU/1 (3/12.000000/SYS) CPU/0 (2/12.000000/PHB) NET/1 (5/12.000000/SYS) NET/0 (0/5000.000000/LOC) 
x3204c0s25b0n0:16108:19781 [0] NCCL INFO Pattern 4, crossNic 0, nChannels 2, bw 12.000000/12.000000, type NVL/SYS, sameChannels 1
x3204c0s25b0n0:16108:19781 [0] NCCL INFO  0 : NET/1 GPU/17 GPU/16 GPU/18 GPU/19 NET/1
x3204c0s25b0n0:16108:19781 [0] NCCL INFO  1 : NET/0 GPU/17 GPU/16 GPU/18 GPU/19 NET/0
x3204c0s25b0n0:16108:19781 [0] NCCL INFO Pattern 1, crossNic 0, nChannels 2, bw 24.000000/12.000000, type NVL/SYS, sameChannels 1
x3204c0s25b0n0:16108:19781 [0] NCCL INFO  0 : NET/1 GPU/16 GPU/17 GPU/18 GPU/19 NET/1
x3204c0s25b0n0:16108:19781 [0] NCCL INFO  1 : NET/0 GPU/16 GPU/17 GPU/18 GPU/19 NET/0
x3204c0s25b0n0:16108:19781 [0] NCCL INFO Pattern 3, crossNic 0, nChannels 0, bw 0.000000/0.000000, type NVL/PIX, sameChannels 1
x3204c0s25b0n0:16111:19782 [3] NCCL INFO Ring 00 : 18 -> 19 -> 1
x3204c0s25b0n0:16111:19782 [3] NCCL INFO Ring 01 : 18 -> 19 -> 1
x3204c0s25b0n0:16111:19782 [3] NCCL INFO Ring 02 : 18 -> 19 -> 1
x3204c0s25b0n0:16111:19782 [3] NCCL INFO Ring 03 : 18 -> 19 -> 1
x3204c0s25b0n0:16111:19782 [3] NCCL INFO Trees [0] -1/-1/-1->19->18 [1] -1/-1/-1->19->18 [2] -1/-1/-1->19->18 [3] -1/-1/-1->19->18
x3204c0s25b0n0:16111:19782 [3] NCCL INFO misc/utils.cc:235 memory stack hunk malloc(65536)
x3204c0s25b0n0:16111:19782 [3] NCCL INFO channel.cc:23 Cuda Alloc Size 8064 pointer 0x15148be19a00
x3204c0s25b0n0:16111:19782 [3] NCCL INFO channel.cc:27 Cuda Alloc Size 80 pointer 0x15148be1ba00
x3204c0s25b0n0:16111:19782 [3] NCCL INFO channel.cc:23 Cuda Alloc Size 8064 pointer 0x15148be1bc00
x3204c0s25b0n0:16111:19782 [3] NCCL INFO channel.cc:27 Cuda Alloc Size 80 pointer 0x15148be1dc00
x3204c0s25b0n0:16111:19782 [3] NCCL INFO channel.cc:23 Cuda Alloc Size 8064 pointer 0x15148be1de00
x3204c0s25b0n0:16111:19782 [3] NCCL INFO channel.cc:27 Cuda Alloc Size 80 pointer 0x15148be1fe00
x3204c0s25b0n0:16111:19782 [3] NCCL INFO channel.cc:23 Cuda Alloc Size 8064 pointer 0x15148be20000
x3204c0s25b0n0:16111:19782 [3] NCCL INFO channel.cc:27 Cuda Alloc Size 80 pointer 0x15148be22000
x3204c0s25b0n0:16111:19902 [3] NCCL INFO Mem Realloc old size 0, new size 8 pointer 0x1513e4000c60
x3204c0s25b0n0:16111:19902 [3] NCCL INFO New proxy recv connection 0 from local rank 3, transport 0
x3204c0s25b0n0:16111:19782 [3] NCCL INFO Connection to proxy localRank 3 -> connection 0x1513e4000c80
x3204c0s25b0n0:16111:19902 [3] NCCL INFO transport/p2p.cc:449 Cuda Alloc Size 6291456 pointer 0x1513fea00000
x3204c0s25b0n0:16110:19784 [2] NCCL INFO Ring 00 : 16 -> 18 -> 19
x3204c0s25b0n0:16110:19784 [2] NCCL INFO Ring 01 : 16 -> 18 -> 19
x3204c0s25b0n0:16110:19784 [2] NCCL INFO Ring 02 : 16 -> 18 -> 19
x3204c0s25b0n0:16110:19784 [2] NCCL INFO Ring 03 : 16 -> 18 -> 19
x3204c0s25b0n0:16110:19784 [2] NCCL INFO Trees [0] 19/-1/-1->18->17 [1] 19/-1/-1->18->17 [2] 19/-1/-1->18->17 [3] 19/-1/-1->18->17
x3204c0s25b0n0:16110:19784 [2] NCCL INFO misc/utils.cc:235 memory stack hunk malloc(65536)
x3204c0s25b0n0:16110:19784 [2] NCCL INFO channel.cc:23 Cuda Alloc Size 8064 pointer 0x14a9d7817400
x3204c0s25b0n0:16110:19784 [2] NCCL INFO channel.cc:27 Cuda Alloc Size 80 pointer 0x14a9d7819400
x3204c0s25b0n0:16110:19784 [2] NCCL INFO channel.cc:23 Cuda Alloc Size 8064 pointer 0x14a9d7819600
x3204c0s25b0n0:16110:19784 [2] NCCL INFO channel.cc:27 Cuda Alloc Size 80 pointer 0x14a9d781b600
x3204c0s25b0n0:16110:19784 [2] NCCL INFO channel.cc:23 Cuda Alloc Size 8064 pointer 0x14a9d781b800
x3204c0s25b0n0:16110:19784 [2] NCCL INFO channel.cc:27 Cuda Alloc Size 80 pointer 0x14a9d781d800
x3204c0s25b0n0:16110:19784 [2] NCCL INFO channel.cc:23 Cuda Alloc Size 8064 pointer 0x14a9d781da00
x3204c0s25b0n0:16110:19784 [2] NCCL INFO channel.cc:27 Cuda Alloc Size 80 pointer 0x14a9d781fa00
x3204c0s25b0n0:16110:19784 [2] NCCL INFO Channel 00/0 : 18[85000] -> 19[c7000] via P2P/IPC/read
x3204c0s25b0n0:16110:19909 [2] NCCL INFO Mem Realloc old size 0, new size 8 pointer 0x14a984000c60
x3204c0s25b0n0:16110:19909 [2] NCCL INFO New proxy send connection 0 from local rank 2, transport 0
x3204c0s25b0n0:16111:19902 [3] NCCL INFO New proxy recv connection 1 from local rank 3, transport 0
x3204c0s25b0n0:16110:19784 [2] NCCL INFO Connection to proxy localRank 2 -> connection 0x14a984000c80
x3204c0s25b0n0:16110:19909 [2] NCCL INFO transport/p2p.cc:430 Cuda Alloc Size 6291456 pointer 0x14a9fd200000
x3204c0s25b0n0:16111:19782 [3] NCCL INFO Connection to proxy localRank 3 -> connection 0x1513e4000cc0
x3204c0s25b0n0:16111:19902 [3] NCCL INFO transport/p2p.cc:449 Cuda Alloc Size 6291456 pointer 0x1513ff000000
x3204c0s25b0n0:16110:19784 [2] NCCL INFO Channel 01/0 : 18[85000] -> 19[c7000] via P2P/IPC/read
x3204c0s25b0n0:16110:19909 [2] NCCL INFO New proxy send connection 1 from local rank 2, transport 0
x3204c0s25b0n0:16108:19781 [0] NCCL INFO Tree 0 : 0 -> 16 -> 17/-1/-1
x3204c0s25b0n0:16108:19781 [0] NCCL INFO Tree 2 : 12 -> 16 -> 17/-1/-1
x3204c0s25b0n0:16108:19781 [0] NCCL INFO Tree 1 : 0 -> 16 -> 17/-1/-1
x3204c0s25b0n0:16108:19781 [0] NCCL INFO Tree 3 : 12 -> 16 -> 17/-1/-1
x3204c0s25b0n0:16108:19781 [0] NCCL INFO Ring 00 : 17 -> 16 -> 18
x3204c0s25b0n0:16108:19781 [0] NCCL INFO Ring 01 : 17 -> 16 -> 18
x3204c0s25b0n0:16108:19781 [0] NCCL INFO Ring 02 : 17 -> 16 -> 18
x3204c0s25b0n0:16108:19781 [0] NCCL INFO Ring 03 : 17 -> 16 -> 18
x3204c0s25b0n0:16108:19781 [0] NCCL INFO Trees [0] 17/-1/-1->16->0 [1] 17/-1/-1->16->0 [2] 17/-1/-1->16->12 [3] 17/-1/-1->16->12
x3204c0s25b0n0:16108:19781 [0] NCCL INFO misc/utils.cc:235 memory stack hunk malloc(65536)
x3204c0s25b0n0:16108:19781 [0] NCCL INFO channel.cc:23 Cuda Alloc Size 8064 pointer 0x1517df817400
x3204c0s25b0n0:16108:19781 [0] NCCL INFO channel.cc:27 Cuda Alloc Size 80 pointer 0x1517df819400
x3204c0s25b0n0:16108:19781 [0] NCCL INFO channel.cc:23 Cuda Alloc Size 8064 pointer 0x1517df819600
x3204c0s25b0n0:16108:19781 [0] NCCL INFO channel.cc:27 Cuda Alloc Size 80 pointer 0x1517df81b600
x3204c0s25b0n0:16108:19781 [0] NCCL INFO channel.cc:23 Cuda Alloc Size 8064 pointer 0x1517df81b800
x3204c0s25b0n0:16108:19781 [0] NCCL INFO channel.cc:27 Cuda Alloc Size 80 pointer 0x1517df81d800
x3204c0s25b0n0:16108:19781 [0] NCCL INFO channel.cc:23 Cuda Alloc Size 8064 pointer 0x1517df81da00
x3204c0s25b0n0:16108:19781 [0] NCCL INFO channel.cc:27 Cuda Alloc Size 80 pointer 0x1517df81fa00
x3204c0s25b0n0:16108:19781 [0] NCCL INFO Channel 00/0 : 16[7000] -> 18[85000] via P2P/IPC/read
x3204c0s25b0n0:16109:19783 [1] NCCL INFO Tree 0 : 16 -> 17 -> 18/8/-1
x3204c0s25b0n0:16109:19783 [1] NCCL INFO Tree 2 : 16 -> 17 -> 18/-1/-1
x3204c0s25b0n0:16109:19783 [1] NCCL INFO Tree 1 : 16 -> 17 -> 18/8/-1
x3204c0s25b0n0:16109:19783 [1] NCCL INFO Tree 3 : 16 -> 17 -> 18/-1/-1
x3204c0s25b0n0:16109:19783 [1] NCCL INFO Ring 00 : 15 -> 17 -> 16
x3204c0s25b0n0:16109:19783 [1] NCCL INFO Ring 01 : 15 -> 17 -> 16
x3204c0s25b0n0:16109:19783 [1] NCCL INFO Ring 02 : 15 -> 17 -> 16
x3204c0s25b0n0:16109:19783 [1] NCCL INFO Ring 03 : 15 -> 17 -> 16
x3204c0s25b0n0:16109:19783 [1] NCCL INFO Trees [0] 18/8/-1->17->16 [1] 18/8/-1->17->16 [2] 18/-1/-1->17->16 [3] 18/-1/-1->17->16
x3204c0s25b0n0:16109:19783 [1] NCCL INFO misc/utils.cc:235 memory stack hunk malloc(65536)
x3204c0s25b0n0:16109:19783 [1] NCCL INFO channel.cc:23 Cuda Alloc Size 8064 pointer 0x1502af817400
x3204c0s25b0n0:16109:19783 [1] NCCL INFO channel.cc:27 Cuda Alloc Size 80 pointer 0x1502af819400
x3204c0s25b0n0:16109:19783 [1] NCCL INFO channel.cc:23 Cuda Alloc Size 8064 pointer 0x1502af819600
x3204c0s25b0n0:16109:19783 [1] NCCL INFO channel.cc:27 Cuda Alloc Size 80 pointer 0x1502af81b600
x3204c0s25b0n0:16109:19783 [1] NCCL INFO channel.cc:23 Cuda Alloc Size 8064 pointer 0x1502af81b800
x3204c0s25b0n0:16109:19783 [1] NCCL INFO channel.cc:27 Cuda Alloc Size 80 pointer 0x1502af81d800
x3204c0s25b0n0:16109:19783 [1] NCCL INFO channel.cc:23 Cuda Alloc Size 8064 pointer 0x1502af81da00
x3204c0s25b0n0:16109:19783 [1] NCCL INFO channel.cc:27 Cuda Alloc Size 80 pointer 0x1502af81fa00
x3204c0s25b0n0:16108:19913 [0] NCCL INFO Mem Realloc old size 0, new size 8 pointer 0x151788000c60
x3204c0s25b0n0:16108:19913 [0] NCCL INFO New proxy send connection 0 from local rank 0, transport 0
x3204c0s25b0n0:16108:19781 [0] NCCL INFO Connection to proxy localRank 0 -> connection 0x151788000c80
x3204c0s25b0n0:16109:19783 [1] NCCL INFO GPU Direct RDMA Disabled for GPU 46000 / HCA 1 (distance 6 > 4)
x3204c0s25b0n0:16108:19913 [0] NCCL INFO transport/p2p.cc:430 Cuda Alloc Size 6291456 pointer 0x1517bfa00000
x3204c0s25b0n0:16111:19902 [3] NCCL INFO New proxy recv connection 2 from local rank 3, transport 0
x3204c0s25b0n0:16109:19907 [1] NCCL INFO Mem Realloc old size 0, new size 8 pointer 0x15025c000c60
x3204c0s25b0n0:16109:19907 [1] NCCL INFO Allocated 4194656 bytes of shared memory in /dev/shm/nccl-WG60qj

x3204c0s25b0n0:16109:19907 [1] NCCL INFO New proxy recv connection 0 from local rank 1, transport 2
x3204c0s25b0n0:16110:19784 [2] NCCL INFO Connection to proxy localRank 2 -> connection 0x14a984000cc0
x3204c0s25b0n0:16110:19909 [2] NCCL INFO transport/p2p.cc:430 Cuda Alloc Size 6291456 pointer 0x14a97e000000
x3204c0s25b0n0:16109:19783 [1] NCCL INFO Connection to proxy localRank 1 -> connection 0x15025c000c80
x3204c0s25b0n0:16111:19782 [3] NCCL INFO Connection to proxy localRank 3 -> connection 0x1513e4000d00
x3204c0s25b0n0:16111:19902 [3] NCCL INFO transport/p2p.cc:449 Cuda Alloc Size 6291456 pointer 0x1513ff600000
x3204c0s25b0n0:16108:19781 [0] NCCL INFO Channel 01/0 : 16[7000] -> 18[85000] via P2P/IPC/read
x3204c0s25b0n0:16108:19913 [0] NCCL INFO New proxy send connection 1 from local rank 0, transport 0
x3204c0s25b0n0:16111:19902 [3] NCCL INFO New proxy recv connection 3 from local rank 3, transport 0
x3204c0s25b0n0:16109:19783 [1] NCCL INFO Channel 00/0 : 15[c7000] -> 17[46000] [receive] via NET/IB/1
x3204c0s25b0n0:16109:19783 [1] NCCL INFO GPU Direct RDMA Disabled for GPU 46000 / HCA 0 (distance 7 > 4)
x3204c0s25b0n0:16109:19907 [1] NCCL INFO New proxy recv connection 1 from local rank 1, transport 2
x3204c0s25b0n0:16108:19781 [0] NCCL INFO Connection to proxy localRank 0 -> connection 0x151788000cc0
x3204c0s25b0n0:16108:19913 [0] NCCL INFO transport/p2p.cc:430 Cuda Alloc Size 6291456 pointer 0x151804a00000
x3204c0s25b0n0:16110:19784 [2] NCCL INFO Channel 02/0 : 18[85000] -> 19[c7000] via P2P/IPC/read
x3204c0s25b0n0:16110:19909 [2] NCCL INFO New proxy send connection 2 from local rank 2, transport 0
x3204c0s25b0n0:16110:19784 [2] NCCL INFO Connection to proxy localRank 2 -> connection 0x14a984000d00
x3204c0s25b0n0:16110:19909 [2] NCCL INFO transport/p2p.cc:430 Cuda Alloc Size 6291456 pointer 0x14a97e600000
x3204c0s25b0n0:16111:19782 [3] NCCL INFO Connection to proxy localRank 3 -> connection 0x1513e4000d40
x3204c0s25b0n0:16111:19902 [3] NCCL INFO transport/p2p.cc:449 Cuda Alloc Size 6291456 pointer 0x151407400000
x3204c0s25b0n0:16108:19781 [0] NCCL INFO Channel 02/0 : 16[7000] -> 18[85000] via P2P/IPC/read
x3204c0s25b0n0:16108:19913 [0] NCCL INFO New proxy send connection 2 from local rank 0, transport 0
x3204c0s25b0n0:16109:19783 [1] NCCL INFO Connection to proxy localRank 1 -> connection 0x15025c000cc0
x3204c0s25b0n0:16110:19784 [2] NCCL INFO Channel 03/0 : 18[85000] -> 19[c7000] via P2P/IPC/read
x3204c0s25b0n0:16110:19909 [2] NCCL INFO New proxy send connection 3 from local rank 2, transport 0
x3204c0s25b0n0:16108:19781 [0] NCCL INFO Connection to proxy localRank 0 -> connection 0x151788000d00
x3204c0s25b0n0:16108:19913 [0] NCCL INFO transport/p2p.cc:430 Cuda Alloc Size 6291456 pointer 0x151805000000
x3204c0s25b0n0:16109:19783 [1] NCCL INFO Channel 01/0 : 15[c7000] -> 17[46000] [receive] via NET/IB/0
x3204c0s25b0n0:16109:19783 [1] NCCL INFO GPU Direct RDMA Disabled for GPU 46000 / HCA 1 (distance 6 > 4)
x3204c0s25b0n0:16109:19907 [1] NCCL INFO New proxy recv connection 2 from local rank 1, transport 2
x3204c0s25b0n0:16110:19784 [2] NCCL INFO Connection to proxy localRank 2 -> connection 0x14a984000d40
x3204c0s25b0n0:16110:19909 [2] NCCL INFO transport/p2p.cc:430 Cuda Alloc Size 6291456 pointer 0x14a97ec00000
x3204c0s25b0n0:16108:19781 [0] NCCL INFO Channel 03/0 : 16[7000] -> 18[85000] via P2P/IPC/read
x3204c0s25b0n0:16108:19913 [0] NCCL INFO New proxy send connection 3 from local rank 0, transport 0
x3204c0s25b0n0:16109:19783 [1] NCCL INFO Connection to proxy localRank 1 -> connection 0x15025c000d00
x3204c0s25b0n0:16109:19783 [1] NCCL INFO Channel 02/0 : 15[c7000] -> 17[46000] [receive] via NET/IB/1
x3204c0s25b0n0:16109:19783 [1] NCCL INFO GPU Direct RDMA Disabled for GPU 46000 / HCA 0 (distance 7 > 4)
x3204c0s25b0n0:16109:19907 [1] NCCL INFO New proxy recv connection 3 from local rank 1, transport 2
x3204c0s25b0n0:16109:19783 [1] NCCL INFO Connection to proxy localRank 1 -> connection 0x15025c000d40
x3204c0s25b0n0:16110:19909 [2] NCCL INFO New proxy recv connection 4 from local rank 2, transport 0
x3204c0s25b0n0:16110:19784 [2] NCCL INFO Connection to proxy localRank 2 -> connection 0x14a984000d80
x3204c0s25b0n0:16111:19782 [3] NCCL INFO GPU Direct RDMA Disabled for GPU c7000 / HCA 1 (distance 7 > 4)
x3204c0s25b0n0:16111:19902 [3] NCCL INFO Allocated 4194656 bytes of shared memory in /dev/shm/nccl-QTKmZq

x3204c0s25b0n0:16111:19902 [3] NCCL INFO New proxy send connection 4 from local rank 3, transport 2
x3204c0s25b0n0:16108:19781 [0] NCCL INFO Connection to proxy localRank 0 -> connection 0x151788000d40
x3204c0s25b0n0:16108:19913 [0] NCCL INFO transport/p2p.cc:430 Cuda Alloc Size 6291456 pointer 0x15178e000000
x3204c0s25b0n0:16110:19909 [2] NCCL INFO transport/p2p.cc:449 Cuda Alloc Size 6291456 pointer 0x14a97cc00000
x3204c0s25b0n0:16111:19782 [3] NCCL INFO Connection to proxy localRank 3 -> connection 0x1513e4000d80
x3204c0s25b0n0:16111:19782 [3] NCCL INFO Channel 00/0 : 19[c7000] -> 1[46000] [send] via NET/IB/1
x3204c0s25b0n0:16111:19782 [3] NCCL INFO GPU Direct RDMA Disabled for GPU c7000 / HCA 0 (distance 6 > 4)
x3204c0s25b0n0:16111:19902 [3] NCCL INFO New proxy send connection 5 from local rank 3, transport 2
x3204c0s25b0n0:16109:19783 [1] NCCL INFO Channel 03/0 : 15[c7000] -> 17[46000] [receive] via NET/IB/0
x3204c0s25b0n0:16110:19909 [2] NCCL INFO New proxy recv connection 5 from local rank 2, transport 0
x3204c0s25b0n0:16111:19782 [3] NCCL INFO Connection to proxy localRank 3 -> connection 0x1513e4000dc0
x3204c0s25b0n0:16111:19782 [3] NCCL INFO Channel 01/0 : 19[c7000] -> 1[46000] [send] via NET/IB/0
x3204c0s25b0n0:16111:19782 [3] NCCL INFO GPU Direct RDMA Disabled for GPU c7000 / HCA 1 (distance 7 > 4)
x3204c0s25b0n0:16111:19902 [3] NCCL INFO New proxy send connection 6 from local rank 3, transport 2
x3204c0s25b0n0:16110:19784 [2] NCCL INFO Connection to proxy localRank 2 -> connection 0x14a984000dc0
x3204c0s25b0n0:16110:19909 [2] NCCL INFO transport/p2p.cc:449 Cuda Alloc Size 6291456 pointer 0x14a97d200000
x3204c0s25b0n0:16111:19782 [3] NCCL INFO Connection to proxy localRank 3 -> connection 0x1513e4000e00
x3204c0s25b0n0:16111:19782 [3] NCCL INFO Channel 02/0 : 19[c7000] -> 1[46000] [send] via NET/IB/1
x3204c0s25b0n0:16111:19782 [3] NCCL INFO GPU Direct RDMA Disabled for GPU c7000 / HCA 0 (distance 6 > 4)
x3204c0s25b0n0:16111:19902 [3] NCCL INFO New proxy send connection 7 from local rank 3, transport 2
x3204c0s25b0n0:16110:19909 [2] NCCL INFO New proxy recv connection 6 from local rank 2, transport 0
x3204c0s25b0n0:16111:19782 [3] NCCL INFO Connection to proxy localRank 3 -> connection 0x1513e4000e40
x3204c0s25b0n0:16111:19782 [3] NCCL INFO Channel 03/0 : 19[c7000] -> 1[46000] [send] via NET/IB/0
x3204c0s25b0n0:16111:19902 [3] NCCL INFO transport/net_ib.cc:596 Ib Alloc Size 26560 pointer 0x1513e4020000
x3204c0s25b0n0:16110:19784 [2] NCCL INFO Connection to proxy localRank 2 -> connection 0x14a984000e00
x3204c0s25b0n0:16111:19902 [3] NCCL INFO NET/IB: Dev 1 Port 1 qpn 3533 mtu 5 GID 0 (80FE/9F3900FEFF000000)
x3204c0s25b0n0:16111:19902 [3] NCCL INFO transport/net_ib.cc:653 Ib Alloc Size 552 pointer 0x1513e4038000
x3204c0s25b0n0:16111:19902 [3] NCCL INFO transport/net.cc:571 Cuda Host Alloc Size 9641984 pointer 0x1514a3400000
x3204c0s25b0n0:16110:19909 [2] NCCL INFO transport/p2p.cc:449 Cuda Alloc Size 6291456 pointer 0x14a97d800000
x3204c0s25b0n0:16111:19902 [3] NCCL INFO transport/net_ib.cc:596 Ib Alloc Size 26560 pointer 0x1513e403a000
x3204c0s25b0n0:16111:19902 [3] NCCL INFO NET/IB: Dev 0 Port 1 qpn 3766 mtu 5 GID 0 (80FE/FC3900FEFF000000)
x3204c0s25b0n0:16111:19902 [3] NCCL INFO transport/net_ib.cc:653 Ib Alloc Size 552 pointer 0x1513e4051000
x3204c0s25b0n0:16111:19902 [3] NCCL INFO transport/net.cc:571 Cuda Host Alloc Size 9641984 pointer 0x1513de000000
x3204c0s25b0n0:16110:19909 [2] NCCL INFO New proxy recv connection 7 from local rank 2, transport 0
x3204c0s25b0n0:16110:19784 [2] NCCL INFO Connection to proxy localRank 2 -> connection 0x14a984000e40
x3204c0s25b0n0:16111:19902 [3] NCCL INFO transport/net_ib.cc:596 Ib Alloc Size 26560 pointer 0x1513e4053000
x3204c0s25b0n0:16111:19902 [3] NCCL INFO NET/IB: Dev 1 Port 1 qpn 3534 mtu 5 GID 0 (80FE/9F3900FEFF000000)
x3204c0s25b0n0:16111:19902 [3] NCCL INFO transport/net_ib.cc:653 Ib Alloc Size 552 pointer 0x1513e406a000
x3204c0s25b0n0:16111:19902 [3] NCCL INFO transport/net.cc:571 Cuda Host Alloc Size 9641984 pointer 0x1513dea00000
x3204c0s25b0n0:16110:19909 [2] NCCL INFO transport/p2p.cc:449 Cuda Alloc Size 6291456 pointer 0x14a97a000000
x3204c0s25b0n0:16109:19907 [1] NCCL INFO transport/net_ib.cc:683 Ib Alloc Size 21688 pointer 0x15025c01d000
x3204c0s25b0n0:16109:19907 [1] NCCL INFO transport/net_ib.cc:696 Ib Alloc Size 552 pointer 0x15025c024000
x3204c0s25b0n0:16111:19902 [3] NCCL INFO transport/net_ib.cc:596 Ib Alloc Size 26560 pointer 0x1513e406c000
x3204c0s25b0n0:16110:19784 [2] NCCL INFO Connected all rings
x3204c0s25b0n0:16108:19913 [0] NCCL INFO New proxy recv connection 4 from local rank 0, transport 0
x3204c0s25b0n0:16110:19909 [2] NCCL INFO New proxy recv connection 8 from local rank 2, transport 0
x3204c0s25b0n0:16108:19781 [0] NCCL INFO Connection to proxy localRank 0 -> connection 0x151788000d80
x3204c0s25b0n0:16108:19913 [0] NCCL INFO transport/p2p.cc:449 Cuda Alloc Size 6291456 pointer 0x151786000000
x3204c0s25b0n0:16111:19902 [3] NCCL INFO NET/IB: Dev 0 Port 1 qpn 3767 mtu 5 GID 0 (80FE/FC3900FEFF000000)
x3204c0s25b0n0:16111:19902 [3] NCCL INFO transport/net_ib.cc:653 Ib Alloc Size 552 pointer 0x1513e4083000
x3204c0s25b0n0:16111:19902 [3] NCCL INFO transport/net.cc:571 Cuda Host Alloc Size 9641984 pointer 0x1513df400000
x3204c0s25b0n0:16111:19782 [3] NCCL INFO Connected all rings
x3204c0s25b0n0:16111:19782 [3] NCCL INFO Channel 00/0 : 19[c7000] -> 18[85000] via P2P/IPC/read
x3204c0s25b0n0:16109:19907 [1] NCCL INFO transport/net_ib.cc:771 Ib Alloc Size 552 pointer 0x15025c041000
x3204c0s25b0n0:16109:19907 [1] NCCL INFO transport/net.cc:698 Cuda Host Alloc Size 9641984 pointer 0x1502d3e00000
x3204c0s25b0n0:16108:19913 [0] NCCL INFO New proxy recv connection 5 from local rank 0, transport 0
x3204c0s25b0n0:16110:19784 [2] NCCL INFO Connection to proxy localRank 2 -> connection 0x14a984000e80
x3204c0s25b0n0:16110:19909 [2] NCCL INFO transport/p2p.cc:449 Cuda Alloc Size 6291456 pointer 0x14a978000000
x3204c0s25b0n0:16111:19902 [3] NCCL INFO New proxy send connection 8 from local rank 3, transport 0
x3204c0s25b0n0:16109:19907 [1] NCCL INFO transport/net_ib.cc:683 Ib Alloc Size 21688 pointer 0x15025c043000
x3204c0s25b0n0:16109:19907 [1] NCCL INFO transport/net_ib.cc:696 Ib Alloc Size 552 pointer 0x15025c04a000
x3204c0s25b0n0:16110:19909 [2] NCCL INFO New proxy recv connection 9 from local rank 2, transport 0
x3204c0s25b0n0:16108:19781 [0] NCCL INFO Connection to proxy localRank 0 -> connection 0x151788000dc0
x3204c0s25b0n0:16111:19782 [3] NCCL INFO Connection to proxy localRank 3 -> connection 0x1513e4000e80
x3204c0s25b0n0:16111:19902 [3] NCCL INFO transport/p2p.cc:430 Cuda Alloc Size 6291456 pointer 0x1514af800000
x3204c0s25b0n0:16109:19907 [1] NCCL INFO transport/net_ib.cc:771 Ib Alloc Size 552 pointer 0x15025c065000
x3204c0s25b0n0:16109:19907 [1] NCCL INFO transport/net.cc:698 Cuda Host Alloc Size 9641984 pointer 0x1502d4800000
x3204c0s25b0n0:16110:19784 [2] NCCL INFO Connection to proxy localRank 2 -> connection 0x14a984000ec0
x3204c0s25b0n0:16110:19909 [2] NCCL INFO transport/p2p.cc:449 Cuda Alloc Size 6291456 pointer 0x14a978600000
x3204c0s25b0n0:16110:19909 [2] NCCL INFO New proxy recv connection 10 from local rank 2, transport 0
x3204c0s25b0n0:16110:19784 [2] NCCL INFO Connection to proxy localRank 2 -> connection 0x14a984000f00
x3204c0s25b0n0:16108:19913 [0] NCCL INFO transport/p2p.cc:449 Cuda Alloc Size 6291456 pointer 0x151786600000
x3204c0s25b0n0:16111:19782 [3] NCCL INFO Channel 01/0 : 19[c7000] -> 18[85000] via P2P/IPC/read
x3204c0s25b0n0:16111:19902 [3] NCCL INFO New proxy send connection 9 from local rank 3, transport 0
x3204c0s25b0n0:16108:19913 [0] NCCL INFO New proxy recv connection 6 from local rank 0, transport 0
x3204c0s25b0n0:16110:19909 [2] NCCL INFO transport/p2p.cc:449 Cuda Alloc Size 6291456 pointer 0x14a978c00000
x3204c0s25b0n0:16110:19909 [2] NCCL INFO New proxy recv connection 11 from local rank 2, transport 0
x3204c0s25b0n0:16109:19907 [1] NCCL INFO transport/net_ib.cc:683 Ib Alloc Size 21688 pointer 0x15025c067000
x3204c0s25b0n0:16109:19907 [1] NCCL INFO transport/net_ib.cc:696 Ib Alloc Size 552 pointer 0x15025c06e000
x3204c0s25b0n0:16111:19782 [3] NCCL INFO Connection to proxy localRank 3 -> connection 0x1513e4000ec0
x3204c0s25b0n0:16111:19902 [3] NCCL INFO transport/p2p.cc:430 Cuda Alloc Size 6291456 pointer 0x1513d6000000
x3204c0s25b0n0:16108:19781 [0] NCCL INFO Connection to proxy localRank 0 -> connection 0x151788000e00
x3204c0s25b0n0:16108:19913 [0] NCCL INFO transport/p2p.cc:449 Cuda Alloc Size 6291456 pointer 0x151786c00000
x3204c0s25b0n0:16110:19784 [2] NCCL INFO Connection to proxy localRank 2 -> connection 0x14a984000f40
x3204c0s25b0n0:16110:19909 [2] NCCL INFO transport/p2p.cc:449 Cuda Alloc Size 6291456 pointer 0x14a979200000
x3204c0s25b0n0:16109:19907 [1] NCCL INFO transport/net_ib.cc:771 Ib Alloc Size 552 pointer 0x15025c089000
x3204c0s25b0n0:16109:19907 [1] NCCL INFO transport/net.cc:698 Cuda Host Alloc Size 9641984 pointer 0x150256000000
x3204c0s25b0n0:16111:19782 [3] NCCL INFO Channel 02/0 : 19[c7000] -> 18[85000] via P2P/IPC/read
x3204c0s25b0n0:16111:19902 [3] NCCL INFO New proxy send connection 10 from local rank 3, transport 0
x3204c0s25b0n0:16108:19913 [0] NCCL INFO New proxy recv connection 7 from local rank 0, transport 0
x3204c0s25b0n0:16109:19907 [1] NCCL INFO transport/net_ib.cc:683 Ib Alloc Size 21688 pointer 0x15025c08b000
x3204c0s25b0n0:16109:19907 [1] NCCL INFO transport/net_ib.cc:696 Ib Alloc Size 552 pointer 0x15025c092000
x3204c0s25b0n0:16111:19782 [3] NCCL INFO Connection to proxy localRank 3 -> connection 0x1513e4000f00
x3204c0s25b0n0:16111:19902 [3] NCCL INFO transport/p2p.cc:430 Cuda Alloc Size 6291456 pointer 0x1513d6600000
x3204c0s25b0n0:16108:19781 [0] NCCL INFO Connection to proxy localRank 0 -> connection 0x151788000e40
x3204c0s25b0n0:16108:19913 [0] NCCL INFO transport/p2p.cc:449 Cuda Alloc Size 6291456 pointer 0x151787200000
x3204c0s25b0n0:16109:19907 [1] NCCL INFO transport/net_ib.cc:771 Ib Alloc Size 552 pointer 0x15025c0ad000
x3204c0s25b0n0:16109:19907 [1] NCCL INFO transport/net.cc:698 Cuda Host Alloc Size 9641984 pointer 0x150256a00000
x3204c0s25b0n0:16111:19782 [3] NCCL INFO Channel 03/0 : 19[c7000] -> 18[85000] via P2P/IPC/read
x3204c0s25b0n0:16111:19902 [3] NCCL INFO New proxy send connection 11 from local rank 3, transport 0
x3204c0s25b0n0:16109:19783 [1] NCCL INFO Channel 00/0 : 17[46000] -> 16[7000] via P2P/IPC/read
x3204c0s25b0n0:16109:19907 [1] NCCL INFO New proxy send connection 4 from local rank 1, transport 0
x3204c0s25b0n0:16111:19782 [3] NCCL INFO Connection to proxy localRank 3 -> connection 0x1513e4000f40
x3204c0s25b0n0:16111:19902 [3] NCCL INFO transport/p2p.cc:430 Cuda Alloc Size 6291456 pointer 0x1513d6c00000
x3204c0s25b0n0:16109:19783 [1] NCCL INFO Connection to proxy localRank 1 -> connection 0x15025c000d80
x3204c0s25b0n0:16109:19907 [1] NCCL INFO transport/p2p.cc:430 Cuda Alloc Size 6291456 pointer 0x150257400000
x3204c0s25b0n0:16109:19783 [1] NCCL INFO Channel 01/0 : 17[46000] -> 16[7000] via P2P/IPC/read
x3204c0s25b0n0:16109:19907 [1] NCCL INFO New proxy send connection 5 from local rank 1, transport 0
x3204c0s25b0n0:16109:19783 [1] NCCL INFO Connection to proxy localRank 1 -> connection 0x15025c000dc0
x3204c0s25b0n0:16109:19907 [1] NCCL INFO transport/p2p.cc:430 Cuda Alloc Size 6291456 pointer 0x150257a00000
x3204c0s25b0n0:16109:19783 [1] NCCL INFO Channel 02/0 : 17[46000] -> 16[7000] via P2P/IPC/read
x3204c0s25b0n0:16109:19907 [1] NCCL INFO New proxy send connection 6 from local rank 1, transport 0
x3204c0s25b0n0:16109:19783 [1] NCCL INFO Connection to proxy localRank 1 -> connection 0x15025c000e00
x3204c0s25b0n0:16109:19907 [1] NCCL INFO transport/p2p.cc:430 Cuda Alloc Size 6291456 pointer 0x1502d5200000
x3204c0s25b0n0:16109:19783 [1] NCCL INFO Channel 03/0 : 17[46000] -> 16[7000] via P2P/IPC/read
x3204c0s25b0n0:16109:19907 [1] NCCL INFO New proxy send connection 7 from local rank 1, transport 0
x3204c0s25b0n0:16109:19783 [1] NCCL INFO Connection to proxy localRank 1 -> connection 0x15025c000e40
x3204c0s25b0n0:16109:19907 [1] NCCL INFO transport/p2p.cc:430 Cuda Alloc Size 6291456 pointer 0x15024e000000
x3204c0s25b0n0:16109:19783 [1] NCCL INFO Connected all rings
x3204c0s25b0n0:16109:19907 [1] NCCL INFO New proxy recv connection 8 from local rank 1, transport 0
x3204c0s25b0n0:16108:19781 [0] NCCL INFO Connected all rings
x3204c0s25b0n0:16108:19781 [0] NCCL INFO Channel 00/0 : 16[7000] -> 17[46000] via P2P/IPC/read
x3204c0s25b0n0:16108:19913 [0] NCCL INFO New proxy send connection 8 from local rank 0, transport 0
x3204c0s25b0n0:16108:19781 [0] NCCL INFO Connection to proxy localRank 0 -> connection 0x151788000e80
x3204c0s25b0n0:16108:19913 [0] NCCL INFO transport/p2p.cc:430 Cuda Alloc Size 6291456 pointer 0x151785200000
x3204c0s25b0n0:16109:19783 [1] NCCL INFO Connection to proxy localRank 1 -> connection 0x15025c000e80
x3204c0s25b0n0:16109:19907 [1] NCCL INFO transport/p2p.cc:449 Cuda Alloc Size 6291456 pointer 0x15024c000000
x3204c0s25b0n0:16108:19781 [0] NCCL INFO Channel 01/0 : 16[7000] -> 17[46000] via P2P/IPC/read
x3204c0s25b0n0:16108:19913 [0] NCCL INFO New proxy send connection 9 from local rank 0, transport 0
x3204c0s25b0n0:16109:19907 [1] NCCL INFO New proxy recv connection 9 from local rank 1, transport 0
x3204c0s25b0n0:16108:19781 [0] NCCL INFO Connection to proxy localRank 0 -> connection 0x151788000ec0
x3204c0s25b0n0:16108:19913 [0] NCCL INFO transport/p2p.cc:430 Cuda Alloc Size 6291456 pointer 0x151785800000
x3204c0s25b0n0:16109:19783 [1] NCCL INFO Connection to proxy localRank 1 -> connection 0x15025c000ec0
x3204c0s25b0n0:16109:19907 [1] NCCL INFO transport/p2p.cc:449 Cuda Alloc Size 6291456 pointer 0x15024c600000
x3204c0s25b0n0:16109:19907 [1] NCCL INFO New proxy recv connection 10 from local rank 1, transport 0
x3204c0s25b0n0:16108:19781 [0] NCCL INFO Channel 02/0 : 16[7000] -> 17[46000] via P2P/IPC/read
x3204c0s25b0n0:16108:19913 [0] NCCL INFO New proxy send connection 10 from local rank 0, transport 0
x3204c0s25b0n0:16108:19781 [0] NCCL INFO Connection to proxy localRank 0 -> connection 0x151788000f00
x3204c0s25b0n0:16108:19913 [0] NCCL INFO transport/p2p.cc:430 Cuda Alloc Size 6291456 pointer 0x151782000000
x3204c0s25b0n0:16109:19783 [1] NCCL INFO Connection to proxy localRank 1 -> connection 0x15025c000f00
x3204c0s25b0n0:16109:19907 [1] NCCL INFO transport/p2p.cc:449 Cuda Alloc Size 6291456 pointer 0x15024cc00000
x3204c0s25b0n0:16108:19781 [0] NCCL INFO Channel 03/0 : 16[7000] -> 17[46000] via P2P/IPC/read
x3204c0s25b0n0:16108:19913 [0] NCCL INFO New proxy send connection 11 from local rank 0, transport 0
x3204c0s25b0n0:16109:19907 [1] NCCL INFO New proxy recv connection 11 from local rank 1, transport 0
x3204c0s25b0n0:16108:19781 [0] NCCL INFO Connection to proxy localRank 0 -> connection 0x151788000f40
x3204c0s25b0n0:16108:19913 [0] NCCL INFO transport/p2p.cc:430 Cuda Alloc Size 6291456 pointer 0x151782600000
x3204c0s25b0n0:16109:19783 [1] NCCL INFO Connection to proxy localRank 1 -> connection 0x15025c000f40
x3204c0s25b0n0:16109:19907 [1] NCCL INFO transport/p2p.cc:449 Cuda Alloc Size 6291456 pointer 0x15024d200000
x3204c0s25b0n0:16109:19783 [1] NCCL INFO Channel 00/0 : 17[46000] -> 18[85000] via P2P/IPC/read
x3204c0s25b0n0:16109:19907 [1] NCCL INFO New proxy send connection 12 from local rank 1, transport 0
x3204c0s25b0n0:16109:19783 [1] NCCL INFO Connection to proxy localRank 1 -> connection 0x15025c000f80
x3204c0s25b0n0:16109:19907 [1] NCCL INFO transport/p2p.cc:430 Cuda Alloc Size 6291456 pointer 0x15024d800000
x3204c0s25b0n0:16109:19783 [1] NCCL INFO Channel 01/0 : 17[46000] -> 18[85000] via P2P/IPC/read
x3204c0s25b0n0:16109:19907 [1] NCCL INFO New proxy send connection 13 from local rank 1, transport 0
x3204c0s25b0n0:16109:19783 [1] NCCL INFO Connection to proxy localRank 1 -> connection 0x15025c000fc0
x3204c0s25b0n0:16109:19907 [1] NCCL INFO transport/p2p.cc:430 Cuda Alloc Size 6291456 pointer 0x15024a000000
x3204c0s25b0n0:16109:19783 [1] NCCL INFO Channel 02/0 : 17[46000] -> 18[85000] via P2P/IPC/read
x3204c0s25b0n0:16109:19907 [1] NCCL INFO New proxy send connection 14 from local rank 1, transport 0
x3204c0s25b0n0:16109:19783 [1] NCCL INFO Connection to proxy localRank 1 -> connection 0x15025c001000
x3204c0s25b0n0:16109:19907 [1] NCCL INFO transport/p2p.cc:430 Cuda Alloc Size 6291456 pointer 0x15024a600000
x3204c0s25b0n0:16109:19783 [1] NCCL INFO Channel 03/0 : 17[46000] -> 18[85000] via P2P/IPC/read
x3204c0s25b0n0:16109:19907 [1] NCCL INFO New proxy send connection 15 from local rank 1, transport 0
x3204c0s25b0n0:16109:19783 [1] NCCL INFO Connection to proxy localRank 1 -> connection 0x15025c001040
x3204c0s25b0n0:16109:19907 [1] NCCL INFO transport/p2p.cc:430 Cuda Alloc Size 6291456 pointer 0x15024ac00000
x3204c0s25b0n0:16109:19783 [1] NCCL INFO GPU Direct RDMA Disabled for GPU 46000 / HCA 1 (distance 6 > 4)
x3204c0s25b0n0:16109:19907 [1] NCCL INFO New proxy recv connection 16 from local rank 1, transport 2
x3204c0s25b0n0:16108:19781 [0] NCCL INFO GPU Direct RDMA Disabled for GPU 7000 / HCA 1 (distance 7 > 4)
x3204c0s25b0n0:16108:19913 [0] NCCL INFO Allocated 4194656 bytes of shared memory in /dev/shm/nccl-GXOEDb

x3204c0s25b0n0:16108:19913 [0] NCCL INFO New proxy recv connection 12 from local rank 0, transport 2
x3204c0s25b0n0:16110:19909 [2] NCCL INFO New proxy recv connection 12 from local rank 2, transport 0
x3204c0s25b0n0:16110:19784 [2] NCCL INFO Connection to proxy localRank 2 -> connection 0x14a984000f80
x3204c0s25b0n0:16110:19909 [2] NCCL INFO transport/p2p.cc:449 Cuda Alloc Size 6291456 pointer 0x14a977200000
x3204c0s25b0n0:16109:19783 [1] NCCL INFO Connection to proxy localRank 1 -> connection 0x15025c001080
x3204c0s25b0n0:16108:19781 [0] NCCL INFO Connection to proxy localRank 0 -> connection 0x151788000f80
x3204c0s25b0n0:16110:19909 [2] NCCL INFO New proxy recv connection 13 from local rank 2, transport 0
x3204c0s25b0n0:16109:19783 [1] NCCL INFO Channel 00/0 : 8[7000] -> 17[46000] [receive] via NET/IB/1
x3204c0s25b0n0:16109:19783 [1] NCCL INFO GPU Direct RDMA Disabled for GPU 46000 / HCA 0 (distance 7 > 4)
x3204c0s25b0n0:16109:19907 [1] NCCL INFO New proxy recv connection 17 from local rank 1, transport 2
x3204c0s25b0n0:16108:19781 [0] NCCL INFO Channel 02/0 : 12[7000] -> 16[7000] [receive] via NET/IB/1
x3204c0s25b0n0:16108:19781 [0] NCCL INFO GPU Direct RDMA Disabled for GPU 7000 / HCA 0 (distance 7 > 4)
x3204c0s25b0n0:16108:19913 [0] NCCL INFO New proxy recv connection 13 from local rank 0, transport 2
x3204c0s25b0n0:16110:19784 [2] NCCL INFO Connection to proxy localRank 2 -> connection 0x14a984000fc0
x3204c0s25b0n0:16110:19909 [2] NCCL INFO transport/p2p.cc:449 Cuda Alloc Size 6291456 pointer 0x14a977800000
x3204c0s25b0n0:16109:19783 [1] NCCL INFO Connection to proxy localRank 1 -> connection 0x15025c0010c0
x3204c0s25b0n0:16108:19781 [0] NCCL INFO Connection to proxy localRank 0 -> connection 0x151788000fc0
x3204c0s25b0n0:16110:19909 [2] NCCL INFO New proxy recv connection 14 from local rank 2, transport 0
x3204c0s25b0n0:16109:19783 [1] NCCL INFO Channel 01/0 : 8[7000] -> 17[46000] [receive] via NET/IB/0
x3204c0s25b0n0:16108:19781 [0] NCCL INFO Channel 03/0 : 12[7000] -> 16[7000] [receive] via NET/IB/0
x3204c0s25b0n0:16108:19781 [0] NCCL INFO GPU Direct RDMA Disabled for GPU 7000 / HCA 1 (distance 7 > 4)
x3204c0s25b0n0:16108:19913 [0] NCCL INFO New proxy send connection 14 from local rank 0, transport 2
x3204c0s25b0n0:16108:19781 [0] NCCL INFO Connection to proxy localRank 0 -> connection 0x151788001000
x3204c0s25b0n0:16108:19781 [0] NCCL INFO Channel 00/0 : 16[7000] -> 0[7000] [send] via NET/IB/1
x3204c0s25b0n0:16108:19781 [0] NCCL INFO GPU Direct RDMA Disabled for GPU 7000 / HCA 0 (distance 7 > 4)
x3204c0s25b0n0:16110:19784 [2] NCCL INFO Connection to proxy localRank 2 -> connection 0x14a984001000
x3204c0s25b0n0:16108:19913 [0] NCCL INFO New proxy send connection 15 from local rank 0, transport 2
x3204c0s25b0n0:16110:19909 [2] NCCL INFO transport/p2p.cc:449 Cuda Alloc Size 6291456 pointer 0x14a974000000
x3204c0s25b0n0:16109:19907 [1] NCCL INFO transport/net_ib.cc:683 Ib Alloc Size 21688 pointer 0x15025c0be000
x3204c0s25b0n0:16109:19907 [1] NCCL INFO transport/net_ib.cc:696 Ib Alloc Size 552 pointer 0x15025c01b000
x3204c0s25b0n0:16110:19909 [2] NCCL INFO New proxy recv connection 15 from local rank 2, transport 0
x3204c0s25b0n0:16108:19781 [0] NCCL INFO Connection to proxy localRank 0 -> connection 0x151788001040
x3204c0s25b0n0:16108:19781 [0] NCCL INFO Channel 01/0 : 16[7000] -> 0[7000] [send] via NET/IB/0
x3204c0s25b0n0:16108:19913 [0] NCCL INFO transport/net_ib.cc:596 Ib Alloc Size 26560 pointer 0x151788026000
x3204c0s25b0n0:16108:19913 [0] NCCL INFO NET/IB: Dev 1 Port 1 qpn 3539 mtu 5 GID 0 (80FE/9F3900FEFF000000)
x3204c0s25b0n0:16108:19913 [0] NCCL INFO transport/net_ib.cc:653 Ib Alloc Size 552 pointer 0x15178803e000
x3204c0s25b0n0:16108:19913 [0] NCCL INFO transport/net.cc:571 Cuda Host Alloc Size 9641984 pointer 0x151780600000
x3204c0s25b0n0:16110:19784 [2] NCCL INFO Connection to proxy localRank 2 -> connection 0x14a984001040
x3204c0s25b0n0:16110:19909 [2] NCCL INFO transport/p2p.cc:449 Cuda Alloc Size 6291456 pointer 0x14a974600000
x3204c0s25b0n0:16109:19907 [1] NCCL INFO transport/net_ib.cc:771 Ib Alloc Size 552 pointer 0x15025c0e0000
x3204c0s25b0n0:16109:19907 [1] NCCL INFO transport/net.cc:698 Cuda Host Alloc Size 9641984 pointer 0x150246600000
x3204c0s25b0n0:16108:19913 [0] NCCL INFO transport/net_ib.cc:596 Ib Alloc Size 26560 pointer 0x151788040000
x3204c0s25b0n0:16109:19907 [1] NCCL INFO transport/net_ib.cc:683 Ib Alloc Size 21688 pointer 0x15025c0e2000
x3204c0s25b0n0:16109:19907 [1] NCCL INFO transport/net_ib.cc:696 Ib Alloc Size 552 pointer 0x15025c0e9000
x3204c0s25b0n0:16110:19784 [2] NCCL INFO Channel 00/0 : 18[85000] -> 17[46000] via P2P/IPC/read
x3204c0s25b0n0:16108:19913 [0] NCCL INFO NET/IB: Dev 0 Port 1 qpn 3772 mtu 5 GID 0 (80FE/FC3900FEFF000000)
x3204c0s25b0n0:16108:19913 [0] NCCL INFO transport/net_ib.cc:653 Ib Alloc Size 552 pointer 0x151788057000
x3204c0s25b0n0:16108:19913 [0] NCCL INFO transport/net.cc:571 Cuda Host Alloc Size 9641984 pointer 0x151781000000
x3204c0s25b0n0:16110:19909 [2] NCCL INFO New proxy send connection 16 from local rank 2, transport 0
x3204c0s25b0n0:16110:19784 [2] NCCL INFO Connection to proxy localRank 2 -> connection 0x14a984001080
x3204c0s25b0n0:16108:19913 [0] NCCL INFO transport/net_ib.cc:683 Ib Alloc Size 21688 pointer 0x151788059000
x3204c0s25b0n0:16108:19913 [0] NCCL INFO transport/net_ib.cc:696 Ib Alloc Size 552 pointer 0x151788060000
x3204c0s25b0n0:16109:19907 [1] NCCL INFO transport/net_ib.cc:771 Ib Alloc Size 552 pointer 0x15025c104000
x3204c0s25b0n0:16109:19907 [1] NCCL INFO transport/net.cc:698 Cuda Host Alloc Size 9641984 pointer 0x150247000000
x3204c0s25b0n0:16108:19913 [0] NCCL INFO transport/net_ib.cc:771 Ib Alloc Size 552 pointer 0x15178807c000
x3204c0s25b0n0:16108:19913 [0] NCCL INFO transport/net.cc:698 Cuda Host Alloc Size 9641984 pointer 0x15177a000000
x3204c0s25b0n0:16109:19783 [1] NCCL INFO GPU Direct RDMA Disabled for GPU 46000 / HCA 1 (distance 6 > 4)
x3204c0s25b0n0:16109:19907 [1] NCCL INFO New proxy send connection 18 from local rank 1, transport 2
x3204c0s25b0n0:16110:19909 [2] NCCL INFO transport/p2p.cc:430 Cuda Alloc Size 6291456 pointer 0x14a974c00000
x3204c0s25b0n0:16108:19913 [0] NCCL INFO transport/net_ib.cc:683 Ib Alloc Size 21688 pointer 0x15178807e000
x3204c0s25b0n0:16108:19913 [0] NCCL INFO transport/net_ib.cc:696 Ib Alloc Size 552 pointer 0x151788085000
x3204c0s25b0n0:16109:19783 [1] NCCL INFO Connection to proxy localRank 1 -> connection 0x15025c001100
x3204c0s25b0n0:16109:19783 [1] NCCL INFO Channel 00/0 : 17[46000] -> 8[7000] [send] via NET/IB/1
x3204c0s25b0n0:16109:19783 [1] NCCL INFO GPU Direct RDMA Disabled for GPU 46000 / HCA 0 (distance 7 > 4)
x3204c0s25b0n0:16109:19907 [1] NCCL INFO New proxy send connection 19 from local rank 1, transport 2
x3204c0s25b0n0:16108:19913 [0] NCCL INFO transport/net_ib.cc:771 Ib Alloc Size 552 pointer 0x1517880a0000
x3204c0s25b0n0:16108:19913 [0] NCCL INFO transport/net.cc:698 Cuda Host Alloc Size 9641984 pointer 0x15177aa00000
x3204c0s25b0n0:16110:19784 [2] NCCL INFO Channel 01/0 : 18[85000] -> 17[46000] via P2P/IPC/read
x3204c0s25b0n0:16110:19909 [2] NCCL INFO New proxy send connection 17 from local rank 2, transport 0
x3204c0s25b0n0:16109:19783 [1] NCCL INFO Connection to proxy localRank 1 -> connection 0x15025c001140
x3204c0s25b0n0:16109:19783 [1] NCCL INFO Channel 01/0 : 17[46000] -> 8[7000] [send] via NET/IB/0
x3204c0s25b0n0:16109:19907 [1] NCCL INFO transport/net_ib.cc:596 Ib Alloc Size 26560 pointer 0x15025c110000
x3204c0s25b0n0:16108:19781 [0] NCCL INFO GPU Direct RDMA Disabled for GPU 7000 / HCA 1 (distance 7 > 4)
x3204c0s25b0n0:16109:19907 [1] NCCL INFO NET/IB: Dev 1 Port 1 qpn 3544 mtu 5 GID 0 (80FE/9F3900FEFF000000)
x3204c0s25b0n0:16109:19907 [1] NCCL INFO transport/net_ib.cc:653 Ib Alloc Size 552 pointer 0x15025c127000
x3204c0s25b0n0:16109:19907 [1] NCCL INFO transport/net.cc:571 Cuda Host Alloc Size 9641984 pointer 0x150244000000
x3204c0s25b0n0:16108:19913 [0] NCCL INFO New proxy recv connection 16 from local rank 0, transport 2
x3204c0s25b0n0:16110:19784 [2] NCCL INFO Connection to proxy localRank 2 -> connection 0x14a9840010c0
