x3002c0s31b0n0:53441:5012 [3] NCCL INFO + SYS[5000.0] - CPU/0
x3002c0s31b0n0:53441:5012 [3] NCCL INFO + PCI[24.0] - PCI/5000 (11f8406811f8beef)
x3002c0s31b0n0:53441:5012 [3] NCCL INFO               + PCI[24.0] - GPU/7000 (4)
x3002c0s31b0n0:53441:5012 [3] NCCL INFO                             + NVL[88.0] - GPU/85000
x3002c0s31b0n0:53441:5012 [3] NCCL INFO                             + NVL[88.0] - GPU/C7000
x3002c0s31b0n0:53441:5012 [3] NCCL INFO                             + NVL[88.0] - GPU/46000
x3002c0s31b0n0:53441:5012 [3] NCCL INFO CPU/2 (1/2/-1)
x3002c0s31b0n0:53441:5012 [3] NCCL INFO + SYS[5000.0] - CPU/3
x3002c0s31b0n0:53441:5012 [3] NCCL INFO + SYS[5000.0] - CPU/1
x3002c0s31b0n0:53441:5012 [3] NCCL INFO + SYS[5000.0] - CPU/0
x3002c0s31b0n0:53441:5012 [3] NCCL INFO + PCI[24.0] - PCI/44000 (11f8406811f8beef)
x3002c0s31b0n0:53441:5012 [3] NCCL INFO               + PCI[24.0] - GPU/46000 (5)
x3002c0s31b0n0:53441:5012 [3] NCCL INFO                             + NVL[88.0] - GPU/85000
x3002c0s31b0n0:53441:5012 [3] NCCL INFO                             + NVL[88.0] - GPU/C7000
x3002c0s31b0n0:53441:5012 [3] NCCL INFO                             + NVL[88.0] - GPU/7000
x3002c0s31b0n0:53441:5012 [3] NCCL INFO + PCI[12.0] - NIC/43000
x3002c0s31b0n0:53441:5012 [3] NCCL INFO               + NET[12.5] - NET/1 (44e604ffffa4e988/1/12.500000)
x3002c0s31b0n0:53441:5012 [3] NCCL INFO CPU/1 (1/2/-1)
x3002c0s31b0n0:53441:5012 [3] NCCL INFO + SYS[5000.0] - CPU/3
x3002c0s31b0n0:53441:5012 [3] NCCL INFO + SYS[5000.0] - CPU/2
x3002c0s31b0n0:53441:5012 [3] NCCL INFO + SYS[5000.0] - CPU/0
x3002c0s31b0n0:53441:5012 [3] NCCL INFO + PCI[24.0] - PCI/83000 (11f8406811f8beef)
x3002c0s31b0n0:53441:5012 [3] NCCL INFO               + PCI[24.0] - GPU/85000 (6)
x3002c0s31b0n0:53441:5012 [3] NCCL INFO                             + NVL[88.0] - GPU/C7000
x3002c0s31b0n0:53441:5012 [3] NCCL INFO                             + NVL[88.0] - GPU/46000
x3002c0s31b0n0:53441:5012 [3] NCCL INFO                             + NVL[88.0] - GPU/7000
x3002c0s31b0n0:53441:5012 [3] NCCL INFO CPU/0 (1/2/-1)
x3002c0s31b0n0:53441:5012 [3] NCCL INFO + SYS[5000.0] - CPU/3
x3002c0s31b0n0:53441:5012 [3] NCCL INFO + SYS[5000.0] - CPU/2
x3002c0s31b0n0:53441:5012 [3] NCCL INFO + SYS[5000.0] - CPU/1
x3002c0s31b0n0:53441:5012 [3] NCCL INFO + PCI[24.0] - PCI/C5000 (11f8406811f8beef)
x3002c0s31b0n0:53441:5012 [3] NCCL INFO               + PCI[24.0] - GPU/C7000 (7)
x3002c0s31b0n0:53441:5012 [3] NCCL INFO                             + NVL[88.0] - GPU/85000
x3002c0s31b0n0:53441:5012 [3] NCCL INFO                             + NVL[88.0] - GPU/46000
x3002c0s31b0n0:53441:5012 [3] NCCL INFO                             + NVL[88.0] - GPU/7000
x3002c0s31b0n0:53441:5012 [3] NCCL INFO + PCI[12.0] - NIC/C8000
x3002c0s31b0n0:53441:5012 [3] NCCL INFO               + NET[12.5] - NET/0 (48e604ffffa4e988/1/12.500000)
x3002c0s31b0n0:53441:5012 [3] NCCL INFO ==========================================
x3002c0s31b0n0:53441:5012 [3] NCCL INFO GPU/7000 :GPU/7000 (0/5000.000000/LOC) GPU/46000 (1/88.000000/NVL) GPU/85000 (1/88.000000/NVL) GPU/C7000 (1/88.000000/NVL) CPU/3 (2/24.000000/PHB) CPU/2 (3/24.000000/SYS) CPU/1 (3/24.000000/SYS) CPU/0 (3/24.000000/SYS) NET/1 (5/12.000000/SYS) NET/0 (5/12.000000/SYS) 
x3002c0s31b0n0:53441:5012 [3] NCCL INFO GPU/46000 :GPU/7000 (1/88.000000/NVL) GPU/46000 (0/5000.000000/LOC) GPU/85000 (1/88.000000/NVL) GPU/C7000 (1/88.000000/NVL) CPU/3 (3/24.000000/SYS) CPU/2 (2/24.000000/PHB) CPU/1 (3/24.000000/SYS) CPU/0 (3/24.000000/SYS) NET/1 (4/12.000000/PHB) NET/0 (5/12.000000/SYS) 
x3002c0s31b0n0:53441:5012 [3] NCCL INFO GPU/85000 :GPU/7000 (1/88.000000/NVL) GPU/46000 (1/88.000000/NVL) GPU/85000 (0/5000.000000/LOC) GPU/C7000 (1/88.000000/NVL) CPU/3 (3/24.000000/SYS) CPU/2 (3/24.000000/SYS) CPU/1 (2/24.000000/PHB) CPU/0 (3/24.000000/SYS) NET/1 (5/12.000000/SYS) NET/0 (5/12.000000/SYS) 
x3002c0s31b0n0:53441:5012 [3] NCCL INFO GPU/C7000 :GPU/7000 (1/88.000000/NVL) GPU/46000 (1/88.000000/NVL) GPU/85000 (1/88.000000/NVL) GPU/C7000 (0/5000.000000/LOC) CPU/3 (3/24.000000/SYS) CPU/2 (3/24.000000/SYS) CPU/1 (3/24.000000/SYS) CPU/0 (2/24.000000/PHB) NET/1 (5/12.000000/SYS) NET/0 (4/12.000000/PHB) 
x3002c0s31b0n0:53441:5012 [3] NCCL INFO NET/1 :GPU/7000 (5/12.000000/SYS) GPU/46000 (4/12.000000/PHB) GPU/85000 (5/12.000000/SYS) GPU/C7000 (5/12.000000/SYS) CPU/3 (3/12.000000/SYS) CPU/2 (2/12.000000/PHB) CPU/1 (3/12.000000/SYS) CPU/0 (3/12.000000/SYS) NET/1 (0/5000.000000/LOC) NET/0 (5/12.000000/SYS) 
x3002c0s31b0n0:53441:5012 [3] NCCL INFO NET/0 :GPU/7000 (5/12.000000/SYS) GPU/46000 (5/12.000000/SYS) GPU/85000 (5/12.000000/SYS) GPU/C7000 (4/12.000000/PHB) CPU/3 (3/12.000000/SYS) CPU/2 (3/12.000000/SYS) CPU/1 (3/12.000000/SYS) CPU/0 (2/12.000000/PHB) NET/1 (5/12.000000/SYS) NET/0 (0/5000.000000/LOC) 
x3002c0s31b0n0:53441:5012 [3] NCCL INFO Setting affinity for GPU 3 to 01
x3002c0s31b0n0:53441:5012 [3] NCCL INFO Pattern 4, crossNic 0, nChannels 2, bw 12.000000/12.000000, type NVL/SYS, sameChannels 1
x3002c0s31b0n0:53441:5012 [3] NCCL INFO  0 : NET/1 GPU/5 GPU/4 GPU/6 GPU/7 NET/1
x3002c0s31b0n0:53441:5012 [3] NCCL INFO  1 : NET/0 GPU/5 GPU/4 GPU/6 GPU/7 NET/0
x3002c0s31b0n0:53441:5012 [3] NCCL INFO Pattern 1, crossNic 0, nChannels 2, bw 24.000000/12.000000, type NVL/SYS, sameChannels 1
x3002c0s31b0n0:53441:5012 [3] NCCL INFO  0 : NET/1 GPU/4 GPU/5 GPU/6 GPU/7 NET/1
x3002c0s31b0n0:53441:5012 [3] NCCL INFO  1 : NET/0 GPU/4 GPU/5 GPU/6 GPU/7 NET/0
x3002c0s31b0n0:53441:5012 [3] NCCL INFO Pattern 3, crossNic 0, nChannels 0, bw 0.000000/0.000000, type NVL/PIX, sameChannels 1
x3002c0s31b0n0:53438:5014 [0] NCCL INFO Tree 0 : 0 -> 4 -> 5/-1/-1
x3002c0s31b0n0:53438:5014 [0] NCCL INFO Tree 2 : -1 -> 4 -> 5/0/-1
x3002c0s31b0n0:53438:5014 [0] NCCL INFO Tree 1 : 0 -> 4 -> 5/-1/-1
x3002c0s31b0n0:53438:5014 [0] NCCL INFO Tree 3 : -1 -> 4 -> 5/0/-1
x3002c0s31b0n0:53438:5014 [0] NCCL INFO Ring 00 : 5 -> 4 -> 6
x3002c0s31b0n0:53438:5014 [0] NCCL INFO Ring 01 : 5 -> 4 -> 6
x3002c0s31b0n0:53438:5014 [0] NCCL INFO Ring 02 : 5 -> 4 -> 6
x3002c0s31b0n0:53438:5014 [0] NCCL INFO Ring 03 : 5 -> 4 -> 6
x3002c0s31b0n0:53438:5014 [0] NCCL INFO Trees [0] 5/-1/-1->4->0 [1] 5/-1/-1->4->0 [2] 5/0/-1->4->-1 [3] 5/0/-1->4->-1
x3002c0s31b0n0:53438:5014 [0] NCCL INFO misc/utils.cc:235 memory stack hunk malloc(65536)
x3002c0s31b0n0:53438:5014 [0] NCCL INFO channel.cc:23 Cuda Alloc Size 3456 pointer 0x14c193e12c00
x3002c0s31b0n0:53438:5014 [0] NCCL INFO channel.cc:27 Cuda Alloc Size 32 pointer 0x14c193e13a00
x3002c0s31b0n0:53438:5014 [0] NCCL INFO channel.cc:23 Cuda Alloc Size 3456 pointer 0x14c193e13c00
x3002c0s31b0n0:53438:5014 [0] NCCL INFO channel.cc:27 Cuda Alloc Size 32 pointer 0x14c193e14a00
x3002c0s31b0n0:53438:5014 [0] NCCL INFO channel.cc:23 Cuda Alloc Size 3456 pointer 0x14c193e14c00
x3002c0s31b0n0:53438:5014 [0] NCCL INFO channel.cc:27 Cuda Alloc Size 32 pointer 0x14c193e15a00
x3002c0s31b0n0:53438:5014 [0] NCCL INFO channel.cc:23 Cuda Alloc Size 3456 pointer 0x14c193e15c00
x3002c0s31b0n0:53438:5014 [0] NCCL INFO channel.cc:27 Cuda Alloc Size 32 pointer 0x14c193e16a00
x3002c0s31b0n0:53438:5014 [0] NCCL INFO Channel 00/0 : 4[7000] -> 6[85000] via P2P/IPC/read
x3002c0s31b0n0:53438:5115 [0] NCCL INFO Mem Realloc old size 0, new size 8 pointer 0x14c0fc000c60
x3002c0s31b0n0:53438:5115 [0] NCCL INFO New proxy send connection 0 from local rank 0, transport 0
x3002c0s31b0n0:53439:5013 [1] NCCL INFO Tree 0 : 4 -> 5 -> 6/-1/-1
x3002c0s31b0n0:53439:5013 [1] NCCL INFO Tree 2 : 4 -> 5 -> 6/-1/-1
x3002c0s31b0n0:53439:5013 [1] NCCL INFO Tree 1 : 4 -> 5 -> 6/-1/-1
x3002c0s31b0n0:53439:5013 [1] NCCL INFO Tree 3 : 4 -> 5 -> 6/-1/-1
x3002c0s31b0n0:53439:5013 [1] NCCL INFO Ring 00 : 3 -> 5 -> 4
x3002c0s31b0n0:53439:5013 [1] NCCL INFO Ring 01 : 3 -> 5 -> 4
x3002c0s31b0n0:53439:5013 [1] NCCL INFO Ring 02 : 3 -> 5 -> 4
x3002c0s31b0n0:53439:5013 [1] NCCL INFO Ring 03 : 3 -> 5 -> 4
x3002c0s31b0n0:53439:5013 [1] NCCL INFO Trees [0] 6/-1/-1->5->4 [1] 6/-1/-1->5->4 [2] 6/-1/-1->5->4 [3] 6/-1/-1->5->4
x3002c0s31b0n0:53439:5013 [1] NCCL INFO misc/utils.cc:235 memory stack hunk malloc(65536)
x3002c0s31b0n0:53439:5013 [1] NCCL INFO channel.cc:23 Cuda Alloc Size 3456 pointer 0x15443f812c00
x3002c0s31b0n0:53439:5013 [1] NCCL INFO channel.cc:27 Cuda Alloc Size 32 pointer 0x15443f813a00
x3002c0s31b0n0:53439:5013 [1] NCCL INFO channel.cc:23 Cuda Alloc Size 3456 pointer 0x15443f813c00
x3002c0s31b0n0:53439:5013 [1] NCCL INFO channel.cc:27 Cuda Alloc Size 32 pointer 0x15443f814a00
x3002c0s31b0n0:53439:5013 [1] NCCL INFO channel.cc:23 Cuda Alloc Size 3456 pointer 0x15443f814c00
x3002c0s31b0n0:53439:5013 [1] NCCL INFO channel.cc:27 Cuda Alloc Size 32 pointer 0x15443f815a00
x3002c0s31b0n0:53439:5013 [1] NCCL INFO channel.cc:23 Cuda Alloc Size 3456 pointer 0x15443f815c00
x3002c0s31b0n0:53439:5013 [1] NCCL INFO channel.cc:27 Cuda Alloc Size 32 pointer 0x15443f816a00
x3002c0s31b0n0:53439:5013 [1] NCCL INFO GPU Direct RDMA Disabled for GPU 46000 / HCA 1 (distance 6 > 4)
x3002c0s31b0n0:53439:5113 [1] NCCL INFO Mem Realloc old size 0, new size 8 pointer 0x1543d0000c60
x3002c0s31b0n0:53439:5113 [1] NCCL INFO Allocated 4194656 bytes of shared memory in /dev/shm/nccl-VfUQZ1

x3002c0s31b0n0:53439:5113 [1] NCCL INFO New proxy recv connection 0 from local rank 1, transport 2
x3002c0s31b0n0:53438:5014 [0] NCCL INFO Connection to proxy localRank 0 -> connection 0x14c0fc000c80
x3002c0s31b0n0:53439:5013 [1] NCCL INFO Connection to proxy localRank 1 -> connection 0x1543d0000c80
x3002c0s31b0n0:53440:5015 [2] NCCL INFO Ring 00 : 4 -> 6 -> 7
x3002c0s31b0n0:53440:5015 [2] NCCL INFO Ring 01 : 4 -> 6 -> 7
x3002c0s31b0n0:53440:5015 [2] NCCL INFO Ring 02 : 4 -> 6 -> 7
x3002c0s31b0n0:53440:5015 [2] NCCL INFO Ring 03 : 4 -> 6 -> 7
x3002c0s31b0n0:53440:5015 [2] NCCL INFO Trees [0] 7/-1/-1->6->5 [1] 7/-1/-1->6->5 [2] 7/-1/-1->6->5 [3] 7/-1/-1->6->5
x3002c0s31b0n0:53440:5015 [2] NCCL INFO misc/utils.cc:235 memory stack hunk malloc(65536)
x3002c0s31b0n0:53440:5015 [2] NCCL INFO channel.cc:23 Cuda Alloc Size 3456 pointer 0x15121f812c00
x3002c0s31b0n0:53440:5015 [2] NCCL INFO channel.cc:27 Cuda Alloc Size 32 pointer 0x15121f813a00
x3002c0s31b0n0:53440:5015 [2] NCCL INFO channel.cc:23 Cuda Alloc Size 3456 pointer 0x15121f813c00
x3002c0s31b0n0:53440:5015 [2] NCCL INFO channel.cc:27 Cuda Alloc Size 32 pointer 0x15121f814a00
x3002c0s31b0n0:53440:5015 [2] NCCL INFO channel.cc:23 Cuda Alloc Size 3456 pointer 0x15121f814c00
x3002c0s31b0n0:53440:5015 [2] NCCL INFO channel.cc:27 Cuda Alloc Size 32 pointer 0x15121f815a00
x3002c0s31b0n0:53440:5015 [2] NCCL INFO channel.cc:23 Cuda Alloc Size 3456 pointer 0x15121f815c00
x3002c0s31b0n0:53440:5015 [2] NCCL INFO channel.cc:27 Cuda Alloc Size 32 pointer 0x15121f816a00
x3002c0s31b0n0:53440:5015 [2] NCCL INFO Channel 00/0 : 6[85000] -> 7[c7000] via P2P/IPC/read
x3002c0s31b0n0:53438:5115 [0] NCCL INFO transport/p2p.cc:430 Cuda Alloc Size 6291456 pointer 0x14c117800000
x3002c0s31b0n0:53440:5114 [2] NCCL INFO Mem Realloc old size 0, new size 8 pointer 0x1511a4000c60
x3002c0s31b0n0:53440:5114 [2] NCCL INFO New proxy send connection 0 from local rank 2, transport 0
x3002c0s31b0n0:53440:5015 [2] NCCL INFO Connection to proxy localRank 2 -> connection 0x1511a4000c80
x3002c0s31b0n0:53440:5114 [2] NCCL INFO transport/p2p.cc:430 Cuda Alloc Size 6291456 pointer 0x1511c5800000
x3002c0s31b0n0:53440:5015 [2] NCCL INFO Channel 01/0 : 6[85000] -> 7[c7000] via P2P/IPC/read
x3002c0s31b0n0:53440:5114 [2] NCCL INFO New proxy send connection 1 from local rank 2, transport 0
x3002c0s31b0n0:53440:5015 [2] NCCL INFO Connection to proxy localRank 2 -> connection 0x1511a4000cc0
x3002c0s31b0n0:53438:5014 [0] NCCL INFO Channel 01/0 : 4[7000] -> 6[85000] via P2P/IPC/read
x3002c0s31b0n0:53438:5115 [0] NCCL INFO New proxy send connection 1 from local rank 0, transport 0
x3002c0s31b0n0:53439:5013 [1] NCCL INFO Channel 00/0 : 3[c7000] -> 5[46000] [receive] via NET/IB/1
x3002c0s31b0n0:53439:5013 [1] NCCL INFO GPU Direct RDMA Disabled for GPU 46000 / HCA 0 (distance 7 > 4)
x3002c0s31b0n0:53439:5113 [1] NCCL INFO New proxy recv connection 1 from local rank 1, transport 2
x3002c0s31b0n0:53439:5013 [1] NCCL INFO Connection to proxy localRank 1 -> connection 0x1543d0000cc0
x3002c0s31b0n0:53441:5012 [3] NCCL INFO Ring 00 : 6 -> 7 -> 1
x3002c0s31b0n0:53441:5012 [3] NCCL INFO Ring 01 : 6 -> 7 -> 1
x3002c0s31b0n0:53441:5012 [3] NCCL INFO Ring 02 : 6 -> 7 -> 1
x3002c0s31b0n0:53441:5012 [3] NCCL INFO Ring 03 : 6 -> 7 -> 1
x3002c0s31b0n0:53441:5012 [3] NCCL INFO Trees [0] -1/-1/-1->7->6 [1] -1/-1/-1->7->6 [2] -1/-1/-1->7->6 [3] -1/-1/-1->7->6
x3002c0s31b0n0:53441:5012 [3] NCCL INFO misc/utils.cc:235 memory stack hunk malloc(65536)
x3002c0s31b0n0:53441:5012 [3] NCCL INFO channel.cc:23 Cuda Alloc Size 3456 pointer 0x14be1be15200
x3002c0s31b0n0:53441:5012 [3] NCCL INFO channel.cc:27 Cuda Alloc Size 32 pointer 0x14be1be16000
x3002c0s31b0n0:53441:5012 [3] NCCL INFO channel.cc:23 Cuda Alloc Size 3456 pointer 0x14be1be16200
x3002c0s31b0n0:53441:5012 [3] NCCL INFO channel.cc:27 Cuda Alloc Size 32 pointer 0x14be1be17000
x3002c0s31b0n0:53441:5012 [3] NCCL INFO channel.cc:23 Cuda Alloc Size 3456 pointer 0x14be1be17200
x3002c0s31b0n0:53441:5012 [3] NCCL INFO channel.cc:27 Cuda Alloc Size 32 pointer 0x14be1be18000
x3002c0s31b0n0:53441:5012 [3] NCCL INFO channel.cc:23 Cuda Alloc Size 3456 pointer 0x14be1be18200
x3002c0s31b0n0:53441:5012 [3] NCCL INFO channel.cc:27 Cuda Alloc Size 32 pointer 0x14be1be19000
x3002c0s31b0n0:53440:5114 [2] NCCL INFO transport/p2p.cc:430 Cuda Alloc Size 6291456 pointer 0x1511c7600000
x3002c0s31b0n0:53441:5117 [3] NCCL INFO Mem Realloc old size 0, new size 8 pointer 0x14bd50000c60
x3002c0s31b0n0:53441:5117 [3] NCCL INFO New proxy recv connection 0 from local rank 3, transport 0
x3002c0s31b0n0:53441:5012 [3] NCCL INFO Connection to proxy localRank 3 -> connection 0x14bd50000c80
x3002c0s31b0n0:53441:5117 [3] NCCL INFO transport/p2p.cc:449 Cuda Alloc Size 6291456 pointer 0x14bd78a00000
x3002c0s31b0n0:53438:5014 [0] NCCL INFO Connection to proxy localRank 0 -> connection 0x14c0fc000cc0
x3002c0s31b0n0:53438:5115 [0] NCCL INFO transport/p2p.cc:430 Cuda Alloc Size 6291456 pointer 0x14c119600000
x3002c0s31b0n0:53440:5015 [2] NCCL INFO Channel 02/0 : 6[85000] -> 7[c7000] via P2P/IPC/read
x3002c0s31b0n0:53440:5114 [2] NCCL INFO New proxy send connection 2 from local rank 2, transport 0
x3002c0s31b0n0:53438:5014 [0] NCCL INFO Channel 02/0 : 4[7000] -> 6[85000] via P2P/IPC/read
x3002c0s31b0n0:53438:5115 [0] NCCL INFO New proxy send connection 2 from local rank 0, transport 0
x3002c0s31b0n0:53441:5117 [3] NCCL INFO New proxy recv connection 1 from local rank 3, transport 0
x3002c0s31b0n0:53438:5014 [0] NCCL INFO Connection to proxy localRank 0 -> connection 0x14c0fc000d00
x3002c0s31b0n0:53438:5115 [0] NCCL INFO transport/p2p.cc:430 Cuda Alloc Size 6291456 pointer 0x14c11b200000
x3002c0s31b0n0:53440:5015 [2] NCCL INFO Connection to proxy localRank 2 -> connection 0x1511a4000d00
x3002c0s31b0n0:53440:5114 [2] NCCL INFO transport/p2p.cc:430 Cuda Alloc Size 6291456 pointer 0x1511c9200000
x3002c0s31b0n0:53439:5013 [1] NCCL INFO Channel 01/0 : 3[c7000] -> 5[46000] [receive] via NET/IB/0
x3002c0s31b0n0:53439:5013 [1] NCCL INFO GPU Direct RDMA Disabled for GPU 46000 / HCA 1 (distance 6 > 4)
x3002c0s31b0n0:53439:5113 [1] NCCL INFO New proxy recv connection 2 from local rank 1, transport 2
x3002c0s31b0n0:53441:5012 [3] NCCL INFO Connection to proxy localRank 3 -> connection 0x14bd50000cc0
x3002c0s31b0n0:53441:5117 [3] NCCL INFO transport/p2p.cc:449 Cuda Alloc Size 6291456 pointer 0x14bd79000000
x3002c0s31b0n0:53439:5013 [1] NCCL INFO Connection to proxy localRank 1 -> connection 0x1543d0000d00
x3002c0s31b0n0:53440:5015 [2] NCCL INFO Channel 03/0 : 6[85000] -> 7[c7000] via P2P/IPC/read
x3002c0s31b0n0:53440:5114 [2] NCCL INFO New proxy send connection 3 from local rank 2, transport 0
x3002c0s31b0n0:53438:5014 [0] NCCL INFO Channel 03/0 : 4[7000] -> 6[85000] via P2P/IPC/read
x3002c0s31b0n0:53438:5115 [0] NCCL INFO New proxy send connection 3 from local rank 0, transport 0
x3002c0s31b0n0:53439:5013 [1] NCCL INFO Channel 02/0 : 3[c7000] -> 5[46000] [receive] via NET/IB/1
x3002c0s31b0n0:53439:5013 [1] NCCL INFO GPU Direct RDMA Disabled for GPU 46000 / HCA 0 (distance 7 > 4)
x3002c0s31b0n0:53439:5113 [1] NCCL INFO New proxy recv connection 3 from local rank 1, transport 2
x3002c0s31b0n0:53441:5117 [3] NCCL INFO New proxy recv connection 2 from local rank 3, transport 0
x3002c0s31b0n0:53440:5015 [2] NCCL INFO Connection to proxy localRank 2 -> connection 0x1511a4000d40
x3002c0s31b0n0:53440:5114 [2] NCCL INFO transport/p2p.cc:430 Cuda Alloc Size 6291456 pointer 0x1511c9800000
x3002c0s31b0n0:53438:5014 [0] NCCL INFO Connection to proxy localRank 0 -> connection 0x14c0fc000d40
x3002c0s31b0n0:53438:5115 [0] NCCL INFO transport/p2p.cc:430 Cuda Alloc Size 6291456 pointer 0x14c11b800000
x3002c0s31b0n0:53439:5013 [1] NCCL INFO Connection to proxy localRank 1 -> connection 0x1543d0000d40
x3002c0s31b0n0:53441:5012 [3] NCCL INFO Connection to proxy localRank 3 -> connection 0x14bd50000d00
x3002c0s31b0n0:53441:5117 [3] NCCL INFO transport/p2p.cc:449 Cuda Alloc Size 6291456 pointer 0x14bd79600000
x3002c0s31b0n0:53439:5013 [1] NCCL INFO Channel 03/0 : 3[c7000] -> 5[46000] [receive] via NET/IB/0
x3002c0s31b0n0:53441:5117 [3] NCCL INFO New proxy recv connection 3 from local rank 3, transport 0
x3002c0s31b0n0:53441:5012 [3] NCCL INFO Connection to proxy localRank 3 -> connection 0x14bd50000d40
x3002c0s31b0n0:53441:5117 [3] NCCL INFO transport/p2p.cc:449 Cuda Alloc Size 6291456 pointer 0x14bd81400000
x3002c0s31b0n0:53441:5012 [3] NCCL INFO GPU Direct RDMA Disabled for GPU c7000 / HCA 1 (distance 7 > 4)
x3002c0s31b0n0:53440:5114 [2] NCCL INFO New proxy recv connection 4 from local rank 2, transport 0
x3002c0s31b0n0:53440:5015 [2] NCCL INFO Connection to proxy localRank 2 -> connection 0x1511a4000d80
x3002c0s31b0n0:53440:5114 [2] NCCL INFO transport/p2p.cc:449 Cuda Alloc Size 6291456 pointer 0x1511d5200000
x3002c0s31b0n0:53441:5117 [3] NCCL INFO Allocated 4194656 bytes of shared memory in /dev/shm/nccl-ckIZub

x3002c0s31b0n0:53441:5117 [3] NCCL INFO New proxy send connection 4 from local rank 3, transport 2
x3002c0s31b0n0:53441:5012 [3] NCCL INFO Connection to proxy localRank 3 -> connection 0x14bd50000d80
x3002c0s31b0n0:53441:5012 [3] NCCL INFO Channel 00/0 : 7[c7000] -> 1[46000] [send] via NET/IB/1
x3002c0s31b0n0:53441:5012 [3] NCCL INFO GPU Direct RDMA Disabled for GPU c7000 / HCA 0 (distance 6 > 4)
x3002c0s31b0n0:53441:5117 [3] NCCL INFO New proxy send connection 5 from local rank 3, transport 2
x3002c0s31b0n0:53441:5012 [3] NCCL INFO Connection to proxy localRank 3 -> connection 0x14bd50000dc0
x3002c0s31b0n0:53441:5012 [3] NCCL INFO Channel 01/0 : 7[c7000] -> 1[46000] [send] via NET/IB/0
x3002c0s31b0n0:53441:5012 [3] NCCL INFO GPU Direct RDMA Disabled for GPU c7000 / HCA 1 (distance 7 > 4)
x3002c0s31b0n0:53440:5114 [2] NCCL INFO New proxy recv connection 5 from local rank 2, transport 0
x3002c0s31b0n0:53441:5117 [3] NCCL INFO New proxy send connection 6 from local rank 3, transport 2
x3002c0s31b0n0:53441:5012 [3] NCCL INFO Connection to proxy localRank 3 -> connection 0x14bd50000e00
x3002c0s31b0n0:53441:5012 [3] NCCL INFO Channel 02/0 : 7[c7000] -> 1[46000] [send] via NET/IB/1
x3002c0s31b0n0:53441:5012 [3] NCCL INFO GPU Direct RDMA Disabled for GPU c7000 / HCA 0 (distance 6 > 4)
x3002c0s31b0n0:53441:5117 [3] NCCL INFO New proxy send connection 7 from local rank 3, transport 2
x3002c0s31b0n0:53440:5015 [2] NCCL INFO Connection to proxy localRank 2 -> connection 0x1511a4000dc0
x3002c0s31b0n0:53439:5113 [1] NCCL INFO transport/net_ib.cc:683 Ib Alloc Size 21688 pointer 0x1543d001d000
x3002c0s31b0n0:53439:5113 [1] NCCL INFO transport/net_ib.cc:696 Ib Alloc Size 552 pointer 0x1543d0024000
x3002c0s31b0n0:53440:5114 [2] NCCL INFO transport/p2p.cc:449 Cuda Alloc Size 6291456 pointer 0x1511d5800000
x3002c0s31b0n0:53439:5113 [1] NCCL INFO transport/net_ib.cc:771 Ib Alloc Size 552 pointer 0x1543d0041000
x3002c0s31b0n0:53439:5113 [1] NCCL INFO transport/net.cc:698 Cuda Host Alloc Size 9641984 pointer 0x1543eb600000
x3002c0s31b0n0:53440:5114 [2] NCCL INFO New proxy recv connection 6 from local rank 2, transport 0
x3002c0s31b0n0:53441:5012 [3] NCCL INFO Connection to proxy localRank 3 -> connection 0x14bd50000e40
x3002c0s31b0n0:53441:5012 [3] NCCL INFO Channel 03/0 : 7[c7000] -> 1[46000] [send] via NET/IB/0
x3002c0s31b0n0:53441:5117 [3] NCCL INFO transport/net_ib.cc:596 Ib Alloc Size 26560 pointer 0x14bd50020000
x3002c0s31b0n0:53439:5113 [1] NCCL INFO transport/net_ib.cc:683 Ib Alloc Size 21688 pointer 0x1543d0043000
x3002c0s31b0n0:53439:5113 [1] NCCL INFO transport/net_ib.cc:696 Ib Alloc Size 552 pointer 0x1543d004a000
x3002c0s31b0n0:53441:5117 [3] NCCL INFO NET/IB: Dev 1 Port 1 qpn 7022 mtu 5 GID 0 (80FE/DB0000FEFF000000)
x3002c0s31b0n0:53441:5117 [3] NCCL INFO transport/net_ib.cc:653 Ib Alloc Size 552 pointer 0x14bd50038000
x3002c0s31b0n0:53441:5117 [3] NCCL INFO transport/net.cc:571 Cuda Host Alloc Size 9641984 pointer 0x14bd89600000
x3002c0s31b0n0:53439:5113 [1] NCCL INFO transport/net_ib.cc:771 Ib Alloc Size 552 pointer 0x1543d0065000
x3002c0s31b0n0:53439:5113 [1] NCCL INFO transport/net.cc:698 Cuda Host Alloc Size 9641984 pointer 0x1543ed200000
x3002c0s31b0n0:53440:5015 [2] NCCL INFO Connection to proxy localRank 2 -> connection 0x1511a4000e00
x3002c0s31b0n0:53440:5114 [2] NCCL INFO transport/p2p.cc:449 Cuda Alloc Size 6291456 pointer 0x1511d7600000
x3002c0s31b0n0:53441:5117 [3] NCCL INFO transport/net_ib.cc:596 Ib Alloc Size 26560 pointer 0x14bd5003a000
x3002c0s31b0n0:53441:5117 [3] NCCL INFO NET/IB: Dev 0 Port 1 qpn 6778 mtu 5 GID 0 (80FE/9E0000FEFF000000)
x3002c0s31b0n0:53441:5117 [3] NCCL INFO transport/net_ib.cc:653 Ib Alloc Size 552 pointer 0x14bd50051000
x3002c0s31b0n0:53441:5117 [3] NCCL INFO transport/net.cc:571 Cuda Host Alloc Size 9641984 pointer 0x14bd8b600000
x3002c0s31b0n0:53439:5113 [1] NCCL INFO transport/net_ib.cc:683 Ib Alloc Size 21688 pointer 0x1543d0067000
x3002c0s31b0n0:53440:5114 [2] NCCL INFO New proxy recv connection 7 from local rank 2, transport 0
x3002c0s31b0n0:53441:5117 [3] NCCL INFO transport/net_ib.cc:596 Ib Alloc Size 26560 pointer 0x14bd50053000
x3002c0s31b0n0:53441:5117 [3] NCCL INFO NET/IB: Dev 1 Port 1 qpn 7023 mtu 5 GID 0 (80FE/DB0000FEFF000000)
x3002c0s31b0n0:53441:5117 [3] NCCL INFO transport/net_ib.cc:653 Ib Alloc Size 552 pointer 0x14bd5006a000
x3002c0s31b0n0:53441:5117 [3] NCCL INFO transport/net.cc:571 Cuda Host Alloc Size 9641984 pointer 0x14bd8f600000
x3002c0s31b0n0:53439:5113 [1] NCCL INFO transport/net_ib.cc:696 Ib Alloc Size 552 pointer 0x1543d006e000
x3002c0s31b0n0:53440:5015 [2] NCCL INFO Connection to proxy localRank 2 -> connection 0x1511a4000e40
x3002c0s31b0n0:53440:5114 [2] NCCL INFO transport/p2p.cc:449 Cuda Alloc Size 6291456 pointer 0x1511d9600000
x3002c0s31b0n0:53441:5117 [3] NCCL INFO transport/net_ib.cc:596 Ib Alloc Size 26560 pointer 0x14bd5006c000
x3002c0s31b0n0:53441:5117 [3] NCCL INFO NET/IB: Dev 0 Port 1 qpn 6779 mtu 5 GID 0 (80FE/9E0000FEFF000000)
x3002c0s31b0n0:53441:5117 [3] NCCL INFO transport/net_ib.cc:653 Ib Alloc Size 552 pointer 0x14bd50083000
x3002c0s31b0n0:53441:5117 [3] NCCL INFO transport/net.cc:571 Cuda Host Alloc Size 9641984 pointer 0x14bd91600000
x3002c0s31b0n0:53440:5015 [2] NCCL INFO Connected all rings
x3002c0s31b0n0:53438:5115 [0] NCCL INFO New proxy recv connection 4 from local rank 0, transport 0
x3002c0s31b0n0:53440:5114 [2] NCCL INFO New proxy recv connection 8 from local rank 2, transport 0
x3002c0s31b0n0:53439:5113 [1] NCCL INFO transport/net_ib.cc:771 Ib Alloc Size 552 pointer 0x1543d0089000
x3002c0s31b0n0:53439:5113 [1] NCCL INFO transport/net.cc:698 Cuda Host Alloc Size 9641984 pointer 0x1543ef600000
x3002c0s31b0n0:53441:5012 [3] NCCL INFO Connected all rings
x3002c0s31b0n0:53441:5012 [3] NCCL INFO Channel 00/0 : 7[c7000] -> 6[85000] via P2P/IPC/read
x3002c0s31b0n0:53441:5117 [3] NCCL INFO New proxy send connection 8 from local rank 3, transport 0
x3002c0s31b0n0:53438:5014 [0] NCCL INFO Connection to proxy localRank 0 -> connection 0x14c0fc000d80
x3002c0s31b0n0:53438:5115 [0] NCCL INFO transport/p2p.cc:449 Cuda Alloc Size 6291456 pointer 0x14c127200000
x3002c0s31b0n0:53439:5113 [1] NCCL INFO transport/net_ib.cc:683 Ib Alloc Size 21688 pointer 0x1543d008b000
x3002c0s31b0n0:53439:5113 [1] NCCL INFO transport/net_ib.cc:696 Ib Alloc Size 552 pointer 0x1543d0092000
x3002c0s31b0n0:53440:5015 [2] NCCL INFO Connection to proxy localRank 2 -> connection 0x1511a4000e80
x3002c0s31b0n0:53440:5114 [2] NCCL INFO transport/p2p.cc:449 Cuda Alloc Size 6291456 pointer 0x1511ab200000
x3002c0s31b0n0:53441:5012 [3] NCCL INFO Connection to proxy localRank 3 -> connection 0x14bd50000e80
x3002c0s31b0n0:53441:5117 [3] NCCL INFO transport/p2p.cc:430 Cuda Alloc Size 6291456 pointer 0x14bd87800000
x3002c0s31b0n0:53439:5113 [1] NCCL INFO transport/net_ib.cc:771 Ib Alloc Size 552 pointer 0x1543d00ad000
x3002c0s31b0n0:53439:5113 [1] NCCL INFO transport/net.cc:698 Cuda Host Alloc Size 9641984 pointer 0x1543f1600000
x3002c0s31b0n0:53438:5115 [0] NCCL INFO New proxy recv connection 5 from local rank 0, transport 0
x3002c0s31b0n0:53438:5014 [0] NCCL INFO Connection to proxy localRank 0 -> connection 0x14c0fc000dc0
x3002c0s31b0n0:53440:5114 [2] NCCL INFO New proxy recv connection 9 from local rank 2, transport 0
x3002c0s31b0n0:53439:5013 [1] NCCL INFO Channel 00/0 : 5[46000] -> 4[7000] via P2P/IPC/read
x3002c0s31b0n0:53439:5113 [1] NCCL INFO New proxy send connection 4 from local rank 1, transport 0
x3002c0s31b0n0:53441:5012 [3] NCCL INFO Channel 01/0 : 7[c7000] -> 6[85000] via P2P/IPC/read
x3002c0s31b0n0:53441:5117 [3] NCCL INFO New proxy send connection 9 from local rank 3, transport 0
x3002c0s31b0n0:53438:5115 [0] NCCL INFO transport/p2p.cc:449 Cuda Alloc Size 6291456 pointer 0x14c127800000
x3002c0s31b0n0:53438:5115 [0] NCCL INFO New proxy recv connection 6 from local rank 0, transport 0
x3002c0s31b0n0:53440:5015 [2] NCCL INFO Connection to proxy localRank 2 -> connection 0x1511a4000ec0
x3002c0s31b0n0:53439:5013 [1] NCCL INFO Connection to proxy localRank 1 -> connection 0x1543d0000d80
x3002c0s31b0n0:53440:5114 [2] NCCL INFO transport/p2p.cc:449 Cuda Alloc Size 6291456 pointer 0x1511ab800000
x3002c0s31b0n0:53439:5113 [1] NCCL INFO transport/p2p.cc:430 Cuda Alloc Size 6291456 pointer 0x1543e9800000
x3002c0s31b0n0:53441:5012 [3] NCCL INFO Connection to proxy localRank 3 -> connection 0x14bd50000ec0
x3002c0s31b0n0:53441:5117 [3] NCCL INFO transport/p2p.cc:430 Cuda Alloc Size 6291456 pointer 0x14bdab200000
x3002c0s31b0n0:53440:5114 [2] NCCL INFO New proxy recv connection 10 from local rank 2, transport 0
x3002c0s31b0n0:53438:5014 [0] NCCL INFO Connection to proxy localRank 0 -> connection 0x14c0fc000e00
x3002c0s31b0n0:53438:5115 [0] NCCL INFO transport/p2p.cc:449 Cuda Alloc Size 6291456 pointer 0x14c129600000
x3002c0s31b0n0:53441:5012 [3] NCCL INFO Channel 02/0 : 7[c7000] -> 6[85000] via P2P/IPC/read
x3002c0s31b0n0:53441:5117 [3] NCCL INFO New proxy send connection 10 from local rank 3, transport 0
x3002c0s31b0n0:53440:5015 [2] NCCL INFO Connection to proxy localRank 2 -> connection 0x1511a4000f00
x3002c0s31b0n0:53440:5114 [2] NCCL INFO transport/p2p.cc:449 Cuda Alloc Size 6291456 pointer 0x1511a2000000
x3002c0s31b0n0:53439:5013 [1] NCCL INFO Channel 01/0 : 5[46000] -> 4[7000] via P2P/IPC/read
x3002c0s31b0n0:53439:5113 [1] NCCL INFO New proxy send connection 5 from local rank 1, transport 0
x3002c0s31b0n0:53441:5012 [3] NCCL INFO Connection to proxy localRank 3 -> connection 0x14bd50000f00
x3002c0s31b0n0:53441:5117 [3] NCCL INFO transport/p2p.cc:430 Cuda Alloc Size 6291456 pointer 0x14bdab800000
x3002c0s31b0n0:53438:5115 [0] NCCL INFO New proxy recv connection 7 from local rank 0, transport 0
x3002c0s31b0n0:53439:5013 [1] NCCL INFO Connection to proxy localRank 1 -> connection 0x1543d0000dc0
x3002c0s31b0n0:53439:5113 [1] NCCL INFO transport/p2p.cc:430 Cuda Alloc Size 6291456 pointer 0x1543f5600000
x3002c0s31b0n0:53438:5014 [0] NCCL INFO Connection to proxy localRank 0 -> connection 0x14c0fc000e40
x3002c0s31b0n0:53438:5115 [0] NCCL INFO transport/p2p.cc:449 Cuda Alloc Size 6291456 pointer 0x14c12b600000
x3002c0s31b0n0:53441:5012 [3] NCCL INFO Channel 03/0 : 7[c7000] -> 6[85000] via P2P/IPC/read
x3002c0s31b0n0:53441:5117 [3] NCCL INFO New proxy send connection 11 from local rank 3, transport 0
x3002c0s31b0n0:53440:5114 [2] NCCL INFO New proxy recv connection 11 from local rank 2, transport 0
x3002c0s31b0n0:53439:5013 [1] NCCL INFO Channel 02/0 : 5[46000] -> 4[7000] via P2P/IPC/read
x3002c0s31b0n0:53439:5113 [1] NCCL INFO New proxy send connection 6 from local rank 1, transport 0
x3002c0s31b0n0:53441:5012 [3] NCCL INFO Connection to proxy localRank 3 -> connection 0x14bd50000f40
x3002c0s31b0n0:53441:5117 [3] NCCL INFO transport/p2p.cc:430 Cuda Alloc Size 6291456 pointer 0x14bda3a00000
x3002c0s31b0n0:53440:5015 [2] NCCL INFO Connection to proxy localRank 2 -> connection 0x1511a4000f40
x3002c0s31b0n0:53440:5114 [2] NCCL INFO transport/p2p.cc:449 Cuda Alloc Size 6291456 pointer 0x1511a2600000
x3002c0s31b0n0:53439:5013 [1] NCCL INFO Connection to proxy localRank 1 -> connection 0x1543d0000e00
x3002c0s31b0n0:53439:5113 [1] NCCL INFO transport/p2p.cc:430 Cuda Alloc Size 6291456 pointer 0x1543f7600000
x3002c0s31b0n0:53439:5013 [1] NCCL INFO Channel 03/0 : 5[46000] -> 4[7000] via P2P/IPC/read
x3002c0s31b0n0:53439:5113 [1] NCCL INFO New proxy send connection 7 from local rank 1, transport 0
x3002c0s31b0n0:53439:5013 [1] NCCL INFO Connection to proxy localRank 1 -> connection 0x1543d0000e40
x3002c0s31b0n0:53439:5113 [1] NCCL INFO transport/p2p.cc:430 Cuda Alloc Size 6291456 pointer 0x1543f9200000
x3002c0s31b0n0:53439:5013 [1] NCCL INFO Connected all rings
x3002c0s31b0n0:53439:5113 [1] NCCL INFO New proxy recv connection 8 from local rank 1, transport 0
x3002c0s31b0n0:53438:5014 [0] NCCL INFO Connected all rings
x3002c0s31b0n0:53438:5014 [0] NCCL INFO Channel 00/0 : 4[7000] -> 5[46000] via P2P/IPC/read
x3002c0s31b0n0:53438:5115 [0] NCCL INFO New proxy send connection 8 from local rank 0, transport 0
x3002c0s31b0n0:53439:5013 [1] NCCL INFO Connection to proxy localRank 1 -> connection 0x1543d0000e80
x3002c0s31b0n0:53439:5113 [1] NCCL INFO transport/p2p.cc:449 Cuda Alloc Size 6291456 pointer 0x154421a00000
x3002c0s31b0n0:53438:5014 [0] NCCL INFO Connection to proxy localRank 0 -> connection 0x14c0fc000e80
x3002c0s31b0n0:53438:5115 [0] NCCL INFO transport/p2p.cc:430 Cuda Alloc Size 6291456 pointer 0x14c0f7200000
x3002c0s31b0n0:53438:5014 [0] NCCL INFO Channel 01/0 : 4[7000] -> 5[46000] via P2P/IPC/read
x3002c0s31b0n0:53438:5115 [0] NCCL INFO New proxy send connection 9 from local rank 0, transport 0
x3002c0s31b0n0:53439:5113 [1] NCCL INFO New proxy recv connection 9 from local rank 1, transport 0
x3002c0s31b0n0:53439:5013 [1] NCCL INFO Connection to proxy localRank 1 -> connection 0x1543d0000ec0
x3002c0s31b0n0:53439:5113 [1] NCCL INFO transport/p2p.cc:449 Cuda Alloc Size 6291456 pointer 0x1543ca000000
x3002c0s31b0n0:53438:5014 [0] NCCL INFO Connection to proxy localRank 0 -> connection 0x14c0fc000ec0
x3002c0s31b0n0:53438:5115 [0] NCCL INFO transport/p2p.cc:430 Cuda Alloc Size 6291456 pointer 0x14c0f7800000
x3002c0s31b0n0:53439:5113 [1] NCCL INFO New proxy recv connection 10 from local rank 1, transport 0
x3002c0s31b0n0:53439:5013 [1] NCCL INFO Connection to proxy localRank 1 -> connection 0x1543d0000f00
x3002c0s31b0n0:53439:5113 [1] NCCL INFO transport/p2p.cc:449 Cuda Alloc Size 6291456 pointer 0x1543ca600000
x3002c0s31b0n0:53438:5014 [0] NCCL INFO Channel 02/0 : 4[7000] -> 5[46000] via P2P/IPC/read
x3002c0s31b0n0:53438:5115 [0] NCCL INFO New proxy send connection 10 from local rank 0, transport 0
x3002c0s31b0n0:53439:5113 [1] NCCL INFO New proxy recv connection 11 from local rank 1, transport 0
x3002c0s31b0n0:53439:5013 [1] NCCL INFO Connection to proxy localRank 1 -> connection 0x1543d0000f40
x3002c0s31b0n0:53439:5113 [1] NCCL INFO transport/p2p.cc:449 Cuda Alloc Size 6291456 pointer 0x1543cac00000
x3002c0s31b0n0:53438:5014 [0] NCCL INFO Connection to proxy localRank 0 -> connection 0x14c0fc000f00
x3002c0s31b0n0:53438:5115 [0] NCCL INFO transport/p2p.cc:430 Cuda Alloc Size 6291456 pointer 0x14c0f4000000
x3002c0s31b0n0:53439:5013 [1] NCCL INFO Channel 00/0 : 5[46000] -> 6[85000] via P2P/IPC/read
x3002c0s31b0n0:53439:5113 [1] NCCL INFO New proxy send connection 12 from local rank 1, transport 0
x3002c0s31b0n0:53438:5014 [0] NCCL INFO Channel 03/0 : 4[7000] -> 5[46000] via P2P/IPC/read
x3002c0s31b0n0:53438:5115 [0] NCCL INFO New proxy send connection 11 from local rank 0, transport 0
x3002c0s31b0n0:53439:5013 [1] NCCL INFO Connection to proxy localRank 1 -> connection 0x1543d0000f80
x3002c0s31b0n0:53439:5113 [1] NCCL INFO transport/p2p.cc:430 Cuda Alloc Size 6291456 pointer 0x1543cb200000
x3002c0s31b0n0:53438:5014 [0] NCCL INFO Connection to proxy localRank 0 -> connection 0x14c0fc000f40
x3002c0s31b0n0:53438:5115 [0] NCCL INFO transport/p2p.cc:430 Cuda Alloc Size 6291456 pointer 0x14c0f4600000
x3002c0s31b0n0:53439:5013 [1] NCCL INFO Channel 01/0 : 5[46000] -> 6[85000] via P2P/IPC/read
x3002c0s31b0n0:53439:5113 [1] NCCL INFO New proxy send connection 13 from local rank 1, transport 0
x3002c0s31b0n0:53439:5013 [1] NCCL INFO Connection to proxy localRank 1 -> connection 0x1543d0000fc0
x3002c0s31b0n0:53439:5113 [1] NCCL INFO transport/p2p.cc:430 Cuda Alloc Size 6291456 pointer 0x1543cb800000
x3002c0s31b0n0:53439:5013 [1] NCCL INFO Channel 02/0 : 5[46000] -> 6[85000] via P2P/IPC/read
x3002c0s31b0n0:53439:5113 [1] NCCL INFO New proxy send connection 14 from local rank 1, transport 0
x3002c0s31b0n0:53439:5013 [1] NCCL INFO Connection to proxy localRank 1 -> connection 0x1543d0001000
x3002c0s31b0n0:53439:5113 [1] NCCL INFO transport/p2p.cc:430 Cuda Alloc Size 6291456 pointer 0x1543c2000000
x3002c0s31b0n0:53439:5013 [1] NCCL INFO Channel 03/0 : 5[46000] -> 6[85000] via P2P/IPC/read
x3002c0s31b0n0:53439:5113 [1] NCCL INFO New proxy send connection 15 from local rank 1, transport 0
x3002c0s31b0n0:53439:5013 [1] NCCL INFO Connection to proxy localRank 1 -> connection 0x1543d0001040
x3002c0s31b0n0:53439:5113 [1] NCCL INFO transport/p2p.cc:430 Cuda Alloc Size 6291456 pointer 0x1543c2600000
x3002c0s31b0n0:53440:5114 [2] NCCL INFO New proxy recv connection 12 from local rank 2, transport 0
x3002c0s31b0n0:53440:5015 [2] NCCL INFO Connection to proxy localRank 2 -> connection 0x1511a4000f80
x3002c0s31b0n0:53439:5113 [1] NCCL INFO New proxy recv connection 16 from local rank 1, transport 0
x3002c0s31b0n0:53440:5114 [2] NCCL INFO transport/p2p.cc:449 Cuda Alloc Size 6291456 pointer 0x1511a0600000
x3002c0s31b0n0:53438:5014 [0] NCCL INFO GPU Direct RDMA Disabled for GPU 7000 / HCA 1 (distance 7 > 4)
x3002c0s31b0n0:53438:5115 [0] NCCL INFO Allocated 4194656 bytes of shared memory in /dev/shm/nccl-Xt2CvU

x3002c0s31b0n0:53438:5115 [0] NCCL INFO New proxy recv connection 12 from local rank 0, transport 2
x3002c0s31b0n0:53438:5014 [0] NCCL INFO Connection to proxy localRank 0 -> connection 0x14c0fc000f80
x3002c0s31b0n0:53440:5114 [2] NCCL INFO New proxy recv connection 13 from local rank 2, transport 0
x3002c0s31b0n0:53439:5013 [1] NCCL INFO Connection to proxy localRank 1 -> connection 0x1543d0001080
x3002c0s31b0n0:53439:5113 [1] NCCL INFO transport/p2p.cc:449 Cuda Alloc Size 6291456 pointer 0x1543be000000
x3002c0s31b0n0:53438:5014 [0] NCCL INFO Channel 00/0 : 0[7000] -> 4[7000] [receive] via NET/IB/1
x3002c0s31b0n0:53438:5014 [0] NCCL INFO GPU Direct RDMA Disabled for GPU 7000 / HCA 0 (distance 7 > 4)
x3002c0s31b0n0:53438:5115 [0] NCCL INFO New proxy recv connection 13 from local rank 0, transport 2
x3002c0s31b0n0:53439:5113 [1] NCCL INFO New proxy recv connection 17 from local rank 1, transport 0
x3002c0s31b0n0:53438:5014 [0] NCCL INFO Connection to proxy localRank 0 -> connection 0x14c0fc000fc0
x3002c0s31b0n0:53440:5015 [2] NCCL INFO Connection to proxy localRank 2 -> connection 0x1511a4000fc0
x3002c0s31b0n0:53440:5114 [2] NCCL INFO transport/p2p.cc:449 Cuda Alloc Size 6291456 pointer 0x1511a0c00000
x3002c0s31b0n0:53439:5013 [1] NCCL INFO Connection to proxy localRank 1 -> connection 0x1543d00010c0
x3002c0s31b0n0:53439:5113 [1] NCCL INFO transport/p2p.cc:449 Cuda Alloc Size 6291456 pointer 0x1543be600000
x3002c0s31b0n0:53438:5014 [0] NCCL INFO Channel 01/0 : 0[7000] -> 4[7000] [receive] via NET/IB/0
x3002c0s31b0n0:53438:5014 [0] NCCL INFO GPU Direct RDMA Disabled for GPU 7000 / HCA 1 (distance 7 > 4)
x3002c0s31b0n0:53438:5115 [0] NCCL INFO New proxy recv connection 14 from local rank 0, transport 2
x3002c0s31b0n0:53439:5113 [1] NCCL INFO New proxy recv connection 18 from local rank 1, transport 0
x3002c0s31b0n0:53438:5014 [0] NCCL INFO Connection to proxy localRank 0 -> connection 0x14c0fc001000
x3002c0s31b0n0:53440:5114 [2] NCCL INFO New proxy recv connection 14 from local rank 2, transport 0
x3002c0s31b0n0:53439:5013 [1] NCCL INFO Connection to proxy localRank 1 -> connection 0x1543d0001100
x3002c0s31b0n0:53439:5113 [1] NCCL INFO transport/p2p.cc:449 Cuda Alloc Size 6291456 pointer 0x1543bec00000
x3002c0s31b0n0:53439:5113 [1] NCCL INFO New proxy recv connection 19 from local rank 1, transport 0
x3002c0s31b0n0:53438:5014 [0] NCCL INFO Channel 02/0 : 0[7000] -> 4[7000] [receive] via NET/IB/1
x3002c0s31b0n0:53438:5014 [0] NCCL INFO GPU Direct RDMA Disabled for GPU 7000 / HCA 0 (distance 7 > 4)
x3002c0s31b0n0:53438:5115 [0] NCCL INFO New proxy recv connection 15 from local rank 0, transport 2
x3002c0s31b0n0:53440:5015 [2] NCCL INFO Connection to proxy localRank 2 -> connection 0x1511a4001000
x3002c0s31b0n0:53440:5114 [2] NCCL INFO transport/p2p.cc:449 Cuda Alloc Size 6291456 pointer 0x1511a1200000
x3002c0s31b0n0:53439:5013 [1] NCCL INFO Connection to proxy localRank 1 -> connection 0x1543d0001140
x3002c0s31b0n0:53439:5113 [1] NCCL INFO transport/p2p.cc:449 Cuda Alloc Size 6291456 pointer 0x1543bf200000
x3002c0s31b0n0:53438:5014 [0] NCCL INFO Connection to proxy localRank 0 -> connection 0x14c0fc001040
x3002c0s31b0n0:53440:5114 [2] NCCL INFO New proxy recv connection 15 from local rank 2, transport 0
x3002c0s31b0n0:53438:5014 [0] NCCL INFO Channel 03/0 : 0[7000] -> 4[7000] [receive] via NET/IB/0
x3002c0s31b0n0:53438:5014 [0] NCCL INFO GPU Direct RDMA Disabled for GPU 7000 / HCA 1 (distance 7 > 4)
x3002c0s31b0n0:53438:5115 [0] NCCL INFO New proxy send connection 16 from local rank 0, transport 2
x3002c0s31b0n0:53440:5015 [2] NCCL INFO Connection to proxy localRank 2 -> connection 0x1511a4001040
x3002c0s31b0n0:53440:5114 [2] NCCL INFO transport/p2p.cc:449 Cuda Alloc Size 6291456 pointer 0x1511a1800000
x3002c0s31b0n0:53438:5014 [0] NCCL INFO Connection to proxy localRank 0 -> connection 0x14c0fc001080
x3002c0s31b0n0:53438:5014 [0] NCCL INFO Channel 00/0 : 4[7000] -> 0[7000] [send] via NET/IB/1
x3002c0s31b0n0:53438:5014 [0] NCCL INFO GPU Direct RDMA Disabled for GPU 7000 / HCA 0 (distance 7 > 4)
x3002c0s31b0n0:53438:5115 [0] NCCL INFO New proxy send connection 17 from local rank 0, transport 2
x3002c0s31b0n0:53440:5015 [2] NCCL INFO Channel 00/0 : 6[85000] -> 5[46000] via P2P/IPC/read
x3002c0s31b0n0:53440:5114 [2] NCCL INFO New proxy send connection 16 from local rank 2, transport 0
x3002c0s31b0n0:53438:5014 [0] NCCL INFO Connection to proxy localRank 0 -> connection 0x14c0fc0010c0
x3002c0s31b0n0:53438:5014 [0] NCCL INFO Channel 01/0 : 4[7000] -> 0[7000] [send] via NET/IB/0
x3002c0s31b0n0:53438:5014 [0] NCCL INFO GPU Direct RDMA Disabled for GPU 7000 / HCA 1 (distance 7 > 4)
x3002c0s31b0n0:53438:5115 [0] NCCL INFO New proxy send connection 18 from local rank 0, transport 2
x3002c0s31b0n0:53440:5015 [2] NCCL INFO Connection to proxy localRank 2 -> connection 0x1511a4001080
x3002c0s31b0n0:53440:5114 [2] NCCL INFO transport/p2p.cc:430 Cuda Alloc Size 6291456 pointer 0x15119e000000
x3002c0s31b0n0:53438:5014 [0] NCCL INFO Connection to proxy localRank 0 -> connection 0x14c0fc001100
x3002c0s31b0n0:53438:5014 [0] NCCL INFO Channel 02/0 : 4[7000] -> 0[7000] [send] via NET/IB/1
x3002c0s31b0n0:53438:5014 [0] NCCL INFO GPU Direct RDMA Disabled for GPU 7000 / HCA 0 (distance 7 > 4)
x3002c0s31b0n0:53438:5115 [0] NCCL INFO New proxy send connection 19 from local rank 0, transport 2
x3002c0s31b0n0:53440:5015 [2] NCCL INFO Channel 01/0 : 6[85000] -> 5[46000] via P2P/IPC/read
x3002c0s31b0n0:53440:5114 [2] NCCL INFO New proxy send connection 17 from local rank 2, transport 0
x3002c0s31b0n0:53438:5014 [0] NCCL INFO Connection to proxy localRank 0 -> connection 0x14c0fc001140
x3002c0s31b0n0:53438:5014 [0] NCCL INFO Channel 03/0 : 4[7000] -> 0[7000] [send] via NET/IB/0
x3002c0s31b0n0:53438:5115 [0] NCCL INFO transport/net_ib.cc:596 Ib Alloc Size 26560 pointer 0x14c0fc03a000
x3002c0s31b0n0:53440:5015 [2] NCCL INFO Connection to proxy localRank 2 -> connection 0x1511a40010c0
x3002c0s31b0n0:53440:5114 [2] NCCL INFO transport/p2p.cc:430 Cuda Alloc Size 6291456 pointer 0x15119e600000
x3002c0s31b0n0:53438:5115 [0] NCCL INFO NET/IB: Dev 1 Port 1 qpn 7026 mtu 5 GID 0 (80FE/DB0000FEFF000000)
x3002c0s31b0n0:53438:5115 [0] NCCL INFO transport/net_ib.cc:653 Ib Alloc Size 552 pointer 0x14c0fc052000
x3002c0s31b0n0:53438:5115 [0] NCCL INFO transport/net.cc:571 Cuda Host Alloc Size 9641984 pointer 0x14c0f2600000
x3002c0s31b0n0:53438:5115 [0] NCCL INFO transport/net_ib.cc:596 Ib Alloc Size 26560 pointer 0x14c0fc054000
x3002c0s31b0n0:53440:5015 [2] NCCL INFO Channel 02/0 : 6[85000] -> 5[46000] via P2P/IPC/read
x3002c0s31b0n0:53440:5114 [2] NCCL INFO New proxy send connection 18 from local rank 2, transport 0
x3002c0s31b0n0:53438:5115 [0] NCCL INFO NET/IB: Dev 0 Port 1 qpn 6782 mtu 5 GID 0 (80FE/9E0000FEFF000000)
x3002c0s31b0n0:53438:5115 [0] NCCL INFO transport/net_ib.cc:653 Ib Alloc Size 552 pointer 0x14c0fc06b000
x3002c0s31b0n0:53438:5115 [0] NCCL INFO transport/net.cc:571 Cuda Host Alloc Size 9641984 pointer 0x14c0f3000000
x3002c0s31b0n0:53438:5115 [0] NCCL INFO transport/net_ib.cc:596 Ib Alloc Size 26560 pointer 0x14c0fc06d000
x3002c0s31b0n0:53440:5015 [2] NCCL INFO Connection to proxy localRank 2 -> connection 0x1511a4001100
x3002c0s31b0n0:53440:5114 [2] NCCL INFO transport/p2p.cc:430 Cuda Alloc Size 6291456 pointer 0x15119ec00000
x3002c0s31b0n0:53438:5115 [0] NCCL INFO NET/IB: Dev 1 Port 1 qpn 7027 mtu 5 GID 0 (80FE/DB0000FEFF000000)
x3002c0s31b0n0:53438:5115 [0] NCCL INFO transport/net_ib.cc:653 Ib Alloc Size 552 pointer 0x14c0fc084000
x3002c0s31b0n0:53438:5115 [0] NCCL INFO transport/net.cc:571 Cuda Host Alloc Size 9641984 pointer 0x14c0ea000000
x3002c0s31b0n0:53440:5015 [2] NCCL INFO Channel 03/0 : 6[85000] -> 5[46000] via P2P/IPC/read
x3002c0s31b0n0:53440:5114 [2] NCCL INFO New proxy send connection 19 from local rank 2, transport 0
x3002c0s31b0n0:53438:5115 [0] NCCL INFO transport/net_ib.cc:596 Ib Alloc Size 26560 pointer 0x14c0fc086000
x3002c0s31b0n0:53440:5015 [2] NCCL INFO Connection to proxy localRank 2 -> connection 0x1511a4001140
x3002c0s31b0n0:53440:5114 [2] NCCL INFO transport/p2p.cc:430 Cuda Alloc Size 6291456 pointer 0x15119f200000
x3002c0s31b0n0:53438:5115 [0] NCCL INFO NET/IB: Dev 0 Port 1 qpn 6783 mtu 5 GID 0 (80FE/9E0000FEFF000000)
x3002c0s31b0n0:53438:5115 [0] NCCL INFO transport/net_ib.cc:653 Ib Alloc Size 552 pointer 0x14c0fc09d000
x3002c0s31b0n0:53438:5115 [0] NCCL INFO transport/net.cc:571 Cuda Host Alloc Size 9641984 pointer 0x14c0eaa00000
x3002c0s31b0n0:53438:5115 [0] NCCL INFO transport/net_ib.cc:683 Ib Alloc Size 21688 pointer 0x14c0fc09f000
x3002c0s31b0n0:53438:5115 [0] NCCL INFO transport/net_ib.cc:696 Ib Alloc Size 552 pointer 0x14c0fc0a6000
x3002c0s31b0n0:53440:5015 [2] NCCL INFO Connected all trees by HAO
x3002c0s31b0n0:53440:5015 [2] NCCL INFO threadThresholds 8/8/64 | 64/8/64 | 512 | 512
x3002c0s31b0n0:53440:5015 [2] NCCL INFO 4 coll channels, 4 p2p channels, 2 p2p channels per peer
x3002c0s31b0n0:53440:5114 [2] NCCL INFO Allocated 4194656 bytes of shared memory in /dev/shm/nccl-sPckx5

x3002c0s31b0n0:53440:5114 [2] NCCL INFO New proxy send connection 20 from local rank 2, transport 2
x3002c0s31b0n0:53441:5012 [3] NCCL INFO Connected all trees by HAO
x3002c0s31b0n0:53441:5012 [3] NCCL INFO threadThresholds 8/8/64 | 64/8/64 | 512 | 512
x3002c0s31b0n0:53441:5012 [3] NCCL INFO 4 coll channels, 4 p2p channels, 2 p2p channels per peer
x3002c0s31b0n0:53441:5117 [3] NCCL INFO New proxy send connection 12 from local rank 3, transport 2
x3002c0s31b0n0:53439:5013 [1] NCCL INFO Connected all trees by HAO
x3002c0s31b0n0:53439:5013 [1] NCCL INFO threadThresholds 8/8/64 | 64/8/64 | 512 | 512
x3002c0s31b0n0:53439:5013 [1] NCCL INFO 4 coll channels, 4 p2p channels, 2 p2p channels per peer
x3002c0s31b0n0:53438:5115 [0] NCCL INFO transport/net_ib.cc:771 Ib Alloc Size 552 pointer 0x14c0fc0c2000
x3002c0s31b0n0:53438:5115 [0] NCCL INFO transport/net.cc:698 Cuda Host Alloc Size 9641984 pointer 0x14c0eb400000
x3002c0s31b0n0:53439:5113 [1] NCCL INFO New proxy send connection 20 from local rank 1, transport 2
x3002c0s31b0n0:53438:5115 [0] NCCL INFO transport/net_ib.cc:683 Ib Alloc Size 21688 pointer 0x14c0fc0c4000
x3002c0s31b0n0:53438:5115 [0] NCCL INFO transport/net_ib.cc:696 Ib Alloc Size 552 pointer 0x14c0fc0cb000
x3002c0s31b0n0:53438:5115 [0] NCCL INFO transport/net_ib.cc:771 Ib Alloc Size 552 pointer 0x14c0fc0e6000
x3002c0s31b0n0:53438:5115 [0] NCCL INFO transport/net.cc:698 Cuda Host Alloc Size 9641984 pointer 0x14c0e8000000
x3002c0s31b0n0:53441:5012 [3] NCCL INFO Connection to proxy localRank 3 -> connection 0x14bd50000f80
x3002c0s31b0n0:53441:5117 [3] NCCL INFO transport/net.cc:376 Cuda Alloc Size 8388608 pointer 0x14bd4a000000
x3002c0s31b0n0:53440:5015 [2] NCCL INFO Connection to proxy localRank 2 -> connection 0x1511a4001180
x3002c0s31b0n0:53440:5114 [2] NCCL INFO transport/net.cc:376 Cuda Alloc Size 8388608 pointer 0x15119ac00000
x3002c0s31b0n0:53439:5013 [1] NCCL INFO Connection to proxy localRank 1 -> connection 0x1543d0001180
x3002c0s31b0n0:53439:5113 [1] NCCL INFO transport/net.cc:376 Cuda Alloc Size 8388608 pointer 0x1543bd200000
x3002c0s31b0n0:53438:5115 [0] NCCL INFO transport/net_ib.cc:683 Ib Alloc Size 21688 pointer 0x14c0fc0e8000
x3002c0s31b0n0:53438:5115 [0] NCCL INFO transport/net_ib.cc:696 Ib Alloc Size 552 pointer 0x14c0fc0ef000
x3002c0s31b0n0:53438:5115 [0] NCCL INFO transport/net_ib.cc:771 Ib Alloc Size 552 pointer 0x14c0fc10a000
x3002c0s31b0n0:53438:5115 [0] NCCL INFO transport/net.cc:698 Cuda Host Alloc Size 9641984 pointer 0x14c0e8a00000
x3002c0s31b0n0:53438:5115 [0] NCCL INFO transport/net_ib.cc:683 Ib Alloc Size 21688 pointer 0x14c0fc10c000
x3002c0s31b0n0:53438:5115 [0] NCCL INFO transport/net_ib.cc:696 Ib Alloc Size 552 pointer 0x14c0fc113000
x3002c0s31b0n0:53438:5115 [0] NCCL INFO transport/net_ib.cc:771 Ib Alloc Size 552 pointer 0x14c0fc12e000
x3002c0s31b0n0:53438:5115 [0] NCCL INFO transport/net.cc:698 Cuda Host Alloc Size 9641984 pointer 0x14c0e9400000
x3002c0s31b0n0:53438:5014 [0] NCCL INFO Connected all trees by HAO
x3002c0s31b0n0:53438:5014 [0] NCCL INFO threadThresholds 8/8/64 | 64/8/64 | 512 | 512
x3002c0s31b0n0:53438:5014 [0] NCCL INFO 4 coll channels, 4 p2p channels, 2 p2p channels per peer
x3002c0s31b0n0:53438:5115 [0] NCCL INFO New proxy send connection 20 from local rank 0, transport 2
x3002c0s31b0n0:53438:5014 [0] NCCL INFO Connection to proxy localRank 0 -> connection 0x14c0fc001180
x3002c0s31b0n0:53438:5014 [0] NCCL INFO init.cc:367 Cuda Alloc Size 5168 pointer 0x14c193e16c00
x3002c0s31b0n0:53439:5013 [1] NCCL INFO init.cc:367 Cuda Alloc Size 5168 pointer 0x15443f816c00
x3002c0s31b0n0:53441:5012 [3] NCCL INFO init.cc:367 Cuda Alloc Size 5168 pointer 0x14be1be19200
x3002c0s31b0n0:53441:5012 [3] NCCL INFO init.cc:392 Cuda Host Alloc Size 33554432 pointer 0x14bd42000000
x3002c0s31b0n0:53441:5012 [3] NCCL INFO init.cc:398 Cuda Host Alloc Size 128 pointer 0x14be1b400e00
x3002c0s31b0n0:53441:5012 [3] NCCL INFO comm 0x563ebf487250 rank 7 nranks 8 cudaDev 3 busId c7000 - Init COMPLETE
x3002c0s31b0n0:53440:5015 [2] NCCL INFO init.cc:367 Cuda Alloc Size 5168 pointer 0x15121f816c00
x3002c0s31b0n0:53439:5013 [1] NCCL INFO init.cc:392 Cuda Host Alloc Size 33554432 pointer 0x1543ba000000
x3002c0s31b0n0:53439:5013 [1] NCCL INFO init.cc:398 Cuda Host Alloc Size 128 pointer 0x15443ee00a00
x3002c0s31b0n0:53439:5013 [1] NCCL INFO comm 0x5589a5fe3b90 rank 5 nranks 8 cudaDev 1 busId 46000 - Init COMPLETE
x3002c0s31b0n0:53441:53441 [3] NCCL INFO AllReduce: opCount 0 sendbuff 0x14be17800400 recvbuff 0x14be17800400 count 1 datatype 4 op 0 root 0 comm 0x563ebf487250 [nranks=8] stream 0x563ebc4e60f0
x3002c0s31b0n0:53441:53441 [3] NCCL INFO misc/utils.cc:235 memory stack hunk malloc(65536)
[LYD INFO in ncclLaunchKernel (enqueue.cc)] NCHANNELS is: 4x3002c0s31b0n0:53440:5015 [2] NCCL INFO init.cc:392 Cuda Host Alloc Size 33554432 pointer 0x151192000000
x3002c0s31b0n0:53440:5015 [2] NCCL INFO init.cc:398 Cuda Host Alloc Size 128 pointer 0x15121ee00a00
x3002c0s31b0n0:53440:5015 [2] NCCL INFO comm 0x5622b1f8c360 rank 6 nranks 8 cudaDev 2 busId 85000 - Init COMPLETE
x3002c0s31b0n0:53439:53439 [1] NCCL INFO AllReduce: opCount 0 sendbuff 0x15447f600400 recvbuff 0x15447f600400 count 1 datatype 4 op 0 root 0 comm 0x5589a5fe3b90 [nranks=8] stream 0x5589a2efc850
x3002c0s31b0n0:53439:53439 [1] NCCL INFO misc/utils.cc:235 memory stack hunk malloc(65536)
[LYD INFO in ncclLaunchKernel (enqueue.cc)] NCHANNELS is: 4x3002c0s31b0n0:53438:5115 [0] NCCL INFO transport/net.cc:376 Cuda Alloc Size 8388608 pointer 0x14c0e4000000
x3002c0s31b0n0:53438:5014 [0] NCCL INFO init.cc:392 Cuda Host Alloc Size 33554432 pointer 0x14c0e6000000
x3002c0s31b0n0:53438:5014 [0] NCCL INFO init.cc:398 Cuda Host Alloc Size 128 pointer 0x14c193400a00
x3002c0s31b0n0:53438:5014 [0] NCCL INFO comm 0x556d6c110970 rank 4 nranks 8 cudaDev 0 busId 7000 - Init COMPLETE
