x3006c0s37b1n0:61056:64817 [1] NCCL INFO  2 : GPU/0 GPU/1
x3006c0s37b1n0:61056:64817 [1] NCCL INFO  3 : GPU/0 GPU/1
x3006c0s37b1n0:61056:64817 [1] NCCL INFO Pattern 1, crossNic 0, nChannels 4, bw 22.000000/22.000000, type NVL/PIX, sameChannels 1
x3006c0s37b1n0:61056:64817 [1] NCCL INFO  0 : GPU/0 GPU/1
x3006c0s37b1n0:61056:64817 [1] NCCL INFO  1 : GPU/0 GPU/1
x3006c0s37b1n0:61056:64817 [1] NCCL INFO  2 : GPU/0 GPU/1
x3006c0s37b1n0:61056:64817 [1] NCCL INFO  3 : GPU/0 GPU/1
x3006c0s37b1n0:61056:64817 [1] NCCL INFO Pattern 3, crossNic 0, nChannels 4, bw 44.000000/44.000000, type NVL/PIX, sameChannels 0
x3006c0s37b1n0:61056:64817 [1] NCCL INFO  0 : GPU/0 GPU/1
x3006c0s37b1n0:61056:64817 [1] NCCL INFO  1 : GPU/0 GPU/1
x3006c0s37b1n0:61056:64817 [1] NCCL INFO  2 : GPU/1 GPU/0
x3006c0s37b1n0:61056:64817 [1] NCCL INFO  3 : GPU/1 GPU/0
x3006c0s37b1n0:61050:64814 [0] NCCL INFO NET/IB : GPU Direct RDMA Enabled for HCA 0 'mlx5_0'
x3006c0s37b1n0:61050:64814 [0] NCCL INFO NET/IB : GPU Direct RDMA Enabled for HCA 1 'mlx5_1'
x3006c0s37b1n0:61050:64814 [0] NCCL INFO GPU Direct RDMA Disabled for GPU 7000 / HCA 1 (distance 7 > 4)
x3006c0s37b1n0:61050:64814 [0] NCCL INFO GPU Direct RDMA Disabled for GPU 46000 / HCA 1 (distance 6 > 4)
x3006c0s37b1n0:61050:64814 [0] NCCL INFO GPU Direct RDMA Disabled for GPU 7000 / HCA 0 (distance 7 > 4)
x3006c0s37b1n0:61050:64814 [0] NCCL INFO GPU Direct RDMA Disabled for GPU 46000 / HCA 0 (distance 7 > 4)
x3006c0s37b1n0:61050:64814 [0] NCCL INFO === System : maxBw 88.0 totalBw 88.0 ===
x3006c0s37b1n0:61050:64814 [0] NCCL INFO CPU/3 (1/2/-1)
x3006c0s37b1n0:61050:64814 [0] NCCL INFO + SYS[5000.0] - CPU/2
x3006c0s37b1n0:61050:64814 [0] NCCL INFO + SYS[5000.0] - CPU/0
x3006c0s37b1n0:61050:64814 [0] NCCL INFO + PCI[24.0] - PCI/5000 (11f8406811f8beef)
x3006c0s37b1n0:61050:64814 [0] NCCL INFO               + PCI[24.0] - GPU/7000 (0)
x3006c0s37b1n0:61050:64814 [0] NCCL INFO                             + NVL[88.0] - GPU/46000
x3006c0s37b1n0:61050:64814 [0] NCCL INFO CPU/2 (1/2/-1)
x3006c0s37b1n0:61050:64814 [0] NCCL INFO + SYS[5000.0] - CPU/3
x3006c0s37b1n0:61050:64814 [0] NCCL INFO + SYS[5000.0] - CPU/0
x3006c0s37b1n0:61050:64814 [0] NCCL INFO + PCI[24.0] - PCI/44000 (11f8406811f8beef)
x3006c0s37b1n0:61050:64814 [0] NCCL INFO               + PCI[24.0] - GPU/46000 (1)
x3006c0s37b1n0:61050:64814 [0] NCCL INFO                             + NVL[88.0] - GPU/7000
x3006c0s37b1n0:61050:64814 [0] NCCL INFO + PCI[12.0] - NIC/43000
x3006c0s37b1n0:61050:64814 [0] NCCL INFO CPU/0 (1/2/-1)
x3006c0s37b1n0:61050:64814 [0] NCCL INFO + SYS[5000.0] - CPU/3
x3006c0s37b1n0:61050:64814 [0] NCCL INFO + SYS[5000.0] - CPU/2
x3006c0s37b1n0:61050:64814 [0] NCCL INFO + PCI[12.0] - NIC/C8000
x3006c0s37b1n0:61050:64814 [0] NCCL INFO ==========================================
x3006c0s37b1n0:61050:64814 [0] NCCL INFO GPU/7000 :GPU/7000 (0/5000.000000/LOC) GPU/46000 (1/88.000000/NVL) CPU/3 (2/24.000000/PHB) CPU/2 (3/24.000000/SYS) CPU/0 (3/24.000000/SYS) 
x3006c0s37b1n0:61050:64814 [0] NCCL INFO GPU/46000 :GPU/7000 (1/88.000000/NVL) GPU/46000 (0/5000.000000/LOC) CPU/3 (3/24.000000/SYS) CPU/2 (2/24.000000/PHB) CPU/0 (3/24.000000/SYS) 
x3006c0s37b1n0:61050:64814 [0] NCCL INFO Pattern 4, crossNic 0, nChannels 4, bw 22.000000/22.000000, type NVL/PIX, sameChannels 1
x3006c0s37b1n0:61050:64814 [0] NCCL INFO  0 : GPU/0 GPU/1
x3006c0s37b1n0:61050:64814 [0] NCCL INFO  1 : GPU/0 GPU/1
x3006c0s37b1n0:61050:64814 [0] NCCL INFO  2 : GPU/0 GPU/1
x3006c0s37b1n0:61050:64814 [0] NCCL INFO  3 : GPU/0 GPU/1
x3006c0s37b1n0:61050:64814 [0] NCCL INFO Pattern 1, crossNic 0, nChannels 4, bw 22.000000/22.000000, type NVL/PIX, sameChannels 1
x3006c0s37b1n0:61050:64814 [0] NCCL INFO  0 : GPU/0 GPU/1
x3006c0s37b1n0:61050:64814 [0] NCCL INFO  1 : GPU/0 GPU/1
x3006c0s37b1n0:61050:64814 [0] NCCL INFO  2 : GPU/0 GPU/1
x3006c0s37b1n0:61050:64814 [0] NCCL INFO  3 : GPU/0 GPU/1
x3006c0s37b1n0:61050:64814 [0] NCCL INFO Pattern 3, crossNic 0, nChannels 4, bw 44.000000/44.000000, type NVL/PIX, sameChannels 0
x3006c0s37b1n0:61050:64814 [0] NCCL INFO  0 : GPU/0 GPU/1
x3006c0s37b1n0:61050:64814 [0] NCCL INFO  1 : GPU/0 GPU/1
x3006c0s37b1n0:61050:64814 [0] NCCL INFO  2 : GPU/1 GPU/0
x3006c0s37b1n0:61050:64814 [0] NCCL INFO  3 : GPU/1 GPU/0
x3006c0s37b1n0:61050:64814 [0] NCCL INFO Tree 0 : -1 -> 0 -> 1/-1/-1
x3006c0s37b1n0:61050:64814 [0] NCCL INFO Tree 4 : -1 -> 0 -> 1/-1/-1
x3006c0s37b1n0:61050:64814 [0] NCCL INFO Tree 1 : -1 -> 0 -> 1/-1/-1
x3006c0s37b1n0:61050:64814 [0] NCCL INFO Tree 5 : -1 -> 0 -> 1/-1/-1
x3006c0s37b1n0:61050:64814 [0] NCCL INFO Tree 2 : -1 -> 0 -> 1/-1/-1
x3006c0s37b1n0:61050:64814 [0] NCCL INFO Tree 6 : -1 -> 0 -> 1/-1/-1
x3006c0s37b1n0:61050:64814 [0] NCCL INFO Tree 3 : -1 -> 0 -> 1/-1/-1
x3006c0s37b1n0:61050:64814 [0] NCCL INFO Tree 7 : -1 -> 0 -> 1/-1/-1
x3006c0s37b1n0:61050:64814 [0] NCCL INFO Channel 00/08 :    0   1
x3006c0s37b1n0:61050:64814 [0] NCCL INFO Channel 01/08 :    0   1
x3006c0s37b1n0:61050:64814 [0] NCCL INFO Channel 02/08 :    0   1
x3006c0s37b1n0:61050:64814 [0] NCCL INFO Channel 03/08 :    0   1
x3006c0s37b1n0:61050:64814 [0] NCCL INFO Channel 04/08 :    0   1
x3006c0s37b1n0:61050:64814 [0] NCCL INFO Channel 05/08 :    0   1
x3006c0s37b1n0:61050:64814 [0] NCCL INFO Channel 06/08 :    0   1
x3006c0s37b1n0:61050:64814 [0] NCCL INFO Channel 07/08 :    0   1
x3006c0s37b1n0:61050:64814 [0] NCCL INFO Ring 00 : 1 -> 0 -> 1
x3006c0s37b1n0:61050:64814 [0] NCCL INFO Ring 01 : 1 -> 0 -> 1
x3006c0s37b1n0:61050:64814 [0] NCCL INFO Ring 02 : 1 -> 0 -> 1
x3006c0s37b1n0:61050:64814 [0] NCCL INFO Ring 03 : 1 -> 0 -> 1
x3006c0s37b1n0:61050:64814 [0] NCCL INFO Ring 04 : 1 -> 0 -> 1
x3006c0s37b1n0:61050:64814 [0] NCCL INFO Ring 05 : 1 -> 0 -> 1
x3006c0s37b1n0:61050:64814 [0] NCCL INFO Ring 06 : 1 -> 0 -> 1
x3006c0s37b1n0:61050:64814 [0] NCCL INFO Ring 07 : 1 -> 0 -> 1
x3006c0s37b1n0:61050:64814 [0] NCCL INFO Trees [0] 1/-1/-1->0->-1 [1] 1/-1/-1->0->-1 [2] 1/-1/-1->0->-1 [3] 1/-1/-1->0->-1 [4] 1/-1/-1->0->-1 [5] 1/-1/-1->0->-1 [6] 1/-1/-1->0->-1 [7] 1/-1/-1->0->-1
x3006c0s37b1n0:61050:64814 [0] NCCL INFO misc/utils.cc:235 memory stack hunk malloc(65536)
x3006c0s37b1n0:61050:64814 [0] NCCL INFO channel.cc:23 Cuda Alloc Size 1152 pointer 0x149f63e09e00
x3006c0s37b1n0:61050:64814 [0] NCCL INFO channel.cc:27 Cuda Alloc Size 8 pointer 0x149f63e0a400
x3006c0s37b1n0:61050:64814 [0] NCCL INFO channel.cc:23 Cuda Alloc Size 1152 pointer 0x149f63e0a600
x3006c0s37b1n0:61050:64814 [0] NCCL INFO channel.cc:27 Cuda Alloc Size 8 pointer 0x149f63e0ac00
x3006c0s37b1n0:61050:64814 [0] NCCL INFO channel.cc:23 Cuda Alloc Size 1152 pointer 0x149f63e0ae00
x3006c0s37b1n0:61050:64814 [0] NCCL INFO channel.cc:27 Cuda Alloc Size 8 pointer 0x149f63e0b400
x3006c0s37b1n0:61050:64814 [0] NCCL INFO channel.cc:23 Cuda Alloc Size 1152 pointer 0x149f63e0b600
x3006c0s37b1n0:61050:64814 [0] NCCL INFO channel.cc:27 Cuda Alloc Size 8 pointer 0x149f63e0bc00
x3006c0s37b1n0:61050:64814 [0] NCCL INFO channel.cc:23 Cuda Alloc Size 1152 pointer 0x149f63e0be00
x3006c0s37b1n0:61050:64814 [0] NCCL INFO channel.cc:27 Cuda Alloc Size 8 pointer 0x149f63e0c400
x3006c0s37b1n0:61050:64814 [0] NCCL INFO channel.cc:23 Cuda Alloc Size 1152 pointer 0x149f63e0c600
x3006c0s37b1n0:61050:64814 [0] NCCL INFO channel.cc:27 Cuda Alloc Size 8 pointer 0x149f63e0cc00
x3006c0s37b1n0:61050:64814 [0] NCCL INFO channel.cc:23 Cuda Alloc Size 1152 pointer 0x149f63e0ce00
x3006c0s37b1n0:61050:64814 [0] NCCL INFO channel.cc:27 Cuda Alloc Size 8 pointer 0x149f63e0d400
x3006c0s37b1n0:61050:64814 [0] NCCL INFO channel.cc:23 Cuda Alloc Size 1152 pointer 0x149f63e0d600
x3006c0s37b1n0:61050:64814 [0] NCCL INFO channel.cc:27 Cuda Alloc Size 8 pointer 0x149f63e0dc00
x3006c0s37b1n0:61056:64817 [1] NCCL INFO Tree 0 : 0 -> 1 -> -1/-1/-1
x3006c0s37b1n0:61056:64817 [1] NCCL INFO Tree 4 : 0 -> 1 -> -1/-1/-1
x3006c0s37b1n0:61056:64817 [1] NCCL INFO Tree 1 : 0 -> 1 -> -1/-1/-1
x3006c0s37b1n0:61056:64817 [1] NCCL INFO Tree 5 : 0 -> 1 -> -1/-1/-1
x3006c0s37b1n0:61056:64817 [1] NCCL INFO Tree 2 : 0 -> 1 -> -1/-1/-1
x3006c0s37b1n0:61056:64817 [1] NCCL INFO Tree 6 : 0 -> 1 -> -1/-1/-1
x3006c0s37b1n0:61056:64817 [1] NCCL INFO Tree 3 : 0 -> 1 -> -1/-1/-1
x3006c0s37b1n0:61056:64817 [1] NCCL INFO Tree 7 : 0 -> 1 -> -1/-1/-1
x3006c0s37b1n0:61056:64817 [1] NCCL INFO Ring 00 : 0 -> 1 -> 0
x3006c0s37b1n0:61056:64817 [1] NCCL INFO Ring 01 : 0 -> 1 -> 0
x3006c0s37b1n0:61056:64817 [1] NCCL INFO Ring 02 : 0 -> 1 -> 0
x3006c0s37b1n0:61056:64817 [1] NCCL INFO Ring 03 : 0 -> 1 -> 0
x3006c0s37b1n0:61056:64817 [1] NCCL INFO Ring 04 : 0 -> 1 -> 0
x3006c0s37b1n0:61056:64817 [1] NCCL INFO Ring 05 : 0 -> 1 -> 0
x3006c0s37b1n0:61056:64817 [1] NCCL INFO Ring 06 : 0 -> 1 -> 0
x3006c0s37b1n0:61056:64817 [1] NCCL INFO Ring 07 : 0 -> 1 -> 0
x3006c0s37b1n0:61056:64817 [1] NCCL INFO Trees [0] -1/-1/-1->1->0 [1] -1/-1/-1->1->0 [2] -1/-1/-1->1->0 [3] -1/-1/-1->1->0 [4] -1/-1/-1->1->0 [5] -1/-1/-1->1->0 [6] -1/-1/-1->1->0 [7] -1/-1/-1->1->0
x3006c0s37b1n0:61056:64817 [1] NCCL INFO misc/utils.cc:235 memory stack hunk malloc(65536)
x3006c0s37b1n0:61056:64817 [1] NCCL INFO channel.cc:23 Cuda Alloc Size 1152 pointer 0x14e03b809e00
x3006c0s37b1n0:61056:64817 [1] NCCL INFO channel.cc:27 Cuda Alloc Size 8 pointer 0x14e03b80a400
x3006c0s37b1n0:61056:64817 [1] NCCL INFO channel.cc:23 Cuda Alloc Size 1152 pointer 0x14e03b80a600
x3006c0s37b1n0:61056:64817 [1] NCCL INFO channel.cc:27 Cuda Alloc Size 8 pointer 0x14e03b80ac00
x3006c0s37b1n0:61056:64817 [1] NCCL INFO channel.cc:23 Cuda Alloc Size 1152 pointer 0x14e03b80ae00
x3006c0s37b1n0:61056:64817 [1] NCCL INFO channel.cc:27 Cuda Alloc Size 8 pointer 0x14e03b80b400
x3006c0s37b1n0:61056:64817 [1] NCCL INFO channel.cc:23 Cuda Alloc Size 1152 pointer 0x14e03b80b600
x3006c0s37b1n0:61056:64817 [1] NCCL INFO channel.cc:27 Cuda Alloc Size 8 pointer 0x14e03b80bc00
x3006c0s37b1n0:61056:64817 [1] NCCL INFO channel.cc:23 Cuda Alloc Size 1152 pointer 0x14e03b80be00
x3006c0s37b1n0:61056:64817 [1] NCCL INFO channel.cc:27 Cuda Alloc Size 8 pointer 0x14e03b80c400
x3006c0s37b1n0:61056:64817 [1] NCCL INFO channel.cc:23 Cuda Alloc Size 1152 pointer 0x14e03b80c600
x3006c0s37b1n0:61056:64817 [1] NCCL INFO channel.cc:27 Cuda Alloc Size 8 pointer 0x14e03b80cc00
x3006c0s37b1n0:61056:64817 [1] NCCL INFO channel.cc:23 Cuda Alloc Size 1152 pointer 0x14e03b80ce00
x3006c0s37b1n0:61056:64817 [1] NCCL INFO channel.cc:27 Cuda Alloc Size 8 pointer 0x14e03b80d400
x3006c0s37b1n0:61056:64817 [1] NCCL INFO channel.cc:23 Cuda Alloc Size 1152 pointer 0x14e03b80d600
x3006c0s37b1n0:61056:64817 [1] NCCL INFO channel.cc:27 Cuda Alloc Size 8 pointer 0x14e03b80dc00
x3006c0s37b1n0:61050:64822 [0] NCCL INFO Mem Realloc old size 0, new size 8 pointer 0x149ee0000d10
x3006c0s37b1n0:61050:64822 [0] NCCL INFO New proxy recv connection 0 from local rank 0, transport 0
x3006c0s37b1n0:61056:64821 [1] NCCL INFO Mem Realloc old size 0, new size 8 pointer 0x14dfd8000c60
x3006c0s37b1n0:61056:64821 [1] NCCL INFO New proxy recv connection 0 from local rank 1, transport 0
x3006c0s37b1n0:61056:64817 [1] NCCL INFO Connection to proxy localRank 1 -> connection 0x14dfd8000c80
x3006c0s37b1n0:61056:64821 [1] NCCL INFO transport/p2p.cc:449 Cuda Alloc Size 6291456 pointer 0x14dfe7a00000
x3006c0s37b1n0:61050:64814 [0] NCCL INFO Connection to proxy localRank 0 -> connection 0x149ee0000d30
x3006c0s37b1n0:61050:64822 [0] NCCL INFO transport/p2p.cc:449 Cuda Alloc Size 6291456 pointer 0x149ee7a00000
x3006c0s37b1n0:61063:64818 [3] NCCL INFO NET/IB : GPU Direct RDMA Enabled for HCA 0 'mlx5_0'
x3006c0s37b1n0:61063:64818 [3] NCCL INFO NET/IB : GPU Direct RDMA Enabled for HCA 1 'mlx5_1'
x3006c0s37b1n0:61063:64818 [3] NCCL INFO GPU Direct RDMA Disabled for GPU 85000 / HCA 0 (distance 7 > 4)
x3006c0s37b1n0:61063:64818 [3] NCCL INFO GPU Direct RDMA Disabled for GPU c7000 / HCA 0 (distance 6 > 4)
x3006c0s37b1n0:61063:64818 [3] NCCL INFO GPU Direct RDMA Disabled for GPU 85000 / HCA 1 (distance 7 > 4)
x3006c0s37b1n0:61063:64818 [3] NCCL INFO GPU Direct RDMA Disabled for GPU c7000 / HCA 1 (distance 7 > 4)
x3006c0s37b1n0:61063:64818 [3] NCCL INFO === System : maxBw 88.0 totalBw 88.0 ===
x3006c0s37b1n0:61063:64818 [3] NCCL INFO CPU/1 (1/2/-1)
x3006c0s37b1n0:61063:64818 [3] NCCL INFO + SYS[5000.0] - CPU/0
x3006c0s37b1n0:61063:64818 [3] NCCL INFO + SYS[5000.0] - CPU/2
x3006c0s37b1n0:61063:64818 [3] NCCL INFO + PCI[24.0] - PCI/83000 (11f8406811f8beef)
x3006c0s37b1n0:61063:64818 [3] NCCL INFO               + PCI[24.0] - GPU/85000 (0)
x3006c0s37b1n0:61063:64818 [3] NCCL INFO                             + NVL[88.0] - GPU/C7000
x3006c0s37b1n0:61063:64818 [3] NCCL INFO CPU/0 (1/2/-1)
x3006c0s37b1n0:61063:64818 [3] NCCL INFO + SYS[5000.0] - CPU/1
x3006c0s37b1n0:61063:64818 [3] NCCL INFO + SYS[5000.0] - CPU/2
x3006c0s37b1n0:61063:64818 [3] NCCL INFO + PCI[24.0] - PCI/C5000 (11f8406811f8beef)
x3006c0s37b1n0:61063:64818 [3] NCCL INFO               + PCI[24.0] - GPU/C7000 (1)
x3006c0s37b1n0:61063:64818 [3] NCCL INFO                             + NVL[88.0] - GPU/85000
x3006c0s37b1n0:61063:64818 [3] NCCL INFO + PCI[12.0] - NIC/C8000
x3006c0s37b1n0:61063:64818 [3] NCCL INFO CPU/2 (1/2/-1)
x3006c0s37b1n0:61063:64818 [3] NCCL INFO + SYS[5000.0] - CPU/1
x3006c0s37b1n0:61063:64818 [3] NCCL INFO + SYS[5000.0] - CPU/0
x3006c0s37b1n0:61063:64818 [3] NCCL INFO + PCI[12.0] - NIC/43000
x3006c0s37b1n0:61063:64818 [3] NCCL INFO ==========================================
x3006c0s37b1n0:61063:64818 [3] NCCL INFO GPU/85000 :GPU/85000 (0/5000.000000/LOC) GPU/C7000 (1/88.000000/NVL) CPU/1 (2/24.000000/PHB) CPU/0 (3/24.000000/SYS) CPU/2 (3/24.000000/SYS) 
x3006c0s37b1n0:61063:64818 [3] NCCL INFO GPU/C7000 :GPU/85000 (1/88.000000/NVL) GPU/C7000 (0/5000.000000/LOC) CPU/1 (3/24.000000/SYS) CPU/0 (2/24.000000/PHB) CPU/2 (3/24.000000/SYS) 
x3006c0s37b1n0:61063:64818 [3] NCCL INFO Setting affinity for GPU 3 to 01
x3006c0s37b1n0:61063:64818 [3] NCCL INFO Pattern 4, crossNic 0, nChannels 4, bw 22.000000/22.000000, type NVL/PIX, sameChannels 1
x3006c0s37b1n0:61063:64818 [3] NCCL INFO  0 : GPU/0 GPU/1
x3006c0s37b1n0:61063:64818 [3] NCCL INFO  1 : GPU/0 GPU/1
x3006c0s37b1n0:61063:64818 [3] NCCL INFO  2 : GPU/0 GPU/1
x3006c0s37b1n0:61063:64818 [3] NCCL INFO  3 : GPU/0 GPU/1
x3006c0s37b1n0:61063:64818 [3] NCCL INFO Pattern 1, crossNic 0, nChannels 4, bw 22.000000/22.000000, type NVL/PIX, sameChannels 1
x3006c0s37b1n0:61063:64818 [3] NCCL INFO  0 : GPU/0 GPU/1
x3006c0s37b1n0:61063:64818 [3] NCCL INFO  1 : GPU/0 GPU/1
x3006c0s37b1n0:61063:64818 [3] NCCL INFO  2 : GPU/0 GPU/1
x3006c0s37b1n0:61063:64818 [3] NCCL INFO  3 : GPU/0 GPU/1
x3006c0s37b1n0:61063:64818 [3] NCCL INFO Pattern 3, crossNic 0, nChannels 4, bw 44.000000/44.000000, type NVL/PIX, sameChannels 0
x3006c0s37b1n0:61063:64818 [3] NCCL INFO  0 : GPU/0 GPU/1
x3006c0s37b1n0:61063:64818 [3] NCCL INFO  1 : GPU/0 GPU/1
x3006c0s37b1n0:61063:64818 [3] NCCL INFO  2 : GPU/1 GPU/0
x3006c0s37b1n0:61063:64818 [3] NCCL INFO  3 : GPU/1 GPU/0
x3006c0s37b1n0:61056:64821 [1] NCCL INFO New proxy recv connection 1 from local rank 1, transport 0
x3006c0s37b1n0:61050:64822 [0] NCCL INFO New proxy recv connection 1 from local rank 0, transport 0
x3006c0s37b1n0:61059:64816 [2] NCCL INFO NET/IB : GPU Direct RDMA Enabled for HCA 0 'mlx5_0'
x3006c0s37b1n0:61059:64816 [2] NCCL INFO NET/IB : GPU Direct RDMA Enabled for HCA 1 'mlx5_1'
x3006c0s37b1n0:61059:64816 [2] NCCL INFO GPU Direct RDMA Disabled for GPU 85000 / HCA 0 (distance 7 > 4)
x3006c0s37b1n0:61059:64816 [2] NCCL INFO GPU Direct RDMA Disabled for GPU c7000 / HCA 0 (distance 6 > 4)
x3006c0s37b1n0:61059:64816 [2] NCCL INFO GPU Direct RDMA Disabled for GPU 85000 / HCA 1 (distance 7 > 4)
x3006c0s37b1n0:61059:64816 [2] NCCL INFO GPU Direct RDMA Disabled for GPU c7000 / HCA 1 (distance 7 > 4)
x3006c0s37b1n0:61059:64816 [2] NCCL INFO === System : maxBw 88.0 totalBw 88.0 ===
x3006c0s37b1n0:61059:64816 [2] NCCL INFO CPU/1 (1/2/-1)
x3006c0s37b1n0:61059:64816 [2] NCCL INFO + SYS[5000.0] - CPU/0
x3006c0s37b1n0:61059:64816 [2] NCCL INFO + SYS[5000.0] - CPU/2
x3006c0s37b1n0:61059:64816 [2] NCCL INFO + PCI[24.0] - PCI/83000 (11f8406811f8beef)
x3006c0s37b1n0:61059:64816 [2] NCCL INFO               + PCI[24.0] - GPU/85000 (0)
x3006c0s37b1n0:61059:64816 [2] NCCL INFO                             + NVL[88.0] - GPU/C7000
x3006c0s37b1n0:61059:64816 [2] NCCL INFO CPU/0 (1/2/-1)
x3006c0s37b1n0:61059:64816 [2] NCCL INFO + SYS[5000.0] - CPU/1
x3006c0s37b1n0:61059:64816 [2] NCCL INFO + SYS[5000.0] - CPU/2
x3006c0s37b1n0:61059:64816 [2] NCCL INFO + PCI[24.0] - PCI/C5000 (11f8406811f8beef)
x3006c0s37b1n0:61059:64816 [2] NCCL INFO               + PCI[24.0] - GPU/C7000 (1)
x3006c0s37b1n0:61059:64816 [2] NCCL INFO                             + NVL[88.0] - GPU/85000
x3006c0s37b1n0:61059:64816 [2] NCCL INFO + PCI[12.0] - NIC/C8000
x3006c0s37b1n0:61059:64816 [2] NCCL INFO CPU/2 (1/2/-1)
x3006c0s37b1n0:61059:64816 [2] NCCL INFO + SYS[5000.0] - CPU/1
x3006c0s37b1n0:61059:64816 [2] NCCL INFO + SYS[5000.0] - CPU/0
x3006c0s37b1n0:61059:64816 [2] NCCL INFO + PCI[12.0] - NIC/43000
x3006c0s37b1n0:61059:64816 [2] NCCL INFO ==========================================
x3006c0s37b1n0:61059:64816 [2] NCCL INFO GPU/85000 :GPU/85000 (0/5000.000000/LOC) GPU/C7000 (1/88.000000/NVL) CPU/1 (2/24.000000/PHB) CPU/0 (3/24.000000/SYS) CPU/2 (3/24.000000/SYS) 
x3006c0s37b1n0:61059:64816 [2] NCCL INFO GPU/C7000 :GPU/85000 (1/88.000000/NVL) GPU/C7000 (0/5000.000000/LOC) CPU/1 (3/24.000000/SYS) CPU/0 (2/24.000000/PHB) CPU/2 (3/24.000000/SYS) 
x3006c0s37b1n0:61059:64816 [2] NCCL INFO Pattern 4, crossNic 0, nChannels 4, bw 22.000000/22.000000, type NVL/PIX, sameChannels 1
x3006c0s37b1n0:61059:64816 [2] NCCL INFO  0 : GPU/0 GPU/1
x3006c0s37b1n0:61059:64816 [2] NCCL INFO  1 : GPU/0 GPU/1
x3006c0s37b1n0:61059:64816 [2] NCCL INFO  2 : GPU/0 GPU/1
x3006c0s37b1n0:61059:64816 [2] NCCL INFO  3 : GPU/0 GPU/1
x3006c0s37b1n0:61059:64816 [2] NCCL INFO Pattern 1, crossNic 0, nChannels 4, bw 22.000000/22.000000, type NVL/PIX, sameChannels 1
x3006c0s37b1n0:61059:64816 [2] NCCL INFO  0 : GPU/0 GPU/1
x3006c0s37b1n0:61059:64816 [2] NCCL INFO  1 : GPU/0 GPU/1
x3006c0s37b1n0:61059:64816 [2] NCCL INFO  2 : GPU/0 GPU/1
x3006c0s37b1n0:61059:64816 [2] NCCL INFO  3 : GPU/0 GPU/1
x3006c0s37b1n0:61059:64816 [2] NCCL INFO Pattern 3, crossNic 0, nChannels 4, bw 44.000000/44.000000, type NVL/PIX, sameChannels 0
x3006c0s37b1n0:61059:64816 [2] NCCL INFO  0 : GPU/0 GPU/1
x3006c0s37b1n0:61059:64816 [2] NCCL INFO  1 : GPU/0 GPU/1
x3006c0s37b1n0:61059:64816 [2] NCCL INFO  2 : GPU/1 GPU/0
x3006c0s37b1n0:61059:64816 [2] NCCL INFO  3 : GPU/1 GPU/0
x3006c0s37b1n0:61059:64816 [2] NCCL INFO Tree 0 : -1 -> 0 -> 1/-1/-1
x3006c0s37b1n0:61059:64816 [2] NCCL INFO Tree 4 : -1 -> 0 -> 1/-1/-1
x3006c0s37b1n0:61059:64816 [2] NCCL INFO Tree 1 : -1 -> 0 -> 1/-1/-1
x3006c0s37b1n0:61059:64816 [2] NCCL INFO Tree 5 : -1 -> 0 -> 1/-1/-1
x3006c0s37b1n0:61059:64816 [2] NCCL INFO Tree 2 : -1 -> 0 -> 1/-1/-1
x3006c0s37b1n0:61059:64816 [2] NCCL INFO Tree 6 : -1 -> 0 -> 1/-1/-1
x3006c0s37b1n0:61059:64816 [2] NCCL INFO Tree 3 : -1 -> 0 -> 1/-1/-1
x3006c0s37b1n0:61059:64816 [2] NCCL INFO Tree 7 : -1 -> 0 -> 1/-1/-1
x3006c0s37b1n0:61059:64816 [2] NCCL INFO Channel 00/08 :    0   1
x3006c0s37b1n0:61059:64816 [2] NCCL INFO Channel 01/08 :    0   1
x3006c0s37b1n0:61059:64816 [2] NCCL INFO Channel 02/08 :    0   1
x3006c0s37b1n0:61059:64816 [2] NCCL INFO Channel 03/08 :    0   1
x3006c0s37b1n0:61059:64816 [2] NCCL INFO Channel 04/08 :    0   1
x3006c0s37b1n0:61059:64816 [2] NCCL INFO Channel 05/08 :    0   1
x3006c0s37b1n0:61059:64816 [2] NCCL INFO Channel 06/08 :    0   1
x3006c0s37b1n0:61059:64816 [2] NCCL INFO Channel 07/08 :    0   1
x3006c0s37b1n0:61059:64816 [2] NCCL INFO Ring 00 : 1 -> 0 -> 1
x3006c0s37b1n0:61059:64816 [2] NCCL INFO Ring 01 : 1 -> 0 -> 1
x3006c0s37b1n0:61059:64816 [2] NCCL INFO Ring 02 : 1 -> 0 -> 1
x3006c0s37b1n0:61059:64816 [2] NCCL INFO Ring 03 : 1 -> 0 -> 1
x3006c0s37b1n0:61059:64816 [2] NCCL INFO Ring 04 : 1 -> 0 -> 1
x3006c0s37b1n0:61059:64816 [2] NCCL INFO Ring 05 : 1 -> 0 -> 1
x3006c0s37b1n0:61059:64816 [2] NCCL INFO Ring 06 : 1 -> 0 -> 1
x3006c0s37b1n0:61059:64816 [2] NCCL INFO Ring 07 : 1 -> 0 -> 1
x3006c0s37b1n0:61059:64816 [2] NCCL INFO Trees [0] 1/-1/-1->0->-1 [1] 1/-1/-1->0->-1 [2] 1/-1/-1->0->-1 [3] 1/-1/-1->0->-1 [4] 1/-1/-1->0->-1 [5] 1/-1/-1->0->-1 [6] 1/-1/-1->0->-1 [7] 1/-1/-1->0->-1
x3006c0s37b1n0:61059:64816 [2] NCCL INFO misc/utils.cc:235 memory stack hunk malloc(65536)
x3006c0s37b1n0:61059:64816 [2] NCCL INFO channel.cc:23 Cuda Alloc Size 1152 pointer 0x14a5db809e00
x3006c0s37b1n0:61059:64816 [2] NCCL INFO channel.cc:27 Cuda Alloc Size 8 pointer 0x14a5db80a400
x3006c0s37b1n0:61059:64816 [2] NCCL INFO channel.cc:23 Cuda Alloc Size 1152 pointer 0x14a5db80a600
x3006c0s37b1n0:61059:64816 [2] NCCL INFO channel.cc:27 Cuda Alloc Size 8 pointer 0x14a5db80ac00
x3006c0s37b1n0:61059:64816 [2] NCCL INFO channel.cc:23 Cuda Alloc Size 1152 pointer 0x14a5db80ae00
x3006c0s37b1n0:61059:64816 [2] NCCL INFO channel.cc:27 Cuda Alloc Size 8 pointer 0x14a5db80b400
x3006c0s37b1n0:61059:64816 [2] NCCL INFO channel.cc:23 Cuda Alloc Size 1152 pointer 0x14a5db80b600
x3006c0s37b1n0:61059:64816 [2] NCCL INFO channel.cc:27 Cuda Alloc Size 8 pointer 0x14a5db80bc00
x3006c0s37b1n0:61059:64816 [2] NCCL INFO channel.cc:23 Cuda Alloc Size 1152 pointer 0x14a5db80be00
x3006c0s37b1n0:61059:64816 [2] NCCL INFO channel.cc:27 Cuda Alloc Size 8 pointer 0x14a5db80c400
x3006c0s37b1n0:61059:64816 [2] NCCL INFO channel.cc:23 Cuda Alloc Size 1152 pointer 0x14a5db80c600
x3006c0s37b1n0:61059:64816 [2] NCCL INFO channel.cc:27 Cuda Alloc Size 8 pointer 0x14a5db80cc00
x3006c0s37b1n0:61059:64816 [2] NCCL INFO channel.cc:23 Cuda Alloc Size 1152 pointer 0x14a5db80ce00
x3006c0s37b1n0:61059:64816 [2] NCCL INFO channel.cc:27 Cuda Alloc Size 8 pointer 0x14a5db80d400
x3006c0s37b1n0:61059:64816 [2] NCCL INFO channel.cc:23 Cuda Alloc Size 1152 pointer 0x14a5db80d600
x3006c0s37b1n0:61059:64816 [2] NCCL INFO channel.cc:27 Cuda Alloc Size 8 pointer 0x14a5db80dc00
x3006c0s37b1n0:61063:64818 [3] NCCL INFO Tree 0 : 0 -> 1 -> -1/-1/-1
x3006c0s37b1n0:61063:64818 [3] NCCL INFO Tree 4 : 0 -> 1 -> -1/-1/-1
x3006c0s37b1n0:61063:64818 [3] NCCL INFO Tree 1 : 0 -> 1 -> -1/-1/-1
x3006c0s37b1n0:61063:64818 [3] NCCL INFO Tree 5 : 0 -> 1 -> -1/-1/-1
x3006c0s37b1n0:61063:64818 [3] NCCL INFO Tree 2 : 0 -> 1 -> -1/-1/-1
x3006c0s37b1n0:61063:64818 [3] NCCL INFO Tree 6 : 0 -> 1 -> -1/-1/-1
x3006c0s37b1n0:61063:64818 [3] NCCL INFO Tree 3 : 0 -> 1 -> -1/-1/-1
x3006c0s37b1n0:61063:64818 [3] NCCL INFO Tree 7 : 0 -> 1 -> -1/-1/-1
x3006c0s37b1n0:61063:64818 [3] NCCL INFO Ring 00 : 0 -> 1 -> 0
x3006c0s37b1n0:61063:64818 [3] NCCL INFO Ring 01 : 0 -> 1 -> 0
x3006c0s37b1n0:61063:64818 [3] NCCL INFO Ring 02 : 0 -> 1 -> 0
x3006c0s37b1n0:61063:64818 [3] NCCL INFO Ring 03 : 0 -> 1 -> 0
x3006c0s37b1n0:61063:64818 [3] NCCL INFO Ring 04 : 0 -> 1 -> 0
x3006c0s37b1n0:61063:64818 [3] NCCL INFO Ring 05 : 0 -> 1 -> 0
x3006c0s37b1n0:61063:64818 [3] NCCL INFO Ring 06 : 0 -> 1 -> 0
x3006c0s37b1n0:61063:64818 [3] NCCL INFO Ring 07 : 0 -> 1 -> 0
x3006c0s37b1n0:61063:64818 [3] NCCL INFO Trees [0] -1/-1/-1->1->0 [1] -1/-1/-1->1->0 [2] -1/-1/-1->1->0 [3] -1/-1/-1->1->0 [4] -1/-1/-1->1->0 [5] -1/-1/-1->1->0 [6] -1/-1/-1->1->0 [7] -1/-1/-1->1->0
x3006c0s37b1n0:61063:64818 [3] NCCL INFO misc/utils.cc:235 memory stack hunk malloc(65536)
x3006c0s37b1n0:61063:64818 [3] NCCL INFO channel.cc:23 Cuda Alloc Size 1152 pointer 0x150e61809e00
x3006c0s37b1n0:61063:64818 [3] NCCL INFO channel.cc:27 Cuda Alloc Size 8 pointer 0x150e6180a400
x3006c0s37b1n0:61063:64818 [3] NCCL INFO channel.cc:23 Cuda Alloc Size 1152 pointer 0x150e6180a600
x3006c0s37b1n0:61063:64818 [3] NCCL INFO channel.cc:27 Cuda Alloc Size 8 pointer 0x150e6180ac00
x3006c0s37b1n0:61063:64818 [3] NCCL INFO channel.cc:23 Cuda Alloc Size 1152 pointer 0x150e6180ae00
x3006c0s37b1n0:61063:64818 [3] NCCL INFO channel.cc:27 Cuda Alloc Size 8 pointer 0x150e6180b400
x3006c0s37b1n0:61063:64818 [3] NCCL INFO channel.cc:23 Cuda Alloc Size 1152 pointer 0x150e6180b600
x3006c0s37b1n0:61063:64818 [3] NCCL INFO channel.cc:27 Cuda Alloc Size 8 pointer 0x150e6180bc00
x3006c0s37b1n0:61063:64818 [3] NCCL INFO channel.cc:23 Cuda Alloc Size 1152 pointer 0x150e6180be00
x3006c0s37b1n0:61063:64818 [3] NCCL INFO channel.cc:27 Cuda Alloc Size 8 pointer 0x150e6180c400
x3006c0s37b1n0:61063:64818 [3] NCCL INFO channel.cc:23 Cuda Alloc Size 1152 pointer 0x150e6180c600
x3006c0s37b1n0:61063:64818 [3] NCCL INFO channel.cc:27 Cuda Alloc Size 8 pointer 0x150e6180cc00
x3006c0s37b1n0:61063:64818 [3] NCCL INFO channel.cc:23 Cuda Alloc Size 1152 pointer 0x150e6180ce00
x3006c0s37b1n0:61063:64818 [3] NCCL INFO channel.cc:27 Cuda Alloc Size 8 pointer 0x150e6180d400
x3006c0s37b1n0:61063:64818 [3] NCCL INFO channel.cc:23 Cuda Alloc Size 1152 pointer 0x150e6180d600
x3006c0s37b1n0:61063:64818 [3] NCCL INFO channel.cc:27 Cuda Alloc Size 8 pointer 0x150e6180dc00
x3006c0s37b1n0:61063:64831 [3] NCCL INFO Mem Realloc old size 0, new size 8 pointer 0x150e10000c60
x3006c0s37b1n0:61063:64831 [3] NCCL INFO New proxy recv connection 0 from local rank 1, transport 0
x3006c0s37b1n0:61056:64817 [1] NCCL INFO Connection to proxy localRank 1 -> connection 0x14dfd8000cc0
x3006c0s37b1n0:61056:64821 [1] NCCL INFO transport/p2p.cc:449 Cuda Alloc Size 6291456 pointer 0x14dfe9a00000
x3006c0s37b1n0:61050:64814 [0] NCCL INFO Connection to proxy localRank 0 -> connection 0x149ee0000d70
x3006c0s37b1n0:61050:64822 [0] NCCL INFO transport/p2p.cc:449 Cuda Alloc Size 6291456 pointer 0x149ee9a00000
x3006c0s37b1n0:61059:64834 [2] NCCL INFO Mem Realloc old size 0, new size 8 pointer 0x14a57c000d10
x3006c0s37b1n0:61059:64834 [2] NCCL INFO New proxy recv connection 0 from local rank 0, transport 0
x3006c0s37b1n0:61063:64818 [3] NCCL INFO Connection to proxy localRank 1 -> connection 0x150e10000c80
x3006c0s37b1n0:61063:64831 [3] NCCL INFO transport/p2p.cc:449 Cuda Alloc Size 6291456 pointer 0x150e15a00000
x3006c0s37b1n0:61059:64816 [2] NCCL INFO Connection to proxy localRank 0 -> connection 0x14a57c000d30
x3006c0s37b1n0:61059:64834 [2] NCCL INFO transport/p2p.cc:449 Cuda Alloc Size 6291456 pointer 0x14a585a00000
x3006c0s37b1n0:61056:64821 [1] NCCL INFO New proxy recv connection 2 from local rank 1, transport 0
x3006c0s37b1n0:61050:64822 [0] NCCL INFO New proxy recv connection 2 from local rank 0, transport 0
x3006c0s37b1n0:61063:64831 [3] NCCL INFO New proxy recv connection 1 from local rank 1, transport 0
x3006c0s37b1n0:61056:64817 [1] NCCL INFO Connection to proxy localRank 1 -> connection 0x14dfd8000d00
x3006c0s37b1n0:61056:64821 [1] NCCL INFO transport/p2p.cc:449 Cuda Alloc Size 6291456 pointer 0x14dfeb400000
x3006c0s37b1n0:61063:64818 [3] NCCL INFO Connection to proxy localRank 1 -> connection 0x150e10000cc0
x3006c0s37b1n0:61063:64831 [3] NCCL INFO transport/p2p.cc:449 Cuda Alloc Size 6291456 pointer 0x150e17a00000
x3006c0s37b1n0:61059:64834 [2] NCCL INFO New proxy recv connection 1 from local rank 0, transport 0
x3006c0s37b1n0:61056:64821 [1] NCCL INFO New proxy recv connection 3 from local rank 1, transport 0
x3006c0s37b1n0:61050:64814 [0] NCCL INFO Connection to proxy localRank 0 -> connection 0x149ee0000db0
x3006c0s37b1n0:61059:64816 [2] NCCL INFO Connection to proxy localRank 0 -> connection 0x14a57c000d70
x3006c0s37b1n0:61059:64834 [2] NCCL INFO transport/p2p.cc:449 Cuda Alloc Size 6291456 pointer 0x14a587a00000
x3006c0s37b1n0:61063:64831 [3] NCCL INFO New proxy recv connection 2 from local rank 1, transport 0
x3006c0s37b1n0:61050:64822 [0] NCCL INFO transport/p2p.cc:449 Cuda Alloc Size 6291456 pointer 0x149eeb400000
x3006c0s37b1n0:61050:64822 [0] NCCL INFO New proxy recv connection 3 from local rank 0, transport 0
x3006c0s37b1n0:61056:64817 [1] NCCL INFO Connection to proxy localRank 1 -> connection 0x14dfd8000d40
x3006c0s37b1n0:61056:64821 [1] NCCL INFO transport/p2p.cc:449 Cuda Alloc Size 6291456 pointer 0x14dfeba00000
x3006c0s37b1n0:61050:64814 [0] NCCL INFO Connection to proxy localRank 0 -> connection 0x149ee0000df0
x3006c0s37b1n0:61050:64822 [0] NCCL INFO transport/p2p.cc:449 Cuda Alloc Size 6291456 pointer 0x149eeba00000
x3006c0s37b1n0:61059:64834 [2] NCCL INFO New proxy recv connection 2 from local rank 0, transport 0
x3006c0s37b1n0:61063:64818 [3] NCCL INFO Connection to proxy localRank 1 -> connection 0x150e10000d00
x3006c0s37b1n0:61063:64831 [3] NCCL INFO transport/p2p.cc:449 Cuda Alloc Size 6291456 pointer 0x150e19400000
x3006c0s37b1n0:61050:64822 [0] NCCL INFO New proxy recv connection 4 from local rank 0, transport 0
x3006c0s37b1n0:61063:64831 [3] NCCL INFO New proxy recv connection 3 from local rank 1, transport 0
x3006c0s37b1n0:61059:64816 [2] NCCL INFO Connection to proxy localRank 0 -> connection 0x14a57c000db0
x3006c0s37b1n0:61059:64834 [2] NCCL INFO transport/p2p.cc:449 Cuda Alloc Size 6291456 pointer 0x14a589400000
x3006c0s37b1n0:61056:64821 [1] NCCL INFO New proxy recv connection 4 from local rank 1, transport 0
x3006c0s37b1n0:61056:64817 [1] NCCL INFO Connection to proxy localRank 1 -> connection 0x14dfd8000d80
x3006c0s37b1n0:61056:64821 [1] NCCL INFO transport/p2p.cc:449 Cuda Alloc Size 6291456 pointer 0x14dfeda00000
x3006c0s37b1n0:61050:64814 [0] NCCL INFO Connection to proxy localRank 0 -> connection 0x149ee0000e30
x3006c0s37b1n0:61050:64822 [0] NCCL INFO transport/p2p.cc:449 Cuda Alloc Size 6291456 pointer 0x149eeda00000
x3006c0s37b1n0:61063:64818 [3] NCCL INFO Connection to proxy localRank 1 -> connection 0x150e10000d40
x3006c0s37b1n0:61063:64831 [3] NCCL INFO transport/p2p.cc:449 Cuda Alloc Size 6291456 pointer 0x150e19a00000
x3006c0s37b1n0:61059:64834 [2] NCCL INFO New proxy recv connection 3 from local rank 0, transport 0
x3006c0s37b1n0:61056:64821 [1] NCCL INFO New proxy recv connection 5 from local rank 1, transport 0
x3006c0s37b1n0:61050:64822 [0] NCCL INFO New proxy recv connection 5 from local rank 0, transport 0
x3006c0s37b1n0:61059:64816 [2] NCCL INFO Connection to proxy localRank 0 -> connection 0x14a57c000df0
x3006c0s37b1n0:61059:64834 [2] NCCL INFO transport/p2p.cc:449 Cuda Alloc Size 6291456 pointer 0x14a589a00000
x3006c0s37b1n0:61063:64831 [3] NCCL INFO New proxy recv connection 4 from local rank 1, transport 0
x3006c0s37b1n0:61056:64817 [1] NCCL INFO Connection to proxy localRank 1 -> connection 0x14dfd8000dc0
x3006c0s37b1n0:61056:64821 [1] NCCL INFO transport/p2p.cc:449 Cuda Alloc Size 6291456 pointer 0x14dfefa00000
x3006c0s37b1n0:61050:64814 [0] NCCL INFO Connection to proxy localRank 0 -> connection 0x149ee0000e70
x3006c0s37b1n0:61050:64822 [0] NCCL INFO transport/p2p.cc:449 Cuda Alloc Size 6291456 pointer 0x149eefa00000
x3006c0s37b1n0:61063:64818 [3] NCCL INFO Connection to proxy localRank 1 -> connection 0x150e10000d80
x3006c0s37b1n0:61063:64831 [3] NCCL INFO transport/p2p.cc:449 Cuda Alloc Size 6291456 pointer 0x150e1ba00000
x3006c0s37b1n0:61050:64822 [0] NCCL INFO New proxy recv connection 6 from local rank 0, transport 0
x3006c0s37b1n0:61056:64821 [1] NCCL INFO New proxy recv connection 6 from local rank 1, transport 0
x3006c0s37b1n0:61059:64834 [2] NCCL INFO New proxy recv connection 4 from local rank 0, transport 0
x3006c0s37b1n0:61050:64814 [0] NCCL INFO Connection to proxy localRank 0 -> connection 0x149ee0000eb0
x3006c0s37b1n0:61050:64822 [0] NCCL INFO transport/p2p.cc:449 Cuda Alloc Size 6291456 pointer 0x149ef1400000
x3006c0s37b1n0:61056:64817 [1] NCCL INFO Connection to proxy localRank 1 -> connection 0x14dfd8000e00
x3006c0s37b1n0:61056:64821 [1] NCCL INFO transport/p2p.cc:449 Cuda Alloc Size 6291456 pointer 0x14dff1400000
x3006c0s37b1n0:61059:64816 [2] NCCL INFO Connection to proxy localRank 0 -> connection 0x14a57c000e30
x3006c0s37b1n0:61059:64834 [2] NCCL INFO transport/p2p.cc:449 Cuda Alloc Size 6291456 pointer 0x14a58ba00000
x3006c0s37b1n0:61063:64831 [3] NCCL INFO New proxy recv connection 5 from local rank 1, transport 0
x3006c0s37b1n0:61050:64822 [0] NCCL INFO New proxy recv connection 7 from local rank 0, transport 0
x3006c0s37b1n0:61056:64821 [1] NCCL INFO New proxy recv connection 7 from local rank 1, transport 0
x3006c0s37b1n0:61063:64818 [3] NCCL INFO Connection to proxy localRank 1 -> connection 0x150e10000dc0
x3006c0s37b1n0:61063:64831 [3] NCCL INFO transport/p2p.cc:449 Cuda Alloc Size 6291456 pointer 0x150e1da00000
x3006c0s37b1n0:61056:64817 [1] NCCL INFO Connection to proxy localRank 1 -> connection 0x14dfd8000e40
x3006c0s37b1n0:61056:64821 [1] NCCL INFO transport/p2p.cc:449 Cuda Alloc Size 6291456 pointer 0x14dff1a00000
x3006c0s37b1n0:61059:64834 [2] NCCL INFO New proxy recv connection 5 from local rank 0, transport 0
x3006c0s37b1n0:61050:64814 [0] NCCL INFO Connection to proxy localRank 0 -> connection 0x149ee0000ef0
x3006c0s37b1n0:61050:64822 [0] NCCL INFO transport/p2p.cc:449 Cuda Alloc Size 6291456 pointer 0x149ef1a00000
x3006c0s37b1n0:61059:64816 [2] NCCL INFO Connection to proxy localRank 0 -> connection 0x14a57c000e70
x3006c0s37b1n0:61059:64834 [2] NCCL INFO transport/p2p.cc:449 Cuda Alloc Size 6291456 pointer 0x14a58da00000
x3006c0s37b1n0:61063:64831 [3] NCCL INFO New proxy recv connection 6 from local rank 1, transport 0
x3006c0s37b1n0:61056:64817 [1] NCCL INFO Channel 00/0 : 1[46000] -> 0[7000] via P2P/IPC/read
x3006c0s37b1n0:61056:64821 [1] NCCL INFO New proxy send connection 8 from local rank 1, transport 0
x3006c0s37b1n0:61050:64814 [0] NCCL INFO Channel 00/0 : 0[7000] -> 1[46000] via P2P/IPC/read
x3006c0s37b1n0:61050:64822 [0] NCCL INFO New proxy send connection 8 from local rank 0, transport 0
x3006c0s37b1n0:61059:64834 [2] NCCL INFO New proxy recv connection 6 from local rank 0, transport 0
x3006c0s37b1n0:61063:64818 [3] NCCL INFO Connection to proxy localRank 1 -> connection 0x150e10000e00
x3006c0s37b1n0:61063:64831 [3] NCCL INFO transport/p2p.cc:449 Cuda Alloc Size 6291456 pointer 0x150e1f400000
x3006c0s37b1n0:61056:64817 [1] NCCL INFO Connection to proxy localRank 1 -> connection 0x14dfd8000e80
x3006c0s37b1n0:61056:64821 [1] NCCL INFO transport/p2p.cc:430 Cuda Alloc Size 6291456 pointer 0x14dff3a00000
x3006c0s37b1n0:61050:64814 [0] NCCL INFO Connection to proxy localRank 0 -> connection 0x149ee0000f30
x3006c0s37b1n0:61050:64822 [0] NCCL INFO transport/p2p.cc:430 Cuda Alloc Size 6291456 pointer 0x149ef3a00000
x3006c0s37b1n0:61059:64816 [2] NCCL INFO Connection to proxy localRank 0 -> connection 0x14a57c000eb0
x3006c0s37b1n0:61059:64834 [2] NCCL INFO transport/p2p.cc:449 Cuda Alloc Size 6291456 pointer 0x14a58f400000
x3006c0s37b1n0:61056:64817 [1] NCCL INFO Channel 01/0 : 1[46000] -> 0[7000] via P2P/IPC/read
x3006c0s37b1n0:61056:64821 [1] NCCL INFO New proxy send connection 9 from local rank 1, transport 0
x3006c0s37b1n0:61059:64834 [2] NCCL INFO New proxy recv connection 7 from local rank 0, transport 0
x3006c0s37b1n0:61063:64831 [3] NCCL INFO New proxy recv connection 7 from local rank 1, transport 0
x3006c0s37b1n0:61050:64814 [0] NCCL INFO Channel 01/0 : 0[7000] -> 1[46000] via P2P/IPC/read
x3006c0s37b1n0:61050:64822 [0] NCCL INFO New proxy send connection 9 from local rank 0, transport 0
x3006c0s37b1n0:61063:64818 [3] NCCL INFO Connection to proxy localRank 1 -> connection 0x150e10000e40
x3006c0s37b1n0:61063:64831 [3] NCCL INFO transport/p2p.cc:449 Cuda Alloc Size 6291456 pointer 0x150e1fa00000
x3006c0s37b1n0:61056:64817 [1] NCCL INFO Connection to proxy localRank 1 -> connection 0x14dfd8000ec0
x3006c0s37b1n0:61056:64821 [1] NCCL INFO transport/p2p.cc:430 Cuda Alloc Size 6291456 pointer 0x14dff5a00000
x3006c0s37b1n0:61050:64814 [0] NCCL INFO Connection to proxy localRank 0 -> connection 0x149ee0000f70
x3006c0s37b1n0:61050:64822 [0] NCCL INFO transport/p2p.cc:430 Cuda Alloc Size 6291456 pointer 0x149ef5a00000
x3006c0s37b1n0:61059:64816 [2] NCCL INFO Connection to proxy localRank 0 -> connection 0x14a57c000ef0
x3006c0s37b1n0:61059:64834 [2] NCCL INFO transport/p2p.cc:449 Cuda Alloc Size 6291456 pointer 0x14a58fa00000
x3006c0s37b1n0:61063:64818 [3] NCCL INFO Channel 00/0 : 1[c7000] -> 0[85000] via P2P/IPC/read
x3006c0s37b1n0:61063:64831 [3] NCCL INFO New proxy send connection 8 from local rank 1, transport 0
x3006c0s37b1n0:61063:64818 [3] NCCL INFO Connection to proxy localRank 1 -> connection 0x150e10000e80
x3006c0s37b1n0:61056:64817 [1] NCCL INFO Channel 02/0 : 1[46000] -> 0[7000] via P2P/IPC/read
x3006c0s37b1n0:61056:64821 [1] NCCL INFO New proxy send connection 10 from local rank 1, transport 0
x3006c0s37b1n0:61056:64817 [1] NCCL INFO Connection to proxy localRank 1 -> connection 0x14dfd8000f00
x3006c0s37b1n0:61050:64814 [0] NCCL INFO Channel 02/0 : 0[7000] -> 1[46000] via P2P/IPC/read
x3006c0s37b1n0:61050:64822 [0] NCCL INFO New proxy send connection 10 from local rank 0, transport 0
x3006c0s37b1n0:61059:64816 [2] NCCL INFO Channel 00/0 : 0[85000] -> 1[c7000] via P2P/IPC/read
x3006c0s37b1n0:61059:64834 [2] NCCL INFO New proxy send connection 8 from local rank 0, transport 0
x3006c0s37b1n0:61059:64816 [2] NCCL INFO Connection to proxy localRank 0 -> connection 0x14a57c000f30
x3006c0s37b1n0:61063:64831 [3] NCCL INFO transport/p2p.cc:430 Cuda Alloc Size 6291456 pointer 0x150e21a00000
x3006c0s37b1n0:61063:64818 [3] NCCL INFO Channel 01/0 : 1[c7000] -> 0[85000] via P2P/IPC/read
x3006c0s37b1n0:61063:64831 [3] NCCL INFO New proxy send connection 9 from local rank 1, transport 0
x3006c0s37b1n0:61050:64814 [0] NCCL INFO Connection to proxy localRank 0 -> connection 0x149ee0000fb0
x3006c0s37b1n0:61050:64822 [0] NCCL INFO transport/p2p.cc:430 Cuda Alloc Size 6291456 pointer 0x149ef9400000
x3006c0s37b1n0:61050:64814 [0] NCCL INFO Channel 03/0 : 0[7000] -> 1[46000] via P2P/IPC/read
x3006c0s37b1n0:61059:64834 [2] NCCL INFO transport/p2p.cc:430 Cuda Alloc Size 6291456 pointer 0x14a591a00000
x3006c0s37b1n0:61050:64822 [0] NCCL INFO New proxy send connection 11 from local rank 0, transport 0
x3006c0s37b1n0:61056:64821 [1] NCCL INFO transport/p2p.cc:430 Cuda Alloc Size 6291456 pointer 0x14dff9400000
x3006c0s37b1n0:61063:64818 [3] NCCL INFO Connection to proxy localRank 1 -> connection 0x150e10000ec0
x3006c0s37b1n0:61063:64831 [3] NCCL INFO transport/p2p.cc:430 Cuda Alloc Size 6291456 pointer 0x150e23a00000
x3006c0s37b1n0:61059:64816 [2] NCCL INFO Channel 01/0 : 0[85000] -> 1[c7000] via P2P/IPC/read
x3006c0s37b1n0:61050:64814 [0] NCCL INFO Connection to proxy localRank 0 -> connection 0x149ee0000ff0
x3006c0s37b1n0:61050:64822 [0] NCCL INFO transport/p2p.cc:430 Cuda Alloc Size 6291456 pointer 0x149ef9a00000
x3006c0s37b1n0:61050:64814 [0] NCCL INFO Channel 04/0 : 0[7000] -> 1[46000] via P2P/IPC/read
x3006c0s37b1n0:61050:64822 [0] NCCL INFO New proxy send connection 12 from local rank 0, transport 0
x3006c0s37b1n0:61056:64817 [1] NCCL INFO Channel 03/0 : 1[46000] -> 0[7000] via P2P/IPC/read
x3006c0s37b1n0:61056:64821 [1] NCCL INFO New proxy send connection 11 from local rank 1, transport 0
x3006c0s37b1n0:61063:64818 [3] NCCL INFO Channel 02/0 : 1[c7000] -> 0[85000] via P2P/IPC/read
x3006c0s37b1n0:61063:64831 [3] NCCL INFO New proxy send connection 10 from local rank 1, transport 0
x3006c0s37b1n0:61059:64834 [2] NCCL INFO New proxy send connection 9 from local rank 0, transport 0
x3006c0s37b1n0:61059:64816 [2] NCCL INFO Connection to proxy localRank 0 -> connection 0x14a57c000f70
x3006c0s37b1n0:61059:64834 [2] NCCL INFO transport/p2p.cc:430 Cuda Alloc Size 6291456 pointer 0x14a593a00000
x3006c0s37b1n0:61050:64814 [0] NCCL INFO Connection to proxy localRank 0 -> connection 0x149ee0001030
x3006c0s37b1n0:61050:64822 [0] NCCL INFO transport/p2p.cc:430 Cuda Alloc Size 6291456 pointer 0x149efba00000
x3006c0s37b1n0:61056:64817 [1] NCCL INFO Connection to proxy localRank 1 -> connection 0x14dfd8000f40
x3006c0s37b1n0:61056:64821 [1] NCCL INFO transport/p2p.cc:430 Cuda Alloc Size 6291456 pointer 0x14dff9a00000
x3006c0s37b1n0:61056:64817 [1] NCCL INFO Channel 04/0 : 1[46000] -> 0[7000] via P2P/IPC/read
x3006c0s37b1n0:61056:64821 [1] NCCL INFO New proxy send connection 12 from local rank 1, transport 0
x3006c0s37b1n0:61063:64818 [3] NCCL INFO Connection to proxy localRank 1 -> connection 0x150e10000f00
x3006c0s37b1n0:61063:64831 [3] NCCL INFO transport/p2p.cc:430 Cuda Alloc Size 6291456 pointer 0x150e27a00000
x3006c0s37b1n0:61059:64816 [2] NCCL INFO Channel 02/0 : 0[85000] -> 1[c7000] via P2P/IPC/read
x3006c0s37b1n0:61059:64834 [2] NCCL INFO New proxy send connection 10 from local rank 0, transport 0
x3006c0s37b1n0:61050:64814 [0] NCCL INFO Channel 05/0 : 0[7000] -> 1[46000] via P2P/IPC/read
x3006c0s37b1n0:61050:64822 [0] NCCL INFO New proxy send connection 13 from local rank 0, transport 0
x3006c0s37b1n0:61063:64818 [3] NCCL INFO Channel 03/0 : 1[c7000] -> 0[85000] via P2P/IPC/read
x3006c0s37b1n0:61063:64831 [3] NCCL INFO New proxy send connection 11 from local rank 1, transport 0
x3006c0s37b1n0:61059:64816 [2] NCCL INFO Connection to proxy localRank 0 -> connection 0x14a57c000fb0
x3006c0s37b1n0:61059:64834 [2] NCCL INFO transport/p2p.cc:430 Cuda Alloc Size 6291456 pointer 0x14a597400000
x3006c0s37b1n0:61050:64814 [0] NCCL INFO Connection to proxy localRank 0 -> connection 0x149ee0001070
x3006c0s37b1n0:61050:64822 [0] NCCL INFO transport/p2p.cc:430 Cuda Alloc Size 6291456 pointer 0x149f48e00000
x3006c0s37b1n0:61059:64816 [2] NCCL INFO Channel 03/0 : 0[85000] -> 1[c7000] via P2P/IPC/read
x3006c0s37b1n0:61056:64817 [1] NCCL INFO Connection to proxy localRank 1 -> connection 0x14dfd8000f80
x3006c0s37b1n0:61056:64821 [1] NCCL INFO transport/p2p.cc:430 Cuda Alloc Size 6291456 pointer 0x14e065200000
x3006c0s37b1n0:61063:64818 [3] NCCL INFO Connection to proxy localRank 1 -> connection 0x150e10000f40
x3006c0s37b1n0:61063:64831 [3] NCCL INFO transport/p2p.cc:430 Cuda Alloc Size 6291456 pointer 0x150e47600000
x3006c0s37b1n0:61059:64834 [2] NCCL INFO New proxy send connection 11 from local rank 0, transport 0
x3006c0s37b1n0:61050:64814 [0] NCCL INFO Channel 06/0 : 0[7000] -> 1[46000] via P2P/IPC/read
x3006c0s37b1n0:61050:64822 [0] NCCL INFO New proxy send connection 14 from local rank 0, transport 0
x3006c0s37b1n0:61056:64817 [1] NCCL INFO Channel 05/0 : 1[46000] -> 0[7000] via P2P/IPC/read
x3006c0s37b1n0:61056:64821 [1] NCCL INFO New proxy send connection 13 from local rank 1, transport 0
x3006c0s37b1n0:61063:64818 [3] NCCL INFO Channel 04/0 : 1[c7000] -> 0[85000] via P2P/IPC/read
x3006c0s37b1n0:61063:64831 [3] NCCL INFO New proxy send connection 12 from local rank 1, transport 0
x3006c0s37b1n0:61056:64817 [1] NCCL INFO Connection to proxy localRank 1 -> connection 0x14dfd8000fc0
x3006c0s37b1n0:61056:64821 [1] NCCL INFO transport/p2p.cc:430 Cuda Alloc Size 6291456 pointer 0x14dfde000000
x3006c0s37b1n0:61056:64817 [1] NCCL INFO Channel 06/0 : 1[46000] -> 0[7000] via P2P/IPC/read
x3006c0s37b1n0:61059:64816 [2] NCCL INFO Connection to proxy localRank 0 -> connection 0x14a57c000ff0
x3006c0s37b1n0:61059:64834 [2] NCCL INFO transport/p2p.cc:430 Cuda Alloc Size 6291456 pointer 0x14a597a00000
x3006c0s37b1n0:61050:64814 [0] NCCL INFO Connection to proxy localRank 0 -> connection 0x149ee00010b0
x3006c0s37b1n0:61050:64822 [0] NCCL INFO transport/p2p.cc:430 Cuda Alloc Size 6291456 pointer 0x149f49400000
x3006c0s37b1n0:61050:64814 [0] NCCL INFO Channel 07/0 : 0[7000] -> 1[46000] via P2P/IPC/read
x3006c0s37b1n0:61056:64821 [1] NCCL INFO New proxy send connection 14 from local rank 1, transport 0
x3006c0s37b1n0:61063:64818 [3] NCCL INFO Connection to proxy localRank 1 -> connection 0x150e10000f80
x3006c0s37b1n0:61063:64831 [3] NCCL INFO transport/p2p.cc:430 Cuda Alloc Size 6291456 pointer 0x150e0a000000
x3006c0s37b1n0:61063:64818 [3] NCCL INFO Channel 05/0 : 1[c7000] -> 0[85000] via P2P/IPC/read
x3006c0s37b1n0:61059:64816 [2] NCCL INFO Channel 04/0 : 0[85000] -> 1[c7000] via P2P/IPC/read
x3006c0s37b1n0:61059:64834 [2] NCCL INFO New proxy send connection 12 from local rank 0, transport 0
x3006c0s37b1n0:61059:64816 [2] NCCL INFO Connection to proxy localRank 0 -> connection 0x14a57c001030
x3006c0s37b1n0:61059:64834 [2] NCCL INFO transport/p2p.cc:430 Cuda Alloc Size 6291456 pointer 0x14a599a00000
x3006c0s37b1n0:61056:64817 [1] NCCL INFO Connection to proxy localRank 1 -> connection 0x14dfd8001000
x3006c0s37b1n0:61056:64821 [1] NCCL INFO transport/p2p.cc:430 Cuda Alloc Size 6291456 pointer 0x14dfde600000
x3006c0s37b1n0:61063:64831 [3] NCCL INFO New proxy send connection 13 from local rank 1, transport 0
x3006c0s37b1n0:61050:64822 [0] NCCL INFO New proxy send connection 15 from local rank 0, transport 0
x3006c0s37b1n0:61050:64814 [0] NCCL INFO Connection to proxy localRank 0 -> connection 0x149ee00010f0
x3006c0s37b1n0:61050:64822 [0] NCCL INFO transport/p2p.cc:430 Cuda Alloc Size 6291456 pointer 0x149f7b400000
x3006c0s37b1n0:61059:64816 [2] NCCL INFO Channel 05/0 : 0[85000] -> 1[c7000] via P2P/IPC/read
x3006c0s37b1n0:61059:64834 [2] NCCL INFO New proxy send connection 13 from local rank 0, transport 0
x3006c0s37b1n0:61056:64817 [1] NCCL INFO Channel 07/0 : 1[46000] -> 0[7000] via P2P/IPC/read
x3006c0s37b1n0:61056:64821 [1] NCCL INFO New proxy send connection 15 from local rank 1, transport 0
x3006c0s37b1n0:61063:64818 [3] NCCL INFO Connection to proxy localRank 1 -> connection 0x150e10000fc0
x3006c0s37b1n0:61063:64831 [3] NCCL INFO transport/p2p.cc:430 Cuda Alloc Size 6291456 pointer 0x150e0a600000
x3006c0s37b1n0:61059:64816 [2] NCCL INFO Connection to proxy localRank 0 -> connection 0x14a57c001070
x3006c0s37b1n0:61059:64834 [2] NCCL INFO transport/p2p.cc:430 Cuda Alloc Size 6291456 pointer 0x14a604e00000
x3006c0s37b1n0:61056:64817 [1] NCCL INFO Connection to proxy localRank 1 -> connection 0x14dfd8001040
x3006c0s37b1n0:61056:64821 [1] NCCL INFO transport/p2p.cc:430 Cuda Alloc Size 6291456 pointer 0x14dfdec00000
x3006c0s37b1n0:61063:64818 [3] NCCL INFO Channel 06/0 : 1[c7000] -> 0[85000] via P2P/IPC/read
x3006c0s37b1n0:61063:64831 [3] NCCL INFO New proxy send connection 14 from local rank 1, transport 0
x3006c0s37b1n0:61056:64817 [1] NCCL INFO Connected all rings
x3006c0s37b1n0:61056:64817 [1] NCCL INFO Connected all trees by HAO
x3006c0s37b1n0:61056:64817 [1] NCCL INFO threadThresholds 8/8/64 | 16/8/64 | 512 | 512
x3006c0s37b1n0:61056:64817 [1] NCCL INFO 8 coll channels, 8 p2p channels, 8 p2p channels per peer
x3006c0s37b1n0:61056:64821 [1] NCCL INFO Allocated 4194656 bytes of shared memory in /dev/shm/nccl-fkJEPW

x3006c0s37b1n0:61056:64821 [1] NCCL INFO New proxy send connection 16 from local rank 1, transport 2
x3006c0s37b1n0:61050:64814 [0] NCCL INFO Connected all rings
x3006c0s37b1n0:61050:64814 [0] NCCL INFO Connected all trees by HAO
x3006c0s37b1n0:61050:64814 [0] NCCL INFO Latency/AlgBw |    Tree/    LL |    Tree/ LL128 |    Tree/Simple |    Ring/    LL |    Ring/ LL128 |    Ring/Simple | CollNetDirect/    LL | CollNetDirect/ LL128 | CollNetDirect/Simple | CollNetChain/    LL | CollNetChain/ LL128 | CollNetChain/Simple |
x3006c0s37b1n0:61050:64814 [0] NCCL INFO  Max NThreads |            512 |            640 |            512 |            512 |            640 |            512 |              0 |              0 |            512 |              0 |              0 |            512 |
x3006c0s37b1n0:61050:64814 [0] NCCL INFO     Broadcast |     0.0/   0.0 |     0.0/   0.0 |     0.0/   0.0 |     4.1/  29.3 |    11.9/  80.0 |    11.8/  88.0 |     0.0/   0.0 |     0.0/   0.0 |     0.0/   0.0 |     0.0/   0.0 |     0.0/   0.0 |     0.0/   0.0 |
x3006c0s37b1n0:61050:64814 [0] NCCL INFO        Reduce |     0.0/   0.0 |     0.0/   0.0 |     0.0/   0.0 |     4.1/  22.0 |    11.9/  80.0 |    11.8/  88.0 |     0.0/   0.0 |     0.0/   0.0 |     0.0/   0.0 |     0.0/   0.0 |     0.0/   0.0 |     0.0/   0.0 |
x3006c0s37b1n0:61050:64814 [0] NCCL INFO     AllGather |     0.0/   0.0 |     0.0/   0.0 |     0.0/   0.0 |     4.1/  58.7 |    11.9/ 160.0 |    11.8/ 176.0 |     0.0/   0.0 |     0.0/   0.0 |     0.0/   0.0 |     0.0/   0.0 |     0.0/   0.0 |     0.0/   0.0 |
x3006c0s37b1n0:61050:64814 [0] NCCL INFO ReduceScatter |     0.0/   0.0 |     0.0/   0.0 |     0.0/   0.0 |     4.1/  58.7 |    11.9/ 160.0 |    11.8/ 176.0 |     0.0/   0.0 |     0.0/   0.0 |     0.0/   0.0 |     0.0/   0.0 |     0.0/   0.0 |     0.0/   0.0 |
x3006c0s37b1n0:61050:64814 [0] NCCL INFO     AllReduce |     5.4/  10.7 |     6.9/  31.5 |    56.0/  40.5 |     4.5/  22.0 |    13.8/  80.0 |    15.2/  88.0 |     5.4/   0.0 |     5.4/   0.0 |    27.7/   0.0 |     4.4/   0.0 |     4.4/   0.0 |    16.0/   0.0 |
x3006c0s37b1n0:61050:64814 [0] NCCL INFO threadThresholds 8/8/64 | 16/8/64 | 512 | 512
x3006c0s37b1n0:61050:64814 [0] NCCL INFO 8 coll channels, 8 p2p channels, 8 p2p channels per peer
x3006c0s37b1n0:61050:64822 [0] NCCL INFO Allocated 4194656 bytes of shared memory in /dev/shm/nccl-5SIHKu

x3006c0s37b1n0:61050:64822 [0] NCCL INFO New proxy send connection 16 from local rank 0, transport 2
x3006c0s37b1n0:61063:64818 [3] NCCL INFO Connection to proxy localRank 1 -> connection 0x150e10001000
x3006c0s37b1n0:61063:64831 [3] NCCL INFO transport/p2p.cc:430 Cuda Alloc Size 6291456 pointer 0x150e0ac00000
x3006c0s37b1n0:61059:64816 [2] NCCL INFO Channel 06/0 : 0[85000] -> 1[c7000] via P2P/IPC/read
x3006c0s37b1n0:61059:64834 [2] NCCL INFO New proxy send connection 14 from local rank 0, transport 0
x3006c0s37b1n0:61063:64818 [3] NCCL INFO Channel 07/0 : 1[c7000] -> 0[85000] via P2P/IPC/read
x3006c0s37b1n0:61063:64831 [3] NCCL INFO New proxy send connection 15 from local rank 1, transport 0
x3006c0s37b1n0:61059:64816 [2] NCCL INFO Connection to proxy localRank 0 -> connection 0x14a57c0010b0
x3006c0s37b1n0:61059:64834 [2] NCCL INFO transport/p2p.cc:430 Cuda Alloc Size 6291456 pointer 0x14a605400000
x3006c0s37b1n0:61056:64817 [1] NCCL INFO Connection to proxy localRank 1 -> connection 0x14dfd8001080
x3006c0s37b1n0:61056:64821 [1] NCCL INFO transport/net.cc:376 Cuda Alloc Size 16777216 pointer 0x14dfca000000
x3006c0s37b1n0:61050:64814 [0] NCCL INFO Connection to proxy localRank 0 -> connection 0x149ee0001130
x3006c0s37b1n0:61050:64814 [0] NCCL INFO init.cc:367 Cuda Alloc Size 5168 pointer 0x149f63e0de00
x3006c0s37b1n0:61056:64817 [1] NCCL INFO init.cc:367 Cuda Alloc Size 5168 pointer 0x14e03b80de00
