x3110c0s13b0n0:57893:61236 [1] NCCL INFO Tree 12 : -1 -> 0 -> -1/-1/-1
x3110c0s13b0n0:57893:61236 [1] NCCL INFO Tree 28 : -1 -> 0 -> -1/-1/-1
x3110c0s13b0n0:57893:61236 [1] NCCL INFO Tree 13 : -1 -> 0 -> -1/-1/-1
x3110c0s13b0n0:57893:61236 [1] NCCL INFO Tree 29 : -1 -> 0 -> -1/-1/-1
x3110c0s13b0n0:57893:61236 [1] NCCL INFO Tree 14 : -1 -> 0 -> -1/-1/-1
x3110c0s13b0n0:57893:61236 [1] NCCL INFO Tree 30 : -1 -> 0 -> -1/-1/-1
x3110c0s13b0n0:57893:61236 [1] NCCL INFO Tree 15 : -1 -> 0 -> -1/-1/-1
x3110c0s13b0n0:57893:61236 [1] NCCL INFO Tree 31 : -1 -> 0 -> -1/-1/-1
x3110c0s13b0n0:57893:61236 [1] NCCL INFO Channel 00/32 :    0
x3110c0s13b0n0:57893:61236 [1] NCCL INFO Channel 01/32 :    0
x3110c0s13b0n0:57893:61236 [1] NCCL INFO Channel 02/32 :    0
x3110c0s13b0n0:57893:61236 [1] NCCL INFO Channel 03/32 :    0
x3110c0s13b0n0:57893:61236 [1] NCCL INFO Channel 04/32 :    0
x3110c0s13b0n0:57893:61236 [1] NCCL INFO Channel 05/32 :    0
x3110c0s13b0n0:57893:61236 [1] NCCL INFO Channel 06/32 :    0
x3110c0s13b0n0:57893:61236 [1] NCCL INFO Channel 07/32 :    0
x3110c0s13b0n0:57893:61236 [1] NCCL INFO Channel 08/32 :    0
x3110c0s13b0n0:57893:61236 [1] NCCL INFO Channel 09/32 :    0
x3110c0s13b0n0:57893:61236 [1] NCCL INFO Channel 10/32 :    0
x3110c0s13b0n0:57893:61236 [1] NCCL INFO Channel 11/32 :    0
x3110c0s13b0n0:57893:61236 [1] NCCL INFO Channel 12/32 :    0
x3110c0s13b0n0:57893:61236 [1] NCCL INFO Channel 13/32 :    0
x3110c0s13b0n0:57893:61236 [1] NCCL INFO Channel 14/32 :    0
x3110c0s13b0n0:57893:61236 [1] NCCL INFO Channel 15/32 :    0
x3110c0s13b0n0:57893:61236 [1] NCCL INFO Channel 16/32 :    0
x3110c0s13b0n0:57893:61236 [1] NCCL INFO Channel 17/32 :    0
x3110c0s13b0n0:57893:61236 [1] NCCL INFO Channel 18/32 :    0
x3110c0s13b0n0:57893:61236 [1] NCCL INFO Channel 19/32 :    0
x3110c0s13b0n0:57893:61236 [1] NCCL INFO Channel 20/32 :    0
x3110c0s13b0n0:57893:61236 [1] NCCL INFO Channel 21/32 :    0
x3110c0s13b0n0:57893:61236 [1] NCCL INFO Channel 22/32 :    0
x3110c0s13b0n0:57893:61236 [1] NCCL INFO Channel 23/32 :    0
x3110c0s13b0n0:57893:61236 [1] NCCL INFO Channel 24/32 :    0
x3110c0s13b0n0:57893:61236 [1] NCCL INFO Channel 25/32 :    0
x3110c0s13b0n0:57893:61236 [1] NCCL INFO Channel 26/32 :    0
x3110c0s13b0n0:57893:61236 [1] NCCL INFO Channel 27/32 :    0
x3110c0s13b0n0:57893:61236 [1] NCCL INFO Channel 28/32 :    0
x3110c0s13b0n0:57893:61236 [1] NCCL INFO Channel 29/32 :    0
x3110c0s13b0n0:57893:61236 [1] NCCL INFO Channel 30/32 :    0
x3110c0s13b0n0:57893:61236 [1] NCCL INFO Channel 31/32 :    0
x3110c0s13b0n0:57893:61236 [1] NCCL INFO Ring 00 : 0 -> 0 -> 0
x3110c0s13b0n0:57893:61236 [1] NCCL INFO Ring 01 : 0 -> 0 -> 0
x3110c0s13b0n0:57893:61236 [1] NCCL INFO Ring 02 : 0 -> 0 -> 0
x3110c0s13b0n0:57893:61236 [1] NCCL INFO Ring 03 : 0 -> 0 -> 0
x3110c0s13b0n0:57893:61236 [1] NCCL INFO Ring 04 : 0 -> 0 -> 0
x3110c0s13b0n0:57893:61236 [1] NCCL INFO Ring 05 : 0 -> 0 -> 0
x3110c0s13b0n0:57893:61236 [1] NCCL INFO Ring 06 : 0 -> 0 -> 0
x3110c0s13b0n0:57893:61236 [1] NCCL INFO Ring 07 : 0 -> 0 -> 0
x3110c0s13b0n0:57893:61236 [1] NCCL INFO Ring 08 : 0 -> 0 -> 0
x3110c0s13b0n0:57893:61236 [1] NCCL INFO Ring 09 : 0 -> 0 -> 0
x3110c0s13b0n0:57893:61236 [1] NCCL INFO Ring 10 : 0 -> 0 -> 0
x3110c0s13b0n0:57893:61236 [1] NCCL INFO Ring 11 : 0 -> 0 -> 0
x3110c0s13b0n0:57893:61236 [1] NCCL INFO Ring 12 : 0 -> 0 -> 0
x3110c0s13b0n0:57893:61236 [1] NCCL INFO Ring 13 : 0 -> 0 -> 0
x3110c0s13b0n0:57893:61236 [1] NCCL INFO Ring 14 : 0 -> 0 -> 0
x3110c0s13b0n0:57893:61236 [1] NCCL INFO Ring 15 : 0 -> 0 -> 0
x3110c0s13b0n0:57893:61236 [1] NCCL INFO Ring 16 : 0 -> 0 -> 0
x3110c0s13b0n0:57893:61236 [1] NCCL INFO Ring 17 : 0 -> 0 -> 0
x3110c0s13b0n0:57893:61236 [1] NCCL INFO Ring 18 : 0 -> 0 -> 0
x3110c0s13b0n0:57893:61236 [1] NCCL INFO Ring 19 : 0 -> 0 -> 0
x3110c0s13b0n0:57893:61236 [1] NCCL INFO Ring 20 : 0 -> 0 -> 0
x3110c0s13b0n0:57893:61236 [1] NCCL INFO Ring 21 : 0 -> 0 -> 0
x3110c0s13b0n0:57893:61236 [1] NCCL INFO Ring 22 : 0 -> 0 -> 0
x3110c0s13b0n0:57893:61236 [1] NCCL INFO Ring 23 : 0 -> 0 -> 0
x3110c0s13b0n0:57893:61236 [1] NCCL INFO Ring 24 : 0 -> 0 -> 0
x3110c0s13b0n0:57893:61236 [1] NCCL INFO Ring 25 : 0 -> 0 -> 0
x3110c0s13b0n0:57893:61236 [1] NCCL INFO Ring 26 : 0 -> 0 -> 0
x3110c0s13b0n0:57893:61236 [1] NCCL INFO Ring 27 : 0 -> 0 -> 0
x3110c0s13b0n0:57893:61236 [1] NCCL INFO Ring 28 : 0 -> 0 -> 0
x3110c0s13b0n0:57893:61236 [1] NCCL INFO Ring 29 : 0 -> 0 -> 0
x3110c0s13b0n0:57893:61236 [1] NCCL INFO Ring 30 : 0 -> 0 -> 0
x3110c0s13b0n0:57893:61236 [1] NCCL INFO Ring 31 : 0 -> 0 -> 0
x3110c0s13b0n0:57893:61236 [1] NCCL INFO Trees [0] -1/-1/-1->0->-1 [1] -1/-1/-1->0->-1 [2] -1/-1/-1->0->-1 [3] -1/-1/-1->0->-1 [4] -1/-1/-1->0->-1 [5] -1/-1/-1->0->-1 [6] -1/-1/-1->0->-1 [7] -1/-1/-1->0->-1 [8] -1/-1/-1->0->-1 [9] -1/-1/-1->0->-1 [10] -1/-1/-1->0->-1 [11] -1/-1/-1->0->-1 [12] -1/-1/-1->0->-1 [13] -1/-1/-1->0->-1 [14] -1/-1/-1->0->-1 [15] -1/-1/-1->0->-1 [16] -1/-1/-1->0->-1 [17] -1/-1/-1->0->-1 [18] -1/-1/-1->0->-1 [19] -1/-1/-1->0->-1 [20] -1/-1/-1->0->-1 [21] -1/-1/-1->0->-1 [22] -1/-1/-1->0->-1 [23] -1/-1/-1->0->-1 [24] -1/-1/-1->0->-1 [25] -1/-1/-1->0->-1 [26] -1/-1/-1->0->-1 [27] -1/-1/-1->0->-1 [28] -1/-1/-1->0->-1 [29] -1/-1/-1->0->-1 [30] -1/-1/-1->0->-1 [31] -1/-1/-1->0->-1
x3110c0s13b0n0:57893:61236 [1] NCCL INFO misc/utils.cc:235 memory stack hunk malloc(65536)
x3110c0s13b0n0:57893:61236 [1] NCCL INFO channel.cc:23 Cuda Alloc Size 768 pointer 0x146733e03600
x3110c0s13b0n0:57893:61236 [1] NCCL INFO channel.cc:27 Cuda Alloc Size 4 pointer 0x146733e03a00
x3110c0s13b0n0:57893:61236 [1] NCCL INFO channel.cc:23 Cuda Alloc Size 768 pointer 0x146733e03c00
x3110c0s13b0n0:57893:61236 [1] NCCL INFO channel.cc:27 Cuda Alloc Size 4 pointer 0x146733e04000
x3110c0s13b0n0:57893:61236 [1] NCCL INFO channel.cc:23 Cuda Alloc Size 768 pointer 0x146733e04200
x3110c0s13b0n0:57893:61236 [1] NCCL INFO channel.cc:27 Cuda Alloc Size 4 pointer 0x146733e04600
x3110c0s13b0n0:57893:61236 [1] NCCL INFO channel.cc:23 Cuda Alloc Size 768 pointer 0x146733e04800
x3110c0s13b0n0:57893:61236 [1] NCCL INFO channel.cc:27 Cuda Alloc Size 4 pointer 0x146733e04c00
x3110c0s13b0n0:57893:61236 [1] NCCL INFO channel.cc:23 Cuda Alloc Size 768 pointer 0x146733e04e00
x3110c0s13b0n0:57893:61236 [1] NCCL INFO channel.cc:27 Cuda Alloc Size 4 pointer 0x146733e05200
x3110c0s13b0n0:57893:61236 [1] NCCL INFO channel.cc:23 Cuda Alloc Size 768 pointer 0x146733e05400
x3110c0s13b0n0:57893:61236 [1] NCCL INFO channel.cc:27 Cuda Alloc Size 4 pointer 0x146733e05800
x3110c0s13b0n0:57893:61236 [1] NCCL INFO channel.cc:23 Cuda Alloc Size 768 pointer 0x146733e05a00
x3110c0s13b0n0:57893:61236 [1] NCCL INFO channel.cc:27 Cuda Alloc Size 4 pointer 0x146733e05e00
x3110c0s13b0n0:57893:61236 [1] NCCL INFO channel.cc:23 Cuda Alloc Size 768 pointer 0x146733e06000
x3110c0s13b0n0:57893:61236 [1] NCCL INFO channel.cc:27 Cuda Alloc Size 4 pointer 0x146733e06400
x3110c0s13b0n0:57893:61236 [1] NCCL INFO channel.cc:23 Cuda Alloc Size 768 pointer 0x146733e06600
x3110c0s13b0n0:57893:61236 [1] NCCL INFO channel.cc:27 Cuda Alloc Size 4 pointer 0x146733e06a00
x3110c0s13b0n0:57893:61236 [1] NCCL INFO channel.cc:23 Cuda Alloc Size 768 pointer 0x146733e06c00
x3110c0s13b0n0:57893:61236 [1] NCCL INFO channel.cc:27 Cuda Alloc Size 4 pointer 0x146733e07000
x3110c0s13b0n0:57893:61236 [1] NCCL INFO channel.cc:23 Cuda Alloc Size 768 pointer 0x146733e07200
x3110c0s13b0n0:57893:61236 [1] NCCL INFO channel.cc:27 Cuda Alloc Size 4 pointer 0x146733e07600
x3110c0s13b0n0:57893:61236 [1] NCCL INFO channel.cc:23 Cuda Alloc Size 768 pointer 0x146733e07800
x3110c0s13b0n0:57893:61236 [1] NCCL INFO channel.cc:27 Cuda Alloc Size 4 pointer 0x146733e07c00
x3110c0s13b0n0:57893:61236 [1] NCCL INFO channel.cc:23 Cuda Alloc Size 768 pointer 0x146733e07e00
x3110c0s13b0n0:57893:61236 [1] NCCL INFO channel.cc:27 Cuda Alloc Size 4 pointer 0x146733e08200
x3110c0s13b0n0:57893:61236 [1] NCCL INFO channel.cc:23 Cuda Alloc Size 768 pointer 0x146733e08400
x3110c0s13b0n0:57893:61236 [1] NCCL INFO channel.cc:27 Cuda Alloc Size 4 pointer 0x146733e08800
x3110c0s13b0n0:57893:61236 [1] NCCL INFO channel.cc:23 Cuda Alloc Size 768 pointer 0x146733e08a00
x3110c0s13b0n0:57893:61236 [1] NCCL INFO channel.cc:27 Cuda Alloc Size 4 pointer 0x146733e08e00
x3110c0s13b0n0:57893:61236 [1] NCCL INFO channel.cc:23 Cuda Alloc Size 768 pointer 0x146733e09000
x3110c0s13b0n0:57893:61236 [1] NCCL INFO channel.cc:27 Cuda Alloc Size 4 pointer 0x146733e09400
x3110c0s13b0n0:57893:61236 [1] NCCL INFO channel.cc:23 Cuda Alloc Size 768 pointer 0x146733e09600
x3110c0s13b0n0:57893:61236 [1] NCCL INFO channel.cc:27 Cuda Alloc Size 4 pointer 0x146733e09a00
x3110c0s13b0n0:57893:61236 [1] NCCL INFO channel.cc:23 Cuda Alloc Size 768 pointer 0x146733e09c00
x3110c0s13b0n0:57893:61236 [1] NCCL INFO channel.cc:27 Cuda Alloc Size 4 pointer 0x146733e0a000
x3110c0s13b0n0:57893:61236 [1] NCCL INFO channel.cc:23 Cuda Alloc Size 768 pointer 0x146733e0a200
x3110c0s13b0n0:57893:61236 [1] NCCL INFO channel.cc:27 Cuda Alloc Size 4 pointer 0x146733e0a600
x3110c0s13b0n0:57893:61236 [1] NCCL INFO channel.cc:23 Cuda Alloc Size 768 pointer 0x146733e0a800
x3110c0s13b0n0:57893:61236 [1] NCCL INFO channel.cc:27 Cuda Alloc Size 4 pointer 0x146733e0ac00
x3110c0s13b0n0:57893:61236 [1] NCCL INFO channel.cc:23 Cuda Alloc Size 768 pointer 0x146733e0ae00
x3110c0s13b0n0:57893:61236 [1] NCCL INFO channel.cc:27 Cuda Alloc Size 4 pointer 0x146733e0b200
x3110c0s13b0n0:57893:61236 [1] NCCL INFO channel.cc:23 Cuda Alloc Size 768 pointer 0x146733e0b400
x3110c0s13b0n0:57893:61236 [1] NCCL INFO channel.cc:27 Cuda Alloc Size 4 pointer 0x146733e0b800
x3110c0s13b0n0:57893:61236 [1] NCCL INFO channel.cc:23 Cuda Alloc Size 768 pointer 0x146733e0ba00
x3110c0s13b0n0:57893:61236 [1] NCCL INFO channel.cc:27 Cuda Alloc Size 4 pointer 0x146733e0be00
x3110c0s13b0n0:57893:61236 [1] NCCL INFO channel.cc:23 Cuda Alloc Size 768 pointer 0x146733e0c000
x3110c0s13b0n0:57893:61236 [1] NCCL INFO channel.cc:27 Cuda Alloc Size 4 pointer 0x146733e0c400
x3110c0s13b0n0:57893:61236 [1] NCCL INFO channel.cc:23 Cuda Alloc Size 768 pointer 0x146733e0c600
x3110c0s13b0n0:57893:61236 [1] NCCL INFO channel.cc:27 Cuda Alloc Size 4 pointer 0x146733e0ca00
x3110c0s13b0n0:57893:61236 [1] NCCL INFO channel.cc:23 Cuda Alloc Size 768 pointer 0x146733e0cc00
x3110c0s13b0n0:57893:61236 [1] NCCL INFO channel.cc:27 Cuda Alloc Size 4 pointer 0x146733e0d000
x3110c0s13b0n0:57893:61236 [1] NCCL INFO channel.cc:23 Cuda Alloc Size 768 pointer 0x146733e0d200
x3110c0s13b0n0:57893:61236 [1] NCCL INFO channel.cc:27 Cuda Alloc Size 4 pointer 0x146733e0d600
x3110c0s13b0n0:57893:61236 [1] NCCL INFO channel.cc:23 Cuda Alloc Size 768 pointer 0x146733e0d800
x3110c0s13b0n0:57893:61236 [1] NCCL INFO channel.cc:27 Cuda Alloc Size 4 pointer 0x146733e0dc00
x3110c0s13b0n0:57893:61236 [1] NCCL INFO channel.cc:23 Cuda Alloc Size 768 pointer 0x146733e0de00
x3110c0s13b0n0:57893:61236 [1] NCCL INFO channel.cc:27 Cuda Alloc Size 4 pointer 0x146733e0e200
x3110c0s13b0n0:57893:61236 [1] NCCL INFO channel.cc:23 Cuda Alloc Size 768 pointer 0x146733e0e400
x3110c0s13b0n0:57893:61236 [1] NCCL INFO channel.cc:27 Cuda Alloc Size 4 pointer 0x146733e0e800
x3110c0s13b0n0:57893:61236 [1] NCCL INFO channel.cc:23 Cuda Alloc Size 768 pointer 0x146733e0ea00
x3110c0s13b0n0:57893:61236 [1] NCCL INFO channel.cc:27 Cuda Alloc Size 4 pointer 0x146733e0ee00
x3110c0s13b0n0:57893:61236 [1] NCCL INFO channel.cc:23 Cuda Alloc Size 768 pointer 0x146733e0f000
x3110c0s13b0n0:57893:61236 [1] NCCL INFO channel.cc:27 Cuda Alloc Size 4 pointer 0x146733e0f400
x3110c0s13b0n0:57893:61236 [1] NCCL INFO Connected all rings
x3110c0s13b0n0:57893:61236 [1] NCCL INFO Connected all trees by HAO
x3110c0s13b0n0:57893:61236 [1] NCCL INFO 32 coll channels, 32 p2p channels, 32 p2p channels per peer
x3110c0s13b0n0:57887:61238 [0] NCCL INFO Mem Realloc old size 0, new size 8 pointer 0x15060c000cf0
x3110c0s13b0n0:57887:61238 [0] NCCL INFO Allocated 4194656 bytes of shared memory in /dev/shm/nccl-TnVInn

x3110c0s13b0n0:57887:61238 [0] NCCL INFO New proxy send connection 0 from local rank 0, transport 2
x3110c0s13b0n0:57899:61239 [3] NCCL INFO Mem Realloc old size 0, new size 8 pointer 0x145d20000cf0
x3110c0s13b0n0:57899:61239 [3] NCCL INFO Allocated 4194656 bytes of shared memory in /dev/shm/nccl-amCHte

x3110c0s13b0n0:57899:61239 [3] NCCL INFO New proxy send connection 0 from local rank 0, transport 2
x3110c0s13b0n0:57897:61232 [2] NCCL INFO Connection to proxy localRank 0 -> connection 0x148aa4000d10
x3110c0s13b0n0:57897:61232 [2] NCCL INFO init.cc:367 Cuda Alloc Size 5168 pointer 0x148affe0f600
x3110c0s13b0n0:57887:61230 [0] NCCL INFO Connection to proxy localRank 0 -> connection 0x15060c000d10
x3110c0s13b0n0:57887:61230 [0] NCCL INFO init.cc:367 Cuda Alloc Size 5168 pointer 0x15068e011c00
x3110c0s13b0n0:57893:61241 [1] NCCL INFO Mem Realloc old size 0, new size 8 pointer 0x1466d8000cf0
x3110c0s13b0n0:57893:61241 [1] NCCL INFO Allocated 4194656 bytes of shared memory in /dev/shm/nccl-Fmh9fN

x3110c0s13b0n0:57893:61241 [1] NCCL INFO New proxy send connection 0 from local rank 0, transport 2
x3110c0s13b0n0:57899:61234 [3] NCCL INFO Connection to proxy localRank 0 -> connection 0x145d20000d10
x3110c0s13b0n0:57899:61234 [3] NCCL INFO init.cc:367 Cuda Alloc Size 5168 pointer 0x145d7be0f600
x3110c0s13b0n0:57897:61232 [2] NCCL INFO init.cc:392 Cuda Host Alloc Size 33554432 pointer 0x148a9a000000
x3110c0s13b0n0:57897:61232 [2] NCCL INFO init.cc:398 Cuda Host Alloc Size 128 pointer 0x148aff400600
x3110c0s13b0n0:57897:61232 [2] NCCL INFO comm 0x5593902e93c0 rank 0 nranks 1 cudaDev 2 busId 85000 - Init COMPLETE
x3110c0s13b0n0:57897:61237 [2] NCCL INFO transport/net.cc:376 Cuda Alloc Size 67108864 pointer 0x148a96000000
x3110c0s13b0n0:57887:61238 [0] NCCL INFO transport/net.cc:376 Cuda Alloc Size 67108864 pointer 0x1505fc000000
x3110c0s13b0n0:57887:61230 [0] NCCL INFO init.cc:392 Cuda Host Alloc Size 33554432 pointer 0x15060a000000
x3110c0s13b0n0:57887:61230 [0] NCCL INFO init.cc:398 Cuda Host Alloc Size 128 pointer 0x150697600a00
x3110c0s13b0n0:57887:61230 [0] NCCL INFO comm 0x563ad349dfd0 rank 0 nranks 1 cudaDev 0 busId 7000 - Init COMPLETE
x3110c0s13b0n0:57899:61239 [3] NCCL INFO transport/net.cc:376 Cuda Alloc Size 67108864 pointer 0x145d14000000
x3110c0s13b0n0:57899:61234 [3] NCCL INFO init.cc:392 Cuda Host Alloc Size 33554432 pointer 0x145d1e000000
x3110c0s13b0n0:57899:61234 [3] NCCL INFO init.cc:398 Cuda Host Alloc Size 128 pointer 0x145d7b400600
x3110c0s13b0n0:57899:61234 [3] NCCL INFO comm 0x564eef23c400 rank 0 nranks 1 cudaDev 3 busId c7000 - Init COMPLETE
x3110c0s13b0n0:57893:61236 [1] NCCL INFO Connection to proxy localRank 0 -> connection 0x1466d8000d10
x3110c0s13b0n0:57893:61236 [1] NCCL INFO init.cc:367 Cuda Alloc Size 5168 pointer 0x146733e0f600
[Hao INFO in ncclAllReduce (all_reduce.cc)] rank 2 ncclAllReduce: count: 1, datatype: ncclInt64, message size: 8 Bytes
x3110c0s13b0n0:57897:57897 [2] NCCL INFO AllReduce: opCount 0 sendbuff 0x148b3fc00400 recvbuff 0x148b3fc00400 count 1 datatype 4 op 0 root 0 comm 0x5593902e93c0 [nranks=1] stream 0x55938d141290

[LYD INFO in ncclAllReduce (all_reduce.cc)] rank 0 AllReduce Time: 0.000036000 seconds
x3110c0s13b0n0:57893:61236 [1] NCCL INFO init.cc:392 Cuda Host Alloc Size 33554432 pointer 0x1466ce000000
x3110c0s13b0n0:57893:61236 [1] NCCL INFO init.cc:398 Cuda Host Alloc Size 128 pointer 0x146733400600
x3110c0s13b0n0:57893:61236 [1] NCCL INFO comm 0x556fc2aa9af0 rank 0 nranks 1 cudaDev 1 busId 46000 - Init COMPLETE
x3110c0s13b0n0:57893:61241 [1] NCCL INFO transport/net.cc:376 Cuda Alloc Size 67108864 pointer 0x1466ca000000
[Hao INFO in ncclAllReduce (all_reduce.cc)] rank 0 ncclAllReduce: count: 1, datatype: ncclInt64, message size: 8 Bytes
x3110c0s13b0n0:57887:57887 [0] NCCL INFO AllReduce: opCount 0 sendbuff 0x1506d7c00400 recvbuff 0x1506d7c00400 count 1 datatype 4 op 0 root 0 comm 0x563ad349dfd0 [nranks=1] stream 0x563ad1ef5a10

[LYD INFO in ncclAllReduce (all_reduce.cc)] rank 0 AllReduce Time: 0.000037000 seconds
x3110c0s13b0n0:57887:57887 [0] NCCL INFO init.cc:1147 Cuda Host Alloc Size 4 pointer 0x150697600c00
x3110c0s13b0n0:57897:57897 [2] NCCL INFO init.cc:1147 Cuda Host Alloc Size 4 pointer 0x148aff400800
[Hao INFO in ncclAllReduce (all_reduce.cc)] rank 3 ncclAllReduce: count: 1, datatype: ncclInt64, message size: 8 Bytes
x3110c0s13b0n0:57899:57899 [3] NCCL INFO AllReduce: opCount 0 sendbuff 0x145dbfc00400 recvbuff 0x145dbfc00400 count 1 datatype 4 op 0 root 0 comm 0x564eef23c400 [nranks=1] stream 0x564eed36f830

[LYD INFO in ncclAllReduce (all_reduce.cc)] rank 0 AllReduce Time: 0.000037000 seconds
x3110c0s13b0n0:57899:57899 [3] NCCL INFO init.cc:1147 Cuda Host Alloc Size 4 pointer 0x145d7b400800
x3110c0s13b0n0:57897:61249 [2] NCCL INFO Using network Socket
x3110c0s13b0n0:57887:61248 [0] NCCL INFO Using network Socket
[Hao INFO in ncclAllReduce (all_reduce.cc)] rank 1 ncclAllReduce: count: 1, datatype: ncclInt64, message size: 8 Bytes
x3110c0s13b0n0:57893:57893 [1] NCCL INFO AllReduce: opCount 0 sendbuff 0x146779c00400 recvbuff 0x146779c00400 count 1 datatype 4 op 0 root 0 comm 0x556fc2aa9af0 [nranks=1] stream 0x556fc095c9e0

[LYD INFO in ncclAllReduce (all_reduce.cc)] rank 0 AllReduce Time: 0.000034000 seconds
x3110c0s13b0n0:57893:57893 [1] NCCL INFO init.cc:1147 Cuda Host Alloc Size 4 pointer 0x146733400800
x3110c0s13b0n0:57899:61251 [3] NCCL INFO Using network Socket
x3110c0s13b0n0:57893:61255 [1] NCCL INFO Using network Socket
x3110c0s13b0n0:57887:61248 [0] NCCL INFO NET/Socket : GPU Direct RDMA Disabled for HCA 0 'hsn0'
x3110c0s13b0n0:57887:61248 [0] NCCL INFO === System : maxBw 24.0 totalBw 264.0 ===
x3110c0s13b0n0:57887:61248 [0] NCCL INFO CPU/3 (1/2/-1)
x3110c0s13b0n0:57887:61248 [0] NCCL INFO + SYS[5000.0] - CPU/2
x3110c0s13b0n0:57887:61248 [0] NCCL INFO + SYS[5000.0] - CPU/1
x3110c0s13b0n0:57887:61248 [0] NCCL INFO + SYS[5000.0] - CPU/0
x3110c0s13b0n0:57887:61248 [0] NCCL INFO + PCI[24.0] - PCI/5000 (11f8406811f8beef)
x3110c0s13b0n0:57887:61248 [0] NCCL INFO               + PCI[24.0] - GPU/7000 (0)
x3110c0s13b0n0:57887:61248 [0] NCCL INFO                             + NVL[88.0] - GPU/85000
x3110c0s13b0n0:57887:61248 [0] NCCL INFO                             + NVL[88.0] - GPU/C7000
x3110c0s13b0n0:57887:61248 [0] NCCL INFO                             + NVL[88.0] - GPU/46000
x3110c0s13b0n0:57887:61248 [0] NCCL INFO CPU/2 (1/2/-1)
x3110c0s13b0n0:57887:61248 [0] NCCL INFO + SYS[5000.0] - CPU/3
x3110c0s13b0n0:57887:61248 [0] NCCL INFO + SYS[5000.0] - CPU/1
x3110c0s13b0n0:57887:61248 [0] NCCL INFO + SYS[5000.0] - CPU/0
x3110c0s13b0n0:57887:61248 [0] NCCL INFO + PCI[24.0] - PCI/44000 (11f8406811f8beef)
x3110c0s13b0n0:57887:61248 [0] NCCL INFO               + PCI[24.0] - GPU/46000 (1)
x3110c0s13b0n0:57887:61248 [0] NCCL INFO                             + NVL[88.0] - GPU/85000
x3110c0s13b0n0:57887:61248 [0] NCCL INFO                             + NVL[88.0] - GPU/C7000
x3110c0s13b0n0:57887:61248 [0] NCCL INFO                             + NVL[88.0] - GPU/7000
x3110c0s13b0n0:57887:61248 [0] NCCL INFO + PCI[24.0] - NIC/43000
x3110c0s13b0n0:57887:61248 [0] NCCL INFO               + NET[25.0] - NET/0 (0/0/25.000000)
x3110c0s13b0n0:57887:61248 [0] NCCL INFO CPU/1 (1/2/-1)
x3110c0s13b0n0:57887:61248 [0] NCCL INFO + SYS[5000.0] - CPU/3
x3110c0s13b0n0:57887:61248 [0] NCCL INFO + SYS[5000.0] - CPU/2
x3110c0s13b0n0:57887:61248 [0] NCCL INFO + SYS[5000.0] - CPU/0
x3110c0s13b0n0:57887:61248 [0] NCCL INFO + PCI[24.0] - PCI/83000 (11f8406811f8beef)
x3110c0s13b0n0:57887:61248 [0] NCCL INFO               + PCI[24.0] - GPU/85000 (2)
x3110c0s13b0n0:57887:61248 [0] NCCL INFO                             + NVL[88.0] - GPU/C7000
x3110c0s13b0n0:57887:61248 [0] NCCL INFO                             + NVL[88.0] - GPU/46000
x3110c0s13b0n0:57887:61248 [0] NCCL INFO                             + NVL[88.0] - GPU/7000
x3110c0s13b0n0:57887:61248 [0] NCCL INFO CPU/0 (1/2/-1)
x3110c0s13b0n0:57887:61248 [0] NCCL INFO + SYS[5000.0] - CPU/3
x3110c0s13b0n0:57887:61248 [0] NCCL INFO + SYS[5000.0] - CPU/2
x3110c0s13b0n0:57887:61248 [0] NCCL INFO + SYS[5000.0] - CPU/1
x3110c0s13b0n0:57887:61248 [0] NCCL INFO + PCI[24.0] - PCI/C5000 (11f8406811f8beef)
x3110c0s13b0n0:57887:61248 [0] NCCL INFO               + PCI[24.0] - GPU/C7000 (3)
x3110c0s13b0n0:57887:61248 [0] NCCL INFO                             + NVL[88.0] - GPU/85000
x3110c0s13b0n0:57887:61248 [0] NCCL INFO                             + NVL[88.0] - GPU/46000
x3110c0s13b0n0:57887:61248 [0] NCCL INFO                             + NVL[88.0] - GPU/7000
x3110c0s13b0n0:57887:61248 [0] NCCL INFO ==========================================
x3110c0s13b0n0:57887:61248 [0] NCCL INFO GPU/7000 :GPU/7000 (0/5000.000000/LOC) GPU/46000 (1/88.000000/NVL) GPU/85000 (1/88.000000/NVL) GPU/C7000 (1/88.000000/NVL) CPU/3 (2/24.000000/PHB) CPU/2 (3/24.000000/SYS) CPU/1 (3/24.000000/SYS) CPU/0 (3/24.000000/SYS) NET/0 (5/24.000000/SYS) 
x3110c0s13b0n0:57887:61248 [0] NCCL INFO GPU/46000 :GPU/7000 (1/88.000000/NVL) GPU/46000 (0/5000.000000/LOC) GPU/85000 (1/88.000000/NVL) GPU/C7000 (1/88.000000/NVL) CPU/3 (3/24.000000/SYS) CPU/2 (2/24.000000/PHB) CPU/1 (3/24.000000/SYS) CPU/0 (3/24.000000/SYS) NET/0 (4/24.000000/PHB) 
x3110c0s13b0n0:57887:61248 [0] NCCL INFO GPU/85000 :GPU/7000 (1/88.000000/NVL) GPU/46000 (1/88.000000/NVL) GPU/85000 (0/5000.000000/LOC) GPU/C7000 (1/88.000000/NVL) CPU/3 (3/24.000000/SYS) CPU/2 (3/24.000000/SYS) CPU/1 (2/24.000000/PHB) CPU/0 (3/24.000000/SYS) NET/0 (5/24.000000/SYS) 
x3110c0s13b0n0:57887:61248 [0] NCCL INFO GPU/C7000 :GPU/7000 (1/88.000000/NVL) GPU/46000 (1/88.000000/NVL) GPU/85000 (1/88.000000/NVL) GPU/C7000 (0/5000.000000/LOC) CPU/3 (3/24.000000/SYS) CPU/2 (3/24.000000/SYS) CPU/1 (3/24.000000/SYS) CPU/0 (2/24.000000/PHB) NET/0 (5/24.000000/SYS) 
x3110c0s13b0n0:57887:61248 [0] NCCL INFO NET/0 :GPU/7000 (5/24.000000/SYS) GPU/46000 (4/24.000000/PHB) GPU/85000 (5/24.000000/SYS) GPU/C7000 (5/24.000000/SYS) CPU/3 (3/24.000000/SYS) CPU/2 (2/24.000000/PHB) CPU/1 (3/24.000000/SYS) CPU/0 (3/24.000000/SYS) NET/0 (0/5000.000000/LOC) 
x3110c0s13b0n0:57887:61248 [0] NCCL INFO Pattern 4, crossNic 0, nChannels 1, bw 24.000000/24.000000, type NVL/SYS, sameChannels 1
x3110c0s13b0n0:57887:61248 [0] NCCL INFO  0 : NET/0 GPU/1 GPU/0 GPU/3 GPU/2 NET/0
x3110c0s13b0n0:57887:61248 [0] NCCL INFO Pattern 1, crossNic 0, nChannels 1, bw 48.000000/24.000000, type NVL/SYS, sameChannels 1
x3110c0s13b0n0:57887:61248 [0] NCCL INFO  0 : NET/0 GPU/0 GPU/1 GPU/2 GPU/3 NET/0
x3110c0s13b0n0:57887:61248 [0] NCCL INFO Pattern 3, crossNic 0, nChannels 0, bw 0.000000/0.000000, type NVL/PIX, sameChannels 1
x3110c0s13b0n0:57893:61255 [1] NCCL INFO NET/Socket : GPU Direct RDMA Disabled for HCA 0 'hsn0'
x3110c0s13b0n0:57893:61255 [1] NCCL INFO === System : maxBw 24.0 totalBw 264.0 ===
x3110c0s13b0n0:57893:61255 [1] NCCL INFO CPU/3 (1/2/-1)
x3110c0s13b0n0:57893:61255 [1] NCCL INFO + SYS[5000.0] - CPU/2
x3110c0s13b0n0:57893:61255 [1] NCCL INFO + SYS[5000.0] - CPU/1
x3110c0s13b0n0:57893:61255 [1] NCCL INFO + SYS[5000.0] - CPU/0
x3110c0s13b0n0:57893:61255 [1] NCCL INFO + PCI[24.0] - PCI/5000 (11f8406811f8beef)
x3110c0s13b0n0:57893:61255 [1] NCCL INFO               + PCI[24.0] - GPU/7000 (0)
x3110c0s13b0n0:57893:61255 [1] NCCL INFO                             + NVL[88.0] - GPU/85000
x3110c0s13b0n0:57893:61255 [1] NCCL INFO                             + NVL[88.0] - GPU/C7000
x3110c0s13b0n0:57893:61255 [1] NCCL INFO                             + NVL[88.0] - GPU/46000
x3110c0s13b0n0:57893:61255 [1] NCCL INFO CPU/2 (1/2/-1)
x3110c0s13b0n0:57893:61255 [1] NCCL INFO + SYS[5000.0] - CPU/3
x3110c0s13b0n0:57893:61255 [1] NCCL INFO + SYS[5000.0] - CPU/1
x3110c0s13b0n0:57893:61255 [1] NCCL INFO + SYS[5000.0] - CPU/0
x3110c0s13b0n0:57893:61255 [1] NCCL INFO + PCI[24.0] - PCI/44000 (11f8406811f8beef)
x3110c0s13b0n0:57893:61255 [1] NCCL INFO               + PCI[24.0] - GPU/46000 (1)
x3110c0s13b0n0:57893:61255 [1] NCCL INFO                             + NVL[88.0] - GPU/85000
x3110c0s13b0n0:57893:61255 [1] NCCL INFO                             + NVL[88.0] - GPU/C7000
x3110c0s13b0n0:57893:61255 [1] NCCL INFO                             + NVL[88.0] - GPU/7000
x3110c0s13b0n0:57893:61255 [1] NCCL INFO + PCI[24.0] - NIC/43000
x3110c0s13b0n0:57893:61255 [1] NCCL INFO               + NET[25.0] - NET/0 (0/0/25.000000)
x3110c0s13b0n0:57893:61255 [1] NCCL INFO CPU/1 (1/2/-1)
x3110c0s13b0n0:57893:61255 [1] NCCL INFO + SYS[5000.0] - CPU/3
x3110c0s13b0n0:57893:61255 [1] NCCL INFO + SYS[5000.0] - CPU/2
x3110c0s13b0n0:57893:61255 [1] NCCL INFO + SYS[5000.0] - CPU/0
x3110c0s13b0n0:57893:61255 [1] NCCL INFO + PCI[24.0] - PCI/83000 (11f8406811f8beef)
x3110c0s13b0n0:57893:61255 [1] NCCL INFO               + PCI[24.0] - GPU/85000 (2)
x3110c0s13b0n0:57893:61255 [1] NCCL INFO                             + NVL[88.0] - GPU/C7000
x3110c0s13b0n0:57893:61255 [1] NCCL INFO                             + NVL[88.0] - GPU/46000
x3110c0s13b0n0:57893:61255 [1] NCCL INFO                             + NVL[88.0] - GPU/7000
x3110c0s13b0n0:57893:61255 [1] NCCL INFO CPU/0 (1/2/-1)
x3110c0s13b0n0:57893:61255 [1] NCCL INFO + SYS[5000.0] - CPU/3
x3110c0s13b0n0:57893:61255 [1] NCCL INFO + SYS[5000.0] - CPU/2
x3110c0s13b0n0:57893:61255 [1] NCCL INFO + SYS[5000.0] - CPU/1
x3110c0s13b0n0:57893:61255 [1] NCCL INFO + PCI[24.0] - PCI/C5000 (11f8406811f8beef)
x3110c0s13b0n0:57893:61255 [1] NCCL INFO               + PCI[24.0] - GPU/C7000 (3)
x3110c0s13b0n0:57893:61255 [1] NCCL INFO                             + NVL[88.0] - GPU/85000
x3110c0s13b0n0:57893:61255 [1] NCCL INFO                             + NVL[88.0] - GPU/46000
x3110c0s13b0n0:57893:61255 [1] NCCL INFO                             + NVL[88.0] - GPU/7000
x3110c0s13b0n0:57893:61255 [1] NCCL INFO ==========================================
x3110c0s13b0n0:57893:61255 [1] NCCL INFO GPU/7000 :GPU/7000 (0/5000.000000/LOC) GPU/46000 (1/88.000000/NVL) GPU/85000 (1/88.000000/NVL) GPU/C7000 (1/88.000000/NVL) CPU/3 (2/24.000000/PHB) CPU/2 (3/24.000000/SYS) CPU/1 (3/24.000000/SYS) CPU/0 (3/24.000000/SYS) NET/0 (5/24.000000/SYS) 
x3110c0s13b0n0:57893:61255 [1] NCCL INFO GPU/46000 :GPU/7000 (1/88.000000/NVL) GPU/46000 (0/5000.000000/LOC) GPU/85000 (1/88.000000/NVL) GPU/C7000 (1/88.000000/NVL) CPU/3 (3/24.000000/SYS) CPU/2 (2/24.000000/PHB) CPU/1 (3/24.000000/SYS) CPU/0 (3/24.000000/SYS) NET/0 (4/24.000000/PHB) 
x3110c0s13b0n0:57893:61255 [1] NCCL INFO GPU/85000 :GPU/7000 (1/88.000000/NVL) GPU/46000 (1/88.000000/NVL) GPU/85000 (0/5000.000000/LOC) GPU/C7000 (1/88.000000/NVL) CPU/3 (3/24.000000/SYS) CPU/2 (3/24.000000/SYS) CPU/1 (2/24.000000/PHB) CPU/0 (3/24.000000/SYS) NET/0 (5/24.000000/SYS) 
x3110c0s13b0n0:57893:61255 [1] NCCL INFO GPU/C7000 :GPU/7000 (1/88.000000/NVL) GPU/46000 (1/88.000000/NVL) GPU/85000 (1/88.000000/NVL) GPU/C7000 (0/5000.000000/LOC) CPU/3 (3/24.000000/SYS) CPU/2 (3/24.000000/SYS) CPU/1 (3/24.000000/SYS) CPU/0 (2/24.000000/PHB) NET/0 (5/24.000000/SYS) 
x3110c0s13b0n0:57893:61255 [1] NCCL INFO NET/0 :GPU/7000 (5/24.000000/SYS) GPU/46000 (4/24.000000/PHB) GPU/85000 (5/24.000000/SYS) GPU/C7000 (5/24.000000/SYS) CPU/3 (3/24.000000/SYS) CPU/2 (2/24.000000/PHB) CPU/1 (3/24.000000/SYS) CPU/0 (3/24.000000/SYS) NET/0 (0/5000.000000/LOC) 
x3110c0s13b0n0:57893:61255 [1] NCCL INFO Pattern 4, crossNic 0, nChannels 1, bw 24.000000/24.000000, type NVL/SYS, sameChannels 1
x3110c0s13b0n0:57893:61255 [1] NCCL INFO  0 : NET/0 GPU/1 GPU/0 GPU/3 GPU/2 NET/0
x3110c0s13b0n0:57893:61255 [1] NCCL INFO Pattern 1, crossNic 0, nChannels 1, bw 48.000000/24.000000, type NVL/SYS, sameChannels 1
x3110c0s13b0n0:57893:61255 [1] NCCL INFO  0 : NET/0 GPU/0 GPU/1 GPU/2 GPU/3 NET/0
x3110c0s13b0n0:57893:61255 [1] NCCL INFO Pattern 3, crossNic 0, nChannels 0, bw 0.000000/0.000000, type NVL/PIX, sameChannels 1
x3110c0s13b0n0:57897:61249 [2] NCCL INFO NET/Socket : GPU Direct RDMA Disabled for HCA 0 'hsn0'
x3110c0s13b0n0:57897:61249 [2] NCCL INFO === System : maxBw 24.0 totalBw 264.0 ===
x3110c0s13b0n0:57897:61249 [2] NCCL INFO CPU/3 (1/2/-1)
x3110c0s13b0n0:57897:61249 [2] NCCL INFO + SYS[5000.0] - CPU/2
x3110c0s13b0n0:57897:61249 [2] NCCL INFO + SYS[5000.0] - CPU/1
x3110c0s13b0n0:57897:61249 [2] NCCL INFO + SYS[5000.0] - CPU/0
x3110c0s13b0n0:57897:61249 [2] NCCL INFO + PCI[24.0] - PCI/5000 (11f8406811f8beef)
x3110c0s13b0n0:57897:61249 [2] NCCL INFO               + PCI[24.0] - GPU/7000 (0)
x3110c0s13b0n0:57897:61249 [2] NCCL INFO                             + NVL[88.0] - GPU/85000
x3110c0s13b0n0:57897:61249 [2] NCCL INFO                             + NVL[88.0] - GPU/C7000
x3110c0s13b0n0:57897:61249 [2] NCCL INFO                             + NVL[88.0] - GPU/46000
x3110c0s13b0n0:57897:61249 [2] NCCL INFO CPU/2 (1/2/-1)
x3110c0s13b0n0:57897:61249 [2] NCCL INFO + SYS[5000.0] - CPU/3
x3110c0s13b0n0:57897:61249 [2] NCCL INFO + SYS[5000.0] - CPU/1
x3110c0s13b0n0:57897:61249 [2] NCCL INFO + SYS[5000.0] - CPU/0
x3110c0s13b0n0:57897:61249 [2] NCCL INFO + PCI[24.0] - PCI/44000 (11f8406811f8beef)
x3110c0s13b0n0:57897:61249 [2] NCCL INFO               + PCI[24.0] - GPU/46000 (1)
x3110c0s13b0n0:57897:61249 [2] NCCL INFO                             + NVL[88.0] - GPU/85000
x3110c0s13b0n0:57897:61249 [2] NCCL INFO                             + NVL[88.0] - GPU/C7000
x3110c0s13b0n0:57897:61249 [2] NCCL INFO                             + NVL[88.0] - GPU/7000
x3110c0s13b0n0:57897:61249 [2] NCCL INFO + PCI[24.0] - NIC/43000
x3110c0s13b0n0:57897:61249 [2] NCCL INFO               + NET[25.0] - NET/0 (0/0/25.000000)
x3110c0s13b0n0:57897:61249 [2] NCCL INFO CPU/1 (1/2/-1)
x3110c0s13b0n0:57897:61249 [2] NCCL INFO + SYS[5000.0] - CPU/3
x3110c0s13b0n0:57897:61249 [2] NCCL INFO + SYS[5000.0] - CPU/2
x3110c0s13b0n0:57897:61249 [2] NCCL INFO + SYS[5000.0] - CPU/0
x3110c0s13b0n0:57897:61249 [2] NCCL INFO + PCI[24.0] - PCI/83000 (11f8406811f8beef)
x3110c0s13b0n0:57897:61249 [2] NCCL INFO               + PCI[24.0] - GPU/85000 (2)
x3110c0s13b0n0:57897:61249 [2] NCCL INFO                             + NVL[88.0] - GPU/C7000
x3110c0s13b0n0:57897:61249 [2] NCCL INFO                             + NVL[88.0] - GPU/46000
x3110c0s13b0n0:57897:61249 [2] NCCL INFO                             + NVL[88.0] - GPU/7000
x3110c0s13b0n0:57897:61249 [2] NCCL INFO CPU/0 (1/2/-1)
x3110c0s13b0n0:57897:61249 [2] NCCL INFO + SYS[5000.0] - CPU/3
x3110c0s13b0n0:57897:61249 [2] NCCL INFO + SYS[5000.0] - CPU/2
x3110c0s13b0n0:57897:61249 [2] NCCL INFO + SYS[5000.0] - CPU/1
x3110c0s13b0n0:57897:61249 [2] NCCL INFO + PCI[24.0] - PCI/C5000 (11f8406811f8beef)
x3110c0s13b0n0:57897:61249 [2] NCCL INFO               + PCI[24.0] - GPU/C7000 (3)
x3110c0s13b0n0:57897:61249 [2] NCCL INFO                             + NVL[88.0] - GPU/85000
x3110c0s13b0n0:57897:61249 [2] NCCL INFO                             + NVL[88.0] - GPU/46000
x3110c0s13b0n0:57897:61249 [2] NCCL INFO                             + NVL[88.0] - GPU/7000
x3110c0s13b0n0:57897:61249 [2] NCCL INFO ==========================================
x3110c0s13b0n0:57897:61249 [2] NCCL INFO GPU/7000 :GPU/7000 (0/5000.000000/LOC) GPU/46000 (1/88.000000/NVL) GPU/85000 (1/88.000000/NVL) GPU/C7000 (1/88.000000/NVL) CPU/3 (2/24.000000/PHB) CPU/2 (3/24.000000/SYS) CPU/1 (3/24.000000/SYS) CPU/0 (3/24.000000/SYS) NET/0 (5/24.000000/SYS) 
x3110c0s13b0n0:57897:61249 [2] NCCL INFO GPU/46000 :GPU/7000 (1/88.000000/NVL) GPU/46000 (0/5000.000000/LOC) GPU/85000 (1/88.000000/NVL) GPU/C7000 (1/88.000000/NVL) CPU/3 (3/24.000000/SYS) CPU/2 (2/24.000000/PHB) CPU/1 (3/24.000000/SYS) CPU/0 (3/24.000000/SYS) NET/0 (4/24.000000/PHB) 
x3110c0s13b0n0:57897:61249 [2] NCCL INFO GPU/85000 :GPU/7000 (1/88.000000/NVL) GPU/46000 (1/88.000000/NVL) GPU/85000 (0/5000.000000/LOC) GPU/C7000 (1/88.000000/NVL) CPU/3 (3/24.000000/SYS) CPU/2 (3/24.000000/SYS) CPU/1 (2/24.000000/PHB) CPU/0 (3/24.000000/SYS) NET/0 (5/24.000000/SYS) 
x3110c0s13b0n0:57897:61249 [2] NCCL INFO GPU/C7000 :GPU/7000 (1/88.000000/NVL) GPU/46000 (1/88.000000/NVL) GPU/85000 (1/88.000000/NVL) GPU/C7000 (0/5000.000000/LOC) CPU/3 (3/24.000000/SYS) CPU/2 (3/24.000000/SYS) CPU/1 (3/24.000000/SYS) CPU/0 (2/24.000000/PHB) NET/0 (5/24.000000/SYS) 
x3110c0s13b0n0:57897:61249 [2] NCCL INFO NET/0 :GPU/7000 (5/24.000000/SYS) GPU/46000 (4/24.000000/PHB) GPU/85000 (5/24.000000/SYS) GPU/C7000 (5/24.000000/SYS) CPU/3 (3/24.000000/SYS) CPU/2 (2/24.000000/PHB) CPU/1 (3/24.000000/SYS) CPU/0 (3/24.000000/SYS) NET/0 (0/5000.000000/LOC) 
x3110c0s13b0n0:57897:61249 [2] NCCL INFO Pattern 4, crossNic 0, nChannels 1, bw 24.000000/24.000000, type NVL/SYS, sameChannels 1
x3110c0s13b0n0:57897:61249 [2] NCCL INFO  0 : NET/0 GPU/1 GPU/0 GPU/3 GPU/2 NET/0
x3110c0s13b0n0:57897:61249 [2] NCCL INFO Pattern 1, crossNic 0, nChannels 1, bw 48.000000/24.000000, type NVL/SYS, sameChannels 1
x3110c0s13b0n0:57897:61249 [2] NCCL INFO  0 : NET/0 GPU/0 GPU/1 GPU/2 GPU/3 NET/0
x3110c0s13b0n0:57897:61249 [2] NCCL INFO Pattern 3, crossNic 0, nChannels 0, bw 0.000000/0.000000, type NVL/PIX, sameChannels 1
x3110c0s13b0n0:57899:61251 [3] NCCL INFO NET/Socket : GPU Direct RDMA Disabled for HCA 0 'hsn0'
x3110c0s13b0n0:57899:61251 [3] NCCL INFO === System : maxBw 24.0 totalBw 264.0 ===
x3110c0s13b0n0:57899:61251 [3] NCCL INFO CPU/3 (1/2/-1)
x3110c0s13b0n0:57899:61251 [3] NCCL INFO + SYS[5000.0] - CPU/2
x3110c0s13b0n0:57899:61251 [3] NCCL INFO + SYS[5000.0] - CPU/1
x3110c0s13b0n0:57899:61251 [3] NCCL INFO + SYS[5000.0] - CPU/0
x3110c0s13b0n0:57899:61251 [3] NCCL INFO + PCI[24.0] - PCI/5000 (11f8406811f8beef)
x3110c0s13b0n0:57899:61251 [3] NCCL INFO               + PCI[24.0] - GPU/7000 (0)
x3110c0s13b0n0:57899:61251 [3] NCCL INFO                             + NVL[88.0] - GPU/85000
x3110c0s13b0n0:57899:61251 [3] NCCL INFO                             + NVL[88.0] - GPU/C7000
x3110c0s13b0n0:57899:61251 [3] NCCL INFO                             + NVL[88.0] - GPU/46000
x3110c0s13b0n0:57899:61251 [3] NCCL INFO CPU/2 (1/2/-1)
x3110c0s13b0n0:57899:61251 [3] NCCL INFO + SYS[5000.0] - CPU/3
x3110c0s13b0n0:57899:61251 [3] NCCL INFO + SYS[5000.0] - CPU/1
x3110c0s13b0n0:57899:61251 [3] NCCL INFO + SYS[5000.0] - CPU/0
x3110c0s13b0n0:57899:61251 [3] NCCL INFO + PCI[24.0] - PCI/44000 (11f8406811f8beef)
x3110c0s13b0n0:57899:61251 [3] NCCL INFO               + PCI[24.0] - GPU/46000 (1)
x3110c0s13b0n0:57899:61251 [3] NCCL INFO                             + NVL[88.0] - GPU/85000
x3110c0s13b0n0:57899:61251 [3] NCCL INFO                             + NVL[88.0] - GPU/C7000
x3110c0s13b0n0:57899:61251 [3] NCCL INFO                             + NVL[88.0] - GPU/7000
x3110c0s13b0n0:57899:61251 [3] NCCL INFO + PCI[24.0] - NIC/43000
x3110c0s13b0n0:57899:61251 [3] NCCL INFO               + NET[25.0] - NET/0 (0/0/25.000000)
x3110c0s13b0n0:57899:61251 [3] NCCL INFO CPU/1 (1/2/-1)
x3110c0s13b0n0:57899:61251 [3] NCCL INFO + SYS[5000.0] - CPU/3
x3110c0s13b0n0:57899:61251 [3] NCCL INFO + SYS[5000.0] - CPU/2
x3110c0s13b0n0:57899:61251 [3] NCCL INFO + SYS[5000.0] - CPU/0
x3110c0s13b0n0:57899:61251 [3] NCCL INFO + PCI[24.0] - PCI/83000 (11f8406811f8beef)
x3110c0s13b0n0:57899:61251 [3] NCCL INFO               + PCI[24.0] - GPU/85000 (2)
x3110c0s13b0n0:57899:61251 [3] NCCL INFO                             + NVL[88.0] - GPU/C7000
x3110c0s13b0n0:57899:61251 [3] NCCL INFO                             + NVL[88.0] - GPU/46000
x3110c0s13b0n0:57899:61251 [3] NCCL INFO                             + NVL[88.0] - GPU/7000
x3110c0s13b0n0:57899:61251 [3] NCCL INFO CPU/0 (1/2/-1)
x3110c0s13b0n0:57899:61251 [3] NCCL INFO + SYS[5000.0] - CPU/3
x3110c0s13b0n0:57899:61251 [3] NCCL INFO + SYS[5000.0] - CPU/2
x3110c0s13b0n0:57899:61251 [3] NCCL INFO + SYS[5000.0] - CPU/1
x3110c0s13b0n0:57899:61251 [3] NCCL INFO + PCI[24.0] - PCI/C5000 (11f8406811f8beef)
x3110c0s13b0n0:57899:61251 [3] NCCL INFO               + PCI[24.0] - GPU/C7000 (3)
x3110c0s13b0n0:57899:61251 [3] NCCL INFO                             + NVL[88.0] - GPU/85000
x3110c0s13b0n0:57899:61251 [3] NCCL INFO                             + NVL[88.0] - GPU/46000
x3110c0s13b0n0:57899:61251 [3] NCCL INFO                             + NVL[88.0] - GPU/7000
x3110c0s13b0n0:57899:61251 [3] NCCL INFO ==========================================
x3110c0s13b0n0:57899:61251 [3] NCCL INFO GPU/7000 :GPU/7000 (0/5000.000000/LOC) GPU/46000 (1/88.000000/NVL) GPU/85000 (1/88.000000/NVL) GPU/C7000 (1/88.000000/NVL) CPU/3 (2/24.000000/PHB) CPU/2 (3/24.000000/SYS) CPU/1 (3/24.000000/SYS) CPU/0 (3/24.000000/SYS) NET/0 (5/24.000000/SYS) 
x3110c0s13b0n0:57899:61251 [3] NCCL INFO GPU/46000 :GPU/7000 (1/88.000000/NVL) GPU/46000 (0/5000.000000/LOC) GPU/85000 (1/88.000000/NVL) GPU/C7000 (1/88.000000/NVL) CPU/3 (3/24.000000/SYS) CPU/2 (2/24.000000/PHB) CPU/1 (3/24.000000/SYS) CPU/0 (3/24.000000/SYS) NET/0 (4/24.000000/PHB) 
x3110c0s13b0n0:57899:61251 [3] NCCL INFO GPU/85000 :GPU/7000 (1/88.000000/NVL) GPU/46000 (1/88.000000/NVL) GPU/85000 (0/5000.000000/LOC) GPU/C7000 (1/88.000000/NVL) CPU/3 (3/24.000000/SYS) CPU/2 (3/24.000000/SYS) CPU/1 (2/24.000000/PHB) CPU/0 (3/24.000000/SYS) NET/0 (5/24.000000/SYS) 
x3110c0s13b0n0:57899:61251 [3] NCCL INFO GPU/C7000 :GPU/7000 (1/88.000000/NVL) GPU/46000 (1/88.000000/NVL) GPU/85000 (1/88.000000/NVL) GPU/C7000 (0/5000.000000/LOC) CPU/3 (3/24.000000/SYS) CPU/2 (3/24.000000/SYS) CPU/1 (3/24.000000/SYS) CPU/0 (2/24.000000/PHB) NET/0 (5/24.000000/SYS) 
x3110c0s13b0n0:57899:61251 [3] NCCL INFO NET/0 :GPU/7000 (5/24.000000/SYS) GPU/46000 (4/24.000000/PHB) GPU/85000 (5/24.000000/SYS) GPU/C7000 (5/24.000000/SYS) CPU/3 (3/24.000000/SYS) CPU/2 (2/24.000000/PHB) CPU/1 (3/24.000000/SYS) CPU/0 (3/24.000000/SYS) NET/0 (0/5000.000000/LOC) 
x3110c0s13b0n0:57899:61251 [3] NCCL INFO Setting affinity for GPU 3 to 01
x3110c0s13b0n0:57899:61251 [3] NCCL INFO Pattern 4, crossNic 0, nChannels 1, bw 24.000000/24.000000, type NVL/SYS, sameChannels 1
x3110c0s13b0n0:57899:61251 [3] NCCL INFO  0 : NET/0 GPU/1 GPU/0 GPU/3 GPU/2 NET/0
x3110c0s13b0n0:57899:61251 [3] NCCL INFO Pattern 1, crossNic 0, nChannels 1, bw 48.000000/24.000000, type NVL/SYS, sameChannels 1
x3110c0s13b0n0:57899:61251 [3] NCCL INFO  0 : NET/0 GPU/0 GPU/1 GPU/2 GPU/3 NET/0
x3110c0s13b0n0:57899:61251 [3] NCCL INFO Pattern 3, crossNic 0, nChannels 0, bw 0.000000/0.000000, type NVL/PIX, sameChannels 1
x3110c0s13b0n0:57887:61248 [0] NCCL INFO Tree 0 : -1 -> 0 -> 1/4/-1
x3110c0s13b0n0:57887:61248 [0] NCCL INFO Tree 1 : 4 -> 0 -> 1/-1/-1
x3110c0s13b0n0:57887:61248 [0] NCCL INFO Channel 00/02 :    0   3   2   5   4   7   6   1
x3110c0s13b0n0:57887:61248 [0] NCCL INFO Channel 01/02 :    0   3   2   5   4   7   6   1
x3110c0s13b0n0:57887:61248 [0] NCCL INFO Ring 00 : 1 -> 0 -> 3
x3110c0s13b0n0:57887:61248 [0] NCCL INFO Ring 01 : 1 -> 0 -> 3
x3110c0s13b0n0:57887:61248 [0] NCCL INFO Trees [0] 1/4/-1->0->-1 [1] 1/-1/-1->0->4
x3110c0s13b0n0:57887:61248 [0] NCCL INFO misc/utils.cc:235 memory stack hunk malloc(65536)
x3110c0s13b0n0:57887:61248 [0] NCCL INFO channel.cc:23 Cuda Alloc Size 3456 pointer 0x15068e013200
x3110c0s13b0n0:57887:61248 [0] NCCL INFO channel.cc:27 Cuda Alloc Size 32 pointer 0x15068e014000
x3110c0s13b0n0:57887:61248 [0] NCCL INFO channel.cc:23 Cuda Alloc Size 3456 pointer 0x15068e014200
x3110c0s13b0n0:57887:61248 [0] NCCL INFO channel.cc:27 Cuda Alloc Size 32 pointer 0x15068e015000
x3110c0s13b0n0:57887:61248 [0] NCCL INFO Channel 00/0 : 0[7000] -> 3[c7000] via P2P/IPC/read
x3110c0s13b0n0:57887:61342 [0] NCCL INFO Mem Realloc old size 0, new size 8 pointer 0x150604000bb0
x3110c0s13b0n0:57887:61342 [0] NCCL INFO New proxy send connection 0 from local rank 0, transport 0
x3110c0s13b0n0:57899:61251 [3] NCCL INFO Ring 00 : 0 -> 3 -> 2
x3110c0s13b0n0:57899:61251 [3] NCCL INFO Ring 01 : 0 -> 3 -> 2
x3110c0s13b0n0:57899:61251 [3] NCCL INFO Trees [0] -1/-1/-1->3->2 [1] -1/-1/-1->3->2
x3110c0s13b0n0:57899:61251 [3] NCCL INFO misc/utils.cc:235 memory stack hunk malloc(65536)
x3110c0s13b0n0:57899:61251 [3] NCCL INFO channel.cc:23 Cuda Alloc Size 3456 pointer 0x145d7be10c00
x3110c0s13b0n0:57899:61251 [3] NCCL INFO channel.cc:27 Cuda Alloc Size 32 pointer 0x145d7be11a00
x3110c0s13b0n0:57899:61251 [3] NCCL INFO channel.cc:23 Cuda Alloc Size 3456 pointer 0x145d7be11c00
x3110c0s13b0n0:57899:61251 [3] NCCL INFO channel.cc:27 Cuda Alloc Size 32 pointer 0x145d7be12a00
x3110c0s13b0n0:57887:61248 [0] NCCL INFO Connection to proxy localRank 0 -> connection 0x150604066e90
x3110c0s13b0n0:57887:61342 [0] NCCL INFO transport/p2p.cc:430 Cuda Alloc Size 6291456 pointer 0x150613800000
x3110c0s13b0n0:57899:61349 [3] NCCL INFO Mem Realloc old size 0, new size 8 pointer 0x145d10000c60
x3110c0s13b0n0:57899:61349 [3] NCCL INFO New proxy recv connection 0 from local rank 3, transport 0
x3110c0s13b0n0:57893:61255 [1] NCCL INFO Tree 0 : 0 -> 1 -> 2/-1/-1
x3110c0s13b0n0:57893:61255 [1] NCCL INFO Tree 1 : 0 -> 1 -> 2/-1/-1
x3110c0s13b0n0:57893:61255 [1] NCCL INFO Ring 00 : 6 -> 1 -> 0
x3110c0s13b0n0:57893:61255 [1] NCCL INFO Ring 01 : 6 -> 1 -> 0
x3110c0s13b0n0:57893:61255 [1] NCCL INFO Trees [0] 2/-1/-1->1->0 [1] 2/-1/-1->1->0
x3110c0s13b0n0:57893:61255 [1] NCCL INFO misc/utils.cc:235 memory stack hunk malloc(65536)
x3110c0s13b0n0:57893:61255 [1] NCCL INFO channel.cc:23 Cuda Alloc Size 3456 pointer 0x146733e10c00
x3110c0s13b0n0:57893:61255 [1] NCCL INFO channel.cc:27 Cuda Alloc Size 32 pointer 0x146733e11a00
x3110c0s13b0n0:57893:61255 [1] NCCL INFO channel.cc:23 Cuda Alloc Size 3456 pointer 0x146733e11c00
x3110c0s13b0n0:57893:61255 [1] NCCL INFO channel.cc:27 Cuda Alloc Size 32 pointer 0x146733e12a00
x3110c0s13b0n0:57893:61345 [1] NCCL INFO Mem Realloc old size 0, new size 8 pointer 0x1466bc000c60
x3110c0s13b0n0:57893:61345 [1] NCCL INFO Allocated 4194656 bytes of shared memory in /dev/shm/nccl-F4LdAN

x3110c0s13b0n0:57893:61345 [1] NCCL INFO New proxy recv connection 0 from local rank 1, transport 2
x3110c0s13b0n0:57887:61248 [0] NCCL INFO Channel 01/0 : 0[7000] -> 3[c7000] via P2P/IPC/read
x3110c0s13b0n0:57887:61342 [0] NCCL INFO New proxy send connection 1 from local rank 0, transport 0
x3110c0s13b0n0:57899:61251 [3] NCCL INFO Connection to proxy localRank 3 -> connection 0x145d10000c80
x3110c0s13b0n0:57899:61349 [3] NCCL INFO transport/p2p.cc:449 Cuda Alloc Size 6291456 pointer 0x145d29800000
x3110c0s13b0n0:57897:61249 [2] NCCL INFO Ring 00 : 3 -> 2 -> 5
x3110c0s13b0n0:57897:61249 [2] NCCL INFO Ring 01 : 3 -> 2 -> 5
x3110c0s13b0n0:57897:61249 [2] NCCL INFO Trees [0] 3/-1/-1->2->1 [1] 3/-1/-1->2->1
x3110c0s13b0n0:57897:61249 [2] NCCL INFO misc/utils.cc:235 memory stack hunk malloc(65536)
x3110c0s13b0n0:57897:61249 [2] NCCL INFO channel.cc:23 Cuda Alloc Size 3456 pointer 0x148affe10c00
x3110c0s13b0n0:57897:61249 [2] NCCL INFO channel.cc:27 Cuda Alloc Size 32 pointer 0x148affe11a00
x3110c0s13b0n0:57897:61249 [2] NCCL INFO channel.cc:23 Cuda Alloc Size 3456 pointer 0x148affe11c00
x3110c0s13b0n0:57897:61249 [2] NCCL INFO channel.cc:27 Cuda Alloc Size 32 pointer 0x148affe12a00
x3110c0s13b0n0:57897:61348 [2] NCCL INFO Mem Realloc old size 0, new size 8 pointer 0x148a88000c60
x3110c0s13b0n0:57897:61348 [2] NCCL INFO Allocated 4194656 bytes of shared memory in /dev/shm/nccl-JZ7da5

x3110c0s13b0n0:57897:61348 [2] NCCL INFO New proxy send connection 0 from local rank 2, transport 2
x3110c0s13b0n0:57897:61249 [2] NCCL INFO Connection to proxy localRank 2 -> connection 0x148a88000c80
x3110c0s13b0n0:57897:61249 [2] NCCL INFO Channel 00/0 : 2[85000] -> 5[46000] [send] via NET/Socket/0
x3110c0s13b0n0:57897:61348 [2] NCCL INFO New proxy send connection 1 from local rank 2, transport 2
x3110c0s13b0n0:57893:61255 [1] NCCL INFO Connection to proxy localRank 1 -> connection 0x1466bc000c80
x3110c0s13b0n0:57887:61248 [0] NCCL INFO Connection to proxy localRank 0 -> connection 0x150604066ed0
x3110c0s13b0n0:57887:61342 [0] NCCL INFO transport/p2p.cc:430 Cuda Alloc Size 6291456 pointer 0x150615600000
x3110c0s13b0n0:57899:61349 [3] NCCL INFO New proxy recv connection 1 from local rank 3, transport 0
x3110c0s13b0n0:57897:61249 [2] NCCL INFO Connection to proxy localRank 2 -> connection 0x148a88000cc0
x3110c0s13b0n0:57897:61249 [2] NCCL INFO Channel 01/0 : 2[85000] -> 5[46000] [send] via NET/Socket/0
x3110c0s13b0n0:57893:61255 [1] NCCL INFO Channel 00/0 : 6[85000] -> 1[46000] [receive] via NET/Socket/0
x3110c0s13b0n0:57893:61345 [1] NCCL INFO New proxy recv connection 1 from local rank 1, transport 2
x3110c0s13b0n0:57899:61251 [3] NCCL INFO Connection to proxy localRank 3 -> connection 0x145d10000cc0
x3110c0s13b0n0:57899:61349 [3] NCCL INFO transport/p2p.cc:449 Cuda Alloc Size 6291456 pointer 0x145d2b600000
x3110c0s13b0n0:57899:61251 [3] NCCL INFO Channel 00/0 : 3[c7000] -> 2[85000] via P2P/IPC/read
x3110c0s13b0n0:57887:61342 [0] NCCL INFO New proxy recv connection 2 from local rank 0, transport 0
x3110c0s13b0n0:57899:61349 [3] NCCL INFO New proxy send connection 2 from local rank 3, transport 0
x3110c0s13b0n0:57893:61255 [1] NCCL INFO Connection to proxy localRank 1 -> connection 0x1466bc000cc0
x3110c0s13b0n0:57887:61248 [0] NCCL INFO Connection to proxy localRank 0 -> connection 0x150604066f10
x3110c0s13b0n0:57897:61348 [2] NCCL INFO transport/net.cc:571 Cuda Host Alloc Size 9641984 pointer 0x148aad600000
x3110c0s13b0n0:57897:61348 [2] NCCL INFO transport/net.cc:571 Cuda Host Alloc Size 9641984 pointer 0x148aaf200000
x3110c0s13b0n0:57899:61251 [3] NCCL INFO Connection to proxy localRank 3 -> connection 0x145d10000d00
x3110c0s13b0n0:57899:61349 [3] NCCL INFO transport/p2p.cc:430 Cuda Alloc Size 6291456 pointer 0x145d2f600000
x3110c0s13b0n0:57887:61342 [0] NCCL INFO transport/p2p.cc:449 Cuda Alloc Size 6291456 pointer 0x15061d600000
x3110c0s13b0n0:57893:61255 [1] NCCL INFO Channel 01/0 : 6[85000] -> 1[46000] [receive] via NET/Socket/0
x3110c0s13b0n0:57893:61345 [1] NCCL INFO transport/net.cc:698 Cuda Host Alloc Size 9641984 pointer 0x1466e1600000
x3110c0s13b0n0:57887:61342 [0] NCCL INFO New proxy recv connection 3 from local rank 0, transport 0
x3110c0s13b0n0:57897:61348 [2] NCCL INFO New proxy recv connection 2 from local rank 2, transport 0
x3110c0s13b0n0:57899:61251 [3] NCCL INFO Channel 01/0 : 3[c7000] -> 2[85000] via P2P/IPC/read
x3110c0s13b0n0:57899:61349 [3] NCCL INFO New proxy send connection 3 from local rank 3, transport 0
x3110c0s13b0n0:57887:61248 [0] NCCL INFO Connection to proxy localRank 0 -> connection 0x150604066f50
x3110c0s13b0n0:57887:61342 [0] NCCL INFO transport/p2p.cc:449 Cuda Alloc Size 6291456 pointer 0x15061f600000
x3110c0s13b0n0:57897:61249 [2] NCCL INFO Connection to proxy localRank 2 -> connection 0x148a88000d00
x3110c0s13b0n0:57897:61348 [2] NCCL INFO transport/p2p.cc:449 Cuda Alloc Size 6291456 pointer 0x148aab800000
x3110c0s13b0n0:57893:61345 [1] NCCL INFO transport/net.cc:698 Cuda Host Alloc Size 9641984 pointer 0x1466e3200000
x3110c0s13b0n0:57899:61251 [3] NCCL INFO Connection to proxy localRank 3 -> connection 0x145d10000d40
x3110c0s13b0n0:57899:61349 [3] NCCL INFO transport/p2p.cc:430 Cuda Alloc Size 6291456 pointer 0x145d31600000
x3110c0s13b0n0:57897:61348 [2] NCCL INFO New proxy recv connection 3 from local rank 2, transport 0
x3110c0s13b0n0:57893:61255 [1] NCCL INFO Channel 00/0 : 1[46000] -> 0[7000] via P2P/IPC/read
x3110c0s13b0n0:57893:61345 [1] NCCL INFO New proxy send connection 2 from local rank 1, transport 0
x3110c0s13b0n0:57897:61249 [2] NCCL INFO Connection to proxy localRank 2 -> connection 0x148a88000d40
x3110c0s13b0n0:57897:61348 [2] NCCL INFO transport/p2p.cc:449 Cuda Alloc Size 6291456 pointer 0x148ab1600000
x3110c0s13b0n0:57893:61255 [1] NCCL INFO Connection to proxy localRank 1 -> connection 0x1466bc000d00
x3110c0s13b0n0:57893:61345 [1] NCCL INFO transport/p2p.cc:430 Cuda Alloc Size 6291456 pointer 0x1466df800000
x3110c0s13b0n0:57897:61249 [2] NCCL INFO Connected all rings
x3110c0s13b0n0:57899:61251 [3] NCCL INFO Connected all rings
x3110c0s13b0n0:57899:61349 [3] NCCL INFO New proxy recv connection 4 from local rank 3, transport 0
x3110c0s13b0n0:57899:61251 [3] NCCL INFO Connection to proxy localRank 3 -> connection 0x145d10000d80
x3110c0s13b0n0:57899:61349 [3] NCCL INFO transport/p2p.cc:449 Cuda Alloc Size 6291456 pointer 0x145d39600000
x3110c0s13b0n0:57897:61348 [2] NCCL INFO New proxy recv connection 4 from local rank 2, transport 0
x3110c0s13b0n0:57893:61255 [1] NCCL INFO Channel 01/0 : 1[46000] -> 0[7000] via P2P/IPC/read
x3110c0s13b0n0:57893:61345 [1] NCCL INFO New proxy send connection 3 from local rank 1, transport 0
x3110c0s13b0n0:57897:61249 [2] NCCL INFO Connection to proxy localRank 2 -> connection 0x148a88000d80
x3110c0s13b0n0:57897:61348 [2] NCCL INFO transport/p2p.cc:449 Cuda Alloc Size 6291456 pointer 0x148ab9600000
x3110c0s13b0n0:57899:61349 [3] NCCL INFO New proxy recv connection 5 from local rank 3, transport 0
x3110c0s13b0n0:57893:61255 [1] NCCL INFO Connection to proxy localRank 1 -> connection 0x1466bc000d40
x3110c0s13b0n0:57893:61345 [1] NCCL INFO transport/p2p.cc:430 Cuda Alloc Size 6291456 pointer 0x1466e5600000
x3110c0s13b0n0:57897:61348 [2] NCCL INFO New proxy recv connection 5 from local rank 2, transport 0
x3110c0s13b0n0:57899:61251 [3] NCCL INFO Connection to proxy localRank 3 -> connection 0x145d10000dc0
x3110c0s13b0n0:57899:61349 [3] NCCL INFO transport/p2p.cc:449 Cuda Alloc Size 6291456 pointer 0x145d3b600000
x3110c0s13b0n0:57893:61255 [1] NCCL INFO Connected all rings
x3110c0s13b0n0:57893:61345 [1] NCCL INFO New proxy recv connection 4 from local rank 1, transport 0
x3110c0s13b0n0:57887:61248 [0] NCCL INFO Connected all rings
x3110c0s13b0n0:57887:61248 [0] NCCL INFO Channel 00/0 : 0[7000] -> 1[46000] via P2P/IPC/read
x3110c0s13b0n0:57887:61342 [0] NCCL INFO New proxy send connection 4 from local rank 0, transport 0
x3110c0s13b0n0:57897:61249 [2] NCCL INFO Connection to proxy localRank 2 -> connection 0x148a88000dc0
x3110c0s13b0n0:57897:61348 [2] NCCL INFO transport/p2p.cc:449 Cuda Alloc Size 6291456 pointer 0x148abb200000
x3110c0s13b0n0:57887:61248 [0] NCCL INFO Connection to proxy localRank 0 -> connection 0x150604066f90
x3110c0s13b0n0:57887:61342 [0] NCCL INFO transport/p2p.cc:430 Cuda Alloc Size 6291456 pointer 0x1506ad800000
