x3204c0s1b0n0:16083:19671 [2] NCCL INFO                             + NVL[88.0] - GPU/46000
x3204c0s1b0n0:16083:19671 [2] NCCL INFO                             + NVL[88.0] - GPU/7000
x3204c0s1b0n0:16083:19671 [2] NCCL INFO CPU/0 (1/2/-1)
x3204c0s1b0n0:16083:19671 [2] NCCL INFO + SYS[5000.0] - CPU/3
x3204c0s1b0n0:16083:19671 [2] NCCL INFO + SYS[5000.0] - CPU/2
x3204c0s1b0n0:16083:19671 [2] NCCL INFO + SYS[5000.0] - CPU/1
x3204c0s1b0n0:16083:19671 [2] NCCL INFO + PCI[24.0] - PCI/C5000 (11f8406811f8beef)
x3204c0s1b0n0:16083:19671 [2] NCCL INFO               + PCI[24.0] - GPU/C7000 (11)
x3204c0s1b0n0:16083:19671 [2] NCCL INFO                             + NVL[88.0] - GPU/85000
x3204c0s1b0n0:16083:19671 [2] NCCL INFO                             + NVL[88.0] - GPU/46000
x3204c0s1b0n0:16083:19671 [2] NCCL INFO                             + NVL[88.0] - GPU/7000
x3204c0s1b0n0:16083:19671 [2] NCCL INFO + PCI[12.0] - NIC/C8000
x3204c0s1b0n0:16083:19671 [2] NCCL INFO               + NET[12.5] - NET/0 (86013ffffa4e988/1/12.500000)
x3204c0s1b0n0:16083:19671 [2] NCCL INFO ==========================================
x3204c0s1b0n0:16083:19671 [2] NCCL INFO GPU/7000 :GPU/7000 (0/5000.000000/LOC) GPU/46000 (1/88.000000/NVL) GPU/85000 (1/88.000000/NVL) GPU/C7000 (1/88.000000/NVL) CPU/3 (2/24.000000/PHB) CPU/2 (3/24.000000/SYS) CPU/1 (3/24.000000/SYS) CPU/0 (3/24.000000/SYS) NET/1 (5/12.000000/SYS) NET/0 (5/12.000000/SYS) 
x3204c0s1b0n0:16083:19671 [2] NCCL INFO GPU/46000 :GPU/7000 (1/88.000000/NVL) GPU/46000 (0/5000.000000/LOC) GPU/85000 (1/88.000000/NVL) GPU/C7000 (1/88.000000/NVL) CPU/3 (3/24.000000/SYS) CPU/2 (2/24.000000/PHB) CPU/1 (3/24.000000/SYS) CPU/0 (3/24.000000/SYS) NET/1 (4/12.000000/PHB) NET/0 (5/12.000000/SYS) 
x3204c0s1b0n0:16083:19671 [2] NCCL INFO GPU/85000 :GPU/7000 (1/88.000000/NVL) GPU/46000 (1/88.000000/NVL) GPU/85000 (0/5000.000000/LOC) GPU/C7000 (1/88.000000/NVL) CPU/3 (3/24.000000/SYS) CPU/2 (3/24.000000/SYS) CPU/1 (2/24.000000/PHB) CPU/0 (3/24.000000/SYS) NET/1 (5/12.000000/SYS) NET/0 (5/12.000000/SYS) 
x3204c0s1b0n0:16083:19671 [2] NCCL INFO GPU/C7000 :GPU/7000 (1/88.000000/NVL) GPU/46000 (1/88.000000/NVL) GPU/85000 (1/88.000000/NVL) GPU/C7000 (0/5000.000000/LOC) CPU/3 (3/24.000000/SYS) CPU/2 (3/24.000000/SYS) CPU/1 (3/24.000000/SYS) CPU/0 (2/24.000000/PHB) NET/1 (5/12.000000/SYS) NET/0 (4/12.000000/PHB) 
x3204c0s1b0n0:16083:19671 [2] NCCL INFO NET/1 :GPU/7000 (5/12.000000/SYS) GPU/46000 (4/12.000000/PHB) GPU/85000 (5/12.000000/SYS) GPU/C7000 (5/12.000000/SYS) CPU/3 (3/12.000000/SYS) CPU/2 (2/12.000000/PHB) CPU/1 (3/12.000000/SYS) CPU/0 (3/12.000000/SYS) NET/1 (0/5000.000000/LOC) NET/0 (5/12.000000/SYS) 
x3204c0s1b0n0:16083:19671 [2] NCCL INFO NET/0 :GPU/7000 (5/12.000000/SYS) GPU/46000 (5/12.000000/SYS) GPU/85000 (5/12.000000/SYS) GPU/C7000 (4/12.000000/PHB) CPU/3 (3/12.000000/SYS) CPU/2 (3/12.000000/SYS) CPU/1 (3/12.000000/SYS) CPU/0 (2/12.000000/PHB) NET/1 (5/12.000000/SYS) NET/0 (0/5000.000000/LOC) 
x3204c0s1b0n0:16083:19671 [2] NCCL INFO Pattern 4, crossNic 0, nChannels 2, bw 12.000000/12.000000, type NVL/SYS, sameChannels 1
x3204c0s1b0n0:16083:19671 [2] NCCL INFO  0 : NET/1 GPU/9 GPU/8 GPU/10 GPU/11 NET/1
x3204c0s1b0n0:16083:19671 [2] NCCL INFO  1 : NET/0 GPU/9 GPU/8 GPU/10 GPU/11 NET/0
x3204c0s1b0n0:16083:19671 [2] NCCL INFO Pattern 1, crossNic 0, nChannels 2, bw 24.000000/12.000000, type NVL/SYS, sameChannels 1
x3204c0s1b0n0:16083:19671 [2] NCCL INFO  0 : NET/1 GPU/8 GPU/9 GPU/10 GPU/11 NET/1
x3204c0s1b0n0:16083:19671 [2] NCCL INFO  1 : NET/0 GPU/8 GPU/9 GPU/10 GPU/11 NET/0
x3204c0s1b0n0:16083:19671 [2] NCCL INFO Pattern 3, crossNic 0, nChannels 0, bw 0.000000/0.000000, type NVL/PIX, sameChannels 1
x3204c0s1b0n0:16083:19671 [2] NCCL INFO Ring 00 : 8 -> 10 -> 11
x3204c0s1b0n0:16083:19671 [2] NCCL INFO Ring 01 : 8 -> 10 -> 11
x3204c0s1b0n0:16083:19671 [2] NCCL INFO Ring 02 : 8 -> 10 -> 11
x3204c0s1b0n0:16083:19671 [2] NCCL INFO Ring 03 : 8 -> 10 -> 11
x3204c0s1b0n0:16083:19671 [2] NCCL INFO Trees [0] 11/-1/-1->10->9 [1] 11/-1/-1->10->9 [2] 11/-1/-1->10->9 [3] 11/-1/-1->10->9
x3204c0s1b0n0:16083:19671 [2] NCCL INFO misc/utils.cc:235 memory stack hunk malloc(65536)
x3204c0s1b0n0:16083:19671 [2] NCCL INFO channel.cc:23 Cuda Alloc Size 8064 pointer 0x149b41817400
x3204c0s1b0n0:16083:19671 [2] NCCL INFO channel.cc:27 Cuda Alloc Size 80 pointer 0x149b41819400
x3204c0s1b0n0:16083:19671 [2] NCCL INFO channel.cc:23 Cuda Alloc Size 8064 pointer 0x149b41819600
x3204c0s1b0n0:16083:19671 [2] NCCL INFO channel.cc:27 Cuda Alloc Size 80 pointer 0x149b4181b600
x3204c0s1b0n0:16083:19671 [2] NCCL INFO channel.cc:23 Cuda Alloc Size 8064 pointer 0x149b4181b800
x3204c0s1b0n0:16083:19671 [2] NCCL INFO channel.cc:27 Cuda Alloc Size 80 pointer 0x149b4181d800
x3204c0s1b0n0:16083:19671 [2] NCCL INFO channel.cc:23 Cuda Alloc Size 8064 pointer 0x149b4181da00
x3204c0s1b0n0:16083:19671 [2] NCCL INFO channel.cc:27 Cuda Alloc Size 80 pointer 0x149b4181fa00
x3204c0s1b0n0:16083:19671 [2] NCCL INFO Channel 00/0 : 10[85000] -> 11[c7000] via P2P/IPC/read
x3204c0s1b0n0:16083:19800 [2] NCCL INFO Mem Realloc old size 0, new size 8 pointer 0x149af0000c60
x3204c0s1b0n0:16083:19800 [2] NCCL INFO New proxy send connection 0 from local rank 2, transport 0
x3204c0s1b0n0:16083:19671 [2] NCCL INFO Connection to proxy localRank 2 -> connection 0x149af0000c80
x3204c0s1b0n0:16083:19800 [2] NCCL INFO transport/p2p.cc:430 Cuda Alloc Size 6291456 pointer 0x149b65200000
x3204c0s1b0n0:16085:19663 [3] NCCL INFO Ring 00 : 10 -> 11 -> 13
x3204c0s1b0n0:16085:19663 [3] NCCL INFO Ring 01 : 10 -> 11 -> 13
x3204c0s1b0n0:16085:19663 [3] NCCL INFO Ring 02 : 10 -> 11 -> 13
x3204c0s1b0n0:16085:19663 [3] NCCL INFO Ring 03 : 10 -> 11 -> 13
x3204c0s1b0n0:16085:19663 [3] NCCL INFO Trees [0] -1/-1/-1->11->10 [1] -1/-1/-1->11->10 [2] -1/-1/-1->11->10 [3] -1/-1/-1->11->10
x3204c0s1b0n0:16085:19663 [3] NCCL INFO misc/utils.cc:235 memory stack hunk malloc(65536)
x3204c0s1b0n0:16085:19663 [3] NCCL INFO channel.cc:23 Cuda Alloc Size 8064 pointer 0x148dab817400
x3204c0s1b0n0:16085:19663 [3] NCCL INFO channel.cc:27 Cuda Alloc Size 80 pointer 0x148dab819400
x3204c0s1b0n0:16085:19663 [3] NCCL INFO channel.cc:23 Cuda Alloc Size 8064 pointer 0x148dab819600
x3204c0s1b0n0:16085:19663 [3] NCCL INFO channel.cc:27 Cuda Alloc Size 80 pointer 0x148dab81b600
x3204c0s1b0n0:16085:19663 [3] NCCL INFO channel.cc:23 Cuda Alloc Size 8064 pointer 0x148dab81b800
x3204c0s1b0n0:16085:19663 [3] NCCL INFO channel.cc:27 Cuda Alloc Size 80 pointer 0x148dab81d800
x3204c0s1b0n0:16085:19663 [3] NCCL INFO channel.cc:23 Cuda Alloc Size 8064 pointer 0x148dab81da00
x3204c0s1b0n0:16085:19663 [3] NCCL INFO channel.cc:27 Cuda Alloc Size 80 pointer 0x148dab81fa00
x3204c0s1b0n0:16085:19799 [3] NCCL INFO Mem Realloc old size 0, new size 8 pointer 0x148d58000c60
x3204c0s1b0n0:16085:19799 [3] NCCL INFO New proxy recv connection 0 from local rank 3, transport 0
x3204c0s1b0n0:16083:19671 [2] NCCL INFO Channel 01/0 : 10[85000] -> 11[c7000] via P2P/IPC/read
x3204c0s1b0n0:16083:19800 [2] NCCL INFO New proxy send connection 1 from local rank 2, transport 0
x3204c0s1b0n0:16085:19663 [3] NCCL INFO Connection to proxy localRank 3 -> connection 0x148d58000c80
x3204c0s1b0n0:16085:19799 [3] NCCL INFO transport/p2p.cc:449 Cuda Alloc Size 6291456 pointer 0x148d8f600000
x3204c0s1b0n0:16085:19799 [3] NCCL INFO New proxy recv connection 1 from local rank 3, transport 0
x3204c0s1b0n0:16085:19663 [3] NCCL INFO Connection to proxy localRank 3 -> connection 0x148d58000cc0
x3204c0s1b0n0:16085:19799 [3] NCCL INFO transport/p2p.cc:449 Cuda Alloc Size 6291456 pointer 0x148dd4a00000
x3204c0s1b0n0:16085:19799 [3] NCCL INFO New proxy recv connection 2 from local rank 3, transport 0
x3204c0s1b0n0:16085:19663 [3] NCCL INFO Connection to proxy localRank 3 -> connection 0x148d58000d00
x3204c0s1b0n0:16083:19671 [2] NCCL INFO Connection to proxy localRank 2 -> connection 0x149af0000cc0
x3204c0s1b0n0:16083:19800 [2] NCCL INFO transport/p2p.cc:430 Cuda Alloc Size 6291456 pointer 0x149aea000000
x3204c0s1b0n0:16083:19671 [2] NCCL INFO Channel 02/0 : 10[85000] -> 11[c7000] via P2P/IPC/read
x3204c0s1b0n0:16083:19800 [2] NCCL INFO New proxy send connection 2 from local rank 2, transport 0
x3204c0s1b0n0:16085:19799 [3] NCCL INFO transport/p2p.cc:449 Cuda Alloc Size 6291456 pointer 0x148dd5000000
x3204c0s1b0n0:16083:19671 [2] NCCL INFO Connection to proxy localRank 2 -> connection 0x149af0000d00
x3204c0s1b0n0:16083:19800 [2] NCCL INFO transport/p2p.cc:430 Cuda Alloc Size 6291456 pointer 0x149aea600000
x3204c0s1b0n0:16085:19799 [3] NCCL INFO New proxy recv connection 3 from local rank 3, transport 0
x3204c0s1b0n0:16079:19667 [0] NCCL INFO Tree 0 : 17 -> 8 -> 9/12/-1
x3204c0s1b0n0:16079:19667 [0] NCCL INFO Tree 2 : 13 -> 8 -> 9/-1/-1
x3204c0s1b0n0:16079:19667 [0] NCCL INFO Tree 1 : 17 -> 8 -> 9/12/-1
x3204c0s1b0n0:16079:19667 [0] NCCL INFO Tree 3 : 13 -> 8 -> 9/-1/-1
x3204c0s1b0n0:16079:19667 [0] NCCL INFO Ring 00 : 9 -> 8 -> 10
x3204c0s1b0n0:16079:19667 [0] NCCL INFO Ring 01 : 9 -> 8 -> 10
x3204c0s1b0n0:16079:19667 [0] NCCL INFO Ring 02 : 9 -> 8 -> 10
x3204c0s1b0n0:16079:19667 [0] NCCL INFO Ring 03 : 9 -> 8 -> 10
x3204c0s1b0n0:16079:19667 [0] NCCL INFO Trees [0] 9/12/-1->8->17 [1] 9/12/-1->8->17 [2] 9/-1/-1->8->13 [3] 9/-1/-1->8->13
x3204c0s1b0n0:16079:19667 [0] NCCL INFO misc/utils.cc:235 memory stack hunk malloc(65536)
x3204c0s1b0n0:16079:19667 [0] NCCL INFO channel.cc:23 Cuda Alloc Size 8064 pointer 0x14c9d7817400
x3204c0s1b0n0:16079:19667 [0] NCCL INFO channel.cc:27 Cuda Alloc Size 80 pointer 0x14c9d7819400
x3204c0s1b0n0:16079:19667 [0] NCCL INFO channel.cc:23 Cuda Alloc Size 8064 pointer 0x14c9d7819600
x3204c0s1b0n0:16079:19667 [0] NCCL INFO channel.cc:27 Cuda Alloc Size 80 pointer 0x14c9d781b600
x3204c0s1b0n0:16079:19667 [0] NCCL INFO channel.cc:23 Cuda Alloc Size 8064 pointer 0x14c9d781b800
x3204c0s1b0n0:16079:19667 [0] NCCL INFO channel.cc:27 Cuda Alloc Size 80 pointer 0x14c9d781d800
x3204c0s1b0n0:16079:19667 [0] NCCL INFO channel.cc:23 Cuda Alloc Size 8064 pointer 0x14c9d781da00
x3204c0s1b0n0:16079:19667 [0] NCCL INFO channel.cc:27 Cuda Alloc Size 80 pointer 0x14c9d781fa00
x3204c0s1b0n0:16079:19667 [0] NCCL INFO Channel 00/0 : 8[7000] -> 10[85000] via P2P/IPC/read
x3204c0s1b0n0:16082:19672 [1] NCCL INFO Tree 0 : 8 -> 9 -> 10/4/-1
x3204c0s1b0n0:16082:19672 [1] NCCL INFO Tree 2 : 8 -> 9 -> 10/-1/-1
x3204c0s1b0n0:16082:19672 [1] NCCL INFO Tree 1 : 8 -> 9 -> 10/4/-1
x3204c0s1b0n0:16082:19672 [1] NCCL INFO Tree 3 : 8 -> 9 -> 10/-1/-1
x3204c0s1b0n0:16082:19672 [1] NCCL INFO Ring 00 : 7 -> 9 -> 8
x3204c0s1b0n0:16082:19672 [1] NCCL INFO Ring 01 : 7 -> 9 -> 8
x3204c0s1b0n0:16082:19672 [1] NCCL INFO Ring 02 : 7 -> 9 -> 8
x3204c0s1b0n0:16082:19672 [1] NCCL INFO Ring 03 : 7 -> 9 -> 8
x3204c0s1b0n0:16082:19672 [1] NCCL INFO Trees [0] 10/4/-1->9->8 [1] 10/4/-1->9->8 [2] 10/-1/-1->9->8 [3] 10/-1/-1->9->8
x3204c0s1b0n0:16082:19672 [1] NCCL INFO misc/utils.cc:235 memory stack hunk malloc(65536)
x3204c0s1b0n0:16082:19672 [1] NCCL INFO channel.cc:23 Cuda Alloc Size 8064 pointer 0x146a3b817400
x3204c0s1b0n0:16082:19672 [1] NCCL INFO channel.cc:27 Cuda Alloc Size 80 pointer 0x146a3b819400
x3204c0s1b0n0:16082:19672 [1] NCCL INFO channel.cc:23 Cuda Alloc Size 8064 pointer 0x146a3b819600
x3204c0s1b0n0:16082:19672 [1] NCCL INFO channel.cc:27 Cuda Alloc Size 80 pointer 0x146a3b81b600
x3204c0s1b0n0:16082:19672 [1] NCCL INFO channel.cc:23 Cuda Alloc Size 8064 pointer 0x146a3b81b800
x3204c0s1b0n0:16082:19672 [1] NCCL INFO channel.cc:27 Cuda Alloc Size 80 pointer 0x146a3b81d800
x3204c0s1b0n0:16082:19672 [1] NCCL INFO channel.cc:23 Cuda Alloc Size 8064 pointer 0x146a3b81da00
x3204c0s1b0n0:16082:19672 [1] NCCL INFO channel.cc:27 Cuda Alloc Size 80 pointer 0x146a3b81fa00
x3204c0s1b0n0:16082:19672 [1] NCCL INFO GPU Direct RDMA Disabled for GPU 46000 / HCA 1 (distance 6 > 4)
x3204c0s1b0n0:16083:19671 [2] NCCL INFO Channel 03/0 : 10[85000] -> 11[c7000] via P2P/IPC/read
x3204c0s1b0n0:16083:19800 [2] NCCL INFO New proxy send connection 3 from local rank 2, transport 0
x3204c0s1b0n0:16079:19797 [0] NCCL INFO Mem Realloc old size 0, new size 8 pointer 0x14c984000c60
x3204c0s1b0n0:16079:19797 [0] NCCL INFO New proxy send connection 0 from local rank 0, transport 0
x3204c0s1b0n0:16082:19798 [1] NCCL INFO Mem Realloc old size 0, new size 8 pointer 0x1469e8000c60
x3204c0s1b0n0:16082:19798 [1] NCCL INFO Allocated 4194656 bytes of shared memory in /dev/shm/nccl-pd7ySf

x3204c0s1b0n0:16082:19798 [1] NCCL INFO New proxy recv connection 0 from local rank 1, transport 2
x3204c0s1b0n0:16082:19672 [1] NCCL INFO Connection to proxy localRank 1 -> connection 0x1469e8000c80
x3204c0s1b0n0:16085:19663 [3] NCCL INFO Connection to proxy localRank 3 -> connection 0x148d58000d40
x3204c0s1b0n0:16085:19799 [3] NCCL INFO transport/p2p.cc:449 Cuda Alloc Size 6291456 pointer 0x148d5e000000
x3204c0s1b0n0:16079:19667 [0] NCCL INFO Connection to proxy localRank 0 -> connection 0x14c984000c80
x3204c0s1b0n0:16079:19797 [0] NCCL INFO transport/p2p.cc:430 Cuda Alloc Size 6291456 pointer 0x14c9fd200000
x3204c0s1b0n0:16083:19671 [2] NCCL INFO Connection to proxy localRank 2 -> connection 0x149af0000d40
x3204c0s1b0n0:16083:19800 [2] NCCL INFO transport/p2p.cc:430 Cuda Alloc Size 6291456 pointer 0x149aeac00000
x3204c0s1b0n0:16079:19667 [0] NCCL INFO Channel 01/0 : 8[7000] -> 10[85000] via P2P/IPC/read
x3204c0s1b0n0:16079:19797 [0] NCCL INFO New proxy send connection 1 from local rank 0, transport 0
x3204c0s1b0n0:16082:19672 [1] NCCL INFO Channel 00/0 : 7[c7000] -> 9[46000] [receive] via NET/IB/1
x3204c0s1b0n0:16082:19672 [1] NCCL INFO GPU Direct RDMA Disabled for GPU 46000 / HCA 0 (distance 7 > 4)
x3204c0s1b0n0:16082:19798 [1] NCCL INFO New proxy recv connection 1 from local rank 1, transport 2
x3204c0s1b0n0:16085:19663 [3] NCCL INFO GPU Direct RDMA Disabled for GPU c7000 / HCA 1 (distance 7 > 4)
x3204c0s1b0n0:16085:19799 [3] NCCL INFO Allocated 4194656 bytes of shared memory in /dev/shm/nccl-Gm9OYs

x3204c0s1b0n0:16085:19799 [3] NCCL INFO New proxy send connection 4 from local rank 3, transport 2
x3204c0s1b0n0:16083:19800 [2] NCCL INFO New proxy recv connection 4 from local rank 2, transport 0
x3204c0s1b0n0:16085:19663 [3] NCCL INFO Connection to proxy localRank 3 -> connection 0x148d58000d80
x3204c0s1b0n0:16085:19663 [3] NCCL INFO Channel 00/0 : 11[c7000] -> 13[46000] [send] via NET/IB/1
x3204c0s1b0n0:16085:19663 [3] NCCL INFO GPU Direct RDMA Disabled for GPU c7000 / HCA 0 (distance 6 > 4)
x3204c0s1b0n0:16085:19799 [3] NCCL INFO New proxy send connection 5 from local rank 3, transport 2
x3204c0s1b0n0:16079:19667 [0] NCCL INFO Connection to proxy localRank 0 -> connection 0x14c984000cc0
x3204c0s1b0n0:16079:19797 [0] NCCL INFO transport/p2p.cc:430 Cuda Alloc Size 6291456 pointer 0x14c97e000000
x3204c0s1b0n0:16082:19672 [1] NCCL INFO Connection to proxy localRank 1 -> connection 0x1469e8000cc0
x3204c0s1b0n0:16083:19671 [2] NCCL INFO Connection to proxy localRank 2 -> connection 0x149af0000d80
x3204c0s1b0n0:16083:19800 [2] NCCL INFO transport/p2p.cc:449 Cuda Alloc Size 6291456 pointer 0x149ae8c00000
x3204c0s1b0n0:16085:19663 [3] NCCL INFO Connection to proxy localRank 3 -> connection 0x148d58000dc0
x3204c0s1b0n0:16085:19663 [3] NCCL INFO Channel 01/0 : 11[c7000] -> 13[46000] [send] via NET/IB/0
x3204c0s1b0n0:16085:19663 [3] NCCL INFO GPU Direct RDMA Disabled for GPU c7000 / HCA 1 (distance 7 > 4)
x3204c0s1b0n0:16085:19799 [3] NCCL INFO New proxy send connection 6 from local rank 3, transport 2
x3204c0s1b0n0:16079:19667 [0] NCCL INFO Channel 02/0 : 8[7000] -> 10[85000] via P2P/IPC/read
x3204c0s1b0n0:16079:19797 [0] NCCL INFO New proxy send connection 2 from local rank 0, transport 0
x3204c0s1b0n0:16082:19672 [1] NCCL INFO Channel 01/0 : 7[c7000] -> 9[46000] [receive] via NET/IB/0
x3204c0s1b0n0:16082:19672 [1] NCCL INFO GPU Direct RDMA Disabled for GPU 46000 / HCA 1 (distance 6 > 4)
x3204c0s1b0n0:16082:19798 [1] NCCL INFO New proxy recv connection 2 from local rank 1, transport 2
x3204c0s1b0n0:16083:19800 [2] NCCL INFO New proxy recv connection 5 from local rank 2, transport 0
x3204c0s1b0n0:16079:19667 [0] NCCL INFO Connection to proxy localRank 0 -> connection 0x14c984000d00
x3204c0s1b0n0:16079:19797 [0] NCCL INFO transport/p2p.cc:430 Cuda Alloc Size 6291456 pointer 0x14c97e600000
x3204c0s1b0n0:16083:19671 [2] NCCL INFO Connection to proxy localRank 2 -> connection 0x149af0000dc0
x3204c0s1b0n0:16083:19800 [2] NCCL INFO transport/p2p.cc:449 Cuda Alloc Size 6291456 pointer 0x149ae9200000
x3204c0s1b0n0:16085:19663 [3] NCCL INFO Connection to proxy localRank 3 -> connection 0x148d58000e00
x3204c0s1b0n0:16085:19663 [3] NCCL INFO Channel 02/0 : 11[c7000] -> 13[46000] [send] via NET/IB/1
x3204c0s1b0n0:16085:19663 [3] NCCL INFO GPU Direct RDMA Disabled for GPU c7000 / HCA 0 (distance 6 > 4)
x3204c0s1b0n0:16085:19799 [3] NCCL INFO New proxy send connection 7 from local rank 3, transport 2
x3204c0s1b0n0:16082:19672 [1] NCCL INFO Connection to proxy localRank 1 -> connection 0x1469e8000d00
x3204c0s1b0n0:16083:19800 [2] NCCL INFO New proxy recv connection 6 from local rank 2, transport 0
x3204c0s1b0n0:16085:19663 [3] NCCL INFO Connection to proxy localRank 3 -> connection 0x148d58000e40
x3204c0s1b0n0:16085:19663 [3] NCCL INFO Channel 03/0 : 11[c7000] -> 13[46000] [send] via NET/IB/0
x3204c0s1b0n0:16085:19799 [3] NCCL INFO transport/net_ib.cc:596 Ib Alloc Size 26560 pointer 0x148d58020000
x3204c0s1b0n0:16082:19672 [1] NCCL INFO Channel 02/0 : 7[c7000] -> 9[46000] [receive] via NET/IB/1
x3204c0s1b0n0:16082:19672 [1] NCCL INFO GPU Direct RDMA Disabled for GPU 46000 / HCA 0 (distance 7 > 4)
x3204c0s1b0n0:16082:19798 [1] NCCL INFO New proxy recv connection 3 from local rank 1, transport 2
x3204c0s1b0n0:16085:19799 [3] NCCL INFO NET/IB: Dev 1 Port 1 qpn 3585 mtu 5 GID 0 (80FE/AF3900FEFF000000)
x3204c0s1b0n0:16085:19799 [3] NCCL INFO transport/net_ib.cc:653 Ib Alloc Size 552 pointer 0x148d58038000
x3204c0s1b0n0:16085:19799 [3] NCCL INFO transport/net.cc:571 Cuda Host Alloc Size 9641984 pointer 0x148d52000000
x3204c0s1b0n0:16079:19667 [0] NCCL INFO Channel 03/0 : 8[7000] -> 10[85000] via P2P/IPC/read
x3204c0s1b0n0:16079:19797 [0] NCCL INFO New proxy send connection 3 from local rank 0, transport 0
x3204c0s1b0n0:16083:19671 [2] NCCL INFO Connection to proxy localRank 2 -> connection 0x149af0000e00
x3204c0s1b0n0:16083:19800 [2] NCCL INFO transport/p2p.cc:449 Cuda Alloc Size 6291456 pointer 0x149ae9800000
x3204c0s1b0n0:16082:19672 [1] NCCL INFO Connection to proxy localRank 1 -> connection 0x1469e8000d40
x3204c0s1b0n0:16082:19672 [1] NCCL INFO Channel 03/0 : 7[c7000] -> 9[46000] [receive] via NET/IB/0
x3204c0s1b0n0:16079:19667 [0] NCCL INFO Connection to proxy localRank 0 -> connection 0x14c984000d40
x3204c0s1b0n0:16079:19797 [0] NCCL INFO transport/p2p.cc:430 Cuda Alloc Size 6291456 pointer 0x14c97ec00000
x3204c0s1b0n0:16085:19799 [3] NCCL INFO transport/net_ib.cc:596 Ib Alloc Size 26560 pointer 0x148d5803a000
x3204c0s1b0n0:16085:19799 [3] NCCL INFO NET/IB: Dev 0 Port 1 qpn 4815 mtu 5 GID 0 (80FE/EA3900FEFF000000)
x3204c0s1b0n0:16085:19799 [3] NCCL INFO transport/net_ib.cc:653 Ib Alloc Size 552 pointer 0x148d58051000
x3204c0s1b0n0:16085:19799 [3] NCCL INFO transport/net.cc:571 Cuda Host Alloc Size 9641984 pointer 0x148d52a00000
x3204c0s1b0n0:16083:19800 [2] NCCL INFO New proxy recv connection 7 from local rank 2, transport 0
x3204c0s1b0n0:16083:19671 [2] NCCL INFO Connection to proxy localRank 2 -> connection 0x149af0000e40
x3204c0s1b0n0:16085:19799 [3] NCCL INFO transport/net_ib.cc:596 Ib Alloc Size 26560 pointer 0x148d58053000
x3204c0s1b0n0:16083:19800 [2] NCCL INFO transport/p2p.cc:449 Cuda Alloc Size 6291456 pointer 0x149ae6000000
x3204c0s1b0n0:16085:19799 [3] NCCL INFO NET/IB: Dev 1 Port 1 qpn 3586 mtu 5 GID 0 (80FE/AF3900FEFF000000)
x3204c0s1b0n0:16085:19799 [3] NCCL INFO transport/net_ib.cc:653 Ib Alloc Size 552 pointer 0x148d5806a000
x3204c0s1b0n0:16085:19799 [3] NCCL INFO transport/net.cc:571 Cuda Host Alloc Size 9641984 pointer 0x148d53400000
x3204c0s1b0n0:16083:19671 [2] NCCL INFO Connected all rings
x3204c0s1b0n0:16083:19800 [2] NCCL INFO New proxy recv connection 8 from local rank 2, transport 0
x3204c0s1b0n0:16079:19797 [0] NCCL INFO New proxy recv connection 4 from local rank 0, transport 0
x3204c0s1b0n0:16085:19799 [3] NCCL INFO transport/net_ib.cc:596 Ib Alloc Size 26560 pointer 0x148d5806c000
x3204c0s1b0n0:16079:19667 [0] NCCL INFO Connection to proxy localRank 0 -> connection 0x14c984000d80
x3204c0s1b0n0:16085:19799 [3] NCCL INFO NET/IB: Dev 0 Port 1 qpn 4816 mtu 5 GID 0 (80FE/EA3900FEFF000000)
x3204c0s1b0n0:16085:19799 [3] NCCL INFO transport/net_ib.cc:653 Ib Alloc Size 552 pointer 0x148d58083000
x3204c0s1b0n0:16085:19799 [3] NCCL INFO transport/net.cc:571 Cuda Host Alloc Size 9641984 pointer 0x148d50000000
x3204c0s1b0n0:16079:19797 [0] NCCL INFO transport/p2p.cc:449 Cuda Alloc Size 6291456 pointer 0x14c97cc00000
x3204c0s1b0n0:16083:19671 [2] NCCL INFO Connection to proxy localRank 2 -> connection 0x149af0000e80
x3204c0s1b0n0:16083:19800 [2] NCCL INFO transport/p2p.cc:449 Cuda Alloc Size 6291456 pointer 0x149ae4000000
x3204c0s1b0n0:16085:19663 [3] NCCL INFO Connected all rings
x3204c0s1b0n0:16085:19663 [3] NCCL INFO Channel 00/0 : 11[c7000] -> 10[85000] via P2P/IPC/read
x3204c0s1b0n0:16085:19799 [3] NCCL INFO New proxy send connection 8 from local rank 3, transport 0
x3204c0s1b0n0:16079:19797 [0] NCCL INFO New proxy recv connection 5 from local rank 0, transport 0
x3204c0s1b0n0:16085:19663 [3] NCCL INFO Connection to proxy localRank 3 -> connection 0x148d58000e80
x3204c0s1b0n0:16085:19799 [3] NCCL INFO transport/p2p.cc:430 Cuda Alloc Size 6291456 pointer 0x148d50a00000
x3204c0s1b0n0:16083:19800 [2] NCCL INFO New proxy recv connection 9 from local rank 2, transport 0
x3204c0s1b0n0:16083:19671 [2] NCCL INFO Connection to proxy localRank 2 -> connection 0x149af0000ec0
x3204c0s1b0n0:16079:19667 [0] NCCL INFO Connection to proxy localRank 0 -> connection 0x14c984000dc0
x3204c0s1b0n0:16079:19797 [0] NCCL INFO transport/p2p.cc:449 Cuda Alloc Size 6291456 pointer 0x14c97d200000
x3204c0s1b0n0:16083:19800 [2] NCCL INFO transport/p2p.cc:449 Cuda Alloc Size 6291456 pointer 0x149ae4600000
x3204c0s1b0n0:16085:19663 [3] NCCL INFO Channel 01/0 : 11[c7000] -> 10[85000] via P2P/IPC/read
x3204c0s1b0n0:16085:19799 [3] NCCL INFO New proxy send connection 9 from local rank 3, transport 0
x3204c0s1b0n0:16085:19663 [3] NCCL INFO Connection to proxy localRank 3 -> connection 0x148d58000ec0
x3204c0s1b0n0:16085:19799 [3] NCCL INFO transport/p2p.cc:430 Cuda Alloc Size 6291456 pointer 0x148d51000000
x3204c0s1b0n0:16083:19800 [2] NCCL INFO New proxy recv connection 10 from local rank 2, transport 0
x3204c0s1b0n0:16085:19663 [3] NCCL INFO Channel 02/0 : 11[c7000] -> 10[85000] via P2P/IPC/read
x3204c0s1b0n0:16085:19799 [3] NCCL INFO New proxy send connection 10 from local rank 3, transport 0
x3204c0s1b0n0:16083:19671 [2] NCCL INFO Connection to proxy localRank 2 -> connection 0x149af0000f00
x3204c0s1b0n0:16082:19798 [1] NCCL INFO transport/net_ib.cc:683 Ib Alloc Size 21688 pointer 0x1469e801d000
x3204c0s1b0n0:16082:19798 [1] NCCL INFO transport/net_ib.cc:696 Ib Alloc Size 552 pointer 0x1469e8024000
x3204c0s1b0n0:16083:19800 [2] NCCL INFO transport/p2p.cc:449 Cuda Alloc Size 6291456 pointer 0x149ae4c00000
x3204c0s1b0n0:16079:19797 [0] NCCL INFO New proxy recv connection 6 from local rank 0, transport 0
x3204c0s1b0n0:16083:19800 [2] NCCL INFO New proxy recv connection 11 from local rank 2, transport 0
x3204c0s1b0n0:16082:19798 [1] NCCL INFO transport/net_ib.cc:771 Ib Alloc Size 552 pointer 0x1469e8041000
x3204c0s1b0n0:16082:19798 [1] NCCL INFO transport/net.cc:698 Cuda Host Alloc Size 9641984 pointer 0x146a5fe00000
x3204c0s1b0n0:16085:19663 [3] NCCL INFO Connection to proxy localRank 3 -> connection 0x148d58000f00
x3204c0s1b0n0:16085:19799 [3] NCCL INFO transport/p2p.cc:430 Cuda Alloc Size 6291456 pointer 0x148d51600000
x3204c0s1b0n0:16082:19798 [1] NCCL INFO transport/net_ib.cc:683 Ib Alloc Size 21688 pointer 0x1469e8043000
x3204c0s1b0n0:16082:19798 [1] NCCL INFO transport/net_ib.cc:696 Ib Alloc Size 552 pointer 0x1469e804a000
x3204c0s1b0n0:16083:19671 [2] NCCL INFO Connection to proxy localRank 2 -> connection 0x149af0000f40
x3204c0s1b0n0:16083:19800 [2] NCCL INFO transport/p2p.cc:449 Cuda Alloc Size 6291456 pointer 0x149ae5200000
x3204c0s1b0n0:16079:19667 [0] NCCL INFO Connection to proxy localRank 0 -> connection 0x14c984000e00
x3204c0s1b0n0:16079:19797 [0] NCCL INFO transport/p2p.cc:449 Cuda Alloc Size 6291456 pointer 0x14c97d800000
x3204c0s1b0n0:16082:19798 [1] NCCL INFO transport/net_ib.cc:771 Ib Alloc Size 552 pointer 0x1469e8065000
x3204c0s1b0n0:16082:19798 [1] NCCL INFO transport/net.cc:698 Cuda Host Alloc Size 9641984 pointer 0x146a60800000
x3204c0s1b0n0:16079:19797 [0] NCCL INFO New proxy recv connection 7 from local rank 0, transport 0
x3204c0s1b0n0:16082:19798 [1] NCCL INFO transport/net_ib.cc:683 Ib Alloc Size 21688 pointer 0x1469e8067000
x3204c0s1b0n0:16085:19663 [3] NCCL INFO Channel 03/0 : 11[c7000] -> 10[85000] via P2P/IPC/read
x3204c0s1b0n0:16085:19799 [3] NCCL INFO New proxy send connection 11 from local rank 3, transport 0
x3204c0s1b0n0:16085:19663 [3] NCCL INFO Connection to proxy localRank 3 -> connection 0x148d58000f40
x3204c0s1b0n0:16085:19799 [3] NCCL INFO transport/p2p.cc:430 Cuda Alloc Size 6291456 pointer 0x148d4e000000
x3204c0s1b0n0:16082:19798 [1] NCCL INFO transport/net_ib.cc:696 Ib Alloc Size 552 pointer 0x1469e806e000
x3204c0s1b0n0:16079:19667 [0] NCCL INFO Connection to proxy localRank 0 -> connection 0x14c984000e40
x3204c0s1b0n0:16079:19797 [0] NCCL INFO transport/p2p.cc:449 Cuda Alloc Size 6291456 pointer 0x14c97a000000
x3204c0s1b0n0:16082:19798 [1] NCCL INFO transport/net_ib.cc:771 Ib Alloc Size 552 pointer 0x1469e8089000
x3204c0s1b0n0:16082:19798 [1] NCCL INFO transport/net.cc:698 Cuda Host Alloc Size 9641984 pointer 0x1469e2000000
x3204c0s1b0n0:16082:19798 [1] NCCL INFO transport/net_ib.cc:683 Ib Alloc Size 21688 pointer 0x1469e808b000
x3204c0s1b0n0:16082:19798 [1] NCCL INFO transport/net_ib.cc:696 Ib Alloc Size 552 pointer 0x1469e8092000
x3204c0s1b0n0:16082:19798 [1] NCCL INFO transport/net_ib.cc:771 Ib Alloc Size 552 pointer 0x1469e80ad000
x3204c0s1b0n0:16082:19798 [1] NCCL INFO transport/net.cc:698 Cuda Host Alloc Size 9641984 pointer 0x1469e2a00000
x3204c0s1b0n0:16082:19672 [1] NCCL INFO Channel 00/0 : 9[46000] -> 8[7000] via P2P/IPC/read
x3204c0s1b0n0:16082:19798 [1] NCCL INFO New proxy send connection 4 from local rank 1, transport 0
x3204c0s1b0n0:16082:19672 [1] NCCL INFO Connection to proxy localRank 1 -> connection 0x1469e8000d80
x3204c0s1b0n0:16082:19798 [1] NCCL INFO transport/p2p.cc:430 Cuda Alloc Size 6291456 pointer 0x1469e3400000
x3204c0s1b0n0:16082:19672 [1] NCCL INFO Channel 01/0 : 9[46000] -> 8[7000] via P2P/IPC/read
x3204c0s1b0n0:16082:19798 [1] NCCL INFO New proxy send connection 5 from local rank 1, transport 0
x3204c0s1b0n0:16082:19672 [1] NCCL INFO Connection to proxy localRank 1 -> connection 0x1469e8000dc0
x3204c0s1b0n0:16082:19798 [1] NCCL INFO transport/p2p.cc:430 Cuda Alloc Size 6291456 pointer 0x1469e3a00000
x3204c0s1b0n0:16082:19672 [1] NCCL INFO Channel 02/0 : 9[46000] -> 8[7000] via P2P/IPC/read
x3204c0s1b0n0:16082:19798 [1] NCCL INFO New proxy send connection 6 from local rank 1, transport 0
x3204c0s1b0n0:16082:19672 [1] NCCL INFO Connection to proxy localRank 1 -> connection 0x1469e8000e00
x3204c0s1b0n0:16082:19798 [1] NCCL INFO transport/p2p.cc:430 Cuda Alloc Size 6291456 pointer 0x146a61200000
x3204c0s1b0n0:16082:19672 [1] NCCL INFO Channel 03/0 : 9[46000] -> 8[7000] via P2P/IPC/read
x3204c0s1b0n0:16082:19798 [1] NCCL INFO New proxy send connection 7 from local rank 1, transport 0
x3204c0s1b0n0:16082:19672 [1] NCCL INFO Connection to proxy localRank 1 -> connection 0x1469e8000e40
x3204c0s1b0n0:16082:19798 [1] NCCL INFO transport/p2p.cc:430 Cuda Alloc Size 6291456 pointer 0x1469da000000
x3204c0s1b0n0:16082:19672 [1] NCCL INFO Connected all rings
x3204c0s1b0n0:16082:19798 [1] NCCL INFO New proxy recv connection 8 from local rank 1, transport 0
x3204c0s1b0n0:16079:19667 [0] NCCL INFO Connected all rings
x3204c0s1b0n0:16079:19667 [0] NCCL INFO Channel 00/0 : 8[7000] -> 9[46000] via P2P/IPC/read
x3204c0s1b0n0:16079:19797 [0] NCCL INFO New proxy send connection 8 from local rank 0, transport 0
x3204c0s1b0n0:16079:19667 [0] NCCL INFO Connection to proxy localRank 0 -> connection 0x14c984000e80
x3204c0s1b0n0:16079:19797 [0] NCCL INFO transport/p2p.cc:430 Cuda Alloc Size 6291456 pointer 0x14c978000000
x3204c0s1b0n0:16082:19672 [1] NCCL INFO Connection to proxy localRank 1 -> connection 0x1469e8000e80
x3204c0s1b0n0:16082:19798 [1] NCCL INFO transport/p2p.cc:449 Cuda Alloc Size 6291456 pointer 0x1469d8000000
x3204c0s1b0n0:16079:19667 [0] NCCL INFO Channel 01/0 : 8[7000] -> 9[46000] via P2P/IPC/read
x3204c0s1b0n0:16079:19797 [0] NCCL INFO New proxy send connection 9 from local rank 0, transport 0
x3204c0s1b0n0:16082:19798 [1] NCCL INFO New proxy recv connection 9 from local rank 1, transport 0
x3204c0s1b0n0:16082:19672 [1] NCCL INFO Connection to proxy localRank 1 -> connection 0x1469e8000ec0
x3204c0s1b0n0:16079:19667 [0] NCCL INFO Connection to proxy localRank 0 -> connection 0x14c984000ec0
x3204c0s1b0n0:16079:19797 [0] NCCL INFO transport/p2p.cc:430 Cuda Alloc Size 6291456 pointer 0x14c978600000
x3204c0s1b0n0:16082:19798 [1] NCCL INFO transport/p2p.cc:449 Cuda Alloc Size 6291456 pointer 0x1469d8600000
x3204c0s1b0n0:16082:19798 [1] NCCL INFO New proxy recv connection 10 from local rank 1, transport 0
x3204c0s1b0n0:16079:19667 [0] NCCL INFO Channel 02/0 : 8[7000] -> 9[46000] via P2P/IPC/read
x3204c0s1b0n0:16079:19797 [0] NCCL INFO New proxy send connection 10 from local rank 0, transport 0
x3204c0s1b0n0:16082:19672 [1] NCCL INFO Connection to proxy localRank 1 -> connection 0x1469e8000f00
x3204c0s1b0n0:16082:19798 [1] NCCL INFO transport/p2p.cc:449 Cuda Alloc Size 6291456 pointer 0x1469d8c00000
x3204c0s1b0n0:16079:19667 [0] NCCL INFO Connection to proxy localRank 0 -> connection 0x14c984000f00
x3204c0s1b0n0:16079:19797 [0] NCCL INFO transport/p2p.cc:430 Cuda Alloc Size 6291456 pointer 0x14c978c00000
x3204c0s1b0n0:16079:19667 [0] NCCL INFO Channel 03/0 : 8[7000] -> 9[46000] via P2P/IPC/read
x3204c0s1b0n0:16079:19797 [0] NCCL INFO New proxy send connection 11 from local rank 0, transport 0
x3204c0s1b0n0:16082:19798 [1] NCCL INFO New proxy recv connection 11 from local rank 1, transport 0
x3204c0s1b0n0:16082:19672 [1] NCCL INFO Connection to proxy localRank 1 -> connection 0x1469e8000f40
x3204c0s1b0n0:16082:19798 [1] NCCL INFO transport/p2p.cc:449 Cuda Alloc Size 6291456 pointer 0x1469d9200000
x3204c0s1b0n0:16079:19667 [0] NCCL INFO Connection to proxy localRank 0 -> connection 0x14c984000f40
x3204c0s1b0n0:16079:19797 [0] NCCL INFO transport/p2p.cc:430 Cuda Alloc Size 6291456 pointer 0x14c979200000
x3204c0s1b0n0:16082:19672 [1] NCCL INFO Channel 00/0 : 9[46000] -> 10[85000] via P2P/IPC/read
x3204c0s1b0n0:16082:19798 [1] NCCL INFO New proxy send connection 12 from local rank 1, transport 0
x3204c0s1b0n0:16082:19672 [1] NCCL INFO Connection to proxy localRank 1 -> connection 0x1469e8000f80
x3204c0s1b0n0:16082:19798 [1] NCCL INFO transport/p2p.cc:430 Cuda Alloc Size 6291456 pointer 0x1469d9800000
x3204c0s1b0n0:16082:19672 [1] NCCL INFO Channel 01/0 : 9[46000] -> 10[85000] via P2P/IPC/read
x3204c0s1b0n0:16082:19798 [1] NCCL INFO New proxy send connection 13 from local rank 1, transport 0
x3204c0s1b0n0:16082:19672 [1] NCCL INFO Connection to proxy localRank 1 -> connection 0x1469e8000fc0
x3204c0s1b0n0:16082:19798 [1] NCCL INFO transport/p2p.cc:430 Cuda Alloc Size 6291456 pointer 0x1469d6000000
x3204c0s1b0n0:16082:19672 [1] NCCL INFO Channel 02/0 : 9[46000] -> 10[85000] via P2P/IPC/read
x3204c0s1b0n0:16082:19798 [1] NCCL INFO New proxy send connection 14 from local rank 1, transport 0
x3204c0s1b0n0:16082:19672 [1] NCCL INFO Connection to proxy localRank 1 -> connection 0x1469e8001000
x3204c0s1b0n0:16082:19798 [1] NCCL INFO transport/p2p.cc:430 Cuda Alloc Size 6291456 pointer 0x1469d6600000
x3204c0s1b0n0:16082:19672 [1] NCCL INFO Channel 03/0 : 9[46000] -> 10[85000] via P2P/IPC/read
x3204c0s1b0n0:16082:19798 [1] NCCL INFO New proxy send connection 15 from local rank 1, transport 0
x3204c0s1b0n0:16082:19672 [1] NCCL INFO Connection to proxy localRank 1 -> connection 0x1469e8001040
x3204c0s1b0n0:16082:19798 [1] NCCL INFO transport/p2p.cc:430 Cuda Alloc Size 6291456 pointer 0x1469d6c00000
x3204c0s1b0n0:16082:19672 [1] NCCL INFO GPU Direct RDMA Disabled for GPU 46000 / HCA 1 (distance 6 > 4)
x3204c0s1b0n0:16082:19798 [1] NCCL INFO New proxy recv connection 16 from local rank 1, transport 2
x3204c0s1b0n0:16083:19800 [2] NCCL INFO New proxy recv connection 12 from local rank 2, transport 0
x3204c0s1b0n0:16079:19667 [0] NCCL INFO GPU Direct RDMA Disabled for GPU 7000 / HCA 1 (distance 7 > 4)
x3204c0s1b0n0:16079:19797 [0] NCCL INFO Allocated 4194656 bytes of shared memory in /dev/shm/nccl-dOTNp1

x3204c0s1b0n0:16079:19797 [0] NCCL INFO New proxy send connection 12 from local rank 0, transport 2
x3204c0s1b0n0:16079:19667 [0] NCCL INFO Connection to proxy localRank 0 -> connection 0x14c984000f80
x3204c0s1b0n0:16079:19667 [0] NCCL INFO Channel 00/0 : 8[7000] -> 12[7000] [send] via NET/IB/1
x3204c0s1b0n0:16079:19667 [0] NCCL INFO GPU Direct RDMA Disabled for GPU 7000 / HCA 0 (distance 7 > 4)
x3204c0s1b0n0:16079:19797 [0] NCCL INFO New proxy send connection 13 from local rank 0, transport 2
x3204c0s1b0n0:16083:19671 [2] NCCL INFO Connection to proxy localRank 2 -> connection 0x149af0000f80
x3204c0s1b0n0:16083:19800 [2] NCCL INFO transport/p2p.cc:449 Cuda Alloc Size 6291456 pointer 0x149ae3200000
x3204c0s1b0n0:16082:19672 [1] NCCL INFO Connection to proxy localRank 1 -> connection 0x1469e8001080
x3204c0s1b0n0:16083:19800 [2] NCCL INFO New proxy recv connection 13 from local rank 2, transport 0
x3204c0s1b0n0:16079:19667 [0] NCCL INFO Connection to proxy localRank 0 -> connection 0x14c984000fc0
x3204c0s1b0n0:16079:19667 [0] NCCL INFO Channel 01/0 : 8[7000] -> 12[7000] [send] via NET/IB/0
x3204c0s1b0n0:16082:19672 [1] NCCL INFO Channel 00/0 : 4[7000] -> 9[46000] [receive] via NET/IB/1
x3204c0s1b0n0:16082:19672 [1] NCCL INFO GPU Direct RDMA Disabled for GPU 46000 / HCA 0 (distance 7 > 4)
x3204c0s1b0n0:16082:19798 [1] NCCL INFO New proxy recv connection 17 from local rank 1, transport 2
x3204c0s1b0n0:16083:19671 [2] NCCL INFO Connection to proxy localRank 2 -> connection 0x149af0000fc0
x3204c0s1b0n0:16083:19800 [2] NCCL INFO transport/p2p.cc:449 Cuda Alloc Size 6291456 pointer 0x149ae3800000
x3204c0s1b0n0:16082:19672 [1] NCCL INFO Connection to proxy localRank 1 -> connection 0x1469e80010c0
x3204c0s1b0n0:16083:19800 [2] NCCL INFO New proxy recv connection 14 from local rank 2, transport 0
x3204c0s1b0n0:16082:19672 [1] NCCL INFO Channel 01/0 : 4[7000] -> 9[46000] [receive] via NET/IB/0
x3204c0s1b0n0:16083:19671 [2] NCCL INFO Connection to proxy localRank 2 -> connection 0x149af0001000
x3204c0s1b0n0:16083:19800 [2] NCCL INFO transport/p2p.cc:449 Cuda Alloc Size 6291456 pointer 0x149ae0000000
x3204c0s1b0n0:16079:19797 [0] NCCL INFO transport/net_ib.cc:596 Ib Alloc Size 26560 pointer 0x14c98401c000
x3204c0s1b0n0:16079:19797 [0] NCCL INFO NET/IB: Dev 1 Port 1 qpn 3591 mtu 5 GID 0 (80FE/AF3900FEFF000000)
x3204c0s1b0n0:16079:19797 [0] NCCL INFO transport/net_ib.cc:653 Ib Alloc Size 552 pointer 0x14c984034000
x3204c0s1b0n0:16079:19797 [0] NCCL INFO transport/net.cc:571 Cuda Host Alloc Size 9641984 pointer 0x14c977200000
x3204c0s1b0n0:16079:19797 [0] NCCL INFO transport/net_ib.cc:596 Ib Alloc Size 26560 pointer 0x14c984036000
x3204c0s1b0n0:16083:19800 [2] NCCL INFO New proxy recv connection 15 from local rank 2, transport 0
x3204c0s1b0n0:16079:19797 [0] NCCL INFO NET/IB: Dev 0 Port 1 qpn 4821 mtu 5 GID 0 (80FE/EA3900FEFF000000)
x3204c0s1b0n0:16079:19797 [0] NCCL INFO transport/net_ib.cc:653 Ib Alloc Size 552 pointer 0x14c98404d000
x3204c0s1b0n0:16079:19797 [0] NCCL INFO transport/net.cc:571 Cuda Host Alloc Size 9641984 pointer 0x14c96e000000
x3204c0s1b0n0:16079:19667 [0] NCCL INFO GPU Direct RDMA Disabled for GPU 7000 / HCA 1 (distance 7 > 4)
x3204c0s1b0n0:16079:19797 [0] NCCL INFO New proxy send connection 14 from local rank 0, transport 2
x3204c0s1b0n0:16083:19671 [2] NCCL INFO Connection to proxy localRank 2 -> connection 0x149af0001040
x3204c0s1b0n0:16079:19667 [0] NCCL INFO Connection to proxy localRank 0 -> connection 0x14c984001000
x3204c0s1b0n0:16079:19667 [0] NCCL INFO Channel 02/0 : 8[7000] -> 13[46000] [send] via NET/IB/1
x3204c0s1b0n0:16079:19667 [0] NCCL INFO GPU Direct RDMA Disabled for GPU 7000 / HCA 0 (distance 7 > 4)
x3204c0s1b0n0:16079:19797 [0] NCCL INFO New proxy send connection 15 from local rank 0, transport 2
x3204c0s1b0n0:16083:19800 [2] NCCL INFO transport/p2p.cc:449 Cuda Alloc Size 6291456 pointer 0x149ae0600000
x3204c0s1b0n0:16083:19671 [2] NCCL INFO Channel 00/0 : 10[85000] -> 9[46000] via P2P/IPC/read
x3204c0s1b0n0:16083:19800 [2] NCCL INFO New proxy send connection 16 from local rank 2, transport 0
x3204c0s1b0n0:16079:19667 [0] NCCL INFO Connection to proxy localRank 0 -> connection 0x14c984001040
x3204c0s1b0n0:16079:19667 [0] NCCL INFO Channel 03/0 : 8[7000] -> 13[46000] [send] via NET/IB/0
x3204c0s1b0n0:16079:19797 [0] NCCL INFO transport/net_ib.cc:596 Ib Alloc Size 26560 pointer 0x14c984059000
x3204c0s1b0n0:16079:19797 [0] NCCL INFO NET/IB: Dev 1 Port 1 qpn 3592 mtu 5 GID 0 (80FE/AF3900FEFF000000)
x3204c0s1b0n0:16079:19797 [0] NCCL INFO transport/net_ib.cc:653 Ib Alloc Size 552 pointer 0x14c984070000
x3204c0s1b0n0:16079:19797 [0] NCCL INFO transport/net.cc:571 Cuda Host Alloc Size 9641984 pointer 0x14c96ea00000
x3204c0s1b0n0:16079:19797 [0] NCCL INFO transport/net_ib.cc:596 Ib Alloc Size 26560 pointer 0x14c984072000
x3204c0s1b0n0:16083:19671 [2] NCCL INFO Connection to proxy localRank 2 -> connection 0x149af0001080
x3204c0s1b0n0:16083:19800 [2] NCCL INFO transport/p2p.cc:430 Cuda Alloc Size 6291456 pointer 0x149ae0c00000
x3204c0s1b0n0:16079:19797 [0] NCCL INFO NET/IB: Dev 0 Port 1 qpn 4822 mtu 5 GID 0 (80FE/EA3900FEFF000000)
x3204c0s1b0n0:16079:19797 [0] NCCL INFO transport/net_ib.cc:653 Ib Alloc Size 552 pointer 0x14c984089000
x3204c0s1b0n0:16079:19797 [0] NCCL INFO transport/net.cc:571 Cuda Host Alloc Size 9641984 pointer 0x14c96f400000
x3204c0s1b0n0:16079:19667 [0] NCCL INFO GPU Direct RDMA Disabled for GPU 7000 / HCA 1 (distance 7 > 4)
x3204c0s1b0n0:16079:19797 [0] NCCL INFO New proxy send connection 16 from local rank 0, transport 2
x3204c0s1b0n0:16083:19671 [2] NCCL INFO Channel 01/0 : 10[85000] -> 9[46000] via P2P/IPC/read
x3204c0s1b0n0:16083:19800 [2] NCCL INFO New proxy send connection 17 from local rank 2, transport 0
x3204c0s1b0n0:16083:19671 [2] NCCL INFO Connection to proxy localRank 2 -> connection 0x149af00010c0
x3204c0s1b0n0:16083:19800 [2] NCCL INFO transport/p2p.cc:430 Cuda Alloc Size 6291456 pointer 0x149ae1200000
x3204c0s1b0n0:16079:19667 [0] NCCL INFO Connection to proxy localRank 0 -> connection 0x14c984001080
x3204c0s1b0n0:16079:19667 [0] NCCL INFO Channel 00/0 : 8[7000] -> 17[46000] [send] via NET/IB/1
x3204c0s1b0n0:16079:19667 [0] NCCL INFO GPU Direct RDMA Disabled for GPU 7000 / HCA 0 (distance 7 > 4)
x3204c0s1b0n0:16079:19797 [0] NCCL INFO New proxy send connection 17 from local rank 0, transport 2
x3204c0s1b0n0:16079:19667 [0] NCCL INFO Connection to proxy localRank 0 -> connection 0x14c9840010c0
x3204c0s1b0n0:16079:19667 [0] NCCL INFO Channel 01/0 : 8[7000] -> 17[46000] [send] via NET/IB/0
x3204c0s1b0n0:16079:19797 [0] NCCL INFO transport/net_ib.cc:596 Ib Alloc Size 26560 pointer 0x14c984095000
x3204c0s1b0n0:16083:19671 [2] NCCL INFO Channel 02/0 : 10[85000] -> 9[46000] via P2P/IPC/read
x3204c0s1b0n0:16083:19800 [2] NCCL INFO New proxy send connection 18 from local rank 2, transport 0
x3204c0s1b0n0:16083:19671 [2] NCCL INFO Connection to proxy localRank 2 -> connection 0x149af0001100
x3204c0s1b0n0:16079:19797 [0] NCCL INFO NET/IB: Dev 1 Port 1 qpn 3593 mtu 5 GID 0 (80FE/AF3900FEFF000000)
x3204c0s1b0n0:16079:19797 [0] NCCL INFO transport/net_ib.cc:653 Ib Alloc Size 552 pointer 0x14c9840ac000
x3204c0s1b0n0:16079:19797 [0] NCCL INFO transport/net.cc:571 Cuda Host Alloc Size 9641984 pointer 0x14c96c000000
x3204c0s1b0n0:16083:19800 [2] NCCL INFO transport/p2p.cc:430 Cuda Alloc Size 6291456 pointer 0x149ae1800000
x3204c0s1b0n0:16079:19797 [0] NCCL INFO transport/net_ib.cc:596 Ib Alloc Size 26560 pointer 0x14c9840ae000
x3204c0s1b0n0:16079:19797 [0] NCCL INFO NET/IB: Dev 0 Port 1 qpn 4823 mtu 5 GID 0 (80FE/EA3900FEFF000000)
x3204c0s1b0n0:16079:19797 [0] NCCL INFO transport/net_ib.cc:653 Ib Alloc Size 552 pointer 0x14c9840c5000
x3204c0s1b0n0:16083:19671 [2] NCCL INFO Channel 03/0 : 10[85000] -> 9[46000] via P2P/IPC/read
x3204c0s1b0n0:16079:19797 [0] NCCL INFO transport/net.cc:571 Cuda Host Alloc Size 9641984 pointer 0x14c96ca00000
x3204c0s1b0n0:16083:19800 [2] NCCL INFO New proxy send connection 19 from local rank 2, transport 0
x3204c0s1b0n0:16079:19667 [0] NCCL INFO GPU Direct RDMA Disabled for GPU 7000 / HCA 1 (distance 7 > 4)
x3204c0s1b0n0:16079:19797 [0] NCCL INFO New proxy recv connection 18 from local rank 0, transport 2
x3204c0s1b0n0:16083:19671 [2] NCCL INFO Connection to proxy localRank 2 -> connection 0x149af0001140
x3204c0s1b0n0:16083:19800 [2] NCCL INFO transport/p2p.cc:430 Cuda Alloc Size 6291456 pointer 0x149ade000000
x3204c0s1b0n0:16085:19663 [3] NCCL INFO Connected all trees by HAO
x3204c0s1b0n0:16085:19663 [3] NCCL INFO threadThresholds 8/8/64 | 160/8/64 | 512 | 512
x3204c0s1b0n0:16085:19663 [3] NCCL INFO 4 coll channels, 4 p2p channels, 2 p2p channels per peer
x3204c0s1b0n0:16085:19799 [3] NCCL INFO New proxy send connection 12 from local rank 3, transport 2
x3204c0s1b0n0:16085:19663 [3] NCCL INFO Connection to proxy localRank 3 -> connection 0x148d58000f80
x3204c0s1b0n0:16085:19799 [3] NCCL INFO transport/net.cc:376 Cuda Alloc Size 8388608 pointer 0x148d4c000000
x3204c0s1b0n0:16079:19667 [0] NCCL INFO Connection to proxy localRank 0 -> connection 0x14c984001100
x3204c0s1b0n0:16079:19667 [0] NCCL INFO Channel 00/0 : 17[46000] -> 8[7000] [receive] via NET/IB/1
x3204c0s1b0n0:16079:19667 [0] NCCL INFO GPU Direct RDMA Disabled for GPU 7000 / HCA 0 (distance 7 > 4)
x3204c0s1b0n0:16079:19797 [0] NCCL INFO New proxy recv connection 19 from local rank 0, transport 2
x3204c0s1b0n0:16082:19798 [1] NCCL INFO transport/net_ib.cc:683 Ib Alloc Size 21688 pointer 0x1469e80be000
x3204c0s1b0n0:16082:19798 [1] NCCL INFO transport/net_ib.cc:696 Ib Alloc Size 552 pointer 0x1469e801b000
x3204c0s1b0n0:16079:19667 [0] NCCL INFO Connection to proxy localRank 0 -> connection 0x14c984001140
x3204c0s1b0n0:16079:19667 [0] NCCL INFO Channel 01/0 : 17[46000] -> 8[7000] [receive] via NET/IB/0
x3204c0s1b0n0:16082:19798 [1] NCCL INFO transport/net_ib.cc:771 Ib Alloc Size 552 pointer 0x1469e80e0000
x3204c0s1b0n0:16082:19798 [1] NCCL INFO transport/net.cc:698 Cuda Host Alloc Size 9641984 pointer 0x1469d2600000
x3204c0s1b0n0:16079:19797 [0] NCCL INFO transport/net_ib.cc:683 Ib Alloc Size 21688 pointer 0x14c9840d1000
x3204c0s1b0n0:16079:19797 [0] NCCL INFO transport/net_ib.cc:696 Ib Alloc Size 552 pointer 0x14c9840d8000
x3204c0s1b0n0:16082:19798 [1] NCCL INFO transport/net_ib.cc:683 Ib Alloc Size 21688 pointer 0x1469e80e2000
x3204c0s1b0n0:16082:19798 [1] NCCL INFO transport/net_ib.cc:696 Ib Alloc Size 552 pointer 0x1469e80e9000
x3204c0s1b0n0:16082:19798 [1] NCCL INFO transport/net_ib.cc:771 Ib Alloc Size 552 pointer 0x1469e8104000
x3204c0s1b0n0:16082:19798 [1] NCCL INFO transport/net.cc:698 Cuda Host Alloc Size 9641984 pointer 0x1469d3000000
x3204c0s1b0n0:16082:19672 [1] NCCL INFO GPU Direct RDMA Disabled for GPU 46000 / HCA 1 (distance 6 > 4)
x3204c0s1b0n0:16082:19798 [1] NCCL INFO New proxy send connection 18 from local rank 1, transport 2
x3204c0s1b0n0:16079:19797 [0] NCCL INFO transport/net_ib.cc:771 Ib Alloc Size 552 pointer 0x14c9840f4000
x3204c0s1b0n0:16079:19797 [0] NCCL INFO transport/net.cc:698 Cuda Host Alloc Size 9641984 pointer 0x14c96d400000
x3204c0s1b0n0:16082:19672 [1] NCCL INFO Connection to proxy localRank 1 -> connection 0x1469e8001100
x3204c0s1b0n0:16082:19672 [1] NCCL INFO Channel 00/0 : 9[46000] -> 4[7000] [send] via NET/IB/1
x3204c0s1b0n0:16082:19672 [1] NCCL INFO GPU Direct RDMA Disabled for GPU 46000 / HCA 0 (distance 7 > 4)
x3204c0s1b0n0:16082:19798 [1] NCCL INFO New proxy send connection 19 from local rank 1, transport 2
x3204c0s1b0n0:16079:19797 [0] NCCL INFO transport/net_ib.cc:683 Ib Alloc Size 21688 pointer 0x14c9840f6000
x3204c0s1b0n0:16079:19797 [0] NCCL INFO transport/net_ib.cc:696 Ib Alloc Size 552 pointer 0x14c9840fd000
x3204c0s1b0n0:16079:19797 [0] NCCL INFO transport/net_ib.cc:771 Ib Alloc Size 552 pointer 0x14c984118000
x3204c0s1b0n0:16079:19797 [0] NCCL INFO transport/net.cc:698 Cuda Host Alloc Size 9641984 pointer 0x14c96a000000
x3204c0s1b0n0:16082:19672 [1] NCCL INFO Connection to proxy localRank 1 -> connection 0x1469e8001140
x3204c0s1b0n0:16082:19672 [1] NCCL INFO Channel 01/0 : 9[46000] -> 4[7000] [send] via NET/IB/0
x3204c0s1b0n0:16079:19667 [0] NCCL INFO GPU Direct RDMA Disabled for GPU 7000 / HCA 1 (distance 7 > 4)
x3204c0s1b0n0:16079:19797 [0] NCCL INFO New proxy recv connection 20 from local rank 0, transport 2
x3204c0s1b0n0:16082:19798 [1] NCCL INFO transport/net_ib.cc:596 Ib Alloc Size 26560 pointer 0x1469e8110000
x3204c0s1b0n0:16082:19798 [1] NCCL INFO NET/IB: Dev 1 Port 1 qpn 3598 mtu 5 GID 0 (80FE/AF3900FEFF000000)
x3204c0s1b0n0:16082:19798 [1] NCCL INFO transport/net_ib.cc:653 Ib Alloc Size 552 pointer 0x1469e8127000
x3204c0s1b0n0:16082:19798 [1] NCCL INFO transport/net.cc:571 Cuda Host Alloc Size 9641984 pointer 0x1469d0000000
x3204c0s1b0n0:16082:19798 [1] NCCL INFO transport/net_ib.cc:596 Ib Alloc Size 26560 pointer 0x1469e8129000
x3204c0s1b0n0:16082:19798 [1] NCCL INFO NET/IB: Dev 0 Port 1 qpn 4828 mtu 5 GID 0 (80FE/EA3900FEFF000000)
x3204c0s1b0n0:16082:19798 [1] NCCL INFO transport/net_ib.cc:653 Ib Alloc Size 552 pointer 0x1469e8140000
x3204c0s1b0n0:16082:19798 [1] NCCL INFO transport/net.cc:571 Cuda Host Alloc Size 9641984 pointer 0x1469d0a00000
x3204c0s1b0n0:16079:19667 [0] NCCL INFO Connection to proxy localRank 0 -> connection 0x14c984001180
x3204c0s1b0n0:16079:19667 [0] NCCL INFO Channel 02/0 : 13[46000] -> 8[7000] [receive] via NET/IB/1
x3204c0s1b0n0:16079:19667 [0] NCCL INFO GPU Direct RDMA Disabled for GPU 7000 / HCA 0 (distance 7 > 4)
x3204c0s1b0n0:16079:19797 [0] NCCL INFO New proxy recv connection 21 from local rank 0, transport 2
x3204c0s1b0n0:16079:19667 [0] NCCL INFO Connection to proxy localRank 0 -> connection 0x14c9840011c0
x3204c0s1b0n0:16082:19798 [1] NCCL INFO New proxy recv connection 20 from local rank 1, transport 0
x3204c0s1b0n0:16082:19672 [1] NCCL INFO Connection to proxy localRank 1 -> connection 0x1469e8001180
x3204c0s1b0n0:16082:19798 [1] NCCL INFO transport/p2p.cc:449 Cuda Alloc Size 6291456 pointer 0x1469d1400000
x3204c0s1b0n0:16082:19798 [1] NCCL INFO New proxy recv connection 21 from local rank 1, transport 0
x3204c0s1b0n0:16079:19667 [0] NCCL INFO Channel 03/0 : 13[46000] -> 8[7000] [receive] via NET/IB/0
x3204c0s1b0n0:16079:19797 [0] NCCL INFO transport/net_ib.cc:683 Ib Alloc Size 21688 pointer 0x14c984124000
x3204c0s1b0n0:16079:19797 [0] NCCL INFO transport/net_ib.cc:696 Ib Alloc Size 552 pointer 0x14c98412b000
x3204c0s1b0n0:16079:19797 [0] NCCL INFO transport/net_ib.cc:771 Ib Alloc Size 552 pointer 0x14c984146000
x3204c0s1b0n0:16079:19797 [0] NCCL INFO transport/net.cc:698 Cuda Host Alloc Size 9641984 pointer 0x14c96aa00000
x3204c0s1b0n0:16082:19672 [1] NCCL INFO Connection to proxy localRank 1 -> connection 0x1469e80011c0
x3204c0s1b0n0:16082:19798 [1] NCCL INFO transport/p2p.cc:449 Cuda Alloc Size 6291456 pointer 0x1469d1a00000
x3204c0s1b0n0:16079:19797 [0] NCCL INFO Mem Realloc old size 768, new size 1536 pointer 0x14c98413b0d0
x3204c0s1b0n0:16079:19797 [0] NCCL INFO transport/net_ib.cc:683 Ib Alloc Size 21688 pointer 0x14c984148000
x3204c0s1b0n0:16079:19797 [0] NCCL INFO transport/net_ib.cc:696 Ib Alloc Size 552 pointer 0x14c98414f000
x3204c0s1b0n0:16082:19798 [1] NCCL INFO New proxy recv connection 22 from local rank 1, transport 0
x3204c0s1b0n0:16079:19797 [0] NCCL INFO transport/net_ib.cc:771 Ib Alloc Size 552 pointer 0x14c98416a000
x3204c0s1b0n0:16079:19797 [0] NCCL INFO transport/net.cc:698 Cuda Host Alloc Size 9641984 pointer 0x14c96b400000
x3204c0s1b0n0:16082:19672 [1] NCCL INFO Connection to proxy localRank 1 -> connection 0x1469e8001200
x3204c0s1b0n0:16079:19797 [0] NCCL INFO Mem Realloc old size 768, new size 1536 pointer 0x14c98415f460
x3204c0s1b0n0:16082:19798 [1] NCCL INFO transport/p2p.cc:449 Cuda Alloc Size 6291456 pointer 0x1469d3a00000
x3204c0s1b0n0:16079:19667 [0] NCCL INFO GPU Direct RDMA Disabled for GPU 7000 / HCA 1 (distance 7 > 4)
x3204c0s1b0n0:16079:19797 [0] NCCL INFO New proxy recv connection 22 from local rank 0, transport 2
x3204c0s1b0n0:16082:19798 [1] NCCL INFO New proxy recv connection 23 from local rank 1, transport 0
x3204c0s1b0n0:16079:19667 [0] NCCL INFO Connection to proxy localRank 0 -> connection 0x14c984001200
x3204c0s1b0n0:16079:19667 [0] NCCL INFO Channel 00/0 : 12[7000] -> 8[7000] [receive] via NET/IB/1
x3204c0s1b0n0:16079:19667 [0] NCCL INFO GPU Direct RDMA Disabled for GPU 7000 / HCA 0 (distance 7 > 4)
x3204c0s1b0n0:16082:19672 [1] NCCL INFO Connection to proxy localRank 1 -> connection 0x1469e8001240
x3204c0s1b0n0:16082:19798 [1] NCCL INFO transport/p2p.cc:449 Cuda Alloc Size 6291456 pointer 0x1469ce000000
x3204c0s1b0n0:16082:19672 [1] NCCL INFO Connected all trees by HAO
x3204c0s1b0n0:16082:19672 [1] NCCL INFO threadThresholds 8/8/64 | 160/8/64 | 512 | 512
x3204c0s1b0n0:16082:19672 [1] NCCL INFO 4 coll channels, 4 p2p channels, 2 p2p channels per peer
x3204c0s1b0n0:16083:19671 [2] NCCL INFO Connected all trees by HAO
