x3012c0s13b1n0:44845:48358 [2] NCCL INFO channel.cc:23 Cuda Alloc Size 8064 pointer 0x1496d981da00
x3012c0s13b1n0:44845:48358 [2] NCCL INFO channel.cc:27 Cuda Alloc Size 80 pointer 0x1496d981fa00
x3012c0s13b1n0:44845:48358 [2] NCCL INFO Channel 00/0 : 6[85000] -> 7[c7000] via P2P/IPC/read
x3012c0s13b1n0:44845:48524 [2] NCCL INFO Mem Realloc old size 0, new size 8 pointer 0x149688000c60
x3012c0s13b1n0:44845:48524 [2] NCCL INFO New proxy send connection 0 from local rank 2, transport 0
x3012c0s13b1n0:44846:48355 [3] NCCL INFO Ring 00 : 6 -> 7 -> 9
x3012c0s13b1n0:44846:48355 [3] NCCL INFO Ring 01 : 6 -> 7 -> 9
x3012c0s13b1n0:44846:48355 [3] NCCL INFO Ring 02 : 6 -> 7 -> 9
x3012c0s13b1n0:44846:48355 [3] NCCL INFO Ring 03 : 6 -> 7 -> 9
x3012c0s13b1n0:44846:48355 [3] NCCL INFO Trees [0] -1/-1/-1->7->6 [1] -1/-1/-1->7->6 [2] -1/-1/-1->7->6 [3] -1/-1/-1->7->6
x3012c0s13b1n0:44846:48355 [3] NCCL INFO misc/utils.cc:235 memory stack hunk malloc(65536)
x3012c0s13b1n0:44846:48355 [3] NCCL INFO channel.cc:23 Cuda Alloc Size 8064 pointer 0x15409fe17400
x3012c0s13b1n0:44846:48355 [3] NCCL INFO channel.cc:27 Cuda Alloc Size 80 pointer 0x15409fe19400
x3012c0s13b1n0:44846:48355 [3] NCCL INFO channel.cc:23 Cuda Alloc Size 8064 pointer 0x15409fe19600
x3012c0s13b1n0:44846:48355 [3] NCCL INFO channel.cc:27 Cuda Alloc Size 80 pointer 0x15409fe1b600
x3012c0s13b1n0:44846:48355 [3] NCCL INFO channel.cc:23 Cuda Alloc Size 8064 pointer 0x15409fe1b800
x3012c0s13b1n0:44846:48355 [3] NCCL INFO channel.cc:27 Cuda Alloc Size 80 pointer 0x15409fe1d800
x3012c0s13b1n0:44846:48355 [3] NCCL INFO channel.cc:23 Cuda Alloc Size 8064 pointer 0x15409fe1da00
x3012c0s13b1n0:44846:48355 [3] NCCL INFO channel.cc:27 Cuda Alloc Size 80 pointer 0x15409fe1fa00
x3012c0s13b1n0:44845:48358 [2] NCCL INFO Connection to proxy localRank 2 -> connection 0x149688000c80
x3012c0s13b1n0:44845:48524 [2] NCCL INFO transport/p2p.cc:430 Cuda Alloc Size 6291456 pointer 0x149700000000
x3012c0s13b1n0:44846:48505 [3] NCCL INFO Mem Realloc old size 0, new size 8 pointer 0x154020000c60
x3012c0s13b1n0:44846:48505 [3] NCCL INFO New proxy recv connection 0 from local rank 3, transport 0
x3012c0s13b1n0:44846:48355 [3] NCCL INFO Connection to proxy localRank 3 -> connection 0x154020000c80
x3012c0s13b1n0:44846:48505 [3] NCCL INFO transport/p2p.cc:449 Cuda Alloc Size 6291456 pointer 0x154084000000
x3012c0s13b1n0:44845:48358 [2] NCCL INFO Channel 01/0 : 6[85000] -> 7[c7000] via P2P/IPC/read
x3012c0s13b1n0:44845:48524 [2] NCCL INFO New proxy send connection 1 from local rank 2, transport 0
x3012c0s13b1n0:44846:48505 [3] NCCL INFO New proxy recv connection 1 from local rank 3, transport 0
x3012c0s13b1n0:44845:48358 [2] NCCL INFO Connection to proxy localRank 2 -> connection 0x149688000cc0
x3012c0s13b1n0:44845:48524 [2] NCCL INFO transport/p2p.cc:430 Cuda Alloc Size 6291456 pointer 0x149700600000
x3012c0s13b1n0:44845:48358 [2] NCCL INFO Channel 02/0 : 6[85000] -> 7[c7000] via P2P/IPC/read
x3012c0s13b1n0:44845:48524 [2] NCCL INFO New proxy send connection 2 from local rank 2, transport 0
x3012c0s13b1n0:44846:48355 [3] NCCL INFO Connection to proxy localRank 3 -> connection 0x154020000cc0
x3012c0s13b1n0:44843:48357 [0] NCCL INFO Tree 0 : 9 -> 4 -> 5/-1/-1
x3012c0s13b1n0:44843:48357 [0] NCCL INFO Tree 2 : -1 -> 4 -> 5/0/-1
x3012c0s13b1n0:44843:48357 [0] NCCL INFO Tree 1 : 9 -> 4 -> 5/-1/-1
x3012c0s13b1n0:44843:48357 [0] NCCL INFO Tree 3 : -1 -> 4 -> 5/0/-1
x3012c0s13b1n0:44843:48357 [0] NCCL INFO Ring 00 : 5 -> 4 -> 6
x3012c0s13b1n0:44843:48357 [0] NCCL INFO Ring 01 : 5 -> 4 -> 6
x3012c0s13b1n0:44843:48357 [0] NCCL INFO Ring 02 : 5 -> 4 -> 6
x3012c0s13b1n0:44843:48357 [0] NCCL INFO Ring 03 : 5 -> 4 -> 6
x3012c0s13b1n0:44843:48357 [0] NCCL INFO Trees [0] 5/-1/-1->4->9 [1] 5/-1/-1->4->9 [2] 5/0/-1->4->-1 [3] 5/0/-1->4->-1
x3012c0s13b1n0:44843:48357 [0] NCCL INFO misc/utils.cc:235 memory stack hunk malloc(65536)
x3012c0s13b1n0:44843:48357 [0] NCCL INFO channel.cc:23 Cuda Alloc Size 8064 pointer 0x15280f817400
x3012c0s13b1n0:44843:48357 [0] NCCL INFO channel.cc:27 Cuda Alloc Size 80 pointer 0x15280f819400
x3012c0s13b1n0:44843:48357 [0] NCCL INFO channel.cc:23 Cuda Alloc Size 8064 pointer 0x15280f819600
x3012c0s13b1n0:44843:48357 [0] NCCL INFO channel.cc:27 Cuda Alloc Size 80 pointer 0x15280f81b600
x3012c0s13b1n0:44843:48357 [0] NCCL INFO channel.cc:23 Cuda Alloc Size 8064 pointer 0x15280f81b800
x3012c0s13b1n0:44843:48357 [0] NCCL INFO channel.cc:27 Cuda Alloc Size 80 pointer 0x15280f81d800
x3012c0s13b1n0:44843:48357 [0] NCCL INFO channel.cc:23 Cuda Alloc Size 8064 pointer 0x15280f81da00
x3012c0s13b1n0:44843:48357 [0] NCCL INFO channel.cc:27 Cuda Alloc Size 80 pointer 0x15280f81fa00
x3012c0s13b1n0:44843:48357 [0] NCCL INFO Channel 00/0 : 4[7000] -> 6[85000] via P2P/IPC/read
x3012c0s13b1n0:44844:48356 [1] NCCL INFO Tree 0 : 4 -> 5 -> 6/-1/-1
x3012c0s13b1n0:44844:48356 [1] NCCL INFO Tree 2 : 4 -> 5 -> 6/-1/-1
x3012c0s13b1n0:44844:48356 [1] NCCL INFO Tree 1 : 4 -> 5 -> 6/-1/-1
x3012c0s13b1n0:44844:48356 [1] NCCL INFO Tree 3 : 4 -> 5 -> 6/-1/-1
x3012c0s13b1n0:44844:48356 [1] NCCL INFO Ring 00 : 3 -> 5 -> 4
x3012c0s13b1n0:44844:48356 [1] NCCL INFO Ring 01 : 3 -> 5 -> 4
x3012c0s13b1n0:44844:48356 [1] NCCL INFO Ring 02 : 3 -> 5 -> 4
x3012c0s13b1n0:44844:48356 [1] NCCL INFO Ring 03 : 3 -> 5 -> 4
x3012c0s13b1n0:44844:48356 [1] NCCL INFO Trees [0] 6/-1/-1->5->4 [1] 6/-1/-1->5->4 [2] 6/-1/-1->5->4 [3] 6/-1/-1->5->4
x3012c0s13b1n0:44844:48356 [1] NCCL INFO misc/utils.cc:235 memory stack hunk malloc(65536)
x3012c0s13b1n0:44844:48356 [1] NCCL INFO channel.cc:23 Cuda Alloc Size 8064 pointer 0x1460d7817400
x3012c0s13b1n0:44844:48356 [1] NCCL INFO channel.cc:27 Cuda Alloc Size 80 pointer 0x1460d7819400
x3012c0s13b1n0:44844:48356 [1] NCCL INFO channel.cc:23 Cuda Alloc Size 8064 pointer 0x1460d7819600
x3012c0s13b1n0:44844:48356 [1] NCCL INFO channel.cc:27 Cuda Alloc Size 80 pointer 0x1460d781b600
x3012c0s13b1n0:44844:48356 [1] NCCL INFO channel.cc:23 Cuda Alloc Size 8064 pointer 0x1460d781b800
x3012c0s13b1n0:44844:48356 [1] NCCL INFO channel.cc:27 Cuda Alloc Size 80 pointer 0x1460d781d800
x3012c0s13b1n0:44844:48356 [1] NCCL INFO channel.cc:23 Cuda Alloc Size 8064 pointer 0x1460d781da00
x3012c0s13b1n0:44844:48356 [1] NCCL INFO channel.cc:27 Cuda Alloc Size 80 pointer 0x1460d781fa00
x3012c0s13b1n0:44844:48356 [1] NCCL INFO GPU Direct RDMA Disabled for GPU 46000 / HCA 1 (distance 6 > 4)
x3012c0s13b1n0:44843:48515 [0] NCCL INFO Mem Realloc old size 0, new size 8 pointer 0x1527b4000c60
x3012c0s13b1n0:44843:48515 [0] NCCL INFO New proxy send connection 0 from local rank 0, transport 0
x3012c0s13b1n0:44844:48517 [1] NCCL INFO Mem Realloc old size 0, new size 8 pointer 0x146084000c60
x3012c0s13b1n0:44844:48517 [1] NCCL INFO Allocated 4194656 bytes of shared memory in /dev/shm/nccl-mhWeQ3

x3012c0s13b1n0:44844:48517 [1] NCCL INFO New proxy recv connection 0 from local rank 1, transport 2
x3012c0s13b1n0:44844:48356 [1] NCCL INFO Connection to proxy localRank 1 -> connection 0x146084000c80
x3012c0s13b1n0:44843:48357 [0] NCCL INFO Connection to proxy localRank 0 -> connection 0x1527b4000c80
x3012c0s13b1n0:44843:48515 [0] NCCL INFO transport/p2p.cc:430 Cuda Alloc Size 6291456 pointer 0x1527efa00000
x3012c0s13b1n0:44845:48358 [2] NCCL INFO Connection to proxy localRank 2 -> connection 0x149688000d00
x3012c0s13b1n0:44845:48524 [2] NCCL INFO transport/p2p.cc:430 Cuda Alloc Size 6291456 pointer 0x149700c00000
x3012c0s13b1n0:44844:48356 [1] NCCL INFO Channel 00/0 : 3[c7000] -> 5[46000] [receive] via NET/IB/1
x3012c0s13b1n0:44844:48356 [1] NCCL INFO GPU Direct RDMA Disabled for GPU 46000 / HCA 0 (distance 7 > 4)
x3012c0s13b1n0:44844:48517 [1] NCCL INFO New proxy recv connection 1 from local rank 1, transport 2
x3012c0s13b1n0:44844:48356 [1] NCCL INFO Connection to proxy localRank 1 -> connection 0x146084000cc0
x3012c0s13b1n0:44846:48505 [3] NCCL INFO transport/p2p.cc:449 Cuda Alloc Size 6291456 pointer 0x154084600000
x3012c0s13b1n0:44846:48505 [3] NCCL INFO New proxy recv connection 2 from local rank 3, transport 0
x3012c0s13b1n0:44843:48357 [0] NCCL INFO Channel 01/0 : 4[7000] -> 6[85000] via P2P/IPC/read
x3012c0s13b1n0:44845:48358 [2] NCCL INFO Channel 03/0 : 6[85000] -> 7[c7000] via P2P/IPC/read
x3012c0s13b1n0:44845:48524 [2] NCCL INFO New proxy send connection 3 from local rank 2, transport 0
x3012c0s13b1n0:44845:48358 [2] NCCL INFO Connection to proxy localRank 2 -> connection 0x149688000d40
x3012c0s13b1n0:44845:48524 [2] NCCL INFO transport/p2p.cc:430 Cuda Alloc Size 6291456 pointer 0x149701200000
x3012c0s13b1n0:44843:48515 [0] NCCL INFO New proxy send connection 1 from local rank 0, transport 0
x3012c0s13b1n0:44844:48356 [1] NCCL INFO Channel 01/0 : 3[c7000] -> 5[46000] [receive] via NET/IB/0
x3012c0s13b1n0:44844:48356 [1] NCCL INFO GPU Direct RDMA Disabled for GPU 46000 / HCA 1 (distance 6 > 4)
x3012c0s13b1n0:44844:48517 [1] NCCL INFO New proxy recv connection 2 from local rank 1, transport 2
x3012c0s13b1n0:44846:48355 [3] NCCL INFO Connection to proxy localRank 3 -> connection 0x154020000d00
x3012c0s13b1n0:44846:48505 [3] NCCL INFO transport/p2p.cc:449 Cuda Alloc Size 6291456 pointer 0x154084c00000
x3012c0s13b1n0:44843:48357 [0] NCCL INFO Connection to proxy localRank 0 -> connection 0x1527b4000cc0
x3012c0s13b1n0:44843:48515 [0] NCCL INFO transport/p2p.cc:430 Cuda Alloc Size 6291456 pointer 0x152833800000
x3012c0s13b1n0:44843:48357 [0] NCCL INFO Channel 02/0 : 4[7000] -> 6[85000] via P2P/IPC/read
x3012c0s13b1n0:44843:48515 [0] NCCL INFO New proxy send connection 2 from local rank 0, transport 0
x3012c0s13b1n0:44844:48356 [1] NCCL INFO Connection to proxy localRank 1 -> connection 0x146084000d00
x3012c0s13b1n0:44846:48505 [3] NCCL INFO New proxy recv connection 3 from local rank 3, transport 0
x3012c0s13b1n0:44846:48355 [3] NCCL INFO Connection to proxy localRank 3 -> connection 0x154020000d40
x3012c0s13b1n0:44846:48505 [3] NCCL INFO transport/p2p.cc:449 Cuda Alloc Size 6291456 pointer 0x154085200000
x3012c0s13b1n0:44843:48357 [0] NCCL INFO Connection to proxy localRank 0 -> connection 0x1527b4000d00
x3012c0s13b1n0:44843:48515 [0] NCCL INFO transport/p2p.cc:430 Cuda Alloc Size 6291456 pointer 0x152833e00000
x3012c0s13b1n0:44844:48356 [1] NCCL INFO Channel 02/0 : 3[c7000] -> 5[46000] [receive] via NET/IB/1
x3012c0s13b1n0:44844:48356 [1] NCCL INFO GPU Direct RDMA Disabled for GPU 46000 / HCA 0 (distance 7 > 4)
x3012c0s13b1n0:44844:48517 [1] NCCL INFO New proxy recv connection 3 from local rank 1, transport 2
x3012c0s13b1n0:44846:48355 [3] NCCL INFO GPU Direct RDMA Disabled for GPU c7000 / HCA 1 (distance 7 > 4)
x3012c0s13b1n0:44846:48505 [3] NCCL INFO Allocated 4194656 bytes of shared memory in /dev/shm/nccl-UoKnKd

x3012c0s13b1n0:44846:48505 [3] NCCL INFO New proxy send connection 4 from local rank 3, transport 2
x3012c0s13b1n0:44845:48524 [2] NCCL INFO New proxy recv connection 4 from local rank 2, transport 0
x3012c0s13b1n0:44843:48357 [0] NCCL INFO Channel 03/0 : 4[7000] -> 6[85000] via P2P/IPC/read
x3012c0s13b1n0:44843:48515 [0] NCCL INFO New proxy send connection 3 from local rank 0, transport 0
x3012c0s13b1n0:44844:48356 [1] NCCL INFO Connection to proxy localRank 1 -> connection 0x146084000d40
x3012c0s13b1n0:44844:48356 [1] NCCL INFO Channel 03/0 : 3[c7000] -> 5[46000] [receive] via NET/IB/0
x3012c0s13b1n0:44845:48358 [2] NCCL INFO Connection to proxy localRank 2 -> connection 0x149688000d80
x3012c0s13b1n0:44845:48524 [2] NCCL INFO transport/p2p.cc:449 Cuda Alloc Size 6291456 pointer 0x149683800000
x3012c0s13b1n0:44846:48355 [3] NCCL INFO Connection to proxy localRank 3 -> connection 0x154020000d80
x3012c0s13b1n0:44846:48355 [3] NCCL INFO Channel 00/0 : 7[c7000] -> 9[46000] [send] via NET/IB/1
x3012c0s13b1n0:44846:48355 [3] NCCL INFO GPU Direct RDMA Disabled for GPU c7000 / HCA 0 (distance 6 > 4)
x3012c0s13b1n0:44846:48505 [3] NCCL INFO New proxy send connection 5 from local rank 3, transport 2
x3012c0s13b1n0:44843:48357 [0] NCCL INFO Connection to proxy localRank 0 -> connection 0x1527b4000d40
x3012c0s13b1n0:44843:48515 [0] NCCL INFO transport/p2p.cc:430 Cuda Alloc Size 6291456 pointer 0x152834400000
x3012c0s13b1n0:44845:48524 [2] NCCL INFO New proxy recv connection 5 from local rank 2, transport 0
x3012c0s13b1n0:44846:48355 [3] NCCL INFO Connection to proxy localRank 3 -> connection 0x154020000dc0
x3012c0s13b1n0:44846:48355 [3] NCCL INFO Channel 01/0 : 7[c7000] -> 9[46000] [send] via NET/IB/0
x3012c0s13b1n0:44846:48355 [3] NCCL INFO GPU Direct RDMA Disabled for GPU c7000 / HCA 1 (distance 7 > 4)
x3012c0s13b1n0:44846:48505 [3] NCCL INFO New proxy send connection 6 from local rank 3, transport 2
x3012c0s13b1n0:44845:48358 [2] NCCL INFO Connection to proxy localRank 2 -> connection 0x149688000dc0
x3012c0s13b1n0:44845:48524 [2] NCCL INFO transport/p2p.cc:449 Cuda Alloc Size 6291456 pointer 0x149680000000
x3012c0s13b1n0:44845:48524 [2] NCCL INFO New proxy recv connection 6 from local rank 2, transport 0
x3012c0s13b1n0:44845:48358 [2] NCCL INFO Connection to proxy localRank 2 -> connection 0x149688000e00
x3012c0s13b1n0:44845:48524 [2] NCCL INFO transport/p2p.cc:449 Cuda Alloc Size 6291456 pointer 0x149680600000
x3012c0s13b1n0:44845:48524 [2] NCCL INFO New proxy recv connection 7 from local rank 2, transport 0
x3012c0s13b1n0:44845:48358 [2] NCCL INFO Connection to proxy localRank 2 -> connection 0x149688000e40
x3012c0s13b1n0:44845:48524 [2] NCCL INFO transport/p2p.cc:449 Cuda Alloc Size 6291456 pointer 0x149680c00000
x3012c0s13b1n0:44845:48358 [2] NCCL INFO Connected all rings
x3012c0s13b1n0:44846:48355 [3] NCCL INFO Connection to proxy localRank 3 -> connection 0x154020000e00
x3012c0s13b1n0:44846:48355 [3] NCCL INFO Channel 02/0 : 7[c7000] -> 9[46000] [send] via NET/IB/1
x3012c0s13b1n0:44846:48355 [3] NCCL INFO GPU Direct RDMA Disabled for GPU c7000 / HCA 0 (distance 6 > 4)
x3012c0s13b1n0:44846:48505 [3] NCCL INFO New proxy send connection 7 from local rank 3, transport 2
x3012c0s13b1n0:44843:48515 [0] NCCL INFO New proxy recv connection 4 from local rank 0, transport 0
x3012c0s13b1n0:44845:48524 [2] NCCL INFO New proxy recv connection 8 from local rank 2, transport 0
x3012c0s13b1n0:44846:48355 [3] NCCL INFO Connection to proxy localRank 3 -> connection 0x154020000e40
x3012c0s13b1n0:44846:48355 [3] NCCL INFO Channel 03/0 : 7[c7000] -> 9[46000] [send] via NET/IB/0
x3012c0s13b1n0:44846:48505 [3] NCCL INFO transport/net_ib.cc:596 Ib Alloc Size 26560 pointer 0x154020020000
x3012c0s13b1n0:44846:48505 [3] NCCL INFO NET/IB: Dev 1 Port 1 qpn 23986 mtu 5 GID 0 (80FE/CC1100FEFF000000)
x3012c0s13b1n0:44846:48505 [3] NCCL INFO transport/net_ib.cc:653 Ib Alloc Size 552 pointer 0x154020038000
x3012c0s13b1n0:44846:48505 [3] NCCL INFO transport/net.cc:571 Cuda Host Alloc Size 9641984 pointer 0x1540b0800000
x3012c0s13b1n0:44846:48505 [3] NCCL INFO transport/net_ib.cc:596 Ib Alloc Size 26560 pointer 0x15402003a000
x3012c0s13b1n0:44845:48358 [2] NCCL INFO Connection to proxy localRank 2 -> connection 0x149688000e80
x3012c0s13b1n0:44845:48524 [2] NCCL INFO transport/p2p.cc:449 Cuda Alloc Size 6291456 pointer 0x14967ec00000
x3012c0s13b1n0:44843:48357 [0] NCCL INFO Connection to proxy localRank 0 -> connection 0x1527b4000d80
x3012c0s13b1n0:44843:48515 [0] NCCL INFO transport/p2p.cc:449 Cuda Alloc Size 6291456 pointer 0x1527bac00000
x3012c0s13b1n0:44846:48505 [3] NCCL INFO NET/IB: Dev 0 Port 1 qpn 24711 mtu 5 GID 0 (80FE/8D1100FEFF000000)
x3012c0s13b1n0:44846:48505 [3] NCCL INFO transport/net_ib.cc:653 Ib Alloc Size 552 pointer 0x154020051000
x3012c0s13b1n0:44843:48515 [0] NCCL INFO New proxy recv connection 5 from local rank 0, transport 0
x3012c0s13b1n0:44846:48505 [3] NCCL INFO transport/net.cc:571 Cuda Host Alloc Size 9641984 pointer 0x1540b1200000
x3012c0s13b1n0:44845:48524 [2] NCCL INFO New proxy recv connection 9 from local rank 2, transport 0
x3012c0s13b1n0:44846:48505 [3] NCCL INFO transport/net_ib.cc:596 Ib Alloc Size 26560 pointer 0x154020053000
x3012c0s13b1n0:44844:48517 [1] NCCL INFO transport/net_ib.cc:683 Ib Alloc Size 21688 pointer 0x14608401d000
x3012c0s13b1n0:44844:48517 [1] NCCL INFO transport/net_ib.cc:696 Ib Alloc Size 552 pointer 0x146084024000
x3012c0s13b1n0:44843:48357 [0] NCCL INFO Connection to proxy localRank 0 -> connection 0x1527b4000dc0
x3012c0s13b1n0:44843:48515 [0] NCCL INFO transport/p2p.cc:449 Cuda Alloc Size 6291456 pointer 0x1527bb200000
x3012c0s13b1n0:44846:48505 [3] NCCL INFO NET/IB: Dev 1 Port 1 qpn 23987 mtu 5 GID 0 (80FE/CC1100FEFF000000)
x3012c0s13b1n0:44846:48505 [3] NCCL INFO transport/net_ib.cc:653 Ib Alloc Size 552 pointer 0x15402006a000
x3012c0s13b1n0:44846:48505 [3] NCCL INFO transport/net.cc:571 Cuda Host Alloc Size 9641984 pointer 0x1540b1c00000
x3012c0s13b1n0:44845:48358 [2] NCCL INFO Connection to proxy localRank 2 -> connection 0x149688000ec0
x3012c0s13b1n0:44844:48517 [1] NCCL INFO transport/net_ib.cc:771 Ib Alloc Size 552 pointer 0x146084041000
x3012c0s13b1n0:44846:48505 [3] NCCL INFO transport/net_ib.cc:596 Ib Alloc Size 26560 pointer 0x15402006c000
x3012c0s13b1n0:44846:48505 [3] NCCL INFO NET/IB: Dev 0 Port 1 qpn 24712 mtu 5 GID 0 (80FE/8D1100FEFF000000)
x3012c0s13b1n0:44846:48505 [3] NCCL INFO transport/net_ib.cc:653 Ib Alloc Size 552 pointer 0x154020083000
x3012c0s13b1n0:44844:48517 [1] NCCL INFO transport/net.cc:698 Cuda Host Alloc Size 9641984 pointer 0x1460fc000000
x3012c0s13b1n0:44845:48524 [2] NCCL INFO transport/p2p.cc:449 Cuda Alloc Size 6291456 pointer 0x14967f200000
x3012c0s13b1n0:44846:48505 [3] NCCL INFO transport/net.cc:571 Cuda Host Alloc Size 9641984 pointer 0x1540b2600000
x3012c0s13b1n0:44844:48517 [1] NCCL INFO transport/net_ib.cc:683 Ib Alloc Size 21688 pointer 0x146084043000
x3012c0s13b1n0:44844:48517 [1] NCCL INFO transport/net_ib.cc:696 Ib Alloc Size 552 pointer 0x14608404a000
x3012c0s13b1n0:44843:48515 [0] NCCL INFO New proxy recv connection 6 from local rank 0, transport 0
x3012c0s13b1n0:44845:48524 [2] NCCL INFO New proxy recv connection 10 from local rank 2, transport 0
x3012c0s13b1n0:44846:48355 [3] NCCL INFO Connected all rings
x3012c0s13b1n0:44846:48355 [3] NCCL INFO Channel 00/0 : 7[c7000] -> 6[85000] via P2P/IPC/read
x3012c0s13b1n0:44846:48505 [3] NCCL INFO New proxy send connection 8 from local rank 3, transport 0
x3012c0s13b1n0:44844:48517 [1] NCCL INFO transport/net_ib.cc:771 Ib Alloc Size 552 pointer 0x146084065000
x3012c0s13b1n0:44844:48517 [1] NCCL INFO transport/net.cc:698 Cuda Host Alloc Size 9641984 pointer 0x1460fca00000
x3012c0s13b1n0:44843:48357 [0] NCCL INFO Connection to proxy localRank 0 -> connection 0x1527b4000e00
x3012c0s13b1n0:44843:48515 [0] NCCL INFO transport/p2p.cc:449 Cuda Alloc Size 6291456 pointer 0x1527bb800000
x3012c0s13b1n0:44844:48517 [1] NCCL INFO transport/net_ib.cc:683 Ib Alloc Size 21688 pointer 0x146084067000
x3012c0s13b1n0:44844:48517 [1] NCCL INFO transport/net_ib.cc:696 Ib Alloc Size 552 pointer 0x14608406e000
x3012c0s13b1n0:44845:48358 [2] NCCL INFO Connection to proxy localRank 2 -> connection 0x149688000f00
x3012c0s13b1n0:44846:48355 [3] NCCL INFO Connection to proxy localRank 3 -> connection 0x154020000e80
x3012c0s13b1n0:44846:48505 [3] NCCL INFO transport/p2p.cc:430 Cuda Alloc Size 6291456 pointer 0x1540b7400000
x3012c0s13b1n0:44844:48517 [1] NCCL INFO transport/net_ib.cc:771 Ib Alloc Size 552 pointer 0x146084089000
x3012c0s13b1n0:44844:48517 [1] NCCL INFO transport/net.cc:698 Cuda Host Alloc Size 9641984 pointer 0x14607e000000
x3012c0s13b1n0:44843:48515 [0] NCCL INFO New proxy recv connection 7 from local rank 0, transport 0
x3012c0s13b1n0:44845:48524 [2] NCCL INFO transport/p2p.cc:449 Cuda Alloc Size 6291456 pointer 0x14967f800000
x3012c0s13b1n0:44845:48524 [2] NCCL INFO New proxy recv connection 11 from local rank 2, transport 0
x3012c0s13b1n0:44846:48355 [3] NCCL INFO Channel 01/0 : 7[c7000] -> 6[85000] via P2P/IPC/read
x3012c0s13b1n0:44846:48505 [3] NCCL INFO New proxy send connection 9 from local rank 3, transport 0
x3012c0s13b1n0:44844:48517 [1] NCCL INFO transport/net_ib.cc:683 Ib Alloc Size 21688 pointer 0x14608408b000
x3012c0s13b1n0:44844:48517 [1] NCCL INFO transport/net_ib.cc:696 Ib Alloc Size 552 pointer 0x146084092000
x3012c0s13b1n0:44846:48355 [3] NCCL INFO Connection to proxy localRank 3 -> connection 0x154020000ec0
x3012c0s13b1n0:44846:48505 [3] NCCL INFO transport/p2p.cc:430 Cuda Alloc Size 6291456 pointer 0x1540b7a00000
x3012c0s13b1n0:44843:48357 [0] NCCL INFO Connection to proxy localRank 0 -> connection 0x1527b4000e40
x3012c0s13b1n0:44843:48515 [0] NCCL INFO transport/p2p.cc:449 Cuda Alloc Size 6291456 pointer 0x1527b2000000
x3012c0s13b1n0:44844:48517 [1] NCCL INFO transport/net_ib.cc:771 Ib Alloc Size 552 pointer 0x1460840ad000
x3012c0s13b1n0:44844:48517 [1] NCCL INFO transport/net.cc:698 Cuda Host Alloc Size 9641984 pointer 0x14607ea00000
x3012c0s13b1n0:44845:48358 [2] NCCL INFO Connection to proxy localRank 2 -> connection 0x149688000f40
x3012c0s13b1n0:44845:48524 [2] NCCL INFO transport/p2p.cc:449 Cuda Alloc Size 6291456 pointer 0x14967c000000
x3012c0s13b1n0:44844:48356 [1] NCCL INFO Channel 00/0 : 5[46000] -> 4[7000] via P2P/IPC/read
x3012c0s13b1n0:44844:48517 [1] NCCL INFO New proxy send connection 4 from local rank 1, transport 0
x3012c0s13b1n0:44844:48356 [1] NCCL INFO Connection to proxy localRank 1 -> connection 0x146084000d80
x3012c0s13b1n0:44846:48355 [3] NCCL INFO Channel 02/0 : 7[c7000] -> 6[85000] via P2P/IPC/read
x3012c0s13b1n0:44846:48505 [3] NCCL INFO New proxy send connection 10 from local rank 3, transport 0
x3012c0s13b1n0:44846:48355 [3] NCCL INFO Connection to proxy localRank 3 -> connection 0x154020000f00
x3012c0s13b1n0:44844:48517 [1] NCCL INFO transport/p2p.cc:430 Cuda Alloc Size 6291456 pointer 0x14607f400000
x3012c0s13b1n0:44846:48505 [3] NCCL INFO transport/p2p.cc:430 Cuda Alloc Size 6291456 pointer 0x1540c3800000
x3012c0s13b1n0:44846:48355 [3] NCCL INFO Channel 03/0 : 7[c7000] -> 6[85000] via P2P/IPC/read
x3012c0s13b1n0:44846:48505 [3] NCCL INFO New proxy send connection 11 from local rank 3, transport 0
x3012c0s13b1n0:44844:48356 [1] NCCL INFO Channel 01/0 : 5[46000] -> 4[7000] via P2P/IPC/read
x3012c0s13b1n0:44844:48517 [1] NCCL INFO New proxy send connection 5 from local rank 1, transport 0
x3012c0s13b1n0:44846:48355 [3] NCCL INFO Connection to proxy localRank 3 -> connection 0x154020000f40
x3012c0s13b1n0:44846:48505 [3] NCCL INFO transport/p2p.cc:430 Cuda Alloc Size 6291456 pointer 0x15401e000000
x3012c0s13b1n0:44844:48356 [1] NCCL INFO Connection to proxy localRank 1 -> connection 0x146084000dc0
x3012c0s13b1n0:44844:48517 [1] NCCL INFO transport/p2p.cc:430 Cuda Alloc Size 6291456 pointer 0x14607fa00000
x3012c0s13b1n0:44844:48356 [1] NCCL INFO Channel 02/0 : 5[46000] -> 4[7000] via P2P/IPC/read
x3012c0s13b1n0:44844:48517 [1] NCCL INFO New proxy send connection 6 from local rank 1, transport 0
x3012c0s13b1n0:44844:48356 [1] NCCL INFO Connection to proxy localRank 1 -> connection 0x146084000e00
x3012c0s13b1n0:44844:48517 [1] NCCL INFO transport/p2p.cc:430 Cuda Alloc Size 6291456 pointer 0x1460b9a00000
x3012c0s13b1n0:44844:48356 [1] NCCL INFO Channel 03/0 : 5[46000] -> 4[7000] via P2P/IPC/read
x3012c0s13b1n0:44844:48517 [1] NCCL INFO New proxy send connection 7 from local rank 1, transport 0
x3012c0s13b1n0:44844:48356 [1] NCCL INFO Connection to proxy localRank 1 -> connection 0x146084000e40
x3012c0s13b1n0:44844:48517 [1] NCCL INFO transport/p2p.cc:430 Cuda Alloc Size 6291456 pointer 0x1460fd400000
x3012c0s13b1n0:44844:48356 [1] NCCL INFO Connected all rings
x3012c0s13b1n0:44843:48357 [0] NCCL INFO Connected all rings
x3012c0s13b1n0:44843:48357 [0] NCCL INFO Channel 00/0 : 4[7000] -> 5[46000] via P2P/IPC/read
x3012c0s13b1n0:44843:48515 [0] NCCL INFO New proxy send connection 8 from local rank 0, transport 0
x3012c0s13b1n0:44844:48517 [1] NCCL INFO New proxy recv connection 8 from local rank 1, transport 0
x3012c0s13b1n0:44843:48357 [0] NCCL INFO Connection to proxy localRank 0 -> connection 0x1527b4000e80
x3012c0s13b1n0:44843:48515 [0] NCCL INFO transport/p2p.cc:430 Cuda Alloc Size 6291456 pointer 0x1527b0000000
x3012c0s13b1n0:44844:48356 [1] NCCL INFO Connection to proxy localRank 1 -> connection 0x146084000e80
x3012c0s13b1n0:44844:48517 [1] NCCL INFO transport/p2p.cc:449 Cuda Alloc Size 6291456 pointer 0x146077800000
x3012c0s13b1n0:44843:48357 [0] NCCL INFO Channel 01/0 : 4[7000] -> 5[46000] via P2P/IPC/read
x3012c0s13b1n0:44843:48515 [0] NCCL INFO New proxy send connection 9 from local rank 0, transport 0
x3012c0s13b1n0:44844:48517 [1] NCCL INFO New proxy recv connection 9 from local rank 1, transport 0
x3012c0s13b1n0:44843:48357 [0] NCCL INFO Connection to proxy localRank 0 -> connection 0x1527b4000ec0
x3012c0s13b1n0:44844:48356 [1] NCCL INFO Connection to proxy localRank 1 -> connection 0x146084000ec0
x3012c0s13b1n0:44844:48517 [1] NCCL INFO transport/p2p.cc:449 Cuda Alloc Size 6291456 pointer 0x146074000000
x3012c0s13b1n0:44843:48515 [0] NCCL INFO transport/p2p.cc:430 Cuda Alloc Size 6291456 pointer 0x1527b0600000
x3012c0s13b1n0:44843:48357 [0] NCCL INFO Channel 02/0 : 4[7000] -> 5[46000] via P2P/IPC/read
x3012c0s13b1n0:44843:48515 [0] NCCL INFO New proxy send connection 10 from local rank 0, transport 0
x3012c0s13b1n0:44844:48517 [1] NCCL INFO New proxy recv connection 10 from local rank 1, transport 0
x3012c0s13b1n0:44843:48357 [0] NCCL INFO Connection to proxy localRank 0 -> connection 0x1527b4000f00
x3012c0s13b1n0:44843:48515 [0] NCCL INFO transport/p2p.cc:430 Cuda Alloc Size 6291456 pointer 0x1527b0c00000
x3012c0s13b1n0:44843:48357 [0] NCCL INFO Channel 03/0 : 4[7000] -> 5[46000] via P2P/IPC/read
x3012c0s13b1n0:44844:48356 [1] NCCL INFO Connection to proxy localRank 1 -> connection 0x146084000f00
x3012c0s13b1n0:44844:48517 [1] NCCL INFO transport/p2p.cc:449 Cuda Alloc Size 6291456 pointer 0x146074600000
x3012c0s13b1n0:44843:48515 [0] NCCL INFO New proxy send connection 11 from local rank 0, transport 0
x3012c0s13b1n0:44844:48517 [1] NCCL INFO New proxy recv connection 11 from local rank 1, transport 0
x3012c0s13b1n0:44843:48357 [0] NCCL INFO Connection to proxy localRank 0 -> connection 0x1527b4000f40
x3012c0s13b1n0:44843:48515 [0] NCCL INFO transport/p2p.cc:430 Cuda Alloc Size 6291456 pointer 0x1527b1200000
x3012c0s13b1n0:44844:48356 [1] NCCL INFO Connection to proxy localRank 1 -> connection 0x146084000f40
x3012c0s13b1n0:44844:48517 [1] NCCL INFO transport/p2p.cc:449 Cuda Alloc Size 6291456 pointer 0x146074c00000
x3012c0s13b1n0:44844:48356 [1] NCCL INFO Channel 00/0 : 5[46000] -> 6[85000] via P2P/IPC/read
x3012c0s13b1n0:44844:48517 [1] NCCL INFO New proxy send connection 12 from local rank 1, transport 0
x3012c0s13b1n0:44844:48356 [1] NCCL INFO Connection to proxy localRank 1 -> connection 0x146084000f80
x3012c0s13b1n0:44844:48517 [1] NCCL INFO transport/p2p.cc:430 Cuda Alloc Size 6291456 pointer 0x146075200000
x3012c0s13b1n0:44844:48356 [1] NCCL INFO Channel 01/0 : 5[46000] -> 6[85000] via P2P/IPC/read
x3012c0s13b1n0:44844:48517 [1] NCCL INFO New proxy send connection 13 from local rank 1, transport 0
x3012c0s13b1n0:44844:48356 [1] NCCL INFO Connection to proxy localRank 1 -> connection 0x146084000fc0
x3012c0s13b1n0:44844:48517 [1] NCCL INFO transport/p2p.cc:430 Cuda Alloc Size 6291456 pointer 0x146075800000
x3012c0s13b1n0:44844:48356 [1] NCCL INFO Channel 02/0 : 5[46000] -> 6[85000] via P2P/IPC/read
x3012c0s13b1n0:44844:48517 [1] NCCL INFO New proxy send connection 14 from local rank 1, transport 0
x3012c0s13b1n0:44844:48356 [1] NCCL INFO Connection to proxy localRank 1 -> connection 0x146084001000
x3012c0s13b1n0:44844:48517 [1] NCCL INFO transport/p2p.cc:430 Cuda Alloc Size 6291456 pointer 0x146072000000
x3012c0s13b1n0:44844:48356 [1] NCCL INFO Channel 03/0 : 5[46000] -> 6[85000] via P2P/IPC/read
x3012c0s13b1n0:44844:48517 [1] NCCL INFO New proxy send connection 15 from local rank 1, transport 0
x3012c0s13b1n0:44844:48356 [1] NCCL INFO Connection to proxy localRank 1 -> connection 0x146084001040
x3012c0s13b1n0:44844:48517 [1] NCCL INFO transport/p2p.cc:430 Cuda Alloc Size 6291456 pointer 0x146072600000
x3012c0s13b1n0:44845:48524 [2] NCCL INFO New proxy recv connection 12 from local rank 2, transport 0
x3012c0s13b1n0:44845:48358 [2] NCCL INFO Connection to proxy localRank 2 -> connection 0x149688000f80
x3012c0s13b1n0:44845:48524 [2] NCCL INFO transport/p2p.cc:449 Cuda Alloc Size 6291456 pointer 0x14967a000000
x3012c0s13b1n0:44844:48517 [1] NCCL INFO New proxy recv connection 16 from local rank 1, transport 0
x3012c0s13b1n0:44845:48524 [2] NCCL INFO New proxy recv connection 13 from local rank 2, transport 0
x3012c0s13b1n0:44843:48357 [0] NCCL INFO GPU Direct RDMA Disabled for GPU 7000 / HCA 1 (distance 7 > 4)
x3012c0s13b1n0:44843:48515 [0] NCCL INFO Allocated 4194656 bytes of shared memory in /dev/shm/nccl-3MQkY1

x3012c0s13b1n0:44843:48515 [0] NCCL INFO New proxy recv connection 12 from local rank 0, transport 2
x3012c0s13b1n0:44843:48357 [0] NCCL INFO Connection to proxy localRank 0 -> connection 0x1527b4000f80
x3012c0s13b1n0:44845:48358 [2] NCCL INFO Connection to proxy localRank 2 -> connection 0x149688000fc0
x3012c0s13b1n0:44845:48524 [2] NCCL INFO transport/p2p.cc:449 Cuda Alloc Size 6291456 pointer 0x14967a600000
x3012c0s13b1n0:44844:48356 [1] NCCL INFO Connection to proxy localRank 1 -> connection 0x146084001080
x3012c0s13b1n0:44844:48517 [1] NCCL INFO transport/p2p.cc:449 Cuda Alloc Size 6291456 pointer 0x14606e000000
x3012c0s13b1n0:44843:48357 [0] NCCL INFO Channel 02/0 : 0[7000] -> 4[7000] [receive] via NET/IB/1
x3012c0s13b1n0:44843:48357 [0] NCCL INFO GPU Direct RDMA Disabled for GPU 7000 / HCA 0 (distance 7 > 4)
x3012c0s13b1n0:44843:48515 [0] NCCL INFO New proxy recv connection 13 from local rank 0, transport 2
x3012c0s13b1n0:44845:48524 [2] NCCL INFO New proxy recv connection 14 from local rank 2, transport 0
x3012c0s13b1n0:44844:48517 [1] NCCL INFO New proxy recv connection 17 from local rank 1, transport 0
x3012c0s13b1n0:44843:48357 [0] NCCL INFO Connection to proxy localRank 0 -> connection 0x1527b4000fc0
x3012c0s13b1n0:44845:48358 [2] NCCL INFO Connection to proxy localRank 2 -> connection 0x149688001000
x3012c0s13b1n0:44845:48524 [2] NCCL INFO transport/p2p.cc:449 Cuda Alloc Size 6291456 pointer 0x14967ac00000
x3012c0s13b1n0:44844:48356 [1] NCCL INFO Connection to proxy localRank 1 -> connection 0x1460840010c0
x3012c0s13b1n0:44844:48517 [1] NCCL INFO transport/p2p.cc:449 Cuda Alloc Size 6291456 pointer 0x14606e600000
x3012c0s13b1n0:44843:48357 [0] NCCL INFO Channel 03/0 : 0[7000] -> 4[7000] [receive] via NET/IB/0
x3012c0s13b1n0:44845:48524 [2] NCCL INFO New proxy recv connection 15 from local rank 2, transport 0
x3012c0s13b1n0:44845:48358 [2] NCCL INFO Connection to proxy localRank 2 -> connection 0x149688001040
x3012c0s13b1n0:44844:48517 [1] NCCL INFO New proxy recv connection 18 from local rank 1, transport 0
x3012c0s13b1n0:44845:48524 [2] NCCL INFO transport/p2p.cc:449 Cuda Alloc Size 6291456 pointer 0x14967b200000
x3012c0s13b1n0:44845:48358 [2] NCCL INFO Channel 00/0 : 6[85000] -> 5[46000] via P2P/IPC/read
x3012c0s13b1n0:44845:48524 [2] NCCL INFO New proxy send connection 16 from local rank 2, transport 0
x3012c0s13b1n0:44844:48356 [1] NCCL INFO Connection to proxy localRank 1 -> connection 0x146084001100
x3012c0s13b1n0:44844:48517 [1] NCCL INFO transport/p2p.cc:449 Cuda Alloc Size 6291456 pointer 0x14606ec00000
x3012c0s13b1n0:44843:48515 [0] NCCL INFO transport/net_ib.cc:683 Ib Alloc Size 21688 pointer 0x1527b401b000
x3012c0s13b1n0:44843:48515 [0] NCCL INFO transport/net_ib.cc:696 Ib Alloc Size 552 pointer 0x1527b4022000
x3012c0s13b1n0:44845:48358 [2] NCCL INFO Connection to proxy localRank 2 -> connection 0x149688001080
x3012c0s13b1n0:44845:48524 [2] NCCL INFO transport/p2p.cc:430 Cuda Alloc Size 6291456 pointer 0x14967b800000
x3012c0s13b1n0:44845:48358 [2] NCCL INFO Channel 01/0 : 6[85000] -> 5[46000] via P2P/IPC/read
x3012c0s13b1n0:44844:48517 [1] NCCL INFO New proxy recv connection 19 from local rank 1, transport 0
x3012c0s13b1n0:44845:48524 [2] NCCL INFO New proxy send connection 17 from local rank 2, transport 0
x3012c0s13b1n0:44843:48515 [0] NCCL INFO transport/net_ib.cc:771 Ib Alloc Size 552 pointer 0x1527b403f000
x3012c0s13b1n0:44843:48515 [0] NCCL INFO transport/net.cc:698 Cuda Host Alloc Size 9641984 pointer 0x1527af200000
x3012c0s13b1n0:44843:48515 [0] NCCL INFO transport/net_ib.cc:683 Ib Alloc Size 21688 pointer 0x1527b4041000
x3012c0s13b1n0:44843:48515 [0] NCCL INFO transport/net_ib.cc:696 Ib Alloc Size 552 pointer 0x1527b4048000
x3012c0s13b1n0:44843:48515 [0] NCCL INFO transport/net_ib.cc:771 Ib Alloc Size 552 pointer 0x1527b4064000
x3012c0s13b1n0:44843:48515 [0] NCCL INFO transport/net.cc:698 Cuda Host Alloc Size 9641984 pointer 0x1527a6000000
x3012c0s13b1n0:44844:48356 [1] NCCL INFO Connection to proxy localRank 1 -> connection 0x146084001140
x3012c0s13b1n0:44844:48517 [1] NCCL INFO transport/p2p.cc:449 Cuda Alloc Size 6291456 pointer 0x14606f200000
x3012c0s13b1n0:44845:48358 [2] NCCL INFO Connection to proxy localRank 2 -> connection 0x1496880010c0
x3012c0s13b1n0:44845:48524 [2] NCCL INFO transport/p2p.cc:430 Cuda Alloc Size 6291456 pointer 0x149678000000
x3012c0s13b1n0:44845:48358 [2] NCCL INFO Channel 02/0 : 6[85000] -> 5[46000] via P2P/IPC/read
x3012c0s13b1n0:44843:48357 [0] NCCL INFO GPU Direct RDMA Disabled for GPU 7000 / HCA 1 (distance 7 > 4)
x3012c0s13b1n0:44843:48515 [0] NCCL INFO New proxy send connection 14 from local rank 0, transport 2
x3012c0s13b1n0:44845:48524 [2] NCCL INFO New proxy send connection 18 from local rank 2, transport 0
x3012c0s13b1n0:44843:48357 [0] NCCL INFO Connection to proxy localRank 0 -> connection 0x1527b4001000
x3012c0s13b1n0:44843:48357 [0] NCCL INFO Channel 00/0 : 4[7000] -> 9[46000] [send] via NET/IB/1
x3012c0s13b1n0:44843:48357 [0] NCCL INFO GPU Direct RDMA Disabled for GPU 7000 / HCA 0 (distance 7 > 4)
x3012c0s13b1n0:44843:48515 [0] NCCL INFO New proxy send connection 15 from local rank 0, transport 2
x3012c0s13b1n0:44843:48357 [0] NCCL INFO Connection to proxy localRank 0 -> connection 0x1527b4001040
x3012c0s13b1n0:44843:48357 [0] NCCL INFO Channel 01/0 : 4[7000] -> 9[46000] [send] via NET/IB/0
x3012c0s13b1n0:44843:48515 [0] NCCL INFO transport/net_ib.cc:596 Ib Alloc Size 26560 pointer 0x1527b4070000
x3012c0s13b1n0:44845:48358 [2] NCCL INFO Connection to proxy localRank 2 -> connection 0x149688001100
x3012c0s13b1n0:44845:48524 [2] NCCL INFO transport/p2p.cc:430 Cuda Alloc Size 6291456 pointer 0x149678600000
x3012c0s13b1n0:44843:48515 [0] NCCL INFO NET/IB: Dev 1 Port 1 qpn 23994 mtu 5 GID 0 (80FE/CC1100FEFF000000)
x3012c0s13b1n0:44843:48515 [0] NCCL INFO transport/net_ib.cc:653 Ib Alloc Size 552 pointer 0x1527b4087000
x3012c0s13b1n0:44843:48515 [0] NCCL INFO transport/net.cc:571 Cuda Host Alloc Size 9641984 pointer 0x1527a6a00000
x3012c0s13b1n0:44843:48515 [0] NCCL INFO transport/net_ib.cc:596 Ib Alloc Size 26560 pointer 0x1527b4089000
x3012c0s13b1n0:44845:48358 [2] NCCL INFO Channel 03/0 : 6[85000] -> 5[46000] via P2P/IPC/read
x3012c0s13b1n0:44845:48524 [2] NCCL INFO New proxy send connection 19 from local rank 2, transport 0
x3012c0s13b1n0:44843:48515 [0] NCCL INFO NET/IB: Dev 0 Port 1 qpn 24719 mtu 5 GID 0 (80FE/8D1100FEFF000000)
x3012c0s13b1n0:44843:48515 [0] NCCL INFO transport/net_ib.cc:653 Ib Alloc Size 552 pointer 0x1527b40a0000
x3012c0s13b1n0:44843:48515 [0] NCCL INFO transport/net.cc:571 Cuda Host Alloc Size 9641984 pointer 0x1527a7400000
x3012c0s13b1n0:44843:48357 [0] NCCL INFO GPU Direct RDMA Disabled for GPU 7000 / HCA 1 (distance 7 > 4)
x3012c0s13b1n0:44843:48515 [0] NCCL INFO New proxy recv connection 16 from local rank 0, transport 2
x3012c0s13b1n0:44845:48358 [2] NCCL INFO Connection to proxy localRank 2 -> connection 0x149688001140
x3012c0s13b1n0:44845:48524 [2] NCCL INFO transport/p2p.cc:430 Cuda Alloc Size 6291456 pointer 0x149678c00000
x3012c0s13b1n0:44843:48357 [0] NCCL INFO Connection to proxy localRank 0 -> connection 0x1527b4001080
x3012c0s13b1n0:44843:48357 [0] NCCL INFO Channel 00/0 : 9[46000] -> 4[7000] [receive] via NET/IB/1
x3012c0s13b1n0:44843:48357 [0] NCCL INFO GPU Direct RDMA Disabled for GPU 7000 / HCA 0 (distance 7 > 4)
x3012c0s13b1n0:44846:48355 [3] NCCL INFO Connected all trees by HAO
x3012c0s13b1n0:44846:48355 [3] NCCL INFO threadThresholds 8/8/64 | 160/8/64 | 512 | 512
x3012c0s13b1n0:44846:48355 [3] NCCL INFO 4 coll channels, 4 p2p channels, 2 p2p channels per peer
x3012c0s13b1n0:44846:48505 [3] NCCL INFO New proxy send connection 12 from local rank 3, transport 2
x3012c0s13b1n0:44845:48358 [2] NCCL INFO Connected all trees by HAO
x3012c0s13b1n0:44845:48358 [2] NCCL INFO threadThresholds 8/8/64 | 160/8/64 | 512 | 512
x3012c0s13b1n0:44845:48358 [2] NCCL INFO 4 coll channels, 4 p2p channels, 2 p2p channels per peer
x3012c0s13b1n0:44845:48524 [2] NCCL INFO Allocated 4194656 bytes of shared memory in /dev/shm/nccl-t6Xh2a

x3012c0s13b1n0:44845:48524 [2] NCCL INFO New proxy send connection 20 from local rank 2, transport 2
x3012c0s13b1n0:44843:48515 [0] NCCL INFO New proxy recv connection 17 from local rank 0, transport 2
x3012c0s13b1n0:44844:48356 [1] NCCL INFO Connected all trees by HAO
x3012c0s13b1n0:44844:48356 [1] NCCL INFO threadThresholds 8/8/64 | 160/8/64 | 512 | 512
x3012c0s13b1n0:44844:48356 [1] NCCL INFO 4 coll channels, 4 p2p channels, 2 p2p channels per peer
x3012c0s13b1n0:44844:48517 [1] NCCL INFO New proxy send connection 20 from local rank 1, transport 2
x3012c0s13b1n0:44846:48355 [3] NCCL INFO Connection to proxy localRank 3 -> connection 0x154020000f80
x3012c0s13b1n0:44846:48505 [3] NCCL INFO transport/net.cc:376 Cuda Alloc Size 8388608 pointer 0x15401c000000
x3012c0s13b1n0:44845:48358 [2] NCCL INFO Connection to proxy localRank 2 -> connection 0x149688001180
x3012c0s13b1n0:44845:48524 [2] NCCL INFO transport/net.cc:376 Cuda Alloc Size 8388608 pointer 0x149674600000
x3012c0s13b1n0:44843:48357 [0] NCCL INFO Connection to proxy localRank 0 -> connection 0x1527b40010c0
x3012c0s13b1n0:44843:48357 [0] NCCL INFO Channel 01/0 : 9[46000] -> 4[7000] [receive] via NET/IB/0
x3012c0s13b1n0:44843:48515 [0] NCCL INFO transport/net_ib.cc:683 Ib Alloc Size 21688 pointer 0x1527b40ac000
x3012c0s13b1n0:44843:48515 [0] NCCL INFO transport/net_ib.cc:696 Ib Alloc Size 552 pointer 0x1527b40b3000
x3012c0s13b1n0:44844:48356 [1] NCCL INFO Connection to proxy localRank 1 -> connection 0x146084001180
x3012c0s13b1n0:44844:48517 [1] NCCL INFO transport/net.cc:376 Cuda Alloc Size 8388608 pointer 0x14606d200000
x3012c0s13b1n0:44843:48515 [0] NCCL INFO transport/net_ib.cc:771 Ib Alloc Size 552 pointer 0x1527b40ce000
x3012c0s13b1n0:44843:48515 [0] NCCL INFO transport/net.cc:698 Cuda Host Alloc Size 9641984 pointer 0x1527a4000000
x3012c0s13b1n0:44843:48515 [0] NCCL INFO transport/net_ib.cc:683 Ib Alloc Size 21688 pointer 0x1527b40d0000
x3012c0s13b1n0:44843:48515 [0] NCCL INFO transport/net_ib.cc:696 Ib Alloc Size 552 pointer 0x1527b40d7000
x3012c0s13b1n0:44843:48515 [0] NCCL INFO transport/net_ib.cc:771 Ib Alloc Size 552 pointer 0x1527b40f2000
x3012c0s13b1n0:44843:48515 [0] NCCL INFO transport/net.cc:698 Cuda Host Alloc Size 9641984 pointer 0x1527a4a00000
x3012c0s13b1n0:44843:48357 [0] NCCL INFO GPU Direct RDMA Disabled for GPU 7000 / HCA 1 (distance 7 > 4)
x3012c0s13b1n0:44843:48515 [0] NCCL INFO New proxy send connection 18 from local rank 0, transport 2
x3012c0s13b1n0:44843:48357 [0] NCCL INFO Connection to proxy localRank 0 -> connection 0x1527b4001100
x3012c0s13b1n0:44843:48357 [0] NCCL INFO Channel 02/0 : 4[7000] -> 0[7000] [send] via NET/IB/1
x3012c0s13b1n0:44843:48357 [0] NCCL INFO GPU Direct RDMA Disabled for GPU 7000 / HCA 0 (distance 7 > 4)
x3012c0s13b1n0:44843:48515 [0] NCCL INFO New proxy send connection 19 from local rank 0, transport 2
x3012c0s13b1n0:44843:48357 [0] NCCL INFO Connection to proxy localRank 0 -> connection 0x1527b4001140
x3012c0s13b1n0:44843:48357 [0] NCCL INFO Channel 03/0 : 4[7000] -> 0[7000] [send] via NET/IB/0
x3012c0s13b1n0:44843:48515 [0] NCCL INFO transport/net_ib.cc:596 Ib Alloc Size 26560 pointer 0x1527b40fe000
x3012c0s13b1n0:44843:48515 [0] NCCL INFO NET/IB: Dev 1 Port 1 qpn 23997 mtu 5 GID 0 (80FE/CC1100FEFF000000)
x3012c0s13b1n0:44843:48515 [0] NCCL INFO transport/net_ib.cc:653 Ib Alloc Size 552 pointer 0x1527b4115000
x3012c0s13b1n0:44843:48515 [0] NCCL INFO transport/net.cc:571 Cuda Host Alloc Size 9641984 pointer 0x1527a5400000
x3012c0s13b1n0:44843:48515 [0] NCCL INFO transport/net_ib.cc:596 Ib Alloc Size 26560 pointer 0x1527b4117000
x3012c0s13b1n0:44843:48515 [0] NCCL INFO NET/IB: Dev 0 Port 1 qpn 24722 mtu 5 GID 0 (80FE/8D1100FEFF000000)
x3012c0s13b1n0:44843:48515 [0] NCCL INFO transport/net_ib.cc:653 Ib Alloc Size 552 pointer 0x1527b412e000
x3012c0s13b1n0:44843:48515 [0] NCCL INFO transport/net.cc:571 Cuda Host Alloc Size 9641984 pointer 0x1527a2000000
x3012c0s13b1n0:44843:48357 [0] NCCL INFO Connected all trees by HAO
x3012c0s13b1n0:44843:48357 [0] NCCL INFO threadThresholds 8/8/64 | 160/8/64 | 512 | 512
x3012c0s13b1n0:44843:48357 [0] NCCL INFO 4 coll channels, 4 p2p channels, 2 p2p channels per peer
x3012c0s13b1n0:44843:48515 [0] NCCL INFO New proxy send connection 20 from local rank 0, transport 2
x3012c0s13b1n0:44843:48357 [0] NCCL INFO Connection to proxy localRank 0 -> connection 0x1527b4001180
x3012c0s13b1n0:44843:48357 [0] NCCL INFO init.cc:367 Cuda Alloc Size 5168 pointer 0x15280f81fc00
x3012c0s13b1n0:44845:48358 [2] NCCL INFO init.cc:367 Cuda Alloc Size 5168 pointer 0x1496d981fc00
x3012c0s13b1n0:44844:48356 [1] NCCL INFO init.cc:367 Cuda Alloc Size 5168 pointer 0x1460d781fc00
x3012c0s13b1n0:44846:48355 [3] NCCL INFO init.cc:367 Cuda Alloc Size 5168 pointer 0x15409fe1fc00
x3012c0s13b1n0:44846:48355 [3] NCCL INFO init.cc:392 Cuda Host Alloc Size 33554432 pointer 0x15401a000000
x3012c0s13b1n0:44846:48355 [3] NCCL INFO init.cc:398 Cuda Host Alloc Size 128 pointer 0x15409f400a00
x3012c0s13b1n0:44846:48355 [3] NCCL INFO comm 0x55919e69e250 rank 7 nranks 20 cudaDev 3 busId c7000 - Init COMPLETE
x3012c0s13b1n0:44845:48358 [2] NCCL INFO init.cc:392 Cuda Host Alloc Size 33554432 pointer 0x149672000000
x3012c0s13b1n0:44845:48358 [2] NCCL INFO init.cc:398 Cuda Host Alloc Size 128 pointer 0x1496d8e00a00
x3012c0s13b1n0:44845:48358 [2] NCCL INFO comm 0x55e29c20f870 rank 6 nranks 20 cudaDev 2 busId 85000 - Init COMPLETE
x3012c0s13b1n0:44844:48356 [1] NCCL INFO init.cc:392 Cuda Host Alloc Size 33554432 pointer 0x14606a000000
x3012c0s13b1n0:44844:48356 [1] NCCL INFO init.cc:398 Cuda Host Alloc Size 128 pointer 0x1460d6e00a00
x3012c0s13b1n0:44844:48356 [1] NCCL INFO comm 0x55c349887f90 rank 5 nranks 20 cudaDev 1 busId 46000 - Init COMPLETE
x3012c0s13b1n0:44843:48357 [0] NCCL INFO init.cc:392 Cuda Host Alloc Size 33554432 pointer 0x1527a0000000
x3012c0s13b1n0:44843:48357 [0] NCCL INFO init.cc:398 Cuda Host Alloc Size 128 pointer 0x15280ee00a00
x3012c0s13b1n0:44843:48357 [0] NCCL INFO comm 0x5603fd700bd0 rank 4 nranks 20 cudaDev 0 busId 7000 - Init COMPLETE
x3012c0s13b1n0:44843:48515 [0] NCCL INFO transport/net.cc:376 Cuda Alloc Size 8388608 pointer 0x1527a2a00000
x3012c0s13b1n0:44843:44843 [0] NCCL INFO AllReduce: opCount 0 sendbuff 0x15284f600400 recvbuff 0x15284f600400 count 1 datatype 4 op 0 root 0 comm 0x5603fd700bd0 [nranks=20] stream 0x5603fbedd0b0
x3012c0s13b1n0:44843:44843 [0] NCCL INFO misc/utils.cc:235 memory stack hunk malloc(65536)
[LYD INFO in ncclLaunchKernel (enqueue.cc)] NCHANNELS is: 4x3012c0s13b1n0:44844:44844 [1] NCCL INFO AllReduce: opCount 0 sendbuff 0x146117600400 recvbuff 0x146117600400 count 1 datatype 4 op 0 root 0 comm 0x55c349887f90 [nranks=20] stream 0x55c34789eeb0
x3012c0s13b1n0:44844:44844 [1] NCCL INFO misc/utils.cc:235 memory stack hunk malloc(65536)
[LYD INFO in ncclLaunchKernel (enqueue.cc)] NCHANNELS is: 4x3012c0s13b1n0:44845:44845 [2] NCCL INFO AllReduce: opCount 0 sendbuff 0x14971b600400 recvbuff 0x14971b600400 count 1 datatype 4 op 0 root 0 comm 0x55e29c20f870 [nranks=20] stream 0x55e29aa8ceb0
x3012c0s13b1n0:44845:44845 [2] NCCL INFO misc/utils.cc:235 memory stack hunk malloc(65536)
[LYD INFO in ncclLaunchKernel (enqueue.cc)] NCHANNELS is: 4x3012c0s13b1n0:44846:44846 [3] NCCL INFO AllReduce: opCount 0 sendbuff 0x15409b600400 recvbuff 0x15409b600400 count 1 datatype 4 op 0 root 0 comm 0x55919e69e250 [nranks=20] stream 0x55919d0eb6c0
x3012c0s13b1n0:44846:44846 [3] NCCL INFO misc/utils.cc:235 memory stack hunk malloc(65536)
[LYD INFO in ncclLaunchKernel (enqueue.cc)] NCHANNELS is: 4
[LYD INFO in NCCL_KERN_NAME (common.h)] 7 AllReduce TREE LL Sum int64_t Elapsed time: 1906167 us

[LYD INFO in NCCL_KERN_NAME (common.h)] 4 AllReduce TREE LL Sum int64_t Elapsed time: 1944786 us

[LYD INFO in NCCL_KERN_NAME (common.h)] 5 AllReduce TREE LL Sum int64_t Elapsed time: 1905834 us

[LYD INFO in NCCL_KERN_NAME (common.h)] 6 AllReduce TREE LL Sum int64_t Elapsed time: 1912899 us
[Hao INFO in ncclAllReduce (all_reduce.cc)] rank 2 ncclAllReduce: count: 1, datatype: ncclInt64, message size: 8 Bytes
x3012c0s13b1n0:44845:44845 [2] NCCL INFO AllReduce: opCount 0 sendbuff 0x14971b600400 recvbuff 0x14971b600400 count 1 datatype 4 op 0 root 0 comm 0x55e29c00a7d0 [nranks=1] stream 0x55e29aa8cd70

[LYD INFO in ncclAllReduce (all_reduce.cc)] rank 0 AllReduce Time: 0.000017000 seconds
x3012c0s13b1n0:44845:44845 [2] NCCL INFO AllReduce: opCount 1 sendbuff 0x14971b600400 recvbuff 0x14971b600400 count 1 datatype 4 op 0 root 0 comm 0x55e29c20f870 [nranks=20] stream 0x55e29aa8ceb0
[LYD INFO in ncclLaunchKernel (enqueue.cc)] NCHANNELS is: 4[Hao INFO in ncclAllReduce (all_reduce.cc)] rank 3 ncclAllReduce: count: 1, datatype: ncclInt64, message size: 8 Bytes
x3012c0s13b1n0:44846:44846 [3] NCCL INFO AllReduce: opCount 0 sendbuff 0x15409b600400 recvbuff 0x15409b600400 count 1 datatype 4 op 0 root 0 comm 0x5591a02e0d20 [nranks=1] stream 0x55919d0eb580

[LYD INFO in ncclAllReduce (all_reduce.cc)] rank 0 AllReduce Time: 0.000016000 seconds
x3012c0s13b1n0:44846:44846 [3] NCCL INFO AllReduce: opCount 1 sendbuff 0x15409b600400 recvbuff 0x15409b600400 count 1 datatype 4 op 0 root 0 comm 0x55919e69e250 [nranks=20] stream 0x55919d0eb6c0
[LYD INFO in ncclLaunchKernel (enqueue.cc)] NCHANNELS is: 4[Hao INFO in ncclAllReduce (all_reduce.cc)] rank 0 ncclAllReduce: count: 1, datatype: ncclInt64, message size: 8 Bytes
x3012c0s13b1n0:44843:44843 [0] NCCL INFO AllReduce: opCount 0 sendbuff 0x15284f600400 recvbuff 0x15284f600400 count 1 datatype 4 op 0 root 0 comm 0x5603fe029db0 [nranks=1] stream 0x5603fbedcf70

[LYD INFO in ncclAllReduce (all_reduce.cc)] rank 0 AllReduce Time: 0.000014000 seconds
x3012c0s13b1n0:44843:44843 [0] NCCL INFO AllReduce: opCount 1 sendbuff 0x15284f600400 recvbuff 0x15284f600400 count 1 datatype 4 op 0 root 0 comm 0x5603fd700bd0 [nranks=20] stream 0x5603fbedd0b0
[LYD INFO in ncclLaunchKernel (enqueue.cc)] NCHANNELS is: 4[Hao INFO in ncclAllReduce (all_reduce.cc)] rank 1 ncclAllReduce: count: 1, datatype: ncclInt64, message size: 8 Bytes
x3012c0s13b1n0:44844:44844 [1] NCCL INFO AllReduce: opCount 0 sendbuff 0x146117600400 recvbuff 0x146117600400 count 1 datatype 4 op 0 root 0 comm 0x55c34aa99b20 [nranks=1] stream 0x55c34789ed70

[LYD INFO in ncclAllReduce (all_reduce.cc)] rank 0 AllReduce Time: 0.000014000 seconds
x3012c0s13b1n0:44844:44844 [1] NCCL INFO AllReduce: opCount 1 sendbuff 0x146117600400 recvbuff 0x146117600400 count 1 datatype 4 op 0 root 0 comm 0x55c349887f90 [nranks=20] stream 0x55c34789eeb0
[LYD INFO in ncclLaunchKernel (enqueue.cc)] NCHANNELS is: 4