x3001c0s31b0n0:38122:39293 [3] NCCL INFO Connection to proxy localRank 3 -> connection 0x14c838000cc0
x3001c0s31b0n0:38121:39291 [2] NCCL INFO Channel 02/0 : 2[85000] -> 3[c7000] via P2P/IPC/read
x3001c0s31b0n0:38121:39461 [2] NCCL INFO New proxy send connection 2 from local rank 2, transport 0
x3001c0s31b0n0:38122:39434 [3] NCCL INFO transport/p2p.cc:449 Cuda Alloc Size 6291456 pointer 0x14c83e000000
x3001c0s31b0n0:38121:39291 [2] NCCL INFO Connection to proxy localRank 2 -> connection 0x14f6b8000d00
x3001c0s31b0n0:38121:39461 [2] NCCL INFO transport/p2p.cc:430 Cuda Alloc Size 6291456 pointer 0x14f6be600000
x3001c0s31b0n0:38122:39434 [3] NCCL INFO New proxy recv connection 2 from local rank 3, transport 0
x3001c0s31b0n0:38121:39291 [2] NCCL INFO Channel 03/0 : 2[85000] -> 3[c7000] via P2P/IPC/read
x3001c0s31b0n0:38121:39461 [2] NCCL INFO New proxy send connection 3 from local rank 2, transport 0
x3001c0s31b0n0:38119:39285 [0] NCCL INFO Tree 0 : -1 -> 0 -> 1/16/-1
x3001c0s31b0n0:38119:39285 [0] NCCL INFO Tree 2 : 4 -> 0 -> 1/-1/-1
x3001c0s31b0n0:38119:39285 [0] NCCL INFO Tree 1 : -1 -> 0 -> 1/16/-1
x3001c0s31b0n0:38119:39285 [0] NCCL INFO Tree 3 : 4 -> 0 -> 1/-1/-1
x3001c0s31b0n0:38119:39285 [0] NCCL INFO Channel 00/04 :    0   2   3   5   4   6   7   9   8  10  11  13  12  14  15  17  16  18  19   1
x3001c0s31b0n0:38119:39285 [0] NCCL INFO Channel 01/04 :    0   2   3   5   4   6   7   9   8  10  11  13  12  14  15  17  16  18  19   1
x3001c0s31b0n0:38119:39285 [0] NCCL INFO Channel 02/04 :    0   2   3   5   4   6   7   9   8  10  11  13  12  14  15  17  16  18  19   1
x3001c0s31b0n0:38119:39285 [0] NCCL INFO Channel 03/04 :    0   2   3   5   4   6   7   9   8  10  11  13  12  14  15  17  16  18  19   1
x3001c0s31b0n0:38119:39285 [0] NCCL INFO Ring 00 : 1 -> 0 -> 2
x3001c0s31b0n0:38119:39285 [0] NCCL INFO Ring 01 : 1 -> 0 -> 2
x3001c0s31b0n0:38119:39285 [0] NCCL INFO Ring 02 : 1 -> 0 -> 2
x3001c0s31b0n0:38119:39285 [0] NCCL INFO Ring 03 : 1 -> 0 -> 2
x3001c0s31b0n0:38119:39285 [0] NCCL INFO Trees [0] 1/16/-1->0->-1 [1] 1/16/-1->0->-1 [2] 1/-1/-1->0->4 [3] 1/-1/-1->0->4
x3001c0s31b0n0:38119:39285 [0] NCCL INFO misc/utils.cc:235 memory stack hunk malloc(65536)
x3001c0s31b0n0:38119:39285 [0] NCCL INFO channel.cc:23 Cuda Alloc Size 8064 pointer 0x15490ba00000
x3001c0s31b0n0:38119:39285 [0] NCCL INFO channel.cc:27 Cuda Alloc Size 80 pointer 0x15490ba02000
x3001c0s31b0n0:38119:39285 [0] NCCL INFO channel.cc:23 Cuda Alloc Size 8064 pointer 0x15490ba02200
x3001c0s31b0n0:38119:39285 [0] NCCL INFO channel.cc:27 Cuda Alloc Size 80 pointer 0x15490ba04200
x3001c0s31b0n0:38119:39285 [0] NCCL INFO channel.cc:23 Cuda Alloc Size 8064 pointer 0x15490ba04400
x3001c0s31b0n0:38119:39285 [0] NCCL INFO channel.cc:27 Cuda Alloc Size 80 pointer 0x15490ba06400
x3001c0s31b0n0:38119:39285 [0] NCCL INFO channel.cc:23 Cuda Alloc Size 8064 pointer 0x15490ba06600
x3001c0s31b0n0:38119:39285 [0] NCCL INFO channel.cc:27 Cuda Alloc Size 80 pointer 0x15490ba08600
x3001c0s31b0n0:38119:39285 [0] NCCL INFO Channel 00/0 : 0[7000] -> 2[85000] via P2P/IPC/read
x3001c0s31b0n0:38122:39293 [3] NCCL INFO Connection to proxy localRank 3 -> connection 0x14c838000d00
x3001c0s31b0n0:38122:39434 [3] NCCL INFO transport/p2p.cc:449 Cuda Alloc Size 6291456 pointer 0x14c83e600000
x3001c0s31b0n0:38119:39457 [0] NCCL INFO Mem Realloc old size 0, new size 8 pointer 0x1548fc000c60
x3001c0s31b0n0:38119:39457 [0] NCCL INFO New proxy send connection 0 from local rank 0, transport 0
x3001c0s31b0n0:38119:39285 [0] NCCL INFO Connection to proxy localRank 0 -> connection 0x1548fc000c80
x3001c0s31b0n0:38119:39457 [0] NCCL INFO transport/p2p.cc:430 Cuda Alloc Size 6291456 pointer 0x154902000000
x3001c0s31b0n0:38120:39294 [1] NCCL INFO Tree 0 : 0 -> 1 -> 2/-1/-1
x3001c0s31b0n0:38120:39294 [1] NCCL INFO Tree 2 : 0 -> 1 -> 2/12/-1
x3001c0s31b0n0:38120:39294 [1] NCCL INFO Tree 1 : 0 -> 1 -> 2/-1/-1
x3001c0s31b0n0:38120:39294 [1] NCCL INFO Tree 3 : 0 -> 1 -> 2/12/-1
x3001c0s31b0n0:38120:39294 [1] NCCL INFO Ring 00 : 19 -> 1 -> 0
x3001c0s31b0n0:38120:39294 [1] NCCL INFO Ring 01 : 19 -> 1 -> 0
x3001c0s31b0n0:38120:39294 [1] NCCL INFO Ring 02 : 19 -> 1 -> 0
x3001c0s31b0n0:38120:39294 [1] NCCL INFO Ring 03 : 19 -> 1 -> 0
x3001c0s31b0n0:38120:39294 [1] NCCL INFO Trees [0] 2/-1/-1->1->0 [1] 2/-1/-1->1->0 [2] 2/12/-1->1->0 [3] 2/12/-1->1->0
x3001c0s31b0n0:38120:39294 [1] NCCL INFO misc/utils.cc:235 memory stack hunk malloc(65536)
x3001c0s31b0n0:38120:39294 [1] NCCL INFO channel.cc:23 Cuda Alloc Size 8064 pointer 0x14ffb7e00000
x3001c0s31b0n0:38120:39294 [1] NCCL INFO channel.cc:27 Cuda Alloc Size 80 pointer 0x14ffb7e02000
x3001c0s31b0n0:38120:39294 [1] NCCL INFO channel.cc:23 Cuda Alloc Size 8064 pointer 0x14ffb7e02200
x3001c0s31b0n0:38120:39294 [1] NCCL INFO channel.cc:27 Cuda Alloc Size 80 pointer 0x14ffb7e04200
x3001c0s31b0n0:38120:39294 [1] NCCL INFO channel.cc:23 Cuda Alloc Size 8064 pointer 0x14ffb7e04400
x3001c0s31b0n0:38120:39294 [1] NCCL INFO channel.cc:27 Cuda Alloc Size 80 pointer 0x14ffb7e06400
x3001c0s31b0n0:38120:39294 [1] NCCL INFO channel.cc:23 Cuda Alloc Size 8064 pointer 0x14ffb7e06600
x3001c0s31b0n0:38120:39294 [1] NCCL INFO channel.cc:27 Cuda Alloc Size 80 pointer 0x14ffb7e08600
x3001c0s31b0n0:38120:39294 [1] NCCL INFO GPU Direct RDMA Disabled for GPU 46000 / HCA 1 (distance 6 > 4)
x3001c0s31b0n0:38121:39291 [2] NCCL INFO Connection to proxy localRank 2 -> connection 0x14f6b8000d40
x3001c0s31b0n0:38121:39461 [2] NCCL INFO transport/p2p.cc:430 Cuda Alloc Size 6291456 pointer 0x14f6bec00000
x3001c0s31b0n0:38120:39459 [1] NCCL INFO Mem Realloc old size 0, new size 8 pointer 0x14ff70000c60
x3001c0s31b0n0:38120:39459 [1] NCCL INFO Allocated 4194656 bytes of shared memory in /dev/shm/nccl-bQtJvD

x3001c0s31b0n0:38120:39459 [1] NCCL INFO New proxy recv connection 0 from local rank 1, transport 2
x3001c0s31b0n0:38120:39294 [1] NCCL INFO Connection to proxy localRank 1 -> connection 0x14ff70000c80
x3001c0s31b0n0:38122:39434 [3] NCCL INFO New proxy recv connection 3 from local rank 3, transport 0
x3001c0s31b0n0:38119:39285 [0] NCCL INFO Channel 01/0 : 0[7000] -> 2[85000] via P2P/IPC/read
x3001c0s31b0n0:38119:39457 [0] NCCL INFO New proxy send connection 1 from local rank 0, transport 0
x3001c0s31b0n0:38120:39294 [1] NCCL INFO Channel 00/0 : 19[c7000] -> 1[46000] [receive] via NET/IB/1
x3001c0s31b0n0:38120:39294 [1] NCCL INFO GPU Direct RDMA Disabled for GPU 46000 / HCA 0 (distance 7 > 4)
x3001c0s31b0n0:38120:39459 [1] NCCL INFO New proxy recv connection 1 from local rank 1, transport 2
x3001c0s31b0n0:38119:39285 [0] NCCL INFO Connection to proxy localRank 0 -> connection 0x1548fc000cc0
x3001c0s31b0n0:38119:39457 [0] NCCL INFO transport/p2p.cc:430 Cuda Alloc Size 6291456 pointer 0x154902600000
x3001c0s31b0n0:38122:39293 [3] NCCL INFO Connection to proxy localRank 3 -> connection 0x14c838000d40
x3001c0s31b0n0:38122:39434 [3] NCCL INFO transport/p2p.cc:449 Cuda Alloc Size 6291456 pointer 0x14c83ec00000
x3001c0s31b0n0:38122:39293 [3] NCCL INFO GPU Direct RDMA Disabled for GPU c7000 / HCA 1 (distance 7 > 4)
x3001c0s31b0n0:38121:39461 [2] NCCL INFO New proxy recv connection 4 from local rank 2, transport 0
x3001c0s31b0n0:38122:39434 [3] NCCL INFO Allocated 4194656 bytes of shared memory in /dev/shm/nccl-VMZXcO

x3001c0s31b0n0:38122:39434 [3] NCCL INFO New proxy send connection 4 from local rank 3, transport 2
x3001c0s31b0n0:38122:39293 [3] NCCL INFO Connection to proxy localRank 3 -> connection 0x14c838000d80
x3001c0s31b0n0:38122:39293 [3] NCCL INFO Channel 00/0 : 3[c7000] -> 5[46000] [send] via NET/IB/1
x3001c0s31b0n0:38122:39293 [3] NCCL INFO GPU Direct RDMA Disabled for GPU c7000 / HCA 0 (distance 6 > 4)
x3001c0s31b0n0:38122:39434 [3] NCCL INFO New proxy send connection 5 from local rank 3, transport 2
x3001c0s31b0n0:38121:39291 [2] NCCL INFO Connection to proxy localRank 2 -> connection 0x14f6b8000d80
x3001c0s31b0n0:38121:39461 [2] NCCL INFO transport/p2p.cc:449 Cuda Alloc Size 6291456 pointer 0x14f6b6c00000
x3001c0s31b0n0:38120:39294 [1] NCCL INFO Connection to proxy localRank 1 -> connection 0x14ff70000cc0
x3001c0s31b0n0:38119:39285 [0] NCCL INFO Channel 02/0 : 0[7000] -> 2[85000] via P2P/IPC/read
x3001c0s31b0n0:38119:39457 [0] NCCL INFO New proxy send connection 2 from local rank 0, transport 0
x3001c0s31b0n0:38121:39461 [2] NCCL INFO New proxy recv connection 5 from local rank 2, transport 0
x3001c0s31b0n0:38122:39293 [3] NCCL INFO Connection to proxy localRank 3 -> connection 0x14c838000dc0
x3001c0s31b0n0:38122:39293 [3] NCCL INFO Channel 01/0 : 3[c7000] -> 5[46000] [send] via NET/IB/0
x3001c0s31b0n0:38122:39293 [3] NCCL INFO GPU Direct RDMA Disabled for GPU c7000 / HCA 1 (distance 7 > 4)
x3001c0s31b0n0:38122:39434 [3] NCCL INFO New proxy send connection 6 from local rank 3, transport 2
x3001c0s31b0n0:38120:39294 [1] NCCL INFO Channel 01/0 : 19[c7000] -> 1[46000] [receive] via NET/IB/0
x3001c0s31b0n0:38120:39294 [1] NCCL INFO GPU Direct RDMA Disabled for GPU 46000 / HCA 1 (distance 6 > 4)
x3001c0s31b0n0:38120:39459 [1] NCCL INFO New proxy recv connection 2 from local rank 1, transport 2
x3001c0s31b0n0:38119:39285 [0] NCCL INFO Connection to proxy localRank 0 -> connection 0x1548fc000d00
x3001c0s31b0n0:38119:39457 [0] NCCL INFO transport/p2p.cc:430 Cuda Alloc Size 6291456 pointer 0x154902c00000
x3001c0s31b0n0:38121:39291 [2] NCCL INFO Connection to proxy localRank 2 -> connection 0x14f6b8000dc0
x3001c0s31b0n0:38121:39461 [2] NCCL INFO transport/p2p.cc:449 Cuda Alloc Size 6291456 pointer 0x14f6b7200000
x3001c0s31b0n0:38122:39293 [3] NCCL INFO Connection to proxy localRank 3 -> connection 0x14c838000e00
x3001c0s31b0n0:38122:39293 [3] NCCL INFO Channel 02/0 : 3[c7000] -> 5[46000] [send] via NET/IB/1
x3001c0s31b0n0:38122:39293 [3] NCCL INFO GPU Direct RDMA Disabled for GPU c7000 / HCA 0 (distance 6 > 4)
x3001c0s31b0n0:38122:39434 [3] NCCL INFO New proxy send connection 7 from local rank 3, transport 2
x3001c0s31b0n0:38120:39294 [1] NCCL INFO Connection to proxy localRank 1 -> connection 0x14ff70000d00
x3001c0s31b0n0:38119:39285 [0] NCCL INFO Channel 03/0 : 0[7000] -> 2[85000] via P2P/IPC/read
x3001c0s31b0n0:38119:39457 [0] NCCL INFO New proxy send connection 3 from local rank 0, transport 0
x3001c0s31b0n0:38122:39293 [3] NCCL INFO Connection to proxy localRank 3 -> connection 0x14c838000e40
x3001c0s31b0n0:38122:39293 [3] NCCL INFO Channel 03/0 : 3[c7000] -> 5[46000] [send] via NET/IB/0
x3001c0s31b0n0:38122:39434 [3] NCCL INFO transport/net_ib.cc:596 Ib Alloc Size 26560 pointer 0x14c838020000
x3001c0s31b0n0:38121:39461 [2] NCCL INFO New proxy recv connection 6 from local rank 2, transport 0
x3001c0s31b0n0:38120:39294 [1] NCCL INFO Channel 02/0 : 19[c7000] -> 1[46000] [receive] via NET/IB/1
x3001c0s31b0n0:38120:39294 [1] NCCL INFO GPU Direct RDMA Disabled for GPU 46000 / HCA 0 (distance 7 > 4)
x3001c0s31b0n0:38120:39459 [1] NCCL INFO New proxy recv connection 3 from local rank 1, transport 2
x3001c0s31b0n0:38122:39434 [3] NCCL INFO NET/IB: Dev 1 Port 1 qpn 42269 mtu 5 GID 0 (80FE/5B0000FEFF000000)
x3001c0s31b0n0:38122:39434 [3] NCCL INFO transport/net_ib.cc:653 Ib Alloc Size 552 pointer 0x14c838042000
x3001c0s31b0n0:38122:39434 [3] NCCL INFO transport/net.cc:571 Cuda Host Alloc Size 9641984 pointer 0x14c836c00000
x3001c0s31b0n0:38122:39434 [3] NCCL INFO Mem Realloc old size 0, new size 768 pointer 0x14c83802f0a0
x3001c0s31b0n0:38119:39285 [0] NCCL INFO Connection to proxy localRank 0 -> connection 0x1548fc000d40
x3001c0s31b0n0:38119:39457 [0] NCCL INFO transport/p2p.cc:430 Cuda Alloc Size 6291456 pointer 0x154903200000
x3001c0s31b0n0:38122:39434 [3] NCCL INFO transport/net_ib.cc:596 Ib Alloc Size 26560 pointer 0x14c838044000
x3001c0s31b0n0:38121:39291 [2] NCCL INFO Connection to proxy localRank 2 -> connection 0x14f6b8000e00
x3001c0s31b0n0:38121:39461 [2] NCCL INFO transport/p2p.cc:449 Cuda Alloc Size 6291456 pointer 0x14f6b7800000
x3001c0s31b0n0:38122:39434 [3] NCCL INFO NET/IB: Dev 0 Port 1 qpn 42805 mtu 5 GID 0 (80FE/1E0000FEFF000000)
x3001c0s31b0n0:38122:39434 [3] NCCL INFO transport/net_ib.cc:653 Ib Alloc Size 552 pointer 0x14c838065000
x3001c0s31b0n0:38122:39434 [3] NCCL INFO transport/net.cc:571 Cuda Host Alloc Size 9641984 pointer 0x14c837600000
x3001c0s31b0n0:38122:39434 [3] NCCL INFO Mem Realloc old size 0, new size 768 pointer 0x14c8380521f0
x3001c0s31b0n0:38120:39294 [1] NCCL INFO Connection to proxy localRank 1 -> connection 0x14ff70000d40
x3001c0s31b0n0:38122:39434 [3] NCCL INFO transport/net_ib.cc:596 Ib Alloc Size 26560 pointer 0x14c838067000
x3001c0s31b0n0:38121:39461 [2] NCCL INFO New proxy recv connection 7 from local rank 2, transport 0
x3001c0s31b0n0:38120:39294 [1] NCCL INFO Channel 03/0 : 19[c7000] -> 1[46000] [receive] via NET/IB/0
x3001c0s31b0n0:38122:39434 [3] NCCL INFO NET/IB: Dev 1 Port 1 qpn 42270 mtu 5 GID 0 (80FE/5B0000FEFF000000)
x3001c0s31b0n0:38122:39434 [3] NCCL INFO transport/net_ib.cc:653 Ib Alloc Size 552 pointer 0x14c83807e000
x3001c0s31b0n0:38122:39434 [3] NCCL INFO transport/net.cc:571 Cuda Host Alloc Size 9641984 pointer 0x14c82e000000
x3001c0s31b0n0:38121:39291 [2] NCCL INFO Connection to proxy localRank 2 -> connection 0x14f6b8000e40
x3001c0s31b0n0:38121:39461 [2] NCCL INFO transport/p2p.cc:449 Cuda Alloc Size 6291456 pointer 0x14f6b4000000
x3001c0s31b0n0:38122:39434 [3] NCCL INFO transport/net_ib.cc:596 Ib Alloc Size 26560 pointer 0x14c838080000
x3001c0s31b0n0:38122:39434 [3] NCCL INFO NET/IB: Dev 0 Port 1 qpn 42806 mtu 5 GID 0 (80FE/1E0000FEFF000000)
x3001c0s31b0n0:38122:39434 [3] NCCL INFO transport/net_ib.cc:653 Ib Alloc Size 552 pointer 0x14c838097000
x3001c0s31b0n0:38122:39434 [3] NCCL INFO transport/net.cc:571 Cuda Host Alloc Size 9641984 pointer 0x14c82ea00000
x3001c0s31b0n0:38121:39291 [2] NCCL INFO Connected all rings
x3001c0s31b0n0:38121:39461 [2] NCCL INFO New proxy recv connection 8 from local rank 2, transport 0
x3001c0s31b0n0:38119:39457 [0] NCCL INFO New proxy recv connection 4 from local rank 0, transport 0
x3001c0s31b0n0:38119:39285 [0] NCCL INFO Connection to proxy localRank 0 -> connection 0x1548fc000d80
x3001c0s31b0n0:38120:39459 [1] NCCL INFO transport/net_ib.cc:683 Ib Alloc Size 21688 pointer 0x14ff7001d000
x3001c0s31b0n0:38120:39459 [1] NCCL INFO transport/net_ib.cc:696 Ib Alloc Size 552 pointer 0x14ff70024000
x3001c0s31b0n0:38120:39459 [1] NCCL INFO transport/net_ib.cc:771 Ib Alloc Size 552 pointer 0x14ff7004b000
x3001c0s31b0n0:38120:39459 [1] NCCL INFO transport/net.cc:698 Cuda Host Alloc Size 9641984 pointer 0x14ffb8000000
x3001c0s31b0n0:38120:39459 [1] NCCL INFO Mem Realloc old size 0, new size 768 pointer 0x14ff700403c0
x3001c0s31b0n0:38122:39293 [3] NCCL INFO Connected all rings
x3001c0s31b0n0:38122:39293 [3] NCCL INFO Channel 00/0 : 3[c7000] -> 2[85000] via P2P/IPC/read
x3001c0s31b0n0:38122:39434 [3] NCCL INFO New proxy send connection 8 from local rank 3, transport 0
x3001c0s31b0n0:38121:39291 [2] NCCL INFO Connection to proxy localRank 2 -> connection 0x14f6b8000e80
x3001c0s31b0n0:38121:39461 [2] NCCL INFO transport/p2p.cc:449 Cuda Alloc Size 6291456 pointer 0x14f6b2000000
x3001c0s31b0n0:38119:39457 [0] NCCL INFO transport/p2p.cc:449 Cuda Alloc Size 6291456 pointer 0x1548fb200000
x3001c0s31b0n0:38120:39459 [1] NCCL INFO transport/net_ib.cc:683 Ib Alloc Size 21688 pointer 0x14ff7004d000
x3001c0s31b0n0:38120:39459 [1] NCCL INFO transport/net_ib.cc:696 Ib Alloc Size 552 pointer 0x14ff70054000
x3001c0s31b0n0:38122:39293 [3] NCCL INFO Connection to proxy localRank 3 -> connection 0x14c838000e80
x3001c0s31b0n0:38122:39434 [3] NCCL INFO transport/p2p.cc:430 Cuda Alloc Size 6291456 pointer 0x14c82f400000
x3001c0s31b0n0:38119:39457 [0] NCCL INFO New proxy recv connection 5 from local rank 0, transport 0
x3001c0s31b0n0:38119:39285 [0] NCCL INFO Connection to proxy localRank 0 -> connection 0x1548fc000dc0
x3001c0s31b0n0:38119:39457 [0] NCCL INFO transport/p2p.cc:449 Cuda Alloc Size 6291456 pointer 0x1548fb800000
x3001c0s31b0n0:38121:39461 [2] NCCL INFO New proxy recv connection 9 from local rank 2, transport 0
x3001c0s31b0n0:38121:39291 [2] NCCL INFO Connection to proxy localRank 2 -> connection 0x14f6b8000ec0
x3001c0s31b0n0:38122:39293 [3] NCCL INFO Channel 01/0 : 3[c7000] -> 2[85000] via P2P/IPC/read
x3001c0s31b0n0:38122:39434 [3] NCCL INFO New proxy send connection 9 from local rank 3, transport 0
x3001c0s31b0n0:38121:39461 [2] NCCL INFO transport/p2p.cc:449 Cuda Alloc Size 6291456 pointer 0x14f6b2600000
x3001c0s31b0n0:38119:39457 [0] NCCL INFO New proxy recv connection 6 from local rank 0, transport 0
x3001c0s31b0n0:38120:39459 [1] NCCL INFO transport/net_ib.cc:771 Ib Alloc Size 552 pointer 0x14ff70079000
x3001c0s31b0n0:38120:39459 [1] NCCL INFO transport/net.cc:698 Cuda Host Alloc Size 9641984 pointer 0x14ffb8a00000
x3001c0s31b0n0:38120:39459 [1] NCCL INFO Mem Realloc old size 0, new size 768 pointer 0x14ff7006e4f0
x3001c0s31b0n0:38122:39293 [3] NCCL INFO Connection to proxy localRank 3 -> connection 0x14c838000ec0
x3001c0s31b0n0:38119:39285 [0] NCCL INFO Connection to proxy localRank 0 -> connection 0x1548fc000e00
x3001c0s31b0n0:38122:39434 [3] NCCL INFO transport/p2p.cc:430 Cuda Alloc Size 6291456 pointer 0x14c82fa00000
x3001c0s31b0n0:38119:39457 [0] NCCL INFO transport/p2p.cc:449 Cuda Alloc Size 6291456 pointer 0x1548f8000000
x3001c0s31b0n0:38121:39461 [2] NCCL INFO New proxy recv connection 10 from local rank 2, transport 0
x3001c0s31b0n0:38120:39459 [1] NCCL INFO transport/net_ib.cc:683 Ib Alloc Size 21688 pointer 0x14ff7007b000
x3001c0s31b0n0:38120:39459 [1] NCCL INFO transport/net_ib.cc:696 Ib Alloc Size 552 pointer 0x14ff70082000
x3001c0s31b0n0:38120:39459 [1] NCCL INFO transport/net_ib.cc:771 Ib Alloc Size 552 pointer 0x14ff7009d000
x3001c0s31b0n0:38120:39459 [1] NCCL INFO transport/net.cc:698 Cuda Host Alloc Size 9641984 pointer 0x14ffb9400000
x3001c0s31b0n0:38122:39293 [3] NCCL INFO Channel 02/0 : 3[c7000] -> 2[85000] via P2P/IPC/read
x3001c0s31b0n0:38122:39434 [3] NCCL INFO New proxy send connection 10 from local rank 3, transport 0
x3001c0s31b0n0:38119:39457 [0] NCCL INFO New proxy recv connection 7 from local rank 0, transport 0
x3001c0s31b0n0:38121:39291 [2] NCCL INFO Connection to proxy localRank 2 -> connection 0x14f6b8000f00
x3001c0s31b0n0:38121:39461 [2] NCCL INFO transport/p2p.cc:449 Cuda Alloc Size 6291456 pointer 0x14f6b2c00000
x3001c0s31b0n0:38120:39459 [1] NCCL INFO transport/net_ib.cc:683 Ib Alloc Size 21688 pointer 0x14ff7009f000
x3001c0s31b0n0:38120:39459 [1] NCCL INFO transport/net_ib.cc:696 Ib Alloc Size 552 pointer 0x14ff700a6000
x3001c0s31b0n0:38119:39285 [0] NCCL INFO Connection to proxy localRank 0 -> connection 0x1548fc000e40
x3001c0s31b0n0:38119:39457 [0] NCCL INFO transport/p2p.cc:449 Cuda Alloc Size 6291456 pointer 0x1548f8600000
x3001c0s31b0n0:38120:39459 [1] NCCL INFO transport/net_ib.cc:771 Ib Alloc Size 552 pointer 0x14ff700c1000
x3001c0s31b0n0:38120:39459 [1] NCCL INFO transport/net.cc:698 Cuda Host Alloc Size 9641984 pointer 0x14ffb9e00000
x3001c0s31b0n0:38122:39293 [3] NCCL INFO Connection to proxy localRank 3 -> connection 0x14c838000f00
x3001c0s31b0n0:38122:39434 [3] NCCL INFO transport/p2p.cc:430 Cuda Alloc Size 6291456 pointer 0x14c82c000000
x3001c0s31b0n0:38121:39461 [2] NCCL INFO New proxy recv connection 11 from local rank 2, transport 0
x3001c0s31b0n0:38122:39293 [3] NCCL INFO Channel 03/0 : 3[c7000] -> 2[85000] via P2P/IPC/read
x3001c0s31b0n0:38122:39434 [3] NCCL INFO New proxy send connection 11 from local rank 3, transport 0
x3001c0s31b0n0:38120:39294 [1] NCCL INFO Channel 00/0 : 1[46000] -> 0[7000] via P2P/IPC/read
x3001c0s31b0n0:38120:39459 [1] NCCL INFO New proxy send connection 4 from local rank 1, transport 0
x3001c0s31b0n0:38121:39291 [2] NCCL INFO Connection to proxy localRank 2 -> connection 0x14f6b8000f40
x3001c0s31b0n0:38121:39461 [2] NCCL INFO transport/p2p.cc:449 Cuda Alloc Size 6291456 pointer 0x14f6b3200000
x3001c0s31b0n0:38122:39293 [3] NCCL INFO Connection to proxy localRank 3 -> connection 0x14c838000f40
x3001c0s31b0n0:38122:39434 [3] NCCL INFO transport/p2p.cc:430 Cuda Alloc Size 6291456 pointer 0x14c82c600000
x3001c0s31b0n0:38120:39294 [1] NCCL INFO Connection to proxy localRank 1 -> connection 0x14ff70000d80
x3001c0s31b0n0:38120:39459 [1] NCCL INFO transport/p2p.cc:430 Cuda Alloc Size 6291456 pointer 0x14ffba800000
x3001c0s31b0n0:38120:39294 [1] NCCL INFO Channel 01/0 : 1[46000] -> 0[7000] via P2P/IPC/read
x3001c0s31b0n0:38120:39459 [1] NCCL INFO New proxy send connection 5 from local rank 1, transport 0
x3001c0s31b0n0:38120:39294 [1] NCCL INFO Connection to proxy localRank 1 -> connection 0x14ff70000dc0
x3001c0s31b0n0:38120:39459 [1] NCCL INFO transport/p2p.cc:430 Cuda Alloc Size 6291456 pointer 0x14ffbae00000
x3001c0s31b0n0:38120:39294 [1] NCCL INFO Channel 02/0 : 1[46000] -> 0[7000] via P2P/IPC/read
x3001c0s31b0n0:38120:39459 [1] NCCL INFO New proxy send connection 6 from local rank 1, transport 0
x3001c0s31b0n0:38120:39294 [1] NCCL INFO Connection to proxy localRank 1 -> connection 0x14ff70000e00
x3001c0s31b0n0:38120:39459 [1] NCCL INFO transport/p2p.cc:430 Cuda Alloc Size 6291456 pointer 0x14ffbb400000
x3001c0s31b0n0:38120:39294 [1] NCCL INFO Channel 03/0 : 1[46000] -> 0[7000] via P2P/IPC/read
x3001c0s31b0n0:38120:39459 [1] NCCL INFO New proxy send connection 7 from local rank 1, transport 0
x3001c0s31b0n0:38120:39294 [1] NCCL INFO Connection to proxy localRank 1 -> connection 0x14ff70000e40
x3001c0s31b0n0:38120:39459 [1] NCCL INFO transport/p2p.cc:430 Cuda Alloc Size 6291456 pointer 0x14ffbba00000
x3001c0s31b0n0:38120:39294 [1] NCCL INFO Connected all rings
x3001c0s31b0n0:38119:39285 [0] NCCL INFO Connected all rings
x3001c0s31b0n0:38119:39285 [0] NCCL INFO Channel 00/0 : 0[7000] -> 1[46000] via P2P/IPC/read
x3001c0s31b0n0:38119:39457 [0] NCCL INFO New proxy send connection 8 from local rank 0, transport 0
x3001c0s31b0n0:38120:39459 [1] NCCL INFO New proxy recv connection 8 from local rank 1, transport 0
x3001c0s31b0n0:38119:39285 [0] NCCL INFO Connection to proxy localRank 0 -> connection 0x1548fc000e80
x3001c0s31b0n0:38119:39457 [0] NCCL INFO transport/p2p.cc:430 Cuda Alloc Size 6291456 pointer 0x1548f6600000
x3001c0s31b0n0:38120:39294 [1] NCCL INFO Connection to proxy localRank 1 -> connection 0x14ff70000e80
x3001c0s31b0n0:38120:39459 [1] NCCL INFO transport/p2p.cc:449 Cuda Alloc Size 6291456 pointer 0x14ffbd800000
x3001c0s31b0n0:38119:39285 [0] NCCL INFO Channel 01/0 : 0[7000] -> 1[46000] via P2P/IPC/read
x3001c0s31b0n0:38119:39457 [0] NCCL INFO New proxy send connection 9 from local rank 0, transport 0
x3001c0s31b0n0:38119:39285 [0] NCCL INFO Connection to proxy localRank 0 -> connection 0x1548fc000ec0
x3001c0s31b0n0:38119:39457 [0] NCCL INFO transport/p2p.cc:430 Cuda Alloc Size 6291456 pointer 0x1548f6c00000
x3001c0s31b0n0:38120:39459 [1] NCCL INFO New proxy recv connection 9 from local rank 1, transport 0
x3001c0s31b0n0:38120:39294 [1] NCCL INFO Connection to proxy localRank 1 -> connection 0x14ff70000ec0
x3001c0s31b0n0:38120:39459 [1] NCCL INFO transport/p2p.cc:449 Cuda Alloc Size 6291456 pointer 0x14ffbde00000
x3001c0s31b0n0:38119:39285 [0] NCCL INFO Channel 02/0 : 0[7000] -> 1[46000] via P2P/IPC/read
x3001c0s31b0n0:38119:39457 [0] NCCL INFO New proxy send connection 10 from local rank 0, transport 0
x3001c0s31b0n0:38120:39459 [1] NCCL INFO New proxy recv connection 10 from local rank 1, transport 0
x3001c0s31b0n0:38119:39285 [0] NCCL INFO Connection to proxy localRank 0 -> connection 0x1548fc000f00
x3001c0s31b0n0:38119:39457 [0] NCCL INFO transport/p2p.cc:430 Cuda Alloc Size 6291456 pointer 0x1548f7200000
x3001c0s31b0n0:38120:39294 [1] NCCL INFO Connection to proxy localRank 1 -> connection 0x14ff70000f00
x3001c0s31b0n0:38120:39459 [1] NCCL INFO transport/p2p.cc:449 Cuda Alloc Size 6291456 pointer 0x14ffbe400000
x3001c0s31b0n0:38119:39285 [0] NCCL INFO Channel 03/0 : 0[7000] -> 1[46000] via P2P/IPC/read
x3001c0s31b0n0:38119:39457 [0] NCCL INFO New proxy send connection 11 from local rank 0, transport 0
x3001c0s31b0n0:38119:39285 [0] NCCL INFO Connection to proxy localRank 0 -> connection 0x1548fc000f40
x3001c0s31b0n0:38119:39457 [0] NCCL INFO transport/p2p.cc:430 Cuda Alloc Size 6291456 pointer 0x1548f7800000
x3001c0s31b0n0:38120:39459 [1] NCCL INFO New proxy recv connection 11 from local rank 1, transport 0
x3001c0s31b0n0:38120:39294 [1] NCCL INFO Connection to proxy localRank 1 -> connection 0x14ff70000f40
x3001c0s31b0n0:38120:39459 [1] NCCL INFO transport/p2p.cc:449 Cuda Alloc Size 6291456 pointer 0x14ffbea00000
x3001c0s31b0n0:38120:39294 [1] NCCL INFO Channel 00/0 : 1[46000] -> 2[85000] via P2P/IPC/read
x3001c0s31b0n0:38120:39459 [1] NCCL INFO New proxy send connection 12 from local rank 1, transport 0
x3001c0s31b0n0:38120:39294 [1] NCCL INFO Connection to proxy localRank 1 -> connection 0x14ff70000f80
x3001c0s31b0n0:38120:39459 [1] NCCL INFO transport/p2p.cc:430 Cuda Alloc Size 6291456 pointer 0x14ffbf000000
x3001c0s31b0n0:38120:39294 [1] NCCL INFO Channel 01/0 : 1[46000] -> 2[85000] via P2P/IPC/read
x3001c0s31b0n0:38120:39459 [1] NCCL INFO New proxy send connection 13 from local rank 1, transport 0
x3001c0s31b0n0:38120:39294 [1] NCCL INFO Connection to proxy localRank 1 -> connection 0x14ff70000fc0
x3001c0s31b0n0:38120:39459 [1] NCCL INFO transport/p2p.cc:430 Cuda Alloc Size 6291456 pointer 0x14ffbf600000
x3001c0s31b0n0:38120:39294 [1] NCCL INFO Channel 02/0 : 1[46000] -> 2[85000] via P2P/IPC/read
x3001c0s31b0n0:38120:39459 [1] NCCL INFO New proxy send connection 14 from local rank 1, transport 0
x3001c0s31b0n0:38120:39294 [1] NCCL INFO Connection to proxy localRank 1 -> connection 0x14ff70001000
x3001c0s31b0n0:38120:39459 [1] NCCL INFO transport/p2p.cc:430 Cuda Alloc Size 6291456 pointer 0x14ffbfc00000
x3001c0s31b0n0:38120:39294 [1] NCCL INFO Channel 03/0 : 1[46000] -> 2[85000] via P2P/IPC/read
x3001c0s31b0n0:38120:39459 [1] NCCL INFO New proxy send connection 15 from local rank 1, transport 0
x3001c0s31b0n0:38120:39294 [1] NCCL INFO Connection to proxy localRank 1 -> connection 0x14ff70001040
x3001c0s31b0n0:38120:39459 [1] NCCL INFO transport/p2p.cc:430 Cuda Alloc Size 6291456 pointer 0x14ffc0200000
x3001c0s31b0n0:38120:39294 [1] NCCL INFO GPU Direct RDMA Disabled for GPU 46000 / HCA 1 (distance 6 > 4)
x3001c0s31b0n0:38119:39285 [0] NCCL INFO GPU Direct RDMA Disabled for GPU 7000 / HCA 1 (distance 7 > 4)
x3001c0s31b0n0:38119:39457 [0] NCCL INFO Allocated 4194656 bytes of shared memory in /dev/shm/nccl-mIkbJA

x3001c0s31b0n0:38119:39457 [0] NCCL INFO New proxy recv connection 12 from local rank 0, transport 2
x3001c0s31b0n0:38121:39461 [2] NCCL INFO New proxy recv connection 12 from local rank 2, transport 0
x3001c0s31b0n0:38120:39459 [1] NCCL INFO New proxy recv connection 16 from local rank 1, transport 2
x3001c0s31b0n0:38119:39285 [0] NCCL INFO Connection to proxy localRank 0 -> connection 0x1548fc000f80
x3001c0s31b0n0:38119:39285 [0] NCCL INFO Channel 00/0 : 16[7000] -> 0[7000] [receive] via NET/IB/1
x3001c0s31b0n0:38119:39285 [0] NCCL INFO GPU Direct RDMA Disabled for GPU 7000 / HCA 0 (distance 7 > 4)
x3001c0s31b0n0:38119:39457 [0] NCCL INFO New proxy recv connection 13 from local rank 0, transport 2
x3001c0s31b0n0:38121:39291 [2] NCCL INFO Connection to proxy localRank 2 -> connection 0x14f6b8000f80
x3001c0s31b0n0:38121:39461 [2] NCCL INFO transport/p2p.cc:449 Cuda Alloc Size 6291456 pointer 0x14f6b1200000
x3001c0s31b0n0:38120:39294 [1] NCCL INFO Connection to proxy localRank 1 -> connection 0x14ff70001080
x3001c0s31b0n0:38119:39285 [0] NCCL INFO Connection to proxy localRank 0 -> connection 0x1548fc000fc0
x3001c0s31b0n0:38119:39285 [0] NCCL INFO Channel 01/0 : 16[7000] -> 0[7000] [receive] via NET/IB/0
x3001c0s31b0n0:38119:39285 [0] NCCL INFO GPU Direct RDMA Disabled for GPU 7000 / HCA 1 (distance 7 > 4)
x3001c0s31b0n0:38119:39457 [0] NCCL INFO New proxy send connection 14 from local rank 0, transport 2
x3001c0s31b0n0:38121:39461 [2] NCCL INFO New proxy recv connection 13 from local rank 2, transport 0
x3001c0s31b0n0:38120:39294 [1] NCCL INFO Channel 02/0 : 12[7000] -> 1[46000] [receive] via NET/IB/1
x3001c0s31b0n0:38120:39294 [1] NCCL INFO GPU Direct RDMA Disabled for GPU 46000 / HCA 0 (distance 7 > 4)
x3001c0s31b0n0:38120:39459 [1] NCCL INFO New proxy recv connection 17 from local rank 1, transport 2
x3001c0s31b0n0:38119:39285 [0] NCCL INFO Connection to proxy localRank 0 -> connection 0x1548fc001000
x3001c0s31b0n0:38119:39285 [0] NCCL INFO Channel 02/0 : 0[7000] -> 4[7000] [send] via NET/IB/1
x3001c0s31b0n0:38119:39285 [0] NCCL INFO GPU Direct RDMA Disabled for GPU 7000 / HCA 0 (distance 7 > 4)
x3001c0s31b0n0:38119:39457 [0] NCCL INFO New proxy send connection 15 from local rank 0, transport 2
x3001c0s31b0n0:38120:39294 [1] NCCL INFO Connection to proxy localRank 1 -> connection 0x14ff700010c0
x3001c0s31b0n0:38121:39291 [2] NCCL INFO Connection to proxy localRank 2 -> connection 0x14f6b8000fc0
x3001c0s31b0n0:38121:39461 [2] NCCL INFO transport/p2p.cc:449 Cuda Alloc Size 6291456 pointer 0x14f6b1800000
x3001c0s31b0n0:38119:39285 [0] NCCL INFO Connection to proxy localRank 0 -> connection 0x1548fc001040
x3001c0s31b0n0:38119:39285 [0] NCCL INFO Channel 03/0 : 0[7000] -> 4[7000] [send] via NET/IB/0
x3001c0s31b0n0:38120:39294 [1] NCCL INFO Channel 03/0 : 12[7000] -> 1[46000] [receive] via NET/IB/0
x3001c0s31b0n0:38121:39461 [2] NCCL INFO New proxy recv connection 14 from local rank 2, transport 0
x3001c0s31b0n0:38121:39291 [2] NCCL INFO Connection to proxy localRank 2 -> connection 0x14f6b8001000
x3001c0s31b0n0:38121:39461 [2] NCCL INFO transport/p2p.cc:449 Cuda Alloc Size 6291456 pointer 0x14f6ae000000
x3001c0s31b0n0:38119:39457 [0] NCCL INFO transport/net_ib.cc:596 Ib Alloc Size 26560 pointer 0x1548fc026000
x3001c0s31b0n0:38119:39457 [0] NCCL INFO NET/IB: Dev 1 Port 1 qpn 42275 mtu 5 GID 0 (80FE/5B0000FEFF000000)
x3001c0s31b0n0:38119:39457 [0] NCCL INFO transport/net_ib.cc:653 Ib Alloc Size 552 pointer 0x1548fc048000
x3001c0s31b0n0:38119:39457 [0] NCCL INFO transport/net.cc:571 Cuda Host Alloc Size 9641984 pointer 0x1548ee000000
x3001c0s31b0n0:38119:39457 [0] NCCL INFO Mem Realloc old size 0, new size 768 pointer 0x1548fc035260
x3001c0s31b0n0:38119:39457 [0] NCCL INFO transport/net_ib.cc:596 Ib Alloc Size 26560 pointer 0x1548fc04a000
x3001c0s31b0n0:38121:39461 [2] NCCL INFO New proxy recv connection 15 from local rank 2, transport 0
x3001c0s31b0n0:38119:39457 [0] NCCL INFO NET/IB: Dev 0 Port 1 qpn 42811 mtu 5 GID 0 (80FE/1E0000FEFF000000)
x3001c0s31b0n0:38119:39457 [0] NCCL INFO transport/net_ib.cc:653 Ib Alloc Size 552 pointer 0x1548fc06b000
x3001c0s31b0n0:38119:39457 [0] NCCL INFO transport/net.cc:571 Cuda Host Alloc Size 9641984 pointer 0x1548eea00000
x3001c0s31b0n0:38119:39457 [0] NCCL INFO Mem Realloc old size 0, new size 768 pointer 0x1548fc058940
x3001c0s31b0n0:38119:39457 [0] NCCL INFO transport/net_ib.cc:683 Ib Alloc Size 21688 pointer 0x1548fc06d000
x3001c0s31b0n0:38119:39457 [0] NCCL INFO transport/net_ib.cc:696 Ib Alloc Size 552 pointer 0x1548fc074000
x3001c0s31b0n0:38121:39291 [2] NCCL INFO Connection to proxy localRank 2 -> connection 0x14f6b8001040
x3001c0s31b0n0:38121:39461 [2] NCCL INFO transport/p2p.cc:449 Cuda Alloc Size 6291456 pointer 0x14f6ae600000
x3001c0s31b0n0:38119:39457 [0] NCCL INFO transport/net_ib.cc:771 Ib Alloc Size 552 pointer 0x1548fc090000
x3001c0s31b0n0:38119:39457 [0] NCCL INFO transport/net.cc:698 Cuda Host Alloc Size 9641984 pointer 0x1548ef400000
x3001c0s31b0n0:38119:39457 [0] NCCL INFO transport/net_ib.cc:683 Ib Alloc Size 21688 pointer 0x1548fc092000
x3001c0s31b0n0:38119:39457 [0] NCCL INFO transport/net_ib.cc:696 Ib Alloc Size 552 pointer 0x1548fc099000
x3001c0s31b0n0:38119:39457 [0] NCCL INFO transport/net_ib.cc:771 Ib Alloc Size 552 pointer 0x1548fc0b4000
x3001c0s31b0n0:38119:39457 [0] NCCL INFO transport/net.cc:698 Cuda Host Alloc Size 9641984 pointer 0x1548ec000000
x3001c0s31b0n0:38119:39285 [0] NCCL INFO GPU Direct RDMA Disabled for GPU 7000 / HCA 1 (distance 7 > 4)
x3001c0s31b0n0:38121:39291 [2] NCCL INFO Channel 00/0 : 2[85000] -> 1[46000] via P2P/IPC/read
x3001c0s31b0n0:38121:39461 [2] NCCL INFO New proxy send connection 16 from local rank 2, transport 0
x3001c0s31b0n0:38119:39457 [0] NCCL INFO New proxy recv connection 16 from local rank 0, transport 2
x3001c0s31b0n0:38121:39291 [2] NCCL INFO Connection to proxy localRank 2 -> connection 0x14f6b8001080
x3001c0s31b0n0:38121:39461 [2] NCCL INFO transport/p2p.cc:430 Cuda Alloc Size 6291456 pointer 0x14f6aec00000
x3001c0s31b0n0:38119:39285 [0] NCCL INFO Connection to proxy localRank 0 -> connection 0x1548fc001080
x3001c0s31b0n0:38120:39459 [1] NCCL INFO transport/net_ib.cc:683 Ib Alloc Size 21688 pointer 0x14ff700d2000
x3001c0s31b0n0:38120:39459 [1] NCCL INFO transport/net_ib.cc:696 Ib Alloc Size 552 pointer 0x14ff70018000
x3001c0s31b0n0:38121:39291 [2] NCCL INFO Channel 01/0 : 2[85000] -> 1[46000] via P2P/IPC/read
x3001c0s31b0n0:38121:39461 [2] NCCL INFO New proxy send connection 17 from local rank 2, transport 0
x3001c0s31b0n0:38120:39459 [1] NCCL INFO transport/net_ib.cc:771 Ib Alloc Size 552 pointer 0x14ff700f2000
x3001c0s31b0n0:38120:39459 [1] NCCL INFO transport/net.cc:698 Cuda Host Alloc Size 9641984 pointer 0x14ffc3800000
x3001c0s31b0n0:38121:39291 [2] NCCL INFO Connection to proxy localRank 2 -> connection 0x14f6b80010c0
x3001c0s31b0n0:38121:39461 [2] NCCL INFO transport/p2p.cc:430 Cuda Alloc Size 6291456 pointer 0x14f6af200000
x3001c0s31b0n0:38119:39285 [0] NCCL INFO Channel 02/0 : 4[7000] -> 0[7000] [receive] via NET/IB/1
x3001c0s31b0n0:38119:39285 [0] NCCL INFO GPU Direct RDMA Disabled for GPU 7000 / HCA 0 (distance 7 > 4)
x3001c0s31b0n0:38119:39457 [0] NCCL INFO New proxy recv connection 17 from local rank 0, transport 2
x3001c0s31b0n0:38120:39459 [1] NCCL INFO transport/net_ib.cc:683 Ib Alloc Size 21688 pointer 0x14ff700f4000
x3001c0s31b0n0:38120:39459 [1] NCCL INFO transport/net_ib.cc:696 Ib Alloc Size 552 pointer 0x14ff700fb000
x3001c0s31b0n0:38119:39285 [0] NCCL INFO Connection to proxy localRank 0 -> connection 0x1548fc0010c0
x3001c0s31b0n0:38120:39459 [1] NCCL INFO transport/net_ib.cc:771 Ib Alloc Size 552 pointer 0x14ff70116000
x3001c0s31b0n0:38120:39459 [1] NCCL INFO transport/net.cc:698 Cuda Host Alloc Size 9641984 pointer 0x14ffc4200000
x3001c0s31b0n0:38119:39285 [0] NCCL INFO Channel 03/0 : 4[7000] -> 0[7000] [receive] via NET/IB/0
x3001c0s31b0n0:38119:39285 [0] NCCL INFO GPU Direct RDMA Disabled for GPU 7000 / HCA 1 (distance 7 > 4)
x3001c0s31b0n0:38119:39457 [0] NCCL INFO New proxy send connection 18 from local rank 0, transport 2
x3001c0s31b0n0:38120:39294 [1] NCCL INFO GPU Direct RDMA Disabled for GPU 46000 / HCA 1 (distance 6 > 4)
x3001c0s31b0n0:38121:39291 [2] NCCL INFO Channel 02/0 : 2[85000] -> 1[46000] via P2P/IPC/read
x3001c0s31b0n0:38121:39461 [2] NCCL INFO New proxy send connection 18 from local rank 2, transport 0
x3001c0s31b0n0:38120:39459 [1] NCCL INFO New proxy send connection 18 from local rank 1, transport 2
x3001c0s31b0n0:38119:39285 [0] NCCL INFO Connection to proxy localRank 0 -> connection 0x1548fc001100
x3001c0s31b0n0:38119:39285 [0] NCCL INFO Channel 00/0 : 0[7000] -> 16[7000] [send] via NET/IB/1
x3001c0s31b0n0:38119:39285 [0] NCCL INFO GPU Direct RDMA Disabled for GPU 7000 / HCA 0 (distance 7 > 4)
x3001c0s31b0n0:38119:39457 [0] NCCL INFO New proxy send connection 19 from local rank 0, transport 2
x3001c0s31b0n0:38121:39291 [2] NCCL INFO Connection to proxy localRank 2 -> connection 0x14f6b8001100
x3001c0s31b0n0:38121:39461 [2] NCCL INFO transport/p2p.cc:430 Cuda Alloc Size 6291456 pointer 0x14f6af800000
x3001c0s31b0n0:38119:39285 [0] NCCL INFO Connection to proxy localRank 0 -> connection 0x1548fc001140
x3001c0s31b0n0:38119:39285 [0] NCCL INFO Channel 01/0 : 0[7000] -> 16[7000] [send] via NET/IB/0
x3001c0s31b0n0:38120:39294 [1] NCCL INFO Connection to proxy localRank 1 -> connection 0x14ff70001100
x3001c0s31b0n0:38120:39294 [1] NCCL INFO Channel 02/0 : 1[46000] -> 12[7000] [send] via NET/IB/1
x3001c0s31b0n0:38120:39294 [1] NCCL INFO GPU Direct RDMA Disabled for GPU 46000 / HCA 0 (distance 7 > 4)
x3001c0s31b0n0:38120:39459 [1] NCCL INFO New proxy send connection 19 from local rank 1, transport 2
x3001c0s31b0n0:38121:39291 [2] NCCL INFO Channel 03/0 : 2[85000] -> 1[46000] via P2P/IPC/read
x3001c0s31b0n0:38121:39461 [2] NCCL INFO New proxy send connection 19 from local rank 2, transport 0
x3001c0s31b0n0:38120:39294 [1] NCCL INFO Connection to proxy localRank 1 -> connection 0x14ff70001140
x3001c0s31b0n0:38120:39294 [1] NCCL INFO Channel 03/0 : 1[46000] -> 12[7000] [send] via NET/IB/0
x3001c0s31b0n0:38120:39459 [1] NCCL INFO transport/net_ib.cc:596 Ib Alloc Size 26560 pointer 0x14ff70122000
x3001c0s31b0n0:38121:39291 [2] NCCL INFO Connection to proxy localRank 2 -> connection 0x14f6b8001140
x3001c0s31b0n0:38121:39461 [2] NCCL INFO transport/p2p.cc:430 Cuda Alloc Size 6291456 pointer 0x14f6ac000000
x3001c0s31b0n0:38120:39459 [1] NCCL INFO NET/IB: Dev 1 Port 1 qpn 42280 mtu 5 GID 0 (80FE/5B0000FEFF000000)
x3001c0s31b0n0:38120:39459 [1] NCCL INFO transport/net_ib.cc:653 Ib Alloc Size 552 pointer 0x14ff70139000
x3001c0s31b0n0:38120:39459 [1] NCCL INFO transport/net.cc:571 Cuda Host Alloc Size 9641984 pointer 0x14ffc4c00000
x3001c0s31b0n0:38120:39459 [1] NCCL INFO transport/net_ib.cc:596 Ib Alloc Size 26560 pointer 0x14ff7013b000
x3001c0s31b0n0:38120:39459 [1] NCCL INFO NET/IB: Dev 0 Port 1 qpn 42816 mtu 5 GID 0 (80FE/1E0000FEFF000000)
x3001c0s31b0n0:38120:39459 [1] NCCL INFO transport/net_ib.cc:653 Ib Alloc Size 552 pointer 0x14ff70152000
x3001c0s31b0n0:38120:39459 [1] NCCL INFO transport/net.cc:571 Cuda Host Alloc Size 9641984 pointer 0x14ffc5600000
x3001c0s31b0n0:38122:39293 [3] NCCL INFO Connected all trees by HAO
x3001c0s31b0n0:38122:39293 [3] NCCL INFO threadThresholds 8/8/64 | 160/8/64 | 512 | 512
x3001c0s31b0n0:38122:39293 [3] NCCL INFO 4 coll channels, 4 p2p channels, 2 p2p channels per peer
x3001c0s31b0n0:38122:39434 [3] NCCL INFO New proxy send connection 12 from local rank 3, transport 2
x3001c0s31b0n0:38120:39459 [1] NCCL INFO New proxy recv connection 20 from local rank 1, transport 0
x3001c0s31b0n0:38122:39293 [3] NCCL INFO Connection to proxy localRank 3 -> connection 0x14c838000f80
x3001c0s31b0n0:38122:39434 [3] NCCL INFO transport/net.cc:376 Cuda Alloc Size 8388608 pointer 0x14c82a600000
x3001c0s31b0n0:38120:39294 [1] NCCL INFO Connection to proxy localRank 1 -> connection 0x14ff70001180
x3001c0s31b0n0:38120:39459 [1] NCCL INFO transport/p2p.cc:449 Cuda Alloc Size 6291456 pointer 0x14ffc6000000
x3001c0s31b0n0:38119:39457 [0] NCCL INFO transport/net_ib.cc:596 Ib Alloc Size 26560 pointer 0x1548fc0ca000
x3001c0s31b0n0:38119:39457 [0] NCCL INFO NET/IB: Dev 1 Port 1 qpn 42281 mtu 5 GID 0 (80FE/5B0000FEFF000000)
x3001c0s31b0n0:38119:39457 [0] NCCL INFO transport/net_ib.cc:653 Ib Alloc Size 552 pointer 0x1548fc0e1000
x3001c0s31b0n0:38119:39457 [0] NCCL INFO transport/net.cc:571 Cuda Host Alloc Size 9641984 pointer 0x1548eca00000
x3001c0s31b0n0:38120:39459 [1] NCCL INFO New proxy recv connection 21 from local rank 1, transport 0
x3001c0s31b0n0:38120:39294 [1] NCCL INFO Connection to proxy localRank 1 -> connection 0x14ff700011c0
x3001c0s31b0n0:38120:39459 [1] NCCL INFO transport/p2p.cc:449 Cuda Alloc Size 6291456 pointer 0x14ffc6600000
x3001c0s31b0n0:38119:39457 [0] NCCL INFO transport/net_ib.cc:596 Ib Alloc Size 26560 pointer 0x1548fc0e3000
x3001c0s31b0n0:38119:39457 [0] NCCL INFO NET/IB: Dev 0 Port 1 qpn 42817 mtu 5 GID 0 (80FE/1E0000FEFF000000)
x3001c0s31b0n0:38119:39457 [0] NCCL INFO transport/net_ib.cc:653 Ib Alloc Size 552 pointer 0x1548fc0fa000
x3001c0s31b0n0:38119:39457 [0] NCCL INFO transport/net.cc:571 Cuda Host Alloc Size 9641984 pointer 0x1548ed400000
x3001c0s31b0n0:38120:39459 [1] NCCL INFO New proxy recv connection 22 from local rank 1, transport 0
x3001c0s31b0n0:38119:39457 [0] NCCL INFO transport/net_ib.cc:683 Ib Alloc Size 21688 pointer 0x1548fc0fc000
x3001c0s31b0n0:38119:39457 [0] NCCL INFO transport/net_ib.cc:696 Ib Alloc Size 552 pointer 0x1548fc103000
x3001c0s31b0n0:38119:39457 [0] NCCL INFO transport/net_ib.cc:771 Ib Alloc Size 552 pointer 0x1548fc11e000
x3001c0s31b0n0:38119:39457 [0] NCCL INFO transport/net.cc:698 Cuda Host Alloc Size 9641984 pointer 0x1548ea000000
x3001c0s31b0n0:38120:39294 [1] NCCL INFO Connection to proxy localRank 1 -> connection 0x14ff70001200
x3001c0s31b0n0:38120:39459 [1] NCCL INFO transport/p2p.cc:449 Cuda Alloc Size 6291456 pointer 0x14ffc6c00000
x3001c0s31b0n0:38119:39457 [0] NCCL INFO transport/net_ib.cc:683 Ib Alloc Size 21688 pointer 0x1548fc120000
x3001c0s31b0n0:38119:39457 [0] NCCL INFO transport/net_ib.cc:696 Ib Alloc Size 552 pointer 0x1548fc127000
x3001c0s31b0n0:38119:39457 [0] NCCL INFO transport/net_ib.cc:771 Ib Alloc Size 552 pointer 0x1548fc142000
x3001c0s31b0n0:38119:39457 [0] NCCL INFO transport/net.cc:698 Cuda Host Alloc Size 9641984 pointer 0x1548eaa00000
x3001c0s31b0n0:38119:39285 [0] NCCL INFO Connected all trees by HAO
x3001c0s31b0n0:38119:39285 [0] NCCL INFO Latency/AlgBw |    Tree/    LL |    Tree/ LL128 |    Tree/Simple |    Ring/    LL |    Ring/ LL128 |    Ring/Simple | CollNetDirect/    LL | CollNetDirect/ LL128 | CollNetDirect/Simple | CollNetChain/    LL | CollNetChain/ LL128 | CollNetChain/Simple |
x3001c0s31b0n0:38119:39285 [0] NCCL INFO  Max NThreads |            512 |            640 |            512 |            512 |            640 |            512 |              0 |              0 |            512 |              0 |              0 |            512 |
x3001c0s31b0n0:38119:39285 [0] NCCL INFO     Broadcast |     0.0/   0.0 |     0.0/   0.0 |     0.0/   0.0 |     6.3/   6.0 |    14.0/   0.0 |    18.0/  24.0 |     0.0/   0.0 |     0.0/   0.0 |     0.0/   0.0 |     0.0/   0.0 |     0.0/   0.0 |     0.0/   0.0 |
x3001c0s31b0n0:38119:39285 [0] NCCL INFO        Reduce |     0.0/   0.0 |     0.0/   0.0 |     0.0/   0.0 |     6.3/   6.0 |    14.0/   0.0 |    18.0/  24.0 |     0.0/   0.0 |     0.0/   0.0 |     0.0/   0.0 |     0.0/   0.0 |     0.0/   0.0 |     0.0/   0.0 |
x3001c0s31b0n0:38119:39285 [0] NCCL INFO     AllGather |     0.0/   0.0 |     0.0/   0.0 |     0.0/   0.0 |    27.1/   6.3 |    54.5/   0.0 |    97.8/  25.3 |     0.0/   0.0 |     0.0/   0.0 |     0.0/   0.0 |     0.0/   0.0 |     0.0/   0.0 |     0.0/   0.0 |
x3001c0s31b0n0:38119:39285 [0] NCCL INFO ReduceScatter |     0.0/   0.0 |     0.0/   0.0 |     0.0/   0.0 |    27.1/   6.3 |    54.5/   0.0 |    97.8/  25.3 |     0.0/   0.0 |     0.0/   0.0 |     0.0/   0.0 |     0.0/   0.0 |     0.0/   0.0 |     0.0/   0.0 |
x3001c0s31b0n0:38119:39285 [0] NCCL INFO     AllReduce |    30.0/   2.9 |    45.9/   0.0 |   280.0/  11.0 |    54.3/   3.2 |   103.2/   0.0 |   199.6/  12.6 |     7.4/   0.0 |     7.4/   0.0 |    29.7/   0.0 |     4.4/   0.0 |     4.4/   0.0 |    48.0/   0.0 |
x3001c0s31b0n0:38119:39285 [0] NCCL INFO threadThresholds 8/8/64 | 160/8/64 | 512 | 512
x3001c0s31b0n0:38119:39285 [0] NCCL INFO 4 coll channels, 4 p2p channels, 2 p2p channels per peer
x3001c0s31b0n0:38119:39457 [0] NCCL INFO New proxy send connection 20 from local rank 0, transport 2
x3001c0s31b0n0:38119:39285 [0] NCCL INFO Connection to proxy localRank 0 -> connection 0x1548fc001180
x3001c0s31b0n0:38120:39459 [1] NCCL INFO New proxy recv connection 23 from local rank 1, transport 0
x3001c0s31b0n0:38119:39457 [0] NCCL INFO transport/net.cc:376 Cuda Alloc Size 8388608 pointer 0x1548eb400000
x3001c0s31b0n0:38120:39294 [1] NCCL INFO Connection to proxy localRank 1 -> connection 0x14ff70001240
x3001c0s31b0n0:38120:39459 [1] NCCL INFO transport/p2p.cc:449 Cuda Alloc Size 6291456 pointer 0x14ffc7200000
x3001c0s31b0n0:38120:39294 [1] NCCL INFO Connected all trees by HAO
x3001c0s31b0n0:38120:39294 [1] NCCL INFO threadThresholds 8/8/64 | 160/8/64 | 512 | 512
x3001c0s31b0n0:38120:39294 [1] NCCL INFO 4 coll channels, 4 p2p channels, 2 p2p channels per peer
x3001c0s31b0n0:38120:39459 [1] NCCL INFO New proxy send connection 24 from local rank 1, transport 2
x3001c0s31b0n0:38121:39291 [2] NCCL INFO Connected all trees by HAO
x3001c0s31b0n0:38121:39291 [2] NCCL INFO threadThresholds 8/8/64 | 160/8/64 | 512 | 512
x3001c0s31b0n0:38121:39291 [2] NCCL INFO 4 coll channels, 4 p2p channels, 2 p2p channels per peer
x3001c0s31b0n0:38121:39461 [2] NCCL INFO Allocated 4194656 bytes of shared memory in /dev/shm/nccl-9D8LJI

x3001c0s31b0n0:38121:39461 [2] NCCL INFO New proxy send connection 20 from local rank 2, transport 2
x3001c0s31b0n0:38121:39291 [2] NCCL INFO Connection to proxy localRank 2 -> connection 0x14f6b8001180
x3001c0s31b0n0:38120:39294 [1] NCCL INFO Connection to proxy localRank 1 -> connection 0x14ff70001280
x3001c0s31b0n0:38120:39294 [1] NCCL INFO init.cc:367 Cuda Alloc Size 5168 pointer 0x14ffb7e08800
x3001c0s31b0n0:38122:39293 [3] NCCL INFO init.cc:367 Cuda Alloc Size 5168 pointer 0x14c847808800
x3001c0s31b0n0:38122:39293 [3] NCCL INFO init.cc:392 Cuda Host Alloc Size 33554432 pointer 0x14c828000000
x3001c0s31b0n0:38122:39293 [3] NCCL INFO init.cc:398 Cuda Host Alloc Size 128 pointer 0x14c846e00200
x3001c0s31b0n0:38122:39293 [3] NCCL INFO comm 0x55e6803ae2c0 rank 3 nranks 20 cudaDev 3 busId c7000 - Init COMPLETE
x3001c0s31b0n0:38121:39291 [2] NCCL INFO init.cc:367 Cuda Alloc Size 5168 pointer 0x14f6c7808800
x3001c0s31b0n0:38119:39285 [0] NCCL INFO init.cc:367 Cuda Alloc Size 5168 pointer 0x15490ba08800
x3001c0s31b0n0:38120:39459 [1] NCCL INFO transport/net.cc:376 Cuda Alloc Size 8388608 pointer 0x14ffcf400000
x3001c0s31b0n0:38120:39294 [1] NCCL INFO init.cc:392 Cuda Host Alloc Size 33554432 pointer 0x14ffc9000000
x3001c0s31b0n0:38120:39294 [1] NCCL INFO init.cc:398 Cuda Host Alloc Size 128 pointer 0x14ffb7400200
x3001c0s31b0n0:38120:39294 [1] NCCL INFO comm 0x55e0177d6c50 rank 1 nranks 20 cudaDev 1 busId 46000 - Init COMPLETE
x3001c0s31b0n0:38119:39285 [0] NCCL INFO init.cc:392 Cuda Host Alloc Size 33554432 pointer 0x1548e8000000
x3001c0s31b0n0:38119:39285 [0] NCCL INFO init.cc:398 Cuda Host Alloc Size 128 pointer 0x15490b000200
x3001c0s31b0n0:38119:39285 [0] NCCL INFO comm 0x5572a4b06630 rank 0 nranks 20 cudaDev 0 busId 7000 - Init COMPLETE
x3001c0s31b0n0:38121:39291 [2] NCCL INFO init.cc:392 Cuda Host Alloc Size 33554432 pointer 0x14f6a2000000
x3001c0s31b0n0:38121:39291 [2] NCCL INFO init.cc:398 Cuda Host Alloc Size 128 pointer 0x14f6c6e00200
x3001c0s31b0n0:38121:39291 [2] NCCL INFO comm 0x5555cbf563b0 rank 2 nranks 20 cudaDev 2 busId 85000 - Init COMPLETE
x3001c0s31b0n0:38121:39461 [2] NCCL INFO transport/net.cc:376 Cuda Alloc Size 8388608 pointer 0x14f6ab800000
[Hao INFO in ncclAllReduce (all_reduce.cc)] rank 0 ncclAllReduce: count: 1, datatype: ncclUint8, message size: 1 Bytes
x3001c0s31b0n0:38119:38119 [0] NCCL INFO AllReduce: opCount 0 sendbuff 0x15494f800200 recvbuff 0x15494f800200 count 1 datatype 1 op 0 root 0 comm 0x5572a4b06630 [nranks=20] stream 0x5572bcd72bd0
x3001c0s31b0n0:38119:38119 [0] NCCL INFO misc/utils.cc:235 memory stack hunk malloc(65536)

[LYD INFO in ncclAllReduce (all_reduce.cc)] rank 0 AllReduce Time: 0.000037000 seconds

[LYD INFO in getAlgoInfo (enqueue.cc)] algorithm a is: 0

[LYD INFO in getAlgoInfo (enqueue.cc)] algorithm a is: 1

[LYD INFO in getAlgoInfo (enqueue.cc)] rank: 0, Duration between Point 1 and Point 2: 0.000011000 seconds

[LYD INFO in getAlgoInfo (enqueue.cc)] rank 0, Duration between Point 2 and Point 3: 0.000000000 seconds
[LYD INFO in getAlgoInfo (enqueue.cc)] out rank: 0
[LYD INFO in getAlgoInfo (enqueue.cc)] out coll: 4
[LYD INFO in getAlgoInfo (enqueue.cc)] out sendbuff address: 0x15494f800200
[LYD INFO in getAlgoInfo (enqueue.cc)] out recvbuff address: 0x15494f800200
[LYD INFO in getAlgoInfo (enqueue.cc)] out count: 1
[LYD INFO in getAlgoInfo (enqueue.cc)] out datatype: 1
[LYD INFO in getAlgoInfo (enqueue.cc)] out chunkSteps: 4
[LYD INFO in getAlgoInfo (enqueue.cc)] out sliceSteps: 2
[LYD INFO in getAlgoInfo (enqueue.cc)] out algorithm: 0
[LYD INFO in getAlgoInfo (enqueue.cc)] out protocol: 0
[LYD INFO in getAlgoInfo (enqueue.cc)] out nChannels: 1
[LYD INFO in getAlgoInfo (enqueue.cc)] out nThreads: 96
[LYD INFO in getAlgoInfo (enqueue.cc)] out nBytes: 1
[LYD INFO in getAlgoInfo (enqueue.cc)] out nstepsPerLoop: 0
[LYD INFO in getAlgoInfo (enqueue.cc)] out nchunksPerLoop: 0
[LYD INFO in getAlgoInfo (enqueue.cc)] out chunkSize: 0
[LYD INFO in ncclLaunchKernel (enqueue.cc)] NCHANNELS is: 4x3001c0s31b0n0:38122:38122 [3] NCCL INFO AllReduce: opCount 0 sendbuff 0x14c887600200 recvbuff 0x14c887600200 count 1 datatype 1 op 0 root 0 comm 0x55e6803ae2c0 [nranks=20] stream 0x55e69ecc5b50
x3001c0s31b0n0:38122:38122 [3] NCCL INFO misc/utils.cc:235 memory stack hunk malloc(65536)
[LYD INFO in ncclLaunchKernel (enqueue.cc)] NCHANNELS is: 4x3001c0s31b0n0:38120:38120 [1] NCCL INFO AllReduce: opCount 0 sendbuff 0x14ffb3c00200 recvbuff 0x14ffb3c00200 count 1 datatype 1 op 0 root 0 comm 0x55e0177d6c50 [nranks=20] stream 0x55e01ae4b660
x3001c0s31b0n0:38120:38120 [1] NCCL INFO misc/utils.cc:235 memory stack hunk malloc(65536)
[LYD INFO in ncclLaunchKernel (enqueue.cc)] NCHANNELS is: 4x3001c0s31b0n0:38121:38121 [2] NCCL INFO AllReduce: opCount 0 sendbuff 0x14f707600200 recvbuff 0x14f707600200 count 1 datatype 1 op 0 root 0 comm 0x5555cbf563b0 [nranks=20] stream 0x5555cf8fd110
x3001c0s31b0n0:38121:38121 [2] NCCL INFO misc/utils.cc:235 memory stack hunk malloc(65536)
[LYD INFO in ncclLaunchKernel (enqueue.cc)] NCHANNELS is: 4
[LYD INFO in NCCL_KERN_NAME (common.h)] 0 AllReduce TREE LL Sum uint8_t Elapsed time: 862040 us
[Hao INFO in ncclAllReduce (all_reduce.cc)] rank 0 ncclAllReduce: count: 1, datatype: ncclUint8, message size: 1 Bytes
x3001c0s31b0n0:38119:38119 [0] NCCL INFO AllReduce: opCount 1 sendbuff 0x15494f800000 recvbuff 0x15494f800000 count 1 datatype 1 op 0 root 0 comm 0x5572a4b06630 [nranks=20] stream 0x5572bcd72bd0

[LYD INFO in ncclAllReduce (all_reduce.cc)] rank 0 AllReduce Time: 0.000027000 seconds

[LYD INFO in getAlgoInfo (enqueue.cc)] algorithm a is: 0

[LYD INFO in getAlgoInfo (enqueue.cc)] algorithm a is: 1

