x3012c0s19b1n0:20350:24932 [2] NCCL INFO GPU Direct RDMA Disabled for GPU 85000 / HCA 0 (distance 7 > 4)
x3012c0s19b1n0:20350:24932 [2] NCCL INFO GPU Direct RDMA Disabled for GPU c7000 / HCA 0 (distance 6 > 4)
x3012c0s19b1n0:20350:24932 [2] NCCL INFO === System : maxBw 12.0 totalBw 264.0 ===
x3012c0s19b1n0:20350:24932 [2] NCCL INFO CPU/3 (1/2/-1)
x3012c0s19b1n0:20350:24932 [2] NCCL INFO + SYS[5000.0] - CPU/2
x3012c0s19b1n0:20350:24932 [2] NCCL INFO + SYS[5000.0] - CPU/1
x3012c0s19b1n0:20350:24932 [2] NCCL INFO + SYS[5000.0] - CPU/0
x3012c0s19b1n0:20350:24932 [2] NCCL INFO + PCI[24.0] - PCI/5000 (11f8406811f8beef)
x3012c0s19b1n0:20350:24932 [2] NCCL INFO               + PCI[24.0] - GPU/7000 (12)
x3012c0s19b1n0:20350:24932 [2] NCCL INFO                             + NVL[88.0] - GPU/85000
x3012c0s19b1n0:20350:24932 [2] NCCL INFO                             + NVL[88.0] - GPU/C7000
x3012c0s19b1n0:20350:24932 [2] NCCL INFO                             + NVL[88.0] - GPU/46000
x3012c0s19b1n0:20350:24932 [2] NCCL INFO CPU/2 (1/2/-1)
x3012c0s19b1n0:20350:24932 [2] NCCL INFO + SYS[5000.0] - CPU/3
x3012c0s19b1n0:20350:24932 [2] NCCL INFO + SYS[5000.0] - CPU/1
x3012c0s19b1n0:20350:24932 [2] NCCL INFO + SYS[5000.0] - CPU/0
x3012c0s19b1n0:20350:24932 [2] NCCL INFO + PCI[24.0] - PCI/44000 (11f8406811f8beef)
x3012c0s19b1n0:20350:24932 [2] NCCL INFO               + PCI[24.0] - GPU/46000 (13)
x3012c0s19b1n0:20350:24932 [2] NCCL INFO                             + NVL[88.0] - GPU/85000
x3012c0s19b1n0:20350:24932 [2] NCCL INFO                             + NVL[88.0] - GPU/C7000
x3012c0s19b1n0:20350:24932 [2] NCCL INFO                             + NVL[88.0] - GPU/7000
x3012c0s19b1n0:20350:24932 [2] NCCL INFO + PCI[12.0] - NIC/43000
x3012c0s19b1n0:20350:24932 [2] NCCL INFO               + NET[12.5] - NET/1 (f4e604ffffa4e988/1/12.500000)
x3012c0s19b1n0:20350:24932 [2] NCCL INFO CPU/1 (1/2/-1)
x3012c0s19b1n0:20350:24932 [2] NCCL INFO + SYS[5000.0] - CPU/3
x3012c0s19b1n0:20350:24932 [2] NCCL INFO + SYS[5000.0] - CPU/2
x3012c0s19b1n0:20350:24932 [2] NCCL INFO + SYS[5000.0] - CPU/0
x3012c0s19b1n0:20350:24932 [2] NCCL INFO + PCI[24.0] - PCI/83000 (11f8406811f8beef)
x3012c0s19b1n0:20350:24932 [2] NCCL INFO               + PCI[24.0] - GPU/85000 (14)
x3012c0s19b1n0:20350:24932 [2] NCCL INFO                             + NVL[88.0] - GPU/C7000
x3012c0s19b1n0:20350:24932 [2] NCCL INFO                             + NVL[88.0] - GPU/46000
x3012c0s19b1n0:20350:24932 [2] NCCL INFO                             + NVL[88.0] - GPU/7000
x3012c0s19b1n0:20350:24932 [2] NCCL INFO CPU/0 (1/2/-1)
x3012c0s19b1n0:20350:24932 [2] NCCL INFO + SYS[5000.0] - CPU/3
x3012c0s19b1n0:20350:24932 [2] NCCL INFO + SYS[5000.0] - CPU/2
x3012c0s19b1n0:20350:24932 [2] NCCL INFO + SYS[5000.0] - CPU/1
x3012c0s19b1n0:20350:24932 [2] NCCL INFO + PCI[24.0] - PCI/C5000 (11f8406811f8beef)
x3012c0s19b1n0:20350:24932 [2] NCCL INFO               + PCI[24.0] - GPU/C7000 (15)
x3012c0s19b1n0:20350:24932 [2] NCCL INFO                             + NVL[88.0] - GPU/85000
x3012c0s19b1n0:20350:24932 [2] NCCL INFO                             + NVL[88.0] - GPU/46000
x3012c0s19b1n0:20350:24932 [2] NCCL INFO                             + NVL[88.0] - GPU/7000
x3012c0s19b1n0:20350:24932 [2] NCCL INFO + PCI[12.0] - NIC/C8000
x3012c0s19b1n0:20350:24932 [2] NCCL INFO               + NET[12.5] - NET/0 (f8e604ffffa4e988/1/12.500000)
x3012c0s19b1n0:20350:24932 [2] NCCL INFO ==========================================
x3012c0s19b1n0:20350:24932 [2] NCCL INFO GPU/7000 :GPU/7000 (0/5000.000000/LOC) GPU/46000 (1/88.000000/NVL) GPU/85000 (1/88.000000/NVL) GPU/C7000 (1/88.000000/NVL) CPU/3 (2/24.000000/PHB) CPU/2 (3/24.000000/SYS) CPU/1 (3/24.000000/SYS) CPU/0 (3/24.000000/SYS) NET/1 (5/12.000000/SYS) NET/0 (5/12.000000/SYS) 
x3012c0s19b1n0:20350:24932 [2] NCCL INFO GPU/46000 :GPU/7000 (1/88.000000/NVL) GPU/46000 (0/5000.000000/LOC) GPU/85000 (1/88.000000/NVL) GPU/C7000 (1/88.000000/NVL) CPU/3 (3/24.000000/SYS) CPU/2 (2/24.000000/PHB) CPU/1 (3/24.000000/SYS) CPU/0 (3/24.000000/SYS) NET/1 (4/12.000000/PHB) NET/0 (5/12.000000/SYS) 
x3012c0s19b1n0:20350:24932 [2] NCCL INFO GPU/85000 :GPU/7000 (1/88.000000/NVL) GPU/46000 (1/88.000000/NVL) GPU/85000 (0/5000.000000/LOC) GPU/C7000 (1/88.000000/NVL) CPU/3 (3/24.000000/SYS) CPU/2 (3/24.000000/SYS) CPU/1 (2/24.000000/PHB) CPU/0 (3/24.000000/SYS) NET/1 (5/12.000000/SYS) NET/0 (5/12.000000/SYS) 
x3012c0s19b1n0:20350:24932 [2] NCCL INFO GPU/C7000 :GPU/7000 (1/88.000000/NVL) GPU/46000 (1/88.000000/NVL) GPU/85000 (1/88.000000/NVL) GPU/C7000 (0/5000.000000/LOC) CPU/3 (3/24.000000/SYS) CPU/2 (3/24.000000/SYS) CPU/1 (3/24.000000/SYS) CPU/0 (2/24.000000/PHB) NET/1 (5/12.000000/SYS) NET/0 (4/12.000000/PHB) 
x3012c0s19b1n0:20350:24932 [2] NCCL INFO NET/1 :GPU/7000 (5/12.000000/SYS) GPU/46000 (4/12.000000/PHB) GPU/85000 (5/12.000000/SYS) GPU/C7000 (5/12.000000/SYS) CPU/3 (3/12.000000/SYS) CPU/2 (2/12.000000/PHB) CPU/1 (3/12.000000/SYS) CPU/0 (3/12.000000/SYS) NET/1 (0/5000.000000/LOC) NET/0 (5/12.000000/SYS) 
x3012c0s19b1n0:20350:24932 [2] NCCL INFO NET/0 :GPU/7000 (5/12.000000/SYS) GPU/46000 (5/12.000000/SYS) GPU/85000 (5/12.000000/SYS) GPU/C7000 (4/12.000000/PHB) CPU/3 (3/12.000000/SYS) CPU/2 (3/12.000000/SYS) CPU/1 (3/12.000000/SYS) CPU/0 (2/12.000000/PHB) NET/1 (5/12.000000/SYS) NET/0 (0/5000.000000/LOC) 
x3012c0s19b1n0:20350:24932 [2] NCCL INFO Pattern 4, crossNic 0, nChannels 2, bw 12.000000/12.000000, type NVL/SYS, sameChannels 1
x3012c0s19b1n0:20350:24932 [2] NCCL INFO  0 : NET/1 GPU/13 GPU/12 GPU/14 GPU/15 NET/1
x3012c0s19b1n0:20350:24932 [2] NCCL INFO  1 : NET/0 GPU/13 GPU/12 GPU/14 GPU/15 NET/0
x3012c0s19b1n0:20350:24932 [2] NCCL INFO Pattern 1, crossNic 0, nChannels 2, bw 24.000000/12.000000, type NVL/SYS, sameChannels 1
x3012c0s19b1n0:20350:24932 [2] NCCL INFO  0 : NET/1 GPU/12 GPU/13 GPU/14 GPU/15 NET/1
x3012c0s19b1n0:20350:24932 [2] NCCL INFO  1 : NET/0 GPU/12 GPU/13 GPU/14 GPU/15 NET/0
x3012c0s19b1n0:20350:24932 [2] NCCL INFO Pattern 3, crossNic 0, nChannels 0, bw 0.000000/0.000000, type NVL/PIX, sameChannels 1
x3012c0s19b1n0:20348:24934 [0] NCCL INFO Tree 0 : 8 -> 12 -> 13/-1/-1
x3012c0s19b1n0:20348:24934 [0] NCCL INFO Tree 2 : 1 -> 12 -> 13/16/-1
x3012c0s19b1n0:20348:24934 [0] NCCL INFO Tree 1 : 8 -> 12 -> 13/-1/-1
x3012c0s19b1n0:20348:24934 [0] NCCL INFO Tree 3 : 1 -> 12 -> 13/16/-1
x3012c0s19b1n0:20348:24934 [0] NCCL INFO Ring 00 : 13 -> 12 -> 14
x3012c0s19b1n0:20348:24934 [0] NCCL INFO Ring 01 : 13 -> 12 -> 14
x3012c0s19b1n0:20348:24934 [0] NCCL INFO Ring 02 : 13 -> 12 -> 14
x3012c0s19b1n0:20348:24934 [0] NCCL INFO Ring 03 : 13 -> 12 -> 14
x3012c0s19b1n0:20348:24934 [0] NCCL INFO Trees [0] 13/-1/-1->12->8 [1] 13/-1/-1->12->8 [2] 13/16/-1->12->1 [3] 13/16/-1->12->1
x3012c0s19b1n0:20348:24934 [0] NCCL INFO misc/utils.cc:235 memory stack hunk malloc(65536)
x3012c0s19b1n0:20348:24934 [0] NCCL INFO channel.cc:23 Cuda Alloc Size 8064 pointer 0x14b3cf817400
x3012c0s19b1n0:20348:24934 [0] NCCL INFO channel.cc:27 Cuda Alloc Size 80 pointer 0x14b3cf819400
x3012c0s19b1n0:20348:24934 [0] NCCL INFO channel.cc:23 Cuda Alloc Size 8064 pointer 0x14b3cf819600
x3012c0s19b1n0:20348:24934 [0] NCCL INFO channel.cc:27 Cuda Alloc Size 80 pointer 0x14b3cf81b600
x3012c0s19b1n0:20348:24934 [0] NCCL INFO channel.cc:23 Cuda Alloc Size 8064 pointer 0x14b3cf81b800
x3012c0s19b1n0:20348:24934 [0] NCCL INFO channel.cc:27 Cuda Alloc Size 80 pointer 0x14b3cf81d800
x3012c0s19b1n0:20348:24934 [0] NCCL INFO channel.cc:23 Cuda Alloc Size 8064 pointer 0x14b3cf81da00
x3012c0s19b1n0:20348:24934 [0] NCCL INFO channel.cc:27 Cuda Alloc Size 80 pointer 0x14b3cf81fa00
x3012c0s19b1n0:20348:24934 [0] NCCL INFO Channel 00/0 : 12[7000] -> 14[85000] via P2P/IPC/read
x3012c0s19b1n0:20348:25075 [0] NCCL INFO Mem Realloc old size 0, new size 8 pointer 0x14b378000c60
x3012c0s19b1n0:20348:25075 [0] NCCL INFO New proxy send connection 0 from local rank 0, transport 0
x3012c0s19b1n0:20348:24934 [0] NCCL INFO Connection to proxy localRank 0 -> connection 0x14b378000c80
x3012c0s19b1n0:20348:25075 [0] NCCL INFO transport/p2p.cc:430 Cuda Alloc Size 6291456 pointer 0x14b3f4000000
x3012c0s19b1n0:20349:24931 [1] NCCL INFO Tree 0 : 12 -> 13 -> 14/-1/-1
x3012c0s19b1n0:20349:24931 [1] NCCL INFO Tree 2 : 12 -> 13 -> 14/8/-1
x3012c0s19b1n0:20349:24931 [1] NCCL INFO Tree 1 : 12 -> 13 -> 14/-1/-1
x3012c0s19b1n0:20349:24931 [1] NCCL INFO Tree 3 : 12 -> 13 -> 14/8/-1
x3012c0s19b1n0:20349:24931 [1] NCCL INFO Ring 00 : 11 -> 13 -> 12
x3012c0s19b1n0:20349:24931 [1] NCCL INFO Ring 01 : 11 -> 13 -> 12
x3012c0s19b1n0:20349:24931 [1] NCCL INFO Ring 02 : 11 -> 13 -> 12
x3012c0s19b1n0:20349:24931 [1] NCCL INFO Ring 03 : 11 -> 13 -> 12
x3012c0s19b1n0:20349:24931 [1] NCCL INFO Trees [0] 14/-1/-1->13->12 [1] 14/-1/-1->13->12 [2] 14/8/-1->13->12 [3] 14/8/-1->13->12
x3012c0s19b1n0:20349:24931 [1] NCCL INFO misc/utils.cc:235 memory stack hunk malloc(65536)
x3012c0s19b1n0:20349:24931 [1] NCCL INFO channel.cc:23 Cuda Alloc Size 8064 pointer 0x145d7d817400
x3012c0s19b1n0:20349:24931 [1] NCCL INFO channel.cc:27 Cuda Alloc Size 80 pointer 0x145d7d819400
x3012c0s19b1n0:20349:24931 [1] NCCL INFO channel.cc:23 Cuda Alloc Size 8064 pointer 0x145d7d819600
x3012c0s19b1n0:20349:24931 [1] NCCL INFO channel.cc:27 Cuda Alloc Size 80 pointer 0x145d7d81b600
x3012c0s19b1n0:20349:24931 [1] NCCL INFO channel.cc:23 Cuda Alloc Size 8064 pointer 0x145d7d81b800
x3012c0s19b1n0:20349:24931 [1] NCCL INFO channel.cc:27 Cuda Alloc Size 80 pointer 0x145d7d81d800
x3012c0s19b1n0:20349:24931 [1] NCCL INFO channel.cc:23 Cuda Alloc Size 8064 pointer 0x145d7d81da00
x3012c0s19b1n0:20349:24931 [1] NCCL INFO channel.cc:27 Cuda Alloc Size 80 pointer 0x145d7d81fa00
x3012c0s19b1n0:20349:24931 [1] NCCL INFO GPU Direct RDMA Disabled for GPU 46000 / HCA 1 (distance 6 > 4)
x3012c0s19b1n0:20349:25081 [1] NCCL INFO Mem Realloc old size 0, new size 8 pointer 0x145d28000c60
x3012c0s19b1n0:20349:25081 [1] NCCL INFO Allocated 4194656 bytes of shared memory in /dev/shm/nccl-7HrujS

x3012c0s19b1n0:20349:25081 [1] NCCL INFO New proxy recv connection 0 from local rank 1, transport 2
x3012c0s19b1n0:20348:24934 [0] NCCL INFO Channel 01/0 : 12[7000] -> 14[85000] via P2P/IPC/read
x3012c0s19b1n0:20349:24931 [1] NCCL INFO Connection to proxy localRank 1 -> connection 0x145d28000c80
x3012c0s19b1n0:20350:24932 [2] NCCL INFO Ring 00 : 12 -> 14 -> 15
x3012c0s19b1n0:20350:24932 [2] NCCL INFO Ring 01 : 12 -> 14 -> 15
x3012c0s19b1n0:20350:24932 [2] NCCL INFO Ring 02 : 12 -> 14 -> 15
x3012c0s19b1n0:20350:24932 [2] NCCL INFO Ring 03 : 12 -> 14 -> 15
x3012c0s19b1n0:20350:24932 [2] NCCL INFO Trees [0] 15/-1/-1->14->13 [1] 15/-1/-1->14->13 [2] 15/-1/-1->14->13 [3] 15/-1/-1->14->13
x3012c0s19b1n0:20350:24932 [2] NCCL INFO misc/utils.cc:235 memory stack hunk malloc(65536)
x3012c0s19b1n0:20350:24932 [2] NCCL INFO channel.cc:23 Cuda Alloc Size 8064 pointer 0x14e243817400
x3012c0s19b1n0:20350:24932 [2] NCCL INFO channel.cc:27 Cuda Alloc Size 80 pointer 0x14e243819400
x3012c0s19b1n0:20350:24932 [2] NCCL INFO channel.cc:23 Cuda Alloc Size 8064 pointer 0x14e243819600
x3012c0s19b1n0:20350:24932 [2] NCCL INFO channel.cc:27 Cuda Alloc Size 80 pointer 0x14e24381b600
x3012c0s19b1n0:20350:24932 [2] NCCL INFO channel.cc:23 Cuda Alloc Size 8064 pointer 0x14e24381b800
x3012c0s19b1n0:20350:24932 [2] NCCL INFO channel.cc:27 Cuda Alloc Size 80 pointer 0x14e24381d800
x3012c0s19b1n0:20350:24932 [2] NCCL INFO channel.cc:23 Cuda Alloc Size 8064 pointer 0x14e24381da00
x3012c0s19b1n0:20350:24932 [2] NCCL INFO channel.cc:27 Cuda Alloc Size 80 pointer 0x14e24381fa00
x3012c0s19b1n0:20350:24932 [2] NCCL INFO Channel 00/0 : 14[85000] -> 15[c7000] via P2P/IPC/read
x3012c0s19b1n0:20348:25075 [0] NCCL INFO New proxy send connection 1 from local rank 0, transport 0
x3012c0s19b1n0:20348:24934 [0] NCCL INFO Connection to proxy localRank 0 -> connection 0x14b378000cc0
x3012c0s19b1n0:20350:25082 [2] NCCL INFO Mem Realloc old size 0, new size 8 pointer 0x14e1ec000c60
x3012c0s19b1n0:20350:25082 [2] NCCL INFO New proxy send connection 0 from local rank 2, transport 0
x3012c0s19b1n0:20348:25075 [0] NCCL INFO transport/p2p.cc:430 Cuda Alloc Size 6291456 pointer 0x14b3f4600000
x3012c0s19b1n0:20351:24933 [3] NCCL INFO Ring 00 : 14 -> 15 -> 17
x3012c0s19b1n0:20351:24933 [3] NCCL INFO Ring 01 : 14 -> 15 -> 17
x3012c0s19b1n0:20351:24933 [3] NCCL INFO Ring 02 : 14 -> 15 -> 17
x3012c0s19b1n0:20351:24933 [3] NCCL INFO Ring 03 : 14 -> 15 -> 17
x3012c0s19b1n0:20351:24933 [3] NCCL INFO Trees [0] -1/-1/-1->15->14 [1] -1/-1/-1->15->14 [2] -1/-1/-1->15->14 [3] -1/-1/-1->15->14
x3012c0s19b1n0:20351:24933 [3] NCCL INFO misc/utils.cc:235 memory stack hunk malloc(65536)
x3012c0s19b1n0:20351:24933 [3] NCCL INFO channel.cc:23 Cuda Alloc Size 8064 pointer 0x155271817400
x3012c0s19b1n0:20351:24933 [3] NCCL INFO channel.cc:27 Cuda Alloc Size 80 pointer 0x155271819400
x3012c0s19b1n0:20351:24933 [3] NCCL INFO channel.cc:23 Cuda Alloc Size 8064 pointer 0x155271819600
x3012c0s19b1n0:20351:24933 [3] NCCL INFO channel.cc:27 Cuda Alloc Size 80 pointer 0x15527181b600
x3012c0s19b1n0:20351:24933 [3] NCCL INFO channel.cc:23 Cuda Alloc Size 8064 pointer 0x15527181b800
x3012c0s19b1n0:20351:24933 [3] NCCL INFO channel.cc:27 Cuda Alloc Size 80 pointer 0x15527181d800
x3012c0s19b1n0:20351:24933 [3] NCCL INFO channel.cc:23 Cuda Alloc Size 8064 pointer 0x15527181da00
x3012c0s19b1n0:20351:24933 [3] NCCL INFO channel.cc:27 Cuda Alloc Size 80 pointer 0x15527181fa00
x3012c0s19b1n0:20349:24931 [1] NCCL INFO Channel 00/0 : 11[c7000] -> 13[46000] [receive] via NET/IB/1
x3012c0s19b1n0:20349:24931 [1] NCCL INFO GPU Direct RDMA Disabled for GPU 46000 / HCA 0 (distance 7 > 4)
x3012c0s19b1n0:20349:25081 [1] NCCL INFO New proxy recv connection 1 from local rank 1, transport 2
x3012c0s19b1n0:20350:24932 [2] NCCL INFO Connection to proxy localRank 2 -> connection 0x14e1ec000c80
x3012c0s19b1n0:20351:25077 [3] NCCL INFO Mem Realloc old size 0, new size 8 pointer 0x15521c000c60
x3012c0s19b1n0:20351:25077 [3] NCCL INFO New proxy recv connection 0 from local rank 3, transport 0
x3012c0s19b1n0:20351:24933 [3] NCCL INFO Connection to proxy localRank 3 -> connection 0x15521c000c80
x3012c0s19b1n0:20351:25077 [3] NCCL INFO transport/p2p.cc:449 Cuda Alloc Size 6291456 pointer 0x155257600000
x3012c0s19b1n0:20350:25082 [2] NCCL INFO transport/p2p.cc:430 Cuda Alloc Size 6291456 pointer 0x14e268000000
x3012c0s19b1n0:20348:24934 [0] NCCL INFO Channel 02/0 : 12[7000] -> 14[85000] via P2P/IPC/read
x3012c0s19b1n0:20348:25075 [0] NCCL INFO New proxy send connection 2 from local rank 0, transport 0
x3012c0s19b1n0:20349:24931 [1] NCCL INFO Connection to proxy localRank 1 -> connection 0x145d28000cc0
x3012c0s19b1n0:20350:24932 [2] NCCL INFO Channel 01/0 : 14[85000] -> 15[c7000] via P2P/IPC/read
x3012c0s19b1n0:20351:25077 [3] NCCL INFO New proxy recv connection 1 from local rank 3, transport 0
x3012c0s19b1n0:20350:25082 [2] NCCL INFO New proxy send connection 1 from local rank 2, transport 0
x3012c0s19b1n0:20348:24934 [0] NCCL INFO Connection to proxy localRank 0 -> connection 0x14b378000d00
x3012c0s19b1n0:20348:25075 [0] NCCL INFO transport/p2p.cc:430 Cuda Alloc Size 6291456 pointer 0x14b3f4c00000
x3012c0s19b1n0:20348:24934 [0] NCCL INFO Channel 03/0 : 12[7000] -> 14[85000] via P2P/IPC/read
x3012c0s19b1n0:20349:24931 [1] NCCL INFO Channel 01/0 : 11[c7000] -> 13[46000] [receive] via NET/IB/0
x3012c0s19b1n0:20349:24931 [1] NCCL INFO GPU Direct RDMA Disabled for GPU 46000 / HCA 1 (distance 6 > 4)
x3012c0s19b1n0:20349:25081 [1] NCCL INFO New proxy recv connection 2 from local rank 1, transport 2
x3012c0s19b1n0:20349:24931 [1] NCCL INFO Connection to proxy localRank 1 -> connection 0x145d28000d00
x3012c0s19b1n0:20350:24932 [2] NCCL INFO Connection to proxy localRank 2 -> connection 0x14e1ec000cc0
x3012c0s19b1n0:20350:25082 [2] NCCL INFO transport/p2p.cc:430 Cuda Alloc Size 6291456 pointer 0x14e268600000
x3012c0s19b1n0:20351:24933 [3] NCCL INFO Connection to proxy localRank 3 -> connection 0x15521c000cc0
x3012c0s19b1n0:20351:25077 [3] NCCL INFO transport/p2p.cc:449 Cuda Alloc Size 6291456 pointer 0x155293800000
x3012c0s19b1n0:20348:25075 [0] NCCL INFO New proxy send connection 3 from local rank 0, transport 0
x3012c0s19b1n0:20349:24931 [1] NCCL INFO Channel 02/0 : 11[c7000] -> 13[46000] [receive] via NET/IB/1
x3012c0s19b1n0:20349:24931 [1] NCCL INFO GPU Direct RDMA Disabled for GPU 46000 / HCA 0 (distance 7 > 4)
x3012c0s19b1n0:20350:24932 [2] NCCL INFO Channel 02/0 : 14[85000] -> 15[c7000] via P2P/IPC/read
x3012c0s19b1n0:20350:25082 [2] NCCL INFO New proxy send connection 2 from local rank 2, transport 0
x3012c0s19b1n0:20351:25077 [3] NCCL INFO New proxy recv connection 2 from local rank 3, transport 0
x3012c0s19b1n0:20348:24934 [0] NCCL INFO Connection to proxy localRank 0 -> connection 0x14b378000d40
x3012c0s19b1n0:20348:25075 [0] NCCL INFO transport/p2p.cc:430 Cuda Alloc Size 6291456 pointer 0x14b3f5200000
x3012c0s19b1n0:20349:25081 [1] NCCL INFO New proxy recv connection 3 from local rank 1, transport 2
x3012c0s19b1n0:20349:24931 [1] NCCL INFO Connection to proxy localRank 1 -> connection 0x145d28000d40
x3012c0s19b1n0:20351:24933 [3] NCCL INFO Connection to proxy localRank 3 -> connection 0x15521c000d00
x3012c0s19b1n0:20351:25077 [3] NCCL INFO transport/p2p.cc:449 Cuda Alloc Size 6291456 pointer 0x155293e00000
x3012c0s19b1n0:20349:24931 [1] NCCL INFO Channel 03/0 : 11[c7000] -> 13[46000] [receive] via NET/IB/0
x3012c0s19b1n0:20350:24932 [2] NCCL INFO Connection to proxy localRank 2 -> connection 0x14e1ec000d00
x3012c0s19b1n0:20350:25082 [2] NCCL INFO transport/p2p.cc:430 Cuda Alloc Size 6291456 pointer 0x14e268c00000
x3012c0s19b1n0:20351:25077 [3] NCCL INFO New proxy recv connection 3 from local rank 3, transport 0
x3012c0s19b1n0:20351:24933 [3] NCCL INFO Connection to proxy localRank 3 -> connection 0x15521c000d40
x3012c0s19b1n0:20351:25077 [3] NCCL INFO transport/p2p.cc:449 Cuda Alloc Size 6291456 pointer 0x155294400000
x3012c0s19b1n0:20350:24932 [2] NCCL INFO Channel 03/0 : 14[85000] -> 15[c7000] via P2P/IPC/read
x3012c0s19b1n0:20350:25082 [2] NCCL INFO New proxy send connection 3 from local rank 2, transport 0
x3012c0s19b1n0:20350:24932 [2] NCCL INFO Connection to proxy localRank 2 -> connection 0x14e1ec000d40
x3012c0s19b1n0:20350:25082 [2] NCCL INFO transport/p2p.cc:430 Cuda Alloc Size 6291456 pointer 0x14e269200000
x3012c0s19b1n0:20351:24933 [3] NCCL INFO GPU Direct RDMA Disabled for GPU c7000 / HCA 1 (distance 7 > 4)
x3012c0s19b1n0:20351:25077 [3] NCCL INFO Allocated 4194656 bytes of shared memory in /dev/shm/nccl-Nx9dv3

x3012c0s19b1n0:20351:25077 [3] NCCL INFO New proxy send connection 4 from local rank 3, transport 2
x3012c0s19b1n0:20350:25082 [2] NCCL INFO New proxy recv connection 4 from local rank 2, transport 0
x3012c0s19b1n0:20351:24933 [3] NCCL INFO Connection to proxy localRank 3 -> connection 0x15521c000d80
x3012c0s19b1n0:20351:24933 [3] NCCL INFO Channel 00/0 : 15[c7000] -> 17[46000] [send] via NET/IB/1
x3012c0s19b1n0:20351:24933 [3] NCCL INFO GPU Direct RDMA Disabled for GPU c7000 / HCA 0 (distance 6 > 4)
x3012c0s19b1n0:20351:25077 [3] NCCL INFO New proxy send connection 5 from local rank 3, transport 2
x3012c0s19b1n0:20351:24933 [3] NCCL INFO Connection to proxy localRank 3 -> connection 0x15521c000dc0
x3012c0s19b1n0:20350:24932 [2] NCCL INFO Connection to proxy localRank 2 -> connection 0x14e1ec000d80
x3012c0s19b1n0:20350:25082 [2] NCCL INFO transport/p2p.cc:449 Cuda Alloc Size 6291456 pointer 0x14e1e7800000
x3012c0s19b1n0:20351:24933 [3] NCCL INFO Channel 01/0 : 15[c7000] -> 17[46000] [send] via NET/IB/0
x3012c0s19b1n0:20351:24933 [3] NCCL INFO GPU Direct RDMA Disabled for GPU c7000 / HCA 1 (distance 7 > 4)
x3012c0s19b1n0:20351:25077 [3] NCCL INFO New proxy send connection 6 from local rank 3, transport 2
x3012c0s19b1n0:20350:25082 [2] NCCL INFO New proxy recv connection 5 from local rank 2, transport 0
x3012c0s19b1n0:20351:24933 [3] NCCL INFO Connection to proxy localRank 3 -> connection 0x15521c000e00
x3012c0s19b1n0:20351:24933 [3] NCCL INFO Channel 02/0 : 15[c7000] -> 17[46000] [send] via NET/IB/1
x3012c0s19b1n0:20351:24933 [3] NCCL INFO GPU Direct RDMA Disabled for GPU c7000 / HCA 0 (distance 6 > 4)
x3012c0s19b1n0:20351:25077 [3] NCCL INFO New proxy send connection 7 from local rank 3, transport 2
x3012c0s19b1n0:20350:24932 [2] NCCL INFO Connection to proxy localRank 2 -> connection 0x14e1ec000dc0
x3012c0s19b1n0:20349:25081 [1] NCCL INFO transport/net_ib.cc:683 Ib Alloc Size 21688 pointer 0x145d2801d000
x3012c0s19b1n0:20349:25081 [1] NCCL INFO transport/net_ib.cc:696 Ib Alloc Size 552 pointer 0x145d28024000
x3012c0s19b1n0:20351:24933 [3] NCCL INFO Connection to proxy localRank 3 -> connection 0x15521c000e40
x3012c0s19b1n0:20351:24933 [3] NCCL INFO Channel 03/0 : 15[c7000] -> 17[46000] [send] via NET/IB/0
x3012c0s19b1n0:20351:25077 [3] NCCL INFO transport/net_ib.cc:596 Ib Alloc Size 26560 pointer 0x15521c020000
x3012c0s19b1n0:20351:25077 [3] NCCL INFO NET/IB: Dev 1 Port 1 qpn 3567 mtu 5 GID 0 (80FE/891100FEFF000000)
x3012c0s19b1n0:20351:25077 [3] NCCL INFO transport/net_ib.cc:653 Ib Alloc Size 552 pointer 0x15521c038000
x3012c0s19b1n0:20351:25077 [3] NCCL INFO transport/net.cc:571 Cuda Host Alloc Size 9641984 pointer 0x155222c00000
x3012c0s19b1n0:20350:25082 [2] NCCL INFO transport/p2p.cc:449 Cuda Alloc Size 6291456 pointer 0x14e1e4000000
x3012c0s19b1n0:20349:25081 [1] NCCL INFO transport/net_ib.cc:771 Ib Alloc Size 552 pointer 0x145d28041000
x3012c0s19b1n0:20349:25081 [1] NCCL INFO transport/net.cc:698 Cuda Host Alloc Size 9641984 pointer 0x145da2a00000
x3012c0s19b1n0:20350:25082 [2] NCCL INFO New proxy recv connection 6 from local rank 2, transport 0
x3012c0s19b1n0:20349:25081 [1] NCCL INFO transport/net_ib.cc:683 Ib Alloc Size 21688 pointer 0x145d28043000
x3012c0s19b1n0:20349:25081 [1] NCCL INFO transport/net_ib.cc:696 Ib Alloc Size 552 pointer 0x145d2804a000
x3012c0s19b1n0:20349:25081 [1] NCCL INFO transport/net_ib.cc:771 Ib Alloc Size 552 pointer 0x145d28065000
x3012c0s19b1n0:20349:25081 [1] NCCL INFO transport/net.cc:698 Cuda Host Alloc Size 9641984 pointer 0x145da3400000
x3012c0s19b1n0:20349:25081 [1] NCCL INFO transport/net_ib.cc:683 Ib Alloc Size 21688 pointer 0x145d28067000
x3012c0s19b1n0:20349:25081 [1] NCCL INFO transport/net_ib.cc:696 Ib Alloc Size 552 pointer 0x145d2806e000
x3012c0s19b1n0:20349:25081 [1] NCCL INFO transport/net_ib.cc:771 Ib Alloc Size 552 pointer 0x145d28089000
x3012c0s19b1n0:20349:25081 [1] NCCL INFO transport/net.cc:698 Cuda Host Alloc Size 9641984 pointer 0x145da3e00000
x3012c0s19b1n0:20351:25077 [3] NCCL INFO transport/net_ib.cc:596 Ib Alloc Size 26560 pointer 0x15521c03a000
x3012c0s19b1n0:20350:24932 [2] NCCL INFO Connection to proxy localRank 2 -> connection 0x14e1ec000e00
x3012c0s19b1n0:20350:25082 [2] NCCL INFO transport/p2p.cc:449 Cuda Alloc Size 6291456 pointer 0x14e1e4600000
x3012c0s19b1n0:20351:25077 [3] NCCL INFO NET/IB: Dev 0 Port 1 qpn 3163 mtu 5 GID 0 (80FE/DE1100FEFF000000)
x3012c0s19b1n0:20351:25077 [3] NCCL INFO transport/net_ib.cc:653 Ib Alloc Size 552 pointer 0x15521c051000
x3012c0s19b1n0:20351:25077 [3] NCCL INFO transport/net.cc:571 Cuda Host Alloc Size 9641984 pointer 0x155223600000
x3012c0s19b1n0:20349:25081 [1] NCCL INFO transport/net_ib.cc:683 Ib Alloc Size 21688 pointer 0x145d2808b000
x3012c0s19b1n0:20349:25081 [1] NCCL INFO transport/net_ib.cc:696 Ib Alloc Size 552 pointer 0x145d28092000
x3012c0s19b1n0:20349:25081 [1] NCCL INFO transport/net_ib.cc:771 Ib Alloc Size 552 pointer 0x145d280ad000
x3012c0s19b1n0:20349:25081 [1] NCCL INFO transport/net.cc:698 Cuda Host Alloc Size 9641984 pointer 0x145da4800000
x3012c0s19b1n0:20350:25082 [2] NCCL INFO New proxy recv connection 7 from local rank 2, transport 0
x3012c0s19b1n0:20350:24932 [2] NCCL INFO Connection to proxy localRank 2 -> connection 0x14e1ec000e40
x3012c0s19b1n0:20350:25082 [2] NCCL INFO transport/p2p.cc:449 Cuda Alloc Size 6291456 pointer 0x14e1e4c00000
x3012c0s19b1n0:20351:25077 [3] NCCL INFO transport/net_ib.cc:596 Ib Alloc Size 26560 pointer 0x15521c053000
x3012c0s19b1n0:20349:24931 [1] NCCL INFO Channel 00/0 : 13[46000] -> 12[7000] via P2P/IPC/read
x3012c0s19b1n0:20349:25081 [1] NCCL INFO New proxy send connection 4 from local rank 1, transport 0
x3012c0s19b1n0:20351:25077 [3] NCCL INFO NET/IB: Dev 1 Port 1 qpn 3572 mtu 5 GID 0 (80FE/891100FEFF000000)
x3012c0s19b1n0:20351:25077 [3] NCCL INFO transport/net_ib.cc:653 Ib Alloc Size 552 pointer 0x15521c06a000
x3012c0s19b1n0:20351:25077 [3] NCCL INFO transport/net.cc:571 Cuda Host Alloc Size 9641984 pointer 0x155216000000
x3012c0s19b1n0:20349:24931 [1] NCCL INFO Connection to proxy localRank 1 -> connection 0x145d28000d80
x3012c0s19b1n0:20349:25081 [1] NCCL INFO transport/p2p.cc:430 Cuda Alloc Size 6291456 pointer 0x145da5200000
x3012c0s19b1n0:20351:25077 [3] NCCL INFO transport/net_ib.cc:596 Ib Alloc Size 26560 pointer 0x15521c06c000
x3012c0s19b1n0:20351:25077 [3] NCCL INFO NET/IB: Dev 0 Port 1 qpn 3166 mtu 5 GID 0 (80FE/DE1100FEFF000000)
x3012c0s19b1n0:20351:25077 [3] NCCL INFO transport/net_ib.cc:653 Ib Alloc Size 552 pointer 0x15521c083000
x3012c0s19b1n0:20351:25077 [3] NCCL INFO transport/net.cc:571 Cuda Host Alloc Size 9641984 pointer 0x155216a00000
x3012c0s19b1n0:20351:24933 [3] NCCL INFO Connected all rings
x3012c0s19b1n0:20351:24933 [3] NCCL INFO Channel 00/0 : 15[c7000] -> 14[85000] via P2P/IPC/read
x3012c0s19b1n0:20350:24932 [2] NCCL INFO Connected all rings
x3012c0s19b1n0:20350:25082 [2] NCCL INFO New proxy recv connection 8 from local rank 2, transport 0
x3012c0s19b1n0:20348:25075 [0] NCCL INFO New proxy recv connection 4 from local rank 0, transport 0
x3012c0s19b1n0:20349:24931 [1] NCCL INFO Channel 01/0 : 13[46000] -> 12[7000] via P2P/IPC/read
x3012c0s19b1n0:20349:25081 [1] NCCL INFO New proxy send connection 5 from local rank 1, transport 0
x3012c0s19b1n0:20350:24932 [2] NCCL INFO Connection to proxy localRank 2 -> connection 0x14e1ec000e80
x3012c0s19b1n0:20350:25082 [2] NCCL INFO transport/p2p.cc:449 Cuda Alloc Size 6291456 pointer 0x14e1e2c00000
x3012c0s19b1n0:20348:24934 [0] NCCL INFO Connection to proxy localRank 0 -> connection 0x14b378000d80
x3012c0s19b1n0:20348:25075 [0] NCCL INFO transport/p2p.cc:449 Cuda Alloc Size 6291456 pointer 0x14b373800000
x3012c0s19b1n0:20350:25082 [2] NCCL INFO New proxy recv connection 9 from local rank 2, transport 0
x3012c0s19b1n0:20349:24931 [1] NCCL INFO Connection to proxy localRank 1 -> connection 0x145d28000dc0
x3012c0s19b1n0:20349:25081 [1] NCCL INFO transport/p2p.cc:430 Cuda Alloc Size 6291456 pointer 0x145d22000000
x3012c0s19b1n0:20348:25075 [0] NCCL INFO New proxy recv connection 5 from local rank 0, transport 0
x3012c0s19b1n0:20351:25077 [3] NCCL INFO New proxy send connection 8 from local rank 3, transport 0
x3012c0s19b1n0:20348:24934 [0] NCCL INFO Connection to proxy localRank 0 -> connection 0x14b378000dc0
x3012c0s19b1n0:20348:25075 [0] NCCL INFO transport/p2p.cc:449 Cuda Alloc Size 6291456 pointer 0x14b370000000
x3012c0s19b1n0:20350:24932 [2] NCCL INFO Connection to proxy localRank 2 -> connection 0x14e1ec000ec0
x3012c0s19b1n0:20350:25082 [2] NCCL INFO transport/p2p.cc:449 Cuda Alloc Size 6291456 pointer 0x14e1e3200000
x3012c0s19b1n0:20351:24933 [3] NCCL INFO Connection to proxy localRank 3 -> connection 0x15521c000e80
x3012c0s19b1n0:20351:25077 [3] NCCL INFO transport/p2p.cc:430 Cuda Alloc Size 6291456 pointer 0x155217400000
x3012c0s19b1n0:20351:24933 [3] NCCL INFO Channel 01/0 : 15[c7000] -> 14[85000] via P2P/IPC/read
x3012c0s19b1n0:20351:25077 [3] NCCL INFO New proxy send connection 9 from local rank 3, transport 0
x3012c0s19b1n0:20349:24931 [1] NCCL INFO Channel 02/0 : 13[46000] -> 12[7000] via P2P/IPC/read
x3012c0s19b1n0:20349:25081 [1] NCCL INFO New proxy send connection 6 from local rank 1, transport 0
x3012c0s19b1n0:20350:25082 [2] NCCL INFO New proxy recv connection 10 from local rank 2, transport 0
x3012c0s19b1n0:20350:24932 [2] NCCL INFO Connection to proxy localRank 2 -> connection 0x14e1ec000f00
x3012c0s19b1n0:20351:24933 [3] NCCL INFO Connection to proxy localRank 3 -> connection 0x15521c000ec0
x3012c0s19b1n0:20351:25077 [3] NCCL INFO transport/p2p.cc:430 Cuda Alloc Size 6291456 pointer 0x155217a00000
x3012c0s19b1n0:20349:24931 [1] NCCL INFO Connection to proxy localRank 1 -> connection 0x145d28000e00
x3012c0s19b1n0:20349:25081 [1] NCCL INFO transport/p2p.cc:430 Cuda Alloc Size 6291456 pointer 0x145d22600000
x3012c0s19b1n0:20348:25075 [0] NCCL INFO New proxy recv connection 6 from local rank 0, transport 0
x3012c0s19b1n0:20350:25082 [2] NCCL INFO transport/p2p.cc:449 Cuda Alloc Size 6291456 pointer 0x14e1e3800000
x3012c0s19b1n0:20349:24931 [1] NCCL INFO Channel 03/0 : 13[46000] -> 12[7000] via P2P/IPC/read
x3012c0s19b1n0:20349:25081 [1] NCCL INFO New proxy send connection 7 from local rank 1, transport 0
x3012c0s19b1n0:20351:24933 [3] NCCL INFO Channel 02/0 : 15[c7000] -> 14[85000] via P2P/IPC/read
x3012c0s19b1n0:20351:25077 [3] NCCL INFO New proxy send connection 10 from local rank 3, transport 0
x3012c0s19b1n0:20348:24934 [0] NCCL INFO Connection to proxy localRank 0 -> connection 0x14b378000e00
x3012c0s19b1n0:20348:25075 [0] NCCL INFO transport/p2p.cc:449 Cuda Alloc Size 6291456 pointer 0x14b370600000
x3012c0s19b1n0:20349:24931 [1] NCCL INFO Connection to proxy localRank 1 -> connection 0x145d28000e40
x3012c0s19b1n0:20349:25081 [1] NCCL INFO transport/p2p.cc:430 Cuda Alloc Size 6291456 pointer 0x145d22c00000
x3012c0s19b1n0:20351:24933 [3] NCCL INFO Connection to proxy localRank 3 -> connection 0x15521c000f00
x3012c0s19b1n0:20348:25075 [0] NCCL INFO New proxy recv connection 7 from local rank 0, transport 0
x3012c0s19b1n0:20351:25077 [3] NCCL INFO transport/p2p.cc:430 Cuda Alloc Size 6291456 pointer 0x155214000000
x3012c0s19b1n0:20350:25082 [2] NCCL INFO New proxy recv connection 11 from local rank 2, transport 0
x3012c0s19b1n0:20348:24934 [0] NCCL INFO Connection to proxy localRank 0 -> connection 0x14b378000e40
x3012c0s19b1n0:20348:25075 [0] NCCL INFO transport/p2p.cc:449 Cuda Alloc Size 6291456 pointer 0x14b370c00000
x3012c0s19b1n0:20350:24932 [2] NCCL INFO Connection to proxy localRank 2 -> connection 0x14e1ec000f40
x3012c0s19b1n0:20350:25082 [2] NCCL INFO transport/p2p.cc:449 Cuda Alloc Size 6291456 pointer 0x14e1e0000000
x3012c0s19b1n0:20351:24933 [3] NCCL INFO Channel 03/0 : 15[c7000] -> 14[85000] via P2P/IPC/read
x3012c0s19b1n0:20351:25077 [3] NCCL INFO New proxy send connection 11 from local rank 3, transport 0
x3012c0s19b1n0:20351:24933 [3] NCCL INFO Connection to proxy localRank 3 -> connection 0x15521c000f40
x3012c0s19b1n0:20351:25077 [3] NCCL INFO transport/p2p.cc:430 Cuda Alloc Size 6291456 pointer 0x155214600000
x3012c0s19b1n0:20348:24934 [0] NCCL INFO Connected all rings
x3012c0s19b1n0:20348:24934 [0] NCCL INFO Channel 00/0 : 12[7000] -> 13[46000] via P2P/IPC/read
x3012c0s19b1n0:20348:25075 [0] NCCL INFO New proxy send connection 8 from local rank 0, transport 0
x3012c0s19b1n0:20349:24931 [1] NCCL INFO Connected all rings
x3012c0s19b1n0:20349:25081 [1] NCCL INFO New proxy recv connection 8 from local rank 1, transport 0
x3012c0s19b1n0:20349:24931 [1] NCCL INFO Connection to proxy localRank 1 -> connection 0x145d28000e80
x3012c0s19b1n0:20349:25081 [1] NCCL INFO transport/p2p.cc:449 Cuda Alloc Size 6291456 pointer 0x145d1ac00000
x3012c0s19b1n0:20348:24934 [0] NCCL INFO Connection to proxy localRank 0 -> connection 0x14b378000e80
x3012c0s19b1n0:20348:25075 [0] NCCL INFO transport/p2p.cc:430 Cuda Alloc Size 6291456 pointer 0x14b36ec00000
x3012c0s19b1n0:20349:25081 [1] NCCL INFO New proxy recv connection 9 from local rank 1, transport 0
x3012c0s19b1n0:20349:24931 [1] NCCL INFO Connection to proxy localRank 1 -> connection 0x145d28000ec0
x3012c0s19b1n0:20349:25081 [1] NCCL INFO transport/p2p.cc:449 Cuda Alloc Size 6291456 pointer 0x145d1b200000
x3012c0s19b1n0:20348:24934 [0] NCCL INFO Channel 01/0 : 12[7000] -> 13[46000] via P2P/IPC/read
x3012c0s19b1n0:20348:25075 [0] NCCL INFO New proxy send connection 9 from local rank 0, transport 0
x3012c0s19b1n0:20349:25081 [1] NCCL INFO New proxy recv connection 10 from local rank 1, transport 0
x3012c0s19b1n0:20349:24931 [1] NCCL INFO Connection to proxy localRank 1 -> connection 0x145d28000f00
x3012c0s19b1n0:20348:24934 [0] NCCL INFO Connection to proxy localRank 0 -> connection 0x14b378000ec0
x3012c0s19b1n0:20348:25075 [0] NCCL INFO transport/p2p.cc:430 Cuda Alloc Size 6291456 pointer 0x14b36f200000
x3012c0s19b1n0:20349:25081 [1] NCCL INFO transport/p2p.cc:449 Cuda Alloc Size 6291456 pointer 0x145d1b800000
x3012c0s19b1n0:20348:24934 [0] NCCL INFO Channel 02/0 : 12[7000] -> 13[46000] via P2P/IPC/read
x3012c0s19b1n0:20348:25075 [0] NCCL INFO New proxy send connection 10 from local rank 0, transport 0
x3012c0s19b1n0:20349:25081 [1] NCCL INFO New proxy recv connection 11 from local rank 1, transport 0
x3012c0s19b1n0:20349:24931 [1] NCCL INFO Connection to proxy localRank 1 -> connection 0x145d28000f40
x3012c0s19b1n0:20348:24934 [0] NCCL INFO Connection to proxy localRank 0 -> connection 0x14b378000f00
x3012c0s19b1n0:20348:25075 [0] NCCL INFO transport/p2p.cc:430 Cuda Alloc Size 6291456 pointer 0x14b36f800000
x3012c0s19b1n0:20349:25081 [1] NCCL INFO transport/p2p.cc:449 Cuda Alloc Size 6291456 pointer 0x145d18000000
x3012c0s19b1n0:20349:24931 [1] NCCL INFO Channel 00/0 : 13[46000] -> 14[85000] via P2P/IPC/read
x3012c0s19b1n0:20349:25081 [1] NCCL INFO New proxy send connection 12 from local rank 1, transport 0
x3012c0s19b1n0:20348:24934 [0] NCCL INFO Channel 03/0 : 12[7000] -> 13[46000] via P2P/IPC/read
x3012c0s19b1n0:20348:25075 [0] NCCL INFO New proxy send connection 11 from local rank 0, transport 0
x3012c0s19b1n0:20349:24931 [1] NCCL INFO Connection to proxy localRank 1 -> connection 0x145d28000f80
x3012c0s19b1n0:20349:25081 [1] NCCL INFO transport/p2p.cc:430 Cuda Alloc Size 6291456 pointer 0x145d18600000
x3012c0s19b1n0:20348:24934 [0] NCCL INFO Connection to proxy localRank 0 -> connection 0x14b378000f40
x3012c0s19b1n0:20348:25075 [0] NCCL INFO transport/p2p.cc:430 Cuda Alloc Size 6291456 pointer 0x14b36c000000
x3012c0s19b1n0:20349:24931 [1] NCCL INFO Channel 01/0 : 13[46000] -> 14[85000] via P2P/IPC/read
x3012c0s19b1n0:20349:25081 [1] NCCL INFO New proxy send connection 13 from local rank 1, transport 0
x3012c0s19b1n0:20349:24931 [1] NCCL INFO Connection to proxy localRank 1 -> connection 0x145d28000fc0
x3012c0s19b1n0:20349:25081 [1] NCCL INFO transport/p2p.cc:430 Cuda Alloc Size 6291456 pointer 0x145d18c00000
x3012c0s19b1n0:20349:24931 [1] NCCL INFO Channel 02/0 : 13[46000] -> 14[85000] via P2P/IPC/read
x3012c0s19b1n0:20349:25081 [1] NCCL INFO New proxy send connection 14 from local rank 1, transport 0
x3012c0s19b1n0:20349:24931 [1] NCCL INFO Connection to proxy localRank 1 -> connection 0x145d28001000
x3012c0s19b1n0:20349:25081 [1] NCCL INFO transport/p2p.cc:430 Cuda Alloc Size 6291456 pointer 0x145d19200000
x3012c0s19b1n0:20349:24931 [1] NCCL INFO Channel 03/0 : 13[46000] -> 14[85000] via P2P/IPC/read
x3012c0s19b1n0:20349:25081 [1] NCCL INFO New proxy send connection 15 from local rank 1, transport 0
x3012c0s19b1n0:20349:24931 [1] NCCL INFO Connection to proxy localRank 1 -> connection 0x145d28001040
x3012c0s19b1n0:20349:25081 [1] NCCL INFO transport/p2p.cc:430 Cuda Alloc Size 6291456 pointer 0x145d19800000
x3012c0s19b1n0:20349:24931 [1] NCCL INFO GPU Direct RDMA Disabled for GPU 46000 / HCA 1 (distance 6 > 4)
x3012c0s19b1n0:20349:25081 [1] NCCL INFO New proxy recv connection 16 from local rank 1, transport 2
x3012c0s19b1n0:20349:24931 [1] NCCL INFO Connection to proxy localRank 1 -> connection 0x145d28001080
x3012c0s19b1n0:20350:25082 [2] NCCL INFO New proxy recv connection 12 from local rank 2, transport 0
x3012c0s19b1n0:20348:24934 [0] NCCL INFO GPU Direct RDMA Disabled for GPU 7000 / HCA 1 (distance 7 > 4)
x3012c0s19b1n0:20348:25075 [0] NCCL INFO Allocated 4194656 bytes of shared memory in /dev/shm/nccl-N9xf5Q

x3012c0s19b1n0:20348:25075 [0] NCCL INFO New proxy recv connection 12 from local rank 0, transport 2
x3012c0s19b1n0:20348:24934 [0] NCCL INFO Connection to proxy localRank 0 -> connection 0x14b378000f80
x3012c0s19b1n0:20348:24934 [0] NCCL INFO Channel 00/0 : 8[7000] -> 12[7000] [receive] via NET/IB/1
x3012c0s19b1n0:20348:24934 [0] NCCL INFO GPU Direct RDMA Disabled for GPU 7000 / HCA 0 (distance 7 > 4)
x3012c0s19b1n0:20348:25075 [0] NCCL INFO New proxy recv connection 13 from local rank 0, transport 2
x3012c0s19b1n0:20350:24932 [2] NCCL INFO Connection to proxy localRank 2 -> connection 0x14e1ec000f80
x3012c0s19b1n0:20350:25082 [2] NCCL INFO transport/p2p.cc:449 Cuda Alloc Size 6291456 pointer 0x14e1de000000
x3012c0s19b1n0:20349:24931 [1] NCCL INFO Channel 02/0 : 8[7000] -> 13[46000] [receive] via NET/IB/1
x3012c0s19b1n0:20349:24931 [1] NCCL INFO GPU Direct RDMA Disabled for GPU 46000 / HCA 0 (distance 7 > 4)
x3012c0s19b1n0:20349:25081 [1] NCCL INFO New proxy recv connection 17 from local rank 1, transport 2
x3012c0s19b1n0:20348:24934 [0] NCCL INFO Connection to proxy localRank 0 -> connection 0x14b378000fc0
x3012c0s19b1n0:20350:25082 [2] NCCL INFO New proxy recv connection 13 from local rank 2, transport 0
x3012c0s19b1n0:20349:24931 [1] NCCL INFO Connection to proxy localRank 1 -> connection 0x145d280010c0
x3012c0s19b1n0:20349:24931 [1] NCCL INFO Channel 03/0 : 8[7000] -> 13[46000] [receive] via NET/IB/0
x3012c0s19b1n0:20348:24934 [0] NCCL INFO Channel 01/0 : 8[7000] -> 12[7000] [receive] via NET/IB/0
x3012c0s19b1n0:20348:24934 [0] NCCL INFO GPU Direct RDMA Disabled for GPU 7000 / HCA 1 (distance 7 > 4)
x3012c0s19b1n0:20348:25075 [0] NCCL INFO New proxy send connection 14 from local rank 0, transport 2
x3012c0s19b1n0:20350:24932 [2] NCCL INFO Connection to proxy localRank 2 -> connection 0x14e1ec000fc0
x3012c0s19b1n0:20350:25082 [2] NCCL INFO transport/p2p.cc:449 Cuda Alloc Size 6291456 pointer 0x14e1de600000
x3012c0s19b1n0:20350:25082 [2] NCCL INFO New proxy recv connection 14 from local rank 2, transport 0
x3012c0s19b1n0:20348:24934 [0] NCCL INFO Connection to proxy localRank 0 -> connection 0x14b378001000
x3012c0s19b1n0:20348:24934 [0] NCCL INFO Channel 02/0 : 12[7000] -> 16[7000] [send] via NET/IB/1
x3012c0s19b1n0:20348:24934 [0] NCCL INFO GPU Direct RDMA Disabled for GPU 7000 / HCA 0 (distance 7 > 4)
x3012c0s19b1n0:20348:25075 [0] NCCL INFO New proxy send connection 15 from local rank 0, transport 2
x3012c0s19b1n0:20350:24932 [2] NCCL INFO Connection to proxy localRank 2 -> connection 0x14e1ec001000
x3012c0s19b1n0:20350:25082 [2] NCCL INFO transport/p2p.cc:449 Cuda Alloc Size 6291456 pointer 0x14e1dec00000
x3012c0s19b1n0:20348:24934 [0] NCCL INFO Connection to proxy localRank 0 -> connection 0x14b378001040
x3012c0s19b1n0:20348:24934 [0] NCCL INFO Channel 03/0 : 12[7000] -> 16[7000] [send] via NET/IB/0
x3012c0s19b1n0:20350:25082 [2] NCCL INFO New proxy recv connection 15 from local rank 2, transport 0
x3012c0s19b1n0:20350:24932 [2] NCCL INFO Connection to proxy localRank 2 -> connection 0x14e1ec001040
x3012c0s19b1n0:20350:25082 [2] NCCL INFO transport/p2p.cc:449 Cuda Alloc Size 6291456 pointer 0x14e1df200000
x3012c0s19b1n0:20350:24932 [2] NCCL INFO Channel 00/0 : 14[85000] -> 13[46000] via P2P/IPC/read
x3012c0s19b1n0:20350:25082 [2] NCCL INFO New proxy send connection 16 from local rank 2, transport 0
x3012c0s19b1n0:20350:24932 [2] NCCL INFO Connection to proxy localRank 2 -> connection 0x14e1ec001080
x3012c0s19b1n0:20350:25082 [2] NCCL INFO transport/p2p.cc:430 Cuda Alloc Size 6291456 pointer 0x14e1df800000
x3012c0s19b1n0:20350:24932 [2] NCCL INFO Channel 01/0 : 14[85000] -> 13[46000] via P2P/IPC/read
x3012c0s19b1n0:20350:25082 [2] NCCL INFO New proxy send connection 17 from local rank 2, transport 0
x3012c0s19b1n0:20349:25081 [1] NCCL INFO transport/net_ib.cc:683 Ib Alloc Size 21688 pointer 0x145d280be000
x3012c0s19b1n0:20350:24932 [2] NCCL INFO Connection to proxy localRank 2 -> connection 0x14e1ec0010c0
x3012c0s19b1n0:20350:25082 [2] NCCL INFO transport/p2p.cc:430 Cuda Alloc Size 6291456 pointer 0x14e1dc000000
x3012c0s19b1n0:20350:24932 [2] NCCL INFO Channel 02/0 : 14[85000] -> 13[46000] via P2P/IPC/read
x3012c0s19b1n0:20348:25075 [0] NCCL INFO transport/net_ib.cc:596 Ib Alloc Size 26560 pointer 0x14b378026000
x3012c0s19b1n0:20348:25075 [0] NCCL INFO NET/IB: Dev 1 Port 1 qpn 3573 mtu 5 GID 0 (80FE/891100FEFF000000)
x3012c0s19b1n0:20348:25075 [0] NCCL INFO transport/net_ib.cc:653 Ib Alloc Size 552 pointer 0x14b37803e000
x3012c0s19b1n0:20348:25075 [0] NCCL INFO transport/net.cc:571 Cuda Host Alloc Size 9641984 pointer 0x14b36a000000
x3012c0s19b1n0:20348:25075 [0] NCCL INFO transport/net_ib.cc:596 Ib Alloc Size 26560 pointer 0x14b378040000
x3012c0s19b1n0:20348:25075 [0] NCCL INFO NET/IB: Dev 0 Port 1 qpn 3167 mtu 5 GID 0 (80FE/DE1100FEFF000000)
x3012c0s19b1n0:20348:25075 [0] NCCL INFO transport/net_ib.cc:653 Ib Alloc Size 552 pointer 0x14b378057000
x3012c0s19b1n0:20348:25075 [0] NCCL INFO transport/net.cc:571 Cuda Host Alloc Size 9641984 pointer 0x14b36aa00000
x3012c0s19b1n0:20349:25081 [1] NCCL INFO transport/net_ib.cc:696 Ib Alloc Size 552 pointer 0x145d2801a000
x3012c0s19b1n0:20348:25075 [0] NCCL INFO transport/net_ib.cc:683 Ib Alloc Size 21688 pointer 0x14b378059000
x3012c0s19b1n0:20348:25075 [0] NCCL INFO transport/net_ib.cc:696 Ib Alloc Size 552 pointer 0x14b378060000
x3012c0s19b1n0:20350:25082 [2] NCCL INFO New proxy send connection 18 from local rank 2, transport 0
x3012c0s19b1n0:20349:25081 [1] NCCL INFO transport/net_ib.cc:771 Ib Alloc Size 552 pointer 0x145d280df000
x3012c0s19b1n0:20349:25081 [1] NCCL INFO transport/net.cc:698 Cuda Host Alloc Size 9641984 pointer 0x145d15200000
x3012c0s19b1n0:20348:25075 [0] NCCL INFO transport/net_ib.cc:771 Ib Alloc Size 552 pointer 0x14b37807c000
x3012c0s19b1n0:20348:25075 [0] NCCL INFO transport/net.cc:698 Cuda Host Alloc Size 9641984 pointer 0x14b36b400000
x3012c0s19b1n0:20348:25075 [0] NCCL INFO transport/net_ib.cc:683 Ib Alloc Size 21688 pointer 0x14b37807e000
x3012c0s19b1n0:20348:25075 [0] NCCL INFO transport/net_ib.cc:696 Ib Alloc Size 552 pointer 0x14b378085000
x3012c0s19b1n0:20350:24932 [2] NCCL INFO Connection to proxy localRank 2 -> connection 0x14e1ec001100
x3012c0s19b1n0:20350:25082 [2] NCCL INFO transport/p2p.cc:430 Cuda Alloc Size 6291456 pointer 0x14e1dc600000
x3012c0s19b1n0:20349:25081 [1] NCCL INFO transport/net_ib.cc:683 Ib Alloc Size 21688 pointer 0x145d280e1000
x3012c0s19b1n0:20349:25081 [1] NCCL INFO transport/net_ib.cc:696 Ib Alloc Size 552 pointer 0x145d280e8000
x3012c0s19b1n0:20348:25075 [0] NCCL INFO transport/net_ib.cc:771 Ib Alloc Size 552 pointer 0x14b3780a0000
x3012c0s19b1n0:20348:25075 [0] NCCL INFO transport/net.cc:698 Cuda Host Alloc Size 9641984 pointer 0x14b362000000
x3012c0s19b1n0:20348:24934 [0] NCCL INFO GPU Direct RDMA Disabled for GPU 7000 / HCA 1 (distance 7 > 4)
x3012c0s19b1n0:20348:25075 [0] NCCL INFO New proxy send connection 16 from local rank 0, transport 2
x3012c0s19b1n0:20349:25081 [1] NCCL INFO transport/net_ib.cc:771 Ib Alloc Size 552 pointer 0x145d28103000
x3012c0s19b1n0:20349:25081 [1] NCCL INFO transport/net.cc:698 Cuda Host Alloc Size 9641984 pointer 0x145d12000000
x3012c0s19b1n0:20350:24932 [2] NCCL INFO Channel 03/0 : 14[85000] -> 13[46000] via P2P/IPC/read
x3012c0s19b1n0:20350:25082 [2] NCCL INFO New proxy send connection 19 from local rank 2, transport 0
x3012c0s19b1n0:20348:24934 [0] NCCL INFO Connection to proxy localRank 0 -> connection 0x14b378001080
x3012c0s19b1n0:20348:24934 [0] NCCL INFO Channel 02/0 : 12[7000] -> 1[46000] [send] via NET/IB/1
x3012c0s19b1n0:20348:24934 [0] NCCL INFO GPU Direct RDMA Disabled for GPU 7000 / HCA 0 (distance 7 > 4)
x3012c0s19b1n0:20348:25075 [0] NCCL INFO New proxy send connection 17 from local rank 0, transport 2
x3012c0s19b1n0:20350:24932 [2] NCCL INFO Connection to proxy localRank 2 -> connection 0x14e1ec001140
x3012c0s19b1n0:20349:24931 [1] NCCL INFO GPU Direct RDMA Disabled for GPU 46000 / HCA 1 (distance 6 > 4)
x3012c0s19b1n0:20349:25081 [1] NCCL INFO New proxy send connection 18 from local rank 1, transport 2
x3012c0s19b1n0:20349:24931 [1] NCCL INFO Connection to proxy localRank 1 -> connection 0x145d28001100
x3012c0s19b1n0:20349:24931 [1] NCCL INFO Channel 02/0 : 13[46000] -> 8[7000] [send] via NET/IB/1
x3012c0s19b1n0:20349:24931 [1] NCCL INFO GPU Direct RDMA Disabled for GPU 46000 / HCA 0 (distance 7 > 4)
x3012c0s19b1n0:20349:25081 [1] NCCL INFO New proxy send connection 19 from local rank 1, transport 2
x3012c0s19b1n0:20350:25082 [2] NCCL INFO transport/p2p.cc:430 Cuda Alloc Size 6291456 pointer 0x14e1dcc00000
x3012c0s19b1n0:20348:24934 [0] NCCL INFO Connection to proxy localRank 0 -> connection 0x14b3780010c0
x3012c0s19b1n0:20348:24934 [0] NCCL INFO Channel 03/0 : 12[7000] -> 1[46000] [send] via NET/IB/0
x3012c0s19b1n0:20348:25075 [0] NCCL INFO transport/net_ib.cc:596 Ib Alloc Size 26560 pointer 0x14b3780ac000
x3012c0s19b1n0:20351:24933 [3] NCCL INFO Connected all trees by HAO
x3012c0s19b1n0:20351:24933 [3] NCCL INFO threadThresholds 8/8/64 | 160/8/64 | 512 | 512
x3012c0s19b1n0:20351:24933 [3] NCCL INFO 4 coll channels, 4 p2p channels, 2 p2p channels per peer
x3012c0s19b1n0:20351:25077 [3] NCCL INFO New proxy send connection 12 from local rank 3, transport 2
x3012c0s19b1n0:20351:24933 [3] NCCL INFO Connection to proxy localRank 3 -> connection 0x15521c000f80
x3012c0s19b1n0:20348:25075 [0] NCCL INFO NET/IB: Dev 1 Port 1 qpn 3578 mtu 5 GID 0 (80FE/891100FEFF000000)
x3012c0s19b1n0:20348:25075 [0] NCCL INFO transport/net_ib.cc:653 Ib Alloc Size 552 pointer 0x14b3780c3000
x3012c0s19b1n0:20348:25075 [0] NCCL INFO transport/net.cc:571 Cuda Host Alloc Size 9641984 pointer 0x14b362a00000
x3012c0s19b1n0:20351:25077 [3] NCCL INFO transport/net.cc:376 Cuda Alloc Size 8388608 pointer 0x155212600000
x3012c0s19b1n0:20349:24931 [1] NCCL INFO Connection to proxy localRank 1 -> connection 0x145d28001140
x3012c0s19b1n0:20349:24931 [1] NCCL INFO Channel 03/0 : 13[46000] -> 8[7000] [send] via NET/IB/0
x3012c0s19b1n0:20348:25075 [0] NCCL INFO transport/net_ib.cc:596 Ib Alloc Size 26560 pointer 0x14b3780c5000
x3012c0s19b1n0:20348:25075 [0] NCCL INFO NET/IB: Dev 0 Port 1 qpn 3172 mtu 5 GID 0 (80FE/DE1100FEFF000000)
x3012c0s19b1n0:20348:25075 [0] NCCL INFO transport/net_ib.cc:653 Ib Alloc Size 552 pointer 0x14b3780dc000
x3012c0s19b1n0:20348:25075 [0] NCCL INFO transport/net.cc:571 Cuda Host Alloc Size 9641984 pointer 0x14b363400000
x3012c0s19b1n0:20348:24934 [0] NCCL INFO GPU Direct RDMA Disabled for GPU 7000 / HCA 1 (distance 7 > 4)
x3012c0s19b1n0:20348:25075 [0] NCCL INFO New proxy recv connection 18 from local rank 0, transport 2
x3012c0s19b1n0:20348:24934 [0] NCCL INFO Connection to proxy localRank 0 -> connection 0x14b378001100
x3012c0s19b1n0:20348:24934 [0] NCCL INFO Channel 02/0 : 1[46000] -> 12[7000] [receive] via NET/IB/1
x3012c0s19b1n0:20348:24934 [0] NCCL INFO GPU Direct RDMA Disabled for GPU 7000 / HCA 0 (distance 7 > 4)
x3012c0s19b1n0:20348:25075 [0] NCCL INFO New proxy recv connection 19 from local rank 0, transport 2
x3012c0s19b1n0:20348:24934 [0] NCCL INFO Connection to proxy localRank 0 -> connection 0x14b378001140
x3012c0s19b1n0:20348:24934 [0] NCCL INFO Channel 03/0 : 1[46000] -> 12[7000] [receive] via NET/IB/0
x3012c0s19b1n0:20348:25075 [0] NCCL INFO transport/net_ib.cc:683 Ib Alloc Size 21688 pointer 0x14b3780e8000
x3012c0s19b1n0:20348:25075 [0] NCCL INFO transport/net_ib.cc:696 Ib Alloc Size 552 pointer 0x14b3780ef000
x3012c0s19b1n0:20348:25075 [0] NCCL INFO transport/net_ib.cc:771 Ib Alloc Size 552 pointer 0x14b37810a000
x3012c0s19b1n0:20348:25075 [0] NCCL INFO transport/net.cc:698 Cuda Host Alloc Size 9641984 pointer 0x14b360000000
x3012c0s19b1n0:20348:25075 [0] NCCL INFO transport/net_ib.cc:683 Ib Alloc Size 21688 pointer 0x14b37810c000
x3012c0s19b1n0:20348:25075 [0] NCCL INFO transport/net_ib.cc:696 Ib Alloc Size 552 pointer 0x14b378113000
x3012c0s19b1n0:20348:25075 [0] NCCL INFO transport/net_ib.cc:771 Ib Alloc Size 552 pointer 0x14b37812e000
x3012c0s19b1n0:20348:25075 [0] NCCL INFO transport/net.cc:698 Cuda Host Alloc Size 9641984 pointer 0x14b360a00000
x3012c0s19b1n0:20348:24934 [0] NCCL INFO GPU Direct RDMA Disabled for GPU 7000 / HCA 1 (distance 7 > 4)
x3012c0s19b1n0:20348:25075 [0] NCCL INFO New proxy recv connection 20 from local rank 0, transport 2
x3012c0s19b1n0:20348:24934 [0] NCCL INFO Connection to proxy localRank 0 -> connection 0x14b378001180
x3012c0s19b1n0:20348:24934 [0] NCCL INFO Channel 02/0 : 16[7000] -> 12[7000] [receive] via NET/IB/1
x3012c0s19b1n0:20348:24934 [0] NCCL INFO GPU Direct RDMA Disabled for GPU 7000 / HCA 0 (distance 7 > 4)
x3012c0s19b1n0:20348:25075 [0] NCCL INFO New proxy recv connection 21 from local rank 0, transport 2
x3012c0s19b1n0:20348:24934 [0] NCCL INFO Connection to proxy localRank 0 -> connection 0x14b3780011c0
x3012c0s19b1n0:20348:24934 [0] NCCL INFO Channel 03/0 : 16[7000] -> 12[7000] [receive] via NET/IB/0
x3012c0s19b1n0:20348:24934 [0] NCCL INFO GPU Direct RDMA Disabled for GPU 7000 / HCA 1 (distance 7 > 4)
x3012c0s19b1n0:20348:25075 [0] NCCL INFO New proxy send connection 22 from local rank 0, transport 2
x3012c0s19b1n0:20348:24934 [0] NCCL INFO Connection to proxy localRank 0 -> connection 0x14b378001200
x3012c0s19b1n0:20348:24934 [0] NCCL INFO Channel 00/0 : 12[7000] -> 8[7000] [send] via NET/IB/1
x3012c0s19b1n0:20348:24934 [0] NCCL INFO GPU Direct RDMA Disabled for GPU 7000 / HCA 0 (distance 7 > 4)
x3012c0s19b1n0:20348:25075 [0] NCCL INFO New proxy send connection 23 from local rank 0, transport 2
x3012c0s19b1n0:20349:25081 [1] NCCL INFO transport/net_ib.cc:596 Ib Alloc Size 26560 pointer 0x145d2810f000
x3012c0s19b1n0:20349:25081 [1] NCCL INFO NET/IB: Dev 1 Port 1 qpn 3581 mtu 5 GID 0 (80FE/891100FEFF000000)
x3012c0s19b1n0:20349:25081 [1] NCCL INFO transport/net_ib.cc:653 Ib Alloc Size 552 pointer 0x145d28126000
x3012c0s19b1n0:20349:25081 [1] NCCL INFO transport/net.cc:571 Cuda Host Alloc Size 9641984 pointer 0x145d12a00000
