x3004c0s1b1n0:14108:18150 [1] NCCL INFO GPU Direct RDMA Disabled for GPU 46000 / HCA 1 (distance 6 > 4)
x3004c0s1b1n0:14109:18151 [2] NCCL INFO Ring 00 : 4 -> 6 -> 7
x3004c0s1b1n0:14109:18151 [2] NCCL INFO Ring 01 : 4 -> 6 -> 7
x3004c0s1b1n0:14109:18151 [2] NCCL INFO Ring 02 : 4 -> 6 -> 7
x3004c0s1b1n0:14109:18151 [2] NCCL INFO Ring 03 : 4 -> 6 -> 7
x3004c0s1b1n0:14109:18151 [2] NCCL INFO Trees [0] 7/-1/-1->6->5 [1] 7/-1/-1->6->5 [2] 7/-1/-1->6->5 [3] 7/-1/-1->6->5
x3004c0s1b1n0:14109:18151 [2] NCCL INFO misc/utils.cc:235 memory stack hunk malloc(65536)
x3004c0s1b1n0:14109:18151 [2] NCCL INFO channel.cc:23 Cuda Alloc Size 8064 pointer 0x14f9e7e17400
x3004c0s1b1n0:14109:18151 [2] NCCL INFO channel.cc:27 Cuda Alloc Size 80 pointer 0x14f9e7e19400
x3004c0s1b1n0:14109:18151 [2] NCCL INFO channel.cc:23 Cuda Alloc Size 8064 pointer 0x14f9e7e19600
x3004c0s1b1n0:14109:18151 [2] NCCL INFO channel.cc:27 Cuda Alloc Size 80 pointer 0x14f9e7e1b600
x3004c0s1b1n0:14109:18151 [2] NCCL INFO channel.cc:23 Cuda Alloc Size 8064 pointer 0x14f9e7e1b800
x3004c0s1b1n0:14109:18151 [2] NCCL INFO channel.cc:27 Cuda Alloc Size 80 pointer 0x14f9e7e1d800
x3004c0s1b1n0:14109:18151 [2] NCCL INFO channel.cc:23 Cuda Alloc Size 8064 pointer 0x14f9e7e1da00
x3004c0s1b1n0:14109:18151 [2] NCCL INFO channel.cc:27 Cuda Alloc Size 80 pointer 0x14f9e7e1fa00
x3004c0s1b1n0:14109:18151 [2] NCCL INFO Channel 00/0 : 6[85000] -> 7[c7000] via P2P/IPC/read
x3004c0s1b1n0:14108:18309 [1] NCCL INFO Mem Realloc old size 0, new size 8 pointer 0x154d30000c60
x3004c0s1b1n0:14108:18309 [1] NCCL INFO Allocated 4194656 bytes of shared memory in /dev/shm/nccl-IXPcPY

x3004c0s1b1n0:14108:18309 [1] NCCL INFO New proxy recv connection 0 from local rank 1, transport 2
x3004c0s1b1n0:14108:18150 [1] NCCL INFO Connection to proxy localRank 1 -> connection 0x154d30000c80
x3004c0s1b1n0:14107:18302 [0] NCCL INFO Mem Realloc old size 0, new size 8 pointer 0x150e40000c60
x3004c0s1b1n0:14107:18302 [0] NCCL INFO New proxy send connection 0 from local rank 0, transport 0
x3004c0s1b1n0:14110:18152 [3] NCCL INFO Ring 00 : 6 -> 7 -> 9
x3004c0s1b1n0:14110:18152 [3] NCCL INFO Ring 01 : 6 -> 7 -> 9
x3004c0s1b1n0:14110:18152 [3] NCCL INFO Ring 02 : 6 -> 7 -> 9
x3004c0s1b1n0:14110:18152 [3] NCCL INFO Ring 03 : 6 -> 7 -> 9
x3004c0s1b1n0:14110:18152 [3] NCCL INFO Trees [0] -1/-1/-1->7->6 [1] -1/-1/-1->7->6 [2] -1/-1/-1->7->6 [3] -1/-1/-1->7->6
x3004c0s1b1n0:14110:18152 [3] NCCL INFO misc/utils.cc:235 memory stack hunk malloc(65536)
x3004c0s1b1n0:14110:18152 [3] NCCL INFO channel.cc:23 Cuda Alloc Size 8064 pointer 0x1465c3e17400
x3004c0s1b1n0:14110:18152 [3] NCCL INFO channel.cc:27 Cuda Alloc Size 80 pointer 0x1465c3e19400
x3004c0s1b1n0:14110:18152 [3] NCCL INFO channel.cc:23 Cuda Alloc Size 8064 pointer 0x1465c3e19600
x3004c0s1b1n0:14110:18152 [3] NCCL INFO channel.cc:27 Cuda Alloc Size 80 pointer 0x1465c3e1b600
x3004c0s1b1n0:14110:18152 [3] NCCL INFO channel.cc:23 Cuda Alloc Size 8064 pointer 0x1465c3e1b800
x3004c0s1b1n0:14110:18152 [3] NCCL INFO channel.cc:27 Cuda Alloc Size 80 pointer 0x1465c3e1d800
x3004c0s1b1n0:14110:18152 [3] NCCL INFO channel.cc:23 Cuda Alloc Size 8064 pointer 0x1465c3e1da00
x3004c0s1b1n0:14110:18152 [3] NCCL INFO channel.cc:27 Cuda Alloc Size 80 pointer 0x1465c3e1fa00
x3004c0s1b1n0:14109:18311 [2] NCCL INFO Mem Realloc old size 0, new size 8 pointer 0x14f964000c60
x3004c0s1b1n0:14109:18311 [2] NCCL INFO New proxy send connection 0 from local rank 2, transport 0
x3004c0s1b1n0:14110:18314 [3] NCCL INFO Mem Realloc old size 0, new size 8 pointer 0x146544000c60
x3004c0s1b1n0:14110:18314 [3] NCCL INFO New proxy recv connection 0 from local rank 3, transport 0
x3004c0s1b1n0:14110:18152 [3] NCCL INFO Connection to proxy localRank 3 -> connection 0x146544000c80
x3004c0s1b1n0:14110:18314 [3] NCCL INFO transport/p2p.cc:449 Cuda Alloc Size 6291456 pointer 0x1465a8000000
x3004c0s1b1n0:14108:18150 [1] NCCL INFO Channel 00/0 : 3[c7000] -> 5[46000] [receive] via NET/IB/1
x3004c0s1b1n0:14108:18150 [1] NCCL INFO GPU Direct RDMA Disabled for GPU 46000 / HCA 0 (distance 7 > 4)
x3004c0s1b1n0:14108:18309 [1] NCCL INFO New proxy recv connection 1 from local rank 1, transport 2
x3004c0s1b1n0:14107:18149 [0] NCCL INFO Connection to proxy localRank 0 -> connection 0x150e40000c80
x3004c0s1b1n0:14107:18302 [0] NCCL INFO transport/p2p.cc:430 Cuda Alloc Size 6291456 pointer 0x150e7ba00000
x3004c0s1b1n0:14109:18151 [2] NCCL INFO Connection to proxy localRank 2 -> connection 0x14f964000c80
x3004c0s1b1n0:14109:18311 [2] NCCL INFO transport/p2p.cc:430 Cuda Alloc Size 6291456 pointer 0x14f9cc000000
x3004c0s1b1n0:14107:18149 [0] NCCL INFO Channel 01/0 : 4[7000] -> 6[85000] via P2P/IPC/read
x3004c0s1b1n0:14107:18302 [0] NCCL INFO New proxy send connection 1 from local rank 0, transport 0
x3004c0s1b1n0:14108:18150 [1] NCCL INFO Connection to proxy localRank 1 -> connection 0x154d30000cc0
x3004c0s1b1n0:14109:18151 [2] NCCL INFO Channel 01/0 : 6[85000] -> 7[c7000] via P2P/IPC/read
x3004c0s1b1n0:14109:18311 [2] NCCL INFO New proxy send connection 1 from local rank 2, transport 0
x3004c0s1b1n0:14107:18149 [0] NCCL INFO Connection to proxy localRank 0 -> connection 0x150e40000cc0
x3004c0s1b1n0:14107:18302 [0] NCCL INFO transport/p2p.cc:430 Cuda Alloc Size 6291456 pointer 0x150eb3800000
x3004c0s1b1n0:14108:18150 [1] NCCL INFO Channel 01/0 : 3[c7000] -> 5[46000] [receive] via NET/IB/0
x3004c0s1b1n0:14108:18150 [1] NCCL INFO GPU Direct RDMA Disabled for GPU 46000 / HCA 1 (distance 6 > 4)
x3004c0s1b1n0:14108:18309 [1] NCCL INFO New proxy recv connection 2 from local rank 1, transport 2
x3004c0s1b1n0:14110:18314 [3] NCCL INFO New proxy recv connection 1 from local rank 3, transport 0
x3004c0s1b1n0:14109:18151 [2] NCCL INFO Connection to proxy localRank 2 -> connection 0x14f964000cc0
x3004c0s1b1n0:14109:18311 [2] NCCL INFO transport/p2p.cc:430 Cuda Alloc Size 6291456 pointer 0x14f9cc600000
x3004c0s1b1n0:14109:18151 [2] NCCL INFO Channel 02/0 : 6[85000] -> 7[c7000] via P2P/IPC/read
x3004c0s1b1n0:14110:18152 [3] NCCL INFO Connection to proxy localRank 3 -> connection 0x146544000cc0
x3004c0s1b1n0:14110:18314 [3] NCCL INFO transport/p2p.cc:449 Cuda Alloc Size 6291456 pointer 0x1465a8600000
x3004c0s1b1n0:14107:18149 [0] NCCL INFO Channel 02/0 : 4[7000] -> 6[85000] via P2P/IPC/read
x3004c0s1b1n0:14107:18302 [0] NCCL INFO New proxy send connection 2 from local rank 0, transport 0
x3004c0s1b1n0:14108:18150 [1] NCCL INFO Connection to proxy localRank 1 -> connection 0x154d30000d00
x3004c0s1b1n0:14110:18314 [3] NCCL INFO New proxy recv connection 2 from local rank 3, transport 0
x3004c0s1b1n0:14109:18311 [2] NCCL INFO New proxy send connection 2 from local rank 2, transport 0
x3004c0s1b1n0:14107:18149 [0] NCCL INFO Connection to proxy localRank 0 -> connection 0x150e40000d00
x3004c0s1b1n0:14107:18302 [0] NCCL INFO transport/p2p.cc:430 Cuda Alloc Size 6291456 pointer 0x150eb3e00000
x3004c0s1b1n0:14108:18150 [1] NCCL INFO Channel 02/0 : 3[c7000] -> 5[46000] [receive] via NET/IB/1
x3004c0s1b1n0:14108:18150 [1] NCCL INFO GPU Direct RDMA Disabled for GPU 46000 / HCA 0 (distance 7 > 4)
x3004c0s1b1n0:14108:18309 [1] NCCL INFO New proxy recv connection 3 from local rank 1, transport 2
x3004c0s1b1n0:14110:18152 [3] NCCL INFO Connection to proxy localRank 3 -> connection 0x146544000d00
x3004c0s1b1n0:14110:18314 [3] NCCL INFO transport/p2p.cc:449 Cuda Alloc Size 6291456 pointer 0x1465a8c00000
x3004c0s1b1n0:14109:18151 [2] NCCL INFO Connection to proxy localRank 2 -> connection 0x14f964000d00
x3004c0s1b1n0:14109:18311 [2] NCCL INFO transport/p2p.cc:430 Cuda Alloc Size 6291456 pointer 0x14f9ccc00000
x3004c0s1b1n0:14109:18151 [2] NCCL INFO Channel 03/0 : 6[85000] -> 7[c7000] via P2P/IPC/read
x3004c0s1b1n0:14109:18311 [2] NCCL INFO New proxy send connection 3 from local rank 2, transport 0
x3004c0s1b1n0:14108:18150 [1] NCCL INFO Connection to proxy localRank 1 -> connection 0x154d30000d40
x3004c0s1b1n0:14107:18149 [0] NCCL INFO Channel 03/0 : 4[7000] -> 6[85000] via P2P/IPC/read
x3004c0s1b1n0:14107:18302 [0] NCCL INFO New proxy send connection 3 from local rank 0, transport 0
x3004c0s1b1n0:14110:18314 [3] NCCL INFO New proxy recv connection 3 from local rank 3, transport 0
x3004c0s1b1n0:14109:18151 [2] NCCL INFO Connection to proxy localRank 2 -> connection 0x14f964000d40
x3004c0s1b1n0:14109:18311 [2] NCCL INFO transport/p2p.cc:430 Cuda Alloc Size 6291456 pointer 0x14f9cd200000
x3004c0s1b1n0:14108:18150 [1] NCCL INFO Channel 03/0 : 3[c7000] -> 5[46000] [receive] via NET/IB/0
x3004c0s1b1n0:14107:18149 [0] NCCL INFO Connection to proxy localRank 0 -> connection 0x150e40000d40
x3004c0s1b1n0:14107:18302 [0] NCCL INFO transport/p2p.cc:430 Cuda Alloc Size 6291456 pointer 0x150eb4400000
x3004c0s1b1n0:14110:18152 [3] NCCL INFO Connection to proxy localRank 3 -> connection 0x146544000d40
x3004c0s1b1n0:14110:18314 [3] NCCL INFO transport/p2p.cc:449 Cuda Alloc Size 6291456 pointer 0x1465a9200000
x3004c0s1b1n0:14110:18152 [3] NCCL INFO GPU Direct RDMA Disabled for GPU c7000 / HCA 1 (distance 7 > 4)
x3004c0s1b1n0:14109:18311 [2] NCCL INFO New proxy recv connection 4 from local rank 2, transport 0
x3004c0s1b1n0:14110:18314 [3] NCCL INFO Allocated 4194656 bytes of shared memory in /dev/shm/nccl-S3dNea

x3004c0s1b1n0:14110:18314 [3] NCCL INFO New proxy send connection 4 from local rank 3, transport 2
x3004c0s1b1n0:14109:18151 [2] NCCL INFO Connection to proxy localRank 2 -> connection 0x14f964000d80
x3004c0s1b1n0:14109:18311 [2] NCCL INFO transport/p2p.cc:449 Cuda Alloc Size 6291456 pointer 0x14f9ff400000
x3004c0s1b1n0:14110:18152 [3] NCCL INFO Connection to proxy localRank 3 -> connection 0x146544000d80
x3004c0s1b1n0:14110:18152 [3] NCCL INFO Channel 00/0 : 7[c7000] -> 9[46000] [send] via NET/IB/1
x3004c0s1b1n0:14110:18152 [3] NCCL INFO GPU Direct RDMA Disabled for GPU c7000 / HCA 0 (distance 6 > 4)
x3004c0s1b1n0:14109:18311 [2] NCCL INFO New proxy recv connection 5 from local rank 2, transport 0
x3004c0s1b1n0:14110:18314 [3] NCCL INFO New proxy send connection 5 from local rank 3, transport 2
x3004c0s1b1n0:14110:18152 [3] NCCL INFO Connection to proxy localRank 3 -> connection 0x146544000dc0
x3004c0s1b1n0:14110:18152 [3] NCCL INFO Channel 01/0 : 7[c7000] -> 9[46000] [send] via NET/IB/0
x3004c0s1b1n0:14110:18152 [3] NCCL INFO GPU Direct RDMA Disabled for GPU c7000 / HCA 1 (distance 7 > 4)
x3004c0s1b1n0:14110:18314 [3] NCCL INFO New proxy send connection 6 from local rank 3, transport 2
x3004c0s1b1n0:14109:18151 [2] NCCL INFO Connection to proxy localRank 2 -> connection 0x14f964000dc0
x3004c0s1b1n0:14109:18311 [2] NCCL INFO transport/p2p.cc:449 Cuda Alloc Size 6291456 pointer 0x14f9ffa00000
x3004c0s1b1n0:14110:18152 [3] NCCL INFO Connection to proxy localRank 3 -> connection 0x146544000e00
x3004c0s1b1n0:14110:18152 [3] NCCL INFO Channel 02/0 : 7[c7000] -> 9[46000] [send] via NET/IB/1
x3004c0s1b1n0:14110:18152 [3] NCCL INFO GPU Direct RDMA Disabled for GPU c7000 / HCA 0 (distance 6 > 4)
x3004c0s1b1n0:14110:18314 [3] NCCL INFO New proxy send connection 7 from local rank 3, transport 2
x3004c0s1b1n0:14109:18311 [2] NCCL INFO New proxy recv connection 6 from local rank 2, transport 0
x3004c0s1b1n0:14110:18152 [3] NCCL INFO Connection to proxy localRank 3 -> connection 0x146544000e40
x3004c0s1b1n0:14110:18152 [3] NCCL INFO Channel 03/0 : 7[c7000] -> 9[46000] [send] via NET/IB/0
x3004c0s1b1n0:14108:18309 [1] NCCL INFO transport/net_ib.cc:683 Ib Alloc Size 21688 pointer 0x154d3001d000
x3004c0s1b1n0:14108:18309 [1] NCCL INFO transport/net_ib.cc:696 Ib Alloc Size 552 pointer 0x154d30024000
x3004c0s1b1n0:14110:18314 [3] NCCL INFO transport/net_ib.cc:596 Ib Alloc Size 26560 pointer 0x146544020000
x3004c0s1b1n0:14110:18314 [3] NCCL INFO NET/IB: Dev 1 Port 1 qpn 12035 mtu 5 GID 0 (80FE/EF0100FEFF000000)
x3004c0s1b1n0:14110:18314 [3] NCCL INFO transport/net_ib.cc:653 Ib Alloc Size 552 pointer 0x146544038000
x3004c0s1b1n0:14110:18314 [3] NCCL INFO transport/net.cc:571 Cuda Host Alloc Size 9641984 pointer 0x1465d4800000
x3004c0s1b1n0:14109:18151 [2] NCCL INFO Connection to proxy localRank 2 -> connection 0x14f964000e00
x3004c0s1b1n0:14109:18311 [2] NCCL INFO transport/p2p.cc:449 Cuda Alloc Size 6291456 pointer 0x14fa07800000
x3004c0s1b1n0:14109:18311 [2] NCCL INFO New proxy recv connection 7 from local rank 2, transport 0
x3004c0s1b1n0:14110:18314 [3] NCCL INFO transport/net_ib.cc:596 Ib Alloc Size 26560 pointer 0x14654403a000
x3004c0s1b1n0:14109:18151 [2] NCCL INFO Connection to proxy localRank 2 -> connection 0x14f964000e40
x3004c0s1b1n0:14109:18311 [2] NCCL INFO transport/p2p.cc:449 Cuda Alloc Size 6291456 pointer 0x14f96a000000
x3004c0s1b1n0:14108:18309 [1] NCCL INFO transport/net_ib.cc:771 Ib Alloc Size 552 pointer 0x154d30041000
x3004c0s1b1n0:14108:18309 [1] NCCL INFO transport/net.cc:698 Cuda Host Alloc Size 9641984 pointer 0x154da8000000
x3004c0s1b1n0:14110:18314 [3] NCCL INFO NET/IB: Dev 0 Port 1 qpn 11972 mtu 5 GID 0 (80FE/AA0100FEFF000000)
x3004c0s1b1n0:14110:18314 [3] NCCL INFO transport/net_ib.cc:653 Ib Alloc Size 552 pointer 0x146544051000
x3004c0s1b1n0:14110:18314 [3] NCCL INFO transport/net.cc:571 Cuda Host Alloc Size 9641984 pointer 0x1465d5200000
x3004c0s1b1n0:14108:18309 [1] NCCL INFO transport/net_ib.cc:683 Ib Alloc Size 21688 pointer 0x154d30043000
x3004c0s1b1n0:14108:18309 [1] NCCL INFO transport/net_ib.cc:696 Ib Alloc Size 552 pointer 0x154d3004a000
x3004c0s1b1n0:14109:18151 [2] NCCL INFO Connected all rings
x3004c0s1b1n0:14109:18311 [2] NCCL INFO New proxy recv connection 8 from local rank 2, transport 0
x3004c0s1b1n0:14107:18302 [0] NCCL INFO New proxy recv connection 4 from local rank 0, transport 0
x3004c0s1b1n0:14108:18309 [1] NCCL INFO transport/net_ib.cc:771 Ib Alloc Size 552 pointer 0x154d30065000
x3004c0s1b1n0:14108:18309 [1] NCCL INFO transport/net.cc:698 Cuda Host Alloc Size 9641984 pointer 0x154da8a00000
x3004c0s1b1n0:14110:18314 [3] NCCL INFO transport/net_ib.cc:596 Ib Alloc Size 26560 pointer 0x146544053000
x3004c0s1b1n0:14108:18309 [1] NCCL INFO transport/net_ib.cc:683 Ib Alloc Size 21688 pointer 0x154d30067000
x3004c0s1b1n0:14108:18309 [1] NCCL INFO transport/net_ib.cc:696 Ib Alloc Size 552 pointer 0x154d3006e000
x3004c0s1b1n0:14108:18309 [1] NCCL INFO transport/net_ib.cc:771 Ib Alloc Size 552 pointer 0x154d30089000
x3004c0s1b1n0:14108:18309 [1] NCCL INFO transport/net.cc:698 Cuda Host Alloc Size 9641984 pointer 0x154d2a000000
x3004c0s1b1n0:14110:18314 [3] NCCL INFO NET/IB: Dev 1 Port 1 qpn 12040 mtu 5 GID 0 (80FE/EF0100FEFF000000)
x3004c0s1b1n0:14110:18314 [3] NCCL INFO transport/net_ib.cc:653 Ib Alloc Size 552 pointer 0x14654406a000
x3004c0s1b1n0:14110:18314 [3] NCCL INFO transport/net.cc:571 Cuda Host Alloc Size 9641984 pointer 0x1465d5c00000
x3004c0s1b1n0:14110:18314 [3] NCCL INFO transport/net_ib.cc:596 Ib Alloc Size 26560 pointer 0x14654406c000
x3004c0s1b1n0:14109:18151 [2] NCCL INFO Connection to proxy localRank 2 -> connection 0x14f964000e80
x3004c0s1b1n0:14109:18311 [2] NCCL INFO transport/p2p.cc:449 Cuda Alloc Size 6291456 pointer 0x14f962000000
x3004c0s1b1n0:14107:18149 [0] NCCL INFO Connection to proxy localRank 0 -> connection 0x150e40000d80
x3004c0s1b1n0:14110:18314 [3] NCCL INFO NET/IB: Dev 0 Port 1 qpn 11975 mtu 5 GID 0 (80FE/AA0100FEFF000000)
x3004c0s1b1n0:14110:18314 [3] NCCL INFO transport/net_ib.cc:653 Ib Alloc Size 552 pointer 0x146544083000
x3004c0s1b1n0:14110:18314 [3] NCCL INFO transport/net.cc:571 Cuda Host Alloc Size 9641984 pointer 0x1465d6600000
x3004c0s1b1n0:14107:18302 [0] NCCL INFO transport/p2p.cc:449 Cuda Alloc Size 6291456 pointer 0x150e46c00000
x3004c0s1b1n0:14108:18309 [1] NCCL INFO transport/net_ib.cc:683 Ib Alloc Size 21688 pointer 0x154d3008b000
x3004c0s1b1n0:14108:18309 [1] NCCL INFO transport/net_ib.cc:696 Ib Alloc Size 552 pointer 0x154d30092000
x3004c0s1b1n0:14110:18152 [3] NCCL INFO Connected all rings
x3004c0s1b1n0:14110:18152 [3] NCCL INFO Channel 00/0 : 7[c7000] -> 6[85000] via P2P/IPC/read
x3004c0s1b1n0:14110:18314 [3] NCCL INFO New proxy send connection 8 from local rank 3, transport 0
x3004c0s1b1n0:14107:18302 [0] NCCL INFO New proxy recv connection 5 from local rank 0, transport 0
x3004c0s1b1n0:14109:18311 [2] NCCL INFO New proxy recv connection 9 from local rank 2, transport 0
x3004c0s1b1n0:14108:18309 [1] NCCL INFO transport/net_ib.cc:771 Ib Alloc Size 552 pointer 0x154d300ad000
x3004c0s1b1n0:14108:18309 [1] NCCL INFO transport/net.cc:698 Cuda Host Alloc Size 9641984 pointer 0x154d2aa00000
x3004c0s1b1n0:14107:18149 [0] NCCL INFO Connection to proxy localRank 0 -> connection 0x150e40000dc0
x3004c0s1b1n0:14107:18302 [0] NCCL INFO transport/p2p.cc:449 Cuda Alloc Size 6291456 pointer 0x150e47200000
x3004c0s1b1n0:14108:18150 [1] NCCL INFO Channel 00/0 : 5[46000] -> 4[7000] via P2P/IPC/read
x3004c0s1b1n0:14108:18309 [1] NCCL INFO New proxy send connection 4 from local rank 1, transport 0
x3004c0s1b1n0:14110:18152 [3] NCCL INFO Connection to proxy localRank 3 -> connection 0x146544000e80
x3004c0s1b1n0:14110:18314 [3] NCCL INFO transport/p2p.cc:430 Cuda Alloc Size 6291456 pointer 0x1465db400000
x3004c0s1b1n0:14109:18151 [2] NCCL INFO Connection to proxy localRank 2 -> connection 0x14f964000ec0
x3004c0s1b1n0:14109:18311 [2] NCCL INFO transport/p2p.cc:449 Cuda Alloc Size 6291456 pointer 0x14f962600000
x3004c0s1b1n0:14107:18302 [0] NCCL INFO New proxy recv connection 6 from local rank 0, transport 0
x3004c0s1b1n0:14108:18150 [1] NCCL INFO Connection to proxy localRank 1 -> connection 0x154d30000d80
x3004c0s1b1n0:14110:18152 [3] NCCL INFO Channel 01/0 : 7[c7000] -> 6[85000] via P2P/IPC/read
x3004c0s1b1n0:14110:18314 [3] NCCL INFO New proxy send connection 9 from local rank 3, transport 0
x3004c0s1b1n0:14109:18311 [2] NCCL INFO New proxy recv connection 10 from local rank 2, transport 0
x3004c0s1b1n0:14108:18309 [1] NCCL INFO transport/p2p.cc:430 Cuda Alloc Size 6291456 pointer 0x154d2b400000
x3004c0s1b1n0:14110:18152 [3] NCCL INFO Connection to proxy localRank 3 -> connection 0x146544000ec0
x3004c0s1b1n0:14110:18314 [3] NCCL INFO transport/p2p.cc:430 Cuda Alloc Size 6291456 pointer 0x1465dba00000
x3004c0s1b1n0:14109:18151 [2] NCCL INFO Connection to proxy localRank 2 -> connection 0x14f964000f00
x3004c0s1b1n0:14109:18311 [2] NCCL INFO transport/p2p.cc:449 Cuda Alloc Size 6291456 pointer 0x14f962c00000
x3004c0s1b1n0:14107:18149 [0] NCCL INFO Connection to proxy localRank 0 -> connection 0x150e40000e00
x3004c0s1b1n0:14107:18302 [0] NCCL INFO transport/p2p.cc:449 Cuda Alloc Size 6291456 pointer 0x150e47800000
x3004c0s1b1n0:14108:18150 [1] NCCL INFO Channel 01/0 : 5[46000] -> 4[7000] via P2P/IPC/read
x3004c0s1b1n0:14108:18309 [1] NCCL INFO New proxy send connection 5 from local rank 1, transport 0
x3004c0s1b1n0:14108:18150 [1] NCCL INFO Connection to proxy localRank 1 -> connection 0x154d30000dc0
x3004c0s1b1n0:14108:18309 [1] NCCL INFO transport/p2p.cc:430 Cuda Alloc Size 6291456 pointer 0x154d2ba00000
x3004c0s1b1n0:14110:18152 [3] NCCL INFO Channel 02/0 : 7[c7000] -> 6[85000] via P2P/IPC/read
x3004c0s1b1n0:14110:18314 [3] NCCL INFO New proxy send connection 10 from local rank 3, transport 0
x3004c0s1b1n0:14107:18302 [0] NCCL INFO New proxy recv connection 7 from local rank 0, transport 0
x3004c0s1b1n0:14110:18152 [3] NCCL INFO Connection to proxy localRank 3 -> connection 0x146544000f00
x3004c0s1b1n0:14110:18314 [3] NCCL INFO transport/p2p.cc:430 Cuda Alloc Size 6291456 pointer 0x1465e7800000
x3004c0s1b1n0:14109:18311 [2] NCCL INFO New proxy recv connection 11 from local rank 2, transport 0
x3004c0s1b1n0:14108:18150 [1] NCCL INFO Channel 02/0 : 5[46000] -> 4[7000] via P2P/IPC/read
x3004c0s1b1n0:14108:18309 [1] NCCL INFO New proxy send connection 6 from local rank 1, transport 0
x3004c0s1b1n0:14107:18149 [0] NCCL INFO Connection to proxy localRank 0 -> connection 0x150e40000e40
x3004c0s1b1n0:14107:18302 [0] NCCL INFO transport/p2p.cc:449 Cuda Alloc Size 6291456 pointer 0x150e3e000000
x3004c0s1b1n0:14110:18152 [3] NCCL INFO Channel 03/0 : 7[c7000] -> 6[85000] via P2P/IPC/read
x3004c0s1b1n0:14110:18314 [3] NCCL INFO New proxy send connection 11 from local rank 3, transport 0
x3004c0s1b1n0:14109:18151 [2] NCCL INFO Connection to proxy localRank 2 -> connection 0x14f964000f40
x3004c0s1b1n0:14109:18311 [2] NCCL INFO transport/p2p.cc:449 Cuda Alloc Size 6291456 pointer 0x14f963200000
x3004c0s1b1n0:14108:18150 [1] NCCL INFO Connection to proxy localRank 1 -> connection 0x154d30000e00
x3004c0s1b1n0:14108:18309 [1] NCCL INFO transport/p2p.cc:430 Cuda Alloc Size 6291456 pointer 0x154d65a00000
x3004c0s1b1n0:14108:18150 [1] NCCL INFO Channel 03/0 : 5[46000] -> 4[7000] via P2P/IPC/read
x3004c0s1b1n0:14108:18309 [1] NCCL INFO New proxy send connection 7 from local rank 1, transport 0
x3004c0s1b1n0:14110:18152 [3] NCCL INFO Connection to proxy localRank 3 -> connection 0x146544000f40
x3004c0s1b1n0:14110:18314 [3] NCCL INFO transport/p2p.cc:430 Cuda Alloc Size 6291456 pointer 0x146542000000
x3004c0s1b1n0:14108:18150 [1] NCCL INFO Connection to proxy localRank 1 -> connection 0x154d30000e40
x3004c0s1b1n0:14108:18309 [1] NCCL INFO transport/p2p.cc:430 Cuda Alloc Size 6291456 pointer 0x154da9400000
x3004c0s1b1n0:14108:18150 [1] NCCL INFO Connected all rings
x3004c0s1b1n0:14107:18149 [0] NCCL INFO Connected all rings
x3004c0s1b1n0:14107:18149 [0] NCCL INFO Channel 00/0 : 4[7000] -> 5[46000] via P2P/IPC/read
x3004c0s1b1n0:14107:18302 [0] NCCL INFO New proxy send connection 8 from local rank 0, transport 0
x3004c0s1b1n0:14108:18309 [1] NCCL INFO New proxy recv connection 8 from local rank 1, transport 0
x3004c0s1b1n0:14107:18149 [0] NCCL INFO Connection to proxy localRank 0 -> connection 0x150e40000e80
x3004c0s1b1n0:14107:18302 [0] NCCL INFO transport/p2p.cc:430 Cuda Alloc Size 6291456 pointer 0x150e3c000000
x3004c0s1b1n0:14107:18149 [0] NCCL INFO Channel 01/0 : 4[7000] -> 5[46000] via P2P/IPC/read
x3004c0s1b1n0:14107:18302 [0] NCCL INFO New proxy send connection 9 from local rank 0, transport 0
x3004c0s1b1n0:14107:18149 [0] NCCL INFO Connection to proxy localRank 0 -> connection 0x150e40000ec0
x3004c0s1b1n0:14108:18150 [1] NCCL INFO Connection to proxy localRank 1 -> connection 0x154d30000e80
x3004c0s1b1n0:14108:18309 [1] NCCL INFO transport/p2p.cc:449 Cuda Alloc Size 6291456 pointer 0x154d23800000
x3004c0s1b1n0:14107:18302 [0] NCCL INFO transport/p2p.cc:430 Cuda Alloc Size 6291456 pointer 0x150e3c600000
x3004c0s1b1n0:14108:18309 [1] NCCL INFO New proxy recv connection 9 from local rank 1, transport 0
x3004c0s1b1n0:14107:18149 [0] NCCL INFO Channel 02/0 : 4[7000] -> 5[46000] via P2P/IPC/read
x3004c0s1b1n0:14107:18302 [0] NCCL INFO New proxy send connection 10 from local rank 0, transport 0
x3004c0s1b1n0:14107:18149 [0] NCCL INFO Connection to proxy localRank 0 -> connection 0x150e40000f00
x3004c0s1b1n0:14107:18302 [0] NCCL INFO transport/p2p.cc:430 Cuda Alloc Size 6291456 pointer 0x150e3cc00000
x3004c0s1b1n0:14108:18150 [1] NCCL INFO Connection to proxy localRank 1 -> connection 0x154d30000ec0
x3004c0s1b1n0:14108:18309 [1] NCCL INFO transport/p2p.cc:449 Cuda Alloc Size 6291456 pointer 0x154d20000000
x3004c0s1b1n0:14107:18149 [0] NCCL INFO Channel 03/0 : 4[7000] -> 5[46000] via P2P/IPC/read
x3004c0s1b1n0:14107:18302 [0] NCCL INFO New proxy send connection 11 from local rank 0, transport 0
x3004c0s1b1n0:14107:18149 [0] NCCL INFO Connection to proxy localRank 0 -> connection 0x150e40000f40
x3004c0s1b1n0:14108:18309 [1] NCCL INFO New proxy recv connection 10 from local rank 1, transport 0
x3004c0s1b1n0:14107:18302 [0] NCCL INFO transport/p2p.cc:430 Cuda Alloc Size 6291456 pointer 0x150e3d200000
x3004c0s1b1n0:14108:18150 [1] NCCL INFO Connection to proxy localRank 1 -> connection 0x154d30000f00
x3004c0s1b1n0:14108:18309 [1] NCCL INFO transport/p2p.cc:449 Cuda Alloc Size 6291456 pointer 0x154d20600000
x3004c0s1b1n0:14108:18309 [1] NCCL INFO New proxy recv connection 11 from local rank 1, transport 0
x3004c0s1b1n0:14108:18150 [1] NCCL INFO Connection to proxy localRank 1 -> connection 0x154d30000f40
x3004c0s1b1n0:14108:18309 [1] NCCL INFO transport/p2p.cc:449 Cuda Alloc Size 6291456 pointer 0x154d20c00000
x3004c0s1b1n0:14108:18150 [1] NCCL INFO Channel 00/0 : 5[46000] -> 6[85000] via P2P/IPC/read
x3004c0s1b1n0:14108:18309 [1] NCCL INFO New proxy send connection 12 from local rank 1, transport 0
x3004c0s1b1n0:14108:18150 [1] NCCL INFO Connection to proxy localRank 1 -> connection 0x154d30000f80
x3004c0s1b1n0:14108:18309 [1] NCCL INFO transport/p2p.cc:430 Cuda Alloc Size 6291456 pointer 0x154d21200000
x3004c0s1b1n0:14108:18150 [1] NCCL INFO Channel 01/0 : 5[46000] -> 6[85000] via P2P/IPC/read
x3004c0s1b1n0:14108:18309 [1] NCCL INFO New proxy send connection 13 from local rank 1, transport 0
x3004c0s1b1n0:14108:18150 [1] NCCL INFO Connection to proxy localRank 1 -> connection 0x154d30000fc0
x3004c0s1b1n0:14108:18309 [1] NCCL INFO transport/p2p.cc:430 Cuda Alloc Size 6291456 pointer 0x154d21800000
x3004c0s1b1n0:14108:18150 [1] NCCL INFO Channel 02/0 : 5[46000] -> 6[85000] via P2P/IPC/read
x3004c0s1b1n0:14108:18309 [1] NCCL INFO New proxy send connection 14 from local rank 1, transport 0
x3004c0s1b1n0:14108:18150 [1] NCCL INFO Connection to proxy localRank 1 -> connection 0x154d30001000
x3004c0s1b1n0:14108:18309 [1] NCCL INFO transport/p2p.cc:430 Cuda Alloc Size 6291456 pointer 0x154d1e000000
x3004c0s1b1n0:14108:18150 [1] NCCL INFO Channel 03/0 : 5[46000] -> 6[85000] via P2P/IPC/read
x3004c0s1b1n0:14108:18309 [1] NCCL INFO New proxy send connection 15 from local rank 1, transport 0
x3004c0s1b1n0:14108:18150 [1] NCCL INFO Connection to proxy localRank 1 -> connection 0x154d30001040
x3004c0s1b1n0:14108:18309 [1] NCCL INFO transport/p2p.cc:430 Cuda Alloc Size 6291456 pointer 0x154d1e600000
x3004c0s1b1n0:14108:18309 [1] NCCL INFO New proxy recv connection 16 from local rank 1, transport 0
x3004c0s1b1n0:14109:18311 [2] NCCL INFO New proxy recv connection 12 from local rank 2, transport 0
x3004c0s1b1n0:14107:18149 [0] NCCL INFO GPU Direct RDMA Disabled for GPU 7000 / HCA 1 (distance 7 > 4)
x3004c0s1b1n0:14107:18302 [0] NCCL INFO Allocated 4194656 bytes of shared memory in /dev/shm/nccl-FnlPvS

x3004c0s1b1n0:14107:18302 [0] NCCL INFO New proxy recv connection 12 from local rank 0, transport 2
x3004c0s1b1n0:14109:18151 [2] NCCL INFO Connection to proxy localRank 2 -> connection 0x14f964000f80
x3004c0s1b1n0:14109:18311 [2] NCCL INFO transport/p2p.cc:449 Cuda Alloc Size 6291456 pointer 0x14f961200000
x3004c0s1b1n0:14108:18150 [1] NCCL INFO Connection to proxy localRank 1 -> connection 0x154d30001080
x3004c0s1b1n0:14108:18309 [1] NCCL INFO transport/p2p.cc:449 Cuda Alloc Size 6291456 pointer 0x154d1a000000
x3004c0s1b1n0:14107:18149 [0] NCCL INFO Connection to proxy localRank 0 -> connection 0x150e40000f80
x3004c0s1b1n0:14107:18149 [0] NCCL INFO Channel 02/0 : 0[7000] -> 4[7000] [receive] via NET/IB/1
x3004c0s1b1n0:14107:18149 [0] NCCL INFO GPU Direct RDMA Disabled for GPU 7000 / HCA 0 (distance 7 > 4)
x3004c0s1b1n0:14107:18302 [0] NCCL INFO New proxy recv connection 13 from local rank 0, transport 2
x3004c0s1b1n0:14109:18311 [2] NCCL INFO New proxy recv connection 13 from local rank 2, transport 0
x3004c0s1b1n0:14108:18309 [1] NCCL INFO New proxy recv connection 17 from local rank 1, transport 0
x3004c0s1b1n0:14107:18149 [0] NCCL INFO Connection to proxy localRank 0 -> connection 0x150e40000fc0
x3004c0s1b1n0:14107:18149 [0] NCCL INFO Channel 03/0 : 0[7000] -> 4[7000] [receive] via NET/IB/0
x3004c0s1b1n0:14109:18151 [2] NCCL INFO Connection to proxy localRank 2 -> connection 0x14f964000fc0
x3004c0s1b1n0:14109:18311 [2] NCCL INFO transport/p2p.cc:449 Cuda Alloc Size 6291456 pointer 0x14f961800000
x3004c0s1b1n0:14108:18150 [1] NCCL INFO Connection to proxy localRank 1 -> connection 0x154d300010c0
x3004c0s1b1n0:14108:18309 [1] NCCL INFO transport/p2p.cc:449 Cuda Alloc Size 6291456 pointer 0x154d1a600000
x3004c0s1b1n0:14109:18311 [2] NCCL INFO New proxy recv connection 14 from local rank 2, transport 0
x3004c0s1b1n0:14108:18309 [1] NCCL INFO New proxy recv connection 18 from local rank 1, transport 0
x3004c0s1b1n0:14109:18151 [2] NCCL INFO Connection to proxy localRank 2 -> connection 0x14f964001000
x3004c0s1b1n0:14109:18311 [2] NCCL INFO transport/p2p.cc:449 Cuda Alloc Size 6291456 pointer 0x14f95e000000
x3004c0s1b1n0:14108:18150 [1] NCCL INFO Connection to proxy localRank 1 -> connection 0x154d30001100
x3004c0s1b1n0:14108:18309 [1] NCCL INFO transport/p2p.cc:449 Cuda Alloc Size 6291456 pointer 0x154d1ac00000
x3004c0s1b1n0:14109:18311 [2] NCCL INFO New proxy recv connection 15 from local rank 2, transport 0
x3004c0s1b1n0:14108:18309 [1] NCCL INFO New proxy recv connection 19 from local rank 1, transport 0
x3004c0s1b1n0:14109:18151 [2] NCCL INFO Connection to proxy localRank 2 -> connection 0x14f964001040
x3004c0s1b1n0:14109:18311 [2] NCCL INFO transport/p2p.cc:449 Cuda Alloc Size 6291456 pointer 0x14f95e600000
x3004c0s1b1n0:14108:18150 [1] NCCL INFO Connection to proxy localRank 1 -> connection 0x154d30001140
x3004c0s1b1n0:14107:18302 [0] NCCL INFO transport/net_ib.cc:683 Ib Alloc Size 21688 pointer 0x150e4001b000
x3004c0s1b1n0:14107:18302 [0] NCCL INFO transport/net_ib.cc:696 Ib Alloc Size 552 pointer 0x150e40022000
x3004c0s1b1n0:14108:18309 [1] NCCL INFO transport/p2p.cc:449 Cuda Alloc Size 6291456 pointer 0x154d1b200000
x3004c0s1b1n0:14107:18302 [0] NCCL INFO transport/net_ib.cc:771 Ib Alloc Size 552 pointer 0x150e4003f000
x3004c0s1b1n0:14107:18302 [0] NCCL INFO transport/net.cc:698 Cuda Host Alloc Size 9641984 pointer 0x150e3b200000
x3004c0s1b1n0:14107:18302 [0] NCCL INFO transport/net_ib.cc:683 Ib Alloc Size 21688 pointer 0x150e40041000
x3004c0s1b1n0:14107:18302 [0] NCCL INFO transport/net_ib.cc:696 Ib Alloc Size 552 pointer 0x150e40048000
x3004c0s1b1n0:14109:18151 [2] NCCL INFO Channel 00/0 : 6[85000] -> 5[46000] via P2P/IPC/read
x3004c0s1b1n0:14109:18311 [2] NCCL INFO New proxy send connection 16 from local rank 2, transport 0
x3004c0s1b1n0:14109:18151 [2] NCCL INFO Connection to proxy localRank 2 -> connection 0x14f964001080
x3004c0s1b1n0:14109:18311 [2] NCCL INFO transport/p2p.cc:430 Cuda Alloc Size 6291456 pointer 0x14f95ec00000
x3004c0s1b1n0:14109:18151 [2] NCCL INFO Channel 01/0 : 6[85000] -> 5[46000] via P2P/IPC/read
x3004c0s1b1n0:14109:18311 [2] NCCL INFO New proxy send connection 17 from local rank 2, transport 0
x3004c0s1b1n0:14107:18302 [0] NCCL INFO transport/net_ib.cc:771 Ib Alloc Size 552 pointer 0x150e40064000
x3004c0s1b1n0:14107:18302 [0] NCCL INFO transport/net.cc:698 Cuda Host Alloc Size 9641984 pointer 0x150e32000000
x3004c0s1b1n0:14109:18151 [2] NCCL INFO Connection to proxy localRank 2 -> connection 0x14f9640010c0
x3004c0s1b1n0:14109:18311 [2] NCCL INFO transport/p2p.cc:430 Cuda Alloc Size 6291456 pointer 0x14f95f200000
x3004c0s1b1n0:14109:18151 [2] NCCL INFO Channel 02/0 : 6[85000] -> 5[46000] via P2P/IPC/read
x3004c0s1b1n0:14109:18311 [2] NCCL INFO New proxy send connection 18 from local rank 2, transport 0
x3004c0s1b1n0:14107:18149 [0] NCCL INFO GPU Direct RDMA Disabled for GPU 7000 / HCA 1 (distance 7 > 4)
x3004c0s1b1n0:14107:18302 [0] NCCL INFO New proxy send connection 14 from local rank 0, transport 2
x3004c0s1b1n0:14109:18151 [2] NCCL INFO Connection to proxy localRank 2 -> connection 0x14f964001100
x3004c0s1b1n0:14109:18311 [2] NCCL INFO transport/p2p.cc:430 Cuda Alloc Size 6291456 pointer 0x14f95f800000
x3004c0s1b1n0:14107:18149 [0] NCCL INFO Connection to proxy localRank 0 -> connection 0x150e40001000
x3004c0s1b1n0:14107:18149 [0] NCCL INFO Channel 00/0 : 4[7000] -> 9[46000] [send] via NET/IB/1
x3004c0s1b1n0:14107:18149 [0] NCCL INFO GPU Direct RDMA Disabled for GPU 7000 / HCA 0 (distance 7 > 4)
x3004c0s1b1n0:14107:18302 [0] NCCL INFO New proxy send connection 15 from local rank 0, transport 2
x3004c0s1b1n0:14109:18151 [2] NCCL INFO Channel 03/0 : 6[85000] -> 5[46000] via P2P/IPC/read
x3004c0s1b1n0:14109:18311 [2] NCCL INFO New proxy send connection 19 from local rank 2, transport 0
x3004c0s1b1n0:14107:18149 [0] NCCL INFO Connection to proxy localRank 0 -> connection 0x150e40001040
x3004c0s1b1n0:14107:18149 [0] NCCL INFO Channel 01/0 : 4[7000] -> 9[46000] [send] via NET/IB/0
x3004c0s1b1n0:14109:18151 [2] NCCL INFO Connection to proxy localRank 2 -> connection 0x14f964001140
x3004c0s1b1n0:14109:18311 [2] NCCL INFO transport/p2p.cc:430 Cuda Alloc Size 6291456 pointer 0x14f95c000000
x3004c0s1b1n0:14107:18302 [0] NCCL INFO transport/net_ib.cc:596 Ib Alloc Size 26560 pointer 0x150e40070000
x3004c0s1b1n0:14107:18302 [0] NCCL INFO NET/IB: Dev 1 Port 1 qpn 12043 mtu 5 GID 0 (80FE/EF0100FEFF000000)
x3004c0s1b1n0:14107:18302 [0] NCCL INFO transport/net_ib.cc:653 Ib Alloc Size 552 pointer 0x150e40087000
x3004c0s1b1n0:14107:18302 [0] NCCL INFO transport/net.cc:571 Cuda Host Alloc Size 9641984 pointer 0x150e32a00000
x3004c0s1b1n0:14107:18302 [0] NCCL INFO transport/net_ib.cc:596 Ib Alloc Size 26560 pointer 0x150e40089000
x3004c0s1b1n0:14109:18151 [2] NCCL INFO Connected all trees by HAO
x3004c0s1b1n0:14109:18151 [2] NCCL INFO threadThresholds 8/8/64 | 160/8/64 | 512 | 512
x3004c0s1b1n0:14109:18151 [2] NCCL INFO 4 coll channels, 4 p2p channels, 2 p2p channels per peer
x3004c0s1b1n0:14107:18302 [0] NCCL INFO NET/IB: Dev 0 Port 1 qpn 11980 mtu 5 GID 0 (80FE/AA0100FEFF000000)
x3004c0s1b1n0:14107:18302 [0] NCCL INFO transport/net_ib.cc:653 Ib Alloc Size 552 pointer 0x150e400a0000
x3004c0s1b1n0:14107:18302 [0] NCCL INFO transport/net.cc:571 Cuda Host Alloc Size 9641984 pointer 0x150e33400000
x3004c0s1b1n0:14109:18311 [2] NCCL INFO Allocated 4194656 bytes of shared memory in /dev/shm/nccl-3NDEO1

x3004c0s1b1n0:14109:18311 [2] NCCL INFO New proxy send connection 20 from local rank 2, transport 2
x3004c0s1b1n0:14110:18152 [3] NCCL INFO Connected all trees by HAO
x3004c0s1b1n0:14110:18152 [3] NCCL INFO threadThresholds 8/8/64 | 160/8/64 | 512 | 512
x3004c0s1b1n0:14110:18152 [3] NCCL INFO 4 coll channels, 4 p2p channels, 2 p2p channels per peer
x3004c0s1b1n0:14110:18314 [3] NCCL INFO New proxy send connection 12 from local rank 3, transport 2
x3004c0s1b1n0:14108:18150 [1] NCCL INFO Connected all trees by HAO
x3004c0s1b1n0:14108:18150 [1] NCCL INFO threadThresholds 8/8/64 | 160/8/64 | 512 | 512
x3004c0s1b1n0:14108:18150 [1] NCCL INFO 4 coll channels, 4 p2p channels, 2 p2p channels per peer
x3004c0s1b1n0:14108:18309 [1] NCCL INFO New proxy send connection 20 from local rank 1, transport 2
x3004c0s1b1n0:14107:18149 [0] NCCL INFO GPU Direct RDMA Disabled for GPU 7000 / HCA 1 (distance 7 > 4)
x3004c0s1b1n0:14107:18302 [0] NCCL INFO New proxy recv connection 16 from local rank 0, transport 2
x3004c0s1b1n0:14109:18151 [2] NCCL INFO Connection to proxy localRank 2 -> connection 0x14f964001180
x3004c0s1b1n0:14109:18311 [2] NCCL INFO transport/net.cc:376 Cuda Alloc Size 8388608 pointer 0x14f95b800000
x3004c0s1b1n0:14110:18152 [3] NCCL INFO Connection to proxy localRank 3 -> connection 0x146544000f80
x3004c0s1b1n0:14110:18314 [3] NCCL INFO transport/net.cc:376 Cuda Alloc Size 8388608 pointer 0x146540000000
x3004c0s1b1n0:14108:18150 [1] NCCL INFO Connection to proxy localRank 1 -> connection 0x154d30001180
x3004c0s1b1n0:14108:18309 [1] NCCL INFO transport/net.cc:376 Cuda Alloc Size 8388608 pointer 0x154d19200000
x3004c0s1b1n0:14107:18149 [0] NCCL INFO Connection to proxy localRank 0 -> connection 0x150e40001080
x3004c0s1b1n0:14107:18149 [0] NCCL INFO Channel 00/0 : 9[46000] -> 4[7000] [receive] via NET/IB/1
x3004c0s1b1n0:14107:18149 [0] NCCL INFO GPU Direct RDMA Disabled for GPU 7000 / HCA 0 (distance 7 > 4)
x3004c0s1b1n0:14107:18302 [0] NCCL INFO New proxy recv connection 17 from local rank 0, transport 2
x3004c0s1b1n0:14107:18149 [0] NCCL INFO Connection to proxy localRank 0 -> connection 0x150e400010c0
x3004c0s1b1n0:14107:18149 [0] NCCL INFO Channel 01/0 : 9[46000] -> 4[7000] [receive] via NET/IB/0
x3004c0s1b1n0:14107:18302 [0] NCCL INFO transport/net_ib.cc:683 Ib Alloc Size 21688 pointer 0x150e400ac000
x3004c0s1b1n0:14107:18302 [0] NCCL INFO transport/net_ib.cc:696 Ib Alloc Size 552 pointer 0x150e400b3000
x3004c0s1b1n0:14107:18302 [0] NCCL INFO transport/net_ib.cc:771 Ib Alloc Size 552 pointer 0x150e400ce000
x3004c0s1b1n0:14107:18302 [0] NCCL INFO transport/net.cc:698 Cuda Host Alloc Size 9641984 pointer 0x150e30000000
x3004c0s1b1n0:14107:18302 [0] NCCL INFO transport/net_ib.cc:683 Ib Alloc Size 21688 pointer 0x150e400d0000
x3004c0s1b1n0:14107:18302 [0] NCCL INFO transport/net_ib.cc:696 Ib Alloc Size 552 pointer 0x150e400d7000
x3004c0s1b1n0:14107:18302 [0] NCCL INFO transport/net_ib.cc:771 Ib Alloc Size 552 pointer 0x150e400f2000
x3004c0s1b1n0:14107:18302 [0] NCCL INFO transport/net.cc:698 Cuda Host Alloc Size 9641984 pointer 0x150e30a00000
x3004c0s1b1n0:14107:18149 [0] NCCL INFO GPU Direct RDMA Disabled for GPU 7000 / HCA 1 (distance 7 > 4)
x3004c0s1b1n0:14107:18302 [0] NCCL INFO New proxy send connection 18 from local rank 0, transport 2
x3004c0s1b1n0:14107:18149 [0] NCCL INFO Connection to proxy localRank 0 -> connection 0x150e40001100
x3004c0s1b1n0:14107:18149 [0] NCCL INFO Channel 02/0 : 4[7000] -> 0[7000] [send] via NET/IB/1
x3004c0s1b1n0:14107:18149 [0] NCCL INFO GPU Direct RDMA Disabled for GPU 7000 / HCA 0 (distance 7 > 4)
x3004c0s1b1n0:14107:18302 [0] NCCL INFO New proxy send connection 19 from local rank 0, transport 2
x3004c0s1b1n0:14107:18149 [0] NCCL INFO Connection to proxy localRank 0 -> connection 0x150e40001140
x3004c0s1b1n0:14107:18149 [0] NCCL INFO Channel 03/0 : 4[7000] -> 0[7000] [send] via NET/IB/0
x3004c0s1b1n0:14107:18302 [0] NCCL INFO transport/net_ib.cc:596 Ib Alloc Size 26560 pointer 0x150e400fe000
x3004c0s1b1n0:14107:18302 [0] NCCL INFO NET/IB: Dev 1 Port 1 qpn 12046 mtu 5 GID 0 (80FE/EF0100FEFF000000)
x3004c0s1b1n0:14107:18302 [0] NCCL INFO transport/net_ib.cc:653 Ib Alloc Size 552 pointer 0x150e40115000
x3004c0s1b1n0:14107:18302 [0] NCCL INFO transport/net.cc:571 Cuda Host Alloc Size 9641984 pointer 0x150e31400000
x3004c0s1b1n0:14107:18302 [0] NCCL INFO transport/net_ib.cc:596 Ib Alloc Size 26560 pointer 0x150e40117000
x3004c0s1b1n0:14107:18302 [0] NCCL INFO NET/IB: Dev 0 Port 1 qpn 11983 mtu 5 GID 0 (80FE/AA0100FEFF000000)
x3004c0s1b1n0:14107:18302 [0] NCCL INFO transport/net_ib.cc:653 Ib Alloc Size 552 pointer 0x150e4012e000
x3004c0s1b1n0:14107:18302 [0] NCCL INFO transport/net.cc:571 Cuda Host Alloc Size 9641984 pointer 0x150e2e000000
x3004c0s1b1n0:14107:18149 [0] NCCL INFO Connected all trees by HAO
x3004c0s1b1n0:14107:18149 [0] NCCL INFO threadThresholds 8/8/64 | 160/8/64 | 512 | 512
x3004c0s1b1n0:14107:18149 [0] NCCL INFO 4 coll channels, 4 p2p channels, 2 p2p channels per peer
x3004c0s1b1n0:14107:18302 [0] NCCL INFO New proxy send connection 20 from local rank 0, transport 2
x3004c0s1b1n0:14107:18149 [0] NCCL INFO Connection to proxy localRank 0 -> connection 0x150e40001180
x3004c0s1b1n0:14107:18149 [0] NCCL INFO init.cc:367 Cuda Alloc Size 5168 pointer 0x150e9581fc00
x3004c0s1b1n0:14109:18151 [2] NCCL INFO init.cc:367 Cuda Alloc Size 5168 pointer 0x14f9e7e1fc00
x3004c0s1b1n0:14108:18150 [1] NCCL INFO init.cc:367 Cuda Alloc Size 5168 pointer 0x154d8381fc00
x3004c0s1b1n0:14110:18152 [3] NCCL INFO init.cc:367 Cuda Alloc Size 5168 pointer 0x1465c3e1fc00
x3004c0s1b1n0:14109:18151 [2] NCCL INFO init.cc:392 Cuda Host Alloc Size 33554432 pointer 0x14f952000000
x3004c0s1b1n0:14109:18151 [2] NCCL INFO init.cc:398 Cuda Host Alloc Size 128 pointer 0x14f9e7400a00
x3004c0s1b1n0:14109:18151 [2] NCCL INFO comm 0x55cf1f35b110 rank 6 nranks 20 cudaDev 2 busId 85000 - Init COMPLETE
x3004c0s1b1n0:14110:18152 [3] NCCL INFO init.cc:392 Cuda Host Alloc Size 33554432 pointer 0x14653e000000
x3004c0s1b1n0:14110:18152 [3] NCCL INFO init.cc:398 Cuda Host Alloc Size 128 pointer 0x1465c3400a00
x3004c0s1b1n0:14110:18152 [3] NCCL INFO comm 0x56549f289000 rank 7 nranks 20 cudaDev 3 busId c7000 - Init COMPLETE
x3004c0s1b1n0:14107:18149 [0] NCCL INFO init.cc:392 Cuda Host Alloc Size 33554432 pointer 0x150e2c000000
x3004c0s1b1n0:14107:18149 [0] NCCL INFO init.cc:398 Cuda Host Alloc Size 128 pointer 0x150e94e00a00
x3004c0s1b1n0:14107:18149 [0] NCCL INFO comm 0x56158af5cc60 rank 4 nranks 20 cudaDev 0 busId 7000 - Init COMPLETE
x3004c0s1b1n0:14107:18302 [0] NCCL INFO transport/net.cc:376 Cuda Alloc Size 8388608 pointer 0x150e2ea00000
x3004c0s1b1n0:14108:18150 [1] NCCL INFO init.cc:392 Cuda Host Alloc Size 33554432 pointer 0x154d16000000
x3004c0s1b1n0:14108:18150 [1] NCCL INFO init.cc:398 Cuda Host Alloc Size 128 pointer 0x154d82e00a00
x3004c0s1b1n0:14108:18150 [1] NCCL INFO comm 0x5588ada95e60 rank 5 nranks 20 cudaDev 1 busId 46000 - Init COMPLETE
x3004c0s1b1n0:14109:14109 [2] NCCL INFO AllReduce: opCount 0 sendbuff 0x14f9e3800400 recvbuff 0x14f9e3800400 count 1 datatype 4 op 0 root 0 comm 0x55cf1f35b110 [nranks=20] stream 0x55cf1dd34b30
x3004c0s1b1n0:14109:14109 [2] NCCL INFO misc/utils.cc:235 memory stack hunk malloc(65536)
[LYD INFO in ncclLaunchKernel (enqueue.cc)] NCHANNELS is: 4x3004c0s1b1n0:14108:14108 [1] NCCL INFO AllReduce: opCount 0 sendbuff 0x154dc3600400 recvbuff 0x154dc3600400 count 1 datatype 4 op 0 root 0 comm 0x5588ada95e60 [nranks=20] stream 0x5588ac1eb8c0
x3004c0s1b1n0:14108:14108 [1] NCCL INFO misc/utils.cc:235 memory stack hunk malloc(65536)
[LYD INFO in ncclLaunchKernel (enqueue.cc)] NCHANNELS is: 4x3004c0s1b1n0:14110:14110 [3] NCCL INFO AllReduce: opCount 0 sendbuff 0x1465bfc00400 recvbuff 0x1465bfc00400 count 1 datatype 4 op 0 root 0 comm 0x56549f289000 [nranks=20] stream 0x56549d98e0a0
x3004c0s1b1n0:14110:14110 [3] NCCL INFO misc/utils.cc:235 memory stack hunk malloc(65536)
[LYD INFO in ncclLaunchKernel (enqueue.cc)] NCHANNELS is: 4x3004c0s1b1n0:14107:14107 [0] NCCL INFO AllReduce: opCount 0 sendbuff 0x150ecb000400 recvbuff 0x150ecb000400 count 1 datatype 4 op 0 root 0 comm 0x56158af5cc60 [nranks=20] stream 0x561588e81460
x3004c0s1b1n0:14107:14107 [0] NCCL INFO misc/utils.cc:235 memory stack hunk malloc(65536)
[LYD INFO in ncclLaunchKernel (enqueue.cc)] NCHANNELS is: 4
[LYD INFO in NCCL_KERN_NAME (common.h)] 7 AllReduce TREE LL Sum int64_t Elapsed time: 1419165 us

[LYD INFO in NCCL_KERN_NAME (common.h)] 4 AllReduce TREE LL Sum int64_t Elapsed time: 1411575 us

[LYD INFO in NCCL_KERN_NAME (common.h)] 6 AllReduce TREE LL Sum int64_t Elapsed time: 1436276 us

[LYD INFO in NCCL_KERN_NAME (common.h)] 5 AllReduce TREE LL Sum int64_t Elapsed time: 1438233 us
[Hao INFO in ncclAllReduce (all_reduce.cc)] rank 2 ncclAllReduce: count: 1, datatype: ncclInt64, message size: 8 Bytes
x3004c0s1b1n0:14109:14109 [2] NCCL INFO AllReduce: opCount 0 sendbuff 0x14f9e3800400 recvbuff 0x14f9e3800400 count 1 datatype 4 op 0 root 0 comm 0x55cf20ce6ed0 [nranks=1] stream 0x55cf1dd349f0

[LYD INFO in ncclAllReduce (all_reduce.cc)] rank 0 AllReduce Time: 0.000018000 seconds
x3004c0s1b1n0:14109:14109 [2] NCCL INFO AllReduce: opCount 1 sendbuff 0x14f9e3800400 recvbuff 0x14f9e3800400 count 1 datatype 4 op 0 root 0 comm 0x55cf1f35b110 [nranks=20] stream 0x55cf1dd34b30
[LYD INFO in ncclLaunchKernel (enqueue.cc)] NCHANNELS is: 4[Hao INFO in ncclAllReduce (all_reduce.cc)] rank 0 ncclAllReduce: count: 1, datatype: ncclInt64, message size: 8 Bytes
x3004c0s1b1n0:14107:14107 [0] NCCL INFO AllReduce: opCount 0 sendbuff 0x150ecb000400 recvbuff 0x150ecb000400 count 1 datatype 4 op 0 root 0 comm 0x56158c011240 [nranks=1] stream 0x561588e81320

[LYD INFO in ncclAllReduce (all_reduce.cc)] rank 0 AllReduce Time: 0.000015000 seconds
x3004c0s1b1n0:14107:14107 [0] NCCL INFO AllReduce: opCount 1 sendbuff 0x150ecb000400 recvbuff 0x150ecb000400 count 1 datatype 4 op 0 root 0 comm 0x56158af5cc60 [nranks=20] stream 0x561588e81460
[LYD INFO in ncclLaunchKernel (enqueue.cc)] NCHANNELS is: 4[Hao INFO in ncclAllReduce (all_reduce.cc)] rank 1 ncclAllReduce: count: 1, datatype: ncclInt64, message size: 8 Bytes
x3004c0s1b1n0:14108:14108 [1] NCCL INFO AllReduce: opCount 0 sendbuff 0x154dc3600400 recvbuff 0x154dc3600400 count 1 datatype 4 op 0 root 0 comm 0x5588af191450 [nranks=1] stream 0x5588ac1eb780

[LYD INFO in ncclAllReduce (all_reduce.cc)] rank 0 AllReduce Time: 0.000015000 seconds
x3004c0s1b1n0:14108:14108 [1] NCCL INFO AllReduce: opCount 1 sendbuff 0x154dc3600400 recvbuff 0x154dc3600400 count 1 datatype 4 op 0 root 0 comm 0x5588ada95e60 [nranks=20] stream 0x5588ac1eb8c0
[LYD INFO in ncclLaunchKernel (enqueue.cc)] NCHANNELS is: 4[Hao INFO in ncclAllReduce (all_reduce.cc)] rank 3 ncclAllReduce: count: 1, datatype: ncclInt64, message size: 8 Bytes
x3004c0s1b1n0:14110:14110 [3] NCCL INFO AllReduce: opCount 0 sendbuff 0x1465bfc00400 recvbuff 0x1465bfc00400 count 1 datatype 4 op 0 root 0 comm 0x5654a0b28190 [nranks=1] stream 0x56549d98df60

[LYD INFO in ncclAllReduce (all_reduce.cc)] rank 0 AllReduce Time: 0.000015000 seconds
x3004c0s1b1n0:14110:14110 [3] NCCL INFO AllReduce: opCount 1 sendbuff 0x1465bfc00400 recvbuff 0x1465bfc00400 count 1 datatype 4 op 0 root 0 comm 0x56549f289000 [nranks=20] stream 0x56549d98e0a0
[LYD INFO in ncclLaunchKernel (enqueue.cc)] NCHANNELS is: 4
[LYD INFO in NCCL_KERN_NAME (common.h)] 6 AllReduce TREE LL Sum int64_t Elapsed time: 87606 us

[LYD INFO in NCCL_KERN_NAME (common.h)] 4 AllReduce TREE LL Sum int64_t Elapsed time: 76861 us

[LYD INFO in NCCL_KERN_NAME (common.h)] 7 AllReduce TREE LL Sum int64_t Elapsed time: 53217 us

[LYD INFO in NCCL_KERN_NAME (common.h)] 5 AllReduce TREE LL Sum int64_t Elapsed time: 65022 us
x3004c0s1b1n0:14108:14108 [1] NCCL INFO init.cc:1147 Cuda Host Alloc Size 4 pointer 0x154d82e00c00
x3004c0s1b1n0:14107:14107 [0] NCCL INFO init.cc:1147 Cuda Host Alloc Size 4 pointer 0x150e94e00c00
x3004c0s1b1n0:14110:14110 [3] NCCL INFO init.cc:1147 Cuda Host Alloc Size 4 pointer 0x1465c3400c00
x3004c0s1b1n0:14109:14109 [2] NCCL INFO init.cc:1147 Cuda Host Alloc Size 4 pointer 0x14f9e7400c00
x3004c0s1b1n0:14109:18799 [2] NCCL INFO Using network IB
x3004c0s1b1n0:14107:18795 [0] NCCL INFO Using network IB
x3004c0s1b1n0:14108:18793 [1] NCCL INFO Using network IB
x3004c0s1b1n0:14110:18797 [3] NCCL INFO Using network IB
x3004c0s1b1n0:14107:18795 [0] NCCL INFO NET/IB : GPU Direct RDMA Enabled for HCA 0 'mlx5_0'
x3004c0s1b1n0:14107:18795 [0] NCCL INFO NET/IB : GPU Direct RDMA Enabled for HCA 1 'mlx5_1'
x3004c0s1b1n0:14107:18795 [0] NCCL INFO GPU Direct RDMA Disabled for GPU 7000 / HCA 0 (distance 7 > 4)
x3004c0s1b1n0:14107:18795 [0] NCCL INFO GPU Direct RDMA Disabled for GPU 7000 / HCA 1 (distance 7 > 4)
x3004c0s1b1n0:14107:18795 [0] NCCL INFO === System : maxBw 5000.0 totalBw 0.0 ===
x3004c0s1b1n0:14107:18795 [0] NCCL INFO CPU/3 (1/2/-1)
x3004c0s1b1n0:14107:18795 [0] NCCL INFO + SYS[5000.0] - CPU/0
x3004c0s1b1n0:14107:18795 [0] NCCL INFO + SYS[5000.0] - CPU/2
x3004c0s1b1n0:14107:18795 [0] NCCL INFO + PCI[24.0] - PCI/5000 (11f8406811f8beef)
x3004c0s1b1n0:14107:18795 [0] NCCL INFO               + PCI[24.0] - GPU/7000 (0)
x3004c0s1b1n0:14107:18795 [0] NCCL INFO CPU/0 (1/2/-1)
x3004c0s1b1n0:14107:18795 [0] NCCL INFO + SYS[5000.0] - CPU/3
x3004c0s1b1n0:14107:18795 [0] NCCL INFO + SYS[5000.0] - CPU/2
x3004c0s1b1n0:14107:18795 [0] NCCL INFO + PCI[12.0] - NIC/C8000
x3004c0s1b1n0:14107:18795 [0] NCCL INFO CPU/2 (1/2/-1)
x3004c0s1b1n0:14107:18795 [0] NCCL INFO + SYS[5000.0] - CPU/3
x3004c0s1b1n0:14107:18795 [0] NCCL INFO + SYS[5000.0] - CPU/0
x3004c0s1b1n0:14107:18795 [0] NCCL INFO + PCI[12.0] - NIC/43000
x3004c0s1b1n0:14107:18795 [0] NCCL INFO ==========================================
x3004c0s1b1n0:14107:18795 [0] NCCL INFO GPU/7000 :GPU/7000 (0/5000.000000/LOC) CPU/3 (2/24.000000/PHB) CPU/0 (3/24.000000/SYS) CPU/2 (3/24.000000/SYS) 
x3004c0s1b1n0:14107:18795 [0] NCCL INFO Pattern 4, crossNic 0, nChannels 16, bw 44.000000/44.000000, type LOC/PIX, sameChannels 1
x3004c0s1b1n0:14107:18795 [0] NCCL INFO  0 : GPU/0
x3004c0s1b1n0:14107:18795 [0] NCCL INFO  1 : GPU/0
x3004c0s1b1n0:14107:18795 [0] NCCL INFO  2 : GPU/0
x3004c0s1b1n0:14107:18795 [0] NCCL INFO  3 : GPU/0
x3004c0s1b1n0:14107:18795 [0] NCCL INFO  4 : GPU/0
x3004c0s1b1n0:14107:18795 [0] NCCL INFO  5 : GPU/0
x3004c0s1b1n0:14107:18795 [0] NCCL INFO  6 : GPU/0
x3004c0s1b1n0:14107:18795 [0] NCCL INFO  7 : GPU/0
x3004c0s1b1n0:14107:18795 [0] NCCL INFO  8 : GPU/0
x3004c0s1b1n0:14107:18795 [0] NCCL INFO  9 : GPU/0
x3004c0s1b1n0:14107:18795 [0] NCCL INFO 10 : GPU/0
x3004c0s1b1n0:14107:18795 [0] NCCL INFO 11 : GPU/0
x3004c0s1b1n0:14107:18795 [0] NCCL INFO 12 : GPU/0
x3004c0s1b1n0:14107:18795 [0] NCCL INFO 13 : GPU/0
x3004c0s1b1n0:14107:18795 [0] NCCL INFO 14 : GPU/0
x3004c0s1b1n0:14107:18795 [0] NCCL INFO 15 : GPU/0
x3004c0s1b1n0:14107:18795 [0] NCCL INFO Pattern 3, crossNic 0, nChannels 16, bw 44.000000/44.000000, type LOC/PIX, sameChannels 1
x3004c0s1b1n0:14107:18795 [0] NCCL INFO  0 : GPU/0
x3004c0s1b1n0:14107:18795 [0] NCCL INFO  1 : GPU/0
x3004c0s1b1n0:14107:18795 [0] NCCL INFO  2 : GPU/0
x3004c0s1b1n0:14107:18795 [0] NCCL INFO  3 : GPU/0
x3004c0s1b1n0:14107:18795 [0] NCCL INFO  4 : GPU/0
x3004c0s1b1n0:14107:18795 [0] NCCL INFO  5 : GPU/0
x3004c0s1b1n0:14107:18795 [0] NCCL INFO  6 : GPU/0
x3004c0s1b1n0:14107:18795 [0] NCCL INFO  7 : GPU/0
x3004c0s1b1n0:14107:18795 [0] NCCL INFO  8 : GPU/0
x3004c0s1b1n0:14107:18795 [0] NCCL INFO  9 : GPU/0
x3004c0s1b1n0:14107:18795 [0] NCCL INFO 10 : GPU/0
x3004c0s1b1n0:14107:18795 [0] NCCL INFO 11 : GPU/0
x3004c0s1b1n0:14107:18795 [0] NCCL INFO 12 : GPU/0
x3004c0s1b1n0:14107:18795 [0] NCCL INFO 13 : GPU/0
x3004c0s1b1n0:14107:18795 [0] NCCL INFO 14 : GPU/0
x3004c0s1b1n0:14107:18795 [0] NCCL INFO 15 : GPU/0
x3004c0s1b1n0:14107:18795 [0] NCCL INFO Pattern 3, crossNic 0, nChannels 16, bw 44.000000/44.000000, type LOC/PIX, sameChannels 1
x3004c0s1b1n0:14107:18795 [0] NCCL INFO  0 : GPU/0
x3004c0s1b1n0:14107:18795 [0] NCCL INFO  1 : GPU/0
x3004c0s1b1n0:14107:18795 [0] NCCL INFO  2 : GPU/0
x3004c0s1b1n0:14107:18795 [0] NCCL INFO  3 : GPU/0
x3004c0s1b1n0:14107:18795 [0] NCCL INFO  4 : GPU/0
x3004c0s1b1n0:14107:18795 [0] NCCL INFO  5 : GPU/0
x3004c0s1b1n0:14107:18795 [0] NCCL INFO  6 : GPU/0
x3004c0s1b1n0:14107:18795 [0] NCCL INFO  7 : GPU/0
x3004c0s1b1n0:14107:18795 [0] NCCL INFO  8 : GPU/0
x3004c0s1b1n0:14107:18795 [0] NCCL INFO  9 : GPU/0
