x3103c0s25b1n0:61576:62855 [1] NCCL INFO transport/net_ib.cc:683 Ib Alloc Size 21688 pointer 0x15038c07b000
x3103c0s25b1n0:61576:62855 [1] NCCL INFO transport/net_ib.cc:696 Ib Alloc Size 552 pointer 0x15038c082000
x3103c0s25b1n0:61577:62705 [2] NCCL INFO Connection to proxy localRank 2 -> connection 0x154e5c000e00
x3103c0s25b1n0:61577:62856 [2] NCCL INFO transport/p2p.cc:449 Cuda Alloc Size 6291456 pointer 0x154e55800000
x3103c0s25b1n0:61578:62706 [3] NCCL INFO Connection to proxy localRank 3 -> connection 0x154378000e40
x3103c0s25b1n0:61578:62706 [3] NCCL INFO Channel 03/0 : 7[c7000] -> 9[46000] [send] via NET/IB/0
x3103c0s25b1n0:61578:62858 [3] NCCL INFO transport/net_ib.cc:596 Ib Alloc Size 26560 pointer 0x154378020000
x3103c0s25b1n0:61576:62855 [1] NCCL INFO transport/net_ib.cc:771 Ib Alloc Size 552 pointer 0x15038c09d000
x3103c0s25b1n0:61576:62855 [1] NCCL INFO transport/net.cc:698 Cuda Host Alloc Size 9641984 pointer 0x15038b400000
x3103c0s25b1n0:61578:62858 [3] NCCL INFO NET/IB: Dev 1 Port 1 qpn 10050 mtu 5 GID 0 (80FE/5A2100FEFF000000)
x3103c0s25b1n0:61578:62858 [3] NCCL INFO transport/net_ib.cc:653 Ib Alloc Size 552 pointer 0x154378042000
x3103c0s25b1n0:61578:62858 [3] NCCL INFO transport/net.cc:571 Cuda Host Alloc Size 9641984 pointer 0x154376c00000
x3103c0s25b1n0:61578:62858 [3] NCCL INFO Mem Realloc old size 0, new size 768 pointer 0x15437802f0a0
x3103c0s25b1n0:61576:62855 [1] NCCL INFO transport/net_ib.cc:683 Ib Alloc Size 21688 pointer 0x15038c09f000
x3103c0s25b1n0:61576:62855 [1] NCCL INFO transport/net_ib.cc:696 Ib Alloc Size 552 pointer 0x15038c0a6000
x3103c0s25b1n0:61576:62855 [1] NCCL INFO transport/net_ib.cc:771 Ib Alloc Size 552 pointer 0x15038c0c1000
x3103c0s25b1n0:61576:62855 [1] NCCL INFO transport/net.cc:698 Cuda Host Alloc Size 9641984 pointer 0x150388000000
x3103c0s25b1n0:61577:62856 [2] NCCL INFO New proxy recv connection 7 from local rank 2, transport 0
x3103c0s25b1n0:61578:62858 [3] NCCL INFO transport/net_ib.cc:596 Ib Alloc Size 26560 pointer 0x154378044000
x3103c0s25b1n0:61576:62704 [1] NCCL INFO Channel 00/0 : 5[46000] -> 4[7000] via P2P/IPC/read
x3103c0s25b1n0:61576:62855 [1] NCCL INFO New proxy send connection 4 from local rank 1, transport 0
x3103c0s25b1n0:61578:62858 [3] NCCL INFO NET/IB: Dev 0 Port 1 qpn 15082 mtu 5 GID 0 (80FE/82100FEFF000000)
x3103c0s25b1n0:61578:62858 [3] NCCL INFO transport/net_ib.cc:653 Ib Alloc Size 552 pointer 0x154378065000
x3103c0s25b1n0:61578:62858 [3] NCCL INFO transport/net.cc:571 Cuda Host Alloc Size 9641984 pointer 0x154377600000
x3103c0s25b1n0:61578:62858 [3] NCCL INFO Mem Realloc old size 0, new size 768 pointer 0x1543780521f0
x3103c0s25b1n0:61576:62704 [1] NCCL INFO Connection to proxy localRank 1 -> connection 0x15038c000d80
x3103c0s25b1n0:61576:62855 [1] NCCL INFO transport/p2p.cc:430 Cuda Alloc Size 6291456 pointer 0x150388a00000
x3103c0s25b1n0:61577:62705 [2] NCCL INFO Connection to proxy localRank 2 -> connection 0x154e5c000e40
x3103c0s25b1n0:61577:62856 [2] NCCL INFO transport/p2p.cc:449 Cuda Alloc Size 6291456 pointer 0x154e52000000
x3103c0s25b1n0:61578:62858 [3] NCCL INFO transport/net_ib.cc:596 Ib Alloc Size 26560 pointer 0x154378067000
x3103c0s25b1n0:61578:62858 [3] NCCL INFO NET/IB: Dev 1 Port 1 qpn 10051 mtu 5 GID 0 (80FE/5A2100FEFF000000)
x3103c0s25b1n0:61578:62858 [3] NCCL INFO transport/net_ib.cc:653 Ib Alloc Size 552 pointer 0x15437807e000
x3103c0s25b1n0:61578:62858 [3] NCCL INFO transport/net.cc:571 Cuda Host Alloc Size 9641984 pointer 0x15436e000000
x3103c0s25b1n0:61577:62705 [2] NCCL INFO Connected all rings
x3103c0s25b1n0:61577:62856 [2] NCCL INFO New proxy recv connection 8 from local rank 2, transport 0
x3103c0s25b1n0:61575:62852 [0] NCCL INFO New proxy recv connection 4 from local rank 0, transport 0
x3103c0s25b1n0:61575:62707 [0] NCCL INFO Connection to proxy localRank 0 -> connection 0x14fc88000d80
x3103c0s25b1n0:61578:62858 [3] NCCL INFO transport/net_ib.cc:596 Ib Alloc Size 26560 pointer 0x154378080000
x3103c0s25b1n0:61578:62858 [3] NCCL INFO NET/IB: Dev 0 Port 1 qpn 15083 mtu 5 GID 0 (80FE/82100FEFF000000)
x3103c0s25b1n0:61578:62858 [3] NCCL INFO transport/net_ib.cc:653 Ib Alloc Size 552 pointer 0x154378097000
x3103c0s25b1n0:61578:62858 [3] NCCL INFO transport/net.cc:571 Cuda Host Alloc Size 9641984 pointer 0x15436ea00000
x3103c0s25b1n0:61576:62704 [1] NCCL INFO Channel 01/0 : 5[46000] -> 4[7000] via P2P/IPC/read
x3103c0s25b1n0:61576:62855 [1] NCCL INFO New proxy send connection 5 from local rank 1, transport 0
x3103c0s25b1n0:61575:62852 [0] NCCL INFO transport/p2p.cc:449 Cuda Alloc Size 6291456 pointer 0x14fc86c00000
x3103c0s25b1n0:61577:62705 [2] NCCL INFO Connection to proxy localRank 2 -> connection 0x154e5c000e80
x3103c0s25b1n0:61577:62856 [2] NCCL INFO transport/p2p.cc:449 Cuda Alloc Size 6291456 pointer 0x154e50000000
x3103c0s25b1n0:61578:62706 [3] NCCL INFO Connected all rings
x3103c0s25b1n0:61578:62706 [3] NCCL INFO Channel 00/0 : 7[c7000] -> 6[85000] via P2P/IPC/read
x3103c0s25b1n0:61578:62858 [3] NCCL INFO New proxy send connection 8 from local rank 3, transport 0
x3103c0s25b1n0:61575:62852 [0] NCCL INFO New proxy recv connection 5 from local rank 0, transport 0
x3103c0s25b1n0:61577:62856 [2] NCCL INFO New proxy recv connection 9 from local rank 2, transport 0
x3103c0s25b1n0:61576:62704 [1] NCCL INFO Connection to proxy localRank 1 -> connection 0x15038c000dc0
x3103c0s25b1n0:61576:62855 [1] NCCL INFO transport/p2p.cc:430 Cuda Alloc Size 6291456 pointer 0x150389000000
x3103c0s25b1n0:61575:62707 [0] NCCL INFO Connection to proxy localRank 0 -> connection 0x14fc88000dc0
x3103c0s25b1n0:61575:62852 [0] NCCL INFO transport/p2p.cc:449 Cuda Alloc Size 6291456 pointer 0x14fc87200000
x3103c0s25b1n0:61578:62706 [3] NCCL INFO Connection to proxy localRank 3 -> connection 0x154378000e80
x3103c0s25b1n0:61578:62858 [3] NCCL INFO transport/p2p.cc:430 Cuda Alloc Size 6291456 pointer 0x15436f400000
x3103c0s25b1n0:61577:62705 [2] NCCL INFO Connection to proxy localRank 2 -> connection 0x154e5c000ec0
x3103c0s25b1n0:61577:62856 [2] NCCL INFO transport/p2p.cc:449 Cuda Alloc Size 6291456 pointer 0x154e50600000
x3103c0s25b1n0:61576:62704 [1] NCCL INFO Channel 02/0 : 5[46000] -> 4[7000] via P2P/IPC/read
x3103c0s25b1n0:61576:62855 [1] NCCL INFO New proxy send connection 6 from local rank 1, transport 0
x3103c0s25b1n0:61575:62852 [0] NCCL INFO New proxy recv connection 6 from local rank 0, transport 0
x3103c0s25b1n0:61578:62706 [3] NCCL INFO Channel 01/0 : 7[c7000] -> 6[85000] via P2P/IPC/read
x3103c0s25b1n0:61578:62858 [3] NCCL INFO New proxy send connection 9 from local rank 3, transport 0
x3103c0s25b1n0:61576:62704 [1] NCCL INFO Connection to proxy localRank 1 -> connection 0x15038c000e00
x3103c0s25b1n0:61576:62855 [1] NCCL INFO transport/p2p.cc:430 Cuda Alloc Size 6291456 pointer 0x150389600000
x3103c0s25b1n0:61577:62856 [2] NCCL INFO New proxy recv connection 10 from local rank 2, transport 0
x3103c0s25b1n0:61575:62707 [0] NCCL INFO Connection to proxy localRank 0 -> connection 0x14fc88000e00
x3103c0s25b1n0:61575:62852 [0] NCCL INFO transport/p2p.cc:449 Cuda Alloc Size 6291456 pointer 0x14fc87800000
x3103c0s25b1n0:61578:62706 [3] NCCL INFO Connection to proxy localRank 3 -> connection 0x154378000ec0
x3103c0s25b1n0:61578:62858 [3] NCCL INFO transport/p2p.cc:430 Cuda Alloc Size 6291456 pointer 0x15436fa00000
x3103c0s25b1n0:61578:62706 [3] NCCL INFO Channel 02/0 : 7[c7000] -> 6[85000] via P2P/IPC/read
x3103c0s25b1n0:61578:62858 [3] NCCL INFO New proxy send connection 10 from local rank 3, transport 0
x3103c0s25b1n0:61576:62704 [1] NCCL INFO Channel 03/0 : 5[46000] -> 4[7000] via P2P/IPC/read
x3103c0s25b1n0:61576:62855 [1] NCCL INFO New proxy send connection 7 from local rank 1, transport 0
x3103c0s25b1n0:61577:62705 [2] NCCL INFO Connection to proxy localRank 2 -> connection 0x154e5c000f00
x3103c0s25b1n0:61577:62856 [2] NCCL INFO transport/p2p.cc:449 Cuda Alloc Size 6291456 pointer 0x154e50c00000
x3103c0s25b1n0:61575:62852 [0] NCCL INFO New proxy recv connection 7 from local rank 0, transport 0
x3103c0s25b1n0:61578:62706 [3] NCCL INFO Connection to proxy localRank 3 -> connection 0x154378000f00
x3103c0s25b1n0:61578:62858 [3] NCCL INFO transport/p2p.cc:430 Cuda Alloc Size 6291456 pointer 0x15436c000000
x3103c0s25b1n0:61576:62704 [1] NCCL INFO Connection to proxy localRank 1 -> connection 0x15038c000e40
x3103c0s25b1n0:61576:62855 [1] NCCL INFO transport/p2p.cc:430 Cuda Alloc Size 6291456 pointer 0x150399a00000
x3103c0s25b1n0:61577:62856 [2] NCCL INFO New proxy recv connection 11 from local rank 2, transport 0
x3103c0s25b1n0:61575:62707 [0] NCCL INFO Connection to proxy localRank 0 -> connection 0x14fc88000e40
x3103c0s25b1n0:61575:62852 [0] NCCL INFO transport/p2p.cc:449 Cuda Alloc Size 6291456 pointer 0x14fc84000000
x3103c0s25b1n0:61578:62706 [3] NCCL INFO Channel 03/0 : 7[c7000] -> 6[85000] via P2P/IPC/read
x3103c0s25b1n0:61578:62858 [3] NCCL INFO New proxy send connection 11 from local rank 3, transport 0
x3103c0s25b1n0:61577:62705 [2] NCCL INFO Connection to proxy localRank 2 -> connection 0x154e5c000f40
x3103c0s25b1n0:61577:62856 [2] NCCL INFO transport/p2p.cc:449 Cuda Alloc Size 6291456 pointer 0x154e51200000
x3103c0s25b1n0:61575:62707 [0] NCCL INFO Connected all rings
x3103c0s25b1n0:61575:62707 [0] NCCL INFO Channel 00/0 : 4[7000] -> 5[46000] via P2P/IPC/read
x3103c0s25b1n0:61576:62704 [1] NCCL INFO Connected all rings
x3103c0s25b1n0:61576:62855 [1] NCCL INFO New proxy recv connection 8 from local rank 1, transport 0
x3103c0s25b1n0:61575:62852 [0] NCCL INFO New proxy send connection 8 from local rank 0, transport 0
x3103c0s25b1n0:61578:62706 [3] NCCL INFO Connection to proxy localRank 3 -> connection 0x154378000f40
x3103c0s25b1n0:61578:62858 [3] NCCL INFO transport/p2p.cc:430 Cuda Alloc Size 6291456 pointer 0x15436c600000
x3103c0s25b1n0:61576:62704 [1] NCCL INFO Connection to proxy localRank 1 -> connection 0x15038c000e80
x3103c0s25b1n0:61576:62855 [1] NCCL INFO transport/p2p.cc:449 Cuda Alloc Size 6291456 pointer 0x150387800000
x3103c0s25b1n0:61575:62707 [0] NCCL INFO Connection to proxy localRank 0 -> connection 0x14fc88000e80
x3103c0s25b1n0:61575:62852 [0] NCCL INFO transport/p2p.cc:430 Cuda Alloc Size 6291456 pointer 0x14fc82000000
x3103c0s25b1n0:61576:62855 [1] NCCL INFO New proxy recv connection 9 from local rank 1, transport 0
x3103c0s25b1n0:61575:62707 [0] NCCL INFO Channel 01/0 : 4[7000] -> 5[46000] via P2P/IPC/read
x3103c0s25b1n0:61575:62852 [0] NCCL INFO New proxy send connection 9 from local rank 0, transport 0
x3103c0s25b1n0:61576:62704 [1] NCCL INFO Connection to proxy localRank 1 -> connection 0x15038c000ec0
x3103c0s25b1n0:61576:62855 [1] NCCL INFO transport/p2p.cc:449 Cuda Alloc Size 6291456 pointer 0x150384000000
x3103c0s25b1n0:61575:62707 [0] NCCL INFO Connection to proxy localRank 0 -> connection 0x14fc88000ec0
x3103c0s25b1n0:61575:62852 [0] NCCL INFO transport/p2p.cc:430 Cuda Alloc Size 6291456 pointer 0x14fc82600000
x3103c0s25b1n0:61576:62855 [1] NCCL INFO New proxy recv connection 10 from local rank 1, transport 0
x3103c0s25b1n0:61575:62707 [0] NCCL INFO Channel 02/0 : 4[7000] -> 5[46000] via P2P/IPC/read
x3103c0s25b1n0:61575:62852 [0] NCCL INFO New proxy send connection 10 from local rank 0, transport 0
x3103c0s25b1n0:61576:62704 [1] NCCL INFO Connection to proxy localRank 1 -> connection 0x15038c000f00
x3103c0s25b1n0:61576:62855 [1] NCCL INFO transport/p2p.cc:449 Cuda Alloc Size 6291456 pointer 0x150384600000
x3103c0s25b1n0:61575:62707 [0] NCCL INFO Connection to proxy localRank 0 -> connection 0x14fc88000f00
x3103c0s25b1n0:61575:62852 [0] NCCL INFO transport/p2p.cc:430 Cuda Alloc Size 6291456 pointer 0x14fc82c00000
x3103c0s25b1n0:61576:62855 [1] NCCL INFO New proxy recv connection 11 from local rank 1, transport 0
x3103c0s25b1n0:61576:62704 [1] NCCL INFO Connection to proxy localRank 1 -> connection 0x15038c000f40
x3103c0s25b1n0:61576:62855 [1] NCCL INFO transport/p2p.cc:449 Cuda Alloc Size 6291456 pointer 0x150384c00000
x3103c0s25b1n0:61575:62707 [0] NCCL INFO Channel 03/0 : 4[7000] -> 5[46000] via P2P/IPC/read
x3103c0s25b1n0:61575:62852 [0] NCCL INFO New proxy send connection 11 from local rank 0, transport 0
x3103c0s25b1n0:61576:62704 [1] NCCL INFO Channel 00/0 : 5[46000] -> 6[85000] via P2P/IPC/read
x3103c0s25b1n0:61576:62855 [1] NCCL INFO New proxy send connection 12 from local rank 1, transport 0
x3103c0s25b1n0:61575:62707 [0] NCCL INFO Connection to proxy localRank 0 -> connection 0x14fc88000f40
x3103c0s25b1n0:61575:62852 [0] NCCL INFO transport/p2p.cc:430 Cuda Alloc Size 6291456 pointer 0x14fc83200000
x3103c0s25b1n0:61576:62704 [1] NCCL INFO Connection to proxy localRank 1 -> connection 0x15038c000f80
x3103c0s25b1n0:61576:62855 [1] NCCL INFO transport/p2p.cc:430 Cuda Alloc Size 6291456 pointer 0x150385200000
x3103c0s25b1n0:61576:62704 [1] NCCL INFO Channel 01/0 : 5[46000] -> 6[85000] via P2P/IPC/read
x3103c0s25b1n0:61576:62855 [1] NCCL INFO New proxy send connection 13 from local rank 1, transport 0
x3103c0s25b1n0:61576:62704 [1] NCCL INFO Connection to proxy localRank 1 -> connection 0x15038c000fc0
x3103c0s25b1n0:61576:62855 [1] NCCL INFO transport/p2p.cc:430 Cuda Alloc Size 6291456 pointer 0x150385800000
x3103c0s25b1n0:61576:62704 [1] NCCL INFO Channel 02/0 : 5[46000] -> 6[85000] via P2P/IPC/read
x3103c0s25b1n0:61576:62855 [1] NCCL INFO New proxy send connection 14 from local rank 1, transport 0
x3103c0s25b1n0:61576:62704 [1] NCCL INFO Connection to proxy localRank 1 -> connection 0x15038c001000
x3103c0s25b1n0:61576:62855 [1] NCCL INFO transport/p2p.cc:430 Cuda Alloc Size 6291456 pointer 0x150382000000
x3103c0s25b1n0:61576:62704 [1] NCCL INFO Channel 03/0 : 5[46000] -> 6[85000] via P2P/IPC/read
x3103c0s25b1n0:61576:62855 [1] NCCL INFO New proxy send connection 15 from local rank 1, transport 0
x3103c0s25b1n0:61576:62704 [1] NCCL INFO Connection to proxy localRank 1 -> connection 0x15038c001040
x3103c0s25b1n0:61576:62855 [1] NCCL INFO transport/p2p.cc:430 Cuda Alloc Size 6291456 pointer 0x150382600000
x3103c0s25b1n0:61576:62704 [1] NCCL INFO GPU Direct RDMA Disabled for GPU 46000 / HCA 1 (distance 6 > 4)
x3103c0s25b1n0:61576:62855 [1] NCCL INFO New proxy send connection 16 from local rank 1, transport 2
x3103c0s25b1n0:61575:62707 [0] NCCL INFO GPU Direct RDMA Disabled for GPU 7000 / HCA 1 (distance 7 > 4)
x3103c0s25b1n0:61575:62852 [0] NCCL INFO Allocated 4194656 bytes of shared memory in /dev/shm/nccl-sELQTd

x3103c0s25b1n0:61575:62852 [0] NCCL INFO New proxy recv connection 12 from local rank 0, transport 2
x3103c0s25b1n0:61577:62856 [2] NCCL INFO New proxy recv connection 12 from local rank 2, transport 0
x3103c0s25b1n0:61577:62705 [2] NCCL INFO Connection to proxy localRank 2 -> connection 0x154e5c000f80
x3103c0s25b1n0:61576:62704 [1] NCCL INFO Connection to proxy localRank 1 -> connection 0x15038c001080
x3103c0s25b1n0:61576:62704 [1] NCCL INFO Channel 02/0 : 5[46000] -> 8[7000] [send] via NET/IB/1
x3103c0s25b1n0:61576:62704 [1] NCCL INFO GPU Direct RDMA Disabled for GPU 46000 / HCA 0 (distance 7 > 4)
x3103c0s25b1n0:61576:62855 [1] NCCL INFO New proxy send connection 17 from local rank 1, transport 2
x3103c0s25b1n0:61577:62856 [2] NCCL INFO transport/p2p.cc:449 Cuda Alloc Size 6291456 pointer 0x154e4f200000
x3103c0s25b1n0:61575:62707 [0] NCCL INFO Connection to proxy localRank 0 -> connection 0x14fc88000f80
x3103c0s25b1n0:61577:62856 [2] NCCL INFO New proxy recv connection 13 from local rank 2, transport 0
x3103c0s25b1n0:61576:62704 [1] NCCL INFO Connection to proxy localRank 1 -> connection 0x15038c0010c0
x3103c0s25b1n0:61576:62704 [1] NCCL INFO Channel 03/0 : 5[46000] -> 8[7000] [send] via NET/IB/0
x3103c0s25b1n0:61576:62855 [1] NCCL INFO transport/net_ib.cc:596 Ib Alloc Size 26560 pointer 0x15038c0d2000
x3103c0s25b1n0:61577:62705 [2] NCCL INFO Connection to proxy localRank 2 -> connection 0x154e5c000fc0
x3103c0s25b1n0:61576:62855 [1] NCCL INFO NET/IB: Dev 1 Port 1 qpn 10052 mtu 5 GID 0 (80FE/5A2100FEFF000000)
x3103c0s25b1n0:61576:62855 [1] NCCL INFO transport/net_ib.cc:653 Ib Alloc Size 552 pointer 0x15038c01b000
x3103c0s25b1n0:61576:62855 [1] NCCL INFO transport/net.cc:571 Cuda Host Alloc Size 9641984 pointer 0x15037e000000
x3103c0s25b1n0:61577:62856 [2] NCCL INFO transport/p2p.cc:449 Cuda Alloc Size 6291456 pointer 0x154e4f800000
x3103c0s25b1n0:61575:62707 [0] NCCL INFO Channel 02/0 : 0[7000] -> 4[7000] [receive] via NET/IB/1
x3103c0s25b1n0:61575:62707 [0] NCCL INFO GPU Direct RDMA Disabled for GPU 7000 / HCA 0 (distance 7 > 4)
x3103c0s25b1n0:61575:62852 [0] NCCL INFO New proxy recv connection 13 from local rank 0, transport 2
x3103c0s25b1n0:61576:62855 [1] NCCL INFO transport/net_ib.cc:596 Ib Alloc Size 26560 pointer 0x15038c0e9000
x3103c0s25b1n0:61576:62855 [1] NCCL INFO NET/IB: Dev 0 Port 1 qpn 15084 mtu 5 GID 0 (80FE/82100FEFF000000)
x3103c0s25b1n0:61576:62855 [1] NCCL INFO transport/net_ib.cc:653 Ib Alloc Size 552 pointer 0x15038c100000
x3103c0s25b1n0:61576:62855 [1] NCCL INFO transport/net.cc:571 Cuda Host Alloc Size 9641984 pointer 0x15037ea00000
x3103c0s25b1n0:61575:62707 [0] NCCL INFO Connection to proxy localRank 0 -> connection 0x14fc88000fc0
x3103c0s25b1n0:61576:62704 [1] NCCL INFO GPU Direct RDMA Disabled for GPU 46000 / HCA 1 (distance 6 > 4)
x3103c0s25b1n0:61576:62855 [1] NCCL INFO New proxy recv connection 18 from local rank 1, transport 2
x3103c0s25b1n0:61577:62856 [2] NCCL INFO New proxy recv connection 14 from local rank 2, transport 0
x3103c0s25b1n0:61575:62707 [0] NCCL INFO Channel 03/0 : 0[7000] -> 4[7000] [receive] via NET/IB/0
x3103c0s25b1n0:61575:62852 [0] NCCL INFO transport/net_ib.cc:683 Ib Alloc Size 21688 pointer 0x14fc8801c000
x3103c0s25b1n0:61575:62852 [0] NCCL INFO transport/net_ib.cc:696 Ib Alloc Size 552 pointer 0x14fc88023000
x3103c0s25b1n0:61576:62704 [1] NCCL INFO Connection to proxy localRank 1 -> connection 0x15038c001100
x3103c0s25b1n0:61575:62852 [0] NCCL INFO transport/net_ib.cc:771 Ib Alloc Size 552 pointer 0x14fc8804a000
x3103c0s25b1n0:61575:62852 [0] NCCL INFO transport/net.cc:698 Cuda Host Alloc Size 9641984 pointer 0x14fc81200000
x3103c0s25b1n0:61575:62852 [0] NCCL INFO Mem Realloc old size 0, new size 768 pointer 0x14fc8801bbd0
x3103c0s25b1n0:61577:62705 [2] NCCL INFO Connection to proxy localRank 2 -> connection 0x154e5c001000
x3103c0s25b1n0:61577:62856 [2] NCCL INFO transport/p2p.cc:449 Cuda Alloc Size 6291456 pointer 0x154e4c000000
x3103c0s25b1n0:61575:62852 [0] NCCL INFO transport/net_ib.cc:683 Ib Alloc Size 21688 pointer 0x14fc8804c000
x3103c0s25b1n0:61575:62852 [0] NCCL INFO transport/net_ib.cc:696 Ib Alloc Size 552 pointer 0x14fc88053000
x3103c0s25b1n0:61576:62704 [1] NCCL INFO Channel 02/0 : 8[7000] -> 5[46000] [receive] via NET/IB/1
x3103c0s25b1n0:61576:62704 [1] NCCL INFO GPU Direct RDMA Disabled for GPU 46000 / HCA 0 (distance 7 > 4)
x3103c0s25b1n0:61576:62855 [1] NCCL INFO New proxy recv connection 19 from local rank 1, transport 2
x3103c0s25b1n0:61575:62852 [0] NCCL INFO transport/net_ib.cc:771 Ib Alloc Size 552 pointer 0x14fc88078000
x3103c0s25b1n0:61575:62852 [0] NCCL INFO transport/net.cc:698 Cuda Host Alloc Size 9641984 pointer 0x14fc7a000000
x3103c0s25b1n0:61575:62852 [0] NCCL INFO Mem Realloc old size 0, new size 768 pointer 0x14fc8806d460
x3103c0s25b1n0:61577:62856 [2] NCCL INFO New proxy recv connection 15 from local rank 2, transport 0
x3103c0s25b1n0:61575:62707 [0] NCCL INFO GPU Direct RDMA Disabled for GPU 7000 / HCA 1 (distance 7 > 4)
x3103c0s25b1n0:61575:62852 [0] NCCL INFO New proxy send connection 14 from local rank 0, transport 2
x3103c0s25b1n0:61577:62705 [2] NCCL INFO Connection to proxy localRank 2 -> connection 0x154e5c001040
x3103c0s25b1n0:61577:62856 [2] NCCL INFO transport/p2p.cc:449 Cuda Alloc Size 6291456 pointer 0x154e4c600000
x3103c0s25b1n0:61576:62704 [1] NCCL INFO Connection to proxy localRank 1 -> connection 0x15038c001140
x3103c0s25b1n0:61577:62705 [2] NCCL INFO Channel 00/0 : 6[85000] -> 5[46000] via P2P/IPC/read
x3103c0s25b1n0:61577:62856 [2] NCCL INFO New proxy send connection 16 from local rank 2, transport 0
x3103c0s25b1n0:61576:62704 [1] NCCL INFO Channel 03/0 : 8[7000] -> 5[46000] [receive] via NET/IB/0
x3103c0s25b1n0:61575:62707 [0] NCCL INFO Connection to proxy localRank 0 -> connection 0x14fc88001000
x3103c0s25b1n0:61575:62707 [0] NCCL INFO Channel 00/0 : 4[7000] -> 9[46000] [send] via NET/IB/1
x3103c0s25b1n0:61575:62707 [0] NCCL INFO GPU Direct RDMA Disabled for GPU 7000 / HCA 0 (distance 7 > 4)
x3103c0s25b1n0:61575:62852 [0] NCCL INFO New proxy send connection 15 from local rank 0, transport 2
x3103c0s25b1n0:61577:62705 [2] NCCL INFO Connection to proxy localRank 2 -> connection 0x154e5c001080
x3103c0s25b1n0:61577:62856 [2] NCCL INFO transport/p2p.cc:430 Cuda Alloc Size 6291456 pointer 0x154e4cc00000
x3103c0s25b1n0:61575:62707 [0] NCCL INFO Connection to proxy localRank 0 -> connection 0x14fc88001040
x3103c0s25b1n0:61575:62707 [0] NCCL INFO Channel 01/0 : 4[7000] -> 9[46000] [send] via NET/IB/0
x3103c0s25b1n0:61575:62852 [0] NCCL INFO transport/net_ib.cc:596 Ib Alloc Size 26560 pointer 0x14fc88082000
x3103c0s25b1n0:61575:62852 [0] NCCL INFO NET/IB: Dev 1 Port 1 qpn 10055 mtu 5 GID 0 (80FE/5A2100FEFF000000)
x3103c0s25b1n0:61575:62852 [0] NCCL INFO transport/net_ib.cc:653 Ib Alloc Size 552 pointer 0x14fc88099000
x3103c0s25b1n0:61575:62852 [0] NCCL INFO transport/net.cc:571 Cuda Host Alloc Size 9641984 pointer 0x14fc7aa00000
x3103c0s25b1n0:61575:62852 [0] NCCL INFO transport/net_ib.cc:596 Ib Alloc Size 26560 pointer 0x14fc8809b000
x3103c0s25b1n0:61577:62705 [2] NCCL INFO Channel 01/0 : 6[85000] -> 5[46000] via P2P/IPC/read
x3103c0s25b1n0:61577:62856 [2] NCCL INFO New proxy send connection 17 from local rank 2, transport 0
x3103c0s25b1n0:61575:62852 [0] NCCL INFO NET/IB: Dev 0 Port 1 qpn 15087 mtu 5 GID 0 (80FE/82100FEFF000000)
x3103c0s25b1n0:61575:62852 [0] NCCL INFO transport/net_ib.cc:653 Ib Alloc Size 552 pointer 0x14fc880b2000
x3103c0s25b1n0:61575:62852 [0] NCCL INFO transport/net.cc:571 Cuda Host Alloc Size 9641984 pointer 0x14fc7b400000
x3103c0s25b1n0:61577:62705 [2] NCCL INFO Connection to proxy localRank 2 -> connection 0x154e5c0010c0
x3103c0s25b1n0:61577:62856 [2] NCCL INFO transport/p2p.cc:430 Cuda Alloc Size 6291456 pointer 0x154e4d200000
x3103c0s25b1n0:61575:62707 [0] NCCL INFO GPU Direct RDMA Disabled for GPU 7000 / HCA 1 (distance 7 > 4)
x3103c0s25b1n0:61575:62852 [0] NCCL INFO New proxy recv connection 16 from local rank 0, transport 2
x3103c0s25b1n0:61575:62707 [0] NCCL INFO Connection to proxy localRank 0 -> connection 0x14fc88001080
x3103c0s25b1n0:61577:62705 [2] NCCL INFO Channel 02/0 : 6[85000] -> 5[46000] via P2P/IPC/read
x3103c0s25b1n0:61577:62856 [2] NCCL INFO New proxy send connection 18 from local rank 2, transport 0
x3103c0s25b1n0:61577:62705 [2] NCCL INFO Connection to proxy localRank 2 -> connection 0x154e5c001100
x3103c0s25b1n0:61575:62707 [0] NCCL INFO Channel 02/0 : 12[7000] -> 4[7000] [receive] via NET/IB/1
x3103c0s25b1n0:61575:62707 [0] NCCL INFO GPU Direct RDMA Disabled for GPU 7000 / HCA 0 (distance 7 > 4)
x3103c0s25b1n0:61575:62852 [0] NCCL INFO New proxy recv connection 17 from local rank 0, transport 2
x3103c0s25b1n0:61577:62856 [2] NCCL INFO transport/p2p.cc:430 Cuda Alloc Size 6291456 pointer 0x154e4d800000
x3103c0s25b1n0:61575:62707 [0] NCCL INFO Connection to proxy localRank 0 -> connection 0x14fc880010c0
x3103c0s25b1n0:61577:62705 [2] NCCL INFO Channel 03/0 : 6[85000] -> 5[46000] via P2P/IPC/read
x3103c0s25b1n0:61577:62856 [2] NCCL INFO New proxy send connection 19 from local rank 2, transport 0
x3103c0s25b1n0:61577:62705 [2] NCCL INFO Connection to proxy localRank 2 -> connection 0x154e5c001140
x3103c0s25b1n0:61575:62707 [0] NCCL INFO Channel 03/0 : 12[7000] -> 4[7000] [receive] via NET/IB/0
x3103c0s25b1n0:61575:62707 [0] NCCL INFO GPU Direct RDMA Disabled for GPU 7000 / HCA 1 (distance 7 > 4)
x3103c0s25b1n0:61575:62852 [0] NCCL INFO New proxy send connection 18 from local rank 0, transport 2
x3103c0s25b1n0:61577:62856 [2] NCCL INFO transport/p2p.cc:430 Cuda Alloc Size 6291456 pointer 0x154e4a000000
x3103c0s25b1n0:61575:62707 [0] NCCL INFO Connection to proxy localRank 0 -> connection 0x14fc88001100
x3103c0s25b1n0:61575:62707 [0] NCCL INFO Channel 02/0 : 4[7000] -> 12[7000] [send] via NET/IB/1
x3103c0s25b1n0:61575:62707 [0] NCCL INFO GPU Direct RDMA Disabled for GPU 7000 / HCA 0 (distance 7 > 4)
x3103c0s25b1n0:61575:62852 [0] NCCL INFO New proxy send connection 19 from local rank 0, transport 2
x3103c0s25b1n0:61575:62707 [0] NCCL INFO Connection to proxy localRank 0 -> connection 0x14fc88001140
x3103c0s25b1n0:61575:62707 [0] NCCL INFO Channel 03/0 : 4[7000] -> 12[7000] [send] via NET/IB/0
x3103c0s25b1n0:61575:62852 [0] NCCL INFO transport/net_ib.cc:596 Ib Alloc Size 26560 pointer 0x14fc880c8000
x3103c0s25b1n0:61578:62706 [3] NCCL INFO Connected all trees by HAO
x3103c0s25b1n0:61578:62706 [3] NCCL INFO threadThresholds 8/8/64 | 128/8/64 | 512 | 512
x3103c0s25b1n0:61578:62706 [3] NCCL INFO 4 coll channels, 4 p2p channels, 2 p2p channels per peer
x3103c0s25b1n0:61578:62858 [3] NCCL INFO New proxy send connection 12 from local rank 3, transport 2
x3103c0s25b1n0:61575:62852 [0] NCCL INFO NET/IB: Dev 1 Port 1 qpn 10056 mtu 5 GID 0 (80FE/5A2100FEFF000000)
x3103c0s25b1n0:61575:62852 [0] NCCL INFO transport/net_ib.cc:653 Ib Alloc Size 552 pointer 0x14fc880df000
x3103c0s25b1n0:61575:62852 [0] NCCL INFO transport/net.cc:571 Cuda Host Alloc Size 9641984 pointer 0x14fc78000000
x3103c0s25b1n0:61578:62706 [3] NCCL INFO Connection to proxy localRank 3 -> connection 0x154378000f80
x3103c0s25b1n0:61578:62858 [3] NCCL INFO transport/net.cc:376 Cuda Alloc Size 8388608 pointer 0x15436a600000
x3103c0s25b1n0:61575:62852 [0] NCCL INFO transport/net_ib.cc:596 Ib Alloc Size 26560 pointer 0x14fc880e1000
x3103c0s25b1n0:61575:62852 [0] NCCL INFO NET/IB: Dev 0 Port 1 qpn 15088 mtu 5 GID 0 (80FE/82100FEFF000000)
x3103c0s25b1n0:61575:62852 [0] NCCL INFO transport/net_ib.cc:653 Ib Alloc Size 552 pointer 0x14fc880f8000
x3103c0s25b1n0:61575:62852 [0] NCCL INFO transport/net.cc:571 Cuda Host Alloc Size 9641984 pointer 0x14fc78a00000
x3103c0s25b1n0:61575:62852 [0] NCCL INFO transport/net_ib.cc:683 Ib Alloc Size 21688 pointer 0x14fc880fa000
x3103c0s25b1n0:61575:62852 [0] NCCL INFO transport/net_ib.cc:696 Ib Alloc Size 552 pointer 0x14fc88101000
x3103c0s25b1n0:61575:62852 [0] NCCL INFO transport/net_ib.cc:771 Ib Alloc Size 552 pointer 0x14fc8811d000
x3103c0s25b1n0:61575:62852 [0] NCCL INFO transport/net.cc:698 Cuda Host Alloc Size 9641984 pointer 0x14fc79400000
x3103c0s25b1n0:61575:62852 [0] NCCL INFO transport/net_ib.cc:683 Ib Alloc Size 21688 pointer 0x14fc8811f000
x3103c0s25b1n0:61575:62852 [0] NCCL INFO transport/net_ib.cc:696 Ib Alloc Size 552 pointer 0x14fc88126000
x3103c0s25b1n0:61575:62852 [0] NCCL INFO transport/net_ib.cc:771 Ib Alloc Size 552 pointer 0x14fc88141000
x3103c0s25b1n0:61575:62852 [0] NCCL INFO transport/net.cc:698 Cuda Host Alloc Size 9641984 pointer 0x14fc76000000
x3103c0s25b1n0:61575:62707 [0] NCCL INFO GPU Direct RDMA Disabled for GPU 7000 / HCA 1 (distance 7 > 4)
x3103c0s25b1n0:61575:62852 [0] NCCL INFO New proxy recv connection 20 from local rank 0, transport 2
x3103c0s25b1n0:61575:62707 [0] NCCL INFO Connection to proxy localRank 0 -> connection 0x14fc88001180
x3103c0s25b1n0:61575:62707 [0] NCCL INFO Channel 00/0 : 9[46000] -> 4[7000] [receive] via NET/IB/1
x3103c0s25b1n0:61575:62707 [0] NCCL INFO GPU Direct RDMA Disabled for GPU 7000 / HCA 0 (distance 7 > 4)
x3103c0s25b1n0:61575:62852 [0] NCCL INFO New proxy recv connection 21 from local rank 0, transport 2
x3103c0s25b1n0:61575:62707 [0] NCCL INFO Connection to proxy localRank 0 -> connection 0x14fc880011c0
x3103c0s25b1n0:61575:62707 [0] NCCL INFO Channel 01/0 : 9[46000] -> 4[7000] [receive] via NET/IB/0
x3103c0s25b1n0:61575:62852 [0] NCCL INFO transport/net_ib.cc:683 Ib Alloc Size 21688 pointer 0x14fc8814d000
x3103c0s25b1n0:61575:62852 [0] NCCL INFO transport/net_ib.cc:696 Ib Alloc Size 552 pointer 0x14fc88154000
x3103c0s25b1n0:61575:62852 [0] NCCL INFO transport/net_ib.cc:771 Ib Alloc Size 552 pointer 0x14fc8816f000
x3103c0s25b1n0:61575:62852 [0] NCCL INFO transport/net.cc:698 Cuda Host Alloc Size 9641984 pointer 0x14fc76a00000
x3103c0s25b1n0:61575:62852 [0] NCCL INFO transport/net_ib.cc:683 Ib Alloc Size 21688 pointer 0x14fc88171000
x3103c0s25b1n0:61575:62852 [0] NCCL INFO transport/net_ib.cc:696 Ib Alloc Size 552 pointer 0x14fc88178000
x3103c0s25b1n0:61576:62855 [1] NCCL INFO transport/net_ib.cc:683 Ib Alloc Size 21688 pointer 0x15038c10c000
x3103c0s25b1n0:61576:62855 [1] NCCL INFO transport/net_ib.cc:696 Ib Alloc Size 552 pointer 0x15038c113000
x3103c0s25b1n0:61575:62852 [0] NCCL INFO transport/net_ib.cc:771 Ib Alloc Size 552 pointer 0x14fc88193000
x3103c0s25b1n0:61575:62852 [0] NCCL INFO transport/net.cc:698 Cuda Host Alloc Size 9641984 pointer 0x14fc77400000
x3103c0s25b1n0:61576:62855 [1] NCCL INFO transport/net_ib.cc:771 Ib Alloc Size 552 pointer 0x15038c12f000
x3103c0s25b1n0:61576:62855 [1] NCCL INFO transport/net.cc:698 Cuda Host Alloc Size 9641984 pointer 0x15037f400000
x3103c0s25b1n0:61576:62855 [1] NCCL INFO transport/net_ib.cc:683 Ib Alloc Size 21688 pointer 0x15038c131000
x3103c0s25b1n0:61576:62855 [1] NCCL INFO transport/net_ib.cc:696 Ib Alloc Size 552 pointer 0x15038c138000
x3103c0s25b1n0:61575:62707 [0] NCCL INFO GPU Direct RDMA Disabled for GPU 7000 / HCA 1 (distance 7 > 4)
x3103c0s25b1n0:61575:62852 [0] NCCL INFO New proxy send connection 22 from local rank 0, transport 2
x3103c0s25b1n0:61576:62855 [1] NCCL INFO transport/net_ib.cc:771 Ib Alloc Size 552 pointer 0x15038c153000
x3103c0s25b1n0:61576:62855 [1] NCCL INFO transport/net.cc:698 Cuda Host Alloc Size 9641984 pointer 0x15037c000000
x3103c0s25b1n0:61576:62855 [1] NCCL INFO New proxy recv connection 20 from local rank 1, transport 0
x3103c0s25b1n0:61575:62707 [0] NCCL INFO Connection to proxy localRank 0 -> connection 0x14fc88001200
x3103c0s25b1n0:61575:62707 [0] NCCL INFO Channel 02/0 : 4[7000] -> 0[7000] [send] via NET/IB/1
x3103c0s25b1n0:61575:62707 [0] NCCL INFO GPU Direct RDMA Disabled for GPU 7000 / HCA 0 (distance 7 > 4)
x3103c0s25b1n0:61575:62852 [0] NCCL INFO New proxy send connection 23 from local rank 0, transport 2
x3103c0s25b1n0:61575:62707 [0] NCCL INFO Connection to proxy localRank 0 -> connection 0x14fc88001240
x3103c0s25b1n0:61575:62707 [0] NCCL INFO Channel 03/0 : 4[7000] -> 0[7000] [send] via NET/IB/0
x3103c0s25b1n0:61575:62852 [0] NCCL INFO transport/net_ib.cc:596 Ib Alloc Size 26560 pointer 0x14fc8819f000
x3103c0s25b1n0:61575:62852 [0] NCCL INFO NET/IB: Dev 1 Port 1 qpn 10063 mtu 5 GID 0 (80FE/5A2100FEFF000000)
x3103c0s25b1n0:61575:62852 [0] NCCL INFO transport/net_ib.cc:653 Ib Alloc Size 552 pointer 0x14fc881b6000
x3103c0s25b1n0:61575:62852 [0] NCCL INFO transport/net.cc:571 Cuda Host Alloc Size 9641984 pointer 0x14fc74000000
x3103c0s25b1n0:61576:62704 [1] NCCL INFO Connection to proxy localRank 1 -> connection 0x15038c001180
x3103c0s25b1n0:61576:62855 [1] NCCL INFO transport/p2p.cc:449 Cuda Alloc Size 6291456 pointer 0x15037ca00000
x3103c0s25b1n0:61575:62852 [0] NCCL INFO transport/net_ib.cc:596 Ib Alloc Size 26560 pointer 0x14fc881b8000
x3103c0s25b1n0:61576:62855 [1] NCCL INFO New proxy recv connection 21 from local rank 1, transport 0
x3103c0s25b1n0:61575:62852 [0] NCCL INFO NET/IB: Dev 0 Port 1 qpn 15095 mtu 5 GID 0 (80FE/82100FEFF000000)
x3103c0s25b1n0:61575:62852 [0] NCCL INFO transport/net_ib.cc:653 Ib Alloc Size 552 pointer 0x14fc881cf000
x3103c0s25b1n0:61575:62852 [0] NCCL INFO transport/net.cc:571 Cuda Host Alloc Size 9641984 pointer 0x14fc74a00000
x3103c0s25b1n0:61576:62704 [1] NCCL INFO Connection to proxy localRank 1 -> connection 0x15038c0011c0
x3103c0s25b1n0:61576:62855 [1] NCCL INFO transport/p2p.cc:449 Cuda Alloc Size 6291456 pointer 0x15037d000000
x3103c0s25b1n0:61575:62707 [0] NCCL INFO Connected all trees by HAO
x3103c0s25b1n0:61575:62707 [0] NCCL INFO threadThresholds 8/8/64 | 128/8/64 | 512 | 512
x3103c0s25b1n0:61575:62707 [0] NCCL INFO 4 coll channels, 4 p2p channels, 2 p2p channels per peer
x3103c0s25b1n0:61575:62852 [0] NCCL INFO New proxy send connection 24 from local rank 0, transport 2
x3103c0s25b1n0:61576:62855 [1] NCCL INFO New proxy recv connection 22 from local rank 1, transport 0
x3103c0s25b1n0:61575:62707 [0] NCCL INFO Connection to proxy localRank 0 -> connection 0x14fc88001280
x3103c0s25b1n0:61575:62852 [0] NCCL INFO transport/net.cc:376 Cuda Alloc Size 8388608 pointer 0x14fc75400000
x3103c0s25b1n0:61576:62704 [1] NCCL INFO Connection to proxy localRank 1 -> connection 0x15038c001200
x3103c0s25b1n0:61576:62855 [1] NCCL INFO transport/p2p.cc:449 Cuda Alloc Size 6291456 pointer 0x15037d600000
x3103c0s25b1n0:61576:62855 [1] NCCL INFO New proxy recv connection 23 from local rank 1, transport 0
x3103c0s25b1n0:61576:62704 [1] NCCL INFO Connection to proxy localRank 1 -> connection 0x15038c001240
x3103c0s25b1n0:61576:62855 [1] NCCL INFO transport/p2p.cc:449 Cuda Alloc Size 6291456 pointer 0x15037a000000
x3103c0s25b1n0:61576:62704 [1] NCCL INFO Connected all trees by HAO
x3103c0s25b1n0:61576:62704 [1] NCCL INFO threadThresholds 8/8/64 | 128/8/64 | 512 | 512
x3103c0s25b1n0:61576:62704 [1] NCCL INFO 4 coll channels, 4 p2p channels, 2 p2p channels per peer
x3103c0s25b1n0:61577:62705 [2] NCCL INFO Connected all trees by HAO
x3103c0s25b1n0:61577:62705 [2] NCCL INFO threadThresholds 8/8/64 | 128/8/64 | 512 | 512
x3103c0s25b1n0:61577:62705 [2] NCCL INFO 4 coll channels, 4 p2p channels, 2 p2p channels per peer
x3103c0s25b1n0:61577:62856 [2] NCCL INFO Allocated 4194656 bytes of shared memory in /dev/shm/nccl-pAvcll

x3103c0s25b1n0:61577:62856 [2] NCCL INFO New proxy send connection 20 from local rank 2, transport 2
x3103c0s25b1n0:61577:62705 [2] NCCL INFO Connection to proxy localRank 2 -> connection 0x154e5c001180
x3103c0s25b1n0:61577:62856 [2] NCCL INFO transport/net.cc:376 Cuda Alloc Size 8388608 pointer 0x154e49800000
x3103c0s25b1n0:61576:62855 [1] NCCL INFO New proxy send connection 24 from local rank 1, transport 2
x3103c0s25b1n0:61576:62704 [1] NCCL INFO Connection to proxy localRank 1 -> connection 0x15038c001280
x3103c0s25b1n0:61576:62704 [1] NCCL INFO init.cc:367 Cuda Alloc Size 5168 pointer 0x150399807000
x3103c0s25b1n0:61578:62706 [3] NCCL INFO init.cc:367 Cuda Alloc Size 5168 pointer 0x154387807000
x3103c0s25b1n0:61577:62705 [2] NCCL INFO init.cc:367 Cuda Alloc Size 5168 pointer 0x154e61807000
x3103c0s25b1n0:61575:62707 [0] NCCL INFO init.cc:367 Cuda Alloc Size 5168 pointer 0x14fc97807000
x3103c0s25b1n0:61578:62706 [3] NCCL INFO init.cc:392 Cuda Host Alloc Size 33554432 pointer 0x154368000000
x3103c0s25b1n0:61578:62706 [3] NCCL INFO init.cc:398 Cuda Host Alloc Size 128 pointer 0x154386e00200
x3103c0s25b1n0:61578:62706 [3] NCCL INFO comm 0x557433ce83a0 rank 7 nranks 16 cudaDev 3 busId c7000 - Init COMPLETE
x3103c0s25b1n0:61578:61578 [3] NCCL INFO AllReduce: opCount 0 sendbuff 0x1543c7600200 recvbuff 0x1543c7600200 count 1 datatype 1 op 0 root 0 comm 0x557433ce83a0 [nranks=16] stream 0x557451fab840
x3103c0s25b1n0:61578:61578 [3] NCCL INFO misc/utils.cc:235 memory stack hunk malloc(65536)
[LYD INFO in ncclLaunchKernel (enqueue.cc)] NCHANNELS is: 4x3103c0s25b1n0:61575:62707 [0] NCCL INFO init.cc:392 Cuda Host Alloc Size 33554432 pointer 0x14fc72000000
x3103c0s25b1n0:61575:62707 [0] NCCL INFO init.cc:398 Cuda Host Alloc Size 128 pointer 0x14fc96e00200
x3103c0s25b1n0:61575:62707 [0] NCCL INFO comm 0x556b23a79cc0 rank 4 nranks 16 cudaDev 0 busId 7000 - Init COMPLETE
x3103c0s25b1n0:61575:61575 [0] NCCL INFO AllReduce: opCount 0 sendbuff 0x14fcd7600200 recvbuff 0x14fcd7600200 count 1 datatype 1 op 0 root 0 comm 0x556b23a79cc0 [nranks=16] stream 0x556b3c1a68d0
x3103c0s25b1n0:61575:61575 [0] NCCL INFO misc/utils.cc:235 memory stack hunk malloc(65536)
[LYD INFO in ncclLaunchKernel (enqueue.cc)] NCHANNELS is: 4x3103c0s25b1n0:61577:62705 [2] NCCL INFO init.cc:392 Cuda Host Alloc Size 33554432 pointer 0x154e46000000
x3103c0s25b1n0:61577:62705 [2] NCCL INFO init.cc:398 Cuda Host Alloc Size 128 pointer 0x154e60e00200
x3103c0s25b1n0:61577:62705 [2] NCCL INFO comm 0x5625c9711710 rank 6 nranks 16 cudaDev 2 busId 85000 - Init COMPLETE
x3103c0s25b1n0:61576:62704 [1] NCCL INFO init.cc:392 Cuda Host Alloc Size 33554432 pointer 0x150378000000
x3103c0s25b1n0:61576:62704 [1] NCCL INFO init.cc:398 Cuda Host Alloc Size 128 pointer 0x150398e00200
x3103c0s25b1n0:61576:62704 [1] NCCL INFO comm 0x5555ddb417c0 rank 5 nranks 16 cudaDev 1 busId 46000 - Init COMPLETE
x3103c0s25b1n0:61576:62855 [1] NCCL INFO transport/net.cc:376 Cuda Alloc Size 8388608 pointer 0x150376000000
x3103c0s25b1n0:61576:61576 [1] NCCL INFO AllReduce: opCount 0 sendbuff 0x1503d7600200 recvbuff 0x1503d7600200 count 1 datatype 1 op 0 root 0 comm 0x5555ddb417c0 [nranks=16] stream 0x5555f58cd140
x3103c0s25b1n0:61576:61576 [1] NCCL INFO misc/utils.cc:235 memory stack hunk malloc(65536)
[LYD INFO in ncclLaunchKernel (enqueue.cc)] NCHANNELS is: 4x3103c0s25b1n0:61577:61577 [2] NCCL INFO AllReduce: opCount 0 sendbuff 0x154ea3600200 recvbuff 0x154ea3600200 count 1 datatype 1 op 0 root 0 comm 0x5625c9711710 [nranks=16] stream 0x5625e0e36ed0
x3103c0s25b1n0:61577:61577 [2] NCCL INFO misc/utils.cc:235 memory stack hunk malloc(65536)
[LYD INFO in ncclLaunchKernel (enqueue.cc)] NCHANNELS is: 4
[LYD INFO in NCCL_KERN_NAME (common.h)] 6 AllReduce TREE LL Sum uint8_t Elapsed time: 34385 us

[LYD INFO in NCCL_KERN_NAME (common.h)] 4 AllReduce TREE LL Sum uint8_t Elapsed time: 81732 us

[LYD INFO in NCCL_KERN_NAME (common.h)] 5 AllReduce TREE LL Sum uint8_t Elapsed time: 64795 us

[LYD INFO in NCCL_KERN_NAME (common.h)] 7 AllReduce TREE LL Sum uint8_t Elapsed time: 89517 us
x3103c0s25b1n0:61577:61577 [2] NCCL INFO AllReduce: opCount 1 sendbuff 0x154ea3600000 recvbuff 0x154ea3600000 count 1 datatype 1 op 0 root 0 comm 0x5625c9711710 [nranks=16] stream 0x5625e0e36ed0
[LYD INFO in ncclLaunchKernel (enqueue.cc)] NCHANNELS is: 4x3103c0s25b1n0:61576:61576 [1] NCCL INFO AllReduce: opCount 1 sendbuff 0x1503d7600000 recvbuff 0x1503d7600000 count 1 datatype 1 op 0 root 0 comm 0x5555ddb417c0 [nranks=16] stream 0x5555f58cd140
[LYD INFO in ncclLaunchKernel (enqueue.cc)] NCHANNELS is: 4x3103c0s25b1n0:61578:61578 [3] NCCL INFO AllReduce: opCount 1 sendbuff 0x1543c7600000 recvbuff 0x1543c7600000 count 1 datatype 1 op 0 root 0 comm 0x557433ce83a0 [nranks=16] stream 0x557451fab840
[LYD INFO in ncclLaunchKernel (enqueue.cc)] NCHANNELS is: 4x3103c0s25b1n0:61575:61575 [0] NCCL INFO AllReduce: opCount 1 sendbuff 0x14fcd7600000 recvbuff 0x14fcd7600000 count 1 datatype 1 op 0 root 0 comm 0x556b23a79cc0 [nranks=16] stream 0x556b3c1a68d0
[LYD INFO in ncclLaunchKernel (enqueue.cc)] NCHANNELS is: 4
[LYD INFO in NCCL_KERN_NAME (common.h)] 6 AllReduce TREE LL Sum uint8_t Elapsed time: 3691689 us

[LYD INFO in NCCL_KERN_NAME (common.h)] 7 AllReduce TREE LL Sum uint8_t Elapsed time: 2483023 us

[LYD INFO in NCCL_KERN_NAME (common.h)] 5 AllReduce TREE LL Sum uint8_t Elapsed time: 2554723 us

[LYD INFO in NCCL_KERN_NAME (common.h)] 4 AllReduce TREE LL Sum uint8_t Elapsed time: 1769747 us
x3103c0s25b1n0:61578:61578 [3] NCCL INFO AllReduce: opCount 2 sendbuff 0x1543c7600000 recvbuff 0x1543c7600000 count 1 datatype 8 op 3 root 0 comm 0x557433ce83a0 [nranks=16] stream 0x557451fab840
[LYD INFO in ncclLaunchKernel (enqueue.cc)] NCHANNELS is: 4x3103c0s25b1n0:61576:61576 [1] NCCL INFO AllReduce: opCount 2 sendbuff 0x1503d7600000 recvbuff 0x1503d7600000 count 1 datatype 8 op 3 root 0 comm 0x5555ddb417c0 [nranks=16] stream 0x5555f58cd140
[LYD INFO in ncclLaunchKernel (enqueue.cc)] NCHANNELS is: 4x3103c0s25b1n0:61577:61577 [2] NCCL INFO AllReduce: opCount 2 sendbuff 0x154ea3600000 recvbuff 0x154ea3600000 count 1 datatype 8 op 3 root 0 comm 0x5625c9711710 [nranks=16] stream 0x5625e0e36ed0
[LYD INFO in ncclLaunchKernel (enqueue.cc)] NCHANNELS is: 4
[LYD INFO in NCCL_FUNC_NAME (common.h)] 5 AllReduce TREE LL Min double Elapsed time: 9234 us

[LYD INFO in NCCL_FUNC_NAME (common.h)] 7 AllReduce TREE LL Min double Elapsed time: 4 us

[LYD INFO in NCCL_FUNC_NAME (common.h)] 6 AllReduce TREE LL Min double Elapsed time: 6 us
x3103c0s25b1n0:61575:61575 [0] NCCL INFO AllReduce: opCount 2 sendbuff 0x14fcd7600000 recvbuff 0x14fcd7600000 count 1 datatype 8 op 3 root 0 comm 0x556b23a79cc0 [nranks=16] stream 0x556b3c1a68d0
[LYD INFO in ncclLaunchKernel (enqueue.cc)] NCHANNELS is: 4
[LYD INFO in NCCL_FUNC_NAME (common.h)] 4 AllReduce TREE LL Min double Elapsed time: 7 us

[LYD INFO in NCCL_KERN_NAME (common.h)] 4 AllReduce TREE LL Sum double Elapsed time: 4067 us
x3103c0s25b1n0:61575:61575 [0] NCCL INFO AllReduce: opCount 3 sendbuff 0x14fcd7600200 recvbuff 0x14fcd7600200 count 1 datatype 1 op 0 root 0 comm 0x556b23a79cc0 [nranks=16] stream 0x556b3c1a68d0
[LYD INFO in ncclLaunchKernel (enqueue.cc)] NCHANNELS is: 4
[LYD INFO in NCCL_KERN_NAME (common.h)] 5 AllReduce TREE LL Sum double Elapsed time: 34683 us
x3103c0s25b1n0:61576:61576 [1] NCCL INFO AllReduce: opCount 3 sendbuff 0x1503d7600200 recvbuff 0x1503d7600200 count 1 datatype 1 op 0 root 0 comm 0x5555ddb417c0 [nranks=16] stream 0x5555f58cd140
[LYD INFO in ncclLaunchKernel (enqueue.cc)] NCHANNELS is: 4
[LYD INFO in NCCL_KERN_NAME (common.h)] 6 AllReduce TREE LL Sum double Elapsed time: 25332 us
x3103c0s25b1n0:61577:61577 [2] NCCL INFO AllReduce: opCount 3 sendbuff 0x154ea3600200 recvbuff 0x154ea3600200 count 1 datatype 1 op 0 root 0 comm 0x5625c9711710 [nranks=16] stream 0x5625e0e36ed0
[LYD INFO in ncclLaunchKernel (enqueue.cc)] NCHANNELS is: 4
[LYD INFO in NCCL_KERN_NAME (common.h)] 7 AllReduce TREE LL Sum double Elapsed time: 43312 us
x3103c0s25b1n0:61578:61578 [3] NCCL INFO AllReduce: opCount 3 sendbuff 0x1543c7600200 recvbuff 0x1543c7600200 count 1 datatype 1 op 0 root 0 comm 0x557433ce83a0 [nranks=16] stream 0x557451fab840
[LYD INFO in ncclLaunchKernel (enqueue.cc)] NCHANNELS is: 4
[LYD INFO in NCCL_KERN_NAME (common.h)] 6 AllReduce TREE LL Sum uint8_t Elapsed time: 40881 us

[LYD INFO in NCCL_KERN_NAME (common.h)] 7 AllReduce TREE LL Sum uint8_t Elapsed time: 30014 us

[LYD INFO in NCCL_KERN_NAME (common.h)] 4 AllReduce TREE LL Sum uint8_t Elapsed time: 58452 us

[LYD INFO in NCCL_KERN_NAME (common.h)] 5 AllReduce TREE LL Sum uint8_t Elapsed time: 53489 us
x3103c0s25b1n0:61577:61577 [2] NCCL INFO AllReduce: opCount 4 sendbuff 0x154ea3600400 recvbuff 0x154ea3600400 count 1 datatype 1 op 0 root 0 comm 0x5625c9711710 [nranks=16] stream 0x5625e0e36ed0
[LYD INFO in ncclLaunchKernel (enqueue.cc)] NCHANNELS is: 4x3103c0s25b1n0:61576:61576 [1] NCCL INFO AllReduce: opCount 4 sendbuff 0x1503d7600400 recvbuff 0x1503d7600400 count 1 datatype 1 op 0 root 0 comm 0x5555ddb417c0 [nranks=16] stream 0x5555f58cd140
[LYD INFO in ncclLaunchKernel (enqueue.cc)] NCHANNELS is: 4x3103c0s25b1n0:61578:61578 [3] NCCL INFO AllReduce: opCount 4 sendbuff 0x1543c7600400 recvbuff 0x1543c7600400 count 1 datatype 1 op 0 root 0 comm 0x557433ce83a0 [nranks=16] stream 0x557451fab840
[LYD INFO in ncclLaunchKernel (enqueue.cc)] NCHANNELS is: 4x3103c0s25b1n0:61575:61575 [0] NCCL INFO AllReduce: opCount 4 sendbuff 0x14fcd7600400 recvbuff 0x14fcd7600400 count 1 datatype 1 op 0 root 0 comm 0x556b23a79cc0 [nranks=16] stream 0x556b3c1a68d0
[LYD INFO in ncclLaunchKernel (enqueue.cc)] NCHANNELS is: 4
[LYD INFO in NCCL_KERN_NAME (common.h)] 6 AllReduce TREE LL Sum uint8_t Elapsed time: 205737 us
x3103c0s25b1n0:61577:61577 [2] NCCL INFO AllReduce: opCount 5 sendbuff 0x154c85609a00 recvbuff 0x154c85609a00 count 1 datatype 1 op 0 root 0 comm 0x5625c9711710 [nranks=16] stream 0x5625e0e36ed0
[LYD INFO in ncclLaunchKernel (enqueue.cc)] NCHANNELS is: 4
[LYD INFO in NCCL_KERN_NAME (common.h)] 5 AllReduce TREE LL Sum uint8_t Elapsed time: 160992 us
x3103c0s25b1n0:61576:61576 [1] NCCL INFO AllReduce: opCount 5 sendbuff 0x1501bd609a00 recvbuff 0x1501bd609a00 count 1 datatype 1 op 0 root 0 comm 0x5555ddb417c0 [nranks=16] stream 0x5555f58cd140
[LYD INFO in ncclLaunchKernel (enqueue.cc)] NCHANNELS is: 4
[LYD INFO in NCCL_KERN_NAME (common.h)] 7 AllReduce TREE LL Sum uint8_t Elapsed time: 145293 us
x3103c0s25b1n0:61578:61578 [3] NCCL INFO AllReduce: opCount 5 sendbuff 0x1541af609a00 recvbuff 0x1541af609a00 count 1 datatype 1 op 0 root 0 comm 0x557433ce83a0 [nranks=16] stream 0x557451fab840
[LYD INFO in ncclLaunchKernel (enqueue.cc)] NCHANNELS is: 4
[LYD INFO in NCCL_KERN_NAME (common.h)] 4 AllReduce TREE LL Sum uint8_t Elapsed time: 100461 us
x3103c0s25b1n0:61575:61575 [0] NCCL INFO AllReduce: opCount 5 sendbuff 0x14fab7609a00 recvbuff 0x14fab7609a00 count 1 datatype 1 op 0 root 0 comm 0x556b23a79cc0 [nranks=16] stream 0x556b3c1a68d0
[LYD INFO in ncclLaunchKernel (enqueue.cc)] NCHANNELS is: 4
[LYD INFO in NCCL_KERN_NAME (common.h)] 6 AllReduce TREE LL Sum uint8_t Elapsed time: 51941 us
x3103c0s25b1n0:61577:61577 [2] NCCL INFO AllReduce: opCount 6 sendbuff 0x154ea3600400 recvbuff 0x154ea3600400 count 1 datatype 1 op 0 root 0 comm 0x5625c9711710 [nranks=16] stream 0x5625e0e36ed0
[LYD INFO in ncclLaunchKernel (enqueue.cc)] NCHANNELS is: 4
[LYD INFO in NCCL_KERN_NAME (common.h)] 5 AllReduce TREE LL Sum uint8_t Elapsed time: 44416 us
x3103c0s25b1n0:61576:61576 [1] NCCL INFO AllReduce: opCount 6 sendbuff 0x1503d7600400 recvbuff 0x1503d7600400 count 1 datatype 1 op 0 root 0 comm 0x5555ddb417c0 [nranks=16] stream 0x5555f58cd140
[LYD INFO in ncclLaunchKernel (enqueue.cc)] NCHANNELS is: 4
[LYD INFO in NCCL_KERN_NAME (common.h)] 4 AllReduce TREE LL Sum uint8_t Elapsed time: 24462 us
x3103c0s25b1n0:61575:61575 [0] NCCL INFO AllReduce: opCount 6 sendbuff 0x14fcd7600400 recvbuff 0x14fcd7600400 count 1 datatype 1 op 0 root 0 comm 0x556b23a79cc0 [nranks=16] stream 0x556b3c1a68d0
[LYD INFO in ncclLaunchKernel (enqueue.cc)] NCHANNELS is: 4
[LYD INFO in NCCL_KERN_NAME (common.h)] 7 AllReduce TREE LL Sum uint8_t Elapsed time: 32830 us
x3103c0s25b1n0:61578:61578 [3] NCCL INFO AllReduce: opCount 6 sendbuff 0x1543c7600400 recvbuff 0x1543c7600400 count 1 datatype 1 op 0 root 0 comm 0x557433ce83a0 [nranks=16] stream 0x557451fab840
[LYD INFO in ncclLaunchKernel (enqueue.cc)] NCHANNELS is: 4
[LYD INFO in NCCL_KERN_NAME (common.h)] 5 AllReduce TREE LL Sum uint8_t Elapsed time: 55937 us

[LYD INFO in NCCL_KERN_NAME (common.h)] 4 AllReduce TREE LL Sum uint8_t Elapsed time: 45875 us

[LYD INFO in NCCL_KERN_NAME (common.h)] 7 AllReduce TREE LL Sum uint8_t Elapsed time: 26647 us

[LYD INFO in NCCL_KERN_NAME (common.h)] 6 AllReduce TREE LL Sum uint8_t Elapsed time: 70433 us
x3103c0s25b1n0:61576:61576 [1] NCCL INFO init.cc:1147 Cuda Host Alloc Size 4 pointer 0x150398e00400
x3103c0s25b1n0:61578:61578 [3] NCCL INFO init.cc:1147 Cuda Host Alloc Size 4 pointer 0x154386e00400
x3103c0s25b1n0:61577:61577 [2] NCCL INFO init.cc:1147 Cuda Host Alloc Size 4 pointer 0x154e60e00400
x3103c0s25b1n0:61575:61575 [0] NCCL INFO init.cc:1147 Cuda Host Alloc Size 4 pointer 0x14fc96e00400
x3103c0s25b1n0:61576:64751 [1] NCCL INFO Using network IB
x3103c0s25b1n0:61578:64752 [3] NCCL INFO Using network IB
x3103c0s25b1n0:61577:64753 [2] NCCL INFO Using network IB
x3103c0s25b1n0:61575:64754 [0] NCCL INFO Using network IB
x3103c0s25b1n0:61575:64754 [0] NCCL INFO NET/IB : GPU Direct RDMA Enabled for HCA 0 'mlx5_0'
x3103c0s25b1n0:61575:64754 [0] NCCL INFO NET/IB : GPU Direct RDMA Enabled for HCA 1 'mlx5_1'
x3103c0s25b1n0:61575:64754 [0] NCCL INFO GPU Direct RDMA Disabled for GPU 7000 / HCA 1 (distance 7 > 4)
x3103c0s25b1n0:61575:64754 [0] NCCL INFO GPU Direct RDMA Disabled for GPU 46000 / HCA 1 (distance 6 > 4)
x3103c0s25b1n0:61575:64754 [0] NCCL INFO GPU Direct RDMA Disabled for GPU 85000 / HCA 1 (distance 7 > 4)
x3103c0s25b1n0:61575:64754 [0] NCCL INFO GPU Direct RDMA Disabled for GPU c7000 / HCA 1 (distance 7 > 4)
x3103c0s25b1n0:61575:64754 [0] NCCL INFO GPU Direct RDMA Disabled for GPU 7000 / HCA 0 (distance 7 > 4)
x3103c0s25b1n0:61575:64754 [0] NCCL INFO GPU Direct RDMA Disabled for GPU 46000 / HCA 0 (distance 7 > 4)
x3103c0s25b1n0:61575:64754 [0] NCCL INFO GPU Direct RDMA Disabled for GPU 85000 / HCA 0 (distance 7 > 4)
x3103c0s25b1n0:61575:64754 [0] NCCL INFO GPU Direct RDMA Disabled for GPU c7000 / HCA 0 (distance 6 > 4)
x3103c0s25b1n0:61575:64754 [0] NCCL INFO GPU Direct RDMA Disabled for GPU 7000 / HCA 1 (distance 7 > 4)
x3103c0s25b1n0:61575:64754 [0] NCCL INFO GPU Direct RDMA Disabled for GPU 46000 / HCA 1 (distance 6 > 4)
x3103c0s25b1n0:61575:64754 [0] NCCL INFO GPU Direct RDMA Disabled for GPU 85000 / HCA 1 (distance 7 > 4)
x3103c0s25b1n0:61575:64754 [0] NCCL INFO GPU Direct RDMA Disabled for GPU c7000 / HCA 1 (distance 7 > 4)
x3103c0s25b1n0:61575:64754 [0] NCCL INFO GPU Direct RDMA Disabled for GPU 7000 / HCA 0 (distance 7 > 4)
x3103c0s25b1n0:61575:64754 [0] NCCL INFO GPU Direct RDMA Disabled for GPU 46000 / HCA 0 (distance 7 > 4)
x3103c0s25b1n0:61575:64754 [0] NCCL INFO GPU Direct RDMA Disabled for GPU 85000 / HCA 0 (distance 7 > 4)
x3103c0s25b1n0:61575:64754 [0] NCCL INFO GPU Direct RDMA Disabled for GPU c7000 / HCA 0 (distance 6 > 4)
x3103c0s25b1n0:61575:64754 [0] NCCL INFO === System : maxBw 12.0 totalBw 264.0 ===
x3103c0s25b1n0:61575:64754 [0] NCCL INFO CPU/3 (1/2/-1)
x3103c0s25b1n0:61575:64754 [0] NCCL INFO + SYS[5000.0] - CPU/2
x3103c0s25b1n0:61575:64754 [0] NCCL INFO + SYS[5000.0] - CPU/1
x3103c0s25b1n0:61575:64754 [0] NCCL INFO + SYS[5000.0] - CPU/0
x3103c0s25b1n0:61575:64754 [0] NCCL INFO + PCI[24.0] - PCI/5000 (11f8406811f8beef)
x3103c0s25b1n0:61575:64754 [0] NCCL INFO               + PCI[24.0] - GPU/7000 (4)
x3103c0s25b1n0:61575:64754 [0] NCCL INFO                             + NVL[88.0] - GPU/85000
x3103c0s25b1n0:61575:64754 [0] NCCL INFO                             + NVL[88.0] - GPU/C7000
x3103c0s25b1n0:61575:64754 [0] NCCL INFO                             + NVL[88.0] - GPU/46000
x3103c0s25b1n0:61575:64754 [0] NCCL INFO CPU/2 (1/2/-1)
x3103c0s25b1n0:61575:64754 [0] NCCL INFO + SYS[5000.0] - CPU/3
x3103c0s25b1n0:61575:64754 [0] NCCL INFO + SYS[5000.0] - CPU/1
x3103c0s25b1n0:61575:64754 [0] NCCL INFO + SYS[5000.0] - CPU/0
