x3004c0s37b0n0:58287:62301 [3] NCCL INFO === System : maxBw 12.0 totalBw 264.0 ===
x3004c0s37b0n0:58287:62301 [3] NCCL INFO CPU/3 (1/2/-1)
x3004c0s37b0n0:58287:62301 [3] NCCL INFO + SYS[5000.0] - CPU/2
x3004c0s37b0n0:58287:62301 [3] NCCL INFO + SYS[5000.0] - CPU/1
x3004c0s37b0n0:58287:62301 [3] NCCL INFO + SYS[5000.0] - CPU/0
x3004c0s37b0n0:58287:62301 [3] NCCL INFO + PCI[24.0] - PCI/5000 (11f8406811f8beef)
x3004c0s37b0n0:58287:62301 [3] NCCL INFO               + PCI[24.0] - GPU/7000 (8)
x3004c0s37b0n0:58287:62301 [3] NCCL INFO                             + NVL[88.0] - GPU/85000
x3004c0s37b0n0:58287:62301 [3] NCCL INFO                             + NVL[88.0] - GPU/C7000
x3004c0s37b0n0:58287:62301 [3] NCCL INFO                             + NVL[88.0] - GPU/46000
x3004c0s37b0n0:58287:62301 [3] NCCL INFO CPU/2 (1/2/-1)
x3004c0s37b0n0:58287:62301 [3] NCCL INFO + SYS[5000.0] - CPU/3
x3004c0s37b0n0:58287:62301 [3] NCCL INFO + SYS[5000.0] - CPU/1
x3004c0s37b0n0:58287:62301 [3] NCCL INFO + SYS[5000.0] - CPU/0
x3004c0s37b0n0:58287:62301 [3] NCCL INFO + PCI[24.0] - PCI/44000 (11f8406811f8beef)
x3004c0s37b0n0:58287:62301 [3] NCCL INFO               + PCI[24.0] - GPU/46000 (9)
x3004c0s37b0n0:58287:62301 [3] NCCL INFO                             + NVL[88.0] - GPU/85000
x3004c0s37b0n0:58287:62301 [3] NCCL INFO                             + NVL[88.0] - GPU/C7000
x3004c0s37b0n0:58287:62301 [3] NCCL INFO                             + NVL[88.0] - GPU/7000
x3004c0s37b0n0:58287:62301 [3] NCCL INFO + PCI[12.0] - NIC/43000
x3004c0s37b0n0:58287:62301 [3] NCCL INFO               + NET[12.5] - NET/1 (a80704ffffa4e988/1/12.500000)
x3004c0s37b0n0:58287:62301 [3] NCCL INFO CPU/1 (1/2/-1)
x3004c0s37b0n0:58287:62301 [3] NCCL INFO + SYS[5000.0] - CPU/3
x3004c0s37b0n0:58287:62301 [3] NCCL INFO + SYS[5000.0] - CPU/2
x3004c0s37b0n0:58287:62301 [3] NCCL INFO + SYS[5000.0] - CPU/0
x3004c0s37b0n0:58287:62301 [3] NCCL INFO + PCI[24.0] - PCI/83000 (11f8406811f8beef)
x3004c0s37b0n0:58287:62301 [3] NCCL INFO               + PCI[24.0] - GPU/85000 (10)
x3004c0s37b0n0:58287:62301 [3] NCCL INFO                             + NVL[88.0] - GPU/C7000
x3004c0s37b0n0:58287:62301 [3] NCCL INFO                             + NVL[88.0] - GPU/46000
x3004c0s37b0n0:58287:62301 [3] NCCL INFO                             + NVL[88.0] - GPU/7000
x3004c0s37b0n0:58287:62301 [3] NCCL INFO CPU/0 (1/2/-1)
x3004c0s37b0n0:58287:62301 [3] NCCL INFO + SYS[5000.0] - CPU/3
x3004c0s37b0n0:58287:62301 [3] NCCL INFO + SYS[5000.0] - CPU/2
x3004c0s37b0n0:58287:62301 [3] NCCL INFO + SYS[5000.0] - CPU/1
x3004c0s37b0n0:58287:62301 [3] NCCL INFO + PCI[24.0] - PCI/C5000 (11f8406811f8beef)
x3004c0s37b0n0:58287:62301 [3] NCCL INFO               + PCI[24.0] - GPU/C7000 (11)
x3004c0s37b0n0:58287:62301 [3] NCCL INFO                             + NVL[88.0] - GPU/85000
x3004c0s37b0n0:58287:62301 [3] NCCL INFO                             + NVL[88.0] - GPU/46000
x3004c0s37b0n0:58287:62301 [3] NCCL INFO                             + NVL[88.0] - GPU/7000
x3004c0s37b0n0:58287:62301 [3] NCCL INFO + PCI[12.0] - NIC/C8000
x3004c0s37b0n0:58287:62301 [3] NCCL INFO               + NET[12.5] - NET/0 (d80704ffffa4e988/1/12.500000)
x3004c0s37b0n0:58287:62301 [3] NCCL INFO ==========================================
x3004c0s37b0n0:58287:62301 [3] NCCL INFO GPU/7000 :GPU/7000 (0/5000.000000/LOC) GPU/46000 (1/88.000000/NVL) GPU/85000 (1/88.000000/NVL) GPU/C7000 (1/88.000000/NVL) CPU/3 (2/24.000000/PHB) CPU/2 (3/24.000000/SYS) CPU/1 (3/24.000000/SYS) CPU/0 (3/24.000000/SYS) NET/1 (5/12.000000/SYS) NET/0 (5/12.000000/SYS) 
x3004c0s37b0n0:58287:62301 [3] NCCL INFO GPU/46000 :GPU/7000 (1/88.000000/NVL) GPU/46000 (0/5000.000000/LOC) GPU/85000 (1/88.000000/NVL) GPU/C7000 (1/88.000000/NVL) CPU/3 (3/24.000000/SYS) CPU/2 (2/24.000000/PHB) CPU/1 (3/24.000000/SYS) CPU/0 (3/24.000000/SYS) NET/1 (4/12.000000/PHB) NET/0 (5/12.000000/SYS) 
x3004c0s37b0n0:58287:62301 [3] NCCL INFO GPU/85000 :GPU/7000 (1/88.000000/NVL) GPU/46000 (1/88.000000/NVL) GPU/85000 (0/5000.000000/LOC) GPU/C7000 (1/88.000000/NVL) CPU/3 (3/24.000000/SYS) CPU/2 (3/24.000000/SYS) CPU/1 (2/24.000000/PHB) CPU/0 (3/24.000000/SYS) NET/1 (5/12.000000/SYS) NET/0 (5/12.000000/SYS) 
x3004c0s37b0n0:58287:62301 [3] NCCL INFO GPU/C7000 :GPU/7000 (1/88.000000/NVL) GPU/46000 (1/88.000000/NVL) GPU/85000 (1/88.000000/NVL) GPU/C7000 (0/5000.000000/LOC) CPU/3 (3/24.000000/SYS) CPU/2 (3/24.000000/SYS) CPU/1 (3/24.000000/SYS) CPU/0 (2/24.000000/PHB) NET/1 (5/12.000000/SYS) NET/0 (4/12.000000/PHB) 
x3004c0s37b0n0:58287:62301 [3] NCCL INFO NET/1 :GPU/7000 (5/12.000000/SYS) GPU/46000 (4/12.000000/PHB) GPU/85000 (5/12.000000/SYS) GPU/C7000 (5/12.000000/SYS) CPU/3 (3/12.000000/SYS) CPU/2 (2/12.000000/PHB) CPU/1 (3/12.000000/SYS) CPU/0 (3/12.000000/SYS) NET/1 (0/5000.000000/LOC) NET/0 (5/12.000000/SYS) 
x3004c0s37b0n0:58287:62301 [3] NCCL INFO NET/0 :GPU/7000 (5/12.000000/SYS) GPU/46000 (5/12.000000/SYS) GPU/85000 (5/12.000000/SYS) GPU/C7000 (4/12.000000/PHB) CPU/3 (3/12.000000/SYS) CPU/2 (3/12.000000/SYS) CPU/1 (3/12.000000/SYS) CPU/0 (2/12.000000/PHB) NET/1 (5/12.000000/SYS) NET/0 (0/5000.000000/LOC) 
x3004c0s37b0n0:58287:62301 [3] NCCL INFO Setting affinity for GPU 3 to 01
x3004c0s37b0n0:58287:62301 [3] NCCL INFO Pattern 4, crossNic 0, nChannels 2, bw 12.000000/12.000000, type NVL/SYS, sameChannels 1
x3004c0s37b0n0:58287:62301 [3] NCCL INFO  0 : NET/1 GPU/9 GPU/8 GPU/10 GPU/11 NET/1
x3004c0s37b0n0:58287:62301 [3] NCCL INFO  1 : NET/0 GPU/9 GPU/8 GPU/10 GPU/11 NET/0
x3004c0s37b0n0:58287:62301 [3] NCCL INFO Pattern 1, crossNic 0, nChannels 2, bw 24.000000/12.000000, type NVL/SYS, sameChannels 1
x3004c0s37b0n0:58287:62301 [3] NCCL INFO  0 : NET/1 GPU/8 GPU/9 GPU/10 GPU/11 NET/1
x3004c0s37b0n0:58287:62301 [3] NCCL INFO  1 : NET/0 GPU/8 GPU/9 GPU/10 GPU/11 NET/0
x3004c0s37b0n0:58287:62301 [3] NCCL INFO Pattern 3, crossNic 0, nChannels 0, bw 0.000000/0.000000, type NVL/PIX, sameChannels 1
x3004c0s37b0n0:58284:62306 [0] NCCL INFO Tree 0 : 17 -> 8 -> 9/12/-1
x3004c0s37b0n0:58284:62306 [0] NCCL INFO Tree 2 : 13 -> 8 -> 9/-1/-1
x3004c0s37b0n0:58284:62306 [0] NCCL INFO Tree 1 : 17 -> 8 -> 9/12/-1
x3004c0s37b0n0:58284:62306 [0] NCCL INFO Tree 3 : 13 -> 8 -> 9/-1/-1
x3004c0s37b0n0:58284:62306 [0] NCCL INFO Ring 00 : 9 -> 8 -> 10
x3004c0s37b0n0:58284:62306 [0] NCCL INFO Ring 01 : 9 -> 8 -> 10
x3004c0s37b0n0:58284:62306 [0] NCCL INFO Ring 02 : 9 -> 8 -> 10
x3004c0s37b0n0:58284:62306 [0] NCCL INFO Ring 03 : 9 -> 8 -> 10
x3004c0s37b0n0:58284:62306 [0] NCCL INFO Trees [0] 9/12/-1->8->17 [1] 9/12/-1->8->17 [2] 9/-1/-1->8->13 [3] 9/-1/-1->8->13
x3004c0s37b0n0:58284:62306 [0] NCCL INFO misc/utils.cc:235 memory stack hunk malloc(65536)
x3004c0s37b0n0:58284:62306 [0] NCCL INFO channel.cc:23 Cuda Alloc Size 8064 pointer 0x14b2bf817400
x3004c0s37b0n0:58284:62306 [0] NCCL INFO channel.cc:27 Cuda Alloc Size 80 pointer 0x14b2bf819400
x3004c0s37b0n0:58284:62306 [0] NCCL INFO channel.cc:23 Cuda Alloc Size 8064 pointer 0x14b2bf819600
x3004c0s37b0n0:58284:62306 [0] NCCL INFO channel.cc:27 Cuda Alloc Size 80 pointer 0x14b2bf81b600
x3004c0s37b0n0:58284:62306 [0] NCCL INFO channel.cc:23 Cuda Alloc Size 8064 pointer 0x14b2bf81b800
x3004c0s37b0n0:58284:62306 [0] NCCL INFO channel.cc:27 Cuda Alloc Size 80 pointer 0x14b2bf81d800
x3004c0s37b0n0:58284:62306 [0] NCCL INFO channel.cc:23 Cuda Alloc Size 8064 pointer 0x14b2bf81da00
x3004c0s37b0n0:58284:62306 [0] NCCL INFO channel.cc:27 Cuda Alloc Size 80 pointer 0x14b2bf81fa00
x3004c0s37b0n0:58284:62306 [0] NCCL INFO Channel 00/0 : 8[7000] -> 10[85000] via P2P/IPC/read
x3004c0s37b0n0:58284:62479 [0] NCCL INFO Mem Realloc old size 0, new size 8 pointer 0x14b268000c60
x3004c0s37b0n0:58284:62479 [0] NCCL INFO New proxy send connection 0 from local rank 0, transport 0
x3004c0s37b0n0:58284:62306 [0] NCCL INFO Connection to proxy localRank 0 -> connection 0x14b268000c80
x3004c0s37b0n0:58284:62479 [0] NCCL INFO transport/p2p.cc:430 Cuda Alloc Size 6291456 pointer 0x14b2e4000000
x3004c0s37b0n0:58285:62307 [1] NCCL INFO Tree 0 : 8 -> 9 -> 10/4/-1
x3004c0s37b0n0:58285:62307 [1] NCCL INFO Tree 2 : 8 -> 9 -> 10/-1/-1
x3004c0s37b0n0:58285:62307 [1] NCCL INFO Tree 1 : 8 -> 9 -> 10/4/-1
x3004c0s37b0n0:58285:62307 [1] NCCL INFO Tree 3 : 8 -> 9 -> 10/-1/-1
x3004c0s37b0n0:58285:62307 [1] NCCL INFO Ring 00 : 7 -> 9 -> 8
x3004c0s37b0n0:58285:62307 [1] NCCL INFO Ring 01 : 7 -> 9 -> 8
x3004c0s37b0n0:58285:62307 [1] NCCL INFO Ring 02 : 7 -> 9 -> 8
x3004c0s37b0n0:58285:62307 [1] NCCL INFO Ring 03 : 7 -> 9 -> 8
x3004c0s37b0n0:58285:62307 [1] NCCL INFO Trees [0] 10/4/-1->9->8 [1] 10/4/-1->9->8 [2] 10/-1/-1->9->8 [3] 10/-1/-1->9->8
x3004c0s37b0n0:58285:62307 [1] NCCL INFO misc/utils.cc:235 memory stack hunk malloc(65536)
x3004c0s37b0n0:58285:62307 [1] NCCL INFO channel.cc:23 Cuda Alloc Size 8064 pointer 0x151a03e17400
x3004c0s37b0n0:58285:62307 [1] NCCL INFO channel.cc:27 Cuda Alloc Size 80 pointer 0x151a03e19400
x3004c0s37b0n0:58285:62307 [1] NCCL INFO channel.cc:23 Cuda Alloc Size 8064 pointer 0x151a03e19600
x3004c0s37b0n0:58285:62307 [1] NCCL INFO channel.cc:27 Cuda Alloc Size 80 pointer 0x151a03e1b600
x3004c0s37b0n0:58285:62307 [1] NCCL INFO channel.cc:23 Cuda Alloc Size 8064 pointer 0x151a03e1b800
x3004c0s37b0n0:58285:62307 [1] NCCL INFO channel.cc:27 Cuda Alloc Size 80 pointer 0x151a03e1d800
x3004c0s37b0n0:58285:62307 [1] NCCL INFO channel.cc:23 Cuda Alloc Size 8064 pointer 0x151a03e1da00
x3004c0s37b0n0:58285:62307 [1] NCCL INFO channel.cc:27 Cuda Alloc Size 80 pointer 0x151a03e1fa00
x3004c0s37b0n0:58285:62307 [1] NCCL INFO GPU Direct RDMA Disabled for GPU 46000 / HCA 1 (distance 6 > 4)
x3004c0s37b0n0:58285:62482 [1] NCCL INFO Mem Realloc old size 0, new size 8 pointer 0x151984000c60
x3004c0s37b0n0:58285:62482 [1] NCCL INFO Allocated 4194656 bytes of shared memory in /dev/shm/nccl-7xMFQp

x3004c0s37b0n0:58285:62482 [1] NCCL INFO New proxy recv connection 0 from local rank 1, transport 2
x3004c0s37b0n0:58284:62306 [0] NCCL INFO Channel 01/0 : 8[7000] -> 10[85000] via P2P/IPC/read
x3004c0s37b0n0:58284:62479 [0] NCCL INFO New proxy send connection 1 from local rank 0, transport 0
x3004c0s37b0n0:58286:62308 [2] NCCL INFO Ring 00 : 8 -> 10 -> 11
x3004c0s37b0n0:58286:62308 [2] NCCL INFO Ring 01 : 8 -> 10 -> 11
x3004c0s37b0n0:58286:62308 [2] NCCL INFO Ring 02 : 8 -> 10 -> 11
x3004c0s37b0n0:58286:62308 [2] NCCL INFO Ring 03 : 8 -> 10 -> 11
x3004c0s37b0n0:58286:62308 [2] NCCL INFO Trees [0] 11/-1/-1->10->9 [1] 11/-1/-1->10->9 [2] 11/-1/-1->10->9 [3] 11/-1/-1->10->9
x3004c0s37b0n0:58286:62308 [2] NCCL INFO misc/utils.cc:235 memory stack hunk malloc(65536)
x3004c0s37b0n0:58286:62308 [2] NCCL INFO channel.cc:23 Cuda Alloc Size 8064 pointer 0x148d0d817400
x3004c0s37b0n0:58286:62308 [2] NCCL INFO channel.cc:27 Cuda Alloc Size 80 pointer 0x148d0d819400
x3004c0s37b0n0:58286:62308 [2] NCCL INFO channel.cc:23 Cuda Alloc Size 8064 pointer 0x148d0d819600
x3004c0s37b0n0:58286:62308 [2] NCCL INFO channel.cc:27 Cuda Alloc Size 80 pointer 0x148d0d81b600
x3004c0s37b0n0:58286:62308 [2] NCCL INFO channel.cc:23 Cuda Alloc Size 8064 pointer 0x148d0d81b800
x3004c0s37b0n0:58286:62308 [2] NCCL INFO channel.cc:27 Cuda Alloc Size 80 pointer 0x148d0d81d800
x3004c0s37b0n0:58286:62308 [2] NCCL INFO channel.cc:23 Cuda Alloc Size 8064 pointer 0x148d0d81da00
x3004c0s37b0n0:58286:62308 [2] NCCL INFO channel.cc:27 Cuda Alloc Size 80 pointer 0x148d0d81fa00
x3004c0s37b0n0:58286:62308 [2] NCCL INFO Channel 00/0 : 10[85000] -> 11[c7000] via P2P/IPC/read
x3004c0s37b0n0:58287:62301 [3] NCCL INFO Ring 00 : 10 -> 11 -> 13
x3004c0s37b0n0:58287:62301 [3] NCCL INFO Ring 01 : 10 -> 11 -> 13
x3004c0s37b0n0:58287:62301 [3] NCCL INFO Ring 02 : 10 -> 11 -> 13
x3004c0s37b0n0:58287:62301 [3] NCCL INFO Ring 03 : 10 -> 11 -> 13
x3004c0s37b0n0:58287:62301 [3] NCCL INFO Trees [0] -1/-1/-1->11->10 [1] -1/-1/-1->11->10 [2] -1/-1/-1->11->10 [3] -1/-1/-1->11->10
x3004c0s37b0n0:58287:62301 [3] NCCL INFO misc/utils.cc:235 memory stack hunk malloc(65536)
x3004c0s37b0n0:58287:62301 [3] NCCL INFO channel.cc:23 Cuda Alloc Size 8064 pointer 0x149b29817400
x3004c0s37b0n0:58287:62301 [3] NCCL INFO channel.cc:27 Cuda Alloc Size 80 pointer 0x149b29819400
x3004c0s37b0n0:58287:62301 [3] NCCL INFO channel.cc:23 Cuda Alloc Size 8064 pointer 0x149b29819600
x3004c0s37b0n0:58287:62301 [3] NCCL INFO channel.cc:27 Cuda Alloc Size 80 pointer 0x149b2981b600
x3004c0s37b0n0:58287:62301 [3] NCCL INFO channel.cc:23 Cuda Alloc Size 8064 pointer 0x149b2981b800
x3004c0s37b0n0:58287:62301 [3] NCCL INFO channel.cc:27 Cuda Alloc Size 80 pointer 0x149b2981d800
x3004c0s37b0n0:58287:62301 [3] NCCL INFO channel.cc:23 Cuda Alloc Size 8064 pointer 0x149b2981da00
x3004c0s37b0n0:58287:62301 [3] NCCL INFO channel.cc:27 Cuda Alloc Size 80 pointer 0x149b2981fa00
x3004c0s37b0n0:58285:62307 [1] NCCL INFO Connection to proxy localRank 1 -> connection 0x151984000c80
x3004c0s37b0n0:58286:62481 [2] NCCL INFO Mem Realloc old size 0, new size 8 pointer 0x148cbc000c60
x3004c0s37b0n0:58286:62481 [2] NCCL INFO New proxy send connection 0 from local rank 2, transport 0
x3004c0s37b0n0:58287:62483 [3] NCCL INFO Mem Realloc old size 0, new size 8 pointer 0x149adc000c60
x3004c0s37b0n0:58287:62483 [3] NCCL INFO New proxy recv connection 0 from local rank 3, transport 0
x3004c0s37b0n0:58286:62308 [2] NCCL INFO Connection to proxy localRank 2 -> connection 0x148cbc000c80
x3004c0s37b0n0:58286:62481 [2] NCCL INFO transport/p2p.cc:430 Cuda Alloc Size 6291456 pointer 0x148d34000000
x3004c0s37b0n0:58285:62307 [1] NCCL INFO Channel 00/0 : 7[c7000] -> 9[46000] [receive] via NET/IB/1
x3004c0s37b0n0:58285:62307 [1] NCCL INFO GPU Direct RDMA Disabled for GPU 46000 / HCA 0 (distance 7 > 4)
x3004c0s37b0n0:58285:62482 [1] NCCL INFO New proxy recv connection 1 from local rank 1, transport 2
x3004c0s37b0n0:58284:62306 [0] NCCL INFO Connection to proxy localRank 0 -> connection 0x14b268000cc0
x3004c0s37b0n0:58284:62479 [0] NCCL INFO transport/p2p.cc:430 Cuda Alloc Size 6291456 pointer 0x14b2e4600000
x3004c0s37b0n0:58287:62301 [3] NCCL INFO Connection to proxy localRank 3 -> connection 0x149adc000c80
x3004c0s37b0n0:58287:62483 [3] NCCL INFO transport/p2p.cc:449 Cuda Alloc Size 6291456 pointer 0x149b11600000
x3004c0s37b0n0:58286:62308 [2] NCCL INFO Channel 01/0 : 10[85000] -> 11[c7000] via P2P/IPC/read
x3004c0s37b0n0:58285:62307 [1] NCCL INFO Connection to proxy localRank 1 -> connection 0x151984000cc0
x3004c0s37b0n0:58286:62481 [2] NCCL INFO New proxy send connection 1 from local rank 2, transport 0
x3004c0s37b0n0:58284:62306 [0] NCCL INFO Channel 02/0 : 8[7000] -> 10[85000] via P2P/IPC/read
x3004c0s37b0n0:58284:62479 [0] NCCL INFO New proxy send connection 2 from local rank 0, transport 0
x3004c0s37b0n0:58287:62483 [3] NCCL INFO New proxy recv connection 1 from local rank 3, transport 0
x3004c0s37b0n0:58284:62306 [0] NCCL INFO Connection to proxy localRank 0 -> connection 0x14b268000d00
x3004c0s37b0n0:58284:62479 [0] NCCL INFO transport/p2p.cc:430 Cuda Alloc Size 6291456 pointer 0x14b2e4c00000
x3004c0s37b0n0:58287:62301 [3] NCCL INFO Connection to proxy localRank 3 -> connection 0x149adc000cc0
x3004c0s37b0n0:58287:62483 [3] NCCL INFO transport/p2p.cc:449 Cuda Alloc Size 6291456 pointer 0x149b4b800000
x3004c0s37b0n0:58285:62307 [1] NCCL INFO Channel 01/0 : 7[c7000] -> 9[46000] [receive] via NET/IB/0
x3004c0s37b0n0:58285:62307 [1] NCCL INFO GPU Direct RDMA Disabled for GPU 46000 / HCA 1 (distance 6 > 4)
x3004c0s37b0n0:58285:62482 [1] NCCL INFO New proxy recv connection 2 from local rank 1, transport 2
x3004c0s37b0n0:58286:62308 [2] NCCL INFO Connection to proxy localRank 2 -> connection 0x148cbc000cc0
x3004c0s37b0n0:58286:62481 [2] NCCL INFO transport/p2p.cc:430 Cuda Alloc Size 6291456 pointer 0x148d34600000
x3004c0s37b0n0:58284:62306 [0] NCCL INFO Channel 03/0 : 8[7000] -> 10[85000] via P2P/IPC/read
x3004c0s37b0n0:58287:62483 [3] NCCL INFO New proxy recv connection 2 from local rank 3, transport 0
x3004c0s37b0n0:58284:62479 [0] NCCL INFO New proxy send connection 3 from local rank 0, transport 0
x3004c0s37b0n0:58285:62307 [1] NCCL INFO Connection to proxy localRank 1 -> connection 0x151984000d00
x3004c0s37b0n0:58285:62307 [1] NCCL INFO Channel 02/0 : 7[c7000] -> 9[46000] [receive] via NET/IB/1
x3004c0s37b0n0:58285:62307 [1] NCCL INFO GPU Direct RDMA Disabled for GPU 46000 / HCA 0 (distance 7 > 4)
x3004c0s37b0n0:58286:62308 [2] NCCL INFO Channel 02/0 : 10[85000] -> 11[c7000] via P2P/IPC/read
x3004c0s37b0n0:58286:62481 [2] NCCL INFO New proxy send connection 2 from local rank 2, transport 0
x3004c0s37b0n0:58285:62482 [1] NCCL INFO New proxy recv connection 3 from local rank 1, transport 2
x3004c0s37b0n0:58284:62306 [0] NCCL INFO Connection to proxy localRank 0 -> connection 0x14b268000d40
x3004c0s37b0n0:58284:62479 [0] NCCL INFO transport/p2p.cc:430 Cuda Alloc Size 6291456 pointer 0x14b2e5200000
x3004c0s37b0n0:58286:62308 [2] NCCL INFO Connection to proxy localRank 2 -> connection 0x148cbc000d00
x3004c0s37b0n0:58286:62481 [2] NCCL INFO transport/p2p.cc:430 Cuda Alloc Size 6291456 pointer 0x148d34c00000
x3004c0s37b0n0:58285:62307 [1] NCCL INFO Connection to proxy localRank 1 -> connection 0x151984000d40
x3004c0s37b0n0:58287:62301 [3] NCCL INFO Connection to proxy localRank 3 -> connection 0x149adc000d00
x3004c0s37b0n0:58287:62483 [3] NCCL INFO transport/p2p.cc:449 Cuda Alloc Size 6291456 pointer 0x149b4be00000
x3004c0s37b0n0:58286:62308 [2] NCCL INFO Channel 03/0 : 10[85000] -> 11[c7000] via P2P/IPC/read
x3004c0s37b0n0:58286:62481 [2] NCCL INFO New proxy send connection 3 from local rank 2, transport 0
x3004c0s37b0n0:58285:62307 [1] NCCL INFO Channel 03/0 : 7[c7000] -> 9[46000] [receive] via NET/IB/0
x3004c0s37b0n0:58285:62482 [1] NCCL INFO transport/net_ib.cc:683 Ib Alloc Size 21688 pointer 0x15198401d000
x3004c0s37b0n0:58285:62482 [1] NCCL INFO transport/net_ib.cc:696 Ib Alloc Size 552 pointer 0x151984024000
x3004c0s37b0n0:58287:62483 [3] NCCL INFO New proxy recv connection 3 from local rank 3, transport 0
x3004c0s37b0n0:58285:62482 [1] NCCL INFO transport/net_ib.cc:771 Ib Alloc Size 552 pointer 0x151984041000
x3004c0s37b0n0:58285:62482 [1] NCCL INFO transport/net.cc:698 Cuda Host Alloc Size 9641984 pointer 0x1519e8000000
x3004c0s37b0n0:58286:62308 [2] NCCL INFO Connection to proxy localRank 2 -> connection 0x148cbc000d40
x3004c0s37b0n0:58286:62481 [2] NCCL INFO transport/p2p.cc:430 Cuda Alloc Size 6291456 pointer 0x148d35200000
x3004c0s37b0n0:58285:62482 [1] NCCL INFO transport/net_ib.cc:683 Ib Alloc Size 21688 pointer 0x151984043000
x3004c0s37b0n0:58285:62482 [1] NCCL INFO transport/net_ib.cc:696 Ib Alloc Size 552 pointer 0x15198404a000
x3004c0s37b0n0:58285:62482 [1] NCCL INFO transport/net_ib.cc:771 Ib Alloc Size 552 pointer 0x151984065000
x3004c0s37b0n0:58285:62482 [1] NCCL INFO transport/net.cc:698 Cuda Host Alloc Size 9641984 pointer 0x1519e8a00000
x3004c0s37b0n0:58287:62301 [3] NCCL INFO Connection to proxy localRank 3 -> connection 0x149adc000d40
x3004c0s37b0n0:58287:62483 [3] NCCL INFO transport/p2p.cc:449 Cuda Alloc Size 6291456 pointer 0x149b4c400000
x3004c0s37b0n0:58285:62482 [1] NCCL INFO transport/net_ib.cc:683 Ib Alloc Size 21688 pointer 0x151984067000
x3004c0s37b0n0:58285:62482 [1] NCCL INFO transport/net_ib.cc:696 Ib Alloc Size 552 pointer 0x15198406e000
x3004c0s37b0n0:58285:62482 [1] NCCL INFO transport/net_ib.cc:771 Ib Alloc Size 552 pointer 0x151984089000
x3004c0s37b0n0:58285:62482 [1] NCCL INFO transport/net.cc:698 Cuda Host Alloc Size 9641984 pointer 0x151a15800000
x3004c0s37b0n0:58287:62301 [3] NCCL INFO GPU Direct RDMA Disabled for GPU c7000 / HCA 1 (distance 7 > 4)
x3004c0s37b0n0:58287:62483 [3] NCCL INFO Allocated 4194656 bytes of shared memory in /dev/shm/nccl-PUd2cz

x3004c0s37b0n0:58287:62483 [3] NCCL INFO New proxy send connection 4 from local rank 3, transport 2
x3004c0s37b0n0:58286:62481 [2] NCCL INFO New proxy recv connection 4 from local rank 2, transport 0
x3004c0s37b0n0:58287:62301 [3] NCCL INFO Connection to proxy localRank 3 -> connection 0x149adc000d80
x3004c0s37b0n0:58287:62301 [3] NCCL INFO Channel 00/0 : 11[c7000] -> 13[46000] [send] via NET/IB/1
x3004c0s37b0n0:58287:62301 [3] NCCL INFO GPU Direct RDMA Disabled for GPU c7000 / HCA 0 (distance 6 > 4)
x3004c0s37b0n0:58287:62483 [3] NCCL INFO New proxy send connection 5 from local rank 3, transport 2
x3004c0s37b0n0:58285:62482 [1] NCCL INFO transport/net_ib.cc:683 Ib Alloc Size 21688 pointer 0x15198408b000
x3004c0s37b0n0:58285:62482 [1] NCCL INFO transport/net_ib.cc:696 Ib Alloc Size 552 pointer 0x151984092000
x3004c0s37b0n0:58286:62308 [2] NCCL INFO Connection to proxy localRank 2 -> connection 0x148cbc000d80
x3004c0s37b0n0:58286:62481 [2] NCCL INFO transport/p2p.cc:449 Cuda Alloc Size 6291456 pointer 0x148cb7800000
x3004c0s37b0n0:58285:62482 [1] NCCL INFO transport/net_ib.cc:771 Ib Alloc Size 552 pointer 0x1519840ad000
x3004c0s37b0n0:58285:62482 [1] NCCL INFO transport/net.cc:698 Cuda Host Alloc Size 9641984 pointer 0x151a16200000
x3004c0s37b0n0:58287:62301 [3] NCCL INFO Connection to proxy localRank 3 -> connection 0x149adc000dc0
x3004c0s37b0n0:58287:62301 [3] NCCL INFO Channel 01/0 : 11[c7000] -> 13[46000] [send] via NET/IB/0
x3004c0s37b0n0:58287:62301 [3] NCCL INFO GPU Direct RDMA Disabled for GPU c7000 / HCA 1 (distance 7 > 4)
x3004c0s37b0n0:58287:62483 [3] NCCL INFO New proxy send connection 6 from local rank 3, transport 2
x3004c0s37b0n0:58285:62307 [1] NCCL INFO Channel 00/0 : 9[46000] -> 8[7000] via P2P/IPC/read
x3004c0s37b0n0:58285:62482 [1] NCCL INFO New proxy send connection 4 from local rank 1, transport 0
x3004c0s37b0n0:58286:62481 [2] NCCL INFO New proxy recv connection 5 from local rank 2, transport 0
x3004c0s37b0n0:58287:62301 [3] NCCL INFO Connection to proxy localRank 3 -> connection 0x149adc000e00
x3004c0s37b0n0:58287:62301 [3] NCCL INFO Channel 02/0 : 11[c7000] -> 13[46000] [send] via NET/IB/1
x3004c0s37b0n0:58287:62301 [3] NCCL INFO GPU Direct RDMA Disabled for GPU c7000 / HCA 0 (distance 6 > 4)
x3004c0s37b0n0:58287:62483 [3] NCCL INFO New proxy send connection 7 from local rank 3, transport 2
x3004c0s37b0n0:58286:62308 [2] NCCL INFO Connection to proxy localRank 2 -> connection 0x148cbc000dc0
x3004c0s37b0n0:58285:62307 [1] NCCL INFO Connection to proxy localRank 1 -> connection 0x151984000d80
x3004c0s37b0n0:58285:62482 [1] NCCL INFO transport/p2p.cc:430 Cuda Alloc Size 6291456 pointer 0x1519e9400000
x3004c0s37b0n0:58286:62481 [2] NCCL INFO transport/p2p.cc:449 Cuda Alloc Size 6291456 pointer 0x148cb4000000
x3004c0s37b0n0:58287:62301 [3] NCCL INFO Connection to proxy localRank 3 -> connection 0x149adc000e40
x3004c0s37b0n0:58287:62301 [3] NCCL INFO Channel 03/0 : 11[c7000] -> 13[46000] [send] via NET/IB/0
x3004c0s37b0n0:58287:62483 [3] NCCL INFO transport/net_ib.cc:596 Ib Alloc Size 26560 pointer 0x149adc020000
x3004c0s37b0n0:58287:62483 [3] NCCL INFO NET/IB: Dev 1 Port 1 qpn 5040 mtu 5 GID 0 (80FE/C80100FEFF000000)
x3004c0s37b0n0:58287:62483 [3] NCCL INFO transport/net_ib.cc:653 Ib Alloc Size 552 pointer 0x149adc038000
x3004c0s37b0n0:58287:62483 [3] NCCL INFO transport/net.cc:571 Cuda Host Alloc Size 9641984 pointer 0x149ad6c00000
x3004c0s37b0n0:58287:62483 [3] NCCL INFO transport/net_ib.cc:596 Ib Alloc Size 26560 pointer 0x149adc03a000
x3004c0s37b0n0:58286:62481 [2] NCCL INFO New proxy recv connection 6 from local rank 2, transport 0
x3004c0s37b0n0:58285:62307 [1] NCCL INFO Channel 01/0 : 9[46000] -> 8[7000] via P2P/IPC/read
x3004c0s37b0n0:58285:62482 [1] NCCL INFO New proxy send connection 5 from local rank 1, transport 0
x3004c0s37b0n0:58287:62483 [3] NCCL INFO NET/IB: Dev 0 Port 1 qpn 5261 mtu 5 GID 0 (80FE/F80100FEFF000000)
x3004c0s37b0n0:58287:62483 [3] NCCL INFO transport/net_ib.cc:653 Ib Alloc Size 552 pointer 0x149adc051000
x3004c0s37b0n0:58287:62483 [3] NCCL INFO transport/net.cc:571 Cuda Host Alloc Size 9641984 pointer 0x149ad7600000
x3004c0s37b0n0:58285:62307 [1] NCCL INFO Connection to proxy localRank 1 -> connection 0x151984000dc0
x3004c0s37b0n0:58285:62482 [1] NCCL INFO transport/p2p.cc:430 Cuda Alloc Size 6291456 pointer 0x151a16c00000
x3004c0s37b0n0:58286:62308 [2] NCCL INFO Connection to proxy localRank 2 -> connection 0x148cbc000e00
x3004c0s37b0n0:58286:62481 [2] NCCL INFO transport/p2p.cc:449 Cuda Alloc Size 6291456 pointer 0x148cb4600000
x3004c0s37b0n0:58287:62483 [3] NCCL INFO transport/net_ib.cc:596 Ib Alloc Size 26560 pointer 0x149adc053000
x3004c0s37b0n0:58287:62483 [3] NCCL INFO NET/IB: Dev 1 Port 1 qpn 5041 mtu 5 GID 0 (80FE/C80100FEFF000000)
x3004c0s37b0n0:58287:62483 [3] NCCL INFO transport/net_ib.cc:653 Ib Alloc Size 552 pointer 0x149adc06a000
x3004c0s37b0n0:58287:62483 [3] NCCL INFO transport/net.cc:571 Cuda Host Alloc Size 9641984 pointer 0x149ace000000
x3004c0s37b0n0:58285:62307 [1] NCCL INFO Channel 02/0 : 9[46000] -> 8[7000] via P2P/IPC/read
x3004c0s37b0n0:58285:62482 [1] NCCL INFO New proxy send connection 6 from local rank 1, transport 0
x3004c0s37b0n0:58285:62307 [1] NCCL INFO Connection to proxy localRank 1 -> connection 0x151984000e00
x3004c0s37b0n0:58287:62483 [3] NCCL INFO transport/net_ib.cc:596 Ib Alloc Size 26560 pointer 0x149adc06c000
x3004c0s37b0n0:58287:62483 [3] NCCL INFO NET/IB: Dev 0 Port 1 qpn 5262 mtu 5 GID 0 (80FE/F80100FEFF000000)
x3004c0s37b0n0:58287:62483 [3] NCCL INFO transport/net_ib.cc:653 Ib Alloc Size 552 pointer 0x149adc083000
x3004c0s37b0n0:58287:62483 [3] NCCL INFO transport/net.cc:571 Cuda Host Alloc Size 9641984 pointer 0x149acea00000
x3004c0s37b0n0:58286:62481 [2] NCCL INFO New proxy recv connection 7 from local rank 2, transport 0
x3004c0s37b0n0:58285:62482 [1] NCCL INFO transport/p2p.cc:430 Cuda Alloc Size 6291456 pointer 0x151a1b400000
x3004c0s37b0n0:58287:62301 [3] NCCL INFO Connected all rings
x3004c0s37b0n0:58287:62301 [3] NCCL INFO Channel 00/0 : 11[c7000] -> 10[85000] via P2P/IPC/read
x3004c0s37b0n0:58287:62483 [3] NCCL INFO New proxy send connection 8 from local rank 3, transport 0
x3004c0s37b0n0:58286:62308 [2] NCCL INFO Connection to proxy localRank 2 -> connection 0x148cbc000e40
x3004c0s37b0n0:58286:62481 [2] NCCL INFO transport/p2p.cc:449 Cuda Alloc Size 6291456 pointer 0x148cb4c00000
x3004c0s37b0n0:58286:62308 [2] NCCL INFO Connected all rings
x3004c0s37b0n0:58284:62479 [0] NCCL INFO New proxy recv connection 4 from local rank 0, transport 0
x3004c0s37b0n0:58287:62301 [3] NCCL INFO Connection to proxy localRank 3 -> connection 0x149adc000e80
x3004c0s37b0n0:58287:62483 [3] NCCL INFO transport/p2p.cc:430 Cuda Alloc Size 6291456 pointer 0x149acf400000
x3004c0s37b0n0:58286:62481 [2] NCCL INFO New proxy recv connection 8 from local rank 2, transport 0
x3004c0s37b0n0:58285:62307 [1] NCCL INFO Channel 03/0 : 9[46000] -> 8[7000] via P2P/IPC/read
x3004c0s37b0n0:58285:62482 [1] NCCL INFO New proxy send connection 7 from local rank 1, transport 0
x3004c0s37b0n0:58286:62308 [2] NCCL INFO Connection to proxy localRank 2 -> connection 0x148cbc000e80
x3004c0s37b0n0:58286:62481 [2] NCCL INFO transport/p2p.cc:449 Cuda Alloc Size 6291456 pointer 0x148cb2c00000
x3004c0s37b0n0:58287:62301 [3] NCCL INFO Channel 01/0 : 11[c7000] -> 10[85000] via P2P/IPC/read
x3004c0s37b0n0:58287:62483 [3] NCCL INFO New proxy send connection 9 from local rank 3, transport 0
x3004c0s37b0n0:58284:62306 [0] NCCL INFO Connection to proxy localRank 0 -> connection 0x14b268000d80
x3004c0s37b0n0:58284:62479 [0] NCCL INFO transport/p2p.cc:449 Cuda Alloc Size 6291456 pointer 0x14b263800000
x3004c0s37b0n0:58286:62481 [2] NCCL INFO New proxy recv connection 9 from local rank 2, transport 0
x3004c0s37b0n0:58285:62307 [1] NCCL INFO Connection to proxy localRank 1 -> connection 0x151984000e40
x3004c0s37b0n0:58285:62482 [1] NCCL INFO transport/p2p.cc:430 Cuda Alloc Size 6291456 pointer 0x151a1ba00000
x3004c0s37b0n0:58284:62479 [0] NCCL INFO New proxy recv connection 5 from local rank 0, transport 0
x3004c0s37b0n0:58287:62301 [3] NCCL INFO Connection to proxy localRank 3 -> connection 0x149adc000ec0
x3004c0s37b0n0:58287:62483 [3] NCCL INFO transport/p2p.cc:430 Cuda Alloc Size 6291456 pointer 0x149acfa00000
x3004c0s37b0n0:58284:62306 [0] NCCL INFO Connection to proxy localRank 0 -> connection 0x14b268000dc0
x3004c0s37b0n0:58284:62479 [0] NCCL INFO transport/p2p.cc:449 Cuda Alloc Size 6291456 pointer 0x14b260000000
x3004c0s37b0n0:58286:62308 [2] NCCL INFO Connection to proxy localRank 2 -> connection 0x148cbc000ec0
x3004c0s37b0n0:58286:62481 [2] NCCL INFO transport/p2p.cc:449 Cuda Alloc Size 6291456 pointer 0x148cb3200000
x3004c0s37b0n0:58284:62479 [0] NCCL INFO New proxy recv connection 6 from local rank 0, transport 0
x3004c0s37b0n0:58287:62301 [3] NCCL INFO Channel 02/0 : 11[c7000] -> 10[85000] via P2P/IPC/read
x3004c0s37b0n0:58287:62483 [3] NCCL INFO New proxy send connection 10 from local rank 3, transport 0
x3004c0s37b0n0:58287:62301 [3] NCCL INFO Connection to proxy localRank 3 -> connection 0x149adc000f00
x3004c0s37b0n0:58286:62481 [2] NCCL INFO New proxy recv connection 10 from local rank 2, transport 0
x3004c0s37b0n0:58287:62483 [3] NCCL INFO transport/p2p.cc:430 Cuda Alloc Size 6291456 pointer 0x149acc000000
x3004c0s37b0n0:58284:62306 [0] NCCL INFO Connection to proxy localRank 0 -> connection 0x14b268000e00
x3004c0s37b0n0:58284:62479 [0] NCCL INFO transport/p2p.cc:449 Cuda Alloc Size 6291456 pointer 0x14b260600000
x3004c0s37b0n0:58287:62301 [3] NCCL INFO Channel 03/0 : 11[c7000] -> 10[85000] via P2P/IPC/read
x3004c0s37b0n0:58286:62308 [2] NCCL INFO Connection to proxy localRank 2 -> connection 0x148cbc000f00
x3004c0s37b0n0:58286:62481 [2] NCCL INFO transport/p2p.cc:449 Cuda Alloc Size 6291456 pointer 0x148cb3800000
x3004c0s37b0n0:58287:62483 [3] NCCL INFO New proxy send connection 11 from local rank 3, transport 0
x3004c0s37b0n0:58284:62479 [0] NCCL INFO New proxy recv connection 7 from local rank 0, transport 0
x3004c0s37b0n0:58287:62301 [3] NCCL INFO Connection to proxy localRank 3 -> connection 0x149adc000f40
x3004c0s37b0n0:58287:62483 [3] NCCL INFO transport/p2p.cc:430 Cuda Alloc Size 6291456 pointer 0x149acc600000
x3004c0s37b0n0:58286:62481 [2] NCCL INFO New proxy recv connection 11 from local rank 2, transport 0
x3004c0s37b0n0:58284:62306 [0] NCCL INFO Connection to proxy localRank 0 -> connection 0x14b268000e40
x3004c0s37b0n0:58284:62479 [0] NCCL INFO transport/p2p.cc:449 Cuda Alloc Size 6291456 pointer 0x14b260c00000
x3004c0s37b0n0:58286:62308 [2] NCCL INFO Connection to proxy localRank 2 -> connection 0x148cbc000f40
x3004c0s37b0n0:58286:62481 [2] NCCL INFO transport/p2p.cc:449 Cuda Alloc Size 6291456 pointer 0x148cb0000000
x3004c0s37b0n0:58284:62306 [0] NCCL INFO Connected all rings
x3004c0s37b0n0:58284:62306 [0] NCCL INFO Channel 00/0 : 8[7000] -> 9[46000] via P2P/IPC/read
x3004c0s37b0n0:58284:62479 [0] NCCL INFO New proxy send connection 8 from local rank 0, transport 0
x3004c0s37b0n0:58285:62307 [1] NCCL INFO Connected all rings
x3004c0s37b0n0:58285:62482 [1] NCCL INFO New proxy recv connection 8 from local rank 1, transport 0
x3004c0s37b0n0:58285:62307 [1] NCCL INFO Connection to proxy localRank 1 -> connection 0x151984000e80
x3004c0s37b0n0:58285:62482 [1] NCCL INFO transport/p2p.cc:449 Cuda Alloc Size 6291456 pointer 0x15197f200000
x3004c0s37b0n0:58284:62306 [0] NCCL INFO Connection to proxy localRank 0 -> connection 0x14b268000e80
x3004c0s37b0n0:58284:62479 [0] NCCL INFO transport/p2p.cc:430 Cuda Alloc Size 6291456 pointer 0x14b25ec00000
x3004c0s37b0n0:58285:62482 [1] NCCL INFO New proxy recv connection 9 from local rank 1, transport 0
x3004c0s37b0n0:58284:62306 [0] NCCL INFO Channel 01/0 : 8[7000] -> 9[46000] via P2P/IPC/read
x3004c0s37b0n0:58284:62479 [0] NCCL INFO New proxy send connection 9 from local rank 0, transport 0
x3004c0s37b0n0:58284:62306 [0] NCCL INFO Connection to proxy localRank 0 -> connection 0x14b268000ec0
x3004c0s37b0n0:58284:62479 [0] NCCL INFO transport/p2p.cc:430 Cuda Alloc Size 6291456 pointer 0x14b25f200000
x3004c0s37b0n0:58284:62306 [0] NCCL INFO Channel 02/0 : 8[7000] -> 9[46000] via P2P/IPC/read
x3004c0s37b0n0:58284:62479 [0] NCCL INFO New proxy send connection 10 from local rank 0, transport 0
x3004c0s37b0n0:58284:62306 [0] NCCL INFO Connection to proxy localRank 0 -> connection 0x14b268000f00
x3004c0s37b0n0:58285:62307 [1] NCCL INFO Connection to proxy localRank 1 -> connection 0x151984000ec0
x3004c0s37b0n0:58285:62482 [1] NCCL INFO transport/p2p.cc:449 Cuda Alloc Size 6291456 pointer 0x15197f800000
x3004c0s37b0n0:58284:62479 [0] NCCL INFO transport/p2p.cc:430 Cuda Alloc Size 6291456 pointer 0x14b25f800000
x3004c0s37b0n0:58285:62482 [1] NCCL INFO New proxy recv connection 10 from local rank 1, transport 0
x3004c0s37b0n0:58284:62306 [0] NCCL INFO Channel 03/0 : 8[7000] -> 9[46000] via P2P/IPC/read
x3004c0s37b0n0:58284:62479 [0] NCCL INFO New proxy send connection 11 from local rank 0, transport 0
x3004c0s37b0n0:58285:62307 [1] NCCL INFO Connection to proxy localRank 1 -> connection 0x151984000f00
x3004c0s37b0n0:58285:62482 [1] NCCL INFO transport/p2p.cc:449 Cuda Alloc Size 6291456 pointer 0x151976000000
x3004c0s37b0n0:58285:62482 [1] NCCL INFO New proxy recv connection 11 from local rank 1, transport 0
x3004c0s37b0n0:58284:62306 [0] NCCL INFO Connection to proxy localRank 0 -> connection 0x14b268000f40
x3004c0s37b0n0:58284:62479 [0] NCCL INFO transport/p2p.cc:430 Cuda Alloc Size 6291456 pointer 0x14b25c000000
x3004c0s37b0n0:58285:62307 [1] NCCL INFO Connection to proxy localRank 1 -> connection 0x151984000f40
x3004c0s37b0n0:58285:62482 [1] NCCL INFO transport/p2p.cc:449 Cuda Alloc Size 6291456 pointer 0x151976600000
x3004c0s37b0n0:58285:62307 [1] NCCL INFO Channel 00/0 : 9[46000] -> 10[85000] via P2P/IPC/read
x3004c0s37b0n0:58285:62482 [1] NCCL INFO New proxy send connection 12 from local rank 1, transport 0
x3004c0s37b0n0:58285:62307 [1] NCCL INFO Connection to proxy localRank 1 -> connection 0x151984000f80
x3004c0s37b0n0:58285:62482 [1] NCCL INFO transport/p2p.cc:430 Cuda Alloc Size 6291456 pointer 0x151976c00000
x3004c0s37b0n0:58285:62307 [1] NCCL INFO Channel 01/0 : 9[46000] -> 10[85000] via P2P/IPC/read
x3004c0s37b0n0:58285:62482 [1] NCCL INFO New proxy send connection 13 from local rank 1, transport 0
x3004c0s37b0n0:58285:62307 [1] NCCL INFO Connection to proxy localRank 1 -> connection 0x151984000fc0
x3004c0s37b0n0:58285:62482 [1] NCCL INFO transport/p2p.cc:430 Cuda Alloc Size 6291456 pointer 0x151977200000
x3004c0s37b0n0:58285:62307 [1] NCCL INFO Channel 02/0 : 9[46000] -> 10[85000] via P2P/IPC/read
x3004c0s37b0n0:58285:62482 [1] NCCL INFO New proxy send connection 14 from local rank 1, transport 0
x3004c0s37b0n0:58285:62307 [1] NCCL INFO Connection to proxy localRank 1 -> connection 0x151984001000
x3004c0s37b0n0:58285:62482 [1] NCCL INFO transport/p2p.cc:430 Cuda Alloc Size 6291456 pointer 0x151977800000
x3004c0s37b0n0:58285:62307 [1] NCCL INFO Channel 03/0 : 9[46000] -> 10[85000] via P2P/IPC/read
x3004c0s37b0n0:58285:62482 [1] NCCL INFO New proxy send connection 15 from local rank 1, transport 0
x3004c0s37b0n0:58285:62307 [1] NCCL INFO Connection to proxy localRank 1 -> connection 0x151984001040
x3004c0s37b0n0:58285:62482 [1] NCCL INFO transport/p2p.cc:430 Cuda Alloc Size 6291456 pointer 0x151974000000
x3004c0s37b0n0:58284:62306 [0] NCCL INFO GPU Direct RDMA Disabled for GPU 7000 / HCA 1 (distance 7 > 4)
x3004c0s37b0n0:58284:62479 [0] NCCL INFO Allocated 4194656 bytes of shared memory in /dev/shm/nccl-yUWWLk

x3004c0s37b0n0:58284:62479 [0] NCCL INFO New proxy send connection 12 from local rank 0, transport 2
x3004c0s37b0n0:58286:62481 [2] NCCL INFO New proxy recv connection 12 from local rank 2, transport 0
x3004c0s37b0n0:58285:62307 [1] NCCL INFO GPU Direct RDMA Disabled for GPU 46000 / HCA 1 (distance 6 > 4)
x3004c0s37b0n0:58285:62482 [1] NCCL INFO New proxy recv connection 16 from local rank 1, transport 2
x3004c0s37b0n0:58284:62306 [0] NCCL INFO Connection to proxy localRank 0 -> connection 0x14b268000f80
x3004c0s37b0n0:58284:62306 [0] NCCL INFO Channel 00/0 : 8[7000] -> 12[7000] [send] via NET/IB/1
x3004c0s37b0n0:58284:62306 [0] NCCL INFO GPU Direct RDMA Disabled for GPU 7000 / HCA 0 (distance 7 > 4)
x3004c0s37b0n0:58284:62479 [0] NCCL INFO New proxy send connection 13 from local rank 0, transport 2
x3004c0s37b0n0:58286:62308 [2] NCCL INFO Connection to proxy localRank 2 -> connection 0x148cbc000f80
x3004c0s37b0n0:58286:62481 [2] NCCL INFO transport/p2p.cc:449 Cuda Alloc Size 6291456 pointer 0x148cae000000
x3004c0s37b0n0:58285:62307 [1] NCCL INFO Connection to proxy localRank 1 -> connection 0x151984001080
x3004c0s37b0n0:58284:62306 [0] NCCL INFO Connection to proxy localRank 0 -> connection 0x14b268000fc0
x3004c0s37b0n0:58284:62306 [0] NCCL INFO Channel 01/0 : 8[7000] -> 12[7000] [send] via NET/IB/0
x3004c0s37b0n0:58285:62307 [1] NCCL INFO Channel 00/0 : 4[7000] -> 9[46000] [receive] via NET/IB/1
x3004c0s37b0n0:58285:62307 [1] NCCL INFO GPU Direct RDMA Disabled for GPU 46000 / HCA 0 (distance 7 > 4)
x3004c0s37b0n0:58285:62482 [1] NCCL INFO New proxy recv connection 17 from local rank 1, transport 2
x3004c0s37b0n0:58286:62481 [2] NCCL INFO New proxy recv connection 13 from local rank 2, transport 0
x3004c0s37b0n0:58286:62308 [2] NCCL INFO Connection to proxy localRank 2 -> connection 0x148cbc000fc0
x3004c0s37b0n0:58286:62481 [2] NCCL INFO transport/p2p.cc:449 Cuda Alloc Size 6291456 pointer 0x148cae600000
x3004c0s37b0n0:58285:62307 [1] NCCL INFO Connection to proxy localRank 1 -> connection 0x1519840010c0
x3004c0s37b0n0:58285:62307 [1] NCCL INFO Channel 01/0 : 4[7000] -> 9[46000] [receive] via NET/IB/0
x3004c0s37b0n0:58286:62481 [2] NCCL INFO New proxy recv connection 14 from local rank 2, transport 0
x3004c0s37b0n0:58286:62308 [2] NCCL INFO Connection to proxy localRank 2 -> connection 0x148cbc001000
x3004c0s37b0n0:58286:62481 [2] NCCL INFO transport/p2p.cc:449 Cuda Alloc Size 6291456 pointer 0x148caec00000
x3004c0s37b0n0:58286:62481 [2] NCCL INFO New proxy recv connection 15 from local rank 2, transport 0
x3004c0s37b0n0:58286:62308 [2] NCCL INFO Connection to proxy localRank 2 -> connection 0x148cbc001040
x3004c0s37b0n0:58286:62481 [2] NCCL INFO transport/p2p.cc:449 Cuda Alloc Size 6291456 pointer 0x148caf200000
x3004c0s37b0n0:58286:62308 [2] NCCL INFO Channel 00/0 : 10[85000] -> 9[46000] via P2P/IPC/read
x3004c0s37b0n0:58286:62481 [2] NCCL INFO New proxy send connection 16 from local rank 2, transport 0
x3004c0s37b0n0:58284:62479 [0] NCCL INFO transport/net_ib.cc:596 Ib Alloc Size 26560 pointer 0x14b26801b000
x3004c0s37b0n0:58284:62479 [0] NCCL INFO NET/IB: Dev 1 Port 1 qpn 5042 mtu 5 GID 0 (80FE/C80100FEFF000000)
x3004c0s37b0n0:58284:62479 [0] NCCL INFO transport/net_ib.cc:653 Ib Alloc Size 552 pointer 0x14b268033000
x3004c0s37b0n0:58284:62479 [0] NCCL INFO transport/net.cc:571 Cuda Host Alloc Size 9641984 pointer 0x14b25a000000
x3004c0s37b0n0:58284:62479 [0] NCCL INFO transport/net_ib.cc:596 Ib Alloc Size 26560 pointer 0x14b268035000
x3004c0s37b0n0:58284:62479 [0] NCCL INFO NET/IB: Dev 0 Port 1 qpn 5263 mtu 5 GID 0 (80FE/F80100FEFF000000)
x3004c0s37b0n0:58284:62479 [0] NCCL INFO transport/net_ib.cc:653 Ib Alloc Size 552 pointer 0x14b26804d000
x3004c0s37b0n0:58284:62479 [0] NCCL INFO transport/net.cc:571 Cuda Host Alloc Size 9641984 pointer 0x14b25aa00000
x3004c0s37b0n0:58286:62308 [2] NCCL INFO Connection to proxy localRank 2 -> connection 0x148cbc001080
x3004c0s37b0n0:58286:62481 [2] NCCL INFO transport/p2p.cc:430 Cuda Alloc Size 6291456 pointer 0x148caf800000
x3004c0s37b0n0:58286:62308 [2] NCCL INFO Channel 01/0 : 10[85000] -> 9[46000] via P2P/IPC/read
x3004c0s37b0n0:58286:62481 [2] NCCL INFO New proxy send connection 17 from local rank 2, transport 0
x3004c0s37b0n0:58286:62308 [2] NCCL INFO Connection to proxy localRank 2 -> connection 0x148cbc0010c0
x3004c0s37b0n0:58286:62481 [2] NCCL INFO transport/p2p.cc:430 Cuda Alloc Size 6291456 pointer 0x148cac000000
x3004c0s37b0n0:58286:62308 [2] NCCL INFO Channel 02/0 : 10[85000] -> 9[46000] via P2P/IPC/read
x3004c0s37b0n0:58286:62481 [2] NCCL INFO New proxy send connection 18 from local rank 2, transport 0
x3004c0s37b0n0:58284:62306 [0] NCCL INFO GPU Direct RDMA Disabled for GPU 7000 / HCA 1 (distance 7 > 4)
x3004c0s37b0n0:58284:62479 [0] NCCL INFO New proxy send connection 14 from local rank 0, transport 2
x3004c0s37b0n0:58286:62308 [2] NCCL INFO Connection to proxy localRank 2 -> connection 0x148cbc001100
x3004c0s37b0n0:58286:62481 [2] NCCL INFO transport/p2p.cc:430 Cuda Alloc Size 6291456 pointer 0x148cac600000
x3004c0s37b0n0:58284:62306 [0] NCCL INFO Connection to proxy localRank 0 -> connection 0x14b268001000
x3004c0s37b0n0:58284:62306 [0] NCCL INFO Channel 02/0 : 8[7000] -> 13[46000] [send] via NET/IB/1
x3004c0s37b0n0:58284:62306 [0] NCCL INFO GPU Direct RDMA Disabled for GPU 7000 / HCA 0 (distance 7 > 4)
x3004c0s37b0n0:58284:62479 [0] NCCL INFO New proxy send connection 15 from local rank 0, transport 2
x3004c0s37b0n0:58286:62308 [2] NCCL INFO Channel 03/0 : 10[85000] -> 9[46000] via P2P/IPC/read
x3004c0s37b0n0:58286:62481 [2] NCCL INFO New proxy send connection 19 from local rank 2, transport 0
x3004c0s37b0n0:58286:62308 [2] NCCL INFO Connection to proxy localRank 2 -> connection 0x148cbc001140
x3004c0s37b0n0:58284:62306 [0] NCCL INFO Connection to proxy localRank 0 -> connection 0x14b268001040
x3004c0s37b0n0:58284:62306 [0] NCCL INFO Channel 03/0 : 8[7000] -> 13[46000] [send] via NET/IB/0
x3004c0s37b0n0:58284:62479 [0] NCCL INFO transport/net_ib.cc:596 Ib Alloc Size 26560 pointer 0x14b268059000
x3004c0s37b0n0:58284:62479 [0] NCCL INFO NET/IB: Dev 1 Port 1 qpn 5043 mtu 5 GID 0 (80FE/C80100FEFF000000)
x3004c0s37b0n0:58284:62479 [0] NCCL INFO transport/net_ib.cc:653 Ib Alloc Size 552 pointer 0x14b268070000
x3004c0s37b0n0:58284:62479 [0] NCCL INFO transport/net.cc:571 Cuda Host Alloc Size 9641984 pointer 0x14b25b400000
x3004c0s37b0n0:58284:62479 [0] NCCL INFO transport/net_ib.cc:596 Ib Alloc Size 26560 pointer 0x14b268072000
x3004c0s37b0n0:58284:62479 [0] NCCL INFO NET/IB: Dev 0 Port 1 qpn 5264 mtu 5 GID 0 (80FE/F80100FEFF000000)
x3004c0s37b0n0:58284:62479 [0] NCCL INFO transport/net_ib.cc:653 Ib Alloc Size 552 pointer 0x14b268089000
x3004c0s37b0n0:58284:62479 [0] NCCL INFO transport/net.cc:571 Cuda Host Alloc Size 9641984 pointer 0x14b252000000
x3004c0s37b0n0:58284:62306 [0] NCCL INFO GPU Direct RDMA Disabled for GPU 7000 / HCA 1 (distance 7 > 4)
x3004c0s37b0n0:58284:62479 [0] NCCL INFO New proxy send connection 16 from local rank 0, transport 2
x3004c0s37b0n0:58286:62481 [2] NCCL INFO transport/p2p.cc:430 Cuda Alloc Size 6291456 pointer 0x148cacc00000
x3004c0s37b0n0:58287:62301 [3] NCCL INFO Connected all trees by HAO
x3004c0s37b0n0:58287:62301 [3] NCCL INFO threadThresholds 8/8/64 | 160/8/64 | 512 | 512
x3004c0s37b0n0:58287:62301 [3] NCCL INFO 4 coll channels, 4 p2p channels, 2 p2p channels per peer
x3004c0s37b0n0:58285:62482 [1] NCCL INFO transport/net_ib.cc:683 Ib Alloc Size 21688 pointer 0x1519840be000
x3004c0s37b0n0:58285:62482 [1] NCCL INFO transport/net_ib.cc:696 Ib Alloc Size 552 pointer 0x15198401a000
x3004c0s37b0n0:58287:62483 [3] NCCL INFO New proxy send connection 12 from local rank 3, transport 2
x3004c0s37b0n0:58285:62482 [1] NCCL INFO transport/net_ib.cc:771 Ib Alloc Size 552 pointer 0x1519840df000
x3004c0s37b0n0:58285:62482 [1] NCCL INFO transport/net.cc:698 Cuda Host Alloc Size 9641984 pointer 0x151970000000
x3004c0s37b0n0:58287:62301 [3] NCCL INFO Connection to proxy localRank 3 -> connection 0x149adc000f80
x3004c0s37b0n0:58287:62483 [3] NCCL INFO transport/net.cc:376 Cuda Alloc Size 8388608 pointer 0x149aca600000
x3004c0s37b0n0:58285:62482 [1] NCCL INFO transport/net_ib.cc:683 Ib Alloc Size 21688 pointer 0x1519840e1000
x3004c0s37b0n0:58285:62482 [1] NCCL INFO transport/net_ib.cc:696 Ib Alloc Size 552 pointer 0x1519840e8000
x3004c0s37b0n0:58284:62306 [0] NCCL INFO Connection to proxy localRank 0 -> connection 0x14b268001080
x3004c0s37b0n0:58284:62306 [0] NCCL INFO Channel 00/0 : 8[7000] -> 17[46000] [send] via NET/IB/1
x3004c0s37b0n0:58284:62306 [0] NCCL INFO GPU Direct RDMA Disabled for GPU 7000 / HCA 0 (distance 7 > 4)
x3004c0s37b0n0:58285:62482 [1] NCCL INFO transport/net_ib.cc:771 Ib Alloc Size 552 pointer 0x151984103000
x3004c0s37b0n0:58284:62479 [0] NCCL INFO New proxy send connection 17 from local rank 0, transport 2
x3004c0s37b0n0:58285:62482 [1] NCCL INFO transport/net.cc:698 Cuda Host Alloc Size 9641984 pointer 0x151970a00000
x3004c0s37b0n0:58285:62307 [1] NCCL INFO GPU Direct RDMA Disabled for GPU 46000 / HCA 1 (distance 6 > 4)
x3004c0s37b0n0:58285:62482 [1] NCCL INFO New proxy send connection 18 from local rank 1, transport 2
x3004c0s37b0n0:58284:62306 [0] NCCL INFO Connection to proxy localRank 0 -> connection 0x14b2680010c0
x3004c0s37b0n0:58284:62306 [0] NCCL INFO Channel 01/0 : 8[7000] -> 17[46000] [send] via NET/IB/0
x3004c0s37b0n0:58284:62479 [0] NCCL INFO transport/net_ib.cc:596 Ib Alloc Size 26560 pointer 0x14b268095000
x3004c0s37b0n0:58284:62479 [0] NCCL INFO NET/IB: Dev 1 Port 1 qpn 5046 mtu 5 GID 0 (80FE/C80100FEFF000000)
x3004c0s37b0n0:58284:62479 [0] NCCL INFO transport/net_ib.cc:653 Ib Alloc Size 552 pointer 0x14b2680ac000
x3004c0s37b0n0:58284:62479 [0] NCCL INFO transport/net.cc:571 Cuda Host Alloc Size 9641984 pointer 0x14b252a00000
x3004c0s37b0n0:58285:62307 [1] NCCL INFO Connection to proxy localRank 1 -> connection 0x151984001100
x3004c0s37b0n0:58285:62307 [1] NCCL INFO Channel 00/0 : 9[46000] -> 4[7000] [send] via NET/IB/1
x3004c0s37b0n0:58285:62307 [1] NCCL INFO GPU Direct RDMA Disabled for GPU 46000 / HCA 0 (distance 7 > 4)
x3004c0s37b0n0:58285:62482 [1] NCCL INFO New proxy send connection 19 from local rank 1, transport 2
x3004c0s37b0n0:58284:62479 [0] NCCL INFO transport/net_ib.cc:596 Ib Alloc Size 26560 pointer 0x14b2680ae000
x3004c0s37b0n0:58284:62479 [0] NCCL INFO NET/IB: Dev 0 Port 1 qpn 5267 mtu 5 GID 0 (80FE/F80100FEFF000000)
x3004c0s37b0n0:58284:62479 [0] NCCL INFO transport/net_ib.cc:653 Ib Alloc Size 552 pointer 0x14b2680c5000
x3004c0s37b0n0:58284:62479 [0] NCCL INFO transport/net.cc:571 Cuda Host Alloc Size 9641984 pointer 0x14b253400000
x3004c0s37b0n0:58285:62307 [1] NCCL INFO Connection to proxy localRank 1 -> connection 0x151984001140
x3004c0s37b0n0:58285:62307 [1] NCCL INFO Channel 01/0 : 9[46000] -> 4[7000] [send] via NET/IB/0
x3004c0s37b0n0:58284:62306 [0] NCCL INFO GPU Direct RDMA Disabled for GPU 7000 / HCA 1 (distance 7 > 4)
x3004c0s37b0n0:58285:62482 [1] NCCL INFO transport/net_ib.cc:596 Ib Alloc Size 26560 pointer 0x15198410f000
x3004c0s37b0n0:58285:62482 [1] NCCL INFO NET/IB: Dev 1 Port 1 qpn 5047 mtu 5 GID 0 (80FE/C80100FEFF000000)
x3004c0s37b0n0:58285:62482 [1] NCCL INFO transport/net_ib.cc:653 Ib Alloc Size 552 pointer 0x151984126000
x3004c0s37b0n0:58285:62482 [1] NCCL INFO transport/net.cc:571 Cuda Host Alloc Size 9641984 pointer 0x151971400000
x3004c0s37b0n0:58284:62479 [0] NCCL INFO New proxy recv connection 18 from local rank 0, transport 2
x3004c0s37b0n0:58285:62482 [1] NCCL INFO transport/net_ib.cc:596 Ib Alloc Size 26560 pointer 0x151984128000
x3004c0s37b0n0:58285:62482 [1] NCCL INFO NET/IB: Dev 0 Port 1 qpn 5268 mtu 5 GID 0 (80FE/F80100FEFF000000)
x3004c0s37b0n0:58285:62482 [1] NCCL INFO transport/net_ib.cc:653 Ib Alloc Size 552 pointer 0x15198413f000
x3004c0s37b0n0:58285:62482 [1] NCCL INFO transport/net.cc:571 Cuda Host Alloc Size 9641984 pointer 0x15196e000000
x3004c0s37b0n0:58285:62482 [1] NCCL INFO New proxy recv connection 20 from local rank 1, transport 0
x3004c0s37b0n0:58284:62306 [0] NCCL INFO Connection to proxy localRank 0 -> connection 0x14b268001100
x3004c0s37b0n0:58285:62307 [1] NCCL INFO Connection to proxy localRank 1 -> connection 0x151984001180
x3004c0s37b0n0:58285:62482 [1] NCCL INFO transport/p2p.cc:449 Cuda Alloc Size 6291456 pointer 0x15196ea00000
x3004c0s37b0n0:58284:62306 [0] NCCL INFO Channel 00/0 : 17[46000] -> 8[7000] [receive] via NET/IB/1
x3004c0s37b0n0:58284:62306 [0] NCCL INFO GPU Direct RDMA Disabled for GPU 7000 / HCA 0 (distance 7 > 4)
x3004c0s37b0n0:58284:62479 [0] NCCL INFO New proxy recv connection 19 from local rank 0, transport 2
x3004c0s37b0n0:58284:62306 [0] NCCL INFO Connection to proxy localRank 0 -> connection 0x14b268001140
x3004c0s37b0n0:58285:62482 [1] NCCL INFO New proxy recv connection 21 from local rank 1, transport 0
x3004c0s37b0n0:58285:62307 [1] NCCL INFO Connection to proxy localRank 1 -> connection 0x1519840011c0
x3004c0s37b0n0:58285:62482 [1] NCCL INFO transport/p2p.cc:449 Cuda Alloc Size 6291456 pointer 0x15196f000000
x3004c0s37b0n0:58284:62306 [0] NCCL INFO Channel 01/0 : 17[46000] -> 8[7000] [receive] via NET/IB/0
x3004c0s37b0n0:58284:62479 [0] NCCL INFO transport/net_ib.cc:683 Ib Alloc Size 21688 pointer 0x14b2680d1000
x3004c0s37b0n0:58284:62479 [0] NCCL INFO transport/net_ib.cc:696 Ib Alloc Size 552 pointer 0x14b2680d8000
x3004c0s37b0n0:58284:62479 [0] NCCL INFO transport/net_ib.cc:771 Ib Alloc Size 552 pointer 0x14b2680f4000
x3004c0s37b0n0:58284:62479 [0] NCCL INFO transport/net.cc:698 Cuda Host Alloc Size 9641984 pointer 0x14b250000000
x3004c0s37b0n0:58285:62482 [1] NCCL INFO New proxy recv connection 22 from local rank 1, transport 0
x3004c0s37b0n0:58285:62307 [1] NCCL INFO Connection to proxy localRank 1 -> connection 0x151984001200
x3004c0s37b0n0:58285:62482 [1] NCCL INFO transport/p2p.cc:449 Cuda Alloc Size 6291456 pointer 0x15196f600000
x3004c0s37b0n0:58284:62479 [0] NCCL INFO transport/net_ib.cc:683 Ib Alloc Size 21688 pointer 0x14b2680f6000
x3004c0s37b0n0:58284:62479 [0] NCCL INFO transport/net_ib.cc:696 Ib Alloc Size 552 pointer 0x14b2680fd000
x3004c0s37b0n0:58284:62479 [0] NCCL INFO transport/net_ib.cc:771 Ib Alloc Size 552 pointer 0x14b268118000
x3004c0s37b0n0:58284:62479 [0] NCCL INFO transport/net.cc:698 Cuda Host Alloc Size 9641984 pointer 0x14b250a00000
x3004c0s37b0n0:58284:62306 [0] NCCL INFO GPU Direct RDMA Disabled for GPU 7000 / HCA 1 (distance 7 > 4)
x3004c0s37b0n0:58284:62479 [0] NCCL INFO New proxy recv connection 20 from local rank 0, transport 2
x3004c0s37b0n0:58285:62482 [1] NCCL INFO New proxy recv connection 23 from local rank 1, transport 0
