x3004c0s37b0n0:12018:13285 [3] NCCL INFO transport/net_ib.cc:596 Ib Alloc Size 26560 pointer 0x14cb50020000
x3004c0s37b0n0:12016:13273 [1] NCCL INFO transport/net_ib.cc:771 Ib Alloc Size 552 pointer 0x14ec40079000
x3004c0s37b0n0:12016:13273 [1] NCCL INFO transport/net.cc:698 Cuda Host Alloc Size 9641984 pointer 0x14ec3aa00000
x3004c0s37b0n0:12016:13273 [1] NCCL INFO Mem Realloc old size 0, new size 768 pointer 0x14ec4006e880
x3004c0s37b0n0:12016:13273 [1] NCCL INFO transport/net_ib.cc:683 Ib Alloc Size 21688 pointer 0x14ec4007b000
x3004c0s37b0n0:12016:13273 [1] NCCL INFO transport/net_ib.cc:696 Ib Alloc Size 552 pointer 0x14ec40082000
x3004c0s37b0n0:12018:13285 [3] NCCL INFO NET/IB: Dev 1 Port 1 qpn 4943 mtu 5 GID 0 (80FE/C80100FEFF000000)
x3004c0s37b0n0:12018:13285 [3] NCCL INFO transport/net_ib.cc:653 Ib Alloc Size 552 pointer 0x14cb50042000
x3004c0s37b0n0:12018:13285 [3] NCCL INFO transport/net.cc:571 Cuda Host Alloc Size 9641984 pointer 0x14cb4ec00000
x3004c0s37b0n0:12018:13285 [3] NCCL INFO Mem Realloc old size 0, new size 768 pointer 0x14cb5002f0a0
x3004c0s37b0n0:12016:13273 [1] NCCL INFO transport/net_ib.cc:771 Ib Alloc Size 552 pointer 0x14ec4009d000
x3004c0s37b0n0:12016:13273 [1] NCCL INFO transport/net.cc:698 Cuda Host Alloc Size 9641984 pointer 0x14ec3b400000
x3004c0s37b0n0:12017:13114 [2] NCCL INFO Connection to proxy localRank 2 -> connection 0x1475c0000e00
x3004c0s37b0n0:12017:13281 [2] NCCL INFO transport/p2p.cc:449 Cuda Alloc Size 6291456 pointer 0x1475bf800000
x3004c0s37b0n0:12018:13285 [3] NCCL INFO transport/net_ib.cc:596 Ib Alloc Size 26560 pointer 0x14cb50044000
x3004c0s37b0n0:12018:13285 [3] NCCL INFO NET/IB: Dev 0 Port 1 qpn 5166 mtu 5 GID 0 (80FE/F80100FEFF000000)
x3004c0s37b0n0:12018:13285 [3] NCCL INFO transport/net_ib.cc:653 Ib Alloc Size 552 pointer 0x14cb50065000
x3004c0s37b0n0:12018:13285 [3] NCCL INFO transport/net.cc:571 Cuda Host Alloc Size 9641984 pointer 0x14cb4f600000
x3004c0s37b0n0:12018:13285 [3] NCCL INFO Mem Realloc old size 0, new size 768 pointer 0x14cb500521f0
x3004c0s37b0n0:12017:13281 [2] NCCL INFO New proxy recv connection 7 from local rank 2, transport 0
x3004c0s37b0n0:12016:13273 [1] NCCL INFO transport/net_ib.cc:683 Ib Alloc Size 21688 pointer 0x14ec4009f000
x3004c0s37b0n0:12016:13273 [1] NCCL INFO transport/net_ib.cc:696 Ib Alloc Size 552 pointer 0x14ec400a6000
x3004c0s37b0n0:12018:13285 [3] NCCL INFO transport/net_ib.cc:596 Ib Alloc Size 26560 pointer 0x14cb50067000
x3004c0s37b0n0:12018:13285 [3] NCCL INFO NET/IB: Dev 1 Port 1 qpn 4946 mtu 5 GID 0 (80FE/C80100FEFF000000)
x3004c0s37b0n0:12018:13285 [3] NCCL INFO transport/net_ib.cc:653 Ib Alloc Size 552 pointer 0x14cb5007e000
x3004c0s37b0n0:12018:13285 [3] NCCL INFO transport/net.cc:571 Cuda Host Alloc Size 9641984 pointer 0x14cb46000000
x3004c0s37b0n0:12016:13273 [1] NCCL INFO transport/net_ib.cc:771 Ib Alloc Size 552 pointer 0x14ec400c1000
x3004c0s37b0n0:12016:13273 [1] NCCL INFO transport/net.cc:698 Cuda Host Alloc Size 9641984 pointer 0x14ec32000000
x3004c0s37b0n0:12018:13285 [3] NCCL INFO transport/net_ib.cc:596 Ib Alloc Size 26560 pointer 0x14cb50080000
x3004c0s37b0n0:12017:13114 [2] NCCL INFO Connection to proxy localRank 2 -> connection 0x1475c0000e40
x3004c0s37b0n0:12017:13281 [2] NCCL INFO transport/p2p.cc:449 Cuda Alloc Size 6291456 pointer 0x1475bc000000
x3004c0s37b0n0:12016:13111 [1] NCCL INFO Channel 00/0 : 9[46000] -> 8[7000] via P2P/IPC/read
x3004c0s37b0n0:12016:13273 [1] NCCL INFO New proxy send connection 4 from local rank 1, transport 0
x3004c0s37b0n0:12018:13285 [3] NCCL INFO NET/IB: Dev 0 Port 1 qpn 5169 mtu 5 GID 0 (80FE/F80100FEFF000000)
x3004c0s37b0n0:12018:13285 [3] NCCL INFO transport/net_ib.cc:653 Ib Alloc Size 552 pointer 0x14cb50097000
x3004c0s37b0n0:12018:13285 [3] NCCL INFO transport/net.cc:571 Cuda Host Alloc Size 9641984 pointer 0x14cb46a00000
x3004c0s37b0n0:12018:13112 [3] NCCL INFO Connected all rings
x3004c0s37b0n0:12018:13112 [3] NCCL INFO Channel 00/0 : 11[c7000] -> 10[85000] via P2P/IPC/read
x3004c0s37b0n0:12018:13285 [3] NCCL INFO New proxy send connection 8 from local rank 3, transport 0
x3004c0s37b0n0:12017:13114 [2] NCCL INFO Connected all rings
x3004c0s37b0n0:12017:13281 [2] NCCL INFO New proxy recv connection 8 from local rank 2, transport 0
x3004c0s37b0n0:12015:13269 [0] NCCL INFO New proxy recv connection 4 from local rank 0, transport 0
x3004c0s37b0n0:12015:13113 [0] NCCL INFO Connection to proxy localRank 0 -> connection 0x14ee0c000d80
x3004c0s37b0n0:12016:13111 [1] NCCL INFO Connection to proxy localRank 1 -> connection 0x14ec40000d80
x3004c0s37b0n0:12016:13273 [1] NCCL INFO transport/p2p.cc:430 Cuda Alloc Size 6291456 pointer 0x14ec32a00000
x3004c0s37b0n0:12015:13269 [0] NCCL INFO transport/p2p.cc:449 Cuda Alloc Size 6291456 pointer 0x14ee0ac00000
x3004c0s37b0n0:12017:13114 [2] NCCL INFO Connection to proxy localRank 2 -> connection 0x1475c0000e80
x3004c0s37b0n0:12017:13281 [2] NCCL INFO transport/p2p.cc:449 Cuda Alloc Size 6291456 pointer 0x1475ba000000
x3004c0s37b0n0:12018:13112 [3] NCCL INFO Connection to proxy localRank 3 -> connection 0x14cb50000e80
x3004c0s37b0n0:12018:13285 [3] NCCL INFO transport/p2p.cc:430 Cuda Alloc Size 6291456 pointer 0x14cb47400000
x3004c0s37b0n0:12016:13111 [1] NCCL INFO Channel 01/0 : 9[46000] -> 8[7000] via P2P/IPC/read
x3004c0s37b0n0:12016:13273 [1] NCCL INFO New proxy send connection 5 from local rank 1, transport 0
x3004c0s37b0n0:12017:13281 [2] NCCL INFO New proxy recv connection 9 from local rank 2, transport 0
x3004c0s37b0n0:12015:13269 [0] NCCL INFO New proxy recv connection 5 from local rank 0, transport 0
x3004c0s37b0n0:12018:13112 [3] NCCL INFO Channel 01/0 : 11[c7000] -> 10[85000] via P2P/IPC/read
x3004c0s37b0n0:12018:13285 [3] NCCL INFO New proxy send connection 9 from local rank 3, transport 0
x3004c0s37b0n0:12016:13111 [1] NCCL INFO Connection to proxy localRank 1 -> connection 0x14ec40000dc0
x3004c0s37b0n0:12016:13273 [1] NCCL INFO transport/p2p.cc:430 Cuda Alloc Size 6291456 pointer 0x14ec33000000
x3004c0s37b0n0:12017:13114 [2] NCCL INFO Connection to proxy localRank 2 -> connection 0x1475c0000ec0
x3004c0s37b0n0:12017:13281 [2] NCCL INFO transport/p2p.cc:449 Cuda Alloc Size 6291456 pointer 0x1475ba600000
x3004c0s37b0n0:12015:13113 [0] NCCL INFO Connection to proxy localRank 0 -> connection 0x14ee0c000dc0
x3004c0s37b0n0:12015:13269 [0] NCCL INFO transport/p2p.cc:449 Cuda Alloc Size 6291456 pointer 0x14ee0b200000
x3004c0s37b0n0:12018:13112 [3] NCCL INFO Connection to proxy localRank 3 -> connection 0x14cb50000ec0
x3004c0s37b0n0:12018:13285 [3] NCCL INFO transport/p2p.cc:430 Cuda Alloc Size 6291456 pointer 0x14cb47a00000
x3004c0s37b0n0:12016:13111 [1] NCCL INFO Channel 02/0 : 9[46000] -> 8[7000] via P2P/IPC/read
x3004c0s37b0n0:12016:13273 [1] NCCL INFO New proxy send connection 6 from local rank 1, transport 0
x3004c0s37b0n0:12017:13281 [2] NCCL INFO New proxy recv connection 10 from local rank 2, transport 0
x3004c0s37b0n0:12015:13269 [0] NCCL INFO New proxy recv connection 6 from local rank 0, transport 0
x3004c0s37b0n0:12018:13112 [3] NCCL INFO Channel 02/0 : 11[c7000] -> 10[85000] via P2P/IPC/read
x3004c0s37b0n0:12018:13285 [3] NCCL INFO New proxy send connection 10 from local rank 3, transport 0
x3004c0s37b0n0:12018:13112 [3] NCCL INFO Connection to proxy localRank 3 -> connection 0x14cb50000f00
x3004c0s37b0n0:12018:13285 [3] NCCL INFO transport/p2p.cc:430 Cuda Alloc Size 6291456 pointer 0x14cb44000000
x3004c0s37b0n0:12016:13111 [1] NCCL INFO Connection to proxy localRank 1 -> connection 0x14ec40000e00
x3004c0s37b0n0:12016:13273 [1] NCCL INFO transport/p2p.cc:430 Cuda Alloc Size 6291456 pointer 0x14ec33600000
x3004c0s37b0n0:12015:13113 [0] NCCL INFO Connection to proxy localRank 0 -> connection 0x14ee0c000e00
x3004c0s37b0n0:12015:13269 [0] NCCL INFO transport/p2p.cc:449 Cuda Alloc Size 6291456 pointer 0x14ee0b800000
x3004c0s37b0n0:12017:13114 [2] NCCL INFO Connection to proxy localRank 2 -> connection 0x1475c0000f00
x3004c0s37b0n0:12017:13281 [2] NCCL INFO transport/p2p.cc:449 Cuda Alloc Size 6291456 pointer 0x1475bac00000
x3004c0s37b0n0:12018:13112 [3] NCCL INFO Channel 03/0 : 11[c7000] -> 10[85000] via P2P/IPC/read
x3004c0s37b0n0:12018:13285 [3] NCCL INFO New proxy send connection 11 from local rank 3, transport 0
x3004c0s37b0n0:12016:13111 [1] NCCL INFO Channel 03/0 : 9[46000] -> 8[7000] via P2P/IPC/read
x3004c0s37b0n0:12016:13273 [1] NCCL INFO New proxy send connection 7 from local rank 1, transport 0
x3004c0s37b0n0:12015:13269 [0] NCCL INFO New proxy recv connection 7 from local rank 0, transport 0
x3004c0s37b0n0:12017:13281 [2] NCCL INFO New proxy recv connection 11 from local rank 2, transport 0
x3004c0s37b0n0:12018:13112 [3] NCCL INFO Connection to proxy localRank 3 -> connection 0x14cb50000f40
x3004c0s37b0n0:12018:13285 [3] NCCL INFO transport/p2p.cc:430 Cuda Alloc Size 6291456 pointer 0x14cb44600000
x3004c0s37b0n0:12016:13111 [1] NCCL INFO Connection to proxy localRank 1 -> connection 0x14ec40000e40
x3004c0s37b0n0:12016:13273 [1] NCCL INFO transport/p2p.cc:430 Cuda Alloc Size 6291456 pointer 0x14ec45a00000
x3004c0s37b0n0:12015:13113 [0] NCCL INFO Connection to proxy localRank 0 -> connection 0x14ee0c000e40
x3004c0s37b0n0:12015:13269 [0] NCCL INFO transport/p2p.cc:449 Cuda Alloc Size 6291456 pointer 0x14ee08000000
x3004c0s37b0n0:12017:13114 [2] NCCL INFO Connection to proxy localRank 2 -> connection 0x1475c0000f40
x3004c0s37b0n0:12017:13281 [2] NCCL INFO transport/p2p.cc:449 Cuda Alloc Size 6291456 pointer 0x1475bb200000
x3004c0s37b0n0:12015:13113 [0] NCCL INFO Connected all rings
x3004c0s37b0n0:12015:13113 [0] NCCL INFO Channel 00/0 : 8[7000] -> 9[46000] via P2P/IPC/read
x3004c0s37b0n0:12016:13111 [1] NCCL INFO Connected all rings
x3004c0s37b0n0:12016:13273 [1] NCCL INFO New proxy recv connection 8 from local rank 1, transport 0
x3004c0s37b0n0:12015:13269 [0] NCCL INFO New proxy send connection 8 from local rank 0, transport 0
x3004c0s37b0n0:12016:13111 [1] NCCL INFO Connection to proxy localRank 1 -> connection 0x14ec40000e80
x3004c0s37b0n0:12016:13273 [1] NCCL INFO transport/p2p.cc:449 Cuda Alloc Size 6291456 pointer 0x14ec31800000
x3004c0s37b0n0:12015:13113 [0] NCCL INFO Connection to proxy localRank 0 -> connection 0x14ee0c000e80
x3004c0s37b0n0:12015:13269 [0] NCCL INFO transport/p2p.cc:430 Cuda Alloc Size 6291456 pointer 0x14ee06000000
x3004c0s37b0n0:12016:13273 [1] NCCL INFO New proxy recv connection 9 from local rank 1, transport 0
x3004c0s37b0n0:12015:13113 [0] NCCL INFO Channel 01/0 : 8[7000] -> 9[46000] via P2P/IPC/read
x3004c0s37b0n0:12015:13269 [0] NCCL INFO New proxy send connection 9 from local rank 0, transport 0
x3004c0s37b0n0:12015:13113 [0] NCCL INFO Connection to proxy localRank 0 -> connection 0x14ee0c000ec0
x3004c0s37b0n0:12016:13111 [1] NCCL INFO Connection to proxy localRank 1 -> connection 0x14ec40000ec0
x3004c0s37b0n0:12016:13273 [1] NCCL INFO transport/p2p.cc:449 Cuda Alloc Size 6291456 pointer 0x14ec2e000000
x3004c0s37b0n0:12015:13269 [0] NCCL INFO transport/p2p.cc:430 Cuda Alloc Size 6291456 pointer 0x14ee06600000
x3004c0s37b0n0:12016:13273 [1] NCCL INFO New proxy recv connection 10 from local rank 1, transport 0
x3004c0s37b0n0:12015:13113 [0] NCCL INFO Channel 02/0 : 8[7000] -> 9[46000] via P2P/IPC/read
x3004c0s37b0n0:12015:13269 [0] NCCL INFO New proxy send connection 10 from local rank 0, transport 0
x3004c0s37b0n0:12016:13111 [1] NCCL INFO Connection to proxy localRank 1 -> connection 0x14ec40000f00
x3004c0s37b0n0:12016:13273 [1] NCCL INFO transport/p2p.cc:449 Cuda Alloc Size 6291456 pointer 0x14ec2e600000
x3004c0s37b0n0:12016:13273 [1] NCCL INFO New proxy recv connection 11 from local rank 1, transport 0
x3004c0s37b0n0:12015:13113 [0] NCCL INFO Connection to proxy localRank 0 -> connection 0x14ee0c000f00
x3004c0s37b0n0:12015:13269 [0] NCCL INFO transport/p2p.cc:430 Cuda Alloc Size 6291456 pointer 0x14ee06c00000
x3004c0s37b0n0:12015:13113 [0] NCCL INFO Channel 03/0 : 8[7000] -> 9[46000] via P2P/IPC/read
x3004c0s37b0n0:12015:13269 [0] NCCL INFO New proxy send connection 11 from local rank 0, transport 0
x3004c0s37b0n0:12016:13111 [1] NCCL INFO Connection to proxy localRank 1 -> connection 0x14ec40000f40
x3004c0s37b0n0:12016:13273 [1] NCCL INFO transport/p2p.cc:449 Cuda Alloc Size 6291456 pointer 0x14ec2ec00000
x3004c0s37b0n0:12015:13113 [0] NCCL INFO Connection to proxy localRank 0 -> connection 0x14ee0c000f40
x3004c0s37b0n0:12015:13269 [0] NCCL INFO transport/p2p.cc:430 Cuda Alloc Size 6291456 pointer 0x14ee07200000
x3004c0s37b0n0:12016:13111 [1] NCCL INFO Channel 00/0 : 9[46000] -> 10[85000] via P2P/IPC/read
x3004c0s37b0n0:12016:13273 [1] NCCL INFO New proxy send connection 12 from local rank 1, transport 0
x3004c0s37b0n0:12016:13111 [1] NCCL INFO Connection to proxy localRank 1 -> connection 0x14ec40000f80
x3004c0s37b0n0:12016:13273 [1] NCCL INFO transport/p2p.cc:430 Cuda Alloc Size 6291456 pointer 0x14ec2f200000
x3004c0s37b0n0:12016:13111 [1] NCCL INFO Channel 01/0 : 9[46000] -> 10[85000] via P2P/IPC/read
x3004c0s37b0n0:12016:13273 [1] NCCL INFO New proxy send connection 13 from local rank 1, transport 0
x3004c0s37b0n0:12016:13111 [1] NCCL INFO Connection to proxy localRank 1 -> connection 0x14ec40000fc0
x3004c0s37b0n0:12016:13273 [1] NCCL INFO transport/p2p.cc:430 Cuda Alloc Size 6291456 pointer 0x14ec2f800000
x3004c0s37b0n0:12016:13111 [1] NCCL INFO Channel 02/0 : 9[46000] -> 10[85000] via P2P/IPC/read
x3004c0s37b0n0:12016:13273 [1] NCCL INFO New proxy send connection 14 from local rank 1, transport 0
x3004c0s37b0n0:12016:13111 [1] NCCL INFO Connection to proxy localRank 1 -> connection 0x14ec40001000
x3004c0s37b0n0:12016:13273 [1] NCCL INFO transport/p2p.cc:430 Cuda Alloc Size 6291456 pointer 0x14ec2c000000
x3004c0s37b0n0:12016:13111 [1] NCCL INFO Channel 03/0 : 9[46000] -> 10[85000] via P2P/IPC/read
x3004c0s37b0n0:12016:13273 [1] NCCL INFO New proxy send connection 15 from local rank 1, transport 0
x3004c0s37b0n0:12016:13111 [1] NCCL INFO Connection to proxy localRank 1 -> connection 0x14ec40001040
x3004c0s37b0n0:12016:13273 [1] NCCL INFO transport/p2p.cc:430 Cuda Alloc Size 6291456 pointer 0x14ec2c600000
x3004c0s37b0n0:12016:13111 [1] NCCL INFO GPU Direct RDMA Disabled for GPU 46000 / HCA 1 (distance 6 > 4)
x3004c0s37b0n0:12016:13273 [1] NCCL INFO New proxy recv connection 16 from local rank 1, transport 2
x3004c0s37b0n0:12015:13113 [0] NCCL INFO GPU Direct RDMA Disabled for GPU 7000 / HCA 1 (distance 7 > 4)
x3004c0s37b0n0:12015:13269 [0] NCCL INFO Allocated 4194656 bytes of shared memory in /dev/shm/nccl-c903nH

x3004c0s37b0n0:12015:13269 [0] NCCL INFO New proxy send connection 12 from local rank 0, transport 2
x3004c0s37b0n0:12017:13281 [2] NCCL INFO New proxy recv connection 12 from local rank 2, transport 0
x3004c0s37b0n0:12017:13114 [2] NCCL INFO Connection to proxy localRank 2 -> connection 0x1475c0000f80
x3004c0s37b0n0:12017:13281 [2] NCCL INFO transport/p2p.cc:449 Cuda Alloc Size 6291456 pointer 0x1475b9200000
x3004c0s37b0n0:12015:13113 [0] NCCL INFO Connection to proxy localRank 0 -> connection 0x14ee0c000f80
x3004c0s37b0n0:12015:13113 [0] NCCL INFO Channel 00/0 : 8[7000] -> 12[7000] [send] via NET/IB/1
x3004c0s37b0n0:12015:13113 [0] NCCL INFO GPU Direct RDMA Disabled for GPU 7000 / HCA 0 (distance 7 > 4)
x3004c0s37b0n0:12015:13269 [0] NCCL INFO New proxy send connection 13 from local rank 0, transport 2
x3004c0s37b0n0:12016:13111 [1] NCCL INFO Connection to proxy localRank 1 -> connection 0x14ec40001080
x3004c0s37b0n0:12017:13281 [2] NCCL INFO New proxy recv connection 13 from local rank 2, transport 0
x3004c0s37b0n0:12015:13113 [0] NCCL INFO Connection to proxy localRank 0 -> connection 0x14ee0c000fc0
x3004c0s37b0n0:12015:13113 [0] NCCL INFO Channel 01/0 : 8[7000] -> 12[7000] [send] via NET/IB/0
x3004c0s37b0n0:12016:13111 [1] NCCL INFO Channel 00/0 : 4[7000] -> 9[46000] [receive] via NET/IB/1
x3004c0s37b0n0:12016:13111 [1] NCCL INFO GPU Direct RDMA Disabled for GPU 46000 / HCA 0 (distance 7 > 4)
x3004c0s37b0n0:12016:13273 [1] NCCL INFO New proxy recv connection 17 from local rank 1, transport 2
x3004c0s37b0n0:12017:13114 [2] NCCL INFO Connection to proxy localRank 2 -> connection 0x1475c0000fc0
x3004c0s37b0n0:12017:13281 [2] NCCL INFO transport/p2p.cc:449 Cuda Alloc Size 6291456 pointer 0x1475b9800000
x3004c0s37b0n0:12016:13111 [1] NCCL INFO Connection to proxy localRank 1 -> connection 0x14ec400010c0
x3004c0s37b0n0:12017:13281 [2] NCCL INFO New proxy recv connection 14 from local rank 2, transport 0
x3004c0s37b0n0:12016:13111 [1] NCCL INFO Channel 01/0 : 4[7000] -> 9[46000] [receive] via NET/IB/0
x3004c0s37b0n0:12017:13114 [2] NCCL INFO Connection to proxy localRank 2 -> connection 0x1475c0001000
x3004c0s37b0n0:12017:13281 [2] NCCL INFO transport/p2p.cc:449 Cuda Alloc Size 6291456 pointer 0x1475b6000000
x3004c0s37b0n0:12017:13281 [2] NCCL INFO New proxy recv connection 15 from local rank 2, transport 0
x3004c0s37b0n0:12017:13114 [2] NCCL INFO Connection to proxy localRank 2 -> connection 0x1475c0001040
x3004c0s37b0n0:12017:13281 [2] NCCL INFO transport/p2p.cc:449 Cuda Alloc Size 6291456 pointer 0x1475b6600000
x3004c0s37b0n0:12017:13114 [2] NCCL INFO Channel 00/0 : 10[85000] -> 9[46000] via P2P/IPC/read
x3004c0s37b0n0:12017:13281 [2] NCCL INFO New proxy send connection 16 from local rank 2, transport 0
x3004c0s37b0n0:12017:13114 [2] NCCL INFO Connection to proxy localRank 2 -> connection 0x1475c0001080
x3004c0s37b0n0:12017:13281 [2] NCCL INFO transport/p2p.cc:430 Cuda Alloc Size 6291456 pointer 0x1475b6c00000
x3004c0s37b0n0:12017:13114 [2] NCCL INFO Channel 01/0 : 10[85000] -> 9[46000] via P2P/IPC/read
x3004c0s37b0n0:12017:13281 [2] NCCL INFO New proxy send connection 17 from local rank 2, transport 0
x3004c0s37b0n0:12017:13114 [2] NCCL INFO Connection to proxy localRank 2 -> connection 0x1475c00010c0
x3004c0s37b0n0:12017:13281 [2] NCCL INFO transport/p2p.cc:430 Cuda Alloc Size 6291456 pointer 0x1475b7200000
x3004c0s37b0n0:12017:13114 [2] NCCL INFO Channel 02/0 : 10[85000] -> 9[46000] via P2P/IPC/read
x3004c0s37b0n0:12017:13281 [2] NCCL INFO New proxy send connection 18 from local rank 2, transport 0
x3004c0s37b0n0:12017:13114 [2] NCCL INFO Connection to proxy localRank 2 -> connection 0x1475c0001100
x3004c0s37b0n0:12017:13281 [2] NCCL INFO transport/p2p.cc:430 Cuda Alloc Size 6291456 pointer 0x1475b7800000
x3004c0s37b0n0:12015:13269 [0] NCCL INFO transport/net_ib.cc:596 Ib Alloc Size 26560 pointer 0x14ee0c01b000
x3004c0s37b0n0:12015:13269 [0] NCCL INFO NET/IB: Dev 1 Port 1 qpn 4947 mtu 5 GID 0 (80FE/C80100FEFF000000)
x3004c0s37b0n0:12015:13269 [0] NCCL INFO transport/net_ib.cc:653 Ib Alloc Size 552 pointer 0x14ee0c03d000
x3004c0s37b0n0:12015:13269 [0] NCCL INFO transport/net.cc:571 Cuda Host Alloc Size 9641984 pointer 0x14ee05200000
x3004c0s37b0n0:12015:13269 [0] NCCL INFO Mem Realloc old size 0, new size 768 pointer 0x14ee0c03c3b0
x3004c0s37b0n0:12017:13114 [2] NCCL INFO Channel 03/0 : 10[85000] -> 9[46000] via P2P/IPC/read
x3004c0s37b0n0:12017:13281 [2] NCCL INFO New proxy send connection 19 from local rank 2, transport 0
x3004c0s37b0n0:12015:13269 [0] NCCL INFO transport/net_ib.cc:596 Ib Alloc Size 26560 pointer 0x14ee0c03f000
x3004c0s37b0n0:12015:13269 [0] NCCL INFO NET/IB: Dev 0 Port 1 qpn 5170 mtu 5 GID 0 (80FE/F80100FEFF000000)
x3004c0s37b0n0:12015:13269 [0] NCCL INFO transport/net_ib.cc:653 Ib Alloc Size 552 pointer 0x14ee0c060000
x3004c0s37b0n0:12015:13269 [0] NCCL INFO transport/net.cc:571 Cuda Host Alloc Size 9641984 pointer 0x14edfe000000
x3004c0s37b0n0:12015:13269 [0] NCCL INFO Mem Realloc old size 0, new size 768 pointer 0x14ee0c0468c0
x3004c0s37b0n0:12017:13114 [2] NCCL INFO Connection to proxy localRank 2 -> connection 0x1475c0001140
x3004c0s37b0n0:12017:13281 [2] NCCL INFO transport/p2p.cc:430 Cuda Alloc Size 6291456 pointer 0x1475b4000000
x3004c0s37b0n0:12015:13113 [0] NCCL INFO GPU Direct RDMA Disabled for GPU 7000 / HCA 1 (distance 7 > 4)
x3004c0s37b0n0:12015:13269 [0] NCCL INFO New proxy send connection 14 from local rank 0, transport 2
x3004c0s37b0n0:12015:13113 [0] NCCL INFO Connection to proxy localRank 0 -> connection 0x14ee0c001000
x3004c0s37b0n0:12015:13113 [0] NCCL INFO Channel 02/0 : 8[7000] -> 13[46000] [send] via NET/IB/1
x3004c0s37b0n0:12015:13113 [0] NCCL INFO GPU Direct RDMA Disabled for GPU 7000 / HCA 0 (distance 7 > 4)
x3004c0s37b0n0:12015:13269 [0] NCCL INFO New proxy send connection 15 from local rank 0, transport 2
x3004c0s37b0n0:12018:13112 [3] NCCL INFO Connected all trees by HAO
x3004c0s37b0n0:12018:13112 [3] NCCL INFO threadThresholds 8/8/64 | 160/8/64 | 512 | 512
x3004c0s37b0n0:12018:13112 [3] NCCL INFO 4 coll channels, 4 p2p channels, 2 p2p channels per peer
x3004c0s37b0n0:12018:13285 [3] NCCL INFO New proxy send connection 12 from local rank 3, transport 2
x3004c0s37b0n0:12015:13113 [0] NCCL INFO Connection to proxy localRank 0 -> connection 0x14ee0c001040
x3004c0s37b0n0:12015:13113 [0] NCCL INFO Channel 03/0 : 8[7000] -> 13[46000] [send] via NET/IB/0
x3004c0s37b0n0:12015:13269 [0] NCCL INFO transport/net_ib.cc:596 Ib Alloc Size 26560 pointer 0x14ee0c06c000
x3004c0s37b0n0:12018:13112 [3] NCCL INFO Connection to proxy localRank 3 -> connection 0x14cb50000f80
x3004c0s37b0n0:12018:13285 [3] NCCL INFO transport/net.cc:376 Cuda Alloc Size 8388608 pointer 0x14cb42600000
x3004c0s37b0n0:12015:13269 [0] NCCL INFO NET/IB: Dev 1 Port 1 qpn 4948 mtu 5 GID 0 (80FE/C80100FEFF000000)
x3004c0s37b0n0:12015:13269 [0] NCCL INFO transport/net_ib.cc:653 Ib Alloc Size 552 pointer 0x14ee0c083000
x3004c0s37b0n0:12015:13269 [0] NCCL INFO transport/net.cc:571 Cuda Host Alloc Size 9641984 pointer 0x14edfea00000
x3004c0s37b0n0:12016:13273 [1] NCCL INFO transport/net_ib.cc:683 Ib Alloc Size 21688 pointer 0x14ec400d2000
x3004c0s37b0n0:12016:13273 [1] NCCL INFO transport/net_ib.cc:696 Ib Alloc Size 552 pointer 0x14ec40019000
x3004c0s37b0n0:12015:13269 [0] NCCL INFO transport/net_ib.cc:596 Ib Alloc Size 26560 pointer 0x14ee0c085000
x3004c0s37b0n0:12015:13269 [0] NCCL INFO NET/IB: Dev 0 Port 1 qpn 5171 mtu 5 GID 0 (80FE/F80100FEFF000000)
x3004c0s37b0n0:12015:13269 [0] NCCL INFO transport/net_ib.cc:653 Ib Alloc Size 552 pointer 0x14ee0c09c000
x3004c0s37b0n0:12015:13269 [0] NCCL INFO transport/net.cc:571 Cuda Host Alloc Size 9641984 pointer 0x14edff400000
x3004c0s37b0n0:12015:13113 [0] NCCL INFO GPU Direct RDMA Disabled for GPU 7000 / HCA 1 (distance 7 > 4)
x3004c0s37b0n0:12015:13269 [0] NCCL INFO New proxy send connection 16 from local rank 0, transport 2
x3004c0s37b0n0:12015:13113 [0] NCCL INFO Connection to proxy localRank 0 -> connection 0x14ee0c001080
x3004c0s37b0n0:12015:13113 [0] NCCL INFO Channel 00/0 : 8[7000] -> 17[46000] [send] via NET/IB/1
x3004c0s37b0n0:12015:13113 [0] NCCL INFO GPU Direct RDMA Disabled for GPU 7000 / HCA 0 (distance 7 > 4)
x3004c0s37b0n0:12015:13269 [0] NCCL INFO New proxy send connection 17 from local rank 0, transport 2
x3004c0s37b0n0:12016:13273 [1] NCCL INFO transport/net_ib.cc:771 Ib Alloc Size 552 pointer 0x14ec400f2000
x3004c0s37b0n0:12016:13273 [1] NCCL INFO transport/net.cc:698 Cuda Host Alloc Size 9641984 pointer 0x14ec28000000
x3004c0s37b0n0:12015:13113 [0] NCCL INFO Connection to proxy localRank 0 -> connection 0x14ee0c0010c0
x3004c0s37b0n0:12015:13113 [0] NCCL INFO Channel 01/0 : 8[7000] -> 17[46000] [send] via NET/IB/0
x3004c0s37b0n0:12015:13269 [0] NCCL INFO transport/net_ib.cc:596 Ib Alloc Size 26560 pointer 0x14ee0c0a8000
x3004c0s37b0n0:12015:13269 [0] NCCL INFO NET/IB: Dev 1 Port 1 qpn 4951 mtu 5 GID 0 (80FE/C80100FEFF000000)
x3004c0s37b0n0:12015:13269 [0] NCCL INFO transport/net_ib.cc:653 Ib Alloc Size 552 pointer 0x14ee0c0bf000
x3004c0s37b0n0:12015:13269 [0] NCCL INFO transport/net.cc:571 Cuda Host Alloc Size 9641984 pointer 0x14edfc000000
x3004c0s37b0n0:12016:13273 [1] NCCL INFO transport/net_ib.cc:683 Ib Alloc Size 21688 pointer 0x14ec400f4000
x3004c0s37b0n0:12016:13273 [1] NCCL INFO transport/net_ib.cc:696 Ib Alloc Size 552 pointer 0x14ec400fb000
x3004c0s37b0n0:12015:13269 [0] NCCL INFO transport/net_ib.cc:596 Ib Alloc Size 26560 pointer 0x14ee0c0c1000
x3004c0s37b0n0:12016:13273 [1] NCCL INFO transport/net_ib.cc:771 Ib Alloc Size 552 pointer 0x14ec40116000
x3004c0s37b0n0:12016:13273 [1] NCCL INFO transport/net.cc:698 Cuda Host Alloc Size 9641984 pointer 0x14ec28a00000
x3004c0s37b0n0:12015:13269 [0] NCCL INFO NET/IB: Dev 0 Port 1 qpn 5174 mtu 5 GID 0 (80FE/F80100FEFF000000)
x3004c0s37b0n0:12015:13269 [0] NCCL INFO transport/net_ib.cc:653 Ib Alloc Size 552 pointer 0x14ee0c0d8000
x3004c0s37b0n0:12015:13269 [0] NCCL INFO transport/net.cc:571 Cuda Host Alloc Size 9641984 pointer 0x14edfca00000
x3004c0s37b0n0:12016:13111 [1] NCCL INFO GPU Direct RDMA Disabled for GPU 46000 / HCA 1 (distance 6 > 4)
x3004c0s37b0n0:12016:13273 [1] NCCL INFO New proxy send connection 18 from local rank 1, transport 2
x3004c0s37b0n0:12015:13113 [0] NCCL INFO GPU Direct RDMA Disabled for GPU 7000 / HCA 1 (distance 7 > 4)
x3004c0s37b0n0:12015:13269 [0] NCCL INFO New proxy recv connection 18 from local rank 0, transport 2
x3004c0s37b0n0:12016:13111 [1] NCCL INFO Connection to proxy localRank 1 -> connection 0x14ec40001100
x3004c0s37b0n0:12016:13111 [1] NCCL INFO Channel 00/0 : 9[46000] -> 4[7000] [send] via NET/IB/1
x3004c0s37b0n0:12016:13111 [1] NCCL INFO GPU Direct RDMA Disabled for GPU 46000 / HCA 0 (distance 7 > 4)
x3004c0s37b0n0:12016:13273 [1] NCCL INFO New proxy send connection 19 from local rank 1, transport 2
x3004c0s37b0n0:12015:13113 [0] NCCL INFO Connection to proxy localRank 0 -> connection 0x14ee0c001100
x3004c0s37b0n0:12016:13111 [1] NCCL INFO Connection to proxy localRank 1 -> connection 0x14ec40001140
x3004c0s37b0n0:12016:13111 [1] NCCL INFO Channel 01/0 : 9[46000] -> 4[7000] [send] via NET/IB/0
x3004c0s37b0n0:12016:13273 [1] NCCL INFO transport/net_ib.cc:596 Ib Alloc Size 26560 pointer 0x14ec40122000
x3004c0s37b0n0:12015:13113 [0] NCCL INFO Channel 00/0 : 17[46000] -> 8[7000] [receive] via NET/IB/1
x3004c0s37b0n0:12015:13113 [0] NCCL INFO GPU Direct RDMA Disabled for GPU 7000 / HCA 0 (distance 7 > 4)
x3004c0s37b0n0:12015:13269 [0] NCCL INFO New proxy recv connection 19 from local rank 0, transport 2
x3004c0s37b0n0:12016:13273 [1] NCCL INFO NET/IB: Dev 1 Port 1 qpn 4952 mtu 5 GID 0 (80FE/C80100FEFF000000)
x3004c0s37b0n0:12016:13273 [1] NCCL INFO transport/net_ib.cc:653 Ib Alloc Size 552 pointer 0x14ec40139000
x3004c0s37b0n0:12016:13273 [1] NCCL INFO transport/net.cc:571 Cuda Host Alloc Size 9641984 pointer 0x14ec29400000
x3004c0s37b0n0:12016:13273 [1] NCCL INFO transport/net_ib.cc:596 Ib Alloc Size 26560 pointer 0x14ec4013b000
x3004c0s37b0n0:12015:13113 [0] NCCL INFO Connection to proxy localRank 0 -> connection 0x14ee0c001140
x3004c0s37b0n0:12016:13273 [1] NCCL INFO NET/IB: Dev 0 Port 1 qpn 5175 mtu 5 GID 0 (80FE/F80100FEFF000000)
x3004c0s37b0n0:12016:13273 [1] NCCL INFO transport/net_ib.cc:653 Ib Alloc Size 552 pointer 0x14ec40152000
x3004c0s37b0n0:12016:13273 [1] NCCL INFO transport/net.cc:571 Cuda Host Alloc Size 9641984 pointer 0x14ec26000000
x3004c0s37b0n0:12016:13273 [1] NCCL INFO New proxy recv connection 20 from local rank 1, transport 0
x3004c0s37b0n0:12016:13111 [1] NCCL INFO Connection to proxy localRank 1 -> connection 0x14ec40001180
x3004c0s37b0n0:12016:13273 [1] NCCL INFO transport/p2p.cc:449 Cuda Alloc Size 6291456 pointer 0x14ec26a00000
x3004c0s37b0n0:12015:13113 [0] NCCL INFO Channel 01/0 : 17[46000] -> 8[7000] [receive] via NET/IB/0
x3004c0s37b0n0:12015:13269 [0] NCCL INFO transport/net_ib.cc:683 Ib Alloc Size 21688 pointer 0x14ee0c0e4000
x3004c0s37b0n0:12015:13269 [0] NCCL INFO transport/net_ib.cc:696 Ib Alloc Size 552 pointer 0x14ee0c0eb000
x3004c0s37b0n0:12016:13273 [1] NCCL INFO New proxy recv connection 21 from local rank 1, transport 0
x3004c0s37b0n0:12015:13269 [0] NCCL INFO transport/net_ib.cc:771 Ib Alloc Size 552 pointer 0x14ee0c107000
x3004c0s37b0n0:12015:13269 [0] NCCL INFO transport/net.cc:698 Cuda Host Alloc Size 9641984 pointer 0x14edfd400000
x3004c0s37b0n0:12015:13269 [0] NCCL INFO transport/net_ib.cc:683 Ib Alloc Size 21688 pointer 0x14ee0c109000
x3004c0s37b0n0:12015:13269 [0] NCCL INFO transport/net_ib.cc:696 Ib Alloc Size 552 pointer 0x14ee0c110000
x3004c0s37b0n0:12016:13111 [1] NCCL INFO Connection to proxy localRank 1 -> connection 0x14ec400011c0
x3004c0s37b0n0:12016:13273 [1] NCCL INFO transport/p2p.cc:449 Cuda Alloc Size 6291456 pointer 0x14ec27000000
x3004c0s37b0n0:12015:13269 [0] NCCL INFO transport/net_ib.cc:771 Ib Alloc Size 552 pointer 0x14ee0c12b000
x3004c0s37b0n0:12015:13269 [0] NCCL INFO transport/net.cc:698 Cuda Host Alloc Size 9641984 pointer 0x14edfa000000
x3004c0s37b0n0:12016:13273 [1] NCCL INFO New proxy recv connection 22 from local rank 1, transport 0
x3004c0s37b0n0:12015:13113 [0] NCCL INFO GPU Direct RDMA Disabled for GPU 7000 / HCA 1 (distance 7 > 4)
x3004c0s37b0n0:12015:13269 [0] NCCL INFO New proxy recv connection 20 from local rank 0, transport 2
x3004c0s37b0n0:12016:13111 [1] NCCL INFO Connection to proxy localRank 1 -> connection 0x14ec40001200
x3004c0s37b0n0:12016:13273 [1] NCCL INFO transport/p2p.cc:449 Cuda Alloc Size 6291456 pointer 0x14ec27600000
x3004c0s37b0n0:12015:13113 [0] NCCL INFO Connection to proxy localRank 0 -> connection 0x14ee0c001180
x3004c0s37b0n0:12016:13273 [1] NCCL INFO New proxy recv connection 23 from local rank 1, transport 0
x3004c0s37b0n0:12016:13111 [1] NCCL INFO Connection to proxy localRank 1 -> connection 0x14ec40001240
x3004c0s37b0n0:12016:13273 [1] NCCL INFO transport/p2p.cc:449 Cuda Alloc Size 6291456 pointer 0x14ec24000000
x3004c0s37b0n0:12016:13111 [1] NCCL INFO Connected all trees by HAO
x3004c0s37b0n0:12016:13111 [1] NCCL INFO threadThresholds 8/8/64 | 160/8/64 | 512 | 512
x3004c0s37b0n0:12016:13111 [1] NCCL INFO 4 coll channels, 4 p2p channels, 2 p2p channels per peer
x3004c0s37b0n0:12016:13273 [1] NCCL INFO New proxy send connection 24 from local rank 1, transport 2
x3004c0s37b0n0:12017:13114 [2] NCCL INFO Connected all trees by HAO
x3004c0s37b0n0:12017:13114 [2] NCCL INFO threadThresholds 8/8/64 | 160/8/64 | 512 | 512
x3004c0s37b0n0:12017:13114 [2] NCCL INFO 4 coll channels, 4 p2p channels, 2 p2p channels per peer
x3004c0s37b0n0:12017:13281 [2] NCCL INFO Allocated 4194656 bytes of shared memory in /dev/shm/nccl-fY9o3Q

x3004c0s37b0n0:12017:13281 [2] NCCL INFO New proxy send connection 20 from local rank 2, transport 2
x3004c0s37b0n0:12015:13113 [0] NCCL INFO Channel 02/0 : 13[46000] -> 8[7000] [receive] via NET/IB/1
x3004c0s37b0n0:12015:13113 [0] NCCL INFO GPU Direct RDMA Disabled for GPU 7000 / HCA 0 (distance 7 > 4)
x3004c0s37b0n0:12015:13269 [0] NCCL INFO New proxy recv connection 21 from local rank 0, transport 2
x3004c0s37b0n0:12015:13113 [0] NCCL INFO Connection to proxy localRank 0 -> connection 0x14ee0c0011c0
x3004c0s37b0n0:12015:13113 [0] NCCL INFO Channel 03/0 : 13[46000] -> 8[7000] [receive] via NET/IB/0
x3004c0s37b0n0:12017:13114 [2] NCCL INFO Connection to proxy localRank 2 -> connection 0x1475c0001180
x3004c0s37b0n0:12017:13281 [2] NCCL INFO transport/net.cc:376 Cuda Alloc Size 8388608 pointer 0x1475b3800000
x3004c0s37b0n0:12016:13111 [1] NCCL INFO Connection to proxy localRank 1 -> connection 0x14ec40001280
x3004c0s37b0n0:12016:13273 [1] NCCL INFO transport/net.cc:376 Cuda Alloc Size 8388608 pointer 0x14ec22000000
x3004c0s37b0n0:12015:13269 [0] NCCL INFO transport/net_ib.cc:683 Ib Alloc Size 21688 pointer 0x14ee0c137000
x3004c0s37b0n0:12015:13269 [0] NCCL INFO transport/net_ib.cc:696 Ib Alloc Size 552 pointer 0x14ee0c13e000
x3004c0s37b0n0:12015:13269 [0] NCCL INFO transport/net_ib.cc:771 Ib Alloc Size 552 pointer 0x14ee0c159000
x3004c0s37b0n0:12015:13269 [0] NCCL INFO transport/net.cc:698 Cuda Host Alloc Size 9641984 pointer 0x14edfaa00000
x3004c0s37b0n0:12015:13269 [0] NCCL INFO transport/net_ib.cc:683 Ib Alloc Size 21688 pointer 0x14ee0c15b000
x3004c0s37b0n0:12015:13269 [0] NCCL INFO transport/net_ib.cc:696 Ib Alloc Size 552 pointer 0x14ee0c162000
x3004c0s37b0n0:12015:13269 [0] NCCL INFO transport/net_ib.cc:771 Ib Alloc Size 552 pointer 0x14ee0c17d000
x3004c0s37b0n0:12015:13269 [0] NCCL INFO transport/net.cc:698 Cuda Host Alloc Size 9641984 pointer 0x14edfb400000
x3004c0s37b0n0:12015:13113 [0] NCCL INFO GPU Direct RDMA Disabled for GPU 7000 / HCA 1 (distance 7 > 4)
x3004c0s37b0n0:12015:13269 [0] NCCL INFO New proxy recv connection 22 from local rank 0, transport 2
x3004c0s37b0n0:12015:13113 [0] NCCL INFO Connection to proxy localRank 0 -> connection 0x14ee0c001200
x3004c0s37b0n0:12015:13113 [0] NCCL INFO Channel 00/0 : 12[7000] -> 8[7000] [receive] via NET/IB/1
x3004c0s37b0n0:12015:13113 [0] NCCL INFO GPU Direct RDMA Disabled for GPU 7000 / HCA 0 (distance 7 > 4)
x3004c0s37b0n0:12015:13269 [0] NCCL INFO New proxy recv connection 23 from local rank 0, transport 2
x3004c0s37b0n0:12015:13113 [0] NCCL INFO Connection to proxy localRank 0 -> connection 0x14ee0c001240
x3004c0s37b0n0:12015:13113 [0] NCCL INFO Channel 01/0 : 12[7000] -> 8[7000] [receive] via NET/IB/0
x3004c0s37b0n0:12015:13269 [0] NCCL INFO transport/net_ib.cc:683 Ib Alloc Size 21688 pointer 0x14ee0c189000
x3004c0s37b0n0:12015:13269 [0] NCCL INFO transport/net_ib.cc:696 Ib Alloc Size 552 pointer 0x14ee0c190000
x3004c0s37b0n0:12015:13269 [0] NCCL INFO transport/net_ib.cc:771 Ib Alloc Size 552 pointer 0x14ee0c1ab000
x3004c0s37b0n0:12015:13269 [0] NCCL INFO transport/net.cc:698 Cuda Host Alloc Size 9641984 pointer 0x14edf8000000
x3004c0s37b0n0:12015:13269 [0] NCCL INFO transport/net_ib.cc:683 Ib Alloc Size 21688 pointer 0x14ee0c1ad000
x3004c0s37b0n0:12015:13269 [0] NCCL INFO transport/net_ib.cc:696 Ib Alloc Size 552 pointer 0x14ee0c1b4000
x3004c0s37b0n0:12015:13269 [0] NCCL INFO transport/net_ib.cc:771 Ib Alloc Size 552 pointer 0x14ee0c1cf000
x3004c0s37b0n0:12015:13269 [0] NCCL INFO transport/net.cc:698 Cuda Host Alloc Size 9641984 pointer 0x14edf8a00000
x3004c0s37b0n0:12015:13113 [0] NCCL INFO Connected all trees by HAO
x3004c0s37b0n0:12015:13113 [0] NCCL INFO threadThresholds 8/8/64 | 160/8/64 | 512 | 512
x3004c0s37b0n0:12015:13113 [0] NCCL INFO 4 coll channels, 4 p2p channels, 2 p2p channels per peer
x3004c0s37b0n0:12015:13269 [0] NCCL INFO New proxy send connection 24 from local rank 0, transport 2
x3004c0s37b0n0:12015:13113 [0] NCCL INFO Connection to proxy localRank 0 -> connection 0x14ee0c001280
x3004c0s37b0n0:12015:13113 [0] NCCL INFO init.cc:367 Cuda Alloc Size 5168 pointer 0x14ee1b808800
x3004c0s37b0n0:12017:13114 [2] NCCL INFO init.cc:367 Cuda Alloc Size 5168 pointer 0x1475cf808800
x3004c0s37b0n0:12017:13114 [2] NCCL INFO init.cc:392 Cuda Host Alloc Size 33554432 pointer 0x1475aa000000
x3004c0s37b0n0:12017:13114 [2] NCCL INFO init.cc:398 Cuda Host Alloc Size 128 pointer 0x1475cee00200
x3004c0s37b0n0:12017:13114 [2] NCCL INFO comm 0x56007e595300 rank 10 nranks 20 cudaDev 2 busId 85000 - Init COMPLETE
x3004c0s37b0n0:12016:13111 [1] NCCL INFO init.cc:367 Cuda Alloc Size 5168 pointer 0x14ec45808800
x3004c0s37b0n0:12018:13112 [3] NCCL INFO init.cc:367 Cuda Alloc Size 5168 pointer 0x14cb5f808800
x3004c0s37b0n0:12018:13112 [3] NCCL INFO init.cc:392 Cuda Host Alloc Size 33554432 pointer 0x14cb40000000
x3004c0s37b0n0:12018:13112 [3] NCCL INFO init.cc:398 Cuda Host Alloc Size 128 pointer 0x14cb5ee00200
x3004c0s37b0n0:12018:13112 [3] NCCL INFO comm 0x55aa9b05f550 rank 11 nranks 20 cudaDev 3 busId c7000 - Init COMPLETE
x3004c0s37b0n0:12017:12017 [2] NCCL INFO AllReduce: opCount 0 sendbuff 0x14760f600200 recvbuff 0x14760f600200 count 1 datatype 1 op 0 root 0 comm 0x56007e595300 [nranks=20] stream 0x56009aeaf670
x3004c0s37b0n0:12017:12017 [2] NCCL INFO misc/utils.cc:235 memory stack hunk malloc(65536)
[LYD INFO in ncclLaunchKernel (enqueue.cc)] NCHANNELS is: 4x3004c0s37b0n0:12016:13111 [1] NCCL INFO init.cc:392 Cuda Host Alloc Size 33554432 pointer 0x14ec20000000
x3004c0s37b0n0:12016:13111 [1] NCCL INFO init.cc:398 Cuda Host Alloc Size 128 pointer 0x14ec44e00200
x3004c0s37b0n0:12016:13111 [1] NCCL INFO comm 0x55f80c98cb40 rank 9 nranks 20 cudaDev 1 busId 46000 - Init COMPLETE
x3004c0s37b0n0:12015:13113 [0] NCCL INFO init.cc:392 Cuda Host Alloc Size 33554432 pointer 0x14edf6000000
x3004c0s37b0n0:12015:13113 [0] NCCL INFO init.cc:398 Cuda Host Alloc Size 128 pointer 0x14ee1ae00200
x3004c0s37b0n0:12015:13113 [0] NCCL INFO comm 0x564066c8fe70 rank 8 nranks 20 cudaDev 0 busId 7000 - Init COMPLETE
x3004c0s37b0n0:12015:13269 [0] NCCL INFO transport/net.cc:376 Cuda Alloc Size 8388608 pointer 0x14edf9400000
x3004c0s37b0n0:12016:12016 [1] NCCL INFO AllReduce: opCount 0 sendbuff 0x14ec87600200 recvbuff 0x14ec87600200 count 1 datatype 1 op 0 root 0 comm 0x55f80c98cb40 [nranks=20] stream 0x55f824b62160
x3004c0s37b0n0:12016:12016 [1] NCCL INFO misc/utils.cc:235 memory stack hunk malloc(65536)
[LYD INFO in ncclLaunchKernel (enqueue.cc)] NCHANNELS is: 4x3004c0s37b0n0:12018:12018 [3] NCCL INFO AllReduce: opCount 0 sendbuff 0x14cb9f600200 recvbuff 0x14cb9f600200 count 1 datatype 1 op 0 root 0 comm 0x55aa9b05f550 [nranks=20] stream 0x55aa9ec7c020
x3004c0s37b0n0:12018:12018 [3] NCCL INFO misc/utils.cc:235 memory stack hunk malloc(65536)
[LYD INFO in ncclLaunchKernel (enqueue.cc)] NCHANNELS is: 4x3004c0s37b0n0:12015:12015 [0] NCCL INFO AllReduce: opCount 0 sendbuff 0x14ee5b600200 recvbuff 0x14ee5b600200 count 1 datatype 1 op 0 root 0 comm 0x564066c8fe70 [nranks=20] stream 0x56407edcd500
x3004c0s37b0n0:12015:12015 [0] NCCL INFO misc/utils.cc:235 memory stack hunk malloc(65536)
[LYD INFO in ncclLaunchKernel (enqueue.cc)] NCHANNELS is: 4
[LYD INFO in NCCL_KERN_NAME (common.h)] 9 AllReduce TREE LL Sum uint8_t Elapsed time: 389532 us

[LYD INFO in NCCL_KERN_NAME (common.h)] 8 AllReduce TREE LL Sum uint8_t Elapsed time: 315151 us

[LYD INFO in NCCL_KERN_NAME (common.h)] 11 AllReduce TREE LL Sum uint8_t Elapsed time: 358146 us

[LYD INFO in NCCL_KERN_NAME (common.h)] 10 AllReduce TREE LL Sum uint8_t Elapsed time: 382639 us
x3004c0s37b0n0:12017:12017 [2] NCCL INFO AllReduce: opCount 1 sendbuff 0x14760f600000 recvbuff 0x14760f600000 count 1 datatype 1 op 0 root 0 comm 0x56007e595300 [nranks=20] stream 0x56009aeaf670
[LYD INFO in ncclLaunchKernel (enqueue.cc)] NCHANNELS is: 4x3004c0s37b0n0:12015:12015 [0] NCCL INFO AllReduce: opCount 1 sendbuff 0x14ee5b600000 recvbuff 0x14ee5b600000 count 1 datatype 1 op 0 root 0 comm 0x564066c8fe70 [nranks=20] stream 0x56407edcd500
[LYD INFO in ncclLaunchKernel (enqueue.cc)] NCHANNELS is: 4x3004c0s37b0n0:12018:12018 [3] NCCL INFO AllReduce: opCount 1 sendbuff 0x14cb9f600000 recvbuff 0x14cb9f600000 count 1 datatype 1 op 0 root 0 comm 0x55aa9b05f550 [nranks=20] stream 0x55aa9ec7c020
[LYD INFO in ncclLaunchKernel (enqueue.cc)] NCHANNELS is: 4x3004c0s37b0n0:12016:12016 [1] NCCL INFO AllReduce: opCount 1 sendbuff 0x14ec87600000 recvbuff 0x14ec87600000 count 1 datatype 1 op 0 root 0 comm 0x55f80c98cb40 [nranks=20] stream 0x55f824b62160
[LYD INFO in ncclLaunchKernel (enqueue.cc)] NCHANNELS is: 4
[LYD INFO in NCCL_KERN_NAME (common.h)] 8 AllReduce TREE LL Sum uint8_t Elapsed time: 2887228 us

[LYD INFO in NCCL_KERN_NAME (common.h)] 9 AllReduce TREE LL Sum uint8_t Elapsed time: 1033081 us

[LYD INFO in NCCL_KERN_NAME (common.h)] 11 AllReduce TREE LL Sum uint8_t Elapsed time: 1073440 us

[LYD INFO in NCCL_KERN_NAME (common.h)] 10 AllReduce TREE LL Sum uint8_t Elapsed time: 3642201 us
x3004c0s37b0n0:12018:12018 [3] NCCL INFO AllReduce: opCount 2 sendbuff 0x14cb9f600000 recvbuff 0x14cb9f600000 count 1 datatype 8 op 3 root 0 comm 0x55aa9b05f550 [nranks=20] stream 0x55aa9ec7c020
[LYD INFO in ncclLaunchKernel (enqueue.cc)] NCHANNELS is: 4x3004c0s37b0n0:12017:12017 [2] NCCL INFO AllReduce: opCount 2 sendbuff 0x14760f600000 recvbuff 0x14760f600000 count 1 datatype 8 op 3 root 0 comm 0x56007e595300 [nranks=20] stream 0x56009aeaf670
[LYD INFO in ncclLaunchKernel (enqueue.cc)] NCHANNELS is: 4x3004c0s37b0n0:12016:12016 [1] NCCL INFO AllReduce: opCount 2 sendbuff 0x14ec87600000 recvbuff 0x14ec87600000 count 1 datatype 8 op 3 root 0 comm 0x55f80c98cb40 [nranks=20] stream 0x55f824b62160
[LYD INFO in ncclLaunchKernel (enqueue.cc)] NCHANNELS is: 4x3004c0s37b0n0:12015:12015 [0] NCCL INFO AllReduce: opCount 2 sendbuff 0x14ee5b600000 recvbuff 0x14ee5b600000 count 1 datatype 8 op 3 root 0 comm 0x564066c8fe70 [nranks=20] stream 0x56407edcd500
[LYD INFO in ncclLaunchKernel (enqueue.cc)] NCHANNELS is: 4
[LYD INFO in NCCL_FUNC_NAME (common.h)] 9 AllReduce TREE LL Min double Elapsed time: 11 us

[LYD INFO in NCCL_KERN_NAME (common.h)] 9 AllReduce TREE LL Sum double Elapsed time: 25993 us
x3004c0s37b0n0:12016:12016 [1] NCCL INFO AllReduce: opCount 3 sendbuff 0x14ec87600200 recvbuff 0x14ec87600200 count 1 datatype 1 op 0 root 0 comm 0x55f80c98cb40 [nranks=20] stream 0x55f824b62160
[LYD INFO in ncclLaunchKernel (enqueue.cc)] NCHANNELS is: 4
[LYD INFO in NCCL_FUNC_NAME (common.h)] 10 AllReduce TREE LL Min double Elapsed time: 6 us

[LYD INFO in NCCL_KERN_NAME (common.h)] 10 AllReduce TREE LL Sum double Elapsed time: 35206 us

[LYD INFO in NCCL_FUNC_NAME (common.h)] 11 AllReduce TREE LL Min double Elapsed time: 4 us

[LYD INFO in NCCL_KERN_NAME (common.h)] 11 AllReduce TREE LL Sum double Elapsed time: 41848 us
x3004c0s37b0n0:12018:12018 [3] NCCL INFO AllReduce: opCount 3 sendbuff 0x14cb9f600200 recvbuff 0x14cb9f600200 count 1 datatype 1 op 0 root 0 comm 0x55aa9b05f550 [nranks=20] stream 0x55aa9ec7c020
[LYD INFO in ncclLaunchKernel (enqueue.cc)] NCHANNELS is: 4x3004c0s37b0n0:12017:12017 [2] NCCL INFO AllReduce: opCount 3 sendbuff 0x14760f600200 recvbuff 0x14760f600200 count 1 datatype 1 op 0 root 0 comm 0x56007e595300 [nranks=20] stream 0x56009aeaf670
[LYD INFO in ncclLaunchKernel (enqueue.cc)] NCHANNELS is: 4
[LYD INFO in NCCL_FUNC_NAME (common.h)] 8 AllReduce TREE LL Min double Elapsed time: 181 us

[LYD INFO in NCCL_KERN_NAME (common.h)] 8 AllReduce TREE LL Sum double Elapsed time: 21508 us
x3004c0s37b0n0:12015:12015 [0] NCCL INFO AllReduce: opCount 3 sendbuff 0x14ee5b600200 recvbuff 0x14ee5b600200 count 1 datatype 1 op 0 root 0 comm 0x564066c8fe70 [nranks=20] stream 0x56407edcd500
[LYD INFO in ncclLaunchKernel (enqueue.cc)] NCHANNELS is: 4
[LYD INFO in NCCL_KERN_NAME (common.h)] 8 AllReduce TREE LL Sum uint8_t Elapsed time: 207161 us

[LYD INFO in NCCL_KERN_NAME (common.h)] 11 AllReduce TREE LL Sum uint8_t Elapsed time: 241274 us

[LYD INFO in NCCL_KERN_NAME (common.h)] 10 AllReduce TREE LL Sum uint8_t Elapsed time: 211476 us

[LYD INFO in NCCL_KERN_NAME (common.h)] 9 AllReduce TREE LL Sum uint8_t Elapsed time: 224704 us
 > number of parameters on (tensor, pipeline) model parallel rank (0, 11): 39354880
 > number of parameters on (tensor, pipeline) model parallel rank (0, 10): 39354880
 > number of parameters on (tensor, pipeline) model parallel rank (0, 8): 39354880
x3004c0s37b0n0:12015:12015 [0] NCCL INFO AllReduce: opCount 4 sendbuff 0x14ee5b600400 recvbuff 0x14ee5b600400 count 1 datatype 1 op 0 root 0 comm 0x564066c8fe70 [nranks=20] stream 0x56407edcd500
[LYD INFO in ncclLaunchKernel (enqueue.cc)] NCHANNELS is: 4x3004c0s37b0n0:12018:12018 [3] NCCL INFO AllReduce: opCount 4 sendbuff 0x14cb9f600400 recvbuff 0x14cb9f600400 count 1 datatype 1 op 0 root 0 comm 0x55aa9b05f550 [nranks=20] stream 0x55aa9ec7c020
[LYD INFO in ncclLaunchKernel (enqueue.cc)] NCHANNELS is: 4x3004c0s37b0n0:12017:12017 [2] NCCL INFO AllReduce: opCount 4 sendbuff 0x14760f600400 recvbuff 0x14760f600400 count 1 datatype 1 op 0 root 0 comm 0x56007e595300 [nranks=20] stream 0x56009aeaf670
[LYD INFO in ncclLaunchKernel (enqueue.cc)] NCHANNELS is: 4 > number of parameters on (tensor, pipeline) model parallel rank (0, 9): 39354880
x3004c0s37b0n0:12016:12016 [1] NCCL INFO AllReduce: opCount 4 sendbuff 0x14ec87600400 recvbuff 0x14ec87600400 count 1 datatype 1 op 0 root 0 comm 0x55f80c98cb40 [nranks=20] stream 0x55f824b62160
[LYD INFO in ncclLaunchKernel (enqueue.cc)] NCHANNELS is: 4
[LYD INFO in NCCL_KERN_NAME (common.h)] 10 AllReduce TREE LL Sum uint8_t Elapsed time: 1736265 us
x3004c0s37b0n0:12017:12017 [2] NCCL INFO AllReduce: opCount 5 sendbuff 0x14760f615200 recvbuff 0x14760f615200 count 1 datatype 1 op 0 root 0 comm 0x56007e595300 [nranks=20] stream 0x56009aeaf670
[LYD INFO in ncclLaunchKernel (enqueue.cc)] NCHANNELS is: 4
[LYD INFO in NCCL_KERN_NAME (common.h)] 11 AllReduce TREE LL Sum uint8_t Elapsed time: 1746639 us
x3004c0s37b0n0:12018:12018 [3] NCCL INFO AllReduce: opCount 5 sendbuff 0x14cb9f615200 recvbuff 0x14cb9f615200 count 1 datatype 1 op 0 root 0 comm 0x55aa9b05f550 [nranks=20] stream 0x55aa9ec7c020
[LYD INFO in ncclLaunchKernel (enqueue.cc)] NCHANNELS is: 4
[LYD INFO in NCCL_KERN_NAME (common.h)] 9 AllReduce TREE LL Sum uint8_t Elapsed time: 1721966 us
x3004c0s37b0n0:12016:12016 [1] NCCL INFO AllReduce: opCount 5 sendbuff 0x14ec87615200 recvbuff 0x14ec87615200 count 1 datatype 1 op 0 root 0 comm 0x55f80c98cb40 [nranks=20] stream 0x55f824b62160
[LYD INFO in ncclLaunchKernel (enqueue.cc)] NCHANNELS is: 4
[LYD INFO in NCCL_KERN_NAME (common.h)] 8 AllReduce TREE LL Sum uint8_t Elapsed time: 1746757 us
x3004c0s37b0n0:12015:12015 [0] NCCL INFO AllReduce: opCount 5 sendbuff 0x14ee5b615200 recvbuff 0x14ee5b615200 count 1 datatype 1 op 0 root 0 comm 0x564066c8fe70 [nranks=20] stream 0x56407edcd500
[LYD INFO in ncclLaunchKernel (enqueue.cc)] NCHANNELS is: 4
[LYD INFO in NCCL_KERN_NAME (common.h)] 10 AllReduce TREE LL Sum uint8_t Elapsed time: 143590 us
x3004c0s37b0n0:12017:12017 [2] NCCL INFO AllReduce: opCount 6 sendbuff 0x14760f600400 recvbuff 0x14760f600400 count 1 datatype 1 op 0 root 0 comm 0x56007e595300 [nranks=20] stream 0x56009aeaf670
[LYD INFO in ncclLaunchKernel (enqueue.cc)] NCHANNELS is: 4
[LYD INFO in NCCL_KERN_NAME (common.h)] 9 AllReduce TREE LL Sum uint8_t Elapsed time: 121692 us
x3004c0s37b0n0:12016:12016 [1] NCCL INFO AllReduce: opCount 6 sendbuff 0x14ec87600400 recvbuff 0x14ec87600400 count 1 datatype 1 op 0 root 0 comm 0x55f80c98cb40 [nranks=20] stream 0x55f824b62160
[LYD INFO in ncclLaunchKernel (enqueue.cc)] NCHANNELS is: 4
[LYD INFO in NCCL_KERN_NAME (common.h)] 11 AllReduce TREE LL Sum uint8_t Elapsed time: 133116 us

[LYD INFO in NCCL_KERN_NAME (common.h)] 8 AllReduce TREE LL Sum uint8_t Elapsed time: 111843 us
x3004c0s37b0n0:12015:12015 [0] NCCL INFO AllReduce: opCount 6 sendbuff 0x14ee5b600400 recvbuff 0x14ee5b600400 count 1 datatype 1 op 0 root 0 comm 0x564066c8fe70 [nranks=20] stream 0x56407edcd500
[LYD INFO in ncclLaunchKernel (enqueue.cc)] NCHANNELS is: 4x3004c0s37b0n0:12018:12018 [3] NCCL INFO AllReduce: opCount 6 sendbuff 0x14cb9f600400 recvbuff 0x14cb9f600400 count 1 datatype 1 op 0 root 0 comm 0x55aa9b05f550 [nranks=20] stream 0x55aa9ec7c020
[LYD INFO in ncclLaunchKernel (enqueue.cc)] NCHANNELS is: 4
[LYD INFO in NCCL_KERN_NAME (common.h)] 11 AllReduce TREE LL Sum uint8_t Elapsed time: 70198 us

[LYD INFO in NCCL_KERN_NAME (common.h)] 8 AllReduce TREE LL Sum uint8_t Elapsed time: 95609 us

[LYD INFO in NCCL_KERN_NAME (common.h)] 10 AllReduce TREE LL Sum uint8_t Elapsed time: 171632 us
NCCL version 2.14.3+cuda11.8
x3004c0s37b0n0:12015:12015 [0] NCCL INFO init.cc:1147 Cuda Host Alloc Size 4 pointer 0x14ee1ae00400

[LYD INFO in NCCL_KERN_NAME (common.h)] 9 AllReduce TREE LL Sum uint8_t Elapsed time: 169609 us
NCCL version 2.14.3+cuda11.8
x3004c0s37b0n0:12017:12017 [2] NCCL INFO init.cc:1147 Cuda Host Alloc Size 4 pointer 0x1475cee00400
NCCL version 2.14.3+cuda11.8
x3004c0s37b0n0:12016:12016 [1] NCCL INFO init.cc:1147 Cuda Host Alloc Size 4 pointer 0x14ec44e00400
NCCL version 2.14.3+cuda11.8
x3004c0s37b0n0:12018:12018 [3] NCCL INFO init.cc:1147 Cuda Host Alloc Size 4 pointer 0x14cb5ee00400
x3004c0s37b0n0:12015:15866 [0] NCCL INFO Using network IB
x3004c0s37b0n0:12017:15868 [2] NCCL INFO Using network IB
x3004c0s37b0n0:12016:15871 [1] NCCL INFO Using network IB
x3004c0s37b0n0:12018:15873 [3] NCCL INFO Using network IB
x3004c0s37b0n0:12018:15873 [3] NCCL INFO NET/IB : GPU Direct RDMA Enabled for HCA 0 'mlx5_0'
x3004c0s37b0n0:12018:15873 [3] NCCL INFO NET/IB : GPU Direct RDMA Enabled for HCA 1 'mlx5_1'
x3004c0s37b0n0:12018:15873 [3] NCCL INFO GPU Direct RDMA Disabled for GPU c7000 / HCA 0 (distance 6 > 4)
x3004c0s37b0n0:12018:15873 [3] NCCL INFO GPU Direct RDMA Disabled for GPU c7000 / HCA 1 (distance 7 > 4)
x3004c0s37b0n0:12018:15873 [3] NCCL INFO === System : maxBw 5000.0 totalBw 0.0 ===
x3004c0s37b0n0:12018:15873 [3] NCCL INFO CPU/0 (1/2/-1)
x3004c0s37b0n0:12018:15873 [3] NCCL INFO + SYS[5000.0] - CPU/2
x3004c0s37b0n0:12018:15873 [3] NCCL INFO + PCI[24.0] - PCI/C5000 (11f8406811f8beef)
x3004c0s37b0n0:12018:15873 [3] NCCL INFO               + PCI[24.0] - GPU/C7000 (0)
x3004c0s37b0n0:12018:15873 [3] NCCL INFO + PCI[12.0] - NIC/C8000
x3004c0s37b0n0:12018:15873 [3] NCCL INFO CPU/2 (1/2/-1)
x3004c0s37b0n0:12018:15873 [3] NCCL INFO + SYS[5000.0] - CPU/0
x3004c0s37b0n0:12018:15873 [3] NCCL INFO + PCI[12.0] - NIC/43000
x3004c0s37b0n0:12018:15873 [3] NCCL INFO ==========================================
x3004c0s37b0n0:12018:15873 [3] NCCL INFO GPU/C7000 :GPU/C7000 (0/5000.000000/LOC) CPU/0 (2/24.000000/PHB) CPU/2 (3/24.000000/SYS) 
x3004c0s37b0n0:12018:15873 [3] NCCL INFO Setting affinity for GPU 3 to 01
x3004c0s37b0n0:12018:15873 [3] NCCL INFO Pattern 4, crossNic 0, nChannels 16, bw 44.000000/44.000000, type LOC/PIX, sameChannels 1
x3004c0s37b0n0:12018:15873 [3] NCCL INFO  0 : GPU/0
x3004c0s37b0n0:12018:15873 [3] NCCL INFO  1 : GPU/0
x3004c0s37b0n0:12018:15873 [3] NCCL INFO  2 : GPU/0
x3004c0s37b0n0:12018:15873 [3] NCCL INFO  3 : GPU/0
x3004c0s37b0n0:12018:15873 [3] NCCL INFO  4 : GPU/0
x3004c0s37b0n0:12018:15873 [3] NCCL INFO  5 : GPU/0
x3004c0s37b0n0:12018:15873 [3] NCCL INFO  6 : GPU/0
x3004c0s37b0n0:12018:15873 [3] NCCL INFO  7 : GPU/0
x3004c0s37b0n0:12018:15873 [3] NCCL INFO  8 : GPU/0
x3004c0s37b0n0:12018:15873 [3] NCCL INFO  9 : GPU/0
x3004c0s37b0n0:12018:15873 [3] NCCL INFO 10 : GPU/0
x3004c0s37b0n0:12018:15873 [3] NCCL INFO 11 : GPU/0
x3004c0s37b0n0:12018:15873 [3] NCCL INFO 12 : GPU/0
x3004c0s37b0n0:12018:15873 [3] NCCL INFO 13 : GPU/0
x3004c0s37b0n0:12018:15873 [3] NCCL INFO 14 : GPU/0
x3004c0s37b0n0:12018:15873 [3] NCCL INFO 15 : GPU/0
