x3004c0s25b0n0:9571:14806 [1] NCCL INFO transport/net_ib.cc:683 Ib Alloc Size 21688 pointer 0x14e69808e000
x3004c0s25b0n0:9571:14806 [1] NCCL INFO transport/net_ib.cc:696 Ib Alloc Size 552 pointer 0x14e698095000
x3004c0s25b0n0:9575:14793 [2] NCCL INFO transport/net_ib.cc:596 Ib Alloc Size 26560 pointer 0x15018c080000
x3004c0s25b0n0:9575:14793 [2] NCCL INFO NET/IB: Dev 1 Port 1 qpn 12808 mtu 5 GID 0 (80FE/9F0100FEFF000000)
x3004c0s25b0n0:9575:14793 [2] NCCL INFO transport/net_ib.cc:653 Ib Alloc Size 552 pointer 0x15018c097000
x3004c0s25b0n0:9575:14793 [2] NCCL INFO transport/net.cc:571 Cuda Host Alloc Size 9641984 pointer 0x150184000000
x3004c0s25b0n0:9583:14811 [3] NCCL INFO transport/net_ib.cc:596 Ib Alloc Size 26560 pointer 0x14f8b006c000
x3004c0s25b0n0:9583:14811 [3] NCCL INFO NET/IB: Dev 0 Port 1 qpn 12823 mtu 5 GID 0 (80FE/FC0100FEFF000000)
x3004c0s25b0n0:9583:14811 [3] NCCL INFO transport/net_ib.cc:653 Ib Alloc Size 552 pointer 0x14f8b0083000
x3004c0s25b0n0:9570:14792 [0] NCCL INFO transport/net_ib.cc:771 Ib Alloc Size 552 pointer 0x14b050068000
x3004c0s25b0n0:9570:14792 [0] NCCL INFO transport/net.cc:698 Cuda Host Alloc Size 9641984 pointer 0x14b04a000000
x3004c0s25b0n0:9571:14806 [1] NCCL INFO transport/net_ib.cc:771 Ib Alloc Size 552 pointer 0x14e6980b0000
x3004c0s25b0n0:9571:14806 [1] NCCL INFO transport/net.cc:698 Cuda Host Alloc Size 9641984 pointer 0x14e688000000
x3004c0s25b0n0:9583:14811 [3] NCCL INFO transport/net.cc:571 Cuda Host Alloc Size 9641984 pointer 0x14f8a2a00000
x3004c0s25b0n0:9575:14736 [2] NCCL INFO Connected all rings
x3004c0s25b0n0:9575:14736 [2] NCCL INFO GPU Direct RDMA Disabled for GPU 85000 / HCA 0 (distance 7 > 4)
x3004c0s25b0n0:9575:14793 [2] NCCL INFO New proxy recv connection 8 from local rank 1, transport 2
x3004c0s25b0n0:9570:14792 [0] NCCL INFO transport/net_ib.cc:683 Ib Alloc Size 21688 pointer 0x14b05006a000
x3004c0s25b0n0:9570:14792 [0] NCCL INFO transport/net_ib.cc:696 Ib Alloc Size 552 pointer 0x14b050071000
x3004c0s25b0n0:9583:14734 [3] NCCL INFO Connected all rings
x3004c0s25b0n0:9583:14734 [3] NCCL INFO GPU Direct RDMA Disabled for GPU c7000 / HCA 1 (distance 7 > 4)
x3004c0s25b0n0:9583:14811 [3] NCCL INFO New proxy recv connection 8 from local rank 1, transport 2
x3004c0s25b0n0:9571:14733 [1] NCCL INFO Connected all rings
x3004c0s25b0n0:9571:14733 [1] NCCL INFO GPU Direct RDMA Disabled for GPU 46000 / HCA 1 (distance 6 > 4)
x3004c0s25b0n0:9571:14806 [1] NCCL INFO New proxy send connection 8 from local rank 0, transport 2
x3004c0s25b0n0:9570:14792 [0] NCCL INFO transport/net_ib.cc:771 Ib Alloc Size 552 pointer 0x14b05008c000
x3004c0s25b0n0:9570:14792 [0] NCCL INFO transport/net.cc:698 Cuda Host Alloc Size 9641984 pointer 0x14b04aa00000
x3004c0s25b0n0:9570:14792 [0] NCCL INFO transport/net_ib.cc:683 Ib Alloc Size 21688 pointer 0x14b05008e000
x3004c0s25b0n0:9570:14792 [0] NCCL INFO transport/net_ib.cc:696 Ib Alloc Size 552 pointer 0x14b050095000
x3004c0s25b0n0:9575:14736 [2] NCCL INFO Connection to proxy localRank 1 -> connection 0x15018c000e80
x3004c0s25b0n0:9583:14734 [3] NCCL INFO Connection to proxy localRank 1 -> connection 0x14f8b0000e80
x3004c0s25b0n0:9570:14792 [0] NCCL INFO transport/net_ib.cc:771 Ib Alloc Size 552 pointer 0x14b0500b0000
x3004c0s25b0n0:9570:14792 [0] NCCL INFO transport/net.cc:698 Cuda Host Alloc Size 9641984 pointer 0x14b04b400000
x3004c0s25b0n0:9571:14733 [1] NCCL INFO Connection to proxy localRank 0 -> connection 0x14e698000e80
x3004c0s25b0n0:9571:14733 [1] NCCL INFO Channel 00/0 : 4[46000] -> 6[46000] [send] via NET/IB/1
x3004c0s25b0n0:9571:14733 [1] NCCL INFO GPU Direct RDMA Disabled for GPU 46000 / HCA 0 (distance 7 > 4)
x3004c0s25b0n0:9571:14806 [1] NCCL INFO New proxy send connection 9 from local rank 0, transport 2
x3004c0s25b0n0:9570:14735 [0] NCCL INFO Connected all rings
x3004c0s25b0n0:9570:14735 [0] NCCL INFO GPU Direct RDMA Disabled for GPU 7000 / HCA 0 (distance 7 > 4)
x3004c0s25b0n0:9575:14736 [2] NCCL INFO Channel 00/0 : 2[7000] -> 5[85000] [receive] via NET/IB/0
x3004c0s25b0n0:9575:14736 [2] NCCL INFO GPU Direct RDMA Disabled for GPU 85000 / HCA 1 (distance 7 > 4)
x3004c0s25b0n0:9575:14793 [2] NCCL INFO New proxy recv connection 9 from local rank 1, transport 2
x3004c0s25b0n0:9570:14792 [0] NCCL INFO New proxy send connection 8 from local rank 0, transport 2
x3004c0s25b0n0:9583:14734 [3] NCCL INFO Channel 00/0 : 2[46000] -> 5[c7000] [receive] via NET/IB/1
x3004c0s25b0n0:9583:14734 [3] NCCL INFO GPU Direct RDMA Disabled for GPU c7000 / HCA 0 (distance 6 > 4)
x3004c0s25b0n0:9583:14811 [3] NCCL INFO New proxy recv connection 9 from local rank 1, transport 2
x3004c0s25b0n0:9583:14734 [3] NCCL INFO Connection to proxy localRank 1 -> connection 0x14f8b0000ec0
x3004c0s25b0n0:9571:14733 [1] NCCL INFO Connection to proxy localRank 0 -> connection 0x14e698000ec0
x3004c0s25b0n0:9571:14733 [1] NCCL INFO Channel 01/0 : 4[46000] -> 6[46000] [send] via NET/IB/0
x3004c0s25b0n0:9575:14736 [2] NCCL INFO Connection to proxy localRank 1 -> connection 0x15018c000ec0
x3004c0s25b0n0:9570:14735 [0] NCCL INFO Connection to proxy localRank 0 -> connection 0x14b050000e80
x3004c0s25b0n0:9570:14735 [0] NCCL INFO Channel 00/0 : 4[7000] -> 6[7000] [send] via NET/IB/0
x3004c0s25b0n0:9570:14735 [0] NCCL INFO GPU Direct RDMA Disabled for GPU 7000 / HCA 1 (distance 7 > 4)
x3004c0s25b0n0:9570:14792 [0] NCCL INFO New proxy send connection 9 from local rank 0, transport 2
x3004c0s25b0n0:9575:14736 [2] NCCL INFO Channel 01/0 : 2[7000] -> 5[85000] [receive] via NET/IB/1
x3004c0s25b0n0:9583:14734 [3] NCCL INFO Channel 01/0 : 2[46000] -> 5[c7000] [receive] via NET/IB/0
x3004c0s25b0n0:9570:14735 [0] NCCL INFO Connection to proxy localRank 0 -> connection 0x14b050000ec0
x3004c0s25b0n0:9570:14735 [0] NCCL INFO Channel 01/0 : 4[7000] -> 6[7000] [send] via NET/IB/1
x3004c0s25b0n0:9570:14792 [0] NCCL INFO transport/net_ib.cc:596 Ib Alloc Size 26560 pointer 0x14b0500bc000
x3004c0s25b0n0:9570:14792 [0] NCCL INFO NET/IB: Dev 0 Port 1 qpn 12827 mtu 5 GID 0 (80FE/FC0100FEFF000000)
x3004c0s25b0n0:9570:14792 [0] NCCL INFO transport/net_ib.cc:653 Ib Alloc Size 552 pointer 0x14b0500d3000
x3004c0s25b0n0:9570:14792 [0] NCCL INFO transport/net.cc:571 Cuda Host Alloc Size 9641984 pointer 0x14b048000000
x3004c0s25b0n0:9570:14792 [0] NCCL INFO transport/net_ib.cc:596 Ib Alloc Size 26560 pointer 0x14b0500d3000
x3004c0s25b0n0:9570:14792 [0] NCCL INFO NET/IB: Dev 1 Port 1 qpn 12813 mtu 5 GID 0 (80FE/9F0100FEFF000000)
x3004c0s25b0n0:9570:14792 [0] NCCL INFO transport/net_ib.cc:653 Ib Alloc Size 552 pointer 0x14b0500ea000
x3004c0s25b0n0:9570:14792 [0] NCCL INFO transport/net.cc:571 Cuda Host Alloc Size 9641984 pointer 0x14b048a00000
x3004c0s25b0n0:9570:14735 [0] NCCL INFO GPU Direct RDMA Disabled for GPU 7000 / HCA 0 (distance 7 > 4)
x3004c0s25b0n0:9570:14792 [0] NCCL INFO New proxy send connection 10 from local rank 0, transport 2
x3004c0s25b0n0:9570:14735 [0] NCCL INFO Connection to proxy localRank 0 -> connection 0x14b050000f00
x3004c0s25b0n0:9570:14735 [0] NCCL INFO Channel 02/0 : 4[7000] -> 7[85000] [send] via NET/IB/0
x3004c0s25b0n0:9570:14735 [0] NCCL INFO GPU Direct RDMA Disabled for GPU 7000 / HCA 1 (distance 7 > 4)
x3004c0s25b0n0:9570:14792 [0] NCCL INFO New proxy send connection 11 from local rank 0, transport 2
x3004c0s25b0n0:9570:14735 [0] NCCL INFO Connection to proxy localRank 0 -> connection 0x14b050000f40
x3004c0s25b0n0:9570:14735 [0] NCCL INFO Channel 03/0 : 4[7000] -> 7[85000] [send] via NET/IB/1
x3004c0s25b0n0:9570:14792 [0] NCCL INFO transport/net_ib.cc:596 Ib Alloc Size 26560 pointer 0x14b0500f6000
x3004c0s25b0n0:9570:14792 [0] NCCL INFO NET/IB: Dev 0 Port 1 qpn 12828 mtu 5 GID 0 (80FE/FC0100FEFF000000)
x3004c0s25b0n0:9570:14792 [0] NCCL INFO transport/net_ib.cc:653 Ib Alloc Size 552 pointer 0x14b05010d000
x3004c0s25b0n0:9570:14792 [0] NCCL INFO transport/net.cc:571 Cuda Host Alloc Size 9641984 pointer 0x14b049400000
x3004c0s25b0n0:9575:14793 [2] NCCL INFO transport/net_ib.cc:683 Ib Alloc Size 21688 pointer 0x15018c0a3000
x3004c0s25b0n0:9575:14793 [2] NCCL INFO transport/net_ib.cc:696 Ib Alloc Size 552 pointer 0x15018c0aa000
x3004c0s25b0n0:9571:14806 [1] NCCL INFO transport/net_ib.cc:596 Ib Alloc Size 26560 pointer 0x14e6980bc000
x3004c0s25b0n0:9571:14806 [1] NCCL INFO NET/IB: Dev 1 Port 1 qpn 12814 mtu 5 GID 0 (80FE/9F0100FEFF000000)
x3004c0s25b0n0:9571:14806 [1] NCCL INFO transport/net_ib.cc:653 Ib Alloc Size 552 pointer 0x14e6980d3000
x3004c0s25b0n0:9571:14806 [1] NCCL INFO transport/net.cc:571 Cuda Host Alloc Size 9641984 pointer 0x14e688a00000
x3004c0s25b0n0:9575:14793 [2] NCCL INFO transport/net_ib.cc:771 Ib Alloc Size 552 pointer 0x15018c0c6000
x3004c0s25b0n0:9575:14793 [2] NCCL INFO transport/net.cc:698 Cuda Host Alloc Size 9641984 pointer 0x150182000000
x3004c0s25b0n0:9571:14806 [1] NCCL INFO transport/net_ib.cc:596 Ib Alloc Size 26560 pointer 0x14e6980d3000
x3004c0s25b0n0:9575:14793 [2] NCCL INFO transport/net_ib.cc:683 Ib Alloc Size 21688 pointer 0x15018c0c8000
x3004c0s25b0n0:9571:14806 [1] NCCL INFO NET/IB: Dev 0 Port 1 qpn 12831 mtu 5 GID 0 (80FE/FC0100FEFF000000)
x3004c0s25b0n0:9571:14806 [1] NCCL INFO transport/net_ib.cc:653 Ib Alloc Size 552 pointer 0x14e6980ea000
x3004c0s25b0n0:9571:14806 [1] NCCL INFO transport/net.cc:571 Cuda Host Alloc Size 9641984 pointer 0x14e689400000
x3004c0s25b0n0:9571:14733 [1] NCCL INFO GPU Direct RDMA Disabled for GPU 46000 / HCA 1 (distance 6 > 4)
x3004c0s25b0n0:9571:14806 [1] NCCL INFO New proxy send connection 10 from local rank 0, transport 2
x3004c0s25b0n0:9570:14792 [0] NCCL INFO transport/net_ib.cc:596 Ib Alloc Size 26560 pointer 0x14b05010f000
x3004c0s25b0n0:9583:14811 [3] NCCL INFO transport/net_ib.cc:683 Ib Alloc Size 21688 pointer 0x14f8b008f000
x3004c0s25b0n0:9583:14811 [3] NCCL INFO transport/net_ib.cc:696 Ib Alloc Size 552 pointer 0x14f8b0096000
x3004c0s25b0n0:9570:14792 [0] NCCL INFO NET/IB: Dev 1 Port 1 qpn 12815 mtu 5 GID 0 (80FE/9F0100FEFF000000)
x3004c0s25b0n0:9570:14792 [0] NCCL INFO transport/net_ib.cc:653 Ib Alloc Size 552 pointer 0x14b050126000
x3004c0s25b0n0:9570:14792 [0] NCCL INFO transport/net.cc:571 Cuda Host Alloc Size 9641984 pointer 0x14b046000000
x3004c0s25b0n0:9575:14793 [2] NCCL INFO transport/net_ib.cc:696 Ib Alloc Size 552 pointer 0x15018c0cf000
x3004c0s25b0n0:9571:14733 [1] NCCL INFO Connection to proxy localRank 0 -> connection 0x14e698000f00
x3004c0s25b0n0:9571:14733 [1] NCCL INFO Channel 02/0 : 4[46000] -> 7[c7000] [send] via NET/IB/1
x3004c0s25b0n0:9571:14733 [1] NCCL INFO GPU Direct RDMA Disabled for GPU 46000 / HCA 0 (distance 7 > 4)
x3004c0s25b0n0:9571:14806 [1] NCCL INFO New proxy send connection 11 from local rank 0, transport 2
x3004c0s25b0n0:9575:14793 [2] NCCL INFO transport/net_ib.cc:771 Ib Alloc Size 552 pointer 0x15018c0ea000
x3004c0s25b0n0:9575:14793 [2] NCCL INFO transport/net.cc:698 Cuda Host Alloc Size 9641984 pointer 0x150182a00000
x3004c0s25b0n0:9570:14735 [0] NCCL INFO GPU Direct RDMA Disabled for GPU 7000 / HCA 0 (distance 7 > 4)
x3004c0s25b0n0:9570:14792 [0] NCCL INFO New proxy recv connection 12 from local rank 0, transport 2
x3004c0s25b0n0:9571:14733 [1] NCCL INFO Connection to proxy localRank 0 -> connection 0x14e698000f40
x3004c0s25b0n0:9571:14733 [1] NCCL INFO Channel 03/0 : 4[46000] -> 7[c7000] [send] via NET/IB/0
x3004c0s25b0n0:9571:14806 [1] NCCL INFO transport/net_ib.cc:596 Ib Alloc Size 26560 pointer 0x14e6980f6000
x3004c0s25b0n0:9571:14806 [1] NCCL INFO NET/IB: Dev 1 Port 1 qpn 12818 mtu 5 GID 0 (80FE/9F0100FEFF000000)
x3004c0s25b0n0:9571:14806 [1] NCCL INFO transport/net_ib.cc:653 Ib Alloc Size 552 pointer 0x14e69810d000
x3004c0s25b0n0:9571:14806 [1] NCCL INFO transport/net.cc:571 Cuda Host Alloc Size 9641984 pointer 0x14e686000000
x3004c0s25b0n0:9575:14736 [2] NCCL INFO GPU Direct RDMA Disabled for GPU 85000 / HCA 0 (distance 7 > 4)
x3004c0s25b0n0:9575:14793 [2] NCCL INFO New proxy send connection 10 from local rank 1, transport 2
x3004c0s25b0n0:9583:14811 [3] NCCL INFO transport/net_ib.cc:771 Ib Alloc Size 552 pointer 0x14f8b00b2000
x3004c0s25b0n0:9583:14811 [3] NCCL INFO transport/net.cc:698 Cuda Host Alloc Size 9641984 pointer 0x14f8a0c00000
x3004c0s25b0n0:9570:14735 [0] NCCL INFO Connection to proxy localRank 0 -> connection 0x14b050000f80
x3004c0s25b0n0:9571:14806 [1] NCCL INFO transport/net_ib.cc:596 Ib Alloc Size 26560 pointer 0x14e69810f000
x3004c0s25b0n0:9571:14806 [1] NCCL INFO NET/IB: Dev 0 Port 1 qpn 12832 mtu 5 GID 0 (80FE/FC0100FEFF000000)
x3004c0s25b0n0:9571:14806 [1] NCCL INFO transport/net_ib.cc:653 Ib Alloc Size 552 pointer 0x14e698126000
x3004c0s25b0n0:9571:14806 [1] NCCL INFO transport/net.cc:571 Cuda Host Alloc Size 9641984 pointer 0x14e686a00000
x3004c0s25b0n0:9583:14811 [3] NCCL INFO transport/net_ib.cc:683 Ib Alloc Size 21688 pointer 0x14f8b00b4000
x3004c0s25b0n0:9583:14811 [3] NCCL INFO transport/net_ib.cc:696 Ib Alloc Size 552 pointer 0x14f8b00bb000
x3004c0s25b0n0:9575:14736 [2] NCCL INFO Connection to proxy localRank 1 -> connection 0x15018c000f00
x3004c0s25b0n0:9575:14736 [2] NCCL INFO Channel 00/0 : 5[85000] -> 2[7000] [send] via NET/IB/0
x3004c0s25b0n0:9575:14736 [2] NCCL INFO GPU Direct RDMA Disabled for GPU 85000 / HCA 1 (distance 7 > 4)
x3004c0s25b0n0:9575:14793 [2] NCCL INFO New proxy send connection 11 from local rank 1, transport 2
x3004c0s25b0n0:9570:14735 [0] NCCL INFO Channel 00/0 : 9[85000] -> 4[7000] [receive] via NET/IB/0
x3004c0s25b0n0:9570:14735 [0] NCCL INFO GPU Direct RDMA Disabled for GPU 7000 / HCA 1 (distance 7 > 4)
x3004c0s25b0n0:9570:14792 [0] NCCL INFO New proxy recv connection 13 from local rank 0, transport 2
x3004c0s25b0n0:9570:14735 [0] NCCL INFO Connection to proxy localRank 0 -> connection 0x14b050000fc0
x3004c0s25b0n0:9583:14811 [3] NCCL INFO transport/net_ib.cc:771 Ib Alloc Size 552 pointer 0x14f8b00d6000
x3004c0s25b0n0:9583:14811 [3] NCCL INFO transport/net.cc:698 Cuda Host Alloc Size 9641984 pointer 0x14f8a1600000
x3004c0s25b0n0:9571:14733 [1] NCCL INFO GPU Direct RDMA Disabled for GPU 46000 / HCA 1 (distance 6 > 4)
x3004c0s25b0n0:9571:14806 [1] NCCL INFO New proxy recv connection 12 from local rank 0, transport 2
x3004c0s25b0n0:9575:14736 [2] NCCL INFO Connection to proxy localRank 1 -> connection 0x15018c000f40
x3004c0s25b0n0:9575:14736 [2] NCCL INFO Channel 01/0 : 5[85000] -> 2[7000] [send] via NET/IB/1
x3004c0s25b0n0:9575:14793 [2] NCCL INFO transport/net_ib.cc:596 Ib Alloc Size 26560 pointer 0x15018c0f6000
x3004c0s25b0n0:9583:14734 [3] NCCL INFO GPU Direct RDMA Disabled for GPU c7000 / HCA 1 (distance 7 > 4)
x3004c0s25b0n0:9583:14811 [3] NCCL INFO New proxy send connection 10 from local rank 1, transport 2
x3004c0s25b0n0:9575:14793 [2] NCCL INFO NET/IB: Dev 0 Port 1 qpn 12835 mtu 5 GID 0 (80FE/FC0100FEFF000000)
x3004c0s25b0n0:9575:14793 [2] NCCL INFO transport/net_ib.cc:653 Ib Alloc Size 552 pointer 0x15018c10d000
x3004c0s25b0n0:9575:14793 [2] NCCL INFO transport/net.cc:571 Cuda Host Alloc Size 9641984 pointer 0x150183400000
x3004c0s25b0n0:9570:14735 [0] NCCL INFO Channel 01/0 : 9[85000] -> 4[7000] [receive] via NET/IB/1
x3004c0s25b0n0:9570:14735 [0] NCCL INFO GPU Direct RDMA Disabled for GPU 7000 / HCA 0 (distance 7 > 4)
x3004c0s25b0n0:9570:14792 [0] NCCL INFO New proxy send connection 14 from local rank 0, transport 2
x3004c0s25b0n0:9571:14733 [1] NCCL INFO Connection to proxy localRank 0 -> connection 0x14e698000f80
x3004c0s25b0n0:9575:14793 [2] NCCL INFO transport/net_ib.cc:596 Ib Alloc Size 26560 pointer 0x15018c10f000
x3004c0s25b0n0:9583:14734 [3] NCCL INFO Connection to proxy localRank 1 -> connection 0x14f8b0000f00
x3004c0s25b0n0:9583:14734 [3] NCCL INFO Channel 00/0 : 5[c7000] -> 2[46000] [send] via NET/IB/1
x3004c0s25b0n0:9583:14734 [3] NCCL INFO GPU Direct RDMA Disabled for GPU c7000 / HCA 0 (distance 6 > 4)
x3004c0s25b0n0:9583:14811 [3] NCCL INFO New proxy send connection 11 from local rank 1, transport 2
x3004c0s25b0n0:9575:14793 [2] NCCL INFO NET/IB: Dev 1 Port 1 qpn 12821 mtu 5 GID 0 (80FE/9F0100FEFF000000)
x3004c0s25b0n0:9575:14793 [2] NCCL INFO transport/net_ib.cc:653 Ib Alloc Size 552 pointer 0x15018c126000
x3004c0s25b0n0:9575:14793 [2] NCCL INFO transport/net.cc:571 Cuda Host Alloc Size 9641984 pointer 0x150180000000
x3004c0s25b0n0:9575:14736 [2] NCCL INFO Channel 00/0 : 5[85000] -> 4[7000] via P2P/IPC/read
x3004c0s25b0n0:9575:14793 [2] NCCL INFO New proxy send connection 12 from local rank 1, transport 0
x3004c0s25b0n0:9570:14735 [0] NCCL INFO Connection to proxy localRank 0 -> connection 0x14b050001000
x3004c0s25b0n0:9570:14735 [0] NCCL INFO Channel 00/0 : 4[7000] -> 9[85000] [send] via NET/IB/0
x3004c0s25b0n0:9570:14735 [0] NCCL INFO GPU Direct RDMA Disabled for GPU 7000 / HCA 1 (distance 7 > 4)
x3004c0s25b0n0:9570:14792 [0] NCCL INFO New proxy send connection 15 from local rank 0, transport 2
x3004c0s25b0n0:9571:14733 [1] NCCL INFO Channel 00/0 : 9[c7000] -> 4[46000] [receive] via NET/IB/1
x3004c0s25b0n0:9571:14733 [1] NCCL INFO GPU Direct RDMA Disabled for GPU 46000 / HCA 0 (distance 7 > 4)
x3004c0s25b0n0:9571:14806 [1] NCCL INFO New proxy recv connection 13 from local rank 0, transport 2
x3004c0s25b0n0:9583:14734 [3] NCCL INFO Connection to proxy localRank 1 -> connection 0x14f8b0000f40
x3004c0s25b0n0:9583:14734 [3] NCCL INFO Channel 01/0 : 5[c7000] -> 2[46000] [send] via NET/IB/0
x3004c0s25b0n0:9583:14811 [3] NCCL INFO transport/net_ib.cc:596 Ib Alloc Size 26560 pointer 0x14f8b00e2000
x3004c0s25b0n0:9575:14736 [2] NCCL INFO Connection to proxy localRank 1 -> connection 0x15018c000f80
x3004c0s25b0n0:9575:14793 [2] NCCL INFO transport/p2p.cc:430 Cuda Alloc Size 6291456 pointer 0x150180a00000
x3004c0s25b0n0:9583:14811 [3] NCCL INFO NET/IB: Dev 1 Port 1 qpn 12822 mtu 5 GID 0 (80FE/9F0100FEFF000000)
x3004c0s25b0n0:9583:14811 [3] NCCL INFO transport/net_ib.cc:653 Ib Alloc Size 552 pointer 0x14f8b00f9000
x3004c0s25b0n0:9583:14811 [3] NCCL INFO transport/net.cc:571 Cuda Host Alloc Size 9641984 pointer 0x14f89e000000
x3004c0s25b0n0:9570:14735 [0] NCCL INFO Connection to proxy localRank 0 -> connection 0x14b050001040
x3004c0s25b0n0:9570:14735 [0] NCCL INFO Channel 01/0 : 4[7000] -> 9[85000] [send] via NET/IB/1
x3004c0s25b0n0:9570:14792 [0] NCCL INFO transport/net_ib.cc:596 Ib Alloc Size 26560 pointer 0x14b05013c000
x3004c0s25b0n0:9571:14733 [1] NCCL INFO Connection to proxy localRank 0 -> connection 0x14e698000fc0
x3004c0s25b0n0:9583:14811 [3] NCCL INFO transport/net_ib.cc:596 Ib Alloc Size 26560 pointer 0x14f8b00fb000
x3004c0s25b0n0:9583:14811 [3] NCCL INFO NET/IB: Dev 0 Port 1 qpn 12837 mtu 5 GID 0 (80FE/FC0100FEFF000000)
x3004c0s25b0n0:9583:14811 [3] NCCL INFO transport/net_ib.cc:653 Ib Alloc Size 552 pointer 0x14f8b0112000
x3004c0s25b0n0:9583:14811 [3] NCCL INFO transport/net.cc:571 Cuda Host Alloc Size 9641984 pointer 0x14f89ea00000
x3004c0s25b0n0:9575:14736 [2] NCCL INFO Channel 01/0 : 5[85000] -> 4[7000] via P2P/IPC/read
x3004c0s25b0n0:9575:14793 [2] NCCL INFO New proxy send connection 13 from local rank 1, transport 0
x3004c0s25b0n0:9570:14792 [0] NCCL INFO NET/IB: Dev 0 Port 1 qpn 12836 mtu 5 GID 0 (80FE/FC0100FEFF000000)
x3004c0s25b0n0:9570:14792 [0] NCCL INFO transport/net_ib.cc:653 Ib Alloc Size 552 pointer 0x14b050153000
x3004c0s25b0n0:9570:14792 [0] NCCL INFO transport/net.cc:571 Cuda Host Alloc Size 9641984 pointer 0x14b046a00000
x3004c0s25b0n0:9571:14733 [1] NCCL INFO Channel 01/0 : 9[c7000] -> 4[46000] [receive] via NET/IB/0
x3004c0s25b0n0:9571:14733 [1] NCCL INFO GPU Direct RDMA Disabled for GPU 46000 / HCA 1 (distance 6 > 4)
x3004c0s25b0n0:9570:14792 [0] NCCL INFO Mem Realloc old size 768, new size 1536 pointer 0x14b05010e6e0
x3004c0s25b0n0:9571:14806 [1] NCCL INFO New proxy send connection 14 from local rank 0, transport 2
x3004c0s25b0n0:9583:14734 [3] NCCL INFO Channel 00/0 : 5[c7000] -> 4[46000] via P2P/IPC/read
x3004c0s25b0n0:9583:14811 [3] NCCL INFO New proxy send connection 12 from local rank 1, transport 0
x3004c0s25b0n0:9575:14736 [2] NCCL INFO Connection to proxy localRank 1 -> connection 0x15018c000fc0
x3004c0s25b0n0:9575:14793 [2] NCCL INFO transport/p2p.cc:430 Cuda Alloc Size 6291456 pointer 0x150181000000
x3004c0s25b0n0:9570:14792 [0] NCCL INFO transport/net_ib.cc:596 Ib Alloc Size 26560 pointer 0x14b050155000
x3004c0s25b0n0:9583:14734 [3] NCCL INFO Connection to proxy localRank 1 -> connection 0x14f8b0000f80
x3004c0s25b0n0:9575:14736 [2] NCCL INFO Channel 02/0 : 5[85000] -> 4[7000] via P2P/IPC/read
x3004c0s25b0n0:9575:14793 [2] NCCL INFO New proxy send connection 14 from local rank 1, transport 0
x3004c0s25b0n0:9570:14792 [0] NCCL INFO NET/IB: Dev 1 Port 1 qpn 12823 mtu 5 GID 0 (80FE/9F0100FEFF000000)
x3004c0s25b0n0:9570:14792 [0] NCCL INFO transport/net_ib.cc:653 Ib Alloc Size 552 pointer 0x14b05016c000
x3004c0s25b0n0:9570:14792 [0] NCCL INFO transport/net.cc:571 Cuda Host Alloc Size 9641984 pointer 0x14b047400000
x3004c0s25b0n0:9570:14792 [0] NCCL INFO Mem Realloc old size 768, new size 1536 pointer 0x14b0501619a0
x3004c0s25b0n0:9571:14733 [1] NCCL INFO Connection to proxy localRank 0 -> connection 0x14e698001000
x3004c0s25b0n0:9571:14733 [1] NCCL INFO Channel 00/0 : 4[46000] -> 9[c7000] [send] via NET/IB/1
x3004c0s25b0n0:9571:14733 [1] NCCL INFO GPU Direct RDMA Disabled for GPU 46000 / HCA 0 (distance 7 > 4)
x3004c0s25b0n0:9571:14806 [1] NCCL INFO New proxy send connection 15 from local rank 0, transport 2
x3004c0s25b0n0:9570:14792 [0] NCCL INFO transport/net_ib.cc:683 Ib Alloc Size 21688 pointer 0x14b05016e000
x3004c0s25b0n0:9570:14792 [0] NCCL INFO transport/net_ib.cc:696 Ib Alloc Size 552 pointer 0x14b050175000
x3004c0s25b0n0:9570:14792 [0] NCCL INFO transport/net_ib.cc:771 Ib Alloc Size 552 pointer 0x14b050191000
x3004c0s25b0n0:9570:14792 [0] NCCL INFO transport/net.cc:698 Cuda Host Alloc Size 9641984 pointer 0x14b044000000
x3004c0s25b0n0:9570:14792 [0] NCCL INFO transport/net_ib.cc:683 Ib Alloc Size 21688 pointer 0x14b050193000
x3004c0s25b0n0:9570:14792 [0] NCCL INFO transport/net_ib.cc:696 Ib Alloc Size 552 pointer 0x14b05019a000
x3004c0s25b0n0:9583:14811 [3] NCCL INFO transport/p2p.cc:430 Cuda Alloc Size 6291456 pointer 0x14f89f400000
x3004c0s25b0n0:9583:14734 [3] NCCL INFO Channel 01/0 : 5[c7000] -> 4[46000] via P2P/IPC/read
x3004c0s25b0n0:9583:14811 [3] NCCL INFO New proxy send connection 13 from local rank 1, transport 0
x3004c0s25b0n0:9575:14736 [2] NCCL INFO Connection to proxy localRank 1 -> connection 0x15018c001000
x3004c0s25b0n0:9575:14793 [2] NCCL INFO transport/p2p.cc:430 Cuda Alloc Size 6291456 pointer 0x150181600000
x3004c0s25b0n0:9570:14792 [0] NCCL INFO transport/net_ib.cc:771 Ib Alloc Size 552 pointer 0x14b0501b5000
x3004c0s25b0n0:9570:14792 [0] NCCL INFO transport/net.cc:698 Cuda Host Alloc Size 9641984 pointer 0x14b044a00000
x3004c0s25b0n0:9571:14733 [1] NCCL INFO Connection to proxy localRank 0 -> connection 0x14e698001040
x3004c0s25b0n0:9571:14733 [1] NCCL INFO Channel 01/0 : 4[46000] -> 9[c7000] [send] via NET/IB/0
x3004c0s25b0n0:9571:14806 [1] NCCL INFO transport/net_ib.cc:596 Ib Alloc Size 26560 pointer 0x14e69813c000
x3004c0s25b0n0:9575:14736 [2] NCCL INFO Channel 03/0 : 5[85000] -> 4[7000] via P2P/IPC/read
x3004c0s25b0n0:9575:14793 [2] NCCL INFO New proxy send connection 15 from local rank 1, transport 0
x3004c0s25b0n0:9571:14806 [1] NCCL INFO NET/IB: Dev 1 Port 1 qpn 12826 mtu 5 GID 0 (80FE/9F0100FEFF000000)
x3004c0s25b0n0:9571:14806 [1] NCCL INFO transport/net_ib.cc:653 Ib Alloc Size 552 pointer 0x14e698153000
x3004c0s25b0n0:9571:14806 [1] NCCL INFO transport/net.cc:571 Cuda Host Alloc Size 9641984 pointer 0x14e687400000
x3004c0s25b0n0:9570:14735 [0] NCCL INFO GPU Direct RDMA Disabled for GPU 7000 / HCA 0 (distance 7 > 4)
x3004c0s25b0n0:9570:14792 [0] NCCL INFO New proxy recv connection 16 from local rank 0, transport 2
x3004c0s25b0n0:9583:14734 [3] NCCL INFO Connection to proxy localRank 1 -> connection 0x14f8b0000fc0
x3004c0s25b0n0:9583:14811 [3] NCCL INFO transport/p2p.cc:430 Cuda Alloc Size 6291456 pointer 0x14f89fa00000
x3004c0s25b0n0:9571:14806 [1] NCCL INFO transport/net_ib.cc:596 Ib Alloc Size 26560 pointer 0x14e698155000
x3004c0s25b0n0:9571:14806 [1] NCCL INFO NET/IB: Dev 0 Port 1 qpn 12840 mtu 5 GID 0 (80FE/FC0100FEFF000000)
x3004c0s25b0n0:9571:14806 [1] NCCL INFO transport/net_ib.cc:653 Ib Alloc Size 552 pointer 0x14e69816c000
x3004c0s25b0n0:9571:14806 [1] NCCL INFO transport/net.cc:571 Cuda Host Alloc Size 9641984 pointer 0x14e684000000
x3004c0s25b0n0:9571:14806 [1] NCCL INFO transport/net_ib.cc:683 Ib Alloc Size 21688 pointer 0x14e69816e000
x3004c0s25b0n0:9571:14806 [1] NCCL INFO transport/net_ib.cc:696 Ib Alloc Size 552 pointer 0x14e698175000
x3004c0s25b0n0:9575:14736 [2] NCCL INFO Connection to proxy localRank 1 -> connection 0x15018c001040
x3004c0s25b0n0:9575:14793 [2] NCCL INFO transport/p2p.cc:430 Cuda Alloc Size 6291456 pointer 0x15017e000000
x3004c0s25b0n0:9571:14806 [1] NCCL INFO transport/net_ib.cc:771 Ib Alloc Size 552 pointer 0x14e698191000
x3004c0s25b0n0:9571:14806 [1] NCCL INFO transport/net.cc:698 Cuda Host Alloc Size 9641984 pointer 0x14e684a00000
x3004c0s25b0n0:9570:14735 [0] NCCL INFO Connection to proxy localRank 0 -> connection 0x14b050001080
x3004c0s25b0n0:9583:14734 [3] NCCL INFO Channel 02/0 : 5[c7000] -> 4[46000] via P2P/IPC/read
x3004c0s25b0n0:9583:14811 [3] NCCL INFO New proxy send connection 14 from local rank 1, transport 0
x3004c0s25b0n0:9571:14806 [1] NCCL INFO transport/net_ib.cc:683 Ib Alloc Size 21688 pointer 0x14e698193000
x3004c0s25b0n0:9571:14806 [1] NCCL INFO transport/net_ib.cc:696 Ib Alloc Size 552 pointer 0x14e69819a000
x3004c0s25b0n0:9570:14735 [0] NCCL INFO Channel 02/0 : 7[85000] -> 4[7000] [receive] via NET/IB/0
x3004c0s25b0n0:9570:14735 [0] NCCL INFO GPU Direct RDMA Disabled for GPU 7000 / HCA 1 (distance 7 > 4)
x3004c0s25b0n0:9571:14806 [1] NCCL INFO transport/net_ib.cc:771 Ib Alloc Size 552 pointer 0x14e6981b5000
x3004c0s25b0n0:9571:14806 [1] NCCL INFO transport/net.cc:698 Cuda Host Alloc Size 9641984 pointer 0x14e685400000
x3004c0s25b0n0:9570:14792 [0] NCCL INFO New proxy recv connection 17 from local rank 0, transport 2
x3004c0s25b0n0:9570:14735 [0] NCCL INFO Connection to proxy localRank 0 -> connection 0x14b0500010c0
x3004c0s25b0n0:9583:14734 [3] NCCL INFO Connection to proxy localRank 1 -> connection 0x14f8b0001000
x3004c0s25b0n0:9583:14811 [3] NCCL INFO transport/p2p.cc:430 Cuda Alloc Size 6291456 pointer 0x14f89c000000
x3004c0s25b0n0:9571:14733 [1] NCCL INFO GPU Direct RDMA Disabled for GPU 46000 / HCA 1 (distance 6 > 4)
x3004c0s25b0n0:9571:14806 [1] NCCL INFO New proxy recv connection 16 from local rank 0, transport 2
x3004c0s25b0n0:9571:14733 [1] NCCL INFO Connection to proxy localRank 0 -> connection 0x14e698001080
x3004c0s25b0n0:9583:14734 [3] NCCL INFO Channel 03/0 : 5[c7000] -> 4[46000] via P2P/IPC/read
x3004c0s25b0n0:9583:14811 [3] NCCL INFO New proxy send connection 15 from local rank 1, transport 0
x3004c0s25b0n0:9570:14735 [0] NCCL INFO Channel 03/0 : 7[85000] -> 4[7000] [receive] via NET/IB/1
x3004c0s25b0n0:9570:14792 [0] NCCL INFO transport/net_ib.cc:683 Ib Alloc Size 21688 pointer 0x14b0501c1000
x3004c0s25b0n0:9570:14792 [0] NCCL INFO transport/net_ib.cc:696 Ib Alloc Size 552 pointer 0x14b0501c8000
x3004c0s25b0n0:9570:14792 [0] NCCL INFO transport/net_ib.cc:771 Ib Alloc Size 552 pointer 0x14b0501e3000
x3004c0s25b0n0:9570:14792 [0] NCCL INFO transport/net.cc:698 Cuda Host Alloc Size 9641984 pointer 0x14b045400000
x3004c0s25b0n0:9571:14733 [1] NCCL INFO Channel 02/0 : 7[c7000] -> 4[46000] [receive] via NET/IB/1
x3004c0s25b0n0:9571:14733 [1] NCCL INFO GPU Direct RDMA Disabled for GPU 46000 / HCA 0 (distance 7 > 4)
x3004c0s25b0n0:9571:14806 [1] NCCL INFO New proxy recv connection 17 from local rank 0, transport 2
x3004c0s25b0n0:9583:14734 [3] NCCL INFO Connection to proxy localRank 1 -> connection 0x14f8b0001040
x3004c0s25b0n0:9583:14811 [3] NCCL INFO transport/p2p.cc:430 Cuda Alloc Size 6291456 pointer 0x14f89c600000
x3004c0s25b0n0:9570:14792 [0] NCCL INFO transport/net_ib.cc:683 Ib Alloc Size 21688 pointer 0x14b0501e3000
x3004c0s25b0n0:9570:14792 [0] NCCL INFO transport/net_ib.cc:696 Ib Alloc Size 552 pointer 0x14b0501ea000
x3004c0s25b0n0:9570:14792 [0] NCCL INFO transport/net_ib.cc:771 Ib Alloc Size 552 pointer 0x14b050206000
x3004c0s25b0n0:9570:14792 [0] NCCL INFO transport/net.cc:698 Cuda Host Alloc Size 9641984 pointer 0x14b042000000
x3004c0s25b0n0:9570:14735 [0] NCCL INFO GPU Direct RDMA Disabled for GPU 7000 / HCA 0 (distance 7 > 4)
x3004c0s25b0n0:9570:14792 [0] NCCL INFO New proxy recv connection 18 from local rank 0, transport 2
x3004c0s25b0n0:9571:14733 [1] NCCL INFO Connection to proxy localRank 0 -> connection 0x14e6980010c0
x3004c0s25b0n0:9570:14735 [0] NCCL INFO Connection to proxy localRank 0 -> connection 0x14b050001100
x3004c0s25b0n0:9570:14735 [0] NCCL INFO Channel 00/0 : 6[7000] -> 4[7000] [receive] via NET/IB/0
x3004c0s25b0n0:9570:14735 [0] NCCL INFO GPU Direct RDMA Disabled for GPU 7000 / HCA 1 (distance 7 > 4)
x3004c0s25b0n0:9571:14733 [1] NCCL INFO Channel 03/0 : 7[c7000] -> 4[46000] [receive] via NET/IB/0
x3004c0s25b0n0:9571:14806 [1] NCCL INFO transport/net_ib.cc:683 Ib Alloc Size 21688 pointer 0x14e6981c1000
x3004c0s25b0n0:9571:14806 [1] NCCL INFO transport/net_ib.cc:696 Ib Alloc Size 552 pointer 0x14e6981c8000
x3004c0s25b0n0:9570:14792 [0] NCCL INFO New proxy recv connection 19 from local rank 0, transport 2
x3004c0s25b0n0:9571:14806 [1] NCCL INFO transport/net_ib.cc:771 Ib Alloc Size 552 pointer 0x14e6981e3000
x3004c0s25b0n0:9571:14806 [1] NCCL INFO transport/net.cc:698 Cuda Host Alloc Size 9641984 pointer 0x14e682000000
x3004c0s25b0n0:9571:14806 [1] NCCL INFO Mem Realloc old size 768, new size 1536 pointer 0x14e6981530a0
x3004c0s25b0n0:9570:14735 [0] NCCL INFO Connection to proxy localRank 0 -> connection 0x14b050001140
x3004c0s25b0n0:9571:14806 [1] NCCL INFO transport/net_ib.cc:683 Ib Alloc Size 21688 pointer 0x14e6981e3000
x3004c0s25b0n0:9571:14806 [1] NCCL INFO transport/net_ib.cc:696 Ib Alloc Size 552 pointer 0x14e6981ea000
x3004c0s25b0n0:9571:14806 [1] NCCL INFO transport/net_ib.cc:771 Ib Alloc Size 552 pointer 0x14e698206000
x3004c0s25b0n0:9571:14806 [1] NCCL INFO transport/net.cc:698 Cuda Host Alloc Size 9641984 pointer 0x14e682a00000
x3004c0s25b0n0:9571:14806 [1] NCCL INFO Mem Realloc old size 768, new size 1536 pointer 0x14e698148860
x3004c0s25b0n0:9571:14733 [1] NCCL INFO GPU Direct RDMA Disabled for GPU 46000 / HCA 1 (distance 6 > 4)
x3004c0s25b0n0:9570:14735 [0] NCCL INFO Channel 01/0 : 6[7000] -> 4[7000] [receive] via NET/IB/1
x3004c0s25b0n0:9570:14792 [0] NCCL INFO transport/net_ib.cc:683 Ib Alloc Size 21688 pointer 0x14b050212000
x3004c0s25b0n0:9570:14792 [0] NCCL INFO transport/net_ib.cc:696 Ib Alloc Size 552 pointer 0x14b050219000
x3004c0s25b0n0:9571:14806 [1] NCCL INFO New proxy recv connection 18 from local rank 0, transport 2
x3004c0s25b0n0:9570:14792 [0] NCCL INFO transport/net_ib.cc:771 Ib Alloc Size 552 pointer 0x14b050234000
x3004c0s25b0n0:9570:14792 [0] NCCL INFO transport/net.cc:698 Cuda Host Alloc Size 9641984 pointer 0x14b042a00000
x3004c0s25b0n0:9570:14792 [0] NCCL INFO transport/net_ib.cc:683 Ib Alloc Size 21688 pointer 0x14b050236000
x3004c0s25b0n0:9570:14792 [0] NCCL INFO transport/net_ib.cc:696 Ib Alloc Size 552 pointer 0x14b05023d000
x3004c0s25b0n0:9570:14792 [0] NCCL INFO transport/net_ib.cc:771 Ib Alloc Size 552 pointer 0x14b050258000
x3004c0s25b0n0:9570:14792 [0] NCCL INFO transport/net.cc:698 Cuda Host Alloc Size 9641984 pointer 0x14b043400000
x3004c0s25b0n0:9570:14792 [0] NCCL INFO New proxy recv connection 20 from local rank 0, transport 0
x3004c0s25b0n0:9571:14733 [1] NCCL INFO Connection to proxy localRank 0 -> connection 0x14e698001100
x3004c0s25b0n0:9570:14735 [0] NCCL INFO Connection to proxy localRank 0 -> connection 0x14b050001180
x3004c0s25b0n0:9570:14792 [0] NCCL INFO transport/p2p.cc:449 Cuda Alloc Size 6291456 pointer 0x14b040000000
x3004c0s25b0n0:9571:14733 [1] NCCL INFO Channel 00/0 : 6[46000] -> 4[46000] [receive] via NET/IB/1
x3004c0s25b0n0:9571:14733 [1] NCCL INFO GPU Direct RDMA Disabled for GPU 46000 / HCA 0 (distance 7 > 4)
x3004c0s25b0n0:9571:14806 [1] NCCL INFO New proxy recv connection 19 from local rank 0, transport 2
x3004c0s25b0n0:9570:14792 [0] NCCL INFO New proxy recv connection 21 from local rank 0, transport 0
x3004c0s25b0n0:9570:14735 [0] NCCL INFO Connection to proxy localRank 0 -> connection 0x14b0500011c0
x3004c0s25b0n0:9570:14792 [0] NCCL INFO transport/p2p.cc:449 Cuda Alloc Size 6291456 pointer 0x14b040600000
x3004c0s25b0n0:9571:14733 [1] NCCL INFO Connection to proxy localRank 0 -> connection 0x14e698001140
x3004c0s25b0n0:9570:14792 [0] NCCL INFO New proxy recv connection 22 from local rank 0, transport 0
x3004c0s25b0n0:9570:14735 [0] NCCL INFO Connection to proxy localRank 0 -> connection 0x14b050001200
x3004c0s25b0n0:9570:14792 [0] NCCL INFO transport/p2p.cc:449 Cuda Alloc Size 6291456 pointer 0x14b040c00000
x3004c0s25b0n0:9571:14733 [1] NCCL INFO Channel 01/0 : 6[46000] -> 4[46000] [receive] via NET/IB/0
x3004c0s25b0n0:9571:14806 [1] NCCL INFO transport/net_ib.cc:683 Ib Alloc Size 21688 pointer 0x14e698212000
x3004c0s25b0n0:9571:14806 [1] NCCL INFO transport/net_ib.cc:696 Ib Alloc Size 552 pointer 0x14e698219000
x3004c0s25b0n0:9571:14806 [1] NCCL INFO transport/net_ib.cc:771 Ib Alloc Size 552 pointer 0x14e698234000
x3004c0s25b0n0:9571:14806 [1] NCCL INFO transport/net.cc:698 Cuda Host Alloc Size 9641984 pointer 0x14e683400000
x3004c0s25b0n0:9570:14792 [0] NCCL INFO New proxy recv connection 23 from local rank 0, transport 0
x3004c0s25b0n0:9571:14806 [1] NCCL INFO transport/net_ib.cc:683 Ib Alloc Size 21688 pointer 0x14e698236000
x3004c0s25b0n0:9571:14806 [1] NCCL INFO transport/net_ib.cc:696 Ib Alloc Size 552 pointer 0x14e69823d000
x3004c0s25b0n0:9571:14806 [1] NCCL INFO transport/net_ib.cc:771 Ib Alloc Size 552 pointer 0x14e698258000
x3004c0s25b0n0:9571:14806 [1] NCCL INFO transport/net.cc:698 Cuda Host Alloc Size 9641984 pointer 0x14e680000000
x3004c0s25b0n0:9570:14735 [0] NCCL INFO Connection to proxy localRank 0 -> connection 0x14b050001240
x3004c0s25b0n0:9570:14792 [0] NCCL INFO transport/p2p.cc:449 Cuda Alloc Size 6291456 pointer 0x14b041200000
x3004c0s25b0n0:9570:14735 [0] NCCL INFO Connected all trees by HAO
x3004c0s25b0n0:9570:14735 [0] NCCL INFO threadThresholds 8/8/64 | 80/8/64 | 512 | 512
x3004c0s25b0n0:9570:14735 [0] NCCL INFO 4 coll channels, 4 p2p channels, 2 p2p channels per peer
x3004c0s25b0n0:9570:14792 [0] NCCL INFO New proxy send connection 24 from local rank 0, transport 2
x3004c0s25b0n0:9575:14736 [2] NCCL INFO Connected all trees by HAO
x3004c0s25b0n0:9575:14736 [2] NCCL INFO threadThresholds 8/8/64 | 80/8/64 | 512 | 512
x3004c0s25b0n0:9575:14736 [2] NCCL INFO 4 coll channels, 4 p2p channels, 2 p2p channels per peer
x3004c0s25b0n0:9575:14793 [2] NCCL INFO New proxy send connection 16 from local rank 1, transport 2
x3004c0s25b0n0:9571:14806 [1] NCCL INFO New proxy recv connection 20 from local rank 0, transport 0
x3004c0s25b0n0:9570:14735 [0] NCCL INFO Connection to proxy localRank 0 -> connection 0x14b050001280
x3004c0s25b0n0:9570:14792 [0] NCCL INFO transport/net.cc:376 Cuda Alloc Size 8388608 pointer 0x14b03f200000
x3004c0s25b0n0:9571:14733 [1] NCCL INFO Connection to proxy localRank 0 -> connection 0x14e698001180
x3004c0s25b0n0:9571:14806 [1] NCCL INFO transport/p2p.cc:449 Cuda Alloc Size 6291456 pointer 0x14e680a00000
x3004c0s25b0n0:9575:14736 [2] NCCL INFO Connection to proxy localRank 1 -> connection 0x15018c001080
x3004c0s25b0n0:9575:14736 [2] NCCL INFO init.cc:367 Cuda Alloc Size 5168 pointer 0x150207814400
x3004c0s25b0n0:9570:14735 [0] NCCL INFO init.cc:367 Cuda Alloc Size 5168 pointer 0x14b0c9814400
x3004c0s25b0n0:9570:14735 [0] NCCL INFO init.cc:392 Cuda Host Alloc Size 33554432 pointer 0x14b03c000000
x3004c0s25b0n0:9570:14735 [0] NCCL INFO init.cc:398 Cuda Host Alloc Size 128 pointer 0x14b0c8e00a00
x3004c0s25b0n0:9570:14735 [0] NCCL INFO comm 0x55d068306c00 rank 4 nranks 10 cudaDev 0 busId 7000 - Init COMPLETE
x3004c0s25b0n0:9575:14736 [2] NCCL INFO init.cc:392 Cuda Host Alloc Size 33554432 pointer 0x15017c000000
x3004c0s25b0n0:9575:14736 [2] NCCL INFO init.cc:398 Cuda Host Alloc Size 128 pointer 0x150206e00a00
x3004c0s25b0n0:9575:14736 [2] NCCL INFO comm 0x5614a541b7b0 rank 5 nranks 10 cudaDev 2 busId 85000 - Init COMPLETE
x3004c0s25b0n0:9575:14793 [2] NCCL INFO transport/net.cc:376 Cuda Alloc Size 8388608 pointer 0x15017a000000
x3004c0s25b0n0:9575:9575 [2] NCCL INFO AllReduce: opCount 0 sendbuff 0x15024d600400 recvbuff 0x15024d600400 count 1 datatype 4 op 0 root 0 comm 0x5614a541b7b0 [nranks=10] stream 0x5614a217cfd0
x3004c0s25b0n0:9575:9575 [2] NCCL INFO misc/utils.cc:235 memory stack hunk malloc(65536)
[LYD INFO in ncclLaunchKernel (enqueue.cc)] NCHANNELS is: 4x3004c0s25b0n0:9570:9570 [0] NCCL INFO AllReduce: opCount 0 sendbuff 0x14b10d600400 recvbuff 0x14b10d600400 count 1 datatype 4 op 0 root 0 comm 0x55d068306c00 [nranks=10] stream 0x55d066244910
x3004c0s25b0n0:9570:9570 [0] NCCL INFO misc/utils.cc:235 memory stack hunk malloc(65536)
[LYD INFO in ncclLaunchKernel (enqueue.cc)] NCHANNELS is: 4x3004c0s25b0n0:9571:14806 [1] NCCL INFO New proxy recv connection 21 from local rank 0, transport 0
x3004c0s25b0n0:9571:14733 [1] NCCL INFO Connection to proxy localRank 0 -> connection 0x14e6980011c0
x3004c0s25b0n0:9571:14806 [1] NCCL INFO transport/p2p.cc:449 Cuda Alloc Size 6291456 pointer 0x14e681000000
x3004c0s25b0n0:9571:14806 [1] NCCL INFO New proxy recv connection 22 from local rank 0, transport 0
x3004c0s25b0n0:9571:14733 [1] NCCL INFO Connection to proxy localRank 0 -> connection 0x14e698001200
x3004c0s25b0n0:9571:14806 [1] NCCL INFO transport/p2p.cc:449 Cuda Alloc Size 6291456 pointer 0x14e681600000
x3004c0s25b0n0:9571:14806 [1] NCCL INFO New proxy recv connection 23 from local rank 0, transport 0

[LYD INFO in NCCL_KERN_NAME (common.h)] 5 AllReduce TREE LL Sum int64_t Elapsed time: 485846 us

[LYD INFO in NCCL_KERN_NAME (common.h)] 4 AllReduce TREE LL Sum int64_t Elapsed time: 507193 us
x3004c0s25b0n0:9571:14733 [1] NCCL INFO Connection to proxy localRank 0 -> connection 0x14e698001240
x3004c0s25b0n0:9571:14806 [1] NCCL INFO transport/p2p.cc:449 Cuda Alloc Size 6291456 pointer 0x14e67e000000
[Hao INFO in ncclAllReduce (all_reduce.cc)] rank 2 ncclAllReduce: count: 1, datatype: ncclInt64, message size: 8 Bytes
x3004c0s25b0n0:9575:9575 [2] NCCL INFO AllReduce: opCount 1 sendbuff 0x15024d600400 recvbuff 0x15024d600400 count 1 datatype 4 op 0 root 0 comm 0x5614a3768ec0 [nranks=2] stream 0x5614a217ce90

[LYD INFO in ncclAllReduce (all_reduce.cc)] rank 0 AllReduce Time: 0.000019000 seconds

[LYD INFO in getAlgoInfo (enqueue.cc)] algorithm a is: 0

[LYD INFO in getAlgoInfo (enqueue.cc)] algorithm a is: 1

[LYD INFO in getAlgoInfo (enqueue.cc)] rank: 0, Duration between Point 1 and Point 2: 0.000003000 seconds

[LYD INFO in getAlgoInfo (enqueue.cc)] rank 0, Duration between Point 2 and Point 3: 0.000000000 seconds
[LYD INFO in getAlgoInfo (enqueue.cc)] out rank: 0
[LYD INFO in getAlgoInfo (enqueue.cc)] out coll: 4
[LYD INFO in getAlgoInfo (enqueue.cc)] out sendbuff address: 0x15024d600400
[LYD INFO in getAlgoInfo (enqueue.cc)] out recvbuff address: 0x15024d600400
[LYD INFO in getAlgoInfo (enqueue.cc)] out count: 1
[LYD INFO in getAlgoInfo (enqueue.cc)] out datatype: 4
[LYD INFO in getAlgoInfo (enqueue.cc)] out chunkSteps: 4
[LYD INFO in getAlgoInfo (enqueue.cc)] out sliceSteps: 2
[LYD INFO in getAlgoInfo (enqueue.cc)] out algorithm: 1
[LYD INFO in getAlgoInfo (enqueue.cc)] out protocol: 0
[LYD INFO in getAlgoInfo (enqueue.cc)] out nChannels: 1
[LYD INFO in getAlgoInfo (enqueue.cc)] out nThreads: 96
[LYD INFO in getAlgoInfo (enqueue.cc)] out nBytes: 8
[LYD INFO in getAlgoInfo (enqueue.cc)] out nstepsPerLoop: 0
[LYD INFO in getAlgoInfo (enqueue.cc)] out nchunksPerLoop: 0
[LYD INFO in getAlgoInfo (enqueue.cc)] out chunkSize: 0
[LYD INFO in ncclLaunchKernel (enqueue.cc)] NCHANNELS is: 8x3004c0s25b0n0:9575:9575 [2] NCCL INFO AllReduce: opCount 1 sendbuff 0x15024d600400 recvbuff 0x15024d600400 count 1 datatype 4 op 0 root 0 comm 0x5614a541b7b0 [nranks=10] stream 0x5614a217cfd0
[LYD INFO in ncclLaunchKernel (enqueue.cc)] NCHANNELS is: 4[Hao INFO in ncclAllReduce (all_reduce.cc)] rank 0 ncclAllReduce: count: 1, datatype: ncclInt64, message size: 8 Bytes
x3004c0s25b0n0:9570:9570 [0] NCCL INFO AllReduce: opCount 1 sendbuff 0x14b10d600400 recvbuff 0x14b10d600400 count 1 datatype 4 op 0 root 0 comm 0x55d067b4fc10 [nranks=2] stream 0x55d066266d70

[LYD INFO in ncclAllReduce (all_reduce.cc)] rank 0 AllReduce Time: 0.000016000 seconds

[LYD INFO in getAlgoInfo (enqueue.cc)] algorithm a is: 0

[LYD INFO in getAlgoInfo (enqueue.cc)] algorithm a is: 1

[LYD INFO in getAlgoInfo (enqueue.cc)] rank: 0, Duration between Point 1 and Point 2: 0.000003000 seconds

[LYD INFO in getAlgoInfo (enqueue.cc)] rank 0, Duration between Point 2 and Point 3: 0.000000000 seconds
[LYD INFO in getAlgoInfo (enqueue.cc)] out rank: 0
[LYD INFO in getAlgoInfo (enqueue.cc)] out coll: 4
[LYD INFO in getAlgoInfo (enqueue.cc)] out sendbuff address: 0x14b10d600400
[LYD INFO in getAlgoInfo (enqueue.cc)] out recvbuff address: 0x14b10d600400
[LYD INFO in getAlgoInfo (enqueue.cc)] out count: 1
[LYD INFO in getAlgoInfo (enqueue.cc)] out datatype: 4
[LYD INFO in getAlgoInfo (enqueue.cc)] out chunkSteps: 4
[LYD INFO in getAlgoInfo (enqueue.cc)] out sliceSteps: 2
[LYD INFO in getAlgoInfo (enqueue.cc)] out algorithm: 1
[LYD INFO in getAlgoInfo (enqueue.cc)] out protocol: 0
[LYD INFO in getAlgoInfo (enqueue.cc)] out nChannels: 1
[LYD INFO in getAlgoInfo (enqueue.cc)] out nThreads: 96
[LYD INFO in getAlgoInfo (enqueue.cc)] out nBytes: 8
[LYD INFO in getAlgoInfo (enqueue.cc)] out nstepsPerLoop: 0
[LYD INFO in getAlgoInfo (enqueue.cc)] out nchunksPerLoop: 0
[LYD INFO in getAlgoInfo (enqueue.cc)] out chunkSize: 0
[LYD INFO in ncclLaunchKernel (enqueue.cc)] NCHANNELS is: 8x3004c0s25b0n0:9570:9570 [0] NCCL INFO AllReduce: opCount 1 sendbuff 0x14b10d600400 recvbuff 0x14b10d600400 count 1 datatype 4 op 0 root 0 comm 0x55d068306c00 [nranks=10] stream 0x55d066244910
[LYD INFO in ncclLaunchKernel (enqueue.cc)] NCHANNELS is: 4x3004c0s25b0n0:9571:14733 [1] NCCL INFO Connected all trees by HAO
x3004c0s25b0n0:9571:14733 [1] NCCL INFO threadThresholds 8/8/64 | 80/8/64 | 512 | 512
x3004c0s25b0n0:9571:14733 [1] NCCL INFO 4 coll channels, 4 p2p channels, 2 p2p channels per peer
x3004c0s25b0n0:9583:14734 [3] NCCL INFO Connected all trees by HAO
x3004c0s25b0n0:9583:14734 [3] NCCL INFO threadThresholds 8/8/64 | 80/8/64 | 512 | 512
x3004c0s25b0n0:9583:14734 [3] NCCL INFO 4 coll channels, 4 p2p channels, 2 p2p channels per peer
x3004c0s25b0n0:9583:14811 [3] NCCL INFO New proxy send connection 16 from local rank 1, transport 2
x3004c0s25b0n0:9571:14806 [1] NCCL INFO New proxy send connection 24 from local rank 0, transport 2
x3004c0s25b0n0:9571:14733 [1] NCCL INFO Connection to proxy localRank 0 -> connection 0x14e698001280
x3004c0s25b0n0:9571:14806 [1] NCCL INFO transport/net.cc:376 Cuda Alloc Size 8388608 pointer 0x14e67c000000
x3004c0s25b0n0:9583:14734 [3] NCCL INFO Connection to proxy localRank 1 -> connection 0x14f8b0001080
x3004c0s25b0n0:9583:14734 [3] NCCL INFO init.cc:367 Cuda Alloc Size 5168 pointer 0x14f91d814400
x3004c0s25b0n0:9571:14733 [1] NCCL INFO init.cc:367 Cuda Alloc Size 5168 pointer 0x14e70f814400
x3004c0s25b0n0:9571:14733 [1] NCCL INFO init.cc:392 Cuda Host Alloc Size 33554432 pointer 0x14e67a000000
x3004c0s25b0n0:9571:14733 [1] NCCL INFO init.cc:398 Cuda Host Alloc Size 128 pointer 0x14e70ee00a00
x3004c0s25b0n0:9571:14733 [1] NCCL INFO comm 0x55c39596e7d0 rank 4 nranks 10 cudaDev 1 busId 46000 - Init COMPLETE
x3004c0s25b0n0:9583:14734 [3] NCCL INFO init.cc:392 Cuda Host Alloc Size 33554432 pointer 0x14f898000000
x3004c0s25b0n0:9583:14734 [3] NCCL INFO init.cc:398 Cuda Host Alloc Size 128 pointer 0x14f91ce00a00
x3004c0s25b0n0:9583:14734 [3] NCCL INFO comm 0x5641c7b0dc20 rank 5 nranks 10 cudaDev 3 busId c7000 - Init COMPLETE
x3004c0s25b0n0:9583:14811 [3] NCCL INFO transport/net.cc:376 Cuda Alloc Size 8388608 pointer 0x14f89a600000
x3004c0s25b0n0:9583:9583 [3] NCCL INFO AllReduce: opCount 0 sendbuff 0x14f95d600400 recvbuff 0x14f95d600400 count 1 datatype 4 op 0 root 0 comm 0x5641c7b0dc20 [nranks=10] stream 0x5641c49c7680
x3004c0s25b0n0:9583:9583 [3] NCCL INFO misc/utils.cc:235 memory stack hunk malloc(65536)
[LYD INFO in ncclLaunchKernel (enqueue.cc)] NCHANNELS is: 4x3004c0s25b0n0:9571:9571 [1] NCCL INFO AllReduce: opCount 0 sendbuff 0x14e74f600400 recvbuff 0x14e74f600400 count 1 datatype 4 op 0 root 0 comm 0x55c39596e7d0 [nranks=10] stream 0x55c3937921f0
x3004c0s25b0n0:9571:9571 [1] NCCL INFO misc/utils.cc:235 memory stack hunk malloc(65536)
[LYD INFO in ncclLaunchKernel (enqueue.cc)] NCHANNELS is: 4
[LYD INFO in NCCL_KERN_NAME (common.h)] 4 AllReduce TREE LL Sum int64_t Elapsed time: 13760 us
x3004c0s25b0n0:9571:9571 [1] NCCL INFO AllReduce: opCount 1 sendbuff 0x14e74f600400 recvbuff 0x14e74f600400 count 1 datatype 4 op 0 root 0 comm 0x55c3955354c0 [nranks=2] stream 0x55c3937920b0
[LYD INFO in ncclLaunchKernel (enqueue.cc)] NCHANNELS is: 8x3004c0s25b0n0:9571:9571 [1] NCCL INFO AllReduce: opCount 1 sendbuff 0x14e74f600400 recvbuff 0x14e74f600400 count 1 datatype 4 op 0 root 0 comm 0x55c39596e7d0 [nranks=10] stream 0x55c3937921f0
[LYD INFO in ncclLaunchKernel (enqueue.cc)] NCHANNELS is: 4
[LYD INFO in NCCL_KERN_NAME (common.h)] 5 AllReduce TREE LL Sum int64_t Elapsed time: 46850 us
x3004c0s25b0n0:9583:9583 [3] NCCL INFO AllReduce: opCount 1 sendbuff 0x14f95d600400 recvbuff 0x14f95d600400 count 1 datatype 4 op 0 root 0 comm 0x5641c61495b0 [nranks=2] stream 0x5641c49c7540
[LYD INFO in ncclLaunchKernel (enqueue.cc)] NCHANNELS is: 8x3004c0s25b0n0:9583:9583 [3] NCCL INFO AllReduce: opCount 1 sendbuff 0x14f95d600400 recvbuff 0x14f95d600400 count 1 datatype 4 op 0 root 0 comm 0x5641c7b0dc20 [nranks=10] stream 0x5641c49c7680
[LYD INFO in ncclLaunchKernel (enqueue.cc)] NCHANNELS is: 4
[LYD INFO in NCCL_KERN_NAME (common.h)] 0 AllReduce RING LL Sum int64_t Elapsed time: 329870 us

[LYD INFO in NCCL_KERN_NAME (common.h)] 1 AllReduce RING LL Sum int64_t Elapsed time: 7 us

[LYD INFO in NCCL_KERN_NAME (common.h)] 0 AllReduce RING LL Sum int64_t Elapsed time: 369701 us

[LYD INFO in NCCL_KERN_NAME (common.h)] 1 AllReduce RING LL Sum int64_t Elapsed time: 7 us
