x3204c0s1b1n0:16087:19762 [3] NCCL INFO               + PCI[24.0] - GPU/85000 (14)
x3204c0s1b1n0:16087:19762 [3] NCCL INFO                             + NVL[88.0] - GPU/C7000
x3204c0s1b1n0:16087:19762 [3] NCCL INFO                             + NVL[88.0] - GPU/46000
x3204c0s1b1n0:16087:19762 [3] NCCL INFO                             + NVL[88.0] - GPU/7000
x3204c0s1b1n0:16087:19762 [3] NCCL INFO CPU/0 (1/2/-1)
x3204c0s1b1n0:16087:19762 [3] NCCL INFO + SYS[5000.0] - CPU/3
x3204c0s1b1n0:16087:19762 [3] NCCL INFO + SYS[5000.0] - CPU/2
x3204c0s1b1n0:16087:19762 [3] NCCL INFO + SYS[5000.0] - CPU/1
x3204c0s1b1n0:16087:19762 [3] NCCL INFO + PCI[24.0] - PCI/C5000 (11f8406811f8beef)
x3204c0s1b1n0:16087:19762 [3] NCCL INFO               + PCI[24.0] - GPU/C7000 (15)
x3204c0s1b1n0:16087:19762 [3] NCCL INFO                             + NVL[88.0] - GPU/85000
x3204c0s1b1n0:16087:19762 [3] NCCL INFO                             + NVL[88.0] - GPU/46000
x3204c0s1b1n0:16087:19762 [3] NCCL INFO                             + NVL[88.0] - GPU/7000
x3204c0s1b1n0:16087:19762 [3] NCCL INFO + PCI[12.0] - NIC/C8000
x3204c0s1b1n0:16087:19762 [3] NCCL INFO               + NET[12.5] - NET/0 (c3013ffffa4e988/1/12.500000)
x3204c0s1b1n0:16087:19762 [3] NCCL INFO ==========================================
x3204c0s1b1n0:16087:19762 [3] NCCL INFO GPU/7000 :GPU/7000 (0/5000.000000/LOC) GPU/46000 (1/88.000000/NVL) GPU/85000 (1/88.000000/NVL) GPU/C7000 (1/88.000000/NVL) CPU/3 (2/24.000000/PHB) CPU/2 (3/24.000000/SYS) CPU/1 (3/24.000000/SYS) CPU/0 (3/24.000000/SYS) NET/1 (5/12.000000/SYS) NET/0 (5/12.000000/SYS) 
x3204c0s1b1n0:16087:19762 [3] NCCL INFO GPU/46000 :GPU/7000 (1/88.000000/NVL) GPU/46000 (0/5000.000000/LOC) GPU/85000 (1/88.000000/NVL) GPU/C7000 (1/88.000000/NVL) CPU/3 (3/24.000000/SYS) CPU/2 (2/24.000000/PHB) CPU/1 (3/24.000000/SYS) CPU/0 (3/24.000000/SYS) NET/1 (4/12.000000/PHB) NET/0 (5/12.000000/SYS) 
x3204c0s1b1n0:16087:19762 [3] NCCL INFO GPU/85000 :GPU/7000 (1/88.000000/NVL) GPU/46000 (1/88.000000/NVL) GPU/85000 (0/5000.000000/LOC) GPU/C7000 (1/88.000000/NVL) CPU/3 (3/24.000000/SYS) CPU/2 (3/24.000000/SYS) CPU/1 (2/24.000000/PHB) CPU/0 (3/24.000000/SYS) NET/1 (5/12.000000/SYS) NET/0 (5/12.000000/SYS) 
x3204c0s1b1n0:16087:19762 [3] NCCL INFO GPU/C7000 :GPU/7000 (1/88.000000/NVL) GPU/46000 (1/88.000000/NVL) GPU/85000 (1/88.000000/NVL) GPU/C7000 (0/5000.000000/LOC) CPU/3 (3/24.000000/SYS) CPU/2 (3/24.000000/SYS) CPU/1 (3/24.000000/SYS) CPU/0 (2/24.000000/PHB) NET/1 (5/12.000000/SYS) NET/0 (4/12.000000/PHB) 
x3204c0s1b1n0:16087:19762 [3] NCCL INFO NET/1 :GPU/7000 (5/12.000000/SYS) GPU/46000 (4/12.000000/PHB) GPU/85000 (5/12.000000/SYS) GPU/C7000 (5/12.000000/SYS) CPU/3 (3/12.000000/SYS) CPU/2 (2/12.000000/PHB) CPU/1 (3/12.000000/SYS) CPU/0 (3/12.000000/SYS) NET/1 (0/5000.000000/LOC) NET/0 (5/12.000000/SYS) 
x3204c0s1b1n0:16087:19762 [3] NCCL INFO NET/0 :GPU/7000 (5/12.000000/SYS) GPU/46000 (5/12.000000/SYS) GPU/85000 (5/12.000000/SYS) GPU/C7000 (4/12.000000/PHB) CPU/3 (3/12.000000/SYS) CPU/2 (3/12.000000/SYS) CPU/1 (3/12.000000/SYS) CPU/0 (2/12.000000/PHB) NET/1 (5/12.000000/SYS) NET/0 (0/5000.000000/LOC) 
x3204c0s1b1n0:16087:19762 [3] NCCL INFO Setting affinity for GPU 3 to 01
x3204c0s1b1n0:16087:19762 [3] NCCL INFO Pattern 4, crossNic 0, nChannels 2, bw 12.000000/12.000000, type NVL/SYS, sameChannels 1
x3204c0s1b1n0:16087:19762 [3] NCCL INFO  0 : NET/1 GPU/13 GPU/12 GPU/14 GPU/15 NET/1
x3204c0s1b1n0:16087:19762 [3] NCCL INFO  1 : NET/0 GPU/13 GPU/12 GPU/14 GPU/15 NET/0
x3204c0s1b1n0:16087:19762 [3] NCCL INFO Pattern 1, crossNic 0, nChannels 2, bw 24.000000/12.000000, type NVL/SYS, sameChannels 1
x3204c0s1b1n0:16087:19762 [3] NCCL INFO  0 : NET/1 GPU/12 GPU/13 GPU/14 GPU/15 NET/1
x3204c0s1b1n0:16087:19762 [3] NCCL INFO  1 : NET/0 GPU/12 GPU/13 GPU/14 GPU/15 NET/0
x3204c0s1b1n0:16087:19762 [3] NCCL INFO Pattern 3, crossNic 0, nChannels 0, bw 0.000000/0.000000, type NVL/PIX, sameChannels 1
x3204c0s1b1n0:16072:19773 [0] NCCL INFO Tree 0 : 8 -> 12 -> 13/-1/-1
x3204c0s1b1n0:16072:19773 [0] NCCL INFO Tree 2 : 1 -> 12 -> 13/16/-1
x3204c0s1b1n0:16072:19773 [0] NCCL INFO Tree 1 : 8 -> 12 -> 13/-1/-1
x3204c0s1b1n0:16072:19773 [0] NCCL INFO Tree 3 : 1 -> 12 -> 13/16/-1
x3204c0s1b1n0:16072:19773 [0] NCCL INFO Ring 00 : 13 -> 12 -> 14
x3204c0s1b1n0:16072:19773 [0] NCCL INFO Ring 01 : 13 -> 12 -> 14
x3204c0s1b1n0:16072:19773 [0] NCCL INFO Ring 02 : 13 -> 12 -> 14
x3204c0s1b1n0:16072:19773 [0] NCCL INFO Ring 03 : 13 -> 12 -> 14
x3204c0s1b1n0:16072:19773 [0] NCCL INFO Trees [0] 13/-1/-1->12->8 [1] 13/-1/-1->12->8 [2] 13/16/-1->12->1 [3] 13/16/-1->12->1
x3204c0s1b1n0:16072:19773 [0] NCCL INFO misc/utils.cc:235 memory stack hunk malloc(65536)
x3204c0s1b1n0:16072:19773 [0] NCCL INFO channel.cc:23 Cuda Alloc Size 8064 pointer 0x1484a5817400
x3204c0s1b1n0:16072:19773 [0] NCCL INFO channel.cc:27 Cuda Alloc Size 80 pointer 0x1484a5819400
x3204c0s1b1n0:16072:19773 [0] NCCL INFO channel.cc:23 Cuda Alloc Size 8064 pointer 0x1484a5819600
x3204c0s1b1n0:16072:19773 [0] NCCL INFO channel.cc:27 Cuda Alloc Size 80 pointer 0x1484a581b600
x3204c0s1b1n0:16072:19773 [0] NCCL INFO channel.cc:23 Cuda Alloc Size 8064 pointer 0x1484a581b800
x3204c0s1b1n0:16072:19773 [0] NCCL INFO channel.cc:27 Cuda Alloc Size 80 pointer 0x1484a581d800
x3204c0s1b1n0:16072:19773 [0] NCCL INFO channel.cc:23 Cuda Alloc Size 8064 pointer 0x1484a581da00
x3204c0s1b1n0:16072:19773 [0] NCCL INFO channel.cc:27 Cuda Alloc Size 80 pointer 0x1484a581fa00
x3204c0s1b1n0:16072:19773 [0] NCCL INFO Channel 00/0 : 12[7000] -> 14[85000] via P2P/IPC/read
x3204c0s1b1n0:16072:19912 [0] NCCL INFO Mem Realloc old size 0, new size 8 pointer 0x148454000c60
x3204c0s1b1n0:16072:19912 [0] NCCL INFO New proxy send connection 0 from local rank 0, transport 0
x3204c0s1b1n0:16079:19763 [1] NCCL INFO Tree 0 : 12 -> 13 -> 14/-1/-1
x3204c0s1b1n0:16079:19763 [1] NCCL INFO Tree 2 : 12 -> 13 -> 14/8/-1
x3204c0s1b1n0:16079:19763 [1] NCCL INFO Tree 1 : 12 -> 13 -> 14/-1/-1
x3204c0s1b1n0:16079:19763 [1] NCCL INFO Tree 3 : 12 -> 13 -> 14/8/-1
x3204c0s1b1n0:16079:19763 [1] NCCL INFO Ring 00 : 11 -> 13 -> 12
x3204c0s1b1n0:16079:19763 [1] NCCL INFO Ring 01 : 11 -> 13 -> 12
x3204c0s1b1n0:16079:19763 [1] NCCL INFO Ring 02 : 11 -> 13 -> 12
x3204c0s1b1n0:16079:19763 [1] NCCL INFO Ring 03 : 11 -> 13 -> 12
x3204c0s1b1n0:16079:19763 [1] NCCL INFO Trees [0] 14/-1/-1->13->12 [1] 14/-1/-1->13->12 [2] 14/8/-1->13->12 [3] 14/8/-1->13->12
x3204c0s1b1n0:16079:19763 [1] NCCL INFO misc/utils.cc:235 memory stack hunk malloc(65536)
x3204c0s1b1n0:16079:19763 [1] NCCL INFO channel.cc:23 Cuda Alloc Size 8064 pointer 0x147713e17400
x3204c0s1b1n0:16079:19763 [1] NCCL INFO channel.cc:27 Cuda Alloc Size 80 pointer 0x147713e19400
x3204c0s1b1n0:16079:19763 [1] NCCL INFO channel.cc:23 Cuda Alloc Size 8064 pointer 0x147713e19600
x3204c0s1b1n0:16079:19763 [1] NCCL INFO channel.cc:27 Cuda Alloc Size 80 pointer 0x147713e1b600
x3204c0s1b1n0:16079:19763 [1] NCCL INFO channel.cc:23 Cuda Alloc Size 8064 pointer 0x147713e1b800
x3204c0s1b1n0:16079:19763 [1] NCCL INFO channel.cc:27 Cuda Alloc Size 80 pointer 0x147713e1d800
x3204c0s1b1n0:16079:19763 [1] NCCL INFO channel.cc:23 Cuda Alloc Size 8064 pointer 0x147713e1da00
x3204c0s1b1n0:16079:19763 [1] NCCL INFO channel.cc:27 Cuda Alloc Size 80 pointer 0x147713e1fa00
x3204c0s1b1n0:16079:19763 [1] NCCL INFO GPU Direct RDMA Disabled for GPU 46000 / HCA 1 (distance 6 > 4)
x3204c0s1b1n0:16072:19773 [0] NCCL INFO Connection to proxy localRank 0 -> connection 0x148454000c80
x3204c0s1b1n0:16072:19912 [0] NCCL INFO transport/p2p.cc:430 Cuda Alloc Size 6291456 pointer 0x1484c9200000
x3204c0s1b1n0:16072:19773 [0] NCCL INFO Channel 01/0 : 12[7000] -> 14[85000] via P2P/IPC/read
x3204c0s1b1n0:16079:19913 [1] NCCL INFO Mem Realloc old size 0, new size 8 pointer 0x147698000c60
x3204c0s1b1n0:16079:19913 [1] NCCL INFO Allocated 4194656 bytes of shared memory in /dev/shm/nccl-gvQvg0

x3204c0s1b1n0:16079:19913 [1] NCCL INFO New proxy recv connection 0 from local rank 1, transport 2
x3204c0s1b1n0:16072:19912 [0] NCCL INFO New proxy send connection 1 from local rank 0, transport 0
x3204c0s1b1n0:16079:19763 [1] NCCL INFO Connection to proxy localRank 1 -> connection 0x147698000c80
x3204c0s1b1n0:16079:19763 [1] NCCL INFO Channel 00/0 : 11[c7000] -> 13[46000] [receive] via NET/IB/1
x3204c0s1b1n0:16079:19763 [1] NCCL INFO GPU Direct RDMA Disabled for GPU 46000 / HCA 0 (distance 7 > 4)
x3204c0s1b1n0:16072:19773 [0] NCCL INFO Connection to proxy localRank 0 -> connection 0x148454000cc0
x3204c0s1b1n0:16072:19912 [0] NCCL INFO transport/p2p.cc:430 Cuda Alloc Size 6291456 pointer 0x14844e000000
x3204c0s1b1n0:16083:19770 [2] NCCL INFO Ring 00 : 12 -> 14 -> 15
x3204c0s1b1n0:16083:19770 [2] NCCL INFO Ring 01 : 12 -> 14 -> 15
x3204c0s1b1n0:16083:19770 [2] NCCL INFO Ring 02 : 12 -> 14 -> 15
x3204c0s1b1n0:16083:19770 [2] NCCL INFO Ring 03 : 12 -> 14 -> 15
x3204c0s1b1n0:16083:19770 [2] NCCL INFO Trees [0] 15/-1/-1->14->13 [1] 15/-1/-1->14->13 [2] 15/-1/-1->14->13 [3] 15/-1/-1->14->13
x3204c0s1b1n0:16083:19770 [2] NCCL INFO misc/utils.cc:235 memory stack hunk malloc(65536)
x3204c0s1b1n0:16083:19770 [2] NCCL INFO channel.cc:23 Cuda Alloc Size 8064 pointer 0x154a2f817400
x3204c0s1b1n0:16083:19770 [2] NCCL INFO channel.cc:27 Cuda Alloc Size 80 pointer 0x154a2f819400
x3204c0s1b1n0:16083:19770 [2] NCCL INFO channel.cc:23 Cuda Alloc Size 8064 pointer 0x154a2f819600
x3204c0s1b1n0:16083:19770 [2] NCCL INFO channel.cc:27 Cuda Alloc Size 80 pointer 0x154a2f81b600
x3204c0s1b1n0:16083:19770 [2] NCCL INFO channel.cc:23 Cuda Alloc Size 8064 pointer 0x154a2f81b800
x3204c0s1b1n0:16083:19770 [2] NCCL INFO channel.cc:27 Cuda Alloc Size 80 pointer 0x154a2f81d800
x3204c0s1b1n0:16083:19770 [2] NCCL INFO channel.cc:23 Cuda Alloc Size 8064 pointer 0x154a2f81da00
x3204c0s1b1n0:16083:19770 [2] NCCL INFO channel.cc:27 Cuda Alloc Size 80 pointer 0x154a2f81fa00
x3204c0s1b1n0:16083:19770 [2] NCCL INFO Channel 00/0 : 14[85000] -> 15[c7000] via P2P/IPC/read
x3204c0s1b1n0:16087:19762 [3] NCCL INFO Ring 00 : 14 -> 15 -> 17
x3204c0s1b1n0:16087:19762 [3] NCCL INFO Ring 01 : 14 -> 15 -> 17
x3204c0s1b1n0:16087:19762 [3] NCCL INFO Ring 02 : 14 -> 15 -> 17
x3204c0s1b1n0:16087:19762 [3] NCCL INFO Ring 03 : 14 -> 15 -> 17
x3204c0s1b1n0:16087:19762 [3] NCCL INFO Trees [0] -1/-1/-1->15->14 [1] -1/-1/-1->15->14 [2] -1/-1/-1->15->14 [3] -1/-1/-1->15->14
x3204c0s1b1n0:16087:19762 [3] NCCL INFO misc/utils.cc:235 memory stack hunk malloc(65536)
x3204c0s1b1n0:16087:19762 [3] NCCL INFO channel.cc:23 Cuda Alloc Size 8064 pointer 0x154e0b817400
x3204c0s1b1n0:16087:19762 [3] NCCL INFO channel.cc:27 Cuda Alloc Size 80 pointer 0x154e0b819400
x3204c0s1b1n0:16087:19762 [3] NCCL INFO channel.cc:23 Cuda Alloc Size 8064 pointer 0x154e0b819600
x3204c0s1b1n0:16087:19762 [3] NCCL INFO channel.cc:27 Cuda Alloc Size 80 pointer 0x154e0b81b600
x3204c0s1b1n0:16087:19762 [3] NCCL INFO channel.cc:23 Cuda Alloc Size 8064 pointer 0x154e0b81b800
x3204c0s1b1n0:16087:19762 [3] NCCL INFO channel.cc:27 Cuda Alloc Size 80 pointer 0x154e0b81d800
x3204c0s1b1n0:16087:19762 [3] NCCL INFO channel.cc:23 Cuda Alloc Size 8064 pointer 0x154e0b81da00
x3204c0s1b1n0:16087:19762 [3] NCCL INFO channel.cc:27 Cuda Alloc Size 80 pointer 0x154e0b81fa00
x3204c0s1b1n0:16083:19914 [2] NCCL INFO Mem Realloc old size 0, new size 8 pointer 0x1549dc000c60
x3204c0s1b1n0:16083:19914 [2] NCCL INFO New proxy send connection 0 from local rank 2, transport 0
x3204c0s1b1n0:16083:19770 [2] NCCL INFO Connection to proxy localRank 2 -> connection 0x1549dc000c80
x3204c0s1b1n0:16083:19914 [2] NCCL INFO transport/p2p.cc:430 Cuda Alloc Size 6291456 pointer 0x154a55200000
x3204c0s1b1n0:16079:19913 [1] NCCL INFO New proxy recv connection 1 from local rank 1, transport 2
x3204c0s1b1n0:16087:19915 [3] NCCL INFO Mem Realloc old size 0, new size 8 pointer 0x154db8000c60
x3204c0s1b1n0:16087:19915 [3] NCCL INFO New proxy recv connection 0 from local rank 3, transport 0
x3204c0s1b1n0:16072:19773 [0] NCCL INFO Channel 02/0 : 12[7000] -> 14[85000] via P2P/IPC/read
x3204c0s1b1n0:16072:19912 [0] NCCL INFO New proxy send connection 2 from local rank 0, transport 0
x3204c0s1b1n0:16087:19762 [3] NCCL INFO Connection to proxy localRank 3 -> connection 0x154db8000c80
x3204c0s1b1n0:16087:19915 [3] NCCL INFO transport/p2p.cc:449 Cuda Alloc Size 6291456 pointer 0x154def600000
x3204c0s1b1n0:16083:19770 [2] NCCL INFO Channel 01/0 : 14[85000] -> 15[c7000] via P2P/IPC/read
x3204c0s1b1n0:16083:19914 [2] NCCL INFO New proxy send connection 1 from local rank 2, transport 0
x3204c0s1b1n0:16083:19770 [2] NCCL INFO Connection to proxy localRank 2 -> connection 0x1549dc000cc0
x3204c0s1b1n0:16079:19763 [1] NCCL INFO Connection to proxy localRank 1 -> connection 0x147698000cc0
x3204c0s1b1n0:16072:19773 [0] NCCL INFO Connection to proxy localRank 0 -> connection 0x148454000d00
x3204c0s1b1n0:16072:19912 [0] NCCL INFO transport/p2p.cc:430 Cuda Alloc Size 6291456 pointer 0x14844e600000
x3204c0s1b1n0:16087:19915 [3] NCCL INFO New proxy recv connection 1 from local rank 3, transport 0
x3204c0s1b1n0:16083:19914 [2] NCCL INFO transport/p2p.cc:430 Cuda Alloc Size 6291456 pointer 0x1549d6000000
x3204c0s1b1n0:16079:19763 [1] NCCL INFO Channel 01/0 : 11[c7000] -> 13[46000] [receive] via NET/IB/0
x3204c0s1b1n0:16079:19763 [1] NCCL INFO GPU Direct RDMA Disabled for GPU 46000 / HCA 1 (distance 6 > 4)
x3204c0s1b1n0:16079:19913 [1] NCCL INFO New proxy recv connection 2 from local rank 1, transport 2
x3204c0s1b1n0:16072:19773 [0] NCCL INFO Channel 03/0 : 12[7000] -> 14[85000] via P2P/IPC/read
x3204c0s1b1n0:16072:19912 [0] NCCL INFO New proxy send connection 3 from local rank 0, transport 0
x3204c0s1b1n0:16083:19770 [2] NCCL INFO Channel 02/0 : 14[85000] -> 15[c7000] via P2P/IPC/read
x3204c0s1b1n0:16083:19914 [2] NCCL INFO New proxy send connection 2 from local rank 2, transport 0
x3204c0s1b1n0:16087:19762 [3] NCCL INFO Connection to proxy localRank 3 -> connection 0x154db8000cc0
x3204c0s1b1n0:16087:19915 [3] NCCL INFO transport/p2p.cc:449 Cuda Alloc Size 6291456 pointer 0x154e30a00000
x3204c0s1b1n0:16079:19763 [1] NCCL INFO Connection to proxy localRank 1 -> connection 0x147698000d00
x3204c0s1b1n0:16072:19773 [0] NCCL INFO Connection to proxy localRank 0 -> connection 0x148454000d40
x3204c0s1b1n0:16072:19912 [0] NCCL INFO transport/p2p.cc:430 Cuda Alloc Size 6291456 pointer 0x14844ec00000
x3204c0s1b1n0:16083:19770 [2] NCCL INFO Connection to proxy localRank 2 -> connection 0x1549dc000d00
x3204c0s1b1n0:16083:19914 [2] NCCL INFO transport/p2p.cc:430 Cuda Alloc Size 6291456 pointer 0x1549d6600000
x3204c0s1b1n0:16079:19763 [1] NCCL INFO Channel 02/0 : 11[c7000] -> 13[46000] [receive] via NET/IB/1
x3204c0s1b1n0:16079:19763 [1] NCCL INFO GPU Direct RDMA Disabled for GPU 46000 / HCA 0 (distance 7 > 4)
x3204c0s1b1n0:16079:19913 [1] NCCL INFO New proxy recv connection 3 from local rank 1, transport 2
x3204c0s1b1n0:16087:19915 [3] NCCL INFO New proxy recv connection 2 from local rank 3, transport 0
x3204c0s1b1n0:16083:19770 [2] NCCL INFO Channel 03/0 : 14[85000] -> 15[c7000] via P2P/IPC/read
x3204c0s1b1n0:16087:19762 [3] NCCL INFO Connection to proxy localRank 3 -> connection 0x154db8000d00
x3204c0s1b1n0:16087:19915 [3] NCCL INFO transport/p2p.cc:449 Cuda Alloc Size 6291456 pointer 0x154e31000000
x3204c0s1b1n0:16083:19914 [2] NCCL INFO New proxy send connection 3 from local rank 2, transport 0
x3204c0s1b1n0:16079:19763 [1] NCCL INFO Connection to proxy localRank 1 -> connection 0x147698000d40
x3204c0s1b1n0:16079:19763 [1] NCCL INFO Channel 03/0 : 11[c7000] -> 13[46000] [receive] via NET/IB/0
x3204c0s1b1n0:16083:19770 [2] NCCL INFO Connection to proxy localRank 2 -> connection 0x1549dc000d40
x3204c0s1b1n0:16083:19914 [2] NCCL INFO transport/p2p.cc:430 Cuda Alloc Size 6291456 pointer 0x1549d6c00000
x3204c0s1b1n0:16087:19915 [3] NCCL INFO New proxy recv connection 3 from local rank 3, transport 0
x3204c0s1b1n0:16087:19762 [3] NCCL INFO Connection to proxy localRank 3 -> connection 0x154db8000d40
x3204c0s1b1n0:16079:19913 [1] NCCL INFO transport/net_ib.cc:683 Ib Alloc Size 21688 pointer 0x14769801d000
x3204c0s1b1n0:16079:19913 [1] NCCL INFO transport/net_ib.cc:696 Ib Alloc Size 552 pointer 0x147698024000
x3204c0s1b1n0:16087:19915 [3] NCCL INFO transport/p2p.cc:449 Cuda Alloc Size 6291456 pointer 0x154dbe000000
x3204c0s1b1n0:16079:19913 [1] NCCL INFO transport/net_ib.cc:771 Ib Alloc Size 552 pointer 0x147698041000
x3204c0s1b1n0:16079:19913 [1] NCCL INFO transport/net.cc:698 Cuda Host Alloc Size 9641984 pointer 0x147725800000
x3204c0s1b1n0:16079:19913 [1] NCCL INFO transport/net_ib.cc:683 Ib Alloc Size 21688 pointer 0x147698043000
x3204c0s1b1n0:16087:19762 [3] NCCL INFO GPU Direct RDMA Disabled for GPU c7000 / HCA 1 (distance 7 > 4)
x3204c0s1b1n0:16083:19914 [2] NCCL INFO New proxy recv connection 4 from local rank 2, transport 0
x3204c0s1b1n0:16083:19770 [2] NCCL INFO Connection to proxy localRank 2 -> connection 0x1549dc000d80
x3204c0s1b1n0:16083:19914 [2] NCCL INFO transport/p2p.cc:449 Cuda Alloc Size 6291456 pointer 0x1549d4c00000
x3204c0s1b1n0:16087:19915 [3] NCCL INFO Allocated 4194656 bytes of shared memory in /dev/shm/nccl-CsicUC

x3204c0s1b1n0:16087:19915 [3] NCCL INFO New proxy send connection 4 from local rank 3, transport 2
x3204c0s1b1n0:16083:19914 [2] NCCL INFO New proxy recv connection 5 from local rank 2, transport 0
x3204c0s1b1n0:16079:19913 [1] NCCL INFO transport/net_ib.cc:696 Ib Alloc Size 552 pointer 0x14769804a000
x3204c0s1b1n0:16087:19762 [3] NCCL INFO Connection to proxy localRank 3 -> connection 0x154db8000d80
x3204c0s1b1n0:16087:19762 [3] NCCL INFO Channel 00/0 : 15[c7000] -> 17[46000] [send] via NET/IB/1
x3204c0s1b1n0:16087:19762 [3] NCCL INFO GPU Direct RDMA Disabled for GPU c7000 / HCA 0 (distance 6 > 4)
x3204c0s1b1n0:16087:19915 [3] NCCL INFO New proxy send connection 5 from local rank 3, transport 2
x3204c0s1b1n0:16079:19913 [1] NCCL INFO transport/net_ib.cc:771 Ib Alloc Size 552 pointer 0x147698065000
x3204c0s1b1n0:16079:19913 [1] NCCL INFO transport/net.cc:698 Cuda Host Alloc Size 9641984 pointer 0x147726200000
x3204c0s1b1n0:16083:19770 [2] NCCL INFO Connection to proxy localRank 2 -> connection 0x1549dc000dc0
x3204c0s1b1n0:16079:19913 [1] NCCL INFO transport/net_ib.cc:683 Ib Alloc Size 21688 pointer 0x147698067000
x3204c0s1b1n0:16079:19913 [1] NCCL INFO transport/net_ib.cc:696 Ib Alloc Size 552 pointer 0x14769806e000
x3204c0s1b1n0:16079:19913 [1] NCCL INFO transport/net_ib.cc:771 Ib Alloc Size 552 pointer 0x147698089000
x3204c0s1b1n0:16079:19913 [1] NCCL INFO transport/net.cc:698 Cuda Host Alloc Size 9641984 pointer 0x14772b400000
x3204c0s1b1n0:16087:19762 [3] NCCL INFO Connection to proxy localRank 3 -> connection 0x154db8000dc0
x3204c0s1b1n0:16087:19762 [3] NCCL INFO Channel 01/0 : 15[c7000] -> 17[46000] [send] via NET/IB/0
x3204c0s1b1n0:16087:19762 [3] NCCL INFO GPU Direct RDMA Disabled for GPU c7000 / HCA 1 (distance 7 > 4)
x3204c0s1b1n0:16087:19915 [3] NCCL INFO New proxy send connection 6 from local rank 3, transport 2
x3204c0s1b1n0:16083:19914 [2] NCCL INFO transport/p2p.cc:449 Cuda Alloc Size 6291456 pointer 0x1549d5200000
x3204c0s1b1n0:16079:19913 [1] NCCL INFO transport/net_ib.cc:683 Ib Alloc Size 21688 pointer 0x14769808b000
x3204c0s1b1n0:16079:19913 [1] NCCL INFO transport/net_ib.cc:696 Ib Alloc Size 552 pointer 0x147698092000
x3204c0s1b1n0:16087:19762 [3] NCCL INFO Connection to proxy localRank 3 -> connection 0x154db8000e00
x3204c0s1b1n0:16087:19762 [3] NCCL INFO Channel 02/0 : 15[c7000] -> 17[46000] [send] via NET/IB/1
x3204c0s1b1n0:16087:19762 [3] NCCL INFO GPU Direct RDMA Disabled for GPU c7000 / HCA 0 (distance 6 > 4)
x3204c0s1b1n0:16087:19915 [3] NCCL INFO New proxy send connection 7 from local rank 3, transport 2
x3204c0s1b1n0:16079:19913 [1] NCCL INFO transport/net_ib.cc:771 Ib Alloc Size 552 pointer 0x1476980ad000
x3204c0s1b1n0:16079:19913 [1] NCCL INFO transport/net.cc:698 Cuda Host Alloc Size 9641984 pointer 0x147692000000
x3204c0s1b1n0:16079:19763 [1] NCCL INFO Channel 00/0 : 13[46000] -> 12[7000] via P2P/IPC/read
x3204c0s1b1n0:16079:19913 [1] NCCL INFO New proxy send connection 4 from local rank 1, transport 0
x3204c0s1b1n0:16083:19914 [2] NCCL INFO New proxy recv connection 6 from local rank 2, transport 0
x3204c0s1b1n0:16087:19762 [3] NCCL INFO Connection to proxy localRank 3 -> connection 0x154db8000e40
x3204c0s1b1n0:16087:19762 [3] NCCL INFO Channel 03/0 : 15[c7000] -> 17[46000] [send] via NET/IB/0
x3204c0s1b1n0:16087:19915 [3] NCCL INFO transport/net_ib.cc:596 Ib Alloc Size 26560 pointer 0x154db8020000
x3204c0s1b1n0:16079:19763 [1] NCCL INFO Connection to proxy localRank 1 -> connection 0x147698000d80
x3204c0s1b1n0:16079:19913 [1] NCCL INFO transport/p2p.cc:430 Cuda Alloc Size 6291456 pointer 0x147692a00000
x3204c0s1b1n0:16083:19770 [2] NCCL INFO Connection to proxy localRank 2 -> connection 0x1549dc000e00
x3204c0s1b1n0:16083:19914 [2] NCCL INFO transport/p2p.cc:449 Cuda Alloc Size 6291456 pointer 0x1549d5800000
x3204c0s1b1n0:16087:19915 [3] NCCL INFO NET/IB: Dev 1 Port 1 qpn 4795 mtu 5 GID 0 (80FE/EF3900FEFF000000)
x3204c0s1b1n0:16087:19915 [3] NCCL INFO transport/net_ib.cc:653 Ib Alloc Size 552 pointer 0x154db8038000
x3204c0s1b1n0:16087:19915 [3] NCCL INFO transport/net.cc:571 Cuda Host Alloc Size 9641984 pointer 0x154db2000000
x3204c0s1b1n0:16079:19763 [1] NCCL INFO Channel 01/0 : 13[46000] -> 12[7000] via P2P/IPC/read
x3204c0s1b1n0:16079:19913 [1] NCCL INFO New proxy send connection 5 from local rank 1, transport 0
x3204c0s1b1n0:16087:19915 [3] NCCL INFO transport/net_ib.cc:596 Ib Alloc Size 26560 pointer 0x154db803a000
x3204c0s1b1n0:16083:19914 [2] NCCL INFO New proxy recv connection 7 from local rank 2, transport 0
x3204c0s1b1n0:16079:19763 [1] NCCL INFO Connection to proxy localRank 1 -> connection 0x147698000dc0
x3204c0s1b1n0:16087:19915 [3] NCCL INFO NET/IB: Dev 0 Port 1 qpn 3636 mtu 5 GID 0 (80FE/AA3900FEFF000000)
x3204c0s1b1n0:16087:19915 [3] NCCL INFO transport/net_ib.cc:653 Ib Alloc Size 552 pointer 0x154db8051000
x3204c0s1b1n0:16087:19915 [3] NCCL INFO transport/net.cc:571 Cuda Host Alloc Size 9641984 pointer 0x154db2a00000
x3204c0s1b1n0:16079:19913 [1] NCCL INFO transport/p2p.cc:430 Cuda Alloc Size 6291456 pointer 0x147693000000
x3204c0s1b1n0:16087:19915 [3] NCCL INFO transport/net_ib.cc:596 Ib Alloc Size 26560 pointer 0x154db8053000
x3204c0s1b1n0:16083:19770 [2] NCCL INFO Connection to proxy localRank 2 -> connection 0x1549dc000e40
x3204c0s1b1n0:16083:19914 [2] NCCL INFO transport/p2p.cc:449 Cuda Alloc Size 6291456 pointer 0x1549d2000000
x3204c0s1b1n0:16087:19915 [3] NCCL INFO NET/IB: Dev 1 Port 1 qpn 4796 mtu 5 GID 0 (80FE/EF3900FEFF000000)
x3204c0s1b1n0:16087:19915 [3] NCCL INFO transport/net_ib.cc:653 Ib Alloc Size 552 pointer 0x154db806a000
x3204c0s1b1n0:16087:19915 [3] NCCL INFO transport/net.cc:571 Cuda Host Alloc Size 9641984 pointer 0x154db3400000
x3204c0s1b1n0:16079:19763 [1] NCCL INFO Channel 02/0 : 13[46000] -> 12[7000] via P2P/IPC/read
x3204c0s1b1n0:16079:19913 [1] NCCL INFO New proxy send connection 6 from local rank 1, transport 0
x3204c0s1b1n0:16087:19915 [3] NCCL INFO transport/net_ib.cc:596 Ib Alloc Size 26560 pointer 0x154db806c000
x3204c0s1b1n0:16087:19915 [3] NCCL INFO NET/IB: Dev 0 Port 1 qpn 3637 mtu 5 GID 0 (80FE/AA3900FEFF000000)
x3204c0s1b1n0:16087:19915 [3] NCCL INFO transport/net_ib.cc:653 Ib Alloc Size 552 pointer 0x154db8083000
x3204c0s1b1n0:16087:19915 [3] NCCL INFO transport/net.cc:571 Cuda Host Alloc Size 9641984 pointer 0x154db0000000
x3204c0s1b1n0:16083:19770 [2] NCCL INFO Connected all rings
x3204c0s1b1n0:16083:19914 [2] NCCL INFO New proxy recv connection 8 from local rank 2, transport 0
x3204c0s1b1n0:16083:19770 [2] NCCL INFO Connection to proxy localRank 2 -> connection 0x1549dc000e80
x3204c0s1b1n0:16072:19912 [0] NCCL INFO New proxy recv connection 4 from local rank 0, transport 0
x3204c0s1b1n0:16079:19763 [1] NCCL INFO Connection to proxy localRank 1 -> connection 0x147698000e00
x3204c0s1b1n0:16079:19913 [1] NCCL INFO transport/p2p.cc:430 Cuda Alloc Size 6291456 pointer 0x147693600000
x3204c0s1b1n0:16083:19914 [2] NCCL INFO transport/p2p.cc:449 Cuda Alloc Size 6291456 pointer 0x1549d0000000
x3204c0s1b1n0:16087:19762 [3] NCCL INFO Connected all rings
x3204c0s1b1n0:16087:19762 [3] NCCL INFO Channel 00/0 : 15[c7000] -> 14[85000] via P2P/IPC/read
x3204c0s1b1n0:16087:19915 [3] NCCL INFO New proxy send connection 8 from local rank 3, transport 0
x3204c0s1b1n0:16072:19773 [0] NCCL INFO Connection to proxy localRank 0 -> connection 0x148454000d80
x3204c0s1b1n0:16072:19912 [0] NCCL INFO transport/p2p.cc:449 Cuda Alloc Size 6291456 pointer 0x14844cc00000
x3204c0s1b1n0:16079:19763 [1] NCCL INFO Channel 03/0 : 13[46000] -> 12[7000] via P2P/IPC/read
x3204c0s1b1n0:16079:19913 [1] NCCL INFO New proxy send connection 7 from local rank 1, transport 0
x3204c0s1b1n0:16079:19763 [1] NCCL INFO Connection to proxy localRank 1 -> connection 0x147698000e40
x3204c0s1b1n0:16079:19913 [1] NCCL INFO transport/p2p.cc:430 Cuda Alloc Size 6291456 pointer 0x1476f9200000
x3204c0s1b1n0:16083:19914 [2] NCCL INFO New proxy recv connection 9 from local rank 2, transport 0
x3204c0s1b1n0:16072:19912 [0] NCCL INFO New proxy recv connection 5 from local rank 0, transport 0
x3204c0s1b1n0:16087:19762 [3] NCCL INFO Connection to proxy localRank 3 -> connection 0x154db8000e80
x3204c0s1b1n0:16087:19915 [3] NCCL INFO transport/p2p.cc:430 Cuda Alloc Size 6291456 pointer 0x154db0a00000
x3204c0s1b1n0:16083:19770 [2] NCCL INFO Connection to proxy localRank 2 -> connection 0x1549dc000ec0
x3204c0s1b1n0:16083:19914 [2] NCCL INFO transport/p2p.cc:449 Cuda Alloc Size 6291456 pointer 0x1549d0600000
x3204c0s1b1n0:16072:19773 [0] NCCL INFO Connection to proxy localRank 0 -> connection 0x148454000dc0
x3204c0s1b1n0:16087:19762 [3] NCCL INFO Channel 01/0 : 15[c7000] -> 14[85000] via P2P/IPC/read
x3204c0s1b1n0:16072:19912 [0] NCCL INFO transport/p2p.cc:449 Cuda Alloc Size 6291456 pointer 0x14844d200000
x3204c0s1b1n0:16087:19915 [3] NCCL INFO New proxy send connection 9 from local rank 3, transport 0
x3204c0s1b1n0:16083:19914 [2] NCCL INFO New proxy recv connection 10 from local rank 2, transport 0
x3204c0s1b1n0:16087:19762 [3] NCCL INFO Connection to proxy localRank 3 -> connection 0x154db8000ec0
x3204c0s1b1n0:16087:19915 [3] NCCL INFO transport/p2p.cc:430 Cuda Alloc Size 6291456 pointer 0x154db1000000
x3204c0s1b1n0:16083:19770 [2] NCCL INFO Connection to proxy localRank 2 -> connection 0x1549dc000f00
x3204c0s1b1n0:16083:19914 [2] NCCL INFO transport/p2p.cc:449 Cuda Alloc Size 6291456 pointer 0x1549d0c00000
x3204c0s1b1n0:16072:19912 [0] NCCL INFO New proxy recv connection 6 from local rank 0, transport 0
x3204c0s1b1n0:16072:19773 [0] NCCL INFO Connection to proxy localRank 0 -> connection 0x148454000e00
x3204c0s1b1n0:16087:19762 [3] NCCL INFO Channel 02/0 : 15[c7000] -> 14[85000] via P2P/IPC/read
x3204c0s1b1n0:16087:19915 [3] NCCL INFO New proxy send connection 10 from local rank 3, transport 0
x3204c0s1b1n0:16087:19762 [3] NCCL INFO Connection to proxy localRank 3 -> connection 0x154db8000f00
x3204c0s1b1n0:16087:19915 [3] NCCL INFO transport/p2p.cc:430 Cuda Alloc Size 6291456 pointer 0x154db1600000
x3204c0s1b1n0:16072:19912 [0] NCCL INFO transport/p2p.cc:449 Cuda Alloc Size 6291456 pointer 0x14844d800000
x3204c0s1b1n0:16083:19914 [2] NCCL INFO New proxy recv connection 11 from local rank 2, transport 0
x3204c0s1b1n0:16083:19770 [2] NCCL INFO Connection to proxy localRank 2 -> connection 0x1549dc000f40
x3204c0s1b1n0:16072:19912 [0] NCCL INFO New proxy recv connection 7 from local rank 0, transport 0
x3204c0s1b1n0:16087:19762 [3] NCCL INFO Channel 03/0 : 15[c7000] -> 14[85000] via P2P/IPC/read
x3204c0s1b1n0:16087:19915 [3] NCCL INFO New proxy send connection 11 from local rank 3, transport 0
x3204c0s1b1n0:16083:19914 [2] NCCL INFO transport/p2p.cc:449 Cuda Alloc Size 6291456 pointer 0x1549d1200000
x3204c0s1b1n0:16087:19762 [3] NCCL INFO Connection to proxy localRank 3 -> connection 0x154db8000f40
x3204c0s1b1n0:16087:19915 [3] NCCL INFO transport/p2p.cc:430 Cuda Alloc Size 6291456 pointer 0x154dae000000
x3204c0s1b1n0:16072:19773 [0] NCCL INFO Connection to proxy localRank 0 -> connection 0x148454000e40
x3204c0s1b1n0:16072:19912 [0] NCCL INFO transport/p2p.cc:449 Cuda Alloc Size 6291456 pointer 0x14844a000000
x3204c0s1b1n0:16072:19773 [0] NCCL INFO Connected all rings
x3204c0s1b1n0:16072:19773 [0] NCCL INFO Channel 00/0 : 12[7000] -> 13[46000] via P2P/IPC/read
x3204c0s1b1n0:16079:19763 [1] NCCL INFO Connected all rings
x3204c0s1b1n0:16079:19913 [1] NCCL INFO New proxy recv connection 8 from local rank 1, transport 0
x3204c0s1b1n0:16079:19763 [1] NCCL INFO Connection to proxy localRank 1 -> connection 0x147698000e80
x3204c0s1b1n0:16079:19913 [1] NCCL INFO transport/p2p.cc:449 Cuda Alloc Size 6291456 pointer 0x14768ac00000
x3204c0s1b1n0:16072:19912 [0] NCCL INFO New proxy send connection 8 from local rank 0, transport 0
x3204c0s1b1n0:16072:19773 [0] NCCL INFO Connection to proxy localRank 0 -> connection 0x148454000e80
x3204c0s1b1n0:16072:19912 [0] NCCL INFO transport/p2p.cc:430 Cuda Alloc Size 6291456 pointer 0x148448000000
x3204c0s1b1n0:16072:19773 [0] NCCL INFO Channel 01/0 : 12[7000] -> 13[46000] via P2P/IPC/read
x3204c0s1b1n0:16079:19913 [1] NCCL INFO New proxy recv connection 9 from local rank 1, transport 0
x3204c0s1b1n0:16072:19912 [0] NCCL INFO New proxy send connection 9 from local rank 0, transport 0
x3204c0s1b1n0:16079:19763 [1] NCCL INFO Connection to proxy localRank 1 -> connection 0x147698000ec0
x3204c0s1b1n0:16079:19913 [1] NCCL INFO transport/p2p.cc:449 Cuda Alloc Size 6291456 pointer 0x14768b200000
x3204c0s1b1n0:16072:19773 [0] NCCL INFO Connection to proxy localRank 0 -> connection 0x148454000ec0
x3204c0s1b1n0:16072:19912 [0] NCCL INFO transport/p2p.cc:430 Cuda Alloc Size 6291456 pointer 0x148448600000
x3204c0s1b1n0:16072:19773 [0] NCCL INFO Channel 02/0 : 12[7000] -> 13[46000] via P2P/IPC/read
x3204c0s1b1n0:16072:19912 [0] NCCL INFO New proxy send connection 10 from local rank 0, transport 0
x3204c0s1b1n0:16072:19773 [0] NCCL INFO Connection to proxy localRank 0 -> connection 0x148454000f00
x3204c0s1b1n0:16072:19912 [0] NCCL INFO transport/p2p.cc:430 Cuda Alloc Size 6291456 pointer 0x148448c00000
x3204c0s1b1n0:16079:19913 [1] NCCL INFO New proxy recv connection 10 from local rank 1, transport 0
x3204c0s1b1n0:16079:19763 [1] NCCL INFO Connection to proxy localRank 1 -> connection 0x147698000f00
x3204c0s1b1n0:16079:19913 [1] NCCL INFO transport/p2p.cc:449 Cuda Alloc Size 6291456 pointer 0x14768b800000
x3204c0s1b1n0:16072:19773 [0] NCCL INFO Channel 03/0 : 12[7000] -> 13[46000] via P2P/IPC/read
x3204c0s1b1n0:16072:19912 [0] NCCL INFO New proxy send connection 11 from local rank 0, transport 0
x3204c0s1b1n0:16079:19913 [1] NCCL INFO New proxy recv connection 11 from local rank 1, transport 0
x3204c0s1b1n0:16079:19763 [1] NCCL INFO Connection to proxy localRank 1 -> connection 0x147698000f40
x3204c0s1b1n0:16072:19773 [0] NCCL INFO Connection to proxy localRank 0 -> connection 0x148454000f40
x3204c0s1b1n0:16072:19912 [0] NCCL INFO transport/p2p.cc:430 Cuda Alloc Size 6291456 pointer 0x148449200000
x3204c0s1b1n0:16079:19913 [1] NCCL INFO transport/p2p.cc:449 Cuda Alloc Size 6291456 pointer 0x147688000000
x3204c0s1b1n0:16079:19763 [1] NCCL INFO Channel 00/0 : 13[46000] -> 14[85000] via P2P/IPC/read
x3204c0s1b1n0:16079:19913 [1] NCCL INFO New proxy send connection 12 from local rank 1, transport 0
x3204c0s1b1n0:16079:19763 [1] NCCL INFO Connection to proxy localRank 1 -> connection 0x147698000f80
x3204c0s1b1n0:16079:19913 [1] NCCL INFO transport/p2p.cc:430 Cuda Alloc Size 6291456 pointer 0x147688600000
x3204c0s1b1n0:16079:19763 [1] NCCL INFO Channel 01/0 : 13[46000] -> 14[85000] via P2P/IPC/read
x3204c0s1b1n0:16079:19913 [1] NCCL INFO New proxy send connection 13 from local rank 1, transport 0
x3204c0s1b1n0:16079:19763 [1] NCCL INFO Connection to proxy localRank 1 -> connection 0x147698000fc0
x3204c0s1b1n0:16079:19913 [1] NCCL INFO transport/p2p.cc:430 Cuda Alloc Size 6291456 pointer 0x147688c00000
x3204c0s1b1n0:16079:19763 [1] NCCL INFO Channel 02/0 : 13[46000] -> 14[85000] via P2P/IPC/read
x3204c0s1b1n0:16079:19913 [1] NCCL INFO New proxy send connection 14 from local rank 1, transport 0
x3204c0s1b1n0:16079:19763 [1] NCCL INFO Connection to proxy localRank 1 -> connection 0x147698001000
x3204c0s1b1n0:16079:19913 [1] NCCL INFO transport/p2p.cc:430 Cuda Alloc Size 6291456 pointer 0x147689200000
x3204c0s1b1n0:16079:19763 [1] NCCL INFO Channel 03/0 : 13[46000] -> 14[85000] via P2P/IPC/read
x3204c0s1b1n0:16079:19913 [1] NCCL INFO New proxy send connection 15 from local rank 1, transport 0
x3204c0s1b1n0:16079:19763 [1] NCCL INFO Connection to proxy localRank 1 -> connection 0x147698001040
x3204c0s1b1n0:16079:19913 [1] NCCL INFO transport/p2p.cc:430 Cuda Alloc Size 6291456 pointer 0x147689800000
x3204c0s1b1n0:16079:19763 [1] NCCL INFO GPU Direct RDMA Disabled for GPU 46000 / HCA 1 (distance 6 > 4)
x3204c0s1b1n0:16079:19913 [1] NCCL INFO New proxy recv connection 16 from local rank 1, transport 2
x3204c0s1b1n0:16072:19773 [0] NCCL INFO GPU Direct RDMA Disabled for GPU 7000 / HCA 1 (distance 7 > 4)
x3204c0s1b1n0:16072:19912 [0] NCCL INFO Allocated 4194656 bytes of shared memory in /dev/shm/nccl-ssH8Xu

x3204c0s1b1n0:16072:19912 [0] NCCL INFO New proxy recv connection 12 from local rank 0, transport 2
x3204c0s1b1n0:16083:19914 [2] NCCL INFO New proxy recv connection 12 from local rank 2, transport 0
x3204c0s1b1n0:16083:19770 [2] NCCL INFO Connection to proxy localRank 2 -> connection 0x1549dc000f80
x3204c0s1b1n0:16083:19914 [2] NCCL INFO transport/p2p.cc:449 Cuda Alloc Size 6291456 pointer 0x1549cf200000
x3204c0s1b1n0:16072:19773 [0] NCCL INFO Connection to proxy localRank 0 -> connection 0x148454000f80
x3204c0s1b1n0:16079:19763 [1] NCCL INFO Connection to proxy localRank 1 -> connection 0x147698001080
x3204c0s1b1n0:16083:19914 [2] NCCL INFO New proxy recv connection 13 from local rank 2, transport 0
x3204c0s1b1n0:16072:19773 [0] NCCL INFO Channel 00/0 : 8[7000] -> 12[7000] [receive] via NET/IB/1
x3204c0s1b1n0:16072:19773 [0] NCCL INFO GPU Direct RDMA Disabled for GPU 7000 / HCA 0 (distance 7 > 4)
x3204c0s1b1n0:16072:19912 [0] NCCL INFO New proxy recv connection 13 from local rank 0, transport 2
x3204c0s1b1n0:16079:19763 [1] NCCL INFO Channel 02/0 : 8[7000] -> 13[46000] [receive] via NET/IB/1
x3204c0s1b1n0:16079:19763 [1] NCCL INFO GPU Direct RDMA Disabled for GPU 46000 / HCA 0 (distance 7 > 4)
x3204c0s1b1n0:16083:19770 [2] NCCL INFO Connection to proxy localRank 2 -> connection 0x1549dc000fc0
x3204c0s1b1n0:16083:19914 [2] NCCL INFO transport/p2p.cc:449 Cuda Alloc Size 6291456 pointer 0x1549cf800000
x3204c0s1b1n0:16072:19773 [0] NCCL INFO Connection to proxy localRank 0 -> connection 0x148454000fc0
x3204c0s1b1n0:16079:19913 [1] NCCL INFO New proxy recv connection 17 from local rank 1, transport 2
x3204c0s1b1n0:16083:19914 [2] NCCL INFO New proxy recv connection 14 from local rank 2, transport 0
x3204c0s1b1n0:16079:19763 [1] NCCL INFO Connection to proxy localRank 1 -> connection 0x1476980010c0
x3204c0s1b1n0:16072:19773 [0] NCCL INFO Channel 01/0 : 8[7000] -> 12[7000] [receive] via NET/IB/0
x3204c0s1b1n0:16072:19773 [0] NCCL INFO GPU Direct RDMA Disabled for GPU 7000 / HCA 1 (distance 7 > 4)
x3204c0s1b1n0:16072:19912 [0] NCCL INFO New proxy send connection 14 from local rank 0, transport 2
x3204c0s1b1n0:16079:19763 [1] NCCL INFO Channel 03/0 : 8[7000] -> 13[46000] [receive] via NET/IB/0
x3204c0s1b1n0:16083:19770 [2] NCCL INFO Connection to proxy localRank 2 -> connection 0x1549dc001000
x3204c0s1b1n0:16083:19914 [2] NCCL INFO transport/p2p.cc:449 Cuda Alloc Size 6291456 pointer 0x1549cc000000
x3204c0s1b1n0:16083:19914 [2] NCCL INFO New proxy recv connection 15 from local rank 2, transport 0
x3204c0s1b1n0:16072:19773 [0] NCCL INFO Connection to proxy localRank 0 -> connection 0x148454001000
x3204c0s1b1n0:16072:19773 [0] NCCL INFO Channel 02/0 : 12[7000] -> 16[7000] [send] via NET/IB/1
x3204c0s1b1n0:16072:19773 [0] NCCL INFO GPU Direct RDMA Disabled for GPU 7000 / HCA 0 (distance 7 > 4)
x3204c0s1b1n0:16072:19912 [0] NCCL INFO New proxy send connection 15 from local rank 0, transport 2
x3204c0s1b1n0:16072:19773 [0] NCCL INFO Connection to proxy localRank 0 -> connection 0x148454001040
x3204c0s1b1n0:16072:19773 [0] NCCL INFO Channel 03/0 : 12[7000] -> 16[7000] [send] via NET/IB/0
x3204c0s1b1n0:16083:19770 [2] NCCL INFO Connection to proxy localRank 2 -> connection 0x1549dc001040
x3204c0s1b1n0:16083:19914 [2] NCCL INFO transport/p2p.cc:449 Cuda Alloc Size 6291456 pointer 0x1549cc600000
x3204c0s1b1n0:16083:19770 [2] NCCL INFO Channel 00/0 : 14[85000] -> 13[46000] via P2P/IPC/read
x3204c0s1b1n0:16083:19914 [2] NCCL INFO New proxy send connection 16 from local rank 2, transport 0
x3204c0s1b1n0:16083:19770 [2] NCCL INFO Connection to proxy localRank 2 -> connection 0x1549dc001080
x3204c0s1b1n0:16083:19914 [2] NCCL INFO transport/p2p.cc:430 Cuda Alloc Size 6291456 pointer 0x1549ccc00000
x3204c0s1b1n0:16079:19913 [1] NCCL INFO transport/net_ib.cc:683 Ib Alloc Size 21688 pointer 0x1476980be000
x3204c0s1b1n0:16079:19913 [1] NCCL INFO transport/net_ib.cc:696 Ib Alloc Size 552 pointer 0x14769801a000
x3204c0s1b1n0:16079:19913 [1] NCCL INFO transport/net_ib.cc:771 Ib Alloc Size 552 pointer 0x1476980df000
x3204c0s1b1n0:16079:19913 [1] NCCL INFO transport/net.cc:698 Cuda Host Alloc Size 9641984 pointer 0x147685200000
x3204c0s1b1n0:16083:19770 [2] NCCL INFO Channel 01/0 : 14[85000] -> 13[46000] via P2P/IPC/read
x3204c0s1b1n0:16083:19914 [2] NCCL INFO New proxy send connection 17 from local rank 2, transport 0
x3204c0s1b1n0:16083:19770 [2] NCCL INFO Connection to proxy localRank 2 -> connection 0x1549dc0010c0
x3204c0s1b1n0:16083:19914 [2] NCCL INFO transport/p2p.cc:430 Cuda Alloc Size 6291456 pointer 0x1549cd200000
x3204c0s1b1n0:16079:19913 [1] NCCL INFO transport/net_ib.cc:683 Ib Alloc Size 21688 pointer 0x1476980e1000
x3204c0s1b1n0:16079:19913 [1] NCCL INFO transport/net_ib.cc:696 Ib Alloc Size 552 pointer 0x1476980e8000
x3204c0s1b1n0:16079:19913 [1] NCCL INFO transport/net_ib.cc:771 Ib Alloc Size 552 pointer 0x147698103000
x3204c0s1b1n0:16079:19913 [1] NCCL INFO transport/net.cc:698 Cuda Host Alloc Size 9641984 pointer 0x147682000000
x3204c0s1b1n0:16083:19770 [2] NCCL INFO Channel 02/0 : 14[85000] -> 13[46000] via P2P/IPC/read
x3204c0s1b1n0:16083:19914 [2] NCCL INFO New proxy send connection 18 from local rank 2, transport 0
x3204c0s1b1n0:16079:19763 [1] NCCL INFO GPU Direct RDMA Disabled for GPU 46000 / HCA 1 (distance 6 > 4)
x3204c0s1b1n0:16079:19913 [1] NCCL INFO New proxy send connection 18 from local rank 1, transport 2
x3204c0s1b1n0:16079:19763 [1] NCCL INFO Connection to proxy localRank 1 -> connection 0x147698001100
x3204c0s1b1n0:16079:19763 [1] NCCL INFO Channel 02/0 : 13[46000] -> 8[7000] [send] via NET/IB/1
x3204c0s1b1n0:16079:19763 [1] NCCL INFO GPU Direct RDMA Disabled for GPU 46000 / HCA 0 (distance 7 > 4)
x3204c0s1b1n0:16079:19913 [1] NCCL INFO New proxy send connection 19 from local rank 1, transport 2
x3204c0s1b1n0:16083:19770 [2] NCCL INFO Connection to proxy localRank 2 -> connection 0x1549dc001100
x3204c0s1b1n0:16083:19914 [2] NCCL INFO transport/p2p.cc:430 Cuda Alloc Size 6291456 pointer 0x1549cd800000
x3204c0s1b1n0:16079:19763 [1] NCCL INFO Connection to proxy localRank 1 -> connection 0x147698001140
x3204c0s1b1n0:16079:19763 [1] NCCL INFO Channel 03/0 : 13[46000] -> 8[7000] [send] via NET/IB/0
x3204c0s1b1n0:16083:19770 [2] NCCL INFO Channel 03/0 : 14[85000] -> 13[46000] via P2P/IPC/read
x3204c0s1b1n0:16083:19914 [2] NCCL INFO New proxy send connection 19 from local rank 2, transport 0
x3204c0s1b1n0:16083:19770 [2] NCCL INFO Connection to proxy localRank 2 -> connection 0x1549dc001140
x3204c0s1b1n0:16072:19912 [0] NCCL INFO transport/net_ib.cc:596 Ib Alloc Size 26560 pointer 0x148454026000
x3204c0s1b1n0:16072:19912 [0] NCCL INFO NET/IB: Dev 1 Port 1 qpn 4799 mtu 5 GID 0 (80FE/EF3900FEFF000000)
x3204c0s1b1n0:16072:19912 [0] NCCL INFO transport/net_ib.cc:653 Ib Alloc Size 552 pointer 0x14845403e000
x3204c0s1b1n0:16072:19912 [0] NCCL INFO transport/net.cc:571 Cuda Host Alloc Size 9641984 pointer 0x148447200000
x3204c0s1b1n0:16072:19912 [0] NCCL INFO transport/net_ib.cc:596 Ib Alloc Size 26560 pointer 0x148454040000
x3204c0s1b1n0:16083:19914 [2] NCCL INFO transport/p2p.cc:430 Cuda Alloc Size 6291456 pointer 0x1549ca000000
x3204c0s1b1n0:16072:19912 [0] NCCL INFO NET/IB: Dev 0 Port 1 qpn 3641 mtu 5 GID 0 (80FE/AA3900FEFF000000)
x3204c0s1b1n0:16072:19912 [0] NCCL INFO transport/net_ib.cc:653 Ib Alloc Size 552 pointer 0x148454057000
x3204c0s1b1n0:16072:19912 [0] NCCL INFO transport/net.cc:571 Cuda Host Alloc Size 9641984 pointer 0x14843e000000
x3204c0s1b1n0:16072:19912 [0] NCCL INFO transport/net_ib.cc:683 Ib Alloc Size 21688 pointer 0x148454059000
x3204c0s1b1n0:16072:19912 [0] NCCL INFO transport/net_ib.cc:696 Ib Alloc Size 552 pointer 0x148454060000
x3204c0s1b1n0:16087:19762 [3] NCCL INFO Connected all trees by HAO
x3204c0s1b1n0:16087:19762 [3] NCCL INFO threadThresholds 8/8/64 | 160/8/64 | 512 | 512
x3204c0s1b1n0:16087:19762 [3] NCCL INFO 4 coll channels, 4 p2p channels, 2 p2p channels per peer
x3204c0s1b1n0:16072:19912 [0] NCCL INFO transport/net_ib.cc:771 Ib Alloc Size 552 pointer 0x14845407c000
x3204c0s1b1n0:16072:19912 [0] NCCL INFO transport/net.cc:698 Cuda Host Alloc Size 9641984 pointer 0x14843ea00000
x3204c0s1b1n0:16087:19915 [3] NCCL INFO New proxy send connection 12 from local rank 3, transport 2
x3204c0s1b1n0:16072:19912 [0] NCCL INFO transport/net_ib.cc:683 Ib Alloc Size 21688 pointer 0x14845407e000
x3204c0s1b1n0:16072:19912 [0] NCCL INFO transport/net_ib.cc:696 Ib Alloc Size 552 pointer 0x148454085000
x3204c0s1b1n0:16072:19912 [0] NCCL INFO transport/net_ib.cc:771 Ib Alloc Size 552 pointer 0x1484540a0000
x3204c0s1b1n0:16072:19912 [0] NCCL INFO transport/net.cc:698 Cuda Host Alloc Size 9641984 pointer 0x14843f400000
x3204c0s1b1n0:16087:19762 [3] NCCL INFO Connection to proxy localRank 3 -> connection 0x154db8000f80
x3204c0s1b1n0:16087:19915 [3] NCCL INFO transport/net.cc:376 Cuda Alloc Size 8388608 pointer 0x154dac000000
x3204c0s1b1n0:16072:19773 [0] NCCL INFO GPU Direct RDMA Disabled for GPU 7000 / HCA 1 (distance 7 > 4)
x3204c0s1b1n0:16072:19912 [0] NCCL INFO New proxy send connection 16 from local rank 0, transport 2
x3204c0s1b1n0:16072:19773 [0] NCCL INFO Connection to proxy localRank 0 -> connection 0x148454001080
x3204c0s1b1n0:16072:19773 [0] NCCL INFO Channel 02/0 : 12[7000] -> 1[46000] [send] via NET/IB/1
x3204c0s1b1n0:16072:19773 [0] NCCL INFO GPU Direct RDMA Disabled for GPU 7000 / HCA 0 (distance 7 > 4)
x3204c0s1b1n0:16072:19912 [0] NCCL INFO New proxy send connection 17 from local rank 0, transport 2
x3204c0s1b1n0:16072:19773 [0] NCCL INFO Connection to proxy localRank 0 -> connection 0x1484540010c0
x3204c0s1b1n0:16072:19773 [0] NCCL INFO Channel 03/0 : 12[7000] -> 1[46000] [send] via NET/IB/0
x3204c0s1b1n0:16072:19912 [0] NCCL INFO transport/net_ib.cc:596 Ib Alloc Size 26560 pointer 0x1484540aa000
x3204c0s1b1n0:16072:19912 [0] NCCL INFO NET/IB: Dev 1 Port 1 qpn 4802 mtu 5 GID 0 (80FE/EF3900FEFF000000)
x3204c0s1b1n0:16072:19912 [0] NCCL INFO transport/net_ib.cc:653 Ib Alloc Size 552 pointer 0x1484540c1000
x3204c0s1b1n0:16072:19912 [0] NCCL INFO transport/net.cc:571 Cuda Host Alloc Size 9641984 pointer 0x14843c000000
x3204c0s1b1n0:16072:19912 [0] NCCL INFO transport/net_ib.cc:596 Ib Alloc Size 26560 pointer 0x1484540c3000
x3204c0s1b1n0:16072:19912 [0] NCCL INFO NET/IB: Dev 0 Port 1 qpn 3645 mtu 5 GID 0 (80FE/AA3900FEFF000000)
x3204c0s1b1n0:16072:19912 [0] NCCL INFO transport/net_ib.cc:653 Ib Alloc Size 552 pointer 0x1484540da000
x3204c0s1b1n0:16072:19912 [0] NCCL INFO transport/net.cc:571 Cuda Host Alloc Size 9641984 pointer 0x14843ca00000
x3204c0s1b1n0:16072:19773 [0] NCCL INFO GPU Direct RDMA Disabled for GPU 7000 / HCA 1 (distance 7 > 4)
x3204c0s1b1n0:16072:19912 [0] NCCL INFO New proxy recv connection 18 from local rank 0, transport 2
x3204c0s1b1n0:16072:19773 [0] NCCL INFO Connection to proxy localRank 0 -> connection 0x148454001100
x3204c0s1b1n0:16072:19773 [0] NCCL INFO Channel 02/0 : 1[46000] -> 12[7000] [receive] via NET/IB/1
x3204c0s1b1n0:16072:19773 [0] NCCL INFO GPU Direct RDMA Disabled for GPU 7000 / HCA 0 (distance 7 > 4)
x3204c0s1b1n0:16072:19912 [0] NCCL INFO New proxy recv connection 19 from local rank 0, transport 2
x3204c0s1b1n0:16072:19773 [0] NCCL INFO Connection to proxy localRank 0 -> connection 0x148454001140
x3204c0s1b1n0:16072:19773 [0] NCCL INFO Channel 03/0 : 1[46000] -> 12[7000] [receive] via NET/IB/0
x3204c0s1b1n0:16072:19912 [0] NCCL INFO transport/net_ib.cc:683 Ib Alloc Size 21688 pointer 0x1484540e6000
x3204c0s1b1n0:16072:19912 [0] NCCL INFO transport/net_ib.cc:696 Ib Alloc Size 552 pointer 0x1484540ed000
x3204c0s1b1n0:16072:19912 [0] NCCL INFO transport/net_ib.cc:771 Ib Alloc Size 552 pointer 0x148454109000
x3204c0s1b1n0:16072:19912 [0] NCCL INFO transport/net.cc:698 Cuda Host Alloc Size 9641984 pointer 0x14843d400000
x3204c0s1b1n0:16072:19912 [0] NCCL INFO transport/net_ib.cc:683 Ib Alloc Size 21688 pointer 0x14845410b000
x3204c0s1b1n0:16072:19912 [0] NCCL INFO transport/net_ib.cc:696 Ib Alloc Size 552 pointer 0x148454112000
x3204c0s1b1n0:16079:19913 [1] NCCL INFO transport/net_ib.cc:596 Ib Alloc Size 26560 pointer 0x14769810f000
x3204c0s1b1n0:16079:19913 [1] NCCL INFO NET/IB: Dev 1 Port 1 qpn 4805 mtu 5 GID 0 (80FE/EF3900FEFF000000)
x3204c0s1b1n0:16079:19913 [1] NCCL INFO transport/net_ib.cc:653 Ib Alloc Size 552 pointer 0x147698126000
x3204c0s1b1n0:16079:19913 [1] NCCL INFO transport/net.cc:571 Cuda Host Alloc Size 9641984 pointer 0x147682a00000
x3204c0s1b1n0:16072:19912 [0] NCCL INFO transport/net_ib.cc:771 Ib Alloc Size 552 pointer 0x14845412d000
x3204c0s1b1n0:16072:19912 [0] NCCL INFO transport/net.cc:698 Cuda Host Alloc Size 9641984 pointer 0x14843a000000
x3204c0s1b1n0:16079:19913 [1] NCCL INFO transport/net_ib.cc:596 Ib Alloc Size 26560 pointer 0x147698128000
x3204c0s1b1n0:16079:19913 [1] NCCL INFO NET/IB: Dev 0 Port 1 qpn 3649 mtu 5 GID 0 (80FE/AA3900FEFF000000)
x3204c0s1b1n0:16079:19913 [1] NCCL INFO transport/net_ib.cc:653 Ib Alloc Size 552 pointer 0x14769813f000
x3204c0s1b1n0:16079:19913 [1] NCCL INFO transport/net.cc:571 Cuda Host Alloc Size 9641984 pointer 0x147683400000
x3204c0s1b1n0:16072:19773 [0] NCCL INFO GPU Direct RDMA Disabled for GPU 7000 / HCA 1 (distance 7 > 4)
x3204c0s1b1n0:16072:19912 [0] NCCL INFO New proxy recv connection 20 from local rank 0, transport 2
x3204c0s1b1n0:16079:19913 [1] NCCL INFO New proxy recv connection 20 from local rank 1, transport 0
x3204c0s1b1n0:16072:19773 [0] NCCL INFO Connection to proxy localRank 0 -> connection 0x148454001180
x3204c0s1b1n0:16079:19763 [1] NCCL INFO Connection to proxy localRank 1 -> connection 0x147698001180
x3204c0s1b1n0:16079:19913 [1] NCCL INFO transport/p2p.cc:449 Cuda Alloc Size 6291456 pointer 0x147680000000
x3204c0s1b1n0:16072:19773 [0] NCCL INFO Channel 02/0 : 16[7000] -> 12[7000] [receive] via NET/IB/1
x3204c0s1b1n0:16072:19773 [0] NCCL INFO GPU Direct RDMA Disabled for GPU 7000 / HCA 0 (distance 7 > 4)
x3204c0s1b1n0:16072:19912 [0] NCCL INFO New proxy recv connection 21 from local rank 0, transport 2
x3204c0s1b1n0:16079:19913 [1] NCCL INFO New proxy recv connection 21 from local rank 1, transport 0
x3204c0s1b1n0:16072:19773 [0] NCCL INFO Connection to proxy localRank 0 -> connection 0x1484540011c0
x3204c0s1b1n0:16079:19763 [1] NCCL INFO Connection to proxy localRank 1 -> connection 0x1476980011c0
x3204c0s1b1n0:16079:19913 [1] NCCL INFO transport/p2p.cc:449 Cuda Alloc Size 6291456 pointer 0x147680600000
x3204c0s1b1n0:16072:19773 [0] NCCL INFO Channel 03/0 : 16[7000] -> 12[7000] [receive] via NET/IB/0
x3204c0s1b1n0:16072:19773 [0] NCCL INFO GPU Direct RDMA Disabled for GPU 7000 / HCA 1 (distance 7 > 4)
x3204c0s1b1n0:16072:19912 [0] NCCL INFO New proxy send connection 22 from local rank 0, transport 2
x3204c0s1b1n0:16079:19913 [1] NCCL INFO New proxy recv connection 22 from local rank 1, transport 0
x3204c0s1b1n0:16072:19773 [0] NCCL INFO Connection to proxy localRank 0 -> connection 0x148454001200
x3204c0s1b1n0:16072:19773 [0] NCCL INFO Channel 00/0 : 12[7000] -> 8[7000] [send] via NET/IB/1
x3204c0s1b1n0:16072:19773 [0] NCCL INFO GPU Direct RDMA Disabled for GPU 7000 / HCA 0 (distance 7 > 4)
x3204c0s1b1n0:16072:19912 [0] NCCL INFO New proxy send connection 23 from local rank 0, transport 2
x3204c0s1b1n0:16072:19773 [0] NCCL INFO Connection to proxy localRank 0 -> connection 0x148454001240
x3204c0s1b1n0:16072:19773 [0] NCCL INFO Channel 01/0 : 12[7000] -> 8[7000] [send] via NET/IB/0
x3204c0s1b1n0:16072:19912 [0] NCCL INFO transport/net_ib.cc:596 Ib Alloc Size 26560 pointer 0x148454143000
x3204c0s1b1n0:16079:19763 [1] NCCL INFO Connection to proxy localRank 1 -> connection 0x147698001200
x3204c0s1b1n0:16072:19912 [0] NCCL INFO NET/IB: Dev 1 Port 1 qpn 4806 mtu 5 GID 0 (80FE/EF3900FEFF000000)
x3204c0s1b1n0:16072:19912 [0] NCCL INFO transport/net_ib.cc:653 Ib Alloc Size 552 pointer 0x14845415a000
x3204c0s1b1n0:16079:19913 [1] NCCL INFO transport/p2p.cc:449 Cuda Alloc Size 6291456 pointer 0x147680c00000
x3204c0s1b1n0:16072:19912 [0] NCCL INFO transport/net.cc:571 Cuda Host Alloc Size 9641984 pointer 0x14843aa00000
x3204c0s1b1n0:16072:19912 [0] NCCL INFO Mem Realloc old size 768, new size 1536 pointer 0x1484540ee050
x3204c0s1b1n0:16072:19912 [0] NCCL INFO transport/net_ib.cc:596 Ib Alloc Size 26560 pointer 0x14845415c000
x3204c0s1b1n0:16072:19912 [0] NCCL INFO NET/IB: Dev 0 Port 1 qpn 3650 mtu 5 GID 0 (80FE/AA3900FEFF000000)
x3204c0s1b1n0:16072:19912 [0] NCCL INFO transport/net_ib.cc:653 Ib Alloc Size 552 pointer 0x148454173000
x3204c0s1b1n0:16072:19912 [0] NCCL INFO transport/net.cc:571 Cuda Host Alloc Size 9641984 pointer 0x14843b400000
x3204c0s1b1n0:16079:19913 [1] NCCL INFO New proxy recv connection 23 from local rank 1, transport 0
