x3002c0s31b0n0:2139:3447 [1] NCCL INFO Mem Realloc old size 0, new size 768 pointer 0x14fa5006e880
x3002c0s31b0n0:2139:3447 [1] NCCL INFO transport/net_ib.cc:683 Ib Alloc Size 21688 pointer 0x14fa5007b000
x3002c0s31b0n0:2139:3447 [1] NCCL INFO transport/net_ib.cc:696 Ib Alloc Size 552 pointer 0x14fa50082000
x3002c0s31b0n0:2139:3447 [1] NCCL INFO transport/net_ib.cc:771 Ib Alloc Size 552 pointer 0x14fa5009d000
x3002c0s31b0n0:2139:3447 [1] NCCL INFO transport/net.cc:698 Cuda Host Alloc Size 9641984 pointer 0x14fa4f400000
x3002c0s31b0n0:2140:3448 [2] NCCL INFO New proxy recv connection 7 from local rank 2, transport 0
x3002c0s31b0n0:2141:3451 [3] NCCL INFO transport/net_ib.cc:596 Ib Alloc Size 26560 pointer 0x14a8fc042000
x3002c0s31b0n0:2139:3447 [1] NCCL INFO transport/net_ib.cc:683 Ib Alloc Size 21688 pointer 0x14fa5009f000
x3002c0s31b0n0:2139:3447 [1] NCCL INFO transport/net_ib.cc:696 Ib Alloc Size 552 pointer 0x14fa500a6000
x3002c0s31b0n0:2141:3451 [3] NCCL INFO NET/IB: Dev 0 Port 1 qpn 39636 mtu 5 GID 0 (80FE/9E0000FEFF000000)
x3002c0s31b0n0:2141:3451 [3] NCCL INFO transport/net_ib.cc:653 Ib Alloc Size 552 pointer 0x14a8fc064000
x3002c0s31b0n0:2141:3451 [3] NCCL INFO transport/net.cc:571 Cuda Host Alloc Size 9641984 pointer 0x14a94ba00000
x3002c0s31b0n0:2141:3451 [3] NCCL INFO Mem Realloc old size 0, new size 768 pointer 0x14a8fc051c50
x3002c0s31b0n0:2141:3451 [3] NCCL INFO transport/net_ib.cc:596 Ib Alloc Size 26560 pointer 0x14a8fc066000
x3002c0s31b0n0:2140:3260 [2] NCCL INFO Connection to proxy localRank 2 -> connection 0x14e4e4000e40
x3002c0s31b0n0:2140:3448 [2] NCCL INFO transport/p2p.cc:449 Cuda Alloc Size 6291456 pointer 0x14e4e0000000
x3002c0s31b0n0:2141:3451 [3] NCCL INFO NET/IB: Dev 1 Port 1 qpn 38810 mtu 5 GID 0 (80FE/DB0000FEFF000000)
x3002c0s31b0n0:2141:3451 [3] NCCL INFO transport/net_ib.cc:653 Ib Alloc Size 552 pointer 0x14a8fc07d000
x3002c0s31b0n0:2141:3451 [3] NCCL INFO transport/net.cc:571 Cuda Host Alloc Size 9641984 pointer 0x14a94c400000
x3002c0s31b0n0:2139:3447 [1] NCCL INFO transport/net_ib.cc:771 Ib Alloc Size 552 pointer 0x14fa500c1000
x3002c0s31b0n0:2139:3447 [1] NCCL INFO transport/net.cc:698 Cuda Host Alloc Size 9641984 pointer 0x14fa4c000000
x3002c0s31b0n0:2139:3261 [1] NCCL INFO Channel 00/0 : 17[46000] -> 16[7000] via P2P/IPC/read
x3002c0s31b0n0:2141:3451 [3] NCCL INFO transport/net_ib.cc:596 Ib Alloc Size 26560 pointer 0x14a8fc07f000
x3002c0s31b0n0:2140:3260 [2] NCCL INFO Connected all rings
x3002c0s31b0n0:2140:3448 [2] NCCL INFO New proxy recv connection 8 from local rank 2, transport 0
x3002c0s31b0n0:2138:3446 [0] NCCL INFO New proxy recv connection 4 from local rank 0, transport 0
x3002c0s31b0n0:2139:3447 [1] NCCL INFO New proxy send connection 4 from local rank 1, transport 0
x3002c0s31b0n0:2141:3451 [3] NCCL INFO NET/IB: Dev 0 Port 1 qpn 39639 mtu 5 GID 0 (80FE/9E0000FEFF000000)
x3002c0s31b0n0:2141:3451 [3] NCCL INFO transport/net_ib.cc:653 Ib Alloc Size 552 pointer 0x14a8fc096000
x3002c0s31b0n0:2141:3451 [3] NCCL INFO transport/net.cc:571 Cuda Host Alloc Size 9641984 pointer 0x14a94ce00000
x3002c0s31b0n0:2141:3264 [3] NCCL INFO Connected all rings
x3002c0s31b0n0:2141:3264 [3] NCCL INFO Channel 00/0 : 19[c7000] -> 18[85000] via P2P/IPC/read
x3002c0s31b0n0:2141:3451 [3] NCCL INFO New proxy send connection 8 from local rank 3, transport 0
x3002c0s31b0n0:2138:3265 [0] NCCL INFO Connection to proxy localRank 0 -> connection 0x146908000d80
x3002c0s31b0n0:2138:3446 [0] NCCL INFO transport/p2p.cc:449 Cuda Alloc Size 6291456 pointer 0x146906c00000
x3002c0s31b0n0:2140:3260 [2] NCCL INFO Connection to proxy localRank 2 -> connection 0x14e4e4000e80
x3002c0s31b0n0:2140:3448 [2] NCCL INFO transport/p2p.cc:449 Cuda Alloc Size 6291456 pointer 0x14e4de000000
x3002c0s31b0n0:2138:3446 [0] NCCL INFO New proxy recv connection 5 from local rank 0, transport 0
x3002c0s31b0n0:2141:3264 [3] NCCL INFO Connection to proxy localRank 3 -> connection 0x14a8fc000e80
x3002c0s31b0n0:2141:3451 [3] NCCL INFO transport/p2p.cc:430 Cuda Alloc Size 6291456 pointer 0x14a94d800000
x3002c0s31b0n0:2139:3261 [1] NCCL INFO Connection to proxy localRank 1 -> connection 0x14fa50000d80
x3002c0s31b0n0:2139:3447 [1] NCCL INFO transport/p2p.cc:430 Cuda Alloc Size 6291456 pointer 0x14fa4ca00000
x3002c0s31b0n0:2138:3265 [0] NCCL INFO Connection to proxy localRank 0 -> connection 0x146908000dc0
x3002c0s31b0n0:2138:3446 [0] NCCL INFO transport/p2p.cc:449 Cuda Alloc Size 6291456 pointer 0x146907200000
x3002c0s31b0n0:2140:3448 [2] NCCL INFO New proxy recv connection 9 from local rank 2, transport 0
x3002c0s31b0n0:2139:3261 [1] NCCL INFO Channel 01/0 : 17[46000] -> 16[7000] via P2P/IPC/read
x3002c0s31b0n0:2139:3447 [1] NCCL INFO New proxy send connection 5 from local rank 1, transport 0
x3002c0s31b0n0:2140:3260 [2] NCCL INFO Connection to proxy localRank 2 -> connection 0x14e4e4000ec0
x3002c0s31b0n0:2140:3448 [2] NCCL INFO transport/p2p.cc:449 Cuda Alloc Size 6291456 pointer 0x14e4de600000
x3002c0s31b0n0:2141:3264 [3] NCCL INFO Channel 01/0 : 19[c7000] -> 18[85000] via P2P/IPC/read
x3002c0s31b0n0:2141:3451 [3] NCCL INFO New proxy send connection 9 from local rank 3, transport 0
x3002c0s31b0n0:2138:3446 [0] NCCL INFO New proxy recv connection 6 from local rank 0, transport 0
x3002c0s31b0n0:2139:3261 [1] NCCL INFO Connection to proxy localRank 1 -> connection 0x14fa50000dc0
x3002c0s31b0n0:2139:3447 [1] NCCL INFO transport/p2p.cc:430 Cuda Alloc Size 6291456 pointer 0x14fa4d000000
x3002c0s31b0n0:2140:3448 [2] NCCL INFO New proxy recv connection 10 from local rank 2, transport 0
x3002c0s31b0n0:2141:3264 [3] NCCL INFO Connection to proxy localRank 3 -> connection 0x14a8fc000ec0
x3002c0s31b0n0:2141:3451 [3] NCCL INFO transport/p2p.cc:430 Cuda Alloc Size 6291456 pointer 0x14a94de00000
x3002c0s31b0n0:2138:3265 [0] NCCL INFO Connection to proxy localRank 0 -> connection 0x146908000e00
x3002c0s31b0n0:2138:3446 [0] NCCL INFO transport/p2p.cc:449 Cuda Alloc Size 6291456 pointer 0x146907800000
x3002c0s31b0n0:2139:3261 [1] NCCL INFO Channel 02/0 : 17[46000] -> 16[7000] via P2P/IPC/read
x3002c0s31b0n0:2139:3447 [1] NCCL INFO New proxy send connection 6 from local rank 1, transport 0
x3002c0s31b0n0:2140:3260 [2] NCCL INFO Connection to proxy localRank 2 -> connection 0x14e4e4000f00
x3002c0s31b0n0:2140:3448 [2] NCCL INFO transport/p2p.cc:449 Cuda Alloc Size 6291456 pointer 0x14e4dec00000
x3002c0s31b0n0:2141:3264 [3] NCCL INFO Channel 02/0 : 19[c7000] -> 18[85000] via P2P/IPC/read
x3002c0s31b0n0:2141:3451 [3] NCCL INFO New proxy send connection 10 from local rank 3, transport 0
x3002c0s31b0n0:2139:3261 [1] NCCL INFO Connection to proxy localRank 1 -> connection 0x14fa50000e00
x3002c0s31b0n0:2139:3447 [1] NCCL INFO transport/p2p.cc:430 Cuda Alloc Size 6291456 pointer 0x14fa4d600000
x3002c0s31b0n0:2138:3446 [0] NCCL INFO New proxy recv connection 7 from local rank 0, transport 0
x3002c0s31b0n0:2140:3448 [2] NCCL INFO New proxy recv connection 11 from local rank 2, transport 0
x3002c0s31b0n0:2141:3264 [3] NCCL INFO Connection to proxy localRank 3 -> connection 0x14a8fc000f00
x3002c0s31b0n0:2141:3451 [3] NCCL INFO transport/p2p.cc:430 Cuda Alloc Size 6291456 pointer 0x14a94e400000
x3002c0s31b0n0:2139:3261 [1] NCCL INFO Channel 03/0 : 17[46000] -> 16[7000] via P2P/IPC/read
x3002c0s31b0n0:2139:3447 [1] NCCL INFO New proxy send connection 7 from local rank 1, transport 0
x3002c0s31b0n0:2139:3261 [1] NCCL INFO Connection to proxy localRank 1 -> connection 0x14fa50000e40
x3002c0s31b0n0:2138:3265 [0] NCCL INFO Connection to proxy localRank 0 -> connection 0x146908000e40
x3002c0s31b0n0:2138:3446 [0] NCCL INFO transport/p2p.cc:449 Cuda Alloc Size 6291456 pointer 0x146904000000
x3002c0s31b0n0:2139:3447 [1] NCCL INFO transport/p2p.cc:430 Cuda Alloc Size 6291456 pointer 0x14fa5fa00000
x3002c0s31b0n0:2140:3260 [2] NCCL INFO Connection to proxy localRank 2 -> connection 0x14e4e4000f40
x3002c0s31b0n0:2140:3448 [2] NCCL INFO transport/p2p.cc:449 Cuda Alloc Size 6291456 pointer 0x14e4df200000
x3002c0s31b0n0:2141:3264 [3] NCCL INFO Channel 03/0 : 19[c7000] -> 18[85000] via P2P/IPC/read
x3002c0s31b0n0:2141:3451 [3] NCCL INFO New proxy send connection 11 from local rank 3, transport 0
x3002c0s31b0n0:2139:3261 [1] NCCL INFO Connected all rings
x3002c0s31b0n0:2139:3447 [1] NCCL INFO New proxy recv connection 8 from local rank 1, transport 0
x3002c0s31b0n0:2138:3265 [0] NCCL INFO Connected all rings
x3002c0s31b0n0:2138:3265 [0] NCCL INFO Channel 00/0 : 16[7000] -> 17[46000] via P2P/IPC/read
x3002c0s31b0n0:2138:3446 [0] NCCL INFO New proxy send connection 8 from local rank 0, transport 0
x3002c0s31b0n0:2141:3264 [3] NCCL INFO Connection to proxy localRank 3 -> connection 0x14a8fc000f40
x3002c0s31b0n0:2141:3451 [3] NCCL INFO transport/p2p.cc:430 Cuda Alloc Size 6291456 pointer 0x14a94ea00000
x3002c0s31b0n0:2138:3265 [0] NCCL INFO Connection to proxy localRank 0 -> connection 0x146908000e80
x3002c0s31b0n0:2138:3446 [0] NCCL INFO transport/p2p.cc:430 Cuda Alloc Size 6291456 pointer 0x146902000000
x3002c0s31b0n0:2139:3261 [1] NCCL INFO Connection to proxy localRank 1 -> connection 0x14fa50000e80
x3002c0s31b0n0:2139:3447 [1] NCCL INFO transport/p2p.cc:449 Cuda Alloc Size 6291456 pointer 0x14fa4b800000
x3002c0s31b0n0:2138:3265 [0] NCCL INFO Channel 01/0 : 16[7000] -> 17[46000] via P2P/IPC/read
x3002c0s31b0n0:2138:3446 [0] NCCL INFO New proxy send connection 9 from local rank 0, transport 0
x3002c0s31b0n0:2139:3447 [1] NCCL INFO New proxy recv connection 9 from local rank 1, transport 0
x3002c0s31b0n0:2138:3265 [0] NCCL INFO Connection to proxy localRank 0 -> connection 0x146908000ec0
x3002c0s31b0n0:2138:3446 [0] NCCL INFO transport/p2p.cc:430 Cuda Alloc Size 6291456 pointer 0x146902600000
x3002c0s31b0n0:2139:3261 [1] NCCL INFO Connection to proxy localRank 1 -> connection 0x14fa50000ec0
x3002c0s31b0n0:2139:3447 [1] NCCL INFO transport/p2p.cc:449 Cuda Alloc Size 6291456 pointer 0x14fa48000000
x3002c0s31b0n0:2138:3265 [0] NCCL INFO Channel 02/0 : 16[7000] -> 17[46000] via P2P/IPC/read
x3002c0s31b0n0:2138:3446 [0] NCCL INFO New proxy send connection 10 from local rank 0, transport 0
x3002c0s31b0n0:2139:3447 [1] NCCL INFO New proxy recv connection 10 from local rank 1, transport 0
x3002c0s31b0n0:2138:3265 [0] NCCL INFO Connection to proxy localRank 0 -> connection 0x146908000f00
x3002c0s31b0n0:2138:3446 [0] NCCL INFO transport/p2p.cc:430 Cuda Alloc Size 6291456 pointer 0x146902c00000
x3002c0s31b0n0:2139:3261 [1] NCCL INFO Connection to proxy localRank 1 -> connection 0x14fa50000f00
x3002c0s31b0n0:2139:3447 [1] NCCL INFO transport/p2p.cc:449 Cuda Alloc Size 6291456 pointer 0x14fa48600000
x3002c0s31b0n0:2138:3265 [0] NCCL INFO Channel 03/0 : 16[7000] -> 17[46000] via P2P/IPC/read
x3002c0s31b0n0:2138:3446 [0] NCCL INFO New proxy send connection 11 from local rank 0, transport 0
x3002c0s31b0n0:2139:3447 [1] NCCL INFO New proxy recv connection 11 from local rank 1, transport 0
x3002c0s31b0n0:2138:3265 [0] NCCL INFO Connection to proxy localRank 0 -> connection 0x146908000f40
x3002c0s31b0n0:2138:3446 [0] NCCL INFO transport/p2p.cc:430 Cuda Alloc Size 6291456 pointer 0x146903200000
x3002c0s31b0n0:2139:3261 [1] NCCL INFO Connection to proxy localRank 1 -> connection 0x14fa50000f40
x3002c0s31b0n0:2139:3447 [1] NCCL INFO transport/p2p.cc:449 Cuda Alloc Size 6291456 pointer 0x14fa48c00000
x3002c0s31b0n0:2139:3261 [1] NCCL INFO Channel 00/0 : 17[46000] -> 18[85000] via P2P/IPC/read
x3002c0s31b0n0:2139:3447 [1] NCCL INFO New proxy send connection 12 from local rank 1, transport 0
x3002c0s31b0n0:2139:3261 [1] NCCL INFO Connection to proxy localRank 1 -> connection 0x14fa50000f80
x3002c0s31b0n0:2139:3447 [1] NCCL INFO transport/p2p.cc:430 Cuda Alloc Size 6291456 pointer 0x14fa49200000
x3002c0s31b0n0:2139:3261 [1] NCCL INFO Channel 01/0 : 17[46000] -> 18[85000] via P2P/IPC/read
x3002c0s31b0n0:2139:3447 [1] NCCL INFO New proxy send connection 13 from local rank 1, transport 0
x3002c0s31b0n0:2139:3261 [1] NCCL INFO Connection to proxy localRank 1 -> connection 0x14fa50000fc0
x3002c0s31b0n0:2139:3447 [1] NCCL INFO transport/p2p.cc:430 Cuda Alloc Size 6291456 pointer 0x14fa49800000
x3002c0s31b0n0:2139:3261 [1] NCCL INFO Channel 02/0 : 17[46000] -> 18[85000] via P2P/IPC/read
x3002c0s31b0n0:2139:3447 [1] NCCL INFO New proxy send connection 14 from local rank 1, transport 0
x3002c0s31b0n0:2139:3261 [1] NCCL INFO Connection to proxy localRank 1 -> connection 0x14fa50001000
x3002c0s31b0n0:2139:3447 [1] NCCL INFO transport/p2p.cc:430 Cuda Alloc Size 6291456 pointer 0x14fa46000000
x3002c0s31b0n0:2139:3261 [1] NCCL INFO Channel 03/0 : 17[46000] -> 18[85000] via P2P/IPC/read
x3002c0s31b0n0:2139:3447 [1] NCCL INFO New proxy send connection 15 from local rank 1, transport 0
x3002c0s31b0n0:2139:3261 [1] NCCL INFO Connection to proxy localRank 1 -> connection 0x14fa50001040
x3002c0s31b0n0:2139:3447 [1] NCCL INFO transport/p2p.cc:430 Cuda Alloc Size 6291456 pointer 0x14fa46600000
x3002c0s31b0n0:2139:3261 [1] NCCL INFO GPU Direct RDMA Disabled for GPU 46000 / HCA 1 (distance 6 > 4)
x3002c0s31b0n0:2138:3265 [0] NCCL INFO GPU Direct RDMA Disabled for GPU 7000 / HCA 1 (distance 7 > 4)
x3002c0s31b0n0:2138:3446 [0] NCCL INFO Allocated 4194656 bytes of shared memory in /dev/shm/nccl-OnoijS

x3002c0s31b0n0:2138:3446 [0] NCCL INFO New proxy recv connection 12 from local rank 0, transport 2
x3002c0s31b0n0:2138:3265 [0] NCCL INFO Connection to proxy localRank 0 -> connection 0x146908000f80
x3002c0s31b0n0:2139:3447 [1] NCCL INFO New proxy recv connection 16 from local rank 1, transport 2
x3002c0s31b0n0:2140:3448 [2] NCCL INFO New proxy recv connection 12 from local rank 2, transport 0
x3002c0s31b0n0:2140:3260 [2] NCCL INFO Connection to proxy localRank 2 -> connection 0x14e4e4000f80
x3002c0s31b0n0:2140:3448 [2] NCCL INFO transport/p2p.cc:449 Cuda Alloc Size 6291456 pointer 0x14e4dd200000
x3002c0s31b0n0:2139:3261 [1] NCCL INFO Connection to proxy localRank 1 -> connection 0x14fa50001080
x3002c0s31b0n0:2138:3265 [0] NCCL INFO Channel 02/0 : 13[46000] -> 16[7000] [receive] via NET/IB/1
x3002c0s31b0n0:2138:3265 [0] NCCL INFO GPU Direct RDMA Disabled for GPU 7000 / HCA 0 (distance 7 > 4)
x3002c0s31b0n0:2138:3446 [0] NCCL INFO New proxy recv connection 13 from local rank 0, transport 2
x3002c0s31b0n0:2140:3448 [2] NCCL INFO New proxy recv connection 13 from local rank 2, transport 0
x3002c0s31b0n0:2139:3261 [1] NCCL INFO Channel 00/0 : 8[7000] -> 17[46000] [receive] via NET/IB/1
x3002c0s31b0n0:2139:3261 [1] NCCL INFO GPU Direct RDMA Disabled for GPU 46000 / HCA 0 (distance 7 > 4)
x3002c0s31b0n0:2139:3447 [1] NCCL INFO New proxy recv connection 17 from local rank 1, transport 2
x3002c0s31b0n0:2140:3260 [2] NCCL INFO Connection to proxy localRank 2 -> connection 0x14e4e4000fc0
x3002c0s31b0n0:2140:3448 [2] NCCL INFO transport/p2p.cc:449 Cuda Alloc Size 6291456 pointer 0x14e4dd800000
x3002c0s31b0n0:2140:3448 [2] NCCL INFO New proxy recv connection 14 from local rank 2, transport 0
x3002c0s31b0n0:2138:3265 [0] NCCL INFO Connection to proxy localRank 0 -> connection 0x146908000fc0
x3002c0s31b0n0:2139:3261 [1] NCCL INFO Connection to proxy localRank 1 -> connection 0x14fa500010c0
x3002c0s31b0n0:2140:3260 [2] NCCL INFO Connection to proxy localRank 2 -> connection 0x14e4e4001000
x3002c0s31b0n0:2140:3448 [2] NCCL INFO transport/p2p.cc:449 Cuda Alloc Size 6291456 pointer 0x14e4da000000
x3002c0s31b0n0:2138:3265 [0] NCCL INFO Channel 03/0 : 13[46000] -> 16[7000] [receive] via NET/IB/0
x3002c0s31b0n0:2139:3261 [1] NCCL INFO Channel 01/0 : 8[7000] -> 17[46000] [receive] via NET/IB/0
x3002c0s31b0n0:2138:3446 [0] NCCL INFO transport/net_ib.cc:683 Ib Alloc Size 21688 pointer 0x14690801c000
x3002c0s31b0n0:2138:3446 [0] NCCL INFO transport/net_ib.cc:696 Ib Alloc Size 552 pointer 0x146908023000
x3002c0s31b0n0:2138:3446 [0] NCCL INFO transport/net_ib.cc:771 Ib Alloc Size 552 pointer 0x14690804a000
x3002c0s31b0n0:2138:3446 [0] NCCL INFO transport/net.cc:698 Cuda Host Alloc Size 9641984 pointer 0x146901200000
x3002c0s31b0n0:2138:3446 [0] NCCL INFO Mem Realloc old size 0, new size 768 pointer 0x14690801bbd0
x3002c0s31b0n0:2140:3448 [2] NCCL INFO New proxy recv connection 15 from local rank 2, transport 0
x3002c0s31b0n0:2138:3446 [0] NCCL INFO transport/net_ib.cc:683 Ib Alloc Size 21688 pointer 0x14690804c000
x3002c0s31b0n0:2138:3446 [0] NCCL INFO transport/net_ib.cc:696 Ib Alloc Size 552 pointer 0x146908053000
x3002c0s31b0n0:2140:3260 [2] NCCL INFO Connection to proxy localRank 2 -> connection 0x14e4e4001040
x3002c0s31b0n0:2140:3448 [2] NCCL INFO transport/p2p.cc:449 Cuda Alloc Size 6291456 pointer 0x14e4da600000
x3002c0s31b0n0:2140:3260 [2] NCCL INFO Channel 00/0 : 18[85000] -> 17[46000] via P2P/IPC/read
x3002c0s31b0n0:2140:3448 [2] NCCL INFO New proxy send connection 16 from local rank 2, transport 0
x3002c0s31b0n0:2140:3260 [2] NCCL INFO Connection to proxy localRank 2 -> connection 0x14e4e4001080
x3002c0s31b0n0:2140:3448 [2] NCCL INFO transport/p2p.cc:430 Cuda Alloc Size 6291456 pointer 0x14e4dac00000
x3002c0s31b0n0:2138:3446 [0] NCCL INFO transport/net_ib.cc:771 Ib Alloc Size 552 pointer 0x146908078000
x3002c0s31b0n0:2138:3446 [0] NCCL INFO transport/net.cc:698 Cuda Host Alloc Size 9641984 pointer 0x1468fa000000
x3002c0s31b0n0:2138:3446 [0] NCCL INFO Mem Realloc old size 0, new size 768 pointer 0x14690806d460
x3002c0s31b0n0:2140:3260 [2] NCCL INFO Channel 01/0 : 18[85000] -> 17[46000] via P2P/IPC/read
x3002c0s31b0n0:2139:3447 [1] NCCL INFO transport/net_ib.cc:683 Ib Alloc Size 21688 pointer 0x14fa500d2000
x3002c0s31b0n0:2139:3447 [1] NCCL INFO transport/net_ib.cc:696 Ib Alloc Size 552 pointer 0x14fa50019000
x3002c0s31b0n0:2140:3448 [2] NCCL INFO New proxy send connection 17 from local rank 2, transport 0
x3002c0s31b0n0:2138:3265 [0] NCCL INFO GPU Direct RDMA Disabled for GPU 7000 / HCA 1 (distance 7 > 4)
x3002c0s31b0n0:2138:3446 [0] NCCL INFO New proxy send connection 14 from local rank 0, transport 2
x3002c0s31b0n0:2139:3447 [1] NCCL INFO transport/net_ib.cc:771 Ib Alloc Size 552 pointer 0x14fa500f2000
x3002c0s31b0n0:2139:3447 [1] NCCL INFO transport/net.cc:698 Cuda Host Alloc Size 9641984 pointer 0x14fa42000000
x3002c0s31b0n0:2139:3447 [1] NCCL INFO transport/net_ib.cc:683 Ib Alloc Size 21688 pointer 0x14fa500f4000
x3002c0s31b0n0:2139:3447 [1] NCCL INFO transport/net_ib.cc:696 Ib Alloc Size 552 pointer 0x14fa500fb000
x3002c0s31b0n0:2140:3260 [2] NCCL INFO Connection to proxy localRank 2 -> connection 0x14e4e40010c0
x3002c0s31b0n0:2140:3448 [2] NCCL INFO transport/p2p.cc:430 Cuda Alloc Size 6291456 pointer 0x14e4db200000
x3002c0s31b0n0:2138:3265 [0] NCCL INFO Connection to proxy localRank 0 -> connection 0x146908001000
x3002c0s31b0n0:2138:3265 [0] NCCL INFO Channel 00/0 : 16[7000] -> 20[7000] [send] via NET/IB/1
x3002c0s31b0n0:2138:3265 [0] NCCL INFO GPU Direct RDMA Disabled for GPU 7000 / HCA 0 (distance 7 > 4)
x3002c0s31b0n0:2139:3447 [1] NCCL INFO transport/net_ib.cc:771 Ib Alloc Size 552 pointer 0x14fa50116000
x3002c0s31b0n0:2139:3447 [1] NCCL INFO transport/net.cc:698 Cuda Host Alloc Size 9641984 pointer 0x14fa42a00000
x3002c0s31b0n0:2138:3446 [0] NCCL INFO New proxy send connection 15 from local rank 0, transport 2
x3002c0s31b0n0:2138:3265 [0] NCCL INFO Connection to proxy localRank 0 -> connection 0x146908001040
x3002c0s31b0n0:2138:3265 [0] NCCL INFO Channel 01/0 : 16[7000] -> 20[7000] [send] via NET/IB/0
x3002c0s31b0n0:2139:3261 [1] NCCL INFO GPU Direct RDMA Disabled for GPU 46000 / HCA 1 (distance 6 > 4)
x3002c0s31b0n0:2139:3447 [1] NCCL INFO New proxy send connection 18 from local rank 1, transport 2
x3002c0s31b0n0:2140:3260 [2] NCCL INFO Channel 02/0 : 18[85000] -> 17[46000] via P2P/IPC/read
x3002c0s31b0n0:2140:3448 [2] NCCL INFO New proxy send connection 18 from local rank 2, transport 0
x3002c0s31b0n0:2139:3261 [1] NCCL INFO Connection to proxy localRank 1 -> connection 0x14fa50001100
x3002c0s31b0n0:2139:3261 [1] NCCL INFO Channel 00/0 : 17[46000] -> 8[7000] [send] via NET/IB/1
x3002c0s31b0n0:2139:3261 [1] NCCL INFO GPU Direct RDMA Disabled for GPU 46000 / HCA 0 (distance 7 > 4)
x3002c0s31b0n0:2139:3447 [1] NCCL INFO New proxy send connection 19 from local rank 1, transport 2
x3002c0s31b0n0:2138:3446 [0] NCCL INFO transport/net_ib.cc:596 Ib Alloc Size 26560 pointer 0x146908082000
x3002c0s31b0n0:2140:3260 [2] NCCL INFO Connection to proxy localRank 2 -> connection 0x14e4e4001100
x3002c0s31b0n0:2138:3446 [0] NCCL INFO NET/IB: Dev 1 Port 1 qpn 38815 mtu 5 GID 0 (80FE/DB0000FEFF000000)
x3002c0s31b0n0:2138:3446 [0] NCCL INFO transport/net_ib.cc:653 Ib Alloc Size 552 pointer 0x146908099000
x3002c0s31b0n0:2138:3446 [0] NCCL INFO transport/net.cc:571 Cuda Host Alloc Size 9641984 pointer 0x1468faa00000
x3002c0s31b0n0:2140:3448 [2] NCCL INFO transport/p2p.cc:430 Cuda Alloc Size 6291456 pointer 0x14e4db800000
x3002c0s31b0n0:2140:3260 [2] NCCL INFO Channel 03/0 : 18[85000] -> 17[46000] via P2P/IPC/read
x3002c0s31b0n0:2140:3448 [2] NCCL INFO New proxy send connection 19 from local rank 2, transport 0
x3002c0s31b0n0:2139:3261 [1] NCCL INFO Connection to proxy localRank 1 -> connection 0x14fa50001140
x3002c0s31b0n0:2139:3261 [1] NCCL INFO Channel 01/0 : 17[46000] -> 8[7000] [send] via NET/IB/0
x3002c0s31b0n0:2138:3446 [0] NCCL INFO transport/net_ib.cc:596 Ib Alloc Size 26560 pointer 0x14690809b000
x3002c0s31b0n0:2140:3260 [2] NCCL INFO Connection to proxy localRank 2 -> connection 0x14e4e4001140
x3002c0s31b0n0:2140:3448 [2] NCCL INFO transport/p2p.cc:430 Cuda Alloc Size 6291456 pointer 0x14e4d8000000
x3002c0s31b0n0:2138:3446 [0] NCCL INFO NET/IB: Dev 0 Port 1 qpn 39644 mtu 5 GID 0 (80FE/9E0000FEFF000000)
x3002c0s31b0n0:2138:3446 [0] NCCL INFO transport/net_ib.cc:653 Ib Alloc Size 552 pointer 0x1469080b2000
x3002c0s31b0n0:2138:3446 [0] NCCL INFO transport/net.cc:571 Cuda Host Alloc Size 9641984 pointer 0x1468fb400000
x3002c0s31b0n0:2139:3447 [1] NCCL INFO transport/net_ib.cc:596 Ib Alloc Size 26560 pointer 0x14fa50122000
x3002c0s31b0n0:2139:3447 [1] NCCL INFO NET/IB: Dev 1 Port 1 qpn 38816 mtu 5 GID 0 (80FE/DB0000FEFF000000)
x3002c0s31b0n0:2139:3447 [1] NCCL INFO transport/net_ib.cc:653 Ib Alloc Size 552 pointer 0x14fa50139000
x3002c0s31b0n0:2139:3447 [1] NCCL INFO transport/net.cc:571 Cuda Host Alloc Size 9641984 pointer 0x14fa43400000
x3002c0s31b0n0:2139:3447 [1] NCCL INFO transport/net_ib.cc:596 Ib Alloc Size 26560 pointer 0x14fa5013b000
x3002c0s31b0n0:2138:3265 [0] NCCL INFO GPU Direct RDMA Disabled for GPU 7000 / HCA 1 (distance 7 > 4)
x3002c0s31b0n0:2138:3446 [0] NCCL INFO New proxy send connection 16 from local rank 0, transport 2
x3002c0s31b0n0:2141:3264 [3] NCCL INFO Connected all trees by HAO
x3002c0s31b0n0:2141:3264 [3] NCCL INFO threadThresholds 8/8/64 | 192/8/64 | 512 | 512
x3002c0s31b0n0:2141:3264 [3] NCCL INFO 4 coll channels, 4 p2p channels, 2 p2p channels per peer
x3002c0s31b0n0:2141:3451 [3] NCCL INFO New proxy send connection 12 from local rank 3, transport 2
x3002c0s31b0n0:2139:3447 [1] NCCL INFO NET/IB: Dev 0 Port 1 qpn 39645 mtu 5 GID 0 (80FE/9E0000FEFF000000)
x3002c0s31b0n0:2139:3447 [1] NCCL INFO transport/net_ib.cc:653 Ib Alloc Size 552 pointer 0x14fa50152000
x3002c0s31b0n0:2139:3447 [1] NCCL INFO transport/net.cc:571 Cuda Host Alloc Size 9641984 pointer 0x14fa40000000
x3002c0s31b0n0:2139:3447 [1] NCCL INFO New proxy recv connection 20 from local rank 1, transport 0
x3002c0s31b0n0:2138:3265 [0] NCCL INFO Connection to proxy localRank 0 -> connection 0x146908001080
x3002c0s31b0n0:2138:3265 [0] NCCL INFO Channel 00/0 : 16[7000] -> 0[7000] [send] via NET/IB/1
x3002c0s31b0n0:2138:3265 [0] NCCL INFO GPU Direct RDMA Disabled for GPU 7000 / HCA 0 (distance 7 > 4)
x3002c0s31b0n0:2138:3446 [0] NCCL INFO New proxy send connection 17 from local rank 0, transport 2
x3002c0s31b0n0:2138:3265 [0] NCCL INFO Connection to proxy localRank 0 -> connection 0x1469080010c0
x3002c0s31b0n0:2138:3265 [0] NCCL INFO Channel 01/0 : 16[7000] -> 0[7000] [send] via NET/IB/0
x3002c0s31b0n0:2141:3264 [3] NCCL INFO Connection to proxy localRank 3 -> connection 0x14a8fc000f80
x3002c0s31b0n0:2141:3451 [3] NCCL INFO transport/net.cc:376 Cuda Alloc Size 8388608 pointer 0x14a950800000
x3002c0s31b0n0:2138:3446 [0] NCCL INFO transport/net_ib.cc:596 Ib Alloc Size 26560 pointer 0x1469080be000
x3002c0s31b0n0:2139:3261 [1] NCCL INFO Connection to proxy localRank 1 -> connection 0x14fa50001180
x3002c0s31b0n0:2138:3446 [0] NCCL INFO NET/IB: Dev 1 Port 1 qpn 38817 mtu 5 GID 0 (80FE/DB0000FEFF000000)
x3002c0s31b0n0:2138:3446 [0] NCCL INFO transport/net_ib.cc:653 Ib Alloc Size 552 pointer 0x1469080d5000
x3002c0s31b0n0:2138:3446 [0] NCCL INFO transport/net.cc:571 Cuda Host Alloc Size 9641984 pointer 0x1468f8000000
x3002c0s31b0n0:2139:3447 [1] NCCL INFO transport/p2p.cc:449 Cuda Alloc Size 6291456 pointer 0x14fa40a00000
x3002c0s31b0n0:2138:3446 [0] NCCL INFO transport/net_ib.cc:596 Ib Alloc Size 26560 pointer 0x1469080d7000
x3002c0s31b0n0:2138:3446 [0] NCCL INFO NET/IB: Dev 0 Port 1 qpn 39646 mtu 5 GID 0 (80FE/9E0000FEFF000000)
x3002c0s31b0n0:2138:3446 [0] NCCL INFO transport/net_ib.cc:653 Ib Alloc Size 552 pointer 0x1469080ee000
x3002c0s31b0n0:2138:3446 [0] NCCL INFO transport/net.cc:571 Cuda Host Alloc Size 9641984 pointer 0x1468f8a00000
x3002c0s31b0n0:2138:3265 [0] NCCL INFO GPU Direct RDMA Disabled for GPU 7000 / HCA 1 (distance 7 > 4)
x3002c0s31b0n0:2138:3446 [0] NCCL INFO New proxy recv connection 18 from local rank 0, transport 2
x3002c0s31b0n0:2139:3447 [1] NCCL INFO New proxy recv connection 21 from local rank 1, transport 0
x3002c0s31b0n0:2138:3265 [0] NCCL INFO Connection to proxy localRank 0 -> connection 0x146908001100
x3002c0s31b0n0:2139:3261 [1] NCCL INFO Connection to proxy localRank 1 -> connection 0x14fa500011c0
x3002c0s31b0n0:2139:3447 [1] NCCL INFO transport/p2p.cc:449 Cuda Alloc Size 6291456 pointer 0x14fa41000000
x3002c0s31b0n0:2138:3265 [0] NCCL INFO Channel 00/0 : 0[7000] -> 16[7000] [receive] via NET/IB/1
x3002c0s31b0n0:2138:3265 [0] NCCL INFO GPU Direct RDMA Disabled for GPU 7000 / HCA 0 (distance 7 > 4)
x3002c0s31b0n0:2138:3446 [0] NCCL INFO New proxy recv connection 19 from local rank 0, transport 2
x3002c0s31b0n0:2139:3447 [1] NCCL INFO New proxy recv connection 22 from local rank 1, transport 0
x3002c0s31b0n0:2139:3261 [1] NCCL INFO Connection to proxy localRank 1 -> connection 0x14fa50001200
x3002c0s31b0n0:2139:3447 [1] NCCL INFO transport/p2p.cc:449 Cuda Alloc Size 6291456 pointer 0x14fa41600000
x3002c0s31b0n0:2138:3265 [0] NCCL INFO Connection to proxy localRank 0 -> connection 0x146908001140
x3002c0s31b0n0:2139:3447 [1] NCCL INFO New proxy recv connection 23 from local rank 1, transport 0
x3002c0s31b0n0:2138:3265 [0] NCCL INFO Channel 01/0 : 0[7000] -> 16[7000] [receive] via NET/IB/0
x3002c0s31b0n0:2138:3446 [0] NCCL INFO transport/net_ib.cc:683 Ib Alloc Size 21688 pointer 0x1469080fa000
x3002c0s31b0n0:2138:3446 [0] NCCL INFO transport/net_ib.cc:696 Ib Alloc Size 552 pointer 0x146908101000
x3002c0s31b0n0:2139:3261 [1] NCCL INFO Connection to proxy localRank 1 -> connection 0x14fa50001240
x3002c0s31b0n0:2139:3447 [1] NCCL INFO transport/p2p.cc:449 Cuda Alloc Size 6291456 pointer 0x14fa3e000000
x3002c0s31b0n0:2138:3446 [0] NCCL INFO transport/net_ib.cc:771 Ib Alloc Size 552 pointer 0x14690811d000
x3002c0s31b0n0:2138:3446 [0] NCCL INFO transport/net.cc:698 Cuda Host Alloc Size 9641984 pointer 0x1468f9400000
x3002c0s31b0n0:2139:3261 [1] NCCL INFO Connected all trees by HAO
x3002c0s31b0n0:2139:3261 [1] NCCL INFO threadThresholds 8/8/64 | 192/8/64 | 512 | 512
x3002c0s31b0n0:2139:3261 [1] NCCL INFO 4 coll channels, 4 p2p channels, 2 p2p channels per peer
x3002c0s31b0n0:2139:3447 [1] NCCL INFO New proxy send connection 24 from local rank 1, transport 2
x3002c0s31b0n0:2140:3260 [2] NCCL INFO Connected all trees by HAO
x3002c0s31b0n0:2140:3260 [2] NCCL INFO threadThresholds 8/8/64 | 192/8/64 | 512 | 512
x3002c0s31b0n0:2140:3260 [2] NCCL INFO 4 coll channels, 4 p2p channels, 2 p2p channels per peer
x3002c0s31b0n0:2140:3448 [2] NCCL INFO Allocated 4194656 bytes of shared memory in /dev/shm/nccl-qvZtbZ

x3002c0s31b0n0:2140:3448 [2] NCCL INFO New proxy send connection 20 from local rank 2, transport 2
x3002c0s31b0n0:2140:3260 [2] NCCL INFO Connection to proxy localRank 2 -> connection 0x14e4e4001180
x3002c0s31b0n0:2138:3446 [0] NCCL INFO transport/net_ib.cc:683 Ib Alloc Size 21688 pointer 0x14690811f000
x3002c0s31b0n0:2138:3446 [0] NCCL INFO transport/net_ib.cc:696 Ib Alloc Size 552 pointer 0x146908126000
x3002c0s31b0n0:2138:3446 [0] NCCL INFO transport/net_ib.cc:771 Ib Alloc Size 552 pointer 0x146908141000
x3002c0s31b0n0:2138:3446 [0] NCCL INFO transport/net.cc:698 Cuda Host Alloc Size 9641984 pointer 0x1468f6000000
x3002c0s31b0n0:2139:3261 [1] NCCL INFO Connection to proxy localRank 1 -> connection 0x14fa50001280
x3002c0s31b0n0:2140:3448 [2] NCCL INFO transport/net.cc:376 Cuda Alloc Size 8388608 pointer 0x14e4d7800000
x3002c0s31b0n0:2139:3447 [1] NCCL INFO transport/net.cc:376 Cuda Alloc Size 8388608 pointer 0x14fa3c000000
x3002c0s31b0n0:2138:3265 [0] NCCL INFO GPU Direct RDMA Disabled for GPU 7000 / HCA 1 (distance 7 > 4)
x3002c0s31b0n0:2138:3446 [0] NCCL INFO New proxy recv connection 20 from local rank 0, transport 2
x3002c0s31b0n0:2138:3265 [0] NCCL INFO Connection to proxy localRank 0 -> connection 0x146908001180
x3002c0s31b0n0:2138:3265 [0] NCCL INFO Channel 00/0 : 20[7000] -> 16[7000] [receive] via NET/IB/1
x3002c0s31b0n0:2138:3265 [0] NCCL INFO GPU Direct RDMA Disabled for GPU 7000 / HCA 0 (distance 7 > 4)
x3002c0s31b0n0:2138:3446 [0] NCCL INFO New proxy recv connection 21 from local rank 0, transport 2
x3002c0s31b0n0:2138:3265 [0] NCCL INFO Connection to proxy localRank 0 -> connection 0x1469080011c0
x3002c0s31b0n0:2138:3265 [0] NCCL INFO Channel 01/0 : 20[7000] -> 16[7000] [receive] via NET/IB/0
x3002c0s31b0n0:2138:3446 [0] NCCL INFO transport/net_ib.cc:683 Ib Alloc Size 21688 pointer 0x14690814d000
x3002c0s31b0n0:2138:3446 [0] NCCL INFO transport/net_ib.cc:696 Ib Alloc Size 552 pointer 0x146908154000
x3002c0s31b0n0:2138:3446 [0] NCCL INFO transport/net_ib.cc:771 Ib Alloc Size 552 pointer 0x14690816f000
x3002c0s31b0n0:2138:3446 [0] NCCL INFO transport/net.cc:698 Cuda Host Alloc Size 9641984 pointer 0x1468f6a00000
x3002c0s31b0n0:2138:3446 [0] NCCL INFO transport/net_ib.cc:683 Ib Alloc Size 21688 pointer 0x146908171000
x3002c0s31b0n0:2138:3446 [0] NCCL INFO transport/net_ib.cc:696 Ib Alloc Size 552 pointer 0x146908178000
x3002c0s31b0n0:2138:3446 [0] NCCL INFO transport/net_ib.cc:771 Ib Alloc Size 552 pointer 0x146908193000
x3002c0s31b0n0:2138:3446 [0] NCCL INFO transport/net.cc:698 Cuda Host Alloc Size 9641984 pointer 0x1468f7400000
x3002c0s31b0n0:2138:3265 [0] NCCL INFO GPU Direct RDMA Disabled for GPU 7000 / HCA 1 (distance 7 > 4)
x3002c0s31b0n0:2138:3446 [0] NCCL INFO New proxy send connection 22 from local rank 0, transport 2
x3002c0s31b0n0:2138:3265 [0] NCCL INFO Connection to proxy localRank 0 -> connection 0x146908001200
x3002c0s31b0n0:2138:3265 [0] NCCL INFO Channel 02/0 : 16[7000] -> 13[46000] [send] via NET/IB/1
x3002c0s31b0n0:2138:3265 [0] NCCL INFO GPU Direct RDMA Disabled for GPU 7000 / HCA 0 (distance 7 > 4)
x3002c0s31b0n0:2138:3446 [0] NCCL INFO New proxy send connection 23 from local rank 0, transport 2
x3002c0s31b0n0:2138:3265 [0] NCCL INFO Connection to proxy localRank 0 -> connection 0x146908001240
x3002c0s31b0n0:2138:3265 [0] NCCL INFO Channel 03/0 : 16[7000] -> 13[46000] [send] via NET/IB/0
x3002c0s31b0n0:2138:3446 [0] NCCL INFO transport/net_ib.cc:596 Ib Alloc Size 26560 pointer 0x14690819f000
x3002c0s31b0n0:2138:3446 [0] NCCL INFO NET/IB: Dev 1 Port 1 qpn 38822 mtu 5 GID 0 (80FE/DB0000FEFF000000)
x3002c0s31b0n0:2138:3446 [0] NCCL INFO transport/net_ib.cc:653 Ib Alloc Size 552 pointer 0x1469081b6000
x3002c0s31b0n0:2138:3446 [0] NCCL INFO transport/net.cc:571 Cuda Host Alloc Size 9641984 pointer 0x1468f4000000
x3002c0s31b0n0:2138:3446 [0] NCCL INFO transport/net_ib.cc:596 Ib Alloc Size 26560 pointer 0x1469081b8000
x3002c0s31b0n0:2138:3446 [0] NCCL INFO NET/IB: Dev 0 Port 1 qpn 39651 mtu 5 GID 0 (80FE/9E0000FEFF000000)
x3002c0s31b0n0:2138:3446 [0] NCCL INFO transport/net_ib.cc:653 Ib Alloc Size 552 pointer 0x1469081cf000
x3002c0s31b0n0:2138:3446 [0] NCCL INFO transport/net.cc:571 Cuda Host Alloc Size 9641984 pointer 0x1468f4a00000
x3002c0s31b0n0:2138:3265 [0] NCCL INFO Connected all trees by HAO
x3002c0s31b0n0:2138:3265 [0] NCCL INFO threadThresholds 8/8/64 | 192/8/64 | 512 | 512
x3002c0s31b0n0:2138:3265 [0] NCCL INFO 4 coll channels, 4 p2p channels, 2 p2p channels per peer
x3002c0s31b0n0:2138:3446 [0] NCCL INFO New proxy send connection 24 from local rank 0, transport 2
x3002c0s31b0n0:2138:3265 [0] NCCL INFO Connection to proxy localRank 0 -> connection 0x146908001280
x3002c0s31b0n0:2138:3265 [0] NCCL INFO init.cc:367 Cuda Alloc Size 5168 pointer 0x14691780a000
x3002c0s31b0n0:2140:3260 [2] NCCL INFO init.cc:367 Cuda Alloc Size 5168 pointer 0x14e4f380a000
x3002c0s31b0n0:2140:3260 [2] NCCL INFO init.cc:392 Cuda Host Alloc Size 33554432 pointer 0x14e4ce000000
x3002c0s31b0n0:2140:3260 [2] NCCL INFO init.cc:398 Cuda Host Alloc Size 128 pointer 0x14e4f2e00200
x3002c0s31b0n0:2140:3260 [2] NCCL INFO comm 0x563cb283ecb0 rank 18 nranks 24 cudaDev 2 busId 85000 - Init COMPLETE
x3002c0s31b0n0:2139:3261 [1] NCCL INFO init.cc:367 Cuda Alloc Size 5168 pointer 0x14fa5f80a000
x3002c0s31b0n0:2141:3264 [3] NCCL INFO init.cc:367 Cuda Alloc Size 5168 pointer 0x14a947e0a000
x3002c0s31b0n0:2141:3264 [3] NCCL INFO init.cc:392 Cuda Host Alloc Size 33554432 pointer 0x14a951000000
x3002c0s31b0n0:2141:3264 [3] NCCL INFO init.cc:398 Cuda Host Alloc Size 128 pointer 0x14a947400200
x3002c0s31b0n0:2141:3264 [3] NCCL INFO comm 0x563b3b9ae3b0 rank 19 nranks 24 cudaDev 3 busId c7000 - Init COMPLETE
x3002c0s31b0n0:2140:2140 [2] NCCL INFO AllReduce: opCount 0 sendbuff 0x14e533600200 recvbuff 0x14e533600200 count 1 datatype 1 op 0 root 0 comm 0x563cb283ecb0 [nranks=24] stream 0x563cb7331190
x3002c0s31b0n0:2140:2140 [2] NCCL INFO misc/utils.cc:235 memory stack hunk malloc(65536)
[LYD INFO in ncclLaunchKernel (enqueue.cc)] NCHANNELS is: 4x3002c0s31b0n0:2141:2141 [3] NCCL INFO AllReduce: opCount 0 sendbuff 0x14a942600200 recvbuff 0x14a942600200 count 1 datatype 1 op 0 root 0 comm 0x563b3b9ae3b0 [nranks=24] stream 0x563b55b31a90
x3002c0s31b0n0:2141:2141 [3] NCCL INFO misc/utils.cc:235 memory stack hunk malloc(65536)
[LYD INFO in ncclLaunchKernel (enqueue.cc)] NCHANNELS is: 4x3002c0s31b0n0:2139:3261 [1] NCCL INFO init.cc:392 Cuda Host Alloc Size 33554432 pointer 0x14fa3a000000
x3002c0s31b0n0:2139:3261 [1] NCCL INFO init.cc:398 Cuda Host Alloc Size 128 pointer 0x14fa5ee00200
x3002c0s31b0n0:2139:3261 [1] NCCL INFO comm 0x55eb2945b040 rank 17 nranks 24 cudaDev 1 busId 46000 - Init COMPLETE
x3002c0s31b0n0:2138:3265 [0] NCCL INFO init.cc:392 Cuda Host Alloc Size 33554432 pointer 0x1468f2000000
x3002c0s31b0n0:2138:3265 [0] NCCL INFO init.cc:398 Cuda Host Alloc Size 128 pointer 0x146916e00200
x3002c0s31b0n0:2138:3265 [0] NCCL INFO comm 0x55a5589a0050 rank 16 nranks 24 cudaDev 0 busId 7000 - Init COMPLETE
x3002c0s31b0n0:2138:3446 [0] NCCL INFO transport/net.cc:376 Cuda Alloc Size 8388608 pointer 0x1468f5400000
x3002c0s31b0n0:2139:2139 [1] NCCL INFO AllReduce: opCount 0 sendbuff 0x14fa9f600200 recvbuff 0x14fa9f600200 count 1 datatype 1 op 0 root 0 comm 0x55eb2945b040 [nranks=24] stream 0x55eb42aaad20
x3002c0s31b0n0:2139:2139 [1] NCCL INFO misc/utils.cc:235 memory stack hunk malloc(65536)
[LYD INFO in ncclLaunchKernel (enqueue.cc)] NCHANNELS is: 4x3002c0s31b0n0:2138:2138 [0] NCCL INFO AllReduce: opCount 0 sendbuff 0x146957600200 recvbuff 0x146957600200 count 1 datatype 1 op 0 root 0 comm 0x55a5589a0050 [nranks=24] stream 0x55a575ce85c0
x3002c0s31b0n0:2138:2138 [0] NCCL INFO misc/utils.cc:235 memory stack hunk malloc(65536)
[LYD INFO in ncclLaunchKernel (enqueue.cc)] NCHANNELS is: 4
[LYD INFO in NCCL_KERN_NAME (common.h)] 19 AllReduce TREE LL Sum uint8_t Elapsed time: 687093 us

[LYD INFO in NCCL_KERN_NAME (common.h)] 18 AllReduce TREE LL Sum uint8_t Elapsed time: 703743 us

[LYD INFO in NCCL_KERN_NAME (common.h)] 16 AllReduce TREE LL Sum uint8_t Elapsed time: 628635 us

[LYD INFO in NCCL_KERN_NAME (common.h)] 17 AllReduce TREE LL Sum uint8_t Elapsed time: 653209 us
x3002c0s31b0n0:2141:2141 [3] NCCL INFO AllReduce: opCount 1 sendbuff 0x14a942600000 recvbuff 0x14a942600000 count 1 datatype 1 op 0 root 0 comm 0x563b3b9ae3b0 [nranks=24] stream 0x563b55b31a90
[LYD INFO in ncclLaunchKernel (enqueue.cc)] NCHANNELS is: 4x3002c0s31b0n0:2139:2139 [1] NCCL INFO AllReduce: opCount 1 sendbuff 0x14fa9f600000 recvbuff 0x14fa9f600000 count 1 datatype 1 op 0 root 0 comm 0x55eb2945b040 [nranks=24] stream 0x55eb42aaad20
[LYD INFO in ncclLaunchKernel (enqueue.cc)] NCHANNELS is: 4x3002c0s31b0n0:2140:2140 [2] NCCL INFO AllReduce: opCount 1 sendbuff 0x14e533600000 recvbuff 0x14e533600000 count 1 datatype 1 op 0 root 0 comm 0x563cb283ecb0 [nranks=24] stream 0x563cb7331190
[LYD INFO in ncclLaunchKernel (enqueue.cc)] NCHANNELS is: 4x3002c0s31b0n0:2138:2138 [0] NCCL INFO AllReduce: opCount 1 sendbuff 0x146957600000 recvbuff 0x146957600000 count 1 datatype 1 op 0 root 0 comm 0x55a5589a0050 [nranks=24] stream 0x55a575ce85c0
[LYD INFO in ncclLaunchKernel (enqueue.cc)] NCHANNELS is: 4
[LYD INFO in NCCL_KERN_NAME (common.h)] 19 AllReduce TREE LL Sum uint8_t Elapsed time: 5627632 us

[LYD INFO in NCCL_KERN_NAME (common.h)] 16 AllReduce TREE LL Sum uint8_t Elapsed time: 524581 us

[LYD INFO in NCCL_KERN_NAME (common.h)] 17 AllReduce TREE LL Sum uint8_t Elapsed time: 2395296 us

[LYD INFO in NCCL_KERN_NAME (common.h)] 18 AllReduce TREE LL Sum uint8_t Elapsed time: 1470012 us
x3002c0s31b0n0:2141:2141 [3] NCCL INFO AllReduce: opCount 2 sendbuff 0x14a942600000 recvbuff 0x14a942600000 count 1 datatype 8 op 3 root 0 comm 0x563b3b9ae3b0 [nranks=24] stream 0x563b55b31a90
[LYD INFO in ncclLaunchKernel (enqueue.cc)] NCHANNELS is: 4x3002c0s31b0n0:2138:2138 [0] NCCL INFO AllReduce: opCount 2 sendbuff 0x146957600000 recvbuff 0x146957600000 count 1 datatype 8 op 3 root 0 comm 0x55a5589a0050 [nranks=24] stream 0x55a575ce85c0
[LYD INFO in ncclLaunchKernel (enqueue.cc)] NCHANNELS is: 4x3002c0s31b0n0:2140:2140 [2] NCCL INFO AllReduce: opCount 2 sendbuff 0x14e533600000 recvbuff 0x14e533600000 count 1 datatype 8 op 3 root 0 comm 0x563cb283ecb0 [nranks=24] stream 0x563cb7331190
[LYD INFO in ncclLaunchKernel (enqueue.cc)] NCHANNELS is: 4x3002c0s31b0n0:2139:2139 [1] NCCL INFO AllReduce: opCount 2 sendbuff 0x14fa9f600000 recvbuff 0x14fa9f600000 count 1 datatype 8 op 3 root 0 comm 0x55eb2945b040 [nranks=24] stream 0x55eb42aaad20
[LYD INFO in ncclLaunchKernel (enqueue.cc)] NCHANNELS is: 4
[LYD INFO in NCCL_FUNC_NAME (common.h)] 19 AllReduce TREE LL Min double Elapsed time: 5 us

[LYD INFO in NCCL_FUNC_NAME (common.h)] 18 AllReduce TREE LL Min double Elapsed time: 6 us

[LYD INFO in NCCL_FUNC_NAME (common.h)] 16 AllReduce TREE LL Min double Elapsed time: 37565 us

[LYD INFO in NCCL_KERN_NAME (common.h)] 16 AllReduce TREE LL Sum double Elapsed time: 42761 us
x3002c0s31b0n0:2138:2138 [0] NCCL INFO AllReduce: opCount 3 sendbuff 0x146957600200 recvbuff 0x146957600200 count 1 datatype 1 op 0 root 0 comm 0x55a5589a0050 [nranks=24] stream 0x55a575ce85c0
[LYD INFO in ncclLaunchKernel (enqueue.cc)] NCHANNELS is: 4
[LYD INFO in NCCL_KERN_NAME (common.h)] 18 AllReduce TREE LL Sum double Elapsed time: 37724 us
x3002c0s31b0n0:2140:2140 [2] NCCL INFO AllReduce: opCount 3 sendbuff 0x14e533600200 recvbuff 0x14e533600200 count 1 datatype 1 op 0 root 0 comm 0x563cb283ecb0 [nranks=24] stream 0x563cb7331190
[LYD INFO in ncclLaunchKernel (enqueue.cc)] NCHANNELS is: 4
[LYD INFO in NCCL_FUNC_NAME (common.h)] 17 AllReduce TREE LL Min double Elapsed time: 26326 us

[LYD INFO in NCCL_KERN_NAME (common.h)] 17 AllReduce TREE LL Sum double Elapsed time: 31524 us
x3002c0s31b0n0:2139:2139 [1] NCCL INFO AllReduce: opCount 3 sendbuff 0x14fa9f600200 recvbuff 0x14fa9f600200 count 1 datatype 1 op 0 root 0 comm 0x55eb2945b040 [nranks=24] stream 0x55eb42aaad20
[LYD INFO in ncclLaunchKernel (enqueue.cc)] NCHANNELS is: 4
[LYD INFO in NCCL_KERN_NAME (common.h)] 19 AllReduce TREE LL Sum double Elapsed time: 65809 us
x3002c0s31b0n0:2141:2141 [3] NCCL INFO AllReduce: opCount 3 sendbuff 0x14a942600200 recvbuff 0x14a942600200 count 1 datatype 1 op 0 root 0 comm 0x563b3b9ae3b0 [nranks=24] stream 0x563b55b31a90
[LYD INFO in ncclLaunchKernel (enqueue.cc)] NCHANNELS is: 4
[LYD INFO in NCCL_KERN_NAME (common.h)] 17 AllReduce TREE LL Sum uint8_t Elapsed time: 78048 us

[LYD INFO in NCCL_KERN_NAME (common.h)] 19 AllReduce TREE LL Sum uint8_t Elapsed time: 47712 us

[LYD INFO in NCCL_KERN_NAME (common.h)] 18 AllReduce TREE LL Sum uint8_t Elapsed time: 84859 us

[LYD INFO in NCCL_KERN_NAME (common.h)] 16 AllReduce TREE LL Sum uint8_t Elapsed time: 113345 us
 > number of parameters on (tensor, pipeline) model parallel rank (17, 0): 32330000
 > number of parameters on (tensor, pipeline) model parallel rank (19, 0): 32330000
 > number of parameters on (tensor, pipeline) model parallel rank (18, 0): 32330000
 > number of parameters on (tensor, pipeline) model parallel rank (16, 0): 32330000
x3002c0s31b0n0:2139:2139 [1] NCCL INFO AllReduce: opCount 4 sendbuff 0x14fa3d3ffe00 recvbuff 0x14fa3d3ffe00 count 1 datatype 1 op 0 root 0 comm 0x55eb2945b040 [nranks=24] stream 0x55eb42aaad20
[LYD INFO in ncclLaunchKernel (enqueue.cc)] NCHANNELS is: 4x3002c0s31b0n0:2138:2138 [0] NCCL INFO AllReduce: opCount 4 sendbuff 0x1468f5fffe00 recvbuff 0x1468f5fffe00 count 1 datatype 1 op 0 root 0 comm 0x55a5589a0050 [nranks=24] stream 0x55a575ce85c0
[LYD INFO in ncclLaunchKernel (enqueue.cc)] NCHANNELS is: 4x3002c0s31b0n0:2141:2141 [3] NCCL INFO AllReduce: opCount 4 sendbuff 0x14a915fffe00 recvbuff 0x14a915fffe00 count 1 datatype 1 op 0 root 0 comm 0x563b3b9ae3b0 [nranks=24] stream 0x563b55b31a90
[LYD INFO in ncclLaunchKernel (enqueue.cc)] NCHANNELS is: 4x3002c0s31b0n0:2140:2140 [2] NCCL INFO AllReduce: opCount 4 sendbuff 0x14e4dbfffe00 recvbuff 0x14e4dbfffe00 count 1 datatype 1 op 0 root 0 comm 0x563cb283ecb0 [nranks=24] stream 0x563cb7331190
[LYD INFO in ncclLaunchKernel (enqueue.cc)] NCHANNELS is: 4
[LYD INFO in NCCL_KERN_NAME (common.h)] 19 AllReduce TREE LL Sum uint8_t Elapsed time: 148081 us
x3002c0s31b0n0:2141:2141 [3] NCCL INFO AllReduce: opCount 5 sendbuff 0x14a915dfee00 recvbuff 0x14a915dfee00 count 1 datatype 1 op 0 root 0 comm 0x563b3b9ae3b0 [nranks=24] stream 0x563b55b31a90
[LYD INFO in ncclLaunchKernel (enqueue.cc)] NCHANNELS is: 4
[LYD INFO in NCCL_KERN_NAME (common.h)] 18 AllReduce TREE LL Sum uint8_t Elapsed time: 138699 us
x3002c0s31b0n0:2140:2140 [2] NCCL INFO AllReduce: opCount 5 sendbuff 0x14e4d9ffee00 recvbuff 0x14e4d9ffee00 count 1 datatype 1 op 0 root 0 comm 0x563cb283ecb0 [nranks=24] stream 0x563cb7331190
[LYD INFO in ncclLaunchKernel (enqueue.cc)] NCHANNELS is: 4
[LYD INFO in NCCL_KERN_NAME (common.h)] 16 AllReduce TREE LL Sum uint8_t Elapsed time: 157857 us

[LYD INFO in NCCL_KERN_NAME (common.h)] 17 AllReduce TREE LL Sum uint8_t Elapsed time: 184339 us
x3002c0s31b0n0:2138:2138 [0] NCCL INFO AllReduce: opCount 5 sendbuff 0x1468f5dfee00 recvbuff 0x1468f5dfee00 count 1 datatype 1 op 0 root 0 comm 0x55a5589a0050 [nranks=24] stream 0x55a575ce85c0
[LYD INFO in ncclLaunchKernel (enqueue.cc)] NCHANNELS is: 4x3002c0s31b0n0:2139:2139 [1] NCCL INFO AllReduce: opCount 5 sendbuff 0x14fa3d1fee00 recvbuff 0x14fa3d1fee00 count 1 datatype 1 op 0 root 0 comm 0x55eb2945b040 [nranks=24] stream 0x55eb42aaad20
[LYD INFO in ncclLaunchKernel (enqueue.cc)] NCHANNELS is: 4
[LYD INFO in NCCL_KERN_NAME (common.h)] 17 AllReduce TREE LL Sum uint8_t Elapsed time: 2978 us
x3002c0s31b0n0:2139:2139 [1] NCCL INFO AllReduce: opCount 6 sendbuff 0x14fa3d3ffe00 recvbuff 0x14fa3d3ffe00 count 1 datatype 1 op 0 root 0 comm 0x55eb2945b040 [nranks=24] stream 0x55eb42aaad20
[LYD INFO in ncclLaunchKernel (enqueue.cc)] NCHANNELS is: 4
[LYD INFO in NCCL_KERN_NAME (common.h)] 18 AllReduce TREE LL Sum uint8_t Elapsed time: 43026 us
x3002c0s31b0n0:2140:2140 [2] NCCL INFO AllReduce: opCount 6 sendbuff 0x14e4dbfffe00 recvbuff 0x14e4dbfffe00 count 1 datatype 1 op 0 root 0 comm 0x563cb283ecb0 [nranks=24] stream 0x563cb7331190
[LYD INFO in ncclLaunchKernel (enqueue.cc)] NCHANNELS is: 4
[LYD INFO in NCCL_KERN_NAME (common.h)] 16 AllReduce TREE LL Sum uint8_t Elapsed time: 31049 us
x3002c0s31b0n0:2138:2138 [0] NCCL INFO AllReduce: opCount 6 sendbuff 0x1468f5fffe00 recvbuff 0x1468f5fffe00 count 1 datatype 1 op 0 root 0 comm 0x55a5589a0050 [nranks=24] stream 0x55a575ce85c0
[LYD INFO in ncclLaunchKernel (enqueue.cc)] NCHANNELS is: 4
[LYD INFO in NCCL_KERN_NAME (common.h)] 19 AllReduce TREE LL Sum uint8_t Elapsed time: 53253 us
x3002c0s31b0n0:2141:2141 [3] NCCL INFO AllReduce: opCount 6 sendbuff 0x14a915fffe00 recvbuff 0x14a915fffe00 count 1 datatype 1 op 0 root 0 comm 0x563b3b9ae3b0 [nranks=24] stream 0x563b55b31a90
[LYD INFO in ncclLaunchKernel (enqueue.cc)] NCHANNELS is: 4
[LYD INFO in NCCL_KERN_NAME (common.h)] 18 AllReduce TREE LL Sum uint8_t Elapsed time: 107653 us

[LYD INFO in NCCL_KERN_NAME (common.h)] 19 AllReduce TREE LL Sum uint8_t Elapsed time: 30767 us

[LYD INFO in NCCL_KERN_NAME (common.h)] 17 AllReduce TREE LL Sum uint8_t Elapsed time: 118319 us

[LYD INFO in NCCL_KERN_NAME (common.h)] 16 AllReduce TREE LL Sum uint8_t Elapsed time: 95248 us
x3002c0s31b0n0:2139:2139 [1] NCCL INFO init.cc:1147 Cuda Host Alloc Size 4 pointer 0x14fa5ee00400
x3002c0s31b0n0:2138:2138 [0] NCCL INFO init.cc:1147 Cuda Host Alloc Size 4 pointer 0x146916e00400
x3002c0s31b0n0:2141:2141 [3] NCCL INFO init.cc:1147 Cuda Host Alloc Size 4 pointer 0x14a947400400
x3002c0s31b0n0:2140:2140 [2] NCCL INFO init.cc:1147 Cuda Host Alloc Size 4 pointer 0x14e4f2e00400
x3002c0s31b0n0:2140:5836 [2] NCCL INFO Using network IB
x3002c0s31b0n0:2139:5833 [1] NCCL INFO Using network IB
x3002c0s31b0n0:2138:5834 [0] NCCL INFO Using network IB
x3002c0s31b0n0:2141:5835 [3] NCCL INFO Using network IB
x3002c0s31b0n0:2138:5834 [0] NCCL INFO NET/IB : GPU Direct RDMA Enabled for HCA 0 'mlx5_0'
x3002c0s31b0n0:2138:5834 [0] NCCL INFO NET/IB : GPU Direct RDMA Enabled for HCA 1 'mlx5_1'
x3002c0s31b0n0:2138:5834 [0] NCCL INFO GPU Direct RDMA Disabled for GPU 7000 / HCA 1 (distance 7 > 4)
x3002c0s31b0n0:2138:5834 [0] NCCL INFO GPU Direct RDMA Disabled for GPU 46000 / HCA 1 (distance 6 > 4)
x3002c0s31b0n0:2138:5834 [0] NCCL INFO GPU Direct RDMA Disabled for GPU 85000 / HCA 1 (distance 7 > 4)
x3002c0s31b0n0:2138:5834 [0] NCCL INFO GPU Direct RDMA Disabled for GPU c7000 / HCA 1 (distance 7 > 4)
x3002c0s31b0n0:2138:5834 [0] NCCL INFO GPU Direct RDMA Disabled for GPU 7000 / HCA 0 (distance 7 > 4)
x3002c0s31b0n0:2138:5834 [0] NCCL INFO GPU Direct RDMA Disabled for GPU 46000 / HCA 0 (distance 7 > 4)
x3002c0s31b0n0:2138:5834 [0] NCCL INFO GPU Direct RDMA Disabled for GPU 85000 / HCA 0 (distance 7 > 4)
x3002c0s31b0n0:2138:5834 [0] NCCL INFO GPU Direct RDMA Disabled for GPU c7000 / HCA 0 (distance 6 > 4)
x3002c0s31b0n0:2138:5834 [0] NCCL INFO GPU Direct RDMA Disabled for GPU 7000 / HCA 1 (distance 7 > 4)
x3002c0s31b0n0:2138:5834 [0] NCCL INFO GPU Direct RDMA Disabled for GPU 46000 / HCA 1 (distance 6 > 4)
x3002c0s31b0n0:2138:5834 [0] NCCL INFO GPU Direct RDMA Disabled for GPU 85000 / HCA 1 (distance 7 > 4)
x3002c0s31b0n0:2138:5834 [0] NCCL INFO GPU Direct RDMA Disabled for GPU c7000 / HCA 1 (distance 7 > 4)
x3002c0s31b0n0:2138:5834 [0] NCCL INFO GPU Direct RDMA Disabled for GPU 7000 / HCA 0 (distance 7 > 4)
x3002c0s31b0n0:2138:5834 [0] NCCL INFO GPU Direct RDMA Disabled for GPU 46000 / HCA 0 (distance 7 > 4)
x3002c0s31b0n0:2138:5834 [0] NCCL INFO GPU Direct RDMA Disabled for GPU 85000 / HCA 0 (distance 7 > 4)
x3002c0s31b0n0:2138:5834 [0] NCCL INFO GPU Direct RDMA Disabled for GPU c7000 / HCA 0 (distance 6 > 4)
x3002c0s31b0n0:2138:5834 [0] NCCL INFO === System : maxBw 12.0 totalBw 264.0 ===
x3002c0s31b0n0:2138:5834 [0] NCCL INFO CPU/3 (1/2/-1)
x3002c0s31b0n0:2138:5834 [0] NCCL INFO + SYS[5000.0] - CPU/2
x3002c0s31b0n0:2138:5834 [0] NCCL INFO + SYS[5000.0] - CPU/1
x3002c0s31b0n0:2138:5834 [0] NCCL INFO + SYS[5000.0] - CPU/0
x3002c0s31b0n0:2138:5834 [0] NCCL INFO + PCI[24.0] - PCI/5000 (11f8406811f8beef)
x3002c0s31b0n0:2138:5834 [0] NCCL INFO               + PCI[24.0] - GPU/7000 (16)
x3002c0s31b0n0:2138:5834 [0] NCCL INFO                             + NVL[88.0] - GPU/85000
x3002c0s31b0n0:2138:5834 [0] NCCL INFO                             + NVL[88.0] - GPU/C7000
x3002c0s31b0n0:2138:5834 [0] NCCL INFO                             + NVL[88.0] - GPU/46000
x3002c0s31b0n0:2138:5834 [0] NCCL INFO CPU/2 (1/2/-1)
x3002c0s31b0n0:2138:5834 [0] NCCL INFO + SYS[5000.0] - CPU/3
x3002c0s31b0n0:2138:5834 [0] NCCL INFO + SYS[5000.0] - CPU/1
x3002c0s31b0n0:2138:5834 [0] NCCL INFO + SYS[5000.0] - CPU/0
x3002c0s31b0n0:2138:5834 [0] NCCL INFO + PCI[24.0] - PCI/44000 (11f8406811f8beef)
x3002c0s31b0n0:2138:5834 [0] NCCL INFO               + PCI[24.0] - GPU/46000 (17)
x3002c0s31b0n0:2138:5834 [0] NCCL INFO                             + NVL[88.0] - GPU/85000
x3002c0s31b0n0:2138:5834 [0] NCCL INFO                             + NVL[88.0] - GPU/C7000
x3002c0s31b0n0:2138:5834 [0] NCCL INFO                             + NVL[88.0] - GPU/7000
x3002c0s31b0n0:2138:5834 [0] NCCL INFO + PCI[12.0] - NIC/43000
x3002c0s31b0n0:2138:5834 [0] NCCL INFO               + NET[12.5] - NET/1 (44e604ffffa4e988/1/12.500000)
x3002c0s31b0n0:2138:5834 [0] NCCL INFO CPU/1 (1/2/-1)
x3002c0s31b0n0:2138:5834 [0] NCCL INFO + SYS[5000.0] - CPU/3
x3002c0s31b0n0:2138:5834 [0] NCCL INFO + SYS[5000.0] - CPU/2
x3002c0s31b0n0:2138:5834 [0] NCCL INFO + SYS[5000.0] - CPU/0
x3002c0s31b0n0:2138:5834 [0] NCCL INFO + PCI[24.0] - PCI/83000 (11f8406811f8beef)
x3002c0s31b0n0:2138:5834 [0] NCCL INFO               + PCI[24.0] - GPU/85000 (18)
x3002c0s31b0n0:2138:5834 [0] NCCL INFO                             + NVL[88.0] - GPU/C7000
x3002c0s31b0n0:2138:5834 [0] NCCL INFO                             + NVL[88.0] - GPU/46000
