x3103c0s31b1n0:25908:27185 [1] NCCL INFO Mem Realloc old size 0, new size 768 pointer 0x14be9006e880
x3103c0s31b1n0:25910:27008 [3] NCCL INFO Connection to proxy localRank 3 -> connection 0x14f4e8000e40
x3103c0s31b1n0:25910:27008 [3] NCCL INFO Channel 03/0 : 15[c7000] -> 17[46000] [send] via NET/IB/0
x3103c0s31b1n0:25910:27195 [3] NCCL INFO transport/net_ib.cc:596 Ib Alloc Size 26560 pointer 0x14f4e8020000
x3103c0s31b1n0:25910:27195 [3] NCCL INFO NET/IB: Dev 1 Port 1 qpn 10014 mtu 5 GID 0 (80FE/3C2100FEFF000000)
x3103c0s31b1n0:25910:27195 [3] NCCL INFO transport/net_ib.cc:653 Ib Alloc Size 552 pointer 0x14f4e8042000
x3103c0s31b1n0:25910:27195 [3] NCCL INFO transport/net.cc:571 Cuda Host Alloc Size 9641984 pointer 0x14f4e0c00000
x3103c0s31b1n0:25910:27195 [3] NCCL INFO Mem Realloc old size 0, new size 768 pointer 0x14f4e802f0a0
x3103c0s31b1n0:25909:27188 [2] NCCL INFO New proxy recv connection 6 from local rank 2, transport 0
x3103c0s31b1n0:25908:27185 [1] NCCL INFO transport/net_ib.cc:683 Ib Alloc Size 21688 pointer 0x14be9007b000
x3103c0s31b1n0:25908:27185 [1] NCCL INFO transport/net_ib.cc:696 Ib Alloc Size 552 pointer 0x14be90082000
x3103c0s31b1n0:25910:27195 [3] NCCL INFO transport/net_ib.cc:596 Ib Alloc Size 26560 pointer 0x14f4e8044000
x3103c0s31b1n0:25910:27195 [3] NCCL INFO NET/IB: Dev 0 Port 1 qpn 14822 mtu 5 GID 0 (80FE/7D2100FEFF000000)
x3103c0s31b1n0:25910:27195 [3] NCCL INFO transport/net_ib.cc:653 Ib Alloc Size 552 pointer 0x14f4e8065000
x3103c0s31b1n0:25908:27185 [1] NCCL INFO transport/net_ib.cc:771 Ib Alloc Size 552 pointer 0x14be9009d000
x3103c0s31b1n0:25908:27185 [1] NCCL INFO transport/net.cc:698 Cuda Host Alloc Size 9641984 pointer 0x14be8f400000
x3103c0s31b1n0:25910:27195 [3] NCCL INFO transport/net.cc:571 Cuda Host Alloc Size 9641984 pointer 0x14f4e1600000
x3103c0s31b1n0:25910:27195 [3] NCCL INFO Mem Realloc old size 0, new size 768 pointer 0x14f4e80521f0
x3103c0s31b1n0:25909:27010 [2] NCCL INFO Connection to proxy localRank 2 -> connection 0x1547d4000e00
x3103c0s31b1n0:25909:27188 [2] NCCL INFO transport/p2p.cc:449 Cuda Alloc Size 6291456 pointer 0x1547d3800000
x3103c0s31b1n0:25910:27195 [3] NCCL INFO transport/net_ib.cc:596 Ib Alloc Size 26560 pointer 0x14f4e8067000
x3103c0s31b1n0:25908:27185 [1] NCCL INFO transport/net_ib.cc:683 Ib Alloc Size 21688 pointer 0x14be9009f000
x3103c0s31b1n0:25908:27185 [1] NCCL INFO transport/net_ib.cc:696 Ib Alloc Size 552 pointer 0x14be900a6000
x3103c0s31b1n0:25910:27195 [3] NCCL INFO NET/IB: Dev 1 Port 1 qpn 10017 mtu 5 GID 0 (80FE/3C2100FEFF000000)
x3103c0s31b1n0:25910:27195 [3] NCCL INFO transport/net_ib.cc:653 Ib Alloc Size 552 pointer 0x14f4e807e000
x3103c0s31b1n0:25910:27195 [3] NCCL INFO transport/net.cc:571 Cuda Host Alloc Size 9641984 pointer 0x14f4de000000
x3103c0s31b1n0:25909:27188 [2] NCCL INFO New proxy recv connection 7 from local rank 2, transport 0
x3103c0s31b1n0:25908:27185 [1] NCCL INFO transport/net_ib.cc:771 Ib Alloc Size 552 pointer 0x14be900c1000
x3103c0s31b1n0:25908:27185 [1] NCCL INFO transport/net.cc:698 Cuda Host Alloc Size 9641984 pointer 0x14be8c000000
x3103c0s31b1n0:25910:27195 [3] NCCL INFO transport/net_ib.cc:596 Ib Alloc Size 26560 pointer 0x14f4e8080000
x3103c0s31b1n0:25908:27009 [1] NCCL INFO Channel 00/0 : 13[46000] -> 12[7000] via P2P/IPC/read
x3103c0s31b1n0:25908:27185 [1] NCCL INFO New proxy send connection 4 from local rank 1, transport 0
x3103c0s31b1n0:25910:27195 [3] NCCL INFO NET/IB: Dev 0 Port 1 qpn 14825 mtu 5 GID 0 (80FE/7D2100FEFF000000)
x3103c0s31b1n0:25910:27195 [3] NCCL INFO transport/net_ib.cc:653 Ib Alloc Size 552 pointer 0x14f4e8097000
x3103c0s31b1n0:25910:27195 [3] NCCL INFO transport/net.cc:571 Cuda Host Alloc Size 9641984 pointer 0x14f4dea00000
x3103c0s31b1n0:25909:27010 [2] NCCL INFO Connection to proxy localRank 2 -> connection 0x1547d4000e40
x3103c0s31b1n0:25909:27188 [2] NCCL INFO transport/p2p.cc:449 Cuda Alloc Size 6291456 pointer 0x1547d0000000
x3103c0s31b1n0:25910:27008 [3] NCCL INFO Connected all rings
x3103c0s31b1n0:25910:27008 [3] NCCL INFO Channel 00/0 : 15[c7000] -> 14[85000] via P2P/IPC/read
x3103c0s31b1n0:25910:27195 [3] NCCL INFO New proxy send connection 8 from local rank 3, transport 0
x3103c0s31b1n0:25908:27009 [1] NCCL INFO Connection to proxy localRank 1 -> connection 0x14be90000d80
x3103c0s31b1n0:25908:27185 [1] NCCL INFO transport/p2p.cc:430 Cuda Alloc Size 6291456 pointer 0x14be8ca00000
x3103c0s31b1n0:25910:27008 [3] NCCL INFO Connection to proxy localRank 3 -> connection 0x14f4e8000e80
x3103c0s31b1n0:25910:27195 [3] NCCL INFO transport/p2p.cc:430 Cuda Alloc Size 6291456 pointer 0x14f4df400000
x3103c0s31b1n0:25909:27010 [2] NCCL INFO Connected all rings
x3103c0s31b1n0:25909:27188 [2] NCCL INFO New proxy recv connection 8 from local rank 2, transport 0
x3103c0s31b1n0:25907:27181 [0] NCCL INFO New proxy recv connection 4 from local rank 0, transport 0
x3103c0s31b1n0:25908:27009 [1] NCCL INFO Channel 01/0 : 13[46000] -> 12[7000] via P2P/IPC/read
x3103c0s31b1n0:25908:27185 [1] NCCL INFO New proxy send connection 5 from local rank 1, transport 0
x3103c0s31b1n0:25910:27008 [3] NCCL INFO Channel 01/0 : 15[c7000] -> 14[85000] via P2P/IPC/read
x3103c0s31b1n0:25910:27195 [3] NCCL INFO New proxy send connection 9 from local rank 3, transport 0
x3103c0s31b1n0:25907:27007 [0] NCCL INFO Connection to proxy localRank 0 -> connection 0x151160000d80
x3103c0s31b1n0:25907:27181 [0] NCCL INFO transport/p2p.cc:449 Cuda Alloc Size 6291456 pointer 0x151158c00000
x3103c0s31b1n0:25909:27010 [2] NCCL INFO Connection to proxy localRank 2 -> connection 0x1547d4000e80
x3103c0s31b1n0:25909:27188 [2] NCCL INFO transport/p2p.cc:449 Cuda Alloc Size 6291456 pointer 0x1547ce000000
x3103c0s31b1n0:25910:27008 [3] NCCL INFO Connection to proxy localRank 3 -> connection 0x14f4e8000ec0
x3103c0s31b1n0:25910:27195 [3] NCCL INFO transport/p2p.cc:430 Cuda Alloc Size 6291456 pointer 0x14f4dfa00000
x3103c0s31b1n0:25908:27009 [1] NCCL INFO Connection to proxy localRank 1 -> connection 0x14be90000dc0
x3103c0s31b1n0:25908:27185 [1] NCCL INFO transport/p2p.cc:430 Cuda Alloc Size 6291456 pointer 0x14be8d000000
x3103c0s31b1n0:25907:27181 [0] NCCL INFO New proxy recv connection 5 from local rank 0, transport 0
x3103c0s31b1n0:25909:27188 [2] NCCL INFO New proxy recv connection 9 from local rank 2, transport 0
x3103c0s31b1n0:25910:27008 [3] NCCL INFO Channel 02/0 : 15[c7000] -> 14[85000] via P2P/IPC/read
x3103c0s31b1n0:25910:27195 [3] NCCL INFO New proxy send connection 10 from local rank 3, transport 0
x3103c0s31b1n0:25908:27009 [1] NCCL INFO Channel 02/0 : 13[46000] -> 12[7000] via P2P/IPC/read
x3103c0s31b1n0:25908:27185 [1] NCCL INFO New proxy send connection 6 from local rank 1, transport 0
x3103c0s31b1n0:25909:27010 [2] NCCL INFO Connection to proxy localRank 2 -> connection 0x1547d4000ec0
x3103c0s31b1n0:25909:27188 [2] NCCL INFO transport/p2p.cc:449 Cuda Alloc Size 6291456 pointer 0x1547ce600000
x3103c0s31b1n0:25907:27007 [0] NCCL INFO Connection to proxy localRank 0 -> connection 0x151160000dc0
x3103c0s31b1n0:25907:27181 [0] NCCL INFO transport/p2p.cc:449 Cuda Alloc Size 6291456 pointer 0x151159200000
x3103c0s31b1n0:25910:27008 [3] NCCL INFO Connection to proxy localRank 3 -> connection 0x14f4e8000f00
x3103c0s31b1n0:25910:27195 [3] NCCL INFO transport/p2p.cc:430 Cuda Alloc Size 6291456 pointer 0x14f4d6000000
x3103c0s31b1n0:25907:27181 [0] NCCL INFO New proxy recv connection 6 from local rank 0, transport 0
x3103c0s31b1n0:25909:27188 [2] NCCL INFO New proxy recv connection 10 from local rank 2, transport 0
x3103c0s31b1n0:25908:27009 [1] NCCL INFO Connection to proxy localRank 1 -> connection 0x14be90000e00
x3103c0s31b1n0:25908:27185 [1] NCCL INFO transport/p2p.cc:430 Cuda Alloc Size 6291456 pointer 0x14be8d600000
x3103c0s31b1n0:25909:27010 [2] NCCL INFO Connection to proxy localRank 2 -> connection 0x1547d4000f00
x3103c0s31b1n0:25909:27188 [2] NCCL INFO transport/p2p.cc:449 Cuda Alloc Size 6291456 pointer 0x1547cec00000
x3103c0s31b1n0:25907:27007 [0] NCCL INFO Connection to proxy localRank 0 -> connection 0x151160000e00
x3103c0s31b1n0:25907:27181 [0] NCCL INFO transport/p2p.cc:449 Cuda Alloc Size 6291456 pointer 0x151159800000
x3103c0s31b1n0:25910:27008 [3] NCCL INFO Channel 03/0 : 15[c7000] -> 14[85000] via P2P/IPC/read
x3103c0s31b1n0:25910:27195 [3] NCCL INFO New proxy send connection 11 from local rank 3, transport 0
x3103c0s31b1n0:25908:27009 [1] NCCL INFO Channel 03/0 : 13[46000] -> 12[7000] via P2P/IPC/read
x3103c0s31b1n0:25908:27185 [1] NCCL INFO New proxy send connection 7 from local rank 1, transport 0
x3103c0s31b1n0:25909:27188 [2] NCCL INFO New proxy recv connection 11 from local rank 2, transport 0
x3103c0s31b1n0:25907:27181 [0] NCCL INFO New proxy recv connection 7 from local rank 0, transport 0
x3103c0s31b1n0:25910:27008 [3] NCCL INFO Connection to proxy localRank 3 -> connection 0x14f4e8000f40
x3103c0s31b1n0:25910:27195 [3] NCCL INFO transport/p2p.cc:430 Cuda Alloc Size 6291456 pointer 0x14f4d6600000
x3103c0s31b1n0:25908:27009 [1] NCCL INFO Connection to proxy localRank 1 -> connection 0x14be90000e40
x3103c0s31b1n0:25908:27185 [1] NCCL INFO transport/p2p.cc:430 Cuda Alloc Size 6291456 pointer 0x14be9fa00000
x3103c0s31b1n0:25909:27010 [2] NCCL INFO Connection to proxy localRank 2 -> connection 0x1547d4000f40
x3103c0s31b1n0:25909:27188 [2] NCCL INFO transport/p2p.cc:449 Cuda Alloc Size 6291456 pointer 0x1547cf200000
x3103c0s31b1n0:25907:27007 [0] NCCL INFO Connection to proxy localRank 0 -> connection 0x151160000e40
x3103c0s31b1n0:25907:27181 [0] NCCL INFO transport/p2p.cc:449 Cuda Alloc Size 6291456 pointer 0x151156000000
x3103c0s31b1n0:25907:27007 [0] NCCL INFO Connected all rings
x3103c0s31b1n0:25907:27007 [0] NCCL INFO Channel 00/0 : 12[7000] -> 13[46000] via P2P/IPC/read
x3103c0s31b1n0:25908:27009 [1] NCCL INFO Connected all rings
x3103c0s31b1n0:25908:27185 [1] NCCL INFO New proxy recv connection 8 from local rank 1, transport 0
x3103c0s31b1n0:25907:27181 [0] NCCL INFO New proxy send connection 8 from local rank 0, transport 0
x3103c0s31b1n0:25907:27007 [0] NCCL INFO Connection to proxy localRank 0 -> connection 0x151160000e80
x3103c0s31b1n0:25908:27009 [1] NCCL INFO Connection to proxy localRank 1 -> connection 0x14be90000e80
x3103c0s31b1n0:25908:27185 [1] NCCL INFO transport/p2p.cc:449 Cuda Alloc Size 6291456 pointer 0x14be8b800000
x3103c0s31b1n0:25907:27181 [0] NCCL INFO transport/p2p.cc:430 Cuda Alloc Size 6291456 pointer 0x151154000000
x3103c0s31b1n0:25908:27185 [1] NCCL INFO New proxy recv connection 9 from local rank 1, transport 0
x3103c0s31b1n0:25908:27009 [1] NCCL INFO Connection to proxy localRank 1 -> connection 0x14be90000ec0
x3103c0s31b1n0:25908:27185 [1] NCCL INFO transport/p2p.cc:449 Cuda Alloc Size 6291456 pointer 0x14be88000000
x3103c0s31b1n0:25907:27007 [0] NCCL INFO Channel 01/0 : 12[7000] -> 13[46000] via P2P/IPC/read
x3103c0s31b1n0:25907:27181 [0] NCCL INFO New proxy send connection 9 from local rank 0, transport 0
x3103c0s31b1n0:25908:27185 [1] NCCL INFO New proxy recv connection 10 from local rank 1, transport 0
x3103c0s31b1n0:25907:27007 [0] NCCL INFO Connection to proxy localRank 0 -> connection 0x151160000ec0
x3103c0s31b1n0:25907:27181 [0] NCCL INFO transport/p2p.cc:430 Cuda Alloc Size 6291456 pointer 0x151154600000
x3103c0s31b1n0:25907:27007 [0] NCCL INFO Channel 02/0 : 12[7000] -> 13[46000] via P2P/IPC/read
x3103c0s31b1n0:25907:27181 [0] NCCL INFO New proxy send connection 10 from local rank 0, transport 0
x3103c0s31b1n0:25908:27009 [1] NCCL INFO Connection to proxy localRank 1 -> connection 0x14be90000f00
x3103c0s31b1n0:25908:27185 [1] NCCL INFO transport/p2p.cc:449 Cuda Alloc Size 6291456 pointer 0x14be88600000
x3103c0s31b1n0:25907:27007 [0] NCCL INFO Connection to proxy localRank 0 -> connection 0x151160000f00
x3103c0s31b1n0:25907:27181 [0] NCCL INFO transport/p2p.cc:430 Cuda Alloc Size 6291456 pointer 0x151154c00000
x3103c0s31b1n0:25907:27007 [0] NCCL INFO Channel 03/0 : 12[7000] -> 13[46000] via P2P/IPC/read
x3103c0s31b1n0:25907:27181 [0] NCCL INFO New proxy send connection 11 from local rank 0, transport 0
x3103c0s31b1n0:25908:27185 [1] NCCL INFO New proxy recv connection 11 from local rank 1, transport 0
x3103c0s31b1n0:25907:27007 [0] NCCL INFO Connection to proxy localRank 0 -> connection 0x151160000f40
x3103c0s31b1n0:25907:27181 [0] NCCL INFO transport/p2p.cc:430 Cuda Alloc Size 6291456 pointer 0x151155200000
x3103c0s31b1n0:25908:27009 [1] NCCL INFO Connection to proxy localRank 1 -> connection 0x14be90000f40
x3103c0s31b1n0:25908:27185 [1] NCCL INFO transport/p2p.cc:449 Cuda Alloc Size 6291456 pointer 0x14be88c00000
x3103c0s31b1n0:25908:27009 [1] NCCL INFO Channel 00/0 : 13[46000] -> 14[85000] via P2P/IPC/read
x3103c0s31b1n0:25908:27185 [1] NCCL INFO New proxy send connection 12 from local rank 1, transport 0
x3103c0s31b1n0:25908:27009 [1] NCCL INFO Connection to proxy localRank 1 -> connection 0x14be90000f80
x3103c0s31b1n0:25908:27185 [1] NCCL INFO transport/p2p.cc:430 Cuda Alloc Size 6291456 pointer 0x14be89200000
x3103c0s31b1n0:25908:27009 [1] NCCL INFO Channel 01/0 : 13[46000] -> 14[85000] via P2P/IPC/read
x3103c0s31b1n0:25908:27185 [1] NCCL INFO New proxy send connection 13 from local rank 1, transport 0
x3103c0s31b1n0:25908:27009 [1] NCCL INFO Connection to proxy localRank 1 -> connection 0x14be90000fc0
x3103c0s31b1n0:25908:27185 [1] NCCL INFO transport/p2p.cc:430 Cuda Alloc Size 6291456 pointer 0x14be89800000
x3103c0s31b1n0:25908:27009 [1] NCCL INFO Channel 02/0 : 13[46000] -> 14[85000] via P2P/IPC/read
x3103c0s31b1n0:25908:27185 [1] NCCL INFO New proxy send connection 14 from local rank 1, transport 0
x3103c0s31b1n0:25908:27009 [1] NCCL INFO Connection to proxy localRank 1 -> connection 0x14be90001000
x3103c0s31b1n0:25908:27185 [1] NCCL INFO transport/p2p.cc:430 Cuda Alloc Size 6291456 pointer 0x14be86000000
x3103c0s31b1n0:25908:27009 [1] NCCL INFO Channel 03/0 : 13[46000] -> 14[85000] via P2P/IPC/read
x3103c0s31b1n0:25908:27185 [1] NCCL INFO New proxy send connection 15 from local rank 1, transport 0
x3103c0s31b1n0:25908:27009 [1] NCCL INFO Connection to proxy localRank 1 -> connection 0x14be90001040
x3103c0s31b1n0:25908:27185 [1] NCCL INFO transport/p2p.cc:430 Cuda Alloc Size 6291456 pointer 0x14be86600000
x3103c0s31b1n0:25907:27007 [0] NCCL INFO GPU Direct RDMA Disabled for GPU 7000 / HCA 1 (distance 7 > 4)
x3103c0s31b1n0:25907:27181 [0] NCCL INFO Allocated 4194656 bytes of shared memory in /dev/shm/nccl-jnj4vc

x3103c0s31b1n0:25907:27181 [0] NCCL INFO New proxy recv connection 12 from local rank 0, transport 2
x3103c0s31b1n0:25909:27188 [2] NCCL INFO New proxy recv connection 12 from local rank 2, transport 0
x3103c0s31b1n0:25908:27009 [1] NCCL INFO GPU Direct RDMA Disabled for GPU 46000 / HCA 1 (distance 6 > 4)
x3103c0s31b1n0:25908:27185 [1] NCCL INFO New proxy recv connection 16 from local rank 1, transport 2
x3103c0s31b1n0:25909:27010 [2] NCCL INFO Connection to proxy localRank 2 -> connection 0x1547d4000f80
x3103c0s31b1n0:25909:27188 [2] NCCL INFO transport/p2p.cc:449 Cuda Alloc Size 6291456 pointer 0x1547cd200000
x3103c0s31b1n0:25907:27007 [0] NCCL INFO Connection to proxy localRank 0 -> connection 0x151160000f80
x3103c0s31b1n0:25908:27009 [1] NCCL INFO Connection to proxy localRank 1 -> connection 0x14be90001080
x3103c0s31b1n0:25909:27188 [2] NCCL INFO New proxy recv connection 13 from local rank 2, transport 0
x3103c0s31b1n0:25907:27007 [0] NCCL INFO Channel 00/0 : 8[7000] -> 12[7000] [receive] via NET/IB/1
x3103c0s31b1n0:25907:27007 [0] NCCL INFO GPU Direct RDMA Disabled for GPU 7000 / HCA 0 (distance 7 > 4)
x3103c0s31b1n0:25907:27181 [0] NCCL INFO New proxy recv connection 13 from local rank 0, transport 2
x3103c0s31b1n0:25908:27009 [1] NCCL INFO Channel 02/0 : 8[7000] -> 13[46000] [receive] via NET/IB/1
x3103c0s31b1n0:25908:27009 [1] NCCL INFO GPU Direct RDMA Disabled for GPU 46000 / HCA 0 (distance 7 > 4)
x3103c0s31b1n0:25908:27185 [1] NCCL INFO New proxy recv connection 17 from local rank 1, transport 2
x3103c0s31b1n0:25909:27010 [2] NCCL INFO Connection to proxy localRank 2 -> connection 0x1547d4000fc0
x3103c0s31b1n0:25909:27188 [2] NCCL INFO transport/p2p.cc:449 Cuda Alloc Size 6291456 pointer 0x1547cd800000
x3103c0s31b1n0:25907:27007 [0] NCCL INFO Connection to proxy localRank 0 -> connection 0x151160000fc0
x3103c0s31b1n0:25908:27009 [1] NCCL INFO Connection to proxy localRank 1 -> connection 0x14be900010c0
x3103c0s31b1n0:25909:27188 [2] NCCL INFO New proxy recv connection 14 from local rank 2, transport 0
x3103c0s31b1n0:25907:27007 [0] NCCL INFO Channel 01/0 : 8[7000] -> 12[7000] [receive] via NET/IB/0
x3103c0s31b1n0:25907:27007 [0] NCCL INFO GPU Direct RDMA Disabled for GPU 7000 / HCA 1 (distance 7 > 4)
x3103c0s31b1n0:25907:27181 [0] NCCL INFO New proxy send connection 14 from local rank 0, transport 2
x3103c0s31b1n0:25909:27010 [2] NCCL INFO Connection to proxy localRank 2 -> connection 0x1547d4001000
x3103c0s31b1n0:25909:27188 [2] NCCL INFO transport/p2p.cc:449 Cuda Alloc Size 6291456 pointer 0x1547ca000000
x3103c0s31b1n0:25908:27009 [1] NCCL INFO Channel 03/0 : 8[7000] -> 13[46000] [receive] via NET/IB/0
x3103c0s31b1n0:25907:27007 [0] NCCL INFO Connection to proxy localRank 0 -> connection 0x151160001000
x3103c0s31b1n0:25907:27007 [0] NCCL INFO Channel 02/0 : 12[7000] -> 16[7000] [send] via NET/IB/1
x3103c0s31b1n0:25907:27007 [0] NCCL INFO GPU Direct RDMA Disabled for GPU 7000 / HCA 0 (distance 7 > 4)
x3103c0s31b1n0:25909:27188 [2] NCCL INFO New proxy recv connection 15 from local rank 2, transport 0
x3103c0s31b1n0:25907:27181 [0] NCCL INFO New proxy send connection 15 from local rank 0, transport 2
x3103c0s31b1n0:25907:27007 [0] NCCL INFO Connection to proxy localRank 0 -> connection 0x151160001040
x3103c0s31b1n0:25907:27007 [0] NCCL INFO Channel 03/0 : 12[7000] -> 16[7000] [send] via NET/IB/0
x3103c0s31b1n0:25909:27010 [2] NCCL INFO Connection to proxy localRank 2 -> connection 0x1547d4001040
x3103c0s31b1n0:25909:27188 [2] NCCL INFO transport/p2p.cc:449 Cuda Alloc Size 6291456 pointer 0x1547ca600000
x3103c0s31b1n0:25909:27010 [2] NCCL INFO Channel 00/0 : 14[85000] -> 13[46000] via P2P/IPC/read
x3103c0s31b1n0:25907:27181 [0] NCCL INFO transport/net_ib.cc:596 Ib Alloc Size 26560 pointer 0x151160026000
x3103c0s31b1n0:25907:27181 [0] NCCL INFO NET/IB: Dev 1 Port 1 qpn 10018 mtu 5 GID 0 (80FE/3C2100FEFF000000)
x3103c0s31b1n0:25907:27181 [0] NCCL INFO transport/net_ib.cc:653 Ib Alloc Size 552 pointer 0x151160048000
x3103c0s31b1n0:25907:27181 [0] NCCL INFO transport/net.cc:571 Cuda Host Alloc Size 9641984 pointer 0x151153200000
x3103c0s31b1n0:25907:27181 [0] NCCL INFO Mem Realloc old size 0, new size 768 pointer 0x151160035670
x3103c0s31b1n0:25909:27188 [2] NCCL INFO New proxy send connection 16 from local rank 2, transport 0
x3103c0s31b1n0:25907:27181 [0] NCCL INFO transport/net_ib.cc:596 Ib Alloc Size 26560 pointer 0x15116004a000
x3103c0s31b1n0:25907:27181 [0] NCCL INFO NET/IB: Dev 0 Port 1 qpn 14826 mtu 5 GID 0 (80FE/7D2100FEFF000000)
x3103c0s31b1n0:25907:27181 [0] NCCL INFO transport/net_ib.cc:653 Ib Alloc Size 552 pointer 0x15116006b000
x3103c0s31b1n0:25907:27181 [0] NCCL INFO transport/net.cc:571 Cuda Host Alloc Size 9641984 pointer 0x15114a000000
x3103c0s31b1n0:25907:27181 [0] NCCL INFO Mem Realloc old size 0, new size 768 pointer 0x151160058a50
x3103c0s31b1n0:25907:27181 [0] NCCL INFO transport/net_ib.cc:683 Ib Alloc Size 21688 pointer 0x15116006d000
x3103c0s31b1n0:25907:27181 [0] NCCL INFO transport/net_ib.cc:696 Ib Alloc Size 552 pointer 0x151160074000
x3103c0s31b1n0:25907:27181 [0] NCCL INFO transport/net_ib.cc:771 Ib Alloc Size 552 pointer 0x151160090000
x3103c0s31b1n0:25907:27181 [0] NCCL INFO transport/net.cc:698 Cuda Host Alloc Size 9641984 pointer 0x15114aa00000
x3103c0s31b1n0:25909:27010 [2] NCCL INFO Connection to proxy localRank 2 -> connection 0x1547d4001080
x3103c0s31b1n0:25908:27185 [1] NCCL INFO transport/net_ib.cc:683 Ib Alloc Size 21688 pointer 0x14be900d2000
x3103c0s31b1n0:25908:27185 [1] NCCL INFO transport/net_ib.cc:696 Ib Alloc Size 552 pointer 0x14be90019000
x3103c0s31b1n0:25909:27188 [2] NCCL INFO transport/p2p.cc:430 Cuda Alloc Size 6291456 pointer 0x1547cac00000
x3103c0s31b1n0:25908:27185 [1] NCCL INFO transport/net_ib.cc:771 Ib Alloc Size 552 pointer 0x14be900f2000
x3103c0s31b1n0:25908:27185 [1] NCCL INFO transport/net.cc:698 Cuda Host Alloc Size 9641984 pointer 0x14be82000000
x3103c0s31b1n0:25907:27181 [0] NCCL INFO transport/net_ib.cc:683 Ib Alloc Size 21688 pointer 0x151160092000
x3103c0s31b1n0:25907:27181 [0] NCCL INFO transport/net_ib.cc:696 Ib Alloc Size 552 pointer 0x151160099000
x3103c0s31b1n0:25909:27010 [2] NCCL INFO Channel 01/0 : 14[85000] -> 13[46000] via P2P/IPC/read
x3103c0s31b1n0:25909:27188 [2] NCCL INFO New proxy send connection 17 from local rank 2, transport 0
x3103c0s31b1n0:25909:27010 [2] NCCL INFO Connection to proxy localRank 2 -> connection 0x1547d40010c0
x3103c0s31b1n0:25907:27181 [0] NCCL INFO transport/net_ib.cc:771 Ib Alloc Size 552 pointer 0x1511600b4000
x3103c0s31b1n0:25907:27181 [0] NCCL INFO transport/net.cc:698 Cuda Host Alloc Size 9641984 pointer 0x15114b400000
x3103c0s31b1n0:25909:27188 [2] NCCL INFO transport/p2p.cc:430 Cuda Alloc Size 6291456 pointer 0x1547cb200000
x3103c0s31b1n0:25909:27010 [2] NCCL INFO Channel 02/0 : 14[85000] -> 13[46000] via P2P/IPC/read
x3103c0s31b1n0:25909:27188 [2] NCCL INFO New proxy send connection 18 from local rank 2, transport 0
x3103c0s31b1n0:25908:27185 [1] NCCL INFO transport/net_ib.cc:683 Ib Alloc Size 21688 pointer 0x14be900f4000
x3103c0s31b1n0:25908:27185 [1] NCCL INFO transport/net_ib.cc:696 Ib Alloc Size 552 pointer 0x14be900fb000
x3103c0s31b1n0:25907:27007 [0] NCCL INFO GPU Direct RDMA Disabled for GPU 7000 / HCA 1 (distance 7 > 4)
x3103c0s31b1n0:25907:27181 [0] NCCL INFO New proxy send connection 16 from local rank 0, transport 2
x3103c0s31b1n0:25908:27185 [1] NCCL INFO transport/net_ib.cc:771 Ib Alloc Size 552 pointer 0x14be90116000
x3103c0s31b1n0:25908:27185 [1] NCCL INFO transport/net.cc:698 Cuda Host Alloc Size 9641984 pointer 0x14be82a00000
x3103c0s31b1n0:25909:27010 [2] NCCL INFO Connection to proxy localRank 2 -> connection 0x1547d4001100
x3103c0s31b1n0:25909:27188 [2] NCCL INFO transport/p2p.cc:430 Cuda Alloc Size 6291456 pointer 0x1547cb800000
x3103c0s31b1n0:25907:27007 [0] NCCL INFO Connection to proxy localRank 0 -> connection 0x151160001080
x3103c0s31b1n0:25907:27007 [0] NCCL INFO Channel 02/0 : 12[7000] -> 1[46000] [send] via NET/IB/1
x3103c0s31b1n0:25907:27007 [0] NCCL INFO GPU Direct RDMA Disabled for GPU 7000 / HCA 0 (distance 7 > 4)
x3103c0s31b1n0:25907:27181 [0] NCCL INFO New proxy send connection 17 from local rank 0, transport 2
x3103c0s31b1n0:25908:27009 [1] NCCL INFO GPU Direct RDMA Disabled for GPU 46000 / HCA 1 (distance 6 > 4)
x3103c0s31b1n0:25908:27185 [1] NCCL INFO New proxy send connection 18 from local rank 1, transport 2
x3103c0s31b1n0:25909:27010 [2] NCCL INFO Channel 03/0 : 14[85000] -> 13[46000] via P2P/IPC/read
x3103c0s31b1n0:25909:27188 [2] NCCL INFO New proxy send connection 19 from local rank 2, transport 0
x3103c0s31b1n0:25907:27007 [0] NCCL INFO Connection to proxy localRank 0 -> connection 0x1511600010c0
x3103c0s31b1n0:25907:27007 [0] NCCL INFO Channel 03/0 : 12[7000] -> 1[46000] [send] via NET/IB/0
x3103c0s31b1n0:25907:27181 [0] NCCL INFO transport/net_ib.cc:596 Ib Alloc Size 26560 pointer 0x1511600c0000
x3103c0s31b1n0:25908:27009 [1] NCCL INFO Connection to proxy localRank 1 -> connection 0x14be90001100
x3103c0s31b1n0:25908:27009 [1] NCCL INFO Channel 02/0 : 13[46000] -> 8[7000] [send] via NET/IB/1
x3103c0s31b1n0:25908:27009 [1] NCCL INFO GPU Direct RDMA Disabled for GPU 46000 / HCA 0 (distance 7 > 4)
x3103c0s31b1n0:25908:27185 [1] NCCL INFO New proxy send connection 19 from local rank 1, transport 2
x3103c0s31b1n0:25909:27010 [2] NCCL INFO Connection to proxy localRank 2 -> connection 0x1547d4001140
x3103c0s31b1n0:25907:27181 [0] NCCL INFO NET/IB: Dev 1 Port 1 qpn 10023 mtu 5 GID 0 (80FE/3C2100FEFF000000)
x3103c0s31b1n0:25907:27181 [0] NCCL INFO transport/net_ib.cc:653 Ib Alloc Size 552 pointer 0x1511600d7000
x3103c0s31b1n0:25907:27181 [0] NCCL INFO transport/net.cc:571 Cuda Host Alloc Size 9641984 pointer 0x151148000000
x3103c0s31b1n0:25909:27188 [2] NCCL INFO transport/p2p.cc:430 Cuda Alloc Size 6291456 pointer 0x1547c8000000
x3103c0s31b1n0:25907:27181 [0] NCCL INFO transport/net_ib.cc:596 Ib Alloc Size 26560 pointer 0x1511600d7000
x3103c0s31b1n0:25910:27008 [3] NCCL INFO Connected all trees by HAO
x3103c0s31b1n0:25910:27008 [3] NCCL INFO threadThresholds 8/8/64 | 160/8/64 | 512 | 512
x3103c0s31b1n0:25910:27008 [3] NCCL INFO 4 coll channels, 4 p2p channels, 2 p2p channels per peer
x3103c0s31b1n0:25907:27181 [0] NCCL INFO NET/IB: Dev 0 Port 1 qpn 14831 mtu 5 GID 0 (80FE/7D2100FEFF000000)
x3103c0s31b1n0:25907:27181 [0] NCCL INFO transport/net_ib.cc:653 Ib Alloc Size 552 pointer 0x1511600ee000
x3103c0s31b1n0:25907:27181 [0] NCCL INFO transport/net.cc:571 Cuda Host Alloc Size 9641984 pointer 0x151148a00000
x3103c0s31b1n0:25910:27195 [3] NCCL INFO New proxy send connection 12 from local rank 3, transport 2
x3103c0s31b1n0:25908:27009 [1] NCCL INFO Connection to proxy localRank 1 -> connection 0x14be90001140
x3103c0s31b1n0:25908:27009 [1] NCCL INFO Channel 03/0 : 13[46000] -> 8[7000] [send] via NET/IB/0
x3103c0s31b1n0:25910:27008 [3] NCCL INFO Connection to proxy localRank 3 -> connection 0x14f4e8000f80
x3103c0s31b1n0:25910:27195 [3] NCCL INFO transport/net.cc:376 Cuda Alloc Size 8388608 pointer 0x14f4d4600000
x3103c0s31b1n0:25907:27007 [0] NCCL INFO GPU Direct RDMA Disabled for GPU 7000 / HCA 1 (distance 7 > 4)
x3103c0s31b1n0:25907:27181 [0] NCCL INFO New proxy recv connection 18 from local rank 0, transport 2
x3103c0s31b1n0:25907:27007 [0] NCCL INFO Connection to proxy localRank 0 -> connection 0x151160001100
x3103c0s31b1n0:25907:27007 [0] NCCL INFO Channel 02/0 : 1[46000] -> 12[7000] [receive] via NET/IB/1
x3103c0s31b1n0:25907:27007 [0] NCCL INFO GPU Direct RDMA Disabled for GPU 7000 / HCA 0 (distance 7 > 4)
x3103c0s31b1n0:25907:27181 [0] NCCL INFO New proxy recv connection 19 from local rank 0, transport 2
x3103c0s31b1n0:25907:27007 [0] NCCL INFO Connection to proxy localRank 0 -> connection 0x151160001140
x3103c0s31b1n0:25907:27007 [0] NCCL INFO Channel 03/0 : 1[46000] -> 12[7000] [receive] via NET/IB/0
x3103c0s31b1n0:25907:27181 [0] NCCL INFO transport/net_ib.cc:683 Ib Alloc Size 21688 pointer 0x1511600fa000
x3103c0s31b1n0:25907:27181 [0] NCCL INFO transport/net_ib.cc:696 Ib Alloc Size 552 pointer 0x151160101000
x3103c0s31b1n0:25907:27181 [0] NCCL INFO transport/net_ib.cc:771 Ib Alloc Size 552 pointer 0x15116011d000
x3103c0s31b1n0:25907:27181 [0] NCCL INFO transport/net.cc:698 Cuda Host Alloc Size 9641984 pointer 0x151149400000
x3103c0s31b1n0:25907:27181 [0] NCCL INFO transport/net_ib.cc:683 Ib Alloc Size 21688 pointer 0x15116011f000
x3103c0s31b1n0:25907:27181 [0] NCCL INFO transport/net_ib.cc:696 Ib Alloc Size 552 pointer 0x151160126000
x3103c0s31b1n0:25907:27181 [0] NCCL INFO transport/net_ib.cc:771 Ib Alloc Size 552 pointer 0x151160141000
x3103c0s31b1n0:25907:27181 [0] NCCL INFO transport/net.cc:698 Cuda Host Alloc Size 9641984 pointer 0x151146000000
x3103c0s31b1n0:25907:27007 [0] NCCL INFO GPU Direct RDMA Disabled for GPU 7000 / HCA 1 (distance 7 > 4)
x3103c0s31b1n0:25907:27181 [0] NCCL INFO New proxy recv connection 20 from local rank 0, transport 2
x3103c0s31b1n0:25907:27007 [0] NCCL INFO Connection to proxy localRank 0 -> connection 0x151160001180
x3103c0s31b1n0:25908:27185 [1] NCCL INFO transport/net_ib.cc:596 Ib Alloc Size 26560 pointer 0x14be90122000
x3103c0s31b1n0:25908:27185 [1] NCCL INFO NET/IB: Dev 1 Port 1 qpn 10026 mtu 5 GID 0 (80FE/3C2100FEFF000000)
x3103c0s31b1n0:25908:27185 [1] NCCL INFO transport/net_ib.cc:653 Ib Alloc Size 552 pointer 0x14be90139000
x3103c0s31b1n0:25908:27185 [1] NCCL INFO transport/net.cc:571 Cuda Host Alloc Size 9641984 pointer 0x14be83400000
x3103c0s31b1n0:25908:27185 [1] NCCL INFO transport/net_ib.cc:596 Ib Alloc Size 26560 pointer 0x14be9013b000
x3103c0s31b1n0:25907:27007 [0] NCCL INFO Channel 02/0 : 16[7000] -> 12[7000] [receive] via NET/IB/1
x3103c0s31b1n0:25907:27007 [0] NCCL INFO GPU Direct RDMA Disabled for GPU 7000 / HCA 0 (distance 7 > 4)
x3103c0s31b1n0:25907:27181 [0] NCCL INFO New proxy recv connection 21 from local rank 0, transport 2
x3103c0s31b1n0:25908:27185 [1] NCCL INFO NET/IB: Dev 0 Port 1 qpn 14834 mtu 5 GID 0 (80FE/7D2100FEFF000000)
x3103c0s31b1n0:25908:27185 [1] NCCL INFO transport/net_ib.cc:653 Ib Alloc Size 552 pointer 0x14be90152000
x3103c0s31b1n0:25908:27185 [1] NCCL INFO transport/net.cc:571 Cuda Host Alloc Size 9641984 pointer 0x14be80000000
x3103c0s31b1n0:25907:27007 [0] NCCL INFO Connection to proxy localRank 0 -> connection 0x1511600011c0
x3103c0s31b1n0:25908:27185 [1] NCCL INFO New proxy recv connection 20 from local rank 1, transport 0
x3103c0s31b1n0:25907:27007 [0] NCCL INFO Channel 03/0 : 16[7000] -> 12[7000] [receive] via NET/IB/0
x3103c0s31b1n0:25907:27007 [0] NCCL INFO GPU Direct RDMA Disabled for GPU 7000 / HCA 1 (distance 7 > 4)
x3103c0s31b1n0:25907:27181 [0] NCCL INFO New proxy send connection 22 from local rank 0, transport 2
x3103c0s31b1n0:25908:27009 [1] NCCL INFO Connection to proxy localRank 1 -> connection 0x14be90001180
x3103c0s31b1n0:25908:27185 [1] NCCL INFO transport/p2p.cc:449 Cuda Alloc Size 6291456 pointer 0x14be80a00000
x3103c0s31b1n0:25908:27185 [1] NCCL INFO New proxy recv connection 21 from local rank 1, transport 0
x3103c0s31b1n0:25907:27007 [0] NCCL INFO Connection to proxy localRank 0 -> connection 0x151160001200
x3103c0s31b1n0:25907:27007 [0] NCCL INFO Channel 00/0 : 12[7000] -> 8[7000] [send] via NET/IB/1
x3103c0s31b1n0:25907:27007 [0] NCCL INFO GPU Direct RDMA Disabled for GPU 7000 / HCA 0 (distance 7 > 4)
x3103c0s31b1n0:25907:27181 [0] NCCL INFO New proxy send connection 23 from local rank 0, transport 2
x3103c0s31b1n0:25908:27009 [1] NCCL INFO Connection to proxy localRank 1 -> connection 0x14be900011c0
x3103c0s31b1n0:25908:27185 [1] NCCL INFO transport/p2p.cc:449 Cuda Alloc Size 6291456 pointer 0x14be81000000
x3103c0s31b1n0:25907:27007 [0] NCCL INFO Connection to proxy localRank 0 -> connection 0x151160001240
x3103c0s31b1n0:25907:27007 [0] NCCL INFO Channel 01/0 : 12[7000] -> 8[7000] [send] via NET/IB/0
x3103c0s31b1n0:25908:27185 [1] NCCL INFO New proxy recv connection 22 from local rank 1, transport 0
x3103c0s31b1n0:25908:27009 [1] NCCL INFO Connection to proxy localRank 1 -> connection 0x14be90001200
x3103c0s31b1n0:25908:27185 [1] NCCL INFO transport/p2p.cc:449 Cuda Alloc Size 6291456 pointer 0x14be81600000
x3103c0s31b1n0:25907:27181 [0] NCCL INFO transport/net_ib.cc:596 Ib Alloc Size 26560 pointer 0x151160157000
x3103c0s31b1n0:25907:27181 [0] NCCL INFO NET/IB: Dev 1 Port 1 qpn 10027 mtu 5 GID 0 (80FE/3C2100FEFF000000)
x3103c0s31b1n0:25907:27181 [0] NCCL INFO transport/net_ib.cc:653 Ib Alloc Size 552 pointer 0x15116016e000
x3103c0s31b1n0:25907:27181 [0] NCCL INFO transport/net.cc:571 Cuda Host Alloc Size 9641984 pointer 0x151146a00000
x3103c0s31b1n0:25907:27181 [0] NCCL INFO transport/net_ib.cc:596 Ib Alloc Size 26560 pointer 0x151160170000
x3103c0s31b1n0:25907:27181 [0] NCCL INFO NET/IB: Dev 0 Port 1 qpn 14835 mtu 5 GID 0 (80FE/7D2100FEFF000000)
x3103c0s31b1n0:25907:27181 [0] NCCL INFO transport/net_ib.cc:653 Ib Alloc Size 552 pointer 0x151160187000
x3103c0s31b1n0:25907:27181 [0] NCCL INFO transport/net.cc:571 Cuda Host Alloc Size 9641984 pointer 0x151147400000
x3103c0s31b1n0:25908:27185 [1] NCCL INFO New proxy recv connection 23 from local rank 1, transport 0
x3103c0s31b1n0:25908:27009 [1] NCCL INFO Connection to proxy localRank 1 -> connection 0x14be90001240
x3103c0s31b1n0:25908:27185 [1] NCCL INFO transport/p2p.cc:449 Cuda Alloc Size 6291456 pointer 0x14be7e000000
x3103c0s31b1n0:25907:27181 [0] NCCL INFO transport/net_ib.cc:683 Ib Alloc Size 21688 pointer 0x151160189000
x3103c0s31b1n0:25907:27181 [0] NCCL INFO transport/net_ib.cc:696 Ib Alloc Size 552 pointer 0x151160190000
x3103c0s31b1n0:25907:27181 [0] NCCL INFO transport/net_ib.cc:771 Ib Alloc Size 552 pointer 0x1511601ab000
x3103c0s31b1n0:25907:27181 [0] NCCL INFO transport/net.cc:698 Cuda Host Alloc Size 9641984 pointer 0x151144000000
x3103c0s31b1n0:25908:27009 [1] NCCL INFO Connected all trees by HAO
x3103c0s31b1n0:25908:27009 [1] NCCL INFO threadThresholds 8/8/64 | 160/8/64 | 512 | 512
x3103c0s31b1n0:25908:27009 [1] NCCL INFO 4 coll channels, 4 p2p channels, 2 p2p channels per peer
x3103c0s31b1n0:25908:27185 [1] NCCL INFO New proxy send connection 24 from local rank 1, transport 2
x3103c0s31b1n0:25909:27010 [2] NCCL INFO Connected all trees by HAO
x3103c0s31b1n0:25909:27010 [2] NCCL INFO threadThresholds 8/8/64 | 160/8/64 | 512 | 512
x3103c0s31b1n0:25909:27010 [2] NCCL INFO 4 coll channels, 4 p2p channels, 2 p2p channels per peer
x3103c0s31b1n0:25909:27188 [2] NCCL INFO Allocated 4194656 bytes of shared memory in /dev/shm/nccl-VSYAek

x3103c0s31b1n0:25909:27188 [2] NCCL INFO New proxy send connection 20 from local rank 2, transport 2
x3103c0s31b1n0:25907:27181 [0] NCCL INFO transport/net_ib.cc:683 Ib Alloc Size 21688 pointer 0x1511601ad000
x3103c0s31b1n0:25907:27181 [0] NCCL INFO transport/net_ib.cc:696 Ib Alloc Size 552 pointer 0x1511601b4000
x3103c0s31b1n0:25908:27009 [1] NCCL INFO Connection to proxy localRank 1 -> connection 0x14be90001280
x3103c0s31b1n0:25908:27185 [1] NCCL INFO transport/net.cc:376 Cuda Alloc Size 8388608 pointer 0x14be7c000000
x3103c0s31b1n0:25909:27010 [2] NCCL INFO Connection to proxy localRank 2 -> connection 0x1547d4001180
x3103c0s31b1n0:25909:27188 [2] NCCL INFO transport/net.cc:376 Cuda Alloc Size 8388608 pointer 0x1547c7800000
x3103c0s31b1n0:25907:27181 [0] NCCL INFO transport/net_ib.cc:771 Ib Alloc Size 552 pointer 0x1511601cf000
x3103c0s31b1n0:25907:27181 [0] NCCL INFO transport/net.cc:698 Cuda Host Alloc Size 9641984 pointer 0x151144a00000
x3103c0s31b1n0:25907:27007 [0] NCCL INFO Connected all trees by HAO
x3103c0s31b1n0:25907:27007 [0] NCCL INFO threadThresholds 8/8/64 | 160/8/64 | 512 | 512
x3103c0s31b1n0:25907:27007 [0] NCCL INFO 4 coll channels, 4 p2p channels, 2 p2p channels per peer
x3103c0s31b1n0:25907:27181 [0] NCCL INFO New proxy send connection 24 from local rank 0, transport 2
x3103c0s31b1n0:25907:27007 [0] NCCL INFO Connection to proxy localRank 0 -> connection 0x151160001280
x3103c0s31b1n0:25907:27007 [0] NCCL INFO init.cc:367 Cuda Alloc Size 5168 pointer 0x151165808800
x3103c0s31b1n0:25909:27010 [2] NCCL INFO init.cc:367 Cuda Alloc Size 5168 pointer 0x1547e3808800
x3103c0s31b1n0:25908:27009 [1] NCCL INFO init.cc:367 Cuda Alloc Size 5168 pointer 0x14be9f808800
x3103c0s31b1n0:25910:27008 [3] NCCL INFO init.cc:367 Cuda Alloc Size 5168 pointer 0x14f4ed808800
x3103c0s31b1n0:25910:27008 [3] NCCL INFO init.cc:392 Cuda Host Alloc Size 33554432 pointer 0x14f4d2000000
x3103c0s31b1n0:25910:27008 [3] NCCL INFO init.cc:398 Cuda Host Alloc Size 128 pointer 0x14f4ece00200
x3103c0s31b1n0:25910:27008 [3] NCCL INFO comm 0x559a9d936210 rank 15 nranks 20 cudaDev 3 busId c7000 - Init COMPLETE
x3103c0s31b1n0:25909:27010 [2] NCCL INFO init.cc:392 Cuda Host Alloc Size 33554432 pointer 0x1547be000000
x3103c0s31b1n0:25909:27010 [2] NCCL INFO init.cc:398 Cuda Host Alloc Size 128 pointer 0x1547e2e00200
x3103c0s31b1n0:25909:27010 [2] NCCL INFO comm 0x563a09019fe0 rank 14 nranks 20 cudaDev 2 busId 85000 - Init COMPLETE
x3103c0s31b1n0:25908:27009 [1] NCCL INFO init.cc:392 Cuda Host Alloc Size 33554432 pointer 0x14be7a000000
x3103c0s31b1n0:25908:27009 [1] NCCL INFO init.cc:398 Cuda Host Alloc Size 128 pointer 0x14be9ee00200
x3103c0s31b1n0:25908:27009 [1] NCCL INFO comm 0x55c561170e20 rank 13 nranks 20 cudaDev 1 busId 46000 - Init COMPLETE
x3103c0s31b1n0:25907:27007 [0] NCCL INFO init.cc:392 Cuda Host Alloc Size 33554432 pointer 0x151142000000
x3103c0s31b1n0:25907:27007 [0] NCCL INFO init.cc:398 Cuda Host Alloc Size 128 pointer 0x151164e00200
x3103c0s31b1n0:25907:27007 [0] NCCL INFO comm 0x55b54365d930 rank 12 nranks 20 cudaDev 0 busId 7000 - Init COMPLETE
x3103c0s31b1n0:25907:27181 [0] NCCL INFO transport/net.cc:376 Cuda Alloc Size 8388608 pointer 0x151145400000
x3103c0s31b1n0:25907:25907 [0] NCCL INFO AllReduce: opCount 0 sendbuff 0x1511a7600200 recvbuff 0x1511a7600200 count 1 datatype 1 op 0 root 0 comm 0x55b54365d930 [nranks=20] stream 0x55b5607918b0
x3103c0s31b1n0:25907:25907 [0] NCCL INFO misc/utils.cc:235 memory stack hunk malloc(65536)
[LYD INFO in ncclLaunchKernel (enqueue.cc)] NCHANNELS is: 4x3103c0s31b1n0:25910:25910 [3] NCCL INFO AllReduce: opCount 0 sendbuff 0x14f52f600200 recvbuff 0x14f52f600200 count 1 datatype 1 op 0 root 0 comm 0x559a9d936210 [nranks=20] stream 0x559ab76b0c80
x3103c0s31b1n0:25910:25910 [3] NCCL INFO misc/utils.cc:235 memory stack hunk malloc(65536)
[LYD INFO in ncclLaunchKernel (enqueue.cc)] NCHANNELS is: 4x3103c0s31b1n0:25909:25909 [2] NCCL INFO AllReduce: opCount 0 sendbuff 0x154827600200 recvbuff 0x154827600200 count 1 datatype 1 op 0 root 0 comm 0x563a09019fe0 [nranks=20] stream 0x563a0ca02890
x3103c0s31b1n0:25909:25909 [2] NCCL INFO misc/utils.cc:235 memory stack hunk malloc(65536)
[LYD INFO in ncclLaunchKernel (enqueue.cc)] NCHANNELS is: 4x3103c0s31b1n0:25908:25908 [1] NCCL INFO AllReduce: opCount 0 sendbuff 0x14bedf600200 recvbuff 0x14bedf600200 count 1 datatype 1 op 0 root 0 comm 0x55c561170e20 [nranks=20] stream 0x55c579ef03a0
x3103c0s31b1n0:25908:25908 [1] NCCL INFO misc/utils.cc:235 memory stack hunk malloc(65536)
[LYD INFO in ncclLaunchKernel (enqueue.cc)] NCHANNELS is: 4
[LYD INFO in NCCL_KERN_NAME (common.h)] 14 AllReduce TREE LL Sum uint8_t Elapsed time: 163214 us

[LYD INFO in NCCL_KERN_NAME (common.h)] 12 AllReduce TREE LL Sum uint8_t Elapsed time: 181070 us

[LYD INFO in NCCL_KERN_NAME (common.h)] 15 AllReduce TREE LL Sum uint8_t Elapsed time: 189431 us

[LYD INFO in NCCL_KERN_NAME (common.h)] 13 AllReduce TREE LL Sum uint8_t Elapsed time: 125087 us
x3103c0s31b1n0:25907:25907 [0] NCCL INFO AllReduce: opCount 1 sendbuff 0x1511a7600000 recvbuff 0x1511a7600000 count 1 datatype 1 op 0 root 0 comm 0x55b54365d930 [nranks=20] stream 0x55b5607918b0
[LYD INFO in ncclLaunchKernel (enqueue.cc)] NCHANNELS is: 4x3103c0s31b1n0:25910:25910 [3] NCCL INFO AllReduce: opCount 1 sendbuff 0x14f52f600000 recvbuff 0x14f52f600000 count 1 datatype 1 op 0 root 0 comm 0x559a9d936210 [nranks=20] stream 0x559ab76b0c80
[LYD INFO in ncclLaunchKernel (enqueue.cc)] NCHANNELS is: 4x3103c0s31b1n0:25909:25909 [2] NCCL INFO AllReduce: opCount 1 sendbuff 0x154827600000 recvbuff 0x154827600000 count 1 datatype 1 op 0 root 0 comm 0x563a09019fe0 [nranks=20] stream 0x563a0ca02890
[LYD INFO in ncclLaunchKernel (enqueue.cc)] NCHANNELS is: 4x3103c0s31b1n0:25908:25908 [1] NCCL INFO AllReduce: opCount 1 sendbuff 0x14bedf600000 recvbuff 0x14bedf600000 count 1 datatype 1 op 0 root 0 comm 0x55c561170e20 [nranks=20] stream 0x55c579ef03a0
[LYD INFO in ncclLaunchKernel (enqueue.cc)] NCHANNELS is: 4
[LYD INFO in NCCL_KERN_NAME (common.h)] 14 AllReduce TREE LL Sum uint8_t Elapsed time: 8976961 us

[LYD INFO in NCCL_KERN_NAME (common.h)] 15 AllReduce TREE LL Sum uint8_t Elapsed time: 11839960 us

[LYD INFO in NCCL_KERN_NAME (common.h)] 13 AllReduce TREE LL Sum uint8_t Elapsed time: 8471441 us

[LYD INFO in NCCL_KERN_NAME (common.h)] 12 AllReduce TREE LL Sum uint8_t Elapsed time: 13028489 us
x3103c0s31b1n0:25910:25910 [3] NCCL INFO AllReduce: opCount 2 sendbuff 0x14f52f600000 recvbuff 0x14f52f600000 count 1 datatype 8 op 3 root 0 comm 0x559a9d936210 [nranks=20] stream 0x559ab76b0c80
[LYD INFO in ncclLaunchKernel (enqueue.cc)] NCHANNELS is: 4x3103c0s31b1n0:25907:25907 [0] NCCL INFO AllReduce: opCount 2 sendbuff 0x1511a7600000 recvbuff 0x1511a7600000 count 1 datatype 8 op 3 root 0 comm 0x55b54365d930 [nranks=20] stream 0x55b5607918b0
[LYD INFO in ncclLaunchKernel (enqueue.cc)] NCHANNELS is: 4x3103c0s31b1n0:25909:25909 [2] NCCL INFO AllReduce: opCount 2 sendbuff 0x154827600000 recvbuff 0x154827600000 count 1 datatype 8 op 3 root 0 comm 0x563a09019fe0 [nranks=20] stream 0x563a0ca02890
[LYD INFO in ncclLaunchKernel (enqueue.cc)] NCHANNELS is: 4x3103c0s31b1n0:25908:25908 [1] NCCL INFO AllReduce: opCount 2 sendbuff 0x14bedf600000 recvbuff 0x14bedf600000 count 1 datatype 8 op 3 root 0 comm 0x55c561170e20 [nranks=20] stream 0x55c579ef03a0
[LYD INFO in ncclLaunchKernel (enqueue.cc)] NCHANNELS is: 4
[LYD INFO in NCCL_FUNC_NAME (common.h)] 14 AllReduce TREE LL Min double Elapsed time: 6 us

[LYD INFO in NCCL_FUNC_NAME (common.h)] 12 AllReduce TREE LL Min double Elapsed time: 10233 us

[LYD INFO in NCCL_FUNC_NAME (common.h)] 13 AllReduce TREE LL Min double Elapsed time: 6 us

[LYD INFO in NCCL_FUNC_NAME (common.h)] 15 AllReduce TREE LL Min double Elapsed time: 4 us

[LYD INFO in NCCL_KERN_NAME (common.h)] 13 AllReduce TREE LL Sum double Elapsed time: 148949 us
x3103c0s31b1n0:25908:25908 [1] NCCL INFO AllReduce: opCount 3 sendbuff 0x14bedf600200 recvbuff 0x14bedf600200 count 1 datatype 1 op 0 root 0 comm 0x55c561170e20 [nranks=20] stream 0x55c579ef03a0
[LYD INFO in ncclLaunchKernel (enqueue.cc)] NCHANNELS is: 4
[LYD INFO in NCCL_KERN_NAME (common.h)] 12 AllReduce TREE LL Sum double Elapsed time: 135294 us
x3103c0s31b1n0:25907:25907 [0] NCCL INFO AllReduce: opCount 3 sendbuff 0x1511a7600200 recvbuff 0x1511a7600200 count 1 datatype 1 op 0 root 0 comm 0x55b54365d930 [nranks=20] stream 0x55b5607918b0
[LYD INFO in ncclLaunchKernel (enqueue.cc)] NCHANNELS is: 4
[LYD INFO in NCCL_KERN_NAME (common.h)] 14 AllReduce TREE LL Sum double Elapsed time: 148084 us
x3103c0s31b1n0:25909:25909 [2] NCCL INFO AllReduce: opCount 3 sendbuff 0x154827600200 recvbuff 0x154827600200 count 1 datatype 1 op 0 root 0 comm 0x563a09019fe0 [nranks=20] stream 0x563a0ca02890
[LYD INFO in ncclLaunchKernel (enqueue.cc)] NCHANNELS is: 4
[LYD INFO in NCCL_KERN_NAME (common.h)] 15 AllReduce TREE LL Sum double Elapsed time: 173052 us
x3103c0s31b1n0:25910:25910 [3] NCCL INFO AllReduce: opCount 3 sendbuff 0x14f52f600200 recvbuff 0x14f52f600200 count 1 datatype 1 op 0 root 0 comm 0x559a9d936210 [nranks=20] stream 0x559ab76b0c80
[LYD INFO in ncclLaunchKernel (enqueue.cc)] NCHANNELS is: 4
[LYD INFO in NCCL_KERN_NAME (common.h)] 15 AllReduce TREE LL Sum uint8_t Elapsed time: 95116 us

[LYD INFO in NCCL_KERN_NAME (common.h)] 13 AllReduce TREE LL Sum uint8_t Elapsed time: 134808 us

[LYD INFO in NCCL_KERN_NAME (common.h)] 12 AllReduce TREE LL Sum uint8_t Elapsed time: 119919 us

[LYD INFO in NCCL_KERN_NAME (common.h)] 14 AllReduce TREE LL Sum uint8_t Elapsed time: 106418 us
 > number of parameters on (tensor, pipeline) model parallel rank (0, 15): 34591200
 > number of parameters on (tensor, pipeline) model parallel rank (0, 13): 34591200
x3103c0s31b1n0:25908:25908 [1] NCCL INFO AllReduce: opCount 4 sendbuff 0x14bedf600400 recvbuff 0x14bedf600400 count 1 datatype 1 op 0 root 0 comm 0x55c561170e20 [nranks=20] stream 0x55c579ef03a0
[LYD INFO in ncclLaunchKernel (enqueue.cc)] NCHANNELS is: 4 > number of parameters on (tensor, pipeline) model parallel rank (0, 12): 34591200
 > number of parameters on (tensor, pipeline) model parallel rank (0, 14): 34591200
x3103c0s31b1n0:25910:25910 [3] NCCL INFO AllReduce: opCount 4 sendbuff 0x14f52f600400 recvbuff 0x14f52f600400 count 1 datatype 1 op 0 root 0 comm 0x559a9d936210 [nranks=20] stream 0x559ab76b0c80
[LYD INFO in ncclLaunchKernel (enqueue.cc)] NCHANNELS is: 4x3103c0s31b1n0:25907:25907 [0] NCCL INFO AllReduce: opCount 4 sendbuff 0x1511a7600400 recvbuff 0x1511a7600400 count 1 datatype 1 op 0 root 0 comm 0x55b54365d930 [nranks=20] stream 0x55b5607918b0
[LYD INFO in ncclLaunchKernel (enqueue.cc)] NCHANNELS is: 4x3103c0s31b1n0:25909:25909 [2] NCCL INFO AllReduce: opCount 4 sendbuff 0x154827600400 recvbuff 0x154827600400 count 1 datatype 1 op 0 root 0 comm 0x563a09019fe0 [nranks=20] stream 0x563a0ca02890
[LYD INFO in ncclLaunchKernel (enqueue.cc)] NCHANNELS is: 4
[LYD INFO in NCCL_KERN_NAME (common.h)] 13 AllReduce TREE LL Sum uint8_t Elapsed time: 1720063 us
x3103c0s31b1n0:25908:25908 [1] NCCL INFO AllReduce: opCount 5 sendbuff 0x14bedf614e00 recvbuff 0x14bedf614e00 count 1 datatype 1 op 0 root 0 comm 0x55c561170e20 [nranks=20] stream 0x55c579ef03a0
[LYD INFO in ncclLaunchKernel (enqueue.cc)] NCHANNELS is: 4
[LYD INFO in NCCL_KERN_NAME (common.h)] 15 AllReduce TREE LL Sum uint8_t Elapsed time: 1680658 us
x3103c0s31b1n0:25910:25910 [3] NCCL INFO AllReduce: opCount 5 sendbuff 0x14f52f614e00 recvbuff 0x14f52f614e00 count 1 datatype 1 op 0 root 0 comm 0x559a9d936210 [nranks=20] stream 0x559ab76b0c80
[LYD INFO in ncclLaunchKernel (enqueue.cc)] NCHANNELS is: 4
[LYD INFO in NCCL_KERN_NAME (common.h)] 14 AllReduce TREE LL Sum uint8_t Elapsed time: 1665919 us
x3103c0s31b1n0:25909:25909 [2] NCCL INFO AllReduce: opCount 5 sendbuff 0x154827614e00 recvbuff 0x154827614e00 count 1 datatype 1 op 0 root 0 comm 0x563a09019fe0 [nranks=20] stream 0x563a0ca02890
[LYD INFO in ncclLaunchKernel (enqueue.cc)] NCHANNELS is: 4
[LYD INFO in NCCL_KERN_NAME (common.h)] 12 AllReduce TREE LL Sum uint8_t Elapsed time: 1665692 us
x3103c0s31b1n0:25907:25907 [0] NCCL INFO AllReduce: opCount 5 sendbuff 0x1511a7614e00 recvbuff 0x1511a7614e00 count 1 datatype 1 op 0 root 0 comm 0x55b54365d930 [nranks=20] stream 0x55b5607918b0
[LYD INFO in ncclLaunchKernel (enqueue.cc)] NCHANNELS is: 4
[LYD INFO in NCCL_KERN_NAME (common.h)] 15 AllReduce TREE LL Sum uint8_t Elapsed time: 63572 us
x3103c0s31b1n0:25910:25910 [3] NCCL INFO AllReduce: opCount 6 sendbuff 0x14f52f600400 recvbuff 0x14f52f600400 count 1 datatype 1 op 0 root 0 comm 0x559a9d936210 [nranks=20] stream 0x559ab76b0c80
[LYD INFO in ncclLaunchKernel (enqueue.cc)] NCHANNELS is: 4
[LYD INFO in NCCL_KERN_NAME (common.h)] 13 AllReduce TREE LL Sum uint8_t Elapsed time: 67568 us

[LYD INFO in NCCL_KERN_NAME (common.h)] 14 AllReduce TREE LL Sum uint8_t Elapsed time: 51595 us
x3103c0s31b1n0:25909:25909 [2] NCCL INFO AllReduce: opCount 6 sendbuff 0x154827600400 recvbuff 0x154827600400 count 1 datatype 1 op 0 root 0 comm 0x563a09019fe0 [nranks=20] stream 0x563a0ca02890
[LYD INFO in ncclLaunchKernel (enqueue.cc)] NCHANNELS is: 4
[LYD INFO in NCCL_KERN_NAME (common.h)] 12 AllReduce TREE LL Sum uint8_t Elapsed time: 35493 us
x3103c0s31b1n0:25907:25907 [0] NCCL INFO AllReduce: opCount 6 sendbuff 0x1511a7600400 recvbuff 0x1511a7600400 count 1 datatype 1 op 0 root 0 comm 0x55b54365d930 [nranks=20] stream 0x55b5607918b0
[LYD INFO in ncclLaunchKernel (enqueue.cc)] NCHANNELS is: 4x3103c0s31b1n0:25908:25908 [1] NCCL INFO AllReduce: opCount 6 sendbuff 0x14bedf600400 recvbuff 0x14bedf600400 count 1 datatype 1 op 0 root 0 comm 0x55c561170e20 [nranks=20] stream 0x55c579ef03a0
[LYD INFO in ncclLaunchKernel (enqueue.cc)] NCHANNELS is: 4
[LYD INFO in NCCL_KERN_NAME (common.h)] 15 AllReduce TREE LL Sum uint8_t Elapsed time: 104119 us

[LYD INFO in NCCL_KERN_NAME (common.h)] 14 AllReduce TREE LL Sum uint8_t Elapsed time: 87909 us

[LYD INFO in NCCL_KERN_NAME (common.h)] 12 AllReduce TREE LL Sum uint8_t Elapsed time: 75807 us

[LYD INFO in NCCL_KERN_NAME (common.h)] 13 AllReduce TREE LL Sum uint8_t Elapsed time: 61433 us
NCCL version 2.14.3+cuda11.8
x3103c0s31b1n0:25907:25907 [0] NCCL INFO init.cc:1147 Cuda Host Alloc Size 4 pointer 0x151164e00400
NCCL version 2.14.3+cuda11.8
x3103c0s31b1n0:25909:25909 [2] NCCL INFO init.cc:1147 Cuda Host Alloc Size 4 pointer 0x1547e2e00400
NCCL version 2.14.3+cuda11.8
x3103c0s31b1n0:25910:25910 [3] NCCL INFO init.cc:1147 Cuda Host Alloc Size 4 pointer 0x14f4ece00400
NCCL version 2.14.3+cuda11.8
x3103c0s31b1n0:25908:25908 [1] NCCL INFO init.cc:1147 Cuda Host Alloc Size 4 pointer 0x14be9ee00400
x3103c0s31b1n0:25909:31147 [2] NCCL INFO Using network IB
x3103c0s31b1n0:25907:31145 [0] NCCL INFO Using network IB
x3103c0s31b1n0:25910:31149 [3] NCCL INFO Using network IB
x3103c0s31b1n0:25908:31151 [1] NCCL INFO Using network IB
x3103c0s31b1n0:25910:31149 [3] NCCL INFO NET/IB : GPU Direct RDMA Enabled for HCA 0 'mlx5_0'
x3103c0s31b1n0:25910:31149 [3] NCCL INFO NET/IB : GPU Direct RDMA Enabled for HCA 1 'mlx5_1'
x3103c0s31b1n0:25910:31149 [3] NCCL INFO GPU Direct RDMA Disabled for GPU c7000 / HCA 0 (distance 6 > 4)
x3103c0s31b1n0:25910:31149 [3] NCCL INFO GPU Direct RDMA Disabled for GPU c7000 / HCA 1 (distance 7 > 4)
x3103c0s31b1n0:25910:31149 [3] NCCL INFO === System : maxBw 5000.0 totalBw 0.0 ===
x3103c0s31b1n0:25910:31149 [3] NCCL INFO CPU/0 (1/2/-1)
x3103c0s31b1n0:25910:31149 [3] NCCL INFO + SYS[5000.0] - CPU/2
x3103c0s31b1n0:25910:31149 [3] NCCL INFO + PCI[24.0] - PCI/C5000 (11f8406811f8beef)
x3103c0s31b1n0:25910:31149 [3] NCCL INFO               + PCI[24.0] - GPU/C7000 (0)
x3103c0s31b1n0:25910:31149 [3] NCCL INFO + PCI[12.0] - NIC/C8000
x3103c0s31b1n0:25910:31149 [3] NCCL INFO CPU/2 (1/2/-1)
x3103c0s31b1n0:25910:31149 [3] NCCL INFO + SYS[5000.0] - CPU/0
x3103c0s31b1n0:25910:31149 [3] NCCL INFO + PCI[12.0] - NIC/43000
x3103c0s31b1n0:25910:31149 [3] NCCL INFO ==========================================
x3103c0s31b1n0:25910:31149 [3] NCCL INFO GPU/C7000 :GPU/C7000 (0/5000.000000/LOC) CPU/0 (2/24.000000/PHB) CPU/2 (3/24.000000/SYS) 
x3103c0s31b1n0:25910:31149 [3] NCCL INFO Setting affinity for GPU 3 to 01
x3103c0s31b1n0:25910:31149 [3] NCCL INFO Pattern 4, crossNic 0, nChannels 16, bw 44.000000/44.000000, type LOC/PIX, sameChannels 1
x3103c0s31b1n0:25910:31149 [3] NCCL INFO  0 : GPU/0
x3103c0s31b1n0:25910:31149 [3] NCCL INFO  1 : GPU/0
x3103c0s31b1n0:25910:31149 [3] NCCL INFO  2 : GPU/0
x3103c0s31b1n0:25910:31149 [3] NCCL INFO  3 : GPU/0
x3103c0s31b1n0:25910:31149 [3] NCCL INFO  4 : GPU/0
x3103c0s31b1n0:25910:31149 [3] NCCL INFO  5 : GPU/0
x3103c0s31b1n0:25910:31149 [3] NCCL INFO  6 : GPU/0
x3103c0s31b1n0:25910:31149 [3] NCCL INFO  7 : GPU/0
x3103c0s31b1n0:25910:31149 [3] NCCL INFO  8 : GPU/0
x3103c0s31b1n0:25910:31149 [3] NCCL INFO  9 : GPU/0
x3103c0s31b1n0:25910:31149 [3] NCCL INFO 10 : GPU/0
x3103c0s31b1n0:25910:31149 [3] NCCL INFO 11 : GPU/0
x3103c0s31b1n0:25910:31149 [3] NCCL INFO 12 : GPU/0
