x3012c0s19b1n0:42976:46467 [0] NCCL INFO GPU Direct RDMA Disabled for GPU c7000 / HCA 0 (distance 6 > 4)
x3012c0s19b1n0:42976:46467 [0] NCCL INFO === System : maxBw 12.0 totalBw 264.0 ===
x3012c0s19b1n0:42976:46467 [0] NCCL INFO CPU/3 (1/2/-1)
x3012c0s19b1n0:42976:46467 [0] NCCL INFO + SYS[5000.0] - CPU/2
x3012c0s19b1n0:42976:46467 [0] NCCL INFO + SYS[5000.0] - CPU/1
x3012c0s19b1n0:42976:46467 [0] NCCL INFO + SYS[5000.0] - CPU/0
x3012c0s19b1n0:42976:46467 [0] NCCL INFO + PCI[24.0] - PCI/5000 (11f8406811f8beef)
x3012c0s19b1n0:42976:46467 [0] NCCL INFO               + PCI[24.0] - GPU/7000 (12)
x3012c0s19b1n0:42976:46467 [0] NCCL INFO                             + NVL[88.0] - GPU/85000
x3012c0s19b1n0:42976:46467 [0] NCCL INFO                             + NVL[88.0] - GPU/C7000
x3012c0s19b1n0:42976:46467 [0] NCCL INFO                             + NVL[88.0] - GPU/46000
x3012c0s19b1n0:42976:46467 [0] NCCL INFO CPU/2 (1/2/-1)
x3012c0s19b1n0:42976:46467 [0] NCCL INFO + SYS[5000.0] - CPU/3
x3012c0s19b1n0:42976:46467 [0] NCCL INFO + SYS[5000.0] - CPU/1
x3012c0s19b1n0:42976:46467 [0] NCCL INFO + SYS[5000.0] - CPU/0
x3012c0s19b1n0:42976:46467 [0] NCCL INFO + PCI[24.0] - PCI/44000 (11f8406811f8beef)
x3012c0s19b1n0:42976:46467 [0] NCCL INFO               + PCI[24.0] - GPU/46000 (13)
x3012c0s19b1n0:42976:46467 [0] NCCL INFO                             + NVL[88.0] - GPU/85000
x3012c0s19b1n0:42976:46467 [0] NCCL INFO                             + NVL[88.0] - GPU/C7000
x3012c0s19b1n0:42976:46467 [0] NCCL INFO                             + NVL[88.0] - GPU/7000
x3012c0s19b1n0:42976:46467 [0] NCCL INFO + PCI[12.0] - NIC/43000
x3012c0s19b1n0:42976:46467 [0] NCCL INFO               + NET[12.5] - NET/1 (f4e604ffffa4e988/1/12.500000)
x3012c0s19b1n0:42976:46467 [0] NCCL INFO CPU/1 (1/2/-1)
x3012c0s19b1n0:42976:46467 [0] NCCL INFO + SYS[5000.0] - CPU/3
x3012c0s19b1n0:42976:46467 [0] NCCL INFO + SYS[5000.0] - CPU/2
x3012c0s19b1n0:42976:46467 [0] NCCL INFO + SYS[5000.0] - CPU/0
x3012c0s19b1n0:42976:46467 [0] NCCL INFO + PCI[24.0] - PCI/83000 (11f8406811f8beef)
x3012c0s19b1n0:42976:46467 [0] NCCL INFO               + PCI[24.0] - GPU/85000 (14)
x3012c0s19b1n0:42976:46467 [0] NCCL INFO                             + NVL[88.0] - GPU/C7000
x3012c0s19b1n0:42976:46467 [0] NCCL INFO                             + NVL[88.0] - GPU/46000
x3012c0s19b1n0:42976:46467 [0] NCCL INFO                             + NVL[88.0] - GPU/7000
x3012c0s19b1n0:42976:46467 [0] NCCL INFO CPU/0 (1/2/-1)
x3012c0s19b1n0:42976:46467 [0] NCCL INFO + SYS[5000.0] - CPU/3
x3012c0s19b1n0:42976:46467 [0] NCCL INFO + SYS[5000.0] - CPU/2
x3012c0s19b1n0:42976:46467 [0] NCCL INFO + SYS[5000.0] - CPU/1
x3012c0s19b1n0:42976:46467 [0] NCCL INFO + PCI[24.0] - PCI/C5000 (11f8406811f8beef)
x3012c0s19b1n0:42976:46467 [0] NCCL INFO               + PCI[24.0] - GPU/C7000 (15)
x3012c0s19b1n0:42976:46467 [0] NCCL INFO                             + NVL[88.0] - GPU/85000
x3012c0s19b1n0:42976:46467 [0] NCCL INFO                             + NVL[88.0] - GPU/46000
x3012c0s19b1n0:42976:46467 [0] NCCL INFO                             + NVL[88.0] - GPU/7000
x3012c0s19b1n0:42976:46467 [0] NCCL INFO + PCI[12.0] - NIC/C8000
x3012c0s19b1n0:42976:46467 [0] NCCL INFO               + NET[12.5] - NET/0 (f8e604ffffa4e988/1/12.500000)
x3012c0s19b1n0:42976:46467 [0] NCCL INFO ==========================================
x3012c0s19b1n0:42976:46467 [0] NCCL INFO GPU/7000 :GPU/7000 (0/5000.000000/LOC) GPU/46000 (1/88.000000/NVL) GPU/85000 (1/88.000000/NVL) GPU/C7000 (1/88.000000/NVL) CPU/3 (2/24.000000/PHB) CPU/2 (3/24.000000/SYS) CPU/1 (3/24.000000/SYS) CPU/0 (3/24.000000/SYS) NET/1 (5/12.000000/SYS) NET/0 (5/12.000000/SYS) 
x3012c0s19b1n0:42976:46467 [0] NCCL INFO GPU/46000 :GPU/7000 (1/88.000000/NVL) GPU/46000 (0/5000.000000/LOC) GPU/85000 (1/88.000000/NVL) GPU/C7000 (1/88.000000/NVL) CPU/3 (3/24.000000/SYS) CPU/2 (2/24.000000/PHB) CPU/1 (3/24.000000/SYS) CPU/0 (3/24.000000/SYS) NET/1 (4/12.000000/PHB) NET/0 (5/12.000000/SYS) 
x3012c0s19b1n0:42976:46467 [0] NCCL INFO GPU/85000 :GPU/7000 (1/88.000000/NVL) GPU/46000 (1/88.000000/NVL) GPU/85000 (0/5000.000000/LOC) GPU/C7000 (1/88.000000/NVL) CPU/3 (3/24.000000/SYS) CPU/2 (3/24.000000/SYS) CPU/1 (2/24.000000/PHB) CPU/0 (3/24.000000/SYS) NET/1 (5/12.000000/SYS) NET/0 (5/12.000000/SYS) 
x3012c0s19b1n0:42976:46467 [0] NCCL INFO GPU/C7000 :GPU/7000 (1/88.000000/NVL) GPU/46000 (1/88.000000/NVL) GPU/85000 (1/88.000000/NVL) GPU/C7000 (0/5000.000000/LOC) CPU/3 (3/24.000000/SYS) CPU/2 (3/24.000000/SYS) CPU/1 (3/24.000000/SYS) CPU/0 (2/24.000000/PHB) NET/1 (5/12.000000/SYS) NET/0 (4/12.000000/PHB) 
x3012c0s19b1n0:42976:46467 [0] NCCL INFO NET/1 :GPU/7000 (5/12.000000/SYS) GPU/46000 (4/12.000000/PHB) GPU/85000 (5/12.000000/SYS) GPU/C7000 (5/12.000000/SYS) CPU/3 (3/12.000000/SYS) CPU/2 (2/12.000000/PHB) CPU/1 (3/12.000000/SYS) CPU/0 (3/12.000000/SYS) NET/1 (0/5000.000000/LOC) NET/0 (5/12.000000/SYS) 
x3012c0s19b1n0:42976:46467 [0] NCCL INFO NET/0 :GPU/7000 (5/12.000000/SYS) GPU/46000 (5/12.000000/SYS) GPU/85000 (5/12.000000/SYS) GPU/C7000 (4/12.000000/PHB) CPU/3 (3/12.000000/SYS) CPU/2 (3/12.000000/SYS) CPU/1 (3/12.000000/SYS) CPU/0 (2/12.000000/PHB) NET/1 (5/12.000000/SYS) NET/0 (0/5000.000000/LOC) 
x3012c0s19b1n0:42976:46467 [0] NCCL INFO Pattern 4, crossNic 0, nChannels 2, bw 12.000000/12.000000, type NVL/SYS, sameChannels 1
x3012c0s19b1n0:42976:46467 [0] NCCL INFO  0 : NET/1 GPU/13 GPU/12 GPU/14 GPU/15 NET/1
x3012c0s19b1n0:42976:46467 [0] NCCL INFO  1 : NET/0 GPU/13 GPU/12 GPU/14 GPU/15 NET/0
x3012c0s19b1n0:42976:46467 [0] NCCL INFO Pattern 1, crossNic 0, nChannels 2, bw 24.000000/12.000000, type NVL/SYS, sameChannels 1
x3012c0s19b1n0:42976:46467 [0] NCCL INFO  0 : NET/1 GPU/12 GPU/13 GPU/14 GPU/15 NET/1
x3012c0s19b1n0:42976:46467 [0] NCCL INFO  1 : NET/0 GPU/12 GPU/13 GPU/14 GPU/15 NET/0
x3012c0s19b1n0:42976:46467 [0] NCCL INFO Pattern 3, crossNic 0, nChannels 0, bw 0.000000/0.000000, type NVL/PIX, sameChannels 1
x3012c0s19b1n0:42976:46467 [0] NCCL INFO Tree 0 : 8 -> 12 -> 13/-1/-1
x3012c0s19b1n0:42976:46467 [0] NCCL INFO Tree 2 : 1 -> 12 -> 13/16/-1
x3012c0s19b1n0:42976:46467 [0] NCCL INFO Tree 1 : 8 -> 12 -> 13/-1/-1
x3012c0s19b1n0:42976:46467 [0] NCCL INFO Tree 3 : 1 -> 12 -> 13/16/-1
x3012c0s19b1n0:42976:46467 [0] NCCL INFO Ring 00 : 13 -> 12 -> 14
x3012c0s19b1n0:42976:46467 [0] NCCL INFO Ring 01 : 13 -> 12 -> 14
x3012c0s19b1n0:42976:46467 [0] NCCL INFO Ring 02 : 13 -> 12 -> 14
x3012c0s19b1n0:42976:46467 [0] NCCL INFO Ring 03 : 13 -> 12 -> 14
x3012c0s19b1n0:42976:46467 [0] NCCL INFO Trees [0] 13/-1/-1->12->8 [1] 13/-1/-1->12->8 [2] 13/16/-1->12->1 [3] 13/16/-1->12->1
x3012c0s19b1n0:42976:46467 [0] NCCL INFO misc/utils.cc:235 memory stack hunk malloc(65536)
x3012c0s19b1n0:42976:46467 [0] NCCL INFO channel.cc:23 Cuda Alloc Size 8064 pointer 0x15422d817400
x3012c0s19b1n0:42976:46467 [0] NCCL INFO channel.cc:27 Cuda Alloc Size 80 pointer 0x15422d819400
x3012c0s19b1n0:42976:46467 [0] NCCL INFO channel.cc:23 Cuda Alloc Size 8064 pointer 0x15422d819600
x3012c0s19b1n0:42976:46467 [0] NCCL INFO channel.cc:27 Cuda Alloc Size 80 pointer 0x15422d81b600
x3012c0s19b1n0:42976:46467 [0] NCCL INFO channel.cc:23 Cuda Alloc Size 8064 pointer 0x15422d81b800
x3012c0s19b1n0:42976:46467 [0] NCCL INFO channel.cc:27 Cuda Alloc Size 80 pointer 0x15422d81d800
x3012c0s19b1n0:42976:46467 [0] NCCL INFO channel.cc:23 Cuda Alloc Size 8064 pointer 0x15422d81da00
x3012c0s19b1n0:42976:46467 [0] NCCL INFO channel.cc:27 Cuda Alloc Size 80 pointer 0x15422d81fa00
x3012c0s19b1n0:42976:46467 [0] NCCL INFO Channel 00/0 : 12[7000] -> 14[85000] via P2P/IPC/read
x3012c0s19b1n0:42977:46468 [1] NCCL INFO Tree 0 : 12 -> 13 -> 14/-1/-1
x3012c0s19b1n0:42977:46468 [1] NCCL INFO Tree 2 : 12 -> 13 -> 14/8/-1
x3012c0s19b1n0:42977:46468 [1] NCCL INFO Tree 1 : 12 -> 13 -> 14/-1/-1
x3012c0s19b1n0:42977:46468 [1] NCCL INFO Tree 3 : 12 -> 13 -> 14/8/-1
x3012c0s19b1n0:42977:46468 [1] NCCL INFO Ring 00 : 11 -> 13 -> 12
x3012c0s19b1n0:42977:46468 [1] NCCL INFO Ring 01 : 11 -> 13 -> 12
x3012c0s19b1n0:42977:46468 [1] NCCL INFO Ring 02 : 11 -> 13 -> 12
x3012c0s19b1n0:42977:46468 [1] NCCL INFO Ring 03 : 11 -> 13 -> 12
x3012c0s19b1n0:42977:46468 [1] NCCL INFO Trees [0] 14/-1/-1->13->12 [1] 14/-1/-1->13->12 [2] 14/8/-1->13->12 [3] 14/8/-1->13->12
x3012c0s19b1n0:42977:46468 [1] NCCL INFO misc/utils.cc:235 memory stack hunk malloc(65536)
x3012c0s19b1n0:42977:46468 [1] NCCL INFO channel.cc:23 Cuda Alloc Size 8064 pointer 0x151045817400
x3012c0s19b1n0:42977:46468 [1] NCCL INFO channel.cc:27 Cuda Alloc Size 80 pointer 0x151045819400
x3012c0s19b1n0:42977:46468 [1] NCCL INFO channel.cc:23 Cuda Alloc Size 8064 pointer 0x151045819600
x3012c0s19b1n0:42977:46468 [1] NCCL INFO channel.cc:27 Cuda Alloc Size 80 pointer 0x15104581b600
x3012c0s19b1n0:42977:46468 [1] NCCL INFO channel.cc:23 Cuda Alloc Size 8064 pointer 0x15104581b800
x3012c0s19b1n0:42977:46468 [1] NCCL INFO channel.cc:27 Cuda Alloc Size 80 pointer 0x15104581d800
x3012c0s19b1n0:42977:46468 [1] NCCL INFO channel.cc:23 Cuda Alloc Size 8064 pointer 0x15104581da00
x3012c0s19b1n0:42977:46468 [1] NCCL INFO channel.cc:27 Cuda Alloc Size 80 pointer 0x15104581fa00
x3012c0s19b1n0:42977:46468 [1] NCCL INFO GPU Direct RDMA Disabled for GPU 46000 / HCA 1 (distance 6 > 4)
x3012c0s19b1n0:42978:46465 [2] NCCL INFO Ring 00 : 12 -> 14 -> 15
x3012c0s19b1n0:42978:46465 [2] NCCL INFO Ring 01 : 12 -> 14 -> 15
x3012c0s19b1n0:42978:46465 [2] NCCL INFO Ring 02 : 12 -> 14 -> 15
x3012c0s19b1n0:42978:46465 [2] NCCL INFO Ring 03 : 12 -> 14 -> 15
x3012c0s19b1n0:42978:46465 [2] NCCL INFO Trees [0] 15/-1/-1->14->13 [1] 15/-1/-1->14->13 [2] 15/-1/-1->14->13 [3] 15/-1/-1->14->13
x3012c0s19b1n0:42978:46465 [2] NCCL INFO misc/utils.cc:235 memory stack hunk malloc(65536)
x3012c0s19b1n0:42978:46465 [2] NCCL INFO channel.cc:23 Cuda Alloc Size 8064 pointer 0x1466ef817400
x3012c0s19b1n0:42978:46465 [2] NCCL INFO channel.cc:27 Cuda Alloc Size 80 pointer 0x1466ef819400
x3012c0s19b1n0:42978:46465 [2] NCCL INFO channel.cc:23 Cuda Alloc Size 8064 pointer 0x1466ef819600
x3012c0s19b1n0:42978:46465 [2] NCCL INFO channel.cc:27 Cuda Alloc Size 80 pointer 0x1466ef81b600
x3012c0s19b1n0:42978:46465 [2] NCCL INFO channel.cc:23 Cuda Alloc Size 8064 pointer 0x1466ef81b800
x3012c0s19b1n0:42978:46465 [2] NCCL INFO channel.cc:27 Cuda Alloc Size 80 pointer 0x1466ef81d800
x3012c0s19b1n0:42978:46465 [2] NCCL INFO channel.cc:23 Cuda Alloc Size 8064 pointer 0x1466ef81da00
x3012c0s19b1n0:42978:46465 [2] NCCL INFO channel.cc:27 Cuda Alloc Size 80 pointer 0x1466ef81fa00
x3012c0s19b1n0:42978:46465 [2] NCCL INFO Channel 00/0 : 14[85000] -> 15[c7000] via P2P/IPC/read
x3012c0s19b1n0:42976:46618 [0] NCCL INFO Mem Realloc old size 0, new size 8 pointer 0x1541d8000c60
x3012c0s19b1n0:42976:46618 [0] NCCL INFO New proxy send connection 0 from local rank 0, transport 0
x3012c0s19b1n0:42977:46603 [1] NCCL INFO Mem Realloc old size 0, new size 8 pointer 0x150ff0000c60
x3012c0s19b1n0:42977:46603 [1] NCCL INFO Allocated 4194656 bytes of shared memory in /dev/shm/nccl-f0n10U

x3012c0s19b1n0:42977:46603 [1] NCCL INFO New proxy recv connection 0 from local rank 1, transport 2
x3012c0s19b1n0:42976:46467 [0] NCCL INFO Connection to proxy localRank 0 -> connection 0x1541d8000c80
x3012c0s19b1n0:42976:46618 [0] NCCL INFO transport/p2p.cc:430 Cuda Alloc Size 6291456 pointer 0x154252000000
x3012c0s19b1n0:42978:46604 [2] NCCL INFO Mem Realloc old size 0, new size 8 pointer 0x146698000c60
x3012c0s19b1n0:42978:46604 [2] NCCL INFO New proxy send connection 0 from local rank 2, transport 0
x3012c0s19b1n0:42976:46467 [0] NCCL INFO Channel 01/0 : 12[7000] -> 14[85000] via P2P/IPC/read
x3012c0s19b1n0:42976:46618 [0] NCCL INFO New proxy send connection 1 from local rank 0, transport 0
x3012c0s19b1n0:42979:46466 [3] NCCL INFO Ring 00 : 14 -> 15 -> 17
x3012c0s19b1n0:42979:46466 [3] NCCL INFO Ring 01 : 14 -> 15 -> 17
x3012c0s19b1n0:42979:46466 [3] NCCL INFO Ring 02 : 14 -> 15 -> 17
x3012c0s19b1n0:42979:46466 [3] NCCL INFO Ring 03 : 14 -> 15 -> 17
x3012c0s19b1n0:42979:46466 [3] NCCL INFO Trees [0] -1/-1/-1->15->14 [1] -1/-1/-1->15->14 [2] -1/-1/-1->15->14 [3] -1/-1/-1->15->14
x3012c0s19b1n0:42979:46466 [3] NCCL INFO misc/utils.cc:235 memory stack hunk malloc(65536)
x3012c0s19b1n0:42979:46466 [3] NCCL INFO channel.cc:23 Cuda Alloc Size 8064 pointer 0x14d597817400
x3012c0s19b1n0:42979:46466 [3] NCCL INFO channel.cc:27 Cuda Alloc Size 80 pointer 0x14d597819400
x3012c0s19b1n0:42979:46466 [3] NCCL INFO channel.cc:23 Cuda Alloc Size 8064 pointer 0x14d597819600
x3012c0s19b1n0:42979:46466 [3] NCCL INFO channel.cc:27 Cuda Alloc Size 80 pointer 0x14d59781b600
x3012c0s19b1n0:42979:46466 [3] NCCL INFO channel.cc:23 Cuda Alloc Size 8064 pointer 0x14d59781b800
x3012c0s19b1n0:42979:46466 [3] NCCL INFO channel.cc:27 Cuda Alloc Size 80 pointer 0x14d59781d800
x3012c0s19b1n0:42979:46466 [3] NCCL INFO channel.cc:23 Cuda Alloc Size 8064 pointer 0x14d59781da00
x3012c0s19b1n0:42979:46466 [3] NCCL INFO channel.cc:27 Cuda Alloc Size 80 pointer 0x14d59781fa00
x3012c0s19b1n0:42979:46605 [3] NCCL INFO Mem Realloc old size 0, new size 8 pointer 0x14d540000c60
x3012c0s19b1n0:42979:46605 [3] NCCL INFO New proxy recv connection 0 from local rank 3, transport 0
x3012c0s19b1n0:42979:46466 [3] NCCL INFO Connection to proxy localRank 3 -> connection 0x14d540000c80
x3012c0s19b1n0:42979:46605 [3] NCCL INFO transport/p2p.cc:449 Cuda Alloc Size 6291456 pointer 0x14d57b600000
x3012c0s19b1n0:42977:46468 [1] NCCL INFO Connection to proxy localRank 1 -> connection 0x150ff0000c80
x3012c0s19b1n0:42978:46465 [2] NCCL INFO Connection to proxy localRank 2 -> connection 0x146698000c80
x3012c0s19b1n0:42978:46604 [2] NCCL INFO transport/p2p.cc:430 Cuda Alloc Size 6291456 pointer 0x146714000000
x3012c0s19b1n0:42977:46468 [1] NCCL INFO Channel 00/0 : 11[c7000] -> 13[46000] [receive] via NET/IB/1
x3012c0s19b1n0:42977:46468 [1] NCCL INFO GPU Direct RDMA Disabled for GPU 46000 / HCA 0 (distance 7 > 4)
x3012c0s19b1n0:42977:46603 [1] NCCL INFO New proxy recv connection 1 from local rank 1, transport 2
x3012c0s19b1n0:42976:46467 [0] NCCL INFO Connection to proxy localRank 0 -> connection 0x1541d8000cc0
x3012c0s19b1n0:42976:46618 [0] NCCL INFO transport/p2p.cc:430 Cuda Alloc Size 6291456 pointer 0x154252600000
x3012c0s19b1n0:42979:46605 [3] NCCL INFO New proxy recv connection 1 from local rank 3, transport 0
x3012c0s19b1n0:42977:46468 [1] NCCL INFO Connection to proxy localRank 1 -> connection 0x150ff0000cc0
x3012c0s19b1n0:42976:46467 [0] NCCL INFO Channel 02/0 : 12[7000] -> 14[85000] via P2P/IPC/read
x3012c0s19b1n0:42976:46618 [0] NCCL INFO New proxy send connection 2 from local rank 0, transport 0
x3012c0s19b1n0:42978:46465 [2] NCCL INFO Channel 01/0 : 14[85000] -> 15[c7000] via P2P/IPC/read
x3012c0s19b1n0:42978:46604 [2] NCCL INFO New proxy send connection 1 from local rank 2, transport 0
x3012c0s19b1n0:42979:46466 [3] NCCL INFO Connection to proxy localRank 3 -> connection 0x14d540000cc0
x3012c0s19b1n0:42979:46605 [3] NCCL INFO transport/p2p.cc:449 Cuda Alloc Size 6291456 pointer 0x14d5bb800000
x3012c0s19b1n0:42977:46468 [1] NCCL INFO Channel 01/0 : 11[c7000] -> 13[46000] [receive] via NET/IB/0
x3012c0s19b1n0:42977:46468 [1] NCCL INFO GPU Direct RDMA Disabled for GPU 46000 / HCA 1 (distance 6 > 4)
x3012c0s19b1n0:42977:46603 [1] NCCL INFO New proxy recv connection 2 from local rank 1, transport 2
x3012c0s19b1n0:42976:46467 [0] NCCL INFO Connection to proxy localRank 0 -> connection 0x1541d8000d00
x3012c0s19b1n0:42976:46618 [0] NCCL INFO transport/p2p.cc:430 Cuda Alloc Size 6291456 pointer 0x154252c00000
x3012c0s19b1n0:42978:46465 [2] NCCL INFO Connection to proxy localRank 2 -> connection 0x146698000cc0
x3012c0s19b1n0:42978:46604 [2] NCCL INFO transport/p2p.cc:430 Cuda Alloc Size 6291456 pointer 0x146714600000
x3012c0s19b1n0:42979:46605 [3] NCCL INFO New proxy recv connection 2 from local rank 3, transport 0
x3012c0s19b1n0:42976:46467 [0] NCCL INFO Channel 03/0 : 12[7000] -> 14[85000] via P2P/IPC/read
x3012c0s19b1n0:42976:46618 [0] NCCL INFO New proxy send connection 3 from local rank 0, transport 0
x3012c0s19b1n0:42978:46465 [2] NCCL INFO Channel 02/0 : 14[85000] -> 15[c7000] via P2P/IPC/read
x3012c0s19b1n0:42978:46604 [2] NCCL INFO New proxy send connection 2 from local rank 2, transport 0
x3012c0s19b1n0:42977:46468 [1] NCCL INFO Connection to proxy localRank 1 -> connection 0x150ff0000d00
x3012c0s19b1n0:42979:46466 [3] NCCL INFO Connection to proxy localRank 3 -> connection 0x14d540000d00
x3012c0s19b1n0:42979:46605 [3] NCCL INFO transport/p2p.cc:449 Cuda Alloc Size 6291456 pointer 0x14d5bbe00000
x3012c0s19b1n0:42977:46468 [1] NCCL INFO Channel 02/0 : 11[c7000] -> 13[46000] [receive] via NET/IB/1
x3012c0s19b1n0:42977:46468 [1] NCCL INFO GPU Direct RDMA Disabled for GPU 46000 / HCA 0 (distance 7 > 4)
x3012c0s19b1n0:42977:46603 [1] NCCL INFO New proxy recv connection 3 from local rank 1, transport 2
x3012c0s19b1n0:42979:46605 [3] NCCL INFO New proxy recv connection 3 from local rank 3, transport 0
x3012c0s19b1n0:42976:46467 [0] NCCL INFO Connection to proxy localRank 0 -> connection 0x1541d8000d40
x3012c0s19b1n0:42976:46618 [0] NCCL INFO transport/p2p.cc:430 Cuda Alloc Size 6291456 pointer 0x154253200000
x3012c0s19b1n0:42978:46465 [2] NCCL INFO Connection to proxy localRank 2 -> connection 0x146698000d00
x3012c0s19b1n0:42978:46604 [2] NCCL INFO transport/p2p.cc:430 Cuda Alloc Size 6291456 pointer 0x146714c00000
x3012c0s19b1n0:42979:46466 [3] NCCL INFO Connection to proxy localRank 3 -> connection 0x14d540000d40
x3012c0s19b1n0:42979:46605 [3] NCCL INFO transport/p2p.cc:449 Cuda Alloc Size 6291456 pointer 0x14d5bc400000
x3012c0s19b1n0:42977:46468 [1] NCCL INFO Connection to proxy localRank 1 -> connection 0x150ff0000d40
x3012c0s19b1n0:42978:46465 [2] NCCL INFO Channel 03/0 : 14[85000] -> 15[c7000] via P2P/IPC/read
x3012c0s19b1n0:42978:46604 [2] NCCL INFO New proxy send connection 3 from local rank 2, transport 0
x3012c0s19b1n0:42977:46468 [1] NCCL INFO Channel 03/0 : 11[c7000] -> 13[46000] [receive] via NET/IB/0
x3012c0s19b1n0:42978:46465 [2] NCCL INFO Connection to proxy localRank 2 -> connection 0x146698000d40
x3012c0s19b1n0:42978:46604 [2] NCCL INFO transport/p2p.cc:430 Cuda Alloc Size 6291456 pointer 0x146715200000
x3012c0s19b1n0:42979:46466 [3] NCCL INFO GPU Direct RDMA Disabled for GPU c7000 / HCA 1 (distance 7 > 4)
x3012c0s19b1n0:42978:46604 [2] NCCL INFO New proxy recv connection 4 from local rank 2, transport 0
x3012c0s19b1n0:42979:46605 [3] NCCL INFO Allocated 4194656 bytes of shared memory in /dev/shm/nccl-IZzxM2

x3012c0s19b1n0:42979:46605 [3] NCCL INFO New proxy send connection 4 from local rank 3, transport 2
x3012c0s19b1n0:42979:46466 [3] NCCL INFO Connection to proxy localRank 3 -> connection 0x14d540000d80
x3012c0s19b1n0:42979:46466 [3] NCCL INFO Channel 00/0 : 15[c7000] -> 17[46000] [send] via NET/IB/1
x3012c0s19b1n0:42979:46466 [3] NCCL INFO GPU Direct RDMA Disabled for GPU c7000 / HCA 0 (distance 6 > 4)
x3012c0s19b1n0:42979:46605 [3] NCCL INFO New proxy send connection 5 from local rank 3, transport 2
x3012c0s19b1n0:42978:46465 [2] NCCL INFO Connection to proxy localRank 2 -> connection 0x146698000d80
x3012c0s19b1n0:42978:46604 [2] NCCL INFO transport/p2p.cc:449 Cuda Alloc Size 6291456 pointer 0x146693800000
x3012c0s19b1n0:42979:46466 [3] NCCL INFO Connection to proxy localRank 3 -> connection 0x14d540000dc0
x3012c0s19b1n0:42979:46466 [3] NCCL INFO Channel 01/0 : 15[c7000] -> 17[46000] [send] via NET/IB/0
x3012c0s19b1n0:42979:46466 [3] NCCL INFO GPU Direct RDMA Disabled for GPU c7000 / HCA 1 (distance 7 > 4)
x3012c0s19b1n0:42979:46605 [3] NCCL INFO New proxy send connection 6 from local rank 3, transport 2
x3012c0s19b1n0:42978:46604 [2] NCCL INFO New proxy recv connection 5 from local rank 2, transport 0
x3012c0s19b1n0:42979:46466 [3] NCCL INFO Connection to proxy localRank 3 -> connection 0x14d540000e00
x3012c0s19b1n0:42979:46466 [3] NCCL INFO Channel 02/0 : 15[c7000] -> 17[46000] [send] via NET/IB/1
x3012c0s19b1n0:42979:46466 [3] NCCL INFO GPU Direct RDMA Disabled for GPU c7000 / HCA 0 (distance 6 > 4)
x3012c0s19b1n0:42979:46605 [3] NCCL INFO New proxy send connection 7 from local rank 3, transport 2
x3012c0s19b1n0:42979:46466 [3] NCCL INFO Connection to proxy localRank 3 -> connection 0x14d540000e40
x3012c0s19b1n0:42979:46466 [3] NCCL INFO Channel 03/0 : 15[c7000] -> 17[46000] [send] via NET/IB/0
x3012c0s19b1n0:42978:46465 [2] NCCL INFO Connection to proxy localRank 2 -> connection 0x146698000dc0
x3012c0s19b1n0:42978:46604 [2] NCCL INFO transport/p2p.cc:449 Cuda Alloc Size 6291456 pointer 0x146690000000
x3012c0s19b1n0:42979:46605 [3] NCCL INFO transport/net_ib.cc:596 Ib Alloc Size 26560 pointer 0x14d540020000
x3012c0s19b1n0:42979:46605 [3] NCCL INFO NET/IB: Dev 1 Port 1 qpn 3451 mtu 5 GID 0 (80FE/891100FEFF000000)
x3012c0s19b1n0:42979:46605 [3] NCCL INFO transport/net_ib.cc:653 Ib Alloc Size 552 pointer 0x14d540038000
x3012c0s19b1n0:42979:46605 [3] NCCL INFO transport/net.cc:571 Cuda Host Alloc Size 9641984 pointer 0x14d546c00000
x3012c0s19b1n0:42978:46604 [2] NCCL INFO New proxy recv connection 6 from local rank 2, transport 0
x3012c0s19b1n0:42978:46465 [2] NCCL INFO Connection to proxy localRank 2 -> connection 0x146698000e00
x3012c0s19b1n0:42978:46604 [2] NCCL INFO transport/p2p.cc:449 Cuda Alloc Size 6291456 pointer 0x146690600000
x3012c0s19b1n0:42979:46605 [3] NCCL INFO transport/net_ib.cc:596 Ib Alloc Size 26560 pointer 0x14d54003a000
x3012c0s19b1n0:42979:46605 [3] NCCL INFO NET/IB: Dev 0 Port 1 qpn 3053 mtu 5 GID 0 (80FE/DE1100FEFF000000)
x3012c0s19b1n0:42979:46605 [3] NCCL INFO transport/net_ib.cc:653 Ib Alloc Size 552 pointer 0x14d540051000
x3012c0s19b1n0:42979:46605 [3] NCCL INFO transport/net.cc:571 Cuda Host Alloc Size 9641984 pointer 0x14d547600000
x3012c0s19b1n0:42979:46605 [3] NCCL INFO transport/net_ib.cc:596 Ib Alloc Size 26560 pointer 0x14d540053000
x3012c0s19b1n0:42979:46605 [3] NCCL INFO NET/IB: Dev 1 Port 1 qpn 3452 mtu 5 GID 0 (80FE/891100FEFF000000)
x3012c0s19b1n0:42979:46605 [3] NCCL INFO transport/net_ib.cc:653 Ib Alloc Size 552 pointer 0x14d54006a000
x3012c0s19b1n0:42979:46605 [3] NCCL INFO transport/net.cc:571 Cuda Host Alloc Size 9641984 pointer 0x14d53a000000
x3012c0s19b1n0:42978:46604 [2] NCCL INFO New proxy recv connection 7 from local rank 2, transport 0
x3012c0s19b1n0:42979:46605 [3] NCCL INFO transport/net_ib.cc:596 Ib Alloc Size 26560 pointer 0x14d54006c000
x3012c0s19b1n0:42978:46465 [2] NCCL INFO Connection to proxy localRank 2 -> connection 0x146698000e40
x3012c0s19b1n0:42978:46604 [2] NCCL INFO transport/p2p.cc:449 Cuda Alloc Size 6291456 pointer 0x146690c00000
x3012c0s19b1n0:42979:46605 [3] NCCL INFO NET/IB: Dev 0 Port 1 qpn 3054 mtu 5 GID 0 (80FE/DE1100FEFF000000)
x3012c0s19b1n0:42979:46605 [3] NCCL INFO transport/net_ib.cc:653 Ib Alloc Size 552 pointer 0x14d540083000
x3012c0s19b1n0:42979:46605 [3] NCCL INFO transport/net.cc:571 Cuda Host Alloc Size 9641984 pointer 0x14d53aa00000
x3012c0s19b1n0:42979:46466 [3] NCCL INFO Connected all rings
x3012c0s19b1n0:42979:46466 [3] NCCL INFO Channel 00/0 : 15[c7000] -> 14[85000] via P2P/IPC/read
x3012c0s19b1n0:42979:46605 [3] NCCL INFO New proxy send connection 8 from local rank 3, transport 0
x3012c0s19b1n0:42978:46465 [2] NCCL INFO Connected all rings
x3012c0s19b1n0:42976:46618 [0] NCCL INFO New proxy recv connection 4 from local rank 0, transport 0
x3012c0s19b1n0:42978:46604 [2] NCCL INFO New proxy recv connection 8 from local rank 2, transport 0
x3012c0s19b1n0:42978:46465 [2] NCCL INFO Connection to proxy localRank 2 -> connection 0x146698000e80
x3012c0s19b1n0:42978:46604 [2] NCCL INFO transport/p2p.cc:449 Cuda Alloc Size 6291456 pointer 0x14668ec00000
x3012c0s19b1n0:42976:46467 [0] NCCL INFO Connection to proxy localRank 0 -> connection 0x1541d8000d80
x3012c0s19b1n0:42976:46618 [0] NCCL INFO transport/p2p.cc:449 Cuda Alloc Size 6291456 pointer 0x1541d3800000
x3012c0s19b1n0:42979:46466 [3] NCCL INFO Connection to proxy localRank 3 -> connection 0x14d540000e80
x3012c0s19b1n0:42979:46605 [3] NCCL INFO transport/p2p.cc:430 Cuda Alloc Size 6291456 pointer 0x14d53b400000
x3012c0s19b1n0:42977:46603 [1] NCCL INFO transport/net_ib.cc:683 Ib Alloc Size 21688 pointer 0x150ff001d000
x3012c0s19b1n0:42978:46604 [2] NCCL INFO New proxy recv connection 9 from local rank 2, transport 0
x3012c0s19b1n0:42979:46466 [3] NCCL INFO Channel 01/0 : 15[c7000] -> 14[85000] via P2P/IPC/read
x3012c0s19b1n0:42979:46605 [3] NCCL INFO New proxy send connection 9 from local rank 3, transport 0
x3012c0s19b1n0:42976:46618 [0] NCCL INFO New proxy recv connection 5 from local rank 0, transport 0
x3012c0s19b1n0:42977:46603 [1] NCCL INFO transport/net_ib.cc:696 Ib Alloc Size 552 pointer 0x150ff0024000
x3012c0s19b1n0:42978:46465 [2] NCCL INFO Connection to proxy localRank 2 -> connection 0x146698000ec0
x3012c0s19b1n0:42979:46466 [3] NCCL INFO Connection to proxy localRank 3 -> connection 0x14d540000ec0
x3012c0s19b1n0:42978:46604 [2] NCCL INFO transport/p2p.cc:449 Cuda Alloc Size 6291456 pointer 0x14668f200000
x3012c0s19b1n0:42979:46605 [3] NCCL INFO transport/p2p.cc:430 Cuda Alloc Size 6291456 pointer 0x14d53ba00000
x3012c0s19b1n0:42977:46603 [1] NCCL INFO transport/net_ib.cc:771 Ib Alloc Size 552 pointer 0x150ff0041000
x3012c0s19b1n0:42977:46603 [1] NCCL INFO transport/net.cc:698 Cuda Host Alloc Size 9641984 pointer 0x15106aa00000
x3012c0s19b1n0:42976:46467 [0] NCCL INFO Connection to proxy localRank 0 -> connection 0x1541d8000dc0
x3012c0s19b1n0:42977:46603 [1] NCCL INFO transport/net_ib.cc:683 Ib Alloc Size 21688 pointer 0x150ff0043000
x3012c0s19b1n0:42977:46603 [1] NCCL INFO transport/net_ib.cc:696 Ib Alloc Size 552 pointer 0x150ff004a000
x3012c0s19b1n0:42978:46604 [2] NCCL INFO New proxy recv connection 10 from local rank 2, transport 0
x3012c0s19b1n0:42979:46466 [3] NCCL INFO Channel 02/0 : 15[c7000] -> 14[85000] via P2P/IPC/read
x3012c0s19b1n0:42976:46618 [0] NCCL INFO transport/p2p.cc:449 Cuda Alloc Size 6291456 pointer 0x1541d0000000
x3012c0s19b1n0:42979:46605 [3] NCCL INFO New proxy send connection 10 from local rank 3, transport 0
x3012c0s19b1n0:42977:46603 [1] NCCL INFO transport/net_ib.cc:771 Ib Alloc Size 552 pointer 0x150ff0065000
x3012c0s19b1n0:42977:46603 [1] NCCL INFO transport/net.cc:698 Cuda Host Alloc Size 9641984 pointer 0x15106b400000
x3012c0s19b1n0:42976:46618 [0] NCCL INFO New proxy recv connection 6 from local rank 0, transport 0
x3012c0s19b1n0:42978:46465 [2] NCCL INFO Connection to proxy localRank 2 -> connection 0x146698000f00
x3012c0s19b1n0:42978:46604 [2] NCCL INFO transport/p2p.cc:449 Cuda Alloc Size 6291456 pointer 0x14668f800000
x3012c0s19b1n0:42979:46466 [3] NCCL INFO Connection to proxy localRank 3 -> connection 0x14d540000f00
x3012c0s19b1n0:42979:46605 [3] NCCL INFO transport/p2p.cc:430 Cuda Alloc Size 6291456 pointer 0x14d538000000
x3012c0s19b1n0:42976:46467 [0] NCCL INFO Connection to proxy localRank 0 -> connection 0x1541d8000e00
x3012c0s19b1n0:42976:46618 [0] NCCL INFO transport/p2p.cc:449 Cuda Alloc Size 6291456 pointer 0x1541d0600000
x3012c0s19b1n0:42977:46603 [1] NCCL INFO transport/net_ib.cc:683 Ib Alloc Size 21688 pointer 0x150ff0067000
x3012c0s19b1n0:42977:46603 [1] NCCL INFO transport/net_ib.cc:696 Ib Alloc Size 552 pointer 0x150ff006e000
x3012c0s19b1n0:42978:46604 [2] NCCL INFO New proxy recv connection 11 from local rank 2, transport 0
x3012c0s19b1n0:42979:46466 [3] NCCL INFO Channel 03/0 : 15[c7000] -> 14[85000] via P2P/IPC/read
x3012c0s19b1n0:42979:46605 [3] NCCL INFO New proxy send connection 11 from local rank 3, transport 0
x3012c0s19b1n0:42977:46603 [1] NCCL INFO transport/net_ib.cc:771 Ib Alloc Size 552 pointer 0x150ff0089000
x3012c0s19b1n0:42977:46603 [1] NCCL INFO transport/net.cc:698 Cuda Host Alloc Size 9641984 pointer 0x15106be00000
x3012c0s19b1n0:42976:46618 [0] NCCL INFO New proxy recv connection 7 from local rank 0, transport 0
x3012c0s19b1n0:42976:46467 [0] NCCL INFO Connection to proxy localRank 0 -> connection 0x1541d8000e40
x3012c0s19b1n0:42976:46618 [0] NCCL INFO transport/p2p.cc:449 Cuda Alloc Size 6291456 pointer 0x1541d0c00000
x3012c0s19b1n0:42978:46465 [2] NCCL INFO Connection to proxy localRank 2 -> connection 0x146698000f40
x3012c0s19b1n0:42978:46604 [2] NCCL INFO transport/p2p.cc:449 Cuda Alloc Size 6291456 pointer 0x14668c000000
x3012c0s19b1n0:42979:46466 [3] NCCL INFO Connection to proxy localRank 3 -> connection 0x14d540000f40
x3012c0s19b1n0:42979:46605 [3] NCCL INFO transport/p2p.cc:430 Cuda Alloc Size 6291456 pointer 0x14d538600000
x3012c0s19b1n0:42977:46603 [1] NCCL INFO transport/net_ib.cc:683 Ib Alloc Size 21688 pointer 0x150ff008b000
x3012c0s19b1n0:42977:46603 [1] NCCL INFO transport/net_ib.cc:696 Ib Alloc Size 552 pointer 0x150ff0092000
x3012c0s19b1n0:42977:46603 [1] NCCL INFO transport/net_ib.cc:771 Ib Alloc Size 552 pointer 0x150ff00ad000
x3012c0s19b1n0:42977:46603 [1] NCCL INFO transport/net.cc:698 Cuda Host Alloc Size 9641984 pointer 0x15106c800000
x3012c0s19b1n0:42977:46468 [1] NCCL INFO Channel 00/0 : 13[46000] -> 12[7000] via P2P/IPC/read
x3012c0s19b1n0:42977:46603 [1] NCCL INFO New proxy send connection 4 from local rank 1, transport 0
x3012c0s19b1n0:42977:46468 [1] NCCL INFO Connection to proxy localRank 1 -> connection 0x150ff0000d80
x3012c0s19b1n0:42977:46603 [1] NCCL INFO transport/p2p.cc:430 Cuda Alloc Size 6291456 pointer 0x15106d200000
x3012c0s19b1n0:42977:46468 [1] NCCL INFO Channel 01/0 : 13[46000] -> 12[7000] via P2P/IPC/read
x3012c0s19b1n0:42977:46603 [1] NCCL INFO New proxy send connection 5 from local rank 1, transport 0
x3012c0s19b1n0:42977:46468 [1] NCCL INFO Connection to proxy localRank 1 -> connection 0x150ff0000dc0
x3012c0s19b1n0:42977:46603 [1] NCCL INFO transport/p2p.cc:430 Cuda Alloc Size 6291456 pointer 0x150fea000000
x3012c0s19b1n0:42977:46468 [1] NCCL INFO Channel 02/0 : 13[46000] -> 12[7000] via P2P/IPC/read
x3012c0s19b1n0:42977:46603 [1] NCCL INFO New proxy send connection 6 from local rank 1, transport 0
x3012c0s19b1n0:42977:46468 [1] NCCL INFO Connection to proxy localRank 1 -> connection 0x150ff0000e00
x3012c0s19b1n0:42977:46603 [1] NCCL INFO transport/p2p.cc:430 Cuda Alloc Size 6291456 pointer 0x150fea600000
x3012c0s19b1n0:42977:46468 [1] NCCL INFO Channel 03/0 : 13[46000] -> 12[7000] via P2P/IPC/read
x3012c0s19b1n0:42977:46603 [1] NCCL INFO New proxy send connection 7 from local rank 1, transport 0
x3012c0s19b1n0:42977:46468 [1] NCCL INFO Connection to proxy localRank 1 -> connection 0x150ff0000e40
x3012c0s19b1n0:42977:46603 [1] NCCL INFO transport/p2p.cc:430 Cuda Alloc Size 6291456 pointer 0x150feac00000
x3012c0s19b1n0:42977:46468 [1] NCCL INFO Connected all rings
x3012c0s19b1n0:42977:46603 [1] NCCL INFO New proxy recv connection 8 from local rank 1, transport 0
x3012c0s19b1n0:42976:46467 [0] NCCL INFO Connected all rings
x3012c0s19b1n0:42976:46467 [0] NCCL INFO Channel 00/0 : 12[7000] -> 13[46000] via P2P/IPC/read
x3012c0s19b1n0:42976:46618 [0] NCCL INFO New proxy send connection 8 from local rank 0, transport 0
x3012c0s19b1n0:42976:46467 [0] NCCL INFO Connection to proxy localRank 0 -> connection 0x1541d8000e80
x3012c0s19b1n0:42976:46618 [0] NCCL INFO transport/p2p.cc:430 Cuda Alloc Size 6291456 pointer 0x1541cec00000
x3012c0s19b1n0:42976:46467 [0] NCCL INFO Channel 01/0 : 12[7000] -> 13[46000] via P2P/IPC/read
x3012c0s19b1n0:42977:46468 [1] NCCL INFO Connection to proxy localRank 1 -> connection 0x150ff0000e80
x3012c0s19b1n0:42977:46603 [1] NCCL INFO transport/p2p.cc:449 Cuda Alloc Size 6291456 pointer 0x150fe2c00000
x3012c0s19b1n0:42976:46618 [0] NCCL INFO New proxy send connection 9 from local rank 0, transport 0
x3012c0s19b1n0:42977:46603 [1] NCCL INFO New proxy recv connection 9 from local rank 1, transport 0
x3012c0s19b1n0:42977:46468 [1] NCCL INFO Connection to proxy localRank 1 -> connection 0x150ff0000ec0
x3012c0s19b1n0:42977:46603 [1] NCCL INFO transport/p2p.cc:449 Cuda Alloc Size 6291456 pointer 0x150fe3200000
x3012c0s19b1n0:42976:46467 [0] NCCL INFO Connection to proxy localRank 0 -> connection 0x1541d8000ec0
x3012c0s19b1n0:42976:46618 [0] NCCL INFO transport/p2p.cc:430 Cuda Alloc Size 6291456 pointer 0x1541cf200000
x3012c0s19b1n0:42976:46467 [0] NCCL INFO Channel 02/0 : 12[7000] -> 13[46000] via P2P/IPC/read
x3012c0s19b1n0:42976:46618 [0] NCCL INFO New proxy send connection 10 from local rank 0, transport 0
x3012c0s19b1n0:42977:46603 [1] NCCL INFO New proxy recv connection 10 from local rank 1, transport 0
x3012c0s19b1n0:42976:46467 [0] NCCL INFO Connection to proxy localRank 0 -> connection 0x1541d8000f00
x3012c0s19b1n0:42976:46618 [0] NCCL INFO transport/p2p.cc:430 Cuda Alloc Size 6291456 pointer 0x1541cf800000
x3012c0s19b1n0:42977:46468 [1] NCCL INFO Connection to proxy localRank 1 -> connection 0x150ff0000f00
x3012c0s19b1n0:42977:46603 [1] NCCL INFO transport/p2p.cc:449 Cuda Alloc Size 6291456 pointer 0x150fe3800000
x3012c0s19b1n0:42977:46603 [1] NCCL INFO New proxy recv connection 11 from local rank 1, transport 0
x3012c0s19b1n0:42976:46467 [0] NCCL INFO Channel 03/0 : 12[7000] -> 13[46000] via P2P/IPC/read
x3012c0s19b1n0:42976:46618 [0] NCCL INFO New proxy send connection 11 from local rank 0, transport 0
x3012c0s19b1n0:42977:46468 [1] NCCL INFO Connection to proxy localRank 1 -> connection 0x150ff0000f40
x3012c0s19b1n0:42977:46603 [1] NCCL INFO transport/p2p.cc:449 Cuda Alloc Size 6291456 pointer 0x150fe0000000
x3012c0s19b1n0:42976:46467 [0] NCCL INFO Connection to proxy localRank 0 -> connection 0x1541d8000f40
x3012c0s19b1n0:42976:46618 [0] NCCL INFO transport/p2p.cc:430 Cuda Alloc Size 6291456 pointer 0x1541cc000000
x3012c0s19b1n0:42977:46468 [1] NCCL INFO Channel 00/0 : 13[46000] -> 14[85000] via P2P/IPC/read
x3012c0s19b1n0:42977:46603 [1] NCCL INFO New proxy send connection 12 from local rank 1, transport 0
x3012c0s19b1n0:42977:46468 [1] NCCL INFO Connection to proxy localRank 1 -> connection 0x150ff0000f80
x3012c0s19b1n0:42977:46603 [1] NCCL INFO transport/p2p.cc:430 Cuda Alloc Size 6291456 pointer 0x150fe0600000
x3012c0s19b1n0:42977:46468 [1] NCCL INFO Channel 01/0 : 13[46000] -> 14[85000] via P2P/IPC/read
x3012c0s19b1n0:42977:46603 [1] NCCL INFO New proxy send connection 13 from local rank 1, transport 0
x3012c0s19b1n0:42977:46468 [1] NCCL INFO Connection to proxy localRank 1 -> connection 0x150ff0000fc0
x3012c0s19b1n0:42977:46603 [1] NCCL INFO transport/p2p.cc:430 Cuda Alloc Size 6291456 pointer 0x150fe0c00000
x3012c0s19b1n0:42977:46468 [1] NCCL INFO Channel 02/0 : 13[46000] -> 14[85000] via P2P/IPC/read
x3012c0s19b1n0:42977:46603 [1] NCCL INFO New proxy send connection 14 from local rank 1, transport 0
x3012c0s19b1n0:42977:46468 [1] NCCL INFO Connection to proxy localRank 1 -> connection 0x150ff0001000
x3012c0s19b1n0:42977:46603 [1] NCCL INFO transport/p2p.cc:430 Cuda Alloc Size 6291456 pointer 0x150fe1200000
x3012c0s19b1n0:42977:46468 [1] NCCL INFO Channel 03/0 : 13[46000] -> 14[85000] via P2P/IPC/read
x3012c0s19b1n0:42977:46603 [1] NCCL INFO New proxy send connection 15 from local rank 1, transport 0
x3012c0s19b1n0:42977:46468 [1] NCCL INFO Connection to proxy localRank 1 -> connection 0x150ff0001040
x3012c0s19b1n0:42977:46603 [1] NCCL INFO transport/p2p.cc:430 Cuda Alloc Size 6291456 pointer 0x150fe1800000
x3012c0s19b1n0:42977:46468 [1] NCCL INFO GPU Direct RDMA Disabled for GPU 46000 / HCA 1 (distance 6 > 4)
x3012c0s19b1n0:42978:46604 [2] NCCL INFO New proxy recv connection 12 from local rank 2, transport 0
x3012c0s19b1n0:42978:46465 [2] NCCL INFO Connection to proxy localRank 2 -> connection 0x146698000f80
x3012c0s19b1n0:42977:46603 [1] NCCL INFO New proxy recv connection 16 from local rank 1, transport 2
x3012c0s19b1n0:42978:46604 [2] NCCL INFO transport/p2p.cc:449 Cuda Alloc Size 6291456 pointer 0x14668a000000
x3012c0s19b1n0:42976:46467 [0] NCCL INFO GPU Direct RDMA Disabled for GPU 7000 / HCA 1 (distance 7 > 4)
x3012c0s19b1n0:42976:46618 [0] NCCL INFO Allocated 4194656 bytes of shared memory in /dev/shm/nccl-4caB9Q

x3012c0s19b1n0:42976:46618 [0] NCCL INFO New proxy recv connection 12 from local rank 0, transport 2
x3012c0s19b1n0:42978:46604 [2] NCCL INFO New proxy recv connection 13 from local rank 2, transport 0
x3012c0s19b1n0:42977:46468 [1] NCCL INFO Connection to proxy localRank 1 -> connection 0x150ff0001080
x3012c0s19b1n0:42976:46467 [0] NCCL INFO Connection to proxy localRank 0 -> connection 0x1541d8000f80
x3012c0s19b1n0:42978:46465 [2] NCCL INFO Connection to proxy localRank 2 -> connection 0x146698000fc0
x3012c0s19b1n0:42978:46604 [2] NCCL INFO transport/p2p.cc:449 Cuda Alloc Size 6291456 pointer 0x14668a600000
x3012c0s19b1n0:42977:46468 [1] NCCL INFO Channel 02/0 : 8[7000] -> 13[46000] [receive] via NET/IB/1
x3012c0s19b1n0:42977:46468 [1] NCCL INFO GPU Direct RDMA Disabled for GPU 46000 / HCA 0 (distance 7 > 4)
x3012c0s19b1n0:42977:46603 [1] NCCL INFO New proxy recv connection 17 from local rank 1, transport 2
x3012c0s19b1n0:42976:46467 [0] NCCL INFO Channel 00/0 : 8[7000] -> 12[7000] [receive] via NET/IB/1
x3012c0s19b1n0:42976:46467 [0] NCCL INFO GPU Direct RDMA Disabled for GPU 7000 / HCA 0 (distance 7 > 4)
x3012c0s19b1n0:42976:46618 [0] NCCL INFO New proxy recv connection 13 from local rank 0, transport 2
x3012c0s19b1n0:42978:46604 [2] NCCL INFO New proxy recv connection 14 from local rank 2, transport 0
x3012c0s19b1n0:42977:46468 [1] NCCL INFO Connection to proxy localRank 1 -> connection 0x150ff00010c0
x3012c0s19b1n0:42976:46467 [0] NCCL INFO Connection to proxy localRank 0 -> connection 0x1541d8000fc0
x3012c0s19b1n0:42978:46465 [2] NCCL INFO Connection to proxy localRank 2 -> connection 0x146698001000
x3012c0s19b1n0:42978:46604 [2] NCCL INFO transport/p2p.cc:449 Cuda Alloc Size 6291456 pointer 0x14668ac00000
x3012c0s19b1n0:42977:46468 [1] NCCL INFO Channel 03/0 : 8[7000] -> 13[46000] [receive] via NET/IB/0
x3012c0s19b1n0:42978:46604 [2] NCCL INFO New proxy recv connection 15 from local rank 2, transport 0
x3012c0s19b1n0:42978:46465 [2] NCCL INFO Connection to proxy localRank 2 -> connection 0x146698001040
x3012c0s19b1n0:42978:46604 [2] NCCL INFO transport/p2p.cc:449 Cuda Alloc Size 6291456 pointer 0x14668b200000
x3012c0s19b1n0:42976:46467 [0] NCCL INFO Channel 01/0 : 8[7000] -> 12[7000] [receive] via NET/IB/0
x3012c0s19b1n0:42976:46467 [0] NCCL INFO GPU Direct RDMA Disabled for GPU 7000 / HCA 1 (distance 7 > 4)
x3012c0s19b1n0:42976:46618 [0] NCCL INFO New proxy send connection 14 from local rank 0, transport 2
x3012c0s19b1n0:42976:46467 [0] NCCL INFO Connection to proxy localRank 0 -> connection 0x1541d8001000
x3012c0s19b1n0:42976:46467 [0] NCCL INFO Channel 02/0 : 12[7000] -> 16[7000] [send] via NET/IB/1
x3012c0s19b1n0:42976:46467 [0] NCCL INFO GPU Direct RDMA Disabled for GPU 7000 / HCA 0 (distance 7 > 4)
x3012c0s19b1n0:42976:46618 [0] NCCL INFO New proxy send connection 15 from local rank 0, transport 2
x3012c0s19b1n0:42978:46465 [2] NCCL INFO Channel 00/0 : 14[85000] -> 13[46000] via P2P/IPC/read
x3012c0s19b1n0:42978:46604 [2] NCCL INFO New proxy send connection 16 from local rank 2, transport 0
x3012c0s19b1n0:42978:46465 [2] NCCL INFO Connection to proxy localRank 2 -> connection 0x146698001080
x3012c0s19b1n0:42978:46604 [2] NCCL INFO transport/p2p.cc:430 Cuda Alloc Size 6291456 pointer 0x14668b800000
x3012c0s19b1n0:42976:46467 [0] NCCL INFO Connection to proxy localRank 0 -> connection 0x1541d8001040
x3012c0s19b1n0:42976:46467 [0] NCCL INFO Channel 03/0 : 12[7000] -> 16[7000] [send] via NET/IB/0
x3012c0s19b1n0:42976:46618 [0] NCCL INFO transport/net_ib.cc:596 Ib Alloc Size 26560 pointer 0x1541d8026000
x3012c0s19b1n0:42978:46465 [2] NCCL INFO Channel 01/0 : 14[85000] -> 13[46000] via P2P/IPC/read
x3012c0s19b1n0:42978:46604 [2] NCCL INFO New proxy send connection 17 from local rank 2, transport 0
x3012c0s19b1n0:42976:46618 [0] NCCL INFO NET/IB: Dev 1 Port 1 qpn 3457 mtu 5 GID 0 (80FE/891100FEFF000000)
x3012c0s19b1n0:42976:46618 [0] NCCL INFO transport/net_ib.cc:653 Ib Alloc Size 552 pointer 0x1541d803e000
x3012c0s19b1n0:42976:46618 [0] NCCL INFO transport/net.cc:571 Cuda Host Alloc Size 9641984 pointer 0x1541ca000000
x3012c0s19b1n0:42976:46618 [0] NCCL INFO transport/net_ib.cc:596 Ib Alloc Size 26560 pointer 0x1541d8040000
x3012c0s19b1n0:42976:46618 [0] NCCL INFO NET/IB: Dev 0 Port 1 qpn 3059 mtu 5 GID 0 (80FE/DE1100FEFF000000)
x3012c0s19b1n0:42976:46618 [0] NCCL INFO transport/net_ib.cc:653 Ib Alloc Size 552 pointer 0x1541d8057000
x3012c0s19b1n0:42976:46618 [0] NCCL INFO transport/net.cc:571 Cuda Host Alloc Size 9641984 pointer 0x1541caa00000
x3012c0s19b1n0:42978:46465 [2] NCCL INFO Connection to proxy localRank 2 -> connection 0x1466980010c0
x3012c0s19b1n0:42978:46604 [2] NCCL INFO transport/p2p.cc:430 Cuda Alloc Size 6291456 pointer 0x146688000000
x3012c0s19b1n0:42976:46618 [0] NCCL INFO transport/net_ib.cc:683 Ib Alloc Size 21688 pointer 0x1541d8059000
x3012c0s19b1n0:42976:46618 [0] NCCL INFO transport/net_ib.cc:696 Ib Alloc Size 552 pointer 0x1541d8060000
x3012c0s19b1n0:42978:46465 [2] NCCL INFO Channel 02/0 : 14[85000] -> 13[46000] via P2P/IPC/read
x3012c0s19b1n0:42978:46604 [2] NCCL INFO New proxy send connection 18 from local rank 2, transport 0
x3012c0s19b1n0:42976:46618 [0] NCCL INFO transport/net_ib.cc:771 Ib Alloc Size 552 pointer 0x1541d807c000
x3012c0s19b1n0:42976:46618 [0] NCCL INFO transport/net.cc:698 Cuda Host Alloc Size 9641984 pointer 0x1541cb400000
x3012c0s19b1n0:42977:46603 [1] NCCL INFO transport/net_ib.cc:683 Ib Alloc Size 21688 pointer 0x150ff00be000
x3012c0s19b1n0:42977:46603 [1] NCCL INFO transport/net_ib.cc:696 Ib Alloc Size 552 pointer 0x150ff001a000
x3012c0s19b1n0:42976:46618 [0] NCCL INFO transport/net_ib.cc:683 Ib Alloc Size 21688 pointer 0x1541d807e000
x3012c0s19b1n0:42976:46618 [0] NCCL INFO transport/net_ib.cc:696 Ib Alloc Size 552 pointer 0x1541d8085000
x3012c0s19b1n0:42978:46465 [2] NCCL INFO Connection to proxy localRank 2 -> connection 0x146698001100
x3012c0s19b1n0:42978:46604 [2] NCCL INFO transport/p2p.cc:430 Cuda Alloc Size 6291456 pointer 0x146688600000
x3012c0s19b1n0:42977:46603 [1] NCCL INFO transport/net_ib.cc:771 Ib Alloc Size 552 pointer 0x150ff00df000
x3012c0s19b1n0:42976:46618 [0] NCCL INFO transport/net_ib.cc:771 Ib Alloc Size 552 pointer 0x1541d80a0000
x3012c0s19b1n0:42976:46618 [0] NCCL INFO transport/net.cc:698 Cuda Host Alloc Size 9641984 pointer 0x1541c2000000
x3012c0s19b1n0:42977:46603 [1] NCCL INFO transport/net.cc:698 Cuda Host Alloc Size 9641984 pointer 0x150fdd200000
x3012c0s19b1n0:42976:46467 [0] NCCL INFO GPU Direct RDMA Disabled for GPU 7000 / HCA 1 (distance 7 > 4)
x3012c0s19b1n0:42976:46618 [0] NCCL INFO New proxy send connection 16 from local rank 0, transport 2
x3012c0s19b1n0:42978:46465 [2] NCCL INFO Channel 03/0 : 14[85000] -> 13[46000] via P2P/IPC/read
x3012c0s19b1n0:42978:46604 [2] NCCL INFO New proxy send connection 19 from local rank 2, transport 0
x3012c0s19b1n0:42977:46603 [1] NCCL INFO transport/net_ib.cc:683 Ib Alloc Size 21688 pointer 0x150ff00e1000
x3012c0s19b1n0:42977:46603 [1] NCCL INFO transport/net_ib.cc:696 Ib Alloc Size 552 pointer 0x150ff00e8000
x3012c0s19b1n0:42977:46603 [1] NCCL INFO transport/net_ib.cc:771 Ib Alloc Size 552 pointer 0x150ff0103000
x3012c0s19b1n0:42977:46603 [1] NCCL INFO transport/net.cc:698 Cuda Host Alloc Size 9641984 pointer 0x150fda000000
x3012c0s19b1n0:42976:46467 [0] NCCL INFO Connection to proxy localRank 0 -> connection 0x1541d8001080
x3012c0s19b1n0:42976:46467 [0] NCCL INFO Channel 02/0 : 12[7000] -> 1[46000] [send] via NET/IB/1
x3012c0s19b1n0:42976:46467 [0] NCCL INFO GPU Direct RDMA Disabled for GPU 7000 / HCA 0 (distance 7 > 4)
x3012c0s19b1n0:42976:46618 [0] NCCL INFO New proxy send connection 17 from local rank 0, transport 2
x3012c0s19b1n0:42978:46465 [2] NCCL INFO Connection to proxy localRank 2 -> connection 0x146698001140
x3012c0s19b1n0:42978:46604 [2] NCCL INFO transport/p2p.cc:430 Cuda Alloc Size 6291456 pointer 0x146688c00000
x3012c0s19b1n0:42977:46468 [1] NCCL INFO GPU Direct RDMA Disabled for GPU 46000 / HCA 1 (distance 6 > 4)
x3012c0s19b1n0:42977:46603 [1] NCCL INFO New proxy send connection 18 from local rank 1, transport 2
x3012c0s19b1n0:42976:46467 [0] NCCL INFO Connection to proxy localRank 0 -> connection 0x1541d80010c0
x3012c0s19b1n0:42976:46467 [0] NCCL INFO Channel 03/0 : 12[7000] -> 1[46000] [send] via NET/IB/0
x3012c0s19b1n0:42976:46618 [0] NCCL INFO transport/net_ib.cc:596 Ib Alloc Size 26560 pointer 0x1541d80ac000
x3012c0s19b1n0:42979:46466 [3] NCCL INFO Connected all trees by HAO
x3012c0s19b1n0:42979:46466 [3] NCCL INFO threadThresholds 8/8/64 | 160/8/64 | 512 | 512
x3012c0s19b1n0:42979:46466 [3] NCCL INFO 4 coll channels, 4 p2p channels, 2 p2p channels per peer
x3012c0s19b1n0:42979:46605 [3] NCCL INFO New proxy send connection 12 from local rank 3, transport 2
x3012c0s19b1n0:42977:46468 [1] NCCL INFO Connection to proxy localRank 1 -> connection 0x150ff0001100
x3012c0s19b1n0:42977:46468 [1] NCCL INFO Channel 02/0 : 13[46000] -> 8[7000] [send] via NET/IB/1
x3012c0s19b1n0:42977:46468 [1] NCCL INFO GPU Direct RDMA Disabled for GPU 46000 / HCA 0 (distance 7 > 4)
x3012c0s19b1n0:42977:46603 [1] NCCL INFO New proxy send connection 19 from local rank 1, transport 2
x3012c0s19b1n0:42976:46618 [0] NCCL INFO NET/IB: Dev 1 Port 1 qpn 3462 mtu 5 GID 0 (80FE/891100FEFF000000)
x3012c0s19b1n0:42976:46618 [0] NCCL INFO transport/net_ib.cc:653 Ib Alloc Size 552 pointer 0x1541d80c3000
x3012c0s19b1n0:42976:46618 [0] NCCL INFO transport/net.cc:571 Cuda Host Alloc Size 9641984 pointer 0x1541c2a00000
x3012c0s19b1n0:42976:46618 [0] NCCL INFO transport/net_ib.cc:596 Ib Alloc Size 26560 pointer 0x1541d80c5000
x3012c0s19b1n0:42977:46468 [1] NCCL INFO Connection to proxy localRank 1 -> connection 0x150ff0001140
x3012c0s19b1n0:42977:46468 [1] NCCL INFO Channel 03/0 : 13[46000] -> 8[7000] [send] via NET/IB/0
x3012c0s19b1n0:42976:46618 [0] NCCL INFO NET/IB: Dev 0 Port 1 qpn 3064 mtu 5 GID 0 (80FE/DE1100FEFF000000)
x3012c0s19b1n0:42976:46618 [0] NCCL INFO transport/net_ib.cc:653 Ib Alloc Size 552 pointer 0x1541d80dc000
x3012c0s19b1n0:42976:46618 [0] NCCL INFO transport/net.cc:571 Cuda Host Alloc Size 9641984 pointer 0x1541c3400000
x3012c0s19b1n0:42976:46467 [0] NCCL INFO GPU Direct RDMA Disabled for GPU 7000 / HCA 1 (distance 7 > 4)
x3012c0s19b1n0:42976:46618 [0] NCCL INFO New proxy recv connection 18 from local rank 0, transport 2
x3012c0s19b1n0:42979:46466 [3] NCCL INFO Connection to proxy localRank 3 -> connection 0x14d540000f80
x3012c0s19b1n0:42979:46605 [3] NCCL INFO transport/net.cc:376 Cuda Alloc Size 8388608 pointer 0x14d536600000
x3012c0s19b1n0:42976:46467 [0] NCCL INFO Connection to proxy localRank 0 -> connection 0x1541d8001100
x3012c0s19b1n0:42976:46467 [0] NCCL INFO Channel 02/0 : 1[46000] -> 12[7000] [receive] via NET/IB/1
x3012c0s19b1n0:42976:46467 [0] NCCL INFO GPU Direct RDMA Disabled for GPU 7000 / HCA 0 (distance 7 > 4)
x3012c0s19b1n0:42976:46618 [0] NCCL INFO New proxy recv connection 19 from local rank 0, transport 2
x3012c0s19b1n0:42976:46467 [0] NCCL INFO Connection to proxy localRank 0 -> connection 0x1541d8001140
x3012c0s19b1n0:42976:46467 [0] NCCL INFO Channel 03/0 : 1[46000] -> 12[7000] [receive] via NET/IB/0
x3012c0s19b1n0:42976:46618 [0] NCCL INFO transport/net_ib.cc:683 Ib Alloc Size 21688 pointer 0x1541d80e8000
x3012c0s19b1n0:42976:46618 [0] NCCL INFO transport/net_ib.cc:696 Ib Alloc Size 552 pointer 0x1541d80ef000
x3012c0s19b1n0:42976:46618 [0] NCCL INFO transport/net_ib.cc:771 Ib Alloc Size 552 pointer 0x1541d810a000
x3012c0s19b1n0:42976:46618 [0] NCCL INFO transport/net.cc:698 Cuda Host Alloc Size 9641984 pointer 0x1541c0000000
x3012c0s19b1n0:42976:46618 [0] NCCL INFO transport/net_ib.cc:683 Ib Alloc Size 21688 pointer 0x1541d810c000
x3012c0s19b1n0:42976:46618 [0] NCCL INFO transport/net_ib.cc:696 Ib Alloc Size 552 pointer 0x1541d8113000
x3012c0s19b1n0:42976:46618 [0] NCCL INFO transport/net_ib.cc:771 Ib Alloc Size 552 pointer 0x1541d812e000
x3012c0s19b1n0:42976:46618 [0] NCCL INFO transport/net.cc:698 Cuda Host Alloc Size 9641984 pointer 0x1541c0a00000
x3012c0s19b1n0:42976:46467 [0] NCCL INFO GPU Direct RDMA Disabled for GPU 7000 / HCA 1 (distance 7 > 4)
x3012c0s19b1n0:42976:46618 [0] NCCL INFO New proxy recv connection 20 from local rank 0, transport 2
x3012c0s19b1n0:42976:46467 [0] NCCL INFO Connection to proxy localRank 0 -> connection 0x1541d8001180
x3012c0s19b1n0:42976:46467 [0] NCCL INFO Channel 02/0 : 16[7000] -> 12[7000] [receive] via NET/IB/1
x3012c0s19b1n0:42976:46467 [0] NCCL INFO GPU Direct RDMA Disabled for GPU 7000 / HCA 0 (distance 7 > 4)
x3012c0s19b1n0:42976:46618 [0] NCCL INFO New proxy recv connection 21 from local rank 0, transport 2
x3012c0s19b1n0:42976:46467 [0] NCCL INFO Connection to proxy localRank 0 -> connection 0x1541d80011c0
x3012c0s19b1n0:42976:46467 [0] NCCL INFO Channel 03/0 : 16[7000] -> 12[7000] [receive] via NET/IB/0
x3012c0s19b1n0:42976:46467 [0] NCCL INFO GPU Direct RDMA Disabled for GPU 7000 / HCA 1 (distance 7 > 4)
x3012c0s19b1n0:42976:46618 [0] NCCL INFO New proxy send connection 22 from local rank 0, transport 2
x3012c0s19b1n0:42976:46467 [0] NCCL INFO Connection to proxy localRank 0 -> connection 0x1541d8001200
x3012c0s19b1n0:42976:46467 [0] NCCL INFO Channel 00/0 : 12[7000] -> 8[7000] [send] via NET/IB/1
x3012c0s19b1n0:42976:46467 [0] NCCL INFO GPU Direct RDMA Disabled for GPU 7000 / HCA 0 (distance 7 > 4)
x3012c0s19b1n0:42976:46618 [0] NCCL INFO New proxy send connection 23 from local rank 0, transport 2
x3012c0s19b1n0:42976:46467 [0] NCCL INFO Connection to proxy localRank 0 -> connection 0x1541d8001240
x3012c0s19b1n0:42976:46467 [0] NCCL INFO Channel 01/0 : 12[7000] -> 8[7000] [send] via NET/IB/0
x3012c0s19b1n0:42977:46603 [1] NCCL INFO transport/net_ib.cc:596 Ib Alloc Size 26560 pointer 0x150ff010f000
x3012c0s19b1n0:42977:46603 [1] NCCL INFO NET/IB: Dev 1 Port 1 qpn 3465 mtu 5 GID 0 (80FE/891100FEFF000000)
x3012c0s19b1n0:42977:46603 [1] NCCL INFO transport/net_ib.cc:653 Ib Alloc Size 552 pointer 0x150ff0126000
x3012c0s19b1n0:42977:46603 [1] NCCL INFO transport/net.cc:571 Cuda Host Alloc Size 9641984 pointer 0x150fdaa00000
