x3004c0s25b0n0:45700:50225 [2] NCCL INFO CPU/2 (1/2/-1)
x3004c0s25b0n0:45700:50225 [2] NCCL INFO + SYS[5000.0] - CPU/3
x3004c0s25b0n0:45700:50225 [2] NCCL INFO + SYS[5000.0] - CPU/1
x3004c0s25b0n0:45700:50225 [2] NCCL INFO + SYS[5000.0] - CPU/0
x3004c0s25b0n0:45700:50225 [2] NCCL INFO + PCI[24.0] - PCI/44000 (11f8406811f8beef)
x3004c0s25b0n0:45700:50225 [2] NCCL INFO               + PCI[24.0] - GPU/46000 (9)
x3004c0s25b0n0:45700:50225 [2] NCCL INFO                             + NVL[88.0] - GPU/85000
x3004c0s25b0n0:45700:50225 [2] NCCL INFO                             + NVL[88.0] - GPU/C7000
x3004c0s25b0n0:45700:50225 [2] NCCL INFO                             + NVL[88.0] - GPU/7000
x3004c0s25b0n0:45700:50225 [2] NCCL INFO + PCI[12.0] - NIC/43000
x3004c0s25b0n0:45700:50225 [2] NCCL INFO               + NET[12.5] - NET/1 (d84b02ffffa4e988/1/12.500000)
x3004c0s25b0n0:45700:50225 [2] NCCL INFO CPU/1 (1/2/-1)
x3004c0s25b0n0:45700:50225 [2] NCCL INFO + SYS[5000.0] - CPU/3
x3004c0s25b0n0:45700:50225 [2] NCCL INFO + SYS[5000.0] - CPU/2
x3004c0s25b0n0:45700:50225 [2] NCCL INFO + SYS[5000.0] - CPU/0
x3004c0s25b0n0:45700:50225 [2] NCCL INFO + PCI[24.0] - PCI/83000 (11f8406811f8beef)
x3004c0s25b0n0:45700:50225 [2] NCCL INFO               + PCI[24.0] - GPU/85000 (10)
x3004c0s25b0n0:45700:50225 [2] NCCL INFO                             + NVL[88.0] - GPU/C7000
x3004c0s25b0n0:45700:50225 [2] NCCL INFO                             + NVL[88.0] - GPU/46000
x3004c0s25b0n0:45700:50225 [2] NCCL INFO                             + NVL[88.0] - GPU/7000
x3004c0s25b0n0:45700:50225 [2] NCCL INFO CPU/0 (1/2/-1)
x3004c0s25b0n0:45700:50225 [2] NCCL INFO + SYS[5000.0] - CPU/3
x3004c0s25b0n0:45700:50225 [2] NCCL INFO + SYS[5000.0] - CPU/2
x3004c0s25b0n0:45700:50225 [2] NCCL INFO + SYS[5000.0] - CPU/1
x3004c0s25b0n0:45700:50225 [2] NCCL INFO + PCI[24.0] - PCI/C5000 (11f8406811f8beef)
x3004c0s25b0n0:45700:50225 [2] NCCL INFO               + PCI[24.0] - GPU/C7000 (11)
x3004c0s25b0n0:45700:50225 [2] NCCL INFO                             + NVL[88.0] - GPU/85000
x3004c0s25b0n0:45700:50225 [2] NCCL INFO                             + NVL[88.0] - GPU/46000
x3004c0s25b0n0:45700:50225 [2] NCCL INFO                             + NVL[88.0] - GPU/7000
x3004c0s25b0n0:45700:50225 [2] NCCL INFO + PCI[12.0] - NIC/C8000
x3004c0s25b0n0:45700:50225 [2] NCCL INFO               + NET[12.5] - NET/0 (680704ffffa4e988/1/12.500000)
x3004c0s25b0n0:45700:50225 [2] NCCL INFO ==========================================
x3004c0s25b0n0:45700:50225 [2] NCCL INFO GPU/7000 :GPU/7000 (0/5000.000000/LOC) GPU/46000 (1/88.000000/NVL) GPU/85000 (1/88.000000/NVL) GPU/C7000 (1/88.000000/NVL) CPU/3 (2/24.000000/PHB) CPU/2 (3/24.000000/SYS) CPU/1 (3/24.000000/SYS) CPU/0 (3/24.000000/SYS) NET/1 (5/12.000000/SYS) NET/0 (5/12.000000/SYS) 
x3004c0s25b0n0:45700:50225 [2] NCCL INFO GPU/46000 :GPU/7000 (1/88.000000/NVL) GPU/46000 (0/5000.000000/LOC) GPU/85000 (1/88.000000/NVL) GPU/C7000 (1/88.000000/NVL) CPU/3 (3/24.000000/SYS) CPU/2 (2/24.000000/PHB) CPU/1 (3/24.000000/SYS) CPU/0 (3/24.000000/SYS) NET/1 (4/12.000000/PHB) NET/0 (5/12.000000/SYS) 
x3004c0s25b0n0:45700:50225 [2] NCCL INFO GPU/85000 :GPU/7000 (1/88.000000/NVL) GPU/46000 (1/88.000000/NVL) GPU/85000 (0/5000.000000/LOC) GPU/C7000 (1/88.000000/NVL) CPU/3 (3/24.000000/SYS) CPU/2 (3/24.000000/SYS) CPU/1 (2/24.000000/PHB) CPU/0 (3/24.000000/SYS) NET/1 (5/12.000000/SYS) NET/0 (5/12.000000/SYS) 
x3004c0s25b0n0:45700:50225 [2] NCCL INFO GPU/C7000 :GPU/7000 (1/88.000000/NVL) GPU/46000 (1/88.000000/NVL) GPU/85000 (1/88.000000/NVL) GPU/C7000 (0/5000.000000/LOC) CPU/3 (3/24.000000/SYS) CPU/2 (3/24.000000/SYS) CPU/1 (3/24.000000/SYS) CPU/0 (2/24.000000/PHB) NET/1 (5/12.000000/SYS) NET/0 (4/12.000000/PHB) 
x3004c0s25b0n0:45700:50225 [2] NCCL INFO NET/1 :GPU/7000 (5/12.000000/SYS) GPU/46000 (4/12.000000/PHB) GPU/85000 (5/12.000000/SYS) GPU/C7000 (5/12.000000/SYS) CPU/3 (3/12.000000/SYS) CPU/2 (2/12.000000/PHB) CPU/1 (3/12.000000/SYS) CPU/0 (3/12.000000/SYS) NET/1 (0/5000.000000/LOC) NET/0 (5/12.000000/SYS) 
x3004c0s25b0n0:45700:50225 [2] NCCL INFO NET/0 :GPU/7000 (5/12.000000/SYS) GPU/46000 (5/12.000000/SYS) GPU/85000 (5/12.000000/SYS) GPU/C7000 (4/12.000000/PHB) CPU/3 (3/12.000000/SYS) CPU/2 (3/12.000000/SYS) CPU/1 (3/12.000000/SYS) CPU/0 (2/12.000000/PHB) NET/1 (5/12.000000/SYS) NET/0 (0/5000.000000/LOC) 
x3004c0s25b0n0:45700:50225 [2] NCCL INFO Pattern 4, crossNic 0, nChannels 2, bw 12.000000/12.000000, type NVL/SYS, sameChannels 1
x3004c0s25b0n0:45700:50225 [2] NCCL INFO  0 : NET/1 GPU/9 GPU/8 GPU/10 GPU/11 NET/1
x3004c0s25b0n0:45700:50225 [2] NCCL INFO  1 : NET/0 GPU/9 GPU/8 GPU/10 GPU/11 NET/0
x3004c0s25b0n0:45700:50225 [2] NCCL INFO Pattern 1, crossNic 0, nChannels 2, bw 24.000000/12.000000, type NVL/SYS, sameChannels 1
x3004c0s25b0n0:45700:50225 [2] NCCL INFO  0 : NET/1 GPU/8 GPU/9 GPU/10 GPU/11 NET/1
x3004c0s25b0n0:45700:50225 [2] NCCL INFO  1 : NET/0 GPU/8 GPU/9 GPU/10 GPU/11 NET/0
x3004c0s25b0n0:45700:50225 [2] NCCL INFO Pattern 3, crossNic 0, nChannels 0, bw 0.000000/0.000000, type NVL/PIX, sameChannels 1
x3004c0s25b0n0:45701:50234 [3] NCCL INFO Pattern 4, crossNic 0, nChannels 2, bw 12.000000/12.000000, type NVL/SYS, sameChannels 1
x3004c0s25b0n0:45701:50234 [3] NCCL INFO  0 : NET/1 GPU/9 GPU/8 GPU/10 GPU/11 NET/1
x3004c0s25b0n0:45701:50234 [3] NCCL INFO  1 : NET/0 GPU/9 GPU/8 GPU/10 GPU/11 NET/0
x3004c0s25b0n0:45701:50234 [3] NCCL INFO Pattern 1, crossNic 0, nChannels 2, bw 24.000000/12.000000, type NVL/SYS, sameChannels 1
x3004c0s25b0n0:45701:50234 [3] NCCL INFO  0 : NET/1 GPU/8 GPU/9 GPU/10 GPU/11 NET/1
x3004c0s25b0n0:45701:50234 [3] NCCL INFO  1 : NET/0 GPU/8 GPU/9 GPU/10 GPU/11 NET/0
x3004c0s25b0n0:45701:50234 [3] NCCL INFO Pattern 3, crossNic 0, nChannels 0, bw 0.000000/0.000000, type NVL/PIX, sameChannels 1
x3004c0s25b0n0:45698:50236 [0] NCCL INFO Tree 0 : 17 -> 8 -> 9/12/-1
x3004c0s25b0n0:45698:50236 [0] NCCL INFO Tree 2 : 13 -> 8 -> 9/-1/-1
x3004c0s25b0n0:45698:50236 [0] NCCL INFO Tree 1 : 17 -> 8 -> 9/12/-1
x3004c0s25b0n0:45698:50236 [0] NCCL INFO Tree 3 : 13 -> 8 -> 9/-1/-1
x3004c0s25b0n0:45698:50236 [0] NCCL INFO Ring 00 : 9 -> 8 -> 10
x3004c0s25b0n0:45698:50236 [0] NCCL INFO Ring 01 : 9 -> 8 -> 10
x3004c0s25b0n0:45698:50236 [0] NCCL INFO Ring 02 : 9 -> 8 -> 10
x3004c0s25b0n0:45698:50236 [0] NCCL INFO Ring 03 : 9 -> 8 -> 10
x3004c0s25b0n0:45698:50236 [0] NCCL INFO Trees [0] 9/12/-1->8->17 [1] 9/12/-1->8->17 [2] 9/-1/-1->8->13 [3] 9/-1/-1->8->13
x3004c0s25b0n0:45698:50236 [0] NCCL INFO misc/utils.cc:235 memory stack hunk malloc(65536)
x3004c0s25b0n0:45698:50236 [0] NCCL INFO channel.cc:23 Cuda Alloc Size 8064 pointer 0x1481d5817400
x3004c0s25b0n0:45698:50236 [0] NCCL INFO channel.cc:27 Cuda Alloc Size 80 pointer 0x1481d5819400
x3004c0s25b0n0:45698:50236 [0] NCCL INFO channel.cc:23 Cuda Alloc Size 8064 pointer 0x1481d5819600
x3004c0s25b0n0:45698:50236 [0] NCCL INFO channel.cc:27 Cuda Alloc Size 80 pointer 0x1481d581b600
x3004c0s25b0n0:45698:50236 [0] NCCL INFO channel.cc:23 Cuda Alloc Size 8064 pointer 0x1481d581b800
x3004c0s25b0n0:45698:50236 [0] NCCL INFO channel.cc:27 Cuda Alloc Size 80 pointer 0x1481d581d800
x3004c0s25b0n0:45698:50236 [0] NCCL INFO channel.cc:23 Cuda Alloc Size 8064 pointer 0x1481d581da00
x3004c0s25b0n0:45698:50236 [0] NCCL INFO channel.cc:27 Cuda Alloc Size 80 pointer 0x1481d581fa00
x3004c0s25b0n0:45698:50236 [0] NCCL INFO Channel 00/0 : 8[7000] -> 10[85000] via P2P/IPC/read
x3004c0s25b0n0:45698:50386 [0] NCCL INFO Mem Realloc old size 0, new size 8 pointer 0x148180000c60
x3004c0s25b0n0:45698:50386 [0] NCCL INFO New proxy send connection 0 from local rank 0, transport 0
x3004c0s25b0n0:45699:50232 [1] NCCL INFO Tree 0 : 8 -> 9 -> 10/4/-1
x3004c0s25b0n0:45699:50232 [1] NCCL INFO Tree 2 : 8 -> 9 -> 10/-1/-1
x3004c0s25b0n0:45699:50232 [1] NCCL INFO Tree 1 : 8 -> 9 -> 10/4/-1
x3004c0s25b0n0:45699:50232 [1] NCCL INFO Tree 3 : 8 -> 9 -> 10/-1/-1
x3004c0s25b0n0:45699:50232 [1] NCCL INFO Ring 00 : 7 -> 9 -> 8
x3004c0s25b0n0:45699:50232 [1] NCCL INFO Ring 01 : 7 -> 9 -> 8
x3004c0s25b0n0:45699:50232 [1] NCCL INFO Ring 02 : 7 -> 9 -> 8
x3004c0s25b0n0:45699:50232 [1] NCCL INFO Ring 03 : 7 -> 9 -> 8
x3004c0s25b0n0:45699:50232 [1] NCCL INFO Trees [0] 10/4/-1->9->8 [1] 10/4/-1->9->8 [2] 10/-1/-1->9->8 [3] 10/-1/-1->9->8
x3004c0s25b0n0:45699:50232 [1] NCCL INFO misc/utils.cc:235 memory stack hunk malloc(65536)
x3004c0s25b0n0:45699:50232 [1] NCCL INFO channel.cc:23 Cuda Alloc Size 8064 pointer 0x14efc7817400
x3004c0s25b0n0:45699:50232 [1] NCCL INFO channel.cc:27 Cuda Alloc Size 80 pointer 0x14efc7819400
x3004c0s25b0n0:45699:50232 [1] NCCL INFO channel.cc:23 Cuda Alloc Size 8064 pointer 0x14efc7819600
x3004c0s25b0n0:45699:50232 [1] NCCL INFO channel.cc:27 Cuda Alloc Size 80 pointer 0x14efc781b600
x3004c0s25b0n0:45699:50232 [1] NCCL INFO channel.cc:23 Cuda Alloc Size 8064 pointer 0x14efc781b800
x3004c0s25b0n0:45699:50232 [1] NCCL INFO channel.cc:27 Cuda Alloc Size 80 pointer 0x14efc781d800
x3004c0s25b0n0:45699:50232 [1] NCCL INFO channel.cc:23 Cuda Alloc Size 8064 pointer 0x14efc781da00
x3004c0s25b0n0:45699:50232 [1] NCCL INFO channel.cc:27 Cuda Alloc Size 80 pointer 0x14efc781fa00
x3004c0s25b0n0:45699:50232 [1] NCCL INFO GPU Direct RDMA Disabled for GPU 46000 / HCA 1 (distance 6 > 4)
x3004c0s25b0n0:45699:50388 [1] NCCL INFO Mem Realloc old size 0, new size 8 pointer 0x14ef70000c60
x3004c0s25b0n0:45699:50388 [1] NCCL INFO Allocated 4194656 bytes of shared memory in /dev/shm/nccl-u6a8MI

x3004c0s25b0n0:45699:50388 [1] NCCL INFO New proxy recv connection 0 from local rank 1, transport 2
x3004c0s25b0n0:45698:50236 [0] NCCL INFO Connection to proxy localRank 0 -> connection 0x148180000c80
x3004c0s25b0n0:45700:50225 [2] NCCL INFO Ring 00 : 8 -> 10 -> 11
x3004c0s25b0n0:45700:50225 [2] NCCL INFO Ring 01 : 8 -> 10 -> 11
x3004c0s25b0n0:45700:50225 [2] NCCL INFO Ring 02 : 8 -> 10 -> 11
x3004c0s25b0n0:45700:50225 [2] NCCL INFO Ring 03 : 8 -> 10 -> 11
x3004c0s25b0n0:45700:50225 [2] NCCL INFO Trees [0] 11/-1/-1->10->9 [1] 11/-1/-1->10->9 [2] 11/-1/-1->10->9 [3] 11/-1/-1->10->9
x3004c0s25b0n0:45700:50225 [2] NCCL INFO misc/utils.cc:235 memory stack hunk malloc(65536)
x3004c0s25b0n0:45700:50225 [2] NCCL INFO channel.cc:23 Cuda Alloc Size 8064 pointer 0x14afd5817400
x3004c0s25b0n0:45700:50225 [2] NCCL INFO channel.cc:27 Cuda Alloc Size 80 pointer 0x14afd5819400
x3004c0s25b0n0:45700:50225 [2] NCCL INFO channel.cc:23 Cuda Alloc Size 8064 pointer 0x14afd5819600
x3004c0s25b0n0:45700:50225 [2] NCCL INFO channel.cc:27 Cuda Alloc Size 80 pointer 0x14afd581b600
x3004c0s25b0n0:45700:50225 [2] NCCL INFO channel.cc:23 Cuda Alloc Size 8064 pointer 0x14afd581b800
x3004c0s25b0n0:45700:50225 [2] NCCL INFO channel.cc:27 Cuda Alloc Size 80 pointer 0x14afd581d800
x3004c0s25b0n0:45700:50225 [2] NCCL INFO channel.cc:23 Cuda Alloc Size 8064 pointer 0x14afd581da00
x3004c0s25b0n0:45700:50225 [2] NCCL INFO channel.cc:27 Cuda Alloc Size 80 pointer 0x14afd581fa00
x3004c0s25b0n0:45700:50225 [2] NCCL INFO Channel 00/0 : 10[85000] -> 11[c7000] via P2P/IPC/read
x3004c0s25b0n0:45700:50391 [2] NCCL INFO Mem Realloc old size 0, new size 8 pointer 0x14af84000c60
x3004c0s25b0n0:45700:50391 [2] NCCL INFO New proxy send connection 0 from local rank 2, transport 0
x3004c0s25b0n0:45701:50234 [3] NCCL INFO Ring 00 : 10 -> 11 -> 13
x3004c0s25b0n0:45701:50234 [3] NCCL INFO Ring 01 : 10 -> 11 -> 13
x3004c0s25b0n0:45701:50234 [3] NCCL INFO Ring 02 : 10 -> 11 -> 13
x3004c0s25b0n0:45701:50234 [3] NCCL INFO Ring 03 : 10 -> 11 -> 13
x3004c0s25b0n0:45701:50234 [3] NCCL INFO Trees [0] -1/-1/-1->11->10 [1] -1/-1/-1->11->10 [2] -1/-1/-1->11->10 [3] -1/-1/-1->11->10
x3004c0s25b0n0:45701:50234 [3] NCCL INFO misc/utils.cc:235 memory stack hunk malloc(65536)
x3004c0s25b0n0:45701:50234 [3] NCCL INFO channel.cc:23 Cuda Alloc Size 8064 pointer 0x14fbfb817400
x3004c0s25b0n0:45701:50234 [3] NCCL INFO channel.cc:27 Cuda Alloc Size 80 pointer 0x14fbfb819400
x3004c0s25b0n0:45701:50234 [3] NCCL INFO channel.cc:23 Cuda Alloc Size 8064 pointer 0x14fbfb819600
x3004c0s25b0n0:45701:50234 [3] NCCL INFO channel.cc:27 Cuda Alloc Size 80 pointer 0x14fbfb81b600
x3004c0s25b0n0:45701:50234 [3] NCCL INFO channel.cc:23 Cuda Alloc Size 8064 pointer 0x14fbfb81b800
x3004c0s25b0n0:45701:50234 [3] NCCL INFO channel.cc:27 Cuda Alloc Size 80 pointer 0x14fbfb81d800
x3004c0s25b0n0:45701:50234 [3] NCCL INFO channel.cc:23 Cuda Alloc Size 8064 pointer 0x14fbfb81da00
x3004c0s25b0n0:45701:50234 [3] NCCL INFO channel.cc:27 Cuda Alloc Size 80 pointer 0x14fbfb81fa00
x3004c0s25b0n0:45699:50232 [1] NCCL INFO Connection to proxy localRank 1 -> connection 0x14ef70000c80
x3004c0s25b0n0:45701:50390 [3] NCCL INFO Mem Realloc old size 0, new size 8 pointer 0x14fba4000c60
x3004c0s25b0n0:45701:50390 [3] NCCL INFO New proxy recv connection 0 from local rank 3, transport 0
x3004c0s25b0n0:45698:50386 [0] NCCL INFO transport/p2p.cc:430 Cuda Alloc Size 6291456 pointer 0x1481f8000000
x3004c0s25b0n0:45701:50234 [3] NCCL INFO Connection to proxy localRank 3 -> connection 0x14fba4000c80
x3004c0s25b0n0:45701:50390 [3] NCCL INFO transport/p2p.cc:449 Cuda Alloc Size 6291456 pointer 0x14fbdf600000
x3004c0s25b0n0:45700:50225 [2] NCCL INFO Connection to proxy localRank 2 -> connection 0x14af84000c80
x3004c0s25b0n0:45700:50391 [2] NCCL INFO transport/p2p.cc:430 Cuda Alloc Size 6291456 pointer 0x14affc000000
x3004c0s25b0n0:45699:50232 [1] NCCL INFO Channel 00/0 : 7[c7000] -> 9[46000] [receive] via NET/IB/1
x3004c0s25b0n0:45699:50232 [1] NCCL INFO GPU Direct RDMA Disabled for GPU 46000 / HCA 0 (distance 7 > 4)
x3004c0s25b0n0:45699:50388 [1] NCCL INFO New proxy recv connection 1 from local rank 1, transport 2
x3004c0s25b0n0:45698:50236 [0] NCCL INFO Channel 01/0 : 8[7000] -> 10[85000] via P2P/IPC/read
x3004c0s25b0n0:45698:50386 [0] NCCL INFO New proxy send connection 1 from local rank 0, transport 0
x3004c0s25b0n0:45698:50236 [0] NCCL INFO Connection to proxy localRank 0 -> connection 0x148180000cc0
x3004c0s25b0n0:45701:50390 [3] NCCL INFO New proxy recv connection 1 from local rank 3, transport 0
x3004c0s25b0n0:45699:50232 [1] NCCL INFO Connection to proxy localRank 1 -> connection 0x14ef70000cc0
x3004c0s25b0n0:45700:50225 [2] NCCL INFO Channel 01/0 : 10[85000] -> 11[c7000] via P2P/IPC/read
x3004c0s25b0n0:45700:50391 [2] NCCL INFO New proxy send connection 1 from local rank 2, transport 0
x3004c0s25b0n0:45698:50386 [0] NCCL INFO transport/p2p.cc:430 Cuda Alloc Size 6291456 pointer 0x1481f8600000
x3004c0s25b0n0:45701:50234 [3] NCCL INFO Connection to proxy localRank 3 -> connection 0x14fba4000cc0
x3004c0s25b0n0:45701:50390 [3] NCCL INFO transport/p2p.cc:449 Cuda Alloc Size 6291456 pointer 0x14fc1f800000
x3004c0s25b0n0:45699:50232 [1] NCCL INFO Channel 01/0 : 7[c7000] -> 9[46000] [receive] via NET/IB/0
x3004c0s25b0n0:45699:50232 [1] NCCL INFO GPU Direct RDMA Disabled for GPU 46000 / HCA 1 (distance 6 > 4)
x3004c0s25b0n0:45699:50388 [1] NCCL INFO New proxy recv connection 2 from local rank 1, transport 2
x3004c0s25b0n0:45700:50225 [2] NCCL INFO Connection to proxy localRank 2 -> connection 0x14af84000cc0
x3004c0s25b0n0:45700:50391 [2] NCCL INFO transport/p2p.cc:430 Cuda Alloc Size 6291456 pointer 0x14affc600000
x3004c0s25b0n0:45698:50236 [0] NCCL INFO Channel 02/0 : 8[7000] -> 10[85000] via P2P/IPC/read
x3004c0s25b0n0:45698:50386 [0] NCCL INFO New proxy send connection 2 from local rank 0, transport 0
x3004c0s25b0n0:45699:50232 [1] NCCL INFO Connection to proxy localRank 1 -> connection 0x14ef70000d00
x3004c0s25b0n0:45699:50232 [1] NCCL INFO Channel 02/0 : 7[c7000] -> 9[46000] [receive] via NET/IB/1
x3004c0s25b0n0:45699:50232 [1] NCCL INFO GPU Direct RDMA Disabled for GPU 46000 / HCA 0 (distance 7 > 4)
x3004c0s25b0n0:45701:50390 [3] NCCL INFO New proxy recv connection 2 from local rank 3, transport 0
x3004c0s25b0n0:45698:50236 [0] NCCL INFO Connection to proxy localRank 0 -> connection 0x148180000d00
x3004c0s25b0n0:45698:50386 [0] NCCL INFO transport/p2p.cc:430 Cuda Alloc Size 6291456 pointer 0x1481f8c00000
x3004c0s25b0n0:45700:50225 [2] NCCL INFO Channel 02/0 : 10[85000] -> 11[c7000] via P2P/IPC/read
x3004c0s25b0n0:45700:50391 [2] NCCL INFO New proxy send connection 2 from local rank 2, transport 0
x3004c0s25b0n0:45699:50388 [1] NCCL INFO New proxy recv connection 3 from local rank 1, transport 2
x3004c0s25b0n0:45698:50236 [0] NCCL INFO Channel 03/0 : 8[7000] -> 10[85000] via P2P/IPC/read
x3004c0s25b0n0:45698:50386 [0] NCCL INFO New proxy send connection 3 from local rank 0, transport 0
x3004c0s25b0n0:45699:50232 [1] NCCL INFO Connection to proxy localRank 1 -> connection 0x14ef70000d40
x3004c0s25b0n0:45700:50225 [2] NCCL INFO Connection to proxy localRank 2 -> connection 0x14af84000d00
x3004c0s25b0n0:45700:50391 [2] NCCL INFO transport/p2p.cc:430 Cuda Alloc Size 6291456 pointer 0x14affcc00000
x3004c0s25b0n0:45701:50234 [3] NCCL INFO Connection to proxy localRank 3 -> connection 0x14fba4000d00
x3004c0s25b0n0:45701:50390 [3] NCCL INFO transport/p2p.cc:449 Cuda Alloc Size 6291456 pointer 0x14fc1fe00000
x3004c0s25b0n0:45698:50236 [0] NCCL INFO Connection to proxy localRank 0 -> connection 0x148180000d40
x3004c0s25b0n0:45699:50232 [1] NCCL INFO Channel 03/0 : 7[c7000] -> 9[46000] [receive] via NET/IB/0
x3004c0s25b0n0:45700:50225 [2] NCCL INFO Channel 03/0 : 10[85000] -> 11[c7000] via P2P/IPC/read
x3004c0s25b0n0:45700:50391 [2] NCCL INFO New proxy send connection 3 from local rank 2, transport 0
x3004c0s25b0n0:45698:50386 [0] NCCL INFO transport/p2p.cc:430 Cuda Alloc Size 6291456 pointer 0x1481f9200000
x3004c0s25b0n0:45701:50390 [3] NCCL INFO New proxy recv connection 3 from local rank 3, transport 0
x3004c0s25b0n0:45701:50234 [3] NCCL INFO Connection to proxy localRank 3 -> connection 0x14fba4000d40
x3004c0s25b0n0:45701:50390 [3] NCCL INFO transport/p2p.cc:449 Cuda Alloc Size 6291456 pointer 0x14fc20400000
x3004c0s25b0n0:45700:50225 [2] NCCL INFO Connection to proxy localRank 2 -> connection 0x14af84000d40
x3004c0s25b0n0:45700:50391 [2] NCCL INFO transport/p2p.cc:430 Cuda Alloc Size 6291456 pointer 0x14affd200000
x3004c0s25b0n0:45701:50234 [3] NCCL INFO GPU Direct RDMA Disabled for GPU c7000 / HCA 1 (distance 7 > 4)
x3004c0s25b0n0:45701:50390 [3] NCCL INFO Allocated 4194656 bytes of shared memory in /dev/shm/nccl-ZrBIST

x3004c0s25b0n0:45701:50390 [3] NCCL INFO New proxy send connection 4 from local rank 3, transport 2
x3004c0s25b0n0:45701:50234 [3] NCCL INFO Connection to proxy localRank 3 -> connection 0x14fba4000d80
x3004c0s25b0n0:45701:50234 [3] NCCL INFO Channel 00/0 : 11[c7000] -> 13[46000] [send] via NET/IB/1
x3004c0s25b0n0:45701:50234 [3] NCCL INFO GPU Direct RDMA Disabled for GPU c7000 / HCA 0 (distance 6 > 4)
x3004c0s25b0n0:45700:50391 [2] NCCL INFO New proxy recv connection 4 from local rank 2, transport 0
x3004c0s25b0n0:45701:50390 [3] NCCL INFO New proxy send connection 5 from local rank 3, transport 2
x3004c0s25b0n0:45700:50225 [2] NCCL INFO Connection to proxy localRank 2 -> connection 0x14af84000d80
x3004c0s25b0n0:45700:50391 [2] NCCL INFO transport/p2p.cc:449 Cuda Alloc Size 6291456 pointer 0x14af7f800000
x3004c0s25b0n0:45700:50391 [2] NCCL INFO New proxy recv connection 5 from local rank 2, transport 0
x3004c0s25b0n0:45701:50234 [3] NCCL INFO Connection to proxy localRank 3 -> connection 0x14fba4000dc0
x3004c0s25b0n0:45701:50234 [3] NCCL INFO Channel 01/0 : 11[c7000] -> 13[46000] [send] via NET/IB/0
x3004c0s25b0n0:45701:50234 [3] NCCL INFO GPU Direct RDMA Disabled for GPU c7000 / HCA 1 (distance 7 > 4)
x3004c0s25b0n0:45701:50390 [3] NCCL INFO New proxy send connection 6 from local rank 3, transport 2
x3004c0s25b0n0:45701:50234 [3] NCCL INFO Connection to proxy localRank 3 -> connection 0x14fba4000e00
x3004c0s25b0n0:45701:50234 [3] NCCL INFO Channel 02/0 : 11[c7000] -> 13[46000] [send] via NET/IB/1
x3004c0s25b0n0:45701:50234 [3] NCCL INFO GPU Direct RDMA Disabled for GPU c7000 / HCA 0 (distance 6 > 4)
x3004c0s25b0n0:45699:50388 [1] NCCL INFO transport/net_ib.cc:683 Ib Alloc Size 21688 pointer 0x14ef7001d000
x3004c0s25b0n0:45699:50388 [1] NCCL INFO transport/net_ib.cc:696 Ib Alloc Size 552 pointer 0x14ef70024000
x3004c0s25b0n0:45701:50390 [3] NCCL INFO New proxy send connection 7 from local rank 3, transport 2
x3004c0s25b0n0:45700:50225 [2] NCCL INFO Connection to proxy localRank 2 -> connection 0x14af84000dc0
x3004c0s25b0n0:45700:50391 [2] NCCL INFO transport/p2p.cc:449 Cuda Alloc Size 6291456 pointer 0x14af7c000000
x3004c0s25b0n0:45699:50388 [1] NCCL INFO transport/net_ib.cc:771 Ib Alloc Size 552 pointer 0x14ef70041000
x3004c0s25b0n0:45699:50388 [1] NCCL INFO transport/net.cc:698 Cuda Host Alloc Size 9641984 pointer 0x14efeaa00000
x3004c0s25b0n0:45701:50234 [3] NCCL INFO Connection to proxy localRank 3 -> connection 0x14fba4000e40
x3004c0s25b0n0:45701:50234 [3] NCCL INFO Channel 03/0 : 11[c7000] -> 13[46000] [send] via NET/IB/0
x3004c0s25b0n0:45701:50390 [3] NCCL INFO transport/net_ib.cc:596 Ib Alloc Size 26560 pointer 0x14fba4020000
x3004c0s25b0n0:45701:50390 [3] NCCL INFO NET/IB: Dev 1 Port 1 qpn 12719 mtu 5 GID 0 (80FE/9F0100FEFF000000)
x3004c0s25b0n0:45701:50390 [3] NCCL INFO transport/net_ib.cc:653 Ib Alloc Size 552 pointer 0x14fba4038000
x3004c0s25b0n0:45701:50390 [3] NCCL INFO transport/net.cc:571 Cuda Host Alloc Size 9641984 pointer 0x14fbaac00000
x3004c0s25b0n0:45700:50391 [2] NCCL INFO New proxy recv connection 6 from local rank 2, transport 0
x3004c0s25b0n0:45699:50388 [1] NCCL INFO transport/net_ib.cc:683 Ib Alloc Size 21688 pointer 0x14ef70043000
x3004c0s25b0n0:45699:50388 [1] NCCL INFO transport/net_ib.cc:696 Ib Alloc Size 552 pointer 0x14ef7004a000
x3004c0s25b0n0:45699:50388 [1] NCCL INFO transport/net_ib.cc:771 Ib Alloc Size 552 pointer 0x14ef70065000
x3004c0s25b0n0:45699:50388 [1] NCCL INFO transport/net.cc:698 Cuda Host Alloc Size 9641984 pointer 0x14efeb400000
x3004c0s25b0n0:45700:50225 [2] NCCL INFO Connection to proxy localRank 2 -> connection 0x14af84000e00
x3004c0s25b0n0:45700:50391 [2] NCCL INFO transport/p2p.cc:449 Cuda Alloc Size 6291456 pointer 0x14af7c600000
x3004c0s25b0n0:45699:50388 [1] NCCL INFO transport/net_ib.cc:683 Ib Alloc Size 21688 pointer 0x14ef70067000
x3004c0s25b0n0:45699:50388 [1] NCCL INFO transport/net_ib.cc:696 Ib Alloc Size 552 pointer 0x14ef7006e000
x3004c0s25b0n0:45701:50390 [3] NCCL INFO transport/net_ib.cc:596 Ib Alloc Size 26560 pointer 0x14fba403a000
x3004c0s25b0n0:45701:50390 [3] NCCL INFO NET/IB: Dev 0 Port 1 qpn 12745 mtu 5 GID 0 (80FE/FC0100FEFF000000)
x3004c0s25b0n0:45701:50390 [3] NCCL INFO transport/net_ib.cc:653 Ib Alloc Size 552 pointer 0x14fba4051000
x3004c0s25b0n0:45701:50390 [3] NCCL INFO transport/net.cc:571 Cuda Host Alloc Size 9641984 pointer 0x14fbab600000
x3004c0s25b0n0:45699:50388 [1] NCCL INFO transport/net_ib.cc:771 Ib Alloc Size 552 pointer 0x14ef70089000
x3004c0s25b0n0:45699:50388 [1] NCCL INFO transport/net.cc:698 Cuda Host Alloc Size 9641984 pointer 0x14efebe00000
x3004c0s25b0n0:45701:50390 [3] NCCL INFO transport/net_ib.cc:596 Ib Alloc Size 26560 pointer 0x14fba4053000
x3004c0s25b0n0:45701:50390 [3] NCCL INFO NET/IB: Dev 1 Port 1 qpn 12722 mtu 5 GID 0 (80FE/9F0100FEFF000000)
x3004c0s25b0n0:45701:50390 [3] NCCL INFO transport/net_ib.cc:653 Ib Alloc Size 552 pointer 0x14fba406a000
x3004c0s25b0n0:45701:50390 [3] NCCL INFO transport/net.cc:571 Cuda Host Alloc Size 9641984 pointer 0x14fb9e000000
x3004c0s25b0n0:45699:50388 [1] NCCL INFO transport/net_ib.cc:683 Ib Alloc Size 21688 pointer 0x14ef7008b000
x3004c0s25b0n0:45699:50388 [1] NCCL INFO transport/net_ib.cc:696 Ib Alloc Size 552 pointer 0x14ef70092000
x3004c0s25b0n0:45700:50391 [2] NCCL INFO New proxy recv connection 7 from local rank 2, transport 0
x3004c0s25b0n0:45699:50388 [1] NCCL INFO transport/net_ib.cc:771 Ib Alloc Size 552 pointer 0x14ef700ad000
x3004c0s25b0n0:45699:50388 [1] NCCL INFO transport/net.cc:698 Cuda Host Alloc Size 9641984 pointer 0x14efec800000
x3004c0s25b0n0:45701:50390 [3] NCCL INFO transport/net_ib.cc:596 Ib Alloc Size 26560 pointer 0x14fba406c000
x3004c0s25b0n0:45701:50390 [3] NCCL INFO NET/IB: Dev 0 Port 1 qpn 12748 mtu 5 GID 0 (80FE/FC0100FEFF000000)
x3004c0s25b0n0:45701:50390 [3] NCCL INFO transport/net_ib.cc:653 Ib Alloc Size 552 pointer 0x14fba4083000
x3004c0s25b0n0:45701:50390 [3] NCCL INFO transport/net.cc:571 Cuda Host Alloc Size 9641984 pointer 0x14fb9ea00000
x3004c0s25b0n0:45700:50225 [2] NCCL INFO Connection to proxy localRank 2 -> connection 0x14af84000e40
x3004c0s25b0n0:45700:50391 [2] NCCL INFO transport/p2p.cc:449 Cuda Alloc Size 6291456 pointer 0x14af7cc00000
x3004c0s25b0n0:45701:50234 [3] NCCL INFO Connected all rings
x3004c0s25b0n0:45701:50234 [3] NCCL INFO Channel 00/0 : 11[c7000] -> 10[85000] via P2P/IPC/read
x3004c0s25b0n0:45701:50390 [3] NCCL INFO New proxy send connection 8 from local rank 3, transport 0
x3004c0s25b0n0:45699:50232 [1] NCCL INFO Channel 00/0 : 9[46000] -> 8[7000] via P2P/IPC/read
x3004c0s25b0n0:45699:50388 [1] NCCL INFO New proxy send connection 4 from local rank 1, transport 0
x3004c0s25b0n0:45700:50225 [2] NCCL INFO Connected all rings
x3004c0s25b0n0:45700:50391 [2] NCCL INFO New proxy recv connection 8 from local rank 2, transport 0
x3004c0s25b0n0:45698:50386 [0] NCCL INFO New proxy recv connection 4 from local rank 0, transport 0
x3004c0s25b0n0:45699:50232 [1] NCCL INFO Connection to proxy localRank 1 -> connection 0x14ef70000d80
x3004c0s25b0n0:45699:50388 [1] NCCL INFO transport/p2p.cc:430 Cuda Alloc Size 6291456 pointer 0x14efed200000
x3004c0s25b0n0:45701:50234 [3] NCCL INFO Connection to proxy localRank 3 -> connection 0x14fba4000e80
x3004c0s25b0n0:45701:50390 [3] NCCL INFO transport/p2p.cc:430 Cuda Alloc Size 6291456 pointer 0x14fb9f400000
x3004c0s25b0n0:45701:50234 [3] NCCL INFO Channel 01/0 : 11[c7000] -> 10[85000] via P2P/IPC/read
x3004c0s25b0n0:45700:50225 [2] NCCL INFO Connection to proxy localRank 2 -> connection 0x14af84000e80
x3004c0s25b0n0:45698:50236 [0] NCCL INFO Connection to proxy localRank 0 -> connection 0x148180000d80
x3004c0s25b0n0:45699:50232 [1] NCCL INFO Channel 01/0 : 9[46000] -> 8[7000] via P2P/IPC/read
x3004c0s25b0n0:45699:50388 [1] NCCL INFO New proxy send connection 5 from local rank 1, transport 0
x3004c0s25b0n0:45700:50391 [2] NCCL INFO transport/p2p.cc:449 Cuda Alloc Size 6291456 pointer 0x14af7ac00000
x3004c0s25b0n0:45698:50386 [0] NCCL INFO transport/p2p.cc:449 Cuda Alloc Size 6291456 pointer 0x14817b800000
x3004c0s25b0n0:45701:50390 [3] NCCL INFO New proxy send connection 9 from local rank 3, transport 0
x3004c0s25b0n0:45701:50234 [3] NCCL INFO Connection to proxy localRank 3 -> connection 0x14fba4000ec0
x3004c0s25b0n0:45701:50390 [3] NCCL INFO transport/p2p.cc:430 Cuda Alloc Size 6291456 pointer 0x14fb9fa00000
x3004c0s25b0n0:45698:50386 [0] NCCL INFO New proxy recv connection 5 from local rank 0, transport 0
x3004c0s25b0n0:45699:50232 [1] NCCL INFO Connection to proxy localRank 1 -> connection 0x14ef70000dc0
x3004c0s25b0n0:45699:50388 [1] NCCL INFO transport/p2p.cc:430 Cuda Alloc Size 6291456 pointer 0x14ef6a000000
x3004c0s25b0n0:45700:50391 [2] NCCL INFO New proxy recv connection 9 from local rank 2, transport 0
x3004c0s25b0n0:45701:50234 [3] NCCL INFO Channel 02/0 : 11[c7000] -> 10[85000] via P2P/IPC/read
x3004c0s25b0n0:45701:50390 [3] NCCL INFO New proxy send connection 10 from local rank 3, transport 0
x3004c0s25b0n0:45699:50232 [1] NCCL INFO Channel 02/0 : 9[46000] -> 8[7000] via P2P/IPC/read
x3004c0s25b0n0:45699:50388 [1] NCCL INFO New proxy send connection 6 from local rank 1, transport 0
x3004c0s25b0n0:45700:50225 [2] NCCL INFO Connection to proxy localRank 2 -> connection 0x14af84000ec0
x3004c0s25b0n0:45700:50391 [2] NCCL INFO transport/p2p.cc:449 Cuda Alloc Size 6291456 pointer 0x14af7b200000
x3004c0s25b0n0:45698:50236 [0] NCCL INFO Connection to proxy localRank 0 -> connection 0x148180000dc0
x3004c0s25b0n0:45698:50386 [0] NCCL INFO transport/p2p.cc:449 Cuda Alloc Size 6291456 pointer 0x148178000000
x3004c0s25b0n0:45701:50234 [3] NCCL INFO Connection to proxy localRank 3 -> connection 0x14fba4000f00
x3004c0s25b0n0:45701:50390 [3] NCCL INFO transport/p2p.cc:430 Cuda Alloc Size 6291456 pointer 0x14fb9c000000
x3004c0s25b0n0:45698:50386 [0] NCCL INFO New proxy recv connection 6 from local rank 0, transport 0
x3004c0s25b0n0:45699:50232 [1] NCCL INFO Connection to proxy localRank 1 -> connection 0x14ef70000e00
x3004c0s25b0n0:45699:50388 [1] NCCL INFO transport/p2p.cc:430 Cuda Alloc Size 6291456 pointer 0x14ef6a600000
x3004c0s25b0n0:45700:50391 [2] NCCL INFO New proxy recv connection 10 from local rank 2, transport 0
x3004c0s25b0n0:45698:50236 [0] NCCL INFO Connection to proxy localRank 0 -> connection 0x148180000e00
x3004c0s25b0n0:45698:50386 [0] NCCL INFO transport/p2p.cc:449 Cuda Alloc Size 6291456 pointer 0x148178600000
x3004c0s25b0n0:45699:50232 [1] NCCL INFO Channel 03/0 : 9[46000] -> 8[7000] via P2P/IPC/read
x3004c0s25b0n0:45699:50388 [1] NCCL INFO New proxy send connection 7 from local rank 1, transport 0
x3004c0s25b0n0:45701:50234 [3] NCCL INFO Channel 03/0 : 11[c7000] -> 10[85000] via P2P/IPC/read
x3004c0s25b0n0:45701:50390 [3] NCCL INFO New proxy send connection 11 from local rank 3, transport 0
x3004c0s25b0n0:45698:50386 [0] NCCL INFO New proxy recv connection 7 from local rank 0, transport 0
x3004c0s25b0n0:45700:50225 [2] NCCL INFO Connection to proxy localRank 2 -> connection 0x14af84000f00
x3004c0s25b0n0:45700:50391 [2] NCCL INFO transport/p2p.cc:449 Cuda Alloc Size 6291456 pointer 0x14af7b800000
x3004c0s25b0n0:45699:50232 [1] NCCL INFO Connection to proxy localRank 1 -> connection 0x14ef70000e40
x3004c0s25b0n0:45699:50388 [1] NCCL INFO transport/p2p.cc:430 Cuda Alloc Size 6291456 pointer 0x14ef6ac00000
x3004c0s25b0n0:45701:50234 [3] NCCL INFO Connection to proxy localRank 3 -> connection 0x14fba4000f40
x3004c0s25b0n0:45701:50390 [3] NCCL INFO transport/p2p.cc:430 Cuda Alloc Size 6291456 pointer 0x14fb9c600000
x3004c0s25b0n0:45698:50236 [0] NCCL INFO Connection to proxy localRank 0 -> connection 0x148180000e40
x3004c0s25b0n0:45698:50386 [0] NCCL INFO transport/p2p.cc:449 Cuda Alloc Size 6291456 pointer 0x148178c00000
x3004c0s25b0n0:45700:50391 [2] NCCL INFO New proxy recv connection 11 from local rank 2, transport 0
x3004c0s25b0n0:45699:50232 [1] NCCL INFO Connected all rings
x3004c0s25b0n0:45698:50236 [0] NCCL INFO Connected all rings
x3004c0s25b0n0:45698:50236 [0] NCCL INFO Channel 00/0 : 8[7000] -> 9[46000] via P2P/IPC/read
x3004c0s25b0n0:45698:50386 [0] NCCL INFO New proxy send connection 8 from local rank 0, transport 0
x3004c0s25b0n0:45698:50236 [0] NCCL INFO Connection to proxy localRank 0 -> connection 0x148180000e80
x3004c0s25b0n0:45699:50388 [1] NCCL INFO New proxy recv connection 8 from local rank 1, transport 0
x3004c0s25b0n0:45700:50225 [2] NCCL INFO Connection to proxy localRank 2 -> connection 0x14af84000f40
x3004c0s25b0n0:45698:50386 [0] NCCL INFO transport/p2p.cc:430 Cuda Alloc Size 6291456 pointer 0x148176c00000
x3004c0s25b0n0:45700:50391 [2] NCCL INFO transport/p2p.cc:449 Cuda Alloc Size 6291456 pointer 0x14af78000000
x3004c0s25b0n0:45699:50232 [1] NCCL INFO Connection to proxy localRank 1 -> connection 0x14ef70000e80
x3004c0s25b0n0:45699:50388 [1] NCCL INFO transport/p2p.cc:449 Cuda Alloc Size 6291456 pointer 0x14ef62c00000
x3004c0s25b0n0:45698:50236 [0] NCCL INFO Channel 01/0 : 8[7000] -> 9[46000] via P2P/IPC/read
x3004c0s25b0n0:45698:50386 [0] NCCL INFO New proxy send connection 9 from local rank 0, transport 0
x3004c0s25b0n0:45699:50388 [1] NCCL INFO New proxy recv connection 9 from local rank 1, transport 0
x3004c0s25b0n0:45698:50236 [0] NCCL INFO Connection to proxy localRank 0 -> connection 0x148180000ec0
x3004c0s25b0n0:45698:50386 [0] NCCL INFO transport/p2p.cc:430 Cuda Alloc Size 6291456 pointer 0x148177200000
x3004c0s25b0n0:45699:50232 [1] NCCL INFO Connection to proxy localRank 1 -> connection 0x14ef70000ec0
x3004c0s25b0n0:45699:50388 [1] NCCL INFO transport/p2p.cc:449 Cuda Alloc Size 6291456 pointer 0x14ef63200000
x3004c0s25b0n0:45698:50236 [0] NCCL INFO Channel 02/0 : 8[7000] -> 9[46000] via P2P/IPC/read
x3004c0s25b0n0:45698:50386 [0] NCCL INFO New proxy send connection 10 from local rank 0, transport 0
x3004c0s25b0n0:45699:50388 [1] NCCL INFO New proxy recv connection 10 from local rank 1, transport 0
x3004c0s25b0n0:45699:50232 [1] NCCL INFO Connection to proxy localRank 1 -> connection 0x14ef70000f00
x3004c0s25b0n0:45699:50388 [1] NCCL INFO transport/p2p.cc:449 Cuda Alloc Size 6291456 pointer 0x14ef63800000
x3004c0s25b0n0:45699:50388 [1] NCCL INFO New proxy recv connection 11 from local rank 1, transport 0
x3004c0s25b0n0:45698:50236 [0] NCCL INFO Connection to proxy localRank 0 -> connection 0x148180000f00
x3004c0s25b0n0:45698:50386 [0] NCCL INFO transport/p2p.cc:430 Cuda Alloc Size 6291456 pointer 0x148177800000
x3004c0s25b0n0:45698:50236 [0] NCCL INFO Channel 03/0 : 8[7000] -> 9[46000] via P2P/IPC/read
x3004c0s25b0n0:45698:50386 [0] NCCL INFO New proxy send connection 11 from local rank 0, transport 0
x3004c0s25b0n0:45699:50232 [1] NCCL INFO Connection to proxy localRank 1 -> connection 0x14ef70000f40
x3004c0s25b0n0:45699:50388 [1] NCCL INFO transport/p2p.cc:449 Cuda Alloc Size 6291456 pointer 0x14ef60000000
x3004c0s25b0n0:45699:50232 [1] NCCL INFO Channel 00/0 : 9[46000] -> 10[85000] via P2P/IPC/read
x3004c0s25b0n0:45698:50236 [0] NCCL INFO Connection to proxy localRank 0 -> connection 0x148180000f40
x3004c0s25b0n0:45698:50386 [0] NCCL INFO transport/p2p.cc:430 Cuda Alloc Size 6291456 pointer 0x148174000000
x3004c0s25b0n0:45699:50388 [1] NCCL INFO New proxy send connection 12 from local rank 1, transport 0
x3004c0s25b0n0:45699:50232 [1] NCCL INFO Connection to proxy localRank 1 -> connection 0x14ef70000f80
x3004c0s25b0n0:45699:50388 [1] NCCL INFO transport/p2p.cc:430 Cuda Alloc Size 6291456 pointer 0x14ef60600000
x3004c0s25b0n0:45699:50232 [1] NCCL INFO Channel 01/0 : 9[46000] -> 10[85000] via P2P/IPC/read
x3004c0s25b0n0:45699:50388 [1] NCCL INFO New proxy send connection 13 from local rank 1, transport 0
x3004c0s25b0n0:45699:50232 [1] NCCL INFO Connection to proxy localRank 1 -> connection 0x14ef70000fc0
x3004c0s25b0n0:45699:50388 [1] NCCL INFO transport/p2p.cc:430 Cuda Alloc Size 6291456 pointer 0x14ef60c00000
x3004c0s25b0n0:45699:50232 [1] NCCL INFO Channel 02/0 : 9[46000] -> 10[85000] via P2P/IPC/read
x3004c0s25b0n0:45699:50388 [1] NCCL INFO New proxy send connection 14 from local rank 1, transport 0
x3004c0s25b0n0:45699:50232 [1] NCCL INFO Connection to proxy localRank 1 -> connection 0x14ef70001000
x3004c0s25b0n0:45699:50388 [1] NCCL INFO transport/p2p.cc:430 Cuda Alloc Size 6291456 pointer 0x14ef61200000
x3004c0s25b0n0:45699:50232 [1] NCCL INFO Channel 03/0 : 9[46000] -> 10[85000] via P2P/IPC/read
x3004c0s25b0n0:45699:50388 [1] NCCL INFO New proxy send connection 15 from local rank 1, transport 0
x3004c0s25b0n0:45699:50232 [1] NCCL INFO Connection to proxy localRank 1 -> connection 0x14ef70001040
x3004c0s25b0n0:45699:50388 [1] NCCL INFO transport/p2p.cc:430 Cuda Alloc Size 6291456 pointer 0x14ef61800000
x3004c0s25b0n0:45699:50232 [1] NCCL INFO GPU Direct RDMA Disabled for GPU 46000 / HCA 1 (distance 6 > 4)
x3004c0s25b0n0:45700:50391 [2] NCCL INFO New proxy recv connection 12 from local rank 2, transport 0
x3004c0s25b0n0:45698:50236 [0] NCCL INFO GPU Direct RDMA Disabled for GPU 7000 / HCA 1 (distance 7 > 4)
x3004c0s25b0n0:45698:50386 [0] NCCL INFO Allocated 4194656 bytes of shared memory in /dev/shm/nccl-MBMZFF

x3004c0s25b0n0:45698:50386 [0] NCCL INFO New proxy send connection 12 from local rank 0, transport 2
x3004c0s25b0n0:45699:50388 [1] NCCL INFO New proxy recv connection 16 from local rank 1, transport 2
x3004c0s25b0n0:45700:50225 [2] NCCL INFO Connection to proxy localRank 2 -> connection 0x14af84000f80
x3004c0s25b0n0:45700:50391 [2] NCCL INFO transport/p2p.cc:449 Cuda Alloc Size 6291456 pointer 0x14af76000000
x3004c0s25b0n0:45698:50236 [0] NCCL INFO Connection to proxy localRank 0 -> connection 0x148180000f80
x3004c0s25b0n0:45698:50236 [0] NCCL INFO Channel 00/0 : 8[7000] -> 12[7000] [send] via NET/IB/1
x3004c0s25b0n0:45698:50236 [0] NCCL INFO GPU Direct RDMA Disabled for GPU 7000 / HCA 0 (distance 7 > 4)
x3004c0s25b0n0:45698:50386 [0] NCCL INFO New proxy send connection 13 from local rank 0, transport 2
x3004c0s25b0n0:45699:50232 [1] NCCL INFO Connection to proxy localRank 1 -> connection 0x14ef70001080
x3004c0s25b0n0:45700:50391 [2] NCCL INFO New proxy recv connection 13 from local rank 2, transport 0
x3004c0s25b0n0:45698:50236 [0] NCCL INFO Connection to proxy localRank 0 -> connection 0x148180000fc0
x3004c0s25b0n0:45698:50236 [0] NCCL INFO Channel 01/0 : 8[7000] -> 12[7000] [send] via NET/IB/0
x3004c0s25b0n0:45699:50232 [1] NCCL INFO Channel 00/0 : 4[7000] -> 9[46000] [receive] via NET/IB/1
x3004c0s25b0n0:45699:50232 [1] NCCL INFO GPU Direct RDMA Disabled for GPU 46000 / HCA 0 (distance 7 > 4)
x3004c0s25b0n0:45699:50388 [1] NCCL INFO New proxy recv connection 17 from local rank 1, transport 2
x3004c0s25b0n0:45699:50232 [1] NCCL INFO Connection to proxy localRank 1 -> connection 0x14ef700010c0
x3004c0s25b0n0:45700:50225 [2] NCCL INFO Connection to proxy localRank 2 -> connection 0x14af84000fc0
x3004c0s25b0n0:45700:50391 [2] NCCL INFO transport/p2p.cc:449 Cuda Alloc Size 6291456 pointer 0x14af76600000
x3004c0s25b0n0:45699:50232 [1] NCCL INFO Channel 01/0 : 4[7000] -> 9[46000] [receive] via NET/IB/0
x3004c0s25b0n0:45700:50391 [2] NCCL INFO New proxy recv connection 14 from local rank 2, transport 0
x3004c0s25b0n0:45700:50225 [2] NCCL INFO Connection to proxy localRank 2 -> connection 0x14af84001000
x3004c0s25b0n0:45700:50391 [2] NCCL INFO transport/p2p.cc:449 Cuda Alloc Size 6291456 pointer 0x14af76c00000
x3004c0s25b0n0:45700:50391 [2] NCCL INFO New proxy recv connection 15 from local rank 2, transport 0
x3004c0s25b0n0:45700:50225 [2] NCCL INFO Connection to proxy localRank 2 -> connection 0x14af84001040
x3004c0s25b0n0:45700:50391 [2] NCCL INFO transport/p2p.cc:449 Cuda Alloc Size 6291456 pointer 0x14af77200000
x3004c0s25b0n0:45700:50225 [2] NCCL INFO Channel 00/0 : 10[85000] -> 9[46000] via P2P/IPC/read
x3004c0s25b0n0:45700:50391 [2] NCCL INFO New proxy send connection 16 from local rank 2, transport 0
x3004c0s25b0n0:45700:50225 [2] NCCL INFO Connection to proxy localRank 2 -> connection 0x14af84001080
x3004c0s25b0n0:45700:50391 [2] NCCL INFO transport/p2p.cc:430 Cuda Alloc Size 6291456 pointer 0x14af77800000
x3004c0s25b0n0:45700:50225 [2] NCCL INFO Channel 01/0 : 10[85000] -> 9[46000] via P2P/IPC/read
x3004c0s25b0n0:45700:50391 [2] NCCL INFO New proxy send connection 17 from local rank 2, transport 0
x3004c0s25b0n0:45700:50225 [2] NCCL INFO Connection to proxy localRank 2 -> connection 0x14af840010c0
x3004c0s25b0n0:45700:50391 [2] NCCL INFO transport/p2p.cc:430 Cuda Alloc Size 6291456 pointer 0x14af74000000
x3004c0s25b0n0:45698:50386 [0] NCCL INFO transport/net_ib.cc:596 Ib Alloc Size 26560 pointer 0x14818001b000
x3004c0s25b0n0:45698:50386 [0] NCCL INFO NET/IB: Dev 1 Port 1 qpn 12723 mtu 5 GID 0 (80FE/9F0100FEFF000000)
x3004c0s25b0n0:45698:50386 [0] NCCL INFO transport/net_ib.cc:653 Ib Alloc Size 552 pointer 0x148180033000
x3004c0s25b0n0:45698:50386 [0] NCCL INFO transport/net.cc:571 Cuda Host Alloc Size 9641984 pointer 0x148172000000
x3004c0s25b0n0:45700:50225 [2] NCCL INFO Channel 02/0 : 10[85000] -> 9[46000] via P2P/IPC/read
x3004c0s25b0n0:45700:50391 [2] NCCL INFO New proxy send connection 18 from local rank 2, transport 0
x3004c0s25b0n0:45698:50386 [0] NCCL INFO transport/net_ib.cc:596 Ib Alloc Size 26560 pointer 0x148180035000
x3004c0s25b0n0:45698:50386 [0] NCCL INFO NET/IB: Dev 0 Port 1 qpn 12749 mtu 5 GID 0 (80FE/FC0100FEFF000000)
x3004c0s25b0n0:45698:50386 [0] NCCL INFO transport/net_ib.cc:653 Ib Alloc Size 552 pointer 0x14818004d000
x3004c0s25b0n0:45698:50386 [0] NCCL INFO transport/net.cc:571 Cuda Host Alloc Size 9641984 pointer 0x148172a00000
x3004c0s25b0n0:45700:50225 [2] NCCL INFO Connection to proxy localRank 2 -> connection 0x14af84001100
x3004c0s25b0n0:45700:50391 [2] NCCL INFO transport/p2p.cc:430 Cuda Alloc Size 6291456 pointer 0x14af74600000
x3004c0s25b0n0:45698:50236 [0] NCCL INFO GPU Direct RDMA Disabled for GPU 7000 / HCA 1 (distance 7 > 4)
x3004c0s25b0n0:45698:50386 [0] NCCL INFO New proxy send connection 14 from local rank 0, transport 2
x3004c0s25b0n0:45698:50236 [0] NCCL INFO Connection to proxy localRank 0 -> connection 0x148180001000
x3004c0s25b0n0:45698:50236 [0] NCCL INFO Channel 02/0 : 8[7000] -> 13[46000] [send] via NET/IB/1
x3004c0s25b0n0:45698:50236 [0] NCCL INFO GPU Direct RDMA Disabled for GPU 7000 / HCA 0 (distance 7 > 4)
x3004c0s25b0n0:45698:50386 [0] NCCL INFO New proxy send connection 15 from local rank 0, transport 2
x3004c0s25b0n0:45700:50225 [2] NCCL INFO Channel 03/0 : 10[85000] -> 9[46000] via P2P/IPC/read
x3004c0s25b0n0:45700:50391 [2] NCCL INFO New proxy send connection 19 from local rank 2, transport 0
x3004c0s25b0n0:45700:50225 [2] NCCL INFO Connection to proxy localRank 2 -> connection 0x14af84001140
x3004c0s25b0n0:45700:50391 [2] NCCL INFO transport/p2p.cc:430 Cuda Alloc Size 6291456 pointer 0x14af74c00000
x3004c0s25b0n0:45701:50234 [3] NCCL INFO Connected all trees by HAO
x3004c0s25b0n0:45701:50234 [3] NCCL INFO threadThresholds 8/8/64 | 160/8/64 | 512 | 512
x3004c0s25b0n0:45701:50234 [3] NCCL INFO 4 coll channels, 4 p2p channels, 2 p2p channels per peer
x3004c0s25b0n0:45701:50390 [3] NCCL INFO New proxy send connection 12 from local rank 3, transport 2
x3004c0s25b0n0:45698:50236 [0] NCCL INFO Connection to proxy localRank 0 -> connection 0x148180001040
x3004c0s25b0n0:45698:50236 [0] NCCL INFO Channel 03/0 : 8[7000] -> 13[46000] [send] via NET/IB/0
x3004c0s25b0n0:45698:50386 [0] NCCL INFO transport/net_ib.cc:596 Ib Alloc Size 26560 pointer 0x148180059000
x3004c0s25b0n0:45698:50386 [0] NCCL INFO NET/IB: Dev 1 Port 1 qpn 12724 mtu 5 GID 0 (80FE/9F0100FEFF000000)
x3004c0s25b0n0:45698:50386 [0] NCCL INFO transport/net_ib.cc:653 Ib Alloc Size 552 pointer 0x148180070000
x3004c0s25b0n0:45698:50386 [0] NCCL INFO transport/net.cc:571 Cuda Host Alloc Size 9641984 pointer 0x148173400000
x3004c0s25b0n0:45701:50234 [3] NCCL INFO Connection to proxy localRank 3 -> connection 0x14fba4000f80
x3004c0s25b0n0:45701:50390 [3] NCCL INFO transport/net.cc:376 Cuda Alloc Size 8388608 pointer 0x14fb9a600000
x3004c0s25b0n0:45698:50386 [0] NCCL INFO transport/net_ib.cc:596 Ib Alloc Size 26560 pointer 0x148180072000
x3004c0s25b0n0:45698:50386 [0] NCCL INFO NET/IB: Dev 0 Port 1 qpn 12750 mtu 5 GID 0 (80FE/FC0100FEFF000000)
x3004c0s25b0n0:45698:50386 [0] NCCL INFO transport/net_ib.cc:653 Ib Alloc Size 552 pointer 0x148180089000
x3004c0s25b0n0:45698:50386 [0] NCCL INFO transport/net.cc:571 Cuda Host Alloc Size 9641984 pointer 0x14816a000000
x3004c0s25b0n0:45698:50236 [0] NCCL INFO GPU Direct RDMA Disabled for GPU 7000 / HCA 1 (distance 7 > 4)
x3004c0s25b0n0:45698:50386 [0] NCCL INFO New proxy send connection 16 from local rank 0, transport 2
x3004c0s25b0n0:45698:50236 [0] NCCL INFO Connection to proxy localRank 0 -> connection 0x148180001080
x3004c0s25b0n0:45698:50236 [0] NCCL INFO Channel 00/0 : 8[7000] -> 17[46000] [send] via NET/IB/1
x3004c0s25b0n0:45698:50236 [0] NCCL INFO GPU Direct RDMA Disabled for GPU 7000 / HCA 0 (distance 7 > 4)
x3004c0s25b0n0:45698:50386 [0] NCCL INFO New proxy send connection 17 from local rank 0, transport 2
x3004c0s25b0n0:45698:50236 [0] NCCL INFO Connection to proxy localRank 0 -> connection 0x1481800010c0
x3004c0s25b0n0:45698:50236 [0] NCCL INFO Channel 01/0 : 8[7000] -> 17[46000] [send] via NET/IB/0
x3004c0s25b0n0:45698:50386 [0] NCCL INFO transport/net_ib.cc:596 Ib Alloc Size 26560 pointer 0x148180095000
x3004c0s25b0n0:45699:50388 [1] NCCL INFO transport/net_ib.cc:683 Ib Alloc Size 21688 pointer 0x14ef700be000
x3004c0s25b0n0:45699:50388 [1] NCCL INFO transport/net_ib.cc:696 Ib Alloc Size 552 pointer 0x14ef7001a000
x3004c0s25b0n0:45698:50386 [0] NCCL INFO NET/IB: Dev 1 Port 1 qpn 12725 mtu 5 GID 0 (80FE/9F0100FEFF000000)
x3004c0s25b0n0:45698:50386 [0] NCCL INFO transport/net_ib.cc:653 Ib Alloc Size 552 pointer 0x1481800ac000
x3004c0s25b0n0:45698:50386 [0] NCCL INFO transport/net.cc:571 Cuda Host Alloc Size 9641984 pointer 0x14816aa00000
x3004c0s25b0n0:45698:50386 [0] NCCL INFO transport/net_ib.cc:596 Ib Alloc Size 26560 pointer 0x1481800ae000
x3004c0s25b0n0:45698:50386 [0] NCCL INFO NET/IB: Dev 0 Port 1 qpn 12751 mtu 5 GID 0 (80FE/FC0100FEFF000000)
x3004c0s25b0n0:45698:50386 [0] NCCL INFO transport/net_ib.cc:653 Ib Alloc Size 552 pointer 0x1481800c5000
x3004c0s25b0n0:45698:50386 [0] NCCL INFO transport/net.cc:571 Cuda Host Alloc Size 9641984 pointer 0x14816b400000
x3004c0s25b0n0:45699:50388 [1] NCCL INFO transport/net_ib.cc:771 Ib Alloc Size 552 pointer 0x14ef700df000
x3004c0s25b0n0:45699:50388 [1] NCCL INFO transport/net.cc:698 Cuda Host Alloc Size 9641984 pointer 0x14ef5d200000
x3004c0s25b0n0:45698:50236 [0] NCCL INFO GPU Direct RDMA Disabled for GPU 7000 / HCA 1 (distance 7 > 4)
x3004c0s25b0n0:45698:50386 [0] NCCL INFO New proxy recv connection 18 from local rank 0, transport 2
x3004c0s25b0n0:45699:50388 [1] NCCL INFO transport/net_ib.cc:683 Ib Alloc Size 21688 pointer 0x14ef700e1000
x3004c0s25b0n0:45699:50388 [1] NCCL INFO transport/net_ib.cc:696 Ib Alloc Size 552 pointer 0x14ef700e8000
x3004c0s25b0n0:45699:50388 [1] NCCL INFO transport/net_ib.cc:771 Ib Alloc Size 552 pointer 0x14ef70103000
x3004c0s25b0n0:45699:50388 [1] NCCL INFO transport/net.cc:698 Cuda Host Alloc Size 9641984 pointer 0x14ef5a000000
x3004c0s25b0n0:45698:50236 [0] NCCL INFO Connection to proxy localRank 0 -> connection 0x148180001100
x3004c0s25b0n0:45699:50232 [1] NCCL INFO GPU Direct RDMA Disabled for GPU 46000 / HCA 1 (distance 6 > 4)
x3004c0s25b0n0:45699:50388 [1] NCCL INFO New proxy send connection 18 from local rank 1, transport 2
x3004c0s25b0n0:45698:50236 [0] NCCL INFO Channel 00/0 : 17[46000] -> 8[7000] [receive] via NET/IB/1
x3004c0s25b0n0:45698:50236 [0] NCCL INFO GPU Direct RDMA Disabled for GPU 7000 / HCA 0 (distance 7 > 4)
x3004c0s25b0n0:45698:50386 [0] NCCL INFO New proxy recv connection 19 from local rank 0, transport 2
x3004c0s25b0n0:45699:50232 [1] NCCL INFO Connection to proxy localRank 1 -> connection 0x14ef70001100
x3004c0s25b0n0:45699:50232 [1] NCCL INFO Channel 00/0 : 9[46000] -> 4[7000] [send] via NET/IB/1
x3004c0s25b0n0:45699:50232 [1] NCCL INFO GPU Direct RDMA Disabled for GPU 46000 / HCA 0 (distance 7 > 4)
x3004c0s25b0n0:45699:50388 [1] NCCL INFO New proxy send connection 19 from local rank 1, transport 2
x3004c0s25b0n0:45699:50232 [1] NCCL INFO Connection to proxy localRank 1 -> connection 0x14ef70001140
x3004c0s25b0n0:45699:50232 [1] NCCL INFO Channel 01/0 : 9[46000] -> 4[7000] [send] via NET/IB/0
x3004c0s25b0n0:45699:50388 [1] NCCL INFO transport/net_ib.cc:596 Ib Alloc Size 26560 pointer 0x14ef7010f000
x3004c0s25b0n0:45698:50236 [0] NCCL INFO Connection to proxy localRank 0 -> connection 0x148180001140
x3004c0s25b0n0:45699:50388 [1] NCCL INFO NET/IB: Dev 1 Port 1 qpn 12728 mtu 5 GID 0 (80FE/9F0100FEFF000000)
x3004c0s25b0n0:45699:50388 [1] NCCL INFO transport/net_ib.cc:653 Ib Alloc Size 552 pointer 0x14ef70126000
x3004c0s25b0n0:45699:50388 [1] NCCL INFO transport/net.cc:571 Cuda Host Alloc Size 9641984 pointer 0x14ef5aa00000
x3004c0s25b0n0:45699:50388 [1] NCCL INFO transport/net_ib.cc:596 Ib Alloc Size 26560 pointer 0x14ef70128000
x3004c0s25b0n0:45699:50388 [1] NCCL INFO NET/IB: Dev 0 Port 1 qpn 12754 mtu 5 GID 0 (80FE/FC0100FEFF000000)
x3004c0s25b0n0:45699:50388 [1] NCCL INFO transport/net_ib.cc:653 Ib Alloc Size 552 pointer 0x14ef7013f000
x3004c0s25b0n0:45699:50388 [1] NCCL INFO transport/net.cc:571 Cuda Host Alloc Size 9641984 pointer 0x14ef5b400000
x3004c0s25b0n0:45698:50236 [0] NCCL INFO Channel 01/0 : 17[46000] -> 8[7000] [receive] via NET/IB/0
x3004c0s25b0n0:45699:50388 [1] NCCL INFO New proxy recv connection 20 from local rank 1, transport 0
x3004c0s25b0n0:45698:50386 [0] NCCL INFO transport/net_ib.cc:683 Ib Alloc Size 21688 pointer 0x1481800d1000
x3004c0s25b0n0:45698:50386 [0] NCCL INFO transport/net_ib.cc:696 Ib Alloc Size 552 pointer 0x1481800d8000
x3004c0s25b0n0:45698:50386 [0] NCCL INFO transport/net_ib.cc:771 Ib Alloc Size 552 pointer 0x1481800f4000
x3004c0s25b0n0:45698:50386 [0] NCCL INFO transport/net.cc:698 Cuda Host Alloc Size 9641984 pointer 0x148168000000
x3004c0s25b0n0:45699:50232 [1] NCCL INFO Connection to proxy localRank 1 -> connection 0x14ef70001180
x3004c0s25b0n0:45699:50388 [1] NCCL INFO transport/p2p.cc:449 Cuda Alloc Size 6291456 pointer 0x14ef58000000
x3004c0s25b0n0:45698:50386 [0] NCCL INFO transport/net_ib.cc:683 Ib Alloc Size 21688 pointer 0x1481800f6000
x3004c0s25b0n0:45699:50388 [1] NCCL INFO New proxy recv connection 21 from local rank 1, transport 0
x3004c0s25b0n0:45698:50386 [0] NCCL INFO transport/net_ib.cc:696 Ib Alloc Size 552 pointer 0x1481800fd000
x3004c0s25b0n0:45699:50232 [1] NCCL INFO Connection to proxy localRank 1 -> connection 0x14ef700011c0
x3004c0s25b0n0:45699:50388 [1] NCCL INFO transport/p2p.cc:449 Cuda Alloc Size 6291456 pointer 0x14ef58600000
x3004c0s25b0n0:45698:50386 [0] NCCL INFO transport/net_ib.cc:771 Ib Alloc Size 552 pointer 0x148180118000
x3004c0s25b0n0:45698:50386 [0] NCCL INFO transport/net.cc:698 Cuda Host Alloc Size 9641984 pointer 0x148168a00000
x3004c0s25b0n0:45698:50236 [0] NCCL INFO GPU Direct RDMA Disabled for GPU 7000 / HCA 1 (distance 7 > 4)
x3004c0s25b0n0:45698:50386 [0] NCCL INFO New proxy recv connection 20 from local rank 0, transport 2
x3004c0s25b0n0:45698:50236 [0] NCCL INFO Connection to proxy localRank 0 -> connection 0x148180001180
x3004c0s25b0n0:45699:50388 [1] NCCL INFO New proxy recv connection 22 from local rank 1, transport 0
x3004c0s25b0n0:45698:50236 [0] NCCL INFO Channel 02/0 : 13[46000] -> 8[7000] [receive] via NET/IB/1
x3004c0s25b0n0:45698:50236 [0] NCCL INFO GPU Direct RDMA Disabled for GPU 7000 / HCA 0 (distance 7 > 4)
x3004c0s25b0n0:45698:50386 [0] NCCL INFO New proxy recv connection 21 from local rank 0, transport 2
