x3004c0s25b1n0:33299:36950 [0] NCCL INFO GPU Direct RDMA Disabled for GPU 85000 / HCA 0 (distance 7 > 4)
x3004c0s25b1n0:33299:36950 [0] NCCL INFO GPU Direct RDMA Disabled for GPU c7000 / HCA 0 (distance 6 > 4)
x3004c0s25b1n0:33299:36950 [0] NCCL INFO === System : maxBw 12.0 totalBw 264.0 ===
x3004c0s25b1n0:33299:36950 [0] NCCL INFO CPU/3 (1/2/-1)
x3004c0s25b1n0:33299:36950 [0] NCCL INFO + SYS[5000.0] - CPU/2
x3004c0s25b1n0:33299:36950 [0] NCCL INFO + SYS[5000.0] - CPU/1
x3004c0s25b1n0:33299:36950 [0] NCCL INFO + SYS[5000.0] - CPU/0
x3004c0s25b1n0:33299:36950 [0] NCCL INFO + PCI[24.0] - PCI/5000 (11f8406811f8beef)
x3004c0s25b1n0:33299:36950 [0] NCCL INFO               + PCI[24.0] - GPU/7000 (12)
x3004c0s25b1n0:33299:36950 [0] NCCL INFO                             + NVL[88.0] - GPU/85000
x3004c0s25b1n0:33299:36950 [0] NCCL INFO                             + NVL[88.0] - GPU/C7000
x3004c0s25b1n0:33299:36950 [0] NCCL INFO                             + NVL[88.0] - GPU/46000
x3004c0s25b1n0:33299:36950 [0] NCCL INFO CPU/2 (1/2/-1)
x3004c0s25b1n0:33299:36950 [0] NCCL INFO + SYS[5000.0] - CPU/3
x3004c0s25b1n0:33299:36950 [0] NCCL INFO + SYS[5000.0] - CPU/1
x3004c0s25b1n0:33299:36950 [0] NCCL INFO + SYS[5000.0] - CPU/0
x3004c0s25b1n0:33299:36950 [0] NCCL INFO + PCI[24.0] - PCI/44000 (11f8406811f8beef)
x3004c0s25b1n0:33299:36950 [0] NCCL INFO               + PCI[24.0] - GPU/46000 (13)
x3004c0s25b1n0:33299:36950 [0] NCCL INFO                             + NVL[88.0] - GPU/85000
x3004c0s25b1n0:33299:36950 [0] NCCL INFO                             + NVL[88.0] - GPU/C7000
x3004c0s25b1n0:33299:36950 [0] NCCL INFO                             + NVL[88.0] - GPU/7000
x3004c0s25b1n0:33299:36950 [0] NCCL INFO + PCI[12.0] - NIC/43000
x3004c0s25b1n0:33299:36950 [0] NCCL INFO               + NET[12.5] - NET/1 (cc7604ffffa4e988/1/12.500000)
x3004c0s25b1n0:33299:36950 [0] NCCL INFO CPU/1 (1/2/-1)
x3004c0s25b1n0:33299:36950 [0] NCCL INFO + SYS[5000.0] - CPU/3
x3004c0s25b1n0:33299:36950 [0] NCCL INFO + SYS[5000.0] - CPU/2
x3004c0s25b1n0:33299:36950 [0] NCCL INFO + SYS[5000.0] - CPU/0
x3004c0s25b1n0:33299:36950 [0] NCCL INFO + PCI[24.0] - PCI/83000 (11f8406811f8beef)
x3004c0s25b1n0:33299:36950 [0] NCCL INFO               + PCI[24.0] - GPU/85000 (14)
x3004c0s25b1n0:33299:36950 [0] NCCL INFO                             + NVL[88.0] - GPU/C7000
x3004c0s25b1n0:33299:36950 [0] NCCL INFO                             + NVL[88.0] - GPU/46000
x3004c0s25b1n0:33299:36950 [0] NCCL INFO                             + NVL[88.0] - GPU/7000
x3004c0s25b1n0:33299:36950 [0] NCCL INFO CPU/0 (1/2/-1)
x3004c0s25b1n0:33299:36950 [0] NCCL INFO + SYS[5000.0] - CPU/3
x3004c0s25b1n0:33299:36950 [0] NCCL INFO + SYS[5000.0] - CPU/2
x3004c0s25b1n0:33299:36950 [0] NCCL INFO + SYS[5000.0] - CPU/1
x3004c0s25b1n0:33299:36950 [0] NCCL INFO + PCI[24.0] - PCI/C5000 (11f8406811f8beef)
x3004c0s25b1n0:33299:36950 [0] NCCL INFO               + PCI[24.0] - GPU/C7000 (15)
x3004c0s25b1n0:33299:36950 [0] NCCL INFO                             + NVL[88.0] - GPU/85000
x3004c0s25b1n0:33299:36950 [0] NCCL INFO                             + NVL[88.0] - GPU/46000
x3004c0s25b1n0:33299:36950 [0] NCCL INFO                             + NVL[88.0] - GPU/7000
x3004c0s25b1n0:33299:36950 [0] NCCL INFO + PCI[12.0] - NIC/C8000
x3004c0s25b1n0:33299:36950 [0] NCCL INFO               + NET[12.5] - NET/0 (e47604ffffa4e988/1/12.500000)
x3004c0s25b1n0:33299:36950 [0] NCCL INFO ==========================================
x3004c0s25b1n0:33299:36950 [0] NCCL INFO GPU/7000 :GPU/7000 (0/5000.000000/LOC) GPU/46000 (1/88.000000/NVL) GPU/85000 (1/88.000000/NVL) GPU/C7000 (1/88.000000/NVL) CPU/3 (2/24.000000/PHB) CPU/2 (3/24.000000/SYS) CPU/1 (3/24.000000/SYS) CPU/0 (3/24.000000/SYS) NET/1 (5/12.000000/SYS) NET/0 (5/12.000000/SYS) 
x3004c0s25b1n0:33299:36950 [0] NCCL INFO GPU/46000 :GPU/7000 (1/88.000000/NVL) GPU/46000 (0/5000.000000/LOC) GPU/85000 (1/88.000000/NVL) GPU/C7000 (1/88.000000/NVL) CPU/3 (3/24.000000/SYS) CPU/2 (2/24.000000/PHB) CPU/1 (3/24.000000/SYS) CPU/0 (3/24.000000/SYS) NET/1 (4/12.000000/PHB) NET/0 (5/12.000000/SYS) 
x3004c0s25b1n0:33299:36950 [0] NCCL INFO GPU/85000 :GPU/7000 (1/88.000000/NVL) GPU/46000 (1/88.000000/NVL) GPU/85000 (0/5000.000000/LOC) GPU/C7000 (1/88.000000/NVL) CPU/3 (3/24.000000/SYS) CPU/2 (3/24.000000/SYS) CPU/1 (2/24.000000/PHB) CPU/0 (3/24.000000/SYS) NET/1 (5/12.000000/SYS) NET/0 (5/12.000000/SYS) 
x3004c0s25b1n0:33299:36950 [0] NCCL INFO GPU/C7000 :GPU/7000 (1/88.000000/NVL) GPU/46000 (1/88.000000/NVL) GPU/85000 (1/88.000000/NVL) GPU/C7000 (0/5000.000000/LOC) CPU/3 (3/24.000000/SYS) CPU/2 (3/24.000000/SYS) CPU/1 (3/24.000000/SYS) CPU/0 (2/24.000000/PHB) NET/1 (5/12.000000/SYS) NET/0 (4/12.000000/PHB) 
x3004c0s25b1n0:33299:36950 [0] NCCL INFO NET/1 :GPU/7000 (5/12.000000/SYS) GPU/46000 (4/12.000000/PHB) GPU/85000 (5/12.000000/SYS) GPU/C7000 (5/12.000000/SYS) CPU/3 (3/12.000000/SYS) CPU/2 (2/12.000000/PHB) CPU/1 (3/12.000000/SYS) CPU/0 (3/12.000000/SYS) NET/1 (0/5000.000000/LOC) NET/0 (5/12.000000/SYS) 
x3004c0s25b1n0:33299:36950 [0] NCCL INFO NET/0 :GPU/7000 (5/12.000000/SYS) GPU/46000 (5/12.000000/SYS) GPU/85000 (5/12.000000/SYS) GPU/C7000 (4/12.000000/PHB) CPU/3 (3/12.000000/SYS) CPU/2 (3/12.000000/SYS) CPU/1 (3/12.000000/SYS) CPU/0 (2/12.000000/PHB) NET/1 (5/12.000000/SYS) NET/0 (0/5000.000000/LOC) 
x3004c0s25b1n0:33299:36950 [0] NCCL INFO Pattern 4, crossNic 0, nChannels 2, bw 12.000000/12.000000, type NVL/SYS, sameChannels 1
x3004c0s25b1n0:33299:36950 [0] NCCL INFO  0 : NET/1 GPU/13 GPU/12 GPU/14 GPU/15 NET/1
x3004c0s25b1n0:33299:36950 [0] NCCL INFO  1 : NET/0 GPU/13 GPU/12 GPU/14 GPU/15 NET/0
x3004c0s25b1n0:33299:36950 [0] NCCL INFO Pattern 1, crossNic 0, nChannels 2, bw 24.000000/12.000000, type NVL/SYS, sameChannels 1
x3004c0s25b1n0:33299:36950 [0] NCCL INFO  0 : NET/1 GPU/12 GPU/13 GPU/14 GPU/15 NET/1
x3004c0s25b1n0:33299:36950 [0] NCCL INFO  1 : NET/0 GPU/12 GPU/13 GPU/14 GPU/15 NET/0
x3004c0s25b1n0:33299:36950 [0] NCCL INFO Pattern 3, crossNic 0, nChannels 0, bw 0.000000/0.000000, type NVL/PIX, sameChannels 1
x3004c0s25b1n0:33299:36950 [0] NCCL INFO Tree 0 : 8 -> 12 -> 13/-1/-1
x3004c0s25b1n0:33299:36950 [0] NCCL INFO Tree 2 : 1 -> 12 -> 13/16/-1
x3004c0s25b1n0:33299:36950 [0] NCCL INFO Tree 1 : 8 -> 12 -> 13/-1/-1
x3004c0s25b1n0:33299:36950 [0] NCCL INFO Tree 3 : 1 -> 12 -> 13/16/-1
x3004c0s25b1n0:33299:36950 [0] NCCL INFO Ring 00 : 13 -> 12 -> 14
x3004c0s25b1n0:33299:36950 [0] NCCL INFO Ring 01 : 13 -> 12 -> 14
x3004c0s25b1n0:33299:36950 [0] NCCL INFO Ring 02 : 13 -> 12 -> 14
x3004c0s25b1n0:33299:36950 [0] NCCL INFO Ring 03 : 13 -> 12 -> 14
x3004c0s25b1n0:33299:36950 [0] NCCL INFO Trees [0] 13/-1/-1->12->8 [1] 13/-1/-1->12->8 [2] 13/16/-1->12->1 [3] 13/16/-1->12->1
x3004c0s25b1n0:33299:36950 [0] NCCL INFO misc/utils.cc:235 memory stack hunk malloc(65536)
x3004c0s25b1n0:33299:36950 [0] NCCL INFO channel.cc:23 Cuda Alloc Size 8064 pointer 0x14697b817400
x3004c0s25b1n0:33299:36950 [0] NCCL INFO channel.cc:27 Cuda Alloc Size 80 pointer 0x14697b819400
x3004c0s25b1n0:33299:36950 [0] NCCL INFO channel.cc:23 Cuda Alloc Size 8064 pointer 0x14697b819600
x3004c0s25b1n0:33299:36950 [0] NCCL INFO channel.cc:27 Cuda Alloc Size 80 pointer 0x14697b81b600
x3004c0s25b1n0:33299:36950 [0] NCCL INFO channel.cc:23 Cuda Alloc Size 8064 pointer 0x14697b81b800
x3004c0s25b1n0:33299:36950 [0] NCCL INFO channel.cc:27 Cuda Alloc Size 80 pointer 0x14697b81d800
x3004c0s25b1n0:33299:36950 [0] NCCL INFO channel.cc:23 Cuda Alloc Size 8064 pointer 0x14697b81da00
x3004c0s25b1n0:33299:36950 [0] NCCL INFO channel.cc:27 Cuda Alloc Size 80 pointer 0x14697b81fa00
x3004c0s25b1n0:33299:36950 [0] NCCL INFO Channel 00/0 : 12[7000] -> 14[85000] via P2P/IPC/read
x3004c0s25b1n0:33299:37103 [0] NCCL INFO Mem Realloc old size 0, new size 8 pointer 0x146924000c60
x3004c0s25b1n0:33299:37103 [0] NCCL INFO New proxy send connection 0 from local rank 0, transport 0
x3004c0s25b1n0:33299:36950 [0] NCCL INFO Connection to proxy localRank 0 -> connection 0x146924000c80
x3004c0s25b1n0:33299:37103 [0] NCCL INFO transport/p2p.cc:430 Cuda Alloc Size 6291456 pointer 0x1469a2000000
x3004c0s25b1n0:33306:36948 [1] NCCL INFO Tree 0 : 12 -> 13 -> 14/-1/-1
x3004c0s25b1n0:33306:36948 [1] NCCL INFO Tree 2 : 12 -> 13 -> 14/8/-1
x3004c0s25b1n0:33306:36948 [1] NCCL INFO Tree 1 : 12 -> 13 -> 14/-1/-1
x3004c0s25b1n0:33306:36948 [1] NCCL INFO Tree 3 : 12 -> 13 -> 14/8/-1
x3004c0s25b1n0:33306:36948 [1] NCCL INFO Ring 00 : 11 -> 13 -> 12
x3004c0s25b1n0:33306:36948 [1] NCCL INFO Ring 01 : 11 -> 13 -> 12
x3004c0s25b1n0:33306:36948 [1] NCCL INFO Ring 02 : 11 -> 13 -> 12
x3004c0s25b1n0:33306:36948 [1] NCCL INFO Ring 03 : 11 -> 13 -> 12
x3004c0s25b1n0:33306:36948 [1] NCCL INFO Trees [0] 14/-1/-1->13->12 [1] 14/-1/-1->13->12 [2] 14/8/-1->13->12 [3] 14/8/-1->13->12
x3004c0s25b1n0:33306:36948 [1] NCCL INFO misc/utils.cc:235 memory stack hunk malloc(65536)
x3004c0s25b1n0:33306:36948 [1] NCCL INFO channel.cc:23 Cuda Alloc Size 8064 pointer 0x15530f817400
x3004c0s25b1n0:33306:36948 [1] NCCL INFO channel.cc:27 Cuda Alloc Size 80 pointer 0x15530f819400
x3004c0s25b1n0:33306:36948 [1] NCCL INFO channel.cc:23 Cuda Alloc Size 8064 pointer 0x15530f819600
x3004c0s25b1n0:33306:36948 [1] NCCL INFO channel.cc:27 Cuda Alloc Size 80 pointer 0x15530f81b600
x3004c0s25b1n0:33306:36948 [1] NCCL INFO channel.cc:23 Cuda Alloc Size 8064 pointer 0x15530f81b800
x3004c0s25b1n0:33306:36948 [1] NCCL INFO channel.cc:27 Cuda Alloc Size 80 pointer 0x15530f81d800
x3004c0s25b1n0:33306:36948 [1] NCCL INFO channel.cc:23 Cuda Alloc Size 8064 pointer 0x15530f81da00
x3004c0s25b1n0:33306:36948 [1] NCCL INFO channel.cc:27 Cuda Alloc Size 80 pointer 0x15530f81fa00
x3004c0s25b1n0:33306:36948 [1] NCCL INFO GPU Direct RDMA Disabled for GPU 46000 / HCA 1 (distance 6 > 4)
x3004c0s25b1n0:33306:37094 [1] NCCL INFO Mem Realloc old size 0, new size 8 pointer 0x1552b8000c60
x3004c0s25b1n0:33306:37094 [1] NCCL INFO Allocated 4194656 bytes of shared memory in /dev/shm/nccl-2gsz4C

x3004c0s25b1n0:33306:37094 [1] NCCL INFO New proxy recv connection 0 from local rank 1, transport 2
x3004c0s25b1n0:33308:36949 [2] NCCL INFO Ring 00 : 12 -> 14 -> 15
x3004c0s25b1n0:33308:36949 [2] NCCL INFO Ring 01 : 12 -> 14 -> 15
x3004c0s25b1n0:33308:36949 [2] NCCL INFO Ring 02 : 12 -> 14 -> 15
x3004c0s25b1n0:33308:36949 [2] NCCL INFO Ring 03 : 12 -> 14 -> 15
x3004c0s25b1n0:33308:36949 [2] NCCL INFO Trees [0] 15/-1/-1->14->13 [1] 15/-1/-1->14->13 [2] 15/-1/-1->14->13 [3] 15/-1/-1->14->13
x3004c0s25b1n0:33308:36949 [2] NCCL INFO misc/utils.cc:235 memory stack hunk malloc(65536)
x3004c0s25b1n0:33308:36949 [2] NCCL INFO channel.cc:23 Cuda Alloc Size 8064 pointer 0x14daf1817400
x3004c0s25b1n0:33308:36949 [2] NCCL INFO channel.cc:27 Cuda Alloc Size 80 pointer 0x14daf1819400
x3004c0s25b1n0:33308:36949 [2] NCCL INFO channel.cc:23 Cuda Alloc Size 8064 pointer 0x14daf1819600
x3004c0s25b1n0:33308:36949 [2] NCCL INFO channel.cc:27 Cuda Alloc Size 80 pointer 0x14daf181b600
x3004c0s25b1n0:33308:36949 [2] NCCL INFO channel.cc:23 Cuda Alloc Size 8064 pointer 0x14daf181b800
x3004c0s25b1n0:33308:36949 [2] NCCL INFO channel.cc:27 Cuda Alloc Size 80 pointer 0x14daf181d800
x3004c0s25b1n0:33308:36949 [2] NCCL INFO channel.cc:23 Cuda Alloc Size 8064 pointer 0x14daf181da00
x3004c0s25b1n0:33308:36949 [2] NCCL INFO channel.cc:27 Cuda Alloc Size 80 pointer 0x14daf181fa00
x3004c0s25b1n0:33308:36949 [2] NCCL INFO Channel 00/0 : 14[85000] -> 15[c7000] via P2P/IPC/read
x3004c0s25b1n0:33299:36950 [0] NCCL INFO Channel 01/0 : 12[7000] -> 14[85000] via P2P/IPC/read
x3004c0s25b1n0:33299:37103 [0] NCCL INFO New proxy send connection 1 from local rank 0, transport 0
x3004c0s25b1n0:33306:36948 [1] NCCL INFO Connection to proxy localRank 1 -> connection 0x1552b8000c80
x3004c0s25b1n0:33308:37091 [2] NCCL INFO Mem Realloc old size 0, new size 8 pointer 0x14da9c000c60
x3004c0s25b1n0:33308:37091 [2] NCCL INFO New proxy send connection 0 from local rank 2, transport 0
x3004c0s25b1n0:33313:36951 [3] NCCL INFO Ring 00 : 14 -> 15 -> 17
x3004c0s25b1n0:33313:36951 [3] NCCL INFO Ring 01 : 14 -> 15 -> 17
x3004c0s25b1n0:33313:36951 [3] NCCL INFO Ring 02 : 14 -> 15 -> 17
x3004c0s25b1n0:33313:36951 [3] NCCL INFO Ring 03 : 14 -> 15 -> 17
x3004c0s25b1n0:33313:36951 [3] NCCL INFO Trees [0] -1/-1/-1->15->14 [1] -1/-1/-1->15->14 [2] -1/-1/-1->15->14 [3] -1/-1/-1->15->14
x3004c0s25b1n0:33313:36951 [3] NCCL INFO misc/utils.cc:235 memory stack hunk malloc(65536)
x3004c0s25b1n0:33313:36951 [3] NCCL INFO channel.cc:23 Cuda Alloc Size 8064 pointer 0x147077e17400
x3004c0s25b1n0:33313:36951 [3] NCCL INFO channel.cc:27 Cuda Alloc Size 80 pointer 0x147077e19400
x3004c0s25b1n0:33313:36951 [3] NCCL INFO channel.cc:23 Cuda Alloc Size 8064 pointer 0x147077e19600
x3004c0s25b1n0:33313:36951 [3] NCCL INFO channel.cc:27 Cuda Alloc Size 80 pointer 0x147077e1b600
x3004c0s25b1n0:33313:36951 [3] NCCL INFO channel.cc:23 Cuda Alloc Size 8064 pointer 0x147077e1b800
x3004c0s25b1n0:33313:36951 [3] NCCL INFO channel.cc:27 Cuda Alloc Size 80 pointer 0x147077e1d800
x3004c0s25b1n0:33313:36951 [3] NCCL INFO channel.cc:23 Cuda Alloc Size 8064 pointer 0x147077e1da00
x3004c0s25b1n0:33313:36951 [3] NCCL INFO channel.cc:27 Cuda Alloc Size 80 pointer 0x147077e1fa00
x3004c0s25b1n0:33308:36949 [2] NCCL INFO Connection to proxy localRank 2 -> connection 0x14da9c000c80
x3004c0s25b1n0:33308:37091 [2] NCCL INFO transport/p2p.cc:430 Cuda Alloc Size 6291456 pointer 0x14db14000000
x3004c0s25b1n0:33313:37093 [3] NCCL INFO Mem Realloc old size 0, new size 8 pointer 0x146ffc000c60
x3004c0s25b1n0:33313:37093 [3] NCCL INFO New proxy recv connection 0 from local rank 3, transport 0
x3004c0s25b1n0:33299:36950 [0] NCCL INFO Connection to proxy localRank 0 -> connection 0x146924000cc0
x3004c0s25b1n0:33299:37103 [0] NCCL INFO transport/p2p.cc:430 Cuda Alloc Size 6291456 pointer 0x1469a2600000
x3004c0s25b1n0:33306:36948 [1] NCCL INFO Channel 00/0 : 11[c7000] -> 13[46000] [receive] via NET/IB/1
x3004c0s25b1n0:33306:36948 [1] NCCL INFO GPU Direct RDMA Disabled for GPU 46000 / HCA 0 (distance 7 > 4)
x3004c0s25b1n0:33306:37094 [1] NCCL INFO New proxy recv connection 1 from local rank 1, transport 2
x3004c0s25b1n0:33313:36951 [3] NCCL INFO Connection to proxy localRank 3 -> connection 0x146ffc000c80
x3004c0s25b1n0:33313:37093 [3] NCCL INFO transport/p2p.cc:449 Cuda Alloc Size 6291456 pointer 0x14705c000000
x3004c0s25b1n0:33299:36950 [0] NCCL INFO Channel 02/0 : 12[7000] -> 14[85000] via P2P/IPC/read
x3004c0s25b1n0:33299:37103 [0] NCCL INFO New proxy send connection 2 from local rank 0, transport 0
x3004c0s25b1n0:33306:36948 [1] NCCL INFO Connection to proxy localRank 1 -> connection 0x1552b8000cc0
x3004c0s25b1n0:33308:36949 [2] NCCL INFO Channel 01/0 : 14[85000] -> 15[c7000] via P2P/IPC/read
x3004c0s25b1n0:33308:37091 [2] NCCL INFO New proxy send connection 1 from local rank 2, transport 0
x3004c0s25b1n0:33313:37093 [3] NCCL INFO New proxy recv connection 1 from local rank 3, transport 0
x3004c0s25b1n0:33299:36950 [0] NCCL INFO Connection to proxy localRank 0 -> connection 0x146924000d00
x3004c0s25b1n0:33299:37103 [0] NCCL INFO transport/p2p.cc:430 Cuda Alloc Size 6291456 pointer 0x1469a2c00000
x3004c0s25b1n0:33313:36951 [3] NCCL INFO Connection to proxy localRank 3 -> connection 0x146ffc000cc0
x3004c0s25b1n0:33313:37093 [3] NCCL INFO transport/p2p.cc:449 Cuda Alloc Size 6291456 pointer 0x14705c600000
x3004c0s25b1n0:33306:36948 [1] NCCL INFO Channel 01/0 : 11[c7000] -> 13[46000] [receive] via NET/IB/0
x3004c0s25b1n0:33306:36948 [1] NCCL INFO GPU Direct RDMA Disabled for GPU 46000 / HCA 1 (distance 6 > 4)
x3004c0s25b1n0:33306:37094 [1] NCCL INFO New proxy recv connection 2 from local rank 1, transport 2
x3004c0s25b1n0:33306:36948 [1] NCCL INFO Connection to proxy localRank 1 -> connection 0x1552b8000d00
x3004c0s25b1n0:33308:36949 [2] NCCL INFO Connection to proxy localRank 2 -> connection 0x14da9c000cc0
x3004c0s25b1n0:33308:37091 [2] NCCL INFO transport/p2p.cc:430 Cuda Alloc Size 6291456 pointer 0x14db14600000
x3004c0s25b1n0:33313:37093 [3] NCCL INFO New proxy recv connection 2 from local rank 3, transport 0
x3004c0s25b1n0:33299:36950 [0] NCCL INFO Channel 03/0 : 12[7000] -> 14[85000] via P2P/IPC/read
x3004c0s25b1n0:33299:37103 [0] NCCL INFO New proxy send connection 3 from local rank 0, transport 0
x3004c0s25b1n0:33308:36949 [2] NCCL INFO Channel 02/0 : 14[85000] -> 15[c7000] via P2P/IPC/read
x3004c0s25b1n0:33308:37091 [2] NCCL INFO New proxy send connection 2 from local rank 2, transport 0
x3004c0s25b1n0:33308:36949 [2] NCCL INFO Connection to proxy localRank 2 -> connection 0x14da9c000d00
x3004c0s25b1n0:33308:37091 [2] NCCL INFO transport/p2p.cc:430 Cuda Alloc Size 6291456 pointer 0x14db14c00000
x3004c0s25b1n0:33306:36948 [1] NCCL INFO Channel 02/0 : 11[c7000] -> 13[46000] [receive] via NET/IB/1
x3004c0s25b1n0:33306:36948 [1] NCCL INFO GPU Direct RDMA Disabled for GPU 46000 / HCA 0 (distance 7 > 4)
x3004c0s25b1n0:33306:37094 [1] NCCL INFO New proxy recv connection 3 from local rank 1, transport 2
x3004c0s25b1n0:33313:36951 [3] NCCL INFO Connection to proxy localRank 3 -> connection 0x146ffc000d00
x3004c0s25b1n0:33313:37093 [3] NCCL INFO transport/p2p.cc:449 Cuda Alloc Size 6291456 pointer 0x14705cc00000
x3004c0s25b1n0:33299:36950 [0] NCCL INFO Connection to proxy localRank 0 -> connection 0x146924000d40
x3004c0s25b1n0:33299:37103 [0] NCCL INFO transport/p2p.cc:430 Cuda Alloc Size 6291456 pointer 0x1469a3200000
x3004c0s25b1n0:33308:36949 [2] NCCL INFO Channel 03/0 : 14[85000] -> 15[c7000] via P2P/IPC/read
x3004c0s25b1n0:33308:37091 [2] NCCL INFO New proxy send connection 3 from local rank 2, transport 0
x3004c0s25b1n0:33306:36948 [1] NCCL INFO Connection to proxy localRank 1 -> connection 0x1552b8000d40
x3004c0s25b1n0:33306:36948 [1] NCCL INFO Channel 03/0 : 11[c7000] -> 13[46000] [receive] via NET/IB/0
x3004c0s25b1n0:33313:37093 [3] NCCL INFO New proxy recv connection 3 from local rank 3, transport 0
x3004c0s25b1n0:33308:36949 [2] NCCL INFO Connection to proxy localRank 2 -> connection 0x14da9c000d40
x3004c0s25b1n0:33308:37091 [2] NCCL INFO transport/p2p.cc:430 Cuda Alloc Size 6291456 pointer 0x14db15200000
x3004c0s25b1n0:33313:36951 [3] NCCL INFO Connection to proxy localRank 3 -> connection 0x146ffc000d40
x3004c0s25b1n0:33313:37093 [3] NCCL INFO transport/p2p.cc:449 Cuda Alloc Size 6291456 pointer 0x14705d200000
x3004c0s25b1n0:33313:36951 [3] NCCL INFO GPU Direct RDMA Disabled for GPU c7000 / HCA 1 (distance 7 > 4)
x3004c0s25b1n0:33313:37093 [3] NCCL INFO Allocated 4194656 bytes of shared memory in /dev/shm/nccl-96rt78

x3004c0s25b1n0:33313:37093 [3] NCCL INFO New proxy send connection 4 from local rank 3, transport 2
x3004c0s25b1n0:33308:37091 [2] NCCL INFO New proxy recv connection 4 from local rank 2, transport 0
x3004c0s25b1n0:33308:36949 [2] NCCL INFO Connection to proxy localRank 2 -> connection 0x14da9c000d80
x3004c0s25b1n0:33308:37091 [2] NCCL INFO transport/p2p.cc:449 Cuda Alloc Size 6291456 pointer 0x14da97800000
x3004c0s25b1n0:33313:36951 [3] NCCL INFO Connection to proxy localRank 3 -> connection 0x146ffc000d80
x3004c0s25b1n0:33313:36951 [3] NCCL INFO Channel 00/0 : 15[c7000] -> 17[46000] [send] via NET/IB/1
x3004c0s25b1n0:33313:36951 [3] NCCL INFO GPU Direct RDMA Disabled for GPU c7000 / HCA 0 (distance 6 > 4)
x3004c0s25b1n0:33313:37093 [3] NCCL INFO New proxy send connection 5 from local rank 3, transport 2
x3004c0s25b1n0:33313:36951 [3] NCCL INFO Connection to proxy localRank 3 -> connection 0x146ffc000dc0
x3004c0s25b1n0:33313:36951 [3] NCCL INFO Channel 01/0 : 15[c7000] -> 17[46000] [send] via NET/IB/0
x3004c0s25b1n0:33313:36951 [3] NCCL INFO GPU Direct RDMA Disabled for GPU c7000 / HCA 1 (distance 7 > 4)
x3004c0s25b1n0:33313:37093 [3] NCCL INFO New proxy send connection 6 from local rank 3, transport 2
x3004c0s25b1n0:33308:37091 [2] NCCL INFO New proxy recv connection 5 from local rank 2, transport 0
x3004c0s25b1n0:33313:36951 [3] NCCL INFO Connection to proxy localRank 3 -> connection 0x146ffc000e00
x3004c0s25b1n0:33313:36951 [3] NCCL INFO Channel 02/0 : 15[c7000] -> 17[46000] [send] via NET/IB/1
x3004c0s25b1n0:33313:36951 [3] NCCL INFO GPU Direct RDMA Disabled for GPU c7000 / HCA 0 (distance 6 > 4)
x3004c0s25b1n0:33313:37093 [3] NCCL INFO New proxy send connection 7 from local rank 3, transport 2
x3004c0s25b1n0:33308:36949 [2] NCCL INFO Connection to proxy localRank 2 -> connection 0x14da9c000dc0
x3004c0s25b1n0:33308:37091 [2] NCCL INFO transport/p2p.cc:449 Cuda Alloc Size 6291456 pointer 0x14da94000000
x3004c0s25b1n0:33308:37091 [2] NCCL INFO New proxy recv connection 6 from local rank 2, transport 0
x3004c0s25b1n0:33308:36949 [2] NCCL INFO Connection to proxy localRank 2 -> connection 0x14da9c000e00
x3004c0s25b1n0:33308:37091 [2] NCCL INFO transport/p2p.cc:449 Cuda Alloc Size 6291456 pointer 0x14da94600000
x3004c0s25b1n0:33313:36951 [3] NCCL INFO Connection to proxy localRank 3 -> connection 0x146ffc000e40
x3004c0s25b1n0:33313:36951 [3] NCCL INFO Channel 03/0 : 15[c7000] -> 17[46000] [send] via NET/IB/0
x3004c0s25b1n0:33313:37093 [3] NCCL INFO transport/net_ib.cc:596 Ib Alloc Size 26560 pointer 0x146ffc020000
x3004c0s25b1n0:33313:37093 [3] NCCL INFO NET/IB: Dev 1 Port 1 qpn 11069 mtu 5 GID 0 (80FE/DA0100FEFF000000)
x3004c0s25b1n0:33313:37093 [3] NCCL INFO transport/net_ib.cc:653 Ib Alloc Size 552 pointer 0x146ffc038000
x3004c0s25b1n0:33313:37093 [3] NCCL INFO transport/net.cc:571 Cuda Host Alloc Size 9641984 pointer 0x147088800000
x3004c0s25b1n0:33308:37091 [2] NCCL INFO New proxy recv connection 7 from local rank 2, transport 0
x3004c0s25b1n0:33313:37093 [3] NCCL INFO transport/net_ib.cc:596 Ib Alloc Size 26560 pointer 0x146ffc03a000
x3004c0s25b1n0:33313:37093 [3] NCCL INFO NET/IB: Dev 0 Port 1 qpn 10824 mtu 5 GID 0 (80FE/880100FEFF000000)
x3004c0s25b1n0:33313:37093 [3] NCCL INFO transport/net_ib.cc:653 Ib Alloc Size 552 pointer 0x146ffc051000
x3004c0s25b1n0:33313:37093 [3] NCCL INFO transport/net.cc:571 Cuda Host Alloc Size 9641984 pointer 0x147089200000
x3004c0s25b1n0:33308:36949 [2] NCCL INFO Connection to proxy localRank 2 -> connection 0x14da9c000e40
x3004c0s25b1n0:33306:37094 [1] NCCL INFO transport/net_ib.cc:683 Ib Alloc Size 21688 pointer 0x1552b801d000
x3004c0s25b1n0:33306:37094 [1] NCCL INFO transport/net_ib.cc:696 Ib Alloc Size 552 pointer 0x1552b8024000
x3004c0s25b1n0:33308:37091 [2] NCCL INFO transport/p2p.cc:449 Cuda Alloc Size 6291456 pointer 0x14da94c00000
x3004c0s25b1n0:33308:36949 [2] NCCL INFO Connected all rings
x3004c0s25b1n0:33306:37094 [1] NCCL INFO transport/net_ib.cc:771 Ib Alloc Size 552 pointer 0x1552b8041000
x3004c0s25b1n0:33306:37094 [1] NCCL INFO transport/net.cc:698 Cuda Host Alloc Size 9641984 pointer 0x155332a00000
x3004c0s25b1n0:33306:37094 [1] NCCL INFO transport/net_ib.cc:683 Ib Alloc Size 21688 pointer 0x1552b8043000
x3004c0s25b1n0:33308:37091 [2] NCCL INFO New proxy recv connection 8 from local rank 2, transport 0
x3004c0s25b1n0:33299:37103 [0] NCCL INFO New proxy recv connection 4 from local rank 0, transport 0
x3004c0s25b1n0:33306:37094 [1] NCCL INFO transport/net_ib.cc:696 Ib Alloc Size 552 pointer 0x1552b804a000
x3004c0s25b1n0:33313:37093 [3] NCCL INFO transport/net_ib.cc:596 Ib Alloc Size 26560 pointer 0x146ffc053000
x3004c0s25b1n0:33308:36949 [2] NCCL INFO Connection to proxy localRank 2 -> connection 0x14da9c000e80
x3004c0s25b1n0:33308:37091 [2] NCCL INFO transport/p2p.cc:449 Cuda Alloc Size 6291456 pointer 0x14da92c00000
x3004c0s25b1n0:33299:36950 [0] NCCL INFO Connection to proxy localRank 0 -> connection 0x146924000d80
x3004c0s25b1n0:33313:37093 [3] NCCL INFO NET/IB: Dev 1 Port 1 qpn 11072 mtu 5 GID 0 (80FE/DA0100FEFF000000)
x3004c0s25b1n0:33313:37093 [3] NCCL INFO transport/net_ib.cc:653 Ib Alloc Size 552 pointer 0x146ffc06a000
x3004c0s25b1n0:33313:37093 [3] NCCL INFO transport/net.cc:571 Cuda Host Alloc Size 9641984 pointer 0x147089c00000
x3004c0s25b1n0:33299:37103 [0] NCCL INFO transport/p2p.cc:449 Cuda Alloc Size 6291456 pointer 0x14691f800000
x3004c0s25b1n0:33313:37093 [3] NCCL INFO transport/net_ib.cc:596 Ib Alloc Size 26560 pointer 0x146ffc06c000
x3004c0s25b1n0:33313:37093 [3] NCCL INFO NET/IB: Dev 0 Port 1 qpn 10825 mtu 5 GID 0 (80FE/880100FEFF000000)
x3004c0s25b1n0:33313:37093 [3] NCCL INFO transport/net_ib.cc:653 Ib Alloc Size 552 pointer 0x146ffc083000
x3004c0s25b1n0:33313:37093 [3] NCCL INFO transport/net.cc:571 Cuda Host Alloc Size 9641984 pointer 0x14708a600000
x3004c0s25b1n0:33306:37094 [1] NCCL INFO transport/net_ib.cc:771 Ib Alloc Size 552 pointer 0x1552b8065000
x3004c0s25b1n0:33306:37094 [1] NCCL INFO transport/net.cc:698 Cuda Host Alloc Size 9641984 pointer 0x155333400000
x3004c0s25b1n0:33299:37103 [0] NCCL INFO New proxy recv connection 5 from local rank 0, transport 0
x3004c0s25b1n0:33306:37094 [1] NCCL INFO transport/net_ib.cc:683 Ib Alloc Size 21688 pointer 0x1552b8067000
x3004c0s25b1n0:33306:37094 [1] NCCL INFO transport/net_ib.cc:696 Ib Alloc Size 552 pointer 0x1552b806e000
x3004c0s25b1n0:33313:36951 [3] NCCL INFO Connected all rings
x3004c0s25b1n0:33313:36951 [3] NCCL INFO Channel 00/0 : 15[c7000] -> 14[85000] via P2P/IPC/read
x3004c0s25b1n0:33313:37093 [3] NCCL INFO New proxy send connection 8 from local rank 3, transport 0
x3004c0s25b1n0:33308:37091 [2] NCCL INFO New proxy recv connection 9 from local rank 2, transport 0
x3004c0s25b1n0:33308:36949 [2] NCCL INFO Connection to proxy localRank 2 -> connection 0x14da9c000ec0
x3004c0s25b1n0:33308:37091 [2] NCCL INFO transport/p2p.cc:449 Cuda Alloc Size 6291456 pointer 0x14da93200000
x3004c0s25b1n0:33299:36950 [0] NCCL INFO Connection to proxy localRank 0 -> connection 0x146924000dc0
x3004c0s25b1n0:33306:37094 [1] NCCL INFO transport/net_ib.cc:771 Ib Alloc Size 552 pointer 0x1552b8089000
x3004c0s25b1n0:33306:37094 [1] NCCL INFO transport/net.cc:698 Cuda Host Alloc Size 9641984 pointer 0x155333e00000
x3004c0s25b1n0:33299:37103 [0] NCCL INFO transport/p2p.cc:449 Cuda Alloc Size 6291456 pointer 0x14691c000000
x3004c0s25b1n0:33306:37094 [1] NCCL INFO transport/net_ib.cc:683 Ib Alloc Size 21688 pointer 0x1552b808b000
x3004c0s25b1n0:33306:37094 [1] NCCL INFO transport/net_ib.cc:696 Ib Alloc Size 552 pointer 0x1552b8092000
x3004c0s25b1n0:33313:36951 [3] NCCL INFO Connection to proxy localRank 3 -> connection 0x146ffc000e80
x3004c0s25b1n0:33313:37093 [3] NCCL INFO transport/p2p.cc:430 Cuda Alloc Size 6291456 pointer 0x14708f400000
x3004c0s25b1n0:33308:37091 [2] NCCL INFO New proxy recv connection 10 from local rank 2, transport 0
x3004c0s25b1n0:33313:36951 [3] NCCL INFO Channel 01/0 : 15[c7000] -> 14[85000] via P2P/IPC/read
x3004c0s25b1n0:33313:37093 [3] NCCL INFO New proxy send connection 9 from local rank 3, transport 0
x3004c0s25b1n0:33299:37103 [0] NCCL INFO New proxy recv connection 6 from local rank 0, transport 0
x3004c0s25b1n0:33306:37094 [1] NCCL INFO transport/net_ib.cc:771 Ib Alloc Size 552 pointer 0x1552b80ad000
x3004c0s25b1n0:33306:37094 [1] NCCL INFO transport/net.cc:698 Cuda Host Alloc Size 9641984 pointer 0x155334800000
x3004c0s25b1n0:33306:36948 [1] NCCL INFO Channel 00/0 : 13[46000] -> 12[7000] via P2P/IPC/read
x3004c0s25b1n0:33306:37094 [1] NCCL INFO New proxy send connection 4 from local rank 1, transport 0
x3004c0s25b1n0:33308:36949 [2] NCCL INFO Connection to proxy localRank 2 -> connection 0x14da9c000f00
x3004c0s25b1n0:33308:37091 [2] NCCL INFO transport/p2p.cc:449 Cuda Alloc Size 6291456 pointer 0x14da93800000
x3004c0s25b1n0:33313:36951 [3] NCCL INFO Connection to proxy localRank 3 -> connection 0x146ffc000ec0
x3004c0s25b1n0:33313:37093 [3] NCCL INFO transport/p2p.cc:430 Cuda Alloc Size 6291456 pointer 0x14708fa00000
x3004c0s25b1n0:33299:36950 [0] NCCL INFO Connection to proxy localRank 0 -> connection 0x146924000e00
x3004c0s25b1n0:33306:36948 [1] NCCL INFO Connection to proxy localRank 1 -> connection 0x1552b8000d80
x3004c0s25b1n0:33306:37094 [1] NCCL INFO transport/p2p.cc:430 Cuda Alloc Size 6291456 pointer 0x155335200000
x3004c0s25b1n0:33308:37091 [2] NCCL INFO New proxy recv connection 11 from local rank 2, transport 0
x3004c0s25b1n0:33313:36951 [3] NCCL INFO Channel 02/0 : 15[c7000] -> 14[85000] via P2P/IPC/read
x3004c0s25b1n0:33313:37093 [3] NCCL INFO New proxy send connection 10 from local rank 3, transport 0
x3004c0s25b1n0:33299:37103 [0] NCCL INFO transport/p2p.cc:449 Cuda Alloc Size 6291456 pointer 0x14691c600000
x3004c0s25b1n0:33308:36949 [2] NCCL INFO Connection to proxy localRank 2 -> connection 0x14da9c000f40
x3004c0s25b1n0:33308:37091 [2] NCCL INFO transport/p2p.cc:449 Cuda Alloc Size 6291456 pointer 0x14da90000000
x3004c0s25b1n0:33313:36951 [3] NCCL INFO Connection to proxy localRank 3 -> connection 0x146ffc000f00
x3004c0s25b1n0:33313:37093 [3] NCCL INFO transport/p2p.cc:430 Cuda Alloc Size 6291456 pointer 0x1470c3800000
x3004c0s25b1n0:33299:37103 [0] NCCL INFO New proxy recv connection 7 from local rank 0, transport 0
x3004c0s25b1n0:33306:36948 [1] NCCL INFO Channel 01/0 : 13[46000] -> 12[7000] via P2P/IPC/read
x3004c0s25b1n0:33306:37094 [1] NCCL INFO New proxy send connection 5 from local rank 1, transport 0
x3004c0s25b1n0:33313:36951 [3] NCCL INFO Channel 03/0 : 15[c7000] -> 14[85000] via P2P/IPC/read
x3004c0s25b1n0:33313:37093 [3] NCCL INFO New proxy send connection 11 from local rank 3, transport 0
x3004c0s25b1n0:33306:36948 [1] NCCL INFO Connection to proxy localRank 1 -> connection 0x1552b8000dc0
x3004c0s25b1n0:33306:37094 [1] NCCL INFO transport/p2p.cc:430 Cuda Alloc Size 6291456 pointer 0x1552b2000000
x3004c0s25b1n0:33306:36948 [1] NCCL INFO Channel 02/0 : 13[46000] -> 12[7000] via P2P/IPC/read
x3004c0s25b1n0:33306:37094 [1] NCCL INFO New proxy send connection 6 from local rank 1, transport 0
x3004c0s25b1n0:33299:36950 [0] NCCL INFO Connection to proxy localRank 0 -> connection 0x146924000e40
x3004c0s25b1n0:33299:37103 [0] NCCL INFO transport/p2p.cc:449 Cuda Alloc Size 6291456 pointer 0x14691cc00000
x3004c0s25b1n0:33313:36951 [3] NCCL INFO Connection to proxy localRank 3 -> connection 0x146ffc000f40
x3004c0s25b1n0:33313:37093 [3] NCCL INFO transport/p2p.cc:430 Cuda Alloc Size 6291456 pointer 0x146ffa000000
x3004c0s25b1n0:33306:36948 [1] NCCL INFO Connection to proxy localRank 1 -> connection 0x1552b8000e00
x3004c0s25b1n0:33306:37094 [1] NCCL INFO transport/p2p.cc:430 Cuda Alloc Size 6291456 pointer 0x1552b2600000
x3004c0s25b1n0:33306:36948 [1] NCCL INFO Channel 03/0 : 13[46000] -> 12[7000] via P2P/IPC/read
x3004c0s25b1n0:33306:37094 [1] NCCL INFO New proxy send connection 7 from local rank 1, transport 0
x3004c0s25b1n0:33306:36948 [1] NCCL INFO Connection to proxy localRank 1 -> connection 0x1552b8000e40
x3004c0s25b1n0:33306:37094 [1] NCCL INFO transport/p2p.cc:430 Cuda Alloc Size 6291456 pointer 0x1552b2c00000
x3004c0s25b1n0:33306:36948 [1] NCCL INFO Connected all rings
x3004c0s25b1n0:33306:37094 [1] NCCL INFO New proxy recv connection 8 from local rank 1, transport 0
x3004c0s25b1n0:33299:36950 [0] NCCL INFO Connected all rings
x3004c0s25b1n0:33299:36950 [0] NCCL INFO Channel 00/0 : 12[7000] -> 13[46000] via P2P/IPC/read
x3004c0s25b1n0:33299:37103 [0] NCCL INFO New proxy send connection 8 from local rank 0, transport 0
x3004c0s25b1n0:33306:36948 [1] NCCL INFO Connection to proxy localRank 1 -> connection 0x1552b8000e80
x3004c0s25b1n0:33306:37094 [1] NCCL INFO transport/p2p.cc:449 Cuda Alloc Size 6291456 pointer 0x1552aac00000
x3004c0s25b1n0:33299:36950 [0] NCCL INFO Connection to proxy localRank 0 -> connection 0x146924000e80
x3004c0s25b1n0:33299:37103 [0] NCCL INFO transport/p2p.cc:430 Cuda Alloc Size 6291456 pointer 0x14691ac00000
x3004c0s25b1n0:33306:37094 [1] NCCL INFO New proxy recv connection 9 from local rank 1, transport 0
x3004c0s25b1n0:33299:36950 [0] NCCL INFO Channel 01/0 : 12[7000] -> 13[46000] via P2P/IPC/read
x3004c0s25b1n0:33299:37103 [0] NCCL INFO New proxy send connection 9 from local rank 0, transport 0
x3004c0s25b1n0:33299:36950 [0] NCCL INFO Connection to proxy localRank 0 -> connection 0x146924000ec0
x3004c0s25b1n0:33299:37103 [0] NCCL INFO transport/p2p.cc:430 Cuda Alloc Size 6291456 pointer 0x14691b200000
x3004c0s25b1n0:33306:36948 [1] NCCL INFO Connection to proxy localRank 1 -> connection 0x1552b8000ec0
x3004c0s25b1n0:33306:37094 [1] NCCL INFO transport/p2p.cc:449 Cuda Alloc Size 6291456 pointer 0x1552ab200000
x3004c0s25b1n0:33299:36950 [0] NCCL INFO Channel 02/0 : 12[7000] -> 13[46000] via P2P/IPC/read
x3004c0s25b1n0:33299:37103 [0] NCCL INFO New proxy send connection 10 from local rank 0, transport 0
x3004c0s25b1n0:33306:37094 [1] NCCL INFO New proxy recv connection 10 from local rank 1, transport 0
x3004c0s25b1n0:33299:36950 [0] NCCL INFO Connection to proxy localRank 0 -> connection 0x146924000f00
x3004c0s25b1n0:33299:37103 [0] NCCL INFO transport/p2p.cc:430 Cuda Alloc Size 6291456 pointer 0x14691b800000
x3004c0s25b1n0:33306:36948 [1] NCCL INFO Connection to proxy localRank 1 -> connection 0x1552b8000f00
x3004c0s25b1n0:33306:37094 [1] NCCL INFO transport/p2p.cc:449 Cuda Alloc Size 6291456 pointer 0x1552ab800000
x3004c0s25b1n0:33299:36950 [0] NCCL INFO Channel 03/0 : 12[7000] -> 13[46000] via P2P/IPC/read
x3004c0s25b1n0:33299:37103 [0] NCCL INFO New proxy send connection 11 from local rank 0, transport 0
x3004c0s25b1n0:33299:36950 [0] NCCL INFO Connection to proxy localRank 0 -> connection 0x146924000f40
x3004c0s25b1n0:33306:37094 [1] NCCL INFO New proxy recv connection 11 from local rank 1, transport 0
x3004c0s25b1n0:33299:37103 [0] NCCL INFO transport/p2p.cc:430 Cuda Alloc Size 6291456 pointer 0x146918000000
x3004c0s25b1n0:33306:36948 [1] NCCL INFO Connection to proxy localRank 1 -> connection 0x1552b8000f40
x3004c0s25b1n0:33306:37094 [1] NCCL INFO transport/p2p.cc:449 Cuda Alloc Size 6291456 pointer 0x1552a8000000
x3004c0s25b1n0:33306:36948 [1] NCCL INFO Channel 00/0 : 13[46000] -> 14[85000] via P2P/IPC/read
x3004c0s25b1n0:33306:37094 [1] NCCL INFO New proxy send connection 12 from local rank 1, transport 0
x3004c0s25b1n0:33306:36948 [1] NCCL INFO Connection to proxy localRank 1 -> connection 0x1552b8000f80
x3004c0s25b1n0:33306:37094 [1] NCCL INFO transport/p2p.cc:430 Cuda Alloc Size 6291456 pointer 0x1552a8600000
x3004c0s25b1n0:33306:36948 [1] NCCL INFO Channel 01/0 : 13[46000] -> 14[85000] via P2P/IPC/read
x3004c0s25b1n0:33306:37094 [1] NCCL INFO New proxy send connection 13 from local rank 1, transport 0
x3004c0s25b1n0:33306:36948 [1] NCCL INFO Connection to proxy localRank 1 -> connection 0x1552b8000fc0
x3004c0s25b1n0:33306:37094 [1] NCCL INFO transport/p2p.cc:430 Cuda Alloc Size 6291456 pointer 0x1552a8c00000
x3004c0s25b1n0:33306:36948 [1] NCCL INFO Channel 02/0 : 13[46000] -> 14[85000] via P2P/IPC/read
x3004c0s25b1n0:33306:37094 [1] NCCL INFO New proxy send connection 14 from local rank 1, transport 0
x3004c0s25b1n0:33306:36948 [1] NCCL INFO Connection to proxy localRank 1 -> connection 0x1552b8001000
x3004c0s25b1n0:33306:37094 [1] NCCL INFO transport/p2p.cc:430 Cuda Alloc Size 6291456 pointer 0x1552a9200000
x3004c0s25b1n0:33306:36948 [1] NCCL INFO Channel 03/0 : 13[46000] -> 14[85000] via P2P/IPC/read
x3004c0s25b1n0:33306:37094 [1] NCCL INFO New proxy send connection 15 from local rank 1, transport 0
x3004c0s25b1n0:33306:36948 [1] NCCL INFO Connection to proxy localRank 1 -> connection 0x1552b8001040
x3004c0s25b1n0:33306:37094 [1] NCCL INFO transport/p2p.cc:430 Cuda Alloc Size 6291456 pointer 0x1552a9800000
x3004c0s25b1n0:33306:36948 [1] NCCL INFO GPU Direct RDMA Disabled for GPU 46000 / HCA 1 (distance 6 > 4)
x3004c0s25b1n0:33306:37094 [1] NCCL INFO New proxy recv connection 16 from local rank 1, transport 2
x3004c0s25b1n0:33299:36950 [0] NCCL INFO GPU Direct RDMA Disabled for GPU 7000 / HCA 1 (distance 7 > 4)
x3004c0s25b1n0:33299:37103 [0] NCCL INFO Allocated 4194656 bytes of shared memory in /dev/shm/nccl-YjIFj8

x3004c0s25b1n0:33299:37103 [0] NCCL INFO New proxy recv connection 12 from local rank 0, transport 2
x3004c0s25b1n0:33308:37091 [2] NCCL INFO New proxy recv connection 12 from local rank 2, transport 0
x3004c0s25b1n0:33299:36950 [0] NCCL INFO Connection to proxy localRank 0 -> connection 0x146924000f80
x3004c0s25b1n0:33306:36948 [1] NCCL INFO Connection to proxy localRank 1 -> connection 0x1552b8001080
x3004c0s25b1n0:33308:36949 [2] NCCL INFO Connection to proxy localRank 2 -> connection 0x14da9c000f80
x3004c0s25b1n0:33308:37091 [2] NCCL INFO transport/p2p.cc:449 Cuda Alloc Size 6291456 pointer 0x14da8e000000
x3004c0s25b1n0:33299:36950 [0] NCCL INFO Channel 00/0 : 8[7000] -> 12[7000] [receive] via NET/IB/1
x3004c0s25b1n0:33299:36950 [0] NCCL INFO GPU Direct RDMA Disabled for GPU 7000 / HCA 0 (distance 7 > 4)
x3004c0s25b1n0:33299:37103 [0] NCCL INFO New proxy recv connection 13 from local rank 0, transport 2
x3004c0s25b1n0:33299:36950 [0] NCCL INFO Connection to proxy localRank 0 -> connection 0x146924000fc0
x3004c0s25b1n0:33306:36948 [1] NCCL INFO Channel 02/0 : 8[7000] -> 13[46000] [receive] via NET/IB/1
x3004c0s25b1n0:33306:36948 [1] NCCL INFO GPU Direct RDMA Disabled for GPU 46000 / HCA 0 (distance 7 > 4)
x3004c0s25b1n0:33306:37094 [1] NCCL INFO New proxy recv connection 17 from local rank 1, transport 2
x3004c0s25b1n0:33308:37091 [2] NCCL INFO New proxy recv connection 13 from local rank 2, transport 0
x3004c0s25b1n0:33299:36950 [0] NCCL INFO Channel 01/0 : 8[7000] -> 12[7000] [receive] via NET/IB/0
x3004c0s25b1n0:33299:36950 [0] NCCL INFO GPU Direct RDMA Disabled for GPU 7000 / HCA 1 (distance 7 > 4)
x3004c0s25b1n0:33299:37103 [0] NCCL INFO New proxy send connection 14 from local rank 0, transport 2
x3004c0s25b1n0:33306:36948 [1] NCCL INFO Connection to proxy localRank 1 -> connection 0x1552b80010c0
x3004c0s25b1n0:33308:36949 [2] NCCL INFO Connection to proxy localRank 2 -> connection 0x14da9c000fc0
x3004c0s25b1n0:33308:37091 [2] NCCL INFO transport/p2p.cc:449 Cuda Alloc Size 6291456 pointer 0x14da8e600000
x3004c0s25b1n0:33308:37091 [2] NCCL INFO New proxy recv connection 14 from local rank 2, transport 0
x3004c0s25b1n0:33308:36949 [2] NCCL INFO Connection to proxy localRank 2 -> connection 0x14da9c001000
x3004c0s25b1n0:33306:36948 [1] NCCL INFO Channel 03/0 : 8[7000] -> 13[46000] [receive] via NET/IB/0
x3004c0s25b1n0:33299:36950 [0] NCCL INFO Connection to proxy localRank 0 -> connection 0x146924001000
x3004c0s25b1n0:33299:36950 [0] NCCL INFO Channel 02/0 : 12[7000] -> 16[7000] [send] via NET/IB/1
x3004c0s25b1n0:33299:36950 [0] NCCL INFO GPU Direct RDMA Disabled for GPU 7000 / HCA 0 (distance 7 > 4)
x3004c0s25b1n0:33299:37103 [0] NCCL INFO New proxy send connection 15 from local rank 0, transport 2
x3004c0s25b1n0:33308:37091 [2] NCCL INFO transport/p2p.cc:449 Cuda Alloc Size 6291456 pointer 0x14da8ec00000
x3004c0s25b1n0:33299:36950 [0] NCCL INFO Connection to proxy localRank 0 -> connection 0x146924001040
x3004c0s25b1n0:33299:36950 [0] NCCL INFO Channel 03/0 : 12[7000] -> 16[7000] [send] via NET/IB/0
x3004c0s25b1n0:33299:37103 [0] NCCL INFO transport/net_ib.cc:596 Ib Alloc Size 26560 pointer 0x146924026000
x3004c0s25b1n0:33299:37103 [0] NCCL INFO NET/IB: Dev 1 Port 1 qpn 11075 mtu 5 GID 0 (80FE/DA0100FEFF000000)
x3004c0s25b1n0:33299:37103 [0] NCCL INFO transport/net_ib.cc:653 Ib Alloc Size 552 pointer 0x14692403e000
x3004c0s25b1n0:33308:37091 [2] NCCL INFO New proxy recv connection 15 from local rank 2, transport 0
x3004c0s25b1n0:33299:37103 [0] NCCL INFO transport/net.cc:571 Cuda Host Alloc Size 9641984 pointer 0x146916000000
x3004c0s25b1n0:33299:37103 [0] NCCL INFO transport/net_ib.cc:596 Ib Alloc Size 26560 pointer 0x146924040000
x3004c0s25b1n0:33299:37103 [0] NCCL INFO NET/IB: Dev 0 Port 1 qpn 10830 mtu 5 GID 0 (80FE/880100FEFF000000)
x3004c0s25b1n0:33299:37103 [0] NCCL INFO transport/net_ib.cc:653 Ib Alloc Size 552 pointer 0x146924057000
x3004c0s25b1n0:33299:37103 [0] NCCL INFO transport/net.cc:571 Cuda Host Alloc Size 9641984 pointer 0x146916a00000
x3004c0s25b1n0:33308:36949 [2] NCCL INFO Connection to proxy localRank 2 -> connection 0x14da9c001040
x3004c0s25b1n0:33299:37103 [0] NCCL INFO transport/net_ib.cc:683 Ib Alloc Size 21688 pointer 0x146924059000
x3004c0s25b1n0:33299:37103 [0] NCCL INFO transport/net_ib.cc:696 Ib Alloc Size 552 pointer 0x146924060000
x3004c0s25b1n0:33299:37103 [0] NCCL INFO transport/net_ib.cc:771 Ib Alloc Size 552 pointer 0x14692407c000
x3004c0s25b1n0:33299:37103 [0] NCCL INFO transport/net.cc:698 Cuda Host Alloc Size 9641984 pointer 0x146917400000
x3004c0s25b1n0:33308:37091 [2] NCCL INFO transport/p2p.cc:449 Cuda Alloc Size 6291456 pointer 0x14da8f200000
x3004c0s25b1n0:33299:37103 [0] NCCL INFO transport/net_ib.cc:683 Ib Alloc Size 21688 pointer 0x14692407e000
x3004c0s25b1n0:33299:37103 [0] NCCL INFO transport/net_ib.cc:696 Ib Alloc Size 552 pointer 0x146924085000
x3004c0s25b1n0:33308:36949 [2] NCCL INFO Channel 00/0 : 14[85000] -> 13[46000] via P2P/IPC/read
x3004c0s25b1n0:33308:37091 [2] NCCL INFO New proxy send connection 16 from local rank 2, transport 0
x3004c0s25b1n0:33308:36949 [2] NCCL INFO Connection to proxy localRank 2 -> connection 0x14da9c001080
x3004c0s25b1n0:33299:37103 [0] NCCL INFO transport/net_ib.cc:771 Ib Alloc Size 552 pointer 0x1469240a0000
x3004c0s25b1n0:33299:37103 [0] NCCL INFO transport/net.cc:698 Cuda Host Alloc Size 9641984 pointer 0x14690e000000
x3004c0s25b1n0:33308:37091 [2] NCCL INFO transport/p2p.cc:430 Cuda Alloc Size 6291456 pointer 0x14da8f800000
x3004c0s25b1n0:33299:36950 [0] NCCL INFO GPU Direct RDMA Disabled for GPU 7000 / HCA 1 (distance 7 > 4)
x3004c0s25b1n0:33306:37094 [1] NCCL INFO transport/net_ib.cc:683 Ib Alloc Size 21688 pointer 0x1552b80be000
x3004c0s25b1n0:33306:37094 [1] NCCL INFO transport/net_ib.cc:696 Ib Alloc Size 552 pointer 0x1552b801a000
x3004c0s25b1n0:33299:37103 [0] NCCL INFO New proxy send connection 16 from local rank 0, transport 2
x3004c0s25b1n0:33308:36949 [2] NCCL INFO Channel 01/0 : 14[85000] -> 13[46000] via P2P/IPC/read
x3004c0s25b1n0:33308:37091 [2] NCCL INFO New proxy send connection 17 from local rank 2, transport 0
x3004c0s25b1n0:33308:36949 [2] NCCL INFO Connection to proxy localRank 2 -> connection 0x14da9c0010c0
x3004c0s25b1n0:33308:37091 [2] NCCL INFO transport/p2p.cc:430 Cuda Alloc Size 6291456 pointer 0x14da8c000000
x3004c0s25b1n0:33299:36950 [0] NCCL INFO Connection to proxy localRank 0 -> connection 0x146924001080
x3004c0s25b1n0:33299:36950 [0] NCCL INFO Channel 02/0 : 12[7000] -> 1[46000] [send] via NET/IB/1
x3004c0s25b1n0:33299:36950 [0] NCCL INFO GPU Direct RDMA Disabled for GPU 7000 / HCA 0 (distance 7 > 4)
x3004c0s25b1n0:33299:37103 [0] NCCL INFO New proxy send connection 17 from local rank 0, transport 2
x3004c0s25b1n0:33308:36949 [2] NCCL INFO Channel 02/0 : 14[85000] -> 13[46000] via P2P/IPC/read
x3004c0s25b1n0:33308:37091 [2] NCCL INFO New proxy send connection 18 from local rank 2, transport 0
x3004c0s25b1n0:33306:37094 [1] NCCL INFO transport/net_ib.cc:771 Ib Alloc Size 552 pointer 0x1552b80df000
x3004c0s25b1n0:33306:37094 [1] NCCL INFO transport/net.cc:698 Cuda Host Alloc Size 9641984 pointer 0x1552a5200000
x3004c0s25b1n0:33306:37094 [1] NCCL INFO transport/net_ib.cc:683 Ib Alloc Size 21688 pointer 0x1552b80e1000
x3004c0s25b1n0:33306:37094 [1] NCCL INFO transport/net_ib.cc:696 Ib Alloc Size 552 pointer 0x1552b80e8000
x3004c0s25b1n0:33306:37094 [1] NCCL INFO transport/net_ib.cc:771 Ib Alloc Size 552 pointer 0x1552b8103000
x3004c0s25b1n0:33306:37094 [1] NCCL INFO transport/net.cc:698 Cuda Host Alloc Size 9641984 pointer 0x1552a2000000
x3004c0s25b1n0:33306:36948 [1] NCCL INFO GPU Direct RDMA Disabled for GPU 46000 / HCA 1 (distance 6 > 4)
x3004c0s25b1n0:33306:37094 [1] NCCL INFO New proxy send connection 18 from local rank 1, transport 2
x3004c0s25b1n0:33299:36950 [0] NCCL INFO Connection to proxy localRank 0 -> connection 0x1469240010c0
x3004c0s25b1n0:33299:36950 [0] NCCL INFO Channel 03/0 : 12[7000] -> 1[46000] [send] via NET/IB/0
x3004c0s25b1n0:33299:37103 [0] NCCL INFO transport/net_ib.cc:596 Ib Alloc Size 26560 pointer 0x1469240ac000
x3004c0s25b1n0:33308:36949 [2] NCCL INFO Connection to proxy localRank 2 -> connection 0x14da9c001100
x3004c0s25b1n0:33308:37091 [2] NCCL INFO transport/p2p.cc:430 Cuda Alloc Size 6291456 pointer 0x14da8c600000
x3004c0s25b1n0:33308:36949 [2] NCCL INFO Channel 03/0 : 14[85000] -> 13[46000] via P2P/IPC/read
x3004c0s25b1n0:33299:37103 [0] NCCL INFO NET/IB: Dev 1 Port 1 qpn 11080 mtu 5 GID 0 (80FE/DA0100FEFF000000)
x3004c0s25b1n0:33299:37103 [0] NCCL INFO transport/net_ib.cc:653 Ib Alloc Size 552 pointer 0x1469240c3000
x3004c0s25b1n0:33299:37103 [0] NCCL INFO transport/net.cc:571 Cuda Host Alloc Size 9641984 pointer 0x14690ea00000
x3004c0s25b1n0:33308:37091 [2] NCCL INFO New proxy send connection 19 from local rank 2, transport 0
x3004c0s25b1n0:33299:37103 [0] NCCL INFO transport/net_ib.cc:596 Ib Alloc Size 26560 pointer 0x1469240c5000
x3004c0s25b1n0:33299:37103 [0] NCCL INFO NET/IB: Dev 0 Port 1 qpn 10835 mtu 5 GID 0 (80FE/880100FEFF000000)
x3004c0s25b1n0:33299:37103 [0] NCCL INFO transport/net_ib.cc:653 Ib Alloc Size 552 pointer 0x1469240dc000
x3004c0s25b1n0:33299:37103 [0] NCCL INFO transport/net.cc:571 Cuda Host Alloc Size 9641984 pointer 0x14690f400000
x3004c0s25b1n0:33299:36950 [0] NCCL INFO GPU Direct RDMA Disabled for GPU 7000 / HCA 1 (distance 7 > 4)
x3004c0s25b1n0:33306:36948 [1] NCCL INFO Connection to proxy localRank 1 -> connection 0x1552b8001100
x3004c0s25b1n0:33306:36948 [1] NCCL INFO Channel 02/0 : 13[46000] -> 8[7000] [send] via NET/IB/1
x3004c0s25b1n0:33306:36948 [1] NCCL INFO GPU Direct RDMA Disabled for GPU 46000 / HCA 0 (distance 7 > 4)
x3004c0s25b1n0:33306:37094 [1] NCCL INFO New proxy send connection 19 from local rank 1, transport 2
x3004c0s25b1n0:33299:37103 [0] NCCL INFO New proxy recv connection 18 from local rank 0, transport 2
x3004c0s25b1n0:33308:36949 [2] NCCL INFO Connection to proxy localRank 2 -> connection 0x14da9c001140
x3004c0s25b1n0:33308:37091 [2] NCCL INFO transport/p2p.cc:430 Cuda Alloc Size 6291456 pointer 0x14da8cc00000
x3004c0s25b1n0:33306:36948 [1] NCCL INFO Connection to proxy localRank 1 -> connection 0x1552b8001140
x3004c0s25b1n0:33306:36948 [1] NCCL INFO Channel 03/0 : 13[46000] -> 8[7000] [send] via NET/IB/0
x3004c0s25b1n0:33313:36951 [3] NCCL INFO Connected all trees by HAO
x3004c0s25b1n0:33313:36951 [3] NCCL INFO threadThresholds 8/8/64 | 160/8/64 | 512 | 512
x3004c0s25b1n0:33313:36951 [3] NCCL INFO 4 coll channels, 4 p2p channels, 2 p2p channels per peer
x3004c0s25b1n0:33313:37093 [3] NCCL INFO New proxy send connection 12 from local rank 3, transport 2
x3004c0s25b1n0:33299:36950 [0] NCCL INFO Connection to proxy localRank 0 -> connection 0x146924001100
x3004c0s25b1n0:33313:36951 [3] NCCL INFO Connection to proxy localRank 3 -> connection 0x146ffc000f80
x3004c0s25b1n0:33313:37093 [3] NCCL INFO transport/net.cc:376 Cuda Alloc Size 8388608 pointer 0x146ff8000000
x3004c0s25b1n0:33299:36950 [0] NCCL INFO Channel 02/0 : 1[46000] -> 12[7000] [receive] via NET/IB/1
x3004c0s25b1n0:33299:36950 [0] NCCL INFO GPU Direct RDMA Disabled for GPU 7000 / HCA 0 (distance 7 > 4)
x3004c0s25b1n0:33299:37103 [0] NCCL INFO New proxy recv connection 19 from local rank 0, transport 2
x3004c0s25b1n0:33299:36950 [0] NCCL INFO Connection to proxy localRank 0 -> connection 0x146924001140
x3004c0s25b1n0:33299:36950 [0] NCCL INFO Channel 03/0 : 1[46000] -> 12[7000] [receive] via NET/IB/0
x3004c0s25b1n0:33299:37103 [0] NCCL INFO transport/net_ib.cc:683 Ib Alloc Size 21688 pointer 0x1469240e8000
x3004c0s25b1n0:33299:37103 [0] NCCL INFO transport/net_ib.cc:696 Ib Alloc Size 552 pointer 0x1469240ef000
x3004c0s25b1n0:33299:37103 [0] NCCL INFO transport/net_ib.cc:771 Ib Alloc Size 552 pointer 0x14692410a000
x3004c0s25b1n0:33299:37103 [0] NCCL INFO transport/net.cc:698 Cuda Host Alloc Size 9641984 pointer 0x14690c000000
x3004c0s25b1n0:33299:37103 [0] NCCL INFO transport/net_ib.cc:683 Ib Alloc Size 21688 pointer 0x14692410c000
x3004c0s25b1n0:33299:37103 [0] NCCL INFO transport/net_ib.cc:696 Ib Alloc Size 552 pointer 0x146924113000
x3004c0s25b1n0:33299:37103 [0] NCCL INFO transport/net_ib.cc:771 Ib Alloc Size 552 pointer 0x14692412e000
x3004c0s25b1n0:33299:37103 [0] NCCL INFO transport/net.cc:698 Cuda Host Alloc Size 9641984 pointer 0x14690ca00000
x3004c0s25b1n0:33299:36950 [0] NCCL INFO GPU Direct RDMA Disabled for GPU 7000 / HCA 1 (distance 7 > 4)
x3004c0s25b1n0:33299:37103 [0] NCCL INFO New proxy recv connection 20 from local rank 0, transport 2
x3004c0s25b1n0:33299:36950 [0] NCCL INFO Connection to proxy localRank 0 -> connection 0x146924001180
x3004c0s25b1n0:33299:36950 [0] NCCL INFO Channel 02/0 : 16[7000] -> 12[7000] [receive] via NET/IB/1
x3004c0s25b1n0:33299:36950 [0] NCCL INFO GPU Direct RDMA Disabled for GPU 7000 / HCA 0 (distance 7 > 4)
x3004c0s25b1n0:33299:37103 [0] NCCL INFO New proxy recv connection 21 from local rank 0, transport 2
x3004c0s25b1n0:33299:36950 [0] NCCL INFO Connection to proxy localRank 0 -> connection 0x1469240011c0
x3004c0s25b1n0:33299:36950 [0] NCCL INFO Channel 03/0 : 16[7000] -> 12[7000] [receive] via NET/IB/0
x3004c0s25b1n0:33299:36950 [0] NCCL INFO GPU Direct RDMA Disabled for GPU 7000 / HCA 1 (distance 7 > 4)
x3004c0s25b1n0:33299:37103 [0] NCCL INFO New proxy send connection 22 from local rank 0, transport 2
x3004c0s25b1n0:33306:37094 [1] NCCL INFO transport/net_ib.cc:596 Ib Alloc Size 26560 pointer 0x1552b810f000
x3004c0s25b1n0:33306:37094 [1] NCCL INFO NET/IB: Dev 1 Port 1 qpn 11083 mtu 5 GID 0 (80FE/DA0100FEFF000000)
x3004c0s25b1n0:33306:37094 [1] NCCL INFO transport/net_ib.cc:653 Ib Alloc Size 552 pointer 0x1552b8126000
x3004c0s25b1n0:33306:37094 [1] NCCL INFO transport/net.cc:571 Cuda Host Alloc Size 9641984 pointer 0x1552a2a00000
x3004c0s25b1n0:33306:37094 [1] NCCL INFO transport/net_ib.cc:596 Ib Alloc Size 26560 pointer 0x1552b8128000
x3004c0s25b1n0:33306:37094 [1] NCCL INFO NET/IB: Dev 0 Port 1 qpn 10838 mtu 5 GID 0 (80FE/880100FEFF000000)
x3004c0s25b1n0:33306:37094 [1] NCCL INFO transport/net_ib.cc:653 Ib Alloc Size 552 pointer 0x1552b813f000
x3004c0s25b1n0:33306:37094 [1] NCCL INFO transport/net.cc:571 Cuda Host Alloc Size 9641984 pointer 0x1552a3400000
