x3103c0s37b0n0:25107:26388 [1] NCCL INFO Mem Realloc old size 0, new size 768 pointer 0x1517d006e4f0
x3103c0s37b0n0:25109:26205 [3] NCCL INFO Connection to proxy localRank 3 -> connection 0x151348000e40
x3103c0s37b0n0:25109:26205 [3] NCCL INFO Channel 03/0 : 19[c7000] -> 1[46000] [send] via NET/IB/0
x3103c0s37b0n0:25109:26389 [3] NCCL INFO transport/net_ib.cc:596 Ib Alloc Size 26560 pointer 0x151348020000
x3103c0s37b0n0:25107:26388 [1] NCCL INFO transport/net_ib.cc:683 Ib Alloc Size 21688 pointer 0x1517d007b000
x3103c0s37b0n0:25107:26388 [1] NCCL INFO transport/net_ib.cc:696 Ib Alloc Size 552 pointer 0x1517d0082000
x3103c0s37b0n0:25107:26388 [1] NCCL INFO transport/net_ib.cc:771 Ib Alloc Size 552 pointer 0x1517d009d000
x3103c0s37b0n0:25107:26388 [1] NCCL INFO transport/net.cc:698 Cuda Host Alloc Size 9641984 pointer 0x151819400000
x3103c0s37b0n0:25108:26387 [2] NCCL INFO New proxy recv connection 6 from local rank 2, transport 0
x3103c0s37b0n0:25109:26389 [3] NCCL INFO NET/IB: Dev 1 Port 1 qpn 10027 mtu 5 GID 0 (80FE/482100FEFF000000)
x3103c0s37b0n0:25109:26389 [3] NCCL INFO transport/net_ib.cc:653 Ib Alloc Size 552 pointer 0x151348042000
x3103c0s37b0n0:25109:26389 [3] NCCL INFO transport/net.cc:571 Cuda Host Alloc Size 9641984 pointer 0x151397000000
x3103c0s37b0n0:25109:26389 [3] NCCL INFO Mem Realloc old size 0, new size 768 pointer 0x15134802f5c0
x3103c0s37b0n0:25107:26388 [1] NCCL INFO transport/net_ib.cc:683 Ib Alloc Size 21688 pointer 0x1517d009f000
x3103c0s37b0n0:25107:26388 [1] NCCL INFO transport/net_ib.cc:696 Ib Alloc Size 552 pointer 0x1517d00a6000
x3103c0s37b0n0:25107:26388 [1] NCCL INFO transport/net_ib.cc:771 Ib Alloc Size 552 pointer 0x1517d00c1000
x3103c0s37b0n0:25107:26388 [1] NCCL INFO transport/net.cc:698 Cuda Host Alloc Size 9641984 pointer 0x151819e00000
x3103c0s37b0n0:25108:26210 [2] NCCL INFO Connection to proxy localRank 2 -> connection 0x153620000e00
x3103c0s37b0n0:25108:26387 [2] NCCL INFO transport/p2p.cc:449 Cuda Alloc Size 6291456 pointer 0x15366bc00000
x3103c0s37b0n0:25109:26389 [3] NCCL INFO transport/net_ib.cc:596 Ib Alloc Size 26560 pointer 0x151348042000
x3103c0s37b0n0:25107:26207 [1] NCCL INFO Channel 00/0 : 17[46000] -> 16[7000] via P2P/IPC/read
x3103c0s37b0n0:25107:26388 [1] NCCL INFO New proxy send connection 4 from local rank 1, transport 0
x3103c0s37b0n0:25109:26389 [3] NCCL INFO NET/IB: Dev 0 Port 1 qpn 14919 mtu 5 GID 0 (80FE/782100FEFF000000)
x3103c0s37b0n0:25109:26389 [3] NCCL INFO transport/net_ib.cc:653 Ib Alloc Size 552 pointer 0x151348064000
x3103c0s37b0n0:25109:26389 [3] NCCL INFO transport/net.cc:571 Cuda Host Alloc Size 9641984 pointer 0x151397a00000
x3103c0s37b0n0:25109:26389 [3] NCCL INFO Mem Realloc old size 0, new size 768 pointer 0x151348051c50
x3103c0s37b0n0:25108:26387 [2] NCCL INFO New proxy recv connection 7 from local rank 2, transport 0
x3103c0s37b0n0:25109:26389 [3] NCCL INFO transport/net_ib.cc:596 Ib Alloc Size 26560 pointer 0x151348066000
x3103c0s37b0n0:25107:26207 [1] NCCL INFO Connection to proxy localRank 1 -> connection 0x1517d0000d80
x3103c0s37b0n0:25109:26389 [3] NCCL INFO NET/IB: Dev 1 Port 1 qpn 10028 mtu 5 GID 0 (80FE/482100FEFF000000)
x3103c0s37b0n0:25109:26389 [3] NCCL INFO transport/net_ib.cc:653 Ib Alloc Size 552 pointer 0x15134807d000
x3103c0s37b0n0:25109:26389 [3] NCCL INFO transport/net.cc:571 Cuda Host Alloc Size 9641984 pointer 0x151398400000
x3103c0s37b0n0:25107:26388 [1] NCCL INFO transport/p2p.cc:430 Cuda Alloc Size 6291456 pointer 0x15181a800000
x3103c0s37b0n0:25109:26389 [3] NCCL INFO transport/net_ib.cc:596 Ib Alloc Size 26560 pointer 0x15134807f000
x3103c0s37b0n0:25108:26210 [2] NCCL INFO Connection to proxy localRank 2 -> connection 0x153620000e40
x3103c0s37b0n0:25108:26387 [2] NCCL INFO transport/p2p.cc:449 Cuda Alloc Size 6291456 pointer 0x15366c200000
x3103c0s37b0n0:25109:26389 [3] NCCL INFO NET/IB: Dev 0 Port 1 qpn 14920 mtu 5 GID 0 (80FE/782100FEFF000000)
x3103c0s37b0n0:25109:26389 [3] NCCL INFO transport/net_ib.cc:653 Ib Alloc Size 552 pointer 0x151348096000
x3103c0s37b0n0:25109:26389 [3] NCCL INFO transport/net.cc:571 Cuda Host Alloc Size 9641984 pointer 0x151398e00000
x3103c0s37b0n0:25107:26207 [1] NCCL INFO Channel 01/0 : 17[46000] -> 16[7000] via P2P/IPC/read
x3103c0s37b0n0:25107:26388 [1] NCCL INFO New proxy send connection 5 from local rank 1, transport 0
x3103c0s37b0n0:25109:26205 [3] NCCL INFO Connected all rings
x3103c0s37b0n0:25109:26205 [3] NCCL INFO Channel 00/0 : 19[c7000] -> 18[85000] via P2P/IPC/read
x3103c0s37b0n0:25109:26389 [3] NCCL INFO New proxy send connection 8 from local rank 3, transport 0
x3103c0s37b0n0:25109:26205 [3] NCCL INFO Connection to proxy localRank 3 -> connection 0x151348000e80
x3103c0s37b0n0:25109:26389 [3] NCCL INFO transport/p2p.cc:430 Cuda Alloc Size 6291456 pointer 0x151399800000
x3103c0s37b0n0:25107:26207 [1] NCCL INFO Connection to proxy localRank 1 -> connection 0x1517d0000dc0
x3103c0s37b0n0:25107:26388 [1] NCCL INFO transport/p2p.cc:430 Cuda Alloc Size 6291456 pointer 0x15181ae00000
x3103c0s37b0n0:25108:26210 [2] NCCL INFO Connected all rings
x3103c0s37b0n0:25106:26382 [0] NCCL INFO New proxy recv connection 4 from local rank 0, transport 0
x3103c0s37b0n0:25108:26387 [2] NCCL INFO New proxy recv connection 8 from local rank 2, transport 0
x3103c0s37b0n0:25109:26205 [3] NCCL INFO Channel 01/0 : 19[c7000] -> 18[85000] via P2P/IPC/read
x3103c0s37b0n0:25109:26389 [3] NCCL INFO New proxy send connection 9 from local rank 3, transport 0
x3103c0s37b0n0:25107:26207 [1] NCCL INFO Channel 02/0 : 17[46000] -> 16[7000] via P2P/IPC/read
x3103c0s37b0n0:25107:26388 [1] NCCL INFO New proxy send connection 6 from local rank 1, transport 0
x3103c0s37b0n0:25106:26204 [0] NCCL INFO Connection to proxy localRank 0 -> connection 0x14fe54000d80
x3103c0s37b0n0:25106:26382 [0] NCCL INFO transport/p2p.cc:449 Cuda Alloc Size 6291456 pointer 0x14fea3000000
x3103c0s37b0n0:25107:26207 [1] NCCL INFO Connection to proxy localRank 1 -> connection 0x1517d0000e00
x3103c0s37b0n0:25107:26388 [1] NCCL INFO transport/p2p.cc:430 Cuda Alloc Size 6291456 pointer 0x15181b400000
x3103c0s37b0n0:25108:26210 [2] NCCL INFO Connection to proxy localRank 2 -> connection 0x153620000e80
x3103c0s37b0n0:25108:26387 [2] NCCL INFO transport/p2p.cc:449 Cuda Alloc Size 6291456 pointer 0x15366e000000
x3103c0s37b0n0:25106:26382 [0] NCCL INFO New proxy recv connection 5 from local rank 0, transport 0
x3103c0s37b0n0:25109:26205 [3] NCCL INFO Connection to proxy localRank 3 -> connection 0x151348000ec0
x3103c0s37b0n0:25109:26389 [3] NCCL INFO transport/p2p.cc:430 Cuda Alloc Size 6291456 pointer 0x151399e00000
x3103c0s37b0n0:25108:26387 [2] NCCL INFO New proxy recv connection 9 from local rank 2, transport 0
x3103c0s37b0n0:25107:26207 [1] NCCL INFO Channel 03/0 : 17[46000] -> 16[7000] via P2P/IPC/read
x3103c0s37b0n0:25107:26388 [1] NCCL INFO New proxy send connection 7 from local rank 1, transport 0
x3103c0s37b0n0:25106:26204 [0] NCCL INFO Connection to proxy localRank 0 -> connection 0x14fe54000dc0
x3103c0s37b0n0:25106:26382 [0] NCCL INFO transport/p2p.cc:449 Cuda Alloc Size 6291456 pointer 0x14fea3600000
x3103c0s37b0n0:25109:26205 [3] NCCL INFO Channel 02/0 : 19[c7000] -> 18[85000] via P2P/IPC/read
x3103c0s37b0n0:25109:26389 [3] NCCL INFO New proxy send connection 10 from local rank 3, transport 0
x3103c0s37b0n0:25108:26210 [2] NCCL INFO Connection to proxy localRank 2 -> connection 0x153620000ec0
x3103c0s37b0n0:25108:26387 [2] NCCL INFO transport/p2p.cc:449 Cuda Alloc Size 6291456 pointer 0x15366e600000
x3103c0s37b0n0:25107:26207 [1] NCCL INFO Connection to proxy localRank 1 -> connection 0x1517d0000e40
x3103c0s37b0n0:25107:26388 [1] NCCL INFO transport/p2p.cc:430 Cuda Alloc Size 6291456 pointer 0x15181ba00000
x3103c0s37b0n0:25106:26382 [0] NCCL INFO New proxy recv connection 6 from local rank 0, transport 0
x3103c0s37b0n0:25109:26205 [3] NCCL INFO Connection to proxy localRank 3 -> connection 0x151348000f00
x3103c0s37b0n0:25109:26389 [3] NCCL INFO transport/p2p.cc:430 Cuda Alloc Size 6291456 pointer 0x15139a400000
x3103c0s37b0n0:25108:26387 [2] NCCL INFO New proxy recv connection 10 from local rank 2, transport 0
x3103c0s37b0n0:25108:26210 [2] NCCL INFO Connection to proxy localRank 2 -> connection 0x153620000f00
x3103c0s37b0n0:25108:26387 [2] NCCL INFO transport/p2p.cc:449 Cuda Alloc Size 6291456 pointer 0x15366ec00000
x3103c0s37b0n0:25106:26204 [0] NCCL INFO Connection to proxy localRank 0 -> connection 0x14fe54000e00
x3103c0s37b0n0:25106:26382 [0] NCCL INFO transport/p2p.cc:449 Cuda Alloc Size 6291456 pointer 0x14fea3c00000
x3103c0s37b0n0:25109:26205 [3] NCCL INFO Channel 03/0 : 19[c7000] -> 18[85000] via P2P/IPC/read
x3103c0s37b0n0:25109:26389 [3] NCCL INFO New proxy send connection 11 from local rank 3, transport 0
x3103c0s37b0n0:25108:26387 [2] NCCL INFO New proxy recv connection 11 from local rank 2, transport 0
x3103c0s37b0n0:25106:26382 [0] NCCL INFO New proxy recv connection 7 from local rank 0, transport 0
x3103c0s37b0n0:25109:26205 [3] NCCL INFO Connection to proxy localRank 3 -> connection 0x151348000f40
x3103c0s37b0n0:25109:26389 [3] NCCL INFO transport/p2p.cc:430 Cuda Alloc Size 6291456 pointer 0x15139aa00000
x3103c0s37b0n0:25108:26210 [2] NCCL INFO Connection to proxy localRank 2 -> connection 0x153620000f40
x3103c0s37b0n0:25108:26387 [2] NCCL INFO transport/p2p.cc:449 Cuda Alloc Size 6291456 pointer 0x15366f200000
x3103c0s37b0n0:25106:26204 [0] NCCL INFO Connection to proxy localRank 0 -> connection 0x14fe54000e40
x3103c0s37b0n0:25106:26382 [0] NCCL INFO transport/p2p.cc:449 Cuda Alloc Size 6291456 pointer 0x14fea4200000
x3103c0s37b0n0:25106:26204 [0] NCCL INFO Connected all rings
x3103c0s37b0n0:25106:26204 [0] NCCL INFO Channel 00/0 : 16[7000] -> 17[46000] via P2P/IPC/read
x3103c0s37b0n0:25107:26207 [1] NCCL INFO Connected all rings
x3103c0s37b0n0:25107:26388 [1] NCCL INFO New proxy recv connection 8 from local rank 1, transport 0
x3103c0s37b0n0:25106:26382 [0] NCCL INFO New proxy send connection 8 from local rank 0, transport 0
x3103c0s37b0n0:25107:26207 [1] NCCL INFO Connection to proxy localRank 1 -> connection 0x1517d0000e80
x3103c0s37b0n0:25107:26388 [1] NCCL INFO transport/p2p.cc:449 Cuda Alloc Size 6291456 pointer 0x15181d800000
x3103c0s37b0n0:25107:26388 [1] NCCL INFO New proxy recv connection 9 from local rank 1, transport 0
x3103c0s37b0n0:25107:26207 [1] NCCL INFO Connection to proxy localRank 1 -> connection 0x1517d0000ec0
x3103c0s37b0n0:25106:26204 [0] NCCL INFO Connection to proxy localRank 0 -> connection 0x14fe54000e80
x3103c0s37b0n0:25107:26388 [1] NCCL INFO transport/p2p.cc:449 Cuda Alloc Size 6291456 pointer 0x15181de00000
x3103c0s37b0n0:25106:26382 [0] NCCL INFO transport/p2p.cc:430 Cuda Alloc Size 6291456 pointer 0x14fea6000000
x3103c0s37b0n0:25107:26388 [1] NCCL INFO New proxy recv connection 10 from local rank 1, transport 0
x3103c0s37b0n0:25107:26207 [1] NCCL INFO Connection to proxy localRank 1 -> connection 0x1517d0000f00
x3103c0s37b0n0:25107:26388 [1] NCCL INFO transport/p2p.cc:449 Cuda Alloc Size 6291456 pointer 0x15181e400000
x3103c0s37b0n0:25106:26204 [0] NCCL INFO Channel 01/0 : 16[7000] -> 17[46000] via P2P/IPC/read
x3103c0s37b0n0:25106:26382 [0] NCCL INFO New proxy send connection 9 from local rank 0, transport 0
x3103c0s37b0n0:25107:26388 [1] NCCL INFO New proxy recv connection 11 from local rank 1, transport 0
x3103c0s37b0n0:25106:26204 [0] NCCL INFO Connection to proxy localRank 0 -> connection 0x14fe54000ec0
x3103c0s37b0n0:25106:26382 [0] NCCL INFO transport/p2p.cc:430 Cuda Alloc Size 6291456 pointer 0x14fea6600000
x3103c0s37b0n0:25107:26207 [1] NCCL INFO Connection to proxy localRank 1 -> connection 0x1517d0000f40
x3103c0s37b0n0:25107:26388 [1] NCCL INFO transport/p2p.cc:449 Cuda Alloc Size 6291456 pointer 0x15181ea00000
x3103c0s37b0n0:25106:26204 [0] NCCL INFO Channel 02/0 : 16[7000] -> 17[46000] via P2P/IPC/read
x3103c0s37b0n0:25106:26382 [0] NCCL INFO New proxy send connection 10 from local rank 0, transport 0
x3103c0s37b0n0:25107:26207 [1] NCCL INFO Channel 00/0 : 17[46000] -> 18[85000] via P2P/IPC/read
x3103c0s37b0n0:25107:26388 [1] NCCL INFO New proxy send connection 12 from local rank 1, transport 0
x3103c0s37b0n0:25106:26204 [0] NCCL INFO Connection to proxy localRank 0 -> connection 0x14fe54000f00
x3103c0s37b0n0:25106:26382 [0] NCCL INFO transport/p2p.cc:430 Cuda Alloc Size 6291456 pointer 0x14fea6c00000
x3103c0s37b0n0:25107:26207 [1] NCCL INFO Connection to proxy localRank 1 -> connection 0x1517d0000f80
x3103c0s37b0n0:25107:26388 [1] NCCL INFO transport/p2p.cc:430 Cuda Alloc Size 6291456 pointer 0x15181f000000
x3103c0s37b0n0:25106:26204 [0] NCCL INFO Channel 03/0 : 16[7000] -> 17[46000] via P2P/IPC/read
x3103c0s37b0n0:25106:26382 [0] NCCL INFO New proxy send connection 11 from local rank 0, transport 0
x3103c0s37b0n0:25107:26207 [1] NCCL INFO Channel 01/0 : 17[46000] -> 18[85000] via P2P/IPC/read
x3103c0s37b0n0:25107:26388 [1] NCCL INFO New proxy send connection 13 from local rank 1, transport 0
x3103c0s37b0n0:25106:26204 [0] NCCL INFO Connection to proxy localRank 0 -> connection 0x14fe54000f40
x3103c0s37b0n0:25106:26382 [0] NCCL INFO transport/p2p.cc:430 Cuda Alloc Size 6291456 pointer 0x14fea7200000
x3103c0s37b0n0:25107:26207 [1] NCCL INFO Connection to proxy localRank 1 -> connection 0x1517d0000fc0
x3103c0s37b0n0:25107:26388 [1] NCCL INFO transport/p2p.cc:430 Cuda Alloc Size 6291456 pointer 0x15181f600000
x3103c0s37b0n0:25107:26207 [1] NCCL INFO Channel 02/0 : 17[46000] -> 18[85000] via P2P/IPC/read
x3103c0s37b0n0:25107:26388 [1] NCCL INFO New proxy send connection 14 from local rank 1, transport 0
x3103c0s37b0n0:25107:26207 [1] NCCL INFO Connection to proxy localRank 1 -> connection 0x1517d0001000
x3103c0s37b0n0:25107:26388 [1] NCCL INFO transport/p2p.cc:430 Cuda Alloc Size 6291456 pointer 0x15181fc00000
x3103c0s37b0n0:25107:26207 [1] NCCL INFO Channel 03/0 : 17[46000] -> 18[85000] via P2P/IPC/read
x3103c0s37b0n0:25107:26388 [1] NCCL INFO New proxy send connection 15 from local rank 1, transport 0
x3103c0s37b0n0:25107:26207 [1] NCCL INFO Connection to proxy localRank 1 -> connection 0x1517d0001040
x3103c0s37b0n0:25107:26388 [1] NCCL INFO transport/p2p.cc:430 Cuda Alloc Size 6291456 pointer 0x151820200000
x3103c0s37b0n0:25107:26207 [1] NCCL INFO GPU Direct RDMA Disabled for GPU 46000 / HCA 1 (distance 6 > 4)
x3103c0s37b0n0:25107:26388 [1] NCCL INFO New proxy recv connection 16 from local rank 1, transport 2
x3103c0s37b0n0:25106:26204 [0] NCCL INFO GPU Direct RDMA Disabled for GPU 7000 / HCA 1 (distance 7 > 4)
x3103c0s37b0n0:25106:26382 [0] NCCL INFO Allocated 4194656 bytes of shared memory in /dev/shm/nccl-iwQbFA

x3103c0s37b0n0:25106:26382 [0] NCCL INFO New proxy recv connection 12 from local rank 0, transport 2
x3103c0s37b0n0:25108:26387 [2] NCCL INFO New proxy recv connection 12 from local rank 2, transport 0
x3103c0s37b0n0:25107:26207 [1] NCCL INFO Connection to proxy localRank 1 -> connection 0x1517d0001080
x3103c0s37b0n0:25106:26204 [0] NCCL INFO Connection to proxy localRank 0 -> connection 0x14fe54000f80
x3103c0s37b0n0:25108:26210 [2] NCCL INFO Connection to proxy localRank 2 -> connection 0x153620000f80
x3103c0s37b0n0:25108:26387 [2] NCCL INFO transport/p2p.cc:449 Cuda Alloc Size 6291456 pointer 0x153671000000
x3103c0s37b0n0:25107:26207 [1] NCCL INFO Channel 00/0 : 8[7000] -> 17[46000] [receive] via NET/IB/1
x3103c0s37b0n0:25107:26207 [1] NCCL INFO GPU Direct RDMA Disabled for GPU 46000 / HCA 0 (distance 7 > 4)
x3103c0s37b0n0:25107:26388 [1] NCCL INFO New proxy recv connection 17 from local rank 1, transport 2
x3103c0s37b0n0:25106:26204 [0] NCCL INFO Channel 02/0 : 12[7000] -> 16[7000] [receive] via NET/IB/1
x3103c0s37b0n0:25106:26204 [0] NCCL INFO GPU Direct RDMA Disabled for GPU 7000 / HCA 0 (distance 7 > 4)
x3103c0s37b0n0:25106:26382 [0] NCCL INFO New proxy recv connection 13 from local rank 0, transport 2
x3103c0s37b0n0:25108:26387 [2] NCCL INFO New proxy recv connection 13 from local rank 2, transport 0
x3103c0s37b0n0:25107:26207 [1] NCCL INFO Connection to proxy localRank 1 -> connection 0x1517d00010c0
x3103c0s37b0n0:25106:26204 [0] NCCL INFO Connection to proxy localRank 0 -> connection 0x14fe54000fc0
x3103c0s37b0n0:25108:26210 [2] NCCL INFO Connection to proxy localRank 2 -> connection 0x153620000fc0
x3103c0s37b0n0:25108:26387 [2] NCCL INFO transport/p2p.cc:449 Cuda Alloc Size 6291456 pointer 0x153671600000
x3103c0s37b0n0:25107:26207 [1] NCCL INFO Channel 01/0 : 8[7000] -> 17[46000] [receive] via NET/IB/0
x3103c0s37b0n0:25106:26204 [0] NCCL INFO Channel 03/0 : 12[7000] -> 16[7000] [receive] via NET/IB/0
x3103c0s37b0n0:25106:26204 [0] NCCL INFO GPU Direct RDMA Disabled for GPU 7000 / HCA 1 (distance 7 > 4)
x3103c0s37b0n0:25106:26382 [0] NCCL INFO New proxy send connection 14 from local rank 0, transport 2
x3103c0s37b0n0:25108:26387 [2] NCCL INFO New proxy recv connection 14 from local rank 2, transport 0
x3103c0s37b0n0:25106:26204 [0] NCCL INFO Connection to proxy localRank 0 -> connection 0x14fe54001000
x3103c0s37b0n0:25106:26204 [0] NCCL INFO Channel 00/0 : 16[7000] -> 0[7000] [send] via NET/IB/1
x3103c0s37b0n0:25106:26204 [0] NCCL INFO GPU Direct RDMA Disabled for GPU 7000 / HCA 0 (distance 7 > 4)
x3103c0s37b0n0:25106:26382 [0] NCCL INFO New proxy send connection 15 from local rank 0, transport 2
x3103c0s37b0n0:25106:26204 [0] NCCL INFO Connection to proxy localRank 0 -> connection 0x14fe54001040
x3103c0s37b0n0:25106:26204 [0] NCCL INFO Channel 01/0 : 16[7000] -> 0[7000] [send] via NET/IB/0
x3103c0s37b0n0:25108:26210 [2] NCCL INFO Connection to proxy localRank 2 -> connection 0x153620001000
x3103c0s37b0n0:25108:26387 [2] NCCL INFO transport/p2p.cc:449 Cuda Alloc Size 6291456 pointer 0x153671c00000
x3103c0s37b0n0:25108:26387 [2] NCCL INFO New proxy recv connection 15 from local rank 2, transport 0
x3103c0s37b0n0:25108:26210 [2] NCCL INFO Connection to proxy localRank 2 -> connection 0x153620001040
x3103c0s37b0n0:25108:26387 [2] NCCL INFO transport/p2p.cc:449 Cuda Alloc Size 6291456 pointer 0x153672200000
x3103c0s37b0n0:25108:26210 [2] NCCL INFO Channel 00/0 : 18[85000] -> 17[46000] via P2P/IPC/read
x3103c0s37b0n0:25108:26387 [2] NCCL INFO New proxy send connection 16 from local rank 2, transport 0
x3103c0s37b0n0:25106:26382 [0] NCCL INFO transport/net_ib.cc:596 Ib Alloc Size 26560 pointer 0x14fe54025000
x3103c0s37b0n0:25106:26382 [0] NCCL INFO NET/IB: Dev 1 Port 1 qpn 10029 mtu 5 GID 0 (80FE/482100FEFF000000)
x3103c0s37b0n0:25106:26382 [0] NCCL INFO transport/net_ib.cc:653 Ib Alloc Size 552 pointer 0x14fe54047000
x3103c0s37b0n0:25106:26382 [0] NCCL INFO transport/net.cc:571 Cuda Host Alloc Size 9641984 pointer 0x14fea9000000
x3103c0s37b0n0:25106:26382 [0] NCCL INFO Mem Realloc old size 0, new size 768 pointer 0x14fe54034320
x3103c0s37b0n0:25106:26382 [0] NCCL INFO transport/net_ib.cc:596 Ib Alloc Size 26560 pointer 0x14fe54049000
x3103c0s37b0n0:25108:26210 [2] NCCL INFO Connection to proxy localRank 2 -> connection 0x153620001080
x3103c0s37b0n0:25108:26387 [2] NCCL INFO transport/p2p.cc:430 Cuda Alloc Size 6291456 pointer 0x153672800000
x3103c0s37b0n0:25106:26382 [0] NCCL INFO NET/IB: Dev 0 Port 1 qpn 14921 mtu 5 GID 0 (80FE/782100FEFF000000)
x3103c0s37b0n0:25106:26382 [0] NCCL INFO transport/net_ib.cc:653 Ib Alloc Size 552 pointer 0x14fe5406a000
x3103c0s37b0n0:25106:26382 [0] NCCL INFO transport/net.cc:571 Cuda Host Alloc Size 9641984 pointer 0x14fea9a00000
x3103c0s37b0n0:25106:26382 [0] NCCL INFO Mem Realloc old size 0, new size 768 pointer 0x14fe54057760
x3103c0s37b0n0:25106:26382 [0] NCCL INFO transport/net_ib.cc:683 Ib Alloc Size 21688 pointer 0x14fe5406c000
x3103c0s37b0n0:25106:26382 [0] NCCL INFO transport/net_ib.cc:696 Ib Alloc Size 552 pointer 0x14fe54073000
x3103c0s37b0n0:25108:26210 [2] NCCL INFO Channel 01/0 : 18[85000] -> 17[46000] via P2P/IPC/read
x3103c0s37b0n0:25108:26387 [2] NCCL INFO New proxy send connection 17 from local rank 2, transport 0
x3103c0s37b0n0:25106:26382 [0] NCCL INFO transport/net_ib.cc:771 Ib Alloc Size 552 pointer 0x14fe5408f000
x3103c0s37b0n0:25106:26382 [0] NCCL INFO transport/net.cc:698 Cuda Host Alloc Size 9641984 pointer 0x14feaa400000
x3103c0s37b0n0:25106:26382 [0] NCCL INFO transport/net_ib.cc:683 Ib Alloc Size 21688 pointer 0x14fe54091000
x3103c0s37b0n0:25106:26382 [0] NCCL INFO transport/net_ib.cc:696 Ib Alloc Size 552 pointer 0x14fe54098000
x3103c0s37b0n0:25106:26382 [0] NCCL INFO transport/net_ib.cc:771 Ib Alloc Size 552 pointer 0x14fe540b3000
x3103c0s37b0n0:25106:26382 [0] NCCL INFO transport/net.cc:698 Cuda Host Alloc Size 9641984 pointer 0x14feaae00000
x3103c0s37b0n0:25108:26210 [2] NCCL INFO Connection to proxy localRank 2 -> connection 0x1536200010c0
x3103c0s37b0n0:25108:26387 [2] NCCL INFO transport/p2p.cc:430 Cuda Alloc Size 6291456 pointer 0x153672e00000
x3103c0s37b0n0:25107:26388 [1] NCCL INFO transport/net_ib.cc:683 Ib Alloc Size 21688 pointer 0x1517d00d2000
x3103c0s37b0n0:25107:26388 [1] NCCL INFO transport/net_ib.cc:696 Ib Alloc Size 552 pointer 0x1517d0018000
x3103c0s37b0n0:25107:26388 [1] NCCL INFO transport/net_ib.cc:771 Ib Alloc Size 552 pointer 0x1517d00f2000
x3103c0s37b0n0:25107:26388 [1] NCCL INFO transport/net.cc:698 Cuda Host Alloc Size 9641984 pointer 0x151823800000
x3103c0s37b0n0:25106:26204 [0] NCCL INFO GPU Direct RDMA Disabled for GPU 7000 / HCA 1 (distance 7 > 4)
x3103c0s37b0n0:25106:26382 [0] NCCL INFO New proxy recv connection 16 from local rank 0, transport 2
x3103c0s37b0n0:25108:26210 [2] NCCL INFO Channel 02/0 : 18[85000] -> 17[46000] via P2P/IPC/read
x3103c0s37b0n0:25108:26387 [2] NCCL INFO New proxy send connection 18 from local rank 2, transport 0
x3103c0s37b0n0:25107:26388 [1] NCCL INFO transport/net_ib.cc:683 Ib Alloc Size 21688 pointer 0x1517d00f4000
x3103c0s37b0n0:25107:26388 [1] NCCL INFO transport/net_ib.cc:696 Ib Alloc Size 552 pointer 0x1517d00fb000
x3103c0s37b0n0:25107:26388 [1] NCCL INFO transport/net_ib.cc:771 Ib Alloc Size 552 pointer 0x1517d0116000
x3103c0s37b0n0:25107:26388 [1] NCCL INFO transport/net.cc:698 Cuda Host Alloc Size 9641984 pointer 0x151824200000
x3103c0s37b0n0:25106:26204 [0] NCCL INFO Connection to proxy localRank 0 -> connection 0x14fe54001080
x3103c0s37b0n0:25108:26210 [2] NCCL INFO Connection to proxy localRank 2 -> connection 0x153620001100
x3103c0s37b0n0:25108:26387 [2] NCCL INFO transport/p2p.cc:430 Cuda Alloc Size 6291456 pointer 0x153673400000
x3103c0s37b0n0:25107:26207 [1] NCCL INFO GPU Direct RDMA Disabled for GPU 46000 / HCA 1 (distance 6 > 4)
x3103c0s37b0n0:25107:26388 [1] NCCL INFO New proxy send connection 18 from local rank 1, transport 2
x3103c0s37b0n0:25106:26204 [0] NCCL INFO Channel 00/0 : 0[7000] -> 16[7000] [receive] via NET/IB/1
x3103c0s37b0n0:25106:26204 [0] NCCL INFO GPU Direct RDMA Disabled for GPU 7000 / HCA 0 (distance 7 > 4)
x3103c0s37b0n0:25106:26382 [0] NCCL INFO New proxy recv connection 17 from local rank 0, transport 2
x3103c0s37b0n0:25108:26210 [2] NCCL INFO Channel 03/0 : 18[85000] -> 17[46000] via P2P/IPC/read
x3103c0s37b0n0:25108:26387 [2] NCCL INFO New proxy send connection 19 from local rank 2, transport 0
x3103c0s37b0n0:25106:26204 [0] NCCL INFO Connection to proxy localRank 0 -> connection 0x14fe540010c0
x3103c0s37b0n0:25107:26207 [1] NCCL INFO Connection to proxy localRank 1 -> connection 0x1517d0001100
x3103c0s37b0n0:25107:26207 [1] NCCL INFO Channel 00/0 : 17[46000] -> 8[7000] [send] via NET/IB/1
x3103c0s37b0n0:25107:26207 [1] NCCL INFO GPU Direct RDMA Disabled for GPU 46000 / HCA 0 (distance 7 > 4)
x3103c0s37b0n0:25107:26388 [1] NCCL INFO New proxy send connection 19 from local rank 1, transport 2
x3103c0s37b0n0:25108:26210 [2] NCCL INFO Connection to proxy localRank 2 -> connection 0x153620001140
x3103c0s37b0n0:25108:26387 [2] NCCL INFO transport/p2p.cc:430 Cuda Alloc Size 6291456 pointer 0x153673a00000
x3103c0s37b0n0:25106:26204 [0] NCCL INFO Channel 01/0 : 0[7000] -> 16[7000] [receive] via NET/IB/0
x3103c0s37b0n0:25106:26204 [0] NCCL INFO GPU Direct RDMA Disabled for GPU 7000 / HCA 1 (distance 7 > 4)
x3103c0s37b0n0:25106:26382 [0] NCCL INFO New proxy send connection 18 from local rank 0, transport 2
x3103c0s37b0n0:25107:26207 [1] NCCL INFO Connection to proxy localRank 1 -> connection 0x1517d0001140
x3103c0s37b0n0:25107:26207 [1] NCCL INFO Channel 01/0 : 17[46000] -> 8[7000] [send] via NET/IB/0
x3103c0s37b0n0:25107:26388 [1] NCCL INFO transport/net_ib.cc:596 Ib Alloc Size 26560 pointer 0x1517d0122000
x3103c0s37b0n0:25107:26388 [1] NCCL INFO NET/IB: Dev 1 Port 1 qpn 10034 mtu 5 GID 0 (80FE/482100FEFF000000)
x3103c0s37b0n0:25107:26388 [1] NCCL INFO transport/net_ib.cc:653 Ib Alloc Size 552 pointer 0x1517d0139000
x3103c0s37b0n0:25107:26388 [1] NCCL INFO transport/net.cc:571 Cuda Host Alloc Size 9641984 pointer 0x151824c00000
x3103c0s37b0n0:25109:26205 [3] NCCL INFO Connected all trees by HAO
x3103c0s37b0n0:25109:26205 [3] NCCL INFO threadThresholds 8/8/64 | 160/8/64 | 512 | 512
x3103c0s37b0n0:25109:26205 [3] NCCL INFO 4 coll channels, 4 p2p channels, 2 p2p channels per peer
x3103c0s37b0n0:25106:26204 [0] NCCL INFO Connection to proxy localRank 0 -> connection 0x14fe54001100
x3103c0s37b0n0:25106:26204 [0] NCCL INFO Channel 02/0 : 16[7000] -> 12[7000] [send] via NET/IB/1
x3103c0s37b0n0:25106:26204 [0] NCCL INFO GPU Direct RDMA Disabled for GPU 7000 / HCA 0 (distance 7 > 4)
x3103c0s37b0n0:25106:26382 [0] NCCL INFO New proxy send connection 19 from local rank 0, transport 2
x3103c0s37b0n0:25107:26388 [1] NCCL INFO transport/net_ib.cc:596 Ib Alloc Size 26560 pointer 0x1517d013b000
x3103c0s37b0n0:25107:26388 [1] NCCL INFO NET/IB: Dev 0 Port 1 qpn 14926 mtu 5 GID 0 (80FE/782100FEFF000000)
x3103c0s37b0n0:25107:26388 [1] NCCL INFO transport/net_ib.cc:653 Ib Alloc Size 552 pointer 0x1517d0152000
x3103c0s37b0n0:25107:26388 [1] NCCL INFO transport/net.cc:571 Cuda Host Alloc Size 9641984 pointer 0x151825600000
x3103c0s37b0n0:25109:26389 [3] NCCL INFO New proxy send connection 12 from local rank 3, transport 2
x3103c0s37b0n0:25109:26205 [3] NCCL INFO Connection to proxy localRank 3 -> connection 0x151348000f80
x3103c0s37b0n0:25109:26389 [3] NCCL INFO transport/net.cc:376 Cuda Alloc Size 8388608 pointer 0x15139c800000
x3103c0s37b0n0:25106:26204 [0] NCCL INFO Connection to proxy localRank 0 -> connection 0x14fe54001140
x3103c0s37b0n0:25106:26204 [0] NCCL INFO Channel 03/0 : 16[7000] -> 12[7000] [send] via NET/IB/0
x3103c0s37b0n0:25107:26388 [1] NCCL INFO New proxy recv connection 20 from local rank 1, transport 0
x3103c0s37b0n0:25107:26207 [1] NCCL INFO Connection to proxy localRank 1 -> connection 0x1517d0001180
x3103c0s37b0n0:25107:26388 [1] NCCL INFO transport/p2p.cc:449 Cuda Alloc Size 6291456 pointer 0x151826000000
x3103c0s37b0n0:25107:26388 [1] NCCL INFO New proxy recv connection 21 from local rank 1, transport 0
x3103c0s37b0n0:25107:26207 [1] NCCL INFO Connection to proxy localRank 1 -> connection 0x1517d00011c0
x3103c0s37b0n0:25107:26388 [1] NCCL INFO transport/p2p.cc:449 Cuda Alloc Size 6291456 pointer 0x151826600000
x3103c0s37b0n0:25107:26388 [1] NCCL INFO New proxy recv connection 22 from local rank 1, transport 0
x3103c0s37b0n0:25107:26207 [1] NCCL INFO Connection to proxy localRank 1 -> connection 0x1517d0001200
x3103c0s37b0n0:25107:26388 [1] NCCL INFO transport/p2p.cc:449 Cuda Alloc Size 6291456 pointer 0x151826c00000
x3103c0s37b0n0:25107:26388 [1] NCCL INFO New proxy recv connection 23 from local rank 1, transport 0
x3103c0s37b0n0:25107:26207 [1] NCCL INFO Connection to proxy localRank 1 -> connection 0x1517d0001240
x3103c0s37b0n0:25107:26388 [1] NCCL INFO transport/p2p.cc:449 Cuda Alloc Size 6291456 pointer 0x151827200000
x3103c0s37b0n0:25107:26207 [1] NCCL INFO Connected all trees by HAO
x3103c0s37b0n0:25107:26207 [1] NCCL INFO threadThresholds 8/8/64 | 160/8/64 | 512 | 512
x3103c0s37b0n0:25107:26207 [1] NCCL INFO 4 coll channels, 4 p2p channels, 2 p2p channels per peer
x3103c0s37b0n0:25107:26388 [1] NCCL INFO New proxy send connection 24 from local rank 1, transport 2
x3103c0s37b0n0:25108:26210 [2] NCCL INFO Connected all trees by HAO
x3103c0s37b0n0:25108:26210 [2] NCCL INFO threadThresholds 8/8/64 | 160/8/64 | 512 | 512
x3103c0s37b0n0:25108:26210 [2] NCCL INFO 4 coll channels, 4 p2p channels, 2 p2p channels per peer
x3103c0s37b0n0:25108:26387 [2] NCCL INFO Allocated 4194656 bytes of shared memory in /dev/shm/nccl-cUF6XI

x3103c0s37b0n0:25108:26387 [2] NCCL INFO New proxy send connection 20 from local rank 2, transport 2
x3103c0s37b0n0:25108:26210 [2] NCCL INFO Connection to proxy localRank 2 -> connection 0x153620001180
x3103c0s37b0n0:25108:26387 [2] NCCL INFO transport/net.cc:376 Cuda Alloc Size 8388608 pointer 0x153677000000
x3103c0s37b0n0:25107:26207 [1] NCCL INFO Connection to proxy localRank 1 -> connection 0x1517d0001280
x3103c0s37b0n0:25107:26388 [1] NCCL INFO transport/net.cc:376 Cuda Alloc Size 8388608 pointer 0x151829000000
x3103c0s37b0n0:25106:26382 [0] NCCL INFO transport/net_ib.cc:596 Ib Alloc Size 26560 pointer 0x14fe540c9000
x3103c0s37b0n0:25106:26382 [0] NCCL INFO NET/IB: Dev 1 Port 1 qpn 10035 mtu 5 GID 0 (80FE/482100FEFF000000)
x3103c0s37b0n0:25106:26382 [0] NCCL INFO transport/net_ib.cc:653 Ib Alloc Size 552 pointer 0x14fe540e0000
x3103c0s37b0n0:25106:26382 [0] NCCL INFO transport/net.cc:571 Cuda Host Alloc Size 9641984 pointer 0x14feab800000
x3103c0s37b0n0:25106:26382 [0] NCCL INFO transport/net_ib.cc:596 Ib Alloc Size 26560 pointer 0x14fe540e2000
x3103c0s37b0n0:25106:26382 [0] NCCL INFO NET/IB: Dev 0 Port 1 qpn 14929 mtu 5 GID 0 (80FE/782100FEFF000000)
x3103c0s37b0n0:25106:26382 [0] NCCL INFO transport/net_ib.cc:653 Ib Alloc Size 552 pointer 0x14fe540f9000
x3103c0s37b0n0:25106:26382 [0] NCCL INFO transport/net.cc:571 Cuda Host Alloc Size 9641984 pointer 0x14feac200000
x3103c0s37b0n0:25106:26382 [0] NCCL INFO transport/net_ib.cc:683 Ib Alloc Size 21688 pointer 0x14fe540fb000
x3103c0s37b0n0:25106:26382 [0] NCCL INFO transport/net_ib.cc:696 Ib Alloc Size 552 pointer 0x14fe54102000
x3103c0s37b0n0:25106:26382 [0] NCCL INFO transport/net_ib.cc:771 Ib Alloc Size 552 pointer 0x14fe5411d000
x3103c0s37b0n0:25106:26382 [0] NCCL INFO transport/net.cc:698 Cuda Host Alloc Size 9641984 pointer 0x14feacc00000
x3103c0s37b0n0:25106:26382 [0] NCCL INFO transport/net_ib.cc:683 Ib Alloc Size 21688 pointer 0x14fe5411f000
x3103c0s37b0n0:25106:26382 [0] NCCL INFO transport/net_ib.cc:696 Ib Alloc Size 552 pointer 0x14fe54126000
x3103c0s37b0n0:25106:26382 [0] NCCL INFO transport/net_ib.cc:771 Ib Alloc Size 552 pointer 0x14fe54141000
x3103c0s37b0n0:25106:26382 [0] NCCL INFO transport/net.cc:698 Cuda Host Alloc Size 9641984 pointer 0x14fead600000
x3103c0s37b0n0:25106:26204 [0] NCCL INFO Connected all trees by HAO
x3103c0s37b0n0:25106:26204 [0] NCCL INFO threadThresholds 8/8/64 | 160/8/64 | 512 | 512
x3103c0s37b0n0:25106:26204 [0] NCCL INFO 4 coll channels, 4 p2p channels, 2 p2p channels per peer
x3103c0s37b0n0:25106:26382 [0] NCCL INFO New proxy send connection 20 from local rank 0, transport 2
x3103c0s37b0n0:25106:26204 [0] NCCL INFO Connection to proxy localRank 0 -> connection 0x14fe54001180
x3103c0s37b0n0:25106:26204 [0] NCCL INFO init.cc:367 Cuda Alloc Size 5168 pointer 0x14fe9fe08800
x3103c0s37b0n0:25108:26210 [2] NCCL INFO init.cc:367 Cuda Alloc Size 5168 pointer 0x153667e08800
x3103c0s37b0n0:25108:26210 [2] NCCL INFO init.cc:392 Cuda Host Alloc Size 33554432 pointer 0x153677800000
x3103c0s37b0n0:25108:26210 [2] NCCL INFO init.cc:398 Cuda Host Alloc Size 128 pointer 0x153667400200
x3103c0s37b0n0:25108:26210 [2] NCCL INFO comm 0x55ed8bc675b0 rank 18 nranks 20 cudaDev 2 busId 85000 - Init COMPLETE
x3103c0s37b0n0:25107:26207 [1] NCCL INFO init.cc:367 Cuda Alloc Size 5168 pointer 0x151817e08800
x3103c0s37b0n0:25109:26205 [3] NCCL INFO init.cc:367 Cuda Alloc Size 5168 pointer 0x151393e08800
x3103c0s37b0n0:25108:25108 [2] NCCL INFO AllReduce: opCount 0 sendbuff 0x153663c00200 recvbuff 0x153663c00200 count 1 datatype 1 op 0 root 0 comm 0x55ed8bc675b0 [nranks=20] stream 0x55ed8f167da0
x3103c0s37b0n0:25108:25108 [2] NCCL INFO misc/utils.cc:235 memory stack hunk malloc(65536)
[LYD INFO in ncclLaunchKernel (enqueue.cc)] NCHANNELS is: 4x3103c0s37b0n0:25109:26205 [3] NCCL INFO init.cc:392 Cuda Host Alloc Size 33554432 pointer 0x15139d000000
x3103c0s37b0n0:25109:26205 [3] NCCL INFO init.cc:398 Cuda Host Alloc Size 128 pointer 0x151393400200
x3103c0s37b0n0:25109:26205 [3] NCCL INFO comm 0x556b8415e6e0 rank 19 nranks 20 cudaDev 3 busId c7000 - Init COMPLETE
x3103c0s37b0n0:25107:26207 [1] NCCL INFO init.cc:392 Cuda Host Alloc Size 33554432 pointer 0x1517ce000000
x3103c0s37b0n0:25107:26207 [1] NCCL INFO init.cc:398 Cuda Host Alloc Size 128 pointer 0x151817400200
x3103c0s37b0n0:25107:26207 [1] NCCL INFO comm 0x562a753f0ff0 rank 17 nranks 20 cudaDev 1 busId 46000 - Init COMPLETE
x3103c0s37b0n0:25106:26204 [0] NCCL INFO init.cc:392 Cuda Host Alloc Size 33554432 pointer 0x14feae000000
x3103c0s37b0n0:25106:26204 [0] NCCL INFO init.cc:398 Cuda Host Alloc Size 128 pointer 0x14fe9f400200
x3103c0s37b0n0:25106:26204 [0] NCCL INFO comm 0x563ae412e4c0 rank 16 nranks 20 cudaDev 0 busId 7000 - Init COMPLETE
x3103c0s37b0n0:25106:26382 [0] NCCL INFO transport/net.cc:376 Cuda Alloc Size 8388608 pointer 0x14feb0000000
x3103c0s37b0n0:25107:25107 [1] NCCL INFO AllReduce: opCount 0 sendbuff 0x151813a00200 recvbuff 0x151813a00200 count 1 datatype 1 op 0 root 0 comm 0x562a753f0ff0 [nranks=20] stream 0x562a90e77770
x3103c0s37b0n0:25107:25107 [1] NCCL INFO misc/utils.cc:235 memory stack hunk malloc(65536)
[LYD INFO in ncclLaunchKernel (enqueue.cc)] NCHANNELS is: 4x3103c0s37b0n0:25106:25106 [0] NCCL INFO AllReduce: opCount 0 sendbuff 0x14fe9bc00200 recvbuff 0x14fe9bc00200 count 1 datatype 1 op 0 root 0 comm 0x563ae412e4c0 [nranks=20] stream 0x563afe0d6b70
x3103c0s37b0n0:25106:25106 [0] NCCL INFO misc/utils.cc:235 memory stack hunk malloc(65536)
[LYD INFO in ncclLaunchKernel (enqueue.cc)] NCHANNELS is: 4x3103c0s37b0n0:25109:25109 [3] NCCL INFO AllReduce: opCount 0 sendbuff 0x15138f200200 recvbuff 0x15138f200200 count 1 datatype 1 op 0 root 0 comm 0x556b8415e6e0 [nranks=20] stream 0x556b9f77f530
x3103c0s37b0n0:25109:25109 [3] NCCL INFO misc/utils.cc:235 memory stack hunk malloc(65536)
[LYD INFO in ncclLaunchKernel (enqueue.cc)] NCHANNELS is: 4
[LYD INFO in NCCL_KERN_NAME (common.h)] 18 AllReduce TREE LL Sum uint8_t Elapsed time: 401628 us

[LYD INFO in NCCL_KERN_NAME (common.h)] 16 AllReduce TREE LL Sum uint8_t Elapsed time: 366922 us

[LYD INFO in NCCL_KERN_NAME (common.h)] 17 AllReduce TREE LL Sum uint8_t Elapsed time: 397053 us

[LYD INFO in NCCL_KERN_NAME (common.h)] 19 AllReduce TREE LL Sum uint8_t Elapsed time: 356220 us
x3103c0s37b0n0:25107:25107 [1] NCCL INFO AllReduce: opCount 1 sendbuff 0x151813a00000 recvbuff 0x151813a00000 count 1 datatype 1 op 0 root 0 comm 0x562a753f0ff0 [nranks=20] stream 0x562a90e77770
[LYD INFO in ncclLaunchKernel (enqueue.cc)] NCHANNELS is: 4x3103c0s37b0n0:25106:25106 [0] NCCL INFO AllReduce: opCount 1 sendbuff 0x14fe9bc00000 recvbuff 0x14fe9bc00000 count 1 datatype 1 op 0 root 0 comm 0x563ae412e4c0 [nranks=20] stream 0x563afe0d6b70
[LYD INFO in ncclLaunchKernel (enqueue.cc)] NCHANNELS is: 4x3103c0s37b0n0:25109:25109 [3] NCCL INFO AllReduce: opCount 1 sendbuff 0x15138f200000 recvbuff 0x15138f200000 count 1 datatype 1 op 0 root 0 comm 0x556b8415e6e0 [nranks=20] stream 0x556b9f77f530
[LYD INFO in ncclLaunchKernel (enqueue.cc)] NCHANNELS is: 4x3103c0s37b0n0:25108:25108 [2] NCCL INFO AllReduce: opCount 1 sendbuff 0x153663c00000 recvbuff 0x153663c00000 count 1 datatype 1 op 0 root 0 comm 0x55ed8bc675b0 [nranks=20] stream 0x55ed8f167da0
[LYD INFO in ncclLaunchKernel (enqueue.cc)] NCHANNELS is: 4
[LYD INFO in NCCL_KERN_NAME (common.h)] 18 AllReduce TREE LL Sum uint8_t Elapsed time: 6922 us

[LYD INFO in NCCL_KERN_NAME (common.h)] 17 AllReduce TREE LL Sum uint8_t Elapsed time: 15604446 us

[LYD INFO in NCCL_KERN_NAME (common.h)] 19 AllReduce TREE LL Sum uint8_t Elapsed time: 563208 us

[LYD INFO in NCCL_KERN_NAME (common.h)] 16 AllReduce TREE LL Sum uint8_t Elapsed time: 3167725 us
x3103c0s37b0n0:25108:25108 [2] NCCL INFO AllReduce: opCount 2 sendbuff 0x153663c00000 recvbuff 0x153663c00000 count 1 datatype 8 op 3 root 0 comm 0x55ed8bc675b0 [nranks=20] stream 0x55ed8f167da0
[LYD INFO in ncclLaunchKernel (enqueue.cc)] NCHANNELS is: 4x3103c0s37b0n0:25109:25109 [3] NCCL INFO AllReduce: opCount 2 sendbuff 0x15138f200000 recvbuff 0x15138f200000 count 1 datatype 8 op 3 root 0 comm 0x556b8415e6e0 [nranks=20] stream 0x556b9f77f530
[LYD INFO in ncclLaunchKernel (enqueue.cc)] NCHANNELS is: 4x3103c0s37b0n0:25107:25107 [1] NCCL INFO AllReduce: opCount 2 sendbuff 0x151813a00000 recvbuff 0x151813a00000 count 1 datatype 8 op 3 root 0 comm 0x562a753f0ff0 [nranks=20] stream 0x562a90e77770
[LYD INFO in ncclLaunchKernel (enqueue.cc)] NCHANNELS is: 4
[LYD INFO in NCCL_FUNC_NAME (common.h)] 19 AllReduce TREE LL Min double Elapsed time: 4 us

[LYD INFO in NCCL_FUNC_NAME (common.h)] 18 AllReduce TREE LL Min double Elapsed time: 27784 us
x3103c0s37b0n0:25106:25106 [0] NCCL INFO AllReduce: opCount 2 sendbuff 0x14fe9bc00000 recvbuff 0x14fe9bc00000 count 1 datatype 8 op 3 root 0 comm 0x563ae412e4c0 [nranks=20] stream 0x563afe0d6b70
[LYD INFO in ncclLaunchKernel (enqueue.cc)] NCHANNELS is: 4
[LYD INFO in NCCL_FUNC_NAME (common.h)] 16 AllReduce TREE LL Min double Elapsed time: 69029 us

[LYD INFO in NCCL_KERN_NAME (common.h)] 16 AllReduce TREE LL Sum double Elapsed time: 70601 us
x3103c0s37b0n0:25106:25106 [0] NCCL INFO AllReduce: opCount 3 sendbuff 0x14fe9bc00200 recvbuff 0x14fe9bc00200 count 1 datatype 1 op 0 root 0 comm 0x563ae412e4c0 [nranks=20] stream 0x563afe0d6b70
[LYD INFO in ncclLaunchKernel (enqueue.cc)] NCHANNELS is: 4
[LYD INFO in NCCL_KERN_NAME (common.h)] 18 AllReduce TREE LL Sum double Elapsed time: 142930 us
x3103c0s37b0n0:25108:25108 [2] NCCL INFO AllReduce: opCount 3 sendbuff 0x153663c00200 recvbuff 0x153663c00200 count 1 datatype 1 op 0 root 0 comm 0x55ed8bc675b0 [nranks=20] stream 0x55ed8f167da0
[LYD INFO in ncclLaunchKernel (enqueue.cc)] NCHANNELS is: 4
[LYD INFO in NCCL_KERN_NAME (common.h)] 19 AllReduce TREE LL Sum double Elapsed time: 118998 us

[LYD INFO in NCCL_FUNC_NAME (common.h)] 17 AllReduce TREE LL Min double Elapsed time: 101865 us

[LYD INFO in NCCL_KERN_NAME (common.h)] 17 AllReduce TREE LL Sum double Elapsed time: 103198 us
x3103c0s37b0n0:25109:25109 [3] NCCL INFO AllReduce: opCount 3 sendbuff 0x15138f200200 recvbuff 0x15138f200200 count 1 datatype 1 op 0 root 0 comm 0x556b8415e6e0 [nranks=20] stream 0x556b9f77f530
[LYD INFO in ncclLaunchKernel (enqueue.cc)] NCHANNELS is: 4x3103c0s37b0n0:25107:25107 [1] NCCL INFO AllReduce: opCount 3 sendbuff 0x151813a00200 recvbuff 0x151813a00200 count 1 datatype 1 op 0 root 0 comm 0x562a753f0ff0 [nranks=20] stream 0x562a90e77770
[LYD INFO in ncclLaunchKernel (enqueue.cc)] NCHANNELS is: 4
[LYD INFO in NCCL_KERN_NAME (common.h)] 17 AllReduce TREE LL Sum uint8_t Elapsed time: 57759 us

[LYD INFO in NCCL_KERN_NAME (common.h)] 18 AllReduce TREE LL Sum uint8_t Elapsed time: 78224 us
 > number of parameters on (tensor, pipeline) model parallel rank (0, 18): 34591200

[LYD INFO in NCCL_KERN_NAME (common.h)] 19 AllReduce TREE LL Sum uint8_t Elapsed time: 72609 us

[LYD INFO in NCCL_KERN_NAME (common.h)] 16 AllReduce TREE LL Sum uint8_t Elapsed time: 89918 us
 > number of parameters on (tensor, pipeline) model parallel rank (0, 17): 34591200
x3103c0s37b0n0:25107:25107 [1] NCCL INFO AllReduce: opCount 4 sendbuff 0x151813a00400 recvbuff 0x151813a00400 count 1 datatype 1 op 0 root 0 comm 0x562a753f0ff0 [nranks=20] stream 0x562a90e77770
[LYD INFO in ncclLaunchKernel (enqueue.cc)] NCHANNELS is: 4x3103c0s37b0n0:25108:25108 [2] NCCL INFO AllReduce: opCount 4 sendbuff 0x153663c00400 recvbuff 0x153663c00400 count 1 datatype 1 op 0 root 0 comm 0x55ed8bc675b0 [nranks=20] stream 0x55ed8f167da0
[LYD INFO in ncclLaunchKernel (enqueue.cc)] NCHANNELS is: 4 > number of parameters on (tensor, pipeline) model parallel rank (0, 16): 34591200
x3103c0s37b0n0:25106:25106 [0] NCCL INFO AllReduce: opCount 4 sendbuff 0x14fe9bc00400 recvbuff 0x14fe9bc00400 count 1 datatype 1 op 0 root 0 comm 0x563ae412e4c0 [nranks=20] stream 0x563afe0d6b70
[LYD INFO in ncclLaunchKernel (enqueue.cc)] NCHANNELS is: 4x3103c0s37b0n0:25109:25109 [3] NCCL INFO init.cc:1147 Cuda Host Alloc Size 4 pointer 0x151393400400
x3103c0s37b0n0:25109:30090 [3] NCCL INFO Using network IB
x3103c0s37b0n0:25109:30090 [3] NCCL INFO NET/IB : GPU Direct RDMA Enabled for HCA 0 'mlx5_0'
x3103c0s37b0n0:25109:30090 [3] NCCL INFO NET/IB : GPU Direct RDMA Enabled for HCA 1 'mlx5_1'
x3103c0s37b0n0:25109:30090 [3] NCCL INFO GPU Direct RDMA Disabled for GPU c7000 / HCA 0 (distance 6 > 4)
x3103c0s37b0n0:25109:30090 [3] NCCL INFO GPU Direct RDMA Disabled for GPU c7000 / HCA 1 (distance 7 > 4)
x3103c0s37b0n0:25109:30090 [3] NCCL INFO GPU Direct RDMA Disabled for GPU c7000 / HCA 0 (distance 6 > 4)
x3103c0s37b0n0:25109:30090 [3] NCCL INFO GPU Direct RDMA Disabled for GPU c7000 / HCA 1 (distance 7 > 4)
x3103c0s37b0n0:25109:30090 [3] NCCL INFO === System : maxBw 12.0 totalBw 24.0 ===
x3103c0s37b0n0:25109:30090 [3] NCCL INFO CPU/0 (1/2/-1)
x3103c0s37b0n0:25109:30090 [3] NCCL INFO + SYS[5000.0] - CPU/2
x3103c0s37b0n0:25109:30090 [3] NCCL INFO + PCI[24.0] - PCI/C5000 (11f8406811f8beef)
x3103c0s37b0n0:25109:30090 [3] NCCL INFO               + PCI[24.0] - GPU/C7000 (1)
x3103c0s37b0n0:25109:30090 [3] NCCL INFO + PCI[12.0] - NIC/C8000
x3103c0s37b0n0:25109:30090 [3] NCCL INFO               + NET[12.5] - NET/0 (b8870cffffa4e988/1/12.500000)
x3103c0s37b0n0:25109:30090 [3] NCCL INFO CPU/2 (1/2/-1)
x3103c0s37b0n0:25109:30090 [3] NCCL INFO + SYS[5000.0] - CPU/0
x3103c0s37b0n0:25109:30090 [3] NCCL INFO + PCI[12.0] - NIC/43000
x3103c0s37b0n0:25109:30090 [3] NCCL INFO               + NET[12.5] - NET/1 (6cb70cffffa4e988/1/12.500000)
x3103c0s37b0n0:25109:30090 [3] NCCL INFO ==========================================
x3103c0s37b0n0:25109:30090 [3] NCCL INFO GPU/C7000 :GPU/C7000 (0/5000.000000/LOC) CPU/0 (2/24.000000/PHB) CPU/2 (3/24.000000/SYS) NET/0 (4/12.000000/PHB) NET/1 (5/12.000000/SYS) 
x3103c0s37b0n0:25109:30090 [3] NCCL INFO NET/0 :GPU/C7000 (4/12.000000/PHB) CPU/0 (2/12.000000/PHB) CPU/2 (3/12.000000/SYS) NET/0 (0/5000.000000/LOC) NET/1 (5/12.000000/SYS) 
x3103c0s37b0n0:25109:30090 [3] NCCL INFO NET/1 :GPU/C7000 (5/12.000000/SYS) CPU/0 (3/12.000000/SYS) CPU/2 (2/12.000000/PHB) NET/0 (5/12.000000/SYS) NET/1 (0/5000.000000/LOC) 
x3103c0s37b0n0:25109:30090 [3] NCCL INFO Setting affinity for GPU 3 to 01
x3103c0s37b0n0:25109:30090 [3] NCCL INFO Pattern 4, crossNic 0, nChannels 1, bw 12.000000/12.000000, type LOC/PHB, sameChannels 1
x3103c0s37b0n0:25109:30090 [3] NCCL INFO  0 : NET/0 GPU/1 NET/0
x3103c0s37b0n0:25109:30090 [3] NCCL INFO Pattern 3, crossNic 0, nChannels 1, bw 24.000000/12.000000, type LOC/PHB, sameChannels 1
x3103c0s37b0n0:25109:30090 [3] NCCL INFO  0 : NET/0 GPU/1 NET/0
x3103c0s37b0n0:25109:30090 [3] NCCL INFO Pattern 3, crossNic 0, nChannels 0, bw 0.000000/0.000000, type LOC/PIX, sameChannels 1
x3103c0s37b0n0:25109:30090 [3] NCCL INFO Tree 0 : 0 -> 1 -> -1/-1/-1
x3103c0s37b0n0:25109:30090 [3] NCCL INFO Tree 1 : -1 -> 1 -> 0/-1/-1
x3103c0s37b0n0:25109:30090 [3] NCCL INFO Ring 00 : 0 -> 1 -> 0
x3103c0s37b0n0:25109:30090 [3] NCCL INFO Ring 01 : 0 -> 1 -> 0
x3103c0s37b0n0:25109:30090 [3] NCCL INFO Trees [0] -1/-1/-1->1->0 [1] 0/-1/-1->1->-1
x3103c0s37b0n0:25109:30090 [3] NCCL INFO misc/utils.cc:235 memory stack hunk malloc(65536)
x3103c0s37b0n0:25109:30090 [3] NCCL INFO channel.cc:23 Cuda Alloc Size 1152 pointer 0x151393e09e00
x3103c0s37b0n0:25109:30090 [3] NCCL INFO channel.cc:27 Cuda Alloc Size 8 pointer 0x151393e0a400
x3103c0s37b0n0:25109:30090 [3] NCCL INFO channel.cc:23 Cuda Alloc Size 1152 pointer 0x151393e0a600
x3103c0s37b0n0:25109:30090 [3] NCCL INFO channel.cc:27 Cuda Alloc Size 8 pointer 0x151393e0ac00
x3103c0s37b0n0:25109:30090 [3] NCCL INFO GPU Direct RDMA Disabled for GPU c7000 / HCA 0 (distance 6 > 4)
x3103c0s37b0n0:25109:30182 [3] NCCL INFO Mem Realloc old size 0, new size 8 pointer 0x151328000c60
x3103c0s37b0n0:25109:30182 [3] NCCL INFO Allocated 4194656 bytes of shared memory in /dev/shm/nccl-8tRf5N

x3103c0s37b0n0:25109:30182 [3] NCCL INFO New proxy recv connection 0 from local rank 0, transport 2
x3103c0s37b0n0:25109:30090 [3] NCCL INFO Connection to proxy localRank 0 -> connection 0x151328000c80
x3103c0s37b0n0:25109:30090 [3] NCCL INFO Channel 00/0 : 0[7000] -> 1[c7000] [receive] via NET/IB/0
x3103c0s37b0n0:25109:30090 [3] NCCL INFO GPU Direct RDMA Disabled for GPU c7000 / HCA 0 (distance 6 > 4)
x3103c0s37b0n0:25109:30182 [3] NCCL INFO New proxy recv connection 1 from local rank 0, transport 2
x3103c0s37b0n0:25109:30090 [3] NCCL INFO Connection to proxy localRank 0 -> connection 0x151328000cc0
x3103c0s37b0n0:25109:30090 [3] NCCL INFO Channel 01/0 : 0[7000] -> 1[c7000] [receive] via NET/IB/0
x3103c0s37b0n0:25109:30090 [3] NCCL INFO GPU Direct RDMA Disabled for GPU c7000 / HCA 0 (distance 6 > 4)
x3103c0s37b0n0:25109:30182 [3] NCCL INFO New proxy send connection 2 from local rank 0, transport 2
x3103c0s37b0n0:25109:30090 [3] NCCL INFO Connection to proxy localRank 0 -> connection 0x151328000d00
x3103c0s37b0n0:25109:30090 [3] NCCL INFO Channel 00/0 : 1[c7000] -> 0[7000] [send] via NET/IB/0
x3103c0s37b0n0:25109:30090 [3] NCCL INFO GPU Direct RDMA Disabled for GPU c7000 / HCA 0 (distance 6 > 4)
x3103c0s37b0n0:25109:30182 [3] NCCL INFO New proxy send connection 3 from local rank 0, transport 2
x3103c0s37b0n0:25109:30090 [3] NCCL INFO Connection to proxy localRank 0 -> connection 0x151328000d40
x3103c0s37b0n0:25109:30090 [3] NCCL INFO Channel 01/0 : 1[c7000] -> 0[7000] [send] via NET/IB/0
x3103c0s37b0n0:25109:30182 [3] NCCL INFO transport/net_ib.cc:596 Ib Alloc Size 26560 pointer 0x15132801d000
x3103c0s37b0n0:25109:30182 [3] NCCL INFO NET/IB: Dev 0 Port 1 qpn 14932 mtu 5 GID 0 (80FE/782100FEFF000000)
x3103c0s37b0n0:25109:30182 [3] NCCL INFO transport/net_ib.cc:653 Ib Alloc Size 552 pointer 0x151328035000
x3103c0s37b0n0:25109:30182 [3] NCCL INFO transport/net.cc:571 Cuda Host Alloc Size 9641984 pointer 0x15136c800000
x3103c0s37b0n0:25109:30182 [3] NCCL INFO transport/net_ib.cc:596 Ib Alloc Size 26560 pointer 0x151328037000
x3103c0s37b0n0:25109:30182 [3] NCCL INFO NET/IB: Dev 0 Port 1 qpn 14933 mtu 5 GID 0 (80FE/782100FEFF000000)
x3103c0s37b0n0:25109:30182 [3] NCCL INFO transport/net_ib.cc:653 Ib Alloc Size 552 pointer 0x15132804e000
x3103c0s37b0n0:25109:30182 [3] NCCL INFO transport/net.cc:571 Cuda Host Alloc Size 9641984 pointer 0x15136d200000
x3103c0s37b0n0:25109:30182 [3] NCCL INFO transport/net_ib.cc:683 Ib Alloc Size 21688 pointer 0x151328050000
x3103c0s37b0n0:25109:30182 [3] NCCL INFO transport/net_ib.cc:696 Ib Alloc Size 552 pointer 0x151328057000
x3103c0s37b0n0:25109:30182 [3] NCCL INFO transport/net_ib.cc:771 Ib Alloc Size 552 pointer 0x151328073000
x3103c0s37b0n0:25109:30182 [3] NCCL INFO transport/net.cc:698 Cuda Host Alloc Size 9641984 pointer 0x15136dc00000
x3103c0s37b0n0:25109:30182 [3] NCCL INFO transport/net_ib.cc:683 Ib Alloc Size 21688 pointer 0x151328075000
x3103c0s37b0n0:25109:30182 [3] NCCL INFO transport/net_ib.cc:696 Ib Alloc Size 552 pointer 0x15132807c000
x3103c0s37b0n0:25109:30182 [3] NCCL INFO transport/net_ib.cc:771 Ib Alloc Size 552 pointer 0x151328097000
x3103c0s37b0n0:25109:30182 [3] NCCL INFO transport/net.cc:698 Cuda Host Alloc Size 9641984 pointer 0x15136e600000
x3103c0s37b0n0:25109:30090 [3] NCCL INFO Connected all rings
x3103c0s37b0n0:25109:30090 [3] NCCL INFO Connected all trees by HAO
x3103c0s37b0n0:25109:30090 [3] NCCL INFO threadThresholds 8/8/64 | 16/8/64 | 512 | 512
x3103c0s37b0n0:25109:30090 [3] NCCL INFO 2 coll channels, 2 p2p channels, 2 p2p channels per peer
x3103c0s37b0n0:25109:30182 [3] NCCL INFO New proxy send connection 4 from local rank 0, transport 2
x3103c0s37b0n0:25109:30090 [3] NCCL INFO Connection to proxy localRank 0 -> connection 0x151328000d80
x3103c0s37b0n0:25109:30090 [3] NCCL INFO init.cc:367 Cuda Alloc Size 5168 pointer 0x151393e0ae00
x3103c0s37b0n0:25109:30090 [3] NCCL INFO init.cc:392 Cuda Host Alloc Size 33554432 pointer 0x15136f000000
x3103c0s37b0n0:25109:30090 [3] NCCL INFO init.cc:398 Cuda Host Alloc Size 128 pointer 0x151393400600
x3103c0s37b0n0:25109:30090 [3] NCCL INFO comm 0x556ba10a24c0 rank 1 nranks 2 cudaDev 3 busId c7000 - Init COMPLETE
x3103c0s37b0n0:25109:30182 [3] NCCL INFO transport/net.cc:376 Cuda Alloc Size 4194304 pointer 0x151371000000
x3103c0s37b0n0:25109:25109 [3] NCCL INFO AllReduce: opCount 0 sendbuff 0x151365400000 recvbuff 0x151365400000 count 60364800 datatype 6 op 0 root 0 comm 0x556ba10a24c0 [nranks=2] stream 0x556b9f77f670
x3103c0s37b0n0:25109:25109 [3] NCCL INFO misc/utils.cc:235 memory stack hunk malloc(65536)
[LYD INFO in ncclLaunchKernel (enqueue.cc)] NCHANNELS is: 2 > number of parameters on (tensor, pipeline) model parallel rank (0, 19): 94958400

[LYD INFO in NCCL_FUNC_NAME (common.h)] 1 AllReduce RING SIMPLE Sum half Elapsed time: 200146 us

[LYD INFO in NCCL_KERN_NAME (common.h)] 1 AllReduce RING LL Sum half Elapsed time: 200278 us
x3103c0s37b0n0:25109:25109 [3] NCCL INFO AllReduce: opCount 4 sendbuff 0x15138f200400 recvbuff 0x15138f200400 count 1 datatype 1 op 0 root 0 comm 0x556b8415e6e0 [nranks=20] stream 0x556b9f77f530
[LYD INFO in ncclLaunchKernel (enqueue.cc)] NCHANNELS is: 4
[LYD INFO in NCCL_KERN_NAME (common.h)] 18 AllReduce TREE LL Sum uint8_t Elapsed time: 1701905 us
x3103c0s37b0n0:25108:25108 [2] NCCL INFO AllReduce: opCount 5 sendbuff 0x153663c14e00 recvbuff 0x153663c14e00 count 1 datatype 1 op 0 root 0 comm 0x55ed8bc675b0 [nranks=20] stream 0x55ed8f167da0
[LYD INFO in ncclLaunchKernel (enqueue.cc)] NCHANNELS is: 4
[LYD INFO in NCCL_KERN_NAME (common.h)] 17 AllReduce TREE LL Sum uint8_t Elapsed time: 1688680 us
x3103c0s37b0n0:25107:25107 [1] NCCL INFO AllReduce: opCount 5 sendbuff 0x151813a14e00 recvbuff 0x151813a14e00 count 1 datatype 1 op 0 root 0 comm 0x562a753f0ff0 [nranks=20] stream 0x562a90e77770
