x3103c0s25b1n0:61577:64865 [2] NCCL INFO New proxy recv connection 11 from local rank 2, transport 0
x3103c0s25b1n0:61577:64753 [2] NCCL INFO Connection to proxy localRank 2 -> connection 0x154c78000f40
x3103c0s25b1n0:61576:64751 [1] NCCL INFO Channel 02/0 : 5[46000] -> 4[7000] via P2P/IPC/read
x3103c0s25b1n0:61576:64863 [1] NCCL INFO New proxy send connection 6 from local rank 1, transport 0
x3103c0s25b1n0:61576:64751 [1] NCCL INFO Connection to proxy localRank 1 -> connection 0x1501b8000e00
x3103c0s25b1n0:61578:64752 [3] NCCL INFO Connection to proxy localRank 3 -> connection 0x1541a0000ec0
x3103c0s25b1n0:61578:64866 [3] NCCL INFO transport/p2p.cc:430 Cuda Alloc Size 6291456 pointer 0x1541cd600000
x3103c0s25b1n0:61576:64863 [1] NCCL INFO transport/p2p.cc:430 Cuda Alloc Size 6291456 pointer 0x1501cb600000
x3103c0s25b1n0:61575:64861 [0] NCCL INFO New proxy recv connection 7 from local rank 0, transport 0
x3103c0s25b1n0:61577:64865 [2] NCCL INFO transport/p2p.cc:449 Cuda Alloc Size 6291456 pointer 0x154cab600000
x3103c0s25b1n0:61578:64752 [3] NCCL INFO Channel 02/0 : 7[c7000] -> 6[85000] via P2P/IPC/read
x3103c0s25b1n0:61578:64866 [3] NCCL INFO New proxy send connection 10 from local rank 3, transport 0
x3103c0s25b1n0:61575:64754 [0] NCCL INFO Connection to proxy localRank 0 -> connection 0x14faa8000e40
x3103c0s25b1n0:61575:64861 [0] NCCL INFO transport/p2p.cc:449 Cuda Alloc Size 6291456 pointer 0x14facd800000
x3103c0s25b1n0:61576:64751 [1] NCCL INFO Channel 03/0 : 5[46000] -> 4[7000] via P2P/IPC/read
x3103c0s25b1n0:61576:64863 [1] NCCL INFO New proxy send connection 7 from local rank 1, transport 0
x3103c0s25b1n0:61578:64752 [3] NCCL INFO Connection to proxy localRank 3 -> connection 0x1541a0000f00
x3103c0s25b1n0:61578:64866 [3] NCCL INFO transport/p2p.cc:430 Cuda Alloc Size 6291456 pointer 0x1541cf600000
x3103c0s25b1n0:61578:64752 [3] NCCL INFO Channel 03/0 : 7[c7000] -> 6[85000] via P2P/IPC/read
x3103c0s25b1n0:61576:64751 [1] NCCL INFO Connection to proxy localRank 1 -> connection 0x1501b8000e40
x3103c0s25b1n0:61576:64863 [1] NCCL INFO transport/p2p.cc:430 Cuda Alloc Size 6291456 pointer 0x1501cf600000
x3103c0s25b1n0:61578:64866 [3] NCCL INFO New proxy send connection 11 from local rank 3, transport 0
x3103c0s25b1n0:61576:64751 [1] NCCL INFO Connected all rings
x3103c0s25b1n0:61576:64863 [1] NCCL INFO New proxy recv connection 8 from local rank 1, transport 0
x3103c0s25b1n0:61575:64754 [0] NCCL INFO Connected all rings
x3103c0s25b1n0:61575:64754 [0] NCCL INFO Channel 00/0 : 4[7000] -> 5[46000] via P2P/IPC/read
x3103c0s25b1n0:61575:64861 [0] NCCL INFO New proxy send connection 8 from local rank 0, transport 0
x3103c0s25b1n0:61575:64754 [0] NCCL INFO Connection to proxy localRank 0 -> connection 0x14faa8000e80
x3103c0s25b1n0:61576:64751 [1] NCCL INFO Connection to proxy localRank 1 -> connection 0x1501b8000e80
x3103c0s25b1n0:61576:64863 [1] NCCL INFO transport/p2p.cc:449 Cuda Alloc Size 6291456 pointer 0x1501d7600000
x3103c0s25b1n0:61578:64752 [3] NCCL INFO Connection to proxy localRank 3 -> connection 0x1541a0000f40
x3103c0s25b1n0:61578:64866 [3] NCCL INFO transport/p2p.cc:430 Cuda Alloc Size 6291456 pointer 0x1541d1200000
x3103c0s25b1n0:61575:64861 [0] NCCL INFO transport/p2p.cc:430 Cuda Alloc Size 6291456 pointer 0x14fad9200000
x3103c0s25b1n0:61575:64754 [0] NCCL INFO Channel 01/0 : 4[7000] -> 5[46000] via P2P/IPC/read
x3103c0s25b1n0:61575:64861 [0] NCCL INFO New proxy send connection 9 from local rank 0, transport 0
x3103c0s25b1n0:61575:64754 [0] NCCL INFO Connection to proxy localRank 0 -> connection 0x14faa8000ec0
x3103c0s25b1n0:61575:64861 [0] NCCL INFO transport/p2p.cc:430 Cuda Alloc Size 6291456 pointer 0x14fad9800000
x3103c0s25b1n0:61576:64863 [1] NCCL INFO New proxy recv connection 9 from local rank 1, transport 0
x3103c0s25b1n0:61576:64751 [1] NCCL INFO Connection to proxy localRank 1 -> connection 0x1501b8000ec0
x3103c0s25b1n0:61576:64863 [1] NCCL INFO transport/p2p.cc:449 Cuda Alloc Size 6291456 pointer 0x1501db600000
x3103c0s25b1n0:61576:64863 [1] NCCL INFO New proxy recv connection 10 from local rank 1, transport 0
x3103c0s25b1n0:61575:64754 [0] NCCL INFO Channel 02/0 : 4[7000] -> 5[46000] via P2P/IPC/read
x3103c0s25b1n0:61575:64861 [0] NCCL INFO New proxy send connection 10 from local rank 0, transport 0
x3103c0s25b1n0:61576:64751 [1] NCCL INFO Connection to proxy localRank 1 -> connection 0x1501b8000f00
x3103c0s25b1n0:61576:64863 [1] NCCL INFO transport/p2p.cc:449 Cuda Alloc Size 6291456 pointer 0x1501dd600000
x3103c0s25b1n0:61575:64754 [0] NCCL INFO Connection to proxy localRank 0 -> connection 0x14faa8000f00
x3103c0s25b1n0:61575:64861 [0] NCCL INFO transport/p2p.cc:430 Cuda Alloc Size 6291456 pointer 0x14fadb600000
x3103c0s25b1n0:61575:64754 [0] NCCL INFO Channel 03/0 : 4[7000] -> 5[46000] via P2P/IPC/read
x3103c0s25b1n0:61576:64863 [1] NCCL INFO New proxy recv connection 11 from local rank 1, transport 0
x3103c0s25b1n0:61575:64861 [0] NCCL INFO New proxy send connection 11 from local rank 0, transport 0
x3103c0s25b1n0:61576:64751 [1] NCCL INFO Connection to proxy localRank 1 -> connection 0x1501b8000f40
x3103c0s25b1n0:61576:64863 [1] NCCL INFO transport/p2p.cc:449 Cuda Alloc Size 6291456 pointer 0x1501df200000
x3103c0s25b1n0:61576:64751 [1] NCCL INFO Channel 00/0 : 5[46000] -> 6[85000] via P2P/IPC/read
x3103c0s25b1n0:61576:64863 [1] NCCL INFO New proxy send connection 12 from local rank 1, transport 0
x3103c0s25b1n0:61575:64754 [0] NCCL INFO Connection to proxy localRank 0 -> connection 0x14faa8000f40
x3103c0s25b1n0:61575:64861 [0] NCCL INFO transport/p2p.cc:430 Cuda Alloc Size 6291456 pointer 0x14fadd600000
x3103c0s25b1n0:61576:64751 [1] NCCL INFO Connection to proxy localRank 1 -> connection 0x1501b8000f80
x3103c0s25b1n0:61576:64863 [1] NCCL INFO transport/p2p.cc:430 Cuda Alloc Size 6291456 pointer 0x1501df800000
x3103c0s25b1n0:61576:64751 [1] NCCL INFO Channel 01/0 : 5[46000] -> 6[85000] via P2P/IPC/read
x3103c0s25b1n0:61576:64863 [1] NCCL INFO New proxy send connection 13 from local rank 1, transport 0
x3103c0s25b1n0:61576:64751 [1] NCCL INFO Connection to proxy localRank 1 -> connection 0x1501b8000fc0
x3103c0s25b1n0:61576:64863 [1] NCCL INFO transport/p2p.cc:430 Cuda Alloc Size 6291456 pointer 0x1501e1600000
x3103c0s25b1n0:61576:64751 [1] NCCL INFO Channel 02/0 : 5[46000] -> 6[85000] via P2P/IPC/read
x3103c0s25b1n0:61576:64863 [1] NCCL INFO New proxy send connection 14 from local rank 1, transport 0
x3103c0s25b1n0:61576:64751 [1] NCCL INFO Connection to proxy localRank 1 -> connection 0x1501b8001000
x3103c0s25b1n0:61576:64863 [1] NCCL INFO transport/p2p.cc:430 Cuda Alloc Size 6291456 pointer 0x1501e3600000
x3103c0s25b1n0:61576:64751 [1] NCCL INFO Channel 03/0 : 5[46000] -> 6[85000] via P2P/IPC/read
x3103c0s25b1n0:61576:64863 [1] NCCL INFO New proxy send connection 15 from local rank 1, transport 0
x3103c0s25b1n0:61576:64751 [1] NCCL INFO Connection to proxy localRank 1 -> connection 0x1501b8001040
x3103c0s25b1n0:61576:64863 [1] NCCL INFO transport/p2p.cc:430 Cuda Alloc Size 6291456 pointer 0x1501e7600000
x3103c0s25b1n0:61575:64754 [0] NCCL INFO GPU Direct RDMA Disabled for GPU 7000 / HCA 1 (distance 7 > 4)
x3103c0s25b1n0:61575:64861 [0] NCCL INFO Allocated 4194656 bytes of shared memory in /dev/shm/nccl-keMAke

x3103c0s25b1n0:61575:64861 [0] NCCL INFO New proxy recv connection 12 from local rank 0, transport 2
x3103c0s25b1n0:61576:64751 [1] NCCL INFO GPU Direct RDMA Disabled for GPU 46000 / HCA 1 (distance 6 > 4)
x3103c0s25b1n0:61577:64865 [2] NCCL INFO New proxy recv connection 12 from local rank 2, transport 0
x3103c0s25b1n0:61577:64753 [2] NCCL INFO Connection to proxy localRank 2 -> connection 0x154c78000f80
x3103c0s25b1n0:61575:64754 [0] NCCL INFO Connection to proxy localRank 0 -> connection 0x14faa8000f80
x3103c0s25b1n0:61576:64863 [1] NCCL INFO New proxy send connection 16 from local rank 1, transport 2
x3103c0s25b1n0:61577:64865 [2] NCCL INFO transport/p2p.cc:449 Cuda Alloc Size 6291456 pointer 0x154cb5600000
x3103c0s25b1n0:61576:64751 [1] NCCL INFO Connection to proxy localRank 1 -> connection 0x1501b8001080
x3103c0s25b1n0:61576:64751 [1] NCCL INFO Channel 02/0 : 5[46000] -> 8[7000] [send] via NET/IB/1
x3103c0s25b1n0:61576:64751 [1] NCCL INFO GPU Direct RDMA Disabled for GPU 46000 / HCA 0 (distance 7 > 4)
x3103c0s25b1n0:61576:64863 [1] NCCL INFO New proxy send connection 17 from local rank 1, transport 2
x3103c0s25b1n0:61575:64754 [0] NCCL INFO Channel 02/0 : 0[7000] -> 4[7000] [receive] via NET/IB/1
x3103c0s25b1n0:61575:64754 [0] NCCL INFO GPU Direct RDMA Disabled for GPU 7000 / HCA 0 (distance 7 > 4)
x3103c0s25b1n0:61575:64861 [0] NCCL INFO New proxy recv connection 13 from local rank 0, transport 2
x3103c0s25b1n0:61576:64751 [1] NCCL INFO Connection to proxy localRank 1 -> connection 0x1501b80010c0
x3103c0s25b1n0:61576:64751 [1] NCCL INFO Channel 03/0 : 5[46000] -> 8[7000] [send] via NET/IB/0
x3103c0s25b1n0:61575:64754 [0] NCCL INFO Connection to proxy localRank 0 -> connection 0x14faa8000fc0
x3103c0s25b1n0:61577:64865 [2] NCCL INFO New proxy recv connection 13 from local rank 2, transport 0
x3103c0s25b1n0:61577:64753 [2] NCCL INFO Connection to proxy localRank 2 -> connection 0x154c78000fc0
x3103c0s25b1n0:61577:64865 [2] NCCL INFO transport/p2p.cc:449 Cuda Alloc Size 6291456 pointer 0x154cb7600000
x3103c0s25b1n0:61575:64754 [0] NCCL INFO Channel 03/0 : 0[7000] -> 4[7000] [receive] via NET/IB/0
x3103c0s25b1n0:61577:64865 [2] NCCL INFO New proxy recv connection 14 from local rank 2, transport 0
x3103c0s25b1n0:61577:64753 [2] NCCL INFO Connection to proxy localRank 2 -> connection 0x154c78001000
x3103c0s25b1n0:61577:64865 [2] NCCL INFO transport/p2p.cc:449 Cuda Alloc Size 6291456 pointer 0x154cbb600000
x3103c0s25b1n0:61577:64865 [2] NCCL INFO New proxy recv connection 15 from local rank 2, transport 0
x3103c0s25b1n0:61575:64861 [0] NCCL INFO transport/net_ib.cc:683 Ib Alloc Size 21688 pointer 0x14faa801b000
x3103c0s25b1n0:61577:64753 [2] NCCL INFO Connection to proxy localRank 2 -> connection 0x154c78001040
x3103c0s25b1n0:61577:64865 [2] NCCL INFO transport/p2p.cc:449 Cuda Alloc Size 6291456 pointer 0x154cbd600000
x3103c0s25b1n0:61576:64863 [1] NCCL INFO transport/net_ib.cc:596 Ib Alloc Size 26560 pointer 0x1501b80be000
x3103c0s25b1n0:61576:64863 [1] NCCL INFO NET/IB: Dev 1 Port 1 qpn 10070 mtu 5 GID 0 (80FE/5A2100FEFF000000)
x3103c0s25b1n0:61576:64863 [1] NCCL INFO transport/net_ib.cc:653 Ib Alloc Size 552 pointer 0x1501b801a000
x3103c0s25b1n0:61576:64863 [1] NCCL INFO transport/net.cc:571 Cuda Host Alloc Size 9641984 pointer 0x1501f9600000
x3103c0s25b1n0:61576:64863 [1] NCCL INFO transport/net_ib.cc:596 Ib Alloc Size 26560 pointer 0x1501b80d5000
x3103c0s25b1n0:61575:64861 [0] NCCL INFO transport/net_ib.cc:696 Ib Alloc Size 552 pointer 0x14faa8022000
x3103c0s25b1n0:61577:64753 [2] NCCL INFO Channel 00/0 : 6[85000] -> 5[46000] via P2P/IPC/read
x3103c0s25b1n0:61577:64865 [2] NCCL INFO New proxy send connection 16 from local rank 2, transport 0
x3103c0s25b1n0:61576:64863 [1] NCCL INFO NET/IB: Dev 0 Port 1 qpn 15102 mtu 5 GID 0 (80FE/82100FEFF000000)
x3103c0s25b1n0:61576:64863 [1] NCCL INFO transport/net_ib.cc:653 Ib Alloc Size 552 pointer 0x1501b80ec000
x3103c0s25b1n0:61576:64863 [1] NCCL INFO transport/net.cc:571 Cuda Host Alloc Size 9641984 pointer 0x1501fb600000
x3103c0s25b1n0:61575:64861 [0] NCCL INFO transport/net_ib.cc:771 Ib Alloc Size 552 pointer 0x14faa803f000
x3103c0s25b1n0:61575:64861 [0] NCCL INFO transport/net.cc:698 Cuda Host Alloc Size 9641984 pointer 0x14fae7600000
x3103c0s25b1n0:61576:64751 [1] NCCL INFO GPU Direct RDMA Disabled for GPU 46000 / HCA 1 (distance 6 > 4)
x3103c0s25b1n0:61576:64863 [1] NCCL INFO New proxy recv connection 18 from local rank 1, transport 2
x3103c0s25b1n0:61577:64753 [2] NCCL INFO Connection to proxy localRank 2 -> connection 0x154c78001080
x3103c0s25b1n0:61577:64865 [2] NCCL INFO transport/p2p.cc:430 Cuda Alloc Size 6291456 pointer 0x154cbf200000
x3103c0s25b1n0:61577:64753 [2] NCCL INFO Channel 01/0 : 6[85000] -> 5[46000] via P2P/IPC/read
x3103c0s25b1n0:61577:64865 [2] NCCL INFO New proxy send connection 17 from local rank 2, transport 0
x3103c0s25b1n0:61575:64861 [0] NCCL INFO transport/net_ib.cc:683 Ib Alloc Size 21688 pointer 0x14faa8041000
x3103c0s25b1n0:61575:64861 [0] NCCL INFO transport/net_ib.cc:696 Ib Alloc Size 552 pointer 0x14faa8048000
x3103c0s25b1n0:61575:64861 [0] NCCL INFO transport/net_ib.cc:771 Ib Alloc Size 552 pointer 0x14faa8063000
x3103c0s25b1n0:61575:64861 [0] NCCL INFO transport/net.cc:698 Cuda Host Alloc Size 9641984 pointer 0x14fae9600000
x3103c0s25b1n0:61575:64754 [0] NCCL INFO GPU Direct RDMA Disabled for GPU 7000 / HCA 1 (distance 7 > 4)
x3103c0s25b1n0:61576:64751 [1] NCCL INFO Connection to proxy localRank 1 -> connection 0x1501b8001100
x3103c0s25b1n0:61577:64753 [2] NCCL INFO Connection to proxy localRank 2 -> connection 0x154c780010c0
x3103c0s25b1n0:61577:64865 [2] NCCL INFO transport/p2p.cc:430 Cuda Alloc Size 6291456 pointer 0x154cbf800000
x3103c0s25b1n0:61577:64753 [2] NCCL INFO Channel 02/0 : 6[85000] -> 5[46000] via P2P/IPC/read
x3103c0s25b1n0:61576:64751 [1] NCCL INFO Channel 02/0 : 8[7000] -> 5[46000] [receive] via NET/IB/1
x3103c0s25b1n0:61576:64751 [1] NCCL INFO GPU Direct RDMA Disabled for GPU 46000 / HCA 0 (distance 7 > 4)
x3103c0s25b1n0:61576:64863 [1] NCCL INFO New proxy recv connection 19 from local rank 1, transport 2
x3103c0s25b1n0:61576:64751 [1] NCCL INFO Connection to proxy localRank 1 -> connection 0x1501b8001140
x3103c0s25b1n0:61575:64861 [0] NCCL INFO New proxy send connection 14 from local rank 0, transport 2
x3103c0s25b1n0:61577:64865 [2] NCCL INFO New proxy send connection 18 from local rank 2, transport 0
x3103c0s25b1n0:61575:64754 [0] NCCL INFO Connection to proxy localRank 0 -> connection 0x14faa8001000
x3103c0s25b1n0:61575:64754 [0] NCCL INFO Channel 00/0 : 4[7000] -> 9[46000] [send] via NET/IB/1
x3103c0s25b1n0:61575:64754 [0] NCCL INFO GPU Direct RDMA Disabled for GPU 7000 / HCA 0 (distance 7 > 4)
x3103c0s25b1n0:61575:64861 [0] NCCL INFO New proxy send connection 15 from local rank 0, transport 2
x3103c0s25b1n0:61575:64754 [0] NCCL INFO Connection to proxy localRank 0 -> connection 0x14faa8001040
x3103c0s25b1n0:61575:64754 [0] NCCL INFO Channel 01/0 : 4[7000] -> 9[46000] [send] via NET/IB/0
x3103c0s25b1n0:61575:64861 [0] NCCL INFO transport/net_ib.cc:596 Ib Alloc Size 26560 pointer 0x14faa806f000
x3103c0s25b1n0:61577:64753 [2] NCCL INFO Connection to proxy localRank 2 -> connection 0x154c78001100
x3103c0s25b1n0:61575:64861 [0] NCCL INFO NET/IB: Dev 1 Port 1 qpn 10073 mtu 5 GID 0 (80FE/5A2100FEFF000000)
x3103c0s25b1n0:61575:64861 [0] NCCL INFO transport/net_ib.cc:653 Ib Alloc Size 552 pointer 0x14faa8086000
x3103c0s25b1n0:61575:64861 [0] NCCL INFO transport/net.cc:571 Cuda Host Alloc Size 9641984 pointer 0x14faed600000
x3103c0s25b1n0:61577:64865 [2] NCCL INFO transport/p2p.cc:430 Cuda Alloc Size 6291456 pointer 0x154cc1600000
x3103c0s25b1n0:61576:64751 [1] NCCL INFO Channel 03/0 : 8[7000] -> 5[46000] [receive] via NET/IB/0
x3103c0s25b1n0:61575:64861 [0] NCCL INFO transport/net_ib.cc:596 Ib Alloc Size 26560 pointer 0x14faa8088000
x3103c0s25b1n0:61577:64753 [2] NCCL INFO Channel 03/0 : 6[85000] -> 5[46000] via P2P/IPC/read
x3103c0s25b1n0:61577:64865 [2] NCCL INFO New proxy send connection 19 from local rank 2, transport 0
x3103c0s25b1n0:61575:64861 [0] NCCL INFO NET/IB: Dev 0 Port 1 qpn 15105 mtu 5 GID 0 (80FE/82100FEFF000000)
x3103c0s25b1n0:61575:64861 [0] NCCL INFO transport/net_ib.cc:653 Ib Alloc Size 552 pointer 0x14faa809f000
x3103c0s25b1n0:61575:64861 [0] NCCL INFO transport/net.cc:571 Cuda Host Alloc Size 9641984 pointer 0x14faef600000
x3103c0s25b1n0:61575:64754 [0] NCCL INFO GPU Direct RDMA Disabled for GPU 7000 / HCA 1 (distance 7 > 4)
x3103c0s25b1n0:61575:64861 [0] NCCL INFO New proxy recv connection 16 from local rank 0, transport 2
x3103c0s25b1n0:61577:64753 [2] NCCL INFO Connection to proxy localRank 2 -> connection 0x154c78001140
x3103c0s25b1n0:61577:64865 [2] NCCL INFO transport/p2p.cc:430 Cuda Alloc Size 6291456 pointer 0x154cc3600000
x3103c0s25b1n0:61575:64754 [0] NCCL INFO Connection to proxy localRank 0 -> connection 0x14faa8001080
x3103c0s25b1n0:61578:64752 [3] NCCL INFO Connected all trees by HAO
x3103c0s25b1n0:61578:64752 [3] NCCL INFO threadThresholds 8/8/64 | 128/8/64 | 512 | 512
x3103c0s25b1n0:61578:64752 [3] NCCL INFO 4 coll channels, 4 p2p channels, 2 p2p channels per peer
x3103c0s25b1n0:61578:64866 [3] NCCL INFO New proxy send connection 12 from local rank 3, transport 2
x3103c0s25b1n0:61575:64754 [0] NCCL INFO Channel 02/0 : 12[7000] -> 4[7000] [receive] via NET/IB/1
x3103c0s25b1n0:61575:64754 [0] NCCL INFO GPU Direct RDMA Disabled for GPU 7000 / HCA 0 (distance 7 > 4)
x3103c0s25b1n0:61578:64752 [3] NCCL INFO Connection to proxy localRank 3 -> connection 0x1541a0000f80
x3103c0s25b1n0:61578:64866 [3] NCCL INFO transport/net.cc:376 Cuda Alloc Size 8388608 pointer 0x1541db600000
x3103c0s25b1n0:61575:64861 [0] NCCL INFO New proxy recv connection 17 from local rank 0, transport 2
x3103c0s25b1n0:61575:64754 [0] NCCL INFO Connection to proxy localRank 0 -> connection 0x14faa80010c0
x3103c0s25b1n0:61575:64754 [0] NCCL INFO Channel 03/0 : 12[7000] -> 4[7000] [receive] via NET/IB/0
x3103c0s25b1n0:61575:64754 [0] NCCL INFO GPU Direct RDMA Disabled for GPU 7000 / HCA 1 (distance 7 > 4)
x3103c0s25b1n0:61575:64861 [0] NCCL INFO New proxy send connection 18 from local rank 0, transport 2
x3103c0s25b1n0:61575:64754 [0] NCCL INFO Connection to proxy localRank 0 -> connection 0x14faa8001100
x3103c0s25b1n0:61575:64754 [0] NCCL INFO Channel 02/0 : 4[7000] -> 12[7000] [send] via NET/IB/1
x3103c0s25b1n0:61575:64754 [0] NCCL INFO GPU Direct RDMA Disabled for GPU 7000 / HCA 0 (distance 7 > 4)
x3103c0s25b1n0:61575:64861 [0] NCCL INFO New proxy send connection 19 from local rank 0, transport 2
x3103c0s25b1n0:61575:64754 [0] NCCL INFO Connection to proxy localRank 0 -> connection 0x14faa8001140
x3103c0s25b1n0:61575:64754 [0] NCCL INFO Channel 03/0 : 4[7000] -> 12[7000] [send] via NET/IB/0
x3103c0s25b1n0:61575:64861 [0] NCCL INFO transport/net_ib.cc:596 Ib Alloc Size 26560 pointer 0x14faa80b5000
x3103c0s25b1n0:61575:64861 [0] NCCL INFO NET/IB: Dev 1 Port 1 qpn 10074 mtu 5 GID 0 (80FE/5A2100FEFF000000)
x3103c0s25b1n0:61575:64861 [0] NCCL INFO transport/net_ib.cc:653 Ib Alloc Size 552 pointer 0x14faa80cc000
x3103c0s25b1n0:61575:64861 [0] NCCL INFO transport/net.cc:571 Cuda Host Alloc Size 9641984 pointer 0x14faf1200000
x3103c0s25b1n0:61575:64861 [0] NCCL INFO transport/net_ib.cc:596 Ib Alloc Size 26560 pointer 0x14faa80ce000
x3103c0s25b1n0:61575:64861 [0] NCCL INFO NET/IB: Dev 0 Port 1 qpn 15106 mtu 5 GID 0 (80FE/82100FEFF000000)
x3103c0s25b1n0:61575:64861 [0] NCCL INFO transport/net_ib.cc:653 Ib Alloc Size 552 pointer 0x14faa80e5000
x3103c0s25b1n0:61575:64861 [0] NCCL INFO transport/net.cc:571 Cuda Host Alloc Size 9641984 pointer 0x14faf3600000
x3103c0s25b1n0:61575:64861 [0] NCCL INFO transport/net_ib.cc:683 Ib Alloc Size 21688 pointer 0x14faa80e7000
x3103c0s25b1n0:61575:64861 [0] NCCL INFO transport/net_ib.cc:696 Ib Alloc Size 552 pointer 0x14faa80ee000
x3103c0s25b1n0:61575:64861 [0] NCCL INFO transport/net_ib.cc:771 Ib Alloc Size 552 pointer 0x14faa8109000
x3103c0s25b1n0:61575:64861 [0] NCCL INFO transport/net.cc:698 Cuda Host Alloc Size 9641984 pointer 0x14faf5600000
x3103c0s25b1n0:61575:64861 [0] NCCL INFO transport/net_ib.cc:683 Ib Alloc Size 21688 pointer 0x14faa810b000
x3103c0s25b1n0:61575:64861 [0] NCCL INFO transport/net_ib.cc:696 Ib Alloc Size 552 pointer 0x14faa8112000
x3103c0s25b1n0:61575:64861 [0] NCCL INFO transport/net_ib.cc:771 Ib Alloc Size 552 pointer 0x14faa812d000
x3103c0s25b1n0:61575:64861 [0] NCCL INFO transport/net.cc:698 Cuda Host Alloc Size 9641984 pointer 0x14faf9600000
x3103c0s25b1n0:61575:64754 [0] NCCL INFO GPU Direct RDMA Disabled for GPU 7000 / HCA 1 (distance 7 > 4)
x3103c0s25b1n0:61575:64861 [0] NCCL INFO New proxy recv connection 20 from local rank 0, transport 2
x3103c0s25b1n0:61575:64754 [0] NCCL INFO Connection to proxy localRank 0 -> connection 0x14faa8001180
x3103c0s25b1n0:61575:64754 [0] NCCL INFO Channel 00/0 : 9[46000] -> 4[7000] [receive] via NET/IB/1
x3103c0s25b1n0:61575:64754 [0] NCCL INFO GPU Direct RDMA Disabled for GPU 7000 / HCA 0 (distance 7 > 4)
x3103c0s25b1n0:61575:64861 [0] NCCL INFO New proxy recv connection 21 from local rank 0, transport 2
x3103c0s25b1n0:61575:64754 [0] NCCL INFO Connection to proxy localRank 0 -> connection 0x14faa80011c0
x3103c0s25b1n0:61575:64754 [0] NCCL INFO Channel 01/0 : 9[46000] -> 4[7000] [receive] via NET/IB/0
x3103c0s25b1n0:61575:64861 [0] NCCL INFO transport/net_ib.cc:683 Ib Alloc Size 21688 pointer 0x14faa8139000
x3103c0s25b1n0:61575:64861 [0] NCCL INFO transport/net_ib.cc:696 Ib Alloc Size 552 pointer 0x14faa8140000
x3103c0s25b1n0:61575:64861 [0] NCCL INFO transport/net_ib.cc:771 Ib Alloc Size 552 pointer 0x14faa815b000
x3103c0s25b1n0:61575:64861 [0] NCCL INFO transport/net.cc:698 Cuda Host Alloc Size 9641984 pointer 0x14fafb600000
x3103c0s25b1n0:61575:64861 [0] NCCL INFO Mem Realloc old size 768, new size 1536 pointer 0x14faa80e5360
x3103c0s25b1n0:61575:64861 [0] NCCL INFO transport/net_ib.cc:683 Ib Alloc Size 21688 pointer 0x14faa815d000
x3103c0s25b1n0:61575:64861 [0] NCCL INFO transport/net_ib.cc:696 Ib Alloc Size 552 pointer 0x14faa8164000
x3103c0s25b1n0:61575:64861 [0] NCCL INFO transport/net_ib.cc:771 Ib Alloc Size 552 pointer 0x14faa817f000
x3103c0s25b1n0:61575:64861 [0] NCCL INFO transport/net.cc:698 Cuda Host Alloc Size 9641984 pointer 0x14fafd200000
x3103c0s25b1n0:61575:64861 [0] NCCL INFO Mem Realloc old size 768, new size 1536 pointer 0x14faa81743f0
x3103c0s25b1n0:61575:64754 [0] NCCL INFO GPU Direct RDMA Disabled for GPU 7000 / HCA 1 (distance 7 > 4)
x3103c0s25b1n0:61575:64861 [0] NCCL INFO New proxy send connection 22 from local rank 0, transport 2
x3103c0s25b1n0:61575:64754 [0] NCCL INFO Connection to proxy localRank 0 -> connection 0x14faa8001200
x3103c0s25b1n0:61575:64754 [0] NCCL INFO Channel 02/0 : 4[7000] -> 0[7000] [send] via NET/IB/1
x3103c0s25b1n0:61575:64754 [0] NCCL INFO GPU Direct RDMA Disabled for GPU 7000 / HCA 0 (distance 7 > 4)
x3103c0s25b1n0:61575:64861 [0] NCCL INFO New proxy send connection 23 from local rank 0, transport 2
x3103c0s25b1n0:61575:64754 [0] NCCL INFO Connection to proxy localRank 0 -> connection 0x14faa8001240
x3103c0s25b1n0:61575:64754 [0] NCCL INFO Channel 03/0 : 4[7000] -> 0[7000] [send] via NET/IB/0
x3103c0s25b1n0:61575:64861 [0] NCCL INFO transport/net_ib.cc:596 Ib Alloc Size 26560 pointer 0x14faa818b000
x3103c0s25b1n0:61575:64861 [0] NCCL INFO NET/IB: Dev 1 Port 1 qpn 10079 mtu 5 GID 0 (80FE/5A2100FEFF000000)
x3103c0s25b1n0:61575:64861 [0] NCCL INFO transport/net_ib.cc:653 Ib Alloc Size 552 pointer 0x14faa81a2000
x3103c0s25b1n0:61575:64861 [0] NCCL INFO transport/net.cc:571 Cuda Host Alloc Size 9641984 pointer 0x14faff600000
x3103c0s25b1n0:61575:64861 [0] NCCL INFO transport/net_ib.cc:596 Ib Alloc Size 26560 pointer 0x14faa81a4000
x3103c0s25b1n0:61575:64861 [0] NCCL INFO NET/IB: Dev 0 Port 1 qpn 15111 mtu 5 GID 0 (80FE/82100FEFF000000)
x3103c0s25b1n0:61575:64861 [0] NCCL INFO transport/net_ib.cc:653 Ib Alloc Size 552 pointer 0x14faa81bb000
x3103c0s25b1n0:61575:64861 [0] NCCL INFO transport/net.cc:571 Cuda Host Alloc Size 9641984 pointer 0x14fb01600000
x3103c0s25b1n0:61575:64754 [0] NCCL INFO Connected all trees by HAO
x3103c0s25b1n0:61575:64754 [0] NCCL INFO threadThresholds 8/8/64 | 128/8/64 | 512 | 512
x3103c0s25b1n0:61575:64754 [0] NCCL INFO 4 coll channels, 4 p2p channels, 2 p2p channels per peer
x3103c0s25b1n0:61575:64861 [0] NCCL INFO New proxy send connection 24 from local rank 0, transport 2
x3103c0s25b1n0:61576:64863 [1] NCCL INFO transport/net_ib.cc:683 Ib Alloc Size 21688 pointer 0x1501b80f8000
x3103c0s25b1n0:61576:64863 [1] NCCL INFO transport/net_ib.cc:696 Ib Alloc Size 552 pointer 0x1501b80ff000
x3103c0s25b1n0:61575:64754 [0] NCCL INFO Connection to proxy localRank 0 -> connection 0x14faa8001280
x3103c0s25b1n0:61576:64863 [1] NCCL INFO transport/net_ib.cc:771 Ib Alloc Size 552 pointer 0x1501b811a000
x3103c0s25b1n0:61576:64863 [1] NCCL INFO transport/net.cc:698 Cuda Host Alloc Size 9641984 pointer 0x1501ff600000
x3103c0s25b1n0:61575:64861 [0] NCCL INFO transport/net.cc:376 Cuda Alloc Size 8388608 pointer 0x14fb05600000
x3103c0s25b1n0:61576:64863 [1] NCCL INFO transport/net_ib.cc:683 Ib Alloc Size 21688 pointer 0x1501b811c000
x3103c0s25b1n0:61576:64863 [1] NCCL INFO transport/net_ib.cc:696 Ib Alloc Size 552 pointer 0x1501b8123000
x3103c0s25b1n0:61576:64863 [1] NCCL INFO transport/net_ib.cc:771 Ib Alloc Size 552 pointer 0x1501b813e000
x3103c0s25b1n0:61576:64863 [1] NCCL INFO transport/net.cc:698 Cuda Host Alloc Size 9641984 pointer 0x150201600000
x3103c0s25b1n0:61576:64863 [1] NCCL INFO New proxy recv connection 20 from local rank 1, transport 0
x3103c0s25b1n0:61576:64751 [1] NCCL INFO Connection to proxy localRank 1 -> connection 0x1501b8001180
x3103c0s25b1n0:61576:64863 [1] NCCL INFO transport/p2p.cc:449 Cuda Alloc Size 6291456 pointer 0x1501f7800000
x3103c0s25b1n0:61576:64863 [1] NCCL INFO New proxy recv connection 21 from local rank 1, transport 0
x3103c0s25b1n0:61576:64751 [1] NCCL INFO Connection to proxy localRank 1 -> connection 0x1501b80011c0
x3103c0s25b1n0:61576:64863 [1] NCCL INFO transport/p2p.cc:449 Cuda Alloc Size 6291456 pointer 0x150203200000
x3103c0s25b1n0:61576:64863 [1] NCCL INFO New proxy recv connection 22 from local rank 1, transport 0
x3103c0s25b1n0:61576:64751 [1] NCCL INFO Connection to proxy localRank 1 -> connection 0x1501b8001200
x3103c0s25b1n0:61576:64863 [1] NCCL INFO transport/p2p.cc:449 Cuda Alloc Size 6291456 pointer 0x150203800000
x3103c0s25b1n0:61576:64863 [1] NCCL INFO New proxy recv connection 23 from local rank 1, transport 0
x3103c0s25b1n0:61576:64751 [1] NCCL INFO Connection to proxy localRank 1 -> connection 0x1501b8001240
x3103c0s25b1n0:61576:64863 [1] NCCL INFO transport/p2p.cc:449 Cuda Alloc Size 6291456 pointer 0x150205600000
x3103c0s25b1n0:61576:64751 [1] NCCL INFO Connected all trees by HAO
x3103c0s25b1n0:61576:64751 [1] NCCL INFO threadThresholds 8/8/64 | 128/8/64 | 512 | 512
x3103c0s25b1n0:61576:64751 [1] NCCL INFO 4 coll channels, 4 p2p channels, 2 p2p channels per peer
x3103c0s25b1n0:61576:64863 [1] NCCL INFO New proxy send connection 24 from local rank 1, transport 2
x3103c0s25b1n0:61577:64753 [2] NCCL INFO Connected all trees by HAO
x3103c0s25b1n0:61577:64753 [2] NCCL INFO threadThresholds 8/8/64 | 128/8/64 | 512 | 512
x3103c0s25b1n0:61577:64753 [2] NCCL INFO 4 coll channels, 4 p2p channels, 2 p2p channels per peer
x3103c0s25b1n0:61577:64865 [2] NCCL INFO Allocated 4194656 bytes of shared memory in /dev/shm/nccl-urFugo

x3103c0s25b1n0:61577:64865 [2] NCCL INFO New proxy send connection 20 from local rank 2, transport 2
x3103c0s25b1n0:61576:64751 [1] NCCL INFO Connection to proxy localRank 1 -> connection 0x1501b8001280
x3103c0s25b1n0:61576:64863 [1] NCCL INFO transport/net.cc:376 Cuda Alloc Size 8388608 pointer 0x15020f800000
x3103c0s25b1n0:61577:64753 [2] NCCL INFO Connection to proxy localRank 2 -> connection 0x154c78001180
x3103c0s25b1n0:61578:64752 [3] NCCL INFO init.cc:367 Cuda Alloc Size 5168 pointer 0x15438780f600
x3103c0s25b1n0:61576:64751 [1] NCCL INFO init.cc:367 Cuda Alloc Size 5168 pointer 0x15039980f600
x3103c0s25b1n0:61577:64865 [2] NCCL INFO transport/net.cc:376 Cuda Alloc Size 8388608 pointer 0x154cd7200000
x3103c0s25b1n0:61577:64753 [2] NCCL INFO init.cc:367 Cuda Alloc Size 5168 pointer 0x154e6180f600
x3103c0s25b1n0:61578:64752 [3] NCCL INFO init.cc:392 Cuda Host Alloc Size 33554432 pointer 0x15419e000000
x3103c0s25b1n0:61578:64752 [3] NCCL INFO init.cc:398 Cuda Host Alloc Size 128 pointer 0x154386e00600
x3103c0s25b1n0:61578:64752 [3] NCCL INFO comm 0x557455102cf0 rank 7 nranks 16 cudaDev 3 busId c7000 - Init COMPLETE
x3103c0s25b1n0:61576:64751 [1] NCCL INFO init.cc:392 Cuda Host Alloc Size 33554432 pointer 0x1501b2000000
x3103c0s25b1n0:61576:64751 [1] NCCL INFO init.cc:398 Cuda Host Alloc Size 128 pointer 0x150398e00600
x3103c0s25b1n0:61576:64751 [1] NCCL INFO comm 0x5555f798e370 rank 5 nranks 16 cudaDev 1 busId 46000 - Init COMPLETE
x3103c0s25b1n0:61577:64753 [2] NCCL INFO init.cc:392 Cuda Host Alloc Size 33554432 pointer 0x154c76000000
x3103c0s25b1n0:61577:64753 [2] NCCL INFO init.cc:398 Cuda Host Alloc Size 128 pointer 0x154e60e00600
x3103c0s25b1n0:61577:64753 [2] NCCL INFO comm 0x5625e24961a0 rank 6 nranks 16 cudaDev 2 busId 85000 - Init COMPLETE
x3103c0s25b1n0:61575:64754 [0] NCCL INFO init.cc:367 Cuda Alloc Size 5168 pointer 0x14fc9780f600
x3103c0s25b1n0:61576:61576 [1] NCCL INFO AllReduce: opCount 0 sendbuff 0x1503d7600400 recvbuff 0x1503d7600400 count 1 datatype 4 op 0 root 0 comm 0x5555f798e370 [nranks=16] stream 0x5555f58cd280
x3103c0s25b1n0:61576:61576 [1] NCCL INFO misc/utils.cc:235 memory stack hunk malloc(65536)
[LYD INFO in ncclLaunchKernel (enqueue.cc)] NCHANNELS is: 4NCCL version 2.14.3+cuda11.8
x3103c0s25b1n0:61576:61576 [1] NCCL INFO init.cc:1147 Cuda Host Alloc Size 4 pointer 0x150398e00800
x3103c0s25b1n0:61577:61577 [2] NCCL INFO AllReduce: opCount 0 sendbuff 0x154ea3600400 recvbuff 0x154ea3600400 count 1 datatype 4 op 0 root 0 comm 0x5625e24961a0 [nranks=16] stream 0x5625e0e37010
x3103c0s25b1n0:61577:61577 [2] NCCL INFO misc/utils.cc:235 memory stack hunk malloc(65536)
[LYD INFO in ncclLaunchKernel (enqueue.cc)] NCHANNELS is: 4NCCL version 2.14.3+cuda11.8
x3103c0s25b1n0:61577:61577 [2] NCCL INFO init.cc:1147 Cuda Host Alloc Size 4 pointer 0x154e60e00800
x3103c0s25b1n0:61575:64754 [0] NCCL INFO init.cc:392 Cuda Host Alloc Size 33554432 pointer 0x14faa6000000
x3103c0s25b1n0:61575:64754 [0] NCCL INFO init.cc:398 Cuda Host Alloc Size 128 pointer 0x14fc96e00600
x3103c0s25b1n0:61575:64754 [0] NCCL INFO comm 0x556b3f3bc810 rank 4 nranks 16 cudaDev 0 busId 7000 - Init COMPLETE
x3103c0s25b1n0:61576:65186 [1] NCCL INFO Using network IB
x3103c0s25b1n0:61578:61578 [3] NCCL INFO AllReduce: opCount 0 sendbuff 0x1543c7600400 recvbuff 0x1543c7600400 count 1 datatype 4 op 0 root 0 comm 0x557455102cf0 [nranks=16] stream 0x557451fab980
x3103c0s25b1n0:61578:61578 [3] NCCL INFO misc/utils.cc:235 memory stack hunk malloc(65536)
[LYD INFO in ncclLaunchKernel (enqueue.cc)] NCHANNELS is: 4NCCL version 2.14.3+cuda11.8
x3103c0s25b1n0:61578:61578 [3] NCCL INFO init.cc:1147 Cuda Host Alloc Size 4 pointer 0x154386e00800
x3103c0s25b1n0:61575:61575 [0] NCCL INFO AllReduce: opCount 0 sendbuff 0x14fcd7600400 recvbuff 0x14fcd7600400 count 1 datatype 4 op 0 root 0 comm 0x556b3f3bc810 [nranks=16] stream 0x556b3c1a6a10
x3103c0s25b1n0:61575:61575 [0] NCCL INFO misc/utils.cc:235 memory stack hunk malloc(65536)
[LYD INFO in ncclLaunchKernel (enqueue.cc)] NCHANNELS is: 4NCCL version 2.14.3+cuda11.8
x3103c0s25b1n0:61575:61575 [0] NCCL INFO init.cc:1147 Cuda Host Alloc Size 4 pointer 0x14fc96e00800
x3103c0s25b1n0:61577:65189 [2] NCCL INFO Using network IB
x3103c0s25b1n0:61578:65191 [3] NCCL INFO Using network IB
x3103c0s25b1n0:61575:65193 [0] NCCL INFO Using network IB

[LYD INFO in NCCL_KERN_NAME (common.h)] 7 AllReduce TREE LL Sum int64_t Elapsed time: 66063 us

[LYD INFO in NCCL_KERN_NAME (common.h)] 4 AllReduce TREE LL Sum int64_t Elapsed time: 56801 us

[LYD INFO in NCCL_KERN_NAME (common.h)] 6 AllReduce TREE LL Sum int64_t Elapsed time: 81973 us

[LYD INFO in NCCL_KERN_NAME (common.h)] 5 AllReduce TREE LL Sum int64_t Elapsed time: 93413 us
x3103c0s25b1n0:61577:65189 [2] NCCL INFO NET/IB : GPU Direct RDMA Enabled for HCA 0 'mlx5_0'
x3103c0s25b1n0:61577:65189 [2] NCCL INFO NET/IB : GPU Direct RDMA Enabled for HCA 1 'mlx5_1'
x3103c0s25b1n0:61577:65189 [2] NCCL INFO GPU Direct RDMA Disabled for GPU 85000 / HCA 0 (distance 7 > 4)
x3103c0s25b1n0:61577:65189 [2] NCCL INFO GPU Direct RDMA Disabled for GPU 85000 / HCA 1 (distance 7 > 4)
x3103c0s25b1n0:61577:65189 [2] NCCL INFO === System : maxBw 5000.0 totalBw 0.0 ===
x3103c0s25b1n0:61577:65189 [2] NCCL INFO CPU/1 (1/2/-1)
x3103c0s25b1n0:61577:65189 [2] NCCL INFO + SYS[5000.0] - CPU/0
x3103c0s25b1n0:61577:65189 [2] NCCL INFO + SYS[5000.0] - CPU/2
x3103c0s25b1n0:61577:65189 [2] NCCL INFO + PCI[24.0] - PCI/83000 (11f8406811f8beef)
x3103c0s25b1n0:61577:65189 [2] NCCL INFO               + PCI[24.0] - GPU/85000 (0)
x3103c0s25b1n0:61577:65189 [2] NCCL INFO CPU/0 (1/2/-1)
x3103c0s25b1n0:61577:65189 [2] NCCL INFO + SYS[5000.0] - CPU/1
x3103c0s25b1n0:61577:65189 [2] NCCL INFO + SYS[5000.0] - CPU/2
x3103c0s25b1n0:61577:65189 [2] NCCL INFO + PCI[12.0] - NIC/C8000
x3103c0s25b1n0:61577:65189 [2] NCCL INFO CPU/2 (1/2/-1)
x3103c0s25b1n0:61577:65189 [2] NCCL INFO + SYS[5000.0] - CPU/1
x3103c0s25b1n0:61577:65189 [2] NCCL INFO + SYS[5000.0] - CPU/0
x3103c0s25b1n0:61577:65189 [2] NCCL INFO + PCI[12.0] - NIC/43000
x3103c0s25b1n0:61577:65189 [2] NCCL INFO ==========================================
x3103c0s25b1n0:61577:65189 [2] NCCL INFO GPU/85000 :GPU/85000 (0/5000.000000/LOC) CPU/1 (2/24.000000/PHB) CPU/0 (3/24.000000/SYS) CPU/2 (3/24.000000/SYS) 
x3103c0s25b1n0:61577:65189 [2] NCCL INFO Pattern 4, crossNic 0, nChannels 16, bw 44.000000/44.000000, type LOC/PIX, sameChannels 1
x3103c0s25b1n0:61577:65189 [2] NCCL INFO  0 : GPU/0
x3103c0s25b1n0:61577:65189 [2] NCCL INFO  1 : GPU/0
x3103c0s25b1n0:61577:65189 [2] NCCL INFO  2 : GPU/0
x3103c0s25b1n0:61577:65189 [2] NCCL INFO  3 : GPU/0
x3103c0s25b1n0:61577:65189 [2] NCCL INFO  4 : GPU/0
x3103c0s25b1n0:61577:65189 [2] NCCL INFO  5 : GPU/0
x3103c0s25b1n0:61577:65189 [2] NCCL INFO  6 : GPU/0
x3103c0s25b1n0:61577:65189 [2] NCCL INFO  7 : GPU/0
x3103c0s25b1n0:61577:65189 [2] NCCL INFO  8 : GPU/0
x3103c0s25b1n0:61577:65189 [2] NCCL INFO  9 : GPU/0
x3103c0s25b1n0:61577:65189 [2] NCCL INFO 10 : GPU/0
x3103c0s25b1n0:61577:65189 [2] NCCL INFO 11 : GPU/0
x3103c0s25b1n0:61577:65189 [2] NCCL INFO 12 : GPU/0
x3103c0s25b1n0:61577:65189 [2] NCCL INFO 13 : GPU/0
x3103c0s25b1n0:61577:65189 [2] NCCL INFO 14 : GPU/0
x3103c0s25b1n0:61577:65189 [2] NCCL INFO 15 : GPU/0
x3103c0s25b1n0:61577:65189 [2] NCCL INFO Pattern 3, crossNic 0, nChannels 16, bw 44.000000/44.000000, type LOC/PIX, sameChannels 1
x3103c0s25b1n0:61577:65189 [2] NCCL INFO  0 : GPU/0
x3103c0s25b1n0:61577:65189 [2] NCCL INFO  1 : GPU/0
x3103c0s25b1n0:61577:65189 [2] NCCL INFO  2 : GPU/0
x3103c0s25b1n0:61577:65189 [2] NCCL INFO  3 : GPU/0
x3103c0s25b1n0:61577:65189 [2] NCCL INFO  4 : GPU/0
x3103c0s25b1n0:61577:65189 [2] NCCL INFO  5 : GPU/0
x3103c0s25b1n0:61577:65189 [2] NCCL INFO  6 : GPU/0
x3103c0s25b1n0:61577:65189 [2] NCCL INFO  7 : GPU/0
x3103c0s25b1n0:61577:65189 [2] NCCL INFO  8 : GPU/0
x3103c0s25b1n0:61577:65189 [2] NCCL INFO  9 : GPU/0
x3103c0s25b1n0:61577:65189 [2] NCCL INFO 10 : GPU/0
x3103c0s25b1n0:61577:65189 [2] NCCL INFO 11 : GPU/0
x3103c0s25b1n0:61577:65189 [2] NCCL INFO 12 : GPU/0
x3103c0s25b1n0:61577:65189 [2] NCCL INFO 13 : GPU/0
x3103c0s25b1n0:61577:65189 [2] NCCL INFO 14 : GPU/0
x3103c0s25b1n0:61577:65189 [2] NCCL INFO 15 : GPU/0
x3103c0s25b1n0:61577:65189 [2] NCCL INFO Pattern 3, crossNic 0, nChannels 16, bw 44.000000/44.000000, type LOC/PIX, sameChannels 1
x3103c0s25b1n0:61577:65189 [2] NCCL INFO  0 : GPU/0
x3103c0s25b1n0:61577:65189 [2] NCCL INFO  1 : GPU/0
x3103c0s25b1n0:61577:65189 [2] NCCL INFO  2 : GPU/0
x3103c0s25b1n0:61577:65189 [2] NCCL INFO  3 : GPU/0
x3103c0s25b1n0:61577:65189 [2] NCCL INFO  4 : GPU/0
x3103c0s25b1n0:61577:65189 [2] NCCL INFO  5 : GPU/0
x3103c0s25b1n0:61577:65189 [2] NCCL INFO  6 : GPU/0
x3103c0s25b1n0:61577:65189 [2] NCCL INFO  7 : GPU/0
x3103c0s25b1n0:61577:65189 [2] NCCL INFO  8 : GPU/0
x3103c0s25b1n0:61577:65189 [2] NCCL INFO  9 : GPU/0
x3103c0s25b1n0:61577:65189 [2] NCCL INFO 10 : GPU/0
x3103c0s25b1n0:61577:65189 [2] NCCL INFO 11 : GPU/0
x3103c0s25b1n0:61577:65189 [2] NCCL INFO 12 : GPU/0
x3103c0s25b1n0:61577:65189 [2] NCCL INFO 13 : GPU/0
x3103c0s25b1n0:61577:65189 [2] NCCL INFO 14 : GPU/0
x3103c0s25b1n0:61577:65189 [2] NCCL INFO 15 : GPU/0
x3103c0s25b1n0:61577:65189 [2] NCCL INFO Tree 0 : -1 -> 0 -> -1/-1/-1
x3103c0s25b1n0:61577:65189 [2] NCCL INFO Tree 16 : -1 -> 0 -> -1/-1/-1
x3103c0s25b1n0:61577:65189 [2] NCCL INFO Tree 1 : -1 -> 0 -> -1/-1/-1
x3103c0s25b1n0:61577:65189 [2] NCCL INFO Tree 17 : -1 -> 0 -> -1/-1/-1
x3103c0s25b1n0:61577:65189 [2] NCCL INFO Tree 2 : -1 -> 0 -> -1/-1/-1
x3103c0s25b1n0:61577:65189 [2] NCCL INFO Tree 18 : -1 -> 0 -> -1/-1/-1
x3103c0s25b1n0:61577:65189 [2] NCCL INFO Tree 3 : -1 -> 0 -> -1/-1/-1
x3103c0s25b1n0:61577:65189 [2] NCCL INFO Tree 19 : -1 -> 0 -> -1/-1/-1
x3103c0s25b1n0:61577:65189 [2] NCCL INFO Tree 4 : -1 -> 0 -> -1/-1/-1
x3103c0s25b1n0:61577:65189 [2] NCCL INFO Tree 20 : -1 -> 0 -> -1/-1/-1
x3103c0s25b1n0:61577:65189 [2] NCCL INFO Tree 5 : -1 -> 0 -> -1/-1/-1
x3103c0s25b1n0:61577:65189 [2] NCCL INFO Tree 21 : -1 -> 0 -> -1/-1/-1
x3103c0s25b1n0:61577:65189 [2] NCCL INFO Tree 6 : -1 -> 0 -> -1/-1/-1
x3103c0s25b1n0:61577:65189 [2] NCCL INFO Tree 22 : -1 -> 0 -> -1/-1/-1
x3103c0s25b1n0:61577:65189 [2] NCCL INFO Tree 7 : -1 -> 0 -> -1/-1/-1
x3103c0s25b1n0:61577:65189 [2] NCCL INFO Tree 23 : -1 -> 0 -> -1/-1/-1
x3103c0s25b1n0:61577:65189 [2] NCCL INFO Tree 8 : -1 -> 0 -> -1/-1/-1
x3103c0s25b1n0:61577:65189 [2] NCCL INFO Tree 24 : -1 -> 0 -> -1/-1/-1
x3103c0s25b1n0:61577:65189 [2] NCCL INFO Tree 9 : -1 -> 0 -> -1/-1/-1
x3103c0s25b1n0:61577:65189 [2] NCCL INFO Tree 25 : -1 -> 0 -> -1/-1/-1
x3103c0s25b1n0:61577:65189 [2] NCCL INFO Tree 10 : -1 -> 0 -> -1/-1/-1
x3103c0s25b1n0:61577:65189 [2] NCCL INFO Tree 26 : -1 -> 0 -> -1/-1/-1
x3103c0s25b1n0:61577:65189 [2] NCCL INFO Tree 11 : -1 -> 0 -> -1/-1/-1
x3103c0s25b1n0:61577:65189 [2] NCCL INFO Tree 27 : -1 -> 0 -> -1/-1/-1
x3103c0s25b1n0:61577:65189 [2] NCCL INFO Tree 12 : -1 -> 0 -> -1/-1/-1
x3103c0s25b1n0:61577:65189 [2] NCCL INFO Tree 28 : -1 -> 0 -> -1/-1/-1
x3103c0s25b1n0:61577:65189 [2] NCCL INFO Tree 13 : -1 -> 0 -> -1/-1/-1
x3103c0s25b1n0:61577:65189 [2] NCCL INFO Tree 29 : -1 -> 0 -> -1/-1/-1
x3103c0s25b1n0:61577:65189 [2] NCCL INFO Tree 14 : -1 -> 0 -> -1/-1/-1
x3103c0s25b1n0:61577:65189 [2] NCCL INFO Tree 30 : -1 -> 0 -> -1/-1/-1
x3103c0s25b1n0:61577:65189 [2] NCCL INFO Tree 15 : -1 -> 0 -> -1/-1/-1
x3103c0s25b1n0:61577:65189 [2] NCCL INFO Tree 31 : -1 -> 0 -> -1/-1/-1
x3103c0s25b1n0:61577:65189 [2] NCCL INFO Channel 00/32 :    0
x3103c0s25b1n0:61577:65189 [2] NCCL INFO Channel 01/32 :    0
x3103c0s25b1n0:61577:65189 [2] NCCL INFO Channel 02/32 :    0
x3103c0s25b1n0:61577:65189 [2] NCCL INFO Channel 03/32 :    0
x3103c0s25b1n0:61577:65189 [2] NCCL INFO Channel 04/32 :    0
x3103c0s25b1n0:61577:65189 [2] NCCL INFO Channel 05/32 :    0
x3103c0s25b1n0:61577:65189 [2] NCCL INFO Channel 06/32 :    0
x3103c0s25b1n0:61577:65189 [2] NCCL INFO Channel 07/32 :    0
x3103c0s25b1n0:61577:65189 [2] NCCL INFO Channel 08/32 :    0
x3103c0s25b1n0:61577:65189 [2] NCCL INFO Channel 09/32 :    0
x3103c0s25b1n0:61577:65189 [2] NCCL INFO Channel 10/32 :    0
x3103c0s25b1n0:61577:65189 [2] NCCL INFO Channel 11/32 :    0
x3103c0s25b1n0:61577:65189 [2] NCCL INFO Channel 12/32 :    0
x3103c0s25b1n0:61577:65189 [2] NCCL INFO Channel 13/32 :    0
x3103c0s25b1n0:61577:65189 [2] NCCL INFO Channel 14/32 :    0
x3103c0s25b1n0:61577:65189 [2] NCCL INFO Channel 15/32 :    0
x3103c0s25b1n0:61577:65189 [2] NCCL INFO Channel 16/32 :    0
x3103c0s25b1n0:61577:65189 [2] NCCL INFO Channel 17/32 :    0
x3103c0s25b1n0:61577:65189 [2] NCCL INFO Channel 18/32 :    0
x3103c0s25b1n0:61577:65189 [2] NCCL INFO Channel 19/32 :    0
x3103c0s25b1n0:61577:65189 [2] NCCL INFO Channel 20/32 :    0
x3103c0s25b1n0:61577:65189 [2] NCCL INFO Channel 21/32 :    0
x3103c0s25b1n0:61577:65189 [2] NCCL INFO Channel 22/32 :    0
x3103c0s25b1n0:61577:65189 [2] NCCL INFO Channel 23/32 :    0
x3103c0s25b1n0:61577:65189 [2] NCCL INFO Channel 24/32 :    0
x3103c0s25b1n0:61577:65189 [2] NCCL INFO Channel 25/32 :    0
x3103c0s25b1n0:61577:65189 [2] NCCL INFO Channel 26/32 :    0
x3103c0s25b1n0:61577:65189 [2] NCCL INFO Channel 27/32 :    0
x3103c0s25b1n0:61577:65189 [2] NCCL INFO Channel 28/32 :    0
x3103c0s25b1n0:61577:65189 [2] NCCL INFO Channel 29/32 :    0
x3103c0s25b1n0:61577:65189 [2] NCCL INFO Channel 30/32 :    0
x3103c0s25b1n0:61577:65189 [2] NCCL INFO Channel 31/32 :    0
x3103c0s25b1n0:61577:65189 [2] NCCL INFO Ring 00 : 0 -> 0 -> 0
x3103c0s25b1n0:61577:65189 [2] NCCL INFO Ring 01 : 0 -> 0 -> 0
x3103c0s25b1n0:61577:65189 [2] NCCL INFO Ring 02 : 0 -> 0 -> 0
x3103c0s25b1n0:61577:65189 [2] NCCL INFO Ring 03 : 0 -> 0 -> 0
x3103c0s25b1n0:61577:65189 [2] NCCL INFO Ring 04 : 0 -> 0 -> 0
x3103c0s25b1n0:61577:65189 [2] NCCL INFO Ring 05 : 0 -> 0 -> 0
x3103c0s25b1n0:61577:65189 [2] NCCL INFO Ring 06 : 0 -> 0 -> 0
x3103c0s25b1n0:61577:65189 [2] NCCL INFO Ring 07 : 0 -> 0 -> 0
x3103c0s25b1n0:61577:65189 [2] NCCL INFO Ring 08 : 0 -> 0 -> 0
x3103c0s25b1n0:61577:65189 [2] NCCL INFO Ring 09 : 0 -> 0 -> 0
x3103c0s25b1n0:61577:65189 [2] NCCL INFO Ring 10 : 0 -> 0 -> 0
x3103c0s25b1n0:61577:65189 [2] NCCL INFO Ring 11 : 0 -> 0 -> 0
x3103c0s25b1n0:61577:65189 [2] NCCL INFO Ring 12 : 0 -> 0 -> 0
x3103c0s25b1n0:61577:65189 [2] NCCL INFO Ring 13 : 0 -> 0 -> 0
x3103c0s25b1n0:61577:65189 [2] NCCL INFO Ring 14 : 0 -> 0 -> 0
x3103c0s25b1n0:61577:65189 [2] NCCL INFO Ring 15 : 0 -> 0 -> 0
x3103c0s25b1n0:61577:65189 [2] NCCL INFO Ring 16 : 0 -> 0 -> 0
x3103c0s25b1n0:61577:65189 [2] NCCL INFO Ring 17 : 0 -> 0 -> 0
x3103c0s25b1n0:61577:65189 [2] NCCL INFO Ring 18 : 0 -> 0 -> 0
x3103c0s25b1n0:61577:65189 [2] NCCL INFO Ring 19 : 0 -> 0 -> 0
x3103c0s25b1n0:61577:65189 [2] NCCL INFO Ring 20 : 0 -> 0 -> 0
x3103c0s25b1n0:61577:65189 [2] NCCL INFO Ring 21 : 0 -> 0 -> 0
x3103c0s25b1n0:61577:65189 [2] NCCL INFO Ring 22 : 0 -> 0 -> 0
x3103c0s25b1n0:61577:65189 [2] NCCL INFO Ring 23 : 0 -> 0 -> 0
x3103c0s25b1n0:61577:65189 [2] NCCL INFO Ring 24 : 0 -> 0 -> 0
x3103c0s25b1n0:61577:65189 [2] NCCL INFO Ring 25 : 0 -> 0 -> 0
x3103c0s25b1n0:61577:65189 [2] NCCL INFO Ring 26 : 0 -> 0 -> 0
x3103c0s25b1n0:61577:65189 [2] NCCL INFO Ring 27 : 0 -> 0 -> 0
x3103c0s25b1n0:61577:65189 [2] NCCL INFO Ring 28 : 0 -> 0 -> 0
x3103c0s25b1n0:61577:65189 [2] NCCL INFO Ring 29 : 0 -> 0 -> 0
x3103c0s25b1n0:61577:65189 [2] NCCL INFO Ring 30 : 0 -> 0 -> 0
x3103c0s25b1n0:61577:65189 [2] NCCL INFO Ring 31 : 0 -> 0 -> 0
x3103c0s25b1n0:61577:65189 [2] NCCL INFO Trees [0] -1/-1/-1->0->-1 [1] -1/-1/-1->0->-1 [2] -1/-1/-1->0->-1 [3] -1/-1/-1->0->-1 [4] -1/-1/-1->0->-1 [5] -1/-1/-1->0->-1 [6] -1/-1/-1->0->-1 [7] -1/-1/-1->0->-1 [8] -1/-1/-1->0->-1 [9] -1/-1/-1->0->-1 [10] -1/-1/-1->0->-1 [11] -1/-1/-1->0->-1 [12] -1/-1/-1->0->-1 [13] -1/-1/-1->0->-1 [14] -1/-1/-1->0->-1 [15] -1/-1/-1->0->-1 [16] -1/-1/-1->0->-1 [17] -1/-1/-1->0->-1 [18] -1/-1/-1->0->-1 [19] -1/-1/-1->0->-1 [20] -1/-1/-1->0->-1 [21] -1/-1/-1->0->-1 [22] -1/-1/-1->0->-1 [23] -1/-1/-1->0->-1 [24] -1/-1/-1->0->-1 [25] -1/-1/-1->0->-1 [26] -1/-1/-1->0->-1 [27] -1/-1/-1->0->-1 [28] -1/-1/-1->0->-1 [29] -1/-1/-1->0->-1 [30] -1/-1/-1->0->-1 [31] -1/-1/-1->0->-1
x3103c0s25b1n0:61577:65189 [2] NCCL INFO misc/utils.cc:235 memory stack hunk malloc(65536)
x3103c0s25b1n0:61575:65193 [0] NCCL INFO NET/IB : GPU Direct RDMA Enabled for HCA 0 'mlx5_0'
x3103c0s25b1n0:61575:65193 [0] NCCL INFO NET/IB : GPU Direct RDMA Enabled for HCA 1 'mlx5_1'
x3103c0s25b1n0:61575:65193 [0] NCCL INFO GPU Direct RDMA Disabled for GPU 7000 / HCA 0 (distance 7 > 4)
x3103c0s25b1n0:61575:65193 [0] NCCL INFO GPU Direct RDMA Disabled for GPU 7000 / HCA 1 (distance 7 > 4)
x3103c0s25b1n0:61575:65193 [0] NCCL INFO === System : maxBw 5000.0 totalBw 0.0 ===
x3103c0s25b1n0:61575:65193 [0] NCCL INFO CPU/3 (1/2/-1)
x3103c0s25b1n0:61575:65193 [0] NCCL INFO + SYS[5000.0] - CPU/0
x3103c0s25b1n0:61575:65193 [0] NCCL INFO + SYS[5000.0] - CPU/2
x3103c0s25b1n0:61575:65193 [0] NCCL INFO + PCI[24.0] - PCI/5000 (11f8406811f8beef)
x3103c0s25b1n0:61575:65193 [0] NCCL INFO               + PCI[24.0] - GPU/7000 (0)
x3103c0s25b1n0:61575:65193 [0] NCCL INFO CPU/0 (1/2/-1)
x3103c0s25b1n0:61575:65193 [0] NCCL INFO + SYS[5000.0] - CPU/3
x3103c0s25b1n0:61575:65193 [0] NCCL INFO + SYS[5000.0] - CPU/2
x3103c0s25b1n0:61575:65193 [0] NCCL INFO + PCI[12.0] - NIC/C8000
x3103c0s25b1n0:61575:65193 [0] NCCL INFO CPU/2 (1/2/-1)
x3103c0s25b1n0:61575:65193 [0] NCCL INFO + SYS[5000.0] - CPU/3
x3103c0s25b1n0:61575:65193 [0] NCCL INFO + SYS[5000.0] - CPU/0
x3103c0s25b1n0:61575:65193 [0] NCCL INFO + PCI[12.0] - NIC/43000
x3103c0s25b1n0:61575:65193 [0] NCCL INFO ==========================================
x3103c0s25b1n0:61575:65193 [0] NCCL INFO GPU/7000 :GPU/7000 (0/5000.000000/LOC) CPU/3 (2/24.000000/PHB) CPU/0 (3/24.000000/SYS) CPU/2 (3/24.000000/SYS) 
x3103c0s25b1n0:61575:65193 [0] NCCL INFO Pattern 4, crossNic 0, nChannels 16, bw 44.000000/44.000000, type LOC/PIX, sameChannels 1
x3103c0s25b1n0:61575:65193 [0] NCCL INFO  0 : GPU/0
x3103c0s25b1n0:61575:65193 [0] NCCL INFO  1 : GPU/0
x3103c0s25b1n0:61575:65193 [0] NCCL INFO  2 : GPU/0
x3103c0s25b1n0:61575:65193 [0] NCCL INFO  3 : GPU/0
x3103c0s25b1n0:61575:65193 [0] NCCL INFO  4 : GPU/0
x3103c0s25b1n0:61575:65193 [0] NCCL INFO  5 : GPU/0
x3103c0s25b1n0:61575:65193 [0] NCCL INFO  6 : GPU/0
x3103c0s25b1n0:61575:65193 [0] NCCL INFO  7 : GPU/0
x3103c0s25b1n0:61575:65193 [0] NCCL INFO  8 : GPU/0
x3103c0s25b1n0:61575:65193 [0] NCCL INFO  9 : GPU/0
x3103c0s25b1n0:61575:65193 [0] NCCL INFO 10 : GPU/0
x3103c0s25b1n0:61575:65193 [0] NCCL INFO 11 : GPU/0
x3103c0s25b1n0:61575:65193 [0] NCCL INFO 12 : GPU/0
x3103c0s25b1n0:61575:65193 [0] NCCL INFO 13 : GPU/0
x3103c0s25b1n0:61575:65193 [0] NCCL INFO 14 : GPU/0
x3103c0s25b1n0:61575:65193 [0] NCCL INFO 15 : GPU/0
x3103c0s25b1n0:61575:65193 [0] NCCL INFO Pattern 3, crossNic 0, nChannels 16, bw 44.000000/44.000000, type LOC/PIX, sameChannels 1
x3103c0s25b1n0:61575:65193 [0] NCCL INFO  0 : GPU/0
x3103c0s25b1n0:61575:65193 [0] NCCL INFO  1 : GPU/0
x3103c0s25b1n0:61575:65193 [0] NCCL INFO  2 : GPU/0
x3103c0s25b1n0:61575:65193 [0] NCCL INFO  3 : GPU/0
x3103c0s25b1n0:61575:65193 [0] NCCL INFO  4 : GPU/0
x3103c0s25b1n0:61575:65193 [0] NCCL INFO  5 : GPU/0
x3103c0s25b1n0:61575:65193 [0] NCCL INFO  6 : GPU/0
x3103c0s25b1n0:61575:65193 [0] NCCL INFO  7 : GPU/0
x3103c0s25b1n0:61575:65193 [0] NCCL INFO  8 : GPU/0
x3103c0s25b1n0:61575:65193 [0] NCCL INFO  9 : GPU/0
x3103c0s25b1n0:61575:65193 [0] NCCL INFO 10 : GPU/0
x3103c0s25b1n0:61575:65193 [0] NCCL INFO 11 : GPU/0
x3103c0s25b1n0:61575:65193 [0] NCCL INFO 12 : GPU/0
x3103c0s25b1n0:61575:65193 [0] NCCL INFO 13 : GPU/0
x3103c0s25b1n0:61575:65193 [0] NCCL INFO 14 : GPU/0
x3103c0s25b1n0:61575:65193 [0] NCCL INFO 15 : GPU/0
x3103c0s25b1n0:61575:65193 [0] NCCL INFO Pattern 3, crossNic 0, nChannels 16, bw 44.000000/44.000000, type LOC/PIX, sameChannels 1
x3103c0s25b1n0:61575:65193 [0] NCCL INFO  0 : GPU/0
x3103c0s25b1n0:61575:65193 [0] NCCL INFO  1 : GPU/0
x3103c0s25b1n0:61575:65193 [0] NCCL INFO  2 : GPU/0
x3103c0s25b1n0:61575:65193 [0] NCCL INFO  3 : GPU/0
x3103c0s25b1n0:61575:65193 [0] NCCL INFO  4 : GPU/0
x3103c0s25b1n0:61575:65193 [0] NCCL INFO  5 : GPU/0
x3103c0s25b1n0:61575:65193 [0] NCCL INFO  6 : GPU/0
x3103c0s25b1n0:61575:65193 [0] NCCL INFO  7 : GPU/0
x3103c0s25b1n0:61575:65193 [0] NCCL INFO  8 : GPU/0
x3103c0s25b1n0:61575:65193 [0] NCCL INFO  9 : GPU/0
x3103c0s25b1n0:61575:65193 [0] NCCL INFO 10 : GPU/0
x3103c0s25b1n0:61575:65193 [0] NCCL INFO 11 : GPU/0
x3103c0s25b1n0:61575:65193 [0] NCCL INFO 12 : GPU/0
x3103c0s25b1n0:61575:65193 [0] NCCL INFO 13 : GPU/0
x3103c0s25b1n0:61575:65193 [0] NCCL INFO 14 : GPU/0
x3103c0s25b1n0:61575:65193 [0] NCCL INFO 15 : GPU/0
x3103c0s25b1n0:61575:65193 [0] NCCL INFO Tree 0 : -1 -> 0 -> -1/-1/-1
x3103c0s25b1n0:61575:65193 [0] NCCL INFO Tree 16 : -1 -> 0 -> -1/-1/-1
x3103c0s25b1n0:61575:65193 [0] NCCL INFO Tree 1 : -1 -> 0 -> -1/-1/-1
x3103c0s25b1n0:61575:65193 [0] NCCL INFO Tree 17 : -1 -> 0 -> -1/-1/-1
x3103c0s25b1n0:61575:65193 [0] NCCL INFO Tree 2 : -1 -> 0 -> -1/-1/-1
x3103c0s25b1n0:61575:65193 [0] NCCL INFO Tree 18 : -1 -> 0 -> -1/-1/-1
x3103c0s25b1n0:61575:65193 [0] NCCL INFO Tree 3 : -1 -> 0 -> -1/-1/-1
x3103c0s25b1n0:61575:65193 [0] NCCL INFO Tree 19 : -1 -> 0 -> -1/-1/-1
x3103c0s25b1n0:61575:65193 [0] NCCL INFO Tree 4 : -1 -> 0 -> -1/-1/-1
x3103c0s25b1n0:61575:65193 [0] NCCL INFO Tree 20 : -1 -> 0 -> -1/-1/-1
x3103c0s25b1n0:61575:65193 [0] NCCL INFO Tree 5 : -1 -> 0 -> -1/-1/-1
x3103c0s25b1n0:61575:65193 [0] NCCL INFO Tree 21 : -1 -> 0 -> -1/-1/-1
x3103c0s25b1n0:61575:65193 [0] NCCL INFO Tree 6 : -1 -> 0 -> -1/-1/-1
x3103c0s25b1n0:61575:65193 [0] NCCL INFO Tree 22 : -1 -> 0 -> -1/-1/-1
x3103c0s25b1n0:61575:65193 [0] NCCL INFO Tree 7 : -1 -> 0 -> -1/-1/-1
x3103c0s25b1n0:61575:65193 [0] NCCL INFO Tree 23 : -1 -> 0 -> -1/-1/-1
x3103c0s25b1n0:61575:65193 [0] NCCL INFO Tree 8 : -1 -> 0 -> -1/-1/-1
x3103c0s25b1n0:61575:65193 [0] NCCL INFO Tree 24 : -1 -> 0 -> -1/-1/-1
x3103c0s25b1n0:61575:65193 [0] NCCL INFO Tree 9 : -1 -> 0 -> -1/-1/-1
x3103c0s25b1n0:61575:65193 [0] NCCL INFO Tree 25 : -1 -> 0 -> -1/-1/-1
x3103c0s25b1n0:61575:65193 [0] NCCL INFO Tree 10 : -1 -> 0 -> -1/-1/-1
x3103c0s25b1n0:61575:65193 [0] NCCL INFO Tree 26 : -1 -> 0 -> -1/-1/-1
x3103c0s25b1n0:61575:65193 [0] NCCL INFO Tree 11 : -1 -> 0 -> -1/-1/-1
x3103c0s25b1n0:61575:65193 [0] NCCL INFO Tree 27 : -1 -> 0 -> -1/-1/-1
x3103c0s25b1n0:61575:65193 [0] NCCL INFO Tree 12 : -1 -> 0 -> -1/-1/-1
x3103c0s25b1n0:61575:65193 [0] NCCL INFO Tree 28 : -1 -> 0 -> -1/-1/-1
x3103c0s25b1n0:61575:65193 [0] NCCL INFO Tree 13 : -1 -> 0 -> -1/-1/-1
x3103c0s25b1n0:61575:65193 [0] NCCL INFO Tree 29 : -1 -> 0 -> -1/-1/-1
x3103c0s25b1n0:61575:65193 [0] NCCL INFO Tree 14 : -1 -> 0 -> -1/-1/-1
x3103c0s25b1n0:61575:65193 [0] NCCL INFO Tree 30 : -1 -> 0 -> -1/-1/-1
x3103c0s25b1n0:61575:65193 [0] NCCL INFO Tree 15 : -1 -> 0 -> -1/-1/-1
x3103c0s25b1n0:61575:65193 [0] NCCL INFO Tree 31 : -1 -> 0 -> -1/-1/-1
x3103c0s25b1n0:61575:65193 [0] NCCL INFO Channel 00/32 :    0
x3103c0s25b1n0:61575:65193 [0] NCCL INFO Channel 01/32 :    0
x3103c0s25b1n0:61575:65193 [0] NCCL INFO Channel 02/32 :    0
x3103c0s25b1n0:61575:65193 [0] NCCL INFO Channel 03/32 :    0
