[LYD INFO in ncclLaunchKernel (enqueue.cc)] NCHANNELS is: 2x3101c0s13b1n0:55551:55551 [0] NCCL INFO AllReduce: opCount 2 sendbuff 0x14ac17c00000 recvbuff 0x14ac17c00000 count 1 datatype 8 op 3 root 0 comm 0x56123922c370 [nranks=8] stream 0x5612385b5c80
[LYD INFO in ncclLaunchKernel (enqueue.cc)] NCHANNELS is: 2x3101c0s13b1n0:55560:55560 [2] NCCL INFO AllReduce: opCount 2 sendbuff 0x146b47c00000 recvbuff 0x146b47c00000 count 1 datatype 8 op 3 root 0 comm 0x563e1baac0c0 [nranks=8] stream 0x563e1ae571e0
[LYD INFO in ncclLaunchKernel (enqueue.cc)] NCHANNELS is: 2
[LYD INFO in NCCL_FUNC_NAME (common.h)] 4 AllReduce TREE LL Min double Elapsed time: 107 us

[LYD INFO in NCCL_FUNC_NAME (common.h)] 7 AllReduce TREE LL Min double Elapsed time: 4 us

[LYD INFO in NCCL_FUNC_NAME (common.h)] 5 AllReduce TREE LL Min double Elapsed time: 200 us

[LYD INFO in NCCL_FUNC_NAME (common.h)] 6 AllReduce TREE LL Min double Elapsed time: 6 us

[LYD INFO in NCCL_KERN_NAME (common.h)] 7 AllReduce TREE LL Sum double Elapsed time: 70183 us
x3101c0s13b1n0:55562:55562 [3] NCCL INFO AllReduce: opCount 3 sendbuff 0x151be3c00200 recvbuff 0x151be3c00200 count 1 datatype 1 op 0 root 0 comm 0x55cd8b7a7370 [nranks=8] stream 0x55cd8ab30c80
[LYD INFO in ncclLaunchKernel (enqueue.cc)] NCHANNELS is: 2
[LYD INFO in NCCL_KERN_NAME (common.h)] 5 AllReduce TREE LL Sum double Elapsed time: 68508 us
x3101c0s13b1n0:55556:55556 [1] NCCL INFO AllReduce: opCount 3 sendbuff 0x149987c00200 recvbuff 0x149987c00200 count 1 datatype 1 op 0 root 0 comm 0x5626332b6dc0 [nranks=8] stream 0x56263261fd80
[LYD INFO in ncclLaunchKernel (enqueue.cc)] NCHANNELS is: 2
[LYD INFO in NCCL_KERN_NAME (common.h)] 4 AllReduce TREE LL Sum double Elapsed time: 68477 us
x3101c0s13b1n0:55551:55551 [0] NCCL INFO AllReduce: opCount 3 sendbuff 0x14ac17c00200 recvbuff 0x14ac17c00200 count 1 datatype 1 op 0 root 0 comm 0x56123922c370 [nranks=8] stream 0x5612385b5c80
[LYD INFO in ncclLaunchKernel (enqueue.cc)] NCHANNELS is: 2
[LYD INFO in NCCL_KERN_NAME (common.h)] 6 AllReduce TREE LL Sum double Elapsed time: 68317 us
x3101c0s13b1n0:55560:55560 [2] NCCL INFO AllReduce: opCount 3 sendbuff 0x146b47c00200 recvbuff 0x146b47c00200 count 1 datatype 1 op 0 root 0 comm 0x563e1baac0c0 [nranks=8] stream 0x563e1ae571e0
[LYD INFO in ncclLaunchKernel (enqueue.cc)] NCHANNELS is: 2
[LYD INFO in NCCL_KERN_NAME (common.h)] 6 AllReduce TREE LL Sum uint8_t Elapsed time: 14286 us

[LYD INFO in NCCL_KERN_NAME (common.h)] 7 AllReduce TREE LL Sum uint8_t Elapsed time: 55766 us

[LYD INFO in NCCL_KERN_NAME (common.h)] 5 AllReduce TREE LL Sum uint8_t Elapsed time: 33637 us

[LYD INFO in NCCL_KERN_NAME (common.h)] 4 AllReduce TREE LL Sum uint8_t Elapsed time: 31878 us
x3101c0s13b1n0:55551:55551 [0] NCCL INFO AllReduce: opCount 4 sendbuff 0x14ac17c00400 recvbuff 0x14ac17c00400 count 1 datatype 1 op 0 root 0 comm 0x56123922c370 [nranks=8] stream 0x5612385b5c80
[LYD INFO in ncclLaunchKernel (enqueue.cc)] NCHANNELS is: 2x3101c0s13b1n0:55560:55560 [2] NCCL INFO AllReduce: opCount 4 sendbuff 0x146b47c00400 recvbuff 0x146b47c00400 count 1 datatype 1 op 0 root 0 comm 0x563e1baac0c0 [nranks=8] stream 0x563e1ae571e0
[LYD INFO in ncclLaunchKernel (enqueue.cc)] NCHANNELS is: 2x3101c0s13b1n0:55562:55562 [3] NCCL INFO AllReduce: opCount 4 sendbuff 0x151be3c00400 recvbuff 0x151be3c00400 count 1 datatype 1 op 0 root 0 comm 0x55cd8b7a7370 [nranks=8] stream 0x55cd8ab30c80
[LYD INFO in ncclLaunchKernel (enqueue.cc)] NCHANNELS is: 2x3101c0s13b1n0:55556:55556 [1] NCCL INFO AllReduce: opCount 4 sendbuff 0x149987c00400 recvbuff 0x149987c00400 count 1 datatype 1 op 0 root 0 comm 0x5626332b6dc0 [nranks=8] stream 0x56263261fd80
[LYD INFO in ncclLaunchKernel (enqueue.cc)] NCHANNELS is: 2
[LYD INFO in NCCL_KERN_NAME (common.h)] 5 AllReduce TREE LL Sum uint8_t Elapsed time: 13172 us
x3101c0s13b1n0:55556:55556 [1] NCCL INFO AllReduce: opCount 5 sendbuff 0x149777609a00 recvbuff 0x149777609a00 count 1 datatype 1 op 0 root 0 comm 0x5626332b6dc0 [nranks=8] stream 0x56263261fd80
[LYD INFO in ncclLaunchKernel (enqueue.cc)] NCHANNELS is: 2
[LYD INFO in NCCL_KERN_NAME (common.h)] 6 AllReduce TREE LL Sum uint8_t Elapsed time: 36414 us
x3101c0s13b1n0:55560:55560 [2] NCCL INFO AllReduce: opCount 5 sendbuff 0x146931609a00 recvbuff 0x146931609a00 count 1 datatype 1 op 0 root 0 comm 0x563e1baac0c0 [nranks=8] stream 0x563e1ae571e0
[LYD INFO in ncclLaunchKernel (enqueue.cc)] NCHANNELS is: 2
[LYD INFO in NCCL_KERN_NAME (common.h)] 4 AllReduce TREE LL Sum uint8_t Elapsed time: 53899 us

[LYD INFO in NCCL_KERN_NAME (common.h)] 7 AllReduce TREE LL Sum uint8_t Elapsed time: 31443 us
x3101c0s13b1n0:55551:55551 [0] NCCL INFO AllReduce: opCount 5 sendbuff 0x14aa05609a00 recvbuff 0x14aa05609a00 count 1 datatype 1 op 0 root 0 comm 0x56123922c370 [nranks=8] stream 0x5612385b5c80
[LYD INFO in ncclLaunchKernel (enqueue.cc)] NCHANNELS is: 2x3101c0s13b1n0:55562:55562 [3] NCCL INFO AllReduce: opCount 5 sendbuff 0x1519d5609a00 recvbuff 0x1519d5609a00 count 1 datatype 1 op 0 root 0 comm 0x55cd8b7a7370 [nranks=8] stream 0x55cd8ab30c80
[LYD INFO in ncclLaunchKernel (enqueue.cc)] NCHANNELS is: 2
[LYD INFO in NCCL_KERN_NAME (common.h)] 5 AllReduce TREE LL Sum uint8_t Elapsed time: 61416 us
x3101c0s13b1n0:55556:55556 [1] NCCL INFO AllReduce: opCount 6 sendbuff 0x149987c00400 recvbuff 0x149987c00400 count 1 datatype 1 op 0 root 0 comm 0x5626332b6dc0 [nranks=8] stream 0x56263261fd80
[LYD INFO in ncclLaunchKernel (enqueue.cc)] NCHANNELS is: 2
[LYD INFO in NCCL_KERN_NAME (common.h)] 4 AllReduce TREE LL Sum uint8_t Elapsed time: 29043 us
x3101c0s13b1n0:55551:55551 [0] NCCL INFO AllReduce: opCount 6 sendbuff 0x14ac17c00400 recvbuff 0x14ac17c00400 count 1 datatype 1 op 0 root 0 comm 0x56123922c370 [nranks=8] stream 0x5612385b5c80
[LYD INFO in ncclLaunchKernel (enqueue.cc)] NCHANNELS is: 2
[LYD INFO in NCCL_KERN_NAME (common.h)] 6 AllReduce TREE LL Sum uint8_t Elapsed time: 38976 us
x3101c0s13b1n0:55560:55560 [2] NCCL INFO AllReduce: opCount 6 sendbuff 0x146b47c00400 recvbuff 0x146b47c00400 count 1 datatype 1 op 0 root 0 comm 0x563e1baac0c0 [nranks=8] stream 0x563e1ae571e0
[LYD INFO in ncclLaunchKernel (enqueue.cc)] NCHANNELS is: 2
[LYD INFO in NCCL_KERN_NAME (common.h)] 7 AllReduce TREE LL Sum uint8_t Elapsed time: 15088 us
time (ms) | load-checkpoint: 58.88
x3101c0s13b1n0:55562:55562 [3] NCCL INFO AllReduce: opCount 6 sendbuff 0x151be3c00400 recvbuff 0x151be3c00400 count 1 datatype 1 op 0 root 0 comm 0x55cd8b7a7370 [nranks=8] stream 0x55cd8ab30c80
[LYD INFO in ncclLaunchKernel (enqueue.cc)] NCHANNELS is: 2
[LYD INFO in NCCL_KERN_NAME (common.h)] 7 AllReduce TREE LL Sum uint8_t Elapsed time: 12944 us

[LYD INFO in NCCL_KERN_NAME (common.h)] 5 AllReduce TREE LL Sum uint8_t Elapsed time: 56239 us

[LYD INFO in NCCL_KERN_NAME (common.h)] 4 AllReduce TREE LL Sum uint8_t Elapsed time: 44047 us

[LYD INFO in NCCL_KERN_NAME (common.h)] 6 AllReduce TREE LL Sum uint8_t Elapsed time: 24548 us
x3101c0s13b1n0:55560:55560 [2] NCCL INFO init.cc:1147 Cuda Host Alloc Size 4 pointer 0x146b07400400
x3101c0s13b1n0:55556:55556 [1] NCCL INFO init.cc:1147 Cuda Host Alloc Size 4 pointer 0x149949400400
x3101c0s13b1n0:55551:55551 [0] NCCL INFO init.cc:1147 Cuda Host Alloc Size 4 pointer 0x14abd9400400
x3101c0s13b1n0:55562:55562 [3] NCCL INFO init.cc:1147 Cuda Host Alloc Size 4 pointer 0x151ba5400400
x3101c0s13b1n0:55560:58647 [2] NCCL INFO Using network Socket
x3101c0s13b1n0:55556:58648 [1] NCCL INFO Using network Socket
x3101c0s13b1n0:55551:58649 [0] NCCL INFO Using network Socket
x3101c0s13b1n0:55562:58650 [3] NCCL INFO Using network Socket
x3101c0s13b1n0:55551:58649 [0] NCCL INFO NET/Socket : GPU Direct RDMA Disabled for HCA 0 'hsn0'
x3101c0s13b1n0:55551:58649 [0] NCCL INFO === System : maxBw 24.0 totalBw 264.0 ===
x3101c0s13b1n0:55551:58649 [0] NCCL INFO CPU/3 (1/2/-1)
x3101c0s13b1n0:55551:58649 [0] NCCL INFO + SYS[5000.0] - CPU/2
x3101c0s13b1n0:55551:58649 [0] NCCL INFO + SYS[5000.0] - CPU/1
x3101c0s13b1n0:55551:58649 [0] NCCL INFO + SYS[5000.0] - CPU/0
x3101c0s13b1n0:55551:58649 [0] NCCL INFO + PCI[24.0] - PCI/5000 (11f8406811f8beef)
x3101c0s13b1n0:55551:58649 [0] NCCL INFO               + PCI[24.0] - GPU/7000 (4)
x3101c0s13b1n0:55551:58649 [0] NCCL INFO                             + NVL[88.0] - GPU/85000
x3101c0s13b1n0:55551:58649 [0] NCCL INFO                             + NVL[88.0] - GPU/C7000
x3101c0s13b1n0:55551:58649 [0] NCCL INFO                             + NVL[88.0] - GPU/46000
x3101c0s13b1n0:55551:58649 [0] NCCL INFO CPU/2 (1/2/-1)
x3101c0s13b1n0:55551:58649 [0] NCCL INFO + SYS[5000.0] - CPU/3
x3101c0s13b1n0:55551:58649 [0] NCCL INFO + SYS[5000.0] - CPU/1
x3101c0s13b1n0:55551:58649 [0] NCCL INFO + SYS[5000.0] - CPU/0
x3101c0s13b1n0:55551:58649 [0] NCCL INFO + PCI[24.0] - PCI/44000 (11f8406811f8beef)
x3101c0s13b1n0:55551:58649 [0] NCCL INFO               + PCI[24.0] - GPU/46000 (5)
x3101c0s13b1n0:55551:58649 [0] NCCL INFO                             + NVL[88.0] - GPU/85000
x3101c0s13b1n0:55551:58649 [0] NCCL INFO                             + NVL[88.0] - GPU/C7000
x3101c0s13b1n0:55551:58649 [0] NCCL INFO                             + NVL[88.0] - GPU/7000
x3101c0s13b1n0:55551:58649 [0] NCCL INFO + PCI[24.0] - NIC/43000
x3101c0s13b1n0:55551:58649 [0] NCCL INFO               + NET[25.0] - NET/0 (0/0/25.000000)
x3101c0s13b1n0:55551:58649 [0] NCCL INFO CPU/1 (1/2/-1)
x3101c0s13b1n0:55551:58649 [0] NCCL INFO + SYS[5000.0] - CPU/3
x3101c0s13b1n0:55551:58649 [0] NCCL INFO + SYS[5000.0] - CPU/2
x3101c0s13b1n0:55551:58649 [0] NCCL INFO + SYS[5000.0] - CPU/0
x3101c0s13b1n0:55551:58649 [0] NCCL INFO + PCI[24.0] - PCI/83000 (11f8406811f8beef)
x3101c0s13b1n0:55551:58649 [0] NCCL INFO               + PCI[24.0] - GPU/85000 (6)
x3101c0s13b1n0:55551:58649 [0] NCCL INFO                             + NVL[88.0] - GPU/C7000
x3101c0s13b1n0:55551:58649 [0] NCCL INFO                             + NVL[88.0] - GPU/46000
x3101c0s13b1n0:55551:58649 [0] NCCL INFO                             + NVL[88.0] - GPU/7000
x3101c0s13b1n0:55551:58649 [0] NCCL INFO CPU/0 (1/2/-1)
x3101c0s13b1n0:55551:58649 [0] NCCL INFO + SYS[5000.0] - CPU/3
x3101c0s13b1n0:55551:58649 [0] NCCL INFO + SYS[5000.0] - CPU/2
x3101c0s13b1n0:55551:58649 [0] NCCL INFO + SYS[5000.0] - CPU/1
x3101c0s13b1n0:55551:58649 [0] NCCL INFO + PCI[24.0] - PCI/C5000 (11f8406811f8beef)
x3101c0s13b1n0:55551:58649 [0] NCCL INFO               + PCI[24.0] - GPU/C7000 (7)
x3101c0s13b1n0:55551:58649 [0] NCCL INFO                             + NVL[88.0] - GPU/85000
x3101c0s13b1n0:55551:58649 [0] NCCL INFO                             + NVL[88.0] - GPU/46000
x3101c0s13b1n0:55551:58649 [0] NCCL INFO                             + NVL[88.0] - GPU/7000
x3101c0s13b1n0:55551:58649 [0] NCCL INFO ==========================================
x3101c0s13b1n0:55551:58649 [0] NCCL INFO GPU/7000 :GPU/7000 (0/5000.000000/LOC) GPU/46000 (1/88.000000/NVL) GPU/85000 (1/88.000000/NVL) GPU/C7000 (1/88.000000/NVL) CPU/3 (2/24.000000/PHB) CPU/2 (3/24.000000/SYS) CPU/1 (3/24.000000/SYS) CPU/0 (3/24.000000/SYS) NET/0 (5/24.000000/SYS) 
x3101c0s13b1n0:55551:58649 [0] NCCL INFO GPU/46000 :GPU/7000 (1/88.000000/NVL) GPU/46000 (0/5000.000000/LOC) GPU/85000 (1/88.000000/NVL) GPU/C7000 (1/88.000000/NVL) CPU/3 (3/24.000000/SYS) CPU/2 (2/24.000000/PHB) CPU/1 (3/24.000000/SYS) CPU/0 (3/24.000000/SYS) NET/0 (4/24.000000/PHB) 
x3101c0s13b1n0:55551:58649 [0] NCCL INFO GPU/85000 :GPU/7000 (1/88.000000/NVL) GPU/46000 (1/88.000000/NVL) GPU/85000 (0/5000.000000/LOC) GPU/C7000 (1/88.000000/NVL) CPU/3 (3/24.000000/SYS) CPU/2 (3/24.000000/SYS) CPU/1 (2/24.000000/PHB) CPU/0 (3/24.000000/SYS) NET/0 (5/24.000000/SYS) 
x3101c0s13b1n0:55551:58649 [0] NCCL INFO GPU/C7000 :GPU/7000 (1/88.000000/NVL) GPU/46000 (1/88.000000/NVL) GPU/85000 (1/88.000000/NVL) GPU/C7000 (0/5000.000000/LOC) CPU/3 (3/24.000000/SYS) CPU/2 (3/24.000000/SYS) CPU/1 (3/24.000000/SYS) CPU/0 (2/24.000000/PHB) NET/0 (5/24.000000/SYS) 
x3101c0s13b1n0:55551:58649 [0] NCCL INFO NET/0 :GPU/7000 (5/24.000000/SYS) GPU/46000 (4/24.000000/PHB) GPU/85000 (5/24.000000/SYS) GPU/C7000 (5/24.000000/SYS) CPU/3 (3/24.000000/SYS) CPU/2 (2/24.000000/PHB) CPU/1 (3/24.000000/SYS) CPU/0 (3/24.000000/SYS) NET/0 (0/5000.000000/LOC) 
x3101c0s13b1n0:55551:58649 [0] NCCL INFO Pattern 4, crossNic 0, nChannels 1, bw 24.000000/24.000000, type NVL/SYS, sameChannels 1
x3101c0s13b1n0:55551:58649 [0] NCCL INFO  0 : NET/0 GPU/5 GPU/4 GPU/7 GPU/6 NET/0
x3101c0s13b1n0:55551:58649 [0] NCCL INFO Pattern 1, crossNic 0, nChannels 1, bw 48.000000/24.000000, type NVL/SYS, sameChannels 1
x3101c0s13b1n0:55551:58649 [0] NCCL INFO  0 : NET/0 GPU/4 GPU/5 GPU/6 GPU/7 NET/0
x3101c0s13b1n0:55551:58649 [0] NCCL INFO Pattern 3, crossNic 0, nChannels 0, bw 0.000000/0.000000, type NVL/PIX, sameChannels 1
x3101c0s13b1n0:55560:58647 [2] NCCL INFO NET/Socket : GPU Direct RDMA Disabled for HCA 0 'hsn0'
x3101c0s13b1n0:55560:58647 [2] NCCL INFO === System : maxBw 24.0 totalBw 264.0 ===
x3101c0s13b1n0:55560:58647 [2] NCCL INFO CPU/3 (1/2/-1)
x3101c0s13b1n0:55560:58647 [2] NCCL INFO + SYS[5000.0] - CPU/2
x3101c0s13b1n0:55560:58647 [2] NCCL INFO + SYS[5000.0] - CPU/1
x3101c0s13b1n0:55560:58647 [2] NCCL INFO + SYS[5000.0] - CPU/0
x3101c0s13b1n0:55560:58647 [2] NCCL INFO + PCI[24.0] - PCI/5000 (11f8406811f8beef)
x3101c0s13b1n0:55560:58647 [2] NCCL INFO               + PCI[24.0] - GPU/7000 (4)
x3101c0s13b1n0:55560:58647 [2] NCCL INFO                             + NVL[88.0] - GPU/85000
x3101c0s13b1n0:55560:58647 [2] NCCL INFO                             + NVL[88.0] - GPU/C7000
x3101c0s13b1n0:55560:58647 [2] NCCL INFO                             + NVL[88.0] - GPU/46000
x3101c0s13b1n0:55560:58647 [2] NCCL INFO CPU/2 (1/2/-1)
x3101c0s13b1n0:55560:58647 [2] NCCL INFO + SYS[5000.0] - CPU/3
x3101c0s13b1n0:55560:58647 [2] NCCL INFO + SYS[5000.0] - CPU/1
x3101c0s13b1n0:55560:58647 [2] NCCL INFO + SYS[5000.0] - CPU/0
x3101c0s13b1n0:55560:58647 [2] NCCL INFO + PCI[24.0] - PCI/44000 (11f8406811f8beef)
x3101c0s13b1n0:55560:58647 [2] NCCL INFO               + PCI[24.0] - GPU/46000 (5)
x3101c0s13b1n0:55560:58647 [2] NCCL INFO                             + NVL[88.0] - GPU/85000
x3101c0s13b1n0:55560:58647 [2] NCCL INFO                             + NVL[88.0] - GPU/C7000
x3101c0s13b1n0:55560:58647 [2] NCCL INFO                             + NVL[88.0] - GPU/7000
x3101c0s13b1n0:55560:58647 [2] NCCL INFO + PCI[24.0] - NIC/43000
x3101c0s13b1n0:55560:58647 [2] NCCL INFO               + NET[25.0] - NET/0 (0/0/25.000000)
x3101c0s13b1n0:55560:58647 [2] NCCL INFO CPU/1 (1/2/-1)
x3101c0s13b1n0:55560:58647 [2] NCCL INFO + SYS[5000.0] - CPU/3
x3101c0s13b1n0:55560:58647 [2] NCCL INFO + SYS[5000.0] - CPU/2
x3101c0s13b1n0:55560:58647 [2] NCCL INFO + SYS[5000.0] - CPU/0
x3101c0s13b1n0:55560:58647 [2] NCCL INFO + PCI[24.0] - PCI/83000 (11f8406811f8beef)
x3101c0s13b1n0:55560:58647 [2] NCCL INFO               + PCI[24.0] - GPU/85000 (6)
x3101c0s13b1n0:55560:58647 [2] NCCL INFO                             + NVL[88.0] - GPU/C7000
x3101c0s13b1n0:55560:58647 [2] NCCL INFO                             + NVL[88.0] - GPU/46000
x3101c0s13b1n0:55560:58647 [2] NCCL INFO                             + NVL[88.0] - GPU/7000
x3101c0s13b1n0:55560:58647 [2] NCCL INFO CPU/0 (1/2/-1)
x3101c0s13b1n0:55560:58647 [2] NCCL INFO + SYS[5000.0] - CPU/3
x3101c0s13b1n0:55560:58647 [2] NCCL INFO + SYS[5000.0] - CPU/2
x3101c0s13b1n0:55560:58647 [2] NCCL INFO + SYS[5000.0] - CPU/1
x3101c0s13b1n0:55560:58647 [2] NCCL INFO + PCI[24.0] - PCI/C5000 (11f8406811f8beef)
x3101c0s13b1n0:55560:58647 [2] NCCL INFO               + PCI[24.0] - GPU/C7000 (7)
x3101c0s13b1n0:55560:58647 [2] NCCL INFO                             + NVL[88.0] - GPU/85000
x3101c0s13b1n0:55560:58647 [2] NCCL INFO                             + NVL[88.0] - GPU/46000
x3101c0s13b1n0:55560:58647 [2] NCCL INFO                             + NVL[88.0] - GPU/7000
x3101c0s13b1n0:55560:58647 [2] NCCL INFO ==========================================
x3101c0s13b1n0:55560:58647 [2] NCCL INFO GPU/7000 :GPU/7000 (0/5000.000000/LOC) GPU/46000 (1/88.000000/NVL) GPU/85000 (1/88.000000/NVL) GPU/C7000 (1/88.000000/NVL) CPU/3 (2/24.000000/PHB) CPU/2 (3/24.000000/SYS) CPU/1 (3/24.000000/SYS) CPU/0 (3/24.000000/SYS) NET/0 (5/24.000000/SYS) 
x3101c0s13b1n0:55560:58647 [2] NCCL INFO GPU/46000 :GPU/7000 (1/88.000000/NVL) GPU/46000 (0/5000.000000/LOC) GPU/85000 (1/88.000000/NVL) GPU/C7000 (1/88.000000/NVL) CPU/3 (3/24.000000/SYS) CPU/2 (2/24.000000/PHB) CPU/1 (3/24.000000/SYS) CPU/0 (3/24.000000/SYS) NET/0 (4/24.000000/PHB) 
x3101c0s13b1n0:55560:58647 [2] NCCL INFO GPU/85000 :GPU/7000 (1/88.000000/NVL) GPU/46000 (1/88.000000/NVL) GPU/85000 (0/5000.000000/LOC) GPU/C7000 (1/88.000000/NVL) CPU/3 (3/24.000000/SYS) CPU/2 (3/24.000000/SYS) CPU/1 (2/24.000000/PHB) CPU/0 (3/24.000000/SYS) NET/0 (5/24.000000/SYS) 
x3101c0s13b1n0:55560:58647 [2] NCCL INFO GPU/C7000 :GPU/7000 (1/88.000000/NVL) GPU/46000 (1/88.000000/NVL) GPU/85000 (1/88.000000/NVL) GPU/C7000 (0/5000.000000/LOC) CPU/3 (3/24.000000/SYS) CPU/2 (3/24.000000/SYS) CPU/1 (3/24.000000/SYS) CPU/0 (2/24.000000/PHB) NET/0 (5/24.000000/SYS) 
x3101c0s13b1n0:55560:58647 [2] NCCL INFO NET/0 :GPU/7000 (5/24.000000/SYS) GPU/46000 (4/24.000000/PHB) GPU/85000 (5/24.000000/SYS) GPU/C7000 (5/24.000000/SYS) CPU/3 (3/24.000000/SYS) CPU/2 (2/24.000000/PHB) CPU/1 (3/24.000000/SYS) CPU/0 (3/24.000000/SYS) NET/0 (0/5000.000000/LOC) 
x3101c0s13b1n0:55560:58647 [2] NCCL INFO Pattern 4, crossNic 0, nChannels 1, bw 24.000000/24.000000, type NVL/SYS, sameChannels 1
x3101c0s13b1n0:55560:58647 [2] NCCL INFO  0 : NET/0 GPU/5 GPU/4 GPU/7 GPU/6 NET/0
x3101c0s13b1n0:55560:58647 [2] NCCL INFO Pattern 1, crossNic 0, nChannels 1, bw 48.000000/24.000000, type NVL/SYS, sameChannels 1
x3101c0s13b1n0:55560:58647 [2] NCCL INFO  0 : NET/0 GPU/4 GPU/5 GPU/6 GPU/7 NET/0
x3101c0s13b1n0:55560:58647 [2] NCCL INFO Pattern 3, crossNic 0, nChannels 0, bw 0.000000/0.000000, type NVL/PIX, sameChannels 1
x3101c0s13b1n0:55556:58648 [1] NCCL INFO NET/Socket : GPU Direct RDMA Disabled for HCA 0 'hsn0'
x3101c0s13b1n0:55556:58648 [1] NCCL INFO === System : maxBw 24.0 totalBw 264.0 ===
x3101c0s13b1n0:55556:58648 [1] NCCL INFO CPU/3 (1/2/-1)
x3101c0s13b1n0:55556:58648 [1] NCCL INFO + SYS[5000.0] - CPU/2
x3101c0s13b1n0:55556:58648 [1] NCCL INFO + SYS[5000.0] - CPU/1
x3101c0s13b1n0:55556:58648 [1] NCCL INFO + SYS[5000.0] - CPU/0
x3101c0s13b1n0:55556:58648 [1] NCCL INFO + PCI[24.0] - PCI/5000 (11f8406811f8beef)
x3101c0s13b1n0:55556:58648 [1] NCCL INFO               + PCI[24.0] - GPU/7000 (4)
x3101c0s13b1n0:55556:58648 [1] NCCL INFO                             + NVL[88.0] - GPU/85000
x3101c0s13b1n0:55556:58648 [1] NCCL INFO                             + NVL[88.0] - GPU/C7000
x3101c0s13b1n0:55556:58648 [1] NCCL INFO                             + NVL[88.0] - GPU/46000
x3101c0s13b1n0:55556:58648 [1] NCCL INFO CPU/2 (1/2/-1)
x3101c0s13b1n0:55556:58648 [1] NCCL INFO + SYS[5000.0] - CPU/3
x3101c0s13b1n0:55556:58648 [1] NCCL INFO + SYS[5000.0] - CPU/1
x3101c0s13b1n0:55556:58648 [1] NCCL INFO + SYS[5000.0] - CPU/0
x3101c0s13b1n0:55556:58648 [1] NCCL INFO + PCI[24.0] - PCI/44000 (11f8406811f8beef)
x3101c0s13b1n0:55556:58648 [1] NCCL INFO               + PCI[24.0] - GPU/46000 (5)
x3101c0s13b1n0:55556:58648 [1] NCCL INFO                             + NVL[88.0] - GPU/85000
x3101c0s13b1n0:55556:58648 [1] NCCL INFO                             + NVL[88.0] - GPU/C7000
x3101c0s13b1n0:55556:58648 [1] NCCL INFO                             + NVL[88.0] - GPU/7000
x3101c0s13b1n0:55556:58648 [1] NCCL INFO + PCI[24.0] - NIC/43000
x3101c0s13b1n0:55556:58648 [1] NCCL INFO               + NET[25.0] - NET/0 (0/0/25.000000)
x3101c0s13b1n0:55556:58648 [1] NCCL INFO CPU/1 (1/2/-1)
x3101c0s13b1n0:55556:58648 [1] NCCL INFO + SYS[5000.0] - CPU/3
x3101c0s13b1n0:55556:58648 [1] NCCL INFO + SYS[5000.0] - CPU/2
x3101c0s13b1n0:55556:58648 [1] NCCL INFO + SYS[5000.0] - CPU/0
x3101c0s13b1n0:55556:58648 [1] NCCL INFO + PCI[24.0] - PCI/83000 (11f8406811f8beef)
x3101c0s13b1n0:55556:58648 [1] NCCL INFO               + PCI[24.0] - GPU/85000 (6)
x3101c0s13b1n0:55556:58648 [1] NCCL INFO                             + NVL[88.0] - GPU/C7000
x3101c0s13b1n0:55556:58648 [1] NCCL INFO                             + NVL[88.0] - GPU/46000
x3101c0s13b1n0:55556:58648 [1] NCCL INFO                             + NVL[88.0] - GPU/7000
x3101c0s13b1n0:55556:58648 [1] NCCL INFO CPU/0 (1/2/-1)
x3101c0s13b1n0:55556:58648 [1] NCCL INFO + SYS[5000.0] - CPU/3
x3101c0s13b1n0:55556:58648 [1] NCCL INFO + SYS[5000.0] - CPU/2
x3101c0s13b1n0:55556:58648 [1] NCCL INFO + SYS[5000.0] - CPU/1
x3101c0s13b1n0:55556:58648 [1] NCCL INFO + PCI[24.0] - PCI/C5000 (11f8406811f8beef)
x3101c0s13b1n0:55556:58648 [1] NCCL INFO               + PCI[24.0] - GPU/C7000 (7)
x3101c0s13b1n0:55556:58648 [1] NCCL INFO                             + NVL[88.0] - GPU/85000
x3101c0s13b1n0:55556:58648 [1] NCCL INFO                             + NVL[88.0] - GPU/46000
x3101c0s13b1n0:55556:58648 [1] NCCL INFO                             + NVL[88.0] - GPU/7000
x3101c0s13b1n0:55556:58648 [1] NCCL INFO ==========================================
x3101c0s13b1n0:55556:58648 [1] NCCL INFO GPU/7000 :GPU/7000 (0/5000.000000/LOC) GPU/46000 (1/88.000000/NVL) GPU/85000 (1/88.000000/NVL) GPU/C7000 (1/88.000000/NVL) CPU/3 (2/24.000000/PHB) CPU/2 (3/24.000000/SYS) CPU/1 (3/24.000000/SYS) CPU/0 (3/24.000000/SYS) NET/0 (5/24.000000/SYS) 
x3101c0s13b1n0:55556:58648 [1] NCCL INFO GPU/46000 :GPU/7000 (1/88.000000/NVL) GPU/46000 (0/5000.000000/LOC) GPU/85000 (1/88.000000/NVL) GPU/C7000 (1/88.000000/NVL) CPU/3 (3/24.000000/SYS) CPU/2 (2/24.000000/PHB) CPU/1 (3/24.000000/SYS) CPU/0 (3/24.000000/SYS) NET/0 (4/24.000000/PHB) 
x3101c0s13b1n0:55556:58648 [1] NCCL INFO GPU/85000 :GPU/7000 (1/88.000000/NVL) GPU/46000 (1/88.000000/NVL) GPU/85000 (0/5000.000000/LOC) GPU/C7000 (1/88.000000/NVL) CPU/3 (3/24.000000/SYS) CPU/2 (3/24.000000/SYS) CPU/1 (2/24.000000/PHB) CPU/0 (3/24.000000/SYS) NET/0 (5/24.000000/SYS) 
x3101c0s13b1n0:55556:58648 [1] NCCL INFO GPU/C7000 :GPU/7000 (1/88.000000/NVL) GPU/46000 (1/88.000000/NVL) GPU/85000 (1/88.000000/NVL) GPU/C7000 (0/5000.000000/LOC) CPU/3 (3/24.000000/SYS) CPU/2 (3/24.000000/SYS) CPU/1 (3/24.000000/SYS) CPU/0 (2/24.000000/PHB) NET/0 (5/24.000000/SYS) 
x3101c0s13b1n0:55556:58648 [1] NCCL INFO NET/0 :GPU/7000 (5/24.000000/SYS) GPU/46000 (4/24.000000/PHB) GPU/85000 (5/24.000000/SYS) GPU/C7000 (5/24.000000/SYS) CPU/3 (3/24.000000/SYS) CPU/2 (2/24.000000/PHB) CPU/1 (3/24.000000/SYS) CPU/0 (3/24.000000/SYS) NET/0 (0/5000.000000/LOC) 
x3101c0s13b1n0:55556:58648 [1] NCCL INFO Pattern 4, crossNic 0, nChannels 1, bw 24.000000/24.000000, type NVL/SYS, sameChannels 1
x3101c0s13b1n0:55556:58648 [1] NCCL INFO  0 : NET/0 GPU/5 GPU/4 GPU/7 GPU/6 NET/0
x3101c0s13b1n0:55556:58648 [1] NCCL INFO Pattern 1, crossNic 0, nChannels 1, bw 48.000000/24.000000, type NVL/SYS, sameChannels 1
x3101c0s13b1n0:55556:58648 [1] NCCL INFO  0 : NET/0 GPU/4 GPU/5 GPU/6 GPU/7 NET/0
x3101c0s13b1n0:55556:58648 [1] NCCL INFO Pattern 3, crossNic 0, nChannels 0, bw 0.000000/0.000000, type NVL/PIX, sameChannels 1
x3101c0s13b1n0:55562:58650 [3] NCCL INFO NET/Socket : GPU Direct RDMA Disabled for HCA 0 'hsn0'
x3101c0s13b1n0:55562:58650 [3] NCCL INFO === System : maxBw 24.0 totalBw 264.0 ===
x3101c0s13b1n0:55562:58650 [3] NCCL INFO CPU/3 (1/2/-1)
x3101c0s13b1n0:55562:58650 [3] NCCL INFO + SYS[5000.0] - CPU/2
x3101c0s13b1n0:55562:58650 [3] NCCL INFO + SYS[5000.0] - CPU/1
x3101c0s13b1n0:55562:58650 [3] NCCL INFO + SYS[5000.0] - CPU/0
x3101c0s13b1n0:55562:58650 [3] NCCL INFO + PCI[24.0] - PCI/5000 (11f8406811f8beef)
x3101c0s13b1n0:55562:58650 [3] NCCL INFO               + PCI[24.0] - GPU/7000 (4)
x3101c0s13b1n0:55562:58650 [3] NCCL INFO                             + NVL[88.0] - GPU/85000
x3101c0s13b1n0:55562:58650 [3] NCCL INFO                             + NVL[88.0] - GPU/C7000
x3101c0s13b1n0:55562:58650 [3] NCCL INFO                             + NVL[88.0] - GPU/46000
x3101c0s13b1n0:55562:58650 [3] NCCL INFO CPU/2 (1/2/-1)
x3101c0s13b1n0:55562:58650 [3] NCCL INFO + SYS[5000.0] - CPU/3
x3101c0s13b1n0:55562:58650 [3] NCCL INFO + SYS[5000.0] - CPU/1
x3101c0s13b1n0:55562:58650 [3] NCCL INFO + SYS[5000.0] - CPU/0
x3101c0s13b1n0:55562:58650 [3] NCCL INFO + PCI[24.0] - PCI/44000 (11f8406811f8beef)
x3101c0s13b1n0:55562:58650 [3] NCCL INFO               + PCI[24.0] - GPU/46000 (5)
x3101c0s13b1n0:55562:58650 [3] NCCL INFO                             + NVL[88.0] - GPU/85000
x3101c0s13b1n0:55562:58650 [3] NCCL INFO                             + NVL[88.0] - GPU/C7000
x3101c0s13b1n0:55562:58650 [3] NCCL INFO                             + NVL[88.0] - GPU/7000
x3101c0s13b1n0:55562:58650 [3] NCCL INFO + PCI[24.0] - NIC/43000
x3101c0s13b1n0:55562:58650 [3] NCCL INFO               + NET[25.0] - NET/0 (0/0/25.000000)
x3101c0s13b1n0:55562:58650 [3] NCCL INFO CPU/1 (1/2/-1)
x3101c0s13b1n0:55562:58650 [3] NCCL INFO + SYS[5000.0] - CPU/3
x3101c0s13b1n0:55562:58650 [3] NCCL INFO + SYS[5000.0] - CPU/2
x3101c0s13b1n0:55562:58650 [3] NCCL INFO + SYS[5000.0] - CPU/0
x3101c0s13b1n0:55562:58650 [3] NCCL INFO + PCI[24.0] - PCI/83000 (11f8406811f8beef)
x3101c0s13b1n0:55562:58650 [3] NCCL INFO               + PCI[24.0] - GPU/85000 (6)
x3101c0s13b1n0:55562:58650 [3] NCCL INFO                             + NVL[88.0] - GPU/C7000
x3101c0s13b1n0:55562:58650 [3] NCCL INFO                             + NVL[88.0] - GPU/46000
x3101c0s13b1n0:55562:58650 [3] NCCL INFO                             + NVL[88.0] - GPU/7000
x3101c0s13b1n0:55562:58650 [3] NCCL INFO CPU/0 (1/2/-1)
x3101c0s13b1n0:55562:58650 [3] NCCL INFO + SYS[5000.0] - CPU/3
x3101c0s13b1n0:55562:58650 [3] NCCL INFO + SYS[5000.0] - CPU/2
x3101c0s13b1n0:55562:58650 [3] NCCL INFO + SYS[5000.0] - CPU/1
x3101c0s13b1n0:55562:58650 [3] NCCL INFO + PCI[24.0] - PCI/C5000 (11f8406811f8beef)
x3101c0s13b1n0:55562:58650 [3] NCCL INFO               + PCI[24.0] - GPU/C7000 (7)
x3101c0s13b1n0:55562:58650 [3] NCCL INFO                             + NVL[88.0] - GPU/85000
x3101c0s13b1n0:55562:58650 [3] NCCL INFO                             + NVL[88.0] - GPU/46000
x3101c0s13b1n0:55562:58650 [3] NCCL INFO                             + NVL[88.0] - GPU/7000
x3101c0s13b1n0:55562:58650 [3] NCCL INFO ==========================================
x3101c0s13b1n0:55562:58650 [3] NCCL INFO GPU/7000 :GPU/7000 (0/5000.000000/LOC) GPU/46000 (1/88.000000/NVL) GPU/85000 (1/88.000000/NVL) GPU/C7000 (1/88.000000/NVL) CPU/3 (2/24.000000/PHB) CPU/2 (3/24.000000/SYS) CPU/1 (3/24.000000/SYS) CPU/0 (3/24.000000/SYS) NET/0 (5/24.000000/SYS) 
x3101c0s13b1n0:55562:58650 [3] NCCL INFO GPU/46000 :GPU/7000 (1/88.000000/NVL) GPU/46000 (0/5000.000000/LOC) GPU/85000 (1/88.000000/NVL) GPU/C7000 (1/88.000000/NVL) CPU/3 (3/24.000000/SYS) CPU/2 (2/24.000000/PHB) CPU/1 (3/24.000000/SYS) CPU/0 (3/24.000000/SYS) NET/0 (4/24.000000/PHB) 
x3101c0s13b1n0:55562:58650 [3] NCCL INFO GPU/85000 :GPU/7000 (1/88.000000/NVL) GPU/46000 (1/88.000000/NVL) GPU/85000 (0/5000.000000/LOC) GPU/C7000 (1/88.000000/NVL) CPU/3 (3/24.000000/SYS) CPU/2 (3/24.000000/SYS) CPU/1 (2/24.000000/PHB) CPU/0 (3/24.000000/SYS) NET/0 (5/24.000000/SYS) 
x3101c0s13b1n0:55562:58650 [3] NCCL INFO GPU/C7000 :GPU/7000 (1/88.000000/NVL) GPU/46000 (1/88.000000/NVL) GPU/85000 (1/88.000000/NVL) GPU/C7000 (0/5000.000000/LOC) CPU/3 (3/24.000000/SYS) CPU/2 (3/24.000000/SYS) CPU/1 (3/24.000000/SYS) CPU/0 (2/24.000000/PHB) NET/0 (5/24.000000/SYS) 
x3101c0s13b1n0:55562:58650 [3] NCCL INFO NET/0 :GPU/7000 (5/24.000000/SYS) GPU/46000 (4/24.000000/PHB) GPU/85000 (5/24.000000/SYS) GPU/C7000 (5/24.000000/SYS) CPU/3 (3/24.000000/SYS) CPU/2 (2/24.000000/PHB) CPU/1 (3/24.000000/SYS) CPU/0 (3/24.000000/SYS) NET/0 (0/5000.000000/LOC) 
x3101c0s13b1n0:55562:58650 [3] NCCL INFO Setting affinity for GPU 3 to 01
x3101c0s13b1n0:55562:58650 [3] NCCL INFO Pattern 4, crossNic 0, nChannels 1, bw 24.000000/24.000000, type NVL/SYS, sameChannels 1
x3101c0s13b1n0:55562:58650 [3] NCCL INFO  0 : NET/0 GPU/5 GPU/4 GPU/7 GPU/6 NET/0
x3101c0s13b1n0:55562:58650 [3] NCCL INFO Pattern 1, crossNic 0, nChannels 1, bw 48.000000/24.000000, type NVL/SYS, sameChannels 1
x3101c0s13b1n0:55562:58650 [3] NCCL INFO  0 : NET/0 GPU/4 GPU/5 GPU/6 GPU/7 NET/0
x3101c0s13b1n0:55562:58650 [3] NCCL INFO Pattern 3, crossNic 0, nChannels 0, bw 0.000000/0.000000, type NVL/PIX, sameChannels 1
x3101c0s13b1n0:55551:58649 [0] NCCL INFO Tree 0 : 0 -> 4 -> 5/-1/-1
x3101c0s13b1n0:55551:58649 [0] NCCL INFO Tree 1 : -1 -> 4 -> 5/0/-1
x3101c0s13b1n0:55551:58649 [0] NCCL INFO Ring 00 : 5 -> 4 -> 7
x3101c0s13b1n0:55551:58649 [0] NCCL INFO Ring 01 : 5 -> 4 -> 7
x3101c0s13b1n0:55551:58649 [0] NCCL INFO Trees [0] 5/-1/-1->4->0 [1] 5/0/-1->4->-1
x3101c0s13b1n0:55551:58649 [0] NCCL INFO misc/utils.cc:235 memory stack hunk malloc(65536)
x3101c0s13b1n0:55551:58649 [0] NCCL INFO channel.cc:23 Cuda Alloc Size 3456 pointer 0x14abd9e03600
x3101c0s13b1n0:55551:58649 [0] NCCL INFO channel.cc:27 Cuda Alloc Size 32 pointer 0x14abd9e04400
x3101c0s13b1n0:55551:58649 [0] NCCL INFO channel.cc:23 Cuda Alloc Size 3456 pointer 0x14abd9e04600
x3101c0s13b1n0:55551:58649 [0] NCCL INFO channel.cc:27 Cuda Alloc Size 32 pointer 0x14abd9e05400
x3101c0s13b1n0:55551:58649 [0] NCCL INFO Channel 00/0 : 4[7000] -> 7[c7000] via P2P/IPC/read
x3101c0s13b1n0:55551:58693 [0] NCCL INFO Mem Realloc old size 0, new size 8 pointer 0x14aa00000c60
x3101c0s13b1n0:55551:58693 [0] NCCL INFO New proxy send connection 0 from local rank 0, transport 0
x3101c0s13b1n0:55556:58648 [1] NCCL INFO Tree 0 : 4 -> 5 -> 6/-1/-1
x3101c0s13b1n0:55556:58648 [1] NCCL INFO Tree 1 : 4 -> 5 -> 6/-1/-1
x3101c0s13b1n0:55556:58648 [1] NCCL INFO Ring 00 : 2 -> 5 -> 4
x3101c0s13b1n0:55556:58648 [1] NCCL INFO Ring 01 : 2 -> 5 -> 4
x3101c0s13b1n0:55556:58648 [1] NCCL INFO Trees [0] 6/-1/-1->5->4 [1] 6/-1/-1->5->4
x3101c0s13b1n0:55556:58648 [1] NCCL INFO misc/utils.cc:235 memory stack hunk malloc(65536)
x3101c0s13b1n0:55556:58648 [1] NCCL INFO channel.cc:23 Cuda Alloc Size 3456 pointer 0x149949e03600
x3101c0s13b1n0:55556:58648 [1] NCCL INFO channel.cc:27 Cuda Alloc Size 32 pointer 0x149949e04400
x3101c0s13b1n0:55556:58648 [1] NCCL INFO channel.cc:23 Cuda Alloc Size 3456 pointer 0x149949e04600
x3101c0s13b1n0:55556:58648 [1] NCCL INFO channel.cc:27 Cuda Alloc Size 32 pointer 0x149949e05400
x3101c0s13b1n0:55560:58647 [2] NCCL INFO Ring 00 : 7 -> 6 -> 1
x3101c0s13b1n0:55560:58647 [2] NCCL INFO Ring 01 : 7 -> 6 -> 1
x3101c0s13b1n0:55560:58647 [2] NCCL INFO Trees [0] 7/-1/-1->6->5 [1] 7/-1/-1->6->5
x3101c0s13b1n0:55560:58647 [2] NCCL INFO misc/utils.cc:235 memory stack hunk malloc(65536)
x3101c0s13b1n0:55560:58647 [2] NCCL INFO channel.cc:23 Cuda Alloc Size 3456 pointer 0x146b07e03600
x3101c0s13b1n0:55560:58647 [2] NCCL INFO channel.cc:27 Cuda Alloc Size 32 pointer 0x146b07e04400
x3101c0s13b1n0:55560:58647 [2] NCCL INFO channel.cc:23 Cuda Alloc Size 3456 pointer 0x146b07e04600
x3101c0s13b1n0:55560:58647 [2] NCCL INFO channel.cc:27 Cuda Alloc Size 32 pointer 0x146b07e05400
x3101c0s13b1n0:55551:58649 [0] NCCL INFO Connection to proxy localRank 0 -> connection 0x14aa00000c80
x3101c0s13b1n0:55551:58693 [0] NCCL INFO transport/p2p.cc:430 Cuda Alloc Size 6291456 pointer 0x14aa05a00000
x3101c0s13b1n0:55556:58697 [1] NCCL INFO Mem Realloc old size 0, new size 8 pointer 0x149768000c60
x3101c0s13b1n0:55556:58697 [1] NCCL INFO Allocated 4194656 bytes of shared memory in /dev/shm/nccl-QYSd06

x3101c0s13b1n0:55556:58697 [1] NCCL INFO New proxy recv connection 0 from local rank 1, transport 2
x3101c0s13b1n0:55560:58696 [2] NCCL INFO Mem Realloc old size 0, new size 8 pointer 0x14692c000c60
x3101c0s13b1n0:55560:58696 [2] NCCL INFO Allocated 4194656 bytes of shared memory in /dev/shm/nccl-m1bw7p

x3101c0s13b1n0:55560:58696 [2] NCCL INFO New proxy send connection 0 from local rank 2, transport 2
x3101c0s13b1n0:55562:58650 [3] NCCL INFO Ring 00 : 4 -> 7 -> 6
x3101c0s13b1n0:55562:58650 [3] NCCL INFO Ring 01 : 4 -> 7 -> 6
x3101c0s13b1n0:55562:58650 [3] NCCL INFO Trees [0] -1/-1/-1->7->6 [1] -1/-1/-1->7->6
x3101c0s13b1n0:55562:58650 [3] NCCL INFO misc/utils.cc:235 memory stack hunk malloc(65536)
x3101c0s13b1n0:55562:58650 [3] NCCL INFO channel.cc:23 Cuda Alloc Size 3456 pointer 0x151ba5e03600
x3101c0s13b1n0:55562:58650 [3] NCCL INFO channel.cc:27 Cuda Alloc Size 32 pointer 0x151ba5e04400
x3101c0s13b1n0:55562:58650 [3] NCCL INFO channel.cc:23 Cuda Alloc Size 3456 pointer 0x151ba5e04600
x3101c0s13b1n0:55562:58650 [3] NCCL INFO channel.cc:27 Cuda Alloc Size 32 pointer 0x151ba5e05400
x3101c0s13b1n0:55562:58701 [3] NCCL INFO Mem Realloc old size 0, new size 8 pointer 0x1519d0000c60
x3101c0s13b1n0:55562:58701 [3] NCCL INFO New proxy recv connection 0 from local rank 3, transport 0
x3101c0s13b1n0:55556:58648 [1] NCCL INFO Connection to proxy localRank 1 -> connection 0x149768000c80
x3101c0s13b1n0:55556:58648 [1] NCCL INFO Channel 00/0 : 2[85000] -> 5[46000] [receive] via NET/Socket/0
x3101c0s13b1n0:55556:58697 [1] NCCL INFO New proxy recv connection 1 from local rank 1, transport 2
x3101c0s13b1n0:55551:58649 [0] NCCL INFO Channel 01/0 : 4[7000] -> 7[c7000] via P2P/IPC/read
x3101c0s13b1n0:55551:58693 [0] NCCL INFO New proxy send connection 1 from local rank 0, transport 0
x3101c0s13b1n0:55562:58650 [3] NCCL INFO Connection to proxy localRank 3 -> connection 0x1519d0000c80
x3101c0s13b1n0:55562:58701 [3] NCCL INFO transport/p2p.cc:449 Cuda Alloc Size 6291456 pointer 0x1519d5a00000
x3101c0s13b1n0:55551:58649 [0] NCCL INFO Connection to proxy localRank 0 -> connection 0x14aa00000cc0
x3101c0s13b1n0:55551:58693 [0] NCCL INFO transport/p2p.cc:430 Cuda Alloc Size 6291456 pointer 0x14aa07600000
x3101c0s13b1n0:55560:58647 [2] NCCL INFO Connection to proxy localRank 2 -> connection 0x14692c000c80
x3101c0s13b1n0:55560:58647 [2] NCCL INFO Channel 00/0 : 6[85000] -> 1[46000] [send] via NET/Socket/0
x3101c0s13b1n0:55560:58696 [2] NCCL INFO New proxy send connection 1 from local rank 2, transport 2
x3101c0s13b1n0:55556:58648 [1] NCCL INFO Connection to proxy localRank 1 -> connection 0x149768000cc0
x3101c0s13b1n0:55562:58701 [3] NCCL INFO New proxy recv connection 1 from local rank 3, transport 0
x3101c0s13b1n0:55560:58647 [2] NCCL INFO Connection to proxy localRank 2 -> connection 0x14692c000cc0
x3101c0s13b1n0:55560:58647 [2] NCCL INFO Channel 01/0 : 6[85000] -> 1[46000] [send] via NET/Socket/0
x3101c0s13b1n0:55556:58648 [1] NCCL INFO Channel 01/0 : 2[85000] -> 5[46000] [receive] via NET/Socket/0
x3101c0s13b1n0:55562:58650 [3] NCCL INFO Connection to proxy localRank 3 -> connection 0x1519d0000cc0
x3101c0s13b1n0:55562:58701 [3] NCCL INFO transport/p2p.cc:449 Cuda Alloc Size 6291456 pointer 0x1519d7600000
x3101c0s13b1n0:55556:58697 [1] NCCL INFO transport/net.cc:698 Cuda Host Alloc Size 9641984 pointer 0x149779600000
x3101c0s13b1n0:55560:58696 [2] NCCL INFO transport/net.cc:571 Cuda Host Alloc Size 9641984 pointer 0x146933600000
x3101c0s13b1n0:55562:58650 [3] NCCL INFO Channel 00/0 : 7[c7000] -> 6[85000] via P2P/IPC/read
x3101c0s13b1n0:55551:58693 [0] NCCL INFO New proxy recv connection 2 from local rank 0, transport 0
x3101c0s13b1n0:55562:58701 [3] NCCL INFO New proxy send connection 2 from local rank 3, transport 0
x3101c0s13b1n0:55562:58650 [3] NCCL INFO Connection to proxy localRank 3 -> connection 0x1519d0000d00
x3101c0s13b1n0:55562:58701 [3] NCCL INFO transport/p2p.cc:430 Cuda Alloc Size 6291456 pointer 0x1519df200000
x3101c0s13b1n0:55562:58650 [3] NCCL INFO Channel 01/0 : 7[c7000] -> 6[85000] via P2P/IPC/read
x3101c0s13b1n0:55560:58696 [2] NCCL INFO transport/net.cc:571 Cuda Host Alloc Size 9641984 pointer 0x146937600000
x3101c0s13b1n0:55556:58697 [1] NCCL INFO transport/net.cc:698 Cuda Host Alloc Size 9641984 pointer 0x14977d600000
x3101c0s13b1n0:55551:58649 [0] NCCL INFO Connection to proxy localRank 0 -> connection 0x14aa00000d00
x3101c0s13b1n0:55551:58693 [0] NCCL INFO transport/p2p.cc:449 Cuda Alloc Size 6291456 pointer 0x14aa0f200000
x3101c0s13b1n0:55556:58648 [1] NCCL INFO Channel 00/0 : 5[46000] -> 4[7000] via P2P/IPC/read
x3101c0s13b1n0:55556:58697 [1] NCCL INFO New proxy send connection 2 from local rank 1, transport 0
x3101c0s13b1n0:55562:58701 [3] NCCL INFO New proxy send connection 3 from local rank 3, transport 0
x3101c0s13b1n0:55560:58696 [2] NCCL INFO New proxy recv connection 2 from local rank 2, transport 0
x3101c0s13b1n0:55551:58693 [0] NCCL INFO New proxy recv connection 3 from local rank 0, transport 0
x3101c0s13b1n0:55562:58650 [3] NCCL INFO Connection to proxy localRank 3 -> connection 0x1519d0000d40
x3101c0s13b1n0:55556:58648 [1] NCCL INFO Connection to proxy localRank 1 -> connection 0x149768000d00
x3101c0s13b1n0:55556:58697 [1] NCCL INFO transport/p2p.cc:430 Cuda Alloc Size 6291456 pointer 0x149777a00000
x3101c0s13b1n0:55562:58701 [3] NCCL INFO transport/p2p.cc:430 Cuda Alloc Size 6291456 pointer 0x1519df800000
x3101c0s13b1n0:55560:58647 [2] NCCL INFO Connection to proxy localRank 2 -> connection 0x14692c000d00
x3101c0s13b1n0:55560:58696 [2] NCCL INFO transport/p2p.cc:449 Cuda Alloc Size 6291456 pointer 0x146931a00000
x3101c0s13b1n0:55551:58649 [0] NCCL INFO Connection to proxy localRank 0 -> connection 0x14aa00000d40
x3101c0s13b1n0:55551:58693 [0] NCCL INFO transport/p2p.cc:449 Cuda Alloc Size 6291456 pointer 0x14aa0f800000
x3101c0s13b1n0:55556:58648 [1] NCCL INFO Channel 01/0 : 5[46000] -> 4[7000] via P2P/IPC/read
x3101c0s13b1n0:55556:58697 [1] NCCL INFO New proxy send connection 3 from local rank 1, transport 0
x3101c0s13b1n0:55560:58696 [2] NCCL INFO New proxy recv connection 3 from local rank 2, transport 0
x3101c0s13b1n0:55556:58648 [1] NCCL INFO Connection to proxy localRank 1 -> connection 0x149768000d40
x3101c0s13b1n0:55560:58647 [2] NCCL INFO Connection to proxy localRank 2 -> connection 0x14692c000d40
x3101c0s13b1n0:55560:58696 [2] NCCL INFO transport/p2p.cc:449 Cuda Alloc Size 6291456 pointer 0x146939600000
x3101c0s13b1n0:55556:58697 [1] NCCL INFO transport/p2p.cc:430 Cuda Alloc Size 6291456 pointer 0x14977f600000
x3101c0s13b1n0:55560:58647 [2] NCCL INFO Connected all rings
x3101c0s13b1n0:55562:58650 [3] NCCL INFO Connected all rings
x3101c0s13b1n0:55562:58701 [3] NCCL INFO New proxy recv connection 4 from local rank 3, transport 0
x3101c0s13b1n0:55562:58650 [3] NCCL INFO Connection to proxy localRank 3 -> connection 0x1519d0000d80
x3101c0s13b1n0:55560:58696 [2] NCCL INFO New proxy recv connection 4 from local rank 2, transport 0
x3101c0s13b1n0:55562:58701 [3] NCCL INFO transport/p2p.cc:449 Cuda Alloc Size 6291456 pointer 0x1519e7600000
x3101c0s13b1n0:55556:58648 [1] NCCL INFO Connected all rings
x3101c0s13b1n0:55556:58697 [1] NCCL INFO New proxy recv connection 4 from local rank 1, transport 0
x3101c0s13b1n0:55551:58649 [0] NCCL INFO Connected all rings
x3101c0s13b1n0:55551:58649 [0] NCCL INFO Channel 00/0 : 4[7000] -> 5[46000] via P2P/IPC/read
x3101c0s13b1n0:55551:58693 [0] NCCL INFO New proxy send connection 4 from local rank 0, transport 0
x3101c0s13b1n0:55560:58647 [2] NCCL INFO Connection to proxy localRank 2 -> connection 0x14692c000d80
x3101c0s13b1n0:55560:58696 [2] NCCL INFO transport/p2p.cc:449 Cuda Alloc Size 6291456 pointer 0x14693d600000
x3101c0s13b1n0:55562:58701 [3] NCCL INFO New proxy recv connection 5 from local rank 3, transport 0
x3101c0s13b1n0:55551:58649 [0] NCCL INFO Connection to proxy localRank 0 -> connection 0x14aa00000d80
x3101c0s13b1n0:55551:58693 [0] NCCL INFO transport/p2p.cc:430 Cuda Alloc Size 6291456 pointer 0x14aa17600000
x3101c0s13b1n0:55560:58696 [2] NCCL INFO New proxy recv connection 5 from local rank 2, transport 0
x3101c0s13b1n0:55556:58648 [1] NCCL INFO Connection to proxy localRank 1 -> connection 0x149768000d80
x3101c0s13b1n0:55556:58697 [1] NCCL INFO transport/p2p.cc:449 Cuda Alloc Size 6291456 pointer 0x149783600000
x3101c0s13b1n0:55562:58650 [3] NCCL INFO Connection to proxy localRank 3 -> connection 0x1519d0000dc0
x3101c0s13b1n0:55562:58701 [3] NCCL INFO transport/p2p.cc:449 Cuda Alloc Size 6291456 pointer 0x1519e9600000
x3101c0s13b1n0:55551:58649 [0] NCCL INFO Channel 01/0 : 4[7000] -> 5[46000] via P2P/IPC/read
x3101c0s13b1n0:55551:58693 [0] NCCL INFO New proxy send connection 5 from local rank 0, transport 0
x3101c0s13b1n0:55551:58649 [0] NCCL INFO Connection to proxy localRank 0 -> connection 0x14aa00000dc0
x3101c0s13b1n0:55551:58693 [0] NCCL INFO transport/p2p.cc:430 Cuda Alloc Size 6291456 pointer 0x14aa19600000
x3101c0s13b1n0:55560:58647 [2] NCCL INFO Connection to proxy localRank 2 -> connection 0x14692c000dc0
x3101c0s13b1n0:55560:58696 [2] NCCL INFO transport/p2p.cc:449 Cuda Alloc Size 6291456 pointer 0x14693f600000
x3101c0s13b1n0:55556:58697 [1] NCCL INFO New proxy recv connection 5 from local rank 1, transport 0
x3101c0s13b1n0:55560:58647 [2] NCCL INFO Channel 00/0 : 6[85000] -> 7[c7000] via P2P/IPC/read
x3101c0s13b1n0:55560:58696 [2] NCCL INFO New proxy send connection 6 from local rank 2, transport 0
x3101c0s13b1n0:55556:58648 [1] NCCL INFO Connection to proxy localRank 1 -> connection 0x149768000dc0
x3101c0s13b1n0:55556:58697 [1] NCCL INFO transport/p2p.cc:449 Cuda Alloc Size 6291456 pointer 0x149785600000
x3101c0s13b1n0:55556:58648 [1] NCCL INFO Channel 00/0 : 5[46000] -> 6[85000] via P2P/IPC/read
x3101c0s13b1n0:55556:58697 [1] NCCL INFO New proxy send connection 6 from local rank 1, transport 0
x3101c0s13b1n0:55560:58647 [2] NCCL INFO Connection to proxy localRank 2 -> connection 0x14692c000e00
x3101c0s13b1n0:55560:58696 [2] NCCL INFO transport/p2p.cc:430 Cuda Alloc Size 6291456 pointer 0x146943600000
x3101c0s13b1n0:55556:58648 [1] NCCL INFO Connection to proxy localRank 1 -> connection 0x149768000e00
x3101c0s13b1n0:55556:58697 [1] NCCL INFO transport/p2p.cc:430 Cuda Alloc Size 6291456 pointer 0x149789600000
x3101c0s13b1n0:55560:58647 [2] NCCL INFO Channel 01/0 : 6[85000] -> 7[c7000] via P2P/IPC/read
x3101c0s13b1n0:55560:58696 [2] NCCL INFO New proxy send connection 7 from local rank 2, transport 0
x3101c0s13b1n0:55556:58648 [1] NCCL INFO Channel 01/0 : 5[46000] -> 6[85000] via P2P/IPC/read
x3101c0s13b1n0:55560:58647 [2] NCCL INFO Connection to proxy localRank 2 -> connection 0x14692c000e40
x3101c0s13b1n0:55560:58696 [2] NCCL INFO transport/p2p.cc:430 Cuda Alloc Size 6291456 pointer 0x146945600000
x3101c0s13b1n0:55556:58697 [1] NCCL INFO New proxy send connection 7 from local rank 1, transport 0
x3101c0s13b1n0:55556:58648 [1] NCCL INFO Connection to proxy localRank 1 -> connection 0x149768000e40
x3101c0s13b1n0:55556:58697 [1] NCCL INFO transport/p2p.cc:430 Cuda Alloc Size 6291456 pointer 0x14978b600000
x3101c0s13b1n0:55560:58647 [2] NCCL INFO Channel 00/0 : 6[85000] -> 5[46000] via P2P/IPC/read
x3101c0s13b1n0:55560:58696 [2] NCCL INFO New proxy send connection 8 from local rank 2, transport 0
x3101c0s13b1n0:55562:58650 [3] NCCL INFO Connected all trees by HAO
x3101c0s13b1n0:55562:58650 [3] NCCL INFO threadThresholds 8/8/64 | 64/8/64 | 512 | 512
x3101c0s13b1n0:55562:58650 [3] NCCL INFO 2 coll channels, 2 p2p channels, 2 p2p channels per peer
x3101c0s13b1n0:55551:58693 [0] NCCL INFO Allocated 4194656 bytes of shared memory in /dev/shm/nccl-Rye7ZJ

x3101c0s13b1n0:55551:58693 [0] NCCL INFO New proxy recv connection 6 from local rank 0, transport 2
x3101c0s13b1n0:55556:58697 [1] NCCL INFO New proxy recv connection 8 from local rank 1, transport 0
x3101c0s13b1n0:55551:58649 [0] NCCL INFO Connection to proxy localRank 0 -> connection 0x14aa00000e00
x3101c0s13b1n0:55560:58647 [2] NCCL INFO Connection to proxy localRank 2 -> connection 0x14692c000e80
x3101c0s13b1n0:55560:58696 [2] NCCL INFO transport/p2p.cc:430 Cuda Alloc Size 6291456 pointer 0x14694f600000
x3101c0s13b1n0:55556:58648 [1] NCCL INFO Connection to proxy localRank 1 -> connection 0x149768000e80
x3101c0s13b1n0:55556:58697 [1] NCCL INFO transport/p2p.cc:449 Cuda Alloc Size 6291456 pointer 0x149795600000
x3101c0s13b1n0:55560:58647 [2] NCCL INFO Channel 01/0 : 6[85000] -> 5[46000] via P2P/IPC/read
x3101c0s13b1n0:55560:58696 [2] NCCL INFO New proxy send connection 9 from local rank 2, transport 0
x3101c0s13b1n0:55560:58647 [2] NCCL INFO Connection to proxy localRank 2 -> connection 0x14692c000ec0
x3101c0s13b1n0:55562:58701 [3] NCCL INFO Allocated 4194656 bytes of shared memory in /dev/shm/nccl-yBqgew

x3101c0s13b1n0:55562:58701 [3] NCCL INFO New proxy send connection 6 from local rank 3, transport 2
x3101c0s13b1n0:55562:58650 [3] NCCL INFO Connection to proxy localRank 3 -> connection 0x1519d0000e00
x3101c0s13b1n0:55562:58701 [3] NCCL INFO transport/net.cc:376 Cuda Alloc Size 4194304 pointer 0x1519d7c00000
x3101c0s13b1n0:55560:58696 [2] NCCL INFO transport/p2p.cc:430 Cuda Alloc Size 6291456 pointer 0x146951600000
x3101c0s13b1n0:55551:58649 [0] NCCL INFO Channel 00/0 : 0[7000] -> 4[7000] [receive] via NET/Socket/0
x3101c0s13b1n0:55551:58693 [0] NCCL INFO New proxy recv connection 7 from local rank 0, transport 2
x3101c0s13b1n0:55556:58697 [1] NCCL INFO New proxy recv connection 9 from local rank 1, transport 0
x3101c0s13b1n0:55551:58649 [0] NCCL INFO Connection to proxy localRank 0 -> connection 0x14aa00000e40
x3101c0s13b1n0:55556:58648 [1] NCCL INFO Connection to proxy localRank 1 -> connection 0x149768000ec0
x3101c0s13b1n0:55556:58697 [1] NCCL INFO transport/p2p.cc:449 Cuda Alloc Size 6291456 pointer 0x149797600000
x3101c0s13b1n0:55551:58649 [0] NCCL INFO Channel 01/0 : 0[7000] -> 4[7000] [receive] via NET/Socket/0
x3101c0s13b1n0:55551:58693 [0] NCCL INFO New proxy send connection 8 from local rank 0, transport 2
x3101c0s13b1n0:55556:58648 [1] NCCL INFO Connected all trees by HAO
x3101c0s13b1n0:55556:58648 [1] NCCL INFO threadThresholds 8/8/64 | 64/8/64 | 512 | 512
x3101c0s13b1n0:55556:58648 [1] NCCL INFO 2 coll channels, 2 p2p channels, 2 p2p channels per peer
x3101c0s13b1n0:55556:58697 [1] NCCL INFO New proxy send connection 10 from local rank 1, transport 2
x3101c0s13b1n0:55560:58647 [2] NCCL INFO Connected all trees by HAO
x3101c0s13b1n0:55560:58647 [2] NCCL INFO threadThresholds 8/8/64 | 64/8/64 | 512 | 512
x3101c0s13b1n0:55560:58647 [2] NCCL INFO 2 coll channels, 2 p2p channels, 2 p2p channels per peer
x3101c0s13b1n0:55560:58696 [2] NCCL INFO New proxy send connection 10 from local rank 2, transport 2
x3101c0s13b1n0:55551:58649 [0] NCCL INFO Connection to proxy localRank 0 -> connection 0x14aa00000e80
x3101c0s13b1n0:55551:58649 [0] NCCL INFO Channel 00/0 : 4[7000] -> 0[7000] [send] via NET/Socket/0
x3101c0s13b1n0:55551:58693 [0] NCCL INFO New proxy send connection 9 from local rank 0, transport 2
x3101c0s13b1n0:55556:58648 [1] NCCL INFO Connection to proxy localRank 1 -> connection 0x149768000f00
x3101c0s13b1n0:55556:58697 [1] NCCL INFO transport/net.cc:376 Cuda Alloc Size 4194304 pointer 0x14977fc00000
x3101c0s13b1n0:55560:58647 [2] NCCL INFO Connection to proxy localRank 2 -> connection 0x14692c000f00
x3101c0s13b1n0:55560:58696 [2] NCCL INFO transport/net.cc:376 Cuda Alloc Size 4194304 pointer 0x146939c00000
x3101c0s13b1n0:55551:58649 [0] NCCL INFO Connection to proxy localRank 0 -> connection 0x14aa00000ec0
x3101c0s13b1n0:55551:58649 [0] NCCL INFO Channel 01/0 : 4[7000] -> 0[7000] [send] via NET/Socket/0
x3101c0s13b1n0:55551:58693 [0] NCCL INFO transport/net.cc:571 Cuda Host Alloc Size 9641984 pointer 0x14aa1d600000
x3101c0s13b1n0:55551:58693 [0] NCCL INFO transport/net.cc:571 Cuda Host Alloc Size 9641984 pointer 0x14aa1f600000
x3101c0s13b1n0:55551:58693 [0] NCCL INFO transport/net.cc:698 Cuda Host Alloc Size 9641984 pointer 0x14aa23600000
x3101c0s13b1n0:55551:58693 [0] NCCL INFO transport/net.cc:698 Cuda Host Alloc Size 9641984 pointer 0x14aa25600000
x3101c0s13b1n0:55551:58649 [0] NCCL INFO Connected all trees by HAO
x3101c0s13b1n0:55551:58649 [0] NCCL INFO threadThresholds 8/8/64 | 64/8/64 | 512 | 512
x3101c0s13b1n0:55551:58649 [0] NCCL INFO 2 coll channels, 2 p2p channels, 2 p2p channels per peer
x3101c0s13b1n0:55551:58693 [0] NCCL INFO New proxy send connection 10 from local rank 0, transport 2
x3101c0s13b1n0:55551:58649 [0] NCCL INFO Connection to proxy localRank 0 -> connection 0x14aa00000f00
x3101c0s13b1n0:55556:58648 [1] NCCL INFO init.cc:367 Cuda Alloc Size 5168 pointer 0x149949e05600
x3101c0s13b1n0:55562:58650 [3] NCCL INFO init.cc:367 Cuda Alloc Size 5168 pointer 0x151ba5e05600
x3101c0s13b1n0:55562:58650 [3] NCCL INFO init.cc:392 Cuda Host Alloc Size 33554432 pointer 0x1519ca000000
x3101c0s13b1n0:55556:58648 [1] NCCL INFO init.cc:392 Cuda Host Alloc Size 33554432 pointer 0x149766000000
x3101c0s13b1n0:55556:58648 [1] NCCL INFO init.cc:398 Cuda Host Alloc Size 128 pointer 0x149949400600
x3101c0s13b1n0:55556:58648 [1] NCCL INFO comm 0x5626357f5970 rank 5 nranks 8 cudaDev 1 busId 46000 - Init COMPLETE
x3101c0s13b1n0:55551:58693 [0] NCCL INFO transport/net.cc:376 Cuda Alloc Size 4194304 pointer 0x14aa07c00000
x3101c0s13b1n0:55551:58649 [0] NCCL INFO init.cc:367 Cuda Alloc Size 5168 pointer 0x14abd9e05600
x3101c0s13b1n0:55560:58647 [2] NCCL INFO init.cc:367 Cuda Alloc Size 5168 pointer 0x146b07e05600
x3101c0s13b1n0:55562:58650 [3] NCCL INFO init.cc:398 Cuda Host Alloc Size 128 pointer 0x151ba5400600
x3101c0s13b1n0:55562:58650 [3] NCCL INFO comm 0x55cd8bf4dde0 rank 7 nranks 8 cudaDev 3 busId c7000 - Init COMPLETE
x3101c0s13b1n0:55551:58649 [0] NCCL INFO init.cc:392 Cuda Host Alloc Size 33554432 pointer 0x14a9fa000000
x3101c0s13b1n0:55551:58649 [0] NCCL INFO init.cc:398 Cuda Host Alloc Size 128 pointer 0x14abd9400600
x3101c0s13b1n0:55551:58649 [0] NCCL INFO comm 0x56123a706510 rank 4 nranks 8 cudaDev 0 busId 7000 - Init COMPLETE
x3101c0s13b1n0:55562:55562 [3] NCCL INFO AllReduce: opCount 0 sendbuff 0x151be3c00400 recvbuff 0x151be3c00400 count 1 datatype 4 op 0 root 0 comm 0x55cd8bf4dde0 [nranks=8] stream 0x55cd8ab30dc0
x3101c0s13b1n0:55562:55562 [3] NCCL INFO misc/utils.cc:235 memory stack hunk malloc(65536)
[LYD INFO in ncclLaunchKernel (enqueue.cc)] NCHANNELS is: 2NCCL version 2.14.3+cuda11.8
x3101c0s13b1n0:55562:55562 [3] NCCL INFO init.cc:1147 Cuda Host Alloc Size 4 pointer 0x151ba5400800
x3101c0s13b1n0:55560:58647 [2] NCCL INFO init.cc:392 Cuda Host Alloc Size 33554432 pointer 0x146926000000
