x3001c0s37b0n0:36465:37817 [1] NCCL INFO transport/net.cc:698 Cuda Host Alloc Size 9641984 pointer 0x1512c6a00000
x3001c0s37b0n0:36465:37817 [1] NCCL INFO Mem Realloc old size 0, new size 768 pointer 0x1512cc06e880
x3001c0s37b0n0:36467:37830 [3] NCCL INFO transport/net_ib.cc:596 Ib Alloc Size 26560 pointer 0x149d88020000
x3001c0s37b0n0:36467:37830 [3] NCCL INFO NET/IB: Dev 1 Port 1 qpn 29437 mtu 5 GID 0 (80FE/480000FEFF000000)
x3001c0s37b0n0:36467:37830 [3] NCCL INFO transport/net_ib.cc:653 Ib Alloc Size 552 pointer 0x149d88042000
x3001c0s37b0n0:36467:37830 [3] NCCL INFO transport/net.cc:571 Cuda Host Alloc Size 9641984 pointer 0x149d80c00000
x3001c0s37b0n0:36467:37830 [3] NCCL INFO Mem Realloc old size 0, new size 768 pointer 0x149d8802f0a0
x3001c0s37b0n0:36465:37817 [1] NCCL INFO transport/net_ib.cc:683 Ib Alloc Size 21688 pointer 0x1512cc07b000
x3001c0s37b0n0:36465:37817 [1] NCCL INFO transport/net_ib.cc:696 Ib Alloc Size 552 pointer 0x1512cc082000
x3001c0s37b0n0:36465:37817 [1] NCCL INFO transport/net_ib.cc:771 Ib Alloc Size 552 pointer 0x1512cc09d000
x3001c0s37b0n0:36465:37817 [1] NCCL INFO transport/net.cc:698 Cuda Host Alloc Size 9641984 pointer 0x1512c7400000
x3001c0s37b0n0:36466:37609 [2] NCCL INFO Connection to proxy localRank 2 -> connection 0x1517b8000e00
x3001c0s37b0n0:36466:37822 [2] NCCL INFO transport/p2p.cc:449 Cuda Alloc Size 6291456 pointer 0x151807c00000
x3001c0s37b0n0:36466:37822 [2] NCCL INFO New proxy recv connection 7 from local rank 2, transport 0
x3001c0s37b0n0:36467:37830 [3] NCCL INFO transport/net_ib.cc:596 Ib Alloc Size 26560 pointer 0x149d88044000
x3001c0s37b0n0:36467:37830 [3] NCCL INFO NET/IB: Dev 0 Port 1 qpn 29506 mtu 5 GID 0 (80FE/780000FEFF000000)
x3001c0s37b0n0:36467:37830 [3] NCCL INFO transport/net_ib.cc:653 Ib Alloc Size 552 pointer 0x149d88065000
x3001c0s37b0n0:36467:37830 [3] NCCL INFO transport/net.cc:571 Cuda Host Alloc Size 9641984 pointer 0x149d81600000
x3001c0s37b0n0:36467:37830 [3] NCCL INFO Mem Realloc old size 0, new size 768 pointer 0x149d880521f0
x3001c0s37b0n0:36466:37609 [2] NCCL INFO Connection to proxy localRank 2 -> connection 0x1517b8000e40
x3001c0s37b0n0:36466:37822 [2] NCCL INFO transport/p2p.cc:449 Cuda Alloc Size 6291456 pointer 0x151808200000
x3001c0s37b0n0:36465:37817 [1] NCCL INFO transport/net_ib.cc:683 Ib Alloc Size 21688 pointer 0x1512cc09f000
x3001c0s37b0n0:36465:37817 [1] NCCL INFO transport/net_ib.cc:696 Ib Alloc Size 552 pointer 0x1512cc0a6000
x3001c0s37b0n0:36467:37830 [3] NCCL INFO transport/net_ib.cc:596 Ib Alloc Size 26560 pointer 0x149d88067000
x3001c0s37b0n0:36467:37830 [3] NCCL INFO NET/IB: Dev 1 Port 1 qpn 29440 mtu 5 GID 0 (80FE/480000FEFF000000)
x3001c0s37b0n0:36467:37830 [3] NCCL INFO transport/net_ib.cc:653 Ib Alloc Size 552 pointer 0x149d8807e000
x3001c0s37b0n0:36467:37830 [3] NCCL INFO transport/net.cc:571 Cuda Host Alloc Size 9641984 pointer 0x149d7e000000
x3001c0s37b0n0:36465:37817 [1] NCCL INFO transport/net_ib.cc:771 Ib Alloc Size 552 pointer 0x1512cc0c1000
x3001c0s37b0n0:36465:37817 [1] NCCL INFO transport/net.cc:698 Cuda Host Alloc Size 9641984 pointer 0x1512be000000
x3001c0s37b0n0:36467:37830 [3] NCCL INFO transport/net_ib.cc:596 Ib Alloc Size 26560 pointer 0x149d88080000
x3001c0s37b0n0:36466:37609 [2] NCCL INFO Connected all rings
x3001c0s37b0n0:36466:37822 [2] NCCL INFO New proxy recv connection 8 from local rank 2, transport 0
x3001c0s37b0n0:36464:37811 [0] NCCL INFO New proxy recv connection 4 from local rank 0, transport 0
x3001c0s37b0n0:36467:37830 [3] NCCL INFO NET/IB: Dev 0 Port 1 qpn 29509 mtu 5 GID 0 (80FE/780000FEFF000000)
x3001c0s37b0n0:36467:37830 [3] NCCL INFO transport/net_ib.cc:653 Ib Alloc Size 552 pointer 0x149d88097000
x3001c0s37b0n0:36467:37830 [3] NCCL INFO transport/net.cc:571 Cuda Host Alloc Size 9641984 pointer 0x149d7ea00000
x3001c0s37b0n0:36465:37616 [1] NCCL INFO Channel 00/0 : 9[46000] -> 8[7000] via P2P/IPC/read
x3001c0s37b0n0:36466:37609 [2] NCCL INFO Connection to proxy localRank 2 -> connection 0x1517b8000e80
x3001c0s37b0n0:36466:37822 [2] NCCL INFO transport/p2p.cc:449 Cuda Alloc Size 6291456 pointer 0x15180a000000
x3001c0s37b0n0:36464:37607 [0] NCCL INFO Connection to proxy localRank 0 -> connection 0x15499c000d80
x3001c0s37b0n0:36464:37811 [0] NCCL INFO transport/p2p.cc:449 Cuda Alloc Size 6291456 pointer 0x15499ac00000
x3001c0s37b0n0:36467:37608 [3] NCCL INFO Connected all rings
x3001c0s37b0n0:36467:37608 [3] NCCL INFO Channel 00/0 : 11[c7000] -> 10[85000] via P2P/IPC/read
x3001c0s37b0n0:36467:37830 [3] NCCL INFO New proxy send connection 8 from local rank 3, transport 0
x3001c0s37b0n0:36465:37817 [1] NCCL INFO New proxy send connection 4 from local rank 1, transport 0
x3001c0s37b0n0:36465:37616 [1] NCCL INFO Connection to proxy localRank 1 -> connection 0x1512cc000d80
x3001c0s37b0n0:36465:37817 [1] NCCL INFO transport/p2p.cc:430 Cuda Alloc Size 6291456 pointer 0x1512bea00000
x3001c0s37b0n0:36466:37822 [2] NCCL INFO New proxy recv connection 9 from local rank 2, transport 0
x3001c0s37b0n0:36464:37811 [0] NCCL INFO New proxy recv connection 5 from local rank 0, transport 0
x3001c0s37b0n0:36467:37608 [3] NCCL INFO Connection to proxy localRank 3 -> connection 0x149d88000e80
x3001c0s37b0n0:36467:37830 [3] NCCL INFO transport/p2p.cc:430 Cuda Alloc Size 6291456 pointer 0x149d7f400000
x3001c0s37b0n0:36465:37616 [1] NCCL INFO Channel 01/0 : 9[46000] -> 8[7000] via P2P/IPC/read
x3001c0s37b0n0:36465:37817 [1] NCCL INFO New proxy send connection 5 from local rank 1, transport 0
x3001c0s37b0n0:36466:37609 [2] NCCL INFO Connection to proxy localRank 2 -> connection 0x1517b8000ec0
x3001c0s37b0n0:36466:37822 [2] NCCL INFO transport/p2p.cc:449 Cuda Alloc Size 6291456 pointer 0x15180a600000
x3001c0s37b0n0:36464:37607 [0] NCCL INFO Connection to proxy localRank 0 -> connection 0x15499c000dc0
x3001c0s37b0n0:36464:37811 [0] NCCL INFO transport/p2p.cc:449 Cuda Alloc Size 6291456 pointer 0x15499b200000
x3001c0s37b0n0:36467:37608 [3] NCCL INFO Channel 01/0 : 11[c7000] -> 10[85000] via P2P/IPC/read
x3001c0s37b0n0:36467:37830 [3] NCCL INFO New proxy send connection 9 from local rank 3, transport 0
x3001c0s37b0n0:36466:37822 [2] NCCL INFO New proxy recv connection 10 from local rank 2, transport 0
x3001c0s37b0n0:36465:37616 [1] NCCL INFO Connection to proxy localRank 1 -> connection 0x1512cc000dc0
x3001c0s37b0n0:36465:37817 [1] NCCL INFO transport/p2p.cc:430 Cuda Alloc Size 6291456 pointer 0x1512bf000000
x3001c0s37b0n0:36467:37608 [3] NCCL INFO Connection to proxy localRank 3 -> connection 0x149d88000ec0
x3001c0s37b0n0:36467:37830 [3] NCCL INFO transport/p2p.cc:430 Cuda Alloc Size 6291456 pointer 0x149d7fa00000
x3001c0s37b0n0:36464:37811 [0] NCCL INFO New proxy recv connection 6 from local rank 0, transport 0
x3001c0s37b0n0:36466:37609 [2] NCCL INFO Connection to proxy localRank 2 -> connection 0x1517b8000f00
x3001c0s37b0n0:36466:37822 [2] NCCL INFO transport/p2p.cc:449 Cuda Alloc Size 6291456 pointer 0x15180ac00000
x3001c0s37b0n0:36465:37616 [1] NCCL INFO Channel 02/0 : 9[46000] -> 8[7000] via P2P/IPC/read
x3001c0s37b0n0:36465:37817 [1] NCCL INFO New proxy send connection 6 from local rank 1, transport 0
x3001c0s37b0n0:36464:37607 [0] NCCL INFO Connection to proxy localRank 0 -> connection 0x15499c000e00
x3001c0s37b0n0:36464:37811 [0] NCCL INFO transport/p2p.cc:449 Cuda Alloc Size 6291456 pointer 0x15499b800000
x3001c0s37b0n0:36467:37608 [3] NCCL INFO Channel 02/0 : 11[c7000] -> 10[85000] via P2P/IPC/read
x3001c0s37b0n0:36467:37830 [3] NCCL INFO New proxy send connection 10 from local rank 3, transport 0
x3001c0s37b0n0:36464:37811 [0] NCCL INFO New proxy recv connection 7 from local rank 0, transport 0
x3001c0s37b0n0:36465:37616 [1] NCCL INFO Connection to proxy localRank 1 -> connection 0x1512cc000e00
x3001c0s37b0n0:36465:37817 [1] NCCL INFO transport/p2p.cc:430 Cuda Alloc Size 6291456 pointer 0x1512bf600000
x3001c0s37b0n0:36466:37822 [2] NCCL INFO New proxy recv connection 11 from local rank 2, transport 0
x3001c0s37b0n0:36467:37608 [3] NCCL INFO Connection to proxy localRank 3 -> connection 0x149d88000f00
x3001c0s37b0n0:36467:37830 [3] NCCL INFO transport/p2p.cc:430 Cuda Alloc Size 6291456 pointer 0x149d76000000
x3001c0s37b0n0:36464:37607 [0] NCCL INFO Connection to proxy localRank 0 -> connection 0x15499c000e40
x3001c0s37b0n0:36464:37811 [0] NCCL INFO transport/p2p.cc:449 Cuda Alloc Size 6291456 pointer 0x154998000000
x3001c0s37b0n0:36465:37616 [1] NCCL INFO Channel 03/0 : 9[46000] -> 8[7000] via P2P/IPC/read
x3001c0s37b0n0:36465:37817 [1] NCCL INFO New proxy send connection 7 from local rank 1, transport 0
x3001c0s37b0n0:36467:37608 [3] NCCL INFO Channel 03/0 : 11[c7000] -> 10[85000] via P2P/IPC/read
x3001c0s37b0n0:36467:37830 [3] NCCL INFO New proxy send connection 11 from local rank 3, transport 0
x3001c0s37b0n0:36466:37609 [2] NCCL INFO Connection to proxy localRank 2 -> connection 0x1517b8000f40
x3001c0s37b0n0:36466:37822 [2] NCCL INFO transport/p2p.cc:449 Cuda Alloc Size 6291456 pointer 0x15180b200000
x3001c0s37b0n0:36465:37616 [1] NCCL INFO Connection to proxy localRank 1 -> connection 0x1512cc000e40
x3001c0s37b0n0:36465:37817 [1] NCCL INFO transport/p2p.cc:430 Cuda Alloc Size 6291456 pointer 0x1512d1a00000
x3001c0s37b0n0:36467:37608 [3] NCCL INFO Connection to proxy localRank 3 -> connection 0x149d88000f40
x3001c0s37b0n0:36467:37830 [3] NCCL INFO transport/p2p.cc:430 Cuda Alloc Size 6291456 pointer 0x149d76600000
x3001c0s37b0n0:36465:37616 [1] NCCL INFO Connected all rings
x3001c0s37b0n0:36464:37607 [0] NCCL INFO Connected all rings
x3001c0s37b0n0:36464:37607 [0] NCCL INFO Channel 00/0 : 8[7000] -> 9[46000] via P2P/IPC/read
x3001c0s37b0n0:36465:37817 [1] NCCL INFO New proxy recv connection 8 from local rank 1, transport 0
x3001c0s37b0n0:36464:37811 [0] NCCL INFO New proxy send connection 8 from local rank 0, transport 0
x3001c0s37b0n0:36464:37607 [0] NCCL INFO Connection to proxy localRank 0 -> connection 0x15499c000e80
x3001c0s37b0n0:36464:37811 [0] NCCL INFO transport/p2p.cc:430 Cuda Alloc Size 6291456 pointer 0x154996000000
x3001c0s37b0n0:36465:37616 [1] NCCL INFO Connection to proxy localRank 1 -> connection 0x1512cc000e80
x3001c0s37b0n0:36465:37817 [1] NCCL INFO transport/p2p.cc:449 Cuda Alloc Size 6291456 pointer 0x1512bd800000
x3001c0s37b0n0:36464:37607 [0] NCCL INFO Channel 01/0 : 8[7000] -> 9[46000] via P2P/IPC/read
x3001c0s37b0n0:36464:37811 [0] NCCL INFO New proxy send connection 9 from local rank 0, transport 0
x3001c0s37b0n0:36464:37607 [0] NCCL INFO Connection to proxy localRank 0 -> connection 0x15499c000ec0
x3001c0s37b0n0:36465:37817 [1] NCCL INFO New proxy recv connection 9 from local rank 1, transport 0
x3001c0s37b0n0:36464:37811 [0] NCCL INFO transport/p2p.cc:430 Cuda Alloc Size 6291456 pointer 0x154996600000
x3001c0s37b0n0:36465:37616 [1] NCCL INFO Connection to proxy localRank 1 -> connection 0x1512cc000ec0
x3001c0s37b0n0:36465:37817 [1] NCCL INFO transport/p2p.cc:449 Cuda Alloc Size 6291456 pointer 0x1512ba000000
x3001c0s37b0n0:36464:37607 [0] NCCL INFO Channel 02/0 : 8[7000] -> 9[46000] via P2P/IPC/read
x3001c0s37b0n0:36464:37811 [0] NCCL INFO New proxy send connection 10 from local rank 0, transport 0
x3001c0s37b0n0:36465:37817 [1] NCCL INFO New proxy recv connection 10 from local rank 1, transport 0
x3001c0s37b0n0:36464:37607 [0] NCCL INFO Connection to proxy localRank 0 -> connection 0x15499c000f00
x3001c0s37b0n0:36464:37811 [0] NCCL INFO transport/p2p.cc:430 Cuda Alloc Size 6291456 pointer 0x154996c00000
x3001c0s37b0n0:36464:37607 [0] NCCL INFO Channel 03/0 : 8[7000] -> 9[46000] via P2P/IPC/read
x3001c0s37b0n0:36464:37811 [0] NCCL INFO New proxy send connection 11 from local rank 0, transport 0
x3001c0s37b0n0:36465:37616 [1] NCCL INFO Connection to proxy localRank 1 -> connection 0x1512cc000f00
x3001c0s37b0n0:36465:37817 [1] NCCL INFO transport/p2p.cc:449 Cuda Alloc Size 6291456 pointer 0x1512ba600000
x3001c0s37b0n0:36464:37607 [0] NCCL INFO Connection to proxy localRank 0 -> connection 0x15499c000f40
x3001c0s37b0n0:36464:37811 [0] NCCL INFO transport/p2p.cc:430 Cuda Alloc Size 6291456 pointer 0x154997200000
x3001c0s37b0n0:36465:37817 [1] NCCL INFO New proxy recv connection 11 from local rank 1, transport 0
x3001c0s37b0n0:36465:37616 [1] NCCL INFO Connection to proxy localRank 1 -> connection 0x1512cc000f40
x3001c0s37b0n0:36465:37817 [1] NCCL INFO transport/p2p.cc:449 Cuda Alloc Size 6291456 pointer 0x1512bac00000
x3001c0s37b0n0:36465:37616 [1] NCCL INFO Channel 00/0 : 9[46000] -> 10[85000] via P2P/IPC/read
x3001c0s37b0n0:36465:37817 [1] NCCL INFO New proxy send connection 12 from local rank 1, transport 0
x3001c0s37b0n0:36465:37616 [1] NCCL INFO Connection to proxy localRank 1 -> connection 0x1512cc000f80
x3001c0s37b0n0:36465:37817 [1] NCCL INFO transport/p2p.cc:430 Cuda Alloc Size 6291456 pointer 0x1512bb200000
x3001c0s37b0n0:36465:37616 [1] NCCL INFO Channel 01/0 : 9[46000] -> 10[85000] via P2P/IPC/read
x3001c0s37b0n0:36465:37817 [1] NCCL INFO New proxy send connection 13 from local rank 1, transport 0
x3001c0s37b0n0:36465:37616 [1] NCCL INFO Connection to proxy localRank 1 -> connection 0x1512cc000fc0
x3001c0s37b0n0:36465:37817 [1] NCCL INFO transport/p2p.cc:430 Cuda Alloc Size 6291456 pointer 0x1512bb800000
x3001c0s37b0n0:36465:37616 [1] NCCL INFO Channel 02/0 : 9[46000] -> 10[85000] via P2P/IPC/read
x3001c0s37b0n0:36465:37817 [1] NCCL INFO New proxy send connection 14 from local rank 1, transport 0
x3001c0s37b0n0:36465:37616 [1] NCCL INFO Connection to proxy localRank 1 -> connection 0x1512cc001000
x3001c0s37b0n0:36465:37817 [1] NCCL INFO transport/p2p.cc:430 Cuda Alloc Size 6291456 pointer 0x1512b8000000
x3001c0s37b0n0:36465:37616 [1] NCCL INFO Channel 03/0 : 9[46000] -> 10[85000] via P2P/IPC/read
x3001c0s37b0n0:36465:37817 [1] NCCL INFO New proxy send connection 15 from local rank 1, transport 0
x3001c0s37b0n0:36465:37616 [1] NCCL INFO Connection to proxy localRank 1 -> connection 0x1512cc001040
x3001c0s37b0n0:36465:37817 [1] NCCL INFO transport/p2p.cc:430 Cuda Alloc Size 6291456 pointer 0x1512b8600000
x3001c0s37b0n0:36465:37616 [1] NCCL INFO GPU Direct RDMA Disabled for GPU 46000 / HCA 1 (distance 6 > 4)
x3001c0s37b0n0:36465:37817 [1] NCCL INFO New proxy recv connection 16 from local rank 1, transport 2
x3001c0s37b0n0:36464:37607 [0] NCCL INFO GPU Direct RDMA Disabled for GPU 7000 / HCA 1 (distance 7 > 4)
x3001c0s37b0n0:36464:37811 [0] NCCL INFO Allocated 4194656 bytes of shared memory in /dev/shm/nccl-Otjnsq

x3001c0s37b0n0:36464:37811 [0] NCCL INFO New proxy send connection 12 from local rank 0, transport 2
x3001c0s37b0n0:36466:37822 [2] NCCL INFO New proxy recv connection 12 from local rank 2, transport 0
x3001c0s37b0n0:36465:37616 [1] NCCL INFO Connection to proxy localRank 1 -> connection 0x1512cc001080
x3001c0s37b0n0:36464:37607 [0] NCCL INFO Connection to proxy localRank 0 -> connection 0x15499c000f80
x3001c0s37b0n0:36464:37607 [0] NCCL INFO Channel 00/0 : 8[7000] -> 12[7000] [send] via NET/IB/1
x3001c0s37b0n0:36464:37607 [0] NCCL INFO GPU Direct RDMA Disabled for GPU 7000 / HCA 0 (distance 7 > 4)
x3001c0s37b0n0:36464:37811 [0] NCCL INFO New proxy send connection 13 from local rank 0, transport 2
x3001c0s37b0n0:36465:37616 [1] NCCL INFO Channel 00/0 : 4[7000] -> 9[46000] [receive] via NET/IB/1
x3001c0s37b0n0:36465:37616 [1] NCCL INFO GPU Direct RDMA Disabled for GPU 46000 / HCA 0 (distance 7 > 4)
x3001c0s37b0n0:36465:37817 [1] NCCL INFO New proxy recv connection 17 from local rank 1, transport 2
x3001c0s37b0n0:36466:37609 [2] NCCL INFO Connection to proxy localRank 2 -> connection 0x1517b8000f80
x3001c0s37b0n0:36466:37822 [2] NCCL INFO transport/p2p.cc:449 Cuda Alloc Size 6291456 pointer 0x15180d000000
x3001c0s37b0n0:36464:37607 [0] NCCL INFO Connection to proxy localRank 0 -> connection 0x15499c000fc0
x3001c0s37b0n0:36464:37607 [0] NCCL INFO Channel 01/0 : 8[7000] -> 12[7000] [send] via NET/IB/0
x3001c0s37b0n0:36465:37616 [1] NCCL INFO Connection to proxy localRank 1 -> connection 0x1512cc0010c0
x3001c0s37b0n0:36464:37811 [0] NCCL INFO transport/net_ib.cc:596 Ib Alloc Size 26560 pointer 0x15499c01b000
x3001c0s37b0n0:36464:37811 [0] NCCL INFO NET/IB: Dev 1 Port 1 qpn 29441 mtu 5 GID 0 (80FE/480000FEFF000000)
x3001c0s37b0n0:36464:37811 [0] NCCL INFO transport/net_ib.cc:653 Ib Alloc Size 552 pointer 0x15499c03d000
x3001c0s37b0n0:36464:37811 [0] NCCL INFO transport/net.cc:571 Cuda Host Alloc Size 9641984 pointer 0x154995200000
x3001c0s37b0n0:36464:37811 [0] NCCL INFO Mem Realloc old size 0, new size 768 pointer 0x15499c03c3b0
x3001c0s37b0n0:36466:37822 [2] NCCL INFO New proxy recv connection 13 from local rank 2, transport 0
x3001c0s37b0n0:36465:37616 [1] NCCL INFO Channel 01/0 : 4[7000] -> 9[46000] [receive] via NET/IB/0
x3001c0s37b0n0:36464:37811 [0] NCCL INFO transport/net_ib.cc:596 Ib Alloc Size 26560 pointer 0x15499c03f000
x3001c0s37b0n0:36464:37811 [0] NCCL INFO NET/IB: Dev 0 Port 1 qpn 29510 mtu 5 GID 0 (80FE/780000FEFF000000)
x3001c0s37b0n0:36464:37811 [0] NCCL INFO transport/net_ib.cc:653 Ib Alloc Size 552 pointer 0x15499c060000
x3001c0s37b0n0:36464:37811 [0] NCCL INFO transport/net.cc:571 Cuda Host Alloc Size 9641984 pointer 0x15498e000000
x3001c0s37b0n0:36464:37811 [0] NCCL INFO Mem Realloc old size 0, new size 768 pointer 0x15499c0468c0
x3001c0s37b0n0:36466:37609 [2] NCCL INFO Connection to proxy localRank 2 -> connection 0x1517b8000fc0
x3001c0s37b0n0:36466:37822 [2] NCCL INFO transport/p2p.cc:449 Cuda Alloc Size 6291456 pointer 0x15180d600000
x3001c0s37b0n0:36464:37607 [0] NCCL INFO GPU Direct RDMA Disabled for GPU 7000 / HCA 1 (distance 7 > 4)
x3001c0s37b0n0:36464:37811 [0] NCCL INFO New proxy send connection 14 from local rank 0, transport 2
x3001c0s37b0n0:36464:37607 [0] NCCL INFO Connection to proxy localRank 0 -> connection 0x15499c001000
x3001c0s37b0n0:36464:37607 [0] NCCL INFO Channel 02/0 : 8[7000] -> 13[46000] [send] via NET/IB/1
x3001c0s37b0n0:36464:37607 [0] NCCL INFO GPU Direct RDMA Disabled for GPU 7000 / HCA 0 (distance 7 > 4)
x3001c0s37b0n0:36466:37822 [2] NCCL INFO New proxy recv connection 14 from local rank 2, transport 0
x3001c0s37b0n0:36464:37811 [0] NCCL INFO New proxy send connection 15 from local rank 0, transport 2
x3001c0s37b0n0:36466:37609 [2] NCCL INFO Connection to proxy localRank 2 -> connection 0x1517b8001000
x3001c0s37b0n0:36466:37822 [2] NCCL INFO transport/p2p.cc:449 Cuda Alloc Size 6291456 pointer 0x15180dc00000
x3001c0s37b0n0:36464:37607 [0] NCCL INFO Connection to proxy localRank 0 -> connection 0x15499c001040
x3001c0s37b0n0:36464:37607 [0] NCCL INFO Channel 03/0 : 8[7000] -> 13[46000] [send] via NET/IB/0
x3001c0s37b0n0:36464:37811 [0] NCCL INFO transport/net_ib.cc:596 Ib Alloc Size 26560 pointer 0x15499c06c000
x3001c0s37b0n0:36464:37811 [0] NCCL INFO NET/IB: Dev 1 Port 1 qpn 29442 mtu 5 GID 0 (80FE/480000FEFF000000)
x3001c0s37b0n0:36464:37811 [0] NCCL INFO transport/net_ib.cc:653 Ib Alloc Size 552 pointer 0x15499c083000
x3001c0s37b0n0:36464:37811 [0] NCCL INFO transport/net.cc:571 Cuda Host Alloc Size 9641984 pointer 0x15498ea00000
x3001c0s37b0n0:36466:37822 [2] NCCL INFO New proxy recv connection 15 from local rank 2, transport 0
x3001c0s37b0n0:36464:37811 [0] NCCL INFO transport/net_ib.cc:596 Ib Alloc Size 26560 pointer 0x15499c085000
x3001c0s37b0n0:36464:37811 [0] NCCL INFO NET/IB: Dev 0 Port 1 qpn 29511 mtu 5 GID 0 (80FE/780000FEFF000000)
x3001c0s37b0n0:36464:37811 [0] NCCL INFO transport/net_ib.cc:653 Ib Alloc Size 552 pointer 0x15499c09c000
x3001c0s37b0n0:36464:37811 [0] NCCL INFO transport/net.cc:571 Cuda Host Alloc Size 9641984 pointer 0x15498f400000
x3001c0s37b0n0:36464:37607 [0] NCCL INFO GPU Direct RDMA Disabled for GPU 7000 / HCA 1 (distance 7 > 4)
x3001c0s37b0n0:36464:37811 [0] NCCL INFO New proxy send connection 16 from local rank 0, transport 2
x3001c0s37b0n0:36466:37609 [2] NCCL INFO Connection to proxy localRank 2 -> connection 0x1517b8001040
x3001c0s37b0n0:36466:37822 [2] NCCL INFO transport/p2p.cc:449 Cuda Alloc Size 6291456 pointer 0x15180e200000
x3001c0s37b0n0:36466:37609 [2] NCCL INFO Channel 00/0 : 10[85000] -> 9[46000] via P2P/IPC/read
x3001c0s37b0n0:36466:37822 [2] NCCL INFO New proxy send connection 16 from local rank 2, transport 0
x3001c0s37b0n0:36466:37609 [2] NCCL INFO Connection to proxy localRank 2 -> connection 0x1517b8001080
x3001c0s37b0n0:36464:37607 [0] NCCL INFO Connection to proxy localRank 0 -> connection 0x15499c001080
x3001c0s37b0n0:36464:37607 [0] NCCL INFO Channel 00/0 : 8[7000] -> 17[46000] [send] via NET/IB/1
x3001c0s37b0n0:36464:37607 [0] NCCL INFO GPU Direct RDMA Disabled for GPU 7000 / HCA 0 (distance 7 > 4)
x3001c0s37b0n0:36464:37811 [0] NCCL INFO New proxy send connection 17 from local rank 0, transport 2
x3001c0s37b0n0:36464:37607 [0] NCCL INFO Connection to proxy localRank 0 -> connection 0x15499c0010c0
x3001c0s37b0n0:36465:37817 [1] NCCL INFO transport/net_ib.cc:683 Ib Alloc Size 21688 pointer 0x1512cc0d2000
x3001c0s37b0n0:36465:37817 [1] NCCL INFO transport/net_ib.cc:696 Ib Alloc Size 552 pointer 0x1512cc019000
x3001c0s37b0n0:36464:37607 [0] NCCL INFO Channel 01/0 : 8[7000] -> 17[46000] [send] via NET/IB/0
x3001c0s37b0n0:36465:37817 [1] NCCL INFO transport/net_ib.cc:771 Ib Alloc Size 552 pointer 0x1512cc0f2000
x3001c0s37b0n0:36465:37817 [1] NCCL INFO transport/net.cc:698 Cuda Host Alloc Size 9641984 pointer 0x1512b4000000
x3001c0s37b0n0:36466:37822 [2] NCCL INFO transport/p2p.cc:430 Cuda Alloc Size 6291456 pointer 0x15180e800000
x3001c0s37b0n0:36464:37811 [0] NCCL INFO transport/net_ib.cc:596 Ib Alloc Size 26560 pointer 0x15499c0a8000
x3001c0s37b0n0:36465:37817 [1] NCCL INFO transport/net_ib.cc:683 Ib Alloc Size 21688 pointer 0x1512cc0f4000
x3001c0s37b0n0:36465:37817 [1] NCCL INFO transport/net_ib.cc:696 Ib Alloc Size 552 pointer 0x1512cc0fb000
x3001c0s37b0n0:36466:37609 [2] NCCL INFO Channel 01/0 : 10[85000] -> 9[46000] via P2P/IPC/read
x3001c0s37b0n0:36466:37822 [2] NCCL INFO New proxy send connection 17 from local rank 2, transport 0
x3001c0s37b0n0:36466:37609 [2] NCCL INFO Connection to proxy localRank 2 -> connection 0x1517b80010c0
x3001c0s37b0n0:36465:37817 [1] NCCL INFO transport/net_ib.cc:771 Ib Alloc Size 552 pointer 0x1512cc116000
x3001c0s37b0n0:36465:37817 [1] NCCL INFO transport/net.cc:698 Cuda Host Alloc Size 9641984 pointer 0x1512b4a00000
x3001c0s37b0n0:36464:37811 [0] NCCL INFO NET/IB: Dev 1 Port 1 qpn 29445 mtu 5 GID 0 (80FE/480000FEFF000000)
x3001c0s37b0n0:36464:37811 [0] NCCL INFO transport/net_ib.cc:653 Ib Alloc Size 552 pointer 0x15499c0bf000
x3001c0s37b0n0:36464:37811 [0] NCCL INFO transport/net.cc:571 Cuda Host Alloc Size 9641984 pointer 0x15498c000000
x3001c0s37b0n0:36466:37822 [2] NCCL INFO transport/p2p.cc:430 Cuda Alloc Size 6291456 pointer 0x15180ee00000
x3001c0s37b0n0:36466:37609 [2] NCCL INFO Channel 02/0 : 10[85000] -> 9[46000] via P2P/IPC/read
x3001c0s37b0n0:36466:37822 [2] NCCL INFO New proxy send connection 18 from local rank 2, transport 0
x3001c0s37b0n0:36464:37811 [0] NCCL INFO transport/net_ib.cc:596 Ib Alloc Size 26560 pointer 0x15499c0c1000
x3001c0s37b0n0:36465:37616 [1] NCCL INFO GPU Direct RDMA Disabled for GPU 46000 / HCA 1 (distance 6 > 4)
x3001c0s37b0n0:36464:37811 [0] NCCL INFO NET/IB: Dev 0 Port 1 qpn 29514 mtu 5 GID 0 (80FE/780000FEFF000000)
x3001c0s37b0n0:36464:37811 [0] NCCL INFO transport/net_ib.cc:653 Ib Alloc Size 552 pointer 0x15499c0d8000
x3001c0s37b0n0:36464:37811 [0] NCCL INFO transport/net.cc:571 Cuda Host Alloc Size 9641984 pointer 0x15498ca00000
x3001c0s37b0n0:36465:37817 [1] NCCL INFO New proxy send connection 18 from local rank 1, transport 2
x3001c0s37b0n0:36465:37616 [1] NCCL INFO Connection to proxy localRank 1 -> connection 0x1512cc001100
x3001c0s37b0n0:36465:37616 [1] NCCL INFO Channel 00/0 : 9[46000] -> 4[7000] [send] via NET/IB/1
x3001c0s37b0n0:36465:37616 [1] NCCL INFO GPU Direct RDMA Disabled for GPU 46000 / HCA 0 (distance 7 > 4)
x3001c0s37b0n0:36465:37817 [1] NCCL INFO New proxy send connection 19 from local rank 1, transport 2
x3001c0s37b0n0:36464:37607 [0] NCCL INFO GPU Direct RDMA Disabled for GPU 7000 / HCA 1 (distance 7 > 4)
x3001c0s37b0n0:36466:37609 [2] NCCL INFO Connection to proxy localRank 2 -> connection 0x1517b8001100
x3001c0s37b0n0:36465:37616 [1] NCCL INFO Connection to proxy localRank 1 -> connection 0x1512cc001140
x3001c0s37b0n0:36465:37616 [1] NCCL INFO Channel 01/0 : 9[46000] -> 4[7000] [send] via NET/IB/0
x3001c0s37b0n0:36466:37822 [2] NCCL INFO transport/p2p.cc:430 Cuda Alloc Size 6291456 pointer 0x15180f400000
x3001c0s37b0n0:36464:37811 [0] NCCL INFO New proxy recv connection 18 from local rank 0, transport 2
x3001c0s37b0n0:36466:37609 [2] NCCL INFO Channel 03/0 : 10[85000] -> 9[46000] via P2P/IPC/read
x3001c0s37b0n0:36466:37822 [2] NCCL INFO New proxy send connection 19 from local rank 2, transport 0
x3001c0s37b0n0:36464:37607 [0] NCCL INFO Connection to proxy localRank 0 -> connection 0x15499c001100
x3001c0s37b0n0:36465:37817 [1] NCCL INFO transport/net_ib.cc:596 Ib Alloc Size 26560 pointer 0x1512cc122000
x3001c0s37b0n0:36465:37817 [1] NCCL INFO NET/IB: Dev 1 Port 1 qpn 29446 mtu 5 GID 0 (80FE/480000FEFF000000)
x3001c0s37b0n0:36465:37817 [1] NCCL INFO transport/net_ib.cc:653 Ib Alloc Size 552 pointer 0x1512cc139000
x3001c0s37b0n0:36465:37817 [1] NCCL INFO transport/net.cc:571 Cuda Host Alloc Size 9641984 pointer 0x1512b5400000
x3001c0s37b0n0:36465:37817 [1] NCCL INFO transport/net_ib.cc:596 Ib Alloc Size 26560 pointer 0x1512cc13b000
x3001c0s37b0n0:36466:37609 [2] NCCL INFO Connection to proxy localRank 2 -> connection 0x1517b8001140
x3001c0s37b0n0:36466:37822 [2] NCCL INFO transport/p2p.cc:430 Cuda Alloc Size 6291456 pointer 0x15180fa00000
x3001c0s37b0n0:36464:37607 [0] NCCL INFO Channel 00/0 : 17[46000] -> 8[7000] [receive] via NET/IB/1
x3001c0s37b0n0:36464:37607 [0] NCCL INFO GPU Direct RDMA Disabled for GPU 7000 / HCA 0 (distance 7 > 4)
x3001c0s37b0n0:36464:37811 [0] NCCL INFO New proxy recv connection 19 from local rank 0, transport 2
x3001c0s37b0n0:36465:37817 [1] NCCL INFO NET/IB: Dev 0 Port 1 qpn 29515 mtu 5 GID 0 (80FE/780000FEFF000000)
x3001c0s37b0n0:36465:37817 [1] NCCL INFO transport/net_ib.cc:653 Ib Alloc Size 552 pointer 0x1512cc152000
x3001c0s37b0n0:36465:37817 [1] NCCL INFO transport/net.cc:571 Cuda Host Alloc Size 9641984 pointer 0x1512b2000000
x3001c0s37b0n0:36467:37608 [3] NCCL INFO Connected all trees by HAO
x3001c0s37b0n0:36467:37608 [3] NCCL INFO threadThresholds 8/8/64 | 160/8/64 | 512 | 512
x3001c0s37b0n0:36467:37608 [3] NCCL INFO 4 coll channels, 4 p2p channels, 2 p2p channels per peer
x3001c0s37b0n0:36467:37830 [3] NCCL INFO New proxy send connection 12 from local rank 3, transport 2
x3001c0s37b0n0:36465:37817 [1] NCCL INFO New proxy recv connection 20 from local rank 1, transport 0
x3001c0s37b0n0:36464:37607 [0] NCCL INFO Connection to proxy localRank 0 -> connection 0x15499c001140
x3001c0s37b0n0:36465:37616 [1] NCCL INFO Connection to proxy localRank 1 -> connection 0x1512cc001180
x3001c0s37b0n0:36465:37817 [1] NCCL INFO transport/p2p.cc:449 Cuda Alloc Size 6291456 pointer 0x1512b2a00000
x3001c0s37b0n0:36467:37608 [3] NCCL INFO Connection to proxy localRank 3 -> connection 0x149d88000f80
x3001c0s37b0n0:36467:37830 [3] NCCL INFO transport/net.cc:376 Cuda Alloc Size 8388608 pointer 0x149d74600000
x3001c0s37b0n0:36464:37607 [0] NCCL INFO Channel 01/0 : 17[46000] -> 8[7000] [receive] via NET/IB/0
x3001c0s37b0n0:36464:37811 [0] NCCL INFO transport/net_ib.cc:683 Ib Alloc Size 21688 pointer 0x15499c0e4000
x3001c0s37b0n0:36464:37811 [0] NCCL INFO transport/net_ib.cc:696 Ib Alloc Size 552 pointer 0x15499c0eb000
x3001c0s37b0n0:36464:37811 [0] NCCL INFO transport/net_ib.cc:771 Ib Alloc Size 552 pointer 0x15499c107000
x3001c0s37b0n0:36464:37811 [0] NCCL INFO transport/net.cc:698 Cuda Host Alloc Size 9641984 pointer 0x15498d400000
x3001c0s37b0n0:36465:37817 [1] NCCL INFO New proxy recv connection 21 from local rank 1, transport 0
x3001c0s37b0n0:36464:37811 [0] NCCL INFO transport/net_ib.cc:683 Ib Alloc Size 21688 pointer 0x15499c109000
x3001c0s37b0n0:36464:37811 [0] NCCL INFO transport/net_ib.cc:696 Ib Alloc Size 552 pointer 0x15499c110000
x3001c0s37b0n0:36464:37811 [0] NCCL INFO transport/net_ib.cc:771 Ib Alloc Size 552 pointer 0x15499c12b000
x3001c0s37b0n0:36464:37811 [0] NCCL INFO transport/net.cc:698 Cuda Host Alloc Size 9641984 pointer 0x15498a000000
x3001c0s37b0n0:36465:37616 [1] NCCL INFO Connection to proxy localRank 1 -> connection 0x1512cc0011c0
x3001c0s37b0n0:36465:37817 [1] NCCL INFO transport/p2p.cc:449 Cuda Alloc Size 6291456 pointer 0x1512b3000000
x3001c0s37b0n0:36464:37607 [0] NCCL INFO GPU Direct RDMA Disabled for GPU 7000 / HCA 1 (distance 7 > 4)
x3001c0s37b0n0:36464:37811 [0] NCCL INFO New proxy recv connection 20 from local rank 0, transport 2
x3001c0s37b0n0:36465:37817 [1] NCCL INFO New proxy recv connection 22 from local rank 1, transport 0
x3001c0s37b0n0:36465:37616 [1] NCCL INFO Connection to proxy localRank 1 -> connection 0x1512cc001200
x3001c0s37b0n0:36465:37817 [1] NCCL INFO transport/p2p.cc:449 Cuda Alloc Size 6291456 pointer 0x1512b3600000
x3001c0s37b0n0:36464:37607 [0] NCCL INFO Connection to proxy localRank 0 -> connection 0x15499c001180
x3001c0s37b0n0:36464:37607 [0] NCCL INFO Channel 02/0 : 13[46000] -> 8[7000] [receive] via NET/IB/1
x3001c0s37b0n0:36464:37607 [0] NCCL INFO GPU Direct RDMA Disabled for GPU 7000 / HCA 0 (distance 7 > 4)
x3001c0s37b0n0:36465:37817 [1] NCCL INFO New proxy recv connection 23 from local rank 1, transport 0
x3001c0s37b0n0:36464:37811 [0] NCCL INFO New proxy recv connection 21 from local rank 0, transport 2
x3001c0s37b0n0:36465:37616 [1] NCCL INFO Connection to proxy localRank 1 -> connection 0x1512cc001240
x3001c0s37b0n0:36465:37817 [1] NCCL INFO transport/p2p.cc:449 Cuda Alloc Size 6291456 pointer 0x1512b0000000
x3001c0s37b0n0:36465:37616 [1] NCCL INFO Connected all trees by HAO
x3001c0s37b0n0:36465:37616 [1] NCCL INFO threadThresholds 8/8/64 | 160/8/64 | 512 | 512
x3001c0s37b0n0:36465:37616 [1] NCCL INFO 4 coll channels, 4 p2p channels, 2 p2p channels per peer
x3001c0s37b0n0:36465:37817 [1] NCCL INFO New proxy send connection 24 from local rank 1, transport 2
x3001c0s37b0n0:36466:37609 [2] NCCL INFO Connected all trees by HAO
x3001c0s37b0n0:36466:37609 [2] NCCL INFO threadThresholds 8/8/64 | 160/8/64 | 512 | 512
x3001c0s37b0n0:36466:37609 [2] NCCL INFO 4 coll channels, 4 p2p channels, 2 p2p channels per peer
x3001c0s37b0n0:36466:37822 [2] NCCL INFO Allocated 4194656 bytes of shared memory in /dev/shm/nccl-P2ScAz

x3001c0s37b0n0:36466:37822 [2] NCCL INFO New proxy send connection 20 from local rank 2, transport 2
x3001c0s37b0n0:36464:37607 [0] NCCL INFO Connection to proxy localRank 0 -> connection 0x15499c0011c0
x3001c0s37b0n0:36466:37609 [2] NCCL INFO Connection to proxy localRank 2 -> connection 0x1517b8001180
x3001c0s37b0n0:36466:37822 [2] NCCL INFO transport/net.cc:376 Cuda Alloc Size 8388608 pointer 0x151813000000
x3001c0s37b0n0:36465:37616 [1] NCCL INFO Connection to proxy localRank 1 -> connection 0x1512cc001280
x3001c0s37b0n0:36465:37817 [1] NCCL INFO transport/net.cc:376 Cuda Alloc Size 8388608 pointer 0x1512ae000000
x3001c0s37b0n0:36464:37607 [0] NCCL INFO Channel 03/0 : 13[46000] -> 8[7000] [receive] via NET/IB/0
x3001c0s37b0n0:36464:37811 [0] NCCL INFO transport/net_ib.cc:683 Ib Alloc Size 21688 pointer 0x15499c137000
x3001c0s37b0n0:36464:37811 [0] NCCL INFO transport/net_ib.cc:696 Ib Alloc Size 552 pointer 0x15499c13e000
x3001c0s37b0n0:36464:37811 [0] NCCL INFO transport/net_ib.cc:771 Ib Alloc Size 552 pointer 0x15499c159000
x3001c0s37b0n0:36464:37811 [0] NCCL INFO transport/net.cc:698 Cuda Host Alloc Size 9641984 pointer 0x15498aa00000
x3001c0s37b0n0:36464:37811 [0] NCCL INFO transport/net_ib.cc:683 Ib Alloc Size 21688 pointer 0x15499c15b000
x3001c0s37b0n0:36464:37811 [0] NCCL INFO transport/net_ib.cc:696 Ib Alloc Size 552 pointer 0x15499c162000
x3001c0s37b0n0:36464:37811 [0] NCCL INFO transport/net_ib.cc:771 Ib Alloc Size 552 pointer 0x15499c17d000
x3001c0s37b0n0:36464:37811 [0] NCCL INFO transport/net.cc:698 Cuda Host Alloc Size 9641984 pointer 0x15498b400000
x3001c0s37b0n0:36464:37607 [0] NCCL INFO GPU Direct RDMA Disabled for GPU 7000 / HCA 1 (distance 7 > 4)
x3001c0s37b0n0:36464:37811 [0] NCCL INFO New proxy recv connection 22 from local rank 0, transport 2
x3001c0s37b0n0:36464:37607 [0] NCCL INFO Connection to proxy localRank 0 -> connection 0x15499c001200
x3001c0s37b0n0:36464:37607 [0] NCCL INFO Channel 00/0 : 12[7000] -> 8[7000] [receive] via NET/IB/1
x3001c0s37b0n0:36464:37607 [0] NCCL INFO GPU Direct RDMA Disabled for GPU 7000 / HCA 0 (distance 7 > 4)
x3001c0s37b0n0:36464:37811 [0] NCCL INFO New proxy recv connection 23 from local rank 0, transport 2
x3001c0s37b0n0:36464:37607 [0] NCCL INFO Connection to proxy localRank 0 -> connection 0x15499c001240
x3001c0s37b0n0:36464:37607 [0] NCCL INFO Channel 01/0 : 12[7000] -> 8[7000] [receive] via NET/IB/0
x3001c0s37b0n0:36464:37811 [0] NCCL INFO transport/net_ib.cc:683 Ib Alloc Size 21688 pointer 0x15499c189000
x3001c0s37b0n0:36464:37811 [0] NCCL INFO transport/net_ib.cc:696 Ib Alloc Size 552 pointer 0x15499c190000
x3001c0s37b0n0:36464:37811 [0] NCCL INFO transport/net_ib.cc:771 Ib Alloc Size 552 pointer 0x15499c1ab000
x3001c0s37b0n0:36464:37811 [0] NCCL INFO transport/net.cc:698 Cuda Host Alloc Size 9641984 pointer 0x154988000000
x3001c0s37b0n0:36464:37811 [0] NCCL INFO transport/net_ib.cc:683 Ib Alloc Size 21688 pointer 0x15499c1ad000
x3001c0s37b0n0:36464:37811 [0] NCCL INFO transport/net_ib.cc:696 Ib Alloc Size 552 pointer 0x15499c1b4000
x3001c0s37b0n0:36464:37811 [0] NCCL INFO transport/net_ib.cc:771 Ib Alloc Size 552 pointer 0x15499c1cf000
x3001c0s37b0n0:36464:37811 [0] NCCL INFO transport/net.cc:698 Cuda Host Alloc Size 9641984 pointer 0x154988a00000
x3001c0s37b0n0:36464:37607 [0] NCCL INFO Connected all trees by HAO
x3001c0s37b0n0:36464:37607 [0] NCCL INFO threadThresholds 8/8/64 | 160/8/64 | 512 | 512
x3001c0s37b0n0:36464:37607 [0] NCCL INFO 4 coll channels, 4 p2p channels, 2 p2p channels per peer
x3001c0s37b0n0:36464:37811 [0] NCCL INFO New proxy send connection 24 from local rank 0, transport 2
x3001c0s37b0n0:36464:37607 [0] NCCL INFO Connection to proxy localRank 0 -> connection 0x15499c001280
x3001c0s37b0n0:36464:37607 [0] NCCL INFO init.cc:367 Cuda Alloc Size 5168 pointer 0x1549ab808800
x3001c0s37b0n0:36466:37609 [2] NCCL INFO init.cc:367 Cuda Alloc Size 5168 pointer 0x151803e08800
x3001c0s37b0n0:36465:37616 [1] NCCL INFO init.cc:367 Cuda Alloc Size 5168 pointer 0x1512d1808800
x3001c0s37b0n0:36467:37608 [3] NCCL INFO init.cc:367 Cuda Alloc Size 5168 pointer 0x149d8d808800
x3001c0s37b0n0:36467:37608 [3] NCCL INFO init.cc:392 Cuda Host Alloc Size 33554432 pointer 0x149d72000000
x3001c0s37b0n0:36467:37608 [3] NCCL INFO init.cc:398 Cuda Host Alloc Size 128 pointer 0x149d8ce00200
x3001c0s37b0n0:36467:37608 [3] NCCL INFO comm 0x55bb8a4b86f0 rank 11 nranks 20 cudaDev 3 busId c7000 - Init COMPLETE
x3001c0s37b0n0:36466:37609 [2] NCCL INFO init.cc:392 Cuda Host Alloc Size 33554432 pointer 0x151813800000
x3001c0s37b0n0:36466:37609 [2] NCCL INFO init.cc:398 Cuda Host Alloc Size 128 pointer 0x151803400200
x3001c0s37b0n0:36466:37609 [2] NCCL INFO comm 0x556b6e4bf730 rank 10 nranks 20 cudaDev 2 busId 85000 - Init COMPLETE
x3001c0s37b0n0:36465:37616 [1] NCCL INFO init.cc:392 Cuda Host Alloc Size 33554432 pointer 0x1512ac000000
x3001c0s37b0n0:36465:37616 [1] NCCL INFO init.cc:398 Cuda Host Alloc Size 128 pointer 0x1512d0e00200
x3001c0s37b0n0:36465:37616 [1] NCCL INFO comm 0x55959f1fc300 rank 9 nranks 20 cudaDev 1 busId 46000 - Init COMPLETE
x3001c0s37b0n0:36464:37607 [0] NCCL INFO init.cc:392 Cuda Host Alloc Size 33554432 pointer 0x154986000000
x3001c0s37b0n0:36464:37607 [0] NCCL INFO init.cc:398 Cuda Host Alloc Size 128 pointer 0x1549aae00200
x3001c0s37b0n0:36464:37607 [0] NCCL INFO comm 0x5588d0cbb430 rank 8 nranks 20 cudaDev 0 busId 7000 - Init COMPLETE
x3001c0s37b0n0:36464:37811 [0] NCCL INFO transport/net.cc:376 Cuda Alloc Size 8388608 pointer 0x154989400000
x3001c0s37b0n0:36467:36467 [3] NCCL INFO AllReduce: opCount 0 sendbuff 0x149dcf600200 recvbuff 0x149dcf600200 count 1 datatype 1 op 0 root 0 comm 0x55bb8a4b86f0 [nranks=20] stream 0x55bba48f7bb0
x3001c0s37b0n0:36467:36467 [3] NCCL INFO misc/utils.cc:235 memory stack hunk malloc(65536)
[LYD INFO in ncclLaunchKernel (enqueue.cc)] NCHANNELS is: 4x3001c0s37b0n0:36464:36464 [0] NCCL INFO AllReduce: opCount 0 sendbuff 0x1549eb600200 recvbuff 0x1549eb600200 count 1 datatype 1 op 0 root 0 comm 0x5588d0cbb430 [nranks=20] stream 0x5588d3f6bdf0
x3001c0s37b0n0:36464:36464 [0] NCCL INFO misc/utils.cc:235 memory stack hunk malloc(65536)
[LYD INFO in ncclLaunchKernel (enqueue.cc)] NCHANNELS is: 4x3001c0s37b0n0:36466:36466 [2] NCCL INFO AllReduce: opCount 0 sendbuff 0x1517ff400200 recvbuff 0x1517ff400200 count 1 datatype 1 op 0 root 0 comm 0x556b6e4bf730 [nranks=20] stream 0x556b89195370
x3001c0s37b0n0:36466:36466 [2] NCCL INFO misc/utils.cc:235 memory stack hunk malloc(65536)
[LYD INFO in ncclLaunchKernel (enqueue.cc)] NCHANNELS is: 4x3001c0s37b0n0:36465:36465 [1] NCCL INFO AllReduce: opCount 0 sendbuff 0x151313600200 recvbuff 0x151313600200 count 1 datatype 1 op 0 root 0 comm 0x55959f1fc300 [nranks=20] stream 0x5595b9c28770
x3001c0s37b0n0:36465:36465 [1] NCCL INFO misc/utils.cc:235 memory stack hunk malloc(65536)
[LYD INFO in ncclLaunchKernel (enqueue.cc)] NCHANNELS is: 4
[LYD INFO in NCCL_KERN_NAME (common.h)] 9 AllReduce TREE LL Sum uint8_t Elapsed time: 267221 us

[LYD INFO in NCCL_KERN_NAME (common.h)] 8 AllReduce TREE LL Sum uint8_t Elapsed time: 287143 us

[LYD INFO in NCCL_KERN_NAME (common.h)] 11 AllReduce TREE LL Sum uint8_t Elapsed time: 315548 us

[LYD INFO in NCCL_KERN_NAME (common.h)] 10 AllReduce TREE LL Sum uint8_t Elapsed time: 252305 us
x3001c0s37b0n0:36467:36467 [3] NCCL INFO AllReduce: opCount 1 sendbuff 0x149dcf600000 recvbuff 0x149dcf600000 count 1 datatype 1 op 0 root 0 comm 0x55bb8a4b86f0 [nranks=20] stream 0x55bba48f7bb0
[LYD INFO in ncclLaunchKernel (enqueue.cc)] NCHANNELS is: 4x3001c0s37b0n0:36465:36465 [1] NCCL INFO AllReduce: opCount 1 sendbuff 0x151313600000 recvbuff 0x151313600000 count 1 datatype 1 op 0 root 0 comm 0x55959f1fc300 [nranks=20] stream 0x5595b9c28770
[LYD INFO in ncclLaunchKernel (enqueue.cc)] NCHANNELS is: 4x3001c0s37b0n0:36464:36464 [0] NCCL INFO AllReduce: opCount 1 sendbuff 0x1549eb600000 recvbuff 0x1549eb600000 count 1 datatype 1 op 0 root 0 comm 0x5588d0cbb430 [nranks=20] stream 0x5588d3f6bdf0
[LYD INFO in ncclLaunchKernel (enqueue.cc)] NCHANNELS is: 4x3001c0s37b0n0:36466:36466 [2] NCCL INFO AllReduce: opCount 1 sendbuff 0x1517ff400000 recvbuff 0x1517ff400000 count 1 datatype 1 op 0 root 0 comm 0x556b6e4bf730 [nranks=20] stream 0x556b89195370
[LYD INFO in ncclLaunchKernel (enqueue.cc)] NCHANNELS is: 4
[LYD INFO in NCCL_KERN_NAME (common.h)] 11 AllReduce TREE LL Sum uint8_t Elapsed time: 2184379 us

[LYD INFO in NCCL_KERN_NAME (common.h)] 8 AllReduce TREE LL Sum uint8_t Elapsed time: 805817 us

[LYD INFO in NCCL_KERN_NAME (common.h)] 10 AllReduce TREE LL Sum uint8_t Elapsed time: 731462 us

[LYD INFO in NCCL_KERN_NAME (common.h)] 9 AllReduce TREE LL Sum uint8_t Elapsed time: 1429958 us
x3001c0s37b0n0:36466:36466 [2] NCCL INFO AllReduce: opCount 2 sendbuff 0x1517ff400000 recvbuff 0x1517ff400000 count 1 datatype 8 op 3 root 0 comm 0x556b6e4bf730 [nranks=20] stream 0x556b89195370
[LYD INFO in ncclLaunchKernel (enqueue.cc)] NCHANNELS is: 4x3001c0s37b0n0:36467:36467 [3] NCCL INFO AllReduce: opCount 2 sendbuff 0x149dcf600000 recvbuff 0x149dcf600000 count 1 datatype 8 op 3 root 0 comm 0x55bb8a4b86f0 [nranks=20] stream 0x55bba48f7bb0
[LYD INFO in ncclLaunchKernel (enqueue.cc)] NCHANNELS is: 4x3001c0s37b0n0:36465:36465 [1] NCCL INFO AllReduce: opCount 2 sendbuff 0x151313600000 recvbuff 0x151313600000 count 1 datatype 8 op 3 root 0 comm 0x55959f1fc300 [nranks=20] stream 0x5595b9c28770
[LYD INFO in ncclLaunchKernel (enqueue.cc)] NCHANNELS is: 4x3001c0s37b0n0:36464:36464 [0] NCCL INFO AllReduce: opCount 2 sendbuff 0x1549eb600000 recvbuff 0x1549eb600000 count 1 datatype 8 op 3 root 0 comm 0x5588d0cbb430 [nranks=20] stream 0x5588d3f6bdf0
[LYD INFO in ncclLaunchKernel (enqueue.cc)] NCHANNELS is: 4
[LYD INFO in NCCL_FUNC_NAME (common.h)] 11 AllReduce TREE LL Min double Elapsed time: 4 us

[LYD INFO in NCCL_FUNC_NAME (common.h)] 8 AllReduce TREE LL Min double Elapsed time: 356 us

[LYD INFO in NCCL_FUNC_NAME (common.h)] 9 AllReduce TREE LL Min double Elapsed time: 2906 us

[LYD INFO in NCCL_FUNC_NAME (common.h)] 10 AllReduce TREE LL Min double Elapsed time: 12263 us

[LYD INFO in NCCL_KERN_NAME (common.h)] 9 AllReduce TREE LL Sum double Elapsed time: 110874 us
x3001c0s37b0n0:36465:36465 [1] NCCL INFO AllReduce: opCount 3 sendbuff 0x151313600200 recvbuff 0x151313600200 count 1 datatype 1 op 0 root 0 comm 0x55959f1fc300 [nranks=20] stream 0x5595b9c28770
[LYD INFO in ncclLaunchKernel (enqueue.cc)] NCHANNELS is: 4
[LYD INFO in NCCL_KERN_NAME (common.h)] 8 AllReduce TREE LL Sum double Elapsed time: 99336 us
x3001c0s37b0n0:36464:36464 [0] NCCL INFO AllReduce: opCount 3 sendbuff 0x1549eb600200 recvbuff 0x1549eb600200 count 1 datatype 1 op 0 root 0 comm 0x5588d0cbb430 [nranks=20] stream 0x5588d3f6bdf0
[LYD INFO in ncclLaunchKernel (enqueue.cc)] NCHANNELS is: 4
[LYD INFO in NCCL_KERN_NAME (common.h)] 10 AllReduce TREE LL Sum double Elapsed time: 140231 us
x3001c0s37b0n0:36466:36466 [2] NCCL INFO AllReduce: opCount 3 sendbuff 0x1517ff400200 recvbuff 0x1517ff400200 count 1 datatype 1 op 0 root 0 comm 0x556b6e4bf730 [nranks=20] stream 0x556b89195370
[LYD INFO in ncclLaunchKernel (enqueue.cc)] NCHANNELS is: 4
[LYD INFO in NCCL_KERN_NAME (common.h)] 11 AllReduce TREE LL Sum double Elapsed time: 119044 us
x3001c0s37b0n0:36467:36467 [3] NCCL INFO AllReduce: opCount 3 sendbuff 0x149dcf600200 recvbuff 0x149dcf600200 count 1 datatype 1 op 0 root 0 comm 0x55bb8a4b86f0 [nranks=20] stream 0x55bba48f7bb0
[LYD INFO in ncclLaunchKernel (enqueue.cc)] NCHANNELS is: 4
[LYD INFO in NCCL_KERN_NAME (common.h)] 9 AllReduce TREE LL Sum uint8_t Elapsed time: 54800 us

[LYD INFO in NCCL_KERN_NAME (common.h)] 11 AllReduce TREE LL Sum uint8_t Elapsed time: 10155 us

[LYD INFO in NCCL_KERN_NAME (common.h)] 8 AllReduce TREE LL Sum uint8_t Elapsed time: 45226 us

[LYD INFO in NCCL_KERN_NAME (common.h)] 10 AllReduce TREE LL Sum uint8_t Elapsed time: 28670 us
x3001c0s37b0n0:36467:36467 [3] NCCL INFO AllReduce: opCount 4 sendbuff 0x149dcf600400 recvbuff 0x149dcf600400 count 1 datatype 1 op 0 root 0 comm 0x55bb8a4b86f0 [nranks=20] stream 0x55bba48f7bb0
[LYD INFO in ncclLaunchKernel (enqueue.cc)] NCHANNELS is: 4x3001c0s37b0n0:36465:36465 [1] NCCL INFO AllReduce: opCount 4 sendbuff 0x151313600400 recvbuff 0x151313600400 count 1 datatype 1 op 0 root 0 comm 0x55959f1fc300 [nranks=20] stream 0x5595b9c28770
[LYD INFO in ncclLaunchKernel (enqueue.cc)] NCHANNELS is: 4x3001c0s37b0n0:36466:36466 [2] NCCL INFO AllReduce: opCount 4 sendbuff 0x1517ff400400 recvbuff 0x1517ff400400 count 1 datatype 1 op 0 root 0 comm 0x556b6e4bf730 [nranks=20] stream 0x556b89195370
[LYD INFO in ncclLaunchKernel (enqueue.cc)] NCHANNELS is: 4x3001c0s37b0n0:36464:36464 [0] NCCL INFO AllReduce: opCount 4 sendbuff 0x1549eb600400 recvbuff 0x1549eb600400 count 1 datatype 1 op 0 root 0 comm 0x5588d0cbb430 [nranks=20] stream 0x5588d3f6bdf0
[LYD INFO in ncclLaunchKernel (enqueue.cc)] NCHANNELS is: 4
[LYD INFO in NCCL_KERN_NAME (common.h)] 11 AllReduce TREE LL Sum uint8_t Elapsed time: 67236 us
x3001c0s37b0n0:36467:36467 [3] NCCL INFO AllReduce: opCount 5 sendbuff 0x149dcf7ffc00 recvbuff 0x149dcf7ffc00 count 1 datatype 1 op 0 root 0 comm 0x55bb8a4b86f0 [nranks=20] stream 0x55bba48f7bb0
[LYD INFO in ncclLaunchKernel (enqueue.cc)] NCHANNELS is: 4
[LYD INFO in NCCL_KERN_NAME (common.h)] 9 AllReduce TREE LL Sum uint8_t Elapsed time: 57556 us
x3001c0s37b0n0:36465:36465 [1] NCCL INFO AllReduce: opCount 5 sendbuff 0x1513137ffc00 recvbuff 0x1513137ffc00 count 1 datatype 1 op 0 root 0 comm 0x55959f1fc300 [nranks=20] stream 0x5595b9c28770
[LYD INFO in ncclLaunchKernel (enqueue.cc)] NCHANNELS is: 4
[LYD INFO in NCCL_KERN_NAME (common.h)] 8 AllReduce TREE LL Sum uint8_t Elapsed time: 27377 us

[LYD INFO in NCCL_KERN_NAME (common.h)] 10 AllReduce TREE LL Sum uint8_t Elapsed time: 38362 us
x3001c0s37b0n0:36466:36466 [2] NCCL INFO AllReduce: opCount 5 sendbuff 0x1517ff5ffc00 recvbuff 0x1517ff5ffc00 count 1 datatype 1 op 0 root 0 comm 0x556b6e4bf730 [nranks=20] stream 0x556b89195370
[LYD INFO in ncclLaunchKernel (enqueue.cc)] NCHANNELS is: 4x3001c0s37b0n0:36464:36464 [0] NCCL INFO AllReduce: opCount 5 sendbuff 0x1549eb7ffc00 recvbuff 0x1549eb7ffc00 count 1 datatype 1 op 0 root 0 comm 0x5588d0cbb430 [nranks=20] stream 0x5588d3f6bdf0
[LYD INFO in ncclLaunchKernel (enqueue.cc)] NCHANNELS is: 4
[LYD INFO in NCCL_KERN_NAME (common.h)] 11 AllReduce TREE LL Sum uint8_t Elapsed time: 91570 us
x3001c0s37b0n0:36467:36467 [3] NCCL INFO AllReduce: opCount 6 sendbuff 0x149dcf600400 recvbuff 0x149dcf600400 count 1 datatype 1 op 0 root 0 comm 0x55bb8a4b86f0 [nranks=20] stream 0x55bba48f7bb0
[LYD INFO in ncclLaunchKernel (enqueue.cc)] NCHANNELS is: 4
[LYD INFO in NCCL_KERN_NAME (common.h)] 8 AllReduce TREE LL Sum uint8_t Elapsed time: 65283 us
x3001c0s37b0n0:36464:36464 [0] NCCL INFO AllReduce: opCount 6 sendbuff 0x1549eb600400 recvbuff 0x1549eb600400 count 1 datatype 1 op 0 root 0 comm 0x5588d0cbb430 [nranks=20] stream 0x5588d3f6bdf0
[LYD INFO in ncclLaunchKernel (enqueue.cc)] NCHANNELS is: 4
[LYD INFO in NCCL_KERN_NAME (common.h)] 9 AllReduce TREE LL Sum uint8_t Elapsed time: 87714 us

[LYD INFO in NCCL_KERN_NAME (common.h)] 10 AllReduce TREE LL Sum uint8_t Elapsed time: 70422 us
x3001c0s37b0n0:36466:36466 [2] NCCL INFO AllReduce: opCount 6 sendbuff 0x1517ff400400 recvbuff 0x1517ff400400 count 1 datatype 1 op 0 root 0 comm 0x556b6e4bf730 [nranks=20] stream 0x556b89195370
[LYD INFO in ncclLaunchKernel (enqueue.cc)] NCHANNELS is: 4x3001c0s37b0n0:36465:36465 [1] NCCL INFO AllReduce: opCount 6 sendbuff 0x151313600400 recvbuff 0x151313600400 count 1 datatype 1 op 0 root 0 comm 0x55959f1fc300 [nranks=20] stream 0x5595b9c28770
[LYD INFO in ncclLaunchKernel (enqueue.cc)] NCHANNELS is: 4
[LYD INFO in NCCL_KERN_NAME (common.h)] 9 AllReduce TREE LL Sum uint8_t Elapsed time: 10702 us

[LYD INFO in NCCL_KERN_NAME (common.h)] 11 AllReduce TREE LL Sum uint8_t Elapsed time: 122162 us

[LYD INFO in NCCL_KERN_NAME (common.h)] 8 AllReduce TREE LL Sum uint8_t Elapsed time: 113680 us

[LYD INFO in NCCL_KERN_NAME (common.h)] 10 AllReduce TREE LL Sum uint8_t Elapsed time: 29276 us
x3001c0s37b0n0:36465:36465 [1] NCCL INFO init.cc:1147 Cuda Host Alloc Size 4 pointer 0x1512d0e00400
x3001c0s37b0n0:36466:36466 [2] NCCL INFO init.cc:1147 Cuda Host Alloc Size 4 pointer 0x151803400400
x3001c0s37b0n0:36467:36467 [3] NCCL INFO init.cc:1147 Cuda Host Alloc Size 4 pointer 0x149d8ce00400
x3001c0s37b0n0:36464:36464 [0] NCCL INFO init.cc:1147 Cuda Host Alloc Size 4 pointer 0x1549aae00400
x3001c0s37b0n0:36465:40002 [1] NCCL INFO Using network IB
x3001c0s37b0n0:36466:40004 [2] NCCL INFO Using network IB
x3001c0s37b0n0:36467:40007 [3] NCCL INFO Using network IB
x3001c0s37b0n0:36464:40008 [0] NCCL INFO Using network IB
x3001c0s37b0n0:36464:40008 [0] NCCL INFO NET/IB : GPU Direct RDMA Enabled for HCA 0 'mlx5_0'
x3001c0s37b0n0:36464:40008 [0] NCCL INFO NET/IB : GPU Direct RDMA Enabled for HCA 1 'mlx5_1'
x3001c0s37b0n0:36464:40008 [0] NCCL INFO GPU Direct RDMA Disabled for GPU 7000 / HCA 1 (distance 7 > 4)
x3001c0s37b0n0:36464:40008 [0] NCCL INFO GPU Direct RDMA Disabled for GPU 46000 / HCA 1 (distance 6 > 4)
x3001c0s37b0n0:36464:40008 [0] NCCL INFO GPU Direct RDMA Disabled for GPU 85000 / HCA 1 (distance 7 > 4)
x3001c0s37b0n0:36464:40008 [0] NCCL INFO GPU Direct RDMA Disabled for GPU c7000 / HCA 1 (distance 7 > 4)
x3001c0s37b0n0:36464:40008 [0] NCCL INFO GPU Direct RDMA Disabled for GPU 7000 / HCA 0 (distance 7 > 4)
x3001c0s37b0n0:36464:40008 [0] NCCL INFO GPU Direct RDMA Disabled for GPU 46000 / HCA 0 (distance 7 > 4)
x3001c0s37b0n0:36464:40008 [0] NCCL INFO GPU Direct RDMA Disabled for GPU 85000 / HCA 0 (distance 7 > 4)
x3001c0s37b0n0:36464:40008 [0] NCCL INFO GPU Direct RDMA Disabled for GPU c7000 / HCA 0 (distance 6 > 4)
x3001c0s37b0n0:36464:40008 [0] NCCL INFO GPU Direct RDMA Disabled for GPU 7000 / HCA 1 (distance 7 > 4)
x3001c0s37b0n0:36464:40008 [0] NCCL INFO GPU Direct RDMA Disabled for GPU 46000 / HCA 1 (distance 6 > 4)
x3001c0s37b0n0:36464:40008 [0] NCCL INFO GPU Direct RDMA Disabled for GPU 85000 / HCA 1 (distance 7 > 4)
x3001c0s37b0n0:36464:40008 [0] NCCL INFO GPU Direct RDMA Disabled for GPU c7000 / HCA 1 (distance 7 > 4)
x3001c0s37b0n0:36464:40008 [0] NCCL INFO GPU Direct RDMA Disabled for GPU 7000 / HCA 0 (distance 7 > 4)
x3001c0s37b0n0:36464:40008 [0] NCCL INFO GPU Direct RDMA Disabled for GPU 46000 / HCA 0 (distance 7 > 4)
x3001c0s37b0n0:36464:40008 [0] NCCL INFO GPU Direct RDMA Disabled for GPU 85000 / HCA 0 (distance 7 > 4)
x3001c0s37b0n0:36464:40008 [0] NCCL INFO GPU Direct RDMA Disabled for GPU c7000 / HCA 0 (distance 6 > 4)
x3001c0s37b0n0:36464:40008 [0] NCCL INFO === System : maxBw 12.0 totalBw 264.0 ===
x3001c0s37b0n0:36464:40008 [0] NCCL INFO CPU/3 (1/2/-1)
x3001c0s37b0n0:36464:40008 [0] NCCL INFO + SYS[5000.0] - CPU/2
x3001c0s37b0n0:36464:40008 [0] NCCL INFO + SYS[5000.0] - CPU/1
x3001c0s37b0n0:36464:40008 [0] NCCL INFO + SYS[5000.0] - CPU/0
x3001c0s37b0n0:36464:40008 [0] NCCL INFO + PCI[24.0] - PCI/5000 (11f8406811f8beef)
x3001c0s37b0n0:36464:40008 [0] NCCL INFO               + PCI[24.0] - GPU/7000 (8)
x3001c0s37b0n0:36464:40008 [0] NCCL INFO                             + NVL[88.0] - GPU/85000
x3001c0s37b0n0:36464:40008 [0] NCCL INFO                             + NVL[88.0] - GPU/C7000
x3001c0s37b0n0:36464:40008 [0] NCCL INFO                             + NVL[88.0] - GPU/46000
x3001c0s37b0n0:36464:40008 [0] NCCL INFO CPU/2 (1/2/-1)
x3001c0s37b0n0:36464:40008 [0] NCCL INFO + SYS[5000.0] - CPU/3
x3001c0s37b0n0:36464:40008 [0] NCCL INFO + SYS[5000.0] - CPU/1
