x3004c0s25b1n0:41513:44902 [3] NCCL INFO GPU Direct RDMA Disabled for GPU 85000 / HCA 0 (distance 7 > 4)
x3004c0s25b1n0:41513:44902 [3] NCCL INFO GPU Direct RDMA Disabled for GPU c7000 / HCA 0 (distance 6 > 4)
x3004c0s25b1n0:41513:44902 [3] NCCL INFO === System : maxBw 12.0 totalBw 264.0 ===
x3004c0s25b1n0:41513:44902 [3] NCCL INFO CPU/3 (1/2/-1)
x3004c0s25b1n0:41513:44902 [3] NCCL INFO + SYS[5000.0] - CPU/2
x3004c0s25b1n0:41513:44902 [3] NCCL INFO + SYS[5000.0] - CPU/1
x3004c0s25b1n0:41513:44902 [3] NCCL INFO + SYS[5000.0] - CPU/0
x3004c0s25b1n0:41513:44902 [3] NCCL INFO + PCI[24.0] - PCI/5000 (11f8406811f8beef)
x3004c0s25b1n0:41513:44902 [3] NCCL INFO               + PCI[24.0] - GPU/7000 (12)
x3004c0s25b1n0:41513:44902 [3] NCCL INFO                             + NVL[88.0] - GPU/85000
x3004c0s25b1n0:41513:44902 [3] NCCL INFO                             + NVL[88.0] - GPU/C7000
x3004c0s25b1n0:41513:44902 [3] NCCL INFO                             + NVL[88.0] - GPU/46000
x3004c0s25b1n0:41513:44902 [3] NCCL INFO CPU/2 (1/2/-1)
x3004c0s25b1n0:41513:44902 [3] NCCL INFO + SYS[5000.0] - CPU/3
x3004c0s25b1n0:41513:44902 [3] NCCL INFO + SYS[5000.0] - CPU/1
x3004c0s25b1n0:41513:44902 [3] NCCL INFO + SYS[5000.0] - CPU/0
x3004c0s25b1n0:41513:44902 [3] NCCL INFO + PCI[24.0] - PCI/44000 (11f8406811f8beef)
x3004c0s25b1n0:41513:44902 [3] NCCL INFO               + PCI[24.0] - GPU/46000 (13)
x3004c0s25b1n0:41513:44902 [3] NCCL INFO                             + NVL[88.0] - GPU/85000
x3004c0s25b1n0:41513:44902 [3] NCCL INFO                             + NVL[88.0] - GPU/C7000
x3004c0s25b1n0:41513:44902 [3] NCCL INFO                             + NVL[88.0] - GPU/7000
x3004c0s25b1n0:41513:44902 [3] NCCL INFO + PCI[12.0] - NIC/43000
x3004c0s25b1n0:41513:44902 [3] NCCL INFO               + NET[12.5] - NET/1 (cc7604ffffa4e988/1/12.500000)
x3004c0s25b1n0:41513:44902 [3] NCCL INFO CPU/1 (1/2/-1)
x3004c0s25b1n0:41513:44902 [3] NCCL INFO + SYS[5000.0] - CPU/3
x3004c0s25b1n0:41513:44902 [3] NCCL INFO + SYS[5000.0] - CPU/2
x3004c0s25b1n0:41513:44902 [3] NCCL INFO + SYS[5000.0] - CPU/0
x3004c0s25b1n0:41513:44902 [3] NCCL INFO + PCI[24.0] - PCI/83000 (11f8406811f8beef)
x3004c0s25b1n0:41513:44902 [3] NCCL INFO               + PCI[24.0] - GPU/85000 (14)
x3004c0s25b1n0:41513:44902 [3] NCCL INFO                             + NVL[88.0] - GPU/C7000
x3004c0s25b1n0:41513:44902 [3] NCCL INFO                             + NVL[88.0] - GPU/46000
x3004c0s25b1n0:41513:44902 [3] NCCL INFO                             + NVL[88.0] - GPU/7000
x3004c0s25b1n0:41513:44902 [3] NCCL INFO CPU/0 (1/2/-1)
x3004c0s25b1n0:41513:44902 [3] NCCL INFO + SYS[5000.0] - CPU/3
x3004c0s25b1n0:41513:44902 [3] NCCL INFO + SYS[5000.0] - CPU/2
x3004c0s25b1n0:41513:44902 [3] NCCL INFO + SYS[5000.0] - CPU/1
x3004c0s25b1n0:41513:44902 [3] NCCL INFO + PCI[24.0] - PCI/C5000 (11f8406811f8beef)
x3004c0s25b1n0:41513:44902 [3] NCCL INFO               + PCI[24.0] - GPU/C7000 (15)
x3004c0s25b1n0:41513:44902 [3] NCCL INFO                             + NVL[88.0] - GPU/85000
x3004c0s25b1n0:41513:44902 [3] NCCL INFO                             + NVL[88.0] - GPU/46000
x3004c0s25b1n0:41513:44902 [3] NCCL INFO                             + NVL[88.0] - GPU/7000
x3004c0s25b1n0:41513:44902 [3] NCCL INFO + PCI[12.0] - NIC/C8000
x3004c0s25b1n0:41513:44902 [3] NCCL INFO               + NET[12.5] - NET/0 (e47604ffffa4e988/1/12.500000)
x3004c0s25b1n0:41513:44902 [3] NCCL INFO ==========================================
x3004c0s25b1n0:41513:44902 [3] NCCL INFO GPU/7000 :GPU/7000 (0/5000.000000/LOC) GPU/46000 (1/88.000000/NVL) GPU/85000 (1/88.000000/NVL) GPU/C7000 (1/88.000000/NVL) CPU/3 (2/24.000000/PHB) CPU/2 (3/24.000000/SYS) CPU/1 (3/24.000000/SYS) CPU/0 (3/24.000000/SYS) NET/1 (5/12.000000/SYS) NET/0 (5/12.000000/SYS) 
x3004c0s25b1n0:41513:44902 [3] NCCL INFO GPU/46000 :GPU/7000 (1/88.000000/NVL) GPU/46000 (0/5000.000000/LOC) GPU/85000 (1/88.000000/NVL) GPU/C7000 (1/88.000000/NVL) CPU/3 (3/24.000000/SYS) CPU/2 (2/24.000000/PHB) CPU/1 (3/24.000000/SYS) CPU/0 (3/24.000000/SYS) NET/1 (4/12.000000/PHB) NET/0 (5/12.000000/SYS) 
x3004c0s25b1n0:41513:44902 [3] NCCL INFO GPU/85000 :GPU/7000 (1/88.000000/NVL) GPU/46000 (1/88.000000/NVL) GPU/85000 (0/5000.000000/LOC) GPU/C7000 (1/88.000000/NVL) CPU/3 (3/24.000000/SYS) CPU/2 (3/24.000000/SYS) CPU/1 (2/24.000000/PHB) CPU/0 (3/24.000000/SYS) NET/1 (5/12.000000/SYS) NET/0 (5/12.000000/SYS) 
x3004c0s25b1n0:41513:44902 [3] NCCL INFO GPU/C7000 :GPU/7000 (1/88.000000/NVL) GPU/46000 (1/88.000000/NVL) GPU/85000 (1/88.000000/NVL) GPU/C7000 (0/5000.000000/LOC) CPU/3 (3/24.000000/SYS) CPU/2 (3/24.000000/SYS) CPU/1 (3/24.000000/SYS) CPU/0 (2/24.000000/PHB) NET/1 (5/12.000000/SYS) NET/0 (4/12.000000/PHB) 
x3004c0s25b1n0:41513:44902 [3] NCCL INFO NET/1 :GPU/7000 (5/12.000000/SYS) GPU/46000 (4/12.000000/PHB) GPU/85000 (5/12.000000/SYS) GPU/C7000 (5/12.000000/SYS) CPU/3 (3/12.000000/SYS) CPU/2 (2/12.000000/PHB) CPU/1 (3/12.000000/SYS) CPU/0 (3/12.000000/SYS) NET/1 (0/5000.000000/LOC) NET/0 (5/12.000000/SYS) 
x3004c0s25b1n0:41513:44902 [3] NCCL INFO NET/0 :GPU/7000 (5/12.000000/SYS) GPU/46000 (5/12.000000/SYS) GPU/85000 (5/12.000000/SYS) GPU/C7000 (4/12.000000/PHB) CPU/3 (3/12.000000/SYS) CPU/2 (3/12.000000/SYS) CPU/1 (3/12.000000/SYS) CPU/0 (2/12.000000/PHB) NET/1 (5/12.000000/SYS) NET/0 (0/5000.000000/LOC) 
x3004c0s25b1n0:41513:44902 [3] NCCL INFO Setting affinity for GPU 3 to 01
x3004c0s25b1n0:41513:44902 [3] NCCL INFO Pattern 4, crossNic 0, nChannels 2, bw 12.000000/12.000000, type NVL/SYS, sameChannels 1
x3004c0s25b1n0:41513:44902 [3] NCCL INFO  0 : NET/1 GPU/13 GPU/12 GPU/14 GPU/15 NET/1
x3004c0s25b1n0:41513:44902 [3] NCCL INFO  1 : NET/0 GPU/13 GPU/12 GPU/14 GPU/15 NET/0
x3004c0s25b1n0:41513:44902 [3] NCCL INFO Pattern 1, crossNic 0, nChannels 2, bw 24.000000/12.000000, type NVL/SYS, sameChannels 1
x3004c0s25b1n0:41513:44902 [3] NCCL INFO  0 : NET/1 GPU/12 GPU/13 GPU/14 GPU/15 NET/1
x3004c0s25b1n0:41513:44902 [3] NCCL INFO  1 : NET/0 GPU/12 GPU/13 GPU/14 GPU/15 NET/0
x3004c0s25b1n0:41513:44902 [3] NCCL INFO Pattern 3, crossNic 0, nChannels 0, bw 0.000000/0.000000, type NVL/PIX, sameChannels 1
x3004c0s25b1n0:41510:44910 [0] NCCL INFO Tree 0 : 8 -> 12 -> 13/-1/-1
x3004c0s25b1n0:41510:44910 [0] NCCL INFO Tree 2 : 1 -> 12 -> 13/16/-1
x3004c0s25b1n0:41510:44910 [0] NCCL INFO Tree 1 : 8 -> 12 -> 13/-1/-1
x3004c0s25b1n0:41510:44910 [0] NCCL INFO Tree 3 : 1 -> 12 -> 13/16/-1
x3004c0s25b1n0:41510:44910 [0] NCCL INFO Ring 00 : 13 -> 12 -> 14
x3004c0s25b1n0:41510:44910 [0] NCCL INFO Ring 01 : 13 -> 12 -> 14
x3004c0s25b1n0:41510:44910 [0] NCCL INFO Ring 02 : 13 -> 12 -> 14
x3004c0s25b1n0:41510:44910 [0] NCCL INFO Ring 03 : 13 -> 12 -> 14
x3004c0s25b1n0:41510:44910 [0] NCCL INFO Trees [0] 13/-1/-1->12->8 [1] 13/-1/-1->12->8 [2] 13/16/-1->12->1 [3] 13/16/-1->12->1
x3004c0s25b1n0:41510:44910 [0] NCCL INFO misc/utils.cc:235 memory stack hunk malloc(65536)
x3004c0s25b1n0:41510:44910 [0] NCCL INFO channel.cc:23 Cuda Alloc Size 8064 pointer 0x14ed35817400
x3004c0s25b1n0:41510:44910 [0] NCCL INFO channel.cc:27 Cuda Alloc Size 80 pointer 0x14ed35819400
x3004c0s25b1n0:41510:44910 [0] NCCL INFO channel.cc:23 Cuda Alloc Size 8064 pointer 0x14ed35819600
x3004c0s25b1n0:41510:44910 [0] NCCL INFO channel.cc:27 Cuda Alloc Size 80 pointer 0x14ed3581b600
x3004c0s25b1n0:41510:44910 [0] NCCL INFO channel.cc:23 Cuda Alloc Size 8064 pointer 0x14ed3581b800
x3004c0s25b1n0:41510:44910 [0] NCCL INFO channel.cc:27 Cuda Alloc Size 80 pointer 0x14ed3581d800
x3004c0s25b1n0:41510:44910 [0] NCCL INFO channel.cc:23 Cuda Alloc Size 8064 pointer 0x14ed3581da00
x3004c0s25b1n0:41510:44910 [0] NCCL INFO channel.cc:27 Cuda Alloc Size 80 pointer 0x14ed3581fa00
x3004c0s25b1n0:41510:44910 [0] NCCL INFO Channel 00/0 : 12[7000] -> 14[85000] via P2P/IPC/read
x3004c0s25b1n0:41510:45060 [0] NCCL INFO Mem Realloc old size 0, new size 8 pointer 0x14ece0000c60
x3004c0s25b1n0:41510:45060 [0] NCCL INFO New proxy send connection 0 from local rank 0, transport 0
x3004c0s25b1n0:41511:44901 [1] NCCL INFO Tree 0 : 12 -> 13 -> 14/-1/-1
x3004c0s25b1n0:41511:44901 [1] NCCL INFO Tree 2 : 12 -> 13 -> 14/8/-1
x3004c0s25b1n0:41511:44901 [1] NCCL INFO Tree 1 : 12 -> 13 -> 14/-1/-1
x3004c0s25b1n0:41511:44901 [1] NCCL INFO Tree 3 : 12 -> 13 -> 14/8/-1
x3004c0s25b1n0:41511:44901 [1] NCCL INFO Ring 00 : 11 -> 13 -> 12
x3004c0s25b1n0:41511:44901 [1] NCCL INFO Ring 01 : 11 -> 13 -> 12
x3004c0s25b1n0:41511:44901 [1] NCCL INFO Ring 02 : 11 -> 13 -> 12
x3004c0s25b1n0:41511:44901 [1] NCCL INFO Ring 03 : 11 -> 13 -> 12
x3004c0s25b1n0:41511:44901 [1] NCCL INFO Trees [0] 14/-1/-1->13->12 [1] 14/-1/-1->13->12 [2] 14/8/-1->13->12 [3] 14/8/-1->13->12
x3004c0s25b1n0:41511:44901 [1] NCCL INFO misc/utils.cc:235 memory stack hunk malloc(65536)
x3004c0s25b1n0:41511:44901 [1] NCCL INFO channel.cc:23 Cuda Alloc Size 8064 pointer 0x147ee7817400
x3004c0s25b1n0:41511:44901 [1] NCCL INFO channel.cc:27 Cuda Alloc Size 80 pointer 0x147ee7819400
x3004c0s25b1n0:41511:44901 [1] NCCL INFO channel.cc:23 Cuda Alloc Size 8064 pointer 0x147ee7819600
x3004c0s25b1n0:41511:44901 [1] NCCL INFO channel.cc:27 Cuda Alloc Size 80 pointer 0x147ee781b600
x3004c0s25b1n0:41511:44901 [1] NCCL INFO channel.cc:23 Cuda Alloc Size 8064 pointer 0x147ee781b800
x3004c0s25b1n0:41511:44901 [1] NCCL INFO channel.cc:27 Cuda Alloc Size 80 pointer 0x147ee781d800
x3004c0s25b1n0:41511:44901 [1] NCCL INFO channel.cc:23 Cuda Alloc Size 8064 pointer 0x147ee781da00
x3004c0s25b1n0:41511:44901 [1] NCCL INFO channel.cc:27 Cuda Alloc Size 80 pointer 0x147ee781fa00
x3004c0s25b1n0:41511:44901 [1] NCCL INFO GPU Direct RDMA Disabled for GPU 46000 / HCA 1 (distance 6 > 4)
x3004c0s25b1n0:41511:45061 [1] NCCL INFO Mem Realloc old size 0, new size 8 pointer 0x147e90000c60
x3004c0s25b1n0:41511:45061 [1] NCCL INFO Allocated 4194656 bytes of shared memory in /dev/shm/nccl-kuOs84

x3004c0s25b1n0:41511:45061 [1] NCCL INFO New proxy recv connection 0 from local rank 1, transport 2
x3004c0s25b1n0:41510:44910 [0] NCCL INFO Connection to proxy localRank 0 -> connection 0x14ece0000c80
x3004c0s25b1n0:41510:45060 [0] NCCL INFO transport/p2p.cc:430 Cuda Alloc Size 6291456 pointer 0x14ed60000000
x3004c0s25b1n0:41510:44910 [0] NCCL INFO Channel 01/0 : 12[7000] -> 14[85000] via P2P/IPC/read
x3004c0s25b1n0:41510:45060 [0] NCCL INFO New proxy send connection 1 from local rank 0, transport 0
x3004c0s25b1n0:41512:44903 [2] NCCL INFO Ring 00 : 12 -> 14 -> 15
x3004c0s25b1n0:41512:44903 [2] NCCL INFO Ring 01 : 12 -> 14 -> 15
x3004c0s25b1n0:41512:44903 [2] NCCL INFO Ring 02 : 12 -> 14 -> 15
x3004c0s25b1n0:41512:44903 [2] NCCL INFO Ring 03 : 12 -> 14 -> 15
x3004c0s25b1n0:41512:44903 [2] NCCL INFO Trees [0] 15/-1/-1->14->13 [1] 15/-1/-1->14->13 [2] 15/-1/-1->14->13 [3] 15/-1/-1->14->13
x3004c0s25b1n0:41512:44903 [2] NCCL INFO misc/utils.cc:235 memory stack hunk malloc(65536)
x3004c0s25b1n0:41512:44903 [2] NCCL INFO channel.cc:23 Cuda Alloc Size 8064 pointer 0x14caab817400
x3004c0s25b1n0:41512:44903 [2] NCCL INFO channel.cc:27 Cuda Alloc Size 80 pointer 0x14caab819400
x3004c0s25b1n0:41512:44903 [2] NCCL INFO channel.cc:23 Cuda Alloc Size 8064 pointer 0x14caab819600
x3004c0s25b1n0:41512:44903 [2] NCCL INFO channel.cc:27 Cuda Alloc Size 80 pointer 0x14caab81b600
x3004c0s25b1n0:41512:44903 [2] NCCL INFO channel.cc:23 Cuda Alloc Size 8064 pointer 0x14caab81b800
x3004c0s25b1n0:41512:44903 [2] NCCL INFO channel.cc:27 Cuda Alloc Size 80 pointer 0x14caab81d800
x3004c0s25b1n0:41512:44903 [2] NCCL INFO channel.cc:23 Cuda Alloc Size 8064 pointer 0x14caab81da00
x3004c0s25b1n0:41512:44903 [2] NCCL INFO channel.cc:27 Cuda Alloc Size 80 pointer 0x14caab81fa00
x3004c0s25b1n0:41512:44903 [2] NCCL INFO Channel 00/0 : 14[85000] -> 15[c7000] via P2P/IPC/read
x3004c0s25b1n0:41511:44901 [1] NCCL INFO Connection to proxy localRank 1 -> connection 0x147e90000c80
x3004c0s25b1n0:41512:45063 [2] NCCL INFO Mem Realloc old size 0, new size 8 pointer 0x14ca54000c60
x3004c0s25b1n0:41512:45063 [2] NCCL INFO New proxy send connection 0 from local rank 2, transport 0
x3004c0s25b1n0:41513:44902 [3] NCCL INFO Ring 00 : 14 -> 15 -> 17
x3004c0s25b1n0:41513:44902 [3] NCCL INFO Ring 01 : 14 -> 15 -> 17
x3004c0s25b1n0:41513:44902 [3] NCCL INFO Ring 02 : 14 -> 15 -> 17
x3004c0s25b1n0:41513:44902 [3] NCCL INFO Ring 03 : 14 -> 15 -> 17
x3004c0s25b1n0:41513:44902 [3] NCCL INFO Trees [0] -1/-1/-1->15->14 [1] -1/-1/-1->15->14 [2] -1/-1/-1->15->14 [3] -1/-1/-1->15->14
x3004c0s25b1n0:41513:44902 [3] NCCL INFO misc/utils.cc:235 memory stack hunk malloc(65536)
x3004c0s25b1n0:41513:44902 [3] NCCL INFO channel.cc:23 Cuda Alloc Size 8064 pointer 0x14840b817400
x3004c0s25b1n0:41513:44902 [3] NCCL INFO channel.cc:27 Cuda Alloc Size 80 pointer 0x14840b819400
x3004c0s25b1n0:41513:44902 [3] NCCL INFO channel.cc:23 Cuda Alloc Size 8064 pointer 0x14840b819600
x3004c0s25b1n0:41513:44902 [3] NCCL INFO channel.cc:27 Cuda Alloc Size 80 pointer 0x14840b81b600
x3004c0s25b1n0:41513:44902 [3] NCCL INFO channel.cc:23 Cuda Alloc Size 8064 pointer 0x14840b81b800
x3004c0s25b1n0:41513:44902 [3] NCCL INFO channel.cc:27 Cuda Alloc Size 80 pointer 0x14840b81d800
x3004c0s25b1n0:41513:44902 [3] NCCL INFO channel.cc:23 Cuda Alloc Size 8064 pointer 0x14840b81da00
x3004c0s25b1n0:41513:44902 [3] NCCL INFO channel.cc:27 Cuda Alloc Size 80 pointer 0x14840b81fa00
x3004c0s25b1n0:41512:44903 [2] NCCL INFO Connection to proxy localRank 2 -> connection 0x14ca54000c80
x3004c0s25b1n0:41512:45063 [2] NCCL INFO transport/p2p.cc:430 Cuda Alloc Size 6291456 pointer 0x14cad4000000
x3004c0s25b1n0:41513:45064 [3] NCCL INFO Mem Realloc old size 0, new size 8 pointer 0x1483b4000c60
x3004c0s25b1n0:41513:45064 [3] NCCL INFO New proxy recv connection 0 from local rank 3, transport 0
x3004c0s25b1n0:41510:44910 [0] NCCL INFO Connection to proxy localRank 0 -> connection 0x14ece0000cc0
x3004c0s25b1n0:41510:45060 [0] NCCL INFO transport/p2p.cc:430 Cuda Alloc Size 6291456 pointer 0x14ed60600000
x3004c0s25b1n0:41511:44901 [1] NCCL INFO Channel 00/0 : 11[c7000] -> 13[46000] [receive] via NET/IB/1
x3004c0s25b1n0:41511:44901 [1] NCCL INFO GPU Direct RDMA Disabled for GPU 46000 / HCA 0 (distance 7 > 4)
x3004c0s25b1n0:41511:45061 [1] NCCL INFO New proxy recv connection 1 from local rank 1, transport 2
x3004c0s25b1n0:41513:44902 [3] NCCL INFO Connection to proxy localRank 3 -> connection 0x1483b4000c80
x3004c0s25b1n0:41513:45064 [3] NCCL INFO transport/p2p.cc:449 Cuda Alloc Size 6291456 pointer 0x1483ef600000
x3004c0s25b1n0:41512:44903 [2] NCCL INFO Channel 01/0 : 14[85000] -> 15[c7000] via P2P/IPC/read
x3004c0s25b1n0:41512:45063 [2] NCCL INFO New proxy send connection 1 from local rank 2, transport 0
x3004c0s25b1n0:41510:44910 [0] NCCL INFO Channel 02/0 : 12[7000] -> 14[85000] via P2P/IPC/read
x3004c0s25b1n0:41510:45060 [0] NCCL INFO New proxy send connection 2 from local rank 0, transport 0
x3004c0s25b1n0:41511:44901 [1] NCCL INFO Connection to proxy localRank 1 -> connection 0x147e90000cc0
x3004c0s25b1n0:41513:45064 [3] NCCL INFO New proxy recv connection 1 from local rank 3, transport 0
x3004c0s25b1n0:41512:44903 [2] NCCL INFO Connection to proxy localRank 2 -> connection 0x14ca54000cc0
x3004c0s25b1n0:41512:45063 [2] NCCL INFO transport/p2p.cc:430 Cuda Alloc Size 6291456 pointer 0x14cad4600000
x3004c0s25b1n0:41510:44910 [0] NCCL INFO Connection to proxy localRank 0 -> connection 0x14ece0000d00
x3004c0s25b1n0:41510:45060 [0] NCCL INFO transport/p2p.cc:430 Cuda Alloc Size 6291456 pointer 0x14ed60c00000
x3004c0s25b1n0:41511:44901 [1] NCCL INFO Channel 01/0 : 11[c7000] -> 13[46000] [receive] via NET/IB/0
x3004c0s25b1n0:41511:44901 [1] NCCL INFO GPU Direct RDMA Disabled for GPU 46000 / HCA 1 (distance 6 > 4)
x3004c0s25b1n0:41511:45061 [1] NCCL INFO New proxy recv connection 2 from local rank 1, transport 2
x3004c0s25b1n0:41510:44910 [0] NCCL INFO Channel 03/0 : 12[7000] -> 14[85000] via P2P/IPC/read
x3004c0s25b1n0:41510:45060 [0] NCCL INFO New proxy send connection 3 from local rank 0, transport 0
x3004c0s25b1n0:41513:44902 [3] NCCL INFO Connection to proxy localRank 3 -> connection 0x1483b4000cc0
x3004c0s25b1n0:41511:44901 [1] NCCL INFO Connection to proxy localRank 1 -> connection 0x147e90000d00
x3004c0s25b1n0:41512:44903 [2] NCCL INFO Channel 02/0 : 14[85000] -> 15[c7000] via P2P/IPC/read
x3004c0s25b1n0:41512:45063 [2] NCCL INFO New proxy send connection 2 from local rank 2, transport 0
x3004c0s25b1n0:41513:45064 [3] NCCL INFO transport/p2p.cc:449 Cuda Alloc Size 6291456 pointer 0x14842f800000
x3004c0s25b1n0:41510:44910 [0] NCCL INFO Connection to proxy localRank 0 -> connection 0x14ece0000d40
x3004c0s25b1n0:41510:45060 [0] NCCL INFO transport/p2p.cc:430 Cuda Alloc Size 6291456 pointer 0x14ed61200000
x3004c0s25b1n0:41511:44901 [1] NCCL INFO Channel 02/0 : 11[c7000] -> 13[46000] [receive] via NET/IB/1
x3004c0s25b1n0:41511:44901 [1] NCCL INFO GPU Direct RDMA Disabled for GPU 46000 / HCA 0 (distance 7 > 4)
x3004c0s25b1n0:41511:45061 [1] NCCL INFO New proxy recv connection 3 from local rank 1, transport 2
x3004c0s25b1n0:41512:44903 [2] NCCL INFO Connection to proxy localRank 2 -> connection 0x14ca54000d00
x3004c0s25b1n0:41512:45063 [2] NCCL INFO transport/p2p.cc:430 Cuda Alloc Size 6291456 pointer 0x14cad4c00000
x3004c0s25b1n0:41512:44903 [2] NCCL INFO Channel 03/0 : 14[85000] -> 15[c7000] via P2P/IPC/read
x3004c0s25b1n0:41512:45063 [2] NCCL INFO New proxy send connection 3 from local rank 2, transport 0
x3004c0s25b1n0:41513:45064 [3] NCCL INFO New proxy recv connection 2 from local rank 3, transport 0
x3004c0s25b1n0:41511:44901 [1] NCCL INFO Connection to proxy localRank 1 -> connection 0x147e90000d40
x3004c0s25b1n0:41512:44903 [2] NCCL INFO Connection to proxy localRank 2 -> connection 0x14ca54000d40
x3004c0s25b1n0:41512:45063 [2] NCCL INFO transport/p2p.cc:430 Cuda Alloc Size 6291456 pointer 0x14cad5200000
x3004c0s25b1n0:41513:44902 [3] NCCL INFO Connection to proxy localRank 3 -> connection 0x1483b4000d00
x3004c0s25b1n0:41513:45064 [3] NCCL INFO transport/p2p.cc:449 Cuda Alloc Size 6291456 pointer 0x14842fe00000
x3004c0s25b1n0:41511:44901 [1] NCCL INFO Channel 03/0 : 11[c7000] -> 13[46000] [receive] via NET/IB/0
x3004c0s25b1n0:41513:45064 [3] NCCL INFO New proxy recv connection 3 from local rank 3, transport 0
x3004c0s25b1n0:41513:44902 [3] NCCL INFO Connection to proxy localRank 3 -> connection 0x1483b4000d40
x3004c0s25b1n0:41513:45064 [3] NCCL INFO transport/p2p.cc:449 Cuda Alloc Size 6291456 pointer 0x148430400000
x3004c0s25b1n0:41513:44902 [3] NCCL INFO GPU Direct RDMA Disabled for GPU c7000 / HCA 1 (distance 7 > 4)
x3004c0s25b1n0:41512:45063 [2] NCCL INFO New proxy recv connection 4 from local rank 2, transport 0
x3004c0s25b1n0:41511:45061 [1] NCCL INFO transport/net_ib.cc:683 Ib Alloc Size 21688 pointer 0x147e9001d000
x3004c0s25b1n0:41511:45061 [1] NCCL INFO transport/net_ib.cc:696 Ib Alloc Size 552 pointer 0x147e90024000
x3004c0s25b1n0:41512:44903 [2] NCCL INFO Connection to proxy localRank 2 -> connection 0x14ca54000d80
x3004c0s25b1n0:41511:45061 [1] NCCL INFO transport/net_ib.cc:771 Ib Alloc Size 552 pointer 0x147e90041000
x3004c0s25b1n0:41511:45061 [1] NCCL INFO transport/net.cc:698 Cuda Host Alloc Size 9641984 pointer 0x147f0aa00000
x3004c0s25b1n0:41512:45063 [2] NCCL INFO transport/p2p.cc:449 Cuda Alloc Size 6291456 pointer 0x14ca4f800000
x3004c0s25b1n0:41511:45061 [1] NCCL INFO transport/net_ib.cc:683 Ib Alloc Size 21688 pointer 0x147e90043000
x3004c0s25b1n0:41511:45061 [1] NCCL INFO transport/net_ib.cc:696 Ib Alloc Size 552 pointer 0x147e9004a000
x3004c0s25b1n0:41513:45064 [3] NCCL INFO Allocated 4194656 bytes of shared memory in /dev/shm/nccl-ZCJsyc

x3004c0s25b1n0:41513:45064 [3] NCCL INFO New proxy send connection 4 from local rank 3, transport 2
x3004c0s25b1n0:41512:45063 [2] NCCL INFO New proxy recv connection 5 from local rank 2, transport 0
x3004c0s25b1n0:41511:45061 [1] NCCL INFO transport/net_ib.cc:771 Ib Alloc Size 552 pointer 0x147e90065000
x3004c0s25b1n0:41511:45061 [1] NCCL INFO transport/net.cc:698 Cuda Host Alloc Size 9641984 pointer 0x147f0b400000
x3004c0s25b1n0:41511:45061 [1] NCCL INFO transport/net_ib.cc:683 Ib Alloc Size 21688 pointer 0x147e90067000
x3004c0s25b1n0:41511:45061 [1] NCCL INFO transport/net_ib.cc:696 Ib Alloc Size 552 pointer 0x147e9006e000
x3004c0s25b1n0:41511:45061 [1] NCCL INFO transport/net_ib.cc:771 Ib Alloc Size 552 pointer 0x147e90089000
x3004c0s25b1n0:41511:45061 [1] NCCL INFO transport/net.cc:698 Cuda Host Alloc Size 9641984 pointer 0x147f0be00000
x3004c0s25b1n0:41513:44902 [3] NCCL INFO Connection to proxy localRank 3 -> connection 0x1483b4000d80
x3004c0s25b1n0:41513:44902 [3] NCCL INFO Channel 00/0 : 15[c7000] -> 17[46000] [send] via NET/IB/1
x3004c0s25b1n0:41513:44902 [3] NCCL INFO GPU Direct RDMA Disabled for GPU c7000 / HCA 0 (distance 6 > 4)
x3004c0s25b1n0:41513:45064 [3] NCCL INFO New proxy send connection 5 from local rank 3, transport 2
x3004c0s25b1n0:41513:44902 [3] NCCL INFO Connection to proxy localRank 3 -> connection 0x1483b4000dc0
x3004c0s25b1n0:41513:44902 [3] NCCL INFO Channel 01/0 : 15[c7000] -> 17[46000] [send] via NET/IB/0
x3004c0s25b1n0:41513:44902 [3] NCCL INFO GPU Direct RDMA Disabled for GPU c7000 / HCA 1 (distance 7 > 4)
x3004c0s25b1n0:41511:45061 [1] NCCL INFO transport/net_ib.cc:683 Ib Alloc Size 21688 pointer 0x147e9008b000
x3004c0s25b1n0:41511:45061 [1] NCCL INFO transport/net_ib.cc:696 Ib Alloc Size 552 pointer 0x147e90092000
x3004c0s25b1n0:41513:45064 [3] NCCL INFO New proxy send connection 6 from local rank 3, transport 2
x3004c0s25b1n0:41512:44903 [2] NCCL INFO Connection to proxy localRank 2 -> connection 0x14ca54000dc0
x3004c0s25b1n0:41512:45063 [2] NCCL INFO transport/p2p.cc:449 Cuda Alloc Size 6291456 pointer 0x14ca4c000000
x3004c0s25b1n0:41513:44902 [3] NCCL INFO Connection to proxy localRank 3 -> connection 0x1483b4000e00
x3004c0s25b1n0:41513:44902 [3] NCCL INFO Channel 02/0 : 15[c7000] -> 17[46000] [send] via NET/IB/1
x3004c0s25b1n0:41513:44902 [3] NCCL INFO GPU Direct RDMA Disabled for GPU c7000 / HCA 0 (distance 6 > 4)
x3004c0s25b1n0:41513:45064 [3] NCCL INFO New proxy send connection 7 from local rank 3, transport 2
x3004c0s25b1n0:41512:45063 [2] NCCL INFO New proxy recv connection 6 from local rank 2, transport 0
x3004c0s25b1n0:41513:44902 [3] NCCL INFO Connection to proxy localRank 3 -> connection 0x1483b4000e40
x3004c0s25b1n0:41513:44902 [3] NCCL INFO Channel 03/0 : 15[c7000] -> 17[46000] [send] via NET/IB/0
x3004c0s25b1n0:41511:45061 [1] NCCL INFO transport/net_ib.cc:771 Ib Alloc Size 552 pointer 0x147e900ad000
x3004c0s25b1n0:41511:45061 [1] NCCL INFO transport/net.cc:698 Cuda Host Alloc Size 9641984 pointer 0x147f0c800000
x3004c0s25b1n0:41513:45064 [3] NCCL INFO transport/net_ib.cc:596 Ib Alloc Size 26560 pointer 0x1483b4020000
x3004c0s25b1n0:41512:44903 [2] NCCL INFO Connection to proxy localRank 2 -> connection 0x14ca54000e00
x3004c0s25b1n0:41512:45063 [2] NCCL INFO transport/p2p.cc:449 Cuda Alloc Size 6291456 pointer 0x14ca4c600000
x3004c0s25b1n0:41511:44901 [1] NCCL INFO Channel 00/0 : 13[46000] -> 12[7000] via P2P/IPC/read
x3004c0s25b1n0:41511:45061 [1] NCCL INFO New proxy send connection 4 from local rank 1, transport 0
x3004c0s25b1n0:41513:45064 [3] NCCL INFO NET/IB: Dev 1 Port 1 qpn 10848 mtu 5 GID 0 (80FE/DA0100FEFF000000)
x3004c0s25b1n0:41513:45064 [3] NCCL INFO transport/net_ib.cc:653 Ib Alloc Size 552 pointer 0x1483b4038000
x3004c0s25b1n0:41513:45064 [3] NCCL INFO transport/net.cc:571 Cuda Host Alloc Size 9641984 pointer 0x1483bac00000
x3004c0s25b1n0:41512:45063 [2] NCCL INFO New proxy recv connection 7 from local rank 2, transport 0
x3004c0s25b1n0:41513:45064 [3] NCCL INFO transport/net_ib.cc:596 Ib Alloc Size 26560 pointer 0x1483b403a000
x3004c0s25b1n0:41511:44901 [1] NCCL INFO Connection to proxy localRank 1 -> connection 0x147e90000d80
x3004c0s25b1n0:41511:45061 [1] NCCL INFO transport/p2p.cc:430 Cuda Alloc Size 6291456 pointer 0x147f0d200000
x3004c0s25b1n0:41513:45064 [3] NCCL INFO NET/IB: Dev 0 Port 1 qpn 10617 mtu 5 GID 0 (80FE/880100FEFF000000)
x3004c0s25b1n0:41513:45064 [3] NCCL INFO transport/net_ib.cc:653 Ib Alloc Size 552 pointer 0x1483b4051000
x3004c0s25b1n0:41513:45064 [3] NCCL INFO transport/net.cc:571 Cuda Host Alloc Size 9641984 pointer 0x1483bb600000
x3004c0s25b1n0:41513:45064 [3] NCCL INFO transport/net_ib.cc:596 Ib Alloc Size 26560 pointer 0x1483b4053000
x3004c0s25b1n0:41511:44901 [1] NCCL INFO Channel 01/0 : 13[46000] -> 12[7000] via P2P/IPC/read
x3004c0s25b1n0:41511:45061 [1] NCCL INFO New proxy send connection 5 from local rank 1, transport 0
x3004c0s25b1n0:41511:44901 [1] NCCL INFO Connection to proxy localRank 1 -> connection 0x147e90000dc0
x3004c0s25b1n0:41513:45064 [3] NCCL INFO NET/IB: Dev 1 Port 1 qpn 10849 mtu 5 GID 0 (80FE/DA0100FEFF000000)
x3004c0s25b1n0:41513:45064 [3] NCCL INFO transport/net_ib.cc:653 Ib Alloc Size 552 pointer 0x1483b406a000
x3004c0s25b1n0:41513:45064 [3] NCCL INFO transport/net.cc:571 Cuda Host Alloc Size 9641984 pointer 0x1483ae000000
x3004c0s25b1n0:41511:45061 [1] NCCL INFO transport/p2p.cc:430 Cuda Alloc Size 6291456 pointer 0x147e8a000000
x3004c0s25b1n0:41512:44903 [2] NCCL INFO Connection to proxy localRank 2 -> connection 0x14ca54000e40
x3004c0s25b1n0:41512:45063 [2] NCCL INFO transport/p2p.cc:449 Cuda Alloc Size 6291456 pointer 0x14ca4cc00000
x3004c0s25b1n0:41513:45064 [3] NCCL INFO transport/net_ib.cc:596 Ib Alloc Size 26560 pointer 0x1483b406c000
x3004c0s25b1n0:41513:45064 [3] NCCL INFO NET/IB: Dev 0 Port 1 qpn 10618 mtu 5 GID 0 (80FE/880100FEFF000000)
x3004c0s25b1n0:41513:45064 [3] NCCL INFO transport/net_ib.cc:653 Ib Alloc Size 552 pointer 0x1483b4083000
x3004c0s25b1n0:41513:45064 [3] NCCL INFO transport/net.cc:571 Cuda Host Alloc Size 9641984 pointer 0x1483aea00000
x3004c0s25b1n0:41512:44903 [2] NCCL INFO Connected all rings
x3004c0s25b1n0:41512:45063 [2] NCCL INFO New proxy recv connection 8 from local rank 2, transport 0
x3004c0s25b1n0:41510:45060 [0] NCCL INFO New proxy recv connection 4 from local rank 0, transport 0
x3004c0s25b1n0:41511:44901 [1] NCCL INFO Channel 02/0 : 13[46000] -> 12[7000] via P2P/IPC/read
x3004c0s25b1n0:41511:45061 [1] NCCL INFO New proxy send connection 6 from local rank 1, transport 0
x3004c0s25b1n0:41511:44901 [1] NCCL INFO Connection to proxy localRank 1 -> connection 0x147e90000e00
x3004c0s25b1n0:41513:44902 [3] NCCL INFO Connected all rings
x3004c0s25b1n0:41513:44902 [3] NCCL INFO Channel 00/0 : 15[c7000] -> 14[85000] via P2P/IPC/read
x3004c0s25b1n0:41513:45064 [3] NCCL INFO New proxy send connection 8 from local rank 3, transport 0
x3004c0s25b1n0:41510:44910 [0] NCCL INFO Connection to proxy localRank 0 -> connection 0x14ece0000d80
x3004c0s25b1n0:41510:45060 [0] NCCL INFO transport/p2p.cc:449 Cuda Alloc Size 6291456 pointer 0x14ecdb800000
x3004c0s25b1n0:41511:45061 [1] NCCL INFO transport/p2p.cc:430 Cuda Alloc Size 6291456 pointer 0x147e8a600000
x3004c0s25b1n0:41512:44903 [2] NCCL INFO Connection to proxy localRank 2 -> connection 0x14ca54000e80
x3004c0s25b1n0:41512:45063 [2] NCCL INFO transport/p2p.cc:449 Cuda Alloc Size 6291456 pointer 0x14ca4ac00000
x3004c0s25b1n0:41513:44902 [3] NCCL INFO Connection to proxy localRank 3 -> connection 0x1483b4000e80
x3004c0s25b1n0:41513:45064 [3] NCCL INFO transport/p2p.cc:430 Cuda Alloc Size 6291456 pointer 0x1483af400000
x3004c0s25b1n0:41510:45060 [0] NCCL INFO New proxy recv connection 5 from local rank 0, transport 0
x3004c0s25b1n0:41512:45063 [2] NCCL INFO New proxy recv connection 9 from local rank 2, transport 0
x3004c0s25b1n0:41511:44901 [1] NCCL INFO Channel 03/0 : 13[46000] -> 12[7000] via P2P/IPC/read
x3004c0s25b1n0:41511:45061 [1] NCCL INFO New proxy send connection 7 from local rank 1, transport 0
x3004c0s25b1n0:41510:44910 [0] NCCL INFO Connection to proxy localRank 0 -> connection 0x14ece0000dc0
x3004c0s25b1n0:41510:45060 [0] NCCL INFO transport/p2p.cc:449 Cuda Alloc Size 6291456 pointer 0x14ecd8000000
x3004c0s25b1n0:41513:44902 [3] NCCL INFO Channel 01/0 : 15[c7000] -> 14[85000] via P2P/IPC/read
x3004c0s25b1n0:41513:45064 [3] NCCL INFO New proxy send connection 9 from local rank 3, transport 0
x3004c0s25b1n0:41512:44903 [2] NCCL INFO Connection to proxy localRank 2 -> connection 0x14ca54000ec0
x3004c0s25b1n0:41512:45063 [2] NCCL INFO transport/p2p.cc:449 Cuda Alloc Size 6291456 pointer 0x14ca4b200000
x3004c0s25b1n0:41511:44901 [1] NCCL INFO Connection to proxy localRank 1 -> connection 0x147e90000e40
x3004c0s25b1n0:41511:45061 [1] NCCL INFO transport/p2p.cc:430 Cuda Alloc Size 6291456 pointer 0x147e8ac00000
x3004c0s25b1n0:41512:45063 [2] NCCL INFO New proxy recv connection 10 from local rank 2, transport 0
x3004c0s25b1n0:41512:44903 [2] NCCL INFO Connection to proxy localRank 2 -> connection 0x14ca54000f00
x3004c0s25b1n0:41510:45060 [0] NCCL INFO New proxy recv connection 6 from local rank 0, transport 0
x3004c0s25b1n0:41512:45063 [2] NCCL INFO transport/p2p.cc:449 Cuda Alloc Size 6291456 pointer 0x14ca4b800000
x3004c0s25b1n0:41513:44902 [3] NCCL INFO Connection to proxy localRank 3 -> connection 0x1483b4000ec0
x3004c0s25b1n0:41513:45064 [3] NCCL INFO transport/p2p.cc:430 Cuda Alloc Size 6291456 pointer 0x1483afa00000
x3004c0s25b1n0:41510:44910 [0] NCCL INFO Connection to proxy localRank 0 -> connection 0x14ece0000e00
x3004c0s25b1n0:41510:45060 [0] NCCL INFO transport/p2p.cc:449 Cuda Alloc Size 6291456 pointer 0x14ecd8600000
x3004c0s25b1n0:41513:44902 [3] NCCL INFO Channel 02/0 : 15[c7000] -> 14[85000] via P2P/IPC/read
x3004c0s25b1n0:41513:45064 [3] NCCL INFO New proxy send connection 10 from local rank 3, transport 0
x3004c0s25b1n0:41512:45063 [2] NCCL INFO New proxy recv connection 11 from local rank 2, transport 0
x3004c0s25b1n0:41513:44902 [3] NCCL INFO Connection to proxy localRank 3 -> connection 0x1483b4000f00
x3004c0s25b1n0:41513:45064 [3] NCCL INFO transport/p2p.cc:430 Cuda Alloc Size 6291456 pointer 0x1483ac000000
x3004c0s25b1n0:41510:45060 [0] NCCL INFO New proxy recv connection 7 from local rank 0, transport 0
x3004c0s25b1n0:41512:44903 [2] NCCL INFO Connection to proxy localRank 2 -> connection 0x14ca54000f40
x3004c0s25b1n0:41512:45063 [2] NCCL INFO transport/p2p.cc:449 Cuda Alloc Size 6291456 pointer 0x14ca48000000
x3004c0s25b1n0:41510:44910 [0] NCCL INFO Connection to proxy localRank 0 -> connection 0x14ece0000e40
x3004c0s25b1n0:41510:45060 [0] NCCL INFO transport/p2p.cc:449 Cuda Alloc Size 6291456 pointer 0x14ecd8c00000
x3004c0s25b1n0:41513:44902 [3] NCCL INFO Channel 03/0 : 15[c7000] -> 14[85000] via P2P/IPC/read
x3004c0s25b1n0:41510:44910 [0] NCCL INFO Connected all rings
x3004c0s25b1n0:41510:44910 [0] NCCL INFO Channel 00/0 : 12[7000] -> 13[46000] via P2P/IPC/read
x3004c0s25b1n0:41510:45060 [0] NCCL INFO New proxy send connection 8 from local rank 0, transport 0
x3004c0s25b1n0:41511:44901 [1] NCCL INFO Connected all rings
x3004c0s25b1n0:41511:45061 [1] NCCL INFO New proxy recv connection 8 from local rank 1, transport 0
x3004c0s25b1n0:41510:44910 [0] NCCL INFO Connection to proxy localRank 0 -> connection 0x14ece0000e80
x3004c0s25b1n0:41510:45060 [0] NCCL INFO transport/p2p.cc:430 Cuda Alloc Size 6291456 pointer 0x14ecd6c00000
x3004c0s25b1n0:41511:44901 [1] NCCL INFO Connection to proxy localRank 1 -> connection 0x147e90000e80
x3004c0s25b1n0:41513:45064 [3] NCCL INFO New proxy send connection 11 from local rank 3, transport 0
x3004c0s25b1n0:41513:44902 [3] NCCL INFO Connection to proxy localRank 3 -> connection 0x1483b4000f40
x3004c0s25b1n0:41513:45064 [3] NCCL INFO transport/p2p.cc:430 Cuda Alloc Size 6291456 pointer 0x1483ac600000
x3004c0s25b1n0:41511:45061 [1] NCCL INFO transport/p2p.cc:449 Cuda Alloc Size 6291456 pointer 0x147e82c00000
x3004c0s25b1n0:41510:44910 [0] NCCL INFO Channel 01/0 : 12[7000] -> 13[46000] via P2P/IPC/read
x3004c0s25b1n0:41510:45060 [0] NCCL INFO New proxy send connection 9 from local rank 0, transport 0
x3004c0s25b1n0:41511:45061 [1] NCCL INFO New proxy recv connection 9 from local rank 1, transport 0
x3004c0s25b1n0:41510:44910 [0] NCCL INFO Connection to proxy localRank 0 -> connection 0x14ece0000ec0
x3004c0s25b1n0:41510:45060 [0] NCCL INFO transport/p2p.cc:430 Cuda Alloc Size 6291456 pointer 0x14ecd7200000
x3004c0s25b1n0:41511:44901 [1] NCCL INFO Connection to proxy localRank 1 -> connection 0x147e90000ec0
x3004c0s25b1n0:41511:45061 [1] NCCL INFO transport/p2p.cc:449 Cuda Alloc Size 6291456 pointer 0x147e83200000
x3004c0s25b1n0:41510:44910 [0] NCCL INFO Channel 02/0 : 12[7000] -> 13[46000] via P2P/IPC/read
x3004c0s25b1n0:41510:45060 [0] NCCL INFO New proxy send connection 10 from local rank 0, transport 0
x3004c0s25b1n0:41511:45061 [1] NCCL INFO New proxy recv connection 10 from local rank 1, transport 0
x3004c0s25b1n0:41510:44910 [0] NCCL INFO Connection to proxy localRank 0 -> connection 0x14ece0000f00
x3004c0s25b1n0:41510:45060 [0] NCCL INFO transport/p2p.cc:430 Cuda Alloc Size 6291456 pointer 0x14ecd7800000
x3004c0s25b1n0:41510:44910 [0] NCCL INFO Channel 03/0 : 12[7000] -> 13[46000] via P2P/IPC/read
x3004c0s25b1n0:41510:45060 [0] NCCL INFO New proxy send connection 11 from local rank 0, transport 0
x3004c0s25b1n0:41511:44901 [1] NCCL INFO Connection to proxy localRank 1 -> connection 0x147e90000f00
x3004c0s25b1n0:41511:45061 [1] NCCL INFO transport/p2p.cc:449 Cuda Alloc Size 6291456 pointer 0x147e83800000
x3004c0s25b1n0:41510:44910 [0] NCCL INFO Connection to proxy localRank 0 -> connection 0x14ece0000f40
x3004c0s25b1n0:41510:45060 [0] NCCL INFO transport/p2p.cc:430 Cuda Alloc Size 6291456 pointer 0x14ecd4000000
x3004c0s25b1n0:41511:45061 [1] NCCL INFO New proxy recv connection 11 from local rank 1, transport 0
x3004c0s25b1n0:41511:44901 [1] NCCL INFO Connection to proxy localRank 1 -> connection 0x147e90000f40
x3004c0s25b1n0:41511:45061 [1] NCCL INFO transport/p2p.cc:449 Cuda Alloc Size 6291456 pointer 0x147e80000000
x3004c0s25b1n0:41511:44901 [1] NCCL INFO Channel 00/0 : 13[46000] -> 14[85000] via P2P/IPC/read
x3004c0s25b1n0:41511:45061 [1] NCCL INFO New proxy send connection 12 from local rank 1, transport 0
x3004c0s25b1n0:41511:44901 [1] NCCL INFO Connection to proxy localRank 1 -> connection 0x147e90000f80
x3004c0s25b1n0:41511:45061 [1] NCCL INFO transport/p2p.cc:430 Cuda Alloc Size 6291456 pointer 0x147e80600000
x3004c0s25b1n0:41511:44901 [1] NCCL INFO Channel 01/0 : 13[46000] -> 14[85000] via P2P/IPC/read
x3004c0s25b1n0:41511:45061 [1] NCCL INFO New proxy send connection 13 from local rank 1, transport 0
x3004c0s25b1n0:41511:44901 [1] NCCL INFO Connection to proxy localRank 1 -> connection 0x147e90000fc0
x3004c0s25b1n0:41511:45061 [1] NCCL INFO transport/p2p.cc:430 Cuda Alloc Size 6291456 pointer 0x147e80c00000
x3004c0s25b1n0:41511:44901 [1] NCCL INFO Channel 02/0 : 13[46000] -> 14[85000] via P2P/IPC/read
x3004c0s25b1n0:41511:45061 [1] NCCL INFO New proxy send connection 14 from local rank 1, transport 0
x3004c0s25b1n0:41511:44901 [1] NCCL INFO Connection to proxy localRank 1 -> connection 0x147e90001000
x3004c0s25b1n0:41511:45061 [1] NCCL INFO transport/p2p.cc:430 Cuda Alloc Size 6291456 pointer 0x147e81200000
x3004c0s25b1n0:41511:44901 [1] NCCL INFO Channel 03/0 : 13[46000] -> 14[85000] via P2P/IPC/read
x3004c0s25b1n0:41511:45061 [1] NCCL INFO New proxy send connection 15 from local rank 1, transport 0
x3004c0s25b1n0:41511:44901 [1] NCCL INFO Connection to proxy localRank 1 -> connection 0x147e90001040
x3004c0s25b1n0:41511:45061 [1] NCCL INFO transport/p2p.cc:430 Cuda Alloc Size 6291456 pointer 0x147e81800000
x3004c0s25b1n0:41511:44901 [1] NCCL INFO GPU Direct RDMA Disabled for GPU 46000 / HCA 1 (distance 6 > 4)
x3004c0s25b1n0:41510:44910 [0] NCCL INFO GPU Direct RDMA Disabled for GPU 7000 / HCA 1 (distance 7 > 4)
x3004c0s25b1n0:41510:45060 [0] NCCL INFO Allocated 4194656 bytes of shared memory in /dev/shm/nccl-BKRcQX

x3004c0s25b1n0:41510:45060 [0] NCCL INFO New proxy recv connection 12 from local rank 0, transport 2
x3004c0s25b1n0:41511:45061 [1] NCCL INFO New proxy recv connection 16 from local rank 1, transport 2
x3004c0s25b1n0:41512:45063 [2] NCCL INFO New proxy recv connection 12 from local rank 2, transport 0
x3004c0s25b1n0:41510:44910 [0] NCCL INFO Connection to proxy localRank 0 -> connection 0x14ece0000f80
x3004c0s25b1n0:41512:44903 [2] NCCL INFO Connection to proxy localRank 2 -> connection 0x14ca54000f80
x3004c0s25b1n0:41512:45063 [2] NCCL INFO transport/p2p.cc:449 Cuda Alloc Size 6291456 pointer 0x14ca46000000
x3004c0s25b1n0:41510:44910 [0] NCCL INFO Channel 00/0 : 8[7000] -> 12[7000] [receive] via NET/IB/1
x3004c0s25b1n0:41510:44910 [0] NCCL INFO GPU Direct RDMA Disabled for GPU 7000 / HCA 0 (distance 7 > 4)
x3004c0s25b1n0:41510:45060 [0] NCCL INFO New proxy recv connection 13 from local rank 0, transport 2
x3004c0s25b1n0:41511:44901 [1] NCCL INFO Connection to proxy localRank 1 -> connection 0x147e90001080
x3004c0s25b1n0:41511:44901 [1] NCCL INFO Channel 02/0 : 8[7000] -> 13[46000] [receive] via NET/IB/1
x3004c0s25b1n0:41511:44901 [1] NCCL INFO GPU Direct RDMA Disabled for GPU 46000 / HCA 0 (distance 7 > 4)
x3004c0s25b1n0:41511:45061 [1] NCCL INFO New proxy recv connection 17 from local rank 1, transport 2
x3004c0s25b1n0:41510:44910 [0] NCCL INFO Connection to proxy localRank 0 -> connection 0x14ece0000fc0
x3004c0s25b1n0:41512:45063 [2] NCCL INFO New proxy recv connection 13 from local rank 2, transport 0
x3004c0s25b1n0:41510:44910 [0] NCCL INFO Channel 01/0 : 8[7000] -> 12[7000] [receive] via NET/IB/0
x3004c0s25b1n0:41510:44910 [0] NCCL INFO GPU Direct RDMA Disabled for GPU 7000 / HCA 1 (distance 7 > 4)
x3004c0s25b1n0:41510:45060 [0] NCCL INFO New proxy send connection 14 from local rank 0, transport 2
x3004c0s25b1n0:41512:44903 [2] NCCL INFO Connection to proxy localRank 2 -> connection 0x14ca54000fc0
x3004c0s25b1n0:41512:45063 [2] NCCL INFO transport/p2p.cc:449 Cuda Alloc Size 6291456 pointer 0x14ca46600000
x3004c0s25b1n0:41511:44901 [1] NCCL INFO Connection to proxy localRank 1 -> connection 0x147e900010c0
x3004c0s25b1n0:41510:44910 [0] NCCL INFO Connection to proxy localRank 0 -> connection 0x14ece0001000
x3004c0s25b1n0:41510:44910 [0] NCCL INFO Channel 02/0 : 12[7000] -> 16[7000] [send] via NET/IB/1
x3004c0s25b1n0:41510:44910 [0] NCCL INFO GPU Direct RDMA Disabled for GPU 7000 / HCA 0 (distance 7 > 4)
x3004c0s25b1n0:41510:45060 [0] NCCL INFO New proxy send connection 15 from local rank 0, transport 2
x3004c0s25b1n0:41512:45063 [2] NCCL INFO New proxy recv connection 14 from local rank 2, transport 0
x3004c0s25b1n0:41510:44910 [0] NCCL INFO Connection to proxy localRank 0 -> connection 0x14ece0001040
x3004c0s25b1n0:41510:44910 [0] NCCL INFO Channel 03/0 : 12[7000] -> 16[7000] [send] via NET/IB/0
x3004c0s25b1n0:41510:45060 [0] NCCL INFO transport/net_ib.cc:596 Ib Alloc Size 26560 pointer 0x14ece0026000
x3004c0s25b1n0:41511:44901 [1] NCCL INFO Channel 03/0 : 8[7000] -> 13[46000] [receive] via NET/IB/0
x3004c0s25b1n0:41510:45060 [0] NCCL INFO NET/IB: Dev 1 Port 1 qpn 10850 mtu 5 GID 0 (80FE/DA0100FEFF000000)
x3004c0s25b1n0:41510:45060 [0] NCCL INFO transport/net_ib.cc:653 Ib Alloc Size 552 pointer 0x14ece003e000
x3004c0s25b1n0:41510:45060 [0] NCCL INFO transport/net.cc:571 Cuda Host Alloc Size 9641984 pointer 0x14ecd2000000
x3004c0s25b1n0:41512:44903 [2] NCCL INFO Connection to proxy localRank 2 -> connection 0x14ca54001000
x3004c0s25b1n0:41512:45063 [2] NCCL INFO transport/p2p.cc:449 Cuda Alloc Size 6291456 pointer 0x14ca46c00000
x3004c0s25b1n0:41510:45060 [0] NCCL INFO transport/net_ib.cc:596 Ib Alloc Size 26560 pointer 0x14ece0040000
x3004c0s25b1n0:41510:45060 [0] NCCL INFO NET/IB: Dev 0 Port 1 qpn 10619 mtu 5 GID 0 (80FE/880100FEFF000000)
x3004c0s25b1n0:41510:45060 [0] NCCL INFO transport/net_ib.cc:653 Ib Alloc Size 552 pointer 0x14ece0057000
x3004c0s25b1n0:41510:45060 [0] NCCL INFO transport/net.cc:571 Cuda Host Alloc Size 9641984 pointer 0x14ecd2a00000
x3004c0s25b1n0:41512:45063 [2] NCCL INFO New proxy recv connection 15 from local rank 2, transport 0
x3004c0s25b1n0:41510:45060 [0] NCCL INFO transport/net_ib.cc:683 Ib Alloc Size 21688 pointer 0x14ece0059000
x3004c0s25b1n0:41510:45060 [0] NCCL INFO transport/net_ib.cc:696 Ib Alloc Size 552 pointer 0x14ece0060000
x3004c0s25b1n0:41510:45060 [0] NCCL INFO transport/net_ib.cc:771 Ib Alloc Size 552 pointer 0x14ece007c000
x3004c0s25b1n0:41510:45060 [0] NCCL INFO transport/net.cc:698 Cuda Host Alloc Size 9641984 pointer 0x14ecd3400000
x3004c0s25b1n0:41512:44903 [2] NCCL INFO Connection to proxy localRank 2 -> connection 0x14ca54001040
x3004c0s25b1n0:41511:45061 [1] NCCL INFO transport/net_ib.cc:683 Ib Alloc Size 21688 pointer 0x147e900be000
x3004c0s25b1n0:41511:45061 [1] NCCL INFO transport/net_ib.cc:696 Ib Alloc Size 552 pointer 0x147e9001a000
x3004c0s25b1n0:41510:45060 [0] NCCL INFO transport/net_ib.cc:683 Ib Alloc Size 21688 pointer 0x14ece007e000
x3004c0s25b1n0:41510:45060 [0] NCCL INFO transport/net_ib.cc:696 Ib Alloc Size 552 pointer 0x14ece0085000
x3004c0s25b1n0:41510:45060 [0] NCCL INFO transport/net_ib.cc:771 Ib Alloc Size 552 pointer 0x14ece00a0000
x3004c0s25b1n0:41510:45060 [0] NCCL INFO transport/net.cc:698 Cuda Host Alloc Size 9641984 pointer 0x14ecca000000
x3004c0s25b1n0:41512:45063 [2] NCCL INFO transport/p2p.cc:449 Cuda Alloc Size 6291456 pointer 0x14ca47200000
x3004c0s25b1n0:41510:44910 [0] NCCL INFO GPU Direct RDMA Disabled for GPU 7000 / HCA 1 (distance 7 > 4)
x3004c0s25b1n0:41510:45060 [0] NCCL INFO New proxy send connection 16 from local rank 0, transport 2
x3004c0s25b1n0:41512:44903 [2] NCCL INFO Channel 00/0 : 14[85000] -> 13[46000] via P2P/IPC/read
x3004c0s25b1n0:41512:45063 [2] NCCL INFO New proxy send connection 16 from local rank 2, transport 0
x3004c0s25b1n0:41511:45061 [1] NCCL INFO transport/net_ib.cc:771 Ib Alloc Size 552 pointer 0x147e900df000
x3004c0s25b1n0:41511:45061 [1] NCCL INFO transport/net.cc:698 Cuda Host Alloc Size 9641984 pointer 0x147e7d200000
x3004c0s25b1n0:41511:45061 [1] NCCL INFO transport/net_ib.cc:683 Ib Alloc Size 21688 pointer 0x147e900e1000
x3004c0s25b1n0:41511:45061 [1] NCCL INFO transport/net_ib.cc:696 Ib Alloc Size 552 pointer 0x147e900e8000
x3004c0s25b1n0:41511:45061 [1] NCCL INFO transport/net_ib.cc:771 Ib Alloc Size 552 pointer 0x147e90103000
x3004c0s25b1n0:41511:45061 [1] NCCL INFO transport/net.cc:698 Cuda Host Alloc Size 9641984 pointer 0x147e7a000000
x3004c0s25b1n0:41511:44901 [1] NCCL INFO GPU Direct RDMA Disabled for GPU 46000 / HCA 1 (distance 6 > 4)
x3004c0s25b1n0:41511:45061 [1] NCCL INFO New proxy send connection 18 from local rank 1, transport 2
x3004c0s25b1n0:41512:44903 [2] NCCL INFO Connection to proxy localRank 2 -> connection 0x14ca54001080
x3004c0s25b1n0:41512:45063 [2] NCCL INFO transport/p2p.cc:430 Cuda Alloc Size 6291456 pointer 0x14ca47800000
x3004c0s25b1n0:41510:44910 [0] NCCL INFO Connection to proxy localRank 0 -> connection 0x14ece0001080
x3004c0s25b1n0:41510:44910 [0] NCCL INFO Channel 02/0 : 12[7000] -> 1[46000] [send] via NET/IB/1
x3004c0s25b1n0:41510:44910 [0] NCCL INFO GPU Direct RDMA Disabled for GPU 7000 / HCA 0 (distance 7 > 4)
x3004c0s25b1n0:41510:45060 [0] NCCL INFO New proxy send connection 17 from local rank 0, transport 2
x3004c0s25b1n0:41511:44901 [1] NCCL INFO Connection to proxy localRank 1 -> connection 0x147e90001100
x3004c0s25b1n0:41511:44901 [1] NCCL INFO Channel 02/0 : 13[46000] -> 8[7000] [send] via NET/IB/1
x3004c0s25b1n0:41511:44901 [1] NCCL INFO GPU Direct RDMA Disabled for GPU 46000 / HCA 0 (distance 7 > 4)
x3004c0s25b1n0:41511:45061 [1] NCCL INFO New proxy send connection 19 from local rank 1, transport 2
x3004c0s25b1n0:41510:44910 [0] NCCL INFO Connection to proxy localRank 0 -> connection 0x14ece00010c0
x3004c0s25b1n0:41510:44910 [0] NCCL INFO Channel 03/0 : 12[7000] -> 1[46000] [send] via NET/IB/0
x3004c0s25b1n0:41510:45060 [0] NCCL INFO transport/net_ib.cc:596 Ib Alloc Size 26560 pointer 0x14ece00ac000
x3004c0s25b1n0:41510:45060 [0] NCCL INFO NET/IB: Dev 1 Port 1 qpn 10855 mtu 5 GID 0 (80FE/DA0100FEFF000000)
x3004c0s25b1n0:41510:45060 [0] NCCL INFO transport/net_ib.cc:653 Ib Alloc Size 552 pointer 0x14ece00c3000
x3004c0s25b1n0:41510:45060 [0] NCCL INFO transport/net.cc:571 Cuda Host Alloc Size 9641984 pointer 0x14eccaa00000
x3004c0s25b1n0:41512:44903 [2] NCCL INFO Channel 01/0 : 14[85000] -> 13[46000] via P2P/IPC/read
x3004c0s25b1n0:41512:45063 [2] NCCL INFO New proxy send connection 17 from local rank 2, transport 0
x3004c0s25b1n0:41511:44901 [1] NCCL INFO Connection to proxy localRank 1 -> connection 0x147e90001140
x3004c0s25b1n0:41511:44901 [1] NCCL INFO Channel 03/0 : 13[46000] -> 8[7000] [send] via NET/IB/0
x3004c0s25b1n0:41510:45060 [0] NCCL INFO transport/net_ib.cc:596 Ib Alloc Size 26560 pointer 0x14ece00c5000
x3004c0s25b1n0:41512:44903 [2] NCCL INFO Connection to proxy localRank 2 -> connection 0x14ca540010c0
x3004c0s25b1n0:41512:45063 [2] NCCL INFO transport/p2p.cc:430 Cuda Alloc Size 6291456 pointer 0x14ca44000000
x3004c0s25b1n0:41510:45060 [0] NCCL INFO NET/IB: Dev 0 Port 1 qpn 10624 mtu 5 GID 0 (80FE/880100FEFF000000)
x3004c0s25b1n0:41510:45060 [0] NCCL INFO transport/net_ib.cc:653 Ib Alloc Size 552 pointer 0x14ece00dc000
x3004c0s25b1n0:41510:45060 [0] NCCL INFO transport/net.cc:571 Cuda Host Alloc Size 9641984 pointer 0x14eccb400000
x3004c0s25b1n0:41512:44903 [2] NCCL INFO Channel 02/0 : 14[85000] -> 13[46000] via P2P/IPC/read
x3004c0s25b1n0:41512:45063 [2] NCCL INFO New proxy send connection 18 from local rank 2, transport 0
x3004c0s25b1n0:41510:44910 [0] NCCL INFO GPU Direct RDMA Disabled for GPU 7000 / HCA 1 (distance 7 > 4)
x3004c0s25b1n0:41510:45060 [0] NCCL INFO New proxy recv connection 18 from local rank 0, transport 2
x3004c0s25b1n0:41512:44903 [2] NCCL INFO Connection to proxy localRank 2 -> connection 0x14ca54001100
x3004c0s25b1n0:41510:44910 [0] NCCL INFO Connection to proxy localRank 0 -> connection 0x14ece0001100
x3004c0s25b1n0:41512:45063 [2] NCCL INFO transport/p2p.cc:430 Cuda Alloc Size 6291456 pointer 0x14ca44600000
x3004c0s25b1n0:41512:44903 [2] NCCL INFO Channel 03/0 : 14[85000] -> 13[46000] via P2P/IPC/read
x3004c0s25b1n0:41512:45063 [2] NCCL INFO New proxy send connection 19 from local rank 2, transport 0
x3004c0s25b1n0:41510:44910 [0] NCCL INFO Channel 02/0 : 1[46000] -> 12[7000] [receive] via NET/IB/1
x3004c0s25b1n0:41510:44910 [0] NCCL INFO GPU Direct RDMA Disabled for GPU 7000 / HCA 0 (distance 7 > 4)
x3004c0s25b1n0:41510:45060 [0] NCCL INFO New proxy recv connection 19 from local rank 0, transport 2
x3004c0s25b1n0:41512:44903 [2] NCCL INFO Connection to proxy localRank 2 -> connection 0x14ca54001140
x3004c0s25b1n0:41512:45063 [2] NCCL INFO transport/p2p.cc:430 Cuda Alloc Size 6291456 pointer 0x14ca44c00000
x3004c0s25b1n0:41510:44910 [0] NCCL INFO Connection to proxy localRank 0 -> connection 0x14ece0001140
x3004c0s25b1n0:41513:44902 [3] NCCL INFO Connected all trees by HAO
x3004c0s25b1n0:41513:44902 [3] NCCL INFO threadThresholds 8/8/64 | 160/8/64 | 512 | 512
x3004c0s25b1n0:41513:44902 [3] NCCL INFO 4 coll channels, 4 p2p channels, 2 p2p channels per peer
x3004c0s25b1n0:41513:45064 [3] NCCL INFO New proxy send connection 12 from local rank 3, transport 2
x3004c0s25b1n0:41510:44910 [0] NCCL INFO Channel 03/0 : 1[46000] -> 12[7000] [receive] via NET/IB/0
x3004c0s25b1n0:41510:45060 [0] NCCL INFO transport/net_ib.cc:683 Ib Alloc Size 21688 pointer 0x14ece00e8000
x3004c0s25b1n0:41510:45060 [0] NCCL INFO transport/net_ib.cc:696 Ib Alloc Size 552 pointer 0x14ece00ef000
x3004c0s25b1n0:41510:45060 [0] NCCL INFO transport/net_ib.cc:771 Ib Alloc Size 552 pointer 0x14ece010a000
x3004c0s25b1n0:41510:45060 [0] NCCL INFO transport/net.cc:698 Cuda Host Alloc Size 9641984 pointer 0x14ecc8000000
x3004c0s25b1n0:41513:44902 [3] NCCL INFO Connection to proxy localRank 3 -> connection 0x1483b4000f80
x3004c0s25b1n0:41513:45064 [3] NCCL INFO transport/net.cc:376 Cuda Alloc Size 8388608 pointer 0x1483aa600000
x3004c0s25b1n0:41510:45060 [0] NCCL INFO transport/net_ib.cc:683 Ib Alloc Size 21688 pointer 0x14ece010c000
x3004c0s25b1n0:41510:45060 [0] NCCL INFO transport/net_ib.cc:696 Ib Alloc Size 552 pointer 0x14ece0113000
x3004c0s25b1n0:41510:45060 [0] NCCL INFO transport/net_ib.cc:771 Ib Alloc Size 552 pointer 0x14ece012e000
x3004c0s25b1n0:41510:45060 [0] NCCL INFO transport/net.cc:698 Cuda Host Alloc Size 9641984 pointer 0x14ecc8a00000
x3004c0s25b1n0:41510:44910 [0] NCCL INFO GPU Direct RDMA Disabled for GPU 7000 / HCA 1 (distance 7 > 4)
x3004c0s25b1n0:41510:45060 [0] NCCL INFO New proxy recv connection 20 from local rank 0, transport 2
x3004c0s25b1n0:41510:44910 [0] NCCL INFO Connection to proxy localRank 0 -> connection 0x14ece0001180
x3004c0s25b1n0:41510:44910 [0] NCCL INFO Channel 02/0 : 16[7000] -> 12[7000] [receive] via NET/IB/1
x3004c0s25b1n0:41510:44910 [0] NCCL INFO GPU Direct RDMA Disabled for GPU 7000 / HCA 0 (distance 7 > 4)
x3004c0s25b1n0:41510:45060 [0] NCCL INFO New proxy recv connection 21 from local rank 0, transport 2
x3004c0s25b1n0:41510:44910 [0] NCCL INFO Connection to proxy localRank 0 -> connection 0x14ece00011c0
x3004c0s25b1n0:41510:44910 [0] NCCL INFO Channel 03/0 : 16[7000] -> 12[7000] [receive] via NET/IB/0
x3004c0s25b1n0:41510:44910 [0] NCCL INFO GPU Direct RDMA Disabled for GPU 7000 / HCA 1 (distance 7 > 4)
x3004c0s25b1n0:41510:45060 [0] NCCL INFO New proxy send connection 22 from local rank 0, transport 2
x3004c0s25b1n0:41510:44910 [0] NCCL INFO Connection to proxy localRank 0 -> connection 0x14ece0001200
x3004c0s25b1n0:41510:44910 [0] NCCL INFO Channel 00/0 : 12[7000] -> 8[7000] [send] via NET/IB/1
x3004c0s25b1n0:41510:44910 [0] NCCL INFO GPU Direct RDMA Disabled for GPU 7000 / HCA 0 (distance 7 > 4)
x3004c0s25b1n0:41510:45060 [0] NCCL INFO New proxy send connection 23 from local rank 0, transport 2
x3004c0s25b1n0:41510:44910 [0] NCCL INFO Connection to proxy localRank 0 -> connection 0x14ece0001240
x3004c0s25b1n0:41510:44910 [0] NCCL INFO Channel 01/0 : 12[7000] -> 8[7000] [send] via NET/IB/0
x3004c0s25b1n0:41511:45061 [1] NCCL INFO transport/net_ib.cc:596 Ib Alloc Size 26560 pointer 0x147e9010f000
x3004c0s25b1n0:41511:45061 [1] NCCL INFO NET/IB: Dev 1 Port 1 qpn 10858 mtu 5 GID 0 (80FE/DA0100FEFF000000)
