x3001c0s7b0n0:43417:47753 [1] NCCL INFO transport/net_ib.cc:596 Ib Alloc Size 26560 pointer 0x150d54128000
x3001c0s7b0n0:43417:47753 [1] NCCL INFO NET/IB: Dev 0 Port 1 qpn 30249 mtu 5 GID 0 (80FE/2E0000FEFF000000)
x3001c0s7b0n0:43417:47753 [1] NCCL INFO transport/net_ib.cc:653 Ib Alloc Size 552 pointer 0x150d5413f000
x3001c0s7b0n0:43417:47753 [1] NCCL INFO transport/net.cc:571 Cuda Host Alloc Size 9641984 pointer 0x150d3f400000
x3001c0s7b0n0:43417:47753 [1] NCCL INFO New proxy recv connection 20 from local rank 1, transport 0
x3001c0s7b0n0:43417:47622 [1] NCCL INFO Connection to proxy localRank 1 -> connection 0x150d54001180
x3001c0s7b0n0:43417:47753 [1] NCCL INFO transport/p2p.cc:449 Cuda Alloc Size 6291456 pointer 0x150d3c000000
x3001c0s7b0n0:43417:47753 [1] NCCL INFO New proxy recv connection 21 from local rank 1, transport 0
x3001c0s7b0n0:43417:47622 [1] NCCL INFO Connection to proxy localRank 1 -> connection 0x150d540011c0
x3001c0s7b0n0:43417:47753 [1] NCCL INFO transport/p2p.cc:449 Cuda Alloc Size 6291456 pointer 0x150d3c600000
x3001c0s7b0n0:43417:47753 [1] NCCL INFO New proxy recv connection 22 from local rank 1, transport 0
x3001c0s7b0n0:43417:47622 [1] NCCL INFO Connection to proxy localRank 1 -> connection 0x150d54001200
x3001c0s7b0n0:43417:47753 [1] NCCL INFO transport/p2p.cc:449 Cuda Alloc Size 6291456 pointer 0x150d3cc00000
x3001c0s7b0n0:43417:47753 [1] NCCL INFO New proxy recv connection 23 from local rank 1, transport 0
x3001c0s7b0n0:43417:47622 [1] NCCL INFO Connection to proxy localRank 1 -> connection 0x150d54001240
x3001c0s7b0n0:43417:47753 [1] NCCL INFO transport/p2p.cc:449 Cuda Alloc Size 6291456 pointer 0x150d3d200000
x3001c0s7b0n0:43417:47622 [1] NCCL INFO Connected all trees by HAO
x3001c0s7b0n0:43417:47622 [1] NCCL INFO threadThresholds 8/8/64 | 160/8/64 | 512 | 512
x3001c0s7b0n0:43417:47622 [1] NCCL INFO 4 coll channels, 4 p2p channels, 2 p2p channels per peer
x3001c0s7b0n0:43418:47620 [2] NCCL INFO Connected all trees by HAO
x3001c0s7b0n0:43418:47620 [2] NCCL INFO threadThresholds 8/8/64 | 160/8/64 | 512 | 512
x3001c0s7b0n0:43418:47620 [2] NCCL INFO 4 coll channels, 4 p2p channels, 2 p2p channels per peer
x3001c0s7b0n0:43418:47761 [2] NCCL INFO Allocated 4194656 bytes of shared memory in /dev/shm/nccl-SoAjue

x3001c0s7b0n0:43418:47761 [2] NCCL INFO New proxy send connection 20 from local rank 2, transport 2
x3001c0s7b0n0:43418:47620 [2] NCCL INFO Connection to proxy localRank 2 -> connection 0x145cf4001180
x3001c0s7b0n0:43418:47761 [2] NCCL INFO transport/net.cc:376 Cuda Alloc Size 8388608 pointer 0x145ce0600000
x3001c0s7b0n0:43417:47753 [1] NCCL INFO New proxy send connection 24 from local rank 1, transport 2
x3001c0s7b0n0:43417:47622 [1] NCCL INFO Connection to proxy localRank 1 -> connection 0x150d54001280
x3001c0s7b0n0:43417:47753 [1] NCCL INFO transport/net.cc:376 Cuda Alloc Size 8388608 pointer 0x150d3b200000
x3001c0s7b0n0:43416:47756 [0] NCCL INFO transport/net_ib.cc:596 Ib Alloc Size 26560 pointer 0x14bfc00b6000
x3001c0s7b0n0:43416:47756 [0] NCCL INFO NET/IB: Dev 1 Port 1 qpn 29258 mtu 5 GID 0 (80FE/6E0000FEFF000000)
x3001c0s7b0n0:43416:47756 [0] NCCL INFO transport/net_ib.cc:653 Ib Alloc Size 552 pointer 0x14bfc00cd000
x3001c0s7b0n0:43416:47756 [0] NCCL INFO transport/net.cc:571 Cuda Host Alloc Size 9641984 pointer 0x14bfb0000000
x3001c0s7b0n0:43416:47756 [0] NCCL INFO transport/net_ib.cc:596 Ib Alloc Size 26560 pointer 0x14bfc00cf000
x3001c0s7b0n0:43416:47756 [0] NCCL INFO NET/IB: Dev 0 Port 1 qpn 30250 mtu 5 GID 0 (80FE/2E0000FEFF000000)
x3001c0s7b0n0:43416:47756 [0] NCCL INFO transport/net_ib.cc:653 Ib Alloc Size 552 pointer 0x14bfc00e6000
x3001c0s7b0n0:43416:47756 [0] NCCL INFO transport/net.cc:571 Cuda Host Alloc Size 9641984 pointer 0x14bfb0a00000
x3001c0s7b0n0:43416:47756 [0] NCCL INFO transport/net_ib.cc:683 Ib Alloc Size 21688 pointer 0x14bfc00e8000
x3001c0s7b0n0:43416:47756 [0] NCCL INFO transport/net_ib.cc:696 Ib Alloc Size 552 pointer 0x14bfc00ef000
x3001c0s7b0n0:43416:47756 [0] NCCL INFO transport/net_ib.cc:771 Ib Alloc Size 552 pointer 0x14bfc010a000
x3001c0s7b0n0:43416:47756 [0] NCCL INFO transport/net.cc:698 Cuda Host Alloc Size 9641984 pointer 0x14bfb1400000
x3001c0s7b0n0:43416:47756 [0] NCCL INFO transport/net_ib.cc:683 Ib Alloc Size 21688 pointer 0x14bfc010c000
x3001c0s7b0n0:43416:47756 [0] NCCL INFO transport/net_ib.cc:696 Ib Alloc Size 552 pointer 0x14bfc0113000
x3001c0s7b0n0:43416:47756 [0] NCCL INFO transport/net_ib.cc:771 Ib Alloc Size 552 pointer 0x14bfc012e000
x3001c0s7b0n0:43416:47756 [0] NCCL INFO transport/net.cc:698 Cuda Host Alloc Size 9641984 pointer 0x14bfae000000
x3001c0s7b0n0:43416:47621 [0] NCCL INFO Connected all trees by HAO
x3001c0s7b0n0:43416:47621 [0] NCCL INFO threadThresholds 8/8/64 | 160/8/64 | 512 | 512
x3001c0s7b0n0:43416:47621 [0] NCCL INFO 4 coll channels, 4 p2p channels, 2 p2p channels per peer
x3001c0s7b0n0:43416:47756 [0] NCCL INFO New proxy send connection 20 from local rank 0, transport 2
x3001c0s7b0n0:43416:47621 [0] NCCL INFO Connection to proxy localRank 0 -> connection 0x14bfc0001180
x3001c0s7b0n0:43416:47621 [0] NCCL INFO init.cc:367 Cuda Alloc Size 5168 pointer 0x14c01b81fc00
x3001c0s7b0n0:43417:47622 [1] NCCL INFO init.cc:367 Cuda Alloc Size 5168 pointer 0x150dab81fc00
x3001c0s7b0n0:43419:47619 [3] NCCL INFO init.cc:367 Cuda Alloc Size 5168 pointer 0x14f957822200
x3001c0s7b0n0:43419:47619 [3] NCCL INFO init.cc:392 Cuda Host Alloc Size 33554432 pointer 0x14f8ba000000
x3001c0s7b0n0:43419:47619 [3] NCCL INFO init.cc:398 Cuda Host Alloc Size 128 pointer 0x14f956e00e00
x3001c0s7b0n0:43419:47619 [3] NCCL INFO comm 0x55780dbbb960 rank 19 nranks 20 cudaDev 3 busId c7000 - Init COMPLETE
x3001c0s7b0n0:43417:47622 [1] NCCL INFO init.cc:392 Cuda Host Alloc Size 33554432 pointer 0x150d38000000
x3001c0s7b0n0:43417:47622 [1] NCCL INFO init.cc:398 Cuda Host Alloc Size 128 pointer 0x150daae00a00
x3001c0s7b0n0:43417:47622 [1] NCCL INFO comm 0x564f51e856a0 rank 17 nranks 20 cudaDev 1 busId 46000 - Init COMPLETE
x3001c0s7b0n0:43418:47620 [2] NCCL INFO init.cc:367 Cuda Alloc Size 5168 pointer 0x145d4b81fc00
x3001c0s7b0n0:43418:47620 [2] NCCL INFO init.cc:392 Cuda Host Alloc Size 33554432 pointer 0x145cde000000
x3001c0s7b0n0:43418:47620 [2] NCCL INFO init.cc:398 Cuda Host Alloc Size 128 pointer 0x145d4ae00a00
x3001c0s7b0n0:43418:47620 [2] NCCL INFO comm 0x5646fc3b1b30 rank 18 nranks 20 cudaDev 2 busId 85000 - Init COMPLETE
x3001c0s7b0n0:43416:47621 [0] NCCL INFO init.cc:392 Cuda Host Alloc Size 33554432 pointer 0x14bfac000000
x3001c0s7b0n0:43416:47621 [0] NCCL INFO init.cc:398 Cuda Host Alloc Size 128 pointer 0x14c01ae00a00
x3001c0s7b0n0:43416:47621 [0] NCCL INFO comm 0x55fb65d94250 rank 16 nranks 20 cudaDev 0 busId 7000 - Init COMPLETE
x3001c0s7b0n0:43416:47756 [0] NCCL INFO transport/net.cc:376 Cuda Alloc Size 8388608 pointer 0x14bfaea00000
x3001c0s7b0n0:43419:43419 [3] NCCL INFO AllReduce: opCount 0 sendbuff 0x14f997600400 recvbuff 0x14f997600400 count 1 datatype 4 op 0 root 0 comm 0x55780dbbb960 [nranks=20] stream 0x55780b961170
x3001c0s7b0n0:43419:43419 [3] NCCL INFO misc/utils.cc:235 memory stack hunk malloc(65536)
[LYD INFO in ncclLaunchKernel (enqueue.cc)] NCHANNELS is: 4x3001c0s7b0n0:43416:43416 [0] NCCL INFO AllReduce: opCount 0 sendbuff 0x14c05b600400 recvbuff 0x14c05b600400 count 1 datatype 4 op 0 root 0 comm 0x55fb65d94250 [nranks=20] stream 0x55fb62c3ce20
x3001c0s7b0n0:43416:43416 [0] NCCL INFO misc/utils.cc:235 memory stack hunk malloc(65536)
[LYD INFO in ncclLaunchKernel (enqueue.cc)] NCHANNELS is: 4x3001c0s7b0n0:43417:43417 [1] NCCL INFO AllReduce: opCount 0 sendbuff 0x150deb600400 recvbuff 0x150deb600400 count 1 datatype 4 op 0 root 0 comm 0x564f51e856a0 [nranks=20] stream 0x564f4ed3fe30
x3001c0s7b0n0:43417:43417 [1] NCCL INFO misc/utils.cc:235 memory stack hunk malloc(65536)
[LYD INFO in ncclLaunchKernel (enqueue.cc)] NCHANNELS is: 4x3001c0s7b0n0:43418:43418 [2] NCCL INFO AllReduce: opCount 0 sendbuff 0x145d8b600400 recvbuff 0x145d8b600400 count 1 datatype 4 op 0 root 0 comm 0x5646fc3b1b30 [nranks=20] stream 0x5646fa700ee0
x3001c0s7b0n0:43418:43418 [2] NCCL INFO misc/utils.cc:235 memory stack hunk malloc(65536)
[LYD INFO in ncclLaunchKernel (enqueue.cc)] NCHANNELS is: 4
[LYD INFO in NCCL_KERN_NAME (common.h)] 18 AllReduce TREE LL Sum int64_t Elapsed time: 407450 us

[LYD INFO in NCCL_KERN_NAME (common.h)] 16 AllReduce TREE LL Sum int64_t Elapsed time: 443041 us

[LYD INFO in NCCL_KERN_NAME (common.h)] 17 AllReduce TREE LL Sum int64_t Elapsed time: 430737 us
[Hao INFO in ncclAllReduce (all_reduce.cc)] rank 2 ncclAllReduce: count: 1, datatype: ncclInt64, message size: 8 Bytes
x3001c0s7b0n0:43418:43418 [2] NCCL INFO AllReduce: opCount 0 sendbuff 0x145d8b600400 recvbuff 0x145d8b600400 count 1 datatype 4 op 0 root 0 comm 0x5646fbe27a60 [nranks=1] stream 0x5646fa700da0

[LYD INFO in ncclAllReduce (all_reduce.cc)] rank 0 AllReduce Time: 0.000038000 seconds
x3001c0s7b0n0:43418:43418 [2] NCCL INFO AllReduce: opCount 1 sendbuff 0x145d8b600400 recvbuff 0x145d8b600400 count 1 datatype 4 op 0 root 0 comm 0x5646fc3b1b30 [nranks=20] stream 0x5646fa700ee0
[LYD INFO in ncclLaunchKernel (enqueue.cc)] NCHANNELS is: 4[Hao INFO in ncclAllReduce (all_reduce.cc)] rank 1 ncclAllReduce: count: 1, datatype: ncclInt64, message size: 8 Bytes
x3001c0s7b0n0:43417:43417 [1] NCCL INFO AllReduce: opCount 0 sendbuff 0x150deb600400 recvbuff 0x150deb600400 count 1 datatype 4 op 0 root 0 comm 0x564f5094f620 [nranks=1] stream 0x564f4ed608c0

[LYD INFO in ncclAllReduce (all_reduce.cc)] rank 0 AllReduce Time: 0.000014000 seconds
x3001c0s7b0n0:43417:43417 [1] NCCL INFO AllReduce: opCount 1 sendbuff 0x150deb600400 recvbuff 0x150deb600400 count 1 datatype 4 op 0 root 0 comm 0x564f51e856a0 [nranks=20] stream 0x564f4ed3fe30
[LYD INFO in ncclLaunchKernel (enqueue.cc)] NCHANNELS is: 4[Hao INFO in ncclAllReduce (all_reduce.cc)] rank 0 ncclAllReduce: count: 1, datatype: ncclInt64, message size: 8 Bytes
x3001c0s7b0n0:43416:43416 [0] NCCL INFO AllReduce: opCount 0 sendbuff 0x14c05b600400 recvbuff 0x14c05b600400 count 1 datatype 4 op 0 root 0 comm 0x55fb64bd8280 [nranks=1] stream 0x55fb62c5f280

[LYD INFO in ncclAllReduce (all_reduce.cc)] rank 0 AllReduce Time: 0.000015000 seconds
x3001c0s7b0n0:43416:43416 [0] NCCL INFO AllReduce: opCount 1 sendbuff 0x14c05b600400 recvbuff 0x14c05b600400 count 1 datatype 4 op 0 root 0 comm 0x55fb65d94250 [nranks=20] stream 0x55fb62c3ce20
[LYD INFO in ncclLaunchKernel (enqueue.cc)] NCHANNELS is: 4
[LYD INFO in NCCL_KERN_NAME (common.h)] 19 AllReduce TREE LL Sum int64_t Elapsed time: 461294 us
[Hao INFO in ncclAllReduce (all_reduce.cc)] rank 3 ncclAllReduce: count: 1, datatype: ncclInt64, message size: 8 Bytes
x3001c0s7b0n0:43419:43419 [3] NCCL INFO AllReduce: opCount 0 sendbuff 0x14f997600400 recvbuff 0x14f997600400 count 1 datatype 4 op 0 root 0 comm 0x55780ebb0200 [nranks=1] stream 0x55780b961030

[LYD INFO in ncclAllReduce (all_reduce.cc)] rank 0 AllReduce Time: 0.000015000 seconds
x3001c0s7b0n0:43419:43419 [3] NCCL INFO AllReduce: opCount 1 sendbuff 0x14f997600400 recvbuff 0x14f997600400 count 1 datatype 4 op 0 root 0 comm 0x55780dbbb960 [nranks=20] stream 0x55780b961170
[LYD INFO in ncclLaunchKernel (enqueue.cc)] NCHANNELS is: 4