x3002c0s1b1n0:21062:25745 [3] NCCL INFO                             + NVL[88.0] - GPU/C7000
x3002c0s1b1n0:21062:25745 [3] NCCL INFO                             + NVL[88.0] - GPU/7000
x3002c0s1b1n0:21062:25745 [3] NCCL INFO + PCI[12.0] - NIC/43000
x3002c0s1b1n0:21062:25745 [3] NCCL INFO               + NET[12.5] - NET/1 (5ce604ffffa4e988/1/12.500000)
x3002c0s1b1n0:21062:25745 [3] NCCL INFO CPU/1 (1/2/-1)
x3002c0s1b1n0:21062:25745 [3] NCCL INFO + SYS[5000.0] - CPU/3
x3002c0s1b1n0:21062:25745 [3] NCCL INFO + SYS[5000.0] - CPU/2
x3002c0s1b1n0:21062:25745 [3] NCCL INFO + SYS[5000.0] - CPU/0
x3002c0s1b1n0:21062:25745 [3] NCCL INFO + PCI[24.0] - PCI/83000 (11f8406811f8beef)
x3002c0s1b1n0:21062:25745 [3] NCCL INFO               + PCI[24.0] - GPU/85000 (14)
x3002c0s1b1n0:21062:25745 [3] NCCL INFO                             + NVL[88.0] - GPU/C7000
x3002c0s1b1n0:21062:25745 [3] NCCL INFO                             + NVL[88.0] - GPU/46000
x3002c0s1b1n0:21062:25745 [3] NCCL INFO                             + NVL[88.0] - GPU/7000
x3002c0s1b1n0:21062:25745 [3] NCCL INFO CPU/0 (1/2/-1)
x3002c0s1b1n0:21062:25745 [3] NCCL INFO + SYS[5000.0] - CPU/3
x3002c0s1b1n0:21062:25745 [3] NCCL INFO + SYS[5000.0] - CPU/2
x3002c0s1b1n0:21062:25745 [3] NCCL INFO + SYS[5000.0] - CPU/1
x3002c0s1b1n0:21062:25745 [3] NCCL INFO + PCI[24.0] - PCI/C5000 (11f8406811f8beef)
x3002c0s1b1n0:21062:25745 [3] NCCL INFO               + PCI[24.0] - GPU/C7000 (15)
x3002c0s1b1n0:21062:25745 [3] NCCL INFO                             + NVL[88.0] - GPU/85000
x3002c0s1b1n0:21062:25745 [3] NCCL INFO                             + NVL[88.0] - GPU/46000
x3002c0s1b1n0:21062:25745 [3] NCCL INFO                             + NVL[88.0] - GPU/7000
x3002c0s1b1n0:21062:25745 [3] NCCL INFO + PCI[12.0] - NIC/C8000
x3002c0s1b1n0:21062:25745 [3] NCCL INFO               + NET[12.5] - NET/0 (70e604ffffa4e988/1/12.500000)
x3002c0s1b1n0:21062:25745 [3] NCCL INFO ==========================================
x3002c0s1b1n0:21062:25745 [3] NCCL INFO GPU/7000 :GPU/7000 (0/5000.000000/LOC) GPU/46000 (1/88.000000/NVL) GPU/85000 (1/88.000000/NVL) GPU/C7000 (1/88.000000/NVL) CPU/3 (2/24.000000/PHB) CPU/2 (3/24.000000/SYS) CPU/1 (3/24.000000/SYS) CPU/0 (3/24.000000/SYS) NET/1 (5/12.000000/SYS) NET/0 (5/12.000000/SYS) 
x3002c0s1b1n0:21062:25745 [3] NCCL INFO GPU/46000 :GPU/7000 (1/88.000000/NVL) GPU/46000 (0/5000.000000/LOC) GPU/85000 (1/88.000000/NVL) GPU/C7000 (1/88.000000/NVL) CPU/3 (3/24.000000/SYS) CPU/2 (2/24.000000/PHB) CPU/1 (3/24.000000/SYS) CPU/0 (3/24.000000/SYS) NET/1 (4/12.000000/PHB) NET/0 (5/12.000000/SYS) 
x3002c0s1b1n0:21062:25745 [3] NCCL INFO GPU/85000 :GPU/7000 (1/88.000000/NVL) GPU/46000 (1/88.000000/NVL) GPU/85000 (0/5000.000000/LOC) GPU/C7000 (1/88.000000/NVL) CPU/3 (3/24.000000/SYS) CPU/2 (3/24.000000/SYS) CPU/1 (2/24.000000/PHB) CPU/0 (3/24.000000/SYS) NET/1 (5/12.000000/SYS) NET/0 (5/12.000000/SYS) 
x3002c0s1b1n0:21062:25745 [3] NCCL INFO GPU/C7000 :GPU/7000 (1/88.000000/NVL) GPU/46000 (1/88.000000/NVL) GPU/85000 (1/88.000000/NVL) GPU/C7000 (0/5000.000000/LOC) CPU/3 (3/24.000000/SYS) CPU/2 (3/24.000000/SYS) CPU/1 (3/24.000000/SYS) CPU/0 (2/24.000000/PHB) NET/1 (5/12.000000/SYS) NET/0 (4/12.000000/PHB) 
x3002c0s1b1n0:21062:25745 [3] NCCL INFO NET/1 :GPU/7000 (5/12.000000/SYS) GPU/46000 (4/12.000000/PHB) GPU/85000 (5/12.000000/SYS) GPU/C7000 (5/12.000000/SYS) CPU/3 (3/12.000000/SYS) CPU/2 (2/12.000000/PHB) CPU/1 (3/12.000000/SYS) CPU/0 (3/12.000000/SYS) NET/1 (0/5000.000000/LOC) NET/0 (5/12.000000/SYS) 
x3002c0s1b1n0:21062:25745 [3] NCCL INFO NET/0 :GPU/7000 (5/12.000000/SYS) GPU/46000 (5/12.000000/SYS) GPU/85000 (5/12.000000/SYS) GPU/C7000 (4/12.000000/PHB) CPU/3 (3/12.000000/SYS) CPU/2 (3/12.000000/SYS) CPU/1 (3/12.000000/SYS) CPU/0 (2/12.000000/PHB) NET/1 (5/12.000000/SYS) NET/0 (0/5000.000000/LOC) 
x3002c0s1b1n0:21062:25745 [3] NCCL INFO Setting affinity for GPU 3 to 01
x3002c0s1b1n0:21061:25747 [2] NCCL INFO NET/IB : GPU Direct RDMA Enabled for HCA 0 'mlx5_0'
x3002c0s1b1n0:21061:25747 [2] NCCL INFO NET/IB : GPU Direct RDMA Enabled for HCA 1 'mlx5_1'
x3002c0s1b1n0:21061:25747 [2] NCCL INFO GPU Direct RDMA Disabled for GPU 7000 / HCA 1 (distance 7 > 4)
x3002c0s1b1n0:21061:25747 [2] NCCL INFO GPU Direct RDMA Disabled for GPU 46000 / HCA 1 (distance 6 > 4)
x3002c0s1b1n0:21061:25747 [2] NCCL INFO GPU Direct RDMA Disabled for GPU 85000 / HCA 1 (distance 7 > 4)
x3002c0s1b1n0:21061:25747 [2] NCCL INFO GPU Direct RDMA Disabled for GPU c7000 / HCA 1 (distance 7 > 4)
x3002c0s1b1n0:21061:25747 [2] NCCL INFO GPU Direct RDMA Disabled for GPU 7000 / HCA 0 (distance 7 > 4)
x3002c0s1b1n0:21061:25747 [2] NCCL INFO GPU Direct RDMA Disabled for GPU 46000 / HCA 0 (distance 7 > 4)
x3002c0s1b1n0:21061:25747 [2] NCCL INFO GPU Direct RDMA Disabled for GPU 85000 / HCA 0 (distance 7 > 4)
x3002c0s1b1n0:21061:25747 [2] NCCL INFO GPU Direct RDMA Disabled for GPU c7000 / HCA 0 (distance 6 > 4)
x3002c0s1b1n0:21061:25747 [2] NCCL INFO GPU Direct RDMA Disabled for GPU 7000 / HCA 1 (distance 7 > 4)
x3002c0s1b1n0:21061:25747 [2] NCCL INFO GPU Direct RDMA Disabled for GPU 46000 / HCA 1 (distance 6 > 4)
x3002c0s1b1n0:21061:25747 [2] NCCL INFO GPU Direct RDMA Disabled for GPU 85000 / HCA 1 (distance 7 > 4)
x3002c0s1b1n0:21061:25747 [2] NCCL INFO GPU Direct RDMA Disabled for GPU c7000 / HCA 1 (distance 7 > 4)
x3002c0s1b1n0:21061:25747 [2] NCCL INFO GPU Direct RDMA Disabled for GPU 7000 / HCA 0 (distance 7 > 4)
x3002c0s1b1n0:21061:25747 [2] NCCL INFO GPU Direct RDMA Disabled for GPU 46000 / HCA 0 (distance 7 > 4)
x3002c0s1b1n0:21061:25747 [2] NCCL INFO GPU Direct RDMA Disabled for GPU 85000 / HCA 0 (distance 7 > 4)
x3002c0s1b1n0:21061:25747 [2] NCCL INFO GPU Direct RDMA Disabled for GPU c7000 / HCA 0 (distance 6 > 4)
x3002c0s1b1n0:21061:25747 [2] NCCL INFO === System : maxBw 12.0 totalBw 264.0 ===
x3002c0s1b1n0:21061:25747 [2] NCCL INFO CPU/3 (1/2/-1)
x3002c0s1b1n0:21061:25747 [2] NCCL INFO + SYS[5000.0] - CPU/2
x3002c0s1b1n0:21061:25747 [2] NCCL INFO + SYS[5000.0] - CPU/1
x3002c0s1b1n0:21061:25747 [2] NCCL INFO + SYS[5000.0] - CPU/0
x3002c0s1b1n0:21061:25747 [2] NCCL INFO + PCI[24.0] - PCI/5000 (11f8406811f8beef)
x3002c0s1b1n0:21061:25747 [2] NCCL INFO               + PCI[24.0] - GPU/7000 (12)
x3002c0s1b1n0:21061:25747 [2] NCCL INFO                             + NVL[88.0] - GPU/85000
x3002c0s1b1n0:21061:25747 [2] NCCL INFO                             + NVL[88.0] - GPU/C7000
x3002c0s1b1n0:21061:25747 [2] NCCL INFO                             + NVL[88.0] - GPU/46000
x3002c0s1b1n0:21061:25747 [2] NCCL INFO CPU/2 (1/2/-1)
x3002c0s1b1n0:21061:25747 [2] NCCL INFO + SYS[5000.0] - CPU/3
x3002c0s1b1n0:21061:25747 [2] NCCL INFO + SYS[5000.0] - CPU/1
x3002c0s1b1n0:21061:25747 [2] NCCL INFO + SYS[5000.0] - CPU/0
x3002c0s1b1n0:21061:25747 [2] NCCL INFO + PCI[24.0] - PCI/44000 (11f8406811f8beef)
x3002c0s1b1n0:21061:25747 [2] NCCL INFO               + PCI[24.0] - GPU/46000 (13)
x3002c0s1b1n0:21061:25747 [2] NCCL INFO                             + NVL[88.0] - GPU/85000
x3002c0s1b1n0:21061:25747 [2] NCCL INFO                             + NVL[88.0] - GPU/C7000
x3002c0s1b1n0:21061:25747 [2] NCCL INFO                             + NVL[88.0] - GPU/7000
x3002c0s1b1n0:21061:25747 [2] NCCL INFO + PCI[12.0] - NIC/43000
x3002c0s1b1n0:21061:25747 [2] NCCL INFO               + NET[12.5] - NET/1 (5ce604ffffa4e988/1/12.500000)
x3002c0s1b1n0:21061:25747 [2] NCCL INFO CPU/1 (1/2/-1)
x3002c0s1b1n0:21061:25747 [2] NCCL INFO + SYS[5000.0] - CPU/3
x3002c0s1b1n0:21061:25747 [2] NCCL INFO + SYS[5000.0] - CPU/2
x3002c0s1b1n0:21061:25747 [2] NCCL INFO + SYS[5000.0] - CPU/0
x3002c0s1b1n0:21061:25747 [2] NCCL INFO + PCI[24.0] - PCI/83000 (11f8406811f8beef)
x3002c0s1b1n0:21061:25747 [2] NCCL INFO               + PCI[24.0] - GPU/85000 (14)
x3002c0s1b1n0:21061:25747 [2] NCCL INFO                             + NVL[88.0] - GPU/C7000
x3002c0s1b1n0:21061:25747 [2] NCCL INFO                             + NVL[88.0] - GPU/46000
x3002c0s1b1n0:21061:25747 [2] NCCL INFO                             + NVL[88.0] - GPU/7000
x3002c0s1b1n0:21061:25747 [2] NCCL INFO CPU/0 (1/2/-1)
x3002c0s1b1n0:21061:25747 [2] NCCL INFO + SYS[5000.0] - CPU/3
x3002c0s1b1n0:21061:25747 [2] NCCL INFO + SYS[5000.0] - CPU/2
x3002c0s1b1n0:21061:25747 [2] NCCL INFO + SYS[5000.0] - CPU/1
x3002c0s1b1n0:21061:25747 [2] NCCL INFO + PCI[24.0] - PCI/C5000 (11f8406811f8beef)
x3002c0s1b1n0:21061:25747 [2] NCCL INFO               + PCI[24.0] - GPU/C7000 (15)
x3002c0s1b1n0:21061:25747 [2] NCCL INFO                             + NVL[88.0] - GPU/85000
x3002c0s1b1n0:21061:25747 [2] NCCL INFO                             + NVL[88.0] - GPU/46000
x3002c0s1b1n0:21061:25747 [2] NCCL INFO                             + NVL[88.0] - GPU/7000
x3002c0s1b1n0:21061:25747 [2] NCCL INFO + PCI[12.0] - NIC/C8000
x3002c0s1b1n0:21061:25747 [2] NCCL INFO               + NET[12.5] - NET/0 (70e604ffffa4e988/1/12.500000)
x3002c0s1b1n0:21061:25747 [2] NCCL INFO ==========================================
x3002c0s1b1n0:21061:25747 [2] NCCL INFO GPU/7000 :GPU/7000 (0/5000.000000/LOC) GPU/46000 (1/88.000000/NVL) GPU/85000 (1/88.000000/NVL) GPU/C7000 (1/88.000000/NVL) CPU/3 (2/24.000000/PHB) CPU/2 (3/24.000000/SYS) CPU/1 (3/24.000000/SYS) CPU/0 (3/24.000000/SYS) NET/1 (5/12.000000/SYS) NET/0 (5/12.000000/SYS) 
x3002c0s1b1n0:21061:25747 [2] NCCL INFO GPU/46000 :GPU/7000 (1/88.000000/NVL) GPU/46000 (0/5000.000000/LOC) GPU/85000 (1/88.000000/NVL) GPU/C7000 (1/88.000000/NVL) CPU/3 (3/24.000000/SYS) CPU/2 (2/24.000000/PHB) CPU/1 (3/24.000000/SYS) CPU/0 (3/24.000000/SYS) NET/1 (4/12.000000/PHB) NET/0 (5/12.000000/SYS) 
x3002c0s1b1n0:21061:25747 [2] NCCL INFO GPU/85000 :GPU/7000 (1/88.000000/NVL) GPU/46000 (1/88.000000/NVL) GPU/85000 (0/5000.000000/LOC) GPU/C7000 (1/88.000000/NVL) CPU/3 (3/24.000000/SYS) CPU/2 (3/24.000000/SYS) CPU/1 (2/24.000000/PHB) CPU/0 (3/24.000000/SYS) NET/1 (5/12.000000/SYS) NET/0 (5/12.000000/SYS) 
x3002c0s1b1n0:21061:25747 [2] NCCL INFO GPU/C7000 :GPU/7000 (1/88.000000/NVL) GPU/46000 (1/88.000000/NVL) GPU/85000 (1/88.000000/NVL) GPU/C7000 (0/5000.000000/LOC) CPU/3 (3/24.000000/SYS) CPU/2 (3/24.000000/SYS) CPU/1 (3/24.000000/SYS) CPU/0 (2/24.000000/PHB) NET/1 (5/12.000000/SYS) NET/0 (4/12.000000/PHB) 
x3002c0s1b1n0:21061:25747 [2] NCCL INFO NET/1 :GPU/7000 (5/12.000000/SYS) GPU/46000 (4/12.000000/PHB) GPU/85000 (5/12.000000/SYS) GPU/C7000 (5/12.000000/SYS) CPU/3 (3/12.000000/SYS) CPU/2 (2/12.000000/PHB) CPU/1 (3/12.000000/SYS) CPU/0 (3/12.000000/SYS) NET/1 (0/5000.000000/LOC) NET/0 (5/12.000000/SYS) 
x3002c0s1b1n0:21061:25747 [2] NCCL INFO NET/0 :GPU/7000 (5/12.000000/SYS) GPU/46000 (5/12.000000/SYS) GPU/85000 (5/12.000000/SYS) GPU/C7000 (4/12.000000/PHB) CPU/3 (3/12.000000/SYS) CPU/2 (3/12.000000/SYS) CPU/1 (3/12.000000/SYS) CPU/0 (2/12.000000/PHB) NET/1 (5/12.000000/SYS) NET/0 (0/5000.000000/LOC) 
x3002c0s1b1n0:21061:25747 [2] NCCL INFO Pattern 4, crossNic 0, nChannels 2, bw 12.000000/12.000000, type NVL/SYS, sameChannels 1
x3002c0s1b1n0:21061:25747 [2] NCCL INFO  0 : NET/1 GPU/13 GPU/12 GPU/14 GPU/15 NET/1
x3002c0s1b1n0:21061:25747 [2] NCCL INFO  1 : NET/0 GPU/13 GPU/12 GPU/14 GPU/15 NET/0
x3002c0s1b1n0:21061:25747 [2] NCCL INFO Pattern 1, crossNic 0, nChannels 2, bw 24.000000/12.000000, type NVL/SYS, sameChannels 1
x3002c0s1b1n0:21061:25747 [2] NCCL INFO  0 : NET/1 GPU/12 GPU/13 GPU/14 GPU/15 NET/1
x3002c0s1b1n0:21061:25747 [2] NCCL INFO  1 : NET/0 GPU/12 GPU/13 GPU/14 GPU/15 NET/0
x3002c0s1b1n0:21061:25747 [2] NCCL INFO Pattern 3, crossNic 0, nChannels 0, bw 0.000000/0.000000, type NVL/PIX, sameChannels 1
x3002c0s1b1n0:21062:25745 [3] NCCL INFO Pattern 4, crossNic 0, nChannels 2, bw 12.000000/12.000000, type NVL/SYS, sameChannels 1
x3002c0s1b1n0:21062:25745 [3] NCCL INFO  0 : NET/1 GPU/13 GPU/12 GPU/14 GPU/15 NET/1
x3002c0s1b1n0:21062:25745 [3] NCCL INFO  1 : NET/0 GPU/13 GPU/12 GPU/14 GPU/15 NET/0
x3002c0s1b1n0:21062:25745 [3] NCCL INFO Pattern 1, crossNic 0, nChannels 2, bw 24.000000/12.000000, type NVL/SYS, sameChannels 1
x3002c0s1b1n0:21062:25745 [3] NCCL INFO  0 : NET/1 GPU/12 GPU/13 GPU/14 GPU/15 NET/1
x3002c0s1b1n0:21062:25745 [3] NCCL INFO  1 : NET/0 GPU/12 GPU/13 GPU/14 GPU/15 NET/0
x3002c0s1b1n0:21062:25745 [3] NCCL INFO Pattern 3, crossNic 0, nChannels 0, bw 0.000000/0.000000, type NVL/PIX, sameChannels 1
x3002c0s1b1n0:21059:25746 [0] NCCL INFO NET/IB : GPU Direct RDMA Enabled for HCA 0 'mlx5_0'
x3002c0s1b1n0:21059:25746 [0] NCCL INFO NET/IB : GPU Direct RDMA Enabled for HCA 1 'mlx5_1'
x3002c0s1b1n0:21059:25746 [0] NCCL INFO GPU Direct RDMA Disabled for GPU 7000 / HCA 1 (distance 7 > 4)
x3002c0s1b1n0:21059:25746 [0] NCCL INFO GPU Direct RDMA Disabled for GPU 46000 / HCA 1 (distance 6 > 4)
x3002c0s1b1n0:21059:25746 [0] NCCL INFO GPU Direct RDMA Disabled for GPU 85000 / HCA 1 (distance 7 > 4)
x3002c0s1b1n0:21059:25746 [0] NCCL INFO GPU Direct RDMA Disabled for GPU c7000 / HCA 1 (distance 7 > 4)
x3002c0s1b1n0:21059:25746 [0] NCCL INFO GPU Direct RDMA Disabled for GPU 7000 / HCA 0 (distance 7 > 4)
x3002c0s1b1n0:21059:25746 [0] NCCL INFO GPU Direct RDMA Disabled for GPU 46000 / HCA 0 (distance 7 > 4)
x3002c0s1b1n0:21059:25746 [0] NCCL INFO GPU Direct RDMA Disabled for GPU 85000 / HCA 0 (distance 7 > 4)
x3002c0s1b1n0:21059:25746 [0] NCCL INFO GPU Direct RDMA Disabled for GPU c7000 / HCA 0 (distance 6 > 4)
x3002c0s1b1n0:21059:25746 [0] NCCL INFO GPU Direct RDMA Disabled for GPU 7000 / HCA 1 (distance 7 > 4)
x3002c0s1b1n0:21059:25746 [0] NCCL INFO GPU Direct RDMA Disabled for GPU 46000 / HCA 1 (distance 6 > 4)
x3002c0s1b1n0:21059:25746 [0] NCCL INFO GPU Direct RDMA Disabled for GPU 85000 / HCA 1 (distance 7 > 4)
x3002c0s1b1n0:21059:25746 [0] NCCL INFO GPU Direct RDMA Disabled for GPU c7000 / HCA 1 (distance 7 > 4)
x3002c0s1b1n0:21059:25746 [0] NCCL INFO GPU Direct RDMA Disabled for GPU 7000 / HCA 0 (distance 7 > 4)
x3002c0s1b1n0:21059:25746 [0] NCCL INFO GPU Direct RDMA Disabled for GPU 46000 / HCA 0 (distance 7 > 4)
x3002c0s1b1n0:21059:25746 [0] NCCL INFO GPU Direct RDMA Disabled for GPU 85000 / HCA 0 (distance 7 > 4)
x3002c0s1b1n0:21059:25746 [0] NCCL INFO GPU Direct RDMA Disabled for GPU c7000 / HCA 0 (distance 6 > 4)
x3002c0s1b1n0:21059:25746 [0] NCCL INFO === System : maxBw 12.0 totalBw 264.0 ===
x3002c0s1b1n0:21059:25746 [0] NCCL INFO CPU/3 (1/2/-1)
x3002c0s1b1n0:21059:25746 [0] NCCL INFO + SYS[5000.0] - CPU/2
x3002c0s1b1n0:21059:25746 [0] NCCL INFO + SYS[5000.0] - CPU/1
x3002c0s1b1n0:21059:25746 [0] NCCL INFO + SYS[5000.0] - CPU/0
x3002c0s1b1n0:21059:25746 [0] NCCL INFO + PCI[24.0] - PCI/5000 (11f8406811f8beef)
x3002c0s1b1n0:21059:25746 [0] NCCL INFO               + PCI[24.0] - GPU/7000 (12)
x3002c0s1b1n0:21059:25746 [0] NCCL INFO                             + NVL[88.0] - GPU/85000
x3002c0s1b1n0:21059:25746 [0] NCCL INFO                             + NVL[88.0] - GPU/C7000
x3002c0s1b1n0:21059:25746 [0] NCCL INFO                             + NVL[88.0] - GPU/46000
x3002c0s1b1n0:21059:25746 [0] NCCL INFO CPU/2 (1/2/-1)
x3002c0s1b1n0:21059:25746 [0] NCCL INFO + SYS[5000.0] - CPU/3
x3002c0s1b1n0:21059:25746 [0] NCCL INFO + SYS[5000.0] - CPU/1
x3002c0s1b1n0:21059:25746 [0] NCCL INFO + SYS[5000.0] - CPU/0
x3002c0s1b1n0:21059:25746 [0] NCCL INFO + PCI[24.0] - PCI/44000 (11f8406811f8beef)
x3002c0s1b1n0:21059:25746 [0] NCCL INFO               + PCI[24.0] - GPU/46000 (13)
x3002c0s1b1n0:21059:25746 [0] NCCL INFO                             + NVL[88.0] - GPU/85000
x3002c0s1b1n0:21059:25746 [0] NCCL INFO                             + NVL[88.0] - GPU/C7000
x3002c0s1b1n0:21059:25746 [0] NCCL INFO                             + NVL[88.0] - GPU/7000
x3002c0s1b1n0:21059:25746 [0] NCCL INFO + PCI[12.0] - NIC/43000
x3002c0s1b1n0:21059:25746 [0] NCCL INFO               + NET[12.5] - NET/1 (5ce604ffffa4e988/1/12.500000)
x3002c0s1b1n0:21059:25746 [0] NCCL INFO CPU/1 (1/2/-1)
x3002c0s1b1n0:21059:25746 [0] NCCL INFO + SYS[5000.0] - CPU/3
x3002c0s1b1n0:21059:25746 [0] NCCL INFO + SYS[5000.0] - CPU/2
x3002c0s1b1n0:21059:25746 [0] NCCL INFO + SYS[5000.0] - CPU/0
x3002c0s1b1n0:21059:25746 [0] NCCL INFO + PCI[24.0] - PCI/83000 (11f8406811f8beef)
x3002c0s1b1n0:21059:25746 [0] NCCL INFO               + PCI[24.0] - GPU/85000 (14)
x3002c0s1b1n0:21059:25746 [0] NCCL INFO                             + NVL[88.0] - GPU/C7000
x3002c0s1b1n0:21059:25746 [0] NCCL INFO                             + NVL[88.0] - GPU/46000
x3002c0s1b1n0:21059:25746 [0] NCCL INFO                             + NVL[88.0] - GPU/7000
x3002c0s1b1n0:21059:25746 [0] NCCL INFO CPU/0 (1/2/-1)
x3002c0s1b1n0:21059:25746 [0] NCCL INFO + SYS[5000.0] - CPU/3
x3002c0s1b1n0:21059:25746 [0] NCCL INFO + SYS[5000.0] - CPU/2
x3002c0s1b1n0:21059:25746 [0] NCCL INFO + SYS[5000.0] - CPU/1
x3002c0s1b1n0:21059:25746 [0] NCCL INFO + PCI[24.0] - PCI/C5000 (11f8406811f8beef)
x3002c0s1b1n0:21059:25746 [0] NCCL INFO               + PCI[24.0] - GPU/C7000 (15)
x3002c0s1b1n0:21059:25746 [0] NCCL INFO                             + NVL[88.0] - GPU/85000
x3002c0s1b1n0:21059:25746 [0] NCCL INFO                             + NVL[88.0] - GPU/46000
x3002c0s1b1n0:21059:25746 [0] NCCL INFO                             + NVL[88.0] - GPU/7000
x3002c0s1b1n0:21059:25746 [0] NCCL INFO + PCI[12.0] - NIC/C8000
x3002c0s1b1n0:21059:25746 [0] NCCL INFO               + NET[12.5] - NET/0 (70e604ffffa4e988/1/12.500000)
x3002c0s1b1n0:21059:25746 [0] NCCL INFO ==========================================
x3002c0s1b1n0:21059:25746 [0] NCCL INFO GPU/7000 :GPU/7000 (0/5000.000000/LOC) GPU/46000 (1/88.000000/NVL) GPU/85000 (1/88.000000/NVL) GPU/C7000 (1/88.000000/NVL) CPU/3 (2/24.000000/PHB) CPU/2 (3/24.000000/SYS) CPU/1 (3/24.000000/SYS) CPU/0 (3/24.000000/SYS) NET/1 (5/12.000000/SYS) NET/0 (5/12.000000/SYS) 
x3002c0s1b1n0:21059:25746 [0] NCCL INFO GPU/46000 :GPU/7000 (1/88.000000/NVL) GPU/46000 (0/5000.000000/LOC) GPU/85000 (1/88.000000/NVL) GPU/C7000 (1/88.000000/NVL) CPU/3 (3/24.000000/SYS) CPU/2 (2/24.000000/PHB) CPU/1 (3/24.000000/SYS) CPU/0 (3/24.000000/SYS) NET/1 (4/12.000000/PHB) NET/0 (5/12.000000/SYS) 
x3002c0s1b1n0:21059:25746 [0] NCCL INFO GPU/85000 :GPU/7000 (1/88.000000/NVL) GPU/46000 (1/88.000000/NVL) GPU/85000 (0/5000.000000/LOC) GPU/C7000 (1/88.000000/NVL) CPU/3 (3/24.000000/SYS) CPU/2 (3/24.000000/SYS) CPU/1 (2/24.000000/PHB) CPU/0 (3/24.000000/SYS) NET/1 (5/12.000000/SYS) NET/0 (5/12.000000/SYS) 
x3002c0s1b1n0:21059:25746 [0] NCCL INFO GPU/C7000 :GPU/7000 (1/88.000000/NVL) GPU/46000 (1/88.000000/NVL) GPU/85000 (1/88.000000/NVL) GPU/C7000 (0/5000.000000/LOC) CPU/3 (3/24.000000/SYS) CPU/2 (3/24.000000/SYS) CPU/1 (3/24.000000/SYS) CPU/0 (2/24.000000/PHB) NET/1 (5/12.000000/SYS) NET/0 (4/12.000000/PHB) 
x3002c0s1b1n0:21059:25746 [0] NCCL INFO NET/1 :GPU/7000 (5/12.000000/SYS) GPU/46000 (4/12.000000/PHB) GPU/85000 (5/12.000000/SYS) GPU/C7000 (5/12.000000/SYS) CPU/3 (3/12.000000/SYS) CPU/2 (2/12.000000/PHB) CPU/1 (3/12.000000/SYS) CPU/0 (3/12.000000/SYS) NET/1 (0/5000.000000/LOC) NET/0 (5/12.000000/SYS) 
x3002c0s1b1n0:21059:25746 [0] NCCL INFO NET/0 :GPU/7000 (5/12.000000/SYS) GPU/46000 (5/12.000000/SYS) GPU/85000 (5/12.000000/SYS) GPU/C7000 (4/12.000000/PHB) CPU/3 (3/12.000000/SYS) CPU/2 (3/12.000000/SYS) CPU/1 (3/12.000000/SYS) CPU/0 (2/12.000000/PHB) NET/1 (5/12.000000/SYS) NET/0 (0/5000.000000/LOC) 
x3002c0s1b1n0:21059:25746 [0] NCCL INFO Pattern 4, crossNic 0, nChannels 2, bw 12.000000/12.000000, type NVL/SYS, sameChannels 1
x3002c0s1b1n0:21059:25746 [0] NCCL INFO  0 : NET/1 GPU/13 GPU/12 GPU/14 GPU/15 NET/1
x3002c0s1b1n0:21059:25746 [0] NCCL INFO  1 : NET/0 GPU/13 GPU/12 GPU/14 GPU/15 NET/0
x3002c0s1b1n0:21059:25746 [0] NCCL INFO Pattern 1, crossNic 0, nChannels 2, bw 24.000000/12.000000, type NVL/SYS, sameChannels 1
x3002c0s1b1n0:21059:25746 [0] NCCL INFO  0 : NET/1 GPU/12 GPU/13 GPU/14 GPU/15 NET/1
x3002c0s1b1n0:21059:25746 [0] NCCL INFO  1 : NET/0 GPU/12 GPU/13 GPU/14 GPU/15 NET/0
x3002c0s1b1n0:21059:25746 [0] NCCL INFO Pattern 3, crossNic 0, nChannels 0, bw 0.000000/0.000000, type NVL/PIX, sameChannels 1
x3002c0s1b1n0:21060:25748 [1] NCCL INFO NET/IB : GPU Direct RDMA Enabled for HCA 0 'mlx5_0'
x3002c0s1b1n0:21060:25748 [1] NCCL INFO NET/IB : GPU Direct RDMA Enabled for HCA 1 'mlx5_1'
x3002c0s1b1n0:21060:25748 [1] NCCL INFO GPU Direct RDMA Disabled for GPU 7000 / HCA 1 (distance 7 > 4)
x3002c0s1b1n0:21060:25748 [1] NCCL INFO GPU Direct RDMA Disabled for GPU 46000 / HCA 1 (distance 6 > 4)
x3002c0s1b1n0:21060:25748 [1] NCCL INFO GPU Direct RDMA Disabled for GPU 85000 / HCA 1 (distance 7 > 4)
x3002c0s1b1n0:21060:25748 [1] NCCL INFO GPU Direct RDMA Disabled for GPU c7000 / HCA 1 (distance 7 > 4)
x3002c0s1b1n0:21060:25748 [1] NCCL INFO GPU Direct RDMA Disabled for GPU 7000 / HCA 0 (distance 7 > 4)
x3002c0s1b1n0:21060:25748 [1] NCCL INFO GPU Direct RDMA Disabled for GPU 46000 / HCA 0 (distance 7 > 4)
x3002c0s1b1n0:21060:25748 [1] NCCL INFO GPU Direct RDMA Disabled for GPU 85000 / HCA 0 (distance 7 > 4)
x3002c0s1b1n0:21060:25748 [1] NCCL INFO GPU Direct RDMA Disabled for GPU c7000 / HCA 0 (distance 6 > 4)
x3002c0s1b1n0:21060:25748 [1] NCCL INFO GPU Direct RDMA Disabled for GPU 7000 / HCA 1 (distance 7 > 4)
x3002c0s1b1n0:21060:25748 [1] NCCL INFO GPU Direct RDMA Disabled for GPU 46000 / HCA 1 (distance 6 > 4)
x3002c0s1b1n0:21060:25748 [1] NCCL INFO GPU Direct RDMA Disabled for GPU 85000 / HCA 1 (distance 7 > 4)
x3002c0s1b1n0:21060:25748 [1] NCCL INFO GPU Direct RDMA Disabled for GPU c7000 / HCA 1 (distance 7 > 4)
x3002c0s1b1n0:21060:25748 [1] NCCL INFO GPU Direct RDMA Disabled for GPU 7000 / HCA 0 (distance 7 > 4)
x3002c0s1b1n0:21060:25748 [1] NCCL INFO GPU Direct RDMA Disabled for GPU 46000 / HCA 0 (distance 7 > 4)
x3002c0s1b1n0:21060:25748 [1] NCCL INFO GPU Direct RDMA Disabled for GPU 85000 / HCA 0 (distance 7 > 4)
x3002c0s1b1n0:21060:25748 [1] NCCL INFO GPU Direct RDMA Disabled for GPU c7000 / HCA 0 (distance 6 > 4)
x3002c0s1b1n0:21060:25748 [1] NCCL INFO === System : maxBw 12.0 totalBw 264.0 ===
x3002c0s1b1n0:21060:25748 [1] NCCL INFO CPU/3 (1/2/-1)
x3002c0s1b1n0:21060:25748 [1] NCCL INFO + SYS[5000.0] - CPU/2
x3002c0s1b1n0:21060:25748 [1] NCCL INFO + SYS[5000.0] - CPU/1
x3002c0s1b1n0:21060:25748 [1] NCCL INFO + SYS[5000.0] - CPU/0
x3002c0s1b1n0:21060:25748 [1] NCCL INFO + PCI[24.0] - PCI/5000 (11f8406811f8beef)
x3002c0s1b1n0:21060:25748 [1] NCCL INFO               + PCI[24.0] - GPU/7000 (12)
x3002c0s1b1n0:21060:25748 [1] NCCL INFO                             + NVL[88.0] - GPU/85000
x3002c0s1b1n0:21060:25748 [1] NCCL INFO                             + NVL[88.0] - GPU/C7000
x3002c0s1b1n0:21060:25748 [1] NCCL INFO                             + NVL[88.0] - GPU/46000
x3002c0s1b1n0:21060:25748 [1] NCCL INFO CPU/2 (1/2/-1)
x3002c0s1b1n0:21060:25748 [1] NCCL INFO + SYS[5000.0] - CPU/3
x3002c0s1b1n0:21060:25748 [1] NCCL INFO + SYS[5000.0] - CPU/1
x3002c0s1b1n0:21060:25748 [1] NCCL INFO + SYS[5000.0] - CPU/0
x3002c0s1b1n0:21060:25748 [1] NCCL INFO + PCI[24.0] - PCI/44000 (11f8406811f8beef)
x3002c0s1b1n0:21060:25748 [1] NCCL INFO               + PCI[24.0] - GPU/46000 (13)
x3002c0s1b1n0:21060:25748 [1] NCCL INFO                             + NVL[88.0] - GPU/85000
x3002c0s1b1n0:21060:25748 [1] NCCL INFO                             + NVL[88.0] - GPU/C7000
x3002c0s1b1n0:21060:25748 [1] NCCL INFO                             + NVL[88.0] - GPU/7000
x3002c0s1b1n0:21060:25748 [1] NCCL INFO + PCI[12.0] - NIC/43000
x3002c0s1b1n0:21060:25748 [1] NCCL INFO               + NET[12.5] - NET/1 (5ce604ffffa4e988/1/12.500000)
x3002c0s1b1n0:21060:25748 [1] NCCL INFO CPU/1 (1/2/-1)
x3002c0s1b1n0:21060:25748 [1] NCCL INFO + SYS[5000.0] - CPU/3
x3002c0s1b1n0:21060:25748 [1] NCCL INFO + SYS[5000.0] - CPU/2
x3002c0s1b1n0:21060:25748 [1] NCCL INFO + SYS[5000.0] - CPU/0
x3002c0s1b1n0:21060:25748 [1] NCCL INFO + PCI[24.0] - PCI/83000 (11f8406811f8beef)
x3002c0s1b1n0:21060:25748 [1] NCCL INFO               + PCI[24.0] - GPU/85000 (14)
x3002c0s1b1n0:21060:25748 [1] NCCL INFO                             + NVL[88.0] - GPU/C7000
x3002c0s1b1n0:21060:25748 [1] NCCL INFO                             + NVL[88.0] - GPU/46000
x3002c0s1b1n0:21060:25748 [1] NCCL INFO                             + NVL[88.0] - GPU/7000
x3002c0s1b1n0:21060:25748 [1] NCCL INFO CPU/0 (1/2/-1)
x3002c0s1b1n0:21060:25748 [1] NCCL INFO + SYS[5000.0] - CPU/3
x3002c0s1b1n0:21060:25748 [1] NCCL INFO + SYS[5000.0] - CPU/2
x3002c0s1b1n0:21060:25748 [1] NCCL INFO + SYS[5000.0] - CPU/1
x3002c0s1b1n0:21060:25748 [1] NCCL INFO + PCI[24.0] - PCI/C5000 (11f8406811f8beef)
x3002c0s1b1n0:21060:25748 [1] NCCL INFO               + PCI[24.0] - GPU/C7000 (15)
x3002c0s1b1n0:21060:25748 [1] NCCL INFO                             + NVL[88.0] - GPU/85000
x3002c0s1b1n0:21060:25748 [1] NCCL INFO                             + NVL[88.0] - GPU/46000
x3002c0s1b1n0:21060:25748 [1] NCCL INFO                             + NVL[88.0] - GPU/7000
x3002c0s1b1n0:21060:25748 [1] NCCL INFO + PCI[12.0] - NIC/C8000
x3002c0s1b1n0:21060:25748 [1] NCCL INFO               + NET[12.5] - NET/0 (70e604ffffa4e988/1/12.500000)
x3002c0s1b1n0:21060:25748 [1] NCCL INFO ==========================================
x3002c0s1b1n0:21060:25748 [1] NCCL INFO GPU/7000 :GPU/7000 (0/5000.000000/LOC) GPU/46000 (1/88.000000/NVL) GPU/85000 (1/88.000000/NVL) GPU/C7000 (1/88.000000/NVL) CPU/3 (2/24.000000/PHB) CPU/2 (3/24.000000/SYS) CPU/1 (3/24.000000/SYS) CPU/0 (3/24.000000/SYS) NET/1 (5/12.000000/SYS) NET/0 (5/12.000000/SYS) 
x3002c0s1b1n0:21060:25748 [1] NCCL INFO GPU/46000 :GPU/7000 (1/88.000000/NVL) GPU/46000 (0/5000.000000/LOC) GPU/85000 (1/88.000000/NVL) GPU/C7000 (1/88.000000/NVL) CPU/3 (3/24.000000/SYS) CPU/2 (2/24.000000/PHB) CPU/1 (3/24.000000/SYS) CPU/0 (3/24.000000/SYS) NET/1 (4/12.000000/PHB) NET/0 (5/12.000000/SYS) 
x3002c0s1b1n0:21060:25748 [1] NCCL INFO GPU/85000 :GPU/7000 (1/88.000000/NVL) GPU/46000 (1/88.000000/NVL) GPU/85000 (0/5000.000000/LOC) GPU/C7000 (1/88.000000/NVL) CPU/3 (3/24.000000/SYS) CPU/2 (3/24.000000/SYS) CPU/1 (2/24.000000/PHB) CPU/0 (3/24.000000/SYS) NET/1 (5/12.000000/SYS) NET/0 (5/12.000000/SYS) 
x3002c0s1b1n0:21060:25748 [1] NCCL INFO GPU/C7000 :GPU/7000 (1/88.000000/NVL) GPU/46000 (1/88.000000/NVL) GPU/85000 (1/88.000000/NVL) GPU/C7000 (0/5000.000000/LOC) CPU/3 (3/24.000000/SYS) CPU/2 (3/24.000000/SYS) CPU/1 (3/24.000000/SYS) CPU/0 (2/24.000000/PHB) NET/1 (5/12.000000/SYS) NET/0 (4/12.000000/PHB) 
x3002c0s1b1n0:21060:25748 [1] NCCL INFO NET/1 :GPU/7000 (5/12.000000/SYS) GPU/46000 (4/12.000000/PHB) GPU/85000 (5/12.000000/SYS) GPU/C7000 (5/12.000000/SYS) CPU/3 (3/12.000000/SYS) CPU/2 (2/12.000000/PHB) CPU/1 (3/12.000000/SYS) CPU/0 (3/12.000000/SYS) NET/1 (0/5000.000000/LOC) NET/0 (5/12.000000/SYS) 
x3002c0s1b1n0:21060:25748 [1] NCCL INFO NET/0 :GPU/7000 (5/12.000000/SYS) GPU/46000 (5/12.000000/SYS) GPU/85000 (5/12.000000/SYS) GPU/C7000 (4/12.000000/PHB) CPU/3 (3/12.000000/SYS) CPU/2 (3/12.000000/SYS) CPU/1 (3/12.000000/SYS) CPU/0 (2/12.000000/PHB) NET/1 (5/12.000000/SYS) NET/0 (0/5000.000000/LOC) 
x3002c0s1b1n0:21060:25748 [1] NCCL INFO Pattern 4, crossNic 0, nChannels 2, bw 12.000000/12.000000, type NVL/SYS, sameChannels 1
x3002c0s1b1n0:21060:25748 [1] NCCL INFO  0 : NET/1 GPU/13 GPU/12 GPU/14 GPU/15 NET/1
x3002c0s1b1n0:21060:25748 [1] NCCL INFO  1 : NET/0 GPU/13 GPU/12 GPU/14 GPU/15 NET/0
x3002c0s1b1n0:21060:25748 [1] NCCL INFO Pattern 1, crossNic 0, nChannels 2, bw 24.000000/12.000000, type NVL/SYS, sameChannels 1
x3002c0s1b1n0:21060:25748 [1] NCCL INFO  0 : NET/1 GPU/12 GPU/13 GPU/14 GPU/15 NET/1
x3002c0s1b1n0:21060:25748 [1] NCCL INFO  1 : NET/0 GPU/12 GPU/13 GPU/14 GPU/15 NET/0
x3002c0s1b1n0:21060:25748 [1] NCCL INFO Pattern 3, crossNic 0, nChannels 0, bw 0.000000/0.000000, type NVL/PIX, sameChannels 1
x3002c0s1b1n0:21060:25748 [1] NCCL INFO Tree 0 : 12 -> 13 -> 14/-1/-1
x3002c0s1b1n0:21060:25748 [1] NCCL INFO Tree 2 : 12 -> 13 -> 14/16/-1
x3002c0s1b1n0:21060:25748 [1] NCCL INFO Tree 1 : 12 -> 13 -> 14/-1/-1
x3002c0s1b1n0:21060:25748 [1] NCCL INFO Tree 3 : 12 -> 13 -> 14/16/-1
x3002c0s1b1n0:21060:25748 [1] NCCL INFO Ring 00 : 11 -> 13 -> 12
x3002c0s1b1n0:21060:25748 [1] NCCL INFO Ring 01 : 11 -> 13 -> 12
x3002c0s1b1n0:21060:25748 [1] NCCL INFO Ring 02 : 11 -> 13 -> 12
x3002c0s1b1n0:21060:25748 [1] NCCL INFO Ring 03 : 11 -> 13 -> 12
x3002c0s1b1n0:21060:25748 [1] NCCL INFO Trees [0] 14/-1/-1->13->12 [1] 14/-1/-1->13->12 [2] 14/16/-1->13->12 [3] 14/16/-1->13->12
x3002c0s1b1n0:21060:25748 [1] NCCL INFO misc/utils.cc:235 memory stack hunk malloc(65536)
x3002c0s1b1n0:21060:25748 [1] NCCL INFO channel.cc:23 Cuda Alloc Size 9600 pointer 0x15300d80b600
x3002c0s1b1n0:21060:25748 [1] NCCL INFO channel.cc:27 Cuda Alloc Size 96 pointer 0x15300d80dc00
x3002c0s1b1n0:21060:25748 [1] NCCL INFO channel.cc:23 Cuda Alloc Size 9600 pointer 0x15300d80de00
x3002c0s1b1n0:21060:25748 [1] NCCL INFO channel.cc:27 Cuda Alloc Size 96 pointer 0x15300d810400
x3002c0s1b1n0:21060:25748 [1] NCCL INFO channel.cc:23 Cuda Alloc Size 9600 pointer 0x15300d810600
x3002c0s1b1n0:21060:25748 [1] NCCL INFO channel.cc:27 Cuda Alloc Size 96 pointer 0x15300d812c00
x3002c0s1b1n0:21060:25748 [1] NCCL INFO channel.cc:23 Cuda Alloc Size 9600 pointer 0x15300d812e00
x3002c0s1b1n0:21060:25748 [1] NCCL INFO channel.cc:27 Cuda Alloc Size 96 pointer 0x15300d815400
x3002c0s1b1n0:21060:25748 [1] NCCL INFO GPU Direct RDMA Disabled for GPU 46000 / HCA 1 (distance 6 > 4)
x3002c0s1b1n0:21061:25747 [2] NCCL INFO Ring 00 : 12 -> 14 -> 15
x3002c0s1b1n0:21061:25747 [2] NCCL INFO Ring 01 : 12 -> 14 -> 15
x3002c0s1b1n0:21061:25747 [2] NCCL INFO Ring 02 : 12 -> 14 -> 15
x3002c0s1b1n0:21061:25747 [2] NCCL INFO Ring 03 : 12 -> 14 -> 15
x3002c0s1b1n0:21061:25747 [2] NCCL INFO Trees [0] 15/-1/-1->14->13 [1] 15/-1/-1->14->13 [2] 15/-1/-1->14->13 [3] 15/-1/-1->14->13
x3002c0s1b1n0:21061:25747 [2] NCCL INFO misc/utils.cc:235 memory stack hunk malloc(65536)
x3002c0s1b1n0:21061:25747 [2] NCCL INFO channel.cc:23 Cuda Alloc Size 9600 pointer 0x150e5580b600
x3002c0s1b1n0:21061:25747 [2] NCCL INFO channel.cc:27 Cuda Alloc Size 96 pointer 0x150e5580dc00
x3002c0s1b1n0:21061:25747 [2] NCCL INFO channel.cc:23 Cuda Alloc Size 9600 pointer 0x150e5580de00
x3002c0s1b1n0:21061:25747 [2] NCCL INFO channel.cc:27 Cuda Alloc Size 96 pointer 0x150e55810400
x3002c0s1b1n0:21061:25747 [2] NCCL INFO channel.cc:23 Cuda Alloc Size 9600 pointer 0x150e55810600
x3002c0s1b1n0:21061:25747 [2] NCCL INFO channel.cc:27 Cuda Alloc Size 96 pointer 0x150e55812c00
x3002c0s1b1n0:21061:25747 [2] NCCL INFO channel.cc:23 Cuda Alloc Size 9600 pointer 0x150e55812e00
x3002c0s1b1n0:21061:25747 [2] NCCL INFO channel.cc:27 Cuda Alloc Size 96 pointer 0x150e55815400
x3002c0s1b1n0:21061:25747 [2] NCCL INFO Channel 00/0 : 14[85000] -> 15[c7000] via P2P/IPC/read
x3002c0s1b1n0:21060:25912 [1] NCCL INFO Mem Realloc old size 0, new size 8 pointer 0x152fc0000c60
x3002c0s1b1n0:21060:25912 [1] NCCL INFO Allocated 4194656 bytes of shared memory in /dev/shm/nccl-I8RA8F

x3002c0s1b1n0:21060:25912 [1] NCCL INFO New proxy recv connection 0 from local rank 1, transport 2
x3002c0s1b1n0:21061:25883 [2] NCCL INFO Mem Realloc old size 0, new size 8 pointer 0x150e0c000c60
x3002c0s1b1n0:21061:25883 [2] NCCL INFO New proxy send connection 0 from local rank 2, transport 0
x3002c0s1b1n0:21062:25745 [3] NCCL INFO Ring 00 : 14 -> 15 -> 17
x3002c0s1b1n0:21062:25745 [3] NCCL INFO Ring 01 : 14 -> 15 -> 17
x3002c0s1b1n0:21062:25745 [3] NCCL INFO Ring 02 : 14 -> 15 -> 17
x3002c0s1b1n0:21062:25745 [3] NCCL INFO Ring 03 : 14 -> 15 -> 17
x3002c0s1b1n0:21062:25745 [3] NCCL INFO Trees [0] -1/-1/-1->15->14 [1] -1/-1/-1->15->14 [2] -1/-1/-1->15->14 [3] -1/-1/-1->15->14
x3002c0s1b1n0:21062:25745 [3] NCCL INFO misc/utils.cc:235 memory stack hunk malloc(65536)
x3002c0s1b1n0:21062:25745 [3] NCCL INFO channel.cc:23 Cuda Alloc Size 9600 pointer 0x14c217e0b600
x3002c0s1b1n0:21062:25745 [3] NCCL INFO channel.cc:27 Cuda Alloc Size 96 pointer 0x14c217e0dc00
x3002c0s1b1n0:21062:25745 [3] NCCL INFO channel.cc:23 Cuda Alloc Size 9600 pointer 0x14c217e0de00
x3002c0s1b1n0:21062:25745 [3] NCCL INFO channel.cc:27 Cuda Alloc Size 96 pointer 0x14c217e10400
x3002c0s1b1n0:21062:25745 [3] NCCL INFO channel.cc:23 Cuda Alloc Size 9600 pointer 0x14c217e10600
x3002c0s1b1n0:21062:25745 [3] NCCL INFO channel.cc:27 Cuda Alloc Size 96 pointer 0x14c217e12c00
x3002c0s1b1n0:21062:25745 [3] NCCL INFO channel.cc:23 Cuda Alloc Size 9600 pointer 0x14c217e12e00
x3002c0s1b1n0:21062:25745 [3] NCCL INFO channel.cc:27 Cuda Alloc Size 96 pointer 0x14c217e15400
x3002c0s1b1n0:21062:25880 [3] NCCL INFO Mem Realloc old size 0, new size 8 pointer 0x14c1ac000c60
x3002c0s1b1n0:21062:25880 [3] NCCL INFO New proxy recv connection 0 from local rank 3, transport 0
x3002c0s1b1n0:21061:25747 [2] NCCL INFO Connection to proxy localRank 2 -> connection 0x150e0c000c80
x3002c0s1b1n0:21061:25883 [2] NCCL INFO transport/p2p.cc:430 Cuda Alloc Size 6291456 pointer 0x150e70e00000
x3002c0s1b1n0:21060:25748 [1] NCCL INFO Connection to proxy localRank 1 -> connection 0x152fc0000c80
x3002c0s1b1n0:21062:25745 [3] NCCL INFO Connection to proxy localRank 3 -> connection 0x14c1ac000c80
x3002c0s1b1n0:21060:25748 [1] NCCL INFO Channel 00/0 : 11[c7000] -> 13[46000] [receive] via NET/IB/1
x3002c0s1b1n0:21060:25748 [1] NCCL INFO GPU Direct RDMA Disabled for GPU 46000 / HCA 0 (distance 7 > 4)
x3002c0s1b1n0:21060:25912 [1] NCCL INFO New proxy recv connection 1 from local rank 1, transport 2
x3002c0s1b1n0:21061:25747 [2] NCCL INFO Channel 01/0 : 14[85000] -> 15[c7000] via P2P/IPC/read
x3002c0s1b1n0:21061:25883 [2] NCCL INFO New proxy send connection 1 from local rank 2, transport 0
x3002c0s1b1n0:21062:25880 [3] NCCL INFO transport/p2p.cc:449 Cuda Alloc Size 6291456 pointer 0x14c1f5c00000
x3002c0s1b1n0:21061:25747 [2] NCCL INFO Connection to proxy localRank 2 -> connection 0x150e0c000cc0
x3002c0s1b1n0:21061:25883 [2] NCCL INFO transport/p2p.cc:430 Cuda Alloc Size 6291456 pointer 0x150e71400000
x3002c0s1b1n0:21060:25748 [1] NCCL INFO Connection to proxy localRank 1 -> connection 0x152fc0000cc0
x3002c0s1b1n0:21062:25880 [3] NCCL INFO New proxy recv connection 1 from local rank 3, transport 0
x3002c0s1b1n0:21061:25747 [2] NCCL INFO Channel 02/0 : 14[85000] -> 15[c7000] via P2P/IPC/read
x3002c0s1b1n0:21061:25883 [2] NCCL INFO New proxy send connection 2 from local rank 2, transport 0
x3002c0s1b1n0:21060:25748 [1] NCCL INFO Channel 01/0 : 11[c7000] -> 13[46000] [receive] via NET/IB/0
x3002c0s1b1n0:21060:25748 [1] NCCL INFO GPU Direct RDMA Disabled for GPU 46000 / HCA 1 (distance 6 > 4)
x3002c0s1b1n0:21060:25912 [1] NCCL INFO New proxy recv connection 2 from local rank 1, transport 2
x3002c0s1b1n0:21061:25747 [2] NCCL INFO Connection to proxy localRank 2 -> connection 0x150e0c000d00
x3002c0s1b1n0:21061:25883 [2] NCCL INFO transport/p2p.cc:430 Cuda Alloc Size 6291456 pointer 0x150e71a00000
x3002c0s1b1n0:21062:25745 [3] NCCL INFO Connection to proxy localRank 3 -> connection 0x14c1ac000cc0
x3002c0s1b1n0:21062:25880 [3] NCCL INFO transport/p2p.cc:449 Cuda Alloc Size 6291456 pointer 0x14c1f6200000
x3002c0s1b1n0:21060:25748 [1] NCCL INFO Connection to proxy localRank 1 -> connection 0x152fc0000d00
x3002c0s1b1n0:21062:25880 [3] NCCL INFO New proxy recv connection 2 from local rank 3, transport 0
x3002c0s1b1n0:21060:25748 [1] NCCL INFO Channel 02/0 : 11[c7000] -> 13[46000] [receive] via NET/IB/1
x3002c0s1b1n0:21060:25748 [1] NCCL INFO GPU Direct RDMA Disabled for GPU 46000 / HCA 0 (distance 7 > 4)
x3002c0s1b1n0:21060:25912 [1] NCCL INFO New proxy recv connection 3 from local rank 1, transport 2
x3002c0s1b1n0:21061:25747 [2] NCCL INFO Channel 03/0 : 14[85000] -> 15[c7000] via P2P/IPC/read
x3002c0s1b1n0:21062:25745 [3] NCCL INFO Connection to proxy localRank 3 -> connection 0x14c1ac000d00
x3002c0s1b1n0:21062:25880 [3] NCCL INFO transport/p2p.cc:449 Cuda Alloc Size 6291456 pointer 0x14c1f6800000
x3002c0s1b1n0:21061:25883 [2] NCCL INFO New proxy send connection 3 from local rank 2, transport 0
x3002c0s1b1n0:21061:25747 [2] NCCL INFO Connection to proxy localRank 2 -> connection 0x150e0c000d40
x3002c0s1b1n0:21061:25883 [2] NCCL INFO transport/p2p.cc:430 Cuda Alloc Size 6291456 pointer 0x150e72000000
x3002c0s1b1n0:21062:25880 [3] NCCL INFO New proxy recv connection 3 from local rank 3, transport 0
x3002c0s1b1n0:21060:25748 [1] NCCL INFO Connection to proxy localRank 1 -> connection 0x152fc0000d40
x3002c0s1b1n0:21059:25746 [0] NCCL INFO Tree 0 : 8 -> 12 -> 13/-1/-1
x3002c0s1b1n0:21059:25746 [0] NCCL INFO Tree 2 : 5 -> 12 -> 13/8/-1
x3002c0s1b1n0:21059:25746 [0] NCCL INFO Tree 1 : 8 -> 12 -> 13/-1/-1
x3002c0s1b1n0:21059:25746 [0] NCCL INFO Tree 3 : 5 -> 12 -> 13/8/-1
x3002c0s1b1n0:21059:25746 [0] NCCL INFO Ring 00 : 13 -> 12 -> 14
x3002c0s1b1n0:21059:25746 [0] NCCL INFO Ring 01 : 13 -> 12 -> 14
x3002c0s1b1n0:21059:25746 [0] NCCL INFO Ring 02 : 13 -> 12 -> 14
x3002c0s1b1n0:21059:25746 [0] NCCL INFO Ring 03 : 13 -> 12 -> 14
x3002c0s1b1n0:21059:25746 [0] NCCL INFO Trees [0] 13/-1/-1->12->8 [1] 13/-1/-1->12->8 [2] 13/8/-1->12->5 [3] 13/8/-1->12->5
x3002c0s1b1n0:21059:25746 [0] NCCL INFO misc/utils.cc:235 memory stack hunk malloc(65536)
x3002c0s1b1n0:21059:25746 [0] NCCL INFO channel.cc:23 Cuda Alloc Size 9600 pointer 0x14e18d80b600
x3002c0s1b1n0:21059:25746 [0] NCCL INFO channel.cc:27 Cuda Alloc Size 96 pointer 0x14e18d80dc00
x3002c0s1b1n0:21059:25746 [0] NCCL INFO channel.cc:23 Cuda Alloc Size 9600 pointer 0x14e18d80de00
x3002c0s1b1n0:21059:25746 [0] NCCL INFO channel.cc:27 Cuda Alloc Size 96 pointer 0x14e18d810400
x3002c0s1b1n0:21059:25746 [0] NCCL INFO channel.cc:23 Cuda Alloc Size 9600 pointer 0x14e18d810600
x3002c0s1b1n0:21059:25746 [0] NCCL INFO channel.cc:27 Cuda Alloc Size 96 pointer 0x14e18d812c00
x3002c0s1b1n0:21059:25746 [0] NCCL INFO channel.cc:23 Cuda Alloc Size 9600 pointer 0x14e18d812e00
x3002c0s1b1n0:21059:25746 [0] NCCL INFO channel.cc:27 Cuda Alloc Size 96 pointer 0x14e18d815400
x3002c0s1b1n0:21059:25746 [0] NCCL INFO Channel 00/0 : 12[7000] -> 14[85000] via P2P/IPC/read
x3002c0s1b1n0:21062:25745 [3] NCCL INFO Connection to proxy localRank 3 -> connection 0x14c1ac000d40
x3002c0s1b1n0:21059:25905 [0] NCCL INFO Mem Realloc old size 0, new size 8 pointer 0x14e140000c60
x3002c0s1b1n0:21059:25905 [0] NCCL INFO New proxy send connection 0 from local rank 0, transport 0
x3002c0s1b1n0:21062:25880 [3] NCCL INFO transport/p2p.cc:449 Cuda Alloc Size 6291456 pointer 0x14c1f6e00000
x3002c0s1b1n0:21059:25746 [0] NCCL INFO Connection to proxy localRank 0 -> connection 0x14e140000c80
x3002c0s1b1n0:21059:25905 [0] NCCL INFO transport/p2p.cc:430 Cuda Alloc Size 6291456 pointer 0x14e1ac600000
x3002c0s1b1n0:21060:25748 [1] NCCL INFO Channel 03/0 : 11[c7000] -> 13[46000] [receive] via NET/IB/0
x3002c0s1b1n0:21062:25745 [3] NCCL INFO GPU Direct RDMA Disabled for GPU c7000 / HCA 1 (distance 7 > 4)
x3002c0s1b1n0:21061:25883 [2] NCCL INFO New proxy recv connection 4 from local rank 2, transport 0
x3002c0s1b1n0:21062:25880 [3] NCCL INFO Allocated 4194656 bytes of shared memory in /dev/shm/nccl-yznuoP

x3002c0s1b1n0:21062:25880 [3] NCCL INFO New proxy send connection 4 from local rank 3, transport 2
x3002c0s1b1n0:21061:25747 [2] NCCL INFO Connection to proxy localRank 2 -> connection 0x150e0c000d80
x3002c0s1b1n0:21061:25883 [2] NCCL INFO transport/p2p.cc:449 Cuda Alloc Size 6291456 pointer 0x150e73e00000
x3002c0s1b1n0:21059:25746 [0] NCCL INFO Channel 01/0 : 12[7000] -> 14[85000] via P2P/IPC/read
x3002c0s1b1n0:21059:25905 [0] NCCL INFO New proxy send connection 1 from local rank 0, transport 0
x3002c0s1b1n0:21062:25745 [3] NCCL INFO Connection to proxy localRank 3 -> connection 0x14c1ac000d80
x3002c0s1b1n0:21062:25745 [3] NCCL INFO Channel 00/0 : 15[c7000] -> 17[46000] [send] via NET/IB/1
x3002c0s1b1n0:21062:25745 [3] NCCL INFO GPU Direct RDMA Disabled for GPU c7000 / HCA 0 (distance 6 > 4)
x3002c0s1b1n0:21062:25880 [3] NCCL INFO New proxy send connection 5 from local rank 3, transport 2
x3002c0s1b1n0:21061:25883 [2] NCCL INFO New proxy recv connection 5 from local rank 2, transport 0
x3002c0s1b1n0:21059:25746 [0] NCCL INFO Connection to proxy localRank 0 -> connection 0x14e140000cc0
x3002c0s1b1n0:21059:25905 [0] NCCL INFO transport/p2p.cc:430 Cuda Alloc Size 6291456 pointer 0x14e1acc00000
x3002c0s1b1n0:21062:25745 [3] NCCL INFO Connection to proxy localRank 3 -> connection 0x14c1ac000dc0
x3002c0s1b1n0:21062:25745 [3] NCCL INFO Channel 01/0 : 15[c7000] -> 17[46000] [send] via NET/IB/0
x3002c0s1b1n0:21062:25745 [3] NCCL INFO GPU Direct RDMA Disabled for GPU c7000 / HCA 1 (distance 7 > 4)
x3002c0s1b1n0:21062:25880 [3] NCCL INFO New proxy send connection 6 from local rank 3, transport 2
x3002c0s1b1n0:21059:25746 [0] NCCL INFO Channel 02/0 : 12[7000] -> 14[85000] via P2P/IPC/read
x3002c0s1b1n0:21059:25905 [0] NCCL INFO New proxy send connection 2 from local rank 0, transport 0
x3002c0s1b1n0:21059:25746 [0] NCCL INFO Connection to proxy localRank 0 -> connection 0x14e140000d00
x3002c0s1b1n0:21061:25747 [2] NCCL INFO Connection to proxy localRank 2 -> connection 0x150e0c000dc0
x3002c0s1b1n0:21061:25883 [2] NCCL INFO transport/p2p.cc:449 Cuda Alloc Size 6291456 pointer 0x150e74400000
x3002c0s1b1n0:21062:25745 [3] NCCL INFO Connection to proxy localRank 3 -> connection 0x14c1ac000e00
x3002c0s1b1n0:21062:25745 [3] NCCL INFO Channel 02/0 : 15[c7000] -> 17[46000] [send] via NET/IB/1
x3002c0s1b1n0:21062:25745 [3] NCCL INFO GPU Direct RDMA Disabled for GPU c7000 / HCA 0 (distance 6 > 4)
x3002c0s1b1n0:21062:25880 [3] NCCL INFO New proxy send connection 7 from local rank 3, transport 2
x3002c0s1b1n0:21059:25905 [0] NCCL INFO transport/p2p.cc:430 Cuda Alloc Size 6291456 pointer 0x14e1ad200000
x3002c0s1b1n0:21061:25883 [2] NCCL INFO New proxy recv connection 6 from local rank 2, transport 0
x3002c0s1b1n0:21062:25745 [3] NCCL INFO Connection to proxy localRank 3 -> connection 0x14c1ac000e40
x3002c0s1b1n0:21062:25745 [3] NCCL INFO Channel 03/0 : 15[c7000] -> 17[46000] [send] via NET/IB/0
x3002c0s1b1n0:21062:25880 [3] NCCL INFO transport/net_ib.cc:596 Ib Alloc Size 26560 pointer 0x14c1ac020000
x3002c0s1b1n0:21061:25747 [2] NCCL INFO Connection to proxy localRank 2 -> connection 0x150e0c000e00
x3002c0s1b1n0:21061:25883 [2] NCCL INFO transport/p2p.cc:449 Cuda Alloc Size 6291456 pointer 0x150e74a00000
x3002c0s1b1n0:21062:25880 [3] NCCL INFO NET/IB: Dev 1 Port 1 qpn 47734 mtu 5 GID 0 (80FE/EF0000FEFF000000)
x3002c0s1b1n0:21062:25880 [3] NCCL INFO transport/net_ib.cc:653 Ib Alloc Size 552 pointer 0x14c1ac038000
x3002c0s1b1n0:21062:25880 [3] NCCL INFO transport/net.cc:571 Cuda Host Alloc Size 9641984 pointer 0x14c1f8c00000
x3002c0s1b1n0:21062:25880 [3] NCCL INFO transport/net_ib.cc:596 Ib Alloc Size 26560 pointer 0x14c1ac03a000
x3002c0s1b1n0:21062:25880 [3] NCCL INFO NET/IB: Dev 0 Port 1 qpn 48907 mtu 5 GID 0 (80FE/AA0000FEFF000000)
x3002c0s1b1n0:21062:25880 [3] NCCL INFO transport/net_ib.cc:653 Ib Alloc Size 552 pointer 0x14c1ac051000
x3002c0s1b1n0:21062:25880 [3] NCCL INFO transport/net.cc:571 Cuda Host Alloc Size 9641984 pointer 0x14c1f9600000
x3002c0s1b1n0:21059:25746 [0] NCCL INFO Channel 03/0 : 12[7000] -> 14[85000] via P2P/IPC/read
x3002c0s1b1n0:21059:25905 [0] NCCL INFO New proxy send connection 3 from local rank 0, transport 0
x3002c0s1b1n0:21062:25880 [3] NCCL INFO transport/net_ib.cc:596 Ib Alloc Size 26560 pointer 0x14c1ac053000
x3002c0s1b1n0:21059:25746 [0] NCCL INFO Connection to proxy localRank 0 -> connection 0x14e140000d40
x3002c0s1b1n0:21059:25905 [0] NCCL INFO transport/p2p.cc:430 Cuda Alloc Size 6291456 pointer 0x14e1ad800000
x3002c0s1b1n0:21062:25880 [3] NCCL INFO NET/IB: Dev 1 Port 1 qpn 47735 mtu 5 GID 0 (80FE/EF0000FEFF000000)
x3002c0s1b1n0:21062:25880 [3] NCCL INFO transport/net_ib.cc:653 Ib Alloc Size 552 pointer 0x14c1ac06a000
x3002c0s1b1n0:21062:25880 [3] NCCL INFO transport/net.cc:571 Cuda Host Alloc Size 9641984 pointer 0x14c1fa000000
x3002c0s1b1n0:21061:25883 [2] NCCL INFO New proxy recv connection 7 from local rank 2, transport 0
x3002c0s1b1n0:21061:25747 [2] NCCL INFO Connection to proxy localRank 2 -> connection 0x150e0c000e40
x3002c0s1b1n0:21061:25883 [2] NCCL INFO transport/p2p.cc:449 Cuda Alloc Size 6291456 pointer 0x150e75000000
x3002c0s1b1n0:21062:25880 [3] NCCL INFO transport/net_ib.cc:596 Ib Alloc Size 26560 pointer 0x14c1ac06c000
x3002c0s1b1n0:21061:25747 [2] NCCL INFO Connected all rings
x3002c0s1b1n0:21059:25905 [0] NCCL INFO New proxy recv connection 4 from local rank 0, transport 0
x3002c0s1b1n0:21061:25883 [2] NCCL INFO New proxy recv connection 8 from local rank 2, transport 0
x3002c0s1b1n0:21059:25746 [0] NCCL INFO Connection to proxy localRank 0 -> connection 0x14e140000d80
x3002c0s1b1n0:21062:25880 [3] NCCL INFO NET/IB: Dev 0 Port 1 qpn 48908 mtu 5 GID 0 (80FE/AA0000FEFF000000)
x3002c0s1b1n0:21062:25880 [3] NCCL INFO transport/net_ib.cc:653 Ib Alloc Size 552 pointer 0x14c1ac083000
x3002c0s1b1n0:21062:25880 [3] NCCL INFO transport/net.cc:571 Cuda Host Alloc Size 9641984 pointer 0x14c1faa00000
x3002c0s1b1n0:21059:25905 [0] NCCL INFO transport/p2p.cc:449 Cuda Alloc Size 6291456 pointer 0x14e1af600000
x3002c0s1b1n0:21062:25745 [3] NCCL INFO Connected all rings
x3002c0s1b1n0:21062:25745 [3] NCCL INFO Channel 00/0 : 15[c7000] -> 14[85000] via P2P/IPC/read
x3002c0s1b1n0:21062:25880 [3] NCCL INFO New proxy send connection 8 from local rank 3, transport 0
x3002c0s1b1n0:21061:25747 [2] NCCL INFO Connection to proxy localRank 2 -> connection 0x150e0c000e80
x3002c0s1b1n0:21061:25883 [2] NCCL INFO transport/p2p.cc:449 Cuda Alloc Size 6291456 pointer 0x150e76e00000
x3002c0s1b1n0:21059:25905 [0] NCCL INFO New proxy recv connection 5 from local rank 0, transport 0
x3002c0s1b1n0:21062:25745 [3] NCCL INFO Connection to proxy localRank 3 -> connection 0x14c1ac000e80
x3002c0s1b1n0:21059:25746 [0] NCCL INFO Connection to proxy localRank 0 -> connection 0x14e140000dc0
x3002c0s1b1n0:21059:25905 [0] NCCL INFO transport/p2p.cc:449 Cuda Alloc Size 6291456 pointer 0x14e1afc00000
x3002c0s1b1n0:21061:25883 [2] NCCL INFO New proxy recv connection 9 from local rank 2, transport 0
x3002c0s1b1n0:21062:25880 [3] NCCL INFO transport/p2p.cc:430 Cuda Alloc Size 6291456 pointer 0x14c1fb400000
x3002c0s1b1n0:21062:25745 [3] NCCL INFO Channel 01/0 : 15[c7000] -> 14[85000] via P2P/IPC/read
x3002c0s1b1n0:21062:25880 [3] NCCL INFO New proxy send connection 9 from local rank 3, transport 0
x3002c0s1b1n0:21062:25745 [3] NCCL INFO Connection to proxy localRank 3 -> connection 0x14c1ac000ec0
x3002c0s1b1n0:21059:25905 [0] NCCL INFO New proxy recv connection 6 from local rank 0, transport 0
x3002c0s1b1n0:21059:25746 [0] NCCL INFO Connection to proxy localRank 0 -> connection 0x14e140000e00
x3002c0s1b1n0:21061:25747 [2] NCCL INFO Connection to proxy localRank 2 -> connection 0x150e0c000ec0
x3002c0s1b1n0:21061:25883 [2] NCCL INFO transport/p2p.cc:449 Cuda Alloc Size 6291456 pointer 0x150e77400000
x3002c0s1b1n0:21062:25880 [3] NCCL INFO transport/p2p.cc:430 Cuda Alloc Size 6291456 pointer 0x14c1fba00000
x3002c0s1b1n0:21059:25905 [0] NCCL INFO transport/p2p.cc:449 Cuda Alloc Size 6291456 pointer 0x14e1b0200000
x3002c0s1b1n0:21062:25745 [3] NCCL INFO Channel 02/0 : 15[c7000] -> 14[85000] via P2P/IPC/read
x3002c0s1b1n0:21062:25880 [3] NCCL INFO New proxy send connection 10 from local rank 3, transport 0
x3002c0s1b1n0:21060:25912 [1] NCCL INFO transport/net_ib.cc:683 Ib Alloc Size 21688 pointer 0x152fc001d000
x3002c0s1b1n0:21060:25912 [1] NCCL INFO transport/net_ib.cc:696 Ib Alloc Size 552 pointer 0x152fc0024000
x3002c0s1b1n0:21059:25905 [0] NCCL INFO New proxy recv connection 7 from local rank 0, transport 0
x3002c0s1b1n0:21059:25746 [0] NCCL INFO Connection to proxy localRank 0 -> connection 0x14e140000e40
x3002c0s1b1n0:21061:25883 [2] NCCL INFO New proxy recv connection 10 from local rank 2, transport 0
x3002c0s1b1n0:21062:25745 [3] NCCL INFO Connection to proxy localRank 3 -> connection 0x14c1ac000f00
x3002c0s1b1n0:21062:25880 [3] NCCL INFO transport/p2p.cc:430 Cuda Alloc Size 6291456 pointer 0x14c1fc000000
x3002c0s1b1n0:21061:25747 [2] NCCL INFO Connection to proxy localRank 2 -> connection 0x150e0c000f00
x3002c0s1b1n0:21062:25745 [3] NCCL INFO Channel 03/0 : 15[c7000] -> 14[85000] via P2P/IPC/read
x3002c0s1b1n0:21062:25880 [3] NCCL INFO New proxy send connection 11 from local rank 3, transport 0
x3002c0s1b1n0:21061:25883 [2] NCCL INFO transport/p2p.cc:449 Cuda Alloc Size 6291456 pointer 0x150e77a00000
x3002c0s1b1n0:21060:25912 [1] NCCL INFO transport/net_ib.cc:771 Ib Alloc Size 552 pointer 0x152fc0041000
x3002c0s1b1n0:21060:25912 [1] NCCL INFO transport/net.cc:698 Cuda Host Alloc Size 9641984 pointer 0x15302ae00000
x3002c0s1b1n0:21061:25883 [2] NCCL INFO New proxy recv connection 11 from local rank 2, transport 0
x3002c0s1b1n0:21059:25905 [0] NCCL INFO transport/p2p.cc:449 Cuda Alloc Size 6291456 pointer 0x14e1b0800000
x3002c0s1b1n0:21062:25745 [3] NCCL INFO Connection to proxy localRank 3 -> connection 0x14c1ac000f40
x3002c0s1b1n0:21060:25912 [1] NCCL INFO transport/net_ib.cc:683 Ib Alloc Size 21688 pointer 0x152fc0043000
x3002c0s1b1n0:21060:25912 [1] NCCL INFO transport/net_ib.cc:696 Ib Alloc Size 552 pointer 0x152fc004a000
x3002c0s1b1n0:21062:25880 [3] NCCL INFO transport/p2p.cc:430 Cuda Alloc Size 6291456 pointer 0x14c1fc600000
x3002c0s1b1n0:21061:25747 [2] NCCL INFO Connection to proxy localRank 2 -> connection 0x150e0c000f40
x3002c0s1b1n0:21061:25883 [2] NCCL INFO transport/p2p.cc:449 Cuda Alloc Size 6291456 pointer 0x150e78000000
x3002c0s1b1n0:21060:25912 [1] NCCL INFO transport/net_ib.cc:771 Ib Alloc Size 552 pointer 0x152fc0065000
x3002c0s1b1n0:21060:25912 [1] NCCL INFO transport/net.cc:698 Cuda Host Alloc Size 9641984 pointer 0x15302b800000
x3002c0s1b1n0:21060:25912 [1] NCCL INFO transport/net_ib.cc:683 Ib Alloc Size 21688 pointer 0x152fc0067000
x3002c0s1b1n0:21060:25912 [1] NCCL INFO transport/net_ib.cc:696 Ib Alloc Size 552 pointer 0x152fc006e000
x3002c0s1b1n0:21060:25912 [1] NCCL INFO transport/net_ib.cc:771 Ib Alloc Size 552 pointer 0x152fc0089000
x3002c0s1b1n0:21060:25912 [1] NCCL INFO transport/net.cc:698 Cuda Host Alloc Size 9641984 pointer 0x15302c200000
x3002c0s1b1n0:21060:25912 [1] NCCL INFO transport/net_ib.cc:683 Ib Alloc Size 21688 pointer 0x152fc008b000
