x3006c0s37b1n0:61056:65117 [1] NCCL INFO transport/net_ib.cc:683 Ib Alloc Size 21688 pointer 0x14dfc4046000
x3006c0s37b1n0:61056:65117 [1] NCCL INFO transport/net_ib.cc:696 Ib Alloc Size 552 pointer 0x14dfc404d000
x3006c0s37b1n0:61050:65091 [0] NCCL INFO transport/net_ib.cc:683 Ib Alloc Size 21688 pointer 0x149ec8046000
x3006c0s37b1n0:61050:65091 [0] NCCL INFO transport/net_ib.cc:696 Ib Alloc Size 552 pointer 0x149ec804d000
x3006c0s37b1n0:61059:65092 [2] NCCL INFO NET/IB: Dev 0 Port 1 qpn 3681 mtu 5 GID 0 (80FE/BD0800FEFF000000)
x3006c0s37b1n0:61059:65092 [2] NCCL INFO transport/net_ib.cc:653 Ib Alloc Size 552 pointer 0x14a56007e000
x3006c0s37b1n0:61059:65092 [2] NCCL INFO transport/net.cc:571 Cuda Host Alloc Size 9641984 pointer 0x14a55b400000
x3006c0s37b1n0:61050:65091 [0] NCCL INFO transport/net_ib.cc:771 Ib Alloc Size 552 pointer 0x149ec8068000
x3006c0s37b1n0:61050:65091 [0] NCCL INFO transport/net.cc:698 Cuda Host Alloc Size 9641984 pointer 0x149ebaa00000
x3006c0s37b1n0:61056:65117 [1] NCCL INFO transport/net_ib.cc:771 Ib Alloc Size 552 pointer 0x14dfc4068000
x3006c0s37b1n0:61056:65117 [1] NCCL INFO transport/net.cc:698 Cuda Host Alloc Size 9641984 pointer 0x14dfb6a00000
x3006c0s37b1n0:61050:65091 [0] NCCL INFO transport/net_ib.cc:683 Ib Alloc Size 21688 pointer 0x149ec806a000
x3006c0s37b1n0:61050:65091 [0] NCCL INFO transport/net_ib.cc:696 Ib Alloc Size 552 pointer 0x149ec8071000
x3006c0s37b1n0:61050:65091 [0] NCCL INFO transport/net_ib.cc:771 Ib Alloc Size 552 pointer 0x149ec808c000
x3006c0s37b1n0:61050:65091 [0] NCCL INFO transport/net.cc:698 Cuda Host Alloc Size 9641984 pointer 0x149ebb400000
x3006c0s37b1n0:61056:65117 [1] NCCL INFO transport/net_ib.cc:683 Ib Alloc Size 21688 pointer 0x14dfc406a000
x3006c0s37b1n0:61056:65117 [1] NCCL INFO transport/net_ib.cc:696 Ib Alloc Size 552 pointer 0x14dfc4071000
x3006c0s37b1n0:61063:65127 [3] NCCL INFO transport/net_ib.cc:596 Ib Alloc Size 26560 pointer 0x150dec053000
x3006c0s37b1n0:61059:65092 [2] NCCL INFO transport/net_ib.cc:596 Ib Alloc Size 26560 pointer 0x14a560080000
x3006c0s37b1n0:61063:65127 [3] NCCL INFO NET/IB: Dev 1 Port 1 qpn 3429 mtu 5 GID 0 (80FE/AB0800FEFF000000)
x3006c0s37b1n0:61063:65127 [3] NCCL INFO transport/net_ib.cc:653 Ib Alloc Size 552 pointer 0x150dec06a000
x3006c0s37b1n0:61063:65127 [3] NCCL INFO transport/net.cc:571 Cuda Host Alloc Size 9641984 pointer 0x150de6000000
x3006c0s37b1n0:61059:65092 [2] NCCL INFO NET/IB: Dev 1 Port 1 qpn 3431 mtu 5 GID 0 (80FE/AB0800FEFF000000)
x3006c0s37b1n0:61059:65092 [2] NCCL INFO transport/net_ib.cc:653 Ib Alloc Size 552 pointer 0x14a560097000
x3006c0s37b1n0:61056:65117 [1] NCCL INFO transport/net_ib.cc:771 Ib Alloc Size 552 pointer 0x14dfc408c000
x3006c0s37b1n0:61059:65092 [2] NCCL INFO transport/net.cc:571 Cuda Host Alloc Size 9641984 pointer 0x14a558000000
x3006c0s37b1n0:61056:65117 [1] NCCL INFO transport/net.cc:698 Cuda Host Alloc Size 9641984 pointer 0x14dfb7400000
x3006c0s37b1n0:61050:65091 [0] NCCL INFO transport/net_ib.cc:683 Ib Alloc Size 21688 pointer 0x149ec808e000
x3006c0s37b1n0:61050:65091 [0] NCCL INFO transport/net_ib.cc:696 Ib Alloc Size 552 pointer 0x149ec8095000
x3006c0s37b1n0:61063:65127 [3] NCCL INFO transport/net_ib.cc:596 Ib Alloc Size 26560 pointer 0x150dec06c000
x3006c0s37b1n0:61063:65127 [3] NCCL INFO NET/IB: Dev 0 Port 1 qpn 3686 mtu 5 GID 0 (80FE/BD0800FEFF000000)
x3006c0s37b1n0:61063:65127 [3] NCCL INFO transport/net_ib.cc:653 Ib Alloc Size 552 pointer 0x150dec083000
x3006c0s37b1n0:61063:65127 [3] NCCL INFO transport/net.cc:571 Cuda Host Alloc Size 9641984 pointer 0x150de6a00000
x3006c0s37b1n0:61059:65062 [2] NCCL INFO Connected all rings
x3006c0s37b1n0:61059:65062 [2] NCCL INFO GPU Direct RDMA Disabled for GPU 85000 / HCA 0 (distance 7 > 4)
x3006c0s37b1n0:61059:65092 [2] NCCL INFO New proxy recv connection 8 from local rank 1, transport 2
x3006c0s37b1n0:61056:65117 [1] NCCL INFO transport/net_ib.cc:683 Ib Alloc Size 21688 pointer 0x14dfc408e000
x3006c0s37b1n0:61056:65117 [1] NCCL INFO transport/net_ib.cc:696 Ib Alloc Size 552 pointer 0x14dfc4095000
x3006c0s37b1n0:61050:65091 [0] NCCL INFO transport/net_ib.cc:771 Ib Alloc Size 552 pointer 0x149ec80b0000
x3006c0s37b1n0:61050:65091 [0] NCCL INFO transport/net.cc:698 Cuda Host Alloc Size 9641984 pointer 0x149eb8000000
x3006c0s37b1n0:61063:65059 [3] NCCL INFO Connected all rings
x3006c0s37b1n0:61063:65059 [3] NCCL INFO GPU Direct RDMA Disabled for GPU c7000 / HCA 1 (distance 7 > 4)
x3006c0s37b1n0:61063:65127 [3] NCCL INFO New proxy recv connection 8 from local rank 1, transport 2
x3006c0s37b1n0:61056:65117 [1] NCCL INFO transport/net_ib.cc:771 Ib Alloc Size 552 pointer 0x14dfc40b0000
x3006c0s37b1n0:61056:65117 [1] NCCL INFO transport/net.cc:698 Cuda Host Alloc Size 9641984 pointer 0x14dfb4000000
x3006c0s37b1n0:61059:65062 [2] NCCL INFO Connection to proxy localRank 1 -> connection 0x14a560000e80
x3006c0s37b1n0:61056:65060 [1] NCCL INFO Connected all rings
x3006c0s37b1n0:61056:65060 [1] NCCL INFO GPU Direct RDMA Disabled for GPU 46000 / HCA 1 (distance 6 > 4)
x3006c0s37b1n0:61056:65117 [1] NCCL INFO New proxy send connection 8 from local rank 0, transport 2
x3006c0s37b1n0:61050:65061 [0] NCCL INFO Connected all rings
x3006c0s37b1n0:61050:65061 [0] NCCL INFO GPU Direct RDMA Disabled for GPU 7000 / HCA 0 (distance 7 > 4)
x3006c0s37b1n0:61050:65091 [0] NCCL INFO New proxy send connection 8 from local rank 0, transport 2
x3006c0s37b1n0:61063:65059 [3] NCCL INFO Connection to proxy localRank 1 -> connection 0x150dec000e80
x3006c0s37b1n0:61059:65062 [2] NCCL INFO Channel 00/0 : 2[7000] -> 5[85000] [receive] via NET/IB/0
x3006c0s37b1n0:61059:65062 [2] NCCL INFO GPU Direct RDMA Disabled for GPU 85000 / HCA 1 (distance 7 > 4)
x3006c0s37b1n0:61059:65092 [2] NCCL INFO New proxy recv connection 9 from local rank 1, transport 2
x3006c0s37b1n0:61056:65060 [1] NCCL INFO Connection to proxy localRank 0 -> connection 0x14dfc4000e80
x3006c0s37b1n0:61056:65060 [1] NCCL INFO Channel 00/0 : 4[46000] -> 6[46000] [send] via NET/IB/1
x3006c0s37b1n0:61056:65060 [1] NCCL INFO GPU Direct RDMA Disabled for GPU 46000 / HCA 0 (distance 7 > 4)
x3006c0s37b1n0:61056:65117 [1] NCCL INFO New proxy send connection 9 from local rank 0, transport 2
x3006c0s37b1n0:61050:65061 [0] NCCL INFO Connection to proxy localRank 0 -> connection 0x149ec8000e80
x3006c0s37b1n0:61050:65061 [0] NCCL INFO Channel 00/0 : 4[7000] -> 6[7000] [send] via NET/IB/0
x3006c0s37b1n0:61050:65061 [0] NCCL INFO GPU Direct RDMA Disabled for GPU 7000 / HCA 1 (distance 7 > 4)
x3006c0s37b1n0:61050:65091 [0] NCCL INFO New proxy send connection 9 from local rank 0, transport 2
x3006c0s37b1n0:61063:65059 [3] NCCL INFO Channel 00/0 : 2[46000] -> 5[c7000] [receive] via NET/IB/1
x3006c0s37b1n0:61063:65059 [3] NCCL INFO GPU Direct RDMA Disabled for GPU c7000 / HCA 0 (distance 6 > 4)
x3006c0s37b1n0:61063:65127 [3] NCCL INFO New proxy recv connection 9 from local rank 1, transport 2
x3006c0s37b1n0:61059:65062 [2] NCCL INFO Connection to proxy localRank 1 -> connection 0x14a560000ec0
x3006c0s37b1n0:61056:65060 [1] NCCL INFO Connection to proxy localRank 0 -> connection 0x14dfc4000ec0
x3006c0s37b1n0:61056:65060 [1] NCCL INFO Channel 01/0 : 4[46000] -> 6[46000] [send] via NET/IB/0
x3006c0s37b1n0:61050:65061 [0] NCCL INFO Connection to proxy localRank 0 -> connection 0x149ec8000ec0
x3006c0s37b1n0:61050:65061 [0] NCCL INFO Channel 01/0 : 4[7000] -> 6[7000] [send] via NET/IB/1
x3006c0s37b1n0:61063:65059 [3] NCCL INFO Connection to proxy localRank 1 -> connection 0x150dec000ec0
x3006c0s37b1n0:61059:65062 [2] NCCL INFO Channel 01/0 : 2[7000] -> 5[85000] [receive] via NET/IB/1
x3006c0s37b1n0:61063:65059 [3] NCCL INFO Channel 01/0 : 2[46000] -> 5[c7000] [receive] via NET/IB/0
x3006c0s37b1n0:61050:65091 [0] NCCL INFO transport/net_ib.cc:596 Ib Alloc Size 26560 pointer 0x149ec80bc000
x3006c0s37b1n0:61050:65091 [0] NCCL INFO NET/IB: Dev 0 Port 1 qpn 3689 mtu 5 GID 0 (80FE/BD0800FEFF000000)
x3006c0s37b1n0:61050:65091 [0] NCCL INFO transport/net_ib.cc:653 Ib Alloc Size 552 pointer 0x149ec80d3000
x3006c0s37b1n0:61050:65091 [0] NCCL INFO transport/net.cc:571 Cuda Host Alloc Size 9641984 pointer 0x149eb8a00000
x3006c0s37b1n0:61050:65091 [0] NCCL INFO transport/net_ib.cc:596 Ib Alloc Size 26560 pointer 0x149ec80d3000
x3006c0s37b1n0:61050:65091 [0] NCCL INFO NET/IB: Dev 1 Port 1 qpn 3435 mtu 5 GID 0 (80FE/AB0800FEFF000000)
x3006c0s37b1n0:61050:65091 [0] NCCL INFO transport/net_ib.cc:653 Ib Alloc Size 552 pointer 0x149ec80ea000
x3006c0s37b1n0:61050:65091 [0] NCCL INFO transport/net.cc:571 Cuda Host Alloc Size 9641984 pointer 0x149eb9400000
x3006c0s37b1n0:61050:65061 [0] NCCL INFO GPU Direct RDMA Disabled for GPU 7000 / HCA 0 (distance 7 > 4)
x3006c0s37b1n0:61050:65091 [0] NCCL INFO New proxy send connection 10 from local rank 0, transport 2
x3006c0s37b1n0:61050:65061 [0] NCCL INFO Connection to proxy localRank 0 -> connection 0x149ec8000f00
x3006c0s37b1n0:61050:65061 [0] NCCL INFO Channel 02/0 : 4[7000] -> 7[85000] [send] via NET/IB/0
x3006c0s37b1n0:61050:65061 [0] NCCL INFO GPU Direct RDMA Disabled for GPU 7000 / HCA 1 (distance 7 > 4)
x3006c0s37b1n0:61050:65091 [0] NCCL INFO New proxy send connection 11 from local rank 0, transport 2
x3006c0s37b1n0:61056:65117 [1] NCCL INFO transport/net_ib.cc:596 Ib Alloc Size 26560 pointer 0x14dfc40bc000
x3006c0s37b1n0:61056:65117 [1] NCCL INFO NET/IB: Dev 1 Port 1 qpn 3436 mtu 5 GID 0 (80FE/AB0800FEFF000000)
x3006c0s37b1n0:61056:65117 [1] NCCL INFO transport/net_ib.cc:653 Ib Alloc Size 552 pointer 0x14dfc40d3000
x3006c0s37b1n0:61056:65117 [1] NCCL INFO transport/net.cc:571 Cuda Host Alloc Size 9641984 pointer 0x14dfb4a00000
x3006c0s37b1n0:61050:65061 [0] NCCL INFO Connection to proxy localRank 0 -> connection 0x149ec8000f40
x3006c0s37b1n0:61050:65061 [0] NCCL INFO Channel 03/0 : 4[7000] -> 7[85000] [send] via NET/IB/1
x3006c0s37b1n0:61050:65091 [0] NCCL INFO transport/net_ib.cc:596 Ib Alloc Size 26560 pointer 0x149ec80f6000
x3006c0s37b1n0:61056:65117 [1] NCCL INFO transport/net_ib.cc:596 Ib Alloc Size 26560 pointer 0x14dfc40d3000
x3006c0s37b1n0:61050:65091 [0] NCCL INFO NET/IB: Dev 0 Port 1 qpn 3690 mtu 5 GID 0 (80FE/BD0800FEFF000000)
x3006c0s37b1n0:61050:65091 [0] NCCL INFO transport/net_ib.cc:653 Ib Alloc Size 552 pointer 0x149ec810d000
x3006c0s37b1n0:61050:65091 [0] NCCL INFO transport/net.cc:571 Cuda Host Alloc Size 9641984 pointer 0x149eb6000000
x3006c0s37b1n0:61056:65117 [1] NCCL INFO NET/IB: Dev 0 Port 1 qpn 3691 mtu 5 GID 0 (80FE/BD0800FEFF000000)
x3006c0s37b1n0:61056:65117 [1] NCCL INFO transport/net_ib.cc:653 Ib Alloc Size 552 pointer 0x14dfc40ea000
x3006c0s37b1n0:61056:65117 [1] NCCL INFO transport/net.cc:571 Cuda Host Alloc Size 9641984 pointer 0x14dfb5400000
x3006c0s37b1n0:61050:65091 [0] NCCL INFO transport/net_ib.cc:596 Ib Alloc Size 26560 pointer 0x149ec810f000
x3006c0s37b1n0:61050:65091 [0] NCCL INFO NET/IB: Dev 1 Port 1 qpn 3437 mtu 5 GID 0 (80FE/AB0800FEFF000000)
x3006c0s37b1n0:61050:65091 [0] NCCL INFO transport/net_ib.cc:653 Ib Alloc Size 552 pointer 0x149ec8126000
x3006c0s37b1n0:61050:65091 [0] NCCL INFO transport/net.cc:571 Cuda Host Alloc Size 9641984 pointer 0x149eb6a00000
x3006c0s37b1n0:61056:65060 [1] NCCL INFO GPU Direct RDMA Disabled for GPU 46000 / HCA 1 (distance 6 > 4)
x3006c0s37b1n0:61056:65117 [1] NCCL INFO New proxy send connection 10 from local rank 0, transport 2
x3006c0s37b1n0:61050:65061 [0] NCCL INFO GPU Direct RDMA Disabled for GPU 7000 / HCA 0 (distance 7 > 4)
x3006c0s37b1n0:61050:65091 [0] NCCL INFO New proxy recv connection 12 from local rank 0, transport 2
x3006c0s37b1n0:61056:65060 [1] NCCL INFO Connection to proxy localRank 0 -> connection 0x14dfc4000f00
x3006c0s37b1n0:61056:65060 [1] NCCL INFO Channel 02/0 : 4[46000] -> 7[c7000] [send] via NET/IB/1
x3006c0s37b1n0:61056:65060 [1] NCCL INFO GPU Direct RDMA Disabled for GPU 46000 / HCA 0 (distance 7 > 4)
x3006c0s37b1n0:61056:65117 [1] NCCL INFO New proxy send connection 11 from local rank 0, transport 2
x3006c0s37b1n0:61050:65061 [0] NCCL INFO Connection to proxy localRank 0 -> connection 0x149ec8000f80
x3006c0s37b1n0:61056:65060 [1] NCCL INFO Connection to proxy localRank 0 -> connection 0x14dfc4000f40
x3006c0s37b1n0:61056:65060 [1] NCCL INFO Channel 03/0 : 4[46000] -> 7[c7000] [send] via NET/IB/0
x3006c0s37b1n0:61056:65117 [1] NCCL INFO transport/net_ib.cc:596 Ib Alloc Size 26560 pointer 0x14dfc40f6000
x3006c0s37b1n0:61056:65117 [1] NCCL INFO NET/IB: Dev 1 Port 1 qpn 3438 mtu 5 GID 0 (80FE/AB0800FEFF000000)
x3006c0s37b1n0:61056:65117 [1] NCCL INFO transport/net_ib.cc:653 Ib Alloc Size 552 pointer 0x14dfc410d000
x3006c0s37b1n0:61056:65117 [1] NCCL INFO transport/net.cc:571 Cuda Host Alloc Size 9641984 pointer 0x14dfb2000000
x3006c0s37b1n0:61050:65061 [0] NCCL INFO Channel 00/0 : 9[85000] -> 4[7000] [receive] via NET/IB/0
x3006c0s37b1n0:61050:65061 [0] NCCL INFO GPU Direct RDMA Disabled for GPU 7000 / HCA 1 (distance 7 > 4)
x3006c0s37b1n0:61059:65092 [2] NCCL INFO transport/net_ib.cc:683 Ib Alloc Size 21688 pointer 0x14a5600a3000
x3006c0s37b1n0:61059:65092 [2] NCCL INFO transport/net_ib.cc:696 Ib Alloc Size 552 pointer 0x14a5600aa000
x3006c0s37b1n0:61059:65092 [2] NCCL INFO transport/net_ib.cc:771 Ib Alloc Size 552 pointer 0x14a5600c6000
x3006c0s37b1n0:61059:65092 [2] NCCL INFO transport/net.cc:698 Cuda Host Alloc Size 9641984 pointer 0x14a556000000
x3006c0s37b1n0:61050:65091 [0] NCCL INFO New proxy recv connection 13 from local rank 0, transport 2
x3006c0s37b1n0:61059:65092 [2] NCCL INFO transport/net_ib.cc:683 Ib Alloc Size 21688 pointer 0x14a5600c8000
x3006c0s37b1n0:61056:65117 [1] NCCL INFO transport/net_ib.cc:596 Ib Alloc Size 26560 pointer 0x14dfc410f000
x3006c0s37b1n0:61056:65117 [1] NCCL INFO NET/IB: Dev 0 Port 1 qpn 3694 mtu 5 GID 0 (80FE/BD0800FEFF000000)
x3006c0s37b1n0:61056:65117 [1] NCCL INFO transport/net_ib.cc:653 Ib Alloc Size 552 pointer 0x14dfc4126000
x3006c0s37b1n0:61056:65117 [1] NCCL INFO transport/net.cc:571 Cuda Host Alloc Size 9641984 pointer 0x14dfb2a00000
x3006c0s37b1n0:61050:65061 [0] NCCL INFO Connection to proxy localRank 0 -> connection 0x149ec8000fc0
x3006c0s37b1n0:61050:65061 [0] NCCL INFO Channel 01/0 : 9[85000] -> 4[7000] [receive] via NET/IB/1
x3006c0s37b1n0:61050:65061 [0] NCCL INFO GPU Direct RDMA Disabled for GPU 7000 / HCA 0 (distance 7 > 4)
x3006c0s37b1n0:61056:65060 [1] NCCL INFO GPU Direct RDMA Disabled for GPU 46000 / HCA 1 (distance 6 > 4)
x3006c0s37b1n0:61056:65117 [1] NCCL INFO New proxy recv connection 12 from local rank 0, transport 2
x3006c0s37b1n0:61050:65091 [0] NCCL INFO New proxy send connection 14 from local rank 0, transport 2
x3006c0s37b1n0:61059:65092 [2] NCCL INFO transport/net_ib.cc:696 Ib Alloc Size 552 pointer 0x14a5600cf000
x3006c0s37b1n0:61050:65061 [0] NCCL INFO Connection to proxy localRank 0 -> connection 0x149ec8001000
x3006c0s37b1n0:61063:65127 [3] NCCL INFO transport/net_ib.cc:683 Ib Alloc Size 21688 pointer 0x150dec08f000
x3006c0s37b1n0:61063:65127 [3] NCCL INFO transport/net_ib.cc:696 Ib Alloc Size 552 pointer 0x150dec096000
x3006c0s37b1n0:61050:65061 [0] NCCL INFO Channel 00/0 : 4[7000] -> 9[85000] [send] via NET/IB/0
x3006c0s37b1n0:61050:65061 [0] NCCL INFO GPU Direct RDMA Disabled for GPU 7000 / HCA 1 (distance 7 > 4)
x3006c0s37b1n0:61059:65092 [2] NCCL INFO transport/net_ib.cc:771 Ib Alloc Size 552 pointer 0x14a5600ea000
x3006c0s37b1n0:61059:65092 [2] NCCL INFO transport/net.cc:698 Cuda Host Alloc Size 9641984 pointer 0x14a556a00000
x3006c0s37b1n0:61056:65060 [1] NCCL INFO Connection to proxy localRank 0 -> connection 0x14dfc4000f80
x3006c0s37b1n0:61059:65062 [2] NCCL INFO GPU Direct RDMA Disabled for GPU 85000 / HCA 0 (distance 7 > 4)
x3006c0s37b1n0:61059:65092 [2] NCCL INFO New proxy send connection 10 from local rank 1, transport 2
x3006c0s37b1n0:61059:65062 [2] NCCL INFO Connection to proxy localRank 1 -> connection 0x14a560000f00
x3006c0s37b1n0:61059:65062 [2] NCCL INFO Channel 00/0 : 5[85000] -> 2[7000] [send] via NET/IB/0
x3006c0s37b1n0:61059:65062 [2] NCCL INFO GPU Direct RDMA Disabled for GPU 85000 / HCA 1 (distance 7 > 4)
x3006c0s37b1n0:61050:65091 [0] NCCL INFO New proxy send connection 15 from local rank 0, transport 2
x3006c0s37b1n0:61059:65092 [2] NCCL INFO New proxy send connection 11 from local rank 1, transport 2
x3006c0s37b1n0:61063:65127 [3] NCCL INFO transport/net_ib.cc:771 Ib Alloc Size 552 pointer 0x150dec0b2000
x3006c0s37b1n0:61063:65127 [3] NCCL INFO transport/net.cc:698 Cuda Host Alloc Size 9641984 pointer 0x150de4c00000
x3006c0s37b1n0:61059:65062 [2] NCCL INFO Connection to proxy localRank 1 -> connection 0x14a560000f40
x3006c0s37b1n0:61059:65062 [2] NCCL INFO Channel 01/0 : 5[85000] -> 2[7000] [send] via NET/IB/1
x3006c0s37b1n0:61050:65061 [0] NCCL INFO Connection to proxy localRank 0 -> connection 0x149ec8001040
x3006c0s37b1n0:61050:65061 [0] NCCL INFO Channel 01/0 : 4[7000] -> 9[85000] [send] via NET/IB/1
x3006c0s37b1n0:61059:65092 [2] NCCL INFO transport/net_ib.cc:596 Ib Alloc Size 26560 pointer 0x14a5600f6000
x3006c0s37b1n0:61050:65091 [0] NCCL INFO transport/net_ib.cc:596 Ib Alloc Size 26560 pointer 0x149ec813c000
x3006c0s37b1n0:61056:65060 [1] NCCL INFO Channel 00/0 : 9[c7000] -> 4[46000] [receive] via NET/IB/1
x3006c0s37b1n0:61056:65060 [1] NCCL INFO GPU Direct RDMA Disabled for GPU 46000 / HCA 0 (distance 7 > 4)
x3006c0s37b1n0:61056:65117 [1] NCCL INFO New proxy recv connection 13 from local rank 0, transport 2
x3006c0s37b1n0:61063:65127 [3] NCCL INFO transport/net_ib.cc:683 Ib Alloc Size 21688 pointer 0x150dec0b4000
x3006c0s37b1n0:61063:65127 [3] NCCL INFO transport/net_ib.cc:696 Ib Alloc Size 552 pointer 0x150dec0bb000
x3006c0s37b1n0:61059:65092 [2] NCCL INFO NET/IB: Dev 0 Port 1 qpn 3696 mtu 5 GID 0 (80FE/BD0800FEFF000000)
x3006c0s37b1n0:61059:65092 [2] NCCL INFO transport/net_ib.cc:653 Ib Alloc Size 552 pointer 0x14a56010d000
x3006c0s37b1n0:61059:65092 [2] NCCL INFO transport/net.cc:571 Cuda Host Alloc Size 9641984 pointer 0x14a557400000
x3006c0s37b1n0:61050:65091 [0] NCCL INFO NET/IB: Dev 0 Port 1 qpn 3695 mtu 5 GID 0 (80FE/BD0800FEFF000000)
x3006c0s37b1n0:61050:65091 [0] NCCL INFO transport/net_ib.cc:653 Ib Alloc Size 552 pointer 0x149ec8153000
x3006c0s37b1n0:61050:65091 [0] NCCL INFO transport/net.cc:571 Cuda Host Alloc Size 9641984 pointer 0x149eb7400000
x3006c0s37b1n0:61050:65091 [0] NCCL INFO Mem Realloc old size 768, new size 1536 pointer 0x149ec8148050
x3006c0s37b1n0:61063:65127 [3] NCCL INFO transport/net_ib.cc:771 Ib Alloc Size 552 pointer 0x150dec0d6000
x3006c0s37b1n0:61063:65127 [3] NCCL INFO transport/net.cc:698 Cuda Host Alloc Size 9641984 pointer 0x150de5600000
x3006c0s37b1n0:61059:65092 [2] NCCL INFO transport/net_ib.cc:596 Ib Alloc Size 26560 pointer 0x14a56010f000
x3006c0s37b1n0:61063:65059 [3] NCCL INFO GPU Direct RDMA Disabled for GPU c7000 / HCA 1 (distance 7 > 4)
x3006c0s37b1n0:61063:65127 [3] NCCL INFO New proxy send connection 10 from local rank 1, transport 2
x3006c0s37b1n0:61050:65091 [0] NCCL INFO transport/net_ib.cc:596 Ib Alloc Size 26560 pointer 0x149ec8155000
x3006c0s37b1n0:61059:65092 [2] NCCL INFO NET/IB: Dev 1 Port 1 qpn 3443 mtu 5 GID 0 (80FE/AB0800FEFF000000)
x3006c0s37b1n0:61059:65092 [2] NCCL INFO transport/net_ib.cc:653 Ib Alloc Size 552 pointer 0x14a560126000
x3006c0s37b1n0:61059:65092 [2] NCCL INFO transport/net.cc:571 Cuda Host Alloc Size 9641984 pointer 0x14a554000000
x3006c0s37b1n0:61056:65060 [1] NCCL INFO Connection to proxy localRank 0 -> connection 0x14dfc4000fc0
x3006c0s37b1n0:61050:65091 [0] NCCL INFO NET/IB: Dev 1 Port 1 qpn 3444 mtu 5 GID 0 (80FE/AB0800FEFF000000)
x3006c0s37b1n0:61050:65091 [0] NCCL INFO transport/net_ib.cc:653 Ib Alloc Size 552 pointer 0x149ec816c000
x3006c0s37b1n0:61050:65091 [0] NCCL INFO transport/net.cc:571 Cuda Host Alloc Size 9641984 pointer 0x149eb4000000
x3006c0s37b1n0:61050:65091 [0] NCCL INFO Mem Realloc old size 768, new size 1536 pointer 0x149ec8161150
x3006c0s37b1n0:61063:65059 [3] NCCL INFO Connection to proxy localRank 1 -> connection 0x150dec000f00
x3006c0s37b1n0:61063:65059 [3] NCCL INFO Channel 00/0 : 5[c7000] -> 2[46000] [send] via NET/IB/1
x3006c0s37b1n0:61063:65059 [3] NCCL INFO GPU Direct RDMA Disabled for GPU c7000 / HCA 0 (distance 6 > 4)
x3006c0s37b1n0:61063:65127 [3] NCCL INFO New proxy send connection 11 from local rank 1, transport 2
x3006c0s37b1n0:61050:65091 [0] NCCL INFO transport/net_ib.cc:683 Ib Alloc Size 21688 pointer 0x149ec816e000
x3006c0s37b1n0:61050:65091 [0] NCCL INFO transport/net_ib.cc:696 Ib Alloc Size 552 pointer 0x149ec8175000
x3006c0s37b1n0:61059:65062 [2] NCCL INFO Channel 00/0 : 5[85000] -> 4[7000] via P2P/IPC/read
x3006c0s37b1n0:61059:65092 [2] NCCL INFO New proxy send connection 12 from local rank 1, transport 0
x3006c0s37b1n0:61056:65060 [1] NCCL INFO Channel 01/0 : 9[c7000] -> 4[46000] [receive] via NET/IB/0
x3006c0s37b1n0:61056:65060 [1] NCCL INFO GPU Direct RDMA Disabled for GPU 46000 / HCA 1 (distance 6 > 4)
x3006c0s37b1n0:61056:65117 [1] NCCL INFO New proxy send connection 14 from local rank 0, transport 2
x3006c0s37b1n0:61050:65091 [0] NCCL INFO transport/net_ib.cc:771 Ib Alloc Size 552 pointer 0x149ec8191000
x3006c0s37b1n0:61050:65091 [0] NCCL INFO transport/net.cc:698 Cuda Host Alloc Size 9641984 pointer 0x149eb4a00000
x3006c0s37b1n0:61063:65059 [3] NCCL INFO Connection to proxy localRank 1 -> connection 0x150dec000f40
x3006c0s37b1n0:61063:65059 [3] NCCL INFO Channel 01/0 : 5[c7000] -> 2[46000] [send] via NET/IB/0
x3006c0s37b1n0:61063:65127 [3] NCCL INFO transport/net_ib.cc:596 Ib Alloc Size 26560 pointer 0x150dec0e2000
x3006c0s37b1n0:61050:65091 [0] NCCL INFO transport/net_ib.cc:683 Ib Alloc Size 21688 pointer 0x149ec8193000
x3006c0s37b1n0:61050:65091 [0] NCCL INFO transport/net_ib.cc:696 Ib Alloc Size 552 pointer 0x149ec819a000
x3006c0s37b1n0:61063:65127 [3] NCCL INFO NET/IB: Dev 1 Port 1 qpn 3445 mtu 5 GID 0 (80FE/AB0800FEFF000000)
x3006c0s37b1n0:61063:65127 [3] NCCL INFO transport/net_ib.cc:653 Ib Alloc Size 552 pointer 0x150dec0f9000
x3006c0s37b1n0:61063:65127 [3] NCCL INFO transport/net.cc:571 Cuda Host Alloc Size 9641984 pointer 0x150de2000000
x3006c0s37b1n0:61059:65062 [2] NCCL INFO Connection to proxy localRank 1 -> connection 0x14a560000f80
x3006c0s37b1n0:61050:65091 [0] NCCL INFO transport/net_ib.cc:771 Ib Alloc Size 552 pointer 0x149ec81b5000
x3006c0s37b1n0:61050:65091 [0] NCCL INFO transport/net.cc:698 Cuda Host Alloc Size 9641984 pointer 0x149eb5400000
x3006c0s37b1n0:61059:65092 [2] NCCL INFO transport/p2p.cc:430 Cuda Alloc Size 6291456 pointer 0x14a554a00000
x3006c0s37b1n0:61056:65060 [1] NCCL INFO Connection to proxy localRank 0 -> connection 0x14dfc4001000
x3006c0s37b1n0:61056:65060 [1] NCCL INFO Channel 00/0 : 4[46000] -> 9[c7000] [send] via NET/IB/1
x3006c0s37b1n0:61056:65060 [1] NCCL INFO GPU Direct RDMA Disabled for GPU 46000 / HCA 0 (distance 7 > 4)
x3006c0s37b1n0:61056:65117 [1] NCCL INFO New proxy send connection 15 from local rank 0, transport 2
x3006c0s37b1n0:61059:65062 [2] NCCL INFO Channel 01/0 : 5[85000] -> 4[7000] via P2P/IPC/read
x3006c0s37b1n0:61059:65092 [2] NCCL INFO New proxy send connection 13 from local rank 1, transport 0
x3006c0s37b1n0:61059:65062 [2] NCCL INFO Connection to proxy localRank 1 -> connection 0x14a560000fc0
x3006c0s37b1n0:61059:65092 [2] NCCL INFO transport/p2p.cc:430 Cuda Alloc Size 6291456 pointer 0x14a555000000
x3006c0s37b1n0:61050:65061 [0] NCCL INFO GPU Direct RDMA Disabled for GPU 7000 / HCA 0 (distance 7 > 4)
x3006c0s37b1n0:61050:65091 [0] NCCL INFO New proxy recv connection 16 from local rank 0, transport 2
x3006c0s37b1n0:61063:65127 [3] NCCL INFO transport/net_ib.cc:596 Ib Alloc Size 26560 pointer 0x150dec0fb000
x3006c0s37b1n0:61063:65127 [3] NCCL INFO NET/IB: Dev 0 Port 1 qpn 3701 mtu 5 GID 0 (80FE/BD0800FEFF000000)
x3006c0s37b1n0:61063:65127 [3] NCCL INFO transport/net_ib.cc:653 Ib Alloc Size 552 pointer 0x150dec112000
x3006c0s37b1n0:61063:65127 [3] NCCL INFO transport/net.cc:571 Cuda Host Alloc Size 9641984 pointer 0x150de2a00000
x3006c0s37b1n0:61056:65060 [1] NCCL INFO Connection to proxy localRank 0 -> connection 0x14dfc4001040
x3006c0s37b1n0:61056:65060 [1] NCCL INFO Channel 01/0 : 4[46000] -> 9[c7000] [send] via NET/IB/0
x3006c0s37b1n0:61056:65117 [1] NCCL INFO transport/net_ib.cc:596 Ib Alloc Size 26560 pointer 0x14dfc413c000
x3006c0s37b1n0:61056:65117 [1] NCCL INFO NET/IB: Dev 1 Port 1 qpn 3448 mtu 5 GID 0 (80FE/AB0800FEFF000000)
x3006c0s37b1n0:61056:65117 [1] NCCL INFO transport/net_ib.cc:653 Ib Alloc Size 552 pointer 0x14dfc4153000
x3006c0s37b1n0:61056:65117 [1] NCCL INFO transport/net.cc:571 Cuda Host Alloc Size 9641984 pointer 0x14dfb3400000
x3006c0s37b1n0:61050:65061 [0] NCCL INFO Connection to proxy localRank 0 -> connection 0x149ec8001080
x3006c0s37b1n0:61059:65062 [2] NCCL INFO Channel 02/0 : 5[85000] -> 4[7000] via P2P/IPC/read
x3006c0s37b1n0:61056:65117 [1] NCCL INFO transport/net_ib.cc:596 Ib Alloc Size 26560 pointer 0x14dfc4155000
x3006c0s37b1n0:61063:65059 [3] NCCL INFO Channel 00/0 : 5[c7000] -> 4[46000] via P2P/IPC/read
x3006c0s37b1n0:61063:65127 [3] NCCL INFO New proxy send connection 12 from local rank 1, transport 0
x3006c0s37b1n0:61056:65117 [1] NCCL INFO NET/IB: Dev 0 Port 1 qpn 3702 mtu 5 GID 0 (80FE/BD0800FEFF000000)
x3006c0s37b1n0:61056:65117 [1] NCCL INFO transport/net_ib.cc:653 Ib Alloc Size 552 pointer 0x14dfc416c000
x3006c0s37b1n0:61056:65117 [1] NCCL INFO transport/net.cc:571 Cuda Host Alloc Size 9641984 pointer 0x14dfb0000000
x3006c0s37b1n0:61059:65092 [2] NCCL INFO New proxy send connection 14 from local rank 1, transport 0
x3006c0s37b1n0:61063:65059 [3] NCCL INFO Connection to proxy localRank 1 -> connection 0x150dec000f80
x3006c0s37b1n0:61063:65127 [3] NCCL INFO transport/p2p.cc:430 Cuda Alloc Size 6291456 pointer 0x150de3400000
x3006c0s37b1n0:61050:65061 [0] NCCL INFO Channel 02/0 : 7[85000] -> 4[7000] [receive] via NET/IB/0
x3006c0s37b1n0:61050:65061 [0] NCCL INFO GPU Direct RDMA Disabled for GPU 7000 / HCA 1 (distance 7 > 4)
x3006c0s37b1n0:61050:65091 [0] NCCL INFO New proxy recv connection 17 from local rank 0, transport 2
x3006c0s37b1n0:61056:65117 [1] NCCL INFO transport/net_ib.cc:683 Ib Alloc Size 21688 pointer 0x14dfc416e000
x3006c0s37b1n0:61056:65117 [1] NCCL INFO transport/net_ib.cc:696 Ib Alloc Size 552 pointer 0x14dfc4175000
x3006c0s37b1n0:61059:65062 [2] NCCL INFO Connection to proxy localRank 1 -> connection 0x14a560001000
x3006c0s37b1n0:61059:65092 [2] NCCL INFO transport/p2p.cc:430 Cuda Alloc Size 6291456 pointer 0x14a555600000
x3006c0s37b1n0:61063:65059 [3] NCCL INFO Channel 01/0 : 5[c7000] -> 4[46000] via P2P/IPC/read
x3006c0s37b1n0:61063:65127 [3] NCCL INFO New proxy send connection 13 from local rank 1, transport 0
x3006c0s37b1n0:61050:65061 [0] NCCL INFO Connection to proxy localRank 0 -> connection 0x149ec80010c0
x3006c0s37b1n0:61056:65117 [1] NCCL INFO transport/net_ib.cc:771 Ib Alloc Size 552 pointer 0x14dfc4191000
x3006c0s37b1n0:61056:65117 [1] NCCL INFO transport/net.cc:698 Cuda Host Alloc Size 9641984 pointer 0x14dfb0a00000
x3006c0s37b1n0:61056:65117 [1] NCCL INFO transport/net_ib.cc:683 Ib Alloc Size 21688 pointer 0x14dfc4193000
x3006c0s37b1n0:61056:65117 [1] NCCL INFO transport/net_ib.cc:696 Ib Alloc Size 552 pointer 0x14dfc419a000
x3006c0s37b1n0:61056:65117 [1] NCCL INFO transport/net_ib.cc:771 Ib Alloc Size 552 pointer 0x14dfc41b5000
x3006c0s37b1n0:61056:65117 [1] NCCL INFO transport/net.cc:698 Cuda Host Alloc Size 9641984 pointer 0x14dfb1400000
x3006c0s37b1n0:61059:65062 [2] NCCL INFO Channel 03/0 : 5[85000] -> 4[7000] via P2P/IPC/read
x3006c0s37b1n0:61059:65092 [2] NCCL INFO New proxy send connection 15 from local rank 1, transport 0
x3006c0s37b1n0:61063:65059 [3] NCCL INFO Connection to proxy localRank 1 -> connection 0x150dec000fc0
x3006c0s37b1n0:61063:65127 [3] NCCL INFO transport/p2p.cc:430 Cuda Alloc Size 6291456 pointer 0x150de3a00000
x3006c0s37b1n0:61056:65060 [1] NCCL INFO GPU Direct RDMA Disabled for GPU 46000 / HCA 1 (distance 6 > 4)
x3006c0s37b1n0:61056:65117 [1] NCCL INFO New proxy recv connection 16 from local rank 0, transport 2
x3006c0s37b1n0:61050:65061 [0] NCCL INFO Channel 03/0 : 7[85000] -> 4[7000] [receive] via NET/IB/1
x3006c0s37b1n0:61050:65091 [0] NCCL INFO transport/net_ib.cc:683 Ib Alloc Size 21688 pointer 0x149ec81c1000
x3006c0s37b1n0:61050:65091 [0] NCCL INFO transport/net_ib.cc:696 Ib Alloc Size 552 pointer 0x149ec81c8000
x3006c0s37b1n0:61059:65062 [2] NCCL INFO Connection to proxy localRank 1 -> connection 0x14a560001040
x3006c0s37b1n0:61059:65092 [2] NCCL INFO transport/p2p.cc:430 Cuda Alloc Size 6291456 pointer 0x14a552000000
x3006c0s37b1n0:61063:65059 [3] NCCL INFO Channel 02/0 : 5[c7000] -> 4[46000] via P2P/IPC/read
x3006c0s37b1n0:61063:65127 [3] NCCL INFO New proxy send connection 14 from local rank 1, transport 0
x3006c0s37b1n0:61056:65060 [1] NCCL INFO Connection to proxy localRank 0 -> connection 0x14dfc4001080
x3006c0s37b1n0:61050:65091 [0] NCCL INFO transport/net_ib.cc:771 Ib Alloc Size 552 pointer 0x149ec81e3000
x3006c0s37b1n0:61050:65091 [0] NCCL INFO transport/net.cc:698 Cuda Host Alloc Size 9641984 pointer 0x149eb2000000
x3006c0s37b1n0:61050:65091 [0] NCCL INFO transport/net_ib.cc:683 Ib Alloc Size 21688 pointer 0x149ec81e3000
x3006c0s37b1n0:61050:65091 [0] NCCL INFO transport/net_ib.cc:696 Ib Alloc Size 552 pointer 0x149ec81ea000
x3006c0s37b1n0:61063:65059 [3] NCCL INFO Connection to proxy localRank 1 -> connection 0x150dec001000
x3006c0s37b1n0:61063:65127 [3] NCCL INFO transport/p2p.cc:430 Cuda Alloc Size 6291456 pointer 0x150de0000000
x3006c0s37b1n0:61050:65091 [0] NCCL INFO transport/net_ib.cc:771 Ib Alloc Size 552 pointer 0x149ec8206000
x3006c0s37b1n0:61050:65091 [0] NCCL INFO transport/net.cc:698 Cuda Host Alloc Size 9641984 pointer 0x149eb2a00000
x3006c0s37b1n0:61056:65060 [1] NCCL INFO Channel 02/0 : 7[c7000] -> 4[46000] [receive] via NET/IB/1
x3006c0s37b1n0:61056:65060 [1] NCCL INFO GPU Direct RDMA Disabled for GPU 46000 / HCA 0 (distance 7 > 4)
x3006c0s37b1n0:61056:65117 [1] NCCL INFO New proxy recv connection 17 from local rank 0, transport 2
x3006c0s37b1n0:61063:65059 [3] NCCL INFO Channel 03/0 : 5[c7000] -> 4[46000] via P2P/IPC/read
x3006c0s37b1n0:61063:65127 [3] NCCL INFO New proxy send connection 15 from local rank 1, transport 0
x3006c0s37b1n0:61050:65061 [0] NCCL INFO GPU Direct RDMA Disabled for GPU 7000 / HCA 0 (distance 7 > 4)
x3006c0s37b1n0:61050:65091 [0] NCCL INFO New proxy recv connection 18 from local rank 0, transport 2
x3006c0s37b1n0:61056:65060 [1] NCCL INFO Connection to proxy localRank 0 -> connection 0x14dfc40010c0
x3006c0s37b1n0:61063:65059 [3] NCCL INFO Connection to proxy localRank 1 -> connection 0x150dec001040
x3006c0s37b1n0:61056:65060 [1] NCCL INFO Channel 03/0 : 7[c7000] -> 4[46000] [receive] via NET/IB/0
x3006c0s37b1n0:61056:65117 [1] NCCL INFO transport/net_ib.cc:683 Ib Alloc Size 21688 pointer 0x14dfc41c1000
x3006c0s37b1n0:61056:65117 [1] NCCL INFO transport/net_ib.cc:696 Ib Alloc Size 552 pointer 0x14dfc41c8000
x3006c0s37b1n0:61050:65061 [0] NCCL INFO Connection to proxy localRank 0 -> connection 0x149ec8001100
x3006c0s37b1n0:61063:65127 [3] NCCL INFO transport/p2p.cc:430 Cuda Alloc Size 6291456 pointer 0x150de0600000
x3006c0s37b1n0:61056:65117 [1] NCCL INFO transport/net_ib.cc:771 Ib Alloc Size 552 pointer 0x14dfc41e3000
x3006c0s37b1n0:61056:65117 [1] NCCL INFO transport/net.cc:698 Cuda Host Alloc Size 9641984 pointer 0x14dfae000000
x3006c0s37b1n0:61056:65117 [1] NCCL INFO Mem Realloc old size 768, new size 1536 pointer 0x14dfc41530a0
x3006c0s37b1n0:61056:65117 [1] NCCL INFO transport/net_ib.cc:683 Ib Alloc Size 21688 pointer 0x14dfc41e3000
x3006c0s37b1n0:61056:65117 [1] NCCL INFO transport/net_ib.cc:696 Ib Alloc Size 552 pointer 0x14dfc41ea000
x3006c0s37b1n0:61050:65061 [0] NCCL INFO Channel 00/0 : 6[7000] -> 4[7000] [receive] via NET/IB/0
x3006c0s37b1n0:61050:65061 [0] NCCL INFO GPU Direct RDMA Disabled for GPU 7000 / HCA 1 (distance 7 > 4)
x3006c0s37b1n0:61050:65091 [0] NCCL INFO New proxy recv connection 19 from local rank 0, transport 2
x3006c0s37b1n0:61056:65117 [1] NCCL INFO transport/net_ib.cc:771 Ib Alloc Size 552 pointer 0x14dfc4206000
x3006c0s37b1n0:61056:65117 [1] NCCL INFO transport/net.cc:698 Cuda Host Alloc Size 9641984 pointer 0x14dfaea00000
x3006c0s37b1n0:61056:65117 [1] NCCL INFO Mem Realloc old size 768, new size 1536 pointer 0x14dfc4148860
x3006c0s37b1n0:61056:65060 [1] NCCL INFO GPU Direct RDMA Disabled for GPU 46000 / HCA 1 (distance 6 > 4)
x3006c0s37b1n0:61056:65117 [1] NCCL INFO New proxy recv connection 18 from local rank 0, transport 2
x3006c0s37b1n0:61050:65061 [0] NCCL INFO Connection to proxy localRank 0 -> connection 0x149ec8001140
x3006c0s37b1n0:61056:65060 [1] NCCL INFO Connection to proxy localRank 0 -> connection 0x14dfc4001100
x3006c0s37b1n0:61050:65061 [0] NCCL INFO Channel 01/0 : 6[7000] -> 4[7000] [receive] via NET/IB/1
x3006c0s37b1n0:61050:65091 [0] NCCL INFO transport/net_ib.cc:683 Ib Alloc Size 21688 pointer 0x149ec8212000
x3006c0s37b1n0:61050:65091 [0] NCCL INFO transport/net_ib.cc:696 Ib Alloc Size 552 pointer 0x149ec8219000
x3006c0s37b1n0:61056:65060 [1] NCCL INFO Channel 00/0 : 6[46000] -> 4[46000] [receive] via NET/IB/1
x3006c0s37b1n0:61056:65060 [1] NCCL INFO GPU Direct RDMA Disabled for GPU 46000 / HCA 0 (distance 7 > 4)
x3006c0s37b1n0:61056:65117 [1] NCCL INFO New proxy recv connection 19 from local rank 0, transport 2
x3006c0s37b1n0:61050:65091 [0] NCCL INFO transport/net_ib.cc:771 Ib Alloc Size 552 pointer 0x149ec8234000
x3006c0s37b1n0:61050:65091 [0] NCCL INFO transport/net.cc:698 Cuda Host Alloc Size 9641984 pointer 0x149eb3400000
x3006c0s37b1n0:61056:65060 [1] NCCL INFO Connection to proxy localRank 0 -> connection 0x14dfc4001140
x3006c0s37b1n0:61050:65091 [0] NCCL INFO transport/net_ib.cc:683 Ib Alloc Size 21688 pointer 0x149ec8236000
x3006c0s37b1n0:61050:65091 [0] NCCL INFO transport/net_ib.cc:696 Ib Alloc Size 552 pointer 0x149ec823d000
x3006c0s37b1n0:61050:65091 [0] NCCL INFO transport/net_ib.cc:771 Ib Alloc Size 552 pointer 0x149ec8258000
x3006c0s37b1n0:61050:65091 [0] NCCL INFO transport/net.cc:698 Cuda Host Alloc Size 9641984 pointer 0x149eb0000000
x3006c0s37b1n0:61056:65060 [1] NCCL INFO Channel 01/0 : 6[46000] -> 4[46000] [receive] via NET/IB/0
x3006c0s37b1n0:61056:65117 [1] NCCL INFO transport/net_ib.cc:683 Ib Alloc Size 21688 pointer 0x14dfc4212000
x3006c0s37b1n0:61056:65117 [1] NCCL INFO transport/net_ib.cc:696 Ib Alloc Size 552 pointer 0x14dfc4219000
x3006c0s37b1n0:61056:65117 [1] NCCL INFO transport/net_ib.cc:771 Ib Alloc Size 552 pointer 0x14dfc4234000
x3006c0s37b1n0:61056:65117 [1] NCCL INFO transport/net.cc:698 Cuda Host Alloc Size 9641984 pointer 0x14dfaf400000
x3006c0s37b1n0:61050:65091 [0] NCCL INFO New proxy recv connection 20 from local rank 0, transport 0
x3006c0s37b1n0:61056:65117 [1] NCCL INFO transport/net_ib.cc:683 Ib Alloc Size 21688 pointer 0x14dfc4236000
x3006c0s37b1n0:61056:65117 [1] NCCL INFO transport/net_ib.cc:696 Ib Alloc Size 552 pointer 0x14dfc423d000
x3006c0s37b1n0:61056:65117 [1] NCCL INFO transport/net_ib.cc:771 Ib Alloc Size 552 pointer 0x14dfc4258000
x3006c0s37b1n0:61056:65117 [1] NCCL INFO transport/net.cc:698 Cuda Host Alloc Size 9641984 pointer 0x14dfac000000
x3006c0s37b1n0:61050:65061 [0] NCCL INFO Connection to proxy localRank 0 -> connection 0x149ec8001180
x3006c0s37b1n0:61050:65091 [0] NCCL INFO transport/p2p.cc:449 Cuda Alloc Size 6291456 pointer 0x149eb0a00000
x3006c0s37b1n0:61056:65117 [1] NCCL INFO New proxy recv connection 20 from local rank 0, transport 0
x3006c0s37b1n0:61050:65091 [0] NCCL INFO New proxy recv connection 21 from local rank 0, transport 0
x3006c0s37b1n0:61056:65060 [1] NCCL INFO Connection to proxy localRank 0 -> connection 0x14dfc4001180
x3006c0s37b1n0:61056:65117 [1] NCCL INFO transport/p2p.cc:449 Cuda Alloc Size 6291456 pointer 0x14dfaca00000
x3006c0s37b1n0:61050:65061 [0] NCCL INFO Connection to proxy localRank 0 -> connection 0x149ec80011c0
x3006c0s37b1n0:61050:65091 [0] NCCL INFO transport/p2p.cc:449 Cuda Alloc Size 6291456 pointer 0x149eb1000000
x3006c0s37b1n0:61056:65117 [1] NCCL INFO New proxy recv connection 21 from local rank 0, transport 0
x3006c0s37b1n0:61050:65091 [0] NCCL INFO New proxy recv connection 22 from local rank 0, transport 0
x3006c0s37b1n0:61056:65060 [1] NCCL INFO Connection to proxy localRank 0 -> connection 0x14dfc40011c0
x3006c0s37b1n0:61056:65117 [1] NCCL INFO transport/p2p.cc:449 Cuda Alloc Size 6291456 pointer 0x14dfad000000
x3006c0s37b1n0:61050:65061 [0] NCCL INFO Connection to proxy localRank 0 -> connection 0x149ec8001200
x3006c0s37b1n0:61050:65091 [0] NCCL INFO transport/p2p.cc:449 Cuda Alloc Size 6291456 pointer 0x149eb1600000
x3006c0s37b1n0:61050:65091 [0] NCCL INFO New proxy recv connection 23 from local rank 0, transport 0
x3006c0s37b1n0:61050:65061 [0] NCCL INFO Connection to proxy localRank 0 -> connection 0x149ec8001240
x3006c0s37b1n0:61050:65091 [0] NCCL INFO transport/p2p.cc:449 Cuda Alloc Size 6291456 pointer 0x149eae000000
x3006c0s37b1n0:61056:65117 [1] NCCL INFO New proxy recv connection 22 from local rank 0, transport 0
x3006c0s37b1n0:61056:65060 [1] NCCL INFO Connection to proxy localRank 0 -> connection 0x14dfc4001200
x3006c0s37b1n0:61056:65117 [1] NCCL INFO transport/p2p.cc:449 Cuda Alloc Size 6291456 pointer 0x14dfad600000
x3006c0s37b1n0:61050:65061 [0] NCCL INFO Connected all trees by HAO
x3006c0s37b1n0:61050:65061 [0] NCCL INFO threadThresholds 8/8/64 | 80/8/64 | 512 | 512
x3006c0s37b1n0:61050:65061 [0] NCCL INFO 4 coll channels, 4 p2p channels, 2 p2p channels per peer
x3006c0s37b1n0:61059:65062 [2] NCCL INFO Connected all trees by HAO
x3006c0s37b1n0:61059:65062 [2] NCCL INFO threadThresholds 8/8/64 | 80/8/64 | 512 | 512
x3006c0s37b1n0:61059:65062 [2] NCCL INFO 4 coll channels, 4 p2p channels, 2 p2p channels per peer
x3006c0s37b1n0:61059:65092 [2] NCCL INFO New proxy send connection 16 from local rank 1, transport 2
x3006c0s37b1n0:61050:65091 [0] NCCL INFO New proxy send connection 24 from local rank 0, transport 2
x3006c0s37b1n0:61059:65062 [2] NCCL INFO Connection to proxy localRank 1 -> connection 0x14a560001080
x3006c0s37b1n0:61059:65092 [2] NCCL INFO transport/net.cc:376 Cuda Alloc Size 8388608 pointer 0x14a550000000
x3006c0s37b1n0:61056:65117 [1] NCCL INFO New proxy recv connection 23 from local rank 0, transport 0
x3006c0s37b1n0:61050:65061 [0] NCCL INFO Connection to proxy localRank 0 -> connection 0x149ec8001280
x3006c0s37b1n0:61050:65061 [0] NCCL INFO init.cc:367 Cuda Alloc Size 5168 pointer 0x149f63e14400
x3006c0s37b1n0:61059:65062 [2] NCCL INFO init.cc:367 Cuda Alloc Size 5168 pointer 0x14a5db814400
x3006c0s37b1n0:61050:65061 [0] NCCL INFO init.cc:392 Cuda Host Alloc Size 33554432 pointer 0x149eac000000
x3006c0s37b1n0:61050:65061 [0] NCCL INFO init.cc:398 Cuda Host Alloc Size 128 pointer 0x149f63400a00
x3006c0s37b1n0:61050:65061 [0] NCCL INFO comm 0x5618d3119fc0 rank 4 nranks 10 cudaDev 0 busId 7000 - Init COMPLETE
x3006c0s37b1n0:61050:65091 [0] NCCL INFO transport/net.cc:376 Cuda Alloc Size 8388608 pointer 0x149eaa000000
x3006c0s37b1n0:61059:65062 [2] NCCL INFO init.cc:392 Cuda Host Alloc Size 33554432 pointer 0x14a54e000000
x3006c0s37b1n0:61059:65062 [2] NCCL INFO init.cc:398 Cuda Host Alloc Size 128 pointer 0x14a5dae00a00
x3006c0s37b1n0:61059:65062 [2] NCCL INFO comm 0x5633e05f8ed0 rank 5 nranks 10 cudaDev 2 busId 85000 - Init COMPLETE
x3006c0s37b1n0:61050:61050 [0] NCCL INFO AllReduce: opCount 0 sendbuff 0x149f5fa00400 recvbuff 0x149f5fa00400 count 1 datatype 4 op 0 root 0 comm 0x5618d3119fc0 [nranks=10] stream 0x5618d1910df0
x3006c0s37b1n0:61050:61050 [0] NCCL INFO misc/utils.cc:235 memory stack hunk malloc(65536)
[LYD INFO in ncclLaunchKernel (enqueue.cc)] NCHANNELS is: 4x3006c0s37b1n0:61056:65060 [1] NCCL INFO Connection to proxy localRank 0 -> connection 0x14dfc4001240
x3006c0s37b1n0:61056:65117 [1] NCCL INFO transport/p2p.cc:449 Cuda Alloc Size 6291456 pointer 0x14dfaa000000
x3006c0s37b1n0:61056:65060 [1] NCCL INFO Connected all trees by HAO
x3006c0s37b1n0:61056:65060 [1] NCCL INFO threadThresholds 8/8/64 | 80/8/64 | 512 | 512
x3006c0s37b1n0:61056:65060 [1] NCCL INFO 4 coll channels, 4 p2p channels, 2 p2p channels per peer
x3006c0s37b1n0:61059:61059 [2] NCCL INFO AllReduce: opCount 0 sendbuff 0x14a61f600400 recvbuff 0x14a61f600400 count 1 datatype 4 op 0 root 0 comm 0x5633e05f8ed0 [nranks=10] stream 0x5633de809800
x3006c0s37b1n0:61059:61059 [2] NCCL INFO misc/utils.cc:235 memory stack hunk malloc(65536)
[LYD INFO in ncclLaunchKernel (enqueue.cc)] NCHANNELS is: 4
[LYD INFO in NCCL_KERN_NAME (common.h)] 5 AllReduce TREE LL Sum int64_t Elapsed time: 32587 us

[LYD INFO in NCCL_KERN_NAME (common.h)] 4 AllReduce TREE LL Sum int64_t Elapsed time: 237775 us
x3006c0s37b1n0:61056:65117 [1] NCCL INFO New proxy send connection 24 from local rank 0, transport 2
x3006c0s37b1n0:61063:65059 [3] NCCL INFO Connected all trees by HAO
x3006c0s37b1n0:61063:65059 [3] NCCL INFO threadThresholds 8/8/64 | 80/8/64 | 512 | 512
x3006c0s37b1n0:61063:65059 [3] NCCL INFO 4 coll channels, 4 p2p channels, 2 p2p channels per peer
x3006c0s37b1n0:61063:65127 [3] NCCL INFO New proxy send connection 16 from local rank 1, transport 2
x3006c0s37b1n0:61056:65060 [1] NCCL INFO Connection to proxy localRank 0 -> connection 0x14dfc4001280
x3006c0s37b1n0:61056:65117 [1] NCCL INFO transport/net.cc:376 Cuda Alloc Size 8388608 pointer 0x14dfa8000000
x3006c0s37b1n0:61063:65059 [3] NCCL INFO Connection to proxy localRank 1 -> connection 0x150dec001080
x3006c0s37b1n0:61063:65059 [3] NCCL INFO init.cc:367 Cuda Alloc Size 5168 pointer 0x150e61814400
x3006c0s37b1n0:61056:65060 [1] NCCL INFO init.cc:367 Cuda Alloc Size 5168 pointer 0x14e03b814400
x3006c0s37b1n0:61056:65060 [1] NCCL INFO init.cc:392 Cuda Host Alloc Size 33554432 pointer 0x14dfa6000000
x3006c0s37b1n0:61056:65060 [1] NCCL INFO init.cc:398 Cuda Host Alloc Size 128 pointer 0x14e03ae00a00
x3006c0s37b1n0:61056:65060 [1] NCCL INFO comm 0x561272e66450 rank 4 nranks 10 cudaDev 1 busId 46000 - Init COMPLETE
[Hao INFO in ncclAllReduce (all_reduce.cc)] rank 2 ncclAllReduce: count: 1, datatype: ncclInt64, message size: 8 Bytes
x3006c0s37b1n0:61059:61059 [2] NCCL INFO AllReduce: opCount 1 sendbuff 0x14a61f600400 recvbuff 0x14a61f600400 count 1 datatype 4 op 0 root 0 comm 0x5633e00ed980 [nranks=2] stream 0x5633de8096c0

[LYD INFO in ncclAllReduce (all_reduce.cc)] rank 0 AllReduce Time: 0.000021000 seconds

[LYD INFO in getAlgoInfo (enqueue.cc)] algorithm a is: 0

[LYD INFO in getAlgoInfo (enqueue.cc)] algorithm a is: 1

[LYD INFO in getAlgoInfo (enqueue.cc)] rank: 0, Duration between Point 1 and Point 2: 0.000003000 seconds

[LYD INFO in getAlgoInfo (enqueue.cc)] rank 0, Duration between Point 2 and Point 3: 0.000001000 seconds
[LYD INFO in getAlgoInfo (enqueue.cc)] out rank: 0
[LYD INFO in getAlgoInfo (enqueue.cc)] out coll: 4
[LYD INFO in getAlgoInfo (enqueue.cc)] out sendbuff address: 0x14a61f600400
[LYD INFO in getAlgoInfo (enqueue.cc)] out recvbuff address: 0x14a61f600400
[LYD INFO in getAlgoInfo (enqueue.cc)] out count: 1
[LYD INFO in getAlgoInfo (enqueue.cc)] out datatype: 4
[LYD INFO in getAlgoInfo (enqueue.cc)] out chunkSteps: 4
[LYD INFO in getAlgoInfo (enqueue.cc)] out sliceSteps: 2
[LYD INFO in getAlgoInfo (enqueue.cc)] out algorithm: 1
[LYD INFO in getAlgoInfo (enqueue.cc)] out protocol: 0
[LYD INFO in getAlgoInfo (enqueue.cc)] out nChannels: 1
[LYD INFO in getAlgoInfo (enqueue.cc)] out nThreads: 96
[LYD INFO in getAlgoInfo (enqueue.cc)] out nBytes: 8
[LYD INFO in getAlgoInfo (enqueue.cc)] out nstepsPerLoop: 0
[LYD INFO in getAlgoInfo (enqueue.cc)] out nchunksPerLoop: 0
[LYD INFO in getAlgoInfo (enqueue.cc)] out chunkSize: 0
[LYD INFO in ncclLaunchKernel (enqueue.cc)] NCHANNELS is: 8x3006c0s37b1n0:61059:61059 [2] NCCL INFO AllReduce: opCount 1 sendbuff 0x14a61f600400 recvbuff 0x14a61f600400 count 1 datatype 4 op 0 root 0 comm 0x5633e05f8ed0 [nranks=10] stream 0x5633de809800
[LYD INFO in ncclLaunchKernel (enqueue.cc)] NCHANNELS is: 4[Hao INFO in ncclAllReduce (all_reduce.cc)] rank 0 ncclAllReduce: count: 1, datatype: ncclInt64, message size: 8 Bytes
x3006c0s37b1n0:61050:61050 [0] NCCL INFO AllReduce: opCount 1 sendbuff 0x149f5fa00400 recvbuff 0x149f5fa00400 count 1 datatype 4 op 0 root 0 comm 0x5618d2ff76c0 [nranks=2] stream 0x5618d1910cb0

[LYD INFO in ncclAllReduce (all_reduce.cc)] rank 0 AllReduce Time: 0.000018000 seconds

[LYD INFO in getAlgoInfo (enqueue.cc)] algorithm a is: 0

[LYD INFO in getAlgoInfo (enqueue.cc)] algorithm a is: 1

[LYD INFO in getAlgoInfo (enqueue.cc)] rank: 0, Duration between Point 1 and Point 2: 0.000003000 seconds

[LYD INFO in getAlgoInfo (enqueue.cc)] rank 0, Duration between Point 2 and Point 3: 0.000000000 seconds
[LYD INFO in getAlgoInfo (enqueue.cc)] out rank: 0
[LYD INFO in getAlgoInfo (enqueue.cc)] out coll: 4
[LYD INFO in getAlgoInfo (enqueue.cc)] out sendbuff address: 0x149f5fa00400
[LYD INFO in getAlgoInfo (enqueue.cc)] out recvbuff address: 0x149f5fa00400
[LYD INFO in getAlgoInfo (enqueue.cc)] out count: 1
[LYD INFO in getAlgoInfo (enqueue.cc)] out datatype: 4
[LYD INFO in getAlgoInfo (enqueue.cc)] out chunkSteps: 4
[LYD INFO in getAlgoInfo (enqueue.cc)] out sliceSteps: 2
[LYD INFO in getAlgoInfo (enqueue.cc)] out algorithm: 1
[LYD INFO in getAlgoInfo (enqueue.cc)] out protocol: 0
[LYD INFO in getAlgoInfo (enqueue.cc)] out nChannels: 1
[LYD INFO in getAlgoInfo (enqueue.cc)] out nThreads: 96
[LYD INFO in getAlgoInfo (enqueue.cc)] out nBytes: 8
[LYD INFO in getAlgoInfo (enqueue.cc)] out nstepsPerLoop: 0
[LYD INFO in getAlgoInfo (enqueue.cc)] out nchunksPerLoop: 0
[LYD INFO in getAlgoInfo (enqueue.cc)] out chunkSize: 0
[LYD INFO in ncclLaunchKernel (enqueue.cc)] NCHANNELS is: 8x3006c0s37b1n0:61050:61050 [0] NCCL INFO AllReduce: opCount 1 sendbuff 0x149f5fa00400 recvbuff 0x149f5fa00400 count 1 datatype 4 op 0 root 0 comm 0x5618d3119fc0 [nranks=10] stream 0x5618d1910df0
[LYD INFO in ncclLaunchKernel (enqueue.cc)] NCHANNELS is: 4x3006c0s37b1n0:61063:65127 [3] NCCL INFO transport/net.cc:376 Cuda Alloc Size 8388608 pointer 0x150dde600000
x3006c0s37b1n0:61063:65059 [3] NCCL INFO init.cc:392 Cuda Host Alloc Size 33554432 pointer 0x150ddc000000
x3006c0s37b1n0:61063:65059 [3] NCCL INFO init.cc:398 Cuda Host Alloc Size 128 pointer 0x150e60e00a00
x3006c0s37b1n0:61063:65059 [3] NCCL INFO comm 0x556dce687210 rank 5 nranks 10 cudaDev 3 busId c7000 - Init COMPLETE
x3006c0s37b1n0:61056:61056 [1] NCCL INFO AllReduce: opCount 0 sendbuff 0x14e07f600400 recvbuff 0x14e07f600400 count 1 datatype 4 op 0 root 0 comm 0x561272e66450 [nranks=10] stream 0x56127165b6f0
x3006c0s37b1n0:61056:61056 [1] NCCL INFO misc/utils.cc:235 memory stack hunk malloc(65536)
[LYD INFO in ncclLaunchKernel (enqueue.cc)] NCHANNELS is: 4x3006c0s37b1n0:61063:61063 [3] NCCL INFO AllReduce: opCount 0 sendbuff 0x150e9f600400 recvbuff 0x150e9f600400 count 1 datatype 4 op 0 root 0 comm 0x556dce687210 [nranks=10] stream 0x556dccf0a010
x3006c0s37b1n0:61063:61063 [3] NCCL INFO misc/utils.cc:235 memory stack hunk malloc(65536)
[LYD INFO in ncclLaunchKernel (enqueue.cc)] NCHANNELS is: 4
[LYD INFO in NCCL_KERN_NAME (common.h)] 4 AllReduce TREE LL Sum int64_t Elapsed time: 30469 us
x3006c0s37b1n0:61056:61056 [1] NCCL INFO AllReduce: opCount 1 sendbuff 0x14e07f600400 recvbuff 0x14e07f600400 count 1 datatype 4 op 0 root 0 comm 0x561274785c60 [nranks=2] stream 0x56127165b5b0
[LYD INFO in ncclLaunchKernel (enqueue.cc)] NCHANNELS is: 8x3006c0s37b1n0:61056:61056 [1] NCCL INFO AllReduce: opCount 1 sendbuff 0x14e07f600400 recvbuff 0x14e07f600400 count 1 datatype 4 op 0 root 0 comm 0x561272e66450 [nranks=10] stream 0x56127165b6f0
[LYD INFO in ncclLaunchKernel (enqueue.cc)] NCHANNELS is: 4
[LYD INFO in NCCL_KERN_NAME (common.h)] 5 AllReduce TREE LL Sum int64_t Elapsed time: 22129 us

[LYD INFO in NCCL_KERN_NAME (common.h)] 1 AllReduce RING LL Sum int64_t Elapsed time: 7 us

[LYD INFO in NCCL_KERN_NAME (common.h)] 0 AllReduce RING LL Sum int64_t Elapsed time: 124913 us
x3006c0s37b1n0:61063:61063 [3] NCCL INFO AllReduce: opCount 1 sendbuff 0x150e9f600400 recvbuff 0x150e9f600400 count 1 datatype 4 op 0 root 0 comm 0x556dce4fac20 [nranks=2] stream 0x556dccf09ed0
[LYD INFO in ncclLaunchKernel (enqueue.cc)] NCHANNELS is: 8x3006c0s37b1n0:61063:61063 [3] NCCL INFO AllReduce: opCount 1 sendbuff 0x150e9f600400 recvbuff 0x150e9f600400 count 1 datatype 4 op 0 root 0 comm 0x556dce687210 [nranks=10] stream 0x556dccf0a010
[LYD INFO in ncclLaunchKernel (enqueue.cc)] NCHANNELS is: 4
[LYD INFO in NCCL_KERN_NAME (common.h)] 0 AllReduce RING LL Sum int64_t Elapsed time: 219226 us

[LYD INFO in NCCL_KERN_NAME (common.h)] 1 AllReduce RING LL Sum int64_t Elapsed time: 7 us

[LYD INFO in NCCL_KERN_NAME (common.h)] 4 AllReduce TREE LL Sum int64_t Elapsed time: 109329 us

[LYD INFO in NCCL_KERN_NAME (common.h)] 5 AllReduce TREE LL Sum int64_t Elapsed time: 11099 us

[LYD INFO in NCCL_KERN_NAME (common.h)] 4 AllReduce TREE LL Sum int64_t Elapsed time: 92301 us

[LYD INFO in NCCL_KERN_NAME (common.h)] 5 AllReduce TREE LL Sum int64_t Elapsed time: 8825 us
x3006c0s37b1n0:61050:61050 [0] NCCL INFO init.cc:1147 Cuda Host Alloc Size 4 pointer 0x149f63400c00
x3006c0s37b1n0:61059:61059 [2] NCCL INFO init.cc:1147 Cuda Host Alloc Size 4 pointer 0x14a5dae00c00
NCCL version 2.14.3+cuda11.8
x3006c0s37b1n0:61056:61056 [1] NCCL INFO init.cc:1147 Cuda Host Alloc Size 4 pointer 0x14e03ae00c00
NCCL version 2.14.3+cuda11.8
x3006c0s37b1n0:61063:61063 [3] NCCL INFO init.cc:1147 Cuda Host Alloc Size 4 pointer 0x150e60e00c00
x3006c0s37b1n0:61050:421 [0] NCCL INFO Using network IB
x3006c0s37b1n0:61059:423 [2] NCCL INFO Using network IB
x3006c0s37b1n0:61063:428 [3] NCCL INFO Using network IB
x3006c0s37b1n0:61056:426 [1] NCCL INFO Using network IB
x3006c0s37b1n0:61050:421 [0] NCCL INFO NET/IB : GPU Direct RDMA Enabled for HCA 0 'mlx5_0'
x3006c0s37b1n0:61050:421 [0] NCCL INFO NET/IB : GPU Direct RDMA Enabled for HCA 1 'mlx5_1'
x3006c0s37b1n0:61050:421 [0] NCCL INFO GPU Direct RDMA Disabled for GPU 7000 / HCA 0 (distance 7 > 4)
x3006c0s37b1n0:61050:421 [0] NCCL INFO GPU Direct RDMA Disabled for GPU 7000 / HCA 1 (distance 7 > 4)
