x3004c0s31b0n0:5858:10078 [2] NCCL INFO transport/net.cc:376 Cuda Alloc Size 8388608 pointer 0x152f1f800000
x3004c0s31b0n0:5852:10071 [0] NCCL INFO transport/net_ib.cc:596 Ib Alloc Size 26560 pointer 0x14ee500b6000
x3004c0s31b0n0:5852:10071 [0] NCCL INFO NET/IB: Dev 1 Port 1 qpn 21744 mtu 5 GID 0 (80FE/DB0100FEFF000000)
x3004c0s31b0n0:5852:10071 [0] NCCL INFO transport/net_ib.cc:653 Ib Alloc Size 552 pointer 0x14ee500cd000
x3004c0s31b0n0:5852:10071 [0] NCCL INFO transport/net.cc:571 Cuda Host Alloc Size 9641984 pointer 0x14ee40000000
x3004c0s31b0n0:5852:10071 [0] NCCL INFO transport/net_ib.cc:596 Ib Alloc Size 26560 pointer 0x14ee500cf000
x3004c0s31b0n0:5852:10071 [0] NCCL INFO NET/IB: Dev 0 Port 1 qpn 24130 mtu 5 GID 0 (80FE/9E0100FEFF000000)
x3004c0s31b0n0:5852:10071 [0] NCCL INFO transport/net_ib.cc:653 Ib Alloc Size 552 pointer 0x14ee500e6000
x3004c0s31b0n0:5852:10071 [0] NCCL INFO transport/net.cc:571 Cuda Host Alloc Size 9641984 pointer 0x14ee40a00000
x3004c0s31b0n0:5852:10071 [0] NCCL INFO transport/net_ib.cc:683 Ib Alloc Size 21688 pointer 0x14ee500e8000
x3004c0s31b0n0:5852:10071 [0] NCCL INFO transport/net_ib.cc:696 Ib Alloc Size 552 pointer 0x14ee500ef000
x3004c0s31b0n0:5852:10071 [0] NCCL INFO transport/net_ib.cc:771 Ib Alloc Size 552 pointer 0x14ee5010a000
x3004c0s31b0n0:5852:10071 [0] NCCL INFO transport/net.cc:698 Cuda Host Alloc Size 9641984 pointer 0x14ee41400000
x3004c0s31b0n0:5852:10071 [0] NCCL INFO transport/net_ib.cc:683 Ib Alloc Size 21688 pointer 0x14ee5010c000
x3004c0s31b0n0:5852:10071 [0] NCCL INFO transport/net_ib.cc:696 Ib Alloc Size 552 pointer 0x14ee50113000
x3004c0s31b0n0:5852:10071 [0] NCCL INFO transport/net_ib.cc:771 Ib Alloc Size 552 pointer 0x14ee5012e000
x3004c0s31b0n0:5852:10071 [0] NCCL INFO transport/net.cc:698 Cuda Host Alloc Size 9641984 pointer 0x14ee3e000000
x3004c0s31b0n0:5852:9947 [0] NCCL INFO Connected all trees by HAO
x3004c0s31b0n0:5852:9947 [0] NCCL INFO threadThresholds 8/8/64 | 160/8/64 | 512 | 512
x3004c0s31b0n0:5852:9947 [0] NCCL INFO 4 coll channels, 4 p2p channels, 2 p2p channels per peer
x3004c0s31b0n0:5852:10071 [0] NCCL INFO New proxy send connection 20 from local rank 0, transport 2
x3004c0s31b0n0:5852:9947 [0] NCCL INFO Connection to proxy localRank 0 -> connection 0x14ee50001180
x3004c0s31b0n0:5852:9947 [0] NCCL INFO init.cc:367 Cuda Alloc Size 5168 pointer 0x14eeab81fc00
x3004c0s31b0n0:5854:9948 [1] NCCL INFO init.cc:367 Cuda Alloc Size 5168 pointer 0x152e9581fc00
x3004c0s31b0n0:5860:9946 [3] NCCL INFO init.cc:367 Cuda Alloc Size 5168 pointer 0x15446be22200
x3004c0s31b0n0:5860:9946 [3] NCCL INFO init.cc:392 Cuda Host Alloc Size 33554432 pointer 0x1543ae000000
x3004c0s31b0n0:5860:9946 [3] NCCL INFO init.cc:398 Cuda Host Alloc Size 128 pointer 0x15446b400e00
x3004c0s31b0n0:5860:9946 [3] NCCL INFO comm 0x5578d1ef4000 rank 19 nranks 20 cudaDev 3 busId c7000 - Init COMPLETE
x3004c0s31b0n0:5858:9949 [2] NCCL INFO init.cc:367 Cuda Alloc Size 5168 pointer 0x152fa7e1fc00
x3004c0s31b0n0:5854:9948 [1] NCCL INFO init.cc:392 Cuda Host Alloc Size 33554432 pointer 0x152e24000000
x3004c0s31b0n0:5854:9948 [1] NCCL INFO init.cc:398 Cuda Host Alloc Size 128 pointer 0x152e94e00a00
x3004c0s31b0n0:5854:9948 [1] NCCL INFO comm 0x55ce530d1b40 rank 17 nranks 20 cudaDev 1 busId 46000 - Init COMPLETE
x3004c0s31b0n0:5854:5854 [1] NCCL INFO AllReduce: opCount 0 sendbuff 0x152ed7600400 recvbuff 0x152ed7600400 count 1 datatype 4 op 0 root 0 comm 0x55ce530d1b40 [nranks=20] stream 0x55ce4ff0e8f0
x3004c0s31b0n0:5854:5854 [1] NCCL INFO misc/utils.cc:235 memory stack hunk malloc(65536)
[LYD INFO in ncclLaunchKernel (enqueue.cc)] NCHANNELS is: 4x3004c0s31b0n0:5858:9949 [2] NCCL INFO init.cc:392 Cuda Host Alloc Size 33554432 pointer 0x152f16000000
x3004c0s31b0n0:5858:9949 [2] NCCL INFO init.cc:398 Cuda Host Alloc Size 128 pointer 0x152fa7400a00
x3004c0s31b0n0:5858:9949 [2] NCCL INFO comm 0x555fcb9d3ec0 rank 18 nranks 20 cudaDev 2 busId 85000 - Init COMPLETE
x3004c0s31b0n0:5852:9947 [0] NCCL INFO init.cc:392 Cuda Host Alloc Size 33554432 pointer 0x14ee3c000000
x3004c0s31b0n0:5852:9947 [0] NCCL INFO init.cc:398 Cuda Host Alloc Size 128 pointer 0x14eeaae00a00
x3004c0s31b0n0:5852:9947 [0] NCCL INFO comm 0x55f2fd5fc8c0 rank 16 nranks 20 cudaDev 0 busId 7000 - Init COMPLETE
x3004c0s31b0n0:5852:10071 [0] NCCL INFO transport/net.cc:376 Cuda Alloc Size 8388608 pointer 0x14ee3ea00000
x3004c0s31b0n0:5860:5860 [3] NCCL INFO AllReduce: opCount 0 sendbuff 0x154467a00400 recvbuff 0x154467a00400 count 1 datatype 4 op 0 root 0 comm 0x5578d1ef4000 [nranks=20] stream 0x5578cef9a090
x3004c0s31b0n0:5860:5860 [3] NCCL INFO misc/utils.cc:235 memory stack hunk malloc(65536)
[LYD INFO in ncclLaunchKernel (enqueue.cc)] NCHANNELS is: 4x3004c0s31b0n0:5858:5858 [2] NCCL INFO AllReduce: opCount 0 sendbuff 0x152fa3a00400 recvbuff 0x152fa3a00400 count 1 datatype 4 op 0 root 0 comm 0x555fcb9d3ec0 [nranks=20] stream 0x555fc887e6d0
x3004c0s31b0n0:5858:5858 [2] NCCL INFO misc/utils.cc:235 memory stack hunk malloc(65536)
[LYD INFO in ncclLaunchKernel (enqueue.cc)] NCHANNELS is: 4x3004c0s31b0n0:5852:5852 [0] NCCL INFO AllReduce: opCount 0 sendbuff 0x14eeeb600400 recvbuff 0x14eeeb600400 count 1 datatype 4 op 0 root 0 comm 0x55f2fd5fc8c0 [nranks=20] stream 0x55f2fb85fa80
x3004c0s31b0n0:5852:5852 [0] NCCL INFO misc/utils.cc:235 memory stack hunk malloc(65536)
[LYD INFO in ncclLaunchKernel (enqueue.cc)] NCHANNELS is: 4
[LYD INFO in NCCL_KERN_NAME (common.h)] 18 AllReduce TREE LL Sum int64_t Elapsed time: 337028 us

[LYD INFO in NCCL_KERN_NAME (common.h)] 16 AllReduce TREE LL Sum int64_t Elapsed time: 224039 us

[LYD INFO in NCCL_KERN_NAME (common.h)] 17 AllReduce TREE LL Sum int64_t Elapsed time: 396021 us
[Hao INFO in ncclAllReduce (all_reduce.cc)] rank 2 ncclAllReduce: count: 1, datatype: ncclInt64, message size: 8 Bytes
x3004c0s31b0n0:5858:5858 [2] NCCL INFO AllReduce: opCount 0 sendbuff 0x152fa3a00400 recvbuff 0x152fa3a00400 count 1 datatype 4 op 0 root 0 comm 0x555fca0d4310 [nranks=1] stream 0x555fc887e590

[LYD INFO in ncclAllReduce (all_reduce.cc)] rank 0 AllReduce Time: 0.000015000 seconds
x3004c0s31b0n0:5858:5858 [2] NCCL INFO AllReduce: opCount 1 sendbuff 0x152fa3a00400 recvbuff 0x152fa3a00400 count 1 datatype 4 op 0 root 0 comm 0x555fcb9d3ec0 [nranks=20] stream 0x555fc887e6d0
[LYD INFO in ncclLaunchKernel (enqueue.cc)] NCHANNELS is: 4[Hao INFO in ncclAllReduce (all_reduce.cc)] rank 0 ncclAllReduce: count: 1, datatype: ncclInt64, message size: 8 Bytes
x3004c0s31b0n0:5852:5852 [0] NCCL INFO AllReduce: opCount 0 sendbuff 0x14eeeb600400 recvbuff 0x14eeeb600400 count 1 datatype 4 op 0 root 0 comm 0x55f2fea3f0f0 [nranks=1] stream 0x55f2fb85f940

[LYD INFO in ncclAllReduce (all_reduce.cc)] rank 0 AllReduce Time: 0.000014000 seconds
x3004c0s31b0n0:5852:5852 [0] NCCL INFO AllReduce: opCount 1 sendbuff 0x14eeeb600400 recvbuff 0x14eeeb600400 count 1 datatype 4 op 0 root 0 comm 0x55f2fd5fc8c0 [nranks=20] stream 0x55f2fb85fa80
[LYD INFO in ncclLaunchKernel (enqueue.cc)] NCHANNELS is: 4
[LYD INFO in NCCL_KERN_NAME (common.h)] 19 AllReduce TREE LL Sum int64_t Elapsed time: 376685 us
[Hao INFO in ncclAllReduce (all_reduce.cc)] rank 1 ncclAllReduce: count: 1, datatype: ncclInt64, message size: 8 Bytes
x3004c0s31b0n0:5854:5854 [1] NCCL INFO AllReduce: opCount 0 sendbuff 0x152ed7600400 recvbuff 0x152ed7600400 count 1 datatype 4 op 0 root 0 comm 0x55ce52e84cd0 [nranks=1] stream 0x55ce4ff0e7b0

[LYD INFO in ncclAllReduce (all_reduce.cc)] rank 0 AllReduce Time: 0.000016000 seconds
x3004c0s31b0n0:5854:5854 [1] NCCL INFO AllReduce: opCount 1 sendbuff 0x152ed7600400 recvbuff 0x152ed7600400 count 1 datatype 4 op 0 root 0 comm 0x55ce530d1b40 [nranks=20] stream 0x55ce4ff0e8f0
[LYD INFO in ncclLaunchKernel (enqueue.cc)] NCHANNELS is: 4[Hao INFO in ncclAllReduce (all_reduce.cc)] rank 3 ncclAllReduce: count: 1, datatype: ncclInt64, message size: 8 Bytes
x3004c0s31b0n0:5860:5860 [3] NCCL INFO AllReduce: opCount 0 sendbuff 0x154467a00400 recvbuff 0x154467a00400 count 1 datatype 4 op 0 root 0 comm 0x5578d0628d30 [nranks=1] stream 0x5578cef78050

[LYD INFO in ncclAllReduce (all_reduce.cc)] rank 0 AllReduce Time: 0.000016000 seconds
x3004c0s31b0n0:5860:5860 [3] NCCL INFO AllReduce: opCount 1 sendbuff 0x154467a00400 recvbuff 0x154467a00400 count 1 datatype 4 op 0 root 0 comm 0x5578d1ef4000 [nranks=20] stream 0x5578cef9a090
[LYD INFO in ncclLaunchKernel (enqueue.cc)] NCHANNELS is: 4