x3004c0s1b0n0:47839:48865 [1] NCCL INFO Ring 00 : 19 -> 1 -> 0
x3004c0s1b0n0:47839:48865 [1] NCCL INFO Ring 01 : 19 -> 1 -> 0
x3004c0s1b0n0:47839:48865 [1] NCCL INFO Ring 02 : 19 -> 1 -> 0
x3004c0s1b0n0:47839:48865 [1] NCCL INFO Ring 03 : 19 -> 1 -> 0
x3004c0s1b0n0:47839:48865 [1] NCCL INFO Trees [0] 2/-1/-1->1->0 [1] 2/-1/-1->1->0 [2] 2/12/-1->1->0 [3] 2/12/-1->1->0
x3004c0s1b0n0:47839:48865 [1] NCCL INFO misc/utils.cc:235 memory stack hunk malloc(65536)
x3004c0s1b0n0:47839:48865 [1] NCCL INFO channel.cc:23 Cuda Alloc Size 8064 pointer 0x151ca1800000
x3004c0s1b0n0:47839:48865 [1] NCCL INFO channel.cc:27 Cuda Alloc Size 80 pointer 0x151ca1802000
x3004c0s1b0n0:47839:48865 [1] NCCL INFO channel.cc:23 Cuda Alloc Size 8064 pointer 0x151ca1802200
x3004c0s1b0n0:47839:48865 [1] NCCL INFO channel.cc:27 Cuda Alloc Size 80 pointer 0x151ca1804200
x3004c0s1b0n0:47839:48865 [1] NCCL INFO channel.cc:23 Cuda Alloc Size 8064 pointer 0x151ca1804400
x3004c0s1b0n0:47839:48865 [1] NCCL INFO channel.cc:27 Cuda Alloc Size 80 pointer 0x151ca1806400
x3004c0s1b0n0:47839:48865 [1] NCCL INFO channel.cc:23 Cuda Alloc Size 8064 pointer 0x151ca1806600
x3004c0s1b0n0:47839:48865 [1] NCCL INFO channel.cc:27 Cuda Alloc Size 80 pointer 0x151ca1808600
x3004c0s1b0n0:47839:48865 [1] NCCL INFO GPU Direct RDMA Disabled for GPU 46000 / HCA 1 (distance 6 > 4)
x3004c0s1b0n0:47834:49050 [0] NCCL INFO transport/p2p.cc:430 Cuda Alloc Size 6291456 pointer 0x14919a000000
x3004c0s1b0n0:47846:48863 [3] NCCL INFO Ring 00 : 2 -> 3 -> 5
x3004c0s1b0n0:47846:48863 [3] NCCL INFO Ring 01 : 2 -> 3 -> 5
x3004c0s1b0n0:47846:48863 [3] NCCL INFO Ring 02 : 2 -> 3 -> 5
x3004c0s1b0n0:47846:48863 [3] NCCL INFO Ring 03 : 2 -> 3 -> 5
x3004c0s1b0n0:47846:48863 [3] NCCL INFO Trees [0] -1/-1/-1->3->2 [1] -1/-1/-1->3->2 [2] -1/-1/-1->3->2 [3] -1/-1/-1->3->2
x3004c0s1b0n0:47846:48863 [3] NCCL INFO misc/utils.cc:235 memory stack hunk malloc(65536)
x3004c0s1b0n0:47846:48863 [3] NCCL INFO channel.cc:23 Cuda Alloc Size 8064 pointer 0x148baf800000
x3004c0s1b0n0:47846:48863 [3] NCCL INFO channel.cc:27 Cuda Alloc Size 80 pointer 0x148baf802000
x3004c0s1b0n0:47846:48863 [3] NCCL INFO channel.cc:23 Cuda Alloc Size 8064 pointer 0x148baf802200
x3004c0s1b0n0:47846:48863 [3] NCCL INFO channel.cc:27 Cuda Alloc Size 80 pointer 0x148baf804200
x3004c0s1b0n0:47846:48863 [3] NCCL INFO channel.cc:23 Cuda Alloc Size 8064 pointer 0x148baf804400
x3004c0s1b0n0:47846:48863 [3] NCCL INFO channel.cc:27 Cuda Alloc Size 80 pointer 0x148baf806400
x3004c0s1b0n0:47846:48863 [3] NCCL INFO channel.cc:23 Cuda Alloc Size 8064 pointer 0x148baf806600
x3004c0s1b0n0:47846:48863 [3] NCCL INFO channel.cc:27 Cuda Alloc Size 80 pointer 0x148baf808600
x3004c0s1b0n0:47839:49019 [1] NCCL INFO Mem Realloc old size 0, new size 8 pointer 0x151c94000c60
x3004c0s1b0n0:47839:49019 [1] NCCL INFO Allocated 4194656 bytes of shared memory in /dev/shm/nccl-r1n3Iw

x3004c0s1b0n0:47839:49019 [1] NCCL INFO New proxy recv connection 0 from local rank 1, transport 2
x3004c0s1b0n0:47841:48861 [2] NCCL INFO Connection to proxy localRank 2 -> connection 0x14f0ac000c80
x3004c0s1b0n0:47841:49022 [2] NCCL INFO transport/p2p.cc:430 Cuda Alloc Size 6291456 pointer 0x14f0bba00000
x3004c0s1b0n0:47846:49002 [3] NCCL INFO Mem Realloc old size 0, new size 8 pointer 0x148ba0000c60
x3004c0s1b0n0:47846:49002 [3] NCCL INFO New proxy recv connection 0 from local rank 3, transport 0
x3004c0s1b0n0:47834:48832 [0] NCCL INFO Channel 01/0 : 0[7000] -> 2[85000] via P2P/IPC/read
x3004c0s1b0n0:47834:49050 [0] NCCL INFO New proxy send connection 1 from local rank 0, transport 0
x3004c0s1b0n0:47841:48861 [2] NCCL INFO Channel 01/0 : 2[85000] -> 3[c7000] via P2P/IPC/read
x3004c0s1b0n0:47841:49022 [2] NCCL INFO New proxy send connection 1 from local rank 2, transport 0
x3004c0s1b0n0:47846:48863 [3] NCCL INFO Connection to proxy localRank 3 -> connection 0x148ba0000c80
x3004c0s1b0n0:47846:49002 [3] NCCL INFO transport/p2p.cc:449 Cuda Alloc Size 6291456 pointer 0x148bafa00000
x3004c0s1b0n0:47839:48865 [1] NCCL INFO Connection to proxy localRank 1 -> connection 0x151c94000c80
x3004c0s1b0n0:47846:49002 [3] NCCL INFO New proxy recv connection 1 from local rank 3, transport 0
x3004c0s1b0n0:47834:48832 [0] NCCL INFO Connection to proxy localRank 0 -> connection 0x149194000cc0
x3004c0s1b0n0:47834:49050 [0] NCCL INFO transport/p2p.cc:430 Cuda Alloc Size 6291456 pointer 0x14919a600000
x3004c0s1b0n0:47841:48861 [2] NCCL INFO Connection to proxy localRank 2 -> connection 0x14f0ac000cc0
x3004c0s1b0n0:47846:48863 [3] NCCL INFO Connection to proxy localRank 3 -> connection 0x148ba0000cc0
x3004c0s1b0n0:47846:49002 [3] NCCL INFO transport/p2p.cc:449 Cuda Alloc Size 6291456 pointer 0x148ba6000000
x3004c0s1b0n0:47839:48865 [1] NCCL INFO Channel 00/0 : 19[c7000] -> 1[46000] [receive] via NET/IB/1
x3004c0s1b0n0:47839:48865 [1] NCCL INFO GPU Direct RDMA Disabled for GPU 46000 / HCA 0 (distance 7 > 4)
x3004c0s1b0n0:47839:49019 [1] NCCL INFO New proxy recv connection 1 from local rank 1, transport 2
x3004c0s1b0n0:47839:48865 [1] NCCL INFO Connection to proxy localRank 1 -> connection 0x151c94000cc0
x3004c0s1b0n0:47834:48832 [0] NCCL INFO Channel 02/0 : 0[7000] -> 2[85000] via P2P/IPC/read
x3004c0s1b0n0:47834:49050 [0] NCCL INFO New proxy send connection 2 from local rank 0, transport 0
x3004c0s1b0n0:47841:49022 [2] NCCL INFO transport/p2p.cc:430 Cuda Alloc Size 6291456 pointer 0x14f0b2000000
x3004c0s1b0n0:47841:48861 [2] NCCL INFO Channel 02/0 : 2[85000] -> 3[c7000] via P2P/IPC/read
x3004c0s1b0n0:47841:49022 [2] NCCL INFO New proxy send connection 2 from local rank 2, transport 0
x3004c0s1b0n0:47846:49002 [3] NCCL INFO New proxy recv connection 2 from local rank 3, transport 0
x3004c0s1b0n0:47834:48832 [0] NCCL INFO Connection to proxy localRank 0 -> connection 0x149194000d00
x3004c0s1b0n0:47834:49050 [0] NCCL INFO transport/p2p.cc:430 Cuda Alloc Size 6291456 pointer 0x14919ac00000
x3004c0s1b0n0:47841:48861 [2] NCCL INFO Connection to proxy localRank 2 -> connection 0x14f0ac000d00
x3004c0s1b0n0:47841:49022 [2] NCCL INFO transport/p2p.cc:430 Cuda Alloc Size 6291456 pointer 0x14f0b2600000
x3004c0s1b0n0:47839:48865 [1] NCCL INFO Channel 01/0 : 19[c7000] -> 1[46000] [receive] via NET/IB/0
x3004c0s1b0n0:47839:48865 [1] NCCL INFO GPU Direct RDMA Disabled for GPU 46000 / HCA 1 (distance 6 > 4)
x3004c0s1b0n0:47839:49019 [1] NCCL INFO New proxy recv connection 2 from local rank 1, transport 2
x3004c0s1b0n0:47846:48863 [3] NCCL INFO Connection to proxy localRank 3 -> connection 0x148ba0000d00
x3004c0s1b0n0:47846:49002 [3] NCCL INFO transport/p2p.cc:449 Cuda Alloc Size 6291456 pointer 0x148ba6600000
x3004c0s1b0n0:47834:48832 [0] NCCL INFO Channel 03/0 : 0[7000] -> 2[85000] via P2P/IPC/read
x3004c0s1b0n0:47841:48861 [2] NCCL INFO Channel 03/0 : 2[85000] -> 3[c7000] via P2P/IPC/read
x3004c0s1b0n0:47841:49022 [2] NCCL INFO New proxy send connection 3 from local rank 2, transport 0
x3004c0s1b0n0:47839:48865 [1] NCCL INFO Connection to proxy localRank 1 -> connection 0x151c94000d00
x3004c0s1b0n0:47834:49050 [0] NCCL INFO New proxy send connection 3 from local rank 0, transport 0
x3004c0s1b0n0:47834:48832 [0] NCCL INFO Connection to proxy localRank 0 -> connection 0x149194000d40
x3004c0s1b0n0:47834:49050 [0] NCCL INFO transport/p2p.cc:430 Cuda Alloc Size 6291456 pointer 0x14919b200000
x3004c0s1b0n0:47846:49002 [3] NCCL INFO New proxy recv connection 3 from local rank 3, transport 0
x3004c0s1b0n0:47839:48865 [1] NCCL INFO Channel 02/0 : 19[c7000] -> 1[46000] [receive] via NET/IB/1
x3004c0s1b0n0:47839:48865 [1] NCCL INFO GPU Direct RDMA Disabled for GPU 46000 / HCA 0 (distance 7 > 4)
x3004c0s1b0n0:47839:49019 [1] NCCL INFO New proxy recv connection 3 from local rank 1, transport 2
x3004c0s1b0n0:47841:48861 [2] NCCL INFO Connection to proxy localRank 2 -> connection 0x14f0ac000d40
x3004c0s1b0n0:47841:49022 [2] NCCL INFO transport/p2p.cc:430 Cuda Alloc Size 6291456 pointer 0x14f0b2c00000
x3004c0s1b0n0:47846:48863 [3] NCCL INFO Connection to proxy localRank 3 -> connection 0x148ba0000d40
x3004c0s1b0n0:47846:49002 [3] NCCL INFO transport/p2p.cc:449 Cuda Alloc Size 6291456 pointer 0x148ba6c00000
x3004c0s1b0n0:47841:49022 [2] NCCL INFO New proxy recv connection 4 from local rank 2, transport 0
x3004c0s1b0n0:47846:48863 [3] NCCL INFO GPU Direct RDMA Disabled for GPU c7000 / HCA 1 (distance 7 > 4)
x3004c0s1b0n0:47846:49002 [3] NCCL INFO Allocated 4194656 bytes of shared memory in /dev/shm/nccl-kmRAw5

x3004c0s1b0n0:47846:49002 [3] NCCL INFO New proxy send connection 4 from local rank 3, transport 2
x3004c0s1b0n0:47839:48865 [1] NCCL INFO Connection to proxy localRank 1 -> connection 0x151c94000d40
x3004c0s1b0n0:47846:48863 [3] NCCL INFO Connection to proxy localRank 3 -> connection 0x148ba0000d80
x3004c0s1b0n0:47846:48863 [3] NCCL INFO Channel 00/0 : 3[c7000] -> 5[46000] [send] via NET/IB/1
x3004c0s1b0n0:47846:48863 [3] NCCL INFO GPU Direct RDMA Disabled for GPU c7000 / HCA 0 (distance 6 > 4)
x3004c0s1b0n0:47846:49002 [3] NCCL INFO New proxy send connection 5 from local rank 3, transport 2
x3004c0s1b0n0:47841:48861 [2] NCCL INFO Connection to proxy localRank 2 -> connection 0x14f0ac000d80
x3004c0s1b0n0:47841:49022 [2] NCCL INFO transport/p2p.cc:449 Cuda Alloc Size 6291456 pointer 0x14f0aac00000
x3004c0s1b0n0:47839:48865 [1] NCCL INFO Channel 03/0 : 19[c7000] -> 1[46000] [receive] via NET/IB/0
x3004c0s1b0n0:47846:48863 [3] NCCL INFO Connection to proxy localRank 3 -> connection 0x148ba0000dc0
x3004c0s1b0n0:47846:48863 [3] NCCL INFO Channel 01/0 : 3[c7000] -> 5[46000] [send] via NET/IB/0
x3004c0s1b0n0:47846:48863 [3] NCCL INFO GPU Direct RDMA Disabled for GPU c7000 / HCA 1 (distance 7 > 4)
x3004c0s1b0n0:47846:49002 [3] NCCL INFO New proxy send connection 6 from local rank 3, transport 2
x3004c0s1b0n0:47841:49022 [2] NCCL INFO New proxy recv connection 5 from local rank 2, transport 0
x3004c0s1b0n0:47846:48863 [3] NCCL INFO Connection to proxy localRank 3 -> connection 0x148ba0000e00
x3004c0s1b0n0:47846:48863 [3] NCCL INFO Channel 02/0 : 3[c7000] -> 5[46000] [send] via NET/IB/1
x3004c0s1b0n0:47846:48863 [3] NCCL INFO GPU Direct RDMA Disabled for GPU c7000 / HCA 0 (distance 6 > 4)
x3004c0s1b0n0:47846:49002 [3] NCCL INFO New proxy send connection 7 from local rank 3, transport 2
x3004c0s1b0n0:47841:48861 [2] NCCL INFO Connection to proxy localRank 2 -> connection 0x14f0ac000dc0
x3004c0s1b0n0:47841:49022 [2] NCCL INFO transport/p2p.cc:449 Cuda Alloc Size 6291456 pointer 0x14f0ab200000
x3004c0s1b0n0:47846:48863 [3] NCCL INFO Connection to proxy localRank 3 -> connection 0x148ba0000e40
x3004c0s1b0n0:47846:48863 [3] NCCL INFO Channel 03/0 : 3[c7000] -> 5[46000] [send] via NET/IB/0
x3004c0s1b0n0:47846:49002 [3] NCCL INFO transport/net_ib.cc:596 Ib Alloc Size 26560 pointer 0x148ba0020000
x3004c0s1b0n0:47846:49002 [3] NCCL INFO NET/IB: Dev 1 Port 1 qpn 12118 mtu 5 GID 0 (80FE/AF0100FEFF000000)
x3004c0s1b0n0:47846:49002 [3] NCCL INFO transport/net_ib.cc:653 Ib Alloc Size 552 pointer 0x148ba0042000
x3004c0s1b0n0:47846:49002 [3] NCCL INFO transport/net.cc:571 Cuda Host Alloc Size 9641984 pointer 0x148b9ec00000
x3004c0s1b0n0:47846:49002 [3] NCCL INFO Mem Realloc old size 0, new size 768 pointer 0x148ba002f0a0
x3004c0s1b0n0:47846:49002 [3] NCCL INFO transport/net_ib.cc:596 Ib Alloc Size 26560 pointer 0x148ba0044000
x3004c0s1b0n0:47841:49022 [2] NCCL INFO New proxy recv connection 6 from local rank 2, transport 0
x3004c0s1b0n0:47846:49002 [3] NCCL INFO NET/IB: Dev 0 Port 1 qpn 12721 mtu 5 GID 0 (80FE/EA0100FEFF000000)
x3004c0s1b0n0:47846:49002 [3] NCCL INFO transport/net_ib.cc:653 Ib Alloc Size 552 pointer 0x148ba0065000
x3004c0s1b0n0:47846:49002 [3] NCCL INFO transport/net.cc:571 Cuda Host Alloc Size 9641984 pointer 0x148b9f600000
x3004c0s1b0n0:47846:49002 [3] NCCL INFO Mem Realloc old size 0, new size 768 pointer 0x148ba00521f0
x3004c0s1b0n0:47841:48861 [2] NCCL INFO Connection to proxy localRank 2 -> connection 0x14f0ac000e00
x3004c0s1b0n0:47841:49022 [2] NCCL INFO transport/p2p.cc:449 Cuda Alloc Size 6291456 pointer 0x14f0ab800000
x3004c0s1b0n0:47846:49002 [3] NCCL INFO transport/net_ib.cc:596 Ib Alloc Size 26560 pointer 0x148ba0067000
x3004c0s1b0n0:47846:49002 [3] NCCL INFO NET/IB: Dev 1 Port 1 qpn 12119 mtu 5 GID 0 (80FE/AF0100FEFF000000)
x3004c0s1b0n0:47846:49002 [3] NCCL INFO transport/net_ib.cc:653 Ib Alloc Size 552 pointer 0x148ba007e000
x3004c0s1b0n0:47846:49002 [3] NCCL INFO transport/net.cc:571 Cuda Host Alloc Size 9641984 pointer 0x148b96000000
x3004c0s1b0n0:47841:49022 [2] NCCL INFO New proxy recv connection 7 from local rank 2, transport 0
x3004c0s1b0n0:47846:49002 [3] NCCL INFO transport/net_ib.cc:596 Ib Alloc Size 26560 pointer 0x148ba0080000
x3004c0s1b0n0:47846:49002 [3] NCCL INFO NET/IB: Dev 0 Port 1 qpn 12722 mtu 5 GID 0 (80FE/EA0100FEFF000000)
x3004c0s1b0n0:47846:49002 [3] NCCL INFO transport/net_ib.cc:653 Ib Alloc Size 552 pointer 0x148ba0097000
x3004c0s1b0n0:47846:49002 [3] NCCL INFO transport/net.cc:571 Cuda Host Alloc Size 9641984 pointer 0x148b96a00000
x3004c0s1b0n0:47841:48861 [2] NCCL INFO Connection to proxy localRank 2 -> connection 0x14f0ac000e40
x3004c0s1b0n0:47841:49022 [2] NCCL INFO transport/p2p.cc:449 Cuda Alloc Size 6291456 pointer 0x14f0a8000000
x3004c0s1b0n0:47846:48863 [3] NCCL INFO Connected all rings
x3004c0s1b0n0:47846:48863 [3] NCCL INFO Channel 00/0 : 3[c7000] -> 2[85000] via P2P/IPC/read
x3004c0s1b0n0:47846:49002 [3] NCCL INFO New proxy send connection 8 from local rank 3, transport 0
x3004c0s1b0n0:47841:48861 [2] NCCL INFO Connected all rings
x3004c0s1b0n0:47834:49050 [0] NCCL INFO New proxy recv connection 4 from local rank 0, transport 0
x3004c0s1b0n0:47841:49022 [2] NCCL INFO New proxy recv connection 8 from local rank 2, transport 0
x3004c0s1b0n0:47846:48863 [3] NCCL INFO Connection to proxy localRank 3 -> connection 0x148ba0000e80
x3004c0s1b0n0:47846:49002 [3] NCCL INFO transport/p2p.cc:430 Cuda Alloc Size 6291456 pointer 0x148b97400000
x3004c0s1b0n0:47834:48832 [0] NCCL INFO Connection to proxy localRank 0 -> connection 0x149194000d80
x3004c0s1b0n0:47834:49050 [0] NCCL INFO transport/p2p.cc:449 Cuda Alloc Size 6291456 pointer 0x149193200000
x3004c0s1b0n0:47834:49050 [0] NCCL INFO New proxy recv connection 5 from local rank 0, transport 0
x3004c0s1b0n0:47841:48861 [2] NCCL INFO Connection to proxy localRank 2 -> connection 0x14f0ac000e80
x3004c0s1b0n0:47841:49022 [2] NCCL INFO transport/p2p.cc:449 Cuda Alloc Size 6291456 pointer 0x14f0a6000000
x3004c0s1b0n0:47846:48863 [3] NCCL INFO Channel 01/0 : 3[c7000] -> 2[85000] via P2P/IPC/read
x3004c0s1b0n0:47846:49002 [3] NCCL INFO New proxy send connection 9 from local rank 3, transport 0
x3004c0s1b0n0:47834:48832 [0] NCCL INFO Connection to proxy localRank 0 -> connection 0x149194000dc0
x3004c0s1b0n0:47834:49050 [0] NCCL INFO transport/p2p.cc:449 Cuda Alloc Size 6291456 pointer 0x149193800000
x3004c0s1b0n0:47839:49019 [1] NCCL INFO transport/net_ib.cc:683 Ib Alloc Size 21688 pointer 0x151c9401d000
x3004c0s1b0n0:47839:49019 [1] NCCL INFO transport/net_ib.cc:696 Ib Alloc Size 552 pointer 0x151c94024000
x3004c0s1b0n0:47839:49019 [1] NCCL INFO transport/net_ib.cc:771 Ib Alloc Size 552 pointer 0x151c9404b000
x3004c0s1b0n0:47839:49019 [1] NCCL INFO transport/net.cc:698 Cuda Host Alloc Size 9641984 pointer 0x151c92000000
x3004c0s1b0n0:47839:49019 [1] NCCL INFO Mem Realloc old size 0, new size 768 pointer 0x151c940406b0
x3004c0s1b0n0:47841:49022 [2] NCCL INFO New proxy recv connection 9 from local rank 2, transport 0
x3004c0s1b0n0:47839:49019 [1] NCCL INFO transport/net_ib.cc:683 Ib Alloc Size 21688 pointer 0x151c9404d000
x3004c0s1b0n0:47839:49019 [1] NCCL INFO transport/net_ib.cc:696 Ib Alloc Size 552 pointer 0x151c94054000
x3004c0s1b0n0:47834:49050 [0] NCCL INFO New proxy recv connection 6 from local rank 0, transport 0
x3004c0s1b0n0:47846:48863 [3] NCCL INFO Connection to proxy localRank 3 -> connection 0x148ba0000ec0
x3004c0s1b0n0:47846:49002 [3] NCCL INFO transport/p2p.cc:430 Cuda Alloc Size 6291456 pointer 0x148b97a00000
x3004c0s1b0n0:47839:49019 [1] NCCL INFO transport/net_ib.cc:771 Ib Alloc Size 552 pointer 0x151c94079000
x3004c0s1b0n0:47839:49019 [1] NCCL INFO transport/net.cc:698 Cuda Host Alloc Size 9641984 pointer 0x151c92a00000
x3004c0s1b0n0:47839:49019 [1] NCCL INFO Mem Realloc old size 0, new size 768 pointer 0x151c9406e880
x3004c0s1b0n0:47841:48861 [2] NCCL INFO Connection to proxy localRank 2 -> connection 0x14f0ac000ec0
x3004c0s1b0n0:47841:49022 [2] NCCL INFO transport/p2p.cc:449 Cuda Alloc Size 6291456 pointer 0x14f0a6600000
x3004c0s1b0n0:47834:48832 [0] NCCL INFO Connection to proxy localRank 0 -> connection 0x149194000e00
x3004c0s1b0n0:47834:49050 [0] NCCL INFO transport/p2p.cc:449 Cuda Alloc Size 6291456 pointer 0x149190000000
x3004c0s1b0n0:47839:49019 [1] NCCL INFO transport/net_ib.cc:683 Ib Alloc Size 21688 pointer 0x151c9407b000
x3004c0s1b0n0:47839:49019 [1] NCCL INFO transport/net_ib.cc:696 Ib Alloc Size 552 pointer 0x151c94082000
x3004c0s1b0n0:47846:48863 [3] NCCL INFO Channel 02/0 : 3[c7000] -> 2[85000] via P2P/IPC/read
x3004c0s1b0n0:47846:49002 [3] NCCL INFO New proxy send connection 10 from local rank 3, transport 0
x3004c0s1b0n0:47841:49022 [2] NCCL INFO New proxy recv connection 10 from local rank 2, transport 0
x3004c0s1b0n0:47839:49019 [1] NCCL INFO transport/net_ib.cc:771 Ib Alloc Size 552 pointer 0x151c9409d000
x3004c0s1b0n0:47839:49019 [1] NCCL INFO transport/net.cc:698 Cuda Host Alloc Size 9641984 pointer 0x151c93400000
x3004c0s1b0n0:47834:49050 [0] NCCL INFO New proxy recv connection 7 from local rank 0, transport 0
x3004c0s1b0n0:47846:48863 [3] NCCL INFO Connection to proxy localRank 3 -> connection 0x148ba0000f00
x3004c0s1b0n0:47846:49002 [3] NCCL INFO transport/p2p.cc:430 Cuda Alloc Size 6291456 pointer 0x148b94000000
x3004c0s1b0n0:47839:49019 [1] NCCL INFO transport/net_ib.cc:683 Ib Alloc Size 21688 pointer 0x151c9409f000
x3004c0s1b0n0:47839:49019 [1] NCCL INFO transport/net_ib.cc:696 Ib Alloc Size 552 pointer 0x151c940a6000
x3004c0s1b0n0:47834:48832 [0] NCCL INFO Connection to proxy localRank 0 -> connection 0x149194000e40
x3004c0s1b0n0:47834:49050 [0] NCCL INFO transport/p2p.cc:449 Cuda Alloc Size 6291456 pointer 0x149190600000
x3004c0s1b0n0:47841:48861 [2] NCCL INFO Connection to proxy localRank 2 -> connection 0x14f0ac000f00
x3004c0s1b0n0:47841:49022 [2] NCCL INFO transport/p2p.cc:449 Cuda Alloc Size 6291456 pointer 0x14f0a6c00000
x3004c0s1b0n0:47839:49019 [1] NCCL INFO transport/net_ib.cc:771 Ib Alloc Size 552 pointer 0x151c940c1000
x3004c0s1b0n0:47839:49019 [1] NCCL INFO transport/net.cc:698 Cuda Host Alloc Size 9641984 pointer 0x151c90000000
x3004c0s1b0n0:47846:48863 [3] NCCL INFO Channel 03/0 : 3[c7000] -> 2[85000] via P2P/IPC/read
x3004c0s1b0n0:47846:49002 [3] NCCL INFO New proxy send connection 11 from local rank 3, transport 0
x3004c0s1b0n0:47846:48863 [3] NCCL INFO Connection to proxy localRank 3 -> connection 0x148ba0000f40
x3004c0s1b0n0:47839:48865 [1] NCCL INFO Channel 00/0 : 1[46000] -> 0[7000] via P2P/IPC/read
x3004c0s1b0n0:47839:49019 [1] NCCL INFO New proxy send connection 4 from local rank 1, transport 0
x3004c0s1b0n0:47841:49022 [2] NCCL INFO New proxy recv connection 11 from local rank 2, transport 0
x3004c0s1b0n0:47846:49002 [3] NCCL INFO transport/p2p.cc:430 Cuda Alloc Size 6291456 pointer 0x148b94600000
x3004c0s1b0n0:47841:48861 [2] NCCL INFO Connection to proxy localRank 2 -> connection 0x14f0ac000f40
x3004c0s1b0n0:47841:49022 [2] NCCL INFO transport/p2p.cc:449 Cuda Alloc Size 6291456 pointer 0x14f0a7200000
x3004c0s1b0n0:47839:48865 [1] NCCL INFO Connection to proxy localRank 1 -> connection 0x151c94000d80
x3004c0s1b0n0:47839:49019 [1] NCCL INFO transport/p2p.cc:430 Cuda Alloc Size 6291456 pointer 0x151c90a00000
x3004c0s1b0n0:47839:48865 [1] NCCL INFO Channel 01/0 : 1[46000] -> 0[7000] via P2P/IPC/read
x3004c0s1b0n0:47839:49019 [1] NCCL INFO New proxy send connection 5 from local rank 1, transport 0
x3004c0s1b0n0:47839:48865 [1] NCCL INFO Connection to proxy localRank 1 -> connection 0x151c94000dc0
x3004c0s1b0n0:47839:49019 [1] NCCL INFO transport/p2p.cc:430 Cuda Alloc Size 6291456 pointer 0x151c91000000
x3004c0s1b0n0:47839:48865 [1] NCCL INFO Channel 02/0 : 1[46000] -> 0[7000] via P2P/IPC/read
x3004c0s1b0n0:47839:49019 [1] NCCL INFO New proxy send connection 6 from local rank 1, transport 0
x3004c0s1b0n0:47839:48865 [1] NCCL INFO Connection to proxy localRank 1 -> connection 0x151c94000e00
x3004c0s1b0n0:47839:49019 [1] NCCL INFO transport/p2p.cc:430 Cuda Alloc Size 6291456 pointer 0x151c91600000
x3004c0s1b0n0:47839:48865 [1] NCCL INFO Channel 03/0 : 1[46000] -> 0[7000] via P2P/IPC/read
x3004c0s1b0n0:47839:49019 [1] NCCL INFO New proxy send connection 7 from local rank 1, transport 0
x3004c0s1b0n0:47839:48865 [1] NCCL INFO Connection to proxy localRank 1 -> connection 0x151c94000e40
x3004c0s1b0n0:47839:49019 [1] NCCL INFO transport/p2p.cc:430 Cuda Alloc Size 6291456 pointer 0x151ca1a00000
x3004c0s1b0n0:47839:48865 [1] NCCL INFO Connected all rings
x3004c0s1b0n0:47839:49019 [1] NCCL INFO New proxy recv connection 8 from local rank 1, transport 0
x3004c0s1b0n0:47834:48832 [0] NCCL INFO Connected all rings
x3004c0s1b0n0:47834:48832 [0] NCCL INFO Channel 00/0 : 0[7000] -> 1[46000] via P2P/IPC/read
x3004c0s1b0n0:47834:49050 [0] NCCL INFO New proxy send connection 8 from local rank 0, transport 0
x3004c0s1b0n0:47839:48865 [1] NCCL INFO Connection to proxy localRank 1 -> connection 0x151c94000e80
x3004c0s1b0n0:47839:49019 [1] NCCL INFO transport/p2p.cc:449 Cuda Alloc Size 6291456 pointer 0x151c8f800000
x3004c0s1b0n0:47834:48832 [0] NCCL INFO Connection to proxy localRank 0 -> connection 0x149194000e80
x3004c0s1b0n0:47834:49050 [0] NCCL INFO transport/p2p.cc:430 Cuda Alloc Size 6291456 pointer 0x14918e600000
x3004c0s1b0n0:47839:49019 [1] NCCL INFO New proxy recv connection 9 from local rank 1, transport 0
x3004c0s1b0n0:47834:48832 [0] NCCL INFO Channel 01/0 : 0[7000] -> 1[46000] via P2P/IPC/read
x3004c0s1b0n0:47834:49050 [0] NCCL INFO New proxy send connection 9 from local rank 0, transport 0
x3004c0s1b0n0:47834:48832 [0] NCCL INFO Connection to proxy localRank 0 -> connection 0x149194000ec0
x3004c0s1b0n0:47834:49050 [0] NCCL INFO transport/p2p.cc:430 Cuda Alloc Size 6291456 pointer 0x14918ec00000
x3004c0s1b0n0:47839:48865 [1] NCCL INFO Connection to proxy localRank 1 -> connection 0x151c94000ec0
x3004c0s1b0n0:47839:49019 [1] NCCL INFO transport/p2p.cc:449 Cuda Alloc Size 6291456 pointer 0x151c8c000000
x3004c0s1b0n0:47834:48832 [0] NCCL INFO Channel 02/0 : 0[7000] -> 1[46000] via P2P/IPC/read
x3004c0s1b0n0:47834:49050 [0] NCCL INFO New proxy send connection 10 from local rank 0, transport 0
x3004c0s1b0n0:47834:48832 [0] NCCL INFO Connection to proxy localRank 0 -> connection 0x149194000f00
x3004c0s1b0n0:47839:49019 [1] NCCL INFO New proxy recv connection 10 from local rank 1, transport 0
x3004c0s1b0n0:47839:48865 [1] NCCL INFO Connection to proxy localRank 1 -> connection 0x151c94000f00
x3004c0s1b0n0:47839:49019 [1] NCCL INFO transport/p2p.cc:449 Cuda Alloc Size 6291456 pointer 0x151c8c600000
x3004c0s1b0n0:47834:49050 [0] NCCL INFO transport/p2p.cc:430 Cuda Alloc Size 6291456 pointer 0x14918f200000
x3004c0s1b0n0:47834:48832 [0] NCCL INFO Channel 03/0 : 0[7000] -> 1[46000] via P2P/IPC/read
x3004c0s1b0n0:47834:49050 [0] NCCL INFO New proxy send connection 11 from local rank 0, transport 0
x3004c0s1b0n0:47839:49019 [1] NCCL INFO New proxy recv connection 11 from local rank 1, transport 0
x3004c0s1b0n0:47834:48832 [0] NCCL INFO Connection to proxy localRank 0 -> connection 0x149194000f40
x3004c0s1b0n0:47834:49050 [0] NCCL INFO transport/p2p.cc:430 Cuda Alloc Size 6291456 pointer 0x14918f800000
x3004c0s1b0n0:47839:48865 [1] NCCL INFO Connection to proxy localRank 1 -> connection 0x151c94000f40
x3004c0s1b0n0:47839:49019 [1] NCCL INFO transport/p2p.cc:449 Cuda Alloc Size 6291456 pointer 0x151c8cc00000
x3004c0s1b0n0:47839:48865 [1] NCCL INFO Channel 00/0 : 1[46000] -> 2[85000] via P2P/IPC/read
x3004c0s1b0n0:47839:49019 [1] NCCL INFO New proxy send connection 12 from local rank 1, transport 0
x3004c0s1b0n0:47839:48865 [1] NCCL INFO Connection to proxy localRank 1 -> connection 0x151c94000f80
x3004c0s1b0n0:47839:49019 [1] NCCL INFO transport/p2p.cc:430 Cuda Alloc Size 6291456 pointer 0x151c8d200000
x3004c0s1b0n0:47839:48865 [1] NCCL INFO Channel 01/0 : 1[46000] -> 2[85000] via P2P/IPC/read
x3004c0s1b0n0:47839:49019 [1] NCCL INFO New proxy send connection 13 from local rank 1, transport 0
x3004c0s1b0n0:47839:48865 [1] NCCL INFO Connection to proxy localRank 1 -> connection 0x151c94000fc0
x3004c0s1b0n0:47839:49019 [1] NCCL INFO transport/p2p.cc:430 Cuda Alloc Size 6291456 pointer 0x151c8d800000
x3004c0s1b0n0:47839:48865 [1] NCCL INFO Channel 02/0 : 1[46000] -> 2[85000] via P2P/IPC/read
x3004c0s1b0n0:47839:49019 [1] NCCL INFO New proxy send connection 14 from local rank 1, transport 0
x3004c0s1b0n0:47839:48865 [1] NCCL INFO Connection to proxy localRank 1 -> connection 0x151c94001000
x3004c0s1b0n0:47839:49019 [1] NCCL INFO transport/p2p.cc:430 Cuda Alloc Size 6291456 pointer 0x151c8a000000
x3004c0s1b0n0:47839:48865 [1] NCCL INFO Channel 03/0 : 1[46000] -> 2[85000] via P2P/IPC/read
x3004c0s1b0n0:47839:49019 [1] NCCL INFO New proxy send connection 15 from local rank 1, transport 0
x3004c0s1b0n0:47839:48865 [1] NCCL INFO Connection to proxy localRank 1 -> connection 0x151c94001040
x3004c0s1b0n0:47839:49019 [1] NCCL INFO transport/p2p.cc:430 Cuda Alloc Size 6291456 pointer 0x151c8a600000
x3004c0s1b0n0:47839:48865 [1] NCCL INFO GPU Direct RDMA Disabled for GPU 46000 / HCA 1 (distance 6 > 4)
x3004c0s1b0n0:47834:48832 [0] NCCL INFO GPU Direct RDMA Disabled for GPU 7000 / HCA 1 (distance 7 > 4)
x3004c0s1b0n0:47834:49050 [0] NCCL INFO Allocated 4194656 bytes of shared memory in /dev/shm/nccl-uP8kDc

x3004c0s1b0n0:47834:49050 [0] NCCL INFO New proxy recv connection 12 from local rank 0, transport 2
x3004c0s1b0n0:47841:49022 [2] NCCL INFO New proxy recv connection 12 from local rank 2, transport 0
x3004c0s1b0n0:47841:48861 [2] NCCL INFO Connection to proxy localRank 2 -> connection 0x14f0ac000f80
x3004c0s1b0n0:47834:48832 [0] NCCL INFO Connection to proxy localRank 0 -> connection 0x149194000f80
x3004c0s1b0n0:47841:49022 [2] NCCL INFO transport/p2p.cc:449 Cuda Alloc Size 6291456 pointer 0x14f0a5200000
x3004c0s1b0n0:47839:49019 [1] NCCL INFO New proxy recv connection 16 from local rank 1, transport 2
x3004c0s1b0n0:47834:48832 [0] NCCL INFO Channel 00/0 : 16[7000] -> 0[7000] [receive] via NET/IB/1
x3004c0s1b0n0:47834:48832 [0] NCCL INFO GPU Direct RDMA Disabled for GPU 7000 / HCA 0 (distance 7 > 4)
x3004c0s1b0n0:47834:49050 [0] NCCL INFO New proxy recv connection 13 from local rank 0, transport 2
x3004c0s1b0n0:47841:49022 [2] NCCL INFO New proxy recv connection 13 from local rank 2, transport 0
x3004c0s1b0n0:47839:48865 [1] NCCL INFO Connection to proxy localRank 1 -> connection 0x151c94001080
x3004c0s1b0n0:47834:48832 [0] NCCL INFO Connection to proxy localRank 0 -> connection 0x149194000fc0
x3004c0s1b0n0:47839:48865 [1] NCCL INFO Channel 02/0 : 12[7000] -> 1[46000] [receive] via NET/IB/1
x3004c0s1b0n0:47839:48865 [1] NCCL INFO GPU Direct RDMA Disabled for GPU 46000 / HCA 0 (distance 7 > 4)
x3004c0s1b0n0:47839:49019 [1] NCCL INFO New proxy recv connection 17 from local rank 1, transport 2
x3004c0s1b0n0:47841:48861 [2] NCCL INFO Connection to proxy localRank 2 -> connection 0x14f0ac000fc0
x3004c0s1b0n0:47841:49022 [2] NCCL INFO transport/p2p.cc:449 Cuda Alloc Size 6291456 pointer 0x14f0a5800000
x3004c0s1b0n0:47834:48832 [0] NCCL INFO Channel 01/0 : 16[7000] -> 0[7000] [receive] via NET/IB/0
x3004c0s1b0n0:47834:48832 [0] NCCL INFO GPU Direct RDMA Disabled for GPU 7000 / HCA 1 (distance 7 > 4)
x3004c0s1b0n0:47834:49050 [0] NCCL INFO New proxy send connection 14 from local rank 0, transport 2
x3004c0s1b0n0:47834:48832 [0] NCCL INFO Connection to proxy localRank 0 -> connection 0x149194001000
x3004c0s1b0n0:47834:48832 [0] NCCL INFO Channel 02/0 : 0[7000] -> 4[7000] [send] via NET/IB/1
x3004c0s1b0n0:47834:48832 [0] NCCL INFO GPU Direct RDMA Disabled for GPU 7000 / HCA 0 (distance 7 > 4)
x3004c0s1b0n0:47841:49022 [2] NCCL INFO New proxy recv connection 14 from local rank 2, transport 0
x3004c0s1b0n0:47834:49050 [0] NCCL INFO New proxy send connection 15 from local rank 0, transport 2
x3004c0s1b0n0:47839:48865 [1] NCCL INFO Connection to proxy localRank 1 -> connection 0x151c940010c0
x3004c0s1b0n0:47834:48832 [0] NCCL INFO Connection to proxy localRank 0 -> connection 0x149194001040
x3004c0s1b0n0:47834:48832 [0] NCCL INFO Channel 03/0 : 0[7000] -> 4[7000] [send] via NET/IB/0
x3004c0s1b0n0:47839:48865 [1] NCCL INFO Channel 03/0 : 12[7000] -> 1[46000] [receive] via NET/IB/0
x3004c0s1b0n0:47841:48861 [2] NCCL INFO Connection to proxy localRank 2 -> connection 0x14f0ac001000
x3004c0s1b0n0:47841:49022 [2] NCCL INFO transport/p2p.cc:449 Cuda Alloc Size 6291456 pointer 0x14f0a2000000
x3004c0s1b0n0:47841:49022 [2] NCCL INFO New proxy recv connection 15 from local rank 2, transport 0
x3004c0s1b0n0:47841:48861 [2] NCCL INFO Connection to proxy localRank 2 -> connection 0x14f0ac001040
x3004c0s1b0n0:47841:49022 [2] NCCL INFO transport/p2p.cc:449 Cuda Alloc Size 6291456 pointer 0x14f0a2600000
x3004c0s1b0n0:47841:48861 [2] NCCL INFO Channel 00/0 : 2[85000] -> 1[46000] via P2P/IPC/read
x3004c0s1b0n0:47841:49022 [2] NCCL INFO New proxy send connection 16 from local rank 2, transport 0
x3004c0s1b0n0:47841:48861 [2] NCCL INFO Connection to proxy localRank 2 -> connection 0x14f0ac001080
x3004c0s1b0n0:47841:49022 [2] NCCL INFO transport/p2p.cc:430 Cuda Alloc Size 6291456 pointer 0x14f0a2c00000
x3004c0s1b0n0:47841:48861 [2] NCCL INFO Channel 01/0 : 2[85000] -> 1[46000] via P2P/IPC/read
x3004c0s1b0n0:47841:49022 [2] NCCL INFO New proxy send connection 17 from local rank 2, transport 0
x3004c0s1b0n0:47841:48861 [2] NCCL INFO Connection to proxy localRank 2 -> connection 0x14f0ac0010c0
x3004c0s1b0n0:47841:49022 [2] NCCL INFO transport/p2p.cc:430 Cuda Alloc Size 6291456 pointer 0x14f0a3200000
x3004c0s1b0n0:47841:48861 [2] NCCL INFO Channel 02/0 : 2[85000] -> 1[46000] via P2P/IPC/read
x3004c0s1b0n0:47841:49022 [2] NCCL INFO New proxy send connection 18 from local rank 2, transport 0
x3004c0s1b0n0:47841:48861 [2] NCCL INFO Connection to proxy localRank 2 -> connection 0x14f0ac001100
x3004c0s1b0n0:47841:49022 [2] NCCL INFO transport/p2p.cc:430 Cuda Alloc Size 6291456 pointer 0x14f0a3800000
x3004c0s1b0n0:47841:48861 [2] NCCL INFO Channel 03/0 : 2[85000] -> 1[46000] via P2P/IPC/read
x3004c0s1b0n0:47834:49050 [0] NCCL INFO transport/net_ib.cc:596 Ib Alloc Size 26560 pointer 0x149194026000
x3004c0s1b0n0:47834:49050 [0] NCCL INFO NET/IB: Dev 1 Port 1 qpn 12124 mtu 5 GID 0 (80FE/AF0100FEFF000000)
x3004c0s1b0n0:47834:49050 [0] NCCL INFO transport/net_ib.cc:653 Ib Alloc Size 552 pointer 0x149194048000
x3004c0s1b0n0:47834:49050 [0] NCCL INFO transport/net.cc:571 Cuda Host Alloc Size 9641984 pointer 0x149186000000
x3004c0s1b0n0:47834:49050 [0] NCCL INFO Mem Realloc old size 0, new size 768 pointer 0x149194035260
x3004c0s1b0n0:47841:49022 [2] NCCL INFO New proxy send connection 19 from local rank 2, transport 0
x3004c0s1b0n0:47834:49050 [0] NCCL INFO transport/net_ib.cc:596 Ib Alloc Size 26560 pointer 0x14919404a000
x3004c0s1b0n0:47841:48861 [2] NCCL INFO Connection to proxy localRank 2 -> connection 0x14f0ac001140
x3004c0s1b0n0:47834:49050 [0] NCCL INFO NET/IB: Dev 0 Port 1 qpn 12727 mtu 5 GID 0 (80FE/EA0100FEFF000000)
x3004c0s1b0n0:47834:49050 [0] NCCL INFO transport/net_ib.cc:653 Ib Alloc Size 552 pointer 0x14919406b000
x3004c0s1b0n0:47834:49050 [0] NCCL INFO transport/net.cc:571 Cuda Host Alloc Size 9641984 pointer 0x149186a00000
x3004c0s1b0n0:47834:49050 [0] NCCL INFO Mem Realloc old size 0, new size 768 pointer 0x149194058940
x3004c0s1b0n0:47841:49022 [2] NCCL INFO transport/p2p.cc:430 Cuda Alloc Size 6291456 pointer 0x14f0a0000000
x3004c0s1b0n0:47834:49050 [0] NCCL INFO transport/net_ib.cc:683 Ib Alloc Size 21688 pointer 0x14919406d000
x3004c0s1b0n0:47834:49050 [0] NCCL INFO transport/net_ib.cc:696 Ib Alloc Size 552 pointer 0x149194074000
x3004c0s1b0n0:47846:48863 [3] NCCL INFO Connected all trees by HAO
x3004c0s1b0n0:47846:48863 [3] NCCL INFO threadThresholds 8/8/64 | 160/8/64 | 512 | 512
x3004c0s1b0n0:47846:48863 [3] NCCL INFO 4 coll channels, 4 p2p channels, 2 p2p channels per peer
x3004c0s1b0n0:47834:49050 [0] NCCL INFO transport/net_ib.cc:771 Ib Alloc Size 552 pointer 0x149194090000
x3004c0s1b0n0:47834:49050 [0] NCCL INFO transport/net.cc:698 Cuda Host Alloc Size 9641984 pointer 0x149187400000
x3004c0s1b0n0:47846:49002 [3] NCCL INFO New proxy send connection 12 from local rank 3, transport 2
x3004c0s1b0n0:47846:48863 [3] NCCL INFO Connection to proxy localRank 3 -> connection 0x148ba0000f80
x3004c0s1b0n0:47846:49002 [3] NCCL INFO transport/net.cc:376 Cuda Alloc Size 8388608 pointer 0x148b92600000
x3004c0s1b0n0:47834:49050 [0] NCCL INFO transport/net_ib.cc:683 Ib Alloc Size 21688 pointer 0x149194092000
x3004c0s1b0n0:47834:49050 [0] NCCL INFO transport/net_ib.cc:696 Ib Alloc Size 552 pointer 0x149194099000
x3004c0s1b0n0:47834:49050 [0] NCCL INFO transport/net_ib.cc:771 Ib Alloc Size 552 pointer 0x1491940b4000
x3004c0s1b0n0:47834:49050 [0] NCCL INFO transport/net.cc:698 Cuda Host Alloc Size 9641984 pointer 0x149184000000
x3004c0s1b0n0:47834:48832 [0] NCCL INFO GPU Direct RDMA Disabled for GPU 7000 / HCA 1 (distance 7 > 4)
x3004c0s1b0n0:47834:49050 [0] NCCL INFO New proxy recv connection 16 from local rank 0, transport 2
x3004c0s1b0n0:47834:48832 [0] NCCL INFO Connection to proxy localRank 0 -> connection 0x149194001080
x3004c0s1b0n0:47834:48832 [0] NCCL INFO Channel 02/0 : 4[7000] -> 0[7000] [receive] via NET/IB/1
x3004c0s1b0n0:47834:48832 [0] NCCL INFO GPU Direct RDMA Disabled for GPU 7000 / HCA 0 (distance 7 > 4)
x3004c0s1b0n0:47834:49050 [0] NCCL INFO New proxy recv connection 17 from local rank 0, transport 2
x3004c0s1b0n0:47834:48832 [0] NCCL INFO Connection to proxy localRank 0 -> connection 0x1491940010c0
x3004c0s1b0n0:47839:49019 [1] NCCL INFO transport/net_ib.cc:683 Ib Alloc Size 21688 pointer 0x151c940d2000
x3004c0s1b0n0:47839:49019 [1] NCCL INFO transport/net_ib.cc:696 Ib Alloc Size 552 pointer 0x151c94019000
x3004c0s1b0n0:47834:48832 [0] NCCL INFO Channel 03/0 : 4[7000] -> 0[7000] [receive] via NET/IB/0
x3004c0s1b0n0:47834:48832 [0] NCCL INFO GPU Direct RDMA Disabled for GPU 7000 / HCA 1 (distance 7 > 4)
x3004c0s1b0n0:47834:49050 [0] NCCL INFO New proxy send connection 18 from local rank 0, transport 2
x3004c0s1b0n0:47839:49019 [1] NCCL INFO transport/net_ib.cc:771 Ib Alloc Size 552 pointer 0x151c940f2000
x3004c0s1b0n0:47839:49019 [1] NCCL INFO transport/net.cc:698 Cuda Host Alloc Size 9641984 pointer 0x151c86000000
x3004c0s1b0n0:47834:48832 [0] NCCL INFO Connection to proxy localRank 0 -> connection 0x149194001100
x3004c0s1b0n0:47834:48832 [0] NCCL INFO Channel 00/0 : 0[7000] -> 16[7000] [send] via NET/IB/1
x3004c0s1b0n0:47834:48832 [0] NCCL INFO GPU Direct RDMA Disabled for GPU 7000 / HCA 0 (distance 7 > 4)
x3004c0s1b0n0:47834:49050 [0] NCCL INFO New proxy send connection 19 from local rank 0, transport 2
x3004c0s1b0n0:47839:49019 [1] NCCL INFO transport/net_ib.cc:683 Ib Alloc Size 21688 pointer 0x151c940f4000
x3004c0s1b0n0:47839:49019 [1] NCCL INFO transport/net_ib.cc:696 Ib Alloc Size 552 pointer 0x151c940fb000
x3004c0s1b0n0:47834:48832 [0] NCCL INFO Connection to proxy localRank 0 -> connection 0x149194001140
x3004c0s1b0n0:47834:48832 [0] NCCL INFO Channel 01/0 : 0[7000] -> 16[7000] [send] via NET/IB/0
x3004c0s1b0n0:47839:49019 [1] NCCL INFO transport/net_ib.cc:771 Ib Alloc Size 552 pointer 0x151c94116000
x3004c0s1b0n0:47839:49019 [1] NCCL INFO transport/net.cc:698 Cuda Host Alloc Size 9641984 pointer 0x151c86a00000
x3004c0s1b0n0:47839:48865 [1] NCCL INFO GPU Direct RDMA Disabled for GPU 46000 / HCA 1 (distance 6 > 4)
x3004c0s1b0n0:47839:49019 [1] NCCL INFO New proxy send connection 18 from local rank 1, transport 2
x3004c0s1b0n0:47839:48865 [1] NCCL INFO Connection to proxy localRank 1 -> connection 0x151c94001100
x3004c0s1b0n0:47839:48865 [1] NCCL INFO Channel 02/0 : 1[46000] -> 12[7000] [send] via NET/IB/1
x3004c0s1b0n0:47839:48865 [1] NCCL INFO GPU Direct RDMA Disabled for GPU 46000 / HCA 0 (distance 7 > 4)
x3004c0s1b0n0:47839:49019 [1] NCCL INFO New proxy send connection 19 from local rank 1, transport 2
x3004c0s1b0n0:47834:49050 [0] NCCL INFO transport/net_ib.cc:596 Ib Alloc Size 26560 pointer 0x1491940ca000
x3004c0s1b0n0:47834:49050 [0] NCCL INFO NET/IB: Dev 1 Port 1 qpn 12129 mtu 5 GID 0 (80FE/AF0100FEFF000000)
x3004c0s1b0n0:47834:49050 [0] NCCL INFO transport/net_ib.cc:653 Ib Alloc Size 552 pointer 0x1491940e1000
x3004c0s1b0n0:47834:49050 [0] NCCL INFO transport/net.cc:571 Cuda Host Alloc Size 9641984 pointer 0x149184a00000
x3004c0s1b0n0:47834:49050 [0] NCCL INFO transport/net_ib.cc:596 Ib Alloc Size 26560 pointer 0x1491940e3000
x3004c0s1b0n0:47834:49050 [0] NCCL INFO NET/IB: Dev 0 Port 1 qpn 12732 mtu 5 GID 0 (80FE/EA0100FEFF000000)
x3004c0s1b0n0:47834:49050 [0] NCCL INFO transport/net_ib.cc:653 Ib Alloc Size 552 pointer 0x1491940fa000
x3004c0s1b0n0:47834:49050 [0] NCCL INFO transport/net.cc:571 Cuda Host Alloc Size 9641984 pointer 0x149185400000
x3004c0s1b0n0:47839:48865 [1] NCCL INFO Connection to proxy localRank 1 -> connection 0x151c94001140
x3004c0s1b0n0:47839:48865 [1] NCCL INFO Channel 03/0 : 1[46000] -> 12[7000] [send] via NET/IB/0
x3004c0s1b0n0:47839:49019 [1] NCCL INFO transport/net_ib.cc:596 Ib Alloc Size 26560 pointer 0x151c94122000
x3004c0s1b0n0:47839:49019 [1] NCCL INFO NET/IB: Dev 1 Port 1 qpn 12130 mtu 5 GID 0 (80FE/AF0100FEFF000000)
x3004c0s1b0n0:47839:49019 [1] NCCL INFO transport/net_ib.cc:653 Ib Alloc Size 552 pointer 0x151c94139000
x3004c0s1b0n0:47839:49019 [1] NCCL INFO transport/net.cc:571 Cuda Host Alloc Size 9641984 pointer 0x151c87400000
x3004c0s1b0n0:47834:49050 [0] NCCL INFO transport/net_ib.cc:683 Ib Alloc Size 21688 pointer 0x1491940fc000
x3004c0s1b0n0:47834:49050 [0] NCCL INFO transport/net_ib.cc:696 Ib Alloc Size 552 pointer 0x149194103000
x3004c0s1b0n0:47839:49019 [1] NCCL INFO transport/net_ib.cc:596 Ib Alloc Size 26560 pointer 0x151c9413b000
x3004c0s1b0n0:47839:49019 [1] NCCL INFO NET/IB: Dev 0 Port 1 qpn 12733 mtu 5 GID 0 (80FE/EA0100FEFF000000)
x3004c0s1b0n0:47839:49019 [1] NCCL INFO transport/net_ib.cc:653 Ib Alloc Size 552 pointer 0x151c94152000
x3004c0s1b0n0:47839:49019 [1] NCCL INFO transport/net.cc:571 Cuda Host Alloc Size 9641984 pointer 0x151c84000000
x3004c0s1b0n0:47834:49050 [0] NCCL INFO transport/net_ib.cc:771 Ib Alloc Size 552 pointer 0x14919411e000
x3004c0s1b0n0:47834:49050 [0] NCCL INFO transport/net.cc:698 Cuda Host Alloc Size 9641984 pointer 0x149182000000
x3004c0s1b0n0:47834:49050 [0] NCCL INFO transport/net_ib.cc:683 Ib Alloc Size 21688 pointer 0x149194120000
x3004c0s1b0n0:47834:49050 [0] NCCL INFO transport/net_ib.cc:696 Ib Alloc Size 552 pointer 0x149194127000
x3004c0s1b0n0:47834:49050 [0] NCCL INFO transport/net_ib.cc:771 Ib Alloc Size 552 pointer 0x149194142000
x3004c0s1b0n0:47834:49050 [0] NCCL INFO transport/net.cc:698 Cuda Host Alloc Size 9641984 pointer 0x149182a00000
x3004c0s1b0n0:47839:49019 [1] NCCL INFO New proxy recv connection 20 from local rank 1, transport 0
x3004c0s1b0n0:47839:48865 [1] NCCL INFO Connection to proxy localRank 1 -> connection 0x151c94001180
x3004c0s1b0n0:47839:49019 [1] NCCL INFO transport/p2p.cc:449 Cuda Alloc Size 6291456 pointer 0x151c84a00000
x3004c0s1b0n0:47834:48832 [0] NCCL INFO Connected all trees by HAO
x3004c0s1b0n0:47834:48832 [0] NCCL INFO Latency/AlgBw |    Tree/    LL |    Tree/ LL128 |    Tree/Simple |    Ring/    LL |    Ring/ LL128 |    Ring/Simple | CollNetDirect/    LL | CollNetDirect/ LL128 | CollNetDirect/Simple | CollNetChain/    LL | CollNetChain/ LL128 | CollNetChain/Simple |
x3004c0s1b0n0:47834:48832 [0] NCCL INFO  Max NThreads |            512 |            640 |            512 |            512 |            640 |            512 |              0 |              0 |            512 |              0 |              0 |            512 |
x3004c0s1b0n0:47834:48832 [0] NCCL INFO     Broadcast |     0.0/   0.0 |     0.0/   0.0 |     0.0/   0.0 |     6.3/   6.0 |    14.0/   0.0 |    18.0/  24.0 |     0.0/   0.0 |     0.0/   0.0 |     0.0/   0.0 |     0.0/   0.0 |     0.0/   0.0 |     0.0/   0.0 |
x3004c0s1b0n0:47834:48832 [0] NCCL INFO        Reduce |     0.0/   0.0 |     0.0/   0.0 |     0.0/   0.0 |     6.3/   6.0 |    14.0/   0.0 |    18.0/  24.0 |     0.0/   0.0 |     0.0/   0.0 |     0.0/   0.0 |     0.0/   0.0 |     0.0/   0.0 |     0.0/   0.0 |
x3004c0s1b0n0:47834:48832 [0] NCCL INFO     AllGather |     0.0/   0.0 |     0.0/   0.0 |     0.0/   0.0 |    27.1/   6.3 |    54.5/   0.0 |    97.8/  25.3 |     0.0/   0.0 |     0.0/   0.0 |     0.0/   0.0 |     0.0/   0.0 |     0.0/   0.0 |     0.0/   0.0 |
x3004c0s1b0n0:47834:48832 [0] NCCL INFO ReduceScatter |     0.0/   0.0 |     0.0/   0.0 |     0.0/   0.0 |    27.1/   6.3 |    54.5/   0.0 |    97.8/  25.3 |     0.0/   0.0 |     0.0/   0.0 |     0.0/   0.0 |     0.0/   0.0 |     0.0/   0.0 |     0.0/   0.0 |
x3004c0s1b0n0:47834:48832 [0] NCCL INFO     AllReduce |    30.0/   2.9 |    45.9/   0.0 |   280.0/  11.0 |    54.3/   3.2 |   103.2/   0.0 |   199.6/  12.6 |     7.4/   0.0 |     7.4/   0.0 |    29.7/   0.0 |     4.4/   0.0 |     4.4/   0.0 |    48.0/   0.0 |
x3004c0s1b0n0:47834:48832 [0] NCCL INFO threadThresholds 8/8/64 | 160/8/64 | 512 | 512
x3004c0s1b0n0:47834:48832 [0] NCCL INFO 4 coll channels, 4 p2p channels, 2 p2p channels per peer
x3004c0s1b0n0:47834:49050 [0] NCCL INFO New proxy send connection 20 from local rank 0, transport 2
x3004c0s1b0n0:47839:49019 [1] NCCL INFO New proxy recv connection 21 from local rank 1, transport 0
x3004c0s1b0n0:47839:48865 [1] NCCL INFO Connection to proxy localRank 1 -> connection 0x151c940011c0
x3004c0s1b0n0:47839:49019 [1] NCCL INFO transport/p2p.cc:449 Cuda Alloc Size 6291456 pointer 0x151c85000000
x3004c0s1b0n0:47834:48832 [0] NCCL INFO Connection to proxy localRank 0 -> connection 0x149194001180
x3004c0s1b0n0:47834:49050 [0] NCCL INFO transport/net.cc:376 Cuda Alloc Size 8388608 pointer 0x149183400000
x3004c0s1b0n0:47839:49019 [1] NCCL INFO New proxy recv connection 22 from local rank 1, transport 0
x3004c0s1b0n0:47839:48865 [1] NCCL INFO Connection to proxy localRank 1 -> connection 0x151c94001200
x3004c0s1b0n0:47839:49019 [1] NCCL INFO transport/p2p.cc:449 Cuda Alloc Size 6291456 pointer 0x151c85600000
x3004c0s1b0n0:47839:49019 [1] NCCL INFO New proxy recv connection 23 from local rank 1, transport 0
x3004c0s1b0n0:47839:48865 [1] NCCL INFO Connection to proxy localRank 1 -> connection 0x151c94001240
x3004c0s1b0n0:47839:49019 [1] NCCL INFO transport/p2p.cc:449 Cuda Alloc Size 6291456 pointer 0x151c82000000
x3004c0s1b0n0:47839:48865 [1] NCCL INFO Connected all trees by HAO
x3004c0s1b0n0:47839:48865 [1] NCCL INFO threadThresholds 8/8/64 | 160/8/64 | 512 | 512
x3004c0s1b0n0:47839:48865 [1] NCCL INFO 4 coll channels, 4 p2p channels, 2 p2p channels per peer
x3004c0s1b0n0:47839:49019 [1] NCCL INFO New proxy send connection 24 from local rank 1, transport 2
x3004c0s1b0n0:47841:48861 [2] NCCL INFO Connected all trees by HAO
x3004c0s1b0n0:47841:48861 [2] NCCL INFO threadThresholds 8/8/64 | 160/8/64 | 512 | 512
x3004c0s1b0n0:47841:48861 [2] NCCL INFO 4 coll channels, 4 p2p channels, 2 p2p channels per peer
x3004c0s1b0n0:47841:49022 [2] NCCL INFO Allocated 4194656 bytes of shared memory in /dev/shm/nccl-HFNFOJ

x3004c0s1b0n0:47841:49022 [2] NCCL INFO New proxy send connection 20 from local rank 2, transport 2
x3004c0s1b0n0:47839:48865 [1] NCCL INFO Connection to proxy localRank 1 -> connection 0x151c94001280
x3004c0s1b0n0:47839:49019 [1] NCCL INFO transport/net.cc:376 Cuda Alloc Size 8388608 pointer 0x151c80000000
x3004c0s1b0n0:47841:48861 [2] NCCL INFO Connection to proxy localRank 2 -> connection 0x14f0ac001180
x3004c0s1b0n0:47841:48861 [2] NCCL INFO init.cc:367 Cuda Alloc Size 5168 pointer 0x14f0bb808800
x3004c0s1b0n0:47846:48863 [3] NCCL INFO init.cc:367 Cuda Alloc Size 5168 pointer 0x148baf808800
x3004c0s1b0n0:47839:48865 [1] NCCL INFO init.cc:367 Cuda Alloc Size 5168 pointer 0x151ca1808800
x3004c0s1b0n0:47834:48832 [0] NCCL INFO init.cc:367 Cuda Alloc Size 5168 pointer 0x1491a3a08800
x3004c0s1b0n0:47846:48863 [3] NCCL INFO init.cc:392 Cuda Host Alloc Size 33554432 pointer 0x148b90000000
x3004c0s1b0n0:47846:48863 [3] NCCL INFO init.cc:398 Cuda Host Alloc Size 128 pointer 0x148baee00200
x3004c0s1b0n0:47846:48863 [3] NCCL INFO comm 0x55cfbfd2ee50 rank 3 nranks 20 cudaDev 3 busId c7000 - Init COMPLETE
x3004c0s1b0n0:47839:48865 [1] NCCL INFO init.cc:392 Cuda Host Alloc Size 33554432 pointer 0x151c7e000000
x3004c0s1b0n0:47839:48865 [1] NCCL INFO init.cc:398 Cuda Host Alloc Size 128 pointer 0x151ca0e00200
x3004c0s1b0n0:47839:48865 [1] NCCL INFO comm 0x55604d9f71e0 rank 1 nranks 20 cudaDev 1 busId 46000 - Init COMPLETE
x3004c0s1b0n0:47834:48832 [0] NCCL INFO init.cc:392 Cuda Host Alloc Size 33554432 pointer 0x149180000000
x3004c0s1b0n0:47834:48832 [0] NCCL INFO init.cc:398 Cuda Host Alloc Size 128 pointer 0x1491a3000200
x3004c0s1b0n0:47834:48832 [0] NCCL INFO comm 0x55a5bc7719d0 rank 0 nranks 20 cudaDev 0 busId 7000 - Init COMPLETE
x3004c0s1b0n0:47841:48861 [2] NCCL INFO init.cc:392 Cuda Host Alloc Size 33554432 pointer 0x14f096000000
x3004c0s1b0n0:47841:48861 [2] NCCL INFO init.cc:398 Cuda Host Alloc Size 128 pointer 0x14f0bae00200
x3004c0s1b0n0:47841:48861 [2] NCCL INFO comm 0x55f2bda25940 rank 2 nranks 20 cudaDev 2 busId 85000 - Init COMPLETE
x3004c0s1b0n0:47841:49022 [2] NCCL INFO transport/net.cc:376 Cuda Alloc Size 8388608 pointer 0x14f09f800000
[Hao INFO in ncclAllReduce (all_reduce.cc)] rank 0 ncclAllReduce: count: 1, datatype: ncclUint8, message size: 1 Bytes
x3004c0s1b0n0:47834:47834 [0] NCCL INFO AllReduce: opCount 0 sendbuff 0x1491e3800200 recvbuff 0x1491e3800200 count 1 datatype 1 op 0 root 0 comm 0x55a5bc7719d0 [nranks=20] stream 0x55a5d69e4430
x3004c0s1b0n0:47834:47834 [0] NCCL INFO misc/utils.cc:235 memory stack hunk malloc(65536)

[LYD INFO in ncclAllReduce (all_reduce.cc)] rank 0 AllReduce Time: 0.000043000 seconds

[LYD INFO in getAlgoInfo (enqueue.cc)] algorithm a is: 0

[LYD INFO in getAlgoInfo (enqueue.cc)] algorithm a is: 1

[LYD INFO in getAlgoInfo (enqueue.cc)] rank: 0, Duration between Point 1 and Point 2: 0.000014000 seconds

[LYD INFO in getAlgoInfo (enqueue.cc)] rank 0, Duration between Point 2 and Point 3: 0.000001000 seconds
[LYD INFO in getAlgoInfo (enqueue.cc)] out rank: 0
[LYD INFO in getAlgoInfo (enqueue.cc)] out coll: 4
[LYD INFO in getAlgoInfo (enqueue.cc)] out sendbuff address: 0x1491e3800200
[LYD INFO in getAlgoInfo (enqueue.cc)] out recvbuff address: 0x1491e3800200
[LYD INFO in getAlgoInfo (enqueue.cc)] out count: 1
[LYD INFO in getAlgoInfo (enqueue.cc)] out datatype: 1
[LYD INFO in getAlgoInfo (enqueue.cc)] out chunkSteps: 4
[LYD INFO in getAlgoInfo (enqueue.cc)] out sliceSteps: 2
[LYD INFO in getAlgoInfo (enqueue.cc)] out algorithm: 0
[LYD INFO in getAlgoInfo (enqueue.cc)] out protocol: 0
[LYD INFO in getAlgoInfo (enqueue.cc)] out nChannels: 1
[LYD INFO in getAlgoInfo (enqueue.cc)] out nThreads: 96
[LYD INFO in getAlgoInfo (enqueue.cc)] out nBytes: 1
[LYD INFO in getAlgoInfo (enqueue.cc)] out nstepsPerLoop: 0
[LYD INFO in getAlgoInfo (enqueue.cc)] out nchunksPerLoop: 0
[LYD INFO in getAlgoInfo (enqueue.cc)] out chunkSize: 0
[LYD INFO in ncclLaunchKernel (enqueue.cc)] NCHANNELS is: 4x3004c0s1b0n0:47846:47846 [3] NCCL INFO AllReduce: opCount 0 sendbuff 0x148bef600200 recvbuff 0x148bef600200 count 1 datatype 1 op 0 root 0 comm 0x55cfbfd2ee50 [nranks=20] stream 0x55cfc3727900
x3004c0s1b0n0:47846:47846 [3] NCCL INFO misc/utils.cc:235 memory stack hunk malloc(65536)
[LYD INFO in ncclLaunchKernel (enqueue.cc)] NCHANNELS is: 4x3004c0s1b0n0:47839:47839 [1] NCCL INFO AllReduce: opCount 0 sendbuff 0x151cdf600200 recvbuff 0x151cdf600200 count 1 datatype 1 op 0 root 0 comm 0x55604d9f71e0 [nranks=20] stream 0x55606a7acdf0
x3004c0s1b0n0:47839:47839 [1] NCCL INFO misc/utils.cc:235 memory stack hunk malloc(65536)
[LYD INFO in ncclLaunchKernel (enqueue.cc)] NCHANNELS is: 4x3004c0s1b0n0:47841:47841 [2] NCCL INFO AllReduce: opCount 0 sendbuff 0x14f0fb600200 recvbuff 0x14f0fb600200 count 1 datatype 1 op 0 root 0 comm 0x55f2bda25940 [nranks=20] stream 0x55f2d8ce2c00
x3004c0s1b0n0:47841:47841 [2] NCCL INFO misc/utils.cc:235 memory stack hunk malloc(65536)
[LYD INFO in ncclLaunchKernel (enqueue.cc)] NCHANNELS is: 4
[LYD INFO in NCCL_KERN_NAME (common.h)] 1 AllReduce TREE LL Sum uint8_t Elapsed time: 464071 us

[LYD INFO in NCCL_KERN_NAME (common.h)] 3 AllReduce TREE LL Sum uint8_t Elapsed time: 440242 us

[LYD INFO in NCCL_KERN_NAME (common.h)] 2 AllReduce TREE LL Sum uint8_t Elapsed time: 449503 us

[LYD INFO in NCCL_KERN_NAME (common.h)] 0 AllReduce TREE LL Sum uint8_t Elapsed time: 481478 us
[Hao INFO in ncclAllReduce (all_reduce.cc)] rank 0 ncclAllReduce: count: 1, datatype: ncclUint8, message size: 1 Bytes
x3004c0s1b0n0:47834:47834 [0] NCCL INFO AllReduce: opCount 1 sendbuff 0x1491e3800000 recvbuff 0x1491e3800000 count 1 datatype 1 op 0 root 0 comm 0x55a5bc7719d0 [nranks=20] stream 0x55a5d69e4430

[LYD INFO in ncclAllReduce (all_reduce.cc)] rank 0 AllReduce Time: 0.000035000 seconds

[LYD INFO in getAlgoInfo (enqueue.cc)] algorithm a is: 0

[LYD INFO in getAlgoInfo (enqueue.cc)] algorithm a is: 1

[LYD INFO in getAlgoInfo (enqueue.cc)] rank: 0, Duration between Point 1 and Point 2: 0.000013000 seconds

[LYD INFO in getAlgoInfo (enqueue.cc)] rank 0, Duration between Point 2 and Point 3: 0.000001000 seconds
[LYD INFO in getAlgoInfo (enqueue.cc)] out rank: 0
[LYD INFO in getAlgoInfo (enqueue.cc)] out coll: 4
[LYD INFO in getAlgoInfo (enqueue.cc)] out sendbuff address: 0x1491e3800000
[LYD INFO in getAlgoInfo (enqueue.cc)] out recvbuff address: 0x1491e3800000
[LYD INFO in getAlgoInfo (enqueue.cc)] out count: 1
