x3004c0s25b0n0:45698:50236 [0] NCCL INFO Connection to proxy localRank 0 -> connection 0x1481800011c0
x3004c0s25b0n0:45699:50232 [1] NCCL INFO Connection to proxy localRank 1 -> connection 0x14ef70001200
x3004c0s25b0n0:45699:50388 [1] NCCL INFO transport/p2p.cc:449 Cuda Alloc Size 6291456 pointer 0x14ef58c00000
x3004c0s25b0n0:45699:50388 [1] NCCL INFO New proxy recv connection 23 from local rank 1, transport 0
x3004c0s25b0n0:45698:50236 [0] NCCL INFO Channel 03/0 : 13[46000] -> 8[7000] [receive] via NET/IB/0
x3004c0s25b0n0:45698:50386 [0] NCCL INFO transport/net_ib.cc:683 Ib Alloc Size 21688 pointer 0x148180124000
x3004c0s25b0n0:45698:50386 [0] NCCL INFO transport/net_ib.cc:696 Ib Alloc Size 552 pointer 0x14818012b000
x3004c0s25b0n0:45698:50386 [0] NCCL INFO transport/net_ib.cc:771 Ib Alloc Size 552 pointer 0x148180146000
x3004c0s25b0n0:45698:50386 [0] NCCL INFO transport/net.cc:698 Cuda Host Alloc Size 9641984 pointer 0x148169400000
x3004c0s25b0n0:45698:50386 [0] NCCL INFO Mem Realloc old size 768, new size 1536 pointer 0x1481800e9990
x3004c0s25b0n0:45699:50232 [1] NCCL INFO Connection to proxy localRank 1 -> connection 0x14ef70001240
x3004c0s25b0n0:45699:50388 [1] NCCL INFO transport/p2p.cc:449 Cuda Alloc Size 6291456 pointer 0x14ef59200000
x3004c0s25b0n0:45698:50386 [0] NCCL INFO transport/net_ib.cc:683 Ib Alloc Size 21688 pointer 0x148180148000
x3004c0s25b0n0:45698:50386 [0] NCCL INFO transport/net_ib.cc:696 Ib Alloc Size 552 pointer 0x14818014f000
x3004c0s25b0n0:45698:50386 [0] NCCL INFO transport/net_ib.cc:771 Ib Alloc Size 552 pointer 0x14818016a000
x3004c0s25b0n0:45698:50386 [0] NCCL INFO transport/net.cc:698 Cuda Host Alloc Size 9641984 pointer 0x148166000000
x3004c0s25b0n0:45698:50386 [0] NCCL INFO Mem Realloc old size 768, new size 1536 pointer 0x14818015f410
x3004c0s25b0n0:45699:50232 [1] NCCL INFO Connected all trees by HAO
x3004c0s25b0n0:45699:50232 [1] NCCL INFO threadThresholds 8/8/64 | 160/8/64 | 512 | 512
x3004c0s25b0n0:45699:50232 [1] NCCL INFO 4 coll channels, 4 p2p channels, 2 p2p channels per peer
x3004c0s25b0n0:45699:50388 [1] NCCL INFO New proxy send connection 24 from local rank 1, transport 2
x3004c0s25b0n0:45700:50225 [2] NCCL INFO Connected all trees by HAO
x3004c0s25b0n0:45700:50225 [2] NCCL INFO threadThresholds 8/8/64 | 160/8/64 | 512 | 512
x3004c0s25b0n0:45700:50225 [2] NCCL INFO 4 coll channels, 4 p2p channels, 2 p2p channels per peer
x3004c0s25b0n0:45700:50391 [2] NCCL INFO Allocated 4194656 bytes of shared memory in /dev/shm/nccl-2EYbVN

x3004c0s25b0n0:45700:50391 [2] NCCL INFO New proxy send connection 20 from local rank 2, transport 2
x3004c0s25b0n0:45698:50236 [0] NCCL INFO GPU Direct RDMA Disabled for GPU 7000 / HCA 1 (distance 7 > 4)
x3004c0s25b0n0:45698:50386 [0] NCCL INFO New proxy recv connection 22 from local rank 0, transport 2
x3004c0s25b0n0:45700:50225 [2] NCCL INFO Connection to proxy localRank 2 -> connection 0x14af84001180
x3004c0s25b0n0:45700:50391 [2] NCCL INFO transport/net.cc:376 Cuda Alloc Size 8388608 pointer 0x14af70600000
x3004c0s25b0n0:45699:50232 [1] NCCL INFO Connection to proxy localRank 1 -> connection 0x14ef70001280
x3004c0s25b0n0:45699:50388 [1] NCCL INFO transport/net.cc:376 Cuda Alloc Size 8388608 pointer 0x14ef57200000
x3004c0s25b0n0:45698:50236 [0] NCCL INFO Connection to proxy localRank 0 -> connection 0x148180001200
x3004c0s25b0n0:45698:50236 [0] NCCL INFO Channel 00/0 : 12[7000] -> 8[7000] [receive] via NET/IB/1
x3004c0s25b0n0:45698:50236 [0] NCCL INFO GPU Direct RDMA Disabled for GPU 7000 / HCA 0 (distance 7 > 4)
x3004c0s25b0n0:45698:50386 [0] NCCL INFO New proxy recv connection 23 from local rank 0, transport 2
x3004c0s25b0n0:45698:50236 [0] NCCL INFO Connection to proxy localRank 0 -> connection 0x148180001240
x3004c0s25b0n0:45698:50236 [0] NCCL INFO Channel 01/0 : 12[7000] -> 8[7000] [receive] via NET/IB/0
x3004c0s25b0n0:45698:50386 [0] NCCL INFO transport/net_ib.cc:683 Ib Alloc Size 21688 pointer 0x148180176000
x3004c0s25b0n0:45698:50386 [0] NCCL INFO transport/net_ib.cc:696 Ib Alloc Size 552 pointer 0x14818017d000
x3004c0s25b0n0:45698:50386 [0] NCCL INFO transport/net_ib.cc:771 Ib Alloc Size 552 pointer 0x148180198000
x3004c0s25b0n0:45698:50386 [0] NCCL INFO transport/net.cc:698 Cuda Host Alloc Size 9641984 pointer 0x148166a00000
x3004c0s25b0n0:45698:50386 [0] NCCL INFO transport/net_ib.cc:683 Ib Alloc Size 21688 pointer 0x14818019a000
x3004c0s25b0n0:45698:50386 [0] NCCL INFO transport/net_ib.cc:696 Ib Alloc Size 552 pointer 0x1481801a1000
x3004c0s25b0n0:45698:50386 [0] NCCL INFO transport/net_ib.cc:771 Ib Alloc Size 552 pointer 0x1481801bc000
x3004c0s25b0n0:45698:50386 [0] NCCL INFO transport/net.cc:698 Cuda Host Alloc Size 9641984 pointer 0x148167400000
x3004c0s25b0n0:45698:50236 [0] NCCL INFO Connected all trees by HAO
x3004c0s25b0n0:45698:50236 [0] NCCL INFO threadThresholds 8/8/64 | 160/8/64 | 512 | 512
x3004c0s25b0n0:45698:50236 [0] NCCL INFO 4 coll channels, 4 p2p channels, 2 p2p channels per peer
x3004c0s25b0n0:45698:50386 [0] NCCL INFO New proxy send connection 24 from local rank 0, transport 2
x3004c0s25b0n0:45698:50236 [0] NCCL INFO Connection to proxy localRank 0 -> connection 0x148180001280
x3004c0s25b0n0:45698:50236 [0] NCCL INFO init.cc:367 Cuda Alloc Size 5168 pointer 0x1481d581fc00
x3004c0s25b0n0:45700:50225 [2] NCCL INFO init.cc:367 Cuda Alloc Size 5168 pointer 0x14afd581fc00
x3004c0s25b0n0:45699:50232 [1] NCCL INFO init.cc:367 Cuda Alloc Size 5168 pointer 0x14efc781fc00
x3004c0s25b0n0:45701:50234 [3] NCCL INFO init.cc:367 Cuda Alloc Size 5168 pointer 0x14fbfb81fc00
x3004c0s25b0n0:45701:50234 [3] NCCL INFO init.cc:392 Cuda Host Alloc Size 33554432 pointer 0x14fb98000000
x3004c0s25b0n0:45701:50234 [3] NCCL INFO init.cc:398 Cuda Host Alloc Size 128 pointer 0x14fbfae00a00
x3004c0s25b0n0:45701:50234 [3] NCCL INFO comm 0x55f62552ad60 rank 11 nranks 20 cudaDev 3 busId c7000 - Init COMPLETE
x3004c0s25b0n0:45701:45701 [3] NCCL INFO AllReduce: opCount 0 sendbuff 0x14fc3b600400 recvbuff 0x14fc3b600400 count 1 datatype 4 op 0 root 0 comm 0x55f62552ad60 [nranks=20] stream 0x55f623c0cd30
x3004c0s25b0n0:45701:45701 [3] NCCL INFO misc/utils.cc:235 memory stack hunk malloc(65536)
[LYD INFO in ncclLaunchKernel (enqueue.cc)] NCHANNELS is: 4x3004c0s25b0n0:45700:50225 [2] NCCL INFO init.cc:392 Cuda Host Alloc Size 33554432 pointer 0x14af6e000000
x3004c0s25b0n0:45700:50225 [2] NCCL INFO init.cc:398 Cuda Host Alloc Size 128 pointer 0x14afd4e00a00
x3004c0s25b0n0:45700:50225 [2] NCCL INFO comm 0x55c6210faa80 rank 10 nranks 20 cudaDev 2 busId 85000 - Init COMPLETE
x3004c0s25b0n0:45698:50236 [0] NCCL INFO init.cc:392 Cuda Host Alloc Size 33554432 pointer 0x148164000000
x3004c0s25b0n0:45698:50236 [0] NCCL INFO init.cc:398 Cuda Host Alloc Size 128 pointer 0x1481d4e00a00
x3004c0s25b0n0:45698:50236 [0] NCCL INFO comm 0x55906ceca520 rank 8 nranks 20 cudaDev 0 busId 7000 - Init COMPLETE
x3004c0s25b0n0:45698:50386 [0] NCCL INFO transport/net.cc:376 Cuda Alloc Size 8388608 pointer 0x148162000000
x3004c0s25b0n0:45699:50232 [1] NCCL INFO init.cc:392 Cuda Host Alloc Size 33554432 pointer 0x14ef54000000
x3004c0s25b0n0:45699:50232 [1] NCCL INFO init.cc:398 Cuda Host Alloc Size 128 pointer 0x14efc6e00a00
x3004c0s25b0n0:45699:50232 [1] NCCL INFO comm 0x55850be63900 rank 9 nranks 20 cudaDev 1 busId 46000 - Init COMPLETE
x3004c0s25b0n0:45699:45699 [1] NCCL INFO AllReduce: opCount 0 sendbuff 0x14f007600400 recvbuff 0x14f007600400 count 1 datatype 4 op 0 root 0 comm 0x55850be63900 [nranks=20] stream 0x55850a149160
x3004c0s25b0n0:45699:45699 [1] NCCL INFO misc/utils.cc:235 memory stack hunk malloc(65536)
[LYD INFO in ncclLaunchKernel (enqueue.cc)] NCHANNELS is: 4x3004c0s25b0n0:45700:45700 [2] NCCL INFO AllReduce: opCount 0 sendbuff 0x14b017600400 recvbuff 0x14b017600400 count 1 datatype 4 op 0 root 0 comm 0x55c6210faa80 [nranks=20] stream 0x55c61f7c3420
x3004c0s25b0n0:45700:45700 [2] NCCL INFO misc/utils.cc:235 memory stack hunk malloc(65536)
[LYD INFO in ncclLaunchKernel (enqueue.cc)] NCHANNELS is: 4x3004c0s25b0n0:45698:45698 [0] NCCL INFO AllReduce: opCount 0 sendbuff 0x148213600400 recvbuff 0x148213600400 count 1 datatype 4 op 0 root 0 comm 0x55906ceca520 [nranks=20] stream 0x55906b02f2a0
x3004c0s25b0n0:45698:45698 [0] NCCL INFO misc/utils.cc:235 memory stack hunk malloc(65536)
[LYD INFO in ncclLaunchKernel (enqueue.cc)] NCHANNELS is: 4
[LYD INFO in NCCL_KERN_NAME (common.h)] 8 AllReduce TREE LL Sum int64_t Elapsed time: 224878 us

[LYD INFO in NCCL_KERN_NAME (common.h)] 9 AllReduce TREE LL Sum int64_t Elapsed time: 307507 us
[Hao INFO in ncclAllReduce (all_reduce.cc)] rank 1 ncclAllReduce: count: 1, datatype: ncclInt64, message size: 8 Bytes
x3004c0s25b0n0:45699:45699 [1] NCCL INFO AllReduce: opCount 0 sendbuff 0x14f007600400 recvbuff 0x14f007600400 count 1 datatype 4 op 0 root 0 comm 0x55850d3c3600 [nranks=1] stream 0x55850a149020

[LYD INFO in ncclAllReduce (all_reduce.cc)] rank 0 AllReduce Time: 0.000017000 seconds
x3004c0s25b0n0:45699:45699 [1] NCCL INFO AllReduce: opCount 1 sendbuff 0x14f007600400 recvbuff 0x14f007600400 count 1 datatype 4 op 0 root 0 comm 0x55850be63900 [nranks=20] stream 0x55850a149160
[LYD INFO in ncclLaunchKernel (enqueue.cc)] NCHANNELS is: 4[Hao INFO in ncclAllReduce (all_reduce.cc)] rank 0 ncclAllReduce: count: 1, datatype: ncclInt64, message size: 8 Bytes
x3004c0s25b0n0:45698:45698 [0] NCCL INFO AllReduce: opCount 0 sendbuff 0x148213600400 recvbuff 0x148213600400 count 1 datatype 4 op 0 root 0 comm 0x55906cee1390 [nranks=1] stream 0x55906b050b90

[LYD INFO in ncclAllReduce (all_reduce.cc)] rank 0 AllReduce Time: 0.000014000 seconds
x3004c0s25b0n0:45698:45698 [0] NCCL INFO AllReduce: opCount 1 sendbuff 0x148213600400 recvbuff 0x148213600400 count 1 datatype 4 op 0 root 0 comm 0x55906ceca520 [nranks=20] stream 0x55906b02f2a0
[LYD INFO in ncclLaunchKernel (enqueue.cc)] NCHANNELS is: 4
[LYD INFO in NCCL_KERN_NAME (common.h)] 10 AllReduce TREE LL Sum int64_t Elapsed time: 298155 us
[Hao INFO in ncclAllReduce (all_reduce.cc)] rank 2 ncclAllReduce: count: 1, datatype: ncclInt64, message size: 8 Bytes
x3004c0s25b0n0:45700:45700 [2] NCCL INFO AllReduce: opCount 0 sendbuff 0x14b017600400 recvbuff 0x14b017600400 count 1 datatype 4 op 0 root 0 comm 0x55c62111a580 [nranks=1] stream 0x55c61f7c32e0

[LYD INFO in ncclAllReduce (all_reduce.cc)] rank 0 AllReduce Time: 0.000016000 seconds
x3004c0s25b0n0:45700:45700 [2] NCCL INFO AllReduce: opCount 1 sendbuff 0x14b017600400 recvbuff 0x14b017600400 count 1 datatype 4 op 0 root 0 comm 0x55c6210faa80 [nranks=20] stream 0x55c61f7c3420
[LYD INFO in ncclLaunchKernel (enqueue.cc)] NCHANNELS is: 4
[LYD INFO in NCCL_KERN_NAME (common.h)] 11 AllReduce TREE LL Sum int64_t Elapsed time: 315620 us
[Hao INFO in ncclAllReduce (all_reduce.cc)] rank 3 ncclAllReduce: count: 1, datatype: ncclInt64, message size: 8 Bytes
x3004c0s25b0n0:45701:45701 [3] NCCL INFO AllReduce: opCount 0 sendbuff 0x14fc3b600400 recvbuff 0x14fc3b600400 count 1 datatype 4 op 0 root 0 comm 0x55f6253d6880 [nranks=1] stream 0x55f623c0cbf0

[LYD INFO in ncclAllReduce (all_reduce.cc)] rank 0 AllReduce Time: 0.000015000 seconds
x3004c0s25b0n0:45701:45701 [3] NCCL INFO AllReduce: opCount 1 sendbuff 0x14fc3b600400 recvbuff 0x14fc3b600400 count 1 datatype 4 op 0 root 0 comm 0x55f62552ad60 [nranks=20] stream 0x55f623c0cd30
[LYD INFO in ncclLaunchKernel (enqueue.cc)] NCHANNELS is: 4