x3004c0s1b0n0:44387:45484 [1] NCCL INFO Ring 02 : 19 -> 1 -> 0
x3004c0s1b0n0:44387:45484 [1] NCCL INFO Ring 03 : 19 -> 1 -> 0
x3004c0s1b0n0:44387:45484 [1] NCCL INFO Trees [0] 2/-1/-1->1->0 [1] 2/-1/-1->1->0 [2] 2/12/-1->1->0 [3] 2/12/-1->1->0
x3004c0s1b0n0:44387:45484 [1] NCCL INFO misc/utils.cc:235 memory stack hunk malloc(65536)
x3004c0s1b0n0:44387:45484 [1] NCCL INFO channel.cc:23 Cuda Alloc Size 8064 pointer 0x148a41800000
x3004c0s1b0n0:44387:45484 [1] NCCL INFO channel.cc:27 Cuda Alloc Size 80 pointer 0x148a41802000
x3004c0s1b0n0:44387:45484 [1] NCCL INFO channel.cc:23 Cuda Alloc Size 8064 pointer 0x148a41802200
x3004c0s1b0n0:44387:45484 [1] NCCL INFO channel.cc:27 Cuda Alloc Size 80 pointer 0x148a41804200
x3004c0s1b0n0:44387:45484 [1] NCCL INFO channel.cc:23 Cuda Alloc Size 8064 pointer 0x148a41804400
x3004c0s1b0n0:44387:45484 [1] NCCL INFO channel.cc:27 Cuda Alloc Size 80 pointer 0x148a41806400
x3004c0s1b0n0:44387:45484 [1] NCCL INFO channel.cc:23 Cuda Alloc Size 8064 pointer 0x148a41806600
x3004c0s1b0n0:44387:45484 [1] NCCL INFO channel.cc:27 Cuda Alloc Size 80 pointer 0x148a41808600
x3004c0s1b0n0:44387:45484 [1] NCCL INFO GPU Direct RDMA Disabled for GPU 46000 / HCA 1 (distance 6 > 4)
x3004c0s1b0n0:44387:45624 [1] NCCL INFO Mem Realloc old size 0, new size 8 pointer 0x148a3c000c60
x3004c0s1b0n0:44387:45624 [1] NCCL INFO Allocated 4194656 bytes of shared memory in /dev/shm/nccl-CevTTw

x3004c0s1b0n0:44387:45624 [1] NCCL INFO New proxy recv connection 0 from local rank 1, transport 2
x3004c0s1b0n0:44392:45485 [2] NCCL INFO Ring 00 : 0 -> 2 -> 3
x3004c0s1b0n0:44392:45485 [2] NCCL INFO Ring 01 : 0 -> 2 -> 3
x3004c0s1b0n0:44392:45485 [2] NCCL INFO Ring 02 : 0 -> 2 -> 3
x3004c0s1b0n0:44392:45485 [2] NCCL INFO Ring 03 : 0 -> 2 -> 3
x3004c0s1b0n0:44392:45485 [2] NCCL INFO Trees [0] 3/-1/-1->2->1 [1] 3/-1/-1->2->1 [2] 3/-1/-1->2->1 [3] 3/-1/-1->2->1
x3004c0s1b0n0:44392:45485 [2] NCCL INFO misc/utils.cc:235 memory stack hunk malloc(65536)
x3004c0s1b0n0:44392:45485 [2] NCCL INFO channel.cc:23 Cuda Alloc Size 8064 pointer 0x15085f800000
x3004c0s1b0n0:44392:45485 [2] NCCL INFO channel.cc:27 Cuda Alloc Size 80 pointer 0x15085f802000
x3004c0s1b0n0:44392:45485 [2] NCCL INFO channel.cc:23 Cuda Alloc Size 8064 pointer 0x15085f802200
x3004c0s1b0n0:44392:45485 [2] NCCL INFO channel.cc:27 Cuda Alloc Size 80 pointer 0x15085f804200
x3004c0s1b0n0:44392:45485 [2] NCCL INFO channel.cc:23 Cuda Alloc Size 8064 pointer 0x15085f804400
x3004c0s1b0n0:44392:45485 [2] NCCL INFO channel.cc:27 Cuda Alloc Size 80 pointer 0x15085f806400
x3004c0s1b0n0:44392:45485 [2] NCCL INFO channel.cc:23 Cuda Alloc Size 8064 pointer 0x15085f806600
x3004c0s1b0n0:44392:45485 [2] NCCL INFO channel.cc:27 Cuda Alloc Size 80 pointer 0x15085f808600
x3004c0s1b0n0:44392:45485 [2] NCCL INFO Channel 00/0 : 2[85000] -> 3[c7000] via P2P/IPC/read
x3004c0s1b0n0:44392:45626 [2] NCCL INFO Mem Realloc old size 0, new size 8 pointer 0x150850000c60
x3004c0s1b0n0:44392:45626 [2] NCCL INFO New proxy send connection 0 from local rank 2, transport 0
x3004c0s1b0n0:44382:45455 [0] NCCL INFO Connection to proxy localRank 0 -> connection 0x152a6c000c80
x3004c0s1b0n0:44382:45625 [0] NCCL INFO transport/p2p.cc:430 Cuda Alloc Size 6291456 pointer 0x152a72000000
x3004c0s1b0n0:44387:45484 [1] NCCL INFO Connection to proxy localRank 1 -> connection 0x148a3c000c80
x3004c0s1b0n0:44396:45488 [3] NCCL INFO Connection to proxy localRank 3 -> connection 0x147ed8000c80
x3004c0s1b0n0:44396:45628 [3] NCCL INFO transport/p2p.cc:449 Cuda Alloc Size 6291456 pointer 0x147ee7a00000
x3004c0s1b0n0:44382:45455 [0] NCCL INFO Channel 01/0 : 0[7000] -> 2[85000] via P2P/IPC/read
x3004c0s1b0n0:44382:45625 [0] NCCL INFO New proxy send connection 1 from local rank 0, transport 0
x3004c0s1b0n0:44392:45485 [2] NCCL INFO Connection to proxy localRank 2 -> connection 0x150850000c80
x3004c0s1b0n0:44392:45626 [2] NCCL INFO transport/p2p.cc:430 Cuda Alloc Size 6291456 pointer 0x15085fa00000
x3004c0s1b0n0:44382:45455 [0] NCCL INFO Connection to proxy localRank 0 -> connection 0x152a6c000cc0
x3004c0s1b0n0:44382:45625 [0] NCCL INFO transport/p2p.cc:430 Cuda Alloc Size 6291456 pointer 0x152a72600000
x3004c0s1b0n0:44387:45484 [1] NCCL INFO Channel 00/0 : 19[c7000] -> 1[46000] [receive] via NET/IB/1
x3004c0s1b0n0:44387:45484 [1] NCCL INFO GPU Direct RDMA Disabled for GPU 46000 / HCA 0 (distance 7 > 4)
x3004c0s1b0n0:44387:45624 [1] NCCL INFO New proxy recv connection 1 from local rank 1, transport 2
x3004c0s1b0n0:44396:45628 [3] NCCL INFO New proxy recv connection 1 from local rank 3, transport 0
x3004c0s1b0n0:44392:45485 [2] NCCL INFO Channel 01/0 : 2[85000] -> 3[c7000] via P2P/IPC/read
x3004c0s1b0n0:44392:45626 [2] NCCL INFO New proxy send connection 1 from local rank 2, transport 0
x3004c0s1b0n0:44382:45455 [0] NCCL INFO Channel 02/0 : 0[7000] -> 2[85000] via P2P/IPC/read
x3004c0s1b0n0:44382:45625 [0] NCCL INFO New proxy send connection 2 from local rank 0, transport 0
x3004c0s1b0n0:44387:45484 [1] NCCL INFO Connection to proxy localRank 1 -> connection 0x148a3c000cc0
x3004c0s1b0n0:44387:45484 [1] NCCL INFO Channel 01/0 : 19[c7000] -> 1[46000] [receive] via NET/IB/0
x3004c0s1b0n0:44387:45484 [1] NCCL INFO GPU Direct RDMA Disabled for GPU 46000 / HCA 1 (distance 6 > 4)
x3004c0s1b0n0:44396:45488 [3] NCCL INFO Connection to proxy localRank 3 -> connection 0x147ed8000cc0
x3004c0s1b0n0:44396:45628 [3] NCCL INFO transport/p2p.cc:449 Cuda Alloc Size 6291456 pointer 0x147ede000000
x3004c0s1b0n0:44387:45624 [1] NCCL INFO New proxy recv connection 2 from local rank 1, transport 2
x3004c0s1b0n0:44392:45485 [2] NCCL INFO Connection to proxy localRank 2 -> connection 0x150850000cc0
x3004c0s1b0n0:44392:45626 [2] NCCL INFO transport/p2p.cc:430 Cuda Alloc Size 6291456 pointer 0x150856000000
x3004c0s1b0n0:44382:45455 [0] NCCL INFO Connection to proxy localRank 0 -> connection 0x152a6c000d00
x3004c0s1b0n0:44382:45625 [0] NCCL INFO transport/p2p.cc:430 Cuda Alloc Size 6291456 pointer 0x152a72c00000
x3004c0s1b0n0:44396:45628 [3] NCCL INFO New proxy recv connection 2 from local rank 3, transport 0
x3004c0s1b0n0:44392:45485 [2] NCCL INFO Channel 02/0 : 2[85000] -> 3[c7000] via P2P/IPC/read
x3004c0s1b0n0:44392:45626 [2] NCCL INFO New proxy send connection 2 from local rank 2, transport 0
x3004c0s1b0n0:44387:45484 [1] NCCL INFO Connection to proxy localRank 1 -> connection 0x148a3c000d00
x3004c0s1b0n0:44387:45484 [1] NCCL INFO Channel 02/0 : 19[c7000] -> 1[46000] [receive] via NET/IB/1
x3004c0s1b0n0:44387:45484 [1] NCCL INFO GPU Direct RDMA Disabled for GPU 46000 / HCA 0 (distance 7 > 4)
x3004c0s1b0n0:44382:45455 [0] NCCL INFO Channel 03/0 : 0[7000] -> 2[85000] via P2P/IPC/read
x3004c0s1b0n0:44382:45625 [0] NCCL INFO New proxy send connection 3 from local rank 0, transport 0
x3004c0s1b0n0:44387:45624 [1] NCCL INFO New proxy recv connection 3 from local rank 1, transport 2
x3004c0s1b0n0:44382:45455 [0] NCCL INFO Connection to proxy localRank 0 -> connection 0x152a6c000d40
x3004c0s1b0n0:44396:45488 [3] NCCL INFO Connection to proxy localRank 3 -> connection 0x147ed8000d00
x3004c0s1b0n0:44396:45628 [3] NCCL INFO transport/p2p.cc:449 Cuda Alloc Size 6291456 pointer 0x147ede600000
x3004c0s1b0n0:44392:45485 [2] NCCL INFO Connection to proxy localRank 2 -> connection 0x150850000d00
x3004c0s1b0n0:44392:45626 [2] NCCL INFO transport/p2p.cc:430 Cuda Alloc Size 6291456 pointer 0x150856600000
x3004c0s1b0n0:44382:45625 [0] NCCL INFO transport/p2p.cc:430 Cuda Alloc Size 6291456 pointer 0x152a73200000
x3004c0s1b0n0:44387:45484 [1] NCCL INFO Connection to proxy localRank 1 -> connection 0x148a3c000d40
x3004c0s1b0n0:44396:45628 [3] NCCL INFO New proxy recv connection 3 from local rank 3, transport 0
x3004c0s1b0n0:44387:45484 [1] NCCL INFO Channel 03/0 : 19[c7000] -> 1[46000] [receive] via NET/IB/0
x3004c0s1b0n0:44392:45485 [2] NCCL INFO Channel 03/0 : 2[85000] -> 3[c7000] via P2P/IPC/read
x3004c0s1b0n0:44392:45626 [2] NCCL INFO New proxy send connection 3 from local rank 2, transport 0
x3004c0s1b0n0:44396:45488 [3] NCCL INFO Connection to proxy localRank 3 -> connection 0x147ed8000d40
x3004c0s1b0n0:44396:45628 [3] NCCL INFO transport/p2p.cc:449 Cuda Alloc Size 6291456 pointer 0x147edec00000
x3004c0s1b0n0:44392:45485 [2] NCCL INFO Connection to proxy localRank 2 -> connection 0x150850000d40
x3004c0s1b0n0:44392:45626 [2] NCCL INFO transport/p2p.cc:430 Cuda Alloc Size 6291456 pointer 0x150856c00000
x3004c0s1b0n0:44392:45626 [2] NCCL INFO New proxy recv connection 4 from local rank 2, transport 0
x3004c0s1b0n0:44396:45488 [3] NCCL INFO GPU Direct RDMA Disabled for GPU c7000 / HCA 1 (distance 7 > 4)
x3004c0s1b0n0:44396:45628 [3] NCCL INFO Allocated 4194656 bytes of shared memory in /dev/shm/nccl-WvYfWd

x3004c0s1b0n0:44396:45628 [3] NCCL INFO New proxy send connection 4 from local rank 3, transport 2
x3004c0s1b0n0:44392:45485 [2] NCCL INFO Connection to proxy localRank 2 -> connection 0x150850000d80
x3004c0s1b0n0:44392:45626 [2] NCCL INFO transport/p2p.cc:449 Cuda Alloc Size 6291456 pointer 0x15084ec00000
x3004c0s1b0n0:44396:45488 [3] NCCL INFO Connection to proxy localRank 3 -> connection 0x147ed8000d80
x3004c0s1b0n0:44396:45488 [3] NCCL INFO Channel 00/0 : 3[c7000] -> 5[46000] [send] via NET/IB/1
x3004c0s1b0n0:44396:45488 [3] NCCL INFO GPU Direct RDMA Disabled for GPU c7000 / HCA 0 (distance 6 > 4)
x3004c0s1b0n0:44396:45628 [3] NCCL INFO New proxy send connection 5 from local rank 3, transport 2
x3004c0s1b0n0:44396:45488 [3] NCCL INFO Connection to proxy localRank 3 -> connection 0x147ed8000dc0
x3004c0s1b0n0:44396:45488 [3] NCCL INFO Channel 01/0 : 3[c7000] -> 5[46000] [send] via NET/IB/0
x3004c0s1b0n0:44396:45488 [3] NCCL INFO GPU Direct RDMA Disabled for GPU c7000 / HCA 1 (distance 7 > 4)
x3004c0s1b0n0:44396:45628 [3] NCCL INFO New proxy send connection 6 from local rank 3, transport 2
x3004c0s1b0n0:44396:45488 [3] NCCL INFO Connection to proxy localRank 3 -> connection 0x147ed8000e00
x3004c0s1b0n0:44396:45488 [3] NCCL INFO Channel 02/0 : 3[c7000] -> 5[46000] [send] via NET/IB/1
x3004c0s1b0n0:44396:45488 [3] NCCL INFO GPU Direct RDMA Disabled for GPU c7000 / HCA 0 (distance 6 > 4)
x3004c0s1b0n0:44396:45628 [3] NCCL INFO New proxy send connection 7 from local rank 3, transport 2
x3004c0s1b0n0:44392:45626 [2] NCCL INFO New proxy recv connection 5 from local rank 2, transport 0
x3004c0s1b0n0:44396:45488 [3] NCCL INFO Connection to proxy localRank 3 -> connection 0x147ed8000e40
x3004c0s1b0n0:44396:45488 [3] NCCL INFO Channel 03/0 : 3[c7000] -> 5[46000] [send] via NET/IB/0
x3004c0s1b0n0:44396:45628 [3] NCCL INFO transport/net_ib.cc:596 Ib Alloc Size 26560 pointer 0x147ed8020000
x3004c0s1b0n0:44396:45628 [3] NCCL INFO NET/IB: Dev 1 Port 1 qpn 12321 mtu 5 GID 0 (80FE/AF0100FEFF000000)
x3004c0s1b0n0:44396:45628 [3] NCCL INFO transport/net_ib.cc:653 Ib Alloc Size 552 pointer 0x147ed8042000
x3004c0s1b0n0:44396:45628 [3] NCCL INFO transport/net.cc:571 Cuda Host Alloc Size 9641984 pointer 0x147ed6c00000
x3004c0s1b0n0:44396:45628 [3] NCCL INFO Mem Realloc old size 0, new size 768 pointer 0x147ed802f0a0
x3004c0s1b0n0:44392:45485 [2] NCCL INFO Connection to proxy localRank 2 -> connection 0x150850000dc0
x3004c0s1b0n0:44392:45626 [2] NCCL INFO transport/p2p.cc:449 Cuda Alloc Size 6291456 pointer 0x15084f200000
x3004c0s1b0n0:44396:45628 [3] NCCL INFO transport/net_ib.cc:596 Ib Alloc Size 26560 pointer 0x147ed8044000
x3004c0s1b0n0:44396:45628 [3] NCCL INFO NET/IB: Dev 0 Port 1 qpn 12940 mtu 5 GID 0 (80FE/EA0100FEFF000000)
x3004c0s1b0n0:44396:45628 [3] NCCL INFO transport/net_ib.cc:653 Ib Alloc Size 552 pointer 0x147ed8065000
x3004c0s1b0n0:44396:45628 [3] NCCL INFO transport/net.cc:571 Cuda Host Alloc Size 9641984 pointer 0x147ed7600000
x3004c0s1b0n0:44396:45628 [3] NCCL INFO Mem Realloc old size 0, new size 768 pointer 0x147ed80521f0
x3004c0s1b0n0:44392:45626 [2] NCCL INFO New proxy recv connection 6 from local rank 2, transport 0
x3004c0s1b0n0:44396:45628 [3] NCCL INFO transport/net_ib.cc:596 Ib Alloc Size 26560 pointer 0x147ed8067000
x3004c0s1b0n0:44396:45628 [3] NCCL INFO NET/IB: Dev 1 Port 1 qpn 12322 mtu 5 GID 0 (80FE/AF0100FEFF000000)
x3004c0s1b0n0:44396:45628 [3] NCCL INFO transport/net_ib.cc:653 Ib Alloc Size 552 pointer 0x147ed807e000
x3004c0s1b0n0:44396:45628 [3] NCCL INFO transport/net.cc:571 Cuda Host Alloc Size 9641984 pointer 0x147ece000000
x3004c0s1b0n0:44392:45485 [2] NCCL INFO Connection to proxy localRank 2 -> connection 0x150850000e00
x3004c0s1b0n0:44392:45626 [2] NCCL INFO transport/p2p.cc:449 Cuda Alloc Size 6291456 pointer 0x15084f800000
x3004c0s1b0n0:44392:45626 [2] NCCL INFO New proxy recv connection 7 from local rank 2, transport 0
x3004c0s1b0n0:44396:45628 [3] NCCL INFO transport/net_ib.cc:596 Ib Alloc Size 26560 pointer 0x147ed8080000
x3004c0s1b0n0:44396:45628 [3] NCCL INFO NET/IB: Dev 0 Port 1 qpn 12941 mtu 5 GID 0 (80FE/EA0100FEFF000000)
x3004c0s1b0n0:44396:45628 [3] NCCL INFO transport/net_ib.cc:653 Ib Alloc Size 552 pointer 0x147ed8097000
x3004c0s1b0n0:44396:45628 [3] NCCL INFO transport/net.cc:571 Cuda Host Alloc Size 9641984 pointer 0x147ecea00000
x3004c0s1b0n0:44392:45485 [2] NCCL INFO Connection to proxy localRank 2 -> connection 0x150850000e40
x3004c0s1b0n0:44392:45626 [2] NCCL INFO transport/p2p.cc:449 Cuda Alloc Size 6291456 pointer 0x15084c000000
x3004c0s1b0n0:44396:45488 [3] NCCL INFO Connected all rings
x3004c0s1b0n0:44396:45488 [3] NCCL INFO Channel 00/0 : 3[c7000] -> 2[85000] via P2P/IPC/read
x3004c0s1b0n0:44396:45628 [3] NCCL INFO New proxy send connection 8 from local rank 3, transport 0
x3004c0s1b0n0:44392:45485 [2] NCCL INFO Connected all rings
x3004c0s1b0n0:44382:45625 [0] NCCL INFO New proxy recv connection 4 from local rank 0, transport 0
x3004c0s1b0n0:44392:45626 [2] NCCL INFO New proxy recv connection 8 from local rank 2, transport 0
x3004c0s1b0n0:44387:45624 [1] NCCL INFO transport/net_ib.cc:683 Ib Alloc Size 21688 pointer 0x148a3c01d000
x3004c0s1b0n0:44387:45624 [1] NCCL INFO transport/net_ib.cc:696 Ib Alloc Size 552 pointer 0x148a3c024000
x3004c0s1b0n0:44396:45488 [3] NCCL INFO Connection to proxy localRank 3 -> connection 0x147ed8000e80
x3004c0s1b0n0:44396:45628 [3] NCCL INFO transport/p2p.cc:430 Cuda Alloc Size 6291456 pointer 0x147ecf400000
x3004c0s1b0n0:44387:45624 [1] NCCL INFO transport/net_ib.cc:771 Ib Alloc Size 552 pointer 0x148a3c04b000
x3004c0s1b0n0:44387:45624 [1] NCCL INFO transport/net.cc:698 Cuda Host Alloc Size 9641984 pointer 0x148a36000000
x3004c0s1b0n0:44387:45624 [1] NCCL INFO Mem Realloc old size 0, new size 768 pointer 0x148a3c0406b0
x3004c0s1b0n0:44392:45485 [2] NCCL INFO Connection to proxy localRank 2 -> connection 0x150850000e80
x3004c0s1b0n0:44392:45626 [2] NCCL INFO transport/p2p.cc:449 Cuda Alloc Size 6291456 pointer 0x15084a000000
x3004c0s1b0n0:44396:45488 [3] NCCL INFO Channel 01/0 : 3[c7000] -> 2[85000] via P2P/IPC/read
x3004c0s1b0n0:44396:45628 [3] NCCL INFO New proxy send connection 9 from local rank 3, transport 0
x3004c0s1b0n0:44382:45455 [0] NCCL INFO Connection to proxy localRank 0 -> connection 0x152a6c000d80
x3004c0s1b0n0:44382:45625 [0] NCCL INFO transport/p2p.cc:449 Cuda Alloc Size 6291456 pointer 0x152a6b200000
x3004c0s1b0n0:44387:45624 [1] NCCL INFO transport/net_ib.cc:683 Ib Alloc Size 21688 pointer 0x148a3c04d000
x3004c0s1b0n0:44387:45624 [1] NCCL INFO transport/net_ib.cc:696 Ib Alloc Size 552 pointer 0x148a3c054000
x3004c0s1b0n0:44387:45624 [1] NCCL INFO transport/net_ib.cc:771 Ib Alloc Size 552 pointer 0x148a3c079000
x3004c0s1b0n0:44387:45624 [1] NCCL INFO transport/net.cc:698 Cuda Host Alloc Size 9641984 pointer 0x148a36a00000
x3004c0s1b0n0:44387:45624 [1] NCCL INFO Mem Realloc old size 0, new size 768 pointer 0x148a3c06e880
x3004c0s1b0n0:44396:45488 [3] NCCL INFO Connection to proxy localRank 3 -> connection 0x147ed8000ec0
x3004c0s1b0n0:44396:45628 [3] NCCL INFO transport/p2p.cc:430 Cuda Alloc Size 6291456 pointer 0x147ecfa00000
x3004c0s1b0n0:44382:45625 [0] NCCL INFO New proxy recv connection 5 from local rank 0, transport 0
x3004c0s1b0n0:44382:45455 [0] NCCL INFO Connection to proxy localRank 0 -> connection 0x152a6c000dc0
x3004c0s1b0n0:44392:45626 [2] NCCL INFO New proxy recv connection 9 from local rank 2, transport 0
x3004c0s1b0n0:44387:45624 [1] NCCL INFO transport/net_ib.cc:683 Ib Alloc Size 21688 pointer 0x148a3c07b000
x3004c0s1b0n0:44387:45624 [1] NCCL INFO transport/net_ib.cc:696 Ib Alloc Size 552 pointer 0x148a3c082000
x3004c0s1b0n0:44387:45624 [1] NCCL INFO transport/net_ib.cc:771 Ib Alloc Size 552 pointer 0x148a3c09d000
x3004c0s1b0n0:44387:45624 [1] NCCL INFO transport/net.cc:698 Cuda Host Alloc Size 9641984 pointer 0x148a37400000
x3004c0s1b0n0:44392:45485 [2] NCCL INFO Connection to proxy localRank 2 -> connection 0x150850000ec0
x3004c0s1b0n0:44392:45626 [2] NCCL INFO transport/p2p.cc:449 Cuda Alloc Size 6291456 pointer 0x15084a600000
x3004c0s1b0n0:44382:45625 [0] NCCL INFO transport/p2p.cc:449 Cuda Alloc Size 6291456 pointer 0x152a6b800000
x3004c0s1b0n0:44396:45488 [3] NCCL INFO Channel 02/0 : 3[c7000] -> 2[85000] via P2P/IPC/read
x3004c0s1b0n0:44396:45628 [3] NCCL INFO New proxy send connection 10 from local rank 3, transport 0
x3004c0s1b0n0:44387:45624 [1] NCCL INFO transport/net_ib.cc:683 Ib Alloc Size 21688 pointer 0x148a3c09f000
x3004c0s1b0n0:44382:45625 [0] NCCL INFO New proxy recv connection 6 from local rank 0, transport 0
x3004c0s1b0n0:44392:45626 [2] NCCL INFO New proxy recv connection 10 from local rank 2, transport 0
x3004c0s1b0n0:44387:45624 [1] NCCL INFO transport/net_ib.cc:696 Ib Alloc Size 552 pointer 0x148a3c0a6000
x3004c0s1b0n0:44382:45455 [0] NCCL INFO Connection to proxy localRank 0 -> connection 0x152a6c000e00
x3004c0s1b0n0:44382:45625 [0] NCCL INFO transport/p2p.cc:449 Cuda Alloc Size 6291456 pointer 0x152a68000000
x3004c0s1b0n0:44392:45485 [2] NCCL INFO Connection to proxy localRank 2 -> connection 0x150850000f00
x3004c0s1b0n0:44392:45626 [2] NCCL INFO transport/p2p.cc:449 Cuda Alloc Size 6291456 pointer 0x15084ac00000
x3004c0s1b0n0:44396:45488 [3] NCCL INFO Connection to proxy localRank 3 -> connection 0x147ed8000f00
x3004c0s1b0n0:44396:45628 [3] NCCL INFO transport/p2p.cc:430 Cuda Alloc Size 6291456 pointer 0x147ecc000000
x3004c0s1b0n0:44382:45625 [0] NCCL INFO New proxy recv connection 7 from local rank 0, transport 0
x3004c0s1b0n0:44392:45626 [2] NCCL INFO New proxy recv connection 11 from local rank 2, transport 0
x3004c0s1b0n0:44396:45488 [3] NCCL INFO Channel 03/0 : 3[c7000] -> 2[85000] via P2P/IPC/read
x3004c0s1b0n0:44396:45628 [3] NCCL INFO New proxy send connection 11 from local rank 3, transport 0
x3004c0s1b0n0:44387:45624 [1] NCCL INFO transport/net_ib.cc:771 Ib Alloc Size 552 pointer 0x148a3c0c1000
x3004c0s1b0n0:44387:45624 [1] NCCL INFO transport/net.cc:698 Cuda Host Alloc Size 9641984 pointer 0x148a2e000000
x3004c0s1b0n0:44387:45484 [1] NCCL INFO Channel 00/0 : 1[46000] -> 0[7000] via P2P/IPC/read
x3004c0s1b0n0:44382:45455 [0] NCCL INFO Connection to proxy localRank 0 -> connection 0x152a6c000e40
x3004c0s1b0n0:44382:45625 [0] NCCL INFO transport/p2p.cc:449 Cuda Alloc Size 6291456 pointer 0x152a68600000
x3004c0s1b0n0:44392:45485 [2] NCCL INFO Connection to proxy localRank 2 -> connection 0x150850000f40
x3004c0s1b0n0:44392:45626 [2] NCCL INFO transport/p2p.cc:449 Cuda Alloc Size 6291456 pointer 0x15084b200000
x3004c0s1b0n0:44396:45488 [3] NCCL INFO Connection to proxy localRank 3 -> connection 0x147ed8000f40
x3004c0s1b0n0:44396:45628 [3] NCCL INFO transport/p2p.cc:430 Cuda Alloc Size 6291456 pointer 0x147ecc600000
x3004c0s1b0n0:44387:45624 [1] NCCL INFO New proxy send connection 4 from local rank 1, transport 0
x3004c0s1b0n0:44387:45484 [1] NCCL INFO Connection to proxy localRank 1 -> connection 0x148a3c000d80
x3004c0s1b0n0:44387:45624 [1] NCCL INFO transport/p2p.cc:430 Cuda Alloc Size 6291456 pointer 0x148a2ea00000
x3004c0s1b0n0:44387:45484 [1] NCCL INFO Channel 01/0 : 1[46000] -> 0[7000] via P2P/IPC/read
x3004c0s1b0n0:44387:45624 [1] NCCL INFO New proxy send connection 5 from local rank 1, transport 0
x3004c0s1b0n0:44387:45484 [1] NCCL INFO Connection to proxy localRank 1 -> connection 0x148a3c000dc0
x3004c0s1b0n0:44387:45624 [1] NCCL INFO transport/p2p.cc:430 Cuda Alloc Size 6291456 pointer 0x148a2f000000
x3004c0s1b0n0:44387:45484 [1] NCCL INFO Channel 02/0 : 1[46000] -> 0[7000] via P2P/IPC/read
x3004c0s1b0n0:44387:45624 [1] NCCL INFO New proxy send connection 6 from local rank 1, transport 0
x3004c0s1b0n0:44387:45484 [1] NCCL INFO Connection to proxy localRank 1 -> connection 0x148a3c000e00
x3004c0s1b0n0:44387:45624 [1] NCCL INFO transport/p2p.cc:430 Cuda Alloc Size 6291456 pointer 0x148a2f600000
x3004c0s1b0n0:44387:45484 [1] NCCL INFO Channel 03/0 : 1[46000] -> 0[7000] via P2P/IPC/read
x3004c0s1b0n0:44387:45624 [1] NCCL INFO New proxy send connection 7 from local rank 1, transport 0
x3004c0s1b0n0:44387:45484 [1] NCCL INFO Connection to proxy localRank 1 -> connection 0x148a3c000e40
x3004c0s1b0n0:44387:45624 [1] NCCL INFO transport/p2p.cc:430 Cuda Alloc Size 6291456 pointer 0x148a41a00000
x3004c0s1b0n0:44387:45484 [1] NCCL INFO Connected all rings
x3004c0s1b0n0:44382:45455 [0] NCCL INFO Connected all rings
x3004c0s1b0n0:44382:45455 [0] NCCL INFO Channel 00/0 : 0[7000] -> 1[46000] via P2P/IPC/read
x3004c0s1b0n0:44382:45625 [0] NCCL INFO New proxy send connection 8 from local rank 0, transport 0
x3004c0s1b0n0:44387:45624 [1] NCCL INFO New proxy recv connection 8 from local rank 1, transport 0
x3004c0s1b0n0:44387:45484 [1] NCCL INFO Connection to proxy localRank 1 -> connection 0x148a3c000e80
x3004c0s1b0n0:44382:45455 [0] NCCL INFO Connection to proxy localRank 0 -> connection 0x152a6c000e80
x3004c0s1b0n0:44382:45625 [0] NCCL INFO transport/p2p.cc:430 Cuda Alloc Size 6291456 pointer 0x152a66600000
x3004c0s1b0n0:44382:45455 [0] NCCL INFO Channel 01/0 : 0[7000] -> 1[46000] via P2P/IPC/read
x3004c0s1b0n0:44387:45624 [1] NCCL INFO transport/p2p.cc:449 Cuda Alloc Size 6291456 pointer 0x148a2d800000
x3004c0s1b0n0:44382:45625 [0] NCCL INFO New proxy send connection 9 from local rank 0, transport 0
x3004c0s1b0n0:44387:45624 [1] NCCL INFO New proxy recv connection 9 from local rank 1, transport 0
x3004c0s1b0n0:44387:45484 [1] NCCL INFO Connection to proxy localRank 1 -> connection 0x148a3c000ec0
x3004c0s1b0n0:44387:45624 [1] NCCL INFO transport/p2p.cc:449 Cuda Alloc Size 6291456 pointer 0x148a2a000000
x3004c0s1b0n0:44382:45455 [0] NCCL INFO Connection to proxy localRank 0 -> connection 0x152a6c000ec0
x3004c0s1b0n0:44382:45625 [0] NCCL INFO transport/p2p.cc:430 Cuda Alloc Size 6291456 pointer 0x152a66c00000
x3004c0s1b0n0:44387:45624 [1] NCCL INFO New proxy recv connection 10 from local rank 1, transport 0
x3004c0s1b0n0:44382:45455 [0] NCCL INFO Channel 02/0 : 0[7000] -> 1[46000] via P2P/IPC/read
x3004c0s1b0n0:44382:45625 [0] NCCL INFO New proxy send connection 10 from local rank 0, transport 0
x3004c0s1b0n0:44387:45484 [1] NCCL INFO Connection to proxy localRank 1 -> connection 0x148a3c000f00
x3004c0s1b0n0:44387:45624 [1] NCCL INFO transport/p2p.cc:449 Cuda Alloc Size 6291456 pointer 0x148a2a600000
x3004c0s1b0n0:44382:45455 [0] NCCL INFO Connection to proxy localRank 0 -> connection 0x152a6c000f00
x3004c0s1b0n0:44382:45625 [0] NCCL INFO transport/p2p.cc:430 Cuda Alloc Size 6291456 pointer 0x152a67200000
x3004c0s1b0n0:44382:45455 [0] NCCL INFO Channel 03/0 : 0[7000] -> 1[46000] via P2P/IPC/read
x3004c0s1b0n0:44382:45625 [0] NCCL INFO New proxy send connection 11 from local rank 0, transport 0
x3004c0s1b0n0:44382:45455 [0] NCCL INFO Connection to proxy localRank 0 -> connection 0x152a6c000f40
x3004c0s1b0n0:44387:45624 [1] NCCL INFO New proxy recv connection 11 from local rank 1, transport 0
x3004c0s1b0n0:44382:45625 [0] NCCL INFO transport/p2p.cc:430 Cuda Alloc Size 6291456 pointer 0x152a67800000
x3004c0s1b0n0:44387:45484 [1] NCCL INFO Connection to proxy localRank 1 -> connection 0x148a3c000f40
x3004c0s1b0n0:44387:45624 [1] NCCL INFO transport/p2p.cc:449 Cuda Alloc Size 6291456 pointer 0x148a2ac00000
x3004c0s1b0n0:44387:45484 [1] NCCL INFO Channel 00/0 : 1[46000] -> 2[85000] via P2P/IPC/read
x3004c0s1b0n0:44387:45624 [1] NCCL INFO New proxy send connection 12 from local rank 1, transport 0
x3004c0s1b0n0:44387:45484 [1] NCCL INFO Connection to proxy localRank 1 -> connection 0x148a3c000f80
x3004c0s1b0n0:44387:45624 [1] NCCL INFO transport/p2p.cc:430 Cuda Alloc Size 6291456 pointer 0x148a2b200000
x3004c0s1b0n0:44387:45484 [1] NCCL INFO Channel 01/0 : 1[46000] -> 2[85000] via P2P/IPC/read
x3004c0s1b0n0:44387:45624 [1] NCCL INFO New proxy send connection 13 from local rank 1, transport 0
x3004c0s1b0n0:44387:45484 [1] NCCL INFO Connection to proxy localRank 1 -> connection 0x148a3c000fc0
x3004c0s1b0n0:44387:45624 [1] NCCL INFO transport/p2p.cc:430 Cuda Alloc Size 6291456 pointer 0x148a2b800000
x3004c0s1b0n0:44387:45484 [1] NCCL INFO Channel 02/0 : 1[46000] -> 2[85000] via P2P/IPC/read
x3004c0s1b0n0:44387:45624 [1] NCCL INFO New proxy send connection 14 from local rank 1, transport 0
x3004c0s1b0n0:44387:45484 [1] NCCL INFO Connection to proxy localRank 1 -> connection 0x148a3c001000
x3004c0s1b0n0:44387:45624 [1] NCCL INFO transport/p2p.cc:430 Cuda Alloc Size 6291456 pointer 0x148a28000000
x3004c0s1b0n0:44387:45484 [1] NCCL INFO Channel 03/0 : 1[46000] -> 2[85000] via P2P/IPC/read
x3004c0s1b0n0:44387:45624 [1] NCCL INFO New proxy send connection 15 from local rank 1, transport 0
x3004c0s1b0n0:44387:45484 [1] NCCL INFO Connection to proxy localRank 1 -> connection 0x148a3c001040
x3004c0s1b0n0:44387:45624 [1] NCCL INFO transport/p2p.cc:430 Cuda Alloc Size 6291456 pointer 0x148a28600000
x3004c0s1b0n0:44387:45484 [1] NCCL INFO GPU Direct RDMA Disabled for GPU 46000 / HCA 1 (distance 6 > 4)
x3004c0s1b0n0:44382:45455 [0] NCCL INFO GPU Direct RDMA Disabled for GPU 7000 / HCA 1 (distance 7 > 4)
x3004c0s1b0n0:44382:45625 [0] NCCL INFO Allocated 4194656 bytes of shared memory in /dev/shm/nccl-SPylsa

x3004c0s1b0n0:44382:45625 [0] NCCL INFO New proxy recv connection 12 from local rank 0, transport 2
x3004c0s1b0n0:44387:45624 [1] NCCL INFO New proxy recv connection 16 from local rank 1, transport 2
x3004c0s1b0n0:44392:45626 [2] NCCL INFO New proxy recv connection 12 from local rank 2, transport 0
x3004c0s1b0n0:44382:45455 [0] NCCL INFO Connection to proxy localRank 0 -> connection 0x152a6c000f80
x3004c0s1b0n0:44392:45485 [2] NCCL INFO Connection to proxy localRank 2 -> connection 0x150850000f80
x3004c0s1b0n0:44392:45626 [2] NCCL INFO transport/p2p.cc:449 Cuda Alloc Size 6291456 pointer 0x150849200000
x3004c0s1b0n0:44387:45484 [1] NCCL INFO Connection to proxy localRank 1 -> connection 0x148a3c001080
x3004c0s1b0n0:44382:45455 [0] NCCL INFO Channel 00/0 : 16[7000] -> 0[7000] [receive] via NET/IB/1
x3004c0s1b0n0:44382:45455 [0] NCCL INFO GPU Direct RDMA Disabled for GPU 7000 / HCA 0 (distance 7 > 4)
x3004c0s1b0n0:44382:45625 [0] NCCL INFO New proxy recv connection 13 from local rank 0, transport 2
x3004c0s1b0n0:44387:45484 [1] NCCL INFO Channel 02/0 : 12[7000] -> 1[46000] [receive] via NET/IB/1
x3004c0s1b0n0:44387:45484 [1] NCCL INFO GPU Direct RDMA Disabled for GPU 46000 / HCA 0 (distance 7 > 4)
x3004c0s1b0n0:44387:45624 [1] NCCL INFO New proxy recv connection 17 from local rank 1, transport 2
x3004c0s1b0n0:44392:45626 [2] NCCL INFO New proxy recv connection 13 from local rank 2, transport 0
x3004c0s1b0n0:44382:45455 [0] NCCL INFO Connection to proxy localRank 0 -> connection 0x152a6c000fc0
x3004c0s1b0n0:44392:45485 [2] NCCL INFO Connection to proxy localRank 2 -> connection 0x150850000fc0
x3004c0s1b0n0:44392:45626 [2] NCCL INFO transport/p2p.cc:449 Cuda Alloc Size 6291456 pointer 0x150849800000
x3004c0s1b0n0:44387:45484 [1] NCCL INFO Connection to proxy localRank 1 -> connection 0x148a3c0010c0
x3004c0s1b0n0:44382:45455 [0] NCCL INFO Channel 01/0 : 16[7000] -> 0[7000] [receive] via NET/IB/0
x3004c0s1b0n0:44382:45455 [0] NCCL INFO GPU Direct RDMA Disabled for GPU 7000 / HCA 1 (distance 7 > 4)
x3004c0s1b0n0:44382:45625 [0] NCCL INFO New proxy send connection 14 from local rank 0, transport 2
x3004c0s1b0n0:44387:45484 [1] NCCL INFO Channel 03/0 : 12[7000] -> 1[46000] [receive] via NET/IB/0
x3004c0s1b0n0:44392:45626 [2] NCCL INFO New proxy recv connection 14 from local rank 2, transport 0
x3004c0s1b0n0:44382:45455 [0] NCCL INFO Connection to proxy localRank 0 -> connection 0x152a6c001000
x3004c0s1b0n0:44382:45455 [0] NCCL INFO Channel 02/0 : 0[7000] -> 4[7000] [send] via NET/IB/1
x3004c0s1b0n0:44382:45455 [0] NCCL INFO GPU Direct RDMA Disabled for GPU 7000 / HCA 0 (distance 7 > 4)
x3004c0s1b0n0:44382:45625 [0] NCCL INFO New proxy send connection 15 from local rank 0, transport 2
x3004c0s1b0n0:44392:45485 [2] NCCL INFO Connection to proxy localRank 2 -> connection 0x150850001000
x3004c0s1b0n0:44392:45626 [2] NCCL INFO transport/p2p.cc:449 Cuda Alloc Size 6291456 pointer 0x150846000000
x3004c0s1b0n0:44382:45455 [0] NCCL INFO Connection to proxy localRank 0 -> connection 0x152a6c001040
x3004c0s1b0n0:44382:45455 [0] NCCL INFO Channel 03/0 : 0[7000] -> 4[7000] [send] via NET/IB/0
x3004c0s1b0n0:44392:45626 [2] NCCL INFO New proxy recv connection 15 from local rank 2, transport 0
x3004c0s1b0n0:44392:45485 [2] NCCL INFO Connection to proxy localRank 2 -> connection 0x150850001040
x3004c0s1b0n0:44382:45625 [0] NCCL INFO transport/net_ib.cc:596 Ib Alloc Size 26560 pointer 0x152a6c026000
x3004c0s1b0n0:44382:45625 [0] NCCL INFO NET/IB: Dev 1 Port 1 qpn 12327 mtu 5 GID 0 (80FE/AF0100FEFF000000)
x3004c0s1b0n0:44382:45625 [0] NCCL INFO transport/net_ib.cc:653 Ib Alloc Size 552 pointer 0x152a6c048000
x3004c0s1b0n0:44382:45625 [0] NCCL INFO transport/net.cc:571 Cuda Host Alloc Size 9641984 pointer 0x152a5e000000
x3004c0s1b0n0:44382:45625 [0] NCCL INFO Mem Realloc old size 0, new size 768 pointer 0x152a6c035260
x3004c0s1b0n0:44382:45625 [0] NCCL INFO transport/net_ib.cc:596 Ib Alloc Size 26560 pointer 0x152a6c04a000
x3004c0s1b0n0:44392:45626 [2] NCCL INFO transport/p2p.cc:449 Cuda Alloc Size 6291456 pointer 0x150846600000
x3004c0s1b0n0:44382:45625 [0] NCCL INFO NET/IB: Dev 0 Port 1 qpn 12946 mtu 5 GID 0 (80FE/EA0100FEFF000000)
x3004c0s1b0n0:44382:45625 [0] NCCL INFO transport/net_ib.cc:653 Ib Alloc Size 552 pointer 0x152a6c06b000
x3004c0s1b0n0:44382:45625 [0] NCCL INFO transport/net.cc:571 Cuda Host Alloc Size 9641984 pointer 0x152a5ea00000
x3004c0s1b0n0:44382:45625 [0] NCCL INFO Mem Realloc old size 0, new size 768 pointer 0x152a6c058940
x3004c0s1b0n0:44392:45485 [2] NCCL INFO Channel 00/0 : 2[85000] -> 1[46000] via P2P/IPC/read
x3004c0s1b0n0:44392:45626 [2] NCCL INFO New proxy send connection 16 from local rank 2, transport 0
x3004c0s1b0n0:44392:45485 [2] NCCL INFO Connection to proxy localRank 2 -> connection 0x150850001080
x3004c0s1b0n0:44392:45626 [2] NCCL INFO transport/p2p.cc:430 Cuda Alloc Size 6291456 pointer 0x150846c00000
x3004c0s1b0n0:44382:45625 [0] NCCL INFO transport/net_ib.cc:683 Ib Alloc Size 21688 pointer 0x152a6c06d000
x3004c0s1b0n0:44382:45625 [0] NCCL INFO transport/net_ib.cc:696 Ib Alloc Size 552 pointer 0x152a6c074000
x3004c0s1b0n0:44392:45485 [2] NCCL INFO Channel 01/0 : 2[85000] -> 1[46000] via P2P/IPC/read
x3004c0s1b0n0:44392:45626 [2] NCCL INFO New proxy send connection 17 from local rank 2, transport 0
x3004c0s1b0n0:44392:45485 [2] NCCL INFO Connection to proxy localRank 2 -> connection 0x1508500010c0
x3004c0s1b0n0:44382:45625 [0] NCCL INFO transport/net_ib.cc:771 Ib Alloc Size 552 pointer 0x152a6c090000
x3004c0s1b0n0:44382:45625 [0] NCCL INFO transport/net.cc:698 Cuda Host Alloc Size 9641984 pointer 0x152a5f400000
x3004c0s1b0n0:44392:45626 [2] NCCL INFO transport/p2p.cc:430 Cuda Alloc Size 6291456 pointer 0x150847200000
x3004c0s1b0n0:44382:45625 [0] NCCL INFO transport/net_ib.cc:683 Ib Alloc Size 21688 pointer 0x152a6c092000
x3004c0s1b0n0:44382:45625 [0] NCCL INFO transport/net_ib.cc:696 Ib Alloc Size 552 pointer 0x152a6c099000
x3004c0s1b0n0:44382:45625 [0] NCCL INFO transport/net_ib.cc:771 Ib Alloc Size 552 pointer 0x152a6c0b4000
x3004c0s1b0n0:44382:45625 [0] NCCL INFO transport/net.cc:698 Cuda Host Alloc Size 9641984 pointer 0x152a5c000000
x3004c0s1b0n0:44392:45485 [2] NCCL INFO Channel 02/0 : 2[85000] -> 1[46000] via P2P/IPC/read
x3004c0s1b0n0:44392:45626 [2] NCCL INFO New proxy send connection 18 from local rank 2, transport 0
x3004c0s1b0n0:44382:45455 [0] NCCL INFO GPU Direct RDMA Disabled for GPU 7000 / HCA 1 (distance 7 > 4)
x3004c0s1b0n0:44382:45625 [0] NCCL INFO New proxy recv connection 16 from local rank 0, transport 2
x3004c0s1b0n0:44392:45485 [2] NCCL INFO Connection to proxy localRank 2 -> connection 0x150850001100
x3004c0s1b0n0:44392:45626 [2] NCCL INFO transport/p2p.cc:430 Cuda Alloc Size 6291456 pointer 0x150847800000
x3004c0s1b0n0:44382:45455 [0] NCCL INFO Connection to proxy localRank 0 -> connection 0x152a6c001080
x3004c0s1b0n0:44392:45485 [2] NCCL INFO Channel 03/0 : 2[85000] -> 1[46000] via P2P/IPC/read
x3004c0s1b0n0:44392:45626 [2] NCCL INFO New proxy send connection 19 from local rank 2, transport 0
x3004c0s1b0n0:44382:45455 [0] NCCL INFO Channel 02/0 : 4[7000] -> 0[7000] [receive] via NET/IB/1
x3004c0s1b0n0:44382:45455 [0] NCCL INFO GPU Direct RDMA Disabled for GPU 7000 / HCA 0 (distance 7 > 4)
x3004c0s1b0n0:44382:45625 [0] NCCL INFO New proxy recv connection 17 from local rank 0, transport 2
x3004c0s1b0n0:44382:45455 [0] NCCL INFO Connection to proxy localRank 0 -> connection 0x152a6c0010c0
x3004c0s1b0n0:44382:45455 [0] NCCL INFO Channel 03/0 : 4[7000] -> 0[7000] [receive] via NET/IB/0
x3004c0s1b0n0:44382:45455 [0] NCCL INFO GPU Direct RDMA Disabled for GPU 7000 / HCA 1 (distance 7 > 4)
x3004c0s1b0n0:44382:45625 [0] NCCL INFO New proxy send connection 18 from local rank 0, transport 2
x3004c0s1b0n0:44392:45485 [2] NCCL INFO Connection to proxy localRank 2 -> connection 0x150850001140
x3004c0s1b0n0:44392:45626 [2] NCCL INFO transport/p2p.cc:430 Cuda Alloc Size 6291456 pointer 0x150844000000
x3004c0s1b0n0:44396:45488 [3] NCCL INFO Connected all trees by HAO
x3004c0s1b0n0:44396:45488 [3] NCCL INFO threadThresholds 8/8/64 | 160/8/64 | 512 | 512
x3004c0s1b0n0:44396:45488 [3] NCCL INFO 4 coll channels, 4 p2p channels, 2 p2p channels per peer
x3004c0s1b0n0:44396:45628 [3] NCCL INFO New proxy send connection 12 from local rank 3, transport 2
x3004c0s1b0n0:44382:45455 [0] NCCL INFO Connection to proxy localRank 0 -> connection 0x152a6c001100
x3004c0s1b0n0:44382:45455 [0] NCCL INFO Channel 00/0 : 0[7000] -> 16[7000] [send] via NET/IB/1
x3004c0s1b0n0:44382:45455 [0] NCCL INFO GPU Direct RDMA Disabled for GPU 7000 / HCA 0 (distance 7 > 4)
x3004c0s1b0n0:44382:45625 [0] NCCL INFO New proxy send connection 19 from local rank 0, transport 2
x3004c0s1b0n0:44382:45455 [0] NCCL INFO Connection to proxy localRank 0 -> connection 0x152a6c001140
x3004c0s1b0n0:44382:45455 [0] NCCL INFO Channel 01/0 : 0[7000] -> 16[7000] [send] via NET/IB/0
x3004c0s1b0n0:44396:45488 [3] NCCL INFO Connection to proxy localRank 3 -> connection 0x147ed8000f80
x3004c0s1b0n0:44387:45624 [1] NCCL INFO transport/net_ib.cc:683 Ib Alloc Size 21688 pointer 0x148a3c0d2000
x3004c0s1b0n0:44387:45624 [1] NCCL INFO transport/net_ib.cc:696 Ib Alloc Size 552 pointer 0x148a3c019000
x3004c0s1b0n0:44396:45628 [3] NCCL INFO transport/net.cc:376 Cuda Alloc Size 8388608 pointer 0x147eca600000
x3004c0s1b0n0:44387:45624 [1] NCCL INFO transport/net_ib.cc:771 Ib Alloc Size 552 pointer 0x148a3c0f2000
x3004c0s1b0n0:44387:45624 [1] NCCL INFO transport/net.cc:698 Cuda Host Alloc Size 9641984 pointer 0x148a24000000
x3004c0s1b0n0:44387:45624 [1] NCCL INFO transport/net_ib.cc:683 Ib Alloc Size 21688 pointer 0x148a3c0f4000
x3004c0s1b0n0:44387:45624 [1] NCCL INFO transport/net_ib.cc:696 Ib Alloc Size 552 pointer 0x148a3c0fb000
x3004c0s1b0n0:44387:45624 [1] NCCL INFO transport/net_ib.cc:771 Ib Alloc Size 552 pointer 0x148a3c116000
x3004c0s1b0n0:44387:45624 [1] NCCL INFO transport/net.cc:698 Cuda Host Alloc Size 9641984 pointer 0x148a24a00000
x3004c0s1b0n0:44387:45484 [1] NCCL INFO GPU Direct RDMA Disabled for GPU 46000 / HCA 1 (distance 6 > 4)
x3004c0s1b0n0:44387:45624 [1] NCCL INFO New proxy send connection 18 from local rank 1, transport 2
x3004c0s1b0n0:44387:45484 [1] NCCL INFO Connection to proxy localRank 1 -> connection 0x148a3c001100
x3004c0s1b0n0:44387:45484 [1] NCCL INFO Channel 02/0 : 1[46000] -> 12[7000] [send] via NET/IB/1
x3004c0s1b0n0:44387:45484 [1] NCCL INFO GPU Direct RDMA Disabled for GPU 46000 / HCA 0 (distance 7 > 4)
x3004c0s1b0n0:44387:45624 [1] NCCL INFO New proxy send connection 19 from local rank 1, transport 2
x3004c0s1b0n0:44387:45484 [1] NCCL INFO Connection to proxy localRank 1 -> connection 0x148a3c001140
x3004c0s1b0n0:44387:45484 [1] NCCL INFO Channel 03/0 : 1[46000] -> 12[7000] [send] via NET/IB/0
x3004c0s1b0n0:44382:45625 [0] NCCL INFO transport/net_ib.cc:596 Ib Alloc Size 26560 pointer 0x152a6c0ca000
x3004c0s1b0n0:44382:45625 [0] NCCL INFO NET/IB: Dev 1 Port 1 qpn 12332 mtu 5 GID 0 (80FE/AF0100FEFF000000)
x3004c0s1b0n0:44382:45625 [0] NCCL INFO transport/net_ib.cc:653 Ib Alloc Size 552 pointer 0x152a6c0e1000
x3004c0s1b0n0:44382:45625 [0] NCCL INFO transport/net.cc:571 Cuda Host Alloc Size 9641984 pointer 0x152a5ca00000
x3004c0s1b0n0:44382:45625 [0] NCCL INFO transport/net_ib.cc:596 Ib Alloc Size 26560 pointer 0x152a6c0e3000
x3004c0s1b0n0:44382:45625 [0] NCCL INFO NET/IB: Dev 0 Port 1 qpn 12951 mtu 5 GID 0 (80FE/EA0100FEFF000000)
x3004c0s1b0n0:44382:45625 [0] NCCL INFO transport/net_ib.cc:653 Ib Alloc Size 552 pointer 0x152a6c0fa000
x3004c0s1b0n0:44382:45625 [0] NCCL INFO transport/net.cc:571 Cuda Host Alloc Size 9641984 pointer 0x152a5d400000
x3004c0s1b0n0:44382:45625 [0] NCCL INFO transport/net_ib.cc:683 Ib Alloc Size 21688 pointer 0x152a6c0fc000
x3004c0s1b0n0:44382:45625 [0] NCCL INFO transport/net_ib.cc:696 Ib Alloc Size 552 pointer 0x152a6c103000
x3004c0s1b0n0:44382:45625 [0] NCCL INFO transport/net_ib.cc:771 Ib Alloc Size 552 pointer 0x152a6c11e000
x3004c0s1b0n0:44382:45625 [0] NCCL INFO transport/net.cc:698 Cuda Host Alloc Size 9641984 pointer 0x152a5a000000
x3004c0s1b0n0:44387:45624 [1] NCCL INFO transport/net_ib.cc:596 Ib Alloc Size 26560 pointer 0x148a3c122000
x3004c0s1b0n0:44382:45625 [0] NCCL INFO transport/net_ib.cc:683 Ib Alloc Size 21688 pointer 0x152a6c120000
x3004c0s1b0n0:44382:45625 [0] NCCL INFO transport/net_ib.cc:696 Ib Alloc Size 552 pointer 0x152a6c127000
x3004c0s1b0n0:44387:45624 [1] NCCL INFO NET/IB: Dev 1 Port 1 qpn 12335 mtu 5 GID 0 (80FE/AF0100FEFF000000)
x3004c0s1b0n0:44387:45624 [1] NCCL INFO transport/net_ib.cc:653 Ib Alloc Size 552 pointer 0x148a3c139000
x3004c0s1b0n0:44387:45624 [1] NCCL INFO transport/net.cc:571 Cuda Host Alloc Size 9641984 pointer 0x148a25400000
x3004c0s1b0n0:44387:45624 [1] NCCL INFO transport/net_ib.cc:596 Ib Alloc Size 26560 pointer 0x148a3c13b000
x3004c0s1b0n0:44382:45625 [0] NCCL INFO transport/net_ib.cc:771 Ib Alloc Size 552 pointer 0x152a6c142000
x3004c0s1b0n0:44382:45625 [0] NCCL INFO transport/net.cc:698 Cuda Host Alloc Size 9641984 pointer 0x152a5aa00000
x3004c0s1b0n0:44387:45624 [1] NCCL INFO NET/IB: Dev 0 Port 1 qpn 12954 mtu 5 GID 0 (80FE/EA0100FEFF000000)
x3004c0s1b0n0:44387:45624 [1] NCCL INFO transport/net_ib.cc:653 Ib Alloc Size 552 pointer 0x148a3c152000
x3004c0s1b0n0:44387:45624 [1] NCCL INFO transport/net.cc:571 Cuda Host Alloc Size 9641984 pointer 0x148a22000000
x3004c0s1b0n0:44382:45455 [0] NCCL INFO Connected all trees by HAO
x3004c0s1b0n0:44382:45455 [0] NCCL INFO Latency/AlgBw |    Tree/    LL |    Tree/ LL128 |    Tree/Simple |    Ring/    LL |    Ring/ LL128 |    Ring/Simple | CollNetDirect/    LL | CollNetDirect/ LL128 | CollNetDirect/Simple | CollNetChain/    LL | CollNetChain/ LL128 | CollNetChain/Simple |
x3004c0s1b0n0:44382:45455 [0] NCCL INFO  Max NThreads |            512 |            640 |            512 |            512 |            640 |            512 |              0 |              0 |            512 |              0 |              0 |            512 |
x3004c0s1b0n0:44382:45455 [0] NCCL INFO     Broadcast |     0.0/   0.0 |     0.0/   0.0 |     0.0/   0.0 |     6.3/   6.0 |    14.0/   0.0 |    18.0/  24.0 |     0.0/   0.0 |     0.0/   0.0 |     0.0/   0.0 |     0.0/   0.0 |     0.0/   0.0 |     0.0/   0.0 |
x3004c0s1b0n0:44382:45455 [0] NCCL INFO        Reduce |     0.0/   0.0 |     0.0/   0.0 |     0.0/   0.0 |     6.3/   6.0 |    14.0/   0.0 |    18.0/  24.0 |     0.0/   0.0 |     0.0/   0.0 |     0.0/   0.0 |     0.0/   0.0 |     0.0/   0.0 |     0.0/   0.0 |
x3004c0s1b0n0:44382:45455 [0] NCCL INFO     AllGather |     0.0/   0.0 |     0.0/   0.0 |     0.0/   0.0 |    27.1/   6.3 |    54.5/   0.0 |    97.8/  25.3 |     0.0/   0.0 |     0.0/   0.0 |     0.0/   0.0 |     0.0/   0.0 |     0.0/   0.0 |     0.0/   0.0 |
x3004c0s1b0n0:44382:45455 [0] NCCL INFO ReduceScatter |     0.0/   0.0 |     0.0/   0.0 |     0.0/   0.0 |    27.1/   6.3 |    54.5/   0.0 |    97.8/  25.3 |     0.0/   0.0 |     0.0/   0.0 |     0.0/   0.0 |     0.0/   0.0 |     0.0/   0.0 |     0.0/   0.0 |
x3004c0s1b0n0:44382:45455 [0] NCCL INFO     AllReduce |    30.0/   2.9 |    45.9/   0.0 |   280.0/  11.0 |    54.3/   3.2 |   103.2/   0.0 |   199.6/  12.6 |     7.4/   0.0 |     7.4/   0.0 |    29.7/   0.0 |     4.4/   0.0 |     4.4/   0.0 |    48.0/   0.0 |
x3004c0s1b0n0:44382:45455 [0] NCCL INFO threadThresholds 8/8/64 | 160/8/64 | 512 | 512
x3004c0s1b0n0:44382:45455 [0] NCCL INFO 4 coll channels, 4 p2p channels, 2 p2p channels per peer
x3004c0s1b0n0:44382:45625 [0] NCCL INFO New proxy send connection 20 from local rank 0, transport 2
x3004c0s1b0n0:44387:45624 [1] NCCL INFO New proxy recv connection 20 from local rank 1, transport 0
x3004c0s1b0n0:44382:45455 [0] NCCL INFO Connection to proxy localRank 0 -> connection 0x152a6c001180
x3004c0s1b0n0:44382:45625 [0] NCCL INFO transport/net.cc:376 Cuda Alloc Size 8388608 pointer 0x152a5b400000
x3004c0s1b0n0:44387:45484 [1] NCCL INFO Connection to proxy localRank 1 -> connection 0x148a3c001180
x3004c0s1b0n0:44387:45624 [1] NCCL INFO transport/p2p.cc:449 Cuda Alloc Size 6291456 pointer 0x148a22a00000
x3004c0s1b0n0:44387:45624 [1] NCCL INFO New proxy recv connection 21 from local rank 1, transport 0
x3004c0s1b0n0:44387:45484 [1] NCCL INFO Connection to proxy localRank 1 -> connection 0x148a3c0011c0
x3004c0s1b0n0:44387:45624 [1] NCCL INFO transport/p2p.cc:449 Cuda Alloc Size 6291456 pointer 0x148a23000000
x3004c0s1b0n0:44387:45624 [1] NCCL INFO New proxy recv connection 22 from local rank 1, transport 0
x3004c0s1b0n0:44387:45484 [1] NCCL INFO Connection to proxy localRank 1 -> connection 0x148a3c001200
x3004c0s1b0n0:44387:45624 [1] NCCL INFO transport/p2p.cc:449 Cuda Alloc Size 6291456 pointer 0x148a23600000
x3004c0s1b0n0:44387:45624 [1] NCCL INFO New proxy recv connection 23 from local rank 1, transport 0
x3004c0s1b0n0:44387:45484 [1] NCCL INFO Connection to proxy localRank 1 -> connection 0x148a3c001240
x3004c0s1b0n0:44387:45624 [1] NCCL INFO transport/p2p.cc:449 Cuda Alloc Size 6291456 pointer 0x148a20000000
x3004c0s1b0n0:44387:45484 [1] NCCL INFO Connected all trees by HAO
x3004c0s1b0n0:44387:45484 [1] NCCL INFO threadThresholds 8/8/64 | 160/8/64 | 512 | 512
x3004c0s1b0n0:44387:45484 [1] NCCL INFO 4 coll channels, 4 p2p channels, 2 p2p channels per peer
x3004c0s1b0n0:44387:45624 [1] NCCL INFO New proxy send connection 24 from local rank 1, transport 2
x3004c0s1b0n0:44392:45485 [2] NCCL INFO Connected all trees by HAO
x3004c0s1b0n0:44392:45485 [2] NCCL INFO threadThresholds 8/8/64 | 160/8/64 | 512 | 512
x3004c0s1b0n0:44392:45485 [2] NCCL INFO 4 coll channels, 4 p2p channels, 2 p2p channels per peer
x3004c0s1b0n0:44392:45626 [2] NCCL INFO Allocated 4194656 bytes of shared memory in /dev/shm/nccl-7treHS

x3004c0s1b0n0:44392:45626 [2] NCCL INFO New proxy send connection 20 from local rank 2, transport 2
x3004c0s1b0n0:44387:45484 [1] NCCL INFO Connection to proxy localRank 1 -> connection 0x148a3c001280
x3004c0s1b0n0:44387:45624 [1] NCCL INFO transport/net.cc:376 Cuda Alloc Size 8388608 pointer 0x148a1e000000
x3004c0s1b0n0:44392:45485 [2] NCCL INFO Connection to proxy localRank 2 -> connection 0x150850001180
x3004c0s1b0n0:44392:45485 [2] NCCL INFO init.cc:367 Cuda Alloc Size 5168 pointer 0x15085f808800
x3004c0s1b0n0:44396:45488 [3] NCCL INFO init.cc:367 Cuda Alloc Size 5168 pointer 0x147ee7808800
x3004c0s1b0n0:44387:45484 [1] NCCL INFO init.cc:367 Cuda Alloc Size 5168 pointer 0x148a41808800
x3004c0s1b0n0:44382:45455 [0] NCCL INFO init.cc:367 Cuda Alloc Size 5168 pointer 0x152a7ba08800
x3004c0s1b0n0:44396:45488 [3] NCCL INFO init.cc:392 Cuda Host Alloc Size 33554432 pointer 0x147ec8000000
x3004c0s1b0n0:44396:45488 [3] NCCL INFO init.cc:398 Cuda Host Alloc Size 128 pointer 0x147ee6e00200
x3004c0s1b0n0:44396:45488 [3] NCCL INFO comm 0x558da87aea50 rank 3 nranks 20 cudaDev 3 busId c7000 - Init COMPLETE
x3004c0s1b0n0:44387:45484 [1] NCCL INFO init.cc:392 Cuda Host Alloc Size 33554432 pointer 0x148a1c000000
x3004c0s1b0n0:44387:45484 [1] NCCL INFO init.cc:398 Cuda Host Alloc Size 128 pointer 0x148a40e00200
x3004c0s1b0n0:44387:45484 [1] NCCL INFO comm 0x5563f914bc20 rank 1 nranks 20 cudaDev 1 busId 46000 - Init COMPLETE
x3004c0s1b0n0:44382:45455 [0] NCCL INFO init.cc:392 Cuda Host Alloc Size 33554432 pointer 0x152a58000000
x3004c0s1b0n0:44382:45455 [0] NCCL INFO init.cc:398 Cuda Host Alloc Size 128 pointer 0x152a7b000200
x3004c0s1b0n0:44382:45455 [0] NCCL INFO comm 0x55e953c74540 rank 0 nranks 20 cudaDev 0 busId 7000 - Init COMPLETE
x3004c0s1b0n0:44392:45485 [2] NCCL INFO init.cc:392 Cuda Host Alloc Size 33554432 pointer 0x15083a000000
x3004c0s1b0n0:44392:45485 [2] NCCL INFO init.cc:398 Cuda Host Alloc Size 128 pointer 0x15085ee00200
x3004c0s1b0n0:44392:45485 [2] NCCL INFO comm 0x55b4a3a95d10 rank 2 nranks 20 cudaDev 2 busId 85000 - Init COMPLETE
x3004c0s1b0n0:44392:45626 [2] NCCL INFO transport/net.cc:376 Cuda Alloc Size 8388608 pointer 0x150843800000
[Hao INFO in ncclAllReduce (all_reduce.cc)] rank 0 ncclAllReduce: count: 1, datatype: ncclUint8, message size: 1 Bytes
x3004c0s1b0n0:44382:44382 [0] NCCL INFO AllReduce: opCount 0 sendbuff 0x152abb600200 recvbuff 0x152abb600200 count 1 datatype 1 op 0 root 0 comm 0x55e953c74540 [nranks=20] stream 0x55e96ea057d0
x3004c0s1b0n0:44382:44382 [0] NCCL INFO misc/utils.cc:235 memory stack hunk malloc(65536)

[LYD INFO in ncclAllReduce (all_reduce.cc)] rank 0 AllReduce Time: 0.000042000 seconds

[LYD INFO in getAlgoInfo (enqueue.cc)] algorithm a is: 0

[LYD INFO in getAlgoInfo (enqueue.cc)] algorithm a is: 1

[LYD INFO in getAlgoInfo (enqueue.cc)] rank: 0, Duration between Point 1 and Point 2: 0.000014000 seconds

[LYD INFO in getAlgoInfo (enqueue.cc)] rank 0, Duration between Point 2 and Point 3: 0.000001000 seconds
[LYD INFO in getAlgoInfo (enqueue.cc)] out rank: 0
[LYD INFO in getAlgoInfo (enqueue.cc)] out coll: 4
[LYD INFO in getAlgoInfo (enqueue.cc)] out sendbuff address: 0x152abb600200
[LYD INFO in getAlgoInfo (enqueue.cc)] out recvbuff address: 0x152abb600200
[LYD INFO in getAlgoInfo (enqueue.cc)] out count: 1
[LYD INFO in getAlgoInfo (enqueue.cc)] out datatype: 1
[LYD INFO in getAlgoInfo (enqueue.cc)] out chunkSteps: 4
[LYD INFO in getAlgoInfo (enqueue.cc)] out sliceSteps: 2
[LYD INFO in getAlgoInfo (enqueue.cc)] out algorithm: 0
[LYD INFO in getAlgoInfo (enqueue.cc)] out protocol: 0
[LYD INFO in getAlgoInfo (enqueue.cc)] out nChannels: 1
[LYD INFO in getAlgoInfo (enqueue.cc)] out nThreads: 96
[LYD INFO in getAlgoInfo (enqueue.cc)] out nBytes: 1
[LYD INFO in getAlgoInfo (enqueue.cc)] out nstepsPerLoop: 0
[LYD INFO in getAlgoInfo (enqueue.cc)] out nchunksPerLoop: 0
[LYD INFO in getAlgoInfo (enqueue.cc)] out chunkSize: 0
[LYD INFO in ncclLaunchKernel (enqueue.cc)] NCHANNELS is: 4x3004c0s1b0n0:44387:44387 [1] NCCL INFO AllReduce: opCount 0 sendbuff 0x148a7f600200 recvbuff 0x148a7f600200 count 1 datatype 1 op 0 root 0 comm 0x5563f914bc20 [nranks=20] stream 0x5564171c6300
x3004c0s1b0n0:44387:44387 [1] NCCL INFO misc/utils.cc:235 memory stack hunk malloc(65536)
[LYD INFO in ncclLaunchKernel (enqueue.cc)] NCHANNELS is: 4x3004c0s1b0n0:44392:44392 [2] NCCL INFO AllReduce: opCount 0 sendbuff 0x15089f600200 recvbuff 0x15089f600200 count 1 datatype 1 op 0 root 0 comm 0x55b4a3a95d10 [nranks=20] stream 0x55b4bbcc18f0
x3004c0s1b0n0:44392:44392 [2] NCCL INFO misc/utils.cc:235 memory stack hunk malloc(65536)
[LYD INFO in ncclLaunchKernel (enqueue.cc)] NCHANNELS is: 4x3004c0s1b0n0:44396:44396 [3] NCCL INFO AllReduce: opCount 0 sendbuff 0x147f27600200 recvbuff 0x147f27600200 count 1 datatype 1 op 0 root 0 comm 0x558da87aea50 [nranks=20] stream 0x558dac32cf00
x3004c0s1b0n0:44396:44396 [3] NCCL INFO misc/utils.cc:235 memory stack hunk malloc(65536)
[LYD INFO in ncclLaunchKernel (enqueue.cc)] NCHANNELS is: 4
[LYD INFO in NCCL_KERN_NAME (common.h)] 3 AllReduce TREE LL Sum uint8_t Elapsed time: 903320 us

[LYD INFO in NCCL_KERN_NAME (common.h)] 0 AllReduce TREE LL Sum uint8_t Elapsed time: 931636 us
[Hao INFO in ncclAllReduce (all_reduce.cc)] rank 0 ncclAllReduce: count: 1, datatype: ncclUint8, message size: 1 Bytes
x3004c0s1b0n0:44382:44382 [0] NCCL INFO AllReduce: opCount 1 sendbuff 0x152abb600000 recvbuff 0x152abb600000 count 1 datatype 1 op 0 root 0 comm 0x55e953c74540 [nranks=20] stream 0x55e96ea057d0

[LYD INFO in ncclAllReduce (all_reduce.cc)] rank 0 AllReduce Time: 0.000034000 seconds

[LYD INFO in getAlgoInfo (enqueue.cc)] algorithm a is: 0

[LYD INFO in getAlgoInfo (enqueue.cc)] algorithm a is: 1

[LYD INFO in getAlgoInfo (enqueue.cc)] rank: 0, Duration between Point 1 and Point 2: 0.000013000 seconds

[LYD INFO in getAlgoInfo (enqueue.cc)] rank 0, Duration between Point 2 and Point 3: 0.000001000 seconds
[LYD INFO in getAlgoInfo (enqueue.cc)] out rank: 0
[LYD INFO in getAlgoInfo (enqueue.cc)] out coll: 4
[LYD INFO in getAlgoInfo (enqueue.cc)] out sendbuff address: 0x152abb600000
[LYD INFO in getAlgoInfo (enqueue.cc)] out recvbuff address: 0x152abb600000
[LYD INFO in getAlgoInfo (enqueue.cc)] out count: 1
[LYD INFO in getAlgoInfo (enqueue.cc)] out datatype: 1
[LYD INFO in getAlgoInfo (enqueue.cc)] out chunkSteps: 4
