x3103c0s31b0n0:26205:27466 [3] NCCL INFO transport/net_ib.cc:653 Ib Alloc Size 552 pointer 0x14cca4065000
x3103c0s31b0n0:26205:27466 [3] NCCL INFO transport/net.cc:571 Cuda Host Alloc Size 9641984 pointer 0x14cca3600000
x3103c0s31b0n0:26205:27466 [3] NCCL INFO Mem Realloc old size 0, new size 768 pointer 0x14cca40521f0
x3103c0s31b0n0:26204:27485 [2] NCCL INFO transport/p2p.cc:449 Cuda Alloc Size 6291456 pointer 0x14d2c3800000
x3103c0s31b0n0:26203:27299 [1] NCCL INFO Channel 03/0 : 7[c7000] -> 9[46000] [receive] via NET/IB/0
x3103c0s31b0n0:26203:27481 [1] NCCL INFO transport/net_ib.cc:683 Ib Alloc Size 21688 pointer 0x14a5f001d000
x3103c0s31b0n0:26203:27481 [1] NCCL INFO transport/net_ib.cc:696 Ib Alloc Size 552 pointer 0x14a5f0024000
x3103c0s31b0n0:26205:27466 [3] NCCL INFO transport/net_ib.cc:596 Ib Alloc Size 26560 pointer 0x14cca4067000
x3103c0s31b0n0:26205:27466 [3] NCCL INFO NET/IB: Dev 1 Port 1 qpn 11356 mtu 5 GID 0 (80FE/5B2100FEFF000000)
x3103c0s31b0n0:26205:27466 [3] NCCL INFO transport/net_ib.cc:653 Ib Alloc Size 552 pointer 0x14cca407e000
x3103c0s31b0n0:26205:27466 [3] NCCL INFO transport/net.cc:571 Cuda Host Alloc Size 9641984 pointer 0x14cc9a000000
x3103c0s31b0n0:26204:27485 [2] NCCL INFO New proxy recv connection 7 from local rank 2, transport 0
x3103c0s31b0n0:26204:27298 [2] NCCL INFO Connection to proxy localRank 2 -> connection 0x14d2c4000e40
x3103c0s31b0n0:26203:27481 [1] NCCL INFO transport/net_ib.cc:771 Ib Alloc Size 552 pointer 0x14a5f004b000
x3103c0s31b0n0:26203:27481 [1] NCCL INFO transport/net.cc:698 Cuda Host Alloc Size 9641984 pointer 0x14a5ee000000
x3103c0s31b0n0:26203:27481 [1] NCCL INFO Mem Realloc old size 0, new size 768 pointer 0x14a5f00406b0
x3103c0s31b0n0:26203:27481 [1] NCCL INFO transport/net_ib.cc:683 Ib Alloc Size 21688 pointer 0x14a5f004d000
x3103c0s31b0n0:26205:27466 [3] NCCL INFO transport/net_ib.cc:596 Ib Alloc Size 26560 pointer 0x14cca4080000
x3103c0s31b0n0:26205:27466 [3] NCCL INFO NET/IB: Dev 0 Port 1 qpn 11395 mtu 5 GID 0 (80FE/1E2100FEFF000000)
x3103c0s31b0n0:26205:27466 [3] NCCL INFO transport/net_ib.cc:653 Ib Alloc Size 552 pointer 0x14cca4097000
x3103c0s31b0n0:26205:27466 [3] NCCL INFO transport/net.cc:571 Cuda Host Alloc Size 9641984 pointer 0x14cc9aa00000
x3103c0s31b0n0:26204:27485 [2] NCCL INFO transport/p2p.cc:449 Cuda Alloc Size 6291456 pointer 0x14d2c0000000
x3103c0s31b0n0:26204:27298 [2] NCCL INFO Connected all rings
x3103c0s31b0n0:26202:27477 [0] NCCL INFO New proxy recv connection 4 from local rank 0, transport 0
x3103c0s31b0n0:26203:27481 [1] NCCL INFO transport/net_ib.cc:696 Ib Alloc Size 552 pointer 0x14a5f0054000
x3103c0s31b0n0:26205:27303 [3] NCCL INFO Connected all rings
x3103c0s31b0n0:26205:27303 [3] NCCL INFO Channel 00/0 : 11[c7000] -> 10[85000] via P2P/IPC/read
x3103c0s31b0n0:26205:27466 [3] NCCL INFO New proxy send connection 8 from local rank 3, transport 0
x3103c0s31b0n0:26204:27485 [2] NCCL INFO New proxy recv connection 8 from local rank 2, transport 0
x3103c0s31b0n0:26203:27481 [1] NCCL INFO transport/net_ib.cc:771 Ib Alloc Size 552 pointer 0x14a5f0079000
x3103c0s31b0n0:26203:27481 [1] NCCL INFO transport/net.cc:698 Cuda Host Alloc Size 9641984 pointer 0x14a5eea00000
x3103c0s31b0n0:26203:27481 [1] NCCL INFO Mem Realloc old size 0, new size 768 pointer 0x14a5f006e880
x3103c0s31b0n0:26202:27300 [0] NCCL INFO Connection to proxy localRank 0 -> connection 0x14c904000d80
x3103c0s31b0n0:26204:27298 [2] NCCL INFO Connection to proxy localRank 2 -> connection 0x14d2c4000e80
x3103c0s31b0n0:26204:27485 [2] NCCL INFO transport/p2p.cc:449 Cuda Alloc Size 6291456 pointer 0x14d2be000000
x3103c0s31b0n0:26202:27477 [0] NCCL INFO transport/p2p.cc:449 Cuda Alloc Size 6291456 pointer 0x14c902c00000
x3103c0s31b0n0:26205:27303 [3] NCCL INFO Connection to proxy localRank 3 -> connection 0x14cca4000e80
x3103c0s31b0n0:26205:27466 [3] NCCL INFO transport/p2p.cc:430 Cuda Alloc Size 6291456 pointer 0x14cc9b400000
x3103c0s31b0n0:26203:27481 [1] NCCL INFO transport/net_ib.cc:683 Ib Alloc Size 21688 pointer 0x14a5f007b000
x3103c0s31b0n0:26203:27481 [1] NCCL INFO transport/net_ib.cc:696 Ib Alloc Size 552 pointer 0x14a5f0082000
x3103c0s31b0n0:26204:27485 [2] NCCL INFO New proxy recv connection 9 from local rank 2, transport 0
x3103c0s31b0n0:26202:27477 [0] NCCL INFO New proxy recv connection 5 from local rank 0, transport 0
x3103c0s31b0n0:26205:27303 [3] NCCL INFO Channel 01/0 : 11[c7000] -> 10[85000] via P2P/IPC/read
x3103c0s31b0n0:26203:27481 [1] NCCL INFO transport/net_ib.cc:771 Ib Alloc Size 552 pointer 0x14a5f009d000
x3103c0s31b0n0:26203:27481 [1] NCCL INFO transport/net.cc:698 Cuda Host Alloc Size 9641984 pointer 0x14a5ef400000
x3103c0s31b0n0:26205:27466 [3] NCCL INFO New proxy send connection 9 from local rank 3, transport 0
x3103c0s31b0n0:26202:27300 [0] NCCL INFO Connection to proxy localRank 0 -> connection 0x14c904000dc0
x3103c0s31b0n0:26204:27298 [2] NCCL INFO Connection to proxy localRank 2 -> connection 0x14d2c4000ec0
x3103c0s31b0n0:26204:27485 [2] NCCL INFO transport/p2p.cc:449 Cuda Alloc Size 6291456 pointer 0x14d2be600000
x3103c0s31b0n0:26202:27477 [0] NCCL INFO transport/p2p.cc:449 Cuda Alloc Size 6291456 pointer 0x14c903200000
x3103c0s31b0n0:26203:27481 [1] NCCL INFO transport/net_ib.cc:683 Ib Alloc Size 21688 pointer 0x14a5f009f000
x3103c0s31b0n0:26203:27481 [1] NCCL INFO transport/net_ib.cc:696 Ib Alloc Size 552 pointer 0x14a5f00a6000
x3103c0s31b0n0:26202:27477 [0] NCCL INFO New proxy recv connection 6 from local rank 0, transport 0
x3103c0s31b0n0:26205:27303 [3] NCCL INFO Connection to proxy localRank 3 -> connection 0x14cca4000ec0
x3103c0s31b0n0:26205:27466 [3] NCCL INFO transport/p2p.cc:430 Cuda Alloc Size 6291456 pointer 0x14cc9ba00000
x3103c0s31b0n0:26203:27481 [1] NCCL INFO transport/net_ib.cc:771 Ib Alloc Size 552 pointer 0x14a5f00c1000
x3103c0s31b0n0:26203:27481 [1] NCCL INFO transport/net.cc:698 Cuda Host Alloc Size 9641984 pointer 0x14a5ec000000
x3103c0s31b0n0:26202:27300 [0] NCCL INFO Connection to proxy localRank 0 -> connection 0x14c904000e00
x3103c0s31b0n0:26202:27477 [0] NCCL INFO transport/p2p.cc:449 Cuda Alloc Size 6291456 pointer 0x14c903800000
x3103c0s31b0n0:26204:27485 [2] NCCL INFO New proxy recv connection 10 from local rank 2, transport 0
x3103c0s31b0n0:26205:27303 [3] NCCL INFO Channel 02/0 : 11[c7000] -> 10[85000] via P2P/IPC/read
x3103c0s31b0n0:26205:27466 [3] NCCL INFO New proxy send connection 10 from local rank 3, transport 0
x3103c0s31b0n0:26204:27298 [2] NCCL INFO Connection to proxy localRank 2 -> connection 0x14d2c4000f00
x3103c0s31b0n0:26204:27485 [2] NCCL INFO transport/p2p.cc:449 Cuda Alloc Size 6291456 pointer 0x14d2bec00000
x3103c0s31b0n0:26203:27299 [1] NCCL INFO Channel 00/0 : 9[46000] -> 8[7000] via P2P/IPC/read
x3103c0s31b0n0:26203:27481 [1] NCCL INFO New proxy send connection 4 from local rank 1, transport 0
x3103c0s31b0n0:26205:27303 [3] NCCL INFO Connection to proxy localRank 3 -> connection 0x14cca4000f00
x3103c0s31b0n0:26205:27466 [3] NCCL INFO transport/p2p.cc:430 Cuda Alloc Size 6291456 pointer 0x14cc98000000
x3103c0s31b0n0:26204:27485 [2] NCCL INFO New proxy recv connection 11 from local rank 2, transport 0
x3103c0s31b0n0:26202:27477 [0] NCCL INFO New proxy recv connection 7 from local rank 0, transport 0
x3103c0s31b0n0:26203:27299 [1] NCCL INFO Connection to proxy localRank 1 -> connection 0x14a5f0000d80
x3103c0s31b0n0:26203:27481 [1] NCCL INFO transport/p2p.cc:430 Cuda Alloc Size 6291456 pointer 0x14a5eca00000
x3103c0s31b0n0:26205:27303 [3] NCCL INFO Channel 03/0 : 11[c7000] -> 10[85000] via P2P/IPC/read
x3103c0s31b0n0:26205:27466 [3] NCCL INFO New proxy send connection 11 from local rank 3, transport 0
x3103c0s31b0n0:26203:27299 [1] NCCL INFO Channel 01/0 : 9[46000] -> 8[7000] via P2P/IPC/read
x3103c0s31b0n0:26203:27481 [1] NCCL INFO New proxy send connection 5 from local rank 1, transport 0
x3103c0s31b0n0:26202:27300 [0] NCCL INFO Connection to proxy localRank 0 -> connection 0x14c904000e40
x3103c0s31b0n0:26202:27477 [0] NCCL INFO transport/p2p.cc:449 Cuda Alloc Size 6291456 pointer 0x14c900000000
x3103c0s31b0n0:26205:27303 [3] NCCL INFO Connection to proxy localRank 3 -> connection 0x14cca4000f40
x3103c0s31b0n0:26205:27466 [3] NCCL INFO transport/p2p.cc:430 Cuda Alloc Size 6291456 pointer 0x14cc98600000
x3103c0s31b0n0:26204:27298 [2] NCCL INFO Connection to proxy localRank 2 -> connection 0x14d2c4000f40
x3103c0s31b0n0:26204:27485 [2] NCCL INFO transport/p2p.cc:449 Cuda Alloc Size 6291456 pointer 0x14d2bf200000
x3103c0s31b0n0:26203:27299 [1] NCCL INFO Connection to proxy localRank 1 -> connection 0x14a5f0000dc0
x3103c0s31b0n0:26203:27481 [1] NCCL INFO transport/p2p.cc:430 Cuda Alloc Size 6291456 pointer 0x14a5ed000000
x3103c0s31b0n0:26203:27299 [1] NCCL INFO Channel 02/0 : 9[46000] -> 8[7000] via P2P/IPC/read
x3103c0s31b0n0:26203:27481 [1] NCCL INFO New proxy send connection 6 from local rank 1, transport 0
x3103c0s31b0n0:26203:27299 [1] NCCL INFO Connection to proxy localRank 1 -> connection 0x14a5f0000e00
x3103c0s31b0n0:26203:27481 [1] NCCL INFO transport/p2p.cc:430 Cuda Alloc Size 6291456 pointer 0x14a5ed600000
x3103c0s31b0n0:26203:27299 [1] NCCL INFO Channel 03/0 : 9[46000] -> 8[7000] via P2P/IPC/read
x3103c0s31b0n0:26203:27481 [1] NCCL INFO New proxy send connection 7 from local rank 1, transport 0
x3103c0s31b0n0:26203:27299 [1] NCCL INFO Connection to proxy localRank 1 -> connection 0x14a5f0000e40
x3103c0s31b0n0:26203:27481 [1] NCCL INFO transport/p2p.cc:430 Cuda Alloc Size 6291456 pointer 0x14a5ffa00000
x3103c0s31b0n0:26203:27299 [1] NCCL INFO Connected all rings
x3103c0s31b0n0:26203:27481 [1] NCCL INFO New proxy recv connection 8 from local rank 1, transport 0
x3103c0s31b0n0:26202:27300 [0] NCCL INFO Connected all rings
x3103c0s31b0n0:26202:27300 [0] NCCL INFO Channel 00/0 : 8[7000] -> 9[46000] via P2P/IPC/read
x3103c0s31b0n0:26202:27477 [0] NCCL INFO New proxy send connection 8 from local rank 0, transport 0
x3103c0s31b0n0:26203:27299 [1] NCCL INFO Connection to proxy localRank 1 -> connection 0x14a5f0000e80
x3103c0s31b0n0:26203:27481 [1] NCCL INFO transport/p2p.cc:449 Cuda Alloc Size 6291456 pointer 0x14a5eb800000
x3103c0s31b0n0:26203:27481 [1] NCCL INFO New proxy recv connection 9 from local rank 1, transport 0
x3103c0s31b0n0:26202:27300 [0] NCCL INFO Connection to proxy localRank 0 -> connection 0x14c904000e80
x3103c0s31b0n0:26202:27477 [0] NCCL INFO transport/p2p.cc:430 Cuda Alloc Size 6291456 pointer 0x14c8fe000000
x3103c0s31b0n0:26203:27299 [1] NCCL INFO Connection to proxy localRank 1 -> connection 0x14a5f0000ec0
x3103c0s31b0n0:26203:27481 [1] NCCL INFO transport/p2p.cc:449 Cuda Alloc Size 6291456 pointer 0x14a5e8000000
x3103c0s31b0n0:26202:27300 [0] NCCL INFO Channel 01/0 : 8[7000] -> 9[46000] via P2P/IPC/read
x3103c0s31b0n0:26202:27477 [0] NCCL INFO New proxy send connection 9 from local rank 0, transport 0
x3103c0s31b0n0:26203:27481 [1] NCCL INFO New proxy recv connection 10 from local rank 1, transport 0
x3103c0s31b0n0:26202:27300 [0] NCCL INFO Connection to proxy localRank 0 -> connection 0x14c904000ec0
x3103c0s31b0n0:26202:27477 [0] NCCL INFO transport/p2p.cc:430 Cuda Alloc Size 6291456 pointer 0x14c8fe600000
x3103c0s31b0n0:26203:27299 [1] NCCL INFO Connection to proxy localRank 1 -> connection 0x14a5f0000f00
x3103c0s31b0n0:26203:27481 [1] NCCL INFO transport/p2p.cc:449 Cuda Alloc Size 6291456 pointer 0x14a5e8600000
x3103c0s31b0n0:26202:27300 [0] NCCL INFO Channel 02/0 : 8[7000] -> 9[46000] via P2P/IPC/read
x3103c0s31b0n0:26202:27477 [0] NCCL INFO New proxy send connection 10 from local rank 0, transport 0
x3103c0s31b0n0:26203:27481 [1] NCCL INFO New proxy recv connection 11 from local rank 1, transport 0
x3103c0s31b0n0:26202:27300 [0] NCCL INFO Connection to proxy localRank 0 -> connection 0x14c904000f00
x3103c0s31b0n0:26202:27477 [0] NCCL INFO transport/p2p.cc:430 Cuda Alloc Size 6291456 pointer 0x14c8fec00000
x3103c0s31b0n0:26203:27299 [1] NCCL INFO Connection to proxy localRank 1 -> connection 0x14a5f0000f40
x3103c0s31b0n0:26203:27481 [1] NCCL INFO transport/p2p.cc:449 Cuda Alloc Size 6291456 pointer 0x14a5e8c00000
x3103c0s31b0n0:26202:27300 [0] NCCL INFO Channel 03/0 : 8[7000] -> 9[46000] via P2P/IPC/read
x3103c0s31b0n0:26202:27477 [0] NCCL INFO New proxy send connection 11 from local rank 0, transport 0
x3103c0s31b0n0:26203:27299 [1] NCCL INFO Channel 00/0 : 9[46000] -> 10[85000] via P2P/IPC/read
x3103c0s31b0n0:26203:27481 [1] NCCL INFO New proxy send connection 12 from local rank 1, transport 0
x3103c0s31b0n0:26203:27299 [1] NCCL INFO Connection to proxy localRank 1 -> connection 0x14a5f0000f80
x3103c0s31b0n0:26203:27481 [1] NCCL INFO transport/p2p.cc:430 Cuda Alloc Size 6291456 pointer 0x14a5e9200000
x3103c0s31b0n0:26202:27300 [0] NCCL INFO Connection to proxy localRank 0 -> connection 0x14c904000f40
x3103c0s31b0n0:26202:27477 [0] NCCL INFO transport/p2p.cc:430 Cuda Alloc Size 6291456 pointer 0x14c8ff200000
x3103c0s31b0n0:26203:27299 [1] NCCL INFO Channel 01/0 : 9[46000] -> 10[85000] via P2P/IPC/read
x3103c0s31b0n0:26203:27481 [1] NCCL INFO New proxy send connection 13 from local rank 1, transport 0
x3103c0s31b0n0:26203:27299 [1] NCCL INFO Connection to proxy localRank 1 -> connection 0x14a5f0000fc0
x3103c0s31b0n0:26203:27481 [1] NCCL INFO transport/p2p.cc:430 Cuda Alloc Size 6291456 pointer 0x14a5e9800000
x3103c0s31b0n0:26203:27299 [1] NCCL INFO Channel 02/0 : 9[46000] -> 10[85000] via P2P/IPC/read
x3103c0s31b0n0:26203:27481 [1] NCCL INFO New proxy send connection 14 from local rank 1, transport 0
x3103c0s31b0n0:26203:27299 [1] NCCL INFO Connection to proxy localRank 1 -> connection 0x14a5f0001000
x3103c0s31b0n0:26203:27481 [1] NCCL INFO transport/p2p.cc:430 Cuda Alloc Size 6291456 pointer 0x14a5e6000000
x3103c0s31b0n0:26203:27299 [1] NCCL INFO Channel 03/0 : 9[46000] -> 10[85000] via P2P/IPC/read
x3103c0s31b0n0:26203:27481 [1] NCCL INFO New proxy send connection 15 from local rank 1, transport 0
x3103c0s31b0n0:26203:27299 [1] NCCL INFO Connection to proxy localRank 1 -> connection 0x14a5f0001040
x3103c0s31b0n0:26203:27481 [1] NCCL INFO transport/p2p.cc:430 Cuda Alloc Size 6291456 pointer 0x14a5e6600000
x3103c0s31b0n0:26203:27299 [1] NCCL INFO GPU Direct RDMA Disabled for GPU 46000 / HCA 1 (distance 6 > 4)
x3103c0s31b0n0:26203:27481 [1] NCCL INFO New proxy recv connection 16 from local rank 1, transport 2
x3103c0s31b0n0:26202:27300 [0] NCCL INFO GPU Direct RDMA Disabled for GPU 7000 / HCA 1 (distance 7 > 4)
x3103c0s31b0n0:26202:27477 [0] NCCL INFO Allocated 4194656 bytes of shared memory in /dev/shm/nccl-3BqOMr

x3103c0s31b0n0:26202:27477 [0] NCCL INFO New proxy send connection 12 from local rank 0, transport 2
x3103c0s31b0n0:26204:27485 [2] NCCL INFO New proxy recv connection 12 from local rank 2, transport 0
x3103c0s31b0n0:26202:27300 [0] NCCL INFO Connection to proxy localRank 0 -> connection 0x14c904000f80
x3103c0s31b0n0:26202:27300 [0] NCCL INFO Channel 00/0 : 8[7000] -> 12[7000] [send] via NET/IB/1
x3103c0s31b0n0:26202:27300 [0] NCCL INFO GPU Direct RDMA Disabled for GPU 7000 / HCA 0 (distance 7 > 4)
x3103c0s31b0n0:26202:27477 [0] NCCL INFO New proxy send connection 13 from local rank 0, transport 2
x3103c0s31b0n0:26204:27298 [2] NCCL INFO Connection to proxy localRank 2 -> connection 0x14d2c4000f80
x3103c0s31b0n0:26204:27485 [2] NCCL INFO transport/p2p.cc:449 Cuda Alloc Size 6291456 pointer 0x14d2bd200000
x3103c0s31b0n0:26203:27299 [1] NCCL INFO Connection to proxy localRank 1 -> connection 0x14a5f0001080
x3103c0s31b0n0:26203:27299 [1] NCCL INFO Channel 00/0 : 4[7000] -> 9[46000] [receive] via NET/IB/1
x3103c0s31b0n0:26203:27299 [1] NCCL INFO GPU Direct RDMA Disabled for GPU 46000 / HCA 0 (distance 7 > 4)
x3103c0s31b0n0:26202:27300 [0] NCCL INFO Connection to proxy localRank 0 -> connection 0x14c904000fc0
x3103c0s31b0n0:26202:27300 [0] NCCL INFO Channel 01/0 : 8[7000] -> 12[7000] [send] via NET/IB/0
x3103c0s31b0n0:26204:27485 [2] NCCL INFO New proxy recv connection 13 from local rank 2, transport 0
x3103c0s31b0n0:26203:27481 [1] NCCL INFO New proxy recv connection 17 from local rank 1, transport 2
x3103c0s31b0n0:26203:27299 [1] NCCL INFO Connection to proxy localRank 1 -> connection 0x14a5f00010c0
x3103c0s31b0n0:26203:27299 [1] NCCL INFO Channel 01/0 : 4[7000] -> 9[46000] [receive] via NET/IB/0
x3103c0s31b0n0:26204:27298 [2] NCCL INFO Connection to proxy localRank 2 -> connection 0x14d2c4000fc0
x3103c0s31b0n0:26204:27485 [2] NCCL INFO transport/p2p.cc:449 Cuda Alloc Size 6291456 pointer 0x14d2bd800000
x3103c0s31b0n0:26204:27485 [2] NCCL INFO New proxy recv connection 14 from local rank 2, transport 0
x3103c0s31b0n0:26204:27298 [2] NCCL INFO Connection to proxy localRank 2 -> connection 0x14d2c4001000
x3103c0s31b0n0:26204:27485 [2] NCCL INFO transport/p2p.cc:449 Cuda Alloc Size 6291456 pointer 0x14d2ba000000
x3103c0s31b0n0:26204:27485 [2] NCCL INFO New proxy recv connection 15 from local rank 2, transport 0
x3103c0s31b0n0:26204:27298 [2] NCCL INFO Connection to proxy localRank 2 -> connection 0x14d2c4001040
x3103c0s31b0n0:26204:27485 [2] NCCL INFO transport/p2p.cc:449 Cuda Alloc Size 6291456 pointer 0x14d2ba600000
x3103c0s31b0n0:26204:27298 [2] NCCL INFO Channel 00/0 : 10[85000] -> 9[46000] via P2P/IPC/read
x3103c0s31b0n0:26204:27485 [2] NCCL INFO New proxy send connection 16 from local rank 2, transport 0
x3103c0s31b0n0:26204:27298 [2] NCCL INFO Connection to proxy localRank 2 -> connection 0x14d2c4001080
x3103c0s31b0n0:26204:27485 [2] NCCL INFO transport/p2p.cc:430 Cuda Alloc Size 6291456 pointer 0x14d2bac00000
x3103c0s31b0n0:26204:27298 [2] NCCL INFO Channel 01/0 : 10[85000] -> 9[46000] via P2P/IPC/read
x3103c0s31b0n0:26202:27477 [0] NCCL INFO transport/net_ib.cc:596 Ib Alloc Size 26560 pointer 0x14c90401b000
x3103c0s31b0n0:26202:27477 [0] NCCL INFO NET/IB: Dev 1 Port 1 qpn 11361 mtu 5 GID 0 (80FE/5B2100FEFF000000)
x3103c0s31b0n0:26202:27477 [0] NCCL INFO transport/net_ib.cc:653 Ib Alloc Size 552 pointer 0x14c90403d000
x3103c0s31b0n0:26202:27477 [0] NCCL INFO transport/net.cc:571 Cuda Host Alloc Size 9641984 pointer 0x14c8fd200000
x3103c0s31b0n0:26202:27477 [0] NCCL INFO Mem Realloc old size 0, new size 768 pointer 0x14c90403c3b0
x3103c0s31b0n0:26202:27477 [0] NCCL INFO transport/net_ib.cc:596 Ib Alloc Size 26560 pointer 0x14c90403f000
x3103c0s31b0n0:26202:27477 [0] NCCL INFO NET/IB: Dev 0 Port 1 qpn 11400 mtu 5 GID 0 (80FE/1E2100FEFF000000)
x3103c0s31b0n0:26202:27477 [0] NCCL INFO transport/net_ib.cc:653 Ib Alloc Size 552 pointer 0x14c904060000
x3103c0s31b0n0:26202:27477 [0] NCCL INFO transport/net.cc:571 Cuda Host Alloc Size 9641984 pointer 0x14c8f6000000
x3103c0s31b0n0:26202:27477 [0] NCCL INFO Mem Realloc old size 0, new size 768 pointer 0x14c9040468c0
x3103c0s31b0n0:26204:27485 [2] NCCL INFO New proxy send connection 17 from local rank 2, transport 0
x3103c0s31b0n0:26202:27300 [0] NCCL INFO GPU Direct RDMA Disabled for GPU 7000 / HCA 1 (distance 7 > 4)
x3103c0s31b0n0:26202:27477 [0] NCCL INFO New proxy send connection 14 from local rank 0, transport 2
x3103c0s31b0n0:26204:27298 [2] NCCL INFO Connection to proxy localRank 2 -> connection 0x14d2c40010c0
x3103c0s31b0n0:26204:27485 [2] NCCL INFO transport/p2p.cc:430 Cuda Alloc Size 6291456 pointer 0x14d2bb200000
x3103c0s31b0n0:26202:27300 [0] NCCL INFO Connection to proxy localRank 0 -> connection 0x14c904001000
x3103c0s31b0n0:26202:27300 [0] NCCL INFO Channel 02/0 : 8[7000] -> 13[46000] [send] via NET/IB/1
x3103c0s31b0n0:26202:27300 [0] NCCL INFO GPU Direct RDMA Disabled for GPU 7000 / HCA 0 (distance 7 > 4)
x3103c0s31b0n0:26202:27477 [0] NCCL INFO New proxy send connection 15 from local rank 0, transport 2
x3103c0s31b0n0:26204:27298 [2] NCCL INFO Channel 02/0 : 10[85000] -> 9[46000] via P2P/IPC/read
x3103c0s31b0n0:26204:27485 [2] NCCL INFO New proxy send connection 18 from local rank 2, transport 0
x3103c0s31b0n0:26204:27298 [2] NCCL INFO Connection to proxy localRank 2 -> connection 0x14d2c4001100
x3103c0s31b0n0:26204:27485 [2] NCCL INFO transport/p2p.cc:430 Cuda Alloc Size 6291456 pointer 0x14d2bb800000
x3103c0s31b0n0:26202:27300 [0] NCCL INFO Connection to proxy localRank 0 -> connection 0x14c904001040
x3103c0s31b0n0:26202:27300 [0] NCCL INFO Channel 03/0 : 8[7000] -> 13[46000] [send] via NET/IB/0
x3103c0s31b0n0:26202:27477 [0] NCCL INFO transport/net_ib.cc:596 Ib Alloc Size 26560 pointer 0x14c90406c000
x3103c0s31b0n0:26202:27477 [0] NCCL INFO NET/IB: Dev 1 Port 1 qpn 11362 mtu 5 GID 0 (80FE/5B2100FEFF000000)
x3103c0s31b0n0:26202:27477 [0] NCCL INFO transport/net_ib.cc:653 Ib Alloc Size 552 pointer 0x14c904083000
x3103c0s31b0n0:26202:27477 [0] NCCL INFO transport/net.cc:571 Cuda Host Alloc Size 9641984 pointer 0x14c8f6a00000
x3103c0s31b0n0:26204:27298 [2] NCCL INFO Channel 03/0 : 10[85000] -> 9[46000] via P2P/IPC/read
x3103c0s31b0n0:26204:27485 [2] NCCL INFO New proxy send connection 19 from local rank 2, transport 0
x3103c0s31b0n0:26202:27477 [0] NCCL INFO transport/net_ib.cc:596 Ib Alloc Size 26560 pointer 0x14c904085000
x3103c0s31b0n0:26202:27477 [0] NCCL INFO NET/IB: Dev 0 Port 1 qpn 11401 mtu 5 GID 0 (80FE/1E2100FEFF000000)
x3103c0s31b0n0:26202:27477 [0] NCCL INFO transport/net_ib.cc:653 Ib Alloc Size 552 pointer 0x14c90409c000
x3103c0s31b0n0:26202:27477 [0] NCCL INFO transport/net.cc:571 Cuda Host Alloc Size 9641984 pointer 0x14c8f7400000
x3103c0s31b0n0:26202:27300 [0] NCCL INFO GPU Direct RDMA Disabled for GPU 7000 / HCA 1 (distance 7 > 4)
x3103c0s31b0n0:26204:27298 [2] NCCL INFO Connection to proxy localRank 2 -> connection 0x14d2c4001140
x3103c0s31b0n0:26204:27485 [2] NCCL INFO transport/p2p.cc:430 Cuda Alloc Size 6291456 pointer 0x14d2b8000000
x3103c0s31b0n0:26202:27477 [0] NCCL INFO New proxy send connection 16 from local rank 0, transport 2
x3103c0s31b0n0:26205:27303 [3] NCCL INFO Connected all trees by HAO
x3103c0s31b0n0:26205:27303 [3] NCCL INFO threadThresholds 8/8/64 | 160/8/64 | 512 | 512
x3103c0s31b0n0:26205:27303 [3] NCCL INFO 4 coll channels, 4 p2p channels, 2 p2p channels per peer
x3103c0s31b0n0:26205:27466 [3] NCCL INFO New proxy send connection 12 from local rank 3, transport 2
x3103c0s31b0n0:26202:27300 [0] NCCL INFO Connection to proxy localRank 0 -> connection 0x14c904001080
x3103c0s31b0n0:26202:27300 [0] NCCL INFO Channel 00/0 : 8[7000] -> 17[46000] [send] via NET/IB/1
x3103c0s31b0n0:26202:27300 [0] NCCL INFO GPU Direct RDMA Disabled for GPU 7000 / HCA 0 (distance 7 > 4)
x3103c0s31b0n0:26202:27477 [0] NCCL INFO New proxy send connection 17 from local rank 0, transport 2
x3103c0s31b0n0:26205:27303 [3] NCCL INFO Connection to proxy localRank 3 -> connection 0x14cca4000f80
x3103c0s31b0n0:26205:27466 [3] NCCL INFO transport/net.cc:376 Cuda Alloc Size 8388608 pointer 0x14cc96600000
x3103c0s31b0n0:26202:27300 [0] NCCL INFO Connection to proxy localRank 0 -> connection 0x14c9040010c0
x3103c0s31b0n0:26202:27300 [0] NCCL INFO Channel 01/0 : 8[7000] -> 17[46000] [send] via NET/IB/0
x3103c0s31b0n0:26202:27477 [0] NCCL INFO transport/net_ib.cc:596 Ib Alloc Size 26560 pointer 0x14c9040a8000
x3103c0s31b0n0:26202:27477 [0] NCCL INFO NET/IB: Dev 1 Port 1 qpn 11363 mtu 5 GID 0 (80FE/5B2100FEFF000000)
x3103c0s31b0n0:26202:27477 [0] NCCL INFO transport/net_ib.cc:653 Ib Alloc Size 552 pointer 0x14c9040bf000
x3103c0s31b0n0:26202:27477 [0] NCCL INFO transport/net.cc:571 Cuda Host Alloc Size 9641984 pointer 0x14c8f4000000
x3103c0s31b0n0:26202:27477 [0] NCCL INFO transport/net_ib.cc:596 Ib Alloc Size 26560 pointer 0x14c9040c1000
x3103c0s31b0n0:26202:27477 [0] NCCL INFO NET/IB: Dev 0 Port 1 qpn 11402 mtu 5 GID 0 (80FE/1E2100FEFF000000)
x3103c0s31b0n0:26202:27477 [0] NCCL INFO transport/net_ib.cc:653 Ib Alloc Size 552 pointer 0x14c9040d8000
x3103c0s31b0n0:26202:27477 [0] NCCL INFO transport/net.cc:571 Cuda Host Alloc Size 9641984 pointer 0x14c8f4a00000
x3103c0s31b0n0:26202:27300 [0] NCCL INFO GPU Direct RDMA Disabled for GPU 7000 / HCA 1 (distance 7 > 4)
x3103c0s31b0n0:26202:27477 [0] NCCL INFO New proxy recv connection 18 from local rank 0, transport 2
x3103c0s31b0n0:26202:27300 [0] NCCL INFO Connection to proxy localRank 0 -> connection 0x14c904001100
x3103c0s31b0n0:26203:27481 [1] NCCL INFO transport/net_ib.cc:683 Ib Alloc Size 21688 pointer 0x14a5f00d2000
x3103c0s31b0n0:26203:27481 [1] NCCL INFO transport/net_ib.cc:696 Ib Alloc Size 552 pointer 0x14a5f0019000
x3103c0s31b0n0:26202:27300 [0] NCCL INFO Channel 00/0 : 17[46000] -> 8[7000] [receive] via NET/IB/1
x3103c0s31b0n0:26202:27300 [0] NCCL INFO GPU Direct RDMA Disabled for GPU 7000 / HCA 0 (distance 7 > 4)
x3103c0s31b0n0:26202:27477 [0] NCCL INFO New proxy recv connection 19 from local rank 0, transport 2
x3103c0s31b0n0:26203:27481 [1] NCCL INFO transport/net_ib.cc:771 Ib Alloc Size 552 pointer 0x14a5f00f2000
x3103c0s31b0n0:26203:27481 [1] NCCL INFO transport/net.cc:698 Cuda Host Alloc Size 9641984 pointer 0x14a5e2000000
x3103c0s31b0n0:26203:27481 [1] NCCL INFO transport/net_ib.cc:683 Ib Alloc Size 21688 pointer 0x14a5f00f4000
x3103c0s31b0n0:26203:27481 [1] NCCL INFO transport/net_ib.cc:696 Ib Alloc Size 552 pointer 0x14a5f00fb000
x3103c0s31b0n0:26202:27300 [0] NCCL INFO Connection to proxy localRank 0 -> connection 0x14c904001140
x3103c0s31b0n0:26203:27481 [1] NCCL INFO transport/net_ib.cc:771 Ib Alloc Size 552 pointer 0x14a5f0116000
x3103c0s31b0n0:26203:27481 [1] NCCL INFO transport/net.cc:698 Cuda Host Alloc Size 9641984 pointer 0x14a5e2a00000
x3103c0s31b0n0:26202:27300 [0] NCCL INFO Channel 01/0 : 17[46000] -> 8[7000] [receive] via NET/IB/0
x3103c0s31b0n0:26202:27477 [0] NCCL INFO transport/net_ib.cc:683 Ib Alloc Size 21688 pointer 0x14c9040e4000
x3103c0s31b0n0:26202:27477 [0] NCCL INFO transport/net_ib.cc:696 Ib Alloc Size 552 pointer 0x14c9040eb000
x3103c0s31b0n0:26202:27477 [0] NCCL INFO transport/net_ib.cc:771 Ib Alloc Size 552 pointer 0x14c904107000
x3103c0s31b0n0:26202:27477 [0] NCCL INFO transport/net.cc:698 Cuda Host Alloc Size 9641984 pointer 0x14c8f5400000
x3103c0s31b0n0:26203:27299 [1] NCCL INFO GPU Direct RDMA Disabled for GPU 46000 / HCA 1 (distance 6 > 4)
x3103c0s31b0n0:26203:27481 [1] NCCL INFO New proxy send connection 18 from local rank 1, transport 2
x3103c0s31b0n0:26202:27477 [0] NCCL INFO transport/net_ib.cc:683 Ib Alloc Size 21688 pointer 0x14c904109000
x3103c0s31b0n0:26202:27477 [0] NCCL INFO transport/net_ib.cc:696 Ib Alloc Size 552 pointer 0x14c904110000
x3103c0s31b0n0:26202:27477 [0] NCCL INFO transport/net_ib.cc:771 Ib Alloc Size 552 pointer 0x14c90412b000
x3103c0s31b0n0:26202:27477 [0] NCCL INFO transport/net.cc:698 Cuda Host Alloc Size 9641984 pointer 0x14c8f2000000
x3103c0s31b0n0:26203:27299 [1] NCCL INFO Connection to proxy localRank 1 -> connection 0x14a5f0001100
x3103c0s31b0n0:26203:27299 [1] NCCL INFO Channel 00/0 : 9[46000] -> 4[7000] [send] via NET/IB/1
x3103c0s31b0n0:26203:27299 [1] NCCL INFO GPU Direct RDMA Disabled for GPU 46000 / HCA 0 (distance 7 > 4)
x3103c0s31b0n0:26203:27481 [1] NCCL INFO New proxy send connection 19 from local rank 1, transport 2
x3103c0s31b0n0:26203:27299 [1] NCCL INFO Connection to proxy localRank 1 -> connection 0x14a5f0001140
x3103c0s31b0n0:26203:27299 [1] NCCL INFO Channel 01/0 : 9[46000] -> 4[7000] [send] via NET/IB/0
x3103c0s31b0n0:26202:27300 [0] NCCL INFO GPU Direct RDMA Disabled for GPU 7000 / HCA 1 (distance 7 > 4)
x3103c0s31b0n0:26202:27477 [0] NCCL INFO New proxy recv connection 20 from local rank 0, transport 2
x3103c0s31b0n0:26203:27481 [1] NCCL INFO transport/net_ib.cc:596 Ib Alloc Size 26560 pointer 0x14a5f0122000
x3103c0s31b0n0:26203:27481 [1] NCCL INFO NET/IB: Dev 1 Port 1 qpn 11368 mtu 5 GID 0 (80FE/5B2100FEFF000000)
x3103c0s31b0n0:26203:27481 [1] NCCL INFO transport/net_ib.cc:653 Ib Alloc Size 552 pointer 0x14a5f0139000
x3103c0s31b0n0:26203:27481 [1] NCCL INFO transport/net.cc:571 Cuda Host Alloc Size 9641984 pointer 0x14a5e3400000
x3103c0s31b0n0:26202:27300 [0] NCCL INFO Connection to proxy localRank 0 -> connection 0x14c904001180
x3103c0s31b0n0:26203:27481 [1] NCCL INFO transport/net_ib.cc:596 Ib Alloc Size 26560 pointer 0x14a5f013b000
x3103c0s31b0n0:26203:27481 [1] NCCL INFO NET/IB: Dev 0 Port 1 qpn 11407 mtu 5 GID 0 (80FE/1E2100FEFF000000)
x3103c0s31b0n0:26203:27481 [1] NCCL INFO transport/net_ib.cc:653 Ib Alloc Size 552 pointer 0x14a5f0152000
x3103c0s31b0n0:26203:27481 [1] NCCL INFO transport/net.cc:571 Cuda Host Alloc Size 9641984 pointer 0x14a5e0000000
x3103c0s31b0n0:26202:27300 [0] NCCL INFO Channel 02/0 : 13[46000] -> 8[7000] [receive] via NET/IB/1
x3103c0s31b0n0:26202:27300 [0] NCCL INFO GPU Direct RDMA Disabled for GPU 7000 / HCA 0 (distance 7 > 4)
x3103c0s31b0n0:26202:27477 [0] NCCL INFO New proxy recv connection 21 from local rank 0, transport 2
x3103c0s31b0n0:26203:27481 [1] NCCL INFO New proxy recv connection 20 from local rank 1, transport 0
x3103c0s31b0n0:26202:27300 [0] NCCL INFO Connection to proxy localRank 0 -> connection 0x14c9040011c0
x3103c0s31b0n0:26203:27299 [1] NCCL INFO Connection to proxy localRank 1 -> connection 0x14a5f0001180
x3103c0s31b0n0:26203:27481 [1] NCCL INFO transport/p2p.cc:449 Cuda Alloc Size 6291456 pointer 0x14a5e0a00000
x3103c0s31b0n0:26202:27300 [0] NCCL INFO Channel 03/0 : 13[46000] -> 8[7000] [receive] via NET/IB/0
x3103c0s31b0n0:26202:27477 [0] NCCL INFO transport/net_ib.cc:683 Ib Alloc Size 21688 pointer 0x14c904137000
x3103c0s31b0n0:26202:27477 [0] NCCL INFO transport/net_ib.cc:696 Ib Alloc Size 552 pointer 0x14c90413e000
x3103c0s31b0n0:26203:27481 [1] NCCL INFO New proxy recv connection 21 from local rank 1, transport 0
x3103c0s31b0n0:26202:27477 [0] NCCL INFO transport/net_ib.cc:771 Ib Alloc Size 552 pointer 0x14c904159000
x3103c0s31b0n0:26202:27477 [0] NCCL INFO transport/net.cc:698 Cuda Host Alloc Size 9641984 pointer 0x14c8f2a00000
x3103c0s31b0n0:26202:27477 [0] NCCL INFO transport/net_ib.cc:683 Ib Alloc Size 21688 pointer 0x14c90415b000
x3103c0s31b0n0:26202:27477 [0] NCCL INFO transport/net_ib.cc:696 Ib Alloc Size 552 pointer 0x14c904162000
x3103c0s31b0n0:26203:27299 [1] NCCL INFO Connection to proxy localRank 1 -> connection 0x14a5f00011c0
x3103c0s31b0n0:26203:27481 [1] NCCL INFO transport/p2p.cc:449 Cuda Alloc Size 6291456 pointer 0x14a5e1000000
x3103c0s31b0n0:26202:27477 [0] NCCL INFO transport/net_ib.cc:771 Ib Alloc Size 552 pointer 0x14c90417d000
x3103c0s31b0n0:26202:27477 [0] NCCL INFO transport/net.cc:698 Cuda Host Alloc Size 9641984 pointer 0x14c8f3400000
x3103c0s31b0n0:26203:27481 [1] NCCL INFO New proxy recv connection 22 from local rank 1, transport 0
x3103c0s31b0n0:26202:27300 [0] NCCL INFO GPU Direct RDMA Disabled for GPU 7000 / HCA 1 (distance 7 > 4)
x3103c0s31b0n0:26202:27477 [0] NCCL INFO New proxy recv connection 22 from local rank 0, transport 2
x3103c0s31b0n0:26203:27299 [1] NCCL INFO Connection to proxy localRank 1 -> connection 0x14a5f0001200
x3103c0s31b0n0:26203:27481 [1] NCCL INFO transport/p2p.cc:449 Cuda Alloc Size 6291456 pointer 0x14a5e1600000
x3103c0s31b0n0:26203:27481 [1] NCCL INFO New proxy recv connection 23 from local rank 1, transport 0
x3103c0s31b0n0:26202:27300 [0] NCCL INFO Connection to proxy localRank 0 -> connection 0x14c904001200
x3103c0s31b0n0:26203:27299 [1] NCCL INFO Connection to proxy localRank 1 -> connection 0x14a5f0001240
x3103c0s31b0n0:26203:27481 [1] NCCL INFO transport/p2p.cc:449 Cuda Alloc Size 6291456 pointer 0x14a5de000000
x3103c0s31b0n0:26202:27300 [0] NCCL INFO Channel 00/0 : 12[7000] -> 8[7000] [receive] via NET/IB/1
x3103c0s31b0n0:26202:27300 [0] NCCL INFO GPU Direct RDMA Disabled for GPU 7000 / HCA 0 (distance 7 > 4)
x3103c0s31b0n0:26202:27477 [0] NCCL INFO New proxy recv connection 23 from local rank 0, transport 2
x3103c0s31b0n0:26203:27299 [1] NCCL INFO Connected all trees by HAO
x3103c0s31b0n0:26203:27299 [1] NCCL INFO threadThresholds 8/8/64 | 160/8/64 | 512 | 512
x3103c0s31b0n0:26203:27299 [1] NCCL INFO 4 coll channels, 4 p2p channels, 2 p2p channels per peer
x3103c0s31b0n0:26203:27481 [1] NCCL INFO New proxy send connection 24 from local rank 1, transport 2
x3103c0s31b0n0:26204:27298 [2] NCCL INFO Connected all trees by HAO
x3103c0s31b0n0:26204:27298 [2] NCCL INFO threadThresholds 8/8/64 | 160/8/64 | 512 | 512
x3103c0s31b0n0:26204:27298 [2] NCCL INFO 4 coll channels, 4 p2p channels, 2 p2p channels per peer
x3103c0s31b0n0:26204:27485 [2] NCCL INFO Allocated 4194656 bytes of shared memory in /dev/shm/nccl-917rcB

x3103c0s31b0n0:26204:27485 [2] NCCL INFO New proxy send connection 20 from local rank 2, transport 2
x3103c0s31b0n0:26202:27300 [0] NCCL INFO Connection to proxy localRank 0 -> connection 0x14c904001240
x3103c0s31b0n0:26202:27300 [0] NCCL INFO Channel 01/0 : 12[7000] -> 8[7000] [receive] via NET/IB/0
x3103c0s31b0n0:26202:27477 [0] NCCL INFO transport/net_ib.cc:683 Ib Alloc Size 21688 pointer 0x14c904189000
x3103c0s31b0n0:26202:27477 [0] NCCL INFO transport/net_ib.cc:696 Ib Alloc Size 552 pointer 0x14c904190000
x3103c0s31b0n0:26203:27299 [1] NCCL INFO Connection to proxy localRank 1 -> connection 0x14a5f0001280
x3103c0s31b0n0:26203:27481 [1] NCCL INFO transport/net.cc:376 Cuda Alloc Size 8388608 pointer 0x14a5dc000000
x3103c0s31b0n0:26204:27298 [2] NCCL INFO Connection to proxy localRank 2 -> connection 0x14d2c4001180
x3103c0s31b0n0:26204:27485 [2] NCCL INFO transport/net.cc:376 Cuda Alloc Size 8388608 pointer 0x14d2b7800000
x3103c0s31b0n0:26202:27477 [0] NCCL INFO transport/net_ib.cc:771 Ib Alloc Size 552 pointer 0x14c9041ab000
x3103c0s31b0n0:26202:27477 [0] NCCL INFO transport/net.cc:698 Cuda Host Alloc Size 9641984 pointer 0x14c8f0000000
x3103c0s31b0n0:26202:27477 [0] NCCL INFO transport/net_ib.cc:683 Ib Alloc Size 21688 pointer 0x14c9041ad000
x3103c0s31b0n0:26202:27477 [0] NCCL INFO transport/net_ib.cc:696 Ib Alloc Size 552 pointer 0x14c9041b4000
x3103c0s31b0n0:26202:27477 [0] NCCL INFO transport/net_ib.cc:771 Ib Alloc Size 552 pointer 0x14c9041cf000
x3103c0s31b0n0:26202:27477 [0] NCCL INFO transport/net.cc:698 Cuda Host Alloc Size 9641984 pointer 0x14c8f0a00000
x3103c0s31b0n0:26202:27300 [0] NCCL INFO Connected all trees by HAO
x3103c0s31b0n0:26202:27300 [0] NCCL INFO threadThresholds 8/8/64 | 160/8/64 | 512 | 512
x3103c0s31b0n0:26202:27300 [0] NCCL INFO 4 coll channels, 4 p2p channels, 2 p2p channels per peer
x3103c0s31b0n0:26202:27477 [0] NCCL INFO New proxy send connection 24 from local rank 0, transport 2
x3103c0s31b0n0:26202:27300 [0] NCCL INFO Connection to proxy localRank 0 -> connection 0x14c904001280
x3103c0s31b0n0:26202:27300 [0] NCCL INFO init.cc:367 Cuda Alloc Size 5168 pointer 0x14c913808800
x3103c0s31b0n0:26204:27298 [2] NCCL INFO init.cc:367 Cuda Alloc Size 5168 pointer 0x14d2d1808800
x3103c0s31b0n0:26203:27299 [1] NCCL INFO init.cc:367 Cuda Alloc Size 5168 pointer 0x14a5ff808800
x3103c0s31b0n0:26205:27303 [3] NCCL INFO init.cc:367 Cuda Alloc Size 5168 pointer 0x14ccb1808800
x3103c0s31b0n0:26205:27303 [3] NCCL INFO init.cc:392 Cuda Host Alloc Size 33554432 pointer 0x14cc94000000
x3103c0s31b0n0:26205:27303 [3] NCCL INFO init.cc:398 Cuda Host Alloc Size 128 pointer 0x14ccb0e00200
x3103c0s31b0n0:26205:27303 [3] NCCL INFO comm 0x55c2e7e305d0 rank 11 nranks 20 cudaDev 3 busId c7000 - Init COMPLETE
x3103c0s31b0n0:26204:27298 [2] NCCL INFO init.cc:392 Cuda Host Alloc Size 33554432 pointer 0x14d2ae000000
x3103c0s31b0n0:26204:27298 [2] NCCL INFO init.cc:398 Cuda Host Alloc Size 128 pointer 0x14d2d0e00200
x3103c0s31b0n0:26204:27298 [2] NCCL INFO comm 0x55c09be15b30 rank 10 nranks 20 cudaDev 2 busId 85000 - Init COMPLETE
x3103c0s31b0n0:26203:27299 [1] NCCL INFO init.cc:392 Cuda Host Alloc Size 33554432 pointer 0x14a5da000000
x3103c0s31b0n0:26203:27299 [1] NCCL INFO init.cc:398 Cuda Host Alloc Size 128 pointer 0x14a5fee00200
x3103c0s31b0n0:26203:27299 [1] NCCL INFO comm 0x55fc3fe68320 rank 9 nranks 20 cudaDev 1 busId 46000 - Init COMPLETE
x3103c0s31b0n0:26202:27300 [0] NCCL INFO init.cc:392 Cuda Host Alloc Size 33554432 pointer 0x14c8ee000000
x3103c0s31b0n0:26202:27300 [0] NCCL INFO init.cc:398 Cuda Host Alloc Size 128 pointer 0x14c912e00200
x3103c0s31b0n0:26202:27300 [0] NCCL INFO comm 0x561987258650 rank 8 nranks 20 cudaDev 0 busId 7000 - Init COMPLETE
x3103c0s31b0n0:26202:27477 [0] NCCL INFO transport/net.cc:376 Cuda Alloc Size 8388608 pointer 0x14c8f1400000
x3103c0s31b0n0:26203:26203 [1] NCCL INFO AllReduce: opCount 0 sendbuff 0x14a63f600200 recvbuff 0x14a63f600200 count 1 datatype 1 op 0 root 0 comm 0x55fc3fe68320 [nranks=20] stream 0x55fc59dc57a0
x3103c0s31b0n0:26203:26203 [1] NCCL INFO misc/utils.cc:235 memory stack hunk malloc(65536)
[LYD INFO in ncclLaunchKernel (enqueue.cc)] NCHANNELS is: 4x3103c0s31b0n0:26204:26204 [2] NCCL INFO AllReduce: opCount 0 sendbuff 0x14d30f600200 recvbuff 0x14d30f600200 count 1 datatype 1 op 0 root 0 comm 0x55c09be15b30 [nranks=20] stream 0x55c0b97b9110
x3103c0s31b0n0:26204:26204 [2] NCCL INFO misc/utils.cc:235 memory stack hunk malloc(65536)
[LYD INFO in ncclLaunchKernel (enqueue.cc)] NCHANNELS is: 4x3103c0s31b0n0:26202:26202 [0] NCCL INFO AllReduce: opCount 0 sendbuff 0x14c953600200 recvbuff 0x14c953600200 count 1 datatype 1 op 0 root 0 comm 0x561987258650 [nranks=20] stream 0x5619a2ed8350
x3103c0s31b0n0:26202:26202 [0] NCCL INFO misc/utils.cc:235 memory stack hunk malloc(65536)
[LYD INFO in ncclLaunchKernel (enqueue.cc)] NCHANNELS is: 4x3103c0s31b0n0:26205:26205 [3] NCCL INFO AllReduce: opCount 0 sendbuff 0x14ccef600200 recvbuff 0x14ccef600200 count 1 datatype 1 op 0 root 0 comm 0x55c2e7e305d0 [nranks=20] stream 0x55c2ff7540f0
x3103c0s31b0n0:26205:26205 [3] NCCL INFO misc/utils.cc:235 memory stack hunk malloc(65536)
[LYD INFO in ncclLaunchKernel (enqueue.cc)] NCHANNELS is: 4
[LYD INFO in NCCL_KERN_NAME (common.h)] 11 AllReduce TREE LL Sum uint8_t Elapsed time: 307380 us

[LYD INFO in NCCL_KERN_NAME (common.h)] 8 AllReduce TREE LL Sum uint8_t Elapsed time: 367546 us

[LYD INFO in NCCL_KERN_NAME (common.h)] 9 AllReduce TREE LL Sum uint8_t Elapsed time: 411262 us

[LYD INFO in NCCL_KERN_NAME (common.h)] 10 AllReduce TREE LL Sum uint8_t Elapsed time: 397182 us
x3103c0s31b0n0:26204:26204 [2] NCCL INFO AllReduce: opCount 1 sendbuff 0x14d30f600000 recvbuff 0x14d30f600000 count 1 datatype 1 op 0 root 0 comm 0x55c09be15b30 [nranks=20] stream 0x55c0b97b9110
[LYD INFO in ncclLaunchKernel (enqueue.cc)] NCHANNELS is: 4x3103c0s31b0n0:26205:26205 [3] NCCL INFO AllReduce: opCount 1 sendbuff 0x14ccef600000 recvbuff 0x14ccef600000 count 1 datatype 1 op 0 root 0 comm 0x55c2e7e305d0 [nranks=20] stream 0x55c2ff7540f0
[LYD INFO in ncclLaunchKernel (enqueue.cc)] NCHANNELS is: 4x3103c0s31b0n0:26203:26203 [1] NCCL INFO AllReduce: opCount 1 sendbuff 0x14a63f600000 recvbuff 0x14a63f600000 count 1 datatype 1 op 0 root 0 comm 0x55fc3fe68320 [nranks=20] stream 0x55fc59dc57a0
[LYD INFO in ncclLaunchKernel (enqueue.cc)] NCHANNELS is: 4x3103c0s31b0n0:26202:26202 [0] NCCL INFO AllReduce: opCount 1 sendbuff 0x14c953600000 recvbuff 0x14c953600000 count 1 datatype 1 op 0 root 0 comm 0x561987258650 [nranks=20] stream 0x5619a2ed8350
[LYD INFO in ncclLaunchKernel (enqueue.cc)] NCHANNELS is: 4
[LYD INFO in NCCL_KERN_NAME (common.h)] 8 AllReduce TREE LL Sum uint8_t Elapsed time: 4145447 us

[LYD INFO in NCCL_KERN_NAME (common.h)] 9 AllReduce TREE LL Sum uint8_t Elapsed time: 9684655 us

[LYD INFO in NCCL_KERN_NAME (common.h)] 11 AllReduce TREE LL Sum uint8_t Elapsed time: 10731742 us

[LYD INFO in NCCL_KERN_NAME (common.h)] 10 AllReduce TREE LL Sum uint8_t Elapsed time: 15280480 us
x3103c0s31b0n0:26203:26203 [1] NCCL INFO AllReduce: opCount 2 sendbuff 0x14a63f600000 recvbuff 0x14a63f600000 count 1 datatype 8 op 3 root 0 comm 0x55fc3fe68320 [nranks=20] stream 0x55fc59dc57a0
[LYD INFO in ncclLaunchKernel (enqueue.cc)] NCHANNELS is: 4x3103c0s31b0n0:26205:26205 [3] NCCL INFO AllReduce: opCount 2 sendbuff 0x14ccef600000 recvbuff 0x14ccef600000 count 1 datatype 8 op 3 root 0 comm 0x55c2e7e305d0 [nranks=20] stream 0x55c2ff7540f0
[LYD INFO in ncclLaunchKernel (enqueue.cc)] NCHANNELS is: 4x3103c0s31b0n0:26204:26204 [2] NCCL INFO AllReduce: opCount 2 sendbuff 0x14d30f600000 recvbuff 0x14d30f600000 count 1 datatype 8 op 3 root 0 comm 0x55c09be15b30 [nranks=20] stream 0x55c0b97b9110
[LYD INFO in ncclLaunchKernel (enqueue.cc)] NCHANNELS is: 4
[LYD INFO in NCCL_FUNC_NAME (common.h)] 9 AllReduce TREE LL Min double Elapsed time: 160003 us

[LYD INFO in NCCL_FUNC_NAME (common.h)] 11 AllReduce TREE LL Min double Elapsed time: 5 us
x3103c0s31b0n0:26202:26202 [0] NCCL INFO AllReduce: opCount 2 sendbuff 0x14c953600000 recvbuff 0x14c953600000 count 1 datatype 8 op 3 root 0 comm 0x561987258650 [nranks=20] stream 0x5619a2ed8350
[LYD INFO in ncclLaunchKernel (enqueue.cc)] NCHANNELS is: 4
[LYD INFO in NCCL_FUNC_NAME (common.h)] 8 AllReduce TREE LL Min double Elapsed time: 32900 us

[LYD INFO in NCCL_KERN_NAME (common.h)] 8 AllReduce TREE LL Sum double Elapsed time: 34689 us
x3103c0s31b0n0:26202:26202 [0] NCCL INFO AllReduce: opCount 3 sendbuff 0x14c953600200 recvbuff 0x14c953600200 count 1 datatype 1 op 0 root 0 comm 0x561987258650 [nranks=20] stream 0x5619a2ed8350
[LYD INFO in ncclLaunchKernel (enqueue.cc)] NCHANNELS is: 4
[LYD INFO in NCCL_FUNC_NAME (common.h)] 10 AllReduce TREE LL Min double Elapsed time: 6 us

[LYD INFO in NCCL_KERN_NAME (common.h)] 10 AllReduce TREE LL Sum double Elapsed time: 48231 us

[LYD INFO in NCCL_KERN_NAME (common.h)] 11 AllReduce TREE LL Sum double Elapsed time: 53013 us
x3103c0s31b0n0:26205:26205 [3] NCCL INFO AllReduce: opCount 3 sendbuff 0x14ccef600200 recvbuff 0x14ccef600200 count 1 datatype 1 op 0 root 0 comm 0x55c2e7e305d0 [nranks=20] stream 0x55c2ff7540f0
[LYD INFO in ncclLaunchKernel (enqueue.cc)] NCHANNELS is: 4
[LYD INFO in NCCL_KERN_NAME (common.h)] 9 AllReduce TREE LL Sum double Elapsed time: 208326 us
x3103c0s31b0n0:26203:26203 [1] NCCL INFO AllReduce: opCount 3 sendbuff 0x14a63f600200 recvbuff 0x14a63f600200 count 1 datatype 1 op 0 root 0 comm 0x55fc3fe68320 [nranks=20] stream 0x55fc59dc57a0
[LYD INFO in ncclLaunchKernel (enqueue.cc)] NCHANNELS is: 4x3103c0s31b0n0:26204:26204 [2] NCCL INFO AllReduce: opCount 3 sendbuff 0x14d30f600200 recvbuff 0x14d30f600200 count 1 datatype 1 op 0 root 0 comm 0x55c09be15b30 [nranks=20] stream 0x55c0b97b9110
[LYD INFO in ncclLaunchKernel (enqueue.cc)] NCHANNELS is: 4
[LYD INFO in NCCL_KERN_NAME (common.h)] 8 AllReduce TREE LL Sum uint8_t Elapsed time: 130751 us

[LYD INFO in NCCL_KERN_NAME (common.h)] 10 AllReduce TREE LL Sum uint8_t Elapsed time: 57511 us
 > number of parameters on (tensor, pipeline) model parallel rank (0, 10): 34591200

[LYD INFO in NCCL_KERN_NAME (common.h)] 9 AllReduce TREE LL Sum uint8_t Elapsed time: 98267 us

[LYD INFO in NCCL_KERN_NAME (common.h)] 11 AllReduce TREE LL Sum uint8_t Elapsed time: 115191 us
 > number of parameters on (tensor, pipeline) model parallel rank (0, 11): 34591200
 > number of parameters on (tensor, pipeline) model parallel rank (0, 9): 34591200
x3103c0s31b0n0:26203:26203 [1] NCCL INFO AllReduce: opCount 4 sendbuff 0x14a63f600400 recvbuff 0x14a63f600400 count 1 datatype 1 op 0 root 0 comm 0x55fc3fe68320 [nranks=20] stream 0x55fc59dc57a0
[LYD INFO in ncclLaunchKernel (enqueue.cc)] NCHANNELS is: 4x3103c0s31b0n0:26204:26204 [2] NCCL INFO AllReduce: opCount 4 sendbuff 0x14d30f600400 recvbuff 0x14d30f600400 count 1 datatype 1 op 0 root 0 comm 0x55c09be15b30 [nranks=20] stream 0x55c0b97b9110
[LYD INFO in ncclLaunchKernel (enqueue.cc)] NCHANNELS is: 4x3103c0s31b0n0:26205:26205 [3] NCCL INFO AllReduce: opCount 4 sendbuff 0x14ccef600400 recvbuff 0x14ccef600400 count 1 datatype 1 op 0 root 0 comm 0x55c2e7e305d0 [nranks=20] stream 0x55c2ff7540f0
[LYD INFO in ncclLaunchKernel (enqueue.cc)] NCHANNELS is: 4 > number of parameters on (tensor, pipeline) model parallel rank (0, 8): 34591200
x3103c0s31b0n0:26202:26202 [0] NCCL INFO AllReduce: opCount 4 sendbuff 0x14c953600400 recvbuff 0x14c953600400 count 1 datatype 1 op 0 root 0 comm 0x561987258650 [nranks=20] stream 0x5619a2ed8350
[LYD INFO in ncclLaunchKernel (enqueue.cc)] NCHANNELS is: 4
[LYD INFO in NCCL_KERN_NAME (common.h)] 8 AllReduce TREE LL Sum uint8_t Elapsed time: 1683838 us
x3103c0s31b0n0:26202:26202 [0] NCCL INFO AllReduce: opCount 5 sendbuff 0x14c953614e00 recvbuff 0x14c953614e00 count 1 datatype 1 op 0 root 0 comm 0x561987258650 [nranks=20] stream 0x5619a2ed8350
[LYD INFO in ncclLaunchKernel (enqueue.cc)] NCHANNELS is: 4
[LYD INFO in NCCL_KERN_NAME (common.h)] 9 AllReduce TREE LL Sum uint8_t Elapsed time: 1721840 us
x3103c0s31b0n0:26203:26203 [1] NCCL INFO AllReduce: opCount 5 sendbuff 0x14a63f614e00 recvbuff 0x14a63f614e00 count 1 datatype 1 op 0 root 0 comm 0x55fc3fe68320 [nranks=20] stream 0x55fc59dc57a0
[LYD INFO in ncclLaunchKernel (enqueue.cc)] NCHANNELS is: 4
[LYD INFO in NCCL_KERN_NAME (common.h)] 10 AllReduce TREE LL Sum uint8_t Elapsed time: 1713456 us

[LYD INFO in NCCL_KERN_NAME (common.h)] 11 AllReduce TREE LL Sum uint8_t Elapsed time: 1698806 us
x3103c0s31b0n0:26205:26205 [3] NCCL INFO AllReduce: opCount 5 sendbuff 0x14ccef614e00 recvbuff 0x14ccef614e00 count 1 datatype 1 op 0 root 0 comm 0x55c2e7e305d0 [nranks=20] stream 0x55c2ff7540f0
[LYD INFO in ncclLaunchKernel (enqueue.cc)] NCHANNELS is: 4x3103c0s31b0n0:26204:26204 [2] NCCL INFO AllReduce: opCount 5 sendbuff 0x14d30f614e00 recvbuff 0x14d30f614e00 count 1 datatype 1 op 0 root 0 comm 0x55c09be15b30 [nranks=20] stream 0x55c0b97b9110
[LYD INFO in ncclLaunchKernel (enqueue.cc)] NCHANNELS is: 4
[LYD INFO in NCCL_KERN_NAME (common.h)] 8 AllReduce TREE LL Sum uint8_t Elapsed time: 74913 us
x3103c0s31b0n0:26202:26202 [0] NCCL INFO AllReduce: opCount 6 sendbuff 0x14c953600400 recvbuff 0x14c953600400 count 1 datatype 1 op 0 root 0 comm 0x561987258650 [nranks=20] stream 0x5619a2ed8350
[LYD INFO in ncclLaunchKernel (enqueue.cc)] NCHANNELS is: 4
[LYD INFO in NCCL_KERN_NAME (common.h)] 9 AllReduce TREE LL Sum uint8_t Elapsed time: 65256 us
x3103c0s31b0n0:26203:26203 [1] NCCL INFO AllReduce: opCount 6 sendbuff 0x14a63f600400 recvbuff 0x14a63f600400 count 1 datatype 1 op 0 root 0 comm 0x55fc3fe68320 [nranks=20] stream 0x55fc59dc57a0
[LYD INFO in ncclLaunchKernel (enqueue.cc)] NCHANNELS is: 4
[LYD INFO in NCCL_KERN_NAME (common.h)] 11 AllReduce TREE LL Sum uint8_t Elapsed time: 43599 us
x3103c0s31b0n0:26205:26205 [3] NCCL INFO AllReduce: opCount 6 sendbuff 0x14ccef600400 recvbuff 0x14ccef600400 count 1 datatype 1 op 0 root 0 comm 0x55c2e7e305d0 [nranks=20] stream 0x55c2ff7540f0
[LYD INFO in ncclLaunchKernel (enqueue.cc)] NCHANNELS is: 4
[LYD INFO in NCCL_KERN_NAME (common.h)] 10 AllReduce TREE LL Sum uint8_t Elapsed time: 26083 us
x3103c0s31b0n0:26204:26204 [2] NCCL INFO AllReduce: opCount 6 sendbuff 0x14d30f600400 recvbuff 0x14d30f600400 count 1 datatype 1 op 0 root 0 comm 0x55c09be15b30 [nranks=20] stream 0x55c0b97b9110
[LYD INFO in ncclLaunchKernel (enqueue.cc)] NCHANNELS is: 4
[LYD INFO in NCCL_KERN_NAME (common.h)] 10 AllReduce TREE LL Sum uint8_t Elapsed time: 75182 us

[LYD INFO in NCCL_KERN_NAME (common.h)] 9 AllReduce TREE LL Sum uint8_t Elapsed time: 103917 us

[LYD INFO in NCCL_KERN_NAME (common.h)] 8 AllReduce TREE LL Sum uint8_t Elapsed time: 106085 us

[LYD INFO in NCCL_KERN_NAME (common.h)] 11 AllReduce TREE LL Sum uint8_t Elapsed time: 89569 us
NCCL version 2.14.3+cuda11.8
x3103c0s31b0n0:26202:26202 [0] NCCL INFO init.cc:1147 Cuda Host Alloc Size 4 pointer 0x14c912e00400
NCCL version 2.14.3+cuda11.8
x3103c0s31b0n0:26203:26203 [1] NCCL INFO init.cc:1147 Cuda Host Alloc Size 4 pointer 0x14a5fee00400
NCCL version 2.14.3+cuda11.8
x3103c0s31b0n0:26204:26204 [2] NCCL INFO init.cc:1147 Cuda Host Alloc Size 4 pointer 0x14d2d0e00400
NCCL version 2.14.3+cuda11.8
x3103c0s31b0n0:26205:26205 [3] NCCL INFO init.cc:1147 Cuda Host Alloc Size 4 pointer 0x14ccb0e00400
x3103c0s31b0n0:26202:30366 [0] NCCL INFO Using network IB
x3103c0s31b0n0:26203:30368 [1] NCCL INFO Using network IB
x3103c0s31b0n0:26204:30371 [2] NCCL INFO Using network IB
x3103c0s31b0n0:26205:30373 [3] NCCL INFO Using network IB
x3103c0s31b0n0:26202:30366 [0] NCCL INFO NET/IB : GPU Direct RDMA Enabled for HCA 0 'mlx5_0'
x3103c0s31b0n0:26202:30366 [0] NCCL INFO NET/IB : GPU Direct RDMA Enabled for HCA 1 'mlx5_1'
x3103c0s31b0n0:26202:30366 [0] NCCL INFO GPU Direct RDMA Disabled for GPU 7000 / HCA 0 (distance 7 > 4)
x3103c0s31b0n0:26202:30366 [0] NCCL INFO GPU Direct RDMA Disabled for GPU 7000 / HCA 1 (distance 7 > 4)
x3103c0s31b0n0:26202:30366 [0] NCCL INFO === System : maxBw 5000.0 totalBw 0.0 ===
x3103c0s31b0n0:26202:30366 [0] NCCL INFO CPU/3 (1/2/-1)
x3103c0s31b0n0:26202:30366 [0] NCCL INFO + SYS[5000.0] - CPU/0
x3103c0s31b0n0:26202:30366 [0] NCCL INFO + SYS[5000.0] - CPU/2
x3103c0s31b0n0:26202:30366 [0] NCCL INFO + PCI[24.0] - PCI/5000 (11f8406811f8beef)
x3103c0s31b0n0:26202:30366 [0] NCCL INFO               + PCI[24.0] - GPU/7000 (0)
x3103c0s31b0n0:26202:30366 [0] NCCL INFO CPU/0 (1/2/-1)
x3103c0s31b0n0:26202:30366 [0] NCCL INFO + SYS[5000.0] - CPU/3
x3103c0s31b0n0:26202:30366 [0] NCCL INFO + SYS[5000.0] - CPU/2
x3103c0s31b0n0:26202:30366 [0] NCCL INFO + PCI[12.0] - NIC/C8000
x3103c0s31b0n0:26202:30366 [0] NCCL INFO CPU/2 (1/2/-1)
x3103c0s31b0n0:26202:30366 [0] NCCL INFO + SYS[5000.0] - CPU/3
x3103c0s31b0n0:26202:30366 [0] NCCL INFO + SYS[5000.0] - CPU/0
x3103c0s31b0n0:26202:30366 [0] NCCL INFO + PCI[12.0] - NIC/43000
x3103c0s31b0n0:26202:30366 [0] NCCL INFO ==========================================
x3103c0s31b0n0:26202:30366 [0] NCCL INFO GPU/7000 :GPU/7000 (0/5000.000000/LOC) CPU/3 (2/24.000000/PHB) CPU/0 (3/24.000000/SYS) CPU/2 (3/24.000000/SYS) 
x3103c0s31b0n0:26202:30366 [0] NCCL INFO Pattern 4, crossNic 0, nChannels 16, bw 44.000000/44.000000, type LOC/PIX, sameChannels 1
x3103c0s31b0n0:26202:30366 [0] NCCL INFO  0 : GPU/0
x3103c0s31b0n0:26202:30366 [0] NCCL INFO  1 : GPU/0
x3103c0s31b0n0:26202:30366 [0] NCCL INFO  2 : GPU/0
x3103c0s31b0n0:26202:30366 [0] NCCL INFO  3 : GPU/0
x3103c0s31b0n0:26202:30366 [0] NCCL INFO  4 : GPU/0
x3103c0s31b0n0:26202:30366 [0] NCCL INFO  5 : GPU/0
x3103c0s31b0n0:26202:30366 [0] NCCL INFO  6 : GPU/0
x3103c0s31b0n0:26202:30366 [0] NCCL INFO  7 : GPU/0
x3103c0s31b0n0:26202:30366 [0] NCCL INFO  8 : GPU/0
x3103c0s31b0n0:26202:30366 [0] NCCL INFO  9 : GPU/0
x3103c0s31b0n0:26202:30366 [0] NCCL INFO 10 : GPU/0
