x3004c0s31b0n0:33043:37287 [0] NCCL INFO New proxy send connection 2 from local rank 0, transport 0
x3004c0s31b0n0:33045:37159 [2] NCCL INFO Connection to proxy localRank 2 -> connection 0x14c234000cc0
x3004c0s31b0n0:33045:37291 [2] NCCL INFO transport/p2p.cc:430 Cuda Alloc Size 6291456 pointer 0x14c2ac600000
x3004c0s31b0n0:33044:37160 [1] NCCL INFO Channel 01/0 : 19[c7000] -> 1[46000] [receive] via NET/IB/0
x3004c0s31b0n0:33044:37160 [1] NCCL INFO GPU Direct RDMA Disabled for GPU 46000 / HCA 1 (distance 6 > 4)
x3004c0s31b0n0:33044:37289 [1] NCCL INFO New proxy recv connection 2 from local rank 1, transport 2
x3004c0s31b0n0:33043:37161 [0] NCCL INFO Connection to proxy localRank 0 -> connection 0x14a854000d00
x3004c0s31b0n0:33043:37287 [0] NCCL INFO transport/p2p.cc:430 Cuda Alloc Size 6291456 pointer 0x14a892e00000
x3004c0s31b0n0:33045:37159 [2] NCCL INFO Channel 02/0 : 2[85000] -> 3[c7000] via P2P/IPC/read
x3004c0s31b0n0:33045:37291 [2] NCCL INFO New proxy send connection 2 from local rank 2, transport 0
x3004c0s31b0n0:33046:37294 [3] NCCL INFO New proxy recv connection 2 from local rank 3, transport 0
x3004c0s31b0n0:33043:37161 [0] NCCL INFO Channel 03/0 : 0[7000] -> 2[85000] via P2P/IPC/read
x3004c0s31b0n0:33043:37287 [0] NCCL INFO New proxy send connection 3 from local rank 0, transport 0
x3004c0s31b0n0:33044:37160 [1] NCCL INFO Connection to proxy localRank 1 -> connection 0x14b6b8000d00
x3004c0s31b0n0:33046:37162 [3] NCCL INFO Connection to proxy localRank 3 -> connection 0x14a3a8000d00
x3004c0s31b0n0:33046:37294 [3] NCCL INFO transport/p2p.cc:449 Cuda Alloc Size 6291456 pointer 0x14a423e00000
x3004c0s31b0n0:33043:37161 [0] NCCL INFO Connection to proxy localRank 0 -> connection 0x14a854000d40
x3004c0s31b0n0:33043:37287 [0] NCCL INFO transport/p2p.cc:430 Cuda Alloc Size 6291456 pointer 0x14a893400000
x3004c0s31b0n0:33045:37159 [2] NCCL INFO Connection to proxy localRank 2 -> connection 0x14c234000d00
x3004c0s31b0n0:33045:37291 [2] NCCL INFO transport/p2p.cc:430 Cuda Alloc Size 6291456 pointer 0x14c2acc00000
x3004c0s31b0n0:33044:37160 [1] NCCL INFO Channel 02/0 : 19[c7000] -> 1[46000] [receive] via NET/IB/1
x3004c0s31b0n0:33044:37160 [1] NCCL INFO GPU Direct RDMA Disabled for GPU 46000 / HCA 0 (distance 7 > 4)
x3004c0s31b0n0:33044:37289 [1] NCCL INFO New proxy recv connection 3 from local rank 1, transport 2
x3004c0s31b0n0:33046:37294 [3] NCCL INFO New proxy recv connection 3 from local rank 3, transport 0
x3004c0s31b0n0:33046:37162 [3] NCCL INFO Connection to proxy localRank 3 -> connection 0x14a3a8000d40
x3004c0s31b0n0:33046:37294 [3] NCCL INFO transport/p2p.cc:449 Cuda Alloc Size 6291456 pointer 0x14a424400000
x3004c0s31b0n0:33044:37160 [1] NCCL INFO Connection to proxy localRank 1 -> connection 0x14b6b8000d40
x3004c0s31b0n0:33045:37159 [2] NCCL INFO Channel 03/0 : 2[85000] -> 3[c7000] via P2P/IPC/read
x3004c0s31b0n0:33045:37291 [2] NCCL INFO New proxy send connection 3 from local rank 2, transport 0
x3004c0s31b0n0:33044:37160 [1] NCCL INFO Channel 03/0 : 19[c7000] -> 1[46000] [receive] via NET/IB/0
x3004c0s31b0n0:33045:37159 [2] NCCL INFO Connection to proxy localRank 2 -> connection 0x14c234000d40
x3004c0s31b0n0:33045:37291 [2] NCCL INFO transport/p2p.cc:430 Cuda Alloc Size 6291456 pointer 0x14c2ad200000
x3004c0s31b0n0:33046:37162 [3] NCCL INFO GPU Direct RDMA Disabled for GPU c7000 / HCA 1 (distance 7 > 4)
x3004c0s31b0n0:33046:37294 [3] NCCL INFO Allocated 4194656 bytes of shared memory in /dev/shm/nccl-kmaX30

x3004c0s31b0n0:33046:37294 [3] NCCL INFO New proxy send connection 4 from local rank 3, transport 2
x3004c0s31b0n0:33045:37291 [2] NCCL INFO New proxy recv connection 4 from local rank 2, transport 0
x3004c0s31b0n0:33046:37162 [3] NCCL INFO Connection to proxy localRank 3 -> connection 0x14a3a8000d80
x3004c0s31b0n0:33046:37162 [3] NCCL INFO Channel 00/0 : 3[c7000] -> 5[46000] [send] via NET/IB/1
x3004c0s31b0n0:33046:37162 [3] NCCL INFO GPU Direct RDMA Disabled for GPU c7000 / HCA 0 (distance 6 > 4)
x3004c0s31b0n0:33046:37294 [3] NCCL INFO New proxy send connection 5 from local rank 3, transport 2
x3004c0s31b0n0:33045:37159 [2] NCCL INFO Connection to proxy localRank 2 -> connection 0x14c234000d80
x3004c0s31b0n0:33045:37291 [2] NCCL INFO transport/p2p.cc:449 Cuda Alloc Size 6291456 pointer 0x14c22f800000
x3004c0s31b0n0:33046:37162 [3] NCCL INFO Connection to proxy localRank 3 -> connection 0x14a3a8000dc0
x3004c0s31b0n0:33046:37162 [3] NCCL INFO Channel 01/0 : 3[c7000] -> 5[46000] [send] via NET/IB/0
x3004c0s31b0n0:33046:37162 [3] NCCL INFO GPU Direct RDMA Disabled for GPU c7000 / HCA 1 (distance 7 > 4)
x3004c0s31b0n0:33046:37294 [3] NCCL INFO New proxy send connection 6 from local rank 3, transport 2
x3004c0s31b0n0:33046:37162 [3] NCCL INFO Connection to proxy localRank 3 -> connection 0x14a3a8000e00
x3004c0s31b0n0:33046:37162 [3] NCCL INFO Channel 02/0 : 3[c7000] -> 5[46000] [send] via NET/IB/1
x3004c0s31b0n0:33046:37162 [3] NCCL INFO GPU Direct RDMA Disabled for GPU c7000 / HCA 0 (distance 6 > 4)
x3004c0s31b0n0:33046:37294 [3] NCCL INFO New proxy send connection 7 from local rank 3, transport 2
x3004c0s31b0n0:33045:37291 [2] NCCL INFO New proxy recv connection 5 from local rank 2, transport 0
x3004c0s31b0n0:33045:37159 [2] NCCL INFO Connection to proxy localRank 2 -> connection 0x14c234000dc0
x3004c0s31b0n0:33045:37291 [2] NCCL INFO transport/p2p.cc:449 Cuda Alloc Size 6291456 pointer 0x14c22c000000
x3004c0s31b0n0:33044:37289 [1] NCCL INFO transport/net_ib.cc:683 Ib Alloc Size 21688 pointer 0x14b6b801d000
x3004c0s31b0n0:33044:37289 [1] NCCL INFO transport/net_ib.cc:696 Ib Alloc Size 552 pointer 0x14b6b8024000
x3004c0s31b0n0:33045:37291 [2] NCCL INFO New proxy recv connection 6 from local rank 2, transport 0
x3004c0s31b0n0:33046:37162 [3] NCCL INFO Connection to proxy localRank 3 -> connection 0x14a3a8000e40
x3004c0s31b0n0:33046:37162 [3] NCCL INFO Channel 03/0 : 3[c7000] -> 5[46000] [send] via NET/IB/0
x3004c0s31b0n0:33046:37294 [3] NCCL INFO transport/net_ib.cc:596 Ib Alloc Size 26560 pointer 0x14a3a8020000
x3004c0s31b0n0:33044:37289 [1] NCCL INFO transport/net_ib.cc:771 Ib Alloc Size 552 pointer 0x14b6b8041000
x3004c0s31b0n0:33044:37289 [1] NCCL INFO transport/net.cc:698 Cuda Host Alloc Size 9641984 pointer 0x14b732a00000
x3004c0s31b0n0:33046:37294 [3] NCCL INFO NET/IB: Dev 1 Port 1 qpn 21492 mtu 5 GID 0 (80FE/DB0100FEFF000000)
x3004c0s31b0n0:33046:37294 [3] NCCL INFO transport/net_ib.cc:653 Ib Alloc Size 552 pointer 0x14a3a8038000
x3004c0s31b0n0:33046:37294 [3] NCCL INFO transport/net.cc:571 Cuda Host Alloc Size 9641984 pointer 0x14a3aec00000
x3004c0s31b0n0:33044:37289 [1] NCCL INFO transport/net_ib.cc:683 Ib Alloc Size 21688 pointer 0x14b6b8043000
x3004c0s31b0n0:33045:37159 [2] NCCL INFO Connection to proxy localRank 2 -> connection 0x14c234000e00
x3004c0s31b0n0:33045:37291 [2] NCCL INFO transport/p2p.cc:449 Cuda Alloc Size 6291456 pointer 0x14c22c600000
x3004c0s31b0n0:33046:37294 [3] NCCL INFO transport/net_ib.cc:596 Ib Alloc Size 26560 pointer 0x14a3a803a000
x3004c0s31b0n0:33044:37289 [1] NCCL INFO transport/net_ib.cc:696 Ib Alloc Size 552 pointer 0x14b6b804a000
x3004c0s31b0n0:33046:37294 [3] NCCL INFO NET/IB: Dev 0 Port 1 qpn 23834 mtu 5 GID 0 (80FE/9E0100FEFF000000)
x3004c0s31b0n0:33046:37294 [3] NCCL INFO transport/net_ib.cc:653 Ib Alloc Size 552 pointer 0x14a3a8051000
x3004c0s31b0n0:33046:37294 [3] NCCL INFO transport/net.cc:571 Cuda Host Alloc Size 9641984 pointer 0x14a3af600000
x3004c0s31b0n0:33044:37289 [1] NCCL INFO transport/net_ib.cc:771 Ib Alloc Size 552 pointer 0x14b6b8065000
x3004c0s31b0n0:33044:37289 [1] NCCL INFO transport/net.cc:698 Cuda Host Alloc Size 9641984 pointer 0x14b733400000
x3004c0s31b0n0:33046:37294 [3] NCCL INFO transport/net_ib.cc:596 Ib Alloc Size 26560 pointer 0x14a3a8053000
x3004c0s31b0n0:33046:37294 [3] NCCL INFO NET/IB: Dev 1 Port 1 qpn 21493 mtu 5 GID 0 (80FE/DB0100FEFF000000)
x3004c0s31b0n0:33046:37294 [3] NCCL INFO transport/net_ib.cc:653 Ib Alloc Size 552 pointer 0x14a3a806a000
x3004c0s31b0n0:33046:37294 [3] NCCL INFO transport/net.cc:571 Cuda Host Alloc Size 9641984 pointer 0x14a3a2000000
x3004c0s31b0n0:33044:37289 [1] NCCL INFO transport/net_ib.cc:683 Ib Alloc Size 21688 pointer 0x14b6b8067000
x3004c0s31b0n0:33044:37289 [1] NCCL INFO transport/net_ib.cc:696 Ib Alloc Size 552 pointer 0x14b6b806e000
x3004c0s31b0n0:33045:37291 [2] NCCL INFO New proxy recv connection 7 from local rank 2, transport 0
x3004c0s31b0n0:33044:37289 [1] NCCL INFO transport/net_ib.cc:771 Ib Alloc Size 552 pointer 0x14b6b8089000
x3004c0s31b0n0:33044:37289 [1] NCCL INFO transport/net.cc:698 Cuda Host Alloc Size 9641984 pointer 0x14b733e00000
x3004c0s31b0n0:33044:37289 [1] NCCL INFO transport/net_ib.cc:683 Ib Alloc Size 21688 pointer 0x14b6b808b000
x3004c0s31b0n0:33044:37289 [1] NCCL INFO transport/net_ib.cc:696 Ib Alloc Size 552 pointer 0x14b6b8092000
x3004c0s31b0n0:33045:37159 [2] NCCL INFO Connection to proxy localRank 2 -> connection 0x14c234000e40
x3004c0s31b0n0:33045:37291 [2] NCCL INFO transport/p2p.cc:449 Cuda Alloc Size 6291456 pointer 0x14c22cc00000
x3004c0s31b0n0:33044:37289 [1] NCCL INFO transport/net_ib.cc:771 Ib Alloc Size 552 pointer 0x14b6b80ad000
x3004c0s31b0n0:33044:37289 [1] NCCL INFO transport/net.cc:698 Cuda Host Alloc Size 9641984 pointer 0x14b734800000
x3004c0s31b0n0:33046:37294 [3] NCCL INFO transport/net_ib.cc:596 Ib Alloc Size 26560 pointer 0x14a3a806c000
x3004c0s31b0n0:33046:37294 [3] NCCL INFO NET/IB: Dev 0 Port 1 qpn 23839 mtu 5 GID 0 (80FE/9E0100FEFF000000)
x3004c0s31b0n0:33046:37294 [3] NCCL INFO transport/net_ib.cc:653 Ib Alloc Size 552 pointer 0x14a3a8083000
x3004c0s31b0n0:33046:37294 [3] NCCL INFO transport/net.cc:571 Cuda Host Alloc Size 9641984 pointer 0x14a3a2a00000
x3004c0s31b0n0:33046:37162 [3] NCCL INFO Connected all rings
x3004c0s31b0n0:33046:37162 [3] NCCL INFO Channel 00/0 : 3[c7000] -> 2[85000] via P2P/IPC/read
x3004c0s31b0n0:33046:37294 [3] NCCL INFO New proxy send connection 8 from local rank 3, transport 0
x3004c0s31b0n0:33045:37159 [2] NCCL INFO Connected all rings
x3004c0s31b0n0:33046:37162 [3] NCCL INFO Connection to proxy localRank 3 -> connection 0x14a3a8000e80
x3004c0s31b0n0:33046:37294 [3] NCCL INFO transport/p2p.cc:430 Cuda Alloc Size 6291456 pointer 0x14a3a3400000
x3004c0s31b0n0:33044:37160 [1] NCCL INFO Channel 00/0 : 1[46000] -> 0[7000] via P2P/IPC/read
x3004c0s31b0n0:33043:37287 [0] NCCL INFO New proxy recv connection 4 from local rank 0, transport 0
x3004c0s31b0n0:33043:37161 [0] NCCL INFO Connection to proxy localRank 0 -> connection 0x14a854000d80
x3004c0s31b0n0:33046:37162 [3] NCCL INFO Channel 01/0 : 3[c7000] -> 2[85000] via P2P/IPC/read
x3004c0s31b0n0:33046:37294 [3] NCCL INFO New proxy send connection 9 from local rank 3, transport 0
x3004c0s31b0n0:33044:37289 [1] NCCL INFO New proxy send connection 4 from local rank 1, transport 0
x3004c0s31b0n0:33044:37160 [1] NCCL INFO Connection to proxy localRank 1 -> connection 0x14b6b8000d80
x3004c0s31b0n0:33044:37289 [1] NCCL INFO transport/p2p.cc:430 Cuda Alloc Size 6291456 pointer 0x14b735200000
x3004c0s31b0n0:33045:37291 [2] NCCL INFO New proxy recv connection 8 from local rank 2, transport 0
x3004c0s31b0n0:33043:37287 [0] NCCL INFO transport/p2p.cc:449 Cuda Alloc Size 6291456 pointer 0x14a908a00000
x3004c0s31b0n0:33046:37162 [3] NCCL INFO Connection to proxy localRank 3 -> connection 0x14a3a8000ec0
x3004c0s31b0n0:33046:37294 [3] NCCL INFO transport/p2p.cc:430 Cuda Alloc Size 6291456 pointer 0x14a3a3a00000
x3004c0s31b0n0:33045:37159 [2] NCCL INFO Connection to proxy localRank 2 -> connection 0x14c234000e80
x3004c0s31b0n0:33045:37291 [2] NCCL INFO transport/p2p.cc:449 Cuda Alloc Size 6291456 pointer 0x14c22ac00000
x3004c0s31b0n0:33044:37160 [1] NCCL INFO Channel 01/0 : 1[46000] -> 0[7000] via P2P/IPC/read
x3004c0s31b0n0:33044:37289 [1] NCCL INFO New proxy send connection 5 from local rank 1, transport 0
x3004c0s31b0n0:33043:37287 [0] NCCL INFO New proxy recv connection 5 from local rank 0, transport 0
x3004c0s31b0n0:33043:37161 [0] NCCL INFO Connection to proxy localRank 0 -> connection 0x14a854000dc0
x3004c0s31b0n0:33043:37287 [0] NCCL INFO transport/p2p.cc:449 Cuda Alloc Size 6291456 pointer 0x14a909000000
x3004c0s31b0n0:33045:37291 [2] NCCL INFO New proxy recv connection 9 from local rank 2, transport 0
x3004c0s31b0n0:33046:37162 [3] NCCL INFO Channel 02/0 : 3[c7000] -> 2[85000] via P2P/IPC/read
x3004c0s31b0n0:33046:37294 [3] NCCL INFO New proxy send connection 10 from local rank 3, transport 0
x3004c0s31b0n0:33044:37160 [1] NCCL INFO Connection to proxy localRank 1 -> connection 0x14b6b8000dc0
x3004c0s31b0n0:33043:37287 [0] NCCL INFO New proxy recv connection 6 from local rank 0, transport 0
x3004c0s31b0n0:33045:37159 [2] NCCL INFO Connection to proxy localRank 2 -> connection 0x14c234000ec0
x3004c0s31b0n0:33045:37291 [2] NCCL INFO transport/p2p.cc:449 Cuda Alloc Size 6291456 pointer 0x14c22b200000
x3004c0s31b0n0:33046:37162 [3] NCCL INFO Connection to proxy localRank 3 -> connection 0x14a3a8000f00
x3004c0s31b0n0:33046:37294 [3] NCCL INFO transport/p2p.cc:430 Cuda Alloc Size 6291456 pointer 0x14a3a0000000
x3004c0s31b0n0:33044:37289 [1] NCCL INFO transport/p2p.cc:430 Cuda Alloc Size 6291456 pointer 0x14b6b2000000
x3004c0s31b0n0:33044:37160 [1] NCCL INFO Channel 02/0 : 1[46000] -> 0[7000] via P2P/IPC/read
x3004c0s31b0n0:33044:37289 [1] NCCL INFO New proxy send connection 6 from local rank 1, transport 0
x3004c0s31b0n0:33045:37291 [2] NCCL INFO New proxy recv connection 10 from local rank 2, transport 0
x3004c0s31b0n0:33043:37161 [0] NCCL INFO Connection to proxy localRank 0 -> connection 0x14a854000e00
x3004c0s31b0n0:33046:37162 [3] NCCL INFO Channel 03/0 : 3[c7000] -> 2[85000] via P2P/IPC/read
x3004c0s31b0n0:33046:37294 [3] NCCL INFO New proxy send connection 11 from local rank 3, transport 0
x3004c0s31b0n0:33043:37287 [0] NCCL INFO transport/p2p.cc:449 Cuda Alloc Size 6291456 pointer 0x14a85a000000
x3004c0s31b0n0:33045:37159 [2] NCCL INFO Connection to proxy localRank 2 -> connection 0x14c234000f00
x3004c0s31b0n0:33045:37291 [2] NCCL INFO transport/p2p.cc:449 Cuda Alloc Size 6291456 pointer 0x14c22b800000
x3004c0s31b0n0:33044:37160 [1] NCCL INFO Connection to proxy localRank 1 -> connection 0x14b6b8000e00
x3004c0s31b0n0:33044:37289 [1] NCCL INFO transport/p2p.cc:430 Cuda Alloc Size 6291456 pointer 0x14b6b2600000
x3004c0s31b0n0:33046:37162 [3] NCCL INFO Connection to proxy localRank 3 -> connection 0x14a3a8000f40
x3004c0s31b0n0:33046:37294 [3] NCCL INFO transport/p2p.cc:430 Cuda Alloc Size 6291456 pointer 0x14a3a0600000
x3004c0s31b0n0:33043:37287 [0] NCCL INFO New proxy recv connection 7 from local rank 0, transport 0
x3004c0s31b0n0:33044:37160 [1] NCCL INFO Channel 03/0 : 1[46000] -> 0[7000] via P2P/IPC/read
x3004c0s31b0n0:33044:37289 [1] NCCL INFO New proxy send connection 7 from local rank 1, transport 0
x3004c0s31b0n0:33044:37160 [1] NCCL INFO Connection to proxy localRank 1 -> connection 0x14b6b8000e40
x3004c0s31b0n0:33044:37289 [1] NCCL INFO transport/p2p.cc:430 Cuda Alloc Size 6291456 pointer 0x14b6b2c00000
x3004c0s31b0n0:33045:37291 [2] NCCL INFO New proxy recv connection 11 from local rank 2, transport 0
x3004c0s31b0n0:33043:37161 [0] NCCL INFO Connection to proxy localRank 0 -> connection 0x14a854000e40
x3004c0s31b0n0:33043:37287 [0] NCCL INFO transport/p2p.cc:449 Cuda Alloc Size 6291456 pointer 0x14a85a600000
x3004c0s31b0n0:33045:37159 [2] NCCL INFO Connection to proxy localRank 2 -> connection 0x14c234000f40
x3004c0s31b0n0:33045:37291 [2] NCCL INFO transport/p2p.cc:449 Cuda Alloc Size 6291456 pointer 0x14c228000000
x3004c0s31b0n0:33043:37161 [0] NCCL INFO Connected all rings
x3004c0s31b0n0:33043:37161 [0] NCCL INFO Channel 00/0 : 0[7000] -> 1[46000] via P2P/IPC/read
x3004c0s31b0n0:33043:37287 [0] NCCL INFO New proxy send connection 8 from local rank 0, transport 0
x3004c0s31b0n0:33044:37160 [1] NCCL INFO Connected all rings
x3004c0s31b0n0:33044:37289 [1] NCCL INFO New proxy recv connection 8 from local rank 1, transport 0
x3004c0s31b0n0:33044:37160 [1] NCCL INFO Connection to proxy localRank 1 -> connection 0x14b6b8000e80
x3004c0s31b0n0:33044:37289 [1] NCCL INFO transport/p2p.cc:449 Cuda Alloc Size 6291456 pointer 0x14b6aac00000
x3004c0s31b0n0:33043:37161 [0] NCCL INFO Connection to proxy localRank 0 -> connection 0x14a854000e80
x3004c0s31b0n0:33043:37287 [0] NCCL INFO transport/p2p.cc:430 Cuda Alloc Size 6291456 pointer 0x14a852600000
x3004c0s31b0n0:33044:37289 [1] NCCL INFO New proxy recv connection 9 from local rank 1, transport 0
x3004c0s31b0n0:33044:37160 [1] NCCL INFO Connection to proxy localRank 1 -> connection 0x14b6b8000ec0
x3004c0s31b0n0:33043:37161 [0] NCCL INFO Channel 01/0 : 0[7000] -> 1[46000] via P2P/IPC/read
x3004c0s31b0n0:33043:37287 [0] NCCL INFO New proxy send connection 9 from local rank 0, transport 0
x3004c0s31b0n0:33044:37289 [1] NCCL INFO transport/p2p.cc:449 Cuda Alloc Size 6291456 pointer 0x14b6ab200000
x3004c0s31b0n0:33044:37289 [1] NCCL INFO New proxy recv connection 10 from local rank 1, transport 0
x3004c0s31b0n0:33043:37161 [0] NCCL INFO Connection to proxy localRank 0 -> connection 0x14a854000ec0
x3004c0s31b0n0:33043:37287 [0] NCCL INFO transport/p2p.cc:430 Cuda Alloc Size 6291456 pointer 0x14a852c00000
x3004c0s31b0n0:33044:37160 [1] NCCL INFO Connection to proxy localRank 1 -> connection 0x14b6b8000f00
x3004c0s31b0n0:33044:37289 [1] NCCL INFO transport/p2p.cc:449 Cuda Alloc Size 6291456 pointer 0x14b6ab800000
x3004c0s31b0n0:33043:37161 [0] NCCL INFO Channel 02/0 : 0[7000] -> 1[46000] via P2P/IPC/read
x3004c0s31b0n0:33043:37287 [0] NCCL INFO New proxy send connection 10 from local rank 0, transport 0
x3004c0s31b0n0:33044:37289 [1] NCCL INFO New proxy recv connection 11 from local rank 1, transport 0
x3004c0s31b0n0:33044:37160 [1] NCCL INFO Connection to proxy localRank 1 -> connection 0x14b6b8000f40
x3004c0s31b0n0:33044:37289 [1] NCCL INFO transport/p2p.cc:449 Cuda Alloc Size 6291456 pointer 0x14b6a8000000
x3004c0s31b0n0:33043:37161 [0] NCCL INFO Connection to proxy localRank 0 -> connection 0x14a854000f00
x3004c0s31b0n0:33043:37287 [0] NCCL INFO transport/p2p.cc:430 Cuda Alloc Size 6291456 pointer 0x14a853200000
x3004c0s31b0n0:33044:37160 [1] NCCL INFO Channel 00/0 : 1[46000] -> 2[85000] via P2P/IPC/read
x3004c0s31b0n0:33044:37289 [1] NCCL INFO New proxy send connection 12 from local rank 1, transport 0
x3004c0s31b0n0:33043:37161 [0] NCCL INFO Channel 03/0 : 0[7000] -> 1[46000] via P2P/IPC/read
x3004c0s31b0n0:33043:37287 [0] NCCL INFO New proxy send connection 11 from local rank 0, transport 0
x3004c0s31b0n0:33044:37160 [1] NCCL INFO Connection to proxy localRank 1 -> connection 0x14b6b8000f80
x3004c0s31b0n0:33044:37289 [1] NCCL INFO transport/p2p.cc:430 Cuda Alloc Size 6291456 pointer 0x14b6a8600000
x3004c0s31b0n0:33043:37161 [0] NCCL INFO Connection to proxy localRank 0 -> connection 0x14a854000f40
x3004c0s31b0n0:33043:37287 [0] NCCL INFO transport/p2p.cc:430 Cuda Alloc Size 6291456 pointer 0x14a853800000
x3004c0s31b0n0:33044:37160 [1] NCCL INFO Channel 01/0 : 1[46000] -> 2[85000] via P2P/IPC/read
x3004c0s31b0n0:33044:37289 [1] NCCL INFO New proxy send connection 13 from local rank 1, transport 0
x3004c0s31b0n0:33044:37160 [1] NCCL INFO Connection to proxy localRank 1 -> connection 0x14b6b8000fc0
x3004c0s31b0n0:33044:37289 [1] NCCL INFO transport/p2p.cc:430 Cuda Alloc Size 6291456 pointer 0x14b6a8c00000
x3004c0s31b0n0:33044:37160 [1] NCCL INFO Channel 02/0 : 1[46000] -> 2[85000] via P2P/IPC/read
x3004c0s31b0n0:33044:37289 [1] NCCL INFO New proxy send connection 14 from local rank 1, transport 0
x3004c0s31b0n0:33044:37160 [1] NCCL INFO Connection to proxy localRank 1 -> connection 0x14b6b8001000
x3004c0s31b0n0:33044:37289 [1] NCCL INFO transport/p2p.cc:430 Cuda Alloc Size 6291456 pointer 0x14b6a9200000
x3004c0s31b0n0:33044:37160 [1] NCCL INFO Channel 03/0 : 1[46000] -> 2[85000] via P2P/IPC/read
x3004c0s31b0n0:33044:37289 [1] NCCL INFO New proxy send connection 15 from local rank 1, transport 0
x3004c0s31b0n0:33044:37160 [1] NCCL INFO Connection to proxy localRank 1 -> connection 0x14b6b8001040
x3004c0s31b0n0:33044:37289 [1] NCCL INFO transport/p2p.cc:430 Cuda Alloc Size 6291456 pointer 0x14b6a9800000
x3004c0s31b0n0:33044:37160 [1] NCCL INFO GPU Direct RDMA Disabled for GPU 46000 / HCA 1 (distance 6 > 4)
x3004c0s31b0n0:33044:37289 [1] NCCL INFO New proxy recv connection 16 from local rank 1, transport 2
x3004c0s31b0n0:33043:37161 [0] NCCL INFO GPU Direct RDMA Disabled for GPU 7000 / HCA 1 (distance 7 > 4)
x3004c0s31b0n0:33043:37287 [0] NCCL INFO Allocated 4194656 bytes of shared memory in /dev/shm/nccl-bZmx3L

x3004c0s31b0n0:33043:37287 [0] NCCL INFO New proxy recv connection 12 from local rank 0, transport 2
x3004c0s31b0n0:33045:37291 [2] NCCL INFO New proxy recv connection 12 from local rank 2, transport 0
x3004c0s31b0n0:33043:37161 [0] NCCL INFO Connection to proxy localRank 0 -> connection 0x14a854000f80
x3004c0s31b0n0:33045:37159 [2] NCCL INFO Connection to proxy localRank 2 -> connection 0x14c234000f80
x3004c0s31b0n0:33045:37291 [2] NCCL INFO transport/p2p.cc:449 Cuda Alloc Size 6291456 pointer 0x14c226000000
x3004c0s31b0n0:33044:37160 [1] NCCL INFO Connection to proxy localRank 1 -> connection 0x14b6b8001080
x3004c0s31b0n0:33043:37161 [0] NCCL INFO Channel 00/0 : 16[7000] -> 0[7000] [receive] via NET/IB/1
x3004c0s31b0n0:33043:37161 [0] NCCL INFO GPU Direct RDMA Disabled for GPU 7000 / HCA 0 (distance 7 > 4)
x3004c0s31b0n0:33045:37291 [2] NCCL INFO New proxy recv connection 13 from local rank 2, transport 0
x3004c0s31b0n0:33043:37287 [0] NCCL INFO New proxy recv connection 13 from local rank 0, transport 2
x3004c0s31b0n0:33043:37161 [0] NCCL INFO Connection to proxy localRank 0 -> connection 0x14a854000fc0
x3004c0s31b0n0:33044:37160 [1] NCCL INFO Channel 02/0 : 12[7000] -> 1[46000] [receive] via NET/IB/1
x3004c0s31b0n0:33044:37160 [1] NCCL INFO GPU Direct RDMA Disabled for GPU 46000 / HCA 0 (distance 7 > 4)
x3004c0s31b0n0:33044:37289 [1] NCCL INFO New proxy recv connection 17 from local rank 1, transport 2
x3004c0s31b0n0:33045:37159 [2] NCCL INFO Connection to proxy localRank 2 -> connection 0x14c234000fc0
x3004c0s31b0n0:33045:37291 [2] NCCL INFO transport/p2p.cc:449 Cuda Alloc Size 6291456 pointer 0x14c226600000
x3004c0s31b0n0:33043:37161 [0] NCCL INFO Channel 01/0 : 16[7000] -> 0[7000] [receive] via NET/IB/0
x3004c0s31b0n0:33043:37161 [0] NCCL INFO GPU Direct RDMA Disabled for GPU 7000 / HCA 1 (distance 7 > 4)
x3004c0s31b0n0:33043:37287 [0] NCCL INFO New proxy send connection 14 from local rank 0, transport 2
x3004c0s31b0n0:33044:37160 [1] NCCL INFO Connection to proxy localRank 1 -> connection 0x14b6b80010c0
x3004c0s31b0n0:33044:37160 [1] NCCL INFO Channel 03/0 : 12[7000] -> 1[46000] [receive] via NET/IB/0
x3004c0s31b0n0:33043:37161 [0] NCCL INFO Connection to proxy localRank 0 -> connection 0x14a854001000
x3004c0s31b0n0:33043:37161 [0] NCCL INFO Channel 02/0 : 0[7000] -> 4[7000] [send] via NET/IB/1
x3004c0s31b0n0:33043:37161 [0] NCCL INFO GPU Direct RDMA Disabled for GPU 7000 / HCA 0 (distance 7 > 4)
x3004c0s31b0n0:33043:37287 [0] NCCL INFO New proxy send connection 15 from local rank 0, transport 2
x3004c0s31b0n0:33045:37291 [2] NCCL INFO New proxy recv connection 14 from local rank 2, transport 0
x3004c0s31b0n0:33043:37161 [0] NCCL INFO Connection to proxy localRank 0 -> connection 0x14a854001040
x3004c0s31b0n0:33043:37161 [0] NCCL INFO Channel 03/0 : 0[7000] -> 4[7000] [send] via NET/IB/0
x3004c0s31b0n0:33043:37287 [0] NCCL INFO transport/net_ib.cc:596 Ib Alloc Size 26560 pointer 0x14a854025000
x3004c0s31b0n0:33045:37159 [2] NCCL INFO Connection to proxy localRank 2 -> connection 0x14c234001000
x3004c0s31b0n0:33045:37291 [2] NCCL INFO transport/p2p.cc:449 Cuda Alloc Size 6291456 pointer 0x14c226c00000
x3004c0s31b0n0:33043:37287 [0] NCCL INFO NET/IB: Dev 1 Port 1 qpn 21496 mtu 5 GID 0 (80FE/DB0100FEFF000000)
x3004c0s31b0n0:33043:37287 [0] NCCL INFO transport/net_ib.cc:653 Ib Alloc Size 552 pointer 0x14a85403d000
x3004c0s31b0n0:33043:37287 [0] NCCL INFO transport/net.cc:571 Cuda Host Alloc Size 9641984 pointer 0x14a84a000000
x3004c0s31b0n0:33043:37287 [0] NCCL INFO transport/net_ib.cc:596 Ib Alloc Size 26560 pointer 0x14a85403f000
x3004c0s31b0n0:33045:37291 [2] NCCL INFO New proxy recv connection 15 from local rank 2, transport 0
x3004c0s31b0n0:33043:37287 [0] NCCL INFO NET/IB: Dev 0 Port 1 qpn 23840 mtu 5 GID 0 (80FE/9E0100FEFF000000)
x3004c0s31b0n0:33043:37287 [0] NCCL INFO transport/net_ib.cc:653 Ib Alloc Size 552 pointer 0x14a854057000
x3004c0s31b0n0:33043:37287 [0] NCCL INFO transport/net.cc:571 Cuda Host Alloc Size 9641984 pointer 0x14a84aa00000
x3004c0s31b0n0:33043:37287 [0] NCCL INFO transport/net_ib.cc:683 Ib Alloc Size 21688 pointer 0x14a854059000
x3004c0s31b0n0:33043:37287 [0] NCCL INFO transport/net_ib.cc:696 Ib Alloc Size 552 pointer 0x14a854060000
x3004c0s31b0n0:33045:37159 [2] NCCL INFO Connection to proxy localRank 2 -> connection 0x14c234001040
x3004c0s31b0n0:33045:37291 [2] NCCL INFO transport/p2p.cc:449 Cuda Alloc Size 6291456 pointer 0x14c227200000
x3004c0s31b0n0:33043:37287 [0] NCCL INFO transport/net_ib.cc:771 Ib Alloc Size 552 pointer 0x14a85407c000
x3004c0s31b0n0:33043:37287 [0] NCCL INFO transport/net.cc:698 Cuda Host Alloc Size 9641984 pointer 0x14a84b400000
x3004c0s31b0n0:33043:37287 [0] NCCL INFO transport/net_ib.cc:683 Ib Alloc Size 21688 pointer 0x14a85407e000
x3004c0s31b0n0:33043:37287 [0] NCCL INFO transport/net_ib.cc:696 Ib Alloc Size 552 pointer 0x14a854085000
x3004c0s31b0n0:33043:37287 [0] NCCL INFO transport/net_ib.cc:771 Ib Alloc Size 552 pointer 0x14a854085000
x3004c0s31b0n0:33043:37287 [0] NCCL INFO transport/net.cc:698 Cuda Host Alloc Size 9641984 pointer 0x14a848000000
x3004c0s31b0n0:33045:37159 [2] NCCL INFO Channel 00/0 : 2[85000] -> 1[46000] via P2P/IPC/read
x3004c0s31b0n0:33045:37291 [2] NCCL INFO New proxy send connection 16 from local rank 2, transport 0
x3004c0s31b0n0:33045:37159 [2] NCCL INFO Connection to proxy localRank 2 -> connection 0x14c234001080
x3004c0s31b0n0:33045:37291 [2] NCCL INFO transport/p2p.cc:430 Cuda Alloc Size 6291456 pointer 0x14c227800000
x3004c0s31b0n0:33043:37161 [0] NCCL INFO GPU Direct RDMA Disabled for GPU 7000 / HCA 1 (distance 7 > 4)
x3004c0s31b0n0:33043:37287 [0] NCCL INFO New proxy recv connection 16 from local rank 0, transport 2
x3004c0s31b0n0:33043:37161 [0] NCCL INFO Connection to proxy localRank 0 -> connection 0x14a854001080
x3004c0s31b0n0:33045:37159 [2] NCCL INFO Channel 01/0 : 2[85000] -> 1[46000] via P2P/IPC/read
x3004c0s31b0n0:33045:37291 [2] NCCL INFO New proxy send connection 17 from local rank 2, transport 0
x3004c0s31b0n0:33043:37161 [0] NCCL INFO Channel 02/0 : 4[7000] -> 0[7000] [receive] via NET/IB/1
x3004c0s31b0n0:33043:37161 [0] NCCL INFO GPU Direct RDMA Disabled for GPU 7000 / HCA 0 (distance 7 > 4)
x3004c0s31b0n0:33043:37287 [0] NCCL INFO New proxy recv connection 17 from local rank 0, transport 2
x3004c0s31b0n0:33043:37161 [0] NCCL INFO Connection to proxy localRank 0 -> connection 0x14a8540010c0
x3004c0s31b0n0:33045:37159 [2] NCCL INFO Connection to proxy localRank 2 -> connection 0x14c2340010c0
x3004c0s31b0n0:33045:37291 [2] NCCL INFO transport/p2p.cc:430 Cuda Alloc Size 6291456 pointer 0x14c224000000
x3004c0s31b0n0:33045:37159 [2] NCCL INFO Channel 02/0 : 2[85000] -> 1[46000] via P2P/IPC/read
x3004c0s31b0n0:33045:37291 [2] NCCL INFO New proxy send connection 18 from local rank 2, transport 0
x3004c0s31b0n0:33044:37289 [1] NCCL INFO transport/net_ib.cc:683 Ib Alloc Size 21688 pointer 0x14b6b80be000
x3004c0s31b0n0:33044:37289 [1] NCCL INFO transport/net_ib.cc:696 Ib Alloc Size 552 pointer 0x14b6b801a000
x3004c0s31b0n0:33043:37161 [0] NCCL INFO Channel 03/0 : 4[7000] -> 0[7000] [receive] via NET/IB/0
x3004c0s31b0n0:33043:37161 [0] NCCL INFO GPU Direct RDMA Disabled for GPU 7000 / HCA 1 (distance 7 > 4)
x3004c0s31b0n0:33043:37287 [0] NCCL INFO New proxy send connection 18 from local rank 0, transport 2
x3004c0s31b0n0:33045:37159 [2] NCCL INFO Connection to proxy localRank 2 -> connection 0x14c234001100
x3004c0s31b0n0:33045:37291 [2] NCCL INFO transport/p2p.cc:430 Cuda Alloc Size 6291456 pointer 0x14c224600000
x3004c0s31b0n0:33044:37289 [1] NCCL INFO transport/net_ib.cc:771 Ib Alloc Size 552 pointer 0x14b6b80df000
x3004c0s31b0n0:33044:37289 [1] NCCL INFO transport/net.cc:698 Cuda Host Alloc Size 9641984 pointer 0x14b6a5200000
x3004c0s31b0n0:33044:37289 [1] NCCL INFO transport/net_ib.cc:683 Ib Alloc Size 21688 pointer 0x14b6b80e1000
x3004c0s31b0n0:33044:37289 [1] NCCL INFO transport/net_ib.cc:696 Ib Alloc Size 552 pointer 0x14b6b80e8000
x3004c0s31b0n0:33044:37289 [1] NCCL INFO transport/net_ib.cc:771 Ib Alloc Size 552 pointer 0x14b6b8103000
x3004c0s31b0n0:33044:37289 [1] NCCL INFO transport/net.cc:698 Cuda Host Alloc Size 9641984 pointer 0x14b6a2000000
x3004c0s31b0n0:33044:37160 [1] NCCL INFO GPU Direct RDMA Disabled for GPU 46000 / HCA 1 (distance 6 > 4)
x3004c0s31b0n0:33044:37289 [1] NCCL INFO New proxy send connection 18 from local rank 1, transport 2
x3004c0s31b0n0:33043:37161 [0] NCCL INFO Connection to proxy localRank 0 -> connection 0x14a854001100
x3004c0s31b0n0:33043:37161 [0] NCCL INFO Channel 00/0 : 0[7000] -> 16[7000] [send] via NET/IB/1
x3004c0s31b0n0:33043:37161 [0] NCCL INFO GPU Direct RDMA Disabled for GPU 7000 / HCA 0 (distance 7 > 4)
x3004c0s31b0n0:33045:37159 [2] NCCL INFO Channel 03/0 : 2[85000] -> 1[46000] via P2P/IPC/read
x3004c0s31b0n0:33045:37291 [2] NCCL INFO New proxy send connection 19 from local rank 2, transport 0
x3004c0s31b0n0:33044:37160 [1] NCCL INFO Connection to proxy localRank 1 -> connection 0x14b6b8001100
x3004c0s31b0n0:33044:37160 [1] NCCL INFO Channel 02/0 : 1[46000] -> 12[7000] [send] via NET/IB/1
x3004c0s31b0n0:33044:37160 [1] NCCL INFO GPU Direct RDMA Disabled for GPU 46000 / HCA 0 (distance 7 > 4)
x3004c0s31b0n0:33044:37289 [1] NCCL INFO New proxy send connection 19 from local rank 1, transport 2
x3004c0s31b0n0:33043:37287 [0] NCCL INFO New proxy send connection 19 from local rank 0, transport 2
x3004c0s31b0n0:33045:37159 [2] NCCL INFO Connection to proxy localRank 2 -> connection 0x14c234001140
x3004c0s31b0n0:33045:37291 [2] NCCL INFO transport/p2p.cc:430 Cuda Alloc Size 6291456 pointer 0x14c224c00000
x3004c0s31b0n0:33046:37162 [3] NCCL INFO Connected all trees by HAO
x3004c0s31b0n0:33046:37162 [3] NCCL INFO threadThresholds 8/8/64 | 160/8/64 | 512 | 512
x3004c0s31b0n0:33046:37162 [3] NCCL INFO 4 coll channels, 4 p2p channels, 2 p2p channels per peer
x3004c0s31b0n0:33046:37294 [3] NCCL INFO New proxy send connection 12 from local rank 3, transport 2
x3004c0s31b0n0:33043:37161 [0] NCCL INFO Connection to proxy localRank 0 -> connection 0x14a854001140
x3004c0s31b0n0:33043:37161 [0] NCCL INFO Channel 01/0 : 0[7000] -> 16[7000] [send] via NET/IB/0
x3004c0s31b0n0:33044:37160 [1] NCCL INFO Connection to proxy localRank 1 -> connection 0x14b6b8001140
x3004c0s31b0n0:33044:37160 [1] NCCL INFO Channel 03/0 : 1[46000] -> 12[7000] [send] via NET/IB/0
x3004c0s31b0n0:33044:37289 [1] NCCL INFO transport/net_ib.cc:596 Ib Alloc Size 26560 pointer 0x14b6b810f000
x3004c0s31b0n0:33043:37287 [0] NCCL INFO transport/net_ib.cc:596 Ib Alloc Size 26560 pointer 0x14a8540b4000
x3004c0s31b0n0:33043:37287 [0] NCCL INFO NET/IB: Dev 1 Port 1 qpn 21502 mtu 5 GID 0 (80FE/DB0100FEFF000000)
x3004c0s31b0n0:33043:37287 [0] NCCL INFO transport/net_ib.cc:653 Ib Alloc Size 552 pointer 0x14a8540cb000
x3004c0s31b0n0:33043:37287 [0] NCCL INFO transport/net.cc:571 Cuda Host Alloc Size 9641984 pointer 0x14a848a00000
x3004c0s31b0n0:33044:37289 [1] NCCL INFO NET/IB: Dev 1 Port 1 qpn 21501 mtu 5 GID 0 (80FE/DB0100FEFF000000)
x3004c0s31b0n0:33044:37289 [1] NCCL INFO transport/net_ib.cc:653 Ib Alloc Size 552 pointer 0x14b6b8126000
x3004c0s31b0n0:33044:37289 [1] NCCL INFO transport/net.cc:571 Cuda Host Alloc Size 9641984 pointer 0x14b6a2a00000
x3004c0s31b0n0:33043:37287 [0] NCCL INFO transport/net_ib.cc:596 Ib Alloc Size 26560 pointer 0x14a8540cd000
x3004c0s31b0n0:33046:37162 [3] NCCL INFO Connection to proxy localRank 3 -> connection 0x14a3a8000f80
x3004c0s31b0n0:33046:37294 [3] NCCL INFO transport/net.cc:376 Cuda Alloc Size 8388608 pointer 0x14a39e600000
x3004c0s31b0n0:33043:37287 [0] NCCL INFO NET/IB: Dev 0 Port 1 qpn 23845 mtu 5 GID 0 (80FE/9E0100FEFF000000)
x3004c0s31b0n0:33043:37287 [0] NCCL INFO transport/net_ib.cc:653 Ib Alloc Size 552 pointer 0x14a8540e4000
x3004c0s31b0n0:33043:37287 [0] NCCL INFO transport/net.cc:571 Cuda Host Alloc Size 9641984 pointer 0x14a849400000
x3004c0s31b0n0:33044:37289 [1] NCCL INFO transport/net_ib.cc:596 Ib Alloc Size 26560 pointer 0x14b6b8128000
x3004c0s31b0n0:33043:37287 [0] NCCL INFO Mem Realloc old size 768, new size 1536 pointer 0x14a8540d9150
x3004c0s31b0n0:33043:37287 [0] NCCL INFO transport/net_ib.cc:683 Ib Alloc Size 21688 pointer 0x14a8540e6000
x3004c0s31b0n0:33043:37287 [0] NCCL INFO transport/net_ib.cc:696 Ib Alloc Size 552 pointer 0x14a8540ed000
x3004c0s31b0n0:33044:37289 [1] NCCL INFO NET/IB: Dev 0 Port 1 qpn 23846 mtu 5 GID 0 (80FE/9E0100FEFF000000)
x3004c0s31b0n0:33044:37289 [1] NCCL INFO transport/net_ib.cc:653 Ib Alloc Size 552 pointer 0x14b6b813f000
x3004c0s31b0n0:33043:37287 [0] NCCL INFO transport/net_ib.cc:771 Ib Alloc Size 552 pointer 0x14a854109000
x3004c0s31b0n0:33043:37287 [0] NCCL INFO transport/net.cc:698 Cuda Host Alloc Size 9641984 pointer 0x14a846000000
x3004c0s31b0n0:33044:37289 [1] NCCL INFO transport/net.cc:571 Cuda Host Alloc Size 9641984 pointer 0x14b6a3400000
x3004c0s31b0n0:33044:37289 [1] NCCL INFO New proxy recv connection 20 from local rank 1, transport 0
x3004c0s31b0n0:33043:37287 [0] NCCL INFO transport/net_ib.cc:683 Ib Alloc Size 21688 pointer 0x14a85410b000
x3004c0s31b0n0:33043:37287 [0] NCCL INFO transport/net_ib.cc:696 Ib Alloc Size 552 pointer 0x14a854112000
x3004c0s31b0n0:33043:37287 [0] NCCL INFO transport/net_ib.cc:771 Ib Alloc Size 552 pointer 0x14a85412d000
x3004c0s31b0n0:33043:37287 [0] NCCL INFO transport/net.cc:698 Cuda Host Alloc Size 9641984 pointer 0x14a846a00000
x3004c0s31b0n0:33044:37160 [1] NCCL INFO Connection to proxy localRank 1 -> connection 0x14b6b8001180
x3004c0s31b0n0:33044:37289 [1] NCCL INFO transport/p2p.cc:449 Cuda Alloc Size 6291456 pointer 0x14b6a0000000
x3004c0s31b0n0:33043:37161 [0] NCCL INFO Connected all trees by HAO
x3004c0s31b0n0:33043:37161 [0] NCCL INFO Latency/AlgBw |    Tree/    LL |    Tree/ LL128 |    Tree/Simple |    Ring/    LL |    Ring/ LL128 |    Ring/Simple | CollNetDirect/    LL | CollNetDirect/ LL128 | CollNetDirect/Simple | CollNetChain/    LL | CollNetChain/ LL128 | CollNetChain/Simple |
x3004c0s31b0n0:33043:37161 [0] NCCL INFO  Max NThreads |            512 |            640 |            512 |            512 |            640 |            512 |              0 |              0 |            512 |              0 |              0 |            512 |
x3004c0s31b0n0:33043:37161 [0] NCCL INFO     Broadcast |     0.0/   0.0 |     0.0/   0.0 |     0.0/   0.0 |     6.3/   6.0 |    14.0/   0.0 |    18.0/  24.0 |     0.0/   0.0 |     0.0/   0.0 |     0.0/   0.0 |     0.0/   0.0 |     0.0/   0.0 |     0.0/   0.0 |
x3004c0s31b0n0:33043:37161 [0] NCCL INFO        Reduce |     0.0/   0.0 |     0.0/   0.0 |     0.0/   0.0 |     6.3/   6.0 |    14.0/   0.0 |    18.0/  24.0 |     0.0/   0.0 |     0.0/   0.0 |     0.0/   0.0 |     0.0/   0.0 |     0.0/   0.0 |     0.0/   0.0 |
x3004c0s31b0n0:33043:37161 [0] NCCL INFO     AllGather |     0.0/   0.0 |     0.0/   0.0 |     0.0/   0.0 |    27.1/   6.3 |    54.5/   0.0 |    97.8/  25.3 |     0.0/   0.0 |     0.0/   0.0 |     0.0/   0.0 |     0.0/   0.0 |     0.0/   0.0 |     0.0/   0.0 |
x3004c0s31b0n0:33043:37161 [0] NCCL INFO ReduceScatter |     0.0/   0.0 |     0.0/   0.0 |     0.0/   0.0 |    27.1/   6.3 |    54.5/   0.0 |    97.8/  25.3 |     0.0/   0.0 |     0.0/   0.0 |     0.0/   0.0 |     0.0/   0.0 |     0.0/   0.0 |     0.0/   0.0 |
x3004c0s31b0n0:33043:37161 [0] NCCL INFO     AllReduce |    30.0/   2.9 |    45.9/   0.0 |   280.0/  11.0 |    54.3/   3.2 |   103.2/   0.0 |   199.6/  12.6 |     7.4/   0.0 |     7.4/   0.0 |    29.7/   0.0 |     4.4/   0.0 |     4.4/   0.0 |    48.0/   0.0 |
x3004c0s31b0n0:33043:37161 [0] NCCL INFO threadThresholds 8/8/64 | 160/8/64 | 512 | 512
x3004c0s31b0n0:33043:37161 [0] NCCL INFO 4 coll channels, 4 p2p channels, 2 p2p channels per peer
x3004c0s31b0n0:33043:37287 [0] NCCL INFO New proxy send connection 20 from local rank 0, transport 2
x3004c0s31b0n0:33044:37289 [1] NCCL INFO New proxy recv connection 21 from local rank 1, transport 0
x3004c0s31b0n0:33044:37160 [1] NCCL INFO Connection to proxy localRank 1 -> connection 0x14b6b80011c0
x3004c0s31b0n0:33043:37161 [0] NCCL INFO Connection to proxy localRank 0 -> connection 0x14a854001180
x3004c0s31b0n0:33043:37287 [0] NCCL INFO transport/net.cc:376 Cuda Alloc Size 8388608 pointer 0x14a847400000
x3004c0s31b0n0:33044:37289 [1] NCCL INFO transport/p2p.cc:449 Cuda Alloc Size 6291456 pointer 0x14b6a0600000
x3004c0s31b0n0:33044:37289 [1] NCCL INFO New proxy recv connection 22 from local rank 1, transport 0
x3004c0s31b0n0:33044:37160 [1] NCCL INFO Connection to proxy localRank 1 -> connection 0x14b6b8001200
x3004c0s31b0n0:33044:37289 [1] NCCL INFO transport/p2p.cc:449 Cuda Alloc Size 6291456 pointer 0x14b6a0c00000
x3004c0s31b0n0:33044:37289 [1] NCCL INFO New proxy recv connection 23 from local rank 1, transport 0
x3004c0s31b0n0:33044:37160 [1] NCCL INFO Connection to proxy localRank 1 -> connection 0x14b6b8001240
x3004c0s31b0n0:33044:37289 [1] NCCL INFO transport/p2p.cc:449 Cuda Alloc Size 6291456 pointer 0x14b6a1200000
x3004c0s31b0n0:33044:37160 [1] NCCL INFO Connected all trees by HAO
x3004c0s31b0n0:33044:37160 [1] NCCL INFO threadThresholds 8/8/64 | 160/8/64 | 512 | 512
x3004c0s31b0n0:33044:37160 [1] NCCL INFO 4 coll channels, 4 p2p channels, 2 p2p channels per peer
x3004c0s31b0n0:33044:37289 [1] NCCL INFO New proxy send connection 24 from local rank 1, transport 2
x3004c0s31b0n0:33045:37159 [2] NCCL INFO Connected all trees by HAO
x3004c0s31b0n0:33045:37159 [2] NCCL INFO threadThresholds 8/8/64 | 160/8/64 | 512 | 512
x3004c0s31b0n0:33045:37159 [2] NCCL INFO 4 coll channels, 4 p2p channels, 2 p2p channels per peer
x3004c0s31b0n0:33045:37291 [2] NCCL INFO Allocated 4194656 bytes of shared memory in /dev/shm/nccl-CEdnEU

x3004c0s31b0n0:33045:37291 [2] NCCL INFO New proxy send connection 20 from local rank 2, transport 2
x3004c0s31b0n0:33044:37160 [1] NCCL INFO Connection to proxy localRank 1 -> connection 0x14b6b8001280
x3004c0s31b0n0:33044:37289 [1] NCCL INFO transport/net.cc:376 Cuda Alloc Size 8388608 pointer 0x14b69f200000
x3004c0s31b0n0:33045:37159 [2] NCCL INFO Connection to proxy localRank 2 -> connection 0x14c234001180
x3004c0s31b0n0:33045:37159 [2] NCCL INFO init.cc:367 Cuda Alloc Size 5168 pointer 0x14c28581fc00
x3004c0s31b0n0:33046:37162 [3] NCCL INFO init.cc:367 Cuda Alloc Size 5168 pointer 0x14a3ff81fc00
x3004c0s31b0n0:33044:37160 [1] NCCL INFO init.cc:367 Cuda Alloc Size 5168 pointer 0x14b70f81fc00
x3004c0s31b0n0:33043:37161 [0] NCCL INFO init.cc:367 Cuda Alloc Size 5168 pointer 0x14a8e3a22200
x3004c0s31b0n0:33046:37162 [3] NCCL INFO init.cc:392 Cuda Host Alloc Size 33554432 pointer 0x14a39c000000
x3004c0s31b0n0:33046:37162 [3] NCCL INFO init.cc:398 Cuda Host Alloc Size 128 pointer 0x14a3fee00a00
x3004c0s31b0n0:33046:37162 [3] NCCL INFO comm 0x55aa0a870e30 rank 3 nranks 20 cudaDev 3 busId c7000 - Init COMPLETE
x3004c0s31b0n0:33044:37160 [1] NCCL INFO init.cc:392 Cuda Host Alloc Size 33554432 pointer 0x14b69c000000
x3004c0s31b0n0:33044:37160 [1] NCCL INFO init.cc:398 Cuda Host Alloc Size 128 pointer 0x14b70ee00a00
x3004c0s31b0n0:33044:37160 [1] NCCL INFO comm 0x55b68f9ea700 rank 1 nranks 20 cudaDev 1 busId 46000 - Init COMPLETE
x3004c0s31b0n0:33045:37159 [2] NCCL INFO init.cc:392 Cuda Host Alloc Size 33554432 pointer 0x14c21e000000
x3004c0s31b0n0:33045:37159 [2] NCCL INFO init.cc:398 Cuda Host Alloc Size 128 pointer 0x14c284e00a00
x3004c0s31b0n0:33045:37159 [2] NCCL INFO comm 0x55ae5129dbb0 rank 2 nranks 20 cudaDev 2 busId 85000 - Init COMPLETE
x3004c0s31b0n0:33045:37291 [2] NCCL INFO transport/net.cc:376 Cuda Alloc Size 8388608 pointer 0x14c220600000
x3004c0s31b0n0:33043:37161 [0] NCCL INFO init.cc:392 Cuda Host Alloc Size 33554432 pointer 0x14a844000000
x3004c0s31b0n0:33043:37161 [0] NCCL INFO init.cc:398 Cuda Host Alloc Size 128 pointer 0x14a8e3000e00
x3004c0s31b0n0:33043:37161 [0] NCCL INFO comm 0x55db8a9108f0 rank 0 nranks 20 cudaDev 0 busId 7000 - Init COMPLETE
[Hao INFO in ncclAllReduce (all_reduce.cc)] rank 0 ncclAllReduce: count: 1, datatype: ncclInt64, message size: 8 Bytes
x3004c0s31b0n0:33043:33043 [0] NCCL INFO AllReduce: opCount 0 sendbuff 0x14a923600400 recvbuff 0x14a923600400 count 1 datatype 4 op 0 root 0 comm 0x55db8a9108f0 [nranks=20] stream 0x55db8942b8b0
x3004c0s31b0n0:33043:33043 [0] NCCL INFO misc/utils.cc:235 memory stack hunk malloc(65536)

[LYD INFO in ncclAllReduce (all_reduce.cc)] rank 0 AllReduce Time: 0.000047000 seconds

[LYD INFO in getAlgoInfo (enqueue.cc)] algorithm a is: 0

[LYD INFO in getAlgoInfo (enqueue.cc)] algorithm a is: 1

[LYD INFO in getAlgoInfo (enqueue.cc)] rank: 0, Duration between Point 1 and Point 2: 0.000022000 seconds

[LYD INFO in getAlgoInfo (enqueue.cc)] rank 0, Duration between Point 2 and Point 3: 0.000001000 seconds
[LYD INFO in getAlgoInfo (enqueue.cc)] out rank: 0
[LYD INFO in getAlgoInfo (enqueue.cc)] out coll: 4
[LYD INFO in getAlgoInfo (enqueue.cc)] out sendbuff address: 0x14a923600400
[LYD INFO in getAlgoInfo (enqueue.cc)] out recvbuff address: 0x14a923600400
[LYD INFO in getAlgoInfo (enqueue.cc)] out count: 1
[LYD INFO in getAlgoInfo (enqueue.cc)] out datatype: 4
[LYD INFO in getAlgoInfo (enqueue.cc)] out chunkSteps: 4
[LYD INFO in getAlgoInfo (enqueue.cc)] out sliceSteps: 2
[LYD INFO in getAlgoInfo (enqueue.cc)] out algorithm: 0
[LYD INFO in getAlgoInfo (enqueue.cc)] out protocol: 0
[LYD INFO in getAlgoInfo (enqueue.cc)] out nChannels: 1
[LYD INFO in getAlgoInfo (enqueue.cc)] out nThreads: 96
[LYD INFO in getAlgoInfo (enqueue.cc)] out nBytes: 8
[LYD INFO in getAlgoInfo (enqueue.cc)] out nstepsPerLoop: 0
[LYD INFO in getAlgoInfo (enqueue.cc)] out nchunksPerLoop: 0
[LYD INFO in getAlgoInfo (enqueue.cc)] out chunkSize: 0
[LYD INFO in ncclLaunchKernel (enqueue.cc)] NCHANNELS is: 4x3004c0s31b0n0:33044:33044 [1] NCCL INFO AllReduce: opCount 0 sendbuff 0x14b74f600400 recvbuff 0x14b74f600400 count 1 datatype 4 op 0 root 0 comm 0x55b68f9ea700 [nranks=20] stream 0x55b68e1b0c30
x3004c0s31b0n0:33044:33044 [1] NCCL INFO misc/utils.cc:235 memory stack hunk malloc(65536)
[LYD INFO in ncclLaunchKernel (enqueue.cc)] NCHANNELS is: 4x3004c0s31b0n0:33045:33045 [2] NCCL INFO AllReduce: opCount 0 sendbuff 0x14c2c7600400 recvbuff 0x14c2c7600400 count 1 datatype 4 op 0 root 0 comm 0x55ae5129dbb0 [nranks=20] stream 0x55ae4f44afa0
x3004c0s31b0n0:33045:33045 [2] NCCL INFO misc/utils.cc:235 memory stack hunk malloc(65536)
[LYD INFO in ncclLaunchKernel (enqueue.cc)] NCHANNELS is: 4x3004c0s31b0n0:33046:33046 [3] NCCL INFO AllReduce: opCount 0 sendbuff 0x14a43f600400 recvbuff 0x14a43f600400 count 1 datatype 4 op 0 root 0 comm 0x55aa0a870e30 [nranks=20] stream 0x55aa07c06cc0
x3004c0s31b0n0:33046:33046 [3] NCCL INFO misc/utils.cc:235 memory stack hunk malloc(65536)
[LYD INFO in ncclLaunchKernel (enqueue.cc)] NCHANNELS is: 4
[LYD INFO in NCCL_KERN_NAME (common.h)] 0 AllReduce TREE LL Sum int64_t Elapsed time: 806773 us
 > loading doc-idx mapping from /home/yuke/lyd/Megatron-LM/my-gpt2_text_document_train_indexmap_12800ns_512sl_1234s_doc_idx.npy

[LYD INFO in NCCL_KERN_NAME (common.h)] 1 AllReduce TREE LL Sum int64_t Elapsed time: 770275 us

[LYD INFO in NCCL_KERN_NAME (common.h)] 2 AllReduce TREE LL Sum int64_t Elapsed time: 750743 us

[LYD INFO in NCCL_KERN_NAME (common.h)] 3 AllReduce TREE LL Sum int64_t Elapsed time: 731438 us
[Hao INFO in ncclAllReduce (all_reduce.cc)] rank 1 ncclAllReduce: count: 1, datatype: ncclInt64, message size: 8 Bytes
x3004c0s31b0n0:33044:33044 [1] NCCL INFO AllReduce: opCount 0 sendbuff 0x14b74f600400 recvbuff 0x14b74f600400 count 1 datatype 4 op 0 root 0 comm 0x55b691000a30 [nranks=1] stream 0x55b68e1b0af0

[LYD INFO in ncclAllReduce (all_reduce.cc)] rank 0 AllReduce Time: 0.000034000 seconds
x3004c0s31b0n0:33044:33044 [1] NCCL INFO AllReduce: opCount 1 sendbuff 0x14b74f600400 recvbuff 0x14b74f600400 count 1 datatype 4 op 0 root 0 comm 0x55b68f9ea700 [nranks=20] stream 0x55b68e1b0c30
[LYD INFO in ncclLaunchKernel (enqueue.cc)] NCHANNELS is: 4[Hao INFO in ncclAllReduce (all_reduce.cc)] rank 2 ncclAllReduce: count: 1, datatype: ncclInt64, message size: 8 Bytes
x3004c0s31b0n0:33045:33045 [2] NCCL INFO AllReduce: opCount 0 sendbuff 0x14c2c7600400 recvbuff 0x14c2c7600400 count 1 datatype 4 op 0 root 0 comm 0x55ae51297f80 [nranks=1] stream 0x55ae4f48e850

[LYD INFO in ncclAllReduce (all_reduce.cc)] rank 0 AllReduce Time: 0.000032000 seconds
x3004c0s31b0n0:33045:33045 [2] NCCL INFO AllReduce: opCount 1 sendbuff 0x14c2c7600400 recvbuff 0x14c2c7600400 count 1 datatype 4 op 0 root 0 comm 0x55ae5129dbb0 [nranks=20] stream 0x55ae4f44afa0
[LYD INFO in ncclLaunchKernel (enqueue.cc)] NCHANNELS is: 4[Hao INFO in ncclAllReduce (all_reduce.cc)] rank 3 ncclAllReduce: count: 1, datatype: ncclInt64, message size: 8 Bytes
x3004c0s31b0n0:33046:33046 [3] NCCL INFO AllReduce: opCount 0 sendbuff 0x14a43f600400 recvbuff 0x14a43f600400 count 1 datatype 4 op 0 root 0 comm 0x55aa097012a0 [nranks=1] stream 0x55aa07c06b80

[LYD INFO in ncclAllReduce (all_reduce.cc)] rank 0 AllReduce Time: 0.000031000 seconds
x3004c0s31b0n0:33046:33046 [3] NCCL INFO AllReduce: opCount 1 sendbuff 0x14a43f600400 recvbuff 0x14a43f600400 count 1 datatype 4 op 0 root 0 comm 0x55aa0a870e30 [nranks=20] stream 0x55aa07c06cc0
[LYD INFO in ncclLaunchKernel (enqueue.cc)] NCHANNELS is: 4 > loading sample-idx mapping from /home/yuke/lyd/Megatron-LM/my-gpt2_text_document_train_indexmap_12800ns_512sl_1234s_sample_idx.npy
 > loading shuffle-idx mapping from /home/yuke/lyd/Megatron-LM/my-gpt2_text_document_train_indexmap_12800ns_512sl_1234s_shuffle_idx.npy
    loaded indexed file in 0.055 seconds
    total number of samples: 13112
    total number of epochs: 32
 > WARNING: could not find index map files, building the indices on rank 0 ...
x3004c0s31b0n0:33043:34458 [0] NCCL INFO [Service thread] Connection closed by localRank 0
x3004c0s31b0n0:33043:33043 [0] NCCL INFO comm 0x55db6be63b70 rank 0 nranks 20 cudaDev 0 busId 7000 - Abort COMPLETE
x3004c0s31b0n0:33043:37287 [0] NCCL INFO [Service thread] Connection closed by localRank 0
x3004c0s31b0n0:33043:33043 [0] NCCL INFO comm 0x55db8a9108f0 rank 0 nranks 20 cudaDev 0 busId 7000 - Abort COMPLETE
x3004c0s31b0n0:33043:36924 [0] NCCL INFO [Service thread] Connection closed by localRank 0
x3004c0s31b0n0:33043:33043 [0] NCCL INFO comm 0x55db8a6e4890 rank 0 nranks 2 cudaDev 0 busId 7000 - Abort COMPLETE
x3004c0s31b0n0:33043:37145 [0] NCCL INFO [Service thread] Connection closed by localRank 0
x3004c0s31b0n0:33043:33043 [0] NCCL INFO comm 0x55db8c2ebe70 rank 0 nranks 1 cudaDev 0 busId 7000 - Abort COMPLETE
