x3006c0s31b1n0:725:1716 [2] NCCL INFO channel.cc:23 Cuda Alloc Size 8064 pointer 0x1505f1800000
x3006c0s31b1n0:725:1716 [2] NCCL INFO channel.cc:27 Cuda Alloc Size 80 pointer 0x1505f1802000
x3006c0s31b1n0:725:1716 [2] NCCL INFO channel.cc:23 Cuda Alloc Size 8064 pointer 0x1505f1802200
x3006c0s31b1n0:725:1716 [2] NCCL INFO channel.cc:27 Cuda Alloc Size 80 pointer 0x1505f1804200
x3006c0s31b1n0:725:1716 [2] NCCL INFO channel.cc:23 Cuda Alloc Size 8064 pointer 0x1505f1804400
x3006c0s31b1n0:725:1716 [2] NCCL INFO channel.cc:27 Cuda Alloc Size 80 pointer 0x1505f1806400
x3006c0s31b1n0:725:1716 [2] NCCL INFO channel.cc:23 Cuda Alloc Size 8064 pointer 0x1505f1806600
x3006c0s31b1n0:725:1716 [2] NCCL INFO channel.cc:27 Cuda Alloc Size 80 pointer 0x1505f1808600
x3006c0s31b1n0:725:1716 [2] NCCL INFO Channel 00/0 : 2[85000] -> 3[c7000] via P2P/IPC/read
x3006c0s31b1n0:725:1865 [2] NCCL INFO Mem Realloc old size 0, new size 8 pointer 0x1505e4000c60
x3006c0s31b1n0:725:1865 [2] NCCL INFO New proxy send connection 0 from local rank 2, transport 0
x3006c0s31b1n0:727:1717 [3] NCCL INFO Ring 00 : 2 -> 3 -> 5
x3006c0s31b1n0:727:1717 [3] NCCL INFO Ring 01 : 2 -> 3 -> 5
x3006c0s31b1n0:727:1717 [3] NCCL INFO Ring 02 : 2 -> 3 -> 5
x3006c0s31b1n0:727:1717 [3] NCCL INFO Ring 03 : 2 -> 3 -> 5
x3006c0s31b1n0:727:1717 [3] NCCL INFO Trees [0] -1/-1/-1->3->2 [1] -1/-1/-1->3->2 [2] -1/-1/-1->3->2 [3] -1/-1/-1->3->2
x3006c0s31b1n0:727:1717 [3] NCCL INFO misc/utils.cc:235 memory stack hunk malloc(65536)
x3006c0s31b1n0:727:1717 [3] NCCL INFO channel.cc:23 Cuda Alloc Size 8064 pointer 0x148c97e00000
x3006c0s31b1n0:727:1717 [3] NCCL INFO channel.cc:27 Cuda Alloc Size 80 pointer 0x148c97e02000
x3006c0s31b1n0:727:1717 [3] NCCL INFO channel.cc:23 Cuda Alloc Size 8064 pointer 0x148c97e02200
x3006c0s31b1n0:727:1717 [3] NCCL INFO channel.cc:27 Cuda Alloc Size 80 pointer 0x148c97e04200
x3006c0s31b1n0:727:1717 [3] NCCL INFO channel.cc:23 Cuda Alloc Size 8064 pointer 0x148c97e04400
x3006c0s31b1n0:727:1717 [3] NCCL INFO channel.cc:27 Cuda Alloc Size 80 pointer 0x148c97e06400
x3006c0s31b1n0:727:1717 [3] NCCL INFO channel.cc:23 Cuda Alloc Size 8064 pointer 0x148c97e06600
x3006c0s31b1n0:727:1717 [3] NCCL INFO channel.cc:27 Cuda Alloc Size 80 pointer 0x148c97e08600
x3006c0s31b1n0:727:1877 [3] NCCL INFO Mem Realloc old size 0, new size 8 pointer 0x148c50000c60
x3006c0s31b1n0:727:1877 [3] NCCL INFO New proxy recv connection 0 from local rank 3, transport 0
x3006c0s31b1n0:716:1682 [0] NCCL INFO Channel 01/0 : 0[7000] -> 2[85000] via P2P/IPC/read
x3006c0s31b1n0:716:1866 [0] NCCL INFO New proxy send connection 1 from local rank 0, transport 0
x3006c0s31b1n0:725:1716 [2] NCCL INFO Connection to proxy localRank 2 -> connection 0x1505e4000c80
x3006c0s31b1n0:725:1865 [2] NCCL INFO transport/p2p.cc:430 Cuda Alloc Size 6291456 pointer 0x1505f1a00000
x3006c0s31b1n0:720:1722 [1] NCCL INFO Channel 00/0 : 19[c7000] -> 1[46000] [receive] via NET/IB/1
x3006c0s31b1n0:720:1722 [1] NCCL INFO GPU Direct RDMA Disabled for GPU 46000 / HCA 0 (distance 7 > 4)
x3006c0s31b1n0:720:1871 [1] NCCL INFO New proxy recv connection 1 from local rank 1, transport 2
x3006c0s31b1n0:720:1722 [1] NCCL INFO Connection to proxy localRank 1 -> connection 0x14e344000cc0
x3006c0s31b1n0:716:1682 [0] NCCL INFO Connection to proxy localRank 0 -> connection 0x150dd0000cc0
x3006c0s31b1n0:727:1717 [3] NCCL INFO Connection to proxy localRank 3 -> connection 0x148c50000c80
x3006c0s31b1n0:727:1877 [3] NCCL INFO transport/p2p.cc:449 Cuda Alloc Size 6291456 pointer 0x148c98000000
x3006c0s31b1n0:716:1866 [0] NCCL INFO transport/p2p.cc:430 Cuda Alloc Size 6291456 pointer 0x150dd6600000
x3006c0s31b1n0:725:1716 [2] NCCL INFO Channel 01/0 : 2[85000] -> 3[c7000] via P2P/IPC/read
x3006c0s31b1n0:725:1865 [2] NCCL INFO New proxy send connection 1 from local rank 2, transport 0
x3006c0s31b1n0:725:1716 [2] NCCL INFO Connection to proxy localRank 2 -> connection 0x1505e4000cc0
x3006c0s31b1n0:725:1865 [2] NCCL INFO transport/p2p.cc:430 Cuda Alloc Size 6291456 pointer 0x1505ea000000
x3006c0s31b1n0:720:1722 [1] NCCL INFO Channel 01/0 : 19[c7000] -> 1[46000] [receive] via NET/IB/0
x3006c0s31b1n0:720:1722 [1] NCCL INFO GPU Direct RDMA Disabled for GPU 46000 / HCA 1 (distance 6 > 4)
x3006c0s31b1n0:720:1871 [1] NCCL INFO New proxy recv connection 2 from local rank 1, transport 2
x3006c0s31b1n0:716:1682 [0] NCCL INFO Channel 02/0 : 0[7000] -> 2[85000] via P2P/IPC/read
x3006c0s31b1n0:716:1866 [0] NCCL INFO New proxy send connection 2 from local rank 0, transport 0
x3006c0s31b1n0:725:1716 [2] NCCL INFO Channel 02/0 : 2[85000] -> 3[c7000] via P2P/IPC/read
x3006c0s31b1n0:725:1865 [2] NCCL INFO New proxy send connection 2 from local rank 2, transport 0
x3006c0s31b1n0:720:1722 [1] NCCL INFO Connection to proxy localRank 1 -> connection 0x14e344000d00
x3006c0s31b1n0:727:1877 [3] NCCL INFO New proxy recv connection 1 from local rank 3, transport 0
x3006c0s31b1n0:716:1682 [0] NCCL INFO Connection to proxy localRank 0 -> connection 0x150dd0000d00
x3006c0s31b1n0:720:1722 [1] NCCL INFO Channel 02/0 : 19[c7000] -> 1[46000] [receive] via NET/IB/1
x3006c0s31b1n0:720:1722 [1] NCCL INFO GPU Direct RDMA Disabled for GPU 46000 / HCA 0 (distance 7 > 4)
x3006c0s31b1n0:720:1871 [1] NCCL INFO New proxy recv connection 3 from local rank 1, transport 2
x3006c0s31b1n0:716:1866 [0] NCCL INFO transport/p2p.cc:430 Cuda Alloc Size 6291456 pointer 0x150dd6c00000
x3006c0s31b1n0:725:1716 [2] NCCL INFO Connection to proxy localRank 2 -> connection 0x1505e4000d00
x3006c0s31b1n0:725:1865 [2] NCCL INFO transport/p2p.cc:430 Cuda Alloc Size 6291456 pointer 0x1505ea600000
x3006c0s31b1n0:727:1717 [3] NCCL INFO Connection to proxy localRank 3 -> connection 0x148c50000cc0
x3006c0s31b1n0:727:1877 [3] NCCL INFO transport/p2p.cc:449 Cuda Alloc Size 6291456 pointer 0x148c98600000
x3006c0s31b1n0:716:1682 [0] NCCL INFO Channel 03/0 : 0[7000] -> 2[85000] via P2P/IPC/read
x3006c0s31b1n0:716:1866 [0] NCCL INFO New proxy send connection 3 from local rank 0, transport 0
x3006c0s31b1n0:716:1682 [0] NCCL INFO Connection to proxy localRank 0 -> connection 0x150dd0000d40
x3006c0s31b1n0:716:1866 [0] NCCL INFO transport/p2p.cc:430 Cuda Alloc Size 6291456 pointer 0x150dd7200000
x3006c0s31b1n0:720:1722 [1] NCCL INFO Connection to proxy localRank 1 -> connection 0x14e344000d40
x3006c0s31b1n0:725:1716 [2] NCCL INFO Channel 03/0 : 2[85000] -> 3[c7000] via P2P/IPC/read
x3006c0s31b1n0:725:1865 [2] NCCL INFO New proxy send connection 3 from local rank 2, transport 0
x3006c0s31b1n0:727:1877 [3] NCCL INFO New proxy recv connection 2 from local rank 3, transport 0
x3006c0s31b1n0:720:1722 [1] NCCL INFO Channel 03/0 : 19[c7000] -> 1[46000] [receive] via NET/IB/0
x3006c0s31b1n0:725:1716 [2] NCCL INFO Connection to proxy localRank 2 -> connection 0x1505e4000d40
x3006c0s31b1n0:725:1865 [2] NCCL INFO transport/p2p.cc:430 Cuda Alloc Size 6291456 pointer 0x1505eac00000
x3006c0s31b1n0:727:1717 [3] NCCL INFO Connection to proxy localRank 3 -> connection 0x148c50000d00
x3006c0s31b1n0:727:1877 [3] NCCL INFO transport/p2p.cc:449 Cuda Alloc Size 6291456 pointer 0x148c98c00000
x3006c0s31b1n0:720:1871 [1] NCCL INFO transport/net_ib.cc:683 Ib Alloc Size 21688 pointer 0x14e34401d000
x3006c0s31b1n0:727:1877 [3] NCCL INFO New proxy recv connection 3 from local rank 3, transport 0
x3006c0s31b1n0:720:1871 [1] NCCL INFO transport/net_ib.cc:696 Ib Alloc Size 552 pointer 0x14e344024000
x3006c0s31b1n0:727:1717 [3] NCCL INFO Connection to proxy localRank 3 -> connection 0x148c50000d40
x3006c0s31b1n0:727:1877 [3] NCCL INFO transport/p2p.cc:449 Cuda Alloc Size 6291456 pointer 0x148c99200000
x3006c0s31b1n0:720:1871 [1] NCCL INFO transport/net_ib.cc:771 Ib Alloc Size 552 pointer 0x14e34404b000
x3006c0s31b1n0:720:1871 [1] NCCL INFO transport/net.cc:698 Cuda Host Alloc Size 9641984 pointer 0x14e390000000
x3006c0s31b1n0:720:1871 [1] NCCL INFO Mem Realloc old size 0, new size 768 pointer 0x14e3440403c0
x3006c0s31b1n0:727:1717 [3] NCCL INFO GPU Direct RDMA Disabled for GPU c7000 / HCA 1 (distance 7 > 4)
x3006c0s31b1n0:727:1877 [3] NCCL INFO Allocated 4194656 bytes of shared memory in /dev/shm/nccl-KpmWPa

x3006c0s31b1n0:727:1877 [3] NCCL INFO New proxy send connection 4 from local rank 3, transport 2
x3006c0s31b1n0:725:1865 [2] NCCL INFO New proxy recv connection 4 from local rank 2, transport 0
x3006c0s31b1n0:720:1871 [1] NCCL INFO transport/net_ib.cc:683 Ib Alloc Size 21688 pointer 0x14e34404d000
x3006c0s31b1n0:720:1871 [1] NCCL INFO transport/net_ib.cc:696 Ib Alloc Size 552 pointer 0x14e344054000
x3006c0s31b1n0:725:1716 [2] NCCL INFO Connection to proxy localRank 2 -> connection 0x1505e4000d80
x3006c0s31b1n0:720:1871 [1] NCCL INFO transport/net_ib.cc:771 Ib Alloc Size 552 pointer 0x14e344079000
x3006c0s31b1n0:720:1871 [1] NCCL INFO transport/net.cc:698 Cuda Host Alloc Size 9641984 pointer 0x14e390a00000
x3006c0s31b1n0:720:1871 [1] NCCL INFO Mem Realloc old size 0, new size 768 pointer 0x14e34406e4f0
x3006c0s31b1n0:725:1865 [2] NCCL INFO transport/p2p.cc:449 Cuda Alloc Size 6291456 pointer 0x1505e2c00000
x3006c0s31b1n0:727:1717 [3] NCCL INFO Connection to proxy localRank 3 -> connection 0x148c50000d80
x3006c0s31b1n0:727:1717 [3] NCCL INFO Channel 00/0 : 3[c7000] -> 5[46000] [send] via NET/IB/1
x3006c0s31b1n0:727:1717 [3] NCCL INFO GPU Direct RDMA Disabled for GPU c7000 / HCA 0 (distance 6 > 4)
x3006c0s31b1n0:727:1877 [3] NCCL INFO New proxy send connection 5 from local rank 3, transport 2
x3006c0s31b1n0:720:1871 [1] NCCL INFO transport/net_ib.cc:683 Ib Alloc Size 21688 pointer 0x14e34407b000
x3006c0s31b1n0:720:1871 [1] NCCL INFO transport/net_ib.cc:696 Ib Alloc Size 552 pointer 0x14e344082000
x3006c0s31b1n0:720:1871 [1] NCCL INFO transport/net_ib.cc:771 Ib Alloc Size 552 pointer 0x14e34409d000
x3006c0s31b1n0:720:1871 [1] NCCL INFO transport/net.cc:698 Cuda Host Alloc Size 9641984 pointer 0x14e391400000
x3006c0s31b1n0:725:1865 [2] NCCL INFO New proxy recv connection 5 from local rank 2, transport 0
x3006c0s31b1n0:727:1717 [3] NCCL INFO Connection to proxy localRank 3 -> connection 0x148c50000dc0
x3006c0s31b1n0:727:1717 [3] NCCL INFO Channel 01/0 : 3[c7000] -> 5[46000] [send] via NET/IB/0
x3006c0s31b1n0:727:1717 [3] NCCL INFO GPU Direct RDMA Disabled for GPU c7000 / HCA 1 (distance 7 > 4)
x3006c0s31b1n0:720:1871 [1] NCCL INFO transport/net_ib.cc:683 Ib Alloc Size 21688 pointer 0x14e34409f000
x3006c0s31b1n0:720:1871 [1] NCCL INFO transport/net_ib.cc:696 Ib Alloc Size 552 pointer 0x14e3440a6000
x3006c0s31b1n0:727:1877 [3] NCCL INFO New proxy send connection 6 from local rank 3, transport 2
x3006c0s31b1n0:725:1716 [2] NCCL INFO Connection to proxy localRank 2 -> connection 0x1505e4000dc0
x3006c0s31b1n0:725:1865 [2] NCCL INFO transport/p2p.cc:449 Cuda Alloc Size 6291456 pointer 0x1505e3200000
x3006c0s31b1n0:727:1717 [3] NCCL INFO Connection to proxy localRank 3 -> connection 0x148c50000e00
x3006c0s31b1n0:727:1717 [3] NCCL INFO Channel 02/0 : 3[c7000] -> 5[46000] [send] via NET/IB/1
x3006c0s31b1n0:727:1717 [3] NCCL INFO GPU Direct RDMA Disabled for GPU c7000 / HCA 0 (distance 6 > 4)
x3006c0s31b1n0:727:1877 [3] NCCL INFO New proxy send connection 7 from local rank 3, transport 2
x3006c0s31b1n0:720:1871 [1] NCCL INFO transport/net_ib.cc:771 Ib Alloc Size 552 pointer 0x14e3440c1000
x3006c0s31b1n0:720:1871 [1] NCCL INFO transport/net.cc:698 Cuda Host Alloc Size 9641984 pointer 0x14e391e00000
x3006c0s31b1n0:720:1722 [1] NCCL INFO Channel 00/0 : 1[46000] -> 0[7000] via P2P/IPC/read
x3006c0s31b1n0:720:1871 [1] NCCL INFO New proxy send connection 4 from local rank 1, transport 0
x3006c0s31b1n0:727:1717 [3] NCCL INFO Connection to proxy localRank 3 -> connection 0x148c50000e40
x3006c0s31b1n0:727:1717 [3] NCCL INFO Channel 03/0 : 3[c7000] -> 5[46000] [send] via NET/IB/0
x3006c0s31b1n0:725:1865 [2] NCCL INFO New proxy recv connection 6 from local rank 2, transport 0
x3006c0s31b1n0:727:1877 [3] NCCL INFO transport/net_ib.cc:596 Ib Alloc Size 26560 pointer 0x148c50020000
x3006c0s31b1n0:727:1877 [3] NCCL INFO NET/IB: Dev 1 Port 1 qpn 3363 mtu 5 GID 0 (80FE/BC0800FEFF000000)
x3006c0s31b1n0:727:1877 [3] NCCL INFO transport/net_ib.cc:653 Ib Alloc Size 552 pointer 0x148c50042000
x3006c0s31b1n0:727:1877 [3] NCCL INFO transport/net.cc:571 Cuda Host Alloc Size 9641984 pointer 0x148c9b000000
x3006c0s31b1n0:727:1877 [3] NCCL INFO Mem Realloc old size 0, new size 768 pointer 0x148c5002f5c0
x3006c0s31b1n0:720:1722 [1] NCCL INFO Connection to proxy localRank 1 -> connection 0x14e344000d80
x3006c0s31b1n0:720:1871 [1] NCCL INFO transport/p2p.cc:430 Cuda Alloc Size 6291456 pointer 0x14e392800000
x3006c0s31b1n0:725:1716 [2] NCCL INFO Connection to proxy localRank 2 -> connection 0x1505e4000e00
x3006c0s31b1n0:725:1865 [2] NCCL INFO transport/p2p.cc:449 Cuda Alloc Size 6291456 pointer 0x1505e3800000
x3006c0s31b1n0:727:1877 [3] NCCL INFO transport/net_ib.cc:596 Ib Alloc Size 26560 pointer 0x148c50042000
x3006c0s31b1n0:727:1877 [3] NCCL INFO NET/IB: Dev 0 Port 1 qpn 4276 mtu 5 GID 0 (80FE/FD0800FEFF000000)
x3006c0s31b1n0:727:1877 [3] NCCL INFO transport/net_ib.cc:653 Ib Alloc Size 552 pointer 0x148c50064000
x3006c0s31b1n0:727:1877 [3] NCCL INFO transport/net.cc:571 Cuda Host Alloc Size 9641984 pointer 0x148c9ba00000
x3006c0s31b1n0:727:1877 [3] NCCL INFO Mem Realloc old size 0, new size 768 pointer 0x148c50051c50
x3006c0s31b1n0:727:1877 [3] NCCL INFO transport/net_ib.cc:596 Ib Alloc Size 26560 pointer 0x148c50066000
x3006c0s31b1n0:720:1722 [1] NCCL INFO Channel 01/0 : 1[46000] -> 0[7000] via P2P/IPC/read
x3006c0s31b1n0:720:1871 [1] NCCL INFO New proxy send connection 5 from local rank 1, transport 0
x3006c0s31b1n0:727:1877 [3] NCCL INFO NET/IB: Dev 1 Port 1 qpn 3364 mtu 5 GID 0 (80FE/BC0800FEFF000000)
x3006c0s31b1n0:727:1877 [3] NCCL INFO transport/net_ib.cc:653 Ib Alloc Size 552 pointer 0x148c5007d000
x3006c0s31b1n0:727:1877 [3] NCCL INFO transport/net.cc:571 Cuda Host Alloc Size 9641984 pointer 0x148c9c400000
x3006c0s31b1n0:725:1865 [2] NCCL INFO New proxy recv connection 7 from local rank 2, transport 0
x3006c0s31b1n0:727:1877 [3] NCCL INFO transport/net_ib.cc:596 Ib Alloc Size 26560 pointer 0x148c5007f000
x3006c0s31b1n0:720:1722 [1] NCCL INFO Connection to proxy localRank 1 -> connection 0x14e344000dc0
x3006c0s31b1n0:727:1877 [3] NCCL INFO NET/IB: Dev 0 Port 1 qpn 4278 mtu 5 GID 0 (80FE/FD0800FEFF000000)
x3006c0s31b1n0:727:1877 [3] NCCL INFO transport/net_ib.cc:653 Ib Alloc Size 552 pointer 0x148c50096000
x3006c0s31b1n0:727:1877 [3] NCCL INFO transport/net.cc:571 Cuda Host Alloc Size 9641984 pointer 0x148c9ce00000
x3006c0s31b1n0:720:1871 [1] NCCL INFO transport/p2p.cc:430 Cuda Alloc Size 6291456 pointer 0x14e392e00000
x3006c0s31b1n0:725:1716 [2] NCCL INFO Connection to proxy localRank 2 -> connection 0x1505e4000e40
x3006c0s31b1n0:725:1865 [2] NCCL INFO transport/p2p.cc:449 Cuda Alloc Size 6291456 pointer 0x1505e0000000
x3006c0s31b1n0:720:1722 [1] NCCL INFO Channel 02/0 : 1[46000] -> 0[7000] via P2P/IPC/read
x3006c0s31b1n0:720:1871 [1] NCCL INFO New proxy send connection 6 from local rank 1, transport 0
x3006c0s31b1n0:720:1722 [1] NCCL INFO Connection to proxy localRank 1 -> connection 0x14e344000e00
x3006c0s31b1n0:720:1871 [1] NCCL INFO transport/p2p.cc:430 Cuda Alloc Size 6291456 pointer 0x14e393400000
x3006c0s31b1n0:727:1717 [3] NCCL INFO Connected all rings
x3006c0s31b1n0:727:1717 [3] NCCL INFO Channel 00/0 : 3[c7000] -> 2[85000] via P2P/IPC/read
x3006c0s31b1n0:727:1877 [3] NCCL INFO New proxy send connection 8 from local rank 3, transport 0
x3006c0s31b1n0:725:1716 [2] NCCL INFO Connected all rings
x3006c0s31b1n0:725:1865 [2] NCCL INFO New proxy recv connection 8 from local rank 2, transport 0
x3006c0s31b1n0:716:1866 [0] NCCL INFO New proxy recv connection 4 from local rank 0, transport 0
x3006c0s31b1n0:720:1722 [1] NCCL INFO Channel 03/0 : 1[46000] -> 0[7000] via P2P/IPC/read
x3006c0s31b1n0:720:1871 [1] NCCL INFO New proxy send connection 7 from local rank 1, transport 0
x3006c0s31b1n0:727:1717 [3] NCCL INFO Connection to proxy localRank 3 -> connection 0x148c50000e80
x3006c0s31b1n0:727:1877 [3] NCCL INFO transport/p2p.cc:430 Cuda Alloc Size 6291456 pointer 0x148c9d800000
x3006c0s31b1n0:716:1682 [0] NCCL INFO Connection to proxy localRank 0 -> connection 0x150dd0000d80
x3006c0s31b1n0:716:1866 [0] NCCL INFO transport/p2p.cc:449 Cuda Alloc Size 6291456 pointer 0x150dcf200000
x3006c0s31b1n0:725:1716 [2] NCCL INFO Connection to proxy localRank 2 -> connection 0x1505e4000e80
x3006c0s31b1n0:725:1865 [2] NCCL INFO transport/p2p.cc:449 Cuda Alloc Size 6291456 pointer 0x1505de000000
x3006c0s31b1n0:727:1717 [3] NCCL INFO Channel 01/0 : 3[c7000] -> 2[85000] via P2P/IPC/read
x3006c0s31b1n0:727:1877 [3] NCCL INFO New proxy send connection 9 from local rank 3, transport 0
x3006c0s31b1n0:727:1717 [3] NCCL INFO Connection to proxy localRank 3 -> connection 0x148c50000ec0
x3006c0s31b1n0:727:1877 [3] NCCL INFO transport/p2p.cc:430 Cuda Alloc Size 6291456 pointer 0x148c9de00000
x3006c0s31b1n0:720:1722 [1] NCCL INFO Connection to proxy localRank 1 -> connection 0x14e344000e40
x3006c0s31b1n0:720:1871 [1] NCCL INFO transport/p2p.cc:430 Cuda Alloc Size 6291456 pointer 0x14e393a00000
x3006c0s31b1n0:716:1866 [0] NCCL INFO New proxy recv connection 5 from local rank 0, transport 0
x3006c0s31b1n0:725:1865 [2] NCCL INFO New proxy recv connection 9 from local rank 2, transport 0
x3006c0s31b1n0:725:1716 [2] NCCL INFO Connection to proxy localRank 2 -> connection 0x1505e4000ec0
x3006c0s31b1n0:727:1717 [3] NCCL INFO Channel 02/0 : 3[c7000] -> 2[85000] via P2P/IPC/read
x3006c0s31b1n0:727:1877 [3] NCCL INFO New proxy send connection 10 from local rank 3, transport 0
x3006c0s31b1n0:716:1682 [0] NCCL INFO Connection to proxy localRank 0 -> connection 0x150dd0000dc0
x3006c0s31b1n0:716:1866 [0] NCCL INFO transport/p2p.cc:449 Cuda Alloc Size 6291456 pointer 0x150dcf800000
x3006c0s31b1n0:725:1865 [2] NCCL INFO transport/p2p.cc:449 Cuda Alloc Size 6291456 pointer 0x1505de600000
x3006c0s31b1n0:727:1717 [3] NCCL INFO Connection to proxy localRank 3 -> connection 0x148c50000f00
x3006c0s31b1n0:727:1877 [3] NCCL INFO transport/p2p.cc:430 Cuda Alloc Size 6291456 pointer 0x148c9e400000
x3006c0s31b1n0:727:1717 [3] NCCL INFO Channel 03/0 : 3[c7000] -> 2[85000] via P2P/IPC/read
x3006c0s31b1n0:727:1877 [3] NCCL INFO New proxy send connection 11 from local rank 3, transport 0
x3006c0s31b1n0:716:1866 [0] NCCL INFO New proxy recv connection 6 from local rank 0, transport 0
x3006c0s31b1n0:725:1865 [2] NCCL INFO New proxy recv connection 10 from local rank 2, transport 0
x3006c0s31b1n0:727:1717 [3] NCCL INFO Connection to proxy localRank 3 -> connection 0x148c50000f40
x3006c0s31b1n0:727:1877 [3] NCCL INFO transport/p2p.cc:430 Cuda Alloc Size 6291456 pointer 0x148c9ea00000
x3006c0s31b1n0:716:1682 [0] NCCL INFO Connection to proxy localRank 0 -> connection 0x150dd0000e00
x3006c0s31b1n0:716:1866 [0] NCCL INFO transport/p2p.cc:449 Cuda Alloc Size 6291456 pointer 0x150dcc000000
x3006c0s31b1n0:725:1716 [2] NCCL INFO Connection to proxy localRank 2 -> connection 0x1505e4000f00
x3006c0s31b1n0:725:1865 [2] NCCL INFO transport/p2p.cc:449 Cuda Alloc Size 6291456 pointer 0x1505dec00000
x3006c0s31b1n0:725:1865 [2] NCCL INFO New proxy recv connection 11 from local rank 2, transport 0
x3006c0s31b1n0:716:1866 [0] NCCL INFO New proxy recv connection 7 from local rank 0, transport 0
x3006c0s31b1n0:716:1682 [0] NCCL INFO Connection to proxy localRank 0 -> connection 0x150dd0000e40
x3006c0s31b1n0:725:1716 [2] NCCL INFO Connection to proxy localRank 2 -> connection 0x1505e4000f40
x3006c0s31b1n0:725:1865 [2] NCCL INFO transport/p2p.cc:449 Cuda Alloc Size 6291456 pointer 0x1505df200000
x3006c0s31b1n0:716:1866 [0] NCCL INFO transport/p2p.cc:449 Cuda Alloc Size 6291456 pointer 0x150dcc600000
x3006c0s31b1n0:716:1682 [0] NCCL INFO Connected all rings
x3006c0s31b1n0:716:1682 [0] NCCL INFO Channel 00/0 : 0[7000] -> 1[46000] via P2P/IPC/read
x3006c0s31b1n0:720:1722 [1] NCCL INFO Connected all rings
x3006c0s31b1n0:720:1871 [1] NCCL INFO New proxy recv connection 8 from local rank 1, transport 0
x3006c0s31b1n0:716:1866 [0] NCCL INFO New proxy send connection 8 from local rank 0, transport 0
x3006c0s31b1n0:716:1682 [0] NCCL INFO Connection to proxy localRank 0 -> connection 0x150dd0000e80
x3006c0s31b1n0:716:1866 [0] NCCL INFO transport/p2p.cc:430 Cuda Alloc Size 6291456 pointer 0x150dca600000
x3006c0s31b1n0:720:1722 [1] NCCL INFO Connection to proxy localRank 1 -> connection 0x14e344000e80
x3006c0s31b1n0:720:1871 [1] NCCL INFO transport/p2p.cc:449 Cuda Alloc Size 6291456 pointer 0x14e395800000
x3006c0s31b1n0:716:1682 [0] NCCL INFO Channel 01/0 : 0[7000] -> 1[46000] via P2P/IPC/read
x3006c0s31b1n0:716:1866 [0] NCCL INFO New proxy send connection 9 from local rank 0, transport 0
x3006c0s31b1n0:720:1871 [1] NCCL INFO New proxy recv connection 9 from local rank 1, transport 0
x3006c0s31b1n0:720:1722 [1] NCCL INFO Connection to proxy localRank 1 -> connection 0x14e344000ec0
x3006c0s31b1n0:720:1871 [1] NCCL INFO transport/p2p.cc:449 Cuda Alloc Size 6291456 pointer 0x14e395e00000
x3006c0s31b1n0:716:1682 [0] NCCL INFO Connection to proxy localRank 0 -> connection 0x150dd0000ec0
x3006c0s31b1n0:716:1866 [0] NCCL INFO transport/p2p.cc:430 Cuda Alloc Size 6291456 pointer 0x150dcac00000
x3006c0s31b1n0:720:1871 [1] NCCL INFO New proxy recv connection 10 from local rank 1, transport 0
x3006c0s31b1n0:716:1682 [0] NCCL INFO Channel 02/0 : 0[7000] -> 1[46000] via P2P/IPC/read
x3006c0s31b1n0:716:1866 [0] NCCL INFO New proxy send connection 10 from local rank 0, transport 0
x3006c0s31b1n0:720:1722 [1] NCCL INFO Connection to proxy localRank 1 -> connection 0x14e344000f00
x3006c0s31b1n0:720:1871 [1] NCCL INFO transport/p2p.cc:449 Cuda Alloc Size 6291456 pointer 0x14e396400000
x3006c0s31b1n0:716:1682 [0] NCCL INFO Connection to proxy localRank 0 -> connection 0x150dd0000f00
x3006c0s31b1n0:716:1866 [0] NCCL INFO transport/p2p.cc:430 Cuda Alloc Size 6291456 pointer 0x150dcb200000
x3006c0s31b1n0:716:1682 [0] NCCL INFO Channel 03/0 : 0[7000] -> 1[46000] via P2P/IPC/read
x3006c0s31b1n0:716:1866 [0] NCCL INFO New proxy send connection 11 from local rank 0, transport 0
x3006c0s31b1n0:720:1871 [1] NCCL INFO New proxy recv connection 11 from local rank 1, transport 0
x3006c0s31b1n0:716:1682 [0] NCCL INFO Connection to proxy localRank 0 -> connection 0x150dd0000f40
x3006c0s31b1n0:716:1866 [0] NCCL INFO transport/p2p.cc:430 Cuda Alloc Size 6291456 pointer 0x150dcb800000
x3006c0s31b1n0:720:1722 [1] NCCL INFO Connection to proxy localRank 1 -> connection 0x14e344000f40
x3006c0s31b1n0:720:1871 [1] NCCL INFO transport/p2p.cc:449 Cuda Alloc Size 6291456 pointer 0x14e396a00000
x3006c0s31b1n0:720:1722 [1] NCCL INFO Channel 00/0 : 1[46000] -> 2[85000] via P2P/IPC/read
x3006c0s31b1n0:720:1871 [1] NCCL INFO New proxy send connection 12 from local rank 1, transport 0
x3006c0s31b1n0:720:1722 [1] NCCL INFO Connection to proxy localRank 1 -> connection 0x14e344000f80
x3006c0s31b1n0:720:1871 [1] NCCL INFO transport/p2p.cc:430 Cuda Alloc Size 6291456 pointer 0x14e397000000
x3006c0s31b1n0:720:1722 [1] NCCL INFO Channel 01/0 : 1[46000] -> 2[85000] via P2P/IPC/read
x3006c0s31b1n0:720:1871 [1] NCCL INFO New proxy send connection 13 from local rank 1, transport 0
x3006c0s31b1n0:720:1722 [1] NCCL INFO Connection to proxy localRank 1 -> connection 0x14e344000fc0
x3006c0s31b1n0:720:1871 [1] NCCL INFO transport/p2p.cc:430 Cuda Alloc Size 6291456 pointer 0x14e397600000
x3006c0s31b1n0:720:1722 [1] NCCL INFO Channel 02/0 : 1[46000] -> 2[85000] via P2P/IPC/read
x3006c0s31b1n0:720:1871 [1] NCCL INFO New proxy send connection 14 from local rank 1, transport 0
x3006c0s31b1n0:720:1722 [1] NCCL INFO Connection to proxy localRank 1 -> connection 0x14e344001000
x3006c0s31b1n0:720:1871 [1] NCCL INFO transport/p2p.cc:430 Cuda Alloc Size 6291456 pointer 0x14e397c00000
x3006c0s31b1n0:720:1722 [1] NCCL INFO Channel 03/0 : 1[46000] -> 2[85000] via P2P/IPC/read
x3006c0s31b1n0:720:1871 [1] NCCL INFO New proxy send connection 15 from local rank 1, transport 0
x3006c0s31b1n0:720:1722 [1] NCCL INFO Connection to proxy localRank 1 -> connection 0x14e344001040
x3006c0s31b1n0:720:1871 [1] NCCL INFO transport/p2p.cc:430 Cuda Alloc Size 6291456 pointer 0x14e398200000
x3006c0s31b1n0:720:1722 [1] NCCL INFO GPU Direct RDMA Disabled for GPU 46000 / HCA 1 (distance 6 > 4)
x3006c0s31b1n0:720:1871 [1] NCCL INFO New proxy recv connection 16 from local rank 1, transport 2
x3006c0s31b1n0:725:1865 [2] NCCL INFO New proxy recv connection 12 from local rank 2, transport 0
x3006c0s31b1n0:716:1682 [0] NCCL INFO GPU Direct RDMA Disabled for GPU 7000 / HCA 1 (distance 7 > 4)
x3006c0s31b1n0:716:1866 [0] NCCL INFO Allocated 4194656 bytes of shared memory in /dev/shm/nccl-UJSWKj

x3006c0s31b1n0:716:1866 [0] NCCL INFO New proxy recv connection 12 from local rank 0, transport 2
x3006c0s31b1n0:716:1682 [0] NCCL INFO Connection to proxy localRank 0 -> connection 0x150dd0000f80
x3006c0s31b1n0:720:1722 [1] NCCL INFO Connection to proxy localRank 1 -> connection 0x14e344001080
x3006c0s31b1n0:725:1716 [2] NCCL INFO Connection to proxy localRank 2 -> connection 0x1505e4000f80
x3006c0s31b1n0:725:1865 [2] NCCL INFO transport/p2p.cc:449 Cuda Alloc Size 6291456 pointer 0x1505dd200000
x3006c0s31b1n0:716:1682 [0] NCCL INFO Channel 00/0 : 16[7000] -> 0[7000] [receive] via NET/IB/1
x3006c0s31b1n0:716:1682 [0] NCCL INFO GPU Direct RDMA Disabled for GPU 7000 / HCA 0 (distance 7 > 4)
x3006c0s31b1n0:716:1866 [0] NCCL INFO New proxy recv connection 13 from local rank 0, transport 2
x3006c0s31b1n0:720:1722 [1] NCCL INFO Channel 02/0 : 12[7000] -> 1[46000] [receive] via NET/IB/1
x3006c0s31b1n0:720:1722 [1] NCCL INFO GPU Direct RDMA Disabled for GPU 46000 / HCA 0 (distance 7 > 4)
x3006c0s31b1n0:720:1871 [1] NCCL INFO New proxy recv connection 17 from local rank 1, transport 2
x3006c0s31b1n0:725:1865 [2] NCCL INFO New proxy recv connection 13 from local rank 2, transport 0
x3006c0s31b1n0:716:1682 [0] NCCL INFO Connection to proxy localRank 0 -> connection 0x150dd0000fc0
x3006c0s31b1n0:720:1722 [1] NCCL INFO Connection to proxy localRank 1 -> connection 0x14e3440010c0
x3006c0s31b1n0:725:1716 [2] NCCL INFO Connection to proxy localRank 2 -> connection 0x1505e4000fc0
x3006c0s31b1n0:725:1865 [2] NCCL INFO transport/p2p.cc:449 Cuda Alloc Size 6291456 pointer 0x1505dd800000
x3006c0s31b1n0:716:1682 [0] NCCL INFO Channel 01/0 : 16[7000] -> 0[7000] [receive] via NET/IB/0
x3006c0s31b1n0:716:1682 [0] NCCL INFO GPU Direct RDMA Disabled for GPU 7000 / HCA 1 (distance 7 > 4)
x3006c0s31b1n0:716:1866 [0] NCCL INFO New proxy send connection 14 from local rank 0, transport 2
x3006c0s31b1n0:720:1722 [1] NCCL INFO Channel 03/0 : 12[7000] -> 1[46000] [receive] via NET/IB/0
x3006c0s31b1n0:725:1865 [2] NCCL INFO New proxy recv connection 14 from local rank 2, transport 0
x3006c0s31b1n0:716:1682 [0] NCCL INFO Connection to proxy localRank 0 -> connection 0x150dd0001000
x3006c0s31b1n0:716:1682 [0] NCCL INFO Channel 02/0 : 0[7000] -> 4[7000] [send] via NET/IB/1
x3006c0s31b1n0:716:1682 [0] NCCL INFO GPU Direct RDMA Disabled for GPU 7000 / HCA 0 (distance 7 > 4)
x3006c0s31b1n0:716:1866 [0] NCCL INFO New proxy send connection 15 from local rank 0, transport 2
x3006c0s31b1n0:725:1716 [2] NCCL INFO Connection to proxy localRank 2 -> connection 0x1505e4001000
x3006c0s31b1n0:725:1865 [2] NCCL INFO transport/p2p.cc:449 Cuda Alloc Size 6291456 pointer 0x1505da000000
x3006c0s31b1n0:716:1682 [0] NCCL INFO Connection to proxy localRank 0 -> connection 0x150dd0001040
x3006c0s31b1n0:716:1682 [0] NCCL INFO Channel 03/0 : 0[7000] -> 4[7000] [send] via NET/IB/0
x3006c0s31b1n0:716:1866 [0] NCCL INFO transport/net_ib.cc:596 Ib Alloc Size 26560 pointer 0x150dd0026000
x3006c0s31b1n0:725:1865 [2] NCCL INFO New proxy recv connection 15 from local rank 2, transport 0
x3006c0s31b1n0:716:1866 [0] NCCL INFO NET/IB: Dev 1 Port 1 qpn 3365 mtu 5 GID 0 (80FE/BC0800FEFF000000)
x3006c0s31b1n0:716:1866 [0] NCCL INFO transport/net_ib.cc:653 Ib Alloc Size 552 pointer 0x150dd0048000
x3006c0s31b1n0:716:1866 [0] NCCL INFO transport/net.cc:571 Cuda Host Alloc Size 9641984 pointer 0x150dc2000000
x3006c0s31b1n0:716:1866 [0] NCCL INFO Mem Realloc old size 0, new size 768 pointer 0x150dd0035260
x3006c0s31b1n0:716:1866 [0] NCCL INFO transport/net_ib.cc:596 Ib Alloc Size 26560 pointer 0x150dd004a000
x3006c0s31b1n0:716:1866 [0] NCCL INFO NET/IB: Dev 0 Port 1 qpn 4279 mtu 5 GID 0 (80FE/FD0800FEFF000000)
x3006c0s31b1n0:716:1866 [0] NCCL INFO transport/net_ib.cc:653 Ib Alloc Size 552 pointer 0x150dd006b000
x3006c0s31b1n0:716:1866 [0] NCCL INFO transport/net.cc:571 Cuda Host Alloc Size 9641984 pointer 0x150dc2a00000
x3006c0s31b1n0:716:1866 [0] NCCL INFO Mem Realloc old size 0, new size 768 pointer 0x150dd0058940
x3006c0s31b1n0:725:1716 [2] NCCL INFO Connection to proxy localRank 2 -> connection 0x1505e4001040
x3006c0s31b1n0:725:1865 [2] NCCL INFO transport/p2p.cc:449 Cuda Alloc Size 6291456 pointer 0x1505da600000
x3006c0s31b1n0:725:1716 [2] NCCL INFO Channel 00/0 : 2[85000] -> 1[46000] via P2P/IPC/read
x3006c0s31b1n0:725:1865 [2] NCCL INFO New proxy send connection 16 from local rank 2, transport 0
x3006c0s31b1n0:716:1866 [0] NCCL INFO transport/net_ib.cc:683 Ib Alloc Size 21688 pointer 0x150dd006d000
x3006c0s31b1n0:716:1866 [0] NCCL INFO transport/net_ib.cc:696 Ib Alloc Size 552 pointer 0x150dd0074000
x3006c0s31b1n0:716:1866 [0] NCCL INFO transport/net_ib.cc:771 Ib Alloc Size 552 pointer 0x150dd0090000
x3006c0s31b1n0:716:1866 [0] NCCL INFO transport/net.cc:698 Cuda Host Alloc Size 9641984 pointer 0x150dc3400000
x3006c0s31b1n0:725:1716 [2] NCCL INFO Connection to proxy localRank 2 -> connection 0x1505e4001080
x3006c0s31b1n0:725:1865 [2] NCCL INFO transport/p2p.cc:430 Cuda Alloc Size 6291456 pointer 0x1505dac00000
x3006c0s31b1n0:716:1866 [0] NCCL INFO transport/net_ib.cc:683 Ib Alloc Size 21688 pointer 0x150dd0092000
x3006c0s31b1n0:716:1866 [0] NCCL INFO transport/net_ib.cc:696 Ib Alloc Size 552 pointer 0x150dd0099000
x3006c0s31b1n0:725:1716 [2] NCCL INFO Channel 01/0 : 2[85000] -> 1[46000] via P2P/IPC/read
x3006c0s31b1n0:725:1865 [2] NCCL INFO New proxy send connection 17 from local rank 2, transport 0
x3006c0s31b1n0:716:1866 [0] NCCL INFO transport/net_ib.cc:771 Ib Alloc Size 552 pointer 0x150dd00b4000
x3006c0s31b1n0:716:1866 [0] NCCL INFO transport/net.cc:698 Cuda Host Alloc Size 9641984 pointer 0x150dc0000000
x3006c0s31b1n0:716:1682 [0] NCCL INFO GPU Direct RDMA Disabled for GPU 7000 / HCA 1 (distance 7 > 4)
x3006c0s31b1n0:716:1866 [0] NCCL INFO New proxy recv connection 16 from local rank 0, transport 2
x3006c0s31b1n0:725:1716 [2] NCCL INFO Connection to proxy localRank 2 -> connection 0x1505e40010c0
x3006c0s31b1n0:725:1865 [2] NCCL INFO transport/p2p.cc:430 Cuda Alloc Size 6291456 pointer 0x1505db200000
x3006c0s31b1n0:716:1682 [0] NCCL INFO Connection to proxy localRank 0 -> connection 0x150dd0001080
x3006c0s31b1n0:716:1682 [0] NCCL INFO Channel 02/0 : 4[7000] -> 0[7000] [receive] via NET/IB/1
x3006c0s31b1n0:716:1682 [0] NCCL INFO GPU Direct RDMA Disabled for GPU 7000 / HCA 0 (distance 7 > 4)
x3006c0s31b1n0:716:1866 [0] NCCL INFO New proxy recv connection 17 from local rank 0, transport 2
x3006c0s31b1n0:720:1871 [1] NCCL INFO transport/net_ib.cc:683 Ib Alloc Size 21688 pointer 0x14e3440d2000
x3006c0s31b1n0:725:1716 [2] NCCL INFO Channel 02/0 : 2[85000] -> 1[46000] via P2P/IPC/read
x3006c0s31b1n0:725:1865 [2] NCCL INFO New proxy send connection 18 from local rank 2, transport 0
x3006c0s31b1n0:720:1871 [1] NCCL INFO transport/net_ib.cc:696 Ib Alloc Size 552 pointer 0x14e344018000
x3006c0s31b1n0:725:1716 [2] NCCL INFO Connection to proxy localRank 2 -> connection 0x1505e4001100
x3006c0s31b1n0:725:1865 [2] NCCL INFO transport/p2p.cc:430 Cuda Alloc Size 6291456 pointer 0x1505db800000
x3006c0s31b1n0:716:1682 [0] NCCL INFO Connection to proxy localRank 0 -> connection 0x150dd00010c0
x3006c0s31b1n0:720:1871 [1] NCCL INFO transport/net_ib.cc:771 Ib Alloc Size 552 pointer 0x14e3440f2000
x3006c0s31b1n0:720:1871 [1] NCCL INFO transport/net.cc:698 Cuda Host Alloc Size 9641984 pointer 0x14e39b800000
x3006c0s31b1n0:720:1871 [1] NCCL INFO transport/net_ib.cc:683 Ib Alloc Size 21688 pointer 0x14e3440f4000
x3006c0s31b1n0:720:1871 [1] NCCL INFO transport/net_ib.cc:696 Ib Alloc Size 552 pointer 0x14e3440fb000
x3006c0s31b1n0:725:1716 [2] NCCL INFO Channel 03/0 : 2[85000] -> 1[46000] via P2P/IPC/read
x3006c0s31b1n0:725:1865 [2] NCCL INFO New proxy send connection 19 from local rank 2, transport 0
x3006c0s31b1n0:716:1682 [0] NCCL INFO Channel 03/0 : 4[7000] -> 0[7000] [receive] via NET/IB/0
x3006c0s31b1n0:716:1682 [0] NCCL INFO GPU Direct RDMA Disabled for GPU 7000 / HCA 1 (distance 7 > 4)
x3006c0s31b1n0:720:1871 [1] NCCL INFO transport/net_ib.cc:771 Ib Alloc Size 552 pointer 0x14e344116000
x3006c0s31b1n0:720:1871 [1] NCCL INFO transport/net.cc:698 Cuda Host Alloc Size 9641984 pointer 0x14e39c200000
x3006c0s31b1n0:716:1866 [0] NCCL INFO New proxy send connection 18 from local rank 0, transport 2
x3006c0s31b1n0:725:1716 [2] NCCL INFO Connection to proxy localRank 2 -> connection 0x1505e4001140
x3006c0s31b1n0:725:1865 [2] NCCL INFO transport/p2p.cc:430 Cuda Alloc Size 6291456 pointer 0x1505d8000000
x3006c0s31b1n0:720:1722 [1] NCCL INFO GPU Direct RDMA Disabled for GPU 46000 / HCA 1 (distance 6 > 4)
x3006c0s31b1n0:720:1871 [1] NCCL INFO New proxy send connection 18 from local rank 1, transport 2
x3006c0s31b1n0:727:1717 [3] NCCL INFO Connected all trees by HAO
x3006c0s31b1n0:727:1717 [3] NCCL INFO threadThresholds 8/8/64 | 160/8/64 | 512 | 512
x3006c0s31b1n0:727:1717 [3] NCCL INFO 4 coll channels, 4 p2p channels, 2 p2p channels per peer
x3006c0s31b1n0:727:1877 [3] NCCL INFO New proxy send connection 12 from local rank 3, transport 2
x3006c0s31b1n0:716:1682 [0] NCCL INFO Connection to proxy localRank 0 -> connection 0x150dd0001100
x3006c0s31b1n0:716:1682 [0] NCCL INFO Channel 00/0 : 0[7000] -> 16[7000] [send] via NET/IB/1
x3006c0s31b1n0:716:1682 [0] NCCL INFO GPU Direct RDMA Disabled for GPU 7000 / HCA 0 (distance 7 > 4)
x3006c0s31b1n0:716:1866 [0] NCCL INFO New proxy send connection 19 from local rank 0, transport 2
x3006c0s31b1n0:720:1722 [1] NCCL INFO Connection to proxy localRank 1 -> connection 0x14e344001100
x3006c0s31b1n0:720:1722 [1] NCCL INFO Channel 02/0 : 1[46000] -> 12[7000] [send] via NET/IB/1
x3006c0s31b1n0:720:1722 [1] NCCL INFO GPU Direct RDMA Disabled for GPU 46000 / HCA 0 (distance 7 > 4)
x3006c0s31b1n0:720:1871 [1] NCCL INFO New proxy send connection 19 from local rank 1, transport 2
x3006c0s31b1n0:727:1717 [3] NCCL INFO Connection to proxy localRank 3 -> connection 0x148c50000f80
x3006c0s31b1n0:727:1877 [3] NCCL INFO transport/net.cc:376 Cuda Alloc Size 8388608 pointer 0x148ca0800000
x3006c0s31b1n0:716:1682 [0] NCCL INFO Connection to proxy localRank 0 -> connection 0x150dd0001140
x3006c0s31b1n0:716:1682 [0] NCCL INFO Channel 01/0 : 0[7000] -> 16[7000] [send] via NET/IB/0
x3006c0s31b1n0:720:1722 [1] NCCL INFO Connection to proxy localRank 1 -> connection 0x14e344001140
x3006c0s31b1n0:720:1722 [1] NCCL INFO Channel 03/0 : 1[46000] -> 12[7000] [send] via NET/IB/0
x3006c0s31b1n0:716:1866 [0] NCCL INFO transport/net_ib.cc:596 Ib Alloc Size 26560 pointer 0x150dd00ca000
x3006c0s31b1n0:720:1871 [1] NCCL INFO transport/net_ib.cc:596 Ib Alloc Size 26560 pointer 0x14e344122000
x3006c0s31b1n0:716:1866 [0] NCCL INFO NET/IB: Dev 1 Port 1 qpn 3370 mtu 5 GID 0 (80FE/BC0800FEFF000000)
x3006c0s31b1n0:716:1866 [0] NCCL INFO transport/net_ib.cc:653 Ib Alloc Size 552 pointer 0x150dd00e1000
x3006c0s31b1n0:716:1866 [0] NCCL INFO transport/net.cc:571 Cuda Host Alloc Size 9641984 pointer 0x150dc0a00000
x3006c0s31b1n0:720:1871 [1] NCCL INFO NET/IB: Dev 1 Port 1 qpn 3371 mtu 5 GID 0 (80FE/BC0800FEFF000000)
x3006c0s31b1n0:720:1871 [1] NCCL INFO transport/net_ib.cc:653 Ib Alloc Size 552 pointer 0x14e344139000
x3006c0s31b1n0:720:1871 [1] NCCL INFO transport/net.cc:571 Cuda Host Alloc Size 9641984 pointer 0x14e39cc00000
x3006c0s31b1n0:716:1866 [0] NCCL INFO transport/net_ib.cc:596 Ib Alloc Size 26560 pointer 0x150dd00e3000
x3006c0s31b1n0:716:1866 [0] NCCL INFO NET/IB: Dev 0 Port 1 qpn 4284 mtu 5 GID 0 (80FE/FD0800FEFF000000)
x3006c0s31b1n0:716:1866 [0] NCCL INFO transport/net_ib.cc:653 Ib Alloc Size 552 pointer 0x150dd00fa000
x3006c0s31b1n0:716:1866 [0] NCCL INFO transport/net.cc:571 Cuda Host Alloc Size 9641984 pointer 0x150dc1400000
x3006c0s31b1n0:720:1871 [1] NCCL INFO transport/net_ib.cc:596 Ib Alloc Size 26560 pointer 0x14e34413b000
x3006c0s31b1n0:716:1866 [0] NCCL INFO transport/net_ib.cc:683 Ib Alloc Size 21688 pointer 0x150dd00fc000
x3006c0s31b1n0:716:1866 [0] NCCL INFO transport/net_ib.cc:696 Ib Alloc Size 552 pointer 0x150dd0103000
x3006c0s31b1n0:720:1871 [1] NCCL INFO NET/IB: Dev 0 Port 1 qpn 4285 mtu 5 GID 0 (80FE/FD0800FEFF000000)
x3006c0s31b1n0:720:1871 [1] NCCL INFO transport/net_ib.cc:653 Ib Alloc Size 552 pointer 0x14e344152000
x3006c0s31b1n0:720:1871 [1] NCCL INFO transport/net.cc:571 Cuda Host Alloc Size 9641984 pointer 0x14e39d600000
x3006c0s31b1n0:716:1866 [0] NCCL INFO transport/net_ib.cc:771 Ib Alloc Size 552 pointer 0x150dd011e000
x3006c0s31b1n0:716:1866 [0] NCCL INFO transport/net.cc:698 Cuda Host Alloc Size 9641984 pointer 0x150dbe000000
x3006c0s31b1n0:720:1871 [1] NCCL INFO New proxy recv connection 20 from local rank 1, transport 0
x3006c0s31b1n0:720:1722 [1] NCCL INFO Connection to proxy localRank 1 -> connection 0x14e344001180
x3006c0s31b1n0:720:1871 [1] NCCL INFO transport/p2p.cc:449 Cuda Alloc Size 6291456 pointer 0x14e39e000000
x3006c0s31b1n0:716:1866 [0] NCCL INFO transport/net_ib.cc:683 Ib Alloc Size 21688 pointer 0x150dd0120000
x3006c0s31b1n0:716:1866 [0] NCCL INFO transport/net_ib.cc:696 Ib Alloc Size 552 pointer 0x150dd0127000
x3006c0s31b1n0:716:1866 [0] NCCL INFO transport/net_ib.cc:771 Ib Alloc Size 552 pointer 0x150dd0142000
x3006c0s31b1n0:716:1866 [0] NCCL INFO transport/net.cc:698 Cuda Host Alloc Size 9641984 pointer 0x150dbea00000
x3006c0s31b1n0:720:1871 [1] NCCL INFO New proxy recv connection 21 from local rank 1, transport 0
x3006c0s31b1n0:716:1682 [0] NCCL INFO Connected all trees by HAO
x3006c0s31b1n0:716:1682 [0] NCCL INFO Latency/AlgBw |    Tree/    LL |    Tree/ LL128 |    Tree/Simple |    Ring/    LL |    Ring/ LL128 |    Ring/Simple | CollNetDirect/    LL | CollNetDirect/ LL128 | CollNetDirect/Simple | CollNetChain/    LL | CollNetChain/ LL128 | CollNetChain/Simple |
x3006c0s31b1n0:716:1682 [0] NCCL INFO  Max NThreads |            512 |            640 |            512 |            512 |            640 |            512 |              0 |              0 |            512 |              0 |              0 |            512 |
x3006c0s31b1n0:716:1682 [0] NCCL INFO     Broadcast |     0.0/   0.0 |     0.0/   0.0 |     0.0/   0.0 |     6.3/   6.0 |    14.0/   0.0 |    18.0/  24.0 |     0.0/   0.0 |     0.0/   0.0 |     0.0/   0.0 |     0.0/   0.0 |     0.0/   0.0 |     0.0/   0.0 |
x3006c0s31b1n0:716:1682 [0] NCCL INFO        Reduce |     0.0/   0.0 |     0.0/   0.0 |     0.0/   0.0 |     6.3/   6.0 |    14.0/   0.0 |    18.0/  24.0 |     0.0/   0.0 |     0.0/   0.0 |     0.0/   0.0 |     0.0/   0.0 |     0.0/   0.0 |     0.0/   0.0 |
x3006c0s31b1n0:716:1682 [0] NCCL INFO     AllGather |     0.0/   0.0 |     0.0/   0.0 |     0.0/   0.0 |    27.1/   6.3 |    54.5/   0.0 |    97.8/  25.3 |     0.0/   0.0 |     0.0/   0.0 |     0.0/   0.0 |     0.0/   0.0 |     0.0/   0.0 |     0.0/   0.0 |
x3006c0s31b1n0:716:1682 [0] NCCL INFO ReduceScatter |     0.0/   0.0 |     0.0/   0.0 |     0.0/   0.0 |    27.1/   6.3 |    54.5/   0.0 |    97.8/  25.3 |     0.0/   0.0 |     0.0/   0.0 |     0.0/   0.0 |     0.0/   0.0 |     0.0/   0.0 |     0.0/   0.0 |
x3006c0s31b1n0:716:1682 [0] NCCL INFO     AllReduce |    30.0/   2.9 |    45.9/   0.0 |   280.0/  11.0 |    54.3/   3.2 |   103.2/   0.0 |   199.6/  12.6 |     7.4/   0.0 |     7.4/   0.0 |    29.7/   0.0 |     4.4/   0.0 |     4.4/   0.0 |    48.0/   0.0 |
x3006c0s31b1n0:716:1682 [0] NCCL INFO threadThresholds 8/8/64 | 160/8/64 | 512 | 512
x3006c0s31b1n0:716:1682 [0] NCCL INFO 4 coll channels, 4 p2p channels, 2 p2p channels per peer
x3006c0s31b1n0:716:1866 [0] NCCL INFO New proxy send connection 20 from local rank 0, transport 2
x3006c0s31b1n0:716:1682 [0] NCCL INFO Connection to proxy localRank 0 -> connection 0x150dd0001180
x3006c0s31b1n0:720:1722 [1] NCCL INFO Connection to proxy localRank 1 -> connection 0x14e3440011c0
x3006c0s31b1n0:720:1871 [1] NCCL INFO transport/p2p.cc:449 Cuda Alloc Size 6291456 pointer 0x14e39e600000
x3006c0s31b1n0:720:1871 [1] NCCL INFO New proxy recv connection 22 from local rank 1, transport 0
x3006c0s31b1n0:716:1866 [0] NCCL INFO transport/net.cc:376 Cuda Alloc Size 8388608 pointer 0x150dbf400000
x3006c0s31b1n0:720:1722 [1] NCCL INFO Connection to proxy localRank 1 -> connection 0x14e344001200
x3006c0s31b1n0:720:1871 [1] NCCL INFO transport/p2p.cc:449 Cuda Alloc Size 6291456 pointer 0x14e39ec00000
x3006c0s31b1n0:720:1871 [1] NCCL INFO New proxy recv connection 23 from local rank 1, transport 0
x3006c0s31b1n0:720:1722 [1] NCCL INFO Connection to proxy localRank 1 -> connection 0x14e344001240
x3006c0s31b1n0:720:1871 [1] NCCL INFO transport/p2p.cc:449 Cuda Alloc Size 6291456 pointer 0x14e39f200000
x3006c0s31b1n0:720:1722 [1] NCCL INFO Connected all trees by HAO
x3006c0s31b1n0:720:1722 [1] NCCL INFO threadThresholds 8/8/64 | 160/8/64 | 512 | 512
x3006c0s31b1n0:720:1722 [1] NCCL INFO 4 coll channels, 4 p2p channels, 2 p2p channels per peer
x3006c0s31b1n0:720:1871 [1] NCCL INFO New proxy send connection 24 from local rank 1, transport 2
x3006c0s31b1n0:725:1716 [2] NCCL INFO Connected all trees by HAO
x3006c0s31b1n0:725:1716 [2] NCCL INFO threadThresholds 8/8/64 | 160/8/64 | 512 | 512
x3006c0s31b1n0:725:1716 [2] NCCL INFO 4 coll channels, 4 p2p channels, 2 p2p channels per peer
x3006c0s31b1n0:725:1865 [2] NCCL INFO Allocated 4194656 bytes of shared memory in /dev/shm/nccl-ts4KU0

x3006c0s31b1n0:725:1865 [2] NCCL INFO New proxy send connection 20 from local rank 2, transport 2
x3006c0s31b1n0:725:1716 [2] NCCL INFO Connection to proxy localRank 2 -> connection 0x1505e4001180
x3006c0s31b1n0:725:1865 [2] NCCL INFO transport/net.cc:376 Cuda Alloc Size 8388608 pointer 0x1505d7800000
x3006c0s31b1n0:720:1722 [1] NCCL INFO Connection to proxy localRank 1 -> connection 0x14e344001280
x3006c0s31b1n0:720:1722 [1] NCCL INFO init.cc:367 Cuda Alloc Size 5168 pointer 0x14e38fe08800
x3006c0s31b1n0:727:1717 [3] NCCL INFO init.cc:367 Cuda Alloc Size 5168 pointer 0x148c97e08800
x3006c0s31b1n0:725:1716 [2] NCCL INFO init.cc:367 Cuda Alloc Size 5168 pointer 0x1505f1808800
x3006c0s31b1n0:716:1682 [0] NCCL INFO init.cc:367 Cuda Alloc Size 5168 pointer 0x150ddfa08800
x3006c0s31b1n0:716:1682 [0] NCCL INFO init.cc:392 Cuda Host Alloc Size 33554432 pointer 0x150dbc000000
x3006c0s31b1n0:716:1682 [0] NCCL INFO init.cc:398 Cuda Host Alloc Size 128 pointer 0x150ddf000200
x3006c0s31b1n0:716:1682 [0] NCCL INFO comm 0x555d02ca19c0 rank 0 nranks 20 cudaDev 0 busId 7000 - Init COMPLETE
x3006c0s31b1n0:727:1717 [3] NCCL INFO init.cc:392 Cuda Host Alloc Size 33554432 pointer 0x148ca1000000
x3006c0s31b1n0:727:1717 [3] NCCL INFO init.cc:398 Cuda Host Alloc Size 128 pointer 0x148c97400200
x3006c0s31b1n0:727:1717 [3] NCCL INFO comm 0x559bc5667460 rank 3 nranks 20 cudaDev 3 busId c7000 - Init COMPLETE
x3006c0s31b1n0:725:1716 [2] NCCL INFO init.cc:392 Cuda Host Alloc Size 33554432 pointer 0x1505ce000000
x3006c0s31b1n0:725:1716 [2] NCCL INFO init.cc:398 Cuda Host Alloc Size 128 pointer 0x1505f0e00200
x3006c0s31b1n0:725:1716 [2] NCCL INFO comm 0x55a16df6d200 rank 2 nranks 20 cudaDev 2 busId 85000 - Init COMPLETE
x3006c0s31b1n0:720:1722 [1] NCCL INFO init.cc:392 Cuda Host Alloc Size 33554432 pointer 0x14e3a1000000
x3006c0s31b1n0:720:1722 [1] NCCL INFO init.cc:398 Cuda Host Alloc Size 128 pointer 0x14e38f400200
x3006c0s31b1n0:720:1722 [1] NCCL INFO comm 0x55d47b9cb9a0 rank 1 nranks 20 cudaDev 1 busId 46000 - Init COMPLETE
x3006c0s31b1n0:720:1871 [1] NCCL INFO transport/net.cc:376 Cuda Alloc Size 8388608 pointer 0x14e3a7400000
x3006c0s31b1n0:725:725 [2] NCCL INFO AllReduce: opCount 0 sendbuff 0x15062f600200 recvbuff 0x15062f600200 count 1 datatype 1 op 0 root 0 comm 0x55a16df6d200 [nranks=20] stream 0x55a18936d510
x3006c0s31b1n0:725:725 [2] NCCL INFO misc/utils.cc:235 memory stack hunk malloc(65536)
[LYD INFO in ncclLaunchKernel (enqueue.cc)] NCHANNELS is: 4x3006c0s31b1n0:720:720 [1] NCCL INFO AllReduce: opCount 0 sendbuff 0x14e38b000200 recvbuff 0x14e38b000200 count 1 datatype 1 op 0 root 0 comm 0x55d47b9cb9a0 [nranks=20] stream 0x55d498d04c00
x3006c0s31b1n0:720:720 [1] NCCL INFO misc/utils.cc:235 memory stack hunk malloc(65536)
[LYD INFO in ncclLaunchKernel (enqueue.cc)] NCHANNELS is: 4x3006c0s31b1n0:727:727 [3] NCCL INFO AllReduce: opCount 0 sendbuff 0x148c93000200 recvbuff 0x148c93000200 count 1 datatype 1 op 0 root 0 comm 0x559bc5667460 [nranks=20] stream 0x559be1754fe0
x3006c0s31b1n0:727:727 [3] NCCL INFO misc/utils.cc:235 memory stack hunk malloc(65536)
[LYD INFO in ncclLaunchKernel (enqueue.cc)] NCHANNELS is: 4[Hao INFO in ncclAllReduce (all_reduce.cc)] rank 0 ncclAllReduce: count: 1, datatype: ncclUint8, message size: 1 Bytes
x3006c0s31b1n0:716:716 [0] NCCL INFO AllReduce: opCount 0 sendbuff 0x150e1f800200 recvbuff 0x150e1f800200 count 1 datatype 1 op 0 root 0 comm 0x555d02ca19c0 [nranks=20] stream 0x555d1bcd7d50
x3006c0s31b1n0:716:716 [0] NCCL INFO misc/utils.cc:235 memory stack hunk malloc(65536)

[LYD INFO in ncclAllReduce (all_reduce.cc)] rank 0 AllReduce Time: 0.000047000 seconds

[LYD INFO in getAlgoInfo (enqueue.cc)] algorithm a is: 0

[LYD INFO in getAlgoInfo (enqueue.cc)] algorithm a is: 1

[LYD INFO in getAlgoInfo (enqueue.cc)] rank: 0, Duration between Point 1 and Point 2: 0.000014000 seconds

[LYD INFO in getAlgoInfo (enqueue.cc)] rank 0, Duration between Point 2 and Point 3: 0.000001000 seconds
[LYD INFO in getAlgoInfo (enqueue.cc)] out rank: 0
[LYD INFO in getAlgoInfo (enqueue.cc)] out coll: 4
[LYD INFO in getAlgoInfo (enqueue.cc)] out sendbuff address: 0x150e1f800200
[LYD INFO in getAlgoInfo (enqueue.cc)] out recvbuff address: 0x150e1f800200
[LYD INFO in getAlgoInfo (enqueue.cc)] out count: 1
[LYD INFO in getAlgoInfo (enqueue.cc)] out datatype: 1
[LYD INFO in getAlgoInfo (enqueue.cc)] out chunkSteps: 4
[LYD INFO in getAlgoInfo (enqueue.cc)] out sliceSteps: 2
[LYD INFO in getAlgoInfo (enqueue.cc)] out algorithm: 0
[LYD INFO in getAlgoInfo (enqueue.cc)] out protocol: 0
[LYD INFO in getAlgoInfo (enqueue.cc)] out nChannels: 1
[LYD INFO in getAlgoInfo (enqueue.cc)] out nThreads: 96
[LYD INFO in getAlgoInfo (enqueue.cc)] out nBytes: 1
[LYD INFO in getAlgoInfo (enqueue.cc)] out nstepsPerLoop: 0
[LYD INFO in getAlgoInfo (enqueue.cc)] out nchunksPerLoop: 0
[LYD INFO in getAlgoInfo (enqueue.cc)] out chunkSize: 0
[LYD INFO in ncclLaunchKernel (enqueue.cc)] NCHANNELS is: 4
[LYD INFO in NCCL_KERN_NAME (common.h)] 2 AllReduce TREE LL Sum uint8_t Elapsed time: 724818 us

[LYD INFO in NCCL_KERN_NAME (common.h)] 0 AllReduce TREE LL Sum uint8_t Elapsed time: 706870 us
[Hao INFO in ncclAllReduce (all_reduce.cc)] rank 0 ncclAllReduce: count: 1, datatype: ncclUint8, message size: 1 Bytes
x3006c0s31b1n0:716:716 [0] NCCL INFO AllReduce: opCount 1 sendbuff 0x150e1f800000 recvbuff 0x150e1f800000 count 1 datatype 1 op 0 root 0 comm 0x555d02ca19c0 [nranks=20] stream 0x555d1bcd7d50

[LYD INFO in ncclAllReduce (all_reduce.cc)] rank 0 AllReduce Time: 0.000031000 seconds

[LYD INFO in getAlgoInfo (enqueue.cc)] algorithm a is: 0

[LYD INFO in getAlgoInfo (enqueue.cc)] algorithm a is: 1

[LYD INFO in getAlgoInfo (enqueue.cc)] rank: 0, Duration between Point 1 and Point 2: 0.000014000 seconds

[LYD INFO in getAlgoInfo (enqueue.cc)] rank 0, Duration between Point 2 and Point 3: 0.000000000 seconds
[LYD INFO in getAlgoInfo (enqueue.cc)] out rank: 0
[LYD INFO in getAlgoInfo (enqueue.cc)] out coll: 4
[LYD INFO in getAlgoInfo (enqueue.cc)] out sendbuff address: 0x150e1f800000
[LYD INFO in getAlgoInfo (enqueue.cc)] out recvbuff address: 0x150e1f800000
[LYD INFO in getAlgoInfo (enqueue.cc)] out count: 1
[LYD INFO in getAlgoInfo (enqueue.cc)] out datatype: 1
[LYD INFO in getAlgoInfo (enqueue.cc)] out chunkSteps: 4
[LYD INFO in getAlgoInfo (enqueue.cc)] out sliceSteps: 2
[LYD INFO in getAlgoInfo (enqueue.cc)] out algorithm: 0
[LYD INFO in getAlgoInfo (enqueue.cc)] out protocol: 0
[LYD INFO in getAlgoInfo (enqueue.cc)] out nChannels: 1
[LYD INFO in getAlgoInfo (enqueue.cc)] out nThreads: 96
[LYD INFO in getAlgoInfo (enqueue.cc)] out nBytes: 1
[LYD INFO in getAlgoInfo (enqueue.cc)] out nstepsPerLoop: 0
[LYD INFO in getAlgoInfo (enqueue.cc)] out nchunksPerLoop: 0
[LYD INFO in getAlgoInfo (enqueue.cc)] out chunkSize: 0
[LYD INFO in ncclLaunchKernel (enqueue.cc)] NCHANNELS is: 4
[LYD INFO in NCCL_KERN_NAME (common.h)] 1 AllReduce TREE LL Sum uint8_t Elapsed time: 738178 us

[LYD INFO in NCCL_KERN_NAME (common.h)] 3 AllReduce TREE LL Sum uint8_t Elapsed time: 719523 us
x3006c0s31b1n0:725:725 [2] NCCL INFO AllReduce: opCount 1 sendbuff 0x15062f600000 recvbuff 0x15062f600000 count 1 datatype 1 op 0 root 0 comm 0x55a16df6d200 [nranks=20] stream 0x55a18936d510
[LYD INFO in ncclLaunchKernel (enqueue.cc)] NCHANNELS is: 4x3006c0s31b1n0:727:727 [3] NCCL INFO AllReduce: opCount 1 sendbuff 0x148c93000000 recvbuff 0x148c93000000 count 1 datatype 1 op 0 root 0 comm 0x559bc5667460 [nranks=20] stream 0x559be1754fe0
[LYD INFO in ncclLaunchKernel (enqueue.cc)] NCHANNELS is: 4x3006c0s31b1n0:720:720 [1] NCCL INFO AllReduce: opCount 1 sendbuff 0x14e38b000000 recvbuff 0x14e38b000000 count 1 datatype 1 op 0 root 0 comm 0x55d47b9cb9a0 [nranks=20] stream 0x55d498d04c00
[LYD INFO in ncclLaunchKernel (enqueue.cc)] NCHANNELS is: 4
[LYD INFO in NCCL_KERN_NAME (common.h)] 3 AllReduce TREE LL Sum uint8_t Elapsed time: 4701726 us

[LYD INFO in NCCL_KERN_NAME (common.h)] 0 AllReduce TREE LL Sum uint8_t Elapsed time: 10701249 us
>>> done with compiling and loading fused kernels. Compilation time: 27.322 seconds

