x3006c0s37b1n0:61059:62071 [2] NCCL INFO transport/p2p.cc:449 Cuda Alloc Size 6291456 pointer 0x14a5cb800000
x3006c0s37b1n0:61056:62070 [1] NCCL INFO transport/net_ib.cc:771 Ib Alloc Size 552 pointer 0x14e02c04b000
x3006c0s37b1n0:61056:62070 [1] NCCL INFO transport/net.cc:698 Cuda Host Alloc Size 9641984 pointer 0x14e02a000000
x3006c0s37b1n0:61056:62070 [1] NCCL INFO Mem Realloc old size 0, new size 768 pointer 0x14e02c0406b0
x3006c0s37b1n0:61059:62071 [2] NCCL INFO New proxy recv connection 7 from local rank 2, transport 0
x3006c0s37b1n0:61059:61911 [2] NCCL INFO Connection to proxy localRank 2 -> connection 0x14a5cc000e40
x3006c0s37b1n0:61056:62070 [1] NCCL INFO transport/net_ib.cc:683 Ib Alloc Size 21688 pointer 0x14e02c04d000
x3006c0s37b1n0:61056:62070 [1] NCCL INFO transport/net_ib.cc:696 Ib Alloc Size 552 pointer 0x14e02c054000
x3006c0s37b1n0:61059:62071 [2] NCCL INFO transport/p2p.cc:449 Cuda Alloc Size 6291456 pointer 0x14a5c8000000
x3006c0s37b1n0:61063:62075 [3] NCCL INFO transport/net_ib.cc:596 Ib Alloc Size 26560 pointer 0x150e54044000
x3006c0s37b1n0:61063:62075 [3] NCCL INFO NET/IB: Dev 0 Port 1 qpn 3660 mtu 5 GID 0 (80FE/BD0800FEFF000000)
x3006c0s37b1n0:61063:62075 [3] NCCL INFO transport/net_ib.cc:653 Ib Alloc Size 552 pointer 0x150e54065000
x3006c0s37b1n0:61063:62075 [3] NCCL INFO transport/net.cc:571 Cuda Host Alloc Size 9641984 pointer 0x150e53600000
x3006c0s37b1n0:61063:62075 [3] NCCL INFO Mem Realloc old size 0, new size 768 pointer 0x150e540521f0
x3006c0s37b1n0:61056:62070 [1] NCCL INFO transport/net_ib.cc:771 Ib Alloc Size 552 pointer 0x14e02c079000
x3006c0s37b1n0:61056:62070 [1] NCCL INFO transport/net.cc:698 Cuda Host Alloc Size 9641984 pointer 0x14e02aa00000
x3006c0s37b1n0:61056:62070 [1] NCCL INFO Mem Realloc old size 0, new size 768 pointer 0x14e02c06e880
x3006c0s37b1n0:61056:62070 [1] NCCL INFO transport/net_ib.cc:683 Ib Alloc Size 21688 pointer 0x14e02c07b000
x3006c0s37b1n0:61056:62070 [1] NCCL INFO transport/net_ib.cc:696 Ib Alloc Size 552 pointer 0x14e02c082000
x3006c0s37b1n0:61056:62070 [1] NCCL INFO transport/net_ib.cc:771 Ib Alloc Size 552 pointer 0x14e02c09d000
x3006c0s37b1n0:61056:62070 [1] NCCL INFO transport/net.cc:698 Cuda Host Alloc Size 9641984 pointer 0x14e02b400000
x3006c0s37b1n0:61059:61911 [2] NCCL INFO Connected all rings
x3006c0s37b1n0:61050:62066 [0] NCCL INFO New proxy recv connection 4 from local rank 0, transport 0
x3006c0s37b1n0:61059:62071 [2] NCCL INFO New proxy recv connection 8 from local rank 2, transport 0
x3006c0s37b1n0:61056:62070 [1] NCCL INFO transport/net_ib.cc:683 Ib Alloc Size 21688 pointer 0x14e02c09f000
x3006c0s37b1n0:61056:62070 [1] NCCL INFO transport/net_ib.cc:696 Ib Alloc Size 552 pointer 0x14e02c0a6000
x3006c0s37b1n0:61050:61914 [0] NCCL INFO Connection to proxy localRank 0 -> connection 0x149f18000d80
x3006c0s37b1n0:61056:62070 [1] NCCL INFO transport/net_ib.cc:771 Ib Alloc Size 552 pointer 0x14e02c0c1000
x3006c0s37b1n0:61056:62070 [1] NCCL INFO transport/net.cc:698 Cuda Host Alloc Size 9641984 pointer 0x14e028000000
x3006c0s37b1n0:61050:62066 [0] NCCL INFO transport/p2p.cc:449 Cuda Alloc Size 6291456 pointer 0x149f67000000
x3006c0s37b1n0:61050:62066 [0] NCCL INFO New proxy recv connection 5 from local rank 0, transport 0
x3006c0s37b1n0:61063:62075 [3] NCCL INFO transport/net_ib.cc:596 Ib Alloc Size 26560 pointer 0x150e54067000
x3006c0s37b1n0:61059:61911 [2] NCCL INFO Connection to proxy localRank 2 -> connection 0x14a5cc000e80
x3006c0s37b1n0:61063:62075 [3] NCCL INFO NET/IB: Dev 1 Port 1 qpn 3410 mtu 5 GID 0 (80FE/AB0800FEFF000000)
x3006c0s37b1n0:61063:62075 [3] NCCL INFO transport/net_ib.cc:653 Ib Alloc Size 552 pointer 0x150e5407e000
x3006c0s37b1n0:61063:62075 [3] NCCL INFO transport/net.cc:571 Cuda Host Alloc Size 9641984 pointer 0x150e4a000000
x3006c0s37b1n0:61059:62071 [2] NCCL INFO transport/p2p.cc:449 Cuda Alloc Size 6291456 pointer 0x14a5c6000000
x3006c0s37b1n0:61056:61912 [1] NCCL INFO Channel 00/0 : 9[46000] -> 8[7000] via P2P/IPC/read
x3006c0s37b1n0:61056:62070 [1] NCCL INFO New proxy send connection 4 from local rank 1, transport 0
x3006c0s37b1n0:61063:62075 [3] NCCL INFO transport/net_ib.cc:596 Ib Alloc Size 26560 pointer 0x150e54080000
x3006c0s37b1n0:61050:61914 [0] NCCL INFO Connection to proxy localRank 0 -> connection 0x149f18000dc0
x3006c0s37b1n0:61050:62066 [0] NCCL INFO transport/p2p.cc:449 Cuda Alloc Size 6291456 pointer 0x149f67600000
x3006c0s37b1n0:61063:62075 [3] NCCL INFO NET/IB: Dev 0 Port 1 qpn 3664 mtu 5 GID 0 (80FE/BD0800FEFF000000)
x3006c0s37b1n0:61063:62075 [3] NCCL INFO transport/net_ib.cc:653 Ib Alloc Size 552 pointer 0x150e54097000
x3006c0s37b1n0:61063:62075 [3] NCCL INFO transport/net.cc:571 Cuda Host Alloc Size 9641984 pointer 0x150e4aa00000
x3006c0s37b1n0:61059:62071 [2] NCCL INFO New proxy recv connection 9 from local rank 2, transport 0
x3006c0s37b1n0:61056:61912 [1] NCCL INFO Connection to proxy localRank 1 -> connection 0x14e02c000d80
x3006c0s37b1n0:61056:62070 [1] NCCL INFO transport/p2p.cc:430 Cuda Alloc Size 6291456 pointer 0x14e028a00000
x3006c0s37b1n0:61063:61913 [3] NCCL INFO Connected all rings
x3006c0s37b1n0:61063:61913 [3] NCCL INFO Channel 00/0 : 11[c7000] -> 10[85000] via P2P/IPC/read
x3006c0s37b1n0:61063:62075 [3] NCCL INFO New proxy send connection 8 from local rank 3, transport 0
x3006c0s37b1n0:61050:62066 [0] NCCL INFO New proxy recv connection 6 from local rank 0, transport 0
x3006c0s37b1n0:61056:61912 [1] NCCL INFO Channel 01/0 : 9[46000] -> 8[7000] via P2P/IPC/read
x3006c0s37b1n0:61056:62070 [1] NCCL INFO New proxy send connection 5 from local rank 1, transport 0
x3006c0s37b1n0:61059:61911 [2] NCCL INFO Connection to proxy localRank 2 -> connection 0x14a5cc000ec0
x3006c0s37b1n0:61059:62071 [2] NCCL INFO transport/p2p.cc:449 Cuda Alloc Size 6291456 pointer 0x14a5c6600000
x3006c0s37b1n0:61063:61913 [3] NCCL INFO Connection to proxy localRank 3 -> connection 0x150e54000e80
x3006c0s37b1n0:61063:62075 [3] NCCL INFO transport/p2p.cc:430 Cuda Alloc Size 6291456 pointer 0x150e4b400000
x3006c0s37b1n0:61059:62071 [2] NCCL INFO New proxy recv connection 10 from local rank 2, transport 0
x3006c0s37b1n0:61050:61914 [0] NCCL INFO Connection to proxy localRank 0 -> connection 0x149f18000e00
x3006c0s37b1n0:61050:62066 [0] NCCL INFO transport/p2p.cc:449 Cuda Alloc Size 6291456 pointer 0x149f67c00000
x3006c0s37b1n0:61056:61912 [1] NCCL INFO Connection to proxy localRank 1 -> connection 0x14e02c000dc0
x3006c0s37b1n0:61056:62070 [1] NCCL INFO transport/p2p.cc:430 Cuda Alloc Size 6291456 pointer 0x14e029000000
x3006c0s37b1n0:61059:61911 [2] NCCL INFO Connection to proxy localRank 2 -> connection 0x14a5cc000f00
x3006c0s37b1n0:61059:62071 [2] NCCL INFO transport/p2p.cc:449 Cuda Alloc Size 6291456 pointer 0x14a5c6c00000
x3006c0s37b1n0:61063:61913 [3] NCCL INFO Channel 01/0 : 11[c7000] -> 10[85000] via P2P/IPC/read
x3006c0s37b1n0:61063:62075 [3] NCCL INFO New proxy send connection 9 from local rank 3, transport 0
x3006c0s37b1n0:61050:62066 [0] NCCL INFO New proxy recv connection 7 from local rank 0, transport 0
x3006c0s37b1n0:61056:61912 [1] NCCL INFO Channel 02/0 : 9[46000] -> 8[7000] via P2P/IPC/read
x3006c0s37b1n0:61056:62070 [1] NCCL INFO New proxy send connection 6 from local rank 1, transport 0
x3006c0s37b1n0:61059:62071 [2] NCCL INFO New proxy recv connection 11 from local rank 2, transport 0
x3006c0s37b1n0:61056:61912 [1] NCCL INFO Connection to proxy localRank 1 -> connection 0x14e02c000e00
x3006c0s37b1n0:61056:62070 [1] NCCL INFO transport/p2p.cc:430 Cuda Alloc Size 6291456 pointer 0x14e029600000
x3006c0s37b1n0:61063:61913 [3] NCCL INFO Connection to proxy localRank 3 -> connection 0x150e54000ec0
x3006c0s37b1n0:61063:62075 [3] NCCL INFO transport/p2p.cc:430 Cuda Alloc Size 6291456 pointer 0x150e4ba00000
x3006c0s37b1n0:61050:61914 [0] NCCL INFO Connection to proxy localRank 0 -> connection 0x149f18000e40
x3006c0s37b1n0:61050:62066 [0] NCCL INFO transport/p2p.cc:449 Cuda Alloc Size 6291456 pointer 0x149f68200000
x3006c0s37b1n0:61059:61911 [2] NCCL INFO Connection to proxy localRank 2 -> connection 0x14a5cc000f40
x3006c0s37b1n0:61059:62071 [2] NCCL INFO transport/p2p.cc:449 Cuda Alloc Size 6291456 pointer 0x14a5c7200000
x3006c0s37b1n0:61056:61912 [1] NCCL INFO Channel 03/0 : 9[46000] -> 8[7000] via P2P/IPC/read
x3006c0s37b1n0:61056:62070 [1] NCCL INFO New proxy send connection 7 from local rank 1, transport 0
x3006c0s37b1n0:61063:61913 [3] NCCL INFO Channel 02/0 : 11[c7000] -> 10[85000] via P2P/IPC/read
x3006c0s37b1n0:61063:62075 [3] NCCL INFO New proxy send connection 10 from local rank 3, transport 0
x3006c0s37b1n0:61056:61912 [1] NCCL INFO Connection to proxy localRank 1 -> connection 0x14e02c000e40
x3006c0s37b1n0:61056:62070 [1] NCCL INFO transport/p2p.cc:430 Cuda Alloc Size 6291456 pointer 0x14e03ba00000
x3006c0s37b1n0:61063:61913 [3] NCCL INFO Connection to proxy localRank 3 -> connection 0x150e54000f00
x3006c0s37b1n0:61063:62075 [3] NCCL INFO transport/p2p.cc:430 Cuda Alloc Size 6291456 pointer 0x150e48000000
x3006c0s37b1n0:61063:61913 [3] NCCL INFO Channel 03/0 : 11[c7000] -> 10[85000] via P2P/IPC/read
x3006c0s37b1n0:61063:62075 [3] NCCL INFO New proxy send connection 11 from local rank 3, transport 0
x3006c0s37b1n0:61056:61912 [1] NCCL INFO Connected all rings
x3006c0s37b1n0:61050:61914 [0] NCCL INFO Connected all rings
x3006c0s37b1n0:61050:61914 [0] NCCL INFO Channel 00/0 : 8[7000] -> 9[46000] via P2P/IPC/read
x3006c0s37b1n0:61050:62066 [0] NCCL INFO New proxy send connection 8 from local rank 0, transport 0
x3006c0s37b1n0:61056:62070 [1] NCCL INFO New proxy recv connection 8 from local rank 1, transport 0
x3006c0s37b1n0:61056:61912 [1] NCCL INFO Connection to proxy localRank 1 -> connection 0x14e02c000e80
x3006c0s37b1n0:61056:62070 [1] NCCL INFO transport/p2p.cc:449 Cuda Alloc Size 6291456 pointer 0x14e027800000
x3006c0s37b1n0:61050:61914 [0] NCCL INFO Connection to proxy localRank 0 -> connection 0x149f18000e80
x3006c0s37b1n0:61050:62066 [0] NCCL INFO transport/p2p.cc:430 Cuda Alloc Size 6291456 pointer 0x149f6a000000
x3006c0s37b1n0:61063:61913 [3] NCCL INFO Connection to proxy localRank 3 -> connection 0x150e54000f40
x3006c0s37b1n0:61063:62075 [3] NCCL INFO transport/p2p.cc:430 Cuda Alloc Size 6291456 pointer 0x150e48600000
x3006c0s37b1n0:61050:61914 [0] NCCL INFO Channel 01/0 : 8[7000] -> 9[46000] via P2P/IPC/read
x3006c0s37b1n0:61050:62066 [0] NCCL INFO New proxy send connection 9 from local rank 0, transport 0
x3006c0s37b1n0:61050:61914 [0] NCCL INFO Connection to proxy localRank 0 -> connection 0x149f18000ec0
x3006c0s37b1n0:61050:62066 [0] NCCL INFO transport/p2p.cc:430 Cuda Alloc Size 6291456 pointer 0x149f6a600000
x3006c0s37b1n0:61056:62070 [1] NCCL INFO New proxy recv connection 9 from local rank 1, transport 0
x3006c0s37b1n0:61050:61914 [0] NCCL INFO Channel 02/0 : 8[7000] -> 9[46000] via P2P/IPC/read
x3006c0s37b1n0:61050:62066 [0] NCCL INFO New proxy send connection 10 from local rank 0, transport 0
x3006c0s37b1n0:61056:61912 [1] NCCL INFO Connection to proxy localRank 1 -> connection 0x14e02c000ec0
x3006c0s37b1n0:61056:62070 [1] NCCL INFO transport/p2p.cc:449 Cuda Alloc Size 6291456 pointer 0x14e024000000
x3006c0s37b1n0:61050:61914 [0] NCCL INFO Connection to proxy localRank 0 -> connection 0x149f18000f00
x3006c0s37b1n0:61050:62066 [0] NCCL INFO transport/p2p.cc:430 Cuda Alloc Size 6291456 pointer 0x149f6ac00000
x3006c0s37b1n0:61056:62070 [1] NCCL INFO New proxy recv connection 10 from local rank 1, transport 0
x3006c0s37b1n0:61056:61912 [1] NCCL INFO Connection to proxy localRank 1 -> connection 0x14e02c000f00
x3006c0s37b1n0:61056:62070 [1] NCCL INFO transport/p2p.cc:449 Cuda Alloc Size 6291456 pointer 0x14e024600000
x3006c0s37b1n0:61056:62070 [1] NCCL INFO New proxy recv connection 11 from local rank 1, transport 0
x3006c0s37b1n0:61050:61914 [0] NCCL INFO Channel 03/0 : 8[7000] -> 9[46000] via P2P/IPC/read
x3006c0s37b1n0:61050:62066 [0] NCCL INFO New proxy send connection 11 from local rank 0, transport 0
x3006c0s37b1n0:61056:61912 [1] NCCL INFO Connection to proxy localRank 1 -> connection 0x14e02c000f40
x3006c0s37b1n0:61056:62070 [1] NCCL INFO transport/p2p.cc:449 Cuda Alloc Size 6291456 pointer 0x14e024c00000
x3006c0s37b1n0:61056:61912 [1] NCCL INFO Channel 00/0 : 9[46000] -> 10[85000] via P2P/IPC/read
x3006c0s37b1n0:61050:61914 [0] NCCL INFO Connection to proxy localRank 0 -> connection 0x149f18000f40
x3006c0s37b1n0:61050:62066 [0] NCCL INFO transport/p2p.cc:430 Cuda Alloc Size 6291456 pointer 0x149f6b200000
x3006c0s37b1n0:61056:62070 [1] NCCL INFO New proxy send connection 12 from local rank 1, transport 0
x3006c0s37b1n0:61056:61912 [1] NCCL INFO Connection to proxy localRank 1 -> connection 0x14e02c000f80
x3006c0s37b1n0:61056:62070 [1] NCCL INFO transport/p2p.cc:430 Cuda Alloc Size 6291456 pointer 0x14e025200000
x3006c0s37b1n0:61056:61912 [1] NCCL INFO Channel 01/0 : 9[46000] -> 10[85000] via P2P/IPC/read
x3006c0s37b1n0:61056:62070 [1] NCCL INFO New proxy send connection 13 from local rank 1, transport 0
x3006c0s37b1n0:61056:61912 [1] NCCL INFO Connection to proxy localRank 1 -> connection 0x14e02c000fc0
x3006c0s37b1n0:61056:62070 [1] NCCL INFO transport/p2p.cc:430 Cuda Alloc Size 6291456 pointer 0x14e025800000
x3006c0s37b1n0:61056:61912 [1] NCCL INFO Channel 02/0 : 9[46000] -> 10[85000] via P2P/IPC/read
x3006c0s37b1n0:61056:62070 [1] NCCL INFO New proxy send connection 14 from local rank 1, transport 0
x3006c0s37b1n0:61056:61912 [1] NCCL INFO Connection to proxy localRank 1 -> connection 0x14e02c001000
x3006c0s37b1n0:61056:62070 [1] NCCL INFO transport/p2p.cc:430 Cuda Alloc Size 6291456 pointer 0x14e022000000
x3006c0s37b1n0:61056:61912 [1] NCCL INFO Channel 03/0 : 9[46000] -> 10[85000] via P2P/IPC/read
x3006c0s37b1n0:61056:62070 [1] NCCL INFO New proxy send connection 15 from local rank 1, transport 0
x3006c0s37b1n0:61056:61912 [1] NCCL INFO Connection to proxy localRank 1 -> connection 0x14e02c001040
x3006c0s37b1n0:61056:62070 [1] NCCL INFO transport/p2p.cc:430 Cuda Alloc Size 6291456 pointer 0x14e022600000
x3006c0s37b1n0:61056:61912 [1] NCCL INFO GPU Direct RDMA Disabled for GPU 46000 / HCA 1 (distance 6 > 4)
x3006c0s37b1n0:61059:62071 [2] NCCL INFO New proxy recv connection 12 from local rank 2, transport 0
x3006c0s37b1n0:61056:62070 [1] NCCL INFO New proxy recv connection 16 from local rank 1, transport 2
x3006c0s37b1n0:61059:61911 [2] NCCL INFO Connection to proxy localRank 2 -> connection 0x14a5cc000f80
x3006c0s37b1n0:61050:61914 [0] NCCL INFO GPU Direct RDMA Disabled for GPU 7000 / HCA 1 (distance 7 > 4)
x3006c0s37b1n0:61050:62066 [0] NCCL INFO Allocated 4194656 bytes of shared memory in /dev/shm/nccl-o77Uaw

x3006c0s37b1n0:61050:62066 [0] NCCL INFO New proxy send connection 12 from local rank 0, transport 2
x3006c0s37b1n0:61059:62071 [2] NCCL INFO transport/p2p.cc:449 Cuda Alloc Size 6291456 pointer 0x14a5c5200000
x3006c0s37b1n0:61059:62071 [2] NCCL INFO New proxy recv connection 13 from local rank 2, transport 0
x3006c0s37b1n0:61059:61911 [2] NCCL INFO Connection to proxy localRank 2 -> connection 0x14a5cc000fc0
x3006c0s37b1n0:61056:61912 [1] NCCL INFO Connection to proxy localRank 1 -> connection 0x14e02c001080
x3006c0s37b1n0:61059:62071 [2] NCCL INFO transport/p2p.cc:449 Cuda Alloc Size 6291456 pointer 0x14a5c5800000
x3006c0s37b1n0:61050:61914 [0] NCCL INFO Connection to proxy localRank 0 -> connection 0x149f18000f80
x3006c0s37b1n0:61050:61914 [0] NCCL INFO Channel 00/0 : 8[7000] -> 12[7000] [send] via NET/IB/1
x3006c0s37b1n0:61050:61914 [0] NCCL INFO GPU Direct RDMA Disabled for GPU 7000 / HCA 0 (distance 7 > 4)
x3006c0s37b1n0:61050:62066 [0] NCCL INFO New proxy send connection 13 from local rank 0, transport 2
x3006c0s37b1n0:61050:61914 [0] NCCL INFO Connection to proxy localRank 0 -> connection 0x149f18000fc0
x3006c0s37b1n0:61050:61914 [0] NCCL INFO Channel 01/0 : 8[7000] -> 12[7000] [send] via NET/IB/0
x3006c0s37b1n0:61056:61912 [1] NCCL INFO Channel 00/0 : 4[7000] -> 9[46000] [receive] via NET/IB/1
x3006c0s37b1n0:61056:61912 [1] NCCL INFO GPU Direct RDMA Disabled for GPU 46000 / HCA 0 (distance 7 > 4)
x3006c0s37b1n0:61056:62070 [1] NCCL INFO New proxy recv connection 17 from local rank 1, transport 2
x3006c0s37b1n0:61059:62071 [2] NCCL INFO New proxy recv connection 14 from local rank 2, transport 0
x3006c0s37b1n0:61056:61912 [1] NCCL INFO Connection to proxy localRank 1 -> connection 0x14e02c0010c0
x3006c0s37b1n0:61059:61911 [2] NCCL INFO Connection to proxy localRank 2 -> connection 0x14a5cc001000
x3006c0s37b1n0:61059:62071 [2] NCCL INFO transport/p2p.cc:449 Cuda Alloc Size 6291456 pointer 0x14a5c2000000
x3006c0s37b1n0:61056:61912 [1] NCCL INFO Channel 01/0 : 4[7000] -> 9[46000] [receive] via NET/IB/0
x3006c0s37b1n0:61059:62071 [2] NCCL INFO New proxy recv connection 15 from local rank 2, transport 0
x3006c0s37b1n0:61059:61911 [2] NCCL INFO Connection to proxy localRank 2 -> connection 0x14a5cc001040
x3006c0s37b1n0:61059:62071 [2] NCCL INFO transport/p2p.cc:449 Cuda Alloc Size 6291456 pointer 0x14a5c2600000
x3006c0s37b1n0:61059:61911 [2] NCCL INFO Channel 00/0 : 10[85000] -> 9[46000] via P2P/IPC/read
x3006c0s37b1n0:61059:62071 [2] NCCL INFO New proxy send connection 16 from local rank 2, transport 0
x3006c0s37b1n0:61059:61911 [2] NCCL INFO Connection to proxy localRank 2 -> connection 0x14a5cc001080
x3006c0s37b1n0:61059:62071 [2] NCCL INFO transport/p2p.cc:430 Cuda Alloc Size 6291456 pointer 0x14a5c2c00000
x3006c0s37b1n0:61059:61911 [2] NCCL INFO Channel 01/0 : 10[85000] -> 9[46000] via P2P/IPC/read
x3006c0s37b1n0:61059:62071 [2] NCCL INFO New proxy send connection 17 from local rank 2, transport 0
x3006c0s37b1n0:61059:61911 [2] NCCL INFO Connection to proxy localRank 2 -> connection 0x14a5cc0010c0
x3006c0s37b1n0:61059:62071 [2] NCCL INFO transport/p2p.cc:430 Cuda Alloc Size 6291456 pointer 0x14a5c3200000
x3006c0s37b1n0:61059:61911 [2] NCCL INFO Channel 02/0 : 10[85000] -> 9[46000] via P2P/IPC/read
x3006c0s37b1n0:61059:62071 [2] NCCL INFO New proxy send connection 18 from local rank 2, transport 0
x3006c0s37b1n0:61059:61911 [2] NCCL INFO Connection to proxy localRank 2 -> connection 0x14a5cc001100
x3006c0s37b1n0:61059:62071 [2] NCCL INFO transport/p2p.cc:430 Cuda Alloc Size 6291456 pointer 0x14a5c3800000
x3006c0s37b1n0:61059:61911 [2] NCCL INFO Channel 03/0 : 10[85000] -> 9[46000] via P2P/IPC/read
x3006c0s37b1n0:61059:62071 [2] NCCL INFO New proxy send connection 19 from local rank 2, transport 0
x3006c0s37b1n0:61050:62066 [0] NCCL INFO transport/net_ib.cc:596 Ib Alloc Size 26560 pointer 0x149f1801b000
x3006c0s37b1n0:61050:62066 [0] NCCL INFO NET/IB: Dev 1 Port 1 qpn 3411 mtu 5 GID 0 (80FE/AB0800FEFF000000)
x3006c0s37b1n0:61050:62066 [0] NCCL INFO transport/net_ib.cc:653 Ib Alloc Size 552 pointer 0x149f1803d000
x3006c0s37b1n0:61050:62066 [0] NCCL INFO transport/net.cc:571 Cuda Host Alloc Size 9641984 pointer 0x149f6d000000
x3006c0s37b1n0:61050:62066 [0] NCCL INFO Mem Realloc old size 0, new size 768 pointer 0x149f1802a0a0
x3006c0s37b1n0:61050:62066 [0] NCCL INFO transport/net_ib.cc:596 Ib Alloc Size 26560 pointer 0x149f1803f000
x3006c0s37b1n0:61050:62066 [0] NCCL INFO NET/IB: Dev 0 Port 1 qpn 3665 mtu 5 GID 0 (80FE/BD0800FEFF000000)
x3006c0s37b1n0:61050:62066 [0] NCCL INFO transport/net_ib.cc:653 Ib Alloc Size 552 pointer 0x149f18060000
x3006c0s37b1n0:61050:62066 [0] NCCL INFO transport/net.cc:571 Cuda Host Alloc Size 9641984 pointer 0x149f6da00000
x3006c0s37b1n0:61050:62066 [0] NCCL INFO Mem Realloc old size 0, new size 768 pointer 0x149f1804d3d0
x3006c0s37b1n0:61059:61911 [2] NCCL INFO Connection to proxy localRank 2 -> connection 0x14a5cc001140
x3006c0s37b1n0:61059:62071 [2] NCCL INFO transport/p2p.cc:430 Cuda Alloc Size 6291456 pointer 0x14a5c0000000
x3006c0s37b1n0:61063:61913 [3] NCCL INFO Connected all trees by HAO
x3006c0s37b1n0:61063:61913 [3] NCCL INFO threadThresholds 8/8/64 | 160/8/64 | 512 | 512
x3006c0s37b1n0:61063:61913 [3] NCCL INFO 4 coll channels, 4 p2p channels, 2 p2p channels per peer
x3006c0s37b1n0:61063:62075 [3] NCCL INFO New proxy send connection 12 from local rank 3, transport 2
x3006c0s37b1n0:61050:61914 [0] NCCL INFO GPU Direct RDMA Disabled for GPU 7000 / HCA 1 (distance 7 > 4)
x3006c0s37b1n0:61050:62066 [0] NCCL INFO New proxy send connection 14 from local rank 0, transport 2
x3006c0s37b1n0:61063:61913 [3] NCCL INFO Connection to proxy localRank 3 -> connection 0x150e54000f80
x3006c0s37b1n0:61063:62075 [3] NCCL INFO transport/net.cc:376 Cuda Alloc Size 8388608 pointer 0x150e46600000
x3006c0s37b1n0:61050:61914 [0] NCCL INFO Connection to proxy localRank 0 -> connection 0x149f18001000
x3006c0s37b1n0:61050:61914 [0] NCCL INFO Channel 02/0 : 8[7000] -> 13[46000] [send] via NET/IB/1
x3006c0s37b1n0:61050:61914 [0] NCCL INFO GPU Direct RDMA Disabled for GPU 7000 / HCA 0 (distance 7 > 4)
x3006c0s37b1n0:61050:62066 [0] NCCL INFO New proxy send connection 15 from local rank 0, transport 2
x3006c0s37b1n0:61050:61914 [0] NCCL INFO Connection to proxy localRank 0 -> connection 0x149f18001040
x3006c0s37b1n0:61050:61914 [0] NCCL INFO Channel 03/0 : 8[7000] -> 13[46000] [send] via NET/IB/0
x3006c0s37b1n0:61050:62066 [0] NCCL INFO transport/net_ib.cc:596 Ib Alloc Size 26560 pointer 0x149f1806c000
x3006c0s37b1n0:61050:62066 [0] NCCL INFO NET/IB: Dev 1 Port 1 qpn 3412 mtu 5 GID 0 (80FE/AB0800FEFF000000)
x3006c0s37b1n0:61050:62066 [0] NCCL INFO transport/net_ib.cc:653 Ib Alloc Size 552 pointer 0x149f18083000
x3006c0s37b1n0:61050:62066 [0] NCCL INFO transport/net.cc:571 Cuda Host Alloc Size 9641984 pointer 0x149f6e400000
x3006c0s37b1n0:61050:62066 [0] NCCL INFO transport/net_ib.cc:596 Ib Alloc Size 26560 pointer 0x149f18085000
x3006c0s37b1n0:61056:62070 [1] NCCL INFO transport/net_ib.cc:683 Ib Alloc Size 21688 pointer 0x14e02c0d2000
x3006c0s37b1n0:61056:62070 [1] NCCL INFO transport/net_ib.cc:696 Ib Alloc Size 552 pointer 0x14e02c019000
x3006c0s37b1n0:61050:62066 [0] NCCL INFO NET/IB: Dev 0 Port 1 qpn 3666 mtu 5 GID 0 (80FE/BD0800FEFF000000)
x3006c0s37b1n0:61050:62066 [0] NCCL INFO transport/net_ib.cc:653 Ib Alloc Size 552 pointer 0x149f1809c000
x3006c0s37b1n0:61050:62066 [0] NCCL INFO transport/net.cc:571 Cuda Host Alloc Size 9641984 pointer 0x149f6ee00000
x3006c0s37b1n0:61050:61914 [0] NCCL INFO GPU Direct RDMA Disabled for GPU 7000 / HCA 1 (distance 7 > 4)
x3006c0s37b1n0:61050:62066 [0] NCCL INFO New proxy send connection 16 from local rank 0, transport 2
x3006c0s37b1n0:61050:61914 [0] NCCL INFO Connection to proxy localRank 0 -> connection 0x149f18001080
x3006c0s37b1n0:61050:61914 [0] NCCL INFO Channel 00/0 : 8[7000] -> 17[46000] [send] via NET/IB/1
x3006c0s37b1n0:61050:61914 [0] NCCL INFO GPU Direct RDMA Disabled for GPU 7000 / HCA 0 (distance 7 > 4)
x3006c0s37b1n0:61050:62066 [0] NCCL INFO New proxy send connection 17 from local rank 0, transport 2
x3006c0s37b1n0:61056:62070 [1] NCCL INFO transport/net_ib.cc:771 Ib Alloc Size 552 pointer 0x14e02c0f2000
x3006c0s37b1n0:61056:62070 [1] NCCL INFO transport/net.cc:698 Cuda Host Alloc Size 9641984 pointer 0x14e01e000000
x3006c0s37b1n0:61056:62070 [1] NCCL INFO transport/net_ib.cc:683 Ib Alloc Size 21688 pointer 0x14e02c0f4000
x3006c0s37b1n0:61056:62070 [1] NCCL INFO transport/net_ib.cc:696 Ib Alloc Size 552 pointer 0x14e02c0fb000
x3006c0s37b1n0:61050:61914 [0] NCCL INFO Connection to proxy localRank 0 -> connection 0x149f180010c0
x3006c0s37b1n0:61050:61914 [0] NCCL INFO Channel 01/0 : 8[7000] -> 17[46000] [send] via NET/IB/0
x3006c0s37b1n0:61050:62066 [0] NCCL INFO transport/net_ib.cc:596 Ib Alloc Size 26560 pointer 0x149f180a8000
x3006c0s37b1n0:61050:62066 [0] NCCL INFO NET/IB: Dev 1 Port 1 qpn 3415 mtu 5 GID 0 (80FE/AB0800FEFF000000)
x3006c0s37b1n0:61050:62066 [0] NCCL INFO transport/net_ib.cc:653 Ib Alloc Size 552 pointer 0x149f180bf000
x3006c0s37b1n0:61056:62070 [1] NCCL INFO transport/net_ib.cc:771 Ib Alloc Size 552 pointer 0x14e02c116000
x3006c0s37b1n0:61056:62070 [1] NCCL INFO transport/net.cc:698 Cuda Host Alloc Size 9641984 pointer 0x14e01ea00000
x3006c0s37b1n0:61050:62066 [0] NCCL INFO transport/net.cc:571 Cuda Host Alloc Size 9641984 pointer 0x149f6f800000
x3006c0s37b1n0:61056:61912 [1] NCCL INFO GPU Direct RDMA Disabled for GPU 46000 / HCA 1 (distance 6 > 4)
x3006c0s37b1n0:61056:62070 [1] NCCL INFO New proxy send connection 18 from local rank 1, transport 2
x3006c0s37b1n0:61050:62066 [0] NCCL INFO transport/net_ib.cc:596 Ib Alloc Size 26560 pointer 0x149f180c1000
x3006c0s37b1n0:61050:62066 [0] NCCL INFO NET/IB: Dev 0 Port 1 qpn 3669 mtu 5 GID 0 (80FE/BD0800FEFF000000)
x3006c0s37b1n0:61050:62066 [0] NCCL INFO transport/net_ib.cc:653 Ib Alloc Size 552 pointer 0x149f180d8000
x3006c0s37b1n0:61050:62066 [0] NCCL INFO transport/net.cc:571 Cuda Host Alloc Size 9641984 pointer 0x149f70200000
x3006c0s37b1n0:61056:61912 [1] NCCL INFO Connection to proxy localRank 1 -> connection 0x14e02c001100
x3006c0s37b1n0:61056:61912 [1] NCCL INFO Channel 00/0 : 9[46000] -> 4[7000] [send] via NET/IB/1
x3006c0s37b1n0:61056:61912 [1] NCCL INFO GPU Direct RDMA Disabled for GPU 46000 / HCA 0 (distance 7 > 4)
x3006c0s37b1n0:61056:62070 [1] NCCL INFO New proxy send connection 19 from local rank 1, transport 2
x3006c0s37b1n0:61056:61912 [1] NCCL INFO Connection to proxy localRank 1 -> connection 0x14e02c001140
x3006c0s37b1n0:61056:61912 [1] NCCL INFO Channel 01/0 : 9[46000] -> 4[7000] [send] via NET/IB/0
x3006c0s37b1n0:61056:62070 [1] NCCL INFO transport/net_ib.cc:596 Ib Alloc Size 26560 pointer 0x14e02c122000
x3006c0s37b1n0:61050:61914 [0] NCCL INFO GPU Direct RDMA Disabled for GPU 7000 / HCA 1 (distance 7 > 4)
x3006c0s37b1n0:61050:62066 [0] NCCL INFO New proxy recv connection 18 from local rank 0, transport 2
x3006c0s37b1n0:61056:62070 [1] NCCL INFO NET/IB: Dev 1 Port 1 qpn 3416 mtu 5 GID 0 (80FE/AB0800FEFF000000)
x3006c0s37b1n0:61056:62070 [1] NCCL INFO transport/net_ib.cc:653 Ib Alloc Size 552 pointer 0x14e02c139000
x3006c0s37b1n0:61056:62070 [1] NCCL INFO transport/net.cc:571 Cuda Host Alloc Size 9641984 pointer 0x14e01f400000
x3006c0s37b1n0:61056:62070 [1] NCCL INFO transport/net_ib.cc:596 Ib Alloc Size 26560 pointer 0x14e02c13b000
x3006c0s37b1n0:61050:61914 [0] NCCL INFO Connection to proxy localRank 0 -> connection 0x149f18001100
x3006c0s37b1n0:61056:62070 [1] NCCL INFO NET/IB: Dev 0 Port 1 qpn 3670 mtu 5 GID 0 (80FE/BD0800FEFF000000)
x3006c0s37b1n0:61056:62070 [1] NCCL INFO transport/net_ib.cc:653 Ib Alloc Size 552 pointer 0x14e02c152000
x3006c0s37b1n0:61056:62070 [1] NCCL INFO transport/net.cc:571 Cuda Host Alloc Size 9641984 pointer 0x14e01c000000
x3006c0s37b1n0:61050:61914 [0] NCCL INFO Channel 00/0 : 17[46000] -> 8[7000] [receive] via NET/IB/1
x3006c0s37b1n0:61050:61914 [0] NCCL INFO GPU Direct RDMA Disabled for GPU 7000 / HCA 0 (distance 7 > 4)
x3006c0s37b1n0:61050:62066 [0] NCCL INFO New proxy recv connection 19 from local rank 0, transport 2
x3006c0s37b1n0:61056:62070 [1] NCCL INFO New proxy recv connection 20 from local rank 1, transport 0
x3006c0s37b1n0:61050:61914 [0] NCCL INFO Connection to proxy localRank 0 -> connection 0x149f18001140
x3006c0s37b1n0:61056:61912 [1] NCCL INFO Connection to proxy localRank 1 -> connection 0x14e02c001180
x3006c0s37b1n0:61056:62070 [1] NCCL INFO transport/p2p.cc:449 Cuda Alloc Size 6291456 pointer 0x14e01ca00000
x3006c0s37b1n0:61050:61914 [0] NCCL INFO Channel 01/0 : 17[46000] -> 8[7000] [receive] via NET/IB/0
x3006c0s37b1n0:61050:62066 [0] NCCL INFO transport/net_ib.cc:683 Ib Alloc Size 21688 pointer 0x149f180e4000
x3006c0s37b1n0:61050:62066 [0] NCCL INFO transport/net_ib.cc:696 Ib Alloc Size 552 pointer 0x149f180eb000
x3006c0s37b1n0:61056:62070 [1] NCCL INFO New proxy recv connection 21 from local rank 1, transport 0
x3006c0s37b1n0:61050:62066 [0] NCCL INFO transport/net_ib.cc:771 Ib Alloc Size 552 pointer 0x149f18107000
x3006c0s37b1n0:61050:62066 [0] NCCL INFO transport/net.cc:698 Cuda Host Alloc Size 9641984 pointer 0x149f70c00000
x3006c0s37b1n0:61056:61912 [1] NCCL INFO Connection to proxy localRank 1 -> connection 0x14e02c0011c0
x3006c0s37b1n0:61056:62070 [1] NCCL INFO transport/p2p.cc:449 Cuda Alloc Size 6291456 pointer 0x14e01d000000
x3006c0s37b1n0:61050:62066 [0] NCCL INFO transport/net_ib.cc:683 Ib Alloc Size 21688 pointer 0x149f18109000
x3006c0s37b1n0:61050:62066 [0] NCCL INFO transport/net_ib.cc:696 Ib Alloc Size 552 pointer 0x149f18110000
x3006c0s37b1n0:61050:62066 [0] NCCL INFO transport/net_ib.cc:771 Ib Alloc Size 552 pointer 0x149f1812b000
x3006c0s37b1n0:61050:62066 [0] NCCL INFO transport/net.cc:698 Cuda Host Alloc Size 9641984 pointer 0x149f71600000
x3006c0s37b1n0:61056:62070 [1] NCCL INFO New proxy recv connection 22 from local rank 1, transport 0
x3006c0s37b1n0:61056:61912 [1] NCCL INFO Connection to proxy localRank 1 -> connection 0x14e02c001200
x3006c0s37b1n0:61056:62070 [1] NCCL INFO transport/p2p.cc:449 Cuda Alloc Size 6291456 pointer 0x14e01d600000
x3006c0s37b1n0:61056:62070 [1] NCCL INFO New proxy recv connection 23 from local rank 1, transport 0
x3006c0s37b1n0:61050:61914 [0] NCCL INFO GPU Direct RDMA Disabled for GPU 7000 / HCA 1 (distance 7 > 4)
x3006c0s37b1n0:61050:62066 [0] NCCL INFO New proxy recv connection 20 from local rank 0, transport 2
x3006c0s37b1n0:61056:61912 [1] NCCL INFO Connection to proxy localRank 1 -> connection 0x14e02c001240
x3006c0s37b1n0:61056:62070 [1] NCCL INFO transport/p2p.cc:449 Cuda Alloc Size 6291456 pointer 0x14e01a000000
x3006c0s37b1n0:61050:61914 [0] NCCL INFO Connection to proxy localRank 0 -> connection 0x149f18001180
x3006c0s37b1n0:61056:61912 [1] NCCL INFO Connected all trees by HAO
x3006c0s37b1n0:61056:61912 [1] NCCL INFO threadThresholds 8/8/64 | 160/8/64 | 512 | 512
x3006c0s37b1n0:61056:61912 [1] NCCL INFO 4 coll channels, 4 p2p channels, 2 p2p channels per peer
x3006c0s37b1n0:61056:62070 [1] NCCL INFO New proxy send connection 24 from local rank 1, transport 2
x3006c0s37b1n0:61059:61911 [2] NCCL INFO Connected all trees by HAO
x3006c0s37b1n0:61059:61911 [2] NCCL INFO threadThresholds 8/8/64 | 160/8/64 | 512 | 512
x3006c0s37b1n0:61059:61911 [2] NCCL INFO 4 coll channels, 4 p2p channels, 2 p2p channels per peer
x3006c0s37b1n0:61059:62071 [2] NCCL INFO Allocated 4194656 bytes of shared memory in /dev/shm/nccl-WmDIbc

x3006c0s37b1n0:61059:62071 [2] NCCL INFO New proxy send connection 20 from local rank 2, transport 2
x3006c0s37b1n0:61050:61914 [0] NCCL INFO Channel 02/0 : 13[46000] -> 8[7000] [receive] via NET/IB/1
x3006c0s37b1n0:61050:61914 [0] NCCL INFO GPU Direct RDMA Disabled for GPU 7000 / HCA 0 (distance 7 > 4)
x3006c0s37b1n0:61050:62066 [0] NCCL INFO New proxy recv connection 21 from local rank 0, transport 2
x3006c0s37b1n0:61056:61912 [1] NCCL INFO Connection to proxy localRank 1 -> connection 0x14e02c001280
x3006c0s37b1n0:61056:62070 [1] NCCL INFO transport/net.cc:376 Cuda Alloc Size 8388608 pointer 0x14e018000000
x3006c0s37b1n0:61059:61911 [2] NCCL INFO Connection to proxy localRank 2 -> connection 0x14a5cc001180
x3006c0s37b1n0:61059:62071 [2] NCCL INFO transport/net.cc:376 Cuda Alloc Size 8388608 pointer 0x14a5bf800000
x3006c0s37b1n0:61050:61914 [0] NCCL INFO Connection to proxy localRank 0 -> connection 0x149f180011c0
x3006c0s37b1n0:61050:61914 [0] NCCL INFO Channel 03/0 : 13[46000] -> 8[7000] [receive] via NET/IB/0
x3006c0s37b1n0:61050:62066 [0] NCCL INFO transport/net_ib.cc:683 Ib Alloc Size 21688 pointer 0x149f18137000
x3006c0s37b1n0:61050:62066 [0] NCCL INFO transport/net_ib.cc:696 Ib Alloc Size 552 pointer 0x149f1813e000
x3006c0s37b1n0:61050:62066 [0] NCCL INFO transport/net_ib.cc:771 Ib Alloc Size 552 pointer 0x149f18159000
x3006c0s37b1n0:61050:62066 [0] NCCL INFO transport/net.cc:698 Cuda Host Alloc Size 9641984 pointer 0x149f72000000
x3006c0s37b1n0:61050:62066 [0] NCCL INFO transport/net_ib.cc:683 Ib Alloc Size 21688 pointer 0x149f1815b000
x3006c0s37b1n0:61050:62066 [0] NCCL INFO transport/net_ib.cc:696 Ib Alloc Size 552 pointer 0x149f18162000
x3006c0s37b1n0:61050:62066 [0] NCCL INFO transport/net_ib.cc:771 Ib Alloc Size 552 pointer 0x149f1817d000
x3006c0s37b1n0:61050:62066 [0] NCCL INFO transport/net.cc:698 Cuda Host Alloc Size 9641984 pointer 0x149f72a00000
x3006c0s37b1n0:61050:61914 [0] NCCL INFO GPU Direct RDMA Disabled for GPU 7000 / HCA 1 (distance 7 > 4)
x3006c0s37b1n0:61050:62066 [0] NCCL INFO New proxy recv connection 22 from local rank 0, transport 2
x3006c0s37b1n0:61050:61914 [0] NCCL INFO Connection to proxy localRank 0 -> connection 0x149f18001200
x3006c0s37b1n0:61050:61914 [0] NCCL INFO Channel 00/0 : 12[7000] -> 8[7000] [receive] via NET/IB/1
x3006c0s37b1n0:61050:61914 [0] NCCL INFO GPU Direct RDMA Disabled for GPU 7000 / HCA 0 (distance 7 > 4)
x3006c0s37b1n0:61050:62066 [0] NCCL INFO New proxy recv connection 23 from local rank 0, transport 2
x3006c0s37b1n0:61050:61914 [0] NCCL INFO Connection to proxy localRank 0 -> connection 0x149f18001240
x3006c0s37b1n0:61050:61914 [0] NCCL INFO Channel 01/0 : 12[7000] -> 8[7000] [receive] via NET/IB/0
x3006c0s37b1n0:61050:62066 [0] NCCL INFO transport/net_ib.cc:683 Ib Alloc Size 21688 pointer 0x149f18189000
x3006c0s37b1n0:61050:62066 [0] NCCL INFO transport/net_ib.cc:696 Ib Alloc Size 552 pointer 0x149f18190000
x3006c0s37b1n0:61050:62066 [0] NCCL INFO transport/net_ib.cc:771 Ib Alloc Size 552 pointer 0x149f181ab000
x3006c0s37b1n0:61050:62066 [0] NCCL INFO transport/net.cc:698 Cuda Host Alloc Size 9641984 pointer 0x149f73400000
x3006c0s37b1n0:61050:62066 [0] NCCL INFO transport/net_ib.cc:683 Ib Alloc Size 21688 pointer 0x149f181ad000
x3006c0s37b1n0:61050:62066 [0] NCCL INFO transport/net_ib.cc:696 Ib Alloc Size 552 pointer 0x149f181b4000
x3006c0s37b1n0:61050:62066 [0] NCCL INFO transport/net_ib.cc:771 Ib Alloc Size 552 pointer 0x149f181cf000
x3006c0s37b1n0:61050:62066 [0] NCCL INFO transport/net.cc:698 Cuda Host Alloc Size 9641984 pointer 0x149f73e00000
x3006c0s37b1n0:61050:61914 [0] NCCL INFO Connected all trees by HAO
x3006c0s37b1n0:61050:61914 [0] NCCL INFO threadThresholds 8/8/64 | 160/8/64 | 512 | 512
x3006c0s37b1n0:61050:61914 [0] NCCL INFO 4 coll channels, 4 p2p channels, 2 p2p channels per peer
x3006c0s37b1n0:61050:62066 [0] NCCL INFO New proxy send connection 24 from local rank 0, transport 2
x3006c0s37b1n0:61050:61914 [0] NCCL INFO Connection to proxy localRank 0 -> connection 0x149f18001280
x3006c0s37b1n0:61050:61914 [0] NCCL INFO init.cc:367 Cuda Alloc Size 5168 pointer 0x149f63e08800
x3006c0s37b1n0:61059:61911 [2] NCCL INFO init.cc:367 Cuda Alloc Size 5168 pointer 0x14a5db808800
x3006c0s37b1n0:61056:61912 [1] NCCL INFO init.cc:367 Cuda Alloc Size 5168 pointer 0x14e03b808800
x3006c0s37b1n0:61063:61913 [3] NCCL INFO init.cc:367 Cuda Alloc Size 5168 pointer 0x150e61808800
x3006c0s37b1n0:61063:61913 [3] NCCL INFO init.cc:392 Cuda Host Alloc Size 33554432 pointer 0x150e44000000
x3006c0s37b1n0:61063:61913 [3] NCCL INFO init.cc:398 Cuda Host Alloc Size 128 pointer 0x150e60e00200
x3006c0s37b1n0:61063:61913 [3] NCCL INFO comm 0x556dc9cd6500 rank 11 nranks 20 cudaDev 3 busId c7000 - Init COMPLETE
x3006c0s37b1n0:61059:61911 [2] NCCL INFO init.cc:392 Cuda Host Alloc Size 33554432 pointer 0x14a5b6000000
x3006c0s37b1n0:61059:61911 [2] NCCL INFO init.cc:398 Cuda Host Alloc Size 128 pointer 0x14a5dae00200
x3006c0s37b1n0:61059:61911 [2] NCCL INFO comm 0x5633c73a8e80 rank 10 nranks 20 cudaDev 2 busId 85000 - Init COMPLETE
x3006c0s37b1n0:61056:61912 [1] NCCL INFO init.cc:392 Cuda Host Alloc Size 33554432 pointer 0x14e016000000
x3006c0s37b1n0:61056:61912 [1] NCCL INFO init.cc:398 Cuda Host Alloc Size 128 pointer 0x14e03ae00200
x3006c0s37b1n0:61056:61912 [1] NCCL INFO comm 0x56126dc4c3b0 rank 9 nranks 20 cudaDev 1 busId 46000 - Init COMPLETE
x3006c0s37b1n0:61050:61914 [0] NCCL INFO init.cc:392 Cuda Host Alloc Size 33554432 pointer 0x149f74800000
x3006c0s37b1n0:61050:61914 [0] NCCL INFO init.cc:398 Cuda Host Alloc Size 128 pointer 0x149f63400200
x3006c0s37b1n0:61050:61914 [0] NCCL INFO comm 0x5618ce87ef50 rank 8 nranks 20 cudaDev 0 busId 7000 - Init COMPLETE
x3006c0s37b1n0:61050:62066 [0] NCCL INFO transport/net.cc:376 Cuda Alloc Size 8388608 pointer 0x149f76800000
x3006c0s37b1n0:61050:61050 [0] NCCL INFO AllReduce: opCount 0 sendbuff 0x149f5fa00200 recvbuff 0x149f5fa00200 count 1 datatype 1 op 0 root 0 comm 0x5618ce87ef50 [nranks=20] stream 0x5618d1933110
x3006c0s37b1n0:61050:61050 [0] NCCL INFO misc/utils.cc:235 memory stack hunk malloc(65536)
[LYD INFO in ncclLaunchKernel (enqueue.cc)] NCHANNELS is: 4x3006c0s37b1n0:61059:61059 [2] NCCL INFO AllReduce: opCount 0 sendbuff 0x14a61f600200 recvbuff 0x14a61f600200 count 1 datatype 1 op 0 root 0 comm 0x5633c73a8e80 [nranks=20] stream 0x5633de82af70
x3006c0s37b1n0:61059:61059 [2] NCCL INFO misc/utils.cc:235 memory stack hunk malloc(65536)
[LYD INFO in ncclLaunchKernel (enqueue.cc)] NCHANNELS is: 4x3006c0s37b1n0:61063:61063 [3] NCCL INFO AllReduce: opCount 0 sendbuff 0x150e9f600200 recvbuff 0x150e9f600200 count 1 datatype 1 op 0 root 0 comm 0x556dc9cd6500 [nranks=20] stream 0x556dccf09d90
x3006c0s37b1n0:61063:61063 [3] NCCL INFO misc/utils.cc:235 memory stack hunk malloc(65536)
[LYD INFO in ncclLaunchKernel (enqueue.cc)] NCHANNELS is: 4x3006c0s37b1n0:61056:61056 [1] NCCL INFO AllReduce: opCount 0 sendbuff 0x14e07f600200 recvbuff 0x14e07f600200 count 1 datatype 1 op 0 root 0 comm 0x56126dc4c3b0 [nranks=20] stream 0x56127165b470
x3006c0s37b1n0:61056:61056 [1] NCCL INFO misc/utils.cc:235 memory stack hunk malloc(65536)
[LYD INFO in ncclLaunchKernel (enqueue.cc)] NCHANNELS is: 4
[LYD INFO in NCCL_KERN_NAME (common.h)] 8 AllReduce TREE LL Sum uint8_t Elapsed time: 247943 us

[LYD INFO in NCCL_KERN_NAME (common.h)] 10 AllReduce TREE LL Sum uint8_t Elapsed time: 211805 us

[LYD INFO in NCCL_KERN_NAME (common.h)] 9 AllReduce TREE LL Sum uint8_t Elapsed time: 184381 us

[LYD INFO in NCCL_KERN_NAME (common.h)] 11 AllReduce TREE LL Sum uint8_t Elapsed time: 204840 us
x3006c0s37b1n0:61063:61063 [3] NCCL INFO AllReduce: opCount 1 sendbuff 0x150e9f600000 recvbuff 0x150e9f600000 count 1 datatype 1 op 0 root 0 comm 0x556dc9cd6500 [nranks=20] stream 0x556dccf09d90
[LYD INFO in ncclLaunchKernel (enqueue.cc)] NCHANNELS is: 4x3006c0s37b1n0:61050:61050 [0] NCCL INFO AllReduce: opCount 1 sendbuff 0x149f5fa00000 recvbuff 0x149f5fa00000 count 1 datatype 1 op 0 root 0 comm 0x5618ce87ef50 [nranks=20] stream 0x5618d1933110
[LYD INFO in ncclLaunchKernel (enqueue.cc)] NCHANNELS is: 4x3006c0s37b1n0:61056:61056 [1] NCCL INFO AllReduce: opCount 1 sendbuff 0x14e07f600000 recvbuff 0x14e07f600000 count 1 datatype 1 op 0 root 0 comm 0x56126dc4c3b0 [nranks=20] stream 0x56127165b470
[LYD INFO in ncclLaunchKernel (enqueue.cc)] NCHANNELS is: 4x3006c0s37b1n0:61059:61059 [2] NCCL INFO AllReduce: opCount 1 sendbuff 0x14a61f600000 recvbuff 0x14a61f600000 count 1 datatype 1 op 0 root 0 comm 0x5633c73a8e80 [nranks=20] stream 0x5633de82af70
[LYD INFO in ncclLaunchKernel (enqueue.cc)] NCHANNELS is: 4
[LYD INFO in NCCL_KERN_NAME (common.h)] 11 AllReduce TREE LL Sum uint8_t Elapsed time: 4369908 us

[LYD INFO in NCCL_KERN_NAME (common.h)] 8 AllReduce TREE LL Sum uint8_t Elapsed time: 1693514 us

[LYD INFO in NCCL_KERN_NAME (common.h)] 9 AllReduce TREE LL Sum uint8_t Elapsed time: 1621684 us

[LYD INFO in NCCL_KERN_NAME (common.h)] 10 AllReduce TREE LL Sum uint8_t Elapsed time: 392802 us
x3006c0s37b1n0:61059:61059 [2] NCCL INFO AllReduce: opCount 2 sendbuff 0x14a61f600000 recvbuff 0x14a61f600000 count 1 datatype 8 op 3 root 0 comm 0x5633c73a8e80 [nranks=20] stream 0x5633de82af70
[LYD INFO in ncclLaunchKernel (enqueue.cc)] NCHANNELS is: 4x3006c0s37b1n0:61050:61050 [0] NCCL INFO AllReduce: opCount 2 sendbuff 0x149f5fa00000 recvbuff 0x149f5fa00000 count 1 datatype 8 op 3 root 0 comm 0x5618ce87ef50 [nranks=20] stream 0x5618d1933110
[LYD INFO in ncclLaunchKernel (enqueue.cc)] NCHANNELS is: 4x3006c0s37b1n0:61063:61063 [3] NCCL INFO AllReduce: opCount 2 sendbuff 0x150e9f600000 recvbuff 0x150e9f600000 count 1 datatype 8 op 3 root 0 comm 0x556dc9cd6500 [nranks=20] stream 0x556dccf09d90
[LYD INFO in ncclLaunchKernel (enqueue.cc)] NCHANNELS is: 4x3006c0s37b1n0:61056:61056 [1] NCCL INFO AllReduce: opCount 2 sendbuff 0x14e07f600000 recvbuff 0x14e07f600000 count 1 datatype 8 op 3 root 0 comm 0x56126dc4c3b0 [nranks=20] stream 0x56127165b470
[LYD INFO in ncclLaunchKernel (enqueue.cc)] NCHANNELS is: 4
[LYD INFO in NCCL_FUNC_NAME (common.h)] 10 AllReduce TREE LL Min double Elapsed time: 14284 us

[LYD INFO in NCCL_FUNC_NAME (common.h)] 8 AllReduce TREE LL Min double Elapsed time: 47964 us

[LYD INFO in NCCL_FUNC_NAME (common.h)] 9 AllReduce TREE LL Min double Elapsed time: 2752 us

[LYD INFO in NCCL_FUNC_NAME (common.h)] 11 AllReduce TREE LL Min double Elapsed time: 4 us

[LYD INFO in NCCL_KERN_NAME (common.h)] 8 AllReduce TREE LL Sum double Elapsed time: 461772 us
x3006c0s37b1n0:61050:61050 [0] NCCL INFO AllReduce: opCount 3 sendbuff 0x149f5fa00200 recvbuff 0x149f5fa00200 count 1 datatype 1 op 0 root 0 comm 0x5618ce87ef50 [nranks=20] stream 0x5618d1933110
[LYD INFO in ncclLaunchKernel (enqueue.cc)] NCHANNELS is: 4
[LYD INFO in NCCL_KERN_NAME (common.h)] 10 AllReduce TREE LL Sum double Elapsed time: 445170 us
x3006c0s37b1n0:61059:61059 [2] NCCL INFO AllReduce: opCount 3 sendbuff 0x14a61f600200 recvbuff 0x14a61f600200 count 1 datatype 1 op 0 root 0 comm 0x5633c73a8e80 [nranks=20] stream 0x5633de82af70
[LYD INFO in ncclLaunchKernel (enqueue.cc)] NCHANNELS is: 4
[LYD INFO in NCCL_KERN_NAME (common.h)] 9 AllReduce TREE LL Sum double Elapsed time: 434815 us

[LYD INFO in NCCL_KERN_NAME (common.h)] 11 AllReduce TREE LL Sum double Elapsed time: 461333 us
x3006c0s37b1n0:61056:61056 [1] NCCL INFO AllReduce: opCount 3 sendbuff 0x14e07f600200 recvbuff 0x14e07f600200 count 1 datatype 1 op 0 root 0 comm 0x56126dc4c3b0 [nranks=20] stream 0x56127165b470
[LYD INFO in ncclLaunchKernel (enqueue.cc)] NCHANNELS is: 4x3006c0s37b1n0:61063:61063 [3] NCCL INFO AllReduce: opCount 3 sendbuff 0x150e9f600200 recvbuff 0x150e9f600200 count 1 datatype 1 op 0 root 0 comm 0x556dc9cd6500 [nranks=20] stream 0x556dccf09d90
[LYD INFO in ncclLaunchKernel (enqueue.cc)] NCHANNELS is: 4
[LYD INFO in NCCL_KERN_NAME (common.h)] 9 AllReduce TREE LL Sum uint8_t Elapsed time: 56966 us

[LYD INFO in NCCL_KERN_NAME (common.h)] 11 AllReduce TREE LL Sum uint8_t Elapsed time: 40355 us

[LYD INFO in NCCL_KERN_NAME (common.h)] 10 AllReduce TREE LL Sum uint8_t Elapsed time: 83113 us

[LYD INFO in NCCL_KERN_NAME (common.h)] 8 AllReduce TREE LL Sum uint8_t Elapsed time: 87008 us
 > number of parameters on (tensor, pipeline) model parallel rank (0, 5): 78709760
 > number of parameters on (tensor, pipeline) model parallel rank (0, 4): 78709760
x3006c0s37b1n0:61056:61056 [1] NCCL INFO AllReduce: opCount 4 sendbuff 0x14e07f600400 recvbuff 0x14e07f600400 count 1 datatype 1 op 0 root 0 comm 0x56126dc4c3b0 [nranks=20] stream 0x56127165b470
[LYD INFO in ncclLaunchKernel (enqueue.cc)] NCHANNELS is: 4x3006c0s37b1n0:61063:61063 [3] NCCL INFO AllReduce: opCount 4 sendbuff 0x150e9f600400 recvbuff 0x150e9f600400 count 1 datatype 1 op 0 root 0 comm 0x556dc9cd6500 [nranks=20] stream 0x556dccf09d90
[LYD INFO in ncclLaunchKernel (enqueue.cc)] NCHANNELS is: 4x3006c0s37b1n0:61059:61059 [2] NCCL INFO AllReduce: opCount 4 sendbuff 0x14a61f600400 recvbuff 0x14a61f600400 count 1 datatype 1 op 0 root 0 comm 0x5633c73a8e80 [nranks=20] stream 0x5633de82af70
[LYD INFO in ncclLaunchKernel (enqueue.cc)] NCHANNELS is: 4x3006c0s37b1n0:61050:61050 [0] NCCL INFO AllReduce: opCount 4 sendbuff 0x149f5fa00400 recvbuff 0x149f5fa00400 count 1 datatype 1 op 0 root 0 comm 0x5618ce87ef50 [nranks=20] stream 0x5618d1933110
[LYD INFO in ncclLaunchKernel (enqueue.cc)] NCHANNELS is: 4
[LYD INFO in NCCL_KERN_NAME (common.h)] 9 AllReduce TREE LL Sum uint8_t Elapsed time: 3118203 us
x3006c0s37b1n0:61056:61056 [1] NCCL INFO AllReduce: opCount 5 sendbuff 0x14e07f621000 recvbuff 0x14e07f621000 count 1 datatype 1 op 0 root 0 comm 0x56126dc4c3b0 [nranks=20] stream 0x56127165b470
[LYD INFO in ncclLaunchKernel (enqueue.cc)] NCHANNELS is: 4
[LYD INFO in NCCL_KERN_NAME (common.h)] 11 AllReduce TREE LL Sum uint8_t Elapsed time: 3104528 us
x3006c0s37b1n0:61063:61063 [3] NCCL INFO AllReduce: opCount 5 sendbuff 0x150e9f621000 recvbuff 0x150e9f621000 count 1 datatype 1 op 0 root 0 comm 0x556dc9cd6500 [nranks=20] stream 0x556dccf09d90
[LYD INFO in ncclLaunchKernel (enqueue.cc)] NCHANNELS is: 4
[LYD INFO in NCCL_KERN_NAME (common.h)] 8 AllReduce TREE LL Sum uint8_t Elapsed time: 3080190 us
x3006c0s37b1n0:61050:61050 [0] NCCL INFO AllReduce: opCount 5 sendbuff 0x149f5fa21000 recvbuff 0x149f5fa21000 count 1 datatype 1 op 0 root 0 comm 0x5618ce87ef50 [nranks=20] stream 0x5618d1933110
[LYD INFO in ncclLaunchKernel (enqueue.cc)] NCHANNELS is: 4
[LYD INFO in NCCL_KERN_NAME (common.h)] 10 AllReduce TREE LL Sum uint8_t Elapsed time: 3089442 us
x3006c0s37b1n0:61059:61059 [2] NCCL INFO AllReduce: opCount 5 sendbuff 0x14a61f621000 recvbuff 0x14a61f621000 count 1 datatype 1 op 0 root 0 comm 0x5633c73a8e80 [nranks=20] stream 0x5633de82af70
[LYD INFO in ncclLaunchKernel (enqueue.cc)] NCHANNELS is: 4
[LYD INFO in NCCL_KERN_NAME (common.h)] 11 AllReduce TREE LL Sum uint8_t Elapsed time: 77226 us
x3006c0s37b1n0:61063:61063 [3] NCCL INFO AllReduce: opCount 6 sendbuff 0x150e9f600400 recvbuff 0x150e9f600400 count 1 datatype 1 op 0 root 0 comm 0x556dc9cd6500 [nranks=20] stream 0x556dccf09d90
[LYD INFO in ncclLaunchKernel (enqueue.cc)] NCHANNELS is: 4
[LYD INFO in NCCL_KERN_NAME (common.h)] 10 AllReduce TREE LL Sum uint8_t Elapsed time: 41666 us
x3006c0s37b1n0:61059:61059 [2] NCCL INFO AllReduce: opCount 6 sendbuff 0x14a61f600400 recvbuff 0x14a61f600400 count 1 datatype 1 op 0 root 0 comm 0x5633c73a8e80 [nranks=20] stream 0x5633de82af70
[LYD INFO in ncclLaunchKernel (enqueue.cc)] NCHANNELS is: 4
[LYD INFO in NCCL_KERN_NAME (common.h)] 8 AllReduce TREE LL Sum uint8_t Elapsed time: 67640 us
x3006c0s37b1n0:61050:61050 [0] NCCL INFO AllReduce: opCount 6 sendbuff 0x149f5fa00400 recvbuff 0x149f5fa00400 count 1 datatype 1 op 0 root 0 comm 0x5618ce87ef50 [nranks=20] stream 0x5618d1933110
[LYD INFO in ncclLaunchKernel (enqueue.cc)] NCHANNELS is: 4
[LYD INFO in NCCL_KERN_NAME (common.h)] 9 AllReduce TREE LL Sum uint8_t Elapsed time: 91459 us
x3006c0s37b1n0:61056:61056 [1] NCCL INFO AllReduce: opCount 6 sendbuff 0x14e07f600400 recvbuff 0x14e07f600400 count 1 datatype 1 op 0 root 0 comm 0x56126dc4c3b0 [nranks=20] stream 0x56127165b470
[LYD INFO in ncclLaunchKernel (enqueue.cc)] NCHANNELS is: 4
[LYD INFO in NCCL_KERN_NAME (common.h)] 8 AllReduce TREE LL Sum uint8_t Elapsed time: 74717 us

[LYD INFO in NCCL_KERN_NAME (common.h)] 9 AllReduce TREE LL Sum uint8_t Elapsed time: 62708 us

[LYD INFO in NCCL_KERN_NAME (common.h)] 11 AllReduce TREE LL Sum uint8_t Elapsed time: 90521 us

[LYD INFO in NCCL_KERN_NAME (common.h)] 10 AllReduce TREE LL Sum uint8_t Elapsed time: 86699 us
NCCL version 2.14.3+cuda11.8
x3006c0s37b1n0:61050:61050 [0] NCCL INFO init.cc:1147 Cuda Host Alloc Size 4 pointer 0x149f63400400
NCCL version 2.14.3+cuda11.8
x3006c0s37b1n0:61059:61059 [2] NCCL INFO init.cc:1147 Cuda Host Alloc Size 4 pointer 0x14a5dae00400
x3006c0s37b1n0:61056:61056 [1] NCCL INFO init.cc:1147 Cuda Host Alloc Size 4 pointer 0x14e03ae00400
x3006c0s37b1n0:61063:61063 [3] NCCL INFO init.cc:1147 Cuda Host Alloc Size 4 pointer 0x150e60e00400
x3006c0s37b1n0:61050:64814 [0] NCCL INFO Using network IB
x3006c0s37b1n0:61059:64816 [2] NCCL INFO Using network IB
x3006c0s37b1n0:61056:64817 [1] NCCL INFO Using network IB
x3006c0s37b1n0:61063:64818 [3] NCCL INFO Using network IB
x3006c0s37b1n0:61056:64817 [1] NCCL INFO NET/IB : GPU Direct RDMA Enabled for HCA 0 'mlx5_0'
x3006c0s37b1n0:61056:64817 [1] NCCL INFO NET/IB : GPU Direct RDMA Enabled for HCA 1 'mlx5_1'
x3006c0s37b1n0:61056:64817 [1] NCCL INFO GPU Direct RDMA Disabled for GPU 7000 / HCA 1 (distance 7 > 4)
x3006c0s37b1n0:61056:64817 [1] NCCL INFO GPU Direct RDMA Disabled for GPU 46000 / HCA 1 (distance 6 > 4)
x3006c0s37b1n0:61056:64817 [1] NCCL INFO GPU Direct RDMA Disabled for GPU 7000 / HCA 0 (distance 7 > 4)
x3006c0s37b1n0:61056:64817 [1] NCCL INFO GPU Direct RDMA Disabled for GPU 46000 / HCA 0 (distance 7 > 4)
x3006c0s37b1n0:61056:64817 [1] NCCL INFO === System : maxBw 88.0 totalBw 88.0 ===
x3006c0s37b1n0:61056:64817 [1] NCCL INFO CPU/3 (1/2/-1)
x3006c0s37b1n0:61056:64817 [1] NCCL INFO + SYS[5000.0] - CPU/2
x3006c0s37b1n0:61056:64817 [1] NCCL INFO + SYS[5000.0] - CPU/0
x3006c0s37b1n0:61056:64817 [1] NCCL INFO + PCI[24.0] - PCI/5000 (11f8406811f8beef)
x3006c0s37b1n0:61056:64817 [1] NCCL INFO               + PCI[24.0] - GPU/7000 (0)
x3006c0s37b1n0:61056:64817 [1] NCCL INFO                             + NVL[88.0] - GPU/46000
x3006c0s37b1n0:61056:64817 [1] NCCL INFO CPU/2 (1/2/-1)
x3006c0s37b1n0:61056:64817 [1] NCCL INFO + SYS[5000.0] - CPU/3
x3006c0s37b1n0:61056:64817 [1] NCCL INFO + SYS[5000.0] - CPU/0
x3006c0s37b1n0:61056:64817 [1] NCCL INFO + PCI[24.0] - PCI/44000 (11f8406811f8beef)
x3006c0s37b1n0:61056:64817 [1] NCCL INFO               + PCI[24.0] - GPU/46000 (1)
x3006c0s37b1n0:61056:64817 [1] NCCL INFO                             + NVL[88.0] - GPU/7000
x3006c0s37b1n0:61056:64817 [1] NCCL INFO + PCI[12.0] - NIC/43000
x3006c0s37b1n0:61056:64817 [1] NCCL INFO CPU/0 (1/2/-1)
x3006c0s37b1n0:61056:64817 [1] NCCL INFO + SYS[5000.0] - CPU/3
x3006c0s37b1n0:61056:64817 [1] NCCL INFO + SYS[5000.0] - CPU/2
x3006c0s37b1n0:61056:64817 [1] NCCL INFO + PCI[12.0] - NIC/C8000
x3006c0s37b1n0:61056:64817 [1] NCCL INFO ==========================================
x3006c0s37b1n0:61056:64817 [1] NCCL INFO GPU/7000 :GPU/7000 (0/5000.000000/LOC) GPU/46000 (1/88.000000/NVL) CPU/3 (2/24.000000/PHB) CPU/2 (3/24.000000/SYS) CPU/0 (3/24.000000/SYS) 
x3006c0s37b1n0:61056:64817 [1] NCCL INFO GPU/46000 :GPU/7000 (1/88.000000/NVL) GPU/46000 (0/5000.000000/LOC) CPU/3 (3/24.000000/SYS) CPU/2 (2/24.000000/PHB) CPU/0 (3/24.000000/SYS) 
x3006c0s37b1n0:61056:64817 [1] NCCL INFO Pattern 4, crossNic 0, nChannels 4, bw 22.000000/22.000000, type NVL/PIX, sameChannels 1
x3006c0s37b1n0:61056:64817 [1] NCCL INFO  0 : GPU/0 GPU/1
x3006c0s37b1n0:61056:64817 [1] NCCL INFO  1 : GPU/0 GPU/1
