x3103c0s37b0n0:20263:21364 [3] NCCL INFO Connection to proxy localRank 3 -> connection 0x14a0f4000e00
x3103c0s37b0n0:20263:21364 [3] NCCL INFO Channel 02/0 : 19[c7000] -> 21[46000] [send] via NET/IB/1
x3103c0s37b0n0:20263:21364 [3] NCCL INFO GPU Direct RDMA Disabled for GPU c7000 / HCA 0 (distance 6 > 4)
x3103c0s37b0n0:20263:21565 [3] NCCL INFO New proxy send connection 7 from local rank 3, transport 2
x3103c0s37b0n0:20260:21564 [1] NCCL INFO transport/net_ib.cc:771 Ib Alloc Size 552 pointer 0x1475a409d000
x3103c0s37b0n0:20260:21564 [1] NCCL INFO transport/net.cc:698 Cuda Host Alloc Size 9641984 pointer 0x1475a3400000
x3103c0s37b0n0:20260:21564 [1] NCCL INFO transport/net_ib.cc:683 Ib Alloc Size 21688 pointer 0x1475a409f000
x3103c0s37b0n0:20263:21364 [3] NCCL INFO Connection to proxy localRank 3 -> connection 0x14a0f4000e40
x3103c0s37b0n0:20263:21364 [3] NCCL INFO Channel 03/0 : 19[c7000] -> 21[46000] [send] via NET/IB/0
x3103c0s37b0n0:20261:21367 [2] NCCL INFO Connection to proxy localRank 2 -> connection 0x145dd8000e00
x3103c0s37b0n0:20261:21566 [2] NCCL INFO transport/p2p.cc:449 Cuda Alloc Size 6291456 pointer 0x145dd7800000
x3103c0s37b0n0:20263:21565 [3] NCCL INFO transport/net_ib.cc:596 Ib Alloc Size 26560 pointer 0x14a0f4020000
x3103c0s37b0n0:20260:21564 [1] NCCL INFO transport/net_ib.cc:696 Ib Alloc Size 552 pointer 0x1475a40a6000
x3103c0s37b0n0:20263:21565 [3] NCCL INFO NET/IB: Dev 1 Port 1 qpn 10009 mtu 5 GID 0 (80FE/482100FEFF000000)
x3103c0s37b0n0:20263:21565 [3] NCCL INFO transport/net_ib.cc:653 Ib Alloc Size 552 pointer 0x14a0f4042000
x3103c0s37b0n0:20263:21565 [3] NCCL INFO transport/net.cc:571 Cuda Host Alloc Size 9641984 pointer 0x14a0ecc00000
x3103c0s37b0n0:20263:21565 [3] NCCL INFO Mem Realloc old size 0, new size 768 pointer 0x14a0f402f0a0
x3103c0s37b0n0:20260:21564 [1] NCCL INFO transport/net_ib.cc:771 Ib Alloc Size 552 pointer 0x1475a40c1000
x3103c0s37b0n0:20260:21564 [1] NCCL INFO transport/net.cc:698 Cuda Host Alloc Size 9641984 pointer 0x1475a0000000
x3103c0s37b0n0:20261:21566 [2] NCCL INFO New proxy recv connection 7 from local rank 2, transport 0
x3103c0s37b0n0:20263:21565 [3] NCCL INFO transport/net_ib.cc:596 Ib Alloc Size 26560 pointer 0x14a0f4044000
x3103c0s37b0n0:20260:21368 [1] NCCL INFO Channel 00/0 : 17[46000] -> 16[7000] via P2P/IPC/read
x3103c0s37b0n0:20260:21564 [1] NCCL INFO New proxy send connection 4 from local rank 1, transport 0
x3103c0s37b0n0:20261:21367 [2] NCCL INFO Connection to proxy localRank 2 -> connection 0x145dd8000e40
x3103c0s37b0n0:20261:21566 [2] NCCL INFO transport/p2p.cc:449 Cuda Alloc Size 6291456 pointer 0x145dd4000000
x3103c0s37b0n0:20263:21565 [3] NCCL INFO NET/IB: Dev 0 Port 1 qpn 14901 mtu 5 GID 0 (80FE/782100FEFF000000)
x3103c0s37b0n0:20263:21565 [3] NCCL INFO transport/net_ib.cc:653 Ib Alloc Size 552 pointer 0x14a0f4065000
x3103c0s37b0n0:20263:21565 [3] NCCL INFO transport/net.cc:571 Cuda Host Alloc Size 9641984 pointer 0x14a0ed600000
x3103c0s37b0n0:20263:21565 [3] NCCL INFO Mem Realloc old size 0, new size 768 pointer 0x14a0f40521f0
x3103c0s37b0n0:20260:21368 [1] NCCL INFO Connection to proxy localRank 1 -> connection 0x1475a4000d80
x3103c0s37b0n0:20260:21564 [1] NCCL INFO transport/p2p.cc:430 Cuda Alloc Size 6291456 pointer 0x1475a0a00000
x3103c0s37b0n0:20263:21565 [3] NCCL INFO transport/net_ib.cc:596 Ib Alloc Size 26560 pointer 0x14a0f4067000
x3103c0s37b0n0:20261:21367 [2] NCCL INFO Connected all rings
x3103c0s37b0n0:20261:21566 [2] NCCL INFO New proxy recv connection 8 from local rank 2, transport 0
x3103c0s37b0n0:20259:21559 [0] NCCL INFO New proxy recv connection 4 from local rank 0, transport 0
x3103c0s37b0n0:20263:21565 [3] NCCL INFO NET/IB: Dev 1 Port 1 qpn 10010 mtu 5 GID 0 (80FE/482100FEFF000000)
x3103c0s37b0n0:20263:21565 [3] NCCL INFO transport/net_ib.cc:653 Ib Alloc Size 552 pointer 0x14a0f407e000
x3103c0s37b0n0:20263:21565 [3] NCCL INFO transport/net.cc:571 Cuda Host Alloc Size 9641984 pointer 0x14a0ea000000
x3103c0s37b0n0:20260:21368 [1] NCCL INFO Channel 01/0 : 17[46000] -> 16[7000] via P2P/IPC/read
x3103c0s37b0n0:20260:21564 [1] NCCL INFO New proxy send connection 5 from local rank 1, transport 0
x3103c0s37b0n0:20259:21363 [0] NCCL INFO Connection to proxy localRank 0 -> connection 0x148ac0000d80
x3103c0s37b0n0:20259:21559 [0] NCCL INFO transport/p2p.cc:449 Cuda Alloc Size 6291456 pointer 0x148ab8c00000
x3103c0s37b0n0:20263:21565 [3] NCCL INFO transport/net_ib.cc:596 Ib Alloc Size 26560 pointer 0x14a0f4080000
x3103c0s37b0n0:20261:21367 [2] NCCL INFO Connection to proxy localRank 2 -> connection 0x145dd8000e80
x3103c0s37b0n0:20263:21565 [3] NCCL INFO NET/IB: Dev 0 Port 1 qpn 14902 mtu 5 GID 0 (80FE/782100FEFF000000)
x3103c0s37b0n0:20263:21565 [3] NCCL INFO transport/net_ib.cc:653 Ib Alloc Size 552 pointer 0x14a0f4097000
x3103c0s37b0n0:20263:21565 [3] NCCL INFO transport/net.cc:571 Cuda Host Alloc Size 9641984 pointer 0x14a0eaa00000
x3103c0s37b0n0:20261:21566 [2] NCCL INFO transport/p2p.cc:449 Cuda Alloc Size 6291456 pointer 0x145dd2000000
x3103c0s37b0n0:20260:21368 [1] NCCL INFO Connection to proxy localRank 1 -> connection 0x1475a4000dc0
x3103c0s37b0n0:20260:21564 [1] NCCL INFO transport/p2p.cc:430 Cuda Alloc Size 6291456 pointer 0x1475a1000000
x3103c0s37b0n0:20259:21559 [0] NCCL INFO New proxy recv connection 5 from local rank 0, transport 0
x3103c0s37b0n0:20263:21364 [3] NCCL INFO Connected all rings
x3103c0s37b0n0:20263:21364 [3] NCCL INFO Channel 00/0 : 19[c7000] -> 18[85000] via P2P/IPC/read
x3103c0s37b0n0:20263:21565 [3] NCCL INFO New proxy send connection 8 from local rank 3, transport 0
x3103c0s37b0n0:20263:21364 [3] NCCL INFO Connection to proxy localRank 3 -> connection 0x14a0f4000e80
x3103c0s37b0n0:20263:21565 [3] NCCL INFO transport/p2p.cc:430 Cuda Alloc Size 6291456 pointer 0x14a0eb400000
x3103c0s37b0n0:20260:21368 [1] NCCL INFO Channel 02/0 : 17[46000] -> 16[7000] via P2P/IPC/read
x3103c0s37b0n0:20260:21564 [1] NCCL INFO New proxy send connection 6 from local rank 1, transport 0
x3103c0s37b0n0:20259:21363 [0] NCCL INFO Connection to proxy localRank 0 -> connection 0x148ac0000dc0
x3103c0s37b0n0:20259:21559 [0] NCCL INFO transport/p2p.cc:449 Cuda Alloc Size 6291456 pointer 0x148ab9200000
x3103c0s37b0n0:20261:21566 [2] NCCL INFO New proxy recv connection 9 from local rank 2, transport 0
x3103c0s37b0n0:20263:21364 [3] NCCL INFO Channel 01/0 : 19[c7000] -> 18[85000] via P2P/IPC/read
x3103c0s37b0n0:20263:21565 [3] NCCL INFO New proxy send connection 9 from local rank 3, transport 0
x3103c0s37b0n0:20259:21559 [0] NCCL INFO New proxy recv connection 6 from local rank 0, transport 0
x3103c0s37b0n0:20260:21368 [1] NCCL INFO Connection to proxy localRank 1 -> connection 0x1475a4000e00
x3103c0s37b0n0:20260:21564 [1] NCCL INFO transport/p2p.cc:430 Cuda Alloc Size 6291456 pointer 0x1475a1600000
x3103c0s37b0n0:20260:21368 [1] NCCL INFO Channel 03/0 : 17[46000] -> 16[7000] via P2P/IPC/read
x3103c0s37b0n0:20261:21367 [2] NCCL INFO Connection to proxy localRank 2 -> connection 0x145dd8000ec0
x3103c0s37b0n0:20261:21566 [2] NCCL INFO transport/p2p.cc:449 Cuda Alloc Size 6291456 pointer 0x145dd2600000
x3103c0s37b0n0:20261:21566 [2] NCCL INFO New proxy recv connection 10 from local rank 2, transport 0
x3103c0s37b0n0:20259:21363 [0] NCCL INFO Connection to proxy localRank 0 -> connection 0x148ac0000e00
x3103c0s37b0n0:20259:21559 [0] NCCL INFO transport/p2p.cc:449 Cuda Alloc Size 6291456 pointer 0x148ab9800000
x3103c0s37b0n0:20260:21564 [1] NCCL INFO New proxy send connection 7 from local rank 1, transport 0
x3103c0s37b0n0:20263:21364 [3] NCCL INFO Connection to proxy localRank 3 -> connection 0x14a0f4000ec0
x3103c0s37b0n0:20263:21565 [3] NCCL INFO transport/p2p.cc:430 Cuda Alloc Size 6291456 pointer 0x14a0eba00000
x3103c0s37b0n0:20261:21367 [2] NCCL INFO Connection to proxy localRank 2 -> connection 0x145dd8000f00
x3103c0s37b0n0:20261:21566 [2] NCCL INFO transport/p2p.cc:449 Cuda Alloc Size 6291456 pointer 0x145dd2c00000
x3103c0s37b0n0:20259:21559 [0] NCCL INFO New proxy recv connection 7 from local rank 0, transport 0
x3103c0s37b0n0:20260:21368 [1] NCCL INFO Connection to proxy localRank 1 -> connection 0x1475a4000e40
x3103c0s37b0n0:20260:21564 [1] NCCL INFO transport/p2p.cc:430 Cuda Alloc Size 6291456 pointer 0x1475b3a00000
x3103c0s37b0n0:20259:21363 [0] NCCL INFO Connection to proxy localRank 0 -> connection 0x148ac0000e40
x3103c0s37b0n0:20259:21559 [0] NCCL INFO transport/p2p.cc:449 Cuda Alloc Size 6291456 pointer 0x148ab6000000
x3103c0s37b0n0:20263:21364 [3] NCCL INFO Channel 02/0 : 19[c7000] -> 18[85000] via P2P/IPC/read
x3103c0s37b0n0:20263:21565 [3] NCCL INFO New proxy send connection 10 from local rank 3, transport 0
x3103c0s37b0n0:20261:21566 [2] NCCL INFO New proxy recv connection 11 from local rank 2, transport 0
x3103c0s37b0n0:20259:21363 [0] NCCL INFO Connected all rings
x3103c0s37b0n0:20259:21363 [0] NCCL INFO Channel 00/0 : 16[7000] -> 17[46000] via P2P/IPC/read
x3103c0s37b0n0:20260:21368 [1] NCCL INFO Connected all rings
x3103c0s37b0n0:20260:21564 [1] NCCL INFO New proxy recv connection 8 from local rank 1, transport 0
x3103c0s37b0n0:20259:21559 [0] NCCL INFO New proxy send connection 8 from local rank 0, transport 0
x3103c0s37b0n0:20263:21364 [3] NCCL INFO Connection to proxy localRank 3 -> connection 0x14a0f4000f00
x3103c0s37b0n0:20263:21565 [3] NCCL INFO transport/p2p.cc:430 Cuda Alloc Size 6291456 pointer 0x14a0e2000000
x3103c0s37b0n0:20261:21367 [2] NCCL INFO Connection to proxy localRank 2 -> connection 0x145dd8000f40
x3103c0s37b0n0:20261:21566 [2] NCCL INFO transport/p2p.cc:449 Cuda Alloc Size 6291456 pointer 0x145dd3200000
x3103c0s37b0n0:20260:21368 [1] NCCL INFO Connection to proxy localRank 1 -> connection 0x1475a4000e80
x3103c0s37b0n0:20260:21564 [1] NCCL INFO transport/p2p.cc:449 Cuda Alloc Size 6291456 pointer 0x14759f800000
x3103c0s37b0n0:20259:21363 [0] NCCL INFO Connection to proxy localRank 0 -> connection 0x148ac0000e80
x3103c0s37b0n0:20259:21559 [0] NCCL INFO transport/p2p.cc:430 Cuda Alloc Size 6291456 pointer 0x148ab4000000
x3103c0s37b0n0:20263:21364 [3] NCCL INFO Channel 03/0 : 19[c7000] -> 18[85000] via P2P/IPC/read
x3103c0s37b0n0:20263:21565 [3] NCCL INFO New proxy send connection 11 from local rank 3, transport 0
x3103c0s37b0n0:20260:21564 [1] NCCL INFO New proxy recv connection 9 from local rank 1, transport 0
x3103c0s37b0n0:20259:21363 [0] NCCL INFO Channel 01/0 : 16[7000] -> 17[46000] via P2P/IPC/read
x3103c0s37b0n0:20259:21559 [0] NCCL INFO New proxy send connection 9 from local rank 0, transport 0
x3103c0s37b0n0:20263:21364 [3] NCCL INFO Connection to proxy localRank 3 -> connection 0x14a0f4000f40
x3103c0s37b0n0:20263:21565 [3] NCCL INFO transport/p2p.cc:430 Cuda Alloc Size 6291456 pointer 0x14a0e2600000
x3103c0s37b0n0:20260:21368 [1] NCCL INFO Connection to proxy localRank 1 -> connection 0x1475a4000ec0
x3103c0s37b0n0:20260:21564 [1] NCCL INFO transport/p2p.cc:449 Cuda Alloc Size 6291456 pointer 0x14759c000000
x3103c0s37b0n0:20260:21564 [1] NCCL INFO New proxy recv connection 10 from local rank 1, transport 0
x3103c0s37b0n0:20259:21363 [0] NCCL INFO Connection to proxy localRank 0 -> connection 0x148ac0000ec0
x3103c0s37b0n0:20259:21559 [0] NCCL INFO transport/p2p.cc:430 Cuda Alloc Size 6291456 pointer 0x148ab4600000
x3103c0s37b0n0:20260:21368 [1] NCCL INFO Connection to proxy localRank 1 -> connection 0x1475a4000f00
x3103c0s37b0n0:20260:21564 [1] NCCL INFO transport/p2p.cc:449 Cuda Alloc Size 6291456 pointer 0x14759c600000
x3103c0s37b0n0:20259:21363 [0] NCCL INFO Channel 02/0 : 16[7000] -> 17[46000] via P2P/IPC/read
x3103c0s37b0n0:20259:21559 [0] NCCL INFO New proxy send connection 10 from local rank 0, transport 0
x3103c0s37b0n0:20259:21363 [0] NCCL INFO Connection to proxy localRank 0 -> connection 0x148ac0000f00
x3103c0s37b0n0:20259:21559 [0] NCCL INFO transport/p2p.cc:430 Cuda Alloc Size 6291456 pointer 0x148ab4c00000
x3103c0s37b0n0:20260:21564 [1] NCCL INFO New proxy recv connection 11 from local rank 1, transport 0
x3103c0s37b0n0:20259:21363 [0] NCCL INFO Channel 03/0 : 16[7000] -> 17[46000] via P2P/IPC/read
x3103c0s37b0n0:20259:21559 [0] NCCL INFO New proxy send connection 11 from local rank 0, transport 0
x3103c0s37b0n0:20260:21368 [1] NCCL INFO Connection to proxy localRank 1 -> connection 0x1475a4000f40
x3103c0s37b0n0:20260:21564 [1] NCCL INFO transport/p2p.cc:449 Cuda Alloc Size 6291456 pointer 0x14759cc00000
x3103c0s37b0n0:20259:21363 [0] NCCL INFO Connection to proxy localRank 0 -> connection 0x148ac0000f40
x3103c0s37b0n0:20259:21559 [0] NCCL INFO transport/p2p.cc:430 Cuda Alloc Size 6291456 pointer 0x148ab5200000
x3103c0s37b0n0:20260:21368 [1] NCCL INFO Channel 00/0 : 17[46000] -> 18[85000] via P2P/IPC/read
x3103c0s37b0n0:20260:21564 [1] NCCL INFO New proxy send connection 12 from local rank 1, transport 0
x3103c0s37b0n0:20260:21368 [1] NCCL INFO Connection to proxy localRank 1 -> connection 0x1475a4000f80
x3103c0s37b0n0:20260:21564 [1] NCCL INFO transport/p2p.cc:430 Cuda Alloc Size 6291456 pointer 0x14759d200000
x3103c0s37b0n0:20260:21368 [1] NCCL INFO Channel 01/0 : 17[46000] -> 18[85000] via P2P/IPC/read
x3103c0s37b0n0:20260:21564 [1] NCCL INFO New proxy send connection 13 from local rank 1, transport 0
x3103c0s37b0n0:20260:21368 [1] NCCL INFO Connection to proxy localRank 1 -> connection 0x1475a4000fc0
x3103c0s37b0n0:20260:21564 [1] NCCL INFO transport/p2p.cc:430 Cuda Alloc Size 6291456 pointer 0x14759d800000
x3103c0s37b0n0:20260:21368 [1] NCCL INFO Channel 02/0 : 17[46000] -> 18[85000] via P2P/IPC/read
x3103c0s37b0n0:20260:21564 [1] NCCL INFO New proxy send connection 14 from local rank 1, transport 0
x3103c0s37b0n0:20260:21368 [1] NCCL INFO Connection to proxy localRank 1 -> connection 0x1475a4001000
x3103c0s37b0n0:20260:21564 [1] NCCL INFO transport/p2p.cc:430 Cuda Alloc Size 6291456 pointer 0x14759a000000
x3103c0s37b0n0:20260:21368 [1] NCCL INFO Channel 03/0 : 17[46000] -> 18[85000] via P2P/IPC/read
x3103c0s37b0n0:20260:21564 [1] NCCL INFO New proxy send connection 15 from local rank 1, transport 0
x3103c0s37b0n0:20260:21368 [1] NCCL INFO Connection to proxy localRank 1 -> connection 0x1475a4001040
x3103c0s37b0n0:20260:21564 [1] NCCL INFO transport/p2p.cc:430 Cuda Alloc Size 6291456 pointer 0x14759a600000
x3103c0s37b0n0:20260:21368 [1] NCCL INFO GPU Direct RDMA Disabled for GPU 46000 / HCA 1 (distance 6 > 4)
x3103c0s37b0n0:20260:21564 [1] NCCL INFO New proxy recv connection 16 from local rank 1, transport 2
x3103c0s37b0n0:20261:21566 [2] NCCL INFO New proxy recv connection 12 from local rank 2, transport 0
x3103c0s37b0n0:20259:21363 [0] NCCL INFO GPU Direct RDMA Disabled for GPU 7000 / HCA 1 (distance 7 > 4)
x3103c0s37b0n0:20259:21559 [0] NCCL INFO Allocated 4194656 bytes of shared memory in /dev/shm/nccl-t6pFU6

x3103c0s37b0n0:20259:21559 [0] NCCL INFO New proxy recv connection 12 from local rank 0, transport 2
x3103c0s37b0n0:20259:21363 [0] NCCL INFO Connection to proxy localRank 0 -> connection 0x148ac0000f80
x3103c0s37b0n0:20259:21363 [0] NCCL INFO Channel 02/0 : 13[46000] -> 16[7000] [receive] via NET/IB/1
x3103c0s37b0n0:20259:21363 [0] NCCL INFO GPU Direct RDMA Disabled for GPU 7000 / HCA 0 (distance 7 > 4)
x3103c0s37b0n0:20259:21559 [0] NCCL INFO New proxy recv connection 13 from local rank 0, transport 2
x3103c0s37b0n0:20260:21368 [1] NCCL INFO Connection to proxy localRank 1 -> connection 0x1475a4001080
x3103c0s37b0n0:20261:21367 [2] NCCL INFO Connection to proxy localRank 2 -> connection 0x145dd8000f80
x3103c0s37b0n0:20261:21566 [2] NCCL INFO transport/p2p.cc:449 Cuda Alloc Size 6291456 pointer 0x145dd1200000
x3103c0s37b0n0:20259:21363 [0] NCCL INFO Connection to proxy localRank 0 -> connection 0x148ac0000fc0
x3103c0s37b0n0:20260:21368 [1] NCCL INFO Channel 00/0 : 8[7000] -> 17[46000] [receive] via NET/IB/1
x3103c0s37b0n0:20260:21368 [1] NCCL INFO GPU Direct RDMA Disabled for GPU 46000 / HCA 0 (distance 7 > 4)
x3103c0s37b0n0:20260:21564 [1] NCCL INFO New proxy recv connection 17 from local rank 1, transport 2
x3103c0s37b0n0:20261:21566 [2] NCCL INFO New proxy recv connection 13 from local rank 2, transport 0
x3103c0s37b0n0:20261:21367 [2] NCCL INFO Connection to proxy localRank 2 -> connection 0x145dd8000fc0
x3103c0s37b0n0:20259:21363 [0] NCCL INFO Channel 03/0 : 13[46000] -> 16[7000] [receive] via NET/IB/0
x3103c0s37b0n0:20259:21559 [0] NCCL INFO transport/net_ib.cc:683 Ib Alloc Size 21688 pointer 0x148ac001c000
x3103c0s37b0n0:20259:21559 [0] NCCL INFO transport/net_ib.cc:696 Ib Alloc Size 552 pointer 0x148ac0023000
x3103c0s37b0n0:20260:21368 [1] NCCL INFO Connection to proxy localRank 1 -> connection 0x1475a40010c0
x3103c0s37b0n0:20261:21566 [2] NCCL INFO transport/p2p.cc:449 Cuda Alloc Size 6291456 pointer 0x145dd1800000
x3103c0s37b0n0:20260:21368 [1] NCCL INFO Channel 01/0 : 8[7000] -> 17[46000] [receive] via NET/IB/0
x3103c0s37b0n0:20259:21559 [0] NCCL INFO transport/net_ib.cc:771 Ib Alloc Size 552 pointer 0x148ac004a000
x3103c0s37b0n0:20259:21559 [0] NCCL INFO transport/net.cc:698 Cuda Host Alloc Size 9641984 pointer 0x148ab3200000
x3103c0s37b0n0:20259:21559 [0] NCCL INFO Mem Realloc old size 0, new size 768 pointer 0x148ac001bbd0
x3103c0s37b0n0:20259:21559 [0] NCCL INFO transport/net_ib.cc:683 Ib Alloc Size 21688 pointer 0x148ac004c000
x3103c0s37b0n0:20259:21559 [0] NCCL INFO transport/net_ib.cc:696 Ib Alloc Size 552 pointer 0x148ac0053000
x3103c0s37b0n0:20261:21566 [2] NCCL INFO New proxy recv connection 14 from local rank 2, transport 0
x3103c0s37b0n0:20259:21559 [0] NCCL INFO transport/net_ib.cc:771 Ib Alloc Size 552 pointer 0x148ac0078000
x3103c0s37b0n0:20259:21559 [0] NCCL INFO transport/net.cc:698 Cuda Host Alloc Size 9641984 pointer 0x148aaa000000
x3103c0s37b0n0:20259:21559 [0] NCCL INFO Mem Realloc old size 0, new size 768 pointer 0x148ac006d460
x3103c0s37b0n0:20261:21367 [2] NCCL INFO Connection to proxy localRank 2 -> connection 0x145dd8001000
x3103c0s37b0n0:20261:21566 [2] NCCL INFO transport/p2p.cc:449 Cuda Alloc Size 6291456 pointer 0x145dce000000
x3103c0s37b0n0:20259:21363 [0] NCCL INFO GPU Direct RDMA Disabled for GPU 7000 / HCA 1 (distance 7 > 4)
x3103c0s37b0n0:20259:21559 [0] NCCL INFO New proxy send connection 14 from local rank 0, transport 2
x3103c0s37b0n0:20261:21566 [2] NCCL INFO New proxy recv connection 15 from local rank 2, transport 0
x3103c0s37b0n0:20259:21363 [0] NCCL INFO Connection to proxy localRank 0 -> connection 0x148ac0001000
x3103c0s37b0n0:20259:21363 [0] NCCL INFO Channel 00/0 : 16[7000] -> 20[7000] [send] via NET/IB/1
x3103c0s37b0n0:20259:21363 [0] NCCL INFO GPU Direct RDMA Disabled for GPU 7000 / HCA 0 (distance 7 > 4)
x3103c0s37b0n0:20259:21559 [0] NCCL INFO New proxy send connection 15 from local rank 0, transport 2
x3103c0s37b0n0:20261:21367 [2] NCCL INFO Connection to proxy localRank 2 -> connection 0x145dd8001040
x3103c0s37b0n0:20261:21566 [2] NCCL INFO transport/p2p.cc:449 Cuda Alloc Size 6291456 pointer 0x145dce600000
x3103c0s37b0n0:20259:21363 [0] NCCL INFO Connection to proxy localRank 0 -> connection 0x148ac0001040
x3103c0s37b0n0:20259:21363 [0] NCCL INFO Channel 01/0 : 16[7000] -> 20[7000] [send] via NET/IB/0
x3103c0s37b0n0:20259:21559 [0] NCCL INFO transport/net_ib.cc:596 Ib Alloc Size 26560 pointer 0x148ac0082000
x3103c0s37b0n0:20261:21367 [2] NCCL INFO Channel 00/0 : 18[85000] -> 17[46000] via P2P/IPC/read
x3103c0s37b0n0:20261:21566 [2] NCCL INFO New proxy send connection 16 from local rank 2, transport 0
x3103c0s37b0n0:20261:21367 [2] NCCL INFO Connection to proxy localRank 2 -> connection 0x145dd8001080
x3103c0s37b0n0:20259:21559 [0] NCCL INFO NET/IB: Dev 1 Port 1 qpn 10013 mtu 5 GID 0 (80FE/482100FEFF000000)
x3103c0s37b0n0:20259:21559 [0] NCCL INFO transport/net_ib.cc:653 Ib Alloc Size 552 pointer 0x148ac0099000
x3103c0s37b0n0:20259:21559 [0] NCCL INFO transport/net.cc:571 Cuda Host Alloc Size 9641984 pointer 0x148aaaa00000
x3103c0s37b0n0:20261:21566 [2] NCCL INFO transport/p2p.cc:430 Cuda Alloc Size 6291456 pointer 0x145dcec00000
x3103c0s37b0n0:20259:21559 [0] NCCL INFO transport/net_ib.cc:596 Ib Alloc Size 26560 pointer 0x148ac009b000
x3103c0s37b0n0:20259:21559 [0] NCCL INFO NET/IB: Dev 0 Port 1 qpn 14905 mtu 5 GID 0 (80FE/782100FEFF000000)
x3103c0s37b0n0:20259:21559 [0] NCCL INFO transport/net_ib.cc:653 Ib Alloc Size 552 pointer 0x148ac00b2000
x3103c0s37b0n0:20259:21559 [0] NCCL INFO transport/net.cc:571 Cuda Host Alloc Size 9641984 pointer 0x148aab400000
x3103c0s37b0n0:20259:21363 [0] NCCL INFO GPU Direct RDMA Disabled for GPU 7000 / HCA 1 (distance 7 > 4)
x3103c0s37b0n0:20259:21559 [0] NCCL INFO New proxy send connection 16 from local rank 0, transport 2
x3103c0s37b0n0:20261:21367 [2] NCCL INFO Channel 01/0 : 18[85000] -> 17[46000] via P2P/IPC/read
x3103c0s37b0n0:20261:21566 [2] NCCL INFO New proxy send connection 17 from local rank 2, transport 0
x3103c0s37b0n0:20261:21367 [2] NCCL INFO Connection to proxy localRank 2 -> connection 0x145dd80010c0
x3103c0s37b0n0:20261:21566 [2] NCCL INFO transport/p2p.cc:430 Cuda Alloc Size 6291456 pointer 0x145dcf200000
x3103c0s37b0n0:20259:21363 [0] NCCL INFO Connection to proxy localRank 0 -> connection 0x148ac0001080
x3103c0s37b0n0:20259:21363 [0] NCCL INFO Channel 00/0 : 16[7000] -> 0[7000] [send] via NET/IB/1
x3103c0s37b0n0:20259:21363 [0] NCCL INFO GPU Direct RDMA Disabled for GPU 7000 / HCA 0 (distance 7 > 4)
x3103c0s37b0n0:20259:21559 [0] NCCL INFO New proxy send connection 17 from local rank 0, transport 2
x3103c0s37b0n0:20261:21367 [2] NCCL INFO Channel 02/0 : 18[85000] -> 17[46000] via P2P/IPC/read
x3103c0s37b0n0:20261:21566 [2] NCCL INFO New proxy send connection 18 from local rank 2, transport 0
x3103c0s37b0n0:20259:21363 [0] NCCL INFO Connection to proxy localRank 0 -> connection 0x148ac00010c0
x3103c0s37b0n0:20259:21363 [0] NCCL INFO Channel 01/0 : 16[7000] -> 0[7000] [send] via NET/IB/0
x3103c0s37b0n0:20259:21559 [0] NCCL INFO transport/net_ib.cc:596 Ib Alloc Size 26560 pointer 0x148ac00be000
x3103c0s37b0n0:20261:21367 [2] NCCL INFO Connection to proxy localRank 2 -> connection 0x145dd8001100
x3103c0s37b0n0:20261:21566 [2] NCCL INFO transport/p2p.cc:430 Cuda Alloc Size 6291456 pointer 0x145dcf800000
x3103c0s37b0n0:20259:21559 [0] NCCL INFO NET/IB: Dev 1 Port 1 qpn 10014 mtu 5 GID 0 (80FE/482100FEFF000000)
x3103c0s37b0n0:20259:21559 [0] NCCL INFO transport/net_ib.cc:653 Ib Alloc Size 552 pointer 0x148ac00d5000
x3103c0s37b0n0:20259:21559 [0] NCCL INFO transport/net.cc:571 Cuda Host Alloc Size 9641984 pointer 0x148aa8000000
x3103c0s37b0n0:20259:21559 [0] NCCL INFO transport/net_ib.cc:596 Ib Alloc Size 26560 pointer 0x148ac00d7000
x3103c0s37b0n0:20261:21367 [2] NCCL INFO Channel 03/0 : 18[85000] -> 17[46000] via P2P/IPC/read
x3103c0s37b0n0:20261:21566 [2] NCCL INFO New proxy send connection 19 from local rank 2, transport 0
x3103c0s37b0n0:20259:21559 [0] NCCL INFO NET/IB: Dev 0 Port 1 qpn 14906 mtu 5 GID 0 (80FE/782100FEFF000000)
x3103c0s37b0n0:20259:21559 [0] NCCL INFO transport/net_ib.cc:653 Ib Alloc Size 552 pointer 0x148ac00ee000
x3103c0s37b0n0:20259:21559 [0] NCCL INFO transport/net.cc:571 Cuda Host Alloc Size 9641984 pointer 0x148aa8a00000
x3103c0s37b0n0:20259:21363 [0] NCCL INFO GPU Direct RDMA Disabled for GPU 7000 / HCA 1 (distance 7 > 4)
x3103c0s37b0n0:20259:21559 [0] NCCL INFO New proxy recv connection 18 from local rank 0, transport 2
x3103c0s37b0n0:20261:21367 [2] NCCL INFO Connection to proxy localRank 2 -> connection 0x145dd8001140
x3103c0s37b0n0:20261:21566 [2] NCCL INFO transport/p2p.cc:430 Cuda Alloc Size 6291456 pointer 0x145dcc000000
x3103c0s37b0n0:20259:21363 [0] NCCL INFO Connection to proxy localRank 0 -> connection 0x148ac0001100
x3103c0s37b0n0:20263:21364 [3] NCCL INFO Connected all trees by HAO
x3103c0s37b0n0:20263:21364 [3] NCCL INFO threadThresholds 8/8/64 | 192/8/64 | 512 | 512
x3103c0s37b0n0:20263:21364 [3] NCCL INFO 4 coll channels, 4 p2p channels, 2 p2p channels per peer
x3103c0s37b0n0:20263:21565 [3] NCCL INFO New proxy send connection 12 from local rank 3, transport 2
x3103c0s37b0n0:20263:21364 [3] NCCL INFO Connection to proxy localRank 3 -> connection 0x14a0f4000f80
x3103c0s37b0n0:20263:21565 [3] NCCL INFO transport/net.cc:376 Cuda Alloc Size 8388608 pointer 0x14a0e0600000
x3103c0s37b0n0:20259:21363 [0] NCCL INFO Channel 00/0 : 0[7000] -> 16[7000] [receive] via NET/IB/1
x3103c0s37b0n0:20259:21363 [0] NCCL INFO GPU Direct RDMA Disabled for GPU 7000 / HCA 0 (distance 7 > 4)
x3103c0s37b0n0:20259:21559 [0] NCCL INFO New proxy recv connection 19 from local rank 0, transport 2
x3103c0s37b0n0:20259:21363 [0] NCCL INFO Connection to proxy localRank 0 -> connection 0x148ac0001140
x3103c0s37b0n0:20260:21564 [1] NCCL INFO transport/net_ib.cc:683 Ib Alloc Size 21688 pointer 0x1475a40d2000
x3103c0s37b0n0:20260:21564 [1] NCCL INFO transport/net_ib.cc:696 Ib Alloc Size 552 pointer 0x1475a4019000
x3103c0s37b0n0:20259:21363 [0] NCCL INFO Channel 01/0 : 0[7000] -> 16[7000] [receive] via NET/IB/0
x3103c0s37b0n0:20259:21559 [0] NCCL INFO transport/net_ib.cc:683 Ib Alloc Size 21688 pointer 0x148ac00fa000
x3103c0s37b0n0:20259:21559 [0] NCCL INFO transport/net_ib.cc:696 Ib Alloc Size 552 pointer 0x148ac0101000
x3103c0s37b0n0:20260:21564 [1] NCCL INFO transport/net_ib.cc:771 Ib Alloc Size 552 pointer 0x1475a40f2000
x3103c0s37b0n0:20259:21559 [0] NCCL INFO transport/net_ib.cc:771 Ib Alloc Size 552 pointer 0x148ac011d000
x3103c0s37b0n0:20259:21559 [0] NCCL INFO transport/net.cc:698 Cuda Host Alloc Size 9641984 pointer 0x148aa9400000
x3103c0s37b0n0:20260:21564 [1] NCCL INFO transport/net.cc:698 Cuda Host Alloc Size 9641984 pointer 0x147596000000
x3103c0s37b0n0:20260:21564 [1] NCCL INFO transport/net_ib.cc:683 Ib Alloc Size 21688 pointer 0x1475a40f4000
x3103c0s37b0n0:20260:21564 [1] NCCL INFO transport/net_ib.cc:696 Ib Alloc Size 552 pointer 0x1475a40fb000
x3103c0s37b0n0:20259:21559 [0] NCCL INFO transport/net_ib.cc:683 Ib Alloc Size 21688 pointer 0x148ac011f000
x3103c0s37b0n0:20259:21559 [0] NCCL INFO transport/net_ib.cc:696 Ib Alloc Size 552 pointer 0x148ac0126000
x3103c0s37b0n0:20260:21564 [1] NCCL INFO transport/net_ib.cc:771 Ib Alloc Size 552 pointer 0x1475a4116000
x3103c0s37b0n0:20260:21564 [1] NCCL INFO transport/net.cc:698 Cuda Host Alloc Size 9641984 pointer 0x147596a00000
x3103c0s37b0n0:20259:21559 [0] NCCL INFO transport/net_ib.cc:771 Ib Alloc Size 552 pointer 0x148ac0141000
x3103c0s37b0n0:20259:21559 [0] NCCL INFO transport/net.cc:698 Cuda Host Alloc Size 9641984 pointer 0x148aa6000000
x3103c0s37b0n0:20260:21368 [1] NCCL INFO GPU Direct RDMA Disabled for GPU 46000 / HCA 1 (distance 6 > 4)
x3103c0s37b0n0:20260:21564 [1] NCCL INFO New proxy send connection 18 from local rank 1, transport 2
x3103c0s37b0n0:20259:21363 [0] NCCL INFO GPU Direct RDMA Disabled for GPU 7000 / HCA 1 (distance 7 > 4)
x3103c0s37b0n0:20259:21559 [0] NCCL INFO New proxy recv connection 20 from local rank 0, transport 2
x3103c0s37b0n0:20260:21368 [1] NCCL INFO Connection to proxy localRank 1 -> connection 0x1475a4001100
x3103c0s37b0n0:20260:21368 [1] NCCL INFO Channel 00/0 : 17[46000] -> 8[7000] [send] via NET/IB/1
x3103c0s37b0n0:20260:21368 [1] NCCL INFO GPU Direct RDMA Disabled for GPU 46000 / HCA 0 (distance 7 > 4)
x3103c0s37b0n0:20260:21564 [1] NCCL INFO New proxy send connection 19 from local rank 1, transport 2
x3103c0s37b0n0:20260:21368 [1] NCCL INFO Connection to proxy localRank 1 -> connection 0x1475a4001140
x3103c0s37b0n0:20260:21368 [1] NCCL INFO Channel 01/0 : 17[46000] -> 8[7000] [send] via NET/IB/0
x3103c0s37b0n0:20259:21363 [0] NCCL INFO Connection to proxy localRank 0 -> connection 0x148ac0001180
x3103c0s37b0n0:20260:21564 [1] NCCL INFO transport/net_ib.cc:596 Ib Alloc Size 26560 pointer 0x1475a4122000
x3103c0s37b0n0:20259:21363 [0] NCCL INFO Channel 00/0 : 20[7000] -> 16[7000] [receive] via NET/IB/1
x3103c0s37b0n0:20259:21363 [0] NCCL INFO GPU Direct RDMA Disabled for GPU 7000 / HCA 0 (distance 7 > 4)
x3103c0s37b0n0:20260:21564 [1] NCCL INFO NET/IB: Dev 1 Port 1 qpn 10019 mtu 5 GID 0 (80FE/482100FEFF000000)
x3103c0s37b0n0:20260:21564 [1] NCCL INFO transport/net_ib.cc:653 Ib Alloc Size 552 pointer 0x1475a4139000
x3103c0s37b0n0:20260:21564 [1] NCCL INFO transport/net.cc:571 Cuda Host Alloc Size 9641984 pointer 0x147597400000
x3103c0s37b0n0:20259:21559 [0] NCCL INFO New proxy recv connection 21 from local rank 0, transport 2
x3103c0s37b0n0:20259:21363 [0] NCCL INFO Connection to proxy localRank 0 -> connection 0x148ac00011c0
x3103c0s37b0n0:20260:21564 [1] NCCL INFO transport/net_ib.cc:596 Ib Alloc Size 26560 pointer 0x1475a413b000
x3103c0s37b0n0:20260:21564 [1] NCCL INFO NET/IB: Dev 0 Port 1 qpn 14911 mtu 5 GID 0 (80FE/782100FEFF000000)
x3103c0s37b0n0:20260:21564 [1] NCCL INFO transport/net_ib.cc:653 Ib Alloc Size 552 pointer 0x1475a4152000
x3103c0s37b0n0:20260:21564 [1] NCCL INFO transport/net.cc:571 Cuda Host Alloc Size 9641984 pointer 0x147594000000
x3103c0s37b0n0:20260:21564 [1] NCCL INFO New proxy recv connection 20 from local rank 1, transport 0
x3103c0s37b0n0:20259:21363 [0] NCCL INFO Channel 01/0 : 20[7000] -> 16[7000] [receive] via NET/IB/0
x3103c0s37b0n0:20260:21368 [1] NCCL INFO Connection to proxy localRank 1 -> connection 0x1475a4001180
x3103c0s37b0n0:20260:21564 [1] NCCL INFO transport/p2p.cc:449 Cuda Alloc Size 6291456 pointer 0x147594a00000
x3103c0s37b0n0:20260:21564 [1] NCCL INFO New proxy recv connection 21 from local rank 1, transport 0
x3103c0s37b0n0:20259:21559 [0] NCCL INFO transport/net_ib.cc:683 Ib Alloc Size 21688 pointer 0x148ac014d000
x3103c0s37b0n0:20259:21559 [0] NCCL INFO transport/net_ib.cc:696 Ib Alloc Size 552 pointer 0x148ac0154000
x3103c0s37b0n0:20260:21368 [1] NCCL INFO Connection to proxy localRank 1 -> connection 0x1475a40011c0
x3103c0s37b0n0:20260:21564 [1] NCCL INFO transport/p2p.cc:449 Cuda Alloc Size 6291456 pointer 0x147595000000
x3103c0s37b0n0:20260:21564 [1] NCCL INFO New proxy recv connection 22 from local rank 1, transport 0
x3103c0s37b0n0:20259:21559 [0] NCCL INFO transport/net_ib.cc:771 Ib Alloc Size 552 pointer 0x148ac016f000
x3103c0s37b0n0:20259:21559 [0] NCCL INFO transport/net.cc:698 Cuda Host Alloc Size 9641984 pointer 0x148aa6a00000
x3103c0s37b0n0:20259:21559 [0] NCCL INFO transport/net_ib.cc:683 Ib Alloc Size 21688 pointer 0x148ac0171000
x3103c0s37b0n0:20259:21559 [0] NCCL INFO transport/net_ib.cc:696 Ib Alloc Size 552 pointer 0x148ac0178000
x3103c0s37b0n0:20260:21368 [1] NCCL INFO Connection to proxy localRank 1 -> connection 0x1475a4001200
x3103c0s37b0n0:20260:21564 [1] NCCL INFO transport/p2p.cc:449 Cuda Alloc Size 6291456 pointer 0x147595600000
x3103c0s37b0n0:20259:21559 [0] NCCL INFO transport/net_ib.cc:771 Ib Alloc Size 552 pointer 0x148ac0193000
x3103c0s37b0n0:20259:21559 [0] NCCL INFO transport/net.cc:698 Cuda Host Alloc Size 9641984 pointer 0x148aa7400000
x3103c0s37b0n0:20259:21363 [0] NCCL INFO GPU Direct RDMA Disabled for GPU 7000 / HCA 1 (distance 7 > 4)
x3103c0s37b0n0:20259:21559 [0] NCCL INFO New proxy send connection 22 from local rank 0, transport 2
x3103c0s37b0n0:20260:21564 [1] NCCL INFO New proxy recv connection 23 from local rank 1, transport 0
x3103c0s37b0n0:20259:21363 [0] NCCL INFO Connection to proxy localRank 0 -> connection 0x148ac0001200
x3103c0s37b0n0:20259:21363 [0] NCCL INFO Channel 02/0 : 16[7000] -> 13[46000] [send] via NET/IB/1
x3103c0s37b0n0:20259:21363 [0] NCCL INFO GPU Direct RDMA Disabled for GPU 7000 / HCA 0 (distance 7 > 4)
x3103c0s37b0n0:20259:21559 [0] NCCL INFO New proxy send connection 23 from local rank 0, transport 2
x3103c0s37b0n0:20260:21368 [1] NCCL INFO Connection to proxy localRank 1 -> connection 0x1475a4001240
x3103c0s37b0n0:20260:21564 [1] NCCL INFO transport/p2p.cc:449 Cuda Alloc Size 6291456 pointer 0x147592000000
x3103c0s37b0n0:20259:21363 [0] NCCL INFO Connection to proxy localRank 0 -> connection 0x148ac0001240
x3103c0s37b0n0:20259:21363 [0] NCCL INFO Channel 03/0 : 16[7000] -> 13[46000] [send] via NET/IB/0
x3103c0s37b0n0:20259:21559 [0] NCCL INFO transport/net_ib.cc:596 Ib Alloc Size 26560 pointer 0x148ac019f000
x3103c0s37b0n0:20260:21368 [1] NCCL INFO Connected all trees by HAO
x3103c0s37b0n0:20260:21368 [1] NCCL INFO threadThresholds 8/8/64 | 192/8/64 | 512 | 512
x3103c0s37b0n0:20260:21368 [1] NCCL INFO 4 coll channels, 4 p2p channels, 2 p2p channels per peer
x3103c0s37b0n0:20260:21564 [1] NCCL INFO New proxy send connection 24 from local rank 1, transport 2
x3103c0s37b0n0:20260:21368 [1] NCCL INFO Connection to proxy localRank 1 -> connection 0x1475a4001280
x3103c0s37b0n0:20261:21367 [2] NCCL INFO Connected all trees by HAO
x3103c0s37b0n0:20261:21367 [2] NCCL INFO threadThresholds 8/8/64 | 192/8/64 | 512 | 512
x3103c0s37b0n0:20261:21367 [2] NCCL INFO 4 coll channels, 4 p2p channels, 2 p2p channels per peer
x3103c0s37b0n0:20261:21566 [2] NCCL INFO Allocated 4194656 bytes of shared memory in /dev/shm/nccl-55l4tg

x3103c0s37b0n0:20261:21566 [2] NCCL INFO New proxy send connection 20 from local rank 2, transport 2
x3103c0s37b0n0:20261:21367 [2] NCCL INFO Connection to proxy localRank 2 -> connection 0x145dd8001180
x3103c0s37b0n0:20259:21559 [0] NCCL INFO NET/IB: Dev 1 Port 1 qpn 10022 mtu 5 GID 0 (80FE/482100FEFF000000)
x3103c0s37b0n0:20259:21559 [0] NCCL INFO transport/net_ib.cc:653 Ib Alloc Size 552 pointer 0x148ac01b6000
x3103c0s37b0n0:20261:21566 [2] NCCL INFO transport/net.cc:376 Cuda Alloc Size 8388608 pointer 0x145dcb800000
x3103c0s37b0n0:20259:21559 [0] NCCL INFO transport/net.cc:571 Cuda Host Alloc Size 9641984 pointer 0x148aa4000000
x3103c0s37b0n0:20259:21559 [0] NCCL INFO transport/net_ib.cc:596 Ib Alloc Size 26560 pointer 0x148ac01b8000
x3103c0s37b0n0:20260:21564 [1] NCCL INFO transport/net.cc:376 Cuda Alloc Size 8388608 pointer 0x147590000000
x3103c0s37b0n0:20259:21559 [0] NCCL INFO NET/IB: Dev 0 Port 1 qpn 14914 mtu 5 GID 0 (80FE/782100FEFF000000)
x3103c0s37b0n0:20259:21559 [0] NCCL INFO transport/net_ib.cc:653 Ib Alloc Size 552 pointer 0x148ac01cf000
x3103c0s37b0n0:20259:21559 [0] NCCL INFO transport/net.cc:571 Cuda Host Alloc Size 9641984 pointer 0x148aa4a00000
x3103c0s37b0n0:20259:21363 [0] NCCL INFO Connected all trees by HAO
x3103c0s37b0n0:20259:21363 [0] NCCL INFO threadThresholds 8/8/64 | 192/8/64 | 512 | 512
x3103c0s37b0n0:20259:21363 [0] NCCL INFO 4 coll channels, 4 p2p channels, 2 p2p channels per peer
x3103c0s37b0n0:20259:21559 [0] NCCL INFO New proxy send connection 24 from local rank 0, transport 2
x3103c0s37b0n0:20259:21363 [0] NCCL INFO Connection to proxy localRank 0 -> connection 0x148ac0001280
x3103c0s37b0n0:20259:21363 [0] NCCL INFO init.cc:367 Cuda Alloc Size 5168 pointer 0x148ac580a000
x3103c0s37b0n0:20261:21367 [2] NCCL INFO init.cc:367 Cuda Alloc Size 5168 pointer 0x145de780a000
x3103c0s37b0n0:20260:21368 [1] NCCL INFO init.cc:367 Cuda Alloc Size 5168 pointer 0x1475b380a000
x3103c0s37b0n0:20263:21364 [3] NCCL INFO init.cc:367 Cuda Alloc Size 5168 pointer 0x14a0f980a000
x3103c0s37b0n0:20261:21367 [2] NCCL INFO init.cc:392 Cuda Host Alloc Size 33554432 pointer 0x145dc2000000
x3103c0s37b0n0:20261:21367 [2] NCCL INFO init.cc:398 Cuda Host Alloc Size 128 pointer 0x145de6e00200
x3103c0s37b0n0:20261:21367 [2] NCCL INFO comm 0x55f6cc959620 rank 18 nranks 24 cudaDev 2 busId 85000 - Init COMPLETE
x3103c0s37b0n0:20263:21364 [3] NCCL INFO init.cc:392 Cuda Host Alloc Size 33554432 pointer 0x14a0de000000
x3103c0s37b0n0:20263:21364 [3] NCCL INFO init.cc:398 Cuda Host Alloc Size 128 pointer 0x14a0f8e00200
x3103c0s37b0n0:20263:21364 [3] NCCL INFO comm 0x5624111de3a0 rank 19 nranks 24 cudaDev 3 busId c7000 - Init COMPLETE
x3103c0s37b0n0:20259:21363 [0] NCCL INFO init.cc:392 Cuda Host Alloc Size 33554432 pointer 0x148aa2000000
x3103c0s37b0n0:20259:21363 [0] NCCL INFO init.cc:398 Cuda Host Alloc Size 128 pointer 0x148ac4e00200
x3103c0s37b0n0:20259:21363 [0] NCCL INFO comm 0x5622d7796e90 rank 16 nranks 24 cudaDev 0 busId 7000 - Init COMPLETE
x3103c0s37b0n0:20259:21559 [0] NCCL INFO transport/net.cc:376 Cuda Alloc Size 8388608 pointer 0x148aa5400000
x3103c0s37b0n0:20260:21368 [1] NCCL INFO init.cc:392 Cuda Host Alloc Size 33554432 pointer 0x14758e000000
x3103c0s37b0n0:20260:21368 [1] NCCL INFO init.cc:398 Cuda Host Alloc Size 128 pointer 0x1475b2e00200
x3103c0s37b0n0:20260:21368 [1] NCCL INFO comm 0x55ed78442680 rank 17 nranks 24 cudaDev 1 busId 46000 - Init COMPLETE
x3103c0s37b0n0:20261:20261 [2] NCCL INFO AllReduce: opCount 0 sendbuff 0x145e27600200 recvbuff 0x145e27600200 count 1 datatype 1 op 0 root 0 comm 0x55f6cc959620 [nranks=24] stream 0x55f6eaf69530
x3103c0s37b0n0:20261:20261 [2] NCCL INFO misc/utils.cc:235 memory stack hunk malloc(65536)
[LYD INFO in ncclLaunchKernel (enqueue.cc)] NCHANNELS is: 4x3103c0s37b0n0:20263:20263 [3] NCCL INFO AllReduce: opCount 0 sendbuff 0x14a13b600200 recvbuff 0x14a13b600200 count 1 datatype 1 op 0 root 0 comm 0x5624111de3a0 [nranks=24] stream 0x56242b244960
x3103c0s37b0n0:20263:20263 [3] NCCL INFO misc/utils.cc:235 memory stack hunk malloc(65536)
[LYD INFO in ncclLaunchKernel (enqueue.cc)] NCHANNELS is: 4x3103c0s37b0n0:20259:20259 [0] NCCL INFO AllReduce: opCount 0 sendbuff 0x148b07600200 recvbuff 0x148b07600200 count 1 datatype 1 op 0 root 0 comm 0x5622d7796e90 [nranks=24] stream 0x5622db571dd0
x3103c0s37b0n0:20259:20259 [0] NCCL INFO misc/utils.cc:235 memory stack hunk malloc(65536)
[LYD INFO in ncclLaunchKernel (enqueue.cc)] NCHANNELS is: 4x3103c0s37b0n0:20260:20260 [1] NCCL INFO AllReduce: opCount 0 sendbuff 0x1475f3600200 recvbuff 0x1475f3600200 count 1 datatype 1 op 0 root 0 comm 0x55ed78442680 [nranks=24] stream 0x55ed91280df0
x3103c0s37b0n0:20260:20260 [1] NCCL INFO misc/utils.cc:235 memory stack hunk malloc(65536)
[LYD INFO in ncclLaunchKernel (enqueue.cc)] NCHANNELS is: 4
[LYD INFO in NCCL_KERN_NAME (common.h)] 16 AllReduce TREE LL Sum uint8_t Elapsed time: 936697 us

[LYD INFO in NCCL_KERN_NAME (common.h)] 19 AllReduce TREE LL Sum uint8_t Elapsed time: 916339 us

[LYD INFO in NCCL_KERN_NAME (common.h)] 18 AllReduce TREE LL Sum uint8_t Elapsed time: 947764 us

[LYD INFO in NCCL_KERN_NAME (common.h)] 17 AllReduce TREE LL Sum uint8_t Elapsed time: 889271 us
x3103c0s37b0n0:20259:20259 [0] NCCL INFO AllReduce: opCount 1 sendbuff 0x148b07600000 recvbuff 0x148b07600000 count 1 datatype 1 op 0 root 0 comm 0x5622d7796e90 [nranks=24] stream 0x5622db571dd0
[LYD INFO in ncclLaunchKernel (enqueue.cc)] NCHANNELS is: 4x3103c0s37b0n0:20261:20261 [2] NCCL INFO AllReduce: opCount 1 sendbuff 0x145e27600000 recvbuff 0x145e27600000 count 1 datatype 1 op 0 root 0 comm 0x55f6cc959620 [nranks=24] stream 0x55f6eaf69530
[LYD INFO in ncclLaunchKernel (enqueue.cc)] NCHANNELS is: 4x3103c0s37b0n0:20260:20260 [1] NCCL INFO AllReduce: opCount 1 sendbuff 0x1475f3600000 recvbuff 0x1475f3600000 count 1 datatype 1 op 0 root 0 comm 0x55ed78442680 [nranks=24] stream 0x55ed91280df0
[LYD INFO in ncclLaunchKernel (enqueue.cc)] NCHANNELS is: 4x3103c0s37b0n0:20263:20263 [3] NCCL INFO AllReduce: opCount 1 sendbuff 0x14a13b600000 recvbuff 0x14a13b600000 count 1 datatype 1 op 0 root 0 comm 0x5624111de3a0 [nranks=24] stream 0x56242b244960
[LYD INFO in ncclLaunchKernel (enqueue.cc)] NCHANNELS is: 4
[LYD INFO in NCCL_KERN_NAME (common.h)] 17 AllReduce TREE LL Sum uint8_t Elapsed time: 436275 us

[LYD INFO in NCCL_KERN_NAME (common.h)] 16 AllReduce TREE LL Sum uint8_t Elapsed time: 2395707 us

[LYD INFO in NCCL_KERN_NAME (common.h)] 19 AllReduce TREE LL Sum uint8_t Elapsed time: 37347 us

[LYD INFO in NCCL_KERN_NAME (common.h)] 18 AllReduce TREE LL Sum uint8_t Elapsed time: 1332037 us
x3103c0s37b0n0:20260:20260 [1] NCCL INFO AllReduce: opCount 2 sendbuff 0x1475f3600000 recvbuff 0x1475f3600000 count 1 datatype 8 op 3 root 0 comm 0x55ed78442680 [nranks=24] stream 0x55ed91280df0
[LYD INFO in ncclLaunchKernel (enqueue.cc)] NCHANNELS is: 4x3103c0s37b0n0:20259:20259 [0] NCCL INFO AllReduce: opCount 2 sendbuff 0x148b07600000 recvbuff 0x148b07600000 count 1 datatype 8 op 3 root 0 comm 0x5622d7796e90 [nranks=24] stream 0x5622db571dd0
[LYD INFO in ncclLaunchKernel (enqueue.cc)] NCHANNELS is: 4x3103c0s37b0n0:20263:20263 [3] NCCL INFO AllReduce: opCount 2 sendbuff 0x14a13b600000 recvbuff 0x14a13b600000 count 1 datatype 8 op 3 root 0 comm 0x5624111de3a0 [nranks=24] stream 0x56242b244960
[LYD INFO in ncclLaunchKernel (enqueue.cc)] NCHANNELS is: 4x3103c0s37b0n0:20261:20261 [2] NCCL INFO AllReduce: opCount 2 sendbuff 0x145e27600000 recvbuff 0x145e27600000 count 1 datatype 8 op 3 root 0 comm 0x55f6cc959620 [nranks=24] stream 0x55f6eaf69530
[LYD INFO in ncclLaunchKernel (enqueue.cc)] NCHANNELS is: 4
[LYD INFO in NCCL_FUNC_NAME (common.h)] 17 AllReduce TREE LL Min double Elapsed time: 40408 us

[LYD INFO in NCCL_KERN_NAME (common.h)] 17 AllReduce TREE LL Sum double Elapsed time: 50652 us
x3103c0s37b0n0:20260:20260 [1] NCCL INFO AllReduce: opCount 3 sendbuff 0x1475f3600200 recvbuff 0x1475f3600200 count 1 datatype 1 op 0 root 0 comm 0x55ed78442680 [nranks=24] stream 0x55ed91280df0
[LYD INFO in ncclLaunchKernel (enqueue.cc)] NCHANNELS is: 4
[LYD INFO in NCCL_FUNC_NAME (common.h)] 16 AllReduce TREE LL Min double Elapsed time: 39607 us

[LYD INFO in NCCL_KERN_NAME (common.h)] 16 AllReduce TREE LL Sum double Elapsed time: 49899 us
x3103c0s37b0n0:20259:20259 [0] NCCL INFO AllReduce: opCount 3 sendbuff 0x148b07600200 recvbuff 0x148b07600200 count 1 datatype 1 op 0 root 0 comm 0x5622d7796e90 [nranks=24] stream 0x5622db571dd0
[LYD INFO in ncclLaunchKernel (enqueue.cc)] NCHANNELS is: 4
[LYD INFO in NCCL_FUNC_NAME (common.h)] 19 AllReduce TREE LL Min double Elapsed time: 5 us

[LYD INFO in NCCL_KERN_NAME (common.h)] 19 AllReduce TREE LL Sum double Elapsed time: 20603 us

[LYD INFO in NCCL_FUNC_NAME (common.h)] 18 AllReduce TREE LL Min double Elapsed time: 6 us

[LYD INFO in NCCL_KERN_NAME (common.h)] 18 AllReduce TREE LL Sum double Elapsed time: 10305 us
x3103c0s37b0n0:20263:20263 [3] NCCL INFO AllReduce: opCount 3 sendbuff 0x14a13b600200 recvbuff 0x14a13b600200 count 1 datatype 1 op 0 root 0 comm 0x5624111de3a0 [nranks=24] stream 0x56242b244960
[LYD INFO in ncclLaunchKernel (enqueue.cc)] NCHANNELS is: 4x3103c0s37b0n0:20261:20261 [2] NCCL INFO AllReduce: opCount 3 sendbuff 0x145e27600200 recvbuff 0x145e27600200 count 1 datatype 1 op 0 root 0 comm 0x55f6cc959620 [nranks=24] stream 0x55f6eaf69530
[LYD INFO in ncclLaunchKernel (enqueue.cc)] NCHANNELS is: 4
[LYD INFO in NCCL_KERN_NAME (common.h)] 16 AllReduce TREE LL Sum uint8_t Elapsed time: 51607 us

[LYD INFO in NCCL_KERN_NAME (common.h)] 17 AllReduce TREE LL Sum uint8_t Elapsed time: 69536 us

[LYD INFO in NCCL_KERN_NAME (common.h)] 18 AllReduce TREE LL Sum uint8_t Elapsed time: 36792 us

[LYD INFO in NCCL_KERN_NAME (common.h)] 19 AllReduce TREE LL Sum uint8_t Elapsed time: 40581 us
x3103c0s37b0n0:20261:21566 [2] NCCL INFO [Service thread] Connection closed by localRank 2
x3103c0s37b0n0:20261:20261 [2] NCCL INFO comm 0x55f6cc959620 rank 18 nranks 24 cudaDev 2 busId 85000 - Abort COMPLETE
x3103c0s37b0n0:20263:21565 [3] NCCL INFO [Service thread] Connection closed by localRank 3
x3103c0s37b0n0:20259:21559 [0] NCCL INFO [Service thread] Connection closed by localRank 0
x3103c0s37b0n0:20260:21564 [1] NCCL INFO [Service thread] Connection closed by localRank 1
x3103c0s37b0n0:20263:20263 [3] NCCL INFO comm 0x5624111de3a0 rank 19 nranks 24 cudaDev 3 busId c7000 - Abort COMPLETE
x3103c0s37b0n0:20260:20260 [1] NCCL INFO comm 0x55ed78442680 rank 17 nranks 24 cudaDev 1 busId 46000 - Abort COMPLETE
x3103c0s37b0n0:20259:20259 [0] NCCL INFO comm 0x5622d7796e90 rank 16 nranks 24 cudaDev 0 busId 7000 - Abort COMPLETE
