x3004c0s1b1n0:35439:36536 [3] NCCL INFO transport/net_ib.cc:596 Ib Alloc Size 26560 pointer 0x145a10020000
x3004c0s1b1n0:35439:36536 [3] NCCL INFO NET/IB: Dev 1 Port 1 qpn 12247 mtu 5 GID 0 (80FE/EF0100FEFF000000)
x3004c0s1b1n0:35439:36536 [3] NCCL INFO transport/net_ib.cc:653 Ib Alloc Size 552 pointer 0x145a10042000
x3004c0s1b1n0:35439:36536 [3] NCCL INFO transport/net.cc:571 Cuda Host Alloc Size 9641984 pointer 0x145a08c00000
x3004c0s1b1n0:35439:36536 [3] NCCL INFO Mem Realloc old size 0, new size 768 pointer 0x145a1002f0a0
x3004c0s1b1n0:35436:36533 [2] NCCL INFO New proxy recv connection 6 from local rank 2, transport 0
x3004c0s1b1n0:35439:36536 [3] NCCL INFO transport/net_ib.cc:596 Ib Alloc Size 26560 pointer 0x145a10044000
x3004c0s1b1n0:35439:36536 [3] NCCL INFO NET/IB: Dev 0 Port 1 qpn 12188 mtu 5 GID 0 (80FE/AA0100FEFF000000)
x3004c0s1b1n0:35439:36536 [3] NCCL INFO transport/net_ib.cc:653 Ib Alloc Size 552 pointer 0x145a10065000
x3004c0s1b1n0:35439:36536 [3] NCCL INFO transport/net.cc:571 Cuda Host Alloc Size 9641984 pointer 0x145a09600000
x3004c0s1b1n0:35439:36536 [3] NCCL INFO Mem Realloc old size 0, new size 768 pointer 0x145a100521f0
x3004c0s1b1n0:35430:36532 [1] NCCL INFO transport/net_ib.cc:683 Ib Alloc Size 21688 pointer 0x15259009f000
x3004c0s1b1n0:35430:36532 [1] NCCL INFO transport/net_ib.cc:696 Ib Alloc Size 552 pointer 0x1525900a6000
x3004c0s1b1n0:35436:36372 [2] NCCL INFO Connection to proxy localRank 2 -> connection 0x14fff0000e00
x3004c0s1b1n0:35436:36533 [2] NCCL INFO transport/p2p.cc:449 Cuda Alloc Size 6291456 pointer 0x14ffef800000
x3004c0s1b1n0:35430:36532 [1] NCCL INFO transport/net_ib.cc:771 Ib Alloc Size 552 pointer 0x1525900c1000
x3004c0s1b1n0:35430:36532 [1] NCCL INFO transport/net.cc:698 Cuda Host Alloc Size 9641984 pointer 0x15258c000000
x3004c0s1b1n0:35436:36533 [2] NCCL INFO New proxy recv connection 7 from local rank 2, transport 0
x3004c0s1b1n0:35430:36373 [1] NCCL INFO Channel 00/0 : 5[46000] -> 4[7000] via P2P/IPC/read
x3004c0s1b1n0:35430:36532 [1] NCCL INFO New proxy send connection 4 from local rank 1, transport 0
x3004c0s1b1n0:35439:36536 [3] NCCL INFO transport/net_ib.cc:596 Ib Alloc Size 26560 pointer 0x145a10067000
x3004c0s1b1n0:35436:36372 [2] NCCL INFO Connection to proxy localRank 2 -> connection 0x14fff0000e40
x3004c0s1b1n0:35436:36533 [2] NCCL INFO transport/p2p.cc:449 Cuda Alloc Size 6291456 pointer 0x14ffec000000
x3004c0s1b1n0:35439:36536 [3] NCCL INFO NET/IB: Dev 1 Port 1 qpn 12248 mtu 5 GID 0 (80FE/EF0100FEFF000000)
x3004c0s1b1n0:35439:36536 [3] NCCL INFO transport/net_ib.cc:653 Ib Alloc Size 552 pointer 0x145a1007e000
x3004c0s1b1n0:35439:36536 [3] NCCL INFO transport/net.cc:571 Cuda Host Alloc Size 9641984 pointer 0x145a06000000
x3004c0s1b1n0:35430:36373 [1] NCCL INFO Connection to proxy localRank 1 -> connection 0x152590000d80
x3004c0s1b1n0:35430:36532 [1] NCCL INFO transport/p2p.cc:430 Cuda Alloc Size 6291456 pointer 0x15258ca00000
x3004c0s1b1n0:35436:36372 [2] NCCL INFO Connected all rings
x3004c0s1b1n0:35436:36533 [2] NCCL INFO New proxy recv connection 8 from local rank 2, transport 0
x3004c0s1b1n0:35426:36524 [0] NCCL INFO New proxy recv connection 4 from local rank 0, transport 0
x3004c0s1b1n0:35439:36536 [3] NCCL INFO transport/net_ib.cc:596 Ib Alloc Size 26560 pointer 0x145a10080000
x3004c0s1b1n0:35430:36373 [1] NCCL INFO Channel 01/0 : 5[46000] -> 4[7000] via P2P/IPC/read
x3004c0s1b1n0:35430:36532 [1] NCCL INFO New proxy send connection 5 from local rank 1, transport 0
x3004c0s1b1n0:35439:36536 [3] NCCL INFO NET/IB: Dev 0 Port 1 qpn 12191 mtu 5 GID 0 (80FE/AA0100FEFF000000)
x3004c0s1b1n0:35439:36536 [3] NCCL INFO transport/net_ib.cc:653 Ib Alloc Size 552 pointer 0x145a10097000
x3004c0s1b1n0:35439:36536 [3] NCCL INFO transport/net.cc:571 Cuda Host Alloc Size 9641984 pointer 0x145a06a00000
x3004c0s1b1n0:35439:36371 [3] NCCL INFO Connected all rings
x3004c0s1b1n0:35439:36371 [3] NCCL INFO Channel 00/0 : 7[c7000] -> 6[85000] via P2P/IPC/read
x3004c0s1b1n0:35426:36374 [0] NCCL INFO Connection to proxy localRank 0 -> connection 0x147bc4000d80
x3004c0s1b1n0:35426:36524 [0] NCCL INFO transport/p2p.cc:449 Cuda Alloc Size 6291456 pointer 0x147c13000000
x3004c0s1b1n0:35439:36536 [3] NCCL INFO New proxy send connection 8 from local rank 3, transport 0
x3004c0s1b1n0:35436:36372 [2] NCCL INFO Connection to proxy localRank 2 -> connection 0x14fff0000e80
x3004c0s1b1n0:35436:36533 [2] NCCL INFO transport/p2p.cc:449 Cuda Alloc Size 6291456 pointer 0x14ffea000000
x3004c0s1b1n0:35430:36373 [1] NCCL INFO Connection to proxy localRank 1 -> connection 0x152590000dc0
x3004c0s1b1n0:35430:36532 [1] NCCL INFO transport/p2p.cc:430 Cuda Alloc Size 6291456 pointer 0x15258d000000
x3004c0s1b1n0:35430:36373 [1] NCCL INFO Channel 02/0 : 5[46000] -> 4[7000] via P2P/IPC/read
x3004c0s1b1n0:35426:36524 [0] NCCL INFO New proxy recv connection 5 from local rank 0, transport 0
x3004c0s1b1n0:35430:36532 [1] NCCL INFO New proxy send connection 6 from local rank 1, transport 0
x3004c0s1b1n0:35426:36374 [0] NCCL INFO Connection to proxy localRank 0 -> connection 0x147bc4000dc0
x3004c0s1b1n0:35426:36524 [0] NCCL INFO transport/p2p.cc:449 Cuda Alloc Size 6291456 pointer 0x147c13600000
x3004c0s1b1n0:35439:36371 [3] NCCL INFO Connection to proxy localRank 3 -> connection 0x145a10000e80
x3004c0s1b1n0:35439:36536 [3] NCCL INFO transport/p2p.cc:430 Cuda Alloc Size 6291456 pointer 0x145a07400000
x3004c0s1b1n0:35436:36533 [2] NCCL INFO New proxy recv connection 9 from local rank 2, transport 0
x3004c0s1b1n0:35436:36372 [2] NCCL INFO Connection to proxy localRank 2 -> connection 0x14fff0000ec0
x3004c0s1b1n0:35426:36524 [0] NCCL INFO New proxy recv connection 6 from local rank 0, transport 0
x3004c0s1b1n0:35426:36374 [0] NCCL INFO Connection to proxy localRank 0 -> connection 0x147bc4000e00
x3004c0s1b1n0:35426:36524 [0] NCCL INFO transport/p2p.cc:449 Cuda Alloc Size 6291456 pointer 0x147c13c00000
x3004c0s1b1n0:35436:36533 [2] NCCL INFO transport/p2p.cc:449 Cuda Alloc Size 6291456 pointer 0x14ffea600000
x3004c0s1b1n0:35430:36373 [1] NCCL INFO Connection to proxy localRank 1 -> connection 0x152590000e00
x3004c0s1b1n0:35430:36532 [1] NCCL INFO transport/p2p.cc:430 Cuda Alloc Size 6291456 pointer 0x15258d600000
x3004c0s1b1n0:35439:36371 [3] NCCL INFO Channel 01/0 : 7[c7000] -> 6[85000] via P2P/IPC/read
x3004c0s1b1n0:35439:36536 [3] NCCL INFO New proxy send connection 9 from local rank 3, transport 0
x3004c0s1b1n0:35439:36371 [3] NCCL INFO Connection to proxy localRank 3 -> connection 0x145a10000ec0
x3004c0s1b1n0:35439:36536 [3] NCCL INFO transport/p2p.cc:430 Cuda Alloc Size 6291456 pointer 0x145a07a00000
x3004c0s1b1n0:35426:36524 [0] NCCL INFO New proxy recv connection 7 from local rank 0, transport 0
x3004c0s1b1n0:35430:36373 [1] NCCL INFO Channel 03/0 : 5[46000] -> 4[7000] via P2P/IPC/read
x3004c0s1b1n0:35430:36532 [1] NCCL INFO New proxy send connection 7 from local rank 1, transport 0
x3004c0s1b1n0:35436:36533 [2] NCCL INFO New proxy recv connection 10 from local rank 2, transport 0
x3004c0s1b1n0:35439:36371 [3] NCCL INFO Channel 02/0 : 7[c7000] -> 6[85000] via P2P/IPC/read
x3004c0s1b1n0:35439:36536 [3] NCCL INFO New proxy send connection 10 from local rank 3, transport 0
x3004c0s1b1n0:35426:36374 [0] NCCL INFO Connection to proxy localRank 0 -> connection 0x147bc4000e40
x3004c0s1b1n0:35426:36524 [0] NCCL INFO transport/p2p.cc:449 Cuda Alloc Size 6291456 pointer 0x147c14200000
x3004c0s1b1n0:35430:36373 [1] NCCL INFO Connection to proxy localRank 1 -> connection 0x152590000e40
x3004c0s1b1n0:35430:36532 [1] NCCL INFO transport/p2p.cc:430 Cuda Alloc Size 6291456 pointer 0x15259fa00000
x3004c0s1b1n0:35436:36372 [2] NCCL INFO Connection to proxy localRank 2 -> connection 0x14fff0000f00
x3004c0s1b1n0:35436:36533 [2] NCCL INFO transport/p2p.cc:449 Cuda Alloc Size 6291456 pointer 0x14ffeac00000
x3004c0s1b1n0:35439:36371 [3] NCCL INFO Connection to proxy localRank 3 -> connection 0x145a10000f00
x3004c0s1b1n0:35439:36536 [3] NCCL INFO transport/p2p.cc:430 Cuda Alloc Size 6291456 pointer 0x1459fe000000
x3004c0s1b1n0:35426:36374 [0] NCCL INFO Connected all rings
x3004c0s1b1n0:35426:36374 [0] NCCL INFO Channel 00/0 : 4[7000] -> 5[46000] via P2P/IPC/read
x3004c0s1b1n0:35430:36373 [1] NCCL INFO Connected all rings
x3004c0s1b1n0:35430:36532 [1] NCCL INFO New proxy recv connection 8 from local rank 1, transport 0
x3004c0s1b1n0:35436:36533 [2] NCCL INFO New proxy recv connection 11 from local rank 2, transport 0
x3004c0s1b1n0:35426:36524 [0] NCCL INFO New proxy send connection 8 from local rank 0, transport 0
x3004c0s1b1n0:35439:36371 [3] NCCL INFO Channel 03/0 : 7[c7000] -> 6[85000] via P2P/IPC/read
x3004c0s1b1n0:35439:36536 [3] NCCL INFO New proxy send connection 11 from local rank 3, transport 0
x3004c0s1b1n0:35430:36373 [1] NCCL INFO Connection to proxy localRank 1 -> connection 0x152590000e80
x3004c0s1b1n0:35430:36532 [1] NCCL INFO transport/p2p.cc:449 Cuda Alloc Size 6291456 pointer 0x15258b800000
x3004c0s1b1n0:35436:36372 [2] NCCL INFO Connection to proxy localRank 2 -> connection 0x14fff0000f40
x3004c0s1b1n0:35436:36533 [2] NCCL INFO transport/p2p.cc:449 Cuda Alloc Size 6291456 pointer 0x14ffeb200000
x3004c0s1b1n0:35426:36374 [0] NCCL INFO Connection to proxy localRank 0 -> connection 0x147bc4000e80
x3004c0s1b1n0:35426:36524 [0] NCCL INFO transport/p2p.cc:430 Cuda Alloc Size 6291456 pointer 0x147c16000000
x3004c0s1b1n0:35439:36371 [3] NCCL INFO Connection to proxy localRank 3 -> connection 0x145a10000f40
x3004c0s1b1n0:35439:36536 [3] NCCL INFO transport/p2p.cc:430 Cuda Alloc Size 6291456 pointer 0x1459fe600000
x3004c0s1b1n0:35430:36532 [1] NCCL INFO New proxy recv connection 9 from local rank 1, transport 0
x3004c0s1b1n0:35426:36374 [0] NCCL INFO Channel 01/0 : 4[7000] -> 5[46000] via P2P/IPC/read
x3004c0s1b1n0:35426:36524 [0] NCCL INFO New proxy send connection 9 from local rank 0, transport 0
x3004c0s1b1n0:35426:36374 [0] NCCL INFO Connection to proxy localRank 0 -> connection 0x147bc4000ec0
x3004c0s1b1n0:35426:36524 [0] NCCL INFO transport/p2p.cc:430 Cuda Alloc Size 6291456 pointer 0x147c16600000
x3004c0s1b1n0:35426:36374 [0] NCCL INFO Channel 02/0 : 4[7000] -> 5[46000] via P2P/IPC/read
x3004c0s1b1n0:35430:36373 [1] NCCL INFO Connection to proxy localRank 1 -> connection 0x152590000ec0
x3004c0s1b1n0:35430:36532 [1] NCCL INFO transport/p2p.cc:449 Cuda Alloc Size 6291456 pointer 0x152588000000
x3004c0s1b1n0:35426:36524 [0] NCCL INFO New proxy send connection 10 from local rank 0, transport 0
x3004c0s1b1n0:35430:36532 [1] NCCL INFO New proxy recv connection 10 from local rank 1, transport 0
x3004c0s1b1n0:35426:36374 [0] NCCL INFO Connection to proxy localRank 0 -> connection 0x147bc4000f00
x3004c0s1b1n0:35426:36524 [0] NCCL INFO transport/p2p.cc:430 Cuda Alloc Size 6291456 pointer 0x147c16c00000
x3004c0s1b1n0:35430:36373 [1] NCCL INFO Connection to proxy localRank 1 -> connection 0x152590000f00
x3004c0s1b1n0:35430:36532 [1] NCCL INFO transport/p2p.cc:449 Cuda Alloc Size 6291456 pointer 0x152588600000
x3004c0s1b1n0:35426:36374 [0] NCCL INFO Channel 03/0 : 4[7000] -> 5[46000] via P2P/IPC/read
x3004c0s1b1n0:35426:36524 [0] NCCL INFO New proxy send connection 11 from local rank 0, transport 0
x3004c0s1b1n0:35426:36374 [0] NCCL INFO Connection to proxy localRank 0 -> connection 0x147bc4000f40
x3004c0s1b1n0:35426:36524 [0] NCCL INFO transport/p2p.cc:430 Cuda Alloc Size 6291456 pointer 0x147c17200000
x3004c0s1b1n0:35430:36532 [1] NCCL INFO New proxy recv connection 11 from local rank 1, transport 0
x3004c0s1b1n0:35430:36373 [1] NCCL INFO Connection to proxy localRank 1 -> connection 0x152590000f40
x3004c0s1b1n0:35430:36532 [1] NCCL INFO transport/p2p.cc:449 Cuda Alloc Size 6291456 pointer 0x152588c00000
x3004c0s1b1n0:35430:36373 [1] NCCL INFO Channel 00/0 : 5[46000] -> 6[85000] via P2P/IPC/read
x3004c0s1b1n0:35430:36532 [1] NCCL INFO New proxy send connection 12 from local rank 1, transport 0
x3004c0s1b1n0:35430:36373 [1] NCCL INFO Connection to proxy localRank 1 -> connection 0x152590000f80
x3004c0s1b1n0:35430:36532 [1] NCCL INFO transport/p2p.cc:430 Cuda Alloc Size 6291456 pointer 0x152589200000
x3004c0s1b1n0:35430:36373 [1] NCCL INFO Channel 01/0 : 5[46000] -> 6[85000] via P2P/IPC/read
x3004c0s1b1n0:35430:36532 [1] NCCL INFO New proxy send connection 13 from local rank 1, transport 0
x3004c0s1b1n0:35430:36373 [1] NCCL INFO Connection to proxy localRank 1 -> connection 0x152590000fc0
x3004c0s1b1n0:35430:36532 [1] NCCL INFO transport/p2p.cc:430 Cuda Alloc Size 6291456 pointer 0x152589800000
x3004c0s1b1n0:35430:36373 [1] NCCL INFO Channel 02/0 : 5[46000] -> 6[85000] via P2P/IPC/read
x3004c0s1b1n0:35430:36532 [1] NCCL INFO New proxy send connection 14 from local rank 1, transport 0
x3004c0s1b1n0:35430:36373 [1] NCCL INFO Connection to proxy localRank 1 -> connection 0x152590001000
x3004c0s1b1n0:35430:36532 [1] NCCL INFO transport/p2p.cc:430 Cuda Alloc Size 6291456 pointer 0x152586000000
x3004c0s1b1n0:35430:36373 [1] NCCL INFO Channel 03/0 : 5[46000] -> 6[85000] via P2P/IPC/read
x3004c0s1b1n0:35430:36532 [1] NCCL INFO New proxy send connection 15 from local rank 1, transport 0
x3004c0s1b1n0:35430:36373 [1] NCCL INFO Connection to proxy localRank 1 -> connection 0x152590001040
x3004c0s1b1n0:35430:36532 [1] NCCL INFO transport/p2p.cc:430 Cuda Alloc Size 6291456 pointer 0x152586600000
x3004c0s1b1n0:35436:36533 [2] NCCL INFO New proxy recv connection 12 from local rank 2, transport 0
x3004c0s1b1n0:35430:36532 [1] NCCL INFO New proxy recv connection 16 from local rank 1, transport 0
x3004c0s1b1n0:35426:36374 [0] NCCL INFO GPU Direct RDMA Disabled for GPU 7000 / HCA 1 (distance 7 > 4)
x3004c0s1b1n0:35426:36524 [0] NCCL INFO Allocated 4194656 bytes of shared memory in /dev/shm/nccl-7d0UPW

x3004c0s1b1n0:35426:36524 [0] NCCL INFO New proxy recv connection 12 from local rank 0, transport 2
x3004c0s1b1n0:35426:36374 [0] NCCL INFO Connection to proxy localRank 0 -> connection 0x147bc4000f80
x3004c0s1b1n0:35436:36372 [2] NCCL INFO Connection to proxy localRank 2 -> connection 0x14fff0000f80
x3004c0s1b1n0:35436:36533 [2] NCCL INFO transport/p2p.cc:449 Cuda Alloc Size 6291456 pointer 0x14ffe9200000
x3004c0s1b1n0:35430:36373 [1] NCCL INFO Connection to proxy localRank 1 -> connection 0x152590001080
x3004c0s1b1n0:35430:36532 [1] NCCL INFO transport/p2p.cc:449 Cuda Alloc Size 6291456 pointer 0x152582000000
x3004c0s1b1n0:35436:36533 [2] NCCL INFO New proxy recv connection 13 from local rank 2, transport 0
x3004c0s1b1n0:35426:36374 [0] NCCL INFO Channel 02/0 : 0[7000] -> 4[7000] [receive] via NET/IB/1
x3004c0s1b1n0:35426:36374 [0] NCCL INFO GPU Direct RDMA Disabled for GPU 7000 / HCA 0 (distance 7 > 4)
x3004c0s1b1n0:35426:36524 [0] NCCL INFO New proxy recv connection 13 from local rank 0, transport 2
x3004c0s1b1n0:35430:36532 [1] NCCL INFO New proxy recv connection 17 from local rank 1, transport 0
x3004c0s1b1n0:35436:36372 [2] NCCL INFO Connection to proxy localRank 2 -> connection 0x14fff0000fc0
x3004c0s1b1n0:35436:36533 [2] NCCL INFO transport/p2p.cc:449 Cuda Alloc Size 6291456 pointer 0x14ffe9800000
x3004c0s1b1n0:35426:36374 [0] NCCL INFO Connection to proxy localRank 0 -> connection 0x147bc4000fc0
x3004c0s1b1n0:35430:36373 [1] NCCL INFO Connection to proxy localRank 1 -> connection 0x1525900010c0
x3004c0s1b1n0:35430:36532 [1] NCCL INFO transport/p2p.cc:449 Cuda Alloc Size 6291456 pointer 0x152582600000
x3004c0s1b1n0:35436:36533 [2] NCCL INFO New proxy recv connection 14 from local rank 2, transport 0
x3004c0s1b1n0:35436:36372 [2] NCCL INFO Connection to proxy localRank 2 -> connection 0x14fff0001000
x3004c0s1b1n0:35436:36533 [2] NCCL INFO transport/p2p.cc:449 Cuda Alloc Size 6291456 pointer 0x14ffe6000000
x3004c0s1b1n0:35426:36374 [0] NCCL INFO Channel 03/0 : 0[7000] -> 4[7000] [receive] via NET/IB/0
x3004c0s1b1n0:35430:36532 [1] NCCL INFO New proxy recv connection 18 from local rank 1, transport 0
x3004c0s1b1n0:35436:36533 [2] NCCL INFO New proxy recv connection 15 from local rank 2, transport 0
x3004c0s1b1n0:35430:36373 [1] NCCL INFO Connection to proxy localRank 1 -> connection 0x152590001100
x3004c0s1b1n0:35430:36532 [1] NCCL INFO transport/p2p.cc:449 Cuda Alloc Size 6291456 pointer 0x152582c00000
x3004c0s1b1n0:35436:36372 [2] NCCL INFO Connection to proxy localRank 2 -> connection 0x14fff0001040
x3004c0s1b1n0:35436:36533 [2] NCCL INFO transport/p2p.cc:449 Cuda Alloc Size 6291456 pointer 0x14ffe6600000
x3004c0s1b1n0:35430:36532 [1] NCCL INFO New proxy recv connection 19 from local rank 1, transport 0
x3004c0s1b1n0:35436:36372 [2] NCCL INFO Channel 00/0 : 6[85000] -> 5[46000] via P2P/IPC/read
x3004c0s1b1n0:35436:36533 [2] NCCL INFO New proxy send connection 16 from local rank 2, transport 0
x3004c0s1b1n0:35430:36373 [1] NCCL INFO Connection to proxy localRank 1 -> connection 0x152590001140
x3004c0s1b1n0:35430:36532 [1] NCCL INFO transport/p2p.cc:449 Cuda Alloc Size 6291456 pointer 0x152583200000
x3004c0s1b1n0:35436:36372 [2] NCCL INFO Connection to proxy localRank 2 -> connection 0x14fff0001080
x3004c0s1b1n0:35436:36533 [2] NCCL INFO transport/p2p.cc:430 Cuda Alloc Size 6291456 pointer 0x14ffe6c00000
x3004c0s1b1n0:35436:36372 [2] NCCL INFO Channel 01/0 : 6[85000] -> 5[46000] via P2P/IPC/read
x3004c0s1b1n0:35436:36533 [2] NCCL INFO New proxy send connection 17 from local rank 2, transport 0
x3004c0s1b1n0:35436:36372 [2] NCCL INFO Connection to proxy localRank 2 -> connection 0x14fff00010c0
x3004c0s1b1n0:35426:36524 [0] NCCL INFO transport/net_ib.cc:683 Ib Alloc Size 21688 pointer 0x147bc401b000
x3004c0s1b1n0:35436:36533 [2] NCCL INFO transport/p2p.cc:430 Cuda Alloc Size 6291456 pointer 0x14ffe7200000
x3004c0s1b1n0:35436:36372 [2] NCCL INFO Channel 02/0 : 6[85000] -> 5[46000] via P2P/IPC/read
x3004c0s1b1n0:35436:36533 [2] NCCL INFO New proxy send connection 18 from local rank 2, transport 0
x3004c0s1b1n0:35436:36372 [2] NCCL INFO Connection to proxy localRank 2 -> connection 0x14fff0001100
x3004c0s1b1n0:35436:36533 [2] NCCL INFO transport/p2p.cc:430 Cuda Alloc Size 6291456 pointer 0x14ffe7800000
x3004c0s1b1n0:35436:36372 [2] NCCL INFO Channel 03/0 : 6[85000] -> 5[46000] via P2P/IPC/read
x3004c0s1b1n0:35436:36533 [2] NCCL INFO New proxy send connection 19 from local rank 2, transport 0
x3004c0s1b1n0:35436:36372 [2] NCCL INFO Connection to proxy localRank 2 -> connection 0x14fff0001140
x3004c0s1b1n0:35436:36533 [2] NCCL INFO transport/p2p.cc:430 Cuda Alloc Size 6291456 pointer 0x14ffe4000000
x3004c0s1b1n0:35436:36372 [2] NCCL INFO Connected all trees by HAO
x3004c0s1b1n0:35436:36372 [2] NCCL INFO threadThresholds 8/8/64 | 160/8/64 | 512 | 512
x3004c0s1b1n0:35436:36372 [2] NCCL INFO 4 coll channels, 4 p2p channels, 2 p2p channels per peer
x3004c0s1b1n0:35439:36371 [3] NCCL INFO Connected all trees by HAO
x3004c0s1b1n0:35439:36371 [3] NCCL INFO threadThresholds 8/8/64 | 160/8/64 | 512 | 512
x3004c0s1b1n0:35439:36371 [3] NCCL INFO 4 coll channels, 4 p2p channels, 2 p2p channels per peer
x3004c0s1b1n0:35439:36536 [3] NCCL INFO New proxy send connection 12 from local rank 3, transport 2
x3004c0s1b1n0:35436:36533 [2] NCCL INFO Allocated 4194656 bytes of shared memory in /dev/shm/nccl-fDiojJ

x3004c0s1b1n0:35436:36533 [2] NCCL INFO New proxy send connection 20 from local rank 2, transport 2
x3004c0s1b1n0:35430:36373 [1] NCCL INFO Connected all trees by HAO
x3004c0s1b1n0:35430:36373 [1] NCCL INFO threadThresholds 8/8/64 | 160/8/64 | 512 | 512
x3004c0s1b1n0:35430:36373 [1] NCCL INFO 4 coll channels, 4 p2p channels, 2 p2p channels per peer
x3004c0s1b1n0:35430:36532 [1] NCCL INFO New proxy send connection 20 from local rank 1, transport 2
x3004c0s1b1n0:35439:36371 [3] NCCL INFO Connection to proxy localRank 3 -> connection 0x145a10000f80
x3004c0s1b1n0:35439:36536 [3] NCCL INFO transport/net.cc:376 Cuda Alloc Size 8388608 pointer 0x1459fc600000
x3004c0s1b1n0:35426:36524 [0] NCCL INFO transport/net_ib.cc:696 Ib Alloc Size 552 pointer 0x147bc4022000
x3004c0s1b1n0:35426:36524 [0] NCCL INFO transport/net_ib.cc:771 Ib Alloc Size 552 pointer 0x147bc4049000
x3004c0s1b1n0:35426:36524 [0] NCCL INFO transport/net.cc:698 Cuda Host Alloc Size 9641984 pointer 0x147c19000000
x3004c0s1b1n0:35426:36524 [0] NCCL INFO Mem Realloc old size 0, new size 768 pointer 0x147bc403e1e0
x3004c0s1b1n0:35430:36373 [1] NCCL INFO Connection to proxy localRank 1 -> connection 0x152590001180
x3004c0s1b1n0:35430:36532 [1] NCCL INFO transport/net.cc:376 Cuda Alloc Size 8388608 pointer 0x152581200000
x3004c0s1b1n0:35436:36372 [2] NCCL INFO Connection to proxy localRank 2 -> connection 0x14fff0001180
x3004c0s1b1n0:35436:36533 [2] NCCL INFO transport/net.cc:376 Cuda Alloc Size 8388608 pointer 0x14ffe3800000
x3004c0s1b1n0:35426:36524 [0] NCCL INFO transport/net_ib.cc:683 Ib Alloc Size 21688 pointer 0x147bc404b000
x3004c0s1b1n0:35426:36524 [0] NCCL INFO transport/net_ib.cc:696 Ib Alloc Size 552 pointer 0x147bc4052000
x3004c0s1b1n0:35426:36524 [0] NCCL INFO transport/net_ib.cc:771 Ib Alloc Size 552 pointer 0x147bc4077000
x3004c0s1b1n0:35426:36524 [0] NCCL INFO transport/net.cc:698 Cuda Host Alloc Size 9641984 pointer 0x147c19a00000
x3004c0s1b1n0:35426:36524 [0] NCCL INFO Mem Realloc old size 0, new size 768 pointer 0x147bc406c310
x3004c0s1b1n0:35426:36374 [0] NCCL INFO GPU Direct RDMA Disabled for GPU 7000 / HCA 1 (distance 7 > 4)
x3004c0s1b1n0:35426:36524 [0] NCCL INFO New proxy send connection 14 from local rank 0, transport 2
x3004c0s1b1n0:35426:36374 [0] NCCL INFO Connection to proxy localRank 0 -> connection 0x147bc4001000
x3004c0s1b1n0:35426:36374 [0] NCCL INFO Channel 00/0 : 4[7000] -> 9[46000] [send] via NET/IB/1
x3004c0s1b1n0:35426:36374 [0] NCCL INFO GPU Direct RDMA Disabled for GPU 7000 / HCA 0 (distance 7 > 4)
x3004c0s1b1n0:35426:36524 [0] NCCL INFO New proxy send connection 15 from local rank 0, transport 2
x3004c0s1b1n0:35426:36374 [0] NCCL INFO Connection to proxy localRank 0 -> connection 0x147bc4001040
x3004c0s1b1n0:35426:36374 [0] NCCL INFO Channel 01/0 : 4[7000] -> 9[46000] [send] via NET/IB/0
x3004c0s1b1n0:35426:36524 [0] NCCL INFO transport/net_ib.cc:596 Ib Alloc Size 26560 pointer 0x147bc4083000
x3004c0s1b1n0:35426:36524 [0] NCCL INFO NET/IB: Dev 1 Port 1 qpn 12251 mtu 5 GID 0 (80FE/EF0100FEFF000000)
x3004c0s1b1n0:35426:36524 [0] NCCL INFO transport/net_ib.cc:653 Ib Alloc Size 552 pointer 0x147bc409a000
x3004c0s1b1n0:35426:36524 [0] NCCL INFO transport/net.cc:571 Cuda Host Alloc Size 9641984 pointer 0x147c1a400000
x3004c0s1b1n0:35426:36524 [0] NCCL INFO transport/net_ib.cc:596 Ib Alloc Size 26560 pointer 0x147bc409c000
x3004c0s1b1n0:35426:36524 [0] NCCL INFO NET/IB: Dev 0 Port 1 qpn 12194 mtu 5 GID 0 (80FE/AA0100FEFF000000)
x3004c0s1b1n0:35426:36524 [0] NCCL INFO transport/net_ib.cc:653 Ib Alloc Size 552 pointer 0x147bc40b3000
x3004c0s1b1n0:35426:36524 [0] NCCL INFO transport/net.cc:571 Cuda Host Alloc Size 9641984 pointer 0x147c1ae00000
x3004c0s1b1n0:35426:36374 [0] NCCL INFO GPU Direct RDMA Disabled for GPU 7000 / HCA 1 (distance 7 > 4)
x3004c0s1b1n0:35426:36524 [0] NCCL INFO New proxy recv connection 16 from local rank 0, transport 2
x3004c0s1b1n0:35426:36374 [0] NCCL INFO Connection to proxy localRank 0 -> connection 0x147bc4001080
x3004c0s1b1n0:35426:36374 [0] NCCL INFO Channel 00/0 : 9[46000] -> 4[7000] [receive] via NET/IB/1
x3004c0s1b1n0:35426:36374 [0] NCCL INFO GPU Direct RDMA Disabled for GPU 7000 / HCA 0 (distance 7 > 4)
x3004c0s1b1n0:35426:36524 [0] NCCL INFO New proxy recv connection 17 from local rank 0, transport 2
x3004c0s1b1n0:35426:36374 [0] NCCL INFO Connection to proxy localRank 0 -> connection 0x147bc40010c0
x3004c0s1b1n0:35426:36374 [0] NCCL INFO Channel 01/0 : 9[46000] -> 4[7000] [receive] via NET/IB/0
x3004c0s1b1n0:35426:36524 [0] NCCL INFO transport/net_ib.cc:683 Ib Alloc Size 21688 pointer 0x147bc40bf000
x3004c0s1b1n0:35426:36524 [0] NCCL INFO transport/net_ib.cc:696 Ib Alloc Size 552 pointer 0x147bc40c6000
x3004c0s1b1n0:35426:36524 [0] NCCL INFO transport/net_ib.cc:771 Ib Alloc Size 552 pointer 0x147bc40e1000
x3004c0s1b1n0:35426:36524 [0] NCCL INFO transport/net.cc:698 Cuda Host Alloc Size 9641984 pointer 0x147c1b800000
x3004c0s1b1n0:35426:36524 [0] NCCL INFO transport/net_ib.cc:683 Ib Alloc Size 21688 pointer 0x147bc40e3000
x3004c0s1b1n0:35426:36524 [0] NCCL INFO transport/net_ib.cc:696 Ib Alloc Size 552 pointer 0x147bc40ea000
x3004c0s1b1n0:35426:36524 [0] NCCL INFO transport/net_ib.cc:771 Ib Alloc Size 552 pointer 0x147bc4105000
x3004c0s1b1n0:35426:36524 [0] NCCL INFO transport/net.cc:698 Cuda Host Alloc Size 9641984 pointer 0x147c1c200000
x3004c0s1b1n0:35426:36374 [0] NCCL INFO GPU Direct RDMA Disabled for GPU 7000 / HCA 1 (distance 7 > 4)
x3004c0s1b1n0:35426:36524 [0] NCCL INFO New proxy send connection 18 from local rank 0, transport 2
x3004c0s1b1n0:35426:36374 [0] NCCL INFO Connection to proxy localRank 0 -> connection 0x147bc4001100
x3004c0s1b1n0:35426:36374 [0] NCCL INFO Channel 02/0 : 4[7000] -> 0[7000] [send] via NET/IB/1
x3004c0s1b1n0:35426:36374 [0] NCCL INFO GPU Direct RDMA Disabled for GPU 7000 / HCA 0 (distance 7 > 4)
x3004c0s1b1n0:35426:36524 [0] NCCL INFO New proxy send connection 19 from local rank 0, transport 2
x3004c0s1b1n0:35426:36374 [0] NCCL INFO Connection to proxy localRank 0 -> connection 0x147bc4001140
x3004c0s1b1n0:35426:36374 [0] NCCL INFO Channel 03/0 : 4[7000] -> 0[7000] [send] via NET/IB/0
x3004c0s1b1n0:35426:36524 [0] NCCL INFO transport/net_ib.cc:596 Ib Alloc Size 26560 pointer 0x147bc4111000
x3004c0s1b1n0:35426:36524 [0] NCCL INFO NET/IB: Dev 1 Port 1 qpn 12254 mtu 5 GID 0 (80FE/EF0100FEFF000000)
x3004c0s1b1n0:35426:36524 [0] NCCL INFO transport/net_ib.cc:653 Ib Alloc Size 552 pointer 0x147bc4128000
x3004c0s1b1n0:35426:36524 [0] NCCL INFO transport/net.cc:571 Cuda Host Alloc Size 9641984 pointer 0x147c1cc00000
x3004c0s1b1n0:35426:36524 [0] NCCL INFO transport/net_ib.cc:596 Ib Alloc Size 26560 pointer 0x147bc412a000
x3004c0s1b1n0:35426:36524 [0] NCCL INFO NET/IB: Dev 0 Port 1 qpn 12197 mtu 5 GID 0 (80FE/AA0100FEFF000000)
x3004c0s1b1n0:35426:36524 [0] NCCL INFO transport/net_ib.cc:653 Ib Alloc Size 552 pointer 0x147bc4141000
x3004c0s1b1n0:35426:36524 [0] NCCL INFO transport/net.cc:571 Cuda Host Alloc Size 9641984 pointer 0x147c1d600000
x3004c0s1b1n0:35426:36374 [0] NCCL INFO Connected all trees by HAO
x3004c0s1b1n0:35426:36374 [0] NCCL INFO threadThresholds 8/8/64 | 160/8/64 | 512 | 512
x3004c0s1b1n0:35426:36374 [0] NCCL INFO 4 coll channels, 4 p2p channels, 2 p2p channels per peer
x3004c0s1b1n0:35426:36524 [0] NCCL INFO New proxy send connection 20 from local rank 0, transport 2
x3004c0s1b1n0:35426:36374 [0] NCCL INFO Connection to proxy localRank 0 -> connection 0x147bc4001180
x3004c0s1b1n0:35426:36374 [0] NCCL INFO init.cc:367 Cuda Alloc Size 5168 pointer 0x147c0fe08800
x3004c0s1b1n0:35436:36372 [2] NCCL INFO init.cc:367 Cuda Alloc Size 5168 pointer 0x14ffff808800
x3004c0s1b1n0:35430:36373 [1] NCCL INFO init.cc:367 Cuda Alloc Size 5168 pointer 0x15259f808800
x3004c0s1b1n0:35439:36371 [3] NCCL INFO init.cc:367 Cuda Alloc Size 5168 pointer 0x145a15808800
x3004c0s1b1n0:35439:36371 [3] NCCL INFO init.cc:392 Cuda Host Alloc Size 33554432 pointer 0x1459fa000000
x3004c0s1b1n0:35439:36371 [3] NCCL INFO init.cc:398 Cuda Host Alloc Size 128 pointer 0x145a14e00200
x3004c0s1b1n0:35439:36371 [3] NCCL INFO comm 0x55e73da9f850 rank 7 nranks 20 cudaDev 3 busId c7000 - Init COMPLETE
x3004c0s1b1n0:35436:36372 [2] NCCL INFO init.cc:392 Cuda Host Alloc Size 33554432 pointer 0x14ffda000000
x3004c0s1b1n0:35436:36372 [2] NCCL INFO init.cc:398 Cuda Host Alloc Size 128 pointer 0x14fffee00200
x3004c0s1b1n0:35436:36372 [2] NCCL INFO comm 0x56287e634460 rank 6 nranks 20 cudaDev 2 busId 85000 - Init COMPLETE
x3004c0s1b1n0:35430:36373 [1] NCCL INFO init.cc:392 Cuda Host Alloc Size 33554432 pointer 0x15257e000000
x3004c0s1b1n0:35430:36373 [1] NCCL INFO init.cc:398 Cuda Host Alloc Size 128 pointer 0x15259ee00200
x3004c0s1b1n0:35430:36373 [1] NCCL INFO comm 0x55ffd2f0f4f0 rank 5 nranks 20 cudaDev 1 busId 46000 - Init COMPLETE
x3004c0s1b1n0:35426:36374 [0] NCCL INFO init.cc:392 Cuda Host Alloc Size 33554432 pointer 0x147c1e000000
x3004c0s1b1n0:35426:36374 [0] NCCL INFO init.cc:398 Cuda Host Alloc Size 128 pointer 0x147c0f400200
x3004c0s1b1n0:35426:36374 [0] NCCL INFO comm 0x557192fd43b0 rank 4 nranks 20 cudaDev 0 busId 7000 - Init COMPLETE
x3004c0s1b1n0:35426:36524 [0] NCCL INFO transport/net.cc:376 Cuda Alloc Size 8388608 pointer 0x147c20000000
x3004c0s1b1n0:35439:35439 [3] NCCL INFO AllReduce: opCount 0 sendbuff 0x145a53600200 recvbuff 0x145a53600200 count 1 datatype 1 op 0 root 0 comm 0x55e73da9f850 [nranks=20] stream 0x55e75a9a36f0
x3004c0s1b1n0:35439:35439 [3] NCCL INFO misc/utils.cc:235 memory stack hunk malloc(65536)
[LYD INFO in ncclLaunchKernel (enqueue.cc)] NCHANNELS is: 4x3004c0s1b1n0:35426:35426 [0] NCCL INFO AllReduce: opCount 0 sendbuff 0x147c0b800200 recvbuff 0x147c0b800200 count 1 datatype 1 op 0 root 0 comm 0x557192fd43b0 [nranks=20] stream 0x5571ab383460
x3004c0s1b1n0:35426:35426 [0] NCCL INFO misc/utils.cc:235 memory stack hunk malloc(65536)
[LYD INFO in ncclLaunchKernel (enqueue.cc)] NCHANNELS is: 4x3004c0s1b1n0:35430:35430 [1] NCCL INFO AllReduce: opCount 0 sendbuff 0x1525df600200 recvbuff 0x1525df600200 count 1 datatype 1 op 0 root 0 comm 0x55ffd2f0f4f0 [nranks=20] stream 0x55ffed7607e0
x3004c0s1b1n0:35430:35430 [1] NCCL INFO misc/utils.cc:235 memory stack hunk malloc(65536)
[LYD INFO in ncclLaunchKernel (enqueue.cc)] NCHANNELS is: 4x3004c0s1b1n0:35436:35436 [2] NCCL INFO AllReduce: opCount 0 sendbuff 0x15003f600200 recvbuff 0x15003f600200 count 1 datatype 1 op 0 root 0 comm 0x56287e634460 [nranks=20] stream 0x56289c774160
x3004c0s1b1n0:35436:35436 [2] NCCL INFO misc/utils.cc:235 memory stack hunk malloc(65536)
[LYD INFO in ncclLaunchKernel (enqueue.cc)] NCHANNELS is: 4
[LYD INFO in NCCL_KERN_NAME (common.h)] 5 AllReduce TREE LL Sum uint8_t Elapsed time: 1203878 us

[LYD INFO in NCCL_KERN_NAME (common.h)] 4 AllReduce TREE LL Sum uint8_t Elapsed time: 1217139 us

[LYD INFO in NCCL_KERN_NAME (common.h)] 6 AllReduce TREE LL Sum uint8_t Elapsed time: 1186459 us

[LYD INFO in NCCL_KERN_NAME (common.h)] 7 AllReduce TREE LL Sum uint8_t Elapsed time: 1238034 us
x3004c0s1b1n0:35436:35436 [2] NCCL INFO AllReduce: opCount 1 sendbuff 0x15003f600000 recvbuff 0x15003f600000 count 1 datatype 1 op 0 root 0 comm 0x56287e634460 [nranks=20] stream 0x56289c774160
[LYD INFO in ncclLaunchKernel (enqueue.cc)] NCHANNELS is: 4x3004c0s1b1n0:35426:35426 [0] NCCL INFO AllReduce: opCount 1 sendbuff 0x147c0b800000 recvbuff 0x147c0b800000 count 1 datatype 1 op 0 root 0 comm 0x557192fd43b0 [nranks=20] stream 0x5571ab383460
[LYD INFO in ncclLaunchKernel (enqueue.cc)] NCHANNELS is: 4x3004c0s1b1n0:35430:35430 [1] NCCL INFO AllReduce: opCount 1 sendbuff 0x1525df600000 recvbuff 0x1525df600000 count 1 datatype 1 op 0 root 0 comm 0x55ffd2f0f4f0 [nranks=20] stream 0x55ffed7607e0
[LYD INFO in ncclLaunchKernel (enqueue.cc)] NCHANNELS is: 4x3004c0s1b1n0:35439:35439 [3] NCCL INFO AllReduce: opCount 1 sendbuff 0x145a53600000 recvbuff 0x145a53600000 count 1 datatype 1 op 0 root 0 comm 0x55e73da9f850 [nranks=20] stream 0x55e75a9a36f0
[LYD INFO in ncclLaunchKernel (enqueue.cc)] NCHANNELS is: 4
[LYD INFO in NCCL_KERN_NAME (common.h)] 4 AllReduce TREE LL Sum uint8_t Elapsed time: 8374056 us

[LYD INFO in NCCL_KERN_NAME (common.h)] 5 AllReduce TREE LL Sum uint8_t Elapsed time: 5845705 us

[LYD INFO in NCCL_KERN_NAME (common.h)] 6 AllReduce TREE LL Sum uint8_t Elapsed time: 10455889 us

[LYD INFO in NCCL_KERN_NAME (common.h)] 7 AllReduce TREE LL Sum uint8_t Elapsed time: 943499 us
x3004c0s1b1n0:35436:35436 [2] NCCL INFO AllReduce: opCount 2 sendbuff 0x15003f600000 recvbuff 0x15003f600000 count 1 datatype 8 op 3 root 0 comm 0x56287e634460 [nranks=20] stream 0x56289c774160
[LYD INFO in ncclLaunchKernel (enqueue.cc)] NCHANNELS is: 4x3004c0s1b1n0:35430:35430 [1] NCCL INFO AllReduce: opCount 2 sendbuff 0x1525df600000 recvbuff 0x1525df600000 count 1 datatype 8 op 3 root 0 comm 0x55ffd2f0f4f0 [nranks=20] stream 0x55ffed7607e0
[LYD INFO in ncclLaunchKernel (enqueue.cc)] NCHANNELS is: 4x3004c0s1b1n0:35426:35426 [0] NCCL INFO AllReduce: opCount 2 sendbuff 0x147c0b800000 recvbuff 0x147c0b800000 count 1 datatype 8 op 3 root 0 comm 0x557192fd43b0 [nranks=20] stream 0x5571ab383460
[LYD INFO in ncclLaunchKernel (enqueue.cc)] NCHANNELS is: 4x3004c0s1b1n0:35439:35439 [3] NCCL INFO AllReduce: opCount 2 sendbuff 0x145a53600000 recvbuff 0x145a53600000 count 1 datatype 8 op 3 root 0 comm 0x55e73da9f850 [nranks=20] stream 0x55e75a9a36f0
[LYD INFO in ncclLaunchKernel (enqueue.cc)] NCHANNELS is: 4
[LYD INFO in NCCL_FUNC_NAME (common.h)] 4 AllReduce TREE LL Min double Elapsed time: 16192 us

[LYD INFO in NCCL_FUNC_NAME (common.h)] 5 AllReduce TREE LL Min double Elapsed time: 32869 us

[LYD INFO in NCCL_FUNC_NAME (common.h)] 6 AllReduce TREE LL Min double Elapsed time: 37290 us

[LYD INFO in NCCL_FUNC_NAME (common.h)] 7 AllReduce TREE LL Min double Elapsed time: 4 us

[LYD INFO in NCCL_KERN_NAME (common.h)] 6 AllReduce TREE LL Sum double Elapsed time: 87190 us
x3004c0s1b1n0:35436:35436 [2] NCCL INFO AllReduce: opCount 3 sendbuff 0x15003f600200 recvbuff 0x15003f600200 count 1 datatype 1 op 0 root 0 comm 0x56287e634460 [nranks=20] stream 0x56289c774160
[LYD INFO in ncclLaunchKernel (enqueue.cc)] NCHANNELS is: 4
[LYD INFO in NCCL_KERN_NAME (common.h)] 7 AllReduce TREE LL Sum double Elapsed time: 38781 us
x3004c0s1b1n0:35439:35439 [3] NCCL INFO AllReduce: opCount 3 sendbuff 0x145a53600200 recvbuff 0x145a53600200 count 1 datatype 1 op 0 root 0 comm 0x55e73da9f850 [nranks=20] stream 0x55e75a9a36f0
[LYD INFO in ncclLaunchKernel (enqueue.cc)] NCHANNELS is: 4
[LYD INFO in NCCL_KERN_NAME (common.h)] 4 AllReduce TREE LL Sum double Elapsed time: 54867 us
x3004c0s1b1n0:35426:35426 [0] NCCL INFO AllReduce: opCount 3 sendbuff 0x147c0b800200 recvbuff 0x147c0b800200 count 1 datatype 1 op 0 root 0 comm 0x557192fd43b0 [nranks=20] stream 0x5571ab383460
[LYD INFO in ncclLaunchKernel (enqueue.cc)] NCHANNELS is: 4
[LYD INFO in NCCL_KERN_NAME (common.h)] 5 AllReduce TREE LL Sum double Elapsed time: 82788 us
x3004c0s1b1n0:35430:35430 [1] NCCL INFO AllReduce: opCount 3 sendbuff 0x1525df600200 recvbuff 0x1525df600200 count 1 datatype 1 op 0 root 0 comm 0x55ffd2f0f4f0 [nranks=20] stream 0x55ffed7607e0
[LYD INFO in ncclLaunchKernel (enqueue.cc)] NCHANNELS is: 4
[LYD INFO in NCCL_KERN_NAME (common.h)] 4 AllReduce TREE LL Sum uint8_t Elapsed time: 35130 us

[LYD INFO in NCCL_KERN_NAME (common.h)] 7 AllReduce TREE LL Sum uint8_t Elapsed time: 48517 us

[LYD INFO in NCCL_KERN_NAME (common.h)] 5 AllReduce TREE LL Sum uint8_t Elapsed time: 32419 us

[LYD INFO in NCCL_KERN_NAME (common.h)] 6 AllReduce TREE LL Sum uint8_t Elapsed time: 65571 us
 > number of parameters on (tensor, pipeline) model parallel rank (0, 7): 39354880
 > number of parameters on (tensor, pipeline) model parallel rank (0, 5): 39354880
 > number of parameters on (tensor, pipeline) model parallel rank (0, 4): 39354880
 > number of parameters on (tensor, pipeline) model parallel rank (0, 6): 39354880
x3004c0s1b1n0:35439:35439 [3] NCCL INFO AllReduce: opCount 4 sendbuff 0x145a53600400 recvbuff 0x145a53600400 count 1 datatype 1 op 0 root 0 comm 0x55e73da9f850 [nranks=20] stream 0x55e75a9a36f0
[LYD INFO in ncclLaunchKernel (enqueue.cc)] NCHANNELS is: 4x3004c0s1b1n0:35430:35430 [1] NCCL INFO AllReduce: opCount 4 sendbuff 0x1525df600400 recvbuff 0x1525df600400 count 1 datatype 1 op 0 root 0 comm 0x55ffd2f0f4f0 [nranks=20] stream 0x55ffed7607e0
[LYD INFO in ncclLaunchKernel (enqueue.cc)] NCHANNELS is: 4x3004c0s1b1n0:35426:35426 [0] NCCL INFO AllReduce: opCount 4 sendbuff 0x147c0b800400 recvbuff 0x147c0b800400 count 1 datatype 1 op 0 root 0 comm 0x557192fd43b0 [nranks=20] stream 0x5571ab383460
[LYD INFO in ncclLaunchKernel (enqueue.cc)] NCHANNELS is: 4x3004c0s1b1n0:35436:35436 [2] NCCL INFO AllReduce: opCount 4 sendbuff 0x15003f600400 recvbuff 0x15003f600400 count 1 datatype 1 op 0 root 0 comm 0x56287e634460 [nranks=20] stream 0x56289c774160
[LYD INFO in ncclLaunchKernel (enqueue.cc)] NCHANNELS is: 4
[LYD INFO in NCCL_KERN_NAME (common.h)] 5 AllReduce TREE LL Sum uint8_t Elapsed time: 1524542 us
x3004c0s1b1n0:35430:35430 [1] NCCL INFO AllReduce: opCount 5 sendbuff 0x1525df615200 recvbuff 0x1525df615200 count 1 datatype 1 op 0 root 0 comm 0x55ffd2f0f4f0 [nranks=20] stream 0x55ffed7607e0
[LYD INFO in ncclLaunchKernel (enqueue.cc)] NCHANNELS is: 4
[LYD INFO in NCCL_KERN_NAME (common.h)] 7 AllReduce TREE LL Sum uint8_t Elapsed time: 1540469 us
x3004c0s1b1n0:35439:35439 [3] NCCL INFO AllReduce: opCount 5 sendbuff 0x145a53615200 recvbuff 0x145a53615200 count 1 datatype 1 op 0 root 0 comm 0x55e73da9f850 [nranks=20] stream 0x55e75a9a36f0
[LYD INFO in ncclLaunchKernel (enqueue.cc)] NCHANNELS is: 4
[LYD INFO in NCCL_KERN_NAME (common.h)] 4 AllReduce TREE LL Sum uint8_t Elapsed time: 1508013 us
x3004c0s1b1n0:35426:35426 [0] NCCL INFO AllReduce: opCount 5 sendbuff 0x147c0b815200 recvbuff 0x147c0b815200 count 1 datatype 1 op 0 root 0 comm 0x557192fd43b0 [nranks=20] stream 0x5571ab383460
[LYD INFO in ncclLaunchKernel (enqueue.cc)] NCHANNELS is: 4
[LYD INFO in NCCL_KERN_NAME (common.h)] 6 AllReduce TREE LL Sum uint8_t Elapsed time: 1512362 us
x3004c0s1b1n0:35436:35436 [2] NCCL INFO AllReduce: opCount 5 sendbuff 0x15003f615200 recvbuff 0x15003f615200 count 1 datatype 1 op 0 root 0 comm 0x56287e634460 [nranks=20] stream 0x56289c774160
[LYD INFO in ncclLaunchKernel (enqueue.cc)] NCHANNELS is: 4
[LYD INFO in NCCL_KERN_NAME (common.h)] 4 AllReduce TREE LL Sum uint8_t Elapsed time: 82326 us
x3004c0s1b1n0:35426:35426 [0] NCCL INFO AllReduce: opCount 6 sendbuff 0x147c0b800400 recvbuff 0x147c0b800400 count 1 datatype 1 op 0 root 0 comm 0x557192fd43b0 [nranks=20] stream 0x5571ab383460
[LYD INFO in ncclLaunchKernel (enqueue.cc)] NCHANNELS is: 4
[LYD INFO in NCCL_KERN_NAME (common.h)] 6 AllReduce TREE LL Sum uint8_t Elapsed time: 63090 us
x3004c0s1b1n0:35436:35436 [2] NCCL INFO AllReduce: opCount 6 sendbuff 0x15003f600400 recvbuff 0x15003f600400 count 1 datatype 1 op 0 root 0 comm 0x56287e634460 [nranks=20] stream 0x56289c774160
[LYD INFO in ncclLaunchKernel (enqueue.cc)] NCHANNELS is: 4
[LYD INFO in NCCL_KERN_NAME (common.h)] 7 AllReduce TREE LL Sum uint8_t Elapsed time: 91292 us
x3004c0s1b1n0:35439:35439 [3] NCCL INFO AllReduce: opCount 6 sendbuff 0x145a53600400 recvbuff 0x145a53600400 count 1 datatype 1 op 0 root 0 comm 0x55e73da9f850 [nranks=20] stream 0x55e75a9a36f0
[LYD INFO in ncclLaunchKernel (enqueue.cc)] NCHANNELS is: 4
[LYD INFO in NCCL_KERN_NAME (common.h)] 5 AllReduce TREE LL Sum uint8_t Elapsed time: 99476 us
x3004c0s1b1n0:35430:35430 [1] NCCL INFO AllReduce: opCount 6 sendbuff 0x1525df600400 recvbuff 0x1525df600400 count 1 datatype 1 op 0 root 0 comm 0x55ffd2f0f4f0 [nranks=20] stream 0x55ffed7607e0
[LYD INFO in ncclLaunchKernel (enqueue.cc)] NCHANNELS is: 4
[LYD INFO in NCCL_KERN_NAME (common.h)] 6 AllReduce TREE LL Sum uint8_t Elapsed time: 125789 us

[LYD INFO in NCCL_KERN_NAME (common.h)] 5 AllReduce TREE LL Sum uint8_t Elapsed time: 108344 us

[LYD INFO in NCCL_KERN_NAME (common.h)] 7 AllReduce TREE LL Sum uint8_t Elapsed time: 112220 us

[LYD INFO in NCCL_KERN_NAME (common.h)] 4 AllReduce TREE LL Sum uint8_t Elapsed time: 148437 us
NCCL version 2.14.3+cuda11.8
x3004c0s1b1n0:35436:35436 [2] NCCL INFO init.cc:1147 Cuda Host Alloc Size 4 pointer 0x14fffee00400
NCCL version 2.14.3+cuda11.8
x3004c0s1b1n0:35430:35430 [1] NCCL INFO init.cc:1147 Cuda Host Alloc Size 4 pointer 0x15259ee00400
NCCL version 2.14.3+cuda11.8
x3004c0s1b1n0:35439:35439 [3] NCCL INFO init.cc:1147 Cuda Host Alloc Size 4 pointer 0x145a14e00400
NCCL version 2.14.3+cuda11.8
x3004c0s1b1n0:35426:35426 [0] NCCL INFO init.cc:1147 Cuda Host Alloc Size 4 pointer 0x147c0f400400
x3004c0s1b1n0:35430:39724 [1] NCCL INFO Using network IB
x3004c0s1b1n0:35439:39726 [3] NCCL INFO Using network IB
x3004c0s1b1n0:35436:39722 [2] NCCL INFO Using network IB
x3004c0s1b1n0:35426:39728 [0] NCCL INFO Using network IB
x3004c0s1b1n0:35439:39726 [3] NCCL INFO NET/IB : GPU Direct RDMA Enabled for HCA 0 'mlx5_0'
x3004c0s1b1n0:35439:39726 [3] NCCL INFO NET/IB : GPU Direct RDMA Enabled for HCA 1 'mlx5_1'
x3004c0s1b1n0:35439:39726 [3] NCCL INFO GPU Direct RDMA Disabled for GPU c7000 / HCA 0 (distance 6 > 4)
x3004c0s1b1n0:35439:39726 [3] NCCL INFO GPU Direct RDMA Disabled for GPU c7000 / HCA 1 (distance 7 > 4)
x3004c0s1b1n0:35439:39726 [3] NCCL INFO === System : maxBw 5000.0 totalBw 0.0 ===
x3004c0s1b1n0:35439:39726 [3] NCCL INFO CPU/0 (1/2/-1)
x3004c0s1b1n0:35439:39726 [3] NCCL INFO + SYS[5000.0] - CPU/2
x3004c0s1b1n0:35439:39726 [3] NCCL INFO + PCI[24.0] - PCI/C5000 (11f8406811f8beef)
x3004c0s1b1n0:35439:39726 [3] NCCL INFO               + PCI[24.0] - GPU/C7000 (0)
x3004c0s1b1n0:35439:39726 [3] NCCL INFO + PCI[12.0] - NIC/C8000
x3004c0s1b1n0:35439:39726 [3] NCCL INFO CPU/2 (1/2/-1)
x3004c0s1b1n0:35439:39726 [3] NCCL INFO + SYS[5000.0] - CPU/0
x3004c0s1b1n0:35439:39726 [3] NCCL INFO + PCI[12.0] - NIC/43000
x3004c0s1b1n0:35439:39726 [3] NCCL INFO ==========================================
x3004c0s1b1n0:35439:39726 [3] NCCL INFO GPU/C7000 :GPU/C7000 (0/5000.000000/LOC) CPU/0 (2/24.000000/PHB) CPU/2 (3/24.000000/SYS) 
x3004c0s1b1n0:35439:39726 [3] NCCL INFO Setting affinity for GPU 3 to 01
x3004c0s1b1n0:35439:39726 [3] NCCL INFO Pattern 4, crossNic 0, nChannels 16, bw 44.000000/44.000000, type LOC/PIX, sameChannels 1
x3004c0s1b1n0:35439:39726 [3] NCCL INFO  0 : GPU/0
x3004c0s1b1n0:35439:39726 [3] NCCL INFO  1 : GPU/0
x3004c0s1b1n0:35439:39726 [3] NCCL INFO  2 : GPU/0
x3004c0s1b1n0:35439:39726 [3] NCCL INFO  3 : GPU/0
x3004c0s1b1n0:35439:39726 [3] NCCL INFO  4 : GPU/0
x3004c0s1b1n0:35439:39726 [3] NCCL INFO  5 : GPU/0
x3004c0s1b1n0:35439:39726 [3] NCCL INFO  6 : GPU/0
x3004c0s1b1n0:35439:39726 [3] NCCL INFO  7 : GPU/0
x3004c0s1b1n0:35439:39726 [3] NCCL INFO  8 : GPU/0
x3004c0s1b1n0:35439:39726 [3] NCCL INFO  9 : GPU/0
x3004c0s1b1n0:35439:39726 [3] NCCL INFO 10 : GPU/0
x3004c0s1b1n0:35439:39726 [3] NCCL INFO 11 : GPU/0
x3004c0s1b1n0:35439:39726 [3] NCCL INFO 12 : GPU/0
x3004c0s1b1n0:35439:39726 [3] NCCL INFO 13 : GPU/0
x3004c0s1b1n0:35439:39726 [3] NCCL INFO 14 : GPU/0
x3004c0s1b1n0:35439:39726 [3] NCCL INFO 15 : GPU/0
x3004c0s1b1n0:35439:39726 [3] NCCL INFO Pattern 3, crossNic 0, nChannels 16, bw 44.000000/44.000000, type LOC/PIX, sameChannels 1
x3004c0s1b1n0:35439:39726 [3] NCCL INFO  0 : GPU/0
x3004c0s1b1n0:35439:39726 [3] NCCL INFO  1 : GPU/0
x3004c0s1b1n0:35439:39726 [3] NCCL INFO  2 : GPU/0
x3004c0s1b1n0:35439:39726 [3] NCCL INFO  3 : GPU/0
x3004c0s1b1n0:35439:39726 [3] NCCL INFO  4 : GPU/0
x3004c0s1b1n0:35439:39726 [3] NCCL INFO  5 : GPU/0
x3004c0s1b1n0:35439:39726 [3] NCCL INFO  6 : GPU/0
x3004c0s1b1n0:35439:39726 [3] NCCL INFO  7 : GPU/0
x3004c0s1b1n0:35439:39726 [3] NCCL INFO  8 : GPU/0
x3004c0s1b1n0:35439:39726 [3] NCCL INFO  9 : GPU/0
x3004c0s1b1n0:35439:39726 [3] NCCL INFO 10 : GPU/0
x3004c0s1b1n0:35439:39726 [3] NCCL INFO 11 : GPU/0
x3004c0s1b1n0:35439:39726 [3] NCCL INFO 12 : GPU/0
x3004c0s1b1n0:35439:39726 [3] NCCL INFO 13 : GPU/0
x3004c0s1b1n0:35439:39726 [3] NCCL INFO 14 : GPU/0
x3004c0s1b1n0:35439:39726 [3] NCCL INFO 15 : GPU/0
x3004c0s1b1n0:35439:39726 [3] NCCL INFO Pattern 3, crossNic 0, nChannels 16, bw 44.000000/44.000000, type LOC/PIX, sameChannels 1
x3004c0s1b1n0:35439:39726 [3] NCCL INFO  0 : GPU/0
x3004c0s1b1n0:35439:39726 [3] NCCL INFO  1 : GPU/0
x3004c0s1b1n0:35439:39726 [3] NCCL INFO  2 : GPU/0
x3004c0s1b1n0:35439:39726 [3] NCCL INFO  3 : GPU/0
x3004c0s1b1n0:35439:39726 [3] NCCL INFO  4 : GPU/0
x3004c0s1b1n0:35439:39726 [3] NCCL INFO  5 : GPU/0
x3004c0s1b1n0:35439:39726 [3] NCCL INFO  6 : GPU/0
x3004c0s1b1n0:35439:39726 [3] NCCL INFO  7 : GPU/0
x3004c0s1b1n0:35439:39726 [3] NCCL INFO  8 : GPU/0
x3004c0s1b1n0:35439:39726 [3] NCCL INFO  9 : GPU/0
x3004c0s1b1n0:35439:39726 [3] NCCL INFO 10 : GPU/0
x3004c0s1b1n0:35439:39726 [3] NCCL INFO 11 : GPU/0
x3004c0s1b1n0:35439:39726 [3] NCCL INFO 12 : GPU/0
x3004c0s1b1n0:35439:39726 [3] NCCL INFO 13 : GPU/0
x3004c0s1b1n0:35439:39726 [3] NCCL INFO 14 : GPU/0
x3004c0s1b1n0:35439:39726 [3] NCCL INFO 15 : GPU/0
x3004c0s1b1n0:35439:39726 [3] NCCL INFO Tree 0 : -1 -> 0 -> -1/-1/-1
x3004c0s1b1n0:35439:39726 [3] NCCL INFO Tree 16 : -1 -> 0 -> -1/-1/-1
x3004c0s1b1n0:35439:39726 [3] NCCL INFO Tree 1 : -1 -> 0 -> -1/-1/-1
x3004c0s1b1n0:35439:39726 [3] NCCL INFO Tree 17 : -1 -> 0 -> -1/-1/-1
x3004c0s1b1n0:35439:39726 [3] NCCL INFO Tree 2 : -1 -> 0 -> -1/-1/-1
x3004c0s1b1n0:35439:39726 [3] NCCL INFO Tree 18 : -1 -> 0 -> -1/-1/-1
x3004c0s1b1n0:35439:39726 [3] NCCL INFO Tree 3 : -1 -> 0 -> -1/-1/-1
x3004c0s1b1n0:35439:39726 [3] NCCL INFO Tree 19 : -1 -> 0 -> -1/-1/-1
x3004c0s1b1n0:35439:39726 [3] NCCL INFO Tree 4 : -1 -> 0 -> -1/-1/-1
x3004c0s1b1n0:35439:39726 [3] NCCL INFO Tree 20 : -1 -> 0 -> -1/-1/-1
x3004c0s1b1n0:35439:39726 [3] NCCL INFO Tree 5 : -1 -> 0 -> -1/-1/-1
x3004c0s1b1n0:35439:39726 [3] NCCL INFO Tree 21 : -1 -> 0 -> -1/-1/-1
x3004c0s1b1n0:35439:39726 [3] NCCL INFO Tree 6 : -1 -> 0 -> -1/-1/-1
x3004c0s1b1n0:35439:39726 [3] NCCL INFO Tree 22 : -1 -> 0 -> -1/-1/-1
x3004c0s1b1n0:35439:39726 [3] NCCL INFO Tree 7 : -1 -> 0 -> -1/-1/-1
x3004c0s1b1n0:35439:39726 [3] NCCL INFO Tree 23 : -1 -> 0 -> -1/-1/-1
x3004c0s1b1n0:35439:39726 [3] NCCL INFO Tree 8 : -1 -> 0 -> -1/-1/-1
x3004c0s1b1n0:35439:39726 [3] NCCL INFO Tree 24 : -1 -> 0 -> -1/-1/-1
x3004c0s1b1n0:35439:39726 [3] NCCL INFO Tree 9 : -1 -> 0 -> -1/-1/-1
x3004c0s1b1n0:35439:39726 [3] NCCL INFO Tree 25 : -1 -> 0 -> -1/-1/-1
x3004c0s1b1n0:35439:39726 [3] NCCL INFO Tree 10 : -1 -> 0 -> -1/-1/-1
x3004c0s1b1n0:35439:39726 [3] NCCL INFO Tree 26 : -1 -> 0 -> -1/-1/-1
x3004c0s1b1n0:35439:39726 [3] NCCL INFO Tree 11 : -1 -> 0 -> -1/-1/-1
x3004c0s1b1n0:35439:39726 [3] NCCL INFO Tree 27 : -1 -> 0 -> -1/-1/-1
x3004c0s1b1n0:35439:39726 [3] NCCL INFO Tree 12 : -1 -> 0 -> -1/-1/-1
x3004c0s1b1n0:35439:39726 [3] NCCL INFO Tree 28 : -1 -> 0 -> -1/-1/-1
x3004c0s1b1n0:35439:39726 [3] NCCL INFO Tree 13 : -1 -> 0 -> -1/-1/-1
x3004c0s1b1n0:35439:39726 [3] NCCL INFO Tree 29 : -1 -> 0 -> -1/-1/-1
x3004c0s1b1n0:35439:39726 [3] NCCL INFO Tree 14 : -1 -> 0 -> -1/-1/-1
x3004c0s1b1n0:35439:39726 [3] NCCL INFO Tree 30 : -1 -> 0 -> -1/-1/-1
x3004c0s1b1n0:35439:39726 [3] NCCL INFO Tree 15 : -1 -> 0 -> -1/-1/-1
x3004c0s1b1n0:35439:39726 [3] NCCL INFO Tree 31 : -1 -> 0 -> -1/-1/-1
x3004c0s1b1n0:35439:39726 [3] NCCL INFO Channel 00/32 :    0
x3004c0s1b1n0:35439:39726 [3] NCCL INFO Channel 01/32 :    0
x3004c0s1b1n0:35439:39726 [3] NCCL INFO Channel 02/32 :    0
x3004c0s1b1n0:35439:39726 [3] NCCL INFO Channel 03/32 :    0
x3004c0s1b1n0:35439:39726 [3] NCCL INFO Channel 04/32 :    0
x3004c0s1b1n0:35439:39726 [3] NCCL INFO Channel 05/32 :    0
x3004c0s1b1n0:35439:39726 [3] NCCL INFO Channel 06/32 :    0
x3004c0s1b1n0:35439:39726 [3] NCCL INFO Channel 07/32 :    0
x3004c0s1b1n0:35439:39726 [3] NCCL INFO Channel 08/32 :    0
x3004c0s1b1n0:35439:39726 [3] NCCL INFO Channel 09/32 :    0
x3004c0s1b1n0:35439:39726 [3] NCCL INFO Channel 10/32 :    0
x3004c0s1b1n0:35439:39726 [3] NCCL INFO Channel 11/32 :    0
x3004c0s1b1n0:35439:39726 [3] NCCL INFO Channel 12/32 :    0
x3004c0s1b1n0:35439:39726 [3] NCCL INFO Channel 13/32 :    0
x3004c0s1b1n0:35439:39726 [3] NCCL INFO Channel 14/32 :    0
x3004c0s1b1n0:35439:39726 [3] NCCL INFO Channel 15/32 :    0
x3004c0s1b1n0:35439:39726 [3] NCCL INFO Channel 16/32 :    0
x3004c0s1b1n0:35439:39726 [3] NCCL INFO Channel 17/32 :    0
x3004c0s1b1n0:35439:39726 [3] NCCL INFO Channel 18/32 :    0
x3004c0s1b1n0:35439:39726 [3] NCCL INFO Channel 19/32 :    0
x3004c0s1b1n0:35439:39726 [3] NCCL INFO Channel 20/32 :    0
x3004c0s1b1n0:35439:39726 [3] NCCL INFO Channel 21/32 :    0
x3004c0s1b1n0:35439:39726 [3] NCCL INFO Channel 22/32 :    0
x3004c0s1b1n0:35439:39726 [3] NCCL INFO Channel 23/32 :    0
x3004c0s1b1n0:35439:39726 [3] NCCL INFO Channel 24/32 :    0
x3004c0s1b1n0:35439:39726 [3] NCCL INFO Channel 25/32 :    0
x3004c0s1b1n0:35439:39726 [3] NCCL INFO Channel 26/32 :    0
x3004c0s1b1n0:35439:39726 [3] NCCL INFO Channel 27/32 :    0
x3004c0s1b1n0:35439:39726 [3] NCCL INFO Channel 28/32 :    0
x3004c0s1b1n0:35439:39726 [3] NCCL INFO Channel 29/32 :    0
x3004c0s1b1n0:35439:39726 [3] NCCL INFO Channel 30/32 :    0
x3004c0s1b1n0:35439:39726 [3] NCCL INFO Channel 31/32 :    0
x3004c0s1b1n0:35439:39726 [3] NCCL INFO Ring 00 : 0 -> 0 -> 0
x3004c0s1b1n0:35439:39726 [3] NCCL INFO Ring 01 : 0 -> 0 -> 0
x3004c0s1b1n0:35439:39726 [3] NCCL INFO Ring 02 : 0 -> 0 -> 0
x3004c0s1b1n0:35439:39726 [3] NCCL INFO Ring 03 : 0 -> 0 -> 0
x3004c0s1b1n0:35439:39726 [3] NCCL INFO Ring 04 : 0 -> 0 -> 0
x3004c0s1b1n0:35439:39726 [3] NCCL INFO Ring 05 : 0 -> 0 -> 0
x3004c0s1b1n0:35439:39726 [3] NCCL INFO Ring 06 : 0 -> 0 -> 0
x3004c0s1b1n0:35439:39726 [3] NCCL INFO Ring 07 : 0 -> 0 -> 0
x3004c0s1b1n0:35439:39726 [3] NCCL INFO Ring 08 : 0 -> 0 -> 0
x3004c0s1b1n0:35439:39726 [3] NCCL INFO Ring 09 : 0 -> 0 -> 0
x3004c0s1b1n0:35439:39726 [3] NCCL INFO Ring 10 : 0 -> 0 -> 0
x3004c0s1b1n0:35439:39726 [3] NCCL INFO Ring 11 : 0 -> 0 -> 0
x3004c0s1b1n0:35439:39726 [3] NCCL INFO Ring 12 : 0 -> 0 -> 0
x3004c0s1b1n0:35439:39726 [3] NCCL INFO Ring 13 : 0 -> 0 -> 0
x3004c0s1b1n0:35439:39726 [3] NCCL INFO Ring 14 : 0 -> 0 -> 0
x3004c0s1b1n0:35439:39726 [3] NCCL INFO Ring 15 : 0 -> 0 -> 0
x3004c0s1b1n0:35439:39726 [3] NCCL INFO Ring 16 : 0 -> 0 -> 0
x3004c0s1b1n0:35439:39726 [3] NCCL INFO Ring 17 : 0 -> 0 -> 0
x3004c0s1b1n0:35439:39726 [3] NCCL INFO Ring 18 : 0 -> 0 -> 0
x3004c0s1b1n0:35439:39726 [3] NCCL INFO Ring 19 : 0 -> 0 -> 0
x3004c0s1b1n0:35439:39726 [3] NCCL INFO Ring 20 : 0 -> 0 -> 0
x3004c0s1b1n0:35439:39726 [3] NCCL INFO Ring 21 : 0 -> 0 -> 0
x3004c0s1b1n0:35439:39726 [3] NCCL INFO Ring 22 : 0 -> 0 -> 0
x3004c0s1b1n0:35439:39726 [3] NCCL INFO Ring 23 : 0 -> 0 -> 0
x3004c0s1b1n0:35439:39726 [3] NCCL INFO Ring 24 : 0 -> 0 -> 0
x3004c0s1b1n0:35439:39726 [3] NCCL INFO Ring 25 : 0 -> 0 -> 0
x3004c0s1b1n0:35439:39726 [3] NCCL INFO Ring 26 : 0 -> 0 -> 0
