x3004c0s25b1n0:65429:1573 [3] NCCL INFO transport/net_ib.cc:653 Ib Alloc Size 552 pointer 0x14a1c4065000
x3004c0s25b1n0:65429:1573 [3] NCCL INFO transport/net.cc:571 Cuda Host Alloc Size 9641984 pointer 0x14a1c3600000
x3004c0s25b1n0:65429:1573 [3] NCCL INFO Mem Realloc old size 0, new size 768 pointer 0x14a1c40521f0
x3004c0s25b1n0:65422:1568 [1] NCCL INFO transport/net_ib.cc:771 Ib Alloc Size 552 pointer 0x15310004b000
x3004c0s25b1n0:65422:1568 [1] NCCL INFO transport/net.cc:698 Cuda Host Alloc Size 9641984 pointer 0x1530fe000000
x3004c0s25b1n0:65422:1568 [1] NCCL INFO Mem Realloc old size 0, new size 768 pointer 0x1531000406b0
x3004c0s25b1n0:65428:1569 [2] NCCL INFO New proxy recv connection 7 from local rank 2, transport 0
x3004c0s25b1n0:65429:1573 [3] NCCL INFO transport/net_ib.cc:596 Ib Alloc Size 26560 pointer 0x14a1c4067000
x3004c0s25b1n0:65422:1568 [1] NCCL INFO transport/net_ib.cc:683 Ib Alloc Size 21688 pointer 0x15310004d000
x3004c0s25b1n0:65422:1568 [1] NCCL INFO transport/net_ib.cc:696 Ib Alloc Size 552 pointer 0x153100054000
x3004c0s25b1n0:65429:1573 [3] NCCL INFO NET/IB: Dev 1 Port 1 qpn 10950 mtu 5 GID 0 (80FE/DA0100FEFF000000)
x3004c0s25b1n0:65429:1573 [3] NCCL INFO transport/net_ib.cc:653 Ib Alloc Size 552 pointer 0x14a1c407e000
x3004c0s25b1n0:65429:1573 [3] NCCL INFO transport/net.cc:571 Cuda Host Alloc Size 9641984 pointer 0x14a1ba000000
x3004c0s25b1n0:65428:1395 [2] NCCL INFO Connection to proxy localRank 2 -> connection 0x14c51c000e40
x3004c0s25b1n0:65428:1569 [2] NCCL INFO transport/p2p.cc:449 Cuda Alloc Size 6291456 pointer 0x14c518000000
x3004c0s25b1n0:65422:1568 [1] NCCL INFO transport/net_ib.cc:771 Ib Alloc Size 552 pointer 0x153100079000
x3004c0s25b1n0:65422:1568 [1] NCCL INFO transport/net.cc:698 Cuda Host Alloc Size 9641984 pointer 0x1530fea00000
x3004c0s25b1n0:65422:1568 [1] NCCL INFO Mem Realloc old size 0, new size 768 pointer 0x15310006e880
x3004c0s25b1n0:65429:1573 [3] NCCL INFO transport/net_ib.cc:596 Ib Alloc Size 26560 pointer 0x14a1c4080000
x3004c0s25b1n0:65428:1395 [2] NCCL INFO Connected all rings
x3004c0s25b1n0:65428:1569 [2] NCCL INFO New proxy recv connection 8 from local rank 2, transport 0
x3004c0s25b1n0:65429:1573 [3] NCCL INFO NET/IB: Dev 0 Port 1 qpn 10718 mtu 5 GID 0 (80FE/880100FEFF000000)
x3004c0s25b1n0:65429:1573 [3] NCCL INFO transport/net_ib.cc:653 Ib Alloc Size 552 pointer 0x14a1c4097000
x3004c0s25b1n0:65429:1573 [3] NCCL INFO transport/net.cc:571 Cuda Host Alloc Size 9641984 pointer 0x14a1baa00000
x3004c0s25b1n0:65420:1567 [0] NCCL INFO New proxy recv connection 4 from local rank 0, transport 0
x3004c0s25b1n0:65422:1568 [1] NCCL INFO transport/net_ib.cc:683 Ib Alloc Size 21688 pointer 0x15310007b000
x3004c0s25b1n0:65422:1568 [1] NCCL INFO transport/net_ib.cc:696 Ib Alloc Size 552 pointer 0x153100082000
x3004c0s25b1n0:65429:1399 [3] NCCL INFO Connected all rings
x3004c0s25b1n0:65429:1399 [3] NCCL INFO Channel 00/0 : 15[c7000] -> 14[85000] via P2P/IPC/read
x3004c0s25b1n0:65429:1573 [3] NCCL INFO New proxy send connection 8 from local rank 3, transport 0
x3004c0s25b1n0:65422:1568 [1] NCCL INFO transport/net_ib.cc:771 Ib Alloc Size 552 pointer 0x15310009d000
x3004c0s25b1n0:65422:1568 [1] NCCL INFO transport/net.cc:698 Cuda Host Alloc Size 9641984 pointer 0x1530ff400000
x3004c0s25b1n0:65428:1395 [2] NCCL INFO Connection to proxy localRank 2 -> connection 0x14c51c000e80
x3004c0s25b1n0:65428:1569 [2] NCCL INFO transport/p2p.cc:449 Cuda Alloc Size 6291456 pointer 0x14c516000000
x3004c0s25b1n0:65420:1400 [0] NCCL INFO Connection to proxy localRank 0 -> connection 0x151660000d80
x3004c0s25b1n0:65420:1567 [0] NCCL INFO transport/p2p.cc:449 Cuda Alloc Size 6291456 pointer 0x1516af000000
x3004c0s25b1n0:65422:1568 [1] NCCL INFO transport/net_ib.cc:683 Ib Alloc Size 21688 pointer 0x15310009f000
x3004c0s25b1n0:65422:1568 [1] NCCL INFO transport/net_ib.cc:696 Ib Alloc Size 552 pointer 0x1531000a6000
x3004c0s25b1n0:65429:1399 [3] NCCL INFO Connection to proxy localRank 3 -> connection 0x14a1c4000e80
x3004c0s25b1n0:65429:1573 [3] NCCL INFO transport/p2p.cc:430 Cuda Alloc Size 6291456 pointer 0x14a1bb400000
x3004c0s25b1n0:65429:1399 [3] NCCL INFO Channel 01/0 : 15[c7000] -> 14[85000] via P2P/IPC/read
x3004c0s25b1n0:65429:1573 [3] NCCL INFO New proxy send connection 9 from local rank 3, transport 0
x3004c0s25b1n0:65428:1569 [2] NCCL INFO New proxy recv connection 9 from local rank 2, transport 0
x3004c0s25b1n0:65422:1568 [1] NCCL INFO transport/net_ib.cc:771 Ib Alloc Size 552 pointer 0x1531000c1000
x3004c0s25b1n0:65422:1568 [1] NCCL INFO transport/net.cc:698 Cuda Host Alloc Size 9641984 pointer 0x1530fc000000
x3004c0s25b1n0:65420:1567 [0] NCCL INFO New proxy recv connection 5 from local rank 0, transport 0
x3004c0s25b1n0:65422:1398 [1] NCCL INFO Channel 00/0 : 13[46000] -> 12[7000] via P2P/IPC/read
x3004c0s25b1n0:65422:1568 [1] NCCL INFO New proxy send connection 4 from local rank 1, transport 0
x3004c0s25b1n0:65429:1399 [3] NCCL INFO Connection to proxy localRank 3 -> connection 0x14a1c4000ec0
x3004c0s25b1n0:65429:1573 [3] NCCL INFO transport/p2p.cc:430 Cuda Alloc Size 6291456 pointer 0x14a1bba00000
x3004c0s25b1n0:65428:1395 [2] NCCL INFO Connection to proxy localRank 2 -> connection 0x14c51c000ec0
x3004c0s25b1n0:65428:1569 [2] NCCL INFO transport/p2p.cc:449 Cuda Alloc Size 6291456 pointer 0x14c516600000
x3004c0s25b1n0:65420:1400 [0] NCCL INFO Connection to proxy localRank 0 -> connection 0x151660000dc0
x3004c0s25b1n0:65420:1567 [0] NCCL INFO transport/p2p.cc:449 Cuda Alloc Size 6291456 pointer 0x1516af600000
x3004c0s25b1n0:65428:1569 [2] NCCL INFO New proxy recv connection 10 from local rank 2, transport 0
x3004c0s25b1n0:65428:1395 [2] NCCL INFO Connection to proxy localRank 2 -> connection 0x14c51c000f00
x3004c0s25b1n0:65422:1398 [1] NCCL INFO Connection to proxy localRank 1 -> connection 0x153100000d80
x3004c0s25b1n0:65422:1568 [1] NCCL INFO transport/p2p.cc:430 Cuda Alloc Size 6291456 pointer 0x1530fca00000
x3004c0s25b1n0:65429:1399 [3] NCCL INFO Channel 02/0 : 15[c7000] -> 14[85000] via P2P/IPC/read
x3004c0s25b1n0:65429:1573 [3] NCCL INFO New proxy send connection 10 from local rank 3, transport 0
x3004c0s25b1n0:65428:1569 [2] NCCL INFO transport/p2p.cc:449 Cuda Alloc Size 6291456 pointer 0x14c516c00000
x3004c0s25b1n0:65420:1567 [0] NCCL INFO New proxy recv connection 6 from local rank 0, transport 0
x3004c0s25b1n0:65422:1398 [1] NCCL INFO Channel 01/0 : 13[46000] -> 12[7000] via P2P/IPC/read
x3004c0s25b1n0:65422:1568 [1] NCCL INFO New proxy send connection 5 from local rank 1, transport 0
x3004c0s25b1n0:65422:1398 [1] NCCL INFO Connection to proxy localRank 1 -> connection 0x153100000dc0
x3004c0s25b1n0:65422:1568 [1] NCCL INFO transport/p2p.cc:430 Cuda Alloc Size 6291456 pointer 0x1530fd000000
x3004c0s25b1n0:65420:1400 [0] NCCL INFO Connection to proxy localRank 0 -> connection 0x151660000e00
x3004c0s25b1n0:65420:1567 [0] NCCL INFO transport/p2p.cc:449 Cuda Alloc Size 6291456 pointer 0x1516afc00000
x3004c0s25b1n0:65429:1399 [3] NCCL INFO Connection to proxy localRank 3 -> connection 0x14a1c4000f00
x3004c0s25b1n0:65429:1573 [3] NCCL INFO transport/p2p.cc:430 Cuda Alloc Size 6291456 pointer 0x14a1b8000000
x3004c0s25b1n0:65428:1569 [2] NCCL INFO New proxy recv connection 11 from local rank 2, transport 0
x3004c0s25b1n0:65422:1398 [1] NCCL INFO Channel 02/0 : 13[46000] -> 12[7000] via P2P/IPC/read
x3004c0s25b1n0:65422:1568 [1] NCCL INFO New proxy send connection 6 from local rank 1, transport 0
x3004c0s25b1n0:65428:1395 [2] NCCL INFO Connection to proxy localRank 2 -> connection 0x14c51c000f40
x3004c0s25b1n0:65428:1569 [2] NCCL INFO transport/p2p.cc:449 Cuda Alloc Size 6291456 pointer 0x14c517200000
x3004c0s25b1n0:65420:1567 [0] NCCL INFO New proxy recv connection 7 from local rank 0, transport 0
x3004c0s25b1n0:65420:1400 [0] NCCL INFO Connection to proxy localRank 0 -> connection 0x151660000e40
x3004c0s25b1n0:65420:1567 [0] NCCL INFO transport/p2p.cc:449 Cuda Alloc Size 6291456 pointer 0x1516b0200000
x3004c0s25b1n0:65429:1399 [3] NCCL INFO Channel 03/0 : 15[c7000] -> 14[85000] via P2P/IPC/read
x3004c0s25b1n0:65429:1573 [3] NCCL INFO New proxy send connection 11 from local rank 3, transport 0
x3004c0s25b1n0:65429:1399 [3] NCCL INFO Connection to proxy localRank 3 -> connection 0x14a1c4000f40
x3004c0s25b1n0:65429:1573 [3] NCCL INFO transport/p2p.cc:430 Cuda Alloc Size 6291456 pointer 0x14a1b8600000
x3004c0s25b1n0:65422:1398 [1] NCCL INFO Connection to proxy localRank 1 -> connection 0x153100000e00
x3004c0s25b1n0:65422:1568 [1] NCCL INFO transport/p2p.cc:430 Cuda Alloc Size 6291456 pointer 0x1530fd600000
x3004c0s25b1n0:65422:1398 [1] NCCL INFO Channel 03/0 : 13[46000] -> 12[7000] via P2P/IPC/read
x3004c0s25b1n0:65422:1568 [1] NCCL INFO New proxy send connection 7 from local rank 1, transport 0
x3004c0s25b1n0:65422:1398 [1] NCCL INFO Connection to proxy localRank 1 -> connection 0x153100000e40
x3004c0s25b1n0:65422:1568 [1] NCCL INFO transport/p2p.cc:430 Cuda Alloc Size 6291456 pointer 0x15310fa00000
x3004c0s25b1n0:65422:1398 [1] NCCL INFO Connected all rings
x3004c0s25b1n0:65420:1400 [0] NCCL INFO Connected all rings
x3004c0s25b1n0:65420:1400 [0] NCCL INFO Channel 00/0 : 12[7000] -> 13[46000] via P2P/IPC/read
x3004c0s25b1n0:65420:1567 [0] NCCL INFO New proxy send connection 8 from local rank 0, transport 0
x3004c0s25b1n0:65420:1400 [0] NCCL INFO Connection to proxy localRank 0 -> connection 0x151660000e80
x3004c0s25b1n0:65420:1567 [0] NCCL INFO transport/p2p.cc:430 Cuda Alloc Size 6291456 pointer 0x1516b2000000
x3004c0s25b1n0:65422:1568 [1] NCCL INFO New proxy recv connection 8 from local rank 1, transport 0
x3004c0s25b1n0:65422:1398 [1] NCCL INFO Connection to proxy localRank 1 -> connection 0x153100000e80
x3004c0s25b1n0:65422:1568 [1] NCCL INFO transport/p2p.cc:449 Cuda Alloc Size 6291456 pointer 0x1530fb800000
x3004c0s25b1n0:65422:1568 [1] NCCL INFO New proxy recv connection 9 from local rank 1, transport 0
x3004c0s25b1n0:65420:1400 [0] NCCL INFO Channel 01/0 : 12[7000] -> 13[46000] via P2P/IPC/read
x3004c0s25b1n0:65420:1567 [0] NCCL INFO New proxy send connection 9 from local rank 0, transport 0
x3004c0s25b1n0:65422:1398 [1] NCCL INFO Connection to proxy localRank 1 -> connection 0x153100000ec0
x3004c0s25b1n0:65422:1568 [1] NCCL INFO transport/p2p.cc:449 Cuda Alloc Size 6291456 pointer 0x1530f8000000
x3004c0s25b1n0:65420:1400 [0] NCCL INFO Connection to proxy localRank 0 -> connection 0x151660000ec0
x3004c0s25b1n0:65420:1567 [0] NCCL INFO transport/p2p.cc:430 Cuda Alloc Size 6291456 pointer 0x1516b2600000
x3004c0s25b1n0:65420:1400 [0] NCCL INFO Channel 02/0 : 12[7000] -> 13[46000] via P2P/IPC/read
x3004c0s25b1n0:65420:1567 [0] NCCL INFO New proxy send connection 10 from local rank 0, transport 0
x3004c0s25b1n0:65420:1400 [0] NCCL INFO Connection to proxy localRank 0 -> connection 0x151660000f00
x3004c0s25b1n0:65422:1568 [1] NCCL INFO New proxy recv connection 10 from local rank 1, transport 0
x3004c0s25b1n0:65420:1567 [0] NCCL INFO transport/p2p.cc:430 Cuda Alloc Size 6291456 pointer 0x1516b2c00000
x3004c0s25b1n0:65420:1400 [0] NCCL INFO Channel 03/0 : 12[7000] -> 13[46000] via P2P/IPC/read
x3004c0s25b1n0:65420:1567 [0] NCCL INFO New proxy send connection 11 from local rank 0, transport 0
x3004c0s25b1n0:65422:1398 [1] NCCL INFO Connection to proxy localRank 1 -> connection 0x153100000f00
x3004c0s25b1n0:65422:1568 [1] NCCL INFO transport/p2p.cc:449 Cuda Alloc Size 6291456 pointer 0x1530f8600000
x3004c0s25b1n0:65422:1568 [1] NCCL INFO New proxy recv connection 11 from local rank 1, transport 0
x3004c0s25b1n0:65420:1400 [0] NCCL INFO Connection to proxy localRank 0 -> connection 0x151660000f40
x3004c0s25b1n0:65420:1567 [0] NCCL INFO transport/p2p.cc:430 Cuda Alloc Size 6291456 pointer 0x1516b3200000
x3004c0s25b1n0:65422:1398 [1] NCCL INFO Connection to proxy localRank 1 -> connection 0x153100000f40
x3004c0s25b1n0:65422:1568 [1] NCCL INFO transport/p2p.cc:449 Cuda Alloc Size 6291456 pointer 0x1530f8c00000
x3004c0s25b1n0:65422:1398 [1] NCCL INFO Channel 00/0 : 13[46000] -> 14[85000] via P2P/IPC/read
x3004c0s25b1n0:65422:1568 [1] NCCL INFO New proxy send connection 12 from local rank 1, transport 0
x3004c0s25b1n0:65422:1398 [1] NCCL INFO Connection to proxy localRank 1 -> connection 0x153100000f80
x3004c0s25b1n0:65422:1568 [1] NCCL INFO transport/p2p.cc:430 Cuda Alloc Size 6291456 pointer 0x1530f9200000
x3004c0s25b1n0:65422:1398 [1] NCCL INFO Channel 01/0 : 13[46000] -> 14[85000] via P2P/IPC/read
x3004c0s25b1n0:65422:1568 [1] NCCL INFO New proxy send connection 13 from local rank 1, transport 0
x3004c0s25b1n0:65422:1398 [1] NCCL INFO Connection to proxy localRank 1 -> connection 0x153100000fc0
x3004c0s25b1n0:65422:1568 [1] NCCL INFO transport/p2p.cc:430 Cuda Alloc Size 6291456 pointer 0x1530f9800000
x3004c0s25b1n0:65422:1398 [1] NCCL INFO Channel 02/0 : 13[46000] -> 14[85000] via P2P/IPC/read
x3004c0s25b1n0:65422:1568 [1] NCCL INFO New proxy send connection 14 from local rank 1, transport 0
x3004c0s25b1n0:65422:1398 [1] NCCL INFO Connection to proxy localRank 1 -> connection 0x153100001000
x3004c0s25b1n0:65422:1568 [1] NCCL INFO transport/p2p.cc:430 Cuda Alloc Size 6291456 pointer 0x1530f6000000
x3004c0s25b1n0:65422:1398 [1] NCCL INFO Channel 03/0 : 13[46000] -> 14[85000] via P2P/IPC/read
x3004c0s25b1n0:65422:1568 [1] NCCL INFO New proxy send connection 15 from local rank 1, transport 0
x3004c0s25b1n0:65422:1398 [1] NCCL INFO Connection to proxy localRank 1 -> connection 0x153100001040
x3004c0s25b1n0:65422:1568 [1] NCCL INFO transport/p2p.cc:430 Cuda Alloc Size 6291456 pointer 0x1530f6600000
x3004c0s25b1n0:65422:1398 [1] NCCL INFO GPU Direct RDMA Disabled for GPU 46000 / HCA 1 (distance 6 > 4)
x3004c0s25b1n0:65422:1568 [1] NCCL INFO New proxy recv connection 16 from local rank 1, transport 2
x3004c0s25b1n0:65420:1400 [0] NCCL INFO GPU Direct RDMA Disabled for GPU 7000 / HCA 1 (distance 7 > 4)
x3004c0s25b1n0:65420:1567 [0] NCCL INFO Allocated 4194656 bytes of shared memory in /dev/shm/nccl-BwBerW

x3004c0s25b1n0:65420:1567 [0] NCCL INFO New proxy recv connection 12 from local rank 0, transport 2
x3004c0s25b1n0:65420:1400 [0] NCCL INFO Connection to proxy localRank 0 -> connection 0x151660000f80
x3004c0s25b1n0:65428:1569 [2] NCCL INFO New proxy recv connection 12 from local rank 2, transport 0
x3004c0s25b1n0:65428:1395 [2] NCCL INFO Connection to proxy localRank 2 -> connection 0x14c51c000f80
x3004c0s25b1n0:65428:1569 [2] NCCL INFO transport/p2p.cc:449 Cuda Alloc Size 6291456 pointer 0x14c515200000
x3004c0s25b1n0:65422:1398 [1] NCCL INFO Connection to proxy localRank 1 -> connection 0x153100001080
x3004c0s25b1n0:65420:1400 [0] NCCL INFO Channel 00/0 : 8[7000] -> 12[7000] [receive] via NET/IB/1
x3004c0s25b1n0:65420:1400 [0] NCCL INFO GPU Direct RDMA Disabled for GPU 7000 / HCA 0 (distance 7 > 4)
x3004c0s25b1n0:65420:1567 [0] NCCL INFO New proxy recv connection 13 from local rank 0, transport 2
x3004c0s25b1n0:65428:1569 [2] NCCL INFO New proxy recv connection 13 from local rank 2, transport 0
x3004c0s25b1n0:65422:1398 [1] NCCL INFO Channel 02/0 : 8[7000] -> 13[46000] [receive] via NET/IB/1
x3004c0s25b1n0:65422:1398 [1] NCCL INFO GPU Direct RDMA Disabled for GPU 46000 / HCA 0 (distance 7 > 4)
x3004c0s25b1n0:65422:1568 [1] NCCL INFO New proxy recv connection 17 from local rank 1, transport 2
x3004c0s25b1n0:65420:1400 [0] NCCL INFO Connection to proxy localRank 0 -> connection 0x151660000fc0
x3004c0s25b1n0:65428:1395 [2] NCCL INFO Connection to proxy localRank 2 -> connection 0x14c51c000fc0
x3004c0s25b1n0:65428:1569 [2] NCCL INFO transport/p2p.cc:449 Cuda Alloc Size 6291456 pointer 0x14c515800000
x3004c0s25b1n0:65422:1398 [1] NCCL INFO Connection to proxy localRank 1 -> connection 0x1531000010c0
x3004c0s25b1n0:65420:1400 [0] NCCL INFO Channel 01/0 : 8[7000] -> 12[7000] [receive] via NET/IB/0
x3004c0s25b1n0:65420:1400 [0] NCCL INFO GPU Direct RDMA Disabled for GPU 7000 / HCA 1 (distance 7 > 4)
x3004c0s25b1n0:65420:1567 [0] NCCL INFO New proxy send connection 14 from local rank 0, transport 2
x3004c0s25b1n0:65428:1569 [2] NCCL INFO New proxy recv connection 14 from local rank 2, transport 0
x3004c0s25b1n0:65420:1400 [0] NCCL INFO Connection to proxy localRank 0 -> connection 0x151660001000
x3004c0s25b1n0:65420:1400 [0] NCCL INFO Channel 02/0 : 12[7000] -> 16[7000] [send] via NET/IB/1
x3004c0s25b1n0:65420:1400 [0] NCCL INFO GPU Direct RDMA Disabled for GPU 7000 / HCA 0 (distance 7 > 4)
x3004c0s25b1n0:65420:1567 [0] NCCL INFO New proxy send connection 15 from local rank 0, transport 2
x3004c0s25b1n0:65422:1398 [1] NCCL INFO Channel 03/0 : 8[7000] -> 13[46000] [receive] via NET/IB/0
x3004c0s25b1n0:65428:1395 [2] NCCL INFO Connection to proxy localRank 2 -> connection 0x14c51c001000
x3004c0s25b1n0:65428:1569 [2] NCCL INFO transport/p2p.cc:449 Cuda Alloc Size 6291456 pointer 0x14c512000000
x3004c0s25b1n0:65420:1400 [0] NCCL INFO Connection to proxy localRank 0 -> connection 0x151660001040
x3004c0s25b1n0:65420:1400 [0] NCCL INFO Channel 03/0 : 12[7000] -> 16[7000] [send] via NET/IB/0
x3004c0s25b1n0:65428:1569 [2] NCCL INFO New proxy recv connection 15 from local rank 2, transport 0
x3004c0s25b1n0:65420:1567 [0] NCCL INFO transport/net_ib.cc:596 Ib Alloc Size 26560 pointer 0x151660025000
x3004c0s25b1n0:65420:1567 [0] NCCL INFO NET/IB: Dev 1 Port 1 qpn 10953 mtu 5 GID 0 (80FE/DA0100FEFF000000)
x3004c0s25b1n0:65420:1567 [0] NCCL INFO transport/net_ib.cc:653 Ib Alloc Size 552 pointer 0x151660047000
x3004c0s25b1n0:65420:1567 [0] NCCL INFO transport/net.cc:571 Cuda Host Alloc Size 9641984 pointer 0x1516b5000000
x3004c0s25b1n0:65420:1567 [0] NCCL INFO Mem Realloc old size 0, new size 768 pointer 0x151660034320
x3004c0s25b1n0:65428:1395 [2] NCCL INFO Connection to proxy localRank 2 -> connection 0x14c51c001040
x3004c0s25b1n0:65428:1569 [2] NCCL INFO transport/p2p.cc:449 Cuda Alloc Size 6291456 pointer 0x14c512600000
x3004c0s25b1n0:65422:1568 [1] NCCL INFO transport/net_ib.cc:683 Ib Alloc Size 21688 pointer 0x1531000d2000
x3004c0s25b1n0:65422:1568 [1] NCCL INFO transport/net_ib.cc:696 Ib Alloc Size 552 pointer 0x153100019000
x3004c0s25b1n0:65420:1567 [0] NCCL INFO transport/net_ib.cc:596 Ib Alloc Size 26560 pointer 0x151660049000
x3004c0s25b1n0:65428:1395 [2] NCCL INFO Channel 00/0 : 14[85000] -> 13[46000] via P2P/IPC/read
x3004c0s25b1n0:65428:1569 [2] NCCL INFO New proxy send connection 16 from local rank 2, transport 0
x3004c0s25b1n0:65420:1567 [0] NCCL INFO NET/IB: Dev 0 Port 1 qpn 10721 mtu 5 GID 0 (80FE/880100FEFF000000)
x3004c0s25b1n0:65420:1567 [0] NCCL INFO transport/net_ib.cc:653 Ib Alloc Size 552 pointer 0x15166006a000
x3004c0s25b1n0:65420:1567 [0] NCCL INFO transport/net.cc:571 Cuda Host Alloc Size 9641984 pointer 0x1516b5a00000
x3004c0s25b1n0:65420:1567 [0] NCCL INFO Mem Realloc old size 0, new size 768 pointer 0x151660057760
x3004c0s25b1n0:65428:1395 [2] NCCL INFO Connection to proxy localRank 2 -> connection 0x14c51c001080
x3004c0s25b1n0:65428:1569 [2] NCCL INFO transport/p2p.cc:430 Cuda Alloc Size 6291456 pointer 0x14c512c00000
x3004c0s25b1n0:65422:1568 [1] NCCL INFO transport/net_ib.cc:771 Ib Alloc Size 552 pointer 0x1531000f2000
x3004c0s25b1n0:65422:1568 [1] NCCL INFO transport/net.cc:698 Cuda Host Alloc Size 9641984 pointer 0x1530f2000000
x3004c0s25b1n0:65420:1567 [0] NCCL INFO transport/net_ib.cc:683 Ib Alloc Size 21688 pointer 0x15166006c000
x3004c0s25b1n0:65420:1567 [0] NCCL INFO transport/net_ib.cc:696 Ib Alloc Size 552 pointer 0x151660073000
x3004c0s25b1n0:65422:1568 [1] NCCL INFO transport/net_ib.cc:683 Ib Alloc Size 21688 pointer 0x1531000f4000
x3004c0s25b1n0:65422:1568 [1] NCCL INFO transport/net_ib.cc:696 Ib Alloc Size 552 pointer 0x1531000fb000
x3004c0s25b1n0:65420:1567 [0] NCCL INFO transport/net_ib.cc:771 Ib Alloc Size 552 pointer 0x15166008f000
x3004c0s25b1n0:65420:1567 [0] NCCL INFO transport/net.cc:698 Cuda Host Alloc Size 9641984 pointer 0x1516b6400000
x3004c0s25b1n0:65422:1568 [1] NCCL INFO transport/net_ib.cc:771 Ib Alloc Size 552 pointer 0x153100116000
x3004c0s25b1n0:65422:1568 [1] NCCL INFO transport/net.cc:698 Cuda Host Alloc Size 9641984 pointer 0x1530f2a00000
x3004c0s25b1n0:65428:1395 [2] NCCL INFO Channel 01/0 : 14[85000] -> 13[46000] via P2P/IPC/read
x3004c0s25b1n0:65428:1569 [2] NCCL INFO New proxy send connection 17 from local rank 2, transport 0
x3004c0s25b1n0:65420:1567 [0] NCCL INFO transport/net_ib.cc:683 Ib Alloc Size 21688 pointer 0x151660091000
x3004c0s25b1n0:65420:1567 [0] NCCL INFO transport/net_ib.cc:696 Ib Alloc Size 552 pointer 0x151660098000
x3004c0s25b1n0:65422:1398 [1] NCCL INFO GPU Direct RDMA Disabled for GPU 46000 / HCA 1 (distance 6 > 4)
x3004c0s25b1n0:65420:1567 [0] NCCL INFO transport/net_ib.cc:771 Ib Alloc Size 552 pointer 0x1516600b3000
x3004c0s25b1n0:65420:1567 [0] NCCL INFO transport/net.cc:698 Cuda Host Alloc Size 9641984 pointer 0x1516b6e00000
x3004c0s25b1n0:65422:1568 [1] NCCL INFO New proxy send connection 18 from local rank 1, transport 2
x3004c0s25b1n0:65428:1395 [2] NCCL INFO Connection to proxy localRank 2 -> connection 0x14c51c0010c0
x3004c0s25b1n0:65428:1569 [2] NCCL INFO transport/p2p.cc:430 Cuda Alloc Size 6291456 pointer 0x14c513200000
x3004c0s25b1n0:65420:1400 [0] NCCL INFO GPU Direct RDMA Disabled for GPU 7000 / HCA 1 (distance 7 > 4)
x3004c0s25b1n0:65420:1567 [0] NCCL INFO New proxy send connection 16 from local rank 0, transport 2
x3004c0s25b1n0:65422:1398 [1] NCCL INFO Connection to proxy localRank 1 -> connection 0x153100001100
x3004c0s25b1n0:65422:1398 [1] NCCL INFO Channel 02/0 : 13[46000] -> 8[7000] [send] via NET/IB/1
x3004c0s25b1n0:65422:1398 [1] NCCL INFO GPU Direct RDMA Disabled for GPU 46000 / HCA 0 (distance 7 > 4)
x3004c0s25b1n0:65422:1568 [1] NCCL INFO New proxy send connection 19 from local rank 1, transport 2
x3004c0s25b1n0:65420:1400 [0] NCCL INFO Connection to proxy localRank 0 -> connection 0x151660001080
x3004c0s25b1n0:65420:1400 [0] NCCL INFO Channel 02/0 : 12[7000] -> 1[46000] [send] via NET/IB/1
x3004c0s25b1n0:65420:1400 [0] NCCL INFO GPU Direct RDMA Disabled for GPU 7000 / HCA 0 (distance 7 > 4)
x3004c0s25b1n0:65420:1567 [0] NCCL INFO New proxy send connection 17 from local rank 0, transport 2
x3004c0s25b1n0:65428:1395 [2] NCCL INFO Channel 02/0 : 14[85000] -> 13[46000] via P2P/IPC/read
x3004c0s25b1n0:65428:1569 [2] NCCL INFO New proxy send connection 18 from local rank 2, transport 0
x3004c0s25b1n0:65420:1400 [0] NCCL INFO Connection to proxy localRank 0 -> connection 0x1516600010c0
x3004c0s25b1n0:65420:1400 [0] NCCL INFO Channel 03/0 : 12[7000] -> 1[46000] [send] via NET/IB/0
x3004c0s25b1n0:65420:1567 [0] NCCL INFO transport/net_ib.cc:596 Ib Alloc Size 26560 pointer 0x1516600bf000
x3004c0s25b1n0:65428:1395 [2] NCCL INFO Connection to proxy localRank 2 -> connection 0x14c51c001100
x3004c0s25b1n0:65428:1569 [2] NCCL INFO transport/p2p.cc:430 Cuda Alloc Size 6291456 pointer 0x14c513800000
x3004c0s25b1n0:65422:1398 [1] NCCL INFO Connection to proxy localRank 1 -> connection 0x153100001140
x3004c0s25b1n0:65422:1398 [1] NCCL INFO Channel 03/0 : 13[46000] -> 8[7000] [send] via NET/IB/0
x3004c0s25b1n0:65420:1567 [0] NCCL INFO NET/IB: Dev 1 Port 1 qpn 10958 mtu 5 GID 0 (80FE/DA0100FEFF000000)
x3004c0s25b1n0:65420:1567 [0] NCCL INFO transport/net_ib.cc:653 Ib Alloc Size 552 pointer 0x1516600d6000
x3004c0s25b1n0:65420:1567 [0] NCCL INFO transport/net.cc:571 Cuda Host Alloc Size 9641984 pointer 0x1516b7800000
x3004c0s25b1n0:65428:1395 [2] NCCL INFO Channel 03/0 : 14[85000] -> 13[46000] via P2P/IPC/read
x3004c0s25b1n0:65428:1569 [2] NCCL INFO New proxy send connection 19 from local rank 2, transport 0
x3004c0s25b1n0:65420:1567 [0] NCCL INFO transport/net_ib.cc:596 Ib Alloc Size 26560 pointer 0x1516600d8000
x3004c0s25b1n0:65420:1567 [0] NCCL INFO NET/IB: Dev 0 Port 1 qpn 10726 mtu 5 GID 0 (80FE/880100FEFF000000)
x3004c0s25b1n0:65420:1567 [0] NCCL INFO transport/net_ib.cc:653 Ib Alloc Size 552 pointer 0x1516600ef000
x3004c0s25b1n0:65420:1567 [0] NCCL INFO transport/net.cc:571 Cuda Host Alloc Size 9641984 pointer 0x1516b8200000
x3004c0s25b1n0:65428:1395 [2] NCCL INFO Connection to proxy localRank 2 -> connection 0x14c51c001140
x3004c0s25b1n0:65428:1569 [2] NCCL INFO transport/p2p.cc:430 Cuda Alloc Size 6291456 pointer 0x14c510000000
x3004c0s25b1n0:65420:1400 [0] NCCL INFO GPU Direct RDMA Disabled for GPU 7000 / HCA 1 (distance 7 > 4)
x3004c0s25b1n0:65420:1567 [0] NCCL INFO New proxy recv connection 18 from local rank 0, transport 2
x3004c0s25b1n0:65429:1399 [3] NCCL INFO Connected all trees by HAO
x3004c0s25b1n0:65429:1399 [3] NCCL INFO threadThresholds 8/8/64 | 160/8/64 | 512 | 512
x3004c0s25b1n0:65429:1399 [3] NCCL INFO 4 coll channels, 4 p2p channels, 2 p2p channels per peer
x3004c0s25b1n0:65429:1573 [3] NCCL INFO New proxy send connection 12 from local rank 3, transport 2
x3004c0s25b1n0:65429:1399 [3] NCCL INFO Connection to proxy localRank 3 -> connection 0x14a1c4000f80
x3004c0s25b1n0:65429:1573 [3] NCCL INFO transport/net.cc:376 Cuda Alloc Size 8388608 pointer 0x14a1b6600000
x3004c0s25b1n0:65420:1400 [0] NCCL INFO Connection to proxy localRank 0 -> connection 0x151660001100
x3004c0s25b1n0:65420:1400 [0] NCCL INFO Channel 02/0 : 1[46000] -> 12[7000] [receive] via NET/IB/1
x3004c0s25b1n0:65420:1400 [0] NCCL INFO GPU Direct RDMA Disabled for GPU 7000 / HCA 0 (distance 7 > 4)
x3004c0s25b1n0:65420:1567 [0] NCCL INFO New proxy recv connection 19 from local rank 0, transport 2
x3004c0s25b1n0:65420:1400 [0] NCCL INFO Connection to proxy localRank 0 -> connection 0x151660001140
x3004c0s25b1n0:65420:1400 [0] NCCL INFO Channel 03/0 : 1[46000] -> 12[7000] [receive] via NET/IB/0
x3004c0s25b1n0:65420:1567 [0] NCCL INFO transport/net_ib.cc:683 Ib Alloc Size 21688 pointer 0x1516600fb000
x3004c0s25b1n0:65420:1567 [0] NCCL INFO transport/net_ib.cc:696 Ib Alloc Size 552 pointer 0x151660102000
x3004c0s25b1n0:65420:1567 [0] NCCL INFO transport/net_ib.cc:771 Ib Alloc Size 552 pointer 0x15166011d000
x3004c0s25b1n0:65420:1567 [0] NCCL INFO transport/net.cc:698 Cuda Host Alloc Size 9641984 pointer 0x1516b8c00000
x3004c0s25b1n0:65420:1567 [0] NCCL INFO transport/net_ib.cc:683 Ib Alloc Size 21688 pointer 0x15166011f000
x3004c0s25b1n0:65420:1567 [0] NCCL INFO transport/net_ib.cc:696 Ib Alloc Size 552 pointer 0x151660126000
x3004c0s25b1n0:65420:1567 [0] NCCL INFO transport/net_ib.cc:771 Ib Alloc Size 552 pointer 0x151660141000
x3004c0s25b1n0:65420:1567 [0] NCCL INFO transport/net.cc:698 Cuda Host Alloc Size 9641984 pointer 0x1516b9600000
x3004c0s25b1n0:65420:1400 [0] NCCL INFO GPU Direct RDMA Disabled for GPU 7000 / HCA 1 (distance 7 > 4)
x3004c0s25b1n0:65420:1567 [0] NCCL INFO New proxy recv connection 20 from local rank 0, transport 2
x3004c0s25b1n0:65420:1400 [0] NCCL INFO Connection to proxy localRank 0 -> connection 0x151660001180
x3004c0s25b1n0:65420:1400 [0] NCCL INFO Channel 02/0 : 16[7000] -> 12[7000] [receive] via NET/IB/1
x3004c0s25b1n0:65420:1400 [0] NCCL INFO GPU Direct RDMA Disabled for GPU 7000 / HCA 0 (distance 7 > 4)
x3004c0s25b1n0:65420:1567 [0] NCCL INFO New proxy recv connection 21 from local rank 0, transport 2
x3004c0s25b1n0:65420:1400 [0] NCCL INFO Connection to proxy localRank 0 -> connection 0x1516600011c0
x3004c0s25b1n0:65422:1568 [1] NCCL INFO transport/net_ib.cc:596 Ib Alloc Size 26560 pointer 0x153100122000
x3004c0s25b1n0:65422:1568 [1] NCCL INFO NET/IB: Dev 1 Port 1 qpn 10961 mtu 5 GID 0 (80FE/DA0100FEFF000000)
x3004c0s25b1n0:65422:1568 [1] NCCL INFO transport/net_ib.cc:653 Ib Alloc Size 552 pointer 0x153100139000
x3004c0s25b1n0:65422:1568 [1] NCCL INFO transport/net.cc:571 Cuda Host Alloc Size 9641984 pointer 0x1530f3400000
x3004c0s25b1n0:65422:1568 [1] NCCL INFO transport/net_ib.cc:596 Ib Alloc Size 26560 pointer 0x15310013b000
x3004c0s25b1n0:65422:1568 [1] NCCL INFO NET/IB: Dev 0 Port 1 qpn 10729 mtu 5 GID 0 (80FE/880100FEFF000000)
x3004c0s25b1n0:65422:1568 [1] NCCL INFO transport/net_ib.cc:653 Ib Alloc Size 552 pointer 0x153100152000
x3004c0s25b1n0:65422:1568 [1] NCCL INFO transport/net.cc:571 Cuda Host Alloc Size 9641984 pointer 0x1530f0000000
x3004c0s25b1n0:65422:1568 [1] NCCL INFO New proxy recv connection 20 from local rank 1, transport 0
x3004c0s25b1n0:65420:1400 [0] NCCL INFO Channel 03/0 : 16[7000] -> 12[7000] [receive] via NET/IB/0
x3004c0s25b1n0:65420:1400 [0] NCCL INFO GPU Direct RDMA Disabled for GPU 7000 / HCA 1 (distance 7 > 4)
x3004c0s25b1n0:65420:1567 [0] NCCL INFO New proxy send connection 22 from local rank 0, transport 2
x3004c0s25b1n0:65420:1400 [0] NCCL INFO Connection to proxy localRank 0 -> connection 0x151660001200
x3004c0s25b1n0:65420:1400 [0] NCCL INFO Channel 00/0 : 12[7000] -> 8[7000] [send] via NET/IB/1
x3004c0s25b1n0:65420:1400 [0] NCCL INFO GPU Direct RDMA Disabled for GPU 7000 / HCA 0 (distance 7 > 4)
x3004c0s25b1n0:65420:1567 [0] NCCL INFO New proxy send connection 23 from local rank 0, transport 2
x3004c0s25b1n0:65422:1398 [1] NCCL INFO Connection to proxy localRank 1 -> connection 0x153100001180
x3004c0s25b1n0:65422:1568 [1] NCCL INFO transport/p2p.cc:449 Cuda Alloc Size 6291456 pointer 0x1530f0a00000
x3004c0s25b1n0:65420:1400 [0] NCCL INFO Connection to proxy localRank 0 -> connection 0x151660001240
x3004c0s25b1n0:65420:1400 [0] NCCL INFO Channel 01/0 : 12[7000] -> 8[7000] [send] via NET/IB/0
x3004c0s25b1n0:65422:1568 [1] NCCL INFO New proxy recv connection 21 from local rank 1, transport 0
x3004c0s25b1n0:65422:1398 [1] NCCL INFO Connection to proxy localRank 1 -> connection 0x1531000011c0
x3004c0s25b1n0:65422:1568 [1] NCCL INFO transport/p2p.cc:449 Cuda Alloc Size 6291456 pointer 0x1530f1000000
x3004c0s25b1n0:65422:1568 [1] NCCL INFO New proxy recv connection 22 from local rank 1, transport 0
x3004c0s25b1n0:65422:1398 [1] NCCL INFO Connection to proxy localRank 1 -> connection 0x153100001200
x3004c0s25b1n0:65422:1568 [1] NCCL INFO transport/p2p.cc:449 Cuda Alloc Size 6291456 pointer 0x1530f1600000
x3004c0s25b1n0:65422:1568 [1] NCCL INFO New proxy recv connection 23 from local rank 1, transport 0
x3004c0s25b1n0:65422:1398 [1] NCCL INFO Connection to proxy localRank 1 -> connection 0x153100001240
x3004c0s25b1n0:65422:1568 [1] NCCL INFO transport/p2p.cc:449 Cuda Alloc Size 6291456 pointer 0x1530ee000000
x3004c0s25b1n0:65420:1567 [0] NCCL INFO transport/net_ib.cc:596 Ib Alloc Size 26560 pointer 0x151660157000
x3004c0s25b1n0:65420:1567 [0] NCCL INFO NET/IB: Dev 1 Port 1 qpn 10962 mtu 5 GID 0 (80FE/DA0100FEFF000000)
x3004c0s25b1n0:65420:1567 [0] NCCL INFO transport/net_ib.cc:653 Ib Alloc Size 552 pointer 0x15166016e000
x3004c0s25b1n0:65420:1567 [0] NCCL INFO transport/net.cc:571 Cuda Host Alloc Size 9641984 pointer 0x1516ba000000
x3004c0s25b1n0:65420:1567 [0] NCCL INFO transport/net_ib.cc:596 Ib Alloc Size 26560 pointer 0x151660170000
x3004c0s25b1n0:65420:1567 [0] NCCL INFO NET/IB: Dev 0 Port 1 qpn 10730 mtu 5 GID 0 (80FE/880100FEFF000000)
x3004c0s25b1n0:65420:1567 [0] NCCL INFO transport/net_ib.cc:653 Ib Alloc Size 552 pointer 0x151660187000
x3004c0s25b1n0:65420:1567 [0] NCCL INFO transport/net.cc:571 Cuda Host Alloc Size 9641984 pointer 0x1516baa00000
x3004c0s25b1n0:65420:1567 [0] NCCL INFO transport/net_ib.cc:683 Ib Alloc Size 21688 pointer 0x151660189000
x3004c0s25b1n0:65420:1567 [0] NCCL INFO transport/net_ib.cc:696 Ib Alloc Size 552 pointer 0x151660190000
x3004c0s25b1n0:65422:1398 [1] NCCL INFO Connected all trees by HAO
x3004c0s25b1n0:65422:1398 [1] NCCL INFO threadThresholds 8/8/64 | 160/8/64 | 512 | 512
x3004c0s25b1n0:65422:1398 [1] NCCL INFO 4 coll channels, 4 p2p channels, 2 p2p channels per peer
x3004c0s25b1n0:65422:1568 [1] NCCL INFO New proxy send connection 24 from local rank 1, transport 2
x3004c0s25b1n0:65428:1395 [2] NCCL INFO Connected all trees by HAO
x3004c0s25b1n0:65428:1395 [2] NCCL INFO threadThresholds 8/8/64 | 160/8/64 | 512 | 512
x3004c0s25b1n0:65428:1395 [2] NCCL INFO 4 coll channels, 4 p2p channels, 2 p2p channels per peer
x3004c0s25b1n0:65428:1569 [2] NCCL INFO Allocated 4194656 bytes of shared memory in /dev/shm/nccl-7bpKoy

x3004c0s25b1n0:65428:1569 [2] NCCL INFO New proxy send connection 20 from local rank 2, transport 2
x3004c0s25b1n0:65420:1567 [0] NCCL INFO transport/net_ib.cc:771 Ib Alloc Size 552 pointer 0x1516601ab000
x3004c0s25b1n0:65420:1567 [0] NCCL INFO transport/net.cc:698 Cuda Host Alloc Size 9641984 pointer 0x1516bb400000
x3004c0s25b1n0:65420:1567 [0] NCCL INFO transport/net_ib.cc:683 Ib Alloc Size 21688 pointer 0x1516601ad000
x3004c0s25b1n0:65420:1567 [0] NCCL INFO transport/net_ib.cc:696 Ib Alloc Size 552 pointer 0x1516601b4000
x3004c0s25b1n0:65420:1567 [0] NCCL INFO transport/net_ib.cc:771 Ib Alloc Size 552 pointer 0x1516601cf000
x3004c0s25b1n0:65420:1567 [0] NCCL INFO transport/net.cc:698 Cuda Host Alloc Size 9641984 pointer 0x1516bbe00000
x3004c0s25b1n0:65422:1398 [1] NCCL INFO Connection to proxy localRank 1 -> connection 0x153100001280
x3004c0s25b1n0:65428:1395 [2] NCCL INFO Connection to proxy localRank 2 -> connection 0x14c51c001180
x3004c0s25b1n0:65428:1569 [2] NCCL INFO transport/net.cc:376 Cuda Alloc Size 8388608 pointer 0x14c50f800000
x3004c0s25b1n0:65422:1568 [1] NCCL INFO transport/net.cc:376 Cuda Alloc Size 8388608 pointer 0x1530ec000000
x3004c0s25b1n0:65420:1400 [0] NCCL INFO Connected all trees by HAO
x3004c0s25b1n0:65420:1400 [0] NCCL INFO threadThresholds 8/8/64 | 160/8/64 | 512 | 512
x3004c0s25b1n0:65420:1400 [0] NCCL INFO 4 coll channels, 4 p2p channels, 2 p2p channels per peer
x3004c0s25b1n0:65420:1567 [0] NCCL INFO New proxy send connection 24 from local rank 0, transport 2
x3004c0s25b1n0:65420:1400 [0] NCCL INFO Connection to proxy localRank 0 -> connection 0x151660001280
x3004c0s25b1n0:65420:1400 [0] NCCL INFO init.cc:367 Cuda Alloc Size 5168 pointer 0x1516abe08800
x3004c0s25b1n0:65422:1398 [1] NCCL INFO init.cc:367 Cuda Alloc Size 5168 pointer 0x15310f808800
x3004c0s25b1n0:65429:1399 [3] NCCL INFO init.cc:367 Cuda Alloc Size 5168 pointer 0x14a1d3808800
x3004c0s25b1n0:65428:1395 [2] NCCL INFO init.cc:367 Cuda Alloc Size 5168 pointer 0x14c52b808800
x3004c0s25b1n0:65429:1399 [3] NCCL INFO init.cc:392 Cuda Host Alloc Size 33554432 pointer 0x14a1b4000000
x3004c0s25b1n0:65429:1399 [3] NCCL INFO init.cc:398 Cuda Host Alloc Size 128 pointer 0x14a1d2e00200
x3004c0s25b1n0:65429:1399 [3] NCCL INFO comm 0x562e551cbec0 rank 15 nranks 20 cudaDev 3 busId c7000 - Init COMPLETE
x3004c0s25b1n0:65428:1395 [2] NCCL INFO init.cc:392 Cuda Host Alloc Size 33554432 pointer 0x14c506000000
x3004c0s25b1n0:65428:1395 [2] NCCL INFO init.cc:398 Cuda Host Alloc Size 128 pointer 0x14c52ae00200
x3004c0s25b1n0:65428:1395 [2] NCCL INFO comm 0x558d7ec4bd70 rank 14 nranks 20 cudaDev 2 busId 85000 - Init COMPLETE
x3004c0s25b1n0:65422:1398 [1] NCCL INFO init.cc:392 Cuda Host Alloc Size 33554432 pointer 0x1530ea000000
x3004c0s25b1n0:65422:1398 [1] NCCL INFO init.cc:398 Cuda Host Alloc Size 128 pointer 0x15310ee00200
x3004c0s25b1n0:65422:1398 [1] NCCL INFO comm 0x5590488fb2c0 rank 13 nranks 20 cudaDev 1 busId 46000 - Init COMPLETE
x3004c0s25b1n0:65420:1400 [0] NCCL INFO init.cc:392 Cuda Host Alloc Size 33554432 pointer 0x1516bc800000
x3004c0s25b1n0:65420:1400 [0] NCCL INFO init.cc:398 Cuda Host Alloc Size 128 pointer 0x1516ab400200
x3004c0s25b1n0:65420:1400 [0] NCCL INFO comm 0x55caa1354790 rank 12 nranks 20 cudaDev 0 busId 7000 - Init COMPLETE
x3004c0s25b1n0:65420:1567 [0] NCCL INFO transport/net.cc:376 Cuda Alloc Size 8388608 pointer 0x1516be800000
x3004c0s25b1n0:65428:65428 [2] NCCL INFO AllReduce: opCount 0 sendbuff 0x14c56b600200 recvbuff 0x14c56b600200 count 1 datatype 1 op 0 root 0 comm 0x558d7ec4bd70 [nranks=20] stream 0x558d8317a450
x3004c0s25b1n0:65428:65428 [2] NCCL INFO misc/utils.cc:235 memory stack hunk malloc(65536)
[LYD INFO in ncclLaunchKernel (enqueue.cc)] NCHANNELS is: 4x3004c0s25b1n0:65422:65422 [1] NCCL INFO AllReduce: opCount 0 sendbuff 0x15314f600200 recvbuff 0x15314f600200 count 1 datatype 1 op 0 root 0 comm 0x5590488fb2c0 [nranks=20] stream 0x55904b949cc0
x3004c0s25b1n0:65422:65422 [1] NCCL INFO misc/utils.cc:235 memory stack hunk malloc(65536)
[LYD INFO in ncclLaunchKernel (enqueue.cc)] NCHANNELS is: 4x3004c0s25b1n0:65429:65429 [3] NCCL INFO AllReduce: opCount 0 sendbuff 0x14a213600200 recvbuff 0x14a213600200 count 1 datatype 1 op 0 root 0 comm 0x562e551cbec0 [nranks=20] stream 0x562e72468160
x3004c0s25b1n0:65429:65429 [3] NCCL INFO misc/utils.cc:235 memory stack hunk malloc(65536)
[LYD INFO in ncclLaunchKernel (enqueue.cc)] NCHANNELS is: 4x3004c0s25b1n0:65420:65420 [0] NCCL INFO AllReduce: opCount 0 sendbuff 0x1516a7600200 recvbuff 0x1516a7600200 count 1 datatype 1 op 0 root 0 comm 0x55caa1354790 [nranks=20] stream 0x55cabbdc0860
x3004c0s25b1n0:65420:65420 [0] NCCL INFO misc/utils.cc:235 memory stack hunk malloc(65536)
[LYD INFO in ncclLaunchKernel (enqueue.cc)] NCHANNELS is: 4
[LYD INFO in NCCL_KERN_NAME (common.h)] 13 AllReduce TREE LL Sum uint8_t Elapsed time: 89238 us

[LYD INFO in NCCL_KERN_NAME (common.h)] 15 AllReduce TREE LL Sum uint8_t Elapsed time: 70883 us

[LYD INFO in NCCL_KERN_NAME (common.h)] 12 AllReduce TREE LL Sum uint8_t Elapsed time: 58412 us

[LYD INFO in NCCL_KERN_NAME (common.h)] 14 AllReduce TREE LL Sum uint8_t Elapsed time: 94750 us
x3004c0s25b1n0:65422:65422 [1] NCCL INFO AllReduce: opCount 1 sendbuff 0x15314f600000 recvbuff 0x15314f600000 count 1 datatype 1 op 0 root 0 comm 0x5590488fb2c0 [nranks=20] stream 0x55904b949cc0
[LYD INFO in ncclLaunchKernel (enqueue.cc)] NCHANNELS is: 4x3004c0s25b1n0:65429:65429 [3] NCCL INFO AllReduce: opCount 1 sendbuff 0x14a213600000 recvbuff 0x14a213600000 count 1 datatype 1 op 0 root 0 comm 0x562e551cbec0 [nranks=20] stream 0x562e72468160
[LYD INFO in ncclLaunchKernel (enqueue.cc)] NCHANNELS is: 4x3004c0s25b1n0:65420:65420 [0] NCCL INFO AllReduce: opCount 1 sendbuff 0x1516a7600000 recvbuff 0x1516a7600000 count 1 datatype 1 op 0 root 0 comm 0x55caa1354790 [nranks=20] stream 0x55cabbdc0860
[LYD INFO in ncclLaunchKernel (enqueue.cc)] NCHANNELS is: 4x3004c0s25b1n0:65428:65428 [2] NCCL INFO AllReduce: opCount 1 sendbuff 0x14c56b600000 recvbuff 0x14c56b600000 count 1 datatype 1 op 0 root 0 comm 0x558d7ec4bd70 [nranks=20] stream 0x558d8317a450
[LYD INFO in ncclLaunchKernel (enqueue.cc)] NCHANNELS is: 4
[LYD INFO in NCCL_KERN_NAME (common.h)] 14 AllReduce TREE LL Sum uint8_t Elapsed time: 1237248 us

[LYD INFO in NCCL_KERN_NAME (common.h)] 12 AllReduce TREE LL Sum uint8_t Elapsed time: 1741545 us

[LYD INFO in NCCL_KERN_NAME (common.h)] 15 AllReduce TREE LL Sum uint8_t Elapsed time: 1735627 us

[LYD INFO in NCCL_KERN_NAME (common.h)] 13 AllReduce TREE LL Sum uint8_t Elapsed time: 7322061 us
x3004c0s25b1n0:65429:65429 [3] NCCL INFO AllReduce: opCount 2 sendbuff 0x14a213600000 recvbuff 0x14a213600000 count 1 datatype 8 op 3 root 0 comm 0x562e551cbec0 [nranks=20] stream 0x562e72468160
[LYD INFO in ncclLaunchKernel (enqueue.cc)] NCHANNELS is: 4x3004c0s25b1n0:65428:65428 [2] NCCL INFO AllReduce: opCount 2 sendbuff 0x14c56b600000 recvbuff 0x14c56b600000 count 1 datatype 8 op 3 root 0 comm 0x558d7ec4bd70 [nranks=20] stream 0x558d8317a450
[LYD INFO in ncclLaunchKernel (enqueue.cc)] NCHANNELS is: 4x3004c0s25b1n0:65420:65420 [0] NCCL INFO AllReduce: opCount 2 sendbuff 0x1516a7600000 recvbuff 0x1516a7600000 count 1 datatype 8 op 3 root 0 comm 0x55caa1354790 [nranks=20] stream 0x55cabbdc0860
[LYD INFO in ncclLaunchKernel (enqueue.cc)] NCHANNELS is: 4x3004c0s25b1n0:65422:65422 [1] NCCL INFO AllReduce: opCount 2 sendbuff 0x15314f600000 recvbuff 0x15314f600000 count 1 datatype 8 op 3 root 0 comm 0x5590488fb2c0 [nranks=20] stream 0x55904b949cc0
[LYD INFO in ncclLaunchKernel (enqueue.cc)] NCHANNELS is: 4
[LYD INFO in NCCL_FUNC_NAME (common.h)] 15 AllReduce TREE LL Min double Elapsed time: 5 us

[LYD INFO in NCCL_FUNC_NAME (common.h)] 12 AllReduce TREE LL Min double Elapsed time: 5568 us

[LYD INFO in NCCL_FUNC_NAME (common.h)] 13 AllReduce TREE LL Min double Elapsed time: 6 us

[LYD INFO in NCCL_FUNC_NAME (common.h)] 14 AllReduce TREE LL Min double Elapsed time: 6 us

[LYD INFO in NCCL_KERN_NAME (common.h)] 13 AllReduce TREE LL Sum double Elapsed time: 77685 us
x3004c0s25b1n0:65422:65422 [1] NCCL INFO AllReduce: opCount 3 sendbuff 0x15314f600200 recvbuff 0x15314f600200 count 1 datatype 1 op 0 root 0 comm 0x5590488fb2c0 [nranks=20] stream 0x55904b949cc0
[LYD INFO in ncclLaunchKernel (enqueue.cc)] NCHANNELS is: 4
[LYD INFO in NCCL_KERN_NAME (common.h)] 15 AllReduce TREE LL Sum double Elapsed time: 98461 us

[LYD INFO in NCCL_KERN_NAME (common.h)] 12 AllReduce TREE LL Sum double Elapsed time: 88528 us
x3004c0s25b1n0:65420:65420 [0] NCCL INFO AllReduce: opCount 3 sendbuff 0x1516a7600200 recvbuff 0x1516a7600200 count 1 datatype 1 op 0 root 0 comm 0x55caa1354790 [nranks=20] stream 0x55cabbdc0860
[LYD INFO in ncclLaunchKernel (enqueue.cc)] NCHANNELS is: 4
[LYD INFO in NCCL_KERN_NAME (common.h)] 14 AllReduce TREE LL Sum double Elapsed time: 90270 us
x3004c0s25b1n0:65428:65428 [2] NCCL INFO AllReduce: opCount 3 sendbuff 0x14c56b600200 recvbuff 0x14c56b600200 count 1 datatype 1 op 0 root 0 comm 0x558d7ec4bd70 [nranks=20] stream 0x558d8317a450
[LYD INFO in ncclLaunchKernel (enqueue.cc)] NCHANNELS is: 4x3004c0s25b1n0:65429:65429 [3] NCCL INFO AllReduce: opCount 3 sendbuff 0x14a213600200 recvbuff 0x14a213600200 count 1 datatype 1 op 0 root 0 comm 0x562e551cbec0 [nranks=20] stream 0x562e72468160
[LYD INFO in ncclLaunchKernel (enqueue.cc)] NCHANNELS is: 4
[LYD INFO in NCCL_KERN_NAME (common.h)] 12 AllReduce TREE LL Sum uint8_t Elapsed time: 56847 us

[LYD INFO in NCCL_KERN_NAME (common.h)] 15 AllReduce TREE LL Sum uint8_t Elapsed time: 28001 us

[LYD INFO in NCCL_KERN_NAME (common.h)] 13 AllReduce TREE LL Sum uint8_t Elapsed time: 73167 us

[LYD INFO in NCCL_KERN_NAME (common.h)] 14 AllReduce TREE LL Sum uint8_t Elapsed time: 41789 us
 > number of parameters on (tensor, pipeline) model parallel rank (0, 12): 39354880
 > number of parameters on (tensor, pipeline) model parallel rank (0, 15): 39354880
 > number of parameters on (tensor, pipeline) model parallel rank (0, 14): 39354880
 > number of parameters on (tensor, pipeline) model parallel rank (0, 13): 39354880
x3004c0s25b1n0:65420:65420 [0] NCCL INFO AllReduce: opCount 4 sendbuff 0x1516a7600400 recvbuff 0x1516a7600400 count 1 datatype 1 op 0 root 0 comm 0x55caa1354790 [nranks=20] stream 0x55cabbdc0860
[LYD INFO in ncclLaunchKernel (enqueue.cc)] NCHANNELS is: 4x3004c0s25b1n0:65429:65429 [3] NCCL INFO AllReduce: opCount 4 sendbuff 0x14a213600400 recvbuff 0x14a213600400 count 1 datatype 1 op 0 root 0 comm 0x562e551cbec0 [nranks=20] stream 0x562e72468160
[LYD INFO in ncclLaunchKernel (enqueue.cc)] NCHANNELS is: 4x3004c0s25b1n0:65428:65428 [2] NCCL INFO AllReduce: opCount 4 sendbuff 0x14c56b600400 recvbuff 0x14c56b600400 count 1 datatype 1 op 0 root 0 comm 0x558d7ec4bd70 [nranks=20] stream 0x558d8317a450
[LYD INFO in ncclLaunchKernel (enqueue.cc)] NCHANNELS is: 4x3004c0s25b1n0:65422:65422 [1] NCCL INFO AllReduce: opCount 4 sendbuff 0x15314f600400 recvbuff 0x15314f600400 count 1 datatype 1 op 0 root 0 comm 0x5590488fb2c0 [nranks=20] stream 0x55904b949cc0
[LYD INFO in ncclLaunchKernel (enqueue.cc)] NCHANNELS is: 4
[LYD INFO in NCCL_KERN_NAME (common.h)] 15 AllReduce TREE LL Sum uint8_t Elapsed time: 2260506 us
x3004c0s25b1n0:65429:65429 [3] NCCL INFO AllReduce: opCount 5 sendbuff 0x14a213615200 recvbuff 0x14a213615200 count 1 datatype 1 op 0 root 0 comm 0x562e551cbec0 [nranks=20] stream 0x562e72468160
[LYD INFO in ncclLaunchKernel (enqueue.cc)] NCHANNELS is: 4
[LYD INFO in NCCL_KERN_NAME (common.h)] 13 AllReduce TREE LL Sum uint8_t Elapsed time: 2231551 us
x3004c0s25b1n0:65422:65422 [1] NCCL INFO AllReduce: opCount 5 sendbuff 0x15314f615200 recvbuff 0x15314f615200 count 1 datatype 1 op 0 root 0 comm 0x5590488fb2c0 [nranks=20] stream 0x55904b949cc0
[LYD INFO in ncclLaunchKernel (enqueue.cc)] NCHANNELS is: 4
[LYD INFO in NCCL_KERN_NAME (common.h)] 12 AllReduce TREE LL Sum uint8_t Elapsed time: 2274132 us
x3004c0s25b1n0:65420:65420 [0] NCCL INFO AllReduce: opCount 5 sendbuff 0x1516a7615200 recvbuff 0x1516a7615200 count 1 datatype 1 op 0 root 0 comm 0x55caa1354790 [nranks=20] stream 0x55cabbdc0860
[LYD INFO in ncclLaunchKernel (enqueue.cc)] NCHANNELS is: 4
[LYD INFO in NCCL_KERN_NAME (common.h)] 14 AllReduce TREE LL Sum uint8_t Elapsed time: 2244117 us
x3004c0s25b1n0:65428:65428 [2] NCCL INFO AllReduce: opCount 5 sendbuff 0x14c56b615200 recvbuff 0x14c56b615200 count 1 datatype 1 op 0 root 0 comm 0x558d7ec4bd70 [nranks=20] stream 0x558d8317a450
[LYD INFO in ncclLaunchKernel (enqueue.cc)] NCHANNELS is: 4
[LYD INFO in NCCL_KERN_NAME (common.h)] 15 AllReduce TREE LL Sum uint8_t Elapsed time: 62039 us
x3004c0s25b1n0:65429:65429 [3] NCCL INFO AllReduce: opCount 6 sendbuff 0x14a213600400 recvbuff 0x14a213600400 count 1 datatype 1 op 0 root 0 comm 0x562e551cbec0 [nranks=20] stream 0x562e72468160
[LYD INFO in ncclLaunchKernel (enqueue.cc)] NCHANNELS is: 4
[LYD INFO in NCCL_KERN_NAME (common.h)] 13 AllReduce TREE LL Sum uint8_t Elapsed time: 59311 us
x3004c0s25b1n0:65422:65422 [1] NCCL INFO AllReduce: opCount 6 sendbuff 0x15314f600400 recvbuff 0x15314f600400 count 1 datatype 1 op 0 root 0 comm 0x5590488fb2c0 [nranks=20] stream 0x55904b949cc0
[LYD INFO in ncclLaunchKernel (enqueue.cc)] NCHANNELS is: 4
[LYD INFO in NCCL_KERN_NAME (common.h)] 14 AllReduce TREE LL Sum uint8_t Elapsed time: 42796 us
x3004c0s25b1n0:65428:65428 [2] NCCL INFO AllReduce: opCount 6 sendbuff 0x14c56b600400 recvbuff 0x14c56b600400 count 1 datatype 1 op 0 root 0 comm 0x558d7ec4bd70 [nranks=20] stream 0x558d8317a450
[LYD INFO in ncclLaunchKernel (enqueue.cc)] NCHANNELS is: 4
[LYD INFO in NCCL_KERN_NAME (common.h)] 12 AllReduce TREE LL Sum uint8_t Elapsed time: 47340 us
x3004c0s25b1n0:65420:65420 [0] NCCL INFO AllReduce: opCount 6 sendbuff 0x1516a7600400 recvbuff 0x1516a7600400 count 1 datatype 1 op 0 root 0 comm 0x55caa1354790 [nranks=20] stream 0x55cabbdc0860
[LYD INFO in ncclLaunchKernel (enqueue.cc)] NCHANNELS is: 4
[LYD INFO in NCCL_KERN_NAME (common.h)] 15 AllReduce TREE LL Sum uint8_t Elapsed time: 52761 us

[LYD INFO in NCCL_KERN_NAME (common.h)] 13 AllReduce TREE LL Sum uint8_t Elapsed time: 52189 us

[LYD INFO in NCCL_KERN_NAME (common.h)] 14 AllReduce TREE LL Sum uint8_t Elapsed time: 40511 us
NCCL version 2.14.3+cuda11.8
x3004c0s25b1n0:65429:65429 [3] NCCL INFO init.cc:1147 Cuda Host Alloc Size 4 pointer 0x14a1d2e00400
NCCL version 2.14.3+cuda11.8
x3004c0s25b1n0:65422:65422 [1] NCCL INFO init.cc:1147 Cuda Host Alloc Size 4 pointer 0x15310ee00400
NCCL version 2.14.3+cuda11.8
x3004c0s25b1n0:65428:65428 [2] NCCL INFO init.cc:1147 Cuda Host Alloc Size 4 pointer 0x14c52ae00400

[LYD INFO in NCCL_KERN_NAME (common.h)] 12 AllReduce TREE LL Sum uint8_t Elapsed time: 26138 us
x3004c0s25b1n0:65422:4679 [1] NCCL INFO Using network IB
x3004c0s25b1n0:65429:4677 [3] NCCL INFO Using network IB
NCCL version 2.14.3+cuda11.8
x3004c0s25b1n0:65420:65420 [0] NCCL INFO init.cc:1147 Cuda Host Alloc Size 4 pointer 0x1516ab400400
x3004c0s25b1n0:65428:4684 [2] NCCL INFO Using network IB
x3004c0s25b1n0:65420:4686 [0] NCCL INFO Using network IB
x3004c0s25b1n0:65428:4684 [2] NCCL INFO NET/IB : GPU Direct RDMA Enabled for HCA 0 'mlx5_0'
x3004c0s25b1n0:65428:4684 [2] NCCL INFO NET/IB : GPU Direct RDMA Enabled for HCA 1 'mlx5_1'
x3004c0s25b1n0:65428:4684 [2] NCCL INFO GPU Direct RDMA Disabled for GPU 85000 / HCA 0 (distance 7 > 4)
x3004c0s25b1n0:65428:4684 [2] NCCL INFO GPU Direct RDMA Disabled for GPU 85000 / HCA 1 (distance 7 > 4)
x3004c0s25b1n0:65428:4684 [2] NCCL INFO === System : maxBw 5000.0 totalBw 0.0 ===
x3004c0s25b1n0:65428:4684 [2] NCCL INFO CPU/1 (1/2/-1)
x3004c0s25b1n0:65428:4684 [2] NCCL INFO + SYS[5000.0] - CPU/0
x3004c0s25b1n0:65428:4684 [2] NCCL INFO + SYS[5000.0] - CPU/2
x3004c0s25b1n0:65428:4684 [2] NCCL INFO + PCI[24.0] - PCI/83000 (11f8406811f8beef)
x3004c0s25b1n0:65428:4684 [2] NCCL INFO               + PCI[24.0] - GPU/85000 (0)
x3004c0s25b1n0:65428:4684 [2] NCCL INFO CPU/0 (1/2/-1)
x3004c0s25b1n0:65428:4684 [2] NCCL INFO + SYS[5000.0] - CPU/1
x3004c0s25b1n0:65428:4684 [2] NCCL INFO + SYS[5000.0] - CPU/2
x3004c0s25b1n0:65428:4684 [2] NCCL INFO + PCI[12.0] - NIC/C8000
x3004c0s25b1n0:65428:4684 [2] NCCL INFO CPU/2 (1/2/-1)
x3004c0s25b1n0:65428:4684 [2] NCCL INFO + SYS[5000.0] - CPU/1
x3004c0s25b1n0:65428:4684 [2] NCCL INFO + SYS[5000.0] - CPU/0
x3004c0s25b1n0:65428:4684 [2] NCCL INFO + PCI[12.0] - NIC/43000
x3004c0s25b1n0:65428:4684 [2] NCCL INFO ==========================================
x3004c0s25b1n0:65428:4684 [2] NCCL INFO GPU/85000 :GPU/85000 (0/5000.000000/LOC) CPU/1 (2/24.000000/PHB) CPU/0 (3/24.000000/SYS) CPU/2 (3/24.000000/SYS) 
x3004c0s25b1n0:65428:4684 [2] NCCL INFO Pattern 4, crossNic 0, nChannels 16, bw 44.000000/44.000000, type LOC/PIX, sameChannels 1
x3004c0s25b1n0:65428:4684 [2] NCCL INFO  0 : GPU/0
x3004c0s25b1n0:65428:4684 [2] NCCL INFO  1 : GPU/0
x3004c0s25b1n0:65428:4684 [2] NCCL INFO  2 : GPU/0
x3004c0s25b1n0:65428:4684 [2] NCCL INFO  3 : GPU/0
x3004c0s25b1n0:65428:4684 [2] NCCL INFO  4 : GPU/0
x3004c0s25b1n0:65428:4684 [2] NCCL INFO  5 : GPU/0
x3004c0s25b1n0:65428:4684 [2] NCCL INFO  6 : GPU/0
x3004c0s25b1n0:65428:4684 [2] NCCL INFO  7 : GPU/0
x3004c0s25b1n0:65428:4684 [2] NCCL INFO  8 : GPU/0
x3004c0s25b1n0:65428:4684 [2] NCCL INFO  9 : GPU/0
x3004c0s25b1n0:65428:4684 [2] NCCL INFO 10 : GPU/0
x3004c0s25b1n0:65428:4684 [2] NCCL INFO 11 : GPU/0
x3004c0s25b1n0:65428:4684 [2] NCCL INFO 12 : GPU/0
x3004c0s25b1n0:65428:4684 [2] NCCL INFO 13 : GPU/0
x3004c0s25b1n0:65428:4684 [2] NCCL INFO 14 : GPU/0
x3004c0s25b1n0:65428:4684 [2] NCCL INFO 15 : GPU/0
x3004c0s25b1n0:65428:4684 [2] NCCL INFO Pattern 3, crossNic 0, nChannels 16, bw 44.000000/44.000000, type LOC/PIX, sameChannels 1
x3004c0s25b1n0:65428:4684 [2] NCCL INFO  0 : GPU/0
x3004c0s25b1n0:65428:4684 [2] NCCL INFO  1 : GPU/0
x3004c0s25b1n0:65428:4684 [2] NCCL INFO  2 : GPU/0
x3004c0s25b1n0:65428:4684 [2] NCCL INFO  3 : GPU/0
x3004c0s25b1n0:65428:4684 [2] NCCL INFO  4 : GPU/0
x3004c0s25b1n0:65428:4684 [2] NCCL INFO  5 : GPU/0
x3004c0s25b1n0:65428:4684 [2] NCCL INFO  6 : GPU/0
x3004c0s25b1n0:65428:4684 [2] NCCL INFO  7 : GPU/0
