x3004c0s1b1n0:11221:16670 [0] NCCL INFO transport/net_ib.cc:696 Ib Alloc Size 552 pointer 0x14b7100c3000
x3004c0s1b1n0:11225:16598 [2] NCCL INFO Channel 03/0 : 3[85000] -> 2[7000] via P2P/IPC/read
x3004c0s1b1n0:11225:16669 [2] NCCL INFO New proxy send connection 11 from local rank 1, transport 0
x3004c0s1b1n0:11221:16670 [0] NCCL INFO transport/net_ib.cc:771 Ib Alloc Size 552 pointer 0x14b7100de000
x3004c0s1b1n0:11221:16670 [0] NCCL INFO transport/net.cc:698 Cuda Host Alloc Size 9641984 pointer 0x14b70b400000
x3004c0s1b1n0:11230:16596 [3] NCCL INFO Channel 03/0 : 3[c7000] -> 2[46000] via P2P/IPC/read
x3004c0s1b1n0:11230:16685 [3] NCCL INFO New proxy send connection 11 from local rank 1, transport 0
x3004c0s1b1n0:11225:16598 [2] NCCL INFO Connection to proxy localRank 1 -> connection 0x153628000f40
x3004c0s1b1n0:11225:16669 [2] NCCL INFO transport/p2p.cc:430 Cuda Alloc Size 6291456 pointer 0x15361f200000
x3004c0s1b1n0:11222:16678 [1] NCCL INFO transport/net_ib.cc:683 Ib Alloc Size 21688 pointer 0x1471e00bc000
x3004c0s1b1n0:11222:16678 [1] NCCL INFO transport/net_ib.cc:696 Ib Alloc Size 552 pointer 0x1471e00c3000
x3004c0s1b1n0:11221:16670 [0] NCCL INFO transport/net_ib.cc:683 Ib Alloc Size 21688 pointer 0x14b7100e0000
x3004c0s1b1n0:11221:16670 [0] NCCL INFO transport/net_ib.cc:696 Ib Alloc Size 552 pointer 0x14b7100e7000
x3004c0s1b1n0:11221:16670 [0] NCCL INFO transport/net_ib.cc:771 Ib Alloc Size 552 pointer 0x14b710102000
x3004c0s1b1n0:11221:16670 [0] NCCL INFO transport/net.cc:698 Cuda Host Alloc Size 9641984 pointer 0x14b708000000
x3004c0s1b1n0:11221:16599 [0] NCCL INFO GPU Direct RDMA Disabled for GPU 7000 / HCA 0 (distance 7 > 4)
x3004c0s1b1n0:11221:16670 [0] NCCL INFO New proxy send connection 10 from local rank 0, transport 2
x3004c0s1b1n0:11230:16596 [3] NCCL INFO Connection to proxy localRank 1 -> connection 0x148f5c000f40
x3004c0s1b1n0:11230:16685 [3] NCCL INFO transport/p2p.cc:430 Cuda Alloc Size 6291456 pointer 0x148f52000000
x3004c0s1b1n0:11222:16678 [1] NCCL INFO transport/net_ib.cc:771 Ib Alloc Size 552 pointer 0x1471e00de000
x3004c0s1b1n0:11222:16678 [1] NCCL INFO transport/net.cc:698 Cuda Host Alloc Size 9641984 pointer 0x1471db400000
x3004c0s1b1n0:11222:16678 [1] NCCL INFO transport/net_ib.cc:683 Ib Alloc Size 21688 pointer 0x1471e00e0000
x3004c0s1b1n0:11222:16678 [1] NCCL INFO transport/net_ib.cc:696 Ib Alloc Size 552 pointer 0x1471e00e7000
x3004c0s1b1n0:11221:16599 [0] NCCL INFO Connection to proxy localRank 0 -> connection 0x14b710000f00
x3004c0s1b1n0:11221:16599 [0] NCCL INFO Channel 00/0 : 2[7000] -> 5[85000] [send] via NET/IB/0
x3004c0s1b1n0:11221:16599 [0] NCCL INFO GPU Direct RDMA Disabled for GPU 7000 / HCA 1 (distance 7 > 4)
x3004c0s1b1n0:11221:16670 [0] NCCL INFO New proxy send connection 11 from local rank 0, transport 2
x3004c0s1b1n0:11222:16678 [1] NCCL INFO transport/net_ib.cc:771 Ib Alloc Size 552 pointer 0x1471e0102000
x3004c0s1b1n0:11222:16678 [1] NCCL INFO transport/net.cc:698 Cuda Host Alloc Size 9641984 pointer 0x1471d8000000
x3004c0s1b1n0:11222:16592 [1] NCCL INFO GPU Direct RDMA Disabled for GPU 46000 / HCA 1 (distance 6 > 4)
x3004c0s1b1n0:11221:16599 [0] NCCL INFO Connection to proxy localRank 0 -> connection 0x14b710000f40
x3004c0s1b1n0:11221:16599 [0] NCCL INFO Channel 01/0 : 2[7000] -> 5[85000] [send] via NET/IB/1
x3004c0s1b1n0:11221:16670 [0] NCCL INFO transport/net_ib.cc:596 Ib Alloc Size 26560 pointer 0x14b71010e000
x3004c0s1b1n0:11221:16670 [0] NCCL INFO NET/IB: Dev 0 Port 1 qpn 12336 mtu 5 GID 0 (80FE/AA0100FEFF000000)
x3004c0s1b1n0:11221:16670 [0] NCCL INFO transport/net_ib.cc:653 Ib Alloc Size 552 pointer 0x14b710125000
x3004c0s1b1n0:11221:16670 [0] NCCL INFO transport/net.cc:571 Cuda Host Alloc Size 9641984 pointer 0x14b708a00000
x3004c0s1b1n0:11222:16678 [1] NCCL INFO New proxy send connection 10 from local rank 0, transport 2
x3004c0s1b1n0:11222:16592 [1] NCCL INFO Connection to proxy localRank 0 -> connection 0x1471e0000f00
x3004c0s1b1n0:11222:16592 [1] NCCL INFO Channel 00/0 : 2[46000] -> 5[c7000] [send] via NET/IB/1
x3004c0s1b1n0:11222:16592 [1] NCCL INFO GPU Direct RDMA Disabled for GPU 46000 / HCA 0 (distance 7 > 4)
x3004c0s1b1n0:11222:16678 [1] NCCL INFO New proxy send connection 11 from local rank 0, transport 2
x3004c0s1b1n0:11221:16670 [0] NCCL INFO transport/net_ib.cc:596 Ib Alloc Size 26560 pointer 0x14b710127000
x3004c0s1b1n0:11222:16592 [1] NCCL INFO Connection to proxy localRank 0 -> connection 0x1471e0000f40
x3004c0s1b1n0:11222:16592 [1] NCCL INFO Channel 01/0 : 2[46000] -> 5[c7000] [send] via NET/IB/0
x3004c0s1b1n0:11221:16670 [0] NCCL INFO NET/IB: Dev 1 Port 1 qpn 12404 mtu 5 GID 0 (80FE/EF0100FEFF000000)
x3004c0s1b1n0:11221:16670 [0] NCCL INFO transport/net_ib.cc:653 Ib Alloc Size 552 pointer 0x14b71013e000
x3004c0s1b1n0:11221:16670 [0] NCCL INFO transport/net.cc:571 Cuda Host Alloc Size 9641984 pointer 0x14b709400000
x3004c0s1b1n0:11222:16678 [1] NCCL INFO transport/net_ib.cc:596 Ib Alloc Size 26560 pointer 0x1471e010e000
x3004c0s1b1n0:11222:16678 [1] NCCL INFO NET/IB: Dev 1 Port 1 qpn 12405 mtu 5 GID 0 (80FE/EF0100FEFF000000)
x3004c0s1b1n0:11222:16678 [1] NCCL INFO transport/net_ib.cc:653 Ib Alloc Size 552 pointer 0x1471e0125000
x3004c0s1b1n0:11222:16678 [1] NCCL INFO transport/net.cc:571 Cuda Host Alloc Size 9641984 pointer 0x1471d8a00000
x3004c0s1b1n0:11221:16599 [0] NCCL INFO GPU Direct RDMA Disabled for GPU 7000 / HCA 0 (distance 7 > 4)
x3004c0s1b1n0:11221:16670 [0] NCCL INFO New proxy recv connection 12 from local rank 0, transport 2
x3004c0s1b1n0:11222:16678 [1] NCCL INFO transport/net_ib.cc:596 Ib Alloc Size 26560 pointer 0x1471e0127000
x3004c0s1b1n0:11221:16599 [0] NCCL INFO Connection to proxy localRank 0 -> connection 0x14b710000f80
x3004c0s1b1n0:11222:16678 [1] NCCL INFO NET/IB: Dev 0 Port 1 qpn 12337 mtu 5 GID 0 (80FE/AA0100FEFF000000)
x3004c0s1b1n0:11222:16678 [1] NCCL INFO transport/net_ib.cc:653 Ib Alloc Size 552 pointer 0x1471e013e000
x3004c0s1b1n0:11222:16678 [1] NCCL INFO transport/net.cc:571 Cuda Host Alloc Size 9641984 pointer 0x1471d9400000
x3004c0s1b1n0:11222:16592 [1] NCCL INFO GPU Direct RDMA Disabled for GPU 46000 / HCA 1 (distance 6 > 4)
x3004c0s1b1n0:11222:16678 [1] NCCL INFO New proxy recv connection 12 from local rank 0, transport 2
x3004c0s1b1n0:11222:16592 [1] NCCL INFO Connection to proxy localRank 0 -> connection 0x1471e0000f80
x3004c0s1b1n0:11221:16599 [0] NCCL INFO Channel 00/0 : 5[85000] -> 2[7000] [receive] via NET/IB/0
x3004c0s1b1n0:11221:16599 [0] NCCL INFO GPU Direct RDMA Disabled for GPU 7000 / HCA 1 (distance 7 > 4)
x3004c0s1b1n0:11221:16670 [0] NCCL INFO New proxy recv connection 13 from local rank 0, transport 2
x3004c0s1b1n0:11221:16599 [0] NCCL INFO Connection to proxy localRank 0 -> connection 0x14b710000fc0
x3004c0s1b1n0:11222:16592 [1] NCCL INFO Channel 00/0 : 5[c7000] -> 2[46000] [receive] via NET/IB/1
x3004c0s1b1n0:11222:16592 [1] NCCL INFO GPU Direct RDMA Disabled for GPU 46000 / HCA 0 (distance 7 > 4)
x3004c0s1b1n0:11222:16678 [1] NCCL INFO New proxy recv connection 13 from local rank 0, transport 2
x3004c0s1b1n0:11222:16592 [1] NCCL INFO Connection to proxy localRank 0 -> connection 0x1471e0000fc0
x3004c0s1b1n0:11221:16599 [0] NCCL INFO Channel 01/0 : 5[85000] -> 2[7000] [receive] via NET/IB/1
x3004c0s1b1n0:11221:16670 [0] NCCL INFO transport/net_ib.cc:683 Ib Alloc Size 21688 pointer 0x14b71014a000
x3004c0s1b1n0:11221:16670 [0] NCCL INFO transport/net_ib.cc:696 Ib Alloc Size 552 pointer 0x14b710151000
x3004c0s1b1n0:11221:16670 [0] NCCL INFO transport/net_ib.cc:771 Ib Alloc Size 552 pointer 0x14b71016c000
x3004c0s1b1n0:11221:16670 [0] NCCL INFO transport/net.cc:698 Cuda Host Alloc Size 9641984 pointer 0x14b706000000
x3004c0s1b1n0:11222:16592 [1] NCCL INFO Channel 01/0 : 5[c7000] -> 2[46000] [receive] via NET/IB/0
x3004c0s1b1n0:11221:16670 [0] NCCL INFO transport/net_ib.cc:683 Ib Alloc Size 21688 pointer 0x14b71016e000
x3004c0s1b1n0:11221:16670 [0] NCCL INFO transport/net_ib.cc:696 Ib Alloc Size 552 pointer 0x14b710175000
x3004c0s1b1n0:11221:16670 [0] NCCL INFO transport/net_ib.cc:771 Ib Alloc Size 552 pointer 0x14b710190000
x3004c0s1b1n0:11221:16670 [0] NCCL INFO transport/net.cc:698 Cuda Host Alloc Size 9641984 pointer 0x14b706a00000
x3004c0s1b1n0:11221:16599 [0] NCCL INFO GPU Direct RDMA Disabled for GPU 7000 / HCA 0 (distance 7 > 4)
x3004c0s1b1n0:11222:16678 [1] NCCL INFO transport/net_ib.cc:683 Ib Alloc Size 21688 pointer 0x1471e014a000
x3004c0s1b1n0:11222:16678 [1] NCCL INFO transport/net_ib.cc:696 Ib Alloc Size 552 pointer 0x1471e0151000
x3004c0s1b1n0:11221:16670 [0] NCCL INFO New proxy send connection 14 from local rank 0, transport 2
x3004c0s1b1n0:11221:16599 [0] NCCL INFO Connection to proxy localRank 0 -> connection 0x14b710001000
x3004c0s1b1n0:11221:16599 [0] NCCL INFO Channel 02/0 : 2[7000] -> 0[7000] [send] via NET/IB/0
x3004c0s1b1n0:11221:16599 [0] NCCL INFO GPU Direct RDMA Disabled for GPU 7000 / HCA 1 (distance 7 > 4)
x3004c0s1b1n0:11222:16678 [1] NCCL INFO transport/net_ib.cc:771 Ib Alloc Size 552 pointer 0x1471e016c000
x3004c0s1b1n0:11222:16678 [1] NCCL INFO transport/net.cc:698 Cuda Host Alloc Size 9641984 pointer 0x1471d6000000
x3004c0s1b1n0:11221:16670 [0] NCCL INFO New proxy send connection 15 from local rank 0, transport 2
x3004c0s1b1n0:11222:16678 [1] NCCL INFO transport/net_ib.cc:683 Ib Alloc Size 21688 pointer 0x1471e016e000
x3004c0s1b1n0:11222:16678 [1] NCCL INFO transport/net_ib.cc:696 Ib Alloc Size 552 pointer 0x1471e0175000
x3004c0s1b1n0:11222:16678 [1] NCCL INFO transport/net_ib.cc:771 Ib Alloc Size 552 pointer 0x1471e0190000
x3004c0s1b1n0:11222:16678 [1] NCCL INFO transport/net.cc:698 Cuda Host Alloc Size 9641984 pointer 0x1471d6a00000
x3004c0s1b1n0:11222:16592 [1] NCCL INFO GPU Direct RDMA Disabled for GPU 46000 / HCA 1 (distance 6 > 4)
x3004c0s1b1n0:11222:16678 [1] NCCL INFO New proxy send connection 14 from local rank 0, transport 2
x3004c0s1b1n0:11221:16599 [0] NCCL INFO Connection to proxy localRank 0 -> connection 0x14b710001040
x3004c0s1b1n0:11221:16599 [0] NCCL INFO Channel 03/0 : 2[7000] -> 0[7000] [send] via NET/IB/1
x3004c0s1b1n0:11221:16670 [0] NCCL INFO transport/net_ib.cc:596 Ib Alloc Size 26560 pointer 0x14b71019c000
x3004c0s1b1n0:11221:16670 [0] NCCL INFO NET/IB: Dev 0 Port 1 qpn 12342 mtu 5 GID 0 (80FE/AA0100FEFF000000)
x3004c0s1b1n0:11221:16670 [0] NCCL INFO transport/net_ib.cc:653 Ib Alloc Size 552 pointer 0x14b7101b3000
x3004c0s1b1n0:11221:16670 [0] NCCL INFO transport/net.cc:571 Cuda Host Alloc Size 9641984 pointer 0x14b707400000
x3004c0s1b1n0:11222:16592 [1] NCCL INFO Connection to proxy localRank 0 -> connection 0x1471e0001000
x3004c0s1b1n0:11222:16592 [1] NCCL INFO Channel 02/0 : 2[46000] -> 0[46000] [send] via NET/IB/1
x3004c0s1b1n0:11222:16592 [1] NCCL INFO GPU Direct RDMA Disabled for GPU 46000 / HCA 0 (distance 7 > 4)
x3004c0s1b1n0:11222:16678 [1] NCCL INFO New proxy send connection 15 from local rank 0, transport 2
x3004c0s1b1n0:11221:16670 [0] NCCL INFO transport/net_ib.cc:596 Ib Alloc Size 26560 pointer 0x14b7101b5000
x3004c0s1b1n0:11221:16670 [0] NCCL INFO NET/IB: Dev 1 Port 1 qpn 12410 mtu 5 GID 0 (80FE/EF0100FEFF000000)
x3004c0s1b1n0:11221:16670 [0] NCCL INFO transport/net_ib.cc:653 Ib Alloc Size 552 pointer 0x14b7101cc000
x3004c0s1b1n0:11221:16670 [0] NCCL INFO transport/net.cc:571 Cuda Host Alloc Size 9641984 pointer 0x14b704000000
x3004c0s1b1n0:11222:16592 [1] NCCL INFO Connection to proxy localRank 0 -> connection 0x1471e0001040
x3004c0s1b1n0:11222:16592 [1] NCCL INFO Channel 03/0 : 2[46000] -> 0[46000] [send] via NET/IB/0
x3004c0s1b1n0:11222:16678 [1] NCCL INFO transport/net_ib.cc:596 Ib Alloc Size 26560 pointer 0x1471e019c000
x3004c0s1b1n0:11222:16678 [1] NCCL INFO NET/IB: Dev 1 Port 1 qpn 12411 mtu 5 GID 0 (80FE/EF0100FEFF000000)
x3004c0s1b1n0:11222:16678 [1] NCCL INFO transport/net_ib.cc:653 Ib Alloc Size 552 pointer 0x1471e01b3000
x3004c0s1b1n0:11222:16678 [1] NCCL INFO transport/net.cc:571 Cuda Host Alloc Size 9641984 pointer 0x1471d7400000
x3004c0s1b1n0:11221:16670 [0] NCCL INFO New proxy recv connection 16 from local rank 0, transport 0
x3004c0s1b1n0:11222:16678 [1] NCCL INFO transport/net_ib.cc:596 Ib Alloc Size 26560 pointer 0x1471e01b5000
x3004c0s1b1n0:11221:16599 [0] NCCL INFO Connection to proxy localRank 0 -> connection 0x14b710001080
x3004c0s1b1n0:11221:16670 [0] NCCL INFO transport/p2p.cc:449 Cuda Alloc Size 6291456 pointer 0x14b704a00000
x3004c0s1b1n0:11222:16678 [1] NCCL INFO NET/IB: Dev 0 Port 1 qpn 12343 mtu 5 GID 0 (80FE/AA0100FEFF000000)
x3004c0s1b1n0:11222:16678 [1] NCCL INFO transport/net_ib.cc:653 Ib Alloc Size 552 pointer 0x1471e01cc000
x3004c0s1b1n0:11222:16678 [1] NCCL INFO transport/net.cc:571 Cuda Host Alloc Size 9641984 pointer 0x1471d4000000
x3004c0s1b1n0:11221:16670 [0] NCCL INFO New proxy recv connection 17 from local rank 0, transport 0
x3004c0s1b1n0:11221:16599 [0] NCCL INFO Connection to proxy localRank 0 -> connection 0x14b7100010c0
x3004c0s1b1n0:11222:16678 [1] NCCL INFO New proxy recv connection 16 from local rank 0, transport 0
x3004c0s1b1n0:11222:16592 [1] NCCL INFO Connection to proxy localRank 0 -> connection 0x1471e0001080
x3004c0s1b1n0:11221:16670 [0] NCCL INFO transport/p2p.cc:449 Cuda Alloc Size 6291456 pointer 0x14b705000000
x3004c0s1b1n0:11222:16678 [1] NCCL INFO transport/p2p.cc:449 Cuda Alloc Size 6291456 pointer 0x1471d4a00000
x3004c0s1b1n0:11222:16678 [1] NCCL INFO New proxy recv connection 17 from local rank 0, transport 0
x3004c0s1b1n0:11221:16670 [0] NCCL INFO New proxy recv connection 18 from local rank 0, transport 0
x3004c0s1b1n0:11221:16599 [0] NCCL INFO Connection to proxy localRank 0 -> connection 0x14b710001100
x3004c0s1b1n0:11222:16592 [1] NCCL INFO Connection to proxy localRank 0 -> connection 0x1471e00010c0
x3004c0s1b1n0:11222:16678 [1] NCCL INFO transport/p2p.cc:449 Cuda Alloc Size 6291456 pointer 0x1471d5000000
x3004c0s1b1n0:11221:16670 [0] NCCL INFO transport/p2p.cc:449 Cuda Alloc Size 6291456 pointer 0x14b705600000
x3004c0s1b1n0:11221:16670 [0] NCCL INFO New proxy recv connection 19 from local rank 0, transport 0
x3004c0s1b1n0:11222:16678 [1] NCCL INFO New proxy recv connection 18 from local rank 0, transport 0
x3004c0s1b1n0:11221:16599 [0] NCCL INFO Connection to proxy localRank 0 -> connection 0x14b710001140
x3004c0s1b1n0:11221:16670 [0] NCCL INFO transport/p2p.cc:449 Cuda Alloc Size 6291456 pointer 0x14b70da00000
x3004c0s1b1n0:11222:16592 [1] NCCL INFO Connection to proxy localRank 0 -> connection 0x1471e0001100
x3004c0s1b1n0:11222:16678 [1] NCCL INFO transport/p2p.cc:449 Cuda Alloc Size 6291456 pointer 0x1471d5600000
x3004c0s1b1n0:11221:16599 [0] NCCL INFO Connected all trees by HAO
x3004c0s1b1n0:11221:16599 [0] NCCL INFO threadThresholds 8/8/64 | 80/8/64 | 512 | 512
x3004c0s1b1n0:11221:16599 [0] NCCL INFO 4 coll channels, 4 p2p channels, 2 p2p channels per peer
x3004c0s1b1n0:11221:16670 [0] NCCL INFO New proxy send connection 20 from local rank 0, transport 2
x3004c0s1b1n0:11221:16599 [0] NCCL INFO Connection to proxy localRank 0 -> connection 0x14b710001180
x3004c0s1b1n0:11225:16598 [2] NCCL INFO Connected all trees by HAO
x3004c0s1b1n0:11225:16598 [2] NCCL INFO threadThresholds 8/8/64 | 80/8/64 | 512 | 512
x3004c0s1b1n0:11225:16598 [2] NCCL INFO 4 coll channels, 4 p2p channels, 2 p2p channels per peer
x3004c0s1b1n0:11225:16669 [2] NCCL INFO New proxy send connection 12 from local rank 1, transport 2
x3004c0s1b1n0:11222:16678 [1] NCCL INFO New proxy recv connection 19 from local rank 0, transport 0
x3004c0s1b1n0:11222:16592 [1] NCCL INFO Connection to proxy localRank 0 -> connection 0x1471e0001140
x3004c0s1b1n0:11221:16670 [0] NCCL INFO transport/net.cc:376 Cuda Alloc Size 8388608 pointer 0x14b703800000
x3004c0s1b1n0:11222:16678 [1] NCCL INFO transport/p2p.cc:449 Cuda Alloc Size 6291456 pointer 0x1471d2000000
x3004c0s1b1n0:11225:16598 [2] NCCL INFO Connection to proxy localRank 1 -> connection 0x153628000f80
x3004c0s1b1n0:11225:16598 [2] NCCL INFO init.cc:367 Cuda Alloc Size 5168 pointer 0x1536a1814400
x3004c0s1b1n0:11221:16599 [0] NCCL INFO init.cc:367 Cuda Alloc Size 5168 pointer 0x14b78b814400
x3004c0s1b1n0:11221:16599 [0] NCCL INFO init.cc:392 Cuda Host Alloc Size 33554432 pointer 0x14b700000000
x3004c0s1b1n0:11221:16599 [0] NCCL INFO init.cc:398 Cuda Host Alloc Size 128 pointer 0x14b78ae00a00
x3004c0s1b1n0:11221:16599 [0] NCCL INFO comm 0x55fe31152150 rank 2 nranks 10 cudaDev 0 busId 7000 - Init COMPLETE
x3004c0s1b1n0:11225:16598 [2] NCCL INFO init.cc:392 Cuda Host Alloc Size 33554432 pointer 0x15361a000000
x3004c0s1b1n0:11225:16598 [2] NCCL INFO init.cc:398 Cuda Host Alloc Size 128 pointer 0x1536a0e00a00
x3004c0s1b1n0:11225:16598 [2] NCCL INFO comm 0x5590050116a0 rank 3 nranks 10 cudaDev 2 busId 85000 - Init COMPLETE
x3004c0s1b1n0:11225:16669 [2] NCCL INFO transport/net.cc:376 Cuda Alloc Size 8388608 pointer 0x15361d200000
x3004c0s1b1n0:11222:16592 [1] NCCL INFO Connected all trees by HAO
x3004c0s1b1n0:11222:16592 [1] NCCL INFO threadThresholds 8/8/64 | 80/8/64 | 512 | 512
x3004c0s1b1n0:11222:16592 [1] NCCL INFO 4 coll channels, 4 p2p channels, 2 p2p channels per peer
x3004c0s1b1n0:11230:16596 [3] NCCL INFO Connected all trees by HAO
x3004c0s1b1n0:11230:16596 [3] NCCL INFO threadThresholds 8/8/64 | 80/8/64 | 512 | 512
x3004c0s1b1n0:11230:16596 [3] NCCL INFO 4 coll channels, 4 p2p channels, 2 p2p channels per peer
x3004c0s1b1n0:11230:16685 [3] NCCL INFO New proxy send connection 12 from local rank 1, transport 2
x3004c0s1b1n0:11222:16678 [1] NCCL INFO New proxy send connection 20 from local rank 0, transport 2
x3004c0s1b1n0:11222:16592 [1] NCCL INFO Connection to proxy localRank 0 -> connection 0x1471e0001180
x3004c0s1b1n0:11221:11221 [0] NCCL INFO AllReduce: opCount 0 sendbuff 0x14b7cb600400 recvbuff 0x14b7cb600400 count 1 datatype 4 op 0 root 0 comm 0x55fe31152150 [nranks=10] stream 0x55fe2e05b530
x3004c0s1b1n0:11221:11221 [0] NCCL INFO misc/utils.cc:235 memory stack hunk malloc(65536)
[LYD INFO in ncclLaunchKernel (enqueue.cc)] NCHANNELS is: 4x3004c0s1b1n0:11230:16596 [3] NCCL INFO Connection to proxy localRank 1 -> connection 0x148f5c000f80
x3004c0s1b1n0:11230:16596 [3] NCCL INFO init.cc:367 Cuda Alloc Size 5168 pointer 0x148fd1814400
x3004c0s1b1n0:11225:11225 [2] NCCL INFO AllReduce: opCount 0 sendbuff 0x1536df600400 recvbuff 0x1536df600400 count 1 datatype 4 op 0 root 0 comm 0x5590050116a0 [nranks=10] stream 0x559001e32670
x3004c0s1b1n0:11225:11225 [2] NCCL INFO misc/utils.cc:235 memory stack hunk malloc(65536)
[LYD INFO in ncclLaunchKernel (enqueue.cc)] NCHANNELS is: 4x3004c0s1b1n0:11230:16596 [3] NCCL INFO init.cc:392 Cuda Host Alloc Size 33554432 pointer 0x148f50000000
x3004c0s1b1n0:11222:16592 [1] NCCL INFO init.cc:367 Cuda Alloc Size 5168 pointer 0x147257814400
x3004c0s1b1n0:11230:16596 [3] NCCL INFO init.cc:398 Cuda Host Alloc Size 128 pointer 0x148fd0e00a00
x3004c0s1b1n0:11230:16596 [3] NCCL INFO comm 0x5576eaec3460 rank 3 nranks 10 cudaDev 3 busId c7000 - Init COMPLETE
x3004c0s1b1n0:11230:11230 [3] NCCL INFO AllReduce: opCount 0 sendbuff 0x14900f600400 recvbuff 0x14900f600400 count 1 datatype 4 op 0 root 0 comm 0x5576eaec3460 [nranks=10] stream 0x5576e96372a0
x3004c0s1b1n0:11230:11230 [3] NCCL INFO misc/utils.cc:235 memory stack hunk malloc(65536)
[LYD INFO in ncclLaunchKernel (enqueue.cc)] NCHANNELS is: 4x3004c0s1b1n0:11222:16592 [1] NCCL INFO init.cc:392 Cuda Host Alloc Size 33554432 pointer 0x1471d0000000
x3004c0s1b1n0:11222:16592 [1] NCCL INFO init.cc:398 Cuda Host Alloc Size 128 pointer 0x147256e00a00
x3004c0s1b1n0:11222:16592 [1] NCCL INFO comm 0x55a40ca82d70 rank 2 nranks 10 cudaDev 1 busId 46000 - Init COMPLETE
x3004c0s1b1n0:11222:16678 [1] NCCL INFO transport/net.cc:376 Cuda Alloc Size 8388608 pointer 0x1471ce000000
x3004c0s1b1n0:11222:11222 [1] NCCL INFO AllReduce: opCount 0 sendbuff 0x14729b600400 recvbuff 0x14729b600400 count 1 datatype 4 op 0 root 0 comm 0x55a40ca82d70 [nranks=10] stream 0x55a4098aadf0
x3004c0s1b1n0:11222:11222 [1] NCCL INFO misc/utils.cc:235 memory stack hunk malloc(65536)
[LYD INFO in ncclLaunchKernel (enqueue.cc)] NCHANNELS is: 4
[LYD INFO in NCCL_KERN_NAME (common.h)] 2 AllReduce TREE LL Sum int64_t Elapsed time: 1794744 us

[LYD INFO in NCCL_KERN_NAME (common.h)] 3 AllReduce TREE LL Sum int64_t Elapsed time: 1762919 us
[Hao INFO in ncclAllReduce (all_reduce.cc)] rank 2 ncclAllReduce: count: 1, datatype: ncclInt64, message size: 8 Bytes
x3004c0s1b1n0:11225:11225 [2] NCCL INFO AllReduce: opCount 1 sendbuff 0x1536df600400 recvbuff 0x1536df600400 count 1 datatype 4 op 0 root 0 comm 0x55900343b990 [nranks=2] stream 0x559001e32530

[LYD INFO in ncclAllReduce (all_reduce.cc)] rank 0 AllReduce Time: 0.000021000 seconds

[LYD INFO in getAlgoInfo (enqueue.cc)] algorithm a is: 0

[LYD INFO in getAlgoInfo (enqueue.cc)] algorithm a is: 1

[LYD INFO in getAlgoInfo (enqueue.cc)] rank: 0, Duration between Point 1 and Point 2: 0.000003000 seconds

[LYD INFO in getAlgoInfo (enqueue.cc)] rank 0, Duration between Point 2 and Point 3: 0.000000000 seconds
[LYD INFO in getAlgoInfo (enqueue.cc)] out rank: 0
[LYD INFO in getAlgoInfo (enqueue.cc)] out coll: 4
[LYD INFO in getAlgoInfo (enqueue.cc)] out sendbuff address: 0x1536df600400
[LYD INFO in getAlgoInfo (enqueue.cc)] out recvbuff address: 0x1536df600400
[LYD INFO in getAlgoInfo (enqueue.cc)] out count: 1
[LYD INFO in getAlgoInfo (enqueue.cc)] out datatype: 4
[LYD INFO in getAlgoInfo (enqueue.cc)] out chunkSteps: 4
[LYD INFO in getAlgoInfo (enqueue.cc)] out sliceSteps: 2
[LYD INFO in getAlgoInfo (enqueue.cc)] out algorithm: 1
[LYD INFO in getAlgoInfo (enqueue.cc)] out protocol: 0
[LYD INFO in getAlgoInfo (enqueue.cc)] out nChannels: 1
[LYD INFO in getAlgoInfo (enqueue.cc)] out nThreads: 96
[LYD INFO in getAlgoInfo (enqueue.cc)] out nBytes: 8
[LYD INFO in getAlgoInfo (enqueue.cc)] out nstepsPerLoop: 0
[LYD INFO in getAlgoInfo (enqueue.cc)] out nchunksPerLoop: 0
[LYD INFO in getAlgoInfo (enqueue.cc)] out chunkSize: 0
[LYD INFO in ncclLaunchKernel (enqueue.cc)] NCHANNELS is: 8x3004c0s1b1n0:11225:11225 [2] NCCL INFO AllReduce: opCount 1 sendbuff 0x1536df600400 recvbuff 0x1536df600400 count 1 datatype 4 op 0 root 0 comm 0x5590050116a0 [nranks=10] stream 0x559001e32670
[LYD INFO in ncclLaunchKernel (enqueue.cc)] NCHANNELS is: 4[Hao INFO in ncclAllReduce (all_reduce.cc)] rank 0 ncclAllReduce: count: 1, datatype: ncclInt64, message size: 8 Bytes
x3004c0s1b1n0:11221:11221 [0] NCCL INFO AllReduce: opCount 1 sendbuff 0x14b7cb600400 recvbuff 0x14b7cb600400 count 1 datatype 4 op 0 root 0 comm 0x55fe311141c0 [nranks=2] stream 0x55fe2e05b3f0

[LYD INFO in ncclAllReduce (all_reduce.cc)] rank 0 AllReduce Time: 0.000018000 seconds

[LYD INFO in getAlgoInfo (enqueue.cc)] algorithm a is: 0

[LYD INFO in getAlgoInfo (enqueue.cc)] algorithm a is: 1

[LYD INFO in getAlgoInfo (enqueue.cc)] rank: 0, Duration between Point 1 and Point 2: 0.000003000 seconds

[LYD INFO in getAlgoInfo (enqueue.cc)] rank 0, Duration between Point 2 and Point 3: 0.000000000 seconds
[LYD INFO in getAlgoInfo (enqueue.cc)] out rank: 0
[LYD INFO in getAlgoInfo (enqueue.cc)] out coll: 4
[LYD INFO in getAlgoInfo (enqueue.cc)] out sendbuff address: 0x14b7cb600400
[LYD INFO in getAlgoInfo (enqueue.cc)] out recvbuff address: 0x14b7cb600400
[LYD INFO in getAlgoInfo (enqueue.cc)] out count: 1
[LYD INFO in getAlgoInfo (enqueue.cc)] out datatype: 4
[LYD INFO in getAlgoInfo (enqueue.cc)] out chunkSteps: 4
[LYD INFO in getAlgoInfo (enqueue.cc)] out sliceSteps: 2
[LYD INFO in getAlgoInfo (enqueue.cc)] out algorithm: 1
[LYD INFO in getAlgoInfo (enqueue.cc)] out protocol: 0
[LYD INFO in getAlgoInfo (enqueue.cc)] out nChannels: 1
[LYD INFO in getAlgoInfo (enqueue.cc)] out nThreads: 96
[LYD INFO in getAlgoInfo (enqueue.cc)] out nBytes: 8
[LYD INFO in getAlgoInfo (enqueue.cc)] out nstepsPerLoop: 0
[LYD INFO in getAlgoInfo (enqueue.cc)] out nchunksPerLoop: 0
[LYD INFO in getAlgoInfo (enqueue.cc)] out chunkSize: 0
[LYD INFO in ncclLaunchKernel (enqueue.cc)] NCHANNELS is: 8x3004c0s1b1n0:11221:11221 [0] NCCL INFO AllReduce: opCount 1 sendbuff 0x14b7cb600400 recvbuff 0x14b7cb600400 count 1 datatype 4 op 0 root 0 comm 0x55fe31152150 [nranks=10] stream 0x55fe2e05b530
[LYD INFO in ncclLaunchKernel (enqueue.cc)] NCHANNELS is: 4
[LYD INFO in NCCL_KERN_NAME (common.h)] 2 AllReduce TREE LL Sum int64_t Elapsed time: 2062612 us

[LYD INFO in NCCL_KERN_NAME (common.h)] 3 AllReduce TREE LL Sum int64_t Elapsed time: 2123148 us
x3004c0s1b1n0:11230:16685 [3] NCCL INFO transport/net.cc:376 Cuda Alloc Size 8388608 pointer 0x148f4e000000
x3004c0s1b1n0:11230:11230 [3] NCCL INFO AllReduce: opCount 1 sendbuff 0x14900f600400 recvbuff 0x14900f600400 count 1 datatype 4 op 0 root 0 comm 0x5576eaf3cbb0 [nranks=2] stream 0x5576e9657d10
[LYD INFO in ncclLaunchKernel (enqueue.cc)] NCHANNELS is: 8x3004c0s1b1n0:11230:11230 [3] NCCL INFO AllReduce: opCount 1 sendbuff 0x14900f600400 recvbuff 0x14900f600400 count 1 datatype 4 op 0 root 0 comm 0x5576eaec3460 [nranks=10] stream 0x5576e96372a0
[LYD INFO in ncclLaunchKernel (enqueue.cc)] NCHANNELS is: 4x3004c0s1b1n0:11222:11222 [1] NCCL INFO AllReduce: opCount 1 sendbuff 0x14729b600400 recvbuff 0x14729b600400 count 1 datatype 4 op 0 root 0 comm 0x55a40ca01fc0 [nranks=2] stream 0x55a409acfa00
[LYD INFO in ncclLaunchKernel (enqueue.cc)] NCHANNELS is: 8x3004c0s1b1n0:11222:11222 [1] NCCL INFO AllReduce: opCount 1 sendbuff 0x14729b600400 recvbuff 0x14729b600400 count 1 datatype 4 op 0 root 0 comm 0x55a40ca82d70 [nranks=10] stream 0x55a4098aadf0
[LYD INFO in ncclLaunchKernel (enqueue.cc)] NCHANNELS is: 4
[LYD INFO in NCCL_KERN_NAME (common.h)] 1 AllReduce RING LL Sum int64_t Elapsed time: 8 us

[LYD INFO in NCCL_KERN_NAME (common.h)] 0 AllReduce RING LL Sum int64_t Elapsed time: 419336 us

[LYD INFO in NCCL_KERN_NAME (common.h)] 1 AllReduce RING LL Sum int64_t Elapsed time: 8 us

[LYD INFO in NCCL_KERN_NAME (common.h)] 0 AllReduce RING LL Sum int64_t Elapsed time: 420152 us
