x3001c0s31b1n0:36268:42540 [1] NCCL INFO Channel 07/32 :    0
x3001c0s31b1n0:36268:42540 [1] NCCL INFO Channel 08/32 :    0
x3001c0s31b1n0:36268:42540 [1] NCCL INFO Channel 09/32 :    0
x3001c0s31b1n0:36268:42540 [1] NCCL INFO Channel 10/32 :    0
x3001c0s31b1n0:36268:42540 [1] NCCL INFO Channel 11/32 :    0
x3001c0s31b1n0:36268:42540 [1] NCCL INFO Channel 12/32 :    0
x3001c0s31b1n0:36268:42540 [1] NCCL INFO Channel 13/32 :    0
x3001c0s31b1n0:36268:42540 [1] NCCL INFO Channel 14/32 :    0
x3001c0s31b1n0:36268:42540 [1] NCCL INFO Channel 15/32 :    0
x3001c0s31b1n0:36268:42540 [1] NCCL INFO Channel 16/32 :    0
x3001c0s31b1n0:36268:42540 [1] NCCL INFO Channel 17/32 :    0
x3001c0s31b1n0:36268:42540 [1] NCCL INFO Channel 18/32 :    0
x3001c0s31b1n0:36268:42540 [1] NCCL INFO Channel 19/32 :    0
x3001c0s31b1n0:36268:42540 [1] NCCL INFO Channel 20/32 :    0
x3001c0s31b1n0:36268:42540 [1] NCCL INFO Channel 21/32 :    0
x3001c0s31b1n0:36268:42540 [1] NCCL INFO Channel 22/32 :    0
x3001c0s31b1n0:36268:42540 [1] NCCL INFO Channel 23/32 :    0
x3001c0s31b1n0:36268:42540 [1] NCCL INFO Channel 24/32 :    0
x3001c0s31b1n0:36268:42540 [1] NCCL INFO Channel 25/32 :    0
x3001c0s31b1n0:36268:42540 [1] NCCL INFO Channel 26/32 :    0
x3001c0s31b1n0:36268:42540 [1] NCCL INFO Channel 27/32 :    0
x3001c0s31b1n0:36268:42540 [1] NCCL INFO Channel 28/32 :    0
x3001c0s31b1n0:36268:42540 [1] NCCL INFO Channel 29/32 :    0
x3001c0s31b1n0:36268:42540 [1] NCCL INFO Channel 30/32 :    0
x3001c0s31b1n0:36268:42540 [1] NCCL INFO Channel 31/32 :    0
x3001c0s31b1n0:36268:42540 [1] NCCL INFO Ring 00 : 0 -> 0 -> 0
x3001c0s31b1n0:36268:42540 [1] NCCL INFO Ring 01 : 0 -> 0 -> 0
x3001c0s31b1n0:36268:42540 [1] NCCL INFO Ring 02 : 0 -> 0 -> 0
x3001c0s31b1n0:36268:42540 [1] NCCL INFO Ring 03 : 0 -> 0 -> 0
x3001c0s31b1n0:36268:42540 [1] NCCL INFO Ring 04 : 0 -> 0 -> 0
x3001c0s31b1n0:36268:42540 [1] NCCL INFO Ring 05 : 0 -> 0 -> 0
x3001c0s31b1n0:36268:42540 [1] NCCL INFO Ring 06 : 0 -> 0 -> 0
x3001c0s31b1n0:36268:42540 [1] NCCL INFO Ring 07 : 0 -> 0 -> 0
x3001c0s31b1n0:36268:42540 [1] NCCL INFO Ring 08 : 0 -> 0 -> 0
x3001c0s31b1n0:36268:42540 [1] NCCL INFO Ring 09 : 0 -> 0 -> 0
x3001c0s31b1n0:36268:42540 [1] NCCL INFO Ring 10 : 0 -> 0 -> 0
x3001c0s31b1n0:36268:42540 [1] NCCL INFO Ring 11 : 0 -> 0 -> 0
x3001c0s31b1n0:36268:42540 [1] NCCL INFO Ring 12 : 0 -> 0 -> 0
x3001c0s31b1n0:36268:42540 [1] NCCL INFO Ring 13 : 0 -> 0 -> 0
x3001c0s31b1n0:36268:42540 [1] NCCL INFO Ring 14 : 0 -> 0 -> 0
x3001c0s31b1n0:36268:42540 [1] NCCL INFO Ring 15 : 0 -> 0 -> 0
x3001c0s31b1n0:36268:42540 [1] NCCL INFO Ring 16 : 0 -> 0 -> 0
x3001c0s31b1n0:36268:42540 [1] NCCL INFO Ring 17 : 0 -> 0 -> 0
x3001c0s31b1n0:36268:42540 [1] NCCL INFO Ring 18 : 0 -> 0 -> 0
x3001c0s31b1n0:36268:42540 [1] NCCL INFO Ring 19 : 0 -> 0 -> 0
x3001c0s31b1n0:36268:42540 [1] NCCL INFO Ring 20 : 0 -> 0 -> 0
x3001c0s31b1n0:36268:42540 [1] NCCL INFO Ring 21 : 0 -> 0 -> 0
x3001c0s31b1n0:36268:42540 [1] NCCL INFO Ring 22 : 0 -> 0 -> 0
x3001c0s31b1n0:36268:42540 [1] NCCL INFO Ring 23 : 0 -> 0 -> 0
x3001c0s31b1n0:36268:42540 [1] NCCL INFO Ring 24 : 0 -> 0 -> 0
x3001c0s31b1n0:36268:42540 [1] NCCL INFO Ring 25 : 0 -> 0 -> 0
x3001c0s31b1n0:36268:42540 [1] NCCL INFO Ring 26 : 0 -> 0 -> 0
x3001c0s31b1n0:36268:42540 [1] NCCL INFO Ring 27 : 0 -> 0 -> 0
x3001c0s31b1n0:36268:42540 [1] NCCL INFO Ring 28 : 0 -> 0 -> 0
x3001c0s31b1n0:36268:42540 [1] NCCL INFO Ring 29 : 0 -> 0 -> 0
x3001c0s31b1n0:36268:42540 [1] NCCL INFO Ring 30 : 0 -> 0 -> 0
x3001c0s31b1n0:36268:42540 [1] NCCL INFO Ring 31 : 0 -> 0 -> 0
x3001c0s31b1n0:36268:42540 [1] NCCL INFO Trees [0] -1/-1/-1->0->-1 [1] -1/-1/-1->0->-1 [2] -1/-1/-1->0->-1 [3] -1/-1/-1->0->-1 [4] -1/-1/-1->0->-1 [5] -1/-1/-1->0->-1 [6] -1/-1/-1->0->-1 [7] -1/-1/-1->0->-1 [8] -1/-1/-1->0->-1 [9] -1/-1/-1->0->-1 [10] -1/-1/-1->0->-1 [11] -1/-1/-1->0->-1 [12] -1/-1/-1->0->-1 [13] -1/-1/-1->0->-1 [14] -1/-1/-1->0->-1 [15] -1/-1/-1->0->-1 [16] -1/-1/-1->0->-1 [17] -1/-1/-1->0->-1 [18] -1/-1/-1->0->-1 [19] -1/-1/-1->0->-1 [20] -1/-1/-1->0->-1 [21] -1/-1/-1->0->-1 [22] -1/-1/-1->0->-1 [23] -1/-1/-1->0->-1 [24] -1/-1/-1->0->-1 [25] -1/-1/-1->0->-1 [26] -1/-1/-1->0->-1 [27] -1/-1/-1->0->-1 [28] -1/-1/-1->0->-1 [29] -1/-1/-1->0->-1 [30] -1/-1/-1->0->-1 [31] -1/-1/-1->0->-1
x3001c0s31b1n0:36268:42540 [1] NCCL INFO misc/utils.cc:235 memory stack hunk malloc(65536)
x3001c0s31b1n0:36268:42540 [1] NCCL INFO channel.cc:23 Cuda Alloc Size 768 pointer 0x149add86f000
x3001c0s31b1n0:36268:42540 [1] NCCL INFO channel.cc:27 Cuda Alloc Size 4 pointer 0x149add86f400
x3001c0s31b1n0:36268:42540 [1] NCCL INFO channel.cc:23 Cuda Alloc Size 768 pointer 0x149add86f600
x3001c0s31b1n0:36268:42540 [1] NCCL INFO channel.cc:27 Cuda Alloc Size 4 pointer 0x149add86fa00
x3001c0s31b1n0:36268:42540 [1] NCCL INFO channel.cc:23 Cuda Alloc Size 768 pointer 0x149add86fc00
x3001c0s31b1n0:36268:42540 [1] NCCL INFO channel.cc:27 Cuda Alloc Size 4 pointer 0x149add870000
x3001c0s31b1n0:36268:42540 [1] NCCL INFO channel.cc:23 Cuda Alloc Size 768 pointer 0x149add870200
x3001c0s31b1n0:36268:42540 [1] NCCL INFO channel.cc:27 Cuda Alloc Size 4 pointer 0x149add870600
x3001c0s31b1n0:36268:42540 [1] NCCL INFO channel.cc:23 Cuda Alloc Size 768 pointer 0x149add870800
x3001c0s31b1n0:36268:42540 [1] NCCL INFO channel.cc:27 Cuda Alloc Size 4 pointer 0x149add870c00
x3001c0s31b1n0:36268:42540 [1] NCCL INFO channel.cc:23 Cuda Alloc Size 768 pointer 0x149add870e00
x3001c0s31b1n0:36268:42540 [1] NCCL INFO channel.cc:27 Cuda Alloc Size 4 pointer 0x149add871200
x3001c0s31b1n0:36268:42540 [1] NCCL INFO channel.cc:23 Cuda Alloc Size 768 pointer 0x149add871400
x3001c0s31b1n0:36268:42540 [1] NCCL INFO channel.cc:27 Cuda Alloc Size 4 pointer 0x149add871800
x3001c0s31b1n0:36268:42540 [1] NCCL INFO channel.cc:23 Cuda Alloc Size 768 pointer 0x149add871a00
x3001c0s31b1n0:36268:42540 [1] NCCL INFO channel.cc:27 Cuda Alloc Size 4 pointer 0x149add871e00
x3001c0s31b1n0:36268:42540 [1] NCCL INFO channel.cc:23 Cuda Alloc Size 768 pointer 0x149add872000
x3001c0s31b1n0:36268:42540 [1] NCCL INFO channel.cc:27 Cuda Alloc Size 4 pointer 0x149add872400
x3001c0s31b1n0:36268:42540 [1] NCCL INFO channel.cc:23 Cuda Alloc Size 768 pointer 0x149add872600
x3001c0s31b1n0:36268:42540 [1] NCCL INFO channel.cc:27 Cuda Alloc Size 4 pointer 0x149add872a00
x3001c0s31b1n0:36268:42540 [1] NCCL INFO channel.cc:23 Cuda Alloc Size 768 pointer 0x149add872c00
x3001c0s31b1n0:36268:42540 [1] NCCL INFO channel.cc:27 Cuda Alloc Size 4 pointer 0x149add873000
x3001c0s31b1n0:36268:42540 [1] NCCL INFO channel.cc:23 Cuda Alloc Size 768 pointer 0x149add873200
x3001c0s31b1n0:36268:42540 [1] NCCL INFO channel.cc:27 Cuda Alloc Size 4 pointer 0x149add873600
x3001c0s31b1n0:36268:42540 [1] NCCL INFO channel.cc:23 Cuda Alloc Size 768 pointer 0x149add873800
x3001c0s31b1n0:36268:42540 [1] NCCL INFO channel.cc:27 Cuda Alloc Size 4 pointer 0x149add873c00
x3001c0s31b1n0:36268:42540 [1] NCCL INFO channel.cc:23 Cuda Alloc Size 768 pointer 0x149add873e00
x3001c0s31b1n0:36268:42540 [1] NCCL INFO channel.cc:27 Cuda Alloc Size 4 pointer 0x149add874200
x3001c0s31b1n0:36268:42540 [1] NCCL INFO channel.cc:23 Cuda Alloc Size 768 pointer 0x149add874400
x3001c0s31b1n0:36268:42540 [1] NCCL INFO channel.cc:27 Cuda Alloc Size 4 pointer 0x149add874800
x3001c0s31b1n0:36268:42540 [1] NCCL INFO channel.cc:23 Cuda Alloc Size 768 pointer 0x149add874a00
x3001c0s31b1n0:36268:42540 [1] NCCL INFO channel.cc:27 Cuda Alloc Size 4 pointer 0x149add874e00
x3001c0s31b1n0:36268:42540 [1] NCCL INFO channel.cc:23 Cuda Alloc Size 768 pointer 0x149add875000
x3001c0s31b1n0:36268:42540 [1] NCCL INFO channel.cc:27 Cuda Alloc Size 4 pointer 0x149add875400
x3001c0s31b1n0:36268:42540 [1] NCCL INFO channel.cc:23 Cuda Alloc Size 768 pointer 0x149add875600
x3001c0s31b1n0:36268:42540 [1] NCCL INFO channel.cc:27 Cuda Alloc Size 4 pointer 0x149add875a00
x3001c0s31b1n0:36268:42540 [1] NCCL INFO channel.cc:23 Cuda Alloc Size 768 pointer 0x149add875c00
x3001c0s31b1n0:36268:42540 [1] NCCL INFO channel.cc:27 Cuda Alloc Size 4 pointer 0x149add876000
x3001c0s31b1n0:36268:42540 [1] NCCL INFO channel.cc:23 Cuda Alloc Size 768 pointer 0x149add876200
x3001c0s31b1n0:36268:42540 [1] NCCL INFO channel.cc:27 Cuda Alloc Size 4 pointer 0x149add876600
x3001c0s31b1n0:36268:42540 [1] NCCL INFO channel.cc:23 Cuda Alloc Size 768 pointer 0x149add876800
x3001c0s31b1n0:36268:42540 [1] NCCL INFO channel.cc:27 Cuda Alloc Size 4 pointer 0x149add876c00
x3001c0s31b1n0:36268:42540 [1] NCCL INFO channel.cc:23 Cuda Alloc Size 768 pointer 0x149add876e00
x3001c0s31b1n0:36268:42540 [1] NCCL INFO channel.cc:27 Cuda Alloc Size 4 pointer 0x149add877200
x3001c0s31b1n0:36268:42540 [1] NCCL INFO channel.cc:23 Cuda Alloc Size 768 pointer 0x149add877400
x3001c0s31b1n0:36268:42540 [1] NCCL INFO channel.cc:27 Cuda Alloc Size 4 pointer 0x149add877800
x3001c0s31b1n0:36268:42540 [1] NCCL INFO channel.cc:23 Cuda Alloc Size 768 pointer 0x149add877a00
x3001c0s31b1n0:36268:42540 [1] NCCL INFO channel.cc:27 Cuda Alloc Size 4 pointer 0x149add877e00
x3001c0s31b1n0:36268:42540 [1] NCCL INFO channel.cc:23 Cuda Alloc Size 768 pointer 0x149add878000
x3001c0s31b1n0:36268:42540 [1] NCCL INFO channel.cc:27 Cuda Alloc Size 4 pointer 0x149add878400
x3001c0s31b1n0:36268:42540 [1] NCCL INFO channel.cc:23 Cuda Alloc Size 768 pointer 0x149add878600
x3001c0s31b1n0:36268:42540 [1] NCCL INFO channel.cc:27 Cuda Alloc Size 4 pointer 0x149add878a00
x3001c0s31b1n0:36268:42540 [1] NCCL INFO channel.cc:23 Cuda Alloc Size 768 pointer 0x149add878c00
x3001c0s31b1n0:36268:42540 [1] NCCL INFO channel.cc:27 Cuda Alloc Size 4 pointer 0x149add879000
x3001c0s31b1n0:36268:42540 [1] NCCL INFO channel.cc:23 Cuda Alloc Size 768 pointer 0x149add879200
x3001c0s31b1n0:36268:42540 [1] NCCL INFO channel.cc:27 Cuda Alloc Size 4 pointer 0x149add879600
x3001c0s31b1n0:36268:42540 [1] NCCL INFO channel.cc:23 Cuda Alloc Size 768 pointer 0x149add879800
x3001c0s31b1n0:36268:42540 [1] NCCL INFO channel.cc:27 Cuda Alloc Size 4 pointer 0x149add879c00
x3001c0s31b1n0:36268:42540 [1] NCCL INFO channel.cc:23 Cuda Alloc Size 768 pointer 0x149add879e00
x3001c0s31b1n0:36268:42540 [1] NCCL INFO channel.cc:27 Cuda Alloc Size 4 pointer 0x149add87a200
x3001c0s31b1n0:36268:42540 [1] NCCL INFO channel.cc:23 Cuda Alloc Size 768 pointer 0x149add87a400
x3001c0s31b1n0:36268:42540 [1] NCCL INFO channel.cc:27 Cuda Alloc Size 4 pointer 0x149add87a800
x3001c0s31b1n0:36268:42540 [1] NCCL INFO channel.cc:23 Cuda Alloc Size 768 pointer 0x149add87aa00
x3001c0s31b1n0:36268:42540 [1] NCCL INFO channel.cc:27 Cuda Alloc Size 4 pointer 0x149add87ae00
x3001c0s31b1n0:36268:42540 [1] NCCL INFO Connected all rings
x3001c0s31b1n0:36268:42540 [1] NCCL INFO Connected all trees by HAO
x3001c0s31b1n0:36268:42540 [1] NCCL INFO 32 coll channels, 32 p2p channels, 32 p2p channels per peer
x3001c0s31b1n0:36270:42558 [3] NCCL INFO Mem Realloc old size 0, new size 8 pointer 0x145748000cf0
x3001c0s31b1n0:36270:42558 [3] NCCL INFO Allocated 4194656 bytes of shared memory in /dev/shm/nccl-DaMcjN

x3001c0s31b1n0:36270:42558 [3] NCCL INFO New proxy send connection 0 from local rank 0, transport 2
x3001c0s31b1n0:36267:42557 [0] NCCL INFO Mem Realloc old size 0, new size 8 pointer 0x152794000cf0
x3001c0s31b1n0:36267:42557 [0] NCCL INFO Allocated 4194656 bytes of shared memory in /dev/shm/nccl-hvXyxz

x3001c0s31b1n0:36267:42557 [0] NCCL INFO New proxy send connection 0 from local rank 0, transport 2
x3001c0s31b1n0:36269:42528 [2] NCCL INFO Connection to proxy localRank 0 -> connection 0x14d218000d10
x3001c0s31b1n0:36269:42528 [2] NCCL INFO init.cc:367 Cuda Alloc Size 5168 pointer 0x14db0b87b000
x3001c0s31b1n0:36268:42562 [1] NCCL INFO Mem Realloc old size 0, new size 8 pointer 0x1491f0000cf0
x3001c0s31b1n0:36268:42562 [1] NCCL INFO Allocated 4194656 bytes of shared memory in /dev/shm/nccl-Gd5DRB

x3001c0s31b1n0:36268:42562 [1] NCCL INFO New proxy send connection 0 from local rank 0, transport 2
x3001c0s31b1n0:36270:42536 [3] NCCL INFO Connection to proxy localRank 0 -> connection 0x145748000d10
x3001c0s31b1n0:36270:42536 [3] NCCL INFO init.cc:367 Cuda Alloc Size 5168 pointer 0x146057e7b000
x3001c0s31b1n0:36269:42554 [2] NCCL INFO transport/net.cc:376 Cuda Alloc Size 67108864 pointer 0x14d20c000000
x3001c0s31b1n0:36269:42528 [2] NCCL INFO init.cc:392 Cuda Host Alloc Size 33554432 pointer 0x14d216000000
x3001c0s31b1n0:36269:42528 [2] NCCL INFO init.cc:398 Cuda Host Alloc Size 128 pointer 0x14db0ae91200
x3001c0s31b1n0:36269:42528 [2] NCCL INFO comm 0x55a1c25993d0 rank 0 nranks 1 cudaDev 2 busId 85000 - Init COMPLETE
x3001c0s31b1n0:36267:42538 [0] NCCL INFO Connection to proxy localRank 0 -> connection 0x152794000d10
x3001c0s31b1n0:36267:42538 [0] NCCL INFO init.cc:367 Cuda Alloc Size 5168 pointer 0x1530abe7b000
x3001c0s31b1n0:36270:42558 [3] NCCL INFO transport/net.cc:376 Cuda Alloc Size 67108864 pointer 0x14573c000000
x3001c0s31b1n0:36270:42536 [3] NCCL INFO init.cc:392 Cuda Host Alloc Size 33554432 pointer 0x145746000000
x3001c0s31b1n0:36270:42536 [3] NCCL INFO init.cc:398 Cuda Host Alloc Size 128 pointer 0x146057491200
x3001c0s31b1n0:36270:42536 [3] NCCL INFO comm 0x55cf90d7f0d0 rank 0 nranks 1 cudaDev 3 busId c7000 - Init COMPLETE
[Hao INFO in ncclAllReduce (all_reduce.cc)] rank 3 ncclAllReduce: count: 1, datatype: ncclFloat32/ncclFloat, message size: 4 Bytes
x3001c0s31b1n0:36270:36270 [3] NCCL INFO AllReduce: opCount 0 sendbuff 0x146053dbf200 recvbuff 0x146053dbf200 count 1 datatype 7 op 2 root 0 comm 0x55cf90d7f0d0 [nranks=1] stream 0x55cf59d8ea20

[LYD INFO in ncclAllReduce (all_reduce.cc)] rank 0 AllReduce Time: 0.000019000 seconds
[Hao INFO in ncclBroadcast (broadcast.cc)] rank 3 Broadcast: count: 5, datatype: ncclInt64, message size: 40 Bytes
x3001c0s31b1n0:36270:36270 [3] NCCL INFO Broadcast: opCount 0 sendbuff 0x146053c00400 recvbuff 0x146053c00400 count 40 datatype 0 op 0 root 0 comm 0x55cf5c06ff50 [nranks=1] stream 0x55cf59fba780
[Hao INFO in ncclBroadcast (broadcast.cc)] rank 3 Broadcast: count: 6156, datatype: ncclInt64, message size: 49248 Bytes
x3001c0s31b1n0:36270:36270 [3] NCCL INFO Broadcast: opCount 0 sendbuff 0x145e11bee600 recvbuff 0x145e11bee600 count 49248 datatype 0 op 0 root 0 comm 0x55cf5c06ff50 [nranks=1] stream 0x55cf59fba780
x3001c0s31b1n0:36267:42538 [0] NCCL INFO init.cc:392 Cuda Host Alloc Size 33554432 pointer 0x152792000000
x3001c0s31b1n0:36267:42538 [0] NCCL INFO init.cc:398 Cuda Host Alloc Size 128 pointer 0x1530ab491200
x3001c0s31b1n0:36267:42538 [0] NCCL INFO comm 0x55dd8aedcc20 rank 0 nranks 1 cudaDev 0 busId 7000 - Init COMPLETE
[Hao INFO in ncclAllReduce (all_reduce.cc)] rank 2 ncclAllReduce: count: 1, datatype: ncclFloat32/ncclFloat, message size: 4 Bytes
x3001c0s31b1n0:36269:36269 [2] NCCL INFO AllReduce: opCount 0 sendbuff 0x14db471bf200 recvbuff 0x14db471bf200 count 1 datatype 7 op 2 root 0 comm 0x55a1c25993d0 [nranks=1] stream 0x55a18c8b6ce0

[LYD INFO in ncclAllReduce (all_reduce.cc)] rank 0 AllReduce Time: 0.000043000 seconds
[Hao INFO in ncclBroadcast (broadcast.cc)] rank 2 Broadcast: count: 5, datatype: ncclInt64, message size: 40 Bytes
x3001c0s31b1n0:36269:36269 [2] NCCL INFO Broadcast: opCount 0 sendbuff 0x14db47000400 recvbuff 0x14db47000400 count 40 datatype 0 op 0 root 0 comm 0x55a18e0917e0 [nranks=1] stream 0x55a18cae3900
[Hao INFO in ncclBroadcast (broadcast.cc)] rank 2 Broadcast: count: 6156, datatype: ncclInt64, message size: 49248 Bytes
x3001c0s31b1n0:36269:36269 [2] NCCL INFO Broadcast: opCount 0 sendbuff 0x14d8e1bee600 recvbuff 0x14d8e1bee600 count 49248 datatype 0 op 0 root 0 comm 0x55a18e0917e0 [nranks=1] stream 0x55a18cae3900
x3001c0s31b1n0:36268:42540 [1] NCCL INFO Connection to proxy localRank 0 -> connection 0x1491f0000d10
x3001c0s31b1n0:36268:42540 [1] NCCL INFO init.cc:367 Cuda Alloc Size 5168 pointer 0x149add87b000
x3001c0s31b1n0:36267:42557 [0] NCCL INFO transport/net.cc:376 Cuda Alloc Size 67108864 pointer 0x152788000000
x3001c0s31b1n0:36268:42540 [1] NCCL INFO init.cc:392 Cuda Host Alloc Size 33554432 pointer 0x1491ea000000
x3001c0s31b1n0:36268:42562 [1] NCCL INFO transport/net.cc:376 Cuda Alloc Size 67108864 pointer 0x1491e0000000
x3001c0s31b1n0:36268:42540 [1] NCCL INFO init.cc:398 Cuda Host Alloc Size 128 pointer 0x149adce91200
x3001c0s31b1n0:36268:42540 [1] NCCL INFO comm 0x561747b7dae0 rank 0 nranks 1 cudaDev 1 busId 46000 - Init COMPLETE
[Hao INFO in ncclAllReduce (all_reduce.cc)] rank 0 ncclAllReduce: count: 1, datatype: ncclFloat32/ncclFloat, message size: 4 Bytes
x3001c0s31b1n0:36267:36267 [0] NCCL INFO AllReduce: opCount 0 sendbuff 0x1530a7dbf200 recvbuff 0x1530a7dbf200 count 1 datatype 7 op 2 root 0 comm 0x55dd8aedcc20 [nranks=1] stream 0x55dd53903e60

[LYD INFO in ncclAllReduce (all_reduce.cc)] rank 0 AllReduce Time: 0.000019000 seconds
[Hao INFO in ncclBroadcast (broadcast.cc)] rank 0 Broadcast: count: 5, datatype: ncclInt64, message size: 40 Bytes
x3001c0s31b1n0:36267:36267 [0] NCCL INFO Broadcast: opCount 0 sendbuff 0x1530a7c00400 recvbuff 0x1530a7c00400 count 40 datatype 0 op 0 root 0 comm 0x55dd55b2a6f0 [nranks=1] stream 0x55dd53b30a80
[Hao INFO in ncclBroadcast (broadcast.cc)] rank 0 Broadcast: count: 6156, datatype: ncclInt64, message size: 49248 Bytes
x3001c0s31b1n0:36267:36267 [0] NCCL INFO Broadcast: opCount 0 sendbuff 0x152e5fbee600 recvbuff 0x152e5fbee600 count 49248 datatype 0 op 0 root 0 comm 0x55dd55b2a6f0 [nranks=1] stream 0x55dd53b30a80
[Hao INFO in ncclAllReduce (all_reduce.cc)] rank 1 ncclAllReduce: count: 1, datatype: ncclFloat32/ncclFloat, message size: 4 Bytes
x3001c0s31b1n0:36268:36268 [1] NCCL INFO AllReduce: opCount 0 sendbuff 0x149b1b7bf200 recvbuff 0x149b1b7bf200 count 1 datatype 7 op 2 root 0 comm 0x561747b7dae0 [nranks=1] stream 0x5617108b9b30

[LYD INFO in ncclAllReduce (all_reduce.cc)] rank 0 AllReduce Time: 0.000020000 seconds
[Hao INFO in ncclBroadcast (broadcast.cc)] rank 1 Broadcast: count: 5, datatype: ncclInt64, message size: 40 Bytes
x3001c0s31b1n0:36268:36268 [1] NCCL INFO Broadcast: opCount 0 sendbuff 0x149b1b600400 recvbuff 0x149b1b600400 count 40 datatype 0 op 0 root 0 comm 0x561712b06300 [nranks=1] stream 0x561710aed420
[Hao INFO in ncclBroadcast (broadcast.cc)] rank 1 Broadcast: count: 6156, datatype: ncclInt64, message size: 49248 Bytes
x3001c0s31b1n0:36268:36268 [1] NCCL INFO Broadcast: opCount 0 sendbuff 0x1498b7bee600 recvbuff 0x1498b7bee600 count 49248 datatype 0 op 0 root 0 comm 0x561712b06300 [nranks=1] stream 0x561710aed420
[Hao INFO in ncclAllReduce (all_reduce.cc)] rank 2 ncclAllReduce: count: 6144, datatype: ncclFloat32/ncclFloat, message size: 24576 Bytes
x3001c0s31b1n0:36269:36269 [2] NCCL INFO AllReduce: opCount 0 sendbuff 0x14d8ffc30000 recvbuff 0x14d8ffc30000 count 6144 datatype 7 op 2 root 0 comm 0x55a18e0917e0 [nranks=1] stream 0x55a18cae3900

[LYD INFO in ncclAllReduce (all_reduce.cc)] rank 0 AllReduce Time: 0.000022000 seconds
[Hao INFO in ncclAllReduce (all_reduce.cc)] rank 2 ncclAllReduce: count: 6144, datatype: ncclFloat32/ncclFloat, message size: 24576 Bytes
x3001c0s31b1n0:36269:36269 [2] NCCL INFO AllReduce: opCount 0 sendbuff 0x14d8ffc54000 recvbuff 0x14d8ffc54000 count 6144 datatype 7 op 0 root 0 comm 0x55a18e0917e0 [nranks=1] stream 0x55a18cae3900

[LYD INFO in ncclAllReduce (all_reduce.cc)] rank 0 AllReduce Time: 0.000011000 seconds
[Hao INFO in ncclAllReduce (all_reduce.cc)] rank 2 ncclAllReduce: count: 6144, datatype: ncclFloat32/ncclFloat, message size: 24576 Bytes
x3001c0s31b1n0:36269:36269 [2] NCCL INFO AllReduce: opCount 0 sendbuff 0x14d8ffc4e000 recvbuff 0x14d8ffc4e000 count 6144 datatype 7 op 0 root 0 comm 0x55a18e0917e0 [nranks=1] stream 0x55a18cae3900

[LYD INFO in ncclAllReduce (all_reduce.cc)] rank 0 AllReduce Time: 0.000008000 seconds
[Hao INFO in ncclAllReduce (all_reduce.cc)] rank 3 ncclAllReduce: count: 6144, datatype: ncclFloat32/ncclFloat, message size: 24576 Bytes
x3001c0s31b1n0:36270:36270 [3] NCCL INFO AllReduce: opCount 0 sendbuff 0x145e1de30000 recvbuff 0x145e1de30000 count 6144 datatype 7 op 2 root 0 comm 0x55cf5c06ff50 [nranks=1] stream 0x55cf59fba780

[LYD INFO in ncclAllReduce (all_reduce.cc)] rank 0 AllReduce Time: 0.000018000 seconds
[Hao INFO in ncclAllReduce (all_reduce.cc)] rank 3 ncclAllReduce: count: 6144, datatype: ncclFloat32/ncclFloat, message size: 24576 Bytes
x3001c0s31b1n0:36270:36270 [3] NCCL INFO AllReduce: opCount 0 sendbuff 0x145e1de54000 recvbuff 0x145e1de54000 count 6144 datatype 7 op 0 root 0 comm 0x55cf5c06ff50 [nranks=1] stream 0x55cf59fba780

[LYD INFO in ncclAllReduce (all_reduce.cc)] rank 0 AllReduce Time: 0.000011000 seconds
[Hao INFO in ncclAllReduce (all_reduce.cc)] rank 3 ncclAllReduce: count: 6144, datatype: ncclFloat32/ncclFloat, message size: 24576 Bytes
x3001c0s31b1n0:36270:36270 [3] NCCL INFO AllReduce: opCount 0 sendbuff 0x145e1de4e000 recvbuff 0x145e1de4e000 count 6144 datatype 7 op 0 root 0 comm 0x55cf5c06ff50 [nranks=1] stream 0x55cf59fba780

[LYD INFO in ncclAllReduce (all_reduce.cc)] rank 0 AllReduce Time: 0.000009000 seconds
x3001c0s31b1n0:36270:36270 [3] NCCL INFO AllReduce: opCount 4 sendbuff 0x145e11a06600 recvbuff 0x145e11a06600 count 1 datatype 7 op 0 root 0 comm 0x55cf5d1c7e20 [nranks=20] stream 0x55cf59fba500
[LYD INFO in ncclLaunchKernel (enqueue.cc)] NCHANNELS is: 4x3001c0s31b1n0:36269:36269 [2] NCCL INFO AllReduce: opCount 4 sendbuff 0x14d8e1a06600 recvbuff 0x14d8e1a06600 count 1 datatype 7 op 0 root 0 comm 0x55a18e08b0a0 [nranks=20] stream 0x55a18cae3680
[LYD INFO in ncclLaunchKernel (enqueue.cc)] NCHANNELS is: 4[Hao INFO in ncclAllReduce (all_reduce.cc)] rank 0 ncclAllReduce: count: 6144, datatype: ncclFloat32/ncclFloat, message size: 24576 Bytes
x3001c0s31b1n0:36267:36267 [0] NCCL INFO AllReduce: opCount 0 sendbuff 0x152e6fc30000 recvbuff 0x152e6fc30000 count 6144 datatype 7 op 2 root 0 comm 0x55dd55b2a6f0 [nranks=1] stream 0x55dd53b30a80

[LYD INFO in ncclAllReduce (all_reduce.cc)] rank 0 AllReduce Time: 0.000017000 seconds
[Hao INFO in ncclAllReduce (all_reduce.cc)] rank 0 ncclAllReduce: count: 6144, datatype: ncclFloat32/ncclFloat, message size: 24576 Bytes
x3001c0s31b1n0:36267:36267 [0] NCCL INFO AllReduce: opCount 0 sendbuff 0x152e6fc54000 recvbuff 0x152e6fc54000 count 6144 datatype 7 op 0 root 0 comm 0x55dd55b2a6f0 [nranks=1] stream 0x55dd53b30a80

[LYD INFO in ncclAllReduce (all_reduce.cc)] rank 0 AllReduce Time: 0.000011000 seconds
[Hao INFO in ncclAllReduce (all_reduce.cc)] rank 0 ncclAllReduce: count: 6144, datatype: ncclFloat32/ncclFloat, message size: 24576 Bytes
x3001c0s31b1n0:36267:36267 [0] NCCL INFO AllReduce: opCount 0 sendbuff 0x152e6fc4e000 recvbuff 0x152e6fc4e000 count 6144 datatype 7 op 0 root 0 comm 0x55dd55b2a6f0 [nranks=1] stream 0x55dd53b30a80

[LYD INFO in ncclAllReduce (all_reduce.cc)] rank 0 AllReduce Time: 0.000008000 seconds
x3001c0s31b1n0:36267:36267 [0] NCCL INFO AllReduce: opCount 4 sendbuff 0x152e5fa06600 recvbuff 0x152e5fa06600 count 1 datatype 7 op 0 root 0 comm 0x55dd56cf75c0 [nranks=20] stream 0x55dd53b30800
[LYD INFO in ncclLaunchKernel (enqueue.cc)] NCHANNELS is: 4[Hao INFO in ncclAllReduce (all_reduce.cc)] rank 1 ncclAllReduce: count: 6144, datatype: ncclFloat32/ncclFloat, message size: 24576 Bytes
x3001c0s31b1n0:36268:36268 [1] NCCL INFO AllReduce: opCount 0 sendbuff 0x1498bbe30000 recvbuff 0x1498bbe30000 count 6144 datatype 7 op 2 root 0 comm 0x561712b06300 [nranks=1] stream 0x561710aed420

[LYD INFO in ncclAllReduce (all_reduce.cc)] rank 0 AllReduce Time: 0.000018000 seconds
[Hao INFO in ncclAllReduce (all_reduce.cc)] rank 1 ncclAllReduce: count: 6144, datatype: ncclFloat32/ncclFloat, message size: 24576 Bytes
x3001c0s31b1n0:36268:36268 [1] NCCL INFO AllReduce: opCount 0 sendbuff 0x1498bbe54000 recvbuff 0x1498bbe54000 count 6144 datatype 7 op 0 root 0 comm 0x561712b06300 [nranks=1] stream 0x561710aed420

[LYD INFO in ncclAllReduce (all_reduce.cc)] rank 0 AllReduce Time: 0.000011000 seconds
[Hao INFO in ncclAllReduce (all_reduce.cc)] rank 1 ncclAllReduce: count: 6144, datatype: ncclFloat32/ncclFloat, message size: 24576 Bytes
x3001c0s31b1n0:36268:36268 [1] NCCL INFO AllReduce: opCount 0 sendbuff 0x1498bbe4e000 recvbuff 0x1498bbe4e000 count 6144 datatype 7 op 0 root 0 comm 0x561712b06300 [nranks=1] stream 0x561710aed420

[LYD INFO in ncclAllReduce (all_reduce.cc)] rank 0 AllReduce Time: 0.000008000 seconds
x3001c0s31b1n0:36268:36268 [1] NCCL INFO AllReduce: opCount 4 sendbuff 0x1498b7a06600 recvbuff 0x1498b7a06600 count 1 datatype 7 op 0 root 0 comm 0x561713d18f80 [nranks=20] stream 0x561710aed1a0
[LYD INFO in ncclLaunchKernel (enqueue.cc)] NCHANNELS is: 4
[LYD INFO in NCCL_KERN_NAME (common.h)] 7 AllReduce TREE LL Sum float Elapsed time: 230670 us

[LYD INFO in NCCL_KERN_NAME (common.h)] 5 AllReduce TREE LL Sum float Elapsed time: 146596 us

[LYD INFO in NCCL_KERN_NAME (common.h)] 4 AllReduce TREE LL Sum float Elapsed time: 172110 us

[LYD INFO in NCCL_KERN_NAME (common.h)] 6 AllReduce TREE LL Sum float Elapsed time: 232004 us
x3001c0s31b1n0:36270:36270 [3] NCCL INFO AllReduce: opCount 5 sendbuff 0x145f24000000 recvbuff 0x145f24000000 count 852144640 datatype 6 op 0 root 0 comm 0x55cf5d1c7e20 [nranks=20] stream 0x55cf59fba500
[LYD INFO in ncclLaunchKernel (enqueue.cc)] NCHANNELS is: 4x3001c0s31b1n0:36268:36268 [1] NCCL INFO AllReduce: opCount 5 sendbuff 0x1499ca000000 recvbuff 0x1499ca000000 count 852144640 datatype 6 op 0 root 0 comm 0x561713d18f80 [nranks=20] stream 0x561710aed1a0
[LYD INFO in ncclLaunchKernel (enqueue.cc)] NCHANNELS is: 4x3001c0s31b1n0:36267:36267 [0] NCCL INFO AllReduce: opCount 5 sendbuff 0x152f70000000 recvbuff 0x152f70000000 count 852144640 datatype 6 op 0 root 0 comm 0x55dd56cf75c0 [nranks=20] stream 0x55dd53b30800
[LYD INFO in ncclLaunchKernel (enqueue.cc)] NCHANNELS is: 4x3001c0s31b1n0:36269:36269 [2] NCCL INFO AllReduce: opCount 5 sendbuff 0x14d9f4000000 recvbuff 0x14d9f4000000 count 852144640 datatype 6 op 0 root 0 comm 0x55a18e08b0a0 [nranks=20] stream 0x55a18cae3680
[LYD INFO in ncclLaunchKernel (enqueue.cc)] NCHANNELS is: 4
[LYD INFO in NCCL_FUNC_NAME (common.h)] 6 AllReduce RING SIMPLE Sum half Elapsed time: 1626424 us

[LYD INFO in NCCL_KERN_NAME (common.h)] 6 AllReduce RING LL Sum half Elapsed time: 1626520 us
[Hao INFO in ncclAllReduce (all_reduce.cc)] rank 2 ncclAllReduce: count: 1, datatype: ncclFloat32/ncclFloat, message size: 4 Bytes
x3001c0s31b1n0:36269:36269 [2] NCCL INFO AllReduce: opCount 0 sendbuff 0x14db471bf200 recvbuff 0x14db471bf200 count 1 datatype 7 op 2 root 0 comm 0x55a1c25993d0 [nranks=1] stream 0x55a18c8b6ce0

[LYD INFO in ncclAllReduce (all_reduce.cc)] rank 0 AllReduce Time: 0.000017000 seconds

[LYD INFO in NCCL_FUNC_NAME (common.h)] 5 AllReduce RING SIMPLE Sum half Elapsed time: 1734092 us

[LYD INFO in NCCL_KERN_NAME (common.h)] 5 AllReduce RING LL Sum half Elapsed time: 1734191 us

[LYD INFO in NCCL_FUNC_NAME (common.h)] 7 AllReduce RING SIMPLE Sum half Elapsed time: 1772108 us

[LYD INFO in NCCL_KERN_NAME (common.h)] 7 AllReduce RING LL Sum half Elapsed time: 1772235 us

[LYD INFO in NCCL_FUNC_NAME (common.h)] 4 AllReduce RING SIMPLE Sum half Elapsed time: 1678933 us

[LYD INFO in NCCL_KERN_NAME (common.h)] 4 AllReduce RING LL Sum half Elapsed time: 1679032 us
[Hao INFO in ncclAllReduce (all_reduce.cc)] rank 0 ncclAllReduce: count: 1, datatype: ncclFloat32/ncclFloat, message size: 4 Bytes
x3001c0s31b1n0:36267:36267 [0] NCCL INFO AllReduce: opCount 0 sendbuff 0x1530a7dbf200 recvbuff 0x1530a7dbf200 count 1 datatype 7 op 2 root 0 comm 0x55dd8aedcc20 [nranks=1] stream 0x55dd53903e60

[LYD INFO in ncclAllReduce (all_reduce.cc)] rank 0 AllReduce Time: 0.000017000 seconds
[Hao INFO in ncclAllReduce (all_reduce.cc)] rank 3 ncclAllReduce: count: 1, datatype: ncclFloat32/ncclFloat, message size: 4 Bytes
x3001c0s31b1n0:36270:36270 [3] NCCL INFO AllReduce: opCount 0 sendbuff 0x146053dbf200 recvbuff 0x146053dbf200 count 1 datatype 7 op 2 root 0 comm 0x55cf90d7f0d0 [nranks=1] stream 0x55cf59d8ea20

[LYD INFO in ncclAllReduce (all_reduce.cc)] rank 0 AllReduce Time: 0.000018000 seconds
[Hao INFO in ncclBroadcast (broadcast.cc)] rank 0 Broadcast: count: 5, datatype: ncclInt64, message size: 40 Bytes
x3001c0s31b1n0:36267:36267 [0] NCCL INFO Broadcast: opCount 0 sendbuff 0x1530a7c00400 recvbuff 0x1530a7c00400 count 40 datatype 0 op 0 root 0 comm 0x55dd55b2a6f0 [nranks=1] stream 0x55dd53b30a80
[Hao INFO in ncclBroadcast (broadcast.cc)] rank 0 Broadcast: count: 6156, datatype: ncclInt64, message size: 49248 Bytes
x3001c0s31b1n0:36267:36267 [0] NCCL INFO Broadcast: opCount 0 sendbuff 0x152e5fbee600 recvbuff 0x152e5fbee600 count 49248 datatype 0 op 0 root 0 comm 0x55dd55b2a6f0 [nranks=1] stream 0x55dd53b30a80
[Hao INFO in ncclAllReduce (all_reduce.cc)] rank 1 ncclAllReduce: count: 1, datatype: ncclFloat32/ncclFloat, message size: 4 Bytes
x3001c0s31b1n0:36268:36268 [1] NCCL INFO AllReduce: opCount 0 sendbuff 0x149b1b7bf200 recvbuff 0x149b1b7bf200 count 1 datatype 7 op 2 root 0 comm 0x561747b7dae0 [nranks=1] stream 0x5617108b9b30

[LYD INFO in ncclAllReduce (all_reduce.cc)] rank 0 AllReduce Time: 0.000019000 seconds
[Hao INFO in ncclBroadcast (broadcast.cc)] rank 2 Broadcast: count: 5, datatype: ncclInt64, message size: 40 Bytes
x3001c0s31b1n0:36269:36269 [2] NCCL INFO Broadcast: opCount 0 sendbuff 0x14db47000400 recvbuff 0x14db47000400 count 40 datatype 0 op 0 root 0 comm 0x55a18e0917e0 [nranks=1] stream 0x55a18cae3900
[Hao INFO in ncclBroadcast (broadcast.cc)] rank 2 Broadcast: count: 6156, datatype: ncclInt64, message size: 49248 Bytes
x3001c0s31b1n0:36269:36269 [2] NCCL INFO Broadcast: opCount 0 sendbuff 0x14d8e1bee600 recvbuff 0x14d8e1bee600 count 49248 datatype 0 op 0 root 0 comm 0x55a18e0917e0 [nranks=1] stream 0x55a18cae3900
[Hao INFO in ncclBroadcast (broadcast.cc)] rank 3 Broadcast: count: 5, datatype: ncclInt64, message size: 40 Bytes
x3001c0s31b1n0:36270:36270 [3] NCCL INFO Broadcast: opCount 0 sendbuff 0x146053c00400 recvbuff 0x146053c00400 count 40 datatype 0 op 0 root 0 comm 0x55cf5c06ff50 [nranks=1] stream 0x55cf59fba780
[Hao INFO in ncclBroadcast (broadcast.cc)] rank 3 Broadcast: count: 6156, datatype: ncclInt64, message size: 49248 Bytes
x3001c0s31b1n0:36270:36270 [3] NCCL INFO Broadcast: opCount 0 sendbuff 0x145e11bee600 recvbuff 0x145e11bee600 count 49248 datatype 0 op 0 root 0 comm 0x55cf5c06ff50 [nranks=1] stream 0x55cf59fba780
[Hao INFO in ncclBroadcast (broadcast.cc)] rank 1 Broadcast: count: 5, datatype: ncclInt64, message size: 40 Bytes
x3001c0s31b1n0:36268:36268 [1] NCCL INFO Broadcast: opCount 0 sendbuff 0x149b1b600400 recvbuff 0x149b1b600400 count 40 datatype 0 op 0 root 0 comm 0x561712b06300 [nranks=1] stream 0x561710aed420
[Hao INFO in ncclBroadcast (broadcast.cc)] rank 1 Broadcast: count: 6156, datatype: ncclInt64, message size: 49248 Bytes
x3001c0s31b1n0:36268:36268 [1] NCCL INFO Broadcast: opCount 0 sendbuff 0x1498b7bee600 recvbuff 0x1498b7bee600 count 49248 datatype 0 op 0 root 0 comm 0x561712b06300 [nranks=1] stream 0x561710aed420
[Hao INFO in ncclAllReduce (all_reduce.cc)] rank 2 ncclAllReduce: count: 6144, datatype: ncclFloat32/ncclFloat, message size: 24576 Bytes
x3001c0s31b1n0:36269:36269 [2] NCCL INFO AllReduce: opCount 0 sendbuff 0x14d8ffc30000 recvbuff 0x14d8ffc30000 count 6144 datatype 7 op 2 root 0 comm 0x55a18e0917e0 [nranks=1] stream 0x55a18cae3900

[LYD INFO in ncclAllReduce (all_reduce.cc)] rank 0 AllReduce Time: 0.000057000 seconds
[Hao INFO in ncclAllReduce (all_reduce.cc)] rank 2 ncclAllReduce: count: 6144, datatype: ncclFloat32/ncclFloat, message size: 24576 Bytes
x3001c0s31b1n0:36269:36269 [2] NCCL INFO AllReduce: opCount 0 sendbuff 0x14d8ffc54000 recvbuff 0x14d8ffc54000 count 6144 datatype 7 op 0 root 0 comm 0x55a18e0917e0 [nranks=1] stream 0x55a18cae3900

[LYD INFO in ncclAllReduce (all_reduce.cc)] rank 0 AllReduce Time: 0.000011000 seconds
[Hao INFO in ncclAllReduce (all_reduce.cc)] rank 2 ncclAllReduce: count: 6144, datatype: ncclFloat32/ncclFloat, message size: 24576 Bytes
x3001c0s31b1n0:36269:36269 [2] NCCL INFO AllReduce: opCount 0 sendbuff 0x14d8ffc4e000 recvbuff 0x14d8ffc4e000 count 6144 datatype 7 op 0 root 0 comm 0x55a18e0917e0 [nranks=1] stream 0x55a18cae3900

[LYD INFO in ncclAllReduce (all_reduce.cc)] rank 0 AllReduce Time: 0.000008000 seconds
x3001c0s31b1n0:36269:36269 [2] NCCL INFO AllReduce: opCount 6 sendbuff 0x14d8e1bffa00 recvbuff 0x14d8e1bffa00 count 1 datatype 7 op 0 root 0 comm 0x55a18e08b0a0 [nranks=20] stream 0x55a18cae3680
[LYD INFO in ncclLaunchKernel (enqueue.cc)] NCHANNELS is: 4[Hao INFO in ncclAllReduce (all_reduce.cc)] rank 0 ncclAllReduce: count: 6144, datatype: ncclFloat32/ncclFloat, message size: 24576 Bytes
x3001c0s31b1n0:36267:36267 [0] NCCL INFO AllReduce: opCount 0 sendbuff 0x152e6fc30000 recvbuff 0x152e6fc30000 count 6144 datatype 7 op 2 root 0 comm 0x55dd55b2a6f0 [nranks=1] stream 0x55dd53b30a80

[LYD INFO in ncclAllReduce (all_reduce.cc)] rank 0 AllReduce Time: 0.000019000 seconds
[Hao INFO in ncclAllReduce (all_reduce.cc)] rank 0 ncclAllReduce: count: 6144, datatype: ncclFloat32/ncclFloat, message size: 24576 Bytes
x3001c0s31b1n0:36267:36267 [0] NCCL INFO AllReduce: opCount 0 sendbuff 0x152e6fc54000 recvbuff 0x152e6fc54000 count 6144 datatype 7 op 0 root 0 comm 0x55dd55b2a6f0 [nranks=1] stream 0x55dd53b30a80

[LYD INFO in ncclAllReduce (all_reduce.cc)] rank 0 AllReduce Time: 0.000011000 seconds
[Hao INFO in ncclAllReduce (all_reduce.cc)] rank 0 ncclAllReduce: count: 6144, datatype: ncclFloat32/ncclFloat, message size: 24576 Bytes
x3001c0s31b1n0:36267:36267 [0] NCCL INFO AllReduce: opCount 0 sendbuff 0x152e6fc4e000 recvbuff 0x152e6fc4e000 count 6144 datatype 7 op 0 root 0 comm 0x55dd55b2a6f0 [nranks=1] stream 0x55dd53b30a80

[LYD INFO in ncclAllReduce (all_reduce.cc)] rank 0 AllReduce Time: 0.000008000 seconds
x3001c0s31b1n0:36267:36267 [0] NCCL INFO AllReduce: opCount 6 sendbuff 0x152e5fbffa00 recvbuff 0x152e5fbffa00 count 1 datatype 7 op 0 root 0 comm 0x55dd56cf75c0 [nranks=20] stream 0x55dd53b30800
[LYD INFO in ncclLaunchKernel (enqueue.cc)] NCHANNELS is: 4[Hao INFO in ncclAllReduce (all_reduce.cc)] rank 3 ncclAllReduce: count: 6144, datatype: ncclFloat32/ncclFloat, message size: 24576 Bytes
x3001c0s31b1n0:36270:36270 [3] NCCL INFO AllReduce: opCount 0 sendbuff 0x145e1de30000 recvbuff 0x145e1de30000 count 6144 datatype 7 op 2 root 0 comm 0x55cf5c06ff50 [nranks=1] stream 0x55cf59fba780

[LYD INFO in ncclAllReduce (all_reduce.cc)] rank 0 AllReduce Time: 0.000018000 seconds
[Hao INFO in ncclAllReduce (all_reduce.cc)] rank 3 ncclAllReduce: count: 6144, datatype: ncclFloat32/ncclFloat, message size: 24576 Bytes
x3001c0s31b1n0:36270:36270 [3] NCCL INFO AllReduce: opCount 0 sendbuff 0x145e1de54000 recvbuff 0x145e1de54000 count 6144 datatype 7 op 0 root 0 comm 0x55cf5c06ff50 [nranks=1] stream 0x55cf59fba780

[LYD INFO in ncclAllReduce (all_reduce.cc)] rank 0 AllReduce Time: 0.000011000 seconds
[Hao INFO in ncclAllReduce (all_reduce.cc)] rank 3 ncclAllReduce: count: 6144, datatype: ncclFloat32/ncclFloat, message size: 24576 Bytes
x3001c0s31b1n0:36270:36270 [3] NCCL INFO AllReduce: opCount 0 sendbuff 0x145e1de4e000 recvbuff 0x145e1de4e000 count 6144 datatype 7 op 0 root 0 comm 0x55cf5c06ff50 [nranks=1] stream 0x55cf59fba780

[LYD INFO in ncclAllReduce (all_reduce.cc)] rank 0 AllReduce Time: 0.000009000 seconds
x3001c0s31b1n0:36270:36270 [3] NCCL INFO AllReduce: opCount 6 sendbuff 0x145e11bffa00 recvbuff 0x145e11bffa00 count 1 datatype 7 op 0 root 0 comm 0x55cf5d1c7e20 [nranks=20] stream 0x55cf59fba500
[LYD INFO in ncclLaunchKernel (enqueue.cc)] NCHANNELS is: 4[Hao INFO in ncclAllReduce (all_reduce.cc)] rank 1 ncclAllReduce: count: 6144, datatype: ncclFloat32/ncclFloat, message size: 24576 Bytes
x3001c0s31b1n0:36268:36268 [1] NCCL INFO AllReduce: opCount 0 sendbuff 0x1498bbe30000 recvbuff 0x1498bbe30000 count 6144 datatype 7 op 2 root 0 comm 0x561712b06300 [nranks=1] stream 0x561710aed420

[LYD INFO in ncclAllReduce (all_reduce.cc)] rank 0 AllReduce Time: 0.000020000 seconds
[Hao INFO in ncclAllReduce (all_reduce.cc)] rank 1 ncclAllReduce: count: 6144, datatype: ncclFloat32/ncclFloat, message size: 24576 Bytes
x3001c0s31b1n0:36268:36268 [1] NCCL INFO AllReduce: opCount 0 sendbuff 0x1498bbe54000 recvbuff 0x1498bbe54000 count 6144 datatype 7 op 0 root 0 comm 0x561712b06300 [nranks=1] stream 0x561710aed420

[LYD INFO in ncclAllReduce (all_reduce.cc)] rank 0 AllReduce Time: 0.000019000 seconds
[Hao INFO in ncclAllReduce (all_reduce.cc)] rank 1 ncclAllReduce: count: 6144, datatype: ncclFloat32/ncclFloat, message size: 24576 Bytes
x3001c0s31b1n0:36268:36268 [1] NCCL INFO AllReduce: opCount 0 sendbuff 0x1498bbe4e000 recvbuff 0x1498bbe4e000 count 6144 datatype 7 op 0 root 0 comm 0x561712b06300 [nranks=1] stream 0x561710aed420

[LYD INFO in ncclAllReduce (all_reduce.cc)] rank 0 AllReduce Time: 0.000008000 seconds
x3001c0s31b1n0:36268:36268 [1] NCCL INFO AllReduce: opCount 6 sendbuff 0x1498b7bffa00 recvbuff 0x1498b7bffa00 count 1 datatype 7 op 0 root 0 comm 0x561713d18f80 [nranks=20] stream 0x561710aed1a0
[LYD INFO in ncclLaunchKernel (enqueue.cc)] NCHANNELS is: 4
[LYD INFO in NCCL_KERN_NAME (common.h)] 4 AllReduce TREE LL Sum float Elapsed time: 213121 us

[LYD INFO in NCCL_KERN_NAME (common.h)] 6 AllReduce TREE LL Sum float Elapsed time: 224924 us

[LYD INFO in NCCL_KERN_NAME (common.h)] 5 AllReduce TREE LL Sum float Elapsed time: 11460 us

[LYD INFO in NCCL_KERN_NAME (common.h)] 7 AllReduce TREE LL Sum float Elapsed time: 197940 us
x3001c0s31b1n0:36269:36269 [2] NCCL INFO AllReduce: opCount 7 sendbuff 0x14d9f4000000 recvbuff 0x14d9f4000000 count 852144640 datatype 6 op 0 root 0 comm 0x55a18e08b0a0 [nranks=20] stream 0x55a18cae3680
[LYD INFO in ncclLaunchKernel (enqueue.cc)] NCHANNELS is: 4x3001c0s31b1n0:36267:36267 [0] NCCL INFO AllReduce: opCount 7 sendbuff 0x152f70000000 recvbuff 0x152f70000000 count 852144640 datatype 6 op 0 root 0 comm 0x55dd56cf75c0 [nranks=20] stream 0x55dd53b30800
[LYD INFO in ncclLaunchKernel (enqueue.cc)] NCHANNELS is: 4x3001c0s31b1n0:36270:36270 [3] NCCL INFO AllReduce: opCount 7 sendbuff 0x145f24000000 recvbuff 0x145f24000000 count 852144640 datatype 6 op 0 root 0 comm 0x55cf5d1c7e20 [nranks=20] stream 0x55cf59fba500
[LYD INFO in ncclLaunchKernel (enqueue.cc)] NCHANNELS is: 4x3001c0s31b1n0:36268:36268 [1] NCCL INFO AllReduce: opCount 7 sendbuff 0x1499ca000000 recvbuff 0x1499ca000000 count 852144640 datatype 6 op 0 root 0 comm 0x561713d18f80 [nranks=20] stream 0x561710aed1a0
[LYD INFO in ncclLaunchKernel (enqueue.cc)] NCHANNELS is: 4
[LYD INFO in NCCL_FUNC_NAME (common.h)] 6 AllReduce RING SIMPLE Sum half Elapsed time: 2015610 us

[LYD INFO in NCCL_KERN_NAME (common.h)] 6 AllReduce RING LL Sum half Elapsed time: 2015707 us
[Hao INFO in ncclAllReduce (all_reduce.cc)] rank 2 ncclAllReduce: count: 1, datatype: ncclFloat32/ncclFloat, message size: 4 Bytes
x3001c0s31b1n0:36269:36269 [2] NCCL INFO AllReduce: opCount 0 sendbuff 0x14db471bf200 recvbuff 0x14db471bf200 count 1 datatype 7 op 2 root 0 comm 0x55a1c25993d0 [nranks=1] stream 0x55a18c8b6ce0

[LYD INFO in ncclAllReduce (all_reduce.cc)] rank 0 AllReduce Time: 0.000018000 seconds

[LYD INFO in NCCL_FUNC_NAME (common.h)] 5 AllReduce RING SIMPLE Sum half Elapsed time: 1946287 us

[LYD INFO in NCCL_KERN_NAME (common.h)] 5 AllReduce RING LL Sum half Elapsed time: 1946385 us

[LYD INFO in NCCL_FUNC_NAME (common.h)] 7 AllReduce RING SIMPLE Sum half Elapsed time: 1963840 us

[LYD INFO in NCCL_KERN_NAME (common.h)] 7 AllReduce RING LL Sum half Elapsed time: 1963965 us

[LYD INFO in NCCL_FUNC_NAME (common.h)] 4 AllReduce RING SIMPLE Sum half Elapsed time: 1992874 us

[LYD INFO in NCCL_KERN_NAME (common.h)] 4 AllReduce RING LL Sum half Elapsed time: 1992972 us
[Hao INFO in ncclAllReduce (all_reduce.cc)] rank 1 ncclAllReduce: count: 1, datatype: ncclFloat32/ncclFloat, message size: 4 Bytes
x3001c0s31b1n0:36268:36268 [1] NCCL INFO AllReduce: opCount 0 sendbuff 0x149b1b7bf200 recvbuff 0x149b1b7bf200 count 1 datatype 7 op 2 root 0 comm 0x561747b7dae0 [nranks=1] stream 0x5617108b9b30

[LYD INFO in ncclAllReduce (all_reduce.cc)] rank 0 AllReduce Time: 0.000017000 seconds
[Hao INFO in ncclAllReduce (all_reduce.cc)] rank 0 ncclAllReduce: count: 1, datatype: ncclFloat32/ncclFloat, message size: 4 Bytes
x3001c0s31b1n0:36267:36267 [0] NCCL INFO AllReduce: opCount 0 sendbuff 0x1530a7dbf200 recvbuff 0x1530a7dbf200 count 1 datatype 7 op 2 root 0 comm 0x55dd8aedcc20 [nranks=1] stream 0x55dd53903e60

[LYD INFO in ncclAllReduce (all_reduce.cc)] rank 0 AllReduce Time: 0.000018000 seconds
[Hao INFO in ncclAllReduce (all_reduce.cc)] rank 3 ncclAllReduce: count: 1, datatype: ncclFloat32/ncclFloat, message size: 4 Bytes
x3001c0s31b1n0:36270:36270 [3] NCCL INFO AllReduce: opCount 0 sendbuff 0x146053dbf200 recvbuff 0x146053dbf200 count 1 datatype 7 op 2 root 0 comm 0x55cf90d7f0d0 [nranks=1] stream 0x55cf59d8ea20

[LYD INFO in ncclAllReduce (all_reduce.cc)] rank 0 AllReduce Time: 0.000019000 seconds
[Hao INFO in ncclBroadcast (broadcast.cc)] rank 2 Broadcast: count: 5, datatype: ncclInt64, message size: 40 Bytes
x3001c0s31b1n0:36269:36269 [2] NCCL INFO Broadcast: opCount 0 sendbuff 0x14db47000400 recvbuff 0x14db47000400 count 40 datatype 0 op 0 root 0 comm 0x55a18e0917e0 [nranks=1] stream 0x55a18cae3900
[Hao INFO in ncclBroadcast (broadcast.cc)] rank 2 Broadcast: count: 6156, datatype: ncclInt64, message size: 49248 Bytes
x3001c0s31b1n0:36269:36269 [2] NCCL INFO Broadcast: opCount 0 sendbuff 0x14d8e1bee600 recvbuff 0x14d8e1bee600 count 49248 datatype 0 op 0 root 0 comm 0x55a18e0917e0 [nranks=1] stream 0x55a18cae3900
[Hao INFO in ncclBroadcast (broadcast.cc)] rank 0 Broadcast: count: 5, datatype: ncclInt64, message size: 40 Bytes
x3001c0s31b1n0:36267:36267 [0] NCCL INFO Broadcast: opCount 0 sendbuff 0x1530a7c00400 recvbuff 0x1530a7c00400 count 40 datatype 0 op 0 root 0 comm 0x55dd55b2a6f0 [nranks=1] stream 0x55dd53b30a80
[Hao INFO in ncclBroadcast (broadcast.cc)] rank 0 Broadcast: count: 6156, datatype: ncclInt64, message size: 49248 Bytes
x3001c0s31b1n0:36267:36267 [0] NCCL INFO Broadcast: opCount 0 sendbuff 0x152e5fbee600 recvbuff 0x152e5fbee600 count 49248 datatype 0 op 0 root 0 comm 0x55dd55b2a6f0 [nranks=1] stream 0x55dd53b30a80
[Hao INFO in ncclBroadcast (broadcast.cc)] rank 1 Broadcast: count: 5, datatype: ncclInt64, message size: 40 Bytes
x3001c0s31b1n0:36268:36268 [1] NCCL INFO Broadcast: opCount 0 sendbuff 0x149b1b600400 recvbuff 0x149b1b600400 count 40 datatype 0 op 0 root 0 comm 0x561712b06300 [nranks=1] stream 0x561710aed420
[Hao INFO in ncclBroadcast (broadcast.cc)] rank 1 Broadcast: count: 6156, datatype: ncclInt64, message size: 49248 Bytes
x3001c0s31b1n0:36268:36268 [1] NCCL INFO Broadcast: opCount 0 sendbuff 0x1498b7bee600 recvbuff 0x1498b7bee600 count 49248 datatype 0 op 0 root 0 comm 0x561712b06300 [nranks=1] stream 0x561710aed420
[Hao INFO in ncclBroadcast (broadcast.cc)] rank 3 Broadcast: count: 5, datatype: ncclInt64, message size: 40 Bytes
x3001c0s31b1n0:36270:36270 [3] NCCL INFO Broadcast: opCount 0 sendbuff 0x146053c00400 recvbuff 0x146053c00400 count 40 datatype 0 op 0 root 0 comm 0x55cf5c06ff50 [nranks=1] stream 0x55cf59fba780
[Hao INFO in ncclBroadcast (broadcast.cc)] rank 3 Broadcast: count: 6156, datatype: ncclInt64, message size: 49248 Bytes
x3001c0s31b1n0:36270:36270 [3] NCCL INFO Broadcast: opCount 0 sendbuff 0x145e11bee600 recvbuff 0x145e11bee600 count 49248 datatype 0 op 0 root 0 comm 0x55cf5c06ff50 [nranks=1] stream 0x55cf59fba780
[Hao INFO in ncclAllReduce (all_reduce.cc)] rank 2 ncclAllReduce: count: 6144, datatype: ncclFloat32/ncclFloat, message size: 24576 Bytes
x3001c0s31b1n0:36269:36269 [2] NCCL INFO AllReduce: opCount 0 sendbuff 0x14d8ffc30000 recvbuff 0x14d8ffc30000 count 6144 datatype 7 op 2 root 0 comm 0x55a18e0917e0 [nranks=1] stream 0x55a18cae3900

[LYD INFO in ncclAllReduce (all_reduce.cc)] rank 0 AllReduce Time: 0.000060000 seconds
[Hao INFO in ncclAllReduce (all_reduce.cc)] rank 2 ncclAllReduce: count: 6144, datatype: ncclFloat32/ncclFloat, message size: 24576 Bytes
x3001c0s31b1n0:36269:36269 [2] NCCL INFO AllReduce: opCount 0 sendbuff 0x14d8ffc54000 recvbuff 0x14d8ffc54000 count 6144 datatype 7 op 0 root 0 comm 0x55a18e0917e0 [nranks=1] stream 0x55a18cae3900

[LYD INFO in ncclAllReduce (all_reduce.cc)] rank 0 AllReduce Time: 0.000011000 seconds
[Hao INFO in ncclAllReduce (all_reduce.cc)] rank 2 ncclAllReduce: count: 6144, datatype: ncclFloat32/ncclFloat, message size: 24576 Bytes
x3001c0s31b1n0:36269:36269 [2] NCCL INFO AllReduce: opCount 0 sendbuff 0x14d8ffc4e000 recvbuff 0x14d8ffc4e000 count 6144 datatype 7 op 0 root 0 comm 0x55a18e0917e0 [nranks=1] stream 0x55a18cae3900

[LYD INFO in ncclAllReduce (all_reduce.cc)] rank 0 AllReduce Time: 0.000008000 seconds
x3001c0s31b1n0:36269:36269 [2] NCCL INFO AllReduce: opCount 8 sendbuff 0x14d8e1bffa00 recvbuff 0x14d8e1bffa00 count 1 datatype 7 op 0 root 0 comm 0x55a18e08b0a0 [nranks=20] stream 0x55a18cae3680
[LYD INFO in ncclLaunchKernel (enqueue.cc)] NCHANNELS is: 4[Hao INFO in ncclAllReduce (all_reduce.cc)] rank 1 ncclAllReduce: count: 6144, datatype: ncclFloat32/ncclFloat, message size: 24576 Bytes
x3001c0s31b1n0:36268:36268 [1] NCCL INFO AllReduce: opCount 0 sendbuff 0x1498bbe30000 recvbuff 0x1498bbe30000 count 6144 datatype 7 op 2 root 0 comm 0x561712b06300 [nranks=1] stream 0x561710aed420

[LYD INFO in ncclAllReduce (all_reduce.cc)] rank 0 AllReduce Time: 0.000017000 seconds
[Hao INFO in ncclAllReduce (all_reduce.cc)] rank 1 ncclAllReduce: count: 6144, datatype: ncclFloat32/ncclFloat, message size: 24576 Bytes
x3001c0s31b1n0:36268:36268 [1] NCCL INFO AllReduce: opCount 0 sendbuff 0x1498bbe54000 recvbuff 0x1498bbe54000 count 6144 datatype 7 op 0 root 0 comm 0x561712b06300 [nranks=1] stream 0x561710aed420

[LYD INFO in ncclAllReduce (all_reduce.cc)] rank 0 AllReduce Time: 0.000011000 seconds
[Hao INFO in ncclAllReduce (all_reduce.cc)] rank 1 ncclAllReduce: count: 6144, datatype: ncclFloat32/ncclFloat, message size: 24576 Bytes
x3001c0s31b1n0:36268:36268 [1] NCCL INFO AllReduce: opCount 0 sendbuff 0x1498bbe4e000 recvbuff 0x1498bbe4e000 count 6144 datatype 7 op 0 root 0 comm 0x561712b06300 [nranks=1] stream 0x561710aed420

[LYD INFO in ncclAllReduce (all_reduce.cc)] rank 0 AllReduce Time: 0.000009000 seconds
x3001c0s31b1n0:36268:36268 [1] NCCL INFO AllReduce: opCount 8 sendbuff 0x1498b7bffa00 recvbuff 0x1498b7bffa00 count 1 datatype 7 op 0 root 0 comm 0x561713d18f80 [nranks=20] stream 0x561710aed1a0
[LYD INFO in ncclLaunchKernel (enqueue.cc)] NCHANNELS is: 4[Hao INFO in ncclAllReduce (all_reduce.cc)] rank 3 ncclAllReduce: count: 6144, datatype: ncclFloat32/ncclFloat, message size: 24576 Bytes
x3001c0s31b1n0:36270:36270 [3] NCCL INFO AllReduce: opCount 0 sendbuff 0x145e1de30000 recvbuff 0x145e1de30000 count 6144 datatype 7 op 2 root 0 comm 0x55cf5c06ff50 [nranks=1] stream 0x55cf59fba780

[LYD INFO in ncclAllReduce (all_reduce.cc)] rank 0 AllReduce Time: 0.000017000 seconds
[Hao INFO in ncclAllReduce (all_reduce.cc)] rank 3 ncclAllReduce: count: 6144, datatype: ncclFloat32/ncclFloat, message size: 24576 Bytes
x3001c0s31b1n0:36270:36270 [3] NCCL INFO AllReduce: opCount 0 sendbuff 0x145e1de54000 recvbuff 0x145e1de54000 count 6144 datatype 7 op 0 root 0 comm 0x55cf5c06ff50 [nranks=1] stream 0x55cf59fba780

[LYD INFO in ncclAllReduce (all_reduce.cc)] rank 0 AllReduce Time: 0.000011000 seconds
[Hao INFO in ncclAllReduce (all_reduce.cc)] rank 3 ncclAllReduce: count: 6144, datatype: ncclFloat32/ncclFloat, message size: 24576 Bytes
x3001c0s31b1n0:36270:36270 [3] NCCL INFO AllReduce: opCount 0 sendbuff 0x145e1de4e000 recvbuff 0x145e1de4e000 count 6144 datatype 7 op 0 root 0 comm 0x55cf5c06ff50 [nranks=1] stream 0x55cf59fba780

[LYD INFO in ncclAllReduce (all_reduce.cc)] rank 0 AllReduce Time: 0.000039000 seconds
x3001c0s31b1n0:36270:36270 [3] NCCL INFO AllReduce: opCount 8 sendbuff 0x145e11bffa00 recvbuff 0x145e11bffa00 count 1 datatype 7 op 0 root 0 comm 0x55cf5d1c7e20 [nranks=20] stream 0x55cf59fba500
[LYD INFO in ncclLaunchKernel (enqueue.cc)] NCHANNELS is: 4[Hao INFO in ncclAllReduce (all_reduce.cc)] rank 0 ncclAllReduce: count: 6144, datatype: ncclFloat32/ncclFloat, message size: 24576 Bytes
x3001c0s31b1n0:36267:36267 [0] NCCL INFO AllReduce: opCount 0 sendbuff 0x152e6fc30000 recvbuff 0x152e6fc30000 count 6144 datatype 7 op 2 root 0 comm 0x55dd55b2a6f0 [nranks=1] stream 0x55dd53b30a80

[LYD INFO in ncclAllReduce (all_reduce.cc)] rank 0 AllReduce Time: 0.000016000 seconds
[Hao INFO in ncclAllReduce (all_reduce.cc)] rank 0 ncclAllReduce: count: 6144, datatype: ncclFloat32/ncclFloat, message size: 24576 Bytes
x3001c0s31b1n0:36267:36267 [0] NCCL INFO AllReduce: opCount 0 sendbuff 0x152e6fc54000 recvbuff 0x152e6fc54000 count 6144 datatype 7 op 0 root 0 comm 0x55dd55b2a6f0 [nranks=1] stream 0x55dd53b30a80

[LYD INFO in ncclAllReduce (all_reduce.cc)] rank 0 AllReduce Time: 0.000011000 seconds
[Hao INFO in ncclAllReduce (all_reduce.cc)] rank 0 ncclAllReduce: count: 6144, datatype: ncclFloat32/ncclFloat, message size: 24576 Bytes
x3001c0s31b1n0:36267:36267 [0] NCCL INFO AllReduce: opCount 0 sendbuff 0x152e6fc4e000 recvbuff 0x152e6fc4e000 count 6144 datatype 7 op 0 root 0 comm 0x55dd55b2a6f0 [nranks=1] stream 0x55dd53b30a80

[LYD INFO in ncclAllReduce (all_reduce.cc)] rank 0 AllReduce Time: 0.000008000 seconds
x3001c0s31b1n0:36267:36267 [0] NCCL INFO AllReduce: opCount 8 sendbuff 0x152e5fbffa00 recvbuff 0x152e5fbffa00 count 1 datatype 7 op 0 root 0 comm 0x55dd56cf75c0 [nranks=20] stream 0x55dd53b30800
[LYD INFO in ncclLaunchKernel (enqueue.cc)] NCHANNELS is: 4
[LYD INFO in NCCL_KERN_NAME (common.h)] 6 AllReduce TREE LL Sum float Elapsed time: 130835 us

[LYD INFO in NCCL_KERN_NAME (common.h)] 4 AllReduce TREE LL Sum float Elapsed time: 89152 us

[LYD INFO in NCCL_KERN_NAME (common.h)] 7 AllReduce TREE LL Sum float Elapsed time: 82420 us

[LYD INFO in NCCL_KERN_NAME (common.h)] 5 AllReduce TREE LL Sum float Elapsed time: 97888 us
