x3006c0s7b0n0:61812:952 [3] NCCL INFO NET/IB : GPU Direct RDMA Enabled for HCA 0 'mlx5_0'
x3006c0s7b0n0:61812:952 [3] NCCL INFO NET/IB : GPU Direct RDMA Enabled for HCA 1 'mlx5_1'
x3006c0s7b0n0:61812:952 [3] NCCL INFO GPU Direct RDMA Disabled for GPU 85000 / HCA 0 (distance 7 > 4)
x3006c0s7b0n0:61812:952 [3] NCCL INFO GPU Direct RDMA Disabled for GPU c7000 / HCA 0 (distance 6 > 4)
x3006c0s7b0n0:61812:952 [3] NCCL INFO GPU Direct RDMA Disabled for GPU 85000 / HCA 1 (distance 7 > 4)
x3006c0s7b0n0:61812:952 [3] NCCL INFO GPU Direct RDMA Disabled for GPU c7000 / HCA 1 (distance 7 > 4)
x3006c0s7b0n0:61812:952 [3] NCCL INFO === System : maxBw 88.0 totalBw 88.0 ===
x3006c0s7b0n0:61812:952 [3] NCCL INFO CPU/1 (1/2/-1)
x3006c0s7b0n0:61812:952 [3] NCCL INFO + SYS[5000.0] - CPU/0
x3006c0s7b0n0:61812:952 [3] NCCL INFO + SYS[5000.0] - CPU/2
x3006c0s7b0n0:61812:952 [3] NCCL INFO + PCI[24.0] - PCI/83000 (11f8406811f8beef)
x3006c0s7b0n0:61812:952 [3] NCCL INFO               + PCI[24.0] - GPU/85000 (0)
x3006c0s7b0n0:61812:952 [3] NCCL INFO                             + NVL[88.0] - GPU/C7000
x3006c0s7b0n0:61812:952 [3] NCCL INFO CPU/0 (1/2/-1)
x3006c0s7b0n0:61812:952 [3] NCCL INFO + SYS[5000.0] - CPU/1
x3006c0s7b0n0:61812:952 [3] NCCL INFO + SYS[5000.0] - CPU/2
x3006c0s7b0n0:61812:952 [3] NCCL INFO + PCI[24.0] - PCI/C5000 (11f8406811f8beef)
x3006c0s7b0n0:61812:952 [3] NCCL INFO               + PCI[24.0] - GPU/C7000 (1)
x3006c0s7b0n0:61812:952 [3] NCCL INFO                             + NVL[88.0] - GPU/85000
x3006c0s7b0n0:61812:952 [3] NCCL INFO + PCI[12.0] - NIC/C8000
x3006c0s7b0n0:61812:952 [3] NCCL INFO CPU/2 (1/2/-1)
x3006c0s7b0n0:61812:952 [3] NCCL INFO + SYS[5000.0] - CPU/1
x3006c0s7b0n0:61812:952 [3] NCCL INFO + SYS[5000.0] - CPU/0
x3006c0s7b0n0:61812:952 [3] NCCL INFO + PCI[12.0] - NIC/43000
x3006c0s7b0n0:61812:952 [3] NCCL INFO ==========================================
x3006c0s7b0n0:61812:952 [3] NCCL INFO GPU/85000 :GPU/85000 (0/5000.000000/LOC) GPU/C7000 (1/88.000000/NVL) CPU/1 (2/24.000000/PHB) CPU/0 (3/24.000000/SYS) CPU/2 (3/24.000000/SYS) 
x3006c0s7b0n0:61812:952 [3] NCCL INFO GPU/C7000 :GPU/85000 (1/88.000000/NVL) GPU/C7000 (0/5000.000000/LOC) CPU/1 (3/24.000000/SYS) CPU/0 (2/24.000000/PHB) CPU/2 (3/24.000000/SYS) 
x3006c0s7b0n0:61812:952 [3] NCCL INFO Setting affinity for GPU 3 to 01
x3006c0s7b0n0:61812:952 [3] NCCL INFO Pattern 4, crossNic 0, nChannels 4, bw 22.000000/22.000000, type NVL/PIX, sameChannels 1
x3006c0s7b0n0:61812:952 [3] NCCL INFO  0 : GPU/0 GPU/1
x3006c0s7b0n0:61812:952 [3] NCCL INFO  1 : GPU/0 GPU/1
x3006c0s7b0n0:61812:952 [3] NCCL INFO  2 : GPU/0 GPU/1
x3006c0s7b0n0:61812:952 [3] NCCL INFO  3 : GPU/0 GPU/1
x3006c0s7b0n0:61812:952 [3] NCCL INFO Pattern 1, crossNic 0, nChannels 4, bw 22.000000/22.000000, type NVL/PIX, sameChannels 1
x3006c0s7b0n0:61812:952 [3] NCCL INFO  0 : GPU/0 GPU/1
x3006c0s7b0n0:61812:952 [3] NCCL INFO  1 : GPU/0 GPU/1
x3006c0s7b0n0:61812:952 [3] NCCL INFO  2 : GPU/0 GPU/1
x3006c0s7b0n0:61812:952 [3] NCCL INFO  3 : GPU/0 GPU/1
x3006c0s7b0n0:61812:952 [3] NCCL INFO Pattern 3, crossNic 0, nChannels 4, bw 44.000000/44.000000, type NVL/PIX, sameChannels 0
x3006c0s7b0n0:61812:952 [3] NCCL INFO  0 : GPU/0 GPU/1
x3006c0s7b0n0:61812:952 [3] NCCL INFO  1 : GPU/0 GPU/1
x3006c0s7b0n0:61812:952 [3] NCCL INFO  2 : GPU/1 GPU/0
x3006c0s7b0n0:61812:952 [3] NCCL INFO  3 : GPU/1 GPU/0
x3006c0s7b0n0:61812:952 [3] NCCL INFO Tree 0 : 0 -> 1 -> -1/-1/-1
x3006c0s7b0n0:61812:952 [3] NCCL INFO Tree 4 : 0 -> 1 -> -1/-1/-1
x3006c0s7b0n0:61812:952 [3] NCCL INFO Tree 1 : 0 -> 1 -> -1/-1/-1
x3006c0s7b0n0:61812:952 [3] NCCL INFO Tree 5 : 0 -> 1 -> -1/-1/-1
x3006c0s7b0n0:61812:952 [3] NCCL INFO Tree 2 : 0 -> 1 -> -1/-1/-1
x3006c0s7b0n0:61812:952 [3] NCCL INFO Tree 6 : 0 -> 1 -> -1/-1/-1
x3006c0s7b0n0:61812:952 [3] NCCL INFO Tree 3 : 0 -> 1 -> -1/-1/-1
x3006c0s7b0n0:61812:952 [3] NCCL INFO Tree 7 : 0 -> 1 -> -1/-1/-1
x3006c0s7b0n0:61812:952 [3] NCCL INFO Ring 00 : 0 -> 1 -> 0
x3006c0s7b0n0:61812:952 [3] NCCL INFO Ring 01 : 0 -> 1 -> 0
x3006c0s7b0n0:61812:952 [3] NCCL INFO Ring 02 : 0 -> 1 -> 0
x3006c0s7b0n0:61812:952 [3] NCCL INFO Ring 03 : 0 -> 1 -> 0
x3006c0s7b0n0:61812:952 [3] NCCL INFO Ring 04 : 0 -> 1 -> 0
x3006c0s7b0n0:61812:952 [3] NCCL INFO Ring 05 : 0 -> 1 -> 0
x3006c0s7b0n0:61812:952 [3] NCCL INFO Ring 06 : 0 -> 1 -> 0
x3006c0s7b0n0:61812:952 [3] NCCL INFO Ring 07 : 0 -> 1 -> 0
x3006c0s7b0n0:61812:952 [3] NCCL INFO Trees [0] -1/-1/-1->1->0 [1] -1/-1/-1->1->0 [2] -1/-1/-1->1->0 [3] -1/-1/-1->1->0 [4] -1/-1/-1->1->0 [5] -1/-1/-1->1->0 [6] -1/-1/-1->1->0 [7] -1/-1/-1->1->0
x3006c0s7b0n0:61812:952 [3] NCCL INFO misc/utils.cc:235 memory stack hunk malloc(65536)
x3006c0s7b0n0:61812:952 [3] NCCL INFO channel.cc:23 Cuda Alloc Size 1152 pointer 0x14c66fe09e00
x3006c0s7b0n0:61812:952 [3] NCCL INFO channel.cc:27 Cuda Alloc Size 8 pointer 0x14c66fe0a400
x3006c0s7b0n0:61812:952 [3] NCCL INFO channel.cc:23 Cuda Alloc Size 1152 pointer 0x14c66fe0a600
x3006c0s7b0n0:61812:952 [3] NCCL INFO channel.cc:27 Cuda Alloc Size 8 pointer 0x14c66fe0ac00
x3006c0s7b0n0:61812:952 [3] NCCL INFO channel.cc:23 Cuda Alloc Size 1152 pointer 0x14c66fe0ae00
x3006c0s7b0n0:61812:952 [3] NCCL INFO channel.cc:27 Cuda Alloc Size 8 pointer 0x14c66fe0b400
x3006c0s7b0n0:61812:952 [3] NCCL INFO channel.cc:23 Cuda Alloc Size 1152 pointer 0x14c66fe0b600
x3006c0s7b0n0:61812:952 [3] NCCL INFO channel.cc:27 Cuda Alloc Size 8 pointer 0x14c66fe0bc00
x3006c0s7b0n0:61812:952 [3] NCCL INFO channel.cc:23 Cuda Alloc Size 1152 pointer 0x14c66fe0be00
x3006c0s7b0n0:61812:952 [3] NCCL INFO channel.cc:27 Cuda Alloc Size 8 pointer 0x14c66fe0c400
x3006c0s7b0n0:61812:952 [3] NCCL INFO channel.cc:23 Cuda Alloc Size 1152 pointer 0x14c66fe0c600
x3006c0s7b0n0:61812:952 [3] NCCL INFO channel.cc:27 Cuda Alloc Size 8 pointer 0x14c66fe0cc00
x3006c0s7b0n0:61812:952 [3] NCCL INFO channel.cc:23 Cuda Alloc Size 1152 pointer 0x14c66fe0ce00
x3006c0s7b0n0:61812:952 [3] NCCL INFO channel.cc:27 Cuda Alloc Size 8 pointer 0x14c66fe0d400
x3006c0s7b0n0:61812:952 [3] NCCL INFO channel.cc:23 Cuda Alloc Size 1152 pointer 0x14c66fe0d600
x3006c0s7b0n0:61812:952 [3] NCCL INFO channel.cc:27 Cuda Alloc Size 8 pointer 0x14c66fe0dc00
x3006c0s7b0n0:61809:951 [2] NCCL INFO Tree 0 : -1 -> 0 -> 1/-1/-1
x3006c0s7b0n0:61809:951 [2] NCCL INFO Tree 4 : -1 -> 0 -> 1/-1/-1
x3006c0s7b0n0:61809:951 [2] NCCL INFO Tree 1 : -1 -> 0 -> 1/-1/-1
x3006c0s7b0n0:61809:951 [2] NCCL INFO Tree 5 : -1 -> 0 -> 1/-1/-1
x3006c0s7b0n0:61809:951 [2] NCCL INFO Tree 2 : -1 -> 0 -> 1/-1/-1
x3006c0s7b0n0:61809:951 [2] NCCL INFO Tree 6 : -1 -> 0 -> 1/-1/-1
x3006c0s7b0n0:61809:951 [2] NCCL INFO Tree 3 : -1 -> 0 -> 1/-1/-1
x3006c0s7b0n0:61809:951 [2] NCCL INFO Tree 7 : -1 -> 0 -> 1/-1/-1
x3006c0s7b0n0:61809:951 [2] NCCL INFO Channel 00/08 :    0   1
x3006c0s7b0n0:61809:951 [2] NCCL INFO Channel 01/08 :    0   1
x3006c0s7b0n0:61809:951 [2] NCCL INFO Channel 02/08 :    0   1
x3006c0s7b0n0:61809:951 [2] NCCL INFO Channel 03/08 :    0   1
x3006c0s7b0n0:61809:951 [2] NCCL INFO Channel 04/08 :    0   1
x3006c0s7b0n0:61809:951 [2] NCCL INFO Channel 05/08 :    0   1
x3006c0s7b0n0:61809:951 [2] NCCL INFO Channel 06/08 :    0   1
x3006c0s7b0n0:61809:951 [2] NCCL INFO Channel 07/08 :    0   1
x3006c0s7b0n0:61809:951 [2] NCCL INFO Ring 00 : 1 -> 0 -> 1
x3006c0s7b0n0:61809:951 [2] NCCL INFO Ring 01 : 1 -> 0 -> 1
x3006c0s7b0n0:61809:951 [2] NCCL INFO Ring 02 : 1 -> 0 -> 1
x3006c0s7b0n0:61809:951 [2] NCCL INFO Ring 03 : 1 -> 0 -> 1
x3006c0s7b0n0:61809:951 [2] NCCL INFO Ring 04 : 1 -> 0 -> 1
x3006c0s7b0n0:61809:951 [2] NCCL INFO Ring 05 : 1 -> 0 -> 1
x3006c0s7b0n0:61809:951 [2] NCCL INFO Ring 06 : 1 -> 0 -> 1
x3006c0s7b0n0:61809:951 [2] NCCL INFO Ring 07 : 1 -> 0 -> 1
x3006c0s7b0n0:61809:951 [2] NCCL INFO Trees [0] 1/-1/-1->0->-1 [1] 1/-1/-1->0->-1 [2] 1/-1/-1->0->-1 [3] 1/-1/-1->0->-1 [4] 1/-1/-1->0->-1 [5] 1/-1/-1->0->-1 [6] 1/-1/-1->0->-1 [7] 1/-1/-1->0->-1
x3006c0s7b0n0:61809:951 [2] NCCL INFO misc/utils.cc:235 memory stack hunk malloc(65536)
x3006c0s7b0n0:61809:951 [2] NCCL INFO channel.cc:23 Cuda Alloc Size 1152 pointer 0x14904b809e00
x3006c0s7b0n0:61809:951 [2] NCCL INFO channel.cc:27 Cuda Alloc Size 8 pointer 0x14904b80a400
x3006c0s7b0n0:61809:951 [2] NCCL INFO channel.cc:23 Cuda Alloc Size 1152 pointer 0x14904b80a600
x3006c0s7b0n0:61809:951 [2] NCCL INFO channel.cc:27 Cuda Alloc Size 8 pointer 0x14904b80ac00
x3006c0s7b0n0:61809:951 [2] NCCL INFO channel.cc:23 Cuda Alloc Size 1152 pointer 0x14904b80ae00
x3006c0s7b0n0:61809:951 [2] NCCL INFO channel.cc:27 Cuda Alloc Size 8 pointer 0x14904b80b400
x3006c0s7b0n0:61809:951 [2] NCCL INFO channel.cc:23 Cuda Alloc Size 1152 pointer 0x14904b80b600
x3006c0s7b0n0:61809:951 [2] NCCL INFO channel.cc:27 Cuda Alloc Size 8 pointer 0x14904b80bc00
x3006c0s7b0n0:61809:951 [2] NCCL INFO channel.cc:23 Cuda Alloc Size 1152 pointer 0x14904b80be00
x3006c0s7b0n0:61809:951 [2] NCCL INFO channel.cc:27 Cuda Alloc Size 8 pointer 0x14904b80c400
x3006c0s7b0n0:61809:951 [2] NCCL INFO channel.cc:23 Cuda Alloc Size 1152 pointer 0x14904b80c600
x3006c0s7b0n0:61809:951 [2] NCCL INFO channel.cc:27 Cuda Alloc Size 8 pointer 0x14904b80cc00
x3006c0s7b0n0:61809:951 [2] NCCL INFO channel.cc:23 Cuda Alloc Size 1152 pointer 0x14904b80ce00
x3006c0s7b0n0:61809:951 [2] NCCL INFO channel.cc:27 Cuda Alloc Size 8 pointer 0x14904b80d400
x3006c0s7b0n0:61809:951 [2] NCCL INFO channel.cc:23 Cuda Alloc Size 1152 pointer 0x14904b80d600
x3006c0s7b0n0:61809:951 [2] NCCL INFO channel.cc:27 Cuda Alloc Size 8 pointer 0x14904b80dc00
x3006c0s7b0n0:61809:968 [2] NCCL INFO Mem Realloc old size 0, new size 8 pointer 0x148fec000d10
x3006c0s7b0n0:61809:968 [2] NCCL INFO New proxy recv connection 0 from local rank 0, transport 0
x3006c0s7b0n0:61812:972 [3] NCCL INFO Mem Realloc old size 0, new size 8 pointer 0x14c5f8000c60
x3006c0s7b0n0:61812:972 [3] NCCL INFO New proxy recv connection 0 from local rank 1, transport 0
x3006c0s7b0n0:61812:952 [3] NCCL INFO Connection to proxy localRank 1 -> connection 0x14c5f8000c80
x3006c0s7b0n0:61812:972 [3] NCCL INFO transport/p2p.cc:449 Cuda Alloc Size 6291456 pointer 0x14c5fda00000
x3006c0s7b0n0:61809:951 [2] NCCL INFO Connection to proxy localRank 0 -> connection 0x148fec000d30
x3006c0s7b0n0:61809:968 [2] NCCL INFO transport/p2p.cc:449 Cuda Alloc Size 6291456 pointer 0x148ff5a00000
x3006c0s7b0n0:61802:949 [1] NCCL INFO NET/IB : GPU Direct RDMA Enabled for HCA 0 'mlx5_0'
x3006c0s7b0n0:61802:949 [1] NCCL INFO NET/IB : GPU Direct RDMA Enabled for HCA 1 'mlx5_1'
x3006c0s7b0n0:61802:949 [1] NCCL INFO GPU Direct RDMA Disabled for GPU 7000 / HCA 1 (distance 7 > 4)
x3006c0s7b0n0:61802:949 [1] NCCL INFO GPU Direct RDMA Disabled for GPU 46000 / HCA 1 (distance 6 > 4)
x3006c0s7b0n0:61802:949 [1] NCCL INFO GPU Direct RDMA Disabled for GPU 7000 / HCA 0 (distance 7 > 4)
x3006c0s7b0n0:61802:949 [1] NCCL INFO GPU Direct RDMA Disabled for GPU 46000 / HCA 0 (distance 7 > 4)
x3006c0s7b0n0:61802:949 [1] NCCL INFO === System : maxBw 88.0 totalBw 88.0 ===
x3006c0s7b0n0:61802:949 [1] NCCL INFO CPU/3 (1/2/-1)
x3006c0s7b0n0:61802:949 [1] NCCL INFO + SYS[5000.0] - CPU/2
x3006c0s7b0n0:61802:949 [1] NCCL INFO + SYS[5000.0] - CPU/0
x3006c0s7b0n0:61802:949 [1] NCCL INFO + PCI[24.0] - PCI/5000 (11f8406811f8beef)
x3006c0s7b0n0:61802:949 [1] NCCL INFO               + PCI[24.0] - GPU/7000 (0)
x3006c0s7b0n0:61802:949 [1] NCCL INFO                             + NVL[88.0] - GPU/46000
x3006c0s7b0n0:61802:949 [1] NCCL INFO CPU/2 (1/2/-1)
x3006c0s7b0n0:61802:949 [1] NCCL INFO + SYS[5000.0] - CPU/3
x3006c0s7b0n0:61802:949 [1] NCCL INFO + SYS[5000.0] - CPU/0
x3006c0s7b0n0:61802:949 [1] NCCL INFO + PCI[24.0] - PCI/44000 (11f8406811f8beef)
x3006c0s7b0n0:61802:949 [1] NCCL INFO               + PCI[24.0] - GPU/46000 (1)
x3006c0s7b0n0:61802:949 [1] NCCL INFO                             + NVL[88.0] - GPU/7000
x3006c0s7b0n0:61802:949 [1] NCCL INFO + PCI[12.0] - NIC/43000
x3006c0s7b0n0:61802:949 [1] NCCL INFO CPU/0 (1/2/-1)
x3006c0s7b0n0:61802:949 [1] NCCL INFO + SYS[5000.0] - CPU/3
x3006c0s7b0n0:61802:949 [1] NCCL INFO + SYS[5000.0] - CPU/2
x3006c0s7b0n0:61802:949 [1] NCCL INFO + PCI[12.0] - NIC/C8000
x3006c0s7b0n0:61802:949 [1] NCCL INFO ==========================================
x3006c0s7b0n0:61802:949 [1] NCCL INFO GPU/7000 :GPU/7000 (0/5000.000000/LOC) GPU/46000 (1/88.000000/NVL) CPU/3 (2/24.000000/PHB) CPU/2 (3/24.000000/SYS) CPU/0 (3/24.000000/SYS) 
x3006c0s7b0n0:61802:949 [1] NCCL INFO GPU/46000 :GPU/7000 (1/88.000000/NVL) GPU/46000 (0/5000.000000/LOC) CPU/3 (3/24.000000/SYS) CPU/2 (2/24.000000/PHB) CPU/0 (3/24.000000/SYS) 
x3006c0s7b0n0:61802:949 [1] NCCL INFO Pattern 4, crossNic 0, nChannels 4, bw 22.000000/22.000000, type NVL/PIX, sameChannels 1
x3006c0s7b0n0:61802:949 [1] NCCL INFO  0 : GPU/0 GPU/1
x3006c0s7b0n0:61802:949 [1] NCCL INFO  1 : GPU/0 GPU/1
x3006c0s7b0n0:61802:949 [1] NCCL INFO  2 : GPU/0 GPU/1
x3006c0s7b0n0:61802:949 [1] NCCL INFO  3 : GPU/0 GPU/1
x3006c0s7b0n0:61802:949 [1] NCCL INFO Pattern 1, crossNic 0, nChannels 4, bw 22.000000/22.000000, type NVL/PIX, sameChannels 1
x3006c0s7b0n0:61802:949 [1] NCCL INFO  0 : GPU/0 GPU/1
x3006c0s7b0n0:61802:949 [1] NCCL INFO  1 : GPU/0 GPU/1
x3006c0s7b0n0:61802:949 [1] NCCL INFO  2 : GPU/0 GPU/1
x3006c0s7b0n0:61802:949 [1] NCCL INFO  3 : GPU/0 GPU/1
x3006c0s7b0n0:61802:949 [1] NCCL INFO Pattern 3, crossNic 0, nChannels 4, bw 44.000000/44.000000, type NVL/PIX, sameChannels 0
x3006c0s7b0n0:61802:949 [1] NCCL INFO  0 : GPU/0 GPU/1
x3006c0s7b0n0:61802:949 [1] NCCL INFO  1 : GPU/0 GPU/1
x3006c0s7b0n0:61802:949 [1] NCCL INFO  2 : GPU/1 GPU/0
x3006c0s7b0n0:61802:949 [1] NCCL INFO  3 : GPU/1 GPU/0
x3006c0s7b0n0:61812:972 [3] NCCL INFO New proxy recv connection 1 from local rank 1, transport 0
x3006c0s7b0n0:61812:952 [3] NCCL INFO Connection to proxy localRank 1 -> connection 0x14c5f8000cc0
x3006c0s7b0n0:61809:968 [2] NCCL INFO New proxy recv connection 1 from local rank 0, transport 0
x3006c0s7b0n0:61799:948 [0] NCCL INFO NET/IB : GPU Direct RDMA Enabled for HCA 0 'mlx5_0'
x3006c0s7b0n0:61799:948 [0] NCCL INFO NET/IB : GPU Direct RDMA Enabled for HCA 1 'mlx5_1'
x3006c0s7b0n0:61799:948 [0] NCCL INFO GPU Direct RDMA Disabled for GPU 7000 / HCA 1 (distance 7 > 4)
x3006c0s7b0n0:61799:948 [0] NCCL INFO GPU Direct RDMA Disabled for GPU 46000 / HCA 1 (distance 6 > 4)
x3006c0s7b0n0:61799:948 [0] NCCL INFO GPU Direct RDMA Disabled for GPU 7000 / HCA 0 (distance 7 > 4)
x3006c0s7b0n0:61799:948 [0] NCCL INFO GPU Direct RDMA Disabled for GPU 46000 / HCA 0 (distance 7 > 4)
x3006c0s7b0n0:61799:948 [0] NCCL INFO === System : maxBw 88.0 totalBw 88.0 ===
x3006c0s7b0n0:61799:948 [0] NCCL INFO CPU/3 (1/2/-1)
x3006c0s7b0n0:61799:948 [0] NCCL INFO + SYS[5000.0] - CPU/2
x3006c0s7b0n0:61799:948 [0] NCCL INFO + SYS[5000.0] - CPU/0
x3006c0s7b0n0:61799:948 [0] NCCL INFO + PCI[24.0] - PCI/5000 (11f8406811f8beef)
x3006c0s7b0n0:61799:948 [0] NCCL INFO               + PCI[24.0] - GPU/7000 (0)
x3006c0s7b0n0:61799:948 [0] NCCL INFO                             + NVL[88.0] - GPU/46000
x3006c0s7b0n0:61799:948 [0] NCCL INFO CPU/2 (1/2/-1)
x3006c0s7b0n0:61799:948 [0] NCCL INFO + SYS[5000.0] - CPU/3
x3006c0s7b0n0:61799:948 [0] NCCL INFO + SYS[5000.0] - CPU/0
x3006c0s7b0n0:61799:948 [0] NCCL INFO + PCI[24.0] - PCI/44000 (11f8406811f8beef)
x3006c0s7b0n0:61799:948 [0] NCCL INFO               + PCI[24.0] - GPU/46000 (1)
x3006c0s7b0n0:61799:948 [0] NCCL INFO                             + NVL[88.0] - GPU/7000
x3006c0s7b0n0:61799:948 [0] NCCL INFO + PCI[12.0] - NIC/43000
x3006c0s7b0n0:61799:948 [0] NCCL INFO CPU/0 (1/2/-1)
x3006c0s7b0n0:61799:948 [0] NCCL INFO + SYS[5000.0] - CPU/3
x3006c0s7b0n0:61799:948 [0] NCCL INFO + SYS[5000.0] - CPU/2
x3006c0s7b0n0:61799:948 [0] NCCL INFO + PCI[12.0] - NIC/C8000
x3006c0s7b0n0:61799:948 [0] NCCL INFO ==========================================
x3006c0s7b0n0:61799:948 [0] NCCL INFO GPU/7000 :GPU/7000 (0/5000.000000/LOC) GPU/46000 (1/88.000000/NVL) CPU/3 (2/24.000000/PHB) CPU/2 (3/24.000000/SYS) CPU/0 (3/24.000000/SYS) 
x3006c0s7b0n0:61799:948 [0] NCCL INFO GPU/46000 :GPU/7000 (1/88.000000/NVL) GPU/46000 (0/5000.000000/LOC) CPU/3 (3/24.000000/SYS) CPU/2 (2/24.000000/PHB) CPU/0 (3/24.000000/SYS) 
x3006c0s7b0n0:61799:948 [0] NCCL INFO Pattern 4, crossNic 0, nChannels 4, bw 22.000000/22.000000, type NVL/PIX, sameChannels 1
x3006c0s7b0n0:61799:948 [0] NCCL INFO  0 : GPU/0 GPU/1
x3006c0s7b0n0:61799:948 [0] NCCL INFO  1 : GPU/0 GPU/1
x3006c0s7b0n0:61799:948 [0] NCCL INFO  2 : GPU/0 GPU/1
x3006c0s7b0n0:61799:948 [0] NCCL INFO  3 : GPU/0 GPU/1
x3006c0s7b0n0:61799:948 [0] NCCL INFO Pattern 1, crossNic 0, nChannels 4, bw 22.000000/22.000000, type NVL/PIX, sameChannels 1
x3006c0s7b0n0:61799:948 [0] NCCL INFO  0 : GPU/0 GPU/1
x3006c0s7b0n0:61799:948 [0] NCCL INFO  1 : GPU/0 GPU/1
x3006c0s7b0n0:61799:948 [0] NCCL INFO  2 : GPU/0 GPU/1
x3006c0s7b0n0:61799:948 [0] NCCL INFO  3 : GPU/0 GPU/1
x3006c0s7b0n0:61799:948 [0] NCCL INFO Pattern 3, crossNic 0, nChannels 4, bw 44.000000/44.000000, type NVL/PIX, sameChannels 0
x3006c0s7b0n0:61799:948 [0] NCCL INFO  0 : GPU/0 GPU/1
x3006c0s7b0n0:61799:948 [0] NCCL INFO  1 : GPU/0 GPU/1
x3006c0s7b0n0:61799:948 [0] NCCL INFO  2 : GPU/1 GPU/0
x3006c0s7b0n0:61799:948 [0] NCCL INFO  3 : GPU/1 GPU/0
x3006c0s7b0n0:61799:948 [0] NCCL INFO Tree 0 : -1 -> 0 -> 1/-1/-1
x3006c0s7b0n0:61799:948 [0] NCCL INFO Tree 4 : -1 -> 0 -> 1/-1/-1
x3006c0s7b0n0:61799:948 [0] NCCL INFO Tree 1 : -1 -> 0 -> 1/-1/-1
x3006c0s7b0n0:61799:948 [0] NCCL INFO Tree 5 : -1 -> 0 -> 1/-1/-1
x3006c0s7b0n0:61799:948 [0] NCCL INFO Tree 2 : -1 -> 0 -> 1/-1/-1
x3006c0s7b0n0:61799:948 [0] NCCL INFO Tree 6 : -1 -> 0 -> 1/-1/-1
x3006c0s7b0n0:61799:948 [0] NCCL INFO Tree 3 : -1 -> 0 -> 1/-1/-1
x3006c0s7b0n0:61799:948 [0] NCCL INFO Tree 7 : -1 -> 0 -> 1/-1/-1
x3006c0s7b0n0:61799:948 [0] NCCL INFO Channel 00/08 :    0   1
x3006c0s7b0n0:61799:948 [0] NCCL INFO Channel 01/08 :    0   1
x3006c0s7b0n0:61799:948 [0] NCCL INFO Channel 02/08 :    0   1
x3006c0s7b0n0:61799:948 [0] NCCL INFO Channel 03/08 :    0   1
x3006c0s7b0n0:61799:948 [0] NCCL INFO Channel 04/08 :    0   1
x3006c0s7b0n0:61799:948 [0] NCCL INFO Channel 05/08 :    0   1
x3006c0s7b0n0:61799:948 [0] NCCL INFO Channel 06/08 :    0   1
x3006c0s7b0n0:61799:948 [0] NCCL INFO Channel 07/08 :    0   1
x3006c0s7b0n0:61799:948 [0] NCCL INFO Ring 00 : 1 -> 0 -> 1
x3006c0s7b0n0:61799:948 [0] NCCL INFO Ring 01 : 1 -> 0 -> 1
x3006c0s7b0n0:61799:948 [0] NCCL INFO Ring 02 : 1 -> 0 -> 1
x3006c0s7b0n0:61799:948 [0] NCCL INFO Ring 03 : 1 -> 0 -> 1
x3006c0s7b0n0:61799:948 [0] NCCL INFO Ring 04 : 1 -> 0 -> 1
x3006c0s7b0n0:61799:948 [0] NCCL INFO Ring 05 : 1 -> 0 -> 1
x3006c0s7b0n0:61799:948 [0] NCCL INFO Ring 06 : 1 -> 0 -> 1
x3006c0s7b0n0:61799:948 [0] NCCL INFO Ring 07 : 1 -> 0 -> 1
x3006c0s7b0n0:61799:948 [0] NCCL INFO Trees [0] 1/-1/-1->0->-1 [1] 1/-1/-1->0->-1 [2] 1/-1/-1->0->-1 [3] 1/-1/-1->0->-1 [4] 1/-1/-1->0->-1 [5] 1/-1/-1->0->-1 [6] 1/-1/-1->0->-1 [7] 1/-1/-1->0->-1
x3006c0s7b0n0:61799:948 [0] NCCL INFO misc/utils.cc:235 memory stack hunk malloc(65536)
x3006c0s7b0n0:61799:948 [0] NCCL INFO channel.cc:23 Cuda Alloc Size 1152 pointer 0x14eea7809e00
x3006c0s7b0n0:61799:948 [0] NCCL INFO channel.cc:27 Cuda Alloc Size 8 pointer 0x14eea780a400
x3006c0s7b0n0:61799:948 [0] NCCL INFO channel.cc:23 Cuda Alloc Size 1152 pointer 0x14eea780a600
x3006c0s7b0n0:61799:948 [0] NCCL INFO channel.cc:27 Cuda Alloc Size 8 pointer 0x14eea780ac00
x3006c0s7b0n0:61799:948 [0] NCCL INFO channel.cc:23 Cuda Alloc Size 1152 pointer 0x14eea780ae00
x3006c0s7b0n0:61799:948 [0] NCCL INFO channel.cc:27 Cuda Alloc Size 8 pointer 0x14eea780b400
x3006c0s7b0n0:61799:948 [0] NCCL INFO channel.cc:23 Cuda Alloc Size 1152 pointer 0x14eea780b600
x3006c0s7b0n0:61799:948 [0] NCCL INFO channel.cc:27 Cuda Alloc Size 8 pointer 0x14eea780bc00
x3006c0s7b0n0:61799:948 [0] NCCL INFO channel.cc:23 Cuda Alloc Size 1152 pointer 0x14eea780be00
x3006c0s7b0n0:61799:948 [0] NCCL INFO channel.cc:27 Cuda Alloc Size 8 pointer 0x14eea780c400
x3006c0s7b0n0:61799:948 [0] NCCL INFO channel.cc:23 Cuda Alloc Size 1152 pointer 0x14eea780c600
x3006c0s7b0n0:61799:948 [0] NCCL INFO channel.cc:27 Cuda Alloc Size 8 pointer 0x14eea780cc00
x3006c0s7b0n0:61799:948 [0] NCCL INFO channel.cc:23 Cuda Alloc Size 1152 pointer 0x14eea780ce00
x3006c0s7b0n0:61799:948 [0] NCCL INFO channel.cc:27 Cuda Alloc Size 8 pointer 0x14eea780d400
x3006c0s7b0n0:61799:948 [0] NCCL INFO channel.cc:23 Cuda Alloc Size 1152 pointer 0x14eea780d600
x3006c0s7b0n0:61799:948 [0] NCCL INFO channel.cc:27 Cuda Alloc Size 8 pointer 0x14eea780dc00
x3006c0s7b0n0:61812:972 [3] NCCL INFO transport/p2p.cc:449 Cuda Alloc Size 6291456 pointer 0x14c5ffa00000
x3006c0s7b0n0:61802:949 [1] NCCL INFO Tree 0 : 0 -> 1 -> -1/-1/-1
x3006c0s7b0n0:61802:949 [1] NCCL INFO Tree 4 : 0 -> 1 -> -1/-1/-1
x3006c0s7b0n0:61802:949 [1] NCCL INFO Tree 1 : 0 -> 1 -> -1/-1/-1
x3006c0s7b0n0:61802:949 [1] NCCL INFO Tree 5 : 0 -> 1 -> -1/-1/-1
x3006c0s7b0n0:61802:949 [1] NCCL INFO Tree 2 : 0 -> 1 -> -1/-1/-1
x3006c0s7b0n0:61802:949 [1] NCCL INFO Tree 6 : 0 -> 1 -> -1/-1/-1
x3006c0s7b0n0:61802:949 [1] NCCL INFO Tree 3 : 0 -> 1 -> -1/-1/-1
x3006c0s7b0n0:61802:949 [1] NCCL INFO Tree 7 : 0 -> 1 -> -1/-1/-1
x3006c0s7b0n0:61802:949 [1] NCCL INFO Ring 00 : 0 -> 1 -> 0
x3006c0s7b0n0:61802:949 [1] NCCL INFO Ring 01 : 0 -> 1 -> 0
x3006c0s7b0n0:61802:949 [1] NCCL INFO Ring 02 : 0 -> 1 -> 0
x3006c0s7b0n0:61802:949 [1] NCCL INFO Ring 03 : 0 -> 1 -> 0
x3006c0s7b0n0:61802:949 [1] NCCL INFO Ring 04 : 0 -> 1 -> 0
x3006c0s7b0n0:61802:949 [1] NCCL INFO Ring 05 : 0 -> 1 -> 0
x3006c0s7b0n0:61802:949 [1] NCCL INFO Ring 06 : 0 -> 1 -> 0
x3006c0s7b0n0:61802:949 [1] NCCL INFO Ring 07 : 0 -> 1 -> 0
x3006c0s7b0n0:61802:949 [1] NCCL INFO Trees [0] -1/-1/-1->1->0 [1] -1/-1/-1->1->0 [2] -1/-1/-1->1->0 [3] -1/-1/-1->1->0 [4] -1/-1/-1->1->0 [5] -1/-1/-1->1->0 [6] -1/-1/-1->1->0 [7] -1/-1/-1->1->0
x3006c0s7b0n0:61802:949 [1] NCCL INFO misc/utils.cc:235 memory stack hunk malloc(65536)
x3006c0s7b0n0:61802:949 [1] NCCL INFO channel.cc:23 Cuda Alloc Size 1152 pointer 0x146e15e09e00
x3006c0s7b0n0:61802:949 [1] NCCL INFO channel.cc:27 Cuda Alloc Size 8 pointer 0x146e15e0a400
x3006c0s7b0n0:61802:949 [1] NCCL INFO channel.cc:23 Cuda Alloc Size 1152 pointer 0x146e15e0a600
x3006c0s7b0n0:61802:949 [1] NCCL INFO channel.cc:27 Cuda Alloc Size 8 pointer 0x146e15e0ac00
x3006c0s7b0n0:61802:949 [1] NCCL INFO channel.cc:23 Cuda Alloc Size 1152 pointer 0x146e15e0ae00
x3006c0s7b0n0:61802:949 [1] NCCL INFO channel.cc:27 Cuda Alloc Size 8 pointer 0x146e15e0b400
x3006c0s7b0n0:61802:949 [1] NCCL INFO channel.cc:23 Cuda Alloc Size 1152 pointer 0x146e15e0b600
x3006c0s7b0n0:61802:949 [1] NCCL INFO channel.cc:27 Cuda Alloc Size 8 pointer 0x146e15e0bc00
x3006c0s7b0n0:61802:949 [1] NCCL INFO channel.cc:23 Cuda Alloc Size 1152 pointer 0x146e15e0be00
x3006c0s7b0n0:61802:949 [1] NCCL INFO channel.cc:27 Cuda Alloc Size 8 pointer 0x146e15e0c400
x3006c0s7b0n0:61802:949 [1] NCCL INFO channel.cc:23 Cuda Alloc Size 1152 pointer 0x146e15e0c600
x3006c0s7b0n0:61802:949 [1] NCCL INFO channel.cc:27 Cuda Alloc Size 8 pointer 0x146e15e0cc00
x3006c0s7b0n0:61802:949 [1] NCCL INFO channel.cc:23 Cuda Alloc Size 1152 pointer 0x146e15e0ce00
x3006c0s7b0n0:61802:949 [1] NCCL INFO channel.cc:27 Cuda Alloc Size 8 pointer 0x146e15e0d400
x3006c0s7b0n0:61802:949 [1] NCCL INFO channel.cc:23 Cuda Alloc Size 1152 pointer 0x146e15e0d600
x3006c0s7b0n0:61802:949 [1] NCCL INFO channel.cc:27 Cuda Alloc Size 8 pointer 0x146e15e0dc00
x3006c0s7b0n0:61809:951 [2] NCCL INFO Connection to proxy localRank 0 -> connection 0x148fec000d70
x3006c0s7b0n0:61809:968 [2] NCCL INFO transport/p2p.cc:449 Cuda Alloc Size 6291456 pointer 0x148ff7a00000
x3006c0s7b0n0:61799:979 [0] NCCL INFO Mem Realloc old size 0, new size 8 pointer 0x14ee4c000d10
x3006c0s7b0n0:61799:979 [0] NCCL INFO New proxy recv connection 0 from local rank 0, transport 0
x3006c0s7b0n0:61802:977 [1] NCCL INFO Mem Realloc old size 0, new size 8 pointer 0x146d88000c60
x3006c0s7b0n0:61802:977 [1] NCCL INFO New proxy recv connection 0 from local rank 1, transport 0
x3006c0s7b0n0:61812:972 [3] NCCL INFO New proxy recv connection 2 from local rank 1, transport 0
x3006c0s7b0n0:61799:948 [0] NCCL INFO Connection to proxy localRank 0 -> connection 0x14ee4c000d30
x3006c0s7b0n0:61799:979 [0] NCCL INFO transport/p2p.cc:449 Cuda Alloc Size 6291456 pointer 0x14ee51a00000
x3006c0s7b0n0:61802:949 [1] NCCL INFO Connection to proxy localRank 1 -> connection 0x146d88000c80
x3006c0s7b0n0:61809:968 [2] NCCL INFO New proxy recv connection 2 from local rank 0, transport 0
x3006c0s7b0n0:61802:977 [1] NCCL INFO transport/p2p.cc:449 Cuda Alloc Size 6291456 pointer 0x146d97a00000
x3006c0s7b0n0:61812:952 [3] NCCL INFO Connection to proxy localRank 1 -> connection 0x14c5f8000d00
x3006c0s7b0n0:61812:972 [3] NCCL INFO transport/p2p.cc:449 Cuda Alloc Size 6291456 pointer 0x14c601400000
x3006c0s7b0n0:61799:979 [0] NCCL INFO New proxy recv connection 1 from local rank 0, transport 0
x3006c0s7b0n0:61802:977 [1] NCCL INFO New proxy recv connection 1 from local rank 1, transport 0
x3006c0s7b0n0:61809:951 [2] NCCL INFO Connection to proxy localRank 0 -> connection 0x148fec000db0
x3006c0s7b0n0:61809:968 [2] NCCL INFO transport/p2p.cc:449 Cuda Alloc Size 6291456 pointer 0x148ff9400000
x3006c0s7b0n0:61812:972 [3] NCCL INFO New proxy recv connection 3 from local rank 1, transport 0
x3006c0s7b0n0:61799:948 [0] NCCL INFO Connection to proxy localRank 0 -> connection 0x14ee4c000d70
x3006c0s7b0n0:61799:979 [0] NCCL INFO transport/p2p.cc:449 Cuda Alloc Size 6291456 pointer 0x14ee53a00000
x3006c0s7b0n0:61802:949 [1] NCCL INFO Connection to proxy localRank 1 -> connection 0x146d88000cc0
x3006c0s7b0n0:61802:977 [1] NCCL INFO transport/p2p.cc:449 Cuda Alloc Size 6291456 pointer 0x146d99a00000
x3006c0s7b0n0:61809:968 [2] NCCL INFO New proxy recv connection 3 from local rank 0, transport 0
x3006c0s7b0n0:61799:979 [0] NCCL INFO New proxy recv connection 2 from local rank 0, transport 0
x3006c0s7b0n0:61812:952 [3] NCCL INFO Connection to proxy localRank 1 -> connection 0x14c5f8000d40
x3006c0s7b0n0:61812:972 [3] NCCL INFO transport/p2p.cc:449 Cuda Alloc Size 6291456 pointer 0x14c601a00000
x3006c0s7b0n0:61799:948 [0] NCCL INFO Connection to proxy localRank 0 -> connection 0x14ee4c000db0
x3006c0s7b0n0:61799:979 [0] NCCL INFO transport/p2p.cc:449 Cuda Alloc Size 6291456 pointer 0x14ee55400000
x3006c0s7b0n0:61809:951 [2] NCCL INFO Connection to proxy localRank 0 -> connection 0x148fec000df0
x3006c0s7b0n0:61809:968 [2] NCCL INFO transport/p2p.cc:449 Cuda Alloc Size 6291456 pointer 0x148ff9a00000
x3006c0s7b0n0:61802:977 [1] NCCL INFO New proxy recv connection 2 from local rank 1, transport 0
x3006c0s7b0n0:61802:949 [1] NCCL INFO Connection to proxy localRank 1 -> connection 0x146d88000d00
x3006c0s7b0n0:61812:972 [3] NCCL INFO New proxy recv connection 4 from local rank 1, transport 0
x3006c0s7b0n0:61802:977 [1] NCCL INFO transport/p2p.cc:449 Cuda Alloc Size 6291456 pointer 0x146d9b400000
x3006c0s7b0n0:61799:979 [0] NCCL INFO New proxy recv connection 3 from local rank 0, transport 0
x3006c0s7b0n0:61809:968 [2] NCCL INFO New proxy recv connection 4 from local rank 0, transport 0
x3006c0s7b0n0:61812:952 [3] NCCL INFO Connection to proxy localRank 1 -> connection 0x14c5f8000d80
x3006c0s7b0n0:61812:972 [3] NCCL INFO transport/p2p.cc:449 Cuda Alloc Size 6291456 pointer 0x14c603a00000
x3006c0s7b0n0:61799:948 [0] NCCL INFO Connection to proxy localRank 0 -> connection 0x14ee4c000df0
x3006c0s7b0n0:61799:979 [0] NCCL INFO transport/p2p.cc:449 Cuda Alloc Size 6291456 pointer 0x14ee55a00000
x3006c0s7b0n0:61802:977 [1] NCCL INFO New proxy recv connection 3 from local rank 1, transport 0
x3006c0s7b0n0:61809:951 [2] NCCL INFO Connection to proxy localRank 0 -> connection 0x148fec000e30
x3006c0s7b0n0:61809:968 [2] NCCL INFO transport/p2p.cc:449 Cuda Alloc Size 6291456 pointer 0x148ffba00000
x3006c0s7b0n0:61812:972 [3] NCCL INFO New proxy recv connection 5 from local rank 1, transport 0
x3006c0s7b0n0:61802:949 [1] NCCL INFO Connection to proxy localRank 1 -> connection 0x146d88000d40
x3006c0s7b0n0:61802:977 [1] NCCL INFO transport/p2p.cc:449 Cuda Alloc Size 6291456 pointer 0x146d9ba00000
x3006c0s7b0n0:61799:979 [0] NCCL INFO New proxy recv connection 4 from local rank 0, transport 0
x3006c0s7b0n0:61812:952 [3] NCCL INFO Connection to proxy localRank 1 -> connection 0x14c5f8000dc0
x3006c0s7b0n0:61812:972 [3] NCCL INFO transport/p2p.cc:449 Cuda Alloc Size 6291456 pointer 0x14c605a00000
x3006c0s7b0n0:61802:977 [1] NCCL INFO New proxy recv connection 4 from local rank 1, transport 0
x3006c0s7b0n0:61809:968 [2] NCCL INFO New proxy recv connection 5 from local rank 0, transport 0
x3006c0s7b0n0:61799:948 [0] NCCL INFO Connection to proxy localRank 0 -> connection 0x14ee4c000e30
x3006c0s7b0n0:61799:979 [0] NCCL INFO transport/p2p.cc:449 Cuda Alloc Size 6291456 pointer 0x14ee57a00000
x3006c0s7b0n0:61812:972 [3] NCCL INFO New proxy recv connection 6 from local rank 1, transport 0
x3006c0s7b0n0:61809:951 [2] NCCL INFO Connection to proxy localRank 0 -> connection 0x148fec000e70
x3006c0s7b0n0:61809:968 [2] NCCL INFO transport/p2p.cc:449 Cuda Alloc Size 6291456 pointer 0x148ffda00000
x3006c0s7b0n0:61802:949 [1] NCCL INFO Connection to proxy localRank 1 -> connection 0x146d88000d80
x3006c0s7b0n0:61802:977 [1] NCCL INFO transport/p2p.cc:449 Cuda Alloc Size 6291456 pointer 0x146d9da00000
x3006c0s7b0n0:61799:979 [0] NCCL INFO New proxy recv connection 5 from local rank 0, transport 0
x3006c0s7b0n0:61812:952 [3] NCCL INFO Connection to proxy localRank 1 -> connection 0x14c5f8000e00
x3006c0s7b0n0:61812:972 [3] NCCL INFO transport/p2p.cc:449 Cuda Alloc Size 6291456 pointer 0x14c607400000
x3006c0s7b0n0:61809:968 [2] NCCL INFO New proxy recv connection 6 from local rank 0, transport 0
x3006c0s7b0n0:61802:977 [1] NCCL INFO New proxy recv connection 5 from local rank 1, transport 0
x3006c0s7b0n0:61802:949 [1] NCCL INFO Connection to proxy localRank 1 -> connection 0x146d88000dc0
x3006c0s7b0n0:61802:977 [1] NCCL INFO transport/p2p.cc:449 Cuda Alloc Size 6291456 pointer 0x146d9fa00000
x3006c0s7b0n0:61799:948 [0] NCCL INFO Connection to proxy localRank 0 -> connection 0x14ee4c000e70
x3006c0s7b0n0:61799:979 [0] NCCL INFO transport/p2p.cc:449 Cuda Alloc Size 6291456 pointer 0x14ee59a00000
x3006c0s7b0n0:61809:951 [2] NCCL INFO Connection to proxy localRank 0 -> connection 0x148fec000eb0
x3006c0s7b0n0:61809:968 [2] NCCL INFO transport/p2p.cc:449 Cuda Alloc Size 6291456 pointer 0x148fff400000
x3006c0s7b0n0:61809:968 [2] NCCL INFO New proxy recv connection 7 from local rank 0, transport 0
x3006c0s7b0n0:61812:972 [3] NCCL INFO New proxy recv connection 7 from local rank 1, transport 0
x3006c0s7b0n0:61802:977 [1] NCCL INFO New proxy recv connection 6 from local rank 1, transport 0
x3006c0s7b0n0:61799:979 [0] NCCL INFO New proxy recv connection 6 from local rank 0, transport 0
x3006c0s7b0n0:61799:948 [0] NCCL INFO Connection to proxy localRank 0 -> connection 0x14ee4c000eb0
x3006c0s7b0n0:61799:979 [0] NCCL INFO transport/p2p.cc:449 Cuda Alloc Size 6291456 pointer 0x14ee5b400000
x3006c0s7b0n0:61812:952 [3] NCCL INFO Connection to proxy localRank 1 -> connection 0x14c5f8000e40
x3006c0s7b0n0:61812:972 [3] NCCL INFO transport/p2p.cc:449 Cuda Alloc Size 6291456 pointer 0x14c607a00000
x3006c0s7b0n0:61799:979 [0] NCCL INFO New proxy recv connection 7 from local rank 0, transport 0
x3006c0s7b0n0:61809:951 [2] NCCL INFO Connection to proxy localRank 0 -> connection 0x148fec000ef0
x3006c0s7b0n0:61809:968 [2] NCCL INFO transport/p2p.cc:449 Cuda Alloc Size 6291456 pointer 0x148fffa00000
x3006c0s7b0n0:61802:949 [1] NCCL INFO Connection to proxy localRank 1 -> connection 0x146d88000e00
x3006c0s7b0n0:61802:977 [1] NCCL INFO transport/p2p.cc:449 Cuda Alloc Size 6291456 pointer 0x146da1400000
x3006c0s7b0n0:61812:952 [3] NCCL INFO Channel 00/0 : 1[c7000] -> 0[85000] via P2P/IPC/read
x3006c0s7b0n0:61812:972 [3] NCCL INFO New proxy send connection 8 from local rank 1, transport 0
x3006c0s7b0n0:61812:952 [3] NCCL INFO Connection to proxy localRank 1 -> connection 0x14c5f8000e80
x3006c0s7b0n0:61809:951 [2] NCCL INFO Channel 00/0 : 0[85000] -> 1[c7000] via P2P/IPC/read
x3006c0s7b0n0:61809:968 [2] NCCL INFO New proxy send connection 8 from local rank 0, transport 0
x3006c0s7b0n0:61799:948 [0] NCCL INFO Connection to proxy localRank 0 -> connection 0x14ee4c000ef0
x3006c0s7b0n0:61799:979 [0] NCCL INFO transport/p2p.cc:449 Cuda Alloc Size 6291456 pointer 0x14ee5ba00000
x3006c0s7b0n0:61812:972 [3] NCCL INFO transport/p2p.cc:430 Cuda Alloc Size 6291456 pointer 0x14c654e00000
x3006c0s7b0n0:61802:977 [1] NCCL INFO New proxy recv connection 7 from local rank 1, transport 0
x3006c0s7b0n0:61809:951 [2] NCCL INFO Connection to proxy localRank 0 -> connection 0x148fec000f30
x3006c0s7b0n0:61809:968 [2] NCCL INFO transport/p2p.cc:430 Cuda Alloc Size 6291456 pointer 0x149001a00000
x3006c0s7b0n0:61799:948 [0] NCCL INFO Channel 00/0 : 0[7000] -> 1[46000] via P2P/IPC/read
x3006c0s7b0n0:61799:979 [0] NCCL INFO New proxy send connection 8 from local rank 0, transport 0
x3006c0s7b0n0:61812:952 [3] NCCL INFO Channel 01/0 : 1[c7000] -> 0[85000] via P2P/IPC/read
x3006c0s7b0n0:61812:972 [3] NCCL INFO New proxy send connection 9 from local rank 1, transport 0
x3006c0s7b0n0:61802:949 [1] NCCL INFO Connection to proxy localRank 1 -> connection 0x146d88000e40
x3006c0s7b0n0:61802:977 [1] NCCL INFO transport/p2p.cc:449 Cuda Alloc Size 6291456 pointer 0x146da1a00000
x3006c0s7b0n0:61809:951 [2] NCCL INFO Channel 01/0 : 0[85000] -> 1[c7000] via P2P/IPC/read
x3006c0s7b0n0:61809:968 [2] NCCL INFO New proxy send connection 9 from local rank 0, transport 0
x3006c0s7b0n0:61812:952 [3] NCCL INFO Connection to proxy localRank 1 -> connection 0x14c5f8000ec0
x3006c0s7b0n0:61812:972 [3] NCCL INFO transport/p2p.cc:430 Cuda Alloc Size 6291456 pointer 0x14c655400000
x3006c0s7b0n0:61802:949 [1] NCCL INFO Channel 00/0 : 1[46000] -> 0[7000] via P2P/IPC/read
x3006c0s7b0n0:61802:977 [1] NCCL INFO New proxy send connection 8 from local rank 1, transport 0
x3006c0s7b0n0:61809:951 [2] NCCL INFO Connection to proxy localRank 0 -> connection 0x148fec000f70
x3006c0s7b0n0:61809:968 [2] NCCL INFO transport/p2p.cc:430 Cuda Alloc Size 6291456 pointer 0x149003a00000
x3006c0s7b0n0:61799:948 [0] NCCL INFO Connection to proxy localRank 0 -> connection 0x14ee4c000f30
x3006c0s7b0n0:61799:979 [0] NCCL INFO transport/p2p.cc:430 Cuda Alloc Size 6291456 pointer 0x14ee5da00000
x3006c0s7b0n0:61812:952 [3] NCCL INFO Channel 02/0 : 1[c7000] -> 0[85000] via P2P/IPC/read
x3006c0s7b0n0:61812:972 [3] NCCL INFO New proxy send connection 10 from local rank 1, transport 0
x3006c0s7b0n0:61802:949 [1] NCCL INFO Connection to proxy localRank 1 -> connection 0x146d88000e80
x3006c0s7b0n0:61802:977 [1] NCCL INFO transport/p2p.cc:430 Cuda Alloc Size 6291456 pointer 0x146da3a00000
x3006c0s7b0n0:61802:949 [1] NCCL INFO Channel 01/0 : 1[46000] -> 0[7000] via P2P/IPC/read
x3006c0s7b0n0:61809:951 [2] NCCL INFO Channel 02/0 : 0[85000] -> 1[c7000] via P2P/IPC/read
x3006c0s7b0n0:61809:968 [2] NCCL INFO New proxy send connection 10 from local rank 0, transport 0
x3006c0s7b0n0:61799:948 [0] NCCL INFO Channel 01/0 : 0[7000] -> 1[46000] via P2P/IPC/read
x3006c0s7b0n0:61812:952 [3] NCCL INFO Connection to proxy localRank 1 -> connection 0x14c5f8000f00
x3006c0s7b0n0:61812:972 [3] NCCL INFO transport/p2p.cc:430 Cuda Alloc Size 6291456 pointer 0x14c687400000
x3006c0s7b0n0:61802:977 [1] NCCL INFO New proxy send connection 9 from local rank 1, transport 0
x3006c0s7b0n0:61799:979 [0] NCCL INFO New proxy send connection 9 from local rank 0, transport 0
x3006c0s7b0n0:61809:951 [2] NCCL INFO Connection to proxy localRank 0 -> connection 0x148fec000fb0
x3006c0s7b0n0:61809:968 [2] NCCL INFO transport/p2p.cc:430 Cuda Alloc Size 6291456 pointer 0x149007400000
x3006c0s7b0n0:61812:952 [3] NCCL INFO Channel 03/0 : 1[c7000] -> 0[85000] via P2P/IPC/read
x3006c0s7b0n0:61812:972 [3] NCCL INFO New proxy send connection 11 from local rank 1, transport 0
x3006c0s7b0n0:61812:952 [3] NCCL INFO Connection to proxy localRank 1 -> connection 0x14c5f8000f40
x3006c0s7b0n0:61809:951 [2] NCCL INFO Channel 03/0 : 0[85000] -> 1[c7000] via P2P/IPC/read
x3006c0s7b0n0:61809:968 [2] NCCL INFO New proxy send connection 11 from local rank 0, transport 0
x3006c0s7b0n0:61802:949 [1] NCCL INFO Connection to proxy localRank 1 -> connection 0x146d88000ec0
x3006c0s7b0n0:61802:977 [1] NCCL INFO transport/p2p.cc:430 Cuda Alloc Size 6291456 pointer 0x146da5a00000
x3006c0s7b0n0:61799:948 [0] NCCL INFO Connection to proxy localRank 0 -> connection 0x14ee4c000f70
x3006c0s7b0n0:61799:979 [0] NCCL INFO transport/p2p.cc:430 Cuda Alloc Size 6291456 pointer 0x14ee5fa00000
x3006c0s7b0n0:61809:951 [2] NCCL INFO Connection to proxy localRank 0 -> connection 0x148fec000ff0
x3006c0s7b0n0:61809:968 [2] NCCL INFO transport/p2p.cc:430 Cuda Alloc Size 6291456 pointer 0x149007a00000
x3006c0s7b0n0:61812:972 [3] NCCL INFO transport/p2p.cc:430 Cuda Alloc Size 6291456 pointer 0x14c687a00000
x3006c0s7b0n0:61809:951 [2] NCCL INFO Channel 04/0 : 0[85000] -> 1[c7000] via P2P/IPC/read
x3006c0s7b0n0:61809:968 [2] NCCL INFO New proxy send connection 12 from local rank 0, transport 0
x3006c0s7b0n0:61812:952 [3] NCCL INFO Channel 04/0 : 1[c7000] -> 0[85000] via P2P/IPC/read
x3006c0s7b0n0:61812:972 [3] NCCL INFO New proxy send connection 12 from local rank 1, transport 0
x3006c0s7b0n0:61802:949 [1] NCCL INFO Channel 02/0 : 1[46000] -> 0[7000] via P2P/IPC/read
x3006c0s7b0n0:61802:977 [1] NCCL INFO New proxy send connection 10 from local rank 1, transport 0
x3006c0s7b0n0:61799:948 [0] NCCL INFO Channel 02/0 : 0[7000] -> 1[46000] via P2P/IPC/read
x3006c0s7b0n0:61799:979 [0] NCCL INFO New proxy send connection 10 from local rank 0, transport 0
x3006c0s7b0n0:61812:952 [3] NCCL INFO Connection to proxy localRank 1 -> connection 0x14c5f8000f80
x3006c0s7b0n0:61812:972 [3] NCCL INFO transport/p2p.cc:430 Cuda Alloc Size 6291456 pointer 0x14c693800000
x3006c0s7b0n0:61809:951 [2] NCCL INFO Connection to proxy localRank 0 -> connection 0x148fec001030
x3006c0s7b0n0:61809:968 [2] NCCL INFO transport/p2p.cc:430 Cuda Alloc Size 6291456 pointer 0x149009a00000
x3006c0s7b0n0:61802:949 [1] NCCL INFO Connection to proxy localRank 1 -> connection 0x146d88000f00
x3006c0s7b0n0:61802:977 [1] NCCL INFO transport/p2p.cc:430 Cuda Alloc Size 6291456 pointer 0x146da9400000
x3006c0s7b0n0:61799:948 [0] NCCL INFO Connection to proxy localRank 0 -> connection 0x14ee4c000fb0
x3006c0s7b0n0:61799:979 [0] NCCL INFO transport/p2p.cc:430 Cuda Alloc Size 6291456 pointer 0x14ee63400000
x3006c0s7b0n0:61802:949 [1] NCCL INFO Channel 03/0 : 1[46000] -> 0[7000] via P2P/IPC/read
x3006c0s7b0n0:61802:977 [1] NCCL INFO New proxy send connection 11 from local rank 1, transport 0
x3006c0s7b0n0:61812:952 [3] NCCL INFO Channel 05/0 : 1[c7000] -> 0[85000] via P2P/IPC/read
x3006c0s7b0n0:61812:972 [3] NCCL INFO New proxy send connection 13 from local rank 1, transport 0
x3006c0s7b0n0:61809:951 [2] NCCL INFO Channel 05/0 : 0[85000] -> 1[c7000] via P2P/IPC/read
x3006c0s7b0n0:61809:968 [2] NCCL INFO New proxy send connection 13 from local rank 0, transport 0
x3006c0s7b0n0:61802:949 [1] NCCL INFO Connection to proxy localRank 1 -> connection 0x146d88000f40
x3006c0s7b0n0:61802:977 [1] NCCL INFO transport/p2p.cc:430 Cuda Alloc Size 6291456 pointer 0x146da9a00000
x3006c0s7b0n0:61799:948 [0] NCCL INFO Channel 03/0 : 0[7000] -> 1[46000] via P2P/IPC/read
x3006c0s7b0n0:61799:979 [0] NCCL INFO New proxy send connection 11 from local rank 0, transport 0
x3006c0s7b0n0:61812:952 [3] NCCL INFO Connection to proxy localRank 1 -> connection 0x14c5f8000fc0
x3006c0s7b0n0:61812:972 [3] NCCL INFO transport/p2p.cc:430 Cuda Alloc Size 6291456 pointer 0x14c5f2000000
x3006c0s7b0n0:61809:951 [2] NCCL INFO Connection to proxy localRank 0 -> connection 0x148fec001070
x3006c0s7b0n0:61809:968 [2] NCCL INFO transport/p2p.cc:430 Cuda Alloc Size 6291456 pointer 0x149070e00000
x3006c0s7b0n0:61802:949 [1] NCCL INFO Channel 04/0 : 1[46000] -> 0[7000] via P2P/IPC/read
x3006c0s7b0n0:61802:977 [1] NCCL INFO New proxy send connection 12 from local rank 1, transport 0
x3006c0s7b0n0:61799:948 [0] NCCL INFO Connection to proxy localRank 0 -> connection 0x14ee4c000ff0
x3006c0s7b0n0:61799:979 [0] NCCL INFO transport/p2p.cc:430 Cuda Alloc Size 6291456 pointer 0x14ee63a00000
x3006c0s7b0n0:61812:952 [3] NCCL INFO Channel 06/0 : 1[c7000] -> 0[85000] via P2P/IPC/read
x3006c0s7b0n0:61812:972 [3] NCCL INFO New proxy send connection 14 from local rank 1, transport 0
x3006c0s7b0n0:61809:951 [2] NCCL INFO Channel 06/0 : 0[85000] -> 1[c7000] via P2P/IPC/read
x3006c0s7b0n0:61809:968 [2] NCCL INFO New proxy send connection 14 from local rank 0, transport 0
x3006c0s7b0n0:61802:949 [1] NCCL INFO Connection to proxy localRank 1 -> connection 0x146d88000f80
x3006c0s7b0n0:61802:977 [1] NCCL INFO transport/p2p.cc:430 Cuda Alloc Size 6291456 pointer 0x146dfae00000
x3006c0s7b0n0:61799:948 [0] NCCL INFO Channel 04/0 : 0[7000] -> 1[46000] via P2P/IPC/read
x3006c0s7b0n0:61799:979 [0] NCCL INFO New proxy send connection 12 from local rank 0, transport 0
x3006c0s7b0n0:61802:949 [1] NCCL INFO Channel 05/0 : 1[46000] -> 0[7000] via P2P/IPC/read
x3006c0s7b0n0:61802:977 [1] NCCL INFO New proxy send connection 13 from local rank 1, transport 0
x3006c0s7b0n0:61802:949 [1] NCCL INFO Connection to proxy localRank 1 -> connection 0x146d88000fc0
x3006c0s7b0n0:61812:952 [3] NCCL INFO Connection to proxy localRank 1 -> connection 0x14c5f8001000
x3006c0s7b0n0:61812:972 [3] NCCL INFO transport/p2p.cc:430 Cuda Alloc Size 6291456 pointer 0x14c5f2600000
x3006c0s7b0n0:61809:951 [2] NCCL INFO Connection to proxy localRank 0 -> connection 0x148fec0010b0
x3006c0s7b0n0:61809:968 [2] NCCL INFO transport/p2p.cc:430 Cuda Alloc Size 6291456 pointer 0x149071400000
x3006c0s7b0n0:61799:948 [0] NCCL INFO Connection to proxy localRank 0 -> connection 0x14ee4c001030
x3006c0s7b0n0:61799:979 [0] NCCL INFO transport/p2p.cc:430 Cuda Alloc Size 6291456 pointer 0x14ee65a00000
x3006c0s7b0n0:61802:977 [1] NCCL INFO transport/p2p.cc:430 Cuda Alloc Size 6291456 pointer 0x146dfb400000
x3006c0s7b0n0:61812:952 [3] NCCL INFO Channel 07/0 : 1[c7000] -> 0[85000] via P2P/IPC/read
x3006c0s7b0n0:61812:972 [3] NCCL INFO New proxy send connection 15 from local rank 1, transport 0
x3006c0s7b0n0:61809:951 [2] NCCL INFO Channel 07/0 : 0[85000] -> 1[c7000] via P2P/IPC/read
x3006c0s7b0n0:61809:968 [2] NCCL INFO New proxy send connection 15 from local rank 0, transport 0
x3006c0s7b0n0:61809:951 [2] NCCL INFO Connection to proxy localRank 0 -> connection 0x148fec0010f0
x3006c0s7b0n0:61802:949 [1] NCCL INFO Channel 06/0 : 1[46000] -> 0[7000] via P2P/IPC/read
x3006c0s7b0n0:61802:977 [1] NCCL INFO New proxy send connection 14 from local rank 1, transport 0
x3006c0s7b0n0:61809:968 [2] NCCL INFO transport/p2p.cc:430 Cuda Alloc Size 6291456 pointer 0x148fea000000
x3006c0s7b0n0:61799:948 [0] NCCL INFO Channel 05/0 : 0[7000] -> 1[46000] via P2P/IPC/read
x3006c0s7b0n0:61799:979 [0] NCCL INFO New proxy send connection 13 from local rank 0, transport 0
x3006c0s7b0n0:61812:952 [3] NCCL INFO Connection to proxy localRank 1 -> connection 0x14c5f8001040
x3006c0s7b0n0:61812:972 [3] NCCL INFO transport/p2p.cc:430 Cuda Alloc Size 6291456 pointer 0x14c5f2c00000
x3006c0s7b0n0:61802:949 [1] NCCL INFO Connection to proxy localRank 1 -> connection 0x146d88001000
x3006c0s7b0n0:61802:977 [1] NCCL INFO transport/p2p.cc:430 Cuda Alloc Size 6291456 pointer 0x146e2d400000
x3006c0s7b0n0:61799:948 [0] NCCL INFO Connection to proxy localRank 0 -> connection 0x14ee4c001070
x3006c0s7b0n0:61799:979 [0] NCCL INFO transport/p2p.cc:430 Cuda Alloc Size 6291456 pointer 0x14eecce00000
x3006c0s7b0n0:61809:951 [2] NCCL INFO Connected all rings
x3006c0s7b0n0:61809:951 [2] NCCL INFO Connected all trees by HAO
x3006c0s7b0n0:61809:951 [2] NCCL INFO Latency/AlgBw |    Tree/    LL |    Tree/ LL128 |    Tree/Simple |    Ring/    LL |    Ring/ LL128 |    Ring/Simple | CollNetDirect/    LL | CollNetDirect/ LL128 | CollNetDirect/Simple | CollNetChain/    LL | CollNetChain/ LL128 | CollNetChain/Simple |
x3006c0s7b0n0:61809:951 [2] NCCL INFO  Max NThreads |            512 |            640 |            512 |            512 |            640 |            512 |              0 |              0 |            512 |              0 |              0 |            512 |
x3006c0s7b0n0:61809:951 [2] NCCL INFO     Broadcast |     0.0/   0.0 |     0.0/   0.0 |     0.0/   0.0 |     4.1/  29.3 |    11.9/  80.0 |    11.8/  88.0 |     0.0/   0.0 |     0.0/   0.0 |     0.0/   0.0 |     0.0/   0.0 |     0.0/   0.0 |     0.0/   0.0 |
x3006c0s7b0n0:61809:951 [2] NCCL INFO        Reduce |     0.0/   0.0 |     0.0/   0.0 |     0.0/   0.0 |     4.1/  22.0 |    11.9/  80.0 |    11.8/  88.0 |     0.0/   0.0 |     0.0/   0.0 |     0.0/   0.0 |     0.0/   0.0 |     0.0/   0.0 |     0.0/   0.0 |
x3006c0s7b0n0:61809:951 [2] NCCL INFO     AllGather |     0.0/   0.0 |     0.0/   0.0 |     0.0/   0.0 |     4.1/  58.7 |    11.9/ 160.0 |    11.8/ 176.0 |     0.0/   0.0 |     0.0/   0.0 |     0.0/   0.0 |     0.0/   0.0 |     0.0/   0.0 |     0.0/   0.0 |
x3006c0s7b0n0:61809:951 [2] NCCL INFO ReduceScatter |     0.0/   0.0 |     0.0/   0.0 |     0.0/   0.0 |     4.1/  58.7 |    11.9/ 160.0 |    11.8/ 176.0 |     0.0/   0.0 |     0.0/   0.0 |     0.0/   0.0 |     0.0/   0.0 |     0.0/   0.0 |     0.0/   0.0 |
x3006c0s7b0n0:61809:951 [2] NCCL INFO     AllReduce |     5.4/  10.7 |     6.9/  31.5 |    56.0/  40.5 |     4.5/  22.0 |    13.8/  80.0 |    15.2/  88.0 |     5.4/   0.0 |     5.4/   0.0 |    27.7/   0.0 |     4.4/   0.0 |     4.4/   0.0 |    16.0/   0.0 |
x3006c0s7b0n0:61809:951 [2] NCCL INFO threadThresholds 8/8/64 | 16/8/64 | 512 | 512
x3006c0s7b0n0:61809:951 [2] NCCL INFO 8 coll channels, 8 p2p channels, 8 p2p channels per peer
x3006c0s7b0n0:61809:968 [2] NCCL INFO Allocated 4194656 bytes of shared memory in /dev/shm/nccl-MkqCKS

x3006c0s7b0n0:61809:968 [2] NCCL INFO New proxy send connection 16 from local rank 0, transport 2
x3006c0s7b0n0:61812:952 [3] NCCL INFO Connected all rings
x3006c0s7b0n0:61812:952 [3] NCCL INFO Connected all trees by HAO
x3006c0s7b0n0:61812:952 [3] NCCL INFO threadThresholds 8/8/64 | 16/8/64 | 512 | 512
x3006c0s7b0n0:61812:952 [3] NCCL INFO 8 coll channels, 8 p2p channels, 8 p2p channels per peer
x3006c0s7b0n0:61812:972 [3] NCCL INFO Allocated 4194656 bytes of shared memory in /dev/shm/nccl-RWVsj9

x3006c0s7b0n0:61812:972 [3] NCCL INFO New proxy send connection 16 from local rank 1, transport 2
x3006c0s7b0n0:61802:949 [1] NCCL INFO Channel 07/0 : 1[46000] -> 0[7000] via P2P/IPC/read
x3006c0s7b0n0:61802:977 [1] NCCL INFO New proxy send connection 15 from local rank 1, transport 0
x3006c0s7b0n0:61799:948 [0] NCCL INFO Channel 06/0 : 0[7000] -> 1[46000] via P2P/IPC/read
x3006c0s7b0n0:61799:979 [0] NCCL INFO New proxy send connection 14 from local rank 0, transport 0
x3006c0s7b0n0:61812:952 [3] NCCL INFO Connection to proxy localRank 1 -> connection 0x14c5f8001080
x3006c0s7b0n0:61812:972 [3] NCCL INFO transport/net.cc:376 Cuda Alloc Size 16777216 pointer 0x14c5ea000000
x3006c0s7b0n0:61809:951 [2] NCCL INFO Connection to proxy localRank 0 -> connection 0x148fec001130
x3006c0s7b0n0:61809:951 [2] NCCL INFO init.cc:367 Cuda Alloc Size 5168 pointer 0x14904b80de00
x3006c0s7b0n0:61812:952 [3] NCCL INFO init.cc:367 Cuda Alloc Size 5168 pointer 0x14c66fe0de00
x3006c0s7b0n0:61812:952 [3] NCCL INFO init.cc:392 Cuda Host Alloc Size 33554432 pointer 0x14c5e2000000
x3006c0s7b0n0:61812:952 [3] NCCL INFO init.cc:398 Cuda Host Alloc Size 128 pointer 0x14c66f400600
x3006c0s7b0n0:61812:952 [3] NCCL INFO comm 0x55879d827760 rank 1 nranks 2 cudaDev 3 busId c7000 - Init COMPLETE
x3006c0s7b0n0:61802:949 [1] NCCL INFO Connection to proxy localRank 1 -> connection 0x146d88001040
x3006c0s7b0n0:61802:977 [1] NCCL INFO transport/p2p.cc:430 Cuda Alloc Size 6291456 pointer 0x146e2da00000
x3006c0s7b0n0:61812:61812 [3] NCCL INFO AllReduce: opCount 0 sendbuff 0x14c66ba00400 recvbuff 0x14c66ba00400 count 1 datatype 4 op 0 root 0 comm 0x55879d827760 [nranks=2] stream 0x55879a8a5eb0
x3006c0s7b0n0:61812:61812 [3] NCCL INFO misc/utils.cc:235 memory stack hunk malloc(65536)
[LYD INFO in ncclLaunchKernel (enqueue.cc)] NCHANNELS is: 8x3006c0s7b0n0:61799:948 [0] NCCL INFO Connection to proxy localRank 0 -> connection 0x14ee4c0010b0
x3006c0s7b0n0:61799:979 [0] NCCL INFO transport/p2p.cc:430 Cuda Alloc Size 6291456 pointer 0x14eecd400000
x3006c0s7b0n0:61809:968 [2] NCCL INFO transport/net.cc:376 Cuda Alloc Size 16777216 pointer 0x148fe4c00000
x3006c0s7b0n0:61809:951 [2] NCCL INFO init.cc:392 Cuda Host Alloc Size 33554432 pointer 0x148fe2000000
x3006c0s7b0n0:61809:951 [2] NCCL INFO init.cc:398 Cuda Host Alloc Size 128 pointer 0x14904ae00600
x3006c0s7b0n0:61809:951 [2] NCCL INFO comm 0x55cd32df7100 rank 0 nranks 2 cudaDev 2 busId 85000 - Init COMPLETE
[Hao INFO in ncclAllReduce (all_reduce.cc)] rank 2 ncclAllReduce: count: 1, datatype: ncclInt64, message size: 8 Bytes
x3006c0s7b0n0:61809:61809 [2] NCCL INFO AllReduce: opCount 0 sendbuff 0x14908b600400 recvbuff 0x14908b600400 count 1 datatype 4 op 0 root 0 comm 0x55cd32df7100 [nranks=2] stream 0x55cd30c44d30
x3006c0s7b0n0:61809:61809 [2] NCCL INFO misc/utils.cc:235 memory stack hunk malloc(65536)

[LYD INFO in ncclAllReduce (all_reduce.cc)] rank 0 AllReduce Time: 0.000016000 seconds

[LYD INFO in getAlgoInfo (enqueue.cc)] algorithm a is: 0

[LYD INFO in getAlgoInfo (enqueue.cc)] algorithm a is: 1

[LYD INFO in getAlgoInfo (enqueue.cc)] rank: 0, Duration between Point 1 and Point 2: 0.000003000 seconds

[LYD INFO in getAlgoInfo (enqueue.cc)] rank 0, Duration between Point 2 and Point 3: 0.000000000 seconds
[LYD INFO in getAlgoInfo (enqueue.cc)] out rank: 0
[LYD INFO in getAlgoInfo (enqueue.cc)] out coll: 4
[LYD INFO in getAlgoInfo (enqueue.cc)] out sendbuff address: 0x14908b600400
[LYD INFO in getAlgoInfo (enqueue.cc)] out recvbuff address: 0x14908b600400
[LYD INFO in getAlgoInfo (enqueue.cc)] out count: 1
[LYD INFO in getAlgoInfo (enqueue.cc)] out datatype: 4
