x3002c0s1b1n0:21060:25912 [1] NCCL INFO transport/net_ib.cc:696 Ib Alloc Size 552 pointer 0x152fc0092000
x3002c0s1b1n0:21060:25912 [1] NCCL INFO transport/net_ib.cc:771 Ib Alloc Size 552 pointer 0x152fc00ad000
x3002c0s1b1n0:21060:25912 [1] NCCL INFO transport/net.cc:698 Cuda Host Alloc Size 9641984 pointer 0x15302cc00000
x3002c0s1b1n0:21060:25748 [1] NCCL INFO Channel 00/0 : 13[46000] -> 12[7000] via P2P/IPC/read
x3002c0s1b1n0:21060:25912 [1] NCCL INFO New proxy send connection 4 from local rank 1, transport 0
x3002c0s1b1n0:21060:25748 [1] NCCL INFO Connection to proxy localRank 1 -> connection 0x152fc0000d80
x3002c0s1b1n0:21060:25912 [1] NCCL INFO transport/p2p.cc:430 Cuda Alloc Size 6291456 pointer 0x15302d600000
x3002c0s1b1n0:21060:25748 [1] NCCL INFO Channel 01/0 : 13[46000] -> 12[7000] via P2P/IPC/read
x3002c0s1b1n0:21060:25912 [1] NCCL INFO New proxy send connection 5 from local rank 1, transport 0
x3002c0s1b1n0:21060:25748 [1] NCCL INFO Connection to proxy localRank 1 -> connection 0x152fc0000dc0
x3002c0s1b1n0:21060:25912 [1] NCCL INFO transport/p2p.cc:430 Cuda Alloc Size 6291456 pointer 0x15302dc00000
x3002c0s1b1n0:21060:25748 [1] NCCL INFO Channel 02/0 : 13[46000] -> 12[7000] via P2P/IPC/read
x3002c0s1b1n0:21060:25912 [1] NCCL INFO New proxy send connection 6 from local rank 1, transport 0
x3002c0s1b1n0:21060:25748 [1] NCCL INFO Connection to proxy localRank 1 -> connection 0x152fc0000e00
x3002c0s1b1n0:21060:25912 [1] NCCL INFO transport/p2p.cc:430 Cuda Alloc Size 6291456 pointer 0x15302e200000
x3002c0s1b1n0:21060:25748 [1] NCCL INFO Channel 03/0 : 13[46000] -> 12[7000] via P2P/IPC/read
x3002c0s1b1n0:21060:25912 [1] NCCL INFO New proxy send connection 7 from local rank 1, transport 0
x3002c0s1b1n0:21060:25748 [1] NCCL INFO Connection to proxy localRank 1 -> connection 0x152fc0000e40
x3002c0s1b1n0:21060:25912 [1] NCCL INFO transport/p2p.cc:430 Cuda Alloc Size 6291456 pointer 0x15302e800000
x3002c0s1b1n0:21060:25748 [1] NCCL INFO Connected all rings
x3002c0s1b1n0:21059:25746 [0] NCCL INFO Connected all rings
x3002c0s1b1n0:21059:25746 [0] NCCL INFO Channel 00/0 : 12[7000] -> 13[46000] via P2P/IPC/read
x3002c0s1b1n0:21059:25905 [0] NCCL INFO New proxy send connection 8 from local rank 0, transport 0
x3002c0s1b1n0:21060:25912 [1] NCCL INFO New proxy recv connection 8 from local rank 1, transport 0
x3002c0s1b1n0:21059:25746 [0] NCCL INFO Connection to proxy localRank 0 -> connection 0x14e140000e80
x3002c0s1b1n0:21059:25905 [0] NCCL INFO transport/p2p.cc:430 Cuda Alloc Size 6291456 pointer 0x14e1b2600000
x3002c0s1b1n0:21060:25748 [1] NCCL INFO Connection to proxy localRank 1 -> connection 0x152fc0000e80
x3002c0s1b1n0:21060:25912 [1] NCCL INFO transport/p2p.cc:449 Cuda Alloc Size 6291456 pointer 0x153030600000
x3002c0s1b1n0:21059:25746 [0] NCCL INFO Channel 01/0 : 12[7000] -> 13[46000] via P2P/IPC/read
x3002c0s1b1n0:21059:25905 [0] NCCL INFO New proxy send connection 9 from local rank 0, transport 0
x3002c0s1b1n0:21059:25746 [0] NCCL INFO Connection to proxy localRank 0 -> connection 0x14e140000ec0
x3002c0s1b1n0:21059:25905 [0] NCCL INFO transport/p2p.cc:430 Cuda Alloc Size 6291456 pointer 0x14e1b2c00000
x3002c0s1b1n0:21060:25912 [1] NCCL INFO New proxy recv connection 9 from local rank 1, transport 0
x3002c0s1b1n0:21059:25746 [0] NCCL INFO Channel 02/0 : 12[7000] -> 13[46000] via P2P/IPC/read
x3002c0s1b1n0:21059:25905 [0] NCCL INFO New proxy send connection 10 from local rank 0, transport 0
x3002c0s1b1n0:21059:25746 [0] NCCL INFO Connection to proxy localRank 0 -> connection 0x14e140000f00
x3002c0s1b1n0:21059:25905 [0] NCCL INFO transport/p2p.cc:430 Cuda Alloc Size 6291456 pointer 0x14e1b3200000
x3002c0s1b1n0:21060:25748 [1] NCCL INFO Connection to proxy localRank 1 -> connection 0x152fc0000ec0
x3002c0s1b1n0:21060:25912 [1] NCCL INFO transport/p2p.cc:449 Cuda Alloc Size 6291456 pointer 0x153030c00000
x3002c0s1b1n0:21060:25912 [1] NCCL INFO New proxy recv connection 10 from local rank 1, transport 0
x3002c0s1b1n0:21060:25748 [1] NCCL INFO Connection to proxy localRank 1 -> connection 0x152fc0000f00
x3002c0s1b1n0:21059:25746 [0] NCCL INFO Channel 03/0 : 12[7000] -> 13[46000] via P2P/IPC/read
x3002c0s1b1n0:21059:25905 [0] NCCL INFO New proxy send connection 11 from local rank 0, transport 0
x3002c0s1b1n0:21060:25912 [1] NCCL INFO transport/p2p.cc:449 Cuda Alloc Size 6291456 pointer 0x153031200000
x3002c0s1b1n0:21060:25912 [1] NCCL INFO New proxy recv connection 11 from local rank 1, transport 0
x3002c0s1b1n0:21059:25746 [0] NCCL INFO Connection to proxy localRank 0 -> connection 0x14e140000f40
x3002c0s1b1n0:21059:25905 [0] NCCL INFO transport/p2p.cc:430 Cuda Alloc Size 6291456 pointer 0x14e1b3800000
x3002c0s1b1n0:21060:25748 [1] NCCL INFO Connection to proxy localRank 1 -> connection 0x152fc0000f40
x3002c0s1b1n0:21060:25912 [1] NCCL INFO transport/p2p.cc:449 Cuda Alloc Size 6291456 pointer 0x153031800000
x3002c0s1b1n0:21060:25748 [1] NCCL INFO Channel 00/0 : 13[46000] -> 14[85000] via P2P/IPC/read
x3002c0s1b1n0:21060:25912 [1] NCCL INFO New proxy send connection 12 from local rank 1, transport 0
x3002c0s1b1n0:21060:25748 [1] NCCL INFO Connection to proxy localRank 1 -> connection 0x152fc0000f80
x3002c0s1b1n0:21060:25912 [1] NCCL INFO transport/p2p.cc:430 Cuda Alloc Size 6291456 pointer 0x153031e00000
x3002c0s1b1n0:21060:25748 [1] NCCL INFO Channel 01/0 : 13[46000] -> 14[85000] via P2P/IPC/read
x3002c0s1b1n0:21060:25912 [1] NCCL INFO New proxy send connection 13 from local rank 1, transport 0
x3002c0s1b1n0:21060:25748 [1] NCCL INFO Connection to proxy localRank 1 -> connection 0x152fc0000fc0
x3002c0s1b1n0:21060:25912 [1] NCCL INFO transport/p2p.cc:430 Cuda Alloc Size 6291456 pointer 0x153032400000
x3002c0s1b1n0:21060:25748 [1] NCCL INFO Channel 02/0 : 13[46000] -> 14[85000] via P2P/IPC/read
x3002c0s1b1n0:21060:25912 [1] NCCL INFO New proxy send connection 14 from local rank 1, transport 0
x3002c0s1b1n0:21060:25748 [1] NCCL INFO Connection to proxy localRank 1 -> connection 0x152fc0001000
x3002c0s1b1n0:21060:25912 [1] NCCL INFO transport/p2p.cc:430 Cuda Alloc Size 6291456 pointer 0x153032a00000
x3002c0s1b1n0:21060:25748 [1] NCCL INFO Channel 03/0 : 13[46000] -> 14[85000] via P2P/IPC/read
x3002c0s1b1n0:21060:25912 [1] NCCL INFO New proxy send connection 15 from local rank 1, transport 0
x3002c0s1b1n0:21060:25748 [1] NCCL INFO Connection to proxy localRank 1 -> connection 0x152fc0001040
x3002c0s1b1n0:21060:25912 [1] NCCL INFO transport/p2p.cc:430 Cuda Alloc Size 6291456 pointer 0x153033000000
x3002c0s1b1n0:21060:25748 [1] NCCL INFO GPU Direct RDMA Disabled for GPU 46000 / HCA 1 (distance 6 > 4)
x3002c0s1b1n0:21059:25746 [0] NCCL INFO GPU Direct RDMA Disabled for GPU 7000 / HCA 1 (distance 7 > 4)
x3002c0s1b1n0:21059:25905 [0] NCCL INFO Allocated 4194656 bytes of shared memory in /dev/shm/nccl-GvfrgA

x3002c0s1b1n0:21059:25905 [0] NCCL INFO New proxy recv connection 12 from local rank 0, transport 2
x3002c0s1b1n0:21060:25912 [1] NCCL INFO New proxy send connection 16 from local rank 1, transport 2
x3002c0s1b1n0:21061:25883 [2] NCCL INFO New proxy recv connection 12 from local rank 2, transport 0
x3002c0s1b1n0:21059:25746 [0] NCCL INFO Connection to proxy localRank 0 -> connection 0x14e140000f80
x3002c0s1b1n0:21061:25747 [2] NCCL INFO Connection to proxy localRank 2 -> connection 0x150e0c000f80
x3002c0s1b1n0:21061:25883 [2] NCCL INFO transport/p2p.cc:449 Cuda Alloc Size 6291456 pointer 0x150e12600000
x3002c0s1b1n0:21060:25748 [1] NCCL INFO Connection to proxy localRank 1 -> connection 0x152fc0001080
x3002c0s1b1n0:21060:25748 [1] NCCL INFO Channel 02/0 : 13[46000] -> 16[7000] [send] via NET/IB/1
x3002c0s1b1n0:21060:25748 [1] NCCL INFO GPU Direct RDMA Disabled for GPU 46000 / HCA 0 (distance 7 > 4)
x3002c0s1b1n0:21060:25912 [1] NCCL INFO New proxy send connection 17 from local rank 1, transport 2
x3002c0s1b1n0:21060:25748 [1] NCCL INFO Connection to proxy localRank 1 -> connection 0x152fc00010c0
x3002c0s1b1n0:21060:25748 [1] NCCL INFO Channel 03/0 : 13[46000] -> 16[7000] [send] via NET/IB/0
x3002c0s1b1n0:21060:25912 [1] NCCL INFO transport/net_ib.cc:596 Ib Alloc Size 26560 pointer 0x152fc00be000
x3002c0s1b1n0:21060:25912 [1] NCCL INFO NET/IB: Dev 1 Port 1 qpn 47740 mtu 5 GID 0 (80FE/EF0000FEFF000000)
x3002c0s1b1n0:21060:25912 [1] NCCL INFO transport/net_ib.cc:653 Ib Alloc Size 552 pointer 0x152fc00d5000
x3002c0s1b1n0:21060:25912 [1] NCCL INFO transport/net.cc:571 Cuda Host Alloc Size 9641984 pointer 0x152fbec00000
x3002c0s1b1n0:21059:25746 [0] NCCL INFO Channel 00/0 : 8[7000] -> 12[7000] [receive] via NET/IB/1
x3002c0s1b1n0:21059:25746 [0] NCCL INFO GPU Direct RDMA Disabled for GPU 7000 / HCA 0 (distance 7 > 4)
x3002c0s1b1n0:21059:25905 [0] NCCL INFO New proxy recv connection 13 from local rank 0, transport 2
x3002c0s1b1n0:21061:25883 [2] NCCL INFO New proxy recv connection 13 from local rank 2, transport 0
x3002c0s1b1n0:21059:25746 [0] NCCL INFO Connection to proxy localRank 0 -> connection 0x14e140000fc0
x3002c0s1b1n0:21060:25912 [1] NCCL INFO transport/net_ib.cc:596 Ib Alloc Size 26560 pointer 0x152fc00d7000
x3002c0s1b1n0:21060:25912 [1] NCCL INFO NET/IB: Dev 0 Port 1 qpn 48913 mtu 5 GID 0 (80FE/AA0000FEFF000000)
x3002c0s1b1n0:21060:25912 [1] NCCL INFO transport/net_ib.cc:653 Ib Alloc Size 552 pointer 0x152fc00ee000
x3002c0s1b1n0:21060:25912 [1] NCCL INFO transport/net.cc:571 Cuda Host Alloc Size 9641984 pointer 0x152fbf600000
x3002c0s1b1n0:21060:25748 [1] NCCL INFO GPU Direct RDMA Disabled for GPU 46000 / HCA 1 (distance 6 > 4)
x3002c0s1b1n0:21061:25747 [2] NCCL INFO Connection to proxy localRank 2 -> connection 0x150e0c000fc0
x3002c0s1b1n0:21061:25883 [2] NCCL INFO transport/p2p.cc:449 Cuda Alloc Size 6291456 pointer 0x150e12c00000
x3002c0s1b1n0:21059:25746 [0] NCCL INFO Channel 01/0 : 8[7000] -> 12[7000] [receive] via NET/IB/0
x3002c0s1b1n0:21059:25746 [0] NCCL INFO GPU Direct RDMA Disabled for GPU 7000 / HCA 1 (distance 7 > 4)
x3002c0s1b1n0:21059:25905 [0] NCCL INFO New proxy recv connection 14 from local rank 0, transport 2
x3002c0s1b1n0:21060:25912 [1] NCCL INFO New proxy recv connection 18 from local rank 1, transport 2
x3002c0s1b1n0:21061:25883 [2] NCCL INFO New proxy recv connection 14 from local rank 2, transport 0
x3002c0s1b1n0:21060:25748 [1] NCCL INFO Connection to proxy localRank 1 -> connection 0x152fc0001100
x3002c0s1b1n0:21060:25748 [1] NCCL INFO Channel 02/0 : 16[7000] -> 13[46000] [receive] via NET/IB/1
x3002c0s1b1n0:21060:25748 [1] NCCL INFO GPU Direct RDMA Disabled for GPU 46000 / HCA 0 (distance 7 > 4)
x3002c0s1b1n0:21059:25746 [0] NCCL INFO Connection to proxy localRank 0 -> connection 0x14e140001000
x3002c0s1b1n0:21060:25912 [1] NCCL INFO New proxy recv connection 19 from local rank 1, transport 2
x3002c0s1b1n0:21061:25747 [2] NCCL INFO Connection to proxy localRank 2 -> connection 0x150e0c001000
x3002c0s1b1n0:21061:25883 [2] NCCL INFO transport/p2p.cc:449 Cuda Alloc Size 6291456 pointer 0x150e13200000
x3002c0s1b1n0:21060:25748 [1] NCCL INFO Connection to proxy localRank 1 -> connection 0x152fc0001140
x3002c0s1b1n0:21059:25746 [0] NCCL INFO Channel 02/0 : 8[7000] -> 12[7000] [receive] via NET/IB/1
x3002c0s1b1n0:21059:25746 [0] NCCL INFO GPU Direct RDMA Disabled for GPU 7000 / HCA 0 (distance 7 > 4)
x3002c0s1b1n0:21059:25905 [0] NCCL INFO New proxy recv connection 15 from local rank 0, transport 2
x3002c0s1b1n0:21061:25883 [2] NCCL INFO New proxy recv connection 15 from local rank 2, transport 0
x3002c0s1b1n0:21060:25748 [1] NCCL INFO Channel 03/0 : 16[7000] -> 13[46000] [receive] via NET/IB/0
x3002c0s1b1n0:21059:25746 [0] NCCL INFO Connection to proxy localRank 0 -> connection 0x14e140001040
x3002c0s1b1n0:21061:25747 [2] NCCL INFO Connection to proxy localRank 2 -> connection 0x150e0c001040
x3002c0s1b1n0:21061:25883 [2] NCCL INFO transport/p2p.cc:449 Cuda Alloc Size 6291456 pointer 0x150e13800000
x3002c0s1b1n0:21061:25747 [2] NCCL INFO Channel 00/0 : 14[85000] -> 13[46000] via P2P/IPC/read
x3002c0s1b1n0:21061:25883 [2] NCCL INFO New proxy send connection 16 from local rank 2, transport 0
x3002c0s1b1n0:21059:25746 [0] NCCL INFO Channel 03/0 : 8[7000] -> 12[7000] [receive] via NET/IB/0
x3002c0s1b1n0:21059:25905 [0] NCCL INFO transport/net_ib.cc:683 Ib Alloc Size 21688 pointer 0x14e140025000
x3002c0s1b1n0:21059:25905 [0] NCCL INFO transport/net_ib.cc:696 Ib Alloc Size 552 pointer 0x14e14002c000
x3002c0s1b1n0:21059:25905 [0] NCCL INFO transport/net_ib.cc:771 Ib Alloc Size 552 pointer 0x14e140049000
x3002c0s1b1n0:21059:25905 [0] NCCL INFO transport/net.cc:698 Cuda Host Alloc Size 9641984 pointer 0x14e13e000000
x3002c0s1b1n0:21061:25747 [2] NCCL INFO Connection to proxy localRank 2 -> connection 0x150e0c001080
x3002c0s1b1n0:21061:25883 [2] NCCL INFO transport/p2p.cc:430 Cuda Alloc Size 6291456 pointer 0x150e0a000000
x3002c0s1b1n0:21059:25905 [0] NCCL INFO transport/net_ib.cc:683 Ib Alloc Size 21688 pointer 0x14e14004b000
x3002c0s1b1n0:21059:25905 [0] NCCL INFO transport/net_ib.cc:696 Ib Alloc Size 552 pointer 0x14e140052000
x3002c0s1b1n0:21059:25905 [0] NCCL INFO transport/net_ib.cc:771 Ib Alloc Size 552 pointer 0x14e14006d000
x3002c0s1b1n0:21059:25905 [0] NCCL INFO transport/net.cc:698 Cuda Host Alloc Size 9641984 pointer 0x14e13ea00000
x3002c0s1b1n0:21061:25747 [2] NCCL INFO Channel 01/0 : 14[85000] -> 13[46000] via P2P/IPC/read
x3002c0s1b1n0:21061:25883 [2] NCCL INFO New proxy send connection 17 from local rank 2, transport 0
x3002c0s1b1n0:21059:25905 [0] NCCL INFO transport/net_ib.cc:683 Ib Alloc Size 21688 pointer 0x14e14006f000
x3002c0s1b1n0:21059:25905 [0] NCCL INFO transport/net_ib.cc:696 Ib Alloc Size 552 pointer 0x14e140076000
x3002c0s1b1n0:21059:25905 [0] NCCL INFO transport/net_ib.cc:771 Ib Alloc Size 552 pointer 0x14e140091000
x3002c0s1b1n0:21059:25905 [0] NCCL INFO transport/net.cc:698 Cuda Host Alloc Size 9641984 pointer 0x14e13f400000
x3002c0s1b1n0:21061:25747 [2] NCCL INFO Connection to proxy localRank 2 -> connection 0x150e0c0010c0
x3002c0s1b1n0:21061:25883 [2] NCCL INFO transport/p2p.cc:430 Cuda Alloc Size 6291456 pointer 0x150e0a600000
x3002c0s1b1n0:21061:25747 [2] NCCL INFO Channel 02/0 : 14[85000] -> 13[46000] via P2P/IPC/read
x3002c0s1b1n0:21061:25883 [2] NCCL INFO New proxy send connection 18 from local rank 2, transport 0
x3002c0s1b1n0:21059:25905 [0] NCCL INFO transport/net_ib.cc:683 Ib Alloc Size 21688 pointer 0x14e140093000
x3002c0s1b1n0:21059:25905 [0] NCCL INFO transport/net_ib.cc:696 Ib Alloc Size 552 pointer 0x14e14009a000
x3002c0s1b1n0:21061:25747 [2] NCCL INFO Connection to proxy localRank 2 -> connection 0x150e0c001100
x3002c0s1b1n0:21061:25883 [2] NCCL INFO transport/p2p.cc:430 Cuda Alloc Size 6291456 pointer 0x150e0ac00000
x3002c0s1b1n0:21061:25747 [2] NCCL INFO Channel 03/0 : 14[85000] -> 13[46000] via P2P/IPC/read
x3002c0s1b1n0:21061:25883 [2] NCCL INFO New proxy send connection 19 from local rank 2, transport 0
x3002c0s1b1n0:21059:25905 [0] NCCL INFO transport/net_ib.cc:771 Ib Alloc Size 552 pointer 0x14e1400b5000
x3002c0s1b1n0:21059:25905 [0] NCCL INFO transport/net.cc:698 Cuda Host Alloc Size 9641984 pointer 0x14e13c000000
x3002c0s1b1n0:21059:25746 [0] NCCL INFO GPU Direct RDMA Disabled for GPU 7000 / HCA 1 (distance 7 > 4)
x3002c0s1b1n0:21059:25905 [0] NCCL INFO New proxy recv connection 16 from local rank 0, transport 2
x3002c0s1b1n0:21061:25747 [2] NCCL INFO Connection to proxy localRank 2 -> connection 0x150e0c001140
x3002c0s1b1n0:21061:25883 [2] NCCL INFO transport/p2p.cc:430 Cuda Alloc Size 6291456 pointer 0x150e0b200000
x3002c0s1b1n0:21059:25746 [0] NCCL INFO Connection to proxy localRank 0 -> connection 0x14e140001080
x3002c0s1b1n0:21062:25745 [3] NCCL INFO Connected all trees by HAO
x3002c0s1b1n0:21062:25745 [3] NCCL INFO threadThresholds 8/8/64 | 192/8/64 | 512 | 512
x3002c0s1b1n0:21062:25745 [3] NCCL INFO 4 coll channels, 4 p2p channels, 2 p2p channels per peer
x3002c0s1b1n0:21062:25880 [3] NCCL INFO New proxy send connection 12 from local rank 3, transport 2
x3002c0s1b1n0:21059:25746 [0] NCCL INFO Channel 02/0 : 5[46000] -> 12[7000] [receive] via NET/IB/1
x3002c0s1b1n0:21059:25746 [0] NCCL INFO GPU Direct RDMA Disabled for GPU 7000 / HCA 0 (distance 7 > 4)
x3002c0s1b1n0:21059:25905 [0] NCCL INFO New proxy recv connection 17 from local rank 0, transport 2
x3002c0s1b1n0:21062:25745 [3] NCCL INFO Connection to proxy localRank 3 -> connection 0x14c1ac000f80
x3002c0s1b1n0:21062:25880 [3] NCCL INFO transport/net.cc:376 Cuda Alloc Size 8388608 pointer 0x14c223c00000
x3002c0s1b1n0:21059:25746 [0] NCCL INFO Connection to proxy localRank 0 -> connection 0x14e1400010c0
x3002c0s1b1n0:21059:25746 [0] NCCL INFO Channel 03/0 : 5[46000] -> 12[7000] [receive] via NET/IB/0
x3002c0s1b1n0:21059:25905 [0] NCCL INFO transport/net_ib.cc:683 Ib Alloc Size 21688 pointer 0x14e1400c1000
x3002c0s1b1n0:21059:25905 [0] NCCL INFO transport/net_ib.cc:696 Ib Alloc Size 552 pointer 0x14e1400c8000
x3002c0s1b1n0:21059:25905 [0] NCCL INFO transport/net_ib.cc:771 Ib Alloc Size 552 pointer 0x14e1400e3000
x3002c0s1b1n0:21059:25905 [0] NCCL INFO transport/net.cc:698 Cuda Host Alloc Size 9641984 pointer 0x14e13ca00000
x3002c0s1b1n0:21059:25905 [0] NCCL INFO transport/net_ib.cc:683 Ib Alloc Size 21688 pointer 0x14e1400e5000
x3002c0s1b1n0:21059:25905 [0] NCCL INFO transport/net_ib.cc:696 Ib Alloc Size 552 pointer 0x14e1400ec000
x3002c0s1b1n0:21059:25905 [0] NCCL INFO transport/net_ib.cc:771 Ib Alloc Size 552 pointer 0x14e140107000
x3002c0s1b1n0:21059:25905 [0] NCCL INFO transport/net.cc:698 Cuda Host Alloc Size 9641984 pointer 0x14e13d400000
x3002c0s1b1n0:21059:25746 [0] NCCL INFO GPU Direct RDMA Disabled for GPU 7000 / HCA 1 (distance 7 > 4)
x3002c0s1b1n0:21059:25905 [0] NCCL INFO New proxy send connection 18 from local rank 0, transport 2
x3002c0s1b1n0:21059:25746 [0] NCCL INFO Connection to proxy localRank 0 -> connection 0x14e140001100
x3002c0s1b1n0:21059:25746 [0] NCCL INFO Channel 02/0 : 12[7000] -> 5[46000] [send] via NET/IB/1
x3002c0s1b1n0:21059:25746 [0] NCCL INFO GPU Direct RDMA Disabled for GPU 7000 / HCA 0 (distance 7 > 4)
x3002c0s1b1n0:21059:25905 [0] NCCL INFO New proxy send connection 19 from local rank 0, transport 2
x3002c0s1b1n0:21059:25746 [0] NCCL INFO Connection to proxy localRank 0 -> connection 0x14e140001140
x3002c0s1b1n0:21059:25746 [0] NCCL INFO Channel 03/0 : 12[7000] -> 5[46000] [send] via NET/IB/0
x3002c0s1b1n0:21059:25905 [0] NCCL INFO transport/net_ib.cc:596 Ib Alloc Size 26560 pointer 0x14e140113000
x3002c0s1b1n0:21059:25905 [0] NCCL INFO NET/IB: Dev 1 Port 1 qpn 47747 mtu 5 GID 0 (80FE/EF0000FEFF000000)
x3002c0s1b1n0:21059:25905 [0] NCCL INFO transport/net_ib.cc:653 Ib Alloc Size 552 pointer 0x14e14012a000
x3002c0s1b1n0:21059:25905 [0] NCCL INFO transport/net.cc:571 Cuda Host Alloc Size 9641984 pointer 0x14e13a000000
x3002c0s1b1n0:21059:25905 [0] NCCL INFO transport/net_ib.cc:596 Ib Alloc Size 26560 pointer 0x14e14012c000
x3002c0s1b1n0:21059:25905 [0] NCCL INFO NET/IB: Dev 0 Port 1 qpn 48920 mtu 5 GID 0 (80FE/AA0000FEFF000000)
x3002c0s1b1n0:21059:25905 [0] NCCL INFO transport/net_ib.cc:653 Ib Alloc Size 552 pointer 0x14e140143000
x3002c0s1b1n0:21059:25905 [0] NCCL INFO transport/net.cc:571 Cuda Host Alloc Size 9641984 pointer 0x14e13aa00000
x3002c0s1b1n0:21059:25746 [0] NCCL INFO GPU Direct RDMA Disabled for GPU 7000 / HCA 1 (distance 7 > 4)
x3002c0s1b1n0:21059:25905 [0] NCCL INFO New proxy send connection 20 from local rank 0, transport 2
x3002c0s1b1n0:21059:25746 [0] NCCL INFO Connection to proxy localRank 0 -> connection 0x14e140001180
x3002c0s1b1n0:21059:25746 [0] NCCL INFO Channel 00/0 : 12[7000] -> 8[7000] [send] via NET/IB/1
x3002c0s1b1n0:21059:25746 [0] NCCL INFO GPU Direct RDMA Disabled for GPU 7000 / HCA 0 (distance 7 > 4)
x3002c0s1b1n0:21059:25905 [0] NCCL INFO New proxy send connection 21 from local rank 0, transport 2
x3002c0s1b1n0:21059:25746 [0] NCCL INFO Connection to proxy localRank 0 -> connection 0x14e1400011c0
x3002c0s1b1n0:21059:25746 [0] NCCL INFO Channel 01/0 : 12[7000] -> 8[7000] [send] via NET/IB/0
x3002c0s1b1n0:21059:25746 [0] NCCL INFO GPU Direct RDMA Disabled for GPU 7000 / HCA 1 (distance 7 > 4)
x3002c0s1b1n0:21059:25905 [0] NCCL INFO New proxy send connection 22 from local rank 0, transport 2
x3002c0s1b1n0:21060:25912 [1] NCCL INFO transport/net_ib.cc:683 Ib Alloc Size 21688 pointer 0x152fc00fa000
x3002c0s1b1n0:21060:25912 [1] NCCL INFO transport/net_ib.cc:696 Ib Alloc Size 552 pointer 0x152fc0101000
x3002c0s1b1n0:21059:25746 [0] NCCL INFO Connection to proxy localRank 0 -> connection 0x14e140001200
x3002c0s1b1n0:21059:25746 [0] NCCL INFO Channel 02/0 : 12[7000] -> 8[7000] [send] via NET/IB/1
x3002c0s1b1n0:21059:25746 [0] NCCL INFO GPU Direct RDMA Disabled for GPU 7000 / HCA 0 (distance 7 > 4)
x3002c0s1b1n0:21059:25905 [0] NCCL INFO New proxy send connection 23 from local rank 0, transport 2
x3002c0s1b1n0:21060:25912 [1] NCCL INFO transport/net_ib.cc:771 Ib Alloc Size 552 pointer 0x152fc011c000
x3002c0s1b1n0:21060:25912 [1] NCCL INFO transport/net.cc:698 Cuda Host Alloc Size 9641984 pointer 0x152fbc000000
x3002c0s1b1n0:21059:25746 [0] NCCL INFO Connection to proxy localRank 0 -> connection 0x14e140001240
x3002c0s1b1n0:21059:25746 [0] NCCL INFO Channel 03/0 : 12[7000] -> 8[7000] [send] via NET/IB/0
x3002c0s1b1n0:21060:25912 [1] NCCL INFO transport/net_ib.cc:683 Ib Alloc Size 21688 pointer 0x152fc011e000
x3002c0s1b1n0:21060:25912 [1] NCCL INFO transport/net_ib.cc:696 Ib Alloc Size 552 pointer 0x152fc0125000
x3002c0s1b1n0:21060:25912 [1] NCCL INFO transport/net_ib.cc:771 Ib Alloc Size 552 pointer 0x152fc0140000
x3002c0s1b1n0:21060:25912 [1] NCCL INFO transport/net.cc:698 Cuda Host Alloc Size 9641984 pointer 0x152fbca00000
x3002c0s1b1n0:21059:25905 [0] NCCL INFO transport/net_ib.cc:596 Ib Alloc Size 26560 pointer 0x14e140159000
x3002c0s1b1n0:21059:25905 [0] NCCL INFO NET/IB: Dev 1 Port 1 qpn 47750 mtu 5 GID 0 (80FE/EF0000FEFF000000)
x3002c0s1b1n0:21059:25905 [0] NCCL INFO transport/net_ib.cc:653 Ib Alloc Size 552 pointer 0x14e140170000
x3002c0s1b1n0:21059:25905 [0] NCCL INFO transport/net.cc:571 Cuda Host Alloc Size 9641984 pointer 0x14e13b400000
x3002c0s1b1n0:21059:25905 [0] NCCL INFO Mem Realloc old size 768, new size 1536 pointer 0x14e14011f050
x3002c0s1b1n0:21059:25905 [0] NCCL INFO transport/net_ib.cc:596 Ib Alloc Size 26560 pointer 0x14e140172000
x3002c0s1b1n0:21059:25905 [0] NCCL INFO NET/IB: Dev 0 Port 1 qpn 48923 mtu 5 GID 0 (80FE/AA0000FEFF000000)
x3002c0s1b1n0:21059:25905 [0] NCCL INFO transport/net_ib.cc:653 Ib Alloc Size 552 pointer 0x14e140189000
x3002c0s1b1n0:21059:25905 [0] NCCL INFO transport/net.cc:571 Cuda Host Alloc Size 9641984 pointer 0x14e138000000
x3002c0s1b1n0:21059:25905 [0] NCCL INFO Mem Realloc old size 768, new size 1536 pointer 0x14e14017e150
x3002c0s1b1n0:21059:25905 [0] NCCL INFO transport/net_ib.cc:596 Ib Alloc Size 26560 pointer 0x14e14018b000
x3002c0s1b1n0:21059:25905 [0] NCCL INFO NET/IB: Dev 1 Port 1 qpn 47751 mtu 5 GID 0 (80FE/EF0000FEFF000000)
x3002c0s1b1n0:21059:25905 [0] NCCL INFO transport/net_ib.cc:653 Ib Alloc Size 552 pointer 0x14e1401a2000
x3002c0s1b1n0:21059:25905 [0] NCCL INFO transport/net.cc:571 Cuda Host Alloc Size 9641984 pointer 0x14e138a00000
x3002c0s1b1n0:21060:25912 [1] NCCL INFO New proxy recv connection 20 from local rank 1, transport 0
x3002c0s1b1n0:21059:25905 [0] NCCL INFO transport/net_ib.cc:596 Ib Alloc Size 26560 pointer 0x14e1401a4000
x3002c0s1b1n0:21059:25905 [0] NCCL INFO NET/IB: Dev 0 Port 1 qpn 48924 mtu 5 GID 0 (80FE/AA0000FEFF000000)
x3002c0s1b1n0:21059:25905 [0] NCCL INFO transport/net_ib.cc:653 Ib Alloc Size 552 pointer 0x14e1401bb000
x3002c0s1b1n0:21059:25905 [0] NCCL INFO transport/net.cc:571 Cuda Host Alloc Size 9641984 pointer 0x14e139400000
x3002c0s1b1n0:21059:25746 [0] NCCL INFO Connected all trees by HAO
x3002c0s1b1n0:21059:25746 [0] NCCL INFO threadThresholds 8/8/64 | 192/8/64 | 512 | 512
x3002c0s1b1n0:21059:25746 [0] NCCL INFO 4 coll channels, 4 p2p channels, 2 p2p channels per peer
x3002c0s1b1n0:21059:25905 [0] NCCL INFO New proxy send connection 24 from local rank 0, transport 2
x3002c0s1b1n0:21060:25748 [1] NCCL INFO Connection to proxy localRank 1 -> connection 0x152fc0001180
x3002c0s1b1n0:21060:25912 [1] NCCL INFO transport/p2p.cc:449 Cuda Alloc Size 6291456 pointer 0x152fbd400000
x3002c0s1b1n0:21060:25912 [1] NCCL INFO New proxy recv connection 21 from local rank 1, transport 0
x3002c0s1b1n0:21060:25748 [1] NCCL INFO Connection to proxy localRank 1 -> connection 0x152fc00011c0
x3002c0s1b1n0:21060:25912 [1] NCCL INFO transport/p2p.cc:449 Cuda Alloc Size 6291456 pointer 0x152fbda00000
x3002c0s1b1n0:21059:25746 [0] NCCL INFO Connection to proxy localRank 0 -> connection 0x14e140001280
x3002c0s1b1n0:21059:25905 [0] NCCL INFO transport/net.cc:376 Cuda Alloc Size 8388608 pointer 0x14e136000000
x3002c0s1b1n0:21060:25912 [1] NCCL INFO New proxy recv connection 22 from local rank 1, transport 0
x3002c0s1b1n0:21060:25748 [1] NCCL INFO Connection to proxy localRank 1 -> connection 0x152fc0001200
x3002c0s1b1n0:21060:25912 [1] NCCL INFO transport/p2p.cc:449 Cuda Alloc Size 6291456 pointer 0x152fba000000
x3002c0s1b1n0:21060:25912 [1] NCCL INFO New proxy recv connection 23 from local rank 1, transport 0
x3002c0s1b1n0:21060:25748 [1] NCCL INFO Connection to proxy localRank 1 -> connection 0x152fc0001240
x3002c0s1b1n0:21060:25912 [1] NCCL INFO transport/p2p.cc:449 Cuda Alloc Size 6291456 pointer 0x152fba600000
x3002c0s1b1n0:21060:25748 [1] NCCL INFO Connected all trees by HAO
x3002c0s1b1n0:21060:25748 [1] NCCL INFO threadThresholds 8/8/64 | 192/8/64 | 512 | 512
x3002c0s1b1n0:21060:25748 [1] NCCL INFO 4 coll channels, 4 p2p channels, 2 p2p channels per peer
x3002c0s1b1n0:21060:25912 [1] NCCL INFO New proxy send connection 24 from local rank 1, transport 2
x3002c0s1b1n0:21061:25747 [2] NCCL INFO Connected all trees by HAO
x3002c0s1b1n0:21061:25747 [2] NCCL INFO threadThresholds 8/8/64 | 192/8/64 | 512 | 512
x3002c0s1b1n0:21061:25747 [2] NCCL INFO 4 coll channels, 4 p2p channels, 2 p2p channels per peer
x3002c0s1b1n0:21061:25883 [2] NCCL INFO Allocated 4194656 bytes of shared memory in /dev/shm/nccl-toZP8J

x3002c0s1b1n0:21061:25883 [2] NCCL INFO New proxy send connection 20 from local rank 2, transport 2
x3002c0s1b1n0:21060:25748 [1] NCCL INFO Connection to proxy localRank 1 -> connection 0x152fc0001280
x3002c0s1b1n0:21060:25912 [1] NCCL INFO transport/net.cc:376 Cuda Alloc Size 8388608 pointer 0x152fb8600000
x3002c0s1b1n0:21061:25747 [2] NCCL INFO Connection to proxy localRank 2 -> connection 0x150e0c001180
x3002c0s1b1n0:21061:25747 [2] NCCL INFO init.cc:367 Cuda Alloc Size 5168 pointer 0x150e55815600
x3002c0s1b1n0:21062:25745 [3] NCCL INFO init.cc:367 Cuda Alloc Size 5168 pointer 0x14c217e15600
x3002c0s1b1n0:21060:25748 [1] NCCL INFO init.cc:367 Cuda Alloc Size 5168 pointer 0x15300d815600
x3002c0s1b1n0:21059:25746 [0] NCCL INFO init.cc:367 Cuda Alloc Size 5168 pointer 0x14e18d815600
x3002c0s1b1n0:21062:25745 [3] NCCL INFO init.cc:392 Cuda Host Alloc Size 33554432 pointer 0x14c224400000
x3002c0s1b1n0:21062:25745 [3] NCCL INFO init.cc:398 Cuda Host Alloc Size 128 pointer 0x14c217400600
x3002c0s1b1n0:21062:25745 [3] NCCL INFO comm 0x557da0165c40 rank 15 nranks 24 cudaDev 3 busId c7000 - Init COMPLETE
x3002c0s1b1n0:21060:25748 [1] NCCL INFO init.cc:392 Cuda Host Alloc Size 33554432 pointer 0x152fb6000000
x3002c0s1b1n0:21060:25748 [1] NCCL INFO init.cc:398 Cuda Host Alloc Size 128 pointer 0x15300ce00600
x3002c0s1b1n0:21060:25748 [1] NCCL INFO comm 0x5627e1400250 rank 13 nranks 24 cudaDev 1 busId 46000 - Init COMPLETE
x3002c0s1b1n0:21059:25746 [0] NCCL INFO init.cc:392 Cuda Host Alloc Size 33554432 pointer 0x14e134000000
x3002c0s1b1n0:21059:25746 [0] NCCL INFO init.cc:398 Cuda Host Alloc Size 128 pointer 0x14e18ce00600
x3002c0s1b1n0:21059:25746 [0] NCCL INFO comm 0x556d1b78ebe0 rank 12 nranks 24 cudaDev 0 busId 7000 - Init COMPLETE
x3002c0s1b1n0:21061:25747 [2] NCCL INFO init.cc:392 Cuda Host Alloc Size 33554432 pointer 0x150dfe000000
x3002c0s1b1n0:21061:25747 [2] NCCL INFO init.cc:398 Cuda Host Alloc Size 128 pointer 0x150e54e00600
x3002c0s1b1n0:21061:25747 [2] NCCL INFO comm 0x55f4a96757d0 rank 14 nranks 24 cudaDev 2 busId 85000 - Init COMPLETE
x3002c0s1b1n0:21061:25883 [2] NCCL INFO transport/net.cc:376 Cuda Alloc Size 8388608 pointer 0x150e06c00000
[Hao INFO in ncclBroadcast (broadcast.cc)] rank 1 Broadcast: count: 3, datatype: ncclInt64, message size: 24 Bytes
x3002c0s1b1n0:21060:21060 [1] NCCL INFO Broadcast: opCount 0 sendbuff 0x152feb3ffe00 recvbuff 0x152feb3ffe00 count 24 datatype 0 op 0 root 0 comm 0x5627e1400250 [nranks=24] stream 0x5627dfa25290
x3002c0s1b1n0:21060:21060 [1] NCCL INFO misc/utils.cc:235 memory stack hunk malloc(65536)
[LYD INFO in ncclLaunchKernel (enqueue.cc)] NCHANNELS is: 4[Hao INFO in ncclBroadcast (broadcast.cc)] rank 2 Broadcast: count: 3, datatype: ncclInt64, message size: 24 Bytes
x3002c0s1b1n0:21061:21061 [2] NCCL INFO Broadcast: opCount 0 sendbuff 0x150e41fffe00 recvbuff 0x150e41fffe00 count 24 datatype 0 op 0 root 0 comm 0x55f4a96757d0 [nranks=24] stream 0x55f4a7e641e0
x3002c0s1b1n0:21061:21061 [2] NCCL INFO misc/utils.cc:235 memory stack hunk malloc(65536)
[LYD INFO in ncclLaunchKernel (enqueue.cc)] NCHANNELS is: 4[Hao INFO in ncclBroadcast (broadcast.cc)] rank 3 Broadcast: count: 3, datatype: ncclInt64, message size: 24 Bytes
x3002c0s1b1n0:21062:21062 [3] NCCL INFO Broadcast: opCount 0 sendbuff 0x14c1e5fffe00 recvbuff 0x14c1e5fffe00 count 24 datatype 0 op 0 root 0 comm 0x557da0165c40 [nranks=24] stream 0x557d9e7b7a40
x3002c0s1b1n0:21062:21062 [3] NCCL INFO misc/utils.cc:235 memory stack hunk malloc(65536)
[LYD INFO in ncclLaunchKernel (enqueue.cc)] NCHANNELS is: 4[Hao INFO in ncclBroadcast (broadcast.cc)] rank 0 Broadcast: count: 3, datatype: ncclInt64, message size: 24 Bytes
x3002c0s1b1n0:21059:21059 [0] NCCL INFO Broadcast: opCount 0 sendbuff 0x14e16dfffe00 recvbuff 0x14e16dfffe00 count 24 datatype 0 op 0 root 0 comm 0x556d1b78ebe0 [nranks=24] stream 0x556d185cb850
x3002c0s1b1n0:21059:21059 [0] NCCL INFO misc/utils.cc:235 memory stack hunk malloc(65536)
[LYD INFO in ncclLaunchKernel (enqueue.cc)] NCHANNELS is: 4
[LYD INFO in NCCL_KERN_NAME (common.h)] 12 Broadcast RING LL Sum int8_t Elapsed time: 44286 us
x3002c0s1b1n0:21059:21059 [0] NCCL INFO AllReduce: opCount 7 sendbuff 0x14e16ddfee00 recvbuff 0x14e16ddfee00 count 1 datatype 1 op 0 root 0 comm 0x556d00d86d00 [nranks=24] stream 0x556d185cb710
[LYD INFO in ncclLaunchKernel (enqueue.cc)] NCHANNELS is: 4
[LYD INFO in NCCL_KERN_NAME (common.h)] 14 Broadcast RING LL Sum int8_t Elapsed time: 224779 us
x3002c0s1b1n0:21061:21061 [2] NCCL INFO AllReduce: opCount 7 sendbuff 0x150e3fffee00 recvbuff 0x150e3fffee00 count 1 datatype 1 op 0 root 0 comm 0x55f489d6dfb0 [nranks=24] stream 0x55f4a7e640a0
[LYD INFO in ncclLaunchKernel (enqueue.cc)] NCHANNELS is: 4
[LYD INFO in NCCL_KERN_NAME (common.h)] 15 Broadcast RING LL Sum int8_t Elapsed time: 181071 us
x3002c0s1b1n0:21062:21062 [3] NCCL INFO AllReduce: opCount 7 sendbuff 0x14c1e5dfee00 recvbuff 0x14c1e5dfee00 count 1 datatype 1 op 0 root 0 comm 0x557d9b69c100 [nranks=24] stream 0x557d9e7b7900
[LYD INFO in ncclLaunchKernel (enqueue.cc)] NCHANNELS is: 4
[LYD INFO in NCCL_KERN_NAME (common.h)] 13 Broadcast RING LL Sum int8_t Elapsed time: 217500 us
x3002c0s1b1n0:21060:21060 [1] NCCL INFO AllReduce: opCount 7 sendbuff 0x152feb1fee00 recvbuff 0x152feb1fee00 count 1 datatype 1 op 0 root 0 comm 0x5627c8723900 [nranks=24] stream 0x5627dfa50d30
[LYD INFO in ncclLaunchKernel (enqueue.cc)] NCHANNELS is: 4
[LYD INFO in NCCL_KERN_NAME (common.h)] 12 AllReduce TREE LL Sum uint8_t Elapsed time: 1552224 us
x3002c0s1b1n0:21059:21059 [0] NCCL INFO AllReduce: opCount 8 sendbuff 0x14e16dfffe00 recvbuff 0x14e16dfffe00 count 1 datatype 1 op 0 root 0 comm 0x556d00d86d00 [nranks=24] stream 0x556d185cb710
[LYD INFO in ncclLaunchKernel (enqueue.cc)] NCHANNELS is: 4
[LYD INFO in NCCL_KERN_NAME (common.h)] 14 AllReduce TREE LL Sum uint8_t Elapsed time: 1563717 us
x3002c0s1b1n0:21061:21061 [2] NCCL INFO AllReduce: opCount 8 sendbuff 0x150e41fffe00 recvbuff 0x150e41fffe00 count 1 datatype 1 op 0 root 0 comm 0x55f489d6dfb0 [nranks=24] stream 0x55f4a7e640a0
[LYD INFO in ncclLaunchKernel (enqueue.cc)] NCHANNELS is: 4
[LYD INFO in NCCL_KERN_NAME (common.h)] 13 AllReduce TREE LL Sum uint8_t Elapsed time: 1523648 us

[LYD INFO in NCCL_KERN_NAME (common.h)] 15 AllReduce TREE LL Sum uint8_t Elapsed time: 1543005 us
x3002c0s1b1n0:21060:21060 [1] NCCL INFO AllReduce: opCount 8 sendbuff 0x152feb3ffe00 recvbuff 0x152feb3ffe00 count 1 datatype 1 op 0 root 0 comm 0x5627c8723900 [nranks=24] stream 0x5627dfa50d30
[LYD INFO in ncclLaunchKernel (enqueue.cc)] NCHANNELS is: 4x3002c0s1b1n0:21062:21062 [3] NCCL INFO AllReduce: opCount 8 sendbuff 0x14c1e5fffe00 recvbuff 0x14c1e5fffe00 count 1 datatype 1 op 0 root 0 comm 0x557d9b69c100 [nranks=24] stream 0x557d9e7b7900
[LYD INFO in ncclLaunchKernel (enqueue.cc)] NCHANNELS is: 4
[LYD INFO in NCCL_KERN_NAME (common.h)] 14 AllReduce TREE LL Sum uint8_t Elapsed time: 123959 us
[Hao INFO in ncclBroadcast (broadcast.cc)] rank 2 Broadcast: count: 5, datatype: ncclInt64, message size: 40 Bytes
x3002c0s1b1n0:21061:21061 [2] NCCL INFO Broadcast: opCount 1 sendbuff 0x150e41fffe00 recvbuff 0x150e41fffe00 count 40 datatype 0 op 0 root 0 comm 0x55f4a96757d0 [nranks=24] stream 0x55f4a7e641e0
[LYD INFO in ncclLaunchKernel (enqueue.cc)] NCHANNELS is: 4
[LYD INFO in NCCL_KERN_NAME (common.h)] 13 AllReduce TREE LL Sum uint8_t Elapsed time: 76996 us
[Hao INFO in ncclBroadcast (broadcast.cc)] rank 1 Broadcast: count: 5, datatype: ncclInt64, message size: 40 Bytes
x3002c0s1b1n0:21060:21060 [1] NCCL INFO Broadcast: opCount 1 sendbuff 0x152feb3ffe00 recvbuff 0x152feb3ffe00 count 40 datatype 0 op 0 root 0 comm 0x5627e1400250 [nranks=24] stream 0x5627dfa25290
[LYD INFO in ncclLaunchKernel (enqueue.cc)] NCHANNELS is: 4
[LYD INFO in NCCL_KERN_NAME (common.h)] 12 AllReduce TREE LL Sum uint8_t Elapsed time: 210951 us
[Hao INFO in ncclBroadcast (broadcast.cc)] rank 0 Broadcast: count: 5, datatype: ncclInt64, message size: 40 Bytes
x3002c0s1b1n0:21059:21059 [0] NCCL INFO Broadcast: opCount 1 sendbuff 0x14e16dfffe00 recvbuff 0x14e16dfffe00 count 40 datatype 0 op 0 root 0 comm 0x556d1b78ebe0 [nranks=24] stream 0x556d185cb850
[LYD INFO in ncclLaunchKernel (enqueue.cc)] NCHANNELS is: 4
[LYD INFO in NCCL_KERN_NAME (common.h)] 15 AllReduce TREE LL Sum uint8_t Elapsed time: 34461 us
[Hao INFO in ncclBroadcast (broadcast.cc)] rank 3 Broadcast: count: 5, datatype: ncclInt64, message size: 40 Bytes
x3002c0s1b1n0:21062:21062 [3] NCCL INFO Broadcast: opCount 1 sendbuff 0x14c1e5fffe00 recvbuff 0x14c1e5fffe00 count 40 datatype 0 op 0 root 0 comm 0x557da0165c40 [nranks=24] stream 0x557d9e7b7a40
[LYD INFO in ncclLaunchKernel (enqueue.cc)] NCHANNELS is: 4
[LYD INFO in NCCL_KERN_NAME (common.h)] 15 Broadcast RING LL Sum int8_t Elapsed time: 13885 us
[Hao INFO in ncclBroadcast (broadcast.cc)] rank 3 Broadcast: count: 65664, datatype: ncclInt64, message size: 525312 Bytes
x3002c0s1b1n0:21062:21062 [3] NCCL INFO Broadcast: opCount 2 sendbuff 0x14c1ee55fa00 recvbuff 0x14c1ee55fa00 count 525312 datatype 0 op 0 root 0 comm 0x557da0165c40 [nranks=24] stream 0x557d9e7b7a40
[LYD INFO in ncclLaunchKernel (enqueue.cc)] NCHANNELS is: 4
[LYD INFO in NCCL_KERN_NAME (common.h)] 12 Broadcast RING LL Sum int8_t Elapsed time: 44830 us
[Hao INFO in ncclBroadcast (broadcast.cc)] rank 0 Broadcast: count: 65664, datatype: ncclInt64, message size: 525312 Bytes
x3002c0s1b1n0:21059:21059 [0] NCCL INFO Broadcast: opCount 2 sendbuff 0x14e1a4f5fa00 recvbuff 0x14e1a4f5fa00 count 525312 datatype 0 op 0 root 0 comm 0x556d1b78ebe0 [nranks=24] stream 0x556d185cb850
[LYD INFO in ncclLaunchKernel (enqueue.cc)] NCHANNELS is: 4
[LYD INFO in NCCL_KERN_NAME (common.h)] 13 Broadcast RING LL Sum int8_t Elapsed time: 57874 us
[Hao INFO in ncclBroadcast (broadcast.cc)] rank 1 Broadcast: count: 65664, datatype: ncclInt64, message size: 525312 Bytes
x3002c0s1b1n0:21060:21060 [1] NCCL INFO Broadcast: opCount 2 sendbuff 0x15302375fa00 recvbuff 0x15302375fa00 count 525312 datatype 0 op 0 root 0 comm 0x5627e1400250 [nranks=24] stream 0x5627dfa25290
[LYD INFO in ncclLaunchKernel (enqueue.cc)] NCHANNELS is: 4
[LYD INFO in NCCL_KERN_NAME (common.h)] 14 Broadcast RING LL Sum int8_t Elapsed time: 71678 us
[Hao INFO in ncclBroadcast (broadcast.cc)] rank 2 Broadcast: count: 65664, datatype: ncclInt64, message size: 525312 Bytes
x3002c0s1b1n0:21061:21061 [2] NCCL INFO Broadcast: opCount 2 sendbuff 0x150e6975fa00 recvbuff 0x150e6975fa00 count 525312 datatype 0 op 0 root 0 comm 0x55f4a96757d0 [nranks=24] stream 0x55f4a7e641e0
[LYD INFO in ncclLaunchKernel (enqueue.cc)] NCHANNELS is: 4
[LYD INFO in NCCL_FUNC_NAME (common.h)] 12 Broadcast RING SIMPLE Sum int8_t Elapsed time: 45571 us

[LYD INFO in NCCL_KERN_NAME (common.h)] 12 Broadcast RING LL Sum int8_t Elapsed time: 45660 us

[LYD INFO in NCCL_FUNC_NAME (common.h)] 13 Broadcast RING SIMPLE Sum int8_t Elapsed time: 35584 us

[LYD INFO in NCCL_KERN_NAME (common.h)] 13 Broadcast RING LL Sum int8_t Elapsed time: 35698 us

[LYD INFO in NCCL_FUNC_NAME (common.h)] 14 Broadcast RING SIMPLE Sum int8_t Elapsed time: 11340 us

[LYD INFO in NCCL_KERN_NAME (common.h)] 14 Broadcast RING LL Sum int8_t Elapsed time: 11431 us

[LYD INFO in NCCL_FUNC_NAME (common.h)] 15 Broadcast RING SIMPLE Sum int8_t Elapsed time: 61344 us

[LYD INFO in NCCL_KERN_NAME (common.h)] 15 Broadcast RING LL Sum int8_t Elapsed time: 61436 us
x3002c0s1b1n0:21061:21061 [2] NCCL INFO AllReduce: opCount 3 sendbuff 0x150df4000000 recvbuff 0x150df4000000 count 78643200 datatype 6 op 0 root 0 comm 0x55f4a96757d0 [nranks=24] stream 0x55f4a7e641e0
[LYD INFO in ncclLaunchKernel (enqueue.cc)] NCHANNELS is: 4x3002c0s1b1n0:21059:21059 [0] NCCL INFO AllReduce: opCount 3 sendbuff 0x14e12a000000 recvbuff 0x14e12a000000 count 78643200 datatype 6 op 0 root 0 comm 0x556d1b78ebe0 [nranks=24] stream 0x556d185cb850
[LYD INFO in ncclLaunchKernel (enqueue.cc)] NCHANNELS is: 4x3002c0s1b1n0:21062:21062 [3] NCCL INFO AllReduce: opCount 3 sendbuff 0x14c196000000 recvbuff 0x14c196000000 count 78643200 datatype 6 op 0 root 0 comm 0x557da0165c40 [nranks=24] stream 0x557d9e7b7a40
[LYD INFO in ncclLaunchKernel (enqueue.cc)] NCHANNELS is: 4x3002c0s1b1n0:21060:21060 [1] NCCL INFO AllReduce: opCount 3 sendbuff 0x152fac000000 recvbuff 0x152fac000000 count 78643200 datatype 6 op 0 root 0 comm 0x5627e1400250 [nranks=24] stream 0x5627dfa25290
[LYD INFO in ncclLaunchKernel (enqueue.cc)] NCHANNELS is: 4
[LYD INFO in NCCL_FUNC_NAME (common.h)] 14 AllReduce RING SIMPLE Sum half Elapsed time: 292096 us

[LYD INFO in NCCL_KERN_NAME (common.h)] 14 AllReduce RING LL Sum half Elapsed time: 292198 us

[LYD INFO in NCCL_FUNC_NAME (common.h)] 15 AllReduce RING SIMPLE Sum half Elapsed time: 255667 us

[LYD INFO in NCCL_KERN_NAME (common.h)] 15 AllReduce RING LL Sum half Elapsed time: 255769 us

[LYD INFO in NCCL_FUNC_NAME (common.h)] 13 AllReduce RING SIMPLE Sum half Elapsed time: 264266 us

[LYD INFO in NCCL_KERN_NAME (common.h)] 13 AllReduce RING LL Sum half Elapsed time: 264389 us

[LYD INFO in NCCL_FUNC_NAME (common.h)] 12 AllReduce RING SIMPLE Sum half Elapsed time: 307917 us

[LYD INFO in NCCL_KERN_NAME (common.h)] 12 AllReduce RING LL Sum half Elapsed time: 308016 us
x3002c0s1b1n0:21060:21060 [1] NCCL INFO AllReduce: opCount 4 sendbuff 0x152f66000000 recvbuff 0x152f66000000 count 78643200 datatype 6 op 0 root 0 comm 0x5627e1400250 [nranks=24] stream 0x5627dfa25290
[LYD INFO in ncclLaunchKernel (enqueue.cc)] NCHANNELS is: 4x3002c0s1b1n0:21062:21062 [3] NCCL INFO AllReduce: opCount 4 sendbuff 0x14c158000000 recvbuff 0x14c158000000 count 78643200 datatype 6 op 0 root 0 comm 0x557da0165c40 [nranks=24] stream 0x557d9e7b7a40
[LYD INFO in ncclLaunchKernel (enqueue.cc)] NCHANNELS is: 4x3002c0s1b1n0:21059:21059 [0] NCCL INFO AllReduce: opCount 4 sendbuff 0x14e0e6000000 recvbuff 0x14e0e6000000 count 78643200 datatype 6 op 0 root 0 comm 0x556d1b78ebe0 [nranks=24] stream 0x556d185cb850
[LYD INFO in ncclLaunchKernel (enqueue.cc)] NCHANNELS is: 4x3002c0s1b1n0:21061:21061 [2] NCCL INFO AllReduce: opCount 4 sendbuff 0x150dae000000 recvbuff 0x150dae000000 count 78643200 datatype 6 op 0 root 0 comm 0x55f4a96757d0 [nranks=24] stream 0x55f4a7e641e0
[LYD INFO in ncclLaunchKernel (enqueue.cc)] NCHANNELS is: 4x3002c0s1b1n0:21060:21060 [1] NCCL INFO AllReduce: opCount 5 sendbuff 0x152f36000000 recvbuff 0x152f36000000 count 78643200 datatype 6 op 0 root 0 comm 0x5627e1400250 [nranks=24] stream 0x5627dfa25290
[LYD INFO in ncclLaunchKernel (enqueue.cc)] NCHANNELS is: 4x3002c0s1b1n0:21062:21062 [3] NCCL INFO AllReduce: opCount 5 sendbuff 0x14c128000000 recvbuff 0x14c128000000 count 78643200 datatype 6 op 0 root 0 comm 0x557da0165c40 [nranks=24] stream 0x557d9e7b7a40
[LYD INFO in ncclLaunchKernel (enqueue.cc)] NCHANNELS is: 4x3002c0s1b1n0:21059:21059 [0] NCCL INFO AllReduce: opCount 5 sendbuff 0x14e0b6000000 recvbuff 0x14e0b6000000 count 78643200 datatype 6 op 0 root 0 comm 0x556d1b78ebe0 [nranks=24] stream 0x556d185cb850
[LYD INFO in ncclLaunchKernel (enqueue.cc)] NCHANNELS is: 4x3002c0s1b1n0:21061:21061 [2] NCCL INFO AllReduce: opCount 5 sendbuff 0x150d7e000000 recvbuff 0x150d7e000000 count 78643200 datatype 6 op 0 root 0 comm 0x55f4a96757d0 [nranks=24] stream 0x55f4a7e641e0
[LYD INFO in ncclLaunchKernel (enqueue.cc)] NCHANNELS is: 4x3002c0s1b1n0:21060:21060 [1] NCCL INFO AllReduce: opCount 6 sendbuff 0x152f04000000 recvbuff 0x152f04000000 count 78643200 datatype 6 op 0 root 0 comm 0x5627e1400250 [nranks=24] stream 0x5627dfa25290
[LYD INFO in ncclLaunchKernel (enqueue.cc)] NCHANNELS is: 4x3002c0s1b1n0:21062:21062 [3] NCCL INFO AllReduce: opCount 6 sendbuff 0x14c0f6000000 recvbuff 0x14c0f6000000 count 78643200 datatype 6 op 0 root 0 comm 0x557da0165c40 [nranks=24] stream 0x557d9e7b7a40
[LYD INFO in ncclLaunchKernel (enqueue.cc)] NCHANNELS is: 4x3002c0s1b1n0:21059:21059 [0] NCCL INFO AllReduce: opCount 6 sendbuff 0x14e084000000 recvbuff 0x14e084000000 count 78643200 datatype 6 op 0 root 0 comm 0x556d1b78ebe0 [nranks=24] stream 0x556d185cb850
[LYD INFO in ncclLaunchKernel (enqueue.cc)] NCHANNELS is: 4x3002c0s1b1n0:21061:21061 [2] NCCL INFO AllReduce: opCount 6 sendbuff 0x150d4c000000 recvbuff 0x150d4c000000 count 78643200 datatype 6 op 0 root 0 comm 0x55f4a96757d0 [nranks=24] stream 0x55f4a7e641e0
[LYD INFO in ncclLaunchKernel (enqueue.cc)] NCHANNELS is: 4x3002c0s1b1n0:21060:21060 [1] NCCL INFO AllReduce: opCount 7 sendbuff 0x152ede000000 recvbuff 0x152ede000000 count 78643200 datatype 6 op 0 root 0 comm 0x5627e1400250 [nranks=24] stream 0x5627dfa25290
[LYD INFO in ncclLaunchKernel (enqueue.cc)] NCHANNELS is: 4x3002c0s1b1n0:21062:21062 [3] NCCL INFO AllReduce: opCount 7 sendbuff 0x14c0d0000000 recvbuff 0x14c0d0000000 count 78643200 datatype 6 op 0 root 0 comm 0x557da0165c40 [nranks=24] stream 0x557d9e7b7a40
[LYD INFO in ncclLaunchKernel (enqueue.cc)] NCHANNELS is: 4x3002c0s1b1n0:21059:21059 [0] NCCL INFO AllReduce: opCount 7 sendbuff 0x14e05e000000 recvbuff 0x14e05e000000 count 78643200 datatype 6 op 0 root 0 comm 0x556d1b78ebe0 [nranks=24] stream 0x556d185cb850
[LYD INFO in ncclLaunchKernel (enqueue.cc)] NCHANNELS is: 4x3002c0s1b1n0:21061:21061 [2] NCCL INFO AllReduce: opCount 7 sendbuff 0x150d26000000 recvbuff 0x150d26000000 count 78643200 datatype 6 op 0 root 0 comm 0x55f4a96757d0 [nranks=24] stream 0x55f4a7e641e0
[LYD INFO in ncclLaunchKernel (enqueue.cc)] NCHANNELS is: 4x3002c0s1b1n0:21060:21060 [1] NCCL INFO AllReduce: opCount 8 sendbuff 0x152eb0000000 recvbuff 0x152eb0000000 count 78643200 datatype 6 op 0 root 0 comm 0x5627e1400250 [nranks=24] stream 0x5627dfa25290
[LYD INFO in ncclLaunchKernel (enqueue.cc)] NCHANNELS is: 4x3002c0s1b1n0:21062:21062 [3] NCCL INFO AllReduce: opCount 8 sendbuff 0x14c0a2000000 recvbuff 0x14c0a2000000 count 78643200 datatype 6 op 0 root 0 comm 0x557da0165c40 [nranks=24] stream 0x557d9e7b7a40
[LYD INFO in ncclLaunchKernel (enqueue.cc)] NCHANNELS is: 4x3002c0s1b1n0:21059:21059 [0] NCCL INFO AllReduce: opCount 8 sendbuff 0x14e030000000 recvbuff 0x14e030000000 count 78643200 datatype 6 op 0 root 0 comm 0x556d1b78ebe0 [nranks=24] stream 0x556d185cb850
[LYD INFO in ncclLaunchKernel (enqueue.cc)] NCHANNELS is: 4x3002c0s1b1n0:21061:21061 [2] NCCL INFO AllReduce: opCount 8 sendbuff 0x150cf8000000 recvbuff 0x150cf8000000 count 78643200 datatype 6 op 0 root 0 comm 0x55f4a96757d0 [nranks=24] stream 0x55f4a7e641e0
[LYD INFO in ncclLaunchKernel (enqueue.cc)] NCHANNELS is: 4x3002c0s1b1n0:21060:21060 [1] NCCL INFO AllReduce: opCount 9 sendbuff 0x152e86000000 recvbuff 0x152e86000000 count 78643200 datatype 6 op 0 root 0 comm 0x5627e1400250 [nranks=24] stream 0x5627dfa25290
[LYD INFO in ncclLaunchKernel (enqueue.cc)] NCHANNELS is: 4x3002c0s1b1n0:21062:21062 [3] NCCL INFO AllReduce: opCount 9 sendbuff 0x14c078000000 recvbuff 0x14c078000000 count 78643200 datatype 6 op 0 root 0 comm 0x557da0165c40 [nranks=24] stream 0x557d9e7b7a40
[LYD INFO in ncclLaunchKernel (enqueue.cc)] NCHANNELS is: 4x3002c0s1b1n0:21059:21059 [0] NCCL INFO AllReduce: opCount 9 sendbuff 0x14e006000000 recvbuff 0x14e006000000 count 78643200 datatype 6 op 0 root 0 comm 0x556d1b78ebe0 [nranks=24] stream 0x556d185cb850
[LYD INFO in ncclLaunchKernel (enqueue.cc)] NCHANNELS is: 4x3002c0s1b1n0:21061:21061 [2] NCCL INFO AllReduce: opCount 9 sendbuff 0x150cce000000 recvbuff 0x150cce000000 count 78643200 datatype 6 op 0 root 0 comm 0x55f4a96757d0 [nranks=24] stream 0x55f4a7e641e0
[LYD INFO in ncclLaunchKernel (enqueue.cc)] NCHANNELS is: 4x3002c0s1b1n0:21060:21060 [1] NCCL INFO AllReduce: opCount a sendbuff 0x152e58000000 recvbuff 0x152e58000000 count 78643200 datatype 6 op 0 root 0 comm 0x5627e1400250 [nranks=24] stream 0x5627dfa25290
[LYD INFO in ncclLaunchKernel (enqueue.cc)] NCHANNELS is: 4x3002c0s1b1n0:21062:21062 [3] NCCL INFO AllReduce: opCount a sendbuff 0x14c04a000000 recvbuff 0x14c04a000000 count 78643200 datatype 6 op 0 root 0 comm 0x557da0165c40 [nranks=24] stream 0x557d9e7b7a40
[LYD INFO in ncclLaunchKernel (enqueue.cc)] NCHANNELS is: 4x3002c0s1b1n0:21059:21059 [0] NCCL INFO AllReduce: opCount a sendbuff 0x14dfd8000000 recvbuff 0x14dfd8000000 count 78643200 datatype 6 op 0 root 0 comm 0x556d1b78ebe0 [nranks=24] stream 0x556d185cb850
[LYD INFO in ncclLaunchKernel (enqueue.cc)] NCHANNELS is: 4x3002c0s1b1n0:21061:21061 [2] NCCL INFO AllReduce: opCount a sendbuff 0x150ca0000000 recvbuff 0x150ca0000000 count 78643200 datatype 6 op 0 root 0 comm 0x55f4a96757d0 [nranks=24] stream 0x55f4a7e641e0
[LYD INFO in ncclLaunchKernel (enqueue.cc)] NCHANNELS is: 4x3002c0s1b1n0:21060:21060 [1] NCCL INFO AllReduce: opCount b sendbuff 0x152e2e000000 recvbuff 0x152e2e000000 count 78643200 datatype 6 op 0 root 0 comm 0x5627e1400250 [nranks=24] stream 0x5627dfa25290
[LYD INFO in ncclLaunchKernel (enqueue.cc)] NCHANNELS is: 4x3002c0s1b1n0:21062:21062 [3] NCCL INFO AllReduce: opCount b sendbuff 0x14c020000000 recvbuff 0x14c020000000 count 78643200 datatype 6 op 0 root 0 comm 0x557da0165c40 [nranks=24] stream 0x557d9e7b7a40
[LYD INFO in ncclLaunchKernel (enqueue.cc)] NCHANNELS is: 4x3002c0s1b1n0:21061:21061 [2] NCCL INFO AllReduce: opCount b sendbuff 0x150c76000000 recvbuff 0x150c76000000 count 78643200 datatype 6 op 0 root 0 comm 0x55f4a96757d0 [nranks=24] stream 0x55f4a7e641e0
[LYD INFO in ncclLaunchKernel (enqueue.cc)] NCHANNELS is: 4x3002c0s1b1n0:21059:21059 [0] NCCL INFO AllReduce: opCount b sendbuff 0x14dfae000000 recvbuff 0x14dfae000000 count 78643200 datatype 6 op 0 root 0 comm 0x556d1b78ebe0 [nranks=24] stream 0x556d185cb850
[LYD INFO in ncclLaunchKernel (enqueue.cc)] NCHANNELS is: 4x3002c0s1b1n0:21060:21060 [1] NCCL INFO AllReduce: opCount c sendbuff 0x152e00000000 recvbuff 0x152e00000000 count 78643200 datatype 6 op 0 root 0 comm 0x5627e1400250 [nranks=24] stream 0x5627dfa25290
[LYD INFO in ncclLaunchKernel (enqueue.cc)] NCHANNELS is: 4x3002c0s1b1n0:21062:21062 [3] NCCL INFO AllReduce: opCount c sendbuff 0x14bff2000000 recvbuff 0x14bff2000000 count 78643200 datatype 6 op 0 root 0 comm 0x557da0165c40 [nranks=24] stream 0x557d9e7b7a40
[LYD INFO in ncclLaunchKernel (enqueue.cc)] NCHANNELS is: 4x3002c0s1b1n0:21061:21061 [2] NCCL INFO AllReduce: opCount c sendbuff 0x150c48000000 recvbuff 0x150c48000000 count 78643200 datatype 6 op 0 root 0 comm 0x55f4a96757d0 [nranks=24] stream 0x55f4a7e641e0
[LYD INFO in ncclLaunchKernel (enqueue.cc)] NCHANNELS is: 4x3002c0s1b1n0:21059:21059 [0] NCCL INFO AllReduce: opCount c sendbuff 0x14df80000000 recvbuff 0x14df80000000 count 78643200 datatype 6 op 0 root 0 comm 0x556d1b78ebe0 [nranks=24] stream 0x556d185cb850
[LYD INFO in ncclLaunchKernel (enqueue.cc)] NCHANNELS is: 4x3002c0s1b1n0:21060:21060 [1] NCCL INFO AllReduce: opCount d sendbuff 0x152dd6000000 recvbuff 0x152dd6000000 count 78643200 datatype 6 op 0 root 0 comm 0x5627e1400250 [nranks=24] stream 0x5627dfa25290
[LYD INFO in ncclLaunchKernel (enqueue.cc)] NCHANNELS is: 4x3002c0s1b1n0:21062:21062 [3] NCCL INFO AllReduce: opCount d sendbuff 0x14bfc8000000 recvbuff 0x14bfc8000000 count 78643200 datatype 6 op 0 root 0 comm 0x557da0165c40 [nranks=24] stream 0x557d9e7b7a40
[LYD INFO in ncclLaunchKernel (enqueue.cc)] NCHANNELS is: 4x3002c0s1b1n0:21061:21061 [2] NCCL INFO AllReduce: opCount d sendbuff 0x150c1e000000 recvbuff 0x150c1e000000 count 78643200 datatype 6 op 0 root 0 comm 0x55f4a96757d0 [nranks=24] stream 0x55f4a7e641e0
[LYD INFO in ncclLaunchKernel (enqueue.cc)] NCHANNELS is: 4x3002c0s1b1n0:21059:21059 [0] NCCL INFO AllReduce: opCount d sendbuff 0x14df56000000 recvbuff 0x14df56000000 count 78643200 datatype 6 op 0 root 0 comm 0x556d1b78ebe0 [nranks=24] stream 0x556d185cb850
[LYD INFO in ncclLaunchKernel (enqueue.cc)] NCHANNELS is: 4x3002c0s1b1n0:21060:21060 [1] NCCL INFO AllReduce: opCount e sendbuff 0x152da8000000 recvbuff 0x152da8000000 count 78643200 datatype 6 op 0 root 0 comm 0x5627e1400250 [nranks=24] stream 0x5627dfa25290
