x3001c0s7b0n0:36065:39423 [0] NCCL INFO transport/p2p.cc:430 Cuda Alloc Size 6291456 pointer 0x145c9ba00000
x3001c0s7b0n0:36070:39429 [1] NCCL INFO New proxy recv connection 9 from local rank 1, transport 0
x3001c0s7b0n0:36065:39291 [0] NCCL INFO Channel 03/0 : 16[7000] -> 17[46000] via P2P/IPC/read
x3001c0s7b0n0:36065:39423 [0] NCCL INFO New proxy send connection 11 from local rank 0, transport 0
x3001c0s7b0n0:36070:39287 [1] NCCL INFO Connection to proxy localRank 1 -> connection 0x152c54000ec0
x3001c0s7b0n0:36070:39429 [1] NCCL INFO transport/p2p.cc:449 Cuda Alloc Size 6291456 pointer 0x152c7ba00000
x3001c0s7b0n0:36065:39291 [0] NCCL INFO Connection to proxy localRank 0 -> connection 0x145c78000f40
x3001c0s7b0n0:36065:39423 [0] NCCL INFO transport/p2p.cc:430 Cuda Alloc Size 6291456 pointer 0x145c9da00000
x3001c0s7b0n0:36070:39429 [1] NCCL INFO New proxy recv connection 10 from local rank 1, transport 0
x3001c0s7b0n0:36070:39287 [1] NCCL INFO Connection to proxy localRank 1 -> connection 0x152c54000f00
x3001c0s7b0n0:36070:39429 [1] NCCL INFO transport/p2p.cc:449 Cuda Alloc Size 6291456 pointer 0x152c7da00000
x3001c0s7b0n0:36070:39429 [1] NCCL INFO New proxy recv connection 11 from local rank 1, transport 0
x3001c0s7b0n0:36070:39287 [1] NCCL INFO Connection to proxy localRank 1 -> connection 0x152c54000f40
x3001c0s7b0n0:36070:39429 [1] NCCL INFO transport/p2p.cc:449 Cuda Alloc Size 6291456 pointer 0x152c7fa00000
x3001c0s7b0n0:36070:39287 [1] NCCL INFO Channel 00/0 : 17[46000] -> 18[85000] via P2P/IPC/read
x3001c0s7b0n0:36070:39429 [1] NCCL INFO New proxy send connection 12 from local rank 1, transport 0
x3001c0s7b0n0:36070:39287 [1] NCCL INFO Connection to proxy localRank 1 -> connection 0x152c54000f80
x3001c0s7b0n0:36070:39429 [1] NCCL INFO transport/p2p.cc:430 Cuda Alloc Size 6291456 pointer 0x152c83400000
x3001c0s7b0n0:36070:39287 [1] NCCL INFO Channel 01/0 : 17[46000] -> 18[85000] via P2P/IPC/read
x3001c0s7b0n0:36070:39429 [1] NCCL INFO New proxy send connection 13 from local rank 1, transport 0
x3001c0s7b0n0:36070:39287 [1] NCCL INFO Connection to proxy localRank 1 -> connection 0x152c54000fc0
x3001c0s7b0n0:36070:39429 [1] NCCL INFO transport/p2p.cc:430 Cuda Alloc Size 6291456 pointer 0x152c83a00000
x3001c0s7b0n0:36070:39287 [1] NCCL INFO Channel 02/0 : 17[46000] -> 18[85000] via P2P/IPC/read
x3001c0s7b0n0:36070:39429 [1] NCCL INFO New proxy send connection 14 from local rank 1, transport 0
x3001c0s7b0n0:36070:39287 [1] NCCL INFO Connection to proxy localRank 1 -> connection 0x152c54001000
x3001c0s7b0n0:36070:39429 [1] NCCL INFO transport/p2p.cc:430 Cuda Alloc Size 6291456 pointer 0x152c85a00000
x3001c0s7b0n0:36070:39287 [1] NCCL INFO Channel 03/0 : 17[46000] -> 18[85000] via P2P/IPC/read
x3001c0s7b0n0:36070:39429 [1] NCCL INFO New proxy send connection 15 from local rank 1, transport 0
x3001c0s7b0n0:36070:39287 [1] NCCL INFO Connection to proxy localRank 1 -> connection 0x152c54001040
x3001c0s7b0n0:36070:39429 [1] NCCL INFO transport/p2p.cc:430 Cuda Alloc Size 6291456 pointer 0x152c87a00000
x3001c0s7b0n0:36070:39287 [1] NCCL INFO GPU Direct RDMA Disabled for GPU 46000 / HCA 1 (distance 6 > 4)
x3001c0s7b0n0:36070:39429 [1] NCCL INFO New proxy recv connection 16 from local rank 1, transport 2
x3001c0s7b0n0:36065:39291 [0] NCCL INFO GPU Direct RDMA Disabled for GPU 7000 / HCA 1 (distance 7 > 4)
x3001c0s7b0n0:36065:39423 [0] NCCL INFO Allocated 4194656 bytes of shared memory in /dev/shm/nccl-tbMJxe

x3001c0s7b0n0:36065:39423 [0] NCCL INFO New proxy recv connection 12 from local rank 0, transport 2
x3001c0s7b0n0:36075:39433 [2] NCCL INFO New proxy recv connection 12 from local rank 2, transport 0
x3001c0s7b0n0:36065:39291 [0] NCCL INFO Connection to proxy localRank 0 -> connection 0x145c78000f80
x3001c0s7b0n0:36075:39290 [2] NCCL INFO Connection to proxy localRank 2 -> connection 0x14c880000f80
x3001c0s7b0n0:36075:39433 [2] NCCL INFO transport/p2p.cc:449 Cuda Alloc Size 6291456 pointer 0x14c8b5400000
x3001c0s7b0n0:36070:39287 [1] NCCL INFO Connection to proxy localRank 1 -> connection 0x152c54001080
x3001c0s7b0n0:36065:39291 [0] NCCL INFO Channel 02/0 : 12[7000] -> 16[7000] [receive] via NET/IB/1
x3001c0s7b0n0:36065:39291 [0] NCCL INFO GPU Direct RDMA Disabled for GPU 7000 / HCA 0 (distance 7 > 4)
x3001c0s7b0n0:36065:39423 [0] NCCL INFO New proxy recv connection 13 from local rank 0, transport 2
x3001c0s7b0n0:36075:39433 [2] NCCL INFO New proxy recv connection 13 from local rank 2, transport 0
x3001c0s7b0n0:36070:39287 [1] NCCL INFO Channel 00/0 : 8[7000] -> 17[46000] [receive] via NET/IB/1
x3001c0s7b0n0:36070:39287 [1] NCCL INFO GPU Direct RDMA Disabled for GPU 46000 / HCA 0 (distance 7 > 4)
x3001c0s7b0n0:36070:39429 [1] NCCL INFO New proxy recv connection 17 from local rank 1, transport 2
x3001c0s7b0n0:36070:39287 [1] NCCL INFO Connection to proxy localRank 1 -> connection 0x152c540010c0
x3001c0s7b0n0:36075:39290 [2] NCCL INFO Connection to proxy localRank 2 -> connection 0x14c880000fc0
x3001c0s7b0n0:36075:39433 [2] NCCL INFO transport/p2p.cc:449 Cuda Alloc Size 6291456 pointer 0x14c8b5a00000
x3001c0s7b0n0:36065:39291 [0] NCCL INFO Connection to proxy localRank 0 -> connection 0x145c78000fc0
x3001c0s7b0n0:36070:39287 [1] NCCL INFO Channel 01/0 : 8[7000] -> 17[46000] [receive] via NET/IB/0
x3001c0s7b0n0:36075:39433 [2] NCCL INFO New proxy recv connection 14 from local rank 2, transport 0
x3001c0s7b0n0:36065:39291 [0] NCCL INFO Channel 03/0 : 12[7000] -> 16[7000] [receive] via NET/IB/0
x3001c0s7b0n0:36065:39291 [0] NCCL INFO GPU Direct RDMA Disabled for GPU 7000 / HCA 1 (distance 7 > 4)
x3001c0s7b0n0:36065:39423 [0] NCCL INFO New proxy send connection 14 from local rank 0, transport 2
x3001c0s7b0n0:36075:39290 [2] NCCL INFO Connection to proxy localRank 2 -> connection 0x14c880001000
x3001c0s7b0n0:36075:39433 [2] NCCL INFO transport/p2p.cc:449 Cuda Alloc Size 6291456 pointer 0x14c8b7a00000
x3001c0s7b0n0:36065:39291 [0] NCCL INFO Connection to proxy localRank 0 -> connection 0x145c78001000
x3001c0s7b0n0:36065:39291 [0] NCCL INFO Channel 00/0 : 16[7000] -> 0[7000] [send] via NET/IB/1
x3001c0s7b0n0:36065:39291 [0] NCCL INFO GPU Direct RDMA Disabled for GPU 7000 / HCA 0 (distance 7 > 4)
x3001c0s7b0n0:36065:39423 [0] NCCL INFO New proxy send connection 15 from local rank 0, transport 2
x3001c0s7b0n0:36075:39433 [2] NCCL INFO New proxy recv connection 15 from local rank 2, transport 0
x3001c0s7b0n0:36065:39291 [0] NCCL INFO Connection to proxy localRank 0 -> connection 0x145c78001040
x3001c0s7b0n0:36065:39291 [0] NCCL INFO Channel 01/0 : 16[7000] -> 0[7000] [send] via NET/IB/0
x3001c0s7b0n0:36075:39290 [2] NCCL INFO Connection to proxy localRank 2 -> connection 0x14c880001040
x3001c0s7b0n0:36075:39433 [2] NCCL INFO transport/p2p.cc:449 Cuda Alloc Size 6291456 pointer 0x14c8b9a00000
x3001c0s7b0n0:36075:39290 [2] NCCL INFO Channel 00/0 : 18[85000] -> 17[46000] via P2P/IPC/read
x3001c0s7b0n0:36075:39433 [2] NCCL INFO New proxy send connection 16 from local rank 2, transport 0
x3001c0s7b0n0:36075:39290 [2] NCCL INFO Connection to proxy localRank 2 -> connection 0x14c880001080
x3001c0s7b0n0:36065:39423 [0] NCCL INFO transport/net_ib.cc:596 Ib Alloc Size 26560 pointer 0x145c78024000
x3001c0s7b0n0:36065:39423 [0] NCCL INFO NET/IB: Dev 1 Port 1 qpn 29189 mtu 5 GID 0 (80FE/6E0000FEFF000000)
x3001c0s7b0n0:36065:39423 [0] NCCL INFO transport/net_ib.cc:653 Ib Alloc Size 552 pointer 0x145c7803c000
x3001c0s7b0n0:36065:39423 [0] NCCL INFO transport/net.cc:571 Cuda Host Alloc Size 9641984 pointer 0x145ca9400000
x3001c0s7b0n0:36065:39423 [0] NCCL INFO transport/net_ib.cc:596 Ib Alloc Size 26560 pointer 0x145c7803e000
x3001c0s7b0n0:36075:39433 [2] NCCL INFO transport/p2p.cc:430 Cuda Alloc Size 6291456 pointer 0x14c8bb400000
x3001c0s7b0n0:36065:39423 [0] NCCL INFO NET/IB: Dev 0 Port 1 qpn 30166 mtu 5 GID 0 (80FE/2E0000FEFF000000)
x3001c0s7b0n0:36065:39423 [0] NCCL INFO transport/net_ib.cc:653 Ib Alloc Size 552 pointer 0x145c78055000
x3001c0s7b0n0:36065:39423 [0] NCCL INFO transport/net.cc:571 Cuda Host Alloc Size 9641984 pointer 0x145caf400000
x3001c0s7b0n0:36065:39423 [0] NCCL INFO transport/net_ib.cc:683 Ib Alloc Size 21688 pointer 0x145c78057000
x3001c0s7b0n0:36065:39423 [0] NCCL INFO transport/net_ib.cc:696 Ib Alloc Size 552 pointer 0x145c7805e000
x3001c0s7b0n0:36065:39423 [0] NCCL INFO transport/net_ib.cc:771 Ib Alloc Size 552 pointer 0x145c7807a000
x3001c0s7b0n0:36065:39423 [0] NCCL INFO transport/net.cc:698 Cuda Host Alloc Size 9641984 pointer 0x145cb5400000
x3001c0s7b0n0:36075:39290 [2] NCCL INFO Channel 01/0 : 18[85000] -> 17[46000] via P2P/IPC/read
x3001c0s7b0n0:36075:39433 [2] NCCL INFO New proxy send connection 17 from local rank 2, transport 0
x3001c0s7b0n0:36075:39290 [2] NCCL INFO Connection to proxy localRank 2 -> connection 0x14c8800010c0
x3001c0s7b0n0:36075:39433 [2] NCCL INFO transport/p2p.cc:430 Cuda Alloc Size 6291456 pointer 0x14c8bba00000
x3001c0s7b0n0:36075:39290 [2] NCCL INFO Channel 02/0 : 18[85000] -> 17[46000] via P2P/IPC/read
x3001c0s7b0n0:36065:39423 [0] NCCL INFO transport/net_ib.cc:683 Ib Alloc Size 21688 pointer 0x145c7807c000
x3001c0s7b0n0:36065:39423 [0] NCCL INFO transport/net_ib.cc:696 Ib Alloc Size 552 pointer 0x145c78083000
x3001c0s7b0n0:36065:39423 [0] NCCL INFO transport/net_ib.cc:771 Ib Alloc Size 552 pointer 0x145c7809e000
x3001c0s7b0n0:36065:39423 [0] NCCL INFO transport/net.cc:698 Cuda Host Alloc Size 9641984 pointer 0x145cbb400000
x3001c0s7b0n0:36075:39433 [2] NCCL INFO New proxy send connection 18 from local rank 2, transport 0
x3001c0s7b0n0:36075:39290 [2] NCCL INFO Connection to proxy localRank 2 -> connection 0x14c880001100
x3001c0s7b0n0:36075:39433 [2] NCCL INFO transport/p2p.cc:430 Cuda Alloc Size 6291456 pointer 0x14c8bda00000
x3001c0s7b0n0:36065:39291 [0] NCCL INFO GPU Direct RDMA Disabled for GPU 7000 / HCA 1 (distance 7 > 4)
x3001c0s7b0n0:36065:39423 [0] NCCL INFO New proxy recv connection 16 from local rank 0, transport 2
x3001c0s7b0n0:36065:39291 [0] NCCL INFO Connection to proxy localRank 0 -> connection 0x145c78001080
x3001c0s7b0n0:36075:39290 [2] NCCL INFO Channel 03/0 : 18[85000] -> 17[46000] via P2P/IPC/read
x3001c0s7b0n0:36075:39433 [2] NCCL INFO New proxy send connection 19 from local rank 2, transport 0
x3001c0s7b0n0:36065:39291 [0] NCCL INFO Channel 00/0 : 0[7000] -> 16[7000] [receive] via NET/IB/1
x3001c0s7b0n0:36065:39291 [0] NCCL INFO GPU Direct RDMA Disabled for GPU 7000 / HCA 0 (distance 7 > 4)
x3001c0s7b0n0:36065:39423 [0] NCCL INFO New proxy recv connection 17 from local rank 0, transport 2
x3001c0s7b0n0:36065:39291 [0] NCCL INFO Connection to proxy localRank 0 -> connection 0x145c780010c0
x3001c0s7b0n0:36075:39290 [2] NCCL INFO Connection to proxy localRank 2 -> connection 0x14c880001140
x3001c0s7b0n0:36075:39433 [2] NCCL INFO transport/p2p.cc:430 Cuda Alloc Size 6291456 pointer 0x14c8bfa00000
x3001c0s7b0n0:36065:39291 [0] NCCL INFO Channel 01/0 : 0[7000] -> 16[7000] [receive] via NET/IB/0
x3001c0s7b0n0:36065:39291 [0] NCCL INFO GPU Direct RDMA Disabled for GPU 7000 / HCA 1 (distance 7 > 4)
x3001c0s7b0n0:36065:39423 [0] NCCL INFO New proxy send connection 18 from local rank 0, transport 2
x3001c0s7b0n0:36065:39291 [0] NCCL INFO Connection to proxy localRank 0 -> connection 0x145c78001100
x3001c0s7b0n0:36065:39291 [0] NCCL INFO Channel 02/0 : 16[7000] -> 12[7000] [send] via NET/IB/1
x3001c0s7b0n0:36065:39291 [0] NCCL INFO GPU Direct RDMA Disabled for GPU 7000 / HCA 0 (distance 7 > 4)
x3001c0s7b0n0:36065:39423 [0] NCCL INFO New proxy send connection 19 from local rank 0, transport 2
x3001c0s7b0n0:36079:39292 [3] NCCL INFO Connected all trees by HAO
x3001c0s7b0n0:36079:39292 [3] NCCL INFO threadThresholds 8/8/64 | 160/8/64 | 512 | 512
x3001c0s7b0n0:36079:39292 [3] NCCL INFO 4 coll channels, 4 p2p channels, 2 p2p channels per peer
x3001c0s7b0n0:36079:39434 [3] NCCL INFO New proxy send connection 12 from local rank 3, transport 2
x3001c0s7b0n0:36079:39292 [3] NCCL INFO Connection to proxy localRank 3 -> connection 0x150154000f80
x3001c0s7b0n0:36079:39434 [3] NCCL INFO transport/net.cc:376 Cuda Alloc Size 8388608 pointer 0x15018f400000
x3001c0s7b0n0:36065:39291 [0] NCCL INFO Connection to proxy localRank 0 -> connection 0x145c78001140
x3001c0s7b0n0:36065:39291 [0] NCCL INFO Channel 03/0 : 16[7000] -> 12[7000] [send] via NET/IB/0
x3001c0s7b0n0:36070:39429 [1] NCCL INFO transport/net_ib.cc:683 Ib Alloc Size 21688 pointer 0x152c540b9000
x3001c0s7b0n0:36070:39429 [1] NCCL INFO transport/net_ib.cc:696 Ib Alloc Size 552 pointer 0x152c540c0000
x3001c0s7b0n0:36070:39429 [1] NCCL INFO transport/net_ib.cc:771 Ib Alloc Size 552 pointer 0x152c540dd000
x3001c0s7b0n0:36070:39429 [1] NCCL INFO transport/net.cc:698 Cuda Host Alloc Size 9641984 pointer 0x152c95400000
x3001c0s7b0n0:36070:39429 [1] NCCL INFO transport/net_ib.cc:683 Ib Alloc Size 21688 pointer 0x152c540df000
x3001c0s7b0n0:36070:39429 [1] NCCL INFO transport/net_ib.cc:696 Ib Alloc Size 552 pointer 0x152c540e6000
x3001c0s7b0n0:36070:39429 [1] NCCL INFO transport/net_ib.cc:771 Ib Alloc Size 552 pointer 0x152c54101000
x3001c0s7b0n0:36070:39429 [1] NCCL INFO transport/net.cc:698 Cuda Host Alloc Size 9641984 pointer 0x152c9d400000
x3001c0s7b0n0:36070:39287 [1] NCCL INFO GPU Direct RDMA Disabled for GPU 46000 / HCA 1 (distance 6 > 4)
x3001c0s7b0n0:36070:39429 [1] NCCL INFO New proxy send connection 18 from local rank 1, transport 2
x3001c0s7b0n0:36070:39287 [1] NCCL INFO Connection to proxy localRank 1 -> connection 0x152c54001100
x3001c0s7b0n0:36070:39287 [1] NCCL INFO Channel 00/0 : 17[46000] -> 8[7000] [send] via NET/IB/1
x3001c0s7b0n0:36070:39287 [1] NCCL INFO GPU Direct RDMA Disabled for GPU 46000 / HCA 0 (distance 7 > 4)
x3001c0s7b0n0:36070:39429 [1] NCCL INFO New proxy send connection 19 from local rank 1, transport 2
x3001c0s7b0n0:36070:39287 [1] NCCL INFO Connection to proxy localRank 1 -> connection 0x152c54001140
x3001c0s7b0n0:36070:39287 [1] NCCL INFO Channel 01/0 : 17[46000] -> 8[7000] [send] via NET/IB/0
x3001c0s7b0n0:36070:39429 [1] NCCL INFO transport/net_ib.cc:596 Ib Alloc Size 26560 pointer 0x152c5410d000
x3001c0s7b0n0:36070:39429 [1] NCCL INFO NET/IB: Dev 1 Port 1 qpn 29194 mtu 5 GID 0 (80FE/6E0000FEFF000000)
x3001c0s7b0n0:36070:39429 [1] NCCL INFO transport/net_ib.cc:653 Ib Alloc Size 552 pointer 0x152c54124000
x3001c0s7b0n0:36070:39429 [1] NCCL INFO transport/net.cc:571 Cuda Host Alloc Size 9641984 pointer 0x152ca3400000
x3001c0s7b0n0:36070:39429 [1] NCCL INFO transport/net_ib.cc:596 Ib Alloc Size 26560 pointer 0x152c54126000
x3001c0s7b0n0:36070:39429 [1] NCCL INFO NET/IB: Dev 0 Port 1 qpn 30171 mtu 5 GID 0 (80FE/2E0000FEFF000000)
x3001c0s7b0n0:36070:39429 [1] NCCL INFO transport/net_ib.cc:653 Ib Alloc Size 552 pointer 0x152c5413d000
x3001c0s7b0n0:36070:39429 [1] NCCL INFO transport/net.cc:571 Cuda Host Alloc Size 9641984 pointer 0x152ca9400000
x3001c0s7b0n0:36070:39429 [1] NCCL INFO New proxy recv connection 20 from local rank 1, transport 0
x3001c0s7b0n0:36070:39287 [1] NCCL INFO Connection to proxy localRank 1 -> connection 0x152c54001180
x3001c0s7b0n0:36070:39429 [1] NCCL INFO transport/p2p.cc:449 Cuda Alloc Size 6291456 pointer 0x152c97a00000
x3001c0s7b0n0:36070:39429 [1] NCCL INFO New proxy recv connection 21 from local rank 1, transport 0
x3001c0s7b0n0:36070:39287 [1] NCCL INFO Connection to proxy localRank 1 -> connection 0x152c540011c0
x3001c0s7b0n0:36070:39429 [1] NCCL INFO transport/p2p.cc:449 Cuda Alloc Size 6291456 pointer 0x152c99a00000
x3001c0s7b0n0:36070:39429 [1] NCCL INFO New proxy recv connection 22 from local rank 1, transport 0
x3001c0s7b0n0:36070:39287 [1] NCCL INFO Connection to proxy localRank 1 -> connection 0x152c54001200
x3001c0s7b0n0:36070:39429 [1] NCCL INFO transport/p2p.cc:449 Cuda Alloc Size 6291456 pointer 0x152c9fa00000
x3001c0s7b0n0:36070:39429 [1] NCCL INFO New proxy recv connection 23 from local rank 1, transport 0
x3001c0s7b0n0:36070:39287 [1] NCCL INFO Connection to proxy localRank 1 -> connection 0x152c54001240
x3001c0s7b0n0:36070:39429 [1] NCCL INFO transport/p2p.cc:449 Cuda Alloc Size 6291456 pointer 0x152ca1a00000
x3001c0s7b0n0:36070:39287 [1] NCCL INFO Connected all trees by HAO
x3001c0s7b0n0:36070:39287 [1] NCCL INFO threadThresholds 8/8/64 | 160/8/64 | 512 | 512
x3001c0s7b0n0:36070:39287 [1] NCCL INFO 4 coll channels, 4 p2p channels, 2 p2p channels per peer
x3001c0s7b0n0:36070:39429 [1] NCCL INFO New proxy send connection 24 from local rank 1, transport 2
x3001c0s7b0n0:36075:39290 [2] NCCL INFO Connected all trees by HAO
x3001c0s7b0n0:36075:39290 [2] NCCL INFO threadThresholds 8/8/64 | 160/8/64 | 512 | 512
x3001c0s7b0n0:36075:39290 [2] NCCL INFO 4 coll channels, 4 p2p channels, 2 p2p channels per peer
x3001c0s7b0n0:36065:39423 [0] NCCL INFO transport/net_ib.cc:596 Ib Alloc Size 26560 pointer 0x145c780b2000
x3001c0s7b0n0:36075:39433 [2] NCCL INFO Allocated 4194656 bytes of shared memory in /dev/shm/nccl-U8BXk2

x3001c0s7b0n0:36075:39433 [2] NCCL INFO New proxy send connection 20 from local rank 2, transport 2
x3001c0s7b0n0:36065:39423 [0] NCCL INFO NET/IB: Dev 1 Port 1 qpn 29195 mtu 5 GID 0 (80FE/6E0000FEFF000000)
x3001c0s7b0n0:36065:39423 [0] NCCL INFO transport/net_ib.cc:653 Ib Alloc Size 552 pointer 0x145c780c9000
x3001c0s7b0n0:36065:39423 [0] NCCL INFO transport/net.cc:571 Cuda Host Alloc Size 9641984 pointer 0x145cc3400000
x3001c0s7b0n0:36065:39423 [0] NCCL INFO transport/net_ib.cc:596 Ib Alloc Size 26560 pointer 0x145c780cb000
x3001c0s7b0n0:36075:39290 [2] NCCL INFO Connection to proxy localRank 2 -> connection 0x14c880001180
x3001c0s7b0n0:36075:39433 [2] NCCL INFO transport/net.cc:376 Cuda Alloc Size 8388608 pointer 0x14c8cf400000
x3001c0s7b0n0:36070:39287 [1] NCCL INFO Connection to proxy localRank 1 -> connection 0x152c54001280
x3001c0s7b0n0:36070:39429 [1] NCCL INFO transport/net.cc:376 Cuda Alloc Size 8388608 pointer 0x152caf400000
x3001c0s7b0n0:36065:39423 [0] NCCL INFO NET/IB: Dev 0 Port 1 qpn 30172 mtu 5 GID 0 (80FE/2E0000FEFF000000)
x3001c0s7b0n0:36065:39423 [0] NCCL INFO transport/net_ib.cc:653 Ib Alloc Size 552 pointer 0x145c780e2000
x3001c0s7b0n0:36065:39423 [0] NCCL INFO transport/net.cc:571 Cuda Host Alloc Size 9641984 pointer 0x145cc9400000
x3001c0s7b0n0:36065:39423 [0] NCCL INFO transport/net_ib.cc:683 Ib Alloc Size 21688 pointer 0x145c780e4000
x3001c0s7b0n0:36065:39423 [0] NCCL INFO transport/net_ib.cc:696 Ib Alloc Size 552 pointer 0x145c780eb000
x3001c0s7b0n0:36065:39423 [0] NCCL INFO transport/net_ib.cc:771 Ib Alloc Size 552 pointer 0x145c78107000
x3001c0s7b0n0:36065:39423 [0] NCCL INFO transport/net.cc:698 Cuda Host Alloc Size 9641984 pointer 0x145ccf400000
x3001c0s7b0n0:36065:39423 [0] NCCL INFO transport/net_ib.cc:683 Ib Alloc Size 21688 pointer 0x145c78109000
x3001c0s7b0n0:36065:39423 [0] NCCL INFO transport/net_ib.cc:696 Ib Alloc Size 552 pointer 0x145c78110000
x3001c0s7b0n0:36065:39423 [0] NCCL INFO transport/net_ib.cc:771 Ib Alloc Size 552 pointer 0x145c7812b000
x3001c0s7b0n0:36065:39423 [0] NCCL INFO transport/net.cc:698 Cuda Host Alloc Size 9641984 pointer 0x145cd5400000
x3001c0s7b0n0:36065:39291 [0] NCCL INFO Connected all trees by HAO
x3001c0s7b0n0:36065:39291 [0] NCCL INFO threadThresholds 8/8/64 | 160/8/64 | 512 | 512
x3001c0s7b0n0:36065:39291 [0] NCCL INFO 4 coll channels, 4 p2p channels, 2 p2p channels per peer
x3001c0s7b0n0:36065:39423 [0] NCCL INFO New proxy send connection 20 from local rank 0, transport 2
x3001c0s7b0n0:36065:39291 [0] NCCL INFO Connection to proxy localRank 0 -> connection 0x145c78001180
x3001c0s7b0n0:36065:39291 [0] NCCL INFO init.cc:367 Cuda Alloc Size 5168 pointer 0x145ea3812600
x3001c0s7b0n0:36075:39290 [2] NCCL INFO init.cc:367 Cuda Alloc Size 5168 pointer 0x14cab5812600
x3001c0s7b0n0:36070:39287 [1] NCCL INFO init.cc:367 Cuda Alloc Size 5168 pointer 0x152e89812600
x3001c0s7b0n0:36079:39292 [3] NCCL INFO init.cc:367 Cuda Alloc Size 5168 pointer 0x150381812600
x3001c0s7b0n0:36075:39290 [2] NCCL INFO init.cc:392 Cuda Host Alloc Size 33554432 pointer 0x14c87e000000
x3001c0s7b0n0:36075:39290 [2] NCCL INFO init.cc:398 Cuda Host Alloc Size 128 pointer 0x14cab4e00600
x3001c0s7b0n0:36075:39290 [2] NCCL INFO comm 0x5569f48957a0 rank 18 nranks 20 cudaDev 2 busId 85000 - Init COMPLETE
x3001c0s7b0n0:36079:39292 [3] NCCL INFO init.cc:392 Cuda Host Alloc Size 33554432 pointer 0x150152000000
x3001c0s7b0n0:36079:39292 [3] NCCL INFO init.cc:398 Cuda Host Alloc Size 128 pointer 0x150380e00600
x3001c0s7b0n0:36079:39292 [3] NCCL INFO comm 0x5609c6b58200 rank 19 nranks 20 cudaDev 3 busId c7000 - Init COMPLETE
x3001c0s7b0n0:36075:36075 [2] NCCL INFO AllReduce: opCount 0 sendbuff 0x14caf7600400 recvbuff 0x14caf7600400 count 1 datatype 4 op 0 root 0 comm 0x5569f48957a0 [nranks=20] stream 0x5569f2b7cfe0
x3001c0s7b0n0:36075:36075 [2] NCCL INFO misc/utils.cc:235 memory stack hunk malloc(65536)
[LYD INFO in ncclLaunchKernel (enqueue.cc)] NCHANNELS is: 4NCCL version 2.14.3+cuda11.8
x3001c0s7b0n0:36075:36075 [2] NCCL INFO init.cc:1147 Cuda Host Alloc Size 4 pointer 0x14cab4e00800
x3001c0s7b0n0:36070:39287 [1] NCCL INFO init.cc:392 Cuda Host Alloc Size 33554432 pointer 0x152c52000000
x3001c0s7b0n0:36070:39287 [1] NCCL INFO init.cc:398 Cuda Host Alloc Size 128 pointer 0x152e88e00600
x3001c0s7b0n0:36070:39287 [1] NCCL INFO comm 0x5578fefb4720 rank 17 nranks 20 cudaDev 1 busId 46000 - Init COMPLETE
x3001c0s7b0n0:36079:36079 [3] NCCL INFO AllReduce: opCount 0 sendbuff 0x1503c3600400 recvbuff 0x1503c3600400 count 1 datatype 4 op 0 root 0 comm 0x5609c6b58200 [nranks=20] stream 0x5609c3884090
x3001c0s7b0n0:36079:36079 [3] NCCL INFO misc/utils.cc:235 memory stack hunk malloc(65536)
[LYD INFO in ncclLaunchKernel (enqueue.cc)] NCHANNELS is: 4NCCL version 2.14.3+cuda11.8
x3001c0s7b0n0:36079:36079 [3] NCCL INFO init.cc:1147 Cuda Host Alloc Size 4 pointer 0x150380e00800
x3001c0s7b0n0:36065:39291 [0] NCCL INFO init.cc:392 Cuda Host Alloc Size 33554432 pointer 0x145c72000000
x3001c0s7b0n0:36065:39291 [0] NCCL INFO init.cc:398 Cuda Host Alloc Size 128 pointer 0x145ea2e00600
x3001c0s7b0n0:36065:39291 [0] NCCL INFO comm 0x55936f0e2560 rank 16 nranks 20 cudaDev 0 busId 7000 - Init COMPLETE
x3001c0s7b0n0:36065:39423 [0] NCCL INFO transport/net.cc:376 Cuda Alloc Size 8388608 pointer 0x145cdd400000
x3001c0s7b0n0:36070:36070 [1] NCCL INFO AllReduce: opCount 0 sendbuff 0x152ec7600400 recvbuff 0x152ec7600400 count 1 datatype 4 op 0 root 0 comm 0x5578fefb4720 [nranks=20] stream 0x5578fbe091d0
x3001c0s7b0n0:36070:36070 [1] NCCL INFO misc/utils.cc:235 memory stack hunk malloc(65536)
[LYD INFO in ncclLaunchKernel (enqueue.cc)] NCHANNELS is: 4NCCL version 2.14.3+cuda11.8
x3001c0s7b0n0:36070:36070 [1] NCCL INFO init.cc:1147 Cuda Host Alloc Size 4 pointer 0x152e88e00800
x3001c0s7b0n0:36075:39725 [2] NCCL INFO Using network IB
x3001c0s7b0n0:36079:39727 [3] NCCL INFO Using network IB
x3001c0s7b0n0:36065:36065 [0] NCCL INFO AllReduce: opCount 0 sendbuff 0x145ee3600400 recvbuff 0x145ee3600400 count 1 datatype 4 op 0 root 0 comm 0x55936f0e2560 [nranks=20] stream 0x55936c246390
x3001c0s7b0n0:36065:36065 [0] NCCL INFO misc/utils.cc:235 memory stack hunk malloc(65536)
[LYD INFO in ncclLaunchKernel (enqueue.cc)] NCHANNELS is: 4NCCL version 2.14.3+cuda11.8
x3001c0s7b0n0:36065:36065 [0] NCCL INFO init.cc:1147 Cuda Host Alloc Size 4 pointer 0x145ea2e00800
x3001c0s7b0n0:36065:39735 [0] NCCL INFO Using network IB
x3001c0s7b0n0:36070:39732 [1] NCCL INFO Using network IB
x3001c0s7b0n0:36075:39725 [2] NCCL INFO NET/IB : GPU Direct RDMA Enabled for HCA 0 'mlx5_0'
x3001c0s7b0n0:36075:39725 [2] NCCL INFO NET/IB : GPU Direct RDMA Enabled for HCA 1 'mlx5_1'
x3001c0s7b0n0:36075:39725 [2] NCCL INFO GPU Direct RDMA Disabled for GPU 85000 / HCA 0 (distance 7 > 4)
x3001c0s7b0n0:36075:39725 [2] NCCL INFO GPU Direct RDMA Disabled for GPU 85000 / HCA 1 (distance 7 > 4)
x3001c0s7b0n0:36075:39725 [2] NCCL INFO === System : maxBw 5000.0 totalBw 0.0 ===
x3001c0s7b0n0:36075:39725 [2] NCCL INFO CPU/1 (1/2/-1)
x3001c0s7b0n0:36075:39725 [2] NCCL INFO + SYS[5000.0] - CPU/0
x3001c0s7b0n0:36075:39725 [2] NCCL INFO + SYS[5000.0] - CPU/2
x3001c0s7b0n0:36075:39725 [2] NCCL INFO + PCI[24.0] - PCI/83000 (11f8406811f8beef)
x3001c0s7b0n0:36075:39725 [2] NCCL INFO               + PCI[24.0] - GPU/85000 (0)
x3001c0s7b0n0:36075:39725 [2] NCCL INFO CPU/0 (1/2/-1)
x3001c0s7b0n0:36075:39725 [2] NCCL INFO + SYS[5000.0] - CPU/1
x3001c0s7b0n0:36075:39725 [2] NCCL INFO + SYS[5000.0] - CPU/2
x3001c0s7b0n0:36075:39725 [2] NCCL INFO + PCI[12.0] - NIC/C8000
x3001c0s7b0n0:36075:39725 [2] NCCL INFO CPU/2 (1/2/-1)
x3001c0s7b0n0:36075:39725 [2] NCCL INFO + SYS[5000.0] - CPU/1
x3001c0s7b0n0:36075:39725 [2] NCCL INFO + SYS[5000.0] - CPU/0
x3001c0s7b0n0:36075:39725 [2] NCCL INFO + PCI[12.0] - NIC/43000
x3001c0s7b0n0:36075:39725 [2] NCCL INFO ==========================================
x3001c0s7b0n0:36075:39725 [2] NCCL INFO GPU/85000 :GPU/85000 (0/5000.000000/LOC) CPU/1 (2/24.000000/PHB) CPU/0 (3/24.000000/SYS) CPU/2 (3/24.000000/SYS) 
x3001c0s7b0n0:36075:39725 [2] NCCL INFO Pattern 4, crossNic 0, nChannels 16, bw 44.000000/44.000000, type LOC/PIX, sameChannels 1
x3001c0s7b0n0:36075:39725 [2] NCCL INFO  0 : GPU/0
x3001c0s7b0n0:36075:39725 [2] NCCL INFO  1 : GPU/0
x3001c0s7b0n0:36075:39725 [2] NCCL INFO  2 : GPU/0
x3001c0s7b0n0:36075:39725 [2] NCCL INFO  3 : GPU/0
x3001c0s7b0n0:36075:39725 [2] NCCL INFO  4 : GPU/0
x3001c0s7b0n0:36075:39725 [2] NCCL INFO  5 : GPU/0
x3001c0s7b0n0:36075:39725 [2] NCCL INFO  6 : GPU/0
x3001c0s7b0n0:36075:39725 [2] NCCL INFO  7 : GPU/0
x3001c0s7b0n0:36075:39725 [2] NCCL INFO  8 : GPU/0
x3001c0s7b0n0:36075:39725 [2] NCCL INFO  9 : GPU/0
x3001c0s7b0n0:36075:39725 [2] NCCL INFO 10 : GPU/0
x3001c0s7b0n0:36075:39725 [2] NCCL INFO 11 : GPU/0
x3001c0s7b0n0:36075:39725 [2] NCCL INFO 12 : GPU/0
x3001c0s7b0n0:36075:39725 [2] NCCL INFO 13 : GPU/0
x3001c0s7b0n0:36075:39725 [2] NCCL INFO 14 : GPU/0
x3001c0s7b0n0:36075:39725 [2] NCCL INFO 15 : GPU/0
x3001c0s7b0n0:36075:39725 [2] NCCL INFO Pattern 3, crossNic 0, nChannels 16, bw 44.000000/44.000000, type LOC/PIX, sameChannels 1
x3001c0s7b0n0:36075:39725 [2] NCCL INFO  0 : GPU/0
x3001c0s7b0n0:36075:39725 [2] NCCL INFO  1 : GPU/0
x3001c0s7b0n0:36075:39725 [2] NCCL INFO  2 : GPU/0
x3001c0s7b0n0:36075:39725 [2] NCCL INFO  3 : GPU/0
x3001c0s7b0n0:36075:39725 [2] NCCL INFO  4 : GPU/0
x3001c0s7b0n0:36075:39725 [2] NCCL INFO  5 : GPU/0
x3001c0s7b0n0:36075:39725 [2] NCCL INFO  6 : GPU/0
x3001c0s7b0n0:36075:39725 [2] NCCL INFO  7 : GPU/0
x3001c0s7b0n0:36075:39725 [2] NCCL INFO  8 : GPU/0
x3001c0s7b0n0:36075:39725 [2] NCCL INFO  9 : GPU/0
x3001c0s7b0n0:36075:39725 [2] NCCL INFO 10 : GPU/0
x3001c0s7b0n0:36075:39725 [2] NCCL INFO 11 : GPU/0
x3001c0s7b0n0:36075:39725 [2] NCCL INFO 12 : GPU/0
x3001c0s7b0n0:36075:39725 [2] NCCL INFO 13 : GPU/0
x3001c0s7b0n0:36075:39725 [2] NCCL INFO 14 : GPU/0
x3001c0s7b0n0:36075:39725 [2] NCCL INFO 15 : GPU/0
x3001c0s7b0n0:36075:39725 [2] NCCL INFO Pattern 3, crossNic 0, nChannels 16, bw 44.000000/44.000000, type LOC/PIX, sameChannels 1
x3001c0s7b0n0:36075:39725 [2] NCCL INFO  0 : GPU/0
x3001c0s7b0n0:36075:39725 [2] NCCL INFO  1 : GPU/0
x3001c0s7b0n0:36075:39725 [2] NCCL INFO  2 : GPU/0
x3001c0s7b0n0:36075:39725 [2] NCCL INFO  3 : GPU/0
x3001c0s7b0n0:36075:39725 [2] NCCL INFO  4 : GPU/0
x3001c0s7b0n0:36075:39725 [2] NCCL INFO  5 : GPU/0
x3001c0s7b0n0:36075:39725 [2] NCCL INFO  6 : GPU/0
x3001c0s7b0n0:36075:39725 [2] NCCL INFO  7 : GPU/0
x3001c0s7b0n0:36075:39725 [2] NCCL INFO  8 : GPU/0
x3001c0s7b0n0:36075:39725 [2] NCCL INFO  9 : GPU/0
x3001c0s7b0n0:36075:39725 [2] NCCL INFO 10 : GPU/0
x3001c0s7b0n0:36075:39725 [2] NCCL INFO 11 : GPU/0
x3001c0s7b0n0:36075:39725 [2] NCCL INFO 12 : GPU/0
x3001c0s7b0n0:36075:39725 [2] NCCL INFO 13 : GPU/0
x3001c0s7b0n0:36075:39725 [2] NCCL INFO 14 : GPU/0
x3001c0s7b0n0:36075:39725 [2] NCCL INFO 15 : GPU/0
x3001c0s7b0n0:36075:39725 [2] NCCL INFO Tree 0 : -1 -> 0 -> -1/-1/-1
x3001c0s7b0n0:36075:39725 [2] NCCL INFO Tree 16 : -1 -> 0 -> -1/-1/-1
x3001c0s7b0n0:36075:39725 [2] NCCL INFO Tree 1 : -1 -> 0 -> -1/-1/-1
x3001c0s7b0n0:36075:39725 [2] NCCL INFO Tree 17 : -1 -> 0 -> -1/-1/-1
x3001c0s7b0n0:36075:39725 [2] NCCL INFO Tree 2 : -1 -> 0 -> -1/-1/-1
x3001c0s7b0n0:36075:39725 [2] NCCL INFO Tree 18 : -1 -> 0 -> -1/-1/-1
x3001c0s7b0n0:36075:39725 [2] NCCL INFO Tree 3 : -1 -> 0 -> -1/-1/-1
x3001c0s7b0n0:36075:39725 [2] NCCL INFO Tree 19 : -1 -> 0 -> -1/-1/-1
x3001c0s7b0n0:36075:39725 [2] NCCL INFO Tree 4 : -1 -> 0 -> -1/-1/-1
x3001c0s7b0n0:36075:39725 [2] NCCL INFO Tree 20 : -1 -> 0 -> -1/-1/-1
x3001c0s7b0n0:36075:39725 [2] NCCL INFO Tree 5 : -1 -> 0 -> -1/-1/-1
x3001c0s7b0n0:36075:39725 [2] NCCL INFO Tree 21 : -1 -> 0 -> -1/-1/-1
x3001c0s7b0n0:36075:39725 [2] NCCL INFO Tree 6 : -1 -> 0 -> -1/-1/-1
x3001c0s7b0n0:36075:39725 [2] NCCL INFO Tree 22 : -1 -> 0 -> -1/-1/-1
x3001c0s7b0n0:36075:39725 [2] NCCL INFO Tree 7 : -1 -> 0 -> -1/-1/-1
x3001c0s7b0n0:36075:39725 [2] NCCL INFO Tree 23 : -1 -> 0 -> -1/-1/-1
x3001c0s7b0n0:36075:39725 [2] NCCL INFO Tree 8 : -1 -> 0 -> -1/-1/-1
x3001c0s7b0n0:36075:39725 [2] NCCL INFO Tree 24 : -1 -> 0 -> -1/-1/-1
x3001c0s7b0n0:36075:39725 [2] NCCL INFO Tree 9 : -1 -> 0 -> -1/-1/-1
x3001c0s7b0n0:36075:39725 [2] NCCL INFO Tree 25 : -1 -> 0 -> -1/-1/-1
x3001c0s7b0n0:36075:39725 [2] NCCL INFO Tree 10 : -1 -> 0 -> -1/-1/-1
x3001c0s7b0n0:36075:39725 [2] NCCL INFO Tree 26 : -1 -> 0 -> -1/-1/-1
x3001c0s7b0n0:36075:39725 [2] NCCL INFO Tree 11 : -1 -> 0 -> -1/-1/-1
x3001c0s7b0n0:36075:39725 [2] NCCL INFO Tree 27 : -1 -> 0 -> -1/-1/-1
x3001c0s7b0n0:36075:39725 [2] NCCL INFO Tree 12 : -1 -> 0 -> -1/-1/-1
x3001c0s7b0n0:36075:39725 [2] NCCL INFO Tree 28 : -1 -> 0 -> -1/-1/-1
x3001c0s7b0n0:36075:39725 [2] NCCL INFO Tree 13 : -1 -> 0 -> -1/-1/-1
x3001c0s7b0n0:36075:39725 [2] NCCL INFO Tree 29 : -1 -> 0 -> -1/-1/-1
x3001c0s7b0n0:36075:39725 [2] NCCL INFO Tree 14 : -1 -> 0 -> -1/-1/-1
x3001c0s7b0n0:36075:39725 [2] NCCL INFO Tree 30 : -1 -> 0 -> -1/-1/-1
x3001c0s7b0n0:36075:39725 [2] NCCL INFO Tree 15 : -1 -> 0 -> -1/-1/-1
x3001c0s7b0n0:36075:39725 [2] NCCL INFO Tree 31 : -1 -> 0 -> -1/-1/-1
x3001c0s7b0n0:36075:39725 [2] NCCL INFO Channel 00/32 :    0
x3001c0s7b0n0:36075:39725 [2] NCCL INFO Channel 01/32 :    0
x3001c0s7b0n0:36075:39725 [2] NCCL INFO Channel 02/32 :    0
x3001c0s7b0n0:36075:39725 [2] NCCL INFO Channel 03/32 :    0
x3001c0s7b0n0:36075:39725 [2] NCCL INFO Channel 04/32 :    0
x3001c0s7b0n0:36075:39725 [2] NCCL INFO Channel 05/32 :    0
x3001c0s7b0n0:36075:39725 [2] NCCL INFO Channel 06/32 :    0
x3001c0s7b0n0:36075:39725 [2] NCCL INFO Channel 07/32 :    0
x3001c0s7b0n0:36075:39725 [2] NCCL INFO Channel 08/32 :    0
x3001c0s7b0n0:36075:39725 [2] NCCL INFO Channel 09/32 :    0
x3001c0s7b0n0:36075:39725 [2] NCCL INFO Channel 10/32 :    0
x3001c0s7b0n0:36075:39725 [2] NCCL INFO Channel 11/32 :    0
x3001c0s7b0n0:36075:39725 [2] NCCL INFO Channel 12/32 :    0
x3001c0s7b0n0:36075:39725 [2] NCCL INFO Channel 13/32 :    0
x3001c0s7b0n0:36075:39725 [2] NCCL INFO Channel 14/32 :    0
x3001c0s7b0n0:36075:39725 [2] NCCL INFO Channel 15/32 :    0
x3001c0s7b0n0:36075:39725 [2] NCCL INFO Channel 16/32 :    0
x3001c0s7b0n0:36075:39725 [2] NCCL INFO Channel 17/32 :    0
x3001c0s7b0n0:36075:39725 [2] NCCL INFO Channel 18/32 :    0
x3001c0s7b0n0:36075:39725 [2] NCCL INFO Channel 19/32 :    0
x3001c0s7b0n0:36075:39725 [2] NCCL INFO Channel 20/32 :    0
x3001c0s7b0n0:36075:39725 [2] NCCL INFO Channel 21/32 :    0
x3001c0s7b0n0:36075:39725 [2] NCCL INFO Channel 22/32 :    0
x3001c0s7b0n0:36075:39725 [2] NCCL INFO Channel 23/32 :    0
x3001c0s7b0n0:36075:39725 [2] NCCL INFO Channel 24/32 :    0
x3001c0s7b0n0:36075:39725 [2] NCCL INFO Channel 25/32 :    0
x3001c0s7b0n0:36075:39725 [2] NCCL INFO Channel 26/32 :    0
x3001c0s7b0n0:36075:39725 [2] NCCL INFO Channel 27/32 :    0
x3001c0s7b0n0:36075:39725 [2] NCCL INFO Channel 28/32 :    0
x3001c0s7b0n0:36075:39725 [2] NCCL INFO Channel 29/32 :    0
x3001c0s7b0n0:36075:39725 [2] NCCL INFO Channel 30/32 :    0
x3001c0s7b0n0:36075:39725 [2] NCCL INFO Channel 31/32 :    0
x3001c0s7b0n0:36075:39725 [2] NCCL INFO Ring 00 : 0 -> 0 -> 0
x3001c0s7b0n0:36075:39725 [2] NCCL INFO Ring 01 : 0 -> 0 -> 0
x3001c0s7b0n0:36075:39725 [2] NCCL INFO Ring 02 : 0 -> 0 -> 0
x3001c0s7b0n0:36075:39725 [2] NCCL INFO Ring 03 : 0 -> 0 -> 0
x3001c0s7b0n0:36075:39725 [2] NCCL INFO Ring 04 : 0 -> 0 -> 0
x3001c0s7b0n0:36075:39725 [2] NCCL INFO Ring 05 : 0 -> 0 -> 0
x3001c0s7b0n0:36075:39725 [2] NCCL INFO Ring 06 : 0 -> 0 -> 0
x3001c0s7b0n0:36075:39725 [2] NCCL INFO Ring 07 : 0 -> 0 -> 0
x3001c0s7b0n0:36075:39725 [2] NCCL INFO Ring 08 : 0 -> 0 -> 0
x3001c0s7b0n0:36075:39725 [2] NCCL INFO Ring 09 : 0 -> 0 -> 0
x3001c0s7b0n0:36075:39725 [2] NCCL INFO Ring 10 : 0 -> 0 -> 0
x3001c0s7b0n0:36075:39725 [2] NCCL INFO Ring 11 : 0 -> 0 -> 0
x3001c0s7b0n0:36075:39725 [2] NCCL INFO Ring 12 : 0 -> 0 -> 0
x3001c0s7b0n0:36075:39725 [2] NCCL INFO Ring 13 : 0 -> 0 -> 0
x3001c0s7b0n0:36075:39725 [2] NCCL INFO Ring 14 : 0 -> 0 -> 0
x3001c0s7b0n0:36075:39725 [2] NCCL INFO Ring 15 : 0 -> 0 -> 0
x3001c0s7b0n0:36075:39725 [2] NCCL INFO Ring 16 : 0 -> 0 -> 0
x3001c0s7b0n0:36075:39725 [2] NCCL INFO Ring 17 : 0 -> 0 -> 0
x3001c0s7b0n0:36075:39725 [2] NCCL INFO Ring 18 : 0 -> 0 -> 0
x3001c0s7b0n0:36075:39725 [2] NCCL INFO Ring 19 : 0 -> 0 -> 0
x3001c0s7b0n0:36075:39725 [2] NCCL INFO Ring 20 : 0 -> 0 -> 0
x3001c0s7b0n0:36075:39725 [2] NCCL INFO Ring 21 : 0 -> 0 -> 0
x3001c0s7b0n0:36075:39725 [2] NCCL INFO Ring 22 : 0 -> 0 -> 0
x3001c0s7b0n0:36075:39725 [2] NCCL INFO Ring 23 : 0 -> 0 -> 0
x3001c0s7b0n0:36075:39725 [2] NCCL INFO Ring 24 : 0 -> 0 -> 0
x3001c0s7b0n0:36075:39725 [2] NCCL INFO Ring 25 : 0 -> 0 -> 0
x3001c0s7b0n0:36075:39725 [2] NCCL INFO Ring 26 : 0 -> 0 -> 0
x3001c0s7b0n0:36075:39725 [2] NCCL INFO Ring 27 : 0 -> 0 -> 0
x3001c0s7b0n0:36075:39725 [2] NCCL INFO Ring 28 : 0 -> 0 -> 0
x3001c0s7b0n0:36075:39725 [2] NCCL INFO Ring 29 : 0 -> 0 -> 0
x3001c0s7b0n0:36075:39725 [2] NCCL INFO Ring 30 : 0 -> 0 -> 0
x3001c0s7b0n0:36075:39725 [2] NCCL INFO Ring 31 : 0 -> 0 -> 0
x3001c0s7b0n0:36075:39725 [2] NCCL INFO Trees [0] -1/-1/-1->0->-1 [1] -1/-1/-1->0->-1 [2] -1/-1/-1->0->-1 [3] -1/-1/-1->0->-1 [4] -1/-1/-1->0->-1 [5] -1/-1/-1->0->-1 [6] -1/-1/-1->0->-1 [7] -1/-1/-1->0->-1 [8] -1/-1/-1->0->-1 [9] -1/-1/-1->0->-1 [10] -1/-1/-1->0->-1 [11] -1/-1/-1->0->-1 [12] -1/-1/-1->0->-1 [13] -1/-1/-1->0->-1 [14] -1/-1/-1->0->-1 [15] -1/-1/-1->0->-1 [16] -1/-1/-1->0->-1 [17] -1/-1/-1->0->-1 [18] -1/-1/-1->0->-1 [19] -1/-1/-1->0->-1 [20] -1/-1/-1->0->-1 [21] -1/-1/-1->0->-1 [22] -1/-1/-1->0->-1 [23] -1/-1/-1->0->-1 [24] -1/-1/-1->0->-1 [25] -1/-1/-1->0->-1 [26] -1/-1/-1->0->-1 [27] -1/-1/-1->0->-1 [28] -1/-1/-1->0->-1 [29] -1/-1/-1->0->-1 [30] -1/-1/-1->0->-1 [31] -1/-1/-1->0->-1
x3001c0s7b0n0:36075:39725 [2] NCCL INFO misc/utils.cc:235 memory stack hunk malloc(65536)
x3001c0s7b0n0:36075:39725 [2] NCCL INFO channel.cc:23 Cuda Alloc Size 768 pointer 0x14cab5813c00
x3001c0s7b0n0:36075:39725 [2] NCCL INFO channel.cc:27 Cuda Alloc Size 4 pointer 0x14cab5814000
x3001c0s7b0n0:36075:39725 [2] NCCL INFO channel.cc:23 Cuda Alloc Size 768 pointer 0x14cab5814200
x3001c0s7b0n0:36075:39725 [2] NCCL INFO channel.cc:27 Cuda Alloc Size 4 pointer 0x14cab5814600
x3001c0s7b0n0:36075:39725 [2] NCCL INFO channel.cc:23 Cuda Alloc Size 768 pointer 0x14cab5814800
x3001c0s7b0n0:36075:39725 [2] NCCL INFO channel.cc:27 Cuda Alloc Size 4 pointer 0x14cab5814c00
x3001c0s7b0n0:36075:39725 [2] NCCL INFO channel.cc:23 Cuda Alloc Size 768 pointer 0x14cab5814e00
x3001c0s7b0n0:36075:39725 [2] NCCL INFO channel.cc:27 Cuda Alloc Size 4 pointer 0x14cab5815200
x3001c0s7b0n0:36075:39725 [2] NCCL INFO channel.cc:23 Cuda Alloc Size 768 pointer 0x14cab5815400
x3001c0s7b0n0:36075:39725 [2] NCCL INFO channel.cc:27 Cuda Alloc Size 4 pointer 0x14cab5815800
x3001c0s7b0n0:36075:39725 [2] NCCL INFO channel.cc:23 Cuda Alloc Size 768 pointer 0x14cab5815a00
x3001c0s7b0n0:36075:39725 [2] NCCL INFO channel.cc:27 Cuda Alloc Size 4 pointer 0x14cab5815e00
x3001c0s7b0n0:36075:39725 [2] NCCL INFO channel.cc:23 Cuda Alloc Size 768 pointer 0x14cab5816000
x3001c0s7b0n0:36075:39725 [2] NCCL INFO channel.cc:27 Cuda Alloc Size 4 pointer 0x14cab5816400
x3001c0s7b0n0:36075:39725 [2] NCCL INFO channel.cc:23 Cuda Alloc Size 768 pointer 0x14cab5816600
x3001c0s7b0n0:36075:39725 [2] NCCL INFO channel.cc:27 Cuda Alloc Size 4 pointer 0x14cab5816a00
x3001c0s7b0n0:36075:39725 [2] NCCL INFO channel.cc:23 Cuda Alloc Size 768 pointer 0x14cab5816c00
x3001c0s7b0n0:36075:39725 [2] NCCL INFO channel.cc:27 Cuda Alloc Size 4 pointer 0x14cab5817000
x3001c0s7b0n0:36075:39725 [2] NCCL INFO channel.cc:23 Cuda Alloc Size 768 pointer 0x14cab5817200
x3001c0s7b0n0:36075:39725 [2] NCCL INFO channel.cc:27 Cuda Alloc Size 4 pointer 0x14cab5817600
x3001c0s7b0n0:36075:39725 [2] NCCL INFO channel.cc:23 Cuda Alloc Size 768 pointer 0x14cab5817800
x3001c0s7b0n0:36075:39725 [2] NCCL INFO channel.cc:27 Cuda Alloc Size 4 pointer 0x14cab5817c00
x3001c0s7b0n0:36075:39725 [2] NCCL INFO channel.cc:23 Cuda Alloc Size 768 pointer 0x14cab5817e00
x3001c0s7b0n0:36075:39725 [2] NCCL INFO channel.cc:27 Cuda Alloc Size 4 pointer 0x14cab5818200
x3001c0s7b0n0:36075:39725 [2] NCCL INFO channel.cc:23 Cuda Alloc Size 768 pointer 0x14cab5818400
x3001c0s7b0n0:36075:39725 [2] NCCL INFO channel.cc:27 Cuda Alloc Size 4 pointer 0x14cab5818800
x3001c0s7b0n0:36075:39725 [2] NCCL INFO channel.cc:23 Cuda Alloc Size 768 pointer 0x14cab5818a00
x3001c0s7b0n0:36075:39725 [2] NCCL INFO channel.cc:27 Cuda Alloc Size 4 pointer 0x14cab5818e00
x3001c0s7b0n0:36075:39725 [2] NCCL INFO channel.cc:23 Cuda Alloc Size 768 pointer 0x14cab5819000
x3001c0s7b0n0:36075:39725 [2] NCCL INFO channel.cc:27 Cuda Alloc Size 4 pointer 0x14cab5819400
x3001c0s7b0n0:36075:39725 [2] NCCL INFO channel.cc:23 Cuda Alloc Size 768 pointer 0x14cab5819600
x3001c0s7b0n0:36075:39725 [2] NCCL INFO channel.cc:27 Cuda Alloc Size 4 pointer 0x14cab5819a00
x3001c0s7b0n0:36075:39725 [2] NCCL INFO channel.cc:23 Cuda Alloc Size 768 pointer 0x14cab5819c00
x3001c0s7b0n0:36075:39725 [2] NCCL INFO channel.cc:27 Cuda Alloc Size 4 pointer 0x14cab581a000
x3001c0s7b0n0:36075:39725 [2] NCCL INFO channel.cc:23 Cuda Alloc Size 768 pointer 0x14cab581a200
x3001c0s7b0n0:36075:39725 [2] NCCL INFO channel.cc:27 Cuda Alloc Size 4 pointer 0x14cab581a600
x3001c0s7b0n0:36075:39725 [2] NCCL INFO channel.cc:23 Cuda Alloc Size 768 pointer 0x14cab581a800
x3001c0s7b0n0:36075:39725 [2] NCCL INFO channel.cc:27 Cuda Alloc Size 4 pointer 0x14cab581ac00
x3001c0s7b0n0:36075:39725 [2] NCCL INFO channel.cc:23 Cuda Alloc Size 768 pointer 0x14cab581ae00
x3001c0s7b0n0:36075:39725 [2] NCCL INFO channel.cc:27 Cuda Alloc Size 4 pointer 0x14cab581b200
x3001c0s7b0n0:36075:39725 [2] NCCL INFO channel.cc:23 Cuda Alloc Size 768 pointer 0x14cab581b400
x3001c0s7b0n0:36075:39725 [2] NCCL INFO channel.cc:27 Cuda Alloc Size 4 pointer 0x14cab581b800
x3001c0s7b0n0:36075:39725 [2] NCCL INFO channel.cc:23 Cuda Alloc Size 768 pointer 0x14cab581ba00
x3001c0s7b0n0:36075:39725 [2] NCCL INFO channel.cc:27 Cuda Alloc Size 4 pointer 0x14cab581be00
x3001c0s7b0n0:36075:39725 [2] NCCL INFO channel.cc:23 Cuda Alloc Size 768 pointer 0x14cab581c000
x3001c0s7b0n0:36075:39725 [2] NCCL INFO channel.cc:27 Cuda Alloc Size 4 pointer 0x14cab581c400
x3001c0s7b0n0:36075:39725 [2] NCCL INFO channel.cc:23 Cuda Alloc Size 768 pointer 0x14cab581c600
x3001c0s7b0n0:36075:39725 [2] NCCL INFO channel.cc:27 Cuda Alloc Size 4 pointer 0x14cab581ca00
x3001c0s7b0n0:36075:39725 [2] NCCL INFO channel.cc:23 Cuda Alloc Size 768 pointer 0x14cab581cc00
x3001c0s7b0n0:36075:39725 [2] NCCL INFO channel.cc:27 Cuda Alloc Size 4 pointer 0x14cab581d000
x3001c0s7b0n0:36075:39725 [2] NCCL INFO channel.cc:23 Cuda Alloc Size 768 pointer 0x14cab581d200
x3001c0s7b0n0:36075:39725 [2] NCCL INFO channel.cc:27 Cuda Alloc Size 4 pointer 0x14cab581d600
x3001c0s7b0n0:36075:39725 [2] NCCL INFO channel.cc:23 Cuda Alloc Size 768 pointer 0x14cab581d800
x3001c0s7b0n0:36075:39725 [2] NCCL INFO channel.cc:27 Cuda Alloc Size 4 pointer 0x14cab581dc00
x3001c0s7b0n0:36075:39725 [2] NCCL INFO channel.cc:23 Cuda Alloc Size 768 pointer 0x14cab581de00
x3001c0s7b0n0:36075:39725 [2] NCCL INFO channel.cc:27 Cuda Alloc Size 4 pointer 0x14cab581e200
x3001c0s7b0n0:36075:39725 [2] NCCL INFO channel.cc:23 Cuda Alloc Size 768 pointer 0x14cab581e400
x3001c0s7b0n0:36075:39725 [2] NCCL INFO channel.cc:27 Cuda Alloc Size 4 pointer 0x14cab581e800
x3001c0s7b0n0:36075:39725 [2] NCCL INFO channel.cc:23 Cuda Alloc Size 768 pointer 0x14cab581ea00
x3001c0s7b0n0:36075:39725 [2] NCCL INFO channel.cc:27 Cuda Alloc Size 4 pointer 0x14cab581ee00
x3001c0s7b0n0:36075:39725 [2] NCCL INFO channel.cc:23 Cuda Alloc Size 768 pointer 0x14cab581f000
x3001c0s7b0n0:36075:39725 [2] NCCL INFO channel.cc:27 Cuda Alloc Size 4 pointer 0x14cab581f400
x3001c0s7b0n0:36075:39725 [2] NCCL INFO channel.cc:23 Cuda Alloc Size 768 pointer 0x14cab581f600
x3001c0s7b0n0:36075:39725 [2] NCCL INFO channel.cc:27 Cuda Alloc Size 4 pointer 0x14cab581fa00

[LYD INFO in NCCL_KERN_NAME (common.h)] 18 AllReduce TREE LL Sum int64_t Elapsed time: 489116 us
x3001c0s7b0n0:36075:39725 [2] NCCL INFO Connected all rings
x3001c0s7b0n0:36075:39725 [2] NCCL INFO Connected all trees by HAO
x3001c0s7b0n0:36075:39725 [2] NCCL INFO 32 coll channels, 32 p2p channels, 32 p2p channels per peer

[LYD INFO in NCCL_KERN_NAME (common.h)] 19 AllReduce TREE LL Sum int64_t Elapsed time: 454123 us

[LYD INFO in NCCL_KERN_NAME (common.h)] 17 AllReduce TREE LL Sum int64_t Elapsed time: 440074 us

[LYD INFO in NCCL_KERN_NAME (common.h)] 16 AllReduce TREE LL Sum int64_t Elapsed time: 396746 us
x3001c0s7b0n0:36075:39848 [2] NCCL INFO Mem Realloc old size 0, new size 8 pointer 0x14c870000c60
x3001c0s7b0n0:36075:39848 [2] NCCL INFO Allocated 4194656 bytes of shared memory in /dev/shm/nccl-jBgAF3

x3001c0s7b0n0:36075:39848 [2] NCCL INFO New proxy send connection 0 from local rank 0, transport 2
x3001c0s7b0n0:36065:39735 [0] NCCL INFO NET/IB : GPU Direct RDMA Enabled for HCA 0 'mlx5_0'
x3001c0s7b0n0:36065:39735 [0] NCCL INFO NET/IB : GPU Direct RDMA Enabled for HCA 1 'mlx5_1'
x3001c0s7b0n0:36065:39735 [0] NCCL INFO GPU Direct RDMA Disabled for GPU 7000 / HCA 0 (distance 7 > 4)
x3001c0s7b0n0:36065:39735 [0] NCCL INFO GPU Direct RDMA Disabled for GPU 7000 / HCA 1 (distance 7 > 4)
x3001c0s7b0n0:36065:39735 [0] NCCL INFO === System : maxBw 5000.0 totalBw 0.0 ===
x3001c0s7b0n0:36065:39735 [0] NCCL INFO CPU/3 (1/2/-1)
x3001c0s7b0n0:36065:39735 [0] NCCL INFO + SYS[5000.0] - CPU/0
x3001c0s7b0n0:36065:39735 [0] NCCL INFO + SYS[5000.0] - CPU/2
x3001c0s7b0n0:36065:39735 [0] NCCL INFO + PCI[24.0] - PCI/5000 (11f8406811f8beef)
x3001c0s7b0n0:36065:39735 [0] NCCL INFO               + PCI[24.0] - GPU/7000 (0)
x3001c0s7b0n0:36065:39735 [0] NCCL INFO CPU/0 (1/2/-1)
x3001c0s7b0n0:36065:39735 [0] NCCL INFO + SYS[5000.0] - CPU/3
x3001c0s7b0n0:36065:39735 [0] NCCL INFO + SYS[5000.0] - CPU/2
x3001c0s7b0n0:36065:39735 [0] NCCL INFO + PCI[12.0] - NIC/C8000
x3001c0s7b0n0:36065:39735 [0] NCCL INFO CPU/2 (1/2/-1)
x3001c0s7b0n0:36065:39735 [0] NCCL INFO + SYS[5000.0] - CPU/3
x3001c0s7b0n0:36065:39735 [0] NCCL INFO + SYS[5000.0] - CPU/0
x3001c0s7b0n0:36065:39735 [0] NCCL INFO + PCI[12.0] - NIC/43000
x3001c0s7b0n0:36065:39735 [0] NCCL INFO ==========================================
x3001c0s7b0n0:36065:39735 [0] NCCL INFO GPU/7000 :GPU/7000 (0/5000.000000/LOC) CPU/3 (2/24.000000/PHB) CPU/0 (3/24.000000/SYS) CPU/2 (3/24.000000/SYS) 
x3001c0s7b0n0:36065:39735 [0] NCCL INFO Pattern 4, crossNic 0, nChannels 16, bw 44.000000/44.000000, type LOC/PIX, sameChannels 1
x3001c0s7b0n0:36065:39735 [0] NCCL INFO  0 : GPU/0
x3001c0s7b0n0:36065:39735 [0] NCCL INFO  1 : GPU/0
x3001c0s7b0n0:36065:39735 [0] NCCL INFO  2 : GPU/0
x3001c0s7b0n0:36065:39735 [0] NCCL INFO  3 : GPU/0
x3001c0s7b0n0:36065:39735 [0] NCCL INFO  4 : GPU/0
x3001c0s7b0n0:36065:39735 [0] NCCL INFO  5 : GPU/0
x3001c0s7b0n0:36065:39735 [0] NCCL INFO  6 : GPU/0
x3001c0s7b0n0:36065:39735 [0] NCCL INFO  7 : GPU/0
x3001c0s7b0n0:36065:39735 [0] NCCL INFO  8 : GPU/0
x3001c0s7b0n0:36065:39735 [0] NCCL INFO  9 : GPU/0
x3001c0s7b0n0:36065:39735 [0] NCCL INFO 10 : GPU/0
x3001c0s7b0n0:36065:39735 [0] NCCL INFO 11 : GPU/0
x3001c0s7b0n0:36065:39735 [0] NCCL INFO 12 : GPU/0
x3001c0s7b0n0:36065:39735 [0] NCCL INFO 13 : GPU/0
x3001c0s7b0n0:36065:39735 [0] NCCL INFO 14 : GPU/0
x3001c0s7b0n0:36065:39735 [0] NCCL INFO 15 : GPU/0
x3001c0s7b0n0:36065:39735 [0] NCCL INFO Pattern 3, crossNic 0, nChannels 16, bw 44.000000/44.000000, type LOC/PIX, sameChannels 1
x3001c0s7b0n0:36065:39735 [0] NCCL INFO  0 : GPU/0
x3001c0s7b0n0:36065:39735 [0] NCCL INFO  1 : GPU/0
x3001c0s7b0n0:36065:39735 [0] NCCL INFO  2 : GPU/0
x3001c0s7b0n0:36065:39735 [0] NCCL INFO  3 : GPU/0
x3001c0s7b0n0:36065:39735 [0] NCCL INFO  4 : GPU/0
x3001c0s7b0n0:36065:39735 [0] NCCL INFO  5 : GPU/0
x3001c0s7b0n0:36065:39735 [0] NCCL INFO  6 : GPU/0
x3001c0s7b0n0:36065:39735 [0] NCCL INFO  7 : GPU/0
x3001c0s7b0n0:36065:39735 [0] NCCL INFO  8 : GPU/0
x3001c0s7b0n0:36065:39735 [0] NCCL INFO  9 : GPU/0
x3001c0s7b0n0:36065:39735 [0] NCCL INFO 10 : GPU/0
x3001c0s7b0n0:36065:39735 [0] NCCL INFO 11 : GPU/0
x3001c0s7b0n0:36065:39735 [0] NCCL INFO 12 : GPU/0
x3001c0s7b0n0:36065:39735 [0] NCCL INFO 13 : GPU/0
x3001c0s7b0n0:36065:39735 [0] NCCL INFO 14 : GPU/0
x3001c0s7b0n0:36065:39735 [0] NCCL INFO 15 : GPU/0
x3001c0s7b0n0:36065:39735 [0] NCCL INFO Pattern 3, crossNic 0, nChannels 16, bw 44.000000/44.000000, type LOC/PIX, sameChannels 1
x3001c0s7b0n0:36065:39735 [0] NCCL INFO  0 : GPU/0
x3001c0s7b0n0:36065:39735 [0] NCCL INFO  1 : GPU/0
x3001c0s7b0n0:36065:39735 [0] NCCL INFO  2 : GPU/0
x3001c0s7b0n0:36065:39735 [0] NCCL INFO  3 : GPU/0
x3001c0s7b0n0:36065:39735 [0] NCCL INFO  4 : GPU/0
x3001c0s7b0n0:36065:39735 [0] NCCL INFO  5 : GPU/0
x3001c0s7b0n0:36065:39735 [0] NCCL INFO  6 : GPU/0
x3001c0s7b0n0:36065:39735 [0] NCCL INFO  7 : GPU/0
x3001c0s7b0n0:36065:39735 [0] NCCL INFO  8 : GPU/0
x3001c0s7b0n0:36065:39735 [0] NCCL INFO  9 : GPU/0
x3001c0s7b0n0:36065:39735 [0] NCCL INFO 10 : GPU/0
x3001c0s7b0n0:36065:39735 [0] NCCL INFO 11 : GPU/0
x3001c0s7b0n0:36065:39735 [0] NCCL INFO 12 : GPU/0
x3001c0s7b0n0:36065:39735 [0] NCCL INFO 13 : GPU/0
x3001c0s7b0n0:36065:39735 [0] NCCL INFO 14 : GPU/0
x3001c0s7b0n0:36065:39735 [0] NCCL INFO 15 : GPU/0
x3001c0s7b0n0:36065:39735 [0] NCCL INFO Tree 0 : -1 -> 0 -> -1/-1/-1
x3001c0s7b0n0:36065:39735 [0] NCCL INFO Tree 16 : -1 -> 0 -> -1/-1/-1
x3001c0s7b0n0:36065:39735 [0] NCCL INFO Tree 1 : -1 -> 0 -> -1/-1/-1
x3001c0s7b0n0:36065:39735 [0] NCCL INFO Tree 17 : -1 -> 0 -> -1/-1/-1
x3001c0s7b0n0:36065:39735 [0] NCCL INFO Tree 2 : -1 -> 0 -> -1/-1/-1
x3001c0s7b0n0:36065:39735 [0] NCCL INFO Tree 18 : -1 -> 0 -> -1/-1/-1
x3001c0s7b0n0:36065:39735 [0] NCCL INFO Tree 3 : -1 -> 0 -> -1/-1/-1
x3001c0s7b0n0:36065:39735 [0] NCCL INFO Tree 19 : -1 -> 0 -> -1/-1/-1
x3001c0s7b0n0:36065:39735 [0] NCCL INFO Tree 4 : -1 -> 0 -> -1/-1/-1
x3001c0s7b0n0:36065:39735 [0] NCCL INFO Tree 20 : -1 -> 0 -> -1/-1/-1
x3001c0s7b0n0:36065:39735 [0] NCCL INFO Tree 5 : -1 -> 0 -> -1/-1/-1
x3001c0s7b0n0:36065:39735 [0] NCCL INFO Tree 21 : -1 -> 0 -> -1/-1/-1
x3001c0s7b0n0:36065:39735 [0] NCCL INFO Tree 6 : -1 -> 0 -> -1/-1/-1
x3001c0s7b0n0:36065:39735 [0] NCCL INFO Tree 22 : -1 -> 0 -> -1/-1/-1
x3001c0s7b0n0:36065:39735 [0] NCCL INFO Tree 7 : -1 -> 0 -> -1/-1/-1
x3001c0s7b0n0:36065:39735 [0] NCCL INFO Tree 23 : -1 -> 0 -> -1/-1/-1
x3001c0s7b0n0:36065:39735 [0] NCCL INFO Tree 8 : -1 -> 0 -> -1/-1/-1
x3001c0s7b0n0:36065:39735 [0] NCCL INFO Tree 24 : -1 -> 0 -> -1/-1/-1
x3001c0s7b0n0:36065:39735 [0] NCCL INFO Tree 9 : -1 -> 0 -> -1/-1/-1
x3001c0s7b0n0:36065:39735 [0] NCCL INFO Tree 25 : -1 -> 0 -> -1/-1/-1
x3001c0s7b0n0:36065:39735 [0] NCCL INFO Tree 10 : -1 -> 0 -> -1/-1/-1
x3001c0s7b0n0:36065:39735 [0] NCCL INFO Tree 26 : -1 -> 0 -> -1/-1/-1
x3001c0s7b0n0:36065:39735 [0] NCCL INFO Tree 11 : -1 -> 0 -> -1/-1/-1
x3001c0s7b0n0:36065:39735 [0] NCCL INFO Tree 27 : -1 -> 0 -> -1/-1/-1
x3001c0s7b0n0:36065:39735 [0] NCCL INFO Tree 12 : -1 -> 0 -> -1/-1/-1
x3001c0s7b0n0:36065:39735 [0] NCCL INFO Tree 28 : -1 -> 0 -> -1/-1/-1
x3001c0s7b0n0:36065:39735 [0] NCCL INFO Tree 13 : -1 -> 0 -> -1/-1/-1
x3001c0s7b0n0:36065:39735 [0] NCCL INFO Tree 29 : -1 -> 0 -> -1/-1/-1
x3001c0s7b0n0:36065:39735 [0] NCCL INFO Tree 14 : -1 -> 0 -> -1/-1/-1
x3001c0s7b0n0:36065:39735 [0] NCCL INFO Tree 30 : -1 -> 0 -> -1/-1/-1
x3001c0s7b0n0:36065:39735 [0] NCCL INFO Tree 15 : -1 -> 0 -> -1/-1/-1
x3001c0s7b0n0:36065:39735 [0] NCCL INFO Tree 31 : -1 -> 0 -> -1/-1/-1
x3001c0s7b0n0:36065:39735 [0] NCCL INFO Channel 00/32 :    0
x3001c0s7b0n0:36065:39735 [0] NCCL INFO Channel 01/32 :    0
x3001c0s7b0n0:36065:39735 [0] NCCL INFO Channel 02/32 :    0
x3001c0s7b0n0:36065:39735 [0] NCCL INFO Channel 03/32 :    0
x3001c0s7b0n0:36065:39735 [0] NCCL INFO Channel 04/32 :    0
x3001c0s7b0n0:36065:39735 [0] NCCL INFO Channel 05/32 :    0
x3001c0s7b0n0:36065:39735 [0] NCCL INFO Channel 06/32 :    0
x3001c0s7b0n0:36065:39735 [0] NCCL INFO Channel 07/32 :    0
x3001c0s7b0n0:36065:39735 [0] NCCL INFO Channel 08/32 :    0
x3001c0s7b0n0:36065:39735 [0] NCCL INFO Channel 09/32 :    0
x3001c0s7b0n0:36065:39735 [0] NCCL INFO Channel 10/32 :    0
x3001c0s7b0n0:36065:39735 [0] NCCL INFO Channel 11/32 :    0
x3001c0s7b0n0:36065:39735 [0] NCCL INFO Channel 12/32 :    0
x3001c0s7b0n0:36065:39735 [0] NCCL INFO Channel 13/32 :    0
x3001c0s7b0n0:36065:39735 [0] NCCL INFO Channel 14/32 :    0
x3001c0s7b0n0:36065:39735 [0] NCCL INFO Channel 15/32 :    0
x3001c0s7b0n0:36065:39735 [0] NCCL INFO Channel 16/32 :    0
x3001c0s7b0n0:36065:39735 [0] NCCL INFO Channel 17/32 :    0
x3001c0s7b0n0:36065:39735 [0] NCCL INFO Channel 18/32 :    0
x3001c0s7b0n0:36065:39735 [0] NCCL INFO Channel 19/32 :    0
x3001c0s7b0n0:36065:39735 [0] NCCL INFO Channel 20/32 :    0
x3001c0s7b0n0:36065:39735 [0] NCCL INFO Channel 21/32 :    0
x3001c0s7b0n0:36065:39735 [0] NCCL INFO Channel 22/32 :    0
x3001c0s7b0n0:36065:39735 [0] NCCL INFO Channel 23/32 :    0
x3001c0s7b0n0:36065:39735 [0] NCCL INFO Channel 24/32 :    0
x3001c0s7b0n0:36065:39735 [0] NCCL INFO Channel 25/32 :    0
